Done; will start GCs... 
[163.911s][info][gc,metaspace] GC(44) Metaspace: 174901K(202240K)->174901K(202240K) NonClass: 138249K(149888K)->138249K(149888K) Class: 36652K(52352K)->36652K(52352K)
[163.911s][info][gc          ] GC(44) Pause Full (System.gc()) 1499M->1351M(6144M) 1147.325ms
[165.017s][info][gc,metaspace] GC(45) Metaspace: 174901K(202240K)->174901K(202240K) NonClass: 138249K(149888K)->138249K(149888K) Class: 36652K(52352K)->36652K(52352K)
[165.017s][info][gc          ] GC(45) Pause Full (System.gc()) 1351M->1351M(6144M) 1105.437ms
[165.940s][info][gc,metaspace] GC(46) Metaspace: 174901K(202240K)->174901K(202240K) NonClass: 138249K(149888K)->138249K(149888K) Class: 36652K(52352K)->36652K(52352K)
[165.940s][info][gc          ] GC(46) Pause Full (System.gc()) 1351M->1351M(6144M) 923.641ms
[166.895s][info][gc,metaspace] GC(47) Metaspace: 174901K(202240K)->174901K(202240K) NonClass: 138249K(149888K)->138249K(149888K) Class: 36652K(52352K)->36652K(52352K)
[166.895s][info][gc          ] GC(47) Pause Full (System.gc()) 1351M->1351M(6144M) 954.433ms
[167.866s][info][gc,metaspace] GC(48) Metaspace: 174901K(202240K)->174901K(202240K) NonClass: 138249K(149888K)->138249K(149888K) Class: 36652K(52352K)->36652K(52352K)
[167.866s][info][gc          ] GC(48) Pause Full (System.gc()) 1351M->1351M(6144M) 971.574ms
[168.822s][info][gc,metaspace] GC(49) Metaspace: 174901K(202240K)->174901K(202240K) NonClass: 138249K(149888K)->138249K(149888K) Class: 36652K(52352K)->36652K(52352K)
[168.822s][info][gc          ] GC(49) Pause Full (System.gc()) 1351M->1351M(6144M) 951.631ms
[169.783s][info][gc,metaspace] GC(50) Metaspace: 174901K(202240K)->174901K(202240K) NonClass: 138249K(149888K)->138249K(149888K) Class: 36652K(52352K)->36652K(52352K)
[169.783s][info][gc          ] GC(50) Pause Full (System.gc()) 1351M->1351M(6144M) 960.206ms
[170.738s][info][gc,metaspace] GC(51) Metaspace: 174901K(202240K)->174901K(202240K) NonClass: 138249K(149888K)->138249K(149888K) Class: 36652K(52352K)->36652K(52352K)
[170.738s][info][gc          ] GC(51) Pause Full (System.gc()) 1351M->1351M(6144M) 955.237ms
[171.670s][info][gc,metaspace] GC(52) Metaspace: 174901K(202240K)->174901K(202240K) NonClass: 138249K(149888K)->138249K(149888K) Class: 36652K(52352K)->36652K(52352K)
[171.670s][info][gc          ] GC(52) Pause Full (System.gc()) 1351M->1351M(6144M) 932.062ms
[172.593s][info][gc,metaspace] GC(53) Metaspace: 174901K(202240K)->174901K(202240K) NonClass: 138249K(149888K)->138249K(149888K) Class: 36652K(52352K)->36652K(52352K)
[172.593s][info][gc          ] GC(53) Pause Full (System.gc()) 1351M->1351M(6144M) 922.754ms
[173.537s][info][gc,metaspace] GC(54) Metaspace: 174901K(202240K)->174901K(202240K) NonClass: 138249K(149888K)->138249K(149888K) Class: 36652K(52352K)->36652K(52352K)
[173.537s][info][gc          ] GC(54) Pause Full (System.gc()) 1351M->1351M(6144M) 943.953ms
[174.472s][info][gc,metaspace] GC(55) Metaspace: 174901K(202240K)->174901K(202240K) NonClass: 138249K(149888K)->138249K(149888K) Class: 36652K(52352K)->36652K(52352K)
[174.472s][info][gc          ] GC(55) Pause Full (System.gc()) 1351M->1351M(6144M) 934.873ms
[175.449s][info][gc,metaspace] GC(56) Metaspace: 174901K(202240K)->174901K(202240K) NonClass: 138249K(149888K)->138249K(149888K) Class: 36652K(52352K)->36652K(52352K)
[175.449s][info][gc          ] GC(56) Pause Full (System.gc()) 1351M->1351M(6144M) 977.197ms
[176.410s][info][gc,metaspace] GC(57) Metaspace: 174901K(202240K)->174901K(202240K) NonClass: 138249K(149888K)->138249K(149888K) Class: 36652K(52352K)->36652K(52352K)
[176.410s][info][gc          ] GC(57) Pause Full (System.gc()) 1351M->1351M(6144M) 960.700ms
[177.390s][info][gc,metaspace] GC(58) Metaspace: 174901K(202240K)->174901K(202240K) NonClass: 138249K(149888K)->138249K(149888K) Class: 36652K(52352K)->36652K(52352K)
[177.390s][info][gc          ] GC(58) Pause Full (System.gc()) 1351M->1351M(6144M) 979.857ms
[178.330s][info][gc,metaspace] GC(59) Metaspace: 174901K(202240K)->174901K(202240K) NonClass: 138249K(149888K)->138249K(149888K) Class: 36652K(52352K)->36652K(52352K)
[178.330s][info][gc          ] GC(59) Pause Full (System.gc()) 1351M->1351M(6144M) 939.679ms
[179.261s][info][gc,metaspace] GC(60) Metaspace: 174901K(202240K)->174901K(202240K) NonClass: 138249K(149888K)->138249K(149888K) Class: 36652K(52352K)->36652K(52352K)
[179.261s][info][gc          ] GC(60) Pause Full (System.gc()) 1351M->1351M(6144M) 931.226ms
[180.197s][info][gc,metaspace] GC(61) Metaspace: 174901K(202240K)->174901K(202240K) NonClass: 138249K(149888K)->138249K(149888K) Class: 36652K(52352K)->36652K(52352K)
[180.197s][info][gc          ] GC(61) Pause Full (System.gc()) 1351M->1351M(6144M) 931.600ms
[181.153s][info][gc,metaspace] GC(62) Metaspace: 174901K(202240K)->174901K(202240K) NonClass: 138249K(149888K)->138249K(149888K) Class: 36652K(52352K)->36652K(52352K)
[181.153s][info][gc          ] GC(62) Pause Full (System.gc()) 1351M->1351M(6144M) 955.892ms
[182.109s][info][gc,metaspace] GC(63) Metaspace: 174901K(202240K)->174901K(202240K) NonClass: 138249K(149888K)->138249K(149888K) Class: 36652K(52352K)->36652K(52352K)
[182.110s][info][gc          ] GC(63) Pause Full (System.gc()) 1351M->1351M(6144M) 956.459ms
[183.096s][info][gc,metaspace] GC(64) Metaspace: 174901K(202240K)->174901K(202240K) NonClass: 138249K(149888K)->138249K(149888K) Class: 36652K(52352K)->36652K(52352K)
[183.096s][info][gc          ] GC(64) Pause Full (System.gc()) 1351M->1351M(6144M) 986.694ms
[184.121s][info][gc,metaspace] GC(65) Metaspace: 174901K(202240K)->174901K(202240K) NonClass: 138249K(149888K)->138249K(149888K) Class: 36652K(52352K)->36652K(52352K)
[184.121s][info][gc          ] GC(65) Pause Full (System.gc()) 1352M->1351M(6144M) 1024.760ms
[185.091s][info][gc,metaspace] GC(66) Metaspace: 174901K(202240K)->174901K(202240K) NonClass: 138249K(149888K)->138249K(149888K) Class: 36652K(52352K)->36652K(52352K)
[185.091s][info][gc          ] GC(66) Pause Full (System.gc()) 1351M->1351M(6144M) 969.491ms
[186.047s][info][gc,metaspace] GC(67) Metaspace: 174901K(202240K)->174901K(202240K) NonClass: 138249K(149888K)->138249K(149888K) Class: 36652K(52352K)->36652K(52352K)
[186.048s][info][gc          ] GC(67) Pause Full (System.gc()) 1351M->1351M(6144M) 956.647ms
[186.979s][info][gc,metaspace] GC(68) Metaspace: 174901K(202240K)->174901K(202240K) NonClass: 138249K(149888K)->138249K(149888K) Class: 36652K(52352K)->36652K(52352K)
[186.979s][info][gc          ] GC(68) Pause Full (System.gc()) 1351M->1351M(6144M) 931.555ms
[187.924s][info][gc,metaspace] GC(69) Metaspace: 174901K(202240K)->174901K(202240K) NonClass: 138249K(149888K)->138249K(149888K) Class: 36652K(52352K)->36652K(52352K)
[187.924s][info][gc          ] GC(69) Pause Full (System.gc()) 1351M->1351M(6144M) 944.417ms
[188.920s][info][gc,metaspace] GC(70) Metaspace: 174901K(202240K)->174901K(202240K) NonClass: 138249K(149888K)->138249K(149888K) Class: 36652K(52352K)->36652K(52352K)
[188.920s][info][gc          ] GC(70) Pause Full (System.gc()) 1351M->1351M(6144M) 996.536ms
[189.900s][info][gc,metaspace] GC(71) Metaspace: 174901K(202240K)->174901K(202240K) NonClass: 138249K(149888K)->138249K(149888K) Class: 36652K(52352K)->36652K(52352K)
[189.900s][info][gc          ] GC(71) Pause Full (System.gc()) 1351M->1351M(6144M) 979.484ms
[190.885s][info][gc,metaspace] GC(72) Metaspace: 174901K(202240K)->174901K(202240K) NonClass: 138249K(149888K)->138249K(149888K) Class: 36652K(52352K)->36652K(52352K)
[190.885s][info][gc          ] GC(72) Pause Full (System.gc()) 1351M->1351M(6144M) 985.069ms
[191.865s][info][gc,metaspace] GC(73) Metaspace: 174901K(202240K)->174901K(202240K) NonClass: 138249K(149888K)->138249K(149888K) Class: 36652K(52352K)->36652K(52352K)
[191.865s][info][gc          ] GC(73) Pause Full (System.gc()) 1351M->1351M(6144M) 980.134ms
[192.862s][info][gc,metaspace] GC(74) Metaspace: 174901K(202240K)->174901K(202240K) NonClass: 138249K(149888K)->138249K(149888K) Class: 36652K(52352K)->36652K(52352K)
[192.862s][info][gc          ] GC(74) Pause Full (System.gc()) 1351M->1351M(6144M) 997.009ms
[193.790s][info][gc,metaspace] GC(75) Metaspace: 174901K(202240K)->174901K(202240K) NonClass: 138249K(149888K)->138249K(149888K) Class: 36652K(52352K)->36652K(52352K)
[193.790s][info][gc          ] GC(75) Pause Full (System.gc()) 1351M->1351M(6144M) 927.634ms
[194.734s][info][gc,metaspace] GC(76) Metaspace: 174901K(202240K)->174901K(202240K) NonClass: 138249K(149888K)->138249K(149888K) Class: 36652K(52352K)->36652K(52352K)
[194.734s][info][gc          ] GC(76) Pause Full (System.gc()) 1351M->1351M(6144M) 944.298ms
[195.683s][info][gc,metaspace] GC(77) Metaspace: 174901K(202240K)->174901K(202240K) NonClass: 138249K(149888K)->138249K(149888K) Class: 36652K(52352K)->36652K(52352K)
[195.683s][info][gc          ] GC(77) Pause Full (System.gc()) 1351M->1351M(6144M) 948.443ms
[196.616s][info][gc,metaspace] GC(78) Metaspace: 174901K(202240K)->174901K(202240K) NonClass: 138249K(149888K)->138249K(149888K) Class: 36652K(52352K)->36652K(52352K)
[196.616s][info][gc          ] GC(78) Pause Full (System.gc()) 1351M->1351M(6144M) 932.674ms
[197.567s][info][gc,metaspace] GC(79) Metaspace: 174901K(202240K)->174901K(202240K) NonClass: 138249K(149888K)->138249K(149888K) Class: 36652K(52352K)->36652K(52352K)
[197.567s][info][gc          ] GC(79) Pause Full (System.gc()) 1351M->1351M(6144M) 951.194ms
[198.499s][info][gc,metaspace] GC(80) Metaspace: 174901K(202240K)->174901K(202240K) NonClass: 138249K(149888K)->138249K(149888K) Class: 36652K(52352K)->36652K(52352K)
[198.499s][info][gc          ] GC(80) Pause Full (System.gc()) 1351M->1351M(6144M) 931.511ms
[199.433s][info][gc,metaspace] GC(81) Metaspace: 174901K(202240K)->174901K(202240K) NonClass: 138249K(149888K)->138249K(149888K) Class: 36652K(52352K)->36652K(52352K)
[199.433s][info][gc          ] GC(81) Pause Full (System.gc()) 1351M->1351M(6144M) 934.063ms
[200.366s][info][gc,metaspace] GC(82) Metaspace: 174901K(202240K)->174901K(202240K) NonClass: 138249K(149888K)->138249K(149888K) Class: 36652K(52352K)->36652K(52352K)
[200.366s][info][gc          ] GC(82) Pause Full (System.gc()) 1351M->1351M(6144M) 933.157ms
[201.294s][info][gc,metaspace] GC(83) Metaspace: 174901K(202240K)->174901K(202240K) NonClass: 138249K(149888K)->138249K(149888K) Class: 36652K(52352K)->36652K(52352K)
[201.295s][info][gc          ] GC(83) Pause Full (System.gc()) 1351M->1351M(6144M) 928.493ms
[202.263s][info][gc,metaspace] GC(84) Metaspace: 174901K(202240K)->174901K(202240K) NonClass: 138249K(149888K)->138249K(149888K) Class: 36652K(52352K)->36652K(52352K)
[202.263s][info][gc          ] GC(84) Pause Full (System.gc()) 1351M->1351M(6144M) 968.378ms
[203.221s][info][gc,metaspace] GC(85) Metaspace: 174901K(202240K)->174901K(202240K) NonClass: 138249K(149888K)->138249K(149888K) Class: 36652K(52352K)->36652K(52352K)
[203.221s][info][gc          ] GC(85) Pause Full (System.gc()) 1351M->1351M(6144M) 953.847ms
[204.184s][info][gc,metaspace] GC(86) Metaspace: 174901K(202240K)->174901K(202240K) NonClass: 138249K(149888K)->138249K(149888K) Class: 36652K(52352K)->36652K(52352K)
[204.184s][info][gc          ] GC(86) Pause Full (System.gc()) 1351M->1351M(6144M) 963.195ms
[205.137s][info][gc,metaspace] GC(87) Metaspace: 174901K(202240K)->174901K(202240K) NonClass: 138249K(149888K)->138249K(149888K) Class: 36652K(52352K)->36652K(52352K)
[205.137s][info][gc          ] GC(87) Pause Full (System.gc()) 1351M->1351M(6144M) 952.547ms
[206.080s][info][gc,metaspace] GC(88) Metaspace: 174901K(202240K)->174901K(202240K) NonClass: 138249K(149888K)->138249K(149888K) Class: 36652K(52352K)->36652K(52352K)
[206.080s][info][gc          ] GC(88) Pause Full (System.gc()) 1351M->1351M(6144M) 942.428ms
[207.020s][info][gc,metaspace] GC(89) Metaspace: 174901K(202240K)->174901K(202240K) NonClass: 138249K(149888K)->138249K(149888K) Class: 36652K(52352K)->36652K(52352K)
[207.020s][info][gc          ] GC(89) Pause Full (System.gc()) 1351M->1351M(6144M) 940.703ms
[207.940s][info][gc,metaspace] GC(90) Metaspace: 174901K(202240K)->174901K(202240K) NonClass: 138249K(149888K)->138249K(149888K) Class: 36652K(52352K)->36652K(52352K)
[207.940s][info][gc          ] GC(90) Pause Full (System.gc()) 1351M->1351M(6144M) 919.520ms
[208.884s][info][gc,metaspace] GC(91) Metaspace: 174901K(202240K)->174901K(202240K) NonClass: 138249K(149888K)->138249K(149888K) Class: 36652K(52352K)->36652K(52352K)
[208.884s][info][gc          ] GC(91) Pause Full (System.gc()) 1351M->1351M(6144M) 944.156ms
[209.864s][info][gc,metaspace] GC(92) Metaspace: 174901K(202240K)->174901K(202240K) NonClass: 138249K(149888K)->138249K(149888K) Class: 36652K(52352K)->36652K(52352K)
[209.864s][info][gc          ] GC(92) Pause Full (System.gc()) 1351M->1351M(6144M) 979.721ms
[210.870s][info][gc,metaspace] GC(93) Metaspace: 174901K(202240K)->174901K(202240K) NonClass: 138249K(149888K)->138249K(149888K) Class: 36652K(52352K)->36652K(52352K)
[210.870s][info][gc          ] GC(93) Pause Full (System.gc()) 1351M->1351M(6144M) 1005.762ms
[211.796s][info][gc,metaspace] GC(94) Metaspace: 174901K(202240K)->174901K(202240K) NonClass: 138249K(149888K)->138249K(149888K) Class: 36652K(52352K)->36652K(52352K)
[211.796s][info][gc          ] GC(94) Pause Full (System.gc()) 1351M->1351M(6144M) 926.258ms
[212.746s][info][gc,metaspace] GC(95) Metaspace: 174901K(202240K)->174901K(202240K) NonClass: 138249K(149888K)->138249K(149888K) Class: 36652K(52352K)->36652K(52352K)
[212.746s][info][gc          ] GC(95) Pause Full (System.gc()) 1351M->1351M(6144M) 949.471ms
[213.773s][info][gc,metaspace] GC(96) Metaspace: 174901K(202240K)->174901K(202240K) NonClass: 138249K(149888K)->138249K(149888K) Class: 36652K(52352K)->36652K(52352K)
[213.773s][info][gc          ] GC(96) Pause Full (System.gc()) 1351M->1351M(6144M) 1027.566ms
[214.775s][info][gc,metaspace] GC(97) Metaspace: 174901K(202240K)->174901K(202240K) NonClass: 138249K(149888K)->138249K(149888K) Class: 36652K(52352K)->36652K(52352K)
[214.775s][info][gc          ] GC(97) Pause Full (System.gc()) 1351M->1351M(6144M) 1001.168ms
[215.695s][info][gc,metaspace] GC(98) Metaspace: 174901K(202240K)->174901K(202240K) NonClass: 138249K(149888K)->138249K(149888K) Class: 36652K(52352K)->36652K(52352K)
[215.695s][info][gc          ] GC(98) Pause Full (System.gc()) 1351M->1351M(6144M) 919.904ms
[216.627s][info][gc,metaspace] GC(99) Metaspace: 174901K(202240K)->174901K(202240K) NonClass: 138249K(149888K)->138249K(149888K) Class: 36652K(52352K)->36652K(52352K)
[216.627s][info][gc          ] GC(99) Pause Full (System.gc()) 1351M->1351M(6144M) 932.512ms
[217.593s][info][gc,metaspace] GC(100) Metaspace: 174901K(202240K)->174901K(202240K) NonClass: 138249K(149888K)->138249K(149888K) Class: 36652K(52352K)->36652K(52352K)
[217.593s][info][gc          ] GC(100) Pause Full (System.gc()) 1351M->1351M(6144M) 965.957ms
[218.549s][info][gc,metaspace] GC(101) Metaspace: 174901K(202240K)->174901K(202240K) NonClass: 138249K(149888K)->138249K(149888K) Class: 36652K(52352K)->36652K(52352K)
[218.549s][info][gc          ] GC(101) Pause Full (System.gc()) 1351M->1351M(6144M) 955.921ms
[219.488s][info][gc,metaspace] GC(102) Metaspace: 174901K(202240K)->174901K(202240K) NonClass: 138249K(149888K)->138249K(149888K) Class: 36652K(52352K)->36652K(52352K)
[219.489s][info][gc          ] GC(102) Pause Full (System.gc()) 1351M->1351M(6144M) 939.044ms
[220.412s][info][gc,metaspace] GC(103) Metaspace: 174901K(202240K)->174901K(202240K) NonClass: 138249K(149888K)->138249K(149888K) Class: 36652K(52352K)->36652K(52352K)
[220.412s][info][gc          ] GC(103) Pause Full (System.gc()) 1351M->1351M(6144M) 918.876ms
[221.378s][info][gc,metaspace] GC(104) Metaspace: 174901K(202240K)->174901K(202240K) NonClass: 138249K(149888K)->138249K(149888K) Class: 36652K(52352K)->36652K(52352K)
[221.378s][info][gc          ] GC(104) Pause Full (System.gc()) 1351M->1351M(6144M) 966.109ms
[222.314s][info][gc,metaspace] GC(105) Metaspace: 174901K(202240K)->174901K(202240K) NonClass: 138249K(149888K)->138249K(149888K) Class: 36652K(52352K)->36652K(52352K)
[222.314s][info][gc          ] GC(105) Pause Full (System.gc()) 1351M->1351M(6144M) 936.313ms
[223.257s][info][gc,metaspace] GC(106) Metaspace: 174901K(202240K)->174901K(202240K) NonClass: 138249K(149888K)->138249K(149888K) Class: 36652K(52352K)->36652K(52352K)
[223.257s][info][gc          ] GC(106) Pause Full (System.gc()) 1351M->1351M(6144M) 942.997ms
[224.189s][info][gc,metaspace] GC(107) Metaspace: 174901K(202240K)->174901K(202240K) NonClass: 138249K(149888K)->138249K(149888K) Class: 36652K(52352K)->36652K(52352K)
[224.189s][info][gc          ] GC(107) Pause Full (System.gc()) 1351M->1351M(6144M) 931.999ms
[225.142s][info][gc,metaspace] GC(108) Metaspace: 174901K(202240K)->174901K(202240K) NonClass: 138249K(149888K)->138249K(149888K) Class: 36652K(52352K)->36652K(52352K)
[225.142s][info][gc          ] GC(108) Pause Full (System.gc()) 1351M->1351M(6144M) 952.671ms
[226.104s][info][gc,metaspace] GC(109) Metaspace: 174901K(202240K)->174901K(202240K) NonClass: 138249K(149888K)->138249K(149888K) Class: 36652K(52352K)->36652K(52352K)
[226.104s][info][gc          ] GC(109) Pause Full (System.gc()) 1351M->1351M(6144M) 957.089ms
[227.082s][info][gc,metaspace] GC(110) Metaspace: 174901K(202240K)->174901K(202240K) NonClass: 138249K(149888K)->138249K(149888K) Class: 36652K(52352K)->36652K(52352K)
[227.082s][info][gc          ] GC(110) Pause Full (System.gc()) 1351M->1351M(6144M) 978.013ms
[228.034s][info][gc,metaspace] GC(111) Metaspace: 174901K(202240K)->174901K(202240K) NonClass: 138249K(149888K)->138249K(149888K) Class: 36652K(52352K)->36652K(52352K)
[228.034s][info][gc          ] GC(111) Pause Full (System.gc()) 1351M->1351M(6144M) 952.200ms
[228.967s][info][gc,metaspace] GC(112) Metaspace: 174901K(202240K)->174901K(202240K) NonClass: 138249K(149888K)->138249K(149888K) Class: 36652K(52352K)->36652K(52352K)
[228.967s][info][gc          ] GC(112) Pause Full (System.gc()) 1351M->1351M(6144M) 932.547ms
[229.943s][info][gc,metaspace] GC(113) Metaspace: 174901K(202240K)->174901K(202240K) NonClass: 138249K(149888K)->138249K(149888K) Class: 36652K(52352K)->36652K(52352K)
[229.943s][info][gc          ] GC(113) Pause Full (System.gc()) 1351M->1351M(6144M) 975.883ms
[230.889s][info][gc,metaspace] GC(114) Metaspace: 174901K(202240K)->174901K(202240K) NonClass: 138249K(149888K)->138249K(149888K) Class: 36652K(52352K)->36652K(52352K)
[230.889s][info][gc          ] GC(114) Pause Full (System.gc()) 1351M->1351M(6144M) 945.870ms
[231.862s][info][gc,metaspace] GC(115) Metaspace: 174901K(202240K)->174901K(202240K) NonClass: 138249K(149888K)->138249K(149888K) Class: 36652K(52352K)->36652K(52352K)
[231.862s][info][gc          ] GC(115) Pause Full (System.gc()) 1351M->1351M(6144M) 973.217ms
[232.884s][info][gc,metaspace] GC(116) Metaspace: 174901K(202240K)->174901K(202240K) NonClass: 138249K(149888K)->138249K(149888K) Class: 36652K(52352K)->36652K(52352K)
[232.884s][info][gc          ] GC(116) Pause Full (System.gc()) 1351M->1351M(6144M) 1021.661ms
[233.865s][info][gc,metaspace] GC(117) Metaspace: 174901K(202240K)->174901K(202240K) NonClass: 138249K(149888K)->138249K(149888K) Class: 36652K(52352K)->36652K(52352K)
[233.865s][info][gc          ] GC(117) Pause Full (System.gc()) 1351M->1351M(6144M) 981.478ms
[234.829s][info][gc,metaspace] GC(118) Metaspace: 174901K(202240K)->174901K(202240K) NonClass: 138249K(149888K)->138249K(149888K) Class: 36652K(52352K)->36652K(52352K)
[234.829s][info][gc          ] GC(118) Pause Full (System.gc()) 1351M->1351M(6144M) 963.896ms
[235.789s][info][gc,metaspace] GC(119) Metaspace: 174901K(202240K)->174901K(202240K) NonClass: 138249K(149888K)->138249K(149888K) Class: 36652K(52352K)->36652K(52352K)
[235.789s][info][gc          ] GC(119) Pause Full (System.gc()) 1351M->1351M(6144M) 959.486ms
[236.758s][info][gc,metaspace] GC(120) Metaspace: 174901K(202240K)->174901K(202240K) NonClass: 138249K(149888K)->138249K(149888K) Class: 36652K(52352K)->36652K(52352K)
[236.758s][info][gc          ] GC(120) Pause Full (System.gc()) 1351M->1351M(6144M) 968.767ms
[237.751s][info][gc,metaspace] GC(121) Metaspace: 174901K(202240K)->174901K(202240K) NonClass: 138249K(149888K)->138249K(149888K) Class: 36652K(52352K)->36652K(52352K)
[237.751s][info][gc          ] GC(121) Pause Full (System.gc()) 1351M->1351M(6144M) 993.714ms
[238.743s][info][gc,metaspace] GC(122) Metaspace: 174901K(202240K)->174901K(202240K) NonClass: 138249K(149888K)->138249K(149888K) Class: 36652K(52352K)->36652K(52352K)
[238.743s][info][gc          ] GC(122) Pause Full (System.gc()) 1351M->1351M(6144M) 991.524ms
[239.689s][info][gc,metaspace] GC(123) Metaspace: 174901K(202240K)->174901K(202240K) NonClass: 138249K(149888K)->138249K(149888K) Class: 36652K(52352K)->36652K(52352K)
[239.689s][info][gc          ] GC(123) Pause Full (System.gc()) 1351M->1351M(6144M) 946.325ms
[240.623s][info][gc,metaspace] GC(124) Metaspace: 174901K(202240K)->174901K(202240K) NonClass: 138249K(149888K)->138249K(149888K) Class: 36652K(52352K)->36652K(52352K)
[240.623s][info][gc          ] GC(124) Pause Full (System.gc()) 1351M->1351M(6144M) 933.558ms
[241.566s][info][gc,metaspace] GC(125) Metaspace: 174901K(202240K)->174901K(202240K) NonClass: 138249K(149888K)->138249K(149888K) Class: 36652K(52352K)->36652K(52352K)
[241.566s][info][gc          ] GC(125) Pause Full (System.gc()) 1351M->1351M(6144M) 942.735ms
[242.512s][info][gc,metaspace] GC(126) Metaspace: 174901K(202240K)->174901K(202240K) NonClass: 138249K(149888K)->138249K(149888K) Class: 36652K(52352K)->36652K(52352K)
[242.512s][info][gc          ] GC(126) Pause Full (System.gc()) 1351M->1351M(6144M) 946.085ms
[243.466s][info][gc,metaspace] GC(127) Metaspace: 174901K(202240K)->174901K(202240K) NonClass: 138249K(149888K)->138249K(149888K) Class: 36652K(52352K)->36652K(52352K)
[243.466s][info][gc          ] GC(127) Pause Full (System.gc()) 1351M->1351M(6144M) 949.990ms
[244.397s][info][gc,metaspace] GC(128) Metaspace: 174901K(202240K)->174901K(202240K) NonClass: 138249K(149888K)->138249K(149888K) Class: 36652K(52352K)->36652K(52352K)
[244.397s][info][gc          ] GC(128) Pause Full (System.gc()) 1351M->1351M(6144M) 930.918ms
[245.377s][info][gc,metaspace] GC(129) Metaspace: 174901K(202240K)->174901K(202240K) NonClass: 138249K(149888K)->138249K(149888K) Class: 36652K(52352K)->36652K(52352K)
[245.377s][info][gc          ] GC(129) Pause Full (System.gc()) 1352M->1351M(6144M) 979.166ms
[246.311s][info][gc,metaspace] GC(130) Metaspace: 174901K(202240K)->174901K(202240K) NonClass: 138249K(149888K)->138249K(149888K) Class: 36652K(52352K)->36652K(52352K)
[246.311s][info][gc          ] GC(130) Pause Full (System.gc()) 1351M->1351M(6144M) 934.305ms
[247.242s][info][gc,metaspace] GC(131) Metaspace: 174901K(202240K)->174901K(202240K) NonClass: 138249K(149888K)->138249K(149888K) Class: 36652K(52352K)->36652K(52352K)
[247.242s][info][gc          ] GC(131) Pause Full (System.gc()) 1351M->1351M(6144M) 930.619ms
[248.226s][info][gc,metaspace] GC(132) Metaspace: 174901K(202240K)->174901K(202240K) NonClass: 138249K(149888K)->138249K(149888K) Class: 36652K(52352K)->36652K(52352K)
[248.226s][info][gc          ] GC(132) Pause Full (System.gc()) 1351M->1351M(6144M) 984.410ms
[249.171s][info][gc,metaspace] GC(133) Metaspace: 174901K(202240K)->174901K(202240K) NonClass: 138249K(149888K)->138249K(149888K) Class: 36652K(52352K)->36652K(52352K)
[249.171s][info][gc          ] GC(133) Pause Full (System.gc()) 1351M->1351M(6144M) 940.689ms
[250.149s][info][gc,metaspace] GC(134) Metaspace: 174901K(202240K)->174901K(202240K) NonClass: 138249K(149888K)->138249K(149888K) Class: 36652K(52352K)->36652K(52352K)
[250.149s][info][gc          ] GC(134) Pause Full (System.gc()) 1351M->1351M(6144M) 977.664ms
[251.118s][info][gc,metaspace] GC(135) Metaspace: 174901K(202240K)->174901K(202240K) NonClass: 138249K(149888K)->138249K(149888K) Class: 36652K(52352K)->36652K(52352K)
[251.118s][info][gc          ] GC(135) Pause Full (System.gc()) 1351M->1351M(6144M) 968.790ms
[252.054s][info][gc,metaspace] GC(136) Metaspace: 174901K(202240K)->174901K(202240K) NonClass: 138249K(149888K)->138249K(149888K) Class: 36652K(52352K)->36652K(52352K)
[252.054s][info][gc          ] GC(136) Pause Full (System.gc()) 1351M->1351M(6144M) 936.045ms
[253.004s][info][gc,metaspace] GC(137) Metaspace: 174901K(202240K)->174901K(202240K) NonClass: 138249K(149888K)->138249K(149888K) Class: 36652K(52352K)->36652K(52352K)
[253.004s][info][gc          ] GC(137) Pause Full (System.gc()) 1351M->1351M(6144M) 949.553ms
[253.937s][info][gc,metaspace] GC(138) Metaspace: 174901K(202240K)->174901K(202240K) NonClass: 138249K(149888K)->138249K(149888K) Class: 36652K(52352K)->36652K(52352K)
[253.937s][info][gc          ] GC(138) Pause Full (System.gc()) 1351M->1351M(6144M) 932.886ms
[254.870s][info][gc,metaspace] GC(139) Metaspace: 174901K(202240K)->174901K(202240K) NonClass: 138249K(149888K)->138249K(149888K) Class: 36652K(52352K)->36652K(52352K)
[254.870s][info][gc          ] GC(139) Pause Full (System.gc()) 1351M->1351M(6144M) 933.300ms
[255.809s][info][gc,metaspace] GC(140) Metaspace: 174901K(202240K)->174901K(202240K) NonClass: 138249K(149888K)->138249K(149888K) Class: 36652K(52352K)->36652K(52352K)
[255.809s][info][gc          ] GC(140) Pause Full (System.gc()) 1351M->1351M(6144M) 938.844ms
[256.752s][info][gc,metaspace] GC(141) Metaspace: 174901K(202240K)->174901K(202240K) NonClass: 138249K(149888K)->138249K(149888K) Class: 36652K(52352K)->36652K(52352K)
[256.752s][info][gc          ] GC(141) Pause Full (System.gc()) 1351M->1351M(6144M) 942.438ms
[257.705s][info][gc,metaspace] GC(142) Metaspace: 174901K(202240K)->174901K(202240K) NonClass: 138249K(149888K)->138249K(149888K) Class: 36652K(52352K)->36652K(52352K)
[257.705s][info][gc          ] GC(142) Pause Full (System.gc()) 1351M->1351M(6144M) 953.299ms
[258.666s][info][gc,metaspace] GC(143) Metaspace: 174901K(202240K)->174901K(202240K) NonClass: 138249K(149888K)->138249K(149888K) Class: 36652K(52352K)->36652K(52352K)
[258.666s][info][gc          ] GC(143) Pause Full (System.gc()) 1351M->1351M(6144M) 960.872ms
After GCs... 
