[0.002s][info][metaspace]  - commit_granule_bytes: 65536.
[0.002s][info][metaspace]  - commit_granule_words: 8192.
[0.002s][info][metaspace]  - virtual_space_node_default_size: 8388608.
[0.002s][info][metaspace]  - enlarge_chunks_in_place: 1.
[0.002s][info][metaspace]  - use_allocation_guard: 0.
[0.003s][info][gc,init  ] CardTable entry size: 512
[0.003s][info][gc       ] Using G1
[0.008s][info][gc,init  ] Version: 23-internal-adhoc.thomas.source (release)
[0.008s][info][gc,init  ] CPUs: 8 total, 8 available
[0.008s][info][gc,init  ] Memory: 15662M
[0.008s][info][gc,init  ] Large Page Support: Disabled
[0.008s][info][gc,init  ] NUMA Support: Disabled
[0.008s][info][gc,init  ] Compressed Oops: Enabled (Zero based)
[0.008s][info][gc,init  ] Heap Region Size: 8M
[0.008s][info][gc,init  ] Heap Min Capacity: 8G
[0.008s][info][gc,init  ] Heap Initial Capacity: 8G
[0.008s][info][gc,init  ] Heap Max Capacity: 12G
[0.008s][info][gc,init  ] Pre-touch: Disabled
[0.008s][info][gc,init  ] Parallel Workers: 8
[0.008s][info][gc,init  ] Concurrent Workers: 2
[0.008s][info][gc,init  ] Concurrent Refinement Workers: 8
[0.008s][info][gc,init  ] Periodic GC: Disabled
[0.008s][info][metaspace] Reserving compressed class space anywhere
[0.008s][info][gc,metaspace] CDS archive(s) not mapped
[0.008s][info][gc,metaspace] Compressed class space mapped at: 0x00007f0a33000000-0x00007f0a73000000, reserved size: 1073741824
[0.008s][info][gc,metaspace] UseCompressedClassPointers 1, UseCompactObjectHeaders 1, Use2c0 0narrow klass pointer bits 26, max shift 6
[0.008s][info][gc,metaspace] Narrow klass base: 0x00007f0a33000000, Narrow klass shift: 6, Narrow klass range: 0x40000000

SPECjbb2015 Java Business Benchmark
 (c) Standard Performance Evaluation Corporation, 2015

Preparing to launch All-in-one SPECjbb2015.

Reading property file: /shared/projects/openjdk/benchmarks/test-hyperaligning-lilliput/SPECjbb2015_1.00-jdk16+/jdk-26bit-staggered-klass-OFF-24-05-16_060609/./config/specjbb2015.props

     0s: Enumerating plugins...
     0s:    Connectivity:
     0s:             HTTP_Grizzly: Grizzly HTTP server, JDK HTTP client
     0s:              NIO_Grizzly: Grizzly NIO server, Grizzly NIO client
     0s:               HTTP_Jetty: Jetty HTTP server, JDK HTTP client
     0s:    Snapshot:
     0s:                 InMemory: Stores snapshots in heap memory
     0s:    Data Writers:
     0s:                     Demo: Send all frame to listener
     0s:                   InFile: Writing Data into file
     0s:                   Silent: Drop all frames
     0s: 
     0s: Kit validation is skipped.
     0s: Tests are skipped.
     0s: 
     0s: [1.033s][info][metaspace   ] Arena @0x00007f0ab8472ba0 (non-class arena): commit failure (requested size: 6)
[1.033s][info][metaspace   ] ChkMgr @0x00007f0ab8467ad0 (non-class-space): failed to commit 6 words on chunk @0x00007f0ab8bdc6e0, f, base 0x00007f0a30280000, top 0x00007f0a30280000, level lv05.
[1.033s][info][metaspace   ] Arena @0x00007f0ab8472ba0 (non-class arena): failed to allocate new chunk for requested word size 6.
[1.033s][info][metaspace   ] Arena @0x00007f0ab8472ba0 (non-class arena): allocation failed, returned null.
[1.033s][info][metaspace   ] Arena @0x00007f0ab8472ba0 (non-class arena): commit failure (requested size: 6)
[1.033s][info][metaspace   ] ChkMgr @0x00007f0ab8467ad0 (non-class-space): failed to commit 6 words on chunk @0x00007f0ab8bdc6e0, f, base 0x00007f0a30280000, top 0x00007f0a30280000, level lv05.
[1.033s][info][metaspace   ] Arena @0x00007f0ab8472ba0 (non-class arena): failed to allocate new chunk for requested word size 6.
[1.033s][info][metaspace   ] Arena @0x00007f0ab8472ba0 (non-class arena): allocation failed, returned null.
[1.033s][info][metaspace   ] Arena @0x00007f0ab8472ba0 (non-class arena): commit failure (requested size: 6)
[1.033s][info][metaspace   ] ChkMgr @0x00007f0ab8467ad0 (non-class-space): failed to commit 6 words on chunk @0x00007f0ab8bdc6e0, f, base 0x00007f0a30280000, top 0x00007f0a30280000, level lv05.
[1.033s][info][metaspace   ] Arena @0x00007f0ab8472ba0 (non-class arena): failed to allocate new chunk for requested word size 6.
[1.033s][info][metaspace   ] Arena @0x00007f0ab8472ba0 (non-class arena): allocation failed, returned null.
[1.033s][info][gc,start    ] GC(0) Pause Young (Concurrent Start) (Metadata GC Threshold)
[1.034s][info][gc,task     ] GC(0) Using 8 workers of 8 for evacuation
[1.039s][info][gc,phases   ] GC(0)   Pre Evacuate Collection Set: 0.15ms
[1.039s][info][gc,phases   ] GC(0)   Merge Heap Roots: 0.08ms
[1.039s][info][gc,phases   ] GC(0)   Evacuate Collection Set: 4.04ms
[1.039s][info][gc,phases   ] GC(0)   Post Evacuate Collection Set: 0.41ms
[1.039s][info][gc,phases   ] GC(0)   Other: 0.50ms
[1.039s][info][gc,heap     ] GC(0) Eden regions: 32->0(50)
[1.039s][info][gc,heap     ] GC(0) Survivor regions: 0->1(7)
[1.039s][info][gc,heap     ] GC(0) Old regions: 0->0
[1.039s][info][gc,heap     ] GC(0) Humongous regions: 0->0
[1.039s][info][gc,metaspace] GC(0) Metaspace: 21274K(21504K)->21274K(21504K) NonClass: 18568K(18688K)->18568K(18688K) Class: 2706K(2816K)->2706K(2816K)
[1.039s][info][gc          ] GC(0) Pause Young (Concurrent Start) (Metadata GC Threshold) 252M->4M(8192M) 5.305ms
[1.039s][info][gc          ] GC(1) Concurrent Mark Cycle
[1.039s][info][gc,cpu      ] GC(0) User=0.02s Sys=0.01s Real=0.01s
[1.039s][info][gc,marking  ] GC(1) Concurrent Scan Root Regions
[1.039s][info][metaspace   ] CLMS @0x00007f0ab8472b70 : GC threshold increased: 22020096->22347776.
[1.041s][info][gc,marking  ] GC(1) Concurrent Scan Root Regions 2.322ms
[1.041s][info][gc,marking  ] GC(1) Concurrent Mark
[1.041s][info][gc,marking  ] GC(1) Concurrent Mark From Roots
[1.041s][info][gc,task     ] GC(1) Using 2 workers of 2 for marking
[1.041s][info][gc,marking  ] GC(1) Concurrent Mark From Roots 0.499ms
[1.041s][info][gc,marking  ] GC(1) Concurrent Preclean
[1.041s][info][gc,marking  ] GC(1) Concurrent Preclean 0.006ms
[1.042s][info][gc,start    ] GC(1) Pause Remark
[1.042s][info][gc          ] GC(1) Pause Remark 12M->12M(8192M) 0.693ms
[1.042s][info][gc,cpu      ] GC(1) User=0.00s Sys=0.00s Real=0.00s
[1.042s][info][gc,marking  ] GC(1) Concurrent Mark 1.291ms
[1.042s][info][gc,marking  ] GC(1) Concurrent Rebuild Remembered Sets and Scrub Regions
[1.042s][info][gc,marking  ] GC(1) Concurrent Rebuild Remembered Sets and Scrub Regions 0.056ms
[1.042s][info][gc,start    ] GC(1) Pause Cleanup
[1.042s][info][gc          ] GC(1) Pause Cleanup 12M->12M(8192M) 0.013ms
[1.042s][info][gc,cpu      ] GC(1) User=0.00s Sys=0.00s Real=0.00s
[1.042s][info][gc,marking  ] GC(1) Concurrent Clear Claimed Marks
[1.042s][info][gc,marking  ] GC(1) Concurrent Clear Claimed Marks 0.016ms
[1.042s][info][gc,marking  ] GC(1) Concurrent Cleanup for Next Mark
[1.053s][info][gc,marking  ] GC(1) Concurrent Cleanup for Next Mark 10.454ms
[1.053s][info][gc          ] GC(1) Concurrent Mark Cycle 14.371ms
Ladies and gentlemen, this is your Controller speaking.
     1s: We are delighted in having you for benchmark run today.
     1s: 
     1s: Binary log file is ./specjbb2015-C-20240516-00001.data.gz
     1s: 
     1s: Performing handshake with all agents ...
     1s: 
     1s:  Agent Group1.TxInjector.CompositeTxInjector has attached to Controller
     1s:  Agent Group1.Backend.CompositeBackend has attached to Controller
     1s: 
     1s: All agents have connected.
     1s: 
     1s: Attached agents info:

Group "Group1"
    TxInjectors:
        CompositeTxInjector, includes { Driver } @ [local in-Java link]
    Backends:
        CompositeBackend, includes { SM(2),SP(2) } @ [local in-Java link]

     1s: Initializing... (init[1.521s][info][gc,start    ] GC(2) Pause Young (Normal) (G1 Evacuation Pause)
[1.521s][info][gc,task     ] GC(2) Using 8 workers of 8 for evacuation
[1.598s][info][gc,phases   ] GC(2)   Pre Evacuate Collection Set: 0.16ms
[1.598s][info][gc,phases   ] GC(2)   Merge Heap Roots: 0.03ms
[1.598s][info][gc,phases   ] GC(2)   Evacuate Collection Set: 75.64ms
[1.598s][info][gc,phases   ] GC(2)   Post Evacuate Collection Set: 0.71ms
[1.598s][info][gc,phases   ] GC(2)   Other: 0.07ms
[1.598s][info][gc,heap     ] GC(2) Eden regions: 50->0(44)
[1.598s][info][gc,heap     ] GC(2) Survivor regions: 1->7(7)
[1.598s][info][gc,heap     ] GC(2) Old regions: 0->14
[1.598s][info][gc,heap     ] GC(2) Humongous regions: 3->3
[1.598s][info][gc,metaspace] GC(2) Metaspace: 23638K(24000K)->23638K(24000K) NonClass: 20675K(20864K)->20675K(20864K) Class: 2963K(3136K)->2963K(3136K)
[1.598s][info][gc          ] GC(2) Pause Young (Normal) (G1 Evacuation Pause) 428M->186M(8192M) 76.813ms
[1.598s][info][gc,cpu      ] GC(2) User=0.46s Sys=0.14s Real=0.08s
[1.760s][info][gc,start    ] GC(3) Pause Young (Normal) (G1 Evacuation Pause)
[1.760s][info][gc,task     ] GC(3) Using 8 workers of 8 for evacuation
[1.889s][info][gc,phases   ] GC(3)   Pre Evacuate Collection Set: 0.20ms
[1.889s][info][gc,phases   ] GC(3)   Merge Heap Roots: 0.19ms
[1.889s][info][gc,phases   ] GC(3)   Evacuate Collection Set: 128.40ms
[1.889s][info][gc,phases   ] GC(3)   Post Evacuate Collection Set: 0.44ms
[1.889s][info][gc,phases   ] GC(3)   Other: 0.05ms
[1.889s][info][gc,heap     ] GC(3) Eden regions: 44->0(44)
[1.889s][info][gc,heap     ] GC(3) Survivor regions: 7->7(7)
[1.889s][info][gc,heap     ] GC(3) Old regions: 14->49
[1.889s][info][gc,heap     ] GC(3) Humongous regions: 3->3
[1.889s][info][gc,metaspace] GC(3) Metaspace: 23648K(24000K)->23648K(24000K) NonClass: 20685K(20864K)->20685K(20864K) Class: 2963K(3136K)->2963K(3136K)
[1.889s][info][gc          ] GC(3) Pause Young (Normal) (G1 Evacuation Pause) 538M->471M(8192M) 129.430ms
[1.889s][info][gc,cpu      ] GC(3) User=0.98s Sys=0.05s Real=0.13s
[2.123s][info][gc,start    ] GC(4) Pause Young (Normal) (G1 Evacuation Pause)
[2.124s][info][gc,task     ] GC(4) Using 8 workers of 8 for evacuation
[2.261s][info][gc,phases   ] GC(4)   Pre Evacuate Collection Set: 0.19ms
[2.261s][info][gc,phases   ] GC(4)   Merge Heap Roots: 0.07ms
[2.261s][info][gc,phases   ] GC(4)   Evacuate Collection Set: 136.91ms
[2.261s][info][gc,phases   ] GC(4)   Post Evacuate Collection Set: 0.20ms
[2.261s][info][gc,phases   ] GC(4)   Other: 0.06ms
[2.261s][info][gc,heap     ] GC(4) Eden regions: 44->0(44)
[2.261s][info][gc,heap     ] GC(4) Survivor regions: 7->7(7)
[2.261s][info][gc,heap     ] GC(4) Old regions: 49->87
[2.261s][info][gc,heap     ] GC(4) Humongous regions: 3->3
[2.261s][info][gc,metaspace] GC(4) Metaspace: 23672K(24064K)->23672K(24064K) NonClass: 20709K(20928K)->20709K(20928K) Class: 2963K(3136K)->2963K(3136K)
[2.261s][info][gc          ] GC(4) Pause Young (Normal) (G1 Evacuation Pause) 823M->772M(8192M) 137.593ms
[2.261s][info][gc,cpu      ] GC(4) User=1.06s Sys=0.04s Real=0.14s
[2.627s][info][gc,start    ] GC(5) Pause Young (Normal) (G1 Evacuation Pause)
[2.627s][info][gc,task     ] GC(5) Using 8 workers of 8 for evacuation
[2.746s][info][gc,phases   ] GC(5)   Pre Evacuate Collection Set: 0.18ms
[2.746s][info][gc,phases   ] GC(5)   Merge Heap Roots: 0.06ms
[2.746s][info][gc,phases   ] GC(5)   Evacuate Collection Set: 117.50ms
[2.746s][info][gc,phases   ] GC(5)   Post Evacuate Collection Set: 0.36ms
[2.746s][info][gc,phases   ] GC(5)   Other: 0.05ms
[2.746s][info][gc,heap     ] GC(5) Eden regions: 44->0(44)
[2.746s][info][gc,heap     ] GC(5) Survivor regions: 7->7(7)
[2.746s][info][gc,heap     ] GC(5) Old regions: 87->114
[2.746s][info][gc,heap     ] GC(5) Humongous regions: 3->3
[2.746s][info][gc,metaspace] GC(5) Metaspace: 23715K(24064K)->23715K(24064K) NonClass: 20750K(20928K)->20750K(20928K) Class: 2964K(3136K)->2964K(3136K)
[2.746s][info][gc          ] GC(5) Pause Young (Normal) (G1 Evacuation Pause) 1124M->992M(8192M) 118.296ms
[2.746s][info][gc,cpu      ] GC(5) User=0.88s Sys=0.03s Real=0.11s
) OK
     2s: 
     2s: Check whether properties are compliant
     2s: (validation=PASSED) Property settings are COMPLIANT.
     2s: 
     2s: Searching for high-bound for max-jOPS possible for this system
     2s: Searching from base IR = 100
     2s:       rampup IR =      0 [reconfig (term) [2.960s][info][gc,start    ] GC(6) Pause Full (System.gc())
[2.961s][info][gc,task     ] GC(6) Using 8 workers of 8 for full compaction
[2.961s][info][gc,phases,start] GC(6) Phase 1: Mark live objects
[2.978s][info][gc,phases      ] GC(6) Phase 1: Mark live objects 16.908ms
[2.978s][info][gc,phases,start] GC(6) Phase 2: Prepare compaction
[2.984s][info][gc,phases      ] GC(6) Phase 2: Prepare compaction 6.292ms
[2.984s][info][gc,phases,start] GC(6) Phase 3: Adjust pointers
[2.994s][info][gc,phases      ] GC(6) Phase 3: Adjust pointers 10.391ms
[2.994s][info][gc,phases,start] GC(6) Phase 4: Compact heap
[3.005s][info][gc,phases      ] GC(6) Phase 4: Compact heap 10.086ms
[3.005s][info][gc,phases,start] GC(6) Phase 5: Reset Metadata
[3.007s][info][gc,phases      ] GC(6) Phase 5: Reset Metadata 2.814ms
[3.016s][info][gc,heap        ] GC(6) Eden regions: 17->0(51)
[3.016s][info][gc,heap        ] GC(6) Survivor regions: 7->0(7)
[3.016s][info][gc,heap        ] GC(6) Old regions: 114->11
[3.016s][info][gc,heap        ] GC(6) Humongous regions: 3->3
[3.016s][info][gc,metaspace   ] GC(6) Metaspace: 23987K(24320K)->23987K(24320K) NonClass: 20991K(21184K)->20991K(21184K) Class: 2996K(3136K)->2996K(3136K)
[3.016s][info][gc             ] GC(6) Pause Full (System.gc()) 1127M->89M(8192M) 55.586ms
[3.016s][info][gc,cpu         ] GC(6) User=0.37s Sys=0.01s Real=0.06s
(init[3.329s][info][gc,start       ] GC(7) Pause Young (Normal) (G1 Evacuation Pause)
[3.330s][info][gc,task        ] GC(7) Using 8 workers of 8 for evacuation
[3.437s][info][gc,phases      ] GC(7)   Pre Evacuate Collection Set: 0.17ms
[3.437s][info][gc,phases      ] GC(7)   Merge Heap Roots: 0.05ms
[3.437s][info][gc,phases      ] GC(7)   Evacuate Collection Set: 105.81ms
[3.437s][info][gc,phases      ] GC(7)   Post Evacuate Collection Set: 1.22ms
[3.437s][info][gc,phases      ] GC(7)   Other: 0.06ms
[3.437s][info][gc,heap        ] GC(7) Eden regions: 51->0(52)
[3.437s][info][gc,heap        ] GC(7) Survivor regions: 0->7(7)
[3.437s][info][gc,heap        ] GC(7) Old regions: 11->44
[3.437s][info][gc,heap        ] GC(7) Humongous regions: 3->3
[3.437s][info][gc,metaspace   ] GC(7) Metaspace: 23993K(24320K)->23993K(24320K) NonClass: 20996K(21184K)->20996K(21184K) Class: 2996K(3136K)->2996K(3136K)
[3.437s][info][gc             ] GC(7) Pause Young (Normal) (G1 Evacuation Pause) 497M->409M(9528M) 107.429ms
[3.437s][info][gc,cpu         ] GC(7) User=0.85s Sys=0.00s Real=0.11s
[3.577s][info][gc,start       ] GC(8) Pause Young (Normal) (G1 Evacuation Pause)
[3.578s][info][gc,task        ] GC(8) Using 8 workers of 8 for evacuation
[3.715s][info][gc,phases      ] GC(8)   Pre Evacuate Collection Set: 0.21ms
[3.715s][info][gc,phases      ] GC(8)   Merge Heap Roots: 0.23ms
[3.715s][info][gc,phases      ] GC(8)   Evacuate Collection Set: 136.29ms
[3.715s][info][gc,phases      ] GC(8)   Post Evacuate Collection Set: 0.25ms
[3.715s][info][gc,phases      ] GC(8)   Other: 0.06ms
[3.715s][info][gc,heap        ] GC(8) Eden regions: 52->0(51)
[3.715s][info][gc,heap        ] GC(8) Survivor regions: 7->8(8)
[3.715s][info][gc,heap        ] GC(8) Old regions: 44->86
[3.715s][info][gc,heap        ] GC(8) Humongous regions: 3->3
[3.715s][info][gc,metaspace   ] GC(8) Metaspace: 24010K(24320K)->24010K(24320K) NonClass: 21013K(21184K)->21013K(21184K) Class: 2996K(3136K)->2996K(3136K)
[3.715s][info][gc             ] GC(8) Pause Young (Normal) (G1 Evacuation Pause) 825M->749M(9528M) 137.177ms
[3.715s][info][gc,cpu         ] GC(8) User=1.02s Sys=0.01s Real=0.13s
[4.040s][info][gc,start       ] GC(9) Pause Young (Normal) (G1 Evacuation Pause)
[4.040s][info][gc,task        ] GC(9) Using 8 workers of 8 for evacuation
[4.140s][info][gc,phases      ] GC(9)   Pre Evacuate Collection Set: 0.19ms
[4.140s][info][gc,phases      ] GC(9)   Merge Heap Roots: 0.08ms
[4.140s][info][gc,phases      ] GC(9)   Evacuate Collection Set: 99.06ms
[4.140s][info][gc,phases      ] GC(9)   Post Evacuate Collection Set: 0.35ms
[4.140s][info][gc,phases      ] GC(9)   Other: 0.05ms
[4.140s][info][gc,heap        ] GC(9) Eden regions: 51->0(51)
[4.140s][info][gc,heap        ] GC(9) Survivor regions: 8->8(8)
[4.140s][info][gc,heap        ] GC(9) Old regions: 86->109
[4.140s][info][gc,heap        ] GC(9) Humongous regions: 3->3
[4.140s][info][gc,metaspace   ] GC(9) Metaspace: 24011K(24320K)->24011K(24320K) NonClass: 21015K(21184K)->21015K(21184K) Class: 2996K(3136K)->2996K(3136K)
[4.140s][info][gc             ] GC(9) Pause Young (Normal) (G1 Evacuation Pause) 1157M->937M(9528M) 99.894ms
[4.140s][info][gc,cpu         ] GC(9) User=0.78s Sys=0.01s Real=0.10s
) ] ... (rIR:aIR:PR = 0:0:0) (tPR = 0) [OK] 
     7s:       rampup IR =     10 ... (rIR:aIR:PR = 10:10:10) (tPR = 666) [OK] 
    10s:       rampup IR =     20 ... (rIR:aIR:PR = 20:20:20) (tPR = 1591) [OK] 
    13s:       rampup IR =     30 .... (rIR:aIR:PR = 30:30:30) (tPR = 2355) [OK] 
    17s:       rampup IR =     40 .... (rIR:aIR:PR = 40:40:40) (tPR = 3147) [OK] 
    21s:       rampup IR =     50 .... (rIR:aIR:PR = 50:51:50) (tPR = 3397) [OK] 
    25s:       rampup IR =     60 .[27.168s][info][gc,start       ] GC(10) Pause Young (Normal) (G1 Evacuation Pause)
[27.168s][info][gc,task        ] GC(10) Using 8 workers of 8 for evacuation
[27.229s][info][gc,phases      ] GC(10)   Pre Evacuate Collection Set: 0.23ms
[27.229s][info][gc,phases      ] GC(10)   Merge Heap Roots: 0.47ms
[27.229s][info][gc,phases      ] GC(10)   Evacuate Collection Set: 60.15ms
[27.230s][info][gc,phases      ] GC(10)   Post Evacuate Collection Set: 0.36ms
[27.230s][info][gc,phases      ] GC(10)   Other: 0.06ms
[27.230s][info][gc,heap        ] GC(10) Eden regions: 51->0(51)
[27.230s][info][gc,heap        ] GC(10) Survivor regions: 8->8(8)
[27.230s][info][gc,heap        ] GC(10) Old regions: 109->119
[27.230s][info][gc,heap        ] GC(10) Humongous regions: 3->3
[27.230s][info][gc,metaspace   ] GC(10) Metaspace: 25921K(26240K)->25921K(26240K) NonClass: 22810K(22976K)->22810K(22976K) Class: 3111K(3264K)->3111K(3264K)
[27.230s][info][gc             ] GC(10) Pause Young (Normal) (G1 Evacuation Pause) 1345M->1011M(9528M) 61.405ms
[27.230s][info][gc,cpu         ] GC(10) User=0.48s Sys=0.00s Real=0.06s
... (rIR:aIR:PR = 60:64:62) (tPR = 4034) [OK] 
    29s:       rampup IR =     70 .... (rIR:aIR:PR = 70:71:69) (tPR = 3839) [OK] 
    33s:       rampup IR =     80 .... (rIR:aIR:PR = 80:81:79) (tPR = 3934) [OK] 
    37s:       rampup IR =     90 .... (rIR:aIR:PR = 90:87:85) (tPR = 3931) [OK] 
    41s:       rampup IR =    100 .... (rIR:aIR:PR = 100:100:98) (tPR = 4083) [OK] 
    45s:    snapshot, IR =    100 ....|.[50.639s][info][gc,start       ] GC(11) Pause Young (Normal) (G1 Evacuation Pause)
[50.639s][info][gc,task        ] GC(11) Using 8 workers of 8 for evacuation
[50.673s][info][gc,phases      ] GC(11)   Pre Evacuate Collection Set: 0.24ms
[50.673s][info][gc,phases      ] GC(11)   Merge Heap Roots: 0.14ms
[50.673s][info][gc,phases      ] GC(11)   Evacuate Collection Set: 33.50ms
[50.673s][info][gc,phases      ] GC(11)   Post Evacuate Collection Set: 0.35ms
[50.673s][info][gc,phases      ] GC(11)   Other: 0.05ms
[50.673s][info][gc,heap        ] GC(11) Eden regions: 51->0(55)
[50.673s][info][gc,heap        ] GC(11) Survivor regions: 8->4(8)
[50.673s][info][gc,heap        ] GC(11) Old regions: 119->127
[50.673s][info][gc,heap        ] GC(11) Humongous regions: 3->3
[50.673s][info][gc,metaspace   ] GC(11) Metaspace: 26109K(26496K)->26109K(26496K) NonClass: 22995K(23232K)->22995K(23232K) Class: 3114K(3264K)->3114K(3264K)
[50.673s][info][gc             ] GC(11) Pause Young (Normal) (G1 Evacuation Pause) 1419M->1041M(9528M) 34.398ms
[50.673s][info][gc,cpu         ] GC(11) User=0.26s Sys=0.01s Real=0.03s
......................[73.079s][info][gc,start       ] GC(12) Pause Young (Normal) (G1 Evacuation Pause)
[73.079s][info][gc,task        ] GC(12) Using 8 workers of 8 for evacuation
[73.100s][info][gc,phases      ] GC(12)   Pre Evacuate Collection Set: 0.25ms
[73.100s][info][gc,phases      ] GC(12)   Merge Heap Roots: 0.14ms
[73.100s][info][gc,phases      ] GC(12)   Evacuate Collection Set: 20.29ms
[73.100s][info][gc,phases      ] GC(12)   Post Evacuate Collection Set: 0.36ms
[73.100s][info][gc,phases      ] GC(12)   Other: 0.07ms
[73.100s][info][gc,heap        ] GC(12) Eden regions: 55->0(52)
[73.100s][info][gc,heap        ] GC(12) Survivor regions: 4->7(8)
[73.100s][info][gc,heap        ] GC(12) Old regions: 127->127
[73.100s][info][gc,heap        ] GC(12) Humongous regions: 3->3
[73.100s][info][gc,metaspace   ] GC(12) Metaspace: 28067K(28480K)->28067K(28480K) NonClass: 24740K(24960K)->24740K(24960K) Class: 3326K(3520K)->3326K(3520K)
[73.100s][info][gc             ] GC(12) Pause Young (Normal) (G1 Evacuation Pause) 1481M->1066M(9528M) 21.244ms
[73.100s][info][gc,cpu         ] GC(12) User=0.16s Sys=0.00s Real=0.02s
....... (rIR:aIR:PR = 100:100:98) (tPR = 3218) [OK] 
    79s: Performing snapshot: (quiescence.....) (stop TxI) (stop BE) (saving... 103272 Kb) (term) [86.483s][info][gc,start       ] GC(13) Pause Full (System.gc())
[86.483s][info][gc,task        ] GC(13) Using 8 workers of 8 for full compaction
[86.484s][info][gc,phases,start] GC(13) Phase 1: Mark live objects
[86.499s][info][gc,phases      ] GC(13) Phase 1: Mark live objects 15.868ms
[86.500s][info][gc,phases,start] GC(13) Phase 2: Prepare compaction
[86.504s][info][gc,phases      ] GC(13) Phase 2: Prepare compaction 4.082ms
[86.504s][info][gc,phases,start] GC(13) Phase 3: Adjust pointers
[86.512s][info][gc,phases      ] GC(13) Phase 3: Adjust pointers 7.915ms
[86.512s][info][gc,phases,start] GC(13) Phase 4: Compact heap
[86.515s][info][gc,phases      ] GC(13) Phase 4: Compact heap 3.792ms
[86.515s][info][gc,phases,start] GC(13) Phase 5: Reset Metadata
[86.519s][info][gc,phases      ] GC(13) Phase 5: Reset Metadata 3.429ms
[86.534s][info][gc,heap        ] GC(13) Eden regions: 42->0(51)
[86.534s][info][gc,heap        ] GC(13) Survivor regions: 7->0(8)
[86.534s][info][gc,heap        ] GC(13) Old regions: 127->12
[86.534s][info][gc,heap        ] GC(13) Humongous regions: 77->18
[86.534s][info][gc,metaspace   ] GC(13) Metaspace: 28238K(28672K)->28238K(28672K) NonClass: 24905K(25152K)->24905K(25152K) Class: 3332K(3520K)->3332K(3520K)
[86.534s][info][gc             ] GC(13) Pause Full (System.gc()) 1994M->211M(8192M) 50.764ms
[86.534s][info][gc,cpu         ] GC(13) User=0.29s Sys=0.04s Real=0.05s
(init[87.047s][info][gc,start       ] GC(14) Pause Young (Normal) (G1 Evacuation Pause)
[87.047s][info][gc,task        ] GC(14) Using 8 workers of 8 for evacuation
[87.132s][info][gc,phases      ] GC(14)   Pre Evacuate Collection Set: 0.20ms
[87.132s][info][gc,phases      ] GC(14)   Merge Heap Roots: 0.11ms
[87.132s][info][gc,phases      ] GC(14)   Evacuate Collection Set: 84.25ms
[87.132s][info][gc,phases      ] GC(14)   Post Evacuate Collection Set: 0.25ms
[87.132s][info][gc,phases      ] GC(14)   Other: 0.05ms
[87.132s][info][gc,heap        ] GC(14) Eden regions: 51->0(44)
[87.132s][info][gc,heap        ] GC(14) Survivor regions: 0->7(7)
[87.132s][info][gc,heap        ] GC(14) Old regions: 12->21
[87.132s][info][gc,heap        ] GC(14) Humongous regions: 22->22
[87.132s][info][gc,metaspace   ] GC(14) Metaspace: 28314K(28800K)->28314K(28800K) NonClass: 24973K(25216K)->24973K(25216K) Class: 3340K(3584K)->3340K(3584K)
[87.132s][info][gc             ] GC(14) Pause Young (Normal) (G1 Evacuation Pause) 651M->368M(8192M) 84.983ms
[87.132s][info][gc,cpu         ] GC(14) User=0.62s Sys=0.01s Real=0.08s
[87.331s][info][gc,start       ] GC(15) Pause Young (Normal) (G1 Evacuation Pause)
[87.331s][info][gc,task        ] GC(15) Using 8 workers of 8 for evacuation
[87.450s][info][gc,phases      ] GC(15)   Pre Evacuate Collection Set: 0.17ms
[87.450s][info][gc,phases      ] GC(15)   Merge Heap Roots: 0.24ms
[87.450s][info][gc,phases      ] GC(15)   Evacuate Collection Set: 117.38ms
[87.450s][info][gc,phases      ] GC(15)   Post Evacuate Collection Set: 0.85ms
[87.450s][info][gc,phases      ] GC(15)   Other: 0.05ms
[87.450s][info][gc,heap        ] GC(15) Eden regions: 44->0(52)
[87.450s][info][gc,heap        ] GC(15) Survivor regions: 7->7(7)
[87.450s][info][gc,heap        ] GC(15) Old regions: 21->44
[87.450s][info][gc,heap        ] GC(15) Humongous regions: 28->28
[87.450s][info][gc,metaspace   ] GC(15) Metaspace: 28318K(28800K)->28318K(28800K) NonClass: 24977K(25216K)->24977K(25216K) Class: 3340K(3584K)->3340K(3584K)
[87.450s][info][gc             ] GC(15) Pause Young (Normal) (G1 Evacuation Pause) 768M->601M(9488M) 118.854ms
[87.450s][info][gc,cpu         ] GC(15) User=0.92s Sys=0.00s Real=0.12s
[87.730s][info][gc,start       ] GC(16) Pause Young (Normal) (G1 Evacuation Pause)
[87.730s][info][gc,task        ] GC(16) Using 8 workers of 8 for evacuation
[87.833s][info][gc,phases      ] GC(16)   Pre Evacuate Collection Set: 0.19ms
[87.833s][info][gc,phases      ] GC(16)   Merge Heap Roots: 0.18ms
[87.833s][info][gc,phases      ] GC(16)   Evacuate Collection Set: 102.11ms
[87.833s][info][gc,phases      ] GC(16)   Post Evacuate Collection Set: 0.29ms
[87.833s][info][gc,phases      ] GC(16)   Other: 0.05ms
[87.833s][info][gc,heap        ] GC(16) Eden regions: 52->0(51)
[87.833s][info][gc,heap        ] GC(16) Survivor regions: 7->8(8)
[87.833s][info][gc,heap        ] GC(16) Old regions: 44->61
[87.833s][info][gc,heap        ] GC(16) Humongous regions: 28->28
[87.833s][info][gc,metaspace   ] GC(16) Metaspace: 28336K(28800K)->28336K(28800K) NonClass: 24992K(25216K)->24992K(25216K) Class: 3343K(3584K)->3343K(3584K)
[87.833s][info][gc             ] GC(16) Pause Young (Normal) (G1 Evacuation Pause) 1017M->747M(9488M) 102.938ms
[87.833s][info][gc,cpu         ] GC(16) User=0.80s Sys=0.01s Real=0.10s
[88.206s][info][gc,start       ] GC(17) Pause Young (Normal) (G1 Evacuation Pause)
[88.206s][info][gc,task        ] GC(17) Using 8 workers of 8 for evacuation
[88.322s][info][gc,phases      ] GC(17)   Pre Evacuate Collection Set: 0.23ms
[88.322s][info][gc,phases      ] GC(17)   Merge Heap Roots: 0.25ms
[88.322s][info][gc,phases      ] GC(17)   Evacuate Collection Set: 114.25ms
[88.322s][info][gc,phases      ] GC(17)   Post Evacuate Collection Set: 0.39ms
[88.322s][info][gc,phases      ] GC(17)   Other: 0.05ms
[88.322s][info][gc,heap        ] GC(17) Eden regions: 51->0(51)
[88.322s][info][gc,heap        ] GC(17) Survivor regions: 8->8(8)
[88.322s][info][gc,heap        ] GC(17) Old regions: 61->91
[88.322s][info][gc,heap        ] GC(17) Humongous regions: 35->35
[88.322s][info][gc,metaspace   ] GC(17) Metaspace: 28345K(28800K)->28345K(28800K) NonClass: 25000K(25216K)->25000K(25216K) Class: 3344K(3584K)->3344K(3584K)
[88.322s][info][gc             ] GC(17) Pause Young (Normal) (G1 Evacuation Pause) 1211M->1043M(9488M) 115.294ms
[88.322s][info][gc,cpu         ] GC(17) User=0.90s Sys=0.01s Real=0.11s
) ...
    91s:       rampup IR =      0 ... (rIR:aIR:PR = 0:0:0) (tPR = 0) [OK] 
    94s:       rampup IR =     10 .[95.870s][info][gc,start       ] GC(18) Pause Young (Normal) (G1 Evacuation Pause)
[95.870s][info][gc,task        ] GC(18) Using 8 workers of 8 for evacuation
[96.005s][info][gc,phases      ] GC(18)   Pre Evacuate Collection Set: 0.23ms
[96.005s][info][gc,phases      ] GC(18)   Merge Heap Roots: 0.20ms
[96.005s][info][gc,phases      ] GC(18)   Evacuate Collection Set: 133.88ms
[96.005s][info][gc,phases      ] GC(18)   Post Evacuate Collection Set: 0.29ms
[96.005s][info][gc,phases      ] GC(18)   Other: 0.06ms
[96.005s][info][gc,heap        ] GC(18) Eden regions: 51->0(51)
[96.005s][info][gc,heap        ] GC(18) Survivor regions: 8->8(8)
[96.005s][info][gc,heap        ] GC(18) Old regions: 91->133
[96.005s][info][gc,heap        ] GC(18) Humongous regions: 35->35
[96.005s][info][gc,metaspace   ] GC(18) Metaspace: 28381K(28864K)->28381K(28864K) NonClass: 25037K(25280K)->25037K(25280K) Class: 3344K(3584K)->3344K(3584K)
[96.005s][info][gc             ] GC(18) Pause Young (Normal) (G1 Evacuation Pause) 1451M->1379M(9488M) 134.780ms
[96.005s][info][gc,cpu         ] GC(18) User=1.05s Sys=0.02s Real=0.13s
.. (rIR:aIR:PR = 10:10:10) (tPR = 217) [OK] 
    97s:       rampup IR =     20 ... (rIR:aIR:PR = 20:17:17) (tPR = 456) [OK] 
   100s:       rampup IR =     30 .... (rIR:aIR:PR = 30:28:28) (tPR = 905) [OK] 
   104s:       rampup IR =     40 .... (rIR:aIR:PR = 40:41:41) (tPR = 785) [OK] 
   108s:       rampup IR =     50 .... (rIR:aIR:PR = 50:51:50) (tPR = 1069) [OK] 
   112s:       rampup IR =     60 .... (rIR:aIR:PR = 60:60:58) (tPR = 1115) [OK] 
   116s:       rampup IR =     70 .... (rIR:aIR:PR = 70:69:67) (tPR = 1350) [OK] 
   120s:       rampup IR =     80 .... (rIR:aIR:PR = 80:79:77) (tPR = 2050) [OK] 
   124s:       rampup IR =     90 .... (rIR:aIR:PR = 90:91:90) (tPR = 1939) [OK] 
   128s:       rampup IR =    100 .... (rIR:aIR:PR = 100:102:99) (tPR = 2004) [OK] 
   132s:       trying IR =    200 .... (rIR:aIR:PR = 200:205:201) (tPR = 4025) [OK] 
   136s:       trying IR =    220 .... (rIR:aIR:PR = 220:213:208) (tPR = 4670) [OK] 
   140s:       trying IR =    244 [140.835s][info][gc,start       ] GC(19) Pause Young (Normal) (G1 Evacuation Pause)
[140.835s][info][gc,task        ] GC(19) Using 8 workers of 8 for evacuation
[140.879s][info][gc,phases      ] GC(19)   Pre Evacuate Collection Set: 0.26ms
[140.879s][info][gc,phases      ] GC(19)   Merge Heap Roots: 0.49ms
[140.879s][info][gc,phases      ] GC(19)   Evacuate Collection Set: 42.04ms
[140.879s][info][gc,phases      ] GC(19)   Post Evacuate Collection Set: 0.47ms
[140.879s][info][gc,phases      ] GC(19)   Other: 0.07ms
[140.879s][info][gc,heap        ] GC(19) Eden regions: 51->0(54)
[140.879s][info][gc,heap        ] GC(19) Survivor regions: 8->5(8)
[140.879s][info][gc,heap        ] GC(19) Old regions: 133->143
[140.879s][info][gc,heap        ] GC(19) Humongous regions: 35->35
[140.879s][info][gc,metaspace   ] GC(19) Metaspace: 28582K(29056K)->28582K(29056K) NonClass: 25237K(25472K)->25237K(25472K) Class: 3345K(3584K)->3345K(3584K)
[140.879s][info][gc             ] GC(19) Pause Young (Normal) (G1 Evacuation Pause) 1787M->1429M(9488M) 43.464ms
[140.879s][info][gc,cpu         ] GC(19) User=0.33s Sys=0.00s Real=0.05s
.... (rIR:aIR:PR = 244:245:241) (tPR = 4228) [OK] 
   144s:       trying IR =    273 .... (rIR:aIR:PR = 273:266:262) (tPR = 4690) [OK] 
   148s:       trying IR =    307 ...[151.782s][info][gc,start       ] GC(20) Pause Young (Normal) (G1 Evacuation Pause)
[151.782s][info][gc,task        ] GC(20) Using 8 workers of 8 for evacuation
[151.816s][info][gc,phases      ] GC(20)   Pre Evacuate Collection Set: 0.26ms
[151.816s][info][gc,phases      ] GC(20)   Merge Heap Roots: 0.42ms
[151.816s][info][gc,phases      ] GC(20)   Evacuate Collection Set: 32.17ms
[151.816s][info][gc,phases      ] GC(20)   Post Evacuate Collection Set: 0.34ms
[151.816s][info][gc,phases      ] GC(20)   Other: 0.05ms
[151.816s][info][gc,heap        ] GC(20) Eden regions: 54->0(72)
[151.816s][info][gc,heap        ] GC(20) Survivor regions: 5->4(8)
[151.816s][info][gc,heap        ] GC(20) Old regions: 143->148
[151.816s][info][gc,heap        ] GC(20) Humongous regions: 35->35
[151.816s][info][gc,metaspace   ] GC(20) Metaspace: 28644K(29120K)->28644K(29120K) NonClass: 25298K(25536K)->25298K(25536K) Class: 3345K(3584K)->3345K(3584K)
[151.816s][info][gc             ] GC(20) Pause Young (Normal) (G1 Evacuation Pause) 1861M->1463M(9488M) 33.370ms
[151.816s][info][gc,cpu         ] GC(20) User=0.26s Sys=0.00s Real=0.03s
.. (rIR:aIR:PR = 307:310:303) (tPR = 6125) [OK] 
   153s:       trying IR =    349 ..... (rIR:aIR:PR = 349:351:343) (tPR = 6920) [OK] 
   158s:       trying IR =    399 .... (rIR:aIR:PR = 399:406:399) (tPR = 7500) [OK] 
   162s:       trying IR =    458 [162.440s][info][gc,start       ] GC(21) Pause Young (Normal) (G1 Evacuation Pause)
[162.440s][info][gc,task        ] GC(21) Using 8 workers of 8 for evacuation
[162.475s][info][gc,phases      ] GC(21)   Pre Evacuate Collection Set: 0.25ms
[162.475s][info][gc,phases      ] GC(21)   Merge Heap Roots: 0.34ms
[162.475s][info][gc,phases      ] GC(21)   Evacuate Collection Set: 33.81ms
[162.475s][info][gc,phases      ] GC(21)   Post Evacuate Collection Set: 0.41ms
[162.475s][info][gc,phases      ] GC(21)   Other: 0.06ms
[162.475s][info][gc,heap        ] GC(21) Eden regions: 77->0(178)
[162.475s][info][gc,heap        ] GC(21) Survivor regions: 4->9(11)
[162.475s][info][gc,heap        ] GC(21) Old regions: 148->148
[162.475s][info][gc,heap        ] GC(21) Humongous regions: 35->35
[162.475s][info][gc,metaspace   ] GC(21) Metaspace: 28692K(29184K)->28692K(29184K) NonClass: 25344K(25600K)->25344K(25600K) Class: 3348K(3584K)->3348K(3584K)
[162.475s][info][gc             ] GC(21) Pause Young (Normal) (G1 Evacuation Pause) 2079M->1499M(9488M) 35.000ms
[162.475s][info][gc,cpu         ] GC(21) User=0.26s Sys=0.01s Real=0.03s
..... (rIR:aIR:PR = 458:458:448) (tPR = 7876) [OK] 
   167s:       trying IR =    530 .... (rIR:aIR:PR = 530:535:524) (tPR = 10113) [OK] 
   171s:       trying IR =    616 .... (rIR:aIR:PR = 616:610:596) (tPR = 9983) [OK] 
   175s:       trying IR =    719 ..[177.795s][info][gc,start       ] GC(22) Pause Young (Normal) (G1 Evacuation Pause)
[177.795s][info][gc,task        ] GC(22) Using 8 workers of 8 for evacuation
[177.855s][info][gc,phases      ] GC(22)   Pre Evacuate Collection Set: 0.25ms
[177.855s][info][gc,phases      ] GC(22)   Merge Heap Roots: 0.34ms
[177.855s][info][gc,phases      ] GC(22)   Evacuate Collection Set: 58.80ms
[177.855s][info][gc,phases      ] GC(22)   Post Evacuate Collection Set: 0.61ms
[177.855s][info][gc,phases      ] GC(22)   Other: 0.08ms
[177.855s][info][gc,heap        ] GC(22) Eden regions: 180->0(229)
[177.855s][info][gc,heap        ] GC(22) Survivor regions: 9->18(24)
[177.855s][info][gc,heap        ] GC(22) Old regions: 148->148
[177.855s][info][gc,heap        ] GC(22) Humongous regions: 35->35
[177.855s][info][gc,metaspace   ] GC(22) Metaspace: 28754K(29184K)->28754K(29184K) NonClass: 25405K(25600K)->25405K(25600K) Class: 3349K(3584K)->3349K(3584K)
[177.855s][info][gc             ] GC(22) Pause Young (Normal) (G1 Evacuation Pause) 2939M->1574M(9488M) 60.187ms
[177.855s][info][gc,cpu         ] GC(22) User=0.47s Sys=0.00s Real=0.06s
.. (rIR:aIR:PR = 719:728:710) (tPR = 12275) [OK] 
   179s:       trying IR =    843 .... (rIR:aIR:PR = 843:847:827) (tPR = 14324) [OK] 
   183s:       trying IR =    992 .... (rIR:aIR:PR = 992:992:970) (tPR = 15449) [OK] 
   187s:       trying IR =   1170 ..[189.502s][info][gc,start       ] GC(23) Pause Young (Normal) (G1 Evacuation Pause)
[189.502s][info][gc,task        ] GC(23) Using 8 workers of 8 for evacuation
[189.591s][info][gc,phases      ] GC(23)   Pre Evacuate Collection Set: 0.27ms
[189.591s][info][gc,phases      ] GC(23)   Merge Heap Roots: 0.35ms
[189.591s][info][gc,phases      ] GC(23)   Evacuate Collection Set: 87.48ms
[189.591s][info][gc,phases      ] GC(23)   Post Evacuate Collection Set: 0.63ms
[189.591s][info][gc,phases      ] GC(23)   Other: 0.08ms
[189.591s][info][gc,heap        ] GC(23) Eden regions: 226->0(206)
[189.591s][info][gc,heap        ] GC(23) Survivor regions: 18->24(31)
[189.591s][info][gc,heap        ] GC(23) Old regions: 148->151
[189.591s][info][gc,heap        ] GC(23) Humongous regions: 35->35
[189.591s][info][gc,metaspace   ] GC(23) Metaspace: 28801K(29312K)->28801K(29312K) NonClass: 25450K(25728K)->25450K(25728K) Class: 3350K(3584K)->3350K(3584K)
[189.591s][info][gc             ] GC(23) Pause Young (Normal) (G1 Evacuation Pause) 3382M->1643M(9488M) 88.927ms
[189.591s][info][gc,cpu         ] GC(23) User=0.68s Sys=0.02s Real=0.09s
.. (rIR:aIR:PR = 1170:1166:1141) (tPR = 20196) [OK] 
   191s:       trying IR =   1384 .... (rIR:aIR:PR = 1384:1373:1344) (tPR = 22828) [OK] 
   195s:       trying IR =   1641 .[196.940s][info][gc,start       ] GC(24) Pause Young (Normal) (G1 Evacuation Pause)
[196.940s][info][gc,task        ] GC(24) Using 8 workers of 8 for evacuation
[197.035s][info][gc,phases      ] GC(24)   Pre Evacuate Collection Set: 0.27ms
[197.035s][info][gc,phases      ] GC(24)   Merge Heap Roots: 0.34ms
[197.035s][info][gc,phases      ] GC(24)   Evacuate Collection Set: 93.86ms
[197.035s][info][gc,phases      ] GC(24)   Post Evacuate Collection Set: 0.57ms
[197.035s][info][gc,phases      ] GC(24)   Other: 0.06ms
[197.035s][info][gc,heap        ] GC(24) Eden regions: 216->0(240)
[197.035s][info][gc,heap        ] GC(24) Survivor regions: 24->23(30)
[197.035s][info][gc,heap        ] GC(24) Old regions: 151->160
[197.035s][info][gc,heap        ] GC(24) Humongous regions: 35->35
[197.035s][info][gc,metaspace   ] GC(24) Metaspace: 28931K(29376K)->28931K(29376K) NonClass: 25564K(25792K)->25564K(25792K) Class: 3366K(3584K)->3366K(3584K)
[197.035s][info][gc             ] GC(24) Pause Young (Normal) (G1 Evacuation Pause) 3371M->1713M(9488M) 95.236ms
[197.036s][info][gc,cpu         ] GC(24) User=0.75s Sys=0.00s Real=0.09s
... (rIR:aIR:PR = 1641:1645:1643) (tPR = 27215) [OK] 
   199s:       trying IR =   1949 .... (rIR:aIR:PR = 1949:1934:1934) (tPR = 32498) [OK] 
   203s:       trying IR =   2319 [203.722s][info][gc,start       ] GC(25) Pause Young (Normal) (G1 Evacuation Pause)
[203.722s][info][gc,task        ] GC(25) Using 8 workers of 8 for evacuation
[203.827s][info][gc,phases      ] GC(25)   Pre Evacuate Collection Set: 0.24ms
[203.827s][info][gc,phases      ] GC(25)   Merge Heap Roots: 0.27ms
[203.827s][info][gc,phases      ] GC(25)   Evacuate Collection Set: 103.63ms
[203.827s][info][gc,phases      ] GC(25)   Post Evacuate Collection Set: 0.66ms
[203.827s][info][gc,phases      ] GC(25)   Other: 0.06ms
[203.827s][info][gc,heap        ] GC(25) Eden regions: 261->0(293)
[203.827s][info][gc,heap        ] GC(25) Survivor regions: 23->25(36)
[203.827s][info][gc,heap        ] GC(25) Old regions: 160->169
[203.827s][info][gc,heap        ] GC(25) Humongous regions: 35->35
[203.827s][info][gc,metaspace   ] GC(25) Metaspace: 28969K(29440K)->28969K(29440K) NonClass: 25602K(25856K)->25602K(25856K) Class: 3366K(3584K)->3366K(3584K)
[203.827s][info][gc             ] GC(25) Pause Young (Normal) (G1 Evacuation Pause) 3801M->1792M(9488M) 104.988ms
[203.827s][info][gc,cpu         ] GC(25) User=0.80s Sys=0.02s Real=0.11s
.... (rIR:aIR:PR = 2319:2323:2323) (tPR = 38708) [OK] 
   207s:       trying IR =   2762 ..[210.095s][info][gc,start       ] GC(26) Pause Young (Normal) (G1 Evacuation Pause)
[210.095s][info][gc,task        ] GC(26) Using 8 workers of 8 for evacuation
[210.207s][info][gc,phases      ] GC(26)   Pre Evacuate Collection Set: 0.25ms
[210.207s][info][gc,phases      ] GC(26)   Merge Heap Roots: 0.28ms
[210.207s][info][gc,phases      ] GC(26)   Evacuate Collection Set: 111.17ms
[210.207s][info][gc,phases      ] GC(26)   Post Evacuate Collection Set: 0.68ms
[210.207s][info][gc,phases      ] GC(26)   Other: 0.06ms
[210.207s][info][gc,heap        ] GC(26) Eden regions: 307->0(340)
[210.207s][info][gc,heap        ] GC(26) Survivor regions: 25->29(42)
[210.207s][info][gc,heap        ] GC(26) Old regions: 169->176
[210.207s][info][gc,heap        ] GC(26) Humongous regions: 35->35
[210.207s][info][gc,metaspace   ] GC(26) Metaspace: 29053K(29568K)->29053K(29568K) NonClass: 25682K(25920K)->25682K(25920K) Class: 3371K(3648K)->3371K(3648K)
[210.207s][info][gc             ] GC(26) Pause Young (Normal) (G1 Evacuation Pause) 4248M->1885M(9488M) 112.567ms
[210.207s][info][gc,cpu         ] GC(26) User=0.84s Sys=0.04s Real=0.12s
.. (rIR:aIR:PR = 2762:2742:2742) (tPR = 43571) [OK] 
   211s:       trying IR =   3295 .... (rIR:aIR:PR = 3295:3330:3331) (tPR = 52128) [OK] 
   215s:       trying IR =   3934 [216.494s][info][gc,start       ] GC(27) Pause Young (Normal) (G1 Evacuation Pause)
[216.494s][info][gc,task        ] GC(27) Using 8 workers of 8 for evacuation
[216.623s][info][gc,phases      ] GC(27)   Pre Evacuate Collection Set: 0.28ms
[216.623s][info][gc,phases      ] GC(27)   Merge Heap Roots: 0.33ms
[216.623s][info][gc,phases      ] GC(27)   Evacuate Collection Set: 127.38ms
[216.623s][info][gc,phases      ] GC(27)   Post Evacuate Collection Set: 0.91ms
[216.623s][info][gc,phases      ] GC(27)   Other: 0.08ms
[216.623s][info][gc,heap        ] GC(27) Eden regions: 346->0(353)
[216.623s][info][gc,heap        ] GC(27) Survivor regions: 29->32(47)
[216.623s][info][gc,heap        ] GC(27) Old regions: 176->184
[216.623s][info][gc,heap        ] GC(27) Humongous regions: 35->35
[216.623s][info][gc,metaspace   ] GC(27) Metaspace: 29444K(29952K)->29444K(29952K) NonClass: 26052K(26304K)->26052K(26304K) Class: 3391K(3648K)->3391K(3648K)
[216.623s][info][gc             ] GC(27) Pause Young (Normal) (G1 Evacuation Pause) 4653M->1979M(9488M) 129.123ms
[216.623s][info][gc,cpu         ] GC(27) User=0.97s Sys=0.06s Real=0.13s
...... (rIR:aIR:PR = 3934:4072:4071) (tPR = 63143) [OK] 
   221s:       trying IR =   4701 [221.948s][info][gc,start       ] GC(28) Pause Young (Normal) (G1 Evacuation Pause)
[221.948s][info][gc,task        ] GC(28) Using 8 workers of 8 for evacuation
[222.075s][info][gc,phases      ] GC(28)   Pre Evacuate Collection Set: 0.31ms
[222.075s][info][gc,phases      ] GC(28)   Merge Heap Roots: 0.48ms
[222.075s][info][gc,phases      ] GC(28)   Evacuate Collection Set: 125.44ms
[222.075s][info][gc,phases      ] GC(28)   Post Evacuate Collection Set: 0.83ms
[222.075s][info][gc,phases      ] GC(28)   Other: 0.07ms
[222.075s][info][gc,heap        ] GC(28) Eden regions: 345->0(375)
[222.075s][info][gc,heap        ] GC(28) Survivor regions: 32->33(48)
[222.075s][info][gc,heap        ] GC(28) Old regions: 184->193
[222.075s][info][gc,heap        ] GC(28) Humongous regions: 35->35
[222.075s][info][gc,metaspace   ] GC(28) Metaspace: 29508K(30016K)->29508K(30016K) NonClass: 26116K(26368K)->26116K(26368K) Class: 3391K(3648K)->3391K(3648K)
[222.075s][info][gc             ] GC(28) Pause Young (Normal) (G1 Evacuation Pause) 4739M->2058M(9488M) 127.259ms
[222.075s][info][gc,cpu         ] GC(28) User=0.99s Sys=0.01s Real=0.12s
.... (rIR:aIR:PR = 4701:4668:4667) (tPR = 69851) [OK] 
   225s:       trying IR =   5621 .[226.895s][info][gc,start       ] GC(29) Pause Young (Normal) (G1 Evacuation Pause)
[226.895s][info][gc,task        ] GC(29) Using 8 workers of 8 for evacuation
[227.034s][info][gc,phases      ] GC(29)   Pre Evacuate Collection Set: 0.23ms
[227.035s][info][gc,phases      ] GC(29)   Merge Heap Roots: 0.34ms
[227.035s][info][gc,phases      ] GC(29)   Evacuate Collection Set: 138.10ms
[227.035s][info][gc,phases      ] GC(29)   Post Evacuate Collection Set: 0.87ms
[227.035s][info][gc,phases      ] GC(29)   Other: 0.07ms
[227.035s][info][gc,heap        ] GC(29) Eden regions: 371->0(390)
[227.035s][info][gc,heap        ] GC(29) Survivor regions: 33->35(51)
[227.035s][info][gc,heap        ] GC(29) Old regions: 193->203
[227.035s][info][gc,heap        ] GC(29) Humongous regions: 35->35
[227.035s][info][gc,metaspace   ] GC(29) Metaspace: 29525K(30080K)->29525K(30080K) NonClass: 26133K(26432K)->26133K(26432K) Class: 3392K(3648K)->3392K(3648K)
[227.035s][info][gc             ] GC(29) Pause Young (Normal) (G1 Evacuation Pause) 5026M->2149M(9488M) 139.726ms
[227.035s][info][gc,cpu         ] GC(29) User=1.07s Sys=0.04s Real=0.14s
... (rIR:aIR:PR = 5621:5638:5638) (tPR = 82815) [OK] 
   229s:       trying IR =   6725 .[231.192s][info][gc,start       ] GC(30) Pause Young (Normal) (G1 Evacuation Pause)
[231.192s][info][gc,task        ] GC(30) Using 8 workers of 8 for evacuation
[231.330s][info][gc,phases      ] GC(30)   Pre Evacuate Collection Set: 0.25ms
[231.330s][info][gc,phases      ] GC(30)   Merge Heap Roots: 0.39ms
[231.330s][info][gc,phases      ] GC(30)   Evacuate Collection Set: 136.27ms
[231.330s][info][gc,phases      ] GC(30)   Post Evacuate Collection Set: 0.88ms
[231.330s][info][gc,phases      ] GC(30)   Other: 0.09ms
[231.330s][info][gc,heap        ] GC(30) Eden regions: 389->0(410)
[231.330s][info][gc,heap        ] GC(30) Survivor regions: 35->36(53)
[231.330s][info][gc,heap        ] GC(30) Old regions: 203->212
[231.330s][info][gc,heap        ] GC(30) Humongous regions: 35->35
[231.330s][info][gc,metaspace   ] GC(30) Metaspace: 29557K(30080K)->29557K(30080K) NonClass: 26165K(26432K)->26165K(26432K) Class: 3392K(3648K)->3392K(3648K)
[231.330s][info][gc             ] GC(30) Pause Young (Normal) (G1 Evacuation Pause) 5261M->2228M(9488M) 137.988ms
[231.330s][info][gc,cpu         ] GC(30) User=1.06s Sys=0.03s Real=0.14s
.... (rIR:aIR:PR = 6725:6668:6667) (tPR = 101965) [OK] 
   234s:       trying IR =   8050 [235.070s][info][gc,start       ] GC(31) Pause Young (Normal) (G1 Evacuation Pause)
[235.070s][info][gc,task        ] GC(31) Using 8 workers of 8 for evacuation
[235.210s][info][gc,phases      ] GC(31)   Pre Evacuate Collection Set: 0.27ms
[235.210s][info][gc,phases      ] GC(31)   Merge Heap Roots: 0.44ms
[235.210s][info][gc,phases      ] GC(31)   Evacuate Collection Set: 138.40ms
[235.210s][info][gc,phases      ] GC(31)   Post Evacuate Collection Set: 0.93ms
[235.210s][info][gc,phases      ] GC(31)   Other: 0.07ms
[235.210s][info][gc,heap        ] GC(31) Eden regions: 408->0(445)
[235.210s][info][gc,heap        ] GC(31) Survivor regions: 36->36(56)
[235.210s][info][gc,heap        ] GC(31) Old regions: 212->220
[235.210s][info][gc,heap        ] GC(31) Humongous regions: 35->35
[235.210s][info][gc,metaspace   ] GC(31) Metaspace: 29568K(30080K)->29568K(30080K) NonClass: 26176K(26432K)->26176K(26432K) Class: 3392K(3648K)->3392K(3648K)
[235.210s][info][gc             ] GC(31) Pause Young (Normal) (G1 Evacuation Pause) 5492M->2299M(9488M) 140.265ms
[235.210s][info][gc,cpu         ] GC(31) User=1.08s Sys=0.04s Real=0.14s
.... (rIR:aIR:PR = 8050:8071:8070) (tPR = 120845) [OK] 
   238s:       trying IR =   9640 [238.769s][info][gc,start       ] GC(32) Pause Young (Normal) (G1 Evacuation Pause)
[238.769s][info][gc,task        ] GC(32) Using 8 workers of 8 for evacuation
[238.920s][info][gc,phases      ] GC(32)   Pre Evacuate Collection Set: 0.27ms
[238.920s][info][gc,phases      ] GC(32)   Merge Heap Roots: 0.36ms
[238.920s][info][gc,phases      ] GC(32)   Evacuate Collection Set: 150.03ms
[238.920s][info][gc,phases      ] GC(32)   Post Evacuate Collection Set: 0.90ms
[238.920s][info][gc,phases      ] GC(32)   Other: 0.06ms
[238.920s][info][gc,heap        ] GC(32) Eden regions: 444->0(475)
[238.920s][info][gc,heap        ] GC(32) Survivor regions: 36->40(60)
[238.920s][info][gc,heap        ] GC(32) Old regions: 220->229
[238.920s][info][gc,heap        ] GC(32) Humongous regions: 35->35
[238.920s][info][gc,metaspace   ] GC(32) Metaspace: 29573K(30080K)->29573K(30080K) NonClass: 26181K(26432K)->26181K(26432K) Class: 3392K(3648K)->3392K(3648K)
[238.920s][info][gc             ] GC(32) Pause Young (Normal) (G1 Evacuation Pause) 5851M->2394M(9488M) 151.760ms
[238.920s][info][gc,cpu         ] GC(32) User=1.13s Sys=0.06s Real=0.15s
...[242.083s][info][gc,start       ] GC(33) Pause Young (Normal) (G1 Evacuation Pause)
[242.083s][info][gc,task        ] GC(33) Using 8 workers of 8 for evacuation
[242.243s][info][gc,phases      ] GC(33)   Pre Evacuate Collection Set: 0.26ms
[242.244s][info][gc,phases      ] GC(33)   Merge Heap Roots: 0.40ms
[242.244s][info][gc,phases      ] GC(33)   Evacuate Collection Set: 158.32ms
[242.244s][info][gc,phases      ] GC(33)   Post Evacuate Collection Set: 1.04ms
[242.244s][info][gc,phases      ] GC(33)   Other: 0.08ms
[242.244s][info][gc,heap        ] GC(33) Eden regions: 473->0(460)
[242.244s][info][gc,heap        ] GC(33) Survivor regions: 40->41(65)
[242.244s][info][gc,heap        ] GC(33) Old regions: 229->237
[242.244s][info][gc,heap        ] GC(33) Humongous regions: 35->35
[242.244s][info][gc,metaspace   ] GC(33) Metaspace: 29600K(30080K)->29600K(30080K) NonClass: 26207K(26432K)->26207K(26432K) Class: 3393K(3648K)->3393K(3648K)
[242.244s][info][gc             ] GC(33) Pause Young (Normal) (G1 Evacuation Pause) 6178M->2464M(9488M) 160.231ms
[242.244s][info][gc,cpu         ] GC(33) User=1.23s Sys=0.03s Real=0.16s
. (rIR:aIR:PR = 9640:9673:9324) (tPR = 135607) [OK] 
   242s:       trying IR =  11548 ..[244.771s][info][gc,start       ] GC(34) Pause Young (Normal) (G1 Evacuation Pause)
[244.771s][info][gc,task        ] GC(34) Using 8 workers of 8 for evacuation
[244.913s][info][gc,phases      ] GC(34)   Pre Evacuate Collection Set: 0.27ms
[244.913s][info][gc,phases      ] GC(34)   Merge Heap Roots: 0.41ms
[244.913s][info][gc,phases      ] GC(34)   Evacuate Collection Set: 140.11ms
[244.913s][info][gc,phases      ] GC(34)   Post Evacuate Collection Set: 0.91ms
[244.913s][info][gc,phases      ] GC(34)   Other: 0.06ms
[244.913s][info][gc,heap        ] GC(34) Eden regions: 458->0(508)
[244.913s][info][gc,heap        ] GC(34) Survivor regions: 41->40(63)
[244.913s][info][gc,heap        ] GC(34) Old regions: 237->245
[244.913s][info][gc,heap        ] GC(34) Humongous regions: 35->35
[244.913s][info][gc,metaspace   ] GC(34) Metaspace: 29612K(30080K)->29612K(30080K) NonClass: 26219K(26432K)->26219K(26432K) Class: 3393K(3648K)->3393K(3648K)
[244.913s][info][gc             ] GC(34) Pause Young (Normal) (G1 Evacuation Pause) 6128M->2520M(9488M) 141.894ms
[244.913s][info][gc,cpu         ] GC(34) User=1.12s Sys=0.01s Real=0.14s
.. (rIR:aIR:PR = 11548:11431:11557) (tPR = 161182) [OK] 
   246s:       trying IR =  13837 [247.643s][info][gc,start       ] GC(35) Pause Young (Normal) (G1 Evacuation Pause)
[247.643s][info][gc,task        ] GC(35) Using 8 workers of 8 for evacuation
[247.796s][info][gc,phases      ] GC(35)   Pre Evacuate Collection Set: 0.24ms
[247.797s][info][gc,phases      ] GC(35)   Merge Heap Roots: 0.41ms
[247.797s][info][gc,phases      ] GC(35)   Evacuate Collection Set: 151.37ms
[247.797s][info][gc,phases      ] GC(35)   Post Evacuate Collection Set: 1.09ms
[247.797s][info][gc,phases      ] GC(35)   Other: 0.07ms
[247.797s][info][gc,heap        ] GC(35) Eden regions: 507->0(610)
[247.797s][info][gc,heap        ] GC(35) Survivor regions: 40->39(69)
[247.797s][info][gc,heap        ] GC(35) Old regions: 245->253
[247.797s][info][gc,heap        ] GC(35) Humongous regions: 35->35
[247.797s][info][gc,metaspace   ] GC(35) Metaspace: 29616K(30080K)->29616K(30080K) NonClass: 26223K(26432K)->26223K(26432K) Class: 3393K(3648K)->3393K(3648K)
[247.797s][info][gc             ] GC(35) Pause Young (Normal) (G1 Evacuation Pause) 6576M->2582M(9488M) 154.061ms
[247.797s][info][gc,cpu         ] GC(35) User=1.16s Sys=0.05s Real=0.16s
....[250.948s][info][gc,start       ] GC(36) Pause Young (Normal) (G1 Evacuation Pause)
[250.948s][info][gc,task        ] GC(36) Using 8 workers of 8 for evacuation
[251.110s][info][gc,phases      ] GC(36)   Pre Evacuate Collection Set: 0.28ms
[251.110s][info][gc,phases      ] GC(36)   Merge Heap Roots: 0.43ms
[251.110s][info][gc,phases      ] GC(36)   Evacuate Collection Set: 160.04ms
[251.110s][info][gc,phases      ] GC(36)   Post Evacuate Collection Set: 1.15ms
[251.110s][info][gc,phases      ] GC(36)   Other: 0.08ms
[251.110s][info][gc,heap        ] GC(36) Eden regions: 602->0(559)
[251.110s][info][gc,heap        ] GC(36) Survivor regions: 39->49(81)
[251.110s][info][gc,heap        ] GC(36) Old regions: 253->253
[251.110s][info][gc,heap        ] GC(36) Humongous regions: 35->35
[251.110s][info][gc,metaspace   ] GC(36) Metaspace: 29617K(30080K)->29617K(30080K) NonClass: 26224K(26432K)->26224K(26432K) Class: 3393K(3648K)->3393K(3648K)
[251.110s][info][gc             ] GC(36) Pause Young (Normal) (G1 Evacuation Pause) 7398M->2658M(9488M) 162.113ms
[251.110s][info][gc,cpu         ] GC(36) User=1.22s Sys=0.06s Real=0.16s
...[253.994s][info][gc,start       ] GC(37) Pause Young (Normal) (G1 Evacuation Pause)
[253.994s][info][gc,task        ] GC(37) Using 8 workers of 8 for evacuation
[254.167s][info][gc,phases      ] GC(37)   Pre Evacuate Collection Set: 0.23ms
[254.167s][info][gc,phases      ] GC(37)   Merge Heap Roots: 0.43ms
[254.167s][info][gc,phases      ] GC(37)   Evacuate Collection Set: 171.34ms
[254.167s][info][gc,phases      ] GC(37)   Post Evacuate Collection Set: 1.02ms
[254.167s][info][gc,phases      ] GC(37)   Other: 0.06ms
[254.167s][info][gc,heap        ] GC(37) Eden regions: 553->0(516)
[254.167s][info][gc,heap        ] GC(37) Survivor regions: 49->46(76)
[254.167s][info][gc,heap        ] GC(37) Old regions: 253->262
[254.167s][info][gc,heap        ] GC(37) Humongous regions: 35->35
[254.167s][info][gc,metaspace   ] GC(37) Metaspace: 29617K(30080K)->29617K(30080K) NonClass: 26224K(26432K)->26224K(26432K) Class: 3393K(3648K)->3393K(3648K)
[254.167s][info][gc             ] GC(37) Pause Young (Normal) (G1 Evacuation Pause) 7082M->2711M(9488M) 173.225ms
[254.167s][info][gc,cpu         ] GC(37) User=1.37s Sys=0.01s Real=0.18s
...[256.869s][info][gc,start       ] GC(38) Pause Young (Normal) (G1 Evacuation Pause)
[256.869s][info][gc,task        ] GC(38) Using 8 workers of 8 for evacuation
[257.030s][info][gc,phases      ] GC(38)   Pre Evacuate Collection Set: 0.27ms
[257.030s][info][gc,phases      ] GC(38)   Merge Heap Roots: 0.51ms
[257.030s][info][gc,phases      ] GC(38)   Evacuate Collection Set: 159.70ms
[257.030s][info][gc,phases      ] GC(38)   Post Evacuate Collection Set: 0.90ms
[257.030s][info][gc,phases      ] GC(38)   Other: 0.07ms
[257.030s][info][gc,heap        ] GC(38) Eden regions: 515->0(579)
[257.030s][info][gc,heap        ] GC(38) Survivor regions: 46->44(71)
[257.030s][info][gc,heap        ] GC(38) Old regions: 262->271
[257.030s][info][gc,heap        ] GC(38) Humongous regions: 35->35
[257.030s][info][gc,metaspace   ] GC(38) Metaspace: 29618K(30080K)->29618K(30080K) NonClass: 26225K(26432K)->26225K(26432K) Class: 3393K(3648K)->3393K(3648K)
[257.030s][info][gc             ] GC(38) Pause Young (Normal) (G1 Evacuation Pause) 6831M->2766M(9488M) 161.572ms
[257.031s][info][gc,cpu         ] GC(38) User=1.27s Sys=0.01s Real=0.16s
...[259.951s][info][gc,start       ] GC(39) Pause Young (Normal) (G1 Evacuation Pause)
[259.951s][info][gc,task        ] GC(39) Using 8 workers of 8 for evacuation
[260.112s][info][gc,phases      ] GC(39)   Pre Evacuate Collection Set: 0.24ms
[260.112s][info][gc,phases      ] GC(39)   Merge Heap Roots: 0.42ms
[260.112s][info][gc,phases      ] GC(39)   Evacuate Collection Set: 158.88ms
[260.112s][info][gc,phases      ] GC(39)   Post Evacuate Collection Set: 0.97ms
[260.112s][info][gc,phases      ] GC(39)   Other: 0.06ms
[260.112s][info][gc,heap        ] GC(39) Eden regions: 578->0(619)
[260.112s][info][gc,heap        ] GC(39) Survivor regions: 44->45(78)
[260.112s][info][gc,heap        ] GC(39) Old regions: 271->279
[260.112s][info][gc,heap        ] GC(39) Humongous regions: 35->35
[260.112s][info][gc,metaspace   ] GC(39) Metaspace: 29631K(30144K)->29631K(30144K) NonClass: 26238K(26496K)->26238K(26496K) Class: 3393K(3648K)->3393K(3648K)
[260.112s][info][gc             ] GC(39) Pause Young (Normal) (G1 Evacuation Pause) 7390M->2832M(9488M) 160.710ms
[260.112s][info][gc,cpu         ] GC(39) User=1.25s Sys=0.01s Real=0.16s
...[263.342s][info][gc,start       ] GC(40) Pause Young (Normal) (G1 Evacuation Pause)
[263.342s][info][gc,task        ] GC(40) Using 8 workers of 8 for evacuation
[263.509s][info][gc,phases      ] GC(40)   Pre Evacuate Collection Set: 0.24ms
[263.509s][info][gc,phases      ] GC(40)   Merge Heap Roots: 0.43ms
[263.509s][info][gc,phases      ] GC(40)   Evacuate Collection Set: 165.09ms
[263.509s][info][gc,phases      ] GC(40)   Post Evacuate Collection Set: 1.07ms
[263.509s][info][gc,phases      ] GC(40)   Other: 0.07ms
[263.509s][info][gc,heap        ] GC(40) Eden regions: 619->0(618)
[263.509s][info][gc,heap        ] GC(40) Survivor regions: 45->46(83)
[263.509s][info][gc,heap        ] GC(40) Old regions: 279->285
[263.509s][info][gc,heap        ] GC(40) Humongous regions: 35->35
[263.509s][info][gc,metaspace   ] GC(40) Metaspace: 29633K(30144K)->29633K(30144K) NonClass: 26239K(26496K)->26239K(26496K) Class: 3393K(3648K)->3393K(3648K)
[263.509s][info][gc             ] GC(40) Pause Young (Normal) (G1 Evacuation Pause) 7784M->2894M(9488M) 167.030ms
[263.509s][info][gc,cpu         ] GC(40) User=1.29s Sys=0.04s Real=0.17s
...[266.559s][info][gc,start       ] GC(41) Pause Young (Normal) (G1 Evacuation Pause)
[266.559s][info][gc,task        ] GC(41) Using 8 workers of 8 for evacuation
[266.718s][info][gc,phases      ] GC(41)   Pre Evacuate Collection Set: 0.24ms
[266.718s][info][gc,phases      ] GC(41)   Merge Heap Roots: 0.45ms
[266.718s][info][gc,phases      ] GC(41)   Evacuate Collection Set: 156.70ms
[266.718s][info][gc,phases      ] GC(41)   Post Evacuate Collection Set: 1.07ms
[266.718s][info][gc,phases      ] GC(41)   Other: 0.06ms
[266.718s][info][gc,heap        ] GC(41) Eden regions: 617->0(657)
[266.718s][info][gc,heap        ] GC(41) Survivor regions: 46->45(83)
[266.718s][info][gc,heap        ] GC(41) Old regions: 285->291
[266.718s][info][gc,heap        ] GC(41) Humongous regions: 35->35
[266.718s][info][gc,metaspace   ] GC(41) Metaspace: 29636K(30144K)->29636K(30144K) NonClass: 26243K(26496K)->26243K(26496K) Class: 3393K(3648K)->3393K(3648K)
[266.718s][info][gc             ] GC(41) Pause Young (Normal) (G1 Evacuation Pause) 7830M->2930M(9488M) 158.650ms
[266.718s][info][gc,cpu         ] GC(41) User=1.25s Sys=0.01s Real=0.16s
....[270.042s][info][gc,start       ] GC(42) Pause Young (Normal) (G1 Evacuation Pause)
[270.042s][info][gc,task        ] GC(42) Using 8 workers of 8 for evacuation
[270.218s][info][gc,phases      ] GC(42)   Pre Evacuate Collection Set: 0.26ms
[270.218s][info][gc,phases      ] GC(42)   Merge Heap Roots: 0.45ms
[270.218s][info][gc,phases      ] GC(42)   Evacuate Collection Set: 173.46ms
[270.218s][info][gc,phases      ] GC(42)   Post Evacuate Collection Set: 1.16ms
[270.218s][info][gc,phases      ] GC(42)   Other: 0.07ms
[270.218s][info][gc,heap        ] GC(42) Eden regions: 655->0(609)
[270.218s][info][gc,heap        ] GC(42) Survivor regions: 45->54(88)
[270.218s][info][gc,heap        ] GC(42) Old regions: 291->291
[270.218s][info][gc,heap        ] GC(42) Humongous regions: 35->35
[270.218s][info][gc,metaspace   ] GC(42) Metaspace: 29638K(30144K)->29638K(30144K) NonClass: 26245K(26496K)->26245K(26496K) Class: 3393K(3648K)->3393K(3648K)
[270.218s][info][gc             ] GC(42) Pause Young (Normal) (G1 Evacuation Pause) 8170M->3002M(9488M) 175.526ms
[270.218s][info][gc,cpu         ] GC(42) User=1.34s Sys=0.04s Real=0.18s
...[273.281s][info][gc,start       ] GC(43) Pause Young (Normal) (G1 Evacuation Pause)
[273.281s][info][gc,task        ] GC(43) Using 8 workers of 8 for evacuation
[273.453s][info][gc,phases      ] GC(43)   Pre Evacuate Collection Set: 0.25ms
[273.453s][info][gc,phases      ] GC(43)   Merge Heap Roots: 0.46ms
[273.453s][info][gc,phases      ] GC(43)   Evacuate Collection Set: 170.10ms
[273.453s][info][gc,phases      ] GC(43)   Post Evacuate Collection Set: 1.06ms
[273.453s][info][gc,phases      ] GC(43)   Other: 0.06ms
[273.453s][info][gc,heap        ] GC(43) Eden regions: 600->0(662)
[273.453s][info][gc,heap        ] GC(43) Survivor regions: 54->46(82)
[273.453s][info][gc,heap        ] GC(43) Old regions: 291->300
[273.453s][info][gc,heap        ] GC(43) Humongous regions: 35->35
[273.453s][info][gc,metaspace   ] GC(43) Metaspace: 29642K(30144K)->29642K(30144K) NonClass: 26249K(26496K)->26249K(26496K) Class: 3393K(3648K)->3393K(3648K)
[273.453s][info][gc             ] GC(43) Pause Young (Normal) (G1 Evacuation Pause) 7802M->3019M(9488M) 172.059ms
[273.453s][info][gc,cpu         ] GC(43) User=1.36s Sys=0.01s Real=0.17s
...[276.794s][info][gc,start       ] GC(44) Pause Young (Normal) (G1 Evacuation Pause)
[276.794s][info][gc,task        ] GC(44) Using 8 workers of 8 for evacuation
[276.959s][info][gc,phases      ] GC(44)   Pre Evacuate Collection Set: 0.26ms
[276.959s][info][gc,phases      ] GC(44)   Merge Heap Roots: 0.47ms
[276.959s][info][gc,phases      ] GC(44)   Evacuate Collection Set: 163.26ms
[276.959s][info][gc,phases      ] GC(44)   Post Evacuate Collection Set: 1.17ms
[276.959s][info][gc,phases      ] GC(44)   Other: 0.07ms
[276.959s][info][gc,heap        ] GC(44) Eden regions: 661->0(572)
[276.959s][info][gc,heap        ] GC(44) Survivor regions: 46->53(89)
[276.959s][info][gc,heap        ] GC(44) Old regions: 300->300
[276.959s][info][gc,heap        ] GC(44) Humongous regions: 35->35
[276.959s][info][gc,metaspace   ] GC(44) Metaspace: 29642K(30144K)->29642K(30144K) NonClass: 26249K(26496K)->26249K(26496K) Class: 3393K(3648K)->3393K(3648K)
[276.959s][info][gc             ] GC(44) Pause Young (Normal) (G1 Evacuation Pause) 8307M->3075M(9488M) 165.350ms
[276.959s][info][gc,cpu         ] GC(44) User=1.31s Sys=0.01s Real=0.17s
. (rIR:aIR:PR = 13837:13840:12790) (tPR = 185136) [PR is under limit] 
   276s: Re-initializing (term) [277.112s][info][gc,start       ] GC(45) Pause Full (System.gc())
[277.112s][info][gc,task        ] GC(45) Using 8 workers of 8 for full compaction
[277.112s][info][gc,phases,start] GC(45) Phase 1: Mark live objects
[277.131s][info][gc,phases      ] GC(45) Phase 1: Mark live objects 19.387ms
[277.131s][info][gc,phases,start] GC(45) Phase 2: Prepare compaction
[277.136s][info][gc,phases      ] GC(45) Phase 2: Prepare compaction 4.544ms
[277.136s][info][gc,phases,start] GC(45) Phase 3: Adjust pointers
[277.145s][info][gc,phases      ] GC(45) Phase 3: Adjust pointers 9.397ms
[277.145s][info][gc,phases,start] GC(45) Phase 4: Compact heap
[277.150s][info][gc,phases      ] GC(45) Phase 4: Compact heap 4.462ms
[277.150s][info][gc,phases,start] GC(45) Phase 5: Reset Metadata
[277.154s][info][gc,phases      ] GC(45) Phase 5: Reset Metadata 3.617ms
[277.171s][info][gc,heap        ] GC(45) Eden regions: 27->0(614)
[277.171s][info][gc,heap        ] GC(45) Survivor regions: 53->0(89)
[277.171s][info][gc,heap        ] GC(45) Old regions: 300->12
[277.171s][info][gc,heap        ] GC(45) Humongous regions: 35->18
[277.171s][info][gc,metaspace   ] GC(45) Metaspace: 29650K(30208K)->29650K(30208K) NonClass: 26257K(26560K)->26257K(26560K) Class: 3393K(3648K)->3393K(3648K)
[277.171s][info][gc             ] GC(45) Pause Full (System.gc()) 3289M->212M(8192M) 58.876ms
[277.171s][info][gc,cpu         ] GC(45) User=0.34s Sys=0.06s Real=0.06s
(init) ... OK
   281s: Searching from base IR = 11548
   281s:       rampup IR =      0 ... (rIR:aIR:PR = 0:0:0) (tPR = 0) [OK] 
   284s:       rampup IR =   1155 .... (rIR:aIR:PR = 1155:1151:1125) (tPR = 22585) [OK] 
   288s:       rampup IR =   2310 .... (rIR:aIR:PR = 2310:2296:2249) (tPR = 41463) [OK] 
   292s:       rampup IR =   3464 .[294.002s][info][gc,start       ] GC(46) Pause Young (Normal) (G1 Evacuation Pause)
[294.002s][info][gc,task        ] GC(46) Using 8 workers of 8 for evacuation
[294.471s][info][gc,mmu         ] GC(46) MMU target violated: 201.0ms (200.0ms/201.0ms)
[294.471s][info][gc,phases      ] GC(46)   Pre Evacuate Collection Set: 0.24ms
[294.471s][info][gc,phases      ] GC(46)   Merge Heap Roots: 0.51ms
[294.471s][info][gc,phases      ] GC(46)   Evacuate Collection Set: 467.32ms
[294.471s][info][gc,phases      ] GC(46)   Post Evacuate Collection Set: 1.21ms
[294.471s][info][gc,phases      ] GC(46)   Other: 0.11ms
[294.471s][info][gc,heap        ] GC(46) Eden regions: 614->0(448)
[294.471s][info][gc,heap        ] GC(46) Survivor regions: 0->77(77)
[294.471s][info][gc,heap        ] GC(46) Old regions: 12->49
[294.471s][info][gc,heap        ] GC(46) Humongous regions: 35->34
[294.471s][info][gc,metaspace   ] GC(46) Metaspace: 29679K(30208K)->29679K(30208K) NonClass: 26286K(26560K)->26286K(26560K) Class: 3393K(3648K)->3393K(3648K)
[294.471s][info][gc             ] GC(46) Pause Young (Normal) (G1 Evacuation Pause) 5260M->1250M(8192M) 469.491ms
[294.471s][info][gc,cpu         ] GC(46) User=3.65s Sys=0.08s Real=0.47s
.... (rIR:aIR:PR = 3464:3446:3372) (tPR = 58975) [OK] 
   297s:       rampup IR =   4619 ..[299.618s][info][gc,start       ] GC(47) Pause Young (Normal) (G1 Evacuation Pause)
[299.618s][info][gc,task        ] GC(47) Using 8 workers of 8 for evacuation
[299.922s][info][gc,mmu         ] GC(47) MMU target violated: 201.0ms (200.0ms/201.0ms)
[299.922s][info][gc,phases      ] GC(47)   Pre Evacuate Collection Set: 0.25ms
[299.922s][info][gc,phases      ] GC(47)   Merge Heap Roots: 0.32ms
[299.922s][info][gc,phases      ] GC(47)   Evacuate Collection Set: 302.54ms
[299.922s][info][gc,phases      ] GC(47)   Post Evacuate Collection Set: 0.87ms
[299.922s][info][gc,phases      ] GC(47)   Other: 0.10ms
[299.922s][info][gc,heap        ] GC(47) Eden regions: 460->0(382)
[299.922s][info][gc,heap        ] GC(47) Survivor regions: 77->24(68)
[299.922s][info][gc,heap        ] GC(47) Old regions: 49->119
[299.922s][info][gc,heap        ] GC(47) Humongous regions: 34->34
[299.922s][info][gc,metaspace   ] GC(47) Metaspace: 29680K(30208K)->29680K(30208K) NonClass: 26286K(26560K)->26286K(26560K) Class: 3393K(3648K)->3393K(3648K)
[299.922s][info][gc             ] GC(47) Pause Young (Normal) (G1 Evacuation Pause) 4930M->1384M(8192M) 304.190ms
[299.922s][info][gc,cpu         ] GC(47) User=2.41s Sys=0.01s Real=0.30s
.. (rIR:aIR:PR = 4619:4649:4646) (tPR = 77717) [OK] 
   301s:       rampup IR =   5774 .[303.322s][info][gc,start       ] GC(48) Pause Young (Normal) (G1 Evacuation Pause)
[303.322s][info][gc,task        ] GC(48) Using 8 workers of 8 for evacuation
[303.434s][info][gc,phases      ] GC(48)   Pre Evacuate Collection Set: 0.25ms
[303.434s][info][gc,phases      ] GC(48)   Merge Heap Roots: 0.32ms
[303.434s][info][gc,phases      ] GC(48)   Evacuate Collection Set: 110.43ms
[303.434s][info][gc,phases      ] GC(48)   Post Evacuate Collection Set: 0.83ms
[303.434s][info][gc,phases      ] GC(48)   Other: 0.08ms
[303.434s][info][gc,heap        ] GC(48) Eden regions: 394->0(250)
[303.434s][info][gc,heap        ] GC(48) Survivor regions: 24->38(53)
[303.434s][info][gc,heap        ] GC(48) Old regions: 119->119
[303.434s][info][gc,heap        ] GC(48) Humongous regions: 34->34
[303.434s][info][gc,metaspace   ] GC(48) Metaspace: 29687K(30208K)->29687K(30208K) NonClass: 26293K(26560K)->26293K(26560K) Class: 3393K(3648K)->3393K(3648K)
[303.434s][info][gc             ] GC(48) Pause Young (Normal) (G1 Evacuation Pause) 4536M->1492M(8192M) 112.042ms
[303.434s][info][gc,cpu         ] GC(48) User=0.88s Sys=0.00s Real=0.11s
...[306.107s][info][gc,start       ] GC(49) Pause Young (Normal) (G1 Evacuation Pause)
[306.107s][info][gc,task        ] GC(49) Using 8 workers of 8 for evacuation
[306.236s][info][gc,phases      ] GC(49)   Pre Evacuate Collection Set: 0.26ms
[306.236s][info][gc,phases      ] GC(49)   Merge Heap Roots: 0.31ms
[306.236s][info][gc,phases      ] GC(49)   Evacuate Collection Set: 128.22ms
[306.236s][info][gc,phases      ] GC(49)   Post Evacuate Collection Set: 0.75ms
[306.236s][info][gc,phases      ] GC(49)   Other: 0.06ms
[306.236s][info][gc,heap        ] GC(49) Eden regions: 295->0(379)
[306.236s][info][gc,heap        ] GC(49) Survivor regions: 38->34(42)
[306.236s][info][gc,heap        ] GC(49) Old regions: 119->132
[306.236s][info][gc,heap        ] GC(49) Humongous regions: 34->34
[306.236s][info][gc,metaspace   ] GC(49) Metaspace: 29687K(30208K)->29687K(30208K) NonClass: 26293K(26560K)->26293K(26560K) Class: 3393K(3648K)->3393K(3648K)
[306.236s][info][gc             ] GC(49) Pause Young (Normal) (G1 Evacuation Pause) 3852M->1566M(8192M) 129.718ms
[306.236s][info][gc,cpu         ] GC(49) User=1.03s Sys=0.00s Real=0.13s
. (rIR:aIR:PR = 5774:5783:5783) (tPR = 91695) [OK] 
   306s:       rampup IR =   6929 ...[309.638s][info][gc,start       ] GC(50) Pause Young (Normal) (G1 Evacuation Pause)
[309.638s][info][gc,task        ] GC(50) Using 8 workers of 8 for evacuation
[309.769s][info][gc,phases      ] GC(50)   Pre Evacuate Collection Set: 0.26ms
[309.769s][info][gc,phases      ] GC(50)   Merge Heap Roots: 0.32ms
[309.769s][info][gc,phases      ] GC(50)   Evacuate Collection Set: 129.35ms
[309.769s][info][gc,phases      ] GC(50)   Post Evacuate Collection Set: 0.85ms
[309.769s][info][gc,phases      ] GC(50)   Other: 0.06ms
[309.769s][info][gc,heap        ] GC(50) Eden regions: 386->0(418)
[309.769s][info][gc,heap        ] GC(50) Survivor regions: 34->33(53)
[309.769s][info][gc,heap        ] GC(50) Old regions: 132->144
[309.769s][info][gc,heap        ] GC(50) Humongous regions: 34->34
[309.769s][info][gc,metaspace   ] GC(50) Metaspace: 29687K(30208K)->29687K(30208K) NonClass: 26294K(26560K)->26294K(26560K) Class: 3393K(3648K)->3393K(3648K)
[309.769s][info][gc             ] GC(50) Pause Young (Normal) (G1 Evacuation Pause) 4654M->1655M(8192M) 130.964ms
[309.769s][info][gc,cpu         ] GC(50) User=1.03s Sys=0.00s Real=0.13s
. (rIR:aIR:PR = 6929:6925:6925) (tPR = 105709) [OK] 
   310s:       rampup IR =   8084 ..[313.167s][info][gc,start       ] GC(51) Pause Young (Normal) (G1 Evacuation Pause)
[313.167s][info][gc,task        ] GC(51) Using 8 workers of 8 for evacuation
[313.301s][info][gc,phases      ] GC(51)   Pre Evacuate Collection Set: 0.26ms
[313.301s][info][gc,phases      ] GC(51)   Merge Heap Roots: 0.46ms
[313.301s][info][gc,phases      ] GC(51)   Evacuate Collection Set: 131.56ms
[313.301s][info][gc,phases      ] GC(51)   Post Evacuate Collection Set: 0.83ms
[313.301s][info][gc,phases      ] GC(51)   Other: 0.06ms
[313.301s][info][gc,heap        ] GC(51) Eden regions: 416->0(434)
[313.301s][info][gc,heap        ] GC(51) Survivor regions: 33->38(57)
[313.301s][info][gc,heap        ] GC(51) Old regions: 144->152
[313.301s][info][gc,heap        ] GC(51) Humongous regions: 34->34
[313.301s][info][gc,metaspace   ] GC(51) Metaspace: 29688K(30208K)->29688K(30208K) NonClass: 26295K(26560K)->26295K(26560K) Class: 3393K(3648K)->3393K(3648K)
[313.301s][info][gc             ] GC(51) Pause Young (Normal) (G1 Evacuation Pause) 4983M->1760M(8192M) 133.314ms
[313.301s][info][gc,cpu         ] GC(51) User=1.05s Sys=0.00s Real=0.13s
.. (rIR:aIR:PR = 8084:7996:7986) (tPR = 123479) [OK] 
   314s:       rampup IR =   9238 .[316.515s][info][gc,start       ] GC(52) Pause Young (Normal) (G1 Evacuation Pause)
[316.515s][info][gc,task        ] GC(52) Using 8 workers of 8 for evacuation
[316.650s][info][gc,phases      ] GC(52)   Pre Evacuate Collection Set: 0.24ms
[316.650s][info][gc,phases      ] GC(52)   Merge Heap Roots: 0.40ms
[316.650s][info][gc,phases      ] GC(52)   Evacuate Collection Set: 133.37ms
[316.650s][info][gc,phases      ] GC(52)   Post Evacuate Collection Set: 0.91ms
[316.650s][info][gc,phases      ] GC(52)   Other: 0.06ms
[316.650s][info][gc,heap        ] GC(52) Eden regions: 436->0(497)
[316.650s][info][gc,heap        ] GC(52) Survivor regions: 38->37(60)
[316.650s][info][gc,heap        ] GC(52) Old regions: 152->161
[316.650s][info][gc,heap        ] GC(52) Humongous regions: 34->34
[316.650s][info][gc,metaspace   ] GC(52) Metaspace: 29688K(30208K)->29688K(30208K) NonClass: 26295K(26560K)->26295K(26560K) Class: 3393K(3648K)->3393K(3648K)
[316.650s][info][gc             ] GC(52) Pause Young (Normal) (G1 Evacuation Pause) 5248M->1822M(8192M) 135.114ms
[316.650s][info][gc,cpu         ] GC(52) User=1.07s Sys=0.00s Real=0.14s
.... (rIR:aIR:PR = 9238:9219:9231) (tPR = 138618) [OK] 
   319s:       rampup IR =  10393 [319.986s][info][gc,start       ] GC(53) Pause Young (Normal) (G1 Evacuation Pause)
[319.986s][info][gc,task        ] GC(53) Using 8 workers of 8 for evacuation
[320.127s][info][gc,phases      ] GC(53)   Pre Evacuate Collection Set: 0.24ms
[320.127s][info][gc,phases      ] GC(53)   Merge Heap Roots: 0.39ms
[320.127s][info][gc,phases      ] GC(53)   Evacuate Collection Set: 139.89ms
[320.127s][info][gc,phases      ] GC(53)   Post Evacuate Collection Set: 0.96ms
[320.127s][info][gc,phases      ] GC(53)   Other: 0.06ms
[320.128s][info][gc,heap        ] GC(53) Eden regions: 496->0(511)
[320.128s][info][gc,heap        ] GC(53) Survivor regions: 37->40(67)
[320.128s][info][gc,heap        ] GC(53) Old regions: 161->169
[320.128s][info][gc,heap        ] GC(53) Humongous regions: 34->34
[320.128s][info][gc,metaspace   ] GC(53) Metaspace: 29690K(30208K)->29690K(30208K) NonClass: 26296K(26560K)->26296K(26560K) Class: 3393K(3648K)->3393K(3648K)
[320.128s][info][gc             ] GC(53) Pause Young (Normal) (G1 Evacuation Pause) 5790M->1916M(8192M) 141.663ms
[320.128s][info][gc,cpu         ] GC(53) User=1.12s Sys=0.00s Real=0.14s
...[323.312s][info][gc,start       ] GC(54) Pause Young (Normal) (G1 Evacuation Pause)
[323.312s][info][gc,task        ] GC(54) Using 8 workers of 8 for evacuation
[323.457s][info][gc,phases      ] GC(54)   Pre Evacuate Collection Set: 0.29ms
[323.457s][info][gc,phases      ] GC(54)   Merge Heap Roots: 0.46ms
[323.457s][info][gc,phases      ] GC(54)   Evacuate Collection Set: 143.38ms
[323.457s][info][gc,phases      ] GC(54)   Post Evacuate Collection Set: 0.94ms
[323.457s][info][gc,phases      ] GC(54)   Other: 0.09ms
[323.457s][info][gc,heap        ] GC(54) Eden regions: 512->0(544)
[323.457s][info][gc,heap        ] GC(54) Survivor regions: 40->41(69)
[323.457s][info][gc,heap        ] GC(54) Old regions: 169->177
[323.457s][info][gc,heap        ] GC(54) Humongous regions: 34->34
[323.457s][info][gc,metaspace   ] GC(54) Metaspace: 29690K(30208K)->29690K(30208K) NonClass: 26296K(26560K)->26296K(26560K) Class: 3393K(3648K)->3393K(3648K)
[323.457s][info][gc             ] GC(54) Pause Young (Normal) (G1 Evacuation Pause) 6012M->1984M(8192M) 145.301ms
[323.457s][info][gc,cpu         ] GC(54) User=1.15s Sys=0.00s Real=0.15s
. (rIR:aIR:PR = 10393:10203:10051) (tPR = 148837) [OK] 
   323s:       rampup IR =  11548 ..[326.617s][info][gc,start       ] GC(55) Pause Young (Normal) (G1 Evacuation Pause)
[326.618s][info][gc,task        ] GC(55) Using 8 workers of 8 for evacuation
[326.765s][info][gc,phases      ] GC(55)   Pre Evacuate Collection Set: 0.24ms
[326.765s][info][gc,phases      ] GC(55)   Merge Heap Roots: 0.42ms
[326.765s][info][gc,phases      ] GC(55)   Evacuate Collection Set: 146.09ms
[326.765s][info][gc,phases      ] GC(55)   Post Evacuate Collection Set: 1.02ms
[326.765s][info][gc,phases      ] GC(55)   Other: 0.07ms
[326.765s][info][gc,heap        ] GC(55) Eden regions: 542->0(572)
[326.765s][info][gc,heap        ] GC(55) Survivor regions: 41->42(73)
[326.765s][info][gc,heap        ] GC(55) Old regions: 177->185
[326.765s][info][gc,heap        ] GC(55) Humongous regions: 34->34
[326.765s][info][gc,metaspace   ] GC(55) Metaspace: 29693K(30208K)->29693K(30208K) NonClass: 26300K(26560K)->26300K(26560K) Class: 3393K(3648K)->3393K(3648K)
[326.765s][info][gc             ] GC(55) Pause Young (Normal) (G1 Evacuation Pause) 6320M->2053M(8192M) 147.973ms
[326.766s][info][gc,cpu         ] GC(55) User=1.17s Sys=0.00s Real=0.14s
.... (rIR:aIR:PR = 11548:11109:11144) (tPR = 162461) [OK] 
   329s:    snapshot, IR =  11548 [330.012s][info][gc,start       ] GC(56) Pause Young (Normal) (G1 Evacuation Pause)
[330.012s][info][gc,task        ] GC(56) Using 8 workers of 8 for evacuation
[330.168s][info][gc,phases      ] GC(56)   Pre Evacuate Collection Set: 0.23ms
[330.168s][info][gc,phases      ] GC(56)   Merge Heap Roots: 0.43ms
[330.168s][info][gc,phases      ] GC(56)   Evacuate Collection Set: 154.14ms
[330.168s][info][gc,phases      ] GC(56)   Post Evacuate Collection Set: 1.09ms
[330.168s][info][gc,phases      ] GC(56)   Other: 0.06ms
[330.168s][info][gc,heap        ] GC(56) Eden regions: 570->0(570)
[330.168s][info][gc,heap        ] GC(56) Survivor regions: 42->44(77)
[330.168s][info][gc,heap        ] GC(56) Old regions: 185->192
[330.168s][info][gc,heap        ] GC(56) Humongous regions: 34->34
[330.168s][info][gc,metaspace   ] GC(56) Metaspace: 29698K(30208K)->29698K(30208K) NonClass: 26305K(26560K)->26305K(26560K) Class: 3393K(3648K)->3393K(3648K)
[330.168s][info][gc             ] GC(56) Pause Young (Normal) (G1 Evacuation Pause) 6613M->2128M(8192M) 156.072ms
[330.168s][info][gc,cpu         ] GC(56) User=1.24s Sys=0.00s Real=0.16s
...[333.360s][info][gc,start       ] GC(57) Pause Young (Normal) (G1 Evacuation Pause)
[333.360s][info][gc,task        ] GC(57) Using 8 workers of 8 for evacuation
[333.518s][info][gc,phases      ] GC(57)   Pre Evacuate Collection Set: 0.25ms
[333.518s][info][gc,phases      ] GC(57)   Merge Heap Roots: 0.51ms
[333.518s][info][gc,phases      ] GC(57)   Evacuate Collection Set: 155.25ms
[333.518s][info][gc,phases      ] GC(57)   Post Evacuate Collection Set: 1.08ms
[333.518s][info][gc,phases      ] GC(57)   Other: 0.06ms
[333.518s][info][gc,heap        ] GC(57) Eden regions: 570->0(569)
[333.518s][info][gc,heap        ] GC(57) Survivor regions: 44->45(77)
[333.518s][info][gc,heap        ] GC(57) Old regions: 192->199
[333.518s][info][gc,heap        ] GC(57) Humongous regions: 34->34
[333.518s][info][gc,metaspace   ] GC(57) Metaspace: 29698K(30208K)->29698K(30208K) NonClass: 26305K(26560K)->26305K(26560K) Class: 3393K(3648K)->3393K(3648K)
[333.518s][info][gc             ] GC(57) Pause Young (Normal) (G1 Evacuation Pause) 6688M->2189M(8192M) 157.300ms
[333.518s][info][gc,cpu         ] GC(57) User=1.25s Sys=0.00s Real=0.16s
.|..[336.685s][info][gc,start       ] GC(58) Pause Young (Normal) (G1 Evacuation Pause)
[336.685s][info][gc,task        ] GC(58) Using 8 workers of 8 for evacuation
[336.843s][info][gc,phases      ] GC(58)   Pre Evacuate Collection Set: 0.26ms
[336.843s][info][gc,phases      ] GC(58)   Merge Heap Roots: 0.45ms
[336.843s][info][gc,phases      ] GC(58)   Evacuate Collection Set: 156.39ms
[336.843s][info][gc,phases      ] GC(58)   Post Evacuate Collection Set: 0.99ms
[336.843s][info][gc,phases      ] GC(58)   Other: 0.07ms
[336.843s][info][gc,heap        ] GC(58) Eden regions: 569->0(569)
[336.843s][info][gc,heap        ] GC(58) Survivor regions: 45->45(77)
[336.843s][info][gc,heap        ] GC(58) Old regions: 199->207
[336.843s][info][gc,heap        ] GC(58) Humongous regions: 34->34
[336.843s][info][gc,metaspace   ] GC(58) Metaspace: 29699K(30208K)->29699K(30208K) NonClass: 26306K(26560K)->26306K(26560K) Class: 3393K(3648K)->3393K(3648K)
[336.843s][info][gc             ] GC(58) Pause Young (Normal) (G1 Evacuation Pause) 6741M->2253M(8192M) 158.301ms
[336.843s][info][gc,cpu         ] GC(58) User=1.25s Sys=0.01s Real=0.16s
....[340.048s][info][gc,start       ] GC(59) Pause Young (Normal) (G1 Evacuation Pause)
[340.048s][info][gc,task        ] GC(59) Using 8 workers of 8 for evacuation
[340.203s][info][gc,phases      ] GC(59)   Pre Evacuate Collection Set: 0.27ms
[340.203s][info][gc,phases      ] GC(59)   Merge Heap Roots: 0.46ms
[340.203s][info][gc,phases      ] GC(59)   Evacuate Collection Set: 153.44ms
[340.203s][info][gc,phases      ] GC(59)   Post Evacuate Collection Set: 1.02ms
[340.203s][info][gc,phases      ] GC(59)   Other: 0.06ms
[340.203s][info][gc,heap        ] GC(59) Eden regions: 569->0(570)
[340.203s][info][gc,heap        ] GC(59) Survivor regions: 45->44(77)
[340.203s][info][gc,heap        ] GC(59) Old regions: 207->214
[340.203s][info][gc,heap        ] GC(59) Humongous regions: 34->34
[340.203s][info][gc,metaspace   ] GC(59) Metaspace: 29699K(30208K)->29699K(30208K) NonClass: 26306K(26560K)->26306K(26560K) Class: 3393K(3648K)->3393K(3648K)
[340.203s][info][gc             ] GC(59) Pause Young (Normal) (G1 Evacuation Pause) 6805M->2304M(8192M) 155.381ms
[340.203s][info][gc,cpu         ] GC(59) User=1.23s Sys=0.00s Real=0.15s
...[343.465s][info][gc,start       ] GC(60) Pause Young (Normal) (G1 Evacuation Pause)
[343.465s][info][gc,task        ] GC(60) Using 8 workers of 8 for evacuation
[343.624s][info][gc,phases      ] GC(60)   Pre Evacuate Collection Set: 0.25ms
[343.624s][info][gc,phases      ] GC(60)   Merge Heap Roots: 0.46ms
[343.624s][info][gc,phases      ] GC(60)   Evacuate Collection Set: 157.21ms
[343.624s][info][gc,phases      ] GC(60)   Post Evacuate Collection Set: 1.00ms
[343.624s][info][gc,phases      ] GC(60)   Other: 0.06ms
[343.624s][info][gc,heap        ] GC(60) Eden regions: 570->0(568)
[343.624s][info][gc,heap        ] GC(60) Survivor regions: 44->46(77)
[343.624s][info][gc,heap        ] GC(60) Old regions: 214->221
[343.624s][info][gc,heap        ] GC(60) Humongous regions: 34->34
[343.624s][info][gc,metaspace   ] GC(60) Metaspace: 29699K(30208K)->29699K(30208K) NonClass: 26306K(26560K)->26306K(26560K) Class: 3393K(3648K)->3393K(3648K)
[343.624s][info][gc             ] GC(60) Pause Young (Normal) (G1 Evacuation Pause) 6864M->2374M(8192M) 159.102ms
[343.624s][info][gc,cpu         ] GC(60) User=1.26s Sys=0.00s Real=0.16s
....[346.894s][info][gc,start       ] GC(61) Pause Young (Normal) (G1 Evacuation Pause)
[346.894s][info][gc,task        ] GC(61) Using 8 workers of 8 for evacuation
[347.048s][info][gc,phases      ] GC(61)   Pre Evacuate Collection Set: 0.23ms
[347.048s][info][gc,phases      ] GC(61)   Merge Heap Roots: 0.48ms
[347.048s][info][gc,phases      ] GC(61)   Evacuate Collection Set: 152.20ms
[347.048s][info][gc,phases      ] GC(61)   Post Evacuate Collection Set: 0.99ms
[347.048s][info][gc,phases      ] GC(61)   Other: 0.06ms
[347.048s][info][gc,heap        ] GC(61) Eden regions: 568->0(570)
[347.048s][info][gc,heap        ] GC(61) Survivor regions: 46->44(77)
[347.048s][info][gc,heap        ] GC(61) Old regions: 221->228
[347.048s][info][gc,heap        ] GC(61) Humongous regions: 34->34
[347.048s][info][gc,metaspace   ] GC(61) Metaspace: 29699K(30208K)->29699K(30208K) NonClass: 26306K(26560K)->26306K(26560K) Class: 3393K(3648K)->3393K(3648K)
[347.048s][info][gc             ] GC(61) Pause Young (Normal) (G1 Evacuation Pause) 6918M->2416M(8192M) 154.100ms
[347.049s][info][gc,cpu         ] GC(61) User=1.22s Sys=0.00s Real=0.16s
...[350.206s][info][gc,start       ] GC(62) Pause Young (Normal) (G1 Evacuation Pause)
[350.207s][info][gc,task        ] GC(62) Using 8 workers of 8 for evacuation
[350.362s][info][gc,phases      ] GC(62)   Pre Evacuate Collection Set: 0.25ms
[350.362s][info][gc,phases      ] GC(62)   Merge Heap Roots: 0.44ms
[350.362s][info][gc,phases      ] GC(62)   Evacuate Collection Set: 153.25ms
[350.362s][info][gc,phases      ] GC(62)   Post Evacuate Collection Set: 1.02ms
[350.362s][info][gc,phases      ] GC(62)   Other: 0.06ms
[350.362s][info][gc,heap        ] GC(62) Eden regions: 570->0(570)
[350.362s][info][gc,heap        ] GC(62) Survivor regions: 44->44(77)
[350.362s][info][gc,heap        ] GC(62) Old regions: 228->235
[350.362s][info][gc,heap        ] GC(62) Humongous regions: 34->34
[350.362s][info][gc,metaspace   ] GC(62) Metaspace: 29703K(30208K)->29703K(30208K) NonClass: 26310K(26560K)->26310K(26560K) Class: 3393K(3648K)->3393K(3648K)
[350.362s][info][gc             ] GC(62) Pause Young (Normal) (G1 Evacuation Pause) 6976M->2472M(8192M) 155.155ms
[350.362s][info][gc,cpu         ] GC(62) User=1.23s Sys=0.00s Real=0.15s
...[353.623s][info][gc,start       ] GC(63) Pause Young (Normal) (G1 Evacuation Pause)
[353.623s][info][gc,task        ] GC(63) Using 8 workers of 8 for evacuation
[353.774s][info][gc,phases      ] GC(63)   Pre Evacuate Collection Set: 0.23ms
[353.774s][info][gc,phases      ] GC(63)   Merge Heap Roots: 0.45ms
[353.774s][info][gc,phases      ] GC(63)   Evacuate Collection Set: 149.30ms
[353.774s][info][gc,phases      ] GC(63)   Post Evacuate Collection Set: 1.07ms
[353.774s][info][gc,phases      ] GC(63)   Other: 0.06ms
[353.774s][info][gc,heap        ] GC(63) Eden regions: 570->0(570)
[353.774s][info][gc,heap        ] GC(63) Survivor regions: 44->44(77)
[353.774s][info][gc,heap        ] GC(63) Old regions: 235->242
[353.774s][info][gc,heap        ] GC(63) Humongous regions: 34->34
[353.774s][info][gc,metaspace   ] GC(63) Metaspace: 29709K(30208K)->29709K(30208K) NonClass: 26316K(26560K)->26316K(26560K) Class: 3393K(3648K)->3393K(3648K)
[353.774s][info][gc             ] GC(63) Pause Young (Normal) (G1 Evacuation Pause) 7032M->2532M(8192M) 151.249ms
[353.774s][info][gc,cpu         ] GC(63) User=1.20s Sys=0.00s Real=0.15s
....[357.125s][info][gc,start       ] GC(64) Pause Young (Normal) (G1 Evacuation Pause)
[357.125s][info][gc,task        ] GC(64) Using 8 workers of 8 for evacuation
[357.280s][info][gc,phases      ] GC(64)   Pre Evacuate Collection Set: 0.26ms
[357.280s][info][gc,phases      ] GC(64)   Merge Heap Roots: 0.53ms
[357.280s][info][gc,phases      ] GC(64)   Evacuate Collection Set: 153.06ms
[357.280s][info][gc,phases      ] GC(64)   Post Evacuate Collection Set: 1.04ms
[357.281s][info][gc,phases      ] GC(64)   Other: 0.06ms
[357.281s][info][gc,heap        ] GC(64) Eden regions: 570->0(570)
[357.281s][info][gc,heap        ] GC(64) Survivor regions: 44->44(77)
[357.281s][info][gc,heap        ] GC(64) Old regions: 242->250
[357.281s][info][gc,heap        ] GC(64) Humongous regions: 34->34
[357.281s][info][gc,metaspace   ] GC(64) Metaspace: 29709K(30208K)->29709K(30208K) NonClass: 26316K(26560K)->26316K(26560K) Class: 3393K(3648K)->3393K(3648K)
[357.281s][info][gc             ] GC(64) Pause Young (Normal) (G1 Evacuation Pause) 7092M->2586M(8192M) 155.091ms
[357.281s][info][gc,cpu         ] GC(64) User=1.22s Sys=0.00s Real=0.16s
...[360.513s][info][gc,start       ] GC(65) Pause Young (Normal) (G1 Evacuation Pause)
[360.513s][info][gc,task        ] GC(65) Using 8 workers of 8 for evacuation
[360.665s][info][gc,phases      ] GC(65)   Pre Evacuate Collection Set: 0.25ms
[360.665s][info][gc,phases      ] GC(65)   Merge Heap Roots: 0.47ms
[360.665s][info][gc,phases      ] GC(65)   Evacuate Collection Set: 149.90ms
[360.665s][info][gc,phases      ] GC(65)   Post Evacuate Collection Set: 1.01ms
[360.665s][info][gc,phases      ] GC(65)   Other: 0.07ms
[360.665s][info][gc,heap        ] GC(65) Eden regions: 570->0(571)
[360.665s][info][gc,heap        ] GC(65) Survivor regions: 44->43(77)
[360.665s][info][gc,heap        ] GC(65) Old regions: 250->257
[360.665s][info][gc,heap        ] GC(65) Humongous regions: 34->34
[360.665s][info][gc,metaspace   ] GC(65) Metaspace: 29709K(30208K)->29709K(30208K) NonClass: 26316K(26560K)->26316K(26560K) Class: 3393K(3648K)->3393K(3648K)
[360.665s][info][gc             ] GC(65) Pause Young (Normal) (G1 Evacuation Pause) 7146M->2639M(8192M) 151.842ms
[360.665s][info][gc,cpu         ] GC(65) User=1.20s Sys=0.00s Real=0.15s
....[363.910s][info][gc,start       ] GC(66) Pause Young (Normal) (G1 Evacuation Pause)
[363.910s][info][gc,task        ] GC(66) Using 8 workers of 8 for evacuation
[364.069s][info][gc,phases      ] GC(66)   Pre Evacuate Collection Set: 0.23ms
[364.069s][info][gc,phases      ] GC(66)   Merge Heap Roots: 0.48ms
[364.069s][info][gc,phases      ] GC(66)   Evacuate Collection Set: 157.45ms
[364.069s][info][gc,phases      ] GC(66)   Post Evacuate Collection Set: 1.06ms
[364.069s][info][gc,phases      ] GC(66)   Other: 0.06ms
[364.069s][info][gc,heap        ] GC(66) Eden regions: 571->0(570)
[364.069s][info][gc,heap        ] GC(66) Survivor regions: 43->44(77)
[364.069s][info][gc,heap        ] GC(66) Old regions: 257->264
[364.069s][info][gc,heap        ] GC(66) Humongous regions: 34->34
[364.069s][info][gc,metaspace   ] GC(66) Metaspace: 29709K(30208K)->29709K(30208K) NonClass: 26316K(26560K)->26316K(26560K) Class: 3393K(3648K)->3393K(3648K)
[364.069s][info][gc             ] GC(66) Pause Young (Normal) (G1 Evacuation Pause) 7207M->2702M(8192M) 159.423ms
[364.069s][info][gc,cpu         ] GC(66) User=1.26s Sys=0.00s Real=0.16s
 (rIR:aIR:PR = 11548:11528:11533) (tPR = 171349) [OK] 
   363s: Performing snapshot: (quiescence.....) (stop TxI) (stop BE) (saving... [374.177s][info][gc,start       ] GC(67) Pause Young (Concurrent Start) (G1 Humongous Allocation)
[374.177s][info][gc,task        ] GC(67) Using 8 workers of 8 for evacuation
[374.423s][info][gc,mmu         ] GC(67) MMU target violated: 201.0ms (200.0ms/201.0ms)
[374.423s][info][gc,phases      ] GC(67)   Pre Evacuate Collection Set: 0.30ms
[374.423s][info][gc,phases      ] GC(67)   Merge Heap Roots: 1.34ms
[374.423s][info][gc,phases      ] GC(67)   Evacuate Collection Set: 241.96ms
[374.423s][info][gc,phases      ] GC(67)   Post Evacuate Collection Set: 0.89ms
[374.423s][info][gc,phases      ] GC(67)   Other: 0.87ms
[374.423s][info][gc,heap        ] GC(67) Eden regions: 84->0(165)
[374.423s][info][gc,heap        ] GC(67) Survivor regions: 44->49(77)
[374.423s][info][gc,heap        ] GC(67) Old regions: 264->278
[374.423s][info][gc,heap        ] GC(67) Humongous regions: 182->90
[374.423s][info][gc,metaspace   ] GC(67) Metaspace: 29711K(30208K)->29711K(30208K) NonClass: 26317K(26560K)->26317K(26560K) Class: 3393K(3648K)->3393K(3648K)
[374.423s][info][gc             ] GC(67) Pause Young (Concurrent Start) (G1 Humongous Allocation) 4552M->3305M(8192M) 245.492ms
[374.423s][info][gc             ] GC(68) Concurrent Undo Cycle
[374.423s][info][gc,cpu         ] GC(67) User=1.94s Sys=0.00s Real=0.24s
[374.423s][info][gc,marking     ] GC(68) Concurrent Clear Claimed Marks
[374.423s][info][gc,marking     ] GC(68) Concurrent Clear Claimed Marks 0.055ms
[374.423s][info][gc,marking     ] GC(68) Concurrent Cleanup for Next Mark
[374.423s][info][gc,marking     ] GC(68) Concurrent Cleanup for Next Mark 0.250ms
[374.423s][info][gc             ] GC(68) Concurrent Undo Cycle 0.375ms
226553 Kb) (term) [374.454s][info][gc,start       ] GC(69) Pause Full (System.gc())
[374.454s][info][gc,task        ] GC(69) Using 8 workers of 8 for full compaction
[374.454s][info][gc,phases,start] GC(69) Phase 1: Mark live objects
[374.471s][info][gc,phases      ] GC(69) Phase 1: Mark live objects 17.243ms
[374.471s][info][gc,phases,start] GC(69) Phase 2: Prepare compaction
[374.476s][info][gc,phases      ] GC(69) Phase 2: Prepare compaction 4.370ms
[374.476s][info][gc,phases,start] GC(69) Phase 3: Adjust pointers
[374.486s][info][gc,phases      ] GC(69) Phase 3: Adjust pointers 9.874ms
[374.486s][info][gc,phases,start] GC(69) Phase 4: Compact heap
[374.490s][info][gc,phases      ] GC(69) Phase 4: Compact heap 4.251ms
[374.490s][info][gc,phases,start] GC(69) Phase 5: Reset Metadata
[374.493s][info][gc,phases      ] GC(69) Phase 5: Reset Metadata 3.407ms
[374.503s][info][gc,heap        ] GC(69) Eden regions: 1->0(614)
[374.503s][info][gc,heap        ] GC(69) Survivor regions: 49->0(77)
[374.503s][info][gc,heap        ] GC(69) Old regions: 278->12
[374.503s][info][gc,heap        ] GC(69) Humongous regions: 106->33
[374.503s][info][gc,metaspace   ] GC(69) Metaspace: 29711K(30208K)->29711K(30208K) NonClass: 26318K(26560K)->26318K(26560K) Class: 3393K(3648K)->3393K(3648K)
[374.503s][info][gc             ] GC(69) Pause Full (System.gc()) 3434M->333M(8192M) 49.138ms
[374.503s][info][gc,cpu         ] GC(69) User=0.31s Sys=0.00s Real=0.05s
(init) ...
   379s:       rampup IR =      0 ... (rIR:aIR:PR = 0:0:0) (tPR = 0) [OK] 
   382s:       rampup IR =   1155 .... (rIR:aIR:PR = 1155:1150:1150) (tPR = 17384) [OK] 
   386s:       rampup IR =   2310 .[388.941s][info][gc,start       ] GC(70) Pause Young (Normal) (G1 Evacuation Pause)
[388.941s][info][gc,task        ] GC(70) Using 8 workers of 8 for evacuation
[389.688s][info][gc,mmu         ] GC(70) MMU target violated: 201.0ms (200.0ms/201.0ms)
[389.688s][info][gc,phases      ] GC(70)   Pre Evacuate Collection Set: 0.24ms
[389.688s][info][gc,phases      ] GC(70)   Merge Heap Roots: 0.86ms
[389.688s][info][gc,phases      ] GC(70)   Evacuate Collection Set: 743.56ms
[389.688s][info][gc,phases      ] GC(70)   Post Evacuate Collection Set: 1.31ms
[389.688s][info][gc,phases      ] GC(70)   Other: 0.11ms
[389.688s][info][gc,heap        ] GC(70) Eden regions: 614->0(202)
[389.688s][info][gc,heap        ] GC(70) Survivor regions: 0->77(77)
[389.688s][info][gc,heap        ] GC(70) Old regions: 12->86
[389.688s][info][gc,heap        ] GC(70) Humongous regions: 86->81
[389.688s][info][gc,metaspace   ] GC(70) Metaspace: 29757K(30272K)->29757K(30272K) NonClass: 26361K(26624K)->26361K(26624K) Class: 3396K(3648K)->3396K(3648K)
[389.688s][info][gc             ] GC(70) Pause Young (Normal) (G1 Evacuation Pause) 5669M->1925M(8192M) 746.201ms
[389.688s][info][gc,cpu         ] GC(70) User=5.93s Sys=0.00s Real=0.75s
.... (rIR:aIR:PR = 2310:2285:2285) (tPR = 35221) [OK] 
   392s:       rampup IR =   3464 .[394.166s][info][gc,start       ] GC(71) Pause Young (Normal) (G1 Evacuation Pause)
[394.166s][info][gc,task        ] GC(71) Using 8 workers of 8 for evacuation
[394.512s][info][gc,mmu         ] GC(71) MMU target violated: 201.0ms (200.0ms/201.0ms)
[394.512s][info][gc,phases      ] GC(71)   Pre Evacuate Collection Set: 0.22ms
[394.512s][info][gc,phases      ] GC(71)   Merge Heap Roots: 0.64ms
[394.512s][info][gc,phases      ] GC(71)   Evacuate Collection Set: 345.17ms
[394.512s][info][gc,phases      ] GC(71)   Post Evacuate Collection Set: 0.59ms
[394.512s][info][gc,phases      ] GC(71)   Other: 0.09ms
[394.512s][info][gc,heap        ] GC(71) Eden regions: 208->0(173)
[394.512s][info][gc,heap        ] GC(71) Survivor regions: 77->16(36)
[394.512s][info][gc,heap        ] GC(71) Old regions: 86->165
[394.512s][info][gc,heap        ] GC(71) Humongous regions: 81->81
[394.512s][info][gc,metaspace   ] GC(71) Metaspace: 29779K(30272K)->29779K(30272K) NonClass: 26382K(26624K)->26382K(26624K) Class: 3396K(3648K)->3396K(3648K)
[394.512s][info][gc             ] GC(71) Pause Young (Normal) (G1 Evacuation Pause) 3589M->2065M(8192M) 346.812ms
[394.513s][info][gc,cpu         ] GC(71) User=2.75s Sys=0.00s Real=0.35s
... (rIR:aIR:PR = 3464:3455:3455) (tPR = 51507) [OK] 
   396s:       rampup IR =   4619 .[397.810s][info][gc,start       ] GC(72) Pause Young (Normal) (G1 Evacuation Pause)
[397.810s][info][gc,task        ] GC(72) Using 8 workers of 8 for evacuation
[397.888s][info][gc,phases      ] GC(72)   Pre Evacuate Collection Set: 0.22ms
[397.888s][info][gc,phases      ] GC(72)   Merge Heap Roots: 0.40ms
[397.888s][info][gc,phases      ] GC(72)   Evacuate Collection Set: 76.75ms
[397.888s][info][gc,phases      ] GC(72)   Post Evacuate Collection Set: 0.76ms
[397.888s][info][gc,phases      ] GC(72)   Other: 0.05ms
[397.889s][info][gc,heap        ] GC(72) Eden regions: 202->0(172)
[397.889s][info][gc,heap        ] GC(72) Survivor regions: 16->25(28)
[397.889s][info][gc,heap        ] GC(72) Old regions: 165->165
[397.889s][info][gc,heap        ] GC(72) Humongous regions: 81->81
[397.889s][info][gc,metaspace   ] GC(72) Metaspace: 29779K(30272K)->29779K(30272K) NonClass: 26382K(26624K)->26382K(26624K) Class: 3396K(3648K)->3396K(3648K)
[397.889s][info][gc             ] GC(72) Pause Young (Normal) (G1 Evacuation Pause) 3681M->2137M(8192M) 78.320ms
[397.889s][info][gc,cpu         ] GC(72) User=0.61s Sys=0.00s Real=0.08s
..[400.623s][info][gc,start       ] GC(73) Pause Young (Normal) (G1 Evacuation Pause)
[400.623s][info][gc,task        ] GC(73) Using 8 workers of 8 for evacuation
[400.719s][info][gc,phases      ] GC(73)   Pre Evacuate Collection Set: 0.21ms
[400.719s][info][gc,phases      ] GC(73)   Merge Heap Roots: 0.42ms
[400.719s][info][gc,phases      ] GC(73)   Evacuate Collection Set: 94.15ms
[400.719s][info][gc,phases      ] GC(73)   Post Evacuate Collection Set: 0.56ms
[400.719s][info][gc,phases      ] GC(73)   Other: 0.06ms
[400.719s][info][gc,heap        ] GC(73) Eden regions: 194->0(205)
[400.719s][info][gc,heap        ] GC(73) Survivor regions: 25->24(28)
[400.719s][info][gc,heap        ] GC(73) Old regions: 165->175
[400.719s][info][gc,heap        ] GC(73) Humongous regions: 81->81
[400.719s][info][gc,metaspace   ] GC(73) Metaspace: 29781K(30272K)->29781K(30272K) NonClass: 26385K(26624K)->26385K(26624K) Class: 3396K(3648K)->3396K(3648K)
[400.719s][info][gc             ] GC(73) Pause Young (Normal) (G1 Evacuation Pause) 3689M->2212M(8192M) 95.540ms
[400.719s][info][gc,cpu         ] GC(73) User=0.76s Sys=0.00s Real=0.10s
. (rIR:aIR:PR = 4619:4507:4506) (tPR = 67047) [OK] 
   400s:       rampup IR =   5774 ..[403.355s][info][gc,start       ] GC(74) Pause Young (Normal) (G1 Evacuation Pause)
[403.355s][info][gc,task        ] GC(74) Using 8 workers of 8 for evacuation
[403.450s][info][gc,phases      ] GC(74)   Pre Evacuate Collection Set: 0.23ms
[403.450s][info][gc,phases      ] GC(74)   Merge Heap Roots: 0.37ms
[403.450s][info][gc,phases      ] GC(74)   Evacuate Collection Set: 93.63ms
[403.450s][info][gc,phases      ] GC(74)   Post Evacuate Collection Set: 0.68ms
[403.450s][info][gc,phases      ] GC(74)   Other: 0.06ms
[403.450s][info][gc,heap        ] GC(74) Eden regions: 226->0(249)
[403.450s][info][gc,heap        ] GC(74) Survivor regions: 24->25(32)
[403.450s][info][gc,heap        ] GC(74) Old regions: 175->183
[403.450s][info][gc,heap        ] GC(74) Humongous regions: 81->81
[403.450s][info][gc,metaspace   ] GC(74) Metaspace: 29781K(30272K)->29781K(30272K) NonClass: 26385K(26624K)->26385K(26624K) Class: 3396K(3648K)->3396K(3648K)
[403.450s][info][gc             ] GC(74) Pause Young (Normal) (G1 Evacuation Pause) 4020M->2285M(8192M) 95.096ms
[403.450s][info][gc,cpu         ] GC(74) User=0.75s Sys=0.00s Real=0.10s
.. (rIR:aIR:PR = 5774:5800:5800) (tPR = 84845) [OK] 
   404s:       rampup IR =   6929 .[406.402s][info][gc,start       ] GC(75) Pause Young (Normal) (G1 Evacuation Pause)
[406.402s][info][gc,task        ] GC(75) Using 8 workers of 8 for evacuation
[406.504s][info][gc,phases      ] GC(75)   Pre Evacuate Collection Set: 0.25ms
[406.504s][info][gc,phases      ] GC(75)   Merge Heap Roots: 0.40ms
[406.504s][info][gc,phases      ] GC(75)   Evacuate Collection Set: 100.88ms
[406.504s][info][gc,phases      ] GC(75)   Post Evacuate Collection Set: 0.75ms
[406.504s][info][gc,phases      ] GC(75)   Other: 0.06ms
[406.504s][info][gc,heap        ] GC(75) Eden regions: 288->0(315)
[406.504s][info][gc,heap        ] GC(75) Survivor regions: 25->29(40)
[406.504s][info][gc,heap        ] GC(75) Old regions: 183->190
[406.504s][info][gc,heap        ] GC(75) Humongous regions: 81->81
[406.504s][info][gc,metaspace   ] GC(75) Metaspace: 29787K(30272K)->29787K(30272K) NonClass: 26391K(26624K)->26391K(26624K) Class: 3396K(3648K)->3396K(3648K)
[406.504s][info][gc             ] GC(75) Pause Young (Normal) (G1 Evacuation Pause) 4589M->2365M(8192M) 102.471ms
[406.504s][info][gc,cpu         ] GC(75) User=0.81s Sys=0.00s Real=0.10s
... (rIR:aIR:PR = 6929:6978:6965) (tPR = 106679) [OK] 
   408s:       rampup IR =   8084 [409.661s][info][gc,start       ] GC(76) Pause Young (Normal) (G1 Evacuation Pause)
[409.661s][info][gc,task        ] GC(76) Using 8 workers of 8 for evacuation
[409.774s][info][gc,phases      ] GC(76)   Pre Evacuate Collection Set: 0.25ms
[409.774s][info][gc,phases      ] GC(76)   Merge Heap Roots: 0.38ms
[409.774s][info][gc,phases      ] GC(76)   Evacuate Collection Set: 111.95ms
[409.774s][info][gc,phases      ] GC(76)   Post Evacuate Collection Set: 0.81ms
[409.774s][info][gc,phases      ] GC(76)   Other: 0.06ms
[409.774s][info][gc,heap        ] GC(76) Eden regions: 341->0(362)
[409.774s][info][gc,heap        ] GC(76) Survivor regions: 29->32(47)
[409.774s][info][gc,heap        ] GC(76) Old regions: 190->197
[409.774s][info][gc,heap        ] GC(76) Humongous regions: 81->81
[409.774s][info][gc,metaspace   ] GC(76) Metaspace: 29787K(30272K)->29787K(30272K) NonClass: 26391K(26624K)->26391K(26624K) Class: 3396K(3648K)->3396K(3648K)
[409.774s][info][gc             ] GC(76) Pause Young (Normal) (G1 Evacuation Pause) 5093M->2445M(8192M) 113.579ms
[409.774s][info][gc,cpu         ] GC(76) User=0.90s Sys=0.00s Real=0.11s
....[412.890s][info][gc,start       ] GC(77) Pause Young (Normal) (G1 Evacuation Pause)
[412.890s][info][gc,task        ] GC(77) Using 8 workers of 8 for evacuation
[413.017s][info][gc,phases      ] GC(77)   Pre Evacuate Collection Set: 0.23ms
[413.017s][info][gc,phases      ] GC(77)   Merge Heap Roots: 0.41ms
[413.017s][info][gc,phases      ] GC(77)   Evacuate Collection Set: 125.18ms
[413.017s][info][gc,phases      ] GC(77)   Post Evacuate Collection Set: 0.82ms
[413.017s][info][gc,phases      ] GC(77)   Other: 0.06ms
[413.017s][info][gc,heap        ] GC(77) Eden regions: 379->0(391)
[413.017s][info][gc,heap        ] GC(77) Survivor regions: 32->35(52)
[413.017s][info][gc,heap        ] GC(77) Old regions: 197->204
[413.017s][info][gc,heap        ] GC(77) Humongous regions: 81->81
[413.017s][info][gc,metaspace   ] GC(77) Metaspace: 29790K(30272K)->29790K(30272K) NonClass: 26394K(26624K)->26394K(26624K) Class: 3396K(3648K)->3396K(3648K)
[413.017s][info][gc             ] GC(77) Pause Young (Normal) (G1 Evacuation Pause) 5477M->2528M(8192M) 126.820ms
[413.017s][info][gc,cpu         ] GC(77) User=1.00s Sys=0.00s Real=0.13s
.. (rIR:aIR:PR = 8084:8301:8342) (tPR = 123501) [OK] 
   414s:       rampup IR =   9238 .[416.090s][info][gc,start       ] GC(78) Pause Young (Normal) (G1 Evacuation Pause)
[416.090s][info][gc,task        ] GC(78) Using 8 workers of 8 for evacuation
[416.217s][info][gc,phases      ] GC(78)   Pre Evacuate Collection Set: 0.24ms
[416.217s][info][gc,phases      ] GC(78)   Merge Heap Roots: 0.39ms
[416.217s][info][gc,phases      ] GC(78)   Evacuate Collection Set: 125.42ms
[416.217s][info][gc,phases      ] GC(78)   Post Evacuate Collection Set: 0.78ms
[416.217s][info][gc,phases      ] GC(78)   Other: 0.06ms
[416.217s][info][gc,heap        ] GC(78) Eden regions: 401->0(447)
[416.217s][info][gc,heap        ] GC(78) Survivor regions: 35->36(55)
[416.217s][info][gc,heap        ] GC(78) Old regions: 204->212
[416.217s][info][gc,heap        ] GC(78) Humongous regions: 81->81
[416.217s][info][gc,metaspace   ] GC(78) Metaspace: 29791K(30272K)->29791K(30272K) NonClass: 26395K(26624K)->26395K(26624K) Class: 3396K(3648K)->3396K(3648K)
[416.217s][info][gc             ] GC(78) Pause Young (Normal) (G1 Evacuation Pause) 5736M->2598M(8192M) 127.013ms
[416.218s][info][gc,cpu         ] GC(78) User=1.01s Sys=0.00s Real=0.13s
... (rIR:aIR:PR = 9238:9370:9370) (tPR = 136930) [OK] 
   418s:       rampup IR =  10393 [419.434s][info][gc,start       ] GC(79) Pause Young (Normal) (G1 Evacuation Pause)
[419.434s][info][gc,task        ] GC(79) Using 8 workers of 8 for evacuation
[419.568s][info][gc,phases      ] GC(79)   Pre Evacuate Collection Set: 0.23ms
[419.568s][info][gc,phases      ] GC(79)   Merge Heap Roots: 0.45ms
[419.568s][info][gc,phases      ] GC(79)   Evacuate Collection Set: 132.35ms
[419.568s][info][gc,phases      ] GC(79)   Post Evacuate Collection Set: 0.87ms
[419.568s][info][gc,phases      ] GC(79)   Other: 0.06ms
[419.568s][info][gc,heap        ] GC(79) Eden regions: 455->0(479)
[419.568s][info][gc,heap        ] GC(79) Survivor regions: 36->39(62)
[419.568s][info][gc,heap        ] GC(79) Old regions: 212->219
[419.568s][info][gc,heap        ] GC(79) Humongous regions: 81->81
[419.568s][info][gc,metaspace   ] GC(79) Metaspace: 29791K(30272K)->29791K(30272K) NonClass: 26395K(26624K)->26395K(26624K) Class: 3396K(3648K)->3396K(3648K)
[419.568s][info][gc             ] GC(79) Pause Young (Normal) (G1 Evacuation Pause) 6238M->2678M(8192M) 134.095ms
[419.568s][info][gc,cpu         ] GC(79) User=1.06s Sys=0.00s Real=0.14s
...[422.668s][info][gc,start       ] GC(80) Pause Young (Normal) (G1 Evacuation Pause)
[422.668s][info][gc,task        ] GC(80) Using 8 workers of 8 for evacuation
[422.807s][info][gc,phases      ] GC(80)   Pre Evacuate Collection Set: 0.27ms
[422.807s][info][gc,phases      ] GC(80)   Merge Heap Roots: 0.43ms
[422.807s][info][gc,phases      ] GC(80)   Evacuate Collection Set: 137.65ms
[422.807s][info][gc,phases      ] GC(80)   Post Evacuate Collection Set: 0.88ms
[422.807s][info][gc,phases      ] GC(80)   Other: 0.07ms
[422.807s][info][gc,heap        ] GC(80) Eden regions: 485->0(532)
[422.807s][info][gc,heap        ] GC(80) Survivor regions: 39->40(66)
[422.807s][info][gc,heap        ] GC(80) Old regions: 219->226
[422.807s][info][gc,heap        ] GC(80) Humongous regions: 81->81
[422.807s][info][gc,metaspace   ] GC(80) Metaspace: 29792K(30272K)->29792K(30272K) NonClass: 26396K(26624K)->26396K(26624K) Class: 3396K(3648K)->3396K(3648K)
[422.807s][info][gc             ] GC(80) Pause Young (Normal) (G1 Evacuation Pause) 6558M->2746M(8192M) 139.435ms
[422.807s][info][gc,cpu         ] GC(80) User=1.10s Sys=0.00s Real=0.14s
. (rIR:aIR:PR = 10393:10172:10104) (tPR = 151181) [OK] 
   422s:       rampup IR =  11548 ...[425.862s][info][gc,start       ] GC(81) Pause Young (Normal) (G1 Evacuation Pause)
[425.862s][info][gc,task        ] GC(81) Using 8 workers of 8 for evacuation
[426.009s][info][gc,phases      ] GC(81)   Pre Evacuate Collection Set: 0.24ms
[426.009s][info][gc,phases      ] GC(81)   Merge Heap Roots: 0.45ms
[426.009s][info][gc,phases      ] GC(81)   Evacuate Collection Set: 145.04ms
[426.009s][info][gc,phases      ] GC(81)   Post Evacuate Collection Set: 1.01ms
[426.009s][info][gc,phases      ] GC(81)   Other: 0.06ms
[426.009s][info][gc,heap        ] GC(81) Eden regions: 535->0(560)
[426.009s][info][gc,heap        ] GC(81) Survivor regions: 40->42(72)
[426.009s][info][gc,heap        ] GC(81) Old regions: 226->233
[426.009s][info][gc,heap        ] GC(81) Humongous regions: 81->81
[426.009s][info][gc,metaspace   ] GC(81) Metaspace: 29799K(30272K)->29799K(30272K) NonClass: 26402K(26624K)->26402K(26624K) Class: 3396K(3648K)->3396K(3648K)
[426.009s][info][gc             ] GC(81) Pause Young (Normal) (G1 Evacuation Pause) 7026M->2819M(8192M) 146.928ms
[426.009s][info][gc,cpu         ] GC(81) User=1.16s Sys=0.00s Real=0.15s
. (rIR:aIR:PR = 11548:11531:11518) (tPR = 168128) [OK] 
   426s:       trying IR =  11648 ..[429.282s][info][gc,start       ] GC(82) Pause Young (Normal) (G1 Evacuation Pause)
[429.282s][info][gc,task        ] GC(82) Using 8 workers of 8 for evacuation
[429.438s][info][gc,phases      ] GC(82)   Pre Evacuate Collection Set: 0.26ms
[429.438s][info][gc,phases      ] GC(82)   Merge Heap Roots: 0.46ms
[429.438s][info][gc,phases      ] GC(82)   Evacuate Collection Set: 153.88ms
[429.438s][info][gc,phases      ] GC(82)   Post Evacuate Collection Set: 1.01ms
[429.438s][info][gc,phases      ] GC(82)   Other: 0.06ms
[429.438s][info][gc,heap        ] GC(82) Eden regions: 559->0(563)
[429.438s][info][gc,heap        ] GC(82) Survivor regions: 42->44(76)
[429.438s][info][gc,heap        ] GC(82) Old regions: 233->240
[429.438s][info][gc,heap        ] GC(82) Humongous regions: 81->81
[429.438s][info][gc,metaspace   ] GC(82) Metaspace: 29808K(30336K)->29808K(30336K) NonClass: 26412K(26688K)->26412K(26688K) Class: 3396K(3648K)->3396K(3648K)
[429.438s][info][gc             ] GC(82) Pause Young (Normal) (G1 Evacuation Pause) 7291M->2886M(8192M) 155.803ms
[429.438s][info][gc,cpu         ] GC(82) User=1.23s Sys=0.00s Real=0.16s
... (rIR:aIR:PR = 11648:12013:12031) (tPR = 185511) [OK] 
   431s:       trying IR =  11668 [432.543s][info][gc,start       ] GC(83) Pause Young (Normal) (G1 Evacuation Pause)
[432.543s][info][gc,task        ] GC(83) Using 8 workers of 8 for evacuation
[432.695s][info][gc,phases      ] GC(83)   Pre Evacuate Collection Set: 0.24ms
[432.695s][info][gc,phases      ] GC(83)   Merge Heap Roots: 0.50ms
[432.695s][info][gc,phases      ] GC(83)   Evacuate Collection Set: 149.84ms
[432.695s][info][gc,phases      ] GC(83)   Post Evacuate Collection Set: 1.07ms
[432.695s][info][gc,phases      ] GC(83)   Other: 0.07ms
[432.695s][info][gc,heap        ] GC(83) Eden regions: 563->0(556)
[432.695s][info][gc,heap        ] GC(83) Survivor regions: 44->44(76)
[432.695s][info][gc,heap        ] GC(83) Old regions: 240->247
[432.695s][info][gc,heap        ] GC(83) Humongous regions: 81->81
[432.695s][info][gc,metaspace   ] GC(83) Metaspace: 29808K(30336K)->29808K(30336K) NonClass: 26412K(26688K)->26412K(26688K) Class: 3396K(3648K)->3396K(3648K)
[432.695s][info][gc             ] GC(83) Pause Young (Normal) (G1 Evacuation Pause) 7390M->2943M(8192M) 151.860ms
[432.695s][info][gc,cpu         ] GC(83) User=1.20s Sys=0.01s Real=0.15s
...[435.829s][info][gc,start       ] GC(84) Pause Young (Normal) (G1 Evacuation Pause)
[435.829s][info][gc,task        ] GC(84) Using 8 workers of 8 for evacuation
[435.985s][info][gc,phases      ] GC(84)   Pre Evacuate Collection Set: 0.25ms
[435.985s][info][gc,phases      ] GC(84)   Merge Heap Roots: 0.45ms
[435.985s][info][gc,phases      ] GC(84)   Evacuate Collection Set: 154.79ms
[435.985s][info][gc,phases      ] GC(84)   Post Evacuate Collection Set: 0.98ms
[435.985s][info][gc,phases      ] GC(84)   Other: 0.07ms
[435.985s][info][gc,heap        ] GC(84) Eden regions: 556->0(547)
[435.985s][info][gc,heap        ] GC(84) Survivor regions: 44->45(75)
[435.985s][info][gc,heap        ] GC(84) Old regions: 247->254
[435.985s][info][gc,heap        ] GC(84) Humongous regions: 81->81
[435.985s][info][gc,metaspace   ] GC(84) Metaspace: 29809K(30336K)->29809K(30336K) NonClass: 26413K(26688K)->26413K(26688K) Class: 3396K(3648K)->3396K(3648K)
[435.985s][info][gc             ] GC(84) Pause Young (Normal) (G1 Evacuation Pause) 7391M->3008M(8192M) 156.687ms
[435.985s][info][gc,cpu         ] GC(84) User=1.24s Sys=0.00s Real=0.15s
. (rIR:aIR:PR = 11668:11529:11370) (tPR = 166638) [OK] 
   435s:       trying IR =  11692 ...[439.096s][info][gc,start       ] GC(85) Pause Young (Normal) (G1 Evacuation Pause)
[439.096s][info][gc,task        ] GC(85) Using 8 workers of 8 for evacuation
[439.245s][info][gc,phases      ] GC(85)   Pre Evacuate Collection Set: 0.26ms
[439.245s][info][gc,phases      ] GC(85)   Merge Heap Roots: 0.46ms
[439.245s][info][gc,phases      ] GC(85)   Evacuate Collection Set: 147.40ms
[439.245s][info][gc,phases      ] GC(85)   Post Evacuate Collection Set: 0.97ms
[439.245s][info][gc,phases      ] GC(85)   Other: 0.06ms
[439.245s][info][gc,heap        ] GC(85) Eden regions: 547->0(544)
[439.245s][info][gc,heap        ] GC(85) Survivor regions: 45->43(74)
[439.245s][info][gc,heap        ] GC(85) Old regions: 254->261
[439.245s][info][gc,heap        ] GC(85) Humongous regions: 81->81
[439.245s][info][gc,metaspace   ] GC(85) Metaspace: 29810K(30336K)->29810K(30336K) NonClass: 26414K(26688K)->26414K(26688K) Class: 3396K(3648K)->3396K(3648K)
[439.245s][info][gc             ] GC(85) Pause Young (Normal) (G1 Evacuation Pause) 7384M->3052M(8192M) 149.269ms
[439.245s][info][gc,cpu         ] GC(85) User=1.18s Sys=0.01s Real=0.15s
. (rIR:aIR:PR = 11692:11782:11781) (tPR = 169924) [OK] 
   439s:       trying IR =  11721 ..[442.319s][info][gc,start       ] GC(86) Pause Young (Normal) (G1 Evacuation Pause)
[442.319s][info][gc,task        ] GC(86) Using 8 workers of 8 for evacuation
[442.472s][info][gc,phases      ] GC(86)   Pre Evacuate Collection Set: 0.24ms
[442.472s][info][gc,phases      ] GC(86)   Merge Heap Roots: 0.46ms
[442.472s][info][gc,phases      ] GC(86)   Evacuate Collection Set: 151.33ms
[442.472s][info][gc,phases      ] GC(86)   Post Evacuate Collection Set: 1.04ms
[442.472s][info][gc,phases      ] GC(86)   Other: 0.07ms
[442.472s][info][gc,heap        ] GC(86) Eden regions: 544->0(534)
[442.472s][info][gc,heap        ] GC(86) Survivor regions: 43->44(74)
[442.472s][info][gc,heap        ] GC(86) Old regions: 261->269
[442.472s][info][gc,heap        ] GC(86) Humongous regions: 81->81
[442.472s][info][gc,metaspace   ] GC(86) Metaspace: 29810K(30336K)->29810K(30336K) NonClass: 26414K(26688K)->26414K(26688K) Class: 3396K(3648K)->3396K(3648K)
[442.472s][info][gc             ] GC(86) Pause Young (Normal) (G1 Evacuation Pause) 7404M->3117M(8192M) 153.267ms
[442.472s][info][gc,cpu         ] GC(86) User=1.21s Sys=0.00s Real=0.15s
.. (rIR:aIR:PR = 11721:11883:11847) (tPR = 177789) [OK] 
   443s:       trying IR =  11755 .[445.465s][info][gc,start       ] GC(87) Pause Young (Normal) (G1 Evacuation Pause)
[445.465s][info][gc,task        ] GC(87) Using 8 workers of 8 for evacuation
[445.621s][info][gc,phases      ] GC(87)   Pre Evacuate Collection Set: 0.24ms
[445.621s][info][gc,phases      ] GC(87)   Merge Heap Roots: 0.49ms
[445.621s][info][gc,phases      ] GC(87)   Evacuate Collection Set: 153.95ms
[445.621s][info][gc,phases      ] GC(87)   Post Evacuate Collection Set: 1.08ms
[445.621s][info][gc,phases      ] GC(87)   Other: 0.06ms
[445.621s][info][gc,heap        ] GC(87) Eden regions: 534->0(527)
[445.621s][info][gc,heap        ] GC(87) Survivor regions: 44->44(73)
[445.621s][info][gc,heap        ] GC(87) Old regions: 269->276
[445.621s][info][gc,heap        ] GC(87) Humongous regions: 81->81
[445.621s][info][gc,metaspace   ] GC(87) Metaspace: 29812K(30336K)->29812K(30336K) NonClass: 26415K(26688K)->26415K(26688K) Class: 3396K(3648K)->3396K(3648K)
[445.621s][info][gc             ] GC(87) Pause Young (Normal) (G1 Evacuation Pause) 7389M->3181M(8192M) 155.950ms
[445.621s][info][gc,cpu         ] GC(87) User=1.23s Sys=0.00s Real=0.16s
...[448.605s][info][gc,start       ] GC(88) Pause Young (Normal) (G1 Evacuation Pause)
[448.605s][info][gc,task        ] GC(88) Using 8 workers of 8 for evacuation
[448.760s][info][gc,phases      ] GC(88)   Pre Evacuate Collection Set: 0.25ms
[448.760s][info][gc,phases      ] GC(88)   Merge Heap Roots: 0.51ms
[448.760s][info][gc,phases      ] GC(88)   Evacuate Collection Set: 153.48ms
[448.760s][info][gc,phases      ] GC(88)   Post Evacuate Collection Set: 0.96ms
[448.760s][info][gc,phases      ] GC(88)   Other: 0.07ms
[448.760s][info][gc,heap        ] GC(88) Eden regions: 527->0(521)
[448.760s][info][gc,heap        ] GC(88) Survivor regions: 44->43(72)
[448.760s][info][gc,heap        ] GC(88) Old regions: 276->284
[448.760s][info][gc,heap        ] GC(88) Humongous regions: 81->81
[448.760s][info][gc,metaspace   ] GC(88) Metaspace: 29812K(30336K)->29812K(30336K) NonClass: 26415K(26688K)->26415K(26688K) Class: 3396K(3648K)->3396K(3648K)
[448.760s][info][gc             ] GC(88) Pause Young (Normal) (G1 Evacuation Pause) 7397M->3234M(8192M) 155.407ms
[448.760s][info][gc,cpu         ] GC(88) User=1.23s Sys=0.00s Real=0.16s
. (rIR:aIR:PR = 11755:11719:11275) (tPR = 165343) [OK] 
   448s:       trying IR =  11797 ..[451.501s][info][gc,start       ] GC(89) Pause Young (Normal) (G1 Evacuation Pause)
[451.501s][info][gc,task        ] GC(89) Using 8 workers of 8 for evacuation
[451.655s][info][gc,phases      ] GC(89)   Pre Evacuate Collection Set: 0.22ms
[451.655s][info][gc,phases      ] GC(89)   Merge Heap Roots: 0.47ms
[451.655s][info][gc,phases      ] GC(89)   Evacuate Collection Set: 152.18ms
[451.655s][info][gc,phases      ] GC(89)   Post Evacuate Collection Set: 0.95ms
[451.655s][info][gc,phases      ] GC(89)   Other: 0.07ms
[451.655s][info][gc,heap        ] GC(89) Eden regions: 521->0(513)
[451.655s][info][gc,heap        ] GC(89) Survivor regions: 43->43(71)
[451.655s][info][gc,heap        ] GC(89) Old regions: 284->292
[451.655s][info][gc,heap        ] GC(89) Humongous regions: 81->81
[451.655s][info][gc,metaspace   ] GC(89) Metaspace: 29812K(30336K)->29812K(30336K) NonClass: 26415K(26688K)->26415K(26688K) Class: 3396K(3648K)->3396K(3648K)
[451.655s][info][gc             ] GC(89) Pause Young (Normal) (G1 Evacuation Pause) 7402M->3294M(8192M) 154.038ms
[451.655s][info][gc,cpu         ] GC(89) User=1.22s Sys=0.00s Real=0.15s
... (rIR:aIR:PR = 11797:11736:11720) (tPR = 172097) [OK] 
   453s:       trying IR =  11847 [454.591s][info][gc,start       ] GC(90) Pause Young (Normal) (G1 Evacuation Pause)
[454.591s][info][gc,task        ] GC(90) Using 8 workers of 8 for evacuation
[454.745s][info][gc,phases      ] GC(90)   Pre Evacuate Collection Set: 0.25ms
[454.745s][info][gc,phases      ] GC(90)   Merge Heap Roots: 0.47ms
[454.745s][info][gc,phases      ] GC(90)   Evacuate Collection Set: 151.83ms
[454.745s][info][gc,phases      ] GC(90)   Post Evacuate Collection Set: 1.01ms
[454.745s][info][gc,phases      ] GC(90)   Other: 0.06ms
[454.745s][info][gc,heap        ] GC(90) Eden regions: 513->0(506)
[454.745s][info][gc,heap        ] GC(90) Survivor regions: 43->43(70)
[454.745s][info][gc,heap        ] GC(90) Old regions: 292->299
[454.745s][info][gc,heap        ] GC(90) Humongous regions: 81->81
[454.745s][info][gc,metaspace   ] GC(90) Metaspace: 29812K(30336K)->29812K(30336K) NonClass: 26415K(26688K)->26415K(26688K) Class: 3396K(3648K)->3396K(3648K)
[454.745s][info][gc             ] GC(90) Pause Young (Normal) (G1 Evacuation Pause) 7398M->3349M(8192M) 153.764ms
[454.745s][info][gc,cpu         ] GC(90) User=1.22s Sys=0.00s Real=0.15s
...[457.455s][info][gc,start       ] GC(91) Pause Young (Normal) (G1 Evacuation Pause)
[457.455s][info][gc,task        ] GC(91) Using 8 workers of 8 for evacuation
[457.608s][info][gc,phases      ] GC(91)   Pre Evacuate Collection Set: 0.23ms
[457.608s][info][gc,phases      ] GC(91)   Merge Heap Roots: 0.47ms
[457.608s][info][gc,phases      ] GC(91)   Evacuate Collection Set: 151.37ms
[457.608s][info][gc,phases      ] GC(91)   Post Evacuate Collection Set: 0.92ms
[457.608s][info][gc,phases      ] GC(91)   Other: 0.06ms
[457.608s][info][gc,heap        ] GC(91) Eden regions: 506->0(498)
[457.608s][info][gc,heap        ] GC(91) Survivor regions: 43->43(69)
[457.608s][info][gc,heap        ] GC(91) Old regions: 299->307
[457.608s][info][gc,heap        ] GC(91) Humongous regions: 81->81
[457.608s][info][gc,metaspace   ] GC(91) Metaspace: 29812K(30336K)->29812K(30336K) NonClass: 26415K(26688K)->26415K(26688K) Class: 3396K(3648K)->3396K(3648K)
[457.608s][info][gc             ] GC(91) Pause Young (Normal) (G1 Evacuation Pause) 7397M->3411M(8192M) 153.180ms
[457.608s][info][gc,cpu         ] GC(91) User=1.21s Sys=0.00s Real=0.16s
... (rIR:aIR:PR = 11847:12223:12249) (tPR = 190501) [OK] 
   459s:       trying IR =  11906 [460.322s][info][gc,start       ] GC(92) Pause Young (Normal) (G1 Evacuation Pause)
[460.322s][info][gc,task        ] GC(92) Using 8 workers of 8 for evacuation
[460.476s][info][gc,phases      ] GC(92)   Pre Evacuate Collection Set: 0.22ms
[460.476s][info][gc,phases      ] GC(92)   Merge Heap Roots: 0.46ms
[460.476s][info][gc,phases      ] GC(92)   Evacuate Collection Set: 152.51ms
[460.476s][info][gc,phases      ] GC(92)   Post Evacuate Collection Set: 0.93ms
[460.476s][info][gc,phases      ] GC(92)   Other: 0.06ms
[460.476s][info][gc,heap        ] GC(92) Eden regions: 498->0(490)
[460.476s][info][gc,heap        ] GC(92) Survivor regions: 43->43(68)
[460.476s][info][gc,heap        ] GC(92) Old regions: 307->315
[460.476s][info][gc,heap        ] GC(92) Humongous regions: 81->81
[460.476s][info][gc,metaspace   ] GC(92) Metaspace: 29812K(30336K)->29812K(30336K) NonClass: 26416K(26688K)->26416K(26688K) Class: 3396K(3648K)->3396K(3648K)
[460.476s][info][gc             ] GC(92) Pause Young (Normal) (G1 Evacuation Pause) 7395M->3474M(8192M) 154.311ms
[460.476s][info][gc,cpu         ] GC(92) User=1.23s Sys=0.00s Real=0.16s
...[463.159s][info][gc,start       ] GC(93) Pause Young (Normal) (G1 Evacuation Pause)
[463.159s][info][gc,task        ] GC(93) Using 8 workers of 8 for evacuation
[463.310s][info][gc,phases      ] GC(93)   Pre Evacuate Collection Set: 0.24ms
[463.310s][info][gc,phases      ] GC(93)   Merge Heap Roots: 0.46ms
[463.310s][info][gc,phases      ] GC(93)   Evacuate Collection Set: 149.45ms
[463.310s][info][gc,phases      ] GC(93)   Post Evacuate Collection Set: 0.93ms
[463.310s][info][gc,phases      ] GC(93)   Other: 0.06ms
[463.310s][info][gc,heap        ] GC(93) Eden regions: 490->0(485)
[463.310s][info][gc,heap        ] GC(93) Survivor regions: 43->42(67)
[463.310s][info][gc,heap        ] GC(93) Old regions: 315->322
[463.310s][info][gc,heap        ] GC(93) Humongous regions: 81->81
[463.310s][info][gc,metaspace   ] GC(93) Metaspace: 29812K(30336K)->29812K(30336K) NonClass: 26416K(26688K)->26416K(26688K) Class: 3396K(3648K)->3396K(3648K)
[463.310s][info][gc             ] GC(93) Pause Young (Normal) (G1 Evacuation Pause) 7394M->3532M(8192M) 151.274ms
[463.310s][info][gc,cpu         ] GC(93) User=1.19s Sys=0.00s Real=0.15s
.. (rIR:aIR:PR = 11906:11818:12123) (tPR = 186488) [OK] 
   464s:       trying IR =  11978 [465.978s][info][gc,start       ] GC(94) Pause Young (Normal) (G1 Evacuation Pause)
[465.978s][info][gc,task        ] GC(94) Using 8 workers of 8 for evacuation
[466.121s][info][gc,phases      ] GC(94)   Pre Evacuate Collection Set: 0.24ms
[466.121s][info][gc,phases      ] GC(94)   Merge Heap Roots: 0.46ms
[466.121s][info][gc,phases      ] GC(94)   Evacuate Collection Set: 140.38ms
[466.121s][info][gc,phases      ] GC(94)   Post Evacuate Collection Set: 0.93ms
[466.121s][info][gc,phases      ] GC(94)   Other: 0.06ms
[466.121s][info][gc,heap        ] GC(94) Eden regions: 485->0(481)
[466.121s][info][gc,heap        ] GC(94) Survivor regions: 42->40(66)
[466.121s][info][gc,heap        ] GC(94) Old regions: 322->330
[466.121s][info][gc,heap        ] GC(94) Humongous regions: 81->81
[466.121s][info][gc,metaspace   ] GC(94) Metaspace: 29812K(30336K)->29812K(30336K) NonClass: 26416K(26688K)->26416K(26688K) Class: 3396K(3648K)->3396K(3648K)
[466.121s][info][gc             ] GC(94) Pause Young (Normal) (G1 Evacuation Pause) 7412M->3577M(8192M) 142.210ms
[466.121s][info][gc,cpu         ] GC(94) User=1.13s Sys=0.00s Real=0.14s
...[468.743s][info][gc,start       ] GC(95) Pause Young (Normal) (G1 Evacuation Pause)
[468.743s][info][gc,task        ] GC(95) Using 8 workers of 8 for evacuation
[468.894s][info][gc,phases      ] GC(95)   Pre Evacuate Collection Set: 0.27ms
[468.894s][info][gc,phases      ] GC(95)   Merge Heap Roots: 0.48ms
[468.894s][info][gc,phases      ] GC(95)   Evacuate Collection Set: 149.21ms
[468.894s][info][gc,phases      ] GC(95)   Post Evacuate Collection Set: 0.91ms
[468.894s][info][gc,phases      ] GC(95)   Other: 0.06ms
[468.894s][info][gc,heap        ] GC(95) Eden regions: 481->0(469)
[468.894s][info][gc,heap        ] GC(95) Survivor regions: 40->42(66)
[468.894s][info][gc,heap        ] GC(95) Old regions: 330->338
[468.894s][info][gc,heap        ] GC(95) Humongous regions: 81->81
[468.894s][info][gc,metaspace   ] GC(95) Metaspace: 29812K(30336K)->29812K(30336K) NonClass: 26416K(26688K)->26416K(26688K) Class: 3396K(3648K)->3396K(3648K)
[468.894s][info][gc             ] GC(95) Pause Young (Normal) (G1 Evacuation Pause) 7425M->3660M(8192M) 151.050ms
[468.894s][info][gc,cpu         ] GC(95) User=1.20s Sys=0.00s Real=0.15s
... (rIR:aIR:PR = 11978:12363:12348) (tPR = 185512) [OK] 
   470s:       trying IR =  12064 [471.476s][info][gc,start       ] GC(96) Pause Young (Normal) (G1 Evacuation Pause)
[471.476s][info][gc,task        ] GC(96) Using 8 workers of 8 for evacuation
[471.622s][info][gc,phases      ] GC(96)   Pre Evacuate Collection Set: 0.26ms
[471.622s][info][gc,phases      ] GC(96)   Merge Heap Roots: 0.48ms
[471.622s][info][gc,phases      ] GC(96)   Evacuate Collection Set: 144.35ms
[471.622s][info][gc,phases      ] GC(96)   Post Evacuate Collection Set: 0.92ms
[471.622s][info][gc,phases      ] GC(96)   Other: 0.06ms
[471.622s][info][gc,heap        ] GC(96) Eden regions: 469->0(463)
[471.622s][info][gc,heap        ] GC(96) Survivor regions: 42->41(64)
[471.622s][info][gc,heap        ] GC(96) Old regions: 338->346
[471.622s][info][gc,heap        ] GC(96) Humongous regions: 81->81
[471.622s][info][gc,metaspace   ] GC(96) Metaspace: 29813K(30336K)->29813K(30336K) NonClass: 26416K(26688K)->26416K(26688K) Class: 3396K(3648K)->3396K(3648K)
[471.622s][info][gc             ] GC(96) Pause Young (Normal) (G1 Evacuation Pause) 7412M->3714M(8192M) 146.214ms
[471.622s][info][gc,cpu         ] GC(96) User=1.16s Sys=0.00s Real=0.14s
..[474.091s][info][gc,start       ] GC(97) Pause Young (Normal) (G1 Evacuation Pause)
[474.091s][info][gc,task        ] GC(97) Using 8 workers of 8 for evacuation
[474.233s][info][gc,phases      ] GC(97)   Pre Evacuate Collection Set: 0.24ms
[474.233s][info][gc,phases      ] GC(97)   Merge Heap Roots: 0.46ms
[474.233s][info][gc,phases      ] GC(97)   Evacuate Collection Set: 139.62ms
[474.233s][info][gc,phases      ] GC(97)   Post Evacuate Collection Set: 0.96ms
[474.233s][info][gc,phases      ] GC(97)   Other: 0.06ms
[474.233s][info][gc,heap        ] GC(97) Eden regions: 463->0(459)
[474.233s][info][gc,heap        ] GC(97) Survivor regions: 41->39(63)
[474.233s][info][gc,heap        ] GC(97) Old regions: 346->354
[474.233s][info][gc,heap        ] GC(97) Humongous regions: 81->81
[474.233s][info][gc,metaspace   ] GC(97) Metaspace: 29813K(30336K)->29813K(30336K) NonClass: 26416K(26688K)->26416K(26688K) Class: 3396K(3648K)->3396K(3648K)
[474.233s][info][gc             ] GC(97) Pause Young (Normal) (G1 Evacuation Pause) 7418M->3758M(8192M) 141.477ms
[474.233s][info][gc,cpu         ] GC(97) User=1.12s Sys=0.00s Real=0.14s
...[476.824s][info][gc,start       ] GC(98) Pause Young (Normal) (G1 Evacuation Pause)
[476.825s][info][gc,task        ] GC(98) Using 8 workers of 8 for evacuation
[476.976s][info][gc,phases      ] GC(98)   Pre Evacuate Collection Set: 0.25ms
[476.976s][info][gc,phases      ] GC(98)   Merge Heap Roots: 0.46ms
[476.976s][info][gc,phases      ] GC(98)   Evacuate Collection Set: 149.36ms
[476.976s][info][gc,phases      ] GC(98)   Post Evacuate Collection Set: 0.88ms
[476.976s][info][gc,phases      ] GC(98)   Other: 0.06ms
[476.976s][info][gc,heap        ] GC(98) Eden regions: 459->0(447)
[476.976s][info][gc,heap        ] GC(98) Survivor regions: 39->41(63)
[476.976s][info][gc,heap        ] GC(98) Old regions: 354->362
[476.976s][info][gc,heap        ] GC(98) Humongous regions: 81->81
[476.976s][info][gc,metaspace   ] GC(98) Metaspace: 29813K(30336K)->29813K(30336K) NonClass: 26416K(26688K)->26416K(26688K) Class: 3396K(3648K)->3396K(3648K)
[476.976s][info][gc             ] GC(98) Pause Young (Normal) (G1 Evacuation Pause) 7430M->3844M(8192M) 151.122ms
[476.976s][info][gc,cpu         ] GC(98) User=1.19s Sys=0.00s Real=0.15s
. (rIR:aIR:PR = 12064:11669:11648) (tPR = 173618) [OK] 
   477s:       trying IR =  12167 ..[479.411s][info][gc,start       ] GC(99) Pause Young (Normal) (G1 Evacuation Pause)
[479.411s][info][gc,task        ] GC(99) Using 8 workers of 8 for evacuation
[479.552s][info][gc,phases      ] GC(99)   Pre Evacuate Collection Set: 0.24ms
[479.552s][info][gc,phases      ] GC(99)   Merge Heap Roots: 0.45ms
[479.552s][info][gc,phases      ] GC(99)   Evacuate Collection Set: 139.33ms
[479.552s][info][gc,phases      ] GC(99)   Post Evacuate Collection Set: 0.88ms
[479.552s][info][gc,phases      ] GC(99)   Other: 0.06ms
[479.552s][info][gc,heap        ] GC(99) Eden regions: 447->0(443)
[479.552s][info][gc,heap        ] GC(99) Survivor regions: 41->39(61)
[479.552s][info][gc,heap        ] GC(99) Old regions: 362->370
[479.552s][info][gc,heap        ] GC(99) Humongous regions: 81->81
[479.552s][info][gc,metaspace   ] GC(99) Metaspace: 29813K(30336K)->29813K(30336K) NonClass: 26416K(26688K)->26416K(26688K) Class: 3396K(3648K)->3396K(3648K)
[479.552s][info][gc             ] GC(99) Pause Young (Normal) (G1 Evacuation Pause) 7420M->3893M(8192M) 141.092ms
[479.552s][info][gc,cpu         ] GC(99) User=1.11s Sys=0.01s Real=0.14s
.. (rIR:aIR:PR = 12167:11840:11790) (tPR = 166268) [OK] 
   481s:       trying IR =  12291 [482.061s][info][gc,start       ] GC(100) Pause Young (Normal) (G1 Evacuation Pause)
[482.061s][info][gc,task        ] GC(100) Using 8 workers of 8 for evacuation
[482.204s][info][gc,phases      ] GC(100)   Pre Evacuate Collection Set: 0.26ms
[482.204s][info][gc,phases      ] GC(100)   Merge Heap Roots: 0.48ms
[482.204s][info][gc,phases      ] GC(100)   Evacuate Collection Set: 140.65ms
[482.204s][info][gc,phases      ] GC(100)   Post Evacuate Collection Set: 0.90ms
[482.204s][info][gc,phases      ] GC(100)   Other: 0.06ms
[482.204s][info][gc,heap        ] GC(100) Eden regions: 443->0(432)
[482.204s][info][gc,heap        ] GC(100) Survivor regions: 39->40(61)
[482.204s][info][gc,heap        ] GC(100) Old regions: 370->379
[482.204s][info][gc,heap        ] GC(100) Humongous regions: 81->81
[482.204s][info][gc,metaspace   ] GC(100) Metaspace: 29813K(30336K)->29813K(30336K) NonClass: 26416K(26688K)->26416K(26688K) Class: 3396K(3648K)->3396K(3648K)
[482.204s][info][gc             ] GC(100) Pause Young (Normal) (G1 Evacuation Pause) 7437M->3968M(8192M) 142.482ms
[482.204s][info][gc,cpu         ] GC(100) User=1.13s Sys=0.00s Real=0.14s
...[484.494s][info][gc,start       ] GC(101) Pause Young (Normal) (G1 Evacuation Pause)
[484.494s][info][gc,task        ] GC(101) Using 8 workers of 8 for evacuation
[484.636s][info][gc,phases      ] GC(101)   Pre Evacuate Collection Set: 0.24ms
[484.636s][info][gc,phases      ] GC(101)   Merge Heap Roots: 0.44ms
[484.636s][info][gc,phases      ] GC(101)   Evacuate Collection Set: 140.35ms
[484.636s][info][gc,phases      ] GC(101)   Post Evacuate Collection Set: 0.86ms
[484.636s][info][gc,phases      ] GC(101)   Other: 0.06ms
[484.636s][info][gc,heap        ] GC(101) Eden regions: 432->0(426)
[484.636s][info][gc,heap        ] GC(101) Survivor regions: 40->39(59)
[484.636s][info][gc,heap        ] GC(101) Old regions: 379->387
[484.636s][info][gc,heap        ] GC(101) Humongous regions: 81->81
[484.636s][info][gc,metaspace   ] GC(101) Metaspace: 29813K(30336K)->29813K(30336K) NonClass: 26416K(26688K)->26416K(26688K) Class: 3396K(3648K)->3396K(3648K)
[484.636s][info][gc             ] GC(101) Pause Young (Normal) (G1 Evacuation Pause) 7424M->4024M(8192M) 142.073ms
[484.636s][info][gc,cpu         ] GC(101) User=1.12s Sys=0.00s Real=0.15s
..[486.892s][info][gc,start       ] GC(102) Pause Young (Concurrent Start) (G1 Evacuation Pause)
[486.892s][info][gc,task        ] GC(102) Using 8 workers of 8 for evacuation
[487.037s][info][gc,phases      ] GC(102)   Pre Evacuate Collection Set: 0.29ms
[487.037s][info][gc,phases      ] GC(102)   Merge Heap Roots: 0.44ms
[487.037s][info][gc,phases      ] GC(102)   Evacuate Collection Set: 143.33ms
[487.037s][info][gc,phases      ] GC(102)   Post Evacuate Collection Set: 0.81ms
[487.037s][info][gc,phases      ] GC(102)   Other: 0.08ms
[487.037s][info][gc,heap        ] GC(102) Eden regions: 426->0(414)
[487.037s][info][gc,heap        ] GC(102) Survivor regions: 39->41(59)
[487.037s][info][gc,heap        ] GC(102) Old regions: 387->395
[487.037s][info][gc,heap        ] GC(102) Humongous regions: 81->81
[487.037s][info][gc,metaspace   ] GC(102) Metaspace: 29813K(30336K)->29813K(30336K) NonClass: 26416K(26688K)->26416K(26688K) Class: 3396K(3648K)->3396K(3648K)
[487.037s][info][gc             ] GC(102) Pause Young (Concurrent Start) (G1 Evacuation Pause) 7432M->4104M(8192M) 145.088ms
[487.037s][info][gc             ] GC(103) Concurrent Mark Cycle
[487.037s][info][gc,marking     ] GC(103) Concurrent Scan Root Regions
[487.037s][info][gc,cpu         ] GC(102) User=1.15s Sys=0.00s Real=0.15s
.[487.280s][info][gc,marking     ] GC(103) Concurrent Scan Root Regions 242.482ms
[487.280s][info][gc,marking     ] GC(103) Concurrent Mark
[487.280s][info][gc,marking     ] GC(103) Concurrent Mark From Roots
[487.280s][info][gc,task        ] GC(103) Using 2 workers of 2 for marking
 (rIR:aIR:PR = 12291:12099:11989) (tPR = 178865) [OK] 
   487s:       trying IR =  12440 .[488.599s][info][gc,marking     ] GC(103) Concurrent Mark From Roots 1318.717ms
[488.599s][info][gc,marking     ] GC(103) Concurrent Preclean
[488.599s][info][gc,marking     ] GC(103) Concurrent Preclean 0.433ms
[488.599s][info][gc,start       ] GC(103) Pause Remark
[488.603s][info][gc             ] GC(103) Pause Remark 5872M->4336M(8192M) 3.782ms
[488.603s][info][gc,cpu         ] GC(103) User=0.02s Sys=0.00s Real=0.00s
[488.603s][info][gc,marking     ] GC(103) Concurrent Mark 1323.456ms
[488.603s][info][gc,marking     ] GC(103) Concurrent Rebuild Remembered Sets and Scrub Regions
.[489.296s][info][gc,marking     ] GC(103) Concurrent Rebuild Remembered Sets and Scrub Regions 693.102ms
[489.297s][info][gc,start       ] GC(103) Pause Cleanup
[489.297s][info][gc             ] GC(103) Pause Cleanup 5253M->5253M(8192M) 0.274ms
[489.297s][info][gc,cpu         ] GC(103) User=0.00s Sys=0.00s Real=0.00s
[489.297s][info][gc,marking     ] GC(103) Concurrent Clear Claimed Marks
[489.297s][info][gc,marking     ] GC(103) Concurrent Clear Claimed Marks 0.053ms
[489.297s][info][gc,marking     ] GC(103) Concurrent Cleanup for Next Mark
[489.307s][info][gc,marking     ] GC(103) Concurrent Cleanup for Next Mark 9.816ms
[489.307s][info][gc             ] GC(103) Concurrent Mark Cycle 2269.627ms
[489.740s][info][gc,start       ] GC(104) Pause Young (Prepare Mixed) (G1 Evacuation Pause)
[489.740s][info][gc,task        ] GC(104) Using 8 workers of 8 for evacuation
[489.878s][info][gc,phases      ] GC(104)   Pre Evacuate Collection Set: 0.24ms
[489.878s][info][gc,phases      ] GC(104)   Merge Heap Roots: 0.59ms
[489.878s][info][gc,phases      ] GC(104)   Evacuate Collection Set: 136.97ms
[489.878s][info][gc,phases      ] GC(104)   Post Evacuate Collection Set: 0.93ms
[489.878s][info][gc,phases      ] GC(104)   Other: 0.06ms
[489.878s][info][gc,heap        ] GC(104) Eden regions: 414->0(575)
[489.878s][info][gc,heap        ] GC(104) Survivor regions: 41->39(57)
[489.878s][info][gc,heap        ] GC(104) Old regions: 251->260
[489.878s][info][gc,heap        ] GC(104) Humongous regions: 33->33
[489.878s][info][gc,metaspace   ] GC(104) Metaspace: 29813K(30336K)->29813K(30336K) NonClass: 26416K(26688K)->26416K(26688K) Class: 3396K(3648K)->3396K(3648K)
[489.878s][info][gc             ] GC(104) Pause Young (Prepare Mixed) (G1 Evacuation Pause) 5880M->2618M(8192M) 138.919ms
[489.878s][info][gc,cpu         ] GC(104) User=1.10s Sys=0.00s Real=0.14s
...[492.744s][info][gc,start       ] GC(105) Pause Young (Mixed) (G1 Evacuation Pause)
[492.744s][info][gc,task        ] GC(105) Using 8 workers of 8 for evacuation
[492.894s][info][gc,phases      ] GC(105)   Pre Evacuate Collection Set: 0.26ms
[492.894s][info][gc,phases      ] GC(105)   Merge Heap Roots: 0.53ms
[492.894s][info][gc,phases      ] GC(105)   Evacuate Collection Set: 147.17ms
[492.894s][info][gc,phases      ] GC(105)   Merge Optional Heap Roots: 0.03ms
[492.894s][info][gc,phases      ] GC(105)   Evacuate Optional Collection Set: 0.17ms
[492.894s][info][gc,phases      ] GC(105)   Post Evacuate Collection Set: 1.23ms
[492.894s][info][gc,phases      ] GC(105)   Other: 0.08ms
[492.894s][info][gc,heap        ] GC(105) Eden regions: 575->0(566)
[492.894s][info][gc,heap        ] GC(105) Survivor regions: 39->48(77)
[492.894s][info][gc,heap        ] GC(105) Old regions: 260->217
[492.894s][info][gc,heap        ] GC(105) Humongous regions: 33->33
[492.894s][info][gc,metaspace   ] GC(105) Metaspace: 29813K(30336K)->29813K(30336K) NonClass: 26416K(26688K)->26416K(26688K) Class: 3396K(3648K)->3396K(3648K)
[492.894s][info][gc             ] GC(105) Pause Young (Mixed) (G1 Evacuation Pause) 7218M->2361M(8192M) 149.612ms
[492.894s][info][gc,cpu         ] GC(105) User=1.19s Sys=0.00s Real=0.15s
.. (rIR:aIR:PR = 12440:12649:12531) (tPR = 189978) [OK] 
   494s:       trying IR =  12618 .[495.610s][info][gc,start       ] GC(106) Pause Young (Mixed) (G1 Evacuation Pause)
[495.610s][info][gc,task        ] GC(106) Using 8 workers of 8 for evacuation
[495.775s][info][gc,phases      ] GC(106)   Pre Evacuate Collection Set: 0.26ms
[495.775s][info][gc,phases      ] GC(106)   Merge Heap Roots: 0.60ms
[495.775s][info][gc,phases      ] GC(106)   Evacuate Collection Set: 162.62ms
[495.775s][info][gc,phases      ] GC(106)   Merge Optional Heap Roots: 0.05ms
[495.775s][info][gc,phases      ] GC(106)   Evacuate Optional Collection Set: 0.33ms
[495.775s][info][gc,phases      ] GC(106)   Post Evacuate Collection Set: 1.30ms
[495.775s][info][gc,phases      ] GC(106)   Other: 0.08ms
[495.775s][info][gc,heap        ] GC(106) Eden regions: 566->0(568)
[495.775s][info][gc,heap        ] GC(106) Survivor regions: 48->46(77)
[495.775s][info][gc,heap        ] GC(106) Old regions: 217->206
[495.775s][info][gc,heap        ] GC(106) Humongous regions: 33->33
[495.775s][info][gc,metaspace   ] GC(106) Metaspace: 29813K(30336K)->29813K(30336K) NonClass: 26416K(26688K)->26416K(26688K) Class: 3396K(3648K)->3396K(3648K)
[495.775s][info][gc             ] GC(106) Pause Young (Mixed) (G1 Evacuation Pause) 6889M->2257M(8192M) 165.385ms
[495.775s][info][gc,cpu         ] GC(106) User=1.31s Sys=0.00s Real=0.16s
...[498.642s][info][gc,start       ] GC(107) Pause Young (Mixed) (G1 Evacuation Pause)
[498.642s][info][gc,task        ] GC(107) Using 8 workers of 8 for evacuation
[498.807s][info][gc,phases      ] GC(107)   Pre Evacuate Collection Set: 0.24ms
[498.807s][info][gc,phases      ] GC(107)   Merge Heap Roots: 0.62ms
[498.807s][info][gc,phases      ] GC(107)   Evacuate Collection Set: 161.16ms
[498.807s][info][gc,phases      ] GC(107)   Merge Optional Heap Roots: 0.12ms
[498.807s][info][gc,phases      ] GC(107)   Evacuate Optional Collection Set: 1.71ms
[498.807s][info][gc,phases      ] GC(107)   Post Evacuate Collection Set: 1.18ms
[498.807s][info][gc,phases      ] GC(107)   Other: 0.08ms
[498.807s][info][gc,heap        ] GC(107) Eden regions: 568->0(128)
[498.807s][info][gc,heap        ] GC(107) Survivor regions: 46->45(77)
[498.807s][info][gc,heap        ] GC(107) Old regions: 206->177
[498.807s][info][gc,heap        ] GC(107) Humongous regions: 33->33
[498.807s][info][gc,metaspace   ] GC(107) Metaspace: 29813K(30336K)->29813K(30336K) NonClass: 26416K(26688K)->26416K(26688K) Class: 3396K(3648K)->3396K(3648K)
[498.807s][info][gc             ] GC(107) Pause Young (Mixed) (G1 Evacuation Pause) 6801M->2028M(8192M) 165.251ms
[498.807s][info][gc,cpu         ] GC(107) User=1.31s Sys=0.00s Real=0.17s
. (rIR:aIR:PR = 12618:12831:12604) (tPR = 190427) [OK] 
   499s:       trying IR =  12832 [499.673s][info][gc,start       ] GC(108) Pause Young (Mixed) (G1 Evacuation Pause)
[499.673s][info][gc,task        ] GC(108) Using 8 workers of 8 for evacuation
[499.818s][info][gc,phases      ] GC(108)   Pre Evacuate Collection Set: 0.21ms
[499.818s][info][gc,phases      ] GC(108)   Merge Heap Roots: 0.66ms
[499.818s][info][gc,phases      ] GC(108)   Evacuate Collection Set: 143.79ms
[499.818s][info][gc,phases      ] GC(108)   Post Evacuate Collection Set: 0.61ms
[499.818s][info][gc,phases      ] GC(108)   Other: 0.06ms
[499.818s][info][gc,heap        ] GC(108) Eden regions: 173->0(600)
[499.818s][info][gc,heap        ] GC(108) Survivor regions: 45->14(28)
[499.818s][info][gc,heap        ] GC(108) Old regions: 177->196
[499.818s][info][gc,heap        ] GC(108) Humongous regions: 33->33
[499.818s][info][gc,metaspace   ] GC(108) Metaspace: 29813K(30336K)->29813K(30336K) NonClass: 26416K(26688K)->26416K(26688K) Class: 3396K(3648K)->3396K(3648K)
[499.818s][info][gc             ] GC(108) Pause Young (Mixed) (G1 Evacuation Pause) 3412M->1932M(8192M) 145.449ms
[499.818s][info][gc,cpu         ] GC(108) User=1.15s Sys=0.00s Real=0.15s
...[502.803s][info][gc,start       ] GC(109) Pause Young (Mixed) (G1 Evacuation Pause)
[502.803s][info][gc,task        ] GC(109) Using 8 workers of 8 for evacuation
[502.930s][info][gc,phases      ] GC(109)   Pre Evacuate Collection Set: 0.23ms
[502.930s][info][gc,phases      ] GC(109)   Merge Heap Roots: 0.60ms
[502.930s][info][gc,phases      ] GC(109)   Evacuate Collection Set: 124.98ms
[502.930s][info][gc,phases      ] GC(109)   Post Evacuate Collection Set: 0.96ms
[502.930s][info][gc,phases      ] GC(109)   Other: 0.07ms
[502.930s][info][gc,heap        ] GC(109) Eden regions: 600->0(576)
[502.930s][info][gc,heap        ] GC(109) Survivor regions: 14->38(77)
[502.930s][info][gc,heap        ] GC(109) Old regions: 196->187
[502.930s][info][gc,heap        ] GC(109) Humongous regions: 33->33
[502.930s][info][gc,metaspace   ] GC(109) Metaspace: 29814K(30336K)->29814K(30336K) NonClass: 26418K(26688K)->26418K(26688K) Class: 3396K(3648K)->3396K(3648K)
[502.930s][info][gc             ] GC(109) Pause Young (Mixed) (G1 Evacuation Pause) 6732M->2048M(8192M) 126.981ms
[502.930s][info][gc,cpu         ] GC(109) User=1.01s Sys=0.00s Real=0.13s
... (rIR:aIR:PR = 12832:13154:13369) (tPR = 197183) [OK] 
   505s:       trying IR =  13089 [505.853s][info][gc,start       ] GC(110) Pause Young (Normal) (G1 Evacuation Pause)
[505.853s][info][gc,task        ] GC(110) Using 8 workers of 8 for evacuation
[505.996s][info][gc,phases      ] GC(110)   Pre Evacuate Collection Set: 0.23ms
[505.997s][info][gc,phases      ] GC(110)   Merge Heap Roots: 0.47ms
[505.997s][info][gc,phases      ] GC(110)   Evacuate Collection Set: 141.92ms
[505.997s][info][gc,phases      ] GC(110)   Post Evacuate Collection Set: 1.07ms
[505.997s][info][gc,phases      ] GC(110)   Other: 0.06ms
[505.997s][info][gc,heap        ] GC(110) Eden regions: 576->0(568)
[505.997s][info][gc,heap        ] GC(110) Survivor regions: 38->46(77)
[505.997s][info][gc,heap        ] GC(110) Old regions: 187->187
[505.997s][info][gc,heap        ] GC(110) Humongous regions: 33->33
[505.997s][info][gc,metaspace   ] GC(110) Metaspace: 29814K(30336K)->29814K(30336K) NonClass: 26418K(26688K)->26418K(26688K) Class: 3396K(3648K)->3396K(3648K)
[505.997s][info][gc             ] GC(110) Pause Young (Normal) (G1 Evacuation Pause) 6656M->2116M(8192M) 143.886ms
[505.997s][info][gc,cpu         ] GC(110) User=1.13s Sys=0.00s Real=0.15s
...[508.891s][info][gc,start       ] GC(111) Pause Young (Normal) (G1 Evacuation Pause)
[508.891s][info][gc,task        ] GC(111) Using 8 workers of 8 for evacuation
[509.051s][info][gc,phases      ] GC(111)   Pre Evacuate Collection Set: 0.25ms
[509.051s][info][gc,phases      ] GC(111)   Merge Heap Roots: 0.47ms
[509.051s][info][gc,phases      ] GC(111)   Evacuate Collection Set: 158.37ms
[509.051s][info][gc,phases      ] GC(111)   Post Evacuate Collection Set: 1.00ms
[509.051s][info][gc,phases      ] GC(111)   Other: 0.06ms
[509.051s][info][gc,heap        ] GC(111) Eden regions: 568->0(568)
[509.051s][info][gc,heap        ] GC(111) Survivor regions: 46->46(77)
[509.051s][info][gc,heap        ] GC(111) Old regions: 187->196
[509.051s][info][gc,heap        ] GC(111) Humongous regions: 33->33
[509.051s][info][gc,metaspace   ] GC(111) Metaspace: 29816K(30336K)->29816K(30336K) NonClass: 26419K(26688K)->26419K(26688K) Class: 3396K(3648K)->3396K(3648K)
[509.051s][info][gc             ] GC(111) Pause Young (Normal) (G1 Evacuation Pause) 6660M->2178M(8192M) 160.285ms
[509.051s][info][gc,cpu         ] GC(111) User=1.27s Sys=0.00s Real=0.16s
...[511.890s][info][gc,start       ] GC(112) Pause Young (Normal) (G1 Evacuation Pause)
[511.890s][info][gc,task        ] GC(112) Using 8 workers of 8 for evacuation
[512.046s][info][gc,phases      ] GC(112)   Pre Evacuate Collection Set: 0.27ms
[512.046s][info][gc,phases      ] GC(112)   Merge Heap Roots: 0.55ms
[512.046s][info][gc,phases      ] GC(112)   Evacuate Collection Set: 153.96ms
[512.046s][info][gc,phases      ] GC(112)   Post Evacuate Collection Set: 1.05ms
[512.046s][info][gc,phases      ] GC(112)   Other: 0.06ms
[512.046s][info][gc,heap        ] GC(112) Eden regions: 568->0(569)
[512.046s][info][gc,heap        ] GC(112) Survivor regions: 46->45(77)
[512.046s][info][gc,heap        ] GC(112) Old regions: 196->203
[512.046s][info][gc,heap        ] GC(112) Humongous regions: 33->33
[512.046s][info][gc,metaspace   ] GC(112) Metaspace: 29816K(30336K)->29816K(30336K) NonClass: 26419K(26688K)->26419K(26688K) Class: 3396K(3648K)->3396K(3648K)
[512.046s][info][gc             ] GC(112) Pause Young (Normal) (G1 Evacuation Pause) 6722M->2227M(8192M) 156.019ms
[512.046s][info][gc,cpu         ] GC(112) User=1.24s Sys=0.00s Real=0.15s
.. (rIR:aIR:PR = 13089:13176:13133) (tPR = 191491) [OK] 
   513s:       trying IR =  13397 .[514.843s][info][gc,start       ] GC(113) Pause Young (Normal) (G1 Evacuation Pause)
[514.843s][info][gc,task        ] GC(113) Using 8 workers of 8 for evacuation
[514.999s][info][gc,phases      ] GC(113)   Pre Evacuate Collection Set: 0.23ms
[514.999s][info][gc,phases      ] GC(113)   Merge Heap Roots: 0.50ms
[514.999s][info][gc,phases      ] GC(113)   Evacuate Collection Set: 154.57ms
[514.999s][info][gc,phases      ] GC(113)   Post Evacuate Collection Set: 1.06ms
[514.999s][info][gc,phases      ] GC(113)   Other: 0.06ms
[514.999s][info][gc,heap        ] GC(113) Eden regions: 569->0(569)
[514.999s][info][gc,heap        ] GC(113) Survivor regions: 45->45(77)
[514.999s][info][gc,heap        ] GC(113) Old regions: 203->210
[514.999s][info][gc,heap        ] GC(113) Humongous regions: 33->33
[514.999s][info][gc,metaspace   ] GC(113) Metaspace: 29817K(30336K)->29817K(30336K) NonClass: 26421K(26688K)->26421K(26688K) Class: 3396K(3648K)->3396K(3648K)
[514.999s][info][gc             ] GC(113) Pause Young (Normal) (G1 Evacuation Pause) 6779M->2281M(8192M) 156.542ms
[514.999s][info][gc,cpu         ] GC(113) User=1.24s Sys=0.00s Real=0.16s
...[517.862s][info][gc,start       ] GC(114) Pause Young (Normal) (G1 Evacuation Pause)
[517.862s][info][gc,task        ] GC(114) Using 8 workers of 8 for evacuation
[518.020s][info][gc,phases      ] GC(114)   Pre Evacuate Collection Set: 0.24ms
[518.020s][info][gc,phases      ] GC(114)   Merge Heap Roots: 0.49ms
[518.020s][info][gc,phases      ] GC(114)   Evacuate Collection Set: 156.24ms
[518.020s][info][gc,phases      ] GC(114)   Post Evacuate Collection Set: 1.02ms
[518.020s][info][gc,phases      ] GC(114)   Other: 0.06ms
[518.020s][info][gc,heap        ] GC(114) Eden regions: 569->0(569)
[518.020s][info][gc,heap        ] GC(114) Survivor regions: 45->45(77)
[518.020s][info][gc,heap        ] GC(114) Old regions: 210->216
[518.020s][info][gc,heap        ] GC(114) Humongous regions: 33->33
[518.020s][info][gc,metaspace   ] GC(114) Metaspace: 29817K(30336K)->29817K(30336K) NonClass: 26421K(26688K)->26421K(26688K) Class: 3396K(3648K)->3396K(3648K)
[518.020s][info][gc             ] GC(114) Pause Young (Normal) (G1 Evacuation Pause) 6833M->2336M(8192M) 158.190ms
[518.020s][info][gc,cpu         ] GC(114) User=1.25s Sys=0.00s Real=0.16s
. (rIR:aIR:PR = 13397:13373:12867) (tPR = 192187) [OK] 
   518s:       trying IR =  13767 ..[520.810s][info][gc,start       ] GC(115) Pause Young (Normal) (G1 Evacuation Pause)
[520.810s][info][gc,task        ] GC(115) Using 8 workers of 8 for evacuation
[520.971s][info][gc,phases      ] GC(115)   Pre Evacuate Collection Set: 0.24ms
[520.971s][info][gc,phases      ] GC(115)   Merge Heap Roots: 0.54ms
[520.971s][info][gc,phases      ] GC(115)   Evacuate Collection Set: 158.92ms
[520.971s][info][gc,phases      ] GC(115)   Post Evacuate Collection Set: 1.00ms
[520.971s][info][gc,phases      ] GC(115)   Other: 0.06ms
[520.971s][info][gc,heap        ] GC(115) Eden regions: 569->0(568)
[520.971s][info][gc,heap        ] GC(115) Survivor regions: 45->46(77)
[520.971s][info][gc,heap        ] GC(115) Old regions: 216->224
[520.971s][info][gc,heap        ] GC(115) Humongous regions: 33->33
[520.971s][info][gc,metaspace   ] GC(115) Metaspace: 29817K(30336K)->29817K(30336K) NonClass: 26421K(26688K)->26421K(26688K) Class: 3396K(3648K)->3396K(3648K)
[520.971s][info][gc             ] GC(115) Pause Young (Normal) (G1 Evacuation Pause) 6888M->2405M(8192M) 160.889ms
[520.971s][info][gc,cpu         ] GC(115) User=1.28s Sys=0.00s Real=0.16s
...[523.879s][info][gc,start       ] GC(116) Pause Young (Normal) (G1 Evacuation Pause)
[523.879s][info][gc,task        ] GC(116) Using 8 workers of 8 for evacuation
[524.035s][info][gc,phases      ] GC(116)   Pre Evacuate Collection Set: 0.22ms
[524.035s][info][gc,phases      ] GC(116)   Merge Heap Roots: 0.48ms
[524.035s][info][gc,phases      ] GC(116)   Evacuate Collection Set: 154.25ms
[524.035s][info][gc,phases      ] GC(116)   Post Evacuate Collection Set: 1.06ms
[524.035s][info][gc,phases      ] GC(116)   Other: 0.06ms
[524.035s][info][gc,heap        ] GC(116) Eden regions: 568->0(570)
[524.035s][info][gc,heap        ] GC(116) Survivor regions: 46->44(77)
[524.035s][info][gc,heap        ] GC(116) Old regions: 224->231
[524.035s][info][gc,heap        ] GC(116) Humongous regions: 33->33
[524.035s][info][gc,metaspace   ] GC(116) Metaspace: 29817K(30336K)->29817K(30336K) NonClass: 26421K(26688K)->26421K(26688K) Class: 3396K(3648K)->3396K(3648K)
[524.035s][info][gc             ] GC(116) Pause Young (Normal) (G1 Evacuation Pause) 6949M->2449M(8192M) 156.206ms
[524.035s][info][gc,cpu         ] GC(116) User=1.24s Sys=0.00s Real=0.15s
...[526.975s][info][gc,start       ] GC(117) Pause Young (Normal) (G1 Evacuation Pause)
[526.975s][info][gc,task        ] GC(117) Using 8 workers of 8 for evacuation
[527.129s][info][gc,phases      ] GC(117)   Pre Evacuate Collection Set: 0.23ms
[527.129s][info][gc,phases      ] GC(117)   Merge Heap Roots: 0.48ms
[527.129s][info][gc,phases      ] GC(117)   Evacuate Collection Set: 151.98ms
[527.129s][info][gc,phases      ] GC(117)   Post Evacuate Collection Set: 1.02ms
[527.129s][info][gc,phases      ] GC(117)   Other: 0.06ms
[527.129s][info][gc,heap        ] GC(117) Eden regions: 570->0(570)
[527.129s][info][gc,heap        ] GC(117) Survivor regions: 44->44(77)
[527.129s][info][gc,heap        ] GC(117) Old regions: 231->239
[527.129s][info][gc,heap        ] GC(117) Humongous regions: 33->33
[527.129s][info][gc,metaspace   ] GC(117) Metaspace: 29817K(30336K)->29817K(30336K) NonClass: 26421K(26688K)->26421K(26688K) Class: 3396K(3648K)->3396K(3648K)
[527.129s][info][gc             ] GC(117) Pause Young (Normal) (G1 Evacuation Pause) 7009M->2511M(8192M) 153.891ms
[527.129s][info][gc,cpu         ] GC(117) User=1.22s Sys=0.00s Real=0.16s
...[530.033s][info][gc,start       ] GC(118) Pause Young (Normal) (G1 Evacuation Pause)
[530.033s][info][gc,task        ] GC(118) Using 8 workers of 8 for evacuation
[530.186s][info][gc,phases      ] GC(118)   Pre Evacuate Collection Set: 0.24ms
[530.186s][info][gc,phases      ] GC(118)   Merge Heap Roots: 0.47ms
[530.186s][info][gc,phases      ] GC(118)   Evacuate Collection Set: 151.67ms
[530.186s][info][gc,phases      ] GC(118)   Post Evacuate Collection Set: 1.01ms
[530.186s][info][gc,phases      ] GC(118)   Other: 0.06ms
[530.186s][info][gc,heap        ] GC(118) Eden regions: 570->0(570)
[530.186s][info][gc,heap        ] GC(118) Survivor regions: 44->44(77)
[530.186s][info][gc,heap        ] GC(118) Old regions: 239->246
[530.186s][info][gc,heap        ] GC(118) Humongous regions: 33->33
[530.186s][info][gc,metaspace   ] GC(118) Metaspace: 29817K(30336K)->29817K(30336K) NonClass: 26421K(26688K)->26421K(26688K) Class: 3396K(3648K)->3396K(3648K)
[530.186s][info][gc             ] GC(118) Pause Young (Normal) (G1 Evacuation Pause) 7071M->2563M(8192M) 153.581ms
[530.186s][info][gc,cpu         ] GC(118) User=1.21s Sys=0.00s Real=0.16s
...[532.969s][info][gc,start       ] GC(119) Pause Young (Normal) (G1 Evacuation Pause)
[532.969s][info][gc,task        ] GC(119) Using 8 workers of 8 for evacuation
[533.133s][info][gc,phases      ] GC(119)   Pre Evacuate Collection Set: 0.21ms
[533.133s][info][gc,phases      ] GC(119)   Merge Heap Roots: 0.47ms
[533.133s][info][gc,phases      ] GC(119)   Evacuate Collection Set: 162.65ms
[533.133s][info][gc,phases      ] GC(119)   Post Evacuate Collection Set: 1.02ms
[533.133s][info][gc,phases      ] GC(119)   Other: 0.06ms
[533.133s][info][gc,heap        ] GC(119) Eden regions: 570->0(566)
[533.133s][info][gc,heap        ] GC(119) Survivor regions: 44->48(77)
[533.133s][info][gc,heap        ] GC(119) Old regions: 246->253
[533.133s][info][gc,heap        ] GC(119) Humongous regions: 33->33
[533.133s][info][gc,metaspace   ] GC(119) Metaspace: 29817K(30336K)->29817K(30336K) NonClass: 26421K(26688K)->26421K(26688K) Class: 3396K(3648K)->3396K(3648K)
[533.133s][info][gc             ] GC(119) Pause Young (Normal) (G1 Evacuation Pause) 7123M->2653M(8192M) 164.535ms
[533.133s][info][gc,cpu         ] GC(119) User=1.31s Sys=0.00s Real=0.16s
...[535.994s][info][gc,start       ] GC(120) Pause Young (Normal) (G1 Evacuation Pause)
[535.994s][info][gc,task        ] GC(120) Using 8 workers of 8 for evacuation
[536.144s][info][gc,phases      ] GC(120)   Pre Evacuate Collection Set: 0.24ms
[536.144s][info][gc,phases      ] GC(120)   Merge Heap Roots: 0.49ms
[536.144s][info][gc,phases      ] GC(120)   Evacuate Collection Set: 147.35ms
[536.144s][info][gc,phases      ] GC(120)   Post Evacuate Collection Set: 1.02ms
[536.144s][info][gc,phases      ] GC(120)   Other: 0.06ms
[536.144s][info][gc,heap        ] GC(120) Eden regions: 566->0(571)
[536.144s][info][gc,heap        ] GC(120) Survivor regions: 48->43(77)
[536.144s][info][gc,heap        ] GC(120) Old regions: 253->260
[536.144s][info][gc,heap        ] GC(120) Humongous regions: 33->33
[536.144s][info][gc,metaspace   ] GC(120) Metaspace: 29817K(30336K)->29817K(30336K) NonClass: 26421K(26688K)->26421K(26688K) Class: 3396K(3648K)->3396K(3648K)
[536.144s][info][gc             ] GC(120) Pause Young (Normal) (G1 Evacuation Pause) 7181M->2672M(8192M) 149.302ms
[536.144s][info][gc,cpu         ] GC(120) User=1.19s Sys=0.00s Real=0.15s
...[539.025s][info][gc,start       ] GC(121) Pause Young (Normal) (G1 Evacuation Pause)
[539.025s][info][gc,task        ] GC(121) Using 8 workers of 8 for evacuation
[539.177s][info][gc,phases      ] GC(121)   Pre Evacuate Collection Set: 0.23ms
[539.177s][info][gc,phases      ] GC(121)   Merge Heap Roots: 0.48ms
[539.177s][info][gc,phases      ] GC(121)   Evacuate Collection Set: 150.36ms
[539.177s][info][gc,phases      ] GC(121)   Post Evacuate Collection Set: 1.04ms
[539.177s][info][gc,phases      ] GC(121)   Other: 0.07ms
[539.177s][info][gc,heap        ] GC(121) Eden regions: 571->0(570)
[539.177s][info][gc,heap        ] GC(121) Survivor regions: 43->44(77)
[539.177s][info][gc,heap        ] GC(121) Old regions: 260->267
[539.177s][info][gc,heap        ] GC(121) Humongous regions: 33->33
[539.177s][info][gc,metaspace   ] GC(121) Metaspace: 29817K(30336K)->29817K(30336K) NonClass: 26421K(26688K)->26421K(26688K) Class: 3396K(3648K)->3396K(3648K)
[539.177s][info][gc             ] GC(121) Pause Young (Normal) (G1 Evacuation Pause) 7240M->2736M(8192M) 152.299ms
[539.177s][info][gc,cpu         ] GC(121) User=1.20s Sys=0.00s Real=0.16s
...[542.022s][info][gc,start       ] GC(122) Pause Young (Normal) (G1 Evacuation Pause)
[542.022s][info][gc,task        ] GC(122) Using 8 workers of 8 for evacuation
[542.192s][info][gc,phases      ] GC(122)   Pre Evacuate Collection Set: 0.23ms
[542.192s][info][gc,phases      ] GC(122)   Merge Heap Roots: 0.49ms
[542.192s][info][gc,phases      ] GC(122)   Evacuate Collection Set: 167.82ms
[542.192s][info][gc,phases      ] GC(122)   Post Evacuate Collection Set: 1.01ms
[542.192s][info][gc,phases      ] GC(122)   Other: 0.06ms
[542.192s][info][gc,heap        ] GC(122) Eden regions: 570->0(565)
[542.192s][info][gc,heap        ] GC(122) Survivor regions: 44->49(77)
[542.192s][info][gc,heap        ] GC(122) Old regions: 267->274
[542.192s][info][gc,heap        ] GC(122) Humongous regions: 33->33
[542.192s][info][gc,metaspace   ] GC(122) Metaspace: 29817K(30336K)->29817K(30336K) NonClass: 26421K(26688K)->26421K(26688K) Class: 3396K(3648K)->3396K(3648K)
[542.192s][info][gc             ] GC(122) Pause Young (Normal) (G1 Evacuation Pause) 7296M->2836M(8192M) 169.727ms
[542.192s][info][gc,cpu         ] GC(122) User=1.34s Sys=0.00s Real=0.17s
...[545.097s][info][gc,start       ] GC(123) Pause Young (Normal) (G1 Evacuation Pause)
[545.097s][info][gc,task        ] GC(123) Using 8 workers of 8 for evacuation
[545.246s][info][gc,phases      ] GC(123)   Pre Evacuate Collection Set: 0.23ms
[545.246s][info][gc,phases      ] GC(123)   Merge Heap Roots: 0.49ms
[545.246s][info][gc,phases      ] GC(123)   Evacuate Collection Set: 147.63ms
[545.246s][info][gc,phases      ] GC(123)   Post Evacuate Collection Set: 1.03ms
[545.246s][info][gc,phases      ] GC(123)   Other: 0.06ms
[545.246s][info][gc,heap        ] GC(123) Eden regions: 565->0(571)
[545.246s][info][gc,heap        ] GC(123) Survivor regions: 49->43(77)
[545.246s][info][gc,heap        ] GC(123) Old regions: 274->281
[545.246s][info][gc,heap        ] GC(123) Humongous regions: 33->33
[545.246s][info][gc,metaspace   ] GC(123) Metaspace: 29817K(30336K)->29817K(30336K) NonClass: 26421K(26688K)->26421K(26688K) Class: 3396K(3648K)->3396K(3648K)
[545.246s][info][gc             ] GC(123) Pause Young (Normal) (G1 Evacuation Pause) 7356M->2844M(8192M) 149.593ms
[545.246s][info][gc,cpu         ] GC(123) User=1.19s Sys=0.00s Real=0.15s
...[548.093s][info][gc,start       ] GC(124) Pause Young (Normal) (G1 Evacuation Pause)
[548.093s][info][gc,task        ] GC(124) Using 8 workers of 8 for evacuation
[548.247s][info][gc,phases      ] GC(124)   Pre Evacuate Collection Set: 0.23ms
[548.247s][info][gc,phases      ] GC(124)   Merge Heap Roots: 0.50ms
[548.247s][info][gc,phases      ] GC(124)   Evacuate Collection Set: 152.42ms
[548.247s][info][gc,phases      ] GC(124)   Post Evacuate Collection Set: 1.01ms
[548.247s][info][gc,phases      ] GC(124)   Other: 0.06ms
[548.247s][info][gc,heap        ] GC(124) Eden regions: 571->0(562)
[548.247s][info][gc,heap        ] GC(124) Survivor regions: 43->44(77)
[548.247s][info][gc,heap        ] GC(124) Old regions: 281->289
[548.247s][info][gc,heap        ] GC(124) Humongous regions: 33->33
[548.247s][info][gc,metaspace   ] GC(124) Metaspace: 29817K(30336K)->29817K(30336K) NonClass: 26421K(26688K)->26421K(26688K) Class: 3396K(3648K)->3396K(3648K)
[548.247s][info][gc             ] GC(124) Pause Young (Normal) (G1 Evacuation Pause) 7412M->2909M(8192M) 154.345ms
[548.247s][info][gc,cpu         ] GC(124) User=1.22s Sys=0.00s Real=0.16s
. (rIR:aIR:PR = 13767:13589:12962) (tPR = 193427) [PR is under limit] 
   548s: Re-initializing (term) [548.478s][info][gc,start       ] GC(125) Pause Full (System.gc())
[548.478s][info][gc,task        ] GC(125) Using 8 workers of 8 for full compaction
[548.478s][info][gc,phases,start] GC(125) Phase 1: Mark live objects
[548.495s][info][gc,phases      ] GC(125) Phase 1: Mark live objects 17.015ms
[548.495s][info][gc,phases,start] GC(125) Phase 2: Prepare compaction
[548.500s][info][gc,phases      ] GC(125) Phase 2: Prepare compaction 4.666ms
[548.500s][info][gc,phases,start] GC(125) Phase 3: Adjust pointers
[548.509s][info][gc,phases      ] GC(125) Phase 3: Adjust pointers 9.341ms
[548.509s][info][gc,phases,start] GC(125) Phase 4: Compact heap
[548.514s][info][gc,phases      ] GC(125) Phase 4: Compact heap 4.537ms
[548.514s][info][gc,phases,start] GC(125) Phase 5: Reset Metadata
[548.517s][info][gc,phases      ] GC(125) Phase 5: Reset Metadata 3.378ms
[548.526s][info][gc,heap        ] GC(125) Eden regions: 50->0(614)
[548.526s][info][gc,heap        ] GC(125) Survivor regions: 44->0(77)
[548.526s][info][gc,heap        ] GC(125) Old regions: 289->12
[548.526s][info][gc,heap        ] GC(125) Humongous regions: 33->33
[548.526s][info][gc,metaspace   ] GC(125) Metaspace: 29820K(30336K)->29820K(30336K) NonClass: 26424K(26688K)->26424K(26688K) Class: 3396K(3648K)->3396K(3648K)
[548.526s][info][gc             ] GC(125) Pause Full (System.gc()) 3302M->332M(8192M) 48.098ms
[548.526s][info][gc,cpu         ] GC(125) User=0.31s Sys=0.01s Real=0.05s
(init) ... OK
   553s: Searching from base IR = 13397
   553s:       rampup IR =      0 ... (rIR:aIR:PR = 0:0:0) (tPR = 0) [OK] 
   556s:       rampup IR =   1340 .... (rIR:aIR:PR = 1340:1345:1345) (tPR = 20599) [OK] 
   560s:       rampup IR =   2679 .[562.531s][info][gc,start       ] GC(126) Pause Young (Normal) (G1 Evacuation Pause)
[562.531s][info][gc,task        ] GC(126) Using 8 workers of 8 for evacuation
[563.260s][info][gc,mmu         ] GC(126) MMU target violated: 201.0ms (200.0ms/201.0ms)
[563.260s][info][gc,phases      ] GC(126)   Pre Evacuate Collection Set: 0.25ms
[563.260s][info][gc,phases      ] GC(126)   Merge Heap Roots: 0.96ms
[563.260s][info][gc,phases      ] GC(126)   Evacuate Collection Set: 726.28ms
[563.260s][info][gc,phases      ] GC(126)   Post Evacuate Collection Set: 1.42ms
[563.260s][info][gc,phases      ] GC(126)   Other: 0.10ms
[563.260s][info][gc,heap        ] GC(126) Eden regions: 614->0(242)
[563.261s][info][gc,heap        ] GC(126) Survivor regions: 0->77(77)
[563.261s][info][gc,heap        ] GC(126) Old regions: 12->87
[563.261s][info][gc,heap        ] GC(126) Humongous regions: 86->81
[563.261s][info][gc,metaspace   ] GC(126) Metaspace: 29849K(30400K)->29849K(30400K) NonClass: 26451K(26752K)->26451K(26752K) Class: 3397K(3648K)->3397K(3648K)
[563.261s][info][gc             ] GC(126) Pause Young (Normal) (G1 Evacuation Pause) 5668M->1928M(8192M) 729.155ms
[563.261s][info][gc,cpu         ] GC(126) User=5.78s Sys=0.01s Real=0.73s
.... (rIR:aIR:PR = 2679:2663:2663) (tPR = 37414) [OK] 
   566s:       rampup IR =   4019 .[567.579s][info][gc,start       ] GC(127) Pause Young (Normal) (G1 Evacuation Pause)
[567.579s][info][gc,task        ] GC(127) Using 8 workers of 8 for evacuation
[567.929s][info][gc,mmu         ] GC(127) MMU target violated: 201.0ms (200.0ms/201.0ms)
[567.929s][info][gc,phases      ] GC(127)   Pre Evacuate Collection Set: 0.25ms
[567.929s][info][gc,phases      ] GC(127)   Merge Heap Roots: 0.71ms
[567.929s][info][gc,phases      ] GC(127)   Evacuate Collection Set: 348.37ms
[567.929s][info][gc,phases      ] GC(127)   Post Evacuate Collection Set: 0.74ms
[567.929s][info][gc,phases      ] GC(127)   Other: 0.09ms
[567.929s][info][gc,heap        ] GC(127) Eden regions: 227->0(197)
[567.929s][info][gc,heap        ] GC(127) Survivor regions: 77->17(38)
[567.929s][info][gc,heap        ] GC(127) Old regions: 87->165
[567.929s][info][gc,heap        ] GC(127) Humongous regions: 81->81
[567.929s][info][gc,metaspace   ] GC(127) Metaspace: 29856K(30400K)->29856K(30400K) NonClass: 26459K(26752K)->26459K(26752K) Class: 3397K(3648K)->3397K(3648K)
[567.929s][info][gc             ] GC(127) Pause Young (Normal) (G1 Evacuation Pause) 3744M->2072M(8192M) 350.249ms
[567.929s][info][gc,cpu         ] GC(127) User=2.78s Sys=0.00s Real=0.35s
... (rIR:aIR:PR = 4019:4032:4032) (tPR = 61002) [OK] 
   570s:       rampup IR =   5359 [571.005s][info][gc,start       ] GC(128) Pause Young (Normal) (G1 Evacuation Pause)
[571.005s][info][gc,task        ] GC(128) Using 8 workers of 8 for evacuation
[571.089s][info][gc,phases      ] GC(128)   Pre Evacuate Collection Set: 0.23ms
[571.089s][info][gc,phases      ] GC(128)   Merge Heap Roots: 0.42ms
[571.089s][info][gc,phases      ] GC(128)   Evacuate Collection Set: 82.74ms
[571.089s][info][gc,phases      ] GC(128)   Post Evacuate Collection Set: 0.71ms
[571.089s][info][gc,phases      ] GC(128)   Other: 0.06ms
[571.089s][info][gc,heap        ] GC(128) Eden regions: 217->0(187)
[571.089s][info][gc,heap        ] GC(128) Survivor regions: 17->27(30)
[571.089s][info][gc,heap        ] GC(128) Old regions: 165->165
[571.089s][info][gc,heap        ] GC(128) Humongous regions: 81->81
[571.089s][info][gc,metaspace   ] GC(128) Metaspace: 29856K(30400K)->29856K(30400K) NonClass: 26459K(26752K)->26459K(26752K) Class: 3397K(3648K)->3397K(3648K)
[571.089s][info][gc             ] GC(128) Pause Young (Normal) (G1 Evacuation Pause) 3808M->2156M(8192M) 84.272ms
[571.089s][info][gc,cpu         ] GC(128) User=0.67s Sys=0.00s Real=0.09s
...[573.521s][info][gc,start       ] GC(129) Pause Young (Normal) (G1 Evacuation Pause)
[573.521s][info][gc,task        ] GC(129) Using 8 workers of 8 for evacuation
[573.624s][info][gc,phases      ] GC(129)   Pre Evacuate Collection Set: 0.26ms
[573.624s][info][gc,phases      ] GC(129)   Merge Heap Roots: 0.43ms
[573.624s][info][gc,phases      ] GC(129)   Evacuate Collection Set: 101.53ms
[573.624s][info][gc,phases      ] GC(129)   Post Evacuate Collection Set: 0.65ms
[573.624s][info][gc,phases      ] GC(129)   Other: 0.06ms
[573.624s][info][gc,heap        ] GC(129) Eden regions: 201->0(222)
[573.624s][info][gc,heap        ] GC(129) Survivor regions: 27->25(29)
[573.624s][info][gc,heap        ] GC(129) Old regions: 165->175
[573.624s][info][gc,heap        ] GC(129) Humongous regions: 81->81
[573.624s][info][gc,metaspace   ] GC(129) Metaspace: 29856K(30400K)->29856K(30400K) NonClass: 26459K(26752K)->26459K(26752K) Class: 3397K(3648K)->3397K(3648K)
[573.624s][info][gc             ] GC(129) Pause Young (Normal) (G1 Evacuation Pause) 3764M->2220M(8192M) 103.082ms
[573.624s][info][gc,cpu         ] GC(129) User=0.81s Sys=0.00s Real=0.10s
. (rIR:aIR:PR = 5359:5351:5351) (tPR = 82457) [OK] 
   574s:       rampup IR =   6699 .[576.217s][info][gc,start       ] GC(130) Pause Young (Normal) (G1 Evacuation Pause)
[576.217s][info][gc,task        ] GC(130) Using 8 workers of 8 for evacuation
[576.315s][info][gc,phases      ] GC(130)   Pre Evacuate Collection Set: 0.23ms
[576.315s][info][gc,phases      ] GC(130)   Merge Heap Roots: 0.37ms
[576.315s][info][gc,phases      ] GC(130)   Evacuate Collection Set: 97.11ms
[576.315s][info][gc,phases      ] GC(130)   Post Evacuate Collection Set: 0.69ms
[576.315s][info][gc,phases      ] GC(130)   Other: 0.06ms
[576.315s][info][gc,heap        ] GC(130) Eden regions: 250->0(304)
[576.315s][info][gc,heap        ] GC(130) Survivor regions: 25->25(35)
[576.315s][info][gc,heap        ] GC(130) Old regions: 175->184
[576.315s][info][gc,heap        ] GC(130) Humongous regions: 81->81
[576.315s][info][gc,metaspace   ] GC(130) Metaspace: 29860K(30400K)->29860K(30400K) NonClass: 26463K(26752K)->26463K(26752K) Class: 3397K(3648K)->3397K(3648K)
[576.315s][info][gc             ] GC(130) Pause Young (Normal) (G1 Evacuation Pause) 4220M->2286M(8192M) 98.580ms
[576.316s][info][gc,cpu         ] GC(130) User=0.78s Sys=0.00s Real=0.09s
.... (rIR:aIR:PR = 6699:6777:6777) (tPR = 100753) [OK] 
   579s:       rampup IR =   8038 [579.456s][info][gc,start       ] GC(131) Pause Young (Normal) (G1 Evacuation Pause)
[579.456s][info][gc,task        ] GC(131) Using 8 workers of 8 for evacuation
[579.565s][info][gc,phases      ] GC(131)   Pre Evacuate Collection Set: 0.23ms
[579.565s][info][gc,phases      ] GC(131)   Merge Heap Roots: 0.41ms
[579.565s][info][gc,phases      ] GC(131)   Evacuate Collection Set: 106.84ms
[579.565s][info][gc,phases      ] GC(131)   Post Evacuate Collection Set: 0.91ms
[579.565s][info][gc,phases      ] GC(131)   Other: 0.06ms
[579.565s][info][gc,heap        ] GC(131) Eden regions: 323->0(366)
[579.565s][info][gc,heap        ] GC(131) Survivor regions: 25->29(44)
[579.565s][info][gc,heap        ] GC(131) Old regions: 184->190
[579.565s][info][gc,heap        ] GC(131) Humongous regions: 81->81
[579.565s][info][gc,metaspace   ] GC(131) Metaspace: 29860K(30400K)->29860K(30400K) NonClass: 26463K(26752K)->26463K(26752K) Class: 3397K(3648K)->3397K(3648K)
[579.565s][info][gc             ] GC(131) Pause Young (Normal) (G1 Evacuation Pause) 4870M->2371M(8192M) 108.585ms
[579.565s][info][gc,cpu         ] GC(131) User=0.86s Sys=0.00s Real=0.10s
...[582.701s][info][gc,start       ] GC(132) Pause Young (Normal) (G1 Evacuation Pause)
[582.701s][info][gc,task        ] GC(132) Using 8 workers of 8 for evacuation
[582.833s][info][gc,phases      ] GC(132)   Pre Evacuate Collection Set: 0.24ms
[582.833s][info][gc,phases      ] GC(132)   Merge Heap Roots: 0.42ms
[582.833s][info][gc,phases      ] GC(132)   Evacuate Collection Set: 130.18ms
[582.833s][info][gc,phases      ] GC(132)   Post Evacuate Collection Set: 0.92ms
[582.833s][info][gc,phases      ] GC(132)   Other: 0.06ms
[582.833s][info][gc,heap        ] GC(132) Eden regions: 379->0(330)
[582.833s][info][gc,heap        ] GC(132) Survivor regions: 29->37(51)
[582.833s][info][gc,heap        ] GC(132) Old regions: 190->197
[582.833s][info][gc,heap        ] GC(132) Humongous regions: 81->81
[582.833s][info][gc,metaspace   ] GC(132) Metaspace: 29860K(30400K)->29860K(30400K) NonClass: 26463K(26752K)->26463K(26752K) Class: 3397K(3648K)->3397K(3648K)
[582.833s][info][gc             ] GC(132) Pause Young (Normal) (G1 Evacuation Pause) 5403M->2488M(8192M) 131.927ms
[582.833s][info][gc,cpu         ] GC(132) User=1.04s Sys=0.00s Real=0.13s
. (rIR:aIR:PR = 8038:8044:8044) (tPR = 116939) [OK] 
   583s:       rampup IR =   9378 ..[585.349s][info][gc,start       ] GC(133) Pause Young (Normal) (G1 Evacuation Pause)
[585.349s][info][gc,task        ] GC(133) Using 8 workers of 8 for evacuation
[585.473s][info][gc,phases      ] GC(133)   Pre Evacuate Collection Set: 0.23ms
[585.473s][info][gc,phases      ] GC(133)   Merge Heap Roots: 0.41ms
[585.473s][info][gc,phases      ] GC(133)   Evacuate Collection Set: 122.78ms
[585.473s][info][gc,phases      ] GC(133)   Post Evacuate Collection Set: 0.81ms
[585.473s][info][gc,phases      ] GC(133)   Other: 0.06ms
[585.473s][info][gc,heap        ] GC(133) Eden regions: 341->0(438)
[585.473s][info][gc,heap        ] GC(133) Survivor regions: 37->34(48)
[585.473s][info][gc,heap        ] GC(133) Old regions: 197->205
[585.473s][info][gc,heap        ] GC(133) Humongous regions: 81->81
[585.473s][info][gc,metaspace   ] GC(133) Metaspace: 29861K(30400K)->29861K(30400K) NonClass: 26464K(26752K)->26464K(26752K) Class: 3397K(3648K)->3397K(3648K)
[585.473s][info][gc             ] GC(133) Pause Young (Normal) (G1 Evacuation Pause) 5216M->2527M(8192M) 124.419ms
[585.473s][info][gc,cpu         ] GC(133) User=0.99s Sys=0.00s Real=0.12s
...[588.568s][info][gc,start       ] GC(134) Pause Young (Normal) (G1 Evacuation Pause)
[588.568s][info][gc,task        ] GC(134) Using 8 workers of 8 for evacuation
[588.700s][info][gc,phases      ] GC(134)   Pre Evacuate Collection Set: 0.23ms
[588.700s][info][gc,phases      ] GC(134)   Merge Heap Roots: 0.45ms
[588.700s][info][gc,phases      ] GC(134)   Evacuate Collection Set: 130.46ms
[588.700s][info][gc,phases      ] GC(134)   Post Evacuate Collection Set: 0.84ms
[588.700s][info][gc,phases      ] GC(134)   Other: 0.06ms
[588.700s][info][gc,heap        ] GC(134) Eden regions: 441->0(486)
[588.700s][info][gc,heap        ] GC(134) Survivor regions: 34->36(60)
[588.700s][info][gc,heap        ] GC(134) Old regions: 205->213
[588.700s][info][gc,heap        ] GC(134) Humongous regions: 81->81
[588.700s][info][gc,metaspace   ] GC(134) Metaspace: 29861K(30400K)->29861K(30400K) NonClass: 26464K(26752K)->26464K(26752K) Class: 3397K(3648K)->3397K(3648K)
[588.700s][info][gc             ] GC(134) Pause Young (Normal) (G1 Evacuation Pause) 6055M->2604M(8192M) 132.181ms
[588.700s][info][gc,cpu         ] GC(134) User=1.05s Sys=0.00s Real=0.13s
. (rIR:aIR:PR = 9378:9263:9263) (tPR = 140895) [OK] 
   589s:       rampup IR =  10718 ..[591.771s][info][gc,start       ] GC(135) Pause Young (Normal) (G1 Evacuation Pause)
[591.771s][info][gc,task        ] GC(135) Using 8 workers of 8 for evacuation
[591.916s][info][gc,phases      ] GC(135)   Pre Evacuate Collection Set: 0.28ms
[591.916s][info][gc,phases      ] GC(135)   Merge Heap Roots: 0.49ms
[591.916s][info][gc,phases      ] GC(135)   Evacuate Collection Set: 142.92ms
[591.916s][info][gc,phases      ] GC(135)   Post Evacuate Collection Set: 0.94ms
[591.916s][info][gc,phases      ] GC(135)   Other: 0.06ms
[591.916s][info][gc,heap        ] GC(135) Eden regions: 485->0(466)
[591.916s][info][gc,heap        ] GC(135) Survivor regions: 36->42(66)
[591.916s][info][gc,heap        ] GC(135) Old regions: 213->220
[591.916s][info][gc,heap        ] GC(135) Humongous regions: 81->81
[591.916s][info][gc,metaspace   ] GC(135) Metaspace: 29861K(30400K)->29861K(30400K) NonClass: 26464K(26752K)->26464K(26752K) Class: 3397K(3648K)->3397K(3648K)
[591.916s][info][gc             ] GC(135) Pause Young (Normal) (G1 Evacuation Pause) 6484M->2706M(8192M) 144.822ms
[591.916s][info][gc,cpu         ] GC(135) User=1.15s Sys=0.00s Real=0.15s
.. (rIR:aIR:PR = 10718:10819:10810) (tPR = 145205) [OK] 
   593s:       rampup IR =  12057 .[594.642s][info][gc,start       ] GC(136) Pause Young (Normal) (G1 Evacuation Pause)
[594.642s][info][gc,task        ] GC(136) Using 8 workers of 8 for evacuation
[594.792s][info][gc,phases      ] GC(136)   Pre Evacuate Collection Set: 0.24ms
[594.792s][info][gc,phases      ] GC(136)   Merge Heap Roots: 0.57ms
[594.792s][info][gc,phases      ] GC(136)   Evacuate Collection Set: 147.99ms
[594.792s][info][gc,phases      ] GC(136)   Post Evacuate Collection Set: 1.03ms
[594.792s][info][gc,phases      ] GC(136)   Other: 0.07ms
[594.792s][info][gc,heap        ] GC(136) Eden regions: 466->0(516)
[594.792s][info][gc,heap        ] GC(136) Survivor regions: 42->41(64)
[594.792s][info][gc,heap        ] GC(136) Old regions: 220->227
[594.792s][info][gc,heap        ] GC(136) Humongous regions: 81->81
[594.792s][info][gc,metaspace   ] GC(136) Metaspace: 29861K(30400K)->29861K(30400K) NonClass: 26464K(26752K)->26464K(26752K) Class: 3397K(3648K)->3397K(3648K)
[594.792s][info][gc             ] GC(136) Pause Young (Normal) (G1 Evacuation Pause) 6434M->2760M(8192M) 150.059ms
[594.792s][info][gc,cpu         ] GC(136) User=1.19s Sys=0.00s Real=0.15s
...[597.641s][info][gc,start       ] GC(137) Pause Young (Normal) (G1 Evacuation Pause)
[597.641s][info][gc,task        ] GC(137) Using 8 workers of 8 for evacuation
[597.788s][info][gc,phases      ] GC(137)   Pre Evacuate Collection Set: 0.24ms
[597.788s][info][gc,phases      ] GC(137)   Merge Heap Roots: 0.48ms
[597.788s][info][gc,phases      ] GC(137)   Evacuate Collection Set: 145.73ms
[597.788s][info][gc,phases      ] GC(137)   Post Evacuate Collection Set: 0.98ms
[597.788s][info][gc,phases      ] GC(137)   Other: 0.07ms
[597.788s][info][gc,heap        ] GC(137) Eden regions: 514->0(572)
[597.788s][info][gc,heap        ] GC(137) Survivor regions: 41->41(70)
[597.788s][info][gc,heap        ] GC(137) Old regions: 227->235
[597.788s][info][gc,heap        ] GC(137) Humongous regions: 81->81
[597.788s][info][gc,metaspace   ] GC(137) Metaspace: 29861K(30400K)->29861K(30400K) NonClass: 26464K(26752K)->26464K(26752K) Class: 3397K(3648K)->3397K(3648K)
[597.788s][info][gc             ] GC(137) Pause Young (Normal) (G1 Evacuation Pause) 6872M->2824M(8192M) 147.629ms
[597.788s][info][gc,cpu         ] GC(137) User=1.17s Sys=0.00s Real=0.15s
...[600.847s][info][gc,start       ] GC(138) Pause Young (Normal) (G1 Evacuation Pause)
[600.847s][info][gc,task        ] GC(138) Using 8 workers of 8 for evacuation
[601.004s][info][gc,phases      ] GC(138)   Pre Evacuate Collection Set: 0.26ms
[601.004s][info][gc,phases      ] GC(138)   Merge Heap Roots: 0.49ms
[601.004s][info][gc,phases      ] GC(138)   Evacuate Collection Set: 155.55ms
[601.004s][info][gc,phases      ] GC(138)   Post Evacuate Collection Set: 1.01ms
[601.004s][info][gc,phases      ] GC(138)   Other: 0.07ms
[601.004s][info][gc,heap        ] GC(138) Eden regions: 568->0(543)
[601.004s][info][gc,heap        ] GC(138) Survivor regions: 41->46(77)
[601.004s][info][gc,heap        ] GC(138) Old regions: 235->241
[601.004s][info][gc,heap        ] GC(138) Humongous regions: 81->81
[601.004s][info][gc,metaspace   ] GC(138) Metaspace: 29863K(30400K)->29863K(30400K) NonClass: 26466K(26752K)->26466K(26752K) Class: 3397K(3648K)->3397K(3648K)
[601.004s][info][gc             ] GC(138) Pause Young (Normal) (G1 Evacuation Pause) 7368M->2912M(8192M) 157.502ms
[601.004s][info][gc,cpu         ] GC(138) User=1.25s Sys=0.00s Real=0.15s
. (rIR:aIR:PR = 12057:11909:11714) (tPR = 172015) [OK] 
   601s:       rampup IR =  13397 ..[603.694s][info][gc,start       ] GC(139) Pause Young (Normal) (G1 Evacuation Pause)
[603.694s][info][gc,task        ] GC(139) Using 8 workers of 8 for evacuation
[603.851s][info][gc,phases      ] GC(139)   Pre Evacuate Collection Set: 0.23ms
[603.851s][info][gc,phases      ] GC(139)   Merge Heap Roots: 0.49ms
[603.851s][info][gc,phases      ] GC(139)   Evacuate Collection Set: 155.50ms
[603.851s][info][gc,phases      ] GC(139)   Post Evacuate Collection Set: 1.06ms
[603.851s][info][gc,phases      ] GC(139)   Other: 0.06ms
[603.851s][info][gc,heap        ] GC(139) Eden regions: 538->0(555)
[603.851s][info][gc,heap        ] GC(139) Survivor regions: 46->44(73)
[603.851s][info][gc,heap        ] GC(139) Old regions: 241->248
[603.851s][info][gc,heap        ] GC(139) Humongous regions: 81->81
[603.851s][info][gc,metaspace   ] GC(139) Metaspace: 29863K(30400K)->29863K(30400K) NonClass: 26466K(26752K)->26466K(26752K) Class: 3397K(3648K)->3397K(3648K)
[603.851s][info][gc             ] GC(139) Pause Young (Normal) (G1 Evacuation Pause) 7216M->2955M(8192M) 157.472ms
[603.851s][info][gc,cpu         ] GC(139) User=1.25s Sys=0.00s Real=0.16s
... (rIR:aIR:PR = 13397:13872:12894) (tPR = 194734) [OK] 
   606s:    snapshot, IR =  13397 [606.625s][info][gc,start       ] GC(140) Pause Young (Normal) (G1 Evacuation Pause)
[606.625s][info][gc,task        ] GC(140) Using 8 workers of 8 for evacuation
[606.781s][info][gc,phases      ] GC(140)   Pre Evacuate Collection Set: 0.23ms
[606.781s][info][gc,phases      ] GC(140)   Merge Heap Roots: 0.48ms
[606.781s][info][gc,phases      ] GC(140)   Evacuate Collection Set: 154.34ms
[606.781s][info][gc,phases      ] GC(140)   Post Evacuate Collection Set: 1.06ms
[606.781s][info][gc,phases      ] GC(140)   Other: 0.06ms
[606.781s][info][gc,heap        ] GC(140) Eden regions: 555->0(547)
[606.781s][info][gc,heap        ] GC(140) Survivor regions: 44->44(75)
[606.781s][info][gc,heap        ] GC(140) Old regions: 248->256
[606.781s][info][gc,heap        ] GC(140) Humongous regions: 81->81
[606.781s][info][gc,metaspace   ] GC(140) Metaspace: 29863K(30400K)->29863K(30400K) NonClass: 26466K(26752K)->26466K(26752K) Class: 3397K(3648K)->3397K(3648K)
[606.781s][info][gc             ] GC(140) Pause Young (Normal) (G1 Evacuation Pause) 7395M->3010M(8192M) 156.300ms
[606.781s][info][gc,cpu         ] GC(140) User=1.24s Sys=0.00s Real=0.16s
...[609.549s][info][gc,start       ] GC(141) Pause Young (Normal) (G1 Evacuation Pause)
[609.549s][info][gc,task        ] GC(141) Using 8 workers of 8 for evacuation
[609.706s][info][gc,phases      ] GC(141)   Pre Evacuate Collection Set: 0.23ms
[609.706s][info][gc,phases      ] GC(141)   Merge Heap Roots: 0.48ms
[609.706s][info][gc,phases      ] GC(141)   Evacuate Collection Set: 154.98ms
[609.706s][info][gc,phases      ] GC(141)   Post Evacuate Collection Set: 1.02ms
[609.706s][info][gc,phases      ] GC(141)   Other: 0.06ms
[609.706s][info][gc,heap        ] GC(141) Eden regions: 547->0(540)
[609.706s][info][gc,heap        ] GC(141) Survivor regions: 44->44(74)
[609.706s][info][gc,heap        ] GC(141) Old regions: 256->263
[609.706s][info][gc,heap        ] GC(141) Humongous regions: 81->81
[609.706s][info][gc,metaspace   ] GC(141) Metaspace: 29863K(30400K)->29863K(30400K) NonClass: 26466K(26752K)->26466K(26752K) Class: 3397K(3648K)->3397K(3648K)
[609.706s][info][gc             ] GC(141) Pause Young (Normal) (G1 Evacuation Pause) 7386M->3074M(8192M) 156.894ms
[609.706s][info][gc,cpu         ] GC(141) User=1.24s Sys=0.00s Real=0.16s
...[612.428s][info][gc,start       ] GC(142) Pause Young (Normal) (G1 Evacuation Pause)
[612.428s][info][gc,task        ] GC(142) Using 8 workers of 8 for evacuation
[612.586s][info][gc,phases      ] GC(142)   Pre Evacuate Collection Set: 0.23ms
[612.586s][info][gc,phases      ] GC(142)   Merge Heap Roots: 0.51ms
[612.586s][info][gc,phases      ] GC(142)   Evacuate Collection Set: 156.21ms
[612.586s][info][gc,phases      ] GC(142)   Post Evacuate Collection Set: 1.01ms
[612.586s][info][gc,phases      ] GC(142)   Other: 0.06ms
[612.586s][info][gc,heap        ] GC(142) Eden regions: 540->0(532)
[612.586s][info][gc,heap        ] GC(142) Survivor regions: 44->44(73)
[612.586s][info][gc,heap        ] GC(142) Old regions: 263->271
[612.586s][info][gc,heap        ] GC(142) Humongous regions: 81->81
[612.586s][info][gc,metaspace   ] GC(142) Metaspace: 29863K(30400K)->29863K(30400K) NonClass: 26466K(26752K)->26466K(26752K) Class: 3397K(3648K)->3397K(3648K)
[612.586s][info][gc             ] GC(142) Pause Young (Normal) (G1 Evacuation Pause) 7394M->3130M(8192M) 158.146ms
[612.586s][info][gc,cpu         ] GC(142) User=1.26s Sys=0.00s Real=0.16s
.|.[615.275s][info][gc,start       ] GC(143) Pause Young (Normal) (G1 Evacuation Pause)
[615.275s][info][gc,task        ] GC(143) Using 8 workers of 8 for evacuation
[615.439s][info][gc,phases      ] GC(143)   Pre Evacuate Collection Set: 0.21ms
[615.439s][info][gc,phases      ] GC(143)   Merge Heap Roots: 0.49ms
[615.439s][info][gc,phases      ] GC(143)   Evacuate Collection Set: 161.67ms
[615.439s][info][gc,phases      ] GC(143)   Post Evacuate Collection Set: 1.03ms
[615.439s][info][gc,phases      ] GC(143)   Other: 0.06ms
[615.439s][info][gc,heap        ] GC(143) Eden regions: 532->0(521)
[615.439s][info][gc,heap        ] GC(143) Survivor regions: 44->46(72)
[615.439s][info][gc,heap        ] GC(143) Old regions: 271->278
[615.439s][info][gc,heap        ] GC(143) Humongous regions: 81->81
[615.439s][info][gc,metaspace   ] GC(143) Metaspace: 29864K(30400K)->29864K(30400K) NonClass: 26466K(26752K)->26466K(26752K) Class: 3397K(3648K)->3397K(3648K)
[615.439s][info][gc             ] GC(143) Pause Young (Normal) (G1 Evacuation Pause) 7386M->3208M(8192M) 163.605ms
[615.439s][info][gc,cpu         ] GC(143) User=1.29s Sys=0.00s Real=0.17s
...[618.086s][info][gc,start       ] GC(144) Pause Young (Normal) (G1 Evacuation Pause)
[618.086s][info][gc,task        ] GC(144) Using 8 workers of 8 for evacuation
[618.243s][info][gc,phases      ] GC(144)   Pre Evacuate Collection Set: 0.22ms
[618.243s][info][gc,phases      ] GC(144)   Merge Heap Roots: 0.50ms
[618.243s][info][gc,phases      ] GC(144)   Evacuate Collection Set: 154.85ms
[618.243s][info][gc,phases      ] GC(144)   Post Evacuate Collection Set: 0.96ms
[618.243s][info][gc,phases      ] GC(144)   Other: 0.06ms
[618.243s][info][gc,heap        ] GC(144) Eden regions: 521->0(521)
[618.243s][info][gc,heap        ] GC(144) Survivor regions: 46->42(71)
[618.243s][info][gc,heap        ] GC(144) Old regions: 278->286
[618.243s][info][gc,heap        ] GC(144) Humongous regions: 81->81
[618.243s][info][gc,metaspace   ] GC(144) Metaspace: 29864K(30400K)->29864K(30400K) NonClass: 26466K(26752K)->26466K(26752K) Class: 3397K(3648K)->3397K(3648K)
[618.243s][info][gc             ] GC(144) Pause Young (Normal) (G1 Evacuation Pause) 7376M->3239M(8192M) 156.716ms
[618.243s][info][gc,cpu         ] GC(144) User=1.24s Sys=0.00s Real=0.15s
...[620.824s][info][gc,start       ] GC(145) Pause Young (Normal) (G1 Evacuation Pause)
[620.824s][info][gc,task        ] GC(145) Using 8 workers of 8 for evacuation
[620.983s][info][gc,phases      ] GC(145)   Pre Evacuate Collection Set: 0.22ms
[620.983s][info][gc,phases      ] GC(145)   Merge Heap Roots: 0.48ms
[620.983s][info][gc,phases      ] GC(145)   Evacuate Collection Set: 157.67ms
[620.983s][info][gc,phases      ] GC(145)   Post Evacuate Collection Set: 1.00ms
[620.983s][info][gc,phases      ] GC(145)   Other: 0.06ms
[620.983s][info][gc,heap        ] GC(145) Eden regions: 521->0(509)
[620.983s][info][gc,heap        ] GC(145) Survivor regions: 42->44(71)
[620.983s][info][gc,heap        ] GC(145) Old regions: 286->294
[620.983s][info][gc,heap        ] GC(145) Humongous regions: 81->81
[620.983s][info][gc,metaspace   ] GC(145) Metaspace: 29864K(30400K)->29864K(30400K) NonClass: 26466K(26752K)->26466K(26752K) Class: 3397K(3648K)->3397K(3648K)
[620.983s][info][gc             ] GC(145) Pause Young (Normal) (G1 Evacuation Pause) 7407M->3314M(8192M) 159.560ms
[620.983s][info][gc,cpu         ] GC(145) User=1.27s Sys=0.00s Real=0.16s
...[623.511s][info][gc,start       ] GC(146) Pause Young (Normal) (G1 Evacuation Pause)
[623.511s][info][gc,task        ] GC(146) Using 8 workers of 8 for evacuation
[623.663s][info][gc,phases      ] GC(146)   Pre Evacuate Collection Set: 0.23ms
[623.663s][info][gc,phases      ] GC(146)   Merge Heap Roots: 0.48ms
[623.663s][info][gc,phases      ] GC(146)   Evacuate Collection Set: 150.80ms
[623.663s][info][gc,phases      ] GC(146)   Post Evacuate Collection Set: 0.95ms
[623.663s][info][gc,phases      ] GC(146)   Other: 0.06ms
[623.663s][info][gc,heap        ] GC(146) Eden regions: 509->0(504)
[623.663s][info][gc,heap        ] GC(146) Survivor regions: 44->43(70)
[623.663s][info][gc,heap        ] GC(146) Old regions: 294->301
[623.663s][info][gc,heap        ] GC(146) Humongous regions: 81->81
[623.663s][info][gc,metaspace   ] GC(146) Metaspace: 29864K(30400K)->29864K(30400K) NonClass: 26466K(26752K)->26466K(26752K) Class: 3397K(3648K)->3397K(3648K)
[623.663s][info][gc             ] GC(146) Pause Young (Normal) (G1 Evacuation Pause) 7386M->3364M(8192M) 152.649ms
[623.663s][info][gc,cpu         ] GC(146) User=1.20s Sys=0.00s Real=0.15s
..[626.163s][info][gc,start       ] GC(147) Pause Young (Normal) (G1 Evacuation Pause)
[626.163s][info][gc,task        ] GC(147) Using 8 workers of 8 for evacuation
[626.323s][info][gc,phases      ] GC(147)   Pre Evacuate Collection Set: 0.22ms
[626.324s][info][gc,phases      ] GC(147)   Merge Heap Roots: 0.48ms
[626.324s][info][gc,phases      ] GC(147)   Evacuate Collection Set: 158.90ms
[626.324s][info][gc,phases      ] GC(147)   Post Evacuate Collection Set: 0.97ms
[626.324s][info][gc,phases      ] GC(147)   Other: 0.06ms
[626.324s][info][gc,heap        ] GC(147) Eden regions: 504->0(492)
[626.324s][info][gc,heap        ] GC(147) Survivor regions: 43->45(69)
[626.324s][info][gc,heap        ] GC(147) Old regions: 301->309
[626.324s][info][gc,heap        ] GC(147) Humongous regions: 81->81
[626.324s][info][gc,metaspace   ] GC(147) Metaspace: 29864K(30400K)->29864K(30400K) NonClass: 26466K(26752K)->26466K(26752K) Class: 3397K(3648K)->3397K(3648K)
[626.324s][info][gc             ] GC(147) Pause Young (Normal) (G1 Evacuation Pause) 7396M->3443M(8192M) 160.765ms
[626.324s][info][gc,cpu         ] GC(147) User=1.27s Sys=0.00s Real=0.16s
...[628.787s][info][gc,start       ] GC(148) Pause Young (Normal) (G1 Evacuation Pause)
[628.787s][info][gc,task        ] GC(148) Using 8 workers of 8 for evacuation
[628.934s][info][gc,phases      ] GC(148)   Pre Evacuate Collection Set: 0.24ms
[628.934s][info][gc,phases      ] GC(148)   Merge Heap Roots: 0.49ms
[628.934s][info][gc,phases      ] GC(148)   Evacuate Collection Set: 145.75ms
[628.934s][info][gc,phases      ] GC(148)   Post Evacuate Collection Set: 0.97ms
[628.934s][info][gc,phases      ] GC(148)   Other: 0.06ms
[628.934s][info][gc,heap        ] GC(148) Eden regions: 492->0(492)
[628.934s][info][gc,heap        ] GC(148) Survivor regions: 45->41(68)
[628.934s][info][gc,heap        ] GC(148) Old regions: 309->317
[628.934s][info][gc,heap        ] GC(148) Humongous regions: 81->81
[628.934s][info][gc,metaspace   ] GC(148) Metaspace: 29864K(30400K)->29864K(30400K) NonClass: 26466K(26752K)->26466K(26752K) Class: 3397K(3648K)->3397K(3648K)
[628.934s][info][gc             ] GC(148) Pause Young (Normal) (G1 Evacuation Pause) 7379M->3478M(8192M) 147.634ms
[628.934s][info][gc,cpu         ] GC(148) User=1.17s Sys=0.00s Real=0.14s
..[631.353s][info][gc,start       ] GC(149) Pause Young (Normal) (G1 Evacuation Pause)
[631.353s][info][gc,task        ] GC(149) Using 8 workers of 8 for evacuation
[631.504s][info][gc,phases      ] GC(149)   Pre Evacuate Collection Set: 0.24ms
[631.504s][info][gc,phases      ] GC(149)   Merge Heap Roots: 0.50ms
[631.504s][info][gc,phases      ] GC(149)   Evacuate Collection Set: 149.20ms
[631.504s][info][gc,phases      ] GC(149)   Post Evacuate Collection Set: 0.98ms
[631.504s][info][gc,phases      ] GC(149)   Other: 0.06ms
[631.504s][info][gc,heap        ] GC(149) Eden regions: 492->0(484)
[631.504s][info][gc,heap        ] GC(149) Survivor regions: 41->41(67)
[631.504s][info][gc,heap        ] GC(149) Old regions: 317->325
[631.504s][info][gc,heap        ] GC(149) Humongous regions: 81->81
[631.504s][info][gc,metaspace   ] GC(149) Metaspace: 29864K(30400K)->29864K(30400K) NonClass: 26466K(26752K)->26466K(26752K) Class: 3397K(3648K)->3397K(3648K)
[631.504s][info][gc             ] GC(149) Pause Young (Normal) (G1 Evacuation Pause) 7414M->3542M(8192M) 151.098ms
[631.504s][info][gc,cpu         ] GC(149) User=1.20s Sys=0.00s Real=0.15s
...[633.982s][info][gc,start       ] GC(150) Pause Young (Normal) (G1 Evacuation Pause)
[633.982s][info][gc,task        ] GC(150) Using 8 workers of 8 for evacuation
[634.134s][info][gc,phases      ] GC(150)   Pre Evacuate Collection Set: 0.23ms
[634.134s][info][gc,phases      ] GC(150)   Merge Heap Roots: 0.50ms
[634.134s][info][gc,phases      ] GC(150)   Evacuate Collection Set: 150.47ms
[634.134s][info][gc,phases      ] GC(150)   Post Evacuate Collection Set: 0.95ms
[634.134s][info][gc,phases      ] GC(150)   Other: 0.06ms
[634.134s][info][gc,heap        ] GC(150) Eden regions: 484->0(473)
[634.134s][info][gc,heap        ] GC(150) Survivor regions: 41->43(66)
[634.134s][info][gc,heap        ] GC(150) Old regions: 325->332
[634.134s][info][gc,heap        ] GC(150) Humongous regions: 81->81
[634.134s][info][gc,metaspace   ] GC(150) Metaspace: 29864K(30400K)->29864K(30400K) NonClass: 26466K(26752K)->26466K(26752K) Class: 3397K(3648K)->3397K(3648K)
[634.134s][info][gc             ] GC(150) Pause Young (Normal) (G1 Evacuation Pause) 7414M->3619M(8192M) 152.333ms
[634.134s][info][gc,cpu         ] GC(150) User=1.21s Sys=0.00s Real=0.15s
...[636.541s][info][gc,start       ] GC(151) Pause Young (Normal) (G1 Evacuation Pause)
[636.541s][info][gc,task        ] GC(151) Using 8 workers of 8 for evacuation
[636.699s][info][gc,phases      ] GC(151)   Pre Evacuate Collection Set: 0.22ms
[636.699s][info][gc,phases      ] GC(151)   Merge Heap Roots: 0.48ms
[636.699s][info][gc,phases      ] GC(151)   Evacuate Collection Set: 157.06ms
[636.699s][info][gc,phases      ] GC(151)   Post Evacuate Collection Set: 0.91ms
[636.699s][info][gc,phases      ] GC(151)   Other: 0.06ms
[636.699s][info][gc,heap        ] GC(151) Eden regions: 473->0(463)
[636.699s][info][gc,heap        ] GC(151) Survivor regions: 43->44(65)
[636.699s][info][gc,heap        ] GC(151) Old regions: 332->340
[636.699s][info][gc,heap        ] GC(151) Humongous regions: 81->81
[636.699s][info][gc,metaspace   ] GC(151) Metaspace: 29864K(30400K)->29864K(30400K) NonClass: 26467K(26752K)->26467K(26752K) Class: 3397K(3648K)->3397K(3648K)
[636.699s][info][gc             ] GC(151) Pause Young (Normal) (G1 Evacuation Pause) 7403M->3688M(8192M) 158.858ms
[636.699s][info][gc,cpu         ] GC(151) User=1.26s Sys=0.00s Real=0.16s
..[638.945s][info][gc,start       ] GC(152) Pause Young (Normal) (G1 Evacuation Pause)
[638.945s][info][gc,task        ] GC(152) Using 8 workers of 8 for evacuation
[639.096s][info][gc,phases      ] GC(152)   Pre Evacuate Collection Set: 0.22ms
[639.096s][info][gc,phases      ] GC(152)   Merge Heap Roots: 0.50ms
[639.096s][info][gc,phases      ] GC(152)   Evacuate Collection Set: 149.52ms
[639.096s][info][gc,phases      ] GC(152)   Post Evacuate Collection Set: 0.91ms
[639.096s][info][gc,phases      ] GC(152)   Other: 0.06ms
[639.096s][info][gc,heap        ] GC(152) Eden regions: 463->0(461)
[639.096s][info][gc,heap        ] GC(152) Survivor regions: 44->41(64)
[639.096s][info][gc,heap        ] GC(152) Old regions: 340->348
[639.096s][info][gc,heap        ] GC(152) Humongous regions: 81->81
[639.096s][info][gc,metaspace   ] GC(152) Metaspace: 29864K(30400K)->29864K(30400K) NonClass: 26467K(26752K)->26467K(26752K) Class: 3397K(3648K)->3397K(3648K)
[639.096s][info][gc             ] GC(152) Pause Young (Normal) (G1 Evacuation Pause) 7392M->3732M(8192M) 151.336ms
[639.096s][info][gc,cpu         ] GC(152) User=1.20s Sys=0.00s Real=0.16s
..[641.425s][info][gc,start       ] GC(153) Pause Young (Normal) (G1 Evacuation Pause)
[641.425s][info][gc,task        ] GC(153) Using 8 workers of 8 for evacuation
[641.583s][info][gc,phases      ] GC(153)   Pre Evacuate Collection Set: 0.21ms
[641.583s][info][gc,phases      ] GC(153)   Merge Heap Roots: 0.50ms
[641.583s][info][gc,phases      ] GC(153)   Evacuate Collection Set: 156.01ms
[641.583s][info][gc,phases      ] GC(153)   Post Evacuate Collection Set: 0.93ms
[641.583s][info][gc,phases      ] GC(153)   Other: 0.06ms
[641.583s][info][gc,heap        ] GC(153) Eden regions: 461->0(447)
[641.583s][info][gc,heap        ] GC(153) Survivor regions: 41->44(63)
[641.583s][info][gc,heap        ] GC(153) Old regions: 348->356
[641.583s][info][gc,heap        ] GC(153) Humongous regions: 81->81
[641.583s][info][gc,metaspace   ] GC(153) Metaspace: 29864K(30400K)->29864K(30400K) NonClass: 26467K(26752K)->26467K(26752K) Class: 3397K(3648K)->3397K(3648K)
[641.583s][info][gc             ] GC(153) Pause Young (Normal) (G1 Evacuation Pause) 7420M->3816M(8192M) 157.838ms
[641.583s][info][gc,cpu         ] GC(153) User=1.25s Sys=0.00s Real=0.16s
... (rIR:aIR:PR = 13397:13481:12917) (tPR = 191874) [OK] 
   643s: Performing snapshot: (quiescence[643.794s][info][gc,start       ] GC(154) Pause Young (Normal) (G1 Evacuation Pause)
[643.794s][info][gc,task        ] GC(154) Using 8 workers of 8 for evacuation
[643.943s][info][gc,phases      ] GC(154)   Pre Evacuate Collection Set: 0.22ms
[643.943s][info][gc,phases      ] GC(154)   Merge Heap Roots: 0.49ms
[643.943s][info][gc,phases      ] GC(154)   Evacuate Collection Set: 147.49ms
[643.943s][info][gc,phases      ] GC(154)   Post Evacuate Collection Set: 0.89ms
[643.943s][info][gc,phases      ] GC(154)   Other: 0.07ms
[643.943s][info][gc,heap        ] GC(154) Eden regions: 447->0(444)
[643.943s][info][gc,heap        ] GC(154) Survivor regions: 44->41(62)
[643.943s][info][gc,heap        ] GC(154) Old regions: 356->365
[643.943s][info][gc,heap        ] GC(154) Humongous regions: 81->81
[643.943s][info][gc,metaspace   ] GC(154) Metaspace: 29864K(30400K)->29864K(30400K) NonClass: 26467K(26752K)->26467K(26752K) Class: 3397K(3648K)->3397K(3648K)
[643.943s][info][gc             ] GC(154) Pause Young (Normal) (G1 Evacuation Pause) 7392M->3862M(8192M) 149.289ms
[643.943s][info][gc,cpu         ] GC(154) User=1.19s Sys=0.00s Real=0.15s
......) (stop TxI) (stop BE) (saving... [649.939s][info][gc,start       ] GC(155) Pause Young (Concurrent Start) (G1 Humongous Allocation)
[649.939s][info][gc,task        ] GC(155) Using 8 workers of 8 for evacuation
[650.083s][info][gc,phases      ] GC(155)   Pre Evacuate Collection Set: 0.25ms
[650.083s][info][gc,phases      ] GC(155)   Merge Heap Roots: 0.59ms
[650.083s][info][gc,phases      ] GC(155)   Evacuate Collection Set: 142.77ms
[650.083s][info][gc,phases      ] GC(155)   Post Evacuate Collection Set: 0.71ms
[650.083s][info][gc,phases      ] GC(155)   Other: 0.09ms
[650.083s][info][gc,heap        ] GC(155) Eden regions: 299->0(427)
[650.083s][info][gc,heap        ] GC(155) Survivor regions: 41->41(61)
[650.083s][info][gc,heap        ] GC(155) Old regions: 365->374
[650.083s][info][gc,heap        ] GC(155) Humongous regions: 96->89
[650.083s][info][gc,metaspace   ] GC(155) Metaspace: 29864K(30400K)->29864K(30400K) NonClass: 26467K(26752K)->26467K(26752K) Class: 3397K(3648K)->3397K(3648K)
[650.083s][info][gc             ] GC(155) Pause Young (Concurrent Start) (G1 Humongous Allocation) 6369M->4000M(8192M) 144.556ms
[650.083s][info][gc             ] GC(156) Concurrent Mark Cycle
[650.083s][info][gc,cpu         ] GC(155) User=1.15s Sys=0.00s Real=0.14s
[650.083s][info][gc,marking     ] GC(156) Concurrent Scan Root Regions
[650.293s][info][gc,marking     ] GC(156) Concurrent Scan Root Regions 209.665ms
[650.293s][info][gc,marking     ] GC(156) Concurrent Mark
[650.293s][info][gc,marking     ] GC(156) Concurrent Mark From Roots
[650.293s][info][gc,task        ] GC(156) Using 2 workers of 2 for marking
[650.914s][info][gc,marking     ] GC(156) Concurrent Mark From Roots 620.714ms
[650.914s][info][gc,marking     ] GC(156) Concurrent Preclean
[650.914s][info][gc,marking     ] GC(156) Concurrent Preclean 0.236ms
[650.914s][info][gc,start       ] GC(156) Pause Remark
[650.916s][info][gc             ] GC(156) Pause Remark 4472M->3112M(8192M) 1.667ms
[650.916s][info][gc,cpu         ] GC(156) User=0.01s Sys=0.00s Real=0.01s
[650.916s][info][gc,marking     ] GC(156) Concurrent Mark 622.857ms
[650.916s][info][gc,marking     ] GC(156) Concurrent Rebuild Remembered Sets and Scrub Regions
[651.387s][info][gc,marking     ] GC(156) Concurrent Rebuild Remembered Sets and Scrub Regions 471.118ms
[651.387s][info][gc,start       ] GC(156) Pause Cleanup
[651.388s][info][gc             ] GC(156) Pause Cleanup 3240M->3240M(8192M) 0.269ms
[651.388s][info][gc,cpu         ] GC(156) User=0.00s Sys=0.00s Real=0.00s
[651.388s][info][gc,marking     ] GC(156) Concurrent Clear Claimed Marks
[651.388s][info][gc,marking     ] GC(156) Concurrent Clear Claimed Marks 0.043ms
[651.388s][info][gc,marking     ] GC(156) Concurrent Cleanup for Next Mark
[651.396s][info][gc,marking     ] GC(156) Concurrent Cleanup for Next Mark 7.899ms
[651.396s][info][gc             ] GC(156) Concurrent Mark Cycle 1312.194ms
231811 Kb) (term) [654.843s][info][gc,start       ] GC(157) Pause Full (System.gc())
[654.843s][info][gc,task        ] GC(157) Using 8 workers of 8 for full compaction
[654.843s][info][gc,phases,start] GC(157) Phase 1: Mark live objects
[654.859s][info][gc,phases      ] GC(157) Phase 1: Mark live objects 15.810ms
[654.859s][info][gc,phases,start] GC(157) Phase 2: Prepare compaction
[654.864s][info][gc,phases      ] GC(157) Phase 2: Prepare compaction 4.466ms
[654.864s][info][gc,phases,start] GC(157) Phase 3: Adjust pointers
[654.873s][info][gc,phases      ] GC(157) Phase 3: Adjust pointers 9.002ms
[654.873s][info][gc,phases,start] GC(157) Phase 4: Compact heap
[654.877s][info][gc,phases      ] GC(157) Phase 4: Compact heap 4.243ms
[654.877s][info][gc,phases,start] GC(157) Phase 5: Reset Metadata
[654.881s][info][gc,phases      ] GC(157) Phase 5: Reset Metadata 3.376ms
[654.889s][info][gc,heap        ] GC(157) Eden regions: 46->0(614)
[654.889s][info][gc,heap        ] GC(157) Survivor regions: 41->0(61)
[654.889s][info][gc,heap        ] GC(157) Old regions: 252->12
[654.889s][info][gc,heap        ] GC(157) Humongous regions: 190->33
[654.889s][info][gc,metaspace   ] GC(157) Metaspace: 29865K(30400K)->29865K(30400K) NonClass: 26467K(26752K)->26467K(26752K) Class: 3397K(3648K)->3397K(3648K)
[654.889s][info][gc             ] GC(157) Pause Full (System.gc()) 4195M->332M(8192M) 46.056ms
[654.889s][info][gc,cpu         ] GC(157) User=0.30s Sys=0.00s Real=0.05s
(init) ...
   660s:       rampup IR =      0 ... (rIR:aIR:PR = 0:0:0) (tPR = 0) [OK] 
   663s:       rampup IR =   1340 .... (rIR:aIR:PR = 1340:1341:1341) (tPR = 19612) [OK] 
   667s:       rampup IR =   2679 .[668.502s][info][gc,start       ] GC(158) Pause Young (Normal) (G1 Evacuation Pause)
[668.502s][info][gc,task        ] GC(158) Using 8 workers of 8 for evacuation
[669.242s][info][gc,mmu         ] GC(158) MMU target violated: 201.0ms (200.0ms/201.0ms)
[669.242s][info][gc,phases      ] GC(158)   Pre Evacuate Collection Set: 0.26ms
[669.242s][info][gc,phases      ] GC(158)   Merge Heap Roots: 0.93ms
[669.242s][info][gc,phases      ] GC(158)   Evacuate Collection Set: 736.83ms
[669.242s][info][gc,phases      ] GC(158)   Post Evacuate Collection Set: 1.29ms
[669.242s][info][gc,phases      ] GC(158)   Other: 0.11ms
[669.242s][info][gc,heap        ] GC(158) Eden regions: 614->0(219)
[669.242s][info][gc,heap        ] GC(158) Survivor regions: 0->77(77)
[669.242s][info][gc,heap        ] GC(158) Old regions: 12->87
[669.242s][info][gc,heap        ] GC(158) Humongous regions: 86->81
[669.242s][info][gc,metaspace   ] GC(158) Metaspace: 29885K(30400K)->29885K(30400K) NonClass: 26488K(26752K)->26488K(26752K) Class: 3397K(3648K)->3397K(3648K)
[669.242s][info][gc             ] GC(158) Pause Young (Normal) (G1 Evacuation Pause) 5668M->1932M(8192M) 739.517ms
[669.242s][info][gc,cpu         ] GC(158) User=5.87s Sys=0.00s Real=0.74s
.... (rIR:aIR:PR = 2679:2669:2669) (tPR = 39983) [OK] 
   672s:       rampup IR =   4019 .[673.421s][info][gc,start       ] GC(159) Pause Young (Normal) (G1 Evacuation Pause)
[673.421s][info][gc,task        ] GC(159) Using 8 workers of 8 for evacuation
[673.751s][info][gc,mmu         ] GC(159) MMU target violated: 201.0ms (200.0ms/201.0ms)
[673.751s][info][gc,phases      ] GC(159)   Pre Evacuate Collection Set: 0.23ms
[673.751s][info][gc,phases      ] GC(159)   Merge Heap Roots: 0.56ms
[673.751s][info][gc,phases      ] GC(159)   Evacuate Collection Set: 328.82ms
[673.751s][info][gc,phases      ] GC(159)   Post Evacuate Collection Set: 0.62ms
[673.751s][info][gc,phases      ] GC(159)   Other: 0.09ms
[673.751s][info][gc,heap        ] GC(159) Eden regions: 224->0(195)
[673.751s][info][gc,heap        ] GC(159) Survivor regions: 77->15(38)
[673.751s][info][gc,heap        ] GC(159) Old regions: 87->165
[673.751s][info][gc,heap        ] GC(159) Humongous regions: 81->81
[673.751s][info][gc,metaspace   ] GC(159) Metaspace: 29885K(30400K)->29885K(30400K) NonClass: 26488K(26752K)->26488K(26752K) Class: 3397K(3648K)->3397K(3648K)
[673.751s][info][gc             ] GC(159) Pause Young (Normal) (G1 Evacuation Pause) 3724M->2056M(8192M) 330.419ms
[673.751s][info][gc,cpu         ] GC(159) User=2.62s Sys=0.00s Real=0.33s
... (rIR:aIR:PR = 4019:4027:4027) (tPR = 59908) [OK] 
   676s:       rampup IR =   5359 [676.773s][info][gc,start       ] GC(160) Pause Young (Normal) (G1 Evacuation Pause)
[676.773s][info][gc,task        ] GC(160) Using 8 workers of 8 for evacuation
[676.853s][info][gc,phases      ] GC(160)   Pre Evacuate Collection Set: 0.22ms
[676.853s][info][gc,phases      ] GC(160)   Merge Heap Roots: 0.47ms
[676.853s][info][gc,phases      ] GC(160)   Evacuate Collection Set: 78.38ms
[676.853s][info][gc,phases      ] GC(160)   Post Evacuate Collection Set: 0.71ms
[676.853s][info][gc,phases      ] GC(160)   Other: 0.06ms
[676.853s][info][gc,heap        ] GC(160) Eden regions: 210->0(187)
[676.853s][info][gc,heap        ] GC(160) Survivor regions: 15->26(29)
[676.853s][info][gc,heap        ] GC(160) Old regions: 165->165
[676.853s][info][gc,heap        ] GC(160) Humongous regions: 81->81
[676.853s][info][gc,metaspace   ] GC(160) Metaspace: 29885K(30400K)->29885K(30400K) NonClass: 26488K(26752K)->26488K(26752K) Class: 3397K(3648K)->3397K(3648K)
[676.853s][info][gc             ] GC(160) Pause Young (Normal) (G1 Evacuation Pause) 3736M->2140M(8192M) 79.977ms
[676.853s][info][gc,cpu         ] GC(160) User=0.63s Sys=0.00s Real=0.08s
..[679.225s][info][gc,start       ] GC(161) Pause Young (Normal) (G1 Evacuation Pause)
[679.226s][info][gc,task        ] GC(161) Using 8 workers of 8 for evacuation
[679.325s][info][gc,phases      ] GC(161)   Pre Evacuate Collection Set: 0.24ms
[679.325s][info][gc,phases      ] GC(161)   Merge Heap Roots: 0.45ms
[679.325s][info][gc,phases      ] GC(161)   Evacuate Collection Set: 98.40ms
[679.325s][info][gc,phases      ] GC(161)   Post Evacuate Collection Set: 0.60ms
[679.325s][info][gc,phases      ] GC(161)   Other: 0.06ms
[679.325s][info][gc,heap        ] GC(161) Eden regions: 196->0(217)
[679.325s][info][gc,heap        ] GC(161) Survivor regions: 26->25(28)
[679.325s][info][gc,heap        ] GC(161) Old regions: 165->174
[679.325s][info][gc,heap        ] GC(161) Humongous regions: 81->81
[679.325s][info][gc,metaspace   ] GC(161) Metaspace: 29885K(30400K)->29885K(30400K) NonClass: 26488K(26752K)->26488K(26752K) Class: 3397K(3648K)->3397K(3648K)
[679.325s][info][gc             ] GC(161) Pause Young (Normal) (G1 Evacuation Pause) 3708M->2207M(8192M) 99.875ms
[679.325s][info][gc,cpu         ] GC(161) User=0.79s Sys=0.00s Real=0.10s
.. (rIR:aIR:PR = 5359:5387:5387) (tPR = 80653) [OK] 
   680s:       rampup IR =   6699 .[681.900s][info][gc,start       ] GC(162) Pause Young (Normal) (G1 Evacuation Pause)
[681.900s][info][gc,task        ] GC(162) Using 8 workers of 8 for evacuation
[682.002s][info][gc,phases      ] GC(162)   Pre Evacuate Collection Set: 0.23ms
[682.002s][info][gc,phases      ] GC(162)   Merge Heap Roots: 0.40ms
[682.002s][info][gc,phases      ] GC(162)   Evacuate Collection Set: 100.75ms
[682.002s][info][gc,phases      ] GC(162)   Post Evacuate Collection Set: 0.66ms
[682.002s][info][gc,phases      ] GC(162)   Other: 0.06ms
[682.002s][info][gc,heap        ] GC(162) Eden regions: 241->0(277)
[682.002s][info][gc,heap        ] GC(162) Survivor regions: 25->26(34)
[682.002s][info][gc,heap        ] GC(162) Old regions: 174->182
[682.002s][info][gc,heap        ] GC(162) Humongous regions: 81->81
[682.002s][info][gc,metaspace   ] GC(162) Metaspace: 29887K(30400K)->29887K(30400K) NonClass: 26490K(26752K)->26490K(26752K) Class: 3397K(3648K)->3397K(3648K)
[682.002s][info][gc             ] GC(162) Pause Young (Normal) (G1 Evacuation Pause) 4135M->2280M(8192M) 102.225ms
[682.003s][info][gc,cpu         ] GC(162) User=0.81s Sys=0.01s Real=0.10s
... (rIR:aIR:PR = 6699:6736:6735) (tPR = 100049) [OK] 
   684s:       rampup IR =   8038 [684.835s][info][gc,start       ] GC(163) Pause Young (Normal) (G1 Evacuation Pause)
[684.835s][info][gc,task        ] GC(163) Using 8 workers of 8 for evacuation
[684.948s][info][gc,phases      ] GC(163)   Pre Evacuate Collection Set: 0.23ms
[684.948s][info][gc,phases      ] GC(163)   Merge Heap Roots: 0.48ms
[684.948s][info][gc,phases      ] GC(163)   Evacuate Collection Set: 110.90ms
[684.948s][info][gc,phases      ] GC(163)   Post Evacuate Collection Set: 0.77ms
[684.948s][info][gc,phases      ] GC(163)   Other: 0.06ms
[684.948s][info][gc,heap        ] GC(163) Eden regions: 297->0(326)
[684.948s][info][gc,heap        ] GC(163) Survivor regions: 26->30(41)
[684.948s][info][gc,heap        ] GC(163) Old regions: 182->190
[684.948s][info][gc,heap        ] GC(163) Humongous regions: 81->81
[684.948s][info][gc,metaspace   ] GC(163) Metaspace: 29887K(30400K)->29887K(30400K) NonClass: 26490K(26752K)->26490K(26752K) Class: 3397K(3648K)->3397K(3648K)
[684.948s][info][gc             ] GC(163) Pause Young (Normal) (G1 Evacuation Pause) 4656M->2370M(8192M) 112.563ms
[684.948s][info][gc,cpu         ] GC(163) User=0.89s Sys=0.00s Real=0.12s
...[687.811s][info][gc,start       ] GC(164) Pause Young (Normal) (G1 Evacuation Pause)
[687.811s][info][gc,task        ] GC(164) Using 8 workers of 8 for evacuation
[687.936s][info][gc,phases      ] GC(164)   Pre Evacuate Collection Set: 0.25ms
[687.936s][info][gc,phases      ] GC(164)   Merge Heap Roots: 0.46ms
[687.936s][info][gc,phases      ] GC(164)   Evacuate Collection Set: 123.25ms
[687.936s][info][gc,phases      ] GC(164)   Post Evacuate Collection Set: 0.76ms
[687.936s][info][gc,phases      ] GC(164)   Other: 0.06ms
[687.936s][info][gc,heap        ] GC(164) Eden regions: 335->0(346)
[687.936s][info][gc,heap        ] GC(164) Survivor regions: 30->34(46)
[687.936s][info][gc,heap        ] GC(164) Old regions: 190->197
[687.936s][info][gc,heap        ] GC(164) Humongous regions: 81->81
[687.936s][info][gc,metaspace   ] GC(164) Metaspace: 29887K(30400K)->29887K(30400K) NonClass: 26490K(26752K)->26490K(26752K) Class: 3397K(3648K)->3397K(3648K)
[687.936s][info][gc             ] GC(164) Pause Young (Normal) (G1 Evacuation Pause) 5050M->2464M(8192M) 124.893ms
[687.936s][info][gc,cpu         ] GC(164) User=0.99s Sys=0.00s Real=0.13s
. (rIR:aIR:PR = 8038:7882:7881) (tPR = 119717) [OK] 
   688s:       rampup IR =   9378 ..[690.471s][info][gc,start       ] GC(165) Pause Young (Normal) (G1 Evacuation Pause)
[690.471s][info][gc,task        ] GC(165) Using 8 workers of 8 for evacuation
[690.598s][info][gc,phases      ] GC(165)   Pre Evacuate Collection Set: 0.23ms
[690.598s][info][gc,phases      ] GC(165)   Merge Heap Roots: 0.45ms
[690.598s][info][gc,phases      ] GC(165)   Evacuate Collection Set: 126.31ms
[690.598s][info][gc,phases      ] GC(165)   Post Evacuate Collection Set: 0.79ms
[690.598s][info][gc,phases      ] GC(165)   Other: 0.06ms
[690.599s][info][gc,heap        ] GC(165) Eden regions: 348->0(398)
[690.599s][info][gc,heap        ] GC(165) Survivor regions: 34->35(48)
[690.599s][info][gc,heap        ] GC(165) Old regions: 197->204
[690.599s][info][gc,heap        ] GC(165) Humongous regions: 81->81
[690.599s][info][gc,metaspace   ] GC(165) Metaspace: 29887K(30400K)->29887K(30400K) NonClass: 26490K(26752K)->26490K(26752K) Class: 3397K(3648K)->3397K(3648K)
[690.599s][info][gc             ] GC(165) Pause Young (Normal) (G1 Evacuation Pause) 5248M->2528M(8192M) 127.962ms
[690.599s][info][gc,cpu         ] GC(165) User=1.01s Sys=0.00s Real=0.13s
.. (rIR:aIR:PR = 9378:9285:9252) (tPR = 137948) [OK] 
   692s:       rampup IR =  10718 [693.311s][info][gc,start       ] GC(166) Pause Young (Normal) (G1 Evacuation Pause)
[693.311s][info][gc,task        ] GC(166) Using 8 workers of 8 for evacuation
[693.443s][info][gc,phases      ] GC(166)   Pre Evacuate Collection Set: 0.24ms
[693.443s][info][gc,phases      ] GC(166)   Merge Heap Roots: 0.47ms
[693.443s][info][gc,phases      ] GC(166)   Evacuate Collection Set: 130.03ms
[693.443s][info][gc,phases      ] GC(166)   Post Evacuate Collection Set: 0.94ms
[693.443s][info][gc,phases      ] GC(166)   Other: 0.06ms
[693.443s][info][gc,heap        ] GC(166) Eden regions: 397->0(454)
[693.443s][info][gc,heap        ] GC(166) Survivor regions: 35->36(54)
[693.443s][info][gc,heap        ] GC(166) Old regions: 204->212
[693.443s][info][gc,heap        ] GC(166) Humongous regions: 81->81
[693.443s][info][gc,metaspace   ] GC(166) Metaspace: 29887K(30400K)->29887K(30400K) NonClass: 26490K(26752K)->26490K(26752K) Class: 3397K(3648K)->3397K(3648K)
[693.443s][info][gc             ] GC(166) Pause Young (Normal) (G1 Evacuation Pause) 5704M->2604M(8192M) 131.871ms
[693.443s][info][gc,cpu         ] GC(166) User=1.04s Sys=0.00s Real=0.13s
...[696.255s][info][gc,start       ] GC(167) Pause Young (Normal) (G1 Evacuation Pause)
[696.255s][info][gc,task        ] GC(167) Using 8 workers of 8 for evacuation
[696.391s][info][gc,phases      ] GC(167)   Pre Evacuate Collection Set: 0.26ms
[696.391s][info][gc,phases      ] GC(167)   Merge Heap Roots: 0.55ms
[696.391s][info][gc,phases      ] GC(167)   Evacuate Collection Set: 134.40ms
[696.391s][info][gc,phases      ] GC(167)   Post Evacuate Collection Set: 0.94ms
[696.392s][info][gc,phases      ] GC(167)   Other: 0.06ms
[696.392s][info][gc,heap        ] GC(167) Eden regions: 450->0(494)
[696.392s][info][gc,heap        ] GC(167) Survivor regions: 36->38(61)
[696.392s][info][gc,heap        ] GC(167) Old regions: 212->220
[696.392s][info][gc,heap        ] GC(167) Humongous regions: 81->81
[696.392s][info][gc,metaspace   ] GC(167) Metaspace: 29887K(30400K)->29887K(30400K) NonClass: 26490K(26752K)->26490K(26752K) Class: 3397K(3648K)->3397K(3648K)
[696.392s][info][gc             ] GC(167) Pause Young (Normal) (G1 Evacuation Pause) 6204M->2674M(8192M) 136.331ms
[696.392s][info][gc,cpu         ] GC(167) User=1.08s Sys=0.01s Real=0.14s
.. (rIR:aIR:PR = 10718:10848:10835) (tPR = 159194) [OK] 
   697s:       rampup IR =  12057 .[699.161s][info][gc,start       ] GC(168) Pause Young (Normal) (G1 Evacuation Pause)
[699.161s][info][gc,task        ] GC(168) Using 8 workers of 8 for evacuation
[699.305s][info][gc,phases      ] GC(168)   Pre Evacuate Collection Set: 0.25ms
[699.305s][info][gc,phases      ] GC(168)   Merge Heap Roots: 0.51ms
[699.305s][info][gc,phases      ] GC(168)   Evacuate Collection Set: 142.75ms
[699.305s][info][gc,phases      ] GC(168)   Post Evacuate Collection Set: 1.01ms
[699.305s][info][gc,phases      ] GC(168)   Other: 0.06ms
[699.305s][info][gc,heap        ] GC(168) Eden regions: 488->0(519)
[699.305s][info][gc,heap        ] GC(168) Survivor regions: 38->40(66)
[699.305s][info][gc,heap        ] GC(168) Old regions: 220->227
[699.305s][info][gc,heap        ] GC(168) Humongous regions: 81->81
[699.305s][info][gc,metaspace   ] GC(168) Metaspace: 29887K(30400K)->29887K(30400K) NonClass: 26490K(26752K)->26490K(26752K) Class: 3397K(3648K)->3397K(3648K)
[699.305s][info][gc             ] GC(168) Pause Young (Normal) (G1 Evacuation Pause) 6578M->2751M(8192M) 144.711ms
[699.305s][info][gc,cpu         ] GC(168) User=1.15s Sys=0.00s Real=0.14s
...[702.108s][info][gc,start       ] GC(169) Pause Young (Normal) (G1 Evacuation Pause)
[702.108s][info][gc,task        ] GC(169) Using 8 workers of 8 for evacuation
[702.260s][info][gc,phases      ] GC(169)   Pre Evacuate Collection Set: 0.23ms
[702.260s][info][gc,phases      ] GC(169)   Merge Heap Roots: 0.54ms
[702.260s][info][gc,phases      ] GC(169)   Evacuate Collection Set: 149.78ms
[702.260s][info][gc,phases      ] GC(169)   Post Evacuate Collection Set: 1.02ms
[702.260s][info][gc,phases      ] GC(169)   Other: 0.06ms
[702.260s][info][gc,heap        ] GC(169) Eden regions: 512->0(535)
[702.260s][info][gc,heap        ] GC(169) Survivor regions: 40->42(69)
[702.260s][info][gc,heap        ] GC(169) Old regions: 227->234
[702.260s][info][gc,heap        ] GC(169) Humongous regions: 81->81
[702.260s][info][gc,metaspace   ] GC(169) Metaspace: 29887K(30400K)->29887K(30400K) NonClass: 26490K(26752K)->26490K(26752K) Class: 3397K(3648K)->3397K(3648K)
[702.260s][info][gc             ] GC(169) Pause Young (Normal) (G1 Evacuation Pause) 6847M->2824M(8192M) 151.764ms
[702.260s][info][gc,cpu         ] GC(169) User=1.21s Sys=0.00s Real=0.15s
. (rIR:aIR:PR = 12057:11877:11665) (tPR = 174012) [OK] 
   702s:       rampup IR =  13397 ..[704.894s][info][gc,start       ] GC(170) Pause Young (Normal) (G1 Evacuation Pause)
[704.894s][info][gc,task        ] GC(170) Using 8 workers of 8 for evacuation
[705.049s][info][gc,phases      ] GC(170)   Pre Evacuate Collection Set: 0.23ms
[705.049s][info][gc,phases      ] GC(170)   Merge Heap Roots: 0.56ms
[705.049s][info][gc,phases      ] GC(170)   Evacuate Collection Set: 153.23ms
[705.049s][info][gc,phases      ] GC(170)   Post Evacuate Collection Set: 1.09ms
[705.049s][info][gc,phases      ] GC(170)   Other: 0.07ms
[705.049s][info][gc,heap        ] GC(170) Eden regions: 529->0(563)
[705.049s][info][gc,heap        ] GC(170) Survivor regions: 42->43(72)
[705.049s][info][gc,heap        ] GC(170) Old regions: 234->241
[705.049s][info][gc,heap        ] GC(170) Humongous regions: 81->81
[705.049s][info][gc,metaspace   ] GC(170) Metaspace: 29887K(30400K)->29887K(30400K) NonClass: 26490K(26752K)->26490K(26752K) Class: 3397K(3648K)->3397K(3648K)
[705.049s][info][gc             ] GC(170) Pause Young (Normal) (G1 Evacuation Pause) 7056M->2887M(8192M) 155.290ms
[705.049s][info][gc,cpu         ] GC(170) User=1.23s Sys=0.00s Real=0.16s
...[707.814s][info][gc,start       ] GC(171) Pause Young (Normal) (G1 Evacuation Pause)
[707.814s][info][gc,task        ] GC(171) Using 8 workers of 8 for evacuation
[707.972s][info][gc,phases      ] GC(171)   Pre Evacuate Collection Set: 0.22ms
[707.972s][info][gc,phases      ] GC(171)   Merge Heap Roots: 0.54ms
[707.972s][info][gc,phases      ] GC(171)   Evacuate Collection Set: 156.25ms
[707.972s][info][gc,phases      ] GC(171)   Post Evacuate Collection Set: 1.08ms
[707.972s][info][gc,phases      ] GC(171)   Other: 0.06ms
[707.972s][info][gc,heap        ] GC(171) Eden regions: 556->0(555)
[707.972s][info][gc,heap        ] GC(171) Survivor regions: 43->44(75)
[707.972s][info][gc,heap        ] GC(171) Old regions: 241->248
[707.972s][info][gc,heap        ] GC(171) Humongous regions: 81->81
[707.972s][info][gc,metaspace   ] GC(171) Metaspace: 29887K(30400K)->29887K(30400K) NonClass: 26490K(26752K)->26490K(26752K) Class: 3397K(3648K)->3397K(3648K)
[707.972s][info][gc             ] GC(171) Pause Young (Normal) (G1 Evacuation Pause) 7335M->2956M(8192M) 158.263ms
[707.972s][info][gc,cpu         ] GC(171) User=1.25s Sys=0.01s Real=0.16s
...[710.786s][info][gc,start       ] GC(172) Pause Young (Normal) (G1 Evacuation Pause)
[710.786s][info][gc,task        ] GC(172) Using 8 workers of 8 for evacuation
[710.941s][info][gc,phases      ] GC(172)   Pre Evacuate Collection Set: 0.25ms
[710.941s][info][gc,phases      ] GC(172)   Merge Heap Roots: 0.54ms
[710.941s][info][gc,phases      ] GC(172)   Evacuate Collection Set: 153.07ms
[710.941s][info][gc,phases      ] GC(172)   Post Evacuate Collection Set: 1.07ms
[710.941s][info][gc,phases      ] GC(172)   Other: 0.06ms
[710.941s][info][gc,heap        ] GC(172) Eden regions: 555->0(549)
[710.941s][info][gc,heap        ] GC(172) Survivor regions: 44->43(75)
[710.941s][info][gc,heap        ] GC(172) Old regions: 248->256
[710.941s][info][gc,heap        ] GC(172) Humongous regions: 81->81
[710.941s][info][gc,metaspace   ] GC(172) Metaspace: 29887K(30400K)->29887K(30400K) NonClass: 26490K(26752K)->26490K(26752K) Class: 3397K(3648K)->3397K(3648K)
[710.941s][info][gc             ] GC(172) Pause Young (Normal) (G1 Evacuation Pause) 7396M->3006M(8192M) 155.127ms
[710.941s][info][gc,cpu         ] GC(172) User=1.23s Sys=0.00s Real=0.15s
.. (rIR:aIR:PR = 13397:13169:12794) (tPR = 191993) [OK] 
   712s:       trying IR =  13497 .[713.642s][info][gc,start       ] GC(173) Pause Young (Normal) (G1 Evacuation Pause)
[713.642s][info][gc,task        ] GC(173) Using 8 workers of 8 for evacuation
[713.799s][info][gc,phases      ] GC(173)   Pre Evacuate Collection Set: 0.25ms
[713.799s][info][gc,phases      ] GC(173)   Merge Heap Roots: 0.56ms
[713.799s][info][gc,phases      ] GC(173)   Evacuate Collection Set: 154.78ms
[713.799s][info][gc,phases      ] GC(173)   Post Evacuate Collection Set: 1.09ms
[713.799s][info][gc,phases      ] GC(173)   Other: 0.06ms
[713.799s][info][gc,heap        ] GC(173) Eden regions: 549->0(540)
[713.799s][info][gc,heap        ] GC(173) Survivor regions: 43->44(74)
[713.799s][info][gc,heap        ] GC(173) Old regions: 256->263
[713.799s][info][gc,heap        ] GC(173) Humongous regions: 81->81
[713.799s][info][gc,metaspace   ] GC(173) Metaspace: 29887K(30400K)->29887K(30400K) NonClass: 26490K(26752K)->26490K(26752K) Class: 3397K(3648K)->3397K(3648K)
[713.799s][info][gc             ] GC(173) Pause Young (Normal) (G1 Evacuation Pause) 7398M->3071M(8192M) 156.878ms
[713.799s][info][gc,cpu         ] GC(173) User=1.24s Sys=0.00s Real=0.16s
...[716.560s][info][gc,start       ] GC(174) Pause Young (Normal) (G1 Evacuation Pause)
[716.561s][info][gc,task        ] GC(174) Using 8 workers of 8 for evacuation
[716.714s][info][gc,phases      ] GC(174)   Pre Evacuate Collection Set: 0.25ms
[716.714s][info][gc,phases      ] GC(174)   Merge Heap Roots: 0.54ms
[716.714s][info][gc,phases      ] GC(174)   Evacuate Collection Set: 151.40ms
[716.714s][info][gc,phases      ] GC(174)   Post Evacuate Collection Set: 1.04ms
[716.714s][info][gc,phases      ] GC(174)   Other: 0.06ms
[716.714s][info][gc,heap        ] GC(174) Eden regions: 540->0(534)
[716.714s][info][gc,heap        ] GC(174) Survivor regions: 44->43(73)
[716.714s][info][gc,heap        ] GC(174) Old regions: 263->271
[716.714s][info][gc,heap        ] GC(174) Humongous regions: 81->81
[716.714s][info][gc,metaspace   ] GC(174) Metaspace: 29887K(30400K)->29887K(30400K) NonClass: 26490K(26752K)->26490K(26752K) Class: 3397K(3648K)->3397K(3648K)
[716.714s][info][gc             ] GC(174) Pause Young (Normal) (G1 Evacuation Pause) 7391M->3123M(8192M) 153.437ms
[716.714s][info][gc,cpu         ] GC(174) User=1.22s Sys=0.00s Real=0.15s
..[719.385s][info][gc,start       ] GC(175) Pause Young (Normal) (G1 Evacuation Pause)
[719.385s][info][gc,task        ] GC(175) Using 8 workers of 8 for evacuation
[719.540s][info][gc,phases      ] GC(175)   Pre Evacuate Collection Set: 0.22ms
[719.540s][info][gc,phases      ] GC(175)   Merge Heap Roots: 0.56ms
[719.540s][info][gc,phases      ] GC(175)   Evacuate Collection Set: 152.90ms
[719.540s][info][gc,phases      ] GC(175)   Post Evacuate Collection Set: 1.02ms
[719.540s][info][gc,phases      ] GC(175)   Other: 0.06ms
[719.540s][info][gc,heap        ] GC(175) Eden regions: 534->0(529)
[719.540s][info][gc,heap        ] GC(175) Survivor regions: 43->42(73)
[719.540s][info][gc,heap        ] GC(175) Old regions: 271->278
[719.540s][info][gc,heap        ] GC(175) Humongous regions: 81->81
[719.540s][info][gc,metaspace   ] GC(175) Metaspace: 29887K(30400K)->29887K(30400K) NonClass: 26490K(26752K)->26490K(26752K) Class: 3397K(3648K)->3397K(3648K)
[719.540s][info][gc             ] GC(175) Pause Young (Normal) (G1 Evacuation Pause) 7395M->3180M(8192M) 154.886ms
[719.540s][info][gc,cpu         ] GC(175) User=1.23s Sys=0.00s Real=0.16s
...[722.149s][info][gc,start       ] GC(176) Pause Young (Normal) (G1 Evacuation Pause)
[722.149s][info][gc,task        ] GC(176) Using 8 workers of 8 for evacuation
[722.311s][info][gc,phases      ] GC(176)   Pre Evacuate Collection Set: 0.23ms
[722.311s][info][gc,phases      ] GC(176)   Merge Heap Roots: 0.63ms
[722.311s][info][gc,phases      ] GC(176)   Evacuate Collection Set: 159.81ms
[722.311s][info][gc,phases      ] GC(176)   Post Evacuate Collection Set: 1.04ms
[722.311s][info][gc,phases      ] GC(176)   Other: 0.07ms
[722.311s][info][gc,heap        ] GC(176) Eden regions: 529->0(515)
[722.311s][info][gc,heap        ] GC(176) Survivor regions: 42->45(72)
[722.311s][info][gc,heap        ] GC(176) Old regions: 278->286
[722.311s][info][gc,heap        ] GC(176) Humongous regions: 81->81
[722.311s][info][gc,metaspace   ] GC(176) Metaspace: 29887K(30400K)->29887K(30400K) NonClass: 26490K(26752K)->26490K(26752K) Class: 3397K(3648K)->3397K(3648K)
[722.311s][info][gc             ] GC(176) Pause Young (Normal) (G1 Evacuation Pause) 7412M->3263M(8192M) 161.925ms
[722.311s][info][gc,cpu         ] GC(176) User=1.29s Sys=0.00s Real=0.16s
...[724.872s][info][gc,start       ] GC(177) Pause Young (Normal) (G1 Evacuation Pause)
[724.872s][info][gc,task        ] GC(177) Using 8 workers of 8 for evacuation
[725.027s][info][gc,phases      ] GC(177)   Pre Evacuate Collection Set: 0.23ms
[725.027s][info][gc,phases      ] GC(177)   Merge Heap Roots: 0.54ms
[725.027s][info][gc,phases      ] GC(177)   Evacuate Collection Set: 152.66ms
[725.027s][info][gc,phases      ] GC(177)   Post Evacuate Collection Set: 1.01ms
[725.027s][info][gc,phases      ] GC(177)   Other: 0.06ms
[725.027s][info][gc,heap        ] GC(177) Eden regions: 515->0(512)
[725.027s][info][gc,heap        ] GC(177) Survivor regions: 45->43(70)
[725.027s][info][gc,heap        ] GC(177) Old regions: 286->293
[725.027s][info][gc,heap        ] GC(177) Humongous regions: 81->81
[725.027s][info][gc,metaspace   ] GC(177) Metaspace: 29887K(30400K)->29887K(30400K) NonClass: 26490K(26752K)->26490K(26752K) Class: 3397K(3648K)->3397K(3648K)
[725.027s][info][gc             ] GC(177) Pause Young (Normal) (G1 Evacuation Pause) 7383M->3304M(8192M) 154.656ms
[725.027s][info][gc,cpu         ] GC(177) User=1.23s Sys=0.00s Real=0.16s
.. (rIR:aIR:PR = 13497:13300:12960) (tPR = 193807) [OK] 
   726s:       trying IR =  13517 [727.511s][info][gc,start       ] GC(178) Pause Young (Normal) (G1 Evacuation Pause)
[727.511s][info][gc,task        ] GC(178) Using 8 workers of 8 for evacuation
[727.663s][info][gc,phases      ] GC(178)   Pre Evacuate Collection Set: 0.23ms
[727.663s][info][gc,phases      ] GC(178)   Merge Heap Roots: 0.57ms
[727.663s][info][gc,phases      ] GC(178)   Evacuate Collection Set: 149.34ms
[727.663s][info][gc,phases      ] GC(178)   Post Evacuate Collection Set: 1.07ms
[727.663s][info][gc,phases      ] GC(178)   Other: 0.06ms
[727.663s][info][gc,heap        ] GC(178) Eden regions: 512->0(506)
[727.663s][info][gc,heap        ] GC(178) Survivor regions: 43->42(70)
[727.663s][info][gc,heap        ] GC(178) Old regions: 293->301
[727.663s][info][gc,heap        ] GC(178) Humongous regions: 81->81
[727.663s][info][gc,metaspace   ] GC(178) Metaspace: 29893K(30400K)->29893K(30400K) NonClass: 26495K(26752K)->26495K(26752K) Class: 3397K(3648K)->3397K(3648K)
[727.663s][info][gc             ] GC(178) Pause Young (Normal) (G1 Evacuation Pause) 7400M->3355M(8192M) 151.412ms
[727.663s][info][gc,cpu         ] GC(178) User=1.20s Sys=0.01s Real=0.15s
...[730.222s][info][gc,start       ] GC(179) Pause Young (Normal) (G1 Evacuation Pause)
[730.222s][info][gc,task        ] GC(179) Using 8 workers of 8 for evacuation
[730.380s][info][gc,phases      ] GC(179)   Pre Evacuate Collection Set: 0.23ms
[730.380s][info][gc,phases      ] GC(179)   Merge Heap Roots: 0.57ms
[730.380s][info][gc,phases      ] GC(179)   Evacuate Collection Set: 156.03ms
[730.380s][info][gc,phases      ] GC(179)   Post Evacuate Collection Set: 1.09ms
[730.380s][info][gc,phases      ] GC(179)   Other: 0.06ms
[730.380s][info][gc,heap        ] GC(179) Eden regions: 506->0(497)
[730.380s][info][gc,heap        ] GC(179) Survivor regions: 42->43(69)
[730.380s][info][gc,heap        ] GC(179) Old regions: 301->308
[730.380s][info][gc,heap        ] GC(179) Humongous regions: 81->81
[730.380s][info][gc,metaspace   ] GC(179) Metaspace: 29893K(30400K)->29893K(30400K) NonClass: 26495K(26752K)->26495K(26752K) Class: 3397K(3648K)->3397K(3648K)
[730.380s][info][gc             ] GC(179) Pause Young (Normal) (G1 Evacuation Pause) 7403M->3428M(8192M) 158.114ms
[730.380s][info][gc,cpu         ] GC(179) User=1.25s Sys=0.00s Real=0.16s
...[732.837s][info][gc,start       ] GC(180) Pause Young (Normal) (G1 Evacuation Pause)
[732.837s][info][gc,task        ] GC(180) Using 8 workers of 8 for evacuation
[732.994s][info][gc,phases      ] GC(180)   Pre Evacuate Collection Set: 0.21ms
[732.994s][info][gc,phases      ] GC(180)   Merge Heap Roots: 0.55ms
[732.994s][info][gc,phases      ] GC(180)   Evacuate Collection Set: 155.11ms
[732.994s][info][gc,phases      ] GC(180)   Post Evacuate Collection Set: 1.01ms
[732.994s][info][gc,phases      ] GC(180)   Other: 0.07ms
[732.994s][info][gc,heap        ] GC(180) Eden regions: 497->0(489)
[732.994s][info][gc,heap        ] GC(180) Survivor regions: 43->43(68)
[732.994s][info][gc,heap        ] GC(180) Old regions: 308->316
[732.994s][info][gc,heap        ] GC(180) Humongous regions: 81->81
[732.994s][info][gc,metaspace   ] GC(180) Metaspace: 29896K(30400K)->29896K(30400K) NonClass: 26499K(26752K)->26499K(26752K) Class: 3397K(3648K)->3397K(3648K)
[732.994s][info][gc             ] GC(180) Pause Young (Normal) (G1 Evacuation Pause) 7404M->3487M(8192M) 157.096ms
[732.994s][info][gc,cpu         ] GC(180) User=1.25s Sys=0.00s Real=0.15s
.. (rIR:aIR:PR = 13517:13988:13130) (tPR = 202286) [OK] 
   734s:       trying IR =  13541 [735.387s][info][gc,start       ] GC(181) Pause Young (Normal) (G1 Evacuation Pause)
[735.387s][info][gc,task        ] GC(181) Using 8 workers of 8 for evacuation
[735.549s][info][gc,phases      ] GC(181)   Pre Evacuate Collection Set: 0.22ms
[735.549s][info][gc,phases      ] GC(181)   Merge Heap Roots: 0.56ms
[735.549s][info][gc,phases      ] GC(181)   Evacuate Collection Set: 160.22ms
[735.549s][info][gc,phases      ] GC(181)   Post Evacuate Collection Set: 0.95ms
[735.549s][info][gc,phases      ] GC(181)   Other: 0.07ms
[735.549s][info][gc,heap        ] GC(181) Eden regions: 489->0(479)
[735.549s][info][gc,heap        ] GC(181) Survivor regions: 43->44(67)
[735.549s][info][gc,heap        ] GC(181) Old regions: 316->324
[735.549s][info][gc,heap        ] GC(181) Humongous regions: 81->81
[735.549s][info][gc,metaspace   ] GC(181) Metaspace: 29896K(30400K)->29896K(30400K) NonClass: 26499K(26752K)->26499K(26752K) Class: 3397K(3648K)->3397K(3648K)
[735.549s][info][gc             ] GC(181) Pause Young (Normal) (G1 Evacuation Pause) 7399M->3561M(8192M) 162.144ms
[735.549s][info][gc,cpu         ] GC(181) User=1.29s Sys=0.00s Real=0.16s
...[737.977s][info][gc,start       ] GC(182) Pause Young (Normal) (G1 Evacuation Pause)
[737.977s][info][gc,task        ] GC(182) Using 8 workers of 8 for evacuation
[738.134s][info][gc,phases      ] GC(182)   Pre Evacuate Collection Set: 0.22ms
[738.134s][info][gc,phases      ] GC(182)   Merge Heap Roots: 0.55ms
[738.134s][info][gc,phases      ] GC(182)   Evacuate Collection Set: 155.02ms
[738.134s][info][gc,phases      ] GC(182)   Post Evacuate Collection Set: 0.99ms
[738.134s][info][gc,phases      ] GC(182)   Other: 0.06ms
[738.134s][info][gc,heap        ] GC(182) Eden regions: 479->0(473)
[738.134s][info][gc,heap        ] GC(182) Survivor regions: 44->43(66)
[738.134s][info][gc,heap        ] GC(182) Old regions: 324->332
[738.134s][info][gc,heap        ] GC(182) Humongous regions: 81->81
[738.134s][info][gc,metaspace   ] GC(182) Metaspace: 29896K(30400K)->29896K(30400K) NonClass: 26499K(26752K)->26499K(26752K) Class: 3397K(3648K)->3397K(3648K)
[738.134s][info][gc             ] GC(182) Pause Young (Normal) (G1 Evacuation Pause) 7393M->3611M(8192M) 156.956ms
[738.134s][info][gc,cpu         ] GC(182) User=1.24s Sys=0.00s Real=0.15s
..[740.488s][info][gc,start       ] GC(183) Pause Young (Normal) (G1 Evacuation Pause)
[740.488s][info][gc,task        ] GC(183) Using 8 workers of 8 for evacuation
[740.637s][info][gc,phases      ] GC(183)   Pre Evacuate Collection Set: 0.23ms
[740.637s][info][gc,phases      ] GC(183)   Merge Heap Roots: 0.55ms
[740.637s][info][gc,phases      ] GC(183)   Evacuate Collection Set: 146.97ms
[740.637s][info][gc,phases      ] GC(183)   Post Evacuate Collection Set: 0.97ms
[740.637s][info][gc,phases      ] GC(183)   Other: 0.06ms
[740.637s][info][gc,heap        ] GC(183) Eden regions: 473->0(471)
[740.637s][info][gc,heap        ] GC(183) Survivor regions: 43->40(65)
[740.637s][info][gc,heap        ] GC(183) Old regions: 332->340
[740.637s][info][gc,heap        ] GC(183) Humongous regions: 81->81
[740.637s][info][gc,metaspace   ] GC(183) Metaspace: 29896K(30400K)->29896K(30400K) NonClass: 26499K(26752K)->26499K(26752K) Class: 3397K(3648K)->3397K(3648K)
[740.637s][info][gc             ] GC(183) Pause Young (Normal) (G1 Evacuation Pause) 7395M->3657M(8192M) 148.915ms
[740.637s][info][gc,cpu         ] GC(183) User=1.18s Sys=0.00s Real=0.15s
...[743.055s][info][gc,start       ] GC(184) Pause Young (Normal) (G1 Evacuation Pause)
[743.055s][info][gc,task        ] GC(184) Using 8 workers of 8 for evacuation
[743.204s][info][gc,phases      ] GC(184)   Pre Evacuate Collection Set: 0.23ms
[743.204s][info][gc,phases      ] GC(184)   Merge Heap Roots: 0.55ms
[743.204s][info][gc,phases      ] GC(184)   Evacuate Collection Set: 147.70ms
[743.204s][info][gc,phases      ] GC(184)   Post Evacuate Collection Set: 0.96ms
[743.204s][info][gc,phases      ] GC(184)   Other: 0.06ms
[743.204s][info][gc,heap        ] GC(184) Eden regions: 471->0(463)
[743.204s][info][gc,heap        ] GC(184) Survivor regions: 40->40(64)
[743.204s][info][gc,heap        ] GC(184) Old regions: 340->348
[743.204s][info][gc,heap        ] GC(184) Humongous regions: 81->81
[743.204s][info][gc,metaspace   ] GC(184) Metaspace: 29896K(30400K)->29896K(30400K) NonClass: 26499K(26752K)->26499K(26752K) Class: 3397K(3648K)->3397K(3648K)
[743.204s][info][gc             ] GC(184) Pause Young (Normal) (G1 Evacuation Pause) 7425M->3722M(8192M) 149.621ms
[743.204s][info][gc,cpu         ] GC(184) User=1.19s Sys=0.00s Real=0.15s
..[745.570s][info][gc,start       ] GC(185) Pause Young (Normal) (G1 Evacuation Pause)
[745.570s][info][gc,task        ] GC(185) Using 8 workers of 8 for evacuation
[745.724s][info][gc,phases      ] GC(185)   Pre Evacuate Collection Set: 0.22ms
[745.724s][info][gc,phases      ] GC(185)   Merge Heap Roots: 0.55ms
[745.724s][info][gc,phases      ] GC(185)   Evacuate Collection Set: 151.78ms
[745.724s][info][gc,phases      ] GC(185)   Post Evacuate Collection Set: 0.97ms
[745.724s][info][gc,phases      ] GC(185)   Other: 0.06ms
[745.724s][info][gc,heap        ] GC(185) Eden regions: 463->0(453)
[745.724s][info][gc,heap        ] GC(185) Survivor regions: 40->41(63)
[745.724s][info][gc,heap        ] GC(185) Old regions: 348->356
[745.724s][info][gc,heap        ] GC(185) Humongous regions: 81->81
[745.724s][info][gc,metaspace   ] GC(185) Metaspace: 29896K(30400K)->29896K(30400K) NonClass: 26499K(26752K)->26499K(26752K) Class: 3397K(3648K)->3397K(3648K)
[745.724s][info][gc             ] GC(185) Pause Young (Normal) (G1 Evacuation Pause) 7426M->3796M(8192M) 153.724ms
[745.724s][info][gc,cpu         ] GC(185) User=1.22s Sys=0.00s Real=0.15s
...[747.972s][info][gc,start       ] GC(186) Pause Young (Normal) (G1 Evacuation Pause)
[747.972s][info][gc,task        ] GC(186) Using 8 workers of 8 for evacuation
[748.124s][info][gc,phases      ] GC(186)   Pre Evacuate Collection Set: 0.21ms
[748.124s][info][gc,phases      ] GC(186)   Merge Heap Roots: 0.56ms
[748.124s][info][gc,phases      ] GC(186)   Evacuate Collection Set: 149.69ms
[748.124s][info][gc,phases      ] GC(186)   Post Evacuate Collection Set: 0.95ms
[748.124s][info][gc,phases      ] GC(186)   Other: 0.06ms
[748.124s][info][gc,heap        ] GC(186) Eden regions: 453->0(444)
[748.124s][info][gc,heap        ] GC(186) Survivor regions: 41->41(62)
[748.124s][info][gc,heap        ] GC(186) Old regions: 356->365
[748.124s][info][gc,heap        ] GC(186) Humongous regions: 81->81
[748.124s][info][gc,metaspace   ] GC(186) Metaspace: 29896K(30400K)->29896K(30400K) NonClass: 26499K(26752K)->26499K(26752K) Class: 3397K(3648K)->3397K(3648K)
[748.124s][info][gc             ] GC(186) Pause Young (Normal) (G1 Evacuation Pause) 7420M->3858M(8192M) 151.599ms
[748.124s][info][gc,cpu         ] GC(186) User=1.20s Sys=0.00s Real=0.15s
..[750.275s][info][gc,start       ] GC(187) Pause Young (Normal) (G1 Evacuation Pause)
[750.275s][info][gc,task        ] GC(187) Using 8 workers of 8 for evacuation
[750.423s][info][gc,phases      ] GC(187)   Pre Evacuate Collection Set: 0.22ms
[750.423s][info][gc,phases      ] GC(187)   Merge Heap Roots: 0.55ms
[750.423s][info][gc,phases      ] GC(187)   Evacuate Collection Set: 146.02ms
[750.423s][info][gc,phases      ] GC(187)   Post Evacuate Collection Set: 0.93ms
[750.423s][info][gc,phases      ] GC(187)   Other: 0.06ms
[750.423s][info][gc,heap        ] GC(187) Eden regions: 444->0(440)
[750.423s][info][gc,heap        ] GC(187) Survivor regions: 41->39(61)
[750.423s][info][gc,heap        ] GC(187) Old regions: 365->373
[750.423s][info][gc,heap        ] GC(187) Humongous regions: 81->81
[750.423s][info][gc,metaspace   ] GC(187) Metaspace: 29897K(30400K)->29897K(30400K) NonClass: 26499K(26752K)->26499K(26752K) Class: 3397K(3648K)->3397K(3648K)
[750.423s][info][gc             ] GC(187) Pause Young (Normal) (G1 Evacuation Pause) 7410M->3907M(8192M) 147.913ms
[750.423s][info][gc,cpu         ] GC(187) User=1.18s Sys=0.00s Real=0.15s
..[752.564s][info][gc,start       ] GC(188) Pause Young (Normal) (G1 Evacuation Pause)
[752.564s][info][gc,task        ] GC(188) Using 8 workers of 8 for evacuation
[752.713s][info][gc,phases      ] GC(188)   Pre Evacuate Collection Set: 0.22ms
[752.713s][info][gc,phases      ] GC(188)   Merge Heap Roots: 0.61ms
[752.713s][info][gc,phases      ] GC(188)   Evacuate Collection Set: 147.42ms
[752.713s][info][gc,phases      ] GC(188)   Post Evacuate Collection Set: 0.92ms
[752.713s][info][gc,phases      ] GC(188)   Other: 0.06ms
[752.713s][info][gc,heap        ] GC(188) Eden regions: 440->0(428)
[752.713s][info][gc,heap        ] GC(188) Survivor regions: 39->41(60)
[752.713s][info][gc,heap        ] GC(188) Old regions: 373->381
[752.713s][info][gc,heap        ] GC(188) Humongous regions: 81->81
[752.713s][info][gc,metaspace   ] GC(188) Metaspace: 29897K(30400K)->29897K(30400K) NonClass: 26499K(26752K)->26499K(26752K) Class: 3397K(3648K)->3397K(3648K)
[752.713s][info][gc             ] GC(188) Pause Young (Normal) (G1 Evacuation Pause) 7427M->3986M(8192M) 149.360ms
[752.713s][info][gc,cpu         ] GC(188) User=1.18s Sys=0.01s Real=0.15s
...[754.799s][info][gc,start       ] GC(189) Pause Young (Concurrent Start) (G1 Evacuation Pause)
[754.799s][info][gc,task        ] GC(189) Using 8 workers of 8 for evacuation
[754.956s][info][gc,phases      ] GC(189)   Pre Evacuate Collection Set: 0.29ms
[754.956s][info][gc,phases      ] GC(189)   Merge Heap Roots: 0.62ms
[754.956s][info][gc,phases      ] GC(189)   Evacuate Collection Set: 155.20ms
[754.956s][info][gc,phases      ] GC(189)   Post Evacuate Collection Set: 0.90ms
[754.956s][info][gc,phases      ] GC(189)   Other: 0.09ms
[754.956s][info][gc,heap        ] GC(189) Eden regions: 428->0(418)
[754.956s][info][gc,heap        ] GC(189) Survivor regions: 41->42(59)
[754.956s][info][gc,heap        ] GC(189) Old regions: 381->389
[754.956s][info][gc,heap        ] GC(189) Humongous regions: 81->81
[754.956s][info][gc,metaspace   ] GC(189) Metaspace: 29897K(30400K)->29897K(30400K) NonClass: 26499K(26752K)->26499K(26752K) Class: 3397K(3648K)->3397K(3648K)
[754.956s][info][gc             ] GC(189) Pause Young (Concurrent Start) (G1 Evacuation Pause) 7410M->4063M(8192M) 157.230ms
[754.956s][info][gc             ] GC(190) Concurrent Mark Cycle
[754.956s][info][gc,marking     ] GC(190) Concurrent Scan Root Regions
[754.956s][info][gc,cpu         ] GC(189) User=1.25s Sys=0.00s Real=0.16s
[755.360s][info][gc,marking     ] GC(190) Concurrent Scan Root Regions 404.233ms
[755.361s][info][gc,marking     ] GC(190) Concurrent Mark
[755.361s][info][gc,marking     ] GC(190) Concurrent Mark From Roots
[755.361s][info][gc,task        ] GC(190) Using 2 workers of 2 for marking
.[756.738s][info][gc,marking     ] GC(190) Concurrent Mark From Roots 1377.288ms
[756.738s][info][gc,marking     ] GC(190) Concurrent Preclean
[756.738s][info][gc,marking     ] GC(190) Concurrent Preclean 0.396ms
[756.738s][info][gc,start       ] GC(190) Pause Remark
[756.742s][info][gc             ] GC(190) Pause Remark 6116M->4652M(8192M) 3.319ms
[756.742s][info][gc,cpu         ] GC(190) User=0.02s Sys=0.00s Real=0.00s
[756.742s][info][gc,marking     ] GC(190) Concurrent Mark 1381.329ms
[756.742s][info][gc,marking     ] GC(190) Concurrent Rebuild Remembered Sets and Scrub Regions
.[757.542s][info][gc,marking     ] GC(190) Concurrent Rebuild Remembered Sets and Scrub Regions 800.064ms
[757.542s][info][gc,start       ] GC(190) Pause Cleanup
[757.542s][info][gc             ] GC(190) Pause Cleanup 5804M->5804M(8192M) 0.276ms
[757.542s][info][gc,cpu         ] GC(190) User=0.00s Sys=0.00s Real=0.00s
[757.542s][info][gc,marking     ] GC(190) Concurrent Clear Claimed Marks
[757.543s][info][gc,marking     ] GC(190) Concurrent Clear Claimed Marks 0.049ms
[757.543s][info][gc,marking     ] GC(190) Concurrent Cleanup for Next Mark
[757.552s][info][gc,marking     ] GC(190) Concurrent Cleanup for Next Mark 9.512ms
[757.552s][info][gc             ] GC(190) Concurrent Mark Cycle 2595.894ms
[757.632s][info][gc,start       ] GC(191) Pause Young (Prepare Mixed) (G1 Evacuation Pause)
[757.632s][info][gc,task        ] GC(191) Using 8 workers of 8 for evacuation
[757.779s][info][gc,phases      ] GC(191)   Pre Evacuate Collection Set: 0.22ms
[757.779s][info][gc,phases      ] GC(191)   Merge Heap Roots: 0.80ms
[757.779s][info][gc,phases      ] GC(191)   Evacuate Collection Set: 144.87ms
[757.779s][info][gc,phases      ] GC(191)   Post Evacuate Collection Set: 1.01ms
[757.779s][info][gc,phases      ] GC(191)   Other: 0.06ms
[757.779s][info][gc,heap        ] GC(191) Eden regions: 418->0(574)
[757.779s][info][gc,heap        ] GC(191) Survivor regions: 42->40(58)
[757.779s][info][gc,heap        ] GC(191) Old regions: 254->262
[757.779s][info][gc,heap        ] GC(191) Humongous regions: 33->33
[757.779s][info][gc,metaspace   ] GC(191) Metaspace: 29897K(30400K)->29897K(30400K) NonClass: 26499K(26752K)->26499K(26752K) Class: 3397K(3648K)->3397K(3648K)
[757.779s][info][gc             ] GC(191) Pause Young (Prepare Mixed) (G1 Evacuation Pause) 5943M->2643M(8192M) 147.099ms
[757.779s][info][gc,cpu         ] GC(191) User=1.16s Sys=0.00s Real=0.15s
...[760.648s][info][gc,start       ] GC(192) Pause Young (Mixed) (G1 Evacuation Pause)
[760.648s][info][gc,task        ] GC(192) Using 8 workers of 8 for evacuation
[760.802s][info][gc,phases      ] GC(192)   Pre Evacuate Collection Set: 0.23ms
[760.802s][info][gc,phases      ] GC(192)   Merge Heap Roots: 0.69ms
[760.802s][info][gc,phases      ] GC(192)   Evacuate Collection Set: 151.70ms
[760.802s][info][gc,phases      ] GC(192)   Post Evacuate Collection Set: 1.27ms
[760.802s][info][gc,phases      ] GC(192)   Other: 0.07ms
[760.802s][info][gc,heap        ] GC(192) Eden regions: 568->0(514)
[760.802s][info][gc,heap        ] GC(192) Survivor regions: 40->49(76)
[760.802s][info][gc,heap        ] GC(192) Old regions: 262->246
[760.802s][info][gc,heap        ] GC(192) Humongous regions: 33->33
[760.802s][info][gc,metaspace   ] GC(192) Metaspace: 29897K(30400K)->29897K(30400K) NonClass: 26499K(26752K)->26499K(26752K) Class: 3397K(3648K)->3397K(3648K)
[760.802s][info][gc             ] GC(192) Pause Young (Mixed) (G1 Evacuation Pause) 7187M->2589M(8192M) 154.087ms
[760.802s][info][gc,cpu         ] GC(192) User=1.22s Sys=0.00s Real=0.15s
...[763.310s][info][gc,start       ] GC(193) Pause Young (Mixed) (G1 Evacuation Pause)
[763.310s][info][gc,task        ] GC(193) Using 8 workers of 8 for evacuation
[763.478s][info][gc,phases      ] GC(193)   Pre Evacuate Collection Set: 0.24ms
[763.478s][info][gc,phases      ] GC(193)   Merge Heap Roots: 0.74ms
[763.478s][info][gc,phases      ] GC(193)   Evacuate Collection Set: 165.44ms
[763.478s][info][gc,phases      ] GC(193)   Post Evacuate Collection Set: 1.20ms
[763.478s][info][gc,phases      ] GC(193)   Other: 0.07ms
[763.478s][info][gc,heap        ] GC(193) Eden regions: 499->0(570)
[763.478s][info][gc,heap        ] GC(193) Survivor regions: 49->44(69)
[763.478s][info][gc,heap        ] GC(193) Old regions: 246->239
[763.478s][info][gc,heap        ] GC(193) Humongous regions: 33->33
[763.478s][info][gc,metaspace   ] GC(193) Metaspace: 29902K(30400K)->29902K(30400K) NonClass: 26505K(26752K)->26505K(26752K) Class: 3397K(3648K)->3397K(3648K)
[763.478s][info][gc             ] GC(193) Pause Young (Mixed) (G1 Evacuation Pause) 6581M->2506M(8192M) 167.806ms
[763.478s][info][gc,cpu         ] GC(193) User=1.33s Sys=0.00s Real=0.17s
.. (rIR:aIR:PR = 13541:13634:12555) (tPR = 185783) [PR is under limit] 
   764s: Re-initializing (term) [764.912s][info][gc,start       ] GC(194) Pause Full (System.gc())
[764.912s][info][gc,task        ] GC(194) Using 8 workers of 8 for full compaction
[764.912s][info][gc,phases,start] GC(194) Phase 1: Mark live objects
[764.928s][info][gc,phases      ] GC(194) Phase 1: Mark live objects 15.766ms
[764.928s][info][gc,phases,start] GC(194) Phase 2: Prepare compaction
[764.934s][info][gc,phases      ] GC(194) Phase 2: Prepare compaction 5.814ms
[764.934s][info][gc,phases,start] GC(194) Phase 3: Adjust pointers
[764.945s][info][gc,phases      ] GC(194) Phase 3: Adjust pointers 11.240ms
[764.945s][info][gc,phases,start] GC(194) Phase 4: Compact heap
[764.951s][info][gc,phases      ] GC(194) Phase 4: Compact heap 5.726ms
[764.951s][info][gc,phases,start] GC(194) Phase 5: Reset Metadata
[764.954s][info][gc,phases      ] GC(194) Phase 5: Reset Metadata 3.210ms
[764.962s][info][gc,heap        ] GC(194) Eden regions: 279->0(614)
[764.962s][info][gc,heap        ] GC(194) Survivor regions: 44->0(69)
[764.962s][info][gc,heap        ] GC(194) Old regions: 239->12
[764.962s][info][gc,heap        ] GC(194) Humongous regions: 33->33
[764.962s][info][gc,metaspace   ] GC(194) Metaspace: 29903K(30400K)->29903K(30400K) NonClass: 26506K(26752K)->26506K(26752K) Class: 3397K(3648K)->3397K(3648K)
[764.962s][info][gc             ] GC(194) Pause Full (System.gc()) 4734M->332M(8192M) 50.725ms
[764.962s][info][gc,cpu         ] GC(194) User=0.33s Sys=0.00s Real=0.05s
(init) ... OK
   770s: Searching from base IR = 13517
   770s:       rampup IR =      0 ... (rIR:aIR:PR = 0:0:0) (tPR = 0) [OK] 
   773s:       rampup IR =   1352 .... (rIR:aIR:PR = 1352:1354:1354) (tPR = 19037) [OK] 
   777s:       rampup IR =   2703 .[778.737s][info][gc,start       ] GC(195) Pause Young (Normal) (G1 Evacuation Pause)
[778.737s][info][gc,task        ] GC(195) Using 8 workers of 8 for evacuation
[779.482s][info][gc,mmu         ] GC(195) MMU target violated: 201.0ms (200.0ms/201.0ms)
[779.482s][info][gc,phases      ] GC(195)   Pre Evacuate Collection Set: 0.24ms
[779.482s][info][gc,phases      ] GC(195)   Merge Heap Roots: 1.05ms
[779.482s][info][gc,phases      ] GC(195)   Evacuate Collection Set: 742.47ms
[779.482s][info][gc,phases      ] GC(195)   Post Evacuate Collection Set: 1.26ms
[779.482s][info][gc,phases      ] GC(195)   Other: 0.10ms
[779.482s][info][gc,heap        ] GC(195) Eden regions: 614->0(218)
[779.482s][info][gc,heap        ] GC(195) Survivor regions: 0->77(77)
[779.482s][info][gc,heap        ] GC(195) Old regions: 12->87
[779.482s][info][gc,heap        ] GC(195) Humongous regions: 86->81
[779.482s][info][gc,metaspace   ] GC(195) Metaspace: 29925K(30400K)->29925K(30400K) NonClass: 26525K(26752K)->26525K(26752K) Class: 3400K(3648K)->3400K(3648K)
[779.482s][info][gc             ] GC(195) Pause Young (Normal) (G1 Evacuation Pause) 5668M->1928M(8192M) 745.225ms
[779.482s][info][gc,cpu         ] GC(195) User=5.91s Sys=0.00s Real=0.74s
..... (rIR:aIR:PR = 2703:2696:2696) (tPR = 40029) [OK] 
   783s:       rampup IR =   4055 [784.282s][info][gc,start       ] GC(196) Pause Young (Normal) (G1 Evacuation Pause)
[784.282s][info][gc,task        ] GC(196) Using 8 workers of 8 for evacuation
[784.611s][info][gc,mmu         ] GC(196) MMU target violated: 201.0ms (200.0ms/201.0ms)
[784.611s][info][gc,phases      ] GC(196)   Pre Evacuate Collection Set: 0.23ms
[784.611s][info][gc,phases      ] GC(196)   Merge Heap Roots: 0.55ms
[784.611s][info][gc,phases      ] GC(196)   Evacuate Collection Set: 327.20ms
[784.611s][info][gc,phases      ] GC(196)   Post Evacuate Collection Set: 0.77ms
[784.611s][info][gc,phases      ] GC(196)   Other: 0.10ms
[784.611s][info][gc,heap        ] GC(196) Eden regions: 242->0(187)
[784.611s][info][gc,heap        ] GC(196) Survivor regions: 77->17(40)
[784.611s][info][gc,heap        ] GC(196) Old regions: 87->165
[784.611s][info][gc,heap        ] GC(196) Humongous regions: 81->81
[784.611s][info][gc,metaspace   ] GC(196) Metaspace: 29925K(30400K)->29925K(30400K) NonClass: 26525K(26752K)->26525K(26752K) Class: 3400K(3648K)->3400K(3648K)
[784.611s][info][gc             ] GC(196) Pause Young (Normal) (G1 Evacuation Pause) 3864M->2072M(8192M) 328.948ms
[784.611s][info][gc,cpu         ] GC(196) User=2.61s Sys=0.00s Real=0.33s
....[787.687s][info][gc,start       ] GC(197) Pause Young (Normal) (G1 Evacuation Pause)
[787.687s][info][gc,task        ] GC(197) Using 8 workers of 8 for evacuation
[787.767s][info][gc,phases      ] GC(197)   Pre Evacuate Collection Set: 0.23ms
[787.767s][info][gc,phases      ] GC(197)   Merge Heap Roots: 0.44ms
[787.767s][info][gc,phases      ] GC(197)   Evacuate Collection Set: 78.55ms
[787.767s][info][gc,phases      ] GC(197)   Post Evacuate Collection Set: 0.57ms
[787.767s][info][gc,phases      ] GC(197)   Other: 0.06ms
[787.767s][info][gc,heap        ] GC(197) Eden regions: 207->0(231)
[787.767s][info][gc,heap        ] GC(197) Survivor regions: 17->15(28)
[787.767s][info][gc,heap        ] GC(197) Old regions: 165->177
[787.767s][info][gc,heap        ] GC(197) Humongous regions: 81->81
[787.767s][info][gc,metaspace   ] GC(197) Metaspace: 29925K(30400K)->29925K(30400K) NonClass: 26525K(26752K)->26525K(26752K) Class: 3400K(3648K)->3400K(3648K)
[787.767s][info][gc             ] GC(197) Pause Young (Normal) (G1 Evacuation Pause) 3728M->2152M(8192M) 79.987ms
[787.767s][info][gc,cpu         ] GC(197) User=0.63s Sys=0.00s Real=0.08s
.....[792.688s][info][gc,start       ] GC(198) Pause Young (Normal) (G1 Evacuation Pause)
[792.688s][info][gc,task        ] GC(198) Using 8 workers of 8 for evacuation
[792.775s][info][gc,phases      ] GC(198)   Pre Evacuate Collection Set: 0.22ms
[792.775s][info][gc,phases      ] GC(198)   Merge Heap Roots: 0.40ms
[792.775s][info][gc,phases      ] GC(198)   Evacuate Collection Set: 85.39ms
[792.775s][info][gc,phases      ] GC(198)   Post Evacuate Collection Set: 0.68ms
[792.775s][info][gc,phases      ] GC(198)   Other: 0.06ms
[792.775s][info][gc,heap        ] GC(198) Eden regions: 294->0(206)
[792.775s][info][gc,heap        ] GC(198) Survivor regions: 15->27(39)
[792.775s][info][gc,heap        ] GC(198) Old regions: 177->177
[792.775s][info][gc,heap        ] GC(198) Humongous regions: 81->81
[792.775s][info][gc,metaspace   ] GC(198) Metaspace: 29925K(30400K)->29925K(30400K) NonClass: 26525K(26752K)->26525K(26752K) Class: 3400K(3648K)->3400K(3648K)
[792.775s][info][gc             ] GC(198) Pause Young (Normal) (G1 Evacuation Pause) 4504M->2248M(8192M) 86.866ms
[792.775s][info][gc,cpu         ] GC(198) User=0.68s Sys=0.00s Real=0.08s
. (rIR:aIR:PR = 4055:4202:4201) (tPR = 61688) [OK] 
   793s:       rampup IR =   5407 ..[795.771s][info][gc,start       ] GC(199) Pause Young (Normal) (G1 Evacuation Pause)
[795.771s][info][gc,task        ] GC(199) Using 8 workers of 8 for evacuation
[795.876s][info][gc,phases      ] GC(199)   Pre Evacuate Collection Set: 0.25ms
[795.877s][info][gc,phases      ] GC(199)   Merge Heap Roots: 0.41ms
[795.877s][info][gc,phases      ] GC(199)   Evacuate Collection Set: 104.37ms
[795.877s][info][gc,phases      ] GC(199)   Post Evacuate Collection Set: 0.59ms
[795.877s][info][gc,phases      ] GC(199)   Other: 0.05ms
[795.877s][info][gc,heap        ] GC(199) Eden regions: 220->0(375)
[795.877s][info][gc,heap        ] GC(199) Survivor regions: 27->17(31)
[795.877s][info][gc,heap        ] GC(199) Old regions: 177->197
[795.877s][info][gc,heap        ] GC(199) Humongous regions: 81->81
[795.877s][info][gc,metaspace   ] GC(199) Metaspace: 29925K(30400K)->29925K(30400K) NonClass: 26525K(26752K)->26525K(26752K) Class: 3400K(3648K)->3400K(3648K)
[795.877s][info][gc             ] GC(199) Pause Young (Normal) (G1 Evacuation Pause) 4008M->2327M(8192M) 105.791ms
[795.877s][info][gc,cpu         ] GC(199) User=0.83s Sys=0.00s Real=0.11s
.. (rIR:aIR:PR = 5407:5427:5427) (tPR = 82130) [OK] 
   797s:       rampup IR =   6759 ..[800.157s][info][gc,start       ] GC(200) Pause Young (Normal) (G1 Evacuation Pause)
[800.157s][info][gc,task        ] GC(200) Using 8 workers of 8 for evacuation
[800.259s][info][gc,phases      ] GC(200)   Pre Evacuate Collection Set: 0.25ms
[800.259s][info][gc,phases      ] GC(200)   Merge Heap Roots: 0.48ms
[800.259s][info][gc,phases      ] GC(200)   Evacuate Collection Set: 100.95ms
[800.259s][info][gc,phases      ] GC(200)   Post Evacuate Collection Set: 0.81ms
[800.259s][info][gc,phases      ] GC(200)   Other: 0.06ms
[800.259s][info][gc,heap        ] GC(200) Eden regions: 399->0(301)
[800.259s][info][gc,heap        ] GC(200) Survivor regions: 17->34(52)
[800.259s][info][gc,heap        ] GC(200) Old regions: 197->197
[800.259s][info][gc,heap        ] GC(200) Humongous regions: 81->81
[800.259s][info][gc,metaspace   ] GC(200) Metaspace: 29925K(30400K)->29925K(30400K) NonClass: 26525K(26752K)->26525K(26752K) Class: 3400K(3648K)->3400K(3648K)
[800.259s][info][gc             ] GC(200) Pause Young (Normal) (G1 Evacuation Pause) 5519M->2463M(8192M) 102.697ms
[800.259s][info][gc,cpu         ] GC(200) User=0.80s Sys=0.00s Real=0.10s
.. (rIR:aIR:PR = 6759:6805:6805) (tPR = 101793) [OK] 
   801s:       rampup IR =   8110 .[803.034s][info][gc,start       ] GC(201) Pause Young (Normal) (G1 Evacuation Pause)
[803.034s][info][gc,task        ] GC(201) Using 8 workers of 8 for evacuation
[803.152s][info][gc,phases      ] GC(201)   Pre Evacuate Collection Set: 0.26ms
[803.152s][info][gc,phases      ] GC(201)   Merge Heap Roots: 0.49ms
[803.152s][info][gc,phases      ] GC(201)   Evacuate Collection Set: 116.72ms
[803.152s][info][gc,phases      ] GC(201)   Post Evacuate Collection Set: 0.71ms
[803.152s][info][gc,phases      ] GC(201)   Other: 0.06ms
[803.152s][info][gc,heap        ] GC(201) Eden regions: 313->0(533)
[803.152s][info][gc,heap        ] GC(201) Survivor regions: 34->20(44)
[803.152s][info][gc,heap        ] GC(201) Old regions: 197->218
[803.152s][info][gc,heap        ] GC(201) Humongous regions: 81->81
[803.152s][info][gc,metaspace   ] GC(201) Metaspace: 29925K(30400K)->29925K(30400K) NonClass: 26525K(26752K)->26525K(26752K) Class: 3400K(3648K)->3400K(3648K)
[803.152s][info][gc             ] GC(201) Pause Young (Normal) (G1 Evacuation Pause) 4967M->2518M(8192M) 118.368ms
[803.152s][info][gc,cpu         ] GC(201) User=0.93s Sys=0.00s Real=0.12s
.... (rIR:aIR:PR = 8110:8231:8241) (tPR = 123217) [OK] 
   806s:       rampup IR =   9462 [807.529s][info][gc,start       ] GC(202) Pause Young (Normal) (G1 Evacuation Pause)
[807.530s][info][gc,task        ] GC(202) Using 8 workers of 8 for evacuation
[807.646s][info][gc,phases      ] GC(202)   Pre Evacuate Collection Set: 0.24ms
[807.647s][info][gc,phases      ] GC(202)   Merge Heap Roots: 0.51ms
[807.647s][info][gc,phases      ] GC(202)   Evacuate Collection Set: 115.12ms
[807.647s][info][gc,phases      ] GC(202)   Post Evacuate Collection Set: 1.02ms
[807.647s][info][gc,phases      ] GC(202)   Other: 0.07ms
[807.647s][info][gc,heap        ] GC(202) Eden regions: 544->0(415)
[807.647s][info][gc,heap        ] GC(202) Survivor regions: 20->37(71)
[807.647s][info][gc,heap        ] GC(202) Old regions: 218->218
[807.647s][info][gc,heap        ] GC(202) Humongous regions: 81->81
[807.647s][info][gc,metaspace   ] GC(202) Metaspace: 29925K(30400K)->29925K(30400K) NonClass: 26525K(26752K)->26525K(26752K) Class: 3400K(3648K)->3400K(3648K)
[807.647s][info][gc             ] GC(202) Pause Young (Normal) (G1 Evacuation Pause) 6870M->2654M(8192M) 117.097ms
[807.647s][info][gc,cpu         ] GC(202) User=0.92s Sys=0.00s Real=0.12s
...[810.438s][info][gc,start       ] GC(203) Pause Young (Normal) (G1 Evacuation Pause)
[810.438s][info][gc,task        ] GC(203) Using 8 workers of 8 for evacuation
[810.576s][info][gc,phases      ] GC(203)   Pre Evacuate Collection Set: 0.23ms
[810.576s][info][gc,phases      ] GC(203)   Merge Heap Roots: 0.43ms
[810.576s][info][gc,phases      ] GC(203)   Evacuate Collection Set: 136.89ms
[810.576s][info][gc,phases      ] GC(203)   Post Evacuate Collection Set: 0.88ms
[810.576s][info][gc,phases      ] GC(203)   Other: 0.06ms
[810.576s][info][gc,heap        ] GC(203) Eden regions: 417->0(438)
[810.576s][info][gc,heap        ] GC(203) Survivor regions: 37->40(57)
[810.576s][info][gc,heap        ] GC(203) Old regions: 218->223
[810.576s][info][gc,heap        ] GC(203) Humongous regions: 81->81
[810.576s][info][gc,metaspace   ] GC(203) Metaspace: 29925K(30400K)->29925K(30400K) NonClass: 26525K(26752K)->26525K(26752K) Class: 3400K(3648K)->3400K(3648K)
[810.576s][info][gc             ] GC(203) Pause Young (Normal) (G1 Evacuation Pause) 5990M->2717M(8192M) 138.621ms
[810.576s][info][gc,cpu         ] GC(203) User=1.10s Sys=0.00s Real=0.14s
...[813.570s][info][gc,start       ] GC(204) Pause Young (Normal) (G1 Evacuation Pause)
[813.570s][info][gc,task        ] GC(204) Using 8 workers of 8 for evacuation
[813.714s][info][gc,phases      ] GC(204)   Pre Evacuate Collection Set: 0.26ms
[813.714s][info][gc,phases      ] GC(204)   Merge Heap Roots: 0.54ms
[813.714s][info][gc,phases      ] GC(204)   Evacuate Collection Set: 141.49ms
[813.714s][info][gc,phases      ] GC(204)   Post Evacuate Collection Set: 0.85ms
[813.714s][info][gc,phases      ] GC(204)   Other: 0.06ms
[813.714s][info][gc,heap        ] GC(204) Eden regions: 438->0(518)
[813.714s][info][gc,heap        ] GC(204) Survivor regions: 40->38(60)
[813.714s][info][gc,heap        ] GC(204) Old regions: 223->233
[813.714s][info][gc,heap        ] GC(204) Humongous regions: 81->81
[813.714s][info][gc,metaspace   ] GC(204) Metaspace: 29925K(30400K)->29925K(30400K) NonClass: 26525K(26752K)->26525K(26752K) Class: 3400K(3648K)->3400K(3648K)
[813.714s][info][gc             ] GC(204) Pause Young (Normal) (G1 Evacuation Pause) 6221M->2784M(8192M) 143.344ms
[813.714s][info][gc,cpu         ] GC(204) User=1.13s Sys=0.00s Real=0.14s
... (rIR:aIR:PR = 9462:9677:9820) (tPR = 142905) [OK] 
   815s:       rampup IR =  10814 .[817.095s][info][gc,start       ] GC(205) Pause Young (Normal) (G1 Evacuation Pause)
[817.095s][info][gc,task        ] GC(205) Using 8 workers of 8 for evacuation
[817.242s][info][gc,phases      ] GC(205)   Pre Evacuate Collection Set: 0.24ms
[817.242s][info][gc,phases      ] GC(205)   Merge Heap Roots: 0.50ms
[817.242s][info][gc,phases      ] GC(205)   Evacuate Collection Set: 144.86ms
[817.242s][info][gc,phases      ] GC(205)   Post Evacuate Collection Set: 0.95ms
[817.242s][info][gc,phases      ] GC(205)   Other: 0.07ms
[817.242s][info][gc,heap        ] GC(205) Eden regions: 516->0(545)
[817.242s][info][gc,heap        ] GC(205) Survivor regions: 38->40(70)
[817.242s][info][gc,heap        ] GC(205) Old regions: 233->240
[817.242s][info][gc,heap        ] GC(205) Humongous regions: 81->81
[817.242s][info][gc,metaspace   ] GC(205) Metaspace: 29925K(30400K)->29925K(30400K) NonClass: 26525K(26752K)->26525K(26752K) Class: 3400K(3648K)->3400K(3648K)
[817.242s][info][gc             ] GC(205) Pause Young (Normal) (G1 Evacuation Pause) 6912M->2858M(8192M) 146.738ms
[817.242s][info][gc,cpu         ] GC(205) User=1.17s Sys=0.00s Real=0.15s
... (rIR:aIR:PR = 10814:10744:10774) (tPR = 161199) [OK] 
   819s:       rampup IR =  12165 [820.542s][info][gc,start       ] GC(206) Pause Young (Normal) (G1 Evacuation Pause)
[820.542s][info][gc,task        ] GC(206) Using 8 workers of 8 for evacuation
[820.690s][info][gc,phases      ] GC(206)   Pre Evacuate Collection Set: 0.25ms
[820.690s][info][gc,phases      ] GC(206)   Merge Heap Roots: 0.49ms
[820.690s][info][gc,phases      ] GC(206)   Evacuate Collection Set: 145.96ms
[820.690s][info][gc,phases      ] GC(206)   Post Evacuate Collection Set: 1.07ms
[820.690s][info][gc,phases      ] GC(206)   Other: 0.06ms
[820.690s][info][gc,heap        ] GC(206) Eden regions: 541->0(560)
[820.690s][info][gc,heap        ] GC(206) Survivor regions: 40->42(73)
[820.690s][info][gc,heap        ] GC(206) Old regions: 240->247
[820.690s][info][gc,heap        ] GC(206) Humongous regions: 81->81
[820.690s][info][gc,metaspace   ] GC(206) Metaspace: 29926K(30400K)->29926K(30400K) NonClass: 26525K(26752K)->26525K(26752K) Class: 3400K(3648K)->3400K(3648K)
[820.690s][info][gc             ] GC(206) Pause Young (Normal) (G1 Evacuation Pause) 7186M->2929M(8192M) 147.960ms
[820.690s][info][gc,cpu         ] GC(206) User=1.17s Sys=0.00s Real=0.15s
...[823.725s][info][gc,start       ] GC(207) Pause Young (Normal) (G1 Evacuation Pause)
[823.725s][info][gc,task        ] GC(207) Using 8 workers of 8 for evacuation
[823.876s][info][gc,phases      ] GC(207)   Pre Evacuate Collection Set: 0.24ms
[823.876s][info][gc,phases      ] GC(207)   Merge Heap Roots: 0.49ms
[823.876s][info][gc,phases      ] GC(207)   Evacuate Collection Set: 149.18ms
[823.876s][info][gc,phases      ] GC(207)   Post Evacuate Collection Set: 1.09ms
[823.876s][info][gc,phases      ] GC(207)   Other: 0.07ms
[823.876s][info][gc,heap        ] GC(207) Eden regions: 560->0(551)
[823.876s][info][gc,heap        ] GC(207) Survivor regions: 42->43(76)
[823.876s][info][gc,heap        ] GC(207) Old regions: 247->254
[823.876s][info][gc,heap        ] GC(207) Humongous regions: 81->81
[823.876s][info][gc,metaspace   ] GC(207) Metaspace: 29926K(30400K)->29926K(30400K) NonClass: 26525K(26752K)->26525K(26752K) Class: 3400K(3648K)->3400K(3648K)
[823.876s][info][gc             ] GC(207) Pause Young (Normal) (G1 Evacuation Pause) 7409M->2991M(8192M) 151.197ms
[823.876s][info][gc,cpu         ] GC(207) User=1.20s Sys=0.00s Real=0.16s
. (rIR:aIR:PR = 12165:11914:11903) (tPR = 171294) [OK] 
   823s:       rampup IR =  13517 ..[826.780s][info][gc,start       ] GC(208) Pause Young (Normal) (G1 Evacuation Pause)
[826.780s][info][gc,task        ] GC(208) Using 8 workers of 8 for evacuation
[826.938s][info][gc,phases      ] GC(208)   Pre Evacuate Collection Set: 0.23ms
[826.938s][info][gc,phases      ] GC(208)   Merge Heap Roots: 0.49ms
[826.938s][info][gc,phases      ] GC(208)   Evacuate Collection Set: 156.16ms
[826.938s][info][gc,phases      ] GC(208)   Post Evacuate Collection Set: 1.11ms
[826.938s][info][gc,phases      ] GC(208)   Other: 0.06ms
[826.938s][info][gc,heap        ] GC(208) Eden regions: 551->0(541)
[826.938s][info][gc,heap        ] GC(208) Survivor regions: 43->44(75)
[826.938s][info][gc,heap        ] GC(208) Old regions: 254->262
[826.938s][info][gc,heap        ] GC(208) Humongous regions: 81->81
[826.938s][info][gc,metaspace   ] GC(208) Metaspace: 29926K(30400K)->29926K(30400K) NonClass: 26525K(26752K)->26525K(26752K) Class: 3400K(3648K)->3400K(3648K)
[826.939s][info][gc             ] GC(208) Pause Young (Normal) (G1 Evacuation Pause) 7399M->3057M(8192M) 158.179ms
[826.939s][info][gc,cpu         ] GC(208) User=1.26s Sys=0.00s Real=0.16s
...[829.613s][info][gc,start       ] GC(209) Pause Young (Normal) (G1 Evacuation Pause)
[829.613s][info][gc,task        ] GC(209) Using 8 workers of 8 for evacuation
[829.772s][info][gc,phases      ] GC(209)   Pre Evacuate Collection Set: 0.23ms
[829.772s][info][gc,phases      ] GC(209)   Merge Heap Roots: 0.49ms
[829.772s][info][gc,phases      ] GC(209)   Evacuate Collection Set: 156.52ms
[829.772s][info][gc,phases      ] GC(209)   Post Evacuate Collection Set: 1.06ms
[829.772s][info][gc,phases      ] GC(209)   Other: 0.06ms
[829.772s][info][gc,heap        ] GC(209) Eden regions: 541->0(534)
[829.772s][info][gc,heap        ] GC(209) Survivor regions: 44->44(74)
[829.772s][info][gc,heap        ] GC(209) Old regions: 262->269
[829.772s][info][gc,heap        ] GC(209) Humongous regions: 81->81
[829.772s][info][gc,metaspace   ] GC(209) Metaspace: 29926K(30400K)->29926K(30400K) NonClass: 26525K(26752K)->26525K(26752K) Class: 3400K(3648K)->3400K(3648K)
[829.772s][info][gc             ] GC(209) Pause Young (Normal) (G1 Evacuation Pause) 7385M->3119M(8192M) 158.478ms
[829.772s][info][gc,cpu         ] GC(209) User=1.25s Sys=0.00s Real=0.16s
...[832.444s][info][gc,start       ] GC(210) Pause Young (Normal) (G1 Evacuation Pause)
[832.444s][info][gc,task        ] GC(210) Using 8 workers of 8 for evacuation
[832.601s][info][gc,phases      ] GC(210)   Pre Evacuate Collection Set: 0.24ms
[832.601s][info][gc,phases      ] GC(210)   Merge Heap Roots: 0.49ms
[832.601s][info][gc,phases      ] GC(210)   Evacuate Collection Set: 155.38ms
[832.601s][info][gc,phases      ] GC(210)   Post Evacuate Collection Set: 0.99ms
[832.601s][info][gc,phases      ] GC(210)   Other: 0.06ms
[832.601s][info][gc,heap        ] GC(210) Eden regions: 534->0(527)
[832.601s][info][gc,heap        ] GC(210) Survivor regions: 44->44(73)
[832.601s][info][gc,heap        ] GC(210) Old regions: 269->276
[832.601s][info][gc,heap        ] GC(210) Humongous regions: 81->81
[832.601s][info][gc,metaspace   ] GC(210) Metaspace: 29926K(30400K)->29926K(30400K) NonClass: 26525K(26752K)->26525K(26752K) Class: 3400K(3648K)->3400K(3648K)
[832.601s][info][gc             ] GC(210) Pause Young (Normal) (G1 Evacuation Pause) 7391M->3177M(8192M) 157.298ms
[832.601s][info][gc,cpu         ] GC(210) User=1.25s Sys=0.00s Real=0.16s
...[835.217s][info][gc,start       ] GC(211) Pause Young (Normal) (G1 Evacuation Pause)
[835.217s][info][gc,task        ] GC(211) Using 8 workers of 8 for evacuation
[835.372s][info][gc,phases      ] GC(211)   Pre Evacuate Collection Set: 0.23ms
[835.372s][info][gc,phases      ] GC(211)   Merge Heap Roots: 0.49ms
[835.372s][info][gc,phases      ] GC(211)   Evacuate Collection Set: 153.46ms
[835.372s][info][gc,phases      ] GC(211)   Post Evacuate Collection Set: 1.00ms
[835.372s][info][gc,phases      ] GC(211)   Other: 0.06ms
[835.372s][info][gc,heap        ] GC(211) Eden regions: 527->0(521)
[835.372s][info][gc,heap        ] GC(211) Survivor regions: 44->43(72)
[835.372s][info][gc,heap        ] GC(211) Old regions: 276->284
[835.372s][info][gc,heap        ] GC(211) Humongous regions: 81->81
[835.372s][info][gc,metaspace   ] GC(211) Metaspace: 29927K(30400K)->29927K(30400K) NonClass: 26527K(26752K)->26527K(26752K) Class: 3400K(3648K)->3400K(3648K)
[835.372s][info][gc             ] GC(211) Pause Young (Normal) (G1 Evacuation Pause) 7393M->3225M(8192M) 155.366ms
[835.372s][info][gc,cpu         ] GC(211) User=1.23s Sys=0.00s Real=0.15s
.. (rIR:aIR:PR = 13517:13564:12956) (tPR = 192265) [OK] 
   836s:    snapshot, IR =  13517 .[837.996s][info][gc,start       ] GC(212) Pause Young (Normal) (G1 Evacuation Pause)
[837.996s][info][gc,task        ] GC(212) Using 8 workers of 8 for evacuation
[838.154s][info][gc,phases      ] GC(212)   Pre Evacuate Collection Set: 0.23ms
[838.154s][info][gc,phases      ] GC(212)   Merge Heap Roots: 0.49ms
[838.154s][info][gc,phases      ] GC(212)   Evacuate Collection Set: 155.58ms
[838.154s][info][gc,phases      ] GC(212)   Post Evacuate Collection Set: 1.02ms
[838.154s][info][gc,phases      ] GC(212)   Other: 0.07ms
[838.154s][info][gc,heap        ] GC(212) Eden regions: 521->0(514)
[838.154s][info][gc,heap        ] GC(212) Survivor regions: 43->43(71)
[838.154s][info][gc,heap        ] GC(212) Old regions: 284->291
[838.154s][info][gc,heap        ] GC(212) Humongous regions: 81->81
[838.154s][info][gc,metaspace   ] GC(212) Metaspace: 29927K(30400K)->29927K(30400K) NonClass: 26527K(26752K)->26527K(26752K) Class: 3400K(3648K)->3400K(3648K)
[838.154s][info][gc             ] GC(212) Pause Young (Normal) (G1 Evacuation Pause) 7393M->3289M(8192M) 157.520ms
[838.154s][info][gc,cpu         ] GC(212) User=1.25s Sys=0.01s Real=0.15s
..[840.815s][info][gc,start       ] GC(213) Pause Young (Normal) (G1 Evacuation Pause)
[840.815s][info][gc,task        ] GC(213) Using 8 workers of 8 for evacuation
[840.973s][info][gc,phases      ] GC(213)   Pre Evacuate Collection Set: 0.23ms
[840.973s][info][gc,phases      ] GC(213)   Merge Heap Roots: 0.52ms
[840.973s][info][gc,phases      ] GC(213)   Evacuate Collection Set: 156.06ms
[840.973s][info][gc,phases      ] GC(213)   Post Evacuate Collection Set: 0.95ms
[840.973s][info][gc,phases      ] GC(213)   Other: 0.07ms
[840.973s][info][gc,heap        ] GC(213) Eden regions: 514->0(504)
[840.973s][info][gc,heap        ] GC(213) Survivor regions: 43->44(70)
[840.973s][info][gc,heap        ] GC(213) Old regions: 291->299
[840.973s][info][gc,heap        ] GC(213) Humongous regions: 81->81
[840.973s][info][gc,metaspace   ] GC(213) Metaspace: 29927K(30400K)->29927K(30400K) NonClass: 26527K(26752K)->26527K(26752K) Class: 3400K(3648K)->3400K(3648K)
[840.973s][info][gc             ] GC(213) Pause Young (Normal) (G1 Evacuation Pause) 7401M->3359M(8192M) 157.966ms
[840.973s][info][gc,cpu         ] GC(213) User=1.26s Sys=0.00s Real=0.16s
...[843.498s][info][gc,start       ] GC(214) Pause Young (Normal) (G1 Evacuation Pause)
[843.498s][info][gc,task        ] GC(214) Using 8 workers of 8 for evacuation
[843.644s][info][gc,phases      ] GC(214)   Pre Evacuate Collection Set: 0.23ms
[843.644s][info][gc,phases      ] GC(214)   Merge Heap Roots: 0.50ms
[843.644s][info][gc,phases      ] GC(214)   Evacuate Collection Set: 144.17ms
[843.644s][info][gc,phases      ] GC(214)   Post Evacuate Collection Set: 0.94ms
[843.644s][info][gc,phases      ] GC(214)   Other: 0.07ms
[843.644s][info][gc,heap        ] GC(214) Eden regions: 504->0(500)
[843.644s][info][gc,heap        ] GC(214) Survivor regions: 44->42(69)
[843.644s][info][gc,heap        ] GC(214) Old regions: 299->307
[843.644s][info][gc,heap        ] GC(214) Humongous regions: 81->81
[843.644s][info][gc,metaspace   ] GC(214) Metaspace: 29927K(30400K)->29927K(30400K) NonClass: 26527K(26752K)->26527K(26752K) Class: 3400K(3648K)->3400K(3648K)
[843.644s][info][gc             ] GC(214) Pause Young (Normal) (G1 Evacuation Pause) 7391M->3403M(8192M) 146.046ms
[843.644s][info][gc,cpu         ] GC(214) User=1.16s Sys=0.00s Real=0.14s
...[846.136s][info][gc,start       ] GC(215) Pause Young (Normal) (G1 Evacuation Pause)
[846.137s][info][gc,task        ] GC(215) Using 8 workers of 8 for evacuation
[846.298s][info][gc,phases      ] GC(215)   Pre Evacuate Collection Set: 0.23ms
[846.298s][info][gc,phases      ] GC(215)   Merge Heap Roots: 0.48ms
[846.298s][info][gc,phases      ] GC(215)   Evacuate Collection Set: 159.37ms
[846.298s][info][gc,phases      ] GC(215)   Post Evacuate Collection Set: 0.97ms
[846.298s][info][gc,phases      ] GC(215)   Other: 0.06ms
[846.298s][info][gc,heap        ] GC(215) Eden regions: 500->0(486)
[846.298s][info][gc,heap        ] GC(215) Survivor regions: 42->45(68)
[846.298s][info][gc,heap        ] GC(215) Old regions: 307->315
[846.298s][info][gc,heap        ] GC(215) Humongous regions: 81->81
[846.298s][info][gc,metaspace   ] GC(215) Metaspace: 29927K(30400K)->29927K(30400K) NonClass: 26527K(26752K)->26527K(26752K) Class: 3400K(3648K)->3400K(3648K)
[846.298s][info][gc             ] GC(215) Pause Young (Normal) (G1 Evacuation Pause) 7403M->3489M(8192M) 161.232ms
[846.298s][info][gc,cpu         ] GC(215) User=1.27s Sys=0.00s Real=0.16s
..[848.719s][info][gc,start       ] GC(216) Pause Young (Normal) (G1 Evacuation Pause)
[848.719s][info][gc,task        ] GC(216) Using 8 workers of 8 for evacuation
[848.864s][info][gc,phases      ] GC(216)   Pre Evacuate Collection Set: 0.22ms
[848.864s][info][gc,phases      ] GC(216)   Merge Heap Roots: 0.47ms
[848.864s][info][gc,phases      ] GC(216)   Evacuate Collection Set: 142.61ms
[848.864s][info][gc,phases      ] GC(216)   Post Evacuate Collection Set: 0.95ms
[848.864s][info][gc,phases      ] GC(216)   Other: 0.06ms
[848.864s][info][gc,heap        ] GC(216) Eden regions: 486->0(488)
[848.864s][info][gc,heap        ] GC(216) Survivor regions: 45->40(67)
[848.864s][info][gc,heap        ] GC(216) Old regions: 315->323
[848.864s][info][gc,heap        ] GC(216) Humongous regions: 81->81
[848.864s][info][gc,metaspace   ] GC(216) Metaspace: 29927K(30400K)->29927K(30400K) NonClass: 26527K(26752K)->26527K(26752K) Class: 3400K(3648K)->3400K(3648K)
[848.864s][info][gc             ] GC(216) Pause Young (Normal) (G1 Evacuation Pause) 7377M->3517M(8192M) 144.441ms
[848.864s][info][gc,cpu         ] GC(216) User=1.14s Sys=0.00s Real=0.14s
...[851.321s][info][gc,start       ] GC(217) Pause Young (Normal) (G1 Evacuation Pause)
[851.321s][info][gc,task        ] GC(217) Using 8 workers of 8 for evacuation
[851.473s][info][gc,phases      ] GC(217)   Pre Evacuate Collection Set: 0.24ms
[851.473s][info][gc,phases      ] GC(217)   Merge Heap Roots: 0.49ms
[851.473s][info][gc,phases      ] GC(217)   Evacuate Collection Set: 150.24ms
[851.473s][info][gc,phases      ] GC(217)   Post Evacuate Collection Set: 0.92ms
[851.473s][info][gc,phases      ] GC(217)   Other: 0.06ms
[851.473s][info][gc,heap        ] GC(217) Eden regions: 488->0(476)
[851.473s][info][gc,heap        ] GC(217) Survivor regions: 40->42(66)
[851.473s][info][gc,heap        ] GC(217) Old regions: 323->331
[851.473s][info][gc,heap        ] GC(217) Humongous regions: 81->81
[851.473s][info][gc,metaspace   ] GC(217) Metaspace: 29927K(30400K)->29927K(30400K) NonClass: 26527K(26752K)->26527K(26752K) Class: 3400K(3648K)->3400K(3648K)
[851.473s][info][gc             ] GC(217) Pause Young (Normal) (G1 Evacuation Pause) 7421M->3595M(8192M) 152.093ms
[851.473s][info][gc,cpu         ] GC(217) User=1.21s Sys=0.00s Real=0.15s
..[853.799s][info][gc,start       ] GC(218) Pause Young (Normal) (G1 Evacuation Pause)
[853.799s][info][gc,task        ] GC(218) Using 8 workers of 8 for evacuation
[853.948s][info][gc,phases      ] GC(218)   Pre Evacuate Collection Set: 0.22ms
[853.948s][info][gc,phases      ] GC(218)   Merge Heap Roots: 0.48ms
[853.948s][info][gc,phases      ] GC(218)   Evacuate Collection Set: 146.99ms
[853.948s][info][gc,phases      ] GC(218)   Post Evacuate Collection Set: 0.91ms
[853.948s][info][gc,phases      ] GC(218)   Other: 0.06ms
[853.948s][info][gc,heap        ] GC(218) Eden regions: 476->0(470)
[853.948s][info][gc,heap        ] GC(218) Survivor regions: 42->41(65)
[853.948s][info][gc,heap        ] GC(218) Old regions: 331->339
[853.948s][info][gc,heap        ] GC(218) Humongous regions: 81->81
[853.948s][info][gc,metaspace   ] GC(218) Metaspace: 29930K(30400K)->29930K(30400K) NonClass: 26530K(26752K)->26530K(26752K) Class: 3400K(3648K)->3400K(3648K)
[853.948s][info][gc             ] GC(218) Pause Young (Normal) (G1 Evacuation Pause) 7403M->3649M(8192M) 148.804ms
[853.948s][info][gc,cpu         ] GC(218) User=1.18s Sys=0.00s Real=0.15s
...[856.371s][info][gc,start       ] GC(219) Pause Young (Normal) (G1 Evacuation Pause)
[856.371s][info][gc,task        ] GC(219) Using 8 workers of 8 for evacuation
[856.517s][info][gc,phases      ] GC(219)   Pre Evacuate Collection Set: 0.22ms
[856.517s][info][gc,phases      ] GC(219)   Merge Heap Roots: 0.48ms
[856.517s][info][gc,phases      ] GC(219)   Evacuate Collection Set: 144.38ms
[856.517s][info][gc,phases      ] GC(219)   Post Evacuate Collection Set: 0.92ms
[856.517s][info][gc,phases      ] GC(219)   Other: 0.06ms
[856.517s][info][gc,heap        ] GC(219) Eden regions: 470->0(464)
[856.517s][info][gc,heap        ] GC(219) Survivor regions: 41->40(64)
[856.517s][info][gc,heap        ] GC(219) Old regions: 339->347
[856.517s][info][gc,heap        ] GC(219) Humongous regions: 81->81
[856.517s][info][gc,metaspace   ] GC(219) Metaspace: 29930K(30400K)->29930K(30400K) NonClass: 26530K(26752K)->26530K(26752K) Class: 3400K(3648K)->3400K(3648K)
[856.517s][info][gc             ] GC(219) Pause Young (Normal) (G1 Evacuation Pause) 7409M->3709M(8192M) 146.176ms
[856.517s][info][gc,cpu         ] GC(219) User=1.15s Sys=0.00s Real=0.15s
..[858.823s][info][gc,start       ] GC(220) Pause Young (Normal) (G1 Evacuation Pause)
[858.823s][info][gc,task        ] GC(220) Using 8 workers of 8 for evacuation
[858.972s][info][gc,phases      ] GC(220)   Pre Evacuate Collection Set: 0.22ms
[858.972s][info][gc,phases      ] GC(220)   Merge Heap Roots: 0.53ms
[858.972s][info][gc,phases      ] GC(220)   Evacuate Collection Set: 147.05ms
[858.972s][info][gc,phases      ] GC(220)   Post Evacuate Collection Set: 0.89ms
[858.972s][info][gc,phases      ] GC(220)   Other: 0.06ms
[858.972s][info][gc,heap        ] GC(220) Eden regions: 464->0(456)
[858.972s][info][gc,heap        ] GC(220) Survivor regions: 40->40(63)
[858.972s][info][gc,heap        ] GC(220) Old regions: 347->355
[858.972s][info][gc,heap        ] GC(220) Humongous regions: 81->81
[858.972s][info][gc,metaspace   ] GC(220) Metaspace: 29930K(30400K)->29930K(30400K) NonClass: 26530K(26752K)->26530K(26752K) Class: 3400K(3648K)->3400K(3648K)
[858.972s][info][gc             ] GC(220) Pause Young (Normal) (G1 Evacuation Pause) 7421M->3772M(8192M) 148.870ms
[858.972s][info][gc,cpu         ] GC(220) User=1.18s Sys=0.00s Real=0.15s
...[861.227s][info][gc,start       ] GC(221) Pause Young (Normal) (G1 Evacuation Pause)
[861.227s][info][gc,task        ] GC(221) Using 8 workers of 8 for evacuation
[861.379s][info][gc,phases      ] GC(221)   Pre Evacuate Collection Set: 0.21ms
[861.379s][info][gc,phases      ] GC(221)   Merge Heap Roots: 0.49ms
[861.379s][info][gc,phases      ] GC(221)   Evacuate Collection Set: 150.27ms
[861.379s][info][gc,phases      ] GC(221)   Post Evacuate Collection Set: 0.88ms
[861.379s][info][gc,phases      ] GC(221)   Other: 0.06ms
[861.379s][info][gc,heap        ] GC(221) Eden regions: 456->0(444)
[861.379s][info][gc,heap        ] GC(221) Survivor regions: 40->42(62)
[861.379s][info][gc,heap        ] GC(221) Old regions: 355->363
[861.379s][info][gc,heap        ] GC(221) Humongous regions: 81->81
[861.379s][info][gc,metaspace   ] GC(221) Metaspace: 29930K(30400K)->29930K(30400K) NonClass: 26530K(26752K)->26530K(26752K) Class: 3400K(3648K)->3400K(3648K)
[861.379s][info][gc             ] GC(221) Pause Young (Normal) (G1 Evacuation Pause) 7420M->3855M(8192M) 152.044ms
[861.379s][info][gc,cpu         ] GC(221) User=1.20s Sys=0.00s Real=0.15s
..[863.650s][info][gc,start       ] GC(222) Pause Young (Normal) (G1 Evacuation Pause)
[863.650s][info][gc,task        ] GC(222) Using 8 workers of 8 for evacuation
[863.800s][info][gc,phases      ] GC(222)   Pre Evacuate Collection Set: 0.21ms
[863.800s][info][gc,phases      ] GC(222)   Merge Heap Roots: 0.50ms
[863.800s][info][gc,phases      ] GC(222)   Evacuate Collection Set: 147.55ms
[863.800s][info][gc,phases      ] GC(222)   Post Evacuate Collection Set: 0.88ms
[863.800s][info][gc,phases      ] GC(222)   Other: 0.06ms
[863.800s][info][gc,heap        ] GC(222) Eden regions: 444->0(438)
[863.800s][info][gc,heap        ] GC(222) Survivor regions: 42->41(61)
[863.800s][info][gc,heap        ] GC(222) Old regions: 363->371
[863.800s][info][gc,heap        ] GC(222) Humongous regions: 81->81
[863.800s][info][gc,metaspace   ] GC(222) Metaspace: 29930K(30400K)->29930K(30400K) NonClass: 26530K(26752K)->26530K(26752K) Class: 3400K(3648K)->3400K(3648K)
[863.800s][info][gc             ] GC(222) Pause Young (Normal) (G1 Evacuation Pause) 7407M->3911M(8192M) 149.330ms
[863.800s][info][gc,cpu         ] GC(222) User=1.18s Sys=0.00s Real=0.15s
...[866.009s][info][gc,start       ] GC(223) Pause Young (Normal) (G1 Evacuation Pause)
[866.009s][info][gc,task        ] GC(223) Using 8 workers of 8 for evacuation
[866.152s][info][gc,phases      ] GC(223)   Pre Evacuate Collection Set: 0.22ms
[866.152s][info][gc,phases      ] GC(223)   Merge Heap Roots: 0.51ms
[866.152s][info][gc,phases      ] GC(223)   Evacuate Collection Set: 141.26ms
[866.152s][info][gc,phases      ] GC(223)   Post Evacuate Collection Set: 0.88ms
[866.152s][info][gc,phases      ] GC(223)   Other: 0.06ms
[866.152s][info][gc,heap        ] GC(223) Eden regions: 438->0(434)
[866.152s][info][gc,heap        ] GC(223) Survivor regions: 41->39(60)
[866.152s][info][gc,heap        ] GC(223) Old regions: 371->379
[866.152s][info][gc,heap        ] GC(223) Humongous regions: 81->81
[866.152s][info][gc,metaspace   ] GC(223) Metaspace: 29930K(30400K)->29930K(30400K) NonClass: 26530K(26752K)->26530K(26752K) Class: 3400K(3648K)->3400K(3648K)
[866.152s][info][gc             ] GC(223) Pause Young (Normal) (G1 Evacuation Pause) 7415M->3960M(8192M) 143.054ms
[866.152s][info][gc,cpu         ] GC(223) User=1.14s Sys=0.00s Real=0.14s
. (rIR:aIR:PR = 13517:13545:12828) (tPR = 188579) [PR is under limit] 
   866s: Re-initializing (term) [867.106s][info][gc,start       ] GC(224) Pause Full (System.gc())
[867.106s][info][gc,task        ] GC(224) Using 8 workers of 8 for full compaction
[867.106s][info][gc,phases,start] GC(224) Phase 1: Mark live objects
[867.123s][info][gc,phases      ] GC(224) Phase 1: Mark live objects 16.132ms
[867.123s][info][gc,phases,start] GC(224) Phase 2: Prepare compaction
[867.129s][info][gc,phases      ] GC(224) Phase 2: Prepare compaction 6.384ms
[867.129s][info][gc,phases,start] GC(224) Phase 3: Adjust pointers
[867.140s][info][gc,phases      ] GC(224) Phase 3: Adjust pointers 11.039ms
[867.140s][info][gc,phases,start] GC(224) Phase 4: Compact heap
[867.146s][info][gc,phases      ] GC(224) Phase 4: Compact heap 6.292ms
[867.146s][info][gc,phases,start] GC(224) Phase 5: Reset Metadata
[867.150s][info][gc,phases      ] GC(224) Phase 5: Reset Metadata 3.436ms
[867.158s][info][gc,heap        ] GC(224) Eden regions: 209->0(614)
[867.158s][info][gc,heap        ] GC(224) Survivor regions: 39->0(60)
[867.158s][info][gc,heap        ] GC(224) Old regions: 379->12
[867.158s][info][gc,heap        ] GC(224) Humongous regions: 81->33
[867.158s][info][gc,metaspace   ] GC(224) Metaspace: 29932K(30400K)->29932K(30400K) NonClass: 26531K(26752K)->26531K(26752K) Class: 3400K(3648K)->3400K(3648K)
[867.159s][info][gc             ] GC(224) Pause Full (System.gc()) 5629M->333M(8192M) 52.199ms
[867.159s][info][gc,cpu         ] GC(224) User=0.35s Sys=0.00s Real=0.05s
(init) ... OK
   872s: high-bound for max-jOPS is measured to be 13837
   872s: 
   872s: Restarting (term) [872.606s][info][gc,start       ] GC(225) Pause Full (System.gc())
[872.606s][info][gc,task        ] GC(225) Using 8 workers of 8 for full compaction
[872.606s][info][gc,phases,start] GC(225) Phase 1: Mark live objects
[872.622s][info][gc,phases      ] GC(225) Phase 1: Mark live objects 15.316ms
[872.622s][info][gc,phases,start] GC(225) Phase 2: Prepare compaction
[872.627s][info][gc,phases      ] GC(225) Phase 2: Prepare compaction 5.144ms
[872.627s][info][gc,phases,start] GC(225) Phase 3: Adjust pointers
[872.638s][info][gc,phases      ] GC(225) Phase 3: Adjust pointers 10.711ms
[872.638s][info][gc,phases,start] GC(225) Phase 4: Compact heap
[872.643s][info][gc,phases      ] GC(225) Phase 4: Compact heap 5.058ms
[872.643s][info][gc,phases,start] GC(225) Phase 5: Reset Metadata
[872.646s][info][gc,phases      ] GC(225) Phase 5: Reset Metadata 3.191ms
[872.655s][info][gc,heap        ] GC(225) Eden regions: 466->0(614)
[872.655s][info][gc,heap        ] GC(225) Survivor regions: 0->0(60)
[872.655s][info][gc,heap        ] GC(225) Old regions: 12->12
[872.655s][info][gc,heap        ] GC(225) Humongous regions: 86->33
[872.655s][info][gc,metaspace   ] GC(225) Metaspace: 29938K(30400K)->29938K(30400K) NonClass: 26537K(26752K)->26537K(26752K) Class: 3400K(3648K)->3400K(3648K)
[872.655s][info][gc             ] GC(225) Pause Full (System.gc()) 4479M->331M(8192M) 48.553ms
[872.655s][info][gc,cpu         ] GC(225) User=0.32s Sys=0.00s Real=0.04s
(init) ... OK
   877s: 
   877s: Warmup for building throughput-responsetime curve
   877s: (10%)   IR =   1384 .....[883.979s][info][gc,start       ] GC(226) Pause Young (Normal) (G1 Evacuation Pause)
[883.979s][info][gc,task        ] GC(226) Using 8 workers of 8 for evacuation
[884.719s][info][gc,mmu         ] GC(226) MMU target violated: 201.0ms (200.0ms/201.0ms)
[884.719s][info][gc,phases      ] GC(226)   Pre Evacuate Collection Set: 0.25ms
[884.719s][info][gc,phases      ] GC(226)   Merge Heap Roots: 0.93ms
[884.719s][info][gc,phases      ] GC(226)   Evacuate Collection Set: 737.22ms
[884.719s][info][gc,phases      ] GC(226)   Post Evacuate Collection Set: 1.36ms
[884.719s][info][gc,phases      ] GC(226)   Other: 0.09ms
[884.719s][info][gc,heap        ] GC(226) Eden regions: 614->0(227)
[884.719s][info][gc,heap        ] GC(226) Survivor regions: 0->77(77)
[884.719s][info][gc,heap        ] GC(226) Old regions: 12->88
[884.719s][info][gc,heap        ] GC(226) Humongous regions: 86->81
[884.719s][info][gc,metaspace   ] GC(226) Metaspace: 29959K(30464K)->29959K(30464K) NonClass: 26558K(26816K)->26558K(26816K) Class: 3400K(3648K)->3400K(3648K)
[884.719s][info][gc             ] GC(226) Pause Young (Normal) (G1 Evacuation Pause) 5667M->1939M(8192M) 739.956ms
[884.719s][info][gc,cpu         ] GC(226) User=5.86s Sys=0.00s Real=0.74s
..........[893.980s][info][gc,start       ] GC(227) Pause Young (Normal) (G1 Evacuation Pause)
[893.980s][info][gc,task        ] GC(227) Using 8 workers of 8 for evacuation
[894.321s][info][gc,mmu         ] GC(227) MMU target violated: 201.0ms (200.0ms/201.0ms)
[894.321s][info][gc,phases      ] GC(227)   Pre Evacuate Collection Set: 0.26ms
[894.321s][info][gc,phases      ] GC(227)   Merge Heap Roots: 0.79ms
[894.321s][info][gc,phases      ] GC(227)   Evacuate Collection Set: 338.94ms
[894.321s][info][gc,phases      ] GC(227)   Post Evacuate Collection Set: 0.72ms
[894.321s][info][gc,phases      ] GC(227)   Other: 0.09ms
[894.321s][info][gc,heap        ] GC(227) Eden regions: 215->0(191)
[894.321s][info][gc,heap        ] GC(227) Survivor regions: 77->16(37)
[894.321s][info][gc,heap        ] GC(227) Old regions: 88->167
[894.321s][info][gc,heap        ] GC(227) Humongous regions: 81->81
[894.321s][info][gc,metaspace   ] GC(227) Metaspace: 29960K(30464K)->29960K(30464K) NonClass: 26559K(26816K)->26559K(26816K) Class: 3400K(3648K)->3400K(3648K)
[894.321s][info][gc             ] GC(227) Pause Young (Normal) (G1 Evacuation Pause) 3659M->2075M(8192M) 340.912ms
[894.321s][info][gc,cpu         ] GC(227) User=2.70s Sys=0.00s Real=0.34s
..........[904.260s][info][gc,start       ] GC(228) Pause Young (Normal) (G1 Evacuation Pause)
[904.260s][info][gc,task        ] GC(228) Using 8 workers of 8 for evacuation
[904.337s][info][gc,phases      ] GC(228)   Pre Evacuate Collection Set: 0.25ms
[904.337s][info][gc,phases      ] GC(228)   Merge Heap Roots: 0.43ms
[904.337s][info][gc,phases      ] GC(228)   Evacuate Collection Set: 74.98ms
[904.337s][info][gc,phases      ] GC(228)   Post Evacuate Collection Set: 0.65ms
[904.337s][info][gc,phases      ] GC(228)   Other: 0.06ms
[904.337s][info][gc,heap        ] GC(228) Eden regions: 213->0(192)
[904.337s][info][gc,heap        ] GC(228) Survivor regions: 16->24(29)
[904.337s][info][gc,heap        ] GC(228) Old regions: 167->167
[904.337s][info][gc,heap        ] GC(228) Humongous regions: 81->81
[904.337s][info][gc,metaspace   ] GC(228) Metaspace: 29960K(30528K)->29960K(30528K) NonClass: 26559K(26880K)->26559K(26880K) Class: 3400K(3648K)->3400K(3648K)
[904.337s][info][gc             ] GC(228) Pause Young (Normal) (G1 Evacuation Pause) 3779M->2143M(8192M) 76.492ms
[904.337s][info][gc,cpu         ] GC(228) User=0.60s Sys=0.00s Real=0.08s
..........[914.276s][info][gc,start       ] GC(229) Pause Young (Normal) (G1 Evacuation Pause)
[914.276s][info][gc,task        ] GC(229) Using 8 workers of 8 for evacuation
[914.372s][info][gc,phases      ] GC(229)   Pre Evacuate Collection Set: 0.25ms
[914.372s][info][gc,phases      ] GC(229)   Merge Heap Roots: 0.50ms
[914.372s][info][gc,phases      ] GC(229)   Evacuate Collection Set: 94.48ms
[914.372s][info][gc,phases      ] GC(229)   Post Evacuate Collection Set: 0.61ms
[914.372s][info][gc,phases      ] GC(229)   Other: 0.06ms
[914.372s][info][gc,heap        ] GC(229) Eden regions: 206->0(219)
[914.372s][info][gc,heap        ] GC(229) Survivor regions: 24->25(29)
[914.372s][info][gc,heap        ] GC(229) Old regions: 167->176
[914.372s][info][gc,heap        ] GC(229) Humongous regions: 81->81
[914.372s][info][gc,metaspace   ] GC(229) Metaspace: 29960K(30528K)->29960K(30528K) NonClass: 26559K(26880K)->26559K(26880K) Class: 3400K(3648K)->3400K(3648K)
[914.372s][info][gc             ] GC(229) Pause Young (Normal) (G1 Evacuation Pause) 3791M->2219M(8192M) 96.020ms
[914.372s][info][gc,cpu         ] GC(229) User=0.75s Sys=0.00s Real=0.09s
.............[926.801s][info][gc,start       ] GC(230) Pause Young (Normal) (G1 Evacuation Pause)
[926.801s][info][gc,task        ] GC(230) Using 8 workers of 8 for evacuation
[926.900s][info][gc,phases      ] GC(230)   Pre Evacuate Collection Set: 0.25ms
[926.900s][info][gc,phases      ] GC(230)   Merge Heap Roots: 0.38ms
[926.900s][info][gc,phases      ] GC(230)   Evacuate Collection Set: 98.08ms
[926.900s][info][gc,phases      ] GC(230)   Post Evacuate Collection Set: 0.62ms
[926.900s][info][gc,phases      ] GC(230)   Other: 0.06ms
[926.900s][info][gc,heap        ] GC(230) Eden regions: 254->0(293)
[926.900s][info][gc,heap        ] GC(230) Survivor regions: 25->26(35)
[926.900s][info][gc,heap        ] GC(230) Old regions: 176->184
[926.900s][info][gc,heap        ] GC(230) Humongous regions: 81->81
[926.901s][info][gc,metaspace   ] GC(230) Metaspace: 29960K(30528K)->29960K(30528K) NonClass: 26559K(26880K)->26559K(26880K) Class: 3400K(3648K)->3400K(3648K)
[926.901s][info][gc             ] GC(230) Pause Young (Normal) (G1 Evacuation Pause) 4251M->2295M(8192M) 99.514ms
[926.901s][info][gc,cpu         ] GC(230) User=0.78s Sys=0.00s Real=0.10s
...............[942.100s][info][gc,start       ] GC(231) Pause Young (Normal) (G1 Evacuation Pause)
[942.100s][info][gc,task        ] GC(231) Using 8 workers of 8 for evacuation
[942.207s][info][gc,phases      ] GC(231)   Pre Evacuate Collection Set: 0.22ms
[942.208s][info][gc,phases      ] GC(231)   Merge Heap Roots: 0.41ms
[942.208s][info][gc,phases      ] GC(231)   Evacuate Collection Set: 105.76ms
[942.208s][info][gc,phases      ] GC(231)   Post Evacuate Collection Set: 0.68ms
[942.208s][info][gc,phases      ] GC(231)   Other: 0.07ms
[942.208s][info][gc,heap        ] GC(231) Eden regions: 313->0(355)
[942.208s][info][gc,heap        ] GC(231) Survivor regions: 26->30(43)
[942.208s][info][gc,heap        ] GC(231) Old regions: 184->191
[942.208s][info][gc,heap        ] GC(231) Humongous regions: 81->81
[942.208s][info][gc,metaspace   ] GC(231) Metaspace: 29960K(30528K)->29960K(30528K) NonClass: 26559K(26880K)->26559K(26880K) Class: 3400K(3648K)->3400K(3648K)
[942.208s][info][gc             ] GC(231) Pause Young (Normal) (G1 Evacuation Pause) 4799M->2377M(8192M) 107.269ms
[942.208s][info][gc,cpu         ] GC(231) User=0.85s Sys=0.00s Real=0.11s
..................[960.378s][info][gc,start       ] GC(232) Pause Young (Normal) (G1 Evacuation Pause)
[960.378s][info][gc,task        ] GC(232) Using 8 workers of 8 for evacuation
[960.497s][info][gc,phases      ] GC(232)   Pre Evacuate Collection Set: 0.25ms
[960.497s][info][gc,phases      ] GC(232)   Merge Heap Roots: 0.48ms
[960.497s][info][gc,phases      ] GC(232)   Evacuate Collection Set: 117.39ms
[960.497s][info][gc,phases      ] GC(232)   Post Evacuate Collection Set: 0.78ms
[960.497s][info][gc,phases      ] GC(232)   Other: 0.08ms
[960.497s][info][gc,heap        ] GC(232) Eden regions: 372->0(395)
[960.497s][info][gc,heap        ] GC(232) Survivor regions: 30->33(51)
[960.497s][info][gc,heap        ] GC(232) Old regions: 191->198
[960.497s][info][gc,heap        ] GC(232) Humongous regions: 81->81
[960.497s][info][gc,metaspace   ] GC(232) Metaspace: 29962K(30528K)->29962K(30528K) NonClass: 26562K(26880K)->26562K(26880K) Class: 3400K(3648K)->3400K(3648K)
[960.497s][info][gc             ] GC(232) Pause Young (Normal) (G1 Evacuation Pause) 5353M->2458M(8192M) 119.110ms
[960.497s][info][gc,cpu         ] GC(232) User=0.94s Sys=0.00s Real=0.12s
....................[980.092s][info][gc,start       ] GC(233) Pause Young (Normal) (G1 Evacuation Pause)
[980.092s][info][gc,task        ] GC(233) Using 8 workers of 8 for evacuation
[980.219s][info][gc,phases      ] GC(233)   Pre Evacuate Collection Set: 0.25ms
[980.219s][info][gc,phases      ] GC(233)   Merge Heap Roots: 0.48ms
[980.219s][info][gc,phases      ] GC(233)   Evacuate Collection Set: 124.48ms
[980.219s][info][gc,phases      ] GC(233)   Post Evacuate Collection Set: 0.86ms
[980.219s][info][gc,phases      ] GC(233)   Other: 0.06ms
[980.219s][info][gc,heap        ] GC(233) Eden regions: 400->0(429)
[980.219s][info][gc,heap        ] GC(233) Survivor regions: 33->36(55)
[980.219s][info][gc,heap        ] GC(233) Old regions: 198->205
[980.219s][info][gc,heap        ] GC(233) Humongous regions: 81->81
[980.219s][info][gc,metaspace   ] GC(233) Metaspace: 29965K(30528K)->29965K(30528K) NonClass: 26564K(26880K)->26564K(26880K) Class: 3400K(3648K)->3400K(3648K)
[980.219s][info][gc             ] GC(233) Pause Young (Normal) (G1 Evacuation Pause) 5658M->2541M(8192M) 126.269ms
[980.219s][info][gc,cpu         ] GC(233) User=1.00s Sys=0.00s Real=0.13s
.....................[1001.360s][info][gc,start       ] GC(234) Pause Young (Normal) (G1 Evacuation Pause)
[1001.360s][info][gc,task        ] GC(234) Using 8 workers of 8 for evacuation
[1001.491s][info][gc,phases      ] GC(234)   Pre Evacuate Collection Set: 0.27ms
[1001.491s][info][gc,phases      ] GC(234)   Merge Heap Roots: 0.55ms
[1001.491s][info][gc,phases      ] GC(234)   Evacuate Collection Set: 129.40ms
[1001.491s][info][gc,phases      ] GC(234)   Post Evacuate Collection Set: 0.86ms
[1001.491s][info][gc,phases      ] GC(234)   Other: 0.08ms
[1001.491s][info][gc,heap        ] GC(234) Eden regions: 433->0(489)
[1001.491s][info][gc,heap        ] GC(234) Survivor regions: 36->37(59)
[1001.491s][info][gc,heap        ] GC(234) Old regions: 205->213
[1001.491s][info][gc,heap        ] GC(234) Humongous regions: 81->81
[1001.491s][info][gc,metaspace   ] GC(234) Metaspace: 29966K(30528K)->29966K(30528K) NonClass: 26565K(26880K)->26565K(26880K) Class: 3400K(3648K)->3400K(3648K)
[1001.491s][info][gc             ] GC(234) Pause Young (Normal) (G1 Evacuation Pause) 6005M->2611M(8192M) 131.291ms
[1001.491s][info][gc,cpu         ] GC(234) User=1.03s Sys=0.00s Real=0.13s
........................[1025.544s][info][gc,start       ] GC(235) Pause Young (Normal) (G1 Evacuation Pause)
[1025.544s][info][gc,task        ] GC(235) Using 8 workers of 8 for evacuation
[1025.684s][info][gc,phases      ] GC(235)   Pre Evacuate Collection Set: 0.26ms
[1025.684s][info][gc,phases      ] GC(235)   Merge Heap Roots: 0.53ms
[1025.684s][info][gc,phases      ] GC(235)   Evacuate Collection Set: 137.69ms
[1025.684s][info][gc,phases      ] GC(235)   Post Evacuate Collection Set: 0.92ms
[1025.684s][info][gc,phases      ] GC(235)   Other: 0.07ms
[1025.684s][info][gc,heap        ] GC(235) Eden regions: 488->0(510)
[1025.684s][info][gc,heap        ] GC(235) Survivor regions: 37->40(66)
[1025.684s][info][gc,heap        ] GC(235) Old regions: 213->220
[1025.684s][info][gc,heap        ] GC(235) Humongous regions: 81->81
[1025.684s][info][gc,metaspace   ] GC(235) Metaspace: 29966K(30528K)->29966K(30528K) NonClass: 26565K(26880K)->26565K(26880K) Class: 3400K(3648K)->3400K(3648K)
[1025.684s][info][gc             ] GC(235) Pause Young (Normal) (G1 Evacuation Pause) 6515M->2694M(8192M) 139.608ms
[1025.684s][info][gc,cpu         ] GC(235) User=1.10s Sys=0.00s Real=0.14s
.........................[1050.660s][info][gc,start       ] GC(236) Pause Young (Normal) (G1 Evacuation Pause)
[1050.660s][info][gc,task        ] GC(236) Using 8 workers of 8 for evacuation
[1050.800s][info][gc,phases      ] GC(236)   Pre Evacuate Collection Set: 0.25ms
[1050.800s][info][gc,phases      ] GC(236)   Merge Heap Roots: 0.58ms
[1050.800s][info][gc,phases      ] GC(236)   Evacuate Collection Set: 137.95ms
[1050.800s][info][gc,phases      ] GC(236)   Post Evacuate Collection Set: 0.94ms
[1050.800s][info][gc,phases      ] GC(236)   Other: 0.06ms
[1050.800s][info][gc,heap        ] GC(236) Eden regions: 508->0(570)
[1050.800s][info][gc,heap        ] GC(236) Survivor regions: 40->40(69)
[1050.800s][info][gc,heap        ] GC(236) Old regions: 220->227
[1050.800s][info][gc,heap        ] GC(236) Humongous regions: 81->81
[1050.800s][info][gc,metaspace   ] GC(236) Metaspace: 29966K(30528K)->29966K(30528K) NonClass: 26565K(26880K)->26565K(26880K) Class: 3400K(3648K)->3400K(3648K)
[1050.800s][info][gc             ] GC(236) Pause Young (Normal) (G1 Evacuation Pause) 6758M->2754M(8192M) 139.891ms
[1050.800s][info][gc,cpu         ] GC(236) User=1.11s Sys=0.00s Real=0.14s
......... (rIR:aIR:PR = 1384:1384:1384) (tPR = 20727) [OK] 
  1058s: 
  1058s: Building throughput-responsetime curve
  1058s: ( 0%)   IR =      0 ...|............................................................ (rIR:aIR:PR = 0:0:0) (tPR = 0) [OK] 
  1121s: Performance info:
         Transaction,    Success,    Partial,     Failed,   Receipts, AvgBarcode, 
         Response times:
             Request,    Success,    Partial,     Failed,   SkipFail,     Probes,    Samples,      min,      p50,      p90,      p95,      p99,      max, 

  1121s: ( 1%)   IR =    138 ....|............................................................ (rIR:aIR:PR = 138:138:138) (tPR = 2060) [OK] 
  1185s: Performance info:
         Transaction,    Success,    Partial,     Failed,   Receipts, AvgBarcode, 
             Overall,       8304,          0,          0,       7882,      59.54, 
         Response times:
             Request,    Success,    Partial,     Failed,   SkipFail,     Probes,    Samples,      min,      p50,      p90,      p95,      p99,      max, 
       TotalPurchase,       7882,          0,          0,          0,       7214,       8135,      300,      400,      500,      500,      700,     1000,
     InStorePurchase,       4161,          0,          0,          0,       3837,       4275,      300,      400,      500,      500,      700,     1000,
      OnlinePurchase,       2895,          0,          0,          0,       2666,       2985,      300,      400,      500,      600,      700,      900,
        InstPurchase,        826,          0,          0,          0,        711,        875,      300,      500,      500,      600,      800,     1000,
          AssocOfCat,          9,          0,          0,          0,          7,          8,    21000,    21500,    26000,    26000,    26000,    26000,
      AssocOfProduct,         84,          0,          0,          0,         83,         88,      400,      600,      700,      755,      900,      900,
      BusinessReport,         22,          0,          0,          0,         18,         21,    23000,    24000,    43400,    47000,    47000,    47000,
          CustBuyBeh,         84,          0,          0,          0,         82,         88,      200,      250,      300,      355,      400,      400,
       ProductReturn,        223,          0,          0,          0,        147,        213,      200,      300,      300,      400,      686,      700,

  1185s: ( 2%)   IR =    277 ....|............................................................ (rIR:aIR:PR = 277:277:277) (tPR = 4148) [OK] 
  1249s: Performance info:
         Transaction,    Success,    Partial,     Failed,   Receipts, AvgBarcode, 
             Overall,      16618,          0,          0,      15784,      59.49, 
         Response times:
             Request,    Success,    Partial,     Failed,   SkipFail,     Probes,    Samples,      min,      p50,      p90,      p95,      p99,      max, 
       TotalPurchase,      15784,          0,          0,          0,      14838,      16660,      300,      500,      600,      700,      800,     1100,
     InStorePurchase,       8299,          0,          0,          0,       7860,       8702,      300,      400,      600,      700,      800,     1100,
      OnlinePurchase,       5820,          0,          0,          0,       5485,       6190,      300,      500,      700,      700,      900,     1100,
        InstPurchase,       1665,          0,          0,          0,       1493,       1768,      400,      500,      700,      800,      900,     1100,
          AssocOfCat,         16,          0,          0,          0,         13,         16,    22000,    22000,    22300,    23000,    23000,    23000,
      AssocOfProduct,        166,          0,          0,          0,        116,        167,      400,      700,      900,      900,     1032,     1100,
      BusinessReport,         41,          0,          0,          0,         39,         44,    23000,    25000,    33000,    33750,    38000,    38000,
          CustBuyBeh,        169,          0,          0,          0,        120,        181,      100,      300,      500,      600,      700,      700,
       ProductReturn,        442,          0,          0,          0,        361,        460,      200,      300,      500,      500,      700,      800,

  1249s: ( 3%)   IR =    415 .[1251.007s][info][gc,start       ] GC(237) Pause Young (Normal) (G1 Evacuation Pause)
[1251.007s][info][gc,task        ] GC(237) Using 8 workers of 8 for evacuation
[1251.152s][info][gc,phases      ] GC(237)   Pre Evacuate Collection Set: 0.25ms
[1251.152s][info][gc,phases      ] GC(237)   Merge Heap Roots: 0.61ms
[1251.152s][info][gc,phases      ] GC(237)   Evacuate Collection Set: 142.83ms
[1251.152s][info][gc,phases      ] GC(237)   Post Evacuate Collection Set: 1.03ms
[1251.152s][info][gc,phases      ] GC(237)   Other: 0.07ms
[1251.152s][info][gc,heap        ] GC(237) Eden regions: 565->0(535)
[1251.152s][info][gc,heap        ] GC(237) Survivor regions: 40->48(76)
[1251.152s][info][gc,heap        ] GC(237) Old regions: 227->227
[1251.152s][info][gc,heap        ] GC(237) Humongous regions: 81->81
[1251.152s][info][gc,metaspace   ] GC(237) Metaspace: 29968K(30528K)->29968K(30528K) NonClass: 26567K(26880K)->26567K(26880K) Class: 3400K(3648K)->3400K(3648K)
[1251.152s][info][gc             ] GC(237) Pause Young (Normal) (G1 Evacuation Pause) 7274M->2814M(8192M) 144.928ms
[1251.152s][info][gc,cpu         ] GC(237) User=1.15s Sys=0.00s Real=0.14s
....|............................................................ (rIR:aIR:PR = 415:415:415) (tPR = 6274) [OK] 
  1314s: Performance info:
         Transaction,    Success,    Partial,     Failed,   Receipts, AvgBarcode, 
             Overall,      24911,          0,          0,      23667,      59.48, 
         Response times:
             Request,    Success,    Partial,     Failed,   SkipFail,     Probes,    Samples,      min,      p50,      p90,      p95,      p99,      max, 
       TotalPurchase,      23667,          0,          0,          0,      22528,      25342,      300,      500,      800,      900,     1100,   150000,
     InStorePurchase,      12460,          0,          0,          0,      11938,      13369,      300,      500,      800,      800,     1000,   150000,
      OnlinePurchase,       8725,          0,          0,          0,       8278,       9276,      300,      600,      800,      900,     1100,   149000,
        InstPurchase,       2482,          0,          0,          0,       2312,       2697,      400,      600,      800,      900,     1100,     3600,
          AssocOfCat,         24,          0,          0,          0,         22,         26,    17500,    22000,    22300,    23000,    23000,    23000,
      AssocOfProduct,        246,          0,          0,          0,        190,        264,      400,      700,     1000,     1000,     1200,     3400,
      BusinessReport,         62,          0,          0,          0,         59,         67,    19000,    25000,    26000,    30800,    38000,    38000,
          CustBuyBeh,        251,          0,          0,          0,        205,        263,      100,      300,      500,      600,      700,      900,
       ProductReturn,        661,          0,          0,          0,        565,        727,      200,      500,      700,      800,      900,     1000,

  1314s: ( 4%)   IR =    553 ....|............[1331.796s][info][gc,start       ] GC(238) Pause Young (Normal) (G1 Evacuation Pause)
[1331.796s][info][gc,task        ] GC(238) Using 8 workers of 8 for evacuation
[1331.950s][info][gc,phases      ] GC(238)   Pre Evacuate Collection Set: 0.25ms
[1331.950s][info][gc,phases      ] GC(238)   Merge Heap Roots: 0.58ms
[1331.950s][info][gc,phases      ] GC(238)   Evacuate Collection Set: 151.68ms
[1331.950s][info][gc,phases      ] GC(238)   Post Evacuate Collection Set: 0.99ms
[1331.950s][info][gc,phases      ] GC(238)   Other: 0.07ms
[1331.950s][info][gc,heap        ] GC(238) Eden regions: 528->0(570)
[1331.950s][info][gc,heap        ] GC(238) Survivor regions: 48->42(72)
[1331.950s][info][gc,heap        ] GC(238) Old regions: 227->237
[1331.950s][info][gc,heap        ] GC(238) Humongous regions: 81->81
[1331.950s][info][gc,metaspace   ] GC(238) Metaspace: 29970K(30528K)->29970K(30528K) NonClass: 26569K(26880K)->26569K(26880K) Class: 3400K(3648K)->3400K(3648K)
[1331.950s][info][gc             ] GC(238) Pause Young (Normal) (G1 Evacuation Pause) 7038M->2846M(8192M) 153.699ms
[1331.950s][info][gc,cpu         ] GC(238) User=1.21s Sys=0.00s Real=0.15s
................................................ (rIR:aIR:PR = 553:553:553) (tPR = 8281) [OK] 
  1378s: Performance info:
         Transaction,    Success,    Partial,     Failed,   Receipts, AvgBarcode, 
             Overall,      33191,          0,          0,      31530,      59.47, 
         Response times:
             Request,    Success,    Partial,     Failed,   SkipFail,     Probes,    Samples,      min,      p50,      p90,      p95,      p99,      max, 
       TotalPurchase,      31530,          0,          0,          0,      30057,      32998,      300,      600,      900,     1000,     1300,   158000,
     InStorePurchase,      16589,          0,          0,          0,      15834,      17264,      300,      600,      900,     1000,     1300,   158000,
      OnlinePurchase,      11626,          0,          0,          0,      11156,      12218,      300,      600,      900,     1000,     1300,   157000,
        InstPurchase,       3315,          0,          0,          0,       3067,       3516,      400,      600,      900,     1000,     1300,   157000,
          AssocOfCat,         33,          0,          0,          0,         30,         34,    16600,    22000,    24000,    25250,    26000,    26000,
      AssocOfProduct,        329,          0,          0,          0,        277,        381,      400,      900,     1100,     1200,     1500,     5400,
      BusinessReport,         84,          0,          0,          0,         79,         87,    19200,    25000,    26000,    30200,    34000,    34000,
          CustBuyBeh,        330,          0,          0,          0,        272,        359,      200,      500,      800,      900,     1040,     5100,
       ProductReturn,        885,          0,          0,          0,        775,        935,      200,      500,      800,      900,     1100,   156000,

  1378s: ( 5%)   IR =    692 .....|.............[1397.336s][info][gc,start       ] GC(239) Pause Young (Normal) (G1 Evacuation Pause)
[1397.336s][info][gc,task        ] GC(239) Using 8 workers of 8 for evacuation
[1397.485s][info][gc,phases      ] GC(239)   Pre Evacuate Collection Set: 0.28ms
[1397.485s][info][gc,phases      ] GC(239)   Merge Heap Roots: 0.57ms
[1397.485s][info][gc,phases      ] GC(239)   Evacuate Collection Set: 146.78ms
[1397.485s][info][gc,phases      ] GC(239)   Post Evacuate Collection Set: 1.03ms
[1397.485s][info][gc,phases      ] GC(239)   Other: 0.08ms
[1397.485s][info][gc,heap        ] GC(239) Eden regions: 570->0(562)
[1397.485s][info][gc,heap        ] GC(239) Survivor regions: 42->42(77)
[1397.485s][info][gc,heap        ] GC(239) Old regions: 237->245
[1397.485s][info][gc,heap        ] GC(239) Humongous regions: 81->81
[1397.485s][info][gc,metaspace   ] GC(239) Metaspace: 29973K(30528K)->29973K(30528K) NonClass: 26572K(26880K)->26572K(26880K) Class: 3400K(3648K)->3400K(3648K)
[1397.485s][info][gc             ] GC(239) Pause Young (Normal) (G1 Evacuation Pause) 7406M->2905M(8192M) 148.881ms
[1397.485s][info][gc,cpu         ] GC(239) User=1.18s Sys=0.00s Real=0.14s
............................................... (rIR:aIR:PR = 692:692:692) (tPR = 10231) [OK] 
  1443s: Performance info:
         Transaction,    Success,    Partial,     Failed,   Receipts, AvgBarcode, 
             Overall,      41568,          0,          0,      39496,      59.48, 
         Response times:
             Request,    Success,    Partial,     Failed,   SkipFail,     Probes,    Samples,      min,      p50,      p90,      p95,      p99,      max, 
       TotalPurchase,      39496,          0,          0,          0,      37980,      42052,      300,      700,     1100,     1200,     1500,   155000,
     InStorePurchase,      20769,          0,          0,          0,      20049,      22082,      300,      700,     1000,     1200,     1400,   155000,
      OnlinePurchase,      14565,          0,          0,          0,      14024,      15521,      300,      800,     1100,     1200,     1500,   154000,
        InstPurchase,       4162,          0,          0,          0,       3907,       4449,      400,      800,     1200,     1300,     1500,   154000,
          AssocOfCat,         41,          0,          0,          0,         41,         44,    17300,    23000,    26500,    29250,    40000,    40000,
      AssocOfProduct,        413,          0,          0,          0,        334,        440,      500,      800,     1000,     1100,     1359,   152000,
      BusinessReport,        104,          0,          0,          0,        101,        112,    19500,    26000,    28000,    30700,    48870,    49000,
          CustBuyBeh,        415,          0,          0,          0,        338,        445,      200,      300,      600,      800,     1100,     4500,
       ProductReturn,       1099,          0,          0,          0,        987,       1209,      200,      700,     1100,     1100,     1400,     6800,

  1443s: ( 6%)   IR =    830 ......|.[1451.169s][info][gc,start       ] GC(240) Pause Young (Normal) (G1 Evacuation Pause)
[1451.170s][info][gc,task        ] GC(240) Using 8 workers of 8 for evacuation
[1451.317s][info][gc,phases      ] GC(240)   Pre Evacuate Collection Set: 0.27ms
[1451.317s][info][gc,phases      ] GC(240)   Merge Heap Roots: 0.60ms
[1451.317s][info][gc,phases      ] GC(240)   Evacuate Collection Set: 145.84ms
[1451.317s][info][gc,phases      ] GC(240)   Post Evacuate Collection Set: 1.08ms
[1451.317s][info][gc,phases      ] GC(240)   Other: 0.07ms
[1451.317s][info][gc,heap        ] GC(240) Eden regions: 562->0(556)
[1451.317s][info][gc,heap        ] GC(240) Survivor regions: 42->42(76)
[1451.317s][info][gc,heap        ] GC(240) Old regions: 245->251
[1451.317s][info][gc,heap        ] GC(240) Humongous regions: 81->81
[1451.317s][info][gc,metaspace   ] GC(240) Metaspace: 29973K(30528K)->29973K(30528K) NonClass: 26572K(26880K)->26572K(26880K) Class: 3400K(3648K)->3400K(3648K)
[1451.317s][info][gc             ] GC(240) Pause Young (Normal) (G1 Evacuation Pause) 7401M->2962M(8192M) 148.025ms
[1451.318s][info][gc,cpu         ] GC(240) User=1.17s Sys=0.01s Real=0.15s
.............................................[1496.509s][info][gc,start       ] GC(241) Pause Young (Normal) (G1 Evacuation Pause)
[1496.509s][info][gc,task        ] GC(241) Using 8 workers of 8 for evacuation
[1496.657s][info][gc,phases      ] GC(241)   Pre Evacuate Collection Set: 0.27ms
[1496.657s][info][gc,phases      ] GC(241)   Merge Heap Roots: 0.56ms
[1496.657s][info][gc,phases      ] GC(241)   Evacuate Collection Set: 146.23ms
[1496.657s][info][gc,phases      ] GC(241)   Post Evacuate Collection Set: 1.06ms
[1496.657s][info][gc,phases      ] GC(241)   Other: 0.06ms
[1496.657s][info][gc,heap        ] GC(241) Eden regions: 556->0(549)
[1496.657s][info][gc,heap        ] GC(241) Survivor regions: 42->42(75)
[1496.657s][info][gc,heap        ] GC(241) Old regions: 251->258
[1496.657s][info][gc,heap        ] GC(241) Humongous regions: 81->81
[1496.657s][info][gc,metaspace   ] GC(241) Metaspace: 29973K(30528K)->29973K(30528K) NonClass: 26572K(26880K)->26572K(26880K) Class: 3400K(3648K)->3400K(3648K)
[1496.657s][info][gc             ] GC(241) Pause Young (Normal) (G1 Evacuation Pause) 7410M->3015M(8192M) 148.307ms
[1496.658s][info][gc,cpu         ] GC(241) User=1.18s Sys=0.00s Real=0.15s
.............. (rIR:aIR:PR = 830:831:831) (tPR = 12302) [OK] 
  1509s: Performance info:
         Transaction,    Success,    Partial,     Failed,   Receipts, AvgBarcode, 
             Overall,      49866,          0,          0,      47375,      59.47, 
         Response times:
             Request,    Success,    Partial,     Failed,   SkipFail,     Probes,    Samples,      min,      p50,      p90,      p95,      p99,      max, 
       TotalPurchase,      47375,          0,          0,          0,      45577,      51214,      300,      800,     1200,     1400,     1700,   151000,
     InStorePurchase,      24939,          0,          0,          0,      24121,      26970,      300,      800,     1200,     1300,     1700,   151000,
      OnlinePurchase,      17441,          0,          0,          0,      16819,      18936,      300,      800,     1300,     1400,     1700,   151000,
        InstPurchase,       4995,          0,          0,          0,       4637,       5308,      400,      800,     1300,     1400,     1700,   150000,
          AssocOfCat,         51,          0,          0,          0,         46,         54,    18300,    23000,    26000,    29250,    34000,    34000,
      AssocOfProduct,        499,          0,          0,          0,        409,        538,      500,     1000,     1300,     1500,     4400,   150000,
      BusinessReport,        124,          0,          0,          0,         91,        143,    18800,    26000,    28000,    30800,    41160,    46000,
          CustBuyBeh,        497,          0,          0,          0,        416,        537,      200,      600,     1100,     1200,     2000,     7300,
       ProductReturn,       1320,          0,          0,          0,       1164,       1402,      200,      700,     1200,     1300,     1597,     5400,

  1509s: ( 7%)   IR =    969 .....|.....................[1537.051s][info][gc,start       ] GC(242) Pause Young (Normal) (G1 Evacuation Pause)
[1537.051s][info][gc,task        ] GC(242) Using 8 workers of 8 for evacuation
[1537.199s][info][gc,phases      ] GC(242)   Pre Evacuate Collection Set: 0.26ms
[1537.199s][info][gc,phases      ] GC(242)   Merge Heap Roots: 0.62ms
[1537.199s][info][gc,phases      ] GC(242)   Evacuate Collection Set: 145.93ms
[1537.199s][info][gc,phases      ] GC(242)   Post Evacuate Collection Set: 1.02ms
[1537.199s][info][gc,phases      ] GC(242)   Other: 0.10ms
[1537.199s][info][gc,heap        ] GC(242) Eden regions: 549->0(544)
[1537.199s][info][gc,heap        ] GC(242) Survivor regions: 42->41(74)
[1537.199s][info][gc,heap        ] GC(242) Old regions: 258->265
[1537.199s][info][gc,heap        ] GC(242) Humongous regions: 81->81
[1537.199s][info][gc,metaspace   ] GC(242) Metaspace: 29973K(30528K)->29973K(30528K) NonClass: 26572K(26880K)->26572K(26880K) Class: 3400K(3648K)->3400K(3648K)
[1537.199s][info][gc             ] GC(242) Pause Young (Normal) (G1 Evacuation Pause) 7407M->3063M(8192M) 148.062ms
[1537.199s][info][gc,cpu         ] GC(242) User=1.17s Sys=0.00s Real=0.15s
......................................[1575.064s][info][gc,start       ] GC(243) Pause Young (Normal) (G1 Evacuation Pause)
[1575.064s][info][gc,task        ] GC(243) Using 8 workers of 8 for evacuation
[1575.213s][info][gc,phases      ] GC(243)   Pre Evacuate Collection Set: 0.32ms
[1575.213s][info][gc,phases      ] GC(243)   Merge Heap Roots: 0.61ms
[1575.213s][info][gc,phases      ] GC(243)   Evacuate Collection Set: 146.06ms
[1575.213s][info][gc,phases      ] GC(243)   Post Evacuate Collection Set: 1.03ms
[1575.213s][info][gc,phases      ] GC(243)   Other: 0.07ms
[1575.213s][info][gc,heap        ] GC(243) Eden regions: 544->0(536)
[1575.213s][info][gc,heap        ] GC(243) Survivor regions: 41->41(74)
[1575.213s][info][gc,heap        ] GC(243) Old regions: 265->273
[1575.213s][info][gc,heap        ] GC(243) Humongous regions: 81->81
[1575.213s][info][gc,metaspace   ] GC(243) Metaspace: 29973K(30528K)->29973K(30528K) NonClass: 26572K(26880K)->26572K(26880K) Class: 3400K(3648K)->3400K(3648K)
[1575.213s][info][gc             ] GC(243) Pause Young (Normal) (G1 Evacuation Pause) 7415M->3125M(8192M) 148.221ms
[1575.213s][info][gc,cpu         ] GC(243) User=1.17s Sys=0.00s Real=0.15s
. (rIR:aIR:PR = 969:968:968) (tPR = 14448) [OK] 
  1574s: Performance info:
         Transaction,    Success,    Partial,     Failed,   Receipts, AvgBarcode, 
             Overall,      58212,          0,          0,      55303,      59.47, 
         Response times:
             Request,    Success,    Partial,     Failed,   SkipFail,     Probes,    Samples,      min,      p50,      p90,      p95,      p99,      max, 
       TotalPurchase,      55303,          0,          0,          0,      53272,      58840,      300,      900,     1400,     1500,     1800,   155000,
     InStorePurchase,      29119,          0,          0,          0,      28225,      30961,      300,      800,     1300,     1500,     1800,   151000,
      OnlinePurchase,      20363,          0,          0,          0,      19553,      21628,      300,      900,     1400,     1500,     1900,   155000,
        InstPurchase,       5821,          0,          0,          0,       5494,       6251,      400,     1000,     1400,     1500,     1900,   150000,
          AssocOfCat,         58,          0,          0,          0,         57,         62,    17700,    23000,    26000,    27850,    38000,    38000,
      AssocOfProduct,        578,          0,          0,          0,        493,        635,      400,     1000,     1540,     1700,     2000,     2300,
      BusinessReport,        146,          0,          0,          0,         94,        129,    19700,    26000,    30000,    33500,    35000,    35000,
          CustBuyBeh,        584,          0,          0,          0,        485,        627,      200,      400,     1000,     1200,     1500,     4500,
       ProductReturn,       1543,          0,          0,          0,       1362,       1658,      200,      600,     1200,     1300,     1700,     4700,

  1574s: ( 8%)   IR =   1107 ....|............................[1607.998s][info][gc,start       ] GC(244) Pause Young (Normal) (G1 Evacuation Pause)
[1607.998s][info][gc,task        ] GC(244) Using 8 workers of 8 for evacuation
[1608.146s][info][gc,phases      ] GC(244)   Pre Evacuate Collection Set: 0.25ms
[1608.146s][info][gc,phases      ] GC(244)   Merge Heap Roots: 0.57ms
[1608.146s][info][gc,phases      ] GC(244)   Evacuate Collection Set: 146.13ms
[1608.146s][info][gc,phases      ] GC(244)   Post Evacuate Collection Set: 1.01ms
[1608.146s][info][gc,phases      ] GC(244)   Other: 0.06ms
[1608.146s][info][gc,heap        ] GC(244) Eden regions: 536->0(527)
[1608.146s][info][gc,heap        ] GC(244) Survivor regions: 41->42(73)
[1608.146s][info][gc,heap        ] GC(244) Old regions: 273->280
[1608.146s][info][gc,heap        ] GC(244) Humongous regions: 81->81
[1608.146s][info][gc,metaspace   ] GC(244) Metaspace: 29974K(30528K)->29974K(30528K) NonClass: 26573K(26880K)->26573K(26880K) Class: 3400K(3648K)->3400K(3648K)
[1608.146s][info][gc             ] GC(244) Pause Young (Normal) (G1 Evacuation Pause) 7413M->3190M(8192M) 148.172ms
[1608.146s][info][gc,cpu         ] GC(244) User=1.17s Sys=0.01s Real=0.15s
................................ (rIR:aIR:PR = 1107:1107:1107) (tPR = 16608) [OK] 
  1639s: Performance info:
         Transaction,    Success,    Partial,     Failed,   Receipts, AvgBarcode, 
             Overall,      66444,          0,          0,      63121,      59.48, 
         Response times:
             Request,    Success,    Partial,     Failed,   SkipFail,     Probes,    Samples,      min,      p50,      p90,      p95,      p99,      max, 
       TotalPurchase,      63121,          0,          0,          0,      60884,      66260,      300,     1000,     1500,     1600,     2000,   157000,
     InStorePurchase,      33213,          0,          0,          0,      32149,      34958,      300,      900,     1500,     1600,     2000,   157000,
      OnlinePurchase,      23263,          0,          0,          0,      22462,      24338,      300,     1000,     1500,     1700,     2000,   155000,
        InstPurchase,       6645,          0,          0,          0,       6273,       6964,      400,      900,     1500,     1600,     2000,   157000,
          AssocOfCat,         65,          0,          0,          0,         60,         70,    18200,    23000,    25000,    26450,    29000,    29000,
      AssocOfProduct,        661,          0,          0,          0,        559,        707,      500,     1400,     1800,     1960,     2492,     8500,
      BusinessReport,        167,          0,          0,          0,        121,        167,    19800,    26000,    28000,    33600,   139600,   177000,
          CustBuyBeh,        661,          0,          0,          0,        554,        691,      200,      400,      900,     1100,     1508,     5400,
       ProductReturn,       1769,          0,          0,          0,       1584,       1833,      200,      900,     1400,     1600,     1900,    10400,

  1639s: ( 9%)   IR =   1245 [1640.170s][info][gc,start       ] GC(245) Pause Young (Normal) (G1 Evacuation Pause)
[1640.170s][info][gc,task        ] GC(245) Using 8 workers of 8 for evacuation
[1640.314s][info][gc,phases      ] GC(245)   Pre Evacuate Collection Set: 0.25ms
[1640.315s][info][gc,phases      ] GC(245)   Merge Heap Roots: 0.57ms
[1640.315s][info][gc,phases      ] GC(245)   Evacuate Collection Set: 142.82ms
[1640.315s][info][gc,phases      ] GC(245)   Post Evacuate Collection Set: 0.99ms
[1640.315s][info][gc,phases      ] GC(245)   Other: 0.06ms
[1640.315s][info][gc,heap        ] GC(245) Eden regions: 527->0(520)
[1640.315s][info][gc,heap        ] GC(245) Survivor regions: 42->42(72)
[1640.315s][info][gc,heap        ] GC(245) Old regions: 280->287
[1640.315s][info][gc,heap        ] GC(245) Humongous regions: 81->81
[1640.315s][info][gc,metaspace   ] GC(245) Metaspace: 29978K(30528K)->29978K(30528K) NonClass: 26577K(26880K)->26577K(26880K) Class: 3400K(3648K)->3400K(3648K)
[1640.315s][info][gc             ] GC(245) Pause Young (Normal) (G1 Evacuation Pause) 7406M->3243M(8192M) 144.843ms
[1640.315s][info][gc,cpu         ] GC(245) User=1.14s Sys=0.00s Real=0.14s
............|.................[1668.623s][info][gc,start       ] GC(246) Pause Young (Normal) (G1 Evacuation Pause)
[1668.623s][info][gc,task        ] GC(246) Using 8 workers of 8 for evacuation
[1668.768s][info][gc,phases      ] GC(246)   Pre Evacuate Collection Set: 0.29ms
[1668.768s][info][gc,phases      ] GC(246)   Merge Heap Roots: 0.56ms
[1668.768s][info][gc,phases      ] GC(246)   Evacuate Collection Set: 142.83ms
[1668.768s][info][gc,phases      ] GC(246)   Post Evacuate Collection Set: 0.96ms
[1668.768s][info][gc,phases      ] GC(246)   Other: 0.06ms
[1668.768s][info][gc,heap        ] GC(246) Eden regions: 520->0(517)
[1668.768s][info][gc,heap        ] GC(246) Survivor regions: 42->40(71)
[1668.768s][info][gc,heap        ] GC(246) Old regions: 287->294
[1668.768s][info][gc,heap        ] GC(246) Humongous regions: 81->81
[1668.768s][info][gc,metaspace   ] GC(246) Metaspace: 29978K(30528K)->29978K(30528K) NonClass: 26577K(26880K)->26577K(26880K) Class: 3400K(3648K)->3400K(3648K)
[1668.768s][info][gc             ] GC(246) Pause Young (Normal) (G1 Evacuation Pause) 7403M->3287M(8192M) 144.841ms
[1668.768s][info][gc,cpu         ] GC(246) User=1.15s Sys=0.00s Real=0.15s
............................[1696.676s][info][gc,start       ] GC(247) Pause Young (Normal) (G1 Evacuation Pause)
[1696.676s][info][gc,task        ] GC(247) Using 8 workers of 8 for evacuation
[1696.821s][info][gc,phases      ] GC(247)   Pre Evacuate Collection Set: 0.27ms
[1696.821s][info][gc,phases      ] GC(247)   Merge Heap Roots: 0.54ms
[1696.821s][info][gc,phases      ] GC(247)   Evacuate Collection Set: 143.59ms
[1696.821s][info][gc,phases      ] GC(247)   Post Evacuate Collection Set: 0.98ms
[1696.821s][info][gc,phases      ] GC(247)   Other: 0.07ms
[1696.821s][info][gc,heap        ] GC(247) Eden regions: 517->0(510)
[1696.821s][info][gc,heap        ] GC(247) Survivor regions: 40->40(70)
[1696.821s][info][gc,heap        ] GC(247) Old regions: 294->301
[1696.821s][info][gc,heap        ] GC(247) Humongous regions: 81->81
[1696.821s][info][gc,metaspace   ] GC(247) Metaspace: 29978K(30528K)->29978K(30528K) NonClass: 26577K(26880K)->26577K(26880K) Class: 3400K(3648K)->3400K(3648K)
[1696.821s][info][gc             ] GC(247) Pause Young (Normal) (G1 Evacuation Pause) 7423M->3347M(8192M) 145.585ms
[1696.821s][info][gc,cpu         ] GC(247) User=1.15s Sys=0.00s Real=0.14s
............... (rIR:aIR:PR = 1245:1244:1244) (tPR = 18496) [OK] 
  1711s: Performance info:
         Transaction,    Success,    Partial,     Failed,   Receipts, AvgBarcode, 
             Overall,      74687,          0,          0,      70953,      59.47, 
         Response times:
             Request,    Success,    Partial,     Failed,   SkipFail,     Probes,    Samples,      min,      p50,      p90,      p95,      p99,      max, 
       TotalPurchase,      70953,          0,          0,          0,      68692,      84523,      300,     1100,     1700,     1800,     2300,   152000,
     InStorePurchase,      37355,          0,          0,          0,      36216,      44190,      300,     1100,     1600,     1800,     2300,   152000,
      OnlinePurchase,      26142,          0,          0,          0,      25388,      31476,      300,     1000,     1600,     1800,     2300,   152000,
        InstPurchase,       7456,          0,          0,          0,       7088,       8857,      400,     1200,     1700,     1900,     2300,   148000,
          AssocOfCat,         75,          0,          0,          0,         71,         89,    17700,    24000,    26000,    30000,    46000,    46000,
      AssocOfProduct,        749,          0,          0,          0,        636,        893,      500,     1300,     1900,     2000,     3042,     7500,
      BusinessReport,        187,          0,          0,          0,        135,        209,    19600,    27000,    31000,    38000,    50400,   186000,
          CustBuyBeh,        746,          0,          0,          0,        625,        877,      100,      600,     1400,     1600,     2688,     7100,
       ProductReturn,       1977,          0,          0,          0,       1815,       2373,      200,      800,     1500,     1700,     2200,   148000,

  1711s: (10%)   IR =   1384 ........|...[1723.163s][info][gc,start       ] GC(248) Pause Young (Normal) (G1 Evacuation Pause)
[1723.163s][info][gc,task        ] GC(248) Using 8 workers of 8 for evacuation
[1723.307s][info][gc,phases      ] GC(248)   Pre Evacuate Collection Set: 0.26ms
[1723.307s][info][gc,phases      ] GC(248)   Merge Heap Roots: 0.54ms
[1723.307s][info][gc,phases      ] GC(248)   Evacuate Collection Set: 142.57ms
[1723.307s][info][gc,phases      ] GC(248)   Post Evacuate Collection Set: 0.95ms
[1723.307s][info][gc,phases      ] GC(248)   Other: 0.06ms
[1723.307s][info][gc,heap        ] GC(248) Eden regions: 510->0(502)
[1723.307s][info][gc,heap        ] GC(248) Survivor regions: 40->40(69)
[1723.307s][info][gc,heap        ] GC(248) Old regions: 301->309
[1723.307s][info][gc,heap        ] GC(248) Humongous regions: 81->81
[1723.307s][info][gc,metaspace   ] GC(248) Metaspace: 29978K(30528K)->29978K(30528K) NonClass: 26577K(26880K)->26577K(26880K) Class: 3400K(3648K)->3400K(3648K)
[1723.307s][info][gc             ] GC(248) Pause Young (Normal) (G1 Evacuation Pause) 7427M->3409M(8192M) 144.516ms
[1723.307s][info][gc,cpu         ] GC(248) User=1.14s Sys=0.00s Real=0.15s
.........................[1747.741s][info][gc,start       ] GC(249) Pause Young (Normal) (G1 Evacuation Pause)
[1747.741s][info][gc,task        ] GC(249) Using 8 workers of 8 for evacuation
[1747.884s][info][gc,phases      ] GC(249)   Pre Evacuate Collection Set: 0.26ms
[1747.884s][info][gc,phases      ] GC(249)   Merge Heap Roots: 0.60ms
[1747.884s][info][gc,phases      ] GC(249)   Evacuate Collection Set: 140.90ms
[1747.884s][info][gc,phases      ] GC(249)   Post Evacuate Collection Set: 0.96ms
[1747.884s][info][gc,phases      ] GC(249)   Other: 0.06ms
[1747.884s][info][gc,heap        ] GC(249) Eden regions: 502->0(494)
[1747.884s][info][gc,heap        ] GC(249) Survivor regions: 40->40(68)
[1747.884s][info][gc,heap        ] GC(249) Old regions: 309->317
[1747.884s][info][gc,heap        ] GC(249) Humongous regions: 81->81
[1747.884s][info][gc,metaspace   ] GC(249) Metaspace: 29978K(30528K)->29978K(30528K) NonClass: 26577K(26880K)->26577K(26880K) Class: 3400K(3648K)->3400K(3648K)
[1747.884s][info][gc             ] GC(249) Pause Young (Normal) (G1 Evacuation Pause) 7425M->3466M(8192M) 142.918ms
[1747.884s][info][gc,cpu         ] GC(249) User=1.13s Sys=0.00s Real=0.14s
........................[1771.958s][info][gc,start       ] GC(250) Pause Young (Normal) (G1 Evacuation Pause)
[1771.958s][info][gc,task        ] GC(250) Using 8 workers of 8 for evacuation
[1772.101s][info][gc,phases      ] GC(250)   Pre Evacuate Collection Set: 0.25ms
[1772.101s][info][gc,phases      ] GC(250)   Merge Heap Roots: 0.48ms
[1772.101s][info][gc,phases      ] GC(250)   Evacuate Collection Set: 141.38ms
[1772.101s][info][gc,phases      ] GC(250)   Post Evacuate Collection Set: 0.92ms
[1772.101s][info][gc,phases      ] GC(250)   Other: 0.07ms
[1772.101s][info][gc,heap        ] GC(250) Eden regions: 494->0(487)
[1772.101s][info][gc,heap        ] GC(250) Survivor regions: 40->40(67)
[1772.101s][info][gc,heap        ] GC(250) Old regions: 317->324
[1772.101s][info][gc,heap        ] GC(250) Humongous regions: 81->81
[1772.101s][info][gc,metaspace   ] GC(250) Metaspace: 29978K(30528K)->29978K(30528K) NonClass: 26577K(26880K)->26577K(26880K) Class: 3400K(3648K)->3400K(3648K)
[1772.101s][info][gc             ] GC(250) Pause Young (Normal) (G1 Evacuation Pause) 7418M->3530M(8192M) 143.240ms
[1772.101s][info][gc,cpu         ] GC(250) User=1.14s Sys=0.00s Real=0.14s
........ (rIR:aIR:PR = 1384:1386:1386) (tPR = 20471) [OK] 
  1779s: Performance info:
         Transaction,    Success,    Partial,     Failed,   Receipts, AvgBarcode, 
             Overall,      83220,          0,          0,      79069,      59.47, 
         Response times:
             Request,    Success,    Partial,     Failed,   SkipFail,     Probes,    Samples,      min,      p50,      p90,      p95,      p99,      max, 
       TotalPurchase,      79069,          0,          0,          0,      76283,      88041,      300,     1100,     1800,     2000,     2500,   152000,
     InStorePurchase,      41614,          0,          0,          0,      40390,      46376,      300,     1100,     1800,     1900,     2500,   148000,
      OnlinePurchase,      29132,          0,          0,          0,      28046,      32448,      300,     1200,     1800,     2000,     2600,   152000,
        InstPurchase,       8323,          0,          0,          0,       7847,       9217,      500,     1000,     1700,     1900,     2400,   152000,
          AssocOfCat,         84,          0,          0,          0,         81,         94,    18100,    24000,    25000,    26250,    29000,    29000,
      AssocOfProduct,        830,          0,          0,          0,        712,        922,      400,     1100,     1900,     2000,     6300,   152000,
      BusinessReport,        208,          0,          0,          0,        144,        224,    18800,    27000,    32000,    36750,   157000,   174000,
          CustBuyBeh,        833,          0,          0,          0,        732,        938,      200,      700,     1600,     1800,     2400,   148000,
       ProductReturn,       2196,          0,          0,          0,       1988,       2470,      200,     1000,     1700,     1900,     2700,   152000,

  1779s: (11%)   IR =   1522 .....|.........[1794.307s][info][gc,start       ] GC(251) Pause Young (Normal) (G1 Evacuation Pause)
[1794.307s][info][gc,task        ] GC(251) Using 8 workers of 8 for evacuation
[1794.452s][info][gc,phases      ] GC(251)   Pre Evacuate Collection Set: 0.25ms
[1794.452s][info][gc,phases      ] GC(251)   Merge Heap Roots: 0.51ms
[1794.452s][info][gc,phases      ] GC(251)   Evacuate Collection Set: 142.82ms
[1794.452s][info][gc,phases      ] GC(251)   Post Evacuate Collection Set: 0.95ms
[1794.452s][info][gc,phases      ] GC(251)   Other: 0.07ms
[1794.452s][info][gc,heap        ] GC(251) Eden regions: 487->0(479)
[1794.452s][info][gc,heap        ] GC(251) Survivor regions: 40->40(66)
[1794.452s][info][gc,heap        ] GC(251) Old regions: 324->332
[1794.452s][info][gc,heap        ] GC(251) Humongous regions: 81->81
[1794.452s][info][gc,metaspace   ] GC(251) Metaspace: 29978K(30528K)->29978K(30528K) NonClass: 26577K(26880K)->26577K(26880K) Class: 3400K(3648K)->3400K(3648K)
[1794.452s][info][gc             ] GC(251) Pause Young (Normal) (G1 Evacuation Pause) 7426M->3588M(8192M) 144.739ms
[1794.452s][info][gc,cpu         ] GC(251) User=1.14s Sys=0.00s Real=0.14s
......................[1815.616s][info][gc,start       ] GC(252) Pause Young (Normal) (G1 Evacuation Pause)
[1815.616s][info][gc,task        ] GC(252) Using 8 workers of 8 for evacuation
[1815.756s][info][gc,phases      ] GC(252)   Pre Evacuate Collection Set: 0.25ms
[1815.756s][info][gc,phases      ] GC(252)   Merge Heap Roots: 0.54ms
[1815.756s][info][gc,phases      ] GC(252)   Evacuate Collection Set: 138.90ms
[1815.756s][info][gc,phases      ] GC(252)   Post Evacuate Collection Set: 0.94ms
[1815.756s][info][gc,phases      ] GC(252)   Other: 0.08ms
[1815.756s][info][gc,heap        ] GC(252) Eden regions: 479->0(473)
[1815.756s][info][gc,heap        ] GC(252) Survivor regions: 40->39(65)
[1815.756s][info][gc,heap        ] GC(252) Old regions: 332->340
[1815.756s][info][gc,heap        ] GC(252) Humongous regions: 81->81
[1815.756s][info][gc,metaspace   ] GC(252) Metaspace: 29978K(30528K)->29978K(30528K) NonClass: 26577K(26880K)->26577K(26880K) Class: 3400K(3648K)->3400K(3648K)
[1815.756s][info][gc             ] GC(252) Pause Young (Normal) (G1 Evacuation Pause) 7420M->3646M(8192M) 140.862ms
[1815.756s][info][gc,cpu         ] GC(252) User=1.11s Sys=0.00s Real=0.15s
.....................[1836.579s][info][gc,start       ] GC(253) Pause Young (Normal) (G1 Evacuation Pause)
[1836.579s][info][gc,task        ] GC(253) Using 8 workers of 8 for evacuation
[1836.720s][info][gc,phases      ] GC(253)   Pre Evacuate Collection Set: 0.25ms
[1836.720s][info][gc,phases      ] GC(253)   Merge Heap Roots: 0.56ms
[1836.720s][info][gc,phases      ] GC(253)   Evacuate Collection Set: 139.70ms
[1836.720s][info][gc,phases      ] GC(253)   Post Evacuate Collection Set: 0.93ms
[1836.720s][info][gc,phases      ] GC(253)   Other: 0.06ms
[1836.720s][info][gc,heap        ] GC(253) Eden regions: 473->0(465)
[1836.720s][info][gc,heap        ] GC(253) Survivor regions: 39->39(64)
[1836.720s][info][gc,heap        ] GC(253) Old regions: 340->348
[1836.720s][info][gc,heap        ] GC(253) Humongous regions: 81->81
[1836.720s][info][gc,metaspace   ] GC(253) Metaspace: 29980K(30528K)->29980K(30528K) NonClass: 26579K(26880K)->26579K(26880K) Class: 3400K(3648K)->3400K(3648K)
[1836.720s][info][gc             ] GC(253) Pause Young (Normal) (G1 Evacuation Pause) 7430M->3709M(8192M) 141.628ms
[1836.720s][info][gc,cpu         ] GC(253) User=1.12s Sys=0.00s Real=0.14s
........ (rIR:aIR:PR = 1522:1522:1522) (tPR = 22521) [OK] 
  1844s: Performance info:
         Transaction,    Success,    Partial,     Failed,   Receipts, AvgBarcode, 
             Overall,      91457,          0,          0,      86872,      59.47, 
         Response times:
             Request,    Success,    Partial,     Failed,   SkipFail,     Probes,    Samples,      min,      p50,      p90,      p95,      p99,      max, 
       TotalPurchase,      86872,          0,          0,          0,      83874,      92316,      300,     1200,     1900,     2100,     2700,   150000,
     InStorePurchase,      45714,          0,          0,          0,      44151,      48364,      300,     1200,     1900,     2100,     2700,   150000,
      OnlinePurchase,      32027,          0,          0,          0,      31049,      34208,      300,     1300,     2000,     2100,     2700,   149000,
        InstPurchase,       9131,          0,          0,          0,       8674,       9744,      400,     1200,     1900,     2100,     2800,   149000,
          AssocOfCat,         93,          0,          0,          0,         92,        100,    17400,    24000,    28900,    32850,   170660,   172000,
      AssocOfProduct,        914,          0,          0,          0,        802,        977,      500,     1700,     2200,     2400,     2822,    19600,
      BusinessReport,        228,          0,          0,          0,        150,        226,    21000,    27000,    31300,    35650,    46460,   186000,
          CustBuyBeh,        910,          0,          0,          0,        787,        984,      200,     1200,     1800,     2000,     2515,     7500,
       ProductReturn,       2440,          0,          0,          0,       2207,       2496,      200,     1100,     1800,     2000,     2600,    16900,

  1844s: (12%)   IR =   1660 .....|......[1856.354s][info][gc,start       ] GC(254) Pause Young (Normal) (G1 Evacuation Pause)
[1856.354s][info][gc,task        ] GC(254) Using 8 workers of 8 for evacuation
[1856.495s][info][gc,phases      ] GC(254)   Pre Evacuate Collection Set: 0.27ms
[1856.495s][info][gc,phases      ] GC(254)   Merge Heap Roots: 0.48ms
[1856.495s][info][gc,phases      ] GC(254)   Evacuate Collection Set: 139.83ms
[1856.495s][info][gc,phases      ] GC(254)   Post Evacuate Collection Set: 0.91ms
[1856.495s][info][gc,phases      ] GC(254)   Other: 0.06ms
[1856.495s][info][gc,heap        ] GC(254) Eden regions: 465->0(456)
[1856.495s][info][gc,heap        ] GC(254) Survivor regions: 39->40(63)
[1856.495s][info][gc,heap        ] GC(254) Old regions: 348->355
[1856.495s][info][gc,heap        ] GC(254) Humongous regions: 81->81
[1856.495s][info][gc,metaspace   ] GC(254) Metaspace: 29983K(30528K)->29983K(30528K) NonClass: 26582K(26880K)->26582K(26880K) Class: 3400K(3648K)->3400K(3648K)
[1856.495s][info][gc             ] GC(254) Pause Young (Normal) (G1 Evacuation Pause) 7429M->3775M(8192M) 141.724ms
[1856.495s][info][gc,cpu         ] GC(254) User=1.12s Sys=0.00s Real=0.14s
...................[1874.969s][info][gc,start       ] GC(255) Pause Young (Normal) (G1 Evacuation Pause)
[1874.969s][info][gc,task        ] GC(255) Using 8 workers of 8 for evacuation
[1875.107s][info][gc,phases      ] GC(255)   Pre Evacuate Collection Set: 0.28ms
[1875.107s][info][gc,phases      ] GC(255)   Merge Heap Roots: 0.54ms
[1875.107s][info][gc,phases      ] GC(255)   Evacuate Collection Set: 136.67ms
[1875.107s][info][gc,phases      ] GC(255)   Post Evacuate Collection Set: 0.96ms
[1875.107s][info][gc,phases      ] GC(255)   Other: 0.07ms
[1875.107s][info][gc,heap        ] GC(255) Eden regions: 456->0(452)
[1875.107s][info][gc,heap        ] GC(255) Survivor regions: 40->38(62)
[1875.107s][info][gc,heap        ] GC(255) Old regions: 355->363
[1875.107s][info][gc,heap        ] GC(255) Humongous regions: 81->81
[1875.107s][info][gc,metaspace   ] GC(255) Metaspace: 29983K(30528K)->29983K(30528K) NonClass: 26582K(26880K)->26582K(26880K) Class: 3400K(3648K)->3400K(3648K)
[1875.107s][info][gc             ] GC(255) Pause Young (Normal) (G1 Evacuation Pause) 7423M->3823M(8192M) 138.668ms
[1875.107s][info][gc,cpu         ] GC(255) User=1.09s Sys=0.00s Real=0.14s
..................[1893.399s][info][gc,start       ] GC(256) Pause Young (Normal) (G1 Evacuation Pause)
[1893.399s][info][gc,task        ] GC(256) Using 8 workers of 8 for evacuation
[1893.536s][info][gc,phases      ] GC(256)   Pre Evacuate Collection Set: 0.28ms
[1893.536s][info][gc,phases      ] GC(256)   Merge Heap Roots: 0.58ms
[1893.536s][info][gc,phases      ] GC(256)   Evacuate Collection Set: 135.30ms
[1893.536s][info][gc,phases      ] GC(256)   Post Evacuate Collection Set: 0.95ms
[1893.536s][info][gc,phases      ] GC(256)   Other: 0.07ms
[1893.536s][info][gc,heap        ] GC(256) Eden regions: 452->0(444)
[1893.536s][info][gc,heap        ] GC(256) Survivor regions: 38->38(62)
[1893.536s][info][gc,heap        ] GC(256) Old regions: 363->371
[1893.536s][info][gc,heap        ] GC(256) Humongous regions: 81->81
[1893.536s][info][gc,metaspace   ] GC(256) Metaspace: 29984K(30528K)->29984K(30528K) NonClass: 26583K(26880K)->26583K(26880K) Class: 3400K(3648K)->3400K(3648K)
[1893.536s][info][gc             ] GC(256) Pause Young (Normal) (G1 Evacuation Pause) 7439M->3887M(8192M) 137.301ms
[1893.536s][info][gc,cpu         ] GC(256) User=1.09s Sys=0.00s Real=0.14s
................. (rIR:aIR:PR = 1660:1661:1661) (tPR = 24732) [OK] 
  1909s: Performance info:
         Transaction,    Success,    Partial,     Failed,   Receipts, AvgBarcode, 
             Overall,      99747,          0,          0,      94760,      59.48, 
         Response times:
             Request,    Success,    Partial,     Failed,   SkipFail,     Probes,    Samples,      min,      p50,      p90,      p95,      p99,      max, 
       TotalPurchase,      94760,          0,          0,          0,      92035,     101436,      300,     1300,     2100,     2300,     3000,   148000,
     InStorePurchase,      49860,          0,          0,          0,      48460,      53199,      300,     1300,     2100,     2300,     3000,   148000,
      OnlinePurchase,      34935,          0,          0,          0,      34067,      37514,      300,     1200,     2000,     2300,     3000,   145000,
        InstPurchase,       9965,          0,          0,          0,       9508,      10723,      500,     1300,     2100,     2300,     3000,   145000,
          AssocOfCat,         99,          0,          0,          0,         88,        106,    17800,    24500,    27000,    29000,    32930,    33000,
      AssocOfProduct,        997,          0,          0,          0,        876,       1092,      500,     1200,     2200,     2500,     3307,    11100,
      BusinessReport,        245,          0,          0,          0,        184,        244,    19300,    27000,    33000,    35000,    47650,   173000,
          CustBuyBeh,        999,          0,          0,          0,        874,       1062,      200,     1100,     1800,     2000,     2437,    14000,
       ProductReturn,       2646,          0,          0,          0,       2417,       2808,      200,     1300,     2000,     2200,     3000,   140000,

  1909s: (13%)   IR =   1799 .[1911.426s][info][gc,start       ] GC(257) Pause Young (Normal) (G1 Evacuation Pause)
[1911.426s][info][gc,task        ] GC(257) Using 8 workers of 8 for evacuation
[1911.562s][info][gc,phases      ] GC(257)   Pre Evacuate Collection Set: 0.24ms
[1911.562s][info][gc,phases      ] GC(257)   Merge Heap Roots: 0.52ms
[1911.562s][info][gc,phases      ] GC(257)   Evacuate Collection Set: 134.93ms
[1911.562s][info][gc,phases      ] GC(257)   Post Evacuate Collection Set: 0.95ms
[1911.562s][info][gc,phases      ] GC(257)   Other: 0.06ms
[1911.562s][info][gc,heap        ] GC(257) Eden regions: 444->0(438)
[1911.562s][info][gc,heap        ] GC(257) Survivor regions: 38->37(61)
[1911.562s][info][gc,heap        ] GC(257) Old regions: 371->379
[1911.562s][info][gc,heap        ] GC(257) Humongous regions: 81->81
[1911.562s][info][gc,metaspace   ] GC(257) Metaspace: 29988K(30528K)->29988K(30528K) NonClass: 26587K(26880K)->26587K(26880K) Class: 3400K(3648K)->3400K(3648K)
[1911.562s][info][gc             ] GC(257) Pause Young (Normal) (G1 Evacuation Pause) 7439M->3947M(8192M) 136.860ms
[1911.562s][info][gc,cpu         ] GC(257) User=1.09s Sys=0.00s Real=0.14s
....|.............[1927.947s][info][gc,start       ] GC(258) Pause Young (Normal) (G1 Evacuation Pause)
[1927.947s][info][gc,task        ] GC(258) Using 8 workers of 8 for evacuation
[1928.083s][info][gc,phases      ] GC(258)   Pre Evacuate Collection Set: 0.27ms
[1928.083s][info][gc,phases      ] GC(258)   Merge Heap Roots: 0.53ms
[1928.083s][info][gc,phases      ] GC(258)   Evacuate Collection Set: 133.55ms
[1928.083s][info][gc,phases      ] GC(258)   Post Evacuate Collection Set: 0.94ms
[1928.083s][info][gc,phases      ] GC(258)   Other: 0.08ms
[1928.083s][info][gc,heap        ] GC(258) Eden regions: 438->0(431)
[1928.083s][info][gc,heap        ] GC(258) Survivor regions: 37->36(60)
[1928.083s][info][gc,heap        ] GC(258) Old regions: 379->388
[1928.083s][info][gc,heap        ] GC(258) Humongous regions: 81->81
[1928.083s][info][gc,metaspace   ] GC(258) Metaspace: 29988K(30528K)->29988K(30528K) NonClass: 26587K(26880K)->26587K(26880K) Class: 3400K(3648K)->3400K(3648K)
[1928.083s][info][gc             ] GC(258) Pause Young (Normal) (G1 Evacuation Pause) 7451M->4006M(8192M) 135.494ms
[1928.083s][info][gc,cpu         ] GC(258) User=1.08s Sys=0.00s Real=0.13s
................[1944.208s][info][gc,start       ] GC(259) Pause Young (Concurrent Start) (G1 Evacuation Pause)
[1944.209s][info][gc,task        ] GC(259) Using 8 workers of 8 for evacuation
[1944.344s][info][gc,phases      ] GC(259)   Pre Evacuate Collection Set: 0.29ms
[1944.344s][info][gc,phases      ] GC(259)   Merge Heap Roots: 0.55ms
[1944.344s][info][gc,phases      ] GC(259)   Evacuate Collection Set: 133.64ms
[1944.344s][info][gc,phases      ] GC(259)   Post Evacuate Collection Set: 0.88ms
[1944.344s][info][gc,phases      ] GC(259)   Other: 0.09ms
[1944.344s][info][gc,heap        ] GC(259) Eden regions: 431->0(421)
[1944.344s][info][gc,heap        ] GC(259) Survivor regions: 36->37(59)
[1944.344s][info][gc,heap        ] GC(259) Old regions: 388->396
[1944.344s][info][gc,heap        ] GC(259) Humongous regions: 81->81
[1944.344s][info][gc,metaspace   ] GC(259) Metaspace: 29988K(30528K)->29988K(30528K) NonClass: 26587K(26880K)->26587K(26880K) Class: 3400K(3648K)->3400K(3648K)
[1944.344s][info][gc             ] GC(259) Pause Young (Concurrent Start) (G1 Evacuation Pause) 7454M->4078M(8192M) 135.578ms
[1944.344s][info][gc             ] GC(260) Concurrent Mark Cycle
[1944.344s][info][gc,marking     ] GC(260) Concurrent Scan Root Regions
[1944.344s][info][gc,cpu         ] GC(259) User=1.07s Sys=0.00s Real=0.13s
[1944.499s][info][gc,marking     ] GC(260) Concurrent Scan Root Regions 154.435ms
[1944.499s][info][gc,marking     ] GC(260) Concurrent Mark
[1944.499s][info][gc,marking     ] GC(260) Concurrent Mark From Roots
[1944.499s][info][gc,task        ] GC(260) Using 2 workers of 2 for marking
.[1945.006s][info][gc,marking     ] GC(260) Concurrent Mark From Roots 507.082ms
[1945.006s][info][gc,marking     ] GC(260) Concurrent Preclean
[1945.006s][info][gc,marking     ] GC(260) Concurrent Preclean 0.106ms
[1945.006s][info][gc,start       ] GC(260) Pause Remark
[1945.008s][info][gc             ] GC(260) Pause Remark 4262M->2670M(8192M) 1.581ms
[1945.008s][info][gc,cpu         ] GC(260) User=0.01s Sys=0.00s Real=0.00s
[1945.008s][info][gc,marking     ] GC(260) Concurrent Mark 509.085ms
[1945.008s][info][gc,marking     ] GC(260) Concurrent Rebuild Remembered Sets and Scrub Regions
[1945.430s][info][gc,marking     ] GC(260) Concurrent Rebuild Remembered Sets and Scrub Regions 422.703ms
[1945.431s][info][gc,start       ] GC(260) Pause Cleanup
[1945.431s][info][gc             ] GC(260) Pause Cleanup 2762M->2762M(8192M) 0.240ms
[1945.431s][info][gc,cpu         ] GC(260) User=0.00s Sys=0.00s Real=0.00s
[1945.431s][info][gc,marking     ] GC(260) Concurrent Clear Claimed Marks
[1945.431s][info][gc,marking     ] GC(260) Concurrent Clear Claimed Marks 0.042ms
[1945.431s][info][gc,marking     ] GC(260) Concurrent Cleanup for Next Mark
[1945.438s][info][gc,marking     ] GC(260) Concurrent Cleanup for Next Mark 6.966ms
[1945.438s][info][gc             ] GC(260) Concurrent Mark Cycle 1093.880ms
...............[1959.986s][info][gc,start       ] GC(261) Pause Young (Prepare Mixed) (G1 Evacuation Pause)
[1959.986s][info][gc,task        ] GC(261) Using 8 workers of 8 for evacuation
[1960.121s][info][gc,phases      ] GC(261)   Pre Evacuate Collection Set: 0.28ms
[1960.121s][info][gc,phases      ] GC(261)   Merge Heap Roots: 0.69ms
[1960.121s][info][gc,phases      ] GC(261)   Evacuate Collection Set: 132.87ms
[1960.121s][info][gc,phases      ] GC(261)   Post Evacuate Collection Set: 0.99ms
[1960.121s][info][gc,phases      ] GC(261)   Other: 0.08ms
[1960.121s][info][gc,heap        ] GC(261) Eden regions: 421->0(577)
[1960.121s][info][gc,heap        ] GC(261) Survivor regions: 37->37(58)
[1960.121s][info][gc,heap        ] GC(261) Old regions: 245->253
[1960.121s][info][gc,heap        ] GC(261) Humongous regions: 33->33
[1960.121s][info][gc,metaspace   ] GC(261) Metaspace: 29988K(30528K)->29988K(30528K) NonClass: 26587K(26880K)->26587K(26880K) Class: 3400K(3648K)->3400K(3648K)
[1960.121s][info][gc             ] GC(261) Pause Young (Prepare Mixed) (G1 Evacuation Pause) 5854M->2552M(8192M) 135.043ms
[1960.121s][info][gc,cpu         ] GC(261) User=1.07s Sys=0.00s Real=0.14s
............... (rIR:aIR:PR = 1799:1799:1799) (tPR = 26749) [OK] 
  1974s: Performance info:
         Transaction,    Success,    Partial,     Failed,   Receipts, AvgBarcode, 
             Overall,     107965,          0,          0,     102575,      59.47, 
         Response times:
             Request,    Success,    Partial,     Failed,   SkipFail,     Probes,    Samples,      min,      p50,      p90,      p95,      p99,      max, 
       TotalPurchase,     102575,          0,          0,          0,      99899,     109960,      300,     1400,     2200,     2400,     3600,   148000,
     InStorePurchase,      53961,          0,          0,          0,      52799,      57822,      300,     1300,     2200,     2400,     3577,   146000,
      OnlinePurchase,      37817,          0,          0,          0,      36836,      40659,      300,     1400,     2200,     2400,     3600,   148000,
        InstPurchase,      10797,          0,          0,          0,      10264,      11479,      400,     1500,     2200,     2400,     3600,   140000,
          AssocOfCat,        109,          0,          0,          0,        107,        117,    18000,    25000,    27000,    30000,   161980,   187000,
      AssocOfProduct,       1079,          0,          0,          0,        970,       1213,      300,     2000,     2600,     2800,     3972,    25000,
      BusinessReport,        272,          0,          0,          0,        190,        260,    21000,    28000,    33000,    37000,    82350,   169000,
          CustBuyBeh,       1076,          0,          0,          0,        936,       1162,      100,      300,      500,      600,     2600,   146000,
       ProductReturn,       2854,          0,          0,          0,       2616,       3049,      200,     1300,     2100,     2300,     4200,   140000,

  1974s: (14%)   IR =   1937 ....|..[1981.163s][info][gc,start       ] GC(262) Pause Young (Mixed) (G1 Evacuation Pause)
[1981.163s][info][gc,task        ] GC(262) Using 8 workers of 8 for evacuation
[1981.318s][info][gc,phases      ] GC(262)   Pre Evacuate Collection Set: 0.30ms
[1981.319s][info][gc,phases      ] GC(262)   Merge Heap Roots: 0.95ms
[1981.319s][info][gc,phases      ] GC(262)   Evacuate Collection Set: 152.96ms
[1981.319s][info][gc,phases      ] GC(262)   Post Evacuate Collection Set: 1.33ms
[1981.319s][info][gc,phases      ] GC(262)   Other: 0.09ms
[1981.319s][info][gc,heap        ] GC(262) Eden regions: 577->0(568)
[1981.319s][info][gc,heap        ] GC(262) Survivor regions: 37->46(77)
[1981.319s][info][gc,heap        ] GC(262) Old regions: 253->153
[1981.319s][info][gc,heap        ] GC(262) Humongous regions: 33->33
[1981.319s][info][gc,metaspace   ] GC(262) Metaspace: 29988K(30528K)->29988K(30528K) NonClass: 26587K(26880K)->26587K(26880K) Class: 3400K(3648K)->3400K(3648K)
[1981.319s][info][gc             ] GC(262) Pause Young (Mixed) (G1 Evacuation Pause) 7168M->1838M(8192M) 155.751ms
[1981.319s][info][gc,cpu         ] GC(262) User=1.23s Sys=0.00s Real=0.16s
....................[2000.908s][info][gc,start       ] GC(263) Pause Young (Mixed) (G1 Evacuation Pause)
[2000.908s][info][gc,task        ] GC(263) Using 8 workers of 8 for evacuation
[2001.071s][info][gc,phases      ] GC(263)   Pre Evacuate Collection Set: 0.25ms
[2001.071s][info][gc,phases      ] GC(263)   Merge Heap Roots: 0.86ms
[2001.071s][info][gc,phases      ] GC(263)   Evacuate Collection Set: 158.03ms
[2001.071s][info][gc,phases      ] GC(263)   Merge Optional Heap Roots: 0.14ms
[2001.071s][info][gc,phases      ] GC(263)   Evacuate Optional Collection Set: 1.90ms
[2001.071s][info][gc,phases      ] GC(263)   Post Evacuate Collection Set: 1.14ms
[2001.071s][info][gc,phases      ] GC(263)   Other: 0.09ms
[2001.071s][info][gc,heap        ] GC(263) Eden regions: 568->0(567)
[2001.071s][info][gc,heap        ] GC(263) Survivor regions: 46->47(77)
[2001.071s][info][gc,heap        ] GC(263) Old regions: 153->138
[2001.071s][info][gc,heap        ] GC(263) Humongous regions: 33->33
[2001.071s][info][gc,metaspace   ] GC(263) Metaspace: 29988K(30528K)->29988K(30528K) NonClass: 26587K(26880K)->26587K(26880K) Class: 3400K(3648K)->3400K(3648K)
[2001.071s][info][gc             ] GC(263) Pause Young (Mixed) (G1 Evacuation Pause) 6382M->1724M(8192M) 162.564ms
[2001.071s][info][gc,cpu         ] GC(263) User=1.29s Sys=0.00s Real=0.16s
....................[2020.770s][info][gc,start       ] GC(264) Pause Young (Mixed) (G1 Evacuation Pause)
[2020.770s][info][gc,task        ] GC(264) Using 8 workers of 8 for evacuation
[2020.927s][info][gc,phases      ] GC(264)   Pre Evacuate Collection Set: 0.28ms
[2020.927s][info][gc,phases      ] GC(264)   Merge Heap Roots: 0.59ms
[2020.927s][info][gc,phases      ] GC(264)   Evacuate Collection Set: 155.55ms
[2020.927s][info][gc,phases      ] GC(264)   Post Evacuate Collection Set: 1.03ms
[2020.927s][info][gc,phases      ] GC(264)   Other: 0.06ms
[2020.927s][info][gc,heap        ] GC(264) Eden regions: 567->0(572)
[2020.927s][info][gc,heap        ] GC(264) Survivor regions: 47->42(77)
[2020.927s][info][gc,heap        ] GC(264) Old regions: 138->147
[2020.927s][info][gc,heap        ] GC(264) Humongous regions: 33->33
[2020.927s][info][gc,metaspace   ] GC(264) Metaspace: 29988K(30528K)->29988K(30528K) NonClass: 26587K(26880K)->26587K(26880K) Class: 3400K(3648K)->3400K(3648K)
[2020.927s][info][gc             ] GC(264) Pause Young (Mixed) (G1 Evacuation Pause) 6260M->1759M(8192M) 157.653ms
[2020.927s][info][gc,cpu         ] GC(264) User=1.24s Sys=0.00s Real=0.16s
.................. (rIR:aIR:PR = 1937:1938:1938) (tPR = 28397) [OK] 
  2038s: Performance info:
         Transaction,    Success,    Partial,     Failed,   Receipts, AvgBarcode, 
             Overall,     116308,          0,          0,     110505,      59.46, 
         Response times:
             Request,    Success,    Partial,     Failed,   SkipFail,     Probes,    Samples,      min,      p50,      p90,      p95,      p99,      max, 
       TotalPurchase,     110505,          0,          0,          0,     107490,     115863,      300,     1400,     2300,     2500,     3400,   165000,
     InStorePurchase,      58200,          0,          0,          0,      56913,      61016,      400,     1500,     2300,     2500,     3400,   165000,
      OnlinePurchase,      40650,          0,          0,          0,      39464,      42738,      300,     1400,     2300,     2500,     3500,   164000,
        InstPurchase,      11655,          0,          0,          0,      11113,      12109,      400,     1400,     2300,     2500,     3390,   158000,
          AssocOfCat,        116,          0,          0,          0,        112,        122,    16600,    25000,    28000,    30700,    50080,    51000,
      AssocOfProduct,       1160,          0,          0,          0,        992,       1159,      500,     2100,     2700,     3000,    14080,   158000,
      BusinessReport,        292,          0,          0,          0,        210,        271,    20000,    28000,    35800,    43800,    94760,   208000,
          CustBuyBeh,       1155,          0,          0,          0,        997,       1186,      100,      800,     2100,     2300,     2813,    13000,
       ProductReturn,       3080,          0,          0,          0,       2845,       3288,      300,     1500,     2300,     2500,     4022,   158000,

  2038s: (15%)   IR =   2076 .[2040.624s][info][gc,start       ] GC(265) Pause Young (Normal) (G1 Evacuation Pause)
[2040.624s][info][gc,task        ] GC(265) Using 8 workers of 8 for evacuation
[2040.772s][info][gc,phases      ] GC(265)   Pre Evacuate Collection Set: 0.24ms
[2040.772s][info][gc,phases      ] GC(265)   Merge Heap Roots: 0.51ms
[2040.772s][info][gc,phases      ] GC(265)   Evacuate Collection Set: 145.83ms
[2040.772s][info][gc,phases      ] GC(265)   Post Evacuate Collection Set: 1.04ms
[2040.772s][info][gc,phases      ] GC(265)   Other: 0.06ms
[2040.772s][info][gc,heap        ] GC(265) Eden regions: 572->0(571)
[2040.772s][info][gc,heap        ] GC(265) Survivor regions: 42->43(77)
[2040.772s][info][gc,heap        ] GC(265) Old regions: 147->154
[2040.772s][info][gc,heap        ] GC(265) Humongous regions: 33->33
[2040.772s][info][gc,metaspace   ] GC(265) Metaspace: 29991K(30528K)->29991K(30528K) NonClass: 26590K(26880K)->26590K(26880K) Class: 3400K(3648K)->3400K(3648K)
[2040.772s][info][gc             ] GC(265) Pause Young (Normal) (G1 Evacuation Pause) 6335M->1818M(8192M) 147.817ms
[2040.772s][info][gc,cpu         ] GC(265) User=1.17s Sys=0.00s Real=0.15s
....|...............[2059.244s][info][gc,start       ] GC(266) Pause Young (Normal) (G1 Evacuation Pause)
[2059.244s][info][gc,task        ] GC(266) Using 8 workers of 8 for evacuation
[2059.394s][info][gc,phases      ] GC(266)   Pre Evacuate Collection Set: 0.26ms
[2059.394s][info][gc,phases      ] GC(266)   Merge Heap Roots: 0.54ms
[2059.394s][info][gc,phases      ] GC(266)   Evacuate Collection Set: 147.37ms
[2059.394s][info][gc,phases      ] GC(266)   Post Evacuate Collection Set: 1.06ms
[2059.394s][info][gc,phases      ] GC(266)   Other: 0.08ms
[2059.394s][info][gc,heap        ] GC(266) Eden regions: 571->0(571)
[2059.394s][info][gc,heap        ] GC(266) Survivor regions: 43->43(77)
[2059.394s][info][gc,heap        ] GC(266) Old regions: 154->161
[2059.394s][info][gc,heap        ] GC(266) Humongous regions: 33->33
[2059.394s][info][gc,metaspace   ] GC(266) Metaspace: 29991K(30528K)->29991K(30528K) NonClass: 26590K(26880K)->26590K(26880K) Class: 3400K(3648K)->3400K(3648K)
[2059.394s][info][gc             ] GC(266) Pause Young (Normal) (G1 Evacuation Pause) 6386M->1878M(8192M) 149.448ms
[2059.394s][info][gc,cpu         ] GC(266) User=1.18s Sys=0.00s Real=0.15s
...................[2077.869s][info][gc,start       ] GC(267) Pause Young (Normal) (G1 Evacuation Pause)
[2077.869s][info][gc,task        ] GC(267) Using 8 workers of 8 for evacuation
[2078.016s][info][gc,phases      ] GC(267)   Pre Evacuate Collection Set: 0.26ms
[2078.016s][info][gc,phases      ] GC(267)   Merge Heap Roots: 0.63ms
[2078.016s][info][gc,phases      ] GC(267)   Evacuate Collection Set: 145.18ms
[2078.016s][info][gc,phases      ] GC(267)   Post Evacuate Collection Set: 1.04ms
[2078.016s][info][gc,phases      ] GC(267)   Other: 0.06ms
[2078.016s][info][gc,heap        ] GC(267) Eden regions: 571->0(572)
[2078.016s][info][gc,heap        ] GC(267) Survivor regions: 43->42(77)
[2078.016s][info][gc,heap        ] GC(267) Old regions: 161->168
[2078.016s][info][gc,heap        ] GC(267) Humongous regions: 33->33
[2078.016s][info][gc,metaspace   ] GC(267) Metaspace: 29991K(30528K)->29991K(30528K) NonClass: 26590K(26880K)->26590K(26880K) Class: 3400K(3648K)->3400K(3648K)
[2078.016s][info][gc             ] GC(267) Pause Young (Normal) (G1 Evacuation Pause) 6446M->1925M(8192M) 147.293ms
[2078.016s][info][gc,cpu         ] GC(267) User=1.16s Sys=0.00s Real=0.15s
..................[2096.448s][info][gc,start       ] GC(268) Pause Young (Normal) (G1 Evacuation Pause)
[2096.448s][info][gc,task        ] GC(268) Using 8 workers of 8 for evacuation
[2096.595s][info][gc,phases      ] GC(268)   Pre Evacuate Collection Set: 0.24ms
[2096.595s][info][gc,phases      ] GC(268)   Merge Heap Roots: 0.55ms
[2096.595s][info][gc,phases      ] GC(268)   Evacuate Collection Set: 144.93ms
[2096.595s][info][gc,phases      ] GC(268)   Post Evacuate Collection Set: 1.03ms
[2096.595s][info][gc,phases      ] GC(268)   Other: 0.07ms
[2096.595s][info][gc,heap        ] GC(268) Eden regions: 572->0(572)
[2096.595s][info][gc,heap        ] GC(268) Survivor regions: 42->42(77)
[2096.595s][info][gc,heap        ] GC(268) Old regions: 168->174
[2096.595s][info][gc,heap        ] GC(268) Humongous regions: 33->33
[2096.595s][info][gc,metaspace   ] GC(268) Metaspace: 29991K(30528K)->29991K(30528K) NonClass: 26590K(26880K)->26590K(26880K) Class: 3400K(3648K)->3400K(3648K)
[2096.595s][info][gc             ] GC(268) Pause Young (Normal) (G1 Evacuation Pause) 6501M->1979M(8192M) 146.956ms
[2096.595s][info][gc,cpu         ] GC(268) User=1.16s Sys=0.00s Real=0.14s
........ (rIR:aIR:PR = 2076:2076:2076) (tPR = 31032) [OK] 
  2103s: Performance info:
         Transaction,    Success,    Partial,     Failed,   Receipts, AvgBarcode, 
             Overall,     124599,          0,          0,     118365,      59.48, 
         Response times:
             Request,    Success,    Partial,     Failed,   SkipFail,     Probes,    Samples,      min,      p50,      p90,      p95,      p99,      max, 
       TotalPurchase,     118365,          0,          0,          0,     115511,     126827,      300,     1500,     2400,     2700,     4000,   158000,
     InStorePurchase,      62300,          0,          0,          0,      61124,      66946,      300,     1400,     2400,     2600,     4000,   153000,
      OnlinePurchase,      43603,          0,          0,          0,      42400,      46428,      300,     1600,     2500,     2700,     3900,   158000,
        InstPurchase,      12462,          0,          0,          0,      11987,      13453,      500,     1700,     2500,     2800,     3900,   152000,
          AssocOfCat,        127,          0,          0,          0,         97,        142,    18600,    25000,    27000,    28000,    36130,    40000,
      AssocOfProduct,       1249,          0,          0,          0,       1134,       1330,      600,     2200,     2800,     3000,     9638,   151000,
      BusinessReport,        309,          0,          0,          0,        241,        317,    19300,    28000,    34000,    37000,   110460,   182000,
          CustBuyBeh,       1247,          0,          0,          0,       1108,       1288,      100,      800,     2200,     2400,     3000,    16300,
       ProductReturn,       3302,          0,          0,          0,       3047,       3509,      200,     1100,     2200,     2500,     4000,   152000,

  2103s: (16%)   IR =   2214 .......|...[2114.405s][info][gc,start       ] GC(269) Pause Young (Normal) (G1 Evacuation Pause)
[2114.405s][info][gc,task        ] GC(269) Using 8 workers of 8 for evacuation
[2114.552s][info][gc,phases      ] GC(269)   Pre Evacuate Collection Set: 0.31ms
[2114.552s][info][gc,phases      ] GC(269)   Merge Heap Roots: 0.63ms
[2114.552s][info][gc,phases      ] GC(269)   Evacuate Collection Set: 144.77ms
[2114.552s][info][gc,phases      ] GC(269)   Post Evacuate Collection Set: 1.07ms
[2114.552s][info][gc,phases      ] GC(269)   Other: 0.09ms
[2114.552s][info][gc,heap        ] GC(269) Eden regions: 572->0(572)
[2114.552s][info][gc,heap        ] GC(269) Survivor regions: 42->42(77)
[2114.552s][info][gc,heap        ] GC(269) Old regions: 174->181
[2114.552s][info][gc,heap        ] GC(269) Humongous regions: 33->33
[2114.552s][info][gc,metaspace   ] GC(269) Metaspace: 29993K(30528K)->29993K(30528K) NonClass: 26592K(26880K)->26592K(26880K) Class: 3400K(3648K)->3400K(3648K)
[2114.552s][info][gc             ] GC(269) Pause Young (Normal) (G1 Evacuation Pause) 6555M->2031M(8192M) 146.999ms
[2114.552s][info][gc,cpu         ] GC(269) User=1.16s Sys=0.00s Real=0.15s
..................[2131.881s][info][gc,start       ] GC(270) Pause Young (Normal) (G1 Evacuation Pause)
[2131.881s][info][gc,task        ] GC(270) Using 8 workers of 8 for evacuation
[2132.031s][info][gc,phases      ] GC(270)   Pre Evacuate Collection Set: 0.27ms
[2132.031s][info][gc,phases      ] GC(270)   Merge Heap Roots: 0.50ms
[2132.031s][info][gc,phases      ] GC(270)   Evacuate Collection Set: 147.90ms
[2132.031s][info][gc,phases      ] GC(270)   Post Evacuate Collection Set: 1.04ms
[2132.031s][info][gc,phases      ] GC(270)   Other: 0.06ms
[2132.031s][info][gc,heap        ] GC(270) Eden regions: 572->0(571)
[2132.031s][info][gc,heap        ] GC(270) Survivor regions: 42->43(77)
[2132.031s][info][gc,heap        ] GC(270) Old regions: 181->188
[2132.031s][info][gc,heap        ] GC(270) Humongous regions: 33->33
[2132.031s][info][gc,metaspace   ] GC(270) Metaspace: 29993K(30528K)->29993K(30528K) NonClass: 26592K(26880K)->26592K(26880K) Class: 3400K(3648K)->3400K(3648K)
[2132.031s][info][gc             ] GC(270) Pause Young (Normal) (G1 Evacuation Pause) 6607M->2098M(8192M) 149.911ms
[2132.031s][info][gc,cpu         ] GC(270) User=1.19s Sys=0.00s Real=0.15s
.................[2149.258s][info][gc,start       ] GC(271) Pause Young (Normal) (G1 Evacuation Pause)
[2149.258s][info][gc,task        ] GC(271) Using 8 workers of 8 for evacuation
[2149.406s][info][gc,phases      ] GC(271)   Pre Evacuate Collection Set: 0.24ms
[2149.406s][info][gc,phases      ] GC(271)   Merge Heap Roots: 0.64ms
[2149.406s][info][gc,phases      ] GC(271)   Evacuate Collection Set: 146.10ms
[2149.406s][info][gc,phases      ] GC(271)   Post Evacuate Collection Set: 1.05ms
[2149.406s][info][gc,phases      ] GC(271)   Other: 0.08ms
[2149.406s][info][gc,heap        ] GC(271) Eden regions: 571->0(572)
[2149.407s][info][gc,heap        ] GC(271) Survivor regions: 43->42(77)
[2149.407s][info][gc,heap        ] GC(271) Old regions: 188->195
[2149.407s][info][gc,heap        ] GC(271) Humongous regions: 33->33
[2149.407s][info][gc,metaspace   ] GC(271) Metaspace: 29993K(30528K)->29993K(30528K) NonClass: 26592K(26880K)->26592K(26880K) Class: 3400K(3648K)->3400K(3648K)
[2149.407s][info][gc             ] GC(271) Pause Young (Normal) (G1 Evacuation Pause) 6666M->2142M(8192M) 148.235ms
[2149.407s][info][gc,cpu         ] GC(271) User=1.17s Sys=0.00s Real=0.15s
.................[2166.816s][info][gc,start       ] GC(272) Pause Young (Normal) (G1 Evacuation Pause)
[2166.817s][info][gc,task        ] GC(272) Using 8 workers of 8 for evacuation
[2166.964s][info][gc,phases      ] GC(272)   Pre Evacuate Collection Set: 0.29ms
[2166.964s][info][gc,phases      ] GC(272)   Merge Heap Roots: 0.51ms
[2166.964s][info][gc,phases      ] GC(272)   Evacuate Collection Set: 145.28ms
[2166.964s][info][gc,phases      ] GC(272)   Post Evacuate Collection Set: 1.05ms
[2166.964s][info][gc,phases      ] GC(272)   Other: 0.07ms
[2166.964s][info][gc,heap        ] GC(272) Eden regions: 572->0(571)
[2166.964s][info][gc,heap        ] GC(272) Survivor regions: 42->43(77)
[2166.964s][info][gc,heap        ] GC(272) Old regions: 195->202
[2166.964s][info][gc,heap        ] GC(272) Humongous regions: 33->33
[2166.964s][info][gc,metaspace   ] GC(272) Metaspace: 29993K(30528K)->29993K(30528K) NonClass: 26592K(26880K)->26592K(26880K) Class: 3400K(3648K)->3400K(3648K)
[2166.964s][info][gc             ] GC(272) Pause Young (Normal) (G1 Evacuation Pause) 6718M->2210M(8192M) 147.346ms
[2166.964s][info][gc,cpu         ] GC(272) User=1.17s Sys=0.00s Real=0.14s
..... (rIR:aIR:PR = 2214:2212:2212) (tPR = 32862) [OK] 
  2170s: Performance info:
         Transaction,    Success,    Partial,     Failed,   Receipts, AvgBarcode, 
             Overall,     133066,          0,          0,     126398,      59.47, 
         Response times:
             Request,    Success,    Partial,     Failed,   SkipFail,     Probes,    Samples,      min,      p50,      p90,      p95,      p99,      max, 
       TotalPurchase,     126398,          0,          0,          0,     122724,     138656,      300,     1600,     2600,     2800,     3900,   157000,
     InStorePurchase,      66493,          0,          0,          0,      64704,      72994,      300,     1500,     2500,     2800,     3800,   157000,
      OnlinePurchase,      46586,          0,          0,          0,      45336,      51342,      300,     1700,     2600,     2900,     3900,   156000,
        InstPurchase,      13319,          0,          0,          0,      12684,      14320,      500,     1700,     2600,     2900,     4400,   153000,
          AssocOfCat,        135,          0,          0,          0,         98,        143,    17300,    25000,    28600,    31000,    34560,    35000,
      AssocOfProduct,       1332,          0,          0,          0,       1203,       1456,      600,     1900,     2800,     3100,    10230,   153000,
      BusinessReport,        335,          0,          0,          0,        249,        326,    22000,    29000,    34000,    38000,    52840,   178000,
          CustBuyBeh,       1334,          0,          0,          0,       1161,       1445,      100,     1300,     2400,     2600,     3300,    16200,
       ProductReturn,       3532,          0,          0,          0,       3270,       3895,      200,     1700,     2500,     2800,     6508,   153000,

  2170s: (17%)   IR =   2352 ....|........[2183.468s][info][gc,start       ] GC(273) Pause Young (Normal) (G1 Evacuation Pause)
[2183.468s][info][gc,task        ] GC(273) Using 8 workers of 8 for evacuation
[2183.615s][info][gc,phases      ] GC(273)   Pre Evacuate Collection Set: 0.27ms
[2183.615s][info][gc,phases      ] GC(273)   Merge Heap Roots: 0.56ms
[2183.615s][info][gc,phases      ] GC(273)   Evacuate Collection Set: 145.03ms
[2183.615s][info][gc,phases      ] GC(273)   Post Evacuate Collection Set: 1.05ms
[2183.615s][info][gc,phases      ] GC(273)   Other: 0.07ms
[2183.615s][info][gc,heap        ] GC(273) Eden regions: 571->0(571)
[2183.615s][info][gc,heap        ] GC(273) Survivor regions: 43->43(77)
[2183.615s][info][gc,heap        ] GC(273) Old regions: 202->209
[2183.615s][info][gc,heap        ] GC(273) Humongous regions: 33->33
[2183.615s][info][gc,metaspace   ] GC(273) Metaspace: 29993K(30528K)->29993K(30528K) NonClass: 26592K(26880K)->26592K(26880K) Class: 3400K(3648K)->3400K(3648K)
[2183.615s][info][gc             ] GC(273) Pause Young (Normal) (G1 Evacuation Pause) 6778M->2259M(8192M) 147.122ms
[2183.615s][info][gc,cpu         ] GC(273) User=1.17s Sys=0.00s Real=0.14s
................[2199.878s][info][gc,start       ] GC(274) Pause Young (Normal) (G1 Evacuation Pause)
[2199.878s][info][gc,task        ] GC(274) Using 8 workers of 8 for evacuation
[2200.026s][info][gc,phases      ] GC(274)   Pre Evacuate Collection Set: 0.28ms
[2200.026s][info][gc,phases      ] GC(274)   Merge Heap Roots: 0.65ms
[2200.026s][info][gc,phases      ] GC(274)   Evacuate Collection Set: 145.23ms
[2200.026s][info][gc,phases      ] GC(274)   Post Evacuate Collection Set: 1.05ms
[2200.026s][info][gc,phases      ] GC(274)   Other: 0.07ms
[2200.026s][info][gc,heap        ] GC(274) Eden regions: 571->0(571)
[2200.026s][info][gc,heap        ] GC(274) Survivor regions: 43->43(77)
[2200.026s][info][gc,heap        ] GC(274) Old regions: 209->216
[2200.026s][info][gc,heap        ] GC(274) Humongous regions: 33->33
[2200.026s][info][gc,metaspace   ] GC(274) Metaspace: 29993K(30528K)->29993K(30528K) NonClass: 26592K(26880K)->26592K(26880K) Class: 3400K(3648K)->3400K(3648K)
[2200.026s][info][gc             ] GC(274) Pause Young (Normal) (G1 Evacuation Pause) 6827M->2313M(8192M) 147.419ms
[2200.026s][info][gc,cpu         ] GC(274) User=1.17s Sys=0.00s Real=0.15s
.................[2216.269s][info][gc,start       ] GC(275) Pause Young (Normal) (G1 Evacuation Pause)
[2216.269s][info][gc,task        ] GC(275) Using 8 workers of 8 for evacuation
[2216.418s][info][gc,phases      ] GC(275)   Pre Evacuate Collection Set: 0.31ms
[2216.418s][info][gc,phases      ] GC(275)   Merge Heap Roots: 0.61ms
[2216.418s][info][gc,phases      ] GC(275)   Evacuate Collection Set: 146.53ms
[2216.418s][info][gc,phases      ] GC(275)   Post Evacuate Collection Set: 1.10ms
[2216.418s][info][gc,phases      ] GC(275)   Other: 0.06ms
[2216.418s][info][gc,heap        ] GC(275) Eden regions: 571->0(571)
[2216.418s][info][gc,heap        ] GC(275) Survivor regions: 43->43(77)
[2216.418s][info][gc,heap        ] GC(275) Old regions: 216->223
[2216.418s][info][gc,heap        ] GC(275) Humongous regions: 33->33
[2216.418s][info][gc,metaspace   ] GC(275) Metaspace: 29993K(30528K)->29993K(30528K) NonClass: 26592K(26880K)->26592K(26880K) Class: 3400K(3648K)->3400K(3648K)
[2216.418s][info][gc             ] GC(275) Pause Young (Normal) (G1 Evacuation Pause) 6881M->2373M(8192M) 148.751ms
[2216.418s][info][gc,cpu         ] GC(275) User=1.18s Sys=0.01s Real=0.15s
................[2232.701s][info][gc,start       ] GC(276) Pause Young (Normal) (G1 Evacuation Pause)
[2232.702s][info][gc,task        ] GC(276) Using 8 workers of 8 for evacuation
[2232.849s][info][gc,phases      ] GC(276)   Pre Evacuate Collection Set: 0.29ms
[2232.849s][info][gc,phases      ] GC(276)   Merge Heap Roots: 0.56ms
[2232.849s][info][gc,phases      ] GC(276)   Evacuate Collection Set: 145.22ms
[2232.849s][info][gc,phases      ] GC(276)   Post Evacuate Collection Set: 1.02ms
[2232.849s][info][gc,phases      ] GC(276)   Other: 0.09ms
[2232.849s][info][gc,heap        ] GC(276) Eden regions: 571->0(572)
[2232.849s][info][gc,heap        ] GC(276) Survivor regions: 43->42(77)
[2232.849s][info][gc,heap        ] GC(276) Old regions: 223->230
[2232.849s][info][gc,heap        ] GC(276) Humongous regions: 33->33
[2232.849s][info][gc,metaspace   ] GC(276) Metaspace: 29993K(30528K)->29993K(30528K) NonClass: 26592K(26880K)->26592K(26880K) Class: 3400K(3648K)->3400K(3648K)
[2232.849s][info][gc             ] GC(276) Pause Young (Normal) (G1 Evacuation Pause) 6941M->2422M(8192M) 147.317ms
[2232.849s][info][gc,cpu         ] GC(276) User=1.16s Sys=0.01s Real=0.15s
... (rIR:aIR:PR = 2352:2353:2353) (tPR = 35043) [OK] 
  2234s: Performance info:
         Transaction,    Success,    Partial,     Failed,   Receipts, AvgBarcode, 
             Overall,     141314,          0,          0,     134255,      59.47, 
         Response times:
             Request,    Success,    Partial,     Failed,   SkipFail,     Probes,    Samples,      min,      p50,      p90,      p95,      p99,      max, 
       TotalPurchase,     134255,          0,          0,          0,     130496,     140789,      300,     1700,     2700,     3000,     5400,   161000,
     InStorePurchase,      70647,          0,          0,          0,      68902,      74072,      300,     1700,     2700,     3000,     6100,   157000,
      OnlinePurchase,      49460,          0,          0,          0,      47951,      51656,      300,     1600,     2700,     3000,     5300,   161000,
        InstPurchase,      14148,          0,          0,          0,      13643,      15061,      400,     1500,     2700,     3000,     5200,   157000,
          AssocOfCat,        139,          0,          0,          0,        110,        175,    18900,    26000,    30000,    31200,    40960,    44000,
      AssocOfProduct,       1415,          0,          0,          0,       1255,       1479,      400,     2000,     2900,     3200,     7040,   150000,
      BusinessReport,        355,          0,          0,          0,        250,        334,    21000,    29000,    33000,    36250,    47650,    54000,
          CustBuyBeh,       1412,          0,          0,          0,       1264,       1507,      200,     1600,     2600,     2900,    12436,   153000,
       ProductReturn,       3738,          0,          0,          0,       3434,       3874,      200,     1400,     2600,     2900,     5300,   153000,

  2234s: (18%)   IR =   2491 ........|.....[2248.376s][info][gc,start       ] GC(277) Pause Young (Normal) (G1 Evacuation Pause)
[2248.376s][info][gc,task        ] GC(277) Using 8 workers of 8 for evacuation
[2248.524s][info][gc,phases      ] GC(277)   Pre Evacuate Collection Set: 0.29ms
[2248.524s][info][gc,phases      ] GC(277)   Merge Heap Roots: 0.60ms
[2248.524s][info][gc,phases      ] GC(277)   Evacuate Collection Set: 145.98ms
[2248.524s][info][gc,phases      ] GC(277)   Post Evacuate Collection Set: 1.07ms
[2248.525s][info][gc,phases      ] GC(277)   Other: 0.06ms
[2248.525s][info][gc,heap        ] GC(277) Eden regions: 572->0(571)
[2248.525s][info][gc,heap        ] GC(277) Survivor regions: 42->43(77)
[2248.525s][info][gc,heap        ] GC(277) Old regions: 230->236
[2248.525s][info][gc,heap        ] GC(277) Humongous regions: 33->33
[2248.525s][info][gc,metaspace   ] GC(277) Metaspace: 29993K(30528K)->29993K(30528K) NonClass: 26592K(26880K)->26592K(26880K) Class: 3400K(3648K)->3400K(3648K)
[2248.525s][info][gc             ] GC(277) Pause Young (Normal) (G1 Evacuation Pause) 6998M->2479M(8192M) 148.150ms
[2248.525s][info][gc,cpu         ] GC(277) User=1.17s Sys=0.00s Real=0.14s
...............[2263.826s][info][gc,start       ] GC(278) Pause Young (Normal) (G1 Evacuation Pause)
[2263.826s][info][gc,task        ] GC(278) Using 8 workers of 8 for evacuation
[2263.973s][info][gc,phases      ] GC(278)   Pre Evacuate Collection Set: 0.28ms
[2263.973s][info][gc,phases      ] GC(278)   Merge Heap Roots: 0.60ms
[2263.973s][info][gc,phases      ] GC(278)   Evacuate Collection Set: 145.20ms
[2263.973s][info][gc,phases      ] GC(278)   Post Evacuate Collection Set: 1.03ms
[2263.973s][info][gc,phases      ] GC(278)   Other: 0.07ms
[2263.973s][info][gc,heap        ] GC(278) Eden regions: 571->0(572)
[2263.973s][info][gc,heap        ] GC(278) Survivor regions: 43->42(77)
[2263.973s][info][gc,heap        ] GC(278) Old regions: 236->243
[2263.973s][info][gc,heap        ] GC(278) Humongous regions: 33->33
[2263.973s][info][gc,metaspace   ] GC(278) Metaspace: 29993K(30528K)->29993K(30528K) NonClass: 26592K(26880K)->26592K(26880K) Class: 3400K(3648K)->3400K(3648K)
[2263.973s][info][gc             ] GC(278) Pause Young (Normal) (G1 Evacuation Pause) 7047M->2531M(8192M) 147.319ms
[2263.973s][info][gc,cpu         ] GC(278) User=1.16s Sys=0.00s Real=0.14s
................[2279.415s][info][gc,start       ] GC(279) Pause Young (Normal) (G1 Evacuation Pause)
[2279.415s][info][gc,task        ] GC(279) Using 8 workers of 8 for evacuation
[2279.565s][info][gc,phases      ] GC(279)   Pre Evacuate Collection Set: 0.24ms
[2279.565s][info][gc,phases      ] GC(279)   Merge Heap Roots: 0.51ms
[2279.565s][info][gc,phases      ] GC(279)   Evacuate Collection Set: 147.84ms
[2279.565s][info][gc,phases      ] GC(279)   Post Evacuate Collection Set: 1.04ms
[2279.565s][info][gc,phases      ] GC(279)   Other: 0.06ms
[2279.565s][info][gc,heap        ] GC(279) Eden regions: 572->0(571)
[2279.565s][info][gc,heap        ] GC(279) Survivor regions: 42->43(77)
[2279.565s][info][gc,heap        ] GC(279) Old regions: 243->250
[2279.565s][info][gc,heap        ] GC(279) Humongous regions: 33->33
[2279.565s][info][gc,metaspace   ] GC(279) Metaspace: 29996K(30528K)->29996K(30528K) NonClass: 26595K(26880K)->26595K(26880K) Class: 3400K(3648K)->3400K(3648K)
[2279.565s][info][gc             ] GC(279) Pause Young (Normal) (G1 Evacuation Pause) 7107M->2595M(8192M) 149.826ms
[2279.565s][info][gc,cpu         ] GC(279) User=1.19s Sys=0.00s Real=0.15s
...............[2294.786s][info][gc,start       ] GC(280) Pause Young (Normal) (G1 Evacuation Pause)
[2294.786s][info][gc,task        ] GC(280) Using 8 workers of 8 for evacuation
[2294.934s][info][gc,phases      ] GC(280)   Pre Evacuate Collection Set: 0.28ms
[2294.934s][info][gc,phases      ] GC(280)   Merge Heap Roots: 0.65ms
[2294.934s][info][gc,phases      ] GC(280)   Evacuate Collection Set: 145.84ms
[2294.934s][info][gc,phases      ] GC(280)   Post Evacuate Collection Set: 1.02ms
[2294.934s][info][gc,phases      ] GC(280)   Other: 0.46ms
[2294.934s][info][gc,heap        ] GC(280) Eden regions: 571->0(571)
[2294.934s][info][gc,heap        ] GC(280) Survivor regions: 43->43(77)
[2294.934s][info][gc,heap        ] GC(280) Old regions: 250->257
[2294.934s][info][gc,heap        ] GC(280) Humongous regions: 33->33
[2294.934s][info][gc,metaspace   ] GC(280) Metaspace: 29996K(30528K)->29996K(30528K) NonClass: 26595K(26880K)->26595K(26880K) Class: 3400K(3648K)->3400K(3648K)
[2294.934s][info][gc             ] GC(280) Pause Young (Normal) (G1 Evacuation Pause) 7163M->2651M(8192M) 148.393ms
[2294.934s][info][gc,cpu         ] GC(280) User=1.17s Sys=0.00s Real=0.14s
......... (rIR:aIR:PR = 2491:2490:2490) (tPR = 37054) [OK] 
  2302s: Performance info:
         Transaction,    Success,    Partial,     Failed,   Receipts, AvgBarcode, 
             Overall,     149453,          0,          0,     141981,      59.47, 
         Response times:
             Request,    Success,    Partial,     Failed,   SkipFail,     Probes,    Samples,      min,      p50,      p90,      p95,      p99,      max, 
       TotalPurchase,     141981,          0,          0,          0,     138784,     158598,      300,     1800,     2900,     3100,     5000,   161000,
     InStorePurchase,      74723,          0,          0,          0,      72970,      83076,      300,     1700,     2800,     3100,     5100,   157000,
      OnlinePurchase,      52289,          0,          0,          0,      51360,      58799,      300,     1800,     2900,     3200,     5000,   161000,
        InstPurchase,      14969,          0,          0,          0,      14454,      16723,      400,     1700,     2900,     3100,     4800,   157000,
          AssocOfCat,        152,          0,          0,          0,        111,        171,    18000,    26000,    33800,    41000,   165040,   196000,
      AssocOfProduct,       1489,          0,          0,          0,       1320,       1645,      600,     2100,     3100,     3400,     5132,    17100,
      BusinessReport,        372,          0,          0,          0,        304,        431,    21000,    29000,    37000,    47000,    58680,   210000,
          CustBuyBeh,       1499,          0,          0,          0,       1335,       1626,      200,     1350,     2600,     2865,     3700,   153000,
       ProductReturn,       3960,          0,          0,          0,       3722,       4467,      200,     1900,     2900,     3200,    12028,   157000,

  2302s: (19%)   IR =   2629 ......[2309.875s][info][gc,start       ] GC(281) Pause Young (Normal) (G1 Evacuation Pause)
[2309.875s][info][gc,task        ] GC(281) Using 8 workers of 8 for evacuation
[2310.022s][info][gc,phases      ] GC(281)   Pre Evacuate Collection Set: 0.24ms
[2310.022s][info][gc,phases      ] GC(281)   Merge Heap Roots: 0.53ms
[2310.022s][info][gc,phases      ] GC(281)   Evacuate Collection Set: 144.75ms
[2310.022s][info][gc,phases      ] GC(281)   Post Evacuate Collection Set: 1.07ms
[2310.022s][info][gc,phases      ] GC(281)   Other: 0.06ms
[2310.022s][info][gc,heap        ] GC(281) Eden regions: 571->0(572)
[2310.022s][info][gc,heap        ] GC(281) Survivor regions: 43->42(77)
[2310.022s][info][gc,heap        ] GC(281) Old regions: 257->264
[2310.022s][info][gc,heap        ] GC(281) Humongous regions: 33->33
[2310.022s][info][gc,metaspace   ] GC(281) Metaspace: 29996K(30528K)->29996K(30528K) NonClass: 26595K(26880K)->26595K(26880K) Class: 3400K(3648K)->3400K(3648K)
[2310.022s][info][gc             ] GC(281) Pause Young (Normal) (G1 Evacuation Pause) 7219M->2694M(8192M) 146.795ms
[2310.022s][info][gc,cpu         ] GC(281) User=1.16s Sys=0.00s Real=0.15s
...|............[2324.642s][info][gc,start       ] GC(282) Pause Young (Normal) (G1 Evacuation Pause)
[2324.642s][info][gc,task        ] GC(282) Using 8 workers of 8 for evacuation
[2324.790s][info][gc,phases      ] GC(282)   Pre Evacuate Collection Set: 0.26ms
[2324.790s][info][gc,phases      ] GC(282)   Merge Heap Roots: 0.58ms
[2324.790s][info][gc,phases      ] GC(282)   Evacuate Collection Set: 145.87ms
[2324.790s][info][gc,phases      ] GC(282)   Post Evacuate Collection Set: 1.06ms
[2324.790s][info][gc,phases      ] GC(282)   Other: 0.06ms
[2324.790s][info][gc,heap        ] GC(282) Eden regions: 572->0(571)
[2324.790s][info][gc,heap        ] GC(282) Survivor regions: 42->43(77)
[2324.790s][info][gc,heap        ] GC(282) Old regions: 264->271
[2324.790s][info][gc,heap        ] GC(282) Humongous regions: 33->33
[2324.790s][info][gc,metaspace   ] GC(282) Metaspace: 29996K(30528K)->29996K(30528K) NonClass: 26595K(26880K)->26595K(26880K) Class: 3400K(3648K)->3400K(3648K)
[2324.790s][info][gc             ] GC(282) Pause Young (Normal) (G1 Evacuation Pause) 7270M->2759M(8192M) 147.949ms
[2324.790s][info][gc,cpu         ] GC(282) User=1.17s Sys=0.00s Real=0.15s
...............[2339.348s][info][gc,start       ] GC(283) Pause Young (Normal) (G1 Evacuation Pause)
[2339.348s][info][gc,task        ] GC(283) Using 8 workers of 8 for evacuation
[2339.495s][info][gc,phases      ] GC(283)   Pre Evacuate Collection Set: 0.30ms
[2339.495s][info][gc,phases      ] GC(283)   Merge Heap Roots: 0.60ms
[2339.495s][info][gc,phases      ] GC(283)   Evacuate Collection Set: 145.15ms
[2339.495s][info][gc,phases      ] GC(283)   Post Evacuate Collection Set: 1.02ms
[2339.495s][info][gc,phases      ] GC(283)   Other: 0.07ms
[2339.495s][info][gc,heap        ] GC(283) Eden regions: 571->0(572)
[2339.495s][info][gc,heap        ] GC(283) Survivor regions: 43->42(77)
[2339.495s][info][gc,heap        ] GC(283) Old regions: 271->278
[2339.495s][info][gc,heap        ] GC(283) Humongous regions: 33->33
[2339.495s][info][gc,metaspace   ] GC(283) Metaspace: 29996K(30528K)->29996K(30528K) NonClass: 26595K(26880K)->26595K(26880K) Class: 3400K(3648K)->3400K(3648K)
[2339.495s][info][gc             ] GC(283) Pause Young (Normal) (G1 Evacuation Pause) 7327M->2810M(8192M) 147.266ms
[2339.495s][info][gc,cpu         ] GC(283) User=1.16s Sys=0.00s Real=0.14s
..............[2354.133s][info][gc,start       ] GC(284) Pause Young (Normal) (G1 Evacuation Pause)
[2354.133s][info][gc,task        ] GC(284) Using 8 workers of 8 for evacuation
[2354.281s][info][gc,phases      ] GC(284)   Pre Evacuate Collection Set: 0.27ms
[2354.281s][info][gc,phases      ] GC(284)   Merge Heap Roots: 0.58ms
[2354.281s][info][gc,phases      ] GC(284)   Evacuate Collection Set: 146.49ms
[2354.281s][info][gc,phases      ] GC(284)   Post Evacuate Collection Set: 1.07ms
[2354.281s][info][gc,phases      ] GC(284)   Other: 0.07ms
[2354.281s][info][gc,heap        ] GC(284) Eden regions: 572->0(570)
[2354.281s][info][gc,heap        ] GC(284) Survivor regions: 42->42(77)
[2354.281s][info][gc,heap        ] GC(284) Old regions: 278->285
[2354.281s][info][gc,heap        ] GC(284) Humongous regions: 33->33
[2354.281s][info][gc,metaspace   ] GC(284) Metaspace: 29996K(30528K)->29996K(30528K) NonClass: 26595K(26880K)->26595K(26880K) Class: 3400K(3648K)->3400K(3648K)
[2354.281s][info][gc             ] GC(284) Pause Young (Normal) (G1 Evacuation Pause) 7386M->2864M(8192M) 148.623ms
[2354.281s][info][gc,cpu         ] GC(284) User=1.18s Sys=0.00s Real=0.15s
...............[2368.739s][info][gc,start       ] GC(285) Pause Young (Normal) (G1 Evacuation Pause)
[2368.739s][info][gc,task        ] GC(285) Using 8 workers of 8 for evacuation
[2368.887s][info][gc,phases      ] GC(285)   Pre Evacuate Collection Set: 0.23ms
[2368.887s][info][gc,phases      ] GC(285)   Merge Heap Roots: 0.51ms
[2368.887s][info][gc,phases      ] GC(285)   Evacuate Collection Set: 145.38ms
[2368.887s][info][gc,phases      ] GC(285)   Post Evacuate Collection Set: 1.06ms
[2368.887s][info][gc,phases      ] GC(285)   Other: 0.06ms
[2368.887s][info][gc,heap        ] GC(285) Eden regions: 570->0(561)
[2368.887s][info][gc,heap        ] GC(285) Survivor regions: 42->43(77)
[2368.887s][info][gc,heap        ] GC(285) Old regions: 285->292
[2368.887s][info][gc,heap        ] GC(285) Humongous regions: 33->33
[2368.887s][info][gc,metaspace   ] GC(285) Metaspace: 29996K(30528K)->29996K(30528K) NonClass: 26595K(26880K)->26595K(26880K) Class: 3400K(3648K)->3400K(3648K)
[2368.887s][info][gc             ] GC(285) Pause Young (Normal) (G1 Evacuation Pause) 7424M->2923M(8192M) 147.369ms
[2368.887s][info][gc,cpu         ] GC(285) User=1.17s Sys=0.00s Real=0.15s
.... (rIR:aIR:PR = 2629:2629:2629) (tPR = 38796) [OK] 
  2372s: Performance info:
         Transaction,    Success,    Partial,     Failed,   Receipts, AvgBarcode, 
             Overall,     158187,          0,          0,     150286,      59.47, 
         Response times:
             Request,    Success,    Partial,     Failed,   SkipFail,     Probes,    Samples,      min,      p50,      p90,      p95,      p99,      max, 
       TotalPurchase,     150286,          0,          0,          0,     146520,     170283,      300,     1800,     3000,     3300,     5500,   156000,
     InStorePurchase,      79029,          0,          0,          0,      77510,      89805,      300,     1800,     3000,     3300,     5900,   156000,
      OnlinePurchase,      55413,          0,          0,          0,      53748,      62504,      300,     1900,     3100,     3400,     5500,   155000,
        InstPurchase,      15844,          0,          0,          0,      15262,      17974,      500,     1800,     3000,     3400,     5400,   155000,
          AssocOfCat,        160,          0,          0,          0,        111,        171,    19100,    26000,    29000,    31000,    36400,    40000,
      AssocOfProduct,       1572,          0,          0,          0,       1421,       1823,      400,     2300,     3300,     3600,     8788,   155000,
      BusinessReport,        391,          0,          0,          0,        306,        426,    21000,    29000,    35300,    40000,    49000,   197000,
          CustBuyBeh,       1574,          0,          0,          0,       1445,       1826,      100,     1300,     2800,     3100,     4173,    26000,
       ProductReturn,       4204,          0,          0,          0,       3891,       4663,      200,     1800,     3000,     3300,     6400,   155000,

  2372s: (20%)   IR =   2767 .......|...[2382.681s][info][gc,start       ] GC(286) Pause Young (Normal) (G1 Evacuation Pause)
[2382.681s][info][gc,task        ] GC(286) Using 8 workers of 8 for evacuation
[2382.828s][info][gc,phases      ] GC(286)   Pre Evacuate Collection Set: 0.29ms
[2382.828s][info][gc,phases      ] GC(286)   Merge Heap Roots: 0.65ms
[2382.828s][info][gc,phases      ] GC(286)   Evacuate Collection Set: 145.26ms
[2382.828s][info][gc,phases      ] GC(286)   Post Evacuate Collection Set: 1.03ms
[2382.828s][info][gc,phases      ] GC(286)   Other: 0.07ms
[2382.828s][info][gc,heap        ] GC(286) Eden regions: 561->0(554)
[2382.828s][info][gc,heap        ] GC(286) Survivor regions: 43->43(76)
[2382.828s][info][gc,heap        ] GC(286) Old regions: 292->299
[2382.828s][info][gc,heap        ] GC(286) Humongous regions: 33->33
[2382.828s][info][gc,metaspace   ] GC(286) Metaspace: 29996K(30528K)->29996K(30528K) NonClass: 26595K(26880K)->26595K(26880K) Class: 3400K(3648K)->3400K(3648K)
[2382.828s][info][gc             ] GC(286) Pause Young (Normal) (G1 Evacuation Pause) 7411M->2979M(8192M) 147.444ms
[2382.828s][info][gc,cpu         ] GC(286) User=1.17s Sys=0.00s Real=0.15s
.............[2396.222s][info][gc,start       ] GC(287) Pause Young (Normal) (G1 Evacuation Pause)
[2396.222s][info][gc,task        ] GC(287) Using 8 workers of 8 for evacuation
[2396.368s][info][gc,phases      ] GC(287)   Pre Evacuate Collection Set: 0.23ms
[2396.369s][info][gc,phases      ] GC(287)   Merge Heap Roots: 0.52ms
[2396.369s][info][gc,phases      ] GC(287)   Evacuate Collection Set: 144.25ms
[2396.369s][info][gc,phases      ] GC(287)   Post Evacuate Collection Set: 1.05ms
[2396.369s][info][gc,phases      ] GC(287)   Other: 0.06ms
[2396.369s][info][gc,heap        ] GC(287) Eden regions: 554->0(549)
[2396.369s][info][gc,heap        ] GC(287) Survivor regions: 43->42(75)
[2396.369s][info][gc,heap        ] GC(287) Old regions: 299->306
[2396.369s][info][gc,heap        ] GC(287) Humongous regions: 33->33
[2396.369s][info][gc,metaspace   ] GC(287) Metaspace: 29996K(30528K)->29996K(30528K) NonClass: 26595K(26880K)->26595K(26880K) Class: 3400K(3648K)->3400K(3648K)
[2396.369s][info][gc             ] GC(287) Pause Young (Normal) (G1 Evacuation Pause) 7411M->3032M(8192M) 146.249ms
[2396.369s][info][gc,cpu         ] GC(287) User=1.16s Sys=0.00s Real=0.15s
..............[2409.662s][info][gc,start       ] GC(288) Pause Young (Normal) (G1 Evacuation Pause)
[2409.662s][info][gc,task        ] GC(288) Using 8 workers of 8 for evacuation
[2409.808s][info][gc,phases      ] GC(288)   Pre Evacuate Collection Set: 0.24ms
[2409.808s][info][gc,phases      ] GC(288)   Merge Heap Roots: 0.56ms
[2409.808s][info][gc,phases      ] GC(288)   Evacuate Collection Set: 144.51ms
[2409.808s][info][gc,phases      ] GC(288)   Post Evacuate Collection Set: 1.03ms
[2409.808s][info][gc,phases      ] GC(288)   Other: 0.06ms
[2409.808s][info][gc,heap        ] GC(288) Eden regions: 549->0(542)
[2409.808s][info][gc,heap        ] GC(288) Survivor regions: 42->42(74)
[2409.808s][info][gc,heap        ] GC(288) Old regions: 306->313
[2409.808s][info][gc,heap        ] GC(288) Humongous regions: 33->33
[2409.808s][info][gc,metaspace   ] GC(288) Metaspace: 29996K(30528K)->29996K(30528K) NonClass: 26595K(26880K)->26595K(26880K) Class: 3400K(3648K)->3400K(3648K)
[2409.808s][info][gc             ] GC(288) Pause Young (Normal) (G1 Evacuation Pause) 7424M->3087M(8192M) 146.531ms
[2409.809s][info][gc,cpu         ] GC(288) User=1.16s Sys=0.00s Real=0.15s
.............[2422.803s][info][gc,start       ] GC(289) Pause Young (Normal) (G1 Evacuation Pause)
[2422.803s][info][gc,task        ] GC(289) Using 8 workers of 8 for evacuation
[2422.950s][info][gc,phases      ] GC(289)   Pre Evacuate Collection Set: 0.25ms
[2422.950s][info][gc,phases      ] GC(289)   Merge Heap Roots: 0.51ms
[2422.950s][info][gc,phases      ] GC(289)   Evacuate Collection Set: 145.19ms
[2422.950s][info][gc,phases      ] GC(289)   Post Evacuate Collection Set: 1.02ms
[2422.950s][info][gc,phases      ] GC(289)   Other: 0.07ms
[2422.950s][info][gc,heap        ] GC(289) Eden regions: 542->0(536)
[2422.950s][info][gc,heap        ] GC(289) Survivor regions: 42->41(73)
[2422.950s][info][gc,heap        ] GC(289) Old regions: 313->321
[2422.950s][info][gc,heap        ] GC(289) Humongous regions: 33->33
[2422.950s][info][gc,metaspace   ] GC(289) Metaspace: 29996K(30528K)->29996K(30528K) NonClass: 26595K(26880K)->26595K(26880K) Class: 3400K(3648K)->3400K(3648K)
[2422.950s][info][gc             ] GC(289) Pause Young (Normal) (G1 Evacuation Pause) 7423M->3141M(8192M) 147.164ms
[2422.950s][info][gc,cpu         ] GC(289) User=1.17s Sys=0.00s Real=0.15s
.............[2435.922s][info][gc,start       ] GC(290) Pause Young (Concurrent Start) (G1 Evacuation Pause)
[2435.922s][info][gc,task        ] GC(290) Using 8 workers of 8 for evacuation
[2436.067s][info][gc,phases      ] GC(290)   Pre Evacuate Collection Set: 0.29ms
[2436.067s][info][gc,phases      ] GC(290)   Merge Heap Roots: 0.52ms
[2436.067s][info][gc,phases      ] GC(290)   Evacuate Collection Set: 142.76ms
[2436.067s][info][gc,phases      ] GC(290)   Post Evacuate Collection Set: 1.00ms
[2436.067s][info][gc,phases      ] GC(290)   Other: 0.11ms
[2436.067s][info][gc,heap        ] GC(290) Eden regions: 536->0(529)
[2436.067s][info][gc,heap        ] GC(290) Survivor regions: 41->41(73)
[2436.067s][info][gc,heap        ] GC(290) Old regions: 321->328
[2436.067s][info][gc,heap        ] GC(290) Humongous regions: 33->33
[2436.067s][info][gc,metaspace   ] GC(290) Metaspace: 29996K(30528K)->29996K(30528K) NonClass: 26595K(26880K)->26595K(26880K) Class: 3400K(3648K)->3400K(3648K)
[2436.067s][info][gc             ] GC(290) Pause Young (Concurrent Start) (G1 Evacuation Pause) 7429M->3193M(8192M) 144.808ms
[2436.067s][info][gc             ] GC(291) Concurrent Mark Cycle
[2436.067s][info][gc,marking     ] GC(291) Concurrent Scan Root Regions
[2436.067s][info][gc,cpu         ] GC(290) User=1.14s Sys=0.00s Real=0.15s
[2436.277s][info][gc,marking     ] GC(291) Concurrent Scan Root Regions 209.629ms
[2436.277s][info][gc,marking     ] GC(291) Concurrent Mark
[2436.277s][info][gc,marking     ] GC(291) Concurrent Mark From Roots
[2436.277s][info][gc,task        ] GC(291) Using 2 workers of 2 for marking
.[2436.782s][info][gc,marking     ] GC(291) Concurrent Mark From Roots 505.201ms
[2436.782s][info][gc,marking     ] GC(291) Concurrent Preclean
[2436.782s][info][gc,marking     ] GC(291) Concurrent Preclean 0.138ms
[2436.782s][info][gc,start       ] GC(291) Pause Remark
[2436.784s][info][gc             ] GC(291) Pause Remark 3498M->2778M(8192M) 1.842ms
[2436.784s][info][gc,cpu         ] GC(291) User=0.00s Sys=0.00s Real=0.00s
[2436.784s][info][gc,marking     ] GC(291) Concurrent Mark 507.465ms
[2436.784s][info][gc,marking     ] GC(291) Concurrent Rebuild Remembered Sets and Scrub Regions
[2437.112s][info][gc,marking     ] GC(291) Concurrent Rebuild Remembered Sets and Scrub Regions 328.050ms
[2437.113s][info][gc,start       ] GC(291) Pause Cleanup
[2437.113s][info][gc             ] GC(291) Pause Cleanup 2893M->2893M(8192M) 0.246ms
[2437.113s][info][gc,cpu         ] GC(291) User=0.00s Sys=0.00s Real=0.00s
[2437.113s][info][gc,marking     ] GC(291) Concurrent Clear Claimed Marks
[2437.113s][info][gc,marking     ] GC(291) Concurrent Clear Claimed Marks 0.042ms
[2437.113s][info][gc,marking     ] GC(291) Concurrent Cleanup for Next Mark
[2437.122s][info][gc,marking     ] GC(291) Concurrent Cleanup for Next Mark 8.686ms
[2437.122s][info][gc             ] GC(291) Concurrent Mark Cycle 1054.478ms
... (rIR:aIR:PR = 2767:2766:2766) (tPR = 41043) [OK] 
  2439s: Performance info:
         Transaction,    Success,    Partial,     Failed,   Receipts, AvgBarcode, 
             Overall,     166175,          0,          0,     157863,      59.47, 
         Response times:
             Request,    Success,    Partial,     Failed,   SkipFail,     Probes,    Samples,      min,      p50,      p90,      p95,      p99,      max, 
       TotalPurchase,     157863,          0,          0,          0,     153753,     173605,      300,     1900,     3200,     3500,     7400,   158000,
     InStorePurchase,      83108,          0,          0,          0,      81099,      91256,      400,     1800,     3100,     3500,     7100,   158000,
      OnlinePurchase,      58114,          0,          0,          0,      56646,      64002,      300,     2000,     3200,     3500,     8197,   155000,
        InstPurchase,      16641,          0,          0,          0,      16008,      18347,      500,     2000,     3200,     3500,     8252,   154000,
          AssocOfCat,        166,          0,          0,          0,        125,        192,    19000,    26000,    30700,    32350,    44210,    47000,
      AssocOfProduct,       1666,          0,          0,          0,       1493,       1876,      300,     1700,     3200,     3600,    18700,   157000,
      BusinessReport,        414,          0,          0,          0,        342,        483,    21000,    30000,    36000,    40800,    50160,    73000,
          CustBuyBeh,       1663,          0,          0,          0,       1509,       1871,      300,     1900,     3100,     3400,     5200,   151000,
       ProductReturn,       4403,          0,          0,          0,       4080,       4780,      200,     1900,     3100,     3400,    13138,   152000,

  2439s: (21%)   IR =   2906 .....|...[2448.338s][info][gc,start       ] GC(292) Pause Young (Prepare Mixed) (G1 Evacuation Pause)
[2448.338s][info][gc,task        ] GC(292) Using 8 workers of 8 for evacuation
[2448.485s][info][gc,phases      ] GC(292)   Pre Evacuate Collection Set: 0.28ms
[2448.485s][info][gc,phases      ] GC(292)   Merge Heap Roots: 0.61ms
[2448.485s][info][gc,phases      ] GC(292)   Evacuate Collection Set: 145.03ms
[2448.485s][info][gc,phases      ] GC(292)   Post Evacuate Collection Set: 1.12ms
[2448.485s][info][gc,phases      ] GC(292)   Other: 0.08ms
[2448.485s][info][gc,heap        ] GC(292) Eden regions: 529->0(572)
[2448.485s][info][gc,heap        ] GC(292) Survivor regions: 41->42(72)
[2448.485s][info][gc,heap        ] GC(292) Old regions: 238->245
[2448.485s][info][gc,heap        ] GC(292) Humongous regions: 33->33
[2448.485s][info][gc,metaspace   ] GC(292) Metaspace: 29996K(30528K)->29996K(30528K) NonClass: 26595K(26880K)->26595K(26880K) Class: 3400K(3648K)->3400K(3648K)
[2448.485s][info][gc             ] GC(292) Pause Young (Prepare Mixed) (G1 Evacuation Pause) 6705M->2538M(8192M) 147.238ms
[2448.485s][info][gc,cpu         ] GC(292) User=1.17s Sys=0.00s Real=0.14s
..............[2461.717s][info][gc,start       ] GC(293) Pause Young (Mixed) (G1 Evacuation Pause)
[2461.717s][info][gc,task        ] GC(293) Using 8 workers of 8 for evacuation
[2461.873s][info][gc,phases      ] GC(293)   Pre Evacuate Collection Set: 0.30ms
[2461.873s][info][gc,phases      ] GC(293)   Merge Heap Roots: 0.92ms
[2461.873s][info][gc,phases      ] GC(293)   Evacuate Collection Set: 153.47ms
[2461.873s][info][gc,phases      ] GC(293)   Post Evacuate Collection Set: 1.24ms
[2461.873s][info][gc,phases      ] GC(293)   Other: 0.09ms
[2461.873s][info][gc,heap        ] GC(293) Eden regions: 572->0(572)
[2461.873s][info][gc,heap        ] GC(293) Survivor regions: 42->42(77)
[2461.873s][info][gc,heap        ] GC(293) Old regions: 245->150
[2461.873s][info][gc,heap        ] GC(293) Humongous regions: 33->33
[2461.873s][info][gc,metaspace   ] GC(293) Metaspace: 29996K(30528K)->29996K(30528K) NonClass: 26595K(26880K)->26595K(26880K) Class: 3400K(3648K)->3400K(3648K)
[2461.873s][info][gc             ] GC(293) Pause Young (Mixed) (G1 Evacuation Pause) 7114M->1782M(8192M) 156.169ms
[2461.873s][info][gc,cpu         ] GC(293) User=1.23s Sys=0.00s Real=0.15s
.............[2475.001s][info][gc,start       ] GC(294) Pause Young (Mixed) (G1 Evacuation Pause)
[2475.001s][info][gc,task        ] GC(294) Using 8 workers of 8 for evacuation
[2475.155s][info][gc,phases      ] GC(294)   Pre Evacuate Collection Set: 0.31ms
[2475.155s][info][gc,phases      ] GC(294)   Merge Heap Roots: 0.74ms
[2475.155s][info][gc,phases      ] GC(294)   Evacuate Collection Set: 152.51ms
[2475.155s][info][gc,phases      ] GC(294)   Post Evacuate Collection Set: 1.05ms
[2475.155s][info][gc,phases      ] GC(294)   Other: 0.08ms
[2475.155s][info][gc,heap        ] GC(294) Eden regions: 572->0(570)
[2475.155s][info][gc,heap        ] GC(294) Survivor regions: 42->44(77)
[2475.155s][info][gc,heap        ] GC(294) Old regions: 150->141
[2475.155s][info][gc,heap        ] GC(294) Humongous regions: 33->33
[2475.155s][info][gc,metaspace   ] GC(294) Metaspace: 29996K(30528K)->29996K(30528K) NonClass: 26595K(26880K)->26595K(26880K) Class: 3400K(3648K)->3400K(3648K)
[2475.155s][info][gc             ] GC(294) Pause Young (Mixed) (G1 Evacuation Pause) 6358M->1731M(8192M) 154.824ms
[2475.156s][info][gc,cpu         ] GC(294) User=1.23s Sys=0.00s Real=0.15s
.............[2488.228s][info][gc,start       ] GC(295) Pause Young (Normal) (G1 Evacuation Pause)
[2488.228s][info][gc,task        ] GC(295) Using 8 workers of 8 for evacuation
[2488.375s][info][gc,phases      ] GC(295)   Pre Evacuate Collection Set: 0.24ms
[2488.376s][info][gc,phases      ] GC(295)   Merge Heap Roots: 0.58ms
[2488.376s][info][gc,phases      ] GC(295)   Evacuate Collection Set: 145.33ms
[2488.376s][info][gc,phases      ] GC(295)   Post Evacuate Collection Set: 1.02ms
[2488.376s][info][gc,phases      ] GC(295)   Other: 0.06ms
[2488.376s][info][gc,heap        ] GC(295) Eden regions: 570->0(572)
[2488.376s][info][gc,heap        ] GC(295) Survivor regions: 44->42(77)
[2488.376s][info][gc,heap        ] GC(295) Old regions: 141->148
[2488.376s][info][gc,heap        ] GC(295) Humongous regions: 33->33
[2488.376s][info][gc,metaspace   ] GC(295) Metaspace: 29996K(30528K)->29996K(30528K) NonClass: 26595K(26880K)->26595K(26880K) Class: 3400K(3648K)->3400K(3648K)
[2488.376s][info][gc             ] GC(295) Pause Young (Normal) (G1 Evacuation Pause) 6291M->1770M(8192M) 147.397ms
[2488.376s][info][gc,cpu         ] GC(295) User=1.16s Sys=0.00s Real=0.14s
.............[2501.508s][info][gc,start       ] GC(296) Pause Young (Normal) (G1 Evacuation Pause)
[2501.508s][info][gc,task        ] GC(296) Using 8 workers of 8 for evacuation
[2501.656s][info][gc,phases      ] GC(296)   Pre Evacuate Collection Set: 0.24ms
[2501.656s][info][gc,phases      ] GC(296)   Merge Heap Roots: 0.51ms
[2501.656s][info][gc,phases      ] GC(296)   Evacuate Collection Set: 146.61ms
[2501.656s][info][gc,phases      ] GC(296)   Post Evacuate Collection Set: 1.07ms
[2501.656s][info][gc,phases      ] GC(296)   Other: 0.06ms
[2501.656s][info][gc,heap        ] GC(296) Eden regions: 572->0(572)
[2501.656s][info][gc,heap        ] GC(296) Survivor regions: 42->42(77)
[2501.656s][info][gc,heap        ] GC(296) Old regions: 148->155
[2501.656s][info][gc,heap        ] GC(296) Humongous regions: 33->33
[2501.656s][info][gc,metaspace   ] GC(296) Metaspace: 29996K(30528K)->29996K(30528K) NonClass: 26595K(26880K)->26595K(26880K) Class: 3400K(3648K)->3400K(3648K)
[2501.656s][info][gc             ] GC(296) Pause Young (Normal) (G1 Evacuation Pause) 6346M->1826M(8192M) 148.619ms
[2501.656s][info][gc,cpu         ] GC(296) User=1.18s Sys=0.01s Real=0.15s
.... (rIR:aIR:PR = 2906:2905:2905) (tPR = 43194) [OK] 
  2504s: Performance info:
         Transaction,    Success,    Partial,     Failed,   Receipts, AvgBarcode, 
             Overall,     175023,          0,          0,     166279,      59.47, 
         Response times:
             Request,    Success,    Partial,     Failed,   SkipFail,     Probes,    Samples,      min,      p50,      p90,      p95,      p99,      max, 
       TotalPurchase,     166279,          0,          0,          0,     162082,     176682,      300,     2000,     3300,     3600,     9500,   174000,
     InStorePurchase,      87509,          0,          0,          0,      85437,      92923,      400,     1900,     3200,     3600,     9500,   167000,
      OnlinePurchase,      61267,          0,          0,          0,      59872,      65249,      300,     2000,     3300,     3600,     9200,   165000,
        InstPurchase,      17503,          0,          0,          0,      16773,      18510,      400,     2200,     3400,     3700,    10200,   174000,
          AssocOfCat,        173,          0,          0,          0,        124,        179,    18500,    27000,    31000,    36000,    59000,    59000,
      AssocOfProduct,       1751,          0,          0,          0,       1615,       1919,      500,     2100,     3500,     3800,    11160,   166000,
      BusinessReport,        438,          0,          0,          0,        344,        447,    21000,    30000,    38000,    42600,    66080,   202000,
          CustBuyBeh,       1747,          0,          0,          0,       1589,       1900,      200,      900,     2800,     3200,     6996,    34000,
       ProductReturn,       4635,          0,          0,          0,       4286,       4896,      200,     1900,     3200,     3500,    15515,   161000,

  2504s: (22%)   IR =   3044 ....|.....[2514.326s][info][gc,start       ] GC(297) Pause Young (Normal) (G1 Evacuation Pause)
[2514.326s][info][gc,task        ] GC(297) Using 8 workers of 8 for evacuation
[2514.475s][info][gc,phases      ] GC(297)   Pre Evacuate Collection Set: 0.26ms
[2514.475s][info][gc,phases      ] GC(297)   Merge Heap Roots: 0.50ms
[2514.475s][info][gc,phases      ] GC(297)   Evacuate Collection Set: 146.52ms
[2514.475s][info][gc,phases      ] GC(297)   Post Evacuate Collection Set: 1.06ms
[2514.475s][info][gc,phases      ] GC(297)   Other: 0.07ms
[2514.475s][info][gc,heap        ] GC(297) Eden regions: 572->0(571)
[2514.475s][info][gc,heap        ] GC(297) Survivor regions: 42->43(77)
[2514.475s][info][gc,heap        ] GC(297) Old regions: 155->162
[2514.475s][info][gc,heap        ] GC(297) Humongous regions: 33->33
[2514.475s][info][gc,metaspace   ] GC(297) Metaspace: 29996K(30528K)->29996K(30528K) NonClass: 26595K(26880K)->26595K(26880K) Class: 3400K(3648K)->3400K(3648K)
[2514.475s][info][gc             ] GC(297) Pause Young (Normal) (G1 Evacuation Pause) 6402M->1890M(8192M) 148.546ms
[2514.475s][info][gc,cpu         ] GC(297) User=1.18s Sys=0.00s Real=0.14s
.............[2527.044s][info][gc,start       ] GC(298) Pause Young (Normal) (G1 Evacuation Pause)
[2527.044s][info][gc,task        ] GC(298) Using 8 workers of 8 for evacuation
[2527.191s][info][gc,phases      ] GC(298)   Pre Evacuate Collection Set: 0.26ms
[2527.191s][info][gc,phases      ] GC(298)   Merge Heap Roots: 0.59ms
[2527.191s][info][gc,phases      ] GC(298)   Evacuate Collection Set: 145.06ms
[2527.191s][info][gc,phases      ] GC(298)   Post Evacuate Collection Set: 1.03ms
[2527.191s][info][gc,phases      ] GC(298)   Other: 0.06ms
[2527.191s][info][gc,heap        ] GC(298) Eden regions: 571->0(572)
[2527.191s][info][gc,heap        ] GC(298) Survivor regions: 43->42(77)
[2527.191s][info][gc,heap        ] GC(298) Old regions: 162->169
[2527.191s][info][gc,heap        ] GC(298) Humongous regions: 33->33
[2527.191s][info][gc,metaspace   ] GC(298) Metaspace: 29996K(30528K)->29996K(30528K) NonClass: 26595K(26880K)->26595K(26880K) Class: 3400K(3648K)->3400K(3648K)
[2527.191s][info][gc             ] GC(298) Pause Young (Normal) (G1 Evacuation Pause) 6458M->1938M(8192M) 147.144ms
[2527.191s][info][gc,cpu         ] GC(298) User=1.16s Sys=0.00s Real=0.15s
............[2539.660s][info][gc,start       ] GC(299) Pause Young (Normal) (G1 Evacuation Pause)
[2539.660s][info][gc,task        ] GC(299) Using 8 workers of 8 for evacuation
[2539.808s][info][gc,phases      ] GC(299)   Pre Evacuate Collection Set: 0.27ms
[2539.808s][info][gc,phases      ] GC(299)   Merge Heap Roots: 0.64ms
[2539.808s][info][gc,phases      ] GC(299)   Evacuate Collection Set: 145.33ms
[2539.808s][info][gc,phases      ] GC(299)   Post Evacuate Collection Set: 1.03ms
[2539.808s][info][gc,phases      ] GC(299)   Other: 0.07ms
[2539.808s][info][gc,heap        ] GC(299) Eden regions: 572->0(571)
[2539.808s][info][gc,heap        ] GC(299) Survivor regions: 42->43(77)
[2539.808s][info][gc,heap        ] GC(299) Old regions: 169->176
[2539.808s][info][gc,heap        ] GC(299) Humongous regions: 33->33
[2539.808s][info][gc,metaspace   ] GC(299) Metaspace: 29996K(30528K)->29996K(30528K) NonClass: 26595K(26880K)->26595K(26880K) Class: 3400K(3648K)->3400K(3648K)
[2539.808s][info][gc             ] GC(299) Pause Young (Normal) (G1 Evacuation Pause) 6514M->1999M(8192M) 147.466ms
[2539.808s][info][gc,cpu         ] GC(299) User=1.17s Sys=0.00s Real=0.15s
.............[2552.357s][info][gc,start       ] GC(300) Pause Young (Normal) (G1 Evacuation Pause)
[2552.357s][info][gc,task        ] GC(300) Using 8 workers of 8 for evacuation
[2552.508s][info][gc,phases      ] GC(300)   Pre Evacuate Collection Set: 0.23ms
[2552.508s][info][gc,phases      ] GC(300)   Merge Heap Roots: 0.51ms
[2552.508s][info][gc,phases      ] GC(300)   Evacuate Collection Set: 148.51ms
[2552.508s][info][gc,phases      ] GC(300)   Post Evacuate Collection Set: 1.04ms
[2552.508s][info][gc,phases      ] GC(300)   Other: 0.08ms
[2552.508s][info][gc,heap        ] GC(300) Eden regions: 571->0(571)
[2552.508s][info][gc,heap        ] GC(300) Survivor regions: 43->43(77)
[2552.508s][info][gc,heap        ] GC(300) Old regions: 176->183
[2552.508s][info][gc,heap        ] GC(300) Humongous regions: 33->33
[2552.508s][info][gc,metaspace   ] GC(300) Metaspace: 29996K(30528K)->29996K(30528K) NonClass: 26595K(26880K)->26595K(26880K) Class: 3400K(3648K)->3400K(3648K)
[2552.508s][info][gc             ] GC(300) Pause Young (Normal) (G1 Evacuation Pause) 6567M->2050M(8192M) 150.511ms
[2552.508s][info][gc,cpu         ] GC(300) User=1.19s Sys=0.00s Real=0.15s
.............[2564.998s][info][gc,start       ] GC(301) Pause Young (Normal) (G1 Evacuation Pause)
[2564.998s][info][gc,task        ] GC(301) Using 8 workers of 8 for evacuation
[2565.144s][info][gc,phases      ] GC(301)   Pre Evacuate Collection Set: 0.25ms
[2565.145s][info][gc,phases      ] GC(301)   Merge Heap Roots: 0.59ms
[2565.145s][info][gc,phases      ] GC(301)   Evacuate Collection Set: 144.35ms
[2565.145s][info][gc,phases      ] GC(301)   Post Evacuate Collection Set: 1.01ms
[2565.145s][info][gc,phases      ] GC(301)   Other: 0.06ms
[2565.145s][info][gc,heap        ] GC(301) Eden regions: 571->0(571)
[2565.145s][info][gc,heap        ] GC(301) Survivor regions: 43->43(77)
[2565.145s][info][gc,heap        ] GC(301) Old regions: 183->190
[2565.145s][info][gc,heap        ] GC(301) Humongous regions: 33->33
[2565.145s][info][gc,metaspace   ] GC(301) Metaspace: 29996K(30528K)->29996K(30528K) NonClass: 26595K(26880K)->26595K(26880K) Class: 3400K(3648K)->3400K(3648K)
[2565.145s][info][gc             ] GC(301) Pause Young (Normal) (G1 Evacuation Pause) 6618M->2105M(8192M) 146.376ms
[2565.145s][info][gc,cpu         ] GC(301) User=1.16s Sys=0.00s Real=0.14s
.... (rIR:aIR:PR = 3044:3045:3045) (tPR = 45337) [OK] 
  2568s: Performance info:
         Transaction,    Success,    Partial,     Failed,   Receipts, AvgBarcode, 
             Overall,     183106,          0,          0,     173971,      59.48, 
         Response times:
             Request,    Success,    Partial,     Failed,   SkipFail,     Probes,    Samples,      min,      p50,      p90,      p95,      p99,      max, 
       TotalPurchase,     173972,          0,          0,          0,     169742,     182269,      300,     2000,     3400,     3700,    10300,   158000,
     InStorePurchase,      91548,          0,          0,          0,      89514,      95909,      300,     2000,     3400,     3700,    10100,   157000,
      OnlinePurchase,      64117,          0,          0,          0,      62597,      67173,      300,     2100,     3400,     3800,    11400,   158000,
        InstPurchase,      18307,          0,          0,          0,      17631,      19187,      400,     1900,     3400,     3700,     8300,   157000,
          AssocOfCat,        182,          0,          0,          0,        151,        224,    19200,    27000,    33000,    38750,   179500,   203000,
      AssocOfProduct,       1832,          0,          0,          0,       1663,       1906,      600,     2600,     3700,     4100,    10193,   153000,
      BusinessReport,        456,          0,          0,          0,        381,        497,    24000,    30000,    38000,    43000,    58000,   187000,
          CustBuyBeh,       1827,          0,          0,          0,       1640,       1955,      200,     1700,     3140,     3500,    10420,   156000,
       ProductReturn,       4837,          0,          0,          0,       4572,       5134,      200,     1300,     3100,     3500,     5800,   156000,

  2568s: (23%)   IR =   3183 ....|....[2577.313s][info][gc,start       ] GC(302) Pause Young (Normal) (G1 Evacuation Pause)
[2577.313s][info][gc,task        ] GC(302) Using 8 workers of 8 for evacuation
[2577.460s][info][gc,phases      ] GC(302)   Pre Evacuate Collection Set: 0.24ms
[2577.460s][info][gc,phases      ] GC(302)   Merge Heap Roots: 0.51ms
[2577.460s][info][gc,phases      ] GC(302)   Evacuate Collection Set: 145.54ms
[2577.460s][info][gc,phases      ] GC(302)   Post Evacuate Collection Set: 1.08ms
[2577.460s][info][gc,phases      ] GC(302)   Other: 0.06ms
[2577.460s][info][gc,heap        ] GC(302) Eden regions: 571->0(571)
[2577.460s][info][gc,heap        ] GC(302) Survivor regions: 43->43(77)
[2577.460s][info][gc,heap        ] GC(302) Old regions: 190->197
[2577.460s][info][gc,heap        ] GC(302) Humongous regions: 33->33
[2577.460s][info][gc,metaspace   ] GC(302) Metaspace: 29997K(30528K)->29997K(30528K) NonClass: 26596K(26880K)->26596K(26880K) Class: 3400K(3648K)->3400K(3648K)
[2577.460s][info][gc             ] GC(302) Pause Young (Normal) (G1 Evacuation Pause) 6673M->2161M(8192M) 147.586ms
[2577.460s][info][gc,cpu         ] GC(302) User=1.17s Sys=0.00s Real=0.15s
............[2589.511s][info][gc,start       ] GC(303) Pause Young (Normal) (G1 Evacuation Pause)
[2589.511s][info][gc,task        ] GC(303) Using 8 workers of 8 for evacuation
[2589.660s][info][gc,phases      ] GC(303)   Pre Evacuate Collection Set: 0.25ms
[2589.660s][info][gc,phases      ] GC(303)   Merge Heap Roots: 0.60ms
[2589.660s][info][gc,phases      ] GC(303)   Evacuate Collection Set: 147.09ms
[2589.660s][info][gc,phases      ] GC(303)   Post Evacuate Collection Set: 1.07ms
[2589.660s][info][gc,phases      ] GC(303)   Other: 0.08ms
[2589.660s][info][gc,heap        ] GC(303) Eden regions: 571->0(572)
[2589.660s][info][gc,heap        ] GC(303) Survivor regions: 43->42(77)
[2589.660s][info][gc,heap        ] GC(303) Old regions: 197->203
[2589.660s][info][gc,heap        ] GC(303) Humongous regions: 33->33
[2589.660s][info][gc,metaspace   ] GC(303) Metaspace: 29997K(30528K)->29997K(30528K) NonClass: 26596K(26880K)->26596K(26880K) Class: 3400K(3648K)->3400K(3648K)
[2589.660s][info][gc             ] GC(303) Pause Young (Normal) (G1 Evacuation Pause) 6729M->2207M(8192M) 149.229ms
[2589.660s][info][gc,cpu         ] GC(303) User=1.18s Sys=0.00s Real=0.15s
............[2601.549s][info][gc,start       ] GC(304) Pause Young (Normal) (G1 Evacuation Pause)
[2601.549s][info][gc,task        ] GC(304) Using 8 workers of 8 for evacuation
[2601.697s][info][gc,phases      ] GC(304)   Pre Evacuate Collection Set: 0.26ms
[2601.697s][info][gc,phases      ] GC(304)   Merge Heap Roots: 0.58ms
[2601.697s][info][gc,phases      ] GC(304)   Evacuate Collection Set: 145.28ms
[2601.697s][info][gc,phases      ] GC(304)   Post Evacuate Collection Set: 1.06ms
[2601.697s][info][gc,phases      ] GC(304)   Other: 0.08ms
[2601.697s][info][gc,heap        ] GC(304) Eden regions: 572->0(572)
[2601.697s][info][gc,heap        ] GC(304) Survivor regions: 42->42(77)
[2601.697s][info][gc,heap        ] GC(304) Old regions: 203->210
[2601.697s][info][gc,heap        ] GC(304) Humongous regions: 33->33
[2601.697s][info][gc,metaspace   ] GC(304) Metaspace: 29997K(30528K)->29997K(30528K) NonClass: 26596K(26880K)->26596K(26880K) Class: 3400K(3648K)->3400K(3648K)
[2601.697s][info][gc             ] GC(304) Pause Young (Normal) (G1 Evacuation Pause) 6783M->2263M(8192M) 147.376ms
[2601.697s][info][gc,cpu         ] GC(304) User=1.17s Sys=0.00s Real=0.15s
............[2613.825s][info][gc,start       ] GC(305) Pause Young (Normal) (G1 Evacuation Pause)
[2613.825s][info][gc,task        ] GC(305) Using 8 workers of 8 for evacuation
[2613.972s][info][gc,phases      ] GC(305)   Pre Evacuate Collection Set: 0.27ms
[2613.972s][info][gc,phases      ] GC(305)   Merge Heap Roots: 0.63ms
[2613.972s][info][gc,phases      ] GC(305)   Evacuate Collection Set: 145.67ms
[2613.972s][info][gc,phases      ] GC(305)   Post Evacuate Collection Set: 1.05ms
[2613.972s][info][gc,phases      ] GC(305)   Other: 0.07ms
[2613.972s][info][gc,heap        ] GC(305) Eden regions: 572->0(571)
[2613.972s][info][gc,heap        ] GC(305) Survivor regions: 42->43(77)
[2613.972s][info][gc,heap        ] GC(305) Old regions: 210->217
[2613.972s][info][gc,heap        ] GC(305) Humongous regions: 33->33
[2613.972s][info][gc,metaspace   ] GC(305) Metaspace: 29997K(30528K)->29997K(30528K) NonClass: 26596K(26880K)->26596K(26880K) Class: 3400K(3648K)->3400K(3648K)
[2613.972s][info][gc             ] GC(305) Pause Young (Normal) (G1 Evacuation Pause) 6839M->2327M(8192M) 147.825ms
[2613.972s][info][gc,cpu         ] GC(305) User=1.17s Sys=0.00s Real=0.15s
............[2625.922s][info][gc,start       ] GC(306) Pause Young (Normal) (G1 Evacuation Pause)
[2625.923s][info][gc,task        ] GC(306) Using 8 workers of 8 for evacuation
[2626.069s][info][gc,phases      ] GC(306)   Pre Evacuate Collection Set: 0.26ms
[2626.069s][info][gc,phases      ] GC(306)   Merge Heap Roots: 0.58ms
[2626.069s][info][gc,phases      ] GC(306)   Evacuate Collection Set: 144.27ms
[2626.069s][info][gc,phases      ] GC(306)   Post Evacuate Collection Set: 1.04ms
[2626.069s][info][gc,phases      ] GC(306)   Other: 0.06ms
[2626.069s][info][gc,heap        ] GC(306) Eden regions: 571->0(572)
[2626.069s][info][gc,heap        ] GC(306) Survivor regions: 43->42(77)
[2626.069s][info][gc,heap        ] GC(306) Old regions: 217->224
[2626.069s][info][gc,heap        ] GC(306) Humongous regions: 33->33
[2626.069s][info][gc,metaspace   ] GC(306) Metaspace: 29997K(30528K)->29997K(30528K) NonClass: 26596K(26880K)->26596K(26880K) Class: 3400K(3648K)->3400K(3648K)
[2626.069s][info][gc             ] GC(306) Pause Young (Normal) (G1 Evacuation Pause) 6895M->2379M(8192M) 146.335ms
[2626.069s][info][gc,cpu         ] GC(306) User=1.15s Sys=0.00s Real=0.15s
........ (rIR:aIR:PR = 3183:3183:3183) (tPR = 47313) [OK] 
  2632s: Performance info:
         Transaction,    Success,    Partial,     Failed,   Receipts, AvgBarcode, 
             Overall,     191685,          0,          0,     182093,      59.48, 
         Response times:
             Request,    Success,    Partial,     Failed,   SkipFail,     Probes,    Samples,      min,      p50,      p90,      p95,      p99,      max, 
       TotalPurchase,     182093,          0,          0,          0,     178214,     192217,      300,     2100,     3500,     3900,     6400,   157000,
     InStorePurchase,      95870,          0,          0,          0,      94222,     101371,      400,     2100,     3500,     3900,     6100,   157000,
      OnlinePurchase,      67053,          0,          0,          0,      65347,      70360,      300,     2200,     3600,     3900,     6400,   157000,
        InstPurchase,      19170,          0,          0,          0,      18645,      20486,      500,     2300,     3700,     4000,     8526,   157000,
          AssocOfCat,        192,          0,          0,          0,        140,        211,    19300,    27000,    31000,    33400,    51160,    52000,
      AssocOfProduct,       1922,          0,          0,          0,       1737,       2022,      900,     2600,     3900,     4200,     9900,   162000,
      BusinessReport,        481,          0,          0,          0,        399,        523,    25000,    31000,    39000,    45000,    61280,   209000,
          CustBuyBeh,       1904,          0,          0,          0,       1709,       1998,      600,     2300,     3500,     3800,    12201,   152000,
       ProductReturn,       5093,          0,          0,          0,       4835,       5436,      200,     2000,     3500,     3900,     9500,   153000,

  2632s: (24%)   IR =   3321 ....[2637.838s][info][gc,start       ] GC(307) Pause Young (Normal) (G1 Evacuation Pause)
[2637.838s][info][gc,task        ] GC(307) Using 8 workers of 8 for evacuation
[2637.986s][info][gc,phases      ] GC(307)   Pre Evacuate Collection Set: 0.24ms
[2637.987s][info][gc,phases      ] GC(307)   Merge Heap Roots: 0.53ms
[2637.987s][info][gc,phases      ] GC(307)   Evacuate Collection Set: 146.56ms
[2637.987s][info][gc,phases      ] GC(307)   Post Evacuate Collection Set: 1.06ms
[2637.987s][info][gc,phases      ] GC(307)   Other: 0.06ms
[2637.987s][info][gc,heap        ] GC(307) Eden regions: 572->0(571)
[2637.987s][info][gc,heap        ] GC(307) Survivor regions: 42->43(77)
[2637.987s][info][gc,heap        ] GC(307) Old regions: 224->231
[2637.987s][info][gc,heap        ] GC(307) Humongous regions: 33->33
[2637.987s][info][gc,metaspace   ] GC(307) Metaspace: 29997K(30528K)->29997K(30528K) NonClass: 26596K(26880K)->26596K(26880K) Class: 3400K(3648K)->3400K(3648K)
[2637.987s][info][gc             ] GC(307) Pause Young (Normal) (G1 Evacuation Pause) 6955M->2439M(8192M) 148.610ms
[2637.987s][info][gc,cpu         ] GC(307) User=1.18s Sys=0.00s Real=0.15s
...|.........[2649.381s][info][gc,start       ] GC(308) Pause Young (Normal) (G1 Evacuation Pause)
[2649.381s][info][gc,task        ] GC(308) Using 8 workers of 8 for evacuation
[2649.529s][info][gc,phases      ] GC(308)   Pre Evacuate Collection Set: 0.28ms
[2649.529s][info][gc,phases      ] GC(308)   Merge Heap Roots: 0.66ms
[2649.529s][info][gc,phases      ] GC(308)   Evacuate Collection Set: 145.86ms
[2649.529s][info][gc,phases      ] GC(308)   Post Evacuate Collection Set: 1.06ms
[2649.529s][info][gc,phases      ] GC(308)   Other: 0.09ms
[2649.529s][info][gc,heap        ] GC(308) Eden regions: 571->0(572)
[2649.529s][info][gc,heap        ] GC(308) Survivor regions: 43->42(77)
[2649.529s][info][gc,heap        ] GC(308) Old regions: 231->238
[2649.529s][info][gc,heap        ] GC(308) Humongous regions: 33->33
[2649.529s][info][gc,metaspace   ] GC(308) Metaspace: 29997K(30528K)->29997K(30528K) NonClass: 26596K(26880K)->26596K(26880K) Class: 3400K(3648K)->3400K(3648K)
[2649.529s][info][gc             ] GC(308) Pause Young (Normal) (G1 Evacuation Pause) 7007M->2490M(8192M) 148.078ms
[2649.529s][info][gc,cpu         ] GC(308) User=1.16s Sys=0.00s Real=0.15s
...........[2661.069s][info][gc,start       ] GC(309) Pause Young (Normal) (G1 Evacuation Pause)
[2661.069s][info][gc,task        ] GC(309) Using 8 workers of 8 for evacuation
[2661.220s][info][gc,phases      ] GC(309)   Pre Evacuate Collection Set: 0.24ms
[2661.220s][info][gc,phases      ] GC(309)   Merge Heap Roots: 0.67ms
[2661.220s][info][gc,phases      ] GC(309)   Evacuate Collection Set: 148.20ms
[2661.220s][info][gc,phases      ] GC(309)   Post Evacuate Collection Set: 1.03ms
[2661.220s][info][gc,phases      ] GC(309)   Other: 0.07ms
[2661.220s][info][gc,heap        ] GC(309) Eden regions: 572->0(571)
[2661.220s][info][gc,heap        ] GC(309) Survivor regions: 42->43(77)
[2661.220s][info][gc,heap        ] GC(309) Old regions: 238->245
[2661.220s][info][gc,heap        ] GC(309) Humongous regions: 33->33
[2661.220s][info][gc,metaspace   ] GC(309) Metaspace: 29997K(30528K)->29997K(30528K) NonClass: 26596K(26880K)->26596K(26880K) Class: 3400K(3648K)->3400K(3648K)
[2661.220s][info][gc             ] GC(309) Pause Young (Normal) (G1 Evacuation Pause) 7066M->2552M(8192M) 150.355ms
[2661.220s][info][gc,cpu         ] GC(309) User=1.18s Sys=0.00s Real=0.15s
............[2672.705s][info][gc,start       ] GC(310) Pause Young (Normal) (G1 Evacuation Pause)
[2672.705s][info][gc,task        ] GC(310) Using 8 workers of 8 for evacuation
[2672.856s][info][gc,phases      ] GC(310)   Pre Evacuate Collection Set: 0.26ms
[2672.856s][info][gc,phases      ] GC(310)   Merge Heap Roots: 0.53ms
[2672.856s][info][gc,phases      ] GC(310)   Evacuate Collection Set: 148.31ms
[2672.856s][info][gc,phases      ] GC(310)   Post Evacuate Collection Set: 1.04ms
[2672.856s][info][gc,phases      ] GC(310)   Other: 0.06ms
[2672.856s][info][gc,heap        ] GC(310) Eden regions: 571->0(570)
[2672.856s][info][gc,heap        ] GC(310) Survivor regions: 43->44(77)
[2672.856s][info][gc,heap        ] GC(310) Old regions: 245->252
[2672.856s][info][gc,heap        ] GC(310) Humongous regions: 33->33
[2672.856s][info][gc,metaspace   ] GC(310) Metaspace: 29999K(30528K)->29999K(30528K) NonClass: 26599K(26880K)->26599K(26880K) Class: 3400K(3648K)->3400K(3648K)
[2672.856s][info][gc             ] GC(310) Pause Young (Normal) (G1 Evacuation Pause) 7120M->2611M(8192M) 150.335ms
[2672.856s][info][gc,cpu         ] GC(310) User=1.19s Sys=0.00s Real=0.16s
............[2684.331s][info][gc,start       ] GC(311) Pause Young (Normal) (G1 Evacuation Pause)
[2684.331s][info][gc,task        ] GC(311) Using 8 workers of 8 for evacuation
[2684.480s][info][gc,phases      ] GC(311)   Pre Evacuate Collection Set: 0.29ms
[2684.480s][info][gc,phases      ] GC(311)   Merge Heap Roots: 0.57ms
[2684.480s][info][gc,phases      ] GC(311)   Evacuate Collection Set: 146.81ms
[2684.480s][info][gc,phases      ] GC(311)   Post Evacuate Collection Set: 1.06ms
[2684.480s][info][gc,phases      ] GC(311)   Other: 0.07ms
[2684.480s][info][gc,heap        ] GC(311) Eden regions: 570->0(572)
[2684.480s][info][gc,heap        ] GC(311) Survivor regions: 44->42(77)
[2684.480s][info][gc,heap        ] GC(311) Old regions: 252->259
[2684.480s][info][gc,heap        ] GC(311) Humongous regions: 33->33
[2684.480s][info][gc,metaspace   ] GC(311) Metaspace: 30004K(30528K)->30004K(30528K) NonClass: 26603K(26880K)->26603K(26880K) Class: 3400K(3648K)->3400K(3648K)
[2684.480s][info][gc             ] GC(311) Pause Young (Normal) (G1 Evacuation Pause) 7171M->2653M(8192M) 148.979ms
[2684.480s][info][gc,cpu         ] GC(311) User=1.18s Sys=0.00s Real=0.15s
...........[2695.889s][info][gc,start       ] GC(312) Pause Young (Normal) (G1 Evacuation Pause)
[2695.889s][info][gc,task        ] GC(312) Using 8 workers of 8 for evacuation
[2696.036s][info][gc,phases      ] GC(312)   Pre Evacuate Collection Set: 0.26ms
[2696.036s][info][gc,phases      ] GC(312)   Merge Heap Roots: 0.51ms
[2696.036s][info][gc,phases      ] GC(312)   Evacuate Collection Set: 144.99ms
[2696.036s][info][gc,phases      ] GC(312)   Post Evacuate Collection Set: 1.05ms
[2696.036s][info][gc,phases      ] GC(312)   Other: 0.07ms
[2696.036s][info][gc,heap        ] GC(312) Eden regions: 572->0(572)
[2696.036s][info][gc,heap        ] GC(312) Survivor regions: 42->42(77)
[2696.036s][info][gc,heap        ] GC(312) Old regions: 259->265
[2696.036s][info][gc,heap        ] GC(312) Humongous regions: 33->33
[2696.036s][info][gc,metaspace   ] GC(312) Metaspace: 30004K(30528K)->30004K(30528K) NonClass: 26603K(26880K)->26603K(26880K) Class: 3400K(3648K)->3400K(3648K)
[2696.036s][info][gc             ] GC(312) Pause Young (Normal) (G1 Evacuation Pause) 7229M->2707M(8192M) 147.022ms
[2696.036s][info][gc,cpu         ] GC(312) User=1.16s Sys=0.00s Real=0.15s
..... (rIR:aIR:PR = 3321:3320:3320) (tPR = 49343) [OK] 
  2700s: Performance info:
         Transaction,    Success,    Partial,     Failed,   Receipts, AvgBarcode, 
             Overall,     199676,          0,          0,     189677,      59.47, 
         Response times:
             Request,    Success,    Partial,     Failed,   SkipFail,     Probes,    Samples,      min,      p50,      p90,      p95,      p99,      max, 
       TotalPurchase,     189677,          0,          0,          0,     184928,     208502,      300,     2200,     3700,     4100,    15400,   158000,
     InStorePurchase,      99889,          0,          0,          0,      97641,     109890,      300,     2200,     3700,     4100,    14500,   158000,
      OnlinePurchase,      69808,          0,          0,          0,      68083,      76781,      300,     2300,     3700,     4200,    16500,   158000,
        InstPurchase,      19980,          0,          0,          0,      19204,      21831,      500,     2300,     3800,     4200,    15700,   156000,
          AssocOfCat,        201,          0,          0,          0,        152,        240,    18300,    28000,    34000,    38000,    51590,    62000,
      AssocOfProduct,       1999,          0,          0,          0,       1779,       2139,      500,     2000,     3900,     4200,     9300,   156000,
      BusinessReport,        501,          0,          0,          0,        422,        555,    21000,    31000,    41000,    49000,   190520,   213000,
          CustBuyBeh,       2004,          0,          0,          0,       1800,       2169,      100,     1300,     3400,     3900,    21000,    73000,
       ProductReturn,       5294,          0,          0,          0,       4960,       5778,      200,     2300,     3700,     4100,    18900,   156000,

  2700s: (25%)   IR =   3459 ......|.[2707.301s][info][gc,start       ] GC(313) Pause Young (Normal) (G1 Evacuation Pause)
[2707.301s][info][gc,task        ] GC(313) Using 8 workers of 8 for evacuation
[2707.451s][info][gc,phases      ] GC(313)   Pre Evacuate Collection Set: 0.23ms
[2707.451s][info][gc,phases      ] GC(313)   Merge Heap Roots: 0.53ms
[2707.451s][info][gc,phases      ] GC(313)   Evacuate Collection Set: 147.71ms
[2707.451s][info][gc,phases      ] GC(313)   Post Evacuate Collection Set: 1.08ms
[2707.451s][info][gc,phases      ] GC(313)   Other: 0.07ms
[2707.451s][info][gc,heap        ] GC(313) Eden regions: 572->0(571)
[2707.451s][info][gc,heap        ] GC(313) Survivor regions: 42->43(77)
[2707.451s][info][gc,heap        ] GC(313) Old regions: 265->272
[2707.451s][info][gc,heap        ] GC(313) Humongous regions: 33->33
[2707.451s][info][gc,metaspace   ] GC(313) Metaspace: 30004K(30528K)->30004K(30528K) NonClass: 26603K(26880K)->26603K(26880K) Class: 3400K(3648K)->3400K(3648K)
[2707.451s][info][gc             ] GC(313) Pause Young (Normal) (G1 Evacuation Pause) 7283M->2770M(8192M) 149.762ms
[2707.451s][info][gc,cpu         ] GC(313) User=1.18s Sys=0.00s Real=0.15s
...........[2718.419s][info][gc,start       ] GC(314) Pause Young (Normal) (G1 Evacuation Pause)
[2718.419s][info][gc,task        ] GC(314) Using 8 workers of 8 for evacuation
[2718.567s][info][gc,phases      ] GC(314)   Pre Evacuate Collection Set: 0.28ms
[2718.567s][info][gc,phases      ] GC(314)   Merge Heap Roots: 0.56ms
[2718.567s][info][gc,phases      ] GC(314)   Evacuate Collection Set: 146.67ms
[2718.567s][info][gc,phases      ] GC(314)   Post Evacuate Collection Set: 1.08ms
[2718.567s][info][gc,phases      ] GC(314)   Other: 0.07ms
[2718.567s][info][gc,heap        ] GC(314) Eden regions: 571->0(571)
[2718.567s][info][gc,heap        ] GC(314) Survivor regions: 43->43(77)
[2718.567s][info][gc,heap        ] GC(314) Old regions: 272->279
[2718.567s][info][gc,heap        ] GC(314) Humongous regions: 33->33
[2718.567s][info][gc,metaspace   ] GC(314) Metaspace: 30005K(30528K)->30005K(30528K) NonClass: 26604K(26880K)->26604K(26880K) Class: 3400K(3648K)->3400K(3648K)
[2718.567s][info][gc             ] GC(314) Pause Young (Normal) (G1 Evacuation Pause) 7338M->2820M(8192M) 148.790ms
[2718.567s][info][gc,cpu         ] GC(314) User=1.18s Sys=0.00s Real=0.15s
...........[2729.573s][info][gc,start       ] GC(315) Pause Young (Normal) (G1 Evacuation Pause)
[2729.573s][info][gc,task        ] GC(315) Using 8 workers of 8 for evacuation
[2729.721s][info][gc,phases      ] GC(315)   Pre Evacuate Collection Set: 0.24ms
[2729.721s][info][gc,phases      ] GC(315)   Merge Heap Roots: 0.52ms
[2729.721s][info][gc,phases      ] GC(315)   Evacuate Collection Set: 146.17ms
[2729.721s][info][gc,phases      ] GC(315)   Post Evacuate Collection Set: 1.06ms
[2729.721s][info][gc,phases      ] GC(315)   Other: 0.06ms
[2729.721s][info][gc,heap        ] GC(315) Eden regions: 571->0(569)
[2729.721s][info][gc,heap        ] GC(315) Survivor regions: 43->42(77)
[2729.721s][info][gc,heap        ] GC(315) Old regions: 279->286
[2729.721s][info][gc,heap        ] GC(315) Humongous regions: 33->33
[2729.721s][info][gc,metaspace   ] GC(315) Metaspace: 30005K(30528K)->30005K(30528K) NonClass: 26604K(26880K)->26604K(26880K) Class: 3400K(3648K)->3400K(3648K)
[2729.721s][info][gc             ] GC(315) Pause Young (Normal) (G1 Evacuation Pause) 7388M->2874M(8192M) 148.182ms
[2729.721s][info][gc,cpu         ] GC(315) User=1.17s Sys=0.00s Real=0.15s
...........[2740.666s][info][gc,start       ] GC(316) Pause Young (Normal) (G1 Evacuation Pause)
[2740.666s][info][gc,task        ] GC(316) Using 8 workers of 8 for evacuation
[2740.815s][info][gc,phases      ] GC(316)   Pre Evacuate Collection Set: 0.27ms
[2740.815s][info][gc,phases      ] GC(316)   Merge Heap Roots: 0.52ms
[2740.815s][info][gc,phases      ] GC(316)   Evacuate Collection Set: 146.43ms
[2740.815s][info][gc,phases      ] GC(316)   Post Evacuate Collection Set: 1.03ms
[2740.815s][info][gc,phases      ] GC(316)   Other: 0.06ms
[2740.815s][info][gc,heap        ] GC(316) Eden regions: 569->0(562)
[2740.815s][info][gc,heap        ] GC(316) Survivor regions: 42->42(77)
[2740.815s][info][gc,heap        ] GC(316) Old regions: 286->293
[2740.815s][info][gc,heap        ] GC(316) Humongous regions: 33->33
[2740.815s][info][gc,metaspace   ] GC(316) Metaspace: 30005K(30528K)->30005K(30528K) NonClass: 26604K(26880K)->26604K(26880K) Class: 3400K(3648K)->3400K(3648K)
[2740.815s][info][gc             ] GC(316) Pause Young (Normal) (G1 Evacuation Pause) 7426M->2927M(8192M) 148.455ms
[2740.815s][info][gc,cpu         ] GC(316) User=1.18s Sys=0.00s Real=0.14s
...........[2751.597s][info][gc,start       ] GC(317) Pause Young (Normal) (G1 Evacuation Pause)
[2751.597s][info][gc,task        ] GC(317) Using 8 workers of 8 for evacuation
[2751.745s][info][gc,phases      ] GC(317)   Pre Evacuate Collection Set: 0.27ms
[2751.745s][info][gc,phases      ] GC(317)   Merge Heap Roots: 0.58ms
[2751.745s][info][gc,phases      ] GC(317)   Evacuate Collection Set: 145.70ms
[2751.745s][info][gc,phases      ] GC(317)   Post Evacuate Collection Set: 1.05ms
[2751.745s][info][gc,phases      ] GC(317)   Other: 0.07ms
[2751.745s][info][gc,heap        ] GC(317) Eden regions: 562->0(555)
[2751.745s][info][gc,heap        ] GC(317) Survivor regions: 42->42(76)
[2751.745s][info][gc,heap        ] GC(317) Old regions: 293->300
[2751.745s][info][gc,heap        ] GC(317) Humongous regions: 33->33
[2751.745s][info][gc,metaspace   ] GC(317) Metaspace: 30005K(30528K)->30005K(30528K) NonClass: 26604K(26880K)->26604K(26880K) Class: 3400K(3648K)->3400K(3648K)
[2751.745s][info][gc             ] GC(317) Pause Young (Normal) (G1 Evacuation Pause) 7423M->2983M(8192M) 147.798ms
[2751.745s][info][gc,cpu         ] GC(317) User=1.17s Sys=0.00s Real=0.14s
...........[2762.449s][info][gc,start       ] GC(318) Pause Young (Normal) (G1 Evacuation Pause)
[2762.449s][info][gc,task        ] GC(318) Using 8 workers of 8 for evacuation
[2762.595s][info][gc,phases      ] GC(318)   Pre Evacuate Collection Set: 0.25ms
[2762.595s][info][gc,phases      ] GC(318)   Merge Heap Roots: 0.59ms
[2762.595s][info][gc,phases      ] GC(318)   Evacuate Collection Set: 144.55ms
[2762.595s][info][gc,phases      ] GC(318)   Post Evacuate Collection Set: 1.04ms
[2762.595s][info][gc,phases      ] GC(318)   Other: 0.08ms
[2762.595s][info][gc,heap        ] GC(318) Eden regions: 555->0(546)
[2762.595s][info][gc,heap        ] GC(318) Survivor regions: 42->43(75)
[2762.595s][info][gc,heap        ] GC(318) Old regions: 300->307
[2762.595s][info][gc,heap        ] GC(318) Humongous regions: 33->33
[2762.595s][info][gc,metaspace   ] GC(318) Metaspace: 30005K(30528K)->30005K(30528K) NonClass: 26604K(26880K)->26604K(26880K) Class: 3400K(3648K)->3400K(3648K)
[2762.595s][info][gc             ] GC(318) Pause Young (Normal) (G1 Evacuation Pause) 7423M->3047M(8192M) 146.642ms
[2762.595s][info][gc,cpu         ] GC(318) User=1.16s Sys=0.00s Real=0.14s
.... (rIR:aIR:PR = 3459:3462:3462) (tPR = 51399) [OK] 
  2766s: Performance info:
         Transaction,    Success,    Partial,     Failed,   Receipts, AvgBarcode, 
             Overall,     207812,          0,          0,     197427,      59.47, 
         Response times:
             Request,    Success,    Partial,     Failed,   SkipFail,     Probes,    Samples,      min,      p50,      p90,      p95,      p99,      max, 
       TotalPurchase,     197427,          0,          0,          0,     193342,     214609,      300,     2300,     3800,     4300,    16500,   158000,
     InStorePurchase,     103902,          0,          0,          0,     101934,     112808,      400,     2200,     3800,     4200,    15391,   156000,
      OnlinePurchase,      72737,          0,          0,          0,      71460,      79416,      300,     2300,     3900,     4300,    17200,   157000,
        InstPurchase,      20788,          0,          0,          0,      19948,      22385,      500,     2500,     3900,     4400,    17914,   158000,
          AssocOfCat,        207,          0,          0,          0,        158,        230,    21000,    28000,    33000,    42350,   126060,   192000,
      AssocOfProduct,       2068,          0,          0,          0,       1888,       2294,      500,     2500,     4200,     4700,    25050,   154000,
      BusinessReport,        522,          0,          0,          0,        433,        554,    23000,    31000,    40000,    48250,    70350,    96000,
          CustBuyBeh,       2081,          0,          0,          0,       1883,       2238,      400,     2700,     3900,     4300,    25000,   156000,
       ProductReturn,       5507,          0,          0,          0,       5182,       5990,      200,     2400,     3900,     4300,    17509,   154000,

  2766s: (26%)   IR =   3598 ......[2772.856s][info][gc,start       ] GC(319) Pause Young (Normal) (G1 Evacuation Pause)
[2772.856s][info][gc,task        ] GC(319) Using 8 workers of 8 for evacuation
[2773.003s][info][gc,phases      ] GC(319)   Pre Evacuate Collection Set: 0.26ms
[2773.003s][info][gc,phases      ] GC(319)   Merge Heap Roots: 0.63ms
[2773.003s][info][gc,phases      ] GC(319)   Evacuate Collection Set: 145.18ms
[2773.003s][info][gc,phases      ] GC(319)   Post Evacuate Collection Set: 1.03ms
[2773.003s][info][gc,phases      ] GC(319)   Other: 0.06ms
[2773.003s][info][gc,heap        ] GC(319) Eden regions: 546->0(540)
[2773.003s][info][gc,heap        ] GC(319) Survivor regions: 43->42(74)
[2773.003s][info][gc,heap        ] GC(319) Old regions: 307->315
[2773.003s][info][gc,heap        ] GC(319) Humongous regions: 33->33
[2773.003s][info][gc,metaspace   ] GC(319) Metaspace: 30005K(30528K)->30005K(30528K) NonClass: 26604K(26880K)->26604K(26880K) Class: 3400K(3648K)->3400K(3648K)
[2773.003s][info][gc             ] GC(319) Pause Young (Normal) (G1 Evacuation Pause) 7415M->3097M(8192M) 147.304ms
[2773.003s][info][gc,cpu         ] GC(319) User=1.16s Sys=0.00s Real=0.14s
.|.........[2782.925s][info][gc,start       ] GC(320) Pause Young (Normal) (G1 Evacuation Pause)
[2782.925s][info][gc,task        ] GC(320) Using 8 workers of 8 for evacuation
[2783.069s][info][gc,phases      ] GC(320)   Pre Evacuate Collection Set: 0.26ms
[2783.069s][info][gc,phases      ] GC(320)   Merge Heap Roots: 0.51ms
[2783.069s][info][gc,phases      ] GC(320)   Evacuate Collection Set: 142.25ms
[2783.069s][info][gc,phases      ] GC(320)   Post Evacuate Collection Set: 1.06ms
[2783.069s][info][gc,phases      ] GC(320)   Other: 0.07ms
[2783.069s][info][gc,heap        ] GC(320) Eden regions: 540->0(535)
[2783.069s][info][gc,heap        ] GC(320) Survivor regions: 42->41(73)
[2783.069s][info][gc,heap        ] GC(320) Old regions: 315->322
[2783.069s][info][gc,heap        ] GC(320) Humongous regions: 33->33
[2783.069s][info][gc,metaspace   ] GC(320) Metaspace: 30005K(30528K)->30005K(30528K) NonClass: 26604K(26880K)->26604K(26880K) Class: 3400K(3648K)->3400K(3648K)
[2783.069s][info][gc             ] GC(320) Pause Young (Normal) (G1 Evacuation Pause) 7417M->3147M(8192M) 144.277ms
[2783.069s][info][gc,cpu         ] GC(320) User=1.14s Sys=0.00s Real=0.15s
..........[2793.031s][info][gc,start       ] GC(321) Pause Young (Normal) (G1 Evacuation Pause)
[2793.031s][info][gc,task        ] GC(321) Using 8 workers of 8 for evacuation
[2793.175s][info][gc,phases      ] GC(321)   Pre Evacuate Collection Set: 0.24ms
[2793.175s][info][gc,phases      ] GC(321)   Merge Heap Roots: 0.51ms
[2793.175s][info][gc,phases      ] GC(321)   Evacuate Collection Set: 142.58ms
[2793.175s][info][gc,phases      ] GC(321)   Post Evacuate Collection Set: 0.99ms
[2793.175s][info][gc,phases      ] GC(321)   Other: 0.06ms
[2793.175s][info][gc,heap        ] GC(321) Eden regions: 535->0(528)
[2793.175s][info][gc,heap        ] GC(321) Survivor regions: 41->41(72)
[2793.175s][info][gc,heap        ] GC(321) Old regions: 322->329
[2793.175s][info][gc,heap        ] GC(321) Humongous regions: 33->33
[2793.175s][info][gc,metaspace   ] GC(321) Metaspace: 30005K(30528K)->30005K(30528K) NonClass: 26604K(26880K)->26604K(26880K) Class: 3400K(3648K)->3400K(3648K)
[2793.175s][info][gc             ] GC(321) Pause Young (Normal) (G1 Evacuation Pause) 7427M->3210M(8192M) 144.511ms
[2793.175s][info][gc,cpu         ] GC(321) User=1.14s Sys=0.00s Real=0.14s
..........[2802.917s][info][gc,start       ] GC(322) Pause Young (Normal) (G1 Evacuation Pause)
[2802.917s][info][gc,task        ] GC(322) Using 8 workers of 8 for evacuation
[2803.061s][info][gc,phases      ] GC(322)   Pre Evacuate Collection Set: 0.24ms
[2803.061s][info][gc,phases      ] GC(322)   Merge Heap Roots: 0.58ms
[2803.061s][info][gc,phases      ] GC(322)   Evacuate Collection Set: 141.84ms
[2803.061s][info][gc,phases      ] GC(322)   Post Evacuate Collection Set: 0.98ms
[2803.061s][info][gc,phases      ] GC(322)   Other: 0.07ms
[2803.061s][info][gc,heap        ] GC(322) Eden regions: 528->0(520)
[2803.061s][info][gc,heap        ] GC(322) Survivor regions: 41->41(72)
[2803.061s][info][gc,heap        ] GC(322) Old regions: 329->337
[2803.061s][info][gc,heap        ] GC(322) Humongous regions: 33->33
[2803.061s][info][gc,metaspace   ] GC(322) Metaspace: 30005K(30528K)->30005K(30528K) NonClass: 26604K(26880K)->26604K(26880K) Class: 3400K(3648K)->3400K(3648K)
[2803.061s][info][gc             ] GC(322) Pause Young (Normal) (G1 Evacuation Pause) 7434M->3269M(8192M) 143.849ms
[2803.061s][info][gc,cpu         ] GC(322) User=1.14s Sys=0.00s Real=0.14s
..........[2812.701s][info][gc,start       ] GC(323) Pause Young (Concurrent Start) (G1 Evacuation Pause)
[2812.702s][info][gc,task        ] GC(323) Using 8 workers of 8 for evacuation
[2812.846s][info][gc,phases      ] GC(323)   Pre Evacuate Collection Set: 0.31ms
[2812.846s][info][gc,phases      ] GC(323)   Merge Heap Roots: 0.57ms
[2812.846s][info][gc,phases      ] GC(323)   Evacuate Collection Set: 142.56ms
[2812.846s][info][gc,phases      ] GC(323)   Post Evacuate Collection Set: 0.96ms
[2812.846s][info][gc,phases      ] GC(323)   Other: 0.11ms
[2812.846s][info][gc,heap        ] GC(323) Eden regions: 520->0(513)
[2812.846s][info][gc,heap        ] GC(323) Survivor regions: 41->41(71)
[2812.846s][info][gc,heap        ] GC(323) Old regions: 337->344
[2812.846s][info][gc,heap        ] GC(323) Humongous regions: 33->33
[2812.846s][info][gc,metaspace   ] GC(323) Metaspace: 30005K(30528K)->30005K(30528K) NonClass: 26604K(26880K)->26604K(26880K) Class: 3400K(3648K)->3400K(3648K)
[2812.846s][info][gc             ] GC(323) Pause Young (Concurrent Start) (G1 Evacuation Pause) 7429M->3325M(8192M) 144.635ms
[2812.846s][info][gc             ] GC(324) Concurrent Mark Cycle
[2812.846s][info][gc,marking     ] GC(324) Concurrent Scan Root Regions
[2812.846s][info][gc,cpu         ] GC(323) User=1.15s Sys=0.00s Real=0.15s
[2813.077s][info][gc,marking     ] GC(324) Concurrent Scan Root Regions 230.849ms
[2813.077s][info][gc,marking     ] GC(324) Concurrent Mark
[2813.077s][info][gc,marking     ] GC(324) Concurrent Mark From Roots
[2813.077s][info][gc,task        ] GC(324) Using 2 workers of 2 for marking
.[2813.642s][info][gc,marking     ] GC(324) Concurrent Mark From Roots 565.436ms
[2813.643s][info][gc,marking     ] GC(324) Concurrent Preclean
[2813.643s][info][gc,marking     ] GC(324) Concurrent Preclean 0.137ms
[2813.643s][info][gc,start       ] GC(324) Pause Remark
[2813.644s][info][gc             ] GC(324) Pause Remark 3789M->3109M(8192M) 1.536ms
[2813.644s][info][gc,cpu         ] GC(324) User=0.01s Sys=0.00s Real=0.00s
[2813.644s][info][gc,marking     ] GC(324) Concurrent Mark 567.404ms
[2813.644s][info][gc,marking     ] GC(324) Concurrent Rebuild Remembered Sets and Scrub Regions
[2814.016s][info][gc,marking     ] GC(324) Concurrent Rebuild Remembered Sets and Scrub Regions 371.578ms
[2814.016s][info][gc,start       ] GC(324) Pause Cleanup
[2814.016s][info][gc             ] GC(324) Pause Cleanup 3273M->3273M(8192M) 0.244ms
[2814.016s][info][gc,cpu         ] GC(324) User=0.00s Sys=0.00s Real=0.00s
[2814.016s][info][gc,marking     ] GC(324) Concurrent Clear Claimed Marks
[2814.017s][info][gc,marking     ] GC(324) Concurrent Clear Claimed Marks 0.045ms
[2814.017s][info][gc,marking     ] GC(324) Concurrent Cleanup for Next Mark
[2814.023s][info][gc,marking     ] GC(324) Concurrent Cleanup for Next Mark 6.512ms
[2814.023s][info][gc             ] GC(324) Concurrent Mark Cycle 1176.993ms
........[2822.245s][info][gc,start       ] GC(325) Pause Young (Prepare Mixed) (G1 Evacuation Pause)
[2822.245s][info][gc,task        ] GC(325) Using 8 workers of 8 for evacuation
[2822.388s][info][gc,phases      ] GC(325)   Pre Evacuate Collection Set: 0.25ms
[2822.388s][info][gc,phases      ] GC(325)   Merge Heap Roots: 0.67ms
[2822.388s][info][gc,phases      ] GC(325)   Evacuate Collection Set: 141.59ms
[2822.388s][info][gc,phases      ] GC(325)   Post Evacuate Collection Set: 1.06ms
[2822.388s][info][gc,phases      ] GC(325)   Other: 0.09ms
[2822.389s][info][gc,heap        ] GC(325) Eden regions: 513->0(573)
[2822.389s][info][gc,heap        ] GC(325) Survivor regions: 41->41(70)
[2822.389s][info][gc,heap        ] GC(325) Old regions: 259->267
[2822.389s][info][gc,heap        ] GC(325) Humongous regions: 33->33
[2822.389s][info][gc,metaspace   ] GC(325) Metaspace: 30005K(30528K)->30005K(30528K) NonClass: 26604K(26880K)->26604K(26880K) Class: 3400K(3648K)->3400K(3648K)
[2822.389s][info][gc             ] GC(325) Pause Young (Prepare Mixed) (G1 Evacuation Pause) 6749M->2706M(8192M) 143.785ms
[2822.389s][info][gc,cpu         ] GC(325) User=1.14s Sys=0.00s Real=0.15s
...........[2832.973s][info][gc,start       ] GC(326) Pause Young (Mixed) (G1 Evacuation Pause)
[2832.973s][info][gc,task        ] GC(326) Using 8 workers of 8 for evacuation
[2833.123s][info][gc,phases      ] GC(326)   Pre Evacuate Collection Set: 0.29ms
[2833.123s][info][gc,phases      ] GC(326)   Merge Heap Roots: 0.77ms
[2833.123s][info][gc,phases      ] GC(326)   Evacuate Collection Set: 147.44ms
[2833.123s][info][gc,phases      ] GC(326)   Post Evacuate Collection Set: 1.25ms
[2833.123s][info][gc,phases      ] GC(326)   Other: 0.07ms
[2833.123s][info][gc,heap        ] GC(326) Eden regions: 573->0(567)
[2833.123s][info][gc,heap        ] GC(326) Survivor regions: 41->47(77)
[2833.123s][info][gc,heap        ] GC(326) Old regions: 267->165
[2833.123s][info][gc,heap        ] GC(326) Humongous regions: 33->33
[2833.123s][info][gc,metaspace   ] GC(326) Metaspace: 30005K(30528K)->30005K(30528K) NonClass: 26604K(26880K)->26604K(26880K) Class: 3400K(3648K)->3400K(3648K)
[2833.123s][info][gc             ] GC(326) Pause Young (Mixed) (G1 Evacuation Pause) 7290M->1946M(8192M) 149.961ms
[2833.123s][info][gc,cpu         ] GC(326) User=1.19s Sys=0.01s Real=0.15s
. (rIR:aIR:PR = 3598:3601:3601) (tPR = 53451) [OK] 
  2833s: Performance info:
         Transaction,    Success,    Partial,     Failed,   Receipts, AvgBarcode, 
             Overall,     216350,          0,          0,     205516,      59.48, 
         Response times:
             Request,    Success,    Partial,     Failed,   SkipFail,     Probes,    Samples,      min,      p50,      p90,      p95,      p99,      max, 
       TotalPurchase,     205516,          0,          0,          0,     200380,     225700,      300,     2400,     4100,     4600,    19900,   159000,
     InStorePurchase,     108125,          0,          0,          0,     105856,     119102,      300,     2400,     4100,     4600,    21000,   159000,
      OnlinePurchase,      75750,          0,          0,          0,      73703,      82905,      400,     2400,     4100,     4700,    19794,   155000,
        InstPurchase,      21641,          0,          0,          0,      20821,      23693,      400,     2200,     4100,     4700,    17918,   155000,
          AssocOfCat,        215,          0,          0,          0,        150,        235,    19400,    29000,    39000,    43400,    92000,   128000,
      AssocOfProduct,       2165,          0,          0,          0,       1922,       2279,      600,     2600,     4400,     5000,    26000,   153000,
      BusinessReport,        539,          0,          0,          0,        435,        581,    21000,    31000,    42000,    49000,    89540,   204000,
          CustBuyBeh,       2167,          0,          0,          0,       1915,       2304,      100,     1200,     3500,     4200,     9100,    50000,
       ProductReturn,       5748,          0,          0,          0,       5405,       6272,      200,     2400,     4000,     4600,    21000,   152000,

  2833s: (27%)   IR =   3736 ......|...[2843.244s][info][gc,start       ] GC(327) Pause Young (Mixed) (G1 Evacuation Pause)
[2843.244s][info][gc,task        ] GC(327) Using 8 workers of 8 for evacuation
[2843.411s][info][gc,phases      ] GC(327)   Pre Evacuate Collection Set: 0.26ms
[2843.411s][info][gc,phases      ] GC(327)   Merge Heap Roots: 0.82ms
[2843.411s][info][gc,phases      ] GC(327)   Evacuate Collection Set: 164.91ms
[2843.411s][info][gc,phases      ] GC(327)   Post Evacuate Collection Set: 1.11ms
[2843.411s][info][gc,phases      ] GC(327)   Other: 0.08ms
[2843.411s][info][gc,heap        ] GC(327) Eden regions: 567->0(571)
[2843.411s][info][gc,heap        ] GC(327) Survivor regions: 47->43(77)
[2843.411s][info][gc,heap        ] GC(327) Old regions: 165->140
[2843.411s][info][gc,heap        ] GC(327) Humongous regions: 33->33
[2843.411s][info][gc,metaspace   ] GC(327) Metaspace: 30005K(30528K)->30005K(30528K) NonClass: 26604K(26880K)->26604K(26880K) Class: 3400K(3648K)->3400K(3648K)
[2843.411s][info][gc             ] GC(327) Pause Young (Mixed) (G1 Evacuation Pause) 6482M->1706M(8192M) 167.318ms
[2843.411s][info][gc,cpu         ] GC(327) User=1.32s Sys=0.00s Real=0.17s
...........[2853.571s][info][gc,start       ] GC(328) Pause Young (Normal) (G1 Evacuation Pause)
[2853.571s][info][gc,task        ] GC(328) Using 8 workers of 8 for evacuation
[2853.719s][info][gc,phases      ] GC(328)   Pre Evacuate Collection Set: 0.24ms
[2853.719s][info][gc,phases      ] GC(328)   Merge Heap Roots: 0.58ms
[2853.719s][info][gc,phases      ] GC(328)   Evacuate Collection Set: 146.11ms
[2853.719s][info][gc,phases      ] GC(328)   Post Evacuate Collection Set: 1.06ms
[2853.719s][info][gc,phases      ] GC(328)   Other: 0.07ms
[2853.719s][info][gc,heap        ] GC(328) Eden regions: 571->0(571)
[2853.719s][info][gc,heap        ] GC(328) Survivor regions: 43->43(77)
[2853.719s][info][gc,heap        ] GC(328) Old regions: 140->147
[2853.719s][info][gc,heap        ] GC(328) Humongous regions: 33->33
[2853.719s][info][gc,metaspace   ] GC(328) Metaspace: 30005K(30528K)->30005K(30528K) NonClass: 26604K(26880K)->26604K(26880K) Class: 3400K(3648K)->3400K(3648K)
[2853.719s][info][gc             ] GC(328) Pause Young (Normal) (G1 Evacuation Pause) 6274M->1763M(8192M) 148.195ms
[2853.719s][info][gc,cpu         ] GC(328) User=1.17s Sys=0.00s Real=0.15s
..........[2863.884s][info][gc,start       ] GC(329) Pause Young (Normal) (G1 Evacuation Pause)
[2863.884s][info][gc,task        ] GC(329) Using 8 workers of 8 for evacuation
[2864.031s][info][gc,phases      ] GC(329)   Pre Evacuate Collection Set: 0.25ms
[2864.031s][info][gc,phases      ] GC(329)   Merge Heap Roots: 0.52ms
[2864.031s][info][gc,phases      ] GC(329)   Evacuate Collection Set: 145.53ms
[2864.031s][info][gc,phases      ] GC(329)   Post Evacuate Collection Set: 1.08ms
[2864.031s][info][gc,phases      ] GC(329)   Other: 0.06ms
[2864.031s][info][gc,heap        ] GC(329) Eden regions: 571->0(572)
[2864.031s][info][gc,heap        ] GC(329) Survivor regions: 43->42(77)
[2864.031s][info][gc,heap        ] GC(329) Old regions: 147->154
[2864.031s][info][gc,heap        ] GC(329) Humongous regions: 33->33
[2864.031s][info][gc,metaspace   ] GC(329) Metaspace: 30005K(30528K)->30005K(30528K) NonClass: 26604K(26880K)->26604K(26880K) Class: 3400K(3648K)->3400K(3648K)
[2864.031s][info][gc             ] GC(329) Pause Young (Normal) (G1 Evacuation Pause) 6331M->1815M(8192M) 147.564ms
[2864.032s][info][gc,cpu         ] GC(329) User=1.17s Sys=0.00s Real=0.15s
..........[2874.307s][info][gc,start       ] GC(330) Pause Young (Normal) (G1 Evacuation Pause)
[2874.307s][info][gc,task        ] GC(330) Using 8 workers of 8 for evacuation
[2874.458s][info][gc,phases      ] GC(330)   Pre Evacuate Collection Set: 0.25ms
[2874.458s][info][gc,phases      ] GC(330)   Merge Heap Roots: 0.51ms
[2874.458s][info][gc,phases      ] GC(330)   Evacuate Collection Set: 149.22ms
[2874.458s][info][gc,phases      ] GC(330)   Post Evacuate Collection Set: 1.09ms
[2874.458s][info][gc,phases      ] GC(330)   Other: 0.07ms
[2874.458s][info][gc,heap        ] GC(330) Eden regions: 572->0(571)
[2874.458s][info][gc,heap        ] GC(330) Survivor regions: 42->43(77)
[2874.458s][info][gc,heap        ] GC(330) Old regions: 154->161
[2874.458s][info][gc,heap        ] GC(330) Humongous regions: 33->33
[2874.458s][info][gc,metaspace   ] GC(330) Metaspace: 30005K(30528K)->30005K(30528K) NonClass: 26604K(26880K)->26604K(26880K) Class: 3400K(3648K)->3400K(3648K)
[2874.458s][info][gc             ] GC(330) Pause Young (Normal) (G1 Evacuation Pause) 6391M->1881M(8192M) 151.280ms
[2874.458s][info][gc,cpu         ] GC(330) User=1.20s Sys=0.00s Real=0.15s
...........[2884.519s][info][gc,start       ] GC(331) Pause Young (Normal) (G1 Evacuation Pause)
[2884.519s][info][gc,task        ] GC(331) Using 8 workers of 8 for evacuation
[2884.669s][info][gc,phases      ] GC(331)   Pre Evacuate Collection Set: 0.27ms
[2884.669s][info][gc,phases      ] GC(331)   Merge Heap Roots: 0.52ms
[2884.669s][info][gc,phases      ] GC(331)   Evacuate Collection Set: 148.16ms
[2884.669s][info][gc,phases      ] GC(331)   Post Evacuate Collection Set: 1.01ms
[2884.669s][info][gc,phases      ] GC(331)   Other: 0.09ms
[2884.669s][info][gc,heap        ] GC(331) Eden regions: 571->0(570)
[2884.669s][info][gc,heap        ] GC(331) Survivor regions: 43->44(77)
[2884.669s][info][gc,heap        ] GC(331) Old regions: 161->168
[2884.669s][info][gc,heap        ] GC(331) Humongous regions: 33->33
[2884.669s][info][gc,metaspace   ] GC(331) Metaspace: 30005K(30528K)->30005K(30528K) NonClass: 26604K(26880K)->26604K(26880K) Class: 3400K(3648K)->3400K(3648K)
[2884.669s][info][gc             ] GC(331) Pause Young (Normal) (G1 Evacuation Pause) 6449M->1940M(8192M) 150.171ms
[2884.669s][info][gc,cpu         ] GC(331) User=1.19s Sys=0.01s Real=0.15s
..........[2894.809s][info][gc,start       ] GC(332) Pause Young (Normal) (G1 Evacuation Pause)
[2894.809s][info][gc,task        ] GC(332) Using 8 workers of 8 for evacuation
[2894.962s][info][gc,phases      ] GC(332)   Pre Evacuate Collection Set: 0.24ms
[2894.962s][info][gc,phases      ] GC(332)   Merge Heap Roots: 0.50ms
[2894.962s][info][gc,phases      ] GC(332)   Evacuate Collection Set: 151.19ms
[2894.962s][info][gc,phases      ] GC(332)   Post Evacuate Collection Set: 1.06ms
[2894.962s][info][gc,phases      ] GC(332)   Other: 0.07ms
[2894.962s][info][gc,heap        ] GC(332) Eden regions: 570->0(571)
[2894.962s][info][gc,heap        ] GC(332) Survivor regions: 44->43(77)
[2894.962s][info][gc,heap        ] GC(332) Old regions: 168->175
[2894.962s][info][gc,heap        ] GC(332) Humongous regions: 33->33
[2894.962s][info][gc,metaspace   ] GC(332) Metaspace: 30005K(30528K)->30005K(30528K) NonClass: 26604K(26880K)->26604K(26880K) Class: 3400K(3648K)->3400K(3648K)
[2894.962s][info][gc             ] GC(332) Pause Young (Normal) (G1 Evacuation Pause) 6500M->1992M(8192M) 153.183ms
[2894.962s][info][gc,cpu         ] GC(332) User=1.22s Sys=0.00s Real=0.15s
..... (rIR:aIR:PR = 3736:3735:3735) (tPR = 55772) [OK] 
  2899s: Performance info:
         Transaction,    Success,    Partial,     Failed,   Receipts, AvgBarcode, 
             Overall,     224238,          0,          0,     213022,      59.47, 
         Response times:
             Request,    Success,    Partial,     Failed,   SkipFail,     Probes,    Samples,      min,      p50,      p90,      p95,      p99,      max, 
       TotalPurchase,     213022,          0,          0,          0,     207506,     230712,      300,     2400,     4200,     4700,    14200,   173000,
     InStorePurchase,     112089,          0,          0,          0,     109334,     121481,      400,     2400,     4100,     4700,    14600,   173000,
      OnlinePurchase,      78475,          0,          0,          0,      76569,      85181,      300,     2500,     4200,     4700,    14100,   173000,
        InstPurchase,      22458,          0,          0,          0,      21603,      24050,      500,     2300,     4200,     4700,    12500,   173000,
          AssocOfCat,        225,          0,          0,          0,        147,        210,    21000,    29000,    36000,    39450,    48000,    74000,
      AssocOfProduct,       2245,          0,          0,          0,       1988,       2323,      500,     2800,     4500,     5100,    15152,   173000,
      BusinessReport,        563,          0,          0,          0,        463,        598,    25000,    31000,    41000,    50000,    73940,   215000,
          CustBuyBeh,       2242,          0,          0,          0,       2038,       2358,      200,     1900,     3800,     4300,     7246,   170000,
       ProductReturn,       5941,          0,          0,          0,       5618,       6531,      200,     2200,     3900,     4400,    15840,   173000,

  2899s: (28%)   IR =   3874 .....|[2905.026s][info][gc,start       ] GC(333) Pause Young (Normal) (G1 Evacuation Pause)
[2905.026s][info][gc,task        ] GC(333) Using 8 workers of 8 for evacuation
[2905.173s][info][gc,phases      ] GC(333)   Pre Evacuate Collection Set: 0.24ms
[2905.173s][info][gc,phases      ] GC(333)   Merge Heap Roots: 0.51ms
[2905.173s][info][gc,phases      ] GC(333)   Evacuate Collection Set: 144.59ms
[2905.173s][info][gc,phases      ] GC(333)   Post Evacuate Collection Set: 1.03ms
[2905.173s][info][gc,phases      ] GC(333)   Other: 0.07ms
[2905.173s][info][gc,heap        ] GC(333) Eden regions: 571->0(572)
[2905.173s][info][gc,heap        ] GC(333) Survivor regions: 43->42(77)
[2905.173s][info][gc,heap        ] GC(333) Old regions: 175->182
[2905.173s][info][gc,heap        ] GC(333) Humongous regions: 33->33
[2905.173s][info][gc,metaspace   ] GC(333) Metaspace: 30005K(30528K)->30005K(30528K) NonClass: 26604K(26880K)->26604K(26880K) Class: 3400K(3648K)->3400K(3648K)
[2905.173s][info][gc             ] GC(333) Pause Young (Normal) (G1 Evacuation Pause) 6560M->2035M(8192M) 146.596ms
[2905.173s][info][gc,cpu         ] GC(333) User=1.16s Sys=0.00s Real=0.14s
..........[2915.015s][info][gc,start       ] GC(334) Pause Young (Normal) (G1 Evacuation Pause)
[2915.015s][info][gc,task        ] GC(334) Using 8 workers of 8 for evacuation
[2915.163s][info][gc,phases      ] GC(334)   Pre Evacuate Collection Set: 0.28ms
[2915.163s][info][gc,phases      ] GC(334)   Merge Heap Roots: 0.58ms
[2915.163s][info][gc,phases      ] GC(334)   Evacuate Collection Set: 146.60ms
[2915.163s][info][gc,phases      ] GC(334)   Post Evacuate Collection Set: 1.08ms
[2915.163s][info][gc,phases      ] GC(334)   Other: 0.06ms
[2915.163s][info][gc,heap        ] GC(334) Eden regions: 572->0(571)
[2915.163s][info][gc,heap        ] GC(334) Survivor regions: 42->43(77)
[2915.163s][info][gc,heap        ] GC(334) Old regions: 182->189
[2915.163s][info][gc,heap        ] GC(334) Humongous regions: 33->33
[2915.163s][info][gc,metaspace   ] GC(334) Metaspace: 30005K(30528K)->30005K(30528K) NonClass: 26604K(26880K)->26604K(26880K) Class: 3400K(3648K)->3400K(3648K)
[2915.163s][info][gc             ] GC(334) Pause Young (Normal) (G1 Evacuation Pause) 6611M->2102M(8192M) 148.728ms
[2915.163s][info][gc,cpu         ] GC(334) User=1.18s Sys=0.00s Real=0.15s
..........[2924.909s][info][gc,start       ] GC(335) Pause Young (Normal) (G1 Evacuation Pause)
[2924.909s][info][gc,task        ] GC(335) Using 8 workers of 8 for evacuation
[2925.062s][info][gc,phases      ] GC(335)   Pre Evacuate Collection Set: 0.26ms
[2925.062s][info][gc,phases      ] GC(335)   Merge Heap Roots: 0.63ms
[2925.062s][info][gc,phases      ] GC(335)   Evacuate Collection Set: 151.10ms
[2925.062s][info][gc,phases      ] GC(335)   Post Evacuate Collection Set: 1.05ms
[2925.062s][info][gc,phases      ] GC(335)   Other: 0.06ms
[2925.062s][info][gc,heap        ] GC(335) Eden regions: 571->0(570)
[2925.062s][info][gc,heap        ] GC(335) Survivor regions: 43->44(77)
[2925.062s][info][gc,heap        ] GC(335) Old regions: 189->196
[2925.062s][info][gc,heap        ] GC(335) Humongous regions: 33->33
[2925.062s][info][gc,metaspace   ] GC(335) Metaspace: 30005K(30528K)->30005K(30528K) NonClass: 26604K(26880K)->26604K(26880K) Class: 3400K(3648K)->3400K(3648K)
[2925.062s][info][gc             ] GC(335) Pause Young (Normal) (G1 Evacuation Pause) 6670M->2163M(8192M) 153.240ms
[2925.062s][info][gc,cpu         ] GC(335) User=1.21s Sys=0.00s Real=0.15s
..........[2934.848s][info][gc,start       ] GC(336) Pause Young (Normal) (G1 Evacuation Pause)
[2934.848s][info][gc,task        ] GC(336) Using 8 workers of 8 for evacuation
[2934.999s][info][gc,phases      ] GC(336)   Pre Evacuate Collection Set: 0.26ms
[2934.999s][info][gc,phases      ] GC(336)   Merge Heap Roots: 0.55ms
[2934.999s][info][gc,phases      ] GC(336)   Evacuate Collection Set: 148.92ms
[2934.999s][info][gc,phases      ] GC(336)   Post Evacuate Collection Set: 1.03ms
[2934.999s][info][gc,phases      ] GC(336)   Other: 0.07ms
[2934.999s][info][gc,heap        ] GC(336) Eden regions: 570->0(571)
[2934.999s][info][gc,heap        ] GC(336) Survivor regions: 44->43(77)
[2934.999s][info][gc,heap        ] GC(336) Old regions: 196->203
[2934.999s][info][gc,heap        ] GC(336) Humongous regions: 33->33
[2934.999s][info][gc,metaspace   ] GC(336) Metaspace: 30005K(30528K)->30005K(30528K) NonClass: 26604K(26880K)->26604K(26880K) Class: 3400K(3648K)->3400K(3648K)
[2934.999s][info][gc             ] GC(336) Pause Young (Normal) (G1 Evacuation Pause) 6723M->2214M(8192M) 150.959ms
[2934.999s][info][gc,cpu         ] GC(336) User=1.20s Sys=0.00s Real=0.15s
..........[2944.821s][info][gc,start       ] GC(337) Pause Young (Normal) (G1 Evacuation Pause)
[2944.821s][info][gc,task        ] GC(337) Using 8 workers of 8 for evacuation
[2944.969s][info][gc,phases      ] GC(337)   Pre Evacuate Collection Set: 0.27ms
[2944.969s][info][gc,phases      ] GC(337)   Merge Heap Roots: 0.59ms
[2944.969s][info][gc,phases      ] GC(337)   Evacuate Collection Set: 145.21ms
[2944.969s][info][gc,phases      ] GC(337)   Post Evacuate Collection Set: 1.03ms
[2944.969s][info][gc,phases      ] GC(337)   Other: 0.07ms
[2944.969s][info][gc,heap        ] GC(337) Eden regions: 571->0(571)
[2944.969s][info][gc,heap        ] GC(337) Survivor regions: 43->43(77)
[2944.969s][info][gc,heap        ] GC(337) Old regions: 203->210
[2944.969s][info][gc,heap        ] GC(337) Humongous regions: 33->33
[2944.969s][info][gc,metaspace   ] GC(337) Metaspace: 30005K(30528K)->30005K(30528K) NonClass: 26604K(26880K)->26604K(26880K) Class: 3400K(3648K)->3400K(3648K)
[2944.969s][info][gc             ] GC(337) Pause Young (Normal) (G1 Evacuation Pause) 6782M->2267M(8192M) 147.294ms
[2944.969s][info][gc,cpu         ] GC(337) User=1.17s Sys=0.00s Real=0.15s
..........[2954.767s][info][gc,start       ] GC(338) Pause Young (Normal) (G1 Evacuation Pause)
[2954.767s][info][gc,task        ] GC(338) Using 8 workers of 8 for evacuation
[2954.918s][info][gc,phases      ] GC(338)   Pre Evacuate Collection Set: 0.22ms
[2954.918s][info][gc,phases      ] GC(338)   Merge Heap Roots: 0.60ms
[2954.918s][info][gc,phases      ] GC(338)   Evacuate Collection Set: 149.16ms
[2954.918s][info][gc,phases      ] GC(338)   Post Evacuate Collection Set: 1.03ms
[2954.918s][info][gc,phases      ] GC(338)   Other: 0.06ms
[2954.918s][info][gc,heap        ] GC(338) Eden regions: 571->0(570)
[2954.918s][info][gc,heap        ] GC(338) Survivor regions: 43->44(77)
[2954.918s][info][gc,heap        ] GC(338) Old regions: 210->217
[2954.918s][info][gc,heap        ] GC(338) Humongous regions: 33->33
[2954.918s][info][gc,metaspace   ] GC(338) Metaspace: 30005K(30528K)->30005K(30528K) NonClass: 26604K(26880K)->26604K(26880K) Class: 3400K(3648K)->3400K(3648K)
[2954.918s][info][gc             ] GC(338) Pause Young (Normal) (G1 Evacuation Pause) 6835M->2331M(8192M) 151.196ms
[2954.918s][info][gc,cpu         ] GC(338) User=1.19s Sys=0.00s Real=0.15s
.......... (rIR:aIR:PR = 3874:3876:3876) (tPR = 57116) [OK] 
  2964s: Performance info:
         Transaction,    Success,    Partial,     Failed,   Receipts, AvgBarcode, 
             Overall,     232695,          0,          0,     221070,      59.47, 
         Response times:
             Request,    Success,    Partial,     Failed,   SkipFail,     Probes,    Samples,      min,      p50,      p90,      p95,      p99,      max, 
       TotalPurchase,     221070,          0,          0,          0,     216025,     235446,      300,     2500,     4300,     4800,    21000,   161000,
     InStorePurchase,     116370,          0,          0,          0,     113932,     123759,      300,     2500,     4300,     4900,    22000,   161000,
      OnlinePurchase,      81441,          0,          0,          0,      79545,      86867,      300,     2600,     4300,     4800,    21000,   160000,
        InstPurchase,      23259,          0,          0,          0,      22548,      24820,      500,     2300,     4200,     4700,    19737,   158000,
          AssocOfCat,        231,          0,          0,          0,        162,        254,    21000,    28000,    39500,    51500,    66400,   203000,
      AssocOfProduct,       2327,          0,          0,          0,       2116,       2469,      800,     3100,     4700,     5100,    27600,    50000,
      BusinessReport,        580,          0,          0,          0,        458,        577,    26000,    31000,    41200,    47000,   100660,   217000,
          CustBuyBeh,       2328,          0,          0,          0,       2111,       2464,      200,     1700,     3900,     4500,    24350,    73000,
       ProductReturn,       6160,          0,          0,          0,       5860,       6666,      200,     2400,     4200,     4800,    18031,   155000,

  2964s: (29%)   IR =   4013 [2964.700s][info][gc,start       ] GC(339) Pause Young (Normal) (G1 Evacuation Pause)
[2964.700s][info][gc,task        ] GC(339) Using 8 workers of 8 for evacuation
[2964.852s][info][gc,phases      ] GC(339)   Pre Evacuate Collection Set: 0.24ms
[2964.852s][info][gc,phases      ] GC(339)   Merge Heap Roots: 0.52ms
[2964.852s][info][gc,phases      ] GC(339)   Evacuate Collection Set: 150.46ms
[2964.852s][info][gc,phases      ] GC(339)   Post Evacuate Collection Set: 1.05ms
[2964.852s][info][gc,phases      ] GC(339)   Other: 0.06ms
[2964.852s][info][gc,heap        ] GC(339) Eden regions: 570->0(570)
[2964.852s][info][gc,heap        ] GC(339) Survivor regions: 44->44(77)
[2964.852s][info][gc,heap        ] GC(339) Old regions: 217->224
[2964.852s][info][gc,heap        ] GC(339) Humongous regions: 33->33
[2964.852s][info][gc,metaspace   ] GC(339) Metaspace: 30005K(30528K)->30005K(30528K) NonClass: 26604K(26880K)->26604K(26880K) Class: 3400K(3648K)->3400K(3648K)
[2964.852s][info][gc             ] GC(339) Pause Young (Normal) (G1 Evacuation Pause) 6891M->2387M(8192M) 152.466ms
[2964.852s][info][gc,cpu         ] GC(339) User=1.21s Sys=0.00s Real=0.15s
.....|....[2974.273s][info][gc,start       ] GC(340) Pause Young (Normal) (G1 Evacuation Pause)
[2974.273s][info][gc,task        ] GC(340) Using 8 workers of 8 for evacuation
[2974.423s][info][gc,phases      ] GC(340)   Pre Evacuate Collection Set: 0.25ms
[2974.423s][info][gc,phases      ] GC(340)   Merge Heap Roots: 0.55ms
[2974.423s][info][gc,phases      ] GC(340)   Evacuate Collection Set: 148.17ms
[2974.423s][info][gc,phases      ] GC(340)   Post Evacuate Collection Set: 1.04ms
[2974.423s][info][gc,phases      ] GC(340)   Other: 0.06ms
[2974.423s][info][gc,heap        ] GC(340) Eden regions: 570->0(571)
[2974.423s][info][gc,heap        ] GC(340) Survivor regions: 44->43(77)
[2974.423s][info][gc,heap        ] GC(340) Old regions: 224->231
[2974.423s][info][gc,heap        ] GC(340) Humongous regions: 33->33
[2974.423s][info][gc,metaspace   ] GC(340) Metaspace: 30005K(30528K)->30005K(30528K) NonClass: 26604K(26880K)->26604K(26880K) Class: 3400K(3648K)->3400K(3648K)
[2974.423s][info][gc             ] GC(340) Pause Young (Normal) (G1 Evacuation Pause) 6947M->2434M(8192M) 150.197ms
[2974.423s][info][gc,cpu         ] GC(340) User=1.19s Sys=0.00s Real=0.15s
..........[2983.864s][info][gc,start       ] GC(341) Pause Young (Normal) (G1 Evacuation Pause)
[2983.864s][info][gc,task        ] GC(341) Using 8 workers of 8 for evacuation
[2984.015s][info][gc,phases      ] GC(341)   Pre Evacuate Collection Set: 0.25ms
[2984.015s][info][gc,phases      ] GC(341)   Merge Heap Roots: 0.52ms
[2984.015s][info][gc,phases      ] GC(341)   Evacuate Collection Set: 148.80ms
[2984.015s][info][gc,phases      ] GC(341)   Post Evacuate Collection Set: 1.05ms
[2984.015s][info][gc,phases      ] GC(341)   Other: 0.06ms
[2984.015s][info][gc,heap        ] GC(341) Eden regions: 571->0(571)
[2984.015s][info][gc,heap        ] GC(341) Survivor regions: 43->43(77)
[2984.015s][info][gc,heap        ] GC(341) Old regions: 231->238
[2984.015s][info][gc,heap        ] GC(341) Humongous regions: 33->33
[2984.015s][info][gc,metaspace   ] GC(341) Metaspace: 30005K(30528K)->30005K(30528K) NonClass: 26604K(26880K)->26604K(26880K) Class: 3400K(3648K)->3400K(3648K)
[2984.015s][info][gc             ] GC(341) Pause Young (Normal) (G1 Evacuation Pause) 7002M->2494M(8192M) 150.825ms
[2984.015s][info][gc,cpu         ] GC(341) User=1.20s Sys=0.00s Real=0.15s
.........[2993.454s][info][gc,start       ] GC(342) Pause Young (Normal) (G1 Evacuation Pause)
[2993.454s][info][gc,task        ] GC(342) Using 8 workers of 8 for evacuation
[2993.610s][info][gc,phases      ] GC(342)   Pre Evacuate Collection Set: 0.28ms
[2993.610s][info][gc,phases      ] GC(342)   Merge Heap Roots: 0.52ms
[2993.610s][info][gc,phases      ] GC(342)   Evacuate Collection Set: 152.75ms
[2993.610s][info][gc,phases      ] GC(342)   Post Evacuate Collection Set: 1.45ms
[2993.610s][info][gc,phases      ] GC(342)   Other: 0.07ms
[2993.610s][info][gc,heap        ] GC(342) Eden regions: 571->0(572)
[2993.610s][info][gc,heap        ] GC(342) Survivor regions: 43->42(77)
[2993.610s][info][gc,heap        ] GC(342) Old regions: 238->245
[2993.610s][info][gc,heap        ] GC(342) Humongous regions: 33->33
[2993.610s][info][gc,metaspace   ] GC(342) Metaspace: 30005K(30528K)->30005K(30528K) NonClass: 26604K(26880K)->26604K(26880K) Class: 3400K(3648K)->3400K(3648K)
[2993.610s][info][gc             ] GC(342) Pause Young (Normal) (G1 Evacuation Pause) 7062M->2541M(8192M) 155.249ms
[2993.610s][info][gc,cpu         ] GC(342) User=1.17s Sys=0.00s Real=0.16s
..........[3003.105s][info][gc,start       ] GC(343) Pause Young (Normal) (G1 Evacuation Pause)
[3003.105s][info][gc,task        ] GC(343) Using 8 workers of 8 for evacuation
[3003.254s][info][gc,phases      ] GC(343)   Pre Evacuate Collection Set: 0.29ms
[3003.254s][info][gc,phases      ] GC(343)   Merge Heap Roots: 0.56ms
[3003.254s][info][gc,phases      ] GC(343)   Evacuate Collection Set: 147.86ms
[3003.254s][info][gc,phases      ] GC(343)   Post Evacuate Collection Set: 1.03ms
[3003.254s][info][gc,phases      ] GC(343)   Other: 0.08ms
[3003.254s][info][gc,heap        ] GC(343) Eden regions: 572->0(572)
[3003.254s][info][gc,heap        ] GC(343) Survivor regions: 42->42(77)
[3003.254s][info][gc,heap        ] GC(343) Old regions: 245->252
[3003.254s][info][gc,heap        ] GC(343) Humongous regions: 33->33
[3003.255s][info][gc,metaspace   ] GC(343) Metaspace: 30005K(30528K)->30005K(30528K) NonClass: 26604K(26880K)->26604K(26880K) Class: 3400K(3648K)->3400K(3648K)
[3003.255s][info][gc             ] GC(343) Pause Young (Normal) (G1 Evacuation Pause) 7117M->2597M(8192M) 149.948ms
[3003.255s][info][gc,cpu         ] GC(343) User=1.18s Sys=0.00s Real=0.15s
..........[3012.735s][info][gc,start       ] GC(344) Pause Young (Normal) (G1 Evacuation Pause)
[3012.735s][info][gc,task        ] GC(344) Using 8 workers of 8 for evacuation
[3012.885s][info][gc,phases      ] GC(344)   Pre Evacuate Collection Set: 0.24ms
[3012.885s][info][gc,phases      ] GC(344)   Merge Heap Roots: 0.53ms
[3012.885s][info][gc,phases      ] GC(344)   Evacuate Collection Set: 147.85ms
[3012.885s][info][gc,phases      ] GC(344)   Post Evacuate Collection Set: 1.07ms
[3012.885s][info][gc,phases      ] GC(344)   Other: 0.06ms
[3012.885s][info][gc,heap        ] GC(344) Eden regions: 572->0(571)
[3012.885s][info][gc,heap        ] GC(344) Survivor regions: 42->43(77)
[3012.885s][info][gc,heap        ] GC(344) Old regions: 252->258
[3012.885s][info][gc,heap        ] GC(344) Humongous regions: 33->33
[3012.885s][info][gc,metaspace   ] GC(344) Metaspace: 30005K(30528K)->30005K(30528K) NonClass: 26604K(26880K)->26604K(26880K) Class: 3400K(3648K)->3400K(3648K)
[3012.885s][info][gc             ] GC(344) Pause Young (Normal) (G1 Evacuation Pause) 7173M->2655M(8192M) 149.872ms
[3012.885s][info][gc,cpu         ] GC(344) User=1.18s Sys=0.00s Real=0.15s
.........[3022.287s][info][gc,start       ] GC(345) Pause Young (Normal) (G1 Evacuation Pause)
[3022.287s][info][gc,task        ] GC(345) Using 8 workers of 8 for evacuation
[3022.437s][info][gc,phases      ] GC(345)   Pre Evacuate Collection Set: 0.26ms
[3022.437s][info][gc,phases      ] GC(345)   Merge Heap Roots: 0.52ms
[3022.437s][info][gc,phases      ] GC(345)   Evacuate Collection Set: 147.73ms
[3022.437s][info][gc,phases      ] GC(345)   Post Evacuate Collection Set: 1.02ms
[3022.437s][info][gc,phases      ] GC(345)   Other: 0.06ms
[3022.437s][info][gc,heap        ] GC(345) Eden regions: 571->0(571)
[3022.437s][info][gc,heap        ] GC(345) Survivor regions: 43->43(77)
[3022.437s][info][gc,heap        ] GC(345) Old regions: 258->265
[3022.437s][info][gc,heap        ] GC(345) Humongous regions: 33->33
[3022.437s][info][gc,metaspace   ] GC(345) Metaspace: 30005K(30528K)->30005K(30528K) NonClass: 26604K(26880K)->26604K(26880K) Class: 3400K(3648K)->3400K(3648K)
[3022.437s][info][gc             ] GC(345) Pause Young (Normal) (G1 Evacuation Pause) 7223M->2711M(8192M) 149.707ms
[3022.437s][info][gc,cpu         ] GC(345) User=1.19s Sys=0.00s Real=0.15s
........ (rIR:aIR:PR = 4013:4013:4013) (tPR = 59834) [OK] 
  3029s: Performance info:
         Transaction,    Success,    Partial,     Failed,   Receipts, AvgBarcode, 
             Overall,     241025,          0,          0,     228950,      59.47, 
         Response times:
             Request,    Success,    Partial,     Failed,   SkipFail,     Probes,    Samples,      min,      p50,      p90,      p95,      p99,      max, 
       TotalPurchase,     228950,          0,          0,          0,     224349,     244760,      300,     2600,     4500,     5000,    26000,   223000,
     InStorePurchase,     120478,          0,          0,          0,     118472,     129099,      300,     2600,     4400,     5000,    25000,   222000,
      OnlinePurchase,      84366,          0,          0,          0,      82477,      89883,      300,     2700,     4500,     5000,    29000,   223000,
        InstPurchase,      24106,          0,          0,          0,      23400,      25778,      400,     2500,     4500,     5100,    22000,   222000,
          AssocOfCat,        243,          0,          0,          0,        185,        246,    21000,    30000,    37300,    49650,   138110,   198000,
      AssocOfProduct,       2422,          0,          0,          0,       2196,       2511,      500,     2300,     4400,     5000,    16040,   159000,
      BusinessReport,        606,          0,          0,          0,        513,        630,    26000,    32000,    41000,    49000,    81070,   187000,
          CustBuyBeh,       2420,          0,          0,          0,       2207,       2624,      300,     2800,     4500,     5200,    29000,   160000,
       ProductReturn,       6384,          0,          0,          0,       6014,       6818,      200,     2300,     4300,     4900,    22000,   223000,

  3029s: (30%)   IR =   4151 ..[3031.833s][info][gc,start       ] GC(346) Pause Young (Normal) (G1 Evacuation Pause)
[3031.833s][info][gc,task        ] GC(346) Using 8 workers of 8 for evacuation
[3032.004s][info][gc,phases      ] GC(346)   Pre Evacuate Collection Set: 0.27ms
[3032.004s][info][gc,phases      ] GC(346)   Merge Heap Roots: 0.60ms
[3032.004s][info][gc,phases      ] GC(346)   Evacuate Collection Set: 169.46ms
[3032.004s][info][gc,phases      ] GC(346)   Post Evacuate Collection Set: 1.06ms
[3032.004s][info][gc,phases      ] GC(346)   Other: 0.07ms
[3032.004s][info][gc,heap        ] GC(346) Eden regions: 571->0(570)
[3032.004s][info][gc,heap        ] GC(346) Survivor regions: 43->44(77)
[3032.004s][info][gc,heap        ] GC(346) Old regions: 265->272
[3032.004s][info][gc,heap        ] GC(346) Humongous regions: 33->33
[3032.004s][info][gc,metaspace   ] GC(346) Metaspace: 30005K(30528K)->30005K(30528K) NonClass: 26604K(26880K)->26604K(26880K) Class: 3400K(3648K)->3400K(3648K)
[3032.004s][info][gc             ] GC(346) Pause Young (Normal) (G1 Evacuation Pause) 7279M->2775M(8192M) 171.618ms
[3032.004s][info][gc,cpu         ] GC(346) User=1.19s Sys=0.00s Real=0.17s
...|......[3041.026s][info][gc,start       ] GC(347) Pause Young (Normal) (G1 Evacuation Pause)
[3041.026s][info][gc,task        ] GC(347) Using 8 workers of 8 for evacuation
[3041.190s][info][gc,phases      ] GC(347)   Pre Evacuate Collection Set: 0.30ms
[3041.190s][info][gc,phases      ] GC(347)   Merge Heap Roots: 0.62ms
[3041.190s][info][gc,phases      ] GC(347)   Evacuate Collection Set: 161.90ms
[3041.190s][info][gc,phases      ] GC(347)   Post Evacuate Collection Set: 1.03ms
[3041.190s][info][gc,phases      ] GC(347)   Other: 0.07ms
[3041.190s][info][gc,heap        ] GC(347) Eden regions: 570->0(572)
[3041.190s][info][gc,heap        ] GC(347) Survivor regions: 44->42(77)
[3041.190s][info][gc,heap        ] GC(347) Old regions: 272->279
[3041.190s][info][gc,heap        ] GC(347) Humongous regions: 33->33
[3041.190s][info][gc,metaspace   ] GC(347) Metaspace: 30005K(30528K)->30005K(30528K) NonClass: 26604K(26880K)->26604K(26880K) Class: 3400K(3648K)->3400K(3648K)
[3041.190s][info][gc             ] GC(347) Pause Young (Normal) (G1 Evacuation Pause) 7335M->2819M(8192M) 164.051ms
[3041.190s][info][gc,cpu         ] GC(347) User=1.14s Sys=0.00s Real=0.17s
.........[3050.383s][info][gc,start       ] GC(348) Pause Young (Normal) (G1 Evacuation Pause)
[3050.383s][info][gc,task        ] GC(348) Using 8 workers of 8 for evacuation
[3050.532s][info][gc,phases      ] GC(348)   Pre Evacuate Collection Set: 0.31ms
[3050.532s][info][gc,phases      ] GC(348)   Merge Heap Roots: 0.61ms
[3050.532s][info][gc,phases      ] GC(348)   Evacuate Collection Set: 146.71ms
[3050.532s][info][gc,phases      ] GC(348)   Post Evacuate Collection Set: 1.10ms
[3050.532s][info][gc,phases      ] GC(348)   Other: 0.07ms
[3050.532s][info][gc,heap        ] GC(348) Eden regions: 572->0(569)
[3050.532s][info][gc,heap        ] GC(348) Survivor regions: 42->42(77)
[3050.532s][info][gc,heap        ] GC(348) Old regions: 279->286
[3050.532s][info][gc,heap        ] GC(348) Humongous regions: 33->33
[3050.532s][info][gc,metaspace   ] GC(348) Metaspace: 30005K(30528K)->30005K(30528K) NonClass: 26604K(26880K)->26604K(26880K) Class: 3400K(3648K)->3400K(3648K)
[3050.532s][info][gc             ] GC(348) Pause Young (Normal) (G1 Evacuation Pause) 7395M->2871M(8192M) 148.934ms
[3050.532s][info][gc,cpu         ] GC(348) User=1.18s Sys=0.00s Real=0.15s
.........[3059.630s][info][gc,start       ] GC(349) Pause Young (Normal) (G1 Evacuation Pause)
[3059.630s][info][gc,task        ] GC(349) Using 8 workers of 8 for evacuation
[3059.779s][info][gc,phases      ] GC(349)   Pre Evacuate Collection Set: 0.25ms
[3059.779s][info][gc,phases      ] GC(349)   Merge Heap Roots: 0.52ms
[3059.779s][info][gc,phases      ] GC(349)   Evacuate Collection Set: 147.03ms
[3059.779s][info][gc,phases      ] GC(349)   Post Evacuate Collection Set: 1.05ms
[3059.779s][info][gc,phases      ] GC(349)   Other: 0.08ms
[3059.779s][info][gc,heap        ] GC(349) Eden regions: 569->0(560)
[3059.779s][info][gc,heap        ] GC(349) Survivor regions: 42->43(77)
[3059.779s][info][gc,heap        ] GC(349) Old regions: 286->293
[3059.779s][info][gc,heap        ] GC(349) Humongous regions: 33->33
[3059.779s][info][gc,metaspace   ] GC(349) Metaspace: 30005K(30528K)->30005K(30528K) NonClass: 26604K(26880K)->26604K(26880K) Class: 3400K(3648K)->3400K(3648K)
[3059.779s][info][gc             ] GC(349) Pause Young (Normal) (G1 Evacuation Pause) 7423M->2939M(8192M) 149.051ms
[3059.779s][info][gc,cpu         ] GC(349) User=1.18s Sys=0.00s Real=0.15s
.........[3068.742s][info][gc,start       ] GC(350) Pause Young (Normal) (G1 Evacuation Pause)
[3068.742s][info][gc,task        ] GC(350) Using 8 workers of 8 for evacuation
[3068.891s][info][gc,phases      ] GC(350)   Pre Evacuate Collection Set: 0.26ms
[3068.891s][info][gc,phases      ] GC(350)   Merge Heap Roots: 0.52ms
[3068.891s][info][gc,phases      ] GC(350)   Evacuate Collection Set: 147.04ms
[3068.891s][info][gc,phases      ] GC(350)   Post Evacuate Collection Set: 1.04ms
[3068.891s][info][gc,phases      ] GC(350)   Other: 0.06ms
[3068.891s][info][gc,heap        ] GC(350) Eden regions: 560->0(555)
[3068.891s][info][gc,heap        ] GC(350) Survivor regions: 43->42(76)
[3068.891s][info][gc,heap        ] GC(350) Old regions: 293->300
[3068.891s][info][gc,heap        ] GC(350) Humongous regions: 33->33
[3068.891s][info][gc,metaspace   ] GC(350) Metaspace: 30005K(30528K)->30005K(30528K) NonClass: 26604K(26880K)->26604K(26880K) Class: 3400K(3648K)->3400K(3648K)
[3068.891s][info][gc             ] GC(350) Pause Young (Normal) (G1 Evacuation Pause) 7419M->2987M(8192M) 149.076ms
[3068.891s][info][gc,cpu         ] GC(350) User=1.18s Sys=0.00s Real=0.15s
.........[3077.666s][info][gc,start       ] GC(351) Pause Young (Normal) (G1 Evacuation Pause)
[3077.666s][info][gc,task        ] GC(351) Using 8 workers of 8 for evacuation
[3077.814s][info][gc,phases      ] GC(351)   Pre Evacuate Collection Set: 0.22ms
[3077.814s][info][gc,phases      ] GC(351)   Merge Heap Roots: 0.58ms
[3077.814s][info][gc,phases      ] GC(351)   Evacuate Collection Set: 146.52ms
[3077.814s][info][gc,phases      ] GC(351)   Post Evacuate Collection Set: 1.03ms
[3077.814s][info][gc,phases      ] GC(351)   Other: 0.06ms
[3077.814s][info][gc,heap        ] GC(351) Eden regions: 555->0(548)
[3077.814s][info][gc,heap        ] GC(351) Survivor regions: 42->42(75)
[3077.814s][info][gc,heap        ] GC(351) Old regions: 300->307
[3077.814s][info][gc,heap        ] GC(351) Humongous regions: 33->33
[3077.814s][info][gc,metaspace   ] GC(351) Metaspace: 30005K(30528K)->30005K(30528K) NonClass: 26604K(26880K)->26604K(26880K) Class: 3400K(3648K)->3400K(3648K)
[3077.814s][info][gc             ] GC(351) Pause Young (Normal) (G1 Evacuation Pause) 7427M->3039M(8192M) 148.549ms
[3077.814s][info][gc,cpu         ] GC(351) User=1.17s Sys=0.00s Real=0.15s
.........[3086.570s][info][gc,start       ] GC(352) Pause Young (Normal) (G1 Evacuation Pause)
[3086.571s][info][gc,task        ] GC(352) Using 8 workers of 8 for evacuation
[3086.718s][info][gc,phases      ] GC(352)   Pre Evacuate Collection Set: 0.25ms
[3086.718s][info][gc,phases      ] GC(352)   Merge Heap Roots: 0.52ms
[3086.718s][info][gc,phases      ] GC(352)   Evacuate Collection Set: 145.29ms
[3086.718s][info][gc,phases      ] GC(352)   Post Evacuate Collection Set: 1.03ms
[3086.718s][info][gc,phases      ] GC(352)   Other: 0.06ms
[3086.718s][info][gc,heap        ] GC(352) Eden regions: 548->0(543)
[3086.718s][info][gc,heap        ] GC(352) Survivor regions: 42->41(74)
[3086.718s][info][gc,heap        ] GC(352) Old regions: 307->314
[3086.718s][info][gc,heap        ] GC(352) Humongous regions: 33->33
[3086.718s][info][gc,metaspace   ] GC(352) Metaspace: 30005K(30528K)->30005K(30528K) NonClass: 26604K(26880K)->26604K(26880K) Class: 3400K(3648K)->3400K(3648K)
[3086.718s][info][gc             ] GC(352) Pause Young (Normal) (G1 Evacuation Pause) 7423M->3091M(8192M) 147.291ms
[3086.718s][info][gc,cpu         ] GC(352) User=1.17s Sys=0.00s Real=0.15s
......... (rIR:aIR:PR = 4151:4149:4149) (tPR = 61417) [OK] 
  3094s: Performance info:
         Transaction,    Success,    Partial,     Failed,   Receipts, AvgBarcode, 
             Overall,     249946,          0,          0,     237468,      59.47, 
         Response times:
             Request,    Success,    Partial,     Failed,   SkipFail,     Probes,    Samples,      min,      p50,      p90,      p95,      p99,      max, 
       TotalPurchase,     237468,          0,          0,          0,     232279,     253088,      300,     2700,     4700,     5400,    28000,   234000,
     InStorePurchase,     124968,          0,          0,          0,     122719,     133150,      300,     2700,     4700,     5400,    27000,   197000,
      OnlinePurchase,      87500,          0,          0,          0,      85460,      93350,      300,     2800,     4800,     5500,    27000,   234000,
        InstPurchase,      25000,          0,          0,          0,      24100,      26588,      400,     2700,     4700,     5400,    30000,   181000,
          AssocOfCat,        248,          0,          0,          0,        180,        235,    21000,    30000,    38000,    44000,    78000,    83000,
      AssocOfProduct,       2497,          0,          0,          0,       2311,       2707,      600,     3200,     5100,     5800,    28920,   170000,
      BusinessReport,        627,          0,          0,          0,        512,        643,    24000,    33000,    46000,    50000,    77000,   219000,
          CustBuyBeh,       2498,          0,          0,          0,       2284,       2628,      300,     2100,     4500,     5255,    13400,   179000,
       ProductReturn,       6610,          0,          0,          0,       6294,       7127,      200,     1900,     4400,     5200,    20636,   179000,

  3094s: (31%)   IR =   4289 [3095.393s][info][gc,start       ] GC(353) Pause Young (Normal) (G1 Evacuation Pause)
[3095.393s][info][gc,task        ] GC(353) Using 8 workers of 8 for evacuation
[3095.538s][info][gc,phases      ] GC(353)   Pre Evacuate Collection Set: 0.31ms
[3095.538s][info][gc,phases      ] GC(353)   Merge Heap Roots: 0.62ms
[3095.538s][info][gc,phases      ] GC(353)   Evacuate Collection Set: 143.62ms
[3095.538s][info][gc,phases      ] GC(353)   Post Evacuate Collection Set: 1.06ms
[3095.538s][info][gc,phases      ] GC(353)   Other: 0.06ms
[3095.538s][info][gc,heap        ] GC(353) Eden regions: 543->0(535)
[3095.538s][info][gc,heap        ] GC(353) Survivor regions: 41->41(73)
[3095.538s][info][gc,heap        ] GC(353) Old regions: 314->322
[3095.538s][info][gc,heap        ] GC(353) Humongous regions: 33->33
[3095.538s][info][gc,metaspace   ] GC(353) Metaspace: 30005K(30528K)->30005K(30528K) NonClass: 26604K(26880K)->26604K(26880K) Class: 3400K(3648K)->3400K(3648K)
[3095.538s][info][gc             ] GC(353) Pause Young (Normal) (G1 Evacuation Pause) 7435M->3145M(8192M) 145.803ms
[3095.538s][info][gc,cpu         ] GC(353) User=1.15s Sys=0.00s Real=0.15s
.....|...[3103.794s][info][gc,start       ] GC(354) Pause Young (Normal) (G1 Evacuation Pause)
[3103.794s][info][gc,task        ] GC(354) Using 8 workers of 8 for evacuation
[3103.943s][info][gc,phases      ] GC(354)   Pre Evacuate Collection Set: 0.25ms
[3103.943s][info][gc,phases      ] GC(354)   Merge Heap Roots: 0.51ms
[3103.943s][info][gc,phases      ] GC(354)   Evacuate Collection Set: 147.04ms
[3103.943s][info][gc,phases      ] GC(354)   Post Evacuate Collection Set: 1.04ms
[3103.943s][info][gc,phases      ] GC(354)   Other: 0.06ms
[3103.943s][info][gc,heap        ] GC(354) Eden regions: 535->0(526)
[3103.943s][info][gc,heap        ] GC(354) Survivor regions: 41->42(72)
[3103.943s][info][gc,heap        ] GC(354) Old regions: 322->329
[3103.943s][info][gc,heap        ] GC(354) Humongous regions: 33->33
[3103.943s][info][gc,metaspace   ] GC(354) Metaspace: 30005K(30528K)->30005K(30528K) NonClass: 26604K(26880K)->26604K(26880K) Class: 3400K(3648K)->3400K(3648K)
[3103.943s][info][gc             ] GC(354) Pause Young (Normal) (G1 Evacuation Pause) 7425M->3215M(8192M) 149.023ms
[3103.943s][info][gc,cpu         ] GC(354) User=1.18s Sys=0.00s Real=0.15s
.........[3112.078s][info][gc,start       ] GC(355) Pause Young (Normal) (G1 Evacuation Pause)
[3112.078s][info][gc,task        ] GC(355) Using 8 workers of 8 for evacuation
[3112.223s][info][gc,phases      ] GC(355)   Pre Evacuate Collection Set: 0.26ms
[3112.223s][info][gc,phases      ] GC(355)   Merge Heap Roots: 0.58ms
[3112.223s][info][gc,phases      ] GC(355)   Evacuate Collection Set: 142.83ms
[3112.223s][info][gc,phases      ] GC(355)   Post Evacuate Collection Set: 1.04ms
[3112.223s][info][gc,phases      ] GC(355)   Other: 0.06ms
[3112.223s][info][gc,heap        ] GC(355) Eden regions: 526->0(521)
[3112.223s][info][gc,heap        ] GC(355) Survivor regions: 42->41(71)
[3112.223s][info][gc,heap        ] GC(355) Old regions: 329->336
[3112.223s][info][gc,heap        ] GC(355) Humongous regions: 33->33
[3112.223s][info][gc,metaspace   ] GC(355) Metaspace: 30005K(30528K)->30005K(30528K) NonClass: 26604K(26880K)->26604K(26880K) Class: 3400K(3648K)->3400K(3648K)
[3112.223s][info][gc             ] GC(355) Pause Young (Normal) (G1 Evacuation Pause) 7423M->3267M(8192M) 144.903ms
[3112.223s][info][gc,cpu         ] GC(355) User=1.14s Sys=0.00s Real=0.14s
........[3120.259s][info][gc,start       ] GC(356) Pause Young (Normal) (G1 Evacuation Pause)
[3120.260s][info][gc,task        ] GC(356) Using 8 workers of 8 for evacuation
[3120.405s][info][gc,phases      ] GC(356)   Pre Evacuate Collection Set: 0.25ms
[3120.405s][info][gc,phases      ] GC(356)   Merge Heap Roots: 0.52ms
[3120.405s][info][gc,phases      ] GC(356)   Evacuate Collection Set: 144.06ms
[3120.405s][info][gc,phases      ] GC(356)   Post Evacuate Collection Set: 1.02ms
[3120.405s][info][gc,phases      ] GC(356)   Other: 0.06ms
[3120.405s][info][gc,heap        ] GC(356) Eden regions: 521->0(515)
[3120.405s][info][gc,heap        ] GC(356) Survivor regions: 41->40(71)
[3120.405s][info][gc,heap        ] GC(356) Old regions: 336->344
[3120.405s][info][gc,heap        ] GC(356) Humongous regions: 33->33
[3120.405s][info][gc,metaspace   ] GC(356) Metaspace: 30005K(30528K)->30005K(30528K) NonClass: 26604K(26880K)->26604K(26880K) Class: 3400K(3648K)->3400K(3648K)
[3120.406s][info][gc             ] GC(356) Pause Young (Normal) (G1 Evacuation Pause) 7435M->3319M(8192M) 146.025ms
[3120.406s][info][gc,cpu         ] GC(356) User=1.15s Sys=0.00s Real=0.14s
........[3128.380s][info][gc,start       ] GC(357) Pause Young (Concurrent Start) (G1 Evacuation Pause)
[3128.380s][info][gc,task        ] GC(357) Using 8 workers of 8 for evacuation
[3128.525s][info][gc,phases      ] GC(357)   Pre Evacuate Collection Set: 0.30ms
[3128.525s][info][gc,phases      ] GC(357)   Merge Heap Roots: 0.52ms
[3128.525s][info][gc,phases      ] GC(357)   Evacuate Collection Set: 142.75ms
[3128.525s][info][gc,phases      ] GC(357)   Post Evacuate Collection Set: 0.97ms
[3128.525s][info][gc,phases      ] GC(357)   Other: 0.10ms
[3128.525s][info][gc,heap        ] GC(357) Eden regions: 515->0(508)
[3128.525s][info][gc,heap        ] GC(357) Survivor regions: 40->40(70)
[3128.525s][info][gc,heap        ] GC(357) Old regions: 344->351
[3128.525s][info][gc,heap        ] GC(357) Humongous regions: 33->33
[3128.525s][info][gc,metaspace   ] GC(357) Metaspace: 30005K(30528K)->30005K(30528K) NonClass: 26604K(26880K)->26604K(26880K) Class: 3400K(3648K)->3400K(3648K)
[3128.525s][info][gc             ] GC(357) Pause Young (Concurrent Start) (G1 Evacuation Pause) 7439M->3379M(8192M) 144.771ms
[3128.525s][info][gc             ] GC(358) Concurrent Mark Cycle
[3128.525s][info][gc,marking     ] GC(358) Concurrent Scan Root Regions
[3128.525s][info][gc,cpu         ] GC(357) User=1.15s Sys=0.00s Real=0.14s
[3128.737s][info][gc,marking     ] GC(358) Concurrent Scan Root Regions 211.476ms
[3128.737s][info][gc,marking     ] GC(358) Concurrent Mark
[3128.737s][info][gc,marking     ] GC(358) Concurrent Mark From Roots
[3128.737s][info][gc,task        ] GC(358) Using 2 workers of 2 for marking
.[3129.342s][info][gc,marking     ] GC(358) Concurrent Mark From Roots 605.737ms
[3129.342s][info][gc,marking     ] GC(358) Concurrent Preclean
[3129.342s][info][gc,marking     ] GC(358) Concurrent Preclean 0.141ms
[3129.343s][info][gc,start       ] GC(358) Pause Remark
[3129.344s][info][gc             ] GC(358) Pause Remark 3899M->3147M(8192M) 1.885ms
[3129.345s][info][gc,cpu         ] GC(358) User=0.01s Sys=0.00s Real=0.00s
[3129.345s][info][gc,marking     ] GC(358) Concurrent Mark 608.027ms
[3129.345s][info][gc,marking     ] GC(358) Concurrent Rebuild Remembered Sets and Scrub Regions
[3129.690s][info][gc,marking     ] GC(358) Concurrent Rebuild Remembered Sets and Scrub Regions 344.956ms
[3129.690s][info][gc,start       ] GC(358) Pause Cleanup
[3129.690s][info][gc             ] GC(358) Pause Cleanup 3307M->3307M(8192M) 0.276ms
[3129.690s][info][gc,cpu         ] GC(358) User=0.00s Sys=0.00s Real=0.00s
[3129.690s][info][gc,marking     ] GC(358) Concurrent Clear Claimed Marks
[3129.690s][info][gc,marking     ] GC(358) Concurrent Clear Claimed Marks 0.073ms
[3129.690s][info][gc,marking     ] GC(358) Concurrent Cleanup for Next Mark
[3129.703s][info][gc,marking     ] GC(358) Concurrent Cleanup for Next Mark 12.504ms
[3129.703s][info][gc             ] GC(358) Concurrent Mark Cycle 1177.742ms
.......[3136.339s][info][gc,start       ] GC(359) Pause Young (Prepare Mixed) (G1 Evacuation Pause)
[3136.339s][info][gc,task        ] GC(359) Using 8 workers of 8 for evacuation
[3136.483s][info][gc,phases      ] GC(359)   Pre Evacuate Collection Set: 0.26ms
[3136.483s][info][gc,phases      ] GC(359)   Merge Heap Roots: 0.72ms
[3136.483s][info][gc,phases      ] GC(359)   Evacuate Collection Set: 141.96ms
[3136.483s][info][gc,phases      ] GC(359)   Post Evacuate Collection Set: 1.09ms
[3136.483s][info][gc,phases      ] GC(359)   Other: 0.06ms
[3136.483s][info][gc,heap        ] GC(359) Eden regions: 508->0(574)
[3136.483s][info][gc,heap        ] GC(359) Survivor regions: 40->40(69)
[3136.483s][info][gc,heap        ] GC(359) Old regions: 257->265
[3136.483s][info][gc,heap        ] GC(359) Humongous regions: 33->33
[3136.483s][info][gc,metaspace   ] GC(359) Metaspace: 30005K(30528K)->30005K(30528K) NonClass: 26604K(26880K)->26604K(26880K) Class: 3400K(3648K)->3400K(3648K)
[3136.483s][info][gc             ] GC(359) Pause Young (Prepare Mixed) (G1 Evacuation Pause) 6691M->2689M(8192M) 144.228ms
[3136.483s][info][gc,cpu         ] GC(359) User=1.13s Sys=0.00s Real=0.14s
.........[3145.358s][info][gc,start       ] GC(360) Pause Young (Mixed) (G1 Evacuation Pause)
[3145.358s][info][gc,task        ] GC(360) Using 8 workers of 8 for evacuation
[3145.510s][info][gc,phases      ] GC(360)   Pre Evacuate Collection Set: 0.28ms
[3145.510s][info][gc,phases      ] GC(360)   Merge Heap Roots: 0.89ms
[3145.510s][info][gc,phases      ] GC(360)   Evacuate Collection Set: 149.15ms
[3145.510s][info][gc,phases      ] GC(360)   Post Evacuate Collection Set: 1.28ms
[3145.510s][info][gc,phases      ] GC(360)   Other: 0.08ms
[3145.510s][info][gc,heap        ] GC(360) Eden regions: 574->0(566)
[3145.510s][info][gc,heap        ] GC(360) Survivor regions: 40->48(77)
[3145.510s][info][gc,heap        ] GC(360) Old regions: 265->164
[3145.510s][info][gc,heap        ] GC(360) Humongous regions: 33->33
[3145.510s][info][gc,metaspace   ] GC(360) Metaspace: 30005K(30528K)->30005K(30528K) NonClass: 26604K(26880K)->26604K(26880K) Class: 3400K(3648K)->3400K(3648K)
[3145.510s][info][gc             ] GC(360) Pause Young (Mixed) (G1 Evacuation Pause) 7281M->1938M(8192M) 151.811ms
[3145.510s][info][gc,cpu         ] GC(360) User=1.20s Sys=0.00s Real=0.15s
.........[3154.228s][info][gc,start       ] GC(361) Pause Young (Mixed) (G1 Evacuation Pause)
[3154.228s][info][gc,task        ] GC(361) Using 8 workers of 8 for evacuation
[3154.394s][info][gc,phases      ] GC(361)   Pre Evacuate Collection Set: 0.27ms
[3154.394s][info][gc,phases      ] GC(361)   Merge Heap Roots: 0.94ms
[3154.394s][info][gc,phases      ] GC(361)   Evacuate Collection Set: 163.30ms
[3154.394s][info][gc,phases      ] GC(361)   Post Evacuate Collection Set: 1.09ms
[3154.394s][info][gc,phases      ] GC(361)   Other: 0.07ms
[3154.394s][info][gc,heap        ] GC(361) Eden regions: 566->0(572)
[3154.394s][info][gc,heap        ] GC(361) Survivor regions: 48->42(77)
[3154.394s][info][gc,heap        ] GC(361) Old regions: 164->140
[3154.394s][info][gc,heap        ] GC(361) Humongous regions: 33->33
[3154.394s][info][gc,metaspace   ] GC(361) Metaspace: 30005K(30528K)->30005K(30528K) NonClass: 26604K(26880K)->26604K(26880K) Class: 3400K(3648K)->3400K(3648K)
[3154.394s][info][gc             ] GC(361) Pause Young (Mixed) (G1 Evacuation Pause) 6466M->1707M(8192M) 165.791ms
[3154.394s][info][gc,cpu         ] GC(361) User=1.31s Sys=0.00s Real=0.16s
...... (rIR:aIR:PR = 4289:4287:4287) (tPR = 64065) [OK] 
  3159s: Performance info:
         Transaction,    Success,    Partial,     Failed,   Receipts, AvgBarcode, 
             Overall,     257350,          0,          0,     244496,      59.48, 
         Response times:
             Request,    Success,    Partial,     Failed,   SkipFail,     Probes,    Samples,      min,      p50,      p90,      p95,      p99,      max, 
       TotalPurchase,     244496,          0,          0,          0,     238895,     260515,      300,     2800,     4800,     5400,    26000,   172000,
     InStorePurchase,     128679,          0,          0,          0,     125770,     137042,      400,     2700,     4700,     5400,    25570,   172000,
      OnlinePurchase,      90042,          0,          0,          0,      88151,      96085,      300,     2700,     4800,     5400,    26000,   172000,
        InstPurchase,      25775,          0,          0,          0,      24974,      27388,      500,     2900,     4900,     5500,    25000,   172000,
          AssocOfCat,        253,          0,          0,          0,        193,        255,    19700,    29000,    39000,    47200,    73440,    89000,
      AssocOfProduct,       2569,          0,          0,          0,       2357,       2733,      500,     2900,     4700,     5500,    29660,   156000,
      BusinessReport,        644,          0,          0,          0,        548,        703,    26000,    33000,    44600,    54000,    96920,   209000,
          CustBuyBeh,       2575,          0,          0,          0,       2334,       2697,      200,     1600,     4100,     5000,    25000,   156000,
       ProductReturn,       6814,          0,          0,          0,       6541,       7312,      200,     2900,     4700,     5400,    33000,   172000,

  3159s: (32%)   IR =   4428 ...[3163.152s][info][gc,start       ] GC(362) Pause Young (Normal) (G1 Evacuation Pause)
[3163.152s][info][gc,task        ] GC(362) Using 8 workers of 8 for evacuation
[3163.301s][info][gc,phases      ] GC(362)   Pre Evacuate Collection Set: 0.27ms
[3163.301s][info][gc,phases      ] GC(362)   Merge Heap Roots: 0.60ms
[3163.301s][info][gc,phases      ] GC(362)   Evacuate Collection Set: 146.24ms
[3163.301s][info][gc,phases      ] GC(362)   Post Evacuate Collection Set: 1.05ms
[3163.301s][info][gc,phases      ] GC(362)   Other: 0.06ms
[3163.301s][info][gc,heap        ] GC(362) Eden regions: 572->0(572)
[3163.301s][info][gc,heap        ] GC(362) Survivor regions: 42->42(77)
[3163.301s][info][gc,heap        ] GC(362) Old regions: 140->148
[3163.301s][info][gc,heap        ] GC(362) Humongous regions: 33->33
[3163.301s][info][gc,metaspace   ] GC(362) Metaspace: 30005K(30528K)->30005K(30528K) NonClass: 26604K(26880K)->26604K(26880K) Class: 3400K(3648K)->3400K(3648K)
[3163.301s][info][gc             ] GC(362) Pause Young (Normal) (G1 Evacuation Pause) 6283M->1767M(8192M) 148.362ms
[3163.301s][info][gc,cpu         ] GC(362) User=1.17s Sys=0.00s Real=0.15s
......|..[3171.896s][info][gc,start       ] GC(363) Pause Young (Normal) (G1 Evacuation Pause)
[3171.897s][info][gc,task        ] GC(363) Using 8 workers of 8 for evacuation
[3172.047s][info][gc,phases      ] GC(363)   Pre Evacuate Collection Set: 0.25ms
[3172.047s][info][gc,phases      ] GC(363)   Merge Heap Roots: 0.59ms
[3172.047s][info][gc,phases      ] GC(363)   Evacuate Collection Set: 148.77ms
[3172.047s][info][gc,phases      ] GC(363)   Post Evacuate Collection Set: 1.06ms
[3172.047s][info][gc,phases      ] GC(363)   Other: 0.06ms
[3172.047s][info][gc,heap        ] GC(363) Eden regions: 572->0(571)
[3172.047s][info][gc,heap        ] GC(363) Survivor regions: 42->43(77)
[3172.047s][info][gc,heap        ] GC(363) Old regions: 148->155
[3172.047s][info][gc,heap        ] GC(363) Humongous regions: 33->33
[3172.047s][info][gc,metaspace   ] GC(363) Metaspace: 30005K(30528K)->30005K(30528K) NonClass: 26604K(26880K)->26604K(26880K) Class: 3400K(3648K)->3400K(3648K)
[3172.047s][info][gc             ] GC(363) Pause Young (Normal) (G1 Evacuation Pause) 6343M->1832M(8192M) 150.864ms
[3172.047s][info][gc,cpu         ] GC(363) User=1.19s Sys=0.00s Real=0.15s
.........[3180.561s][info][gc,start       ] GC(364) Pause Young (Normal) (G1 Evacuation Pause)
[3180.561s][info][gc,task        ] GC(364) Using 8 workers of 8 for evacuation
[3180.710s][info][gc,phases      ] GC(364)   Pre Evacuate Collection Set: 0.29ms
[3180.710s][info][gc,phases      ] GC(364)   Merge Heap Roots: 0.63ms
[3180.710s][info][gc,phases      ] GC(364)   Evacuate Collection Set: 146.22ms
[3180.710s][info][gc,phases      ] GC(364)   Post Evacuate Collection Set: 1.05ms
[3180.710s][info][gc,phases      ] GC(364)   Other: 0.08ms
[3180.710s][info][gc,heap        ] GC(364) Eden regions: 571->0(571)
[3180.710s][info][gc,heap        ] GC(364) Survivor regions: 43->43(77)
[3180.710s][info][gc,heap        ] GC(364) Old regions: 155->162
[3180.710s][info][gc,heap        ] GC(364) Humongous regions: 33->33
[3180.710s][info][gc,metaspace   ] GC(364) Metaspace: 30005K(30528K)->30005K(30528K) NonClass: 26604K(26880K)->26604K(26880K) Class: 3400K(3648K)->3400K(3648K)
[3180.710s][info][gc             ] GC(364) Pause Young (Normal) (G1 Evacuation Pause) 6400M->1887M(8192M) 148.401ms
[3180.710s][info][gc,cpu         ] GC(364) User=1.17s Sys=0.01s Real=0.15s
.........[3189.296s][info][gc,start       ] GC(365) Pause Young (Normal) (G1 Evacuation Pause)
[3189.296s][info][gc,task        ] GC(365) Using 8 workers of 8 for evacuation
[3189.444s][info][gc,phases      ] GC(365)   Pre Evacuate Collection Set: 0.25ms
[3189.444s][info][gc,phases      ] GC(365)   Merge Heap Roots: 0.54ms
[3189.444s][info][gc,phases      ] GC(365)   Evacuate Collection Set: 145.99ms
[3189.444s][info][gc,phases      ] GC(365)   Post Evacuate Collection Set: 1.01ms
[3189.444s][info][gc,phases      ] GC(365)   Other: 0.08ms
[3189.444s][info][gc,heap        ] GC(365) Eden regions: 571->0(572)
[3189.444s][info][gc,heap        ] GC(365) Survivor regions: 43->42(77)
[3189.444s][info][gc,heap        ] GC(365) Old regions: 162->169
[3189.444s][info][gc,heap        ] GC(365) Humongous regions: 33->33
[3189.444s][info][gc,metaspace   ] GC(365) Metaspace: 30005K(30528K)->30005K(30528K) NonClass: 26604K(26880K)->26604K(26880K) Class: 3400K(3648K)->3400K(3648K)
[3189.444s][info][gc             ] GC(365) Pause Young (Normal) (G1 Evacuation Pause) 6455M->1937M(8192M) 148.018ms
[3189.444s][info][gc,cpu         ] GC(365) User=1.17s Sys=0.00s Real=0.14s
........[3197.900s][info][gc,start       ] GC(366) Pause Young (Normal) (G1 Evacuation Pause)
[3197.900s][info][gc,task        ] GC(366) Using 8 workers of 8 for evacuation
[3198.048s][info][gc,phases      ] GC(366)   Pre Evacuate Collection Set: 0.27ms
[3198.048s][info][gc,phases      ] GC(366)   Merge Heap Roots: 0.53ms
[3198.048s][info][gc,phases      ] GC(366)   Evacuate Collection Set: 145.31ms
[3198.048s][info][gc,phases      ] GC(366)   Post Evacuate Collection Set: 1.08ms
[3198.048s][info][gc,phases      ] GC(366)   Other: 0.07ms
[3198.048s][info][gc,heap        ] GC(366) Eden regions: 572->0(572)
[3198.048s][info][gc,heap        ] GC(366) Survivor regions: 42->42(77)
[3198.048s][info][gc,heap        ] GC(366) Old regions: 169->176
[3198.048s][info][gc,heap        ] GC(366) Humongous regions: 33->33
[3198.048s][info][gc,metaspace   ] GC(366) Metaspace: 30005K(30528K)->30005K(30528K) NonClass: 26604K(26880K)->26604K(26880K) Class: 3400K(3648K)->3400K(3648K)
[3198.048s][info][gc             ] GC(366) Pause Young (Normal) (G1 Evacuation Pause) 6513M->1988M(8192M) 147.386ms
[3198.048s][info][gc,cpu         ] GC(366) User=1.17s Sys=0.00s Real=0.15s
.........[3206.684s][info][gc,start       ] GC(367) Pause Young (Normal) (G1 Evacuation Pause)
[3206.684s][info][gc,task        ] GC(367) Using 8 workers of 8 for evacuation
[3206.832s][info][gc,phases      ] GC(367)   Pre Evacuate Collection Set: 0.25ms
[3206.832s][info][gc,phases      ] GC(367)   Merge Heap Roots: 0.52ms
[3206.832s][info][gc,phases      ] GC(367)   Evacuate Collection Set: 146.32ms
[3206.832s][info][gc,phases      ] GC(367)   Post Evacuate Collection Set: 1.03ms
[3206.832s][info][gc,phases      ] GC(367)   Other: 0.06ms
[3206.832s][info][gc,heap        ] GC(367) Eden regions: 572->0(571)
[3206.832s][info][gc,heap        ] GC(367) Survivor regions: 42->43(77)
[3206.832s][info][gc,heap        ] GC(367) Old regions: 176->183
[3206.832s][info][gc,heap        ] GC(367) Humongous regions: 33->33
[3206.832s][info][gc,metaspace   ] GC(367) Metaspace: 30005K(30528K)->30005K(30528K) NonClass: 26604K(26880K)->26604K(26880K) Class: 3400K(3648K)->3400K(3648K)
[3206.832s][info][gc             ] GC(367) Pause Young (Normal) (G1 Evacuation Pause) 6564M->2056M(8192M) 148.316ms
[3206.832s][info][gc,cpu         ] GC(367) User=1.18s Sys=0.00s Real=0.15s
.........[3215.391s][info][gc,start       ] GC(368) Pause Young (Normal) (G1 Evacuation Pause)
[3215.391s][info][gc,task        ] GC(368) Using 8 workers of 8 for evacuation
[3215.540s][info][gc,phases      ] GC(368)   Pre Evacuate Collection Set: 0.26ms
[3215.540s][info][gc,phases      ] GC(368)   Merge Heap Roots: 0.52ms
[3215.540s][info][gc,phases      ] GC(368)   Evacuate Collection Set: 146.95ms
[3215.540s][info][gc,phases      ] GC(368)   Post Evacuate Collection Set: 1.05ms
[3215.540s][info][gc,phases      ] GC(368)   Other: 0.06ms
[3215.540s][info][gc,heap        ] GC(368) Eden regions: 571->0(571)
[3215.540s][info][gc,heap        ] GC(368) Survivor regions: 43->43(77)
[3215.540s][info][gc,heap        ] GC(368) Old regions: 183->190
[3215.540s][info][gc,heap        ] GC(368) Humongous regions: 33->33
[3215.540s][info][gc,metaspace   ] GC(368) Metaspace: 30005K(30528K)->30005K(30528K) NonClass: 26604K(26880K)->26604K(26880K) Class: 3400K(3648K)->3400K(3648K)
[3215.540s][info][gc             ] GC(368) Pause Young (Normal) (G1 Evacuation Pause) 6624M->2114M(8192M) 148.977ms
[3215.540s][info][gc,cpu         ] GC(368) User=1.18s Sys=0.00s Real=0.15s
........[3223.997s][info][gc,start       ] GC(369) Pause Young (Normal) (G1 Evacuation Pause)
[3223.997s][info][gc,task        ] GC(369) Using 8 workers of 8 for evacuation
[3224.147s][info][gc,phases      ] GC(369)   Pre Evacuate Collection Set: 0.23ms
[3224.147s][info][gc,phases      ] GC(369)   Merge Heap Roots: 0.52ms
[3224.147s][info][gc,phases      ] GC(369)   Evacuate Collection Set: 148.47ms
[3224.147s][info][gc,phases      ] GC(369)   Post Evacuate Collection Set: 1.03ms
[3224.148s][info][gc,phases      ] GC(369)   Other: 0.06ms
[3224.148s][info][gc,heap        ] GC(369) Eden regions: 571->0(571)
[3224.148s][info][gc,heap        ] GC(369) Survivor regions: 43->43(77)
[3224.148s][info][gc,heap        ] GC(369) Old regions: 190->197
[3224.148s][info][gc,heap        ] GC(369) Humongous regions: 33->33
[3224.148s][info][gc,metaspace   ] GC(369) Metaspace: 30005K(30528K)->30005K(30528K) NonClass: 26604K(26880K)->26604K(26880K) Class: 3400K(3648K)->3400K(3648K)
[3224.148s][info][gc             ] GC(369) Pause Young (Normal) (G1 Evacuation Pause) 6682M->2164M(8192M) 150.471ms
[3224.148s][info][gc,cpu         ] GC(369) User=1.20s Sys=0.00s Real=0.15s
...... (rIR:aIR:PR = 4428:4430:4430) (tPR = 65944) [OK] 
  3228s: Performance info:
         Transaction,    Success,    Partial,     Failed,   Receipts, AvgBarcode, 
             Overall,     266362,          0,          0,     253022,      59.48, 
         Response times:
             Request,    Success,    Partial,     Failed,   SkipFail,     Probes,    Samples,      min,      p50,      p90,      p95,      p99,      max, 
       TotalPurchase,     253022,          0,          0,          0,     246676,     287127,      300,     2800,     4800,     5400,    17800,   188000,
     InStorePurchase,     133181,          0,          0,          0,     129892,     150833,      400,     2800,     4800,     5400,    17300,   161000,
      OnlinePurchase,      93216,          0,          0,          0,      90836,     105685,      300,     2800,     4900,     5400,    19114,   188000,
        InstPurchase,      26625,          0,          0,          0,      25948,      30609,      400,     2900,     4900,     5500,    16290,   158000,
          AssocOfCat,        267,          0,          0,          0,        199,        277,    22000,    30000,    39200,    50400,    82000,    90000,
      AssocOfProduct,       2666,          0,          0,          0,       2440,       3036,      600,     3300,     5100,     5700,    11600,   153000,
      BusinessReport,        664,          0,          0,          0,        583,        759,    27000,    33000,    45000,    50000,   128800,   211000,
          CustBuyBeh,       2671,          0,          0,          0,       2464,       3061,      300,     2900,     4680,     5300,    14638,   158000,
       ProductReturn,       7072,          0,          0,          0,       6705,       7999,      200,     2600,     4700,     5300,    13700,   154000,

  3228s: (33%)   IR =   4566 ...[3232.615s][info][gc,start       ] GC(370) Pause Young (Normal) (G1 Evacuation Pause)
[3232.615s][info][gc,task        ] GC(370) Using 8 workers of 8 for evacuation
[3232.768s][info][gc,phases      ] GC(370)   Pre Evacuate Collection Set: 0.28ms
[3232.768s][info][gc,phases      ] GC(370)   Merge Heap Roots: 0.56ms
[3232.768s][info][gc,phases      ] GC(370)   Evacuate Collection Set: 151.08ms
[3232.768s][info][gc,phases      ] GC(370)   Post Evacuate Collection Set: 1.04ms
[3232.768s][info][gc,phases      ] GC(370)   Other: 0.07ms
[3232.768s][info][gc,heap        ] GC(370) Eden regions: 571->0(571)
[3232.768s][info][gc,heap        ] GC(370) Survivor regions: 43->43(77)
[3232.768s][info][gc,heap        ] GC(370) Old regions: 197->204
[3232.768s][info][gc,heap        ] GC(370) Humongous regions: 33->33
[3232.768s][info][gc,metaspace   ] GC(370) Metaspace: 30005K(30528K)->30005K(30528K) NonClass: 26604K(26880K)->26604K(26880K) Class: 3400K(3648K)->3400K(3648K)
[3232.768s][info][gc             ] GC(370) Pause Young (Normal) (G1 Evacuation Pause) 6732M->2224M(8192M) 153.159ms
[3232.768s][info][gc,cpu         ] GC(370) User=1.21s Sys=0.00s Real=0.16s
...|.....[3241.021s][info][gc,start       ] GC(371) Pause Young (Normal) (G1 Evacuation Pause)
[3241.021s][info][gc,task        ] GC(371) Using 8 workers of 8 for evacuation
[3241.172s][info][gc,phases      ] GC(371)   Pre Evacuate Collection Set: 0.25ms
[3241.172s][info][gc,phases      ] GC(371)   Merge Heap Roots: 0.52ms
[3241.172s][info][gc,phases      ] GC(371)   Evacuate Collection Set: 148.35ms
[3241.172s][info][gc,phases      ] GC(371)   Post Evacuate Collection Set: 1.05ms
[3241.172s][info][gc,phases      ] GC(371)   Other: 0.07ms
[3241.172s][info][gc,heap        ] GC(371) Eden regions: 571->0(571)
[3241.172s][info][gc,heap        ] GC(371) Survivor regions: 43->43(77)
[3241.172s][info][gc,heap        ] GC(371) Old regions: 204->211
[3241.172s][info][gc,heap        ] GC(371) Humongous regions: 33->33
[3241.172s][info][gc,metaspace   ] GC(371) Metaspace: 30005K(30528K)->30005K(30528K) NonClass: 26604K(26880K)->26604K(26880K) Class: 3400K(3648K)->3400K(3648K)
[3241.172s][info][gc             ] GC(371) Pause Young (Normal) (G1 Evacuation Pause) 6792M->2282M(8192M) 150.380ms
[3241.172s][info][gc,cpu         ] GC(371) User=1.19s Sys=0.00s Real=0.15s
.........[3249.426s][info][gc,start       ] GC(372) Pause Young (Normal) (G1 Evacuation Pause)
[3249.426s][info][gc,task        ] GC(372) Using 8 workers of 8 for evacuation
[3249.576s][info][gc,phases      ] GC(372)   Pre Evacuate Collection Set: 0.24ms
[3249.576s][info][gc,phases      ] GC(372)   Merge Heap Roots: 0.59ms
[3249.576s][info][gc,phases      ] GC(372)   Evacuate Collection Set: 148.66ms
[3249.576s][info][gc,phases      ] GC(372)   Post Evacuate Collection Set: 1.05ms
[3249.576s][info][gc,phases      ] GC(372)   Other: 0.06ms
[3249.576s][info][gc,heap        ] GC(372) Eden regions: 571->0(571)
[3249.576s][info][gc,heap        ] GC(372) Survivor regions: 43->43(77)
[3249.576s][info][gc,heap        ] GC(372) Old regions: 211->218
[3249.576s][info][gc,heap        ] GC(372) Humongous regions: 33->33
[3249.576s][info][gc,metaspace   ] GC(372) Metaspace: 30005K(30528K)->30005K(30528K) NonClass: 26604K(26880K)->26604K(26880K) Class: 3400K(3648K)->3400K(3648K)
[3249.576s][info][gc             ] GC(372) Pause Young (Normal) (G1 Evacuation Pause) 6850M->2339M(8192M) 150.745ms
[3249.577s][info][gc,cpu         ] GC(372) User=1.19s Sys=0.00s Real=0.15s
........[3257.892s][info][gc,start       ] GC(373) Pause Young (Normal) (G1 Evacuation Pause)
[3257.892s][info][gc,task        ] GC(373) Using 8 workers of 8 for evacuation
[3258.042s][info][gc,phases      ] GC(373)   Pre Evacuate Collection Set: 0.27ms
[3258.042s][info][gc,phases      ] GC(373)   Merge Heap Roots: 0.53ms
[3258.042s][info][gc,phases      ] GC(373)   Evacuate Collection Set: 147.40ms
[3258.042s][info][gc,phases      ] GC(373)   Post Evacuate Collection Set: 1.06ms
[3258.042s][info][gc,phases      ] GC(373)   Other: 0.06ms
[3258.042s][info][gc,heap        ] GC(373) Eden regions: 571->0(571)
[3258.042s][info][gc,heap        ] GC(373) Survivor regions: 43->43(77)
[3258.042s][info][gc,heap        ] GC(373) Old regions: 218->225
[3258.042s][info][gc,heap        ] GC(373) Humongous regions: 33->33
[3258.042s][info][gc,metaspace   ] GC(373) Metaspace: 30005K(30528K)->30005K(30528K) NonClass: 26604K(26880K)->26604K(26880K) Class: 3400K(3648K)->3400K(3648K)
[3258.042s][info][gc             ] GC(373) Pause Young (Normal) (G1 Evacuation Pause) 6907M->2394M(8192M) 149.456ms
[3258.042s][info][gc,cpu         ] GC(373) User=1.19s Sys=0.00s Real=0.15s
.........[3266.276s][info][gc,start       ] GC(374) Pause Young (Normal) (G1 Evacuation Pause)
[3266.277s][info][gc,task        ] GC(374) Using 8 workers of 8 for evacuation
[3266.425s][info][gc,phases      ] GC(374)   Pre Evacuate Collection Set: 0.27ms
[3266.425s][info][gc,phases      ] GC(374)   Merge Heap Roots: 0.51ms
[3266.425s][info][gc,phases      ] GC(374)   Evacuate Collection Set: 146.16ms
[3266.425s][info][gc,phases      ] GC(374)   Post Evacuate Collection Set: 1.05ms
[3266.425s][info][gc,phases      ] GC(374)   Other: 0.06ms
[3266.425s][info][gc,heap        ] GC(374) Eden regions: 571->0(572)
[3266.425s][info][gc,heap        ] GC(374) Survivor regions: 43->42(77)
[3266.425s][info][gc,heap        ] GC(374) Old regions: 225->232
[3266.425s][info][gc,heap        ] GC(374) Humongous regions: 33->33
[3266.425s][info][gc,metaspace   ] GC(374) Metaspace: 30005K(30528K)->30005K(30528K) NonClass: 26604K(26880K)->26604K(26880K) Class: 3400K(3648K)->3400K(3648K)
[3266.425s][info][gc             ] GC(374) Pause Young (Normal) (G1 Evacuation Pause) 6962M->2443M(8192M) 148.183ms
[3266.425s][info][gc,cpu         ] GC(374) User=1.17s Sys=0.00s Real=0.14s
........[3274.721s][info][gc,start       ] GC(375) Pause Young (Normal) (G1 Evacuation Pause)
[3274.721s][info][gc,task        ] GC(375) Using 8 workers of 8 for evacuation
[3274.869s][info][gc,phases      ] GC(375)   Pre Evacuate Collection Set: 0.25ms
[3274.869s][info][gc,phases      ] GC(375)   Merge Heap Roots: 0.60ms
[3274.869s][info][gc,phases      ] GC(375)   Evacuate Collection Set: 146.30ms
[3274.869s][info][gc,phases      ] GC(375)   Post Evacuate Collection Set: 1.07ms
[3274.869s][info][gc,phases      ] GC(375)   Other: 0.07ms
[3274.869s][info][gc,heap        ] GC(375) Eden regions: 572->0(571)
[3274.869s][info][gc,heap        ] GC(375) Survivor regions: 42->43(77)
[3274.869s][info][gc,heap        ] GC(375) Old regions: 232->239
[3274.869s][info][gc,heap        ] GC(375) Humongous regions: 33->33
[3274.869s][info][gc,metaspace   ] GC(375) Metaspace: 30005K(30528K)->30005K(30528K) NonClass: 26604K(26880K)->26604K(26880K) Class: 3400K(3648K)->3400K(3648K)
[3274.869s][info][gc             ] GC(375) Pause Young (Normal) (G1 Evacuation Pause) 7019M->2506M(8192M) 148.414ms
[3274.869s][info][gc,cpu         ] GC(375) User=1.17s Sys=0.00s Real=0.15s
........[3283.176s][info][gc,start       ] GC(376) Pause Young (Normal) (G1 Evacuation Pause)
[3283.176s][info][gc,task        ] GC(376) Using 8 workers of 8 for evacuation
[3283.327s][info][gc,phases      ] GC(376)   Pre Evacuate Collection Set: 0.29ms
[3283.327s][info][gc,phases      ] GC(376)   Merge Heap Roots: 0.61ms
[3283.327s][info][gc,phases      ] GC(376)   Evacuate Collection Set: 148.34ms
[3283.327s][info][gc,phases      ] GC(376)   Post Evacuate Collection Set: 1.07ms
[3283.327s][info][gc,phases      ] GC(376)   Other: 0.07ms
[3283.327s][info][gc,heap        ] GC(376) Eden regions: 571->0(571)
[3283.327s][info][gc,heap        ] GC(376) Survivor regions: 43->43(77)
[3283.327s][info][gc,heap        ] GC(376) Old regions: 239->246
[3283.327s][info][gc,heap        ] GC(376) Humongous regions: 33->33
[3283.327s][info][gc,metaspace   ] GC(376) Metaspace: 30005K(30528K)->30005K(30528K) NonClass: 26604K(26880K)->26604K(26880K) Class: 3400K(3648K)->3400K(3648K)
[3283.327s][info][gc             ] GC(376) Pause Young (Normal) (G1 Evacuation Pause) 7074M->2556M(8192M) 150.538ms
[3283.327s][info][gc,cpu         ] GC(376) User=1.19s Sys=0.01s Real=0.15s
.........[3291.581s][info][gc,start       ] GC(377) Pause Young (Normal) (G1 Evacuation Pause)
[3291.581s][info][gc,task        ] GC(377) Using 8 workers of 8 for evacuation
[3291.730s][info][gc,phases      ] GC(377)   Pre Evacuate Collection Set: 0.25ms
[3291.730s][info][gc,phases      ] GC(377)   Merge Heap Roots: 0.59ms
[3291.730s][info][gc,phases      ] GC(377)   Evacuate Collection Set: 147.27ms
[3291.730s][info][gc,phases      ] GC(377)   Post Evacuate Collection Set: 1.10ms
[3291.730s][info][gc,phases      ] GC(377)   Other: 0.07ms
[3291.730s][info][gc,heap        ] GC(377) Eden regions: 571->0(571)
[3291.730s][info][gc,heap        ] GC(377) Survivor regions: 43->43(77)
[3291.730s][info][gc,heap        ] GC(377) Old regions: 246->253
[3291.730s][info][gc,heap        ] GC(377) Humongous regions: 33->33
[3291.730s][info][gc,metaspace   ] GC(377) Metaspace: 30005K(30528K)->30005K(30528K) NonClass: 26604K(26880K)->26604K(26880K) Class: 3400K(3648K)->3400K(3648K)
[3291.730s][info][gc             ] GC(377) Pause Young (Normal) (G1 Evacuation Pause) 7124M->2615M(8192M) 149.425ms
[3291.730s][info][gc,cpu         ] GC(377) User=1.18s Sys=0.00s Real=0.15s
.... (rIR:aIR:PR = 4566:4568:4568) (tPR = 68377) [OK] 
  3295s: Performance info:
         Transaction,    Success,    Partial,     Failed,   Receipts, AvgBarcode, 
             Overall,     274726,          0,          0,     260984,      59.48, 
         Response times:
             Request,    Success,    Partial,     Failed,   SkipFail,     Probes,    Samples,      min,      p50,      p90,      p95,      p99,      max, 
       TotalPurchase,     260984,          0,          0,          0,     256119,     283167,      300,     2900,     5100,     5800,    34000,   229000,
     InStorePurchase,     137338,          0,          0,          0,     135156,     149203,      400,     2900,     5000,     5800,    34960,   229000,
      OnlinePurchase,      96213,          0,          0,          0,      94488,     104460,      300,     2900,     5100,     5800,    33000,   229000,
        InstPurchase,      27433,          0,          0,          0,      26475,      29504,      500,     3000,     5100,     5900,    33000,   229000,
          AssocOfCat,        276,          0,          0,          0,        229,        339,    21000,    30000,    37000,    50000,   103200,   181000,
      AssocOfProduct,       2753,          0,          0,          0,       2547,       3017,      400,     3200,     5300,     6100,    31820,   160000,
      BusinessReport,        685,          0,          0,          0,        592,        781,    26000,    33000,    45000,    54900,   187180,   210000,
          CustBuyBeh,       2748,          0,          0,          0,       2568,       3065,      200,     3100,     5000,     5700,    43000,   157000,
       ProductReturn,       7280,          0,          0,          0,       6853,       7828,      200,     2700,     5000,     5700,    28000,   158000,

  3295s: (34%)   IR =   4705 ....[3299.888s][info][gc,start       ] GC(378) Pause Young (Normal) (G1 Evacuation Pause)
[3299.888s][info][gc,task        ] GC(378) Using 8 workers of 8 for evacuation
[3300.035s][info][gc,phases      ] GC(378)   Pre Evacuate Collection Set: 0.26ms
[3300.035s][info][gc,phases      ] GC(378)   Merge Heap Roots: 0.61ms
[3300.035s][info][gc,phases      ] GC(378)   Evacuate Collection Set: 145.33ms
[3300.035s][info][gc,phases      ] GC(378)   Post Evacuate Collection Set: 1.12ms
[3300.035s][info][gc,phases      ] GC(378)   Other: 0.06ms
[3300.035s][info][gc,heap        ] GC(378) Eden regions: 571->0(572)
[3300.035s][info][gc,heap        ] GC(378) Survivor regions: 43->42(77)
[3300.035s][info][gc,heap        ] GC(378) Old regions: 253->260
[3300.035s][info][gc,heap        ] GC(378) Humongous regions: 33->33
[3300.035s][info][gc,metaspace   ] GC(378) Metaspace: 30005K(30528K)->30005K(30528K) NonClass: 26604K(26880K)->26604K(26880K) Class: 3400K(3648K)->3400K(3648K)
[3300.035s][info][gc             ] GC(378) Pause Young (Normal) (G1 Evacuation Pause) 7183M->2663M(8192M) 147.525ms
[3300.035s][info][gc,cpu         ] GC(378) User=1.17s Sys=0.00s Real=0.14s
..|......[3308.132s][info][gc,start       ] GC(379) Pause Young (Normal) (G1 Evacuation Pause)
[3308.132s][info][gc,task        ] GC(379) Using 8 workers of 8 for evacuation
[3308.283s][info][gc,phases      ] GC(379)   Pre Evacuate Collection Set: 0.28ms
[3308.283s][info][gc,phases      ] GC(379)   Merge Heap Roots: 0.53ms
[3308.283s][info][gc,phases      ] GC(379)   Evacuate Collection Set: 148.73ms
[3308.283s][info][gc,phases      ] GC(379)   Post Evacuate Collection Set: 1.05ms
[3308.283s][info][gc,phases      ] GC(379)   Other: 0.08ms
[3308.283s][info][gc,heap        ] GC(379) Eden regions: 572->0(570)
[3308.283s][info][gc,heap        ] GC(379) Survivor regions: 42->44(77)
[3308.283s][info][gc,heap        ] GC(379) Old regions: 260->267
[3308.283s][info][gc,heap        ] GC(379) Humongous regions: 33->33
[3308.283s][info][gc,metaspace   ] GC(379) Metaspace: 30005K(30528K)->30005K(30528K) NonClass: 26604K(26880K)->26604K(26880K) Class: 3400K(3648K)->3400K(3648K)
[3308.283s][info][gc             ] GC(379) Pause Young (Normal) (G1 Evacuation Pause) 7239M->2734M(8192M) 150.789ms
[3308.283s][info][gc,cpu         ] GC(379) User=1.19s Sys=0.00s Real=0.15s
........[3316.279s][info][gc,start       ] GC(380) Pause Young (Normal) (G1 Evacuation Pause)
[3316.279s][info][gc,task        ] GC(380) Using 8 workers of 8 for evacuation
[3316.427s][info][gc,phases      ] GC(380)   Pre Evacuate Collection Set: 0.26ms
[3316.427s][info][gc,phases      ] GC(380)   Merge Heap Roots: 0.52ms
[3316.427s][info][gc,phases      ] GC(380)   Evacuate Collection Set: 146.58ms
[3316.427s][info][gc,phases      ] GC(380)   Post Evacuate Collection Set: 1.08ms
[3316.427s][info][gc,phases      ] GC(380)   Other: 0.06ms
[3316.427s][info][gc,heap        ] GC(380) Eden regions: 570->0(572)
[3316.427s][info][gc,heap        ] GC(380) Survivor regions: 44->42(77)
[3316.427s][info][gc,heap        ] GC(380) Old regions: 267->274
[3316.427s][info][gc,heap        ] GC(380) Humongous regions: 33->33
[3316.427s][info][gc,metaspace   ] GC(380) Metaspace: 30005K(30528K)->30005K(30528K) NonClass: 26604K(26880K)->26604K(26880K) Class: 3400K(3648K)->3400K(3648K)
[3316.427s][info][gc             ] GC(380) Pause Young (Normal) (G1 Evacuation Pause) 7294M->2776M(8192M) 148.626ms
[3316.427s][info][gc,cpu         ] GC(380) User=1.18s Sys=0.01s Real=0.15s
.........[3324.503s][info][gc,start       ] GC(381) Pause Young (Normal) (G1 Evacuation Pause)
[3324.503s][info][gc,task        ] GC(381) Using 8 workers of 8 for evacuation
[3324.651s][info][gc,phases      ] GC(381)   Pre Evacuate Collection Set: 0.25ms
[3324.652s][info][gc,phases      ] GC(381)   Merge Heap Roots: 0.60ms
[3324.652s][info][gc,phases      ] GC(381)   Evacuate Collection Set: 146.88ms
[3324.652s][info][gc,phases      ] GC(381)   Post Evacuate Collection Set: 1.07ms
[3324.652s][info][gc,phases      ] GC(381)   Other: 0.06ms
[3324.652s][info][gc,heap        ] GC(381) Eden regions: 572->0(572)
[3324.652s][info][gc,heap        ] GC(381) Survivor regions: 42->42(77)
[3324.652s][info][gc,heap        ] GC(381) Old regions: 274->281
[3324.652s][info][gc,heap        ] GC(381) Humongous regions: 33->33
[3324.652s][info][gc,metaspace   ] GC(381) Metaspace: 30005K(30528K)->30005K(30528K) NonClass: 26604K(26880K)->26604K(26880K) Class: 3400K(3648K)->3400K(3648K)
[3324.652s][info][gc             ] GC(381) Pause Young (Normal) (G1 Evacuation Pause) 7352M->2832M(8192M) 148.985ms
[3324.652s][info][gc,cpu         ] GC(381) User=1.18s Sys=0.00s Real=0.15s
........[3332.667s][info][gc,start       ] GC(382) Pause Young (Normal) (G1 Evacuation Pause)
[3332.667s][info][gc,task        ] GC(382) Using 8 workers of 8 for evacuation
[3332.816s][info][gc,phases      ] GC(382)   Pre Evacuate Collection Set: 0.25ms
[3332.816s][info][gc,phases      ] GC(382)   Merge Heap Roots: 0.52ms
[3332.816s][info][gc,phases      ] GC(382)   Evacuate Collection Set: 147.32ms
[3332.816s][info][gc,phases      ] GC(382)   Post Evacuate Collection Set: 1.06ms
[3332.816s][info][gc,phases      ] GC(382)   Other: 0.06ms
[3332.816s][info][gc,heap        ] GC(382) Eden regions: 572->0(563)
[3332.816s][info][gc,heap        ] GC(382) Survivor regions: 42->44(77)
[3332.816s][info][gc,heap        ] GC(382) Old regions: 281->288
[3332.816s][info][gc,heap        ] GC(382) Humongous regions: 33->33
[3332.816s][info][gc,metaspace   ] GC(382) Metaspace: 30005K(30528K)->30005K(30528K) NonClass: 26604K(26880K)->26604K(26880K) Class: 3400K(3648K)->3400K(3648K)
[3332.816s][info][gc             ] GC(382) Pause Young (Normal) (G1 Evacuation Pause) 7408M->2901M(8192M) 149.351ms
[3332.816s][info][gc,cpu         ] GC(382) User=1.18s Sys=0.00s Real=0.15s
........[3340.773s][info][gc,start       ] GC(383) Pause Young (Normal) (G1 Evacuation Pause)
[3340.773s][info][gc,task        ] GC(383) Using 8 workers of 8 for evacuation
[3340.923s][info][gc,phases      ] GC(383)   Pre Evacuate Collection Set: 0.25ms
[3340.923s][info][gc,phases      ] GC(383)   Merge Heap Roots: 0.60ms
[3340.923s][info][gc,phases      ] GC(383)   Evacuate Collection Set: 148.01ms
[3340.923s][info][gc,phases      ] GC(383)   Post Evacuate Collection Set: 1.07ms
[3340.923s][info][gc,phases      ] GC(383)   Other: 0.07ms
[3340.923s][info][gc,heap        ] GC(383) Eden regions: 563->0(558)
[3340.923s][info][gc,heap        ] GC(383) Survivor regions: 44->43(76)
[3340.923s][info][gc,heap        ] GC(383) Old regions: 288->295
[3340.923s][info][gc,heap        ] GC(383) Humongous regions: 33->33
[3340.923s][info][gc,metaspace   ] GC(383) Metaspace: 30005K(30528K)->30005K(30528K) NonClass: 26604K(26880K)->26604K(26880K) Class: 3400K(3648K)->3400K(3648K)
[3340.923s][info][gc             ] GC(383) Pause Young (Normal) (G1 Evacuation Pause) 7405M->2948M(8192M) 150.142ms
[3340.923s][info][gc,cpu         ] GC(383) User=1.19s Sys=0.00s Real=0.15s
........[3348.754s][info][gc,start       ] GC(384) Pause Young (Normal) (G1 Evacuation Pause)
[3348.754s][info][gc,task        ] GC(384) Using 8 workers of 8 for evacuation
[3348.902s][info][gc,phases      ] GC(384)   Pre Evacuate Collection Set: 0.27ms
[3348.902s][info][gc,phases      ] GC(384)   Merge Heap Roots: 0.57ms
[3348.902s][info][gc,phases      ] GC(384)   Evacuate Collection Set: 145.98ms
[3348.902s][info][gc,phases      ] GC(384)   Post Evacuate Collection Set: 1.03ms
[3348.902s][info][gc,phases      ] GC(384)   Other: 0.07ms
[3348.902s][info][gc,heap        ] GC(384) Eden regions: 558->0(553)
[3348.902s][info][gc,heap        ] GC(384) Survivor regions: 43->42(76)
[3348.902s][info][gc,heap        ] GC(384) Old regions: 295->302
[3348.902s][info][gc,heap        ] GC(384) Humongous regions: 33->33
[3348.902s][info][gc,metaspace   ] GC(384) Metaspace: 30005K(30528K)->30005K(30528K) NonClass: 26604K(26880K)->26604K(26880K) Class: 3400K(3648K)->3400K(3648K)
[3348.902s][info][gc             ] GC(384) Pause Young (Normal) (G1 Evacuation Pause) 7412M->3002M(8192M) 148.052ms
[3348.902s][info][gc,cpu         ] GC(384) User=1.17s Sys=0.00s Real=0.15s
........[3356.626s][info][gc,start       ] GC(385) Pause Young (Normal) (G1 Evacuation Pause)
[3356.626s][info][gc,task        ] GC(385) Using 8 workers of 8 for evacuation
[3356.779s][info][gc,phases      ] GC(385)   Pre Evacuate Collection Set: 0.26ms
[3356.779s][info][gc,phases      ] GC(385)   Merge Heap Roots: 0.57ms
[3356.779s][info][gc,phases      ] GC(385)   Evacuate Collection Set: 150.86ms
[3356.779s][info][gc,phases      ] GC(385)   Post Evacuate Collection Set: 1.06ms
[3356.779s][info][gc,phases      ] GC(385)   Other: 0.06ms
[3356.779s][info][gc,heap        ] GC(385) Eden regions: 553->0(541)
[3356.779s][info][gc,heap        ] GC(385) Survivor regions: 42->44(75)
[3356.779s][info][gc,heap        ] GC(385) Old regions: 302->310
[3356.779s][info][gc,heap        ] GC(385) Humongous regions: 33->33
[3356.779s][info][gc,metaspace   ] GC(385) Metaspace: 30005K(30528K)->30005K(30528K) NonClass: 26604K(26880K)->26604K(26880K) Class: 3400K(3648K)->3400K(3648K)
[3356.779s][info][gc             ] GC(385) Pause Young (Normal) (G1 Evacuation Pause) 7426M->3073M(8192M) 152.960ms
[3356.779s][info][gc,cpu         ] GC(385) User=1.21s Sys=0.00s Real=0.15s
..... (rIR:aIR:PR = 4705:4705:4705) (tPR = 69955) [OK] 
  3361s: Performance info:
         Transaction,    Success,    Partial,     Failed,   Receipts, AvgBarcode, 
             Overall,     282631,          0,          0,     268496,      59.48, 
         Response times:
             Request,    Success,    Partial,     Failed,   SkipFail,     Probes,    Samples,      min,      p50,      p90,      p95,      p99,      max, 
       TotalPurchase,     268496,          0,          0,          0,     262889,     290913,      400,     3000,     5200,     6000,    32000,   205000,
     InStorePurchase,     141342,          0,          0,          0,     138861,     153393,      400,     3000,     5200,     5900,    32000,   205000,
      OnlinePurchase,      98912,          0,          0,          0,      96646,     106700,      400,     3000,     5200,     6000,    31000,   205000,
        InstPurchase,      28242,          0,          0,          0,      27382,      30820,      400,     3000,     5200,     6000,    31000,   160000,
          AssocOfCat,        282,          0,          0,          0,        211,        298,    22000,    31000,    37000,    47050,    87070,   203000,
      AssocOfProduct,       2821,          0,          0,          0,       2580,       3040,      700,     3400,     5600,     6300,    26590,   154000,
      BusinessReport,        707,          0,          0,          0,        613,        803,    25000,    34000,    48000,    53000,    95880,   211000,
          CustBuyBeh,       2834,          0,          0,          0,       2564,       2983,      300,     3000,     5100,     5980,    33000,   157000,
       ProductReturn,       7491,          0,          0,          0,       7070,       8111,      200,     2700,     5100,     5800,    34000,   155000,

  3361s: (35%)   IR =   4843 ..[3364.342s][info][gc,start       ] GC(386) Pause Young (Normal) (G1 Evacuation Pause)
[3364.342s][info][gc,task        ] GC(386) Using 8 workers of 8 for evacuation
[3364.493s][info][gc,phases      ] GC(386)   Pre Evacuate Collection Set: 0.25ms
[3364.493s][info][gc,phases      ] GC(386)   Merge Heap Roots: 0.53ms
[3364.493s][info][gc,phases      ] GC(386)   Evacuate Collection Set: 148.54ms
[3364.493s][info][gc,phases      ] GC(386)   Post Evacuate Collection Set: 1.07ms
[3364.493s][info][gc,phases      ] GC(386)   Other: 0.07ms
[3364.493s][info][gc,heap        ] GC(386) Eden regions: 541->0(538)
[3364.493s][info][gc,heap        ] GC(386) Survivor regions: 44->42(74)
[3364.493s][info][gc,heap        ] GC(386) Old regions: 310->317
[3364.493s][info][gc,heap        ] GC(386) Humongous regions: 33->33
[3364.493s][info][gc,metaspace   ] GC(386) Metaspace: 30005K(30528K)->30005K(30528K) NonClass: 26604K(26880K)->26604K(26880K) Class: 3400K(3648K)->3400K(3648K)
[3364.493s][info][gc             ] GC(386) Pause Young (Normal) (G1 Evacuation Pause) 7401M->3122M(8192M) 150.622ms
[3364.493s][info][gc,cpu         ] GC(386) User=1.19s Sys=0.00s Real=0.15s
....|....[3371.786s][info][gc,start       ] GC(387) Pause Young (Normal) (G1 Evacuation Pause)
[3371.787s][info][gc,task        ] GC(387) Using 8 workers of 8 for evacuation
[3371.934s][info][gc,phases      ] GC(387)   Pre Evacuate Collection Set: 0.28ms
[3371.934s][info][gc,phases      ] GC(387)   Merge Heap Roots: 0.60ms
[3371.934s][info][gc,phases      ] GC(387)   Evacuate Collection Set: 145.82ms
[3371.934s][info][gc,phases      ] GC(387)   Post Evacuate Collection Set: 1.09ms
[3371.934s][info][gc,phases      ] GC(387)   Other: 0.08ms
[3371.934s][info][gc,heap        ] GC(387) Eden regions: 538->0(530)
[3371.934s][info][gc,heap        ] GC(387) Survivor regions: 42->42(73)
[3371.934s][info][gc,heap        ] GC(387) Old regions: 317->325
[3371.934s][info][gc,heap        ] GC(387) Humongous regions: 33->33
[3371.934s][info][gc,metaspace   ] GC(387) Metaspace: 30005K(30528K)->30005K(30528K) NonClass: 26604K(26880K)->26604K(26880K) Class: 3400K(3648K)->3400K(3648K)
[3371.934s][info][gc             ] GC(387) Pause Young (Normal) (G1 Evacuation Pause) 7426M->3179M(8192M) 148.006ms
[3371.935s][info][gc,cpu         ] GC(387) User=1.17s Sys=0.00s Real=0.14s
.......[3379.186s][info][gc,start       ] GC(388) Pause Young (Concurrent Start) (G1 Evacuation Pause)
[3379.186s][info][gc,task        ] GC(388) Using 8 workers of 8 for evacuation
[3379.332s][info][gc,phases      ] GC(388)   Pre Evacuate Collection Set: 0.30ms
[3379.332s][info][gc,phases      ] GC(388)   Merge Heap Roots: 0.52ms
[3379.332s][info][gc,phases      ] GC(388)   Evacuate Collection Set: 143.48ms
[3379.332s][info][gc,phases      ] GC(388)   Post Evacuate Collection Set: 1.00ms
[3379.332s][info][gc,phases      ] GC(388)   Other: 0.09ms
[3379.332s][info][gc,heap        ] GC(388) Eden regions: 530->0(525)
[3379.332s][info][gc,heap        ] GC(388) Survivor regions: 42->41(72)
[3379.332s][info][gc,heap        ] GC(388) Old regions: 325->332
[3379.332s][info][gc,heap        ] GC(388) Humongous regions: 33->33
[3379.332s][info][gc,metaspace   ] GC(388) Metaspace: 30005K(30528K)->30005K(30528K) NonClass: 26604K(26880K)->26604K(26880K) Class: 3400K(3648K)->3400K(3648K)
[3379.332s][info][gc             ] GC(388) Pause Young (Concurrent Start) (G1 Evacuation Pause) 7419M->3230M(8192M) 145.514ms
[3379.332s][info][gc             ] GC(389) Concurrent Mark Cycle
[3379.332s][info][gc,marking     ] GC(389) Concurrent Scan Root Regions
[3379.332s][info][gc,cpu         ] GC(388) User=1.16s Sys=0.00s Real=0.14s
.[3379.586s][info][gc,marking     ] GC(389) Concurrent Scan Root Regions 253.879ms
[3379.586s][info][gc,marking     ] GC(389) Concurrent Mark
[3379.586s][info][gc,marking     ] GC(389) Concurrent Mark From Roots
[3379.586s][info][gc,task        ] GC(389) Using 2 workers of 2 for marking
[3380.193s][info][gc,marking     ] GC(389) Concurrent Mark From Roots 607.143ms
[3380.193s][info][gc,marking     ] GC(389) Concurrent Preclean
[3380.193s][info][gc,marking     ] GC(389) Concurrent Preclean 0.126ms
[3380.193s][info][gc,start       ] GC(389) Pause Remark
[3380.195s][info][gc             ] GC(389) Pause Remark 3814M->3102M(8192M) 1.432ms
[3380.195s][info][gc,cpu         ] GC(389) User=0.01s Sys=0.00s Real=0.00s
[3380.195s][info][gc,marking     ] GC(389) Concurrent Mark 608.989ms
[3380.195s][info][gc,marking     ] GC(389) Concurrent Rebuild Remembered Sets and Scrub Regions
.[3380.567s][info][gc,marking     ] GC(389) Concurrent Rebuild Remembered Sets and Scrub Regions 371.588ms
[3380.567s][info][gc,start       ] GC(389) Pause Cleanup
[3380.567s][info][gc             ] GC(389) Pause Cleanup 3358M->3358M(8192M) 0.280ms
[3380.567s][info][gc,cpu         ] GC(389) User=0.00s Sys=0.00s Real=0.00s
[3380.567s][info][gc,marking     ] GC(389) Concurrent Clear Claimed Marks
[3380.567s][info][gc,marking     ] GC(389) Concurrent Clear Claimed Marks 0.042ms
[3380.567s][info][gc,marking     ] GC(389) Concurrent Cleanup for Next Mark
[3380.574s][info][gc,marking     ] GC(389) Concurrent Cleanup for Next Mark 6.570ms
[3380.574s][info][gc             ] GC(389) Concurrent Mark Cycle 1241.688ms
......[3386.563s][info][gc,start       ] GC(390) Pause Young (Prepare Mixed) (G1 Evacuation Pause)
[3386.563s][info][gc,task        ] GC(390) Using 8 workers of 8 for evacuation
[3386.709s][info][gc,phases      ] GC(390)   Pre Evacuate Collection Set: 0.28ms
[3386.709s][info][gc,phases      ] GC(390)   Merge Heap Roots: 0.74ms
[3386.709s][info][gc,phases      ] GC(390)   Evacuate Collection Set: 143.71ms
[3386.709s][info][gc,phases      ] GC(390)   Post Evacuate Collection Set: 1.16ms
[3386.709s][info][gc,phases      ] GC(390)   Other: 0.07ms
[3386.709s][info][gc,heap        ] GC(390) Eden regions: 525->0(573)
[3386.709s][info][gc,heap        ] GC(390) Survivor regions: 41->41(71)
[3386.709s][info][gc,heap        ] GC(390) Old regions: 243->251
[3386.709s][info][gc,heap        ] GC(390) Humongous regions: 33->33
[3386.709s][info][gc,metaspace   ] GC(390) Metaspace: 30005K(30528K)->30005K(30528K) NonClass: 26604K(26880K)->26604K(26880K) Class: 3400K(3648K)->3400K(3648K)
[3386.709s][info][gc             ] GC(390) Pause Young (Prepare Mixed) (G1 Evacuation Pause) 6718M->2578M(8192M) 146.109ms
[3386.709s][info][gc,cpu         ] GC(390) User=1.15s Sys=0.00s Real=0.15s
.......[3394.461s][info][gc,start       ] GC(391) Pause Young (Mixed) (G1 Evacuation Pause)
[3394.461s][info][gc,task        ] GC(391) Using 8 workers of 8 for evacuation
[3394.613s][info][gc,phases      ] GC(391)   Pre Evacuate Collection Set: 0.31ms
[3394.613s][info][gc,phases      ] GC(391)   Merge Heap Roots: 0.78ms
[3394.613s][info][gc,phases      ] GC(391)   Evacuate Collection Set: 149.26ms
[3394.613s][info][gc,phases      ] GC(391)   Post Evacuate Collection Set: 1.26ms
[3394.613s][info][gc,phases      ] GC(391)   Other: 0.07ms
[3394.613s][info][gc,heap        ] GC(391) Eden regions: 573->0(572)
[3394.613s][info][gc,heap        ] GC(391) Survivor regions: 41->42(77)
[3394.613s][info][gc,heap        ] GC(391) Old regions: 251->156
[3394.613s][info][gc,heap        ] GC(391) Humongous regions: 33->33
[3394.613s][info][gc,metaspace   ] GC(391) Metaspace: 30005K(30528K)->30005K(30528K) NonClass: 26604K(26880K)->26604K(26880K) Class: 3400K(3648K)->3400K(3648K)
[3394.613s][info][gc             ] GC(391) Pause Young (Mixed) (G1 Evacuation Pause) 7162M->1826M(8192M) 151.816ms
[3394.613s][info][gc,cpu         ] GC(391) User=1.20s Sys=0.00s Real=0.15s
........[3402.450s][info][gc,start       ] GC(392) Pause Young (Mixed) (G1 Evacuation Pause)
[3402.450s][info][gc,task        ] GC(392) Using 8 workers of 8 for evacuation
[3402.603s][info][gc,phases      ] GC(392)   Pre Evacuate Collection Set: 0.28ms
[3402.603s][info][gc,phases      ] GC(392)   Merge Heap Roots: 0.77ms
[3402.603s][info][gc,phases      ] GC(392)   Evacuate Collection Set: 151.15ms
[3402.603s][info][gc,phases      ] GC(392)   Post Evacuate Collection Set: 1.08ms
[3402.603s][info][gc,phases      ] GC(392)   Other: 0.07ms
[3402.603s][info][gc,heap        ] GC(392) Eden regions: 572->0(571)
[3402.603s][info][gc,heap        ] GC(392) Survivor regions: 42->43(77)
[3402.603s][info][gc,heap        ] GC(392) Old regions: 156->142
[3402.603s][info][gc,heap        ] GC(392) Humongous regions: 33->33
[3402.603s][info][gc,metaspace   ] GC(392) Metaspace: 30005K(30528K)->30005K(30528K) NonClass: 26604K(26880K)->26604K(26880K) Class: 3400K(3648K)->3400K(3648K)
[3402.603s][info][gc             ] GC(392) Pause Young (Mixed) (G1 Evacuation Pause) 6402M->1727M(8192M) 153.476ms
[3402.603s][info][gc,cpu         ] GC(392) User=1.22s Sys=0.00s Real=0.15s
........[3410.367s][info][gc,start       ] GC(393) Pause Young (Normal) (G1 Evacuation Pause)
[3410.367s][info][gc,task        ] GC(393) Using 8 workers of 8 for evacuation
[3410.517s][info][gc,phases      ] GC(393)   Pre Evacuate Collection Set: 0.23ms
[3410.517s][info][gc,phases      ] GC(393)   Merge Heap Roots: 0.67ms
[3410.517s][info][gc,phases      ] GC(393)   Evacuate Collection Set: 148.28ms
[3410.517s][info][gc,phases      ] GC(393)   Post Evacuate Collection Set: 1.03ms
[3410.517s][info][gc,phases      ] GC(393)   Other: 0.06ms
[3410.517s][info][gc,heap        ] GC(393) Eden regions: 571->0(571)
[3410.517s][info][gc,heap        ] GC(393) Survivor regions: 43->43(77)
[3410.517s][info][gc,heap        ] GC(393) Old regions: 142->149
[3410.517s][info][gc,heap        ] GC(393) Humongous regions: 33->33
[3410.517s][info][gc,metaspace   ] GC(393) Metaspace: 30005K(30528K)->30005K(30528K) NonClass: 26604K(26880K)->26604K(26880K) Class: 3400K(3648K)->3400K(3648K)
[3410.517s][info][gc             ] GC(393) Pause Young (Normal) (G1 Evacuation Pause) 6295M->1787M(8192M) 150.416ms
[3410.517s][info][gc,cpu         ] GC(393) User=1.19s Sys=0.00s Real=0.15s
........[3418.311s][info][gc,start       ] GC(394) Pause Young (Normal) (G1 Evacuation Pause)
[3418.311s][info][gc,task        ] GC(394) Using 8 workers of 8 for evacuation
[3418.460s][info][gc,phases      ] GC(394)   Pre Evacuate Collection Set: 0.28ms
[3418.460s][info][gc,phases      ] GC(394)   Merge Heap Roots: 0.53ms
[3418.460s][info][gc,phases      ] GC(394)   Evacuate Collection Set: 147.31ms
[3418.460s][info][gc,phases      ] GC(394)   Post Evacuate Collection Set: 1.05ms
[3418.460s][info][gc,phases      ] GC(394)   Other: 0.06ms
[3418.460s][info][gc,heap        ] GC(394) Eden regions: 571->0(571)
[3418.460s][info][gc,heap        ] GC(394) Survivor regions: 43->43(77)
[3418.460s][info][gc,heap        ] GC(394) Old regions: 149->157
[3418.460s][info][gc,heap        ] GC(394) Humongous regions: 33->33
[3418.460s][info][gc,metaspace   ] GC(394) Metaspace: 30005K(30528K)->30005K(30528K) NonClass: 26604K(26880K)->26604K(26880K) Class: 3400K(3648K)->3400K(3648K)
[3418.460s][info][gc             ] GC(394) Pause Young (Normal) (G1 Evacuation Pause) 6355M->1842M(8192M) 149.378ms
[3418.460s][info][gc,cpu         ] GC(394) User=1.18s Sys=0.00s Real=0.15s
........[3426.251s][info][gc,start       ] GC(395) Pause Young (Normal) (G1 Evacuation Pause)
[3426.251s][info][gc,task        ] GC(395) Using 8 workers of 8 for evacuation
[3426.399s][info][gc,phases      ] GC(395)   Pre Evacuate Collection Set: 0.25ms
[3426.399s][info][gc,phases      ] GC(395)   Merge Heap Roots: 0.60ms
[3426.399s][info][gc,phases      ] GC(395)   Evacuate Collection Set: 145.59ms
[3426.399s][info][gc,phases      ] GC(395)   Post Evacuate Collection Set: 1.08ms
[3426.399s][info][gc,phases      ] GC(395)   Other: 0.07ms
[3426.399s][info][gc,heap        ] GC(395) Eden regions: 571->0(572)
[3426.399s][info][gc,heap        ] GC(395) Survivor regions: 43->42(77)
[3426.399s][info][gc,heap        ] GC(395) Old regions: 157->164
[3426.399s][info][gc,heap        ] GC(395) Humongous regions: 33->33
[3426.399s][info][gc,metaspace   ] GC(395) Metaspace: 30005K(30528K)->30005K(30528K) NonClass: 26604K(26880K)->26604K(26880K) Class: 3400K(3648K)->3400K(3648K)
[3426.399s][info][gc             ] GC(395) Pause Young (Normal) (G1 Evacuation Pause) 6410M->1895M(8192M) 147.715ms
[3426.399s][info][gc,cpu         ] GC(395) User=1.17s Sys=0.00s Real=0.15s
.. (rIR:aIR:PR = 4843:4842:4842) (tPR = 72319) [OK] 
  3427s: Performance info:
         Transaction,    Success,    Partial,     Failed,   Receipts, AvgBarcode, 
             Overall,     291164,          0,          0,     276601,      59.48, 
         Response times:
             Request,    Success,    Partial,     Failed,   SkipFail,     Probes,    Samples,      min,      p50,      p90,      p95,      p99,      max, 
       TotalPurchase,     276601,          0,          0,          0,     270192,     299962,      300,     3100,     5400,     6400,    30000,   297000,
     InStorePurchase,     145569,          0,          0,          0,     142450,     158016,      400,     3000,     5400,     6400,    31000,   297000,
      OnlinePurchase,     101942,          0,          0,          0,      99694,     110709,      300,     3100,     5500,     6500,    28000,   297000,
        InstPurchase,      29090,          0,          0,          0,      28048,      31237,      500,     3300,     5600,     6600,    33000,   297000,
          AssocOfCat,        290,          0,          0,          0,        223,        313,    19800,    31000,    41000,    54300,    68580,   106000,
      AssocOfProduct,       2911,          0,          0,          0,       2686,       3182,      700,     3800,     6000,     7300,    33170,   292000,
      BusinessReport,        727,          0,          0,          0,        625,        790,    27000,    35000,    50000,    56000,   130810,   215000,
          CustBuyBeh,       2914,          0,          0,          0,       2700,       3149,      200,     2700,     5200,     6100,    27500,   156000,
       ProductReturn,       7721,          0,          0,          0,       7337,       8434,      200,     2700,     5200,     6100,    29000,   157000,

  3427s: (36%)   IR =   4981 .....|.[3434.053s][info][gc,start       ] GC(396) Pause Young (Normal) (G1 Evacuation Pause)
[3434.053s][info][gc,task        ] GC(396) Using 8 workers of 8 for evacuation
[3434.201s][info][gc,phases      ] GC(396)   Pre Evacuate Collection Set: 0.25ms
[3434.201s][info][gc,phases      ] GC(396)   Merge Heap Roots: 0.52ms
[3434.201s][info][gc,phases      ] GC(396)   Evacuate Collection Set: 146.32ms
[3434.201s][info][gc,phases      ] GC(396)   Post Evacuate Collection Set: 1.10ms
[3434.201s][info][gc,phases      ] GC(396)   Other: 0.06ms
[3434.201s][info][gc,heap        ] GC(396) Eden regions: 572->0(572)
[3434.201s][info][gc,heap        ] GC(396) Survivor regions: 42->42(77)
[3434.201s][info][gc,heap        ] GC(396) Old regions: 164->171
[3434.201s][info][gc,heap        ] GC(396) Humongous regions: 33->33
[3434.201s][info][gc,metaspace   ] GC(396) Metaspace: 30007K(30528K)->30007K(30528K) NonClass: 26607K(26880K)->26607K(26880K) Class: 3400K(3648K)->3400K(3648K)
[3434.201s][info][gc             ] GC(396) Pause Young (Normal) (G1 Evacuation Pause) 6471M->1950M(8192M) 148.391ms
[3434.201s][info][gc,cpu         ] GC(396) User=1.17s Sys=0.00s Real=0.15s
........[3441.815s][info][gc,start       ] GC(397) Pause Young (Normal) (G1 Evacuation Pause)
[3441.815s][info][gc,task        ] GC(397) Using 8 workers of 8 for evacuation
[3441.967s][info][gc,phases      ] GC(397)   Pre Evacuate Collection Set: 0.27ms
[3441.967s][info][gc,phases      ] GC(397)   Merge Heap Roots: 0.52ms
[3441.967s][info][gc,phases      ] GC(397)   Evacuate Collection Set: 150.35ms
[3441.967s][info][gc,phases      ] GC(397)   Post Evacuate Collection Set: 1.04ms
[3441.967s][info][gc,phases      ] GC(397)   Other: 0.07ms
[3441.967s][info][gc,heap        ] GC(397) Eden regions: 572->0(570)
[3441.967s][info][gc,heap        ] GC(397) Survivor regions: 42->44(77)
[3441.967s][info][gc,heap        ] GC(397) Old regions: 171->177
[3441.967s][info][gc,heap        ] GC(397) Humongous regions: 33->33
[3441.967s][info][gc,metaspace   ] GC(397) Metaspace: 30007K(30528K)->30007K(30528K) NonClass: 26607K(26880K)->26607K(26880K) Class: 3400K(3648K)->3400K(3648K)
[3441.967s][info][gc             ] GC(397) Pause Young (Normal) (G1 Evacuation Pause) 6526M->2015M(8192M) 152.379ms
[3441.967s][info][gc,cpu         ] GC(397) User=1.20s Sys=0.00s Real=0.16s
.......[3449.427s][info][gc,start       ] GC(398) Pause Young (Normal) (G1 Evacuation Pause)
[3449.427s][info][gc,task        ] GC(398) Using 8 workers of 8 for evacuation
[3449.579s][info][gc,phases      ] GC(398)   Pre Evacuate Collection Set: 0.27ms
[3449.579s][info][gc,phases      ] GC(398)   Merge Heap Roots: 0.60ms
[3449.579s][info][gc,phases      ] GC(398)   Evacuate Collection Set: 150.48ms
[3449.579s][info][gc,phases      ] GC(398)   Post Evacuate Collection Set: 1.04ms
[3449.579s][info][gc,phases      ] GC(398)   Other: 0.06ms
[3449.579s][info][gc,heap        ] GC(398) Eden regions: 570->0(570)
[3449.579s][info][gc,heap        ] GC(398) Survivor regions: 44->44(77)
[3449.579s][info][gc,heap        ] GC(398) Old regions: 177->184
[3449.579s][info][gc,heap        ] GC(398) Humongous regions: 33->33
[3449.579s][info][gc,metaspace   ] GC(398) Metaspace: 30007K(30528K)->30007K(30528K) NonClass: 26607K(26880K)->26607K(26880K) Class: 3400K(3648K)->3400K(3648K)
[3449.579s][info][gc             ] GC(398) Pause Young (Normal) (G1 Evacuation Pause) 6575M->2071M(8192M) 152.572ms
[3449.579s][info][gc,cpu         ] GC(398) User=1.21s Sys=0.00s Real=0.15s
........[3457.261s][info][gc,start       ] GC(399) Pause Young (Normal) (G1 Evacuation Pause)
[3457.261s][info][gc,task        ] GC(399) Using 8 workers of 8 for evacuation
[3457.412s][info][gc,phases      ] GC(399)   Pre Evacuate Collection Set: 0.26ms
[3457.412s][info][gc,phases      ] GC(399)   Merge Heap Roots: 0.65ms
[3457.412s][info][gc,phases      ] GC(399)   Evacuate Collection Set: 149.06ms
[3457.412s][info][gc,phases      ] GC(399)   Post Evacuate Collection Set: 1.05ms
[3457.412s][info][gc,phases      ] GC(399)   Other: 0.07ms
[3457.412s][info][gc,heap        ] GC(399) Eden regions: 570->0(571)
[3457.412s][info][gc,heap        ] GC(399) Survivor regions: 44->43(77)
[3457.412s][info][gc,heap        ] GC(399) Old regions: 184->191
[3457.412s][info][gc,heap        ] GC(399) Humongous regions: 33->33
[3457.412s][info][gc,metaspace   ] GC(399) Metaspace: 30007K(30528K)->30007K(30528K) NonClass: 26607K(26880K)->26607K(26880K) Class: 3400K(3648K)->3400K(3648K)
[3457.412s][info][gc             ] GC(399) Pause Young (Normal) (G1 Evacuation Pause) 6631M->2123M(8192M) 151.221ms
[3457.412s][info][gc,cpu         ] GC(399) User=1.20s Sys=0.00s Real=0.15s
........[3465.002s][info][gc,start       ] GC(400) Pause Young (Normal) (G1 Evacuation Pause)
[3465.002s][info][gc,task        ] GC(400) Using 8 workers of 8 for evacuation
[3465.153s][info][gc,phases      ] GC(400)   Pre Evacuate Collection Set: 0.21ms
[3465.153s][info][gc,phases      ] GC(400)   Merge Heap Roots: 0.53ms
[3465.153s][info][gc,phases      ] GC(400)   Evacuate Collection Set: 149.18ms
[3465.153s][info][gc,phases      ] GC(400)   Post Evacuate Collection Set: 1.06ms
[3465.153s][info][gc,phases      ] GC(400)   Other: 0.07ms
[3465.153s][info][gc,heap        ] GC(400) Eden regions: 571->0(571)
[3465.153s][info][gc,heap        ] GC(400) Survivor regions: 43->43(77)
[3465.153s][info][gc,heap        ] GC(400) Old regions: 191->198
[3465.153s][info][gc,heap        ] GC(400) Humongous regions: 33->33
[3465.153s][info][gc,metaspace   ] GC(400) Metaspace: 30007K(30528K)->30007K(30528K) NonClass: 26607K(26880K)->26607K(26880K) Class: 3400K(3648K)->3400K(3648K)
[3465.153s][info][gc             ] GC(400) Pause Young (Normal) (G1 Evacuation Pause) 6691M->2178M(8192M) 151.187ms
[3465.153s][info][gc,cpu         ] GC(400) User=1.20s Sys=0.00s Real=0.15s
.......[3472.683s][info][gc,start       ] GC(401) Pause Young (Normal) (G1 Evacuation Pause)
[3472.683s][info][gc,task        ] GC(401) Using 8 workers of 8 for evacuation
[3472.834s][info][gc,phases      ] GC(401)   Pre Evacuate Collection Set: 0.28ms
[3472.834s][info][gc,phases      ] GC(401)   Merge Heap Roots: 0.59ms
[3472.834s][info][gc,phases      ] GC(401)   Evacuate Collection Set: 148.87ms
[3472.834s][info][gc,phases      ] GC(401)   Post Evacuate Collection Set: 1.04ms
[3472.834s][info][gc,phases      ] GC(401)   Other: 0.06ms
[3472.834s][info][gc,heap        ] GC(401) Eden regions: 571->0(572)
[3472.834s][info][gc,heap        ] GC(401) Survivor regions: 43->42(77)
[3472.834s][info][gc,heap        ] GC(401) Old regions: 198->205
[3472.834s][info][gc,heap        ] GC(401) Humongous regions: 33->33
[3472.834s][info][gc,metaspace   ] GC(401) Metaspace: 30007K(30528K)->30007K(30528K) NonClass: 26607K(26880K)->26607K(26880K) Class: 3400K(3648K)->3400K(3648K)
[3472.834s][info][gc             ] GC(401) Pause Young (Normal) (G1 Evacuation Pause) 6746M->2224M(8192M) 150.971ms
[3472.834s][info][gc,cpu         ] GC(401) User=1.19s Sys=0.00s Real=0.15s
........[3480.489s][info][gc,start       ] GC(402) Pause Young (Normal) (G1 Evacuation Pause)
[3480.490s][info][gc,task        ] GC(402) Using 8 workers of 8 for evacuation
[3480.639s][info][gc,phases      ] GC(402)   Pre Evacuate Collection Set: 0.26ms
[3480.639s][info][gc,phases      ] GC(402)   Merge Heap Roots: 0.59ms
[3480.639s][info][gc,phases      ] GC(402)   Evacuate Collection Set: 147.81ms
[3480.639s][info][gc,phases      ] GC(402)   Post Evacuate Collection Set: 1.08ms
[3480.639s][info][gc,phases      ] GC(402)   Other: 0.06ms
[3480.639s][info][gc,heap        ] GC(402) Eden regions: 572->0(571)
[3480.639s][info][gc,heap        ] GC(402) Survivor regions: 42->43(77)
[3480.639s][info][gc,heap        ] GC(402) Old regions: 205->212
[3480.639s][info][gc,heap        ] GC(402) Humongous regions: 33->33
[3480.639s][info][gc,metaspace   ] GC(402) Metaspace: 30007K(30528K)->30007K(30528K) NonClass: 26607K(26880K)->26607K(26880K) Class: 3400K(3648K)->3400K(3648K)
[3480.639s][info][gc             ] GC(402) Pause Young (Normal) (G1 Evacuation Pause) 6800M->2285M(8192M) 149.952ms
[3480.639s][info][gc,cpu         ] GC(402) User=1.18s Sys=0.00s Real=0.15s
........[3488.147s][info][gc,start       ] GC(403) Pause Young (Normal) (G1 Evacuation Pause)
[3488.147s][info][gc,task        ] GC(403) Using 8 workers of 8 for evacuation
[3488.294s][info][gc,phases      ] GC(403)   Pre Evacuate Collection Set: 0.27ms
[3488.294s][info][gc,phases      ] GC(403)   Merge Heap Roots: 0.60ms
[3488.295s][info][gc,phases      ] GC(403)   Evacuate Collection Set: 145.06ms
[3488.295s][info][gc,phases      ] GC(403)   Post Evacuate Collection Set: 1.07ms
[3488.295s][info][gc,phases      ] GC(403)   Other: 0.07ms
[3488.295s][info][gc,heap        ] GC(403) Eden regions: 571->0(572)
[3488.295s][info][gc,heap        ] GC(403) Survivor regions: 43->42(77)
[3488.295s][info][gc,heap        ] GC(403) Old regions: 212->219
[3488.295s][info][gc,heap        ] GC(403) Humongous regions: 33->33
[3488.295s][info][gc,metaspace   ] GC(403) Metaspace: 30007K(30528K)->30007K(30528K) NonClass: 26607K(26880K)->26607K(26880K) Class: 3400K(3648K)->3400K(3648K)
[3488.295s][info][gc             ] GC(403) Pause Young (Normal) (G1 Evacuation Pause) 6853M->2336M(8192M) 147.185ms
[3488.295s][info][gc,cpu         ] GC(403) User=1.17s Sys=0.00s Real=0.14s
..... (rIR:aIR:PR = 4981:4980:4980) (tPR = 73760) [OK] 
  3492s: Performance info:
         Transaction,    Success,    Partial,     Failed,   Receipts, AvgBarcode, 
             Overall,     299648,          0,          0,     284671,      59.47, 
         Response times:
             Request,    Success,    Partial,     Failed,   SkipFail,     Probes,    Samples,      min,      p50,      p90,      p95,      p99,      max, 
       TotalPurchase,     284671,          0,          0,          0,     278759,     303843,      300,     3200,     5600,     6400,    34000,   253000,
     InStorePurchase,     149780,          0,          0,          0,     146898,     159950,      400,     3200,     5500,     6400,    34000,   253000,
      OnlinePurchase,     104881,          0,          0,          0,     102826,     112003,      300,     3100,     5600,     6500,    33000,   252000,
        InstPurchase,      30010,          0,          0,          0,      29035,      31890,      500,     3100,     5600,     6400,    34000,   253000,
          AssocOfCat,        300,          0,          0,          0,        230,        301,    24000,    32000,    40000,    46000,    96960,   196000,
      AssocOfProduct,       2999,          0,          0,          0,       2756,       3141,      700,     3600,     6000,     6800,    29580,   161000,
      BusinessReport,        749,          0,          0,          0,        639,        806,    24000,    34000,    49000,    54650,    83860,   209000,
          CustBuyBeh,       2995,          0,          0,          0,       2728,       3098,      200,     2300,     5600,     6500,    30000,   159000,
       ProductReturn,       7934,          0,          0,          0,       7612,       8551,      300,     3200,     5600,     6400,    36000,   237000,

  3492s: (37%)   IR =   5120 ..[3495.809s][info][gc,start       ] GC(404) Pause Young (Normal) (G1 Evacuation Pause)
[3495.809s][info][gc,task        ] GC(404) Using 8 workers of 8 for evacuation
[3495.961s][info][gc,phases      ] GC(404)   Pre Evacuate Collection Set: 0.24ms
[3495.961s][info][gc,phases      ] GC(404)   Merge Heap Roots: 0.54ms
[3495.961s][info][gc,phases      ] GC(404)   Evacuate Collection Set: 149.51ms
[3495.961s][info][gc,phases      ] GC(404)   Post Evacuate Collection Set: 1.09ms
[3495.961s][info][gc,phases      ] GC(404)   Other: 0.06ms
[3495.961s][info][gc,heap        ] GC(404) Eden regions: 572->0(570)
[3495.961s][info][gc,heap        ] GC(404) Survivor regions: 42->44(77)
[3495.961s][info][gc,heap        ] GC(404) Old regions: 219->226
[3495.961s][info][gc,heap        ] GC(404) Humongous regions: 33->33
[3495.961s][info][gc,metaspace   ] GC(404) Metaspace: 30007K(30528K)->30007K(30528K) NonClass: 26607K(26880K)->26607K(26880K) Class: 3400K(3648K)->3400K(3648K)
[3495.961s][info][gc             ] GC(404) Pause Young (Normal) (G1 Evacuation Pause) 6912M->2405M(8192M) 151.606ms
[3495.961s][info][gc,cpu         ] GC(404) User=1.20s Sys=0.00s Real=0.15s
.....|...[3503.350s][info][gc,start       ] GC(405) Pause Young (Normal) (G1 Evacuation Pause)
[3503.350s][info][gc,task        ] GC(405) Using 8 workers of 8 for evacuation
[3503.498s][info][gc,phases      ] GC(405)   Pre Evacuate Collection Set: 0.26ms
[3503.498s][info][gc,phases      ] GC(405)   Merge Heap Roots: 0.58ms
[3503.498s][info][gc,phases      ] GC(405)   Evacuate Collection Set: 146.00ms
[3503.498s][info][gc,phases      ] GC(405)   Post Evacuate Collection Set: 1.03ms
[3503.498s][info][gc,phases      ] GC(405)   Other: 0.07ms
[3503.498s][info][gc,heap        ] GC(405) Eden regions: 570->0(571)
[3503.498s][info][gc,heap        ] GC(405) Survivor regions: 44->43(77)
[3503.498s][info][gc,heap        ] GC(405) Old regions: 226->233
[3503.498s][info][gc,heap        ] GC(405) Humongous regions: 33->33
[3503.498s][info][gc,metaspace   ] GC(405) Metaspace: 30007K(30528K)->30007K(30528K) NonClass: 26607K(26880K)->26607K(26880K) Class: 3400K(3648K)->3400K(3648K)
[3503.498s][info][gc             ] GC(405) Pause Young (Normal) (G1 Evacuation Pause) 6965M->2457M(8192M) 148.068ms
[3503.498s][info][gc,cpu         ] GC(405) User=1.17s Sys=0.00s Real=0.15s
.......[3510.873s][info][gc,start       ] GC(406) Pause Young (Normal) (G1 Evacuation Pause)
[3510.873s][info][gc,task        ] GC(406) Using 8 workers of 8 for evacuation
[3511.020s][info][gc,phases      ] GC(406)   Pre Evacuate Collection Set: 0.25ms
[3511.020s][info][gc,phases      ] GC(406)   Merge Heap Roots: 0.54ms
[3511.020s][info][gc,phases      ] GC(406)   Evacuate Collection Set: 144.78ms
[3511.020s][info][gc,phases      ] GC(406)   Post Evacuate Collection Set: 1.07ms
[3511.020s][info][gc,phases      ] GC(406)   Other: 0.06ms
[3511.020s][info][gc,heap        ] GC(406) Eden regions: 571->0(571)
[3511.020s][info][gc,heap        ] GC(406) Survivor regions: 43->43(77)
[3511.020s][info][gc,heap        ] GC(406) Old regions: 233->240
[3511.020s][info][gc,heap        ] GC(406) Humongous regions: 33->33
[3511.020s][info][gc,metaspace   ] GC(406) Metaspace: 30008K(30528K)->30008K(30528K) NonClass: 26607K(26880K)->26607K(26880K) Class: 3400K(3648K)->3400K(3648K)
[3511.020s][info][gc             ] GC(406) Pause Young (Normal) (G1 Evacuation Pause) 7025M->2508M(8192M) 146.849ms
[3511.020s][info][gc,cpu         ] GC(406) User=1.16s Sys=0.00s Real=0.15s
........[3518.293s][info][gc,start       ] GC(407) Pause Young (Normal) (G1 Evacuation Pause)
[3518.293s][info][gc,task        ] GC(407) Using 8 workers of 8 for evacuation
[3518.446s][info][gc,phases      ] GC(407)   Pre Evacuate Collection Set: 0.24ms
[3518.447s][info][gc,phases      ] GC(407)   Merge Heap Roots: 0.52ms
[3518.447s][info][gc,phases      ] GC(407)   Evacuate Collection Set: 151.11ms
[3518.447s][info][gc,phases      ] GC(407)   Post Evacuate Collection Set: 1.05ms
[3518.447s][info][gc,phases      ] GC(407)   Other: 0.09ms
[3518.447s][info][gc,heap        ] GC(407) Eden regions: 571->0(570)
[3518.447s][info][gc,heap        ] GC(407) Survivor regions: 43->44(77)
[3518.447s][info][gc,heap        ] GC(407) Old regions: 240->247
[3518.447s][info][gc,heap        ] GC(407) Humongous regions: 33->33
[3518.447s][info][gc,metaspace   ] GC(407) Metaspace: 30008K(30528K)->30008K(30528K) NonClass: 26607K(26880K)->26607K(26880K) Class: 3400K(3648K)->3400K(3648K)
[3518.447s][info][gc             ] GC(407) Pause Young (Normal) (G1 Evacuation Pause) 7076M->2577M(8192M) 153.134ms
[3518.447s][info][gc,cpu         ] GC(407) User=1.21s Sys=0.00s Real=0.16s
.......[3525.877s][info][gc,start       ] GC(408) Pause Young (Normal) (G1 Evacuation Pause)
[3525.877s][info][gc,task        ] GC(408) Using 8 workers of 8 for evacuation
[3526.026s][info][gc,phases      ] GC(408)   Pre Evacuate Collection Set: 0.24ms
[3526.026s][info][gc,phases      ] GC(408)   Merge Heap Roots: 0.54ms
[3526.026s][info][gc,phases      ] GC(408)   Evacuate Collection Set: 146.63ms
[3526.026s][info][gc,phases      ] GC(408)   Post Evacuate Collection Set: 1.05ms
[3526.026s][info][gc,phases      ] GC(408)   Other: 0.07ms
[3526.026s][info][gc,heap        ] GC(408) Eden regions: 570->0(571)
[3526.026s][info][gc,heap        ] GC(408) Survivor regions: 44->43(77)
[3526.026s][info][gc,heap        ] GC(408) Old regions: 247->254
[3526.026s][info][gc,heap        ] GC(408) Humongous regions: 33->33
[3526.026s][info][gc,metaspace   ] GC(408) Metaspace: 30008K(30528K)->30008K(30528K) NonClass: 26607K(26880K)->26607K(26880K) Class: 3400K(3648K)->3400K(3648K)
[3526.026s][info][gc             ] GC(408) Pause Young (Normal) (G1 Evacuation Pause) 7137M->2621M(8192M) 148.667ms
[3526.026s][info][gc,cpu         ] GC(408) User=1.18s Sys=0.00s Real=0.15s
........[3533.379s][info][gc,start       ] GC(409) Pause Young (Normal) (G1 Evacuation Pause)
[3533.379s][info][gc,task        ] GC(409) Using 8 workers of 8 for evacuation
[3533.528s][info][gc,phases      ] GC(409)   Pre Evacuate Collection Set: 0.25ms
[3533.528s][info][gc,phases      ] GC(409)   Merge Heap Roots: 0.53ms
[3533.528s][info][gc,phases      ] GC(409)   Evacuate Collection Set: 147.14ms
[3533.528s][info][gc,phases      ] GC(409)   Post Evacuate Collection Set: 1.07ms
[3533.528s][info][gc,phases      ] GC(409)   Other: 0.06ms
[3533.528s][info][gc,heap        ] GC(409) Eden regions: 571->0(571)
[3533.528s][info][gc,heap        ] GC(409) Survivor regions: 43->43(77)
[3533.528s][info][gc,heap        ] GC(409) Old regions: 254->261
[3533.528s][info][gc,heap        ] GC(409) Humongous regions: 33->33
[3533.528s][info][gc,metaspace   ] GC(409) Metaspace: 30008K(30528K)->30008K(30528K) NonClass: 26607K(26880K)->26607K(26880K) Class: 3400K(3648K)->3400K(3648K)
[3533.528s][info][gc             ] GC(409) Pause Young (Normal) (G1 Evacuation Pause) 7189M->2675M(8192M) 149.185ms
[3533.528s][info][gc,cpu         ] GC(409) User=1.18s Sys=0.00s Real=0.15s
.......[3540.861s][info][gc,start       ] GC(410) Pause Young (Normal) (G1 Evacuation Pause)
[3540.861s][info][gc,task        ] GC(410) Using 8 workers of 8 for evacuation
[3541.011s][info][gc,phases      ] GC(410)   Pre Evacuate Collection Set: 0.24ms
[3541.011s][info][gc,phases      ] GC(410)   Merge Heap Roots: 0.62ms
[3541.011s][info][gc,phases      ] GC(410)   Evacuate Collection Set: 147.63ms
[3541.011s][info][gc,phases      ] GC(410)   Post Evacuate Collection Set: 1.09ms
[3541.011s][info][gc,phases      ] GC(410)   Other: 0.06ms
[3541.011s][info][gc,heap        ] GC(410) Eden regions: 571->0(571)
[3541.011s][info][gc,heap        ] GC(410) Survivor regions: 43->43(77)
[3541.011s][info][gc,heap        ] GC(410) Old regions: 261->268
[3541.011s][info][gc,heap        ] GC(410) Humongous regions: 33->33
[3541.011s][info][gc,metaspace   ] GC(410) Metaspace: 30008K(30528K)->30008K(30528K) NonClass: 26607K(26880K)->26607K(26880K) Class: 3400K(3648K)->3400K(3648K)
[3541.011s][info][gc             ] GC(410) Pause Young (Normal) (G1 Evacuation Pause) 7243M->2734M(8192M) 149.786ms
[3541.011s][info][gc,cpu         ] GC(410) User=1.18s Sys=0.00s Real=0.15s
........[3548.394s][info][gc,start       ] GC(411) Pause Young (Normal) (G1 Evacuation Pause)
[3548.394s][info][gc,task        ] GC(411) Using 8 workers of 8 for evacuation
[3548.542s][info][gc,phases      ] GC(411)   Pre Evacuate Collection Set: 0.25ms
[3548.542s][info][gc,phases      ] GC(411)   Merge Heap Roots: 0.61ms
[3548.542s][info][gc,phases      ] GC(411)   Evacuate Collection Set: 145.80ms
[3548.542s][info][gc,phases      ] GC(411)   Post Evacuate Collection Set: 1.08ms
[3548.542s][info][gc,phases      ] GC(411)   Other: 0.06ms
[3548.542s][info][gc,heap        ] GC(411) Eden regions: 571->0(571)
[3548.542s][info][gc,heap        ] GC(411) Survivor regions: 43->43(77)
[3548.542s][info][gc,heap        ] GC(411) Old regions: 268->275
[3548.542s][info][gc,heap        ] GC(411) Humongous regions: 33->33
[3548.542s][info][gc,metaspace   ] GC(411) Metaspace: 30008K(30528K)->30008K(30528K) NonClass: 26607K(26880K)->26607K(26880K) Class: 3400K(3648K)->3400K(3648K)
[3548.542s][info][gc             ] GC(411) Pause Young (Normal) (G1 Evacuation Pause) 7302M->2789M(8192M) 147.947ms
[3548.542s][info][gc,cpu         ] GC(411) User=1.17s Sys=0.00s Real=0.15s
.......[3555.915s][info][gc,start       ] GC(412) Pause Young (Normal) (G1 Evacuation Pause)
[3555.915s][info][gc,task        ] GC(412) Using 8 workers of 8 for evacuation
[3556.067s][info][gc,phases      ] GC(412)   Pre Evacuate Collection Set: 0.22ms
[3556.067s][info][gc,phases      ] GC(412)   Merge Heap Roots: 0.54ms
[3556.067s][info][gc,phases      ] GC(412)   Evacuate Collection Set: 149.98ms
[3556.067s][info][gc,phases      ] GC(412)   Post Evacuate Collection Set: 1.08ms
[3556.067s][info][gc,phases      ] GC(412)   Other: 0.07ms
[3556.067s][info][gc,heap        ] GC(412) Eden regions: 571->0(569)
[3556.067s][info][gc,heap        ] GC(412) Survivor regions: 43->44(77)
[3556.067s][info][gc,heap        ] GC(412) Old regions: 275->282
[3556.067s][info][gc,heap        ] GC(412) Humongous regions: 33->33
[3556.067s][info][gc,metaspace   ] GC(412) Metaspace: 30008K(30528K)->30008K(30528K) NonClass: 26607K(26880K)->26607K(26880K) Class: 3400K(3648K)->3400K(3648K)
[3556.067s][info][gc             ] GC(412) Pause Young (Normal) (G1 Evacuation Pause) 7357M->2855M(8192M) 152.028ms
[3556.067s][info][gc,cpu         ] GC(412) User=1.20s Sys=0.00s Real=0.16s
..... (rIR:aIR:PR = 5120:5119:5120) (tPR = 75524) [OK] 
  3559s: Performance info:
         Transaction,    Success,    Partial,     Failed,   Receipts, AvgBarcode, 
             Overall,     307787,          0,          0,     292358,      59.47, 
         Response times:
             Request,    Success,    Partial,     Failed,   SkipFail,     Probes,    Samples,      min,      p50,      p90,      p95,      p99,      max, 
       TotalPurchase,     292322,          0,          0,          0,     286684,     322381,      300,     3200,     5700,     6500,    35000,   262000,
     InStorePurchase,     153873,          0,          0,          0,     151441,     169947,      400,     3200,     5600,     6500,    36000,   262000,
      OnlinePurchase,     107678,          0,          0,          0,     105298,     118286,      300,     3300,     5700,     6600,    35000,   235000,
        InstPurchase,      30771,          0,          0,          0,      29945,      34148,      400,     3300,     5700,     6600,    33000,   235000,
          AssocOfCat,        308,          0,          0,          0,        233,        306,    21000,    32000,    40000,    48000,    92720,   213000,
      AssocOfProduct,       3082,          0,          0,          0,       2789,       3370,      600,     4000,     6000,     6800,    29000,   157000,
      BusinessReport,        767,          0,          0,          0,        669,        870,    25000,    34000,    48900,    53000,   103770,   211000,
          CustBuyBeh,       3087,          0,          0,          0,       2808,       3368,      200,     3300,     5400,     6200,    38240,   233000,
       ProductReturn,       8160,          0,          0,          0,       7705,       8914,      200,     2300,     5400,     6200,    23000,   162000,

  3559s: (38%)   IR =   5258 ...[3563.412s][info][gc,start       ] GC(413) Pause Young (Normal) (G1 Evacuation Pause)
[3563.412s][info][gc,task        ] GC(413) Using 8 workers of 8 for evacuation
[3563.561s][info][gc,phases      ] GC(413)   Pre Evacuate Collection Set: 0.30ms
[3563.561s][info][gc,phases      ] GC(413)   Merge Heap Roots: 0.68ms
[3563.561s][info][gc,phases      ] GC(413)   Evacuate Collection Set: 146.72ms
[3563.561s][info][gc,phases      ] GC(413)   Post Evacuate Collection Set: 1.08ms
[3563.561s][info][gc,phases      ] GC(413)   Other: 0.07ms
[3563.561s][info][gc,heap        ] GC(413) Eden regions: 569->0(564)
[3563.561s][info][gc,heap        ] GC(413) Survivor regions: 44->43(77)
[3563.561s][info][gc,heap        ] GC(413) Old regions: 282->289
[3563.561s][info][gc,heap        ] GC(413) Humongous regions: 33->33
[3563.561s][info][gc,metaspace   ] GC(413) Metaspace: 30008K(30528K)->30008K(30528K) NonClass: 26607K(26880K)->26607K(26880K) Class: 3400K(3648K)->3400K(3648K)
[3563.561s][info][gc             ] GC(413) Pause Young (Normal) (G1 Evacuation Pause) 7407M->2903M(8192M) 149.022ms
[3563.561s][info][gc,cpu         ] GC(413) User=1.18s Sys=0.00s Real=0.15s
...|....[3570.624s][info][gc,start       ] GC(414) Pause Young (Normal) (G1 Evacuation Pause)
[3570.624s][info][gc,task        ] GC(414) Using 8 workers of 8 for evacuation
[3570.779s][info][gc,phases      ] GC(414)   Pre Evacuate Collection Set: 0.26ms
[3570.779s][info][gc,phases      ] GC(414)   Merge Heap Roots: 0.71ms
[3570.779s][info][gc,phases      ] GC(414)   Evacuate Collection Set: 152.37ms
[3570.779s][info][gc,phases      ] GC(414)   Post Evacuate Collection Set: 1.06ms
[3570.779s][info][gc,phases      ] GC(414)   Other: 0.08ms
[3570.779s][info][gc,heap        ] GC(414) Eden regions: 564->0(557)
[3570.779s][info][gc,heap        ] GC(414) Survivor regions: 43->43(76)
[3570.779s][info][gc,heap        ] GC(414) Old regions: 289->296
[3570.779s][info][gc,heap        ] GC(414) Humongous regions: 33->33
[3570.779s][info][gc,metaspace   ] GC(414) Metaspace: 30008K(30528K)->30008K(30528K) NonClass: 26607K(26880K)->26607K(26880K) Class: 3400K(3648K)->3400K(3648K)
[3570.779s][info][gc             ] GC(414) Pause Young (Normal) (G1 Evacuation Pause) 7415M->2963M(8192M) 154.640ms
[3570.779s][info][gc,cpu         ] GC(414) User=1.22s Sys=0.00s Real=0.16s
.......[3577.767s][info][gc,start       ] GC(415) Pause Young (Normal) (G1 Evacuation Pause)
[3577.767s][info][gc,task        ] GC(415) Using 8 workers of 8 for evacuation
[3577.916s][info][gc,phases      ] GC(415)   Pre Evacuate Collection Set: 0.29ms
[3577.916s][info][gc,phases      ] GC(415)   Merge Heap Roots: 0.57ms
[3577.916s][info][gc,phases      ] GC(415)   Evacuate Collection Set: 147.33ms
[3577.916s][info][gc,phases      ] GC(415)   Post Evacuate Collection Set: 1.03ms
[3577.916s][info][gc,phases      ] GC(415)   Other: 0.07ms
[3577.916s][info][gc,heap        ] GC(415) Eden regions: 557->0(551)
[3577.916s][info][gc,heap        ] GC(415) Survivor regions: 43->42(75)
[3577.916s][info][gc,heap        ] GC(415) Old regions: 296->304
[3577.916s][info][gc,heap        ] GC(415) Humongous regions: 33->33
[3577.916s][info][gc,metaspace   ] GC(415) Metaspace: 30008K(30528K)->30008K(30528K) NonClass: 26607K(26880K)->26607K(26880K) Class: 3400K(3648K)->3400K(3648K)
[3577.916s][info][gc             ] GC(415) Pause Young (Normal) (G1 Evacuation Pause) 7419M->3015M(8192M) 149.426ms
[3577.916s][info][gc,cpu         ] GC(415) User=1.18s Sys=0.00s Real=0.15s
.......[3584.847s][info][gc,start       ] GC(416) Pause Young (Normal) (G1 Evacuation Pause)
[3584.847s][info][gc,task        ] GC(416) Using 8 workers of 8 for evacuation
[3584.995s][info][gc,phases      ] GC(416)   Pre Evacuate Collection Set: 0.27ms
[3584.996s][info][gc,phases      ] GC(416)   Merge Heap Roots: 0.54ms
[3584.996s][info][gc,phases      ] GC(416)   Evacuate Collection Set: 146.21ms
[3584.996s][info][gc,phases      ] GC(416)   Post Evacuate Collection Set: 1.06ms
[3584.996s][info][gc,phases      ] GC(416)   Other: 0.08ms
[3584.996s][info][gc,heap        ] GC(416) Eden regions: 551->0(544)
[3584.996s][info][gc,heap        ] GC(416) Survivor regions: 42->42(75)
[3584.996s][info][gc,heap        ] GC(416) Old regions: 304->311
[3584.996s][info][gc,heap        ] GC(416) Humongous regions: 33->33
[3584.996s][info][gc,metaspace   ] GC(416) Metaspace: 30008K(30528K)->30008K(30528K) NonClass: 26607K(26880K)->26607K(26880K) Class: 3400K(3648K)->3400K(3648K)
[3584.996s][info][gc             ] GC(416) Pause Young (Normal) (G1 Evacuation Pause) 7423M->3073M(8192M) 148.297ms
[3584.996s][info][gc,cpu         ] GC(416) User=1.17s Sys=0.00s Real=0.14s
.......[3591.847s][info][gc,start       ] GC(417) Pause Young (Normal) (G1 Evacuation Pause)
[3591.847s][info][gc,task        ] GC(417) Using 8 workers of 8 for evacuation
[3591.993s][info][gc,phases      ] GC(417)   Pre Evacuate Collection Set: 0.24ms
[3591.994s][info][gc,phases      ] GC(417)   Merge Heap Roots: 0.53ms
[3591.994s][info][gc,phases      ] GC(417)   Evacuate Collection Set: 144.91ms
[3591.994s][info][gc,phases      ] GC(417)   Post Evacuate Collection Set: 1.00ms
[3591.994s][info][gc,phases      ] GC(417)   Other: 0.06ms
[3591.994s][info][gc,heap        ] GC(417) Eden regions: 544->0(535)
[3591.994s][info][gc,heap        ] GC(417) Survivor regions: 42->43(74)
[3591.994s][info][gc,heap        ] GC(417) Old regions: 311->318
[3591.994s][info][gc,heap        ] GC(417) Humongous regions: 33->33
[3591.994s][info][gc,metaspace   ] GC(417) Metaspace: 30008K(30528K)->30008K(30528K) NonClass: 26607K(26880K)->26607K(26880K) Class: 3400K(3648K)->3400K(3648K)
[3591.994s][info][gc             ] GC(417) Pause Young (Normal) (G1 Evacuation Pause) 7425M->3133M(8192M) 146.879ms
[3591.994s][info][gc,cpu         ] GC(417) User=1.16s Sys=0.00s Real=0.14s
.......[3598.642s][info][gc,start       ] GC(418) Pause Young (Concurrent Start) (G1 Evacuation Pause)
[3598.642s][info][gc,task        ] GC(418) Using 8 workers of 8 for evacuation
[3598.791s][info][gc,phases      ] GC(418)   Pre Evacuate Collection Set: 0.30ms
[3598.791s][info][gc,phases      ] GC(418)   Merge Heap Roots: 0.53ms
[3598.791s][info][gc,phases      ] GC(418)   Evacuate Collection Set: 146.87ms
[3598.791s][info][gc,phases      ] GC(418)   Post Evacuate Collection Set: 1.01ms
[3598.791s][info][gc,phases      ] GC(418)   Other: 0.08ms
[3598.791s][info][gc,heap        ] GC(418) Eden regions: 535->0(529)
[3598.791s][info][gc,heap        ] GC(418) Survivor regions: 43->42(73)
[3598.791s][info][gc,heap        ] GC(418) Old regions: 318->326
[3598.791s][info][gc,heap        ] GC(418) Humongous regions: 33->33
[3598.791s][info][gc,metaspace   ] GC(418) Metaspace: 30008K(30528K)->30008K(30528K) NonClass: 26607K(26880K)->26607K(26880K) Class: 3400K(3648K)->3400K(3648K)
[3598.791s][info][gc             ] GC(418) Pause Young (Concurrent Start) (G1 Evacuation Pause) 7413M->3193M(8192M) 148.912ms
[3598.791s][info][gc             ] GC(419) Concurrent Mark Cycle
[3598.791s][info][gc,marking     ] GC(419) Concurrent Scan Root Regions
[3598.791s][info][gc,cpu         ] GC(418) User=1.17s Sys=0.00s Real=0.15s
[3599.072s][info][gc,marking     ] GC(419) Concurrent Scan Root Regions 281.424ms
[3599.072s][info][gc,marking     ] GC(419) Concurrent Mark
[3599.072s][info][gc,marking     ] GC(419) Concurrent Mark From Roots
[3599.072s][info][gc,task        ] GC(419) Using 2 workers of 2 for marking
.[3599.696s][info][gc,marking     ] GC(419) Concurrent Mark From Roots 623.792ms
[3599.696s][info][gc,marking     ] GC(419) Concurrent Preclean
[3599.696s][info][gc,marking     ] GC(419) Concurrent Preclean 0.174ms
[3599.697s][info][gc,start       ] GC(419) Pause Remark
[3599.698s][info][gc             ] GC(419) Pause Remark 3878M->3286M(8192M) 1.629ms
[3599.698s][info][gc,cpu         ] GC(419) User=0.01s Sys=0.00s Real=0.00s
[3599.699s][info][gc,marking     ] GC(419) Concurrent Mark 626.345ms
[3599.699s][info][gc,marking     ] GC(419) Concurrent Rebuild Remembered Sets and Scrub Regions
[3600.048s][info][gc,marking     ] GC(419) Concurrent Rebuild Remembered Sets and Scrub Regions 349.248ms
[3600.048s][info][gc,start       ] GC(419) Pause Cleanup
[3600.048s][info][gc             ] GC(419) Pause Cleanup 3489M->3489M(8192M) 0.322ms
[3600.048s][info][gc,cpu         ] GC(419) User=0.01s Sys=0.00s Real=0.00s
[3600.048s][info][gc,marking     ] GC(419) Concurrent Clear Claimed Marks
[3600.049s][info][gc,marking     ] GC(419) Concurrent Clear Claimed Marks 0.048ms
[3600.049s][info][gc,marking     ] GC(419) Concurrent Cleanup for Next Mark
[3600.055s][info][gc,marking     ] GC(419) Concurrent Cleanup for Next Mark 6.552ms
[3600.055s][info][gc             ] GC(419) Concurrent Mark Cycle 1264.302ms
......[3605.377s][info][gc,start       ] GC(420) Pause Young (Prepare Mixed) (G1 Evacuation Pause)
[3605.377s][info][gc,task        ] GC(420) Using 8 workers of 8 for evacuation
[3605.523s][info][gc,phases      ] GC(420)   Pre Evacuate Collection Set: 0.25ms
[3605.523s][info][gc,phases      ] GC(420)   Merge Heap Roots: 0.74ms
[3605.523s][info][gc,phases      ] GC(420)   Evacuate Collection Set: 144.15ms
[3605.523s][info][gc,phases      ] GC(420)   Post Evacuate Collection Set: 1.09ms
[3605.523s][info][gc,phases      ] GC(420)   Other: 0.09ms
[3605.523s][info][gc,heap        ] GC(420) Eden regions: 529->0(573)
[3605.523s][info][gc,heap        ] GC(420) Survivor regions: 42->41(72)
[3605.523s][info][gc,heap        ] GC(420) Old regions: 252->259
[3605.523s][info][gc,heap        ] GC(420) Humongous regions: 33->33
[3605.523s][info][gc,metaspace   ] GC(420) Metaspace: 30008K(30528K)->30008K(30528K) NonClass: 26607K(26880K)->26607K(26880K) Class: 3400K(3648K)->3400K(3648K)
[3605.523s][info][gc             ] GC(420) Pause Young (Prepare Mixed) (G1 Evacuation Pause) 6833M->2651M(8192M) 146.453ms
[3605.523s][info][gc,cpu         ] GC(420) User=1.15s Sys=0.00s Real=0.14s
.......[3612.793s][info][gc,start       ] GC(421) Pause Young (Mixed) (G1 Evacuation Pause)
[3612.793s][info][gc,task        ] GC(421) Using 8 workers of 8 for evacuation
[3612.947s][info][gc,phases      ] GC(421)   Pre Evacuate Collection Set: 0.31ms
[3612.947s][info][gc,phases      ] GC(421)   Merge Heap Roots: 0.77ms
[3612.947s][info][gc,phases      ] GC(421)   Evacuate Collection Set: 151.15ms
[3612.947s][info][gc,phases      ] GC(421)   Post Evacuate Collection Set: 1.31ms
[3612.947s][info][gc,phases      ] GC(421)   Other: 0.08ms
[3612.947s][info][gc,heap        ] GC(421) Eden regions: 573->0(572)
[3612.947s][info][gc,heap        ] GC(421) Survivor regions: 41->42(77)
[3612.947s][info][gc,heap        ] GC(421) Old regions: 259->164
[3612.947s][info][gc,heap        ] GC(421) Humongous regions: 33->33
[3612.947s][info][gc,metaspace   ] GC(421) Metaspace: 30008K(30528K)->30008K(30528K) NonClass: 26607K(26880K)->26607K(26880K) Class: 3400K(3648K)->3400K(3648K)
[3612.947s][info][gc             ] GC(421) Pause Young (Mixed) (G1 Evacuation Pause) 7235M->1898M(8192M) 153.768ms
[3612.947s][info][gc,cpu         ] GC(421) User=1.22s Sys=0.00s Real=0.16s
.......[3620.058s][info][gc,start       ] GC(422) Pause Young (Mixed) (G1 Evacuation Pause)
[3620.058s][info][gc,task        ] GC(422) Using 8 workers of 8 for evacuation
[3620.216s][info][gc,phases      ] GC(422)   Pre Evacuate Collection Set: 0.27ms
[3620.216s][info][gc,phases      ] GC(422)   Merge Heap Roots: 0.84ms
[3620.216s][info][gc,phases      ] GC(422)   Evacuate Collection Set: 155.53ms
[3620.216s][info][gc,phases      ] GC(422)   Post Evacuate Collection Set: 1.06ms
[3620.216s][info][gc,phases      ] GC(422)   Other: 0.07ms
[3620.216s][info][gc,heap        ] GC(422) Eden regions: 572->0(572)
[3620.216s][info][gc,heap        ] GC(422) Survivor regions: 42->42(77)
[3620.216s][info][gc,heap        ] GC(422) Old regions: 164->142
[3620.216s][info][gc,heap        ] GC(422) Humongous regions: 33->33
[3620.216s][info][gc,metaspace   ] GC(422) Metaspace: 30008K(30528K)->30008K(30528K) NonClass: 26607K(26880K)->26607K(26880K) Class: 3400K(3648K)->3400K(3648K)
[3620.216s][info][gc             ] GC(422) Pause Young (Mixed) (G1 Evacuation Pause) 6474M->1723M(8192M) 157.913ms
[3620.216s][info][gc,cpu         ] GC(422) User=1.26s Sys=0.00s Real=0.16s
....... (rIR:aIR:PR = 5258:5258:5258) (tPR = 78099) [OK] 
  3626s: Performance info:
         Transaction,    Success,    Partial,     Failed,   Receipts, AvgBarcode, 
             Overall,     315899,          0,          0,     300106,      59.48, 
         Response times:
             Request,    Success,    Partial,     Failed,   SkipFail,     Probes,    Samples,      min,      p50,      p90,      p95,      p99,      max, 
       TotalPurchase,     300106,          0,          0,          0,     294591,     325237,      300,     3300,     6000,     7300,    46000,   308000,
     InStorePurchase,     157918,          0,          0,          0,     155267,     171051,      400,     3200,     5900,     7200,    45000,   306000,
      OnlinePurchase,     110581,          0,          0,          0,     108624,     119989,      300,     3500,     6100,     7400,    46000,   308000,
        InstPurchase,      31607,          0,          0,          0,      30700,      34197,      400,     3400,     6000,     7300,    47000,   307000,
          AssocOfCat,        314,          0,          0,          0,        245,        351,    24000,    32000,    47000,    57400,   136000,   198000,
      AssocOfProduct,       3158,          0,          0,          0,       2963,       3532,      600,     3700,     6570,     7935,    34670,   156000,
      BusinessReport,        788,          0,          0,          0,        663,        815,    24000,    36000,    53000,    70200,   150040,   216000,
          CustBuyBeh,       3158,          0,          0,          0,       2880,       3369,      200,     1700,     5300,     6500,    41000,   160000,
       ProductReturn,       8376,          0,          0,          0,       7910,       8975,      200,     3200,     5800,     7020,    47000,   166000,

  3626s: (39%)   IR =   5396 .[3627.433s][info][gc,start       ] GC(423) Pause Young (Normal) (G1 Evacuation Pause)
[3627.433s][info][gc,task        ] GC(423) Using 8 workers of 8 for evacuation
[3627.585s][info][gc,phases      ] GC(423)   Pre Evacuate Collection Set: 0.27ms
[3627.585s][info][gc,phases      ] GC(423)   Merge Heap Roots: 0.53ms
[3627.585s][info][gc,phases      ] GC(423)   Evacuate Collection Set: 150.12ms
[3627.585s][info][gc,phases      ] GC(423)   Post Evacuate Collection Set: 1.10ms
[3627.585s][info][gc,phases      ] GC(423)   Other: 0.06ms
[3627.585s][info][gc,heap        ] GC(423) Eden regions: 572->0(571)
[3627.585s][info][gc,heap        ] GC(423) Survivor regions: 42->43(77)
[3627.585s][info][gc,heap        ] GC(423) Old regions: 142->150
[3627.585s][info][gc,heap        ] GC(423) Humongous regions: 33->33
[3627.585s][info][gc,metaspace   ] GC(423) Metaspace: 30008K(30528K)->30008K(30528K) NonClass: 26607K(26880K)->26607K(26880K) Class: 3400K(3648K)->3400K(3648K)
[3627.585s][info][gc             ] GC(423) Pause Young (Normal) (G1 Evacuation Pause) 6299M->1789M(8192M) 152.204ms
[3627.585s][info][gc,cpu         ] GC(423) User=1.20s Sys=0.01s Real=0.15s
...|....[3634.524s][info][gc,start       ] GC(424) Pause Young (Normal) (G1 Evacuation Pause)
[3634.524s][info][gc,task        ] GC(424) Using 8 workers of 8 for evacuation
[3634.673s][info][gc,phases      ] GC(424)   Pre Evacuate Collection Set: 0.24ms
[3634.673s][info][gc,phases      ] GC(424)   Merge Heap Roots: 0.58ms
[3634.673s][info][gc,phases      ] GC(424)   Evacuate Collection Set: 147.25ms
[3634.673s][info][gc,phases      ] GC(424)   Post Evacuate Collection Set: 1.03ms
[3634.673s][info][gc,phases      ] GC(424)   Other: 0.06ms
[3634.673s][info][gc,heap        ] GC(424) Eden regions: 571->0(571)
[3634.673s][info][gc,heap        ] GC(424) Survivor regions: 43->43(77)
[3634.673s][info][gc,heap        ] GC(424) Old regions: 150->157
[3634.673s][info][gc,heap        ] GC(424) Humongous regions: 33->33
[3634.673s][info][gc,metaspace   ] GC(424) Metaspace: 30008K(30528K)->30008K(30528K) NonClass: 26607K(26880K)->26607K(26880K) Class: 3400K(3648K)->3400K(3648K)
[3634.673s][info][gc             ] GC(424) Pause Young (Normal) (G1 Evacuation Pause) 6357M->1841M(8192M) 149.321ms
[3634.673s][info][gc,cpu         ] GC(424) User=1.18s Sys=0.00s Real=0.15s
.......[3641.683s][info][gc,start       ] GC(425) Pause Young (Normal) (G1 Evacuation Pause)
[3641.683s][info][gc,task        ] GC(425) Using 8 workers of 8 for evacuation
[3641.832s][info][gc,phases      ] GC(425)   Pre Evacuate Collection Set: 0.27ms
[3641.832s][info][gc,phases      ] GC(425)   Merge Heap Roots: 0.52ms
[3641.832s][info][gc,phases      ] GC(425)   Evacuate Collection Set: 147.29ms
[3641.832s][info][gc,phases      ] GC(425)   Post Evacuate Collection Set: 1.03ms
[3641.832s][info][gc,phases      ] GC(425)   Other: 0.07ms
[3641.832s][info][gc,heap        ] GC(425) Eden regions: 571->0(571)
[3641.832s][info][gc,heap        ] GC(425) Survivor regions: 43->43(77)
[3641.832s][info][gc,heap        ] GC(425) Old regions: 157->164
[3641.832s][info][gc,heap        ] GC(425) Humongous regions: 33->33
[3641.832s][info][gc,metaspace   ] GC(425) Metaspace: 30008K(30528K)->30008K(30528K) NonClass: 26607K(26880K)->26607K(26880K) Class: 3400K(3648K)->3400K(3648K)
[3641.832s][info][gc             ] GC(425) Pause Young (Normal) (G1 Evacuation Pause) 6409M->1903M(8192M) 149.313ms
[3641.832s][info][gc,cpu         ] GC(425) User=1.19s Sys=0.00s Real=0.15s
.......[3648.704s][info][gc,start       ] GC(426) Pause Young (Normal) (G1 Evacuation Pause)
[3648.704s][info][gc,task        ] GC(426) Using 8 workers of 8 for evacuation
[3648.853s][info][gc,phases      ] GC(426)   Pre Evacuate Collection Set: 0.24ms
[3648.853s][info][gc,phases      ] GC(426)   Merge Heap Roots: 0.52ms
[3648.853s][info][gc,phases      ] GC(426)   Evacuate Collection Set: 147.27ms
[3648.853s][info][gc,phases      ] GC(426)   Post Evacuate Collection Set: 1.06ms
[3648.853s][info][gc,phases      ] GC(426)   Other: 0.06ms
[3648.853s][info][gc,heap        ] GC(426) Eden regions: 571->0(571)
[3648.853s][info][gc,heap        ] GC(426) Survivor regions: 43->43(77)
[3648.853s][info][gc,heap        ] GC(426) Old regions: 164->171
[3648.853s][info][gc,heap        ] GC(426) Humongous regions: 33->33
[3648.853s][info][gc,metaspace   ] GC(426) Metaspace: 30008K(30528K)->30008K(30528K) NonClass: 26607K(26880K)->26607K(26880K) Class: 3400K(3648K)->3400K(3648K)
[3648.853s][info][gc             ] GC(426) Pause Young (Normal) (G1 Evacuation Pause) 6471M->1961M(8192M) 149.281ms
[3648.853s][info][gc,cpu         ] GC(426) User=1.18s Sys=0.00s Real=0.15s
.......[3655.865s][info][gc,start       ] GC(427) Pause Young (Normal) (G1 Evacuation Pause)
[3655.865s][info][gc,task        ] GC(427) Using 8 workers of 8 for evacuation
[3656.015s][info][gc,phases      ] GC(427)   Pre Evacuate Collection Set: 0.25ms
[3656.015s][info][gc,phases      ] GC(427)   Merge Heap Roots: 0.53ms
[3656.015s][info][gc,phases      ] GC(427)   Evacuate Collection Set: 148.08ms
[3656.015s][info][gc,phases      ] GC(427)   Post Evacuate Collection Set: 1.06ms
[3656.015s][info][gc,phases      ] GC(427)   Other: 0.06ms
[3656.015s][info][gc,heap        ] GC(427) Eden regions: 571->0(571)
[3656.015s][info][gc,heap        ] GC(427) Survivor regions: 43->43(77)
[3656.015s][info][gc,heap        ] GC(427) Old regions: 171->178
[3656.015s][info][gc,heap        ] GC(427) Humongous regions: 33->33
[3656.015s][info][gc,metaspace   ] GC(427) Metaspace: 30008K(30528K)->30008K(30528K) NonClass: 26607K(26880K)->26607K(26880K) Class: 3400K(3648K)->3400K(3648K)
[3656.015s][info][gc             ] GC(427) Pause Young (Normal) (G1 Evacuation Pause) 6529M->2018M(8192M) 150.112ms
[3656.015s][info][gc,cpu         ] GC(427) User=1.19s Sys=0.00s Real=0.15s
.......[3663.002s][info][gc,start       ] GC(428) Pause Young (Normal) (G1 Evacuation Pause)
[3663.003s][info][gc,task        ] GC(428) Using 8 workers of 8 for evacuation
[3663.150s][info][gc,phases      ] GC(428)   Pre Evacuate Collection Set: 0.26ms
[3663.150s][info][gc,phases      ] GC(428)   Merge Heap Roots: 0.62ms
[3663.150s][info][gc,phases      ] GC(428)   Evacuate Collection Set: 145.46ms
[3663.150s][info][gc,phases      ] GC(428)   Post Evacuate Collection Set: 1.02ms
[3663.150s][info][gc,phases      ] GC(428)   Other: 0.09ms
[3663.150s][info][gc,heap        ] GC(428) Eden regions: 571->0(572)
[3663.150s][info][gc,heap        ] GC(428) Survivor regions: 43->42(77)
[3663.150s][info][gc,heap        ] GC(428) Old regions: 178->185
[3663.150s][info][gc,heap        ] GC(428) Humongous regions: 33->33
[3663.150s][info][gc,metaspace   ] GC(428) Metaspace: 30008K(30528K)->30008K(30528K) NonClass: 26607K(26880K)->26607K(26880K) Class: 3400K(3648K)->3400K(3648K)
[3663.150s][info][gc             ] GC(428) Pause Young (Normal) (G1 Evacuation Pause) 6586M->2067M(8192M) 147.579ms
[3663.150s][info][gc,cpu         ] GC(428) User=1.17s Sys=0.00s Real=0.15s
.......[3670.163s][info][gc,start       ] GC(429) Pause Young (Normal) (G1 Evacuation Pause)
[3670.163s][info][gc,task        ] GC(429) Using 8 workers of 8 for evacuation
[3670.312s][info][gc,phases      ] GC(429)   Pre Evacuate Collection Set: 0.25ms
[3670.312s][info][gc,phases      ] GC(429)   Merge Heap Roots: 0.53ms
[3670.312s][info][gc,phases      ] GC(429)   Evacuate Collection Set: 147.44ms
[3670.312s][info][gc,phases      ] GC(429)   Post Evacuate Collection Set: 1.04ms
[3670.312s][info][gc,phases      ] GC(429)   Other: 0.07ms
[3670.312s][info][gc,heap        ] GC(429) Eden regions: 572->0(571)
[3670.312s][info][gc,heap        ] GC(429) Survivor regions: 42->43(77)
[3670.312s][info][gc,heap        ] GC(429) Old regions: 185->192
[3670.312s][info][gc,heap        ] GC(429) Humongous regions: 33->33
[3670.312s][info][gc,metaspace   ] GC(429) Metaspace: 30008K(30528K)->30008K(30528K) NonClass: 26607K(26880K)->26607K(26880K) Class: 3400K(3648K)->3400K(3648K)
[3670.312s][info][gc             ] GC(429) Pause Young (Normal) (G1 Evacuation Pause) 6643M->2127M(8192M) 149.489ms
[3670.312s][info][gc,cpu         ] GC(429) User=1.18s Sys=0.00s Real=0.15s
.......[3677.307s][info][gc,start       ] GC(430) Pause Young (Normal) (G1 Evacuation Pause)
[3677.308s][info][gc,task        ] GC(430) Using 8 workers of 8 for evacuation
[3677.460s][info][gc,phases      ] GC(430)   Pre Evacuate Collection Set: 0.24ms
[3677.460s][info][gc,phases      ] GC(430)   Merge Heap Roots: 0.56ms
[3677.460s][info][gc,phases      ] GC(430)   Evacuate Collection Set: 150.39ms
[3677.460s][info][gc,phases      ] GC(430)   Post Evacuate Collection Set: 1.06ms
[3677.460s][info][gc,phases      ] GC(430)   Other: 0.08ms
[3677.460s][info][gc,heap        ] GC(430) Eden regions: 571->0(570)
[3677.460s][info][gc,heap        ] GC(430) Survivor regions: 43->44(77)
[3677.460s][info][gc,heap        ] GC(430) Old regions: 192->199
[3677.460s][info][gc,heap        ] GC(430) Humongous regions: 33->33
[3677.460s][info][gc,metaspace   ] GC(430) Metaspace: 30008K(30528K)->30008K(30528K) NonClass: 26607K(26880K)->26607K(26880K) Class: 3400K(3648K)->3400K(3648K)
[3677.460s][info][gc             ] GC(430) Pause Young (Normal) (G1 Evacuation Pause) 6695M->2191M(8192M) 152.469ms
[3677.460s][info][gc,cpu         ] GC(430) User=1.21s Sys=0.00s Real=0.15s
.......[3684.428s][info][gc,start       ] GC(431) Pause Young (Normal) (G1 Evacuation Pause)
[3684.428s][info][gc,task        ] GC(431) Using 8 workers of 8 for evacuation
[3684.578s][info][gc,phases      ] GC(431)   Pre Evacuate Collection Set: 0.28ms
[3684.578s][info][gc,phases      ] GC(431)   Merge Heap Roots: 0.52ms
[3684.578s][info][gc,phases      ] GC(431)   Evacuate Collection Set: 148.54ms
[3684.578s][info][gc,phases      ] GC(431)   Post Evacuate Collection Set: 1.03ms
[3684.578s][info][gc,phases      ] GC(431)   Other: 0.07ms
[3684.578s][info][gc,heap        ] GC(431) Eden regions: 570->0(571)
[3684.578s][info][gc,heap        ] GC(431) Survivor regions: 44->43(77)
[3684.578s][info][gc,heap        ] GC(431) Old regions: 199->206
[3684.578s][info][gc,heap        ] GC(431) Humongous regions: 33->33
[3684.578s][info][gc,metaspace   ] GC(431) Metaspace: 30008K(30528K)->30008K(30528K) NonClass: 26607K(26880K)->26607K(26880K) Class: 3400K(3648K)->3400K(3648K)
[3684.578s][info][gc             ] GC(431) Pause Young (Normal) (G1 Evacuation Pause) 6751M->2243M(8192M) 150.566ms
[3684.578s][info][gc,cpu         ] GC(431) User=1.19s Sys=0.00s Real=0.15s
....... (rIR:aIR:PR = 5396:5397:5397) (tPR = 80510) [OK] 
  3690s: Performance info:
         Transaction,    Success,    Partial,     Failed,   Receipts, AvgBarcode, 
             Overall,     325486,          0,          0,     309169,      59.47, 
         Response times:
             Request,    Success,    Partial,     Failed,   SkipFail,     Probes,    Samples,      min,      p50,      p90,      p95,      p99,      max, 
       TotalPurchase,     309169,          0,          0,          0,     302471,     324085,      300,     3400,     6000,     7200,    39000,   260000,
     InStorePurchase,     162725,          0,          0,          0,     159603,     170722,      300,     3400,     6000,     7200,    38000,   260000,
      OnlinePurchase,     113911,          0,          0,          0,     111408,     119274,      300,     3400,     6000,     7100,    41000,   260000,
        InstPurchase,      32533,          0,          0,          0,      31460,      34089,      500,     3600,     6200,     7200,    39000,   260000,
          AssocOfCat,        327,          0,          0,          0,        237,        336,    24000,    32000,    43300,    50000,    65260,   194000,
      AssocOfProduct,       3262,          0,          0,          0,       3014,       3444,      700,     3600,     6200,     7175,    46000,   153000,
      BusinessReport,        814,          0,          0,          0,        724,        915,    26000,    36000,    52000,    64200,   184680,   216000,
          CustBuyBeh,       3262,          0,          0,          0,       2991,       3356,      100,     3000,     5700,     6500,    31000,   159000,
       ProductReturn,       8652,          0,          0,          0,       8230,       9068,      200,     2700,     5700,     6600,    31000,   159000,

  3690s: (40%)   IR =   5535 [3691.486s][info][gc,start       ] GC(432) Pause Young (Normal) (G1 Evacuation Pause)
[3691.487s][info][gc,task        ] GC(432) Using 8 workers of 8 for evacuation
[3691.638s][info][gc,phases      ] GC(432)   Pre Evacuate Collection Set: 0.25ms
[3691.638s][info][gc,phases      ] GC(432)   Merge Heap Roots: 0.55ms
[3691.638s][info][gc,phases      ] GC(432)   Evacuate Collection Set: 149.22ms
[3691.638s][info][gc,phases      ] GC(432)   Post Evacuate Collection Set: 1.04ms
[3691.638s][info][gc,phases      ] GC(432)   Other: 0.06ms
[3691.638s][info][gc,heap        ] GC(432) Eden regions: 571->0(571)
[3691.638s][info][gc,heap        ] GC(432) Survivor regions: 43->43(77)
[3691.638s][info][gc,heap        ] GC(432) Old regions: 206->213
[3691.638s][info][gc,heap        ] GC(432) Humongous regions: 33->33
[3691.638s][info][gc,metaspace   ] GC(432) Metaspace: 30008K(30528K)->30008K(30528K) NonClass: 26607K(26880K)->26607K(26880K) Class: 3400K(3648K)->3400K(3648K)
[3691.638s][info][gc             ] GC(432) Pause Young (Normal) (G1 Evacuation Pause) 6811M->2299M(8192M) 151.261ms
[3691.638s][info][gc,cpu         ] GC(432) User=1.20s Sys=0.00s Real=0.15s
.......[3698.470s][info][gc,start       ] GC(433) Pause Young (Normal) (G1 Evacuation Pause)
[3698.471s][info][gc,task        ] GC(433) Using 8 workers of 8 for evacuation
[3698.621s][info][gc,phases      ] GC(433)   Pre Evacuate Collection Set: 0.25ms
[3698.621s][info][gc,phases      ] GC(433)   Merge Heap Roots: 0.52ms
[3698.621s][info][gc,phases      ] GC(433)   Evacuate Collection Set: 148.29ms
[3698.621s][info][gc,phases      ] GC(433)   Post Evacuate Collection Set: 1.06ms
[3698.621s][info][gc,phases      ] GC(433)   Other: 0.07ms
[3698.621s][info][gc,heap        ] GC(433) Eden regions: 571->0(571)
[3698.621s][info][gc,heap        ] GC(433) Survivor regions: 43->43(77)
[3698.621s][info][gc,heap        ] GC(433) Old regions: 213->220
[3698.621s][info][gc,heap        ] GC(433) Humongous regions: 33->33
[3698.621s][info][gc,metaspace   ] GC(433) Metaspace: 30008K(30528K)->30008K(30528K) NonClass: 26607K(26880K)->26607K(26880K) Class: 3400K(3648K)->3400K(3648K)
[3698.621s][info][gc             ] GC(433) Pause Young (Normal) (G1 Evacuation Pause) 6867M->2355M(8192M) 150.329ms
[3698.621s][info][gc,cpu         ] GC(433) User=1.20s Sys=0.00s Real=0.15s
.......[3705.448s][info][gc,start       ] GC(434) Pause Young (Normal) (G1 Evacuation Pause)
[3705.448s][info][gc,task        ] GC(434) Using 8 workers of 8 for evacuation
[3705.599s][info][gc,phases      ] GC(434)   Pre Evacuate Collection Set: 0.24ms
[3705.599s][info][gc,phases      ] GC(434)   Merge Heap Roots: 0.56ms
[3705.599s][info][gc,phases      ] GC(434)   Evacuate Collection Set: 148.87ms
[3705.599s][info][gc,phases      ] GC(434)   Post Evacuate Collection Set: 1.06ms
[3705.599s][info][gc,phases      ] GC(434)   Other: 0.06ms
[3705.599s][info][gc,heap        ] GC(434) Eden regions: 571->0(570)
[3705.599s][info][gc,heap        ] GC(434) Survivor regions: 43->44(77)
[3705.599s][info][gc,heap        ] GC(434) Old regions: 220->227
[3705.599s][info][gc,heap        ] GC(434) Humongous regions: 33->33
[3705.599s][info][gc,metaspace   ] GC(434) Metaspace: 30008K(30528K)->30008K(30528K) NonClass: 26607K(26880K)->26607K(26880K) Class: 3400K(3648K)->3400K(3648K)
[3705.599s][info][gc             ] GC(434) Pause Young (Normal) (G1 Evacuation Pause) 6923M->2415M(8192M) 150.918ms
[3705.599s][info][gc,cpu         ] GC(434) User=1.20s Sys=0.00s Real=0.15s
......|.[3712.385s][info][gc,start       ] GC(435) Pause Young (Normal) (G1 Evacuation Pause)
[3712.385s][info][gc,task        ] GC(435) Using 8 workers of 8 for evacuation
[3712.533s][info][gc,phases      ] GC(435)   Pre Evacuate Collection Set: 0.25ms
[3712.533s][info][gc,phases      ] GC(435)   Merge Heap Roots: 0.60ms
[3712.533s][info][gc,phases      ] GC(435)   Evacuate Collection Set: 145.76ms
[3712.533s][info][gc,phases      ] GC(435)   Post Evacuate Collection Set: 1.08ms
[3712.533s][info][gc,phases      ] GC(435)   Other: 0.06ms
[3712.533s][info][gc,heap        ] GC(435) Eden regions: 570->0(572)
[3712.533s][info][gc,heap        ] GC(435) Survivor regions: 44->42(77)
[3712.533s][info][gc,heap        ] GC(435) Old regions: 227->234
[3712.533s][info][gc,heap        ] GC(435) Humongous regions: 33->33
[3712.533s][info][gc,metaspace   ] GC(435) Metaspace: 30008K(30528K)->30008K(30528K) NonClass: 26607K(26880K)->26607K(26880K) Class: 3400K(3648K)->3400K(3648K)
[3712.533s][info][gc             ] GC(435) Pause Young (Normal) (G1 Evacuation Pause) 6975M->2459M(8192M) 147.885ms
[3712.533s][info][gc,cpu         ] GC(435) User=1.17s Sys=0.00s Real=0.15s
.......[3719.325s][info][gc,start       ] GC(436) Pause Young (Normal) (G1 Evacuation Pause)
[3719.325s][info][gc,task        ] GC(436) Using 8 workers of 8 for evacuation
[3719.475s][info][gc,phases      ] GC(436)   Pre Evacuate Collection Set: 0.26ms
[3719.475s][info][gc,phases      ] GC(436)   Merge Heap Roots: 0.53ms
[3719.475s][info][gc,phases      ] GC(436)   Evacuate Collection Set: 147.61ms
[3719.475s][info][gc,phases      ] GC(436)   Post Evacuate Collection Set: 1.04ms
[3719.475s][info][gc,phases      ] GC(436)   Other: 0.07ms
[3719.475s][info][gc,heap        ] GC(436) Eden regions: 572->0(571)
[3719.475s][info][gc,heap        ] GC(436) Survivor regions: 42->43(77)
[3719.475s][info][gc,heap        ] GC(436) Old regions: 234->241
[3719.475s][info][gc,heap        ] GC(436) Humongous regions: 33->33
[3719.475s][info][gc,metaspace   ] GC(436) Metaspace: 30008K(30528K)->30008K(30528K) NonClass: 26607K(26880K)->26607K(26880K) Class: 3400K(3648K)->3400K(3648K)
[3719.475s][info][gc             ] GC(436) Pause Young (Normal) (G1 Evacuation Pause) 7035M->2523M(8192M) 149.633ms
[3719.475s][info][gc,cpu         ] GC(436) User=1.18s Sys=0.00s Real=0.15s
.......[3726.284s][info][gc,start       ] GC(437) Pause Young (Normal) (G1 Evacuation Pause)
[3726.284s][info][gc,task        ] GC(437) Using 8 workers of 8 for evacuation
[3726.432s][info][gc,phases      ] GC(437)   Pre Evacuate Collection Set: 0.26ms
[3726.432s][info][gc,phases      ] GC(437)   Merge Heap Roots: 0.53ms
[3726.432s][info][gc,phases      ] GC(437)   Evacuate Collection Set: 146.39ms
[3726.432s][info][gc,phases      ] GC(437)   Post Evacuate Collection Set: 1.08ms
[3726.432s][info][gc,phases      ] GC(437)   Other: 0.06ms
[3726.432s][info][gc,heap        ] GC(437) Eden regions: 571->0(571)
[3726.432s][info][gc,heap        ] GC(437) Survivor regions: 43->43(77)
[3726.432s][info][gc,heap        ] GC(437) Old regions: 241->248
[3726.432s][info][gc,heap        ] GC(437) Humongous regions: 33->33
[3726.432s][info][gc,metaspace   ] GC(437) Metaspace: 30008K(30528K)->30008K(30528K) NonClass: 26607K(26880K)->26607K(26880K) Class: 3400K(3648K)->3400K(3648K)
[3726.432s][info][gc             ] GC(437) Pause Young (Normal) (G1 Evacuation Pause) 7091M->2575M(8192M) 148.446ms
[3726.432s][info][gc,cpu         ] GC(437) User=1.18s Sys=0.00s Real=0.15s
.......[3733.264s][info][gc,start       ] GC(438) Pause Young (Normal) (G1 Evacuation Pause)
[3733.264s][info][gc,task        ] GC(438) Using 8 workers of 8 for evacuation
[3733.413s][info][gc,phases      ] GC(438)   Pre Evacuate Collection Set: 0.26ms
[3733.413s][info][gc,phases      ] GC(438)   Merge Heap Roots: 0.52ms
[3733.413s][info][gc,phases      ] GC(438)   Evacuate Collection Set: 147.09ms
[3733.413s][info][gc,phases      ] GC(438)   Post Evacuate Collection Set: 1.02ms
[3733.413s][info][gc,phases      ] GC(438)   Other: 0.08ms
[3733.413s][info][gc,heap        ] GC(438) Eden regions: 571->0(571)
[3733.413s][info][gc,heap        ] GC(438) Survivor regions: 43->43(77)
[3733.413s][info][gc,heap        ] GC(438) Old regions: 248->256
[3733.413s][info][gc,heap        ] GC(438) Humongous regions: 33->33
[3733.413s][info][gc,metaspace   ] GC(438) Metaspace: 30008K(30528K)->30008K(30528K) NonClass: 26607K(26880K)->26607K(26880K) Class: 3400K(3648K)->3400K(3648K)
[3733.413s][info][gc             ] GC(438) Pause Young (Normal) (G1 Evacuation Pause) 7143M->2633M(8192M) 149.118ms
[3733.413s][info][gc,cpu         ] GC(438) User=1.18s Sys=0.00s Real=0.15s
.......[3740.161s][info][gc,start       ] GC(439) Pause Young (Normal) (G1 Evacuation Pause)
[3740.161s][info][gc,task        ] GC(439) Using 8 workers of 8 for evacuation
[3740.308s][info][gc,phases      ] GC(439)   Pre Evacuate Collection Set: 0.24ms
[3740.308s][info][gc,phases      ] GC(439)   Merge Heap Roots: 0.57ms
[3740.308s][info][gc,phases      ] GC(439)   Evacuate Collection Set: 145.34ms
[3740.308s][info][gc,phases      ] GC(439)   Post Evacuate Collection Set: 1.04ms
[3740.308s][info][gc,phases      ] GC(439)   Other: 0.06ms
[3740.308s][info][gc,heap        ] GC(439) Eden regions: 571->0(571)
[3740.308s][info][gc,heap        ] GC(439) Survivor regions: 43->43(77)
[3740.308s][info][gc,heap        ] GC(439) Old regions: 256->263
[3740.308s][info][gc,heap        ] GC(439) Humongous regions: 33->33
[3740.308s][info][gc,metaspace   ] GC(439) Metaspace: 30008K(30528K)->30008K(30528K) NonClass: 26607K(26880K)->26607K(26880K) Class: 3400K(3648K)->3400K(3648K)
[3740.308s][info][gc             ] GC(439) Pause Young (Normal) (G1 Evacuation Pause) 7201M->2690M(8192M) 147.375ms
[3740.308s][info][gc,cpu         ] GC(439) User=1.17s Sys=0.00s Real=0.15s
.......[3747.161s][info][gc,start       ] GC(440) Pause Young (Normal) (G1 Evacuation Pause)
[3747.161s][info][gc,task        ] GC(440) Using 8 workers of 8 for evacuation
[3747.310s][info][gc,phases      ] GC(440)   Pre Evacuate Collection Set: 0.26ms
[3747.310s][info][gc,phases      ] GC(440)   Merge Heap Roots: 0.58ms
[3747.310s][info][gc,phases      ] GC(440)   Evacuate Collection Set: 146.31ms
[3747.310s][info][gc,phases      ] GC(440)   Post Evacuate Collection Set: 1.04ms
[3747.310s][info][gc,phases      ] GC(440)   Other: 0.07ms
[3747.310s][info][gc,heap        ] GC(440) Eden regions: 571->0(572)
[3747.310s][info][gc,heap        ] GC(440) Survivor regions: 43->42(77)
[3747.310s][info][gc,heap        ] GC(440) Old regions: 263->270
[3747.310s][info][gc,heap        ] GC(440) Humongous regions: 33->33
[3747.310s][info][gc,metaspace   ] GC(440) Metaspace: 30008K(30528K)->30008K(30528K) NonClass: 26607K(26880K)->26607K(26880K) Class: 3400K(3648K)->3400K(3648K)
[3747.310s][info][gc             ] GC(440) Pause Young (Normal) (G1 Evacuation Pause) 7258M->2742M(8192M) 148.387ms
[3747.310s][info][gc,cpu         ] GC(440) User=1.17s Sys=0.01s Real=0.15s
.......[3754.037s][info][gc,start       ] GC(441) Pause Young (Normal) (G1 Evacuation Pause)
[3754.037s][info][gc,task        ] GC(441) Using 8 workers of 8 for evacuation
[3754.187s][info][gc,phases      ] GC(441)   Pre Evacuate Collection Set: 0.27ms
[3754.187s][info][gc,phases      ] GC(441)   Merge Heap Roots: 0.63ms
[3754.187s][info][gc,phases      ] GC(441)   Evacuate Collection Set: 147.88ms
[3754.187s][info][gc,phases      ] GC(441)   Post Evacuate Collection Set: 1.06ms
[3754.187s][info][gc,phases      ] GC(441)   Other: 0.06ms
[3754.187s][info][gc,heap        ] GC(441) Eden regions: 572->0(571)
[3754.187s][info][gc,heap        ] GC(441) Survivor regions: 42->43(77)
[3754.187s][info][gc,heap        ] GC(441) Old regions: 270->276
[3754.187s][info][gc,heap        ] GC(441) Humongous regions: 33->33
[3754.187s][info][gc,metaspace   ] GC(441) Metaspace: 30008K(30528K)->30008K(30528K) NonClass: 26607K(26880K)->26607K(26880K) Class: 3400K(3648K)->3400K(3648K)
[3754.187s][info][gc             ] GC(441) Pause Young (Normal) (G1 Evacuation Pause) 7318M->2803M(8192M) 150.051ms
[3754.187s][info][gc,cpu         ] GC(441) User=1.19s Sys=0.00s Real=0.15s
.......[3760.975s][info][gc,start       ] GC(442) Pause Young (Normal) (G1 Evacuation Pause)
[3760.975s][info][gc,task        ] GC(442) Using 8 workers of 8 for evacuation
[3761.121s][info][gc,phases      ] GC(442)   Pre Evacuate Collection Set: 0.25ms
[3761.121s][info][gc,phases      ] GC(442)   Merge Heap Roots: 0.53ms
[3761.121s][info][gc,phases      ] GC(442)   Evacuate Collection Set: 144.58ms
[3761.121s][info][gc,phases      ] GC(442)   Post Evacuate Collection Set: 1.05ms
[3761.121s][info][gc,phases      ] GC(442)   Other: 0.07ms
[3761.121s][info][gc,heap        ] GC(442) Eden regions: 571->0(572)
[3761.121s][info][gc,heap        ] GC(442) Survivor regions: 43->42(77)
[3761.121s][info][gc,heap        ] GC(442) Old regions: 276->283
[3761.121s][info][gc,heap        ] GC(442) Humongous regions: 33->33
[3761.121s][info][gc,metaspace   ] GC(442) Metaspace: 30008K(30528K)->30008K(30528K) NonClass: 26607K(26880K)->26607K(26880K) Class: 3400K(3648K)->3400K(3648K)
[3761.122s][info][gc             ] GC(442) Pause Young (Normal) (G1 Evacuation Pause) 7371M->2851M(8192M) 146.591ms
[3761.122s][info][gc,cpu         ] GC(442) User=1.16s Sys=0.00s Real=0.15s
.......[3767.931s][info][gc,start       ] GC(443) Pause Young (Normal) (G1 Evacuation Pause)
[3767.931s][info][gc,task        ] GC(443) Using 8 workers of 8 for evacuation
[3768.080s][info][gc,phases      ] GC(443)   Pre Evacuate Collection Set: 0.26ms
[3768.080s][info][gc,phases      ] GC(443)   Merge Heap Roots: 0.52ms
[3768.080s][info][gc,phases      ] GC(443)   Evacuate Collection Set: 146.81ms
[3768.080s][info][gc,phases      ] GC(443)   Post Evacuate Collection Set: 1.09ms
[3768.080s][info][gc,phases      ] GC(443)   Other: 0.07ms
[3768.080s][info][gc,heap        ] GC(443) Eden regions: 572->0(563)
[3768.080s][info][gc,heap        ] GC(443) Survivor regions: 42->43(77)
[3768.080s][info][gc,heap        ] GC(443) Old regions: 283->290
[3768.080s][info][gc,heap        ] GC(443) Humongous regions: 33->33
[3768.080s][info][gc,metaspace   ] GC(443) Metaspace: 30008K(30528K)->30008K(30528K) NonClass: 26607K(26880K)->26607K(26880K) Class: 3400K(3648K)->3400K(3648K)
[3768.080s][info][gc             ] GC(443) Pause Young (Normal) (G1 Evacuation Pause) 7427M->2914M(8192M) 148.894ms
[3768.080s][info][gc,cpu         ] GC(443) User=1.18s Sys=0.00s Real=0.15s
... (rIR:aIR:PR = 5535:5537:5537) (tPR = 82043) [OK] 
  3770s: Performance info:
         Transaction,    Success,    Partial,     Failed,   Receipts, AvgBarcode, 
             Overall,     332362,          0,          0,     315750,      59.48, 
         Response times:
             Request,    Success,    Partial,     Failed,   SkipFail,     Probes,    Samples,      min,      p50,      p90,      p95,      p99,      max, 
       TotalPurchase,     315750,          0,          0,          0,     309993,     416737,      300,     3500,     6300,     7600,    38000,   281000,
     InStorePurchase,     166089,          0,          0,          0,     163379,     219406,      300,     3500,     6300,     7500,    38000,   281000,
      OnlinePurchase,     116394,          0,          0,          0,     114150,     153224,      300,     3500,     6300,     7600,    38000,   281000,
        InstPurchase,      33267,          0,          0,          0,      32464,      44107,      500,     3300,     6400,     7500,    36000,   222000,
          AssocOfCat,        335,          0,          0,          0,        258,        437,    21000,    33000,    46000,    51100,    99000,   202000,
      AssocOfProduct,       3311,          0,          0,          0,       3108,       4397,      800,     4900,     7100,     8600,    36000,   156000,
      BusinessReport,        836,          0,          0,          0,        705,       1100,    21000,    35000,    50900,    57000,   110940,   212000,
          CustBuyBeh,       3320,          0,          0,          0,       3107,       4407,      300,     4000,     6700,     8100,    28760,   156000,
       ProductReturn,       8811,          0,          0,          0,       8426,      11733,      200,     3900,     6500,     7800,    36000,   161000,

  3770s: (41%)   IR =   5673 ...[3774.672s][info][gc,start       ] GC(444) Pause Young (Normal) (G1 Evacuation Pause)
[3774.672s][info][gc,task        ] GC(444) Using 8 workers of 8 for evacuation
[3774.822s][info][gc,phases      ] GC(444)   Pre Evacuate Collection Set: 0.26ms
[3774.822s][info][gc,phases      ] GC(444)   Merge Heap Roots: 0.53ms
[3774.822s][info][gc,phases      ] GC(444)   Evacuate Collection Set: 147.93ms
[3774.822s][info][gc,phases      ] GC(444)   Post Evacuate Collection Set: 1.09ms
[3774.822s][info][gc,phases      ] GC(444)   Other: 0.06ms
[3774.822s][info][gc,heap        ] GC(444) Eden regions: 563->0(556)
[3774.822s][info][gc,heap        ] GC(444) Survivor regions: 43->43(76)
[3774.822s][info][gc,heap        ] GC(444) Old regions: 290->297
[3774.822s][info][gc,heap        ] GC(444) Humongous regions: 33->33
[3774.822s][info][gc,metaspace   ] GC(444) Metaspace: 30008K(30528K)->30008K(30528K) NonClass: 26607K(26880K)->26607K(26880K) Class: 3400K(3648K)->3400K(3648K)
[3774.822s][info][gc             ] GC(444) Pause Young (Normal) (G1 Evacuation Pause) 7418M->2967M(8192M) 150.002ms
[3774.822s][info][gc,cpu         ] GC(444) User=1.19s Sys=0.00s Real=0.15s
....|...[3781.293s][info][gc,start       ] GC(445) Pause Young (Normal) (G1 Evacuation Pause)
[3781.293s][info][gc,task        ] GC(445) Using 8 workers of 8 for evacuation
[3781.441s][info][gc,phases      ] GC(445)   Pre Evacuate Collection Set: 0.27ms
[3781.441s][info][gc,phases      ] GC(445)   Merge Heap Roots: 0.53ms
[3781.441s][info][gc,phases      ] GC(445)   Evacuate Collection Set: 146.47ms
[3781.441s][info][gc,phases      ] GC(445)   Post Evacuate Collection Set: 1.08ms
[3781.441s][info][gc,phases      ] GC(445)   Other: 0.06ms
[3781.441s][info][gc,heap        ] GC(445) Eden regions: 556->0(550)
[3781.441s][info][gc,heap        ] GC(445) Survivor regions: 43->42(75)
[3781.441s][info][gc,heap        ] GC(445) Old regions: 297->305
[3781.441s][info][gc,heap        ] GC(445) Humongous regions: 33->33
[3781.441s][info][gc,metaspace   ] GC(445) Metaspace: 30008K(30528K)->30008K(30528K) NonClass: 26607K(26880K)->26607K(26880K) Class: 3400K(3648K)->3400K(3648K)
[3781.441s][info][gc             ] GC(445) Pause Young (Normal) (G1 Evacuation Pause) 7415M->3025M(8192M) 148.536ms
[3781.441s][info][gc,cpu         ] GC(445) User=1.17s Sys=0.00s Real=0.15s
......[3787.807s][info][gc,start       ] GC(446) Pause Young (Normal) (G1 Evacuation Pause)
[3787.807s][info][gc,task        ] GC(446) Using 8 workers of 8 for evacuation
[3787.956s][info][gc,phases      ] GC(446)   Pre Evacuate Collection Set: 0.25ms
[3787.956s][info][gc,phases      ] GC(446)   Merge Heap Roots: 0.53ms
[3787.956s][info][gc,phases      ] GC(446)   Evacuate Collection Set: 146.58ms
[3787.956s][info][gc,phases      ] GC(446)   Post Evacuate Collection Set: 1.07ms
[3787.956s][info][gc,phases      ] GC(446)   Other: 0.07ms
[3787.956s][info][gc,heap        ] GC(446) Eden regions: 550->0(543)
[3787.956s][info][gc,heap        ] GC(446) Survivor regions: 42->42(74)
[3787.956s][info][gc,heap        ] GC(446) Old regions: 305->312
[3787.956s][info][gc,heap        ] GC(446) Humongous regions: 33->33
[3787.956s][info][gc,metaspace   ] GC(446) Metaspace: 30008K(30528K)->30008K(30528K) NonClass: 26607K(26880K)->26607K(26880K) Class: 3400K(3648K)->3400K(3648K)
[3787.956s][info][gc             ] GC(446) Pause Young (Normal) (G1 Evacuation Pause) 7425M->3083M(8192M) 148.644ms
[3787.956s][info][gc,cpu         ] GC(446) User=1.18s Sys=0.00s Real=0.15s
.......[3794.224s][info][gc,start       ] GC(447) Pause Young (Concurrent Start) (G1 Evacuation Pause)
[3794.224s][info][gc,task        ] GC(447) Using 8 workers of 8 for evacuation
[3794.371s][info][gc,phases      ] GC(447)   Pre Evacuate Collection Set: 0.29ms
[3794.371s][info][gc,phases      ] GC(447)   Merge Heap Roots: 0.52ms
[3794.371s][info][gc,phases      ] GC(447)   Evacuate Collection Set: 144.83ms
[3794.371s][info][gc,phases      ] GC(447)   Post Evacuate Collection Set: 1.01ms
[3794.371s][info][gc,phases      ] GC(447)   Other: 0.08ms
[3794.371s][info][gc,heap        ] GC(447) Eden regions: 543->0(537)
[3794.371s][info][gc,heap        ] GC(447) Survivor regions: 42->41(74)
[3794.371s][info][gc,heap        ] GC(447) Old regions: 312->320
[3794.371s][info][gc,heap        ] GC(447) Humongous regions: 33->33
[3794.371s][info][gc,metaspace   ] GC(447) Metaspace: 30008K(30528K)->30008K(30528K) NonClass: 26607K(26880K)->26607K(26880K) Class: 3400K(3648K)->3400K(3648K)
[3794.371s][info][gc             ] GC(447) Pause Young (Concurrent Start) (G1 Evacuation Pause) 7427M->3135M(8192M) 146.867ms
[3794.371s][info][gc             ] GC(448) Concurrent Mark Cycle
[3794.371s][info][gc,marking     ] GC(448) Concurrent Scan Root Regions
[3794.371s][info][gc,cpu         ] GC(447) User=1.16s Sys=0.00s Real=0.15s
[3794.593s][info][gc,marking     ] GC(448) Concurrent Scan Root Regions 222.613ms
[3794.593s][info][gc,marking     ] GC(448) Concurrent Mark
[3794.593s][info][gc,marking     ] GC(448) Concurrent Mark From Roots
[3794.593s][info][gc,task        ] GC(448) Using 2 workers of 2 for marking
.[3795.252s][info][gc,marking     ] GC(448) Concurrent Mark From Roots 659.046ms
[3795.253s][info][gc,marking     ] GC(448) Concurrent Preclean
[3795.253s][info][gc,marking     ] GC(448) Concurrent Preclean 0.127ms
[3795.253s][info][gc,start       ] GC(448) Pause Remark
[3795.254s][info][gc             ] GC(448) Pause Remark 3817M->3249M(8192M) 1.493ms
[3795.254s][info][gc,cpu         ] GC(448) User=0.01s Sys=0.00s Real=0.00s
[3795.254s][info][gc,marking     ] GC(448) Concurrent Mark 660.953ms
[3795.254s][info][gc,marking     ] GC(448) Concurrent Rebuild Remembered Sets and Scrub Regions
[3795.632s][info][gc,marking     ] GC(448) Concurrent Rebuild Remembered Sets and Scrub Regions 377.836ms
[3795.632s][info][gc,start       ] GC(448) Pause Cleanup
[3795.633s][info][gc             ] GC(448) Pause Cleanup 3479M->3479M(8192M) 0.321ms
[3795.633s][info][gc,cpu         ] GC(448) User=0.00s Sys=0.00s Real=0.00s
[3795.633s][info][gc,marking     ] GC(448) Concurrent Clear Claimed Marks
[3795.633s][info][gc,marking     ] GC(448) Concurrent Clear Claimed Marks 0.048ms
[3795.633s][info][gc,marking     ] GC(448) Concurrent Cleanup for Next Mark
[3795.642s][info][gc,marking     ] GC(448) Concurrent Cleanup for Next Mark 8.882ms
[3795.642s][info][gc             ] GC(448) Concurrent Mark Cycle 1271.064ms
.....[3800.570s][info][gc,start       ] GC(449) Pause Young (Prepare Mixed) (G1 Evacuation Pause)
[3800.570s][info][gc,task        ] GC(449) Using 8 workers of 8 for evacuation
[3800.719s][info][gc,phases      ] GC(449)   Pre Evacuate Collection Set: 0.26ms
[3800.719s][info][gc,phases      ] GC(449)   Merge Heap Roots: 0.73ms
[3800.719s][info][gc,phases      ] GC(449)   Evacuate Collection Set: 147.03ms
[3800.719s][info][gc,phases      ] GC(449)   Post Evacuate Collection Set: 1.11ms
[3800.719s][info][gc,phases      ] GC(449)   Other: 0.07ms
[3800.719s][info][gc,heap        ] GC(449) Eden regions: 537->0(572)
[3800.719s][info][gc,heap        ] GC(449) Survivor regions: 41->42(73)
[3800.719s][info][gc,heap        ] GC(449) Old regions: 249->256
[3800.719s][info][gc,heap        ] GC(449) Humongous regions: 33->33
[3800.719s][info][gc,metaspace   ] GC(449) Metaspace: 30008K(30528K)->30008K(30528K) NonClass: 26607K(26880K)->26607K(26880K) Class: 3400K(3648K)->3400K(3648K)
[3800.719s][info][gc             ] GC(449) Pause Young (Prepare Mixed) (G1 Evacuation Pause) 6863M->2631M(8192M) 149.340ms
[3800.719s][info][gc,cpu         ] GC(449) User=1.18s Sys=0.00s Real=0.15s
.......[3807.427s][info][gc,start       ] GC(450) Pause Young (Mixed) (G1 Evacuation Pause)
[3807.427s][info][gc,task        ] GC(450) Using 8 workers of 8 for evacuation
[3807.580s][info][gc,phases      ] GC(450)   Pre Evacuate Collection Set: 0.30ms
[3807.580s][info][gc,phases      ] GC(450)   Merge Heap Roots: 0.77ms
[3807.580s][info][gc,phases      ] GC(450)   Evacuate Collection Set: 150.63ms
[3807.580s][info][gc,phases      ] GC(450)   Post Evacuate Collection Set: 1.27ms
[3807.580s][info][gc,phases      ] GC(450)   Other: 0.08ms
[3807.580s][info][gc,heap        ] GC(450) Eden regions: 572->0(572)
[3807.580s][info][gc,heap        ] GC(450) Survivor regions: 42->42(77)
[3807.580s][info][gc,heap        ] GC(450) Old regions: 256->161
[3807.580s][info][gc,heap        ] GC(450) Humongous regions: 33->33
[3807.580s][info][gc,metaspace   ] GC(450) Metaspace: 30008K(30528K)->30008K(30528K) NonClass: 26607K(26880K)->26607K(26880K) Class: 3400K(3648K)->3400K(3648K)
[3807.580s][info][gc             ] GC(450) Pause Young (Mixed) (G1 Evacuation Pause) 7207M->1871M(8192M) 153.173ms
[3807.580s][info][gc,cpu         ] GC(450) User=1.21s Sys=0.01s Real=0.15s
.......[3814.192s][info][gc,start       ] GC(451) Pause Young (Mixed) (G1 Evacuation Pause)
[3814.192s][info][gc,task        ] GC(451) Using 8 workers of 8 for evacuation
[3814.350s][info][gc,phases      ] GC(451)   Pre Evacuate Collection Set: 0.25ms
[3814.350s][info][gc,phases      ] GC(451)   Merge Heap Roots: 0.81ms
[3814.350s][info][gc,phases      ] GC(451)   Evacuate Collection Set: 155.92ms
[3814.350s][info][gc,phases      ] GC(451)   Post Evacuate Collection Set: 1.08ms
[3814.350s][info][gc,phases      ] GC(451)   Other: 0.07ms
[3814.350s][info][gc,heap        ] GC(451) Eden regions: 572->0(570)
[3814.350s][info][gc,heap        ] GC(451) Survivor regions: 42->44(77)
[3814.350s][info][gc,heap        ] GC(451) Old regions: 161->142
[3814.350s][info][gc,heap        ] GC(451) Humongous regions: 33->33
[3814.350s][info][gc,metaspace   ] GC(451) Metaspace: 30008K(30528K)->30008K(30528K) NonClass: 26607K(26880K)->26607K(26880K) Class: 3400K(3648K)->3400K(3648K)
[3814.350s][info][gc             ] GC(451) Pause Young (Mixed) (G1 Evacuation Pause) 6447M->1735M(8192M) 158.240ms
[3814.350s][info][gc,cpu         ] GC(451) User=1.25s Sys=0.01s Real=0.16s
......[3820.942s][info][gc,start       ] GC(452) Pause Young (Normal) (G1 Evacuation Pause)
[3820.942s][info][gc,task        ] GC(452) Using 8 workers of 8 for evacuation
[3821.090s][info][gc,phases      ] GC(452)   Pre Evacuate Collection Set: 0.25ms
[3821.090s][info][gc,phases      ] GC(452)   Merge Heap Roots: 0.53ms
[3821.090s][info][gc,phases      ] GC(452)   Evacuate Collection Set: 146.30ms
[3821.090s][info][gc,phases      ] GC(452)   Post Evacuate Collection Set: 1.04ms
[3821.090s][info][gc,phases      ] GC(452)   Other: 0.06ms
[3821.090s][info][gc,heap        ] GC(452) Eden regions: 570->0(572)
[3821.090s][info][gc,heap        ] GC(452) Survivor regions: 44->42(77)
[3821.090s][info][gc,heap        ] GC(452) Old regions: 142->150
[3821.090s][info][gc,heap        ] GC(452) Humongous regions: 33->33
[3821.090s][info][gc,metaspace   ] GC(452) Metaspace: 30008K(30528K)->30008K(30528K) NonClass: 26607K(26880K)->26607K(26880K) Class: 3400K(3648K)->3400K(3648K)
[3821.090s][info][gc             ] GC(452) Pause Young (Normal) (G1 Evacuation Pause) 6295M->1782M(8192M) 148.315ms
[3821.090s][info][gc,cpu         ] GC(452) User=1.18s Sys=0.00s Real=0.15s
.......[3827.798s][info][gc,start       ] GC(453) Pause Young (Normal) (G1 Evacuation Pause)
[3827.798s][info][gc,task        ] GC(453) Using 8 workers of 8 for evacuation
[3827.947s][info][gc,phases      ] GC(453)   Pre Evacuate Collection Set: 0.26ms
[3827.947s][info][gc,phases      ] GC(453)   Merge Heap Roots: 0.59ms
[3827.947s][info][gc,phases      ] GC(453)   Evacuate Collection Set: 147.42ms
[3827.947s][info][gc,phases      ] GC(453)   Post Evacuate Collection Set: 1.07ms
[3827.947s][info][gc,phases      ] GC(453)   Other: 0.07ms
[3827.947s][info][gc,heap        ] GC(453) Eden regions: 572->0(572)
[3827.947s][info][gc,heap        ] GC(453) Survivor regions: 42->42(77)
[3827.947s][info][gc,heap        ] GC(453) Old regions: 150->157
[3827.947s][info][gc,heap        ] GC(453) Humongous regions: 33->33
[3827.947s][info][gc,metaspace   ] GC(453) Metaspace: 30010K(30528K)->30010K(30528K) NonClass: 26610K(26880K)->26610K(26880K) Class: 3400K(3648K)->3400K(3648K)
[3827.947s][info][gc             ] GC(453) Pause Young (Normal) (G1 Evacuation Pause) 6358M->1839M(8192M) 149.544ms
[3827.948s][info][gc,cpu         ] GC(453) User=1.18s Sys=0.00s Real=0.15s
.......[3834.538s][info][gc,start       ] GC(454) Pause Young (Normal) (G1 Evacuation Pause)
[3834.538s][info][gc,task        ] GC(454) Using 8 workers of 8 for evacuation
[3834.689s][info][gc,phases      ] GC(454)   Pre Evacuate Collection Set: 0.24ms
[3834.689s][info][gc,phases      ] GC(454)   Merge Heap Roots: 0.51ms
[3834.689s][info][gc,phases      ] GC(454)   Evacuate Collection Set: 148.40ms
[3834.689s][info][gc,phases      ] GC(454)   Post Evacuate Collection Set: 1.05ms
[3834.689s][info][gc,phases      ] GC(454)   Other: 0.07ms
[3834.689s][info][gc,heap        ] GC(454) Eden regions: 572->0(571)
[3834.689s][info][gc,heap        ] GC(454) Survivor regions: 42->43(77)
[3834.689s][info][gc,heap        ] GC(454) Old regions: 157->164
[3834.689s][info][gc,heap        ] GC(454) Humongous regions: 33->33
[3834.689s][info][gc,metaspace   ] GC(454) Metaspace: 30010K(30528K)->30010K(30528K) NonClass: 26610K(26880K)->26610K(26880K) Class: 3400K(3648K)->3400K(3648K)
[3834.689s][info][gc             ] GC(454) Pause Young (Normal) (G1 Evacuation Pause) 6415M->1905M(8192M) 150.393ms
[3834.689s][info][gc,cpu         ] GC(454) User=1.19s Sys=0.00s Real=0.15s
.... (rIR:aIR:PR = 5673:5670:5670) (tPR = 84472) [OK] 
  3837s: Performance info:
         Transaction,    Success,    Partial,     Failed,   Receipts, AvgBarcode, 
             Overall,     341787,          0,          0,     324719,      59.48, 
         Response times:
             Request,    Success,    Partial,     Failed,   SkipFail,     Probes,    Samples,      min,      p50,      p90,      p95,      p99,      max, 
       TotalPurchase,     324718,          0,          0,          0,     318345,     356808,      300,     3600,     6400,     7700,    41000,   168000,
     InStorePurchase,     170929,          0,          0,          0,     167813,     187798,      300,     3500,     6300,     7600,    41000,   168000,
      OnlinePurchase,     119644,          0,          0,          0,     117332,     131573,      300,     3600,     6500,     7700,    40000,   168000,
        InstPurchase,      34145,          0,          0,          0,      33200,      37437,      500,     3900,     6600,     8000,    41000,   168000,
          AssocOfCat,        342,          0,          0,          0,        272,        384,    25000,    34000,    48000,    59750,   138600,   202000,
      AssocOfProduct,       3413,          0,          0,          0,       3204,       3849,      300,     4400,     7100,     8300,    43500,   159000,
      BusinessReport,        854,          0,          0,          0,        734,        942,    27000,    37000,    52000,    60000,   110570,   220000,
          CustBuyBeh,       3413,          0,          0,          0,       3151,       3752,      100,     2800,     6300,     7600,    32000,   168000,
       ProductReturn,       9046,          0,          0,          0,       8721,      10079,      200,     3000,     6100,     7300,    39200,   167000,

  3837s: (42%)   IR =   5812 ...[3841.278s][info][gc,start       ] GC(455) Pause Young (Normal) (G1 Evacuation Pause)
[3841.278s][info][gc,task        ] GC(455) Using 8 workers of 8 for evacuation
[3841.427s][info][gc,phases      ] GC(455)   Pre Evacuate Collection Set: 0.27ms
[3841.427s][info][gc,phases      ] GC(455)   Merge Heap Roots: 0.53ms
[3841.427s][info][gc,phases      ] GC(455)   Evacuate Collection Set: 146.91ms
[3841.427s][info][gc,phases      ] GC(455)   Post Evacuate Collection Set: 1.10ms
[3841.427s][info][gc,phases      ] GC(455)   Other: 0.06ms
[3841.427s][info][gc,heap        ] GC(455) Eden regions: 571->0(571)
[3841.427s][info][gc,heap        ] GC(455) Survivor regions: 43->43(77)
[3841.427s][info][gc,heap        ] GC(455) Old regions: 164->171
[3841.427s][info][gc,heap        ] GC(455) Humongous regions: 33->33
[3841.427s][info][gc,metaspace   ] GC(455) Metaspace: 30011K(30528K)->30011K(30528K) NonClass: 26610K(26880K)->26610K(26880K) Class: 3400K(3648K)->3400K(3648K)
[3841.427s][info][gc             ] GC(455) Pause Young (Normal) (G1 Evacuation Pause) 6473M->1957M(8192M) 149.026ms
[3841.427s][info][gc,cpu         ] GC(455) User=1.18s Sys=0.00s Real=0.15s
.....|.[3847.839s][info][gc,start       ] GC(456) Pause Young (Normal) (G1 Evacuation Pause)
[3847.839s][info][gc,task        ] GC(456) Using 8 workers of 8 for evacuation
[3847.992s][info][gc,phases      ] GC(456)   Pre Evacuate Collection Set: 0.24ms
[3847.992s][info][gc,phases      ] GC(456)   Merge Heap Roots: 0.53ms
[3847.992s][info][gc,phases      ] GC(456)   Evacuate Collection Set: 151.26ms
[3847.992s][info][gc,phases      ] GC(456)   Post Evacuate Collection Set: 1.04ms
[3847.992s][info][gc,phases      ] GC(456)   Other: 0.06ms
[3847.992s][info][gc,heap        ] GC(456) Eden regions: 571->0(570)
[3847.992s][info][gc,heap        ] GC(456) Survivor regions: 43->44(77)
[3847.992s][info][gc,heap        ] GC(456) Old regions: 171->178
[3847.992s][info][gc,heap        ] GC(456) Humongous regions: 33->33
[3847.992s][info][gc,metaspace   ] GC(456) Metaspace: 30011K(30528K)->30011K(30528K) NonClass: 26610K(26880K)->26610K(26880K) Class: 3400K(3648K)->3400K(3648K)
[3847.992s][info][gc             ] GC(456) Pause Young (Normal) (G1 Evacuation Pause) 6525M->2021M(8192M) 153.260ms
[3847.992s][info][gc,cpu         ] GC(456) User=1.21s Sys=0.00s Real=0.15s
.......[3854.480s][info][gc,start       ] GC(457) Pause Young (Normal) (G1 Evacuation Pause)
[3854.480s][info][gc,task        ] GC(457) Using 8 workers of 8 for evacuation
[3854.628s][info][gc,phases      ] GC(457)   Pre Evacuate Collection Set: 0.27ms
[3854.629s][info][gc,phases      ] GC(457)   Merge Heap Roots: 0.52ms
[3854.629s][info][gc,phases      ] GC(457)   Evacuate Collection Set: 146.81ms
[3854.629s][info][gc,phases      ] GC(457)   Post Evacuate Collection Set: 1.03ms
[3854.629s][info][gc,phases      ] GC(457)   Other: 0.06ms
[3854.629s][info][gc,heap        ] GC(457) Eden regions: 570->0(572)
[3854.629s][info][gc,heap        ] GC(457) Survivor regions: 44->42(77)
[3854.629s][info][gc,heap        ] GC(457) Old regions: 178->185
[3854.629s][info][gc,heap        ] GC(457) Humongous regions: 33->33
[3854.629s][info][gc,metaspace   ] GC(457) Metaspace: 30011K(30528K)->30011K(30528K) NonClass: 26610K(26880K)->26610K(26880K) Class: 3400K(3648K)->3400K(3648K)
[3854.629s][info][gc             ] GC(457) Pause Young (Normal) (G1 Evacuation Pause) 6581M->2065M(8192M) 148.813ms
[3854.629s][info][gc,cpu         ] GC(457) User=1.17s Sys=0.00s Real=0.15s
......[3861.125s][info][gc,start       ] GC(458) Pause Young (Normal) (G1 Evacuation Pause)
[3861.125s][info][gc,task        ] GC(458) Using 8 workers of 8 for evacuation
[3861.276s][info][gc,phases      ] GC(458)   Pre Evacuate Collection Set: 0.26ms
[3861.276s][info][gc,phases      ] GC(458)   Merge Heap Roots: 0.52ms
[3861.276s][info][gc,phases      ] GC(458)   Evacuate Collection Set: 148.74ms
[3861.276s][info][gc,phases      ] GC(458)   Post Evacuate Collection Set: 1.03ms
[3861.276s][info][gc,phases      ] GC(458)   Other: 0.07ms
[3861.276s][info][gc,heap        ] GC(458) Eden regions: 572->0(571)
[3861.276s][info][gc,heap        ] GC(458) Survivor regions: 42->43(77)
[3861.276s][info][gc,heap        ] GC(458) Old regions: 185->192
[3861.276s][info][gc,heap        ] GC(458) Humongous regions: 33->33
[3861.276s][info][gc,metaspace   ] GC(458) Metaspace: 30011K(30528K)->30011K(30528K) NonClass: 26610K(26880K)->26610K(26880K) Class: 3400K(3648K)->3400K(3648K)
[3861.276s][info][gc             ] GC(458) Pause Young (Normal) (G1 Evacuation Pause) 6641M->2126M(8192M) 150.756ms
[3861.276s][info][gc,cpu         ] GC(458) User=1.19s Sys=0.00s Real=0.16s
.......[3867.663s][info][gc,start       ] GC(459) Pause Young (Normal) (G1 Evacuation Pause)
[3867.663s][info][gc,task        ] GC(459) Using 8 workers of 8 for evacuation
[3867.814s][info][gc,phases      ] GC(459)   Pre Evacuate Collection Set: 0.27ms
[3867.814s][info][gc,phases      ] GC(459)   Merge Heap Roots: 0.52ms
[3867.814s][info][gc,phases      ] GC(459)   Evacuate Collection Set: 149.22ms
[3867.814s][info][gc,phases      ] GC(459)   Post Evacuate Collection Set: 1.06ms
[3867.814s][info][gc,phases      ] GC(459)   Other: 0.07ms
[3867.814s][info][gc,heap        ] GC(459) Eden regions: 571->0(571)
[3867.814s][info][gc,heap        ] GC(459) Survivor regions: 43->43(77)
[3867.814s][info][gc,heap        ] GC(459) Old regions: 192->199
[3867.814s][info][gc,heap        ] GC(459) Humongous regions: 33->33
[3867.814s][info][gc,metaspace   ] GC(459) Metaspace: 30011K(30528K)->30011K(30528K) NonClass: 26610K(26880K)->26610K(26880K) Class: 3400K(3648K)->3400K(3648K)
[3867.814s][info][gc             ] GC(459) Pause Young (Normal) (G1 Evacuation Pause) 6694M->2183M(8192M) 151.270ms
[3867.814s][info][gc,cpu         ] GC(459) User=1.19s Sys=0.00s Real=0.15s
.......[3874.302s][info][gc,start       ] GC(460) Pause Young (Normal) (G1 Evacuation Pause)
[3874.302s][info][gc,task        ] GC(460) Using 8 workers of 8 for evacuation
[3874.449s][info][gc,phases      ] GC(460)   Pre Evacuate Collection Set: 0.25ms
[3874.450s][info][gc,phases      ] GC(460)   Merge Heap Roots: 0.52ms
[3874.450s][info][gc,phases      ] GC(460)   Evacuate Collection Set: 145.92ms
[3874.450s][info][gc,phases      ] GC(460)   Post Evacuate Collection Set: 1.04ms
[3874.450s][info][gc,phases      ] GC(460)   Other: 0.06ms
[3874.450s][info][gc,heap        ] GC(460) Eden regions: 571->0(572)
[3874.450s][info][gc,heap        ] GC(460) Survivor regions: 43->42(77)
[3874.450s][info][gc,heap        ] GC(460) Old regions: 199->206
[3874.450s][info][gc,heap        ] GC(460) Humongous regions: 33->33
[3874.450s][info][gc,metaspace   ] GC(460) Metaspace: 30011K(30528K)->30011K(30528K) NonClass: 26610K(26880K)->26610K(26880K) Class: 3400K(3648K)->3400K(3648K)
[3874.450s][info][gc             ] GC(460) Pause Young (Normal) (G1 Evacuation Pause) 6751M->2233M(8192M) 147.933ms
[3874.450s][info][gc,cpu         ] GC(460) User=1.17s Sys=0.01s Real=0.15s
......[3880.935s][info][gc,start       ] GC(461) Pause Young (Normal) (G1 Evacuation Pause)
[3880.935s][info][gc,task        ] GC(461) Using 8 workers of 8 for evacuation
[3881.083s][info][gc,phases      ] GC(461)   Pre Evacuate Collection Set: 0.30ms
[3881.083s][info][gc,phases      ] GC(461)   Merge Heap Roots: 0.66ms
[3881.083s][info][gc,phases      ] GC(461)   Evacuate Collection Set: 146.04ms
[3881.083s][info][gc,phases      ] GC(461)   Post Evacuate Collection Set: 1.04ms
[3881.083s][info][gc,phases      ] GC(461)   Other: 0.07ms
[3881.083s][info][gc,heap        ] GC(461) Eden regions: 572->0(571)
[3881.083s][info][gc,heap        ] GC(461) Survivor regions: 42->43(77)
[3881.083s][info][gc,heap        ] GC(461) Old regions: 206->213
[3881.083s][info][gc,heap        ] GC(461) Humongous regions: 33->33
[3881.083s][info][gc,metaspace   ] GC(461) Metaspace: 30011K(30528K)->30011K(30528K) NonClass: 26610K(26880K)->26610K(26880K) Class: 3400K(3648K)->3400K(3648K)
[3881.083s][info][gc             ] GC(461) Pause Young (Normal) (G1 Evacuation Pause) 6809M->2293M(8192M) 148.256ms
[3881.083s][info][gc,cpu         ] GC(461) User=1.17s Sys=0.00s Real=0.15s
.......[3887.613s][info][gc,start       ] GC(462) Pause Young (Normal) (G1 Evacuation Pause)
[3887.613s][info][gc,task        ] GC(462) Using 8 workers of 8 for evacuation
[3887.762s][info][gc,phases      ] GC(462)   Pre Evacuate Collection Set: 0.26ms
[3887.762s][info][gc,phases      ] GC(462)   Merge Heap Roots: 0.52ms
[3887.762s][info][gc,phases      ] GC(462)   Evacuate Collection Set: 146.93ms
[3887.762s][info][gc,phases      ] GC(462)   Post Evacuate Collection Set: 1.05ms
[3887.762s][info][gc,phases      ] GC(462)   Other: 0.07ms
[3887.762s][info][gc,heap        ] GC(462) Eden regions: 571->0(571)
[3887.762s][info][gc,heap        ] GC(462) Survivor regions: 43->43(77)
[3887.762s][info][gc,heap        ] GC(462) Old regions: 213->220
[3887.762s][info][gc,heap        ] GC(462) Humongous regions: 33->33
[3887.762s][info][gc,metaspace   ] GC(462) Metaspace: 30011K(30528K)->30011K(30528K) NonClass: 26610K(26880K)->26610K(26880K) Class: 3400K(3648K)->3400K(3648K)
[3887.762s][info][gc             ] GC(462) Pause Young (Normal) (G1 Evacuation Pause) 6861M->2350M(8192M) 148.983ms
[3887.762s][info][gc,cpu         ] GC(462) User=1.18s Sys=0.00s Real=0.15s
......[3894.150s][info][gc,start       ] GC(463) Pause Young (Normal) (G1 Evacuation Pause)
[3894.150s][info][gc,task        ] GC(463) Using 8 workers of 8 for evacuation
[3894.297s][info][gc,phases      ] GC(463)   Pre Evacuate Collection Set: 0.24ms
[3894.297s][info][gc,phases      ] GC(463)   Merge Heap Roots: 0.52ms
[3894.297s][info][gc,phases      ] GC(463)   Evacuate Collection Set: 145.22ms
[3894.297s][info][gc,phases      ] GC(463)   Post Evacuate Collection Set: 1.05ms
[3894.297s][info][gc,phases      ] GC(463)   Other: 0.06ms
[3894.297s][info][gc,heap        ] GC(463) Eden regions: 571->0(572)
[3894.297s][info][gc,heap        ] GC(463) Survivor regions: 43->42(77)
[3894.297s][info][gc,heap        ] GC(463) Old regions: 220->227
[3894.297s][info][gc,heap        ] GC(463) Humongous regions: 33->33
[3894.297s][info][gc,metaspace   ] GC(463) Metaspace: 30011K(30528K)->30011K(30528K) NonClass: 26610K(26880K)->26610K(26880K) Class: 3400K(3648K)->3400K(3648K)
[3894.297s][info][gc             ] GC(463) Pause Young (Normal) (G1 Evacuation Pause) 6918M->2402M(8192M) 147.208ms
[3894.297s][info][gc,cpu         ] GC(463) User=1.16s Sys=0.00s Real=0.15s
.......[3900.786s][info][gc,start       ] GC(464) Pause Young (Normal) (G1 Evacuation Pause)
[3900.786s][info][gc,task        ] GC(464) Using 8 workers of 8 for evacuation
[3900.939s][info][gc,phases      ] GC(464)   Pre Evacuate Collection Set: 0.22ms
[3900.939s][info][gc,phases      ] GC(464)   Merge Heap Roots: 0.53ms
[3900.939s][info][gc,phases      ] GC(464)   Evacuate Collection Set: 150.36ms
[3900.939s][info][gc,phases      ] GC(464)   Post Evacuate Collection Set: 1.05ms
[3900.939s][info][gc,phases      ] GC(464)   Other: 0.06ms
[3900.939s][info][gc,heap        ] GC(464) Eden regions: 572->0(571)
[3900.939s][info][gc,heap        ] GC(464) Survivor regions: 42->43(77)
[3900.939s][info][gc,heap        ] GC(464) Old regions: 227->234
[3900.939s][info][gc,heap        ] GC(464) Humongous regions: 33->33
[3900.939s][info][gc,metaspace   ] GC(464) Metaspace: 30011K(30528K)->30011K(30528K) NonClass: 26610K(26880K)->26610K(26880K) Class: 3400K(3648K)->3400K(3648K)
[3900.939s][info][gc             ] GC(464) Pause Young (Normal) (G1 Evacuation Pause) 6978M->2467M(8192M) 152.360ms
[3900.939s][info][gc,cpu         ] GC(464) User=1.21s Sys=0.00s Real=0.15s
...... (rIR:aIR:PR = 5812:5811:5811) (tPR = 86494) [OK] 
  3906s: Performance info:
         Transaction,    Success,    Partial,     Failed,   Receipts, AvgBarcode, 
             Overall,     349495,          0,          0,     331971,      59.47, 
         Response times:
             Request,    Success,    Partial,     Failed,   SkipFail,     Probes,    Samples,      min,      p50,      p90,      p95,      p99,      max, 
       TotalPurchase,     331971,          0,          0,          0,     326533,     371275,      300,     3700,     6600,     7900,    40000,   223000,
     InStorePurchase,     174776,          0,          0,          0,     172265,     195416,      400,     3700,     6600,     7900,    41000,   223000,
      OnlinePurchase,     122295,          0,          0,          0,     120160,     136638,      300,     3700,     6600,     7800,    41000,   223000,
        InstPurchase,      34900,          0,          0,          0,      34108,      39221,      400,     3500,     6780,     8000,    36000,   163000,
          AssocOfCat,        352,          0,          0,          0,        259,        362,    26000,    34000,    44700,    49850,    81070,   187000,
      AssocOfProduct,       3504,          0,          0,          0,       3278,       3936,      800,     4500,     7200,     8615,    36000,   158000,
      BusinessReport,        875,          0,          0,          0,        754,        982,    26000,    37000,    53000,    59000,   129000,   213000,
          CustBuyBeh,       3503,          0,          0,          0,       3257,       3883,      300,     3400,     6300,     7600,    45000,   157000,
       ProductReturn,       9291,          0,          0,          0,       8893,      10386,      200,     3800,     6600,     8100,    37000,   224000,

  3906s: (43%)   IR =   5950 .[3907.436s][info][gc,start       ] GC(465) Pause Young (Normal) (G1 Evacuation Pause)
[3907.436s][info][gc,task        ] GC(465) Using 8 workers of 8 for evacuation
[3907.588s][info][gc,phases      ] GC(465)   Pre Evacuate Collection Set: 0.25ms
[3907.588s][info][gc,phases      ] GC(465)   Merge Heap Roots: 0.59ms
[3907.588s][info][gc,phases      ] GC(465)   Evacuate Collection Set: 149.40ms
[3907.588s][info][gc,phases      ] GC(465)   Post Evacuate Collection Set: 1.07ms
[3907.588s][info][gc,phases      ] GC(465)   Other: 0.06ms
[3907.588s][info][gc,heap        ] GC(465) Eden regions: 571->0(571)
[3907.588s][info][gc,heap        ] GC(465) Survivor regions: 43->43(77)
[3907.588s][info][gc,heap        ] GC(465) Old regions: 234->241
[3907.588s][info][gc,heap        ] GC(465) Humongous regions: 33->33
[3907.588s][info][gc,metaspace   ] GC(465) Metaspace: 30011K(30528K)->30011K(30528K) NonClass: 26610K(26880K)->26610K(26880K) Class: 3400K(3648K)->3400K(3648K)
[3907.588s][info][gc             ] GC(465) Pause Young (Normal) (G1 Evacuation Pause) 7035M->2522M(8192M) 151.515ms
[3907.588s][info][gc,cpu         ] GC(465) User=1.20s Sys=0.00s Real=0.15s
....|..[3913.813s][info][gc,start       ] GC(466) Pause Young (Normal) (G1 Evacuation Pause)
[3913.813s][info][gc,task        ] GC(466) Using 8 workers of 8 for evacuation
[3913.966s][info][gc,phases      ] GC(466)   Pre Evacuate Collection Set: 0.27ms
[3913.966s][info][gc,phases      ] GC(466)   Merge Heap Roots: 0.60ms
[3913.966s][info][gc,phases      ] GC(466)   Evacuate Collection Set: 150.33ms
[3913.966s][info][gc,phases      ] GC(466)   Post Evacuate Collection Set: 1.05ms
[3913.966s][info][gc,phases      ] GC(466)   Other: 0.06ms
[3913.966s][info][gc,heap        ] GC(466) Eden regions: 571->0(571)
[3913.966s][info][gc,heap        ] GC(466) Survivor regions: 43->43(77)
[3913.966s][info][gc,heap        ] GC(466) Old regions: 241->248
[3913.966s][info][gc,heap        ] GC(466) Humongous regions: 33->33
[3913.966s][info][gc,metaspace   ] GC(466) Metaspace: 30011K(30528K)->30011K(30528K) NonClass: 26610K(26880K)->26610K(26880K) Class: 3400K(3648K)->3400K(3648K)
[3913.966s][info][gc             ] GC(466) Pause Young (Normal) (G1 Evacuation Pause) 7090M->2578M(8192M) 152.442ms
[3913.966s][info][gc,cpu         ] GC(466) User=1.21s Sys=0.00s Real=0.16s
......[3920.296s][info][gc,start       ] GC(467) Pause Young (Normal) (G1 Evacuation Pause)
[3920.296s][info][gc,task        ] GC(467) Using 8 workers of 8 for evacuation
[3920.444s][info][gc,phases      ] GC(467)   Pre Evacuate Collection Set: 0.26ms
[3920.444s][info][gc,phases      ] GC(467)   Merge Heap Roots: 0.51ms
[3920.444s][info][gc,phases      ] GC(467)   Evacuate Collection Set: 146.92ms
[3920.444s][info][gc,phases      ] GC(467)   Post Evacuate Collection Set: 1.06ms
[3920.444s][info][gc,phases      ] GC(467)   Other: 0.07ms
[3920.444s][info][gc,heap        ] GC(467) Eden regions: 571->0(571)
[3920.444s][info][gc,heap        ] GC(467) Survivor regions: 43->43(77)
[3920.444s][info][gc,heap        ] GC(467) Old regions: 248->255
[3920.444s][info][gc,heap        ] GC(467) Humongous regions: 33->33
[3920.444s][info][gc,metaspace   ] GC(467) Metaspace: 30011K(30528K)->30011K(30528K) NonClass: 26610K(26880K)->26610K(26880K) Class: 3400K(3648K)->3400K(3648K)
[3920.444s][info][gc             ] GC(467) Pause Young (Normal) (G1 Evacuation Pause) 7146M->2631M(8192M) 148.955ms
[3920.445s][info][gc,cpu         ] GC(467) User=1.18s Sys=0.00s Real=0.15s
.......[3926.812s][info][gc,start       ] GC(468) Pause Young (Normal) (G1 Evacuation Pause)
[3926.812s][info][gc,task        ] GC(468) Using 8 workers of 8 for evacuation
[3926.963s][info][gc,phases      ] GC(468)   Pre Evacuate Collection Set: 0.24ms
[3926.963s][info][gc,phases      ] GC(468)   Merge Heap Roots: 0.53ms
[3926.963s][info][gc,phases      ] GC(468)   Evacuate Collection Set: 149.35ms
[3926.963s][info][gc,phases      ] GC(468)   Post Evacuate Collection Set: 1.07ms
[3926.963s][info][gc,phases      ] GC(468)   Other: 0.07ms
[3926.963s][info][gc,heap        ] GC(468) Eden regions: 571->0(571)
[3926.963s][info][gc,heap        ] GC(468) Survivor regions: 43->43(77)
[3926.963s][info][gc,heap        ] GC(468) Old regions: 255->262
[3926.963s][info][gc,heap        ] GC(468) Humongous regions: 33->33
[3926.963s][info][gc,metaspace   ] GC(468) Metaspace: 30011K(30528K)->30011K(30528K) NonClass: 26610K(26880K)->26610K(26880K) Class: 3400K(3648K)->3400K(3648K)
[3926.963s][info][gc             ] GC(468) Pause Young (Normal) (G1 Evacuation Pause) 7199M->2690M(8192M) 151.398ms
[3926.963s][info][gc,cpu         ] GC(468) User=1.19s Sys=0.00s Real=0.15s
......[3933.231s][info][gc,start       ] GC(469) Pause Young (Normal) (G1 Evacuation Pause)
[3933.231s][info][gc,task        ] GC(469) Using 8 workers of 8 for evacuation
[3933.379s][info][gc,phases      ] GC(469)   Pre Evacuate Collection Set: 0.25ms
[3933.379s][info][gc,phases      ] GC(469)   Merge Heap Roots: 0.53ms
[3933.379s][info][gc,phases      ] GC(469)   Evacuate Collection Set: 145.86ms
[3933.379s][info][gc,phases      ] GC(469)   Post Evacuate Collection Set: 1.03ms
[3933.379s][info][gc,phases      ] GC(469)   Other: 0.06ms
[3933.379s][info][gc,heap        ] GC(469) Eden regions: 571->0(572)
[3933.379s][info][gc,heap        ] GC(469) Survivor regions: 43->42(77)
[3933.379s][info][gc,heap        ] GC(469) Old regions: 262->269
[3933.379s][info][gc,heap        ] GC(469) Humongous regions: 33->33
[3933.379s][info][gc,metaspace   ] GC(469) Metaspace: 30011K(30528K)->30011K(30528K) NonClass: 26610K(26880K)->26610K(26880K) Class: 3400K(3648K)->3400K(3648K)
[3933.379s][info][gc             ] GC(469) Pause Young (Normal) (G1 Evacuation Pause) 7258M->2739M(8192M) 147.860ms
[3933.379s][info][gc,cpu         ] GC(469) User=1.17s Sys=0.00s Real=0.15s
.......[3939.730s][info][gc,start       ] GC(470) Pause Young (Normal) (G1 Evacuation Pause)
[3939.730s][info][gc,task        ] GC(470) Using 8 workers of 8 for evacuation
[3939.879s][info][gc,phases      ] GC(470)   Pre Evacuate Collection Set: 0.25ms
[3939.879s][info][gc,phases      ] GC(470)   Merge Heap Roots: 0.54ms
[3939.879s][info][gc,phases      ] GC(470)   Evacuate Collection Set: 147.31ms
[3939.879s][info][gc,phases      ] GC(470)   Post Evacuate Collection Set: 1.06ms
[3939.879s][info][gc,phases      ] GC(470)   Other: 0.07ms
[3939.879s][info][gc,heap        ] GC(470) Eden regions: 572->0(571)
[3939.879s][info][gc,heap        ] GC(470) Survivor regions: 42->43(77)
[3939.879s][info][gc,heap        ] GC(470) Old regions: 269->277
[3939.879s][info][gc,heap        ] GC(470) Humongous regions: 33->33
[3939.879s][info][gc,metaspace   ] GC(470) Metaspace: 30011K(30528K)->30011K(30528K) NonClass: 26610K(26880K)->26610K(26880K) Class: 3400K(3648K)->3400K(3648K)
[3939.879s][info][gc             ] GC(470) Pause Young (Normal) (G1 Evacuation Pause) 7315M->2806M(8192M) 149.367ms
[3939.879s][info][gc,cpu         ] GC(470) User=1.18s Sys=0.00s Real=0.15s
......[3946.110s][info][gc,start       ] GC(471) Pause Young (Normal) (G1 Evacuation Pause)
[3946.110s][info][gc,task        ] GC(471) Using 8 workers of 8 for evacuation
[3946.257s][info][gc,phases      ] GC(471)   Pre Evacuate Collection Set: 0.25ms
[3946.257s][info][gc,phases      ] GC(471)   Merge Heap Roots: 0.60ms
[3946.257s][info][gc,phases      ] GC(471)   Evacuate Collection Set: 145.36ms
[3946.257s][info][gc,phases      ] GC(471)   Post Evacuate Collection Set: 1.09ms
[3946.257s][info][gc,phases      ] GC(471)   Other: 0.06ms
[3946.257s][info][gc,heap        ] GC(471) Eden regions: 571->0(571)
[3946.257s][info][gc,heap        ] GC(471) Survivor regions: 43->42(77)
[3946.257s][info][gc,heap        ] GC(471) Old regions: 277->284
[3946.257s][info][gc,heap        ] GC(471) Humongous regions: 33->33
[3946.257s][info][gc,metaspace   ] GC(471) Metaspace: 30011K(30528K)->30011K(30528K) NonClass: 26610K(26880K)->26610K(26880K) Class: 3400K(3648K)->3400K(3648K)
[3946.257s][info][gc             ] GC(471) Pause Young (Normal) (G1 Evacuation Pause) 7374M->2851M(8192M) 147.525ms
[3946.257s][info][gc,cpu         ] GC(471) User=1.16s Sys=0.00s Real=0.15s
.......[3952.628s][info][gc,start       ] GC(472) Pause Young (Normal) (G1 Evacuation Pause)
[3952.628s][info][gc,task        ] GC(472) Using 8 workers of 8 for evacuation
[3952.781s][info][gc,phases      ] GC(472)   Pre Evacuate Collection Set: 0.24ms
[3952.781s][info][gc,phases      ] GC(472)   Merge Heap Roots: 0.53ms
[3952.781s][info][gc,phases      ] GC(472)   Evacuate Collection Set: 150.65ms
[3952.781s][info][gc,phases      ] GC(472)   Post Evacuate Collection Set: 1.10ms
[3952.781s][info][gc,phases      ] GC(472)   Other: 0.07ms
[3952.781s][info][gc,heap        ] GC(472) Eden regions: 571->0(562)
[3952.781s][info][gc,heap        ] GC(472) Survivor regions: 42->43(77)
[3952.781s][info][gc,heap        ] GC(472) Old regions: 284->291
[3952.781s][info][gc,heap        ] GC(472) Humongous regions: 33->33
[3952.781s][info][gc,metaspace   ] GC(472) Metaspace: 30011K(30528K)->30011K(30528K) NonClass: 26610K(26880K)->26610K(26880K) Class: 3400K(3648K)->3400K(3648K)
[3952.781s][info][gc             ] GC(472) Pause Young (Normal) (G1 Evacuation Pause) 7419M->2921M(8192M) 152.709ms
[3952.781s][info][gc,cpu         ] GC(472) User=1.21s Sys=0.00s Real=0.15s
......[3958.972s][info][gc,start       ] GC(473) Pause Young (Normal) (G1 Evacuation Pause)
[3958.972s][info][gc,task        ] GC(473) Using 8 workers of 8 for evacuation
[3959.121s][info][gc,phases      ] GC(473)   Pre Evacuate Collection Set: 0.27ms
[3959.121s][info][gc,phases      ] GC(473)   Merge Heap Roots: 0.53ms
[3959.121s][info][gc,phases      ] GC(473)   Evacuate Collection Set: 147.83ms
[3959.121s][info][gc,phases      ] GC(473)   Post Evacuate Collection Set: 1.02ms
[3959.121s][info][gc,phases      ] GC(473)   Other: 0.06ms
[3959.121s][info][gc,heap        ] GC(473) Eden regions: 562->0(556)
[3959.121s][info][gc,heap        ] GC(473) Survivor regions: 43->42(76)
[3959.121s][info][gc,heap        ] GC(473) Old regions: 291->299
[3959.121s][info][gc,heap        ] GC(473) Humongous regions: 33->33
[3959.121s][info][gc,metaspace   ] GC(473) Metaspace: 30011K(30528K)->30011K(30528K) NonClass: 26610K(26880K)->26610K(26880K) Class: 3400K(3648K)->3400K(3648K)
[3959.121s][info][gc             ] GC(473) Pause Young (Normal) (G1 Evacuation Pause) 7417M->2973M(8192M) 149.845ms
[3959.122s][info][gc,cpu         ] GC(473) User=1.19s Sys=0.00s Real=0.15s
......[3965.231s][info][gc,start       ] GC(474) Pause Young (Normal) (G1 Evacuation Pause)
[3965.231s][info][gc,task        ] GC(474) Using 8 workers of 8 for evacuation
[3965.381s][info][gc,phases      ] GC(474)   Pre Evacuate Collection Set: 0.25ms
[3965.381s][info][gc,phases      ] GC(474)   Merge Heap Roots: 0.53ms
[3965.381s][info][gc,phases      ] GC(474)   Evacuate Collection Set: 148.04ms
[3965.381s][info][gc,phases      ] GC(474)   Post Evacuate Collection Set: 1.04ms
[3965.381s][info][gc,phases      ] GC(474)   Other: 0.06ms
[3965.381s][info][gc,heap        ] GC(474) Eden regions: 556->0(547)
[3965.381s][info][gc,heap        ] GC(474) Survivor regions: 42->43(75)
[3965.381s][info][gc,heap        ] GC(474) Old regions: 299->306
[3965.381s][info][gc,heap        ] GC(474) Humongous regions: 33->33
[3965.381s][info][gc,metaspace   ] GC(474) Metaspace: 30011K(30528K)->30011K(30528K) NonClass: 26610K(26880K)->26610K(26880K) Class: 3400K(3648K)->3400K(3648K)
[3965.381s][info][gc             ] GC(474) Pause Young (Normal) (G1 Evacuation Pause) 7421M->3038M(8192M) 150.057ms
[3965.381s][info][gc,cpu         ] GC(474) User=1.19s Sys=0.00s Real=0.15s
.......[3971.507s][info][gc,start       ] GC(475) Pause Young (Normal) (G1 Evacuation Pause)
[3971.507s][info][gc,task        ] GC(475) Using 8 workers of 8 for evacuation
[3971.653s][info][gc,phases      ] GC(475)   Pre Evacuate Collection Set: 0.25ms
[3971.653s][info][gc,phases      ] GC(475)   Merge Heap Roots: 0.52ms
[3971.653s][info][gc,phases      ] GC(475)   Evacuate Collection Set: 144.59ms
[3971.653s][info][gc,phases      ] GC(475)   Post Evacuate Collection Set: 1.01ms
[3971.653s][info][gc,phases      ] GC(475)   Other: 0.06ms
[3971.653s][info][gc,heap        ] GC(475) Eden regions: 547->0(542)
[3971.653s][info][gc,heap        ] GC(475) Survivor regions: 43->42(74)
[3971.653s][info][gc,heap        ] GC(475) Old regions: 306->313
[3971.653s][info][gc,heap        ] GC(475) Humongous regions: 33->33
[3971.653s][info][gc,metaspace   ] GC(475) Metaspace: 30011K(30528K)->30011K(30528K) NonClass: 26610K(26880K)->26610K(26880K) Class: 3400K(3648K)->3400K(3648K)
[3971.653s][info][gc             ] GC(475) Pause Young (Normal) (G1 Evacuation Pause) 7414M->3090M(8192M) 146.552ms
[3971.653s][info][gc,cpu         ] GC(475) User=1.16s Sys=0.00s Real=0.14s
 (rIR:aIR:PR = 5950:5949:5949) (tPR = 88484) [OK] 
  3971s: Performance info:
         Transaction,    Success,    Partial,     Failed,   Receipts, AvgBarcode, 
             Overall,     357585,          0,          0,     339715,      59.48, 
         Response times:
             Request,    Success,    Partial,     Failed,   SkipFail,     Probes,    Samples,      min,      p50,      p90,      p95,      p99,      max, 
       TotalPurchase,     339715,          0,          0,          0,     332824,     362447,      300,     3700,     6800,     8500,    51000,   391000,
     InStorePurchase,     178819,          0,          0,          0,     175285,     190622,      400,     3700,     6700,     8400,    50000,   271000,
      OnlinePurchase,     125086,          0,          0,          0,     122869,     133834,      300,     3800,     6800,     8500,    53000,   391000,
        InstPurchase,      35810,          0,          0,          0,      34670,      37991,      500,     3800,     6800,     8400,    50000,   181000,
          AssocOfCat,        358,          0,          0,          0,        280,        360,    25000,    34000,    52900,    90900,   185340,   198000,
      AssocOfProduct,       3570,          0,          0,          0,       3315,       3754,      600,     3900,     7000,     8200,    44000,   199000,
      BusinessReport,        890,          0,          0,          0,        764,        938,    27000,    37000,    56000,    80000,   143440,   216000,
          CustBuyBeh,       3587,          0,          0,          0,       3291,       3783,      200,     3200,     6300,     8200,    57160,   161000,
       ProductReturn,       9465,          0,          0,          0,       9019,      10089,      200,     3300,     6500,     7850,    49000,   237000,

  3971s: (44%)   IR =   6088 ....|.[3977.542s][info][gc,start       ] GC(476) Pause Young (Concurrent Start) (G1 Evacuation Pause)
[3977.542s][info][gc,task        ] GC(476) Using 8 workers of 8 for evacuation
[3977.690s][info][gc,phases      ] GC(476)   Pre Evacuate Collection Set: 0.30ms
[3977.690s][info][gc,phases      ] GC(476)   Merge Heap Roots: 0.52ms
[3977.690s][info][gc,phases      ] GC(476)   Evacuate Collection Set: 145.84ms
[3977.690s][info][gc,phases      ] GC(476)   Post Evacuate Collection Set: 1.03ms
[3977.690s][info][gc,phases      ] GC(476)   Other: 0.10ms
[3977.690s][info][gc,heap        ] GC(476) Eden regions: 542->0(534)
[3977.690s][info][gc,heap        ] GC(476) Survivor regions: 42->42(73)
[3977.690s][info][gc,heap        ] GC(476) Old regions: 313->321
[3977.690s][info][gc,heap        ] GC(476) Humongous regions: 33->33
[3977.690s][info][gc,metaspace   ] GC(476) Metaspace: 30011K(30528K)->30011K(30528K) NonClass: 26610K(26880K)->26610K(26880K) Class: 3400K(3648K)->3400K(3648K)
[3977.690s][info][gc             ] GC(476) Pause Young (Concurrent Start) (G1 Evacuation Pause) 7426M->3153M(8192M) 147.929ms
[3977.690s][info][gc             ] GC(477) Concurrent Mark Cycle
[3977.690s][info][gc,marking     ] GC(477) Concurrent Scan Root Regions
[3977.690s][info][gc,cpu         ] GC(476) User=1.17s Sys=0.00s Real=0.15s
.[3977.935s][info][gc,marking     ] GC(477) Concurrent Scan Root Regions 244.684ms
[3977.935s][info][gc,marking     ] GC(477) Concurrent Mark
[3977.935s][info][gc,marking     ] GC(477) Concurrent Mark From Roots
[3977.935s][info][gc,task        ] GC(477) Using 2 workers of 2 for marking
[3978.628s][info][gc,marking     ] GC(477) Concurrent Mark From Roots 692.498ms
[3978.628s][info][gc,marking     ] GC(477) Concurrent Preclean
[3978.628s][info][gc,marking     ] GC(477) Concurrent Preclean 0.123ms
[3978.628s][info][gc,start       ] GC(477) Pause Remark
[3978.629s][info][gc             ] GC(477) Pause Remark 3937M->3337M(8192M) 1.484ms
[3978.629s][info][gc,cpu         ] GC(477) User=0.01s Sys=0.00s Real=0.00s
[3978.629s][info][gc,marking     ] GC(477) Concurrent Mark 694.379ms
[3978.629s][info][gc,marking     ] GC(477) Concurrent Rebuild Remembered Sets and Scrub Regions
.[3978.997s][info][gc,marking     ] GC(477) Concurrent Rebuild Remembered Sets and Scrub Regions 367.292ms
[3978.997s][info][gc,start       ] GC(477) Pause Cleanup
[3978.997s][info][gc             ] GC(477) Pause Cleanup 3589M->3589M(8192M) 0.282ms
[3978.997s][info][gc,cpu         ] GC(477) User=0.00s Sys=0.00s Real=0.00s
[3978.997s][info][gc,marking     ] GC(477) Concurrent Clear Claimed Marks
[3978.997s][info][gc,marking     ] GC(477) Concurrent Clear Claimed Marks 0.045ms
[3978.997s][info][gc,marking     ] GC(477) Concurrent Cleanup for Next Mark
[3979.011s][info][gc,marking     ] GC(477) Concurrent Cleanup for Next Mark 13.270ms
[3979.011s][info][gc             ] GC(477) Concurrent Mark Cycle 1320.340ms
....[3983.458s][info][gc,start       ] GC(478) Pause Young (Prepare Mixed) (G1 Evacuation Pause)
[3983.458s][info][gc,task        ] GC(478) Using 8 workers of 8 for evacuation
[3983.607s][info][gc,phases      ] GC(478)   Pre Evacuate Collection Set: 0.26ms
[3983.607s][info][gc,phases      ] GC(478)   Merge Heap Roots: 0.66ms
[3983.607s][info][gc,phases      ] GC(478)   Evacuate Collection Set: 147.28ms
[3983.607s][info][gc,phases      ] GC(478)   Post Evacuate Collection Set: 1.13ms
[3983.607s][info][gc,phases      ] GC(478)   Other: 0.07ms
[3983.607s][info][gc,heap        ] GC(478) Eden regions: 534->0(572)
[3983.607s][info][gc,heap        ] GC(478) Survivor regions: 42->42(72)
[3983.607s][info][gc,heap        ] GC(478) Old regions: 246->254
[3983.607s][info][gc,heap        ] GC(478) Humongous regions: 33->33
[3983.607s][info][gc,metaspace   ] GC(478) Metaspace: 30011K(30528K)->30011K(30528K) NonClass: 26610K(26880K)->26610K(26880K) Class: 3400K(3648K)->3400K(3648K)
[3983.607s][info][gc             ] GC(478) Pause Young (Prepare Mixed) (G1 Evacuation Pause) 6825M->2614M(8192M) 149.522ms
[3983.607s][info][gc,cpu         ] GC(478) User=1.19s Sys=0.00s Real=0.15s
.......[3989.792s][info][gc,start       ] GC(479) Pause Young (Mixed) (G1 Evacuation Pause)
[3989.792s][info][gc,task        ] GC(479) Using 8 workers of 8 for evacuation
[3989.948s][info][gc,phases      ] GC(479)   Pre Evacuate Collection Set: 0.29ms
[3989.948s][info][gc,phases      ] GC(479)   Merge Heap Roots: 0.78ms
[3989.948s][info][gc,phases      ] GC(479)   Evacuate Collection Set: 153.29ms
[3989.948s][info][gc,phases      ] GC(479)   Post Evacuate Collection Set: 1.25ms
[3989.948s][info][gc,phases      ] GC(479)   Other: 0.07ms
[3989.948s][info][gc,heap        ] GC(479) Eden regions: 572->0(571)
[3989.948s][info][gc,heap        ] GC(479) Survivor regions: 42->43(77)
[3989.948s][info][gc,heap        ] GC(479) Old regions: 254->159
[3989.948s][info][gc,heap        ] GC(479) Humongous regions: 33->33
[3989.948s][info][gc,metaspace   ] GC(479) Metaspace: 30011K(30528K)->30011K(30528K) NonClass: 26610K(26880K)->26610K(26880K) Class: 3400K(3648K)->3400K(3648K)
[3989.948s][info][gc             ] GC(479) Pause Young (Mixed) (G1 Evacuation Pause) 7190M->1863M(8192M) 155.848ms
[3989.948s][info][gc,cpu         ] GC(479) User=1.23s Sys=0.00s Real=0.16s
......[3996.079s][info][gc,start       ] GC(480) Pause Young (Mixed) (G1 Evacuation Pause)
[3996.079s][info][gc,task        ] GC(480) Using 8 workers of 8 for evacuation
[3996.235s][info][gc,phases      ] GC(480)   Pre Evacuate Collection Set: 0.26ms
[3996.235s][info][gc,phases      ] GC(480)   Merge Heap Roots: 0.79ms
[3996.235s][info][gc,phases      ] GC(480)   Evacuate Collection Set: 154.54ms
[3996.235s][info][gc,phases      ] GC(480)   Post Evacuate Collection Set: 1.06ms
[3996.235s][info][gc,phases      ] GC(480)   Other: 0.06ms
[3996.235s][info][gc,heap        ] GC(480) Eden regions: 571->0(571)
[3996.235s][info][gc,heap        ] GC(480) Survivor regions: 43->43(77)
[3996.235s][info][gc,heap        ] GC(480) Old regions: 159->143
[3996.235s][info][gc,heap        ] GC(480) Humongous regions: 33->33
[3996.235s][info][gc,metaspace   ] GC(480) Metaspace: 30011K(30528K)->30011K(30528K) NonClass: 26610K(26880K)->26610K(26880K) Class: 3400K(3648K)->3400K(3648K)
[3996.235s][info][gc             ] GC(480) Pause Young (Mixed) (G1 Evacuation Pause) 6431M->1737M(8192M) 156.837ms
[3996.235s][info][gc,cpu         ] GC(480) User=1.25s Sys=0.00s Real=0.15s
......[4002.400s][info][gc,start       ] GC(481) Pause Young (Normal) (G1 Evacuation Pause)
[4002.400s][info][gc,task        ] GC(481) Using 8 workers of 8 for evacuation
[4002.548s][info][gc,phases      ] GC(481)   Pre Evacuate Collection Set: 0.25ms
[4002.548s][info][gc,phases      ] GC(481)   Merge Heap Roots: 0.54ms
[4002.548s][info][gc,phases      ] GC(481)   Evacuate Collection Set: 146.51ms
[4002.548s][info][gc,phases      ] GC(481)   Post Evacuate Collection Set: 1.03ms
[4002.548s][info][gc,phases      ] GC(481)   Other: 0.06ms
[4002.548s][info][gc,heap        ] GC(481) Eden regions: 571->0(571)
[4002.548s][info][gc,heap        ] GC(481) Survivor regions: 43->43(77)
[4002.548s][info][gc,heap        ] GC(481) Old regions: 143->150
[4002.548s][info][gc,heap        ] GC(481) Humongous regions: 33->33
[4002.548s][info][gc,metaspace   ] GC(481) Metaspace: 30011K(30528K)->30011K(30528K) NonClass: 26610K(26880K)->26610K(26880K) Class: 3400K(3648K)->3400K(3648K)
[4002.548s][info][gc             ] GC(481) Pause Young (Normal) (G1 Evacuation Pause) 6305M->1791M(8192M) 148.519ms
[4002.549s][info][gc,cpu         ] GC(481) User=1.18s Sys=0.00s Real=0.15s
.......[4008.777s][info][gc,start       ] GC(482) Pause Young (Normal) (G1 Evacuation Pause)
[4008.777s][info][gc,task        ] GC(482) Using 8 workers of 8 for evacuation
[4008.930s][info][gc,phases      ] GC(482)   Pre Evacuate Collection Set: 0.26ms
[4008.930s][info][gc,phases      ] GC(482)   Merge Heap Roots: 0.52ms
[4008.930s][info][gc,phases      ] GC(482)   Evacuate Collection Set: 150.21ms
[4008.930s][info][gc,phases      ] GC(482)   Post Evacuate Collection Set: 1.06ms
[4008.930s][info][gc,phases      ] GC(482)   Other: 0.06ms
[4008.930s][info][gc,heap        ] GC(482) Eden regions: 571->0(570)
[4008.930s][info][gc,heap        ] GC(482) Survivor regions: 43->44(77)
[4008.930s][info][gc,heap        ] GC(482) Old regions: 150->158
[4008.930s][info][gc,heap        ] GC(482) Humongous regions: 33->33
[4008.930s][info][gc,metaspace   ] GC(482) Metaspace: 30011K(30528K)->30011K(30528K) NonClass: 26610K(26880K)->26610K(26880K) Class: 3400K(3648K)->3400K(3648K)
[4008.930s][info][gc             ] GC(482) Pause Young (Normal) (G1 Evacuation Pause) 6359M->1857M(8192M) 152.234ms
[4008.930s][info][gc,cpu         ] GC(482) User=1.21s Sys=0.00s Real=0.15s
......[4015.049s][info][gc,start       ] GC(483) Pause Young (Normal) (G1 Evacuation Pause)
[4015.049s][info][gc,task        ] GC(483) Using 8 workers of 8 for evacuation
[4015.198s][info][gc,phases      ] GC(483)   Pre Evacuate Collection Set: 0.29ms
[4015.198s][info][gc,phases      ] GC(483)   Merge Heap Roots: 0.60ms
[4015.198s][info][gc,phases      ] GC(483)   Evacuate Collection Set: 147.05ms
[4015.198s][info][gc,phases      ] GC(483)   Post Evacuate Collection Set: 1.06ms
[4015.198s][info][gc,phases      ] GC(483)   Other: 0.08ms
[4015.198s][info][gc,heap        ] GC(483) Eden regions: 570->0(571)
[4015.198s][info][gc,heap        ] GC(483) Survivor regions: 44->43(77)
[4015.198s][info][gc,heap        ] GC(483) Old regions: 158->164
[4015.198s][info][gc,heap        ] GC(483) Humongous regions: 33->33
[4015.198s][info][gc,metaspace   ] GC(483) Metaspace: 30011K(30528K)->30011K(30528K) NonClass: 26610K(26880K)->26610K(26880K) Class: 3400K(3648K)->3400K(3648K)
[4015.198s][info][gc             ] GC(483) Pause Young (Normal) (G1 Evacuation Pause) 6417M->1907M(8192M) 149.226ms
[4015.198s][info][gc,cpu         ] GC(483) User=1.18s Sys=0.00s Real=0.15s
......[4021.373s][info][gc,start       ] GC(484) Pause Young (Normal) (G1 Evacuation Pause)
[4021.373s][info][gc,task        ] GC(484) Using 8 workers of 8 for evacuation
[4021.523s][info][gc,phases      ] GC(484)   Pre Evacuate Collection Set: 0.27ms
[4021.523s][info][gc,phases      ] GC(484)   Merge Heap Roots: 0.56ms
[4021.523s][info][gc,phases      ] GC(484)   Evacuate Collection Set: 147.28ms
[4021.523s][info][gc,phases      ] GC(484)   Post Evacuate Collection Set: 1.03ms
[4021.523s][info][gc,phases      ] GC(484)   Other: 0.08ms
[4021.523s][info][gc,heap        ] GC(484) Eden regions: 571->0(571)
[4021.523s][info][gc,heap        ] GC(484) Survivor regions: 43->43(77)
[4021.523s][info][gc,heap        ] GC(484) Old regions: 164->171
[4021.523s][info][gc,heap        ] GC(484) Humongous regions: 33->33
[4021.523s][info][gc,metaspace   ] GC(484) Metaspace: 30011K(30528K)->30011K(30528K) NonClass: 26610K(26880K)->26610K(26880K) Class: 3400K(3648K)->3400K(3648K)
[4021.523s][info][gc             ] GC(484) Pause Young (Normal) (G1 Evacuation Pause) 6475M->1963M(8192M) 149.372ms
[4021.523s][info][gc,cpu         ] GC(484) User=1.19s Sys=0.00s Real=0.15s
......[4027.687s][info][gc,start       ] GC(485) Pause Young (Normal) (G1 Evacuation Pause)
[4027.687s][info][gc,task        ] GC(485) Using 8 workers of 8 for evacuation
[4027.839s][info][gc,phases      ] GC(485)   Pre Evacuate Collection Set: 0.24ms
[4027.839s][info][gc,phases      ] GC(485)   Merge Heap Roots: 0.60ms
[4027.839s][info][gc,phases      ] GC(485)   Evacuate Collection Set: 149.73ms
[4027.839s][info][gc,phases      ] GC(485)   Post Evacuate Collection Set: 1.04ms
[4027.839s][info][gc,phases      ] GC(485)   Other: 0.06ms
[4027.839s][info][gc,heap        ] GC(485) Eden regions: 571->0(570)
[4027.839s][info][gc,heap        ] GC(485) Survivor regions: 43->44(77)
[4027.839s][info][gc,heap        ] GC(485) Old regions: 171->178
[4027.839s][info][gc,heap        ] GC(485) Humongous regions: 33->33
[4027.839s][info][gc,metaspace   ] GC(485) Metaspace: 30011K(30528K)->30011K(30528K) NonClass: 26610K(26880K)->26610K(26880K) Class: 3400K(3648K)->3400K(3648K)
[4027.839s][info][gc             ] GC(485) Pause Young (Normal) (G1 Evacuation Pause) 6531M->2023M(8192M) 151.800ms
[4027.839s][info][gc,cpu         ] GC(485) User=1.20s Sys=0.00s Real=0.15s
.......[4033.948s][info][gc,start       ] GC(486) Pause Young (Normal) (G1 Evacuation Pause)
[4033.948s][info][gc,task        ] GC(486) Using 8 workers of 8 for evacuation
[4034.096s][info][gc,phases      ] GC(486)   Pre Evacuate Collection Set: 0.26ms
[4034.097s][info][gc,phases      ] GC(486)   Merge Heap Roots: 0.53ms
[4034.097s][info][gc,phases      ] GC(486)   Evacuate Collection Set: 147.02ms
[4034.097s][info][gc,phases      ] GC(486)   Post Evacuate Collection Set: 1.06ms
[4034.097s][info][gc,phases      ] GC(486)   Other: 0.07ms
[4034.097s][info][gc,heap        ] GC(486) Eden regions: 570->0(570)
[4034.097s][info][gc,heap        ] GC(486) Survivor regions: 44->44(77)
[4034.097s][info][gc,heap        ] GC(486) Old regions: 178->185
[4034.097s][info][gc,heap        ] GC(486) Humongous regions: 33->33
[4034.097s][info][gc,metaspace   ] GC(486) Metaspace: 30011K(30528K)->30011K(30528K) NonClass: 26610K(26880K)->26610K(26880K) Class: 3400K(3648K)->3400K(3648K)
[4034.097s][info][gc             ] GC(486) Pause Young (Normal) (G1 Evacuation Pause) 6583M->2079M(8192M) 149.066ms
[4034.097s][info][gc,cpu         ] GC(486) User=1.18s Sys=0.00s Real=0.15s
.. (rIR:aIR:PR = 6088:6089:6089) (tPR = 90527) [OK] 
  4035s: Performance info:
         Transaction,    Success,    Partial,     Failed,   Receipts, AvgBarcode, 
             Overall,     366171,          0,          0,     347901,      59.47, 
         Response times:
             Request,    Success,    Partial,     Failed,   SkipFail,     Probes,    Samples,      min,      p50,      p90,      p95,      p99,      max, 
       TotalPurchase,     347902,          0,          0,          0,     341296,     365333,      300,     3900,     7000,     8900,    49000,   275000,
     InStorePurchase,     183088,          0,          0,          0,     179956,     192416,      400,     3800,     7000,     8700,    47000,   275000,
      OnlinePurchase,     128162,          0,          0,          0,     125672,     134284,      300,     4000,     7100,     9000,    52000,   275000,
        InstPurchase,      36652,          0,          0,          0,      35668,      38633,      500,     3800,     7100,     9000,    48000,   275000,
          AssocOfCat,        366,          0,          0,          0,        298,        373,    21000,    34000,    46000,    51600,   112040,   187000,
      AssocOfProduct,       3655,          0,          0,          0,       3464,       3901,      500,     3200,     7000,     8700,    37960,   160000,
      BusinessReport,        908,          0,          0,          0,        793,        956,    26000,    37000,    54000,    88150,   202860,   255000,
          CustBuyBeh,       3651,          0,          0,          0,       3429,       3944,      200,     4100,     6700,     8175,    52100,   162000,
       ProductReturn,       9690,          0,          0,          0,       9352,      10279,      200,     3600,     6900,     8700,    41200,   158000,

  4035s: (45%)   IR =   6227 ....[4040.241s][info][gc,start       ] GC(487) Pause Young (Normal) (G1 Evacuation Pause)
[4040.241s][info][gc,task        ] GC(487) Using 8 workers of 8 for evacuation
[4040.390s][info][gc,phases      ] GC(487)   Pre Evacuate Collection Set: 0.22ms
[4040.390s][info][gc,phases      ] GC(487)   Merge Heap Roots: 0.53ms
[4040.390s][info][gc,phases      ] GC(487)   Evacuate Collection Set: 147.81ms
[4040.390s][info][gc,phases      ] GC(487)   Post Evacuate Collection Set: 1.07ms
[4040.390s][info][gc,phases      ] GC(487)   Other: 0.06ms
[4040.390s][info][gc,heap        ] GC(487) Eden regions: 570->0(571)
[4040.390s][info][gc,heap        ] GC(487) Survivor regions: 44->43(77)
[4040.390s][info][gc,heap        ] GC(487) Old regions: 185->192
[4040.390s][info][gc,heap        ] GC(487) Humongous regions: 33->33
[4040.390s][info][gc,metaspace   ] GC(487) Metaspace: 30011K(30528K)->30011K(30528K) NonClass: 26610K(26880K)->26610K(26880K) Class: 3400K(3648K)->3400K(3648K)
[4040.390s][info][gc             ] GC(487) Pause Young (Normal) (G1 Evacuation Pause) 6639M->2127M(8192M) 149.821ms
[4040.390s][info][gc,cpu         ] GC(487) User=1.19s Sys=0.00s Real=0.15s
.|.....[4046.379s][info][gc,start       ] GC(488) Pause Young (Normal) (G1 Evacuation Pause)
[4046.379s][info][gc,task        ] GC(488) Using 8 workers of 8 for evacuation
[4046.527s][info][gc,phases      ] GC(488)   Pre Evacuate Collection Set: 0.28ms
[4046.527s][info][gc,phases      ] GC(488)   Merge Heap Roots: 0.53ms
[4046.527s][info][gc,phases      ] GC(488)   Evacuate Collection Set: 145.72ms
[4046.527s][info][gc,phases      ] GC(488)   Post Evacuate Collection Set: 1.08ms
[4046.527s][info][gc,phases      ] GC(488)   Other: 0.07ms
[4046.527s][info][gc,heap        ] GC(488) Eden regions: 571->0(571)
[4046.527s][info][gc,heap        ] GC(488) Survivor regions: 43->43(77)
[4046.527s][info][gc,heap        ] GC(488) Old regions: 192->199
[4046.527s][info][gc,heap        ] GC(488) Humongous regions: 33->33
[4046.527s][info][gc,metaspace   ] GC(488) Metaspace: 30011K(30528K)->30011K(30528K) NonClass: 26610K(26880K)->26610K(26880K) Class: 3400K(3648K)->3400K(3648K)
[4046.527s][info][gc             ] GC(488) Pause Young (Normal) (G1 Evacuation Pause) 6695M->2183M(8192M) 147.826ms
[4046.527s][info][gc,cpu         ] GC(488) User=1.16s Sys=0.00s Real=0.15s
......[4052.556s][info][gc,start       ] GC(489) Pause Young (Normal) (G1 Evacuation Pause)
[4052.556s][info][gc,task        ] GC(489) Using 8 workers of 8 for evacuation
[4052.706s][info][gc,phases      ] GC(489)   Pre Evacuate Collection Set: 0.25ms
[4052.706s][info][gc,phases      ] GC(489)   Merge Heap Roots: 0.57ms
[4052.706s][info][gc,phases      ] GC(489)   Evacuate Collection Set: 148.24ms
[4052.706s][info][gc,phases      ] GC(489)   Post Evacuate Collection Set: 1.05ms
[4052.706s][info][gc,phases      ] GC(489)   Other: 0.06ms
[4052.706s][info][gc,heap        ] GC(489) Eden regions: 571->0(571)
[4052.706s][info][gc,heap        ] GC(489) Survivor regions: 43->43(77)
[4052.706s][info][gc,heap        ] GC(489) Old regions: 199->206
[4052.706s][info][gc,heap        ] GC(489) Humongous regions: 33->33
[4052.706s][info][gc,metaspace   ] GC(489) Metaspace: 30011K(30528K)->30011K(30528K) NonClass: 26610K(26880K)->26610K(26880K) Class: 3400K(3648K)->3400K(3648K)
[4052.706s][info][gc             ] GC(489) Pause Young (Normal) (G1 Evacuation Pause) 6751M->2239M(8192M) 150.305ms
[4052.706s][info][gc,cpu         ] GC(489) User=1.19s Sys=0.00s Real=0.15s
......[4058.731s][info][gc,start       ] GC(490) Pause Young (Normal) (G1 Evacuation Pause)
[4058.731s][info][gc,task        ] GC(490) Using 8 workers of 8 for evacuation
[4058.883s][info][gc,phases      ] GC(490)   Pre Evacuate Collection Set: 0.26ms
[4058.883s][info][gc,phases      ] GC(490)   Merge Heap Roots: 0.54ms
[4058.883s][info][gc,phases      ] GC(490)   Evacuate Collection Set: 149.87ms
[4058.883s][info][gc,phases      ] GC(490)   Post Evacuate Collection Set: 1.04ms
[4058.883s][info][gc,phases      ] GC(490)   Other: 0.06ms
[4058.883s][info][gc,heap        ] GC(490) Eden regions: 571->0(571)
[4058.883s][info][gc,heap        ] GC(490) Survivor regions: 43->43(77)
[4058.883s][info][gc,heap        ] GC(490) Old regions: 206->213
[4058.883s][info][gc,heap        ] GC(490) Humongous regions: 33->33
[4058.883s][info][gc,metaspace   ] GC(490) Metaspace: 30011K(30528K)->30011K(30528K) NonClass: 26610K(26880K)->26610K(26880K) Class: 3400K(3648K)->3400K(3648K)
[4058.883s][info][gc             ] GC(490) Pause Young (Normal) (G1 Evacuation Pause) 6807M->2294M(8192M) 151.894ms
[4058.883s][info][gc,cpu         ] GC(490) User=1.20s Sys=0.00s Real=0.15s
......[4064.887s][info][gc,start       ] GC(491) Pause Young (Normal) (G1 Evacuation Pause)
[4064.887s][info][gc,task        ] GC(491) Using 8 workers of 8 for evacuation
[4065.035s][info][gc,phases      ] GC(491)   Pre Evacuate Collection Set: 0.24ms
[4065.035s][info][gc,phases      ] GC(491)   Merge Heap Roots: 0.53ms
[4065.035s][info][gc,phases      ] GC(491)   Evacuate Collection Set: 146.45ms
[4065.035s][info][gc,phases      ] GC(491)   Post Evacuate Collection Set: 1.06ms
[4065.035s][info][gc,phases      ] GC(491)   Other: 0.06ms
[4065.035s][info][gc,heap        ] GC(491) Eden regions: 571->0(572)
[4065.035s][info][gc,heap        ] GC(491) Survivor regions: 43->42(77)
[4065.035s][info][gc,heap        ] GC(491) Old regions: 213->220
[4065.035s][info][gc,heap        ] GC(491) Humongous regions: 33->33
[4065.035s][info][gc,metaspace   ] GC(491) Metaspace: 30011K(30528K)->30011K(30528K) NonClass: 26610K(26880K)->26610K(26880K) Class: 3400K(3648K)->3400K(3648K)
[4065.035s][info][gc             ] GC(491) Pause Young (Normal) (G1 Evacuation Pause) 6862M->2345M(8192M) 148.470ms
[4065.035s][info][gc,cpu         ] GC(491) User=1.17s Sys=0.00s Real=0.14s
.......[4071.080s][info][gc,start       ] GC(492) Pause Young (Normal) (G1 Evacuation Pause)
[4071.080s][info][gc,task        ] GC(492) Using 8 workers of 8 for evacuation
[4071.226s][info][gc,phases      ] GC(492)   Pre Evacuate Collection Set: 0.27ms
[4071.226s][info][gc,phases      ] GC(492)   Merge Heap Roots: 0.56ms
[4071.226s][info][gc,phases      ] GC(492)   Evacuate Collection Set: 144.83ms
[4071.226s][info][gc,phases      ] GC(492)   Post Evacuate Collection Set: 1.04ms
[4071.226s][info][gc,phases      ] GC(492)   Other: 0.07ms
[4071.226s][info][gc,heap        ] GC(492) Eden regions: 572->0(571)
[4071.226s][info][gc,heap        ] GC(492) Survivor regions: 42->43(77)
[4071.226s][info][gc,heap        ] GC(492) Old regions: 220->227
[4071.226s][info][gc,heap        ] GC(492) Humongous regions: 33->33
[4071.226s][info][gc,metaspace   ] GC(492) Metaspace: 30011K(30528K)->30011K(30528K) NonClass: 26610K(26880K)->26610K(26880K) Class: 3400K(3648K)->3400K(3648K)
[4071.227s][info][gc             ] GC(492) Pause Young (Normal) (G1 Evacuation Pause) 6921M->2405M(8192M) 146.913ms
[4071.227s][info][gc,cpu         ] GC(492) User=1.16s Sys=0.00s Real=0.15s
......[4077.283s][info][gc,start       ] GC(493) Pause Young (Normal) (G1 Evacuation Pause)
[4077.283s][info][gc,task        ] GC(493) Using 8 workers of 8 for evacuation
[4077.434s][info][gc,phases      ] GC(493)   Pre Evacuate Collection Set: 0.24ms
[4077.434s][info][gc,phases      ] GC(493)   Merge Heap Roots: 0.61ms
[4077.434s][info][gc,phases      ] GC(493)   Evacuate Collection Set: 148.81ms
[4077.434s][info][gc,phases      ] GC(493)   Post Evacuate Collection Set: 1.05ms
[4077.434s][info][gc,phases      ] GC(493)   Other: 0.06ms
[4077.434s][info][gc,heap        ] GC(493) Eden regions: 571->0(571)
[4077.434s][info][gc,heap        ] GC(493) Survivor regions: 43->43(77)
[4077.434s][info][gc,heap        ] GC(493) Old regions: 227->234
[4077.434s][info][gc,heap        ] GC(493) Humongous regions: 33->33
[4077.434s][info][gc,metaspace   ] GC(493) Metaspace: 30011K(30528K)->30011K(30528K) NonClass: 26610K(26880K)->26610K(26880K) Class: 3400K(3648K)->3400K(3648K)
[4077.434s][info][gc             ] GC(493) Pause Young (Normal) (G1 Evacuation Pause) 6973M->2467M(8192M) 150.901ms
[4077.434s][info][gc,cpu         ] GC(493) User=1.19s Sys=0.00s Real=0.15s
......[4083.436s][info][gc,start       ] GC(494) Pause Young (Normal) (G1 Evacuation Pause)
[4083.436s][info][gc,task        ] GC(494) Using 8 workers of 8 for evacuation
[4083.586s][info][gc,phases      ] GC(494)   Pre Evacuate Collection Set: 0.25ms
[4083.586s][info][gc,phases      ] GC(494)   Merge Heap Roots: 0.59ms
[4083.586s][info][gc,phases      ] GC(494)   Evacuate Collection Set: 148.33ms
[4083.586s][info][gc,phases      ] GC(494)   Post Evacuate Collection Set: 1.07ms
[4083.586s][info][gc,phases      ] GC(494)   Other: 0.09ms
[4083.586s][info][gc,heap        ] GC(494) Eden regions: 571->0(571)
[4083.586s][info][gc,heap        ] GC(494) Survivor regions: 43->43(77)
[4083.586s][info][gc,heap        ] GC(494) Old regions: 234->241
[4083.586s][info][gc,heap        ] GC(494) Humongous regions: 33->33
[4083.586s][info][gc,metaspace   ] GC(494) Metaspace: 30011K(30528K)->30011K(30528K) NonClass: 26610K(26880K)->26610K(26880K) Class: 3400K(3648K)->3400K(3648K)
[4083.586s][info][gc             ] GC(494) Pause Young (Normal) (G1 Evacuation Pause) 7035M->2523M(8192M) 150.443ms
[4083.586s][info][gc,cpu         ] GC(494) User=1.19s Sys=0.00s Real=0.15s
......[4089.601s][info][gc,start       ] GC(495) Pause Young (Normal) (G1 Evacuation Pause)
[4089.601s][info][gc,task        ] GC(495) Using 8 workers of 8 for evacuation
[4089.752s][info][gc,phases      ] GC(495)   Pre Evacuate Collection Set: 0.25ms
[4089.752s][info][gc,phases      ] GC(495)   Merge Heap Roots: 0.54ms
[4089.752s][info][gc,phases      ] GC(495)   Evacuate Collection Set: 149.16ms
[4089.752s][info][gc,phases      ] GC(495)   Post Evacuate Collection Set: 1.04ms
[4089.752s][info][gc,phases      ] GC(495)   Other: 0.06ms
[4089.752s][info][gc,heap        ] GC(495) Eden regions: 571->0(571)
[4089.752s][info][gc,heap        ] GC(495) Survivor regions: 43->43(77)
[4089.752s][info][gc,heap        ] GC(495) Old regions: 241->248
[4089.752s][info][gc,heap        ] GC(495) Humongous regions: 33->33
[4089.752s][info][gc,metaspace   ] GC(495) Metaspace: 30011K(30528K)->30011K(30528K) NonClass: 26610K(26880K)->26610K(26880K) Class: 3400K(3648K)->3400K(3648K)
[4089.752s][info][gc             ] GC(495) Pause Young (Normal) (G1 Evacuation Pause) 7091M->2575M(8192M) 151.205ms
[4089.752s][info][gc,cpu         ] GC(495) User=1.20s Sys=0.00s Real=0.15s
......[4095.799s][info][gc,start       ] GC(496) Pause Young (Normal) (G1 Evacuation Pause)
[4095.799s][info][gc,task        ] GC(496) Using 8 workers of 8 for evacuation
[4095.949s][info][gc,phases      ] GC(496)   Pre Evacuate Collection Set: 0.25ms
[4095.949s][info][gc,phases      ] GC(496)   Merge Heap Roots: 0.54ms
[4095.949s][info][gc,phases      ] GC(496)   Evacuate Collection Set: 148.07ms
[4095.949s][info][gc,phases      ] GC(496)   Post Evacuate Collection Set: 1.05ms
[4095.949s][info][gc,phases      ] GC(496)   Other: 0.06ms
[4095.949s][info][gc,heap        ] GC(496) Eden regions: 571->0(571)
[4095.949s][info][gc,heap        ] GC(496) Survivor regions: 43->43(77)
[4095.949s][info][gc,heap        ] GC(496) Old regions: 248->256
[4095.949s][info][gc,heap        ] GC(496) Humongous regions: 33->33
[4095.949s][info][gc,metaspace   ] GC(496) Metaspace: 30011K(30528K)->30011K(30528K) NonClass: 26610K(26880K)->26610K(26880K) Class: 3400K(3648K)->3400K(3648K)
[4095.949s][info][gc             ] GC(496) Pause Young (Normal) (G1 Evacuation Pause) 7143M->2633M(8192M) 150.118ms
[4095.949s][info][gc,cpu         ] GC(496) User=1.18s Sys=0.00s Real=0.15s
...... (rIR:aIR:PR = 6227:6228:6228) (tPR = 92297) [OK] 
  4100s: Performance info:
         Transaction,    Success,    Partial,     Failed,   Receipts, AvgBarcode, 
             Overall,     374551,          0,          0,     355808,      59.48, 
         Response times:
             Request,    Success,    Partial,     Failed,   SkipFail,     Probes,    Samples,      min,      p50,      p90,      p95,      p99,      max, 
       TotalPurchase,     355808,          0,          0,          0,     347151,     378373,      300,     3900,     7100,     8900,    47000,   252000,
     InStorePurchase,     187313,          0,          0,          0,     183097,     199488,      300,     3900,     7100,     8900,    47000,   228000,
      OnlinePurchase,     131083,          0,          0,          0,     127806,     139118,      300,     4000,     7100,     8800,    48000,   228000,
        InstPurchase,      37412,          0,          0,          0,      36248,      39767,      500,     3900,     7300,     9000,    46000,   252000,
          AssocOfCat,        377,          0,          0,          0,        318,        427,    19700,    34000,    45000,    51000,   100600,   178000,
      AssocOfProduct,       3750,          0,          0,          0,       3451,       3882,      600,     5300,     7900,     9685,    53340,   254000,
      BusinessReport,        939,          0,          0,          0,        820,       1005,    25000,    38000,    54000,    63000,   147680,   253000,
          CustBuyBeh,       3746,          0,          0,          0,       3478,       3919,      300,     4700,     7200,     8900,    54800,   158000,
       ProductReturn,       9931,          0,          0,          0,       9444,      10505,      200,     3400,     6800,     8400,    45940,   167000,

  4100s: (46%)   IR =   6365 [4101.995s][info][gc,start       ] GC(497) Pause Young (Normal) (G1 Evacuation Pause)
[4101.995s][info][gc,task        ] GC(497) Using 8 workers of 8 for evacuation
[4102.142s][info][gc,phases      ] GC(497)   Pre Evacuate Collection Set: 0.25ms
[4102.142s][info][gc,phases      ] GC(497)   Merge Heap Roots: 0.54ms
[4102.142s][info][gc,phases      ] GC(497)   Evacuate Collection Set: 145.49ms
[4102.142s][info][gc,phases      ] GC(497)   Post Evacuate Collection Set: 1.04ms
[4102.142s][info][gc,phases      ] GC(497)   Other: 0.06ms
[4102.142s][info][gc,heap        ] GC(497) Eden regions: 571->0(571)
[4102.142s][info][gc,heap        ] GC(497) Survivor regions: 43->43(77)
[4102.142s][info][gc,heap        ] GC(497) Old regions: 256->263
[4102.142s][info][gc,heap        ] GC(497) Humongous regions: 33->33
[4102.142s][info][gc,metaspace   ] GC(497) Metaspace: 30011K(30528K)->30011K(30528K) NonClass: 26610K(26880K)->26610K(26880K) Class: 3400K(3648K)->3400K(3648K)
[4102.142s][info][gc             ] GC(497) Pause Young (Normal) (G1 Evacuation Pause) 7201M->2690M(8192M) 147.526ms
[4102.142s][info][gc,cpu         ] GC(497) User=1.17s Sys=0.00s Real=0.15s
......[4108.083s][info][gc,start       ] GC(498) Pause Young (Normal) (G1 Evacuation Pause)
[4108.083s][info][gc,task        ] GC(498) Using 8 workers of 8 for evacuation
[4108.233s][info][gc,phases      ] GC(498)   Pre Evacuate Collection Set: 0.25ms
[4108.233s][info][gc,phases      ] GC(498)   Merge Heap Roots: 0.60ms
[4108.233s][info][gc,phases      ] GC(498)   Evacuate Collection Set: 147.95ms
[4108.233s][info][gc,phases      ] GC(498)   Post Evacuate Collection Set: 1.07ms
[4108.233s][info][gc,phases      ] GC(498)   Other: 0.07ms
[4108.233s][info][gc,heap        ] GC(498) Eden regions: 571->0(571)
[4108.233s][info][gc,heap        ] GC(498) Survivor regions: 43->43(77)
[4108.233s][info][gc,heap        ] GC(498) Old regions: 263->270
[4108.233s][info][gc,heap        ] GC(498) Humongous regions: 33->33
[4108.233s][info][gc,metaspace   ] GC(498) Metaspace: 30011K(30528K)->30011K(30528K) NonClass: 26610K(26880K)->26610K(26880K) Class: 3400K(3648K)->3400K(3648K)
[4108.233s][info][gc             ] GC(498) Pause Young (Normal) (G1 Evacuation Pause) 7258M->2749M(8192M) 150.101ms
[4108.233s][info][gc,cpu         ] GC(498) User=1.18s Sys=0.00s Real=0.15s
......[4114.056s][info][gc,start       ] GC(499) Pause Young (Normal) (G1 Evacuation Pause)
[4114.056s][info][gc,task        ] GC(499) Using 8 workers of 8 for evacuation
[4114.207s][info][gc,phases      ] GC(499)   Pre Evacuate Collection Set: 0.24ms
[4114.207s][info][gc,phases      ] GC(499)   Merge Heap Roots: 0.54ms
[4114.207s][info][gc,phases      ] GC(499)   Evacuate Collection Set: 149.12ms
[4114.207s][info][gc,phases      ] GC(499)   Post Evacuate Collection Set: 1.09ms
[4114.207s][info][gc,phases      ] GC(499)   Other: 0.06ms
[4114.207s][info][gc,heap        ] GC(499) Eden regions: 571->0(570)
[4114.207s][info][gc,heap        ] GC(499) Survivor regions: 43->44(77)
[4114.207s][info][gc,heap        ] GC(499) Old regions: 270->277
[4114.207s][info][gc,heap        ] GC(499) Humongous regions: 33->33
[4114.207s][info][gc,metaspace   ] GC(499) Metaspace: 30011K(30528K)->30011K(30528K) NonClass: 26610K(26880K)->26610K(26880K) Class: 3400K(3648K)->3400K(3648K)
[4114.207s][info][gc             ] GC(499) Pause Young (Normal) (G1 Evacuation Pause) 7317M->2810M(8192M) 151.182ms
[4114.207s][info][gc,cpu         ] GC(499) User=1.19s Sys=0.00s Real=0.15s
......|[4120.077s][info][gc,start       ] GC(500) Pause Young (Normal) (G1 Evacuation Pause)
[4120.077s][info][gc,task        ] GC(500) Using 8 workers of 8 for evacuation
[4120.230s][info][gc,phases      ] GC(500)   Pre Evacuate Collection Set: 0.25ms
[4120.230s][info][gc,phases      ] GC(500)   Merge Heap Roots: 0.53ms
[4120.230s][info][gc,phases      ] GC(500)   Evacuate Collection Set: 151.20ms
[4120.230s][info][gc,phases      ] GC(500)   Post Evacuate Collection Set: 1.07ms
[4120.230s][info][gc,phases      ] GC(500)   Other: 0.06ms
[4120.230s][info][gc,heap        ] GC(500) Eden regions: 570->0(569)
[4120.230s][info][gc,heap        ] GC(500) Survivor regions: 44->43(77)
[4120.230s][info][gc,heap        ] GC(500) Old regions: 277->284
[4120.230s][info][gc,heap        ] GC(500) Humongous regions: 33->33
[4120.230s][info][gc,metaspace   ] GC(500) Metaspace: 30011K(30528K)->30011K(30528K) NonClass: 26610K(26880K)->26610K(26880K) Class: 3400K(3648K)->3400K(3648K)
[4120.230s][info][gc             ] GC(500) Pause Young (Normal) (G1 Evacuation Pause) 7370M->2865M(8192M) 153.231ms
[4120.230s][info][gc,cpu         ] GC(500) User=1.22s Sys=0.00s Real=0.15s
......[4126.093s][info][gc,start       ] GC(501) Pause Young (Normal) (G1 Evacuation Pause)
[4126.093s][info][gc,task        ] GC(501) Using 8 workers of 8 for evacuation
[4126.243s][info][gc,phases      ] GC(501)   Pre Evacuate Collection Set: 0.24ms
[4126.243s][info][gc,phases      ] GC(501)   Merge Heap Roots: 0.61ms
[4126.243s][info][gc,phases      ] GC(501)   Evacuate Collection Set: 147.75ms
[4126.243s][info][gc,phases      ] GC(501)   Post Evacuate Collection Set: 1.08ms
[4126.243s][info][gc,phases      ] GC(501)   Other: 0.06ms
[4126.243s][info][gc,heap        ] GC(501) Eden regions: 569->0(560)
[4126.243s][info][gc,heap        ] GC(501) Survivor regions: 43->44(77)
[4126.243s][info][gc,heap        ] GC(501) Old regions: 284->291
[4126.243s][info][gc,heap        ] GC(501) Humongous regions: 33->33
[4126.243s][info][gc,metaspace   ] GC(501) Metaspace: 30011K(30528K)->30011K(30528K) NonClass: 26610K(26880K)->26610K(26880K) Class: 3400K(3648K)->3400K(3648K)
[4126.243s][info][gc             ] GC(501) Pause Young (Normal) (G1 Evacuation Pause) 7417M->2925M(8192M) 149.880ms
[4126.243s][info][gc,cpu         ] GC(501) User=1.19s Sys=0.00s Real=0.15s
......[4132.067s][info][gc,start       ] GC(502) Pause Young (Normal) (G1 Evacuation Pause)
[4132.067s][info][gc,task        ] GC(502) Using 8 workers of 8 for evacuation
[4132.214s][info][gc,phases      ] GC(502)   Pre Evacuate Collection Set: 0.29ms
[4132.214s][info][gc,phases      ] GC(502)   Merge Heap Roots: 0.56ms
[4132.214s][info][gc,phases      ] GC(502)   Evacuate Collection Set: 144.97ms
[4132.214s][info][gc,phases      ] GC(502)   Post Evacuate Collection Set: 1.03ms
[4132.214s][info][gc,phases      ] GC(502)   Other: 0.07ms
[4132.214s][info][gc,heap        ] GC(502) Eden regions: 560->0(557)
[4132.214s][info][gc,heap        ] GC(502) Survivor regions: 44->42(76)
[4132.214s][info][gc,heap        ] GC(502) Old regions: 291->298
[4132.214s][info][gc,heap        ] GC(502) Humongous regions: 33->33
[4132.214s][info][gc,metaspace   ] GC(502) Metaspace: 30011K(30528K)->30011K(30528K) NonClass: 26610K(26880K)->26610K(26880K) Class: 3400K(3648K)->3400K(3648K)
[4132.214s][info][gc             ] GC(502) Pause Young (Normal) (G1 Evacuation Pause) 7405M->2971M(8192M) 147.048ms
[4132.214s][info][gc,cpu         ] GC(502) User=1.17s Sys=0.00s Real=0.14s
......[4137.858s][info][gc,start       ] GC(503) Pause Young (Normal) (G1 Evacuation Pause)
[4137.858s][info][gc,task        ] GC(503) Using 8 workers of 8 for evacuation
[4138.010s][info][gc,phases      ] GC(503)   Pre Evacuate Collection Set: 0.26ms
[4138.010s][info][gc,phases      ] GC(503)   Merge Heap Roots: 0.60ms
[4138.010s][info][gc,phases      ] GC(503)   Evacuate Collection Set: 149.71ms
[4138.010s][info][gc,phases      ] GC(503)   Post Evacuate Collection Set: 1.06ms
[4138.010s][info][gc,phases      ] GC(503)   Other: 0.08ms
[4138.010s][info][gc,heap        ] GC(503) Eden regions: 557->0(545)
[4138.010s][info][gc,heap        ] GC(503) Survivor regions: 42->44(75)
[4138.010s][info][gc,heap        ] GC(503) Old regions: 298->306
[4138.010s][info][gc,heap        ] GC(503) Humongous regions: 33->33
[4138.010s][info][gc,metaspace   ] GC(503) Metaspace: 30011K(30528K)->30011K(30528K) NonClass: 26610K(26880K)->26610K(26880K) Class: 3400K(3648K)->3400K(3648K)
[4138.010s][info][gc             ] GC(503) Pause Young (Normal) (G1 Evacuation Pause) 7427M->3046M(8192M) 151.834ms
[4138.010s][info][gc,cpu         ] GC(503) User=1.20s Sys=0.00s Real=0.15s
......[4143.697s][info][gc,start       ] GC(504) Pause Young (Normal) (G1 Evacuation Pause)
[4143.697s][info][gc,task        ] GC(504) Using 8 workers of 8 for evacuation
[4143.846s][info][gc,phases      ] GC(504)   Pre Evacuate Collection Set: 0.25ms
[4143.846s][info][gc,phases      ] GC(504)   Merge Heap Roots: 0.52ms
[4143.846s][info][gc,phases      ] GC(504)   Evacuate Collection Set: 146.28ms
[4143.846s][info][gc,phases      ] GC(504)   Post Evacuate Collection Set: 1.06ms
[4143.846s][info][gc,phases      ] GC(504)   Other: 0.06ms
[4143.846s][info][gc,heap        ] GC(504) Eden regions: 545->0(540)
[4143.846s][info][gc,heap        ] GC(504) Survivor regions: 44->43(74)
[4143.846s][info][gc,heap        ] GC(504) Old regions: 306->313
[4143.846s][info][gc,heap        ] GC(504) Humongous regions: 33->33
[4143.846s][info][gc,metaspace   ] GC(504) Metaspace: 30011K(30528K)->30011K(30528K) NonClass: 26610K(26880K)->26610K(26880K) Class: 3400K(3648K)->3400K(3648K)
[4143.846s][info][gc             ] GC(504) Pause Young (Normal) (G1 Evacuation Pause) 7406M->3095M(8192M) 148.320ms
[4143.846s][info][gc,cpu         ] GC(504) User=1.18s Sys=0.00s Real=0.15s
......[4149.374s][info][gc,start       ] GC(505) Pause Young (Concurrent Start) (G1 Evacuation Pause)
[4149.374s][info][gc,task        ] GC(505) Using 8 workers of 8 for evacuation
[4149.521s][info][gc,phases      ] GC(505)   Pre Evacuate Collection Set: 0.32ms
[4149.521s][info][gc,phases      ] GC(505)   Merge Heap Roots: 0.53ms
[4149.521s][info][gc,phases      ] GC(505)   Evacuate Collection Set: 144.62ms
[4149.521s][info][gc,phases      ] GC(505)   Post Evacuate Collection Set: 1.03ms
[4149.521s][info][gc,phases      ] GC(505)   Other: 0.09ms
[4149.521s][info][gc,heap        ] GC(505) Eden regions: 540->0(534)
[4149.521s][info][gc,heap        ] GC(505) Survivor regions: 43->42(73)
[4149.521s][info][gc,heap        ] GC(505) Old regions: 313->321
[4149.521s][info][gc,heap        ] GC(505) Humongous regions: 33->33
[4149.521s][info][gc,metaspace   ] GC(505) Metaspace: 30011K(30528K)->30011K(30528K) NonClass: 26610K(26880K)->26610K(26880K) Class: 3400K(3648K)->3400K(3648K)
[4149.521s][info][gc             ] GC(505) Pause Young (Concurrent Start) (G1 Evacuation Pause) 7415M->3151M(8192M) 146.731ms
[4149.521s][info][gc             ] GC(506) Concurrent Mark Cycle
[4149.521s][info][gc,marking     ] GC(506) Concurrent Scan Root Regions
[4149.521s][info][gc,cpu         ] GC(505) User=1.16s Sys=0.00s Real=0.15s
[4149.796s][info][gc,marking     ] GC(506) Concurrent Scan Root Regions 274.915ms
[4149.796s][info][gc,marking     ] GC(506) Concurrent Mark
[4149.796s][info][gc,marking     ] GC(506) Concurrent Mark From Roots
[4149.796s][info][gc,task        ] GC(506) Using 2 workers of 2 for marking
.[4150.498s][info][gc,marking     ] GC(506) Concurrent Mark From Roots 702.254ms
[4150.498s][info][gc,marking     ] GC(506) Concurrent Preclean
[4150.498s][info][gc,marking     ] GC(506) Concurrent Preclean 0.110ms
[4150.498s][info][gc,start       ] GC(506) Pause Remark
[4150.500s][info][gc             ] GC(506) Pause Remark 4004M->3492M(8192M) 1.651ms
[4150.500s][info][gc,cpu         ] GC(506) User=0.01s Sys=0.00s Real=0.00s
[4150.500s][info][gc,marking     ] GC(506) Concurrent Mark 704.291ms
[4150.500s][info][gc,marking     ] GC(506) Concurrent Rebuild Remembered Sets and Scrub Regions
[4150.880s][info][gc,marking     ] GC(506) Concurrent Rebuild Remembered Sets and Scrub Regions 379.722ms
[4150.880s][info][gc,start       ] GC(506) Pause Cleanup
[4150.880s][info][gc             ] GC(506) Pause Cleanup 3767M->3767M(8192M) 0.323ms
[4150.880s][info][gc,cpu         ] GC(506) User=0.00s Sys=0.00s Real=0.00s
[4150.880s][info][gc,marking     ] GC(506) Concurrent Clear Claimed Marks
[4150.880s][info][gc,marking     ] GC(506) Concurrent Clear Claimed Marks 0.047ms
[4150.880s][info][gc,marking     ] GC(506) Concurrent Cleanup for Next Mark
[4150.889s][info][gc,marking     ] GC(506) Concurrent Cleanup for Next Mark 8.363ms
[4150.889s][info][gc             ] GC(506) Concurrent Mark Cycle 1368.048ms
....[4155.004s][info][gc,start       ] GC(507) Pause Young (Prepare Mixed) (G1 Evacuation Pause)
[4155.004s][info][gc,task        ] GC(507) Using 8 workers of 8 for evacuation
[4155.152s][info][gc,phases      ] GC(507)   Pre Evacuate Collection Set: 0.27ms
[4155.152s][info][gc,phases      ] GC(507)   Merge Heap Roots: 0.65ms
[4155.152s][info][gc,phases      ] GC(507)   Evacuate Collection Set: 145.75ms
[4155.152s][info][gc,phases      ] GC(507)   Post Evacuate Collection Set: 1.11ms
[4155.152s][info][gc,phases      ] GC(507)   Other: 0.07ms
[4155.152s][info][gc,heap        ] GC(507) Eden regions: 534->0(573)
[4155.152s][info][gc,heap        ] GC(507) Survivor regions: 42->41(72)
[4155.152s][info][gc,heap        ] GC(507) Old regions: 257->264
[4155.152s][info][gc,heap        ] GC(507) Humongous regions: 33->33
[4155.152s][info][gc,metaspace   ] GC(507) Metaspace: 30011K(30528K)->30011K(30528K) NonClass: 26610K(26880K)->26610K(26880K) Class: 3400K(3648K)->3400K(3648K)
[4155.152s][info][gc             ] GC(507) Pause Young (Prepare Mixed) (G1 Evacuation Pause) 6911M->2691M(8192M) 147.984ms
[4155.152s][info][gc,cpu         ] GC(507) User=1.18s Sys=0.00s Real=0.15s
......[4161.120s][info][gc,start       ] GC(508) Pause Young (Mixed) (G1 Evacuation Pause)
[4161.120s][info][gc,task        ] GC(508) Using 8 workers of 8 for evacuation
[4161.272s][info][gc,phases      ] GC(508)   Pre Evacuate Collection Set: 0.31ms
[4161.272s][info][gc,phases      ] GC(508)   Merge Heap Roots: 0.75ms
[4161.272s][info][gc,phases      ] GC(508)   Evacuate Collection Set: 149.49ms
[4161.272s][info][gc,phases      ] GC(508)   Post Evacuate Collection Set: 1.32ms
[4161.272s][info][gc,phases      ] GC(508)   Other: 0.08ms
[4161.272s][info][gc,heap        ] GC(508) Eden regions: 573->0(573)
[4161.272s][info][gc,heap        ] GC(508) Survivor regions: 41->41(77)
[4161.272s][info][gc,heap        ] GC(508) Old regions: 264->169
[4161.272s][info][gc,heap        ] GC(508) Humongous regions: 33->33
[4161.272s][info][gc,metaspace   ] GC(508) Metaspace: 30011K(30528K)->30011K(30528K) NonClass: 26610K(26880K)->26610K(26880K) Class: 3400K(3648K)->3400K(3648K)
[4161.272s][info][gc             ] GC(508) Pause Young (Mixed) (G1 Evacuation Pause) 7275M->1929M(8192M) 152.075ms
[4161.272s][info][gc,cpu         ] GC(508) User=1.21s Sys=0.00s Real=0.15s
......[4167.163s][info][gc,start       ] GC(509) Pause Young (Mixed) (G1 Evacuation Pause)
[4167.163s][info][gc,task        ] GC(509) Using 8 workers of 8 for evacuation
[4167.318s][info][gc,phases      ] GC(509)   Pre Evacuate Collection Set: 0.26ms
[4167.318s][info][gc,phases      ] GC(509)   Merge Heap Roots: 0.83ms
[4167.318s][info][gc,phases      ] GC(509)   Evacuate Collection Set: 152.85ms
[4167.318s][info][gc,phases      ] GC(509)   Post Evacuate Collection Set: 1.10ms
[4167.318s][info][gc,phases      ] GC(509)   Other: 0.07ms
[4167.318s][info][gc,heap        ] GC(509) Eden regions: 573->0(572)
[4167.318s][info][gc,heap        ] GC(509) Survivor regions: 41->42(77)
[4167.318s][info][gc,heap        ] GC(509) Old regions: 169->142
[4167.318s][info][gc,heap        ] GC(509) Humongous regions: 33->33
[4167.318s][info][gc,metaspace   ] GC(509) Metaspace: 30011K(30528K)->30011K(30528K) NonClass: 26610K(26880K)->26610K(26880K) Class: 3400K(3648K)->3400K(3648K)
[4167.318s][info][gc             ] GC(509) Pause Young (Mixed) (G1 Evacuation Pause) 6513M->1721M(8192M) 155.236ms
[4167.318s][info][gc,cpu         ] GC(509) User=1.23s Sys=0.00s Real=0.16s
......[4173.244s][info][gc,start       ] GC(510) Pause Young (Normal) (G1 Evacuation Pause)
[4173.244s][info][gc,task        ] GC(510) Using 8 workers of 8 for evacuation
[4173.394s][info][gc,phases      ] GC(510)   Pre Evacuate Collection Set: 0.24ms
[4173.394s][info][gc,phases      ] GC(510)   Merge Heap Roots: 0.54ms
[4173.394s][info][gc,phases      ] GC(510)   Evacuate Collection Set: 147.64ms
[4173.394s][info][gc,phases      ] GC(510)   Post Evacuate Collection Set: 1.04ms
[4173.394s][info][gc,phases      ] GC(510)   Other: 0.06ms
[4173.394s][info][gc,heap        ] GC(510) Eden regions: 572->0(571)
[4173.394s][info][gc,heap        ] GC(510) Survivor regions: 42->43(77)
[4173.394s][info][gc,heap        ] GC(510) Old regions: 142->150
[4173.394s][info][gc,heap        ] GC(510) Humongous regions: 33->33
[4173.394s][info][gc,metaspace   ] GC(510) Metaspace: 30011K(30528K)->30011K(30528K) NonClass: 26610K(26880K)->26610K(26880K) Class: 3400K(3648K)->3400K(3648K)
[4173.394s][info][gc             ] GC(510) Pause Young (Normal) (G1 Evacuation Pause) 6297M->1785M(8192M) 149.653ms
[4173.394s][info][gc,cpu         ] GC(510) User=1.18s Sys=0.00s Real=0.15s
......[4179.282s][info][gc,start       ] GC(511) Pause Young (Normal) (G1 Evacuation Pause)
[4179.282s][info][gc,task        ] GC(511) Using 8 workers of 8 for evacuation
[4179.431s][info][gc,phases      ] GC(511)   Pre Evacuate Collection Set: 0.24ms
[4179.431s][info][gc,phases      ] GC(511)   Merge Heap Roots: 0.52ms
[4179.431s][info][gc,phases      ] GC(511)   Evacuate Collection Set: 147.12ms
[4179.431s][info][gc,phases      ] GC(511)   Post Evacuate Collection Set: 1.05ms
[4179.431s][info][gc,phases      ] GC(511)   Other: 0.07ms
[4179.431s][info][gc,heap        ] GC(511) Eden regions: 571->0(571)
[4179.431s][info][gc,heap        ] GC(511) Survivor regions: 43->43(77)
[4179.431s][info][gc,heap        ] GC(511) Old regions: 150->157
[4179.431s][info][gc,heap        ] GC(511) Humongous regions: 33->33
[4179.431s][info][gc,metaspace   ] GC(511) Metaspace: 30011K(30528K)->30011K(30528K) NonClass: 26610K(26880K)->26610K(26880K) Class: 3400K(3648K)->3400K(3648K)
[4179.431s][info][gc             ] GC(511) Pause Young (Normal) (G1 Evacuation Pause) 6353M->1842M(8192M) 149.155ms
[4179.431s][info][gc,cpu         ] GC(511) User=1.18s Sys=0.00s Real=0.15s
. (rIR:aIR:PR = 6365:6349:6348) (tPR = 94180) [OK] 
  4179s: Performance info:
         Transaction,    Success,    Partial,     Failed,   Receipts, AvgBarcode, 
             Overall,     382115,          0,          0,     362995,      59.47, 
         Response times:
             Request,    Success,    Partial,     Failed,   SkipFail,     Probes,    Samples,      min,      p50,      p90,      p95,      p99,      max, 
       TotalPurchase,     363032,          0,          0,          0,     353868,     468337,      300,     4000,     7400,     9000,    39000,   227000,
     InStorePurchase,     191075,          0,          0,          0,     186431,     246582,      400,     4000,     7300,     8900,    39000,   227000,
      OnlinePurchase,     133716,          0,          0,          0,     130594,     172612,      300,     4000,     7400,     9100,    38000,   227000,
        InstPurchase,      38241,          0,          0,          0,      36843,      49143,      400,     3900,     7400,     8900,    41000,   205000,
          AssocOfCat,        383,          0,          0,          0,        310,        500,    19500,    35000,    49000,    53000,   121930,   209000,
      AssocOfProduct,       3827,          0,          0,          0,       3551,       4923,      500,     3600,     7700,     9600,    37000,   162000,
      BusinessReport,        959,          0,          0,          0,        835,       1206,    27000,    38000,    56000,    67000,   180760,   209000,
          CustBuyBeh,       3833,          0,          0,          0,       3522,       4846,      300,     3900,     7600,     9600,    40000,   174000,
       ProductReturn,      10118,          0,          0,          0,       9694,      13087,      200,     4100,     7020,     8500,    41000,   182000,

  4179s: (47%)   IR =   6503 .....|[4185.237s][info][gc,start       ] GC(512) Pause Young (Normal) (G1 Evacuation Pause)
[4185.237s][info][gc,task        ] GC(512) Using 8 workers of 8 for evacuation
[4185.389s][info][gc,phases      ] GC(512)   Pre Evacuate Collection Set: 0.26ms
[4185.389s][info][gc,phases      ] GC(512)   Merge Heap Roots: 0.53ms
[4185.389s][info][gc,phases      ] GC(512)   Evacuate Collection Set: 149.56ms
[4185.389s][info][gc,phases      ] GC(512)   Post Evacuate Collection Set: 1.08ms
[4185.389s][info][gc,phases      ] GC(512)   Other: 0.06ms
[4185.389s][info][gc,heap        ] GC(512) Eden regions: 571->0(571)
[4185.389s][info][gc,heap        ] GC(512) Survivor regions: 43->43(77)
[4185.389s][info][gc,heap        ] GC(512) Old regions: 157->164
[4185.389s][info][gc,heap        ] GC(512) Humongous regions: 33->33
[4185.389s][info][gc,metaspace   ] GC(512) Metaspace: 30011K(30528K)->30011K(30528K) NonClass: 26610K(26880K)->26610K(26880K) Class: 3400K(3648K)->3400K(3648K)
[4185.389s][info][gc             ] GC(512) Pause Young (Normal) (G1 Evacuation Pause) 6410M->1902M(8192M) 151.630ms
[4185.389s][info][gc,cpu         ] GC(512) User=1.20s Sys=0.00s Real=0.15s
......[4191.216s][info][gc,start       ] GC(513) Pause Young (Normal) (G1 Evacuation Pause)
[4191.216s][info][gc,task        ] GC(513) Using 8 workers of 8 for evacuation
[4191.365s][info][gc,phases      ] GC(513)   Pre Evacuate Collection Set: 0.24ms
[4191.365s][info][gc,phases      ] GC(513)   Merge Heap Roots: 0.53ms
[4191.365s][info][gc,phases      ] GC(513)   Evacuate Collection Set: 147.13ms
[4191.365s][info][gc,phases      ] GC(513)   Post Evacuate Collection Set: 1.04ms
[4191.365s][info][gc,phases      ] GC(513)   Other: 0.07ms
[4191.365s][info][gc,heap        ] GC(513) Eden regions: 571->0(571)
[4191.365s][info][gc,heap        ] GC(513) Survivor regions: 43->43(77)
[4191.365s][info][gc,heap        ] GC(513) Old regions: 164->171
[4191.365s][info][gc,heap        ] GC(513) Humongous regions: 33->33
[4191.365s][info][gc,metaspace   ] GC(513) Metaspace: 30011K(30528K)->30011K(30528K) NonClass: 26610K(26880K)->26610K(26880K) Class: 3400K(3648K)->3400K(3648K)
[4191.365s][info][gc             ] GC(513) Pause Young (Normal) (G1 Evacuation Pause) 6470M->1961M(8192M) 149.149ms
[4191.365s][info][gc,cpu         ] GC(513) User=1.18s Sys=0.00s Real=0.14s
......[4197.090s][info][gc,start       ] GC(514) Pause Young (Normal) (G1 Evacuation Pause)
[4197.090s][info][gc,task        ] GC(514) Using 8 workers of 8 for evacuation
[4197.238s][info][gc,phases      ] GC(514)   Pre Evacuate Collection Set: 0.26ms
[4197.238s][info][gc,phases      ] GC(514)   Merge Heap Roots: 0.52ms
[4197.238s][info][gc,phases      ] GC(514)   Evacuate Collection Set: 145.88ms
[4197.238s][info][gc,phases      ] GC(514)   Post Evacuate Collection Set: 1.07ms
[4197.238s][info][gc,phases      ] GC(514)   Other: 0.08ms
[4197.238s][info][gc,heap        ] GC(514) Eden regions: 571->0(571)
[4197.238s][info][gc,heap        ] GC(514) Survivor regions: 43->43(77)
[4197.238s][info][gc,heap        ] GC(514) Old regions: 171->178
[4197.238s][info][gc,heap        ] GC(514) Humongous regions: 33->33
[4197.238s][info][gc,metaspace   ] GC(514) Metaspace: 30011K(30528K)->30011K(30528K) NonClass: 26610K(26880K)->26610K(26880K) Class: 3400K(3648K)->3400K(3648K)
[4197.238s][info][gc             ] GC(514) Pause Young (Normal) (G1 Evacuation Pause) 6529M->2017M(8192M) 147.939ms
[4197.238s][info][gc,cpu         ] GC(514) User=1.17s Sys=0.00s Real=0.15s
......[4203.013s][info][gc,start       ] GC(515) Pause Young (Normal) (G1 Evacuation Pause)
[4203.013s][info][gc,task        ] GC(515) Using 8 workers of 8 for evacuation
[4203.163s][info][gc,phases      ] GC(515)   Pre Evacuate Collection Set: 0.26ms
[4203.163s][info][gc,phases      ] GC(515)   Merge Heap Roots: 0.66ms
[4203.163s][info][gc,phases      ] GC(515)   Evacuate Collection Set: 147.87ms
[4203.163s][info][gc,phases      ] GC(515)   Post Evacuate Collection Set: 1.02ms
[4203.163s][info][gc,phases      ] GC(515)   Other: 0.06ms
[4203.163s][info][gc,heap        ] GC(515) Eden regions: 571->0(571)
[4203.163s][info][gc,heap        ] GC(515) Survivor regions: 43->43(77)
[4203.163s][info][gc,heap        ] GC(515) Old regions: 178->185
[4203.163s][info][gc,heap        ] GC(515) Humongous regions: 33->33
[4203.163s][info][gc,metaspace   ] GC(515) Metaspace: 30011K(30528K)->30011K(30528K) NonClass: 26610K(26880K)->26610K(26880K) Class: 3400K(3648K)->3400K(3648K)
[4203.163s][info][gc             ] GC(515) Pause Young (Normal) (G1 Evacuation Pause) 6585M->2069M(8192M) 149.999ms
[4203.163s][info][gc,cpu         ] GC(515) User=1.19s Sys=0.00s Real=0.15s
......[4208.885s][info][gc,start       ] GC(516) Pause Young (Normal) (G1 Evacuation Pause)
[4208.885s][info][gc,task        ] GC(516) Using 8 workers of 8 for evacuation
[4209.035s][info][gc,phases      ] GC(516)   Pre Evacuate Collection Set: 0.25ms
[4209.036s][info][gc,phases      ] GC(516)   Merge Heap Roots: 0.63ms
[4209.036s][info][gc,phases      ] GC(516)   Evacuate Collection Set: 147.97ms
[4209.036s][info][gc,phases      ] GC(516)   Post Evacuate Collection Set: 1.07ms
[4209.036s][info][gc,phases      ] GC(516)   Other: 0.07ms
[4209.036s][info][gc,heap        ] GC(516) Eden regions: 571->0(571)
[4209.036s][info][gc,heap        ] GC(516) Survivor regions: 43->43(77)
[4209.036s][info][gc,heap        ] GC(516) Old regions: 185->192
[4209.036s][info][gc,heap        ] GC(516) Humongous regions: 33->33
[4209.036s][info][gc,metaspace   ] GC(516) Metaspace: 30011K(30528K)->30011K(30528K) NonClass: 26610K(26880K)->26610K(26880K) Class: 3400K(3648K)->3400K(3648K)
[4209.036s][info][gc             ] GC(516) Pause Young (Normal) (G1 Evacuation Pause) 6637M->2125M(8192M) 150.126ms
[4209.036s][info][gc,cpu         ] GC(516) User=1.19s Sys=0.00s Real=0.15s
......[4214.821s][info][gc,start       ] GC(517) Pause Young (Normal) (G1 Evacuation Pause)
[4214.821s][info][gc,task        ] GC(517) Using 8 workers of 8 for evacuation
[4214.970s][info][gc,phases      ] GC(517)   Pre Evacuate Collection Set: 0.30ms
[4214.970s][info][gc,phases      ] GC(517)   Merge Heap Roots: 0.58ms
[4214.970s][info][gc,phases      ] GC(517)   Evacuate Collection Set: 147.20ms
[4214.970s][info][gc,phases      ] GC(517)   Post Evacuate Collection Set: 1.04ms
[4214.970s][info][gc,phases      ] GC(517)   Other: 0.06ms
[4214.970s][info][gc,heap        ] GC(517) Eden regions: 571->0(572)
[4214.970s][info][gc,heap        ] GC(517) Survivor regions: 43->42(77)
[4214.970s][info][gc,heap        ] GC(517) Old regions: 192->199
[4214.970s][info][gc,heap        ] GC(517) Humongous regions: 33->33
[4214.970s][info][gc,metaspace   ] GC(517) Metaspace: 30011K(30528K)->30011K(30528K) NonClass: 26610K(26880K)->26610K(26880K) Class: 3400K(3648K)->3400K(3648K)
[4214.970s][info][gc             ] GC(517) Pause Young (Normal) (G1 Evacuation Pause) 6693M->2177M(8192M) 149.322ms
[4214.971s][info][gc,cpu         ] GC(517) User=1.18s Sys=0.00s Real=0.15s
......[4220.756s][info][gc,start       ] GC(518) Pause Young (Normal) (G1 Evacuation Pause)
[4220.756s][info][gc,task        ] GC(518) Using 8 workers of 8 for evacuation
[4220.907s][info][gc,phases      ] GC(518)   Pre Evacuate Collection Set: 0.24ms
[4220.907s][info][gc,phases      ] GC(518)   Merge Heap Roots: 0.53ms
[4220.907s][info][gc,phases      ] GC(518)   Evacuate Collection Set: 149.82ms
[4220.907s][info][gc,phases      ] GC(518)   Post Evacuate Collection Set: 1.10ms
[4220.907s][info][gc,phases      ] GC(518)   Other: 0.06ms
[4220.907s][info][gc,heap        ] GC(518) Eden regions: 572->0(570)
[4220.907s][info][gc,heap        ] GC(518) Survivor regions: 42->44(77)
[4220.907s][info][gc,heap        ] GC(518) Old regions: 199->206
[4220.907s][info][gc,heap        ] GC(518) Humongous regions: 33->33
[4220.907s][info][gc,metaspace   ] GC(518) Metaspace: 30011K(30528K)->30011K(30528K) NonClass: 26610K(26880K)->26610K(26880K) Class: 3400K(3648K)->3400K(3648K)
[4220.907s][info][gc             ] GC(518) Pause Young (Normal) (G1 Evacuation Pause) 6753M->2246M(8192M) 151.890ms
[4220.907s][info][gc,cpu         ] GC(518) User=1.20s Sys=0.00s Real=0.16s
......[4226.631s][info][gc,start       ] GC(519) Pause Young (Normal) (G1 Evacuation Pause)
[4226.631s][info][gc,task        ] GC(519) Using 8 workers of 8 for evacuation
[4226.781s][info][gc,phases      ] GC(519)   Pre Evacuate Collection Set: 0.25ms
[4226.781s][info][gc,phases      ] GC(519)   Merge Heap Roots: 0.59ms
[4226.781s][info][gc,phases      ] GC(519)   Evacuate Collection Set: 147.97ms
[4226.781s][info][gc,phases      ] GC(519)   Post Evacuate Collection Set: 1.07ms
[4226.781s][info][gc,phases      ] GC(519)   Other: 0.07ms
[4226.781s][info][gc,heap        ] GC(519) Eden regions: 570->0(572)
[4226.781s][info][gc,heap        ] GC(519) Survivor regions: 44->42(77)
[4226.781s][info][gc,heap        ] GC(519) Old regions: 206->214
[4226.781s][info][gc,heap        ] GC(519) Humongous regions: 33->33
[4226.781s][info][gc,metaspace   ] GC(519) Metaspace: 30011K(30528K)->30011K(30528K) NonClass: 26610K(26880K)->26610K(26880K) Class: 3400K(3648K)->3400K(3648K)
[4226.781s][info][gc             ] GC(519) Pause Young (Normal) (G1 Evacuation Pause) 6806M->2293M(8192M) 150.089ms
[4226.781s][info][gc,cpu         ] GC(519) User=1.19s Sys=0.00s Real=0.15s
.....[4232.573s][info][gc,start       ] GC(520) Pause Young (Normal) (G1 Evacuation Pause)
[4232.573s][info][gc,task        ] GC(520) Using 8 workers of 8 for evacuation
[4232.723s][info][gc,phases      ] GC(520)   Pre Evacuate Collection Set: 0.24ms
[4232.724s][info][gc,phases      ] GC(520)   Merge Heap Roots: 0.62ms
[4232.724s][info][gc,phases      ] GC(520)   Evacuate Collection Set: 148.12ms
[4232.724s][info][gc,phases      ] GC(520)   Post Evacuate Collection Set: 1.08ms
[4232.724s][info][gc,phases      ] GC(520)   Other: 0.06ms
[4232.724s][info][gc,heap        ] GC(520) Eden regions: 572->0(571)
[4232.724s][info][gc,heap        ] GC(520) Survivor regions: 42->43(77)
[4232.724s][info][gc,heap        ] GC(520) Old regions: 214->220
[4232.724s][info][gc,heap        ] GC(520) Humongous regions: 33->33
[4232.724s][info][gc,metaspace   ] GC(520) Metaspace: 30011K(30528K)->30011K(30528K) NonClass: 26610K(26880K)->26610K(26880K) Class: 3400K(3648K)->3400K(3648K)
[4232.724s][info][gc             ] GC(520) Pause Young (Normal) (G1 Evacuation Pause) 6869M->2355M(8192M) 151.056ms
[4232.724s][info][gc,cpu         ] GC(520) User=1.19s Sys=0.00s Real=0.15s
......[4238.527s][info][gc,start       ] GC(521) Pause Young (Normal) (G1 Evacuation Pause)
[4238.527s][info][gc,task        ] GC(521) Using 8 workers of 8 for evacuation
[4238.678s][info][gc,phases      ] GC(521)   Pre Evacuate Collection Set: 0.28ms
[4238.678s][info][gc,phases      ] GC(521)   Merge Heap Roots: 0.57ms
[4238.678s][info][gc,phases      ] GC(521)   Evacuate Collection Set: 148.03ms
[4238.678s][info][gc,phases      ] GC(521)   Post Evacuate Collection Set: 1.07ms
[4238.678s][info][gc,phases      ] GC(521)   Other: 0.07ms
[4238.678s][info][gc,heap        ] GC(521) Eden regions: 571->0(571)
[4238.678s][info][gc,heap        ] GC(521) Survivor regions: 43->43(77)
[4238.678s][info][gc,heap        ] GC(521) Old regions: 220->227
[4238.678s][info][gc,heap        ] GC(521) Humongous regions: 33->33
[4238.678s][info][gc,metaspace   ] GC(521) Metaspace: 30011K(30528K)->30011K(30528K) NonClass: 26610K(26880K)->26610K(26880K) Class: 3400K(3648K)->3400K(3648K)
[4238.678s][info][gc             ] GC(521) Pause Young (Normal) (G1 Evacuation Pause) 6923M->2407M(8192M) 150.156ms
[4238.678s][info][gc,cpu         ] GC(521) User=1.19s Sys=0.00s Real=0.15s
......[4244.388s][info][gc,start       ] GC(522) Pause Young (Normal) (G1 Evacuation Pause)
[4244.388s][info][gc,task        ] GC(522) Using 8 workers of 8 for evacuation
[4244.539s][info][gc,phases      ] GC(522)   Pre Evacuate Collection Set: 0.25ms
[4244.539s][info][gc,phases      ] GC(522)   Merge Heap Roots: 0.53ms
[4244.539s][info][gc,phases      ] GC(522)   Evacuate Collection Set: 148.63ms
[4244.539s][info][gc,phases      ] GC(522)   Post Evacuate Collection Set: 1.04ms
[4244.539s][info][gc,phases      ] GC(522)   Other: 0.06ms
[4244.539s][info][gc,heap        ] GC(522) Eden regions: 571->0(570)
[4244.539s][info][gc,heap        ] GC(522) Survivor regions: 43->44(77)
[4244.539s][info][gc,heap        ] GC(522) Old regions: 227->234
[4244.539s][info][gc,heap        ] GC(522) Humongous regions: 33->33
[4244.539s][info][gc,metaspace   ] GC(522) Metaspace: 30011K(30528K)->30011K(30528K) NonClass: 26610K(26880K)->26610K(26880K) Class: 3400K(3648K)->3400K(3648K)
[4244.539s][info][gc             ] GC(522) Pause Young (Normal) (G1 Evacuation Pause) 6975M->2471M(8192M) 150.669ms
[4244.539s][info][gc,cpu         ] GC(522) User=1.19s Sys=0.01s Real=0.15s
. (rIR:aIR:PR = 6503:6503:6503) (tPR = 96523) [OK] 
  4244s: Performance info:
         Transaction,    Success,    Partial,     Failed,   Receipts, AvgBarcode, 
             Overall,     391325,          0,          0,     371742,      59.48, 
         Response times:
             Request,    Success,    Partial,     Failed,   SkipFail,     Probes,    Samples,      min,      p50,      p90,      p95,      p99,      max, 
       TotalPurchase,     371742,          0,          0,          0,     362125,     392679,      300,     4100,     7600,    10100,    49000,   289000,
     InStorePurchase,     195638,          0,          0,          0,     190818,     206727,      300,     4100,     7500,    10000,    49000,   289000,
      OnlinePurchase,     136968,          0,          0,          0,     133182,     144086,      300,     4100,     7600,    10100,    50000,   289000,
        InstPurchase,      39136,          0,          0,          0,      38125,      41866,      400,     4200,     7700,    10100,    48000,   289000,
          AssocOfCat,        391,          0,          0,          0,        306,        399,    21000,    35000,    47000,    56000,   185000,   202000,
      AssocOfProduct,       3916,          0,          0,          0,       3656,       4199,      400,     4500,     7800,    10100,    54000,   161000,
      BusinessReport,        976,          0,          0,          0,        842,       1014,    29000,    39000,    57000,    73000,   124850,   207000,
          CustBuyBeh,       3929,          0,          0,          0,       3688,       4177,      800,     4200,     7200,    11500,    53000,   289000,
       ProductReturn,      10371,          0,          0,          0,       9853,      10953,      300,     4200,     7700,    10700,    45460,   160000,

  4244s: (48%)   IR =   6642 .....[4250.208s][info][gc,start       ] GC(523) Pause Young (Normal) (G1 Evacuation Pause)
[4250.208s][info][gc,task        ] GC(523) Using 8 workers of 8 for evacuation
[4250.358s][info][gc,phases      ] GC(523)   Pre Evacuate Collection Set: 0.27ms
[4250.358s][info][gc,phases      ] GC(523)   Merge Heap Roots: 0.62ms
[4250.358s][info][gc,phases      ] GC(523)   Evacuate Collection Set: 147.86ms
[4250.358s][info][gc,phases      ] GC(523)   Post Evacuate Collection Set: 1.07ms
[4250.358s][info][gc,phases      ] GC(523)   Other: 0.06ms
[4250.358s][info][gc,heap        ] GC(523) Eden regions: 570->0(571)
[4250.358s][info][gc,heap        ] GC(523) Survivor regions: 44->43(77)
[4250.358s][info][gc,heap        ] GC(523) Old regions: 234->242
[4250.358s][info][gc,heap        ] GC(523) Humongous regions: 33->33
[4250.358s][info][gc,metaspace   ] GC(523) Metaspace: 30011K(30528K)->30011K(30528K) NonClass: 26610K(26880K)->26610K(26880K) Class: 3400K(3648K)->3400K(3648K)
[4250.358s][info][gc             ] GC(523) Pause Young (Normal) (G1 Evacuation Pause) 7031M->2521M(8192M) 150.009ms
[4250.358s][info][gc,cpu         ] GC(523) User=1.19s Sys=0.00s Real=0.15s
.|.....[4255.985s][info][gc,start       ] GC(524) Pause Young (Normal) (G1 Evacuation Pause)
[4255.985s][info][gc,task        ] GC(524) Using 8 workers of 8 for evacuation
[4256.135s][info][gc,phases      ] GC(524)   Pre Evacuate Collection Set: 0.25ms
[4256.135s][info][gc,phases      ] GC(524)   Merge Heap Roots: 0.53ms
[4256.135s][info][gc,phases      ] GC(524)   Evacuate Collection Set: 147.63ms
[4256.135s][info][gc,phases      ] GC(524)   Post Evacuate Collection Set: 1.05ms
[4256.135s][info][gc,phases      ] GC(524)   Other: 0.07ms
[4256.135s][info][gc,heap        ] GC(524) Eden regions: 571->0(571)
[4256.135s][info][gc,heap        ] GC(524) Survivor regions: 43->43(77)
[4256.135s][info][gc,heap        ] GC(524) Old regions: 242->249
[4256.135s][info][gc,heap        ] GC(524) Humongous regions: 33->33
[4256.135s][info][gc,metaspace   ] GC(524) Metaspace: 30011K(30528K)->30011K(30528K) NonClass: 26610K(26880K)->26610K(26880K) Class: 3400K(3648K)->3400K(3648K)
[4256.135s][info][gc             ] GC(524) Pause Young (Normal) (G1 Evacuation Pause) 7089M->2577M(8192M) 149.677ms
[4256.135s][info][gc,cpu         ] GC(524) User=1.19s Sys=0.00s Real=0.15s
.....[4261.780s][info][gc,start       ] GC(525) Pause Young (Normal) (G1 Evacuation Pause)
[4261.780s][info][gc,task        ] GC(525) Using 8 workers of 8 for evacuation
[4261.933s][info][gc,phases      ] GC(525)   Pre Evacuate Collection Set: 0.23ms
[4261.933s][info][gc,phases      ] GC(525)   Merge Heap Roots: 0.53ms
[4261.933s][info][gc,phases      ] GC(525)   Evacuate Collection Set: 151.13ms
[4261.933s][info][gc,phases      ] GC(525)   Post Evacuate Collection Set: 1.04ms
[4261.933s][info][gc,phases      ] GC(525)   Other: 0.08ms
[4261.933s][info][gc,heap        ] GC(525) Eden regions: 571->0(571)
[4261.933s][info][gc,heap        ] GC(525) Survivor regions: 43->43(77)
[4261.933s][info][gc,heap        ] GC(525) Old regions: 249->256
[4261.933s][info][gc,heap        ] GC(525) Humongous regions: 33->33
[4261.933s][info][gc,metaspace   ] GC(525) Metaspace: 30011K(30528K)->30011K(30528K) NonClass: 26610K(26880K)->26610K(26880K) Class: 3400K(3648K)->3400K(3648K)
[4261.933s][info][gc             ] GC(525) Pause Young (Normal) (G1 Evacuation Pause) 7145M->2639M(8192M) 153.155ms
[4261.933s][info][gc,cpu         ] GC(525) User=1.22s Sys=0.00s Real=0.15s
......[4267.601s][info][gc,start       ] GC(526) Pause Young (Normal) (G1 Evacuation Pause)
[4267.601s][info][gc,task        ] GC(526) Using 8 workers of 8 for evacuation
[4267.751s][info][gc,phases      ] GC(526)   Pre Evacuate Collection Set: 0.28ms
[4267.751s][info][gc,phases      ] GC(526)   Merge Heap Roots: 0.54ms
[4267.751s][info][gc,phases      ] GC(526)   Evacuate Collection Set: 148.03ms
[4267.751s][info][gc,phases      ] GC(526)   Post Evacuate Collection Set: 1.08ms
[4267.751s][info][gc,phases      ] GC(526)   Other: 0.06ms
[4267.751s][info][gc,heap        ] GC(526) Eden regions: 571->0(571)
[4267.751s][info][gc,heap        ] GC(526) Survivor regions: 43->43(77)
[4267.751s][info][gc,heap        ] GC(526) Old regions: 256->263
[4267.751s][info][gc,heap        ] GC(526) Humongous regions: 33->33
[4267.751s][info][gc,metaspace   ] GC(526) Metaspace: 30011K(30528K)->30011K(30528K) NonClass: 26610K(26880K)->26610K(26880K) Class: 3400K(3648K)->3400K(3648K)
[4267.751s][info][gc             ] GC(526) Pause Young (Normal) (G1 Evacuation Pause) 7207M->2695M(8192M) 150.121ms
[4267.751s][info][gc,cpu         ] GC(526) User=1.18s Sys=0.00s Real=0.15s
......[4273.361s][info][gc,start       ] GC(527) Pause Young (Normal) (G1 Evacuation Pause)
[4273.361s][info][gc,task        ] GC(527) Using 8 workers of 8 for evacuation
[4273.512s][info][gc,phases      ] GC(527)   Pre Evacuate Collection Set: 0.27ms
[4273.512s][info][gc,phases      ] GC(527)   Merge Heap Roots: 0.53ms
[4273.512s][info][gc,phases      ] GC(527)   Evacuate Collection Set: 148.98ms
[4273.512s][info][gc,phases      ] GC(527)   Post Evacuate Collection Set: 1.04ms
[4273.512s][info][gc,phases      ] GC(527)   Other: 0.06ms
[4273.512s][info][gc,heap        ] GC(527) Eden regions: 571->0(570)
[4273.512s][info][gc,heap        ] GC(527) Survivor regions: 43->44(77)
[4273.512s][info][gc,heap        ] GC(527) Old regions: 263->270
[4273.512s][info][gc,heap        ] GC(527) Humongous regions: 33->33
[4273.512s][info][gc,metaspace   ] GC(527) Metaspace: 30011K(30528K)->30011K(30528K) NonClass: 26610K(26880K)->26610K(26880K) Class: 3400K(3648K)->3400K(3648K)
[4273.512s][info][gc             ] GC(527) Pause Young (Normal) (G1 Evacuation Pause) 7263M->2759M(8192M) 151.015ms
[4273.512s][info][gc,cpu         ] GC(527) User=1.20s Sys=0.00s Real=0.15s
......[4279.179s][info][gc,start       ] GC(528) Pause Young (Normal) (G1 Evacuation Pause)
[4279.180s][info][gc,task        ] GC(528) Using 8 workers of 8 for evacuation
[4279.330s][info][gc,phases      ] GC(528)   Pre Evacuate Collection Set: 0.27ms
[4279.330s][info][gc,phases      ] GC(528)   Merge Heap Roots: 0.54ms
[4279.330s][info][gc,phases      ] GC(528)   Evacuate Collection Set: 148.44ms
[4279.330s][info][gc,phases      ] GC(528)   Post Evacuate Collection Set: 1.07ms
[4279.330s][info][gc,phases      ] GC(528)   Other: 0.06ms
[4279.330s][info][gc,heap        ] GC(528) Eden regions: 570->0(571)
[4279.330s][info][gc,heap        ] GC(528) Survivor regions: 44->43(77)
[4279.330s][info][gc,heap        ] GC(528) Old regions: 270->278
[4279.330s][info][gc,heap        ] GC(528) Humongous regions: 33->33
[4279.330s][info][gc,metaspace   ] GC(528) Metaspace: 30011K(30528K)->30011K(30528K) NonClass: 26610K(26880K)->26610K(26880K) Class: 3400K(3648K)->3400K(3648K)
[4279.330s][info][gc             ] GC(528) Pause Young (Normal) (G1 Evacuation Pause) 7319M->2814M(8192M) 150.515ms
[4279.330s][info][gc,cpu         ] GC(528) User=1.19s Sys=0.00s Real=0.15s
......[4284.989s][info][gc,start       ] GC(529) Pause Young (Normal) (G1 Evacuation Pause)
[4284.989s][info][gc,task        ] GC(529) Using 8 workers of 8 for evacuation
[4285.141s][info][gc,phases      ] GC(529)   Pre Evacuate Collection Set: 0.25ms
[4285.141s][info][gc,phases      ] GC(529)   Merge Heap Roots: 0.56ms
[4285.141s][info][gc,phases      ] GC(529)   Evacuate Collection Set: 149.91ms
[4285.141s][info][gc,phases      ] GC(529)   Post Evacuate Collection Set: 1.05ms
[4285.141s][info][gc,phases      ] GC(529)   Other: 0.07ms
[4285.141s][info][gc,heap        ] GC(529) Eden regions: 571->0(568)
[4285.141s][info][gc,heap        ] GC(529) Survivor regions: 43->43(77)
[4285.141s][info][gc,heap        ] GC(529) Old regions: 278->285
[4285.141s][info][gc,heap        ] GC(529) Humongous regions: 33->33
[4285.141s][info][gc,metaspace   ] GC(529) Metaspace: 30011K(30528K)->30011K(30528K) NonClass: 26610K(26880K)->26610K(26880K) Class: 3400K(3648K)->3400K(3648K)
[4285.141s][info][gc             ] GC(529) Pause Young (Normal) (G1 Evacuation Pause) 7382M->2871M(8192M) 151.970ms
[4285.141s][info][gc,cpu         ] GC(529) User=1.20s Sys=0.00s Real=0.15s
.....[4290.666s][info][gc,start       ] GC(530) Pause Young (Normal) (G1 Evacuation Pause)
[4290.666s][info][gc,task        ] GC(530) Using 8 workers of 8 for evacuation
[4290.816s][info][gc,phases      ] GC(530)   Pre Evacuate Collection Set: 0.23ms
[4290.816s][info][gc,phases      ] GC(530)   Merge Heap Roots: 0.53ms
[4290.816s][info][gc,phases      ] GC(530)   Evacuate Collection Set: 147.44ms
[4290.816s][info][gc,phases      ] GC(530)   Post Evacuate Collection Set: 1.05ms
[4290.816s][info][gc,phases      ] GC(530)   Other: 0.07ms
[4290.816s][info][gc,heap        ] GC(530) Eden regions: 568->0(561)
[4290.816s][info][gc,heap        ] GC(530) Survivor regions: 43->43(77)
[4290.816s][info][gc,heap        ] GC(530) Old regions: 285->292
[4290.816s][info][gc,heap        ] GC(530) Humongous regions: 33->33
[4290.816s][info][gc,metaspace   ] GC(530) Metaspace: 30011K(30528K)->30011K(30528K) NonClass: 26610K(26880K)->26610K(26880K) Class: 3400K(3648K)->3400K(3648K)
[4290.816s][info][gc             ] GC(530) Pause Young (Normal) (G1 Evacuation Pause) 7415M->2923M(8192M) 149.471ms
[4290.816s][info][gc,cpu         ] GC(530) User=1.19s Sys=0.00s Real=0.15s
......[4296.395s][info][gc,start       ] GC(531) Pause Young (Normal) (G1 Evacuation Pause)
[4296.395s][info][gc,task        ] GC(531) Using 8 workers of 8 for evacuation
[4296.543s][info][gc,phases      ] GC(531)   Pre Evacuate Collection Set: 0.27ms
[4296.544s][info][gc,phases      ] GC(531)   Merge Heap Roots: 0.61ms
[4296.544s][info][gc,phases      ] GC(531)   Evacuate Collection Set: 146.16ms
[4296.544s][info][gc,phases      ] GC(531)   Post Evacuate Collection Set: 1.04ms
[4296.544s][info][gc,phases      ] GC(531)   Other: 0.06ms
[4296.544s][info][gc,heap        ] GC(531) Eden regions: 561->0(556)
[4296.544s][info][gc,heap        ] GC(531) Survivor regions: 43->42(76)
[4296.544s][info][gc,heap        ] GC(531) Old regions: 292->299
[4296.544s][info][gc,heap        ] GC(531) Humongous regions: 33->33
[4296.544s][info][gc,metaspace   ] GC(531) Metaspace: 30011K(30528K)->30011K(30528K) NonClass: 26610K(26880K)->26610K(26880K) Class: 3400K(3648K)->3400K(3648K)
[4296.544s][info][gc             ] GC(531) Pause Young (Normal) (G1 Evacuation Pause) 7411M->2977M(8192M) 148.291ms
[4296.544s][info][gc,cpu         ] GC(531) User=1.17s Sys=0.00s Real=0.15s
......[4302.088s][info][gc,start       ] GC(532) Pause Young (Normal) (G1 Evacuation Pause)
[4302.088s][info][gc,task        ] GC(532) Using 8 workers of 8 for evacuation
[4302.234s][info][gc,phases      ] GC(532)   Pre Evacuate Collection Set: 0.24ms
[4302.234s][info][gc,phases      ] GC(532)   Merge Heap Roots: 0.61ms
[4302.234s][info][gc,phases      ] GC(532)   Evacuate Collection Set: 144.51ms
[4302.234s][info][gc,phases      ] GC(532)   Post Evacuate Collection Set: 1.03ms
[4302.234s][info][gc,phases      ] GC(532)   Other: 0.07ms
[4302.234s][info][gc,heap        ] GC(532) Eden regions: 556->0(549)
[4302.234s][info][gc,heap        ] GC(532) Survivor regions: 42->42(75)
[4302.234s][info][gc,heap        ] GC(532) Old regions: 299->306
[4302.234s][info][gc,heap        ] GC(532) Humongous regions: 33->33
[4302.234s][info][gc,metaspace   ] GC(532) Metaspace: 30011K(30528K)->30011K(30528K) NonClass: 26610K(26880K)->26610K(26880K) Class: 3400K(3648K)->3400K(3648K)
[4302.234s][info][gc             ] GC(532) Pause Young (Normal) (G1 Evacuation Pause) 7425M->3033M(8192M) 146.599ms
[4302.235s][info][gc,cpu         ] GC(532) User=1.16s Sys=0.00s Real=0.14s
.....[4307.597s][info][gc,start       ] GC(533) Pause Young (Normal) (G1 Evacuation Pause)
[4307.597s][info][gc,task        ] GC(533) Using 8 workers of 8 for evacuation
[4307.745s][info][gc,phases      ] GC(533)   Pre Evacuate Collection Set: 0.27ms
[4307.745s][info][gc,phases      ] GC(533)   Merge Heap Roots: 0.60ms
[4307.745s][info][gc,phases      ] GC(533)   Evacuate Collection Set: 145.96ms
[4307.745s][info][gc,phases      ] GC(533)   Post Evacuate Collection Set: 1.04ms
[4307.745s][info][gc,phases      ] GC(533)   Other: 0.06ms
[4307.745s][info][gc,heap        ] GC(533) Eden regions: 549->0(539)
[4307.745s][info][gc,heap        ] GC(533) Survivor regions: 42->43(74)
[4307.745s][info][gc,heap        ] GC(533) Old regions: 306->314
[4307.745s][info][gc,heap        ] GC(533) Humongous regions: 33->33
[4307.745s][info][gc,metaspace   ] GC(533) Metaspace: 30011K(30528K)->30011K(30528K) NonClass: 26610K(26880K)->26610K(26880K) Class: 3400K(3648K)->3400K(3648K)
[4307.745s][info][gc             ] GC(533) Pause Young (Normal) (G1 Evacuation Pause) 7425M->3098M(8192M) 148.056ms
[4307.745s][info][gc,cpu         ] GC(533) User=1.17s Sys=0.01s Real=0.14s
.... (rIR:aIR:PR = 6642:6639:6639) (tPR = 98042) [OK] 
  4310s: Performance info:
         Transaction,    Success,    Partial,     Failed,   Receipts, AvgBarcode, 
             Overall,     399382,          0,          0,     379414,      59.48, 
         Response times:
             Request,    Success,    Partial,     Failed,   SkipFail,     Probes,    Samples,      min,      p50,      p90,      p95,      p99,      max, 
       TotalPurchase,     379414,          0,          0,          0,     359264,     398064,      300,     4300,     7900,    10000,    49000,   292000,
     InStorePurchase,     199806,          0,          0,          0,     188746,     208820,      400,     4300,     7800,    10000,    49000,   292000,
      OnlinePurchase,     139715,          0,          0,          0,     132714,     147149,      300,     4300,     7900,    10000,    51000,   247000,
        InstPurchase,      39893,          0,          0,          0,      37804,      42095,      500,     4200,     7900,     9700,    46000,   292000,
          AssocOfCat,        400,          0,          0,          0,        312,        421,    26000,    36000,    51800,    59900,   129720,   215000,
      AssocOfProduct,       3987,          0,          0,          0,       3732,       4426,      700,     4600,     8500,    10600,    48000,   161000,
      BusinessReport,        993,          0,          0,          0,        854,       1050,    29000,    39000,    57000,    65800,   120000,   211000,
          CustBuyBeh,       3990,          0,          0,          0,       3657,       4296,      300,     3900,     7300,     9200,    42000,   159000,
       ProductReturn,      10598,          0,          0,          0,      10029,      11331,      200,     4100,     7700,     9900,    47000,   163000,

  4310s: (49%)   IR =   6780 .[4313.031s][info][gc,start       ] GC(534) Pause Young (Concurrent Start) (G1 Evacuation Pause)
[4313.031s][info][gc,task        ] GC(534) Using 8 workers of 8 for evacuation
[4313.179s][info][gc,phases      ] GC(534)   Pre Evacuate Collection Set: 0.32ms
[4313.179s][info][gc,phases      ] GC(534)   Merge Heap Roots: 0.60ms
[4313.179s][info][gc,phases      ] GC(534)   Evacuate Collection Set: 145.01ms
[4313.179s][info][gc,phases      ] GC(534)   Post Evacuate Collection Set: 1.09ms
[4313.179s][info][gc,phases      ] GC(534)   Other: 0.83ms
[4313.179s][info][gc,heap        ] GC(534) Eden regions: 539->0(535)
[4313.179s][info][gc,heap        ] GC(534) Survivor regions: 43->41(73)
[4313.179s][info][gc,heap        ] GC(534) Old regions: 314->322
[4313.179s][info][gc,heap        ] GC(534) Humongous regions: 33->33
[4313.179s][info][gc,metaspace   ] GC(534) Metaspace: 30011K(30528K)->30011K(30528K) NonClass: 26610K(26880K)->26610K(26880K) Class: 3400K(3648K)->3400K(3648K)
[4313.179s][info][gc             ] GC(534) Pause Young (Concurrent Start) (G1 Evacuation Pause) 7410M->3145M(8192M) 147.997ms
[4313.179s][info][gc             ] GC(535) Concurrent Mark Cycle
[4313.179s][info][gc,marking     ] GC(535) Concurrent Scan Root Regions
[4313.179s][info][gc,cpu         ] GC(534) User=1.17s Sys=0.00s Real=0.15s
.[4313.399s][info][gc,marking     ] GC(535) Concurrent Scan Root Regions 219.886ms
[4313.399s][info][gc,marking     ] GC(535) Concurrent Mark
[4313.399s][info][gc,marking     ] GC(535) Concurrent Mark From Roots
[4313.399s][info][gc,task        ] GC(535) Using 2 workers of 2 for marking
[4314.117s][info][gc,marking     ] GC(535) Concurrent Mark From Roots 718.256ms
[4314.117s][info][gc,marking     ] GC(535) Concurrent Preclean
[4314.117s][info][gc,marking     ] GC(535) Concurrent Preclean 0.178ms
[4314.118s][info][gc,start       ] GC(535) Pause Remark
[4314.119s][info][gc             ] GC(535) Pause Remark 3937M->3385M(8192M) 1.646ms
[4314.119s][info][gc,cpu         ] GC(535) User=0.01s Sys=0.00s Real=0.00s
[4314.119s][info][gc,marking     ] GC(535) Concurrent Mark 720.389ms
[4314.119s][info][gc,marking     ] GC(535) Concurrent Rebuild Remembered Sets and Scrub Regions
.[4314.536s][info][gc,marking     ] GC(535) Concurrent Rebuild Remembered Sets and Scrub Regions 416.286ms
[4314.536s][info][gc,start       ] GC(535) Pause Cleanup
[4314.536s][info][gc             ] GC(535) Pause Cleanup 3774M->3774M(8192M) 0.280ms
[4314.536s][info][gc,cpu         ] GC(535) User=0.00s Sys=0.00s Real=0.00s
[4314.536s][info][gc,marking     ] GC(535) Concurrent Clear Claimed Marks
[4314.536s][info][gc,marking     ] GC(535) Concurrent Clear Claimed Marks 0.043ms
[4314.536s][info][gc,marking     ] GC(535) Concurrent Cleanup for Next Mark
[4314.544s][info][gc,marking     ] GC(535) Concurrent Cleanup for Next Mark 7.736ms
[4314.544s][info][gc             ] GC(535) Concurrent Mark Cycle 1365.047ms
...|.[4318.407s][info][gc,start       ] GC(536) Pause Young (Prepare Mixed) (G1 Evacuation Pause)
[4318.407s][info][gc,task        ] GC(536) Using 8 workers of 8 for evacuation
[4318.555s][info][gc,phases      ] GC(536)   Pre Evacuate Collection Set: 0.25ms
[4318.556s][info][gc,phases      ] GC(536)   Merge Heap Roots: 0.68ms
[4318.556s][info][gc,phases      ] GC(536)   Evacuate Collection Set: 145.95ms
[4318.556s][info][gc,phases      ] GC(536)   Post Evacuate Collection Set: 1.15ms
[4318.556s][info][gc,phases      ] GC(536)   Other: 0.07ms
[4318.556s][info][gc,heap        ] GC(536) Eden regions: 535->0(572)
[4318.556s][info][gc,heap        ] GC(536) Survivor regions: 41->42(72)
[4318.556s][info][gc,heap        ] GC(536) Old regions: 253->260
[4318.556s][info][gc,heap        ] GC(536) Humongous regions: 33->33
[4318.556s][info][gc,metaspace   ] GC(536) Metaspace: 30011K(30528K)->30011K(30528K) NonClass: 26610K(26880K)->26610K(26880K) Class: 3400K(3648K)->3400K(3648K)
[4318.556s][info][gc             ] GC(536) Pause Young (Prepare Mixed) (G1 Evacuation Pause) 6873M->2662M(8192M) 148.236ms
[4318.556s][info][gc,cpu         ] GC(536) User=1.18s Sys=0.00s Real=0.14s
.....[4324.003s][info][gc,start       ] GC(537) Pause Young (Mixed) (G1 Evacuation Pause)
[4324.003s][info][gc,task        ] GC(537) Using 8 workers of 8 for evacuation
[4324.157s][info][gc,phases      ] GC(537)   Pre Evacuate Collection Set: 0.33ms
[4324.157s][info][gc,phases      ] GC(537)   Merge Heap Roots: 0.76ms
[4324.157s][info][gc,phases      ] GC(537)   Evacuate Collection Set: 151.89ms
[4324.157s][info][gc,phases      ] GC(537)   Post Evacuate Collection Set: 1.28ms
[4324.157s][info][gc,phases      ] GC(537)   Other: 0.08ms
[4324.157s][info][gc,heap        ] GC(537) Eden regions: 572->0(572)
[4324.157s][info][gc,heap        ] GC(537) Survivor regions: 42->42(77)
[4324.157s][info][gc,heap        ] GC(537) Old regions: 260->165
[4324.157s][info][gc,heap        ] GC(537) Humongous regions: 33->33
[4324.157s][info][gc,metaspace   ] GC(537) Metaspace: 30011K(30528K)->30011K(30528K) NonClass: 26610K(26880K)->26610K(26880K) Class: 3400K(3648K)->3400K(3648K)
[4324.157s][info][gc             ] GC(537) Pause Young (Mixed) (G1 Evacuation Pause) 7238M->1907M(8192M) 154.474ms
[4324.157s][info][gc,cpu         ] GC(537) User=1.22s Sys=0.00s Real=0.16s
......[4329.746s][info][gc,start       ] GC(538) Pause Young (Mixed) (G1 Evacuation Pause)
[4329.746s][info][gc,task        ] GC(538) Using 8 workers of 8 for evacuation
[4329.905s][info][gc,phases      ] GC(538)   Pre Evacuate Collection Set: 0.27ms
[4329.905s][info][gc,phases      ] GC(538)   Merge Heap Roots: 0.95ms
[4329.905s][info][gc,phases      ] GC(538)   Evacuate Collection Set: 156.74ms
[4329.905s][info][gc,phases      ] GC(538)   Post Evacuate Collection Set: 1.10ms
[4329.905s][info][gc,phases      ] GC(538)   Other: 0.07ms
[4329.905s][info][gc,heap        ] GC(538) Eden regions: 572->0(571)
[4329.905s][info][gc,heap        ] GC(538) Survivor regions: 42->43(77)
[4329.905s][info][gc,heap        ] GC(538) Old regions: 165->144
[4329.905s][info][gc,heap        ] GC(538) Humongous regions: 33->33
[4329.905s][info][gc,metaspace   ] GC(538) Metaspace: 30011K(30528K)->30011K(30528K) NonClass: 26610K(26880K)->26610K(26880K) Class: 3400K(3648K)->3400K(3648K)
[4329.905s][info][gc             ] GC(538) Pause Young (Mixed) (G1 Evacuation Pause) 6483M->1738M(8192M) 159.276ms
[4329.905s][info][gc,cpu         ] GC(538) User=1.26s Sys=0.00s Real=0.15s
......[4335.351s][info][gc,start       ] GC(539) Pause Young (Normal) (G1 Evacuation Pause)
[4335.351s][info][gc,task        ] GC(539) Using 8 workers of 8 for evacuation
[4335.499s][info][gc,phases      ] GC(539)   Pre Evacuate Collection Set: 0.25ms
[4335.499s][info][gc,phases      ] GC(539)   Merge Heap Roots: 0.52ms
[4335.499s][info][gc,phases      ] GC(539)   Evacuate Collection Set: 146.07ms
[4335.499s][info][gc,phases      ] GC(539)   Post Evacuate Collection Set: 1.06ms
[4335.499s][info][gc,phases      ] GC(539)   Other: 0.06ms
[4335.499s][info][gc,heap        ] GC(539) Eden regions: 571->0(571)
[4335.499s][info][gc,heap        ] GC(539) Survivor regions: 43->43(77)
[4335.499s][info][gc,heap        ] GC(539) Old regions: 144->151
[4335.499s][info][gc,heap        ] GC(539) Humongous regions: 33->33
[4335.499s][info][gc,metaspace   ] GC(539) Metaspace: 30011K(30528K)->30011K(30528K) NonClass: 26610K(26880K)->26610K(26880K) Class: 3400K(3648K)->3400K(3648K)
[4335.499s][info][gc             ] GC(539) Pause Young (Normal) (G1 Evacuation Pause) 6306M->1797M(8192M) 148.097ms
[4335.499s][info][gc,cpu         ] GC(539) User=1.17s Sys=0.00s Real=0.15s
.....[4341.041s][info][gc,start       ] GC(540) Pause Young (Normal) (G1 Evacuation Pause)
[4341.041s][info][gc,task        ] GC(540) Using 8 workers of 8 for evacuation
[4341.191s][info][gc,phases      ] GC(540)   Pre Evacuate Collection Set: 0.25ms
[4341.191s][info][gc,phases      ] GC(540)   Merge Heap Roots: 0.60ms
[4341.191s][info][gc,phases      ] GC(540)   Evacuate Collection Set: 147.99ms
[4341.191s][info][gc,phases      ] GC(540)   Post Evacuate Collection Set: 1.07ms
[4341.191s][info][gc,phases      ] GC(540)   Other: 0.07ms
[4341.191s][info][gc,heap        ] GC(540) Eden regions: 571->0(571)
[4341.191s][info][gc,heap        ] GC(540) Survivor regions: 43->43(77)
[4341.191s][info][gc,heap        ] GC(540) Old regions: 151->158
[4341.191s][info][gc,heap        ] GC(540) Humongous regions: 33->33
[4341.191s][info][gc,metaspace   ] GC(540) Metaspace: 30011K(30528K)->30011K(30528K) NonClass: 26610K(26880K)->26610K(26880K) Class: 3400K(3648K)->3400K(3648K)
[4341.191s][info][gc             ] GC(540) Pause Young (Normal) (G1 Evacuation Pause) 6365M->1850M(8192M) 150.110ms
[4341.191s][info][gc,cpu         ] GC(540) User=1.18s Sys=0.00s Real=0.15s
......[4346.735s][info][gc,start       ] GC(541) Pause Young (Normal) (G1 Evacuation Pause)
[4346.735s][info][gc,task        ] GC(541) Using 8 workers of 8 for evacuation
[4346.888s][info][gc,phases      ] GC(541)   Pre Evacuate Collection Set: 0.27ms
[4346.888s][info][gc,phases      ] GC(541)   Merge Heap Roots: 0.53ms
[4346.888s][info][gc,phases      ] GC(541)   Evacuate Collection Set: 150.77ms
[4346.888s][info][gc,phases      ] GC(541)   Post Evacuate Collection Set: 1.10ms
[4346.888s][info][gc,phases      ] GC(541)   Other: 0.07ms
[4346.888s][info][gc,heap        ] GC(541) Eden regions: 571->0(570)
[4346.888s][info][gc,heap        ] GC(541) Survivor regions: 43->44(77)
[4346.888s][info][gc,heap        ] GC(541) Old regions: 158->165
[4346.888s][info][gc,heap        ] GC(541) Humongous regions: 33->33
[4346.888s][info][gc,metaspace   ] GC(541) Metaspace: 30011K(30528K)->30011K(30528K) NonClass: 26610K(26880K)->26610K(26880K) Class: 3400K(3648K)->3400K(3648K)
[4346.888s][info][gc             ] GC(541) Pause Young (Normal) (G1 Evacuation Pause) 6418M->1914M(8192M) 152.882ms
[4346.888s][info][gc,cpu         ] GC(541) User=1.21s Sys=0.00s Real=0.16s
......[4352.372s][info][gc,start       ] GC(542) Pause Young (Normal) (G1 Evacuation Pause)
[4352.372s][info][gc,task        ] GC(542) Using 8 workers of 8 for evacuation
[4352.521s][info][gc,phases      ] GC(542)   Pre Evacuate Collection Set: 0.28ms
[4352.521s][info][gc,phases      ] GC(542)   Merge Heap Roots: 0.54ms
[4352.521s][info][gc,phases      ] GC(542)   Evacuate Collection Set: 147.12ms
[4352.521s][info][gc,phases      ] GC(542)   Post Evacuate Collection Set: 1.08ms
[4352.521s][info][gc,phases      ] GC(542)   Other: 0.08ms
[4352.521s][info][gc,heap        ] GC(542) Eden regions: 570->0(571)
[4352.521s][info][gc,heap        ] GC(542) Survivor regions: 44->43(77)
[4352.521s][info][gc,heap        ] GC(542) Old regions: 165->172
[4352.521s][info][gc,heap        ] GC(542) Humongous regions: 33->33
[4352.521s][info][gc,metaspace   ] GC(542) Metaspace: 30011K(30528K)->30011K(30528K) NonClass: 26610K(26880K)->26610K(26880K) Class: 3400K(3648K)->3400K(3648K)
[4352.521s][info][gc             ] GC(542) Pause Young (Normal) (G1 Evacuation Pause) 6474M->1968M(8192M) 149.243ms
[4352.521s][info][gc,cpu         ] GC(542) User=1.18s Sys=0.00s Real=0.15s
.....[4358.051s][info][gc,start       ] GC(543) Pause Young (Normal) (G1 Evacuation Pause)
[4358.051s][info][gc,task        ] GC(543) Using 8 workers of 8 for evacuation
[4358.200s][info][gc,phases      ] GC(543)   Pre Evacuate Collection Set: 0.27ms
[4358.200s][info][gc,phases      ] GC(543)   Merge Heap Roots: 0.62ms
[4358.200s][info][gc,phases      ] GC(543)   Evacuate Collection Set: 146.93ms
[4358.200s][info][gc,phases      ] GC(543)   Post Evacuate Collection Set: 1.07ms
[4358.200s][info][gc,phases      ] GC(543)   Other: 0.06ms
[4358.200s][info][gc,heap        ] GC(543) Eden regions: 571->0(571)
[4358.200s][info][gc,heap        ] GC(543) Survivor regions: 43->43(77)
[4358.200s][info][gc,heap        ] GC(543) Old regions: 172->179
[4358.200s][info][gc,heap        ] GC(543) Humongous regions: 33->33
[4358.200s][info][gc,metaspace   ] GC(543) Metaspace: 30011K(30528K)->30011K(30528K) NonClass: 26610K(26880K)->26610K(26880K) Class: 3400K(3648K)->3400K(3648K)
[4358.200s][info][gc             ] GC(543) Pause Young (Normal) (G1 Evacuation Pause) 6536M->2021M(8192M) 149.104ms
[4358.200s][info][gc,cpu         ] GC(543) User=1.18s Sys=0.00s Real=0.15s
......[4363.750s][info][gc,start       ] GC(544) Pause Young (Normal) (G1 Evacuation Pause)
[4363.750s][info][gc,task        ] GC(544) Using 8 workers of 8 for evacuation
[4363.902s][info][gc,phases      ] GC(544)   Pre Evacuate Collection Set: 0.25ms
[4363.902s][info][gc,phases      ] GC(544)   Merge Heap Roots: 0.53ms
[4363.902s][info][gc,phases      ] GC(544)   Evacuate Collection Set: 150.65ms
[4363.902s][info][gc,phases      ] GC(544)   Post Evacuate Collection Set: 1.05ms
[4363.902s][info][gc,phases      ] GC(544)   Other: 0.07ms
[4363.902s][info][gc,heap        ] GC(544) Eden regions: 571->0(570)
[4363.902s][info][gc,heap        ] GC(544) Survivor regions: 43->44(77)
[4363.902s][info][gc,heap        ] GC(544) Old regions: 179->186
[4363.902s][info][gc,heap        ] GC(544) Humongous regions: 33->33
[4363.902s][info][gc,metaspace   ] GC(544) Metaspace: 30011K(30528K)->30011K(30528K) NonClass: 26610K(26880K)->26610K(26880K) Class: 3400K(3648K)->3400K(3648K)
[4363.902s][info][gc             ] GC(544) Pause Young (Normal) (G1 Evacuation Pause) 6589M->2085M(8192M) 152.694ms
[4363.902s][info][gc,cpu         ] GC(544) User=1.21s Sys=0.00s Real=0.15s
......[4369.486s][info][gc,start       ] GC(545) Pause Young (Normal) (G1 Evacuation Pause)
[4369.486s][info][gc,task        ] GC(545) Using 8 workers of 8 for evacuation
[4369.638s][info][gc,phases      ] GC(545)   Pre Evacuate Collection Set: 0.27ms
[4369.638s][info][gc,phases      ] GC(545)   Merge Heap Roots: 0.59ms
[4369.638s][info][gc,phases      ] GC(545)   Evacuate Collection Set: 150.12ms
[4369.638s][info][gc,phases      ] GC(545)   Post Evacuate Collection Set: 1.03ms
[4369.638s][info][gc,phases      ] GC(545)   Other: 0.06ms
[4369.638s][info][gc,heap        ] GC(545) Eden regions: 570->0(571)
[4369.638s][info][gc,heap        ] GC(545) Survivor regions: 44->43(77)
[4369.638s][info][gc,heap        ] GC(545) Old regions: 186->193
[4369.638s][info][gc,heap        ] GC(545) Humongous regions: 33->33
[4369.638s][info][gc,metaspace   ] GC(545) Metaspace: 30011K(30528K)->30011K(30528K) NonClass: 26610K(26880K)->26610K(26880K) Class: 3400K(3648K)->3400K(3648K)
[4369.638s][info][gc             ] GC(545) Pause Young (Normal) (G1 Evacuation Pause) 6645M->2138M(8192M) 152.197ms
[4369.638s][info][gc,cpu         ] GC(545) User=1.20s Sys=0.00s Real=0.15s
.....[4375.061s][info][gc,start       ] GC(546) Pause Young (Normal) (G1 Evacuation Pause)
[4375.061s][info][gc,task        ] GC(546) Using 8 workers of 8 for evacuation
[4375.208s][info][gc,phases      ] GC(546)   Pre Evacuate Collection Set: 0.26ms
[4375.208s][info][gc,phases      ] GC(546)   Merge Heap Roots: 0.54ms
[4375.208s][info][gc,phases      ] GC(546)   Evacuate Collection Set: 144.66ms
[4375.208s][info][gc,phases      ] GC(546)   Post Evacuate Collection Set: 1.06ms
[4375.208s][info][gc,phases      ] GC(546)   Other: 0.06ms
[4375.208s][info][gc,heap        ] GC(546) Eden regions: 571->0(571)
[4375.208s][info][gc,heap        ] GC(546) Survivor regions: 43->43(77)
[4375.208s][info][gc,heap        ] GC(546) Old regions: 193->201
[4375.208s][info][gc,heap        ] GC(546) Humongous regions: 33->33
[4375.208s][info][gc,metaspace   ] GC(546) Metaspace: 30011K(30528K)->30011K(30528K) NonClass: 26610K(26880K)->26610K(26880K) Class: 3400K(3648K)->3400K(3648K)
[4375.208s][info][gc             ] GC(546) Pause Young (Normal) (G1 Evacuation Pause) 6706M->2193M(8192M) 146.713ms
[4375.208s][info][gc,cpu         ] GC(546) User=1.16s Sys=0.00s Real=0.15s
... (rIR:aIR:PR = 6780:6782:6782) (tPR = 100794) [OK] 
  4377s: Performance info:
         Transaction,    Success,    Partial,     Failed,   Receipts, AvgBarcode, 
             Overall,     407134,          0,          0,     386790,      59.48, 
         Response times:
             Request,    Success,    Partial,     Failed,   SkipFail,     Probes,    Samples,      min,      p50,      p90,      p95,      p99,      max, 
       TotalPurchase,     386788,          0,          0,          0,     360366,     399014,      400,     4500,     8400,    12100,    63000,   394000,
     InStorePurchase,     203638,          0,          0,          0,     189130,     209026,      400,     4500,     8400,    11900,    63000,   394000,
      OnlinePurchase,     142500,          0,          0,          0,     132855,     147155,      400,     4600,     8400,    12500,    64000,   393000,
        InstPurchase,      40650,          0,          0,          0,      38381,      42833,      400,     4700,     8400,    11800,    64660,   394000,
          AssocOfCat,        408,          0,          0,          0,        329,        441,    24000,    37000,    55000,    70900,   123860,   190000,
      AssocOfProduct,       4081,          0,          0,          0,       3855,       4555,      800,     5000,     9100,    13900,    62000,   171000,
      BusinessReport,       1019,          0,          0,          0,        932,       1178,    29000,    40000,    59000,    76100,   164940,   205000,
          CustBuyBeh,       4064,          0,          0,          0,       3751,       4382,      200,     3800,     7800,    11200,    62000,   234000,
       ProductReturn,      10773,          0,          0,          0,      10376,      11893,      200,     4600,     8200,    12800,    65000,   292000,

  4377s: (50%)   IR =   6918 ...[4380.713s][info][gc,start       ] GC(547) Pause Young (Normal) (G1 Evacuation Pause)
[4380.713s][info][gc,task        ] GC(547) Using 8 workers of 8 for evacuation
[4380.862s][info][gc,phases      ] GC(547)   Pre Evacuate Collection Set: 0.25ms
[4380.862s][info][gc,phases      ] GC(547)   Merge Heap Roots: 0.54ms
[4380.862s][info][gc,phases      ] GC(547)   Evacuate Collection Set: 147.47ms
[4380.862s][info][gc,phases      ] GC(547)   Post Evacuate Collection Set: 1.06ms
[4380.862s][info][gc,phases      ] GC(547)   Other: 0.06ms
[4380.862s][info][gc,heap        ] GC(547) Eden regions: 571->0(571)
[4380.862s][info][gc,heap        ] GC(547) Survivor regions: 43->43(77)
[4380.862s][info][gc,heap        ] GC(547) Old regions: 201->208
[4380.862s][info][gc,heap        ] GC(547) Humongous regions: 33->33
[4380.862s][info][gc,metaspace   ] GC(547) Metaspace: 30011K(30528K)->30011K(30528K) NonClass: 26610K(26880K)->26610K(26880K) Class: 3400K(3648K)->3400K(3648K)
[4380.862s][info][gc             ] GC(547) Pause Young (Normal) (G1 Evacuation Pause) 6761M->2249M(8192M) 149.501ms
[4380.862s][info][gc,cpu         ] GC(547) User=1.18s Sys=0.00s Real=0.15s
.|....[4386.158s][info][gc,start       ] GC(548) Pause Young (Normal) (G1 Evacuation Pause)
[4386.158s][info][gc,task        ] GC(548) Using 8 workers of 8 for evacuation
[4386.308s][info][gc,phases      ] GC(548)   Pre Evacuate Collection Set: 0.29ms
[4386.308s][info][gc,phases      ] GC(548)   Merge Heap Roots: 0.59ms
[4386.308s][info][gc,phases      ] GC(548)   Evacuate Collection Set: 148.18ms
[4386.308s][info][gc,phases      ] GC(548)   Post Evacuate Collection Set: 1.15ms
[4386.308s][info][gc,phases      ] GC(548)   Other: 0.06ms
[4386.308s][info][gc,heap        ] GC(548) Eden regions: 571->0(571)
[4386.308s][info][gc,heap        ] GC(548) Survivor regions: 43->43(77)
[4386.308s][info][gc,heap        ] GC(548) Old regions: 208->215
[4386.308s][info][gc,heap        ] GC(548) Humongous regions: 33->33
[4386.308s][info][gc,metaspace   ] GC(548) Metaspace: 30011K(30528K)->30011K(30528K) NonClass: 26610K(26880K)->26610K(26880K) Class: 3400K(3648K)->3400K(3648K)
[4386.308s][info][gc             ] GC(548) Pause Young (Normal) (G1 Evacuation Pause) 6817M->2307M(8192M) 150.431ms
[4386.308s][info][gc,cpu         ] GC(548) User=1.19s Sys=0.00s Real=0.15s
......[4391.772s][info][gc,start       ] GC(549) Pause Young (Normal) (G1 Evacuation Pause)
[4391.772s][info][gc,task        ] GC(549) Using 8 workers of 8 for evacuation
[4391.922s][info][gc,phases      ] GC(549)   Pre Evacuate Collection Set: 0.25ms
[4391.922s][info][gc,phases      ] GC(549)   Merge Heap Roots: 0.53ms
[4391.922s][info][gc,phases      ] GC(549)   Evacuate Collection Set: 148.09ms
[4391.922s][info][gc,phases      ] GC(549)   Post Evacuate Collection Set: 1.07ms
[4391.922s][info][gc,phases      ] GC(549)   Other: 0.07ms
[4391.922s][info][gc,heap        ] GC(549) Eden regions: 571->0(571)
[4391.922s][info][gc,heap        ] GC(549) Survivor regions: 43->43(77)
[4391.922s][info][gc,heap        ] GC(549) Old regions: 215->222
[4391.922s][info][gc,heap        ] GC(549) Humongous regions: 33->33
[4391.922s][info][gc,metaspace   ] GC(549) Metaspace: 30011K(30528K)->30011K(30528K) NonClass: 26610K(26880K)->26610K(26880K) Class: 3400K(3648K)->3400K(3648K)
[4391.922s][info][gc             ] GC(549) Pause Young (Normal) (G1 Evacuation Pause) 6875M->2369M(8192M) 150.121ms
[4391.922s][info][gc,cpu         ] GC(549) User=1.19s Sys=0.00s Real=0.15s
......[4397.347s][info][gc,start       ] GC(550) Pause Young (Normal) (G1 Evacuation Pause)
[4397.347s][info][gc,task        ] GC(550) Using 8 workers of 8 for evacuation
[4397.497s][info][gc,phases      ] GC(550)   Pre Evacuate Collection Set: 0.25ms
[4397.497s][info][gc,phases      ] GC(550)   Merge Heap Roots: 0.55ms
[4397.497s][info][gc,phases      ] GC(550)   Evacuate Collection Set: 147.77ms
[4397.497s][info][gc,phases      ] GC(550)   Post Evacuate Collection Set: 1.06ms
[4397.497s][info][gc,phases      ] GC(550)   Other: 0.06ms
[4397.497s][info][gc,heap        ] GC(550) Eden regions: 571->0(570)
[4397.497s][info][gc,heap        ] GC(550) Survivor regions: 43->44(77)
[4397.497s][info][gc,heap        ] GC(550) Old regions: 222->229
[4397.497s][info][gc,heap        ] GC(550) Humongous regions: 33->33
[4397.497s][info][gc,metaspace   ] GC(550) Metaspace: 30011K(30528K)->30011K(30528K) NonClass: 26610K(26880K)->26610K(26880K) Class: 3400K(3648K)->3400K(3648K)
[4397.497s][info][gc             ] GC(550) Pause Young (Normal) (G1 Evacuation Pause) 6937M->2430M(8192M) 149.827ms
[4397.497s][info][gc,cpu         ] GC(550) User=1.19s Sys=0.00s Real=0.15s
.....[4402.893s][info][gc,start       ] GC(551) Pause Young (Normal) (G1 Evacuation Pause)
[4402.893s][info][gc,task        ] GC(551) Using 8 workers of 8 for evacuation
[4403.043s][info][gc,phases      ] GC(551)   Pre Evacuate Collection Set: 0.26ms
[4403.044s][info][gc,phases      ] GC(551)   Merge Heap Roots: 0.67ms
[4403.044s][info][gc,phases      ] GC(551)   Evacuate Collection Set: 148.03ms
[4403.044s][info][gc,phases      ] GC(551)   Post Evacuate Collection Set: 1.09ms
[4403.044s][info][gc,phases      ] GC(551)   Other: 0.06ms
[4403.044s][info][gc,heap        ] GC(551) Eden regions: 570->0(572)
[4403.044s][info][gc,heap        ] GC(551) Survivor regions: 44->42(77)
[4403.044s][info][gc,heap        ] GC(551) Old regions: 229->236
[4403.044s][info][gc,heap        ] GC(551) Humongous regions: 33->33
[4403.044s][info][gc,metaspace   ] GC(551) Metaspace: 30011K(30528K)->30011K(30528K) NonClass: 26610K(26880K)->26610K(26880K) Class: 3400K(3648K)->3400K(3648K)
[4403.044s][info][gc             ] GC(551) Pause Young (Normal) (G1 Evacuation Pause) 6990M->2475M(8192M) 150.250ms
[4403.044s][info][gc,cpu         ] GC(551) User=1.19s Sys=0.00s Real=0.15s
......[4408.550s][info][gc,start       ] GC(552) Pause Young (Normal) (G1 Evacuation Pause)
[4408.550s][info][gc,task        ] GC(552) Using 8 workers of 8 for evacuation
[4408.699s][info][gc,phases      ] GC(552)   Pre Evacuate Collection Set: 0.28ms
[4408.699s][info][gc,phases      ] GC(552)   Merge Heap Roots: 0.59ms
[4408.699s][info][gc,phases      ] GC(552)   Evacuate Collection Set: 147.37ms
[4408.699s][info][gc,phases      ] GC(552)   Post Evacuate Collection Set: 1.07ms
[4408.699s][info][gc,phases      ] GC(552)   Other: 0.07ms
[4408.699s][info][gc,heap        ] GC(552) Eden regions: 572->0(571)
[4408.699s][info][gc,heap        ] GC(552) Survivor regions: 42->43(77)
[4408.699s][info][gc,heap        ] GC(552) Old regions: 236->243
[4408.699s][info][gc,heap        ] GC(552) Humongous regions: 33->33
[4408.699s][info][gc,metaspace   ] GC(552) Metaspace: 30011K(30528K)->30011K(30528K) NonClass: 26610K(26880K)->26610K(26880K) Class: 3400K(3648K)->3400K(3648K)
[4408.699s][info][gc             ] GC(552) Pause Young (Normal) (G1 Evacuation Pause) 7051M->2539M(8192M) 149.517ms
[4408.699s][info][gc,cpu         ] GC(552) User=1.18s Sys=0.00s Real=0.15s
.....[4414.066s][info][gc,start       ] GC(553) Pause Young (Normal) (G1 Evacuation Pause)
[4414.066s][info][gc,task        ] GC(553) Using 8 workers of 8 for evacuation
[4414.217s][info][gc,phases      ] GC(553)   Pre Evacuate Collection Set: 0.26ms
[4414.217s][info][gc,phases      ] GC(553)   Merge Heap Roots: 0.54ms
[4414.217s][info][gc,phases      ] GC(553)   Evacuate Collection Set: 149.01ms
[4414.217s][info][gc,phases      ] GC(553)   Post Evacuate Collection Set: 1.08ms
[4414.217s][info][gc,phases      ] GC(553)   Other: 0.07ms
[4414.217s][info][gc,heap        ] GC(553) Eden regions: 571->0(571)
[4414.217s][info][gc,heap        ] GC(553) Survivor regions: 43->43(77)
[4414.217s][info][gc,heap        ] GC(553) Old regions: 243->250
[4414.217s][info][gc,heap        ] GC(553) Humongous regions: 33->33
[4414.217s][info][gc,metaspace   ] GC(553) Metaspace: 30011K(30528K)->30011K(30528K) NonClass: 26610K(26880K)->26610K(26880K) Class: 3400K(3648K)->3400K(3648K)
[4414.217s][info][gc             ] GC(553) Pause Young (Normal) (G1 Evacuation Pause) 7107M->2591M(8192M) 151.108ms
[4414.217s][info][gc,cpu         ] GC(553) User=1.20s Sys=0.00s Real=0.15s
......[4419.602s][info][gc,start       ] GC(554) Pause Young (Normal) (G1 Evacuation Pause)
[4419.602s][info][gc,task        ] GC(554) Using 8 workers of 8 for evacuation
[4419.752s][info][gc,phases      ] GC(554)   Pre Evacuate Collection Set: 0.28ms
[4419.752s][info][gc,phases      ] GC(554)   Merge Heap Roots: 0.54ms
[4419.752s][info][gc,phases      ] GC(554)   Evacuate Collection Set: 147.76ms
[4419.752s][info][gc,phases      ] GC(554)   Post Evacuate Collection Set: 1.03ms
[4419.752s][info][gc,phases      ] GC(554)   Other: 0.06ms
[4419.752s][info][gc,heap        ] GC(554) Eden regions: 571->0(571)
[4419.752s][info][gc,heap        ] GC(554) Survivor regions: 43->43(77)
[4419.752s][info][gc,heap        ] GC(554) Old regions: 250->257
[4419.752s][info][gc,heap        ] GC(554) Humongous regions: 33->33
[4419.752s][info][gc,metaspace   ] GC(554) Metaspace: 30011K(30528K)->30011K(30528K) NonClass: 26610K(26880K)->26610K(26880K) Class: 3400K(3648K)->3400K(3648K)
[4419.752s][info][gc             ] GC(554) Pause Young (Normal) (G1 Evacuation Pause) 7159M->2651M(8192M) 149.797ms
[4419.752s][info][gc,cpu         ] GC(554) User=1.18s Sys=0.00s Real=0.15s
.....[4425.159s][info][gc,start       ] GC(555) Pause Young (Normal) (G1 Evacuation Pause)
[4425.159s][info][gc,task        ] GC(555) Using 8 workers of 8 for evacuation
[4425.307s][info][gc,phases      ] GC(555)   Pre Evacuate Collection Set: 0.25ms
[4425.307s][info][gc,phases      ] GC(555)   Merge Heap Roots: 0.54ms
[4425.307s][info][gc,phases      ] GC(555)   Evacuate Collection Set: 146.63ms
[4425.307s][info][gc,phases      ] GC(555)   Post Evacuate Collection Set: 1.06ms
[4425.307s][info][gc,phases      ] GC(555)   Other: 0.06ms
[4425.307s][info][gc,heap        ] GC(555) Eden regions: 571->0(571)
[4425.307s][info][gc,heap        ] GC(555) Survivor regions: 43->43(77)
[4425.307s][info][gc,heap        ] GC(555) Old regions: 257->264
[4425.307s][info][gc,heap        ] GC(555) Humongous regions: 33->33
[4425.307s][info][gc,metaspace   ] GC(555) Metaspace: 30011K(30528K)->30011K(30528K) NonClass: 26610K(26880K)->26610K(26880K) Class: 3400K(3648K)->3400K(3648K)
[4425.308s][info][gc             ] GC(555) Pause Young (Normal) (G1 Evacuation Pause) 7219M->2703M(8192M) 148.661ms
[4425.308s][info][gc,cpu         ] GC(555) User=1.18s Sys=0.00s Real=0.15s
......[4430.789s][info][gc,start       ] GC(556) Pause Young (Normal) (G1 Evacuation Pause)
[4430.789s][info][gc,task        ] GC(556) Using 8 workers of 8 for evacuation
[4430.940s][info][gc,phases      ] GC(556)   Pre Evacuate Collection Set: 0.24ms
[4430.940s][info][gc,phases      ] GC(556)   Merge Heap Roots: 0.63ms
[4430.940s][info][gc,phases      ] GC(556)   Evacuate Collection Set: 148.61ms
[4430.940s][info][gc,phases      ] GC(556)   Post Evacuate Collection Set: 1.04ms
[4430.940s][info][gc,phases      ] GC(556)   Other: 0.06ms
[4430.940s][info][gc,heap        ] GC(556) Eden regions: 571->0(571)
[4430.940s][info][gc,heap        ] GC(556) Survivor regions: 43->43(77)
[4430.940s][info][gc,heap        ] GC(556) Old regions: 264->271
[4430.940s][info][gc,heap        ] GC(556) Humongous regions: 33->33
[4430.940s][info][gc,metaspace   ] GC(556) Metaspace: 30011K(30528K)->30011K(30528K) NonClass: 26610K(26880K)->26610K(26880K) Class: 3400K(3648K)->3400K(3648K)
[4430.940s][info][gc             ] GC(556) Pause Young (Normal) (G1 Evacuation Pause) 7271M->2763M(8192M) 150.726ms
[4430.940s][info][gc,cpu         ] GC(556) User=1.19s Sys=0.00s Real=0.15s
......[4436.361s][info][gc,start       ] GC(557) Pause Young (Normal) (G1 Evacuation Pause)
[4436.361s][info][gc,task        ] GC(557) Using 8 workers of 8 for evacuation
[4436.510s][info][gc,phases      ] GC(557)   Pre Evacuate Collection Set: 0.25ms
[4436.510s][info][gc,phases      ] GC(557)   Merge Heap Roots: 0.56ms
[4436.510s][info][gc,phases      ] GC(557)   Evacuate Collection Set: 146.35ms
[4436.510s][info][gc,phases      ] GC(557)   Post Evacuate Collection Set: 1.08ms
[4436.510s][info][gc,phases      ] GC(557)   Other: 0.07ms
[4436.510s][info][gc,heap        ] GC(557) Eden regions: 571->0(571)
[4436.510s][info][gc,heap        ] GC(557) Survivor regions: 43->43(77)
[4436.510s][info][gc,heap        ] GC(557) Old regions: 271->278
[4436.510s][info][gc,heap        ] GC(557) Humongous regions: 33->33
[4436.510s][info][gc,metaspace   ] GC(557) Metaspace: 30011K(30528K)->30011K(30528K) NonClass: 26610K(26880K)->26610K(26880K) Class: 3400K(3648K)->3400K(3648K)
[4436.510s][info][gc             ] GC(557) Pause Young (Normal) (G1 Evacuation Pause) 7331M->2814M(8192M) 148.445ms
[4436.510s][info][gc,cpu         ] GC(557) User=1.17s Sys=0.00s Real=0.15s
..... (rIR:aIR:PR = 6918:6907:6907) (tPR = 102354) [OK] 
  4441s: Performance info:
         Transaction,    Success,    Partial,     Failed,   Receipts, AvgBarcode, 
             Overall,     414733,          0,          0,     394066,      59.47, 
         Response times:
             Request,    Success,    Partial,     Failed,   SkipFail,     Probes,    Samples,      min,      p50,      p90,      p95,      p99,      max, 
       TotalPurchase,     394066,          0,          0,          0,     359209,     385018,      300,     4600,     8400,    12000,    59000,   287000,
     InStorePurchase,     207170,          0,          0,          0,     189325,     202427,      400,     4600,     8400,    12100,    59000,   287000,
      OnlinePurchase,     145314,          0,          0,          0,     131823,     141430,      300,     4500,     8400,    12000,    59000,   286000,
        InstPurchase,      41582,          0,          0,          0,      38061,      41161,      500,     4600,     8600,    12000,    60000,   286000,
          AssocOfCat,        415,          0,          0,          0,        333,        448,    22000,    37000,    52000,    60550,   125550,   165000,
      AssocOfProduct,       4150,          0,          0,          0,       3812,       4286,      700,     5600,     9200,    14030,    67000,   166000,
      BusinessReport,       1032,          0,          0,          0,        892,       1063,    27000,    40000,    58000,    68800,   135320,   247000,
          CustBuyBeh,       4157,          0,          0,          0,       3828,       4319,      300,     4200,     7900,    11600,    57000,   164000,
       ProductReturn,      10913,          0,          0,          0,       9273,      10215,      200,     4300,     8300,    11420,    54000,   285000,

  4441s: (51%)   IR =   7057 [4441.992s][info][gc,start       ] GC(558) Pause Young (Normal) (G1 Evacuation Pause)
[4441.992s][info][gc,task        ] GC(558) Using 8 workers of 8 for evacuation
[4442.142s][info][gc,phases      ] GC(558)   Pre Evacuate Collection Set: 0.25ms
[4442.142s][info][gc,phases      ] GC(558)   Merge Heap Roots: 0.58ms
[4442.142s][info][gc,phases      ] GC(558)   Evacuate Collection Set: 147.33ms
[4442.142s][info][gc,phases      ] GC(558)   Post Evacuate Collection Set: 1.06ms
[4442.142s][info][gc,phases      ] GC(558)   Other: 0.09ms
[4442.142s][info][gc,heap        ] GC(558) Eden regions: 571->0(568)
[4442.142s][info][gc,heap        ] GC(558) Survivor regions: 43->43(77)
[4442.142s][info][gc,heap        ] GC(558) Old regions: 278->285
[4442.142s][info][gc,heap        ] GC(558) Humongous regions: 33->33
[4442.142s][info][gc,metaspace   ] GC(558) Metaspace: 30011K(30528K)->30011K(30528K) NonClass: 26610K(26880K)->26610K(26880K) Class: 3400K(3648K)->3400K(3648K)
[4442.142s][info][gc             ] GC(558) Pause Young (Normal) (G1 Evacuation Pause) 7382M->2871M(8192M) 149.459ms
[4442.142s][info][gc,cpu         ] GC(558) User=1.18s Sys=0.00s Real=0.15s
.....|[4447.345s][info][gc,start       ] GC(559) Pause Young (Normal) (G1 Evacuation Pause)
[4447.345s][info][gc,task        ] GC(559) Using 8 workers of 8 for evacuation
[4447.497s][info][gc,phases      ] GC(559)   Pre Evacuate Collection Set: 0.28ms
[4447.497s][info][gc,phases      ] GC(559)   Merge Heap Roots: 0.54ms
[4447.497s][info][gc,phases      ] GC(559)   Evacuate Collection Set: 149.84ms
[4447.497s][info][gc,phases      ] GC(559)   Post Evacuate Collection Set: 1.11ms
[4447.497s][info][gc,phases      ] GC(559)   Other: 0.06ms
[4447.497s][info][gc,heap        ] GC(559) Eden regions: 568->0(559)
[4447.497s][info][gc,heap        ] GC(559) Survivor regions: 43->44(77)
[4447.497s][info][gc,heap        ] GC(559) Old regions: 285->292
[4447.497s][info][gc,heap        ] GC(559) Humongous regions: 33->33
[4447.497s][info][gc,metaspace   ] GC(559) Metaspace: 30011K(30528K)->30011K(30528K) NonClass: 26610K(26880K)->26610K(26880K) Class: 3400K(3648K)->3400K(3648K)
[4447.497s][info][gc             ] GC(559) Pause Young (Normal) (G1 Evacuation Pause) 7415M->2935M(8192M) 151.955ms
[4447.497s][info][gc,cpu         ] GC(559) User=1.21s Sys=0.00s Real=0.16s
......[4452.747s][info][gc,start       ] GC(560) Pause Young (Normal) (G1 Evacuation Pause)
[4452.747s][info][gc,task        ] GC(560) Using 8 workers of 8 for evacuation
[4452.897s][info][gc,phases      ] GC(560)   Pre Evacuate Collection Set: 0.25ms
[4452.897s][info][gc,phases      ] GC(560)   Merge Heap Roots: 0.53ms
[4452.897s][info][gc,phases      ] GC(560)   Evacuate Collection Set: 148.50ms
[4452.897s][info][gc,phases      ] GC(560)   Post Evacuate Collection Set: 1.03ms
[4452.897s][info][gc,phases      ] GC(560)   Other: 0.06ms
[4452.897s][info][gc,heap        ] GC(560) Eden regions: 559->0(551)
[4452.897s][info][gc,heap        ] GC(560) Survivor regions: 44->44(76)
[4452.897s][info][gc,heap        ] GC(560) Old regions: 292->300
[4452.897s][info][gc,heap        ] GC(560) Humongous regions: 33->33
[4452.897s][info][gc,metaspace   ] GC(560) Metaspace: 30011K(30528K)->30011K(30528K) NonClass: 26610K(26880K)->26610K(26880K) Class: 3400K(3648K)->3400K(3648K)
[4452.897s][info][gc             ] GC(560) Pause Young (Normal) (G1 Evacuation Pause) 7407M->2994M(8192M) 150.515ms
[4452.897s][info][gc,cpu         ] GC(560) User=1.19s Sys=0.00s Real=0.15s
.....[4457.963s][info][gc,start       ] GC(561) Pause Young (Normal) (G1 Evacuation Pause)
[4457.963s][info][gc,task        ] GC(561) Using 8 workers of 8 for evacuation
[4458.110s][info][gc,phases      ] GC(561)   Pre Evacuate Collection Set: 0.26ms
[4458.110s][info][gc,phases      ] GC(561)   Merge Heap Roots: 0.52ms
[4458.110s][info][gc,phases      ] GC(561)   Evacuate Collection Set: 144.45ms
[4458.110s][info][gc,phases      ] GC(561)   Post Evacuate Collection Set: 1.02ms
[4458.110s][info][gc,phases      ] GC(561)   Other: 0.06ms
[4458.110s][info][gc,heap        ] GC(561) Eden regions: 551->0(548)
[4458.110s][info][gc,heap        ] GC(561) Survivor regions: 44->42(75)
[4458.110s][info][gc,heap        ] GC(561) Old regions: 300->307
[4458.110s][info][gc,heap        ] GC(561) Humongous regions: 33->33
[4458.110s][info][gc,metaspace   ] GC(561) Metaspace: 30011K(30528K)->30011K(30528K) NonClass: 26610K(26880K)->26610K(26880K) Class: 3400K(3648K)->3400K(3648K)
[4458.110s][info][gc             ] GC(561) Pause Young (Normal) (G1 Evacuation Pause) 7402M->3035M(8192M) 146.456ms
[4458.110s][info][gc,cpu         ] GC(561) User=1.16s Sys=0.00s Real=0.15s
.....[4463.111s][info][gc,start       ] GC(562) Pause Young (Normal) (G1 Evacuation Pause)
[4463.111s][info][gc,task        ] GC(562) Using 8 workers of 8 for evacuation
[4463.260s][info][gc,phases      ] GC(562)   Pre Evacuate Collection Set: 0.25ms
[4463.260s][info][gc,phases      ] GC(562)   Merge Heap Roots: 0.52ms
[4463.260s][info][gc,phases      ] GC(562)   Evacuate Collection Set: 147.26ms
[4463.260s][info][gc,phases      ] GC(562)   Post Evacuate Collection Set: 1.03ms
[4463.260s][info][gc,phases      ] GC(562)   Other: 0.06ms
[4463.260s][info][gc,heap        ] GC(562) Eden regions: 548->0(541)
[4463.260s][info][gc,heap        ] GC(562) Survivor regions: 42->42(74)
[4463.260s][info][gc,heap        ] GC(562) Old regions: 307->314
[4463.260s][info][gc,heap        ] GC(562) Humongous regions: 33->33
[4463.260s][info][gc,metaspace   ] GC(562) Metaspace: 30012K(30528K)->30012K(30528K) NonClass: 26611K(26880K)->26611K(26880K) Class: 3400K(3648K)->3400K(3648K)
[4463.260s][info][gc             ] GC(562) Pause Young (Normal) (G1 Evacuation Pause) 7419M->3099M(8192M) 149.259ms
[4463.260s][info][gc,cpu         ] GC(562) User=1.19s Sys=0.00s Real=0.15s
.....[4468.346s][info][gc,start       ] GC(563) Pause Young (Concurrent Start) (G1 Evacuation Pause)
[4468.346s][info][gc,task        ] GC(563) Using 8 workers of 8 for evacuation
[4468.498s][info][gc,phases      ] GC(563)   Pre Evacuate Collection Set: 0.29ms
[4468.498s][info][gc,phases      ] GC(563)   Merge Heap Roots: 0.52ms
[4468.498s][info][gc,phases      ] GC(563)   Evacuate Collection Set: 149.55ms
[4468.498s][info][gc,phases      ] GC(563)   Post Evacuate Collection Set: 1.03ms
[4468.498s][info][gc,phases      ] GC(563)   Other: 0.10ms
[4468.498s][info][gc,heap        ] GC(563) Eden regions: 541->0(531)
[4468.498s][info][gc,heap        ] GC(563) Survivor regions: 42->43(73)
[4468.498s][info][gc,heap        ] GC(563) Old regions: 314->322
[4468.498s][info][gc,heap        ] GC(563) Humongous regions: 33->33
[4468.498s][info][gc,metaspace   ] GC(563) Metaspace: 30012K(30528K)->30012K(30528K) NonClass: 26611K(26880K)->26611K(26880K) Class: 3400K(3648K)->3400K(3648K)
[4468.498s][info][gc             ] GC(563) Pause Young (Concurrent Start) (G1 Evacuation Pause) 7427M->3163M(8192M) 151.612ms
[4468.498s][info][gc             ] GC(564) Concurrent Mark Cycle
[4468.498s][info][gc,marking     ] GC(564) Concurrent Scan Root Regions
[4468.498s][info][gc,cpu         ] GC(563) User=1.20s Sys=0.00s Real=0.15s
.[4468.798s][info][gc,marking     ] GC(564) Concurrent Scan Root Regions 300.036ms
[4468.798s][info][gc,marking     ] GC(564) Concurrent Mark
[4468.798s][info][gc,marking     ] GC(564) Concurrent Mark From Roots
[4468.798s][info][gc,task        ] GC(564) Using 2 workers of 2 for marking
.[4469.694s][info][gc,marking     ] GC(564) Concurrent Mark From Roots 895.412ms
[4469.694s][info][gc,marking     ] GC(564) Concurrent Preclean
[4469.694s][info][gc,marking     ] GC(564) Concurrent Preclean 0.178ms
[4469.694s][info][gc,start       ] GC(564) Pause Remark
[4469.696s][info][gc             ] GC(564) Pause Remark 4271M->3735M(8192M) 1.676ms
[4469.696s][info][gc,cpu         ] GC(564) User=0.00s Sys=0.00s Real=0.00s
[4469.696s][info][gc,marking     ] GC(564) Concurrent Mark 897.569ms
[4469.696s][info][gc,marking     ] GC(564) Concurrent Rebuild Remembered Sets and Scrub Regions
[4470.115s][info][gc,marking     ] GC(564) Concurrent Rebuild Remembered Sets and Scrub Regions 419.369ms
[4470.115s][info][gc,start       ] GC(564) Pause Cleanup
[4470.116s][info][gc             ] GC(564) Pause Cleanup 4068M->4068M(8192M) 0.273ms
[4470.116s][info][gc,cpu         ] GC(564) User=0.01s Sys=0.00s Real=0.00s
[4470.116s][info][gc,marking     ] GC(564) Concurrent Clear Claimed Marks
[4470.116s][info][gc,marking     ] GC(564) Concurrent Clear Claimed Marks 0.046ms
[4470.116s][info][gc,marking     ] GC(564) Concurrent Cleanup for Next Mark
[4470.123s][info][gc,marking     ] GC(564) Concurrent Cleanup for Next Mark 7.273ms
[4470.123s][info][gc             ] GC(564) Concurrent Mark Cycle 1624.915ms
...[4473.442s][info][gc,start       ] GC(565) Pause Young (Prepare Mixed) (G1 Evacuation Pause)
[4473.442s][info][gc,task        ] GC(565) Using 8 workers of 8 for evacuation
[4473.589s][info][gc,phases      ] GC(565)   Pre Evacuate Collection Set: 0.24ms
[4473.590s][info][gc,phases      ] GC(565)   Merge Heap Roots: 0.68ms
[4473.590s][info][gc,phases      ] GC(565)   Evacuate Collection Set: 145.59ms
[4473.590s][info][gc,phases      ] GC(565)   Post Evacuate Collection Set: 1.12ms
[4473.590s][info][gc,phases      ] GC(565)   Other: 0.10ms
[4473.590s][info][gc,heap        ] GC(565) Eden regions: 531->0(573)
[4473.590s][info][gc,heap        ] GC(565) Survivor regions: 43->41(72)
[4473.590s][info][gc,heap        ] GC(565) Old regions: 255->262
[4473.590s][info][gc,heap        ] GC(565) Humongous regions: 33->33
[4473.590s][info][gc,metaspace   ] GC(565) Metaspace: 30012K(30528K)->30012K(30528K) NonClass: 26611K(26880K)->26611K(26880K) Class: 3400K(3648K)->3400K(3648K)
[4473.590s][info][gc             ] GC(565) Pause Young (Prepare Mixed) (G1 Evacuation Pause) 6875M->2675M(8192M) 148.663ms
[4473.590s][info][gc,cpu         ] GC(565) User=1.17s Sys=0.00s Real=0.15s
......[4478.914s][info][gc,start       ] GC(566) Pause Young (Mixed) (G1 Evacuation Pause)
[4478.914s][info][gc,task        ] GC(566) Using 8 workers of 8 for evacuation
[4479.066s][info][gc,phases      ] GC(566)   Pre Evacuate Collection Set: 0.31ms
[4479.066s][info][gc,phases      ] GC(566)   Merge Heap Roots: 0.75ms
[4479.066s][info][gc,phases      ] GC(566)   Evacuate Collection Set: 149.40ms
[4479.066s][info][gc,phases      ] GC(566)   Post Evacuate Collection Set: 1.33ms
[4479.066s][info][gc,phases      ] GC(566)   Other: 0.07ms
[4479.066s][info][gc,heap        ] GC(566) Eden regions: 573->0(572)
[4479.066s][info][gc,heap        ] GC(566) Survivor regions: 41->42(77)
[4479.066s][info][gc,heap        ] GC(566) Old regions: 262->167
[4479.066s][info][gc,heap        ] GC(566) Humongous regions: 33->33
[4479.066s][info][gc,metaspace   ] GC(566) Metaspace: 30012K(30528K)->30012K(30528K) NonClass: 26611K(26880K)->26611K(26880K) Class: 3400K(3648K)->3400K(3648K)
[4479.066s][info][gc             ] GC(566) Pause Young (Mixed) (G1 Evacuation Pause) 7259M->1919M(8192M) 151.999ms
[4479.066s][info][gc,cpu         ] GC(566) User=1.20s Sys=0.00s Real=0.16s
.....[4484.353s][info][gc,start       ] GC(567) Pause Young (Mixed) (G1 Evacuation Pause)
[4484.353s][info][gc,task        ] GC(567) Using 8 workers of 8 for evacuation
[4484.514s][info][gc,phases      ] GC(567)   Pre Evacuate Collection Set: 0.28ms
[4484.515s][info][gc,phases      ] GC(567)   Merge Heap Roots: 0.88ms
[4484.515s][info][gc,phases      ] GC(567)   Evacuate Collection Set: 158.91ms
[4484.515s][info][gc,phases      ] GC(567)   Post Evacuate Collection Set: 1.08ms
[4484.515s][info][gc,phases      ] GC(567)   Other: 0.06ms
[4484.515s][info][gc,heap        ] GC(567) Eden regions: 572->0(570)
[4484.515s][info][gc,heap        ] GC(567) Survivor regions: 42->44(77)
[4484.515s][info][gc,heap        ] GC(567) Old regions: 167->143
[4484.515s][info][gc,heap        ] GC(567) Humongous regions: 33->33
[4484.515s][info][gc,metaspace   ] GC(567) Metaspace: 30012K(30528K)->30012K(30528K) NonClass: 26611K(26880K)->26611K(26880K) Class: 3400K(3648K)->3400K(3648K)
[4484.515s][info][gc             ] GC(567) Pause Young (Mixed) (G1 Evacuation Pause) 6495M->1740M(8192M) 161.336ms
[4484.515s][info][gc,cpu         ] GC(567) User=1.28s Sys=0.00s Real=0.16s
......[4489.839s][info][gc,start       ] GC(568) Pause Young (Normal) (G1 Evacuation Pause)
[4489.839s][info][gc,task        ] GC(568) Using 8 workers of 8 for evacuation
[4489.996s][info][gc,phases      ] GC(568)   Pre Evacuate Collection Set: 0.25ms
[4489.996s][info][gc,phases      ] GC(568)   Merge Heap Roots: 0.54ms
[4489.996s][info][gc,phases      ] GC(568)   Evacuate Collection Set: 154.61ms
[4489.996s][info][gc,phases      ] GC(568)   Post Evacuate Collection Set: 1.09ms
[4489.996s][info][gc,phases      ] GC(568)   Other: 0.06ms
[4489.996s][info][gc,heap        ] GC(568) Eden regions: 570->0(570)
[4489.996s][info][gc,heap        ] GC(568) Survivor regions: 44->44(77)
[4489.996s][info][gc,heap        ] GC(568) Old regions: 143->150
[4489.996s][info][gc,heap        ] GC(568) Humongous regions: 33->33
[4489.996s][info][gc,metaspace   ] GC(568) Metaspace: 30012K(30528K)->30012K(30528K) NonClass: 26611K(26880K)->26611K(26880K) Class: 3400K(3648K)->3400K(3648K)
[4489.996s][info][gc             ] GC(568) Pause Young (Normal) (G1 Evacuation Pause) 6300M->1802M(8192M) 156.685ms
[4489.996s][info][gc,cpu         ] GC(568) User=1.24s Sys=0.00s Real=0.16s
.....[4495.280s][info][gc,start       ] GC(569) Pause Young (Normal) (G1 Evacuation Pause)
[4495.280s][info][gc,task        ] GC(569) Using 8 workers of 8 for evacuation
[4495.429s][info][gc,phases      ] GC(569)   Pre Evacuate Collection Set: 0.24ms
[4495.429s][info][gc,phases      ] GC(569)   Merge Heap Roots: 0.59ms
[4495.429s][info][gc,phases      ] GC(569)   Evacuate Collection Set: 146.62ms
[4495.429s][info][gc,phases      ] GC(569)   Post Evacuate Collection Set: 1.04ms
[4495.429s][info][gc,phases      ] GC(569)   Other: 0.06ms
[4495.429s][info][gc,heap        ] GC(569) Eden regions: 570->0(572)
[4495.429s][info][gc,heap        ] GC(569) Survivor regions: 44->42(77)
[4495.429s][info][gc,heap        ] GC(569) Old regions: 150->157
[4495.429s][info][gc,heap        ] GC(569) Humongous regions: 33->33
[4495.429s][info][gc,metaspace   ] GC(569) Metaspace: 30012K(30528K)->30012K(30528K) NonClass: 26611K(26880K)->26611K(26880K) Class: 3400K(3648K)->3400K(3648K)
[4495.429s][info][gc             ] GC(569) Pause Young (Normal) (G1 Evacuation Pause) 6362M->1843M(8192M) 148.681ms
[4495.429s][info][gc,cpu         ] GC(569) User=1.18s Sys=0.00s Real=0.15s
......[4500.735s][info][gc,start       ] GC(570) Pause Young (Normal) (G1 Evacuation Pause)
[4500.735s][info][gc,task        ] GC(570) Using 8 workers of 8 for evacuation
[4500.886s][info][gc,phases      ] GC(570)   Pre Evacuate Collection Set: 0.24ms
[4500.887s][info][gc,phases      ] GC(570)   Merge Heap Roots: 0.52ms
[4500.887s][info][gc,phases      ] GC(570)   Evacuate Collection Set: 149.82ms
[4500.887s][info][gc,phases      ] GC(570)   Post Evacuate Collection Set: 1.02ms
[4500.887s][info][gc,phases      ] GC(570)   Other: 0.06ms
[4500.887s][info][gc,heap        ] GC(570) Eden regions: 572->0(570)
[4500.887s][info][gc,heap        ] GC(570) Survivor regions: 42->44(77)
[4500.887s][info][gc,heap        ] GC(570) Old regions: 157->165
[4500.887s][info][gc,heap        ] GC(570) Humongous regions: 33->33
[4500.887s][info][gc,metaspace   ] GC(570) Metaspace: 30012K(30528K)->30012K(30528K) NonClass: 26611K(26880K)->26611K(26880K) Class: 3400K(3648K)->3400K(3648K)
[4500.887s][info][gc             ] GC(570) Pause Young (Normal) (G1 Evacuation Pause) 6419M->1913M(8192M) 151.800ms
[4500.887s][info][gc,cpu         ] GC(570) User=1.20s Sys=0.00s Real=0.16s
.....[4506.135s][info][gc,start       ] GC(571) Pause Young (Normal) (G1 Evacuation Pause)
[4506.135s][info][gc,task        ] GC(571) Using 8 workers of 8 for evacuation
[4506.285s][info][gc,phases      ] GC(571)   Pre Evacuate Collection Set: 0.24ms
[4506.285s][info][gc,phases      ] GC(571)   Merge Heap Roots: 0.53ms
[4506.285s][info][gc,phases      ] GC(571)   Evacuate Collection Set: 148.40ms
[4506.285s][info][gc,phases      ] GC(571)   Post Evacuate Collection Set: 1.05ms
[4506.285s][info][gc,phases      ] GC(571)   Other: 0.06ms
[4506.285s][info][gc,heap        ] GC(571) Eden regions: 570->0(571)
[4506.286s][info][gc,heap        ] GC(571) Survivor regions: 44->43(77)
[4506.286s][info][gc,heap        ] GC(571) Old regions: 165->172
[4506.286s][info][gc,heap        ] GC(571) Humongous regions: 33->33
[4506.286s][info][gc,metaspace   ] GC(571) Metaspace: 30012K(30528K)->30012K(30528K) NonClass: 26611K(26880K)->26611K(26880K) Class: 3400K(3648K)->3400K(3648K)
[4506.286s][info][gc             ] GC(571) Pause Young (Normal) (G1 Evacuation Pause) 6473M->1966M(8192M) 150.405ms
[4506.286s][info][gc,cpu         ] GC(571) User=1.20s Sys=0.00s Real=0.15s
. (rIR:aIR:PR = 7057:7058:7058) (tPR = 104567) [OK] 
  4506s: Performance info:
         Transaction,    Success,    Partial,     Failed,   Receipts, AvgBarcode, 
             Overall,     424873,          0,          0,     403675,      59.48, 
         Response times:
             Request,    Success,    Partial,     Failed,   SkipFail,     Probes,    Samples,      min,      p50,      p90,      p95,      p99,      max, 
       TotalPurchase,     403685,          0,          0,          0,     358395,     392056,      300,     4800,     8800,    13100,    68000,   360000,
     InStorePurchase,     212950,          0,          0,          0,     188750,     205966,      400,     4800,     8800,    13100,    69000,   360000,
      OnlinePurchase,     148370,          0,          0,          0,     132001,     144637,      300,     4700,     8800,    12800,    66000,   360000,
        InstPurchase,      42365,          0,          0,          0,      37644,      41453,      400,     4900,     9200,    14530,    68000,   224000,
          AssocOfCat,        425,          0,          0,          0,        334,        424,    28000,    37000,    54500,    65000,   105750,   206000,
      AssocOfProduct,       4233,          0,          0,          0,       4003,       4560,      300,     4500,     9100,    11800,    64000,   273000,
      BusinessReport,       1058,          0,          0,          0,        938,       1127,    28000,    42000,    63200,   105600,   192160,   226000,
          CustBuyBeh,       4238,          0,          0,          0,       3949,       4519,      200,     5000,     8800,    13000,    67000,   225000,
       ProductReturn,      11255,          0,          0,          0,       9611,      10677,      300,     5300,     9100,    13410,    65000,   360000,

  4506s: (52%)   IR =   7195 ....[4511.551s][info][gc,start       ] GC(572) Pause Young (Normal) (G1 Evacuation Pause)
[4511.551s][info][gc,task        ] GC(572) Using 8 workers of 8 for evacuation
[4511.701s][info][gc,phases      ] GC(572)   Pre Evacuate Collection Set: 0.24ms
[4511.701s][info][gc,phases      ] GC(572)   Merge Heap Roots: 0.52ms
[4511.701s][info][gc,phases      ] GC(572)   Evacuate Collection Set: 148.14ms
[4511.701s][info][gc,phases      ] GC(572)   Post Evacuate Collection Set: 1.04ms
[4511.701s][info][gc,phases      ] GC(572)   Other: 0.07ms
[4511.701s][info][gc,heap        ] GC(572) Eden regions: 571->0(571)
[4511.701s][info][gc,heap        ] GC(572) Survivor regions: 43->43(77)
[4511.701s][info][gc,heap        ] GC(572) Old regions: 172->179
[4511.701s][info][gc,heap        ] GC(572) Humongous regions: 33->33
[4511.701s][info][gc,metaspace   ] GC(572) Metaspace: 30012K(30528K)->30012K(30528K) NonClass: 26611K(26880K)->26611K(26880K) Class: 3400K(3648K)->3400K(3648K)
[4511.701s][info][gc             ] GC(572) Pause Young (Normal) (G1 Evacuation Pause) 6534M->2023M(8192M) 150.152ms
[4511.701s][info][gc,cpu         ] GC(572) User=1.19s Sys=0.00s Real=0.15s
.....|.[4516.863s][info][gc,start       ] GC(573) Pause Young (Normal) (G1 Evacuation Pause)
[4516.863s][info][gc,task        ] GC(573) Using 8 workers of 8 for evacuation
[4517.016s][info][gc,phases      ] GC(573)   Pre Evacuate Collection Set: 0.25ms
[4517.017s][info][gc,phases      ] GC(573)   Merge Heap Roots: 0.61ms
[4517.017s][info][gc,phases      ] GC(573)   Evacuate Collection Set: 151.51ms
[4517.017s][info][gc,phases      ] GC(573)   Post Evacuate Collection Set: 1.12ms
[4517.017s][info][gc,phases      ] GC(573)   Other: 0.06ms
[4517.017s][info][gc,heap        ] GC(573) Eden regions: 571->0(571)
[4517.017s][info][gc,heap        ] GC(573) Survivor regions: 43->43(77)
[4517.017s][info][gc,heap        ] GC(573) Old regions: 179->186
[4517.017s][info][gc,heap        ] GC(573) Humongous regions: 33->33
[4517.017s][info][gc,metaspace   ] GC(573) Metaspace: 30012K(30528K)->30012K(30528K) NonClass: 26611K(26880K)->26611K(26880K) Class: 3400K(3648K)->3400K(3648K)
[4517.017s][info][gc             ] GC(573) Pause Young (Normal) (G1 Evacuation Pause) 6591M->2082M(8192M) 153.688ms
[4517.017s][info][gc,cpu         ] GC(573) User=1.22s Sys=0.00s Real=0.16s
.....[4522.163s][info][gc,start       ] GC(574) Pause Young (Normal) (G1 Evacuation Pause)
[4522.163s][info][gc,task        ] GC(574) Using 8 workers of 8 for evacuation
[4522.318s][info][gc,phases      ] GC(574)   Pre Evacuate Collection Set: 0.27ms
[4522.318s][info][gc,phases      ] GC(574)   Merge Heap Roots: 0.52ms
[4522.318s][info][gc,phases      ] GC(574)   Evacuate Collection Set: 153.21ms
[4522.318s][info][gc,phases      ] GC(574)   Post Evacuate Collection Set: 1.07ms
[4522.318s][info][gc,phases      ] GC(574)   Other: 0.06ms
[4522.318s][info][gc,heap        ] GC(574) Eden regions: 571->0(570)
[4522.318s][info][gc,heap        ] GC(574) Survivor regions: 43->44(77)
[4522.318s][info][gc,heap        ] GC(574) Old regions: 186->194
[4522.318s][info][gc,heap        ] GC(574) Humongous regions: 33->33
[4522.318s][info][gc,metaspace   ] GC(574) Metaspace: 30012K(30528K)->30012K(30528K) NonClass: 26611K(26880K)->26611K(26880K) Class: 3400K(3648K)->3400K(3648K)
[4522.318s][info][gc             ] GC(574) Pause Young (Normal) (G1 Evacuation Pause) 6650M->2147M(8192M) 155.278ms
[4522.318s][info][gc,cpu         ] GC(574) User=1.23s Sys=0.00s Real=0.16s
.....[4527.518s][info][gc,start       ] GC(575) Pause Young (Normal) (G1 Evacuation Pause)
[4527.518s][info][gc,task        ] GC(575) Using 8 workers of 8 for evacuation
[4527.672s][info][gc,phases      ] GC(575)   Pre Evacuate Collection Set: 0.23ms
[4527.672s][info][gc,phases      ] GC(575)   Merge Heap Roots: 0.58ms
[4527.672s][info][gc,phases      ] GC(575)   Evacuate Collection Set: 151.55ms
[4527.672s][info][gc,phases      ] GC(575)   Post Evacuate Collection Set: 1.10ms
[4527.672s][info][gc,phases      ] GC(575)   Other: 0.08ms
[4527.672s][info][gc,heap        ] GC(575) Eden regions: 570->0(571)
[4527.672s][info][gc,heap        ] GC(575) Survivor regions: 44->43(77)
[4527.672s][info][gc,heap        ] GC(575) Old regions: 194->201
[4527.672s][info][gc,heap        ] GC(575) Humongous regions: 33->33
[4527.672s][info][gc,metaspace   ] GC(575) Metaspace: 30012K(30528K)->30012K(30528K) NonClass: 26611K(26880K)->26611K(26880K) Class: 3400K(3648K)->3400K(3648K)
[4527.672s][info][gc             ] GC(575) Pause Young (Normal) (G1 Evacuation Pause) 6707M->2202M(8192M) 153.678ms
[4527.672s][info][gc,cpu         ] GC(575) User=1.22s Sys=0.00s Real=0.15s
......[4532.817s][info][gc,start       ] GC(576) Pause Young (Normal) (G1 Evacuation Pause)
[4532.817s][info][gc,task        ] GC(576) Using 8 workers of 8 for evacuation
[4532.968s][info][gc,phases      ] GC(576)   Pre Evacuate Collection Set: 0.28ms
[4532.968s][info][gc,phases      ] GC(576)   Merge Heap Roots: 0.59ms
[4532.968s][info][gc,phases      ] GC(576)   Evacuate Collection Set: 148.35ms
[4532.968s][info][gc,phases      ] GC(576)   Post Evacuate Collection Set: 1.05ms
[4532.968s][info][gc,phases      ] GC(576)   Other: 0.07ms
[4532.968s][info][gc,heap        ] GC(576) Eden regions: 571->0(571)
[4532.968s][info][gc,heap        ] GC(576) Survivor regions: 43->43(77)
[4532.968s][info][gc,heap        ] GC(576) Old regions: 201->208
[4532.968s][info][gc,heap        ] GC(576) Humongous regions: 33->33
[4532.968s][info][gc,metaspace   ] GC(576) Metaspace: 30012K(30528K)->30012K(30528K) NonClass: 26611K(26880K)->26611K(26880K) Class: 3400K(3648K)->3400K(3648K)
[4532.968s][info][gc             ] GC(576) Pause Young (Normal) (G1 Evacuation Pause) 6770M->2254M(8192M) 150.460ms
[4532.968s][info][gc,cpu         ] GC(576) User=1.19s Sys=0.00s Real=0.15s
.....[4538.171s][info][gc,start       ] GC(577) Pause Young (Normal) (G1 Evacuation Pause)
[4538.171s][info][gc,task        ] GC(577) Using 8 workers of 8 for evacuation
[4538.319s][info][gc,phases      ] GC(577)   Pre Evacuate Collection Set: 0.25ms
[4538.319s][info][gc,phases      ] GC(577)   Merge Heap Roots: 0.53ms
[4538.319s][info][gc,phases      ] GC(577)   Evacuate Collection Set: 146.13ms
[4538.319s][info][gc,phases      ] GC(577)   Post Evacuate Collection Set: 1.06ms
[4538.319s][info][gc,phases      ] GC(577)   Other: 0.06ms
[4538.319s][info][gc,heap        ] GC(577) Eden regions: 571->0(571)
[4538.319s][info][gc,heap        ] GC(577) Survivor regions: 43->43(77)
[4538.319s][info][gc,heap        ] GC(577) Old regions: 208->215
[4538.319s][info][gc,heap        ] GC(577) Humongous regions: 33->33
[4538.319s][info][gc,metaspace   ] GC(577) Metaspace: 30012K(30528K)->30012K(30528K) NonClass: 26611K(26880K)->26611K(26880K) Class: 3400K(3648K)->3400K(3648K)
[4538.319s][info][gc             ] GC(577) Pause Young (Normal) (G1 Evacuation Pause) 6822M->2313M(8192M) 148.153ms
[4538.319s][info][gc,cpu         ] GC(577) User=1.17s Sys=0.00s Real=0.15s
.....[4543.444s][info][gc,start       ] GC(578) Pause Young (Normal) (G1 Evacuation Pause)
[4543.444s][info][gc,task        ] GC(578) Using 8 workers of 8 for evacuation
[4543.593s][info][gc,phases      ] GC(578)   Pre Evacuate Collection Set: 0.25ms
[4543.593s][info][gc,phases      ] GC(578)   Merge Heap Roots: 0.53ms
[4543.593s][info][gc,phases      ] GC(578)   Evacuate Collection Set: 147.06ms
[4543.593s][info][gc,phases      ] GC(578)   Post Evacuate Collection Set: 1.08ms
[4543.593s][info][gc,phases      ] GC(578)   Other: 0.06ms
[4543.593s][info][gc,heap        ] GC(578) Eden regions: 571->0(571)
[4543.593s][info][gc,heap        ] GC(578) Survivor regions: 43->43(77)
[4543.593s][info][gc,heap        ] GC(578) Old regions: 215->222
[4543.593s][info][gc,heap        ] GC(578) Humongous regions: 33->33
[4543.593s][info][gc,metaspace   ] GC(578) Metaspace: 30012K(30528K)->30012K(30528K) NonClass: 26611K(26880K)->26611K(26880K) Class: 3400K(3648K)->3400K(3648K)
[4543.593s][info][gc             ] GC(578) Pause Young (Normal) (G1 Evacuation Pause) 6881M->2366M(8192M) 149.122ms
[4543.593s][info][gc,cpu         ] GC(578) User=1.18s Sys=0.00s Real=0.15s
......[4548.827s][info][gc,start       ] GC(579) Pause Young (Normal) (G1 Evacuation Pause)
[4548.827s][info][gc,task        ] GC(579) Using 8 workers of 8 for evacuation
[4548.981s][info][gc,phases      ] GC(579)   Pre Evacuate Collection Set: 0.27ms
[4548.981s][info][gc,phases      ] GC(579)   Merge Heap Roots: 0.61ms
[4548.981s][info][gc,phases      ] GC(579)   Evacuate Collection Set: 152.07ms
[4548.981s][info][gc,phases      ] GC(579)   Post Evacuate Collection Set: 1.06ms
[4548.981s][info][gc,phases      ] GC(579)   Other: 0.06ms
[4548.981s][info][gc,heap        ] GC(579) Eden regions: 571->0(570)
[4548.981s][info][gc,heap        ] GC(579) Survivor regions: 43->44(77)
[4548.981s][info][gc,heap        ] GC(579) Old regions: 222->229
[4548.981s][info][gc,heap        ] GC(579) Humongous regions: 33->33
[4548.981s][info][gc,metaspace   ] GC(579) Metaspace: 30012K(30528K)->30012K(30528K) NonClass: 26611K(26880K)->26611K(26880K) Class: 3400K(3648K)->3400K(3648K)
[4548.981s][info][gc             ] GC(579) Pause Young (Normal) (G1 Evacuation Pause) 6934M->2431M(8192M) 154.201ms
[4548.981s][info][gc,cpu         ] GC(579) User=1.22s Sys=0.00s Real=0.15s
.....[4554.122s][info][gc,start       ] GC(580) Pause Young (Normal) (G1 Evacuation Pause)
[4554.122s][info][gc,task        ] GC(580) Using 8 workers of 8 for evacuation
[4554.271s][info][gc,phases      ] GC(580)   Pre Evacuate Collection Set: 0.25ms
[4554.271s][info][gc,phases      ] GC(580)   Merge Heap Roots: 0.52ms
[4554.271s][info][gc,phases      ] GC(580)   Evacuate Collection Set: 146.92ms
[4554.271s][info][gc,phases      ] GC(580)   Post Evacuate Collection Set: 1.09ms
[4554.271s][info][gc,phases      ] GC(580)   Other: 0.08ms
[4554.271s][info][gc,heap        ] GC(580) Eden regions: 570->0(571)
[4554.271s][info][gc,heap        ] GC(580) Survivor regions: 44->43(77)
[4554.271s][info][gc,heap        ] GC(580) Old regions: 229->236
[4554.271s][info][gc,heap        ] GC(580) Humongous regions: 33->33
[4554.271s][info][gc,metaspace   ] GC(580) Metaspace: 30012K(30528K)->30012K(30528K) NonClass: 26611K(26880K)->26611K(26880K) Class: 3400K(3648K)->3400K(3648K)
[4554.271s][info][gc             ] GC(580) Pause Young (Normal) (G1 Evacuation Pause) 6991M->2483M(8192M) 148.989ms
[4554.271s][info][gc,cpu         ] GC(580) User=1.18s Sys=0.00s Real=0.15s
.....[4559.433s][info][gc,start       ] GC(581) Pause Young (Normal) (G1 Evacuation Pause)
[4559.433s][info][gc,task        ] GC(581) Using 8 workers of 8 for evacuation
[4559.582s][info][gc,phases      ] GC(581)   Pre Evacuate Collection Set: 0.24ms
[4559.582s][info][gc,phases      ] GC(581)   Merge Heap Roots: 0.53ms
[4559.582s][info][gc,phases      ] GC(581)   Evacuate Collection Set: 147.46ms
[4559.582s][info][gc,phases      ] GC(581)   Post Evacuate Collection Set: 1.06ms
[4559.582s][info][gc,phases      ] GC(581)   Other: 0.06ms
[4559.582s][info][gc,heap        ] GC(581) Eden regions: 571->0(572)
[4559.582s][info][gc,heap        ] GC(581) Survivor regions: 43->42(77)
[4559.582s][info][gc,heap        ] GC(581) Old regions: 236->244
[4559.582s][info][gc,heap        ] GC(581) Humongous regions: 33->33
[4559.582s][info][gc,metaspace   ] GC(581) Metaspace: 30012K(30528K)->30012K(30528K) NonClass: 26611K(26880K)->26611K(26880K) Class: 3400K(3648K)->3400K(3648K)
[4559.582s][info][gc             ] GC(581) Pause Young (Normal) (G1 Evacuation Pause) 7051M->2533M(8192M) 149.501ms
[4559.582s][info][gc,cpu         ] GC(581) User=1.19s Sys=0.00s Real=0.15s
......[4564.833s][info][gc,start       ] GC(582) Pause Young (Normal) (G1 Evacuation Pause)
[4564.833s][info][gc,task        ] GC(582) Using 8 workers of 8 for evacuation
[4564.991s][info][gc,phases      ] GC(582)   Pre Evacuate Collection Set: 0.26ms
[4564.991s][info][gc,phases      ] GC(582)   Merge Heap Roots: 0.53ms
[4564.991s][info][gc,phases      ] GC(582)   Evacuate Collection Set: 155.35ms
[4564.991s][info][gc,phases      ] GC(582)   Post Evacuate Collection Set: 1.04ms
[4564.991s][info][gc,phases      ] GC(582)   Other: 0.07ms
[4564.991s][info][gc,heap        ] GC(582) Eden regions: 572->0(570)
[4564.991s][info][gc,heap        ] GC(582) Survivor regions: 42->44(77)
[4564.991s][info][gc,heap        ] GC(582) Old regions: 244->251
[4564.991s][info][gc,heap        ] GC(582) Humongous regions: 33->33
[4564.991s][info][gc,metaspace   ] GC(582) Metaspace: 30012K(30528K)->30012K(30528K) NonClass: 26611K(26880K)->26611K(26880K) Class: 3400K(3648K)->3400K(3648K)
[4564.991s][info][gc             ] GC(582) Pause Young (Normal) (G1 Evacuation Pause) 7109M->2607M(8192M) 157.366ms
[4564.991s][info][gc,cpu         ] GC(582) User=1.24s Sys=0.00s Real=0.16s
.....[4570.145s][info][gc,start       ] GC(583) Pause Young (Normal) (G1 Evacuation Pause)
[4570.145s][info][gc,task        ] GC(583) Using 8 workers of 8 for evacuation
[4570.299s][info][gc,phases      ] GC(583)   Pre Evacuate Collection Set: 0.25ms
[4570.299s][info][gc,phases      ] GC(583)   Merge Heap Roots: 0.66ms
[4570.299s][info][gc,phases      ] GC(583)   Evacuate Collection Set: 152.46ms
[4570.299s][info][gc,phases      ] GC(583)   Post Evacuate Collection Set: 1.06ms
[4570.299s][info][gc,phases      ] GC(583)   Other: 0.06ms
[4570.299s][info][gc,heap        ] GC(583) Eden regions: 570->0(571)
[4570.299s][info][gc,heap        ] GC(583) Survivor regions: 44->43(77)
[4570.299s][info][gc,heap        ] GC(583) Old regions: 251->258
[4570.299s][info][gc,heap        ] GC(583) Humongous regions: 33->33
[4570.299s][info][gc,metaspace   ] GC(583) Metaspace: 30012K(30528K)->30012K(30528K) NonClass: 26611K(26880K)->26611K(26880K) Class: 3400K(3648K)->3400K(3648K)
[4570.299s][info][gc             ] GC(583) Pause Young (Normal) (G1 Evacuation Pause) 7167M->2658M(8192M) 154.615ms
[4570.299s][info][gc,cpu         ] GC(583) User=1.22s Sys=0.00s Real=0.16s
.....[4575.483s][info][gc,start       ] GC(584) Pause Young (Normal) (G1 Evacuation Pause)
[4575.483s][info][gc,task        ] GC(584) Using 8 workers of 8 for evacuation
[4575.633s][info][gc,phases      ] GC(584)   Pre Evacuate Collection Set: 0.27ms
[4575.633s][info][gc,phases      ] GC(584)   Merge Heap Roots: 0.53ms
[4575.633s][info][gc,phases      ] GC(584)   Evacuate Collection Set: 147.48ms
[4575.633s][info][gc,phases      ] GC(584)   Post Evacuate Collection Set: 1.10ms
[4575.633s][info][gc,phases      ] GC(584)   Other: 0.07ms
[4575.633s][info][gc,heap        ] GC(584) Eden regions: 571->0(571)
[4575.633s][info][gc,heap        ] GC(584) Survivor regions: 43->43(77)
[4575.633s][info][gc,heap        ] GC(584) Old regions: 258->265
[4575.633s][info][gc,heap        ] GC(584) Humongous regions: 33->33
[4575.633s][info][gc,metaspace   ] GC(584) Metaspace: 30012K(30528K)->30012K(30528K) NonClass: 26611K(26880K)->26611K(26880K) Class: 3400K(3648K)->3400K(3648K)
[4575.633s][info][gc             ] GC(584) Pause Young (Normal) (G1 Evacuation Pause) 7226M->2711M(8192M) 149.577ms
[4575.633s][info][gc,cpu         ] GC(584) User=1.18s Sys=0.00s Real=0.15s
. (rIR:aIR:PR = 7195:7213:7212) (tPR = 106913) [OK] 
  4575s: Performance info:
         Transaction,    Success,    Partial,     Failed,   Receipts, AvgBarcode, 
             Overall,     432958,          0,          0,     411365,      59.47, 
         Response times:
             Request,    Success,    Partial,     Failed,   SkipFail,     Probes,    Samples,      min,      p50,      p90,      p95,      p99,      max, 
       TotalPurchase,     411402,          0,          0,          0,     362492,     417873,      300,     4800,     8900,    12700,    56000,   355000,
     InStorePurchase,     217294,          0,          0,          0,     190151,     219074,      400,     4800,     8800,    12500,    56000,   355000,
      OnlinePurchase,     150819,          0,          0,          0,     133637,     153864,      300,     4700,     8900,    12800,    55000,   341000,
        InstPurchase,      43289,          0,          0,          0,      38704,      44935,      500,     4900,     9000,    13600,    55000,   284000,
          AssocOfCat,        431,          0,          0,          0,        346,        487,    22000,    37000,    54000,    78000,   137040,   217000,
      AssocOfProduct,       4319,          0,          0,          0,       4037,       4869,      700,     4800,     8900,    12550,    50000,   207000,
      BusinessReport,       1078,          0,          0,          0,        966,       1260,    29000,    43000,    61000,    78000,   142000,   330000,
          CustBuyBeh,       4321,          0,          0,          0,       4088,       4936,      300,     4200,     9100,    13300,    51630,   199000,
       ProductReturn,      11450,          0,          0,          0,       9919,      11771,      200,     4900,     8900,    12500,    56000,   248000,

  4575s: (53%)   IR =   7334 ....[4580.779s][info][gc,start       ] GC(585) Pause Young (Normal) (G1 Evacuation Pause)
[4580.779s][info][gc,task        ] GC(585) Using 8 workers of 8 for evacuation
[4580.935s][info][gc,phases      ] GC(585)   Pre Evacuate Collection Set: 0.25ms
[4580.935s][info][gc,phases      ] GC(585)   Merge Heap Roots: 0.60ms
[4580.935s][info][gc,phases      ] GC(585)   Evacuate Collection Set: 154.18ms
[4580.935s][info][gc,phases      ] GC(585)   Post Evacuate Collection Set: 1.12ms
[4580.935s][info][gc,phases      ] GC(585)   Other: 0.06ms
[4580.935s][info][gc,heap        ] GC(585) Eden regions: 571->0(570)
[4580.935s][info][gc,heap        ] GC(585) Survivor regions: 43->44(77)
[4580.935s][info][gc,heap        ] GC(585) Old regions: 265->273
[4580.935s][info][gc,heap        ] GC(585) Humongous regions: 33->33
[4580.935s][info][gc,metaspace   ] GC(585) Metaspace: 30012K(30528K)->30012K(30528K) NonClass: 26611K(26880K)->26611K(26880K) Class: 3400K(3648K)->3400K(3648K)
[4580.935s][info][gc             ] GC(585) Pause Young (Normal) (G1 Evacuation Pause) 7279M->2778M(8192M) 156.333ms
[4580.935s][info][gc,cpu         ] GC(585) User=1.24s Sys=0.00s Real=0.15s
.....|.[4586.078s][info][gc,start       ] GC(586) Pause Young (Normal) (G1 Evacuation Pause)
[4586.078s][info][gc,task        ] GC(586) Using 8 workers of 8 for evacuation
[4586.231s][info][gc,phases      ] GC(586)   Pre Evacuate Collection Set: 0.27ms
[4586.231s][info][gc,phases      ] GC(586)   Merge Heap Roots: 0.55ms
[4586.231s][info][gc,phases      ] GC(586)   Evacuate Collection Set: 151.01ms
[4586.231s][info][gc,phases      ] GC(586)   Post Evacuate Collection Set: 1.08ms
[4586.231s][info][gc,phases      ] GC(586)   Other: 0.06ms
[4586.231s][info][gc,heap        ] GC(586) Eden regions: 570->0(571)
[4586.231s][info][gc,heap        ] GC(586) Survivor regions: 44->43(77)
[4586.231s][info][gc,heap        ] GC(586) Old regions: 273->280
[4586.231s][info][gc,heap        ] GC(586) Humongous regions: 33->33
[4586.231s][info][gc,metaspace   ] GC(586) Metaspace: 30012K(30528K)->30012K(30528K) NonClass: 26611K(26880K)->26611K(26880K) Class: 3400K(3648K)->3400K(3648K)
[4586.231s][info][gc             ] GC(586) Pause Young (Normal) (G1 Evacuation Pause) 7338M->2829M(8192M) 153.090ms
[4586.231s][info][gc,cpu         ] GC(586) User=1.21s Sys=0.00s Real=0.15s
.....[4591.384s][info][gc,start       ] GC(587) Pause Young (Normal) (G1 Evacuation Pause)
[4591.384s][info][gc,task        ] GC(587) Using 8 workers of 8 for evacuation
[4591.538s][info][gc,phases      ] GC(587)   Pre Evacuate Collection Set: 0.26ms
[4591.538s][info][gc,phases      ] GC(587)   Merge Heap Roots: 0.53ms
[4591.538s][info][gc,phases      ] GC(587)   Evacuate Collection Set: 152.01ms
[4591.538s][info][gc,phases      ] GC(587)   Post Evacuate Collection Set: 1.04ms
[4591.538s][info][gc,phases      ] GC(587)   Other: 0.06ms
[4591.538s][info][gc,heap        ] GC(587) Eden regions: 571->0(566)
[4591.538s][info][gc,heap        ] GC(587) Survivor regions: 43->43(77)
[4591.538s][info][gc,heap        ] GC(587) Old regions: 280->287
[4591.538s][info][gc,heap        ] GC(587) Humongous regions: 33->33
[4591.538s][info][gc,metaspace   ] GC(587) Metaspace: 30012K(30528K)->30012K(30528K) NonClass: 26611K(26880K)->26611K(26880K) Class: 3400K(3648K)->3400K(3648K)
[4591.538s][info][gc             ] GC(587) Pause Young (Normal) (G1 Evacuation Pause) 7397M->2887M(8192M) 154.050ms
[4591.538s][info][gc,cpu         ] GC(587) User=1.22s Sys=0.00s Real=0.16s
.....[4596.547s][info][gc,start       ] GC(588) Pause Young (Normal) (G1 Evacuation Pause)
[4596.547s][info][gc,task        ] GC(588) Using 8 workers of 8 for evacuation
[4596.698s][info][gc,phases      ] GC(588)   Pre Evacuate Collection Set: 0.27ms
[4596.698s][info][gc,phases      ] GC(588)   Merge Heap Roots: 0.67ms
[4596.698s][info][gc,phases      ] GC(588)   Evacuate Collection Set: 148.88ms
[4596.698s][info][gc,phases      ] GC(588)   Post Evacuate Collection Set: 1.03ms
[4596.698s][info][gc,phases      ] GC(588)   Other: 0.07ms
[4596.698s][info][gc,heap        ] GC(588) Eden regions: 566->0(559)
[4596.698s][info][gc,heap        ] GC(588) Survivor regions: 43->43(77)
[4596.698s][info][gc,heap        ] GC(588) Old regions: 287->294
[4596.698s][info][gc,heap        ] GC(588) Humongous regions: 33->33
[4596.698s][info][gc,metaspace   ] GC(588) Metaspace: 30012K(30528K)->30012K(30528K) NonClass: 26611K(26880K)->26611K(26880K) Class: 3400K(3648K)->3400K(3648K)
[4596.698s][info][gc             ] GC(588) Pause Young (Normal) (G1 Evacuation Pause) 7415M->2943M(8192M) 151.056ms
[4596.698s][info][gc,cpu         ] GC(588) User=1.19s Sys=0.00s Real=0.15s
.....[4601.701s][info][gc,start       ] GC(589) Pause Young (Normal) (G1 Evacuation Pause)
[4601.701s][info][gc,task        ] GC(589) Using 8 workers of 8 for evacuation
[4601.852s][info][gc,phases      ] GC(589)   Pre Evacuate Collection Set: 0.27ms
[4601.852s][info][gc,phases      ] GC(589)   Merge Heap Roots: 0.53ms
[4601.852s][info][gc,phases      ] GC(589)   Evacuate Collection Set: 149.19ms
[4601.852s][info][gc,phases      ] GC(589)   Post Evacuate Collection Set: 1.07ms
[4601.852s][info][gc,phases      ] GC(589)   Other: 0.06ms
[4601.852s][info][gc,heap        ] GC(589) Eden regions: 559->0(551)
[4601.852s][info][gc,heap        ] GC(589) Survivor regions: 43->43(76)
[4601.852s][info][gc,heap        ] GC(589) Old regions: 294->302
[4601.852s][info][gc,heap        ] GC(589) Humongous regions: 33->33
[4601.852s][info][gc,metaspace   ] GC(589) Metaspace: 30012K(30528K)->30012K(30528K) NonClass: 26611K(26880K)->26611K(26880K) Class: 3400K(3648K)->3400K(3648K)
[4601.852s][info][gc             ] GC(589) Pause Young (Normal) (G1 Evacuation Pause) 7415M->3006M(8192M) 151.263ms
[4601.852s][info][gc,cpu         ] GC(589) User=1.19s Sys=0.00s Real=0.15s
.....[4606.741s][info][gc,start       ] GC(590) Pause Young (Normal) (G1 Evacuation Pause)
[4606.741s][info][gc,task        ] GC(590) Using 8 workers of 8 for evacuation
[4606.892s][info][gc,phases      ] GC(590)   Pre Evacuate Collection Set: 0.27ms
[4606.892s][info][gc,phases      ] GC(590)   Merge Heap Roots: 0.51ms
[4606.892s][info][gc,phases      ] GC(590)   Evacuate Collection Set: 148.83ms
[4606.892s][info][gc,phases      ] GC(590)   Post Evacuate Collection Set: 1.05ms
[4606.892s][info][gc,phases      ] GC(590)   Other: 0.06ms
[4606.892s][info][gc,heap        ] GC(590) Eden regions: 551->0(544)
[4606.892s][info][gc,heap        ] GC(590) Survivor regions: 43->43(75)
[4606.892s][info][gc,heap        ] GC(590) Old regions: 302->309
[4606.892s][info][gc,heap        ] GC(590) Humongous regions: 33->33
[4606.892s][info][gc,metaspace   ] GC(590) Metaspace: 30012K(30528K)->30012K(30528K) NonClass: 26611K(26880K)->26611K(26880K) Class: 3400K(3648K)->3400K(3648K)
[4606.892s][info][gc             ] GC(590) Pause Young (Normal) (G1 Evacuation Pause) 7414M->3062M(8192M) 150.856ms
[4606.892s][info][gc,cpu         ] GC(590) User=1.20s Sys=0.00s Real=0.15s
.....[4611.712s][info][gc,start       ] GC(591) Pause Young (Concurrent Start) (G1 Evacuation Pause)
[4611.712s][info][gc,task        ] GC(591) Using 8 workers of 8 for evacuation
[4611.865s][info][gc,phases      ] GC(591)   Pre Evacuate Collection Set: 0.28ms
[4611.865s][info][gc,phases      ] GC(591)   Merge Heap Roots: 0.52ms
[4611.865s][info][gc,phases      ] GC(591)   Evacuate Collection Set: 150.94ms
[4611.865s][info][gc,phases      ] GC(591)   Post Evacuate Collection Set: 1.05ms
[4611.865s][info][gc,phases      ] GC(591)   Other: 0.08ms
[4611.865s][info][gc,heap        ] GC(591) Eden regions: 544->0(536)
[4611.865s][info][gc,heap        ] GC(591) Survivor regions: 43->43(74)
[4611.865s][info][gc,heap        ] GC(591) Old regions: 309->317
[4611.865s][info][gc,heap        ] GC(591) Humongous regions: 33->33
[4611.865s][info][gc,metaspace   ] GC(591) Metaspace: 30012K(30528K)->30012K(30528K) NonClass: 26611K(26880K)->26611K(26880K) Class: 3400K(3648K)->3400K(3648K)
[4611.865s][info][gc             ] GC(591) Pause Young (Concurrent Start) (G1 Evacuation Pause) 7414M->3122M(8192M) 153.010ms
[4611.865s][info][gc,cpu         ] GC(591) User=1.20s Sys=0.01s Real=0.15s
[4611.865s][info][gc             ] GC(592) Concurrent Mark Cycle
[4611.865s][info][gc,marking     ] GC(592) Concurrent Scan Root Regions
.[4612.204s][info][gc,marking     ] GC(592) Concurrent Scan Root Regions 339.147ms
[4612.204s][info][gc,marking     ] GC(592) Concurrent Mark
[4612.204s][info][gc,marking     ] GC(592) Concurrent Mark From Roots
[4612.204s][info][gc,task        ] GC(592) Using 2 workers of 2 for marking
.[4612.966s][info][gc,marking     ] GC(592) Concurrent Mark From Roots 761.578ms
[4612.966s][info][gc,marking     ] GC(592) Concurrent Preclean
[4612.966s][info][gc,marking     ] GC(592) Concurrent Preclean 0.100ms
[4612.966s][info][gc,start       ] GC(592) Pause Remark
[4612.968s][info][gc             ] GC(592) Pause Remark 4211M->3635M(8192M) 1.705ms
[4612.968s][info][gc,cpu         ] GC(592) User=0.02s Sys=0.00s Real=0.00s
[4612.968s][info][gc,marking     ] GC(592) Concurrent Mark 763.672ms
[4612.968s][info][gc,marking     ] GC(592) Concurrent Rebuild Remembered Sets and Scrub Regions
[4613.438s][info][gc,marking     ] GC(592) Concurrent Rebuild Remembered Sets and Scrub Regions 470.061ms
[4613.438s][info][gc,start       ] GC(592) Pause Cleanup
[4613.438s][info][gc             ] GC(592) Pause Cleanup 4056M->4056M(8192M) 0.272ms
[4613.438s][info][gc,cpu         ] GC(592) User=0.00s Sys=0.00s Real=0.00s
[4613.438s][info][gc,marking     ] GC(592) Concurrent Clear Claimed Marks
[4613.438s][info][gc,marking     ] GC(592) Concurrent Clear Claimed Marks 0.051ms
[4613.438s][info][gc,marking     ] GC(592) Concurrent Cleanup for Next Mark
[4613.446s][info][gc,marking     ] GC(592) Concurrent Cleanup for Next Mark 7.501ms
[4613.446s][info][gc             ] GC(592) Concurrent Mark Cycle 1581.118ms
...[4616.706s][info][gc,start       ] GC(593) Pause Young (Prepare Mixed) (G1 Evacuation Pause)
[4616.706s][info][gc,task        ] GC(593) Using 8 workers of 8 for evacuation
[4616.854s][info][gc,phases      ] GC(593)   Pre Evacuate Collection Set: 0.26ms
[4616.854s][info][gc,phases      ] GC(593)   Merge Heap Roots: 0.68ms
[4616.854s][info][gc,phases      ] GC(593)   Evacuate Collection Set: 146.20ms
[4616.854s][info][gc,phases      ] GC(593)   Post Evacuate Collection Set: 1.12ms
[4616.854s][info][gc,phases      ] GC(593)   Other: 0.07ms
[4616.854s][info][gc,heap        ] GC(593) Eden regions: 536->0(573)
[4616.854s][info][gc,heap        ] GC(593) Survivor regions: 43->41(73)
[4616.854s][info][gc,heap        ] GC(593) Old regions: 245->252
[4616.854s][info][gc,heap        ] GC(593) Humongous regions: 33->33
[4616.854s][info][gc,metaspace   ] GC(593) Metaspace: 30012K(30528K)->30012K(30528K) NonClass: 26611K(26880K)->26611K(26880K) Class: 3400K(3648K)->3400K(3648K)
[4616.854s][info][gc             ] GC(593) Pause Young (Prepare Mixed) (G1 Evacuation Pause) 6834M->2593M(8192M) 148.478ms
[4616.854s][info][gc,cpu         ] GC(593) User=1.18s Sys=0.00s Real=0.15s
.....[4621.956s][info][gc,start       ] GC(594) Pause Young (Mixed) (G1 Evacuation Pause)
[4621.956s][info][gc,task        ] GC(594) Using 8 workers of 8 for evacuation
[4622.108s][info][gc,phases      ] GC(594)   Pre Evacuate Collection Set: 0.29ms
[4622.108s][info][gc,phases      ] GC(594)   Merge Heap Roots: 0.79ms
[4622.108s][info][gc,phases      ] GC(594)   Evacuate Collection Set: 150.16ms
[4622.108s][info][gc,phases      ] GC(594)   Post Evacuate Collection Set: 1.24ms
[4622.108s][info][gc,phases      ] GC(594)   Other: 0.10ms
[4622.108s][info][gc,heap        ] GC(594) Eden regions: 573->0(572)
[4622.108s][info][gc,heap        ] GC(594) Survivor regions: 41->42(77)
[4622.108s][info][gc,heap        ] GC(594) Old regions: 252->157
[4622.108s][info][gc,heap        ] GC(594) Humongous regions: 33->33
[4622.108s][info][gc,metaspace   ] GC(594) Metaspace: 30012K(30528K)->30012K(30528K) NonClass: 26611K(26880K)->26611K(26880K) Class: 3400K(3648K)->3400K(3648K)
[4622.108s][info][gc             ] GC(594) Pause Young (Mixed) (G1 Evacuation Pause) 7177M->1839M(8192M) 152.727ms
[4622.108s][info][gc,cpu         ] GC(594) User=1.21s Sys=0.00s Real=0.16s
......[4627.192s][info][gc,start       ] GC(595) Pause Young (Mixed) (G1 Evacuation Pause)
[4627.192s][info][gc,task        ] GC(595) Using 8 workers of 8 for evacuation
[4627.347s][info][gc,phases      ] GC(595)   Pre Evacuate Collection Set: 0.28ms
[4627.347s][info][gc,phases      ] GC(595)   Merge Heap Roots: 0.73ms
[4627.347s][info][gc,phases      ] GC(595)   Evacuate Collection Set: 152.70ms
[4627.347s][info][gc,phases      ] GC(595)   Post Evacuate Collection Set: 1.10ms
[4627.347s][info][gc,phases      ] GC(595)   Other: 0.07ms
[4627.347s][info][gc,heap        ] GC(595) Eden regions: 572->0(571)
[4627.347s][info][gc,heap        ] GC(595) Survivor regions: 42->43(77)
[4627.347s][info][gc,heap        ] GC(595) Old regions: 157->143
[4627.347s][info][gc,heap        ] GC(595) Humongous regions: 33->33
[4627.347s][info][gc,metaspace   ] GC(595) Metaspace: 30012K(30528K)->30012K(30528K) NonClass: 26611K(26880K)->26611K(26880K) Class: 3400K(3648K)->3400K(3648K)
[4627.347s][info][gc             ] GC(595) Pause Young (Mixed) (G1 Evacuation Pause) 6415M->1735M(8192M) 155.010ms
[4627.347s][info][gc,cpu         ] GC(595) User=1.23s Sys=0.00s Real=0.16s
.....[4632.373s][info][gc,start       ] GC(596) Pause Young (Normal) (G1 Evacuation Pause)
[4632.373s][info][gc,task        ] GC(596) Using 8 workers of 8 for evacuation
[4632.521s][info][gc,phases      ] GC(596)   Pre Evacuate Collection Set: 0.25ms
[4632.521s][info][gc,phases      ] GC(596)   Merge Heap Roots: 0.52ms
[4632.521s][info][gc,phases      ] GC(596)   Evacuate Collection Set: 146.42ms
[4632.521s][info][gc,phases      ] GC(596)   Post Evacuate Collection Set: 1.09ms
[4632.521s][info][gc,phases      ] GC(596)   Other: 0.06ms
[4632.521s][info][gc,heap        ] GC(596) Eden regions: 571->0(572)
[4632.521s][info][gc,heap        ] GC(596) Survivor regions: 43->42(77)
[4632.521s][info][gc,heap        ] GC(596) Old regions: 143->151
[4632.521s][info][gc,heap        ] GC(596) Humongous regions: 33->33
[4632.521s][info][gc,metaspace   ] GC(596) Metaspace: 30012K(30528K)->30012K(30528K) NonClass: 26611K(26880K)->26611K(26880K) Class: 3400K(3648K)->3400K(3648K)
[4632.521s][info][gc             ] GC(596) Pause Young (Normal) (G1 Evacuation Pause) 6303M->1790M(8192M) 148.479ms
[4632.521s][info][gc,cpu         ] GC(596) User=1.18s Sys=0.00s Real=0.15s
.....[4637.627s][info][gc,start       ] GC(597) Pause Young (Normal) (G1 Evacuation Pause)
[4637.627s][info][gc,task        ] GC(597) Using 8 workers of 8 for evacuation
[4637.778s][info][gc,phases      ] GC(597)   Pre Evacuate Collection Set: 0.25ms
[4637.778s][info][gc,phases      ] GC(597)   Merge Heap Roots: 0.52ms
[4637.778s][info][gc,phases      ] GC(597)   Evacuate Collection Set: 148.96ms
[4637.778s][info][gc,phases      ] GC(597)   Post Evacuate Collection Set: 1.07ms
[4637.778s][info][gc,phases      ] GC(597)   Other: 0.06ms
[4637.778s][info][gc,heap        ] GC(597) Eden regions: 572->0(571)
[4637.778s][info][gc,heap        ] GC(597) Survivor regions: 42->43(77)
[4637.778s][info][gc,heap        ] GC(597) Old regions: 151->158
[4637.778s][info][gc,heap        ] GC(597) Humongous regions: 33->33
[4637.778s][info][gc,metaspace   ] GC(597) Metaspace: 30012K(30528K)->30012K(30528K) NonClass: 26611K(26880K)->26611K(26880K) Class: 3400K(3648K)->3400K(3648K)
[4637.778s][info][gc             ] GC(597) Pause Young (Normal) (G1 Evacuation Pause) 6366M->1855M(8192M) 150.997ms
[4637.778s][info][gc,cpu         ] GC(597) User=1.20s Sys=0.00s Real=0.15s
.....[4642.904s][info][gc,start       ] GC(598) Pause Young (Normal) (G1 Evacuation Pause)
[4642.904s][info][gc,task        ] GC(598) Using 8 workers of 8 for evacuation
[4643.051s][info][gc,phases      ] GC(598)   Pre Evacuate Collection Set: 0.25ms
[4643.051s][info][gc,phases      ] GC(598)   Merge Heap Roots: 0.53ms
[4643.051s][info][gc,phases      ] GC(598)   Evacuate Collection Set: 145.44ms
[4643.051s][info][gc,phases      ] GC(598)   Post Evacuate Collection Set: 1.06ms
[4643.051s][info][gc,phases      ] GC(598)   Other: 0.06ms
[4643.051s][info][gc,heap        ] GC(598) Eden regions: 571->0(572)
[4643.051s][info][gc,heap        ] GC(598) Survivor regions: 43->42(77)
[4643.051s][info][gc,heap        ] GC(598) Old regions: 158->165
[4643.051s][info][gc,heap        ] GC(598) Humongous regions: 33->33
[4643.051s][info][gc,metaspace   ] GC(598) Metaspace: 30012K(30528K)->30012K(30528K) NonClass: 26611K(26880K)->26611K(26880K) Class: 3400K(3648K)->3400K(3648K)
[4643.051s][info][gc             ] GC(598) Pause Young (Normal) (G1 Evacuation Pause) 6423M->1905M(8192M) 147.473ms
[4643.051s][info][gc,cpu         ] GC(598) User=1.17s Sys=0.00s Real=0.15s
... (rIR:aIR:PR = 7334:7319:7319) (tPR = 108542) [OK] 
  4644s: Performance info:
         Transaction,    Success,    Partial,     Failed,   Receipts, AvgBarcode, 
             Overall,     440511,          0,          0,     418405,      59.47, 
         Response times:
             Request,    Success,    Partial,     Failed,   SkipFail,     Probes,    Samples,      min,      p50,      p90,      p95,      p99,      max, 
       TotalPurchase,     418405,          0,          0,          0,     359706,     418134,      300,     4800,     9500,    14300,    70000,   362000,
     InStorePurchase,     220077,          0,          0,          0,     188892,     219376,      400,     4900,     9600,    14000,    70000,   361000,
      OnlinePurchase,     154035,          0,          0,          0,     132506,     153786,      300,     4700,     9400,    14700,    69000,   362000,
        InstPurchase,      44293,          0,          0,          0,      38308,      44972,      400,     4800,     9500,    15200,    73000,   295000,
          AssocOfCat,        440,          0,          0,          0,        355,        478,    28000,    38000,    59000,    79100,   149870,   203000,
      AssocOfProduct,       4415,          0,          0,          0,       4110,       5005,      400,     5600,     9800,    16570,    70000,   360000,
      BusinessReport,       1102,          0,          0,          0,        949,       1216,    26000,    44000,    67000,    99000,   195980,   221000,
          CustBuyBeh,       4402,          0,          0,          0,       4072,       4873,      100,     4700,     9600,    16460,    73260,   159000,
       ProductReturn,      11747,          0,          0,          0,      10019,      11895,      200,     4500,     9400,    15420,    68040,   270000,

  4644s: (54%)   IR =   7472 ..[4648.156s][info][gc,start       ] GC(599) Pause Young (Normal) (G1 Evacuation Pause)
[4648.156s][info][gc,task        ] GC(599) Using 8 workers of 8 for evacuation
[4648.308s][info][gc,phases      ] GC(599)   Pre Evacuate Collection Set: 0.24ms
[4648.308s][info][gc,phases      ] GC(599)   Merge Heap Roots: 0.54ms
[4648.308s][info][gc,phases      ] GC(599)   Evacuate Collection Set: 150.22ms
[4648.308s][info][gc,phases      ] GC(599)   Post Evacuate Collection Set: 1.05ms
[4648.308s][info][gc,phases      ] GC(599)   Other: 0.07ms
[4648.309s][info][gc,heap        ] GC(599) Eden regions: 572->0(571)
[4648.309s][info][gc,heap        ] GC(599) Survivor regions: 42->43(77)
[4648.309s][info][gc,heap        ] GC(599) Old regions: 165->172
[4648.309s][info][gc,heap        ] GC(599) Humongous regions: 33->33
[4648.309s][info][gc,metaspace   ] GC(599) Metaspace: 30012K(30528K)->30012K(30528K) NonClass: 26611K(26880K)->26611K(26880K) Class: 3400K(3648K)->3400K(3648K)
[4648.309s][info][gc             ] GC(599) Pause Young (Normal) (G1 Evacuation Pause) 6481M->1970M(8192M) 152.251ms
[4648.309s][info][gc,cpu         ] GC(599) User=1.21s Sys=0.01s Real=0.15s
......[4653.376s][info][gc,start       ] GC(600) Pause Young (Normal) (G1 Evacuation Pause)
[4653.376s][info][gc,task        ] GC(600) Using 8 workers of 8 for evacuation
[4653.525s][info][gc,phases      ] GC(600)   Pre Evacuate Collection Set: 0.27ms
[4653.525s][info][gc,phases      ] GC(600)   Merge Heap Roots: 0.53ms
[4653.525s][info][gc,phases      ] GC(600)   Evacuate Collection Set: 147.19ms
[4653.525s][info][gc,phases      ] GC(600)   Post Evacuate Collection Set: 1.11ms
[4653.525s][info][gc,phases      ] GC(600)   Other: 0.06ms
[4653.525s][info][gc,heap        ] GC(600) Eden regions: 571->0(571)
[4653.525s][info][gc,heap        ] GC(600) Survivor regions: 43->43(77)
[4653.525s][info][gc,heap        ] GC(600) Old regions: 172->179
[4653.525s][info][gc,heap        ] GC(600) Humongous regions: 33->33
[4653.525s][info][gc,metaspace   ] GC(600) Metaspace: 30012K(30528K)->30012K(30528K) NonClass: 26611K(26880K)->26611K(26880K) Class: 3400K(3648K)->3400K(3648K)
[4653.525s][info][gc             ] GC(600) Pause Young (Normal) (G1 Evacuation Pause) 6538M->2023M(8192M) 149.287ms
[4653.525s][info][gc,cpu         ] GC(600) User=1.18s Sys=0.00s Real=0.14s
.|....[4658.454s][info][gc,start       ] GC(601) Pause Young (Normal) (G1 Evacuation Pause)
[4658.454s][info][gc,task        ] GC(601) Using 8 workers of 8 for evacuation
[4658.606s][info][gc,phases      ] GC(601)   Pre Evacuate Collection Set: 0.25ms
[4658.606s][info][gc,phases      ] GC(601)   Merge Heap Roots: 0.53ms
[4658.606s][info][gc,phases      ] GC(601)   Evacuate Collection Set: 149.85ms
[4658.606s][info][gc,phases      ] GC(601)   Post Evacuate Collection Set: 1.06ms
[4658.606s][info][gc,phases      ] GC(601)   Other: 0.06ms
[4658.606s][info][gc,heap        ] GC(601) Eden regions: 571->0(571)
[4658.606s][info][gc,heap        ] GC(601) Survivor regions: 43->43(77)
[4658.606s][info][gc,heap        ] GC(601) Old regions: 179->187
[4658.606s][info][gc,heap        ] GC(601) Humongous regions: 33->33
[4658.606s][info][gc,metaspace   ] GC(601) Metaspace: 30012K(30528K)->30012K(30528K) NonClass: 26611K(26880K)->26611K(26880K) Class: 3400K(3648K)->3400K(3648K)
[4658.606s][info][gc             ] GC(601) Pause Young (Normal) (G1 Evacuation Pause) 6591M->2085M(8192M) 151.875ms
[4658.606s][info][gc,cpu         ] GC(601) User=1.20s Sys=0.00s Real=0.16s
.....[4663.650s][info][gc,start       ] GC(602) Pause Young (Normal) (G1 Evacuation Pause)
[4663.650s][info][gc,task        ] GC(602) Using 8 workers of 8 for evacuation
[4663.799s][info][gc,phases      ] GC(602)   Pre Evacuate Collection Set: 0.25ms
[4663.799s][info][gc,phases      ] GC(602)   Merge Heap Roots: 0.53ms
[4663.799s][info][gc,phases      ] GC(602)   Evacuate Collection Set: 147.06ms
[4663.799s][info][gc,phases      ] GC(602)   Post Evacuate Collection Set: 1.08ms
[4663.799s][info][gc,phases      ] GC(602)   Other: 0.06ms
[4663.799s][info][gc,heap        ] GC(602) Eden regions: 571->0(571)
[4663.799s][info][gc,heap        ] GC(602) Survivor regions: 43->43(77)
[4663.799s][info][gc,heap        ] GC(602) Old regions: 187->194
[4663.799s][info][gc,heap        ] GC(602) Humongous regions: 33->33
[4663.799s][info][gc,metaspace   ] GC(602) Metaspace: 30012K(30528K)->30012K(30528K) NonClass: 26611K(26880K)->26611K(26880K) Class: 3400K(3648K)->3400K(3648K)
[4663.799s][info][gc             ] GC(602) Pause Young (Normal) (G1 Evacuation Pause) 6653M->2139M(8192M) 149.120ms
[4663.799s][info][gc,cpu         ] GC(602) User=1.18s Sys=0.00s Real=0.15s
.....[4668.784s][info][gc,start       ] GC(603) Pause Young (Normal) (G1 Evacuation Pause)
[4668.785s][info][gc,task        ] GC(603) Using 8 workers of 8 for evacuation
[4668.936s][info][gc,phases      ] GC(603)   Pre Evacuate Collection Set: 0.25ms
[4668.936s][info][gc,phases      ] GC(603)   Merge Heap Roots: 0.52ms
[4668.936s][info][gc,phases      ] GC(603)   Evacuate Collection Set: 149.61ms
[4668.936s][info][gc,phases      ] GC(603)   Post Evacuate Collection Set: 1.04ms
[4668.936s][info][gc,phases      ] GC(603)   Other: 0.07ms
[4668.936s][info][gc,heap        ] GC(603) Eden regions: 571->0(571)
[4668.936s][info][gc,heap        ] GC(603) Survivor regions: 43->43(77)
[4668.936s][info][gc,heap        ] GC(603) Old regions: 194->201
[4668.936s][info][gc,heap        ] GC(603) Humongous regions: 33->33
[4668.936s][info][gc,metaspace   ] GC(603) Metaspace: 30012K(30528K)->30012K(30528K) NonClass: 26611K(26880K)->26611K(26880K) Class: 3400K(3648K)->3400K(3648K)
[4668.936s][info][gc             ] GC(603) Pause Young (Normal) (G1 Evacuation Pause) 6707M->2201M(8192M) 151.643ms
[4668.936s][info][gc,cpu         ] GC(603) User=1.20s Sys=0.00s Real=0.16s
.....[4673.966s][info][gc,start       ] GC(604) Pause Young (Normal) (G1 Evacuation Pause)
[4673.966s][info][gc,task        ] GC(604) Using 8 workers of 8 for evacuation
[4674.117s][info][gc,phases      ] GC(604)   Pre Evacuate Collection Set: 0.25ms
[4674.117s][info][gc,phases      ] GC(604)   Merge Heap Roots: 0.54ms
[4674.117s][info][gc,phases      ] GC(604)   Evacuate Collection Set: 149.19ms
[4674.117s][info][gc,phases      ] GC(604)   Post Evacuate Collection Set: 1.08ms
[4674.117s][info][gc,phases      ] GC(604)   Other: 0.07ms
[4674.117s][info][gc,heap        ] GC(604) Eden regions: 571->0(571)
[4674.117s][info][gc,heap        ] GC(604) Survivor regions: 43->43(77)
[4674.117s][info][gc,heap        ] GC(604) Old regions: 201->208
[4674.117s][info][gc,heap        ] GC(604) Humongous regions: 33->33
[4674.117s][info][gc,metaspace   ] GC(604) Metaspace: 30012K(30528K)->30012K(30528K) NonClass: 26611K(26880K)->26611K(26880K) Class: 3400K(3648K)->3400K(3648K)
[4674.117s][info][gc             ] GC(604) Pause Young (Normal) (G1 Evacuation Pause) 6769M->2255M(8192M) 151.264ms
[4674.117s][info][gc,cpu         ] GC(604) User=1.19s Sys=0.00s Real=0.15s
.....[4679.118s][info][gc,start       ] GC(605) Pause Young (Normal) (G1 Evacuation Pause)
[4679.118s][info][gc,task        ] GC(605) Using 8 workers of 8 for evacuation
[4679.268s][info][gc,phases      ] GC(605)   Pre Evacuate Collection Set: 0.24ms
[4679.268s][info][gc,phases      ] GC(605)   Merge Heap Roots: 0.55ms
[4679.268s][info][gc,phases      ] GC(605)   Evacuate Collection Set: 147.80ms
[4679.268s][info][gc,phases      ] GC(605)   Post Evacuate Collection Set: 1.07ms
[4679.268s][info][gc,phases      ] GC(605)   Other: 0.07ms
[4679.268s][info][gc,heap        ] GC(605) Eden regions: 571->0(571)
[4679.268s][info][gc,heap        ] GC(605) Survivor regions: 43->43(77)
[4679.268s][info][gc,heap        ] GC(605) Old regions: 208->215
[4679.268s][info][gc,heap        ] GC(605) Humongous regions: 33->33
[4679.268s][info][gc,metaspace   ] GC(605) Metaspace: 30012K(30528K)->30012K(30528K) NonClass: 26611K(26880K)->26611K(26880K) Class: 3400K(3648K)->3400K(3648K)
[4679.268s][info][gc             ] GC(605) Pause Young (Normal) (G1 Evacuation Pause) 6823M->2315M(8192M) 149.871ms
[4679.268s][info][gc,cpu         ] GC(605) User=1.18s Sys=0.00s Real=0.15s
.....[4684.269s][info][gc,start       ] GC(606) Pause Young (Normal) (G1 Evacuation Pause)
[4684.269s][info][gc,task        ] GC(606) Using 8 workers of 8 for evacuation
[4684.422s][info][gc,phases      ] GC(606)   Pre Evacuate Collection Set: 0.27ms
[4684.422s][info][gc,phases      ] GC(606)   Merge Heap Roots: 0.55ms
[4684.422s][info][gc,phases      ] GC(606)   Evacuate Collection Set: 151.16ms
[4684.422s][info][gc,phases      ] GC(606)   Post Evacuate Collection Set: 1.06ms
[4684.422s][info][gc,phases      ] GC(606)   Other: 0.08ms
[4684.422s][info][gc,heap        ] GC(606) Eden regions: 571->0(571)
[4684.422s][info][gc,heap        ] GC(606) Survivor regions: 43->43(77)
[4684.422s][info][gc,heap        ] GC(606) Old regions: 215->223
[4684.422s][info][gc,heap        ] GC(606) Humongous regions: 33->33
[4684.422s][info][gc,metaspace   ] GC(606) Metaspace: 30012K(30528K)->30012K(30528K) NonClass: 26611K(26880K)->26611K(26880K) Class: 3400K(3648K)->3400K(3648K)
[4684.422s][info][gc             ] GC(606) Pause Young (Normal) (G1 Evacuation Pause) 6883M->2374M(8192M) 153.266ms
[4684.422s][info][gc,cpu         ] GC(606) User=1.21s Sys=0.00s Real=0.15s
.....[4689.425s][info][gc,start       ] GC(607) Pause Young (Normal) (G1 Evacuation Pause)
[4689.425s][info][gc,task        ] GC(607) Using 8 workers of 8 for evacuation
[4689.575s][info][gc,phases      ] GC(607)   Pre Evacuate Collection Set: 0.27ms
[4689.575s][info][gc,phases      ] GC(607)   Merge Heap Roots: 0.62ms
[4689.575s][info][gc,phases      ] GC(607)   Evacuate Collection Set: 147.42ms
[4689.575s][info][gc,phases      ] GC(607)   Post Evacuate Collection Set: 1.06ms
[4689.575s][info][gc,phases      ] GC(607)   Other: 0.79ms
[4689.575s][info][gc,heap        ] GC(607) Eden regions: 571->0(571)
[4689.575s][info][gc,heap        ] GC(607) Survivor regions: 43->43(77)
[4689.575s][info][gc,heap        ] GC(607) Old regions: 223->230
[4689.575s][info][gc,heap        ] GC(607) Humongous regions: 33->33
[4689.575s][info][gc,metaspace   ] GC(607) Metaspace: 30012K(30528K)->30012K(30528K) NonClass: 26611K(26880K)->26611K(26880K) Class: 3400K(3648K)->3400K(3648K)
[4689.575s][info][gc             ] GC(607) Pause Young (Normal) (G1 Evacuation Pause) 6942M->2426M(8192M) 150.292ms
[4689.575s][info][gc,cpu         ] GC(607) User=1.18s Sys=0.00s Real=0.15s
.....[4694.536s][info][gc,start       ] GC(608) Pause Young (Normal) (G1 Evacuation Pause)
[4694.536s][info][gc,task        ] GC(608) Using 8 workers of 8 for evacuation
[4694.690s][info][gc,phases      ] GC(608)   Pre Evacuate Collection Set: 0.26ms
[4694.690s][info][gc,phases      ] GC(608)   Merge Heap Roots: 0.59ms
[4694.690s][info][gc,phases      ] GC(608)   Evacuate Collection Set: 151.01ms
[4694.690s][info][gc,phases      ] GC(608)   Post Evacuate Collection Set: 1.05ms
[4694.690s][info][gc,phases      ] GC(608)   Other: 0.78ms
[4694.690s][info][gc,heap        ] GC(608) Eden regions: 571->0(571)
[4694.690s][info][gc,heap        ] GC(608) Survivor regions: 43->43(77)
[4694.690s][info][gc,heap        ] GC(608) Old regions: 230->237
[4694.690s][info][gc,heap        ] GC(608) Humongous regions: 33->33
[4694.690s][info][gc,metaspace   ] GC(608) Metaspace: 30012K(30528K)->30012K(30528K) NonClass: 26611K(26880K)->26611K(26880K) Class: 3400K(3648K)->3400K(3648K)
[4694.690s][info][gc             ] GC(608) Pause Young (Normal) (G1 Evacuation Pause) 6994M->2486M(8192M) 153.840ms
[4694.690s][info][gc,cpu         ] GC(608) User=1.22s Sys=0.00s Real=0.15s
.....[4699.671s][info][gc,start       ] GC(609) Pause Young (Normal) (G1 Evacuation Pause)
[4699.671s][info][gc,task        ] GC(609) Using 8 workers of 8 for evacuation
[4699.823s][info][gc,phases      ] GC(609)   Pre Evacuate Collection Set: 0.26ms
[4699.823s][info][gc,phases      ] GC(609)   Merge Heap Roots: 0.59ms
[4699.823s][info][gc,phases      ] GC(609)   Evacuate Collection Set: 149.33ms
[4699.823s][info][gc,phases      ] GC(609)   Post Evacuate Collection Set: 1.05ms
[4699.823s][info][gc,phases      ] GC(609)   Other: 0.85ms
[4699.823s][info][gc,heap        ] GC(609) Eden regions: 571->0(570)
[4699.823s][info][gc,heap        ] GC(609) Survivor regions: 43->44(77)
[4699.823s][info][gc,heap        ] GC(609) Old regions: 237->244
[4699.823s][info][gc,heap        ] GC(609) Humongous regions: 33->33
[4699.823s][info][gc,metaspace   ] GC(609) Metaspace: 30012K(30528K)->30012K(30528K) NonClass: 26611K(26880K)->26611K(26880K) Class: 3400K(3648K)->3400K(3648K)
[4699.823s][info][gc             ] GC(609) Pause Young (Normal) (G1 Evacuation Pause) 7054M->2547M(8192M) 152.221ms
[4699.823s][info][gc,cpu         ] GC(609) User=1.20s Sys=0.00s Real=0.15s
.....[4704.808s][info][gc,start       ] GC(610) Pause Young (Normal) (G1 Evacuation Pause)
[4704.809s][info][gc,task        ] GC(610) Using 8 workers of 8 for evacuation
[4704.960s][info][gc,phases      ] GC(610)   Pre Evacuate Collection Set: 0.28ms
[4704.960s][info][gc,phases      ] GC(610)   Merge Heap Roots: 0.59ms
[4704.960s][info][gc,phases      ] GC(610)   Evacuate Collection Set: 148.93ms
[4704.960s][info][gc,phases      ] GC(610)   Post Evacuate Collection Set: 1.09ms
[4704.960s][info][gc,phases      ] GC(610)   Other: 0.81ms
[4704.960s][info][gc,heap        ] GC(610) Eden regions: 570->0(570)
[4704.960s][info][gc,heap        ] GC(610) Survivor regions: 44->44(77)
[4704.960s][info][gc,heap        ] GC(610) Old regions: 244->251
[4704.960s][info][gc,heap        ] GC(610) Humongous regions: 33->33
[4704.960s][info][gc,metaspace   ] GC(610) Metaspace: 30012K(30528K)->30012K(30528K) NonClass: 26611K(26880K)->26611K(26880K) Class: 3400K(3648K)->3400K(3648K)
[4704.960s][info][gc             ] GC(610) Pause Young (Normal) (G1 Evacuation Pause) 7107M->2609M(8192M) 151.813ms
[4704.960s][info][gc,cpu         ] GC(610) User=1.20s Sys=0.00s Real=0.15s
.....[4709.940s][info][gc,start       ] GC(611) Pause Young (Normal) (G1 Evacuation Pause)
[4709.940s][info][gc,task        ] GC(611) Using 8 workers of 8 for evacuation
[4710.090s][info][gc,phases      ] GC(611)   Pre Evacuate Collection Set: 0.28ms
[4710.090s][info][gc,phases      ] GC(611)   Merge Heap Roots: 0.58ms
[4710.090s][info][gc,phases      ] GC(611)   Evacuate Collection Set: 147.82ms
[4710.090s][info][gc,phases      ] GC(611)   Post Evacuate Collection Set: 1.07ms
[4710.090s][info][gc,phases      ] GC(611)   Other: 0.81ms
[4710.091s][info][gc,heap        ] GC(611) Eden regions: 570->0(571)
[4710.091s][info][gc,heap        ] GC(611) Survivor regions: 44->43(77)
[4710.091s][info][gc,heap        ] GC(611) Old regions: 251->258
[4710.091s][info][gc,heap        ] GC(611) Humongous regions: 33->33
[4710.091s][info][gc,metaspace   ] GC(611) Metaspace: 30012K(30528K)->30012K(30528K) NonClass: 26611K(26880K)->26611K(26880K) Class: 3400K(3648K)->3400K(3648K)
[4710.091s][info][gc             ] GC(611) Pause Young (Normal) (G1 Evacuation Pause) 7169M->2659M(8192M) 150.687ms
[4710.091s][info][gc,cpu         ] GC(611) User=1.18s Sys=0.00s Real=0.15s
.....[4715.075s][info][gc,start       ] GC(612) Pause Young (Normal) (G1 Evacuation Pause)
[4715.075s][info][gc,task        ] GC(612) Using 8 workers of 8 for evacuation
[4715.223s][info][gc,phases      ] GC(612)   Pre Evacuate Collection Set: 0.26ms
[4715.223s][info][gc,phases      ] GC(612)   Merge Heap Roots: 0.52ms
[4715.223s][info][gc,phases      ] GC(612)   Evacuate Collection Set: 146.27ms
[4715.223s][info][gc,phases      ] GC(612)   Post Evacuate Collection Set: 1.03ms
[4715.223s][info][gc,phases      ] GC(612)   Other: 0.07ms
[4715.223s][info][gc,heap        ] GC(612) Eden regions: 571->0(571)
[4715.223s][info][gc,heap        ] GC(612) Survivor regions: 43->43(77)
[4715.223s][info][gc,heap        ] GC(612) Old regions: 258->265
[4715.223s][info][gc,heap        ] GC(612) Humongous regions: 33->33
[4715.223s][info][gc,metaspace   ] GC(612) Metaspace: 30012K(30528K)->30012K(30528K) NonClass: 26611K(26880K)->26611K(26880K) Class: 3400K(3648K)->3400K(3648K)
[4715.223s][info][gc             ] GC(612) Pause Young (Normal) (G1 Evacuation Pause) 7227M->2711M(8192M) 148.279ms
[4715.223s][info][gc,cpu         ] GC(612) User=1.17s Sys=0.00s Real=0.15s
. (rIR:aIR:PR = 7472:7451:7451) (tPR = 110947) [OK] 
  4715s: Performance info:
         Transaction,    Success,    Partial,     Failed,   Receipts, AvgBarcode, 
             Overall,     453904,          0,          0,     431227,      59.48, 
         Response times:
             Request,    Success,    Partial,     Failed,   SkipFail,     Probes,    Samples,      min,      p50,      p90,      p95,      p99,      max, 
       TotalPurchase,     431228,          0,          0,          0,     364704,     421432,      300,     4900,     9500,    15500,    60000,   352000,
     InStorePurchase,     227283,          0,          0,          0,     192027,     221625,      300,     4800,     9500,    15300,    59000,   352000,
      OnlinePurchase,     158709,          0,          0,          0,     134401,     155008,      400,     5000,     9500,    15700,    61000,   352000,
        InstPurchase,      45236,          0,          0,          0,      38276,      44799,      400,     5000,     9600,    16400,    61000,   334000,
          AssocOfCat,        455,          0,          0,          0,        364,        503,    29000,    38000,    55000,    67000,   119760,   294000,
      AssocOfProduct,       4537,          0,          0,          0,       4225,       5078,      800,     5400,     9510,    19510,    62210,   290000,
      BusinessReport,       1133,          0,          0,          0,       1029,       1349,    31000,    45000,    63000,    83500,   159500,   245000,
          CustBuyBeh,       4533,          0,          0,          0,       4251,       5155,      200,     4800,     9600,    13520,    47440,   159000,
       ProductReturn,      12018,          0,          0,          0,      10361,      12259,      200,     4700,     9100,    14700,    61000,   352000,

  4715s: (55%)   IR =   7610 ....[4720.225s][info][gc,start       ] GC(613) Pause Young (Normal) (G1 Evacuation Pause)
[4720.225s][info][gc,task        ] GC(613) Using 8 workers of 8 for evacuation
[4720.378s][info][gc,phases      ] GC(613)   Pre Evacuate Collection Set: 0.26ms
[4720.378s][info][gc,phases      ] GC(613)   Merge Heap Roots: 0.64ms
[4720.378s][info][gc,phases      ] GC(613)   Evacuate Collection Set: 149.77ms
[4720.378s][info][gc,phases      ] GC(613)   Post Evacuate Collection Set: 1.10ms
[4720.378s][info][gc,phases      ] GC(613)   Other: 0.82ms
[4720.378s][info][gc,heap        ] GC(613) Eden regions: 571->0(571)
[4720.378s][info][gc,heap        ] GC(613) Survivor regions: 43->43(77)
[4720.378s][info][gc,heap        ] GC(613) Old regions: 265->272
[4720.378s][info][gc,heap        ] GC(613) Humongous regions: 33->33
[4720.378s][info][gc,metaspace   ] GC(613) Metaspace: 30018K(30528K)->30018K(30528K) NonClass: 26617K(26880K)->26617K(26880K) Class: 3400K(3648K)->3400K(3648K)
[4720.378s][info][gc             ] GC(613) Pause Young (Normal) (G1 Evacuation Pause) 7279M->2771M(8192M) 152.737ms
[4720.378s][info][gc,cpu         ] GC(613) User=1.20s Sys=0.00s Real=0.16s
....|.[4725.197s][info][gc,start       ] GC(614) Pause Young (Normal) (G1 Evacuation Pause)
[4725.197s][info][gc,task        ] GC(614) Using 8 workers of 8 for evacuation
[4725.346s][info][gc,phases      ] GC(614)   Pre Evacuate Collection Set: 0.26ms
[4725.346s][info][gc,phases      ] GC(614)   Merge Heap Roots: 0.59ms
[4725.346s][info][gc,phases      ] GC(614)   Evacuate Collection Set: 146.43ms
[4725.346s][info][gc,phases      ] GC(614)   Post Evacuate Collection Set: 1.11ms
[4725.346s][info][gc,phases      ] GC(614)   Other: 0.07ms
[4725.346s][info][gc,heap        ] GC(614) Eden regions: 571->0(570)
[4725.346s][info][gc,heap        ] GC(614) Survivor regions: 43->44(77)
[4725.346s][info][gc,heap        ] GC(614) Old regions: 272->279
[4725.346s][info][gc,heap        ] GC(614) Humongous regions: 33->33
[4725.346s][info][gc,metaspace   ] GC(614) Metaspace: 30018K(30528K)->30018K(30528K) NonClass: 26617K(26880K)->26617K(26880K) Class: 3400K(3648K)->3400K(3648K)
[4725.346s][info][gc             ] GC(614) Pause Young (Normal) (G1 Evacuation Pause) 7339M->2831M(8192M) 148.627ms
[4725.346s][info][gc,cpu         ] GC(614) User=1.18s Sys=0.00s Real=0.14s
.....[4730.254s][info][gc,start       ] GC(615) Pause Young (Normal) (G1 Evacuation Pause)
[4730.254s][info][gc,task        ] GC(615) Using 8 workers of 8 for evacuation
[4730.410s][info][gc,phases      ] GC(615)   Pre Evacuate Collection Set: 0.25ms
[4730.410s][info][gc,phases      ] GC(615)   Merge Heap Roots: 0.53ms
[4730.410s][info][gc,phases      ] GC(615)   Evacuate Collection Set: 154.55ms
[4730.410s][info][gc,phases      ] GC(615)   Post Evacuate Collection Set: 1.10ms
[4730.410s][info][gc,phases      ] GC(615)   Other: 0.06ms
[4730.410s][info][gc,heap        ] GC(615) Eden regions: 570->0(564)
[4730.410s][info][gc,heap        ] GC(615) Survivor regions: 44->44(77)
[4730.410s][info][gc,heap        ] GC(615) Old regions: 279->287
[4730.410s][info][gc,heap        ] GC(615) Humongous regions: 33->33
[4730.410s][info][gc,metaspace   ] GC(615) Metaspace: 30018K(30528K)->30018K(30528K) NonClass: 26617K(26880K)->26617K(26880K) Class: 3400K(3648K)->3400K(3648K)
[4730.410s][info][gc             ] GC(615) Pause Young (Normal) (G1 Evacuation Pause) 7391M->2893M(8192M) 156.623ms
[4730.410s][info][gc,cpu         ] GC(615) User=1.24s Sys=0.00s Real=0.16s
.....[4735.278s][info][gc,start       ] GC(616) Pause Young (Normal) (G1 Evacuation Pause)
[4735.278s][info][gc,task        ] GC(616) Using 8 workers of 8 for evacuation
[4735.427s][info][gc,phases      ] GC(616)   Pre Evacuate Collection Set: 0.25ms
[4735.427s][info][gc,phases      ] GC(616)   Merge Heap Roots: 0.53ms
[4735.427s][info][gc,phases      ] GC(616)   Evacuate Collection Set: 146.59ms
[4735.427s][info][gc,phases      ] GC(616)   Post Evacuate Collection Set: 1.09ms
[4735.427s][info][gc,phases      ] GC(616)   Other: 0.06ms
[4735.427s][info][gc,heap        ] GC(616) Eden regions: 564->0(559)
[4735.427s][info][gc,heap        ] GC(616) Survivor regions: 44->43(76)
[4735.427s][info][gc,heap        ] GC(616) Old regions: 287->294
[4735.427s][info][gc,heap        ] GC(616) Humongous regions: 33->33
[4735.427s][info][gc,metaspace   ] GC(616) Metaspace: 30018K(30528K)->30018K(30528K) NonClass: 26617K(26880K)->26617K(26880K) Class: 3400K(3648K)->3400K(3648K)
[4735.427s][info][gc             ] GC(616) Pause Young (Normal) (G1 Evacuation Pause) 7405M->2946M(8192M) 148.656ms
[4735.427s][info][gc,cpu         ] GC(616) User=1.18s Sys=0.00s Real=0.15s
.....[4740.167s][info][gc,start       ] GC(617) Pause Young (Normal) (G1 Evacuation Pause)
[4740.167s][info][gc,task        ] GC(617) Using 8 workers of 8 for evacuation
[4740.316s][info][gc,phases      ] GC(617)   Pre Evacuate Collection Set: 0.27ms
[4740.316s][info][gc,phases      ] GC(617)   Merge Heap Roots: 0.52ms
[4740.316s][info][gc,phases      ] GC(617)   Evacuate Collection Set: 146.66ms
[4740.316s][info][gc,phases      ] GC(617)   Post Evacuate Collection Set: 1.13ms
[4740.316s][info][gc,phases      ] GC(617)   Other: 0.07ms
[4740.316s][info][gc,heap        ] GC(617) Eden regions: 559->0(554)
[4740.316s][info][gc,heap        ] GC(617) Survivor regions: 43->42(76)
[4740.316s][info][gc,heap        ] GC(617) Old regions: 294->301
[4740.316s][info][gc,heap        ] GC(617) Humongous regions: 33->33
[4740.316s][info][gc,metaspace   ] GC(617) Metaspace: 30018K(30528K)->30018K(30528K) NonClass: 26617K(26880K)->26617K(26880K) Class: 3400K(3648K)->3400K(3648K)
[4740.316s][info][gc             ] GC(617) Pause Young (Normal) (G1 Evacuation Pause) 7418M->2995M(8192M) 148.772ms
[4740.316s][info][gc,cpu         ] GC(617) User=1.18s Sys=0.00s Real=0.15s
.....[4745.180s][info][gc,start       ] GC(618) Pause Young (Normal) (G1 Evacuation Pause)
[4745.180s][info][gc,task        ] GC(618) Using 8 workers of 8 for evacuation
[4745.327s][info][gc,phases      ] GC(618)   Pre Evacuate Collection Set: 0.24ms
[4745.327s][info][gc,phases      ] GC(618)   Merge Heap Roots: 0.52ms
[4745.327s][info][gc,phases      ] GC(618)   Evacuate Collection Set: 145.81ms
[4745.328s][info][gc,phases      ] GC(618)   Post Evacuate Collection Set: 1.08ms
[4745.328s][info][gc,phases      ] GC(618)   Other: 0.06ms
[4745.328s][info][gc,heap        ] GC(618) Eden regions: 554->0(544)
[4745.328s][info][gc,heap        ] GC(618) Survivor regions: 42->43(75)
[4745.328s][info][gc,heap        ] GC(618) Old regions: 301->309
[4745.328s][info][gc,heap        ] GC(618) Humongous regions: 33->33
[4745.328s][info][gc,metaspace   ] GC(618) Metaspace: 30018K(30528K)->30018K(30528K) NonClass: 26617K(26880K)->26617K(26880K) Class: 3400K(3648K)->3400K(3648K)
[4745.328s][info][gc             ] GC(618) Pause Young (Normal) (G1 Evacuation Pause) 7427M->3059M(8192M) 147.852ms
[4745.328s][info][gc,cpu         ] GC(618) User=1.17s Sys=0.00s Real=0.15s
.....[4749.945s][info][gc,start       ] GC(619) Pause Young (Concurrent Start) (G1 Evacuation Pause)
[4749.946s][info][gc,task        ] GC(619) Using 8 workers of 8 for evacuation
[4750.093s][info][gc,phases      ] GC(619)   Pre Evacuate Collection Set: 0.28ms
[4750.093s][info][gc,phases      ] GC(619)   Merge Heap Roots: 0.52ms
[4750.093s][info][gc,phases      ] GC(619)   Evacuate Collection Set: 145.61ms
[4750.093s][info][gc,phases      ] GC(619)   Post Evacuate Collection Set: 1.04ms
[4750.093s][info][gc,phases      ] GC(619)   Other: 0.10ms
[4750.093s][info][gc,heap        ] GC(619) Eden regions: 544->0(539)
[4750.093s][info][gc,heap        ] GC(619) Survivor regions: 43->42(74)
[4750.093s][info][gc,heap        ] GC(619) Old regions: 309->316
[4750.093s][info][gc,heap        ] GC(619) Humongous regions: 33->33
[4750.093s][info][gc,metaspace   ] GC(619) Metaspace: 30018K(30528K)->30018K(30528K) NonClass: 26617K(26880K)->26617K(26880K) Class: 3400K(3648K)->3400K(3648K)
[4750.093s][info][gc             ] GC(619) Pause Young (Concurrent Start) (G1 Evacuation Pause) 7411M->3114M(8192M) 147.655ms
[4750.093s][info][gc             ] GC(620) Concurrent Mark Cycle
[4750.093s][info][gc,marking     ] GC(620) Concurrent Scan Root Regions
[4750.093s][info][gc,cpu         ] GC(619) User=1.17s Sys=0.00s Real=0.15s
.[4750.447s][info][gc,marking     ] GC(620) Concurrent Scan Root Regions 353.757ms
[4750.447s][info][gc,marking     ] GC(620) Concurrent Mark
[4750.447s][info][gc,marking     ] GC(620) Concurrent Mark From Roots
[4750.447s][info][gc,task        ] GC(620) Using 2 workers of 2 for marking
[4751.372s][info][gc,marking     ] GC(620) Concurrent Mark From Roots 925.000ms
[4751.372s][info][gc,marking     ] GC(620) Concurrent Preclean
[4751.372s][info][gc,marking     ] GC(620) Concurrent Preclean 0.109ms
[4751.372s][info][gc,start       ] GC(620) Pause Remark
[4751.374s][info][gc             ] GC(620) Pause Remark 4391M->3871M(8192M) 2.124ms
[4751.374s][info][gc,cpu         ] GC(620) User=0.02s Sys=0.00s Real=0.00s
[4751.375s][info][gc,marking     ] GC(620) Concurrent Mark 927.529ms
[4751.375s][info][gc,marking     ] GC(620) Concurrent Rebuild Remembered Sets and Scrub Regions
.[4751.793s][info][gc,marking     ] GC(620) Concurrent Rebuild Remembered Sets and Scrub Regions 418.731ms
[4751.793s][info][gc,start       ] GC(620) Pause Cleanup
[4751.794s][info][gc             ] GC(620) Pause Cleanup 4234M->4234M(8192M) 0.260ms
[4751.794s][info][gc,cpu         ] GC(620) User=0.01s Sys=0.00s Real=0.00s
[4751.794s][info][gc,marking     ] GC(620) Concurrent Clear Claimed Marks
[4751.794s][info][gc,marking     ] GC(620) Concurrent Clear Claimed Marks 0.046ms
[4751.794s][info][gc,marking     ] GC(620) Concurrent Cleanup for Next Mark
[4751.808s][info][gc,marking     ] GC(620) Concurrent Cleanup for Next Mark 14.568ms
[4751.808s][info][gc             ] GC(620) Concurrent Mark Cycle 1715.266ms
...[4754.776s][info][gc,start       ] GC(621) Pause Young (Prepare Mixed) (G1 Evacuation Pause)
[4754.776s][info][gc,task        ] GC(621) Using 8 workers of 8 for evacuation
[4754.927s][info][gc,phases      ] GC(621)   Pre Evacuate Collection Set: 0.24ms
[4754.927s][info][gc,phases      ] GC(621)   Merge Heap Roots: 0.69ms
[4754.927s][info][gc,phases      ] GC(621)   Evacuate Collection Set: 148.82ms
[4754.927s][info][gc,phases      ] GC(621)   Post Evacuate Collection Set: 1.13ms
[4754.927s][info][gc,phases      ] GC(621)   Other: 0.07ms
[4754.927s][info][gc,heap        ] GC(621) Eden regions: 539->0(571)
[4754.927s][info][gc,heap        ] GC(621) Survivor regions: 42->43(73)
[4754.927s][info][gc,heap        ] GC(621) Old regions: 251->259
[4754.927s][info][gc,heap        ] GC(621) Humongous regions: 33->33
[4754.927s][info][gc,metaspace   ] GC(621) Metaspace: 30018K(30528K)->30018K(30528K) NonClass: 26617K(26880K)->26617K(26880K) Class: 3400K(3648K)->3400K(3648K)
[4754.927s][info][gc             ] GC(621) Pause Young (Prepare Mixed) (G1 Evacuation Pause) 6906M->2665M(8192M) 151.086ms
[4754.927s][info][gc,cpu         ] GC(621) User=1.20s Sys=0.00s Real=0.15s
.....[4759.774s][info][gc,start       ] GC(622) Pause Young (Mixed) (G1 Evacuation Pause)
[4759.774s][info][gc,task        ] GC(622) Using 8 workers of 8 for evacuation
[4759.932s][info][gc,phases      ] GC(622)   Pre Evacuate Collection Set: 0.30ms
[4759.932s][info][gc,phases      ] GC(622)   Merge Heap Roots: 0.74ms
[4759.932s][info][gc,phases      ] GC(622)   Evacuate Collection Set: 155.72ms
[4759.932s][info][gc,phases      ] GC(622)   Post Evacuate Collection Set: 1.30ms
[4759.932s][info][gc,phases      ] GC(622)   Other: 0.08ms
[4759.932s][info][gc,heap        ] GC(622) Eden regions: 571->0(571)
[4759.932s][info][gc,heap        ] GC(622) Survivor regions: 43->43(77)
[4759.932s][info][gc,heap        ] GC(622) Old regions: 259->164
[4759.932s][info][gc,heap        ] GC(622) Humongous regions: 33->33
[4759.932s][info][gc,metaspace   ] GC(622) Metaspace: 30018K(30528K)->30018K(30528K) NonClass: 26617K(26880K)->26617K(26880K) Class: 3400K(3648K)->3400K(3648K)
[4759.932s][info][gc             ] GC(622) Pause Young (Mixed) (G1 Evacuation Pause) 7233M->1905M(8192M) 158.279ms
[4759.932s][info][gc,cpu         ] GC(622) User=1.25s Sys=0.00s Real=0.16s
.....[4764.925s][info][gc,start       ] GC(623) Pause Young (Mixed) (G1 Evacuation Pause)
[4764.925s][info][gc,task        ] GC(623) Using 8 workers of 8 for evacuation
[4765.083s][info][gc,phases      ] GC(623)   Pre Evacuate Collection Set: 0.26ms
[4765.083s][info][gc,phases      ] GC(623)   Merge Heap Roots: 0.78ms
[4765.083s][info][gc,phases      ] GC(623)   Evacuate Collection Set: 155.81ms
[4765.083s][info][gc,phases      ] GC(623)   Post Evacuate Collection Set: 1.08ms
[4765.083s][info][gc,phases      ] GC(623)   Other: 0.07ms
[4765.083s][info][gc,heap        ] GC(623) Eden regions: 571->0(571)
[4765.083s][info][gc,heap        ] GC(623) Survivor regions: 43->43(77)
[4765.083s][info][gc,heap        ] GC(623) Old regions: 164->143
[4765.083s][info][gc,heap        ] GC(623) Humongous regions: 33->33
[4765.083s][info][gc,metaspace   ] GC(623) Metaspace: 30018K(30528K)->30018K(30528K) NonClass: 26617K(26880K)->26617K(26880K) Class: 3400K(3648K)->3400K(3648K)
[4765.083s][info][gc             ] GC(623) Pause Young (Mixed) (G1 Evacuation Pause) 6473M->1739M(8192M) 158.135ms
[4765.083s][info][gc,cpu         ] GC(623) User=1.25s Sys=0.01s Real=0.16s
.....[4769.946s][info][gc,start       ] GC(624) Pause Young (Normal) (G1 Evacuation Pause)
[4769.946s][info][gc,task        ] GC(624) Using 8 workers of 8 for evacuation
[4770.093s][info][gc,phases      ] GC(624)   Pre Evacuate Collection Set: 0.27ms
[4770.093s][info][gc,phases      ] GC(624)   Merge Heap Roots: 0.51ms
[4770.093s][info][gc,phases      ] GC(624)   Evacuate Collection Set: 145.57ms
[4770.093s][info][gc,phases      ] GC(624)   Post Evacuate Collection Set: 1.07ms
[4770.093s][info][gc,phases      ] GC(624)   Other: 0.06ms
[4770.093s][info][gc,heap        ] GC(624) Eden regions: 571->0(572)
[4770.093s][info][gc,heap        ] GC(624) Survivor regions: 43->42(77)
[4770.093s][info][gc,heap        ] GC(624) Old regions: 143->151
[4770.093s][info][gc,heap        ] GC(624) Humongous regions: 33->33
[4770.093s][info][gc,metaspace   ] GC(624) Metaspace: 30018K(30528K)->30018K(30528K) NonClass: 26617K(26880K)->26617K(26880K) Class: 3400K(3648K)->3400K(3648K)
[4770.093s][info][gc             ] GC(624) Pause Young (Normal) (G1 Evacuation Pause) 6307M->1789M(8192M) 147.626ms
[4770.093s][info][gc,cpu         ] GC(624) User=1.17s Sys=0.00s Real=0.15s
.....[4774.952s][info][gc,start       ] GC(625) Pause Young (Normal) (G1 Evacuation Pause)
[4774.952s][info][gc,task        ] GC(625) Using 8 workers of 8 for evacuation
[4775.101s][info][gc,phases      ] GC(625)   Pre Evacuate Collection Set: 0.25ms
[4775.102s][info][gc,phases      ] GC(625)   Merge Heap Roots: 0.63ms
[4775.102s][info][gc,phases      ] GC(625)   Evacuate Collection Set: 147.20ms
[4775.102s][info][gc,phases      ] GC(625)   Post Evacuate Collection Set: 1.08ms
[4775.102s][info][gc,phases      ] GC(625)   Other: 0.06ms
[4775.102s][info][gc,heap        ] GC(625) Eden regions: 572->0(572)
[4775.102s][info][gc,heap        ] GC(625) Survivor regions: 42->42(77)
[4775.102s][info][gc,heap        ] GC(625) Old regions: 151->158
[4775.102s][info][gc,heap        ] GC(625) Humongous regions: 33->33
[4775.102s][info][gc,metaspace   ] GC(625) Metaspace: 30018K(30528K)->30018K(30528K) NonClass: 26617K(26880K)->26617K(26880K) Class: 3400K(3648K)->3400K(3648K)
[4775.102s][info][gc             ] GC(625) Pause Young (Normal) (G1 Evacuation Pause) 6365M->1846M(8192M) 149.342ms
[4775.102s][info][gc,cpu         ] GC(625) User=1.18s Sys=0.00s Real=0.15s
.....[4779.981s][info][gc,start       ] GC(626) Pause Young (Normal) (G1 Evacuation Pause)
[4779.981s][info][gc,task        ] GC(626) Using 8 workers of 8 for evacuation
[4780.128s][info][gc,phases      ] GC(626)   Pre Evacuate Collection Set: 0.28ms
[4780.128s][info][gc,phases      ] GC(626)   Merge Heap Roots: 0.58ms
[4780.128s][info][gc,phases      ] GC(626)   Evacuate Collection Set: 145.61ms
[4780.128s][info][gc,phases      ] GC(626)   Post Evacuate Collection Set: 1.03ms
[4780.128s][info][gc,phases      ] GC(626)   Other: 0.07ms
[4780.128s][info][gc,heap        ] GC(626) Eden regions: 572->0(572)
[4780.128s][info][gc,heap        ] GC(626) Survivor regions: 42->42(77)
[4780.128s][info][gc,heap        ] GC(626) Old regions: 158->165
[4780.128s][info][gc,heap        ] GC(626) Humongous regions: 33->33
[4780.128s][info][gc,metaspace   ] GC(626) Metaspace: 30018K(30528K)->30018K(30528K) NonClass: 26617K(26880K)->26617K(26880K) Class: 3400K(3648K)->3400K(3648K)
[4780.128s][info][gc             ] GC(626) Pause Young (Normal) (G1 Evacuation Pause) 6422M->1903M(8192M) 147.710ms
[4780.128s][info][gc,cpu         ] GC(626) User=1.17s Sys=0.00s Real=0.15s
.... (rIR:aIR:PR = 7610:7605:7605) (tPR = 113230) [OK] 
  4783s: Performance info:
         Transaction,    Success,    Partial,     Failed,   Receipts, AvgBarcode, 
             Overall,     456798,          0,          0,     433954,      59.48, 
         Response times:
             Request,    Success,    Partial,     Failed,   SkipFail,     Probes,    Samples,      min,      p50,      p90,      p95,      p99,      max, 
       TotalPurchase,     433954,          0,          0,          0,     357331,     409011,      400,     5200,    10500,    19100,    70000,   610000,
     InStorePurchase,     228316,          0,          0,          0,     188280,     214926,      400,     5100,    10500,    19200,    70000,   610000,
      OnlinePurchase,     159949,          0,          0,          0,     131590,     151025,      400,     5300,    10500,    19400,    69000,   610000,
        InstPurchase,      45689,          0,          0,          0,      37461,      43060,      400,     5300,    10600,    17900,    76000,   610000,
          AssocOfCat,        455,          0,          0,          0,        366,        524,    29000,    40000,    59000,    83750,   173000,   221000,
      AssocOfProduct,       4568,          0,          0,          0,       4336,       5134,      700,     5800,    11000,    18925,    78000,   243000,
      BusinessReport,       1147,          0,          0,          0,       1014,       1283,    32000,    45000,    67600,    85800,   146160,   216000,
          CustBuyBeh,       4566,          0,          0,          0,       4268,       5093,      200,     5200,    10700,    16130,    66000,   290000,
       ProductReturn,      12108,          0,          0,          0,       9301,      10982,      200,     4900,    10100,    17700,    69000,   610000,

  4783s: (56%)   IR =   7749 .[4785.018s][info][gc,start       ] GC(627) Pause Young (Normal) (G1 Evacuation Pause)
[4785.018s][info][gc,task        ] GC(627) Using 8 workers of 8 for evacuation
[4785.166s][info][gc,phases      ] GC(627)   Pre Evacuate Collection Set: 0.26ms
[4785.166s][info][gc,phases      ] GC(627)   Merge Heap Roots: 0.55ms
[4785.167s][info][gc,phases      ] GC(627)   Evacuate Collection Set: 146.34ms
[4785.167s][info][gc,phases      ] GC(627)   Post Evacuate Collection Set: 1.03ms
[4785.167s][info][gc,phases      ] GC(627)   Other: 0.08ms
[4785.167s][info][gc,heap        ] GC(627) Eden regions: 572->0(571)
[4785.167s][info][gc,heap        ] GC(627) Survivor regions: 42->43(77)
[4785.167s][info][gc,heap        ] GC(627) Old regions: 165->172
[4785.167s][info][gc,heap        ] GC(627) Humongous regions: 33->33
[4785.167s][info][gc,metaspace   ] GC(627) Metaspace: 30018K(30528K)->30018K(30528K) NonClass: 26617K(26880K)->26617K(26880K) Class: 3400K(3648K)->3400K(3648K)
[4785.167s][info][gc             ] GC(627) Pause Young (Normal) (G1 Evacuation Pause) 6479M->1965M(8192M) 148.382ms
[4785.167s][info][gc,cpu         ] GC(627) User=1.18s Sys=0.00s Real=0.15s
.....[4790.013s][info][gc,start       ] GC(628) Pause Young (Normal) (G1 Evacuation Pause)
[4790.013s][info][gc,task        ] GC(628) Using 8 workers of 8 for evacuation
[4790.162s][info][gc,phases      ] GC(628)   Pre Evacuate Collection Set: 0.27ms
[4790.162s][info][gc,phases      ] GC(628)   Merge Heap Roots: 0.52ms
[4790.162s][info][gc,phases      ] GC(628)   Evacuate Collection Set: 146.52ms
[4790.162s][info][gc,phases      ] GC(628)   Post Evacuate Collection Set: 1.15ms
[4790.162s][info][gc,phases      ] GC(628)   Other: 0.06ms
[4790.162s][info][gc,heap        ] GC(628) Eden regions: 571->0(572)
[4790.162s][info][gc,heap        ] GC(628) Survivor regions: 43->42(77)
[4790.162s][info][gc,heap        ] GC(628) Old regions: 172->179
[4790.162s][info][gc,heap        ] GC(628) Humongous regions: 33->33
[4790.162s][info][gc,metaspace   ] GC(628) Metaspace: 30018K(30528K)->30018K(30528K) NonClass: 26617K(26880K)->26617K(26880K) Class: 3400K(3648K)->3400K(3648K)
[4790.162s][info][gc             ] GC(628) Pause Young (Normal) (G1 Evacuation Pause) 6533M->2018M(8192M) 148.664ms
[4790.162s][info][gc,cpu         ] GC(628) User=1.18s Sys=0.01s Real=0.15s
...|..[4795.021s][info][gc,start       ] GC(629) Pause Young (Normal) (G1 Evacuation Pause)
[4795.021s][info][gc,task        ] GC(629) Using 8 workers of 8 for evacuation
[4795.169s][info][gc,phases      ] GC(629)   Pre Evacuate Collection Set: 0.25ms
[4795.169s][info][gc,phases      ] GC(629)   Merge Heap Roots: 0.59ms
[4795.169s][info][gc,phases      ] GC(629)   Evacuate Collection Set: 145.75ms
[4795.169s][info][gc,phases      ] GC(629)   Post Evacuate Collection Set: 1.08ms
[4795.169s][info][gc,phases      ] GC(629)   Other: 0.06ms
[4795.169s][info][gc,heap        ] GC(629) Eden regions: 572->0(572)
[4795.169s][info][gc,heap        ] GC(629) Survivor regions: 42->42(77)
[4795.169s][info][gc,heap        ] GC(629) Old regions: 179->186
[4795.169s][info][gc,heap        ] GC(629) Humongous regions: 33->33
[4795.169s][info][gc,metaspace   ] GC(629) Metaspace: 30018K(30528K)->30018K(30528K) NonClass: 26617K(26880K)->26617K(26880K) Class: 3400K(3648K)->3400K(3648K)
[4795.169s][info][gc             ] GC(629) Pause Young (Normal) (G1 Evacuation Pause) 6594M->2071M(8192M) 147.879ms
[4795.169s][info][gc,cpu         ] GC(629) User=1.17s Sys=0.00s Real=0.15s
.....[4799.954s][info][gc,start       ] GC(630) Pause Young (Normal) (G1 Evacuation Pause)
[4799.954s][info][gc,task        ] GC(630) Using 8 workers of 8 for evacuation
[4800.103s][info][gc,phases      ] GC(630)   Pre Evacuate Collection Set: 0.26ms
[4800.103s][info][gc,phases      ] GC(630)   Merge Heap Roots: 0.60ms
[4800.103s][info][gc,phases      ] GC(630)   Evacuate Collection Set: 146.26ms
[4800.103s][info][gc,phases      ] GC(630)   Post Evacuate Collection Set: 1.05ms
[4800.103s][info][gc,phases      ] GC(630)   Other: 0.06ms
[4800.103s][info][gc,heap        ] GC(630) Eden regions: 572->0(571)
[4800.103s][info][gc,heap        ] GC(630) Survivor regions: 42->43(77)
[4800.103s][info][gc,heap        ] GC(630) Old regions: 186->193
[4800.103s][info][gc,heap        ] GC(630) Humongous regions: 33->33
[4800.103s][info][gc,metaspace   ] GC(630) Metaspace: 30018K(30528K)->30018K(30528K) NonClass: 26617K(26880K)->26617K(26880K) Class: 3400K(3648K)->3400K(3648K)
[4800.103s][info][gc             ] GC(630) Pause Young (Normal) (G1 Evacuation Pause) 6647M->2135M(8192M) 148.364ms
[4800.103s][info][gc,cpu         ] GC(630) User=1.18s Sys=0.00s Real=0.15s
.....[4804.871s][info][gc,start       ] GC(631) Pause Young (Normal) (G1 Evacuation Pause)
[4804.871s][info][gc,task        ] GC(631) Using 8 workers of 8 for evacuation
[4805.024s][info][gc,phases      ] GC(631)   Pre Evacuate Collection Set: 0.25ms
[4805.024s][info][gc,phases      ] GC(631)   Merge Heap Roots: 0.54ms
[4805.024s][info][gc,phases      ] GC(631)   Evacuate Collection Set: 151.31ms
[4805.024s][info][gc,phases      ] GC(631)   Post Evacuate Collection Set: 1.07ms
[4805.024s][info][gc,phases      ] GC(631)   Other: 0.06ms
[4805.024s][info][gc,heap        ] GC(631) Eden regions: 571->0(570)
[4805.024s][info][gc,heap        ] GC(631) Survivor regions: 43->44(77)
[4805.024s][info][gc,heap        ] GC(631) Old regions: 193->200
[4805.024s][info][gc,heap        ] GC(631) Humongous regions: 33->33
[4805.024s][info][gc,metaspace   ] GC(631) Metaspace: 30018K(30528K)->30018K(30528K) NonClass: 26617K(26880K)->26617K(26880K) Class: 3400K(3648K)->3400K(3648K)
[4805.024s][info][gc             ] GC(631) Pause Young (Normal) (G1 Evacuation Pause) 6703M->2203M(8192M) 153.346ms
[4805.024s][info][gc,cpu         ] GC(631) User=1.21s Sys=0.00s Real=0.15s
.....[4809.887s][info][gc,start       ] GC(632) Pause Young (Normal) (G1 Evacuation Pause)
[4809.887s][info][gc,task        ] GC(632) Using 8 workers of 8 for evacuation
[4810.044s][info][gc,phases      ] GC(632)   Pre Evacuate Collection Set: 0.27ms
[4810.044s][info][gc,phases      ] GC(632)   Merge Heap Roots: 0.54ms
[4810.044s][info][gc,phases      ] GC(632)   Evacuate Collection Set: 154.88ms
[4810.044s][info][gc,phases      ] GC(632)   Post Evacuate Collection Set: 1.05ms
[4810.044s][info][gc,phases      ] GC(632)   Other: 0.07ms
[4810.044s][info][gc,heap        ] GC(632) Eden regions: 570->0(570)
[4810.044s][info][gc,heap        ] GC(632) Survivor regions: 44->44(77)
[4810.044s][info][gc,heap        ] GC(632) Old regions: 200->207
[4810.044s][info][gc,heap        ] GC(632) Humongous regions: 33->33
[4810.044s][info][gc,metaspace   ] GC(632) Metaspace: 30018K(30528K)->30018K(30528K) NonClass: 26617K(26880K)->26617K(26880K) Class: 3400K(3648K)->3400K(3648K)
[4810.044s][info][gc             ] GC(632) Pause Young (Normal) (G1 Evacuation Pause) 6763M->2259M(8192M) 156.936ms
[4810.044s][info][gc,cpu         ] GC(632) User=1.23s Sys=0.01s Real=0.15s
.....[4814.746s][info][gc,start       ] GC(633) Pause Young (Normal) (G1 Evacuation Pause)
[4814.746s][info][gc,task        ] GC(633) Using 8 workers of 8 for evacuation
[4814.899s][info][gc,phases      ] GC(633)   Pre Evacuate Collection Set: 0.22ms
[4814.899s][info][gc,phases      ] GC(633)   Merge Heap Roots: 0.53ms
[4814.899s][info][gc,phases      ] GC(633)   Evacuate Collection Set: 150.64ms
[4814.899s][info][gc,phases      ] GC(633)   Post Evacuate Collection Set: 1.06ms
[4814.899s][info][gc,phases      ] GC(633)   Other: 0.06ms
[4814.899s][info][gc,heap        ] GC(633) Eden regions: 570->0(570)
[4814.899s][info][gc,heap        ] GC(633) Survivor regions: 44->44(77)
[4814.899s][info][gc,heap        ] GC(633) Old regions: 207->215
[4814.899s][info][gc,heap        ] GC(633) Humongous regions: 33->33
[4814.899s][info][gc,metaspace   ] GC(633) Metaspace: 30018K(30528K)->30018K(30528K) NonClass: 26617K(26880K)->26617K(26880K) Class: 3400K(3648K)->3400K(3648K)
[4814.899s][info][gc             ] GC(633) Pause Young (Normal) (G1 Evacuation Pause) 6819M->2313M(8192M) 152.644ms
[4814.899s][info][gc,cpu         ] GC(633) User=1.21s Sys=0.00s Real=0.15s
.....[4819.721s][info][gc,start       ] GC(634) Pause Young (Normal) (G1 Evacuation Pause)
[4819.721s][info][gc,task        ] GC(634) Using 8 workers of 8 for evacuation
[4819.875s][info][gc,phases      ] GC(634)   Pre Evacuate Collection Set: 0.24ms
[4819.875s][info][gc,phases      ] GC(634)   Merge Heap Roots: 0.53ms
[4819.875s][info][gc,phases      ] GC(634)   Evacuate Collection Set: 152.07ms
[4819.875s][info][gc,phases      ] GC(634)   Post Evacuate Collection Set: 1.08ms
[4819.875s][info][gc,phases      ] GC(634)   Other: 0.07ms
[4819.875s][info][gc,heap        ] GC(634) Eden regions: 570->0(570)
[4819.875s][info][gc,heap        ] GC(634) Survivor regions: 44->44(77)
[4819.875s][info][gc,heap        ] GC(634) Old regions: 215->222
[4819.875s][info][gc,heap        ] GC(634) Humongous regions: 33->33
[4819.875s][info][gc,metaspace   ] GC(634) Metaspace: 30018K(30528K)->30018K(30528K) NonClass: 26617K(26880K)->26617K(26880K) Class: 3400K(3648K)->3400K(3648K)
[4819.875s][info][gc             ] GC(634) Pause Young (Normal) (G1 Evacuation Pause) 6873M->2374M(8192M) 154.126ms
[4819.875s][info][gc,cpu         ] GC(634) User=1.22s Sys=0.01s Real=0.15s
.....[4824.573s][info][gc,start       ] GC(635) Pause Young (Normal) (G1 Evacuation Pause)
[4824.573s][info][gc,task        ] GC(635) Using 8 workers of 8 for evacuation
[4824.725s][info][gc,phases      ] GC(635)   Pre Evacuate Collection Set: 0.27ms
[4824.725s][info][gc,phases      ] GC(635)   Merge Heap Roots: 0.57ms
[4824.725s][info][gc,phases      ] GC(635)   Evacuate Collection Set: 149.64ms
[4824.725s][info][gc,phases      ] GC(635)   Post Evacuate Collection Set: 1.08ms
[4824.725s][info][gc,phases      ] GC(635)   Other: 0.07ms
[4824.725s][info][gc,heap        ] GC(635) Eden regions: 570->0(571)
[4824.725s][info][gc,heap        ] GC(635) Survivor regions: 44->43(77)
[4824.725s][info][gc,heap        ] GC(635) Old regions: 222->229
[4824.725s][info][gc,heap        ] GC(635) Humongous regions: 33->33
[4824.725s][info][gc,metaspace   ] GC(635) Metaspace: 30018K(30528K)->30018K(30528K) NonClass: 26617K(26880K)->26617K(26880K) Class: 3400K(3648K)->3400K(3648K)
[4824.725s][info][gc             ] GC(635) Pause Young (Normal) (G1 Evacuation Pause) 6934M->2423M(8192M) 151.771ms
[4824.725s][info][gc,cpu         ] GC(635) User=1.20s Sys=0.00s Real=0.15s
....[4829.448s][info][gc,start       ] GC(636) Pause Young (Normal) (G1 Evacuation Pause)
[4829.448s][info][gc,task        ] GC(636) Using 8 workers of 8 for evacuation
[4829.601s][info][gc,phases      ] GC(636)   Pre Evacuate Collection Set: 0.24ms
[4829.601s][info][gc,phases      ] GC(636)   Merge Heap Roots: 0.53ms
[4829.601s][info][gc,phases      ] GC(636)   Evacuate Collection Set: 150.83ms
[4829.601s][info][gc,phases      ] GC(636)   Post Evacuate Collection Set: 1.04ms
[4829.601s][info][gc,phases      ] GC(636)   Other: 0.06ms
[4829.601s][info][gc,heap        ] GC(636) Eden regions: 571->0(571)
[4829.601s][info][gc,heap        ] GC(636) Survivor regions: 43->43(77)
[4829.601s][info][gc,heap        ] GC(636) Old regions: 229->236
[4829.601s][info][gc,heap        ] GC(636) Humongous regions: 33->33
[4829.601s][info][gc,metaspace   ] GC(636) Metaspace: 30018K(30528K)->30018K(30528K) NonClass: 26617K(26880K)->26617K(26880K) Class: 3400K(3648K)->3400K(3648K)
[4829.601s][info][gc             ] GC(636) Pause Young (Normal) (G1 Evacuation Pause) 6991M->2483M(8192M) 152.842ms
[4829.601s][info][gc,cpu         ] GC(636) User=1.21s Sys=0.00s Real=0.15s
.....[4834.471s][info][gc,start       ] GC(637) Pause Young (Normal) (G1 Evacuation Pause)
[4834.471s][info][gc,task        ] GC(637) Using 8 workers of 8 for evacuation
[4834.626s][info][gc,phases      ] GC(637)   Pre Evacuate Collection Set: 0.24ms
[4834.626s][info][gc,phases      ] GC(637)   Merge Heap Roots: 0.54ms
[4834.626s][info][gc,phases      ] GC(637)   Evacuate Collection Set: 153.09ms
[4834.626s][info][gc,phases      ] GC(637)   Post Evacuate Collection Set: 1.08ms
[4834.626s][info][gc,phases      ] GC(637)   Other: 0.06ms
[4834.626s][info][gc,heap        ] GC(637) Eden regions: 571->0(571)
[4834.626s][info][gc,heap        ] GC(637) Survivor regions: 43->43(77)
[4834.626s][info][gc,heap        ] GC(637) Old regions: 236->244
[4834.626s][info][gc,heap        ] GC(637) Humongous regions: 33->33
[4834.626s][info][gc,metaspace   ] GC(637) Metaspace: 30018K(30528K)->30018K(30528K) NonClass: 26617K(26880K)->26617K(26880K) Class: 3400K(3648K)->3400K(3648K)
[4834.626s][info][gc             ] GC(637) Pause Young (Normal) (G1 Evacuation Pause) 7051M->2541M(8192M) 155.159ms
[4834.626s][info][gc,cpu         ] GC(637) User=1.23s Sys=0.00s Real=0.16s
.....[4839.365s][info][gc,start       ] GC(638) Pause Young (Normal) (G1 Evacuation Pause)
[4839.365s][info][gc,task        ] GC(638) Using 8 workers of 8 for evacuation
[4839.515s][info][gc,phases      ] GC(638)   Pre Evacuate Collection Set: 0.27ms
[4839.515s][info][gc,phases      ] GC(638)   Merge Heap Roots: 0.62ms
[4839.515s][info][gc,phases      ] GC(638)   Evacuate Collection Set: 148.73ms
[4839.515s][info][gc,phases      ] GC(638)   Post Evacuate Collection Set: 1.01ms
[4839.516s][info][gc,phases      ] GC(638)   Other: 0.07ms
[4839.516s][info][gc,heap        ] GC(638) Eden regions: 571->0(571)
[4839.516s][info][gc,heap        ] GC(638) Survivor regions: 43->43(77)
[4839.516s][info][gc,heap        ] GC(638) Old regions: 244->251
[4839.516s][info][gc,heap        ] GC(638) Humongous regions: 33->33
[4839.516s][info][gc,metaspace   ] GC(638) Metaspace: 30018K(30528K)->30018K(30528K) NonClass: 26617K(26880K)->26617K(26880K) Class: 3400K(3648K)->3400K(3648K)
[4839.516s][info][gc             ] GC(638) Pause Young (Normal) (G1 Evacuation Pause) 7109M->2599M(8192M) 150.826ms
[4839.516s][info][gc,cpu         ] GC(638) User=1.20s Sys=0.00s Real=0.15s
.....[4844.297s][info][gc,start       ] GC(639) Pause Young (Normal) (G1 Evacuation Pause)
[4844.297s][info][gc,task        ] GC(639) Using 8 workers of 8 for evacuation
[4844.445s][info][gc,phases      ] GC(639)   Pre Evacuate Collection Set: 0.25ms
[4844.445s][info][gc,phases      ] GC(639)   Merge Heap Roots: 0.53ms
[4844.445s][info][gc,phases      ] GC(639)   Evacuate Collection Set: 146.55ms
[4844.445s][info][gc,phases      ] GC(639)   Post Evacuate Collection Set: 1.07ms
[4844.445s][info][gc,phases      ] GC(639)   Other: 0.07ms
[4844.445s][info][gc,heap        ] GC(639) Eden regions: 571->0(572)
[4844.445s][info][gc,heap        ] GC(639) Survivor regions: 43->42(77)
[4844.445s][info][gc,heap        ] GC(639) Old regions: 251->258
[4844.445s][info][gc,heap        ] GC(639) Humongous regions: 33->33
[4844.445s][info][gc,metaspace   ] GC(639) Metaspace: 30018K(30528K)->30018K(30528K) NonClass: 26617K(26880K)->26617K(26880K) Class: 3400K(3648K)->3400K(3648K)
[4844.445s][info][gc             ] GC(639) Pause Young (Normal) (G1 Evacuation Pause) 7167M->2651M(8192M) 148.601ms
[4844.445s][info][gc,cpu         ] GC(639) User=1.17s Sys=0.00s Real=0.14s
.....[4849.184s][info][gc,start       ] GC(640) Pause Young (Normal) (G1 Evacuation Pause)
[4849.184s][info][gc,task        ] GC(640) Using 8 workers of 8 for evacuation
[4849.337s][info][gc,phases      ] GC(640)   Pre Evacuate Collection Set: 0.26ms
[4849.337s][info][gc,phases      ] GC(640)   Merge Heap Roots: 0.62ms
[4849.337s][info][gc,phases      ] GC(640)   Evacuate Collection Set: 151.36ms
[4849.337s][info][gc,phases      ] GC(640)   Post Evacuate Collection Set: 1.05ms
[4849.337s][info][gc,phases      ] GC(640)   Other: 0.06ms
[4849.337s][info][gc,heap        ] GC(640) Eden regions: 572->0(571)
[4849.337s][info][gc,heap        ] GC(640) Survivor regions: 42->43(77)
[4849.337s][info][gc,heap        ] GC(640) Old regions: 258->265
[4849.337s][info][gc,heap        ] GC(640) Humongous regions: 33->33
[4849.337s][info][gc,metaspace   ] GC(640) Metaspace: 30018K(30528K)->30018K(30528K) NonClass: 26617K(26880K)->26617K(26880K) Class: 3400K(3648K)->3400K(3648K)
[4849.337s][info][gc             ] GC(640) Pause Young (Normal) (G1 Evacuation Pause) 7227M->2715M(8192M) 153.505ms
[4849.337s][info][gc,cpu         ] GC(640) User=1.21s Sys=0.00s Real=0.16s
.... (rIR:aIR:PR = 7749:7763:7763) (tPR = 115692) [OK] 
  4852s: Performance info:
         Transaction,    Success,    Partial,     Failed,   Receipts, AvgBarcode, 
             Overall,     466636,          0,          0,     443231,      59.48, 
         Response times:
             Request,    Success,    Partial,     Failed,   SkipFail,     Probes,    Samples,      min,      p50,      p90,      p95,      p99,      max, 
       TotalPurchase,     443231,          0,          0,          0,     360505,     417339,      300,     5200,    10800,    31000,    88000,   380000,
     InStorePurchase,     233061,          0,          0,          0,     189740,     219312,      300,     5200,    10800,    31000,    88000,   379000,
      OnlinePurchase,     163524,          0,          0,          0,     132738,     153553,      300,     5100,    10700,    30000,    87000,   380000,
        InstPurchase,      46646,          0,          0,          0,      38027,      44474,      500,     5400,    10900,    29000,    88000,   379000,
          AssocOfCat,        465,          0,          0,          0,        389,        545,    26000,    39000,    59000,    99700,   157940,   215000,
      AssocOfProduct,       4670,          0,          0,          0,       4389,       5245,      600,     5500,    11200,    30700,    87540,   375000,
      BusinessReport,       1171,          0,          0,          0,       1035,       1353,    26000,    46000,    67000,    93600,   211460,   281000,
          CustBuyBeh,       4665,          0,          0,          0,       4360,       5282,      200,     5400,    10270,    28000,    95000,   375000,
       ProductReturn,      12434,          0,          0,          0,       9451,      11293,      200,     4700,    11000,    26000,    86060,   375000,

  4852s: (57%)   IR =   7887 .[4854.116s][info][gc,start       ] GC(641) Pause Young (Normal) (G1 Evacuation Pause)
[4854.116s][info][gc,task        ] GC(641) Using 8 workers of 8 for evacuation
[4854.274s][info][gc,phases      ] GC(641)   Pre Evacuate Collection Set: 0.27ms
[4854.274s][info][gc,phases      ] GC(641)   Merge Heap Roots: 0.57ms
[4854.274s][info][gc,phases      ] GC(641)   Evacuate Collection Set: 156.38ms
[4854.274s][info][gc,phases      ] GC(641)   Post Evacuate Collection Set: 1.06ms
[4854.274s][info][gc,phases      ] GC(641)   Other: 0.06ms
[4854.274s][info][gc,heap        ] GC(641) Eden regions: 571->0(570)
[4854.274s][info][gc,heap        ] GC(641) Survivor regions: 43->44(77)
[4854.274s][info][gc,heap        ] GC(641) Old regions: 265->273
[4854.274s][info][gc,heap        ] GC(641) Humongous regions: 33->33
[4854.274s][info][gc,metaspace   ] GC(641) Metaspace: 30018K(30528K)->30018K(30528K) NonClass: 26617K(26880K)->26617K(26880K) Class: 3400K(3648K)->3400K(3648K)
[4854.274s][info][gc             ] GC(641) Pause Young (Normal) (G1 Evacuation Pause) 7283M->2783M(8192M) 158.479ms
[4854.274s][info][gc,cpu         ] GC(641) User=1.26s Sys=0.00s Real=0.15s
.....[4859.053s][info][gc,start       ] GC(642) Pause Young (Normal) (G1 Evacuation Pause)
[4859.053s][info][gc,task        ] GC(642) Using 8 workers of 8 for evacuation
[4859.206s][info][gc,phases      ] GC(642)   Pre Evacuate Collection Set: 0.28ms
[4859.206s][info][gc,phases      ] GC(642)   Merge Heap Roots: 0.57ms
[4859.206s][info][gc,phases      ] GC(642)   Evacuate Collection Set: 151.06ms
[4859.206s][info][gc,phases      ] GC(642)   Post Evacuate Collection Set: 1.07ms
[4859.206s][info][gc,phases      ] GC(642)   Other: 0.06ms
[4859.206s][info][gc,heap        ] GC(642) Eden regions: 570->0(571)
[4859.206s][info][gc,heap        ] GC(642) Survivor regions: 44->43(77)
[4859.206s][info][gc,heap        ] GC(642) Old regions: 273->280
[4859.206s][info][gc,heap        ] GC(642) Humongous regions: 33->33
[4859.206s][info][gc,metaspace   ] GC(642) Metaspace: 30018K(30528K)->30018K(30528K) NonClass: 26617K(26880K)->26617K(26880K) Class: 3400K(3648K)->3400K(3648K)
[4859.206s][info][gc             ] GC(642) Pause Young (Normal) (G1 Evacuation Pause) 7343M->2831M(8192M) 153.185ms
[4859.206s][info][gc,cpu         ] GC(642) User=1.21s Sys=0.00s Real=0.16s
.....[4863.941s][info][gc,start       ] GC(643) Pause Young (Normal) (G1 Evacuation Pause)
[4863.941s][info][gc,task        ] GC(643) Using 8 workers of 8 for evacuation
[4864.090s][info][gc,phases      ] GC(643)   Pre Evacuate Collection Set: 0.23ms
[4864.090s][info][gc,phases      ] GC(643)   Merge Heap Roots: 0.53ms
[4864.090s][info][gc,phases      ] GC(643)   Evacuate Collection Set: 146.58ms
[4864.090s][info][gc,phases      ] GC(643)   Post Evacuate Collection Set: 1.08ms
[4864.090s][info][gc,phases      ] GC(643)   Other: 0.08ms
[4864.090s][info][gc,heap        ] GC(643) Eden regions: 571->0(568)
[4864.090s][info][gc,heap        ] GC(643) Survivor regions: 43->42(77)
[4864.090s][info][gc,heap        ] GC(643) Old regions: 280->287
[4864.090s][info][gc,heap        ] GC(643) Humongous regions: 33->33
[4864.090s][info][gc,metaspace   ] GC(643) Metaspace: 30018K(30528K)->30018K(30528K) NonClass: 26617K(26880K)->26617K(26880K) Class: 3400K(3648K)->3400K(3648K)
[4864.090s][info][gc             ] GC(643) Pause Young (Normal) (G1 Evacuation Pause) 7399M->2882M(8192M) 148.638ms
[4864.090s][info][gc,cpu         ] GC(643) User=1.17s Sys=0.00s Real=0.15s
....[4868.711s][info][gc,start       ] GC(644) Pause Young (Normal) (G1 Evacuation Pause)
[4868.711s][info][gc,task        ] GC(644) Using 8 workers of 8 for evacuation
[4868.862s][info][gc,phases      ] GC(644)   Pre Evacuate Collection Set: 0.27ms
[4868.862s][info][gc,phases      ] GC(644)   Merge Heap Roots: 0.53ms
[4868.862s][info][gc,phases      ] GC(644)   Evacuate Collection Set: 148.28ms
[4868.862s][info][gc,phases      ] GC(644)   Post Evacuate Collection Set: 1.05ms
[4868.862s][info][gc,phases      ] GC(644)   Other: 0.06ms
[4868.862s][info][gc,heap        ] GC(644) Eden regions: 568->0(558)
[4868.862s][info][gc,heap        ] GC(644) Survivor regions: 42->43(77)
[4868.862s][info][gc,heap        ] GC(644) Old regions: 287->295
[4868.862s][info][gc,heap        ] GC(644) Humongous regions: 33->33
[4868.862s][info][gc,metaspace   ] GC(644) Metaspace: 30018K(30528K)->30018K(30528K) NonClass: 26617K(26880K)->26617K(26880K) Class: 3400K(3648K)->3400K(3648K)
[4868.862s][info][gc             ] GC(644) Pause Young (Normal) (G1 Evacuation Pause) 7426M->2945M(8192M) 150.315ms
[4868.862s][info][gc,cpu         ] GC(644) User=1.19s Sys=0.00s Real=0.15s
....|.[4873.480s][info][gc,start       ] GC(645) Pause Young (Normal) (G1 Evacuation Pause)
[4873.480s][info][gc,task        ] GC(645) Using 8 workers of 8 for evacuation
[4873.629s][info][gc,phases      ] GC(645)   Pre Evacuate Collection Set: 0.30ms
[4873.629s][info][gc,phases      ] GC(645)   Merge Heap Roots: 0.68ms
[4873.629s][info][gc,phases      ] GC(645)   Evacuate Collection Set: 146.97ms
[4873.629s][info][gc,phases      ] GC(645)   Post Evacuate Collection Set: 1.03ms
[4873.629s][info][gc,phases      ] GC(645)   Other: 0.08ms
[4873.629s][info][gc,heap        ] GC(645) Eden regions: 558->0(553)
[4873.629s][info][gc,heap        ] GC(645) Survivor regions: 43->42(76)
[4873.629s][info][gc,heap        ] GC(645) Old regions: 295->302
[4873.629s][info][gc,heap        ] GC(645) Humongous regions: 33->33
[4873.629s][info][gc,metaspace   ] GC(645) Metaspace: 30018K(30528K)->30018K(30528K) NonClass: 26617K(26880K)->26617K(26880K) Class: 3400K(3648K)->3400K(3648K)
[4873.629s][info][gc             ] GC(645) Pause Young (Normal) (G1 Evacuation Pause) 7409M->2999M(8192M) 149.204ms
[4873.629s][info][gc,cpu         ] GC(645) User=1.18s Sys=0.00s Real=0.15s
.....[4878.169s][info][gc,start       ] GC(646) Pause Young (Normal) (G1 Evacuation Pause)
[4878.169s][info][gc,task        ] GC(646) Using 8 workers of 8 for evacuation
[4878.322s][info][gc,phases      ] GC(646)   Pre Evacuate Collection Set: 0.24ms
[4878.322s][info][gc,phases      ] GC(646)   Merge Heap Roots: 0.53ms
[4878.322s][info][gc,phases      ] GC(646)   Evacuate Collection Set: 151.13ms
[4878.322s][info][gc,phases      ] GC(646)   Post Evacuate Collection Set: 1.06ms
[4878.322s][info][gc,phases      ] GC(646)   Other: 0.06ms
[4878.322s][info][gc,heap        ] GC(646) Eden regions: 553->0(544)
[4878.322s][info][gc,heap        ] GC(646) Survivor regions: 42->43(75)
[4878.322s][info][gc,heap        ] GC(646) Old regions: 302->309
[4878.322s][info][gc,heap        ] GC(646) Humongous regions: 33->33
[4878.322s][info][gc,metaspace   ] GC(646) Metaspace: 30018K(30528K)->30018K(30528K) NonClass: 26617K(26880K)->26617K(26880K) Class: 3400K(3648K)->3400K(3648K)
[4878.322s][info][gc             ] GC(646) Pause Young (Normal) (G1 Evacuation Pause) 7423M->3067M(8192M) 153.168ms
[4878.322s][info][gc,cpu         ] GC(646) User=1.21s Sys=0.01s Real=0.15s
....[4882.746s][info][gc,start       ] GC(647) Pause Young (Concurrent Start) (G1 Evacuation Pause)
[4882.746s][info][gc,task        ] GC(647) Using 8 workers of 8 for evacuation
[4882.902s][info][gc,phases      ] GC(647)   Pre Evacuate Collection Set: 0.28ms
[4882.902s][info][gc,phases      ] GC(647)   Merge Heap Roots: 0.52ms
[4882.902s][info][gc,phases      ] GC(647)   Evacuate Collection Set: 154.53ms
[4882.902s][info][gc,phases      ] GC(647)   Post Evacuate Collection Set: 1.05ms
[4882.902s][info][gc,phases      ] GC(647)   Other: 0.10ms
[4882.902s][info][gc,heap        ] GC(647) Eden regions: 544->0(536)
[4882.902s][info][gc,heap        ] GC(647) Survivor regions: 43->43(74)
[4882.902s][info][gc,heap        ] GC(647) Old regions: 309->317
[4882.902s][info][gc,heap        ] GC(647) Humongous regions: 33->33
[4882.902s][info][gc,metaspace   ] GC(647) Metaspace: 30018K(30528K)->30018K(30528K) NonClass: 26617K(26880K)->26617K(26880K) Class: 3400K(3648K)->3400K(3648K)
[4882.902s][info][gc             ] GC(647) Pause Young (Concurrent Start) (G1 Evacuation Pause) 7419M->3126M(8192M) 156.620ms
[4882.902s][info][gc             ] GC(648) Concurrent Mark Cycle
[4882.902s][info][gc,marking     ] GC(648) Concurrent Scan Root Regions
[4882.902s][info][gc,cpu         ] GC(647) User=1.24s Sys=0.00s Real=0.16s
.[4883.151s][info][gc,marking     ] GC(648) Concurrent Scan Root Regions 249.044ms
[4883.151s][info][gc,marking     ] GC(648) Concurrent Mark
[4883.151s][info][gc,marking     ] GC(648) Concurrent Mark From Roots
[4883.151s][info][gc,task        ] GC(648) Using 2 workers of 2 for marking
.[4884.163s][info][gc,marking     ] GC(648) Concurrent Mark From Roots 1011.374ms
[4884.163s][info][gc,marking     ] GC(648) Concurrent Preclean
[4884.163s][info][gc,marking     ] GC(648) Concurrent Preclean 0.133ms
[4884.163s][info][gc,start       ] GC(648) Pause Remark
[4884.165s][info][gc             ] GC(648) Pause Remark 4483M->4059M(8192M) 1.678ms
[4884.165s][info][gc,cpu         ] GC(648) User=0.01s Sys=0.00s Real=0.00s
[4884.165s][info][gc,marking     ] GC(648) Concurrent Mark 1013.465ms
[4884.165s][info][gc,marking     ] GC(648) Concurrent Rebuild Remembered Sets and Scrub Regions
[4884.652s][info][gc,marking     ] GC(648) Concurrent Rebuild Remembered Sets and Scrub Regions 487.067ms
[4884.652s][info][gc,start       ] GC(648) Pause Cleanup
[4884.652s][info][gc             ] GC(648) Pause Cleanup 4522M->4522M(8192M) 0.279ms
[4884.652s][info][gc,cpu         ] GC(648) User=0.00s Sys=0.00s Real=0.00s
[4884.653s][info][gc,marking     ] GC(648) Concurrent Clear Claimed Marks
[4884.653s][info][gc,marking     ] GC(648) Concurrent Clear Claimed Marks 0.045ms
[4884.653s][info][gc,marking     ] GC(648) Concurrent Cleanup for Next Mark
[4884.663s][info][gc,marking     ] GC(648) Concurrent Cleanup for Next Mark 9.938ms
[4884.663s][info][gc             ] GC(648) Concurrent Mark Cycle 1760.246ms
...[4887.299s][info][gc,start       ] GC(649) Pause Young (Prepare Mixed) (G1 Evacuation Pause)
[4887.299s][info][gc,task        ] GC(649) Using 8 workers of 8 for evacuation
[4887.451s][info][gc,phases      ] GC(649)   Pre Evacuate Collection Set: 0.24ms
[4887.451s][info][gc,phases      ] GC(649)   Merge Heap Roots: 0.69ms
[4887.451s][info][gc,phases      ] GC(649)   Evacuate Collection Set: 149.24ms
[4887.451s][info][gc,phases      ] GC(649)   Post Evacuate Collection Set: 1.14ms
[4887.451s][info][gc,phases      ] GC(649)   Other: 0.06ms
[4887.451s][info][gc,heap        ] GC(649) Eden regions: 536->0(571)
[4887.451s][info][gc,heap        ] GC(649) Survivor regions: 43->43(73)
[4887.451s][info][gc,heap        ] GC(649) Old regions: 264->271
[4887.451s][info][gc,heap        ] GC(649) Humongous regions: 33->33
[4887.451s][info][gc,metaspace   ] GC(649) Metaspace: 30018K(30528K)->30018K(30528K) NonClass: 26617K(26880K)->26617K(26880K) Class: 3400K(3648K)->3400K(3648K)
[4887.451s][info][gc             ] GC(649) Pause Young (Prepare Mixed) (G1 Evacuation Pause) 6990M->2758M(8192M) 151.503ms
[4887.451s][info][gc,cpu         ] GC(649) User=1.19s Sys=0.00s Real=0.15s
.....[4892.089s][info][gc,start       ] GC(650) Pause Young (Mixed) (G1 Evacuation Pause)
[4892.089s][info][gc,task        ] GC(650) Using 8 workers of 8 for evacuation
[4892.241s][info][gc,phases      ] GC(650)   Pre Evacuate Collection Set: 0.30ms
[4892.241s][info][gc,phases      ] GC(650)   Merge Heap Roots: 0.75ms
[4892.241s][info][gc,phases      ] GC(650)   Evacuate Collection Set: 148.90ms
[4892.241s][info][gc,phases      ] GC(650)   Post Evacuate Collection Set: 1.26ms
[4892.241s][info][gc,phases      ] GC(650)   Other: 0.08ms
[4892.241s][info][gc,heap        ] GC(650) Eden regions: 571->0(573)
[4892.241s][info][gc,heap        ] GC(650) Survivor regions: 43->41(77)
[4892.241s][info][gc,heap        ] GC(650) Old regions: 271->176
[4892.241s][info][gc,heap        ] GC(650) Humongous regions: 33->33
[4892.241s][info][gc,metaspace   ] GC(650) Metaspace: 30018K(30528K)->30018K(30528K) NonClass: 26617K(26880K)->26617K(26880K) Class: 3400K(3648K)->3400K(3648K)
[4892.241s][info][gc             ] GC(650) Pause Young (Mixed) (G1 Evacuation Pause) 7326M->1982M(8192M) 151.436ms
[4892.241s][info][gc,cpu         ] GC(650) User=1.20s Sys=0.00s Real=0.15s
....[4896.895s][info][gc,start       ] GC(651) Pause Young (Mixed) (G1 Evacuation Pause)
[4896.895s][info][gc,task        ] GC(651) Using 8 workers of 8 for evacuation
[4897.052s][info][gc,phases      ] GC(651)   Pre Evacuate Collection Set: 0.27ms
[4897.052s][info][gc,phases      ] GC(651)   Merge Heap Roots: 0.90ms
[4897.052s][info][gc,phases      ] GC(651)   Evacuate Collection Set: 154.54ms
[4897.052s][info][gc,phases      ] GC(651)   Post Evacuate Collection Set: 1.10ms
[4897.052s][info][gc,phases      ] GC(651)   Other: 0.07ms
[4897.052s][info][gc,heap        ] GC(651) Eden regions: 573->0(571)
[4897.052s][info][gc,heap        ] GC(651) Survivor regions: 41->43(77)
[4897.052s][info][gc,heap        ] GC(651) Old regions: 176->142
[4897.052s][info][gc,heap        ] GC(651) Humongous regions: 33->33
[4897.052s][info][gc,metaspace   ] GC(651) Metaspace: 30018K(30528K)->30018K(30528K) NonClass: 26617K(26880K)->26617K(26880K) Class: 3400K(3648K)->3400K(3648K)
[4897.052s][info][gc             ] GC(651) Pause Young (Mixed) (G1 Evacuation Pause) 6566M->1726M(8192M) 157.003ms
[4897.052s][info][gc,cpu         ] GC(651) User=1.25s Sys=0.00s Real=0.16s
.....[4901.741s][info][gc,start       ] GC(652) Pause Young (Normal) (G1 Evacuation Pause)
[4901.741s][info][gc,task        ] GC(652) Using 8 workers of 8 for evacuation
[4901.901s][info][gc,phases      ] GC(652)   Pre Evacuate Collection Set: 0.25ms
[4901.901s][info][gc,phases      ] GC(652)   Merge Heap Roots: 0.52ms
[4901.901s][info][gc,phases      ] GC(652)   Evacuate Collection Set: 157.49ms
[4901.901s][info][gc,phases      ] GC(652)   Post Evacuate Collection Set: 1.06ms
[4901.901s][info][gc,phases      ] GC(652)   Other: 0.06ms
[4901.901s][info][gc,heap        ] GC(652) Eden regions: 571->0(569)
[4901.901s][info][gc,heap        ] GC(652) Survivor regions: 43->45(77)
[4901.901s][info][gc,heap        ] GC(652) Old regions: 142->149
[4901.901s][info][gc,heap        ] GC(652) Humongous regions: 33->33
[4901.901s][info][gc,metaspace   ] GC(652) Metaspace: 30018K(30528K)->30018K(30528K) NonClass: 26617K(26880K)->26617K(26880K) Class: 3400K(3648K)->3400K(3648K)
[4901.901s][info][gc             ] GC(652) Pause Young (Normal) (G1 Evacuation Pause) 6294M->1799M(8192M) 159.528ms
[4901.901s][info][gc,cpu         ] GC(652) User=1.26s Sys=0.00s Real=0.16s
.....[4906.624s][info][gc,start       ] GC(653) Pause Young (Normal) (G1 Evacuation Pause)
[4906.624s][info][gc,task        ] GC(653) Using 8 workers of 8 for evacuation
[4906.776s][info][gc,phases      ] GC(653)   Pre Evacuate Collection Set: 0.24ms
[4906.776s][info][gc,phases      ] GC(653)   Merge Heap Roots: 0.59ms
[4906.776s][info][gc,phases      ] GC(653)   Evacuate Collection Set: 150.07ms
[4906.776s][info][gc,phases      ] GC(653)   Post Evacuate Collection Set: 1.08ms
[4906.776s][info][gc,phases      ] GC(653)   Other: 0.06ms
[4906.776s][info][gc,heap        ] GC(653) Eden regions: 569->0(571)
[4906.776s][info][gc,heap        ] GC(653) Survivor regions: 45->43(77)
[4906.776s][info][gc,heap        ] GC(653) Old regions: 149->156
[4906.776s][info][gc,heap        ] GC(653) Humongous regions: 33->33
[4906.776s][info][gc,metaspace   ] GC(653) Metaspace: 30018K(30528K)->30018K(30528K) NonClass: 26617K(26880K)->26617K(26880K) Class: 3400K(3648K)->3400K(3648K)
[4906.776s][info][gc             ] GC(653) Pause Young (Normal) (G1 Evacuation Pause) 6351M->1838M(8192M) 152.179ms
[4906.776s][info][gc,cpu         ] GC(653) User=1.20s Sys=0.00s Real=0.16s
.....[4911.540s][info][gc,start       ] GC(654) Pause Young (Normal) (G1 Evacuation Pause)
[4911.540s][info][gc,task        ] GC(654) Using 8 workers of 8 for evacuation
[4911.691s][info][gc,phases      ] GC(654)   Pre Evacuate Collection Set: 0.24ms
[4911.691s][info][gc,phases      ] GC(654)   Merge Heap Roots: 0.54ms
[4911.691s][info][gc,phases      ] GC(654)   Evacuate Collection Set: 148.53ms
[4911.691s][info][gc,phases      ] GC(654)   Post Evacuate Collection Set: 1.06ms
[4911.691s][info][gc,phases      ] GC(654)   Other: 0.07ms
[4911.691s][info][gc,heap        ] GC(654) Eden regions: 571->0(571)
[4911.691s][info][gc,heap        ] GC(654) Survivor regions: 43->43(77)
[4911.691s][info][gc,heap        ] GC(654) Old regions: 156->163
[4911.691s][info][gc,heap        ] GC(654) Humongous regions: 33->33
[4911.691s][info][gc,metaspace   ] GC(654) Metaspace: 30018K(30528K)->30018K(30528K) NonClass: 26617K(26880K)->26617K(26880K) Class: 3400K(3648K)->3400K(3648K)
[4911.691s][info][gc             ] GC(654) Pause Young (Normal) (G1 Evacuation Pause) 6406M->1895M(8192M) 150.575ms
[4911.691s][info][gc,cpu         ] GC(654) User=1.19s Sys=0.00s Real=0.15s
.....[4916.289s][info][gc,start       ] GC(655) Pause Young (Normal) (G1 Evacuation Pause)
[4916.289s][info][gc,task        ] GC(655) Using 8 workers of 8 for evacuation
[4916.442s][info][gc,phases      ] GC(655)   Pre Evacuate Collection Set: 0.23ms
[4916.442s][info][gc,phases      ] GC(655)   Merge Heap Roots: 0.55ms
[4916.442s][info][gc,phases      ] GC(655)   Evacuate Collection Set: 151.40ms
[4916.442s][info][gc,phases      ] GC(655)   Post Evacuate Collection Set: 1.06ms
[4916.442s][info][gc,phases      ] GC(655)   Other: 0.06ms
[4916.442s][info][gc,heap        ] GC(655) Eden regions: 571->0(571)
[4916.442s][info][gc,heap        ] GC(655) Survivor regions: 43->43(77)
[4916.442s][info][gc,heap        ] GC(655) Old regions: 163->171
[4916.442s][info][gc,heap        ] GC(655) Humongous regions: 33->33
[4916.442s][info][gc,metaspace   ] GC(655) Metaspace: 30018K(30528K)->30018K(30528K) NonClass: 26617K(26880K)->26617K(26880K) Class: 3400K(3648K)->3400K(3648K)
[4916.442s][info][gc             ] GC(655) Pause Young (Normal) (G1 Evacuation Pause) 6463M->1959M(8192M) 153.426ms
[4916.443s][info][gc,cpu         ] GC(655) User=1.21s Sys=0.00s Real=0.15s
.....[4921.124s][info][gc,start       ] GC(656) Pause Young (Normal) (G1 Evacuation Pause)
[4921.125s][info][gc,task        ] GC(656) Using 8 workers of 8 for evacuation
[4921.279s][info][gc,phases      ] GC(656)   Pre Evacuate Collection Set: 0.25ms
[4921.279s][info][gc,phases      ] GC(656)   Merge Heap Roots: 0.53ms
[4921.279s][info][gc,phases      ] GC(656)   Evacuate Collection Set: 152.56ms
[4921.279s][info][gc,phases      ] GC(656)   Post Evacuate Collection Set: 1.05ms
[4921.279s][info][gc,phases      ] GC(656)   Other: 0.06ms
[4921.279s][info][gc,heap        ] GC(656) Eden regions: 571->0(570)
[4921.279s][info][gc,heap        ] GC(656) Survivor regions: 43->44(77)
[4921.279s][info][gc,heap        ] GC(656) Old regions: 171->178
[4921.279s][info][gc,heap        ] GC(656) Humongous regions: 33->33
[4921.279s][info][gc,metaspace   ] GC(656) Metaspace: 30018K(30528K)->30018K(30528K) NonClass: 26617K(26880K)->26617K(26880K) Class: 3400K(3648K)->3400K(3648K)
[4921.279s][info][gc             ] GC(656) Pause Young (Normal) (G1 Evacuation Pause) 6527M->2023M(8192M) 154.593ms
[4921.279s][info][gc,cpu         ] GC(656) User=1.22s Sys=0.00s Real=0.16s
....[4925.923s][info][gc,start       ] GC(657) Pause Young (Normal) (G1 Evacuation Pause)
[4925.923s][info][gc,task        ] GC(657) Using 8 workers of 8 for evacuation
[4926.076s][info][gc,phases      ] GC(657)   Pre Evacuate Collection Set: 0.25ms
[4926.077s][info][gc,phases      ] GC(657)   Merge Heap Roots: 0.55ms
[4926.077s][info][gc,phases      ] GC(657)   Evacuate Collection Set: 151.26ms
[4926.077s][info][gc,phases      ] GC(657)   Post Evacuate Collection Set: 1.05ms
[4926.077s][info][gc,phases      ] GC(657)   Other: 0.06ms
[4926.077s][info][gc,heap        ] GC(657) Eden regions: 570->0(571)
[4926.077s][info][gc,heap        ] GC(657) Survivor regions: 44->43(77)
[4926.077s][info][gc,heap        ] GC(657) Old regions: 178->185
[4926.077s][info][gc,heap        ] GC(657) Humongous regions: 33->33
[4926.077s][info][gc,metaspace   ] GC(657) Metaspace: 30018K(30528K)->30018K(30528K) NonClass: 26617K(26880K)->26617K(26880K) Class: 3400K(3648K)->3400K(3648K)
[4926.077s][info][gc             ] GC(657) Pause Young (Normal) (G1 Evacuation Pause) 6583M->2074M(8192M) 154.035ms
[4926.077s][info][gc,cpu         ] GC(657) User=1.21s Sys=0.00s Real=0.16s
.....[4930.856s][info][gc,start       ] GC(658) Pause Young (Normal) (G1 Evacuation Pause)
[4930.856s][info][gc,task        ] GC(658) Using 8 workers of 8 for evacuation
[4931.008s][info][gc,phases      ] GC(658)   Pre Evacuate Collection Set: 0.27ms
[4931.008s][info][gc,phases      ] GC(658)   Merge Heap Roots: 0.58ms
[4931.008s][info][gc,phases      ] GC(658)   Evacuate Collection Set: 150.07ms
[4931.008s][info][gc,phases      ] GC(658)   Post Evacuate Collection Set: 1.04ms
[4931.008s][info][gc,phases      ] GC(658)   Other: 0.07ms
[4931.008s][info][gc,heap        ] GC(658) Eden regions: 571->0(571)
[4931.008s][info][gc,heap        ] GC(658) Survivor regions: 43->43(77)
[4931.008s][info][gc,heap        ] GC(658) Old regions: 185->192
[4931.008s][info][gc,heap        ] GC(658) Humongous regions: 33->33
[4931.008s][info][gc,metaspace   ] GC(658) Metaspace: 30018K(30528K)->30018K(30528K) NonClass: 26617K(26880K)->26617K(26880K) Class: 3400K(3648K)->3400K(3648K)
[4931.008s][info][gc             ] GC(658) Pause Young (Normal) (G1 Evacuation Pause) 6642M->2130M(8192M) 152.167ms
[4931.008s][info][gc,cpu         ] GC(658) User=1.20s Sys=0.00s Real=0.15s
.. (rIR:aIR:PR = 7887:7916:7916) (tPR = 117340) [OK] 
  4931s: Performance info:
         Transaction,    Success,    Partial,     Failed,   Receipts, AvgBarcode, 
             Overall,     476677,          0,          0,     452899,      59.47, 
         Response times:
             Request,    Success,    Partial,     Failed,   SkipFail,     Probes,    Samples,      min,      p50,      p90,      p95,      p99,      max, 
       TotalPurchase,     452899,          0,          0,          0,     359686,     476945,      300,     5400,    12000,    35000,   108000,   660000,
     InStorePurchase,     238672,          0,          0,          0,     189907,     251113,      300,     5400,    12100,    36000,   108000,   660000,
      OnlinePurchase,     166525,          0,          0,          0,     131755,     175002,      300,     5400,    12100,    35000,   107000,   438000,
        InstPurchase,      47702,          0,          0,          0,      38024,      50830,      500,     5400,    11800,    33000,   108000,   436000,
          AssocOfCat,        475,          0,          0,          0,        364,        560,    27000,    39000,    62000,    92850,   204000,   420000,
      AssocOfProduct,       4747,          0,          0,          0,       4409,       6130,      600,     5200,    12600,    40000,   108000,   389000,
      BusinessReport,       1197,          0,          0,          0,       1015,       1500,    32000,    50000,    80000,   112950,   213990,   355000,
          CustBuyBeh,       4759,          0,          0,          0,       4466,       6244,      300,     5100,    11800,    47000,   110000,   516000,
       ProductReturn,      12600,          0,          0,          0,       9704,      13286,      200,     5300,    11200,    35000,   108000,   505000,

  4931s: (58%)   IR =   8025 ...[4935.566s][info][gc,start       ] GC(659) Pause Young (Normal) (G1 Evacuation Pause)
[4935.566s][info][gc,task        ] GC(659) Using 8 workers of 8 for evacuation
[4935.720s][info][gc,phases      ] GC(659)   Pre Evacuate Collection Set: 0.25ms
[4935.720s][info][gc,phases      ] GC(659)   Merge Heap Roots: 0.58ms
[4935.720s][info][gc,phases      ] GC(659)   Evacuate Collection Set: 152.09ms
[4935.720s][info][gc,phases      ] GC(659)   Post Evacuate Collection Set: 1.12ms
[4935.720s][info][gc,phases      ] GC(659)   Other: 0.07ms
[4935.720s][info][gc,heap        ] GC(659) Eden regions: 571->0(570)
[4935.720s][info][gc,heap        ] GC(659) Survivor regions: 43->44(77)
[4935.720s][info][gc,heap        ] GC(659) Old regions: 192->199
[4935.720s][info][gc,heap        ] GC(659) Humongous regions: 33->33
[4935.720s][info][gc,metaspace   ] GC(659) Metaspace: 30018K(30528K)->30018K(30528K) NonClass: 26617K(26880K)->26617K(26880K) Class: 3400K(3648K)->3400K(3648K)
[4935.720s][info][gc             ] GC(659) Pause Young (Normal) (G1 Evacuation Pause) 6698M->2191M(8192M) 154.242ms
[4935.720s][info][gc,cpu         ] GC(659) User=1.22s Sys=0.00s Real=0.15s
.....|[4940.318s][info][gc,start       ] GC(660) Pause Young (Normal) (G1 Evacuation Pause)
[4940.318s][info][gc,task        ] GC(660) Using 8 workers of 8 for evacuation
[4940.469s][info][gc,phases      ] GC(660)   Pre Evacuate Collection Set: 0.25ms
[4940.469s][info][gc,phases      ] GC(660)   Merge Heap Roots: 0.63ms
[4940.469s][info][gc,phases      ] GC(660)   Evacuate Collection Set: 149.22ms
[4940.469s][info][gc,phases      ] GC(660)   Post Evacuate Collection Set: 1.13ms
[4940.469s][info][gc,phases      ] GC(660)   Other: 0.06ms
[4940.469s][info][gc,heap        ] GC(660) Eden regions: 570->0(571)
[4940.469s][info][gc,heap        ] GC(660) Survivor regions: 44->43(77)
[4940.469s][info][gc,heap        ] GC(660) Old regions: 199->207
[4940.469s][info][gc,heap        ] GC(660) Humongous regions: 33->33
[4940.469s][info][gc,metaspace   ] GC(660) Metaspace: 30018K(30528K)->30018K(30528K) NonClass: 26617K(26880K)->26617K(26880K) Class: 3400K(3648K)->3400K(3648K)
[4940.469s][info][gc             ] GC(660) Pause Young (Normal) (G1 Evacuation Pause) 6751M->2247M(8192M) 151.418ms
[4940.469s][info][gc,cpu         ] GC(660) User=1.20s Sys=0.00s Real=0.15s
....[4945.028s][info][gc,start       ] GC(661) Pause Young (Normal) (G1 Evacuation Pause)
[4945.028s][info][gc,task        ] GC(661) Using 8 workers of 8 for evacuation
[4945.175s][info][gc,phases      ] GC(661)   Pre Evacuate Collection Set: 0.28ms
[4945.175s][info][gc,phases      ] GC(661)   Merge Heap Roots: 0.55ms
[4945.175s][info][gc,phases      ] GC(661)   Evacuate Collection Set: 144.96ms
[4945.175s][info][gc,phases      ] GC(661)   Post Evacuate Collection Set: 1.05ms
[4945.175s][info][gc,phases      ] GC(661)   Other: 0.07ms
[4945.175s][info][gc,heap        ] GC(661) Eden regions: 571->0(572)
[4945.175s][info][gc,heap        ] GC(661) Survivor regions: 43->42(77)
[4945.175s][info][gc,heap        ] GC(661) Old regions: 207->214
[4945.175s][info][gc,heap        ] GC(661) Humongous regions: 33->33
[4945.175s][info][gc,metaspace   ] GC(661) Metaspace: 30018K(30528K)->30018K(30528K) NonClass: 26617K(26880K)->26617K(26880K) Class: 3400K(3648K)->3400K(3648K)
[4945.175s][info][gc             ] GC(661) Pause Young (Normal) (G1 Evacuation Pause) 6815M->2295M(8192M) 147.047ms
[4945.176s][info][gc,cpu         ] GC(661) User=1.17s Sys=0.00s Real=0.14s
.....[4949.834s][info][gc,start       ] GC(662) Pause Young (Normal) (G1 Evacuation Pause)
[4949.834s][info][gc,task        ] GC(662) Using 8 workers of 8 for evacuation
[4949.985s][info][gc,phases      ] GC(662)   Pre Evacuate Collection Set: 0.29ms
[4949.985s][info][gc,phases      ] GC(662)   Merge Heap Roots: 0.61ms
[4949.985s][info][gc,phases      ] GC(662)   Evacuate Collection Set: 149.40ms
[4949.985s][info][gc,phases      ] GC(662)   Post Evacuate Collection Set: 1.09ms
[4949.985s][info][gc,phases      ] GC(662)   Other: 0.06ms
[4949.985s][info][gc,heap        ] GC(662) Eden regions: 572->0(571)
[4949.985s][info][gc,heap        ] GC(662) Survivor regions: 42->43(77)
[4949.985s][info][gc,heap        ] GC(662) Old regions: 214->221
[4949.985s][info][gc,heap        ] GC(662) Humongous regions: 33->33
[4949.985s][info][gc,metaspace   ] GC(662) Metaspace: 30018K(30528K)->30018K(30528K) NonClass: 26617K(26880K)->26617K(26880K) Class: 3400K(3648K)->3400K(3648K)
[4949.986s][info][gc             ] GC(662) Pause Young (Normal) (G1 Evacuation Pause) 6871M->2362M(8192M) 151.584ms
[4949.986s][info][gc,cpu         ] GC(662) User=1.20s Sys=0.00s Real=0.15s
.....[4954.567s][info][gc,start       ] GC(663) Pause Young (Normal) (G1 Evacuation Pause)
[4954.567s][info][gc,task        ] GC(663) Using 8 workers of 8 for evacuation
[4954.716s][info][gc,phases      ] GC(663)   Pre Evacuate Collection Set: 0.27ms
[4954.716s][info][gc,phases      ] GC(663)   Merge Heap Roots: 0.54ms
[4954.716s][info][gc,phases      ] GC(663)   Evacuate Collection Set: 147.18ms
[4954.716s][info][gc,phases      ] GC(663)   Post Evacuate Collection Set: 1.07ms
[4954.716s][info][gc,phases      ] GC(663)   Other: 0.06ms
[4954.716s][info][gc,heap        ] GC(663) Eden regions: 571->0(571)
[4954.716s][info][gc,heap        ] GC(663) Survivor regions: 43->43(77)
[4954.716s][info][gc,heap        ] GC(663) Old regions: 221->228
[4954.716s][info][gc,heap        ] GC(663) Humongous regions: 33->33
[4954.716s][info][gc,metaspace   ] GC(663) Metaspace: 30018K(30528K)->30018K(30528K) NonClass: 26617K(26880K)->26617K(26880K) Class: 3400K(3648K)->3400K(3648K)
[4954.716s][info][gc             ] GC(663) Pause Young (Normal) (G1 Evacuation Pause) 6930M->2418M(8192M) 149.257ms
[4954.716s][info][gc,cpu         ] GC(663) User=1.18s Sys=0.00s Real=0.15s
.....[4959.334s][info][gc,start       ] GC(664) Pause Young (Normal) (G1 Evacuation Pause)
[4959.334s][info][gc,task        ] GC(664) Using 8 workers of 8 for evacuation
[4959.486s][info][gc,phases      ] GC(664)   Pre Evacuate Collection Set: 0.27ms
[4959.487s][info][gc,phases      ] GC(664)   Merge Heap Roots: 0.55ms
[4959.487s][info][gc,phases      ] GC(664)   Evacuate Collection Set: 150.13ms
[4959.487s][info][gc,phases      ] GC(664)   Post Evacuate Collection Set: 1.09ms
[4959.487s][info][gc,phases      ] GC(664)   Other: 0.06ms
[4959.487s][info][gc,heap        ] GC(664) Eden regions: 571->0(571)
[4959.487s][info][gc,heap        ] GC(664) Survivor regions: 43->43(77)
[4959.487s][info][gc,heap        ] GC(664) Old regions: 228->236
[4959.487s][info][gc,heap        ] GC(664) Humongous regions: 33->33
[4959.487s][info][gc,metaspace   ] GC(664) Metaspace: 30018K(30528K)->30018K(30528K) NonClass: 26617K(26880K)->26617K(26880K) Class: 3400K(3648K)->3400K(3648K)
[4959.487s][info][gc             ] GC(664) Pause Young (Normal) (G1 Evacuation Pause) 6986M->2478M(8192M) 152.225ms
[4959.487s][info][gc,cpu         ] GC(664) User=1.21s Sys=0.00s Real=0.16s
....[4964.131s][info][gc,start       ] GC(665) Pause Young (Normal) (G1 Evacuation Pause)
[4964.132s][info][gc,task        ] GC(665) Using 8 workers of 8 for evacuation
[4964.281s][info][gc,phases      ] GC(665)   Pre Evacuate Collection Set: 0.27ms
[4964.281s][info][gc,phases      ] GC(665)   Merge Heap Roots: 0.54ms
[4964.281s][info][gc,phases      ] GC(665)   Evacuate Collection Set: 147.04ms
[4964.281s][info][gc,phases      ] GC(665)   Post Evacuate Collection Set: 1.08ms
[4964.281s][info][gc,phases      ] GC(665)   Other: 0.06ms
[4964.281s][info][gc,heap        ] GC(665) Eden regions: 571->0(571)
[4964.281s][info][gc,heap        ] GC(665) Survivor regions: 43->43(77)
[4964.281s][info][gc,heap        ] GC(665) Old regions: 236->243
[4964.281s][info][gc,heap        ] GC(665) Humongous regions: 33->33
[4964.281s][info][gc,metaspace   ] GC(665) Metaspace: 30018K(30528K)->30018K(30528K) NonClass: 26617K(26880K)->26617K(26880K) Class: 3400K(3648K)->3400K(3648K)
[4964.281s][info][gc             ] GC(665) Pause Young (Normal) (G1 Evacuation Pause) 7046M->2534M(8192M) 149.150ms
[4964.281s][info][gc,cpu         ] GC(665) User=1.18s Sys=0.00s Real=0.15s
.....[4968.983s][info][gc,start       ] GC(666) Pause Young (Normal) (G1 Evacuation Pause)
[4968.983s][info][gc,task        ] GC(666) Using 8 workers of 8 for evacuation
[4969.132s][info][gc,phases      ] GC(666)   Pre Evacuate Collection Set: 0.24ms
[4969.132s][info][gc,phases      ] GC(666)   Merge Heap Roots: 0.54ms
[4969.132s][info][gc,phases      ] GC(666)   Evacuate Collection Set: 147.29ms
[4969.132s][info][gc,phases      ] GC(666)   Post Evacuate Collection Set: 1.06ms
[4969.132s][info][gc,phases      ] GC(666)   Other: 0.06ms
[4969.132s][info][gc,heap        ] GC(666) Eden regions: 571->0(571)
[4969.132s][info][gc,heap        ] GC(666) Survivor regions: 43->43(77)
[4969.132s][info][gc,heap        ] GC(666) Old regions: 243->250
[4969.132s][info][gc,heap        ] GC(666) Humongous regions: 33->33
[4969.132s][info][gc,metaspace   ] GC(666) Metaspace: 30018K(30528K)->30018K(30528K) NonClass: 26617K(26880K)->26617K(26880K) Class: 3400K(3648K)->3400K(3648K)
[4969.132s][info][gc             ] GC(666) Pause Young (Normal) (G1 Evacuation Pause) 7102M->2595M(8192M) 149.328ms
[4969.132s][info][gc,cpu         ] GC(666) User=1.18s Sys=0.00s Real=0.15s
.....[4973.775s][info][gc,start       ] GC(667) Pause Young (Normal) (G1 Evacuation Pause)
[4973.775s][info][gc,task        ] GC(667) Using 8 workers of 8 for evacuation
[4973.926s][info][gc,phases      ] GC(667)   Pre Evacuate Collection Set: 0.25ms
[4973.926s][info][gc,phases      ] GC(667)   Merge Heap Roots: 0.54ms
[4973.926s][info][gc,phases      ] GC(667)   Evacuate Collection Set: 149.17ms
[4973.926s][info][gc,phases      ] GC(667)   Post Evacuate Collection Set: 1.04ms
[4973.926s][info][gc,phases      ] GC(667)   Other: 0.06ms
[4973.926s][info][gc,heap        ] GC(667) Eden regions: 571->0(570)
[4973.926s][info][gc,heap        ] GC(667) Survivor regions: 43->44(77)
[4973.926s][info][gc,heap        ] GC(667) Old regions: 250->257
[4973.926s][info][gc,heap        ] GC(667) Humongous regions: 33->33
[4973.926s][info][gc,metaspace   ] GC(667) Metaspace: 30018K(30528K)->30018K(30528K) NonClass: 26617K(26880K)->26617K(26880K) Class: 3400K(3648K)->3400K(3648K)
[4973.926s][info][gc             ] GC(667) Pause Young (Normal) (G1 Evacuation Pause) 7163M->2655M(8192M) 151.205ms
[4973.926s][info][gc,cpu         ] GC(667) User=1.20s Sys=0.00s Real=0.16s
.....[4978.528s][info][gc,start       ] GC(668) Pause Young (Normal) (G1 Evacuation Pause)
[4978.528s][info][gc,task        ] GC(668) Using 8 workers of 8 for evacuation
[4978.680s][info][gc,phases      ] GC(668)   Pre Evacuate Collection Set: 0.26ms
[4978.680s][info][gc,phases      ] GC(668)   Merge Heap Roots: 0.55ms
[4978.680s][info][gc,phases      ] GC(668)   Evacuate Collection Set: 150.00ms
[4978.680s][info][gc,phases      ] GC(668)   Post Evacuate Collection Set: 1.06ms
[4978.680s][info][gc,phases      ] GC(668)   Other: 0.06ms
[4978.680s][info][gc,heap        ] GC(668) Eden regions: 570->0(571)
[4978.680s][info][gc,heap        ] GC(668) Survivor regions: 44->43(77)
[4978.680s][info][gc,heap        ] GC(668) Old regions: 257->265
[4978.680s][info][gc,heap        ] GC(668) Humongous regions: 33->33
[4978.680s][info][gc,metaspace   ] GC(668) Metaspace: 30018K(30528K)->30018K(30528K) NonClass: 26617K(26880K)->26617K(26880K) Class: 3400K(3648K)->3400K(3648K)
[4978.680s][info][gc             ] GC(668) Pause Young (Normal) (G1 Evacuation Pause) 7215M->2709M(8192M) 152.058ms
[4978.680s][info][gc,cpu         ] GC(668) User=1.21s Sys=0.00s Real=0.15s
....[4983.218s][info][gc,start       ] GC(669) Pause Young (Normal) (G1 Evacuation Pause)
[4983.218s][info][gc,task        ] GC(669) Using 8 workers of 8 for evacuation
[4983.367s][info][gc,phases      ] GC(669)   Pre Evacuate Collection Set: 0.26ms
[4983.367s][info][gc,phases      ] GC(669)   Merge Heap Roots: 0.68ms
[4983.367s][info][gc,phases      ] GC(669)   Evacuate Collection Set: 146.25ms
[4983.367s][info][gc,phases      ] GC(669)   Post Evacuate Collection Set: 1.10ms
[4983.367s][info][gc,phases      ] GC(669)   Other: 0.08ms
[4983.367s][info][gc,heap        ] GC(669) Eden regions: 571->0(572)
[4983.367s][info][gc,heap        ] GC(669) Survivor regions: 43->42(77)
[4983.367s][info][gc,heap        ] GC(669) Old regions: 265->272
[4983.367s][info][gc,heap        ] GC(669) Humongous regions: 33->33
[4983.367s][info][gc,metaspace   ] GC(669) Metaspace: 30018K(30528K)->30018K(30528K) NonClass: 26617K(26880K)->26617K(26880K) Class: 3400K(3648K)->3400K(3648K)
[4983.367s][info][gc             ] GC(669) Pause Young (Normal) (G1 Evacuation Pause) 7277M->2758M(8192M) 148.507ms
[4983.367s][info][gc,cpu         ] GC(669) User=1.17s Sys=0.00s Real=0.15s
.....[4988.015s][info][gc,start       ] GC(670) Pause Young (Normal) (G1 Evacuation Pause)
[4988.015s][info][gc,task        ] GC(670) Using 8 workers of 8 for evacuation
[4988.165s][info][gc,phases      ] GC(670)   Pre Evacuate Collection Set: 0.25ms
[4988.165s][info][gc,phases      ] GC(670)   Merge Heap Roots: 0.56ms
[4988.165s][info][gc,phases      ] GC(670)   Evacuate Collection Set: 148.08ms
[4988.165s][info][gc,phases      ] GC(670)   Post Evacuate Collection Set: 1.08ms
[4988.165s][info][gc,phases      ] GC(670)   Other: 0.06ms
[4988.165s][info][gc,heap        ] GC(670) Eden regions: 572->0(571)
[4988.165s][info][gc,heap        ] GC(670) Survivor regions: 42->43(77)
[4988.165s][info][gc,heap        ] GC(670) Old regions: 272->279
[4988.165s][info][gc,heap        ] GC(670) Humongous regions: 33->33
[4988.165s][info][gc,metaspace   ] GC(670) Metaspace: 30018K(30528K)->30018K(30528K) NonClass: 26617K(26880K)->26617K(26880K) Class: 3400K(3648K)->3400K(3648K)
[4988.165s][info][gc             ] GC(670) Pause Young (Normal) (G1 Evacuation Pause) 7334M->2825M(8192M) 150.151ms
[4988.165s][info][gc,cpu         ] GC(670) User=1.19s Sys=0.00s Real=0.15s
.....[4992.794s][info][gc,start       ] GC(671) Pause Young (Normal) (G1 Evacuation Pause)
[4992.794s][info][gc,task        ] GC(671) Using 8 workers of 8 for evacuation
[4992.950s][info][gc,phases      ] GC(671)   Pre Evacuate Collection Set: 0.26ms
[4992.950s][info][gc,phases      ] GC(671)   Merge Heap Roots: 0.55ms
[4992.950s][info][gc,phases      ] GC(671)   Evacuate Collection Set: 153.37ms
[4992.950s][info][gc,phases      ] GC(671)   Post Evacuate Collection Set: 1.06ms
[4992.950s][info][gc,phases      ] GC(671)   Other: 0.09ms
[4992.950s][info][gc,heap        ] GC(671) Eden regions: 571->0(564)
[4992.950s][info][gc,heap        ] GC(671) Survivor regions: 43->44(77)
[4992.950s][info][gc,heap        ] GC(671) Old regions: 279->287
[4992.950s][info][gc,heap        ] GC(671) Humongous regions: 33->33
[4992.950s][info][gc,metaspace   ] GC(671) Metaspace: 30018K(30528K)->30018K(30528K) NonClass: 26617K(26880K)->26617K(26880K) Class: 3400K(3648K)->3400K(3648K)
[4992.950s][info][gc             ] GC(671) Pause Young (Normal) (G1 Evacuation Pause) 7393M->2891M(8192M) 155.488ms
[4992.950s][info][gc,cpu         ] GC(671) User=1.23s Sys=0.00s Real=0.16s
.....[4997.575s][info][gc,start       ] GC(672) Pause Young (Normal) (G1 Evacuation Pause)
[4997.576s][info][gc,task        ] GC(672) Using 8 workers of 8 for evacuation
[4997.726s][info][gc,phases      ] GC(672)   Pre Evacuate Collection Set: 0.28ms
[4997.726s][info][gc,phases      ] GC(672)   Merge Heap Roots: 0.61ms
[4997.726s][info][gc,phases      ] GC(672)   Evacuate Collection Set: 148.02ms
[4997.726s][info][gc,phases      ] GC(672)   Post Evacuate Collection Set: 1.07ms
[4997.726s][info][gc,phases      ] GC(672)   Other: 0.06ms
[4997.726s][info][gc,heap        ] GC(672) Eden regions: 564->0(561)
[4997.726s][info][gc,heap        ] GC(672) Survivor regions: 44->42(76)
[4997.726s][info][gc,heap        ] GC(672) Old regions: 287->294
[4997.726s][info][gc,heap        ] GC(672) Humongous regions: 33->33
[4997.726s][info][gc,metaspace   ] GC(672) Metaspace: 30018K(30528K)->30018K(30528K) NonClass: 26617K(26880K)->26617K(26880K) Class: 3400K(3648K)->3400K(3648K)
[4997.726s][info][gc             ] GC(672) Pause Young (Normal) (G1 Evacuation Pause) 7403M->2935M(8192M) 150.180ms
[4997.726s][info][gc,cpu         ] GC(672) User=1.18s Sys=0.00s Real=0.15s
... (rIR:aIR:PR = 8025:8020:8020) (tPR = 119615) [OK] 
  5000s: Performance info:
         Transaction,    Success,    Partial,     Failed,   Receipts, AvgBarcode, 
             Overall,     482658,          0,          0,     458440,      59.47, 
         Response times:
             Request,    Success,    Partial,     Failed,   SkipFail,     Probes,    Samples,      min,      p50,      p90,      p95,      p99,      max, 
       TotalPurchase,     458440,          0,          0,          0,     358927,     411001,      300,     5300,    11700,    31000,    98000,   408000,
     InStorePurchase,     240375,          0,          0,          0,     189152,     216170,      300,     5400,    11700,    32000,    98000,   408000,
      OnlinePurchase,     169667,          0,          0,          0,     132139,     151442,      300,     5300,    11600,    31000,    98000,   407000,
        InstPurchase,      48398,          0,          0,          0,      37636,      43389,      400,     5500,    11900,    29000,    98000,   405000,
          AssocOfCat,        485,          0,          0,          0,        410,        547,    29000,    39000,    62000,    98400,   167040,   221000,
      AssocOfProduct,       4804,          0,          0,          0,       3351,       4062,      800,     5700,    12400,    38000,    99000,   244000,
      BusinessReport,       1203,          0,          0,          0,       1074,       1361,    28000,    49000,    74000,   101000,   195140,   248000,
          CustBuyBeh,       4822,          0,          0,          0,       3334,       4027,      200,     5200,    11300,    36000,   108440,   203000,
       ProductReturn,      12904,          0,          0,          0,       9953,      11668,      200,     5300,    11500,    28000,    99000,   404000,

  5000s: (59%)   IR =   8164 .[5002.147s][info][gc,start       ] GC(673) Pause Young (Normal) (G1 Evacuation Pause)
[5002.147s][info][gc,task        ] GC(673) Using 8 workers of 8 for evacuation
[5002.299s][info][gc,phases      ] GC(673)   Pre Evacuate Collection Set: 0.24ms
[5002.299s][info][gc,phases      ] GC(673)   Merge Heap Roots: 0.55ms
[5002.299s][info][gc,phases      ] GC(673)   Evacuate Collection Set: 149.71ms
[5002.299s][info][gc,phases      ] GC(673)   Post Evacuate Collection Set: 1.07ms
[5002.299s][info][gc,phases      ] GC(673)   Other: 0.06ms
[5002.299s][info][gc,heap        ] GC(673) Eden regions: 561->0(550)
[5002.299s][info][gc,heap        ] GC(673) Survivor regions: 42->44(76)
[5002.299s][info][gc,heap        ] GC(673) Old regions: 294->301
[5002.299s][info][gc,heap        ] GC(673) Humongous regions: 33->33
[5002.299s][info][gc,metaspace   ] GC(673) Metaspace: 30018K(30528K)->30018K(30528K) NonClass: 26617K(26880K)->26617K(26880K) Class: 3400K(3648K)->3400K(3648K)
[5002.299s][info][gc             ] GC(673) Pause Young (Normal) (G1 Evacuation Pause) 7423M->3006M(8192M) 151.766ms
[5002.299s][info][gc,cpu         ] GC(673) User=1.20s Sys=0.00s Real=0.15s
.....[5006.824s][info][gc,start       ] GC(674) Pause Young (Normal) (G1 Evacuation Pause)
[5006.824s][info][gc,task        ] GC(674) Using 8 workers of 8 for evacuation
[5006.975s][info][gc,phases      ] GC(674)   Pre Evacuate Collection Set: 0.26ms
[5006.975s][info][gc,phases      ] GC(674)   Merge Heap Roots: 0.54ms
[5006.975s][info][gc,phases      ] GC(674)   Evacuate Collection Set: 149.58ms
[5006.975s][info][gc,phases      ] GC(674)   Post Evacuate Collection Set: 1.02ms
[5006.975s][info][gc,phases      ] GC(674)   Other: 0.07ms
[5006.975s][info][gc,heap        ] GC(674) Eden regions: 550->0(545)
[5006.975s][info][gc,heap        ] GC(674) Survivor regions: 44->43(75)
[5006.975s][info][gc,heap        ] GC(674) Old regions: 301->308
[5006.975s][info][gc,heap        ] GC(674) Humongous regions: 33->33
[5006.975s][info][gc,metaspace   ] GC(674) Metaspace: 30018K(30528K)->30018K(30528K) NonClass: 26617K(26880K)->26617K(26880K) Class: 3400K(3648K)->3400K(3648K)
[5006.975s][info][gc             ] GC(674) Pause Young (Normal) (G1 Evacuation Pause) 7406M->3054M(8192M) 151.606ms
[5006.975s][info][gc,cpu         ] GC(674) User=1.20s Sys=0.00s Real=0.15s
....[5011.238s][info][gc,start       ] GC(675) Pause Young (Concurrent Start) (G1 Evacuation Pause)
[5011.238s][info][gc,task        ] GC(675) Using 8 workers of 8 for evacuation
[5011.384s][info][gc,phases      ] GC(675)   Pre Evacuate Collection Set: 0.28ms
[5011.384s][info][gc,phases      ] GC(675)   Merge Heap Roots: 0.54ms
[5011.384s][info][gc,phases      ] GC(675)   Evacuate Collection Set: 144.63ms
[5011.384s][info][gc,phases      ] GC(675)   Post Evacuate Collection Set: 1.02ms
[5011.385s][info][gc,phases      ] GC(675)   Other: 0.08ms
[5011.385s][info][gc,heap        ] GC(675) Eden regions: 545->0(541)
[5011.385s][info][gc,heap        ] GC(675) Survivor regions: 43->41(74)
[5011.385s][info][gc,heap        ] GC(675) Old regions: 308->316
[5011.385s][info][gc,heap        ] GC(675) Humongous regions: 33->33
[5011.385s][info][gc,metaspace   ] GC(675) Metaspace: 30018K(30528K)->30018K(30528K) NonClass: 26617K(26880K)->26617K(26880K) Class: 3400K(3648K)->3400K(3648K)
[5011.385s][info][gc             ] GC(675) Pause Young (Concurrent Start) (G1 Evacuation Pause) 7414M->3103M(8192M) 146.687ms
[5011.385s][info][gc             ] GC(676) Concurrent Mark Cycle
[5011.385s][info][gc,marking     ] GC(676) Concurrent Scan Root Regions
[5011.385s][info][gc,cpu         ] GC(675) User=1.16s Sys=0.00s Real=0.14s
.[5011.690s][info][gc,marking     ] GC(676) Concurrent Scan Root Regions 305.585ms
[5011.690s][info][gc,marking     ] GC(676) Concurrent Mark
[5011.690s][info][gc,marking     ] GC(676) Concurrent Mark From Roots
[5011.690s][info][gc,task        ] GC(676) Using 2 workers of 2 for marking
.[5012.659s][info][gc,marking     ] GC(676) Concurrent Mark From Roots 968.307ms
[5012.659s][info][gc,marking     ] GC(676) Concurrent Preclean
[5012.659s][info][gc,marking     ] GC(676) Concurrent Preclean 0.151ms
[5012.659s][info][gc,start       ] GC(676) Pause Remark
[5012.661s][info][gc             ] GC(676) Pause Remark 4460M->3948M(8192M) 1.842ms
[5012.661s][info][gc,cpu         ] GC(676) User=0.01s Sys=0.00s Real=0.00s
[5012.661s][info][gc,marking     ] GC(676) Concurrent Mark 970.634ms
[5012.661s][info][gc,marking     ] GC(676) Concurrent Rebuild Remembered Sets and Scrub Regions
[5013.140s][info][gc,marking     ] GC(676) Concurrent Rebuild Remembered Sets and Scrub Regions 479.042ms
[5013.140s][info][gc,start       ] GC(676) Pause Cleanup
[5013.140s][info][gc             ] GC(676) Pause Cleanup 4427M->4427M(8192M) 0.267ms
[5013.140s][info][gc,cpu         ] GC(676) User=0.00s Sys=0.00s Real=0.00s
[5013.140s][info][gc,marking     ] GC(676) Concurrent Clear Claimed Marks
[5013.140s][info][gc,marking     ] GC(676) Concurrent Clear Claimed Marks 0.051ms
[5013.141s][info][gc,marking     ] GC(676) Concurrent Cleanup for Next Mark
[5013.152s][info][gc,marking     ] GC(676) Concurrent Cleanup for Next Mark 11.015ms
[5013.152s][info][gc             ] GC(676) Concurrent Mark Cycle 1767.027ms
...|[5015.674s][info][gc,start       ] GC(677) Pause Young (Prepare Mixed) (G1 Evacuation Pause)
[5015.675s][info][gc,task        ] GC(677) Using 8 workers of 8 for evacuation
[5015.825s][info][gc,phases      ] GC(677)   Pre Evacuate Collection Set: 0.27ms
[5015.825s][info][gc,phases      ] GC(677)   Merge Heap Roots: 0.77ms
[5015.825s][info][gc,phases      ] GC(677)   Evacuate Collection Set: 148.23ms
[5015.825s][info][gc,phases      ] GC(677)   Post Evacuate Collection Set: 1.15ms
[5015.825s][info][gc,phases      ] GC(677)   Other: 0.08ms
[5015.825s][info][gc,heap        ] GC(677) Eden regions: 541->0(572)
[5015.825s][info][gc,heap        ] GC(677) Survivor regions: 41->42(73)
[5015.825s][info][gc,heap        ] GC(677) Old regions: 252->260
[5015.825s][info][gc,heap        ] GC(677) Humongous regions: 33->33
[5015.825s][info][gc,metaspace   ] GC(677) Metaspace: 30018K(30528K)->30018K(30528K) NonClass: 26617K(26880K)->26617K(26880K) Class: 3400K(3648K)->3400K(3648K)
[5015.825s][info][gc             ] GC(677) Pause Young (Prepare Mixed) (G1 Evacuation Pause) 6919M->2661M(8192M) 150.636ms
[5015.825s][info][gc,cpu         ] GC(677) User=1.19s Sys=0.01s Real=0.15s
....[5020.337s][info][gc,start       ] GC(678) Pause Young (Mixed) (G1 Evacuation Pause)
[5020.337s][info][gc,task        ] GC(678) Using 8 workers of 8 for evacuation
[5020.494s][info][gc,phases      ] GC(678)   Pre Evacuate Collection Set: 0.33ms
[5020.494s][info][gc,phases      ] GC(678)   Merge Heap Roots: 0.87ms
[5020.494s][info][gc,phases      ] GC(678)   Evacuate Collection Set: 154.88ms
[5020.494s][info][gc,phases      ] GC(678)   Post Evacuate Collection Set: 1.26ms
[5020.494s][info][gc,phases      ] GC(678)   Other: 0.07ms
[5020.494s][info][gc,heap        ] GC(678) Eden regions: 572->0(571)
[5020.494s][info][gc,heap        ] GC(678) Survivor regions: 42->43(77)
[5020.494s][info][gc,heap        ] GC(678) Old regions: 260->164
[5020.494s][info][gc,heap        ] GC(678) Humongous regions: 33->33
[5020.494s][info][gc,metaspace   ] GC(678) Metaspace: 30018K(30528K)->30018K(30528K) NonClass: 26617K(26880K)->26617K(26880K) Class: 3400K(3648K)->3400K(3648K)
[5020.494s][info][gc             ] GC(678) Pause Young (Mixed) (G1 Evacuation Pause) 7237M->1903M(8192M) 157.540ms
[5020.494s][info][gc,cpu         ] GC(678) User=1.25s Sys=0.00s Real=0.15s
.....[5025.115s][info][gc,start       ] GC(679) Pause Young (Mixed) (G1 Evacuation Pause)
[5025.115s][info][gc,task        ] GC(679) Using 8 workers of 8 for evacuation
[5025.272s][info][gc,phases      ] GC(679)   Pre Evacuate Collection Set: 0.26ms
[5025.272s][info][gc,phases      ] GC(679)   Merge Heap Roots: 0.82ms
[5025.272s][info][gc,phases      ] GC(679)   Evacuate Collection Set: 155.35ms
[5025.272s][info][gc,phases      ] GC(679)   Post Evacuate Collection Set: 1.09ms
[5025.272s][info][gc,phases      ] GC(679)   Other: 0.07ms
[5025.272s][info][gc,heap        ] GC(679) Eden regions: 571->0(571)
[5025.272s][info][gc,heap        ] GC(679) Survivor regions: 43->43(77)
[5025.272s][info][gc,heap        ] GC(679) Old regions: 164->144
[5025.272s][info][gc,heap        ] GC(679) Humongous regions: 33->33
[5025.272s][info][gc,metaspace   ] GC(679) Metaspace: 30018K(30528K)->30018K(30528K) NonClass: 26617K(26880K)->26617K(26880K) Class: 3400K(3648K)->3400K(3648K)
[5025.272s][info][gc             ] GC(679) Pause Young (Mixed) (G1 Evacuation Pause) 6471M->1741M(8192M) 157.717ms
[5025.273s][info][gc,cpu         ] GC(679) User=1.25s Sys=0.00s Real=0.16s
.....[5029.795s][info][gc,start       ] GC(680) Pause Young (Normal) (G1 Evacuation Pause)
[5029.795s][info][gc,task        ] GC(680) Using 8 workers of 8 for evacuation
[5029.951s][info][gc,phases      ] GC(680)   Pre Evacuate Collection Set: 0.26ms
[5029.951s][info][gc,phases      ] GC(680)   Merge Heap Roots: 0.53ms
[5029.951s][info][gc,phases      ] GC(680)   Evacuate Collection Set: 153.92ms
[5029.951s][info][gc,phases      ] GC(680)   Post Evacuate Collection Set: 1.11ms
[5029.951s][info][gc,phases      ] GC(680)   Other: 0.06ms
[5029.951s][info][gc,heap        ] GC(680) Eden regions: 571->0(570)
[5029.951s][info][gc,heap        ] GC(680) Survivor regions: 43->44(77)
[5029.951s][info][gc,heap        ] GC(680) Old regions: 144->151
[5029.951s][info][gc,heap        ] GC(680) Humongous regions: 33->33
[5029.951s][info][gc,metaspace   ] GC(680) Metaspace: 30018K(30528K)->30018K(30528K) NonClass: 26617K(26880K)->26617K(26880K) Class: 3400K(3648K)->3400K(3648K)
[5029.951s][info][gc             ] GC(680) Pause Young (Normal) (G1 Evacuation Pause) 6309M->1801M(8192M) 156.019ms
[5029.951s][info][gc,cpu         ] GC(680) User=1.23s Sys=0.00s Real=0.16s
....[5034.421s][info][gc,start       ] GC(681) Pause Young (Normal) (G1 Evacuation Pause)
[5034.421s][info][gc,task        ] GC(681) Using 8 workers of 8 for evacuation
[5034.571s][info][gc,phases      ] GC(681)   Pre Evacuate Collection Set: 0.24ms
[5034.571s][info][gc,phases      ] GC(681)   Merge Heap Roots: 0.60ms
[5034.571s][info][gc,phases      ] GC(681)   Evacuate Collection Set: 148.40ms
[5034.571s][info][gc,phases      ] GC(681)   Post Evacuate Collection Set: 1.05ms
[5034.571s][info][gc,phases      ] GC(681)   Other: 0.06ms
[5034.571s][info][gc,heap        ] GC(681) Eden regions: 570->0(571)
[5034.571s][info][gc,heap        ] GC(681) Survivor regions: 44->43(77)
[5034.571s][info][gc,heap        ] GC(681) Old regions: 151->158
[5034.571s][info][gc,heap        ] GC(681) Humongous regions: 33->33
[5034.571s][info][gc,metaspace   ] GC(681) Metaspace: 30018K(30528K)->30018K(30528K) NonClass: 26617K(26880K)->26617K(26880K) Class: 3400K(3648K)->3400K(3648K)
[5034.571s][info][gc             ] GC(681) Pause Young (Normal) (G1 Evacuation Pause) 6361M->1851M(8192M) 150.502ms
[5034.571s][info][gc,cpu         ] GC(681) User=1.19s Sys=0.00s Real=0.15s
.....[5039.049s][info][gc,start       ] GC(682) Pause Young (Normal) (G1 Evacuation Pause)
[5039.049s][info][gc,task        ] GC(682) Using 8 workers of 8 for evacuation
[5039.197s][info][gc,phases      ] GC(682)   Pre Evacuate Collection Set: 0.30ms
[5039.198s][info][gc,phases      ] GC(682)   Merge Heap Roots: 0.57ms
[5039.198s][info][gc,phases      ] GC(682)   Evacuate Collection Set: 146.16ms
[5039.198s][info][gc,phases      ] GC(682)   Post Evacuate Collection Set: 1.08ms
[5039.198s][info][gc,phases      ] GC(682)   Other: 0.07ms
[5039.198s][info][gc,heap        ] GC(682) Eden regions: 571->0(572)
[5039.198s][info][gc,heap        ] GC(682) Survivor regions: 43->42(77)
[5039.198s][info][gc,heap        ] GC(682) Old regions: 158->165
[5039.198s][info][gc,heap        ] GC(682) Humongous regions: 33->33
[5039.198s][info][gc,metaspace   ] GC(682) Metaspace: 30018K(30528K)->30018K(30528K) NonClass: 26617K(26880K)->26617K(26880K) Class: 3400K(3648K)->3400K(3648K)
[5039.198s][info][gc             ] GC(682) Pause Young (Normal) (G1 Evacuation Pause) 6419M->1899M(8192M) 148.307ms
[5039.198s][info][gc,cpu         ] GC(682) User=1.17s Sys=0.00s Real=0.15s
.....[5043.735s][info][gc,start       ] GC(683) Pause Young (Normal) (G1 Evacuation Pause)
[5043.735s][info][gc,task        ] GC(683) Using 8 workers of 8 for evacuation
[5043.892s][info][gc,phases      ] GC(683)   Pre Evacuate Collection Set: 0.28ms
[5043.892s][info][gc,phases      ] GC(683)   Merge Heap Roots: 0.57ms
[5043.892s][info][gc,phases      ] GC(683)   Evacuate Collection Set: 154.49ms
[5043.892s][info][gc,phases      ] GC(683)   Post Evacuate Collection Set: 1.07ms
[5043.892s][info][gc,phases      ] GC(683)   Other: 0.06ms
[5043.892s][info][gc,heap        ] GC(683) Eden regions: 572->0(570)
[5043.892s][info][gc,heap        ] GC(683) Survivor regions: 42->44(77)
[5043.892s][info][gc,heap        ] GC(683) Old regions: 165->172
[5043.892s][info][gc,heap        ] GC(683) Humongous regions: 33->33
[5043.892s][info][gc,metaspace   ] GC(683) Metaspace: 30018K(30528K)->30018K(30528K) NonClass: 26617K(26880K)->26617K(26880K) Class: 3400K(3648K)->3400K(3648K)
[5043.892s][info][gc             ] GC(683) Pause Young (Normal) (G1 Evacuation Pause) 6475M->1974M(8192M) 156.605ms
[5043.892s][info][gc,cpu         ] GC(683) User=1.24s Sys=0.00s Real=0.16s
....[5048.389s][info][gc,start       ] GC(684) Pause Young (Normal) (G1 Evacuation Pause)
[5048.389s][info][gc,task        ] GC(684) Using 8 workers of 8 for evacuation
[5048.543s][info][gc,phases      ] GC(684)   Pre Evacuate Collection Set: 0.28ms
[5048.543s][info][gc,phases      ] GC(684)   Merge Heap Roots: 0.54ms
[5048.543s][info][gc,phases      ] GC(684)   Evacuate Collection Set: 151.84ms
[5048.543s][info][gc,phases      ] GC(684)   Post Evacuate Collection Set: 1.06ms
[5048.543s][info][gc,phases      ] GC(684)   Other: 0.06ms
[5048.543s][info][gc,heap        ] GC(684) Eden regions: 570->0(570)
[5048.543s][info][gc,heap        ] GC(684) Survivor regions: 44->44(77)
[5048.543s][info][gc,heap        ] GC(684) Old regions: 172->179
[5048.543s][info][gc,heap        ] GC(684) Humongous regions: 33->33
[5048.543s][info][gc,metaspace   ] GC(684) Metaspace: 30018K(30528K)->30018K(30528K) NonClass: 26617K(26880K)->26617K(26880K) Class: 3400K(3648K)->3400K(3648K)
[5048.543s][info][gc             ] GC(684) Pause Young (Normal) (G1 Evacuation Pause) 6534M->2032M(8192M) 153.931ms
[5048.543s][info][gc,cpu         ] GC(684) User=1.22s Sys=0.00s Real=0.15s
.....[5053.141s][info][gc,start       ] GC(685) Pause Young (Normal) (G1 Evacuation Pause)
[5053.141s][info][gc,task        ] GC(685) Using 8 workers of 8 for evacuation
[5053.293s][info][gc,phases      ] GC(685)   Pre Evacuate Collection Set: 0.24ms
[5053.293s][info][gc,phases      ] GC(685)   Merge Heap Roots: 0.56ms
[5053.293s][info][gc,phases      ] GC(685)   Evacuate Collection Set: 149.79ms
[5053.293s][info][gc,phases      ] GC(685)   Post Evacuate Collection Set: 1.05ms
[5053.293s][info][gc,phases      ] GC(685)   Other: 0.06ms
[5053.293s][info][gc,heap        ] GC(685) Eden regions: 570->0(570)
[5053.293s][info][gc,heap        ] GC(685) Survivor regions: 44->44(77)
[5053.293s][info][gc,heap        ] GC(685) Old regions: 179->186
[5053.293s][info][gc,heap        ] GC(685) Humongous regions: 33->33
[5053.293s][info][gc,metaspace   ] GC(685) Metaspace: 30018K(30528K)->30018K(30528K) NonClass: 26617K(26880K)->26617K(26880K) Class: 3400K(3648K)->3400K(3648K)
[5053.293s][info][gc             ] GC(685) Pause Young (Normal) (G1 Evacuation Pause) 6592M->2091M(8192M) 151.818ms
[5053.293s][info][gc,cpu         ] GC(685) User=1.20s Sys=0.00s Real=0.15s
.....[5057.774s][info][gc,start       ] GC(686) Pause Young (Normal) (G1 Evacuation Pause)
[5057.774s][info][gc,task        ] GC(686) Using 8 workers of 8 for evacuation
[5057.928s][info][gc,phases      ] GC(686)   Pre Evacuate Collection Set: 0.24ms
[5057.928s][info][gc,phases      ] GC(686)   Merge Heap Roots: 0.53ms
[5057.928s][info][gc,phases      ] GC(686)   Evacuate Collection Set: 152.21ms
[5057.928s][info][gc,phases      ] GC(686)   Post Evacuate Collection Set: 1.04ms
[5057.928s][info][gc,phases      ] GC(686)   Other: 0.07ms
[5057.928s][info][gc,heap        ] GC(686) Eden regions: 570->0(570)
[5057.928s][info][gc,heap        ] GC(686) Survivor regions: 44->44(77)
[5057.928s][info][gc,heap        ] GC(686) Old regions: 186->193
[5057.928s][info][gc,heap        ] GC(686) Humongous regions: 33->33
[5057.928s][info][gc,metaspace   ] GC(686) Metaspace: 30018K(30528K)->30018K(30528K) NonClass: 26617K(26880K)->26617K(26880K) Class: 3400K(3648K)->3400K(3648K)
[5057.928s][info][gc             ] GC(686) Pause Young (Normal) (G1 Evacuation Pause) 6651M->2143M(8192M) 154.234ms
[5057.929s][info][gc,cpu         ] GC(686) User=1.22s Sys=0.00s Real=0.16s
....[5062.534s][info][gc,start       ] GC(687) Pause Young (Normal) (G1 Evacuation Pause)
[5062.534s][info][gc,task        ] GC(687) Using 8 workers of 8 for evacuation
[5062.686s][info][gc,phases      ] GC(687)   Pre Evacuate Collection Set: 0.25ms
[5062.686s][info][gc,phases      ] GC(687)   Merge Heap Roots: 0.56ms
[5062.686s][info][gc,phases      ] GC(687)   Evacuate Collection Set: 149.93ms
[5062.686s][info][gc,phases      ] GC(687)   Post Evacuate Collection Set: 1.05ms
[5062.686s][info][gc,phases      ] GC(687)   Other: 0.06ms
[5062.686s][info][gc,heap        ] GC(687) Eden regions: 570->0(570)
[5062.686s][info][gc,heap        ] GC(687) Survivor regions: 44->44(77)
[5062.686s][info][gc,heap        ] GC(687) Old regions: 193->201
[5062.686s][info][gc,heap        ] GC(687) Humongous regions: 33->33
[5062.686s][info][gc,metaspace   ] GC(687) Metaspace: 30018K(30528K)->30018K(30528K) NonClass: 26617K(26880K)->26617K(26880K) Class: 3400K(3648K)->3400K(3648K)
[5062.686s][info][gc             ] GC(687) Pause Young (Normal) (G1 Evacuation Pause) 6703M->2201M(8192M) 151.998ms
[5062.686s][info][gc,cpu         ] GC(687) User=1.21s Sys=0.00s Real=0.16s
.....[5067.187s][info][gc,start       ] GC(688) Pause Young (Normal) (G1 Evacuation Pause)
[5067.187s][info][gc,task        ] GC(688) Using 8 workers of 8 for evacuation
[5067.340s][info][gc,phases      ] GC(688)   Pre Evacuate Collection Set: 0.24ms
[5067.340s][info][gc,phases      ] GC(688)   Merge Heap Roots: 0.53ms
[5067.340s][info][gc,phases      ] GC(688)   Evacuate Collection Set: 151.22ms
[5067.340s][info][gc,phases      ] GC(688)   Post Evacuate Collection Set: 1.08ms
[5067.340s][info][gc,phases      ] GC(688)   Other: 0.07ms
[5067.340s][info][gc,heap        ] GC(688) Eden regions: 570->0(570)
[5067.340s][info][gc,heap        ] GC(688) Survivor regions: 44->44(77)
[5067.340s][info][gc,heap        ] GC(688) Old regions: 201->208
[5067.340s][info][gc,heap        ] GC(688) Humongous regions: 33->33
[5067.340s][info][gc,metaspace   ] GC(688) Metaspace: 30018K(30528K)->30018K(30528K) NonClass: 26617K(26880K)->26617K(26880K) Class: 3400K(3648K)->3400K(3648K)
[5067.340s][info][gc             ] GC(688) Pause Young (Normal) (G1 Evacuation Pause) 6761M->2265M(8192M) 153.283ms
[5067.340s][info][gc,cpu         ] GC(688) User=1.21s Sys=0.00s Real=0.15s
.....[5071.851s][info][gc,start       ] GC(689) Pause Young (Normal) (G1 Evacuation Pause)
[5071.851s][info][gc,task        ] GC(689) Using 8 workers of 8 for evacuation
[5072.003s][info][gc,phases      ] GC(689)   Pre Evacuate Collection Set: 0.25ms
[5072.003s][info][gc,phases      ] GC(689)   Merge Heap Roots: 0.52ms
[5072.003s][info][gc,phases      ] GC(689)   Evacuate Collection Set: 150.83ms
[5072.003s][info][gc,phases      ] GC(689)   Post Evacuate Collection Set: 1.07ms
[5072.003s][info][gc,phases      ] GC(689)   Other: 0.07ms
[5072.003s][info][gc,heap        ] GC(689) Eden regions: 570->0(571)
[5072.003s][info][gc,heap        ] GC(689) Survivor regions: 44->43(77)
[5072.003s][info][gc,heap        ] GC(689) Old regions: 208->215
[5072.003s][info][gc,heap        ] GC(689) Humongous regions: 33->33
[5072.003s][info][gc,metaspace   ] GC(689) Metaspace: 30018K(30528K)->30018K(30528K) NonClass: 26617K(26880K)->26617K(26880K) Class: 3400K(3648K)->3400K(3648K)
[5072.003s][info][gc             ] GC(689) Pause Young (Normal) (G1 Evacuation Pause) 6825M->2311M(8192M) 152.872ms
[5072.003s][info][gc,cpu         ] GC(689) User=1.21s Sys=0.00s Real=0.15s
.... (rIR:aIR:PR = 8164:8149:8149) (tPR = 121353) [OK] 
  5075s: Performance info:
         Transaction,    Success,    Partial,     Failed,   Receipts, AvgBarcode, 
             Overall,     490801,          0,          0,     466158,      59.47, 
         Response times:
             Request,    Success,    Partial,     Failed,   SkipFail,     Probes,    Samples,      min,      p50,      p90,      p95,      p99,      max, 
       TotalPurchase,     466158,          0,          0,          0,     359688,     454261,      300,     5400,    12900,    38000,    88000,   557000,
     InStorePurchase,     244239,          0,          0,          0,     188409,     237666,      300,     5300,    12800,    38000,    88000,   557000,
      OnlinePurchase,     172808,          0,          0,          0,     132899,     167727,      300,     5500,    13000,    38000,    87000,   556000,
        InstPurchase,      49111,          0,          0,          0,      38380,      48868,      500,     5500,    12800,    36000,    89000,   522000,
          AssocOfCat,        491,          0,          0,          0,        405,        647,    28000,    42000,    93000,   126000,   192520,   258000,
      AssocOfProduct,       4901,          0,          0,          0,       3448,       4570,      700,     5400,    13590,    42000,    84290,   334000,
      BusinessReport,       1231,          0,          0,          0,       1103,       1538,    29000,    50000,    79000,   109100,   207440,   368000,
          CustBuyBeh,       4949,          0,          0,          0,       3452,       4660,      200,     5200,    12800,    38950,    88000,   194000,
       ProductReturn,      13072,          0,          0,          0,      10106,      13082,      200,     5400,    12300,    32000,    84000,   557000,

  5075s: (60%)   IR =   8302 [5076.666s][info][gc,start       ] GC(690) Pause Young (Normal) (G1 Evacuation Pause)
[5076.666s][info][gc,task        ] GC(690) Using 8 workers of 8 for evacuation
[5076.817s][info][gc,phases      ] GC(690)   Pre Evacuate Collection Set: 0.25ms
[5076.817s][info][gc,phases      ] GC(690)   Merge Heap Roots: 0.55ms
[5076.817s][info][gc,phases      ] GC(690)   Evacuate Collection Set: 149.03ms
[5076.817s][info][gc,phases      ] GC(690)   Post Evacuate Collection Set: 1.11ms
[5076.817s][info][gc,phases      ] GC(690)   Other: 0.06ms
[5076.817s][info][gc,heap        ] GC(690) Eden regions: 571->0(571)
[5076.817s][info][gc,heap        ] GC(690) Survivor regions: 43->43(77)
[5076.817s][info][gc,heap        ] GC(690) Old regions: 215->223
[5076.817s][info][gc,heap        ] GC(690) Humongous regions: 33->33
[5076.817s][info][gc,metaspace   ] GC(690) Metaspace: 30018K(30528K)->30018K(30528K) NonClass: 26617K(26880K)->26617K(26880K) Class: 3400K(3648K)->3400K(3648K)
[5076.817s][info][gc             ] GC(690) Pause Young (Normal) (G1 Evacuation Pause) 6879M->2374M(8192M) 151.138ms
[5076.817s][info][gc,cpu         ] GC(690) User=1.20s Sys=0.00s Real=0.15s
.....[5081.198s][info][gc,start       ] GC(691) Pause Young (Normal) (G1 Evacuation Pause)
[5081.198s][info][gc,task        ] GC(691) Using 8 workers of 8 for evacuation
[5081.348s][info][gc,phases      ] GC(691)   Pre Evacuate Collection Set: 0.25ms
[5081.348s][info][gc,phases      ] GC(691)   Merge Heap Roots: 0.53ms
[5081.348s][info][gc,phases      ] GC(691)   Evacuate Collection Set: 147.84ms
[5081.348s][info][gc,phases      ] GC(691)   Post Evacuate Collection Set: 1.13ms
[5081.348s][info][gc,phases      ] GC(691)   Other: 0.06ms
[5081.348s][info][gc,heap        ] GC(691) Eden regions: 571->0(571)
[5081.348s][info][gc,heap        ] GC(691) Survivor regions: 43->43(77)
[5081.348s][info][gc,heap        ] GC(691) Old regions: 223->230
[5081.348s][info][gc,heap        ] GC(691) Humongous regions: 33->33
[5081.348s][info][gc,metaspace   ] GC(691) Metaspace: 30018K(30528K)->30018K(30528K) NonClass: 26617K(26880K)->26617K(26880K) Class: 3400K(3648K)->3400K(3648K)
[5081.348s][info][gc             ] GC(691) Pause Young (Normal) (G1 Evacuation Pause) 6942M->2429M(8192M) 149.965ms
[5081.348s][info][gc,cpu         ] GC(691) User=1.18s Sys=0.00s Real=0.15s
.....[5085.849s][info][gc,start       ] GC(692) Pause Young (Normal) (G1 Evacuation Pause)
[5085.849s][info][gc,task        ] GC(692) Using 8 workers of 8 for evacuation
[5086.002s][info][gc,phases      ] GC(692)   Pre Evacuate Collection Set: 0.25ms
[5086.002s][info][gc,phases      ] GC(692)   Merge Heap Roots: 0.54ms
[5086.002s][info][gc,phases      ] GC(692)   Evacuate Collection Set: 151.04ms
[5086.002s][info][gc,phases      ] GC(692)   Post Evacuate Collection Set: 1.08ms
[5086.002s][info][gc,phases      ] GC(692)   Other: 0.07ms
[5086.002s][info][gc,heap        ] GC(692) Eden regions: 571->0(571)
[5086.002s][info][gc,heap        ] GC(692) Survivor regions: 43->43(77)
[5086.002s][info][gc,heap        ] GC(692) Old regions: 230->237
[5086.002s][info][gc,heap        ] GC(692) Humongous regions: 33->33
[5086.002s][info][gc,metaspace   ] GC(692) Metaspace: 30018K(30528K)->30018K(30528K) NonClass: 26617K(26880K)->26617K(26880K) Class: 3400K(3648K)->3400K(3648K)
[5086.002s][info][gc             ] GC(692) Pause Young (Normal) (G1 Evacuation Pause) 6997M->2483M(8192M) 153.120ms
[5086.002s][info][gc,cpu         ] GC(692) User=1.22s Sys=0.00s Real=0.15s
...|.[5090.500s][info][gc,start       ] GC(693) Pause Young (Normal) (G1 Evacuation Pause)
[5090.500s][info][gc,task        ] GC(693) Using 8 workers of 8 for evacuation
[5090.651s][info][gc,phases      ] GC(693)   Pre Evacuate Collection Set: 0.26ms
[5090.651s][info][gc,phases      ] GC(693)   Merge Heap Roots: 0.63ms
[5090.651s][info][gc,phases      ] GC(693)   Evacuate Collection Set: 149.15ms
[5090.651s][info][gc,phases      ] GC(693)   Post Evacuate Collection Set: 1.08ms
[5090.651s][info][gc,phases      ] GC(693)   Other: 0.07ms
[5090.651s][info][gc,heap        ] GC(693) Eden regions: 571->0(571)
[5090.651s][info][gc,heap        ] GC(693) Survivor regions: 43->43(77)
[5090.651s][info][gc,heap        ] GC(693) Old regions: 237->244
[5090.651s][info][gc,heap        ] GC(693) Humongous regions: 33->33
[5090.651s][info][gc,metaspace   ] GC(693) Metaspace: 30018K(30528K)->30018K(30528K) NonClass: 26617K(26880K)->26617K(26880K) Class: 3400K(3648K)->3400K(3648K)
[5090.651s][info][gc             ] GC(693) Pause Young (Normal) (G1 Evacuation Pause) 7051M->2543M(8192M) 151.335ms
[5090.651s][info][gc,cpu         ] GC(693) User=1.19s Sys=0.00s Real=0.15s
.....[5095.049s][info][gc,start       ] GC(694) Pause Young (Normal) (G1 Evacuation Pause)
[5095.050s][info][gc,task        ] GC(694) Using 8 workers of 8 for evacuation
[5095.201s][info][gc,phases      ] GC(694)   Pre Evacuate Collection Set: 0.26ms
[5095.201s][info][gc,phases      ] GC(694)   Merge Heap Roots: 0.53ms
[5095.201s][info][gc,phases      ] GC(694)   Evacuate Collection Set: 149.94ms
[5095.201s][info][gc,phases      ] GC(694)   Post Evacuate Collection Set: 1.06ms
[5095.201s][info][gc,phases      ] GC(694)   Other: 0.06ms
[5095.201s][info][gc,heap        ] GC(694) Eden regions: 571->0(571)
[5095.201s][info][gc,heap        ] GC(694) Survivor regions: 43->43(77)
[5095.201s][info][gc,heap        ] GC(694) Old regions: 244->251
[5095.201s][info][gc,heap        ] GC(694) Humongous regions: 33->33
[5095.201s][info][gc,metaspace   ] GC(694) Metaspace: 30018K(30528K)->30018K(30528K) NonClass: 26617K(26880K)->26617K(26880K) Class: 3400K(3648K)->3400K(3648K)
[5095.201s][info][gc             ] GC(694) Pause Young (Normal) (G1 Evacuation Pause) 7111M->2601M(8192M) 151.969ms
[5095.201s][info][gc,cpu         ] GC(694) User=1.20s Sys=0.00s Real=0.15s
....[5099.555s][info][gc,start       ] GC(695) Pause Young (Normal) (G1 Evacuation Pause)
[5099.555s][info][gc,task        ] GC(695) Using 8 workers of 8 for evacuation
[5099.708s][info][gc,phases      ] GC(695)   Pre Evacuate Collection Set: 0.24ms
[5099.708s][info][gc,phases      ] GC(695)   Merge Heap Roots: 0.53ms
[5099.708s][info][gc,phases      ] GC(695)   Evacuate Collection Set: 151.29ms
[5099.708s][info][gc,phases      ] GC(695)   Post Evacuate Collection Set: 1.07ms
[5099.708s][info][gc,phases      ] GC(695)   Other: 0.06ms
[5099.708s][info][gc,heap        ] GC(695) Eden regions: 571->0(570)
[5099.708s][info][gc,heap        ] GC(695) Survivor regions: 43->44(77)
[5099.708s][info][gc,heap        ] GC(695) Old regions: 251->258
[5099.708s][info][gc,heap        ] GC(695) Humongous regions: 33->33
[5099.708s][info][gc,metaspace   ] GC(695) Metaspace: 30018K(30528K)->30018K(30528K) NonClass: 26617K(26880K)->26617K(26880K) Class: 3400K(3648K)->3400K(3648K)
[5099.708s][info][gc             ] GC(695) Pause Young (Normal) (G1 Evacuation Pause) 7169M->2663M(8192M) 153.315ms
[5099.708s][info][gc,cpu         ] GC(695) User=1.22s Sys=0.00s Real=0.16s
.....[5104.132s][info][gc,start       ] GC(696) Pause Young (Normal) (G1 Evacuation Pause)
[5104.132s][info][gc,task        ] GC(696) Using 8 workers of 8 for evacuation
[5104.282s][info][gc,phases      ] GC(696)   Pre Evacuate Collection Set: 0.24ms
[5104.282s][info][gc,phases      ] GC(696)   Merge Heap Roots: 0.56ms
[5104.282s][info][gc,phases      ] GC(696)   Evacuate Collection Set: 147.46ms
[5104.282s][info][gc,phases      ] GC(696)   Post Evacuate Collection Set: 1.04ms
[5104.282s][info][gc,phases      ] GC(696)   Other: 0.08ms
[5104.282s][info][gc,heap        ] GC(696) Eden regions: 570->0(572)
[5104.282s][info][gc,heap        ] GC(696) Survivor regions: 44->42(77)
[5104.282s][info][gc,heap        ] GC(696) Old regions: 258->265
[5104.282s][info][gc,heap        ] GC(696) Humongous regions: 33->33
[5104.282s][info][gc,metaspace   ] GC(696) Metaspace: 30018K(30528K)->30018K(30528K) NonClass: 26617K(26880K)->26617K(26880K) Class: 3400K(3648K)->3400K(3648K)
[5104.282s][info][gc             ] GC(696) Pause Young (Normal) (G1 Evacuation Pause) 7223M->2707M(8192M) 149.516ms
[5104.282s][info][gc,cpu         ] GC(696) User=1.18s Sys=0.01s Real=0.15s
....[5108.786s][info][gc,start       ] GC(697) Pause Young (Normal) (G1 Evacuation Pause)
[5108.786s][info][gc,task        ] GC(697) Using 8 workers of 8 for evacuation
[5108.938s][info][gc,phases      ] GC(697)   Pre Evacuate Collection Set: 0.26ms
[5108.938s][info][gc,phases      ] GC(697)   Merge Heap Roots: 0.63ms
[5108.938s][info][gc,phases      ] GC(697)   Evacuate Collection Set: 150.04ms
[5108.938s][info][gc,phases      ] GC(697)   Post Evacuate Collection Set: 1.06ms
[5108.938s][info][gc,phases      ] GC(697)   Other: 0.06ms
[5108.938s][info][gc,heap        ] GC(697) Eden regions: 572->0(570)
[5108.938s][info][gc,heap        ] GC(697) Survivor regions: 42->44(77)
[5108.938s][info][gc,heap        ] GC(697) Old regions: 265->272
[5108.938s][info][gc,heap        ] GC(697) Humongous regions: 33->33
[5108.938s][info][gc,metaspace   ] GC(697) Metaspace: 30018K(30528K)->30018K(30528K) NonClass: 26617K(26880K)->26617K(26880K) Class: 3400K(3648K)->3400K(3648K)
[5108.938s][info][gc             ] GC(697) Pause Young (Normal) (G1 Evacuation Pause) 7283M->2775M(8192M) 152.190ms
[5108.938s][info][gc,cpu         ] GC(697) User=1.21s Sys=0.00s Real=0.15s
.....[5113.461s][info][gc,start       ] GC(698) Pause Young (Normal) (G1 Evacuation Pause)
[5113.461s][info][gc,task        ] GC(698) Using 8 workers of 8 for evacuation
[5113.611s][info][gc,phases      ] GC(698)   Pre Evacuate Collection Set: 0.27ms
[5113.611s][info][gc,phases      ] GC(698)   Merge Heap Roots: 0.53ms
[5113.611s][info][gc,phases      ] GC(698)   Evacuate Collection Set: 147.79ms
[5113.611s][info][gc,phases      ] GC(698)   Post Evacuate Collection Set: 1.06ms
[5113.611s][info][gc,phases      ] GC(698)   Other: 0.07ms
[5113.611s][info][gc,heap        ] GC(698) Eden regions: 570->0(571)
[5113.611s][info][gc,heap        ] GC(698) Survivor regions: 44->43(77)
[5113.611s][info][gc,heap        ] GC(698) Old regions: 272->279
[5113.611s][info][gc,heap        ] GC(698) Humongous regions: 33->33
[5113.611s][info][gc,metaspace   ] GC(698) Metaspace: 30018K(30528K)->30018K(30528K) NonClass: 26617K(26880K)->26617K(26880K) Class: 3400K(3648K)->3400K(3648K)
[5113.611s][info][gc             ] GC(698) Pause Young (Normal) (G1 Evacuation Pause) 7335M->2823M(8192M) 149.849ms
[5113.611s][info][gc,cpu         ] GC(698) User=1.19s Sys=0.00s Real=0.15s
.....[5117.996s][info][gc,start       ] GC(699) Pause Young (Normal) (G1 Evacuation Pause)
[5117.996s][info][gc,task        ] GC(699) Using 8 workers of 8 for evacuation
[5118.156s][info][gc,phases      ] GC(699)   Pre Evacuate Collection Set: 0.23ms
[5118.156s][info][gc,phases      ] GC(699)   Merge Heap Roots: 0.54ms
[5118.156s][info][gc,phases      ] GC(699)   Evacuate Collection Set: 158.53ms
[5118.156s][info][gc,phases      ] GC(699)   Post Evacuate Collection Set: 1.10ms
[5118.156s][info][gc,phases      ] GC(699)   Other: 0.06ms
[5118.156s][info][gc,heap        ] GC(699) Eden regions: 571->0(562)
[5118.156s][info][gc,heap        ] GC(699) Survivor regions: 43->45(77)
[5118.156s][info][gc,heap        ] GC(699) Old regions: 279->287
[5118.156s][info][gc,heap        ] GC(699) Humongous regions: 33->33
[5118.156s][info][gc,metaspace   ] GC(699) Metaspace: 30018K(30528K)->30018K(30528K) NonClass: 26617K(26880K)->26617K(26880K) Class: 3400K(3648K)->3400K(3648K)
[5118.156s][info][gc             ] GC(699) Pause Young (Normal) (G1 Evacuation Pause) 7391M->2899M(8192M) 160.594ms
[5118.156s][info][gc,cpu         ] GC(699) User=1.27s Sys=0.00s Real=0.16s
....[5122.595s][info][gc,start       ] GC(700) Pause Young (Normal) (G1 Evacuation Pause)
[5122.595s][info][gc,task        ] GC(700) Using 8 workers of 8 for evacuation
[5122.750s][info][gc,phases      ] GC(700)   Pre Evacuate Collection Set: 0.24ms
[5122.750s][info][gc,phases      ] GC(700)   Merge Heap Roots: 0.54ms
[5122.750s][info][gc,phases      ] GC(700)   Evacuate Collection Set: 153.18ms
[5122.750s][info][gc,phases      ] GC(700)   Post Evacuate Collection Set: 1.05ms
[5122.750s][info][gc,phases      ] GC(700)   Other: 0.07ms
[5122.750s][info][gc,heap        ] GC(700) Eden regions: 562->0(557)
[5122.750s][info][gc,heap        ] GC(700) Survivor regions: 45->44(76)
[5122.750s][info][gc,heap        ] GC(700) Old regions: 287->294
[5122.750s][info][gc,heap        ] GC(700) Humongous regions: 33->33
[5122.750s][info][gc,metaspace   ] GC(700) Metaspace: 30018K(30528K)->30018K(30528K) NonClass: 26617K(26880K)->26617K(26880K) Class: 3400K(3648K)->3400K(3648K)
[5122.750s][info][gc             ] GC(700) Pause Young (Normal) (G1 Evacuation Pause) 7395M->2951M(8192M) 155.221ms
[5122.750s][info][gc,cpu         ] GC(700) User=1.23s Sys=0.00s Real=0.16s
.....[5127.116s][info][gc,start       ] GC(701) Pause Young (Normal) (G1 Evacuation Pause)
[5127.116s][info][gc,task        ] GC(701) Using 8 workers of 8 for evacuation
[5127.266s][info][gc,phases      ] GC(701)   Pre Evacuate Collection Set: 0.27ms
[5127.266s][info][gc,phases      ] GC(701)   Merge Heap Roots: 0.53ms
[5127.266s][info][gc,phases      ] GC(701)   Evacuate Collection Set: 148.16ms
[5127.266s][info][gc,phases      ] GC(701)   Post Evacuate Collection Set: 1.01ms
[5127.266s][info][gc,phases      ] GC(701)   Other: 0.06ms
[5127.266s][info][gc,heap        ] GC(701) Eden regions: 557->0(551)
[5127.266s][info][gc,heap        ] GC(701) Survivor regions: 44->43(76)
[5127.266s][info][gc,heap        ] GC(701) Old regions: 294->302
[5127.266s][info][gc,heap        ] GC(701) Humongous regions: 33->33
[5127.266s][info][gc,metaspace   ] GC(701) Metaspace: 30018K(30528K)->30018K(30528K) NonClass: 26617K(26880K)->26617K(26880K) Class: 3400K(3648K)->3400K(3648K)
[5127.266s][info][gc             ] GC(701) Pause Young (Normal) (G1 Evacuation Pause) 7407M->3009M(8192M) 150.173ms
[5127.266s][info][gc,cpu         ] GC(701) User=1.19s Sys=0.01s Real=0.15s
....[5131.574s][info][gc,start       ] GC(702) Pause Young (Normal) (G1 Evacuation Pause)
[5131.574s][info][gc,task        ] GC(702) Using 8 workers of 8 for evacuation
[5131.723s][info][gc,phases      ] GC(702)   Pre Evacuate Collection Set: 0.26ms
[5131.723s][info][gc,phases      ] GC(702)   Merge Heap Roots: 0.59ms
[5131.723s][info][gc,phases      ] GC(702)   Evacuate Collection Set: 146.70ms
[5131.723s][info][gc,phases      ] GC(702)   Post Evacuate Collection Set: 1.04ms
[5131.723s][info][gc,phases      ] GC(702)   Other: 0.07ms
[5131.723s][info][gc,heap        ] GC(702) Eden regions: 551->0(543)
[5131.723s][info][gc,heap        ] GC(702) Survivor regions: 43->43(75)
[5131.723s][info][gc,heap        ] GC(702) Old regions: 302->310
[5131.723s][info][gc,heap        ] GC(702) Humongous regions: 33->33
[5131.723s][info][gc,metaspace   ] GC(702) Metaspace: 30018K(30528K)->30018K(30528K) NonClass: 26617K(26880K)->26617K(26880K) Class: 3400K(3648K)->3400K(3648K)
[5131.723s][info][gc             ] GC(702) Pause Young (Normal) (G1 Evacuation Pause) 7417M->3066M(8192M) 148.814ms
[5131.723s][info][gc,cpu         ] GC(702) User=1.18s Sys=0.00s Real=0.15s
....[5135.940s][info][gc,start       ] GC(703) Pause Young (Concurrent Start) (G1 Evacuation Pause)
[5135.940s][info][gc,task        ] GC(703) Using 8 workers of 8 for evacuation
[5136.088s][info][gc,phases      ] GC(703)   Pre Evacuate Collection Set: 0.33ms
[5136.088s][info][gc,phases      ] GC(703)   Merge Heap Roots: 0.53ms
[5136.088s][info][gc,phases      ] GC(703)   Evacuate Collection Set: 146.25ms
[5136.088s][info][gc,phases      ] GC(703)   Post Evacuate Collection Set: 1.03ms
[5136.088s][info][gc,phases      ] GC(703)   Other: 0.08ms
[5136.088s][info][gc,heap        ] GC(703) Eden regions: 543->0(538)
[5136.089s][info][gc,heap        ] GC(703) Survivor regions: 43->42(74)
[5136.089s][info][gc,heap        ] GC(703) Old regions: 310->317
[5136.089s][info][gc,heap        ] GC(703) Humongous regions: 33->33
[5136.089s][info][gc,metaspace   ] GC(703) Metaspace: 30018K(30528K)->30018K(30528K) NonClass: 26617K(26880K)->26617K(26880K) Class: 3400K(3648K)->3400K(3648K)
[5136.089s][info][gc             ] GC(703) Pause Young (Concurrent Start) (G1 Evacuation Pause) 7410M->3119M(8192M) 148.366ms
[5136.089s][info][gc             ] GC(704) Concurrent Mark Cycle
[5136.089s][info][gc,marking     ] GC(704) Concurrent Scan Root Regions
[5136.089s][info][gc,cpu         ] GC(703) User=1.17s Sys=0.00s Real=0.15s
.[5136.341s][info][gc,marking     ] GC(704) Concurrent Scan Root Regions 252.533ms
[5136.341s][info][gc,marking     ] GC(704) Concurrent Mark
[5136.341s][info][gc,marking     ] GC(704) Concurrent Mark From Roots
[5136.341s][info][gc,task        ] GC(704) Using 2 workers of 2 for marking
.[5137.307s][info][gc,marking     ] GC(704) Concurrent Mark From Roots 966.248ms
[5137.308s][info][gc,marking     ] GC(704) Concurrent Preclean
[5137.308s][info][gc,marking     ] GC(704) Concurrent Preclean 0.150ms
[5137.308s][info][gc,start       ] GC(704) Pause Remark
[5137.310s][info][gc             ] GC(704) Pause Remark 4424M->3896M(8192M) 1.796ms
[5137.310s][info][gc,cpu         ] GC(704) User=0.01s Sys=0.00s Real=0.00s
[5137.310s][info][gc,marking     ] GC(704) Concurrent Mark 968.506ms
[5137.310s][info][gc,marking     ] GC(704) Concurrent Rebuild Remembered Sets and Scrub Regions
[5137.846s][info][gc,marking     ] GC(704) Concurrent Rebuild Remembered Sets and Scrub Regions 536.349ms
[5137.846s][info][gc,start       ] GC(704) Pause Cleanup
[5137.847s][info][gc             ] GC(704) Pause Cleanup 4467M->4467M(8192M) 0.262ms
[5137.847s][info][gc,cpu         ] GC(704) User=0.00s Sys=0.00s Real=0.00s
[5137.847s][info][gc,marking     ] GC(704) Concurrent Clear Claimed Marks
[5137.847s][info][gc,marking     ] GC(704) Concurrent Clear Claimed Marks 0.043ms
[5137.847s][info][gc,marking     ] GC(704) Concurrent Cleanup for Next Mark
[5137.853s][info][gc,marking     ] GC(704) Concurrent Cleanup for Next Mark 6.532ms
[5137.853s][info][gc             ] GC(704) Concurrent Mark Cycle 1764.599ms
...[5140.309s][info][gc,start       ] GC(705) Pause Young (Prepare Mixed) (G1 Evacuation Pause)
[5140.309s][info][gc,task        ] GC(705) Using 8 workers of 8 for evacuation
[5140.460s][info][gc,phases      ] GC(705)   Pre Evacuate Collection Set: 0.27ms
[5140.460s][info][gc,phases      ] GC(705)   Merge Heap Roots: 0.70ms
[5140.460s][info][gc,phases      ] GC(705)   Evacuate Collection Set: 148.86ms
[5140.460s][info][gc,phases      ] GC(705)   Post Evacuate Collection Set: 1.14ms
[5140.460s][info][gc,phases      ] GC(705)   Other: 0.06ms
[5140.460s][info][gc,heap        ] GC(705) Eden regions: 538->0(572)
[5140.460s][info][gc,heap        ] GC(705) Survivor regions: 42->42(73)
[5140.460s][info][gc,heap        ] GC(705) Old regions: 251->259
[5140.460s][info][gc,heap        ] GC(705) Humongous regions: 33->33
[5140.460s][info][gc,metaspace   ] GC(705) Metaspace: 30018K(30528K)->30018K(30528K) NonClass: 26617K(26880K)->26617K(26880K) Class: 3400K(3648K)->3400K(3648K)
[5140.460s][info][gc             ] GC(705) Pause Young (Prepare Mixed) (G1 Evacuation Pause) 6895M->2650M(8192M) 151.153ms
[5140.460s][info][gc,cpu         ] GC(705) User=1.19s Sys=0.00s Real=0.15s
....[5144.924s][info][gc,start       ] GC(706) Pause Young (Mixed) (G1 Evacuation Pause)
[5144.924s][info][gc,task        ] GC(706) Using 8 workers of 8 for evacuation
[5145.081s][info][gc,phases      ] GC(706)   Pre Evacuate Collection Set: 0.28ms
[5145.081s][info][gc,phases      ] GC(706)   Merge Heap Roots: 0.76ms
[5145.081s][info][gc,phases      ] GC(706)   Evacuate Collection Set: 153.92ms
[5145.081s][info][gc,phases      ] GC(706)   Post Evacuate Collection Set: 1.30ms
[5145.081s][info][gc,phases      ] GC(706)   Other: 0.08ms
[5145.081s][info][gc,heap        ] GC(706) Eden regions: 572->0(572)
[5145.081s][info][gc,heap        ] GC(706) Survivor regions: 42->42(77)
[5145.081s][info][gc,heap        ] GC(706) Old regions: 259->164
[5145.081s][info][gc,heap        ] GC(706) Humongous regions: 33->33
[5145.081s][info][gc,metaspace   ] GC(706) Metaspace: 30018K(30528K)->30018K(30528K) NonClass: 26617K(26880K)->26617K(26880K) Class: 3400K(3648K)->3400K(3648K)
[5145.081s][info][gc             ] GC(706) Pause Young (Mixed) (G1 Evacuation Pause) 7226M->1895M(8192M) 156.487ms
[5145.081s][info][gc,cpu         ] GC(706) User=1.24s Sys=0.00s Real=0.16s
..... (rIR:aIR:PR = 8302:8305:8307) (tPR = 124085) [OK] 
  5148s: Performance info:
         Transaction,    Success,    Partial,     Failed,   Receipts, AvgBarcode, 
             Overall,     500698,          0,          0,     475684,      59.48, 
         Response times:
             Request,    Success,    Partial,     Failed,   SkipFail,     Probes,    Samples,      min,      p50,      p90,      p95,      p99,      max, 
       TotalPurchase,     475585,          0,          0,          0,     360736,     442191,      300,     5400,    13100,    39000,    91000,   740000,
     InStorePurchase,     249227,          0,          0,          0,     189737,     231822,      300,     5300,    13100,    39000,    90000,   740000,
      OnlinePurchase,     176183,          0,          0,          0,     132888,     163193,      300,     5500,    13200,    40000,    93000,   620000,
        InstPurchase,      50175,          0,          0,          0,      38111,      47176,      400,     5400,    13100,    37000,    88000,   730000,
          AssocOfCat,        496,          0,          0,          0,        406,        571,    28000,    40000,    68000,   107000,   200240,   354000,
      AssocOfProduct,       4993,          0,          0,          0,       3521,       4548,      600,     6700,    14600,    41000,    97510,   367000,
      BusinessReport,       1254,          0,          0,          0,       1120,       1493,    31000,    50000,    79000,   125000,   211060,   650000,
          CustBuyBeh,       5013,          0,          0,          0,       3530,       4575,      300,     5100,    13740,    46200,    89000,   362000,
       ProductReturn,      13201,          0,          0,          0,       9196,      11543,      200,     5200,    13900,    44000,    88000,   375000,

  5148s: (61%)   IR =   8441 [5149.504s][info][gc,start       ] GC(707) Pause Young (Mixed) (G1 Evacuation Pause)
[5149.504s][info][gc,task        ] GC(707) Using 8 workers of 8 for evacuation
[5149.661s][info][gc,phases      ] GC(707)   Pre Evacuate Collection Set: 0.26ms
[5149.661s][info][gc,phases      ] GC(707)   Merge Heap Roots: 0.83ms
[5149.661s][info][gc,phases      ] GC(707)   Evacuate Collection Set: 154.73ms
[5149.661s][info][gc,phases      ] GC(707)   Post Evacuate Collection Set: 1.08ms
[5149.661s][info][gc,phases      ] GC(707)   Other: 0.07ms
[5149.661s][info][gc,heap        ] GC(707) Eden regions: 572->0(571)
[5149.661s][info][gc,heap        ] GC(707) Survivor regions: 42->43(77)
[5149.661s][info][gc,heap        ] GC(707) Old regions: 164->143
[5149.661s][info][gc,heap        ] GC(707) Humongous regions: 33->33
[5149.661s][info][gc,metaspace   ] GC(707) Metaspace: 30018K(30528K)->30018K(30528K) NonClass: 26617K(26880K)->26617K(26880K) Class: 3400K(3648K)->3400K(3648K)
[5149.661s][info][gc             ] GC(707) Pause Young (Mixed) (G1 Evacuation Pause) 6471M->1733M(8192M) 157.102ms
[5149.661s][info][gc,cpu         ] GC(707) User=1.25s Sys=0.00s Real=0.16s
....[5154.023s][info][gc,start       ] GC(708) Pause Young (Normal) (G1 Evacuation Pause)
[5154.023s][info][gc,task        ] GC(708) Using 8 workers of 8 for evacuation
[5154.172s][info][gc,phases      ] GC(708)   Pre Evacuate Collection Set: 0.25ms
[5154.172s][info][gc,phases      ] GC(708)   Merge Heap Roots: 0.53ms
[5154.172s][info][gc,phases      ] GC(708)   Evacuate Collection Set: 147.43ms
[5154.172s][info][gc,phases      ] GC(708)   Post Evacuate Collection Set: 1.04ms
[5154.172s][info][gc,phases      ] GC(708)   Other: 0.06ms
[5154.172s][info][gc,heap        ] GC(708) Eden regions: 571->0(572)
[5154.172s][info][gc,heap        ] GC(708) Survivor regions: 43->42(77)
[5154.172s][info][gc,heap        ] GC(708) Old regions: 143->150
[5154.172s][info][gc,heap        ] GC(708) Humongous regions: 33->33
[5154.172s][info][gc,metaspace   ] GC(708) Metaspace: 30018K(30528K)->30018K(30528K) NonClass: 26617K(26880K)->26617K(26880K) Class: 3400K(3648K)->3400K(3648K)
[5154.172s][info][gc             ] GC(708) Pause Young (Normal) (G1 Evacuation Pause) 6301M->1787M(8192M) 149.459ms
[5154.172s][info][gc,cpu         ] GC(708) User=1.18s Sys=0.00s Real=0.15s
....|.[5158.516s][info][gc,start       ] GC(709) Pause Young (Normal) (G1 Evacuation Pause)
[5158.516s][info][gc,task        ] GC(709) Using 8 workers of 8 for evacuation
[5158.665s][info][gc,phases      ] GC(709)   Pre Evacuate Collection Set: 0.27ms
[5158.665s][info][gc,phases      ] GC(709)   Merge Heap Roots: 0.53ms
[5158.665s][info][gc,phases      ] GC(709)   Evacuate Collection Set: 147.45ms
[5158.665s][info][gc,phases      ] GC(709)   Post Evacuate Collection Set: 1.06ms
[5158.665s][info][gc,phases      ] GC(709)   Other: 0.06ms
[5158.665s][info][gc,heap        ] GC(709) Eden regions: 572->0(571)
[5158.665s][info][gc,heap        ] GC(709) Survivor regions: 42->43(77)
[5158.665s][info][gc,heap        ] GC(709) Old regions: 150->157
[5158.665s][info][gc,heap        ] GC(709) Humongous regions: 33->33
[5158.665s][info][gc,metaspace   ] GC(709) Metaspace: 30018K(30528K)->30018K(30528K) NonClass: 26617K(26880K)->26617K(26880K) Class: 3400K(3648K)->3400K(3648K)
[5158.665s][info][gc             ] GC(709) Pause Young (Normal) (G1 Evacuation Pause) 6363M->1847M(8192M) 149.504ms
[5158.665s][info][gc,cpu         ] GC(709) User=1.18s Sys=0.00s Real=0.14s
....[5163.104s][info][gc,start       ] GC(710) Pause Young (Normal) (G1 Evacuation Pause)
[5163.104s][info][gc,task        ] GC(710) Using 8 workers of 8 for evacuation
[5163.256s][info][gc,phases      ] GC(710)   Pre Evacuate Collection Set: 0.26ms
[5163.256s][info][gc,phases      ] GC(710)   Merge Heap Roots: 0.53ms
[5163.256s][info][gc,phases      ] GC(710)   Evacuate Collection Set: 149.32ms
[5163.256s][info][gc,phases      ] GC(710)   Post Evacuate Collection Set: 1.05ms
[5163.256s][info][gc,phases      ] GC(710)   Other: 0.08ms
[5163.256s][info][gc,heap        ] GC(710) Eden regions: 571->0(572)
[5163.256s][info][gc,heap        ] GC(710) Survivor regions: 43->42(77)
[5163.256s][info][gc,heap        ] GC(710) Old regions: 157->165
[5163.256s][info][gc,heap        ] GC(710) Humongous regions: 33->33
[5163.256s][info][gc,metaspace   ] GC(710) Metaspace: 30018K(30528K)->30018K(30528K) NonClass: 26617K(26880K)->26617K(26880K) Class: 3400K(3648K)->3400K(3648K)
[5163.256s][info][gc             ] GC(710) Pause Young (Normal) (G1 Evacuation Pause) 6415M->1902M(8192M) 151.367ms
[5163.256s][info][gc,cpu         ] GC(710) User=1.20s Sys=0.00s Real=0.16s
.....[5167.599s][info][gc,start       ] GC(711) Pause Young (Normal) (G1 Evacuation Pause)
[5167.599s][info][gc,task        ] GC(711) Using 8 workers of 8 for evacuation
[5167.750s][info][gc,phases      ] GC(711)   Pre Evacuate Collection Set: 0.28ms
[5167.750s][info][gc,phases      ] GC(711)   Merge Heap Roots: 0.61ms
[5167.750s][info][gc,phases      ] GC(711)   Evacuate Collection Set: 148.74ms
[5167.750s][info][gc,phases      ] GC(711)   Post Evacuate Collection Set: 1.05ms
[5167.750s][info][gc,phases      ] GC(711)   Other: 0.06ms
[5167.750s][info][gc,heap        ] GC(711) Eden regions: 572->0(571)
[5167.750s][info][gc,heap        ] GC(711) Survivor regions: 42->43(77)
[5167.750s][info][gc,heap        ] GC(711) Old regions: 165->172
[5167.750s][info][gc,heap        ] GC(711) Humongous regions: 33->33
[5167.750s][info][gc,metaspace   ] GC(711) Metaspace: 30018K(30528K)->30018K(30528K) NonClass: 26617K(26880K)->26617K(26880K) Class: 3400K(3648K)->3400K(3648K)
[5167.750s][info][gc             ] GC(711) Pause Young (Normal) (G1 Evacuation Pause) 6478M->1967M(8192M) 150.871ms
[5167.750s][info][gc,cpu         ] GC(711) User=1.19s Sys=0.00s Real=0.15s
....[5172.239s][info][gc,start       ] GC(712) Pause Young (Normal) (G1 Evacuation Pause)
[5172.239s][info][gc,task        ] GC(712) Using 8 workers of 8 for evacuation
[5172.395s][info][gc,phases      ] GC(712)   Pre Evacuate Collection Set: 0.24ms
[5172.395s][info][gc,phases      ] GC(712)   Merge Heap Roots: 0.52ms
[5172.395s][info][gc,phases      ] GC(712)   Evacuate Collection Set: 154.90ms
[5172.395s][info][gc,phases      ] GC(712)   Post Evacuate Collection Set: 1.04ms
[5172.395s][info][gc,phases      ] GC(712)   Other: 0.07ms
[5172.395s][info][gc,heap        ] GC(712) Eden regions: 571->0(571)
[5172.395s][info][gc,heap        ] GC(712) Survivor regions: 43->43(77)
[5172.395s][info][gc,heap        ] GC(712) Old regions: 172->179
[5172.395s][info][gc,heap        ] GC(712) Humongous regions: 33->33
[5172.395s][info][gc,metaspace   ] GC(712) Metaspace: 30018K(30528K)->30018K(30528K) NonClass: 26617K(26880K)->26617K(26880K) Class: 3400K(3648K)->3400K(3648K)
[5172.395s][info][gc             ] GC(712) Pause Young (Normal) (G1 Evacuation Pause) 6535M->2026M(8192M) 156.910ms
[5172.396s][info][gc,cpu         ] GC(712) User=1.25s Sys=0.00s Real=0.15s
.....[5176.779s][info][gc,start       ] GC(713) Pause Young (Normal) (G1 Evacuation Pause)
[5176.779s][info][gc,task        ] GC(713) Using 8 workers of 8 for evacuation
[5176.929s][info][gc,phases      ] GC(713)   Pre Evacuate Collection Set: 0.28ms
[5176.929s][info][gc,phases      ] GC(713)   Merge Heap Roots: 0.57ms
[5176.929s][info][gc,phases      ] GC(713)   Evacuate Collection Set: 147.68ms
[5176.929s][info][gc,phases      ] GC(713)   Post Evacuate Collection Set: 1.04ms
[5176.929s][info][gc,phases      ] GC(713)   Other: 0.06ms
[5176.929s][info][gc,heap        ] GC(713) Eden regions: 571->0(571)
[5176.929s][info][gc,heap        ] GC(713) Survivor regions: 43->43(77)
[5176.929s][info][gc,heap        ] GC(713) Old regions: 179->186
[5176.929s][info][gc,heap        ] GC(713) Humongous regions: 33->33
[5176.929s][info][gc,metaspace   ] GC(713) Metaspace: 30018K(30528K)->30018K(30528K) NonClass: 26617K(26880K)->26617K(26880K) Class: 3400K(3648K)->3400K(3648K)
[5176.929s][info][gc             ] GC(713) Pause Young (Normal) (G1 Evacuation Pause) 6594M->2079M(8192M) 149.768ms
[5176.929s][info][gc,cpu         ] GC(713) User=1.18s Sys=0.00s Real=0.15s
....[5181.309s][info][gc,start       ] GC(714) Pause Young (Normal) (G1 Evacuation Pause)
[5181.309s][info][gc,task        ] GC(714) Using 8 workers of 8 for evacuation
[5181.458s][info][gc,phases      ] GC(714)   Pre Evacuate Collection Set: 0.25ms
[5181.458s][info][gc,phases      ] GC(714)   Merge Heap Roots: 0.52ms
[5181.458s][info][gc,phases      ] GC(714)   Evacuate Collection Set: 147.32ms
[5181.458s][info][gc,phases      ] GC(714)   Post Evacuate Collection Set: 1.05ms
[5181.458s][info][gc,phases      ] GC(714)   Other: 0.06ms
[5181.458s][info][gc,heap        ] GC(714) Eden regions: 571->0(571)
[5181.458s][info][gc,heap        ] GC(714) Survivor regions: 43->43(77)
[5181.458s][info][gc,heap        ] GC(714) Old regions: 186->193
[5181.458s][info][gc,heap        ] GC(714) Humongous regions: 33->33
[5181.458s][info][gc,metaspace   ] GC(714) Metaspace: 30018K(30528K)->30018K(30528K) NonClass: 26617K(26880K)->26617K(26880K) Class: 3400K(3648K)->3400K(3648K)
[5181.458s][info][gc             ] GC(714) Pause Young (Normal) (G1 Evacuation Pause) 6647M->2135M(8192M) 149.338ms
[5181.458s][info][gc,cpu         ] GC(714) User=1.18s Sys=0.00s Real=0.15s
.....[5185.805s][info][gc,start       ] GC(715) Pause Young (Normal) (G1 Evacuation Pause)
[5185.805s][info][gc,task        ] GC(715) Using 8 workers of 8 for evacuation
[5185.960s][info][gc,phases      ] GC(715)   Pre Evacuate Collection Set: 0.24ms
[5185.960s][info][gc,phases      ] GC(715)   Merge Heap Roots: 0.53ms
[5185.960s][info][gc,phases      ] GC(715)   Evacuate Collection Set: 153.07ms
[5185.960s][info][gc,phases      ] GC(715)   Post Evacuate Collection Set: 1.05ms
[5185.960s][info][gc,phases      ] GC(715)   Other: 0.06ms
[5185.960s][info][gc,heap        ] GC(715) Eden regions: 571->0(570)
[5185.960s][info][gc,heap        ] GC(715) Survivor regions: 43->44(77)
[5185.960s][info][gc,heap        ] GC(715) Old regions: 193->201
[5185.960s][info][gc,heap        ] GC(715) Humongous regions: 33->33
[5185.960s][info][gc,metaspace   ] GC(715) Metaspace: 30018K(30528K)->30018K(30528K) NonClass: 26617K(26880K)->26617K(26880K) Class: 3400K(3648K)->3400K(3648K)
[5185.960s][info][gc             ] GC(715) Pause Young (Normal) (G1 Evacuation Pause) 6703M->2201M(8192M) 155.103ms
[5185.960s][info][gc,cpu         ] GC(715) User=1.23s Sys=0.00s Real=0.16s
....[5190.222s][info][gc,start       ] GC(716) Pause Young (Normal) (G1 Evacuation Pause)
[5190.222s][info][gc,task        ] GC(716) Using 8 workers of 8 for evacuation
[5190.371s][info][gc,phases      ] GC(716)   Pre Evacuate Collection Set: 0.24ms
[5190.372s][info][gc,phases      ] GC(716)   Merge Heap Roots: 0.54ms
[5190.372s][info][gc,phases      ] GC(716)   Evacuate Collection Set: 147.42ms
[5190.372s][info][gc,phases      ] GC(716)   Post Evacuate Collection Set: 1.04ms
[5190.372s][info][gc,phases      ] GC(716)   Other: 0.07ms
[5190.372s][info][gc,heap        ] GC(716) Eden regions: 570->0(572)
[5190.372s][info][gc,heap        ] GC(716) Survivor regions: 44->42(77)
[5190.372s][info][gc,heap        ] GC(716) Old regions: 201->208
[5190.372s][info][gc,heap        ] GC(716) Humongous regions: 33->33
[5190.372s][info][gc,metaspace   ] GC(716) Metaspace: 30018K(30528K)->30018K(30528K) NonClass: 26617K(26880K)->26617K(26880K) Class: 3400K(3648K)->3400K(3648K)
[5190.372s][info][gc             ] GC(716) Pause Young (Normal) (G1 Evacuation Pause) 6761M->2246M(8192M) 149.435ms
[5190.372s][info][gc,cpu         ] GC(716) User=1.18s Sys=0.00s Real=0.15s
.....[5194.804s][info][gc,start       ] GC(717) Pause Young (Normal) (G1 Evacuation Pause)
[5194.804s][info][gc,task        ] GC(717) Using 8 workers of 8 for evacuation
[5194.956s][info][gc,phases      ] GC(717)   Pre Evacuate Collection Set: 0.25ms
[5194.956s][info][gc,phases      ] GC(717)   Merge Heap Roots: 0.59ms
[5194.956s][info][gc,phases      ] GC(717)   Evacuate Collection Set: 150.27ms
[5194.956s][info][gc,phases      ] GC(717)   Post Evacuate Collection Set: 1.04ms
[5194.956s][info][gc,phases      ] GC(717)   Other: 0.06ms
[5194.956s][info][gc,heap        ] GC(717) Eden regions: 572->0(570)
[5194.956s][info][gc,heap        ] GC(717) Survivor regions: 42->44(77)
[5194.956s][info][gc,heap        ] GC(717) Old regions: 208->215
[5194.956s][info][gc,heap        ] GC(717) Humongous regions: 33->33
[5194.956s][info][gc,metaspace   ] GC(717) Metaspace: 30018K(30528K)->30018K(30528K) NonClass: 26617K(26880K)->26617K(26880K) Class: 3400K(3648K)->3400K(3648K)
[5194.956s][info][gc             ] GC(717) Pause Young (Normal) (G1 Evacuation Pause) 6822M->2315M(8192M) 152.353ms
[5194.956s][info][gc,cpu         ] GC(717) User=1.21s Sys=0.00s Real=0.16s
....[5199.361s][info][gc,start       ] GC(718) Pause Young (Normal) (G1 Evacuation Pause)
[5199.361s][info][gc,task        ] GC(718) Using 8 workers of 8 for evacuation
[5199.515s][info][gc,phases      ] GC(718)   Pre Evacuate Collection Set: 0.25ms
[5199.515s][info][gc,phases      ] GC(718)   Merge Heap Roots: 0.53ms
[5199.515s][info][gc,phases      ] GC(718)   Evacuate Collection Set: 151.13ms
[5199.515s][info][gc,phases      ] GC(718)   Post Evacuate Collection Set: 1.07ms
[5199.515s][info][gc,phases      ] GC(718)   Other: 0.06ms
[5199.515s][info][gc,heap        ] GC(718) Eden regions: 570->0(571)
[5199.515s][info][gc,heap        ] GC(718) Survivor regions: 44->43(77)
[5199.515s][info][gc,heap        ] GC(718) Old regions: 215->222
[5199.515s][info][gc,heap        ] GC(718) Humongous regions: 33->33
[5199.515s][info][gc,metaspace   ] GC(718) Metaspace: 30018K(30528K)->30018K(30528K) NonClass: 26617K(26880K)->26617K(26880K) Class: 3400K(3648K)->3400K(3648K)
[5199.515s][info][gc             ] GC(718) Pause Young (Normal) (G1 Evacuation Pause) 6875M->2369M(8192M) 153.188ms
[5199.515s][info][gc,cpu         ] GC(718) User=1.21s Sys=0.00s Real=0.15s
.....[5203.902s][info][gc,start       ] GC(719) Pause Young (Normal) (G1 Evacuation Pause)
[5203.902s][info][gc,task        ] GC(719) Using 8 workers of 8 for evacuation
[5204.055s][info][gc,phases      ] GC(719)   Pre Evacuate Collection Set: 0.24ms
[5204.055s][info][gc,phases      ] GC(719)   Merge Heap Roots: 0.53ms
[5204.055s][info][gc,phases      ] GC(719)   Evacuate Collection Set: 151.38ms
[5204.055s][info][gc,phases      ] GC(719)   Post Evacuate Collection Set: 1.05ms
[5204.055s][info][gc,phases      ] GC(719)   Other: 0.07ms
[5204.055s][info][gc,heap        ] GC(719) Eden regions: 571->0(571)
[5204.055s][info][gc,heap        ] GC(719) Survivor regions: 43->43(77)
[5204.055s][info][gc,heap        ] GC(719) Old regions: 222->229
[5204.055s][info][gc,heap        ] GC(719) Humongous regions: 33->33
[5204.055s][info][gc,metaspace   ] GC(719) Metaspace: 30018K(30528K)->30018K(30528K) NonClass: 26617K(26880K)->26617K(26880K) Class: 3400K(3648K)->3400K(3648K)
[5204.055s][info][gc             ] GC(719) Pause Young (Normal) (G1 Evacuation Pause) 6937M->2426M(8192M) 153.393ms
[5204.055s][info][gc,cpu         ] GC(719) User=1.21s Sys=0.00s Real=0.15s
....[5208.517s][info][gc,start       ] GC(720) Pause Young (Normal) (G1 Evacuation Pause)
[5208.517s][info][gc,task        ] GC(720) Using 8 workers of 8 for evacuation
[5208.666s][info][gc,phases      ] GC(720)   Pre Evacuate Collection Set: 0.25ms
[5208.666s][info][gc,phases      ] GC(720)   Merge Heap Roots: 0.53ms
[5208.666s][info][gc,phases      ] GC(720)   Evacuate Collection Set: 147.48ms
[5208.666s][info][gc,phases      ] GC(720)   Post Evacuate Collection Set: 1.03ms
[5208.666s][info][gc,phases      ] GC(720)   Other: 0.07ms
[5208.666s][info][gc,heap        ] GC(720) Eden regions: 571->0(571)
[5208.666s][info][gc,heap        ] GC(720) Survivor regions: 43->43(77)
[5208.666s][info][gc,heap        ] GC(720) Old regions: 229->237
[5208.666s][info][gc,heap        ] GC(720) Humongous regions: 33->33
[5208.666s][info][gc,metaspace   ] GC(720) Metaspace: 30018K(30528K)->30018K(30528K) NonClass: 26617K(26880K)->26617K(26880K) Class: 3400K(3648K)->3400K(3648K)
[5208.666s][info][gc             ] GC(720) Pause Young (Normal) (G1 Evacuation Pause) 6994M->2481M(8192M) 149.484ms
[5208.666s][info][gc,cpu         ] GC(720) User=1.18s Sys=0.00s Real=0.15s
.....[5213.017s][info][gc,start       ] GC(721) Pause Young (Normal) (G1 Evacuation Pause)
[5213.017s][info][gc,task        ] GC(721) Using 8 workers of 8 for evacuation
[5213.173s][info][gc,phases      ] GC(721)   Pre Evacuate Collection Set: 0.24ms
[5213.173s][info][gc,phases      ] GC(721)   Merge Heap Roots: 0.55ms
[5213.173s][info][gc,phases      ] GC(721)   Evacuate Collection Set: 154.20ms
[5213.173s][info][gc,phases      ] GC(721)   Post Evacuate Collection Set: 1.04ms
[5213.173s][info][gc,phases      ] GC(721)   Other: 0.07ms
[5213.173s][info][gc,heap        ] GC(721) Eden regions: 571->0(570)
[5213.173s][info][gc,heap        ] GC(721) Survivor regions: 43->44(77)
[5213.173s][info][gc,heap        ] GC(721) Old regions: 237->244
[5213.173s][info][gc,heap        ] GC(721) Humongous regions: 33->33
[5213.173s][info][gc,metaspace   ] GC(721) Metaspace: 30018K(30528K)->30018K(30528K) NonClass: 26617K(26880K)->26617K(26880K) Class: 3400K(3648K)->3400K(3648K)
[5213.173s][info][gc             ] GC(721) Pause Young (Normal) (G1 Evacuation Pause) 7049M->2550M(8192M) 156.216ms
[5213.173s][info][gc,cpu         ] GC(721) User=1.24s Sys=0.00s Real=0.15s
....[5217.512s][info][gc,start       ] GC(722) Pause Young (Normal) (G1 Evacuation Pause)
[5217.512s][info][gc,task        ] GC(722) Using 8 workers of 8 for evacuation
[5217.663s][info][gc,phases      ] GC(722)   Pre Evacuate Collection Set: 0.24ms
[5217.663s][info][gc,phases      ] GC(722)   Merge Heap Roots: 0.53ms
[5217.663s][info][gc,phases      ] GC(722)   Evacuate Collection Set: 149.29ms
[5217.663s][info][gc,phases      ] GC(722)   Post Evacuate Collection Set: 1.06ms
[5217.663s][info][gc,phases      ] GC(722)   Other: 0.06ms
[5217.663s][info][gc,heap        ] GC(722) Eden regions: 570->0(571)
[5217.663s][info][gc,heap        ] GC(722) Survivor regions: 44->43(77)
[5217.663s][info][gc,heap        ] GC(722) Old regions: 244->251
[5217.663s][info][gc,heap        ] GC(722) Humongous regions: 33->33
[5217.663s][info][gc,metaspace   ] GC(722) Metaspace: 30018K(30528K)->30018K(30528K) NonClass: 26617K(26880K)->26617K(26880K) Class: 3400K(3648K)->3400K(3648K)
[5217.663s][info][gc             ] GC(722) Pause Young (Normal) (G1 Evacuation Pause) 7110M->2598M(8192M) 151.323ms
[5217.663s][info][gc,cpu         ] GC(722) User=1.20s Sys=0.00s Real=0.15s
. (rIR:aIR:PR = 8441:8410:8404) (tPR = 125078) [OK] 
  5217s: Performance info:
         Transaction,    Success,    Partial,     Failed,   Receipts, AvgBarcode, 
             Overall,     508261,          0,          0,     483025,      59.47, 
         Response times:
             Request,    Success,    Partial,     Failed,   SkipFail,     Probes,    Samples,      min,      p50,      p90,      p95,      p99,      max, 
       TotalPurchase,     483294,          0,          0,          0,     360340,     410825,      300,     5600,    12900,    30000,    80000,   353000,
     InStorePurchase,     253044,          0,          0,          0,     189103,     215316,      300,     5500,    12900,    31000,    78000,   353000,
      OnlinePurchase,     178421,          0,          0,          0,     133382,     151999,      300,     5800,    13000,    29000,    81000,   353000,
        InstPurchase,      51829,          0,          0,          0,      37855,      43510,      400,     5800,    12900,    31000,    85000,   352000,
          AssocOfCat,        511,          0,          0,          0,        424,        583,    26000,    41000,    63000,    74000,   126800,   213000,
      AssocOfProduct,       5059,          0,          0,          0,       3571,       4254,      700,     6100,    13000,    28000,    79450,   220000,
      BusinessReport,       1278,          0,          0,          0,       1140,       1426,    29000,    51000,    75000,   108000,   200380,   228000,
          CustBuyBeh,       5114,          0,          0,          0,       3579,       4283,      200,     4700,    13100,    27000,    84160,   221000,
       ProductReturn,      13378,          0,          0,          0,       9519,      11165,      200,     5400,    13400,    27000,    75000,   352000,

  5217s: (62%)   IR =   8579 ....[5222.024s][info][gc,start       ] GC(723) Pause Young (Normal) (G1 Evacuation Pause)
[5222.024s][info][gc,task        ] GC(723) Using 8 workers of 8 for evacuation
[5222.178s][info][gc,phases      ] GC(723)   Pre Evacuate Collection Set: 0.24ms
[5222.178s][info][gc,phases      ] GC(723)   Merge Heap Roots: 0.54ms
[5222.178s][info][gc,phases      ] GC(723)   Evacuate Collection Set: 152.49ms
[5222.178s][info][gc,phases      ] GC(723)   Post Evacuate Collection Set: 1.13ms
[5222.178s][info][gc,phases      ] GC(723)   Other: 0.08ms
[5222.178s][info][gc,heap        ] GC(723) Eden regions: 571->0(571)
[5222.178s][info][gc,heap        ] GC(723) Survivor regions: 43->43(77)
[5222.178s][info][gc,heap        ] GC(723) Old regions: 251->258
[5222.178s][info][gc,heap        ] GC(723) Humongous regions: 33->33
[5222.178s][info][gc,metaspace   ] GC(723) Metaspace: 30018K(30528K)->30018K(30528K) NonClass: 26617K(26880K)->26617K(26880K) Class: 3400K(3648K)->3400K(3648K)
[5222.179s][info][gc             ] GC(723) Pause Young (Normal) (G1 Evacuation Pause) 7166M->2659M(8192M) 154.613ms
[5222.179s][info][gc,cpu         ] GC(723) User=1.22s Sys=0.00s Real=0.16s
....[5226.402s][info][gc,start       ] GC(724) Pause Young (Normal) (G1 Evacuation Pause)
[5226.402s][info][gc,task        ] GC(724) Using 8 workers of 8 for evacuation
[5226.552s][info][gc,phases      ] GC(724)   Pre Evacuate Collection Set: 0.27ms
[5226.552s][info][gc,phases      ] GC(724)   Merge Heap Roots: 0.54ms
[5226.552s][info][gc,phases      ] GC(724)   Evacuate Collection Set: 147.62ms
[5226.552s][info][gc,phases      ] GC(724)   Post Evacuate Collection Set: 1.12ms
[5226.552s][info][gc,phases      ] GC(724)   Other: 0.07ms
[5226.552s][info][gc,heap        ] GC(724) Eden regions: 571->0(571)
[5226.552s][info][gc,heap        ] GC(724) Survivor regions: 43->43(77)
[5226.552s][info][gc,heap        ] GC(724) Old regions: 258->265
[5226.552s][info][gc,heap        ] GC(724) Humongous regions: 33->33
[5226.552s][info][gc,metaspace   ] GC(724) Metaspace: 30018K(30528K)->30018K(30528K) NonClass: 26617K(26880K)->26617K(26880K) Class: 3400K(3648K)->3400K(3648K)
[5226.552s][info][gc             ] GC(724) Pause Young (Normal) (G1 Evacuation Pause) 7227M->2715M(8192M) 149.781ms
[5226.552s][info][gc,cpu         ] GC(724) User=1.18s Sys=0.00s Real=0.15s
.|....[5230.912s][info][gc,start       ] GC(725) Pause Young (Normal) (G1 Evacuation Pause)
[5230.912s][info][gc,task        ] GC(725) Using 8 workers of 8 for evacuation
[5231.059s][info][gc,phases      ] GC(725)   Pre Evacuate Collection Set: 0.24ms
[5231.059s][info][gc,phases      ] GC(725)   Merge Heap Roots: 0.53ms
[5231.059s][info][gc,phases      ] GC(725)   Evacuate Collection Set: 145.17ms
[5231.059s][info][gc,phases      ] GC(725)   Post Evacuate Collection Set: 1.07ms
[5231.059s][info][gc,phases      ] GC(725)   Other: 0.07ms
[5231.059s][info][gc,heap        ] GC(725) Eden regions: 571->0(572)
[5231.059s][info][gc,heap        ] GC(725) Survivor regions: 43->42(77)
[5231.059s][info][gc,heap        ] GC(725) Old regions: 265->272
[5231.059s][info][gc,heap        ] GC(725) Humongous regions: 33->33
[5231.059s][info][gc,metaspace   ] GC(725) Metaspace: 30018K(30528K)->30018K(30528K) NonClass: 26617K(26880K)->26617K(26880K) Class: 3400K(3648K)->3400K(3648K)
[5231.059s][info][gc             ] GC(725) Pause Young (Normal) (G1 Evacuation Pause) 7283M->2763M(8192M) 147.207ms
[5231.060s][info][gc,cpu         ] GC(725) User=1.16s Sys=0.00s Real=0.15s
....[5235.485s][info][gc,start       ] GC(726) Pause Young (Normal) (G1 Evacuation Pause)
[5235.485s][info][gc,task        ] GC(726) Using 8 workers of 8 for evacuation
[5235.637s][info][gc,phases      ] GC(726)   Pre Evacuate Collection Set: 0.24ms
[5235.637s][info][gc,phases      ] GC(726)   Merge Heap Roots: 0.53ms
[5235.637s][info][gc,phases      ] GC(726)   Evacuate Collection Set: 149.61ms
[5235.637s][info][gc,phases      ] GC(726)   Post Evacuate Collection Set: 1.07ms
[5235.637s][info][gc,phases      ] GC(726)   Other: 0.07ms
[5235.637s][info][gc,heap        ] GC(726) Eden regions: 572->0(571)
[5235.637s][info][gc,heap        ] GC(726) Survivor regions: 42->43(77)
[5235.637s][info][gc,heap        ] GC(726) Old regions: 272->279
[5235.637s][info][gc,heap        ] GC(726) Humongous regions: 33->33
[5235.637s][info][gc,metaspace   ] GC(726) Metaspace: 30018K(30528K)->30018K(30528K) NonClass: 26617K(26880K)->26617K(26880K) Class: 3400K(3648K)->3400K(3648K)
[5235.637s][info][gc             ] GC(726) Pause Young (Normal) (G1 Evacuation Pause) 7339M->2827M(8192M) 151.659ms
[5235.637s][info][gc,cpu         ] GC(726) User=1.20s Sys=0.00s Real=0.16s
.....[5240.023s][info][gc,start       ] GC(727) Pause Young (Normal) (G1 Evacuation Pause)
[5240.023s][info][gc,task        ] GC(727) Using 8 workers of 8 for evacuation
[5240.173s][info][gc,phases      ] GC(727)   Pre Evacuate Collection Set: 0.27ms
[5240.173s][info][gc,phases      ] GC(727)   Merge Heap Roots: 0.53ms
[5240.173s][info][gc,phases      ] GC(727)   Evacuate Collection Set: 148.24ms
[5240.173s][info][gc,phases      ] GC(727)   Post Evacuate Collection Set: 1.07ms
[5240.173s][info][gc,phases      ] GC(727)   Other: 0.06ms
[5240.173s][info][gc,heap        ] GC(727) Eden regions: 571->0(565)
[5240.173s][info][gc,heap        ] GC(727) Survivor regions: 43->44(77)
[5240.173s][info][gc,heap        ] GC(727) Old regions: 279->286
[5240.173s][info][gc,heap        ] GC(727) Humongous regions: 33->33
[5240.173s][info][gc,metaspace   ] GC(727) Metaspace: 30018K(30528K)->30018K(30528K) NonClass: 26617K(26880K)->26617K(26880K) Class: 3400K(3648K)->3400K(3648K)
[5240.173s][info][gc             ] GC(727) Pause Young (Normal) (G1 Evacuation Pause) 7395M->2887M(8192M) 150.307ms
[5240.173s][info][gc,cpu         ] GC(727) User=1.18s Sys=0.00s Real=0.15s
....[5244.294s][info][gc,start       ] GC(728) Pause Young (Normal) (G1 Evacuation Pause)
[5244.294s][info][gc,task        ] GC(728) Using 8 workers of 8 for evacuation
[5244.444s][info][gc,phases      ] GC(728)   Pre Evacuate Collection Set: 0.26ms
[5244.444s][info][gc,phases      ] GC(728)   Merge Heap Roots: 0.55ms
[5244.444s][info][gc,phases      ] GC(728)   Evacuate Collection Set: 148.09ms
[5244.444s][info][gc,phases      ] GC(728)   Post Evacuate Collection Set: 1.03ms
[5244.444s][info][gc,phases      ] GC(728)   Other: 0.06ms
[5244.444s][info][gc,heap        ] GC(728) Eden regions: 565->0(560)
[5244.444s][info][gc,heap        ] GC(728) Survivor regions: 44->43(77)
[5244.444s][info][gc,heap        ] GC(728) Old regions: 286->293
[5244.444s][info][gc,heap        ] GC(728) Humongous regions: 33->33
[5244.444s][info][gc,metaspace   ] GC(728) Metaspace: 30018K(30528K)->30018K(30528K) NonClass: 26617K(26880K)->26617K(26880K) Class: 3400K(3648K)->3400K(3648K)
[5244.444s][info][gc             ] GC(728) Pause Young (Normal) (G1 Evacuation Pause) 7407M->2939M(8192M) 150.162ms
[5244.444s][info][gc,cpu         ] GC(728) User=1.19s Sys=0.00s Real=0.15s
....[5248.675s][info][gc,start       ] GC(729) Pause Young (Normal) (G1 Evacuation Pause)
[5248.675s][info][gc,task        ] GC(729) Using 8 workers of 8 for evacuation
[5248.831s][info][gc,phases      ] GC(729)   Pre Evacuate Collection Set: 0.24ms
[5248.831s][info][gc,phases      ] GC(729)   Merge Heap Roots: 0.62ms
[5248.831s][info][gc,phases      ] GC(729)   Evacuate Collection Set: 153.97ms
[5248.831s][info][gc,phases      ] GC(729)   Post Evacuate Collection Set: 1.07ms
[5248.831s][info][gc,phases      ] GC(729)   Other: 0.06ms
[5248.831s][info][gc,heap        ] GC(729) Eden regions: 560->0(552)
[5248.831s][info][gc,heap        ] GC(729) Survivor regions: 43->43(76)
[5248.831s][info][gc,heap        ] GC(729) Old regions: 293->301
[5248.831s][info][gc,heap        ] GC(729) Humongous regions: 33->33
[5248.831s][info][gc,metaspace   ] GC(729) Metaspace: 30018K(30528K)->30018K(30528K) NonClass: 26617K(26880K)->26617K(26880K) Class: 3400K(3648K)->3400K(3648K)
[5248.831s][info][gc             ] GC(729) Pause Young (Normal) (G1 Evacuation Pause) 7419M->2999M(8192M) 156.092ms
[5248.831s][info][gc,cpu         ] GC(729) User=1.24s Sys=0.00s Real=0.16s
.....[5252.968s][info][gc,start       ] GC(730) Pause Young (Normal) (G1 Evacuation Pause)
[5252.968s][info][gc,task        ] GC(730) Using 8 workers of 8 for evacuation
[5253.116s][info][gc,phases      ] GC(730)   Pre Evacuate Collection Set: 0.24ms
[5253.116s][info][gc,phases      ] GC(730)   Merge Heap Roots: 0.53ms
[5253.116s][info][gc,phases      ] GC(730)   Evacuate Collection Set: 145.96ms
[5253.116s][info][gc,phases      ] GC(730)   Post Evacuate Collection Set: 1.04ms
[5253.116s][info][gc,phases      ] GC(730)   Other: 0.06ms
[5253.116s][info][gc,heap        ] GC(730) Eden regions: 552->0(547)
[5253.116s][info][gc,heap        ] GC(730) Survivor regions: 43->42(75)
[5253.116s][info][gc,heap        ] GC(730) Old regions: 301->308
[5253.116s][info][gc,heap        ] GC(730) Humongous regions: 33->33
[5253.116s][info][gc,metaspace   ] GC(730) Metaspace: 30018K(30528K)->30018K(30528K) NonClass: 26617K(26880K)->26617K(26880K) Class: 3400K(3648K)->3400K(3648K)
[5253.116s][info][gc             ] GC(730) Pause Young (Normal) (G1 Evacuation Pause) 7415M->3045M(8192M) 147.953ms
[5253.116s][info][gc,cpu         ] GC(730) User=1.17s Sys=0.00s Real=0.15s
....[5257.172s][info][gc,start       ] GC(731) Pause Young (Concurrent Start) (G1 Evacuation Pause)
[5257.172s][info][gc,task        ] GC(731) Using 8 workers of 8 for evacuation
[5257.320s][info][gc,phases      ] GC(731)   Pre Evacuate Collection Set: 0.33ms
[5257.320s][info][gc,phases      ] GC(731)   Merge Heap Roots: 0.68ms
[5257.320s][info][gc,phases      ] GC(731)   Evacuate Collection Set: 145.56ms
[5257.320s][info][gc,phases      ] GC(731)   Post Evacuate Collection Set: 1.03ms
[5257.320s][info][gc,phases      ] GC(731)   Other: 0.11ms
[5257.320s][info][gc,heap        ] GC(731) Eden regions: 547->0(540)
[5257.320s][info][gc,heap        ] GC(731) Survivor regions: 42->42(74)
[5257.320s][info][gc,heap        ] GC(731) Old regions: 308->315
[5257.320s][info][gc,heap        ] GC(731) Humongous regions: 33->33
[5257.320s][info][gc,metaspace   ] GC(731) Metaspace: 30018K(30528K)->30018K(30528K) NonClass: 26617K(26880K)->26617K(26880K) Class: 3400K(3648K)->3400K(3648K)
[5257.320s][info][gc             ] GC(731) Pause Young (Concurrent Start) (G1 Evacuation Pause) 7421M->3103M(8192M) 147.858ms
[5257.320s][info][gc             ] GC(732) Concurrent Mark Cycle
[5257.320s][info][gc,marking     ] GC(732) Concurrent Scan Root Regions
[5257.320s][info][gc,cpu         ] GC(731) User=1.17s Sys=0.00s Real=0.15s
[5257.621s][info][gc,marking     ] GC(732) Concurrent Scan Root Regions 301.049ms
[5257.621s][info][gc,marking     ] GC(732) Concurrent Mark
[5257.621s][info][gc,marking     ] GC(732) Concurrent Mark From Roots
[5257.621s][info][gc,task        ] GC(732) Using 2 workers of 2 for marking
.[5258.860s][info][gc,marking     ] GC(732) Concurrent Mark From Roots 1238.688ms
[5258.860s][info][gc,marking     ] GC(732) Concurrent Preclean
[5258.860s][info][gc,marking     ] GC(732) Concurrent Preclean 0.147ms
[5258.860s][info][gc,start       ] GC(732) Pause Remark
[5258.862s][info][gc             ] GC(732) Pause Remark 4876M->4324M(8192M) 2.063ms
[5258.862s][info][gc,cpu         ] GC(732) User=0.01s Sys=0.00s Real=0.00s
[5258.862s][info][gc,marking     ] GC(732) Concurrent Mark 1241.220ms
[5258.862s][info][gc,marking     ] GC(732) Concurrent Rebuild Remembered Sets and Scrub Regions
.[5259.375s][info][gc,marking     ] GC(732) Concurrent Rebuild Remembered Sets and Scrub Regions 512.568ms
[5259.375s][info][gc,start       ] GC(732) Pause Cleanup
[5259.375s][info][gc             ] GC(732) Pause Cleanup 4828M->4828M(8192M) 0.268ms
[5259.375s][info][gc,cpu         ] GC(732) User=0.00s Sys=0.00s Real=0.00s
[5259.376s][info][gc,marking     ] GC(732) Concurrent Clear Claimed Marks
[5259.376s][info][gc,marking     ] GC(732) Concurrent Clear Claimed Marks 0.045ms
[5259.376s][info][gc,marking     ] GC(732) Concurrent Cleanup for Next Mark
[5259.383s][info][gc,marking     ] GC(732) Concurrent Cleanup for Next Mark 6.977ms
[5259.383s][info][gc             ] GC(732) Concurrent Mark Cycle 2062.503ms
..[5261.421s][info][gc,start       ] GC(733) Pause Young (Prepare Mixed) (G1 Evacuation Pause)
[5261.421s][info][gc,task        ] GC(733) Using 8 workers of 8 for evacuation
[5261.570s][info][gc,phases      ] GC(733)   Pre Evacuate Collection Set: 0.28ms
[5261.570s][info][gc,phases      ] GC(733)   Merge Heap Roots: 0.72ms
[5261.570s][info][gc,phases      ] GC(733)   Evacuate Collection Set: 146.58ms
[5261.570s][info][gc,phases      ] GC(733)   Post Evacuate Collection Set: 1.15ms
[5261.570s][info][gc,phases      ] GC(733)   Other: 0.06ms
[5261.570s][info][gc,heap        ] GC(733) Eden regions: 540->0(573)
[5261.570s][info][gc,heap        ] GC(733) Survivor regions: 42->41(73)
[5261.570s][info][gc,heap        ] GC(733) Old regions: 246->254
[5261.570s][info][gc,heap        ] GC(733) Humongous regions: 33->33
[5261.570s][info][gc,metaspace   ] GC(733) Metaspace: 30018K(30528K)->30018K(30528K) NonClass: 26617K(26880K)->26617K(26880K) Class: 3400K(3648K)->3400K(3648K)
[5261.570s][info][gc             ] GC(733) Pause Young (Prepare Mixed) (G1 Evacuation Pause) 6871M->2603M(8192M) 148.932ms
[5261.570s][info][gc,cpu         ] GC(733) User=1.18s Sys=0.00s Real=0.15s
.....[5265.953s][info][gc,start       ] GC(734) Pause Young (Mixed) (G1 Evacuation Pause)
[5265.954s][info][gc,task        ] GC(734) Using 8 workers of 8 for evacuation
[5266.107s][info][gc,phases      ] GC(734)   Pre Evacuate Collection Set: 0.27ms
[5266.107s][info][gc,phases      ] GC(734)   Merge Heap Roots: 0.78ms
[5266.107s][info][gc,phases      ] GC(734)   Evacuate Collection Set: 151.29ms
[5266.107s][info][gc,phases      ] GC(734)   Post Evacuate Collection Set: 1.30ms
[5266.107s][info][gc,phases      ] GC(734)   Other: 0.07ms
[5266.107s][info][gc,heap        ] GC(734) Eden regions: 573->0(572)
[5266.107s][info][gc,heap        ] GC(734) Survivor regions: 41->42(77)
[5266.107s][info][gc,heap        ] GC(734) Old regions: 254->159
[5266.107s][info][gc,heap        ] GC(734) Humongous regions: 33->33
[5266.107s][info][gc,metaspace   ] GC(734) Metaspace: 30018K(30528K)->30018K(30528K) NonClass: 26617K(26880K)->26617K(26880K) Class: 3400K(3648K)->3400K(3648K)
[5266.107s][info][gc             ] GC(734) Pause Young (Mixed) (G1 Evacuation Pause) 7187M->1851M(8192M) 153.886ms
[5266.107s][info][gc,cpu         ] GC(734) User=1.22s Sys=0.00s Real=0.16s
....[5270.323s][info][gc,start       ] GC(735) Pause Young (Mixed) (G1 Evacuation Pause)
[5270.323s][info][gc,task        ] GC(735) Using 8 workers of 8 for evacuation
[5270.488s][info][gc,phases      ] GC(735)   Pre Evacuate Collection Set: 0.25ms
[5270.488s][info][gc,phases      ] GC(735)   Merge Heap Roots: 0.86ms
[5270.488s][info][gc,phases      ] GC(735)   Evacuate Collection Set: 161.90ms
[5270.488s][info][gc,phases      ] GC(735)   Post Evacuate Collection Set: 1.07ms
[5270.488s][info][gc,phases      ] GC(735)   Other: 0.07ms
[5270.488s][info][gc,heap        ] GC(735) Eden regions: 572->0(569)
[5270.488s][info][gc,heap        ] GC(735) Survivor regions: 42->45(77)
[5270.488s][info][gc,heap        ] GC(735) Old regions: 159->143
[5270.488s][info][gc,heap        ] GC(735) Humongous regions: 33->33
[5270.488s][info][gc,metaspace   ] GC(735) Metaspace: 30018K(30528K)->30018K(30528K) NonClass: 26617K(26880K)->26617K(26880K) Class: 3400K(3648K)->3400K(3648K)
[5270.488s][info][gc             ] GC(735) Pause Young (Mixed) (G1 Evacuation Pause) 6427M->1748M(8192M) 164.267ms
[5270.488s][info][gc,cpu         ] GC(735) User=1.30s Sys=0.00s Real=0.17s
....[5274.746s][info][gc,start       ] GC(736) Pause Young (Normal) (G1 Evacuation Pause)
[5274.746s][info][gc,task        ] GC(736) Using 8 workers of 8 for evacuation
[5274.899s][info][gc,phases      ] GC(736)   Pre Evacuate Collection Set: 0.25ms
[5274.899s][info][gc,phases      ] GC(736)   Merge Heap Roots: 0.52ms
[5274.899s][info][gc,phases      ] GC(736)   Evacuate Collection Set: 150.75ms
[5274.899s][info][gc,phases      ] GC(736)   Post Evacuate Collection Set: 1.07ms
[5274.899s][info][gc,phases      ] GC(736)   Other: 0.06ms
[5274.899s][info][gc,heap        ] GC(736) Eden regions: 569->0(571)
[5274.899s][info][gc,heap        ] GC(736) Survivor regions: 45->43(77)
[5274.899s][info][gc,heap        ] GC(736) Old regions: 143->150
[5274.899s][info][gc,heap        ] GC(736) Humongous regions: 33->33
[5274.899s][info][gc,metaspace   ] GC(736) Metaspace: 30018K(30528K)->30018K(30528K) NonClass: 26617K(26880K)->26617K(26880K) Class: 3400K(3648K)->3400K(3648K)
[5274.899s][info][gc             ] GC(736) Pause Young (Normal) (G1 Evacuation Pause) 6300M->1791M(8192M) 152.787ms
[5274.899s][info][gc,cpu         ] GC(736) User=1.21s Sys=0.00s Real=0.15s
.....[5279.201s][info][gc,start       ] GC(737) Pause Young (Normal) (G1 Evacuation Pause)
[5279.201s][info][gc,task        ] GC(737) Using 8 workers of 8 for evacuation
[5279.353s][info][gc,phases      ] GC(737)   Pre Evacuate Collection Set: 0.24ms
[5279.353s][info][gc,phases      ] GC(737)   Merge Heap Roots: 0.53ms
[5279.353s][info][gc,phases      ] GC(737)   Evacuate Collection Set: 150.05ms
[5279.353s][info][gc,phases      ] GC(737)   Post Evacuate Collection Set: 1.08ms
[5279.353s][info][gc,phases      ] GC(737)   Other: 0.06ms
[5279.353s][info][gc,heap        ] GC(737) Eden regions: 571->0(571)
[5279.353s][info][gc,heap        ] GC(737) Survivor regions: 43->43(77)
[5279.353s][info][gc,heap        ] GC(737) Old regions: 150->158
[5279.353s][info][gc,heap        ] GC(737) Humongous regions: 33->33
[5279.353s][info][gc,metaspace   ] GC(737) Metaspace: 30018K(30528K)->30018K(30528K) NonClass: 26617K(26880K)->26617K(26880K) Class: 3400K(3648K)->3400K(3648K)
[5279.353s][info][gc             ] GC(737) Pause Young (Normal) (G1 Evacuation Pause) 6359M->1853M(8192M) 152.093ms
[5279.353s][info][gc,cpu         ] GC(737) User=1.20s Sys=0.00s Real=0.15s
....[5283.653s][info][gc,start       ] GC(738) Pause Young (Normal) (G1 Evacuation Pause)
[5283.653s][info][gc,task        ] GC(738) Using 8 workers of 8 for evacuation
[5283.807s][info][gc,phases      ] GC(738)   Pre Evacuate Collection Set: 0.24ms
[5283.807s][info][gc,phases      ] GC(738)   Merge Heap Roots: 0.52ms
[5283.807s][info][gc,phases      ] GC(738)   Evacuate Collection Set: 152.42ms
[5283.807s][info][gc,phases      ] GC(738)   Post Evacuate Collection Set: 1.06ms
[5283.807s][info][gc,phases      ] GC(738)   Other: 0.09ms
[5283.807s][info][gc,heap        ] GC(738) Eden regions: 571->0(571)
[5283.807s][info][gc,heap        ] GC(738) Survivor regions: 43->43(77)
[5283.807s][info][gc,heap        ] GC(738) Old regions: 158->165
[5283.807s][info][gc,heap        ] GC(738) Humongous regions: 33->33
[5283.807s][info][gc,metaspace   ] GC(738) Metaspace: 30018K(30528K)->30018K(30528K) NonClass: 26617K(26880K)->26617K(26880K) Class: 3400K(3648K)->3400K(3648K)
[5283.807s][info][gc             ] GC(738) Pause Young (Normal) (G1 Evacuation Pause) 6421M->1909M(8192M) 154.461ms
[5283.807s][info][gc,cpu         ] GC(738) User=1.22s Sys=0.01s Real=0.16s
.... (rIR:aIR:PR = 8579:8575:8574) (tPR = 126764) [OK] 
  5286s: Performance info:
         Transaction,    Success,    Partial,     Failed,   Receipts, AvgBarcode, 
             Overall,     514833,          0,          0,     489000,      59.47, 
         Response times:
             Request,    Success,    Partial,     Failed,   SkipFail,     Probes,    Samples,      min,      p50,      p90,      p95,      p99,      max, 
       TotalPurchase,     489054,          0,          0,          0,     359647,     416413,      300,     5500,    16600,    44000,   101000,  1200000,
     InStorePurchase,     257946,          0,          0,          0,     188769,     218355,      300,     5400,    16500,    43000,    99000,  1200000,
      OnlinePurchase,     179511,          0,          0,          0,     132436,     153315,      300,     5600,    16700,    46000,   102000,  1200000,
        InstPurchase,      51597,          0,          0,          0,      38442,      44743,      500,     5800,    16800,    46000,   103000,   960000,
          AssocOfCat,        518,          0,          0,          0,        437,        593,    29000,    45000,    82200,   119000,   205060,   228000,
      AssocOfProduct,       5177,          0,          0,          0,       3641,       4389,      700,     6600,    17100,    41000,    98300,   393000,
      BusinessReport,       1291,          0,          0,          0,       1140,       1455,    31000,    53000,   105000,   145000,   216440,   292000,
          CustBuyBeh,       5198,          0,          0,          0,       3649,       4481,      200,     5400,    16800,    50000,   128180,   339000,
       ProductReturn,      13661,          0,          0,          0,       9451,      11208,      200,     5100,    16100,    40000,    92000,   483000,

  5286s: (63%)   IR =   8717 .[5288.212s][info][gc,start       ] GC(739) Pause Young (Normal) (G1 Evacuation Pause)
[5288.212s][info][gc,task        ] GC(739) Using 8 workers of 8 for evacuation
[5288.363s][info][gc,phases      ] GC(739)   Pre Evacuate Collection Set: 0.27ms
[5288.363s][info][gc,phases      ] GC(739)   Merge Heap Roots: 0.53ms
[5288.363s][info][gc,phases      ] GC(739)   Evacuate Collection Set: 149.56ms
[5288.363s][info][gc,phases      ] GC(739)   Post Evacuate Collection Set: 1.06ms
[5288.363s][info][gc,phases      ] GC(739)   Other: 0.06ms
[5288.363s][info][gc,heap        ] GC(739) Eden regions: 571->0(570)
[5288.363s][info][gc,heap        ] GC(739) Survivor regions: 43->44(77)
[5288.363s][info][gc,heap        ] GC(739) Old regions: 165->172
[5288.363s][info][gc,heap        ] GC(739) Humongous regions: 33->33
[5288.363s][info][gc,metaspace   ] GC(739) Metaspace: 30018K(30528K)->30018K(30528K) NonClass: 26617K(26880K)->26617K(26880K) Class: 3400K(3648K)->3400K(3648K)
[5288.363s][info][gc             ] GC(739) Pause Young (Normal) (G1 Evacuation Pause) 6477M->1970M(8192M) 151.610ms
[5288.363s][info][gc,cpu         ] GC(739) User=1.20s Sys=0.00s Real=0.15s
....[5292.560s][info][gc,start       ] GC(740) Pause Young (Normal) (G1 Evacuation Pause)
[5292.560s][info][gc,task        ] GC(740) Using 8 workers of 8 for evacuation
[5292.713s][info][gc,phases      ] GC(740)   Pre Evacuate Collection Set: 0.26ms
[5292.713s][info][gc,phases      ] GC(740)   Merge Heap Roots: 0.59ms
[5292.713s][info][gc,phases      ] GC(740)   Evacuate Collection Set: 151.01ms
[5292.713s][info][gc,phases      ] GC(740)   Post Evacuate Collection Set: 1.09ms
[5292.713s][info][gc,phases      ] GC(740)   Other: 0.06ms
[5292.713s][info][gc,heap        ] GC(740) Eden regions: 570->0(571)
[5292.713s][info][gc,heap        ] GC(740) Survivor regions: 44->43(77)
[5292.713s][info][gc,heap        ] GC(740) Old regions: 172->179
[5292.713s][info][gc,heap        ] GC(740) Humongous regions: 33->33
[5292.713s][info][gc,metaspace   ] GC(740) Metaspace: 30018K(30528K)->30018K(30528K) NonClass: 26617K(26880K)->26617K(26880K) Class: 3400K(3648K)->3400K(3648K)
[5292.713s][info][gc             ] GC(740) Pause Young (Normal) (G1 Evacuation Pause) 6530M->2018M(8192M) 153.155ms
[5292.713s][info][gc,cpu         ] GC(740) User=1.21s Sys=0.00s Real=0.15s
.|...[5296.935s][info][gc,start       ] GC(741) Pause Young (Normal) (G1 Evacuation Pause)
[5296.935s][info][gc,task        ] GC(741) Using 8 workers of 8 for evacuation
[5297.086s][info][gc,phases      ] GC(741)   Pre Evacuate Collection Set: 0.27ms
[5297.086s][info][gc,phases      ] GC(741)   Merge Heap Roots: 0.53ms
[5297.086s][info][gc,phases      ] GC(741)   Evacuate Collection Set: 149.51ms
[5297.086s][info][gc,phases      ] GC(741)   Post Evacuate Collection Set: 1.05ms
[5297.086s][info][gc,phases      ] GC(741)   Other: 0.07ms
[5297.086s][info][gc,heap        ] GC(741) Eden regions: 571->0(571)
[5297.086s][info][gc,heap        ] GC(741) Survivor regions: 43->43(77)
[5297.086s][info][gc,heap        ] GC(741) Old regions: 179->186
[5297.086s][info][gc,heap        ] GC(741) Humongous regions: 33->33
[5297.086s][info][gc,metaspace   ] GC(741) Metaspace: 30018K(30528K)->30018K(30528K) NonClass: 26617K(26880K)->26617K(26880K) Class: 3400K(3648K)->3400K(3648K)
[5297.086s][info][gc             ] GC(741) Pause Young (Normal) (G1 Evacuation Pause) 6586M->2081M(8192M) 151.550ms
[5297.086s][info][gc,cpu         ] GC(741) User=1.20s Sys=0.01s Real=0.16s
.....[5301.273s][info][gc,start       ] GC(742) Pause Young (Normal) (G1 Evacuation Pause)
[5301.273s][info][gc,task        ] GC(742) Using 8 workers of 8 for evacuation
[5301.426s][info][gc,phases      ] GC(742)   Pre Evacuate Collection Set: 0.25ms
[5301.426s][info][gc,phases      ] GC(742)   Merge Heap Roots: 0.53ms
[5301.426s][info][gc,phases      ] GC(742)   Evacuate Collection Set: 151.09ms
[5301.426s][info][gc,phases      ] GC(742)   Post Evacuate Collection Set: 1.06ms
[5301.426s][info][gc,phases      ] GC(742)   Other: 0.06ms
[5301.426s][info][gc,heap        ] GC(742) Eden regions: 571->0(571)
[5301.426s][info][gc,heap        ] GC(742) Survivor regions: 43->43(77)
[5301.426s][info][gc,heap        ] GC(742) Old regions: 186->193
[5301.426s][info][gc,heap        ] GC(742) Humongous regions: 33->33
[5301.426s][info][gc,metaspace   ] GC(742) Metaspace: 30018K(30528K)->30018K(30528K) NonClass: 26617K(26880K)->26617K(26880K) Class: 3400K(3648K)->3400K(3648K)
[5301.426s][info][gc             ] GC(742) Pause Young (Normal) (G1 Evacuation Pause) 6649M->2135M(8192M) 153.125ms
[5301.426s][info][gc,cpu         ] GC(742) User=1.21s Sys=0.00s Real=0.16s
....[5305.576s][info][gc,start       ] GC(743) Pause Young (Normal) (G1 Evacuation Pause)
[5305.576s][info][gc,task        ] GC(743) Using 8 workers of 8 for evacuation
[5305.729s][info][gc,phases      ] GC(743)   Pre Evacuate Collection Set: 0.25ms
[5305.729s][info][gc,phases      ] GC(743)   Merge Heap Roots: 0.53ms
[5305.729s][info][gc,phases      ] GC(743)   Evacuate Collection Set: 150.80ms
[5305.729s][info][gc,phases      ] GC(743)   Post Evacuate Collection Set: 1.03ms
[5305.729s][info][gc,phases      ] GC(743)   Other: 0.06ms
[5305.729s][info][gc,heap        ] GC(743) Eden regions: 571->0(571)
[5305.729s][info][gc,heap        ] GC(743) Survivor regions: 43->43(77)
[5305.729s][info][gc,heap        ] GC(743) Old regions: 193->200
[5305.729s][info][gc,heap        ] GC(743) Humongous regions: 33->33
[5305.729s][info][gc,metaspace   ] GC(743) Metaspace: 30018K(30528K)->30018K(30528K) NonClass: 26617K(26880K)->26617K(26880K) Class: 3400K(3648K)->3400K(3648K)
[5305.729s][info][gc             ] GC(743) Pause Young (Normal) (G1 Evacuation Pause) 6703M->2195M(8192M) 152.827ms
[5305.729s][info][gc,cpu         ] GC(743) User=1.20s Sys=0.00s Real=0.15s
....[5310.009s][info][gc,start       ] GC(744) Pause Young (Normal) (G1 Evacuation Pause)
[5310.009s][info][gc,task        ] GC(744) Using 8 workers of 8 for evacuation
[5310.157s][info][gc,phases      ] GC(744)   Pre Evacuate Collection Set: 0.28ms
[5310.157s][info][gc,phases      ] GC(744)   Merge Heap Roots: 0.54ms
[5310.157s][info][gc,phases      ] GC(744)   Evacuate Collection Set: 146.16ms
[5310.157s][info][gc,phases      ] GC(744)   Post Evacuate Collection Set: 1.10ms
[5310.157s][info][gc,phases      ] GC(744)   Other: 0.06ms
[5310.157s][info][gc,heap        ] GC(744) Eden regions: 571->0(571)
[5310.157s][info][gc,heap        ] GC(744) Survivor regions: 43->43(77)
[5310.157s][info][gc,heap        ] GC(744) Old regions: 200->207
[5310.157s][info][gc,heap        ] GC(744) Humongous regions: 33->33
[5310.157s][info][gc,metaspace   ] GC(744) Metaspace: 30018K(30528K)->30018K(30528K) NonClass: 26617K(26880K)->26617K(26880K) Class: 3400K(3648K)->3400K(3648K)
[5310.157s][info][gc             ] GC(744) Pause Young (Normal) (G1 Evacuation Pause) 6763M->2247M(8192M) 148.267ms
[5310.157s][info][gc,cpu         ] GC(744) User=1.17s Sys=0.00s Real=0.15s
.....[5314.400s][info][gc,start       ] GC(745) Pause Young (Normal) (G1 Evacuation Pause)
[5314.400s][info][gc,task        ] GC(745) Using 8 workers of 8 for evacuation
[5314.549s][info][gc,phases      ] GC(745)   Pre Evacuate Collection Set: 0.27ms
[5314.549s][info][gc,phases      ] GC(745)   Merge Heap Roots: 0.53ms
[5314.549s][info][gc,phases      ] GC(745)   Evacuate Collection Set: 147.51ms
[5314.549s][info][gc,phases      ] GC(745)   Post Evacuate Collection Set: 1.03ms
[5314.549s][info][gc,phases      ] GC(745)   Other: 0.06ms
[5314.549s][info][gc,heap        ] GC(745) Eden regions: 571->0(571)
[5314.549s][info][gc,heap        ] GC(745) Survivor regions: 43->43(77)
[5314.549s][info][gc,heap        ] GC(745) Old regions: 207->214
[5314.549s][info][gc,heap        ] GC(745) Humongous regions: 33->33
[5314.549s][info][gc,metaspace   ] GC(745) Metaspace: 30018K(30528K)->30018K(30528K) NonClass: 26617K(26880K)->26617K(26880K) Class: 3400K(3648K)->3400K(3648K)
[5314.549s][info][gc             ] GC(745) Pause Young (Normal) (G1 Evacuation Pause) 6815M->2303M(8192M) 149.537ms
[5314.549s][info][gc,cpu         ] GC(745) User=1.18s Sys=0.00s Real=0.15s
....[5318.815s][info][gc,start       ] GC(746) Pause Young (Normal) (G1 Evacuation Pause)
[5318.815s][info][gc,task        ] GC(746) Using 8 workers of 8 for evacuation
[5318.966s][info][gc,phases      ] GC(746)   Pre Evacuate Collection Set: 0.28ms
[5318.966s][info][gc,phases      ] GC(746)   Merge Heap Roots: 0.54ms
[5318.966s][info][gc,phases      ] GC(746)   Evacuate Collection Set: 149.00ms
[5318.966s][info][gc,phases      ] GC(746)   Post Evacuate Collection Set: 1.08ms
[5318.966s][info][gc,phases      ] GC(746)   Other: 0.06ms
[5318.966s][info][gc,heap        ] GC(746) Eden regions: 571->0(571)
[5318.966s][info][gc,heap        ] GC(746) Survivor regions: 43->43(77)
[5318.966s][info][gc,heap        ] GC(746) Old regions: 214->222
[5318.966s][info][gc,heap        ] GC(746) Humongous regions: 33->33
[5318.966s][info][gc,metaspace   ] GC(746) Metaspace: 30018K(30528K)->30018K(30528K) NonClass: 26617K(26880K)->26617K(26880K) Class: 3400K(3648K)->3400K(3648K)
[5318.966s][info][gc             ] GC(746) Pause Young (Normal) (G1 Evacuation Pause) 6871M->2369M(8192M) 151.087ms
[5318.966s][info][gc,cpu         ] GC(746) User=1.20s Sys=0.00s Real=0.16s
.....[5323.234s][info][gc,start       ] GC(747) Pause Young (Normal) (G1 Evacuation Pause)
[5323.234s][info][gc,task        ] GC(747) Using 8 workers of 8 for evacuation
[5323.389s][info][gc,phases      ] GC(747)   Pre Evacuate Collection Set: 0.28ms
[5323.389s][info][gc,phases      ] GC(747)   Merge Heap Roots: 0.60ms
[5323.389s][info][gc,phases      ] GC(747)   Evacuate Collection Set: 153.14ms
[5323.389s][info][gc,phases      ] GC(747)   Post Evacuate Collection Set: 1.08ms
[5323.389s][info][gc,phases      ] GC(747)   Other: 0.06ms
[5323.389s][info][gc,heap        ] GC(747) Eden regions: 571->0(570)
[5323.389s][info][gc,heap        ] GC(747) Survivor regions: 43->44(77)
[5323.389s][info][gc,heap        ] GC(747) Old regions: 222->229
[5323.389s][info][gc,heap        ] GC(747) Humongous regions: 33->33
[5323.389s][info][gc,metaspace   ] GC(747) Metaspace: 30018K(30528K)->30018K(30528K) NonClass: 26617K(26880K)->26617K(26880K) Class: 3400K(3648K)->3400K(3648K)
[5323.389s][info][gc             ] GC(747) Pause Young (Normal) (G1 Evacuation Pause) 6937M->2431M(8192M) 155.304ms
[5323.389s][info][gc,cpu         ] GC(747) User=1.23s Sys=0.01s Real=0.16s
....[5327.616s][info][gc,start       ] GC(748) Pause Young (Normal) (G1 Evacuation Pause)
[5327.616s][info][gc,task        ] GC(748) Using 8 workers of 8 for evacuation
[5327.769s][info][gc,phases      ] GC(748)   Pre Evacuate Collection Set: 0.27ms
[5327.769s][info][gc,phases      ] GC(748)   Merge Heap Roots: 0.53ms
[5327.769s][info][gc,phases      ] GC(748)   Evacuate Collection Set: 151.40ms
[5327.769s][info][gc,phases      ] GC(748)   Post Evacuate Collection Set: 1.05ms
[5327.769s][info][gc,phases      ] GC(748)   Other: 0.06ms
[5327.769s][info][gc,heap        ] GC(748) Eden regions: 570->0(572)
[5327.769s][info][gc,heap        ] GC(748) Survivor regions: 44->42(77)
[5327.769s][info][gc,heap        ] GC(748) Old regions: 229->237
[5327.769s][info][gc,heap        ] GC(748) Humongous regions: 33->33
[5327.769s][info][gc,metaspace   ] GC(748) Metaspace: 30020K(30528K)->30020K(30528K) NonClass: 26619K(26880K)->26619K(26880K) Class: 3400K(3648K)->3400K(3648K)
[5327.769s][info][gc             ] GC(748) Pause Young (Normal) (G1 Evacuation Pause) 6991M->2479M(8192M) 153.437ms
[5327.769s][info][gc,cpu         ] GC(748) User=1.22s Sys=0.00s Real=0.15s
....[5332.092s][info][gc,start       ] GC(749) Pause Young (Normal) (G1 Evacuation Pause)
[5332.092s][info][gc,task        ] GC(749) Using 8 workers of 8 for evacuation
[5332.241s][info][gc,phases      ] GC(749)   Pre Evacuate Collection Set: 0.23ms
[5332.241s][info][gc,phases      ] GC(749)   Merge Heap Roots: 0.54ms
[5332.241s][info][gc,phases      ] GC(749)   Evacuate Collection Set: 146.38ms
[5332.241s][info][gc,phases      ] GC(749)   Post Evacuate Collection Set: 1.04ms
[5332.241s][info][gc,phases      ] GC(749)   Other: 0.06ms
[5332.241s][info][gc,heap        ] GC(749) Eden regions: 572->0(572)
[5332.241s][info][gc,heap        ] GC(749) Survivor regions: 42->42(77)
[5332.241s][info][gc,heap        ] GC(749) Old regions: 237->244
[5332.241s][info][gc,heap        ] GC(749) Humongous regions: 33->33
[5332.241s][info][gc,metaspace   ] GC(749) Metaspace: 30020K(30528K)->30020K(30528K) NonClass: 26619K(26880K)->26619K(26880K) Class: 3400K(3648K)->3400K(3648K)
[5332.241s][info][gc             ] GC(749) Pause Young (Normal) (G1 Evacuation Pause) 7055M->2535M(8192M) 148.392ms
[5332.241s][info][gc,cpu         ] GC(749) User=1.17s Sys=0.01s Real=0.15s
.....[5336.529s][info][gc,start       ] GC(750) Pause Young (Normal) (G1 Evacuation Pause)
[5336.529s][info][gc,task        ] GC(750) Using 8 workers of 8 for evacuation
[5336.684s][info][gc,phases      ] GC(750)   Pre Evacuate Collection Set: 0.26ms
[5336.684s][info][gc,phases      ] GC(750)   Merge Heap Roots: 0.54ms
[5336.684s][info][gc,phases      ] GC(750)   Evacuate Collection Set: 153.00ms
[5336.684s][info][gc,phases      ] GC(750)   Post Evacuate Collection Set: 1.07ms
[5336.684s][info][gc,phases      ] GC(750)   Other: 0.06ms
[5336.684s][info][gc,heap        ] GC(750) Eden regions: 572->0(570)
[5336.684s][info][gc,heap        ] GC(750) Survivor regions: 42->44(77)
[5336.684s][info][gc,heap        ] GC(750) Old regions: 244->251
[5336.684s][info][gc,heap        ] GC(750) Humongous regions: 33->33
[5336.684s][info][gc,metaspace   ] GC(750) Metaspace: 30020K(30528K)->30020K(30528K) NonClass: 26619K(26880K)->26619K(26880K) Class: 3400K(3648K)->3400K(3648K)
[5336.684s][info][gc             ] GC(750) Pause Young (Normal) (G1 Evacuation Pause) 7111M->2605M(8192M) 155.081ms
[5336.684s][info][gc,cpu         ] GC(750) User=1.23s Sys=0.01s Real=0.15s
....[5340.913s][info][gc,start       ] GC(751) Pause Young (Normal) (G1 Evacuation Pause)
[5340.914s][info][gc,task        ] GC(751) Using 8 workers of 8 for evacuation
[5341.065s][info][gc,phases      ] GC(751)   Pre Evacuate Collection Set: 0.25ms
[5341.065s][info][gc,phases      ] GC(751)   Merge Heap Roots: 0.53ms
[5341.065s][info][gc,phases      ] GC(751)   Evacuate Collection Set: 149.98ms
[5341.065s][info][gc,phases      ] GC(751)   Post Evacuate Collection Set: 1.04ms
[5341.065s][info][gc,phases      ] GC(751)   Other: 0.08ms
[5341.065s][info][gc,heap        ] GC(751) Eden regions: 570->0(571)
[5341.065s][info][gc,heap        ] GC(751) Survivor regions: 44->43(77)
[5341.065s][info][gc,heap        ] GC(751) Old regions: 251->258
[5341.065s][info][gc,heap        ] GC(751) Humongous regions: 33->33
[5341.065s][info][gc,metaspace   ] GC(751) Metaspace: 30020K(30528K)->30020K(30528K) NonClass: 26619K(26880K)->26619K(26880K) Class: 3400K(3648K)->3400K(3648K)
[5341.065s][info][gc             ] GC(751) Pause Young (Normal) (G1 Evacuation Pause) 7165M->2653M(8192M) 152.009ms
[5341.066s][info][gc,cpu         ] GC(751) User=1.20s Sys=0.00s Real=0.15s
.....[5345.291s][info][gc,start       ] GC(752) Pause Young (Normal) (G1 Evacuation Pause)
[5345.291s][info][gc,task        ] GC(752) Using 8 workers of 8 for evacuation
[5345.442s][info][gc,phases      ] GC(752)   Pre Evacuate Collection Set: 0.25ms
[5345.442s][info][gc,phases      ] GC(752)   Merge Heap Roots: 0.54ms
[5345.442s][info][gc,phases      ] GC(752)   Evacuate Collection Set: 149.30ms
[5345.442s][info][gc,phases      ] GC(752)   Post Evacuate Collection Set: 1.05ms
[5345.442s][info][gc,phases      ] GC(752)   Other: 0.06ms
[5345.442s][info][gc,heap        ] GC(752) Eden regions: 571->0(571)
[5345.442s][info][gc,heap        ] GC(752) Survivor regions: 43->43(77)
[5345.442s][info][gc,heap        ] GC(752) Old regions: 258->266
[5345.442s][info][gc,heap        ] GC(752) Humongous regions: 33->33
[5345.442s][info][gc,metaspace   ] GC(752) Metaspace: 30020K(30528K)->30020K(30528K) NonClass: 26619K(26880K)->26619K(26880K) Class: 3400K(3648K)->3400K(3648K)
[5345.442s][info][gc             ] GC(752) Pause Young (Normal) (G1 Evacuation Pause) 7221M->2717M(8192M) 151.329ms
[5345.442s][info][gc,cpu         ] GC(752) User=1.20s Sys=0.00s Real=0.15s
....[5349.767s][info][gc,start       ] GC(753) Pause Young (Normal) (G1 Evacuation Pause)
[5349.767s][info][gc,task        ] GC(753) Using 8 workers of 8 for evacuation
[5349.924s][info][gc,phases      ] GC(753)   Pre Evacuate Collection Set: 0.23ms
[5349.924s][info][gc,phases      ] GC(753)   Merge Heap Roots: 0.54ms
[5349.924s][info][gc,phases      ] GC(753)   Evacuate Collection Set: 155.15ms
[5349.924s][info][gc,phases      ] GC(753)   Post Evacuate Collection Set: 1.06ms
[5349.924s][info][gc,phases      ] GC(753)   Other: 0.06ms
[5349.924s][info][gc,heap        ] GC(753) Eden regions: 571->0(569)
[5349.924s][info][gc,heap        ] GC(753) Survivor regions: 43->45(77)
[5349.924s][info][gc,heap        ] GC(753) Old regions: 266->273
[5349.924s][info][gc,heap        ] GC(753) Humongous regions: 33->33
[5349.924s][info][gc,metaspace   ] GC(753) Metaspace: 30020K(30528K)->30020K(30528K) NonClass: 26619K(26880K)->26619K(26880K) Class: 3400K(3648K)->3400K(3648K)
[5349.924s][info][gc             ] GC(753) Pause Young (Normal) (G1 Evacuation Pause) 7285M->2789M(8192M) 157.174ms
[5349.924s][info][gc,cpu         ] GC(753) User=1.24s Sys=0.00s Real=0.15s
.... (rIR:aIR:PR = 8717:8687:8687) (tPR = 129520) [OK] 
  5353s: Performance info:
         Transaction,    Success,    Partial,     Failed,   Receipts, AvgBarcode, 
             Overall,     523383,          0,          0,     496997,      59.47, 
         Response times:
             Request,    Success,    Partial,     Failed,   SkipFail,     Probes,    Samples,      min,      p50,      p90,      p95,      p99,      max, 
       TotalPurchase,     496996,          0,          0,          0,     360704,     399572,      300,     5500,    15000,    38000,    92000,   480000,
     InStorePurchase,     260771,          0,          0,          0,     190037,     210166,      300,     5500,    15100,    39000,    93000,   480000,
      OnlinePurchase,     183673,          0,          0,          0,     132599,     146789,      300,     5500,    15000,    37000,    92000,   480000,
        InstPurchase,      52552,          0,          0,          0,      38068,      42617,      500,     5600,    14800,    38000,    92000,   480000,
          AssocOfCat,        527,          0,          0,          0,        440,        563,    29000,    45000,    89000,   123000,   208360,   224000,
      AssocOfProduct,       5251,          0,          0,          0,       3745,       4392,      700,     6100,    15700,    41000,   104000,   418000,
      BusinessReport,       1315,          0,          0,          0,       1116,       1373,    33000,    52000,    85000,   121000,   211000,   230000,
          CustBuyBeh,       5310,          0,          0,          0,       3791,       4378,      200,     5400,    14500,    38000,    82000,   359000,
       ProductReturn,      13984,          0,          0,          0,       9773,      11042,      200,     5300,    14700,    36000,    96000,   311000,

  5353s: (64%)   IR =   8856 [5354.152s][info][gc,start       ] GC(754) Pause Young (Normal) (G1 Evacuation Pause)
[5354.152s][info][gc,task        ] GC(754) Using 8 workers of 8 for evacuation
[5354.303s][info][gc,phases      ] GC(754)   Pre Evacuate Collection Set: 0.25ms
[5354.303s][info][gc,phases      ] GC(754)   Merge Heap Roots: 0.60ms
[5354.303s][info][gc,phases      ] GC(754)   Evacuate Collection Set: 149.20ms
[5354.303s][info][gc,phases      ] GC(754)   Post Evacuate Collection Set: 1.06ms
[5354.303s][info][gc,phases      ] GC(754)   Other: 0.07ms
[5354.303s][info][gc,heap        ] GC(754) Eden regions: 569->0(571)
[5354.303s][info][gc,heap        ] GC(754) Survivor regions: 45->43(77)
[5354.303s][info][gc,heap        ] GC(754) Old regions: 273->279
[5354.303s][info][gc,heap        ] GC(754) Humongous regions: 33->33
[5354.303s][info][gc,metaspace   ] GC(754) Metaspace: 30020K(30528K)->30020K(30528K) NonClass: 26619K(26880K)->26619K(26880K) Class: 3400K(3648K)->3400K(3648K)
[5354.303s][info][gc             ] GC(754) Pause Young (Normal) (G1 Evacuation Pause) 7341M->2823M(8192M) 151.324ms
[5354.303s][info][gc,cpu         ] GC(754) User=1.20s Sys=0.00s Real=0.15s
.....[5358.432s][info][gc,start       ] GC(755) Pause Young (Normal) (G1 Evacuation Pause)
[5358.432s][info][gc,task        ] GC(755) Using 8 workers of 8 for evacuation
[5358.583s][info][gc,phases      ] GC(755)   Pre Evacuate Collection Set: 0.27ms
[5358.583s][info][gc,phases      ] GC(755)   Merge Heap Roots: 0.54ms
[5358.583s][info][gc,phases      ] GC(755)   Evacuate Collection Set: 149.22ms
[5358.583s][info][gc,phases      ] GC(755)   Post Evacuate Collection Set: 1.04ms
[5358.583s][info][gc,phases      ] GC(755)   Other: 0.07ms
[5358.583s][info][gc,heap        ] GC(755) Eden regions: 571->0(566)
[5358.583s][info][gc,heap        ] GC(755) Survivor regions: 43->43(77)
[5358.583s][info][gc,heap        ] GC(755) Old regions: 279->287
[5358.583s][info][gc,heap        ] GC(755) Humongous regions: 33->33
[5358.583s][info][gc,metaspace   ] GC(755) Metaspace: 30020K(30528K)->30020K(30528K) NonClass: 26619K(26880K)->26619K(26880K) Class: 3400K(3648K)->3400K(3648K)
[5358.583s][info][gc             ] GC(755) Pause Young (Normal) (G1 Evacuation Pause) 7391M->2886M(8192M) 151.251ms
[5358.583s][info][gc,cpu         ] GC(755) User=1.19s Sys=0.00s Real=0.15s
....[5362.743s][info][gc,start       ] GC(756) Pause Young (Normal) (G1 Evacuation Pause)
[5362.743s][info][gc,task        ] GC(756) Using 8 workers of 8 for evacuation
[5362.894s][info][gc,phases      ] GC(756)   Pre Evacuate Collection Set: 0.24ms
[5362.894s][info][gc,phases      ] GC(756)   Merge Heap Roots: 0.54ms
[5362.894s][info][gc,phases      ] GC(756)   Evacuate Collection Set: 148.74ms
[5362.894s][info][gc,phases      ] GC(756)   Post Evacuate Collection Set: 1.08ms
[5362.894s][info][gc,phases      ] GC(756)   Other: 0.06ms
[5362.894s][info][gc,heap        ] GC(756) Eden regions: 566->0(559)
[5362.894s][info][gc,heap        ] GC(756) Survivor regions: 43->43(77)
[5362.894s][info][gc,heap        ] GC(756) Old regions: 287->294
[5362.894s][info][gc,heap        ] GC(756) Humongous regions: 33->33
[5362.894s][info][gc,metaspace   ] GC(756) Metaspace: 30020K(30528K)->30020K(30528K) NonClass: 26619K(26880K)->26619K(26880K) Class: 3400K(3648K)->3400K(3648K)
[5362.894s][info][gc             ] GC(756) Pause Young (Normal) (G1 Evacuation Pause) 7414M->2945M(8192M) 150.785ms
[5362.894s][info][gc,cpu         ] GC(756) User=1.20s Sys=0.00s Real=0.15s
....[5366.993s][info][gc,start       ] GC(757) Pause Young (Normal) (G1 Evacuation Pause)
[5366.993s][info][gc,task        ] GC(757) Using 8 workers of 8 for evacuation
[5367.139s][info][gc,phases      ] GC(757)   Pre Evacuate Collection Set: 0.25ms
[5367.139s][info][gc,phases      ] GC(757)   Merge Heap Roots: 0.54ms
[5367.139s][info][gc,phases      ] GC(757)   Evacuate Collection Set: 144.25ms
[5367.139s][info][gc,phases      ] GC(757)   Post Evacuate Collection Set: 1.11ms
[5367.139s][info][gc,phases      ] GC(757)   Other: 0.06ms
[5367.139s][info][gc,heap        ] GC(757) Eden regions: 559->0(554)
[5367.139s][info][gc,heap        ] GC(757) Survivor regions: 43->42(76)
[5367.139s][info][gc,heap        ] GC(757) Old regions: 294->301
[5367.139s][info][gc,heap        ] GC(757) Humongous regions: 33->33
[5367.139s][info][gc,metaspace   ] GC(757) Metaspace: 30020K(30528K)->30020K(30528K) NonClass: 26619K(26880K)->26619K(26880K) Class: 3400K(3648K)->3400K(3648K)
[5367.139s][info][gc             ] GC(757) Pause Young (Normal) (G1 Evacuation Pause) 7417M->2989M(8192M) 146.332ms
[5367.139s][info][gc,cpu         ] GC(757) User=1.16s Sys=0.00s Real=0.15s
.|...[5371.140s][info][gc,start       ] GC(758) Pause Young (Normal) (G1 Evacuation Pause)
[5371.140s][info][gc,task        ] GC(758) Using 8 workers of 8 for evacuation
[5371.287s][info][gc,phases      ] GC(758)   Pre Evacuate Collection Set: 0.24ms
[5371.287s][info][gc,phases      ] GC(758)   Merge Heap Roots: 0.53ms
[5371.287s][info][gc,phases      ] GC(758)   Evacuate Collection Set: 144.76ms
[5371.287s][info][gc,phases      ] GC(758)   Post Evacuate Collection Set: 1.05ms
[5371.287s][info][gc,phases      ] GC(758)   Other: 0.06ms
[5371.287s][info][gc,heap        ] GC(758) Eden regions: 554->0(547)
[5371.287s][info][gc,heap        ] GC(758) Survivor regions: 42->42(75)
[5371.287s][info][gc,heap        ] GC(758) Old regions: 301->308
[5371.287s][info][gc,heap        ] GC(758) Humongous regions: 33->33
[5371.287s][info][gc,metaspace   ] GC(758) Metaspace: 30020K(30528K)->30020K(30528K) NonClass: 26619K(26880K)->26619K(26880K) Class: 3400K(3648K)->3400K(3648K)
[5371.287s][info][gc             ] GC(758) Pause Young (Normal) (G1 Evacuation Pause) 7421M->3047M(8192M) 146.774ms
[5371.287s][info][gc,cpu         ] GC(758) User=1.16s Sys=0.00s Real=0.15s
....[5375.310s][info][gc,start       ] GC(759) Pause Young (Concurrent Start) (G1 Evacuation Pause)
[5375.310s][info][gc,task        ] GC(759) Using 8 workers of 8 for evacuation
[5375.459s][info][gc,phases      ] GC(759)   Pre Evacuate Collection Set: 0.30ms
[5375.459s][info][gc,phases      ] GC(759)   Merge Heap Roots: 0.53ms
[5375.459s][info][gc,phases      ] GC(759)   Evacuate Collection Set: 146.60ms
[5375.459s][info][gc,phases      ] GC(759)   Post Evacuate Collection Set: 1.06ms
[5375.459s][info][gc,phases      ] GC(759)   Other: 0.10ms
[5375.459s][info][gc,heap        ] GC(759) Eden regions: 547->0(539)
[5375.459s][info][gc,heap        ] GC(759) Survivor regions: 42->42(74)
[5375.459s][info][gc,heap        ] GC(759) Old regions: 308->316
[5375.459s][info][gc,heap        ] GC(759) Humongous regions: 33->33
[5375.459s][info][gc,metaspace   ] GC(759) Metaspace: 30020K(30528K)->30020K(30528K) NonClass: 26619K(26880K)->26619K(26880K) Class: 3400K(3648K)->3400K(3648K)
[5375.459s][info][gc             ] GC(759) Pause Young (Concurrent Start) (G1 Evacuation Pause) 7423M->3110M(8192M) 148.743ms
[5375.459s][info][gc             ] GC(760) Concurrent Mark Cycle
[5375.459s][info][gc,marking     ] GC(760) Concurrent Scan Root Regions
[5375.459s][info][gc,cpu         ] GC(759) User=1.17s Sys=0.00s Real=0.15s
.[5375.751s][info][gc,marking     ] GC(760) Concurrent Scan Root Regions 292.121ms
[5375.751s][info][gc,marking     ] GC(760) Concurrent Mark
[5375.751s][info][gc,marking     ] GC(760) Concurrent Mark From Roots
[5375.751s][info][gc,task        ] GC(760) Using 2 workers of 2 for marking
.[5376.781s][info][gc,marking     ] GC(760) Concurrent Mark From Roots 1029.695ms
[5376.781s][info][gc,marking     ] GC(760) Concurrent Preclean
[5376.781s][info][gc,marking     ] GC(760) Concurrent Preclean 0.192ms
[5376.781s][info][gc,start       ] GC(760) Pause Remark
[5376.783s][info][gc             ] GC(760) Pause Remark 4530M->3994M(8192M) 1.797ms
[5376.783s][info][gc,cpu         ] GC(760) User=0.01s Sys=0.00s Real=0.00s
[5376.783s][info][gc,marking     ] GC(760) Concurrent Mark 1032.007ms
[5376.783s][info][gc,marking     ] GC(760) Concurrent Rebuild Remembered Sets and Scrub Regions
[5377.419s][info][gc,marking     ] GC(760) Concurrent Rebuild Remembered Sets and Scrub Regions 635.801ms
[5377.419s][info][gc,start       ] GC(760) Pause Cleanup
[5377.419s][info][gc             ] GC(760) Pause Cleanup 4763M->4763M(8192M) 0.279ms
[5377.419s][info][gc,cpu         ] GC(760) User=0.00s Sys=0.00s Real=0.00s
[5377.419s][info][gc,marking     ] GC(760) Concurrent Clear Claimed Marks
[5377.419s][info][gc,marking     ] GC(760) Concurrent Clear Claimed Marks 0.046ms
[5377.419s][info][gc,marking     ] GC(760) Concurrent Cleanup for Next Mark
[5377.430s][info][gc,marking     ] GC(760) Concurrent Cleanup for Next Mark 10.658ms
[5377.430s][info][gc             ] GC(760) Concurrent Mark Cycle 1971.333ms
..[5379.417s][info][gc,start       ] GC(761) Pause Young (Prepare Mixed) (G1 Evacuation Pause)
[5379.417s][info][gc,task        ] GC(761) Using 8 workers of 8 for evacuation
[5379.576s][info][gc,phases      ] GC(761)   Pre Evacuate Collection Set: 0.26ms
[5379.576s][info][gc,phases      ] GC(761)   Merge Heap Roots: 0.71ms
[5379.576s][info][gc,phases      ] GC(761)   Evacuate Collection Set: 157.30ms
[5379.576s][info][gc,phases      ] GC(761)   Post Evacuate Collection Set: 1.14ms
[5379.576s][info][gc,phases      ] GC(761)   Other: 0.07ms
[5379.576s][info][gc,heap        ] GC(761) Eden regions: 539->0(569)
[5379.576s][info][gc,heap        ] GC(761) Survivor regions: 42->45(73)
[5379.576s][info][gc,heap        ] GC(761) Old regions: 249->256
[5379.576s][info][gc,heap        ] GC(761) Humongous regions: 33->33
[5379.576s][info][gc,metaspace   ] GC(761) Metaspace: 30020K(30528K)->30020K(30528K) NonClass: 26619K(26880K)->26619K(26880K) Class: 3400K(3648K)->3400K(3648K)
[5379.576s][info][gc             ] GC(761) Pause Young (Prepare Mixed) (G1 Evacuation Pause) 6886M->2654M(8192M) 159.604ms
[5379.576s][info][gc,cpu         ] GC(761) User=1.26s Sys=0.00s Real=0.16s
.....[5383.676s][info][gc,start       ] GC(762) Pause Young (Mixed) (G1 Evacuation Pause)
[5383.676s][info][gc,task        ] GC(762) Using 8 workers of 8 for evacuation
[5383.831s][info][gc,phases      ] GC(762)   Pre Evacuate Collection Set: 0.28ms
[5383.831s][info][gc,phases      ] GC(762)   Merge Heap Roots: 0.81ms
[5383.831s][info][gc,phases      ] GC(762)   Evacuate Collection Set: 153.09ms
[5383.832s][info][gc,phases      ] GC(762)   Post Evacuate Collection Set: 1.32ms
[5383.832s][info][gc,phases      ] GC(762)   Other: 0.07ms
[5383.832s][info][gc,heap        ] GC(762) Eden regions: 569->0(571)
[5383.832s][info][gc,heap        ] GC(762) Survivor regions: 45->43(77)
[5383.832s][info][gc,heap        ] GC(762) Old regions: 256->161
[5383.832s][info][gc,heap        ] GC(762) Humongous regions: 33->33
[5383.832s][info][gc,metaspace   ] GC(762) Metaspace: 30020K(30528K)->30020K(30528K) NonClass: 26619K(26880K)->26619K(26880K) Class: 3400K(3648K)->3400K(3648K)
[5383.832s][info][gc             ] GC(762) Pause Young (Mixed) (G1 Evacuation Pause) 7206M->1879M(8192M) 155.721ms
[5383.832s][info][gc,cpu         ] GC(762) User=1.23s Sys=0.00s Real=0.15s
....[5387.890s][info][gc,start       ] GC(763) Pause Young (Mixed) (G1 Evacuation Pause)
[5387.890s][info][gc,task        ] GC(763) Using 8 workers of 8 for evacuation
[5388.046s][info][gc,phases      ] GC(763)   Pre Evacuate Collection Set: 0.25ms
[5388.046s][info][gc,phases      ] GC(763)   Merge Heap Roots: 0.79ms
[5388.046s][info][gc,phases      ] GC(763)   Evacuate Collection Set: 153.45ms
[5388.046s][info][gc,phases      ] GC(763)   Post Evacuate Collection Set: 1.09ms
[5388.046s][info][gc,phases      ] GC(763)   Other: 0.07ms
[5388.046s][info][gc,heap        ] GC(763) Eden regions: 571->0(572)
[5388.046s][info][gc,heap        ] GC(763) Survivor regions: 43->42(77)
[5388.046s][info][gc,heap        ] GC(763) Old regions: 161->144
[5388.046s][info][gc,heap        ] GC(763) Humongous regions: 33->33
[5388.046s][info][gc,metaspace   ] GC(763) Metaspace: 30020K(30528K)->30020K(30528K) NonClass: 26619K(26880K)->26619K(26880K) Class: 3400K(3648K)->3400K(3648K)
[5388.046s][info][gc             ] GC(763) Pause Young (Mixed) (G1 Evacuation Pause) 6447M->1734M(8192M) 155.780ms
[5388.046s][info][gc,cpu         ] GC(763) User=1.23s Sys=0.00s Real=0.16s
....[5392.373s][info][gc,start       ] GC(764) Pause Young (Normal) (G1 Evacuation Pause)
[5392.373s][info][gc,task        ] GC(764) Using 8 workers of 8 for evacuation
[5392.522s][info][gc,phases      ] GC(764)   Pre Evacuate Collection Set: 0.28ms
[5392.522s][info][gc,phases      ] GC(764)   Merge Heap Roots: 0.53ms
[5392.522s][info][gc,phases      ] GC(764)   Evacuate Collection Set: 147.11ms
[5392.522s][info][gc,phases      ] GC(764)   Post Evacuate Collection Set: 1.03ms
[5392.522s][info][gc,phases      ] GC(764)   Other: 0.07ms
[5392.522s][info][gc,heap        ] GC(764) Eden regions: 572->0(572)
[5392.522s][info][gc,heap        ] GC(764) Survivor regions: 42->42(77)
[5392.522s][info][gc,heap        ] GC(764) Old regions: 144->151
[5392.522s][info][gc,heap        ] GC(764) Humongous regions: 33->33
[5392.522s][info][gc,metaspace   ] GC(764) Metaspace: 30020K(30528K)->30020K(30528K) NonClass: 26619K(26880K)->26619K(26880K) Class: 3400K(3648K)->3400K(3648K)
[5392.522s][info][gc             ] GC(764) Pause Young (Normal) (G1 Evacuation Pause) 6310M->1792M(8192M) 149.151ms
[5392.522s][info][gc,cpu         ] GC(764) User=1.18s Sys=0.00s Real=0.15s
.....[5396.715s][info][gc,start       ] GC(765) Pause Young (Normal) (G1 Evacuation Pause)
[5396.715s][info][gc,task        ] GC(765) Using 8 workers of 8 for evacuation
[5396.868s][info][gc,phases      ] GC(765)   Pre Evacuate Collection Set: 0.25ms
[5396.868s][info][gc,phases      ] GC(765)   Merge Heap Roots: 0.64ms
[5396.868s][info][gc,phases      ] GC(765)   Evacuate Collection Set: 150.78ms
[5396.868s][info][gc,phases      ] GC(765)   Post Evacuate Collection Set: 1.05ms
[5396.868s][info][gc,phases      ] GC(765)   Other: 0.06ms
[5396.868s][info][gc,heap        ] GC(765) Eden regions: 572->0(571)
[5396.868s][info][gc,heap        ] GC(765) Survivor regions: 42->43(77)
[5396.868s][info][gc,heap        ] GC(765) Old regions: 151->158
[5396.868s][info][gc,heap        ] GC(765) Humongous regions: 33->33
[5396.868s][info][gc,metaspace   ] GC(765) Metaspace: 30020K(30528K)->30020K(30528K) NonClass: 26619K(26880K)->26619K(26880K) Class: 3400K(3648K)->3400K(3648K)
[5396.868s][info][gc             ] GC(765) Pause Young (Normal) (G1 Evacuation Pause) 6368M->1853M(8192M) 152.934ms
[5396.868s][info][gc,cpu         ] GC(765) User=1.21s Sys=0.00s Real=0.16s
....[5400.976s][info][gc,start       ] GC(766) Pause Young (Normal) (G1 Evacuation Pause)
[5400.976s][info][gc,task        ] GC(766) Using 8 workers of 8 for evacuation
[5401.123s][info][gc,phases      ] GC(766)   Pre Evacuate Collection Set: 0.26ms
[5401.123s][info][gc,phases      ] GC(766)   Merge Heap Roots: 0.53ms
[5401.123s][info][gc,phases      ] GC(766)   Evacuate Collection Set: 145.57ms
[5401.123s][info][gc,phases      ] GC(766)   Post Evacuate Collection Set: 1.06ms
[5401.123s][info][gc,phases      ] GC(766)   Other: 0.07ms
[5401.123s][info][gc,heap        ] GC(766) Eden regions: 571->0(571)
[5401.123s][info][gc,heap        ] GC(766) Survivor regions: 43->43(77)
[5401.123s][info][gc,heap        ] GC(766) Old regions: 158->165
[5401.123s][info][gc,heap        ] GC(766) Humongous regions: 33->33
[5401.123s][info][gc,metaspace   ] GC(766) Metaspace: 30020K(30528K)->30020K(30528K) NonClass: 26619K(26880K)->26619K(26880K) Class: 3400K(3648K)->3400K(3648K)
[5401.124s][info][gc             ] GC(766) Pause Young (Normal) (G1 Evacuation Pause) 6421M->1909M(8192M) 147.624ms
[5401.124s][info][gc,cpu         ] GC(766) User=1.17s Sys=0.00s Real=0.14s
....[5405.419s][info][gc,start       ] GC(767) Pause Young (Normal) (G1 Evacuation Pause)
[5405.420s][info][gc,task        ] GC(767) Using 8 workers of 8 for evacuation
[5405.570s][info][gc,phases      ] GC(767)   Pre Evacuate Collection Set: 0.26ms
[5405.570s][info][gc,phases      ] GC(767)   Merge Heap Roots: 0.53ms
[5405.570s][info][gc,phases      ] GC(767)   Evacuate Collection Set: 148.70ms
[5405.570s][info][gc,phases      ] GC(767)   Post Evacuate Collection Set: 1.04ms
[5405.570s][info][gc,phases      ] GC(767)   Other: 0.06ms
[5405.570s][info][gc,heap        ] GC(767) Eden regions: 571->0(571)
[5405.570s][info][gc,heap        ] GC(767) Survivor regions: 43->43(77)
[5405.570s][info][gc,heap        ] GC(767) Old regions: 165->172
[5405.570s][info][gc,heap        ] GC(767) Humongous regions: 33->33
[5405.570s][info][gc,metaspace   ] GC(767) Metaspace: 30020K(30528K)->30020K(30528K) NonClass: 26619K(26880K)->26619K(26880K) Class: 3400K(3648K)->3400K(3648K)
[5405.570s][info][gc             ] GC(767) Pause Young (Normal) (G1 Evacuation Pause) 6477M->1971M(8192M) 150.738ms
[5405.570s][info][gc,cpu         ] GC(767) User=1.20s Sys=0.00s Real=0.15s
.....[5409.671s][info][gc,start       ] GC(768) Pause Young (Normal) (G1 Evacuation Pause)
[5409.671s][info][gc,task        ] GC(768) Using 8 workers of 8 for evacuation
[5409.821s][info][gc,phases      ] GC(768)   Pre Evacuate Collection Set: 0.24ms
[5409.821s][info][gc,phases      ] GC(768)   Merge Heap Roots: 0.61ms
[5409.821s][info][gc,phases      ] GC(768)   Evacuate Collection Set: 147.93ms
[5409.821s][info][gc,phases      ] GC(768)   Post Evacuate Collection Set: 1.05ms
[5409.821s][info][gc,phases      ] GC(768)   Other: 0.06ms
[5409.821s][info][gc,heap        ] GC(768) Eden regions: 571->0(571)
[5409.821s][info][gc,heap        ] GC(768) Survivor regions: 43->43(77)
[5409.821s][info][gc,heap        ] GC(768) Old regions: 172->179
[5409.821s][info][gc,heap        ] GC(768) Humongous regions: 33->33
[5409.821s][info][gc,metaspace   ] GC(768) Metaspace: 30020K(30528K)->30020K(30528K) NonClass: 26619K(26880K)->26619K(26880K) Class: 3400K(3648K)->3400K(3648K)
[5409.821s][info][gc             ] GC(768) Pause Young (Normal) (G1 Evacuation Pause) 6539M->2027M(8192M) 150.010ms
[5409.821s][info][gc,cpu         ] GC(768) User=1.19s Sys=0.00s Real=0.15s
....[5414.019s][info][gc,start       ] GC(769) Pause Young (Normal) (G1 Evacuation Pause)
[5414.019s][info][gc,task        ] GC(769) Using 8 workers of 8 for evacuation
[5414.167s][info][gc,phases      ] GC(769)   Pre Evacuate Collection Set: 0.26ms
[5414.167s][info][gc,phases      ] GC(769)   Merge Heap Roots: 0.55ms
[5414.167s][info][gc,phases      ] GC(769)   Evacuate Collection Set: 146.50ms
[5414.167s][info][gc,phases      ] GC(769)   Post Evacuate Collection Set: 1.05ms
[5414.167s][info][gc,phases      ] GC(769)   Other: 0.09ms
[5414.167s][info][gc,heap        ] GC(769) Eden regions: 571->0(572)
[5414.167s][info][gc,heap        ] GC(769) Survivor regions: 43->42(77)
[5414.167s][info][gc,heap        ] GC(769) Old regions: 179->186
[5414.167s][info][gc,heap        ] GC(769) Humongous regions: 33->33
[5414.167s][info][gc,metaspace   ] GC(769) Metaspace: 30020K(30528K)->30020K(30528K) NonClass: 26619K(26880K)->26619K(26880K) Class: 3400K(3648K)->3400K(3648K)
[5414.167s][info][gc             ] GC(769) Pause Young (Normal) (G1 Evacuation Pause) 6595M->2075M(8192M) 148.579ms
[5414.167s][info][gc,cpu         ] GC(769) User=1.18s Sys=0.00s Real=0.15s
....[5418.327s][info][gc,start       ] GC(770) Pause Young (Normal) (G1 Evacuation Pause)
[5418.327s][info][gc,task        ] GC(770) Using 8 workers of 8 for evacuation
[5418.479s][info][gc,phases      ] GC(770)   Pre Evacuate Collection Set: 0.28ms
[5418.479s][info][gc,phases      ] GC(770)   Merge Heap Roots: 0.57ms
[5418.479s][info][gc,phases      ] GC(770)   Evacuate Collection Set: 149.72ms
[5418.479s][info][gc,phases      ] GC(770)   Post Evacuate Collection Set: 1.09ms
[5418.479s][info][gc,phases      ] GC(770)   Other: 0.06ms
[5418.479s][info][gc,heap        ] GC(770) Eden regions: 572->0(570)
[5418.479s][info][gc,heap        ] GC(770) Survivor regions: 42->44(77)
[5418.479s][info][gc,heap        ] GC(770) Old regions: 186->193
[5418.479s][info][gc,heap        ] GC(770) Humongous regions: 33->33
[5418.479s][info][gc,metaspace   ] GC(770) Metaspace: 30020K(30528K)->30020K(30528K) NonClass: 26619K(26880K)->26619K(26880K) Class: 3400K(3648K)->3400K(3648K)
[5418.479s][info][gc             ] GC(770) Pause Young (Normal) (G1 Evacuation Pause) 6651M->2143M(8192M) 151.854ms
[5418.479s][info][gc,cpu         ] GC(770) User=1.20s Sys=0.00s Real=0.15s
....[5422.579s][info][gc,start       ] GC(771) Pause Young (Normal) (G1 Evacuation Pause)
[5422.579s][info][gc,task        ] GC(771) Using 8 workers of 8 for evacuation
[5422.728s][info][gc,phases      ] GC(771)   Pre Evacuate Collection Set: 0.24ms
[5422.728s][info][gc,phases      ] GC(771)   Merge Heap Roots: 0.53ms
[5422.728s][info][gc,phases      ] GC(771)   Evacuate Collection Set: 147.03ms
[5422.728s][info][gc,phases      ] GC(771)   Post Evacuate Collection Set: 1.08ms
[5422.728s][info][gc,phases      ] GC(771)   Other: 0.06ms
[5422.728s][info][gc,heap        ] GC(771) Eden regions: 570->0(571)
[5422.728s][info][gc,heap        ] GC(771) Survivor regions: 44->43(77)
[5422.728s][info][gc,heap        ] GC(771) Old regions: 193->201
[5422.728s][info][gc,heap        ] GC(771) Humongous regions: 33->33
[5422.728s][info][gc,metaspace   ] GC(771) Metaspace: 30020K(30528K)->30020K(30528K) NonClass: 26619K(26880K)->26619K(26880K) Class: 3400K(3648K)->3400K(3648K)
[5422.728s][info][gc             ] GC(771) Pause Young (Normal) (G1 Evacuation Pause) 6703M->2198M(8192M) 149.066ms
[5422.728s][info][gc,cpu         ] GC(771) User=1.18s Sys=0.00s Real=0.15s
.....[5426.851s][info][gc,start       ] GC(772) Pause Young (Normal) (G1 Evacuation Pause)
[5426.851s][info][gc,task        ] GC(772) Using 8 workers of 8 for evacuation
[5427.002s][info][gc,phases      ] GC(772)   Pre Evacuate Collection Set: 0.25ms
[5427.002s][info][gc,phases      ] GC(772)   Merge Heap Roots: 0.55ms
[5427.002s][info][gc,phases      ] GC(772)   Evacuate Collection Set: 149.15ms
[5427.002s][info][gc,phases      ] GC(772)   Post Evacuate Collection Set: 1.05ms
[5427.002s][info][gc,phases      ] GC(772)   Other: 0.07ms
[5427.002s][info][gc,heap        ] GC(772) Eden regions: 571->0(570)
[5427.002s][info][gc,heap        ] GC(772) Survivor regions: 43->44(77)
[5427.002s][info][gc,heap        ] GC(772) Old regions: 201->208
[5427.002s][info][gc,heap        ] GC(772) Humongous regions: 33->33
[5427.002s][info][gc,metaspace   ] GC(772) Metaspace: 30020K(30528K)->30020K(30528K) NonClass: 26619K(26880K)->26619K(26880K) Class: 3400K(3648K)->3400K(3648K)
[5427.002s][info][gc             ] GC(772) Pause Young (Normal) (G1 Evacuation Pause) 6766M->2259M(8192M) 151.201ms
[5427.002s][info][gc,cpu         ] GC(772) User=1.20s Sys=0.00s Real=0.15s
. (rIR:aIR:PR = 8856:8864:8864) (tPR = 132032) [OK] 
  5427s: Performance info:
         Transaction,    Success,    Partial,     Failed,   Receipts, AvgBarcode, 
             Overall,     535270,          0,          0,     508536,      59.47, 
         Response times:
             Request,    Success,    Partial,     Failed,   SkipFail,     Probes,    Samples,      min,      p50,      p90,      p95,      p99,      max, 
       TotalPurchase,     508549,          0,          0,          0,     360946,     449932,      300,     5800,    17600,    58000,   153000,   820000,
     InStorePurchase,     266412,          0,          0,          0,     189618,     235879,      300,     5800,    17600,    57000,   151000,   820000,
      OnlinePurchase,     188434,          0,          0,          0,     133459,     166648,      400,     5800,    17400,    59000,   153000,   820000,
        InstPurchase,      53703,          0,          0,          0,      37869,      47405,      400,     5800,    18500,    58000,   155000,   820000,
          AssocOfCat,        534,          0,          0,          0,        440,        655,    26000,    45000,    83400,   119600,   202760,   355000,
      AssocOfProduct,       5308,          0,          0,          0,       3870,       5037,      700,     6700,    18700,    58000,   159620,   283000,
      BusinessReport,       1341,          0,          0,          0,       1161,       1600,    31000,    53000,    88000,   123000,   209990,   347000,
          CustBuyBeh,       5335,          0,          0,          0,       3835,       5054,      300,     5500,    17700,    54000,   146000,   519000,
       ProductReturn,      14240,          0,          0,          0,       9940,      12839,      300,     6100,    17700,    58000,   145000,   288000,

  5427s: (65%)   IR =   8994 ...[5431.183s][info][gc,start       ] GC(773) Pause Young (Normal) (G1 Evacuation Pause)
[5431.183s][info][gc,task        ] GC(773) Using 8 workers of 8 for evacuation
[5431.334s][info][gc,phases      ] GC(773)   Pre Evacuate Collection Set: 0.24ms
[5431.334s][info][gc,phases      ] GC(773)   Merge Heap Roots: 0.54ms
[5431.334s][info][gc,phases      ] GC(773)   Evacuate Collection Set: 149.62ms
[5431.334s][info][gc,phases      ] GC(773)   Post Evacuate Collection Set: 1.06ms
[5431.334s][info][gc,phases      ] GC(773)   Other: 0.06ms
[5431.334s][info][gc,heap        ] GC(773) Eden regions: 570->0(570)
[5431.334s][info][gc,heap        ] GC(773) Survivor regions: 44->44(77)
[5431.334s][info][gc,heap        ] GC(773) Old regions: 208->215
[5431.334s][info][gc,heap        ] GC(773) Humongous regions: 33->33
[5431.334s][info][gc,metaspace   ] GC(773) Metaspace: 30020K(30528K)->30020K(30528K) NonClass: 26619K(26880K)->26619K(26880K) Class: 3400K(3648K)->3400K(3648K)
[5431.334s][info][gc             ] GC(773) Pause Young (Normal) (G1 Evacuation Pause) 6819M->2318M(8192M) 151.640ms
[5431.334s][info][gc,cpu         ] GC(773) User=1.20s Sys=0.00s Real=0.15s
....[5435.554s][info][gc,start       ] GC(774) Pause Young (Normal) (G1 Evacuation Pause)
[5435.554s][info][gc,task        ] GC(774) Using 8 workers of 8 for evacuation
[5435.707s][info][gc,phases      ] GC(774)   Pre Evacuate Collection Set: 0.25ms
[5435.707s][info][gc,phases      ] GC(774)   Merge Heap Roots: 0.52ms
[5435.707s][info][gc,phases      ] GC(774)   Evacuate Collection Set: 150.78ms
[5435.707s][info][gc,phases      ] GC(774)   Post Evacuate Collection Set: 1.11ms
[5435.707s][info][gc,phases      ] GC(774)   Other: 0.06ms
[5435.707s][info][gc,heap        ] GC(774) Eden regions: 570->0(571)
[5435.707s][info][gc,heap        ] GC(774) Survivor regions: 44->43(77)
[5435.707s][info][gc,heap        ] GC(774) Old regions: 215->223
[5435.707s][info][gc,heap        ] GC(774) Humongous regions: 33->33
[5435.707s][info][gc,metaspace   ] GC(774) Metaspace: 30020K(30528K)->30020K(30528K) NonClass: 26619K(26880K)->26619K(26880K) Class: 3400K(3648K)->3400K(3648K)
[5435.707s][info][gc             ] GC(774) Pause Young (Normal) (G1 Evacuation Pause) 6878M->2373M(8192M) 152.850ms
[5435.707s][info][gc,cpu         ] GC(774) User=1.21s Sys=0.00s Real=0.16s
....[5439.829s][info][gc,start       ] GC(775) Pause Young (Normal) (G1 Evacuation Pause)
[5439.829s][info][gc,task        ] GC(775) Using 8 workers of 8 for evacuation
[5439.982s][info][gc,phases      ] GC(775)   Pre Evacuate Collection Set: 0.24ms
[5439.982s][info][gc,phases      ] GC(775)   Merge Heap Roots: 0.54ms
[5439.982s][info][gc,phases      ] GC(775)   Evacuate Collection Set: 150.82ms
[5439.982s][info][gc,phases      ] GC(775)   Post Evacuate Collection Set: 1.03ms
[5439.982s][info][gc,phases      ] GC(775)   Other: 0.06ms
[5439.982s][info][gc,heap        ] GC(775) Eden regions: 571->0(570)
[5439.982s][info][gc,heap        ] GC(775) Survivor regions: 43->44(77)
[5439.982s][info][gc,heap        ] GC(775) Old regions: 223->229
[5439.982s][info][gc,heap        ] GC(775) Humongous regions: 33->33
[5439.982s][info][gc,metaspace   ] GC(775) Metaspace: 30020K(30528K)->30020K(30528K) NonClass: 26619K(26880K)->26619K(26880K) Class: 3400K(3648K)->3400K(3648K)
[5439.982s][info][gc             ] GC(775) Pause Young (Normal) (G1 Evacuation Pause) 6941M->2431M(8192M) 152.828ms
[5439.982s][info][gc,cpu         ] GC(775) User=1.21s Sys=0.00s Real=0.15s
.....[5444.019s][info][gc,start       ] GC(776) Pause Young (Normal) (G1 Evacuation Pause)
[5444.019s][info][gc,task        ] GC(776) Using 8 workers of 8 for evacuation
[5444.172s][info][gc,phases      ] GC(776)   Pre Evacuate Collection Set: 0.26ms
[5444.172s][info][gc,phases      ] GC(776)   Merge Heap Roots: 0.54ms
[5444.172s][info][gc,phases      ] GC(776)   Evacuate Collection Set: 150.98ms
[5444.172s][info][gc,phases      ] GC(776)   Post Evacuate Collection Set: 1.09ms
[5444.172s][info][gc,phases      ] GC(776)   Other: 0.07ms
[5444.172s][info][gc,heap        ] GC(776) Eden regions: 570->0(571)
[5444.172s][info][gc,heap        ] GC(776) Survivor regions: 44->43(77)
[5444.172s][info][gc,heap        ] GC(776) Old regions: 229->237
[5444.172s][info][gc,heap        ] GC(776) Humongous regions: 33->33
[5444.172s][info][gc,metaspace   ] GC(776) Metaspace: 30020K(30528K)->30020K(30528K) NonClass: 26619K(26880K)->26619K(26880K) Class: 3400K(3648K)->3400K(3648K)
[5444.172s][info][gc             ] GC(776) Pause Young (Normal) (G1 Evacuation Pause) 6991M->2485M(8192M) 153.073ms
[5444.172s][info][gc,cpu         ] GC(776) User=1.22s Sys=0.00s Real=0.15s
...|.[5448.198s][info][gc,start       ] GC(777) Pause Young (Normal) (G1 Evacuation Pause)
[5448.198s][info][gc,task        ] GC(777) Using 8 workers of 8 for evacuation
[5448.348s][info][gc,phases      ] GC(777)   Pre Evacuate Collection Set: 0.25ms
[5448.348s][info][gc,phases      ] GC(777)   Merge Heap Roots: 0.54ms
[5448.348s][info][gc,phases      ] GC(777)   Evacuate Collection Set: 147.48ms
[5448.348s][info][gc,phases      ] GC(777)   Post Evacuate Collection Set: 1.04ms
[5448.348s][info][gc,phases      ] GC(777)   Other: 0.06ms
[5448.348s][info][gc,heap        ] GC(777) Eden regions: 571->0(571)
[5448.348s][info][gc,heap        ] GC(777) Survivor regions: 43->43(77)
[5448.348s][info][gc,heap        ] GC(777) Old regions: 237->244
[5448.348s][info][gc,heap        ] GC(777) Humongous regions: 33->33
[5448.348s][info][gc,metaspace   ] GC(777) Metaspace: 30020K(30528K)->30020K(30528K) NonClass: 26619K(26880K)->26619K(26880K) Class: 3400K(3648K)->3400K(3648K)
[5448.348s][info][gc             ] GC(777) Pause Young (Normal) (G1 Evacuation Pause) 7053M->2537M(8192M) 149.493ms
[5448.348s][info][gc,cpu         ] GC(777) User=1.19s Sys=0.00s Real=0.15s
....[5452.384s][info][gc,start       ] GC(778) Pause Young (Normal) (G1 Evacuation Pause)
[5452.384s][info][gc,task        ] GC(778) Using 8 workers of 8 for evacuation
[5452.534s][info][gc,phases      ] GC(778)   Pre Evacuate Collection Set: 0.25ms
[5452.534s][info][gc,phases      ] GC(778)   Merge Heap Roots: 0.53ms
[5452.534s][info][gc,phases      ] GC(778)   Evacuate Collection Set: 147.82ms
[5452.534s][info][gc,phases      ] GC(778)   Post Evacuate Collection Set: 1.07ms
[5452.534s][info][gc,phases      ] GC(778)   Other: 0.06ms
[5452.534s][info][gc,heap        ] GC(778) Eden regions: 571->0(572)
[5452.534s][info][gc,heap        ] GC(778) Survivor regions: 43->42(77)
[5452.534s][info][gc,heap        ] GC(778) Old regions: 244->251
[5452.534s][info][gc,heap        ] GC(778) Humongous regions: 33->33
[5452.534s][info][gc,metaspace   ] GC(778) Metaspace: 30020K(30528K)->30020K(30528K) NonClass: 26619K(26880K)->26619K(26880K) Class: 3400K(3648K)->3400K(3648K)
[5452.534s][info][gc             ] GC(778) Pause Young (Normal) (G1 Evacuation Pause) 7105M->2589M(8192M) 149.904ms
[5452.534s][info][gc,cpu         ] GC(778) User=1.19s Sys=0.00s Real=0.15s
....[5456.654s][info][gc,start       ] GC(779) Pause Young (Normal) (G1 Evacuation Pause)
[5456.654s][info][gc,task        ] GC(779) Using 8 workers of 8 for evacuation
[5456.805s][info][gc,phases      ] GC(779)   Pre Evacuate Collection Set: 0.25ms
[5456.805s][info][gc,phases      ] GC(779)   Merge Heap Roots: 0.53ms
[5456.805s][info][gc,phases      ] GC(779)   Evacuate Collection Set: 148.53ms
[5456.805s][info][gc,phases      ] GC(779)   Post Evacuate Collection Set: 1.06ms
[5456.805s][info][gc,phases      ] GC(779)   Other: 0.08ms
[5456.805s][info][gc,heap        ] GC(779) Eden regions: 572->0(571)
[5456.805s][info][gc,heap        ] GC(779) Survivor regions: 42->43(77)
[5456.805s][info][gc,heap        ] GC(779) Old regions: 251->258
[5456.805s][info][gc,heap        ] GC(779) Humongous regions: 33->33
[5456.805s][info][gc,metaspace   ] GC(779) Metaspace: 30020K(30528K)->30020K(30528K) NonClass: 26619K(26880K)->26619K(26880K) Class: 3400K(3648K)->3400K(3648K)
[5456.805s][info][gc             ] GC(779) Pause Young (Normal) (G1 Evacuation Pause) 7165M->2649M(8192M) 150.572ms
[5456.805s][info][gc,cpu         ] GC(779) User=1.19s Sys=0.00s Real=0.15s
....[5460.984s][info][gc,start       ] GC(780) Pause Young (Normal) (G1 Evacuation Pause)
[5460.984s][info][gc,task        ] GC(780) Using 8 workers of 8 for evacuation
[5461.134s][info][gc,phases      ] GC(780)   Pre Evacuate Collection Set: 0.25ms
[5461.134s][info][gc,phases      ] GC(780)   Merge Heap Roots: 0.54ms
[5461.134s][info][gc,phases      ] GC(780)   Evacuate Collection Set: 147.76ms
[5461.134s][info][gc,phases      ] GC(780)   Post Evacuate Collection Set: 1.06ms
[5461.134s][info][gc,phases      ] GC(780)   Other: 0.06ms
[5461.134s][info][gc,heap        ] GC(780) Eden regions: 571->0(571)
[5461.134s][info][gc,heap        ] GC(780) Survivor regions: 43->43(77)
[5461.134s][info][gc,heap        ] GC(780) Old regions: 258->265
[5461.134s][info][gc,heap        ] GC(780) Humongous regions: 33->33
[5461.134s][info][gc,metaspace   ] GC(780) Metaspace: 30020K(30528K)->30020K(30528K) NonClass: 26619K(26880K)->26619K(26880K) Class: 3400K(3648K)->3400K(3648K)
[5461.134s][info][gc             ] GC(780) Pause Young (Normal) (G1 Evacuation Pause) 7217M->2710M(8192M) 149.809ms
[5461.134s][info][gc,cpu         ] GC(780) User=1.18s Sys=0.00s Real=0.15s
.....[5465.333s][info][gc,start       ] GC(781) Pause Young (Normal) (G1 Evacuation Pause)
[5465.333s][info][gc,task        ] GC(781) Using 8 workers of 8 for evacuation
[5465.483s][info][gc,phases      ] GC(781)   Pre Evacuate Collection Set: 0.24ms
[5465.483s][info][gc,phases      ] GC(781)   Merge Heap Roots: 0.53ms
[5465.483s][info][gc,phases      ] GC(781)   Evacuate Collection Set: 148.80ms
[5465.483s][info][gc,phases      ] GC(781)   Post Evacuate Collection Set: 1.07ms
[5465.483s][info][gc,phases      ] GC(781)   Other: 0.06ms
[5465.483s][info][gc,heap        ] GC(781) Eden regions: 571->0(571)
[5465.483s][info][gc,heap        ] GC(781) Survivor regions: 43->43(77)
[5465.483s][info][gc,heap        ] GC(781) Old regions: 265->272
[5465.483s][info][gc,heap        ] GC(781) Humongous regions: 33->33
[5465.483s][info][gc,metaspace   ] GC(781) Metaspace: 30020K(30528K)->30020K(30528K) NonClass: 26619K(26880K)->26619K(26880K) Class: 3400K(3648K)->3400K(3648K)
[5465.484s][info][gc             ] GC(781) Pause Young (Normal) (G1 Evacuation Pause) 7278M->2769M(8192M) 150.836ms
[5465.484s][info][gc,cpu         ] GC(781) User=1.19s Sys=0.00s Real=0.15s
....[5469.565s][info][gc,start       ] GC(782) Pause Young (Normal) (G1 Evacuation Pause)
[5469.565s][info][gc,task        ] GC(782) Using 8 workers of 8 for evacuation
[5469.719s][info][gc,phases      ] GC(782)   Pre Evacuate Collection Set: 0.25ms
[5469.719s][info][gc,phases      ] GC(782)   Merge Heap Roots: 0.55ms
[5469.719s][info][gc,phases      ] GC(782)   Evacuate Collection Set: 152.27ms
[5469.719s][info][gc,phases      ] GC(782)   Post Evacuate Collection Set: 1.05ms
[5469.719s][info][gc,phases      ] GC(782)   Other: 0.06ms
[5469.719s][info][gc,heap        ] GC(782) Eden regions: 571->0(570)
[5469.719s][info][gc,heap        ] GC(782) Survivor regions: 43->44(77)
[5469.719s][info][gc,heap        ] GC(782) Old regions: 272->279
[5469.719s][info][gc,heap        ] GC(782) Humongous regions: 33->33
[5469.719s][info][gc,metaspace   ] GC(782) Metaspace: 30020K(30528K)->30020K(30528K) NonClass: 26619K(26880K)->26619K(26880K) Class: 3400K(3648K)->3400K(3648K)
[5469.720s][info][gc             ] GC(782) Pause Young (Normal) (G1 Evacuation Pause) 7337M->2827M(8192M) 154.313ms
[5469.720s][info][gc,cpu         ] GC(782) User=1.23s Sys=0.00s Real=0.16s
....[5473.861s][info][gc,start       ] GC(783) Pause Young (Normal) (G1 Evacuation Pause)
[5473.861s][info][gc,task        ] GC(783) Using 8 workers of 8 for evacuation
[5474.015s][info][gc,phases      ] GC(783)   Pre Evacuate Collection Set: 0.24ms
[5474.015s][info][gc,phases      ] GC(783)   Merge Heap Roots: 0.53ms
[5474.015s][info][gc,phases      ] GC(783)   Evacuate Collection Set: 152.61ms
[5474.015s][info][gc,phases      ] GC(783)   Post Evacuate Collection Set: 1.03ms
[5474.015s][info][gc,phases      ] GC(783)   Other: 0.06ms
[5474.015s][info][gc,heap        ] GC(783) Eden regions: 570->0(567)
[5474.015s][info][gc,heap        ] GC(783) Survivor regions: 44->43(77)
[5474.015s][info][gc,heap        ] GC(783) Old regions: 279->286
[5474.015s][info][gc,heap        ] GC(783) Humongous regions: 33->33
[5474.015s][info][gc,metaspace   ] GC(783) Metaspace: 30020K(30528K)->30020K(30528K) NonClass: 26619K(26880K)->26619K(26880K) Class: 3400K(3648K)->3400K(3648K)
[5474.015s][info][gc             ] GC(783) Pause Young (Normal) (G1 Evacuation Pause) 7387M->2881M(8192M) 154.597ms
[5474.015s][info][gc,cpu         ] GC(783) User=1.23s Sys=0.01s Real=0.15s
....[5478.070s][info][gc,start       ] GC(784) Pause Young (Normal) (G1 Evacuation Pause)
[5478.070s][info][gc,task        ] GC(784) Using 8 workers of 8 for evacuation
[5478.222s][info][gc,phases      ] GC(784)   Pre Evacuate Collection Set: 0.25ms
[5478.222s][info][gc,phases      ] GC(784)   Merge Heap Roots: 0.61ms
[5478.222s][info][gc,phases      ] GC(784)   Evacuate Collection Set: 149.90ms
[5478.222s][info][gc,phases      ] GC(784)   Post Evacuate Collection Set: 1.06ms
[5478.222s][info][gc,phases      ] GC(784)   Other: 0.06ms
[5478.222s][info][gc,heap        ] GC(784) Eden regions: 567->0(559)
[5478.222s][info][gc,heap        ] GC(784) Survivor regions: 43->43(77)
[5478.222s][info][gc,heap        ] GC(784) Old regions: 286->294
[5478.222s][info][gc,heap        ] GC(784) Humongous regions: 33->33
[5478.222s][info][gc,metaspace   ] GC(784) Metaspace: 30020K(30528K)->30020K(30528K) NonClass: 26619K(26880K)->26619K(26880K) Class: 3400K(3648K)->3400K(3648K)
[5478.222s][info][gc             ] GC(784) Pause Young (Normal) (G1 Evacuation Pause) 7417M->2942M(8192M) 152.011ms
[5478.222s][info][gc,cpu         ] GC(784) User=1.21s Sys=0.00s Real=0.15s
.....[5482.266s][info][gc,start       ] GC(785) Pause Young (Normal) (G1 Evacuation Pause)
[5482.266s][info][gc,task        ] GC(785) Using 8 workers of 8 for evacuation
[5482.414s][info][gc,phases      ] GC(785)   Pre Evacuate Collection Set: 0.24ms
[5482.414s][info][gc,phases      ] GC(785)   Merge Heap Roots: 0.54ms
[5482.414s][info][gc,phases      ] GC(785)   Evacuate Collection Set: 146.33ms
[5482.414s][info][gc,phases      ] GC(785)   Post Evacuate Collection Set: 1.10ms
[5482.414s][info][gc,phases      ] GC(785)   Other: 0.07ms
[5482.414s][info][gc,heap        ] GC(785) Eden regions: 559->0(552)
[5482.414s][info][gc,heap        ] GC(785) Survivor regions: 43->43(76)
[5482.414s][info][gc,heap        ] GC(785) Old regions: 294->301
[5482.414s][info][gc,heap        ] GC(785) Humongous regions: 33->33
[5482.414s][info][gc,metaspace   ] GC(785) Metaspace: 30020K(30528K)->30020K(30528K) NonClass: 26619K(26880K)->26619K(26880K) Class: 3400K(3648K)->3400K(3648K)
[5482.414s][info][gc             ] GC(785) Pause Young (Normal) (G1 Evacuation Pause) 7414M->2997M(8192M) 148.422ms
[5482.414s][info][gc,cpu         ] GC(785) User=1.18s Sys=0.00s Real=0.15s
....[5486.409s][info][gc,start       ] GC(786) Pause Young (Normal) (G1 Evacuation Pause)
[5486.409s][info][gc,task        ] GC(786) Using 8 workers of 8 for evacuation
[5486.556s][info][gc,phases      ] GC(786)   Pre Evacuate Collection Set: 0.27ms
[5486.556s][info][gc,phases      ] GC(786)   Merge Heap Roots: 0.58ms
[5486.556s][info][gc,phases      ] GC(786)   Evacuate Collection Set: 144.39ms
[5486.556s][info][gc,phases      ] GC(786)   Post Evacuate Collection Set: 1.12ms
[5486.556s][info][gc,phases      ] GC(786)   Other: 0.06ms
[5486.556s][info][gc,heap        ] GC(786) Eden regions: 552->0(546)
[5486.556s][info][gc,heap        ] GC(786) Survivor regions: 43->42(75)
[5486.556s][info][gc,heap        ] GC(786) Old regions: 301->309
[5486.556s][info][gc,heap        ] GC(786) Humongous regions: 33->33
[5486.556s][info][gc,metaspace   ] GC(786) Metaspace: 30020K(30528K)->30020K(30528K) NonClass: 26619K(26880K)->26619K(26880K) Class: 3400K(3648K)->3400K(3648K)
[5486.556s][info][gc             ] GC(786) Pause Young (Normal) (G1 Evacuation Pause) 7413M->3058M(8192M) 146.548ms
[5486.556s][info][gc,cpu         ] GC(786) User=1.15s Sys=0.00s Real=0.15s
....[5490.531s][info][gc,start       ] GC(787) Pause Young (Concurrent Start) (G1 Evacuation Pause)
[5490.531s][info][gc,task        ] GC(787) Using 8 workers of 8 for evacuation
[5490.680s][info][gc,phases      ] GC(787)   Pre Evacuate Collection Set: 0.28ms
[5490.680s][info][gc,phases      ] GC(787)   Merge Heap Roots: 0.60ms
[5490.680s][info][gc,phases      ] GC(787)   Evacuate Collection Set: 146.48ms
[5490.680s][info][gc,phases      ] GC(787)   Post Evacuate Collection Set: 1.03ms
[5490.680s][info][gc,phases      ] GC(787)   Other: 0.10ms
[5490.680s][info][gc,heap        ] GC(787) Eden regions: 546->0(536)
[5490.680s][info][gc,heap        ] GC(787) Survivor regions: 42->43(74)
[5490.680s][info][gc,heap        ] GC(787) Old regions: 309->317
[5490.680s][info][gc,heap        ] GC(787) Humongous regions: 33->33
[5490.680s][info][gc,metaspace   ] GC(787) Metaspace: 30020K(30528K)->30020K(30528K) NonClass: 26619K(26880K)->26619K(26880K) Class: 3400K(3648K)->3400K(3648K)
[5490.680s][info][gc             ] GC(787) Pause Young (Concurrent Start) (G1 Evacuation Pause) 7426M->3125M(8192M) 148.612ms
[5490.680s][info][gc             ] GC(788) Concurrent Mark Cycle
[5490.680s][info][gc,marking     ] GC(788) Concurrent Scan Root Regions
[5490.680s][info][gc,cpu         ] GC(787) User=1.17s Sys=0.00s Real=0.15s
[5490.966s][info][gc,marking     ] GC(788) Concurrent Scan Root Regions 286.554ms
[5490.967s][info][gc,marking     ] GC(788) Concurrent Mark
[5490.967s][info][gc,marking     ] GC(788) Concurrent Mark From Roots
[5490.967s][info][gc,task        ] GC(788) Using 2 workers of 2 for marking
..[5492.302s][info][gc,marking     ] GC(788) Concurrent Mark From Roots 1335.909ms
[5492.302s][info][gc,marking     ] GC(788) Concurrent Preclean
[5492.303s][info][gc,marking     ] GC(788) Concurrent Preclean 0.145ms
[5492.303s][info][gc,start       ] GC(788) Pause Remark
[5492.305s][info][gc             ] GC(788) Pause Remark 4950M->4422M(8192M) 1.911ms
[5492.305s][info][gc,cpu         ] GC(788) User=0.01s Sys=0.00s Real=0.00s
[5492.305s][info][gc,marking     ] GC(788) Concurrent Mark 1338.280ms
[5492.305s][info][gc,marking     ] GC(788) Concurrent Rebuild Remembered Sets and Scrub Regions
[5492.920s][info][gc,marking     ] GC(788) Concurrent Rebuild Remembered Sets and Scrub Regions 615.555ms
[5492.921s][info][gc,start       ] GC(788) Pause Cleanup
[5492.921s][info][gc             ] GC(788) Pause Cleanup 5166M->5166M(8192M) 0.269ms
[5492.921s][info][gc,cpu         ] GC(788) User=0.00s Sys=0.00s Real=0.00s
[5492.921s][info][gc,marking     ] GC(788) Concurrent Clear Claimed Marks
[5492.921s][info][gc,marking     ] GC(788) Concurrent Clear Claimed Marks 0.048ms
[5492.921s][info][gc,marking     ] GC(788) Concurrent Cleanup for Next Mark
[5492.931s][info][gc,marking     ] GC(788) Concurrent Cleanup for Next Mark 9.804ms
[5492.931s][info][gc             ] GC(788) Concurrent Mark Cycle 2250.934ms
..[5494.483s][info][gc,start       ] GC(789) Pause Young (Prepare Mixed) (G1 Evacuation Pause)
[5494.483s][info][gc,task        ] GC(789) Using 8 workers of 8 for evacuation
[5494.630s][info][gc,phases      ] GC(789)   Pre Evacuate Collection Set: 0.27ms
[5494.630s][info][gc,phases      ] GC(789)   Merge Heap Roots: 0.82ms
[5494.630s][info][gc,phases      ] GC(789)   Evacuate Collection Set: 144.80ms
[5494.630s][info][gc,phases      ] GC(789)   Post Evacuate Collection Set: 1.08ms
[5494.630s][info][gc,phases      ] GC(789)   Other: 0.07ms
[5494.630s][info][gc,heap        ] GC(789) Eden regions: 536->0(572)
[5494.630s][info][gc,heap        ] GC(789) Survivor regions: 43->42(73)
[5494.630s][info][gc,heap        ] GC(789) Old regions: 251->258
[5494.630s][info][gc,heap        ] GC(789) Humongous regions: 33->33
[5494.630s][info][gc,metaspace   ] GC(789) Metaspace: 30020K(30528K)->30020K(30528K) NonClass: 26619K(26880K)->26619K(26880K) Class: 3400K(3648K)->3400K(3648K)
[5494.630s][info][gc             ] GC(789) Pause Young (Prepare Mixed) (G1 Evacuation Pause) 6885M->2646M(8192M) 147.172ms
[5494.630s][info][gc,cpu         ] GC(789) User=1.17s Sys=0.00s Real=0.15s
....[5498.695s][info][gc,start       ] GC(790) Pause Young (Mixed) (G1 Evacuation Pause)
[5498.695s][info][gc,task        ] GC(790) Using 8 workers of 8 for evacuation
[5498.850s][info][gc,phases      ] GC(790)   Pre Evacuate Collection Set: 0.27ms
[5498.850s][info][gc,phases      ] GC(790)   Merge Heap Roots: 0.80ms
[5498.850s][info][gc,phases      ] GC(790)   Evacuate Collection Set: 153.07ms
[5498.850s][info][gc,phases      ] GC(790)   Post Evacuate Collection Set: 1.28ms
[5498.850s][info][gc,phases      ] GC(790)   Other: 0.07ms
[5498.850s][info][gc,heap        ] GC(790) Eden regions: 572->0(571)
[5498.850s][info][gc,heap        ] GC(790) Survivor regions: 42->43(77)
[5498.850s][info][gc,heap        ] GC(790) Old regions: 258->164
[5498.850s][info][gc,heap        ] GC(790) Humongous regions: 33->33
[5498.850s][info][gc,metaspace   ] GC(790) Metaspace: 30020K(30528K)->30020K(30528K) NonClass: 26619K(26880K)->26619K(26880K) Class: 3400K(3648K)->3400K(3648K)
[5498.850s][info][gc             ] GC(790) Pause Young (Mixed) (G1 Evacuation Pause) 7222M->1897M(8192M) 155.625ms
[5498.850s][info][gc,cpu         ] GC(790) User=1.23s Sys=0.00s Real=0.16s
....[5503.013s][info][gc,start       ] GC(791) Pause Young (Mixed) (G1 Evacuation Pause)
[5503.013s][info][gc,task        ] GC(791) Using 8 workers of 8 for evacuation
[5503.167s][info][gc,phases      ] GC(791)   Pre Evacuate Collection Set: 0.26ms
[5503.167s][info][gc,phases      ] GC(791)   Merge Heap Roots: 0.78ms
[5503.167s][info][gc,phases      ] GC(791)   Evacuate Collection Set: 152.33ms
[5503.167s][info][gc,phases      ] GC(791)   Post Evacuate Collection Set: 1.08ms
[5503.167s][info][gc,phases      ] GC(791)   Other: 0.07ms
[5503.167s][info][gc,heap        ] GC(791) Eden regions: 571->0(571)
[5503.167s][info][gc,heap        ] GC(791) Survivor regions: 43->43(77)
[5503.167s][info][gc,heap        ] GC(791) Old regions: 164->144
[5503.167s][info][gc,heap        ] GC(791) Humongous regions: 33->33
[5503.167s][info][gc,metaspace   ] GC(791) Metaspace: 30020K(30528K)->30020K(30528K) NonClass: 26619K(26880K)->26619K(26880K) Class: 3400K(3648K)->3400K(3648K)
[5503.167s][info][gc             ] GC(791) Pause Young (Mixed) (G1 Evacuation Pause) 6465M->1740M(8192M) 154.637ms
[5503.167s][info][gc,cpu         ] GC(791) User=1.23s Sys=0.00s Real=0.16s
....[5507.234s][info][gc,start       ] GC(792) Pause Young (Normal) (G1 Evacuation Pause)
[5507.234s][info][gc,task        ] GC(792) Using 8 workers of 8 for evacuation
[5507.382s][info][gc,phases      ] GC(792)   Pre Evacuate Collection Set: 0.25ms
[5507.382s][info][gc,phases      ] GC(792)   Merge Heap Roots: 0.53ms
[5507.382s][info][gc,phases      ] GC(792)   Evacuate Collection Set: 146.01ms
[5507.382s][info][gc,phases      ] GC(792)   Post Evacuate Collection Set: 1.06ms
[5507.382s][info][gc,phases      ] GC(792)   Other: 0.06ms
[5507.382s][info][gc,heap        ] GC(792) Eden regions: 571->0(571)
[5507.382s][info][gc,heap        ] GC(792) Survivor regions: 43->43(77)
[5507.382s][info][gc,heap        ] GC(792) Old regions: 144->151
[5507.382s][info][gc,heap        ] GC(792) Humongous regions: 33->33
[5507.382s][info][gc,metaspace   ] GC(792) Metaspace: 30020K(30528K)->30020K(30528K) NonClass: 26619K(26880K)->26619K(26880K) Class: 3400K(3648K)->3400K(3648K)
[5507.382s][info][gc             ] GC(792) Pause Young (Normal) (G1 Evacuation Pause) 6308M->1803M(8192M) 148.037ms
[5507.382s][info][gc,cpu         ] GC(792) User=1.17s Sys=0.00s Real=0.15s
. (rIR:aIR:PR = 8994:8927:8928) (tPR = 132807) [OK] 
  5507s: Performance info:
         Transaction,    Success,    Partial,     Failed,   Receipts, AvgBarcode, 
             Overall,     539220,          0,          0,     511997,      59.47, 
         Response times:
             Request,    Success,    Partial,     Failed,   SkipFail,     Probes,    Samples,      min,      p50,      p90,      p95,      p99,      max, 
       TotalPurchase,     511959,          0,          0,          0,     360571,     480328,      300,     5900,    22000,    61000,   116000,  1100000,
     InStorePurchase,     268030,          0,          0,          0,     189846,     252547,      300,     5800,    22000,    61000,   116000,  1100000,
      OnlinePurchase,     189122,          0,          0,          0,     131958,     175943,      300,     6000,    22000,    61000,   116000,  1100000,
        InstPurchase,      54807,          0,          0,          0,      38767,      51838,      500,     5800,    22000,    60000,   112000,  1100000,
          AssocOfCat,        538,          0,          0,          0,        447,        729,    28000,    45000,    73000,   109500,   184500,   203000,
      AssocOfProduct,       5446,          0,          0,          0,       4022,       5528,      400,     6400,    19810,    56000,   119420,   357000,
      BusinessReport,       1365,          0,          0,          0,       1219,       1775,    32000,    54000,   105000,   142000,   204000,   263000,
          CustBuyBeh,       5457,          0,          0,          0,       3954,       5466,      200,     5200,    19630,    57000,   109330,   418000,
       ProductReturn,      14391,          0,          0,          0,      10314,      14166,      200,     5300,    21000,    57000,   105330,  1100000,

  5507s: (66%)   IR =   9132 ...[5511.386s][info][gc,start       ] GC(793) Pause Young (Normal) (G1 Evacuation Pause)
[5511.386s][info][gc,task        ] GC(793) Using 8 workers of 8 for evacuation
[5511.545s][info][gc,phases      ] GC(793)   Pre Evacuate Collection Set: 0.26ms
[5511.545s][info][gc,phases      ] GC(793)   Merge Heap Roots: 0.54ms
[5511.545s][info][gc,phases      ] GC(793)   Evacuate Collection Set: 156.72ms
[5511.545s][info][gc,phases      ] GC(793)   Post Evacuate Collection Set: 1.05ms
[5511.545s][info][gc,phases      ] GC(793)   Other: 0.06ms
[5511.545s][info][gc,heap        ] GC(793) Eden regions: 571->0(570)
[5511.545s][info][gc,heap        ] GC(793) Survivor regions: 43->44(77)
[5511.545s][info][gc,heap        ] GC(793) Old regions: 151->158
[5511.545s][info][gc,heap        ] GC(793) Humongous regions: 33->33
[5511.545s][info][gc,metaspace   ] GC(793) Metaspace: 30020K(30528K)->30020K(30528K) NonClass: 26619K(26880K)->26619K(26880K) Class: 3400K(3648K)->3400K(3648K)
[5511.545s][info][gc             ] GC(793) Pause Young (Normal) (G1 Evacuation Pause) 6371M->1867M(8192M) 158.760ms
[5511.545s][info][gc,cpu         ] GC(793) User=1.26s Sys=0.00s Real=0.15s
....[5515.491s][info][gc,start       ] GC(794) Pause Young (Normal) (G1 Evacuation Pause)
[5515.491s][info][gc,task        ] GC(794) Using 8 workers of 8 for evacuation
[5515.645s][info][gc,phases      ] GC(794)   Pre Evacuate Collection Set: 0.24ms
[5515.645s][info][gc,phases      ] GC(794)   Merge Heap Roots: 0.52ms
[5515.645s][info][gc,phases      ] GC(794)   Evacuate Collection Set: 151.82ms
[5515.645s][info][gc,phases      ] GC(794)   Post Evacuate Collection Set: 1.06ms
[5515.645s][info][gc,phases      ] GC(794)   Other: 0.06ms
[5515.645s][info][gc,heap        ] GC(794) Eden regions: 570->0(570)
[5515.645s][info][gc,heap        ] GC(794) Survivor regions: 44->44(77)
[5515.645s][info][gc,heap        ] GC(794) Old regions: 158->166
[5515.645s][info][gc,heap        ] GC(794) Humongous regions: 33->33
[5515.645s][info][gc,metaspace   ] GC(794) Metaspace: 30020K(30528K)->30020K(30528K) NonClass: 26619K(26880K)->26619K(26880K) Class: 3400K(3648K)->3400K(3648K)
[5515.645s][info][gc             ] GC(794) Pause Young (Normal) (G1 Evacuation Pause) 6427M->1921M(8192M) 153.814ms
[5515.645s][info][gc,cpu         ] GC(794) User=1.22s Sys=0.00s Real=0.15s
....[5519.633s][info][gc,start       ] GC(795) Pause Young (Normal) (G1 Evacuation Pause)
[5519.633s][info][gc,task        ] GC(795) Using 8 workers of 8 for evacuation
[5519.790s][info][gc,phases      ] GC(795)   Pre Evacuate Collection Set: 0.24ms
[5519.790s][info][gc,phases      ] GC(795)   Merge Heap Roots: 0.67ms
[5519.790s][info][gc,phases      ] GC(795)   Evacuate Collection Set: 153.81ms
[5519.790s][info][gc,phases      ] GC(795)   Post Evacuate Collection Set: 1.05ms
[5519.790s][info][gc,phases      ] GC(795)   Other: 0.80ms
[5519.790s][info][gc,heap        ] GC(795) Eden regions: 570->0(570)
[5519.790s][info][gc,heap        ] GC(795) Survivor regions: 44->44(77)
[5519.790s][info][gc,heap        ] GC(795) Old regions: 166->173
[5519.790s][info][gc,heap        ] GC(795) Humongous regions: 33->33
[5519.790s][info][gc,metaspace   ] GC(795) Metaspace: 30020K(30528K)->30020K(30528K) NonClass: 26619K(26880K)->26619K(26880K) Class: 3400K(3648K)->3400K(3648K)
[5519.790s][info][gc             ] GC(795) Pause Young (Normal) (G1 Evacuation Pause) 6481M->1978M(8192M) 156.733ms
[5519.790s][info][gc,cpu         ] GC(795) User=1.23s Sys=0.01s Real=0.16s
.....[5523.845s][info][gc,start       ] GC(796) Pause Young (Normal) (G1 Evacuation Pause)
[5523.845s][info][gc,task        ] GC(796) Using 8 workers of 8 for evacuation
[5523.996s][info][gc,phases      ] GC(796)   Pre Evacuate Collection Set: 0.27ms
[5523.996s][info][gc,phases      ] GC(796)   Merge Heap Roots: 0.67ms
[5523.996s][info][gc,phases      ] GC(796)   Evacuate Collection Set: 149.19ms
[5523.997s][info][gc,phases      ] GC(796)   Post Evacuate Collection Set: 1.08ms
[5523.997s][info][gc,phases      ] GC(796)   Other: 0.09ms
[5523.997s][info][gc,heap        ] GC(796) Eden regions: 570->0(571)
[5523.997s][info][gc,heap        ] GC(796) Survivor regions: 44->43(77)
[5523.997s][info][gc,heap        ] GC(796) Old regions: 173->180
[5523.997s][info][gc,heap        ] GC(796) Humongous regions: 33->33
[5523.997s][info][gc,metaspace   ] GC(796) Metaspace: 30020K(30528K)->30020K(30528K) NonClass: 26619K(26880K)->26619K(26880K) Class: 3400K(3648K)->3400K(3648K)
[5523.997s][info][gc             ] GC(796) Pause Young (Normal) (G1 Evacuation Pause) 6538M->2030M(8192M) 151.440ms
[5523.997s][info][gc,cpu         ] GC(796) User=1.20s Sys=0.00s Real=0.16s
....[5527.938s][info][gc,start       ] GC(797) Pause Young (Normal) (G1 Evacuation Pause)
[5527.938s][info][gc,task        ] GC(797) Using 8 workers of 8 for evacuation
[5528.090s][info][gc,phases      ] GC(797)   Pre Evacuate Collection Set: 0.23ms
[5528.090s][info][gc,phases      ] GC(797)   Merge Heap Roots: 0.53ms
[5528.090s][info][gc,phases      ] GC(797)   Evacuate Collection Set: 150.10ms
[5528.090s][info][gc,phases      ] GC(797)   Post Evacuate Collection Set: 1.07ms
[5528.090s][info][gc,phases      ] GC(797)   Other: 0.07ms
[5528.090s][info][gc,heap        ] GC(797) Eden regions: 571->0(571)
[5528.090s][info][gc,heap        ] GC(797) Survivor regions: 43->43(77)
[5528.090s][info][gc,heap        ] GC(797) Old regions: 180->187
[5528.090s][info][gc,heap        ] GC(797) Humongous regions: 33->33
[5528.090s][info][gc,metaspace   ] GC(797) Metaspace: 30020K(30528K)->30020K(30528K) NonClass: 26619K(26880K)->26619K(26880K) Class: 3400K(3648K)->3400K(3648K)
[5528.090s][info][gc             ] GC(797) Pause Young (Normal) (G1 Evacuation Pause) 6598M->2090M(8192M) 152.141ms
[5528.090s][info][gc,cpu         ] GC(797) User=1.20s Sys=0.00s Real=0.15s
....[5532.110s][info][gc,start       ] GC(798) Pause Young (Normal) (G1 Evacuation Pause)
[5532.110s][info][gc,task        ] GC(798) Using 8 workers of 8 for evacuation
[5532.257s][info][gc,phases      ] GC(798)   Pre Evacuate Collection Set: 0.24ms
[5532.257s][info][gc,phases      ] GC(798)   Merge Heap Roots: 0.51ms
[5532.257s][info][gc,phases      ] GC(798)   Evacuate Collection Set: 145.59ms
[5532.257s][info][gc,phases      ] GC(798)   Post Evacuate Collection Set: 1.03ms
[5532.257s][info][gc,phases      ] GC(798)   Other: 0.06ms
[5532.257s][info][gc,heap        ] GC(798) Eden regions: 571->0(571)
[5532.257s][info][gc,heap        ] GC(798) Survivor regions: 43->43(77)
[5532.257s][info][gc,heap        ] GC(798) Old regions: 187->194
[5532.257s][info][gc,heap        ] GC(798) Humongous regions: 33->33
[5532.257s][info][gc,metaspace   ] GC(798) Metaspace: 30020K(30528K)->30020K(30528K) NonClass: 26619K(26880K)->26619K(26880K) Class: 3400K(3648K)->3400K(3648K)
[5532.257s][info][gc             ] GC(798) Pause Young (Normal) (G1 Evacuation Pause) 6658M->2143M(8192M) 147.565ms
[5532.257s][info][gc,cpu         ] GC(798) User=1.17s Sys=0.00s Real=0.15s
....[5536.251s][info][gc,start       ] GC(799) Pause Young (Normal) (G1 Evacuation Pause)
[5536.251s][info][gc,task        ] GC(799) Using 8 workers of 8 for evacuation
[5536.402s][info][gc,phases      ] GC(799)   Pre Evacuate Collection Set: 0.24ms
[5536.402s][info][gc,phases      ] GC(799)   Merge Heap Roots: 0.57ms
[5536.402s][info][gc,phases      ] GC(799)   Evacuate Collection Set: 148.14ms
[5536.402s][info][gc,phases      ] GC(799)   Post Evacuate Collection Set: 1.04ms
[5536.402s][info][gc,phases      ] GC(799)   Other: 0.06ms
[5536.402s][info][gc,heap        ] GC(799) Eden regions: 571->0(571)
[5536.402s][info][gc,heap        ] GC(799) Survivor regions: 43->43(77)
[5536.402s][info][gc,heap        ] GC(799) Old regions: 194->202
[5536.402s][info][gc,heap        ] GC(799) Humongous regions: 33->33
[5536.402s][info][gc,metaspace   ] GC(799) Metaspace: 30020K(30528K)->30020K(30528K) NonClass: 26619K(26880K)->26619K(26880K) Class: 3400K(3648K)->3400K(3648K)
[5536.402s][info][gc             ] GC(799) Pause Young (Normal) (G1 Evacuation Pause) 6711M->2205M(8192M) 150.184ms
[5536.402s][info][gc,cpu         ] GC(799) User=1.19s Sys=0.00s Real=0.15s
.. (rIR:aIR:PR = 9132:9243:9243) (tPR = 135282) [IR is over limit] [PR is over limit] 
  5537s: Performance info:
         Transaction,    Success,    Partial,     Failed,   Receipts, AvgBarcode, 
             Overall,     186249,          0,          0,     176996,      59.48, 
         Response times:
             Request,    Success,    Partial,     Failed,   SkipFail,     Probes,    Samples,      min,      p50,      p90,      p95,      p99,      max, 
       TotalPurchase,     176994,          0,          0,          0,     120703,     179572,      300,     5600,    14400,    34000,   109000,   503000,
     InStorePurchase,      94278,          0,          0,          0,      63258,      94037,      300,     5600,    14700,    33000,   109000,   503000,
      OnlinePurchase,      63964,          0,          0,          0,      44659,      66360,      300,     5600,    14100,    33000,   109000,   503000,
        InstPurchase,      18752,          0,          0,          0,      12786,      19175,      500,     5500,    14500,    42000,   111240,   438000,
          AssocOfCat,        186,          0,          0,          0,        157,        271,    31000,    47000,    66000,   103200,   190760,   212000,
      AssocOfProduct,       1844,          0,          0,          0,       1343,       2050,      800,     6000,    14900,    40450,   114490,   377000,
      BusinessReport,        461,          0,          0,          0,        431,        700,    31000,    55000,    81000,   124000,   214990,   236000,
          CustBuyBeh,       1829,          0,          0,          0,       1340,       2119,      200,     4600,    15600,    29000,   104400,   360000,
       ProductReturn,       4934,          0,          0,          0,       3111,       4677,      200,     5800,    14900,    44000,   104000,   372000,

  5537s: 
  5537s: Failed, 9 overall retries left, retrying 1 of 1
  5537s: (66%)   IR =   9132 ..[5540.443s][info][gc,start       ] GC(800) Pause Young (Normal) (G1 Evacuation Pause)
[5540.443s][info][gc,task        ] GC(800) Using 8 workers of 8 for evacuation
[5540.599s][info][gc,phases      ] GC(800)   Pre Evacuate Collection Set: 0.24ms
[5540.599s][info][gc,phases      ] GC(800)   Merge Heap Roots: 0.53ms
[5540.599s][info][gc,phases      ] GC(800)   Evacuate Collection Set: 154.15ms
[5540.599s][info][gc,phases      ] GC(800)   Post Evacuate Collection Set: 1.09ms
[5540.599s][info][gc,phases      ] GC(800)   Other: 0.07ms
[5540.599s][info][gc,heap        ] GC(800) Eden regions: 571->0(570)
[5540.599s][info][gc,heap        ] GC(800) Survivor regions: 43->44(77)
[5540.599s][info][gc,heap        ] GC(800) Old regions: 202->209
[5540.599s][info][gc,heap        ] GC(800) Humongous regions: 33->33
[5540.599s][info][gc,metaspace   ] GC(800) Metaspace: 30020K(30528K)->30020K(30528K) NonClass: 26619K(26880K)->26619K(26880K) Class: 3400K(3648K)->3400K(3648K)
[5540.599s][info][gc             ] GC(800) Pause Young (Normal) (G1 Evacuation Pause) 6773M->2267M(8192M) 156.228ms
[5540.599s][info][gc,cpu         ] GC(800) User=1.24s Sys=0.00s Real=0.16s
....[5544.700s][info][gc,start       ] GC(801) Pause Young (Normal) (G1 Evacuation Pause)
[5544.700s][info][gc,task        ] GC(801) Using 8 workers of 8 for evacuation
[5544.852s][info][gc,phases      ] GC(801)   Pre Evacuate Collection Set: 0.26ms
[5544.852s][info][gc,phases      ] GC(801)   Merge Heap Roots: 0.53ms
[5544.852s][info][gc,phases      ] GC(801)   Evacuate Collection Set: 150.26ms
[5544.852s][info][gc,phases      ] GC(801)   Post Evacuate Collection Set: 1.10ms
[5544.852s][info][gc,phases      ] GC(801)   Other: 0.06ms
[5544.852s][info][gc,heap        ] GC(801) Eden regions: 570->0(571)
[5544.852s][info][gc,heap        ] GC(801) Survivor regions: 44->43(77)
[5544.852s][info][gc,heap        ] GC(801) Old regions: 209->216
[5544.852s][info][gc,heap        ] GC(801) Humongous regions: 33->33
[5544.852s][info][gc,metaspace   ] GC(801) Metaspace: 30020K(30528K)->30020K(30528K) NonClass: 26619K(26880K)->26619K(26880K) Class: 3400K(3648K)->3400K(3648K)
[5544.852s][info][gc             ] GC(801) Pause Young (Normal) (G1 Evacuation Pause) 6827M->2322M(8192M) 152.369ms
[5544.852s][info][gc,cpu         ] GC(801) User=1.21s Sys=0.00s Real=0.15s
.....[5548.934s][info][gc,start       ] GC(802) Pause Young (Normal) (G1 Evacuation Pause)
[5548.934s][info][gc,task        ] GC(802) Using 8 workers of 8 for evacuation
[5549.085s][info][gc,phases      ] GC(802)   Pre Evacuate Collection Set: 0.24ms
[5549.086s][info][gc,phases      ] GC(802)   Merge Heap Roots: 0.52ms
[5549.086s][info][gc,phases      ] GC(802)   Evacuate Collection Set: 149.72ms
[5549.086s][info][gc,phases      ] GC(802)   Post Evacuate Collection Set: 1.05ms
[5549.086s][info][gc,phases      ] GC(802)   Other: 0.07ms
[5549.086s][info][gc,heap        ] GC(802) Eden regions: 571->0(571)
[5549.086s][info][gc,heap        ] GC(802) Survivor regions: 43->43(77)
[5549.086s][info][gc,heap        ] GC(802) Old regions: 216->224
[5549.086s][info][gc,heap        ] GC(802) Humongous regions: 33->33
[5549.086s][info][gc,metaspace   ] GC(802) Metaspace: 30020K(30528K)->30020K(30528K) NonClass: 26619K(26880K)->26619K(26880K) Class: 3400K(3648K)->3400K(3648K)
[5549.086s][info][gc             ] GC(802) Pause Young (Normal) (G1 Evacuation Pause) 6890M->2383M(8192M) 151.736ms
[5549.086s][info][gc,cpu         ] GC(802) User=1.21s Sys=0.00s Real=0.15s
....[5553.171s][info][gc,start       ] GC(803) Pause Young (Normal) (G1 Evacuation Pause)
[5553.171s][info][gc,task        ] GC(803) Using 8 workers of 8 for evacuation
[5553.322s][info][gc,phases      ] GC(803)   Pre Evacuate Collection Set: 0.24ms
[5553.322s][info][gc,phases      ] GC(803)   Merge Heap Roots: 0.53ms
[5553.322s][info][gc,phases      ] GC(803)   Evacuate Collection Set: 148.48ms
[5553.322s][info][gc,phases      ] GC(803)   Post Evacuate Collection Set: 1.04ms
[5553.322s][info][gc,phases      ] GC(803)   Other: 0.08ms
[5553.322s][info][gc,heap        ] GC(803) Eden regions: 571->0(571)
[5553.322s][info][gc,heap        ] GC(803) Survivor regions: 43->43(77)
[5553.322s][info][gc,heap        ] GC(803) Old regions: 224->231
[5553.322s][info][gc,heap        ] GC(803) Humongous regions: 33->33
[5553.322s][info][gc,metaspace   ] GC(803) Metaspace: 30020K(30528K)->30020K(30528K) NonClass: 26619K(26880K)->26619K(26880K) Class: 3400K(3648K)->3400K(3648K)
[5553.322s][info][gc             ] GC(803) Pause Young (Normal) (G1 Evacuation Pause) 6951M->2439M(8192M) 150.500ms
[5553.322s][info][gc,cpu         ] GC(803) User=1.19s Sys=0.00s Real=0.15s
....[5557.369s][info][gc,start       ] GC(804) Pause Young (Normal) (G1 Evacuation Pause)
[5557.369s][info][gc,task        ] GC(804) Using 8 workers of 8 for evacuation
[5557.517s][info][gc,phases      ] GC(804)   Pre Evacuate Collection Set: 0.26ms
[5557.517s][info][gc,phases      ] GC(804)   Merge Heap Roots: 0.54ms
[5557.517s][info][gc,phases      ] GC(804)   Evacuate Collection Set: 146.43ms
[5557.517s][info][gc,phases      ] GC(804)   Post Evacuate Collection Set: 1.05ms
[5557.517s][info][gc,phases      ] GC(804)   Other: 0.07ms
[5557.517s][info][gc,heap        ] GC(804) Eden regions: 571->0(572)
[5557.517s][info][gc,heap        ] GC(804) Survivor regions: 43->42(77)
[5557.517s][info][gc,heap        ] GC(804) Old regions: 231->238
[5557.517s][info][gc,heap        ] GC(804) Humongous regions: 33->33
[5557.517s][info][gc,metaspace   ] GC(804) Metaspace: 30020K(30528K)->30020K(30528K) NonClass: 26619K(26880K)->26619K(26880K) Class: 3400K(3648K)->3400K(3648K)
[5557.517s][info][gc             ] GC(804) Pause Young (Normal) (G1 Evacuation Pause) 7007M->2489M(8192M) 148.474ms
[5557.517s][info][gc,cpu         ] GC(804) User=1.18s Sys=0.00s Real=0.15s
....[5561.547s][info][gc,start       ] GC(805) Pause Young (Normal) (G1 Evacuation Pause)
[5561.547s][info][gc,task        ] GC(805) Using 8 workers of 8 for evacuation
[5561.701s][info][gc,phases      ] GC(805)   Pre Evacuate Collection Set: 0.26ms
[5561.701s][info][gc,phases      ] GC(805)   Merge Heap Roots: 0.56ms
[5561.701s][info][gc,phases      ] GC(805)   Evacuate Collection Set: 151.58ms
[5561.701s][info][gc,phases      ] GC(805)   Post Evacuate Collection Set: 1.06ms
[5561.701s][info][gc,phases      ] GC(805)   Other: 0.06ms
[5561.701s][info][gc,heap        ] GC(805) Eden regions: 572->0(570)
[5561.701s][info][gc,heap        ] GC(805) Survivor regions: 42->44(77)
[5561.701s][info][gc,heap        ] GC(805) Old regions: 238->245
[5561.701s][info][gc,heap        ] GC(805) Humongous regions: 33->33
[5561.701s][info][gc,metaspace   ] GC(805) Metaspace: 30020K(30528K)->30020K(30528K) NonClass: 26619K(26880K)->26619K(26880K) Class: 3400K(3648K)->3400K(3648K)
[5561.701s][info][gc             ] GC(805) Pause Young (Normal) (G1 Evacuation Pause) 7065M->2558M(8192M) 153.666ms
[5561.701s][info][gc,cpu         ] GC(805) User=1.22s Sys=0.00s Real=0.15s
....[5565.830s][info][gc,start       ] GC(806) Pause Young (Normal) (G1 Evacuation Pause)
[5565.830s][info][gc,task        ] GC(806) Using 8 workers of 8 for evacuation
[5565.983s][info][gc,phases      ] GC(806)   Pre Evacuate Collection Set: 0.26ms
[5565.983s][info][gc,phases      ] GC(806)   Merge Heap Roots: 0.52ms
[5565.983s][info][gc,phases      ] GC(806)   Evacuate Collection Set: 150.98ms
[5565.983s][info][gc,phases      ] GC(806)   Post Evacuate Collection Set: 1.06ms
[5565.983s][info][gc,phases      ] GC(806)   Other: 0.06ms
[5565.983s][info][gc,heap        ] GC(806) Eden regions: 570->0(570)
[5565.983s][info][gc,heap        ] GC(806) Survivor regions: 44->44(77)
[5565.983s][info][gc,heap        ] GC(806) Old regions: 245->252
[5565.983s][info][gc,heap        ] GC(806) Humongous regions: 33->33
[5565.983s][info][gc,metaspace   ] GC(806) Metaspace: 30020K(30528K)->30020K(30528K) NonClass: 26619K(26880K)->26619K(26880K) Class: 3400K(3648K)->3400K(3648K)
[5565.983s][info][gc             ] GC(806) Pause Young (Normal) (G1 Evacuation Pause) 7118M->2619M(8192M) 153.038ms
[5565.983s][info][gc,cpu         ] GC(806) User=1.21s Sys=0.00s Real=0.15s
.....[5570.001s][info][gc,start       ] GC(807) Pause Young (Normal) (G1 Evacuation Pause)
[5570.001s][info][gc,task        ] GC(807) Using 8 workers of 8 for evacuation
[5570.150s][info][gc,phases      ] GC(807)   Pre Evacuate Collection Set: 0.23ms
[5570.150s][info][gc,phases      ] GC(807)   Merge Heap Roots: 0.53ms
[5570.150s][info][gc,phases      ] GC(807)   Evacuate Collection Set: 147.00ms
[5570.150s][info][gc,phases      ] GC(807)   Post Evacuate Collection Set: 1.05ms
[5570.150s][info][gc,phases      ] GC(807)   Other: 0.06ms
[5570.150s][info][gc,heap        ] GC(807) Eden regions: 570->0(571)
[5570.150s][info][gc,heap        ] GC(807) Survivor regions: 44->43(77)
[5570.150s][info][gc,heap        ] GC(807) Old regions: 252->259
[5570.150s][info][gc,heap        ] GC(807) Humongous regions: 33->33
[5570.150s][info][gc,metaspace   ] GC(807) Metaspace: 30020K(30528K)->30020K(30528K) NonClass: 26619K(26880K)->26619K(26880K) Class: 3400K(3648K)->3400K(3648K)
[5570.150s][info][gc             ] GC(807) Pause Young (Normal) (G1 Evacuation Pause) 7179M->2662M(8192M) 148.996ms
[5570.150s][info][gc,cpu         ] GC(807) User=1.18s Sys=0.00s Real=0.15s
....[5574.277s][info][gc,start       ] GC(808) Pause Young (Normal) (G1 Evacuation Pause)
[5574.277s][info][gc,task        ] GC(808) Using 8 workers of 8 for evacuation
[5574.431s][info][gc,phases      ] GC(808)   Pre Evacuate Collection Set: 0.24ms
[5574.431s][info][gc,phases      ] GC(808)   Merge Heap Roots: 0.60ms
[5574.431s][info][gc,phases      ] GC(808)   Evacuate Collection Set: 152.01ms
[5574.431s][info][gc,phases      ] GC(808)   Post Evacuate Collection Set: 1.11ms
[5574.431s][info][gc,phases      ] GC(808)   Other: 0.06ms
[5574.431s][info][gc,heap        ] GC(808) Eden regions: 571->0(570)
[5574.431s][info][gc,heap        ] GC(808) Survivor regions: 43->44(77)
[5574.431s][info][gc,heap        ] GC(808) Old regions: 259->267
[5574.431s][info][gc,heap        ] GC(808) Humongous regions: 33->33
[5574.431s][info][gc,metaspace   ] GC(808) Metaspace: 30020K(30528K)->30020K(30528K) NonClass: 26619K(26880K)->26619K(26880K) Class: 3400K(3648K)->3400K(3648K)
[5574.431s][info][gc             ] GC(808) Pause Young (Normal) (G1 Evacuation Pause) 7230M->2729M(8192M) 154.162ms
[5574.431s][info][gc,cpu         ] GC(808) User=1.22s Sys=0.00s Real=0.15s
....[5578.428s][info][gc,start       ] GC(809) Pause Young (Normal) (G1 Evacuation Pause)
[5578.428s][info][gc,task        ] GC(809) Using 8 workers of 8 for evacuation
[5578.577s][info][gc,phases      ] GC(809)   Pre Evacuate Collection Set: 0.26ms
[5578.577s][info][gc,phases      ] GC(809)   Merge Heap Roots: 0.59ms
[5578.577s][info][gc,phases      ] GC(809)   Evacuate Collection Set: 147.28ms
[5578.577s][info][gc,phases      ] GC(809)   Post Evacuate Collection Set: 1.07ms
[5578.577s][info][gc,phases      ] GC(809)   Other: 0.07ms
[5578.577s][info][gc,heap        ] GC(809) Eden regions: 570->0(571)
[5578.577s][info][gc,heap        ] GC(809) Survivor regions: 44->43(77)
[5578.577s][info][gc,heap        ] GC(809) Old regions: 267->274
[5578.577s][info][gc,heap        ] GC(809) Humongous regions: 33->33
[5578.577s][info][gc,metaspace   ] GC(809) Metaspace: 30020K(30528K)->30020K(30528K) NonClass: 26619K(26880K)->26619K(26880K) Class: 3400K(3648K)->3400K(3648K)
[5578.577s][info][gc             ] GC(809) Pause Young (Normal) (G1 Evacuation Pause) 7289M->2781M(8192M) 149.399ms
[5578.577s][info][gc,cpu         ] GC(809) User=1.18s Sys=0.00s Real=0.15s
.|...[5582.560s][info][gc,start       ] GC(810) Pause Young (Normal) (G1 Evacuation Pause)
[5582.560s][info][gc,task        ] GC(810) Using 8 workers of 8 for evacuation
[5582.711s][info][gc,phases      ] GC(810)   Pre Evacuate Collection Set: 0.24ms
[5582.711s][info][gc,phases      ] GC(810)   Merge Heap Roots: 0.52ms
[5582.711s][info][gc,phases      ] GC(810)   Evacuate Collection Set: 149.08ms
[5582.711s][info][gc,phases      ] GC(810)   Post Evacuate Collection Set: 1.08ms
[5582.711s][info][gc,phases      ] GC(810)   Other: 0.09ms
[5582.711s][info][gc,heap        ] GC(810) Eden regions: 571->0(571)
[5582.711s][info][gc,heap        ] GC(810) Survivor regions: 43->43(77)
[5582.711s][info][gc,heap        ] GC(810) Old regions: 274->281
[5582.711s][info][gc,heap        ] GC(810) Humongous regions: 33->33
[5582.711s][info][gc,metaspace   ] GC(810) Metaspace: 30020K(30528K)->30020K(30528K) NonClass: 26619K(26880K)->26619K(26880K) Class: 3400K(3648K)->3400K(3648K)
[5582.711s][info][gc             ] GC(810) Pause Young (Normal) (G1 Evacuation Pause) 7349M->2835M(8192M) 151.157ms
[5582.711s][info][gc,cpu         ] GC(810) User=1.20s Sys=0.00s Real=0.15s
....[5586.847s][info][gc,start       ] GC(811) Pause Young (Normal) (G1 Evacuation Pause)
[5586.847s][info][gc,task        ] GC(811) Using 8 workers of 8 for evacuation
[5586.997s][info][gc,phases      ] GC(811)   Pre Evacuate Collection Set: 0.26ms
[5586.997s][info][gc,phases      ] GC(811)   Merge Heap Roots: 0.58ms
[5586.997s][info][gc,phases      ] GC(811)   Evacuate Collection Set: 148.62ms
[5586.997s][info][gc,phases      ] GC(811)   Post Evacuate Collection Set: 1.06ms
[5586.997s][info][gc,phases      ] GC(811)   Other: 0.07ms
[5586.997s][info][gc,heap        ] GC(811) Eden regions: 571->0(565)
[5586.997s][info][gc,heap        ] GC(811) Survivor regions: 43->43(77)
[5586.997s][info][gc,heap        ] GC(811) Old regions: 281->288
[5586.997s][info][gc,heap        ] GC(811) Humongous regions: 33->33
[5586.997s][info][gc,metaspace   ] GC(811) Metaspace: 30020K(30528K)->30020K(30528K) NonClass: 26619K(26880K)->26619K(26880K) Class: 3400K(3648K)->3400K(3648K)
[5586.997s][info][gc             ] GC(811) Pause Young (Normal) (G1 Evacuation Pause) 7403M->2898M(8192M) 150.735ms
[5586.997s][info][gc,cpu         ] GC(811) User=1.20s Sys=0.00s Real=0.15s
....[5590.912s][info][gc,start       ] GC(812) Pause Young (Normal) (G1 Evacuation Pause)
[5590.912s][info][gc,task        ] GC(812) Using 8 workers of 8 for evacuation
[5591.061s][info][gc,phases      ] GC(812)   Pre Evacuate Collection Set: 0.23ms
[5591.061s][info][gc,phases      ] GC(812)   Merge Heap Roots: 0.53ms
[5591.061s][info][gc,phases      ] GC(812)   Evacuate Collection Set: 146.87ms
[5591.061s][info][gc,phases      ] GC(812)   Post Evacuate Collection Set: 1.05ms
[5591.061s][info][gc,phases      ] GC(812)   Other: 0.06ms
[5591.061s][info][gc,heap        ] GC(812) Eden regions: 565->0(558)
[5591.061s][info][gc,heap        ] GC(812) Survivor regions: 43->43(76)
[5591.061s][info][gc,heap        ] GC(812) Old regions: 288->295
[5591.061s][info][gc,heap        ] GC(812) Humongous regions: 33->33
[5591.061s][info][gc,metaspace   ] GC(812) Metaspace: 30020K(30528K)->30020K(30528K) NonClass: 26619K(26880K)->26619K(26880K) Class: 3400K(3648K)->3400K(3648K)
[5591.061s][info][gc             ] GC(812) Pause Young (Normal) (G1 Evacuation Pause) 7418M->2955M(8192M) 148.884ms
[5591.061s][info][gc,cpu         ] GC(812) User=1.18s Sys=0.00s Real=0.15s
....[5594.961s][info][gc,start       ] GC(813) Pause Young (Normal) (G1 Evacuation Pause)
[5594.961s][info][gc,task        ] GC(813) Using 8 workers of 8 for evacuation
[5595.114s][info][gc,phases      ] GC(813)   Pre Evacuate Collection Set: 0.26ms
[5595.114s][info][gc,phases      ] GC(813)   Merge Heap Roots: 0.52ms
[5595.114s][info][gc,phases      ] GC(813)   Evacuate Collection Set: 150.67ms
[5595.114s][info][gc,phases      ] GC(813)   Post Evacuate Collection Set: 1.01ms
[5595.114s][info][gc,phases      ] GC(813)   Other: 0.06ms
[5595.114s][info][gc,heap        ] GC(813) Eden regions: 558->0(550)
[5595.114s][info][gc,heap        ] GC(813) Survivor regions: 43->43(76)
[5595.114s][info][gc,heap        ] GC(813) Old regions: 295->303
[5595.114s][info][gc,heap        ] GC(813) Humongous regions: 33->33
[5595.114s][info][gc,metaspace   ] GC(813) Metaspace: 30020K(30528K)->30020K(30528K) NonClass: 26619K(26880K)->26619K(26880K) Class: 3400K(3648K)->3400K(3648K)
[5595.114s][info][gc             ] GC(813) Pause Young (Normal) (G1 Evacuation Pause) 7419M->3013M(8192M) 152.662ms
[5595.114s][info][gc,cpu         ] GC(813) User=1.21s Sys=0.00s Real=0.15s
....[5599.003s][info][gc,start       ] GC(814) Pause Young (Normal) (G1 Evacuation Pause)
[5599.003s][info][gc,task        ] GC(814) Using 8 workers of 8 for evacuation
[5599.152s][info][gc,phases      ] GC(814)   Pre Evacuate Collection Set: 0.23ms
[5599.152s][info][gc,phases      ] GC(814)   Merge Heap Roots: 0.52ms
[5599.152s][info][gc,phases      ] GC(814)   Evacuate Collection Set: 147.51ms
[5599.152s][info][gc,phases      ] GC(814)   Post Evacuate Collection Set: 1.06ms
[5599.152s][info][gc,phases      ] GC(814)   Other: 0.06ms
[5599.152s][info][gc,heap        ] GC(814) Eden regions: 550->0(542)
[5599.152s][info][gc,heap        ] GC(814) Survivor regions: 43->43(75)
[5599.152s][info][gc,heap        ] GC(814) Old regions: 303->311
[5599.152s][info][gc,heap        ] GC(814) Humongous regions: 33->33
[5599.152s][info][gc,metaspace   ] GC(814) Metaspace: 30020K(30528K)->30020K(30528K) NonClass: 26619K(26880K)->26619K(26880K) Class: 3400K(3648K)->3400K(3648K)
[5599.152s][info][gc             ] GC(814) Pause Young (Normal) (G1 Evacuation Pause) 7413M->3077M(8192M) 149.505ms
[5599.152s][info][gc,cpu         ] GC(814) User=1.19s Sys=0.00s Real=0.15s
....[5603.081s][info][gc,start       ] GC(815) Pause Young (Concurrent Start) (G1 Evacuation Pause)
[5603.081s][info][gc,task        ] GC(815) Using 8 workers of 8 for evacuation
[5603.232s][info][gc,phases      ] GC(815)   Pre Evacuate Collection Set: 0.31ms
[5603.232s][info][gc,phases      ] GC(815)   Merge Heap Roots: 0.63ms
[5603.232s][info][gc,phases      ] GC(815)   Evacuate Collection Set: 148.76ms
[5603.232s][info][gc,phases      ] GC(815)   Post Evacuate Collection Set: 1.04ms
[5603.232s][info][gc,phases      ] GC(815)   Other: 0.11ms
[5603.232s][info][gc,heap        ] GC(815) Eden regions: 542->0(535)
[5603.232s][info][gc,heap        ] GC(815) Survivor regions: 43->43(74)
[5603.232s][info][gc,heap        ] GC(815) Old regions: 311->318
[5603.232s][info][gc,heap        ] GC(815) Humongous regions: 33->33
[5603.232s][info][gc,metaspace   ] GC(815) Metaspace: 30020K(30528K)->30020K(30528K) NonClass: 26619K(26880K)->26619K(26880K) Class: 3400K(3648K)->3400K(3648K)
[5603.232s][info][gc             ] GC(815) Pause Young (Concurrent Start) (G1 Evacuation Pause) 7413M->3135M(8192M) 150.994ms
[5603.232s][info][gc             ] GC(816) Concurrent Mark Cycle
[5603.232s][info][gc,marking     ] GC(816) Concurrent Scan Root Regions
[5603.232s][info][gc,cpu         ] GC(815) User=1.19s Sys=0.00s Real=0.15s
.[5603.503s][info][gc,marking     ] GC(816) Concurrent Scan Root Regions 270.086ms
[5603.503s][info][gc,marking     ] GC(816) Concurrent Mark
[5603.503s][info][gc,marking     ] GC(816) Concurrent Mark From Roots
[5603.503s][info][gc,task        ] GC(816) Using 2 workers of 2 for marking
.[5604.778s][info][gc,marking     ] GC(816) Concurrent Mark From Roots 1275.453ms
[5604.778s][info][gc,marking     ] GC(816) Concurrent Preclean
[5604.778s][info][gc,marking     ] GC(816) Concurrent Preclean 0.179ms
[5604.779s][info][gc,start       ] GC(816) Pause Remark
[5604.781s][info][gc             ] GC(816) Pause Remark 4921M->4377M(8192M) 2.176ms
[5604.781s][info][gc,cpu         ] GC(816) User=0.01s Sys=0.00s Real=0.00s
[5604.781s][info][gc,marking     ] GC(816) Concurrent Mark 1278.186ms
[5604.781s][info][gc,marking     ] GC(816) Concurrent Rebuild Remembered Sets and Scrub Regions
.[5605.450s][info][gc,marking     ] GC(816) Concurrent Rebuild Remembered Sets and Scrub Regions 668.866ms
[5605.450s][info][gc,start       ] GC(816) Pause Cleanup
[5605.450s][info][gc             ] GC(816) Pause Cleanup 5244M->5244M(8192M) 0.255ms
[5605.450s][info][gc,cpu         ] GC(816) User=0.00s Sys=0.00s Real=0.00s
[5605.450s][info][gc,marking     ] GC(816) Concurrent Clear Claimed Marks
[5605.450s][info][gc,marking     ] GC(816) Concurrent Clear Claimed Marks 0.043ms
[5605.450s][info][gc,marking     ] GC(816) Concurrent Cleanup for Next Mark
[5605.474s][info][gc,marking     ] GC(816) Concurrent Cleanup for Next Mark 23.349ms
[5605.474s][info][gc             ] GC(816) Concurrent Mark Cycle 2241.174ms
.[5606.916s][info][gc,start       ] GC(817) Pause Young (Prepare Mixed) (G1 Evacuation Pause)
[5606.916s][info][gc,task        ] GC(817) Using 8 workers of 8 for evacuation
[5607.062s][info][gc,phases      ] GC(817)   Pre Evacuate Collection Set: 0.23ms
[5607.062s][info][gc,phases      ] GC(817)   Merge Heap Roots: 0.72ms
[5607.062s][info][gc,phases      ] GC(817)   Evacuate Collection Set: 143.23ms
[5607.062s][info][gc,phases      ] GC(817)   Post Evacuate Collection Set: 1.12ms
[5607.062s][info][gc,phases      ] GC(817)   Other: 0.07ms
[5607.062s][info][gc,heap        ] GC(817) Eden regions: 535->0(573)
[5607.062s][info][gc,heap        ] GC(817) Survivor regions: 43->41(73)
[5607.062s][info][gc,heap        ] GC(817) Old regions: 250->258
[5607.062s][info][gc,heap        ] GC(817) Humongous regions: 33->33
[5607.062s][info][gc,metaspace   ] GC(817) Metaspace: 30020K(30528K)->30020K(30528K) NonClass: 26619K(26880K)->26619K(26880K) Class: 3400K(3648K)->3400K(3648K)
[5607.062s][info][gc             ] GC(817) Pause Young (Prepare Mixed) (G1 Evacuation Pause) 6871M->2638M(8192M) 145.506ms
[5607.062s][info][gc,cpu         ] GC(817) User=1.15s Sys=0.00s Real=0.14s
....[5611.152s][info][gc,start       ] GC(818) Pause Young (Mixed) (G1 Evacuation Pause)
[5611.152s][info][gc,task        ] GC(818) Using 8 workers of 8 for evacuation
[5611.305s][info][gc,phases      ] GC(818)   Pre Evacuate Collection Set: 0.27ms
[5611.305s][info][gc,phases      ] GC(818)   Merge Heap Roots: 0.92ms
[5611.305s][info][gc,phases      ] GC(818)   Evacuate Collection Set: 150.15ms
[5611.305s][info][gc,phases      ] GC(818)   Post Evacuate Collection Set: 1.26ms
[5611.305s][info][gc,phases      ] GC(818)   Other: 0.08ms
[5611.305s][info][gc,heap        ] GC(818) Eden regions: 573->0(572)
[5611.305s][info][gc,heap        ] GC(818) Survivor regions: 41->42(77)
[5611.305s][info][gc,heap        ] GC(818) Old regions: 258->163
[5611.305s][info][gc,heap        ] GC(818) Humongous regions: 33->33
[5611.305s][info][gc,metaspace   ] GC(818) Metaspace: 30020K(30528K)->30020K(30528K) NonClass: 26619K(26880K)->26619K(26880K) Class: 3400K(3648K)->3400K(3648K)
[5611.305s][info][gc             ] GC(818) Pause Young (Mixed) (G1 Evacuation Pause) 7222M->1887M(8192M) 152.798ms
[5611.305s][info][gc,cpu         ] GC(818) User=1.21s Sys=0.00s Real=0.15s
.....[5615.324s][info][gc,start       ] GC(819) Pause Young (Mixed) (G1 Evacuation Pause)
[5615.324s][info][gc,task        ] GC(819) Using 8 workers of 8 for evacuation
[5615.478s][info][gc,phases      ] GC(819)   Pre Evacuate Collection Set: 0.25ms
[5615.478s][info][gc,phases      ] GC(819)   Merge Heap Roots: 0.77ms
[5615.478s][info][gc,phases      ] GC(819)   Evacuate Collection Set: 151.36ms
[5615.478s][info][gc,phases      ] GC(819)   Post Evacuate Collection Set: 1.08ms
[5615.478s][info][gc,phases      ] GC(819)   Other: 0.07ms
[5615.478s][info][gc,heap        ] GC(819) Eden regions: 572->0(572)
[5615.478s][info][gc,heap        ] GC(819) Survivor regions: 42->42(77)
[5615.478s][info][gc,heap        ] GC(819) Old regions: 163->144
[5615.478s][info][gc,heap        ] GC(819) Humongous regions: 33->33
[5615.478s][info][gc,metaspace   ] GC(819) Metaspace: 30020K(30528K)->30020K(30528K) NonClass: 26619K(26880K)->26619K(26880K) Class: 3400K(3648K)->3400K(3648K)
[5615.478s][info][gc             ] GC(819) Pause Young (Mixed) (G1 Evacuation Pause) 6463M->1734M(8192M) 153.683ms
[5615.478s][info][gc,cpu         ] GC(819) User=1.22s Sys=0.00s Real=0.16s
....[5619.564s][info][gc,start       ] GC(820) Pause Young (Normal) (G1 Evacuation Pause)
[5619.564s][info][gc,task        ] GC(820) Using 8 workers of 8 for evacuation
[5619.718s][info][gc,phases      ] GC(820)   Pre Evacuate Collection Set: 0.26ms
[5619.718s][info][gc,phases      ] GC(820)   Merge Heap Roots: 0.59ms
[5619.718s][info][gc,phases      ] GC(820)   Evacuate Collection Set: 152.21ms
[5619.718s][info][gc,phases      ] GC(820)   Post Evacuate Collection Set: 1.04ms
[5619.718s][info][gc,phases      ] GC(820)   Other: 0.06ms
[5619.718s][info][gc,heap        ] GC(820) Eden regions: 572->0(570)
[5619.718s][info][gc,heap        ] GC(820) Survivor regions: 42->44(77)
[5619.718s][info][gc,heap        ] GC(820) Old regions: 144->151
[5619.718s][info][gc,heap        ] GC(820) Humongous regions: 33->33
[5619.718s][info][gc,metaspace   ] GC(820) Metaspace: 30020K(30528K)->30020K(30528K) NonClass: 26619K(26880K)->26619K(26880K) Class: 3400K(3648K)->3400K(3648K)
[5619.718s][info][gc             ] GC(820) Pause Young (Normal) (G1 Evacuation Pause) 6310M->1811M(8192M) 154.304ms
[5619.718s][info][gc,cpu         ] GC(820) User=1.22s Sys=0.00s Real=0.16s
....[5623.813s][info][gc,start       ] GC(821) Pause Young (Normal) (G1 Evacuation Pause)
[5623.813s][info][gc,task        ] GC(821) Using 8 workers of 8 for evacuation
[5623.966s][info][gc,phases      ] GC(821)   Pre Evacuate Collection Set: 0.22ms
[5623.966s][info][gc,phases      ] GC(821)   Merge Heap Roots: 0.53ms
[5623.966s][info][gc,phases      ] GC(821)   Evacuate Collection Set: 150.40ms
[5623.966s][info][gc,phases      ] GC(821)   Post Evacuate Collection Set: 1.05ms
[5623.966s][info][gc,phases      ] GC(821)   Other: 0.06ms
[5623.966s][info][gc,heap        ] GC(821) Eden regions: 570->0(570)
[5623.966s][info][gc,heap        ] GC(821) Survivor regions: 44->44(77)
[5623.966s][info][gc,heap        ] GC(821) Old regions: 151->158
[5623.966s][info][gc,heap        ] GC(821) Humongous regions: 33->33
[5623.966s][info][gc,metaspace   ] GC(821) Metaspace: 30020K(30528K)->30020K(30528K) NonClass: 26619K(26880K)->26619K(26880K) Class: 3400K(3648K)->3400K(3648K)
[5623.966s][info][gc             ] GC(821) Pause Young (Normal) (G1 Evacuation Pause) 6371M->1862M(8192M) 152.394ms
[5623.966s][info][gc,cpu         ] GC(821) User=1.20s Sys=0.01s Real=0.16s
....[5628.088s][info][gc,start       ] GC(822) Pause Young (Normal) (G1 Evacuation Pause)
[5628.088s][info][gc,task        ] GC(822) Using 8 workers of 8 for evacuation
[5628.238s][info][gc,phases      ] GC(822)   Pre Evacuate Collection Set: 0.23ms
[5628.238s][info][gc,phases      ] GC(822)   Merge Heap Roots: 0.52ms
[5628.238s][info][gc,phases      ] GC(822)   Evacuate Collection Set: 148.28ms
[5628.238s][info][gc,phases      ] GC(822)   Post Evacuate Collection Set: 1.03ms
[5628.238s][info][gc,phases      ] GC(822)   Other: 0.06ms
[5628.238s][info][gc,heap        ] GC(822) Eden regions: 570->0(572)
[5628.238s][info][gc,heap        ] GC(822) Survivor regions: 44->42(77)
[5628.238s][info][gc,heap        ] GC(822) Old regions: 158->166
[5628.238s][info][gc,heap        ] GC(822) Humongous regions: 33->33
[5628.238s][info][gc,metaspace   ] GC(822) Metaspace: 30020K(30528K)->30020K(30528K) NonClass: 26619K(26880K)->26619K(26880K) Class: 3400K(3648K)->3400K(3648K)
[5628.238s][info][gc             ] GC(822) Pause Young (Normal) (G1 Evacuation Pause) 6422M->1905M(8192M) 150.257ms
[5628.238s][info][gc,cpu         ] GC(822) User=1.19s Sys=0.00s Real=0.15s
....[5632.177s][info][gc,start       ] GC(823) Pause Young (Normal) (G1 Evacuation Pause)
[5632.177s][info][gc,task        ] GC(823) Using 8 workers of 8 for evacuation
[5632.326s][info][gc,phases      ] GC(823)   Pre Evacuate Collection Set: 0.23ms
[5632.326s][info][gc,phases      ] GC(823)   Merge Heap Roots: 0.50ms
[5632.326s][info][gc,phases      ] GC(823)   Evacuate Collection Set: 148.00ms
[5632.326s][info][gc,phases      ] GC(823)   Post Evacuate Collection Set: 1.04ms
[5632.326s][info][gc,phases      ] GC(823)   Other: 0.06ms
[5632.326s][info][gc,heap        ] GC(823) Eden regions: 572->0(571)
[5632.326s][info][gc,heap        ] GC(823) Survivor regions: 42->43(77)
[5632.326s][info][gc,heap        ] GC(823) Old regions: 166->173
[5632.326s][info][gc,heap        ] GC(823) Humongous regions: 33->33
[5632.326s][info][gc,metaspace   ] GC(823) Metaspace: 30020K(30528K)->30020K(30528K) NonClass: 26619K(26880K)->26619K(26880K) Class: 3400K(3648K)->3400K(3648K)
[5632.326s][info][gc             ] GC(823) Pause Young (Normal) (G1 Evacuation Pause) 6481M->1969M(8192M) 149.972ms
[5632.327s][info][gc,cpu         ] GC(823) User=1.19s Sys=0.00s Real=0.15s
.....[5636.346s][info][gc,start       ] GC(824) Pause Young (Normal) (G1 Evacuation Pause)
[5636.346s][info][gc,task        ] GC(824) Using 8 workers of 8 for evacuation
[5636.496s][info][gc,phases      ] GC(824)   Pre Evacuate Collection Set: 0.23ms
[5636.496s][info][gc,phases      ] GC(824)   Merge Heap Roots: 0.51ms
[5636.496s][info][gc,phases      ] GC(824)   Evacuate Collection Set: 147.98ms
[5636.496s][info][gc,phases      ] GC(824)   Post Evacuate Collection Set: 1.05ms
[5636.496s][info][gc,phases      ] GC(824)   Other: 0.06ms
[5636.496s][info][gc,heap        ] GC(824) Eden regions: 571->0(570)
[5636.496s][info][gc,heap        ] GC(824) Survivor regions: 43->44(77)
[5636.496s][info][gc,heap        ] GC(824) Old regions: 173->180
[5636.496s][info][gc,heap        ] GC(824) Humongous regions: 33->33
[5636.496s][info][gc,metaspace   ] GC(824) Metaspace: 30020K(30528K)->30020K(30528K) NonClass: 26619K(26880K)->26619K(26880K) Class: 3400K(3648K)->3400K(3648K)
[5636.496s][info][gc             ] GC(824) Pause Young (Normal) (G1 Evacuation Pause) 6537M->2033M(8192M) 149.971ms
[5636.496s][info][gc,cpu         ] GC(824) User=1.18s Sys=0.00s Real=0.15s
... (rIR:aIR:PR = 9132:9137:9138) (tPR = 135308) [OK] 
  5639s: Performance info:
         Transaction,    Success,    Partial,     Failed,   Receipts, AvgBarcode, 
             Overall,     551287,          0,          0,     523878,      59.48, 
         Response times:
             Request,    Success,    Partial,     Failed,   SkipFail,     Probes,    Samples,      min,      p50,      p90,      p95,      p99,      max, 
       TotalPurchase,     523846,          0,          0,          0,     360968,     613413,      300,     6200,    22000,    64000,   132000,  1100000,
     InStorePurchase,     276720,          0,          0,          0,     189562,     321950,      300,     6100,    22000,    64000,   133000,  1100000,
      OnlinePurchase,     192753,          0,          0,          0,     132980,     225522,      300,     6200,    21000,    62000,   131000,  1100000,
        InstPurchase,      54373,          0,          0,          0,      38426,      65941,      400,     6200,    23000,    67000,   134000,  1100000,
          AssocOfCat,        547,          0,          0,          0,        429,        893,    23000,    47000,    88000,   130900,   214480,   277000,
      AssocOfProduct,       5483,          0,          0,          0,       3996,       7152,      600,     6600,    22000,    63000,   126470,   490000,
      BusinessReport,       1380,          0,          0,          0,       1196,       2206,    31000,    54000,    88000,   131650,   220930,  1100000,
          CustBuyBeh,       5495,          0,          0,          0,       3974,       7093,      300,     6400,    19700,    60000,   136000,   423000,
       ProductReturn,      14519,          0,          0,          0,       9277,      16111,      200,     6000,    19900,    59000,   133000,   680000,

  5639s: (67%)   IR =   9271 .[5640.512s][info][gc,start       ] GC(825) Pause Young (Normal) (G1 Evacuation Pause)
[5640.512s][info][gc,task        ] GC(825) Using 8 workers of 8 for evacuation
[5640.665s][info][gc,phases      ] GC(825)   Pre Evacuate Collection Set: 0.22ms
[5640.665s][info][gc,phases      ] GC(825)   Merge Heap Roots: 0.52ms
[5640.665s][info][gc,phases      ] GC(825)   Evacuate Collection Set: 151.10ms
[5640.665s][info][gc,phases      ] GC(825)   Post Evacuate Collection Set: 1.07ms
[5640.665s][info][gc,phases      ] GC(825)   Other: 0.07ms
[5640.665s][info][gc,heap        ] GC(825) Eden regions: 570->0(571)
[5640.665s][info][gc,heap        ] GC(825) Survivor regions: 44->43(77)
[5640.665s][info][gc,heap        ] GC(825) Old regions: 180->186
[5640.665s][info][gc,heap        ] GC(825) Humongous regions: 33->33
[5640.665s][info][gc,metaspace   ] GC(825) Metaspace: 30020K(30528K)->30020K(30528K) NonClass: 26619K(26880K)->26619K(26880K) Class: 3400K(3648K)->3400K(3648K)
[5640.665s][info][gc             ] GC(825) Pause Young (Normal) (G1 Evacuation Pause) 6593M->2079M(8192M) 153.131ms
[5640.665s][info][gc,cpu         ] GC(825) User=1.20s Sys=0.01s Real=0.15s
....[5644.480s][info][gc,start       ] GC(826) Pause Young (Normal) (G1 Evacuation Pause)
[5644.480s][info][gc,task        ] GC(826) Using 8 workers of 8 for evacuation
[5644.633s][info][gc,phases      ] GC(826)   Pre Evacuate Collection Set: 0.23ms
[5644.633s][info][gc,phases      ] GC(826)   Merge Heap Roots: 0.52ms
[5644.633s][info][gc,phases      ] GC(826)   Evacuate Collection Set: 151.30ms
[5644.633s][info][gc,phases      ] GC(826)   Post Evacuate Collection Set: 1.10ms
[5644.633s][info][gc,phases      ] GC(826)   Other: 0.07ms
[5644.633s][info][gc,heap        ] GC(826) Eden regions: 571->0(570)
[5644.633s][info][gc,heap        ] GC(826) Survivor regions: 43->44(77)
[5644.633s][info][gc,heap        ] GC(826) Old regions: 186->193
[5644.633s][info][gc,heap        ] GC(826) Humongous regions: 33->33
[5644.633s][info][gc,metaspace   ] GC(826) Metaspace: 30020K(30528K)->30020K(30528K) NonClass: 26619K(26880K)->26619K(26880K) Class: 3400K(3648K)->3400K(3648K)
[5644.633s][info][gc             ] GC(826) Pause Young (Normal) (G1 Evacuation Pause) 6647M->2146M(8192M) 153.355ms
[5644.633s][info][gc,cpu         ] GC(826) User=1.22s Sys=0.00s Real=0.15s
....[5648.598s][info][gc,start       ] GC(827) Pause Young (Normal) (G1 Evacuation Pause)
[5648.598s][info][gc,task        ] GC(827) Using 8 workers of 8 for evacuation
[5648.750s][info][gc,phases      ] GC(827)   Pre Evacuate Collection Set: 0.24ms
[5648.750s][info][gc,phases      ] GC(827)   Merge Heap Roots: 0.61ms
[5648.750s][info][gc,phases      ] GC(827)   Evacuate Collection Set: 149.49ms
[5648.750s][info][gc,phases      ] GC(827)   Post Evacuate Collection Set: 1.09ms
[5648.750s][info][gc,phases      ] GC(827)   Other: 0.07ms
[5648.750s][info][gc,heap        ] GC(827) Eden regions: 570->0(571)
[5648.750s][info][gc,heap        ] GC(827) Survivor regions: 44->43(77)
[5648.750s][info][gc,heap        ] GC(827) Old regions: 193->200
[5648.750s][info][gc,heap        ] GC(827) Humongous regions: 33->33
[5648.750s][info][gc,metaspace   ] GC(827) Metaspace: 30020K(30528K)->30020K(30528K) NonClass: 26619K(26880K)->26619K(26880K) Class: 3400K(3648K)->3400K(3648K)
[5648.750s][info][gc             ] GC(827) Pause Young (Normal) (G1 Evacuation Pause) 6706M->2195M(8192M) 151.649ms
[5648.750s][info][gc,cpu         ] GC(827) User=1.20s Sys=0.01s Real=0.15s
....[5652.790s][info][gc,start       ] GC(828) Pause Young (Normal) (G1 Evacuation Pause)
[5652.790s][info][gc,task        ] GC(828) Using 8 workers of 8 for evacuation
[5652.942s][info][gc,phases      ] GC(828)   Pre Evacuate Collection Set: 0.26ms
[5652.942s][info][gc,phases      ] GC(828)   Merge Heap Roots: 0.53ms
[5652.942s][info][gc,phases      ] GC(828)   Evacuate Collection Set: 149.82ms
[5652.942s][info][gc,phases      ] GC(828)   Post Evacuate Collection Set: 1.04ms
[5652.942s][info][gc,phases      ] GC(828)   Other: 0.06ms
[5652.942s][info][gc,heap        ] GC(828) Eden regions: 571->0(571)
[5652.942s][info][gc,heap        ] GC(828) Survivor regions: 43->43(77)
[5652.942s][info][gc,heap        ] GC(828) Old regions: 200->208
[5652.942s][info][gc,heap        ] GC(828) Humongous regions: 33->33
[5652.942s][info][gc,metaspace   ] GC(828) Metaspace: 30020K(30528K)->30020K(30528K) NonClass: 26619K(26880K)->26619K(26880K) Class: 3400K(3648K)->3400K(3648K)
[5652.942s][info][gc             ] GC(828) Pause Young (Normal) (G1 Evacuation Pause) 6763M->2253M(8192M) 151.873ms
[5652.942s][info][gc,cpu         ] GC(828) User=1.21s Sys=0.00s Real=0.15s
..|..[5657.018s][info][gc,start       ] GC(829) Pause Young (Normal) (G1 Evacuation Pause)
[5657.018s][info][gc,task        ] GC(829) Using 8 workers of 8 for evacuation
[5657.165s][info][gc,phases      ] GC(829)   Pre Evacuate Collection Set: 0.24ms
[5657.165s][info][gc,phases      ] GC(829)   Merge Heap Roots: 0.57ms
[5657.165s][info][gc,phases      ] GC(829)   Evacuate Collection Set: 145.73ms
[5657.165s][info][gc,phases      ] GC(829)   Post Evacuate Collection Set: 1.05ms
[5657.165s][info][gc,phases      ] GC(829)   Other: 0.06ms
[5657.165s][info][gc,heap        ] GC(829) Eden regions: 571->0(572)
[5657.165s][info][gc,heap        ] GC(829) Survivor regions: 43->42(77)
[5657.165s][info][gc,heap        ] GC(829) Old regions: 208->215
[5657.165s][info][gc,heap        ] GC(829) Humongous regions: 33->33
[5657.165s][info][gc,metaspace   ] GC(829) Metaspace: 30020K(30528K)->30020K(30528K) NonClass: 26619K(26880K)->26619K(26880K) Class: 3400K(3648K)->3400K(3648K)
[5657.165s][info][gc             ] GC(829) Pause Young (Normal) (G1 Evacuation Pause) 6821M->2302M(8192M) 147.777ms
[5657.165s][info][gc,cpu         ] GC(829) User=1.18s Sys=0.00s Real=0.14s
....[5661.145s][info][gc,start       ] GC(830) Pause Young (Normal) (G1 Evacuation Pause)
[5661.145s][info][gc,task        ] GC(830) Using 8 workers of 8 for evacuation
[5661.298s][info][gc,phases      ] GC(830)   Pre Evacuate Collection Set: 0.23ms
[5661.298s][info][gc,phases      ] GC(830)   Merge Heap Roots: 0.53ms
[5661.298s][info][gc,phases      ] GC(830)   Evacuate Collection Set: 151.22ms
[5661.298s][info][gc,phases      ] GC(830)   Post Evacuate Collection Set: 1.05ms
[5661.298s][info][gc,phases      ] GC(830)   Other: 0.06ms
[5661.298s][info][gc,heap        ] GC(830) Eden regions: 572->0(571)
[5661.298s][info][gc,heap        ] GC(830) Survivor regions: 42->43(77)
[5661.298s][info][gc,heap        ] GC(830) Old regions: 215->222
[5661.298s][info][gc,heap        ] GC(830) Humongous regions: 33->33
[5661.298s][info][gc,metaspace   ] GC(830) Metaspace: 30020K(30528K)->30020K(30528K) NonClass: 26619K(26880K)->26619K(26880K) Class: 3400K(3648K)->3400K(3648K)
[5661.298s][info][gc             ] GC(830) Pause Young (Normal) (G1 Evacuation Pause) 6878M->2369M(8192M) 153.211ms
[5661.298s][info][gc,cpu         ] GC(830) User=1.21s Sys=0.00s Real=0.16s
....[5665.301s][info][gc,start       ] GC(831) Pause Young (Normal) (G1 Evacuation Pause)
[5665.301s][info][gc,task        ] GC(831) Using 8 workers of 8 for evacuation
[5665.452s][info][gc,phases      ] GC(831)   Pre Evacuate Collection Set: 0.26ms
[5665.452s][info][gc,phases      ] GC(831)   Merge Heap Roots: 0.51ms
[5665.452s][info][gc,phases      ] GC(831)   Evacuate Collection Set: 148.83ms
[5665.452s][info][gc,phases      ] GC(831)   Post Evacuate Collection Set: 1.06ms
[5665.452s][info][gc,phases      ] GC(831)   Other: 0.06ms
[5665.452s][info][gc,heap        ] GC(831) Eden regions: 571->0(571)
[5665.452s][info][gc,heap        ] GC(831) Survivor regions: 43->43(77)
[5665.452s][info][gc,heap        ] GC(831) Old regions: 222->229
[5665.452s][info][gc,heap        ] GC(831) Humongous regions: 33->33
[5665.452s][info][gc,metaspace   ] GC(831) Metaspace: 30020K(30528K)->30020K(30528K) NonClass: 26619K(26880K)->26619K(26880K) Class: 3400K(3648K)->3400K(3648K)
[5665.452s][info][gc             ] GC(831) Pause Young (Normal) (G1 Evacuation Pause) 6937M->2426M(8192M) 150.859ms
[5665.452s][info][gc,cpu         ] GC(831) User=1.19s Sys=0.00s Real=0.15s
....[5669.381s][info][gc,start       ] GC(832) Pause Young (Normal) (G1 Evacuation Pause)
[5669.381s][info][gc,task        ] GC(832) Using 8 workers of 8 for evacuation
[5669.530s][info][gc,phases      ] GC(832)   Pre Evacuate Collection Set: 0.23ms
[5669.530s][info][gc,phases      ] GC(832)   Merge Heap Roots: 0.52ms
[5669.530s][info][gc,phases      ] GC(832)   Evacuate Collection Set: 146.91ms
[5669.530s][info][gc,phases      ] GC(832)   Post Evacuate Collection Set: 1.04ms
[5669.530s][info][gc,phases      ] GC(832)   Other: 0.06ms
[5669.530s][info][gc,heap        ] GC(832) Eden regions: 571->0(571)
[5669.530s][info][gc,heap        ] GC(832) Survivor regions: 43->43(77)
[5669.530s][info][gc,heap        ] GC(832) Old regions: 229->236
[5669.530s][info][gc,heap        ] GC(832) Humongous regions: 33->33
[5669.530s][info][gc,metaspace   ] GC(832) Metaspace: 30020K(30528K)->30020K(30528K) NonClass: 26619K(26880K)->26619K(26880K) Class: 3400K(3648K)->3400K(3648K)
[5669.530s][info][gc             ] GC(832) Pause Young (Normal) (G1 Evacuation Pause) 6994M->2483M(8192M) 148.889ms
[5669.530s][info][gc,cpu         ] GC(832) User=1.18s Sys=0.00s Real=0.15s
.....[5673.607s][info][gc,start       ] GC(833) Pause Young (Normal) (G1 Evacuation Pause)
[5673.607s][info][gc,task        ] GC(833) Using 8 workers of 8 for evacuation
[5673.756s][info][gc,phases      ] GC(833)   Pre Evacuate Collection Set: 0.23ms
[5673.756s][info][gc,phases      ] GC(833)   Merge Heap Roots: 0.52ms
[5673.756s][info][gc,phases      ] GC(833)   Evacuate Collection Set: 146.94ms
[5673.756s][info][gc,phases      ] GC(833)   Post Evacuate Collection Set: 1.07ms
[5673.756s][info][gc,phases      ] GC(833)   Other: 0.06ms
[5673.756s][info][gc,heap        ] GC(833) Eden regions: 571->0(570)
[5673.756s][info][gc,heap        ] GC(833) Survivor regions: 43->44(77)
[5673.756s][info][gc,heap        ] GC(833) Old regions: 236->243
[5673.756s][info][gc,heap        ] GC(833) Humongous regions: 33->33
[5673.756s][info][gc,metaspace   ] GC(833) Metaspace: 30020K(30528K)->30020K(30528K) NonClass: 26619K(26880K)->26619K(26880K) Class: 3400K(3648K)->3400K(3648K)
[5673.756s][info][gc             ] GC(833) Pause Young (Normal) (G1 Evacuation Pause) 7051M->2543M(8192M) 148.970ms
[5673.756s][info][gc,cpu         ] GC(833) User=1.18s Sys=0.00s Real=0.15s
....[5677.678s][info][gc,start       ] GC(834) Pause Young (Normal) (G1 Evacuation Pause)
[5677.678s][info][gc,task        ] GC(834) Using 8 workers of 8 for evacuation
[5677.828s][info][gc,phases      ] GC(834)   Pre Evacuate Collection Set: 0.23ms
[5677.828s][info][gc,phases      ] GC(834)   Merge Heap Roots: 0.53ms
[5677.828s][info][gc,phases      ] GC(834)   Evacuate Collection Set: 148.07ms
[5677.828s][info][gc,phases      ] GC(834)   Post Evacuate Collection Set: 1.03ms
[5677.828s][info][gc,phases      ] GC(834)   Other: 0.06ms
[5677.828s][info][gc,heap        ] GC(834) Eden regions: 570->0(571)
[5677.828s][info][gc,heap        ] GC(834) Survivor regions: 44->43(77)
[5677.828s][info][gc,heap        ] GC(834) Old regions: 243->250
[5677.828s][info][gc,heap        ] GC(834) Humongous regions: 33->33
[5677.828s][info][gc,metaspace   ] GC(834) Metaspace: 30020K(30528K)->30020K(30528K) NonClass: 26619K(26880K)->26619K(26880K) Class: 3400K(3648K)->3400K(3648K)
[5677.828s][info][gc             ] GC(834) Pause Young (Normal) (G1 Evacuation Pause) 7103M->2595M(8192M) 150.057ms
[5677.828s][info][gc,cpu         ] GC(834) User=1.18s Sys=0.00s Real=0.15s
....[5681.693s][info][gc,start       ] GC(835) Pause Young (Normal) (G1 Evacuation Pause)
[5681.693s][info][gc,task        ] GC(835) Using 8 workers of 8 for evacuation
[5681.846s][info][gc,phases      ] GC(835)   Pre Evacuate Collection Set: 0.24ms
[5681.846s][info][gc,phases      ] GC(835)   Merge Heap Roots: 0.51ms
[5681.846s][info][gc,phases      ] GC(835)   Evacuate Collection Set: 151.06ms
[5681.846s][info][gc,phases      ] GC(835)   Post Evacuate Collection Set: 1.10ms
[5681.846s][info][gc,phases      ] GC(835)   Other: 0.06ms
[5681.846s][info][gc,heap        ] GC(835) Eden regions: 571->0(570)
[5681.846s][info][gc,heap        ] GC(835) Survivor regions: 43->44(77)
[5681.846s][info][gc,heap        ] GC(835) Old regions: 250->258
[5681.846s][info][gc,heap        ] GC(835) Humongous regions: 33->33
[5681.846s][info][gc,metaspace   ] GC(835) Metaspace: 30020K(30528K)->30020K(30528K) NonClass: 26619K(26880K)->26619K(26880K) Class: 3400K(3648K)->3400K(3648K)
[5681.846s][info][gc             ] GC(835) Pause Young (Normal) (G1 Evacuation Pause) 7163M->2659M(8192M) 153.114ms
[5681.846s][info][gc,cpu         ] GC(835) User=1.21s Sys=0.00s Real=0.16s
....[5685.901s][info][gc,start       ] GC(836) Pause Young (Normal) (G1 Evacuation Pause)
[5685.901s][info][gc,task        ] GC(836) Using 8 workers of 8 for evacuation
[5686.052s][info][gc,phases      ] GC(836)   Pre Evacuate Collection Set: 0.24ms
[5686.052s][info][gc,phases      ] GC(836)   Merge Heap Roots: 0.51ms
[5686.052s][info][gc,phases      ] GC(836)   Evacuate Collection Set: 148.96ms
[5686.052s][info][gc,phases      ] GC(836)   Post Evacuate Collection Set: 1.07ms
[5686.052s][info][gc,phases      ] GC(836)   Other: 0.06ms
[5686.052s][info][gc,heap        ] GC(836) Eden regions: 570->0(571)
[5686.052s][info][gc,heap        ] GC(836) Survivor regions: 44->43(77)
[5686.052s][info][gc,heap        ] GC(836) Old regions: 258->265
[5686.052s][info][gc,heap        ] GC(836) Humongous regions: 33->33
[5686.052s][info][gc,metaspace   ] GC(836) Metaspace: 30020K(30528K)->30020K(30528K) NonClass: 26619K(26880K)->26619K(26880K) Class: 3400K(3648K)->3400K(3648K)
[5686.052s][info][gc             ] GC(836) Pause Young (Normal) (G1 Evacuation Pause) 7219M->2710M(8192M) 150.975ms
[5686.052s][info][gc,cpu         ] GC(836) User=1.20s Sys=0.00s Real=0.15s
....[5690.108s][info][gc,start       ] GC(837) Pause Young (Normal) (G1 Evacuation Pause)
[5690.108s][info][gc,task        ] GC(837) Using 8 workers of 8 for evacuation
[5690.259s][info][gc,phases      ] GC(837)   Pre Evacuate Collection Set: 0.26ms
[5690.259s][info][gc,phases      ] GC(837)   Merge Heap Roots: 0.55ms
[5690.259s][info][gc,phases      ] GC(837)   Evacuate Collection Set: 149.72ms
[5690.259s][info][gc,phases      ] GC(837)   Post Evacuate Collection Set: 1.11ms
[5690.259s][info][gc,phases      ] GC(837)   Other: 0.08ms
[5690.259s][info][gc,heap        ] GC(837) Eden regions: 571->0(570)
[5690.259s][info][gc,heap        ] GC(837) Survivor regions: 43->44(77)
[5690.259s][info][gc,heap        ] GC(837) Old regions: 265->272
[5690.259s][info][gc,heap        ] GC(837) Humongous regions: 33->33
[5690.259s][info][gc,metaspace   ] GC(837) Metaspace: 30020K(30528K)->30020K(30528K) NonClass: 26619K(26880K)->26619K(26880K) Class: 3400K(3648K)->3400K(3648K)
[5690.260s][info][gc             ] GC(837) Pause Young (Normal) (G1 Evacuation Pause) 7278M->2775M(8192M) 151.862ms
[5690.260s][info][gc,cpu         ] GC(837) User=1.20s Sys=0.00s Real=0.15s
....[5694.320s][info][gc,start       ] GC(838) Pause Young (Normal) (G1 Evacuation Pause)
[5694.320s][info][gc,task        ] GC(838) Using 8 workers of 8 for evacuation
[5694.469s][info][gc,phases      ] GC(838)   Pre Evacuate Collection Set: 0.23ms
[5694.469s][info][gc,phases      ] GC(838)   Merge Heap Roots: 0.51ms
[5694.469s][info][gc,phases      ] GC(838)   Evacuate Collection Set: 147.39ms
[5694.469s][info][gc,phases      ] GC(838)   Post Evacuate Collection Set: 1.04ms
[5694.469s][info][gc,phases      ] GC(838)   Other: 0.06ms
[5694.469s][info][gc,heap        ] GC(838) Eden regions: 570->0(571)
[5694.469s][info][gc,heap        ] GC(838) Survivor regions: 44->43(77)
[5694.469s][info][gc,heap        ] GC(838) Old regions: 272->279
[5694.469s][info][gc,heap        ] GC(838) Humongous regions: 33->33
[5694.469s][info][gc,metaspace   ] GC(838) Metaspace: 30020K(30528K)->30020K(30528K) NonClass: 26619K(26880K)->26619K(26880K) Class: 3400K(3648K)->3400K(3648K)
[5694.469s][info][gc             ] GC(838) Pause Young (Normal) (G1 Evacuation Pause) 7335M->2827M(8192M) 149.350ms
[5694.469s][info][gc,cpu         ] GC(838) User=1.19s Sys=0.00s Real=0.15s
....[5698.387s][info][gc,start       ] GC(839) Pause Young (Normal) (G1 Evacuation Pause)
[5698.387s][info][gc,task        ] GC(839) Using 8 workers of 8 for evacuation
[5698.538s][info][gc,phases      ] GC(839)   Pre Evacuate Collection Set: 0.23ms
[5698.538s][info][gc,phases      ] GC(839)   Merge Heap Roots: 0.51ms
[5698.538s][info][gc,phases      ] GC(839)   Evacuate Collection Set: 148.92ms
[5698.538s][info][gc,phases      ] GC(839)   Post Evacuate Collection Set: 1.07ms
[5698.538s][info][gc,phases      ] GC(839)   Other: 0.06ms
[5698.538s][info][gc,heap        ] GC(839) Eden regions: 571->0(567)
[5698.538s][info][gc,heap        ] GC(839) Survivor regions: 43->43(77)
[5698.538s][info][gc,heap        ] GC(839) Old regions: 279->286
[5698.538s][info][gc,heap        ] GC(839) Humongous regions: 33->33
[5698.538s][info][gc,metaspace   ] GC(839) Metaspace: 30020K(30528K)->30020K(30528K) NonClass: 26619K(26880K)->26619K(26880K) Class: 3400K(3648K)->3400K(3648K)
[5698.538s][info][gc             ] GC(839) Pause Young (Normal) (G1 Evacuation Pause) 7395M->2883M(8192M) 150.941ms
[5698.538s][info][gc,cpu         ] GC(839) User=1.20s Sys=0.00s Real=0.15s
....[5702.476s][info][gc,start       ] GC(840) Pause Young (Normal) (G1 Evacuation Pause)
[5702.476s][info][gc,task        ] GC(840) Using 8 workers of 8 for evacuation
[5702.624s][info][gc,phases      ] GC(840)   Pre Evacuate Collection Set: 0.23ms
[5702.624s][info][gc,phases      ] GC(840)   Merge Heap Roots: 0.52ms
[5702.624s][info][gc,phases      ] GC(840)   Evacuate Collection Set: 145.76ms
[5702.624s][info][gc,phases      ] GC(840)   Post Evacuate Collection Set: 1.06ms
[5702.624s][info][gc,phases      ] GC(840)   Other: 0.07ms
[5702.624s][info][gc,heap        ] GC(840) Eden regions: 567->0(559)
[5702.624s][info][gc,heap        ] GC(840) Survivor regions: 43->43(77)
[5702.624s][info][gc,heap        ] GC(840) Old regions: 286->294
[5702.624s][info][gc,heap        ] GC(840) Humongous regions: 33->33
[5702.624s][info][gc,metaspace   ] GC(840) Metaspace: 30020K(30528K)->30020K(30528K) NonClass: 26619K(26880K)->26619K(26880K) Class: 3400K(3648K)->3400K(3648K)
[5702.624s][info][gc             ] GC(840) Pause Young (Normal) (G1 Evacuation Pause) 7419M->2938M(8192M) 147.781ms
[5702.624s][info][gc,cpu         ] GC(840) User=1.17s Sys=0.00s Real=0.14s
....[5706.561s][info][gc,start       ] GC(841) Pause Young (Normal) (G1 Evacuation Pause)
[5706.561s][info][gc,task        ] GC(841) Using 8 workers of 8 for evacuation
[5706.711s][info][gc,phases      ] GC(841)   Pre Evacuate Collection Set: 0.26ms
[5706.711s][info][gc,phases      ] GC(841)   Merge Heap Roots: 0.51ms
[5706.711s][info][gc,phases      ] GC(841)   Evacuate Collection Set: 148.44ms
[5706.711s][info][gc,phases      ] GC(841)   Post Evacuate Collection Set: 1.06ms
[5706.711s][info][gc,phases      ] GC(841)   Other: 0.06ms
[5706.711s][info][gc,heap        ] GC(841) Eden regions: 559->0(552)
[5706.711s][info][gc,heap        ] GC(841) Survivor regions: 43->43(76)
[5706.711s][info][gc,heap        ] GC(841) Old regions: 294->301
[5706.711s][info][gc,heap        ] GC(841) Humongous regions: 33->33
[5706.711s][info][gc,metaspace   ] GC(841) Metaspace: 30020K(30528K)->30020K(30528K) NonClass: 26619K(26880K)->26619K(26880K) Class: 3400K(3648K)->3400K(3648K)
[5706.711s][info][gc             ] GC(841) Pause Young (Normal) (G1 Evacuation Pause) 7410M->2995M(8192M) 150.468ms
[5706.711s][info][gc,cpu         ] GC(841) User=1.19s Sys=0.01s Real=0.15s
....[5710.531s][info][gc,start       ] GC(842) Pause Young (Normal) (G1 Evacuation Pause)
[5710.531s][info][gc,task        ] GC(842) Using 8 workers of 8 for evacuation
[5710.680s][info][gc,phases      ] GC(842)   Pre Evacuate Collection Set: 0.25ms
[5710.680s][info][gc,phases      ] GC(842)   Merge Heap Roots: 0.51ms
[5710.680s][info][gc,phases      ] GC(842)   Evacuate Collection Set: 147.59ms
[5710.680s][info][gc,phases      ] GC(842)   Post Evacuate Collection Set: 1.04ms
[5710.680s][info][gc,phases      ] GC(842)   Other: 0.06ms
[5710.680s][info][gc,heap        ] GC(842) Eden regions: 552->0(544)
[5710.680s][info][gc,heap        ] GC(842) Survivor regions: 43->43(75)
[5710.680s][info][gc,heap        ] GC(842) Old regions: 301->309
[5710.680s][info][gc,heap        ] GC(842) Humongous regions: 33->33
[5710.680s][info][gc,metaspace   ] GC(842) Metaspace: 30020K(30528K)->30020K(30528K) NonClass: 26619K(26880K)->26619K(26880K) Class: 3400K(3648K)->3400K(3648K)
[5710.680s][info][gc             ] GC(842) Pause Young (Normal) (G1 Evacuation Pause) 7411M->3058M(8192M) 149.584ms
[5710.680s][info][gc,cpu         ] GC(842) User=1.18s Sys=0.00s Real=0.15s
....[5714.444s][info][gc,start       ] GC(843) Pause Young (Concurrent Start) (G1 Evacuation Pause)
[5714.444s][info][gc,task        ] GC(843) Using 8 workers of 8 for evacuation
[5714.597s][info][gc,phases      ] GC(843)   Pre Evacuate Collection Set: 0.27ms
[5714.597s][info][gc,phases      ] GC(843)   Merge Heap Roots: 0.50ms
[5714.597s][info][gc,phases      ] GC(843)   Evacuate Collection Set: 150.89ms
[5714.597s][info][gc,phases      ] GC(843)   Post Evacuate Collection Set: 1.03ms
[5714.597s][info][gc,phases      ] GC(843)   Other: 0.08ms
[5714.597s][info][gc,heap        ] GC(843) Eden regions: 544->0(535)
[5714.597s][info][gc,heap        ] GC(843) Survivor regions: 43->44(74)
[5714.597s][info][gc,heap        ] GC(843) Old regions: 309->316
[5714.597s][info][gc,heap        ] GC(843) Humongous regions: 33->33
[5714.597s][info][gc,metaspace   ] GC(843) Metaspace: 30020K(30528K)->30020K(30528K) NonClass: 26619K(26880K)->26619K(26880K) Class: 3400K(3648K)->3400K(3648K)
[5714.597s][info][gc             ] GC(843) Pause Young (Concurrent Start) (G1 Evacuation Pause) 7410M->3125M(8192M) 152.912ms
[5714.597s][info][gc             ] GC(844) Concurrent Mark Cycle
[5714.597s][info][gc,marking     ] GC(844) Concurrent Scan Root Regions
[5714.597s][info][gc,cpu         ] GC(843) User=1.21s Sys=0.00s Real=0.16s
.[5714.853s][info][gc,marking     ] GC(844) Concurrent Scan Root Regions 255.530ms
[5714.853s][info][gc,marking     ] GC(844) Concurrent Mark
[5714.853s][info][gc,marking     ] GC(844) Concurrent Mark From Roots
[5714.853s][info][gc,task        ] GC(844) Using 2 workers of 2 for marking
 (rIR:aIR:PR = 9271:9215:9210) (tPR = 137837) [OK] 
  5714s: Performance info:
         Transaction,    Success,    Partial,     Failed,   Receipts, AvgBarcode, 
             Overall,     554923,          0,          0,     527109,      59.47, 
         Response times:
             Request,    Success,    Partial,     Failed,   SkipFail,     Probes,    Samples,      min,      p50,      p90,      p95,      p99,      max, 
       TotalPurchase,     527419,          0,          0,          0,     357258,     453137,      300,     6100,    16800,    40000,    91000,   470000,
     InStorePurchase,     276486,          0,          0,          0,     188100,     238313,      300,     6100,    16800,    40000,    92000,   470000,
      OnlinePurchase,     194896,          0,          0,          0,     131609,     166904,      300,     6000,    16700,    39000,    89000,   470000,
        InstPurchase,      56037,          0,          0,          0,      37549,      47920,      500,     6000,    16990,    43000,    95000,   424000,
          AssocOfCat,        557,          0,          0,          0,        451,        679,    30000,    46000,    70000,   101000,   145000,   200000,
      AssocOfProduct,       5588,          0,          0,          0,       4080,       5454,      700,     6200,    16600,    39000,    81000,   230000,
      BusinessReport,       1396,          0,          0,          0,       1219,       1687,    32000,    56000,    83000,   116000,   200240,   484000,
          CustBuyBeh,       5619,          0,          0,          0,       4022,       5346,      300,     5600,    17500,    42650,    89530,   328000,
       ProductReturn,      14645,          0,          0,          0,       9485,      12444,      400,     5800,    16600,    41000,    82000,   429000,

  5714s: (68%)   IR =   9409 [5715.938s][info][gc,marking     ] GC(844) Concurrent Mark From Roots 1085.010ms
[5715.938s][info][gc,marking     ] GC(844) Concurrent Preclean
[5715.938s][info][gc,marking     ] GC(844) Concurrent Preclean 0.113ms
[5715.938s][info][gc,start       ] GC(844) Pause Remark
[5715.941s][info][gc             ] GC(844) Pause Remark 4617M->4097M(8192M) 2.429ms
[5715.941s][info][gc,cpu         ] GC(844) User=0.01s Sys=0.00s Real=0.00s
[5715.941s][info][gc,marking     ] GC(844) Concurrent Mark 1087.869ms
[5715.941s][info][gc,marking     ] GC(844) Concurrent Rebuild Remembered Sets and Scrub Regions
.[5716.586s][info][gc,marking     ] GC(844) Concurrent Rebuild Remembered Sets and Scrub Regions 644.961ms
[5716.586s][info][gc,start       ] GC(844) Pause Cleanup
[5716.586s][info][gc             ] GC(844) Pause Cleanup 4853M->4853M(8192M) 0.253ms
[5716.586s][info][gc,cpu         ] GC(844) User=0.00s Sys=0.00s Real=0.00s
[5716.586s][info][gc,marking     ] GC(844) Concurrent Clear Claimed Marks
[5716.586s][info][gc,marking     ] GC(844) Concurrent Clear Claimed Marks 0.049ms
[5716.586s][info][gc,marking     ] GC(844) Concurrent Cleanup for Next Mark
[5716.596s][info][gc,marking     ] GC(844) Concurrent Cleanup for Next Mark 10.065ms
[5716.596s][info][gc             ] GC(844) Concurrent Mark Cycle 1999.256ms
..[5718.434s][info][gc,start       ] GC(845) Pause Young (Prepare Mixed) (G1 Evacuation Pause)
[5718.434s][info][gc,task        ] GC(845) Using 8 workers of 8 for evacuation
[5718.584s][info][gc,phases      ] GC(845)   Pre Evacuate Collection Set: 0.25ms
[5718.584s][info][gc,phases      ] GC(845)   Merge Heap Roots: 0.68ms
[5718.584s][info][gc,phases      ] GC(845)   Evacuate Collection Set: 148.21ms
[5718.584s][info][gc,phases      ] GC(845)   Post Evacuate Collection Set: 1.10ms
[5718.584s][info][gc,phases      ] GC(845)   Other: 0.07ms
[5718.584s][info][gc,heap        ] GC(845) Eden regions: 535->0(571)
[5718.584s][info][gc,heap        ] GC(845) Survivor regions: 44->43(73)
[5718.584s][info][gc,heap        ] GC(845) Old regions: 251->259
[5718.584s][info][gc,heap        ] GC(845) Humongous regions: 33->33
[5718.584s][info][gc,metaspace   ] GC(845) Metaspace: 30020K(30528K)->30020K(30528K) NonClass: 26619K(26880K)->26619K(26880K) Class: 3400K(3648K)->3400K(3648K)
[5718.584s][info][gc             ] GC(845) Pause Young (Prepare Mixed) (G1 Evacuation Pause) 6885M->2661M(8192M) 150.435ms
[5718.584s][info][gc,cpu         ] GC(845) User=1.19s Sys=0.00s Real=0.15s
....|[5722.425s][info][gc,start       ] GC(846) Pause Young (Mixed) (G1 Evacuation Pause)
[5722.425s][info][gc,task        ] GC(846) Using 8 workers of 8 for evacuation
[5722.580s][info][gc,phases      ] GC(846)   Pre Evacuate Collection Set: 0.29ms
[5722.580s][info][gc,phases      ] GC(846)   Merge Heap Roots: 0.76ms
[5722.580s][info][gc,phases      ] GC(846)   Evacuate Collection Set: 152.03ms
[5722.580s][info][gc,phases      ] GC(846)   Post Evacuate Collection Set: 1.32ms
[5722.580s][info][gc,phases      ] GC(846)   Other: 0.07ms
[5722.580s][info][gc,heap        ] GC(846) Eden regions: 571->0(572)
[5722.580s][info][gc,heap        ] GC(846) Survivor regions: 43->42(77)
[5722.580s][info][gc,heap        ] GC(846) Old regions: 259->164
[5722.580s][info][gc,heap        ] GC(846) Humongous regions: 33->33
[5722.580s][info][gc,metaspace   ] GC(846) Metaspace: 30020K(30528K)->30020K(30528K) NonClass: 26619K(26880K)->26619K(26880K) Class: 3400K(3648K)->3400K(3648K)
[5722.580s][info][gc             ] GC(846) Pause Young (Mixed) (G1 Evacuation Pause) 7229M->1893M(8192M) 154.609ms
[5722.580s][info][gc,cpu         ] GC(846) User=1.22s Sys=0.00s Real=0.16s
....[5726.596s][info][gc,start       ] GC(847) Pause Young (Mixed) (G1 Evacuation Pause)
[5726.596s][info][gc,task        ] GC(847) Using 8 workers of 8 for evacuation
[5726.754s][info][gc,phases      ] GC(847)   Pre Evacuate Collection Set: 0.24ms
[5726.754s][info][gc,phases      ] GC(847)   Merge Heap Roots: 0.91ms
[5726.754s][info][gc,phases      ] GC(847)   Evacuate Collection Set: 156.10ms
[5726.754s][info][gc,phases      ] GC(847)   Post Evacuate Collection Set: 1.07ms
[5726.754s][info][gc,phases      ] GC(847)   Other: 0.07ms
[5726.754s][info][gc,heap        ] GC(847) Eden regions: 572->0(572)
[5726.754s][info][gc,heap        ] GC(847) Survivor regions: 42->42(77)
[5726.754s][info][gc,heap        ] GC(847) Old regions: 164->143
[5726.754s][info][gc,heap        ] GC(847) Humongous regions: 33->33
[5726.754s][info][gc,metaspace   ] GC(847) Metaspace: 30020K(30528K)->30020K(30528K) NonClass: 26619K(26880K)->26619K(26880K) Class: 3400K(3648K)->3400K(3648K)
[5726.754s][info][gc             ] GC(847) Pause Young (Mixed) (G1 Evacuation Pause) 6469M->1728M(8192M) 158.541ms
[5726.754s][info][gc,cpu         ] GC(847) User=1.25s Sys=0.00s Real=0.15s
....[5730.557s][info][gc,start       ] GC(848) Pause Young (Normal) (G1 Evacuation Pause)
[5730.557s][info][gc,task        ] GC(848) Using 8 workers of 8 for evacuation
[5730.709s][info][gc,phases      ] GC(848)   Pre Evacuate Collection Set: 0.23ms
[5730.709s][info][gc,phases      ] GC(848)   Merge Heap Roots: 0.56ms
[5730.709s][info][gc,phases      ] GC(848)   Evacuate Collection Set: 149.95ms
[5730.709s][info][gc,phases      ] GC(848)   Post Evacuate Collection Set: 1.06ms
[5730.709s][info][gc,phases      ] GC(848)   Other: 0.07ms
[5730.709s][info][gc,heap        ] GC(848) Eden regions: 572->0(572)
[5730.709s][info][gc,heap        ] GC(848) Survivor regions: 42->42(77)
[5730.709s][info][gc,heap        ] GC(848) Old regions: 143->150
[5730.709s][info][gc,heap        ] GC(848) Humongous regions: 33->33
[5730.709s][info][gc,metaspace   ] GC(848) Metaspace: 30020K(30528K)->30020K(30528K) NonClass: 26619K(26880K)->26619K(26880K) Class: 3400K(3648K)->3400K(3648K)
[5730.709s][info][gc             ] GC(848) Pause Young (Normal) (G1 Evacuation Pause) 6304M->1787M(8192M) 152.010ms
[5730.709s][info][gc,cpu         ] GC(848) User=1.21s Sys=0.00s Real=0.15s
....[5734.692s][info][gc,start       ] GC(849) Pause Young (Normal) (G1 Evacuation Pause)
[5734.692s][info][gc,task        ] GC(849) Using 8 workers of 8 for evacuation
[5734.848s][info][gc,phases      ] GC(849)   Pre Evacuate Collection Set: 0.22ms
[5734.848s][info][gc,phases      ] GC(849)   Merge Heap Roots: 0.59ms
[5734.848s][info][gc,phases      ] GC(849)   Evacuate Collection Set: 154.00ms
[5734.848s][info][gc,phases      ] GC(849)   Post Evacuate Collection Set: 1.01ms
[5734.848s][info][gc,phases      ] GC(849)   Other: 0.06ms
[5734.848s][info][gc,heap        ] GC(849) Eden regions: 572->0(570)
[5734.848s][info][gc,heap        ] GC(849) Survivor regions: 42->44(77)
[5734.848s][info][gc,heap        ] GC(849) Old regions: 150->158
[5734.848s][info][gc,heap        ] GC(849) Humongous regions: 33->33
[5734.848s][info][gc,metaspace   ] GC(849) Metaspace: 30020K(30528K)->30020K(30528K) NonClass: 26619K(26880K)->26619K(26880K) Class: 3400K(3648K)->3400K(3648K)
[5734.848s][info][gc             ] GC(849) Pause Young (Normal) (G1 Evacuation Pause) 6363M->1861M(8192M) 156.025ms
[5734.848s][info][gc,cpu         ] GC(849) User=1.23s Sys=0.01s Real=0.16s
....[5738.710s][info][gc,start       ] GC(850) Pause Young (Normal) (G1 Evacuation Pause)
[5738.710s][info][gc,task        ] GC(850) Using 8 workers of 8 for evacuation
[5738.862s][info][gc,phases      ] GC(850)   Pre Evacuate Collection Set: 0.24ms
[5738.862s][info][gc,phases      ] GC(850)   Merge Heap Roots: 0.59ms
[5738.862s][info][gc,phases      ] GC(850)   Evacuate Collection Set: 149.88ms
[5738.862s][info][gc,phases      ] GC(850)   Post Evacuate Collection Set: 1.03ms
[5738.862s][info][gc,phases      ] GC(850)   Other: 0.07ms
[5738.862s][info][gc,heap        ] GC(850) Eden regions: 570->0(570)
[5738.862s][info][gc,heap        ] GC(850) Survivor regions: 44->44(77)
[5738.862s][info][gc,heap        ] GC(850) Old regions: 158->165
[5738.862s][info][gc,heap        ] GC(850) Humongous regions: 33->33
[5738.862s][info][gc,metaspace   ] GC(850) Metaspace: 30020K(30528K)->30020K(30528K) NonClass: 26619K(26880K)->26619K(26880K) Class: 3400K(3648K)->3400K(3648K)
[5738.862s][info][gc             ] GC(850) Pause Young (Normal) (G1 Evacuation Pause) 6421M->1913M(8192M) 151.940ms
[5738.862s][info][gc,cpu         ] GC(850) User=1.20s Sys=0.00s Real=0.15s
....[5742.828s][info][gc,start       ] GC(851) Pause Young (Normal) (G1 Evacuation Pause)
[5742.828s][info][gc,task        ] GC(851) Using 8 workers of 8 for evacuation
[5742.982s][info][gc,phases      ] GC(851)   Pre Evacuate Collection Set: 0.21ms
[5742.982s][info][gc,phases      ] GC(851)   Merge Heap Roots: 0.52ms
[5742.982s][info][gc,phases      ] GC(851)   Evacuate Collection Set: 152.28ms
[5742.982s][info][gc,phases      ] GC(851)   Post Evacuate Collection Set: 1.03ms
[5742.982s][info][gc,phases      ] GC(851)   Other: 0.07ms
[5742.982s][info][gc,heap        ] GC(851) Eden regions: 570->0(570)
[5742.982s][info][gc,heap        ] GC(851) Survivor regions: 44->44(77)
[5742.982s][info][gc,heap        ] GC(851) Old regions: 165->172
[5742.982s][info][gc,heap        ] GC(851) Humongous regions: 33->33
[5742.982s][info][gc,metaspace   ] GC(851) Metaspace: 30020K(30528K)->30020K(30528K) NonClass: 26619K(26880K)->26619K(26880K) Class: 3400K(3648K)->3400K(3648K)
[5742.982s][info][gc             ] GC(851) Pause Young (Normal) (G1 Evacuation Pause) 6473M->1973M(8192M) 154.254ms
[5742.982s][info][gc,cpu         ] GC(851) User=1.22s Sys=0.00s Real=0.15s
....[5746.777s][info][gc,start       ] GC(852) Pause Young (Normal) (G1 Evacuation Pause)
[5746.777s][info][gc,task        ] GC(852) Using 8 workers of 8 for evacuation
[5746.927s][info][gc,phases      ] GC(852)   Pre Evacuate Collection Set: 0.25ms
[5746.927s][info][gc,phases      ] GC(852)   Merge Heap Roots: 0.58ms
[5746.927s][info][gc,phases      ] GC(852)   Evacuate Collection Set: 148.03ms
[5746.927s][info][gc,phases      ] GC(852)   Post Evacuate Collection Set: 1.04ms
[5746.927s][info][gc,phases      ] GC(852)   Other: 0.06ms
[5746.927s][info][gc,heap        ] GC(852) Eden regions: 570->0(571)
[5746.927s][info][gc,heap        ] GC(852) Survivor regions: 44->43(77)
[5746.927s][info][gc,heap        ] GC(852) Old regions: 172->179
[5746.927s][info][gc,heap        ] GC(852) Humongous regions: 33->33
[5746.927s][info][gc,metaspace   ] GC(852) Metaspace: 30020K(30528K)->30020K(30528K) NonClass: 26619K(26880K)->26619K(26880K) Class: 3400K(3648K)->3400K(3648K)
[5746.927s][info][gc             ] GC(852) Pause Young (Normal) (G1 Evacuation Pause) 6533M->2021M(8192M) 150.088ms
[5746.927s][info][gc,cpu         ] GC(852) User=1.18s Sys=0.00s Real=0.15s
....[5750.858s][info][gc,start       ] GC(853) Pause Young (Normal) (G1 Evacuation Pause)
[5750.858s][info][gc,task        ] GC(853) Using 8 workers of 8 for evacuation
[5751.018s][info][gc,phases      ] GC(853)   Pre Evacuate Collection Set: 0.22ms
[5751.018s][info][gc,phases      ] GC(853)   Merge Heap Roots: 0.56ms
[5751.018s][info][gc,phases      ] GC(853)   Evacuate Collection Set: 157.71ms
[5751.018s][info][gc,phases      ] GC(853)   Post Evacuate Collection Set: 1.05ms
[5751.018s][info][gc,phases      ] GC(853)   Other: 0.06ms
[5751.018s][info][gc,heap        ] GC(853) Eden regions: 571->0(569)
[5751.018s][info][gc,heap        ] GC(853) Survivor regions: 43->45(77)
[5751.018s][info][gc,heap        ] GC(853) Old regions: 179->186
[5751.018s][info][gc,heap        ] GC(853) Humongous regions: 33->33
[5751.018s][info][gc,metaspace   ] GC(853) Metaspace: 30020K(30528K)->30020K(30528K) NonClass: 26619K(26880K)->26619K(26880K) Class: 3400K(3648K)->3400K(3648K)
[5751.018s][info][gc             ] GC(853) Pause Young (Normal) (G1 Evacuation Pause) 6589M->2093M(8192M) 159.739ms
[5751.018s][info][gc,cpu         ] GC(853) User=1.26s Sys=0.00s Real=0.16s
....[5755.014s][info][gc,start       ] GC(854) Pause Young (Normal) (G1 Evacuation Pause)
[5755.014s][info][gc,task        ] GC(854) Using 8 workers of 8 for evacuation
[5755.161s][info][gc,phases      ] GC(854)   Pre Evacuate Collection Set: 0.27ms
[5755.161s][info][gc,phases      ] GC(854)   Merge Heap Roots: 0.66ms
[5755.161s][info][gc,phases      ] GC(854)   Evacuate Collection Set: 145.17ms
[5755.161s][info][gc,phases      ] GC(854)   Post Evacuate Collection Set: 1.04ms
[5755.161s][info][gc,phases      ] GC(854)   Other: 0.07ms
[5755.161s][info][gc,heap        ] GC(854) Eden regions: 569->0(573)
[5755.161s][info][gc,heap        ] GC(854) Survivor regions: 45->41(77)
[5755.161s][info][gc,heap        ] GC(854) Old regions: 186->193
[5755.161s][info][gc,heap        ] GC(854) Humongous regions: 33->33
[5755.161s][info][gc,metaspace   ] GC(854) Metaspace: 30020K(30528K)->30020K(30528K) NonClass: 26619K(26880K)->26619K(26880K) Class: 3400K(3648K)->3400K(3648K)
[5755.161s][info][gc             ] GC(854) Pause Young (Normal) (G1 Evacuation Pause) 6645M->2122M(8192M) 147.353ms
[5755.161s][info][gc,cpu         ] GC(854) User=1.17s Sys=0.00s Real=0.15s
....[5758.989s][info][gc,start       ] GC(855) Pause Young (Normal) (G1 Evacuation Pause)
[5758.989s][info][gc,task        ] GC(855) Using 8 workers of 8 for evacuation
[5759.142s][info][gc,phases      ] GC(855)   Pre Evacuate Collection Set: 0.24ms
[5759.142s][info][gc,phases      ] GC(855)   Merge Heap Roots: 0.53ms
[5759.142s][info][gc,phases      ] GC(855)   Evacuate Collection Set: 150.47ms
[5759.142s][info][gc,phases      ] GC(855)   Post Evacuate Collection Set: 1.06ms
[5759.142s][info][gc,phases      ] GC(855)   Other: 0.06ms
[5759.142s][info][gc,heap        ] GC(855) Eden regions: 573->0(571)
[5759.142s][info][gc,heap        ] GC(855) Survivor regions: 41->43(77)
[5759.142s][info][gc,heap        ] GC(855) Old regions: 193->201
[5759.142s][info][gc,heap        ] GC(855) Humongous regions: 33->33
[5759.142s][info][gc,metaspace   ] GC(855) Metaspace: 30020K(30528K)->30020K(30528K) NonClass: 26619K(26880K)->26619K(26880K) Class: 3400K(3648K)->3400K(3648K)
[5759.142s][info][gc             ] GC(855) Pause Young (Normal) (G1 Evacuation Pause) 6706M->2197M(8192M) 152.474ms
[5759.142s][info][gc,cpu         ] GC(855) User=1.21s Sys=0.01s Real=0.15s
....[5763.027s][info][gc,start       ] GC(856) Pause Young (Normal) (G1 Evacuation Pause)
[5763.027s][info][gc,task        ] GC(856) Using 8 workers of 8 for evacuation
[5763.180s][info][gc,phases      ] GC(856)   Pre Evacuate Collection Set: 0.25ms
[5763.180s][info][gc,phases      ] GC(856)   Merge Heap Roots: 0.52ms
[5763.180s][info][gc,phases      ] GC(856)   Evacuate Collection Set: 150.77ms
[5763.180s][info][gc,phases      ] GC(856)   Post Evacuate Collection Set: 1.05ms
[5763.180s][info][gc,phases      ] GC(856)   Other: 0.08ms
[5763.180s][info][gc,heap        ] GC(856) Eden regions: 571->0(570)
[5763.180s][info][gc,heap        ] GC(856) Survivor regions: 43->44(77)
[5763.180s][info][gc,heap        ] GC(856) Old regions: 201->208
[5763.180s][info][gc,heap        ] GC(856) Humongous regions: 33->33
[5763.180s][info][gc,metaspace   ] GC(856) Metaspace: 30020K(30528K)->30020K(30528K) NonClass: 26619K(26880K)->26619K(26880K) Class: 3400K(3648K)->3400K(3648K)
[5763.180s][info][gc             ] GC(856) Pause Young (Normal) (G1 Evacuation Pause) 6765M->2258M(8192M) 152.797ms
[5763.180s][info][gc,cpu         ] GC(856) User=1.21s Sys=0.00s Real=0.15s
....[5766.994s][info][gc,start       ] GC(857) Pause Young (Normal) (G1 Evacuation Pause)
[5766.994s][info][gc,task        ] GC(857) Using 8 workers of 8 for evacuation
[5767.144s][info][gc,phases      ] GC(857)   Pre Evacuate Collection Set: 0.22ms
[5767.144s][info][gc,phases      ] GC(857)   Merge Heap Roots: 0.54ms
[5767.144s][info][gc,phases      ] GC(857)   Evacuate Collection Set: 147.68ms
[5767.144s][info][gc,phases      ] GC(857)   Post Evacuate Collection Set: 1.06ms
[5767.144s][info][gc,phases      ] GC(857)   Other: 0.06ms
[5767.144s][info][gc,heap        ] GC(857) Eden regions: 570->0(571)
[5767.144s][info][gc,heap        ] GC(857) Survivor regions: 44->43(77)
[5767.144s][info][gc,heap        ] GC(857) Old regions: 208->215
[5767.144s][info][gc,heap        ] GC(857) Humongous regions: 33->33
[5767.144s][info][gc,metaspace   ] GC(857) Metaspace: 30020K(30528K)->30020K(30528K) NonClass: 26619K(26880K)->26619K(26880K) Class: 3400K(3648K)->3400K(3648K)
[5767.144s][info][gc             ] GC(857) Pause Young (Normal) (G1 Evacuation Pause) 6818M->2310M(8192M) 149.692ms
[5767.144s][info][gc,cpu         ] GC(857) User=1.18s Sys=0.00s Real=0.15s
....[5771.084s][info][gc,start       ] GC(858) Pause Young (Normal) (G1 Evacuation Pause)
[5771.084s][info][gc,task        ] GC(858) Using 8 workers of 8 for evacuation
[5771.231s][info][gc,phases      ] GC(858)   Pre Evacuate Collection Set: 0.23ms
[5771.232s][info][gc,phases      ] GC(858)   Merge Heap Roots: 0.52ms
[5771.232s][info][gc,phases      ] GC(858)   Evacuate Collection Set: 145.67ms
[5771.232s][info][gc,phases      ] GC(858)   Post Evacuate Collection Set: 1.06ms
[5771.232s][info][gc,phases      ] GC(858)   Other: 0.07ms
[5771.232s][info][gc,heap        ] GC(858) Eden regions: 571->0(571)
[5771.232s][info][gc,heap        ] GC(858) Survivor regions: 43->43(77)
[5771.232s][info][gc,heap        ] GC(858) Old regions: 215->222
[5771.232s][info][gc,heap        ] GC(858) Humongous regions: 33->33
[5771.232s][info][gc,metaspace   ] GC(858) Metaspace: 30020K(30528K)->30020K(30528K) NonClass: 26619K(26880K)->26619K(26880K) Class: 3400K(3648K)->3400K(3648K)
[5771.232s][info][gc             ] GC(858) Pause Young (Normal) (G1 Evacuation Pause) 6878M->2362M(8192M) 148.423ms
[5771.232s][info][gc,cpu         ] GC(858) User=1.16s Sys=0.00s Real=0.15s
....[5775.019s][info][gc,start       ] GC(859) Pause Young (Normal) (G1 Evacuation Pause)
[5775.019s][info][gc,task        ] GC(859) Using 8 workers of 8 for evacuation
[5775.176s][info][gc,phases      ] GC(859)   Pre Evacuate Collection Set: 0.22ms
[5775.176s][info][gc,phases      ] GC(859)   Merge Heap Roots: 0.54ms
[5775.176s][info][gc,phases      ] GC(859)   Evacuate Collection Set: 154.70ms
[5775.176s][info][gc,phases      ] GC(859)   Post Evacuate Collection Set: 1.06ms
[5775.176s][info][gc,phases      ] GC(859)   Other: 0.06ms
[5775.176s][info][gc,heap        ] GC(859) Eden regions: 571->0(570)
[5775.176s][info][gc,heap        ] GC(859) Survivor regions: 43->44(77)
[5775.176s][info][gc,heap        ] GC(859) Old regions: 222->229
[5775.176s][info][gc,heap        ] GC(859) Humongous regions: 33->33
[5775.176s][info][gc,metaspace   ] GC(859) Metaspace: 30020K(30528K)->30020K(30528K) NonClass: 26619K(26880K)->26619K(26880K) Class: 3400K(3648K)->3400K(3648K)
[5775.176s][info][gc             ] GC(859) Pause Young (Normal) (G1 Evacuation Pause) 6930M->2428M(8192M) 156.705ms
[5775.176s][info][gc,cpu         ] GC(859) User=1.24s Sys=0.00s Real=0.16s
....[5778.973s][info][gc,start       ] GC(860) Pause Young (Normal) (G1 Evacuation Pause)
[5778.973s][info][gc,task        ] GC(860) Using 8 workers of 8 for evacuation
[5779.121s][info][gc,phases      ] GC(860)   Pre Evacuate Collection Set: 0.23ms
[5779.121s][info][gc,phases      ] GC(860)   Merge Heap Roots: 0.52ms
[5779.121s][info][gc,phases      ] GC(860)   Evacuate Collection Set: 146.57ms
[5779.121s][info][gc,phases      ] GC(860)   Post Evacuate Collection Set: 1.04ms
[5779.121s][info][gc,phases      ] GC(860)   Other: 0.06ms
[5779.121s][info][gc,heap        ] GC(860) Eden regions: 570->0(571)
[5779.121s][info][gc,heap        ] GC(860) Survivor regions: 44->43(77)
[5779.121s][info][gc,heap        ] GC(860) Old regions: 229->236
[5779.121s][info][gc,heap        ] GC(860) Humongous regions: 33->33
[5779.121s][info][gc,metaspace   ] GC(860) Metaspace: 30020K(30528K)->30020K(30528K) NonClass: 26619K(26880K)->26619K(26880K) Class: 3400K(3648K)->3400K(3648K)
[5779.121s][info][gc             ] GC(860) Pause Young (Normal) (G1 Evacuation Pause) 6988M->2483M(8192M) 148.549ms
[5779.121s][info][gc,cpu         ] GC(860) User=1.18s Sys=0.00s Real=0.15s
.... (rIR:aIR:PR = 9409:9475:9475) (tPR = 141324) [OK] 
  5782s: Performance info:
         Transaction,    Success,    Partial,     Failed,   Receipts, AvgBarcode, 
             Overall,     570714,          0,          0,     542394,      59.48, 
         Response times:
             Request,    Success,    Partial,     Failed,   SkipFail,     Probes,    Samples,      min,      p50,      p90,      p95,      p99,      max, 
       TotalPurchase,     542394,          0,          0,          0,     356098,     403761,      300,     5700,    17800,    47000,   115000,   535000,
     InStorePurchase,     283868,          0,          0,          0,     187502,     212029,      300,     5700,    17700,    49000,   126000,   535000,
      OnlinePurchase,     200889,          0,          0,          0,     131491,     149220,      300,     5800,    18100,    46000,   107000,   514000,
        InstPurchase,      57637,          0,          0,          0,      37105,      42512,      500,     5700,    17500,    45000,   106870,   493000,
          AssocOfCat,        567,          0,          0,          0,        487,        651,    29000,    50000,    76800,   119800,   199880,   229000,
      AssocOfProduct,       5630,          0,          0,          0,       4149,       4915,      700,     6200,    18100,    44000,   103840,   513000,
      BusinessReport,       1414,          0,          0,          0,       1275,       1590,    33000,    57000,    88000,   138000,   216090,   260000,
          CustBuyBeh,       5692,          0,          0,          0,       4211,       4991,      300,     6300,    19400,    52400,   112000,   428000,
       ProductReturn,      15017,          0,          0,          0,       9666,      11238,      200,     5900,    17900,    51000,   101000,   493000,

  5782s: (69%)   IR =   9548 [5783.052s][info][gc,start       ] GC(861) Pause Young (Normal) (G1 Evacuation Pause)
[5783.052s][info][gc,task        ] GC(861) Using 8 workers of 8 for evacuation
[5783.201s][info][gc,phases      ] GC(861)   Pre Evacuate Collection Set: 0.28ms
[5783.201s][info][gc,phases      ] GC(861)   Merge Heap Roots: 0.59ms
[5783.201s][info][gc,phases      ] GC(861)   Evacuate Collection Set: 146.76ms
[5783.201s][info][gc,phases      ] GC(861)   Post Evacuate Collection Set: 1.04ms
[5783.201s][info][gc,phases      ] GC(861)   Other: 0.06ms
[5783.201s][info][gc,heap        ] GC(861) Eden regions: 571->0(571)
[5783.201s][info][gc,heap        ] GC(861) Survivor regions: 43->43(77)
[5783.201s][info][gc,heap        ] GC(861) Old regions: 236->243
[5783.201s][info][gc,heap        ] GC(861) Humongous regions: 33->33
[5783.201s][info][gc,metaspace   ] GC(861) Metaspace: 30020K(30528K)->30020K(30528K) NonClass: 26619K(26880K)->26619K(26880K) Class: 3400K(3648K)->3400K(3648K)
[5783.201s][info][gc             ] GC(861) Pause Young (Normal) (G1 Evacuation Pause) 7051M->2539M(8192M) 148.862ms
[5783.201s][info][gc,cpu         ] GC(861) User=1.18s Sys=0.00s Real=0.15s
....[5787.035s][info][gc,start       ] GC(862) Pause Young (Normal) (G1 Evacuation Pause)
[5787.035s][info][gc,task        ] GC(862) Using 8 workers of 8 for evacuation
[5787.183s][info][gc,phases      ] GC(862)   Pre Evacuate Collection Set: 0.23ms
[5787.183s][info][gc,phases      ] GC(862)   Merge Heap Roots: 0.53ms
[5787.183s][info][gc,phases      ] GC(862)   Evacuate Collection Set: 145.67ms
[5787.183s][info][gc,phases      ] GC(862)   Post Evacuate Collection Set: 1.09ms
[5787.183s][info][gc,phases      ] GC(862)   Other: 0.06ms
[5787.183s][info][gc,heap        ] GC(862) Eden regions: 571->0(572)
[5787.183s][info][gc,heap        ] GC(862) Survivor regions: 43->42(77)
[5787.183s][info][gc,heap        ] GC(862) Old regions: 243->250
[5787.183s][info][gc,heap        ] GC(862) Humongous regions: 33->33
[5787.183s][info][gc,metaspace   ] GC(862) Metaspace: 30020K(30528K)->30020K(30528K) NonClass: 26619K(26880K)->26619K(26880K) Class: 3400K(3648K)->3400K(3648K)
[5787.183s][info][gc             ] GC(862) Pause Young (Normal) (G1 Evacuation Pause) 7107M->2583M(8192M) 147.706ms
[5787.183s][info][gc,cpu         ] GC(862) User=1.17s Sys=0.00s Real=0.15s
...|.[5791.038s][info][gc,start       ] GC(863) Pause Young (Normal) (G1 Evacuation Pause)
[5791.038s][info][gc,task        ] GC(863) Using 8 workers of 8 for evacuation
[5791.186s][info][gc,phases      ] GC(863)   Pre Evacuate Collection Set: 0.29ms
[5791.186s][info][gc,phases      ] GC(863)   Merge Heap Roots: 0.59ms
[5791.186s][info][gc,phases      ] GC(863)   Evacuate Collection Set: 146.34ms
[5791.186s][info][gc,phases      ] GC(863)   Post Evacuate Collection Set: 1.05ms
[5791.186s][info][gc,phases      ] GC(863)   Other: 0.06ms
[5791.186s][info][gc,heap        ] GC(863) Eden regions: 572->0(571)
[5791.186s][info][gc,heap        ] GC(863) Survivor regions: 42->43(77)
[5791.186s][info][gc,heap        ] GC(863) Old regions: 250->257
[5791.186s][info][gc,heap        ] GC(863) Humongous regions: 33->33
[5791.186s][info][gc,metaspace   ] GC(863) Metaspace: 30020K(30528K)->30020K(30528K) NonClass: 26619K(26880K)->26619K(26880K) Class: 3400K(3648K)->3400K(3648K)
[5791.186s][info][gc             ] GC(863) Pause Young (Normal) (G1 Evacuation Pause) 7159M->2651M(8192M) 148.480ms
[5791.186s][info][gc,cpu         ] GC(863) User=1.17s Sys=0.01s Real=0.15s
....[5795.113s][info][gc,start       ] GC(864) Pause Young (Normal) (G1 Evacuation Pause)
[5795.113s][info][gc,task        ] GC(864) Using 8 workers of 8 for evacuation
[5795.261s][info][gc,phases      ] GC(864)   Pre Evacuate Collection Set: 0.24ms
[5795.261s][info][gc,phases      ] GC(864)   Merge Heap Roots: 0.55ms
[5795.261s][info][gc,phases      ] GC(864)   Evacuate Collection Set: 146.28ms
[5795.261s][info][gc,phases      ] GC(864)   Post Evacuate Collection Set: 1.05ms
[5795.261s][info][gc,phases      ] GC(864)   Other: 0.07ms
[5795.261s][info][gc,heap        ] GC(864) Eden regions: 571->0(571)
[5795.261s][info][gc,heap        ] GC(864) Survivor regions: 43->43(77)
[5795.261s][info][gc,heap        ] GC(864) Old regions: 257->265
[5795.261s][info][gc,heap        ] GC(864) Humongous regions: 33->33
[5795.261s][info][gc,metaspace   ] GC(864) Metaspace: 30020K(30528K)->30020K(30528K) NonClass: 26619K(26880K)->26619K(26880K) Class: 3400K(3648K)->3400K(3648K)
[5795.261s][info][gc             ] GC(864) Pause Young (Normal) (G1 Evacuation Pause) 7219M->2705M(8192M) 148.318ms
[5795.261s][info][gc,cpu         ] GC(864) User=1.17s Sys=0.00s Real=0.15s
....[5799.239s][info][gc,start       ] GC(865) Pause Young (Normal) (G1 Evacuation Pause)
[5799.239s][info][gc,task        ] GC(865) Using 8 workers of 8 for evacuation
[5799.389s][info][gc,phases      ] GC(865)   Pre Evacuate Collection Set: 0.26ms
[5799.389s][info][gc,phases      ] GC(865)   Merge Heap Roots: 0.54ms
[5799.389s][info][gc,phases      ] GC(865)   Evacuate Collection Set: 148.21ms
[5799.389s][info][gc,phases      ] GC(865)   Post Evacuate Collection Set: 1.04ms
[5799.389s][info][gc,phases      ] GC(865)   Other: 0.06ms
[5799.389s][info][gc,heap        ] GC(865) Eden regions: 571->0(571)
[5799.389s][info][gc,heap        ] GC(865) Survivor regions: 43->43(77)
[5799.389s][info][gc,heap        ] GC(865) Old regions: 265->272
[5799.389s][info][gc,heap        ] GC(865) Humongous regions: 33->33
[5799.389s][info][gc,metaspace   ] GC(865) Metaspace: 30020K(30528K)->30020K(30528K) NonClass: 26619K(26880K)->26619K(26880K) Class: 3400K(3648K)->3400K(3648K)
[5799.389s][info][gc             ] GC(865) Pause Young (Normal) (G1 Evacuation Pause) 7273M->2766M(8192M) 150.248ms
[5799.389s][info][gc,cpu         ] GC(865) User=1.19s Sys=0.00s Real=0.15s
....[5803.323s][info][gc,start       ] GC(866) Pause Young (Normal) (G1 Evacuation Pause)
[5803.323s][info][gc,task        ] GC(866) Using 8 workers of 8 for evacuation
[5803.474s][info][gc,phases      ] GC(866)   Pre Evacuate Collection Set: 0.21ms
[5803.474s][info][gc,phases      ] GC(866)   Merge Heap Roots: 0.54ms
[5803.474s][info][gc,phases      ] GC(866)   Evacuate Collection Set: 148.59ms
[5803.474s][info][gc,phases      ] GC(866)   Post Evacuate Collection Set: 1.02ms
[5803.474s][info][gc,phases      ] GC(866)   Other: 0.06ms
[5803.474s][info][gc,heap        ] GC(866) Eden regions: 571->0(571)
[5803.474s][info][gc,heap        ] GC(866) Survivor regions: 43->43(77)
[5803.474s][info][gc,heap        ] GC(866) Old regions: 272->279
[5803.474s][info][gc,heap        ] GC(866) Humongous regions: 33->33
[5803.474s][info][gc,metaspace   ] GC(866) Metaspace: 30020K(30528K)->30020K(30528K) NonClass: 26619K(26880K)->26619K(26880K) Class: 3400K(3648K)->3400K(3648K)
[5803.474s][info][gc             ] GC(866) Pause Young (Normal) (G1 Evacuation Pause) 7334M->2827M(8192M) 150.536ms
[5803.474s][info][gc,cpu         ] GC(866) User=1.19s Sys=0.00s Real=0.15s
....[5807.290s][info][gc,start       ] GC(867) Pause Young (Normal) (G1 Evacuation Pause)
[5807.290s][info][gc,task        ] GC(867) Using 8 workers of 8 for evacuation
[5807.439s][info][gc,phases      ] GC(867)   Pre Evacuate Collection Set: 0.23ms
[5807.439s][info][gc,phases      ] GC(867)   Merge Heap Roots: 0.52ms
[5807.439s][info][gc,phases      ] GC(867)   Evacuate Collection Set: 147.32ms
[5807.439s][info][gc,phases      ] GC(867)   Post Evacuate Collection Set: 1.03ms
[5807.439s][info][gc,phases      ] GC(867)   Other: 0.06ms
[5807.439s][info][gc,heap        ] GC(867) Eden regions: 571->0(567)
[5807.439s][info][gc,heap        ] GC(867) Survivor regions: 43->43(77)
[5807.439s][info][gc,heap        ] GC(867) Old regions: 279->286
[5807.439s][info][gc,heap        ] GC(867) Humongous regions: 33->33
[5807.439s][info][gc,metaspace   ] GC(867) Metaspace: 30020K(30528K)->30020K(30528K) NonClass: 26619K(26880K)->26619K(26880K) Class: 3400K(3648K)->3400K(3648K)
[5807.439s][info][gc             ] GC(867) Pause Young (Normal) (G1 Evacuation Pause) 7395M->2879M(8192M) 149.308ms
[5807.439s][info][gc,cpu         ] GC(867) User=1.19s Sys=0.00s Real=0.15s
....[5811.262s][info][gc,start       ] GC(868) Pause Young (Normal) (G1 Evacuation Pause)
[5811.262s][info][gc,task        ] GC(868) Using 8 workers of 8 for evacuation
[5811.411s][info][gc,phases      ] GC(868)   Pre Evacuate Collection Set: 0.24ms
[5811.411s][info][gc,phases      ] GC(868)   Merge Heap Roots: 0.54ms
[5811.411s][info][gc,phases      ] GC(868)   Evacuate Collection Set: 147.30ms
[5811.411s][info][gc,phases      ] GC(868)   Post Evacuate Collection Set: 1.05ms
[5811.411s][info][gc,phases      ] GC(868)   Other: 0.06ms
[5811.411s][info][gc,heap        ] GC(868) Eden regions: 567->0(561)
[5811.411s][info][gc,heap        ] GC(868) Survivor regions: 43->42(77)
[5811.411s][info][gc,heap        ] GC(868) Old regions: 286->294
[5811.411s][info][gc,heap        ] GC(868) Humongous regions: 33->33
[5811.411s][info][gc,metaspace   ] GC(868) Metaspace: 30020K(30528K)->30020K(30528K) NonClass: 26619K(26880K)->26619K(26880K) Class: 3400K(3648K)->3400K(3648K)
[5811.411s][info][gc             ] GC(868) Pause Young (Normal) (G1 Evacuation Pause) 7415M->2933M(8192M) 149.349ms
[5811.412s][info][gc,cpu         ] GC(868) User=1.18s Sys=0.00s Real=0.15s
....[5815.213s][info][gc,start       ] GC(869) Pause Young (Normal) (G1 Evacuation Pause)
[5815.213s][info][gc,task        ] GC(869) Using 8 workers of 8 for evacuation
[5815.364s][info][gc,phases      ] GC(869)   Pre Evacuate Collection Set: 0.24ms
[5815.364s][info][gc,phases      ] GC(869)   Merge Heap Roots: 0.53ms
[5815.364s][info][gc,phases      ] GC(869)   Evacuate Collection Set: 148.64ms
[5815.364s][info][gc,phases      ] GC(869)   Post Evacuate Collection Set: 1.03ms
[5815.364s][info][gc,phases      ] GC(869)   Other: 0.07ms
[5815.364s][info][gc,heap        ] GC(869) Eden regions: 561->0(554)
[5815.364s][info][gc,heap        ] GC(869) Survivor regions: 42->42(76)
[5815.364s][info][gc,heap        ] GC(869) Old regions: 294->301
[5815.364s][info][gc,heap        ] GC(869) Humongous regions: 33->33
[5815.364s][info][gc,metaspace   ] GC(869) Metaspace: 30020K(30528K)->30020K(30528K) NonClass: 26619K(26880K)->26619K(26880K) Class: 3400K(3648K)->3400K(3648K)
[5815.364s][info][gc             ] GC(869) Pause Young (Normal) (G1 Evacuation Pause) 7421M->2993M(8192M) 150.637ms
[5815.364s][info][gc,cpu         ] GC(869) User=1.19s Sys=0.00s Real=0.15s
....[5819.219s][info][gc,start       ] GC(870) Pause Young (Normal) (G1 Evacuation Pause)
[5819.219s][info][gc,task        ] GC(870) Using 8 workers of 8 for evacuation
[5819.369s][info][gc,phases      ] GC(870)   Pre Evacuate Collection Set: 0.22ms
[5819.369s][info][gc,phases      ] GC(870)   Merge Heap Roots: 0.55ms
[5819.369s][info][gc,phases      ] GC(870)   Evacuate Collection Set: 148.44ms
[5819.369s][info][gc,phases      ] GC(870)   Post Evacuate Collection Set: 1.01ms
[5819.369s][info][gc,phases      ] GC(870)   Other: 0.06ms
[5819.369s][info][gc,heap        ] GC(870) Eden regions: 554->0(544)
[5819.369s][info][gc,heap        ] GC(870) Survivor regions: 42->43(75)
[5819.369s][info][gc,heap        ] GC(870) Old regions: 301->309
[5819.369s][info][gc,heap        ] GC(870) Humongous regions: 33->33
[5819.369s][info][gc,metaspace   ] GC(870) Metaspace: 30020K(30528K)->30020K(30528K) NonClass: 26619K(26880K)->26619K(26880K) Class: 3400K(3648K)->3400K(3648K)
[5819.369s][info][gc             ] GC(870) Pause Young (Normal) (G1 Evacuation Pause) 7425M->3062M(8192M) 150.422ms
[5819.369s][info][gc,cpu         ] GC(870) User=1.20s Sys=0.00s Real=0.15s
....[5823.029s][info][gc,start       ] GC(871) Pause Young (Concurrent Start) (G1 Evacuation Pause)
[5823.029s][info][gc,task        ] GC(871) Using 8 workers of 8 for evacuation
[5823.174s][info][gc,phases      ] GC(871)   Pre Evacuate Collection Set: 0.28ms
[5823.174s][info][gc,phases      ] GC(871)   Merge Heap Roots: 0.52ms
[5823.174s][info][gc,phases      ] GC(871)   Evacuate Collection Set: 143.40ms
[5823.174s][info][gc,phases      ] GC(871)   Post Evacuate Collection Set: 1.03ms
[5823.174s][info][gc,phases      ] GC(871)   Other: 0.10ms
[5823.174s][info][gc,heap        ] GC(871) Eden regions: 544->0(541)
[5823.174s][info][gc,heap        ] GC(871) Survivor regions: 43->41(74)
[5823.174s][info][gc,heap        ] GC(871) Old regions: 309->316
[5823.174s][info][gc,heap        ] GC(871) Humongous regions: 33->33
[5823.174s][info][gc,metaspace   ] GC(871) Metaspace: 30020K(30528K)->30020K(30528K) NonClass: 26619K(26880K)->26619K(26880K) Class: 3400K(3648K)->3400K(3648K)
[5823.174s][info][gc             ] GC(871) Pause Young (Concurrent Start) (G1 Evacuation Pause) 7414M->3107M(8192M) 145.449ms
[5823.174s][info][gc             ] GC(872) Concurrent Mark Cycle
[5823.174s][info][gc,marking     ] GC(872) Concurrent Scan Root Regions
[5823.174s][info][gc,cpu         ] GC(871) User=1.15s Sys=0.00s Real=0.14s
[5823.430s][info][gc,marking     ] GC(872) Concurrent Scan Root Regions 255.453ms
[5823.430s][info][gc,marking     ] GC(872) Concurrent Mark
[5823.430s][info][gc,marking     ] GC(872) Concurrent Mark From Roots
[5823.430s][info][gc,task        ] GC(872) Using 2 workers of 2 for marking
..[5824.569s][info][gc,marking     ] GC(872) Concurrent Mark From Roots 1139.557ms
[5824.570s][info][gc,marking     ] GC(872) Concurrent Preclean
[5824.570s][info][gc,marking     ] GC(872) Concurrent Preclean 0.195ms
[5824.570s][info][gc,start       ] GC(872) Pause Remark
[5824.572s][info][gc             ] GC(872) Pause Remark 4651M->4123M(8192M) 2.323ms
[5824.572s][info][gc,cpu         ] GC(872) User=0.02s Sys=0.00s Real=0.00s
[5824.572s][info][gc,marking     ] GC(872) Concurrent Mark 1142.403ms
[5824.572s][info][gc,marking     ] GC(872) Concurrent Rebuild Remembered Sets and Scrub Regions
[5825.452s][info][gc,marking     ] GC(872) Concurrent Rebuild Remembered Sets and Scrub Regions 879.235ms
[5825.452s][info][gc,start       ] GC(872) Pause Cleanup
[5825.452s][info][gc             ] GC(872) Pause Cleanup 5391M->5391M(8192M) 0.253ms
[5825.452s][info][gc,cpu         ] GC(872) User=0.00s Sys=0.00s Real=0.00s
[5825.452s][info][gc,marking     ] GC(872) Concurrent Clear Claimed Marks
[5825.452s][info][gc,marking     ] GC(872) Concurrent Clear Claimed Marks 0.039ms
[5825.452s][info][gc,marking     ] GC(872) Concurrent Cleanup for Next Mark
[5825.464s][info][gc,marking     ] GC(872) Concurrent Cleanup for Next Mark 11.853ms
[5825.464s][info][gc             ] GC(872) Concurrent Mark Cycle 2289.642ms
..[5826.733s][info][gc,start       ] GC(873) Pause Young (Prepare Mixed) (G1 Evacuation Pause)
[5826.733s][info][gc,task        ] GC(873) Using 8 workers of 8 for evacuation
[5826.891s][info][gc,phases      ] GC(873)   Pre Evacuate Collection Set: 0.22ms
[5826.891s][info][gc,phases      ] GC(873)   Merge Heap Roots: 0.72ms
[5826.891s][info][gc,phases      ] GC(873)   Evacuate Collection Set: 155.59ms
[5826.891s][info][gc,phases      ] GC(873)   Post Evacuate Collection Set: 1.14ms
[5826.891s][info][gc,phases      ] GC(873)   Other: 0.06ms
[5826.891s][info][gc,heap        ] GC(873) Eden regions: 541->0(570)
[5826.891s][info][gc,heap        ] GC(873) Survivor regions: 41->44(73)
[5826.891s][info][gc,heap        ] GC(873) Old regions: 250->258
[5826.891s][info][gc,heap        ] GC(873) Humongous regions: 33->33
[5826.891s][info][gc,metaspace   ] GC(873) Metaspace: 30020K(30528K)->30020K(30528K) NonClass: 26619K(26880K)->26619K(26880K) Class: 3400K(3648K)->3400K(3648K)
[5826.891s][info][gc             ] GC(873) Pause Young (Prepare Mixed) (G1 Evacuation Pause) 6907M->2657M(8192M) 157.875ms
[5826.891s][info][gc,cpu         ] GC(873) User=1.25s Sys=0.00s Real=0.16s
....[5830.752s][info][gc,start       ] GC(874) Pause Young (Mixed) (G1 Evacuation Pause)
[5830.752s][info][gc,task        ] GC(874) Using 8 workers of 8 for evacuation
[5830.912s][info][gc,phases      ] GC(874)   Pre Evacuate Collection Set: 0.29ms
[5830.912s][info][gc,phases      ] GC(874)   Merge Heap Roots: 0.82ms
[5830.912s][info][gc,phases      ] GC(874)   Evacuate Collection Set: 157.39ms
[5830.912s][info][gc,phases      ] GC(874)   Post Evacuate Collection Set: 1.30ms
[5830.912s][info][gc,phases      ] GC(874)   Other: 0.08ms
[5830.912s][info][gc,heap        ] GC(874) Eden regions: 570->0(571)
[5830.912s][info][gc,heap        ] GC(874) Survivor regions: 44->43(77)
[5830.912s][info][gc,heap        ] GC(874) Old regions: 258->163
[5830.912s][info][gc,heap        ] GC(874) Humongous regions: 33->33
[5830.912s][info][gc,metaspace   ] GC(874) Metaspace: 30020K(30528K)->30020K(30528K) NonClass: 26619K(26880K)->26619K(26880K) Class: 3400K(3648K)->3400K(3648K)
[5830.912s][info][gc             ] GC(874) Pause Young (Mixed) (G1 Evacuation Pause) 7217M->1897M(8192M) 160.020ms
[5830.912s][info][gc,cpu         ] GC(874) User=1.27s Sys=0.00s Real=0.16s
....[5834.816s][info][gc,start       ] GC(875) Pause Young (Mixed) (G1 Evacuation Pause)
[5834.816s][info][gc,task        ] GC(875) Using 8 workers of 8 for evacuation
[5834.979s][info][gc,phases      ] GC(875)   Pre Evacuate Collection Set: 0.27ms
[5834.979s][info][gc,phases      ] GC(875)   Merge Heap Roots: 0.85ms
[5834.979s][info][gc,phases      ] GC(875)   Evacuate Collection Set: 161.49ms
[5834.979s][info][gc,phases      ] GC(875)   Post Evacuate Collection Set: 1.05ms
[5834.979s][info][gc,phases      ] GC(875)   Other: 0.07ms
[5834.979s][info][gc,heap        ] GC(875) Eden regions: 571->0(571)
[5834.979s][info][gc,heap        ] GC(875) Survivor regions: 43->43(77)
[5834.979s][info][gc,heap        ] GC(875) Old regions: 163->144
[5834.979s][info][gc,heap        ] GC(875) Humongous regions: 33->33
[5834.979s][info][gc,metaspace   ] GC(875) Metaspace: 30020K(30528K)->30020K(30528K) NonClass: 26619K(26880K)->26619K(26880K) Class: 3400K(3648K)->3400K(3648K)
[5834.979s][info][gc             ] GC(875) Pause Young (Mixed) (G1 Evacuation Pause) 6465M->1742M(8192M) 163.850ms
[5834.979s][info][gc,cpu         ] GC(875) User=1.30s Sys=0.00s Real=0.17s
....[5838.779s][info][gc,start       ] GC(876) Pause Young (Normal) (G1 Evacuation Pause)
[5838.779s][info][gc,task        ] GC(876) Using 8 workers of 8 for evacuation
[5838.938s][info][gc,phases      ] GC(876)   Pre Evacuate Collection Set: 0.22ms
[5838.938s][info][gc,phases      ] GC(876)   Merge Heap Roots: 0.58ms
[5838.938s][info][gc,phases      ] GC(876)   Evacuate Collection Set: 157.15ms
[5838.938s][info][gc,phases      ] GC(876)   Post Evacuate Collection Set: 1.04ms
[5838.938s][info][gc,phases      ] GC(876)   Other: 0.06ms
[5838.938s][info][gc,heap        ] GC(876) Eden regions: 571->0(569)
[5838.938s][info][gc,heap        ] GC(876) Survivor regions: 43->45(77)
[5838.938s][info][gc,heap        ] GC(876) Old regions: 144->151
[5838.938s][info][gc,heap        ] GC(876) Humongous regions: 33->33
[5838.938s][info][gc,metaspace   ] GC(876) Metaspace: 30020K(30528K)->30020K(30528K) NonClass: 26619K(26880K)->26619K(26880K) Class: 3400K(3648K)->3400K(3648K)
[5838.938s][info][gc             ] GC(876) Pause Young (Normal) (G1 Evacuation Pause) 6310M->1812M(8192M) 159.197ms
[5838.938s][info][gc,cpu         ] GC(876) User=1.26s Sys=0.00s Real=0.16s
....[5842.736s][info][gc,start       ] GC(877) Pause Young (Normal) (G1 Evacuation Pause)
[5842.736s][info][gc,task        ] GC(877) Using 8 workers of 8 for evacuation
[5842.891s][info][gc,phases      ] GC(877)   Pre Evacuate Collection Set: 0.22ms
[5842.891s][info][gc,phases      ] GC(877)   Merge Heap Roots: 0.55ms
[5842.891s][info][gc,phases      ] GC(877)   Evacuate Collection Set: 152.33ms
[5842.891s][info][gc,phases      ] GC(877)   Post Evacuate Collection Set: 1.05ms
[5842.891s][info][gc,phases      ] GC(877)   Other: 0.06ms
[5842.891s][info][gc,heap        ] GC(877) Eden regions: 569->0(571)
[5842.891s][info][gc,heap        ] GC(877) Survivor regions: 45->43(77)
[5842.891s][info][gc,heap        ] GC(877) Old regions: 151->158
[5842.891s][info][gc,heap        ] GC(877) Humongous regions: 33->33
[5842.891s][info][gc,metaspace   ] GC(877) Metaspace: 30020K(30528K)->30020K(30528K) NonClass: 26619K(26880K)->26619K(26880K) Class: 3400K(3648K)->3400K(3648K)
[5842.891s][info][gc             ] GC(877) Pause Young (Normal) (G1 Evacuation Pause) 6364M->1858M(8192M) 154.360ms
[5842.891s][info][gc,cpu         ] GC(877) User=1.22s Sys=0.00s Real=0.15s
....[5846.777s][info][gc,start       ] GC(878) Pause Young (Normal) (G1 Evacuation Pause)
[5846.777s][info][gc,task        ] GC(878) Using 8 workers of 8 for evacuation
[5846.939s][info][gc,phases      ] GC(878)   Pre Evacuate Collection Set: 0.22ms
[5846.939s][info][gc,phases      ] GC(878)   Merge Heap Roots: 0.59ms
[5846.939s][info][gc,phases      ] GC(878)   Evacuate Collection Set: 159.95ms
[5846.939s][info][gc,phases      ] GC(878)   Post Evacuate Collection Set: 1.05ms
[5846.939s][info][gc,phases      ] GC(878)   Other: 0.06ms
[5846.939s][info][gc,heap        ] GC(878) Eden regions: 571->0(569)
[5846.939s][info][gc,heap        ] GC(878) Survivor regions: 43->45(77)
[5846.939s][info][gc,heap        ] GC(878) Old regions: 158->166
[5846.939s][info][gc,heap        ] GC(878) Humongous regions: 33->33
[5846.939s][info][gc,metaspace   ] GC(878) Metaspace: 30020K(30528K)->30020K(30528K) NonClass: 26619K(26880K)->26619K(26880K) Class: 3400K(3648K)->3400K(3648K)
[5846.939s][info][gc             ] GC(878) Pause Young (Normal) (G1 Evacuation Pause) 6426M->1934M(8192M) 161.995ms
[5846.939s][info][gc,cpu         ] GC(878) User=1.26s Sys=0.00s Real=0.16s
... (rIR:aIR:PR = 9548:9492:9494) (tPR = 141216) [OK] 
  5849s: Performance info:
         Transaction,    Success,    Partial,     Failed,   Receipts, AvgBarcode, 
             Overall,     571304,          0,          0,     542700,      59.48, 
         Response times:
             Request,    Success,    Partial,     Failed,   SkipFail,     Probes,    Samples,      min,      p50,      p90,      p95,      p99,      max, 
       TotalPurchase,     542595,          0,          0,          0,     357227,     404599,      300,     6100,    29000,    67000,   120000,  2100000,
     InStorePurchase,     284512,          0,          0,          0,     187996,     212616,      300,     6000,    30000,    68000,   119000,  2100000,
      OnlinePurchase,     200939,          0,          0,          0,     131207,     148674,      300,     6200,    29000,    66000,   120000,  2100000,
        InstPurchase,      57144,          0,          0,          0,      38024,      43309,      400,     5900,    28000,    67000,   121000,  1200000,
          AssocOfCat,        573,          0,          0,          0,        473,        629,    27000,    49000,    95000,   144500,   203000,   271000,
      AssocOfProduct,       5693,          0,          0,          0,       4265,       5044,      600,     7700,    29000,    64750,   120000,   349000,
      BusinessReport,       1440,          0,          0,          0,       1293,       1601,    31000,    59000,   111800,   165000,   234900,   549000,
          CustBuyBeh,       5735,          0,          0,          0,       4215,       4971,      300,     6100,    24000,    60000,   116000,   528000,
       ProductReturn,      15158,          0,          0,          0,       9870,      11404,      300,     6000,    28000,    63000,   122000,  1200000,

  5849s: (70%)   IR =   9686 .[5850.819s][info][gc,start       ] GC(879) Pause Young (Normal) (G1 Evacuation Pause)
[5850.819s][info][gc,task        ] GC(879) Using 8 workers of 8 for evacuation
[5850.973s][info][gc,phases      ] GC(879)   Pre Evacuate Collection Set: 0.22ms
[5850.973s][info][gc,phases      ] GC(879)   Merge Heap Roots: 0.54ms
[5850.973s][info][gc,phases      ] GC(879)   Evacuate Collection Set: 152.28ms
[5850.973s][info][gc,phases      ] GC(879)   Post Evacuate Collection Set: 1.06ms
[5850.973s][info][gc,phases      ] GC(879)   Other: 0.06ms
[5850.973s][info][gc,heap        ] GC(879) Eden regions: 569->0(570)
[5850.973s][info][gc,heap        ] GC(879) Survivor regions: 45->44(77)
[5850.973s][info][gc,heap        ] GC(879) Old regions: 166->173
[5850.973s][info][gc,heap        ] GC(879) Humongous regions: 33->33
[5850.973s][info][gc,metaspace   ] GC(879) Metaspace: 30020K(30528K)->30020K(30528K) NonClass: 26619K(26880K)->26619K(26880K) Class: 3400K(3648K)->3400K(3648K)
[5850.973s][info][gc             ] GC(879) Pause Young (Normal) (G1 Evacuation Pause) 6486M->1982M(8192M) 154.308ms
[5850.973s][info][gc,cpu         ] GC(879) User=1.23s Sys=0.00s Real=0.15s
....[5854.789s][info][gc,start       ] GC(880) Pause Young (Normal) (G1 Evacuation Pause)
[5854.789s][info][gc,task        ] GC(880) Using 8 workers of 8 for evacuation
[5854.941s][info][gc,phases      ] GC(880)   Pre Evacuate Collection Set: 0.24ms
[5854.941s][info][gc,phases      ] GC(880)   Merge Heap Roots: 0.52ms
[5854.941s][info][gc,phases      ] GC(880)   Evacuate Collection Set: 150.40ms
[5854.941s][info][gc,phases      ] GC(880)   Post Evacuate Collection Set: 1.07ms
[5854.941s][info][gc,phases      ] GC(880)   Other: 0.07ms
[5854.941s][info][gc,heap        ] GC(880) Eden regions: 570->0(571)
[5854.941s][info][gc,heap        ] GC(880) Survivor regions: 44->43(77)
[5854.941s][info][gc,heap        ] GC(880) Old regions: 173->181
[5854.941s][info][gc,heap        ] GC(880) Humongous regions: 33->33
[5854.941s][info][gc,metaspace   ] GC(880) Metaspace: 30020K(30528K)->30020K(30528K) NonClass: 26619K(26880K)->26619K(26880K) Class: 3400K(3648K)->3400K(3648K)
[5854.941s][info][gc             ] GC(880) Pause Young (Normal) (G1 Evacuation Pause) 6542M->2037M(8192M) 152.439ms
[5854.941s][info][gc,cpu         ] GC(880) User=1.21s Sys=0.00s Real=0.15s
...|[5858.546s][info][gc,start       ] GC(881) Pause Young (Normal) (G1 Evacuation Pause)
[5858.546s][info][gc,task        ] GC(881) Using 8 workers of 8 for evacuation
[5858.701s][info][gc,phases      ] GC(881)   Pre Evacuate Collection Set: 0.22ms
[5858.701s][info][gc,phases      ] GC(881)   Merge Heap Roots: 0.53ms
[5858.701s][info][gc,phases      ] GC(881)   Evacuate Collection Set: 153.29ms
[5858.701s][info][gc,phases      ] GC(881)   Post Evacuate Collection Set: 1.03ms
[5858.701s][info][gc,phases      ] GC(881)   Other: 0.06ms
[5858.701s][info][gc,heap        ] GC(881) Eden regions: 571->0(571)
[5858.701s][info][gc,heap        ] GC(881) Survivor regions: 43->43(77)
[5858.701s][info][gc,heap        ] GC(881) Old regions: 181->188
[5858.701s][info][gc,heap        ] GC(881) Humongous regions: 33->33
[5858.701s][info][gc,metaspace   ] GC(881) Metaspace: 30020K(30528K)->30020K(30528K) NonClass: 26619K(26880K)->26619K(26880K) Class: 3400K(3648K)->3400K(3648K)
[5858.701s][info][gc             ] GC(881) Pause Young (Normal) (G1 Evacuation Pause) 6605M->2093M(8192M) 155.268ms
[5858.701s][info][gc,cpu         ] GC(881) User=1.23s Sys=0.00s Real=0.16s
....[5862.519s][info][gc,start       ] GC(882) Pause Young (Normal) (G1 Evacuation Pause)
[5862.519s][info][gc,task        ] GC(882) Using 8 workers of 8 for evacuation
[5862.675s][info][gc,phases      ] GC(882)   Pre Evacuate Collection Set: 0.25ms
[5862.675s][info][gc,phases      ] GC(882)   Merge Heap Roots: 0.53ms
[5862.675s][info][gc,phases      ] GC(882)   Evacuate Collection Set: 153.91ms
[5862.675s][info][gc,phases      ] GC(882)   Post Evacuate Collection Set: 1.04ms
[5862.675s][info][gc,phases      ] GC(882)   Other: 0.06ms
[5862.675s][info][gc,heap        ] GC(882) Eden regions: 571->0(571)
[5862.675s][info][gc,heap        ] GC(882) Survivor regions: 43->43(77)
[5862.675s][info][gc,heap        ] GC(882) Old regions: 188->195
[5862.675s][info][gc,heap        ] GC(882) Humongous regions: 33->33
[5862.675s][info][gc,metaspace   ] GC(882) Metaspace: 30020K(30528K)->30020K(30528K) NonClass: 26619K(26880K)->26619K(26880K) Class: 3400K(3648K)->3400K(3648K)
[5862.675s][info][gc             ] GC(882) Pause Young (Normal) (G1 Evacuation Pause) 6661M->2153M(8192M) 155.931ms
[5862.675s][info][gc,cpu         ] GC(882) User=1.24s Sys=0.00s Real=0.15s
....[5866.534s][info][gc,start       ] GC(883) Pause Young (Normal) (G1 Evacuation Pause)
[5866.535s][info][gc,task        ] GC(883) Using 8 workers of 8 for evacuation
[5866.685s][info][gc,phases      ] GC(883)   Pre Evacuate Collection Set: 0.22ms
[5866.685s][info][gc,phases      ] GC(883)   Merge Heap Roots: 0.60ms
[5866.685s][info][gc,phases      ] GC(883)   Evacuate Collection Set: 148.77ms
[5866.685s][info][gc,phases      ] GC(883)   Post Evacuate Collection Set: 1.05ms
[5866.685s][info][gc,phases      ] GC(883)   Other: 0.07ms
[5866.685s][info][gc,heap        ] GC(883) Eden regions: 571->0(571)
[5866.685s][info][gc,heap        ] GC(883) Survivor regions: 43->43(77)
[5866.685s][info][gc,heap        ] GC(883) Old regions: 195->202
[5866.685s][info][gc,heap        ] GC(883) Humongous regions: 33->33
[5866.685s][info][gc,metaspace   ] GC(883) Metaspace: 30020K(30528K)->30020K(30528K) NonClass: 26619K(26880K)->26619K(26880K) Class: 3400K(3648K)->3400K(3648K)
[5866.685s][info][gc             ] GC(883) Pause Young (Normal) (G1 Evacuation Pause) 6721M->2205M(8192M) 150.843ms
[5866.685s][info][gc,cpu         ] GC(883) User=1.19s Sys=0.00s Real=0.15s
....[5870.448s][info][gc,start       ] GC(884) Pause Young (Normal) (G1 Evacuation Pause)
[5870.448s][info][gc,task        ] GC(884) Using 8 workers of 8 for evacuation
[5870.601s][info][gc,phases      ] GC(884)   Pre Evacuate Collection Set: 0.22ms
[5870.601s][info][gc,phases      ] GC(884)   Merge Heap Roots: 0.52ms
[5870.601s][info][gc,phases      ] GC(884)   Evacuate Collection Set: 150.93ms
[5870.601s][info][gc,phases      ] GC(884)   Post Evacuate Collection Set: 1.04ms
[5870.601s][info][gc,phases      ] GC(884)   Other: 0.06ms
[5870.601s][info][gc,heap        ] GC(884) Eden regions: 571->0(571)
[5870.601s][info][gc,heap        ] GC(884) Survivor regions: 43->43(77)
[5870.601s][info][gc,heap        ] GC(884) Old regions: 202->209
[5870.601s][info][gc,heap        ] GC(884) Humongous regions: 33->33
[5870.601s][info][gc,metaspace   ] GC(884) Metaspace: 30020K(30528K)->30020K(30528K) NonClass: 26619K(26880K)->26619K(26880K) Class: 3400K(3648K)->3400K(3648K)
[5870.601s][info][gc             ] GC(884) Pause Young (Normal) (G1 Evacuation Pause) 6773M->2267M(8192M) 152.902ms
[5870.601s][info][gc,cpu         ] GC(884) User=1.21s Sys=0.00s Real=0.15s
....[5874.381s][info][gc,start       ] GC(885) Pause Young (Normal) (G1 Evacuation Pause)
[5874.381s][info][gc,task        ] GC(885) Using 8 workers of 8 for evacuation
[5874.534s][info][gc,phases      ] GC(885)   Pre Evacuate Collection Set: 0.23ms
[5874.534s][info][gc,phases      ] GC(885)   Merge Heap Roots: 0.53ms
[5874.534s][info][gc,phases      ] GC(885)   Evacuate Collection Set: 150.99ms
[5874.534s][info][gc,phases      ] GC(885)   Post Evacuate Collection Set: 1.05ms
[5874.534s][info][gc,phases      ] GC(885)   Other: 0.06ms
[5874.534s][info][gc,heap        ] GC(885) Eden regions: 571->0(571)
[5874.534s][info][gc,heap        ] GC(885) Survivor regions: 43->43(77)
[5874.534s][info][gc,heap        ] GC(885) Old regions: 209->216
[5874.534s][info][gc,heap        ] GC(885) Humongous regions: 33->33
[5874.534s][info][gc,metaspace   ] GC(885) Metaspace: 30020K(30528K)->30020K(30528K) NonClass: 26619K(26880K)->26619K(26880K) Class: 3400K(3648K)->3400K(3648K)
[5874.534s][info][gc             ] GC(885) Pause Young (Normal) (G1 Evacuation Pause) 6835M->2323M(8192M) 152.989ms
[5874.534s][info][gc,cpu         ] GC(885) User=1.21s Sys=0.00s Real=0.15s
....[5878.352s][info][gc,start       ] GC(886) Pause Young (Normal) (G1 Evacuation Pause)
[5878.352s][info][gc,task        ] GC(886) Using 8 workers of 8 for evacuation
[5878.502s][info][gc,phases      ] GC(886)   Pre Evacuate Collection Set: 0.20ms
[5878.503s][info][gc,phases      ] GC(886)   Merge Heap Roots: 0.55ms
[5878.503s][info][gc,phases      ] GC(886)   Evacuate Collection Set: 148.56ms
[5878.503s][info][gc,phases      ] GC(886)   Post Evacuate Collection Set: 1.03ms
[5878.503s][info][gc,phases      ] GC(886)   Other: 0.06ms
[5878.503s][info][gc,heap        ] GC(886) Eden regions: 571->0(571)
[5878.503s][info][gc,heap        ] GC(886) Survivor regions: 43->43(77)
[5878.503s][info][gc,heap        ] GC(886) Old regions: 216->223
[5878.503s][info][gc,heap        ] GC(886) Humongous regions: 33->33
[5878.503s][info][gc,metaspace   ] GC(886) Metaspace: 30020K(30528K)->30020K(30528K) NonClass: 26619K(26880K)->26619K(26880K) Class: 3400K(3648K)->3400K(3648K)
[5878.503s][info][gc             ] GC(886) Pause Young (Normal) (G1 Evacuation Pause) 6891M->2375M(8192M) 150.547ms
[5878.503s][info][gc,cpu         ] GC(886) User=1.19s Sys=0.00s Real=0.15s
....[5882.337s][info][gc,start       ] GC(887) Pause Young (Normal) (G1 Evacuation Pause)
[5882.337s][info][gc,task        ] GC(887) Using 8 workers of 8 for evacuation
[5882.495s][info][gc,phases      ] GC(887)   Pre Evacuate Collection Set: 0.21ms
[5882.495s][info][gc,phases      ] GC(887)   Merge Heap Roots: 0.53ms
[5882.495s][info][gc,phases      ] GC(887)   Evacuate Collection Set: 155.81ms
[5882.495s][info][gc,phases      ] GC(887)   Post Evacuate Collection Set: 1.08ms
[5882.495s][info][gc,phases      ] GC(887)   Other: 0.08ms
[5882.495s][info][gc,heap        ] GC(887) Eden regions: 571->0(571)
[5882.495s][info][gc,heap        ] GC(887) Survivor regions: 43->43(77)
[5882.495s][info][gc,heap        ] GC(887) Old regions: 223->231
[5882.495s][info][gc,heap        ] GC(887) Humongous regions: 33->33
[5882.495s][info][gc,metaspace   ] GC(887) Metaspace: 30020K(30528K)->30020K(30528K) NonClass: 26619K(26880K)->26619K(26880K) Class: 3400K(3648K)->3400K(3648K)
[5882.495s][info][gc             ] GC(887) Pause Young (Normal) (G1 Evacuation Pause) 6943M->2438M(8192M) 157.834ms
[5882.495s][info][gc,cpu         ] GC(887) User=1.25s Sys=0.00s Real=0.15s
....[5886.331s][info][gc,start       ] GC(888) Pause Young (Normal) (G1 Evacuation Pause)
[5886.331s][info][gc,task        ] GC(888) Using 8 workers of 8 for evacuation
[5886.488s][info][gc,phases      ] GC(888)   Pre Evacuate Collection Set: 0.21ms
[5886.488s][info][gc,phases      ] GC(888)   Merge Heap Roots: 0.53ms
[5886.488s][info][gc,phases      ] GC(888)   Evacuate Collection Set: 155.81ms
[5886.488s][info][gc,phases      ] GC(888)   Post Evacuate Collection Set: 1.05ms
[5886.488s][info][gc,phases      ] GC(888)   Other: 0.06ms
[5886.488s][info][gc,heap        ] GC(888) Eden regions: 571->0(570)
[5886.488s][info][gc,heap        ] GC(888) Survivor regions: 43->44(77)
[5886.488s][info][gc,heap        ] GC(888) Old regions: 231->238
[5886.488s][info][gc,heap        ] GC(888) Humongous regions: 33->33
[5886.488s][info][gc,metaspace   ] GC(888) Metaspace: 30020K(30528K)->30020K(30528K) NonClass: 26619K(26880K)->26619K(26880K) Class: 3400K(3648K)->3400K(3648K)
[5886.488s][info][gc             ] GC(888) Pause Young (Normal) (G1 Evacuation Pause) 7006M->2503M(8192M) 157.798ms
[5886.489s][info][gc,cpu         ] GC(888) User=1.25s Sys=0.00s Real=0.16s
....[5890.236s][info][gc,start       ] GC(889) Pause Young (Normal) (G1 Evacuation Pause)
[5890.236s][info][gc,task        ] GC(889) Using 8 workers of 8 for evacuation
[5890.394s][info][gc,phases      ] GC(889)   Pre Evacuate Collection Set: 0.23ms
[5890.394s][info][gc,phases      ] GC(889)   Merge Heap Roots: 0.55ms
[5890.394s][info][gc,phases      ] GC(889)   Evacuate Collection Set: 156.12ms
[5890.394s][info][gc,phases      ] GC(889)   Post Evacuate Collection Set: 1.02ms
[5890.394s][info][gc,phases      ] GC(889)   Other: 0.06ms
[5890.394s][info][gc,heap        ] GC(889) Eden regions: 570->0(570)
[5890.394s][info][gc,heap        ] GC(889) Survivor regions: 44->44(77)
[5890.394s][info][gc,heap        ] GC(889) Old regions: 238->245
[5890.394s][info][gc,heap        ] GC(889) Humongous regions: 33->33
[5890.394s][info][gc,metaspace   ] GC(889) Metaspace: 30020K(30528K)->30020K(30528K) NonClass: 26619K(26880K)->26619K(26880K) Class: 3400K(3648K)->3400K(3648K)
[5890.394s][info][gc             ] GC(889) Pause Young (Normal) (G1 Evacuation Pause) 7063M->2557M(8192M) 158.134ms
[5890.394s][info][gc,cpu         ] GC(889) User=1.25s Sys=0.00s Real=0.16s
....[5894.274s][info][gc,start       ] GC(890) Pause Young (Normal) (G1 Evacuation Pause)
[5894.274s][info][gc,task        ] GC(890) Using 8 workers of 8 for evacuation
[5894.426s][info][gc,phases      ] GC(890)   Pre Evacuate Collection Set: 0.22ms
[5894.426s][info][gc,phases      ] GC(890)   Merge Heap Roots: 0.53ms
[5894.426s][info][gc,phases      ] GC(890)   Evacuate Collection Set: 150.00ms
[5894.426s][info][gc,phases      ] GC(890)   Post Evacuate Collection Set: 1.09ms
[5894.426s][info][gc,phases      ] GC(890)   Other: 0.06ms
[5894.426s][info][gc,heap        ] GC(890) Eden regions: 570->0(571)
[5894.426s][info][gc,heap        ] GC(890) Survivor regions: 44->43(77)
[5894.426s][info][gc,heap        ] GC(890) Old regions: 245->252
[5894.426s][info][gc,heap        ] GC(890) Humongous regions: 33->33
[5894.426s][info][gc,metaspace   ] GC(890) Metaspace: 30020K(30528K)->30020K(30528K) NonClass: 26619K(26880K)->26619K(26880K) Class: 3400K(3648K)->3400K(3648K)
[5894.426s][info][gc             ] GC(890) Pause Young (Normal) (G1 Evacuation Pause) 7117M->2609M(8192M) 152.028ms
[5894.426s][info][gc,cpu         ] GC(890) User=1.20s Sys=0.00s Real=0.16s
....[5898.135s][info][gc,start       ] GC(891) Pause Young (Normal) (G1 Evacuation Pause)
[5898.135s][info][gc,task        ] GC(891) Using 8 workers of 8 for evacuation
[5898.289s][info][gc,phases      ] GC(891)   Pre Evacuate Collection Set: 0.22ms
[5898.289s][info][gc,phases      ] GC(891)   Merge Heap Roots: 0.53ms
[5898.289s][info][gc,phases      ] GC(891)   Evacuate Collection Set: 151.93ms
[5898.289s][info][gc,phases      ] GC(891)   Post Evacuate Collection Set: 1.05ms
[5898.289s][info][gc,phases      ] GC(891)   Other: 0.06ms
[5898.289s][info][gc,heap        ] GC(891) Eden regions: 571->0(570)
[5898.289s][info][gc,heap        ] GC(891) Survivor regions: 43->44(77)
[5898.289s][info][gc,heap        ] GC(891) Old regions: 252->259
[5898.289s][info][gc,heap        ] GC(891) Humongous regions: 33->33
[5898.289s][info][gc,metaspace   ] GC(891) Metaspace: 30020K(30528K)->30020K(30528K) NonClass: 26619K(26880K)->26619K(26880K) Class: 3400K(3648K)->3400K(3648K)
[5898.289s][info][gc             ] GC(891) Pause Young (Normal) (G1 Evacuation Pause) 7177M->2671M(8192M) 153.923ms
[5898.289s][info][gc,cpu         ] GC(891) User=1.22s Sys=0.00s Real=0.16s
....[5901.976s][info][gc,start       ] GC(892) Pause Young (Normal) (G1 Evacuation Pause)
[5901.976s][info][gc,task        ] GC(892) Using 8 workers of 8 for evacuation
[5902.124s][info][gc,phases      ] GC(892)   Pre Evacuate Collection Set: 0.23ms
[5902.124s][info][gc,phases      ] GC(892)   Merge Heap Roots: 0.53ms
[5902.124s][info][gc,phases      ] GC(892)   Evacuate Collection Set: 146.39ms
[5902.124s][info][gc,phases      ] GC(892)   Post Evacuate Collection Set: 1.02ms
[5902.124s][info][gc,phases      ] GC(892)   Other: 0.06ms
[5902.124s][info][gc,heap        ] GC(892) Eden regions: 570->0(572)
[5902.124s][info][gc,heap        ] GC(892) Survivor regions: 44->42(77)
[5902.124s][info][gc,heap        ] GC(892) Old regions: 259->267
[5902.124s][info][gc,heap        ] GC(892) Humongous regions: 33->33
[5902.124s][info][gc,metaspace   ] GC(892) Metaspace: 30020K(30528K)->30020K(30528K) NonClass: 26619K(26880K)->26619K(26880K) Class: 3400K(3648K)->3400K(3648K)
[5902.124s][info][gc             ] GC(892) Pause Young (Normal) (G1 Evacuation Pause) 7231M->2717M(8192M) 148.361ms
[5902.124s][info][gc,cpu         ] GC(892) User=1.17s Sys=0.00s Real=0.14s
....[5905.925s][info][gc,start       ] GC(893) Pause Young (Normal) (G1 Evacuation Pause)
[5905.925s][info][gc,task        ] GC(893) Using 8 workers of 8 for evacuation
[5906.074s][info][gc,phases      ] GC(893)   Pre Evacuate Collection Set: 0.22ms
[5906.074s][info][gc,phases      ] GC(893)   Merge Heap Roots: 0.54ms
[5906.074s][info][gc,phases      ] GC(893)   Evacuate Collection Set: 146.94ms
[5906.074s][info][gc,phases      ] GC(893)   Post Evacuate Collection Set: 1.07ms
[5906.074s][info][gc,phases      ] GC(893)   Other: 0.06ms
[5906.074s][info][gc,heap        ] GC(893) Eden regions: 572->0(571)
[5906.074s][info][gc,heap        ] GC(893) Survivor regions: 42->43(77)
[5906.074s][info][gc,heap        ] GC(893) Old regions: 267->274
[5906.074s][info][gc,heap        ] GC(893) Humongous regions: 33->33
[5906.074s][info][gc,metaspace   ] GC(893) Metaspace: 30020K(30528K)->30020K(30528K) NonClass: 26619K(26880K)->26619K(26880K) Class: 3400K(3648K)->3400K(3648K)
[5906.074s][info][gc             ] GC(893) Pause Young (Normal) (G1 Evacuation Pause) 7293M->2783M(8192M) 148.982ms
[5906.074s][info][gc,cpu         ] GC(893) User=1.17s Sys=0.00s Real=0.15s
....[5909.866s][info][gc,start       ] GC(894) Pause Young (Normal) (G1 Evacuation Pause)
[5909.866s][info][gc,task        ] GC(894) Using 8 workers of 8 for evacuation
[5910.022s][info][gc,phases      ] GC(894)   Pre Evacuate Collection Set: 0.24ms
[5910.022s][info][gc,phases      ] GC(894)   Merge Heap Roots: 0.59ms
[5910.022s][info][gc,phases      ] GC(894)   Evacuate Collection Set: 153.45ms
[5910.022s][info][gc,phases      ] GC(894)   Post Evacuate Collection Set: 1.04ms
[5910.022s][info][gc,phases      ] GC(894)   Other: 0.07ms
[5910.022s][info][gc,heap        ] GC(894) Eden regions: 571->0(570)
[5910.022s][info][gc,heap        ] GC(894) Survivor regions: 43->44(77)
[5910.022s][info][gc,heap        ] GC(894) Old regions: 274->281
[5910.022s][info][gc,heap        ] GC(894) Humongous regions: 33->33
[5910.022s][info][gc,metaspace   ] GC(894) Metaspace: 30020K(30528K)->30020K(30528K) NonClass: 26619K(26880K)->26619K(26880K) Class: 3400K(3648K)->3400K(3648K)
[5910.022s][info][gc             ] GC(894) Pause Young (Normal) (G1 Evacuation Pause) 7351M->2847M(8192M) 155.541ms
[5910.022s][info][gc,cpu         ] GC(894) User=1.23s Sys=0.01s Real=0.15s
...[5913.656s][info][gc,start       ] GC(895) Pause Young (Normal) (G1 Evacuation Pause)
[5913.656s][info][gc,task        ] GC(895) Using 8 workers of 8 for evacuation
[5913.809s][info][gc,phases      ] GC(895)   Pre Evacuate Collection Set: 0.24ms
[5913.809s][info][gc,phases      ] GC(895)   Merge Heap Roots: 0.53ms
[5913.809s][info][gc,phases      ] GC(895)   Evacuate Collection Set: 151.16ms
[5913.809s][info][gc,phases      ] GC(895)   Post Evacuate Collection Set: 1.02ms
[5913.809s][info][gc,phases      ] GC(895)   Other: 0.07ms
[5913.809s][info][gc,heap        ] GC(895) Eden regions: 570->0(565)
[5913.809s][info][gc,heap        ] GC(895) Survivor regions: 44->43(77)
[5913.809s][info][gc,heap        ] GC(895) Old regions: 281->288
[5913.809s][info][gc,heap        ] GC(895) Humongous regions: 33->33
[5913.809s][info][gc,metaspace   ] GC(895) Metaspace: 30020K(30528K)->30020K(30528K) NonClass: 26619K(26880K)->26619K(26880K) Class: 3400K(3648K)->3400K(3648K)
[5913.809s][info][gc             ] GC(895) Pause Young (Normal) (G1 Evacuation Pause) 7407M->2896M(8192M) 153.143ms
[5913.809s][info][gc,cpu         ] GC(895) User=1.21s Sys=0.00s Real=0.16s
....[5917.494s][info][gc,start       ] GC(896) Pause Young (Normal) (G1 Evacuation Pause)
[5917.494s][info][gc,task        ] GC(896) Using 8 workers of 8 for evacuation
[5917.652s][info][gc,phases      ] GC(896)   Pre Evacuate Collection Set: 0.22ms
[5917.652s][info][gc,phases      ] GC(896)   Merge Heap Roots: 0.54ms
[5917.652s][info][gc,phases      ] GC(896)   Evacuate Collection Set: 155.18ms
[5917.652s][info][gc,phases      ] GC(896)   Post Evacuate Collection Set: 1.08ms
[5917.652s][info][gc,phases      ] GC(896)   Other: 0.07ms
[5917.652s][info][gc,heap        ] GC(896) Eden regions: 565->0(554)
[5917.652s][info][gc,heap        ] GC(896) Survivor regions: 43->45(76)
[5917.652s][info][gc,heap        ] GC(896) Old regions: 288->295
[5917.652s][info][gc,heap        ] GC(896) Humongous regions: 33->33
[5917.652s][info][gc,metaspace   ] GC(896) Metaspace: 30020K(30528K)->30020K(30528K) NonClass: 26619K(26880K)->26619K(26880K) Class: 3400K(3648K)->3400K(3648K)
[5917.652s][info][gc             ] GC(896) Pause Young (Normal) (G1 Evacuation Pause) 7416M->2966M(8192M) 157.223ms
[5917.652s][info][gc,cpu         ] GC(896) User=1.25s Sys=0.00s Real=0.16s
. (rIR:aIR:PR = 9686:9739:9729) (tPR = 145166) [OK] 
  5917s: Performance info:
         Transaction,    Success,    Partial,     Failed,   Receipts, AvgBarcode, 
             Overall,     586001,          0,          0,     556780,      59.48, 
         Response times:
             Request,    Success,    Partial,     Failed,   SkipFail,     Probes,    Samples,      min,      p50,      p90,      p95,      p99,      max, 
       TotalPurchase,     557416,          0,          0,          0,     357494,     409500,      300,     6800,    25000,    57000,   111000,   546000,
     InStorePurchase,     293114,          0,          0,          0,     187644,     214766,      300,     6700,    25000,    56000,   110000,   546000,
      OnlinePurchase,     205606,          0,          0,          0,     132120,     150963,      300,     6800,    25000,    58000,   110000,   546000,
        InstPurchase,      58696,          0,          0,          0,      37730,      43771,      400,     7000,    25000,    58000,   116000,   535000,
          AssocOfCat,        582,          0,          0,          0,        479,        642,    29000,    51500,   112000,   144550,   214700,   236000,
      AssocOfProduct,       5921,          0,          0,          0,       4355,       5214,      700,     6400,    24000,    58000,   101850,   544000,
      BusinessReport,       1454,          0,          0,          0,       1283,       1601,    33000,    59000,    95800,   134000,   223980,   301000,
          CustBuyBeh,       5821,          0,          0,          0,       4284,       5129,      300,     6500,    26000,    55500,    94700,   545000,
       ProductReturn,      15429,          0,          0,          0,      10080,      11784,      400,     6900,    28000,    65000,   143000,   519000,

  5917s: (71%)   IR =   9824 ...[5921.347s][info][gc,start       ] GC(897) Pause Young (Normal) (G1 Evacuation Pause)
[5921.347s][info][gc,task        ] GC(897) Using 8 workers of 8 for evacuation
[5921.504s][info][gc,phases      ] GC(897)   Pre Evacuate Collection Set: 0.22ms
[5921.504s][info][gc,phases      ] GC(897)   Merge Heap Roots: 0.55ms
[5921.504s][info][gc,phases      ] GC(897)   Evacuate Collection Set: 155.46ms
[5921.504s][info][gc,phases      ] GC(897)   Post Evacuate Collection Set: 1.08ms
[5921.504s][info][gc,phases      ] GC(897)   Other: 0.06ms
[5921.504s][info][gc,heap        ] GC(897) Eden regions: 554->0(548)
[5921.504s][info][gc,heap        ] GC(897) Survivor regions: 45->44(75)
[5921.504s][info][gc,heap        ] GC(897) Old regions: 295->303
[5921.504s][info][gc,heap        ] GC(897) Humongous regions: 33->33
[5921.504s][info][gc,metaspace   ] GC(897) Metaspace: 30020K(30528K)->30020K(30528K) NonClass: 26619K(26880K)->26619K(26880K) Class: 3400K(3648K)->3400K(3648K)
[5921.504s][info][gc             ] GC(897) Pause Young (Normal) (G1 Evacuation Pause) 7398M->3025M(8192M) 157.502ms
[5921.505s][info][gc,cpu         ] GC(897) User=1.25s Sys=0.00s Real=0.15s
....[5925.102s][info][gc,start       ] GC(898) Pause Young (Concurrent Start) (G1 Evacuation Pause)
[5925.102s][info][gc,task        ] GC(898) Using 8 workers of 8 for evacuation
[5925.251s][info][gc,phases      ] GC(898)   Pre Evacuate Collection Set: 0.27ms
[5925.251s][info][gc,phases      ] GC(898)   Merge Heap Roots: 0.61ms
[5925.251s][info][gc,phases      ] GC(898)   Evacuate Collection Set: 147.67ms
[5925.251s][info][gc,phases      ] GC(898)   Post Evacuate Collection Set: 1.02ms
[5925.252s][info][gc,phases      ] GC(898)   Other: 0.10ms
[5925.252s][info][gc,heap        ] GC(898) Eden regions: 548->0(543)
[5925.252s][info][gc,heap        ] GC(898) Survivor regions: 44->43(74)
[5925.252s][info][gc,heap        ] GC(898) Old regions: 303->310
[5925.252s][info][gc,heap        ] GC(898) Humongous regions: 33->33
[5925.252s][info][gc,metaspace   ] GC(898) Metaspace: 30020K(30528K)->30020K(30528K) NonClass: 26619K(26880K)->26619K(26880K) Class: 3400K(3648K)->3400K(3648K)
[5925.252s][info][gc             ] GC(898) Pause Young (Concurrent Start) (G1 Evacuation Pause) 7409M->3071M(8192M) 149.816ms
[5925.252s][info][gc,cpu         ] GC(898) User=1.18s Sys=0.00s Real=0.15s
[5925.252s][info][gc             ] GC(899) Concurrent Mark Cycle
[5925.252s][info][gc,marking     ] GC(899) Concurrent Scan Root Regions
[5925.698s][info][gc,marking     ] GC(899) Concurrent Scan Root Regions 446.345ms
[5925.698s][info][gc,marking     ] GC(899) Concurrent Mark
[5925.698s][info][gc,marking     ] GC(899) Concurrent Mark From Roots
[5925.698s][info][gc,task        ] GC(899) Using 2 workers of 2 for marking
.[5926.928s][info][gc,marking     ] GC(899) Concurrent Mark From Roots 1230.358ms
[5926.929s][info][gc,marking     ] GC(899) Concurrent Preclean
[5926.929s][info][gc,marking     ] GC(899) Concurrent Preclean 0.152ms
[5926.929s][info][gc,start       ] GC(899) Pause Remark
[5926.930s][info][gc             ] GC(899) Pause Remark 5055M->4567M(8192M) 1.423ms
[5926.930s][info][gc,cpu         ] GC(899) User=0.01s Sys=0.00s Real=0.00s
[5926.930s][info][gc,marking     ] GC(899) Concurrent Mark 1232.207ms
[5926.930s][info][gc,marking     ] GC(899) Concurrent Rebuild Remembered Sets and Scrub Regions
.[5927.527s][info][gc,marking     ] GC(899) Concurrent Rebuild Remembered Sets and Scrub Regions 596.282ms
[5927.527s][info][gc,start       ] GC(899) Pause Cleanup
[5927.527s][info][gc             ] GC(899) Pause Cleanup 5287M->5287M(8192M) 0.257ms
[5927.527s][info][gc,cpu         ] GC(899) User=0.00s Sys=0.00s Real=0.00s
[5927.527s][info][gc,marking     ] GC(899) Concurrent Clear Claimed Marks
[5927.527s][info][gc,marking     ] GC(899) Concurrent Clear Claimed Marks 0.047ms
[5927.527s][info][gc,marking     ] GC(899) Concurrent Cleanup for Next Mark
[5927.537s][info][gc,marking     ] GC(899) Concurrent Cleanup for Next Mark 9.478ms
[5927.537s][info][gc             ] GC(899) Concurrent Mark Cycle 2285.032ms
.[5928.904s][info][gc,start       ] GC(900) Pause Young (Prepare Mixed) (G1 Evacuation Pause)
[5928.904s][info][gc,task        ] GC(900) Using 8 workers of 8 for evacuation
[5929.065s][info][gc,phases      ] GC(900)   Pre Evacuate Collection Set: 0.22ms
[5929.065s][info][gc,phases      ] GC(900)   Merge Heap Roots: 0.86ms
[5929.065s][info][gc,phases      ] GC(900)   Evacuate Collection Set: 158.29ms
[5929.065s][info][gc,phases      ] GC(900)   Post Evacuate Collection Set: 1.15ms
[5929.065s][info][gc,phases      ] GC(900)   Other: 0.07ms
[5929.065s][info][gc,heap        ] GC(900) Eden regions: 543->0(570)
[5929.065s][info][gc,heap        ] GC(900) Survivor regions: 43->44(74)
[5929.065s][info][gc,heap        ] GC(900) Old regions: 249->257
[5929.065s][info][gc,heap        ] GC(900) Humongous regions: 33->33
[5929.065s][info][gc,metaspace   ] GC(900) Metaspace: 30020K(30528K)->30020K(30528K) NonClass: 26619K(26880K)->26619K(26880K) Class: 3400K(3648K)->3400K(3648K)
[5929.065s][info][gc             ] GC(900) Pause Young (Prepare Mixed) (G1 Evacuation Pause) 6927M->2654M(8192M) 160.726ms
[5929.065s][info][gc,cpu         ] GC(900) User=1.27s Sys=0.00s Real=0.16s
....[5932.703s][info][gc,start       ] GC(901) Pause Young (Mixed) (G1 Evacuation Pause)
[5932.703s][info][gc,task        ] GC(901) Using 8 workers of 8 for evacuation
[5932.861s][info][gc,phases      ] GC(901)   Pre Evacuate Collection Set: 0.26ms
[5932.861s][info][gc,phases      ] GC(901)   Merge Heap Roots: 0.82ms
[5932.861s][info][gc,phases      ] GC(901)   Evacuate Collection Set: 154.90ms
[5932.861s][info][gc,phases      ] GC(901)   Post Evacuate Collection Set: 1.29ms
[5932.861s][info][gc,phases      ] GC(901)   Other: 0.07ms
[5932.861s][info][gc,heap        ] GC(901) Eden regions: 570->0(571)
[5932.861s][info][gc,heap        ] GC(901) Survivor regions: 44->43(77)
[5932.861s][info][gc,heap        ] GC(901) Old regions: 257->162
[5932.861s][info][gc,heap        ] GC(901) Humongous regions: 33->33
[5932.861s][info][gc,metaspace   ] GC(901) Metaspace: 30020K(30528K)->30020K(30528K) NonClass: 26619K(26880K)->26619K(26880K) Class: 3400K(3648K)->3400K(3648K)
[5932.861s][info][gc             ] GC(901) Pause Young (Mixed) (G1 Evacuation Pause) 7214M->1886M(8192M) 157.481ms
[5932.861s][info][gc,cpu         ] GC(901) User=1.25s Sys=0.00s Real=0.16s
....[5936.657s][info][gc,start       ] GC(902) Pause Young (Mixed) (G1 Evacuation Pause)
[5936.657s][info][gc,task        ] GC(902) Using 8 workers of 8 for evacuation
[5936.818s][info][gc,phases      ] GC(902)   Pre Evacuate Collection Set: 0.24ms
[5936.818s][info][gc,phases      ] GC(902)   Merge Heap Roots: 0.81ms
[5936.818s][info][gc,phases      ] GC(902)   Evacuate Collection Set: 158.38ms
[5936.818s][info][gc,phases      ] GC(902)   Post Evacuate Collection Set: 1.07ms
[5936.818s][info][gc,phases      ] GC(902)   Other: 0.06ms
[5936.818s][info][gc,heap        ] GC(902) Eden regions: 571->0(571)
[5936.818s][info][gc,heap        ] GC(902) Survivor regions: 43->43(77)
[5936.818s][info][gc,heap        ] GC(902) Old regions: 162->144
[5936.818s][info][gc,heap        ] GC(902) Humongous regions: 33->33
[5936.818s][info][gc,metaspace   ] GC(902) Metaspace: 30020K(30528K)->30020K(30528K) NonClass: 26619K(26880K)->26619K(26880K) Class: 3400K(3648K)->3400K(3648K)
[5936.818s][info][gc             ] GC(902) Pause Young (Mixed) (G1 Evacuation Pause) 6454M->1738M(8192M) 160.695ms
[5936.818s][info][gc,cpu         ] GC(902) User=1.27s Sys=0.00s Real=0.16s
....[5940.613s][info][gc,start       ] GC(903) Pause Young (Normal) (G1 Evacuation Pause)
[5940.613s][info][gc,task        ] GC(903) Using 8 workers of 8 for evacuation
[5940.771s][info][gc,phases      ] GC(903)   Pre Evacuate Collection Set: 0.21ms
[5940.771s][info][gc,phases      ] GC(903)   Merge Heap Roots: 0.54ms
[5940.771s][info][gc,phases      ] GC(903)   Evacuate Collection Set: 155.63ms
[5940.771s][info][gc,phases      ] GC(903)   Post Evacuate Collection Set: 1.04ms
[5940.771s][info][gc,phases      ] GC(903)   Other: 0.06ms
[5940.771s][info][gc,heap        ] GC(903) Eden regions: 571->0(570)
[5940.771s][info][gc,heap        ] GC(903) Survivor regions: 43->44(77)
[5940.771s][info][gc,heap        ] GC(903) Old regions: 144->151
[5940.771s][info][gc,heap        ] GC(903) Humongous regions: 33->33
[5940.771s][info][gc,metaspace   ] GC(903) Metaspace: 30020K(30528K)->30020K(30528K) NonClass: 26619K(26880K)->26619K(26880K) Class: 3400K(3648K)->3400K(3648K)
[5940.771s][info][gc             ] GC(903) Pause Young (Normal) (G1 Evacuation Pause) 6306M->1806M(8192M) 157.631ms
[5940.771s][info][gc,cpu         ] GC(903) User=1.24s Sys=0.00s Real=0.16s
....|[5944.495s][info][gc,start       ] GC(904) Pause Young (Normal) (G1 Evacuation Pause)
[5944.495s][info][gc,task        ] GC(904) Using 8 workers of 8 for evacuation
[5944.647s][info][gc,phases      ] GC(904)   Pre Evacuate Collection Set: 0.22ms
[5944.647s][info][gc,phases      ] GC(904)   Merge Heap Roots: 0.52ms
[5944.647s][info][gc,phases      ] GC(904)   Evacuate Collection Set: 150.15ms
[5944.647s][info][gc,phases      ] GC(904)   Post Evacuate Collection Set: 1.03ms
[5944.647s][info][gc,phases      ] GC(904)   Other: 0.07ms
[5944.647s][info][gc,heap        ] GC(904) Eden regions: 570->0(571)
[5944.647s][info][gc,heap        ] GC(904) Survivor regions: 44->43(77)
[5944.647s][info][gc,heap        ] GC(904) Old regions: 151->158
[5944.647s][info][gc,heap        ] GC(904) Humongous regions: 33->33
[5944.647s][info][gc,metaspace   ] GC(904) Metaspace: 30020K(30528K)->30020K(30528K) NonClass: 26619K(26880K)->26619K(26880K) Class: 3400K(3648K)->3400K(3648K)
[5944.647s][info][gc             ] GC(904) Pause Young (Normal) (G1 Evacuation Pause) 6366M->1851M(8192M) 152.112ms
[5944.647s][info][gc,cpu         ] GC(904) User=1.20s Sys=0.00s Real=0.16s
....[5948.346s][info][gc,start       ] GC(905) Pause Young (Normal) (G1 Evacuation Pause)
[5948.346s][info][gc,task        ] GC(905) Using 8 workers of 8 for evacuation
[5948.497s][info][gc,phases      ] GC(905)   Pre Evacuate Collection Set: 0.23ms
[5948.497s][info][gc,phases      ] GC(905)   Merge Heap Roots: 0.56ms
[5948.497s][info][gc,phases      ] GC(905)   Evacuate Collection Set: 148.69ms
[5948.497s][info][gc,phases      ] GC(905)   Post Evacuate Collection Set: 1.04ms
[5948.497s][info][gc,phases      ] GC(905)   Other: 0.07ms
[5948.497s][info][gc,heap        ] GC(905) Eden regions: 571->0(571)
[5948.497s][info][gc,heap        ] GC(905) Survivor regions: 43->43(77)
[5948.497s][info][gc,heap        ] GC(905) Old regions: 158->165
[5948.497s][info][gc,heap        ] GC(905) Humongous regions: 33->33
[5948.497s][info][gc,metaspace   ] GC(905) Metaspace: 30020K(30528K)->30020K(30528K) NonClass: 26619K(26880K)->26619K(26880K) Class: 3400K(3648K)->3400K(3648K)
[5948.497s][info][gc             ] GC(905) Pause Young (Normal) (G1 Evacuation Pause) 6419M->1907M(8192M) 150.732ms
[5948.497s][info][gc,cpu         ] GC(905) User=1.19s Sys=0.00s Real=0.15s
....[5952.146s][info][gc,start       ] GC(906) Pause Young (Normal) (G1 Evacuation Pause)
[5952.146s][info][gc,task        ] GC(906) Using 8 workers of 8 for evacuation
[5952.304s][info][gc,phases      ] GC(906)   Pre Evacuate Collection Set: 0.21ms
[5952.304s][info][gc,phases      ] GC(906)   Merge Heap Roots: 0.54ms
[5952.304s][info][gc,phases      ] GC(906)   Evacuate Collection Set: 156.28ms
[5952.304s][info][gc,phases      ] GC(906)   Post Evacuate Collection Set: 1.03ms
[5952.304s][info][gc,phases      ] GC(906)   Other: 0.06ms
[5952.304s][info][gc,heap        ] GC(906) Eden regions: 571->0(570)
[5952.304s][info][gc,heap        ] GC(906) Survivor regions: 43->44(77)
[5952.304s][info][gc,heap        ] GC(906) Old regions: 165->172
[5952.304s][info][gc,heap        ] GC(906) Humongous regions: 33->33
[5952.304s][info][gc,metaspace   ] GC(906) Metaspace: 30020K(30528K)->30020K(30528K) NonClass: 26619K(26880K)->26619K(26880K) Class: 3400K(3648K)->3400K(3648K)
[5952.304s][info][gc             ] GC(906) Pause Young (Normal) (G1 Evacuation Pause) 6475M->1977M(8192M) 158.248ms
[5952.304s][info][gc,cpu         ] GC(906) User=1.26s Sys=0.00s Real=0.15s
...[5956.084s][info][gc,start       ] GC(907) Pause Young (Normal) (G1 Evacuation Pause)
[5956.084s][info][gc,task        ] GC(907) Using 8 workers of 8 for evacuation
[5956.235s][info][gc,phases      ] GC(907)   Pre Evacuate Collection Set: 0.22ms
[5956.235s][info][gc,phases      ] GC(907)   Merge Heap Roots: 0.53ms
[5956.235s][info][gc,phases      ] GC(907)   Evacuate Collection Set: 149.17ms
[5956.235s][info][gc,phases      ] GC(907)   Post Evacuate Collection Set: 1.02ms
[5956.235s][info][gc,phases      ] GC(907)   Other: 0.06ms
[5956.235s][info][gc,heap        ] GC(907) Eden regions: 570->0(571)
[5956.235s][info][gc,heap        ] GC(907) Survivor regions: 44->43(77)
[5956.235s][info][gc,heap        ] GC(907) Old regions: 172->179
[5956.235s][info][gc,heap        ] GC(907) Humongous regions: 33->33
[5956.235s][info][gc,metaspace   ] GC(907) Metaspace: 30020K(30528K)->30020K(30528K) NonClass: 26619K(26880K)->26619K(26880K) Class: 3400K(3648K)->3400K(3648K)
[5956.235s][info][gc             ] GC(907) Pause Young (Normal) (G1 Evacuation Pause) 6537M->2026M(8192M) 151.121ms
[5956.235s][info][gc,cpu         ] GC(907) User=1.20s Sys=0.00s Real=0.15s
....[5960.032s][info][gc,start       ] GC(908) Pause Young (Normal) (G1 Evacuation Pause)
[5960.032s][info][gc,task        ] GC(908) Using 8 workers of 8 for evacuation
[5960.188s][info][gc,phases      ] GC(908)   Pre Evacuate Collection Set: 0.23ms
[5960.188s][info][gc,phases      ] GC(908)   Merge Heap Roots: 0.52ms
[5960.188s][info][gc,phases      ] GC(908)   Evacuate Collection Set: 154.25ms
[5960.188s][info][gc,phases      ] GC(908)   Post Evacuate Collection Set: 1.05ms
[5960.188s][info][gc,phases      ] GC(908)   Other: 0.06ms
[5960.188s][info][gc,heap        ] GC(908) Eden regions: 571->0(570)
[5960.188s][info][gc,heap        ] GC(908) Survivor regions: 43->44(77)
[5960.188s][info][gc,heap        ] GC(908) Old regions: 179->187
[5960.188s][info][gc,heap        ] GC(908) Humongous regions: 33->33
[5960.188s][info][gc,metaspace   ] GC(908) Metaspace: 30020K(30528K)->30020K(30528K) NonClass: 26619K(26880K)->26619K(26880K) Class: 3400K(3648K)->3400K(3648K)
[5960.188s][info][gc             ] GC(908) Pause Young (Normal) (G1 Evacuation Pause) 6594M->2090M(8192M) 156.245ms
[5960.188s][info][gc,cpu         ] GC(908) User=1.23s Sys=0.01s Real=0.16s
....[5963.889s][info][gc,start       ] GC(909) Pause Young (Normal) (G1 Evacuation Pause)
[5963.889s][info][gc,task        ] GC(909) Using 8 workers of 8 for evacuation
[5964.037s][info][gc,phases      ] GC(909)   Pre Evacuate Collection Set: 0.23ms
[5964.037s][info][gc,phases      ] GC(909)   Merge Heap Roots: 0.53ms
[5964.037s][info][gc,phases      ] GC(909)   Evacuate Collection Set: 146.17ms
[5964.037s][info][gc,phases      ] GC(909)   Post Evacuate Collection Set: 1.04ms
[5964.037s][info][gc,phases      ] GC(909)   Other: 0.06ms
[5964.037s][info][gc,heap        ] GC(909) Eden regions: 570->0(572)
[5964.037s][info][gc,heap        ] GC(909) Survivor regions: 44->42(77)
[5964.037s][info][gc,heap        ] GC(909) Old regions: 187->194
[5964.037s][info][gc,heap        ] GC(909) Humongous regions: 33->33
[5964.037s][info][gc,metaspace   ] GC(909) Metaspace: 30020K(30528K)->30020K(30528K) NonClass: 26619K(26880K)->26619K(26880K) Class: 3400K(3648K)->3400K(3648K)
[5964.037s][info][gc             ] GC(909) Pause Young (Normal) (G1 Evacuation Pause) 6650M->2135M(8192M) 148.163ms
[5964.037s][info][gc,cpu         ] GC(909) User=1.17s Sys=0.01s Real=0.15s
....[5967.671s][info][gc,start       ] GC(910) Pause Young (Normal) (G1 Evacuation Pause)
[5967.671s][info][gc,task        ] GC(910) Using 8 workers of 8 for evacuation
[5967.824s][info][gc,phases      ] GC(910)   Pre Evacuate Collection Set: 0.20ms
[5967.825s][info][gc,phases      ] GC(910)   Merge Heap Roots: 0.56ms
[5967.825s][info][gc,phases      ] GC(910)   Evacuate Collection Set: 151.72ms
[5967.825s][info][gc,phases      ] GC(910)   Post Evacuate Collection Set: 1.04ms
[5967.825s][info][gc,phases      ] GC(910)   Other: 0.06ms
[5967.825s][info][gc,heap        ] GC(910) Eden regions: 572->0(570)
[5967.825s][info][gc,heap        ] GC(910) Survivor regions: 42->44(77)
[5967.825s][info][gc,heap        ] GC(910) Old regions: 194->201
[5967.825s][info][gc,heap        ] GC(910) Humongous regions: 33->33
[5967.825s][info][gc,metaspace   ] GC(910) Metaspace: 30020K(30528K)->30020K(30528K) NonClass: 26619K(26880K)->26619K(26880K) Class: 3400K(3648K)->3400K(3648K)
[5967.825s][info][gc             ] GC(910) Pause Young (Normal) (G1 Evacuation Pause) 6711M->2207M(8192M) 153.711ms
[5967.825s][info][gc,cpu         ] GC(910) User=1.21s Sys=0.00s Real=0.15s
....[5971.566s][info][gc,start       ] GC(911) Pause Young (Normal) (G1 Evacuation Pause)
[5971.566s][info][gc,task        ] GC(911) Using 8 workers of 8 for evacuation
[5971.718s][info][gc,phases      ] GC(911)   Pre Evacuate Collection Set: 0.25ms
[5971.718s][info][gc,phases      ] GC(911)   Merge Heap Roots: 0.55ms
[5971.718s][info][gc,phases      ] GC(911)   Evacuate Collection Set: 150.64ms
[5971.718s][info][gc,phases      ] GC(911)   Post Evacuate Collection Set: 1.05ms
[5971.718s][info][gc,phases      ] GC(911)   Other: 0.06ms
[5971.718s][info][gc,heap        ] GC(911) Eden regions: 570->0(571)
[5971.718s][info][gc,heap        ] GC(911) Survivor regions: 44->43(77)
[5971.718s][info][gc,heap        ] GC(911) Old regions: 201->208
[5971.718s][info][gc,heap        ] GC(911) Humongous regions: 33->33
[5971.718s][info][gc,metaspace   ] GC(911) Metaspace: 30020K(30528K)->30020K(30528K) NonClass: 26619K(26880K)->26619K(26880K) Class: 3400K(3648K)->3400K(3648K)
[5971.718s][info][gc             ] GC(911) Pause Young (Normal) (G1 Evacuation Pause) 6767M->2259M(8192M) 152.691ms
[5971.718s][info][gc,cpu         ] GC(911) User=1.21s Sys=0.00s Real=0.16s
....[5975.427s][info][gc,start       ] GC(912) Pause Young (Normal) (G1 Evacuation Pause)
[5975.427s][info][gc,task        ] GC(912) Using 8 workers of 8 for evacuation
[5975.578s][info][gc,phases      ] GC(912)   Pre Evacuate Collection Set: 0.23ms
[5975.578s][info][gc,phases      ] GC(912)   Merge Heap Roots: 0.55ms
[5975.579s][info][gc,phases      ] GC(912)   Evacuate Collection Set: 149.30ms
[5975.579s][info][gc,phases      ] GC(912)   Post Evacuate Collection Set: 1.07ms
[5975.579s][info][gc,phases      ] GC(912)   Other: 0.06ms
[5975.579s][info][gc,heap        ] GC(912) Eden regions: 571->0(571)
[5975.579s][info][gc,heap        ] GC(912) Survivor regions: 43->43(77)
[5975.579s][info][gc,heap        ] GC(912) Old regions: 208->215
[5975.579s][info][gc,heap        ] GC(912) Humongous regions: 33->33
[5975.579s][info][gc,metaspace   ] GC(912) Metaspace: 30020K(30528K)->30020K(30528K) NonClass: 26619K(26880K)->26619K(26880K) Class: 3400K(3648K)->3400K(3648K)
[5975.579s][info][gc             ] GC(912) Pause Young (Normal) (G1 Evacuation Pause) 6827M->2314M(8192M) 151.344ms
[5975.579s][info][gc,cpu         ] GC(912) User=1.20s Sys=0.00s Real=0.15s
....[5979.376s][info][gc,start       ] GC(913) Pause Young (Normal) (G1 Evacuation Pause)
[5979.376s][info][gc,task        ] GC(913) Using 8 workers of 8 for evacuation
[5979.526s][info][gc,phases      ] GC(913)   Pre Evacuate Collection Set: 0.23ms
[5979.526s][info][gc,phases      ] GC(913)   Merge Heap Roots: 0.54ms
[5979.526s][info][gc,phases      ] GC(913)   Evacuate Collection Set: 148.45ms
[5979.526s][info][gc,phases      ] GC(913)   Post Evacuate Collection Set: 1.06ms
[5979.526s][info][gc,phases      ] GC(913)   Other: 0.07ms
[5979.526s][info][gc,heap        ] GC(913) Eden regions: 571->0(571)
[5979.526s][info][gc,heap        ] GC(913) Survivor regions: 43->43(77)
[5979.526s][info][gc,heap        ] GC(913) Old regions: 215->222
[5979.526s][info][gc,heap        ] GC(913) Humongous regions: 33->33
[5979.526s][info][gc,metaspace   ] GC(913) Metaspace: 30020K(30528K)->30020K(30528K) NonClass: 26619K(26880K)->26619K(26880K) Class: 3400K(3648K)->3400K(3648K)
[5979.526s][info][gc             ] GC(913) Pause Young (Normal) (G1 Evacuation Pause) 6882M->2370M(8192M) 150.478ms
[5979.526s][info][gc,cpu         ] GC(913) User=1.19s Sys=0.00s Real=0.16s
....[5983.281s][info][gc,start       ] GC(914) Pause Young (Normal) (G1 Evacuation Pause)
[5983.281s][info][gc,task        ] GC(914) Using 8 workers of 8 for evacuation
[5983.430s][info][gc,phases      ] GC(914)   Pre Evacuate Collection Set: 0.28ms
[5983.430s][info][gc,phases      ] GC(914)   Merge Heap Roots: 0.59ms
[5983.430s][info][gc,phases      ] GC(914)   Evacuate Collection Set: 147.55ms
[5983.430s][info][gc,phases      ] GC(914)   Post Evacuate Collection Set: 1.06ms
[5983.430s][info][gc,phases      ] GC(914)   Other: 0.07ms
[5983.430s][info][gc,heap        ] GC(914) Eden regions: 571->0(571)
[5983.430s][info][gc,heap        ] GC(914) Survivor regions: 43->43(77)
[5983.430s][info][gc,heap        ] GC(914) Old regions: 222->229
[5983.430s][info][gc,heap        ] GC(914) Humongous regions: 33->33
[5983.430s][info][gc,metaspace   ] GC(914) Metaspace: 30020K(30528K)->30020K(30528K) NonClass: 26619K(26880K)->26619K(26880K) Class: 3400K(3648K)->3400K(3648K)
[5983.430s][info][gc             ] GC(914) Pause Young (Normal) (G1 Evacuation Pause) 6938M->2423M(8192M) 149.681ms
[5983.430s][info][gc,cpu         ] GC(914) User=1.19s Sys=0.00s Real=0.15s
...[5987.162s][info][gc,start       ] GC(915) Pause Young (Normal) (G1 Evacuation Pause)
[5987.162s][info][gc,task        ] GC(915) Using 8 workers of 8 for evacuation
[5987.312s][info][gc,phases      ] GC(915)   Pre Evacuate Collection Set: 0.25ms
[5987.312s][info][gc,phases      ] GC(915)   Merge Heap Roots: 0.65ms
[5987.312s][info][gc,phases      ] GC(915)   Evacuate Collection Set: 148.27ms
[5987.312s][info][gc,phases      ] GC(915)   Post Evacuate Collection Set: 1.05ms
[5987.312s][info][gc,phases      ] GC(915)   Other: 0.06ms
[5987.312s][info][gc,heap        ] GC(915) Eden regions: 571->0(570)
[5987.312s][info][gc,heap        ] GC(915) Survivor regions: 43->44(77)
[5987.312s][info][gc,heap        ] GC(915) Old regions: 229->237
[5987.312s][info][gc,heap        ] GC(915) Humongous regions: 33->33
[5987.312s][info][gc,metaspace   ] GC(915) Metaspace: 30020K(30528K)->30020K(30528K) NonClass: 26619K(26880K)->26619K(26880K) Class: 3400K(3648K)->3400K(3648K)
[5987.312s][info][gc             ] GC(915) Pause Young (Normal) (G1 Evacuation Pause) 6991M->2490M(8192M) 150.443ms
[5987.312s][info][gc,cpu         ] GC(915) User=1.19s Sys=0.00s Real=0.15s
....[5991.192s][info][gc,start       ] GC(916) Pause Young (Normal) (G1 Evacuation Pause)
[5991.192s][info][gc,task        ] GC(916) Using 8 workers of 8 for evacuation
[5991.348s][info][gc,phases      ] GC(916)   Pre Evacuate Collection Set: 0.21ms
[5991.348s][info][gc,phases      ] GC(916)   Merge Heap Roots: 0.53ms
[5991.348s][info][gc,phases      ] GC(916)   Evacuate Collection Set: 154.06ms
[5991.348s][info][gc,phases      ] GC(916)   Post Evacuate Collection Set: 1.04ms
[5991.348s][info][gc,phases      ] GC(916)   Other: 0.07ms
[5991.348s][info][gc,heap        ] GC(916) Eden regions: 570->0(570)
[5991.348s][info][gc,heap        ] GC(916) Survivor regions: 44->44(77)
[5991.348s][info][gc,heap        ] GC(916) Old regions: 237->244
[5991.348s][info][gc,heap        ] GC(916) Humongous regions: 33->33
[5991.348s][info][gc,metaspace   ] GC(916) Metaspace: 30020K(30528K)->30020K(30528K) NonClass: 26619K(26880K)->26619K(26880K) Class: 3400K(3648K)->3400K(3648K)
[5991.348s][info][gc             ] GC(916) Pause Young (Normal) (G1 Evacuation Pause) 7050M->2553M(8192M) 156.033ms
[5991.348s][info][gc,cpu         ] GC(916) User=1.23s Sys=0.00s Real=0.16s
....[5995.045s][info][gc,start       ] GC(917) Pause Young (Normal) (G1 Evacuation Pause)
[5995.045s][info][gc,task        ] GC(917) Using 8 workers of 8 for evacuation
[5995.194s][info][gc,phases      ] GC(917)   Pre Evacuate Collection Set: 0.22ms
[5995.194s][info][gc,phases      ] GC(917)   Merge Heap Roots: 0.54ms
[5995.194s][info][gc,phases      ] GC(917)   Evacuate Collection Set: 147.62ms
[5995.194s][info][gc,phases      ] GC(917)   Post Evacuate Collection Set: 1.07ms
[5995.194s][info][gc,phases      ] GC(917)   Other: 0.06ms
[5995.194s][info][gc,heap        ] GC(917) Eden regions: 570->0(571)
[5995.194s][info][gc,heap        ] GC(917) Survivor regions: 44->43(77)
[5995.194s][info][gc,heap        ] GC(917) Old regions: 244->251
[5995.194s][info][gc,heap        ] GC(917) Humongous regions: 33->33
[5995.194s][info][gc,metaspace   ] GC(917) Metaspace: 30020K(30528K)->30020K(30528K) NonClass: 26619K(26880K)->26619K(26880K) Class: 3400K(3648K)->3400K(3648K)
[5995.194s][info][gc             ] GC(917) Pause Young (Normal) (G1 Evacuation Pause) 7113M->2599M(8192M) 149.648ms
[5995.194s][info][gc,cpu         ] GC(917) User=1.18s Sys=0.00s Real=0.15s
....[5998.956s][info][gc,start       ] GC(918) Pause Young (Normal) (G1 Evacuation Pause)
[5998.956s][info][gc,task        ] GC(918) Using 8 workers of 8 for evacuation
[5999.102s][info][gc,phases      ] GC(918)   Pre Evacuate Collection Set: 0.25ms
[5999.102s][info][gc,phases      ] GC(918)   Merge Heap Roots: 0.54ms
[5999.102s][info][gc,phases      ] GC(918)   Evacuate Collection Set: 144.46ms
[5999.102s][info][gc,phases      ] GC(918)   Post Evacuate Collection Set: 1.01ms
[5999.102s][info][gc,phases      ] GC(918)   Other: 0.06ms
[5999.102s][info][gc,heap        ] GC(918) Eden regions: 571->0(572)
[5999.102s][info][gc,heap        ] GC(918) Survivor regions: 43->42(77)
[5999.102s][info][gc,heap        ] GC(918) Old regions: 251->258
[5999.102s][info][gc,heap        ] GC(918) Humongous regions: 33->33
[5999.102s][info][gc,metaspace   ] GC(918) Metaspace: 30020K(30528K)->30020K(30528K) NonClass: 26619K(26880K)->26619K(26880K) Class: 3400K(3648K)->3400K(3648K)
[5999.102s][info][gc             ] GC(918) Pause Young (Normal) (G1 Evacuation Pause) 7167M->2651M(8192M) 146.454ms
[5999.102s][info][gc,cpu         ] GC(918) User=1.16s Sys=0.00s Real=0.14s
....[6002.916s][info][gc,start       ] GC(919) Pause Young (Normal) (G1 Evacuation Pause)
[6002.916s][info][gc,task        ] GC(919) Using 8 workers of 8 for evacuation
[6003.068s][info][gc,phases      ] GC(919)   Pre Evacuate Collection Set: 0.25ms
[6003.068s][info][gc,phases      ] GC(919)   Merge Heap Roots: 0.53ms
[6003.068s][info][gc,phases      ] GC(919)   Evacuate Collection Set: 149.37ms
[6003.068s][info][gc,phases      ] GC(919)   Post Evacuate Collection Set: 1.03ms
[6003.068s][info][gc,phases      ] GC(919)   Other: 0.08ms
[6003.068s][info][gc,heap        ] GC(919) Eden regions: 572->0(571)
[6003.068s][info][gc,heap        ] GC(919) Survivor regions: 42->43(77)
[6003.068s][info][gc,heap        ] GC(919) Old regions: 258->265
[6003.068s][info][gc,heap        ] GC(919) Humongous regions: 33->33
[6003.068s][info][gc,metaspace   ] GC(919) Metaspace: 30020K(30528K)->30020K(30528K) NonClass: 26619K(26880K)->26619K(26880K) Class: 3400K(3648K)->3400K(3648K)
[6003.068s][info][gc             ] GC(919) Pause Young (Normal) (G1 Evacuation Pause) 7227M->2710M(8192M) 151.405ms
[6003.068s][info][gc,cpu         ] GC(919) User=1.19s Sys=0.00s Real=0.15s
.. (rIR:aIR:PR = 9824:9826:9829) (tPR = 144752) [OK] 
  6004s: Performance info:
         Transaction,    Success,    Partial,     Failed,   Receipts, AvgBarcode, 
             Overall,     592231,          0,          0,     562603,      59.47, 
         Response times:
             Request,    Success,    Partial,     Failed,   SkipFail,     Probes,    Samples,      min,      p50,      p90,      p95,      p99,      max, 
       TotalPurchase,     562488,          0,          0,          0,     358805,     522902,      300,     6800,    32000,    70000,   142000,   830000,
     InStorePurchase,     297310,          0,          0,          0,     188593,     275095,      300,     6700,    32000,    72000,   142000,   780000,
      OnlinePurchase,     205574,          0,          0,          0,     132748,     192879,      300,     6800,    32000,    69000,   142000,   830000,
        InstPurchase,      59604,          0,          0,          0,      37464,      54928,      500,     6800,    33000,    69000,   138000,   780000,
          AssocOfCat,        593,          0,          0,          0,        485,        837,    30000,    52000,    98000,   139100,   211860,   229000,
      AssocOfProduct,       5880,          0,          0,          0,       4382,       6763,      700,     6800,    30000,    68000,   135720,   302000,
      BusinessReport,       1475,          0,          0,          0,       1328,       2111,    31000,    60000,   113000,   166000,   232880,   389000,
          CustBuyBeh,       5878,          0,          0,          0,       4468,       6762,      300,     6500,    32000,    70000,   153370,   830000,
       ProductReturn,      15758,          0,          0,          0,       9178,      13589,      200,     6400,    30000,    65000,   132000,   830000,

  6004s: (72%)   IR =   9963 ..[6006.816s][info][gc,start       ] GC(920) Pause Young (Normal) (G1 Evacuation Pause)
[6006.816s][info][gc,task        ] GC(920) Using 8 workers of 8 for evacuation
[6006.969s][info][gc,phases      ] GC(920)   Pre Evacuate Collection Set: 0.25ms
[6006.969s][info][gc,phases      ] GC(920)   Merge Heap Roots: 0.68ms
[6006.969s][info][gc,phases      ] GC(920)   Evacuate Collection Set: 150.77ms
[6006.969s][info][gc,phases      ] GC(920)   Post Evacuate Collection Set: 1.05ms
[6006.969s][info][gc,phases      ] GC(920)   Other: 0.07ms
[6006.969s][info][gc,heap        ] GC(920) Eden regions: 571->0(570)
[6006.969s][info][gc,heap        ] GC(920) Survivor regions: 43->44(77)
[6006.969s][info][gc,heap        ] GC(920) Old regions: 265->273
[6006.969s][info][gc,heap        ] GC(920) Humongous regions: 33->33
[6006.969s][info][gc,metaspace   ] GC(920) Metaspace: 30020K(30528K)->30020K(30528K) NonClass: 26619K(26880K)->26619K(26880K) Class: 3400K(3648K)->3400K(3648K)
[6006.969s][info][gc             ] GC(920) Pause Young (Normal) (G1 Evacuation Pause) 7278M->2777M(8192M) 152.948ms
[6006.969s][info][gc,cpu         ] GC(920) User=1.21s Sys=0.00s Real=0.15s
....[6010.526s][info][gc,start       ] GC(921) Pause Young (Normal) (G1 Evacuation Pause)
[6010.526s][info][gc,task        ] GC(921) Using 8 workers of 8 for evacuation
[6010.678s][info][gc,phases      ] GC(921)   Pre Evacuate Collection Set: 0.23ms
[6010.678s][info][gc,phases      ] GC(921)   Merge Heap Roots: 0.53ms
[6010.678s][info][gc,phases      ] GC(921)   Evacuate Collection Set: 150.33ms
[6010.678s][info][gc,phases      ] GC(921)   Post Evacuate Collection Set: 1.03ms
[6010.678s][info][gc,phases      ] GC(921)   Other: 0.07ms
[6010.678s][info][gc,heap        ] GC(921) Eden regions: 570->0(571)
[6010.678s][info][gc,heap        ] GC(921) Survivor regions: 44->43(77)
[6010.678s][info][gc,heap        ] GC(921) Old regions: 273->280
[6010.678s][info][gc,heap        ] GC(921) Humongous regions: 33->33
[6010.678s][info][gc,metaspace   ] GC(921) Metaspace: 30020K(30528K)->30020K(30528K) NonClass: 26619K(26880K)->26619K(26880K) Class: 3400K(3648K)->3400K(3648K)
[6010.678s][info][gc             ] GC(921) Pause Young (Normal) (G1 Evacuation Pause) 7337M->2831M(8192M) 152.331ms
[6010.678s][info][gc,cpu         ] GC(921) User=1.21s Sys=0.01s Real=0.16s
...[6014.372s][info][gc,start       ] GC(922) Pause Young (Normal) (G1 Evacuation Pause)
[6014.372s][info][gc,task        ] GC(922) Using 8 workers of 8 for evacuation
[6014.523s][info][gc,phases      ] GC(922)   Pre Evacuate Collection Set: 0.27ms
[6014.523s][info][gc,phases      ] GC(922)   Merge Heap Roots: 0.63ms
[6014.523s][info][gc,phases      ] GC(922)   Evacuate Collection Set: 149.14ms
[6014.523s][info][gc,phases      ] GC(922)   Post Evacuate Collection Set: 1.05ms
[6014.523s][info][gc,phases      ] GC(922)   Other: 0.06ms
[6014.523s][info][gc,heap        ] GC(922) Eden regions: 571->0(564)
[6014.523s][info][gc,heap        ] GC(922) Survivor regions: 43->44(77)
[6014.523s][info][gc,heap        ] GC(922) Old regions: 280->287
[6014.523s][info][gc,heap        ] GC(922) Humongous regions: 33->33
[6014.523s][info][gc,metaspace   ] GC(922) Metaspace: 30020K(30528K)->30020K(30528K) NonClass: 26619K(26880K)->26619K(26880K) Class: 3400K(3648K)->3400K(3648K)
[6014.523s][info][gc             ] GC(922) Pause Young (Normal) (G1 Evacuation Pause) 7399M->2893M(8192M) 151.278ms
[6014.523s][info][gc,cpu         ] GC(922) User=1.20s Sys=0.00s Real=0.15s
....[6018.257s][info][gc,start       ] GC(923) Pause Young (Normal) (G1 Evacuation Pause)
[6018.257s][info][gc,task        ] GC(923) Using 8 workers of 8 for evacuation
[6018.409s][info][gc,phases      ] GC(923)   Pre Evacuate Collection Set: 0.24ms
[6018.409s][info][gc,phases      ] GC(923)   Merge Heap Roots: 0.55ms
[6018.409s][info][gc,phases      ] GC(923)   Evacuate Collection Set: 149.61ms
[6018.409s][info][gc,phases      ] GC(923)   Post Evacuate Collection Set: 1.04ms
[6018.409s][info][gc,phases      ] GC(923)   Other: 0.06ms
[6018.409s][info][gc,heap        ] GC(923) Eden regions: 564->0(557)
[6018.409s][info][gc,heap        ] GC(923) Survivor regions: 44->44(76)
[6018.409s][info][gc,heap        ] GC(923) Old regions: 287->294
[6018.409s][info][gc,heap        ] GC(923) Humongous regions: 33->33
[6018.409s][info][gc,metaspace   ] GC(923) Metaspace: 30020K(30528K)->30020K(30528K) NonClass: 26619K(26880K)->26619K(26880K) Class: 3400K(3648K)->3400K(3648K)
[6018.409s][info][gc             ] GC(923) Pause Young (Normal) (G1 Evacuation Pause) 7405M->2950M(8192M) 151.625ms
[6018.409s][info][gc,cpu         ] GC(923) User=1.20s Sys=0.01s Real=0.15s
.|...[6021.963s][info][gc,start       ] GC(924) Pause Young (Normal) (G1 Evacuation Pause)
[6021.963s][info][gc,task        ] GC(924) Using 8 workers of 8 for evacuation
[6022.113s][info][gc,phases      ] GC(924)   Pre Evacuate Collection Set: 0.22ms
[6022.113s][info][gc,phases      ] GC(924)   Merge Heap Roots: 0.53ms
[6022.113s][info][gc,phases      ] GC(924)   Evacuate Collection Set: 148.16ms
[6022.113s][info][gc,phases      ] GC(924)   Post Evacuate Collection Set: 1.04ms
[6022.113s][info][gc,phases      ] GC(924)   Other: 0.06ms
[6022.113s][info][gc,heap        ] GC(924) Eden regions: 557->0(553)
[6022.113s][info][gc,heap        ] GC(924) Survivor regions: 44->42(76)
[6022.113s][info][gc,heap        ] GC(924) Old regions: 294->302
[6022.113s][info][gc,heap        ] GC(924) Humongous regions: 33->33
[6022.113s][info][gc,metaspace   ] GC(924) Metaspace: 30020K(30528K)->30020K(30528K) NonClass: 26619K(26880K)->26619K(26880K) Class: 3400K(3648K)->3400K(3648K)
[6022.113s][info][gc             ] GC(924) Pause Young (Normal) (G1 Evacuation Pause) 7406M->3001M(8192M) 150.150ms
[6022.113s][info][gc,cpu         ] GC(924) User=1.19s Sys=0.00s Real=0.15s
....[6025.659s][info][gc,start       ] GC(925) Pause Young (Normal) (G1 Evacuation Pause)
[6025.659s][info][gc,task        ] GC(925) Using 8 workers of 8 for evacuation
[6025.810s][info][gc,phases      ] GC(925)   Pre Evacuate Collection Set: 0.25ms
[6025.810s][info][gc,phases      ] GC(925)   Merge Heap Roots: 0.62ms
[6025.810s][info][gc,phases      ] GC(925)   Evacuate Collection Set: 148.93ms
[6025.810s][info][gc,phases      ] GC(925)   Post Evacuate Collection Set: 1.00ms
[6025.810s][info][gc,phases      ] GC(925)   Other: 0.06ms
[6025.810s][info][gc,heap        ] GC(925) Eden regions: 553->0(544)
[6025.810s][info][gc,heap        ] GC(925) Survivor regions: 42->43(75)
[6025.810s][info][gc,heap        ] GC(925) Old regions: 302->309
[6025.810s][info][gc,heap        ] GC(925) Humongous regions: 33->33
[6025.810s][info][gc,metaspace   ] GC(925) Metaspace: 30020K(30528K)->30020K(30528K) NonClass: 26619K(26880K)->26619K(26880K) Class: 3400K(3648K)->3400K(3648K)
[6025.810s][info][gc             ] GC(925) Pause Young (Normal) (G1 Evacuation Pause) 7425M->3065M(8192M) 151.005ms
[6025.810s][info][gc,cpu         ] GC(925) User=1.19s Sys=0.00s Real=0.15s
...[6029.359s][info][gc,start       ] GC(926) Pause Young (Concurrent Start) (G1 Evacuation Pause)
[6029.359s][info][gc,task        ] GC(926) Using 8 workers of 8 for evacuation
[6029.512s][info][gc,phases      ] GC(926)   Pre Evacuate Collection Set: 0.27ms
[6029.512s][info][gc,phases      ] GC(926)   Merge Heap Roots: 0.54ms
[6029.512s][info][gc,phases      ] GC(926)   Evacuate Collection Set: 150.55ms
[6029.512s][info][gc,phases      ] GC(926)   Post Evacuate Collection Set: 1.01ms
[6029.512s][info][gc,phases      ] GC(926)   Other: 0.11ms
[6029.512s][info][gc,heap        ] GC(926) Eden regions: 544->0(534)
[6029.512s][info][gc,heap        ] GC(926) Survivor regions: 43->44(74)
[6029.512s][info][gc,heap        ] GC(926) Old regions: 309->317
[6029.512s][info][gc,heap        ] GC(926) Humongous regions: 33->33
[6029.512s][info][gc,metaspace   ] GC(926) Metaspace: 30020K(30528K)->30020K(30528K) NonClass: 26619K(26880K)->26619K(26880K) Class: 3400K(3648K)->3400K(3648K)
[6029.512s][info][gc             ] GC(926) Pause Young (Concurrent Start) (G1 Evacuation Pause) 7417M->3134M(8192M) 152.633ms
[6029.512s][info][gc             ] GC(927) Concurrent Mark Cycle
[6029.512s][info][gc,marking     ] GC(927) Concurrent Scan Root Regions
[6029.512s][info][gc,cpu         ] GC(926) User=1.21s Sys=0.00s Real=0.15s
.[6029.856s][info][gc,marking     ] GC(927) Concurrent Scan Root Regions 344.108ms
[6029.856s][info][gc,marking     ] GC(927) Concurrent Mark
[6029.856s][info][gc,marking     ] GC(927) Concurrent Mark From Roots
[6029.856s][info][gc,task        ] GC(927) Using 2 workers of 2 for marking
.[6031.136s][info][gc,marking     ] GC(927) Concurrent Mark From Roots 1279.967ms
[6031.136s][info][gc,marking     ] GC(927) Concurrent Preclean
[6031.136s][info][gc,marking     ] GC(927) Concurrent Preclean 0.145ms
[6031.136s][info][gc,start       ] GC(927) Pause Remark
[6031.138s][info][gc             ] GC(927) Pause Remark 5066M->4522M(8192M) 1.815ms
[6031.138s][info][gc,cpu         ] GC(927) User=0.01s Sys=0.00s Real=0.00s
[6031.138s][info][gc,marking     ] GC(927) Concurrent Mark 1282.265ms
[6031.138s][info][gc,marking     ] GC(927) Concurrent Rebuild Remembered Sets and Scrub Regions
.[6031.765s][info][gc,marking     ] GC(927) Concurrent Rebuild Remembered Sets and Scrub Regions 626.522ms
[6031.765s][info][gc,start       ] GC(927) Pause Cleanup
[6031.765s][info][gc             ] GC(927) Pause Cleanup 5338M->5338M(8192M) 0.270ms
[6031.765s][info][gc,cpu         ] GC(927) User=0.00s Sys=0.00s Real=0.00s
[6031.765s][info][gc,marking     ] GC(927) Concurrent Clear Claimed Marks
[6031.765s][info][gc,marking     ] GC(927) Concurrent Clear Claimed Marks 0.042ms
[6031.765s][info][gc,marking     ] GC(927) Concurrent Cleanup for Next Mark
[6031.775s][info][gc,marking     ] GC(927) Concurrent Cleanup for Next Mark 9.762ms
[6031.775s][info][gc             ] GC(927) Concurrent Mark Cycle 2263.421ms
.[6033.008s][info][gc,start       ] GC(928) Pause Young (Prepare Mixed) (G1 Evacuation Pause)
[6033.008s][info][gc,task        ] GC(928) Using 8 workers of 8 for evacuation
[6033.154s][info][gc,phases      ] GC(928)   Pre Evacuate Collection Set: 0.24ms
[6033.154s][info][gc,phases      ] GC(928)   Merge Heap Roots: 0.74ms
[6033.154s][info][gc,phases      ] GC(928)   Evacuate Collection Set: 143.78ms
[6033.154s][info][gc,phases      ] GC(928)   Post Evacuate Collection Set: 1.14ms
[6033.154s][info][gc,phases      ] GC(928)   Other: 0.07ms
[6033.154s][info][gc,heap        ] GC(928) Eden regions: 534->0(573)
[6033.154s][info][gc,heap        ] GC(928) Survivor regions: 44->41(73)
[6033.154s][info][gc,heap        ] GC(928) Old regions: 249->257
[6033.154s][info][gc,heap        ] GC(928) Humongous regions: 33->33
[6033.154s][info][gc,metaspace   ] GC(928) Metaspace: 30020K(30528K)->30020K(30528K) NonClass: 26619K(26880K)->26619K(26880K) Class: 3400K(3648K)->3400K(3648K)
[6033.154s][info][gc             ] GC(928) Pause Young (Prepare Mixed) (G1 Evacuation Pause) 6862M->2625M(8192M) 146.096ms
[6033.154s][info][gc,cpu         ] GC(928) User=1.16s Sys=0.00s Real=0.14s
....[6036.815s][info][gc,start       ] GC(929) Pause Young (Mixed) (G1 Evacuation Pause)
[6036.816s][info][gc,task        ] GC(929) Using 8 workers of 8 for evacuation
[6036.980s][info][gc,phases      ] GC(929)   Pre Evacuate Collection Set: 0.26ms
[6036.980s][info][gc,phases      ] GC(929)   Merge Heap Roots: 0.81ms
[6036.980s][info][gc,phases      ] GC(929)   Evacuate Collection Set: 161.86ms
[6036.980s][info][gc,phases      ] GC(929)   Post Evacuate Collection Set: 1.26ms
[6036.980s][info][gc,phases      ] GC(929)   Other: 0.07ms
[6036.980s][info][gc,heap        ] GC(929) Eden regions: 573->0(569)
[6036.980s][info][gc,heap        ] GC(929) Survivor regions: 41->45(77)
[6036.980s][info][gc,heap        ] GC(929) Old regions: 257->162
[6036.980s][info][gc,heap        ] GC(929) Humongous regions: 33->33
[6036.980s][info][gc,metaspace   ] GC(929) Metaspace: 30020K(30528K)->30020K(30528K) NonClass: 26619K(26880K)->26619K(26880K) Class: 3400K(3648K)->3400K(3648K)
[6036.980s][info][gc             ] GC(929) Pause Young (Mixed) (G1 Evacuation Pause) 7209M->1898M(8192M) 164.390ms
[6036.980s][info][gc,cpu         ] GC(929) User=1.31s Sys=0.00s Real=0.17s
....[6040.667s][info][gc,start       ] GC(930) Pause Young (Mixed) (G1 Evacuation Pause)
[6040.667s][info][gc,task        ] GC(930) Using 8 workers of 8 for evacuation
[6040.825s][info][gc,phases      ] GC(930)   Pre Evacuate Collection Set: 0.26ms
[6040.825s][info][gc,phases      ] GC(930)   Merge Heap Roots: 0.89ms
[6040.825s][info][gc,phases      ] GC(930)   Evacuate Collection Set: 155.46ms
[6040.825s][info][gc,phases      ] GC(930)   Post Evacuate Collection Set: 1.10ms
[6040.825s][info][gc,phases      ] GC(930)   Other: 0.07ms
[6040.825s][info][gc,heap        ] GC(930) Eden regions: 569->0(571)
[6040.825s][info][gc,heap        ] GC(930) Survivor regions: 45->43(77)
[6040.825s][info][gc,heap        ] GC(930) Old regions: 162->144
[6040.825s][info][gc,heap        ] GC(930) Humongous regions: 33->33
[6040.825s][info][gc,metaspace   ] GC(930) Metaspace: 30020K(30528K)->30020K(30528K) NonClass: 26619K(26880K)->26619K(26880K) Class: 3400K(3648K)->3400K(3648K)
[6040.825s][info][gc             ] GC(930) Pause Young (Mixed) (G1 Evacuation Pause) 6450M->1742M(8192M) 157.906ms
[6040.825s][info][gc,cpu         ] GC(930) User=1.25s Sys=0.01s Real=0.15s
...[6044.487s][info][gc,start       ] GC(931) Pause Young (Normal) (G1 Evacuation Pause)
[6044.487s][info][gc,task        ] GC(931) Using 8 workers of 8 for evacuation
[6044.638s][info][gc,phases      ] GC(931)   Pre Evacuate Collection Set: 0.26ms
[6044.638s][info][gc,phases      ] GC(931)   Merge Heap Roots: 0.54ms
[6044.638s][info][gc,phases      ] GC(931)   Evacuate Collection Set: 149.81ms
[6044.638s][info][gc,phases      ] GC(931)   Post Evacuate Collection Set: 1.02ms
[6044.638s][info][gc,phases      ] GC(931)   Other: 0.06ms
[6044.638s][info][gc,heap        ] GC(931) Eden regions: 571->0(571)
[6044.638s][info][gc,heap        ] GC(931) Survivor regions: 43->43(77)
[6044.638s][info][gc,heap        ] GC(931) Old regions: 144->151
[6044.638s][info][gc,heap        ] GC(931) Humongous regions: 33->33
[6044.638s][info][gc,metaspace   ] GC(931) Metaspace: 30020K(30528K)->30020K(30528K) NonClass: 26619K(26880K)->26619K(26880K) Class: 3400K(3648K)->3400K(3648K)
[6044.638s][info][gc             ] GC(931) Pause Young (Normal) (G1 Evacuation Pause) 6310M->1803M(8192M) 151.848ms
[6044.638s][info][gc,cpu         ] GC(931) User=1.20s Sys=0.01s Real=0.15s
....[6048.396s][info][gc,start       ] GC(932) Pause Young (Normal) (G1 Evacuation Pause)
[6048.396s][info][gc,task        ] GC(932) Using 8 workers of 8 for evacuation
[6048.549s][info][gc,phases      ] GC(932)   Pre Evacuate Collection Set: 0.22ms
[6048.549s][info][gc,phases      ] GC(932)   Merge Heap Roots: 0.54ms
[6048.549s][info][gc,phases      ] GC(932)   Evacuate Collection Set: 150.91ms
[6048.549s][info][gc,phases      ] GC(932)   Post Evacuate Collection Set: 1.07ms
[6048.549s][info][gc,phases      ] GC(932)   Other: 0.06ms
[6048.549s][info][gc,heap        ] GC(932) Eden regions: 571->0(571)
[6048.549s][info][gc,heap        ] GC(932) Survivor regions: 43->43(77)
[6048.549s][info][gc,heap        ] GC(932) Old regions: 151->158
[6048.549s][info][gc,heap        ] GC(932) Humongous regions: 33->33
[6048.549s][info][gc,metaspace   ] GC(932) Metaspace: 30020K(30528K)->30020K(30528K) NonClass: 26619K(26880K)->26619K(26880K) Class: 3400K(3648K)->3400K(3648K)
[6048.549s][info][gc             ] GC(932) Pause Young (Normal) (G1 Evacuation Pause) 6371M->1859M(8192M) 152.931ms
[6048.549s][info][gc,cpu         ] GC(932) User=1.22s Sys=0.00s Real=0.15s
....[6052.283s][info][gc,start       ] GC(933) Pause Young (Normal) (G1 Evacuation Pause)
[6052.284s][info][gc,task        ] GC(933) Using 8 workers of 8 for evacuation
[6052.433s][info][gc,phases      ] GC(933)   Pre Evacuate Collection Set: 0.28ms
[6052.434s][info][gc,phases      ] GC(933)   Merge Heap Roots: 0.67ms
[6052.434s][info][gc,phases      ] GC(933)   Evacuate Collection Set: 147.91ms
[6052.434s][info][gc,phases      ] GC(933)   Post Evacuate Collection Set: 1.04ms
[6052.434s][info][gc,phases      ] GC(933)   Other: 0.06ms
[6052.434s][info][gc,heap        ] GC(933) Eden regions: 571->0(571)
[6052.434s][info][gc,heap        ] GC(933) Survivor regions: 43->43(77)
[6052.434s][info][gc,heap        ] GC(933) Old regions: 158->166
[6052.434s][info][gc,heap        ] GC(933) Humongous regions: 33->33
[6052.434s][info][gc,metaspace   ] GC(933) Metaspace: 30020K(30528K)->30020K(30528K) NonClass: 26619K(26880K)->26619K(26880K) Class: 3400K(3648K)->3400K(3648K)
[6052.434s][info][gc             ] GC(933) Pause Young (Normal) (G1 Evacuation Pause) 6427M->1915M(8192M) 150.107ms
[6052.434s][info][gc,cpu         ] GC(933) User=1.19s Sys=0.00s Real=0.15s
....[6056.064s][info][gc,start       ] GC(934) Pause Young (Normal) (G1 Evacuation Pause)
[6056.064s][info][gc,task        ] GC(934) Using 8 workers of 8 for evacuation
[6056.219s][info][gc,phases      ] GC(934)   Pre Evacuate Collection Set: 0.23ms
[6056.219s][info][gc,phases      ] GC(934)   Merge Heap Roots: 0.53ms
[6056.219s][info][gc,phases      ] GC(934)   Evacuate Collection Set: 153.41ms
[6056.219s][info][gc,phases      ] GC(934)   Post Evacuate Collection Set: 1.04ms
[6056.219s][info][gc,phases      ] GC(934)   Other: 0.07ms
[6056.219s][info][gc,heap        ] GC(934) Eden regions: 571->0(570)
[6056.219s][info][gc,heap        ] GC(934) Survivor regions: 43->44(77)
[6056.219s][info][gc,heap        ] GC(934) Old regions: 166->173
[6056.219s][info][gc,heap        ] GC(934) Humongous regions: 33->33
[6056.219s][info][gc,metaspace   ] GC(934) Metaspace: 30020K(30528K)->30020K(30528K) NonClass: 26619K(26880K)->26619K(26880K) Class: 3400K(3648K)->3400K(3648K)
[6056.219s][info][gc             ] GC(934) Pause Young (Normal) (G1 Evacuation Pause) 6483M->1982M(8192M) 155.422ms
[6056.219s][info][gc,cpu         ] GC(934) User=1.23s Sys=0.00s Real=0.16s
....[6059.905s][info][gc,start       ] GC(935) Pause Young (Normal) (G1 Evacuation Pause)
[6059.906s][info][gc,task        ] GC(935) Using 8 workers of 8 for evacuation
[6060.056s][info][gc,phases      ] GC(935)   Pre Evacuate Collection Set: 0.23ms
[6060.056s][info][gc,phases      ] GC(935)   Merge Heap Roots: 0.53ms
[6060.056s][info][gc,phases      ] GC(935)   Evacuate Collection Set: 148.52ms
[6060.056s][info][gc,phases      ] GC(935)   Post Evacuate Collection Set: 1.05ms
[6060.056s][info][gc,phases      ] GC(935)   Other: 0.06ms
[6060.056s][info][gc,heap        ] GC(935) Eden regions: 570->0(571)
[6060.056s][info][gc,heap        ] GC(935) Survivor regions: 44->43(77)
[6060.056s][info][gc,heap        ] GC(935) Old regions: 173->180
[6060.056s][info][gc,heap        ] GC(935) Humongous regions: 33->33
[6060.056s][info][gc,metaspace   ] GC(935) Metaspace: 30020K(30528K)->30020K(30528K) NonClass: 26619K(26880K)->26619K(26880K) Class: 3400K(3648K)->3400K(3648K)
[6060.056s][info][gc             ] GC(935) Pause Young (Normal) (G1 Evacuation Pause) 6542M->2031M(8192M) 150.523ms
[6060.056s][info][gc,cpu         ] GC(935) User=1.19s Sys=0.01s Real=0.16s
....[6063.750s][info][gc,start       ] GC(936) Pause Young (Normal) (G1 Evacuation Pause)
[6063.750s][info][gc,task        ] GC(936) Using 8 workers of 8 for evacuation
[6063.905s][info][gc,phases      ] GC(936)   Pre Evacuate Collection Set: 0.24ms
[6063.905s][info][gc,phases      ] GC(936)   Merge Heap Roots: 0.59ms
[6063.905s][info][gc,phases      ] GC(936)   Evacuate Collection Set: 152.74ms
[6063.905s][info][gc,phases      ] GC(936)   Post Evacuate Collection Set: 1.06ms
[6063.905s][info][gc,phases      ] GC(936)   Other: 0.08ms
[6063.905s][info][gc,heap        ] GC(936) Eden regions: 571->0(570)
[6063.905s][info][gc,heap        ] GC(936) Survivor regions: 43->44(77)
[6063.905s][info][gc,heap        ] GC(936) Old regions: 180->188
[6063.905s][info][gc,heap        ] GC(936) Humongous regions: 33->33
[6063.905s][info][gc,metaspace   ] GC(936) Metaspace: 30020K(30528K)->30020K(30528K) NonClass: 26619K(26880K)->26619K(26880K) Class: 3400K(3648K)->3400K(3648K)
[6063.905s][info][gc             ] GC(936) Pause Young (Normal) (G1 Evacuation Pause) 6599M->2097M(8192M) 154.841ms
[6063.905s][info][gc,cpu         ] GC(936) User=1.22s Sys=0.00s Real=0.15s
...[6067.548s][info][gc,start       ] GC(937) Pause Young (Normal) (G1 Evacuation Pause)
[6067.548s][info][gc,task        ] GC(937) Using 8 workers of 8 for evacuation
[6067.701s][info][gc,phases      ] GC(937)   Pre Evacuate Collection Set: 0.24ms
[6067.701s][info][gc,phases      ] GC(937)   Merge Heap Roots: 0.53ms
[6067.701s][info][gc,phases      ] GC(937)   Evacuate Collection Set: 151.30ms
[6067.701s][info][gc,phases      ] GC(937)   Post Evacuate Collection Set: 1.08ms
[6067.701s][info][gc,phases      ] GC(937)   Other: 0.07ms
[6067.701s][info][gc,heap        ] GC(937) Eden regions: 570->0(571)
[6067.701s][info][gc,heap        ] GC(937) Survivor regions: 44->43(77)
[6067.701s][info][gc,heap        ] GC(937) Old regions: 188->195
[6067.701s][info][gc,heap        ] GC(937) Humongous regions: 33->33
[6067.701s][info][gc,metaspace   ] GC(937) Metaspace: 30020K(30528K)->30020K(30528K) NonClass: 26619K(26880K)->26619K(26880K) Class: 3400K(3648K)->3400K(3648K)
[6067.701s][info][gc             ] GC(937) Pause Young (Normal) (G1 Evacuation Pause) 6657M->2151M(8192M) 153.360ms
[6067.701s][info][gc,cpu         ] GC(937) User=1.22s Sys=0.00s Real=0.15s
....[6071.443s][info][gc,start       ] GC(938) Pause Young (Normal) (G1 Evacuation Pause)
[6071.443s][info][gc,task        ] GC(938) Using 8 workers of 8 for evacuation
[6071.601s][info][gc,phases      ] GC(938)   Pre Evacuate Collection Set: 0.23ms
[6071.601s][info][gc,phases      ] GC(938)   Merge Heap Roots: 0.54ms
[6071.601s][info][gc,phases      ] GC(938)   Evacuate Collection Set: 155.67ms
[6071.601s][info][gc,phases      ] GC(938)   Post Evacuate Collection Set: 1.05ms
[6071.601s][info][gc,phases      ] GC(938)   Other: 0.08ms
[6071.601s][info][gc,heap        ] GC(938) Eden regions: 571->0(571)
[6071.601s][info][gc,heap        ] GC(938) Survivor regions: 43->43(77)
[6071.601s][info][gc,heap        ] GC(938) Old regions: 195->202
[6071.601s][info][gc,heap        ] GC(938) Humongous regions: 33->33
[6071.601s][info][gc,metaspace   ] GC(938) Metaspace: 30020K(30528K)->30020K(30528K) NonClass: 26619K(26880K)->26619K(26880K) Class: 3400K(3648K)->3400K(3648K)
[6071.601s][info][gc             ] GC(938) Pause Young (Normal) (G1 Evacuation Pause) 6719M->2210M(8192M) 157.714ms
[6071.601s][info][gc,cpu         ] GC(938) User=1.25s Sys=0.00s Real=0.16s
....[6075.401s][info][gc,start       ] GC(939) Pause Young (Normal) (G1 Evacuation Pause)
[6075.401s][info][gc,task        ] GC(939) Using 8 workers of 8 for evacuation
[6075.552s][info][gc,phases      ] GC(939)   Pre Evacuate Collection Set: 0.23ms
[6075.552s][info][gc,phases      ] GC(939)   Merge Heap Roots: 0.54ms
[6075.552s][info][gc,phases      ] GC(939)   Evacuate Collection Set: 149.47ms
[6075.552s][info][gc,phases      ] GC(939)   Post Evacuate Collection Set: 1.05ms
[6075.552s][info][gc,phases      ] GC(939)   Other: 0.06ms
[6075.552s][info][gc,heap        ] GC(939) Eden regions: 571->0(572)
[6075.552s][info][gc,heap        ] GC(939) Survivor regions: 43->42(77)
[6075.552s][info][gc,heap        ] GC(939) Old regions: 202->209
[6075.552s][info][gc,heap        ] GC(939) Humongous regions: 33->33
[6075.552s][info][gc,metaspace   ] GC(939) Metaspace: 30020K(30528K)->30020K(30528K) NonClass: 26619K(26880K)->26619K(26880K) Class: 3400K(3648K)->3400K(3648K)
[6075.552s][info][gc             ] GC(939) Pause Young (Normal) (G1 Evacuation Pause) 6778M->2258M(8192M) 151.479ms
[6075.552s][info][gc,cpu         ] GC(939) User=1.20s Sys=0.00s Real=0.15s
.... (rIR:aIR:PR = 9963:9934:9950) (tPR = 146347) [OK] 
  6078s: Performance info:
         Transaction,    Success,    Partial,     Failed,   Receipts, AvgBarcode, 
             Overall,     598762,          0,          0,     568958,      59.47, 
         Response times:
             Request,    Success,    Partial,     Failed,   SkipFail,     Probes,    Samples,      min,      p50,      p90,      p95,      p99,      max, 
       TotalPurchase,     567961,          0,          0,          0,     358458,     447530,      300,     7000,    39000,    75000,   131000,   710000,
     InStorePurchase,     301496,          0,          0,          0,     188174,     234810,      300,     7000,    38000,    75000,   130000,   710000,
      OnlinePurchase,     207166,          0,          0,          0,     131960,     164708,      300,     7000,    39000,    75000,   131000,   710000,
        InstPurchase,      59299,          0,          0,          0,      38324,      48012,      500,     7300,    38000,    78000,   131000,   690000,
          AssocOfCat,        600,          0,          0,          0,        499,        746,    30000,    51000,    97000,   133000,   205710,   224000,
      AssocOfProduct,       6043,          0,          0,          0,       4508,       5889,      600,     7900,    39000,    71000,   127100,   497000,
      BusinessReport,       1499,          0,          0,          0,       1319,       1820,    33000,    61000,   120000,   162950,   223000,   650000,
          CustBuyBeh,       5946,          0,          0,          0,       4477,       5828,      200,     6900,    36000,    72000,   123000,   595000,
       ProductReturn,      15700,          0,          0,          0,       9421,      12159,      300,     7100,    39000,    81000,   131400,   690000,

  6078s: (73%)   IR =  10101 [6079.211s][info][gc,start       ] GC(940) Pause Young (Normal) (G1 Evacuation Pause)
[6079.211s][info][gc,task        ] GC(940) Using 8 workers of 8 for evacuation
[6079.363s][info][gc,phases      ] GC(940)   Pre Evacuate Collection Set: 0.22ms
[6079.363s][info][gc,phases      ] GC(940)   Merge Heap Roots: 0.52ms
[6079.363s][info][gc,phases      ] GC(940)   Evacuate Collection Set: 150.61ms
[6079.363s][info][gc,phases      ] GC(940)   Post Evacuate Collection Set: 1.03ms
[6079.363s][info][gc,phases      ] GC(940)   Other: 0.07ms
[6079.363s][info][gc,heap        ] GC(940) Eden regions: 572->0(571)
[6079.363s][info][gc,heap        ] GC(940) Survivor regions: 42->43(77)
[6079.363s][info][gc,heap        ] GC(940) Old regions: 209->216
[6079.363s][info][gc,heap        ] GC(940) Humongous regions: 33->33
[6079.363s][info][gc,metaspace   ] GC(940) Metaspace: 30020K(30528K)->30020K(30528K) NonClass: 26619K(26880K)->26619K(26880K) Class: 3400K(3648K)->3400K(3648K)
[6079.363s][info][gc             ] GC(940) Pause Young (Normal) (G1 Evacuation Pause) 6834M->2321M(8192M) 152.597ms
[6079.363s][info][gc,cpu         ] GC(940) User=1.21s Sys=0.00s Real=0.15s
....[6083.059s][info][gc,start       ] GC(941) Pause Young (Normal) (G1 Evacuation Pause)
[6083.059s][info][gc,task        ] GC(941) Using 8 workers of 8 for evacuation
[6083.210s][info][gc,phases      ] GC(941)   Pre Evacuate Collection Set: 0.22ms
[6083.210s][info][gc,phases      ] GC(941)   Merge Heap Roots: 0.53ms
[6083.210s][info][gc,phases      ] GC(941)   Evacuate Collection Set: 149.26ms
[6083.210s][info][gc,phases      ] GC(941)   Post Evacuate Collection Set: 1.04ms
[6083.211s][info][gc,phases      ] GC(941)   Other: 0.06ms
[6083.211s][info][gc,heap        ] GC(941) Eden regions: 571->0(572)
[6083.211s][info][gc,heap        ] GC(941) Survivor regions: 43->42(77)
[6083.211s][info][gc,heap        ] GC(941) Old regions: 216->223
[6083.211s][info][gc,heap        ] GC(941) Humongous regions: 33->33
[6083.211s][info][gc,metaspace   ] GC(941) Metaspace: 30020K(30528K)->30020K(30528K) NonClass: 26619K(26880K)->26619K(26880K) Class: 3400K(3648K)->3400K(3648K)
[6083.211s][info][gc             ] GC(941) Pause Young (Normal) (G1 Evacuation Pause) 6889M->2371M(8192M) 151.250ms
[6083.211s][info][gc,cpu         ] GC(941) User=1.20s Sys=0.00s Real=0.15s
..|..[6086.916s][info][gc,start       ] GC(942) Pause Young (Normal) (G1 Evacuation Pause)
[6086.916s][info][gc,task        ] GC(942) Using 8 workers of 8 for evacuation
[6087.066s][info][gc,phases      ] GC(942)   Pre Evacuate Collection Set: 0.25ms
[6087.066s][info][gc,phases      ] GC(942)   Merge Heap Roots: 0.60ms
[6087.066s][info][gc,phases      ] GC(942)   Evacuate Collection Set: 148.41ms
[6087.066s][info][gc,phases      ] GC(942)   Post Evacuate Collection Set: 1.07ms
[6087.066s][info][gc,phases      ] GC(942)   Other: 0.06ms
[6087.066s][info][gc,heap        ] GC(942) Eden regions: 572->0(571)
[6087.066s][info][gc,heap        ] GC(942) Survivor regions: 42->43(77)
[6087.066s][info][gc,heap        ] GC(942) Old regions: 223->231
[6087.066s][info][gc,heap        ] GC(942) Humongous regions: 33->33
[6087.066s][info][gc,metaspace   ] GC(942) Metaspace: 30020K(30528K)->30020K(30528K) NonClass: 26619K(26880K)->26619K(26880K) Class: 3400K(3648K)->3400K(3648K)
[6087.066s][info][gc             ] GC(942) Pause Young (Normal) (G1 Evacuation Pause) 6947M->2438M(8192M) 150.511ms
[6087.066s][info][gc,cpu         ] GC(942) User=1.19s Sys=0.00s Real=0.16s
...[6090.680s][info][gc,start       ] GC(943) Pause Young (Normal) (G1 Evacuation Pause)
[6090.680s][info][gc,task        ] GC(943) Using 8 workers of 8 for evacuation
[6090.835s][info][gc,phases      ] GC(943)   Pre Evacuate Collection Set: 0.22ms
[6090.835s][info][gc,phases      ] GC(943)   Merge Heap Roots: 0.58ms
[6090.835s][info][gc,phases      ] GC(943)   Evacuate Collection Set: 153.01ms
[6090.835s][info][gc,phases      ] GC(943)   Post Evacuate Collection Set: 1.01ms
[6090.835s][info][gc,phases      ] GC(943)   Other: 0.06ms
[6090.835s][info][gc,heap        ] GC(943) Eden regions: 571->0(570)
[6090.835s][info][gc,heap        ] GC(943) Survivor regions: 43->44(77)
[6090.835s][info][gc,heap        ] GC(943) Old regions: 231->238
[6090.835s][info][gc,heap        ] GC(943) Humongous regions: 33->33
[6090.835s][info][gc,metaspace   ] GC(943) Metaspace: 30020K(30528K)->30020K(30528K) NonClass: 26619K(26880K)->26619K(26880K) Class: 3400K(3648K)->3400K(3648K)
[6090.835s][info][gc             ] GC(943) Pause Young (Normal) (G1 Evacuation Pause) 7006M->2501M(8192M) 155.030ms
[6090.835s][info][gc,cpu         ] GC(943) User=1.23s Sys=0.00s Real=0.15s
....[6094.522s][info][gc,start       ] GC(944) Pause Young (Normal) (G1 Evacuation Pause)
[6094.522s][info][gc,task        ] GC(944) Using 8 workers of 8 for evacuation
[6094.679s][info][gc,phases      ] GC(944)   Pre Evacuate Collection Set: 0.22ms
[6094.679s][info][gc,phases      ] GC(944)   Merge Heap Roots: 0.56ms
[6094.679s][info][gc,phases      ] GC(944)   Evacuate Collection Set: 155.22ms
[6094.679s][info][gc,phases      ] GC(944)   Post Evacuate Collection Set: 1.03ms
[6094.679s][info][gc,phases      ] GC(944)   Other: 0.06ms
[6094.679s][info][gc,heap        ] GC(944) Eden regions: 570->0(570)
[6094.679s][info][gc,heap        ] GC(944) Survivor regions: 44->44(77)
[6094.679s][info][gc,heap        ] GC(944) Old regions: 238->245
[6094.679s][info][gc,heap        ] GC(944) Humongous regions: 33->33
[6094.679s][info][gc,metaspace   ] GC(944) Metaspace: 30020K(30528K)->30020K(30528K) NonClass: 26619K(26880K)->26619K(26880K) Class: 3400K(3648K)->3400K(3648K)
[6094.679s][info][gc             ] GC(944) Pause Young (Normal) (G1 Evacuation Pause) 7061M->2558M(8192M) 157.230ms
[6094.679s][info][gc,cpu         ] GC(944) User=1.24s Sys=0.00s Real=0.16s
....[6098.200s][info][gc,start       ] GC(945) Pause Young (Normal) (G1 Evacuation Pause)
[6098.200s][info][gc,task        ] GC(945) Using 8 workers of 8 for evacuation
[6098.354s][info][gc,phases      ] GC(945)   Pre Evacuate Collection Set: 0.26ms
[6098.354s][info][gc,phases      ] GC(945)   Merge Heap Roots: 0.54ms
[6098.354s][info][gc,phases      ] GC(945)   Evacuate Collection Set: 152.17ms
[6098.354s][info][gc,phases      ] GC(945)   Post Evacuate Collection Set: 1.05ms
[6098.354s][info][gc,phases      ] GC(945)   Other: 0.06ms
[6098.354s][info][gc,heap        ] GC(945) Eden regions: 570->0(571)
[6098.354s][info][gc,heap        ] GC(945) Survivor regions: 44->43(77)
[6098.354s][info][gc,heap        ] GC(945) Old regions: 245->252
[6098.354s][info][gc,heap        ] GC(945) Humongous regions: 33->33
[6098.354s][info][gc,metaspace   ] GC(945) Metaspace: 30020K(30528K)->30020K(30528K) NonClass: 26619K(26880K)->26619K(26880K) Class: 3400K(3648K)->3400K(3648K)
[6098.354s][info][gc             ] GC(945) Pause Young (Normal) (G1 Evacuation Pause) 7118M->2611M(8192M) 154.218ms
[6098.354s][info][gc,cpu         ] GC(945) User=1.22s Sys=0.00s Real=0.15s
....[6102.143s][info][gc,start       ] GC(946) Pause Young (Normal) (G1 Evacuation Pause)
[6102.143s][info][gc,task        ] GC(946) Using 8 workers of 8 for evacuation
[6102.301s][info][gc,phases      ] GC(946)   Pre Evacuate Collection Set: 0.24ms
[6102.301s][info][gc,phases      ] GC(946)   Merge Heap Roots: 0.61ms
[6102.301s][info][gc,phases      ] GC(946)   Evacuate Collection Set: 156.68ms
[6102.301s][info][gc,phases      ] GC(946)   Post Evacuate Collection Set: 1.07ms
[6102.301s][info][gc,phases      ] GC(946)   Other: 0.08ms
[6102.301s][info][gc,heap        ] GC(946) Eden regions: 571->0(570)
[6102.301s][info][gc,heap        ] GC(946) Survivor regions: 43->44(77)
[6102.301s][info][gc,heap        ] GC(946) Old regions: 252->260
[6102.302s][info][gc,heap        ] GC(946) Humongous regions: 33->33
[6102.302s][info][gc,metaspace   ] GC(946) Metaspace: 30020K(30528K)->30020K(30528K) NonClass: 26619K(26880K)->26619K(26880K) Class: 3400K(3648K)->3400K(3648K)
[6102.302s][info][gc             ] GC(946) Pause Young (Normal) (G1 Evacuation Pause) 7179M->2678M(8192M) 158.805ms
[6102.302s][info][gc,cpu         ] GC(946) User=1.25s Sys=0.00s Real=0.16s
....[6105.918s][info][gc,start       ] GC(947) Pause Young (Normal) (G1 Evacuation Pause)
[6105.918s][info][gc,task        ] GC(947) Using 8 workers of 8 for evacuation
[6106.066s][info][gc,phases      ] GC(947)   Pre Evacuate Collection Set: 0.22ms
[6106.066s][info][gc,phases      ] GC(947)   Merge Heap Roots: 0.53ms
[6106.066s][info][gc,phases      ] GC(947)   Evacuate Collection Set: 146.48ms
[6106.066s][info][gc,phases      ] GC(947)   Post Evacuate Collection Set: 1.04ms
[6106.066s][info][gc,phases      ] GC(947)   Other: 0.06ms
[6106.066s][info][gc,heap        ] GC(947) Eden regions: 570->0(572)
[6106.066s][info][gc,heap        ] GC(947) Survivor regions: 44->42(77)
[6106.066s][info][gc,heap        ] GC(947) Old regions: 260->267
[6106.066s][info][gc,heap        ] GC(947) Humongous regions: 33->33
[6106.066s][info][gc,metaspace   ] GC(947) Metaspace: 30020K(30528K)->30020K(30528K) NonClass: 26619K(26880K)->26619K(26880K) Class: 3400K(3648K)->3400K(3648K)
[6106.066s][info][gc             ] GC(947) Pause Young (Normal) (G1 Evacuation Pause) 7238M->2717M(8192M) 148.475ms
[6106.066s][info][gc,cpu         ] GC(947) User=1.18s Sys=0.00s Real=0.15s
...[6109.722s][info][gc,start       ] GC(948) Pause Young (Normal) (G1 Evacuation Pause)
[6109.722s][info][gc,task        ] GC(948) Using 8 workers of 8 for evacuation
[6109.878s][info][gc,phases      ] GC(948)   Pre Evacuate Collection Set: 0.24ms
[6109.878s][info][gc,phases      ] GC(948)   Merge Heap Roots: 0.55ms
[6109.878s][info][gc,phases      ] GC(948)   Evacuate Collection Set: 154.63ms
[6109.878s][info][gc,phases      ] GC(948)   Post Evacuate Collection Set: 1.05ms
[6109.878s][info][gc,phases      ] GC(948)   Other: 0.07ms
[6109.878s][info][gc,heap        ] GC(948) Eden regions: 572->0(570)
[6109.878s][info][gc,heap        ] GC(948) Survivor regions: 42->44(77)
[6109.878s][info][gc,heap        ] GC(948) Old regions: 267->274
[6109.878s][info][gc,heap        ] GC(948) Humongous regions: 33->33
[6109.879s][info][gc,metaspace   ] GC(948) Metaspace: 30020K(30528K)->30020K(30528K) NonClass: 26619K(26880K)->26619K(26880K) Class: 3400K(3648K)->3400K(3648K)
[6109.879s][info][gc             ] GC(948) Pause Young (Normal) (G1 Evacuation Pause) 7293M->2793M(8192M) 156.674ms
[6109.879s][info][gc,cpu         ] GC(948) User=1.24s Sys=0.00s Real=0.16s
....[6113.581s][info][gc,start       ] GC(949) Pause Young (Normal) (G1 Evacuation Pause)
[6113.581s][info][gc,task        ] GC(949) Using 8 workers of 8 for evacuation
[6113.742s][info][gc,phases      ] GC(949)   Pre Evacuate Collection Set: 0.21ms
[6113.742s][info][gc,phases      ] GC(949)   Merge Heap Roots: 0.52ms
[6113.742s][info][gc,phases      ] GC(949)   Evacuate Collection Set: 158.91ms
[6113.742s][info][gc,phases      ] GC(949)   Post Evacuate Collection Set: 1.05ms
[6113.742s][info][gc,phases      ] GC(949)   Other: 0.06ms
[6113.742s][info][gc,heap        ] GC(949) Eden regions: 570->0(568)
[6113.742s][info][gc,heap        ] GC(949) Survivor regions: 44->45(77)
[6113.742s][info][gc,heap        ] GC(949) Old regions: 274->281
[6113.742s][info][gc,heap        ] GC(949) Humongous regions: 33->33
[6113.742s][info][gc,metaspace   ] GC(949) Metaspace: 30020K(30528K)->30020K(30528K) NonClass: 26619K(26880K)->26619K(26880K) Class: 3400K(3648K)->3400K(3648K)
[6113.742s][info][gc             ] GC(949) Pause Young (Normal) (G1 Evacuation Pause) 7353M->2859M(8192M) 160.908ms
[6113.742s][info][gc,cpu         ] GC(949) User=1.28s Sys=0.00s Real=0.16s
....[6117.291s][info][gc,start       ] GC(950) Pause Young (Normal) (G1 Evacuation Pause)
[6117.291s][info][gc,task        ] GC(950) Using 8 workers of 8 for evacuation
[6117.441s][info][gc,phases      ] GC(950)   Pre Evacuate Collection Set: 0.24ms
[6117.441s][info][gc,phases      ] GC(950)   Merge Heap Roots: 0.59ms
[6117.441s][info][gc,phases      ] GC(950)   Evacuate Collection Set: 147.40ms
[6117.441s][info][gc,phases      ] GC(950)   Post Evacuate Collection Set: 1.08ms
[6117.441s][info][gc,phases      ] GC(950)   Other: 0.07ms
[6117.441s][info][gc,heap        ] GC(950) Eden regions: 568->0(564)
[6117.441s][info][gc,heap        ] GC(950) Survivor regions: 45->43(77)
[6117.441s][info][gc,heap        ] GC(950) Old regions: 281->289
[6117.441s][info][gc,heap        ] GC(950) Humongous regions: 33->33
[6117.441s][info][gc,metaspace   ] GC(950) Metaspace: 30020K(30528K)->30020K(30528K) NonClass: 26619K(26880K)->26619K(26880K) Class: 3400K(3648K)->3400K(3648K)
[6117.441s][info][gc             ] GC(950) Pause Young (Normal) (G1 Evacuation Pause) 7403M->2898M(8192M) 149.524ms
[6117.441s][info][gc,cpu         ] GC(950) User=1.18s Sys=0.01s Real=0.15s
....[6121.060s][info][gc,start       ] GC(951) Pause Young (Normal) (G1 Evacuation Pause)
[6121.060s][info][gc,task        ] GC(951) Using 8 workers of 8 for evacuation
[6121.208s][info][gc,phases      ] GC(951)   Pre Evacuate Collection Set: 0.26ms
[6121.208s][info][gc,phases      ] GC(951)   Merge Heap Roots: 0.53ms
[6121.208s][info][gc,phases      ] GC(951)   Evacuate Collection Set: 146.08ms
[6121.208s][info][gc,phases      ] GC(951)   Post Evacuate Collection Set: 1.02ms
[6121.208s][info][gc,phases      ] GC(951)   Other: 0.06ms
[6121.208s][info][gc,heap        ] GC(951) Eden regions: 564->0(557)
[6121.208s][info][gc,heap        ] GC(951) Survivor regions: 43->43(76)
[6121.208s][info][gc,heap        ] GC(951) Old regions: 289->296
[6121.208s][info][gc,heap        ] GC(951) Humongous regions: 33->33
[6121.208s][info][gc,metaspace   ] GC(951) Metaspace: 30020K(30528K)->30020K(30528K) NonClass: 26619K(26880K)->26619K(26880K) Class: 3400K(3648K)->3400K(3648K)
[6121.208s][info][gc             ] GC(951) Pause Young (Normal) (G1 Evacuation Pause) 7410M->2954M(8192M) 148.083ms
[6121.208s][info][gc,cpu         ] GC(951) User=1.17s Sys=0.00s Real=0.15s
...[6124.735s][info][gc,start       ] GC(952) Pause Young (Normal) (G1 Evacuation Pause)
[6124.735s][info][gc,task        ] GC(952) Using 8 workers of 8 for evacuation
[6124.889s][info][gc,phases      ] GC(952)   Pre Evacuate Collection Set: 0.25ms
[6124.889s][info][gc,phases      ] GC(952)   Merge Heap Roots: 0.54ms
[6124.889s][info][gc,phases      ] GC(952)   Evacuate Collection Set: 151.91ms
[6124.889s][info][gc,phases      ] GC(952)   Post Evacuate Collection Set: 1.08ms
[6124.889s][info][gc,phases      ] GC(952)   Other: 0.06ms
[6124.889s][info][gc,heap        ] GC(952) Eden regions: 557->0(550)
[6124.889s][info][gc,heap        ] GC(952) Survivor regions: 43->43(75)
[6124.889s][info][gc,heap        ] GC(952) Old regions: 296->303
[6124.889s][info][gc,heap        ] GC(952) Humongous regions: 33->33
[6124.889s][info][gc,metaspace   ] GC(952) Metaspace: 30020K(30528K)->30020K(30528K) NonClass: 26619K(26880K)->26619K(26880K) Class: 3400K(3648K)->3400K(3648K)
[6124.889s][info][gc             ] GC(952) Pause Young (Normal) (G1 Evacuation Pause) 7410M->3011M(8192M) 153.982ms
[6124.889s][info][gc,cpu         ] GC(952) User=1.22s Sys=0.00s Real=0.16s
....[6128.368s][info][gc,start       ] GC(953) Pause Young (Concurrent Start) (G1 Evacuation Pause)
[6128.368s][info][gc,task        ] GC(953) Using 8 workers of 8 for evacuation
[6128.518s][info][gc,phases      ] GC(953)   Pre Evacuate Collection Set: 0.29ms
[6128.518s][info][gc,phases      ] GC(953)   Merge Heap Roots: 0.53ms
[6128.518s][info][gc,phases      ] GC(953)   Evacuate Collection Set: 148.74ms
[6128.518s][info][gc,phases      ] GC(953)   Post Evacuate Collection Set: 1.01ms
[6128.518s][info][gc,phases      ] GC(953)   Other: 0.08ms
[6128.518s][info][gc,heap        ] GC(953) Eden regions: 550->0(544)
[6128.518s][info][gc,heap        ] GC(953) Survivor regions: 43->42(75)
[6128.518s][info][gc,heap        ] GC(953) Old regions: 303->311
[6128.518s][info][gc,heap        ] GC(953) Humongous regions: 33->33
[6128.518s][info][gc,metaspace   ] GC(953) Metaspace: 30020K(30528K)->30020K(30528K) NonClass: 26619K(26880K)->26619K(26880K) Class: 3400K(3648K)->3400K(3648K)
[6128.518s][info][gc             ] GC(953) Pause Young (Concurrent Start) (G1 Evacuation Pause) 7411M->3069M(8192M) 150.783ms
[6128.518s][info][gc             ] GC(954) Concurrent Mark Cycle
[6128.519s][info][gc,marking     ] GC(954) Concurrent Scan Root Regions
[6128.519s][info][gc,cpu         ] GC(953) User=1.20s Sys=0.00s Real=0.15s
[6128.895s][info][gc,marking     ] GC(954) Concurrent Scan Root Regions 376.717ms
[6128.895s][info][gc,marking     ] GC(954) Concurrent Mark
[6128.895s][info][gc,marking     ] GC(954) Concurrent Mark From Roots
[6128.895s][info][gc,task        ] GC(954) Using 2 workers of 2 for marking
..[6130.389s][info][gc,marking     ] GC(954) Concurrent Mark From Roots 1493.437ms
[6130.389s][info][gc,marking     ] GC(954) Concurrent Preclean
[6130.389s][info][gc,marking     ] GC(954) Concurrent Preclean 0.145ms
[6130.389s][info][gc,start       ] GC(954) Pause Remark
[6130.391s][info][gc             ] GC(954) Pause Remark 5277M->4765M(8192M) 1.796ms
[6130.391s][info][gc,cpu         ] GC(954) User=0.01s Sys=0.00s Real=0.00s
[6130.391s][info][gc,marking     ] GC(954) Concurrent Mark 1495.659ms
[6130.391s][info][gc,marking     ] GC(954) Concurrent Rebuild Remembered Sets and Scrub Regions
.[6131.181s][info][gc,marking     ] GC(954) Concurrent Rebuild Remembered Sets and Scrub Regions 790.031ms
[6131.181s][info][gc,start       ] GC(954) Pause Cleanup
[6131.181s][info][gc             ] GC(954) Pause Cleanup 5886M->5886M(8192M) 0.246ms
[6131.181s][info][gc,cpu         ] GC(954) User=0.01s Sys=0.00s Real=0.00s
[6131.181s][info][gc,marking     ] GC(954) Concurrent Clear Claimed Marks
[6131.181s][info][gc,marking     ] GC(954) Concurrent Clear Claimed Marks 0.043ms
[6131.181s][info][gc,marking     ] GC(954) Concurrent Cleanup for Next Mark
[6131.192s][info][gc,marking     ] GC(954) Concurrent Cleanup for Next Mark 10.068ms
[6131.192s][info][gc             ] GC(954) Concurrent Mark Cycle 2673.149ms
[6131.884s][info][gc,start       ] GC(955) Pause Young (Prepare Mixed) (G1 Evacuation Pause)
[6131.884s][info][gc,task        ] GC(955) Using 8 workers of 8 for evacuation
[6132.034s][info][gc,phases      ] GC(955)   Pre Evacuate Collection Set: 0.25ms
[6132.034s][info][gc,phases      ] GC(955)   Merge Heap Roots: 0.85ms
[6132.034s][info][gc,phases      ] GC(955)   Evacuate Collection Set: 147.63ms
[6132.034s][info][gc,phases      ] GC(955)   Post Evacuate Collection Set: 1.11ms
[6132.034s][info][gc,phases      ] GC(955)   Other: 0.07ms
[6132.034s][info][gc,heap        ] GC(955) Eden regions: 544->0(572)
[6132.034s][info][gc,heap        ] GC(955) Survivor regions: 42->42(74)
[6132.034s][info][gc,heap        ] GC(955) Old regions: 247->254
[6132.034s][info][gc,heap        ] GC(955) Humongous regions: 33->33
[6132.034s][info][gc,metaspace   ] GC(955) Metaspace: 30020K(30528K)->30020K(30528K) NonClass: 26619K(26880K)->26619K(26880K) Class: 3400K(3648K)->3400K(3648K)
[6132.035s][info][gc             ] GC(955) Pause Young (Prepare Mixed) (G1 Evacuation Pause) 6909M->2618M(8192M) 150.051ms
[6132.035s][info][gc,cpu         ] GC(955) User=1.18s Sys=0.01s Real=0.15s
....[6135.600s][info][gc,start       ] GC(956) Pause Young (Mixed) (G1 Evacuation Pause)
[6135.600s][info][gc,task        ] GC(956) Using 8 workers of 8 for evacuation
[6135.760s][info][gc,phases      ] GC(956)   Pre Evacuate Collection Set: 0.28ms
[6135.760s][info][gc,phases      ] GC(956)   Merge Heap Roots: 0.86ms
[6135.760s][info][gc,phases      ] GC(956)   Evacuate Collection Set: 157.57ms
[6135.760s][info][gc,phases      ] GC(956)   Post Evacuate Collection Set: 1.30ms
[6135.760s][info][gc,phases      ] GC(956)   Other: 0.07ms
[6135.760s][info][gc,heap        ] GC(956) Eden regions: 572->0(571)
[6135.760s][info][gc,heap        ] GC(956) Survivor regions: 42->43(77)
[6135.760s][info][gc,heap        ] GC(956) Old regions: 254->160
[6135.760s][info][gc,heap        ] GC(956) Humongous regions: 33->33
[6135.760s][info][gc,metaspace   ] GC(956) Metaspace: 30020K(30528K)->30020K(30528K) NonClass: 26619K(26880K)->26619K(26880K) Class: 3400K(3648K)->3400K(3648K)
[6135.760s][info][gc             ] GC(956) Pause Young (Mixed) (G1 Evacuation Pause) 7194M->1869M(8192M) 160.209ms
[6135.760s][info][gc,cpu         ] GC(956) User=1.27s Sys=0.00s Real=0.16s
....[6139.340s][info][gc,start       ] GC(957) Pause Young (Mixed) (G1 Evacuation Pause)
[6139.340s][info][gc,task        ] GC(957) Using 8 workers of 8 for evacuation
[6139.498s][info][gc,phases      ] GC(957)   Pre Evacuate Collection Set: 0.23ms
[6139.498s][info][gc,phases      ] GC(957)   Merge Heap Roots: 0.77ms
[6139.498s][info][gc,phases      ] GC(957)   Evacuate Collection Set: 155.08ms
[6139.498s][info][gc,phases      ] GC(957)   Post Evacuate Collection Set: 1.10ms
[6139.498s][info][gc,phases      ] GC(957)   Other: 0.06ms
[6139.498s][info][gc,heap        ] GC(957) Eden regions: 571->0(570)
[6139.498s][info][gc,heap        ] GC(957) Survivor regions: 43->44(77)
[6139.498s][info][gc,heap        ] GC(957) Old regions: 160->144
[6139.498s][info][gc,heap        ] GC(957) Humongous regions: 33->33
[6139.498s][info][gc,metaspace   ] GC(957) Metaspace: 30020K(30528K)->30020K(30528K) NonClass: 26619K(26880K)->26619K(26880K) Class: 3400K(3648K)->3400K(3648K)
[6139.498s][info][gc             ] GC(957) Pause Young (Mixed) (G1 Evacuation Pause) 6437M->1746M(8192M) 157.397ms
[6139.498s][info][gc,cpu         ] GC(957) User=1.25s Sys=0.00s Real=0.16s
....[6143.165s][info][gc,start       ] GC(958) Pause Young (Normal) (G1 Evacuation Pause)
[6143.165s][info][gc,task        ] GC(958) Using 8 workers of 8 for evacuation
[6143.321s][info][gc,phases      ] GC(958)   Pre Evacuate Collection Set: 0.22ms
[6143.321s][info][gc,phases      ] GC(958)   Merge Heap Roots: 0.59ms
[6143.321s][info][gc,phases      ] GC(958)   Evacuate Collection Set: 153.82ms
[6143.321s][info][gc,phases      ] GC(958)   Post Evacuate Collection Set: 1.08ms
[6143.321s][info][gc,phases      ] GC(958)   Other: 0.07ms
[6143.321s][info][gc,heap        ] GC(958) Eden regions: 570->0(571)
[6143.321s][info][gc,heap        ] GC(958) Survivor regions: 44->43(77)
[6143.321s][info][gc,heap        ] GC(958) Old regions: 144->151
[6143.321s][info][gc,heap        ] GC(958) Humongous regions: 33->33
[6143.321s][info][gc,metaspace   ] GC(958) Metaspace: 30020K(30528K)->30020K(30528K) NonClass: 26619K(26880K)->26619K(26880K) Class: 3400K(3648K)->3400K(3648K)
[6143.321s][info][gc             ] GC(958) Pause Young (Normal) (G1 Evacuation Pause) 6306M->1797M(8192M) 155.932ms
[6143.321s][info][gc,cpu         ] GC(958) User=1.23s Sys=0.00s Real=0.16s
.. (rIR:aIR:PR = 10101:10091:10090) (tPR = 149602) [OK] 
  6144s: Performance info:
         Transaction,    Success,    Partial,     Failed,   Receipts, AvgBarcode, 
             Overall,     606845,          0,          0,     576395,      59.47, 
         Response times:
             Request,    Success,    Partial,     Failed,   SkipFail,     Probes,    Samples,      min,      p50,      p90,      p95,      p99,      max, 
       TotalPurchase,     576456,          0,          0,          0,     358660,     399136,      300,     7000,    43000,    83000,   144000,  2100000,
     InStorePurchase,     302674,          0,          0,          0,     188590,     209650,      300,     6900,    43000,    85000,   145000,  2100000,
      OnlinePurchase,     212833,          0,          0,          0,     132301,     147343,      300,     7100,    42600,    82000,   142000,  2100000,
        InstPurchase,      60949,          0,          0,          0,      37769,      42143,      400,     7100,    42000,    81000,   143000,  2100000,
          AssocOfCat,        611,          0,          0,          0,        523,        668,    31000,    54000,   114100,   173750,   223930,   373000,
      AssocOfProduct,       6240,          0,          0,          0,       3357,       3912,      400,     7400,    39000,    85000,   150740,   586000,
      BusinessReport,       1517,          0,          0,          0,       1352,       1642,    34000,    61000,   113000,   154850,   238850,   431000,
          CustBuyBeh,       6084,          0,          0,          0,       3338,       3990,      300,     6800,    39000,    79000,   146180,   364000,
       ProductReturn,      16001,          0,          0,          0,       9594,      10855,      300,     6700,    45000,    84200,   141000,   558000,

  6144s: (74%)   IR =  10239 .[6146.940s][info][gc,start       ] GC(959) Pause Young (Normal) (G1 Evacuation Pause)
[6146.940s][info][gc,task        ] GC(959) Using 8 workers of 8 for evacuation
[6147.088s][info][gc,phases      ] GC(959)   Pre Evacuate Collection Set: 0.25ms
[6147.088s][info][gc,phases      ] GC(959)   Merge Heap Roots: 0.52ms
[6147.088s][info][gc,phases      ] GC(959)   Evacuate Collection Set: 146.29ms
[6147.088s][info][gc,phases      ] GC(959)   Post Evacuate Collection Set: 1.06ms
[6147.088s][info][gc,phases      ] GC(959)   Other: 0.06ms
[6147.088s][info][gc,heap        ] GC(959) Eden regions: 571->0(572)
[6147.088s][info][gc,heap        ] GC(959) Survivor regions: 43->42(77)
[6147.088s][info][gc,heap        ] GC(959) Old regions: 151->158
[6147.088s][info][gc,heap        ] GC(959) Humongous regions: 33->33
[6147.088s][info][gc,metaspace   ] GC(959) Metaspace: 30020K(30528K)->30020K(30528K) NonClass: 26619K(26880K)->26619K(26880K) Class: 3400K(3648K)->3400K(3648K)
[6147.088s][info][gc             ] GC(959) Pause Young (Normal) (G1 Evacuation Pause) 6365M->1850M(8192M) 148.311ms
[6147.088s][info][gc,cpu         ] GC(959) User=1.18s Sys=0.00s Real=0.15s
....[6150.689s][info][gc,start       ] GC(960) Pause Young (Normal) (G1 Evacuation Pause)
[6150.689s][info][gc,task        ] GC(960) Using 8 workers of 8 for evacuation
[6150.844s][info][gc,phases      ] GC(960)   Pre Evacuate Collection Set: 0.23ms
[6150.844s][info][gc,phases      ] GC(960)   Merge Heap Roots: 0.51ms
[6150.844s][info][gc,phases      ] GC(960)   Evacuate Collection Set: 153.19ms
[6150.844s][info][gc,phases      ] GC(960)   Post Evacuate Collection Set: 1.14ms
[6150.844s][info][gc,phases      ] GC(960)   Other: 0.06ms
[6150.844s][info][gc,heap        ] GC(960) Eden regions: 572->0(570)
[6150.844s][info][gc,heap        ] GC(960) Survivor regions: 42->44(77)
[6150.844s][info][gc,heap        ] GC(960) Old regions: 158->166
[6150.844s][info][gc,heap        ] GC(960) Humongous regions: 33->33
[6150.844s][info][gc,metaspace   ] GC(960) Metaspace: 30020K(30528K)->30020K(30528K) NonClass: 26619K(26880K)->26619K(26880K) Class: 3400K(3648K)->3400K(3648K)
[6150.844s][info][gc             ] GC(960) Pause Young (Normal) (G1 Evacuation Pause) 6426M->1921M(8192M) 155.262ms
[6150.844s][info][gc,cpu         ] GC(960) User=1.23s Sys=0.00s Real=0.15s
....|[6154.415s][info][gc,start       ] GC(961) Pause Young (Normal) (G1 Evacuation Pause)
[6154.415s][info][gc,task        ] GC(961) Using 8 workers of 8 for evacuation
[6154.566s][info][gc,phases      ] GC(961)   Pre Evacuate Collection Set: 0.22ms
[6154.566s][info][gc,phases      ] GC(961)   Merge Heap Roots: 0.51ms
[6154.566s][info][gc,phases      ] GC(961)   Evacuate Collection Set: 150.03ms
[6154.566s][info][gc,phases      ] GC(961)   Post Evacuate Collection Set: 1.03ms
[6154.566s][info][gc,phases      ] GC(961)   Other: 0.06ms
[6154.566s][info][gc,heap        ] GC(961) Eden regions: 570->0(570)
[6154.566s][info][gc,heap        ] GC(961) Survivor regions: 44->44(77)
[6154.566s][info][gc,heap        ] GC(961) Old regions: 166->173
[6154.566s][info][gc,heap        ] GC(961) Humongous regions: 33->33
[6154.566s][info][gc,metaspace   ] GC(961) Metaspace: 30020K(30528K)->30020K(30528K) NonClass: 26619K(26880K)->26619K(26880K) Class: 3400K(3648K)->3400K(3648K)
[6154.566s][info][gc             ] GC(961) Pause Young (Normal) (G1 Evacuation Pause) 6481M->1978M(8192M) 151.979ms
[6154.567s][info][gc,cpu         ] GC(961) User=1.20s Sys=0.00s Real=0.16s
....[6158.200s][info][gc,start       ] GC(962) Pause Young (Normal) (G1 Evacuation Pause)
[6158.201s][info][gc,task        ] GC(962) Using 8 workers of 8 for evacuation
[6158.351s][info][gc,phases      ] GC(962)   Pre Evacuate Collection Set: 0.22ms
[6158.351s][info][gc,phases      ] GC(962)   Merge Heap Roots: 0.54ms
[6158.351s][info][gc,phases      ] GC(962)   Evacuate Collection Set: 148.96ms
[6158.351s][info][gc,phases      ] GC(962)   Post Evacuate Collection Set: 1.03ms
[6158.351s][info][gc,phases      ] GC(962)   Other: 0.06ms
[6158.351s][info][gc,heap        ] GC(962) Eden regions: 570->0(571)
[6158.351s][info][gc,heap        ] GC(962) Survivor regions: 44->43(77)
[6158.351s][info][gc,heap        ] GC(962) Old regions: 173->180
[6158.351s][info][gc,heap        ] GC(962) Humongous regions: 33->33
[6158.351s][info][gc,metaspace   ] GC(962) Metaspace: 30020K(30528K)->30020K(30528K) NonClass: 26619K(26880K)->26619K(26880K) Class: 3400K(3648K)->3400K(3648K)
[6158.351s][info][gc             ] GC(962) Pause Young (Normal) (G1 Evacuation Pause) 6538M->2030M(8192M) 150.951ms
[6158.351s][info][gc,cpu         ] GC(962) User=1.19s Sys=0.00s Real=0.15s
...[6161.790s][info][gc,start       ] GC(963) Pause Young (Normal) (G1 Evacuation Pause)
[6161.790s][info][gc,task        ] GC(963) Using 8 workers of 8 for evacuation
[6161.944s][info][gc,phases      ] GC(963)   Pre Evacuate Collection Set: 0.24ms
[6161.944s][info][gc,phases      ] GC(963)   Merge Heap Roots: 0.52ms
[6161.944s][info][gc,phases      ] GC(963)   Evacuate Collection Set: 151.62ms
[6161.944s][info][gc,phases      ] GC(963)   Post Evacuate Collection Set: 1.04ms
[6161.944s][info][gc,phases      ] GC(963)   Other: 0.07ms
[6161.944s][info][gc,heap        ] GC(963) Eden regions: 571->0(570)
[6161.944s][info][gc,heap        ] GC(963) Survivor regions: 43->44(77)
[6161.944s][info][gc,heap        ] GC(963) Old regions: 180->187
[6161.944s][info][gc,heap        ] GC(963) Humongous regions: 33->33
[6161.944s][info][gc,metaspace   ] GC(963) Metaspace: 30020K(30528K)->30020K(30528K) NonClass: 26619K(26880K)->26619K(26880K) Class: 3400K(3648K)->3400K(3648K)
[6161.944s][info][gc             ] GC(963) Pause Young (Normal) (G1 Evacuation Pause) 6598M->2091M(8192M) 153.619ms
[6161.944s][info][gc,cpu         ] GC(963) User=1.22s Sys=0.00s Real=0.15s
....[6165.568s][info][gc,start       ] GC(964) Pause Young (Normal) (G1 Evacuation Pause)
[6165.568s][info][gc,task        ] GC(964) Using 8 workers of 8 for evacuation
[6165.723s][info][gc,phases      ] GC(964)   Pre Evacuate Collection Set: 0.22ms
[6165.723s][info][gc,phases      ] GC(964)   Merge Heap Roots: 0.53ms
[6165.723s][info][gc,phases      ] GC(964)   Evacuate Collection Set: 154.03ms
[6165.723s][info][gc,phases      ] GC(964)   Post Evacuate Collection Set: 1.07ms
[6165.724s][info][gc,phases      ] GC(964)   Other: 0.06ms
[6165.724s][info][gc,heap        ] GC(964) Eden regions: 570->0(570)
[6165.724s][info][gc,heap        ] GC(964) Survivor regions: 44->44(77)
[6165.724s][info][gc,heap        ] GC(964) Old regions: 187->194
[6165.724s][info][gc,heap        ] GC(964) Humongous regions: 33->33
[6165.724s][info][gc,metaspace   ] GC(964) Metaspace: 30020K(30528K)->30020K(30528K) NonClass: 26619K(26880K)->26619K(26880K) Class: 3400K(3648K)->3400K(3648K)
[6165.724s][info][gc             ] GC(964) Pause Young (Normal) (G1 Evacuation Pause) 6651M->2151M(8192M) 156.048ms
[6165.724s][info][gc,cpu         ] GC(964) User=1.24s Sys=0.00s Real=0.15s
....[6169.242s][info][gc,start       ] GC(965) Pause Young (Normal) (G1 Evacuation Pause)
[6169.242s][info][gc,task        ] GC(965) Using 8 workers of 8 for evacuation
[6169.394s][info][gc,phases      ] GC(965)   Pre Evacuate Collection Set: 0.23ms
[6169.394s][info][gc,phases      ] GC(965)   Merge Heap Roots: 0.55ms
[6169.394s][info][gc,phases      ] GC(965)   Evacuate Collection Set: 150.13ms
[6169.394s][info][gc,phases      ] GC(965)   Post Evacuate Collection Set: 1.02ms
[6169.394s][info][gc,phases      ] GC(965)   Other: 0.06ms
[6169.394s][info][gc,heap        ] GC(965) Eden regions: 570->0(571)
[6169.394s][info][gc,heap        ] GC(965) Survivor regions: 44->43(77)
[6169.394s][info][gc,heap        ] GC(965) Old regions: 194->201
[6169.394s][info][gc,heap        ] GC(965) Humongous regions: 33->33
[6169.394s][info][gc,metaspace   ] GC(965) Metaspace: 30020K(30528K)->30020K(30528K) NonClass: 26619K(26880K)->26619K(26880K) Class: 3400K(3648K)->3400K(3648K)
[6169.395s][info][gc             ] GC(965) Pause Young (Normal) (G1 Evacuation Pause) 6711M->2202M(8192M) 152.131ms
[6169.395s][info][gc,cpu         ] GC(965) User=1.21s Sys=0.00s Real=0.15s
...[6172.984s][info][gc,start       ] GC(966) Pause Young (Normal) (G1 Evacuation Pause)
[6172.984s][info][gc,task        ] GC(966) Using 8 workers of 8 for evacuation
[6173.138s][info][gc,phases      ] GC(966)   Pre Evacuate Collection Set: 0.26ms
[6173.138s][info][gc,phases      ] GC(966)   Merge Heap Roots: 0.54ms
[6173.138s][info][gc,phases      ] GC(966)   Evacuate Collection Set: 152.25ms
[6173.138s][info][gc,phases      ] GC(966)   Post Evacuate Collection Set: 1.06ms
[6173.138s][info][gc,phases      ] GC(966)   Other: 0.06ms
[6173.138s][info][gc,heap        ] GC(966) Eden regions: 571->0(570)
[6173.138s][info][gc,heap        ] GC(966) Survivor regions: 43->44(77)
[6173.138s][info][gc,heap        ] GC(966) Old regions: 201->208
[6173.138s][info][gc,heap        ] GC(966) Humongous regions: 33->33
[6173.138s][info][gc,metaspace   ] GC(966) Metaspace: 30020K(30528K)->30020K(30528K) NonClass: 26619K(26880K)->26619K(26880K) Class: 3400K(3648K)->3400K(3648K)
[6173.138s][info][gc             ] GC(966) Pause Young (Normal) (G1 Evacuation Pause) 6770M->2263M(8192M) 154.327ms
[6173.139s][info][gc,cpu         ] GC(966) User=1.22s Sys=0.00s Real=0.16s
....[6176.747s][info][gc,start       ] GC(967) Pause Young (Normal) (G1 Evacuation Pause)
[6176.747s][info][gc,task        ] GC(967) Using 8 workers of 8 for evacuation
[6176.900s][info][gc,phases      ] GC(967)   Pre Evacuate Collection Set: 0.26ms
[6176.900s][info][gc,phases      ] GC(967)   Merge Heap Roots: 0.62ms
[6176.900s][info][gc,phases      ] GC(967)   Evacuate Collection Set: 150.56ms
[6176.900s][info][gc,phases      ] GC(967)   Post Evacuate Collection Set: 1.04ms
[6176.900s][info][gc,phases      ] GC(967)   Other: 0.07ms
[6176.900s][info][gc,heap        ] GC(967) Eden regions: 570->0(571)
[6176.900s][info][gc,heap        ] GC(967) Survivor regions: 44->43(77)
[6176.900s][info][gc,heap        ] GC(967) Old regions: 208->215
[6176.900s][info][gc,heap        ] GC(967) Humongous regions: 33->33
[6176.900s][info][gc,metaspace   ] GC(967) Metaspace: 30020K(30528K)->30020K(30528K) NonClass: 26619K(26880K)->26619K(26880K) Class: 3400K(3648K)->3400K(3648K)
[6176.900s][info][gc             ] GC(967) Pause Young (Normal) (G1 Evacuation Pause) 6823M->2315M(8192M) 152.666ms
[6176.900s][info][gc,cpu         ] GC(967) User=1.21s Sys=0.00s Real=0.15s
....[6180.473s][info][gc,start       ] GC(968) Pause Young (Normal) (G1 Evacuation Pause)
[6180.473s][info][gc,task        ] GC(968) Using 8 workers of 8 for evacuation
[6180.629s][info][gc,phases      ] GC(968)   Pre Evacuate Collection Set: 0.22ms
[6180.629s][info][gc,phases      ] GC(968)   Merge Heap Roots: 0.59ms
[6180.629s][info][gc,phases      ] GC(968)   Evacuate Collection Set: 154.46ms
[6180.629s][info][gc,phases      ] GC(968)   Post Evacuate Collection Set: 1.06ms
[6180.629s][info][gc,phases      ] GC(968)   Other: 0.06ms
[6180.629s][info][gc,heap        ] GC(968) Eden regions: 571->0(570)
[6180.629s][info][gc,heap        ] GC(968) Survivor regions: 43->44(77)
[6180.629s][info][gc,heap        ] GC(968) Old regions: 215->223
[6180.629s][info][gc,heap        ] GC(968) Humongous regions: 33->33
[6180.629s][info][gc,metaspace   ] GC(968) Metaspace: 30020K(30528K)->30020K(30528K) NonClass: 26619K(26880K)->26619K(26880K) Class: 3400K(3648K)->3400K(3648K)
[6180.629s][info][gc             ] GC(968) Pause Young (Normal) (G1 Evacuation Pause) 6883M->2381M(8192M) 156.518ms
[6180.630s][info][gc,cpu         ] GC(968) User=1.24s Sys=0.00s Real=0.16s
....[6184.325s][info][gc,start       ] GC(969) Pause Young (Normal) (G1 Evacuation Pause)
[6184.325s][info][gc,task        ] GC(969) Using 8 workers of 8 for evacuation
[6184.477s][info][gc,phases      ] GC(969)   Pre Evacuate Collection Set: 0.23ms
[6184.477s][info][gc,phases      ] GC(969)   Merge Heap Roots: 0.55ms
[6184.477s][info][gc,phases      ] GC(969)   Evacuate Collection Set: 150.23ms
[6184.477s][info][gc,phases      ] GC(969)   Post Evacuate Collection Set: 1.05ms
[6184.477s][info][gc,phases      ] GC(969)   Other: 0.08ms
[6184.477s][info][gc,heap        ] GC(969) Eden regions: 570->0(571)
[6184.477s][info][gc,heap        ] GC(969) Survivor regions: 44->43(77)
[6184.477s][info][gc,heap        ] GC(969) Old regions: 223->229
[6184.477s][info][gc,heap        ] GC(969) Humongous regions: 33->33
[6184.477s][info][gc,metaspace   ] GC(969) Metaspace: 30020K(30528K)->30020K(30528K) NonClass: 26619K(26880K)->26619K(26880K) Class: 3400K(3648K)->3400K(3648K)
[6184.477s][info][gc             ] GC(969) Pause Young (Normal) (G1 Evacuation Pause) 6941M->2427M(8192M) 152.286ms
[6184.477s][info][gc,cpu         ] GC(969) User=1.21s Sys=0.00s Real=0.16s
...[6187.999s][info][gc,start       ] GC(970) Pause Young (Normal) (G1 Evacuation Pause)
[6187.999s][info][gc,task        ] GC(970) Using 8 workers of 8 for evacuation
[6188.155s][info][gc,phases      ] GC(970)   Pre Evacuate Collection Set: 0.25ms
[6188.155s][info][gc,phases      ] GC(970)   Merge Heap Roots: 0.52ms
[6188.155s][info][gc,phases      ] GC(970)   Evacuate Collection Set: 153.90ms
[6188.155s][info][gc,phases      ] GC(970)   Post Evacuate Collection Set: 1.06ms
[6188.155s][info][gc,phases      ] GC(970)   Other: 0.06ms
[6188.155s][info][gc,heap        ] GC(970) Eden regions: 571->0(570)
[6188.155s][info][gc,heap        ] GC(970) Survivor regions: 43->44(77)
[6188.155s][info][gc,heap        ] GC(970) Old regions: 229->236
[6188.155s][info][gc,heap        ] GC(970) Humongous regions: 33->33
[6188.155s][info][gc,metaspace   ] GC(970) Metaspace: 30020K(30528K)->30020K(30528K) NonClass: 26619K(26880K)->26619K(26880K) Class: 3400K(3648K)->3400K(3648K)
[6188.155s][info][gc             ] GC(970) Pause Young (Normal) (G1 Evacuation Pause) 6995M->2487M(8192M) 155.923ms
[6188.155s][info][gc,cpu         ] GC(970) User=1.23s Sys=0.00s Real=0.15s
....[6191.691s][info][gc,start       ] GC(971) Pause Young (Normal) (G1 Evacuation Pause)
[6191.691s][info][gc,task        ] GC(971) Using 8 workers of 8 for evacuation
[6191.843s][info][gc,phases      ] GC(971)   Pre Evacuate Collection Set: 0.23ms
[6191.843s][info][gc,phases      ] GC(971)   Merge Heap Roots: 0.53ms
[6191.843s][info][gc,phases      ] GC(971)   Evacuate Collection Set: 150.21ms
[6191.843s][info][gc,phases      ] GC(971)   Post Evacuate Collection Set: 1.05ms
[6191.843s][info][gc,phases      ] GC(971)   Other: 0.06ms
[6191.843s][info][gc,heap        ] GC(971) Eden regions: 570->0(571)
[6191.843s][info][gc,heap        ] GC(971) Survivor regions: 44->43(77)
[6191.843s][info][gc,heap        ] GC(971) Old regions: 236->244
[6191.843s][info][gc,heap        ] GC(971) Humongous regions: 33->33
[6191.843s][info][gc,metaspace   ] GC(971) Metaspace: 30020K(30528K)->30020K(30528K) NonClass: 26619K(26880K)->26619K(26880K) Class: 3400K(3648K)->3400K(3648K)
[6191.843s][info][gc             ] GC(971) Pause Young (Normal) (G1 Evacuation Pause) 7047M->2542M(8192M) 152.212ms
[6191.844s][info][gc,cpu         ] GC(971) User=1.21s Sys=0.00s Real=0.15s
....[6195.376s][info][gc,start       ] GC(972) Pause Young (Normal) (G1 Evacuation Pause)
[6195.376s][info][gc,task        ] GC(972) Using 8 workers of 8 for evacuation
[6195.533s][info][gc,phases      ] GC(972)   Pre Evacuate Collection Set: 0.25ms
[6195.533s][info][gc,phases      ] GC(972)   Merge Heap Roots: 0.52ms
[6195.533s][info][gc,phases      ] GC(972)   Evacuate Collection Set: 154.70ms
[6195.533s][info][gc,phases      ] GC(972)   Post Evacuate Collection Set: 1.05ms
[6195.533s][info][gc,phases      ] GC(972)   Other: 0.08ms
[6195.533s][info][gc,heap        ] GC(972) Eden regions: 571->0(569)
[6195.533s][info][gc,heap        ] GC(972) Survivor regions: 43->45(77)
[6195.533s][info][gc,heap        ] GC(972) Old regions: 244->251
[6195.533s][info][gc,heap        ] GC(972) Humongous regions: 33->33
[6195.533s][info][gc,metaspace   ] GC(972) Metaspace: 30020K(30528K)->30020K(30528K) NonClass: 26619K(26880K)->26619K(26880K) Class: 3400K(3648K)->3400K(3648K)
[6195.533s][info][gc             ] GC(972) Pause Young (Normal) (G1 Evacuation Pause) 7110M->2611M(8192M) 156.733ms
[6195.533s][info][gc,cpu         ] GC(972) User=1.24s Sys=0.00s Real=0.15s
...[6199.106s][info][gc,start       ] GC(973) Pause Young (Normal) (G1 Evacuation Pause)
[6199.106s][info][gc,task        ] GC(973) Using 8 workers of 8 for evacuation
[6199.261s][info][gc,phases      ] GC(973)   Pre Evacuate Collection Set: 0.21ms
[6199.261s][info][gc,phases      ] GC(973)   Merge Heap Roots: 0.52ms
[6199.261s][info][gc,phases      ] GC(973)   Evacuate Collection Set: 152.65ms
[6199.261s][info][gc,phases      ] GC(973)   Post Evacuate Collection Set: 1.03ms
[6199.261s][info][gc,phases      ] GC(973)   Other: 0.06ms
[6199.261s][info][gc,heap        ] GC(973) Eden regions: 569->0(570)
[6199.261s][info][gc,heap        ] GC(973) Survivor regions: 45->44(77)
[6199.261s][info][gc,heap        ] GC(973) Old regions: 251->258
[6199.261s][info][gc,heap        ] GC(973) Humongous regions: 33->33
[6199.261s][info][gc,metaspace   ] GC(973) Metaspace: 30020K(30528K)->30020K(30528K) NonClass: 26619K(26880K)->26619K(26880K) Class: 3400K(3648K)->3400K(3648K)
[6199.261s][info][gc             ] GC(973) Pause Young (Normal) (G1 Evacuation Pause) 7163M->2662M(8192M) 154.614ms
[6199.261s][info][gc,cpu         ] GC(973) User=1.22s Sys=0.00s Real=0.15s
....[6202.736s][info][gc,start       ] GC(974) Pause Young (Normal) (G1 Evacuation Pause)
[6202.736s][info][gc,task        ] GC(974) Using 8 workers of 8 for evacuation
[6202.887s][info][gc,phases      ] GC(974)   Pre Evacuate Collection Set: 0.26ms
[6202.887s][info][gc,phases      ] GC(974)   Merge Heap Roots: 0.53ms
[6202.887s][info][gc,phases      ] GC(974)   Evacuate Collection Set: 149.52ms
[6202.887s][info][gc,phases      ] GC(974)   Post Evacuate Collection Set: 1.03ms
[6202.887s][info][gc,phases      ] GC(974)   Other: 0.06ms
[6202.887s][info][gc,heap        ] GC(974) Eden regions: 570->0(571)
[6202.887s][info][gc,heap        ] GC(974) Survivor regions: 44->43(77)
[6202.887s][info][gc,heap        ] GC(974) Old regions: 258->265
[6202.887s][info][gc,heap        ] GC(974) Humongous regions: 33->33
[6202.887s][info][gc,metaspace   ] GC(974) Metaspace: 30020K(30528K)->30020K(30528K) NonClass: 26619K(26880K)->26619K(26880K) Class: 3400K(3648K)->3400K(3648K)
[6202.887s][info][gc             ] GC(974) Pause Young (Normal) (G1 Evacuation Pause) 7222M->2715M(8192M) 151.528ms
[6202.887s][info][gc,cpu         ] GC(974) User=1.20s Sys=0.00s Real=0.16s
....[6206.641s][info][gc,start       ] GC(975) Pause Young (Normal) (G1 Evacuation Pause)
[6206.642s][info][gc,task        ] GC(975) Using 8 workers of 8 for evacuation
[6206.792s][info][gc,phases      ] GC(975)   Pre Evacuate Collection Set: 0.23ms
[6206.792s][info][gc,phases      ] GC(975)   Merge Heap Roots: 0.60ms
[6206.792s][info][gc,phases      ] GC(975)   Evacuate Collection Set: 148.93ms
[6206.792s][info][gc,phases      ] GC(975)   Post Evacuate Collection Set: 1.09ms
[6206.792s][info][gc,phases      ] GC(975)   Other: 0.06ms
[6206.792s][info][gc,heap        ] GC(975) Eden regions: 571->0(571)
[6206.792s][info][gc,heap        ] GC(975) Survivor regions: 43->43(77)
[6206.792s][info][gc,heap        ] GC(975) Old regions: 265->273
[6206.792s][info][gc,heap        ] GC(975) Humongous regions: 33->33
[6206.792s][info][gc,metaspace   ] GC(975) Metaspace: 30020K(30528K)->30020K(30528K) NonClass: 26619K(26880K)->26619K(26880K) Class: 3400K(3648K)->3400K(3648K)
[6206.793s][info][gc             ] GC(975) Pause Young (Normal) (G1 Evacuation Pause) 7283M->2771M(8192M) 151.042ms
[6206.793s][info][gc,cpu         ] GC(975) User=1.19s Sys=0.00s Real=0.15s
....[6210.449s][info][gc,start       ] GC(976) Pause Young (Normal) (G1 Evacuation Pause)
[6210.449s][info][gc,task        ] GC(976) Using 8 workers of 8 for evacuation
[6210.599s][info][gc,phases      ] GC(976)   Pre Evacuate Collection Set: 0.25ms
[6210.599s][info][gc,phases      ] GC(976)   Merge Heap Roots: 0.54ms
[6210.599s][info][gc,phases      ] GC(976)   Evacuate Collection Set: 147.81ms
[6210.599s][info][gc,phases      ] GC(976)   Post Evacuate Collection Set: 1.05ms
[6210.599s][info][gc,phases      ] GC(976)   Other: 0.07ms
[6210.599s][info][gc,heap        ] GC(976) Eden regions: 571->0(571)
[6210.599s][info][gc,heap        ] GC(976) Survivor regions: 43->43(77)
[6210.599s][info][gc,heap        ] GC(976) Old regions: 273->280
[6210.599s][info][gc,heap        ] GC(976) Humongous regions: 33->33
[6210.599s][info][gc,metaspace   ] GC(976) Metaspace: 30020K(30528K)->30020K(30528K) NonClass: 26619K(26880K)->26619K(26880K) Class: 3400K(3648K)->3400K(3648K)
[6210.599s][info][gc             ] GC(976) Pause Young (Normal) (G1 Evacuation Pause) 7339M->2835M(8192M) 149.858ms
[6210.599s][info][gc,cpu         ] GC(976) User=1.19s Sys=0.00s Real=0.15s
...[6214.154s][info][gc,start       ] GC(977) Pause Young (Normal) (G1 Evacuation Pause)
[6214.154s][info][gc,task        ] GC(977) Using 8 workers of 8 for evacuation
[6214.310s][info][gc,phases      ] GC(977)   Pre Evacuate Collection Set: 0.24ms
[6214.310s][info][gc,phases      ] GC(977)   Merge Heap Roots: 0.53ms
[6214.310s][info][gc,phases      ] GC(977)   Evacuate Collection Set: 154.08ms
[6214.310s][info][gc,phases      ] GC(977)   Post Evacuate Collection Set: 1.05ms
[6214.310s][info][gc,phases      ] GC(977)   Other: 0.06ms
[6214.310s][info][gc,heap        ] GC(977) Eden regions: 571->0(563)
[6214.310s][info][gc,heap        ] GC(977) Survivor regions: 43->44(77)
[6214.310s][info][gc,heap        ] GC(977) Old regions: 280->288
[6214.310s][info][gc,heap        ] GC(977) Humongous regions: 33->33
[6214.310s][info][gc,metaspace   ] GC(977) Metaspace: 30020K(30528K)->30020K(30528K) NonClass: 26619K(26880K)->26619K(26880K) Class: 3400K(3648K)->3400K(3648K)
[6214.310s][info][gc             ] GC(977) Pause Young (Normal) (G1 Evacuation Pause) 7403M->2898M(8192M) 156.084ms
[6214.310s][info][gc,cpu         ] GC(977) User=1.23s Sys=0.00s Real=0.16s
. (rIR:aIR:PR = 10239:10218:10206) (tPR = 151998) [OK] 
  6214s: Performance info:
         Transaction,    Success,    Partial,     Failed,   Receipts, AvgBarcode, 
             Overall,     614347,          0,          0,     583731,      59.47, 
         Response times:
             Request,    Success,    Partial,     Failed,   SkipFail,     Probes,    Samples,      min,      p50,      p90,      p95,      p99,      max, 
       TotalPurchase,     584388,          0,          0,          0,     358569,     416216,      300,     7100,    25000,    55000,   130000,   690000,
     InStorePurchase,     307497,          0,          0,          0,     189234,     219253,      300,     7100,    25000,    55000,   131000,   690000,
      OnlinePurchase,     215993,          0,          0,          0,     131649,     152681,      300,     7000,    25000,    57000,   130000,   620000,
        InstPurchase,      60898,          0,          0,          0,      37686,      44282,      400,     7100,    24000,    53000,   125000,   537000,
          AssocOfCat,        616,          0,          0,          0,        519,        691,    30000,    54000,    79000,   110400,   187000,   267000,
      AssocOfProduct,       6225,          0,          0,          0,       3454,       4183,      700,     6600,    22000,    48000,   119000,   230000,
      BusinessReport,       1538,          0,          0,          0,       1392,       1773,    32000,    61000,    90600,   121000,   220000,   288000,
          CustBuyBeh,       6096,          0,          0,          0,       3485,       4225,      100,     6900,    26000,    56700,   138740,   490000,
       ProductReturn,      16220,          0,          0,          0,       9715,      11506,      200,     6700,    24000,    63000,   137000,   680000,

  6214s: (75%)   IR =  10378 ...[6217.720s][info][gc,start       ] GC(978) Pause Young (Normal) (G1 Evacuation Pause)
[6217.720s][info][gc,task        ] GC(978) Using 8 workers of 8 for evacuation
[6217.871s][info][gc,phases      ] GC(978)   Pre Evacuate Collection Set: 0.26ms
[6217.871s][info][gc,phases      ] GC(978)   Merge Heap Roots: 0.54ms
[6217.871s][info][gc,phases      ] GC(978)   Evacuate Collection Set: 148.92ms
[6217.871s][info][gc,phases      ] GC(978)   Post Evacuate Collection Set: 1.12ms
[6217.871s][info][gc,phases      ] GC(978)   Other: 0.06ms
[6217.871s][info][gc,heap        ] GC(978) Eden regions: 563->0(556)
[6217.871s][info][gc,heap        ] GC(978) Survivor regions: 44->44(76)
[6217.871s][info][gc,heap        ] GC(978) Old regions: 288->295
[6217.871s][info][gc,heap        ] GC(978) Humongous regions: 33->33
[6217.871s][info][gc,metaspace   ] GC(978) Metaspace: 30020K(30528K)->30020K(30528K) NonClass: 26619K(26880K)->26619K(26880K) Class: 3400K(3648K)->3400K(3648K)
[6217.871s][info][gc             ] GC(978) Pause Young (Normal) (G1 Evacuation Pause) 7402M->2955M(8192M) 151.036ms
[6217.871s][info][gc,cpu         ] GC(978) User=1.19s Sys=0.00s Real=0.15s
...|[6221.286s][info][gc,start       ] GC(979) Pause Young (Normal) (G1 Evacuation Pause)
[6221.286s][info][gc,task        ] GC(979) Using 8 workers of 8 for evacuation
[6221.438s][info][gc,phases      ] GC(979)   Pre Evacuate Collection Set: 0.23ms
[6221.439s][info][gc,phases      ] GC(979)   Merge Heap Roots: 0.54ms
[6221.439s][info][gc,phases      ] GC(979)   Evacuate Collection Set: 150.95ms
[6221.439s][info][gc,phases      ] GC(979)   Post Evacuate Collection Set: 1.02ms
[6221.439s][info][gc,phases      ] GC(979)   Other: 0.06ms
[6221.439s][info][gc,heap        ] GC(979) Eden regions: 556->0(550)
[6221.439s][info][gc,heap        ] GC(979) Survivor regions: 44->43(75)
[6221.439s][info][gc,heap        ] GC(979) Old regions: 295->303
[6221.439s][info][gc,heap        ] GC(979) Humongous regions: 33->33
[6221.439s][info][gc,metaspace   ] GC(979) Metaspace: 30020K(30528K)->30020K(30528K) NonClass: 26619K(26880K)->26619K(26880K) Class: 3400K(3648K)->3400K(3648K)
[6221.439s][info][gc             ] GC(979) Pause Young (Normal) (G1 Evacuation Pause) 7403M->3014M(8192M) 152.925ms
[6221.439s][info][gc,cpu         ] GC(979) User=1.21s Sys=0.00s Real=0.16s
....[6224.829s][info][gc,start       ] GC(980) Pause Young (Concurrent Start) (G1 Evacuation Pause)
[6224.829s][info][gc,task        ] GC(980) Using 8 workers of 8 for evacuation
[6224.991s][info][gc,phases      ] GC(980)   Pre Evacuate Collection Set: 0.27ms
[6224.991s][info][gc,phases      ] GC(980)   Merge Heap Roots: 0.55ms
[6224.991s][info][gc,phases      ] GC(980)   Evacuate Collection Set: 160.04ms
[6224.991s][info][gc,phases      ] GC(980)   Post Evacuate Collection Set: 1.04ms
[6224.991s][info][gc,phases      ] GC(980)   Other: 0.11ms
[6224.991s][info][gc,heap        ] GC(980) Eden regions: 550->0(541)
[6224.991s][info][gc,heap        ] GC(980) Survivor regions: 43->44(75)
[6224.991s][info][gc,heap        ] GC(980) Old regions: 303->310
[6224.991s][info][gc,heap        ] GC(980) Humongous regions: 33->33
[6224.991s][info][gc,metaspace   ] GC(980) Metaspace: 30020K(30528K)->30020K(30528K) NonClass: 26619K(26880K)->26619K(26880K) Class: 3400K(3648K)->3400K(3648K)
[6224.991s][info][gc             ] GC(980) Pause Young (Concurrent Start) (G1 Evacuation Pause) 7414M->3079M(8192M) 162.134ms
[6224.991s][info][gc             ] GC(981) Concurrent Mark Cycle
[6224.991s][info][gc,marking     ] GC(981) Concurrent Scan Root Regions
[6224.991s][info][gc,cpu         ] GC(980) User=1.29s Sys=0.00s Real=0.16s
[6225.362s][info][gc,marking     ] GC(981) Concurrent Scan Root Regions 371.002ms
[6225.362s][info][gc,marking     ] GC(981) Concurrent Mark
[6225.362s][info][gc,marking     ] GC(981) Concurrent Mark From Roots
[6225.362s][info][gc,task        ] GC(981) Using 2 workers of 2 for marking
..[6226.726s][info][gc,marking     ] GC(981) Concurrent Mark From Roots 1363.642ms
[6226.726s][info][gc,marking     ] GC(981) Concurrent Preclean
[6226.726s][info][gc,marking     ] GC(981) Concurrent Preclean 0.152ms
[6226.726s][info][gc,start       ] GC(981) Pause Remark
[6226.728s][info][gc             ] GC(981) Pause Remark 5032M->4512M(8192M) 1.760ms
[6226.728s][info][gc,cpu         ] GC(981) User=0.01s Sys=0.00s Real=0.00s
[6226.728s][info][gc,marking     ] GC(981) Concurrent Mark 1365.819ms
[6226.728s][info][gc,marking     ] GC(981) Concurrent Rebuild Remembered Sets and Scrub Regions
.[6227.583s][info][gc,marking     ] GC(981) Concurrent Rebuild Remembered Sets and Scrub Regions 855.615ms
[6227.584s][info][gc,start       ] GC(981) Pause Cleanup
[6227.584s][info][gc             ] GC(981) Pause Cleanup 5775M->5775M(8192M) 0.263ms
[6227.584s][info][gc,cpu         ] GC(981) User=0.00s Sys=0.00s Real=0.00s
[6227.584s][info][gc,marking     ] GC(981) Concurrent Clear Claimed Marks
[6227.584s][info][gc,marking     ] GC(981) Concurrent Clear Claimed Marks 0.045ms
[6227.584s][info][gc,marking     ] GC(981) Concurrent Cleanup for Next Mark
[6227.594s][info][gc,marking     ] GC(981) Concurrent Cleanup for Next Mark 9.723ms
[6227.594s][info][gc             ] GC(981) Concurrent Mark Cycle 2602.861ms
[6228.349s][info][gc,start       ] GC(982) Pause Young (Prepare Mixed) (G1 Evacuation Pause)
[6228.349s][info][gc,task        ] GC(982) Using 8 workers of 8 for evacuation
[6228.503s][info][gc,phases      ] GC(982)   Pre Evacuate Collection Set: 0.22ms
[6228.503s][info][gc,phases      ] GC(982)   Merge Heap Roots: 0.75ms
[6228.503s][info][gc,phases      ] GC(982)   Evacuate Collection Set: 151.61ms
[6228.503s][info][gc,phases      ] GC(982)   Post Evacuate Collection Set: 1.16ms
[6228.503s][info][gc,phases      ] GC(982)   Other: 0.06ms
[6228.503s][info][gc,heap        ] GC(982) Eden regions: 541->0(571)
[6228.503s][info][gc,heap        ] GC(982) Survivor regions: 44->43(74)
[6228.503s][info][gc,heap        ] GC(982) Old regions: 245->252
[6228.503s][info][gc,heap        ] GC(982) Humongous regions: 33->33
[6228.503s][info][gc,metaspace   ] GC(982) Metaspace: 30020K(30528K)->30020K(30528K) NonClass: 26619K(26880K)->26619K(26880K) Class: 3400K(3648K)->3400K(3648K)
[6228.503s][info][gc             ] GC(982) Pause Young (Prepare Mixed) (G1 Evacuation Pause) 6887M->2607M(8192M) 153.931ms
[6228.503s][info][gc,cpu         ] GC(982) User=1.22s Sys=0.00s Real=0.15s
....[6232.107s][info][gc,start       ] GC(983) Pause Young (Mixed) (G1 Evacuation Pause)
[6232.107s][info][gc,task        ] GC(983) Using 8 workers of 8 for evacuation
[6232.263s][info][gc,phases      ] GC(983)   Pre Evacuate Collection Set: 0.29ms
[6232.263s][info][gc,phases      ] GC(983)   Merge Heap Roots: 0.83ms
[6232.263s][info][gc,phases      ] GC(983)   Evacuate Collection Set: 153.70ms
[6232.263s][info][gc,phases      ] GC(983)   Post Evacuate Collection Set: 1.28ms
[6232.263s][info][gc,phases      ] GC(983)   Other: 0.08ms
[6232.263s][info][gc,heap        ] GC(983) Eden regions: 571->0(572)
[6232.263s][info][gc,heap        ] GC(983) Survivor regions: 43->42(77)
[6232.263s][info][gc,heap        ] GC(983) Old regions: 252->158
[6232.263s][info][gc,heap        ] GC(983) Humongous regions: 33->33
[6232.263s][info][gc,metaspace   ] GC(983) Metaspace: 30020K(30528K)->30020K(30528K) NonClass: 26619K(26880K)->26619K(26880K) Class: 3400K(3648K)->3400K(3648K)
[6232.263s][info][gc             ] GC(983) Pause Young (Mixed) (G1 Evacuation Pause) 7175M->1845M(8192M) 156.302ms
[6232.263s][info][gc,cpu         ] GC(983) User=1.24s Sys=0.01s Real=0.15s
....[6235.783s][info][gc,start       ] GC(984) Pause Young (Mixed) (G1 Evacuation Pause)
[6235.783s][info][gc,task        ] GC(984) Using 8 workers of 8 for evacuation
[6235.945s][info][gc,phases      ] GC(984)   Pre Evacuate Collection Set: 0.28ms
[6235.945s][info][gc,phases      ] GC(984)   Merge Heap Roots: 0.77ms
[6235.945s][info][gc,phases      ] GC(984)   Evacuate Collection Set: 159.76ms
[6235.945s][info][gc,phases      ] GC(984)   Post Evacuate Collection Set: 1.07ms
[6235.945s][info][gc,phases      ] GC(984)   Other: 0.07ms
[6235.945s][info][gc,heap        ] GC(984) Eden regions: 572->0(571)
[6235.945s][info][gc,heap        ] GC(984) Survivor regions: 42->43(77)
[6235.945s][info][gc,heap        ] GC(984) Old regions: 158->144
[6235.945s][info][gc,heap        ] GC(984) Humongous regions: 33->33
[6235.945s][info][gc,metaspace   ] GC(984) Metaspace: 30020K(30528K)->30020K(30528K) NonClass: 26619K(26880K)->26619K(26880K) Class: 3400K(3648K)->3400K(3648K)
[6235.945s][info][gc             ] GC(984) Pause Young (Mixed) (G1 Evacuation Pause) 6421M->1742M(8192M) 162.069ms
[6235.945s][info][gc,cpu         ] GC(984) User=1.28s Sys=0.00s Real=0.16s
...[6239.485s][info][gc,start       ] GC(985) Pause Young (Normal) (G1 Evacuation Pause)
[6239.485s][info][gc,task        ] GC(985) Using 8 workers of 8 for evacuation
[6239.638s][info][gc,phases      ] GC(985)   Pre Evacuate Collection Set: 0.23ms
[6239.638s][info][gc,phases      ] GC(985)   Merge Heap Roots: 0.59ms
[6239.638s][info][gc,phases      ] GC(985)   Evacuate Collection Set: 151.56ms
[6239.638s][info][gc,phases      ] GC(985)   Post Evacuate Collection Set: 1.03ms
[6239.638s][info][gc,phases      ] GC(985)   Other: 0.06ms
[6239.638s][info][gc,heap        ] GC(985) Eden regions: 571->0(572)
[6239.638s][info][gc,heap        ] GC(985) Survivor regions: 43->42(77)
[6239.638s][info][gc,heap        ] GC(985) Old regions: 144->151
[6239.638s][info][gc,heap        ] GC(985) Humongous regions: 33->33
[6239.638s][info][gc,metaspace   ] GC(985) Metaspace: 30020K(30528K)->30020K(30528K) NonClass: 26619K(26880K)->26619K(26880K) Class: 3400K(3648K)->3400K(3648K)
[6239.638s][info][gc             ] GC(985) Pause Young (Normal) (G1 Evacuation Pause) 6310M->1793M(8192M) 153.619ms
[6239.639s][info][gc,cpu         ] GC(985) User=1.22s Sys=0.00s Real=0.16s
....[6243.252s][info][gc,start       ] GC(986) Pause Young (Normal) (G1 Evacuation Pause)
[6243.253s][info][gc,task        ] GC(986) Using 8 workers of 8 for evacuation
[6243.405s][info][gc,phases      ] GC(986)   Pre Evacuate Collection Set: 0.26ms
[6243.405s][info][gc,phases      ] GC(986)   Merge Heap Roots: 0.55ms
[6243.405s][info][gc,phases      ] GC(986)   Evacuate Collection Set: 150.72ms
[6243.405s][info][gc,phases      ] GC(986)   Post Evacuate Collection Set: 1.06ms
[6243.405s][info][gc,phases      ] GC(986)   Other: 0.08ms
[6243.405s][info][gc,heap        ] GC(986) Eden regions: 572->0(571)
[6243.405s][info][gc,heap        ] GC(986) Survivor regions: 42->43(77)
[6243.405s][info][gc,heap        ] GC(986) Old regions: 151->158
[6243.405s][info][gc,heap        ] GC(986) Humongous regions: 33->33
[6243.405s][info][gc,metaspace   ] GC(986) Metaspace: 30020K(30528K)->30020K(30528K) NonClass: 26619K(26880K)->26619K(26880K) Class: 3400K(3648K)->3400K(3648K)
[6243.405s][info][gc             ] GC(986) Pause Young (Normal) (G1 Evacuation Pause) 6369M->1857M(8192M) 152.793ms
[6243.405s][info][gc,cpu         ] GC(986) User=1.21s Sys=0.00s Real=0.15s
....[6246.938s][info][gc,start       ] GC(987) Pause Young (Normal) (G1 Evacuation Pause)
[6246.938s][info][gc,task        ] GC(987) Using 8 workers of 8 for evacuation
[6247.089s][info][gc,phases      ] GC(987)   Pre Evacuate Collection Set: 0.22ms
[6247.089s][info][gc,phases      ] GC(987)   Merge Heap Roots: 0.63ms
[6247.089s][info][gc,phases      ] GC(987)   Evacuate Collection Set: 148.55ms
[6247.089s][info][gc,phases      ] GC(987)   Post Evacuate Collection Set: 1.06ms
[6247.089s][info][gc,phases      ] GC(987)   Other: 0.06ms
[6247.089s][info][gc,heap        ] GC(987) Eden regions: 571->0(571)
[6247.089s][info][gc,heap        ] GC(987) Survivor regions: 43->43(77)
[6247.089s][info][gc,heap        ] GC(987) Old regions: 158->165
[6247.089s][info][gc,heap        ] GC(987) Humongous regions: 33->33
[6247.089s][info][gc,metaspace   ] GC(987) Metaspace: 30020K(30528K)->30020K(30528K) NonClass: 26619K(26880K)->26619K(26880K) Class: 3400K(3648K)->3400K(3648K)
[6247.089s][info][gc             ] GC(987) Pause Young (Normal) (G1 Evacuation Pause) 6425M->1915M(8192M) 150.658ms
[6247.089s][info][gc,cpu         ] GC(987) User=1.19s Sys=0.00s Real=0.15s
...[6250.582s][info][gc,start       ] GC(988) Pause Young (Normal) (G1 Evacuation Pause)
[6250.582s][info][gc,task        ] GC(988) Using 8 workers of 8 for evacuation
[6250.734s][info][gc,phases      ] GC(988)   Pre Evacuate Collection Set: 0.24ms
[6250.734s][info][gc,phases      ] GC(988)   Merge Heap Roots: 0.57ms
[6250.734s][info][gc,phases      ] GC(988)   Evacuate Collection Set: 150.60ms
[6250.734s][info][gc,phases      ] GC(988)   Post Evacuate Collection Set: 1.06ms
[6250.734s][info][gc,phases      ] GC(988)   Other: 0.07ms
[6250.734s][info][gc,heap        ] GC(988) Eden regions: 571->0(571)
[6250.734s][info][gc,heap        ] GC(988) Survivor regions: 43->43(77)
[6250.734s][info][gc,heap        ] GC(988) Old regions: 165->173
[6250.734s][info][gc,heap        ] GC(988) Humongous regions: 33->33
[6250.734s][info][gc,metaspace   ] GC(988) Metaspace: 30020K(30528K)->30020K(30528K) NonClass: 26619K(26880K)->26619K(26880K) Class: 3400K(3648K)->3400K(3648K)
[6250.734s][info][gc             ] GC(988) Pause Young (Normal) (G1 Evacuation Pause) 6483M->1973M(8192M) 152.679ms
[6250.734s][info][gc,cpu         ] GC(988) User=1.21s Sys=0.00s Real=0.15s
....[6254.255s][info][gc,start       ] GC(989) Pause Young (Normal) (G1 Evacuation Pause)
[6254.255s][info][gc,task        ] GC(989) Using 8 workers of 8 for evacuation
[6254.404s][info][gc,phases      ] GC(989)   Pre Evacuate Collection Set: 0.23ms
[6254.404s][info][gc,phases      ] GC(989)   Merge Heap Roots: 0.54ms
[6254.404s][info][gc,phases      ] GC(989)   Evacuate Collection Set: 147.55ms
[6254.404s][info][gc,phases      ] GC(989)   Post Evacuate Collection Set: 1.03ms
[6254.404s][info][gc,phases      ] GC(989)   Other: 0.07ms
[6254.404s][info][gc,heap        ] GC(989) Eden regions: 571->0(572)
[6254.404s][info][gc,heap        ] GC(989) Survivor regions: 43->42(77)
[6254.404s][info][gc,heap        ] GC(989) Old regions: 173->180
[6254.404s][info][gc,heap        ] GC(989) Humongous regions: 33->33
[6254.404s][info][gc,metaspace   ] GC(989) Metaspace: 30020K(30528K)->30020K(30528K) NonClass: 26619K(26880K)->26619K(26880K) Class: 3400K(3648K)->3400K(3648K)
[6254.404s][info][gc             ] GC(989) Pause Young (Normal) (G1 Evacuation Pause) 6541M->2021M(8192M) 149.538ms
[6254.404s][info][gc,cpu         ] GC(989) User=1.19s Sys=0.00s Real=0.15s
....[6258.002s][info][gc,start       ] GC(990) Pause Young (Normal) (G1 Evacuation Pause)
[6258.002s][info][gc,task        ] GC(990) Using 8 workers of 8 for evacuation
[6258.151s][info][gc,phases      ] GC(990)   Pre Evacuate Collection Set: 0.20ms
[6258.151s][info][gc,phases      ] GC(990)   Merge Heap Roots: 0.53ms
[6258.151s][info][gc,phases      ] GC(990)   Evacuate Collection Set: 146.90ms
[6258.151s][info][gc,phases      ] GC(990)   Post Evacuate Collection Set: 1.05ms
[6258.151s][info][gc,phases      ] GC(990)   Other: 0.06ms
[6258.151s][info][gc,heap        ] GC(990) Eden regions: 572->0(571)
[6258.151s][info][gc,heap        ] GC(990) Survivor regions: 42->43(77)
[6258.151s][info][gc,heap        ] GC(990) Old regions: 180->187
[6258.151s][info][gc,heap        ] GC(990) Humongous regions: 33->33
[6258.151s][info][gc,metaspace   ] GC(990) Metaspace: 30020K(30528K)->30020K(30528K) NonClass: 26619K(26880K)->26619K(26880K) Class: 3400K(3648K)->3400K(3648K)
[6258.151s][info][gc             ] GC(990) Pause Young (Normal) (G1 Evacuation Pause) 6597M->2081M(8192M) 148.871ms
[6258.151s][info][gc,cpu         ] GC(990) User=1.18s Sys=0.00s Real=0.15s
...[6261.655s][info][gc,start       ] GC(991) Pause Young (Normal) (G1 Evacuation Pause)
[6261.655s][info][gc,task        ] GC(991) Using 8 workers of 8 for evacuation
[6261.812s][info][gc,phases      ] GC(991)   Pre Evacuate Collection Set: 0.22ms
[6261.812s][info][gc,phases      ] GC(991)   Merge Heap Roots: 0.53ms
[6261.812s][info][gc,phases      ] GC(991)   Evacuate Collection Set: 155.47ms
[6261.812s][info][gc,phases      ] GC(991)   Post Evacuate Collection Set: 1.04ms
[6261.812s][info][gc,phases      ] GC(991)   Other: 0.06ms
[6261.812s][info][gc,heap        ] GC(991) Eden regions: 571->0(570)
[6261.812s][info][gc,heap        ] GC(991) Survivor regions: 43->44(77)
[6261.812s][info][gc,heap        ] GC(991) Old regions: 187->194
[6261.812s][info][gc,heap        ] GC(991) Humongous regions: 33->33
[6261.812s][info][gc,metaspace   ] GC(991) Metaspace: 30020K(30528K)->30020K(30528K) NonClass: 26619K(26880K)->26619K(26880K) Class: 3400K(3648K)->3400K(3648K)
[6261.812s][info][gc             ] GC(991) Pause Young (Normal) (G1 Evacuation Pause) 6649M->2150M(8192M) 157.433ms
[6261.812s][info][gc,cpu         ] GC(991) User=1.25s Sys=0.00s Real=0.16s
....[6265.191s][info][gc,start       ] GC(992) Pause Young (Normal) (G1 Evacuation Pause)
[6265.191s][info][gc,task        ] GC(992) Using 8 workers of 8 for evacuation
[6265.342s][info][gc,phases      ] GC(992)   Pre Evacuate Collection Set: 0.23ms
[6265.342s][info][gc,phases      ] GC(992)   Merge Heap Roots: 0.53ms
[6265.342s][info][gc,phases      ] GC(992)   Evacuate Collection Set: 148.85ms
[6265.342s][info][gc,phases      ] GC(992)   Post Evacuate Collection Set: 1.05ms
[6265.342s][info][gc,phases      ] GC(992)   Other: 0.06ms
[6265.342s][info][gc,heap        ] GC(992) Eden regions: 570->0(571)
[6265.342s][info][gc,heap        ] GC(992) Survivor regions: 44->43(77)
[6265.342s][info][gc,heap        ] GC(992) Old regions: 194->201
[6265.342s][info][gc,heap        ] GC(992) Humongous regions: 33->33
[6265.342s][info][gc,metaspace   ] GC(992) Metaspace: 30020K(30528K)->30020K(30528K) NonClass: 26619K(26880K)->26619K(26880K) Class: 3400K(3648K)->3400K(3648K)
[6265.342s][info][gc             ] GC(992) Pause Young (Normal) (G1 Evacuation Pause) 6710M->2195M(8192M) 150.859ms
[6265.342s][info][gc,cpu         ] GC(992) User=1.19s Sys=0.01s Real=0.15s
....[6268.823s][info][gc,start       ] GC(993) Pause Young (Normal) (G1 Evacuation Pause)
[6268.823s][info][gc,task        ] GC(993) Using 8 workers of 8 for evacuation
[6268.976s][info][gc,phases      ] GC(993)   Pre Evacuate Collection Set: 0.23ms
[6268.976s][info][gc,phases      ] GC(993)   Merge Heap Roots: 0.53ms
[6268.976s][info][gc,phases      ] GC(993)   Evacuate Collection Set: 151.16ms
[6268.976s][info][gc,phases      ] GC(993)   Post Evacuate Collection Set: 1.02ms
[6268.976s][info][gc,phases      ] GC(993)   Other: 0.06ms
[6268.976s][info][gc,heap        ] GC(993) Eden regions: 571->0(571)
[6268.976s][info][gc,heap        ] GC(993) Survivor regions: 43->43(77)
[6268.976s][info][gc,heap        ] GC(993) Old regions: 201->208
[6268.976s][info][gc,heap        ] GC(993) Humongous regions: 33->33
[6268.976s][info][gc,metaspace   ] GC(993) Metaspace: 30020K(30528K)->30020K(30528K) NonClass: 26619K(26880K)->26619K(26880K) Class: 3400K(3648K)->3400K(3648K)
[6268.976s][info][gc             ] GC(993) Pause Young (Normal) (G1 Evacuation Pause) 6763M->2257M(8192M) 153.132ms
[6268.976s][info][gc,cpu         ] GC(993) User=1.22s Sys=0.00s Real=0.16s
...[6272.483s][info][gc,start       ] GC(994) Pause Young (Normal) (G1 Evacuation Pause)
[6272.483s][info][gc,task        ] GC(994) Using 8 workers of 8 for evacuation
[6272.636s][info][gc,phases      ] GC(994)   Pre Evacuate Collection Set: 0.25ms
[6272.636s][info][gc,phases      ] GC(994)   Merge Heap Roots: 0.53ms
[6272.636s][info][gc,phases      ] GC(994)   Evacuate Collection Set: 151.31ms
[6272.636s][info][gc,phases      ] GC(994)   Post Evacuate Collection Set: 1.05ms
[6272.636s][info][gc,phases      ] GC(994)   Other: 0.07ms
[6272.636s][info][gc,heap        ] GC(994) Eden regions: 571->0(571)
[6272.636s][info][gc,heap        ] GC(994) Survivor regions: 43->43(77)
[6272.636s][info][gc,heap        ] GC(994) Old regions: 208->215
[6272.636s][info][gc,heap        ] GC(994) Humongous regions: 33->33
[6272.636s][info][gc,metaspace   ] GC(994) Metaspace: 30020K(30528K)->30020K(30528K) NonClass: 26619K(26880K)->26619K(26880K) Class: 3400K(3648K)->3400K(3648K)
[6272.636s][info][gc             ] GC(994) Pause Young (Normal) (G1 Evacuation Pause) 6825M->2314M(8192M) 153.326ms
[6272.636s][info][gc,cpu         ] GC(994) User=1.22s Sys=0.00s Real=0.16s
....[6276.192s][info][gc,start       ] GC(995) Pause Young (Normal) (G1 Evacuation Pause)
[6276.193s][info][gc,task        ] GC(995) Using 8 workers of 8 for evacuation
[6276.342s][info][gc,phases      ] GC(995)   Pre Evacuate Collection Set: 0.23ms
[6276.342s][info][gc,phases      ] GC(995)   Merge Heap Roots: 0.53ms
[6276.342s][info][gc,phases      ] GC(995)   Evacuate Collection Set: 147.32ms
[6276.342s][info][gc,phases      ] GC(995)   Post Evacuate Collection Set: 1.07ms
[6276.342s][info][gc,phases      ] GC(995)   Other: 0.06ms
[6276.342s][info][gc,heap        ] GC(995) Eden regions: 571->0(571)
[6276.342s][info][gc,heap        ] GC(995) Survivor regions: 43->43(77)
[6276.342s][info][gc,heap        ] GC(995) Old regions: 215->223
[6276.342s][info][gc,heap        ] GC(995) Humongous regions: 33->33
[6276.342s][info][gc,metaspace   ] GC(995) Metaspace: 30020K(30528K)->30020K(30528K) NonClass: 26619K(26880K)->26619K(26880K) Class: 3400K(3648K)->3400K(3648K)
[6276.342s][info][gc             ] GC(995) Pause Young (Normal) (G1 Evacuation Pause) 6882M->2369M(8192M) 149.349ms
[6276.342s][info][gc,cpu         ] GC(995) User=1.19s Sys=0.00s Real=0.15s
....[6279.979s][info][gc,start       ] GC(996) Pause Young (Normal) (G1 Evacuation Pause)
[6279.979s][info][gc,task        ] GC(996) Using 8 workers of 8 for evacuation
[6280.126s][info][gc,phases      ] GC(996)   Pre Evacuate Collection Set: 0.23ms
[6280.126s][info][gc,phases      ] GC(996)   Merge Heap Roots: 0.53ms
[6280.126s][info][gc,phases      ] GC(996)   Evacuate Collection Set: 145.80ms
[6280.126s][info][gc,phases      ] GC(996)   Post Evacuate Collection Set: 1.06ms
[6280.126s][info][gc,phases      ] GC(996)   Other: 0.07ms
[6280.126s][info][gc,heap        ] GC(996) Eden regions: 571->0(572)
[6280.126s][info][gc,heap        ] GC(996) Survivor regions: 43->42(77)
[6280.126s][info][gc,heap        ] GC(996) Old regions: 223->230
[6280.126s][info][gc,heap        ] GC(996) Humongous regions: 33->33
[6280.126s][info][gc,metaspace   ] GC(996) Metaspace: 30020K(30528K)->30020K(30528K) NonClass: 26619K(26880K)->26619K(26880K) Class: 3400K(3648K)->3400K(3648K)
[6280.126s][info][gc             ] GC(996) Pause Young (Normal) (G1 Evacuation Pause) 6937M->2418M(8192M) 147.812ms
[6280.126s][info][gc,cpu         ] GC(996) User=1.17s Sys=0.00s Real=0.15s
. (rIR:aIR:PR = 10378:10380:10380) (tPR = 153488) [OK] 
  6280s: Performance info:
         Transaction,    Success,    Partial,     Failed,   Receipts, AvgBarcode, 
             Overall,     625576,          0,          0,     594075,      59.47, 
         Response times:
             Request,    Success,    Partial,     Failed,   SkipFail,     Probes,    Samples,      min,      p50,      p90,      p95,      p99,      max, 
       TotalPurchase,     594056,          0,          0,          0,     358022,     399540,      300,     7600,    57000,    98000,   214000,  2800000,
     InStorePurchase,     312599,          0,          0,          0,     188194,     209845,      300,     7500,    57000,    98000,   213000,  2800000,
      OnlinePurchase,     218342,          0,          0,          0,     131365,     146452,      300,     7700,    57000,    99000,   216000,  2800000,
        InstPurchase,      63115,          0,          0,          0,      38463,      43243,      400,     7600,    53000,    96000,   211000,  2500000,
          AssocOfCat,        627,          0,          0,          0,        527,        662,    28000,    54000,   127100,   176850,   324480,   453000,
      AssocOfProduct,       6290,          0,          0,          0,       3541,       4122,      700,     7600,    54000,    96850,   206000,  2800000,
      BusinessReport,       1566,          0,          0,          0,       1397,       1683,    33000,    66000,   144200,   187800,   311480,   464000,
          CustBuyBeh,       6348,          0,          0,          0,       3548,       4128,      600,     7300,    59000,    96000,   228710,   370000,
       ProductReturn,      16666,          0,          0,          0,       9959,      11421,      200,     7200,    58000,   101000,   227000,   492000,

  6280s: (76%)   IR =  10516 ..[6283.668s][info][gc,start       ] GC(997) Pause Young (Normal) (G1 Evacuation Pause)
[6283.668s][info][gc,task        ] GC(997) Using 8 workers of 8 for evacuation
[6283.819s][info][gc,phases      ] GC(997)   Pre Evacuate Collection Set: 0.23ms
[6283.819s][info][gc,phases      ] GC(997)   Merge Heap Roots: 0.55ms
[6283.819s][info][gc,phases      ] GC(997)   Evacuate Collection Set: 149.00ms
[6283.819s][info][gc,phases      ] GC(997)   Post Evacuate Collection Set: 1.10ms
[6283.819s][info][gc,phases      ] GC(997)   Other: 0.06ms
[6283.819s][info][gc,heap        ] GC(997) Eden regions: 572->0(571)
[6283.819s][info][gc,heap        ] GC(997) Survivor regions: 42->43(77)
[6283.819s][info][gc,heap        ] GC(997) Old regions: 230->237
[6283.819s][info][gc,heap        ] GC(997) Humongous regions: 33->33
[6283.819s][info][gc,metaspace   ] GC(997) Metaspace: 30020K(30528K)->30020K(30528K) NonClass: 26619K(26880K)->26619K(26880K) Class: 3400K(3648K)->3400K(3648K)
[6283.819s][info][gc             ] GC(997) Pause Young (Normal) (G1 Evacuation Pause) 6994M->2489M(8192M) 151.072ms
[6283.819s][info][gc,cpu         ] GC(997) User=1.19s Sys=0.00s Real=0.15s
....[6287.313s][info][gc,start       ] GC(998) Pause Young (Normal) (G1 Evacuation Pause)
[6287.313s][info][gc,task        ] GC(998) Using 8 workers of 8 for evacuation
[6287.466s][info][gc,phases      ] GC(998)   Pre Evacuate Collection Set: 0.25ms
[6287.466s][info][gc,phases      ] GC(998)   Merge Heap Roots: 0.54ms
[6287.466s][info][gc,phases      ] GC(998)   Evacuate Collection Set: 151.53ms
[6287.466s][info][gc,phases      ] GC(998)   Post Evacuate Collection Set: 1.02ms
[6287.466s][info][gc,phases      ] GC(998)   Other: 0.06ms
[6287.466s][info][gc,heap        ] GC(998) Eden regions: 571->0(570)
[6287.466s][info][gc,heap        ] GC(998) Survivor regions: 43->44(77)
[6287.466s][info][gc,heap        ] GC(998) Old regions: 237->244
[6287.466s][info][gc,heap        ] GC(998) Humongous regions: 33->33
[6287.466s][info][gc,metaspace   ] GC(998) Metaspace: 30020K(30528K)->30020K(30528K) NonClass: 26619K(26880K)->26619K(26880K) Class: 3400K(3648K)->3400K(3648K)
[6287.466s][info][gc             ] GC(998) Pause Young (Normal) (G1 Evacuation Pause) 7057M->2551M(8192M) 153.534ms
[6287.466s][info][gc,cpu         ] GC(998) User=1.21s Sys=0.01s Real=0.16s
...[6290.924s][info][gc,start       ] GC(999) Pause Young (Normal) (G1 Evacuation Pause)
[6290.925s][info][gc,task        ] GC(999) Using 8 workers of 8 for evacuation
[6291.073s][info][gc,phases      ] GC(999)   Pre Evacuate Collection Set: 0.24ms
[6291.073s][info][gc,phases      ] GC(999)   Merge Heap Roots: 0.53ms
[6291.073s][info][gc,phases      ] GC(999)   Evacuate Collection Set: 146.50ms
[6291.073s][info][gc,phases      ] GC(999)   Post Evacuate Collection Set: 1.07ms
[6291.073s][info][gc,phases      ] GC(999)   Other: 0.07ms
[6291.073s][info][gc,heap        ] GC(999) Eden regions: 570->0(571)
[6291.073s][info][gc,heap        ] GC(999) Survivor regions: 44->43(77)
[6291.073s][info][gc,heap        ] GC(999) Old regions: 244->252
[6291.073s][info][gc,heap        ] GC(999) Humongous regions: 33->33
[6291.073s][info][gc,metaspace   ] GC(999) Metaspace: 30020K(30528K)->30020K(30528K) NonClass: 26619K(26880K)->26619K(26880K) Class: 3400K(3648K)->3400K(3648K)
[6291.073s][info][gc             ] GC(999) Pause Young (Normal) (G1 Evacuation Pause) 7111M->2601M(8192M) 148.537ms
[6291.073s][info][gc,cpu         ] GC(999) User=1.17s Sys=0.00s Real=0.15s
....|[6294.470s][info][gc,start       ] GC(1000) Pause Young (Normal) (G1 Evacuation Pause)
[6294.470s][info][gc,task        ] GC(1000) Using 8 workers of 8 for evacuation
[6294.622s][info][gc,phases      ] GC(1000)   Pre Evacuate Collection Set: 0.26ms
[6294.622s][info][gc,phases      ] GC(1000)   Merge Heap Roots: 0.55ms
[6294.622s][info][gc,phases      ] GC(1000)   Evacuate Collection Set: 150.08ms
[6294.622s][info][gc,phases      ] GC(1000)   Post Evacuate Collection Set: 1.04ms
[6294.622s][info][gc,phases      ] GC(1000)   Other: 0.06ms
[6294.622s][info][gc,heap        ] GC(1000) Eden regions: 571->0(570)
[6294.622s][info][gc,heap        ] GC(1000) Survivor regions: 43->44(77)
[6294.622s][info][gc,heap        ] GC(1000) Old regions: 252->259
[6294.622s][info][gc,heap        ] GC(1000) Humongous regions: 33->33
[6294.622s][info][gc,metaspace   ] GC(1000) Metaspace: 30020K(30528K)->30020K(30528K) NonClass: 26619K(26880K)->26619K(26880K) Class: 3400K(3648K)->3400K(3648K)
[6294.622s][info][gc             ] GC(1000) Pause Young (Normal) (G1 Evacuation Pause) 7169M->2665M(8192M) 152.122ms
[6294.622s][info][gc,cpu         ] GC(1000) User=1.20s Sys=0.00s Real=0.15s
...[6298.020s][info][gc,start       ] GC(1001) Pause Young (Normal) (G1 Evacuation Pause)
[6298.020s][info][gc,task        ] GC(1001) Using 8 workers of 8 for evacuation
[6298.168s][info][gc,phases      ] GC(1001)   Pre Evacuate Collection Set: 0.23ms
[6298.168s][info][gc,phases      ] GC(1001)   Merge Heap Roots: 0.58ms
[6298.168s][info][gc,phases      ] GC(1001)   Evacuate Collection Set: 146.04ms
[6298.168s][info][gc,phases      ] GC(1001)   Post Evacuate Collection Set: 1.11ms
[6298.168s][info][gc,phases      ] GC(1001)   Other: 0.06ms
[6298.168s][info][gc,heap        ] GC(1001) Eden regions: 570->0(572)
[6298.168s][info][gc,heap        ] GC(1001) Survivor regions: 44->42(77)
[6298.168s][info][gc,heap        ] GC(1001) Old regions: 259->266
[6298.168s][info][gc,heap        ] GC(1001) Humongous regions: 33->33
[6298.168s][info][gc,metaspace   ] GC(1001) Metaspace: 30020K(30528K)->30020K(30528K) NonClass: 26619K(26880K)->26619K(26880K) Class: 3400K(3648K)->3400K(3648K)
[6298.168s][info][gc             ] GC(1001) Pause Young (Normal) (G1 Evacuation Pause) 7225M->2710M(8192M) 148.179ms
[6298.168s][info][gc,cpu         ] GC(1001) User=1.17s Sys=0.00s Real=0.15s
....[6301.687s][info][gc,start       ] GC(1002) Pause Young (Normal) (G1 Evacuation Pause)
[6301.687s][info][gc,task        ] GC(1002) Using 8 workers of 8 for evacuation
[6301.841s][info][gc,phases      ] GC(1002)   Pre Evacuate Collection Set: 0.24ms
[6301.841s][info][gc,phases      ] GC(1002)   Merge Heap Roots: 0.54ms
[6301.841s][info][gc,phases      ] GC(1002)   Evacuate Collection Set: 151.53ms
[6301.841s][info][gc,phases      ] GC(1002)   Post Evacuate Collection Set: 1.06ms
[6301.841s][info][gc,phases      ] GC(1002)   Other: 0.07ms
[6301.841s][info][gc,heap        ] GC(1002) Eden regions: 572->0(571)
[6301.841s][info][gc,heap        ] GC(1002) Survivor regions: 42->43(77)
[6301.841s][info][gc,heap        ] GC(1002) Old regions: 266->273
[6301.841s][info][gc,heap        ] GC(1002) Humongous regions: 33->33
[6301.841s][info][gc,metaspace   ] GC(1002) Metaspace: 30020K(30528K)->30020K(30528K) NonClass: 26619K(26880K)->26619K(26880K) Class: 3400K(3648K)->3400K(3648K)
[6301.841s][info][gc             ] GC(1002) Pause Young (Normal) (G1 Evacuation Pause) 7286M->2778M(8192M) 153.569ms
[6301.841s][info][gc,cpu         ] GC(1002) User=1.21s Sys=0.00s Real=0.15s
....[6305.337s][info][gc,start       ] GC(1003) Pause Young (Normal) (G1 Evacuation Pause)
[6305.337s][info][gc,task        ] GC(1003) Using 8 workers of 8 for evacuation
[6305.493s][info][gc,phases      ] GC(1003)   Pre Evacuate Collection Set: 0.22ms
[6305.493s][info][gc,phases      ] GC(1003)   Merge Heap Roots: 0.57ms
[6305.493s][info][gc,phases      ] GC(1003)   Evacuate Collection Set: 154.43ms
[6305.493s][info][gc,phases      ] GC(1003)   Post Evacuate Collection Set: 1.08ms
[6305.493s][info][gc,phases      ] GC(1003)   Other: 0.08ms
[6305.493s][info][gc,heap        ] GC(1003) Eden regions: 571->0(570)
[6305.493s][info][gc,heap        ] GC(1003) Survivor regions: 43->44(77)
[6305.493s][info][gc,heap        ] GC(1003) Old regions: 273->281
[6305.493s][info][gc,heap        ] GC(1003) Humongous regions: 33->33
[6305.493s][info][gc,metaspace   ] GC(1003) Metaspace: 30020K(30528K)->30020K(30528K) NonClass: 26619K(26880K)->26619K(26880K) Class: 3400K(3648K)->3400K(3648K)
[6305.493s][info][gc             ] GC(1003) Pause Young (Normal) (G1 Evacuation Pause) 7346M->2845M(8192M) 156.508ms
[6305.493s][info][gc,cpu         ] GC(1003) User=1.24s Sys=0.00s Real=0.15s
...[6308.946s][info][gc,start       ] GC(1004) Pause Young (Normal) (G1 Evacuation Pause)
[6308.946s][info][gc,task        ] GC(1004) Using 8 workers of 8 for evacuation
[6309.096s][info][gc,phases      ] GC(1004)   Pre Evacuate Collection Set: 0.23ms
[6309.096s][info][gc,phases      ] GC(1004)   Merge Heap Roots: 0.58ms
[6309.096s][info][gc,phases      ] GC(1004)   Evacuate Collection Set: 148.59ms
[6309.096s][info][gc,phases      ] GC(1004)   Post Evacuate Collection Set: 1.10ms
[6309.096s][info][gc,phases      ] GC(1004)   Other: 0.06ms
[6309.096s][info][gc,heap        ] GC(1004) Eden regions: 570->0(565)
[6309.096s][info][gc,heap        ] GC(1004) Survivor regions: 44->43(77)
[6309.096s][info][gc,heap        ] GC(1004) Old regions: 281->288
[6309.096s][info][gc,heap        ] GC(1004) Humongous regions: 33->33
[6309.096s][info][gc,metaspace   ] GC(1004) Metaspace: 30020K(30528K)->30020K(30528K) NonClass: 26619K(26880K)->26619K(26880K) Class: 3400K(3648K)->3400K(3648K)
[6309.096s][info][gc             ] GC(1004) Pause Young (Normal) (G1 Evacuation Pause) 7405M->2889M(8192M) 150.707ms
[6309.096s][info][gc,cpu         ] GC(1004) User=1.19s Sys=0.00s Real=0.15s
....[6312.559s][info][gc,start       ] GC(1005) Pause Young (Normal) (G1 Evacuation Pause)
[6312.559s][info][gc,task        ] GC(1005) Using 8 workers of 8 for evacuation
[6312.709s][info][gc,phases      ] GC(1005)   Pre Evacuate Collection Set: 0.26ms
[6312.709s][info][gc,phases      ] GC(1005)   Merge Heap Roots: 0.53ms
[6312.709s][info][gc,phases      ] GC(1005)   Evacuate Collection Set: 148.17ms
[6312.709s][info][gc,phases      ] GC(1005)   Post Evacuate Collection Set: 1.06ms
[6312.709s][info][gc,phases      ] GC(1005)   Other: 0.07ms
[6312.709s][info][gc,heap        ] GC(1005) Eden regions: 565->0(558)
[6312.709s][info][gc,heap        ] GC(1005) Survivor regions: 43->43(76)
[6312.709s][info][gc,heap        ] GC(1005) Old regions: 288->295
[6312.709s][info][gc,heap        ] GC(1005) Humongous regions: 33->33
[6312.709s][info][gc,metaspace   ] GC(1005) Metaspace: 30020K(30528K)->30020K(30528K) NonClass: 26619K(26880K)->26619K(26880K) Class: 3400K(3648K)->3400K(3648K)
[6312.709s][info][gc             ] GC(1005) Pause Young (Normal) (G1 Evacuation Pause) 7409M->2946M(8192M) 150.219ms
[6312.709s][info][gc,cpu         ] GC(1005) User=1.19s Sys=0.01s Real=0.15s
...[6316.029s][info][gc,start       ] GC(1006) Pause Young (Normal) (G1 Evacuation Pause)
[6316.029s][info][gc,task        ] GC(1006) Using 8 workers of 8 for evacuation
[6316.180s][info][gc,phases      ] GC(1006)   Pre Evacuate Collection Set: 0.22ms
[6316.180s][info][gc,phases      ] GC(1006)   Merge Heap Roots: 0.53ms
[6316.180s][info][gc,phases      ] GC(1006)   Evacuate Collection Set: 149.59ms
[6316.180s][info][gc,phases      ] GC(1006)   Post Evacuate Collection Set: 1.04ms
[6316.180s][info][gc,phases      ] GC(1006)   Other: 0.06ms
[6316.180s][info][gc,heap        ] GC(1006) Eden regions: 558->0(551)
[6316.180s][info][gc,heap        ] GC(1006) Survivor regions: 43->43(76)
[6316.180s][info][gc,heap        ] GC(1006) Old regions: 295->302
[6316.180s][info][gc,heap        ] GC(1006) Humongous regions: 33->33
[6316.180s][info][gc,metaspace   ] GC(1006) Metaspace: 30020K(30528K)->30020K(30528K) NonClass: 26619K(26880K)->26619K(26880K) Class: 3400K(3648K)->3400K(3648K)
[6316.180s][info][gc             ] GC(1006) Pause Young (Normal) (G1 Evacuation Pause) 7410M->3007M(8192M) 151.563ms
[6316.180s][info][gc,cpu         ] GC(1006) User=1.20s Sys=0.00s Real=0.15s
....[6319.639s][info][gc,start       ] GC(1007) Pause Young (Normal) (G1 Evacuation Pause)
[6319.639s][info][gc,task        ] GC(1007) Using 8 workers of 8 for evacuation
[6319.793s][info][gc,phases      ] GC(1007)   Pre Evacuate Collection Set: 0.22ms
[6319.793s][info][gc,phases      ] GC(1007)   Merge Heap Roots: 0.53ms
[6319.793s][info][gc,phases      ] GC(1007)   Evacuate Collection Set: 151.67ms
[6319.793s][info][gc,phases      ] GC(1007)   Post Evacuate Collection Set: 1.07ms
[6319.793s][info][gc,phases      ] GC(1007)   Other: 0.06ms
[6319.793s][info][gc,heap        ] GC(1007) Eden regions: 551->0(541)
[6319.793s][info][gc,heap        ] GC(1007) Survivor regions: 43->44(75)
[6319.793s][info][gc,heap        ] GC(1007) Old regions: 302->310
[6319.793s][info][gc,heap        ] GC(1007) Humongous regions: 33->33
[6319.793s][info][gc,metaspace   ] GC(1007) Metaspace: 30020K(30528K)->30020K(30528K) NonClass: 26619K(26880K)->26619K(26880K) Class: 3400K(3648K)->3400K(3648K)
[6319.793s][info][gc             ] GC(1007) Pause Young (Normal) (G1 Evacuation Pause) 7415M->3078M(8192M) 153.684ms
[6319.793s][info][gc,cpu         ] GC(1007) User=1.22s Sys=0.00s Real=0.15s
...[6323.127s][info][gc,start       ] GC(1008) Pause Young (Concurrent Start) (G1 Evacuation Pause)
[6323.127s][info][gc,task        ] GC(1008) Using 8 workers of 8 for evacuation
[6323.274s][info][gc,phases      ] GC(1008)   Pre Evacuate Collection Set: 0.27ms
[6323.274s][info][gc,phases      ] GC(1008)   Merge Heap Roots: 0.52ms
[6323.274s][info][gc,phases      ] GC(1008)   Evacuate Collection Set: 145.07ms
[6323.274s][info][gc,phases      ] GC(1008)   Post Evacuate Collection Set: 1.05ms
[6323.274s][info][gc,phases      ] GC(1008)   Other: 0.09ms
[6323.274s][info][gc,heap        ] GC(1008) Eden regions: 541->0(537)
[6323.274s][info][gc,heap        ] GC(1008) Survivor regions: 44->42(74)
[6323.274s][info][gc,heap        ] GC(1008) Old regions: 310->318
[6323.274s][info][gc,heap        ] GC(1008) Humongous regions: 33->33
[6323.274s][info][gc,metaspace   ] GC(1008) Metaspace: 30020K(30528K)->30020K(30528K) NonClass: 26619K(26880K)->26619K(26880K) Class: 3400K(3648K)->3400K(3648K)
[6323.274s][info][gc             ] GC(1008) Pause Young (Concurrent Start) (G1 Evacuation Pause) 7406M->3123M(8192M) 147.148ms
[6323.274s][info][gc             ] GC(1009) Concurrent Mark Cycle
[6323.274s][info][gc,marking     ] GC(1009) Concurrent Scan Root Regions
[6323.274s][info][gc,cpu         ] GC(1008) User=1.16s Sys=0.00s Real=0.14s
.[6323.538s][info][gc,marking     ] GC(1009) Concurrent Scan Root Regions 264.460ms
[6323.539s][info][gc,marking     ] GC(1009) Concurrent Mark
[6323.539s][info][gc,marking     ] GC(1009) Concurrent Mark From Roots
[6323.539s][info][gc,task        ] GC(1009) Using 2 workers of 2 for marking
.[6324.830s][info][gc,marking     ] GC(1009) Concurrent Mark From Roots 1291.449ms
[6324.830s][info][gc,marking     ] GC(1009) Concurrent Preclean
[6324.830s][info][gc,marking     ] GC(1009) Concurrent Preclean 0.150ms
[6324.830s][info][gc,start       ] GC(1009) Pause Remark
[6324.832s][info][gc             ] GC(1009) Pause Remark 4913M->4401M(8192M) 1.860ms
[6324.832s][info][gc,cpu         ] GC(1009) User=0.01s Sys=0.00s Real=0.00s
[6324.832s][info][gc,marking     ] GC(1009) Concurrent Mark 1293.763ms
[6324.832s][info][gc,marking     ] GC(1009) Concurrent Rebuild Remembered Sets and Scrub Regions
.[6325.666s][info][gc,marking     ] GC(1009) Concurrent Rebuild Remembered Sets and Scrub Regions 833.412ms
[6325.666s][info][gc,start       ] GC(1009) Pause Cleanup
[6325.666s][info][gc             ] GC(1009) Pause Cleanup 5587M->5587M(8192M) 0.239ms
[6325.666s][info][gc,cpu         ] GC(1009) User=0.00s Sys=0.00s Real=0.00s
[6325.666s][info][gc,marking     ] GC(1009) Concurrent Clear Claimed Marks
[6325.666s][info][gc,marking     ] GC(1009) Concurrent Clear Claimed Marks 0.041ms
[6325.666s][info][gc,marking     ] GC(1009) Concurrent Cleanup for Next Mark
[6325.676s][info][gc,marking     ] GC(1009) Concurrent Cleanup for Next Mark 9.691ms
[6325.676s][info][gc             ] GC(1009) Concurrent Mark Cycle 2402.058ms
.[6326.494s][info][gc,start       ] GC(1010) Pause Young (Prepare Mixed) (G1 Evacuation Pause)
[6326.494s][info][gc,task        ] GC(1010) Using 8 workers of 8 for evacuation
[6326.646s][info][gc,phases      ] GC(1010)   Pre Evacuate Collection Set: 0.22ms
[6326.646s][info][gc,phases      ] GC(1010)   Merge Heap Roots: 0.73ms
[6326.646s][info][gc,phases      ] GC(1010)   Evacuate Collection Set: 150.16ms
[6326.646s][info][gc,phases      ] GC(1010)   Post Evacuate Collection Set: 1.16ms
[6326.646s][info][gc,phases      ] GC(1010)   Other: 0.07ms
[6326.646s][info][gc,heap        ] GC(1010) Eden regions: 537->0(570)
[6326.646s][info][gc,heap        ] GC(1010) Survivor regions: 42->44(73)
[6326.646s][info][gc,heap        ] GC(1010) Old regions: 254->261
[6326.646s][info][gc,heap        ] GC(1010) Humongous regions: 33->33
[6326.646s][info][gc,metaspace   ] GC(1010) Metaspace: 30020K(30528K)->30020K(30528K) NonClass: 26619K(26880K)->26619K(26880K) Class: 3400K(3648K)->3400K(3648K)
[6326.646s][info][gc             ] GC(1010) Pause Young (Prepare Mixed) (G1 Evacuation Pause) 6907M->2687M(8192M) 152.468ms
[6326.646s][info][gc,cpu         ] GC(1010) User=1.20s Sys=0.00s Real=0.16s
...[6330.235s][info][gc,start       ] GC(1011) Pause Young (Mixed) (G1 Evacuation Pause)
[6330.235s][info][gc,task        ] GC(1011) Using 8 workers of 8 for evacuation
[6330.393s][info][gc,phases      ] GC(1011)   Pre Evacuate Collection Set: 0.25ms
[6330.393s][info][gc,phases      ] GC(1011)   Merge Heap Roots: 0.78ms
[6330.393s][info][gc,phases      ] GC(1011)   Evacuate Collection Set: 155.88ms
[6330.393s][info][gc,phases      ] GC(1011)   Post Evacuate Collection Set: 1.25ms
[6330.394s][info][gc,phases      ] GC(1011)   Other: 0.08ms
[6330.394s][info][gc,heap        ] GC(1011) Eden regions: 570->0(571)
[6330.394s][info][gc,heap        ] GC(1011) Survivor regions: 44->43(77)
[6330.394s][info][gc,heap        ] GC(1011) Old regions: 261->167
[6330.394s][info][gc,heap        ] GC(1011) Humongous regions: 33->33
[6330.394s][info][gc,metaspace   ] GC(1011) Metaspace: 30020K(30528K)->30020K(30528K) NonClass: 26619K(26880K)->26619K(26880K) Class: 3400K(3648K)->3400K(3648K)
[6330.394s][info][gc             ] GC(1011) Pause Young (Mixed) (G1 Evacuation Pause) 7247M->1921M(8192M) 158.370ms
[6330.394s][info][gc,cpu         ] GC(1011) User=1.25s Sys=0.00s Real=0.16s
....[6333.827s][info][gc,start       ] GC(1012) Pause Young (Mixed) (G1 Evacuation Pause)
[6333.827s][info][gc,task        ] GC(1012) Using 8 workers of 8 for evacuation
[6333.991s][info][gc,phases      ] GC(1012)   Pre Evacuate Collection Set: 0.22ms
[6333.991s][info][gc,phases      ] GC(1012)   Merge Heap Roots: 0.86ms
[6333.991s][info][gc,phases      ] GC(1012)   Evacuate Collection Set: 161.98ms
[6333.991s][info][gc,phases      ] GC(1012)   Post Evacuate Collection Set: 1.07ms
[6333.991s][info][gc,phases      ] GC(1012)   Other: 0.07ms
[6333.991s][info][gc,heap        ] GC(1012) Eden regions: 571->0(571)
[6333.991s][info][gc,heap        ] GC(1012) Survivor regions: 43->43(77)
[6333.991s][info][gc,heap        ] GC(1012) Old regions: 167->144
[6333.991s][info][gc,heap        ] GC(1012) Humongous regions: 33->33
[6333.991s][info][gc,metaspace   ] GC(1012) Metaspace: 30020K(30528K)->30020K(30528K) NonClass: 26619K(26880K)->26619K(26880K) Class: 3400K(3648K)->3400K(3648K)
[6333.991s][info][gc             ] GC(1012) Pause Young (Mixed) (G1 Evacuation Pause) 6489M->1747M(8192M) 164.342ms
[6333.991s][info][gc,cpu         ] GC(1012) User=1.30s Sys=0.00s Real=0.16s
....[6337.483s][info][gc,start       ] GC(1013) Pause Young (Normal) (G1 Evacuation Pause)
[6337.484s][info][gc,task        ] GC(1013) Using 8 workers of 8 for evacuation
[6337.647s][info][gc,phases      ] GC(1013)   Pre Evacuate Collection Set: 0.22ms
[6337.647s][info][gc,phases      ] GC(1013)   Merge Heap Roots: 0.53ms
[6337.647s][info][gc,phases      ] GC(1013)   Evacuate Collection Set: 161.52ms
[6337.647s][info][gc,phases      ] GC(1013)   Post Evacuate Collection Set: 1.05ms
[6337.647s][info][gc,phases      ] GC(1013)   Other: 0.06ms
[6337.647s][info][gc,heap        ] GC(1013) Eden regions: 571->0(570)
[6337.647s][info][gc,heap        ] GC(1013) Survivor regions: 43->44(77)
[6337.647s][info][gc,heap        ] GC(1013) Old regions: 144->152
[6337.647s][info][gc,heap        ] GC(1013) Humongous regions: 33->33
[6337.647s][info][gc,metaspace   ] GC(1013) Metaspace: 30020K(30528K)->30020K(30528K) NonClass: 26619K(26880K)->26619K(26880K) Class: 3400K(3648K)->3400K(3648K)
[6337.647s][info][gc             ] GC(1013) Pause Young (Normal) (G1 Evacuation Pause) 6315M->1813M(8192M) 163.502ms
[6337.647s][info][gc,cpu         ] GC(1013) User=1.30s Sys=0.00s Real=0.17s
...[6341.052s][info][gc,start       ] GC(1014) Pause Young (Normal) (G1 Evacuation Pause)
[6341.052s][info][gc,task        ] GC(1014) Using 8 workers of 8 for evacuation
[6341.207s][info][gc,phases      ] GC(1014)   Pre Evacuate Collection Set: 0.22ms
[6341.207s][info][gc,phases      ] GC(1014)   Merge Heap Roots: 0.52ms
[6341.207s][info][gc,phases      ] GC(1014)   Evacuate Collection Set: 153.57ms
[6341.207s][info][gc,phases      ] GC(1014)   Post Evacuate Collection Set: 1.04ms
[6341.207s][info][gc,phases      ] GC(1014)   Other: 0.06ms
[6341.207s][info][gc,heap        ] GC(1014) Eden regions: 570->0(570)
[6341.207s][info][gc,heap        ] GC(1014) Survivor regions: 44->44(77)
[6341.207s][info][gc,heap        ] GC(1014) Old regions: 152->159
[6341.207s][info][gc,heap        ] GC(1014) Humongous regions: 33->33
[6341.207s][info][gc,metaspace   ] GC(1014) Metaspace: 30020K(30528K)->30020K(30528K) NonClass: 26619K(26880K)->26619K(26880K) Class: 3400K(3648K)->3400K(3648K)
[6341.207s][info][gc             ] GC(1014) Pause Young (Normal) (G1 Evacuation Pause) 6373M->1866M(8192M) 155.577ms
[6341.207s][info][gc,cpu         ] GC(1014) User=1.23s Sys=0.01s Real=0.16s
....[6344.722s][info][gc,start       ] GC(1015) Pause Young (Normal) (G1 Evacuation Pause)
[6344.722s][info][gc,task        ] GC(1015) Using 8 workers of 8 for evacuation
[6344.873s][info][gc,phases      ] GC(1015)   Pre Evacuate Collection Set: 0.26ms
[6344.873s][info][gc,phases      ] GC(1015)   Merge Heap Roots: 0.53ms
[6344.873s][info][gc,phases      ] GC(1015)   Evacuate Collection Set: 149.66ms
[6344.873s][info][gc,phases      ] GC(1015)   Post Evacuate Collection Set: 1.03ms
[6344.873s][info][gc,phases      ] GC(1015)   Other: 0.07ms
[6344.873s][info][gc,heap        ] GC(1015) Eden regions: 570->0(571)
[6344.873s][info][gc,heap        ] GC(1015) Survivor regions: 44->43(77)
[6344.873s][info][gc,heap        ] GC(1015) Old regions: 159->166
[6344.873s][info][gc,heap        ] GC(1015) Humongous regions: 33->33
[6344.873s][info][gc,metaspace   ] GC(1015) Metaspace: 30020K(30528K)->30020K(30528K) NonClass: 26619K(26880K)->26619K(26880K) Class: 3400K(3648K)->3400K(3648K)
[6344.873s][info][gc             ] GC(1015) Pause Young (Normal) (G1 Evacuation Pause) 6426M->1918M(8192M) 151.678ms
[6344.874s][info][gc,cpu         ] GC(1015) User=1.20s Sys=0.00s Real=0.15s
....[6348.423s][info][gc,start       ] GC(1016) Pause Young (Normal) (G1 Evacuation Pause)
[6348.423s][info][gc,task        ] GC(1016) Using 8 workers of 8 for evacuation
[6348.576s][info][gc,phases      ] GC(1016)   Pre Evacuate Collection Set: 0.23ms
[6348.576s][info][gc,phases      ] GC(1016)   Merge Heap Roots: 0.60ms
[6348.576s][info][gc,phases      ] GC(1016)   Evacuate Collection Set: 151.32ms
[6348.576s][info][gc,phases      ] GC(1016)   Post Evacuate Collection Set: 1.04ms
[6348.576s][info][gc,phases      ] GC(1016)   Other: 0.06ms
[6348.576s][info][gc,heap        ] GC(1016) Eden regions: 571->0(571)
[6348.576s][info][gc,heap        ] GC(1016) Survivor regions: 43->43(77)
[6348.576s][info][gc,heap        ] GC(1016) Old regions: 166->173
[6348.576s][info][gc,heap        ] GC(1016) Humongous regions: 33->33
[6348.576s][info][gc,metaspace   ] GC(1016) Metaspace: 30020K(30528K)->30020K(30528K) NonClass: 26619K(26880K)->26619K(26880K) Class: 3400K(3648K)->3400K(3648K)
[6348.576s][info][gc             ] GC(1016) Pause Young (Normal) (G1 Evacuation Pause) 6486M->1975M(8192M) 153.376ms
[6348.576s][info][gc,cpu         ] GC(1016) User=1.22s Sys=0.00s Real=0.16s
...[6352.078s][info][gc,start       ] GC(1017) Pause Young (Normal) (G1 Evacuation Pause)
[6352.078s][info][gc,task        ] GC(1017) Using 8 workers of 8 for evacuation
[6352.231s][info][gc,phases      ] GC(1017)   Pre Evacuate Collection Set: 0.23ms
[6352.231s][info][gc,phases      ] GC(1017)   Merge Heap Roots: 0.54ms
[6352.231s][info][gc,phases      ] GC(1017)   Evacuate Collection Set: 151.14ms
[6352.231s][info][gc,phases      ] GC(1017)   Post Evacuate Collection Set: 1.04ms
[6352.231s][info][gc,phases      ] GC(1017)   Other: 0.07ms
[6352.231s][info][gc,heap        ] GC(1017) Eden regions: 571->0(572)
[6352.231s][info][gc,heap        ] GC(1017) Survivor regions: 43->42(77)
[6352.231s][info][gc,heap        ] GC(1017) Old regions: 173->180
[6352.231s][info][gc,heap        ] GC(1017) Humongous regions: 33->33
[6352.231s][info][gc,metaspace   ] GC(1017) Metaspace: 30020K(30528K)->30020K(30528K) NonClass: 26619K(26880K)->26619K(26880K) Class: 3400K(3648K)->3400K(3648K)
[6352.231s][info][gc             ] GC(1017) Pause Young (Normal) (G1 Evacuation Pause) 6543M->2025M(8192M) 153.142ms
[6352.231s][info][gc,cpu         ] GC(1017) User=1.21s Sys=0.00s Real=0.15s
... (rIR:aIR:PR = 10516:10525:10524) (tPR = 154941) [OK] 
  6354s: Performance info:
         Transaction,    Success,    Partial,     Failed,   Receipts, AvgBarcode, 
             Overall,     634908,          0,          0,     603366,      59.48, 
         Response times:
             Request,    Success,    Partial,     Failed,   SkipFail,     Probes,    Samples,      min,      p50,      p90,      p95,      p99,      max, 
       TotalPurchase,     603366,          0,          0,          0,     359991,     443632,      300,     7700,    44000,    84000,   154000,  1600000,
     InStorePurchase,     321408,          0,          0,          0,     189593,     233611,      300,     7700,    43000,    83000,   156000,  1600000,
      OnlinePurchase,     219599,          0,          0,          0,     132266,     162834,      300,     7700,    44000,    84000,   152000,  1600000,
        InstPurchase,      62359,          0,          0,          0,      38132,      47187,      400,     8100,    45000,    85000,   148000,  1100000,
          AssocOfCat,        636,          0,          0,          0,        550,        767,    28000,    56000,   111000,   171000,   232200,   403000,
      AssocOfProduct,       6425,          0,          0,          0,       3663,       4739,      700,     7700,    48000,    86000,   146600,   620000,
      BusinessReport,       1585,          0,          0,          0,       1436,       1971,    34000,    66000,   118800,   171400,   234000,   346000,
          CustBuyBeh,       6253,          0,          0,          0,       3703,       4739,      500,     7700,    46000,    79000,   153000,   327000,
       ProductReturn,      16715,          0,          0,          0,      10289,      13122,      200,     7500,    44000,    84000,   151000,   515000,

  6354s: (77%)   IR =  10654 .[6355.624s][info][gc,start       ] GC(1018) Pause Young (Normal) (G1 Evacuation Pause)
[6355.624s][info][gc,task        ] GC(1018) Using 8 workers of 8 for evacuation
[6355.781s][info][gc,phases      ] GC(1018)   Pre Evacuate Collection Set: 0.28ms
[6355.781s][info][gc,phases      ] GC(1018)   Merge Heap Roots: 0.58ms
[6355.781s][info][gc,phases      ] GC(1018)   Evacuate Collection Set: 154.95ms
[6355.781s][info][gc,phases      ] GC(1018)   Post Evacuate Collection Set: 1.10ms
[6355.781s][info][gc,phases      ] GC(1018)   Other: 0.06ms
[6355.781s][info][gc,heap        ] GC(1018) Eden regions: 572->0(569)
[6355.781s][info][gc,heap        ] GC(1018) Survivor regions: 42->45(77)
[6355.781s][info][gc,heap        ] GC(1018) Old regions: 180->187
[6355.781s][info][gc,heap        ] GC(1018) Humongous regions: 33->33
[6355.781s][info][gc,metaspace   ] GC(1018) Metaspace: 30020K(30528K)->30020K(30528K) NonClass: 26619K(26880K)->26619K(26880K) Class: 3400K(3648K)->3400K(3648K)
[6355.781s][info][gc             ] GC(1018) Pause Young (Normal) (G1 Evacuation Pause) 6601M->2102M(8192M) 157.098ms
[6355.781s][info][gc,cpu         ] GC(1018) User=1.24s Sys=0.01s Real=0.16s
...[6359.098s][info][gc,start       ] GC(1019) Pause Young (Normal) (G1 Evacuation Pause)
[6359.098s][info][gc,task        ] GC(1019) Using 8 workers of 8 for evacuation
[6359.251s][info][gc,phases      ] GC(1019)   Pre Evacuate Collection Set: 0.22ms
[6359.251s][info][gc,phases      ] GC(1019)   Merge Heap Roots: 0.52ms
[6359.251s][info][gc,phases      ] GC(1019)   Evacuate Collection Set: 151.74ms
[6359.251s][info][gc,phases      ] GC(1019)   Post Evacuate Collection Set: 1.01ms
[6359.251s][info][gc,phases      ] GC(1019)   Other: 0.06ms
[6359.252s][info][gc,heap        ] GC(1019) Eden regions: 569->0(571)
[6359.252s][info][gc,heap        ] GC(1019) Survivor regions: 45->43(77)
[6359.252s][info][gc,heap        ] GC(1019) Old regions: 187->194
[6359.252s][info][gc,heap        ] GC(1019) Humongous regions: 33->33
[6359.252s][info][gc,metaspace   ] GC(1019) Metaspace: 30020K(30528K)->30020K(30528K) NonClass: 26619K(26880K)->26619K(26880K) Class: 3400K(3648K)->3400K(3648K)
[6359.252s][info][gc             ] GC(1019) Pause Young (Normal) (G1 Evacuation Pause) 6654M->2146M(8192M) 153.682ms
[6359.252s][info][gc,cpu         ] GC(1019) User=1.22s Sys=0.00s Real=0.15s
....[6362.795s][info][gc,start       ] GC(1020) Pause Young (Normal) (G1 Evacuation Pause)
[6362.795s][info][gc,task        ] GC(1020) Using 8 workers of 8 for evacuation
[6362.951s][info][gc,phases      ] GC(1020)   Pre Evacuate Collection Set: 0.21ms
[6362.951s][info][gc,phases      ] GC(1020)   Merge Heap Roots: 0.57ms
[6362.951s][info][gc,phases      ] GC(1020)   Evacuate Collection Set: 154.14ms
[6362.951s][info][gc,phases      ] GC(1020)   Post Evacuate Collection Set: 1.05ms
[6362.951s][info][gc,phases      ] GC(1020)   Other: 0.08ms
[6362.951s][info][gc,heap        ] GC(1020) Eden regions: 571->0(570)
[6362.951s][info][gc,heap        ] GC(1020) Survivor regions: 43->44(77)
[6362.951s][info][gc,heap        ] GC(1020) Old regions: 194->202
[6362.951s][info][gc,heap        ] GC(1020) Humongous regions: 33->33
[6362.951s][info][gc,metaspace   ] GC(1020) Metaspace: 30020K(30528K)->30020K(30528K) NonClass: 26619K(26880K)->26619K(26880K) Class: 3400K(3648K)->3400K(3648K)
[6362.951s][info][gc             ] GC(1020) Pause Young (Normal) (G1 Evacuation Pause) 6714M->2214M(8192M) 156.183ms
[6362.951s][info][gc,cpu         ] GC(1020) User=1.24s Sys=0.00s Real=0.16s
..|.[6366.288s][info][gc,start       ] GC(1021) Pause Young (Normal) (G1 Evacuation Pause)
[6366.288s][info][gc,task        ] GC(1021) Using 8 workers of 8 for evacuation
[6366.443s][info][gc,phases      ] GC(1021)   Pre Evacuate Collection Set: 0.23ms
[6366.443s][info][gc,phases      ] GC(1021)   Merge Heap Roots: 0.56ms
[6366.443s][info][gc,phases      ] GC(1021)   Evacuate Collection Set: 153.91ms
[6366.443s][info][gc,phases      ] GC(1021)   Post Evacuate Collection Set: 1.06ms
[6366.443s][info][gc,phases      ] GC(1021)   Other: 0.06ms
[6366.443s][info][gc,heap        ] GC(1021) Eden regions: 570->0(571)
[6366.443s][info][gc,heap        ] GC(1021) Survivor regions: 44->43(77)
[6366.443s][info][gc,heap        ] GC(1021) Old regions: 202->209
[6366.443s][info][gc,heap        ] GC(1021) Humongous regions: 33->33
[6366.443s][info][gc,metaspace   ] GC(1021) Metaspace: 30020K(30528K)->30020K(30528K) NonClass: 26619K(26880K)->26619K(26880K) Class: 3400K(3648K)->3400K(3648K)
[6366.443s][info][gc             ] GC(1021) Pause Young (Normal) (G1 Evacuation Pause) 6774M->2265M(8192M) 155.953ms
[6366.444s][info][gc,cpu         ] GC(1021) User=1.24s Sys=0.00s Real=0.15s
....[6369.807s][info][gc,start       ] GC(1022) Pause Young (Normal) (G1 Evacuation Pause)
[6369.807s][info][gc,task        ] GC(1022) Using 8 workers of 8 for evacuation
[6369.964s][info][gc,phases      ] GC(1022)   Pre Evacuate Collection Set: 0.22ms
[6369.964s][info][gc,phases      ] GC(1022)   Merge Heap Roots: 0.54ms
[6369.964s][info][gc,phases      ] GC(1022)   Evacuate Collection Set: 154.96ms
[6369.964s][info][gc,phases      ] GC(1022)   Post Evacuate Collection Set: 1.04ms
[6369.964s][info][gc,phases      ] GC(1022)   Other: 0.06ms
[6369.964s][info][gc,heap        ] GC(1022) Eden regions: 571->0(570)
[6369.964s][info][gc,heap        ] GC(1022) Survivor regions: 43->44(77)
[6369.964s][info][gc,heap        ] GC(1022) Old regions: 209->216
[6369.964s][info][gc,heap        ] GC(1022) Humongous regions: 33->33
[6369.964s][info][gc,metaspace   ] GC(1022) Metaspace: 30020K(30528K)->30020K(30528K) NonClass: 26619K(26880K)->26619K(26880K) Class: 3400K(3648K)->3400K(3648K)
[6369.964s][info][gc             ] GC(1022) Pause Young (Normal) (G1 Evacuation Pause) 6833M->2327M(8192M) 156.971ms
[6369.964s][info][gc,cpu         ] GC(1022) User=1.24s Sys=0.00s Real=0.15s
...[6373.403s][info][gc,start       ] GC(1023) Pause Young (Normal) (G1 Evacuation Pause)
[6373.403s][info][gc,task        ] GC(1023) Using 8 workers of 8 for evacuation
[6373.553s][info][gc,phases      ] GC(1023)   Pre Evacuate Collection Set: 0.23ms
[6373.553s][info][gc,phases      ] GC(1023)   Merge Heap Roots: 0.54ms
[6373.553s][info][gc,phases      ] GC(1023)   Evacuate Collection Set: 148.49ms
[6373.553s][info][gc,phases      ] GC(1023)   Post Evacuate Collection Set: 1.04ms
[6373.553s][info][gc,phases      ] GC(1023)   Other: 0.06ms
[6373.553s][info][gc,heap        ] GC(1023) Eden regions: 570->0(571)
[6373.553s][info][gc,heap        ] GC(1023) Survivor regions: 44->43(77)
[6373.553s][info][gc,heap        ] GC(1023) Old regions: 216->223
[6373.553s][info][gc,heap        ] GC(1023) Humongous regions: 33->33
[6373.553s][info][gc,metaspace   ] GC(1023) Metaspace: 30020K(30528K)->30020K(30528K) NonClass: 26619K(26880K)->26619K(26880K) Class: 3400K(3648K)->3400K(3648K)
[6373.553s][info][gc             ] GC(1023) Pause Young (Normal) (G1 Evacuation Pause) 6887M->2379M(8192M) 150.485ms
[6373.553s][info][gc,cpu         ] GC(1023) User=1.19s Sys=0.01s Real=0.15s
....[6376.936s][info][gc,start       ] GC(1024) Pause Young (Normal) (G1 Evacuation Pause)
[6376.936s][info][gc,task        ] GC(1024) Using 8 workers of 8 for evacuation
[6377.086s][info][gc,phases      ] GC(1024)   Pre Evacuate Collection Set: 0.22ms
[6377.086s][info][gc,phases      ] GC(1024)   Merge Heap Roots: 0.56ms
[6377.086s][info][gc,phases      ] GC(1024)   Evacuate Collection Set: 148.22ms
[6377.086s][info][gc,phases      ] GC(1024)   Post Evacuate Collection Set: 1.07ms
[6377.086s][info][gc,phases      ] GC(1024)   Other: 0.07ms
[6377.086s][info][gc,heap        ] GC(1024) Eden regions: 571->0(572)
[6377.086s][info][gc,heap        ] GC(1024) Survivor regions: 43->42(77)
[6377.086s][info][gc,heap        ] GC(1024) Old regions: 223->231
[6377.086s][info][gc,heap        ] GC(1024) Humongous regions: 33->33
[6377.086s][info][gc,metaspace   ] GC(1024) Metaspace: 30020K(30528K)->30020K(30528K) NonClass: 26619K(26880K)->26619K(26880K) Class: 3400K(3648K)->3400K(3648K)
[6377.086s][info][gc             ] GC(1024) Pause Young (Normal) (G1 Evacuation Pause) 6947M->2430M(8192M) 150.275ms
[6377.086s][info][gc,cpu         ] GC(1024) User=1.19s Sys=0.00s Real=0.15s
....[6380.571s][info][gc,start       ] GC(1025) Pause Young (Normal) (G1 Evacuation Pause)
[6380.571s][info][gc,task        ] GC(1025) Using 8 workers of 8 for evacuation
[6380.728s][info][gc,phases      ] GC(1025)   Pre Evacuate Collection Set: 0.22ms
[6380.728s][info][gc,phases      ] GC(1025)   Merge Heap Roots: 0.55ms
[6380.728s][info][gc,phases      ] GC(1025)   Evacuate Collection Set: 155.08ms
[6380.728s][info][gc,phases      ] GC(1025)   Post Evacuate Collection Set: 1.02ms
[6380.728s][info][gc,phases      ] GC(1025)   Other: 0.07ms
[6380.728s][info][gc,heap        ] GC(1025) Eden regions: 572->0(570)
[6380.728s][info][gc,heap        ] GC(1025) Survivor regions: 42->44(77)
[6380.728s][info][gc,heap        ] GC(1025) Old regions: 231->238
[6380.728s][info][gc,heap        ] GC(1025) Humongous regions: 33->33
[6380.728s][info][gc,metaspace   ] GC(1025) Metaspace: 30020K(30528K)->30020K(30528K) NonClass: 26619K(26880K)->26619K(26880K) Class: 3400K(3648K)->3400K(3648K)
[6380.728s][info][gc             ] GC(1025) Pause Young (Normal) (G1 Evacuation Pause) 7006M->2506M(8192M) 157.061ms
[6380.728s][info][gc,cpu         ] GC(1025) User=1.25s Sys=0.00s Real=0.16s
...[6384.292s][info][gc,start       ] GC(1026) Pause Young (Normal) (G1 Evacuation Pause)
[6384.292s][info][gc,task        ] GC(1026) Using 8 workers of 8 for evacuation
[6384.441s][info][gc,phases      ] GC(1026)   Pre Evacuate Collection Set: 0.22ms
[6384.441s][info][gc,phases      ] GC(1026)   Merge Heap Roots: 0.60ms
[6384.441s][info][gc,phases      ] GC(1026)   Evacuate Collection Set: 146.95ms
[6384.441s][info][gc,phases      ] GC(1026)   Post Evacuate Collection Set: 1.08ms
[6384.441s][info][gc,phases      ] GC(1026)   Other: 0.06ms
[6384.441s][info][gc,heap        ] GC(1026) Eden regions: 570->0(571)
[6384.441s][info][gc,heap        ] GC(1026) Survivor regions: 44->43(77)
[6384.441s][info][gc,heap        ] GC(1026) Old regions: 238->245
[6384.441s][info][gc,heap        ] GC(1026) Humongous regions: 33->33
[6384.441s][info][gc,metaspace   ] GC(1026) Metaspace: 30020K(30528K)->30020K(30528K) NonClass: 26619K(26880K)->26619K(26880K) Class: 3400K(3648K)->3400K(3648K)
[6384.441s][info][gc             ] GC(1026) Pause Young (Normal) (G1 Evacuation Pause) 7066M->2551M(8192M) 149.045ms
[6384.441s][info][gc,cpu         ] GC(1026) User=1.18s Sys=0.00s Real=0.15s
....[6387.833s][info][gc,start       ] GC(1027) Pause Young (Normal) (G1 Evacuation Pause)
[6387.833s][info][gc,task        ] GC(1027) Using 8 workers of 8 for evacuation
[6387.986s][info][gc,phases      ] GC(1027)   Pre Evacuate Collection Set: 0.27ms
[6387.986s][info][gc,phases      ] GC(1027)   Merge Heap Roots: 0.62ms
[6387.986s][info][gc,phases      ] GC(1027)   Evacuate Collection Set: 150.94ms
[6387.986s][info][gc,phases      ] GC(1027)   Post Evacuate Collection Set: 1.05ms
[6387.986s][info][gc,phases      ] GC(1027)   Other: 0.06ms
[6387.986s][info][gc,heap        ] GC(1027) Eden regions: 571->0(570)
[6387.986s][info][gc,heap        ] GC(1027) Survivor regions: 43->44(77)
[6387.986s][info][gc,heap        ] GC(1027) Old regions: 245->253
[6387.986s][info][gc,heap        ] GC(1027) Humongous regions: 33->33
[6387.986s][info][gc,metaspace   ] GC(1027) Metaspace: 30020K(30528K)->30020K(30528K) NonClass: 26619K(26880K)->26619K(26880K) Class: 3400K(3648K)->3400K(3648K)
[6387.986s][info][gc             ] GC(1027) Pause Young (Normal) (G1 Evacuation Pause) 7119M->2622M(8192M) 153.088ms
[6387.986s][info][gc,cpu         ] GC(1027) User=1.21s Sys=0.00s Real=0.15s
...[6391.454s][info][gc,start       ] GC(1028) Pause Young (Normal) (G1 Evacuation Pause)
[6391.454s][info][gc,task        ] GC(1028) Using 8 workers of 8 for evacuation
[6391.607s][info][gc,phases      ] GC(1028)   Pre Evacuate Collection Set: 0.22ms
[6391.607s][info][gc,phases      ] GC(1028)   Merge Heap Roots: 0.55ms
[6391.607s][info][gc,phases      ] GC(1028)   Evacuate Collection Set: 150.53ms
[6391.607s][info][gc,phases      ] GC(1028)   Post Evacuate Collection Set: 1.04ms
[6391.607s][info][gc,phases      ] GC(1028)   Other: 0.06ms
[6391.607s][info][gc,heap        ] GC(1028) Eden regions: 570->0(571)
[6391.607s][info][gc,heap        ] GC(1028) Survivor regions: 44->43(77)
[6391.607s][info][gc,heap        ] GC(1028) Old regions: 253->260
[6391.607s][info][gc,heap        ] GC(1028) Humongous regions: 33->33
[6391.607s][info][gc,metaspace   ] GC(1028) Metaspace: 30020K(30528K)->30020K(30528K) NonClass: 26619K(26880K)->26619K(26880K) Class: 3400K(3648K)->3400K(3648K)
[6391.607s][info][gc             ] GC(1028) Pause Young (Normal) (G1 Evacuation Pause) 7182M->2670M(8192M) 152.529ms
[6391.607s][info][gc,cpu         ] GC(1028) User=1.21s Sys=0.00s Real=0.16s
....[6395.064s][info][gc,start       ] GC(1029) Pause Young (Normal) (G1 Evacuation Pause)
[6395.064s][info][gc,task        ] GC(1029) Using 8 workers of 8 for evacuation
[6395.215s][info][gc,phases      ] GC(1029)   Pre Evacuate Collection Set: 0.24ms
[6395.215s][info][gc,phases      ] GC(1029)   Merge Heap Roots: 0.55ms
[6395.215s][info][gc,phases      ] GC(1029)   Evacuate Collection Set: 149.62ms
[6395.215s][info][gc,phases      ] GC(1029)   Post Evacuate Collection Set: 1.04ms
[6395.215s][info][gc,phases      ] GC(1029)   Other: 0.06ms
[6395.215s][info][gc,heap        ] GC(1029) Eden regions: 571->0(571)
[6395.215s][info][gc,heap        ] GC(1029) Survivor regions: 43->43(77)
[6395.215s][info][gc,heap        ] GC(1029) Old regions: 260->267
[6395.215s][info][gc,heap        ] GC(1029) Humongous regions: 33->33
[6395.215s][info][gc,metaspace   ] GC(1029) Metaspace: 30020K(30528K)->30020K(30528K) NonClass: 26619K(26880K)->26619K(26880K) Class: 3400K(3648K)->3400K(3648K)
[6395.215s][info][gc             ] GC(1029) Pause Young (Normal) (G1 Evacuation Pause) 7238M->2726M(8192M) 151.637ms
[6395.215s][info][gc,cpu         ] GC(1029) User=1.20s Sys=0.00s Real=0.15s
....[6398.658s][info][gc,start       ] GC(1030) Pause Young (Normal) (G1 Evacuation Pause)
[6398.658s][info][gc,task        ] GC(1030) Using 8 workers of 8 for evacuation
[6398.811s][info][gc,phases      ] GC(1030)   Pre Evacuate Collection Set: 0.24ms
[6398.812s][info][gc,phases      ] GC(1030)   Merge Heap Roots: 0.53ms
[6398.812s][info][gc,phases      ] GC(1030)   Evacuate Collection Set: 152.03ms
[6398.812s][info][gc,phases      ] GC(1030)   Post Evacuate Collection Set: 1.09ms
[6398.812s][info][gc,phases      ] GC(1030)   Other: 0.06ms
[6398.812s][info][gc,heap        ] GC(1030) Eden regions: 571->0(570)
[6398.812s][info][gc,heap        ] GC(1030) Survivor regions: 43->44(77)
[6398.812s][info][gc,heap        ] GC(1030) Old regions: 267->274
[6398.812s][info][gc,heap        ] GC(1030) Humongous regions: 33->33
[6398.812s][info][gc,metaspace   ] GC(1030) Metaspace: 30020K(30528K)->30020K(30528K) NonClass: 26619K(26880K)->26619K(26880K) Class: 3400K(3648K)->3400K(3648K)
[6398.812s][info][gc             ] GC(1030) Pause Young (Normal) (G1 Evacuation Pause) 7294M->2790M(8192M) 154.092ms
[6398.812s][info][gc,cpu         ] GC(1030) User=1.22s Sys=0.00s Real=0.15s
...[6402.230s][info][gc,start       ] GC(1031) Pause Young (Normal) (G1 Evacuation Pause)
[6402.230s][info][gc,task        ] GC(1031) Using 8 workers of 8 for evacuation
[6402.381s][info][gc,phases      ] GC(1031)   Pre Evacuate Collection Set: 0.23ms
[6402.381s][info][gc,phases      ] GC(1031)   Merge Heap Roots: 0.55ms
[6402.381s][info][gc,phases      ] GC(1031)   Evacuate Collection Set: 148.42ms
[6402.381s][info][gc,phases      ] GC(1031)   Post Evacuate Collection Set: 1.03ms
[6402.381s][info][gc,phases      ] GC(1031)   Other: 0.07ms
[6402.381s][info][gc,heap        ] GC(1031) Eden regions: 570->0(571)
[6402.381s][info][gc,heap        ] GC(1031) Survivor regions: 44->43(77)
[6402.381s][info][gc,heap        ] GC(1031) Old regions: 274->281
[6402.381s][info][gc,heap        ] GC(1031) Humongous regions: 33->33
[6402.381s][info][gc,metaspace   ] GC(1031) Metaspace: 30020K(30528K)->30020K(30528K) NonClass: 26619K(26880K)->26619K(26880K) Class: 3400K(3648K)->3400K(3648K)
[6402.381s][info][gc             ] GC(1031) Pause Young (Normal) (G1 Evacuation Pause) 7350M->2838M(8192M) 150.432ms
[6402.381s][info][gc,cpu         ] GC(1031) User=1.19s Sys=0.00s Real=0.15s
....[6405.757s][info][gc,start       ] GC(1032) Pause Young (Normal) (G1 Evacuation Pause)
[6405.757s][info][gc,task        ] GC(1032) Using 8 workers of 8 for evacuation
[6405.910s][info][gc,phases      ] GC(1032)   Pre Evacuate Collection Set: 0.21ms
[6405.910s][info][gc,phases      ] GC(1032)   Merge Heap Roots: 0.54ms
[6405.910s][info][gc,phases      ] GC(1032)   Evacuate Collection Set: 150.95ms
[6405.910s][info][gc,phases      ] GC(1032)   Post Evacuate Collection Set: 1.06ms
[6405.910s][info][gc,phases      ] GC(1032)   Other: 0.06ms
[6405.910s][info][gc,heap        ] GC(1032) Eden regions: 571->0(563)
[6405.910s][info][gc,heap        ] GC(1032) Survivor regions: 43->44(77)
[6405.910s][info][gc,heap        ] GC(1032) Old regions: 281->288
[6405.910s][info][gc,heap        ] GC(1032) Humongous regions: 33->33
[6405.910s][info][gc,metaspace   ] GC(1032) Metaspace: 30020K(30528K)->30020K(30528K) NonClass: 26619K(26880K)->26619K(26880K) Class: 3400K(3648K)->3400K(3648K)
[6405.910s][info][gc             ] GC(1032) Pause Young (Normal) (G1 Evacuation Pause) 7406M->2899M(8192M) 152.949ms
[6405.910s][info][gc,cpu         ] GC(1032) User=1.21s Sys=0.00s Real=0.15s
...[6409.404s][info][gc,start       ] GC(1033) Pause Young (Normal) (G1 Evacuation Pause)
[6409.404s][info][gc,task        ] GC(1033) Using 8 workers of 8 for evacuation
[6409.558s][info][gc,phases      ] GC(1033)   Pre Evacuate Collection Set: 0.23ms
[6409.558s][info][gc,phases      ] GC(1033)   Merge Heap Roots: 0.54ms
[6409.558s][info][gc,phases      ] GC(1033)   Evacuate Collection Set: 151.37ms
[6409.558s][info][gc,phases      ] GC(1033)   Post Evacuate Collection Set: 1.05ms
[6409.558s][info][gc,phases      ] GC(1033)   Other: 0.07ms
[6409.558s][info][gc,heap        ] GC(1033) Eden regions: 563->0(558)
[6409.558s][info][gc,heap        ] GC(1033) Survivor regions: 44->43(76)
[6409.558s][info][gc,heap        ] GC(1033) Old regions: 288->295
[6409.558s][info][gc,heap        ] GC(1033) Humongous regions: 33->33
[6409.558s][info][gc,metaspace   ] GC(1033) Metaspace: 30020K(30528K)->30020K(30528K) NonClass: 26619K(26880K)->26619K(26880K) Class: 3400K(3648K)->3400K(3648K)
[6409.558s][info][gc             ] GC(1033) Pause Young (Normal) (G1 Evacuation Pause) 7403M->2951M(8192M) 153.418ms
[6409.558s][info][gc,cpu         ] GC(1033) User=1.21s Sys=0.00s Real=0.16s
....[6412.854s][info][gc,start       ] GC(1034) Pause Young (Normal) (G1 Evacuation Pause)
[6412.854s][info][gc,task        ] GC(1034) Using 8 workers of 8 for evacuation
[6413.005s][info][gc,phases      ] GC(1034)   Pre Evacuate Collection Set: 0.26ms
[6413.005s][info][gc,phases      ] GC(1034)   Merge Heap Roots: 0.54ms
[6413.005s][info][gc,phases      ] GC(1034)   Evacuate Collection Set: 149.54ms
[6413.005s][info][gc,phases      ] GC(1034)   Post Evacuate Collection Set: 1.02ms
[6413.005s][info][gc,phases      ] GC(1034)   Other: 0.06ms
[6413.005s][info][gc,heap        ] GC(1034) Eden regions: 558->0(551)
[6413.005s][info][gc,heap        ] GC(1034) Survivor regions: 43->43(76)
[6413.005s][info][gc,heap        ] GC(1034) Old regions: 295->302
[6413.005s][info][gc,heap        ] GC(1034) Humongous regions: 33->33
[6413.005s][info][gc,metaspace   ] GC(1034) Metaspace: 30020K(30528K)->30020K(30528K) NonClass: 26619K(26880K)->26619K(26880K) Class: 3400K(3648K)->3400K(3648K)
[6413.005s][info][gc             ] GC(1034) Pause Young (Normal) (G1 Evacuation Pause) 7415M->3006M(8192M) 151.542ms
[6413.006s][info][gc,cpu         ] GC(1034) User=1.20s Sys=0.00s Real=0.15s
...[6416.288s][info][gc,start       ] GC(1035) Pause Young (Normal) (G1 Evacuation Pause)
[6416.288s][info][gc,task        ] GC(1035) Using 8 workers of 8 for evacuation
[6416.439s][info][gc,phases      ] GC(1035)   Pre Evacuate Collection Set: 0.23ms
[6416.439s][info][gc,phases      ] GC(1035)   Merge Heap Roots: 0.54ms
[6416.439s][info][gc,phases      ] GC(1035)   Evacuate Collection Set: 149.78ms
[6416.439s][info][gc,phases      ] GC(1035)   Post Evacuate Collection Set: 1.00ms
[6416.439s][info][gc,phases      ] GC(1035)   Other: 0.06ms
[6416.439s][info][gc,heap        ] GC(1035) Eden regions: 551->0(543)
[6416.439s][info][gc,heap        ] GC(1035) Survivor regions: 43->43(75)
[6416.439s][info][gc,heap        ] GC(1035) Old regions: 302->310
[6416.439s][info][gc,heap        ] GC(1035) Humongous regions: 33->33
[6416.439s][info][gc,metaspace   ] GC(1035) Metaspace: 30020K(30528K)->30020K(30528K) NonClass: 26619K(26880K)->26619K(26880K) Class: 3400K(3648K)->3400K(3648K)
[6416.439s][info][gc             ] GC(1035) Pause Young (Normal) (G1 Evacuation Pause) 7414M->3070M(8192M) 151.736ms
[6416.439s][info][gc,cpu         ] GC(1035) User=1.20s Sys=0.00s Real=0.15s
....[6419.839s][info][gc,start       ] GC(1036) Pause Young (Concurrent Start) (G1 Evacuation Pause)
[6419.839s][info][gc,task        ] GC(1036) Using 8 workers of 8 for evacuation
[6419.991s][info][gc,phases      ] GC(1036)   Pre Evacuate Collection Set: 0.28ms
[6419.991s][info][gc,phases      ] GC(1036)   Merge Heap Roots: 0.59ms
[6419.991s][info][gc,phases      ] GC(1036)   Evacuate Collection Set: 150.68ms
[6419.991s][info][gc,phases      ] GC(1036)   Post Evacuate Collection Set: 1.06ms
[6419.991s][info][gc,phases      ] GC(1036)   Other: 0.10ms
[6419.991s][info][gc,heap        ] GC(1036) Eden regions: 543->0(536)
[6419.991s][info][gc,heap        ] GC(1036) Survivor regions: 43->43(74)
[6419.991s][info][gc,heap        ] GC(1036) Old regions: 310->317
[6419.991s][info][gc,heap        ] GC(1036) Humongous regions: 33->33
[6419.991s][info][gc,metaspace   ] GC(1036) Metaspace: 30020K(30528K)->30020K(30528K) NonClass: 26619K(26880K)->26619K(26880K) Class: 3400K(3648K)->3400K(3648K)
[6419.991s][info][gc             ] GC(1036) Pause Young (Concurrent Start) (G1 Evacuation Pause) 7414M->3130M(8192M) 152.845ms
[6419.991s][info][gc             ] GC(1037) Concurrent Mark Cycle
[6419.991s][info][gc,marking     ] GC(1037) Concurrent Scan Root Regions
[6419.992s][info][gc,cpu         ] GC(1036) User=1.21s Sys=0.00s Real=0.15s
[6420.241s][info][gc,marking     ] GC(1037) Concurrent Scan Root Regions 249.931ms
[6420.241s][info][gc,marking     ] GC(1037) Concurrent Mark
[6420.242s][info][gc,marking     ] GC(1037) Concurrent Mark From Roots
[6420.242s][info][gc,task        ] GC(1037) Using 2 workers of 2 for marking
.[6421.469s][info][gc,marking     ] GC(1037) Concurrent Mark From Roots 1227.054ms
[6421.469s][info][gc,marking     ] GC(1037) Concurrent Preclean
[6421.469s][info][gc,marking     ] GC(1037) Concurrent Preclean 0.127ms
[6421.469s][info][gc,start       ] GC(1037) Pause Remark
[6421.471s][info][gc             ] GC(1037) Pause Remark 4775M->4303M(8192M) 1.622ms
[6421.471s][info][gc,cpu         ] GC(1037) User=0.01s Sys=0.00s Real=0.00s
[6421.471s][info][gc,marking     ] GC(1037) Concurrent Mark 1229.105ms
[6421.471s][info][gc,marking     ] GC(1037) Concurrent Rebuild Remembered Sets and Scrub Regions
.[6422.169s][info][gc,marking     ] GC(1037) Concurrent Rebuild Remembered Sets and Scrub Regions 698.054ms
[6422.169s][info][gc,start       ] GC(1037) Pause Cleanup
[6422.169s][info][gc             ] GC(1037) Pause Cleanup 5199M->5199M(8192M) 0.251ms
[6422.169s][info][gc,cpu         ] GC(1037) User=0.00s Sys=0.00s Real=0.00s
[6422.169s][info][gc,marking     ] GC(1037) Concurrent Clear Claimed Marks
[6422.169s][info][gc,marking     ] GC(1037) Concurrent Clear Claimed Marks 0.038ms
[6422.169s][info][gc,marking     ] GC(1037) Concurrent Cleanup for Next Mark
[6422.181s][info][gc,marking     ] GC(1037) Concurrent Cleanup for Next Mark 11.772ms
[6422.181s][info][gc             ] GC(1037) Concurrent Mark Cycle 2189.536ms
.[6423.232s][info][gc,start       ] GC(1038) Pause Young (Prepare Mixed) (G1 Evacuation Pause)
[6423.232s][info][gc,task        ] GC(1038) Using 8 workers of 8 for evacuation
[6423.383s][info][gc,phases      ] GC(1038)   Pre Evacuate Collection Set: 0.21ms
[6423.383s][info][gc,phases      ] GC(1038)   Merge Heap Roots: 0.71ms
[6423.383s][info][gc,phases      ] GC(1038)   Evacuate Collection Set: 148.86ms
[6423.383s][info][gc,phases      ] GC(1038)   Post Evacuate Collection Set: 1.13ms
[6423.383s][info][gc,phases      ] GC(1038)   Other: 0.07ms
[6423.383s][info][gc,heap        ] GC(1038) Eden regions: 536->0(571)
[6423.383s][info][gc,heap        ] GC(1038) Survivor regions: 43->43(73)
[6423.383s][info][gc,heap        ] GC(1038) Old regions: 258->266
[6423.383s][info][gc,heap        ] GC(1038) Humongous regions: 33->33
[6423.383s][info][gc,metaspace   ] GC(1038) Metaspace: 30020K(30528K)->30020K(30528K) NonClass: 26619K(26880K)->26619K(26880K) Class: 3400K(3648K)->3400K(3648K)
[6423.383s][info][gc             ] GC(1038) Pause Young (Prepare Mixed) (G1 Evacuation Pause) 6946M->2713M(8192M) 151.126ms
[6423.383s][info][gc,cpu         ] GC(1038) User=1.20s Sys=0.00s Real=0.15s
.. (rIR:aIR:PR = 10654:10640:10640) (tPR = 157574) [OK] 
  6424s: Performance info:
         Transaction,    Success,    Partial,     Failed,   Receipts, AvgBarcode, 
             Overall,     639516,          0,          0,     607783,      59.48, 
         Response times:
             Request,    Success,    Partial,     Failed,   SkipFail,     Probes,    Samples,      min,      p50,      p90,      p95,      p99,      max, 
       TotalPurchase,     607784,          0,          0,          0,     352684,     421455,      300,     7800,    65000,   104000,   224000,  3000000,
     InStorePurchase,     320604,          0,          0,          0,     185461,     221534,      300,     7800,    65000,   103000,   222000,  3000000,
      OnlinePurchase,     222973,          0,          0,          0,     129962,     155404,      300,     7900,    66000,   104000,   225000,  3000000,
        InstPurchase,      64207,          0,          0,          0,      37261,      44517,      400,     7900,    62000,   103000,   229000,  3000000,
          AssocOfCat,        638,          0,          0,          0,        523,        743,    32000,    57000,   125600,   164200,   359960,   574000,
      AssocOfProduct,       6307,          0,          0,          0,       3741,       4574,      700,     7700,    67000,   105000,   228000,  1200000,
      BusinessReport,       1602,          0,          0,          0,       1457,       1870,    32000,    67000,   131000,   191900,   336580,   480000,
          CustBuyBeh,       6320,          0,          0,          0,       3685,       4592,      200,     8500,    69000,   110000,   230070,  1200000,
       ProductReturn,      16865,          0,          0,          0,       9216,      11202,      200,     7500,    63000,   102000,   222000,   750000,

  6424s: (78%)   IR =  10793 ..[6426.825s][info][gc,start       ] GC(1039) Pause Young (Mixed) (G1 Evacuation Pause)
[6426.825s][info][gc,task        ] GC(1039) Using 8 workers of 8 for evacuation
[6426.984s][info][gc,phases      ] GC(1039)   Pre Evacuate Collection Set: 0.29ms
[6426.984s][info][gc,phases      ] GC(1039)   Merge Heap Roots: 0.76ms
[6426.984s][info][gc,phases      ] GC(1039)   Evacuate Collection Set: 156.23ms
[6426.984s][info][gc,phases      ] GC(1039)   Post Evacuate Collection Set: 1.36ms
[6426.984s][info][gc,phases      ] GC(1039)   Other: 0.07ms
[6426.984s][info][gc,heap        ] GC(1039) Eden regions: 571->0(571)
[6426.984s][info][gc,heap        ] GC(1039) Survivor regions: 43->43(77)
[6426.984s][info][gc,heap        ] GC(1039) Old regions: 266->171
[6426.984s][info][gc,heap        ] GC(1039) Humongous regions: 33->33
[6426.984s][info][gc,metaspace   ] GC(1039) Metaspace: 30020K(30528K)->30020K(30528K) NonClass: 26619K(26880K)->26619K(26880K) Class: 3400K(3648K)->3400K(3648K)
[6426.984s][info][gc             ] GC(1039) Pause Young (Mixed) (G1 Evacuation Pause) 7281M->1953M(8192M) 158.837ms
[6426.984s][info][gc,cpu         ] GC(1039) User=1.26s Sys=0.00s Real=0.16s
...|[6430.346s][info][gc,start       ] GC(1040) Pause Young (Mixed) (G1 Evacuation Pause)
[6430.346s][info][gc,task        ] GC(1040) Using 8 workers of 8 for evacuation
[6430.506s][info][gc,phases      ] GC(1040)   Pre Evacuate Collection Set: 0.28ms
[6430.507s][info][gc,phases      ] GC(1040)   Merge Heap Roots: 0.88ms
[6430.507s][info][gc,phases      ] GC(1040)   Evacuate Collection Set: 158.53ms
[6430.507s][info][gc,phases      ] GC(1040)   Post Evacuate Collection Set: 1.10ms
[6430.507s][info][gc,phases      ] GC(1040)   Other: 0.07ms
[6430.507s][info][gc,heap        ] GC(1040) Eden regions: 571->0(571)
[6430.507s][info][gc,heap        ] GC(1040) Survivor regions: 43->43(77)
[6430.507s][info][gc,heap        ] GC(1040) Old regions: 171->144
[6430.507s][info][gc,heap        ] GC(1040) Humongous regions: 33->33
[6430.507s][info][gc,metaspace   ] GC(1040) Metaspace: 30020K(30528K)->30020K(30528K) NonClass: 26619K(26880K)->26619K(26880K) Class: 3400K(3648K)->3400K(3648K)
[6430.507s][info][gc             ] GC(1040) Pause Young (Mixed) (G1 Evacuation Pause) 6521M->1737M(8192M) 161.000ms
[6430.507s][info][gc,cpu         ] GC(1040) User=1.27s Sys=0.00s Real=0.17s
....[6433.874s][info][gc,start       ] GC(1041) Pause Young (Normal) (G1 Evacuation Pause)
[6433.874s][info][gc,task        ] GC(1041) Using 8 workers of 8 for evacuation
[6434.032s][info][gc,phases      ] GC(1041)   Pre Evacuate Collection Set: 0.22ms
[6434.033s][info][gc,phases      ] GC(1041)   Merge Heap Roots: 0.53ms
[6434.033s][info][gc,phases      ] GC(1041)   Evacuate Collection Set: 156.76ms
[6434.033s][info][gc,phases      ] GC(1041)   Post Evacuate Collection Set: 1.04ms
[6434.033s][info][gc,phases      ] GC(1041)   Other: 0.07ms
[6434.033s][info][gc,heap        ] GC(1041) Eden regions: 571->0(570)
[6434.033s][info][gc,heap        ] GC(1041) Survivor regions: 43->44(77)
[6434.033s][info][gc,heap        ] GC(1041) Old regions: 144->151
[6434.033s][info][gc,heap        ] GC(1041) Humongous regions: 33->33
[6434.033s][info][gc,metaspace   ] GC(1041) Metaspace: 30020K(30528K)->30020K(30528K) NonClass: 26619K(26880K)->26619K(26880K) Class: 3400K(3648K)->3400K(3648K)
[6434.033s][info][gc             ] GC(1041) Pause Young (Normal) (G1 Evacuation Pause) 6305M->1807M(8192M) 158.759ms
[6434.033s][info][gc,cpu         ] GC(1041) User=1.26s Sys=0.00s Real=0.16s
...[6437.450s][info][gc,start       ] GC(1042) Pause Young (Normal) (G1 Evacuation Pause)
[6437.450s][info][gc,task        ] GC(1042) Using 8 workers of 8 for evacuation
[6437.601s][info][gc,phases      ] GC(1042)   Pre Evacuate Collection Set: 0.22ms
[6437.601s][info][gc,phases      ] GC(1042)   Merge Heap Roots: 0.54ms
[6437.601s][info][gc,phases      ] GC(1042)   Evacuate Collection Set: 149.39ms
[6437.601s][info][gc,phases      ] GC(1042)   Post Evacuate Collection Set: 1.03ms
[6437.601s][info][gc,phases      ] GC(1042)   Other: 0.06ms
[6437.601s][info][gc,heap        ] GC(1042) Eden regions: 570->0(571)
[6437.601s][info][gc,heap        ] GC(1042) Survivor regions: 44->43(77)
[6437.601s][info][gc,heap        ] GC(1042) Old regions: 151->158
[6437.601s][info][gc,heap        ] GC(1042) Humongous regions: 33->33
[6437.601s][info][gc,metaspace   ] GC(1042) Metaspace: 30020K(30528K)->30020K(30528K) NonClass: 26619K(26880K)->26619K(26880K) Class: 3400K(3648K)->3400K(3648K)
[6437.601s][info][gc             ] GC(1042) Pause Young (Normal) (G1 Evacuation Pause) 6367M->1858M(8192M) 151.375ms
[6437.601s][info][gc,cpu         ] GC(1042) User=1.20s Sys=0.00s Real=0.15s
....[6440.955s][info][gc,start       ] GC(1043) Pause Young (Normal) (G1 Evacuation Pause)
[6440.955s][info][gc,task        ] GC(1043) Using 8 workers of 8 for evacuation
[6441.108s][info][gc,phases      ] GC(1043)   Pre Evacuate Collection Set: 0.23ms
[6441.108s][info][gc,phases      ] GC(1043)   Merge Heap Roots: 0.53ms
[6441.108s][info][gc,phases      ] GC(1043)   Evacuate Collection Set: 150.68ms
[6441.108s][info][gc,phases      ] GC(1043)   Post Evacuate Collection Set: 1.02ms
[6441.108s][info][gc,phases      ] GC(1043)   Other: 0.06ms
[6441.108s][info][gc,heap        ] GC(1043) Eden regions: 571->0(572)
[6441.108s][info][gc,heap        ] GC(1043) Survivor regions: 43->42(77)
[6441.108s][info][gc,heap        ] GC(1043) Old regions: 158->165
[6441.108s][info][gc,heap        ] GC(1043) Humongous regions: 33->33
[6441.108s][info][gc,metaspace   ] GC(1043) Metaspace: 30020K(30528K)->30020K(30528K) NonClass: 26619K(26880K)->26619K(26880K) Class: 3400K(3648K)->3400K(3648K)
[6441.108s][info][gc             ] GC(1043) Pause Young (Normal) (G1 Evacuation Pause) 6426M->1907M(8192M) 152.652ms
[6441.108s][info][gc,cpu         ] GC(1043) User=1.21s Sys=0.00s Real=0.16s
...[6444.520s][info][gc,start       ] GC(1044) Pause Young (Normal) (G1 Evacuation Pause)
[6444.521s][info][gc,task        ] GC(1044) Using 8 workers of 8 for evacuation
[6444.672s][info][gc,phases      ] GC(1044)   Pre Evacuate Collection Set: 0.25ms
[6444.672s][info][gc,phases      ] GC(1044)   Merge Heap Roots: 0.60ms
[6444.672s][info][gc,phases      ] GC(1044)   Evacuate Collection Set: 149.17ms
[6444.672s][info][gc,phases      ] GC(1044)   Post Evacuate Collection Set: 1.05ms
[6444.672s][info][gc,phases      ] GC(1044)   Other: 0.07ms
[6444.672s][info][gc,heap        ] GC(1044) Eden regions: 572->0(571)
[6444.672s][info][gc,heap        ] GC(1044) Survivor regions: 42->43(77)
[6444.672s][info][gc,heap        ] GC(1044) Old regions: 165->172
[6444.672s][info][gc,heap        ] GC(1044) Humongous regions: 33->33
[6444.672s][info][gc,metaspace   ] GC(1044) Metaspace: 30020K(30528K)->30020K(30528K) NonClass: 26619K(26880K)->26619K(26880K) Class: 3400K(3648K)->3400K(3648K)
[6444.672s][info][gc             ] GC(1044) Pause Young (Normal) (G1 Evacuation Pause) 6483M->1967M(8192M) 151.280ms
[6444.672s][info][gc,cpu         ] GC(1044) User=1.19s Sys=0.00s Real=0.15s
....[6448.088s][info][gc,start       ] GC(1045) Pause Young (Normal) (G1 Evacuation Pause)
[6448.088s][info][gc,task        ] GC(1045) Using 8 workers of 8 for evacuation
[6448.236s][info][gc,phases      ] GC(1045)   Pre Evacuate Collection Set: 0.25ms
[6448.237s][info][gc,phases      ] GC(1045)   Merge Heap Roots: 0.54ms
[6448.237s][info][gc,phases      ] GC(1045)   Evacuate Collection Set: 146.69ms
[6448.237s][info][gc,phases      ] GC(1045)   Post Evacuate Collection Set: 1.07ms
[6448.237s][info][gc,phases      ] GC(1045)   Other: 0.06ms
[6448.237s][info][gc,heap        ] GC(1045) Eden regions: 571->0(572)
[6448.237s][info][gc,heap        ] GC(1045) Survivor regions: 43->42(77)
[6448.237s][info][gc,heap        ] GC(1045) Old regions: 172->179
[6448.237s][info][gc,heap        ] GC(1045) Humongous regions: 33->33
[6448.237s][info][gc,metaspace   ] GC(1045) Metaspace: 30020K(30528K)->30020K(30528K) NonClass: 26619K(26880K)->26619K(26880K) Class: 3400K(3648K)->3400K(3648K)
[6448.237s][info][gc             ] GC(1045) Pause Young (Normal) (G1 Evacuation Pause) 6535M->2019M(8192M) 148.741ms
[6448.237s][info][gc,cpu         ] GC(1045) User=1.17s Sys=0.00s Real=0.15s
...[6451.572s][info][gc,start       ] GC(1046) Pause Young (Normal) (G1 Evacuation Pause)
[6451.572s][info][gc,task        ] GC(1046) Using 8 workers of 8 for evacuation
[6451.725s][info][gc,phases      ] GC(1046)   Pre Evacuate Collection Set: 0.22ms
[6451.725s][info][gc,phases      ] GC(1046)   Merge Heap Roots: 0.53ms
[6451.725s][info][gc,phases      ] GC(1046)   Evacuate Collection Set: 151.31ms
[6451.725s][info][gc,phases      ] GC(1046)   Post Evacuate Collection Set: 1.03ms
[6451.725s][info][gc,phases      ] GC(1046)   Other: 0.06ms
[6451.725s][info][gc,heap        ] GC(1046) Eden regions: 572->0(570)
[6451.725s][info][gc,heap        ] GC(1046) Survivor regions: 42->44(77)
[6451.725s][info][gc,heap        ] GC(1046) Old regions: 179->187
[6451.725s][info][gc,heap        ] GC(1046) Humongous regions: 33->33
[6451.725s][info][gc,metaspace   ] GC(1046) Metaspace: 30020K(30528K)->30020K(30528K) NonClass: 26619K(26880K)->26619K(26880K) Class: 3400K(3648K)->3400K(3648K)
[6451.725s][info][gc             ] GC(1046) Pause Young (Normal) (G1 Evacuation Pause) 6595M->2091M(8192M) 153.288ms
[6451.725s][info][gc,cpu         ] GC(1046) User=1.21s Sys=0.00s Real=0.15s
....[6455.101s][info][gc,start       ] GC(1047) Pause Young (Normal) (G1 Evacuation Pause)
[6455.101s][info][gc,task        ] GC(1047) Using 8 workers of 8 for evacuation
[6455.258s][info][gc,phases      ] GC(1047)   Pre Evacuate Collection Set: 0.23ms
[6455.258s][info][gc,phases      ] GC(1047)   Merge Heap Roots: 0.53ms
[6455.258s][info][gc,phases      ] GC(1047)   Evacuate Collection Set: 154.77ms
[6455.258s][info][gc,phases      ] GC(1047)   Post Evacuate Collection Set: 1.03ms
[6455.258s][info][gc,phases      ] GC(1047)   Other: 0.06ms
[6455.258s][info][gc,heap        ] GC(1047) Eden regions: 570->0(570)
[6455.258s][info][gc,heap        ] GC(1047) Survivor regions: 44->44(77)
[6455.258s][info][gc,heap        ] GC(1047) Old regions: 187->194
[6455.258s][info][gc,heap        ] GC(1047) Humongous regions: 33->33
[6455.258s][info][gc,metaspace   ] GC(1047) Metaspace: 30020K(30528K)->30020K(30528K) NonClass: 26619K(26880K)->26619K(26880K) Class: 3400K(3648K)->3400K(3648K)
[6455.258s][info][gc             ] GC(1047) Pause Young (Normal) (G1 Evacuation Pause) 6651M->2147M(8192M) 156.758ms
[6455.258s][info][gc,cpu         ] GC(1047) User=1.24s Sys=0.00s Real=0.16s
...[6458.610s][info][gc,start       ] GC(1048) Pause Young (Normal) (G1 Evacuation Pause)
[6458.610s][info][gc,task        ] GC(1048) Using 8 workers of 8 for evacuation
[6458.764s][info][gc,phases      ] GC(1048)   Pre Evacuate Collection Set: 0.21ms
[6458.764s][info][gc,phases      ] GC(1048)   Merge Heap Roots: 0.60ms
[6458.764s][info][gc,phases      ] GC(1048)   Evacuate Collection Set: 151.94ms
[6458.764s][info][gc,phases      ] GC(1048)   Post Evacuate Collection Set: 1.07ms
[6458.764s][info][gc,phases      ] GC(1048)   Other: 0.06ms
[6458.764s][info][gc,heap        ] GC(1048) Eden regions: 570->0(570)
[6458.764s][info][gc,heap        ] GC(1048) Survivor regions: 44->44(77)
[6458.764s][info][gc,heap        ] GC(1048) Old regions: 194->201
[6458.764s][info][gc,heap        ] GC(1048) Humongous regions: 33->33
[6458.764s][info][gc,metaspace   ] GC(1048) Metaspace: 30020K(30528K)->30020K(30528K) NonClass: 26619K(26880K)->26619K(26880K) Class: 3400K(3648K)->3400K(3648K)
[6458.764s][info][gc             ] GC(1048) Pause Young (Normal) (G1 Evacuation Pause) 6707M->2206M(8192M) 154.012ms
[6458.764s][info][gc,cpu         ] GC(1048) User=1.22s Sys=0.00s Real=0.15s
....[6462.111s][info][gc,start       ] GC(1049) Pause Young (Normal) (G1 Evacuation Pause)
[6462.111s][info][gc,task        ] GC(1049) Using 8 workers of 8 for evacuation
[6462.265s][info][gc,phases      ] GC(1049)   Pre Evacuate Collection Set: 0.25ms
[6462.266s][info][gc,phases      ] GC(1049)   Merge Heap Roots: 0.55ms
[6462.266s][info][gc,phases      ] GC(1049)   Evacuate Collection Set: 152.99ms
[6462.266s][info][gc,phases      ] GC(1049)   Post Evacuate Collection Set: 1.05ms
[6462.266s][info][gc,phases      ] GC(1049)   Other: 0.06ms
[6462.266s][info][gc,heap        ] GC(1049) Eden regions: 570->0(571)
[6462.266s][info][gc,heap        ] GC(1049) Survivor regions: 44->43(77)
[6462.266s][info][gc,heap        ] GC(1049) Old regions: 201->209
[6462.266s][info][gc,heap        ] GC(1049) Humongous regions: 33->33
[6462.266s][info][gc,metaspace   ] GC(1049) Metaspace: 30020K(30528K)->30020K(30528K) NonClass: 26619K(26880K)->26619K(26880K) Class: 3400K(3648K)->3400K(3648K)
[6462.266s][info][gc             ] GC(1049) Pause Young (Normal) (G1 Evacuation Pause) 6766M->2261M(8192M) 155.048ms
[6462.266s][info][gc,cpu         ] GC(1049) User=1.22s Sys=0.00s Real=0.15s
...[6465.570s][info][gc,start       ] GC(1050) Pause Young (Normal) (G1 Evacuation Pause)
[6465.570s][info][gc,task        ] GC(1050) Using 8 workers of 8 for evacuation
[6465.723s][info][gc,phases      ] GC(1050)   Pre Evacuate Collection Set: 0.25ms
[6465.723s][info][gc,phases      ] GC(1050)   Merge Heap Roots: 0.59ms
[6465.723s][info][gc,phases      ] GC(1050)   Evacuate Collection Set: 150.74ms
[6465.723s][info][gc,phases      ] GC(1050)   Post Evacuate Collection Set: 1.04ms
[6465.723s][info][gc,phases      ] GC(1050)   Other: 0.06ms
[6465.723s][info][gc,heap        ] GC(1050) Eden regions: 571->0(570)
[6465.723s][info][gc,heap        ] GC(1050) Survivor regions: 43->44(77)
[6465.723s][info][gc,heap        ] GC(1050) Old regions: 209->216
[6465.723s][info][gc,heap        ] GC(1050) Humongous regions: 33->33
[6465.723s][info][gc,metaspace   ] GC(1050) Metaspace: 30020K(30528K)->30020K(30528K) NonClass: 26619K(26880K)->26619K(26880K) Class: 3400K(3648K)->3400K(3648K)
[6465.723s][info][gc             ] GC(1050) Pause Young (Normal) (G1 Evacuation Pause) 6829M->2323M(8192M) 152.814ms
[6465.723s][info][gc,cpu         ] GC(1050) User=1.21s Sys=0.00s Real=0.15s
....[6469.199s][info][gc,start       ] GC(1051) Pause Young (Normal) (G1 Evacuation Pause)
[6469.200s][info][gc,task        ] GC(1051) Using 8 workers of 8 for evacuation
[6469.350s][info][gc,phases      ] GC(1051)   Pre Evacuate Collection Set: 0.23ms
[6469.350s][info][gc,phases      ] GC(1051)   Merge Heap Roots: 0.53ms
[6469.350s][info][gc,phases      ] GC(1051)   Evacuate Collection Set: 148.55ms
[6469.350s][info][gc,phases      ] GC(1051)   Post Evacuate Collection Set: 1.03ms
[6469.350s][info][gc,phases      ] GC(1051)   Other: 0.07ms
[6469.350s][info][gc,heap        ] GC(1051) Eden regions: 570->0(571)
[6469.350s][info][gc,heap        ] GC(1051) Survivor regions: 44->43(77)
[6469.350s][info][gc,heap        ] GC(1051) Old regions: 216->223
[6469.350s][info][gc,heap        ] GC(1051) Humongous regions: 33->33
[6469.350s][info][gc,metaspace   ] GC(1051) Metaspace: 30020K(30528K)->30020K(30528K) NonClass: 26619K(26880K)->26619K(26880K) Class: 3400K(3648K)->3400K(3648K)
[6469.350s][info][gc             ] GC(1051) Pause Young (Normal) (G1 Evacuation Pause) 6883M->2374M(8192M) 150.555ms
[6469.350s][info][gc,cpu         ] GC(1051) User=1.19s Sys=0.00s Real=0.15s
...[6472.742s][info][gc,start       ] GC(1052) Pause Young (Normal) (G1 Evacuation Pause)
[6472.742s][info][gc,task        ] GC(1052) Using 8 workers of 8 for evacuation
[6472.898s][info][gc,phases      ] GC(1052)   Pre Evacuate Collection Set: 0.21ms
[6472.898s][info][gc,phases      ] GC(1052)   Merge Heap Roots: 0.61ms
[6472.898s][info][gc,phases      ] GC(1052)   Evacuate Collection Set: 154.01ms
[6472.898s][info][gc,phases      ] GC(1052)   Post Evacuate Collection Set: 1.02ms
[6472.898s][info][gc,phases      ] GC(1052)   Other: 0.06ms
[6472.898s][info][gc,heap        ] GC(1052) Eden regions: 571->0(570)
[6472.898s][info][gc,heap        ] GC(1052) Survivor regions: 43->44(77)
[6472.898s][info][gc,heap        ] GC(1052) Old regions: 223->230
[6472.898s][info][gc,heap        ] GC(1052) Humongous regions: 33->33
[6472.898s][info][gc,metaspace   ] GC(1052) Metaspace: 30020K(30528K)->30020K(30528K) NonClass: 26619K(26880K)->26619K(26880K) Class: 3400K(3648K)->3400K(3648K)
[6472.898s][info][gc             ] GC(1052) Pause Young (Normal) (G1 Evacuation Pause) 6942M->2439M(8192M) 156.054ms
[6472.898s][info][gc,cpu         ] GC(1052) User=1.24s Sys=0.00s Real=0.16s
....[6476.279s][info][gc,start       ] GC(1053) Pause Young (Normal) (G1 Evacuation Pause)
[6476.279s][info][gc,task        ] GC(1053) Using 8 workers of 8 for evacuation
[6476.436s][info][gc,phases      ] GC(1053)   Pre Evacuate Collection Set: 0.21ms
[6476.436s][info][gc,phases      ] GC(1053)   Merge Heap Roots: 0.55ms
[6476.436s][info][gc,phases      ] GC(1053)   Evacuate Collection Set: 155.24ms
[6476.436s][info][gc,phases      ] GC(1053)   Post Evacuate Collection Set: 1.04ms
[6476.436s][info][gc,phases      ] GC(1053)   Other: 0.06ms
[6476.436s][info][gc,heap        ] GC(1053) Eden regions: 570->0(570)
[6476.436s][info][gc,heap        ] GC(1053) Survivor regions: 44->44(77)
[6476.436s][info][gc,heap        ] GC(1053) Old regions: 230->238
[6476.436s][info][gc,heap        ] GC(1053) Humongous regions: 33->33
[6476.436s][info][gc,metaspace   ] GC(1053) Metaspace: 30020K(30528K)->30020K(30528K) NonClass: 26619K(26880K)->26619K(26880K) Class: 3400K(3648K)->3400K(3648K)
[6476.436s][info][gc             ] GC(1053) Pause Young (Normal) (G1 Evacuation Pause) 6999M->2502M(8192M) 157.223ms
[6476.436s][info][gc,cpu         ] GC(1053) User=1.25s Sys=0.00s Real=0.16s
...[6479.770s][info][gc,start       ] GC(1054) Pause Young (Normal) (G1 Evacuation Pause)
[6479.770s][info][gc,task        ] GC(1054) Using 8 workers of 8 for evacuation
[6479.929s][info][gc,phases      ] GC(1054)   Pre Evacuate Collection Set: 0.21ms
[6479.930s][info][gc,phases      ] GC(1054)   Merge Heap Roots: 0.54ms
[6479.930s][info][gc,phases      ] GC(1054)   Evacuate Collection Set: 157.50ms
[6479.930s][info][gc,phases      ] GC(1054)   Post Evacuate Collection Set: 1.06ms
[6479.930s][info][gc,phases      ] GC(1054)   Other: 0.06ms
[6479.930s][info][gc,heap        ] GC(1054) Eden regions: 570->0(569)
[6479.930s][info][gc,heap        ] GC(1054) Survivor regions: 44->45(77)
[6479.930s][info][gc,heap        ] GC(1054) Old regions: 238->245
[6479.930s][info][gc,heap        ] GC(1054) Humongous regions: 33->33
[6479.930s][info][gc,metaspace   ] GC(1054) Metaspace: 30020K(30528K)->30020K(30528K) NonClass: 26619K(26880K)->26619K(26880K) Class: 3400K(3648K)->3400K(3648K)
[6479.930s][info][gc             ] GC(1054) Pause Young (Normal) (G1 Evacuation Pause) 7062M->2565M(8192M) 160.292ms
[6479.930s][info][gc,cpu         ] GC(1054) User=1.26s Sys=0.00s Real=0.16s
....[6483.329s][info][gc,start       ] GC(1055) Pause Young (Normal) (G1 Evacuation Pause)
[6483.330s][info][gc,task        ] GC(1055) Using 8 workers of 8 for evacuation
[6483.479s][info][gc,phases      ] GC(1055)   Pre Evacuate Collection Set: 0.24ms
[6483.479s][info][gc,phases      ] GC(1055)   Merge Heap Roots: 0.59ms
[6483.479s][info][gc,phases      ] GC(1055)   Evacuate Collection Set: 147.89ms
[6483.479s][info][gc,phases      ] GC(1055)   Post Evacuate Collection Set: 1.05ms
[6483.479s][info][gc,phases      ] GC(1055)   Other: 0.07ms
[6483.479s][info][gc,heap        ] GC(1055) Eden regions: 569->0(571)
[6483.479s][info][gc,heap        ] GC(1055) Survivor regions: 45->43(77)
[6483.479s][info][gc,heap        ] GC(1055) Old regions: 245->252
[6483.479s][info][gc,heap        ] GC(1055) Humongous regions: 33->33
[6483.479s][info][gc,metaspace   ] GC(1055) Metaspace: 30020K(30528K)->30020K(30528K) NonClass: 26619K(26880K)->26619K(26880K) Class: 3400K(3648K)->3400K(3648K)
[6483.479s][info][gc             ] GC(1055) Pause Young (Normal) (G1 Evacuation Pause) 7117M->2603M(8192M) 149.964ms
[6483.479s][info][gc,cpu         ] GC(1055) User=1.19s Sys=0.00s Real=0.15s
...[6486.901s][info][gc,start       ] GC(1056) Pause Young (Normal) (G1 Evacuation Pause)
[6486.901s][info][gc,task        ] GC(1056) Using 8 workers of 8 for evacuation
[6487.052s][info][gc,phases      ] GC(1056)   Pre Evacuate Collection Set: 0.22ms
[6487.052s][info][gc,phases      ] GC(1056)   Merge Heap Roots: 0.54ms
[6487.052s][info][gc,phases      ] GC(1056)   Evacuate Collection Set: 148.94ms
[6487.052s][info][gc,phases      ] GC(1056)   Post Evacuate Collection Set: 1.02ms
[6487.052s][info][gc,phases      ] GC(1056)   Other: 0.08ms
[6487.052s][info][gc,heap        ] GC(1056) Eden regions: 571->0(571)
[6487.052s][info][gc,heap        ] GC(1056) Survivor regions: 43->43(77)
[6487.052s][info][gc,heap        ] GC(1056) Old regions: 252->259
[6487.052s][info][gc,heap        ] GC(1056) Humongous regions: 33->33
[6487.052s][info][gc,metaspace   ] GC(1056) Metaspace: 30020K(30528K)->30020K(30528K) NonClass: 26619K(26880K)->26619K(26880K) Class: 3400K(3648K)->3400K(3648K)
[6487.052s][info][gc             ] GC(1056) Pause Young (Normal) (G1 Evacuation Pause) 7171M->2663M(8192M) 150.950ms
[6487.052s][info][gc,cpu         ] GC(1056) User=1.20s Sys=0.00s Real=0.15s
.... (rIR:aIR:PR = 10793:10837:10837) (tPR = 159423) [OK] 
  6489s: Performance info:
         Transaction,    Success,    Partial,     Failed,   Receipts, AvgBarcode, 
             Overall,     653744,          0,          0,     621250,      59.47, 
         Response times:
             Request,    Success,    Partial,     Failed,   SkipFail,     Probes,    Samples,      min,      p50,      p90,      p95,      p99,      max, 
       TotalPurchase,     621253,          0,          0,          0,     360929,     395407,      300,     8100,    36000,    72000,   146000,   592000,
     InStorePurchase,     329279,          0,          0,          0,     189785,     207616,      300,     8200,    37000,    72000,   144000,   591000,
      OnlinePurchase,     226390,          0,          0,          0,     132516,     145099,      300,     7900,    36000,    71000,   144000,   592000,
        InstPurchase,      65584,          0,          0,          0,      38628,      42692,      400,     8200,    37000,    73000,   157000,   575000,
          AssocOfCat,        653,          0,          0,          0,        543,        698,    32000,    57000,    88000,   130050,   212010,   227000,
      AssocOfProduct,       6558,          0,          0,          0,       3803,       4333,      700,     8300,    41000,    78000,   142660,   204000,
      BusinessReport,       1631,          0,          0,          0,       1467,       1693,    34000,    67000,   101600,   144000,   226000,   285000,
          CustBuyBeh,       6453,          0,          0,          0,       3861,       4453,      600,     8500,    41000,    84000,   157000,   553000,
       ProductReturn,      17188,          0,          0,          0,       9534,      10700,      600,     8200,    39000,    75000,   143000,   434000,

  6489s: (79%)   IR =  10931 [6490.401s][info][gc,start       ] GC(1057) Pause Young (Normal) (G1 Evacuation Pause)
[6490.401s][info][gc,task        ] GC(1057) Using 8 workers of 8 for evacuation
[6490.556s][info][gc,phases      ] GC(1057)   Pre Evacuate Collection Set: 0.26ms
[6490.556s][info][gc,phases      ] GC(1057)   Merge Heap Roots: 0.57ms
[6490.556s][info][gc,phases      ] GC(1057)   Evacuate Collection Set: 153.32ms
[6490.556s][info][gc,phases      ] GC(1057)   Post Evacuate Collection Set: 1.09ms
[6490.556s][info][gc,phases      ] GC(1057)   Other: 0.06ms
[6490.556s][info][gc,heap        ] GC(1057) Eden regions: 571->0(571)
[6490.556s][info][gc,heap        ] GC(1057) Survivor regions: 43->43(77)
[6490.556s][info][gc,heap        ] GC(1057) Old regions: 259->266
[6490.556s][info][gc,heap        ] GC(1057) Humongous regions: 33->33
[6490.556s][info][gc,metaspace   ] GC(1057) Metaspace: 30020K(30528K)->30020K(30528K) NonClass: 26619K(26880K)->26619K(26880K) Class: 3400K(3648K)->3400K(3648K)
[6490.557s][info][gc             ] GC(1057) Pause Young (Normal) (G1 Evacuation Pause) 7231M->2719M(8192M) 155.433ms
[6490.557s][info][gc,cpu         ] GC(1057) User=1.23s Sys=0.00s Real=0.16s
...[6494.021s][info][gc,start       ] GC(1058) Pause Young (Normal) (G1 Evacuation Pause)
[6494.021s][info][gc,task        ] GC(1058) Using 8 workers of 8 for evacuation
[6494.168s][info][gc,phases      ] GC(1058)   Pre Evacuate Collection Set: 0.27ms
[6494.168s][info][gc,phases      ] GC(1058)   Merge Heap Roots: 0.54ms
[6494.168s][info][gc,phases      ] GC(1058)   Evacuate Collection Set: 145.50ms
[6494.168s][info][gc,phases      ] GC(1058)   Post Evacuate Collection Set: 1.10ms
[6494.168s][info][gc,phases      ] GC(1058)   Other: 0.06ms
[6494.168s][info][gc,heap        ] GC(1058) Eden regions: 571->0(572)
[6494.168s][info][gc,heap        ] GC(1058) Survivor regions: 43->42(77)
[6494.168s][info][gc,heap        ] GC(1058) Old regions: 266->273
[6494.168s][info][gc,heap        ] GC(1058) Humongous regions: 33->33
[6494.168s][info][gc,metaspace   ] GC(1058) Metaspace: 30020K(30528K)->30020K(30528K) NonClass: 26619K(26880K)->26619K(26880K) Class: 3400K(3648K)->3400K(3648K)
[6494.168s][info][gc             ] GC(1058) Pause Young (Normal) (G1 Evacuation Pause) 7287M->2769M(8192M) 147.590ms
[6494.168s][info][gc,cpu         ] GC(1058) User=1.16s Sys=0.00s Real=0.15s
....[6497.531s][info][gc,start       ] GC(1059) Pause Young (Normal) (G1 Evacuation Pause)
[6497.531s][info][gc,task        ] GC(1059) Using 8 workers of 8 for evacuation
[6497.692s][info][gc,phases      ] GC(1059)   Pre Evacuate Collection Set: 0.24ms
[6497.692s][info][gc,phases      ] GC(1059)   Merge Heap Roots: 0.56ms
[6497.692s][info][gc,phases      ] GC(1059)   Evacuate Collection Set: 158.41ms
[6497.692s][info][gc,phases      ] GC(1059)   Post Evacuate Collection Set: 1.06ms
[6497.692s][info][gc,phases      ] GC(1059)   Other: 0.06ms
[6497.692s][info][gc,heap        ] GC(1059) Eden regions: 572->0(570)
[6497.692s][info][gc,heap        ] GC(1059) Survivor regions: 42->44(77)
[6497.692s][info][gc,heap        ] GC(1059) Old regions: 273->280
[6497.692s][info][gc,heap        ] GC(1059) Humongous regions: 33->33
[6497.692s][info][gc,metaspace   ] GC(1059) Metaspace: 30020K(30528K)->30020K(30528K) NonClass: 26619K(26880K)->26619K(26880K) Class: 3400K(3648K)->3400K(3648K)
[6497.692s][info][gc             ] GC(1059) Pause Young (Normal) (G1 Evacuation Pause) 7345M->2843M(8192M) 160.479ms
[6497.692s][info][gc,cpu         ] GC(1059) User=1.28s Sys=0.00s Real=0.16s
...[6500.928s][info][gc,start       ] GC(1060) Pause Young (Normal) (G1 Evacuation Pause)
[6500.928s][info][gc,task        ] GC(1060) Using 8 workers of 8 for evacuation
[6501.078s][info][gc,phases      ] GC(1060)   Pre Evacuate Collection Set: 0.22ms
[6501.078s][info][gc,phases      ] GC(1060)   Merge Heap Roots: 0.54ms
[6501.078s][info][gc,phases      ] GC(1060)   Evacuate Collection Set: 148.72ms
[6501.078s][info][gc,phases      ] GC(1060)   Post Evacuate Collection Set: 1.04ms
[6501.078s][info][gc,phases      ] GC(1060)   Other: 0.07ms
[6501.078s][info][gc,heap        ] GC(1060) Eden regions: 570->0(566)
[6501.078s][info][gc,heap        ] GC(1060) Survivor regions: 44->43(77)
[6501.078s][info][gc,heap        ] GC(1060) Old regions: 280->287
[6501.078s][info][gc,heap        ] GC(1060) Humongous regions: 33->33
[6501.078s][info][gc,metaspace   ] GC(1060) Metaspace: 30020K(30528K)->30020K(30528K) NonClass: 26619K(26880K)->26619K(26880K) Class: 3400K(3648K)->3400K(3648K)
[6501.079s][info][gc             ] GC(1060) Pause Young (Normal) (G1 Evacuation Pause) 7403M->2891M(8192M) 150.714ms
[6501.079s][info][gc,cpu         ] GC(1060) User=1.20s Sys=0.00s Real=0.15s
....|[6504.338s][info][gc,start       ] GC(1061) Pause Young (Normal) (G1 Evacuation Pause)
[6504.338s][info][gc,task        ] GC(1061) Using 8 workers of 8 for evacuation
[6504.487s][info][gc,phases      ] GC(1061)   Pre Evacuate Collection Set: 0.26ms
[6504.487s][info][gc,phases      ] GC(1061)   Merge Heap Roots: 0.53ms
[6504.487s][info][gc,phases      ] GC(1061)   Evacuate Collection Set: 147.45ms
[6504.487s][info][gc,phases      ] GC(1061)   Post Evacuate Collection Set: 1.04ms
[6504.487s][info][gc,phases      ] GC(1061)   Other: 0.07ms
[6504.487s][info][gc,heap        ] GC(1061) Eden regions: 566->0(558)
[6504.487s][info][gc,heap        ] GC(1061) Survivor regions: 43->43(77)
[6504.487s][info][gc,heap        ] GC(1061) Old regions: 287->295
[6504.487s][info][gc,heap        ] GC(1061) Humongous regions: 33->33
[6504.487s][info][gc,metaspace   ] GC(1061) Metaspace: 30020K(30528K)->30020K(30528K) NonClass: 26619K(26880K)->26619K(26880K) Class: 3400K(3648K)->3400K(3648K)
[6504.487s][info][gc             ] GC(1061) Pause Young (Normal) (G1 Evacuation Pause) 7419M->2950M(8192M) 149.495ms
[6504.487s][info][gc,cpu         ] GC(1061) User=1.18s Sys=0.00s Real=0.15s
...[6507.805s][info][gc,start       ] GC(1062) Pause Young (Normal) (G1 Evacuation Pause)
[6507.805s][info][gc,task        ] GC(1062) Using 8 workers of 8 for evacuation
[6507.955s][info][gc,phases      ] GC(1062)   Pre Evacuate Collection Set: 0.25ms
[6507.955s][info][gc,phases      ] GC(1062)   Merge Heap Roots: 0.60ms
[6507.955s][info][gc,phases      ] GC(1062)   Evacuate Collection Set: 148.09ms
[6507.955s][info][gc,phases      ] GC(1062)   Post Evacuate Collection Set: 1.04ms
[6507.955s][info][gc,phases      ] GC(1062)   Other: 0.07ms
[6507.955s][info][gc,heap        ] GC(1062) Eden regions: 558->0(549)
[6507.955s][info][gc,heap        ] GC(1062) Survivor regions: 43->44(76)
[6507.955s][info][gc,heap        ] GC(1062) Old regions: 295->302
[6507.955s][info][gc,heap        ] GC(1062) Humongous regions: 33->33
[6507.955s][info][gc,metaspace   ] GC(1062) Metaspace: 30020K(30528K)->30020K(30528K) NonClass: 26619K(26880K)->26619K(26880K) Class: 3400K(3648K)->3400K(3648K)
[6507.955s][info][gc             ] GC(1062) Pause Young (Normal) (G1 Evacuation Pause) 7414M->3011M(8192M) 150.175ms
[6507.955s][info][gc,cpu         ] GC(1062) User=1.19s Sys=0.00s Real=0.15s
...[6511.000s][info][gc,start       ] GC(1063) Pause Young (Concurrent Start) (G1 Evacuation Pause)
[6511.001s][info][gc,task        ] GC(1063) Using 8 workers of 8 for evacuation
[6511.156s][info][gc,phases      ] GC(1063)   Pre Evacuate Collection Set: 0.27ms
[6511.156s][info][gc,phases      ] GC(1063)   Merge Heap Roots: 0.53ms
[6511.156s][info][gc,phases      ] GC(1063)   Evacuate Collection Set: 153.37ms
[6511.156s][info][gc,phases      ] GC(1063)   Post Evacuate Collection Set: 1.01ms
[6511.156s][info][gc,phases      ] GC(1063)   Other: 0.09ms
[6511.156s][info][gc,heap        ] GC(1063) Eden regions: 549->0(543)
[6511.156s][info][gc,heap        ] GC(1063) Survivor regions: 44->43(75)
[6511.156s][info][gc,heap        ] GC(1063) Old regions: 302->310
[6511.156s][info][gc,heap        ] GC(1063) Humongous regions: 33->33
[6511.156s][info][gc,metaspace   ] GC(1063) Metaspace: 30020K(30528K)->30020K(30528K) NonClass: 26619K(26880K)->26619K(26880K) Class: 3400K(3648K)->3400K(3648K)
[6511.156s][info][gc             ] GC(1063) Pause Young (Concurrent Start) (G1 Evacuation Pause) 7403M->3067M(8192M) 155.394ms
[6511.156s][info][gc,cpu         ] GC(1063) User=1.23s Sys=0.00s Real=0.16s
[6511.156s][info][gc             ] GC(1064) Concurrent Mark Cycle
[6511.156s][info][gc,marking     ] GC(1064) Concurrent Scan Root Regions
.[6511.687s][info][gc,marking     ] GC(1064) Concurrent Scan Root Regions 531.444ms
[6511.687s][info][gc,marking     ] GC(1064) Concurrent Mark
[6511.687s][info][gc,marking     ] GC(1064) Concurrent Mark From Roots
[6511.687s][info][gc,task        ] GC(1064) Using 2 workers of 2 for marking
.[6512.969s][info][gc,marking     ] GC(1064) Concurrent Mark From Roots 1281.235ms
[6512.969s][info][gc,marking     ] GC(1064) Concurrent Preclean
[6512.969s][info][gc,marking     ] GC(1064) Concurrent Preclean 0.175ms
[6512.969s][info][gc,start       ] GC(1064) Pause Remark
[6512.971s][info][gc             ] GC(1064) Pause Remark 5155M->4643M(8192M) 2.221ms
[6512.971s][info][gc,cpu         ] GC(1064) User=0.02s Sys=0.00s Real=0.00s
[6512.971s][info][gc,marking     ] GC(1064) Concurrent Mark 1283.909ms
[6512.971s][info][gc,marking     ] GC(1064) Concurrent Rebuild Remembered Sets and Scrub Regions
.[6513.796s][info][gc,marking     ] GC(1064) Concurrent Rebuild Remembered Sets and Scrub Regions 824.732ms
[6513.796s][info][gc,start       ] GC(1064) Pause Cleanup
[6513.797s][info][gc             ] GC(1064) Pause Cleanup 5803M->5803M(8192M) 0.259ms
[6513.797s][info][gc,cpu         ] GC(1064) User=0.01s Sys=0.00s Real=0.00s
[6513.797s][info][gc,marking     ] GC(1064) Concurrent Clear Claimed Marks
[6513.797s][info][gc,marking     ] GC(1064) Concurrent Clear Claimed Marks 0.039ms
[6513.797s][info][gc,marking     ] GC(1064) Concurrent Cleanup for Next Mark
[6513.807s][info][gc,marking     ] GC(1064) Concurrent Cleanup for Next Mark 10.121ms
[6513.807s][info][gc             ] GC(1064) Concurrent Mark Cycle 2650.888ms
.[6514.476s][info][gc,start       ] GC(1065) Pause Young (Prepare Mixed) (G1 Evacuation Pause)
[6514.476s][info][gc,task        ] GC(1065) Using 8 workers of 8 for evacuation
[6514.631s][info][gc,phases      ] GC(1065)   Pre Evacuate Collection Set: 0.22ms
[6514.631s][info][gc,phases      ] GC(1065)   Merge Heap Roots: 0.76ms
[6514.631s][info][gc,phases      ] GC(1065)   Evacuate Collection Set: 152.98ms
[6514.631s][info][gc,phases      ] GC(1065)   Post Evacuate Collection Set: 1.13ms
[6514.631s][info][gc,phases      ] GC(1065)   Other: 0.06ms
[6514.631s][info][gc,heap        ] GC(1065) Eden regions: 543->0(571)
[6514.631s][info][gc,heap        ] GC(1065) Survivor regions: 43->43(74)
[6514.631s][info][gc,heap        ] GC(1065) Old regions: 246->253
[6514.631s][info][gc,heap        ] GC(1065) Humongous regions: 33->33
[6514.631s][info][gc,metaspace   ] GC(1065) Metaspace: 30020K(30528K)->30020K(30528K) NonClass: 26619K(26880K)->26619K(26880K) Class: 3400K(3648K)->3400K(3648K)
[6514.631s][info][gc             ] GC(1065) Pause Young (Prepare Mixed) (G1 Evacuation Pause) 6899M->2615M(8192M) 155.288ms
[6514.631s][info][gc,cpu         ] GC(1065) User=1.23s Sys=0.00s Real=0.15s
...[6517.905s][info][gc,start       ] GC(1066) Pause Young (Mixed) (G1 Evacuation Pause)
[6517.905s][info][gc,task        ] GC(1066) Using 8 workers of 8 for evacuation
[6518.071s][info][gc,phases      ] GC(1066)   Pre Evacuate Collection Set: 0.28ms
[6518.071s][info][gc,phases      ] GC(1066)   Merge Heap Roots: 0.81ms
[6518.071s][info][gc,phases      ] GC(1066)   Evacuate Collection Set: 163.81ms
[6518.071s][info][gc,phases      ] GC(1066)   Post Evacuate Collection Set: 1.26ms
[6518.071s][info][gc,phases      ] GC(1066)   Other: 0.07ms
[6518.071s][info][gc,heap        ] GC(1066) Eden regions: 571->0(570)
[6518.071s][info][gc,heap        ] GC(1066) Survivor regions: 43->44(77)
[6518.071s][info][gc,heap        ] GC(1066) Old regions: 253->159
[6518.071s][info][gc,heap        ] GC(1066) Humongous regions: 33->33
[6518.071s][info][gc,metaspace   ] GC(1066) Metaspace: 30020K(30528K)->30020K(30528K) NonClass: 26619K(26880K)->26619K(26880K) Class: 3400K(3648K)->3400K(3648K)
[6518.071s][info][gc             ] GC(1066) Pause Young (Mixed) (G1 Evacuation Pause) 7183M->1866M(8192M) 166.362ms
[6518.071s][info][gc,cpu         ] GC(1066) User=1.32s Sys=0.00s Real=0.17s
....[6521.383s][info][gc,start       ] GC(1067) Pause Young (Mixed) (G1 Evacuation Pause)
[6521.383s][info][gc,task        ] GC(1067) Using 8 workers of 8 for evacuation
[6521.547s][info][gc,phases      ] GC(1067)   Pre Evacuate Collection Set: 0.22ms
[6521.547s][info][gc,phases      ] GC(1067)   Merge Heap Roots: 0.79ms
[6521.547s][info][gc,phases      ] GC(1067)   Evacuate Collection Set: 161.49ms
[6521.547s][info][gc,phases      ] GC(1067)   Post Evacuate Collection Set: 1.08ms
[6521.547s][info][gc,phases      ] GC(1067)   Other: 0.07ms
[6521.547s][info][gc,heap        ] GC(1067) Eden regions: 570->0(570)
[6521.547s][info][gc,heap        ] GC(1067) Survivor regions: 44->44(77)
[6521.547s][info][gc,heap        ] GC(1067) Old regions: 159->145
[6521.547s][info][gc,heap        ] GC(1067) Humongous regions: 33->33
[6521.547s][info][gc,metaspace   ] GC(1067) Metaspace: 30020K(30528K)->30020K(30528K) NonClass: 26619K(26880K)->26619K(26880K) Class: 3400K(3648K)->3400K(3648K)
[6521.547s][info][gc             ] GC(1067) Pause Young (Mixed) (G1 Evacuation Pause) 6426M->1754M(8192M) 163.782ms
[6521.547s][info][gc,cpu         ] GC(1067) User=1.29s Sys=0.00s Real=0.17s
...[6525.050s][info][gc,start       ] GC(1068) Pause Young (Normal) (G1 Evacuation Pause)
[6525.050s][info][gc,task        ] GC(1068) Using 8 workers of 8 for evacuation
[6525.203s][info][gc,phases      ] GC(1068)   Pre Evacuate Collection Set: 0.24ms
[6525.203s][info][gc,phases      ] GC(1068)   Merge Heap Roots: 0.54ms
[6525.203s][info][gc,phases      ] GC(1068)   Evacuate Collection Set: 151.41ms
[6525.203s][info][gc,phases      ] GC(1068)   Post Evacuate Collection Set: 1.06ms
[6525.203s][info][gc,phases      ] GC(1068)   Other: 0.06ms
[6525.203s][info][gc,heap        ] GC(1068) Eden regions: 570->0(571)
[6525.203s][info][gc,heap        ] GC(1068) Survivor regions: 44->43(77)
[6525.203s][info][gc,heap        ] GC(1068) Old regions: 145->152
[6525.203s][info][gc,heap        ] GC(1068) Humongous regions: 33->33
[6525.203s][info][gc,metaspace   ] GC(1068) Metaspace: 30020K(30528K)->30020K(30528K) NonClass: 26619K(26880K)->26619K(26880K) Class: 3400K(3648K)->3400K(3648K)
[6525.203s][info][gc             ] GC(1068) Pause Young (Normal) (G1 Evacuation Pause) 6314M->1811M(8192M) 153.451ms
[6525.203s][info][gc,cpu         ] GC(1068) User=1.21s Sys=0.00s Real=0.15s
....[6528.580s][info][gc,start       ] GC(1069) Pause Young (Normal) (G1 Evacuation Pause)
[6528.580s][info][gc,task        ] GC(1069) Using 8 workers of 8 for evacuation
[6528.734s][info][gc,phases      ] GC(1069)   Pre Evacuate Collection Set: 0.24ms
[6528.734s][info][gc,phases      ] GC(1069)   Merge Heap Roots: 0.55ms
[6528.734s][info][gc,phases      ] GC(1069)   Evacuate Collection Set: 151.41ms
[6528.734s][info][gc,phases      ] GC(1069)   Post Evacuate Collection Set: 1.06ms
[6528.734s][info][gc,phases      ] GC(1069)   Other: 0.06ms
[6528.734s][info][gc,heap        ] GC(1069) Eden regions: 571->0(571)
[6528.734s][info][gc,heap        ] GC(1069) Survivor regions: 43->43(77)
[6528.734s][info][gc,heap        ] GC(1069) Old regions: 152->160
[6528.734s][info][gc,heap        ] GC(1069) Humongous regions: 33->33
[6528.734s][info][gc,metaspace   ] GC(1069) Metaspace: 30020K(30528K)->30020K(30528K) NonClass: 26619K(26880K)->26619K(26880K) Class: 3400K(3648K)->3400K(3648K)
[6528.734s][info][gc             ] GC(1069) Pause Young (Normal) (G1 Evacuation Pause) 6379M->1869M(8192M) 153.450ms
[6528.734s][info][gc,cpu         ] GC(1069) User=1.21s Sys=0.01s Real=0.15s
...[6532.111s][info][gc,start       ] GC(1070) Pause Young (Normal) (G1 Evacuation Pause)
[6532.111s][info][gc,task        ] GC(1070) Using 8 workers of 8 for evacuation
[6532.268s][info][gc,phases      ] GC(1070)   Pre Evacuate Collection Set: 0.22ms
[6532.268s][info][gc,phases      ] GC(1070)   Merge Heap Roots: 0.55ms
[6532.268s][info][gc,phases      ] GC(1070)   Evacuate Collection Set: 154.52ms
[6532.268s][info][gc,phases      ] GC(1070)   Post Evacuate Collection Set: 1.05ms
[6532.268s][info][gc,phases      ] GC(1070)   Other: 0.07ms
[6532.268s][info][gc,heap        ] GC(1070) Eden regions: 571->0(572)
[6532.268s][info][gc,heap        ] GC(1070) Survivor regions: 43->42(77)
[6532.268s][info][gc,heap        ] GC(1070) Old regions: 160->167
[6532.268s][info][gc,heap        ] GC(1070) Humongous regions: 33->33
[6532.268s][info][gc,metaspace   ] GC(1070) Metaspace: 30020K(30528K)->30020K(30528K) NonClass: 26619K(26880K)->26619K(26880K) Class: 3400K(3648K)->3400K(3648K)
[6532.268s][info][gc             ] GC(1070) Pause Young (Normal) (G1 Evacuation Pause) 6437M->1922M(8192M) 156.549ms
[6532.268s][info][gc,cpu         ] GC(1070) User=1.24s Sys=0.00s Real=0.16s
....[6535.519s][info][gc,start       ] GC(1071) Pause Young (Normal) (G1 Evacuation Pause)
[6535.519s][info][gc,task        ] GC(1071) Using 8 workers of 8 for evacuation
[6535.673s][info][gc,phases      ] GC(1071)   Pre Evacuate Collection Set: 0.23ms
[6535.673s][info][gc,phases      ] GC(1071)   Merge Heap Roots: 0.53ms
[6535.673s][info][gc,phases      ] GC(1071)   Evacuate Collection Set: 151.93ms
[6535.673s][info][gc,phases      ] GC(1071)   Post Evacuate Collection Set: 1.05ms
[6535.673s][info][gc,phases      ] GC(1071)   Other: 0.06ms
[6535.673s][info][gc,heap        ] GC(1071) Eden regions: 572->0(570)
[6535.673s][info][gc,heap        ] GC(1071) Survivor regions: 42->44(77)
[6535.673s][info][gc,heap        ] GC(1071) Old regions: 167->174
[6535.673s][info][gc,heap        ] GC(1071) Humongous regions: 33->33
[6535.673s][info][gc,metaspace   ] GC(1071) Metaspace: 30020K(30528K)->30020K(30528K) NonClass: 26619K(26880K)->26619K(26880K) Class: 3400K(3648K)->3400K(3648K)
[6535.673s][info][gc             ] GC(1071) Pause Young (Normal) (G1 Evacuation Pause) 6498M->1991M(8192M) 153.936ms
[6535.673s][info][gc,cpu         ] GC(1071) User=1.22s Sys=0.00s Real=0.15s
...[6538.990s][info][gc,start       ] GC(1072) Pause Young (Normal) (G1 Evacuation Pause)
[6538.990s][info][gc,task        ] GC(1072) Using 8 workers of 8 for evacuation
[6539.147s][info][gc,phases      ] GC(1072)   Pre Evacuate Collection Set: 0.25ms
[6539.147s][info][gc,phases      ] GC(1072)   Merge Heap Roots: 0.57ms
[6539.147s][info][gc,phases      ] GC(1072)   Evacuate Collection Set: 155.28ms
[6539.147s][info][gc,phases      ] GC(1072)   Post Evacuate Collection Set: 1.04ms
[6539.147s][info][gc,phases      ] GC(1072)   Other: 0.06ms
[6539.147s][info][gc,heap        ] GC(1072) Eden regions: 570->0(569)
[6539.147s][info][gc,heap        ] GC(1072) Survivor regions: 44->45(77)
[6539.147s][info][gc,heap        ] GC(1072) Old regions: 174->182
[6539.147s][info][gc,heap        ] GC(1072) Humongous regions: 33->33
[6539.147s][info][gc,metaspace   ] GC(1072) Metaspace: 30020K(30528K)->30020K(30528K) NonClass: 26619K(26880K)->26619K(26880K) Class: 3400K(3648K)->3400K(3648K)
[6539.147s][info][gc             ] GC(1072) Pause Young (Normal) (G1 Evacuation Pause) 6551M->2058M(8192M) 157.333ms
[6539.147s][info][gc,cpu         ] GC(1072) User=1.24s Sys=0.00s Real=0.16s
....[6542.454s][info][gc,start       ] GC(1073) Pause Young (Normal) (G1 Evacuation Pause)
[6542.454s][info][gc,task        ] GC(1073) Using 8 workers of 8 for evacuation
[6542.606s][info][gc,phases      ] GC(1073)   Pre Evacuate Collection Set: 0.24ms
[6542.606s][info][gc,phases      ] GC(1073)   Merge Heap Roots: 0.54ms
[6542.606s][info][gc,phases      ] GC(1073)   Evacuate Collection Set: 150.07ms
[6542.606s][info][gc,phases      ] GC(1073)   Post Evacuate Collection Set: 1.04ms
[6542.606s][info][gc,phases      ] GC(1073)   Other: 0.08ms
[6542.606s][info][gc,heap        ] GC(1073) Eden regions: 569->0(570)
[6542.606s][info][gc,heap        ] GC(1073) Survivor regions: 45->44(77)
[6542.606s][info][gc,heap        ] GC(1073) Old regions: 182->189
[6542.606s][info][gc,heap        ] GC(1073) Humongous regions: 33->33
[6542.606s][info][gc,metaspace   ] GC(1073) Metaspace: 30020K(30528K)->30020K(30528K) NonClass: 26619K(26880K)->26619K(26880K) Class: 3400K(3648K)->3400K(3648K)
[6542.606s][info][gc             ] GC(1073) Pause Young (Normal) (G1 Evacuation Pause) 6610M->2109M(8192M) 152.099ms
[6542.606s][info][gc,cpu         ] GC(1073) User=1.21s Sys=0.00s Real=0.16s
...[6545.935s][info][gc,start       ] GC(1074) Pause Young (Normal) (G1 Evacuation Pause)
[6545.935s][info][gc,task        ] GC(1074) Using 8 workers of 8 for evacuation
[6546.088s][info][gc,phases      ] GC(1074)   Pre Evacuate Collection Set: 0.23ms
[6546.088s][info][gc,phases      ] GC(1074)   Merge Heap Roots: 0.54ms
[6546.088s][info][gc,phases      ] GC(1074)   Evacuate Collection Set: 151.87ms
[6546.088s][info][gc,phases      ] GC(1074)   Post Evacuate Collection Set: 1.03ms
[6546.088s][info][gc,phases      ] GC(1074)   Other: 0.06ms
[6546.088s][info][gc,heap        ] GC(1074) Eden regions: 570->0(570)
[6546.088s][info][gc,heap        ] GC(1074) Survivor regions: 44->44(77)
[6546.088s][info][gc,heap        ] GC(1074) Old regions: 189->196
[6546.088s][info][gc,heap        ] GC(1074) Humongous regions: 33->33
[6546.088s][info][gc,metaspace   ] GC(1074) Metaspace: 30020K(30528K)->30020K(30528K) NonClass: 26619K(26880K)->26619K(26880K) Class: 3400K(3648K)->3400K(3648K)
[6546.088s][info][gc             ] GC(1074) Pause Young (Normal) (G1 Evacuation Pause) 6669M->2167M(8192M) 153.866ms
[6546.088s][info][gc,cpu         ] GC(1074) User=1.22s Sys=0.00s Real=0.16s
....[6549.514s][info][gc,start       ] GC(1075) Pause Young (Normal) (G1 Evacuation Pause)
[6549.514s][info][gc,task        ] GC(1075) Using 8 workers of 8 for evacuation
[6549.673s][info][gc,phases      ] GC(1075)   Pre Evacuate Collection Set: 0.25ms
[6549.673s][info][gc,phases      ] GC(1075)   Merge Heap Roots: 0.58ms
[6549.673s][info][gc,phases      ] GC(1075)   Evacuate Collection Set: 156.66ms
[6549.673s][info][gc,phases      ] GC(1075)   Post Evacuate Collection Set: 1.04ms
[6549.673s][info][gc,phases      ] GC(1075)   Other: 0.07ms
[6549.673s][info][gc,heap        ] GC(1075) Eden regions: 570->0(570)
[6549.673s][info][gc,heap        ] GC(1075) Survivor regions: 44->44(77)
[6549.673s][info][gc,heap        ] GC(1075) Old regions: 196->204
[6549.673s][info][gc,heap        ] GC(1075) Humongous regions: 33->33
[6549.673s][info][gc,metaspace   ] GC(1075) Metaspace: 30020K(30528K)->30020K(30528K) NonClass: 26619K(26880K)->26619K(26880K) Class: 3400K(3648K)->3400K(3648K)
[6549.673s][info][gc             ] GC(1075) Pause Young (Normal) (G1 Evacuation Pause) 6727M->2230M(8192M) 158.730ms
[6549.673s][info][gc,cpu         ] GC(1075) User=1.26s Sys=0.00s Real=0.16s
...[6552.945s][info][gc,start       ] GC(1076) Pause Young (Normal) (G1 Evacuation Pause)
[6552.945s][info][gc,task        ] GC(1076) Using 8 workers of 8 for evacuation
[6553.099s][info][gc,phases      ] GC(1076)   Pre Evacuate Collection Set: 0.22ms
[6553.099s][info][gc,phases      ] GC(1076)   Merge Heap Roots: 0.52ms
[6553.099s][info][gc,phases      ] GC(1076)   Evacuate Collection Set: 151.83ms
[6553.099s][info][gc,phases      ] GC(1076)   Post Evacuate Collection Set: 1.05ms
[6553.099s][info][gc,phases      ] GC(1076)   Other: 0.06ms
[6553.099s][info][gc,heap        ] GC(1076) Eden regions: 570->0(570)
[6553.099s][info][gc,heap        ] GC(1076) Survivor regions: 44->44(77)
[6553.099s][info][gc,heap        ] GC(1076) Old regions: 204->211
[6553.099s][info][gc,heap        ] GC(1076) Humongous regions: 33->33
[6553.099s][info][gc,metaspace   ] GC(1076) Metaspace: 30020K(30528K)->30020K(30528K) NonClass: 26619K(26880K)->26619K(26880K) Class: 3400K(3648K)->3400K(3648K)
[6553.099s][info][gc             ] GC(1076) Pause Young (Normal) (G1 Evacuation Pause) 6790M->2285M(8192M) 153.812ms
[6553.099s][info][gc,cpu         ] GC(1076) User=1.22s Sys=0.00s Real=0.16s
....[6556.504s][info][gc,start       ] GC(1077) Pause Young (Normal) (G1 Evacuation Pause)
[6556.504s][info][gc,task        ] GC(1077) Using 8 workers of 8 for evacuation
[6556.659s][info][gc,phases      ] GC(1077)   Pre Evacuate Collection Set: 0.25ms
[6556.659s][info][gc,phases      ] GC(1077)   Merge Heap Roots: 0.52ms
[6556.659s][info][gc,phases      ] GC(1077)   Evacuate Collection Set: 153.04ms
[6556.659s][info][gc,phases      ] GC(1077)   Post Evacuate Collection Set: 1.06ms
[6556.659s][info][gc,phases      ] GC(1077)   Other: 0.06ms
[6556.659s][info][gc,heap        ] GC(1077) Eden regions: 570->0(570)
[6556.659s][info][gc,heap        ] GC(1077) Survivor regions: 44->44(77)
[6556.659s][info][gc,heap        ] GC(1077) Old regions: 211->218
[6556.659s][info][gc,heap        ] GC(1077) Humongous regions: 33->33
[6556.659s][info][gc,metaspace   ] GC(1077) Metaspace: 30020K(30528K)->30020K(30528K) NonClass: 26619K(26880K)->26619K(26880K) Class: 3400K(3648K)->3400K(3648K)
[6556.659s][info][gc             ] GC(1077) Pause Young (Normal) (G1 Evacuation Pause) 6845M->2347M(8192M) 155.057ms
[6556.659s][info][gc,cpu         ] GC(1077) User=1.23s Sys=0.00s Real=0.16s
...[6559.903s][info][gc,start       ] GC(1078) Pause Young (Normal) (G1 Evacuation Pause)
[6559.903s][info][gc,task        ] GC(1078) Using 8 workers of 8 for evacuation
[6560.055s][info][gc,phases      ] GC(1078)   Pre Evacuate Collection Set: 0.26ms
[6560.055s][info][gc,phases      ] GC(1078)   Merge Heap Roots: 0.53ms
[6560.055s][info][gc,phases      ] GC(1078)   Evacuate Collection Set: 150.35ms
[6560.055s][info][gc,phases      ] GC(1078)   Post Evacuate Collection Set: 1.02ms
[6560.055s][info][gc,phases      ] GC(1078)   Other: 0.06ms
[6560.055s][info][gc,heap        ] GC(1078) Eden regions: 570->0(571)
[6560.055s][info][gc,heap        ] GC(1078) Survivor regions: 44->43(77)
[6560.055s][info][gc,heap        ] GC(1078) Old regions: 218->226
[6560.055s][info][gc,heap        ] GC(1078) Humongous regions: 33->33
[6560.055s][info][gc,metaspace   ] GC(1078) Metaspace: 30020K(30528K)->30020K(30528K) NonClass: 26619K(26880K)->26619K(26880K) Class: 3400K(3648K)->3400K(3648K)
[6560.055s][info][gc             ] GC(1078) Pause Young (Normal) (G1 Evacuation Pause) 6907M->2395M(8192M) 152.352ms
[6560.056s][info][gc,cpu         ] GC(1078) User=1.20s Sys=0.00s Real=0.15s
....[6563.398s][info][gc,start       ] GC(1079) Pause Young (Normal) (G1 Evacuation Pause)
[6563.398s][info][gc,task        ] GC(1079) Using 8 workers of 8 for evacuation
[6563.548s][info][gc,phases      ] GC(1079)   Pre Evacuate Collection Set: 0.22ms
[6563.548s][info][gc,phases      ] GC(1079)   Merge Heap Roots: 0.53ms
[6563.548s][info][gc,phases      ] GC(1079)   Evacuate Collection Set: 147.87ms
[6563.548s][info][gc,phases      ] GC(1079)   Post Evacuate Collection Set: 1.05ms
[6563.548s][info][gc,phases      ] GC(1079)   Other: 0.06ms
[6563.548s][info][gc,heap        ] GC(1079) Eden regions: 571->0(571)
[6563.548s][info][gc,heap        ] GC(1079) Survivor regions: 43->43(77)
[6563.548s][info][gc,heap        ] GC(1079) Old regions: 226->233
[6563.548s][info][gc,heap        ] GC(1079) Humongous regions: 33->33
[6563.548s][info][gc,metaspace   ] GC(1079) Metaspace: 30020K(30528K)->30020K(30528K) NonClass: 26619K(26880K)->26619K(26880K) Class: 3400K(3648K)->3400K(3648K)
[6563.548s][info][gc             ] GC(1079) Pause Young (Normal) (G1 Evacuation Pause) 6963M->2451M(8192M) 149.870ms
[6563.548s][info][gc,cpu         ] GC(1079) User=1.19s Sys=0.00s Real=0.15s
. (rIR:aIR:PR = 10931:10929:10930) (tPR = 161909) [OK] 
  6564s: Performance info:
         Transaction,    Success,    Partial,     Failed,   Receipts, AvgBarcode, 
             Overall,     657054,          0,          0,     623985,      59.48, 
         Response times:
             Request,    Success,    Partial,     Failed,   SkipFail,     Probes,    Samples,      min,      p50,      p90,      p95,      p99,      max, 
       TotalPurchase,     623975,          0,          0,          0,     353291,     446508,      300,     8600,    64000,   100000,   171000,  2900000,
     InStorePurchase,     329703,          0,          0,          0,     185657,     234679,      300,     8400,    63000,   100000,   168000,  2900000,
      OnlinePurchase,     229394,          0,          0,          0,     129469,     163658,      300,     8600,    65000,   100000,   175000,  2900000,
        InstPurchase,      64878,          0,          0,          0,      38165,      48171,      400,     8900,    67000,   103000,   176000,  2700000,
          AssocOfCat,        658,          0,          0,          0,        562,        805,    26000,    59000,   120000,   165100,   230940,   325000,
      AssocOfProduct,       6613,          0,          0,          0,       3893,       5122,      700,     8700,    67000,   103000,   177770,   830000,
      BusinessReport,       1644,          0,          0,          0,       1473,       2007,    28000,    72000,   145200,   194200,   251920,   342000,
          CustBuyBeh,       6565,          0,          0,          0,       3831,       5002,      200,     8000,    64000,    96000,   173970,   453000,
       ProductReturn,      17552,          0,          0,          0,       9617,      12347,      300,     8800,    61000,    98000,   168520,   640000,

  6564s: (80%)   IR =  11070 ..[6566.924s][info][gc,start       ] GC(1080) Pause Young (Normal) (G1 Evacuation Pause)
[6566.924s][info][gc,task        ] GC(1080) Using 8 workers of 8 for evacuation
[6567.087s][info][gc,phases      ] GC(1080)   Pre Evacuate Collection Set: 0.22ms
[6567.087s][info][gc,phases      ] GC(1080)   Merge Heap Roots: 0.62ms
[6567.087s][info][gc,phases      ] GC(1080)   Evacuate Collection Set: 161.39ms
[6567.087s][info][gc,phases      ] GC(1080)   Post Evacuate Collection Set: 1.05ms
[6567.087s][info][gc,phases      ] GC(1080)   Other: 0.06ms
[6567.087s][info][gc,heap        ] GC(1080) Eden regions: 571->0(569)
[6567.087s][info][gc,heap        ] GC(1080) Survivor regions: 43->45(77)
[6567.087s][info][gc,heap        ] GC(1080) Old regions: 233->240
[6567.087s][info][gc,heap        ] GC(1080) Humongous regions: 33->33
[6567.087s][info][gc,metaspace   ] GC(1080) Metaspace: 30020K(30528K)->30020K(30528K) NonClass: 26619K(26880K)->26619K(26880K) Class: 3400K(3648K)->3400K(3648K)
[6567.087s][info][gc             ] GC(1080) Pause Young (Normal) (G1 Evacuation Pause) 7019M->2527M(8192M) 163.484ms
[6567.087s][info][gc,cpu         ] GC(1080) User=1.30s Sys=0.00s Real=0.17s
...[6570.269s][info][gc,start       ] GC(1081) Pause Young (Normal) (G1 Evacuation Pause)
[6570.269s][info][gc,task        ] GC(1081) Using 8 workers of 8 for evacuation
[6570.419s][info][gc,phases      ] GC(1081)   Pre Evacuate Collection Set: 0.23ms
[6570.419s][info][gc,phases      ] GC(1081)   Merge Heap Roots: 0.58ms
[6570.419s][info][gc,phases      ] GC(1081)   Evacuate Collection Set: 148.35ms
[6570.419s][info][gc,phases      ] GC(1081)   Post Evacuate Collection Set: 1.04ms
[6570.419s][info][gc,phases      ] GC(1081)   Other: 0.06ms
[6570.419s][info][gc,heap        ] GC(1081) Eden regions: 569->0(571)
[6570.419s][info][gc,heap        ] GC(1081) Survivor regions: 45->43(77)
[6570.419s][info][gc,heap        ] GC(1081) Old regions: 240->247
[6570.419s][info][gc,heap        ] GC(1081) Humongous regions: 33->33
[6570.419s][info][gc,metaspace   ] GC(1081) Metaspace: 30020K(30528K)->30020K(30528K) NonClass: 26619K(26880K)->26619K(26880K) Class: 3400K(3648K)->3400K(3648K)
[6570.419s][info][gc             ] GC(1081) Pause Young (Normal) (G1 Evacuation Pause) 7079M->2570M(8192M) 150.401ms
[6570.419s][info][gc,cpu         ] GC(1081) User=1.19s Sys=0.00s Real=0.15s
....|[6573.801s][info][gc,start       ] GC(1082) Pause Young (Normal) (G1 Evacuation Pause)
[6573.801s][info][gc,task        ] GC(1082) Using 8 workers of 8 for evacuation
[6573.957s][info][gc,phases      ] GC(1082)   Pre Evacuate Collection Set: 0.24ms
[6573.958s][info][gc,phases      ] GC(1082)   Merge Heap Roots: 0.61ms
[6573.958s][info][gc,phases      ] GC(1082)   Evacuate Collection Set: 154.34ms
[6573.958s][info][gc,phases      ] GC(1082)   Post Evacuate Collection Set: 1.07ms
[6573.958s][info][gc,phases      ] GC(1082)   Other: 0.07ms
[6573.958s][info][gc,heap        ] GC(1082) Eden regions: 571->0(570)
[6573.958s][info][gc,heap        ] GC(1082) Survivor regions: 43->44(77)
[6573.958s][info][gc,heap        ] GC(1082) Old regions: 247->254
[6573.958s][info][gc,heap        ] GC(1082) Humongous regions: 33->33
[6573.958s][info][gc,metaspace   ] GC(1082) Metaspace: 30020K(30528K)->30020K(30528K) NonClass: 26619K(26880K)->26619K(26880K) Class: 3400K(3648K)->3400K(3648K)
[6573.958s][info][gc             ] GC(1082) Pause Young (Normal) (G1 Evacuation Pause) 7138M->2631M(8192M) 156.456ms
[6573.958s][info][gc,cpu         ] GC(1082) User=1.24s Sys=0.00s Real=0.16s
...[6577.257s][info][gc,start       ] GC(1083) Pause Young (Normal) (G1 Evacuation Pause)
[6577.257s][info][gc,task        ] GC(1083) Using 8 workers of 8 for evacuation
[6577.414s][info][gc,phases      ] GC(1083)   Pre Evacuate Collection Set: 0.26ms
[6577.414s][info][gc,phases      ] GC(1083)   Merge Heap Roots: 0.53ms
[6577.414s][info][gc,phases      ] GC(1083)   Evacuate Collection Set: 155.09ms
[6577.414s][info][gc,phases      ] GC(1083)   Post Evacuate Collection Set: 1.04ms
[6577.414s][info][gc,phases      ] GC(1083)   Other: 0.06ms
[6577.414s][info][gc,heap        ] GC(1083) Eden regions: 570->0(569)
[6577.414s][info][gc,heap        ] GC(1083) Survivor regions: 44->45(77)
[6577.414s][info][gc,heap        ] GC(1083) Old regions: 254->262
[6577.414s][info][gc,heap        ] GC(1083) Humongous regions: 33->33
[6577.414s][info][gc,metaspace   ] GC(1083) Metaspace: 30020K(30528K)->30020K(30528K) NonClass: 26619K(26880K)->26619K(26880K) Class: 3400K(3648K)->3400K(3648K)
[6577.414s][info][gc             ] GC(1083) Pause Young (Normal) (G1 Evacuation Pause) 7191M->2702M(8192M) 157.124ms
[6577.414s][info][gc,cpu         ] GC(1083) User=1.25s Sys=0.00s Real=0.15s
....[6580.652s][info][gc,start       ] GC(1084) Pause Young (Normal) (G1 Evacuation Pause)
[6580.652s][info][gc,task        ] GC(1084) Using 8 workers of 8 for evacuation
[6580.809s][info][gc,phases      ] GC(1084)   Pre Evacuate Collection Set: 0.23ms
[6580.809s][info][gc,phases      ] GC(1084)   Merge Heap Roots: 0.52ms
[6580.809s][info][gc,phases      ] GC(1084)   Evacuate Collection Set: 154.98ms
[6580.809s][info][gc,phases      ] GC(1084)   Post Evacuate Collection Set: 1.09ms
[6580.809s][info][gc,phases      ] GC(1084)   Other: 0.06ms
[6580.809s][info][gc,heap        ] GC(1084) Eden regions: 569->0(570)
[6580.809s][info][gc,heap        ] GC(1084) Survivor regions: 45->44(77)
[6580.809s][info][gc,heap        ] GC(1084) Old regions: 262->269
[6580.809s][info][gc,heap        ] GC(1084) Humongous regions: 33->33
[6580.809s][info][gc,metaspace   ] GC(1084) Metaspace: 30020K(30528K)->30020K(30528K) NonClass: 26619K(26880K)->26619K(26880K) Class: 3400K(3648K)->3400K(3648K)
[6580.809s][info][gc             ] GC(1084) Pause Young (Normal) (G1 Evacuation Pause) 7254M->2750M(8192M) 157.026ms
[6580.809s][info][gc,cpu         ] GC(1084) User=1.25s Sys=0.01s Real=0.16s
...[6584.070s][info][gc,start       ] GC(1085) Pause Young (Normal) (G1 Evacuation Pause)
[6584.070s][info][gc,task        ] GC(1085) Using 8 workers of 8 for evacuation
[6584.223s][info][gc,phases      ] GC(1085)   Pre Evacuate Collection Set: 0.22ms
[6584.223s][info][gc,phases      ] GC(1085)   Merge Heap Roots: 0.53ms
[6584.223s][info][gc,phases      ] GC(1085)   Evacuate Collection Set: 150.66ms
[6584.223s][info][gc,phases      ] GC(1085)   Post Evacuate Collection Set: 1.04ms
[6584.223s][info][gc,phases      ] GC(1085)   Other: 0.07ms
[6584.223s][info][gc,heap        ] GC(1085) Eden regions: 570->0(570)
[6584.223s][info][gc,heap        ] GC(1085) Survivor regions: 44->44(77)
[6584.223s][info][gc,heap        ] GC(1085) Old regions: 269->276
[6584.223s][info][gc,heap        ] GC(1085) Humongous regions: 33->33
[6584.223s][info][gc,metaspace   ] GC(1085) Metaspace: 30020K(30528K)->30020K(30528K) NonClass: 26619K(26880K)->26619K(26880K) Class: 3400K(3648K)->3400K(3648K)
[6584.223s][info][gc             ] GC(1085) Pause Young (Normal) (G1 Evacuation Pause) 7310M->2806M(8192M) 152.660ms
[6584.223s][info][gc,cpu         ] GC(1085) User=1.21s Sys=0.00s Real=0.15s
....[6587.450s][info][gc,start       ] GC(1086) Pause Young (Normal) (G1 Evacuation Pause)
[6587.450s][info][gc,task        ] GC(1086) Using 8 workers of 8 for evacuation
[6587.605s][info][gc,phases      ] GC(1086)   Pre Evacuate Collection Set: 0.22ms
[6587.605s][info][gc,phases      ] GC(1086)   Merge Heap Roots: 0.53ms
[6587.605s][info][gc,phases      ] GC(1086)   Evacuate Collection Set: 152.45ms
[6587.605s][info][gc,phases      ] GC(1086)   Post Evacuate Collection Set: 1.04ms
[6587.605s][info][gc,phases      ] GC(1086)   Other: 0.06ms
[6587.605s][info][gc,heap        ] GC(1086) Eden regions: 570->0(569)
[6587.605s][info][gc,heap        ] GC(1086) Survivor regions: 44->43(77)
[6587.605s][info][gc,heap        ] GC(1086) Old regions: 276->284
[6587.605s][info][gc,heap        ] GC(1086) Humongous regions: 33->33
[6587.605s][info][gc,metaspace   ] GC(1086) Metaspace: 30020K(30528K)->30020K(30528K) NonClass: 26619K(26880K)->26619K(26880K) Class: 3400K(3648K)->3400K(3648K)
[6587.605s][info][gc             ] GC(1086) Pause Young (Normal) (G1 Evacuation Pause) 7366M->2859M(8192M) 154.425ms
[6587.605s][info][gc,cpu         ] GC(1086) User=1.23s Sys=0.00s Real=0.15s
...[6590.888s][info][gc,start       ] GC(1087) Pause Young (Normal) (G1 Evacuation Pause)
[6590.888s][info][gc,task        ] GC(1087) Using 8 workers of 8 for evacuation
[6591.035s][info][gc,phases      ] GC(1087)   Pre Evacuate Collection Set: 0.26ms
[6591.035s][info][gc,phases      ] GC(1087)   Merge Heap Roots: 0.54ms
[6591.035s][info][gc,phases      ] GC(1087)   Evacuate Collection Set: 145.49ms
[6591.035s][info][gc,phases      ] GC(1087)   Post Evacuate Collection Set: 1.05ms
[6591.035s][info][gc,phases      ] GC(1087)   Other: 0.07ms
[6591.035s][info][gc,heap        ] GC(1087) Eden regions: 569->0(564)
[6591.035s][info][gc,heap        ] GC(1087) Survivor regions: 43->42(77)
[6591.035s][info][gc,heap        ] GC(1087) Old regions: 284->291
[6591.035s][info][gc,heap        ] GC(1087) Humongous regions: 33->33
[6591.035s][info][gc,metaspace   ] GC(1087) Metaspace: 30020K(30528K)->30020K(30528K) NonClass: 26619K(26880K)->26619K(26880K) Class: 3400K(3648K)->3400K(3648K)
[6591.035s][info][gc             ] GC(1087) Pause Young (Normal) (G1 Evacuation Pause) 7411M->2910M(8192M) 147.547ms
[6591.035s][info][gc,cpu         ] GC(1087) User=1.16s Sys=0.00s Real=0.14s
...[6594.252s][info][gc,start       ] GC(1088) Pause Young (Normal) (G1 Evacuation Pause)
[6594.252s][info][gc,task        ] GC(1088) Using 8 workers of 8 for evacuation
[6594.401s][info][gc,phases      ] GC(1088)   Pre Evacuate Collection Set: 0.23ms
[6594.401s][info][gc,phases      ] GC(1088)   Merge Heap Roots: 0.53ms
[6594.401s][info][gc,phases      ] GC(1088)   Evacuate Collection Set: 147.02ms
[6594.401s][info][gc,phases      ] GC(1088)   Post Evacuate Collection Set: 1.06ms
[6594.401s][info][gc,phases      ] GC(1088)   Other: 0.06ms
[6594.401s][info][gc,heap        ] GC(1088) Eden regions: 564->0(555)
[6594.401s][info][gc,heap        ] GC(1088) Survivor regions: 42->43(76)
[6594.401s][info][gc,heap        ] GC(1088) Old regions: 291->298
[6594.401s][info][gc,heap        ] GC(1088) Humongous regions: 33->33
[6594.401s][info][gc,metaspace   ] GC(1088) Metaspace: 30020K(30528K)->30020K(30528K) NonClass: 26619K(26880K)->26619K(26880K) Class: 3400K(3648K)->3400K(3648K)
[6594.401s][info][gc             ] GC(1088) Pause Young (Normal) (G1 Evacuation Pause) 7422M->2979M(8192M) 149.035ms
[6594.401s][info][gc,cpu         ] GC(1088) User=1.18s Sys=0.00s Real=0.15s
....[6597.715s][info][gc,start       ] GC(1089) Pause Young (Normal) (G1 Evacuation Pause)
[6597.715s][info][gc,task        ] GC(1089) Using 8 workers of 8 for evacuation
[6597.865s][info][gc,phases      ] GC(1089)   Pre Evacuate Collection Set: 0.25ms
[6597.865s][info][gc,phases      ] GC(1089)   Merge Heap Roots: 0.53ms
[6597.865s][info][gc,phases      ] GC(1089)   Evacuate Collection Set: 147.65ms
[6597.865s][info][gc,phases      ] GC(1089)   Post Evacuate Collection Set: 1.06ms
[6597.865s][info][gc,phases      ] GC(1089)   Other: 0.06ms
[6597.865s][info][gc,heap        ] GC(1089) Eden regions: 555->0(547)
[6597.865s][info][gc,heap        ] GC(1089) Survivor regions: 43->43(75)
[6597.865s][info][gc,heap        ] GC(1089) Old regions: 298->306
[6597.865s][info][gc,heap        ] GC(1089) Humongous regions: 33->33
[6597.865s][info][gc,metaspace   ] GC(1089) Metaspace: 30020K(30528K)->30020K(30528K) NonClass: 26619K(26880K)->26619K(26880K) Class: 3400K(3648K)->3400K(3648K)
[6597.865s][info][gc             ] GC(1089) Pause Young (Normal) (G1 Evacuation Pause) 7419M->3042M(8192M) 149.677ms
[6597.865s][info][gc,cpu         ] GC(1089) User=1.18s Sys=0.01s Real=0.15s
...[6601.096s][info][gc,start       ] GC(1090) Pause Young (Concurrent Start) (G1 Evacuation Pause)
[6601.096s][info][gc,task        ] GC(1090) Using 8 workers of 8 for evacuation
[6601.249s][info][gc,phases      ] GC(1090)   Pre Evacuate Collection Set: 0.25ms
[6601.249s][info][gc,phases      ] GC(1090)   Merge Heap Roots: 0.54ms
[6601.249s][info][gc,phases      ] GC(1090)   Evacuate Collection Set: 151.11ms
[6601.249s][info][gc,phases      ] GC(1090)   Post Evacuate Collection Set: 1.04ms
[6601.249s][info][gc,phases      ] GC(1090)   Other: 0.10ms
[6601.249s][info][gc,heap        ] GC(1090) Eden regions: 547->0(539)
[6601.249s][info][gc,heap        ] GC(1090) Survivor regions: 43->43(74)
[6601.249s][info][gc,heap        ] GC(1090) Old regions: 306->314
[6601.249s][info][gc,heap        ] GC(1090) Humongous regions: 33->33
[6601.249s][info][gc,metaspace   ] GC(1090) Metaspace: 30020K(30528K)->30020K(30528K) NonClass: 26619K(26880K)->26619K(26880K) Class: 3400K(3648K)->3400K(3648K)
[6601.249s][info][gc             ] GC(1090) Pause Young (Concurrent Start) (G1 Evacuation Pause) 7418M->3101M(8192M) 153.185ms
[6601.249s][info][gc             ] GC(1091) Concurrent Mark Cycle
[6601.249s][info][gc,marking     ] GC(1091) Concurrent Scan Root Regions
[6601.249s][info][gc,cpu         ] GC(1090) User=1.21s Sys=0.00s Real=0.15s
.[6601.554s][info][gc,marking     ] GC(1091) Concurrent Scan Root Regions 304.273ms
[6601.554s][info][gc,marking     ] GC(1091) Concurrent Mark
[6601.554s][info][gc,marking     ] GC(1091) Concurrent Mark From Roots
[6601.554s][info][gc,task        ] GC(1091) Using 2 workers of 2 for marking
.[6603.085s][info][gc,marking     ] GC(1091) Concurrent Mark From Roots 1530.866ms
[6603.085s][info][gc,marking     ] GC(1091) Concurrent Preclean
[6603.085s][info][gc,marking     ] GC(1091) Concurrent Preclean 0.140ms
[6603.085s][info][gc,start       ] GC(1091) Pause Remark
[6603.087s][info][gc             ] GC(1091) Pause Remark 5281M->4737M(8192M) 1.993ms
[6603.087s][info][gc,cpu         ] GC(1091) User=0.01s Sys=0.00s Real=0.01s
[6603.087s][info][gc,marking     ] GC(1091) Concurrent Mark 1533.307ms
[6603.087s][info][gc,marking     ] GC(1091) Concurrent Rebuild Remembered Sets and Scrub Regions
.[6603.896s][info][gc,marking     ] GC(1091) Concurrent Rebuild Remembered Sets and Scrub Regions 808.843ms
[6603.896s][info][gc,start       ] GC(1091) Pause Cleanup
[6603.896s][info][gc             ] GC(1091) Pause Cleanup 5829M->5829M(8192M) 0.250ms
[6603.896s][info][gc,cpu         ] GC(1091) User=0.00s Sys=0.00s Real=0.00s
[6603.896s][info][gc,marking     ] GC(1091) Concurrent Clear Claimed Marks
[6603.896s][info][gc,marking     ] GC(1091) Concurrent Clear Claimed Marks 0.037ms
[6603.896s][info][gc,marking     ] GC(1091) Concurrent Cleanup for Next Mark
[6603.909s][info][gc,marking     ] GC(1091) Concurrent Cleanup for Next Mark 12.695ms
[6603.909s][info][gc             ] GC(1091) Concurrent Mark Cycle 2659.798ms
.[6604.562s][info][gc,start       ] GC(1092) Pause Young (Prepare Mixed) (G1 Evacuation Pause)
[6604.562s][info][gc,task        ] GC(1092) Using 8 workers of 8 for evacuation
[6604.718s][info][gc,phases      ] GC(1092)   Pre Evacuate Collection Set: 0.25ms
[6604.718s][info][gc,phases      ] GC(1092)   Merge Heap Roots: 0.76ms
[6604.718s][info][gc,phases      ] GC(1092)   Evacuate Collection Set: 154.03ms
[6604.718s][info][gc,phases      ] GC(1092)   Post Evacuate Collection Set: 1.11ms
[6604.718s][info][gc,phases      ] GC(1092)   Other: 0.07ms
[6604.718s][info][gc,heap        ] GC(1092) Eden regions: 539->0(571)
[6604.718s][info][gc,heap        ] GC(1092) Survivor regions: 43->43(73)
[6604.718s][info][gc,heap        ] GC(1092) Old regions: 246->253
[6604.718s][info][gc,heap        ] GC(1092) Humongous regions: 33->33
[6604.718s][info][gc,metaspace   ] GC(1092) Metaspace: 30020K(30528K)->30020K(30528K) NonClass: 26619K(26880K)->26619K(26880K) Class: 3400K(3648K)->3400K(3648K)
[6604.718s][info][gc             ] GC(1092) Pause Young (Prepare Mixed) (G1 Evacuation Pause) 6869M->2619M(8192M) 156.352ms
[6604.718s][info][gc,cpu         ] GC(1092) User=1.23s Sys=0.00s Real=0.16s
...[6607.844s][info][gc,start       ] GC(1093) Pause Young (Mixed) (G1 Evacuation Pause)
[6607.844s][info][gc,task        ] GC(1093) Using 8 workers of 8 for evacuation
[6608.006s][info][gc,phases      ] GC(1093)   Pre Evacuate Collection Set: 0.29ms
[6608.006s][info][gc,phases      ] GC(1093)   Merge Heap Roots: 1.00ms
[6608.006s][info][gc,phases      ] GC(1093)   Evacuate Collection Set: 159.37ms
[6608.006s][info][gc,phases      ] GC(1093)   Post Evacuate Collection Set: 1.27ms
[6608.006s][info][gc,phases      ] GC(1093)   Other: 0.08ms
[6608.006s][info][gc,heap        ] GC(1093) Eden regions: 571->0(571)
[6608.006s][info][gc,heap        ] GC(1093) Survivor regions: 43->43(77)
[6608.006s][info][gc,heap        ] GC(1093) Old regions: 253->158
[6608.006s][info][gc,heap        ] GC(1093) Humongous regions: 33->33
[6608.006s][info][gc,metaspace   ] GC(1093) Metaspace: 30020K(30528K)->30020K(30528K) NonClass: 26619K(26880K)->26619K(26880K) Class: 3400K(3648K)->3400K(3648K)
[6608.006s][info][gc             ] GC(1093) Pause Young (Mixed) (G1 Evacuation Pause) 7187M->1858M(8192M) 162.159ms
[6608.006s][info][gc,cpu         ] GC(1093) User=1.28s Sys=0.00s Real=0.17s
...[6611.304s][info][gc,start       ] GC(1094) Pause Young (Mixed) (G1 Evacuation Pause)
[6611.304s][info][gc,task        ] GC(1094) Using 8 workers of 8 for evacuation
[6611.468s][info][gc,phases      ] GC(1094)   Pre Evacuate Collection Set: 0.23ms
[6611.468s][info][gc,phases      ] GC(1094)   Merge Heap Roots: 0.78ms
[6611.468s][info][gc,phases      ] GC(1094)   Evacuate Collection Set: 161.35ms
[6611.468s][info][gc,phases      ] GC(1094)   Post Evacuate Collection Set: 1.06ms
[6611.468s][info][gc,phases      ] GC(1094)   Other: 0.07ms
[6611.468s][info][gc,heap        ] GC(1094) Eden regions: 571->0(570)
[6611.468s][info][gc,heap        ] GC(1094) Survivor regions: 43->44(77)
[6611.468s][info][gc,heap        ] GC(1094) Old regions: 158->143
[6611.468s][info][gc,heap        ] GC(1094) Humongous regions: 33->33
[6611.468s][info][gc,metaspace   ] GC(1094) Metaspace: 30020K(30528K)->30020K(30528K) NonClass: 26619K(26880K)->26619K(26880K) Class: 3400K(3648K)->3400K(3648K)
[6611.468s][info][gc             ] GC(1094) Pause Young (Mixed) (G1 Evacuation Pause) 6426M->1743M(8192M) 163.619ms
[6611.468s][info][gc,cpu         ] GC(1094) User=1.30s Sys=0.00s Real=0.17s
....[6614.738s][info][gc,start       ] GC(1095) Pause Young (Normal) (G1 Evacuation Pause)
[6614.738s][info][gc,task        ] GC(1095) Using 8 workers of 8 for evacuation
[6614.901s][info][gc,phases      ] GC(1095)   Pre Evacuate Collection Set: 0.22ms
[6614.901s][info][gc,phases      ] GC(1095)   Merge Heap Roots: 0.56ms
[6614.901s][info][gc,phases      ] GC(1095)   Evacuate Collection Set: 161.46ms
[6614.901s][info][gc,phases      ] GC(1095)   Post Evacuate Collection Set: 1.01ms
[6614.901s][info][gc,phases      ] GC(1095)   Other: 0.06ms
[6614.901s][info][gc,heap        ] GC(1095) Eden regions: 570->0(568)
[6614.901s][info][gc,heap        ] GC(1095) Survivor regions: 44->46(77)
[6614.901s][info][gc,heap        ] GC(1095) Old regions: 143->151
[6614.901s][info][gc,heap        ] GC(1095) Humongous regions: 33->33
[6614.901s][info][gc,metaspace   ] GC(1095) Metaspace: 30020K(30528K)->30020K(30528K) NonClass: 26619K(26880K)->26619K(26880K) Class: 3400K(3648K)->3400K(3648K)
[6614.901s][info][gc             ] GC(1095) Pause Young (Normal) (G1 Evacuation Pause) 6303M->1821M(8192M) 163.439ms
[6614.901s][info][gc,cpu         ] GC(1095) User=1.30s Sys=0.00s Real=0.16s
...[6618.216s][info][gc,start       ] GC(1096) Pause Young (Normal) (G1 Evacuation Pause)
[6618.216s][info][gc,task        ] GC(1096) Using 8 workers of 8 for evacuation
[6618.368s][info][gc,phases      ] GC(1096)   Pre Evacuate Collection Set: 0.25ms
[6618.368s][info][gc,phases      ] GC(1096)   Merge Heap Roots: 0.53ms
[6618.368s][info][gc,phases      ] GC(1096)   Evacuate Collection Set: 150.48ms
[6618.368s][info][gc,phases      ] GC(1096)   Post Evacuate Collection Set: 1.02ms
[6618.368s][info][gc,phases      ] GC(1096)   Other: 0.06ms
[6618.368s][info][gc,heap        ] GC(1096) Eden regions: 568->0(572)
[6618.368s][info][gc,heap        ] GC(1096) Survivor regions: 46->42(77)
[6618.368s][info][gc,heap        ] GC(1096) Old regions: 151->158
[6618.368s][info][gc,heap        ] GC(1096) Humongous regions: 33->33
[6618.368s][info][gc,metaspace   ] GC(1096) Metaspace: 30020K(30528K)->30020K(30528K) NonClass: 26619K(26880K)->26619K(26880K) Class: 3400K(3648K)->3400K(3648K)
[6618.368s][info][gc             ] GC(1096) Pause Young (Normal) (G1 Evacuation Pause) 6365M->1846M(8192M) 152.476ms
[6618.368s][info][gc,cpu         ] GC(1096) User=1.20s Sys=0.00s Real=0.15s
....[6621.693s][info][gc,start       ] GC(1097) Pause Young (Normal) (G1 Evacuation Pause)
[6621.694s][info][gc,task        ] GC(1097) Using 8 workers of 8 for evacuation
[6621.853s][info][gc,phases      ] GC(1097)   Pre Evacuate Collection Set: 0.23ms
[6621.853s][info][gc,phases      ] GC(1097)   Merge Heap Roots: 0.55ms
[6621.853s][info][gc,phases      ] GC(1097)   Evacuate Collection Set: 157.69ms
[6621.853s][info][gc,phases      ] GC(1097)   Post Evacuate Collection Set: 1.02ms
[6621.853s][info][gc,phases      ] GC(1097)   Other: 0.07ms
[6621.853s][info][gc,heap        ] GC(1097) Eden regions: 572->0(569)
[6621.853s][info][gc,heap        ] GC(1097) Survivor regions: 42->45(77)
[6621.853s][info][gc,heap        ] GC(1097) Old regions: 158->165
[6621.853s][info][gc,heap        ] GC(1097) Humongous regions: 33->33
[6621.853s][info][gc,metaspace   ] GC(1097) Metaspace: 30020K(30528K)->30020K(30528K) NonClass: 26619K(26880K)->26619K(26880K) Class: 3400K(3648K)->3400K(3648K)
[6621.853s][info][gc             ] GC(1097) Pause Young (Normal) (G1 Evacuation Pause) 6422M->1925M(8192M) 159.684ms
[6621.853s][info][gc,cpu         ] GC(1097) User=1.26s Sys=0.00s Real=0.16s
...[6625.171s][info][gc,start       ] GC(1098) Pause Young (Normal) (G1 Evacuation Pause)
[6625.171s][info][gc,task        ] GC(1098) Using 8 workers of 8 for evacuation
[6625.319s][info][gc,phases      ] GC(1098)   Pre Evacuate Collection Set: 0.23ms
[6625.319s][info][gc,phases      ] GC(1098)   Merge Heap Roots: 0.54ms
[6625.319s][info][gc,phases      ] GC(1098)   Evacuate Collection Set: 146.47ms
[6625.319s][info][gc,phases      ] GC(1098)   Post Evacuate Collection Set: 1.04ms
[6625.319s][info][gc,phases      ] GC(1098)   Other: 0.06ms
[6625.319s][info][gc,heap        ] GC(1098) Eden regions: 569->0(572)
[6625.319s][info][gc,heap        ] GC(1098) Survivor regions: 45->42(77)
[6625.319s][info][gc,heap        ] GC(1098) Old regions: 165->172
[6625.319s][info][gc,heap        ] GC(1098) Humongous regions: 33->33
[6625.319s][info][gc,metaspace   ] GC(1098) Metaspace: 30020K(30528K)->30020K(30528K) NonClass: 26619K(26880K)->26619K(26880K) Class: 3400K(3648K)->3400K(3648K)
[6625.319s][info][gc             ] GC(1098) Pause Young (Normal) (G1 Evacuation Pause) 6477M->1959M(8192M) 148.474ms
[6625.319s][info][gc,cpu         ] GC(1098) User=1.18s Sys=0.00s Real=0.15s
....[6628.661s][info][gc,start       ] GC(1099) Pause Young (Normal) (G1 Evacuation Pause)
[6628.661s][info][gc,task        ] GC(1099) Using 8 workers of 8 for evacuation
[6628.814s][info][gc,phases      ] GC(1099)   Pre Evacuate Collection Set: 0.21ms
[6628.814s][info][gc,phases      ] GC(1099)   Merge Heap Roots: 0.54ms
[6628.814s][info][gc,phases      ] GC(1099)   Evacuate Collection Set: 151.19ms
[6628.814s][info][gc,phases      ] GC(1099)   Post Evacuate Collection Set: 1.06ms
[6628.814s][info][gc,phases      ] GC(1099)   Other: 0.06ms
[6628.814s][info][gc,heap        ] GC(1099) Eden regions: 572->0(570)
[6628.814s][info][gc,heap        ] GC(1099) Survivor regions: 42->44(77)
[6628.814s][info][gc,heap        ] GC(1099) Old regions: 172->179
[6628.814s][info][gc,heap        ] GC(1099) Humongous regions: 33->33
[6628.814s][info][gc,metaspace   ] GC(1099) Metaspace: 30020K(30528K)->30020K(30528K) NonClass: 26619K(26880K)->26619K(26880K) Class: 3400K(3648K)->3400K(3648K)
[6628.814s][info][gc             ] GC(1099) Pause Young (Normal) (G1 Evacuation Pause) 6535M->2031M(8192M) 153.189ms
[6628.814s][info][gc,cpu         ] GC(1099) User=1.21s Sys=0.00s Real=0.15s
...[6632.167s][info][gc,start       ] GC(1100) Pause Young (Normal) (G1 Evacuation Pause)
[6632.167s][info][gc,task        ] GC(1100) Using 8 workers of 8 for evacuation
[6632.318s][info][gc,phases      ] GC(1100)   Pre Evacuate Collection Set: 0.24ms
[6632.318s][info][gc,phases      ] GC(1100)   Merge Heap Roots: 0.56ms
[6632.318s][info][gc,phases      ] GC(1100)   Evacuate Collection Set: 148.95ms
[6632.318s][info][gc,phases      ] GC(1100)   Post Evacuate Collection Set: 1.03ms
[6632.318s][info][gc,phases      ] GC(1100)   Other: 0.06ms
[6632.318s][info][gc,heap        ] GC(1100) Eden regions: 570->0(571)
[6632.318s][info][gc,heap        ] GC(1100) Survivor regions: 44->43(77)
[6632.318s][info][gc,heap        ] GC(1100) Old regions: 179->186
[6632.318s][info][gc,heap        ] GC(1100) Humongous regions: 33->33
[6632.318s][info][gc,metaspace   ] GC(1100) Metaspace: 30020K(30528K)->30020K(30528K) NonClass: 26619K(26880K)->26619K(26880K) Class: 3400K(3648K)->3400K(3648K)
[6632.318s][info][gc             ] GC(1100) Pause Young (Normal) (G1 Evacuation Pause) 6591M->2083M(8192M) 150.976ms
[6632.318s][info][gc,cpu         ] GC(1100) User=1.20s Sys=0.01s Real=0.15s
.. (rIR:aIR:PR = 11070:11020:11021) (tPR = 163632) [OK] 
  6633s: Performance info:
         Transaction,    Success,    Partial,     Failed,   Receipts, AvgBarcode, 
             Overall,     661944,          0,          0,     628512,      59.48, 
         Response times:
             Request,    Success,    Partial,     Failed,   SkipFail,     Probes,    Samples,      min,      p50,      p90,      p95,      p99,      max, 
       TotalPurchase,     628497,          0,          0,          0,     353144,     416296,      300,     9500,    77000,   131000,   214000,  2400000,
     InStorePurchase,     331390,          0,          0,          0,     185258,     218665,      300,     9500,    77000,   129000,   211000,  2400000,
      OnlinePurchase,     231039,          0,          0,          0,     130333,     153310,      300,     9500,    78000,   135000,   215000,  2400000,
        InstPurchase,      66068,          0,          0,          0,      37553,      44321,      500,     9600,    72000,   130000,   222000,  2400000,
          AssocOfCat,        666,          0,          0,          0,        553,        764,    24000,    60000,   131000,   198500,   293450,   506000,
      AssocOfProduct,       6646,          0,          0,          0,       3934,       4876,      700,     9200,    76300,   125150,   218230,   660000,
      BusinessReport,       1655,          0,          0,          0,       1477,       1889,    31000,    73000,   159000,   222500,   321200,   558000,
          CustBuyBeh,       6702,          0,          0,          0,       3905,       4777,      200,     9200,    70000,   122000,   216880,  1100000,
       ProductReturn,      17759,          0,          0,          0,       9969,      11864,      200,     8900,    71000,   127000,   215000,  2400000,

  6633s: (81%)   IR =  11208 ..[6635.734s][info][gc,start       ] GC(1101) Pause Young (Normal) (G1 Evacuation Pause)
[6635.734s][info][gc,task        ] GC(1101) Using 8 workers of 8 for evacuation
[6635.887s][info][gc,phases      ] GC(1101)   Pre Evacuate Collection Set: 0.22ms
[6635.887s][info][gc,phases      ] GC(1101)   Merge Heap Roots: 0.55ms
[6635.887s][info][gc,phases      ] GC(1101)   Evacuate Collection Set: 150.49ms
[6635.887s][info][gc,phases      ] GC(1101)   Post Evacuate Collection Set: 1.11ms
[6635.887s][info][gc,phases      ] GC(1101)   Other: 0.06ms
[6635.887s][info][gc,heap        ] GC(1101) Eden regions: 571->0(571)
[6635.887s][info][gc,heap        ] GC(1101) Survivor regions: 43->43(77)
[6635.887s][info][gc,heap        ] GC(1101) Old regions: 186->193
[6635.887s][info][gc,heap        ] GC(1101) Humongous regions: 33->33
[6635.887s][info][gc,metaspace   ] GC(1101) Metaspace: 30020K(30528K)->30020K(30528K) NonClass: 26619K(26880K)->26619K(26880K) Class: 3400K(3648K)->3400K(3648K)
[6635.887s][info][gc             ] GC(1101) Pause Young (Normal) (G1 Evacuation Pause) 6651M->2139M(8192M) 152.564ms
[6635.887s][info][gc,cpu         ] GC(1101) User=1.21s Sys=0.00s Real=0.16s
..|.[6639.138s][info][gc,start       ] GC(1102) Pause Young (Normal) (G1 Evacuation Pause)
[6639.138s][info][gc,task        ] GC(1102) Using 8 workers of 8 for evacuation
[6639.288s][info][gc,phases      ] GC(1102)   Pre Evacuate Collection Set: 0.23ms
[6639.288s][info][gc,phases      ] GC(1102)   Merge Heap Roots: 0.57ms
[6639.288s][info][gc,phases      ] GC(1102)   Evacuate Collection Set: 148.24ms
[6639.288s][info][gc,phases      ] GC(1102)   Post Evacuate Collection Set: 1.09ms
[6639.288s][info][gc,phases      ] GC(1102)   Other: 0.06ms
[6639.288s][info][gc,heap        ] GC(1102) Eden regions: 571->0(571)
[6639.288s][info][gc,heap        ] GC(1102) Survivor regions: 43->43(77)
[6639.288s][info][gc,heap        ] GC(1102) Old regions: 193->200
[6639.288s][info][gc,heap        ] GC(1102) Humongous regions: 33->33
[6639.288s][info][gc,metaspace   ] GC(1102) Metaspace: 30020K(30528K)->30020K(30528K) NonClass: 26619K(26880K)->26619K(26880K) Class: 3400K(3648K)->3400K(3648K)
[6639.288s][info][gc             ] GC(1102) Pause Young (Normal) (G1 Evacuation Pause) 6707M->2195M(8192M) 150.343ms
[6639.288s][info][gc,cpu         ] GC(1102) User=1.19s Sys=0.00s Real=0.15s
...[6642.580s][info][gc,start       ] GC(1103) Pause Young (Normal) (G1 Evacuation Pause)
[6642.580s][info][gc,task        ] GC(1103) Using 8 workers of 8 for evacuation
[6642.735s][info][gc,phases      ] GC(1103)   Pre Evacuate Collection Set: 0.22ms
[6642.736s][info][gc,phases      ] GC(1103)   Merge Heap Roots: 0.53ms
[6642.736s][info][gc,phases      ] GC(1103)   Evacuate Collection Set: 153.47ms
[6642.736s][info][gc,phases      ] GC(1103)   Post Evacuate Collection Set: 1.04ms
[6642.736s][info][gc,phases      ] GC(1103)   Other: 0.06ms
[6642.736s][info][gc,heap        ] GC(1103) Eden regions: 571->0(570)
[6642.736s][info][gc,heap        ] GC(1103) Survivor regions: 43->44(77)
[6642.736s][info][gc,heap        ] GC(1103) Old regions: 200->208
[6642.736s][info][gc,heap        ] GC(1103) Humongous regions: 33->33
[6642.736s][info][gc,metaspace   ] GC(1103) Metaspace: 30020K(30528K)->30020K(30528K) NonClass: 26619K(26880K)->26619K(26880K) Class: 3400K(3648K)->3400K(3648K)
[6642.736s][info][gc             ] GC(1103) Pause Young (Normal) (G1 Evacuation Pause) 6763M->2262M(8192M) 155.461ms
[6642.736s][info][gc,cpu         ] GC(1103) User=1.23s Sys=0.00s Real=0.15s
....[6645.928s][info][gc,start       ] GC(1104) Pause Young (Normal) (G1 Evacuation Pause)
[6645.928s][info][gc,task        ] GC(1104) Using 8 workers of 8 for evacuation
[6646.080s][info][gc,phases      ] GC(1104)   Pre Evacuate Collection Set: 0.23ms
[6646.080s][info][gc,phases      ] GC(1104)   Merge Heap Roots: 0.53ms
[6646.080s][info][gc,phases      ] GC(1104)   Evacuate Collection Set: 150.53ms
[6646.080s][info][gc,phases      ] GC(1104)   Post Evacuate Collection Set: 1.04ms
[6646.080s][info][gc,phases      ] GC(1104)   Other: 0.06ms
[6646.080s][info][gc,heap        ] GC(1104) Eden regions: 570->0(571)
[6646.080s][info][gc,heap        ] GC(1104) Survivor regions: 44->43(77)
[6646.080s][info][gc,heap        ] GC(1104) Old regions: 208->215
[6646.080s][info][gc,heap        ] GC(1104) Humongous regions: 33->33
[6646.080s][info][gc,metaspace   ] GC(1104) Metaspace: 30020K(30528K)->30020K(30528K) NonClass: 26619K(26880K)->26619K(26880K) Class: 3400K(3648K)->3400K(3648K)
[6646.080s][info][gc             ] GC(1104) Pause Young (Normal) (G1 Evacuation Pause) 6822M->2311M(8192M) 152.510ms
[6646.080s][info][gc,cpu         ] GC(1104) User=1.21s Sys=0.00s Real=0.15s
...[6649.305s][info][gc,start       ] GC(1105) Pause Young (Normal) (G1 Evacuation Pause)
[6649.305s][info][gc,task        ] GC(1105) Using 8 workers of 8 for evacuation
[6649.459s][info][gc,phases      ] GC(1105)   Pre Evacuate Collection Set: 0.23ms
[6649.459s][info][gc,phases      ] GC(1105)   Merge Heap Roots: 0.54ms
[6649.459s][info][gc,phases      ] GC(1105)   Evacuate Collection Set: 152.03ms
[6649.459s][info][gc,phases      ] GC(1105)   Post Evacuate Collection Set: 1.08ms
[6649.459s][info][gc,phases      ] GC(1105)   Other: 0.06ms
[6649.459s][info][gc,heap        ] GC(1105) Eden regions: 571->0(570)
[6649.459s][info][gc,heap        ] GC(1105) Survivor regions: 43->44(77)
[6649.459s][info][gc,heap        ] GC(1105) Old regions: 215->222
[6649.459s][info][gc,heap        ] GC(1105) Humongous regions: 33->33
[6649.459s][info][gc,metaspace   ] GC(1105) Metaspace: 30020K(30528K)->30020K(30528K) NonClass: 26619K(26880K)->26619K(26880K) Class: 3400K(3648K)->3400K(3648K)
[6649.459s][info][gc             ] GC(1105) Pause Young (Normal) (G1 Evacuation Pause) 6879M->2371M(8192M) 154.072ms
[6649.459s][info][gc,cpu         ] GC(1105) User=1.22s Sys=0.00s Real=0.16s
...[6652.659s][info][gc,start       ] GC(1106) Pause Young (Normal) (G1 Evacuation Pause)
[6652.659s][info][gc,task        ] GC(1106) Using 8 workers of 8 for evacuation
[6652.816s][info][gc,phases      ] GC(1106)   Pre Evacuate Collection Set: 0.23ms
[6652.816s][info][gc,phases      ] GC(1106)   Merge Heap Roots: 0.54ms
[6652.816s][info][gc,phases      ] GC(1106)   Evacuate Collection Set: 155.00ms
[6652.816s][info][gc,phases      ] GC(1106)   Post Evacuate Collection Set: 1.04ms
[6652.816s][info][gc,phases      ] GC(1106)   Other: 0.07ms
[6652.816s][info][gc,heap        ] GC(1106) Eden regions: 570->0(570)
[6652.816s][info][gc,heap        ] GC(1106) Survivor regions: 44->44(77)
[6652.816s][info][gc,heap        ] GC(1106) Old regions: 222->229
[6652.816s][info][gc,heap        ] GC(1106) Humongous regions: 33->33
[6652.816s][info][gc,metaspace   ] GC(1106) Metaspace: 30020K(30528K)->30020K(30528K) NonClass: 26619K(26880K)->26619K(26880K) Class: 3400K(3648K)->3400K(3648K)
[6652.816s][info][gc             ] GC(1106) Pause Young (Normal) (G1 Evacuation Pause) 6931M->2433M(8192M) 157.005ms
[6652.816s][info][gc,cpu         ] GC(1106) User=1.25s Sys=0.00s Real=0.16s
....[6656.108s][info][gc,start       ] GC(1107) Pause Young (Normal) (G1 Evacuation Pause)
[6656.108s][info][gc,task        ] GC(1107) Using 8 workers of 8 for evacuation
[6656.261s][info][gc,phases      ] GC(1107)   Pre Evacuate Collection Set: 0.23ms
[6656.261s][info][gc,phases      ] GC(1107)   Merge Heap Roots: 0.57ms
[6656.261s][info][gc,phases      ] GC(1107)   Evacuate Collection Set: 151.43ms
[6656.261s][info][gc,phases      ] GC(1107)   Post Evacuate Collection Set: 1.04ms
[6656.261s][info][gc,phases      ] GC(1107)   Other: 0.06ms
[6656.261s][info][gc,heap        ] GC(1107) Eden regions: 570->0(571)
[6656.261s][info][gc,heap        ] GC(1107) Survivor regions: 44->43(77)
[6656.261s][info][gc,heap        ] GC(1107) Old regions: 229->236
[6656.261s][info][gc,heap        ] GC(1107) Humongous regions: 33->33
[6656.261s][info][gc,metaspace   ] GC(1107) Metaspace: 30020K(30528K)->30020K(30528K) NonClass: 26619K(26880K)->26619K(26880K) Class: 3400K(3648K)->3400K(3648K)
[6656.261s][info][gc             ] GC(1107) Pause Young (Normal) (G1 Evacuation Pause) 6993M->2481M(8192M) 153.458ms
[6656.262s][info][gc,cpu         ] GC(1107) User=1.21s Sys=0.00s Real=0.15s
...[6659.425s][info][gc,start       ] GC(1108) Pause Young (Normal) (G1 Evacuation Pause)
[6659.425s][info][gc,task        ] GC(1108) Using 8 workers of 8 for evacuation
[6659.579s][info][gc,phases      ] GC(1108)   Pre Evacuate Collection Set: 0.22ms
[6659.579s][info][gc,phases      ] GC(1108)   Merge Heap Roots: 0.60ms
[6659.579s][info][gc,phases      ] GC(1108)   Evacuate Collection Set: 151.99ms
[6659.579s][info][gc,phases      ] GC(1108)   Post Evacuate Collection Set: 1.07ms
[6659.579s][info][gc,phases      ] GC(1108)   Other: 0.06ms
[6659.579s][info][gc,heap        ] GC(1108) Eden regions: 571->0(570)
[6659.579s][info][gc,heap        ] GC(1108) Survivor regions: 43->44(77)
[6659.579s][info][gc,heap        ] GC(1108) Old regions: 236->243
[6659.579s][info][gc,heap        ] GC(1108) Humongous regions: 33->33
[6659.579s][info][gc,metaspace   ] GC(1108) Metaspace: 30020K(30528K)->30020K(30528K) NonClass: 26619K(26880K)->26619K(26880K) Class: 3400K(3648K)->3400K(3648K)
[6659.579s][info][gc             ] GC(1108) Pause Young (Normal) (G1 Evacuation Pause) 7049M->2543M(8192M) 154.081ms
[6659.579s][info][gc,cpu         ] GC(1108) User=1.21s Sys=0.00s Real=0.16s
....[6662.878s][info][gc,start       ] GC(1109) Pause Young (Normal) (G1 Evacuation Pause)
[6662.878s][info][gc,task        ] GC(1109) Using 8 workers of 8 for evacuation
[6663.033s][info][gc,phases      ] GC(1109)   Pre Evacuate Collection Set: 0.21ms
[6663.033s][info][gc,phases      ] GC(1109)   Merge Heap Roots: 0.53ms
[6663.033s][info][gc,phases      ] GC(1109)   Evacuate Collection Set: 153.06ms
[6663.033s][info][gc,phases      ] GC(1109)   Post Evacuate Collection Set: 1.06ms
[6663.033s][info][gc,phases      ] GC(1109)   Other: 0.08ms
[6663.033s][info][gc,heap        ] GC(1109) Eden regions: 570->0(570)
[6663.033s][info][gc,heap        ] GC(1109) Survivor regions: 44->44(77)
[6663.033s][info][gc,heap        ] GC(1109) Old regions: 243->251
[6663.033s][info][gc,heap        ] GC(1109) Humongous regions: 33->33
[6663.033s][info][gc,metaspace   ] GC(1109) Metaspace: 30020K(30528K)->30020K(30528K) NonClass: 26619K(26880K)->26619K(26880K) Class: 3400K(3648K)->3400K(3648K)
[6663.033s][info][gc             ] GC(1109) Pause Young (Normal) (G1 Evacuation Pause) 7103M->2605M(8192M) 155.077ms
[6663.033s][info][gc,cpu         ] GC(1109) User=1.23s Sys=0.00s Real=0.15s
...[6666.200s][info][gc,start       ] GC(1110) Pause Young (Normal) (G1 Evacuation Pause)
[6666.200s][info][gc,task        ] GC(1110) Using 8 workers of 8 for evacuation
[6666.354s][info][gc,phases      ] GC(1110)   Pre Evacuate Collection Set: 0.25ms
[6666.354s][info][gc,phases      ] GC(1110)   Merge Heap Roots: 0.60ms
[6666.354s][info][gc,phases      ] GC(1110)   Evacuate Collection Set: 151.95ms
[6666.354s][info][gc,phases      ] GC(1110)   Post Evacuate Collection Set: 1.04ms
[6666.354s][info][gc,phases      ] GC(1110)   Other: 0.07ms
[6666.354s][info][gc,heap        ] GC(1110) Eden regions: 570->0(571)
[6666.354s][info][gc,heap        ] GC(1110) Survivor regions: 44->43(77)
[6666.354s][info][gc,heap        ] GC(1110) Old regions: 251->258
[6666.354s][info][gc,heap        ] GC(1110) Humongous regions: 33->33
[6666.354s][info][gc,metaspace   ] GC(1110) Metaspace: 30020K(30528K)->30020K(30528K) NonClass: 26619K(26880K)->26619K(26880K) Class: 3400K(3648K)->3400K(3648K)
[6666.354s][info][gc             ] GC(1110) Pause Young (Normal) (G1 Evacuation Pause) 7165M->2658M(8192M) 154.035ms
[6666.354s][info][gc,cpu         ] GC(1110) User=1.22s Sys=0.00s Real=0.15s
...[6669.579s][info][gc,start       ] GC(1111) Pause Young (Normal) (G1 Evacuation Pause)
[6669.579s][info][gc,task        ] GC(1111) Using 8 workers of 8 for evacuation
[6669.733s][info][gc,phases      ] GC(1111)   Pre Evacuate Collection Set: 0.24ms
[6669.733s][info][gc,phases      ] GC(1111)   Merge Heap Roots: 0.55ms
[6669.733s][info][gc,phases      ] GC(1111)   Evacuate Collection Set: 151.99ms
[6669.733s][info][gc,phases      ] GC(1111)   Post Evacuate Collection Set: 1.04ms
[6669.733s][info][gc,phases      ] GC(1111)   Other: 0.06ms
[6669.733s][info][gc,heap        ] GC(1111) Eden regions: 571->0(570)
[6669.733s][info][gc,heap        ] GC(1111) Survivor regions: 43->44(77)
[6669.733s][info][gc,heap        ] GC(1111) Old regions: 258->265
[6669.733s][info][gc,heap        ] GC(1111) Humongous regions: 33->33
[6669.733s][info][gc,metaspace   ] GC(1111) Metaspace: 30020K(30528K)->30020K(30528K) NonClass: 26619K(26880K)->26619K(26880K) Class: 3400K(3648K)->3400K(3648K)
[6669.733s][info][gc             ] GC(1111) Pause Young (Normal) (G1 Evacuation Pause) 7226M->2723M(8192M) 154.020ms
[6669.733s][info][gc,cpu         ] GC(1111) User=1.22s Sys=0.00s Real=0.15s
....[6672.994s][info][gc,start       ] GC(1112) Pause Young (Normal) (G1 Evacuation Pause)
[6672.994s][info][gc,task        ] GC(1112) Using 8 workers of 8 for evacuation
[6673.148s][info][gc,phases      ] GC(1112)   Pre Evacuate Collection Set: 0.22ms
[6673.148s][info][gc,phases      ] GC(1112)   Merge Heap Roots: 0.55ms
[6673.148s][info][gc,phases      ] GC(1112)   Evacuate Collection Set: 152.47ms
[6673.148s][info][gc,phases      ] GC(1112)   Post Evacuate Collection Set: 1.06ms
[6673.148s][info][gc,phases      ] GC(1112)   Other: 0.06ms
[6673.148s][info][gc,heap        ] GC(1112) Eden regions: 570->0(570)
[6673.148s][info][gc,heap        ] GC(1112) Survivor regions: 44->44(77)
[6673.148s][info][gc,heap        ] GC(1112) Old regions: 265->272
[6673.148s][info][gc,heap        ] GC(1112) Humongous regions: 33->33
[6673.148s][info][gc,metaspace   ] GC(1112) Metaspace: 30020K(30528K)->30020K(30528K) NonClass: 26619K(26880K)->26619K(26880K) Class: 3400K(3648K)->3400K(3648K)
[6673.148s][info][gc             ] GC(1112) Pause Young (Normal) (G1 Evacuation Pause) 7283M->2775M(8192M) 154.487ms
[6673.148s][info][gc,cpu         ] GC(1112) User=1.22s Sys=0.00s Real=0.16s
...[6676.442s][info][gc,start       ] GC(1113) Pause Young (Normal) (G1 Evacuation Pause)
[6676.442s][info][gc,task        ] GC(1113) Using 8 workers of 8 for evacuation
[6676.592s][info][gc,phases      ] GC(1113)   Pre Evacuate Collection Set: 0.25ms
[6676.592s][info][gc,phases      ] GC(1113)   Merge Heap Roots: 0.59ms
[6676.592s][info][gc,phases      ] GC(1113)   Evacuate Collection Set: 148.05ms
[6676.592s][info][gc,phases      ] GC(1113)   Post Evacuate Collection Set: 1.09ms
[6676.592s][info][gc,phases      ] GC(1113)   Other: 0.06ms
[6676.592s][info][gc,heap        ] GC(1113) Eden regions: 570->0(571)
[6676.592s][info][gc,heap        ] GC(1113) Survivor regions: 44->43(77)
[6676.592s][info][gc,heap        ] GC(1113) Old regions: 272->280
[6676.592s][info][gc,heap        ] GC(1113) Humongous regions: 33->33
[6676.592s][info][gc,metaspace   ] GC(1113) Metaspace: 30020K(30528K)->30020K(30528K) NonClass: 26619K(26880K)->26619K(26880K) Class: 3400K(3648K)->3400K(3648K)
[6676.592s][info][gc             ] GC(1113) Pause Young (Normal) (G1 Evacuation Pause) 7335M->2825M(8192M) 150.169ms
[6676.592s][info][gc,cpu         ] GC(1113) User=1.19s Sys=0.00s Real=0.15s
....[6679.854s][info][gc,start       ] GC(1114) Pause Young (Normal) (G1 Evacuation Pause)
[6679.854s][info][gc,task        ] GC(1114) Using 8 workers of 8 for evacuation
[6680.016s][info][gc,phases      ] GC(1114)   Pre Evacuate Collection Set: 0.23ms
[6680.016s][info][gc,phases      ] GC(1114)   Merge Heap Roots: 0.55ms
[6680.016s][info][gc,phases      ] GC(1114)   Evacuate Collection Set: 160.64ms
[6680.016s][info][gc,phases      ] GC(1114)   Post Evacuate Collection Set: 1.05ms
[6680.016s][info][gc,phases      ] GC(1114)   Other: 0.06ms
[6680.016s][info][gc,heap        ] GC(1114) Eden regions: 571->0(562)
[6680.016s][info][gc,heap        ] GC(1114) Survivor regions: 43->45(77)
[6680.016s][info][gc,heap        ] GC(1114) Old regions: 280->287
[6680.016s][info][gc,heap        ] GC(1114) Humongous regions: 33->33
[6680.016s][info][gc,metaspace   ] GC(1114) Metaspace: 30020K(30528K)->30020K(30528K) NonClass: 26619K(26880K)->26619K(26880K) Class: 3400K(3648K)->3400K(3648K)
[6680.016s][info][gc             ] GC(1114) Pause Young (Normal) (G1 Evacuation Pause) 7393M->2903M(8192M) 162.654ms
[6680.016s][info][gc,cpu         ] GC(1114) User=1.29s Sys=0.00s Real=0.17s
...[6683.227s][info][gc,start       ] GC(1115) Pause Young (Normal) (G1 Evacuation Pause)
[6683.227s][info][gc,task        ] GC(1115) Using 8 workers of 8 for evacuation
[6683.381s][info][gc,phases      ] GC(1115)   Pre Evacuate Collection Set: 0.20ms
[6683.381s][info][gc,phases      ] GC(1115)   Merge Heap Roots: 0.54ms
[6683.381s][info][gc,phases      ] GC(1115)   Evacuate Collection Set: 151.48ms
[6683.381s][info][gc,phases      ] GC(1115)   Post Evacuate Collection Set: 1.07ms
[6683.381s][info][gc,phases      ] GC(1115)   Other: 0.07ms
[6683.381s][info][gc,heap        ] GC(1115) Eden regions: 562->0(559)
[6683.381s][info][gc,heap        ] GC(1115) Survivor regions: 45->43(76)
[6683.381s][info][gc,heap        ] GC(1115) Old regions: 287->294
[6683.381s][info][gc,heap        ] GC(1115) Humongous regions: 33->33
[6683.381s][info][gc,metaspace   ] GC(1115) Metaspace: 30020K(30528K)->30020K(30528K) NonClass: 26619K(26880K)->26619K(26880K) Class: 3400K(3648K)->3400K(3648K)
[6683.381s][info][gc             ] GC(1115) Pause Young (Normal) (G1 Evacuation Pause) 7399M->2946M(8192M) 153.471ms
[6683.381s][info][gc,cpu         ] GC(1115) User=1.22s Sys=0.00s Real=0.15s
...[6686.487s][info][gc,start       ] GC(1116) Pause Young (Normal) (G1 Evacuation Pause)
[6686.487s][info][gc,task        ] GC(1116) Using 8 workers of 8 for evacuation
[6686.642s][info][gc,phases      ] GC(1116)   Pre Evacuate Collection Set: 0.23ms
[6686.642s][info][gc,phases      ] GC(1116)   Merge Heap Roots: 0.53ms
[6686.642s][info][gc,phases      ] GC(1116)   Evacuate Collection Set: 153.44ms
[6686.642s][info][gc,phases      ] GC(1116)   Post Evacuate Collection Set: 1.02ms
[6686.642s][info][gc,phases      ] GC(1116)   Other: 0.06ms
[6686.642s][info][gc,heap        ] GC(1116) Eden regions: 559->0(551)
[6686.642s][info][gc,heap        ] GC(1116) Survivor regions: 43->43(76)
[6686.642s][info][gc,heap        ] GC(1116) Old regions: 294->302
[6686.642s][info][gc,heap        ] GC(1116) Humongous regions: 33->33
[6686.642s][info][gc,metaspace   ] GC(1116) Metaspace: 30020K(30528K)->30020K(30528K) NonClass: 26619K(26880K)->26619K(26880K) Class: 3400K(3648K)->3400K(3648K)
[6686.642s][info][gc             ] GC(1116) Pause Young (Normal) (G1 Evacuation Pause) 7418M->3006M(8192M) 155.433ms
[6686.642s][info][gc,cpu         ] GC(1116) User=1.23s Sys=0.00s Real=0.15s
....[6689.857s][info][gc,start       ] GC(1117) Pause Young (Concurrent Start) (G1 Evacuation Pause)
[6689.857s][info][gc,task        ] GC(1117) Using 8 workers of 8 for evacuation
[6690.012s][info][gc,phases      ] GC(1117)   Pre Evacuate Collection Set: 0.27ms
[6690.012s][info][gc,phases      ] GC(1117)   Merge Heap Roots: 0.62ms
[6690.012s][info][gc,phases      ] GC(1117)   Evacuate Collection Set: 153.63ms
[6690.012s][info][gc,phases      ] GC(1117)   Post Evacuate Collection Set: 1.05ms
[6690.012s][info][gc,phases      ] GC(1117)   Other: 0.09ms
[6690.012s][info][gc,heap        ] GC(1117) Eden regions: 551->0(544)
[6690.012s][info][gc,heap        ] GC(1117) Survivor regions: 43->43(75)
[6690.012s][info][gc,heap        ] GC(1117) Old regions: 302->309
[6690.012s][info][gc,heap        ] GC(1117) Humongous regions: 33->33
[6690.012s][info][gc,metaspace   ] GC(1117) Metaspace: 30020K(30528K)->30020K(30528K) NonClass: 26619K(26880K)->26619K(26880K) Class: 3400K(3648K)->3400K(3648K)
[6690.012s][info][gc             ] GC(1117) Pause Young (Concurrent Start) (G1 Evacuation Pause) 7414M->3066M(8192M) 155.799ms
[6690.012s][info][gc             ] GC(1118) Concurrent Mark Cycle
[6690.012s][info][gc,marking     ] GC(1118) Concurrent Scan Root Regions
[6690.012s][info][gc,cpu         ] GC(1117) User=1.23s Sys=0.00s Real=0.15s
[6690.369s][info][gc,marking     ] GC(1118) Concurrent Scan Root Regions 356.344ms
[6690.369s][info][gc,marking     ] GC(1118) Concurrent Mark
[6690.369s][info][gc,marking     ] GC(1118) Concurrent Mark From Roots
[6690.369s][info][gc,task        ] GC(1118) Using 2 workers of 2 for marking
..[6691.899s][info][gc,marking     ] GC(1118) Concurrent Mark From Roots 1530.321ms
[6691.899s][info][gc,marking     ] GC(1118) Concurrent Preclean
[6691.899s][info][gc,marking     ] GC(1118) Concurrent Preclean 0.144ms
[6691.899s][info][gc,start       ] GC(1118) Pause Remark
[6691.902s][info][gc             ] GC(1118) Pause Remark 5384M->4872M(8192M) 2.173ms
[6691.902s][info][gc,cpu         ] GC(1118) User=0.02s Sys=0.00s Real=0.00s
[6691.902s][info][gc,marking     ] GC(1118) Concurrent Mark 1532.950ms
[6691.902s][info][gc,marking     ] GC(1118) Concurrent Rebuild Remembered Sets and Scrub Regions
[6692.830s][info][gc,marking     ] GC(1118) Concurrent Rebuild Remembered Sets and Scrub Regions 928.514ms
[6692.831s][info][gc,start       ] GC(1118) Pause Cleanup
[6692.831s][info][gc             ] GC(1118) Pause Cleanup 6166M->6166M(8192M) 0.265ms
[6692.831s][info][gc,cpu         ] GC(1118) User=0.00s Sys=0.00s Real=0.00s
[6692.831s][info][gc,marking     ] GC(1118) Concurrent Clear Claimed Marks
[6692.831s][info][gc,marking     ] GC(1118) Concurrent Clear Claimed Marks 0.047ms
[6692.831s][info][gc,marking     ] GC(1118) Concurrent Cleanup for Next Mark
.[6692.842s][info][gc,marking     ] GC(1118) Concurrent Cleanup for Next Mark 10.655ms
[6692.842s][info][gc             ] GC(1118) Concurrent Mark Cycle 2829.205ms
[6693.283s][info][gc,start       ] GC(1119) Pause Young (Prepare Mixed) (G1 Evacuation Pause)
[6693.283s][info][gc,task        ] GC(1119) Using 8 workers of 8 for evacuation
[6693.437s][info][gc,phases      ] GC(1119)   Pre Evacuate Collection Set: 0.22ms
[6693.437s][info][gc,phases      ] GC(1119)   Merge Heap Roots: 0.79ms
[6693.437s][info][gc,phases      ] GC(1119)   Evacuate Collection Set: 152.17ms
[6693.437s][info][gc,phases      ] GC(1119)   Post Evacuate Collection Set: 1.15ms
[6693.437s][info][gc,phases      ] GC(1119)   Other: 0.06ms
[6693.437s][info][gc,heap        ] GC(1119) Eden regions: 544->0(570)
[6693.437s][info][gc,heap        ] GC(1119) Survivor regions: 43->44(74)
[6693.437s][info][gc,heap        ] GC(1119) Old regions: 245->253
[6693.437s][info][gc,heap        ] GC(1119) Humongous regions: 33->33
[6693.437s][info][gc,metaspace   ] GC(1119) Metaspace: 30020K(30528K)->30020K(30528K) NonClass: 26619K(26880K)->26619K(26880K) Class: 3400K(3648K)->3400K(3648K)
[6693.437s][info][gc             ] GC(1119) Pause Young (Prepare Mixed) (G1 Evacuation Pause) 6906M->2626M(8192M) 154.524ms
[6693.437s][info][gc,cpu         ] GC(1119) User=1.22s Sys=0.00s Real=0.16s
...[6696.520s][info][gc,start       ] GC(1120) Pause Young (Mixed) (G1 Evacuation Pause)
[6696.520s][info][gc,task        ] GC(1120) Using 8 workers of 8 for evacuation
[6696.678s][info][gc,phases      ] GC(1120)   Pre Evacuate Collection Set: 0.28ms
[6696.678s][info][gc,phases      ] GC(1120)   Merge Heap Roots: 0.79ms
[6696.678s][info][gc,phases      ] GC(1120)   Evacuate Collection Set: 154.80ms
[6696.678s][info][gc,phases      ] GC(1120)   Post Evacuate Collection Set: 1.26ms
[6696.678s][info][gc,phases      ] GC(1120)   Other: 0.07ms
[6696.678s][info][gc,heap        ] GC(1120) Eden regions: 570->0(571)
[6696.678s][info][gc,heap        ] GC(1120) Survivor regions: 44->43(77)
[6696.678s][info][gc,heap        ] GC(1120) Old regions: 253->159
[6696.678s][info][gc,heap        ] GC(1120) Humongous regions: 33->33
[6696.678s][info][gc,metaspace   ] GC(1120) Metaspace: 30020K(30528K)->30020K(30528K) NonClass: 26619K(26880K)->26619K(26880K) Class: 3400K(3648K)->3400K(3648K)
[6696.678s][info][gc             ] GC(1120) Pause Young (Mixed) (G1 Evacuation Pause) 7186M->1861M(8192M) 157.355ms
[6696.678s][info][gc,cpu         ] GC(1120) User=1.25s Sys=0.00s Real=0.16s
.. (rIR:aIR:PR = 11208:11257:11257) (tPR = 166952) [OK] 
  6697s: Performance info:
         Transaction,    Success,    Partial,     Failed,   Receipts, AvgBarcode, 
             Overall,     678163,          0,          0,     644130,      59.48, 
         Response times:
             Request,    Success,    Partial,     Failed,   SkipFail,     Probes,    Samples,      min,      p50,      p90,      p95,      p99,      max, 
       TotalPurchase,     644130,          0,          0,          0,     353231,     384478,      300,     9900,    73000,   109000,   194000,  1900000,
     InStorePurchase,     338836,          0,          0,          0,     185631,     202578,      300,     9800,    72000,   109000,   194000,  1900000,
      OnlinePurchase,     237242,          0,          0,          0,     130170,     141452,      300,    10000,    73000,   110000,   195000,  1900000,
        InstPurchase,      68052,          0,          0,          0,      37430,      40448,      500,     9900,    74000,   109000,   193000,  1700000,
          AssocOfCat,        670,          0,          0,          0,        559,        706,    32000,    62000,   127000,   176900,   234790,   305000,
      AssocOfProduct,       6771,          0,          0,          0,       4024,       4522,      600,    10000,    75000,   112000,   188770,  1600000,
      BusinessReport,       1693,          0,          0,          0,       1483,       1684,    32000,    73000,   160000,   214750,   284200,   492000,
          CustBuyBeh,       6669,          0,          0,          0,       4024,       4568,      300,    10200,    74000,   112000,   220310,  1300000,
       ProductReturn,      18230,          0,          0,          0,       9985,      11024,      300,     9600,    72000,   110000,   202000,   760000,

  6697s: (82%)   IR =  11346 ..[6699.998s][info][gc,start       ] GC(1121) Pause Young (Mixed) (G1 Evacuation Pause)
[6699.998s][info][gc,task        ] GC(1121) Using 8 workers of 8 for evacuation
[6700.153s][info][gc,phases      ] GC(1121)   Pre Evacuate Collection Set: 0.27ms
[6700.153s][info][gc,phases      ] GC(1121)   Merge Heap Roots: 0.83ms
[6700.154s][info][gc,phases      ] GC(1121)   Evacuate Collection Set: 153.61ms
[6700.154s][info][gc,phases      ] GC(1121)   Post Evacuate Collection Set: 1.08ms
[6700.154s][info][gc,phases      ] GC(1121)   Other: 0.06ms
[6700.154s][info][gc,heap        ] GC(1121) Eden regions: 571->0(572)
[6700.154s][info][gc,heap        ] GC(1121) Survivor regions: 43->42(77)
[6700.154s][info][gc,heap        ] GC(1121) Old regions: 159->144
[6700.154s][info][gc,heap        ] GC(1121) Humongous regions: 33->33
[6700.154s][info][gc,metaspace   ] GC(1121) Metaspace: 30020K(30528K)->30020K(30528K) NonClass: 26619K(26880K)->26619K(26880K) Class: 3400K(3648K)->3400K(3648K)
[6700.154s][info][gc             ] GC(1121) Pause Young (Mixed) (G1 Evacuation Pause) 6429M->1735M(8192M) 155.999ms
[6700.154s][info][gc,cpu         ] GC(1121) User=1.24s Sys=0.00s Real=0.15s
...[6703.361s][info][gc,start       ] GC(1122) Pause Young (Normal) (G1 Evacuation Pause)
[6703.361s][info][gc,task        ] GC(1122) Using 8 workers of 8 for evacuation
[6703.519s][info][gc,phases      ] GC(1122)   Pre Evacuate Collection Set: 0.22ms
[6703.519s][info][gc,phases      ] GC(1122)   Merge Heap Roots: 0.54ms
[6703.519s][info][gc,phases      ] GC(1122)   Evacuate Collection Set: 156.18ms
[6703.519s][info][gc,phases      ] GC(1122)   Post Evacuate Collection Set: 1.13ms
[6703.519s][info][gc,phases      ] GC(1122)   Other: 0.06ms
[6703.519s][info][gc,heap        ] GC(1122) Eden regions: 572->0(570)
[6703.519s][info][gc,heap        ] GC(1122) Survivor regions: 42->44(77)
[6703.519s][info][gc,heap        ] GC(1122) Old regions: 144->152
[6703.519s][info][gc,heap        ] GC(1122) Humongous regions: 33->33
[6703.519s][info][gc,metaspace   ] GC(1122) Metaspace: 30020K(30528K)->30020K(30528K) NonClass: 26619K(26880K)->26619K(26880K) Class: 3400K(3648K)->3400K(3648K)
[6703.519s][info][gc             ] GC(1122) Pause Young (Normal) (G1 Evacuation Pause) 6311M->1809M(8192M) 158.260ms
[6703.519s][info][gc,cpu         ] GC(1122) User=1.26s Sys=0.00s Real=0.16s
...[6706.824s][info][gc,start       ] GC(1123) Pause Young (Normal) (G1 Evacuation Pause)
[6706.824s][info][gc,task        ] GC(1123) Using 8 workers of 8 for evacuation
[6706.981s][info][gc,phases      ] GC(1123)   Pre Evacuate Collection Set: 0.21ms
[6706.981s][info][gc,phases      ] GC(1123)   Merge Heap Roots: 0.52ms
[6706.981s][info][gc,phases      ] GC(1123)   Evacuate Collection Set: 155.80ms
[6706.981s][info][gc,phases      ] GC(1123)   Post Evacuate Collection Set: 1.04ms
[6706.981s][info][gc,phases      ] GC(1123)   Other: 0.06ms
[6706.981s][info][gc,heap        ] GC(1123) Eden regions: 570->0(569)
[6706.981s][info][gc,heap        ] GC(1123) Survivor regions: 44->45(77)
[6706.981s][info][gc,heap        ] GC(1123) Old regions: 152->159
[6706.981s][info][gc,heap        ] GC(1123) Humongous regions: 33->33
[6706.981s][info][gc,metaspace   ] GC(1123) Metaspace: 30020K(30528K)->30020K(30528K) NonClass: 26619K(26880K)->26619K(26880K) Class: 3400K(3648K)->3400K(3648K)
[6706.981s][info][gc             ] GC(1123) Pause Young (Normal) (G1 Evacuation Pause) 6369M->1873M(8192M) 157.761ms
[6706.981s][info][gc,cpu         ] GC(1123) User=1.24s Sys=0.00s Real=0.16s
....[6710.180s][info][gc,start       ] GC(1124) Pause Young (Normal) (G1 Evacuation Pause)
[6710.180s][info][gc,task        ] GC(1124) Using 8 workers of 8 for evacuation
[6710.333s][info][gc,phases      ] GC(1124)   Pre Evacuate Collection Set: 0.23ms
[6710.333s][info][gc,phases      ] GC(1124)   Merge Heap Roots: 0.53ms
[6710.333s][info][gc,phases      ] GC(1124)   Evacuate Collection Set: 150.85ms
[6710.333s][info][gc,phases      ] GC(1124)   Post Evacuate Collection Set: 1.05ms
[6710.333s][info][gc,phases      ] GC(1124)   Other: 0.07ms
[6710.333s][info][gc,heap        ] GC(1124) Eden regions: 569->0(571)
[6710.333s][info][gc,heap        ] GC(1124) Survivor regions: 45->43(77)
[6710.333s][info][gc,heap        ] GC(1124) Old regions: 159->166
[6710.333s][info][gc,heap        ] GC(1124) Humongous regions: 33->33
[6710.333s][info][gc,metaspace   ] GC(1124) Metaspace: 30020K(30528K)->30020K(30528K) NonClass: 26619K(26880K)->26619K(26880K) Class: 3400K(3648K)->3400K(3648K)
[6710.333s][info][gc             ] GC(1124) Pause Young (Normal) (G1 Evacuation Pause) 6425M->1917M(8192M) 152.868ms
[6710.333s][info][gc,cpu         ] GC(1124) User=1.22s Sys=0.00s Real=0.15s
...[6713.471s][info][gc,start       ] GC(1125) Pause Young (Normal) (G1 Evacuation Pause)
[6713.471s][info][gc,task        ] GC(1125) Using 8 workers of 8 for evacuation
[6713.625s][info][gc,phases      ] GC(1125)   Pre Evacuate Collection Set: 0.23ms
[6713.625s][info][gc,phases      ] GC(1125)   Merge Heap Roots: 0.60ms
[6713.625s][info][gc,phases      ] GC(1125)   Evacuate Collection Set: 152.77ms
[6713.625s][info][gc,phases      ] GC(1125)   Post Evacuate Collection Set: 1.02ms
[6713.625s][info][gc,phases      ] GC(1125)   Other: 0.06ms
[6713.625s][info][gc,heap        ] GC(1125) Eden regions: 571->0(571)
[6713.625s][info][gc,heap        ] GC(1125) Survivor regions: 43->43(77)
[6713.625s][info][gc,heap        ] GC(1125) Old regions: 166->173
[6713.625s][info][gc,heap        ] GC(1125) Humongous regions: 33->33
[6713.625s][info][gc,metaspace   ] GC(1125) Metaspace: 30020K(30528K)->30020K(30528K) NonClass: 26619K(26880K)->26619K(26880K) Class: 3400K(3648K)->3400K(3648K)
[6713.625s][info][gc             ] GC(1125) Pause Young (Normal) (G1 Evacuation Pause) 6485M->1977M(8192M) 154.798ms
[6713.625s][info][gc,cpu         ] GC(1125) User=1.22s Sys=0.00s Real=0.15s
...[6716.903s][info][gc,start       ] GC(1126) Pause Young (Normal) (G1 Evacuation Pause)
[6716.903s][info][gc,task        ] GC(1126) Using 8 workers of 8 for evacuation
[6717.059s][info][gc,phases      ] GC(1126)   Pre Evacuate Collection Set: 0.22ms
[6717.059s][info][gc,phases      ] GC(1126)   Merge Heap Roots: 0.53ms
[6717.059s][info][gc,phases      ] GC(1126)   Evacuate Collection Set: 154.62ms
[6717.059s][info][gc,phases      ] GC(1126)   Post Evacuate Collection Set: 1.02ms
[6717.059s][info][gc,phases      ] GC(1126)   Other: 0.06ms
[6717.059s][info][gc,heap        ] GC(1126) Eden regions: 571->0(570)
[6717.059s][info][gc,heap        ] GC(1126) Survivor regions: 43->44(77)
[6717.059s][info][gc,heap        ] GC(1126) Old regions: 173->180
[6717.059s][info][gc,heap        ] GC(1126) Humongous regions: 33->33
[6717.059s][info][gc,metaspace   ] GC(1126) Metaspace: 30020K(30528K)->30020K(30528K) NonClass: 26619K(26880K)->26619K(26880K) Class: 3400K(3648K)->3400K(3648K)
[6717.059s][info][gc             ] GC(1126) Pause Young (Normal) (G1 Evacuation Pause) 6545M->2042M(8192M) 156.595ms
[6717.059s][info][gc,cpu         ] GC(1126) User=1.24s Sys=0.00s Real=0.16s
....[6720.366s][info][gc,start       ] GC(1127) Pause Young (Normal) (G1 Evacuation Pause)
[6720.366s][info][gc,task        ] GC(1127) Using 8 workers of 8 for evacuation
[6720.523s][info][gc,phases      ] GC(1127)   Pre Evacuate Collection Set: 0.21ms
[6720.523s][info][gc,phases      ] GC(1127)   Merge Heap Roots: 0.51ms
[6720.523s][info][gc,phases      ] GC(1127)   Evacuate Collection Set: 155.28ms
[6720.523s][info][gc,phases      ] GC(1127)   Post Evacuate Collection Set: 1.03ms
[6720.523s][info][gc,phases      ] GC(1127)   Other: 0.07ms
[6720.523s][info][gc,heap        ] GC(1127) Eden regions: 570->0(570)
[6720.523s][info][gc,heap        ] GC(1127) Survivor regions: 44->44(77)
[6720.523s][info][gc,heap        ] GC(1127) Old regions: 180->187
[6720.523s][info][gc,heap        ] GC(1127) Humongous regions: 33->33
[6720.523s][info][gc,metaspace   ] GC(1127) Metaspace: 30020K(30528K)->30020K(30528K) NonClass: 26619K(26880K)->26619K(26880K) Class: 3400K(3648K)->3400K(3648K)
[6720.523s][info][gc             ] GC(1127) Pause Young (Normal) (G1 Evacuation Pause) 6602M->2095M(8192M) 157.232ms
[6720.523s][info][gc,cpu         ] GC(1127) User=1.25s Sys=0.00s Real=0.16s
...[6723.814s][info][gc,start       ] GC(1128) Pause Young (Normal) (G1 Evacuation Pause)
[6723.814s][info][gc,task        ] GC(1128) Using 8 workers of 8 for evacuation
[6723.968s][info][gc,phases      ] GC(1128)   Pre Evacuate Collection Set: 0.22ms
[6723.968s][info][gc,phases      ] GC(1128)   Merge Heap Roots: 0.53ms
[6723.968s][info][gc,phases      ] GC(1128)   Evacuate Collection Set: 152.07ms
[6723.968s][info][gc,phases      ] GC(1128)   Post Evacuate Collection Set: 1.05ms
[6723.968s][info][gc,phases      ] GC(1128)   Other: 0.08ms
[6723.968s][info][gc,heap        ] GC(1128) Eden regions: 570->0(570)
[6723.968s][info][gc,heap        ] GC(1128) Survivor regions: 44->44(77)
[6723.968s][info][gc,heap        ] GC(1128) Old regions: 187->195
[6723.968s][info][gc,heap        ] GC(1128) Humongous regions: 33->33
[6723.968s][info][gc,metaspace   ] GC(1128) Metaspace: 30020K(30528K)->30020K(30528K) NonClass: 26619K(26880K)->26619K(26880K) Class: 3400K(3648K)->3400K(3648K)
[6723.968s][info][gc             ] GC(1128) Pause Young (Normal) (G1 Evacuation Pause) 6655M->2155M(8192M) 154.078ms
[6723.968s][info][gc,cpu         ] GC(1128) User=1.22s Sys=0.00s Real=0.16s
...[6727.039s][info][gc,start       ] GC(1129) Pause Young (Normal) (G1 Evacuation Pause)
[6727.039s][info][gc,task        ] GC(1129) Using 8 workers of 8 for evacuation
[6727.190s][info][gc,phases      ] GC(1129)   Pre Evacuate Collection Set: 0.24ms
[6727.190s][info][gc,phases      ] GC(1129)   Merge Heap Roots: 0.57ms
[6727.190s][info][gc,phases      ] GC(1129)   Evacuate Collection Set: 148.67ms
[6727.190s][info][gc,phases      ] GC(1129)   Post Evacuate Collection Set: 1.05ms
[6727.190s][info][gc,phases      ] GC(1129)   Other: 0.06ms
[6727.190s][info][gc,heap        ] GC(1129) Eden regions: 570->0(571)
[6727.190s][info][gc,heap        ] GC(1129) Survivor regions: 44->43(77)
[6727.190s][info][gc,heap        ] GC(1129) Old regions: 195->202
[6727.190s][info][gc,heap        ] GC(1129) Humongous regions: 33->33
[6727.190s][info][gc,metaspace   ] GC(1129) Metaspace: 30020K(30528K)->30020K(30528K) NonClass: 26619K(26880K)->26619K(26880K) Class: 3400K(3648K)->3400K(3648K)
[6727.190s][info][gc             ] GC(1129) Pause Young (Normal) (G1 Evacuation Pause) 6715M->2202M(8192M) 150.737ms
[6727.190s][info][gc,cpu         ] GC(1129) User=1.19s Sys=0.00s Real=0.15s
.|...[6730.440s][info][gc,start       ] GC(1130) Pause Young (Normal) (G1 Evacuation Pause)
[6730.440s][info][gc,task        ] GC(1130) Using 8 workers of 8 for evacuation
[6730.593s][info][gc,phases      ] GC(1130)   Pre Evacuate Collection Set: 0.23ms
[6730.593s][info][gc,phases      ] GC(1130)   Merge Heap Roots: 0.55ms
[6730.593s][info][gc,phases      ] GC(1130)   Evacuate Collection Set: 150.71ms
[6730.593s][info][gc,phases      ] GC(1130)   Post Evacuate Collection Set: 1.08ms
[6730.593s][info][gc,phases      ] GC(1130)   Other: 0.06ms
[6730.593s][info][gc,heap        ] GC(1130) Eden regions: 571->0(571)
[6730.593s][info][gc,heap        ] GC(1130) Survivor regions: 43->43(77)
[6730.593s][info][gc,heap        ] GC(1130) Old regions: 202->209
[6730.593s][info][gc,heap        ] GC(1130) Humongous regions: 33->33
[6730.593s][info][gc,metaspace   ] GC(1130) Metaspace: 30020K(30528K)->30020K(30528K) NonClass: 26619K(26880K)->26619K(26880K) Class: 3400K(3648K)->3400K(3648K)
[6730.593s][info][gc             ] GC(1130) Pause Young (Normal) (G1 Evacuation Pause) 6770M->2261M(8192M) 152.765ms
[6730.593s][info][gc,cpu         ] GC(1130) User=1.20s Sys=0.00s Real=0.15s
...[6733.928s][info][gc,start       ] GC(1131) Pause Young (Normal) (G1 Evacuation Pause)
[6733.928s][info][gc,task        ] GC(1131) Using 8 workers of 8 for evacuation
[6734.077s][info][gc,phases      ] GC(1131)   Pre Evacuate Collection Set: 0.22ms
[6734.077s][info][gc,phases      ] GC(1131)   Merge Heap Roots: 0.55ms
[6734.077s][info][gc,phases      ] GC(1131)   Evacuate Collection Set: 147.30ms
[6734.077s][info][gc,phases      ] GC(1131)   Post Evacuate Collection Set: 1.04ms
[6734.077s][info][gc,phases      ] GC(1131)   Other: 0.06ms
[6734.077s][info][gc,heap        ] GC(1131) Eden regions: 571->0(571)
[6734.077s][info][gc,heap        ] GC(1131) Survivor regions: 43->43(77)
[6734.077s][info][gc,heap        ] GC(1131) Old regions: 209->216
[6734.078s][info][gc,heap        ] GC(1131) Humongous regions: 33->33
[6734.078s][info][gc,metaspace   ] GC(1131) Metaspace: 30021K(30528K)->30021K(30528K) NonClass: 26620K(26880K)->26620K(26880K) Class: 3400K(3648K)->3400K(3648K)
[6734.078s][info][gc             ] GC(1131) Pause Young (Normal) (G1 Evacuation Pause) 6829M->2315M(8192M) 149.331ms
[6734.078s][info][gc,cpu         ] GC(1131) User=1.18s Sys=0.00s Real=0.15s
....[6737.197s][info][gc,start       ] GC(1132) Pause Young (Normal) (G1 Evacuation Pause)
[6737.197s][info][gc,task        ] GC(1132) Using 8 workers of 8 for evacuation
[6737.350s][info][gc,phases      ] GC(1132)   Pre Evacuate Collection Set: 0.23ms
[6737.350s][info][gc,phases      ] GC(1132)   Merge Heap Roots: 0.55ms
[6737.350s][info][gc,phases      ] GC(1132)   Evacuate Collection Set: 151.22ms
[6737.350s][info][gc,phases      ] GC(1132)   Post Evacuate Collection Set: 1.03ms
[6737.350s][info][gc,phases      ] GC(1132)   Other: 0.06ms
[6737.350s][info][gc,heap        ] GC(1132) Eden regions: 571->0(571)
[6737.350s][info][gc,heap        ] GC(1132) Survivor regions: 43->43(77)
[6737.350s][info][gc,heap        ] GC(1132) Old regions: 216->223
[6737.350s][info][gc,heap        ] GC(1132) Humongous regions: 33->33
[6737.350s][info][gc,metaspace   ] GC(1132) Metaspace: 30021K(30528K)->30021K(30528K) NonClass: 26620K(26880K)->26620K(26880K) Class: 3400K(3648K)->3400K(3648K)
[6737.350s][info][gc             ] GC(1132) Pause Young (Normal) (G1 Evacuation Pause) 6883M->2375M(8192M) 153.217ms
[6737.350s][info][gc,cpu         ] GC(1132) User=1.22s Sys=0.00s Real=0.15s
...[6740.480s][info][gc,start       ] GC(1133) Pause Young (Normal) (G1 Evacuation Pause)
[6740.480s][info][gc,task        ] GC(1133) Using 8 workers of 8 for evacuation
[6740.633s][info][gc,phases      ] GC(1133)   Pre Evacuate Collection Set: 0.22ms
[6740.633s][info][gc,phases      ] GC(1133)   Merge Heap Roots: 0.54ms
[6740.633s][info][gc,phases      ] GC(1133)   Evacuate Collection Set: 151.27ms
[6740.633s][info][gc,phases      ] GC(1133)   Post Evacuate Collection Set: 1.02ms
[6740.633s][info][gc,phases      ] GC(1133)   Other: 0.06ms
[6740.633s][info][gc,heap        ] GC(1133) Eden regions: 571->0(570)
[6740.633s][info][gc,heap        ] GC(1133) Survivor regions: 43->44(77)
[6740.633s][info][gc,heap        ] GC(1133) Old regions: 223->230
[6740.633s][info][gc,heap        ] GC(1133) Humongous regions: 33->33
[6740.633s][info][gc,metaspace   ] GC(1133) Metaspace: 30021K(30528K)->30021K(30528K) NonClass: 26620K(26880K)->26620K(26880K) Class: 3400K(3648K)->3400K(3648K)
[6740.633s][info][gc             ] GC(1133) Pause Young (Normal) (G1 Evacuation Pause) 6943M->2439M(8192M) 153.235ms
[6740.633s][info][gc,cpu         ] GC(1133) User=1.21s Sys=0.00s Real=0.15s
...[6743.792s][info][gc,start       ] GC(1134) Pause Young (Normal) (G1 Evacuation Pause)
[6743.792s][info][gc,task        ] GC(1134) Using 8 workers of 8 for evacuation
[6743.948s][info][gc,phases      ] GC(1134)   Pre Evacuate Collection Set: 0.26ms
[6743.948s][info][gc,phases      ] GC(1134)   Merge Heap Roots: 0.53ms
[6743.948s][info][gc,phases      ] GC(1134)   Evacuate Collection Set: 154.47ms
[6743.948s][info][gc,phases      ] GC(1134)   Post Evacuate Collection Set: 1.04ms
[6743.948s][info][gc,phases      ] GC(1134)   Other: 0.09ms
[6743.948s][info][gc,heap        ] GC(1134) Eden regions: 570->0(569)
[6743.948s][info][gc,heap        ] GC(1134) Survivor regions: 44->45(77)
[6743.948s][info][gc,heap        ] GC(1134) Old regions: 230->238
[6743.948s][info][gc,heap        ] GC(1134) Humongous regions: 33->33
[6743.948s][info][gc,metaspace   ] GC(1134) Metaspace: 30021K(30528K)->30021K(30528K) NonClass: 26620K(26880K)->26620K(26880K) Class: 3400K(3648K)->3400K(3648K)
[6743.948s][info][gc             ] GC(1134) Pause Young (Normal) (G1 Evacuation Pause) 6999M->2505M(8192M) 156.523ms
[6743.948s][info][gc,cpu         ] GC(1134) User=1.24s Sys=0.00s Real=0.16s
...[6747.177s][info][gc,start       ] GC(1135) Pause Young (Normal) (G1 Evacuation Pause)
[6747.177s][info][gc,task        ] GC(1135) Using 8 workers of 8 for evacuation
[6747.330s][info][gc,phases      ] GC(1135)   Pre Evacuate Collection Set: 0.26ms
[6747.330s][info][gc,phases      ] GC(1135)   Merge Heap Roots: 0.55ms
[6747.330s][info][gc,phases      ] GC(1135)   Evacuate Collection Set: 151.36ms
[6747.330s][info][gc,phases      ] GC(1135)   Post Evacuate Collection Set: 1.07ms
[6747.330s][info][gc,phases      ] GC(1135)   Other: 0.07ms
[6747.330s][info][gc,heap        ] GC(1135) Eden regions: 569->0(570)
[6747.330s][info][gc,heap        ] GC(1135) Survivor regions: 45->44(77)
[6747.330s][info][gc,heap        ] GC(1135) Old regions: 238->245
[6747.330s][info][gc,heap        ] GC(1135) Humongous regions: 33->33
[6747.330s][info][gc,metaspace   ] GC(1135) Metaspace: 30021K(30528K)->30021K(30528K) NonClass: 26620K(26880K)->26620K(26880K) Class: 3400K(3648K)->3400K(3648K)
[6747.330s][info][gc             ] GC(1135) Pause Young (Normal) (G1 Evacuation Pause) 7057M->2554M(8192M) 153.442ms
[6747.330s][info][gc,cpu         ] GC(1135) User=1.21s Sys=0.00s Real=0.15s
....[6750.538s][info][gc,start       ] GC(1136) Pause Young (Normal) (G1 Evacuation Pause)
[6750.538s][info][gc,task        ] GC(1136) Using 8 workers of 8 for evacuation
[6750.692s][info][gc,phases      ] GC(1136)   Pre Evacuate Collection Set: 0.23ms
[6750.692s][info][gc,phases      ] GC(1136)   Merge Heap Roots: 0.53ms
[6750.692s][info][gc,phases      ] GC(1136)   Evacuate Collection Set: 152.13ms
[6750.692s][info][gc,phases      ] GC(1136)   Post Evacuate Collection Set: 1.11ms
[6750.692s][info][gc,phases      ] GC(1136)   Other: 0.06ms
[6750.692s][info][gc,heap        ] GC(1136) Eden regions: 570->0(570)
[6750.692s][info][gc,heap        ] GC(1136) Survivor regions: 44->44(77)
[6750.692s][info][gc,heap        ] GC(1136) Old regions: 245->252
[6750.692s][info][gc,heap        ] GC(1136) Humongous regions: 33->33
[6750.692s][info][gc,metaspace   ] GC(1136) Metaspace: 30021K(30528K)->30021K(30528K) NonClass: 26620K(26880K)->26620K(26880K) Class: 3400K(3648K)->3400K(3648K)
[6750.692s][info][gc             ] GC(1136) Pause Young (Normal) (G1 Evacuation Pause) 7114M->2610M(8192M) 154.198ms
[6750.692s][info][gc,cpu         ] GC(1136) User=1.22s Sys=0.00s Real=0.15s
...[6753.851s][info][gc,start       ] GC(1137) Pause Young (Normal) (G1 Evacuation Pause)
[6753.851s][info][gc,task        ] GC(1137) Using 8 workers of 8 for evacuation
[6754.008s][info][gc,phases      ] GC(1137)   Pre Evacuate Collection Set: 0.22ms
[6754.008s][info][gc,phases      ] GC(1137)   Merge Heap Roots: 0.53ms
[6754.008s][info][gc,phases      ] GC(1137)   Evacuate Collection Set: 155.41ms
[6754.008s][info][gc,phases      ] GC(1137)   Post Evacuate Collection Set: 1.02ms
[6754.008s][info][gc,phases      ] GC(1137)   Other: 0.06ms
[6754.008s][info][gc,heap        ] GC(1137) Eden regions: 570->0(569)
[6754.008s][info][gc,heap        ] GC(1137) Survivor regions: 44->45(77)
[6754.008s][info][gc,heap        ] GC(1137) Old regions: 252->259
[6754.008s][info][gc,heap        ] GC(1137) Humongous regions: 33->33
[6754.008s][info][gc,metaspace   ] GC(1137) Metaspace: 30021K(30528K)->30021K(30528K) NonClass: 26620K(26880K)->26620K(26880K) Class: 3400K(3648K)->3400K(3648K)
[6754.008s][info][gc             ] GC(1137) Pause Young (Normal) (G1 Evacuation Pause) 7170M->2677M(8192M) 157.388ms
[6754.008s][info][gc,cpu         ] GC(1137) User=1.25s Sys=0.00s Real=0.16s
...[6757.211s][info][gc,start       ] GC(1138) Pause Young (Normal) (G1 Evacuation Pause)
[6757.211s][info][gc,task        ] GC(1138) Using 8 workers of 8 for evacuation
[6757.361s][info][gc,phases      ] GC(1138)   Pre Evacuate Collection Set: 0.24ms
[6757.361s][info][gc,phases      ] GC(1138)   Merge Heap Roots: 0.64ms
[6757.361s][info][gc,phases      ] GC(1138)   Evacuate Collection Set: 147.69ms
[6757.361s][info][gc,phases      ] GC(1138)   Post Evacuate Collection Set: 1.05ms
[6757.361s][info][gc,phases      ] GC(1138)   Other: 0.07ms
[6757.361s][info][gc,heap        ] GC(1138) Eden regions: 569->0(572)
[6757.361s][info][gc,heap        ] GC(1138) Survivor regions: 45->42(77)
[6757.361s][info][gc,heap        ] GC(1138) Old regions: 259->266
[6757.361s][info][gc,heap        ] GC(1138) Humongous regions: 33->33
[6757.361s][info][gc,metaspace   ] GC(1138) Metaspace: 30021K(30528K)->30021K(30528K) NonClass: 26620K(26880K)->26620K(26880K) Class: 3400K(3648K)->3400K(3648K)
[6757.361s][info][gc             ] GC(1138) Pause Young (Normal) (G1 Evacuation Pause) 7229M->2714M(8192M) 149.823ms
[6757.361s][info][gc,cpu         ] GC(1138) User=1.18s Sys=0.00s Real=0.15s
....[6760.653s][info][gc,start       ] GC(1139) Pause Young (Normal) (G1 Evacuation Pause)
[6760.653s][info][gc,task        ] GC(1139) Using 8 workers of 8 for evacuation
[6760.807s][info][gc,phases      ] GC(1139)   Pre Evacuate Collection Set: 0.22ms
[6760.807s][info][gc,phases      ] GC(1139)   Merge Heap Roots: 0.53ms
[6760.807s][info][gc,phases      ] GC(1139)   Evacuate Collection Set: 152.66ms
[6760.807s][info][gc,phases      ] GC(1139)   Post Evacuate Collection Set: 1.04ms
[6760.807s][info][gc,phases      ] GC(1139)   Other: 0.06ms
[6760.807s][info][gc,heap        ] GC(1139) Eden regions: 572->0(570)
[6760.807s][info][gc,heap        ] GC(1139) Survivor regions: 42->44(77)
[6760.807s][info][gc,heap        ] GC(1139) Old regions: 266->274
[6760.807s][info][gc,heap        ] GC(1139) Humongous regions: 33->33
[6760.807s][info][gc,metaspace   ] GC(1139) Metaspace: 30021K(30528K)->30021K(30528K) NonClass: 26620K(26880K)->26620K(26880K) Class: 3400K(3648K)->3400K(3648K)
[6760.807s][info][gc             ] GC(1139) Pause Young (Normal) (G1 Evacuation Pause) 7290M->2790M(8192M) 154.629ms
[6760.807s][info][gc,cpu         ] GC(1139) User=1.23s Sys=0.00s Real=0.16s
...[6764.117s][info][gc,start       ] GC(1140) Pause Young (Normal) (G1 Evacuation Pause)
[6764.117s][info][gc,task        ] GC(1140) Using 8 workers of 8 for evacuation
[6764.266s][info][gc,phases      ] GC(1140)   Pre Evacuate Collection Set: 0.26ms
[6764.266s][info][gc,phases      ] GC(1140)   Merge Heap Roots: 0.58ms
[6764.266s][info][gc,phases      ] GC(1140)   Evacuate Collection Set: 147.25ms
[6764.266s][info][gc,phases      ] GC(1140)   Post Evacuate Collection Set: 1.09ms
[6764.266s][info][gc,phases      ] GC(1140)   Other: 0.07ms
[6764.266s][info][gc,heap        ] GC(1140) Eden regions: 570->0(572)
[6764.266s][info][gc,heap        ] GC(1140) Survivor regions: 44->42(77)
[6764.266s][info][gc,heap        ] GC(1140) Old regions: 274->281
[6764.266s][info][gc,heap        ] GC(1140) Humongous regions: 33->33
[6764.266s][info][gc,metaspace   ] GC(1140) Metaspace: 30021K(30528K)->30021K(30528K) NonClass: 26620K(26880K)->26620K(26880K) Class: 3400K(3648K)->3400K(3648K)
[6764.266s][info][gc             ] GC(1140) Pause Young (Normal) (G1 Evacuation Pause) 7350M->2831M(8192M) 149.391ms
[6764.266s][info][gc,cpu         ] GC(1140) User=1.18s Sys=0.00s Real=0.15s
....[6767.520s][info][gc,start       ] GC(1141) Pause Young (Normal) (G1 Evacuation Pause)
[6767.520s][info][gc,task        ] GC(1141) Using 8 workers of 8 for evacuation
[6767.677s][info][gc,phases      ] GC(1141)   Pre Evacuate Collection Set: 0.22ms
[6767.677s][info][gc,phases      ] GC(1141)   Merge Heap Roots: 0.53ms
[6767.677s][info][gc,phases      ] GC(1141)   Evacuate Collection Set: 154.88ms
[6767.677s][info][gc,phases      ] GC(1141)   Post Evacuate Collection Set: 1.05ms
[6767.677s][info][gc,phases      ] GC(1141)   Other: 0.07ms
[6767.677s][info][gc,heap        ] GC(1141) Eden regions: 572->0(563)
[6767.677s][info][gc,heap        ] GC(1141) Survivor regions: 42->44(77)
[6767.677s][info][gc,heap        ] GC(1141) Old regions: 281->288
[6767.677s][info][gc,heap        ] GC(1141) Humongous regions: 33->33
[6767.677s][info][gc,metaspace   ] GC(1141) Metaspace: 30021K(30528K)->30021K(30528K) NonClass: 26620K(26880K)->26620K(26880K) Class: 3400K(3648K)->3400K(3648K)
[6767.677s][info][gc             ] GC(1141) Pause Young (Normal) (G1 Evacuation Pause) 7407M->2907M(8192M) 156.873ms
[6767.677s][info][gc,cpu         ] GC(1141) User=1.24s Sys=0.00s Real=0.16s
...[6770.808s][info][gc,start       ] GC(1142) Pause Young (Normal) (G1 Evacuation Pause)
[6770.809s][info][gc,task        ] GC(1142) Using 8 workers of 8 for evacuation
[6770.961s][info][gc,phases      ] GC(1142)   Pre Evacuate Collection Set: 0.28ms
[6770.961s][info][gc,phases      ] GC(1142)   Merge Heap Roots: 0.58ms
[6770.961s][info][gc,phases      ] GC(1142)   Evacuate Collection Set: 150.37ms
[6770.961s][info][gc,phases      ] GC(1142)   Post Evacuate Collection Set: 1.05ms
[6770.961s][info][gc,phases      ] GC(1142)   Other: 0.07ms
[6770.961s][info][gc,heap        ] GC(1142) Eden regions: 563->0(557)
[6770.961s][info][gc,heap        ] GC(1142) Survivor regions: 44->43(76)
[6770.961s][info][gc,heap        ] GC(1142) Old regions: 288->296
[6770.961s][info][gc,heap        ] GC(1142) Humongous regions: 33->33
[6770.961s][info][gc,metaspace   ] GC(1142) Metaspace: 30021K(30528K)->30021K(30528K) NonClass: 26620K(26880K)->26620K(26880K) Class: 3400K(3648K)->3400K(3648K)
[6770.961s][info][gc             ] GC(1142) Pause Young (Normal) (G1 Evacuation Pause) 7411M->2958M(8192M) 152.512ms
[6770.961s][info][gc,cpu         ] GC(1142) User=1.21s Sys=0.00s Real=0.15s
...[6774.231s][info][gc,start       ] GC(1143) Pause Young (Normal) (G1 Evacuation Pause)
[6774.231s][info][gc,task        ] GC(1143) Using 8 workers of 8 for evacuation
[6774.384s][info][gc,phases      ] GC(1143)   Pre Evacuate Collection Set: 0.26ms
[6774.384s][info][gc,phases      ] GC(1143)   Merge Heap Roots: 0.54ms
[6774.384s][info][gc,phases      ] GC(1143)   Evacuate Collection Set: 150.87ms
[6774.384s][info][gc,phases      ] GC(1143)   Post Evacuate Collection Set: 1.05ms
[6774.384s][info][gc,phases      ] GC(1143)   Other: 0.06ms
[6774.384s][info][gc,heap        ] GC(1143) Eden regions: 557->0(550)
[6774.384s][info][gc,heap        ] GC(1143) Survivor regions: 43->43(75)
[6774.384s][info][gc,heap        ] GC(1143) Old regions: 296->303
[6774.384s][info][gc,heap        ] GC(1143) Humongous regions: 33->33
[6774.384s][info][gc,metaspace   ] GC(1143) Metaspace: 30021K(30528K)->30021K(30528K) NonClass: 26620K(26880K)->26620K(26880K) Class: 3400K(3648K)->3400K(3648K)
[6774.384s][info][gc             ] GC(1143) Pause Young (Normal) (G1 Evacuation Pause) 7414M->3017M(8192M) 152.929ms
[6774.384s][info][gc,cpu         ] GC(1143) User=1.21s Sys=0.00s Real=0.15s
....[6777.451s][info][gc,start       ] GC(1144) Pause Young (Concurrent Start) (G1 Evacuation Pause)
[6777.451s][info][gc,task        ] GC(1144) Using 8 workers of 8 for evacuation
[6777.601s][info][gc,phases      ] GC(1144)   Pre Evacuate Collection Set: 0.25ms
[6777.601s][info][gc,phases      ] GC(1144)   Merge Heap Roots: 0.52ms
[6777.601s][info][gc,phases      ] GC(1144)   Evacuate Collection Set: 148.00ms
[6777.601s][info][gc,phases      ] GC(1144)   Post Evacuate Collection Set: 1.02ms
[6777.601s][info][gc,phases      ] GC(1144)   Other: 0.09ms
[6777.601s][info][gc,heap        ] GC(1144) Eden regions: 550->0(542)
[6777.601s][info][gc,heap        ] GC(1144) Survivor regions: 43->43(75)
[6777.601s][info][gc,heap        ] GC(1144) Old regions: 303->311
[6777.601s][info][gc,heap        ] GC(1144) Humongous regions: 33->33
[6777.601s][info][gc,metaspace   ] GC(1144) Metaspace: 30021K(30528K)->30021K(30528K) NonClass: 26620K(26880K)->26620K(26880K) Class: 3400K(3648K)->3400K(3648K)
[6777.601s][info][gc             ] GC(1144) Pause Young (Concurrent Start) (G1 Evacuation Pause) 7417M->3077M(8192M) 150.011ms
[6777.601s][info][gc             ] GC(1145) Concurrent Mark Cycle
[6777.601s][info][gc,marking     ] GC(1145) Concurrent Scan Root Regions
[6777.601s][info][gc,cpu         ] GC(1144) User=1.19s Sys=0.00s Real=0.15s
[6777.943s][info][gc,marking     ] GC(1145) Concurrent Scan Root Regions 341.185ms
[6777.943s][info][gc,marking     ] GC(1145) Concurrent Mark
[6777.943s][info][gc,marking     ] GC(1145) Concurrent Mark From Roots
[6777.943s][info][gc,task        ] GC(1145) Using 2 workers of 2 for marking
.[6779.353s][info][gc,marking     ] GC(1145) Concurrent Mark From Roots 1409.961ms
[6779.353s][info][gc,marking     ] GC(1145) Concurrent Preclean
[6779.353s][info][gc,marking     ] GC(1145) Concurrent Preclean 0.140ms
[6779.353s][info][gc,start       ] GC(1145) Pause Remark
[6779.355s][info][gc             ] GC(1145) Pause Remark 5145M->4665M(8192M) 1.628ms
[6779.355s][info][gc,cpu         ] GC(1145) User=0.01s Sys=0.00s Real=0.00s
[6779.355s][info][gc,marking     ] GC(1145) Concurrent Mark 1412.040ms
[6779.355s][info][gc,marking     ] GC(1145) Concurrent Rebuild Remembered Sets and Scrub Regions
.[6780.106s][info][gc,marking     ] GC(1145) Concurrent Rebuild Remembered Sets and Scrub Regions 751.239ms
[6780.106s][info][gc,start       ] GC(1145) Pause Cleanup
[6780.106s][info][gc             ] GC(1145) Pause Cleanup 5645M->5645M(8192M) 0.255ms
[6780.106s][info][gc,cpu         ] GC(1145) User=0.00s Sys=0.00s Real=0.00s
[6780.106s][info][gc,marking     ] GC(1145) Concurrent Clear Claimed Marks
[6780.106s][info][gc,marking     ] GC(1145) Concurrent Clear Claimed Marks 0.044ms
[6780.106s][info][gc,marking     ] GC(1145) Concurrent Cleanup for Next Mark
[6780.118s][info][gc,marking     ] GC(1145) Concurrent Cleanup for Next Mark 11.980ms
[6780.118s][info][gc             ] GC(1145) Concurrent Mark Cycle 2517.142ms
.[6780.877s][info][gc,start       ] GC(1146) Pause Young (Prepare Mixed) (G1 Evacuation Pause)
[6780.877s][info][gc,task        ] GC(1146) Using 8 workers of 8 for evacuation
[6781.031s][info][gc,phases      ] GC(1146)   Pre Evacuate Collection Set: 0.23ms
[6781.031s][info][gc,phases      ] GC(1146)   Merge Heap Roots: 0.86ms
[6781.031s][info][gc,phases      ] GC(1146)   Evacuate Collection Set: 151.11ms
[6781.031s][info][gc,phases      ] GC(1146)   Post Evacuate Collection Set: 1.14ms
[6781.031s][info][gc,phases      ] GC(1146)   Other: 0.06ms
[6781.031s][info][gc,heap        ] GC(1146) Eden regions: 542->0(572)
[6781.031s][info][gc,heap        ] GC(1146) Survivor regions: 43->42(74)
[6781.031s][info][gc,heap        ] GC(1146) Old regions: 251->258
[6781.031s][info][gc,heap        ] GC(1146) Humongous regions: 33->33
[6781.031s][info][gc,metaspace   ] GC(1146) Metaspace: 30021K(30528K)->30021K(30528K) NonClass: 26620K(26880K)->26620K(26880K) Class: 3400K(3648K)->3400K(3648K)
[6781.031s][info][gc             ] GC(1146) Pause Young (Prepare Mixed) (G1 Evacuation Pause) 6933M->2646M(8192M) 153.520ms
[6781.031s][info][gc,cpu         ] GC(1146) User=1.22s Sys=0.00s Real=0.15s
...[6784.066s][info][gc,start       ] GC(1147) Pause Young (Mixed) (G1 Evacuation Pause)
[6784.066s][info][gc,task        ] GC(1147) Using 8 workers of 8 for evacuation
[6784.221s][info][gc,phases      ] GC(1147)   Pre Evacuate Collection Set: 0.27ms
[6784.221s][info][gc,phases      ] GC(1147)   Merge Heap Roots: 0.77ms
[6784.221s][info][gc,phases      ] GC(1147)   Evacuate Collection Set: 152.84ms
[6784.221s][info][gc,phases      ] GC(1147)   Post Evacuate Collection Set: 1.25ms
[6784.221s][info][gc,phases      ] GC(1147)   Other: 0.07ms
[6784.221s][info][gc,heap        ] GC(1147) Eden regions: 572->0(573)
[6784.221s][info][gc,heap        ] GC(1147) Survivor regions: 42->41(77)
[6784.221s][info][gc,heap        ] GC(1147) Old regions: 258->163
[6784.221s][info][gc,heap        ] GC(1147) Humongous regions: 33->33
[6784.221s][info][gc,metaspace   ] GC(1147) Metaspace: 30021K(30528K)->30021K(30528K) NonClass: 26620K(26880K)->26620K(26880K) Class: 3400K(3648K)->3400K(3648K)
[6784.221s][info][gc             ] GC(1147) Pause Young (Mixed) (G1 Evacuation Pause) 7222M->1882M(8192M) 155.326ms
[6784.221s][info][gc,cpu         ] GC(1147) User=1.23s Sys=0.00s Real=0.15s
.... (rIR:aIR:PR = 11346:11322:11322) (tPR = 169347) [OK] 
  6787s: Performance info:
         Transaction,    Success,    Partial,     Failed,   Receipts, AvgBarcode, 
             Overall,     681655,          0,          0,     647696,      59.47, 
         Response times:
             Request,    Success,    Partial,     Failed,   SkipFail,     Probes,    Samples,      min,      p50,      p90,      p95,      p99,      max, 
       TotalPurchase,     647674,          0,          0,          0,     354609,     540877,      300,    10000,    89000,   128000,   246000,  3300000,
     InStorePurchase,     340942,          0,          0,          0,     186135,     284066,      300,    10000,    89000,   129000,   250000,  3300000,
      OnlinePurchase,     239809,          0,          0,          0,     130661,     199121,      300,    10000,    88000,   127000,   240000,  3300000,
        InstPurchase,      66923,          0,          0,          0,      37813,      57690,      400,     9900,    88000,   128000,   278000,  3300000,
          AssocOfCat,        683,          0,          0,          0,        582,       1044,    30000,    64000,   146500,   208000,   292650,   426000,
      AssocOfProduct,       6819,          0,          0,          0,       4136,       6538,      700,    10800,    85000,   124050,   238000,   650000,
      BusinessReport,       1712,          0,          0,          0,       1534,       2559,    36000,    74000,   155000,   207000,   344400,   451000,
          CustBuyBeh,       6917,          0,          0,          0,       4086,       6537,      300,    10000,    84000,   121000,   233620,   960000,
       ProductReturn,      17843,          0,          0,          0,       9189,      14435,      200,     9100,    84000,   123000,   237640,  1700000,

  6787s: (83%)   IR =  11485 [6787.534s][info][gc,start       ] GC(1148) Pause Young (Mixed) (G1 Evacuation Pause)
[6787.534s][info][gc,task        ] GC(1148) Using 8 workers of 8 for evacuation
[6787.700s][info][gc,phases      ] GC(1148)   Pre Evacuate Collection Set: 0.26ms
[6787.700s][info][gc,phases      ] GC(1148)   Merge Heap Roots: 0.80ms
[6787.700s][info][gc,phases      ] GC(1148)   Evacuate Collection Set: 163.17ms
[6787.700s][info][gc,phases      ] GC(1148)   Post Evacuate Collection Set: 1.08ms
[6787.700s][info][gc,phases      ] GC(1148)   Other: 0.07ms
[6787.700s][info][gc,heap        ] GC(1148) Eden regions: 573->0(570)
[6787.700s][info][gc,heap        ] GC(1148) Survivor regions: 41->44(77)
[6787.700s][info][gc,heap        ] GC(1148) Old regions: 163->144
[6787.700s][info][gc,heap        ] GC(1148) Humongous regions: 33->33
[6787.700s][info][gc,metaspace   ] GC(1148) Metaspace: 30021K(30528K)->30021K(30528K) NonClass: 26620K(26880K)->26620K(26880K) Class: 3400K(3648K)->3400K(3648K)
[6787.700s][info][gc             ] GC(1148) Pause Young (Mixed) (G1 Evacuation Pause) 6466M->1745M(8192M) 165.531ms
[6787.700s][info][gc,cpu         ] GC(1148) User=1.31s Sys=0.00s Real=0.17s
...[6790.851s][info][gc,start       ] GC(1149) Pause Young (Normal) (G1 Evacuation Pause)
[6790.851s][info][gc,task        ] GC(1149) Using 8 workers of 8 for evacuation
[6791.013s][info][gc,phases      ] GC(1149)   Pre Evacuate Collection Set: 0.24ms
[6791.013s][info][gc,phases      ] GC(1149)   Merge Heap Roots: 0.52ms
[6791.013s][info][gc,phases      ] GC(1149)   Evacuate Collection Set: 159.92ms
[6791.013s][info][gc,phases      ] GC(1149)   Post Evacuate Collection Set: 1.12ms
[6791.013s][info][gc,phases      ] GC(1149)   Other: 0.06ms
[6791.013s][info][gc,heap        ] GC(1149) Eden regions: 570->0(568)
[6791.013s][info][gc,heap        ] GC(1149) Survivor regions: 44->46(77)
[6791.013s][info][gc,heap        ] GC(1149) Old regions: 144->151
[6791.013s][info][gc,heap        ] GC(1149) Humongous regions: 33->33
[6791.013s][info][gc,metaspace   ] GC(1149) Metaspace: 30021K(30528K)->30021K(30528K) NonClass: 26620K(26880K)->26620K(26880K) Class: 3400K(3648K)->3400K(3648K)
[6791.013s][info][gc             ] GC(1149) Pause Young (Normal) (G1 Evacuation Pause) 6305M->1817M(8192M) 161.993ms
[6791.013s][info][gc,cpu         ] GC(1149) User=1.28s Sys=0.01s Real=0.16s
...[6794.133s][info][gc,start       ] GC(1150) Pause Young (Normal) (G1 Evacuation Pause)
[6794.133s][info][gc,task        ] GC(1150) Using 8 workers of 8 for evacuation
[6794.288s][info][gc,phases      ] GC(1150)   Pre Evacuate Collection Set: 0.22ms
[6794.288s][info][gc,phases      ] GC(1150)   Merge Heap Roots: 0.55ms
[6794.288s][info][gc,phases      ] GC(1150)   Evacuate Collection Set: 152.95ms
[6794.288s][info][gc,phases      ] GC(1150)   Post Evacuate Collection Set: 1.05ms
[6794.288s][info][gc,phases      ] GC(1150)   Other: 0.06ms
[6794.288s][info][gc,heap        ] GC(1150) Eden regions: 568->0(570)
[6794.288s][info][gc,heap        ] GC(1150) Survivor regions: 46->44(77)
[6794.288s][info][gc,heap        ] GC(1150) Old regions: 151->158
[6794.288s][info][gc,heap        ] GC(1150) Humongous regions: 33->33
[6794.288s][info][gc,metaspace   ] GC(1150) Metaspace: 30021K(30528K)->30021K(30528K) NonClass: 26620K(26880K)->26620K(26880K) Class: 3400K(3648K)->3400K(3648K)
[6794.288s][info][gc             ] GC(1150) Pause Young (Normal) (G1 Evacuation Pause) 6361M->1858M(8192M) 154.971ms
[6794.288s][info][gc,cpu         ] GC(1150) User=1.23s Sys=0.00s Real=0.16s
..|.[6797.430s][info][gc,start       ] GC(1151) Pause Young (Normal) (G1 Evacuation Pause)
[6797.430s][info][gc,task        ] GC(1151) Using 8 workers of 8 for evacuation
[6797.582s][info][gc,phases      ] GC(1151)   Pre Evacuate Collection Set: 0.20ms
[6797.582s][info][gc,phases      ] GC(1151)   Merge Heap Roots: 0.55ms
[6797.582s][info][gc,phases      ] GC(1151)   Evacuate Collection Set: 149.43ms
[6797.582s][info][gc,phases      ] GC(1151)   Post Evacuate Collection Set: 1.02ms
[6797.582s][info][gc,phases      ] GC(1151)   Other: 0.07ms
[6797.582s][info][gc,heap        ] GC(1151) Eden regions: 570->0(571)
[6797.582s][info][gc,heap        ] GC(1151) Survivor regions: 44->43(77)
[6797.582s][info][gc,heap        ] GC(1151) Old regions: 158->165
[6797.582s][info][gc,heap        ] GC(1151) Humongous regions: 33->33
[6797.582s][info][gc,metaspace   ] GC(1151) Metaspace: 30021K(30528K)->30021K(30528K) NonClass: 26620K(26880K)->26620K(26880K) Class: 3400K(3648K)->3400K(3648K)
[6797.582s][info][gc             ] GC(1151) Pause Young (Normal) (G1 Evacuation Pause) 6418M->1907M(8192M) 151.421ms
[6797.582s][info][gc,cpu         ] GC(1151) User=1.20s Sys=0.01s Real=0.15s
....[6800.815s][info][gc,start       ] GC(1152) Pause Young (Normal) (G1 Evacuation Pause)
[6800.815s][info][gc,task        ] GC(1152) Using 8 workers of 8 for evacuation
[6800.970s][info][gc,phases      ] GC(1152)   Pre Evacuate Collection Set: 0.25ms
[6800.970s][info][gc,phases      ] GC(1152)   Merge Heap Roots: 0.54ms
[6800.970s][info][gc,phases      ] GC(1152)   Evacuate Collection Set: 153.29ms
[6800.970s][info][gc,phases      ] GC(1152)   Post Evacuate Collection Set: 1.04ms
[6800.970s][info][gc,phases      ] GC(1152)   Other: 0.06ms
[6800.970s][info][gc,heap        ] GC(1152) Eden regions: 571->0(570)
[6800.970s][info][gc,heap        ] GC(1152) Survivor regions: 43->44(77)
[6800.970s][info][gc,heap        ] GC(1152) Old regions: 165->172
[6800.970s][info][gc,heap        ] GC(1152) Humongous regions: 33->33
[6800.970s][info][gc,metaspace   ] GC(1152) Metaspace: 30021K(30528K)->30021K(30528K) NonClass: 26620K(26880K)->26620K(26880K) Class: 3400K(3648K)->3400K(3648K)
[6800.970s][info][gc             ] GC(1152) Pause Young (Normal) (G1 Evacuation Pause) 6475M->1975M(8192M) 155.302ms
[6800.970s][info][gc,cpu         ] GC(1152) User=1.23s Sys=0.00s Real=0.16s
...[6804.093s][info][gc,start       ] GC(1153) Pause Young (Normal) (G1 Evacuation Pause)
[6804.093s][info][gc,task        ] GC(1153) Using 8 workers of 8 for evacuation
[6804.246s][info][gc,phases      ] GC(1153)   Pre Evacuate Collection Set: 0.25ms
[6804.246s][info][gc,phases      ] GC(1153)   Merge Heap Roots: 0.70ms
[6804.246s][info][gc,phases      ] GC(1153)   Evacuate Collection Set: 150.66ms
[6804.246s][info][gc,phases      ] GC(1153)   Post Evacuate Collection Set: 1.04ms
[6804.246s][info][gc,phases      ] GC(1153)   Other: 0.06ms
[6804.246s][info][gc,heap        ] GC(1153) Eden regions: 570->0(571)
[6804.246s][info][gc,heap        ] GC(1153) Survivor regions: 44->43(77)
[6804.246s][info][gc,heap        ] GC(1153) Old regions: 172->179
[6804.246s][info][gc,heap        ] GC(1153) Humongous regions: 33->33
[6804.246s][info][gc,metaspace   ] GC(1153) Metaspace: 30021K(30528K)->30021K(30528K) NonClass: 26620K(26880K)->26620K(26880K) Class: 3400K(3648K)->3400K(3648K)
[6804.246s][info][gc             ] GC(1153) Pause Young (Normal) (G1 Evacuation Pause) 6535M->2021M(8192M) 152.833ms
[6804.246s][info][gc,cpu         ] GC(1153) User=1.21s Sys=0.00s Real=0.16s
...[6807.361s][info][gc,start       ] GC(1154) Pause Young (Normal) (G1 Evacuation Pause)
[6807.361s][info][gc,task        ] GC(1154) Using 8 workers of 8 for evacuation
[6807.512s][info][gc,phases      ] GC(1154)   Pre Evacuate Collection Set: 0.26ms
[6807.512s][info][gc,phases      ] GC(1154)   Merge Heap Roots: 0.56ms
[6807.512s][info][gc,phases      ] GC(1154)   Evacuate Collection Set: 148.89ms
[6807.512s][info][gc,phases      ] GC(1154)   Post Evacuate Collection Set: 1.08ms
[6807.512s][info][gc,phases      ] GC(1154)   Other: 0.08ms
[6807.512s][info][gc,heap        ] GC(1154) Eden regions: 571->0(572)
[6807.512s][info][gc,heap        ] GC(1154) Survivor regions: 43->42(77)
[6807.512s][info][gc,heap        ] GC(1154) Old regions: 179->186
[6807.512s][info][gc,heap        ] GC(1154) Humongous regions: 33->33
[6807.512s][info][gc,metaspace   ] GC(1154) Metaspace: 30021K(30528K)->30021K(30528K) NonClass: 26620K(26880K)->26620K(26880K) Class: 3400K(3648K)->3400K(3648K)
[6807.512s][info][gc             ] GC(1154) Pause Young (Normal) (G1 Evacuation Pause) 6589M->2073M(8192M) 151.006ms
[6807.512s][info][gc,cpu         ] GC(1154) User=1.19s Sys=0.00s Real=0.15s
....[6810.830s][info][gc,start       ] GC(1155) Pause Young (Normal) (G1 Evacuation Pause)
[6810.831s][info][gc,task        ] GC(1155) Using 8 workers of 8 for evacuation
[6810.987s][info][gc,phases      ] GC(1155)   Pre Evacuate Collection Set: 0.25ms
[6810.987s][info][gc,phases      ] GC(1155)   Merge Heap Roots: 0.53ms
[6810.987s][info][gc,phases      ] GC(1155)   Evacuate Collection Set: 154.20ms
[6810.987s][info][gc,phases      ] GC(1155)   Post Evacuate Collection Set: 1.06ms
[6810.987s][info][gc,phases      ] GC(1155)   Other: 0.07ms
[6810.987s][info][gc,heap        ] GC(1155) Eden regions: 572->0(570)
[6810.987s][info][gc,heap        ] GC(1155) Survivor regions: 42->44(77)
[6810.987s][info][gc,heap        ] GC(1155) Old regions: 186->193
[6810.987s][info][gc,heap        ] GC(1155) Humongous regions: 33->33
[6810.987s][info][gc,metaspace   ] GC(1155) Metaspace: 30021K(30528K)->30021K(30528K) NonClass: 26620K(26880K)->26620K(26880K) Class: 3400K(3648K)->3400K(3648K)
[6810.987s][info][gc             ] GC(1155) Pause Young (Normal) (G1 Evacuation Pause) 6649M->2146M(8192M) 156.252ms
[6810.987s][info][gc,cpu         ] GC(1155) User=1.24s Sys=0.00s Real=0.16s
...[6814.233s][info][gc,start       ] GC(1156) Pause Young (Normal) (G1 Evacuation Pause)
[6814.234s][info][gc,task        ] GC(1156) Using 8 workers of 8 for evacuation
[6814.387s][info][gc,phases      ] GC(1156)   Pre Evacuate Collection Set: 0.23ms
[6814.387s][info][gc,phases      ] GC(1156)   Merge Heap Roots: 0.53ms
[6814.387s][info][gc,phases      ] GC(1156)   Evacuate Collection Set: 151.63ms
[6814.387s][info][gc,phases      ] GC(1156)   Post Evacuate Collection Set: 1.03ms
[6814.387s][info][gc,phases      ] GC(1156)   Other: 0.06ms
[6814.387s][info][gc,heap        ] GC(1156) Eden regions: 570->0(570)
[6814.387s][info][gc,heap        ] GC(1156) Survivor regions: 44->44(77)
[6814.387s][info][gc,heap        ] GC(1156) Old regions: 193->201
[6814.387s][info][gc,heap        ] GC(1156) Humongous regions: 33->33
[6814.387s][info][gc,metaspace   ] GC(1156) Metaspace: 30021K(30528K)->30021K(30528K) NonClass: 26620K(26880K)->26620K(26880K) Class: 3400K(3648K)->3400K(3648K)
[6814.387s][info][gc             ] GC(1156) Pause Young (Normal) (G1 Evacuation Pause) 6706M->2203M(8192M) 153.612ms
[6814.387s][info][gc,cpu         ] GC(1156) User=1.22s Sys=0.00s Real=0.16s
....[6817.613s][info][gc,start       ] GC(1157) Pause Young (Normal) (G1 Evacuation Pause)
[6817.613s][info][gc,task        ] GC(1157) Using 8 workers of 8 for evacuation
[6817.764s][info][gc,phases      ] GC(1157)   Pre Evacuate Collection Set: 0.26ms
[6817.764s][info][gc,phases      ] GC(1157)   Merge Heap Roots: 0.55ms
[6817.764s][info][gc,phases      ] GC(1157)   Evacuate Collection Set: 149.04ms
[6817.764s][info][gc,phases      ] GC(1157)   Post Evacuate Collection Set: 1.03ms
[6817.764s][info][gc,phases      ] GC(1157)   Other: 0.06ms
[6817.764s][info][gc,heap        ] GC(1157) Eden regions: 570->0(571)
[6817.764s][info][gc,heap        ] GC(1157) Survivor regions: 44->43(77)
[6817.764s][info][gc,heap        ] GC(1157) Old regions: 201->208
[6817.764s][info][gc,heap        ] GC(1157) Humongous regions: 33->33
[6817.764s][info][gc,metaspace   ] GC(1157) Metaspace: 30021K(30528K)->30021K(30528K) NonClass: 26620K(26880K)->26620K(26880K) Class: 3400K(3648K)->3400K(3648K)
[6817.764s][info][gc             ] GC(1157) Pause Young (Normal) (G1 Evacuation Pause) 6763M->2253M(8192M) 151.084ms
[6817.764s][info][gc,cpu         ] GC(1157) User=1.19s Sys=0.00s Real=0.15s
...[6820.956s][info][gc,start       ] GC(1158) Pause Young (Normal) (G1 Evacuation Pause)
[6820.956s][info][gc,task        ] GC(1158) Using 8 workers of 8 for evacuation
[6821.104s][info][gc,phases      ] GC(1158)   Pre Evacuate Collection Set: 0.24ms
[6821.104s][info][gc,phases      ] GC(1158)   Merge Heap Roots: 0.59ms
[6821.104s][info][gc,phases      ] GC(1158)   Evacuate Collection Set: 145.83ms
[6821.104s][info][gc,phases      ] GC(1158)   Post Evacuate Collection Set: 1.05ms
[6821.104s][info][gc,phases      ] GC(1158)   Other: 0.06ms
[6821.104s][info][gc,heap        ] GC(1158) Eden regions: 571->0(572)
[6821.104s][info][gc,heap        ] GC(1158) Survivor regions: 43->42(77)
[6821.104s][info][gc,heap        ] GC(1158) Old regions: 208->215
[6821.104s][info][gc,heap        ] GC(1158) Humongous regions: 33->33
[6821.104s][info][gc,metaspace   ] GC(1158) Metaspace: 30021K(30528K)->30021K(30528K) NonClass: 26620K(26880K)->26620K(26880K) Class: 3400K(3648K)->3400K(3648K)
[6821.104s][info][gc             ] GC(1158) Pause Young (Normal) (G1 Evacuation Pause) 6821M->2301M(8192M) 147.908ms
[6821.104s][info][gc,cpu         ] GC(1158) User=1.17s Sys=0.00s Real=0.14s
...[6824.344s][info][gc,start       ] GC(1159) Pause Young (Normal) (G1 Evacuation Pause)
[6824.344s][info][gc,task        ] GC(1159) Using 8 workers of 8 for evacuation
[6824.500s][info][gc,phases      ] GC(1159)   Pre Evacuate Collection Set: 0.22ms
[6824.500s][info][gc,phases      ] GC(1159)   Merge Heap Roots: 0.58ms
[6824.500s][info][gc,phases      ] GC(1159)   Evacuate Collection Set: 153.28ms
[6824.500s][info][gc,phases      ] GC(1159)   Post Evacuate Collection Set: 1.04ms
[6824.500s][info][gc,phases      ] GC(1159)   Other: 0.07ms
[6824.500s][info][gc,heap        ] GC(1159) Eden regions: 572->0(571)
[6824.500s][info][gc,heap        ] GC(1159) Survivor regions: 42->43(77)
[6824.500s][info][gc,heap        ] GC(1159) Old regions: 215->222
[6824.500s][info][gc,heap        ] GC(1159) Humongous regions: 33->33
[6824.500s][info][gc,metaspace   ] GC(1159) Metaspace: 30021K(30528K)->30021K(30528K) NonClass: 26620K(26880K)->26620K(26880K) Class: 3400K(3648K)->3400K(3648K)
[6824.500s][info][gc             ] GC(1159) Pause Young (Normal) (G1 Evacuation Pause) 6877M->2370M(8192M) 155.303ms
[6824.500s][info][gc,cpu         ] GC(1159) User=1.23s Sys=0.00s Real=0.16s
....[6827.665s][info][gc,start       ] GC(1160) Pause Young (Normal) (G1 Evacuation Pause)
[6827.665s][info][gc,task        ] GC(1160) Using 8 workers of 8 for evacuation
[6827.823s][info][gc,phases      ] GC(1160)   Pre Evacuate Collection Set: 0.22ms
[6827.823s][info][gc,phases      ] GC(1160)   Merge Heap Roots: 0.53ms
[6827.823s][info][gc,phases      ] GC(1160)   Evacuate Collection Set: 156.37ms
[6827.823s][info][gc,phases      ] GC(1160)   Post Evacuate Collection Set: 1.08ms
[6827.823s][info][gc,phases      ] GC(1160)   Other: 0.06ms
[6827.823s][info][gc,heap        ] GC(1160) Eden regions: 571->0(569)
[6827.823s][info][gc,heap        ] GC(1160) Survivor regions: 43->45(77)
[6827.823s][info][gc,heap        ] GC(1160) Old regions: 222->230
[6827.823s][info][gc,heap        ] GC(1160) Humongous regions: 33->33
[6827.823s][info][gc,metaspace   ] GC(1160) Metaspace: 30021K(30528K)->30021K(30528K) NonClass: 26620K(26880K)->26620K(26880K) Class: 3400K(3648K)->3400K(3648K)
[6827.823s][info][gc             ] GC(1160) Pause Young (Normal) (G1 Evacuation Pause) 6938M->2443M(8192M) 158.399ms
[6827.823s][info][gc,cpu         ] GC(1160) User=1.26s Sys=0.00s Real=0.16s
...[6830.845s][info][gc,start       ] GC(1161) Pause Young (Normal) (G1 Evacuation Pause)
[6830.845s][info][gc,task        ] GC(1161) Using 8 workers of 8 for evacuation
[6831.004s][info][gc,phases      ] GC(1161)   Pre Evacuate Collection Set: 0.24ms
[6831.004s][info][gc,phases      ] GC(1161)   Merge Heap Roots: 0.55ms
[6831.004s][info][gc,phases      ] GC(1161)   Evacuate Collection Set: 157.45ms
[6831.004s][info][gc,phases      ] GC(1161)   Post Evacuate Collection Set: 1.03ms
[6831.004s][info][gc,phases      ] GC(1161)   Other: 0.06ms
[6831.004s][info][gc,heap        ] GC(1161) Eden regions: 569->0(569)
[6831.004s][info][gc,heap        ] GC(1161) Survivor regions: 45->45(77)
[6831.004s][info][gc,heap        ] GC(1161) Old regions: 230->237
[6831.004s][info][gc,heap        ] GC(1161) Humongous regions: 33->33
[6831.004s][info][gc,metaspace   ] GC(1161) Metaspace: 30021K(30528K)->30021K(30528K) NonClass: 26620K(26880K)->26620K(26880K) Class: 3400K(3648K)->3400K(3648K)
[6831.004s][info][gc             ] GC(1161) Pause Young (Normal) (G1 Evacuation Pause) 6995M->2501M(8192M) 159.459ms
[6831.005s][info][gc,cpu         ] GC(1161) User=1.26s Sys=0.00s Real=0.16s
...[6834.200s][info][gc,start       ] GC(1162) Pause Young (Normal) (G1 Evacuation Pause)
[6834.200s][info][gc,task        ] GC(1162) Using 8 workers of 8 for evacuation
[6834.353s][info][gc,phases      ] GC(1162)   Pre Evacuate Collection Set: 0.21ms
[6834.353s][info][gc,phases      ] GC(1162)   Merge Heap Roots: 0.56ms
[6834.353s][info][gc,phases      ] GC(1162)   Evacuate Collection Set: 151.30ms
[6834.353s][info][gc,phases      ] GC(1162)   Post Evacuate Collection Set: 1.04ms
[6834.353s][info][gc,phases      ] GC(1162)   Other: 0.06ms
[6834.353s][info][gc,heap        ] GC(1162) Eden regions: 569->0(570)
[6834.353s][info][gc,heap        ] GC(1162) Survivor regions: 45->44(77)
[6834.353s][info][gc,heap        ] GC(1162) Old regions: 237->244
[6834.353s][info][gc,heap        ] GC(1162) Humongous regions: 33->33
[6834.353s][info][gc,metaspace   ] GC(1162) Metaspace: 30021K(30528K)->30021K(30528K) NonClass: 26620K(26880K)->26620K(26880K) Class: 3400K(3648K)->3400K(3648K)
[6834.353s][info][gc             ] GC(1162) Pause Young (Normal) (G1 Evacuation Pause) 7053M->2549M(8192M) 153.306ms
[6834.353s][info][gc,cpu         ] GC(1162) User=1.22s Sys=0.00s Real=0.15s
...[6837.583s][info][gc,start       ] GC(1163) Pause Young (Normal) (G1 Evacuation Pause)
[6837.583s][info][gc,task        ] GC(1163) Using 8 workers of 8 for evacuation
[6837.737s][info][gc,phases      ] GC(1163)   Pre Evacuate Collection Set: 0.25ms
[6837.737s][info][gc,phases      ] GC(1163)   Merge Heap Roots: 0.60ms
[6837.737s][info][gc,phases      ] GC(1163)   Evacuate Collection Set: 152.06ms
[6837.737s][info][gc,phases      ] GC(1163)   Post Evacuate Collection Set: 1.07ms
[6837.737s][info][gc,phases      ] GC(1163)   Other: 0.71ms
[6837.737s][info][gc,heap        ] GC(1163) Eden regions: 570->0(570)
[6837.737s][info][gc,heap        ] GC(1163) Survivor regions: 44->44(77)
[6837.737s][info][gc,heap        ] GC(1163) Old regions: 244->251
[6837.737s][info][gc,heap        ] GC(1163) Humongous regions: 33->33
[6837.737s][info][gc,metaspace   ] GC(1163) Metaspace: 30021K(30528K)->30021K(30528K) NonClass: 26620K(26880K)->26620K(26880K) Class: 3400K(3648K)->3400K(3648K)
[6837.737s][info][gc             ] GC(1163) Pause Young (Normal) (G1 Evacuation Pause) 7109M->2606M(8192M) 154.828ms
[6837.738s][info][gc,cpu         ] GC(1163) User=1.22s Sys=0.00s Real=0.16s
....[6840.949s][info][gc,start       ] GC(1164) Pause Young (Normal) (G1 Evacuation Pause)
[6840.949s][info][gc,task        ] GC(1164) Using 8 workers of 8 for evacuation
[6841.103s][info][gc,phases      ] GC(1164)   Pre Evacuate Collection Set: 0.21ms
[6841.103s][info][gc,phases      ] GC(1164)   Merge Heap Roots: 0.54ms
[6841.103s][info][gc,phases      ] GC(1164)   Evacuate Collection Set: 152.21ms
[6841.103s][info][gc,phases      ] GC(1164)   Post Evacuate Collection Set: 1.02ms
[6841.103s][info][gc,phases      ] GC(1164)   Other: 0.06ms
[6841.103s][info][gc,heap        ] GC(1164) Eden regions: 570->0(571)
[6841.103s][info][gc,heap        ] GC(1164) Survivor regions: 44->43(77)
[6841.103s][info][gc,heap        ] GC(1164) Old regions: 251->259
[6841.103s][info][gc,heap        ] GC(1164) Humongous regions: 33->33
[6841.103s][info][gc,metaspace   ] GC(1164) Metaspace: 30021K(30528K)->30021K(30528K) NonClass: 26620K(26880K)->26620K(26880K) Class: 3400K(3648K)->3400K(3648K)
[6841.103s][info][gc             ] GC(1164) Pause Young (Normal) (G1 Evacuation Pause) 7166M->2661M(8192M) 154.198ms
[6841.103s][info][gc,cpu         ] GC(1164) User=1.22s Sys=0.00s Real=0.15s
...[6844.208s][info][gc,start       ] GC(1165) Pause Young (Normal) (G1 Evacuation Pause)
[6844.208s][info][gc,task        ] GC(1165) Using 8 workers of 8 for evacuation
[6844.360s][info][gc,phases      ] GC(1165)   Pre Evacuate Collection Set: 0.25ms
[6844.360s][info][gc,phases      ] GC(1165)   Merge Heap Roots: 0.53ms
[6844.360s][info][gc,phases      ] GC(1165)   Evacuate Collection Set: 150.37ms
[6844.360s][info][gc,phases      ] GC(1165)   Post Evacuate Collection Set: 1.07ms
[6844.360s][info][gc,phases      ] GC(1165)   Other: 0.06ms
[6844.360s][info][gc,heap        ] GC(1165) Eden regions: 571->0(571)
[6844.360s][info][gc,heap        ] GC(1165) Survivor regions: 43->43(77)
[6844.360s][info][gc,heap        ] GC(1165) Old regions: 259->266
[6844.360s][info][gc,heap        ] GC(1165) Humongous regions: 33->33
[6844.360s][info][gc,metaspace   ] GC(1165) Metaspace: 30021K(30528K)->30021K(30528K) NonClass: 26620K(26880K)->26620K(26880K) Class: 3400K(3648K)->3400K(3648K)
[6844.360s][info][gc             ] GC(1165) Pause Young (Normal) (G1 Evacuation Pause) 7229M->2717M(8192M) 152.419ms
[6844.360s][info][gc,cpu         ] GC(1165) User=1.19s Sys=0.01s Real=0.15s
...[6847.586s][info][gc,start       ] GC(1166) Pause Young (Normal) (G1 Evacuation Pause)
[6847.586s][info][gc,task        ] GC(1166) Using 8 workers of 8 for evacuation
[6847.742s][info][gc,phases      ] GC(1166)   Pre Evacuate Collection Set: 0.23ms
[6847.742s][info][gc,phases      ] GC(1166)   Merge Heap Roots: 0.54ms
[6847.742s][info][gc,phases      ] GC(1166)   Evacuate Collection Set: 154.71ms
[6847.742s][info][gc,phases      ] GC(1166)   Post Evacuate Collection Set: 1.03ms
[6847.742s][info][gc,phases      ] GC(1166)   Other: 0.06ms
[6847.742s][info][gc,heap        ] GC(1166) Eden regions: 571->0(570)
[6847.742s][info][gc,heap        ] GC(1166) Survivor regions: 43->44(77)
[6847.742s][info][gc,heap        ] GC(1166) Old regions: 266->273
[6847.742s][info][gc,heap        ] GC(1166) Humongous regions: 33->33
[6847.742s][info][gc,metaspace   ] GC(1166) Metaspace: 30021K(30528K)->30021K(30528K) NonClass: 26620K(26880K)->26620K(26880K) Class: 3400K(3648K)->3400K(3648K)
[6847.742s][info][gc             ] GC(1166) Pause Young (Normal) (G1 Evacuation Pause) 7285M->2782M(8192M) 156.703ms
[6847.742s][info][gc,cpu         ] GC(1166) User=1.24s Sys=0.00s Real=0.16s
....[6850.885s][info][gc,start       ] GC(1167) Pause Young (Normal) (G1 Evacuation Pause)
[6850.885s][info][gc,task        ] GC(1167) Using 8 workers of 8 for evacuation
[6851.038s][info][gc,phases      ] GC(1167)   Pre Evacuate Collection Set: 0.25ms
[6851.038s][info][gc,phases      ] GC(1167)   Merge Heap Roots: 0.54ms
[6851.038s][info][gc,phases      ] GC(1167)   Evacuate Collection Set: 151.63ms
[6851.038s][info][gc,phases      ] GC(1167)   Post Evacuate Collection Set: 1.05ms
[6851.038s][info][gc,phases      ] GC(1167)   Other: 0.06ms
[6851.038s][info][gc,heap        ] GC(1167) Eden regions: 570->0(571)
[6851.038s][info][gc,heap        ] GC(1167) Survivor regions: 44->43(77)
[6851.038s][info][gc,heap        ] GC(1167) Old regions: 273->280
[6851.038s][info][gc,heap        ] GC(1167) Humongous regions: 33->33
[6851.038s][info][gc,metaspace   ] GC(1167) Metaspace: 30021K(30528K)->30021K(30528K) NonClass: 26620K(26880K)->26620K(26880K) Class: 3400K(3648K)->3400K(3648K)
[6851.038s][info][gc             ] GC(1167) Pause Young (Normal) (G1 Evacuation Pause) 7342M->2831M(8192M) 153.666ms
[6851.038s][info][gc,cpu         ] GC(1167) User=1.21s Sys=0.00s Real=0.16s
...[6854.161s][info][gc,start       ] GC(1168) Pause Young (Normal) (G1 Evacuation Pause)
[6854.161s][info][gc,task        ] GC(1168) Using 8 workers of 8 for evacuation
[6854.312s][info][gc,phases      ] GC(1168)   Pre Evacuate Collection Set: 0.24ms
[6854.312s][info][gc,phases      ] GC(1168)   Merge Heap Roots: 0.55ms
[6854.312s][info][gc,phases      ] GC(1168)   Evacuate Collection Set: 149.31ms
[6854.312s][info][gc,phases      ] GC(1168)   Post Evacuate Collection Set: 1.07ms
[6854.312s][info][gc,phases      ] GC(1168)   Other: 0.06ms
[6854.312s][info][gc,heap        ] GC(1168) Eden regions: 571->0(566)
[6854.312s][info][gc,heap        ] GC(1168) Survivor regions: 43->43(77)
[6854.312s][info][gc,heap        ] GC(1168) Old regions: 280->287
[6854.312s][info][gc,heap        ] GC(1168) Humongous regions: 33->33
[6854.312s][info][gc,metaspace   ] GC(1168) Metaspace: 30021K(30528K)->30021K(30528K) NonClass: 26620K(26880K)->26620K(26880K) Class: 3400K(3648K)->3400K(3648K)
[6854.312s][info][gc             ] GC(1168) Pause Young (Normal) (G1 Evacuation Pause) 7399M->2887M(8192M) 151.354ms
[6854.312s][info][gc,cpu         ] GC(1168) User=1.20s Sys=0.00s Real=0.15s
.. (rIR:aIR:PR = 11485:11449:11453) (tPR = 170407) [OK] 
  6855s: Performance info:
         Transaction,    Success,    Partial,     Failed,   Receipts, AvgBarcode, 
             Overall,     689674,          0,          0,     655048,      59.48, 
         Response times:
             Request,    Success,    Partial,     Failed,   SkipFail,     Probes,    Samples,      min,      p50,      p90,      p95,      p99,      max, 
       TotalPurchase,     654846,          0,          0,          0,     357682,     411380,      300,    10200,    62000,    91000,   165000,  1200000,
     InStorePurchase,     343515,          0,          0,          0,     187977,     215940,      300,    10200,    62000,    90000,   162000,  1200000,
      OnlinePurchase,     242073,          0,          0,          0,     131961,     151679,      300,    10200,    62000,    91000,   170000,  1200000,
        InstPurchase,      69258,          0,          0,          0,      37744,      43761,      400,    10600,    63000,    91000,   165380,  1200000,
          AssocOfCat,        691,          0,          0,          0,        565,        727,    34000,    64000,   123000,   156600,   231160,   455000,
      AssocOfProduct,       6911,          0,          0,          0,       4215,       5064,     1100,    11400,    66000,    98750,   180000,   770000,
      BusinessReport,       1726,          0,          0,          0,       1544,       1927,    36000,    75000,   131000,   157000,   225720,   461000,
          CustBuyBeh,       6898,          0,          0,          0,       4195,       4993,      200,    11100,    59000,    92000,   179180,   600000,
       ProductReturn,      18380,          0,          0,          0,       9394,      11070,      200,     9800,    64000,    90000,   168000,   900000,

  6855s: (84%)   IR =  11623 .[6857.503s][info][gc,start       ] GC(1169) Pause Young (Normal) (G1 Evacuation Pause)
[6857.503s][info][gc,task        ] GC(1169) Using 8 workers of 8 for evacuation
[6857.662s][info][gc,phases      ] GC(1169)   Pre Evacuate Collection Set: 0.24ms
[6857.662s][info][gc,phases      ] GC(1169)   Merge Heap Roots: 0.56ms
[6857.662s][info][gc,phases      ] GC(1169)   Evacuate Collection Set: 156.49ms
[6857.662s][info][gc,phases      ] GC(1169)   Post Evacuate Collection Set: 1.04ms
[6857.662s][info][gc,phases      ] GC(1169)   Other: 0.07ms
[6857.662s][info][gc,heap        ] GC(1169) Eden regions: 566->0(557)
[6857.662s][info][gc,heap        ] GC(1169) Survivor regions: 43->44(77)
[6857.662s][info][gc,heap        ] GC(1169) Old regions: 287->294
[6857.662s][info][gc,heap        ] GC(1169) Humongous regions: 33->33
[6857.662s][info][gc,metaspace   ] GC(1169) Metaspace: 30021K(30528K)->30021K(30528K) NonClass: 26620K(26880K)->26620K(26880K) Class: 3400K(3648K)->3400K(3648K)
[6857.662s][info][gc             ] GC(1169) Pause Young (Normal) (G1 Evacuation Pause) 7415M->2955M(8192M) 158.570ms
[6857.662s][info][gc,cpu         ] GC(1169) User=1.25s Sys=0.00s Real=0.16s
...[6860.643s][info][gc,start       ] GC(1170) Pause Young (Normal) (G1 Evacuation Pause)
[6860.643s][info][gc,task        ] GC(1170) Using 8 workers of 8 for evacuation
[6860.805s][info][gc,phases      ] GC(1170)   Pre Evacuate Collection Set: 0.23ms
[6860.805s][info][gc,phases      ] GC(1170)   Merge Heap Roots: 0.56ms
[6860.805s][info][gc,phases      ] GC(1170)   Evacuate Collection Set: 160.07ms
[6860.805s][info][gc,phases      ] GC(1170)   Post Evacuate Collection Set: 1.05ms
[6860.805s][info][gc,phases      ] GC(1170)   Other: 0.06ms
[6860.805s][info][gc,heap        ] GC(1170) Eden regions: 557->0(547)
[6860.805s][info][gc,heap        ] GC(1170) Survivor regions: 44->45(76)
[6860.805s][info][gc,heap        ] GC(1170) Old regions: 294->302
[6860.805s][info][gc,heap        ] GC(1170) Humongous regions: 33->33
[6860.805s][info][gc,metaspace   ] GC(1170) Metaspace: 30021K(30528K)->30021K(30528K) NonClass: 26620K(26880K)->26620K(26880K) Class: 3400K(3648K)->3400K(3648K)
[6860.805s][info][gc             ] GC(1170) Pause Young (Normal) (G1 Evacuation Pause) 7411M->3022M(8192M) 162.088ms
[6860.805s][info][gc,cpu         ] GC(1170) User=1.28s Sys=0.01s Real=0.16s
...[6863.767s][info][gc,start       ] GC(1171) Pause Young (Concurrent Start) (G1 Evacuation Pause)
[6863.767s][info][gc,task        ] GC(1171) Using 8 workers of 8 for evacuation
[6863.921s][info][gc,phases      ] GC(1171)   Pre Evacuate Collection Set: 0.26ms
[6863.922s][info][gc,phases      ] GC(1171)   Merge Heap Roots: 0.54ms
[6863.922s][info][gc,phases      ] GC(1171)   Evacuate Collection Set: 152.79ms
[6863.922s][info][gc,phases      ] GC(1171)   Post Evacuate Collection Set: 1.04ms
[6863.922s][info][gc,phases      ] GC(1171)   Other: 0.08ms
[6863.922s][info][gc,heap        ] GC(1171) Eden regions: 547->0(546)
[6863.922s][info][gc,heap        ] GC(1171) Survivor regions: 45->42(74)
[6863.922s][info][gc,heap        ] GC(1171) Old regions: 302->309
[6863.922s][info][gc,heap        ] GC(1171) Humongous regions: 33->33
[6863.922s][info][gc,metaspace   ] GC(1171) Metaspace: 30021K(30528K)->30021K(30528K) NonClass: 26620K(26880K)->26620K(26880K) Class: 3400K(3648K)->3400K(3648K)
[6863.922s][info][gc             ] GC(1171) Pause Young (Concurrent Start) (G1 Evacuation Pause) 7398M->3058M(8192M) 154.835ms
[6863.922s][info][gc             ] GC(1172) Concurrent Mark Cycle
[6863.922s][info][gc,marking     ] GC(1172) Concurrent Scan Root Regions
[6863.922s][info][gc,cpu         ] GC(1171) User=1.22s Sys=0.01s Real=0.15s
.[6864.240s][info][gc,marking     ] GC(1172) Concurrent Scan Root Regions 317.947ms
[6864.240s][info][gc,marking     ] GC(1172) Concurrent Mark
[6864.240s][info][gc,marking     ] GC(1172) Concurrent Mark From Roots
[6864.240s][info][gc,task        ] GC(1172) Using 2 workers of 2 for marking
.[6865.441s][info][gc,marking     ] GC(1172) Concurrent Mark From Roots 1201.698ms
[6865.441s][info][gc,marking     ] GC(1172) Concurrent Preclean
[6865.442s][info][gc,marking     ] GC(1172) Concurrent Preclean 0.174ms
[6865.442s][info][gc,start       ] GC(1172) Pause Remark
[6865.444s][info][gc             ] GC(1172) Pause Remark 4846M->4350M(8192M) 2.030ms
[6865.444s][info][gc,cpu         ] GC(1172) User=0.01s Sys=0.00s Real=0.00s
[6865.444s][info][gc,marking     ] GC(1172) Concurrent Mark 1204.199ms
[6865.444s][info][gc,marking     ] GC(1172) Concurrent Rebuild Remembered Sets and Scrub Regions
.[6866.212s][info][gc,marking     ] GC(1172) Concurrent Rebuild Remembered Sets and Scrub Regions 768.654ms
[6866.213s][info][gc,start       ] GC(1172) Pause Cleanup
[6866.213s][info][gc             ] GC(1172) Pause Cleanup 5374M->5374M(8192M) 0.242ms
[6866.213s][info][gc,cpu         ] GC(1172) User=0.00s Sys=0.00s Real=0.00s
[6866.213s][info][gc,marking     ] GC(1172) Concurrent Clear Claimed Marks
[6866.213s][info][gc,marking     ] GC(1172) Concurrent Clear Claimed Marks 0.038ms
[6866.213s][info][gc,marking     ] GC(1172) Concurrent Cleanup for Next Mark
[6866.225s][info][gc,marking     ] GC(1172) Concurrent Cleanup for Next Mark 11.524ms
[6866.225s][info][gc             ] GC(1172) Concurrent Mark Cycle 2302.990ms
.[6867.178s][info][gc,start       ] GC(1173) Pause Young (Prepare Mixed) (G1 Evacuation Pause)
[6867.178s][info][gc,task        ] GC(1173) Using 8 workers of 8 for evacuation
[6867.337s][info][gc,phases      ] GC(1173)   Pre Evacuate Collection Set: 0.21ms
[6867.337s][info][gc,phases      ] GC(1173)   Merge Heap Roots: 0.78ms
[6867.337s][info][gc,phases      ] GC(1173)   Evacuate Collection Set: 156.54ms
[6867.337s][info][gc,phases      ] GC(1173)   Post Evacuate Collection Set: 1.10ms
[6867.337s][info][gc,phases      ] GC(1173)   Other: 0.07ms
[6867.337s][info][gc,heap        ] GC(1173) Eden regions: 546->0(569)
[6867.337s][info][gc,heap        ] GC(1173) Survivor regions: 42->45(74)
[6867.337s][info][gc,heap        ] GC(1173) Old regions: 247->255
[6867.337s][info][gc,heap        ] GC(1173) Humongous regions: 33->33
[6867.337s][info][gc,metaspace   ] GC(1173) Metaspace: 30021K(30528K)->30021K(30528K) NonClass: 26620K(26880K)->26620K(26880K) Class: 3400K(3648K)->3400K(3648K)
[6867.337s][info][gc             ] GC(1173) Pause Young (Prepare Mixed) (G1 Evacuation Pause) 6930M->2642M(8192M) 158.823ms
[6867.337s][info][gc,cpu         ] GC(1173) User=1.26s Sys=0.00s Real=0.16s
...[6870.369s][info][gc,start       ] GC(1174) Pause Young (Mixed) (G1 Evacuation Pause)
[6870.369s][info][gc,task        ] GC(1174) Using 8 workers of 8 for evacuation
[6870.531s][info][gc,phases      ] GC(1174)   Pre Evacuate Collection Set: 0.24ms
[6870.531s][info][gc,phases      ] GC(1174)   Merge Heap Roots: 0.79ms
[6870.531s][info][gc,phases      ] GC(1174)   Evacuate Collection Set: 159.71ms
[6870.531s][info][gc,phases      ] GC(1174)   Post Evacuate Collection Set: 1.29ms
[6870.531s][info][gc,phases      ] GC(1174)   Other: 0.07ms
[6870.531s][info][gc,heap        ] GC(1174) Eden regions: 569->0(570)
[6870.531s][info][gc,heap        ] GC(1174) Survivor regions: 45->44(77)
[6870.531s][info][gc,heap        ] GC(1174) Old regions: 255->160
[6870.531s][info][gc,heap        ] GC(1174) Humongous regions: 33->33
[6870.531s][info][gc,metaspace   ] GC(1174) Metaspace: 30021K(30528K)->30021K(30528K) NonClass: 26620K(26880K)->26620K(26880K) Class: 3400K(3648K)->3400K(3648K)
[6870.531s][info][gc             ] GC(1174) Pause Young (Mixed) (G1 Evacuation Pause) 7194M->1878M(8192M) 162.244ms
[6870.531s][info][gc,cpu         ] GC(1174) User=1.29s Sys=0.00s Real=0.16s
...[6873.570s][info][gc,start       ] GC(1175) Pause Young (Mixed) (G1 Evacuation Pause)
[6873.570s][info][gc,task        ] GC(1175) Using 8 workers of 8 for evacuation
[6873.732s][info][gc,phases      ] GC(1175)   Pre Evacuate Collection Set: 0.23ms
[6873.732s][info][gc,phases      ] GC(1175)   Merge Heap Roots: 0.79ms
[6873.732s][info][gc,phases      ] GC(1175)   Evacuate Collection Set: 160.38ms
[6873.732s][info][gc,phases      ] GC(1175)   Post Evacuate Collection Set: 1.07ms
[6873.732s][info][gc,phases      ] GC(1175)   Other: 0.07ms
[6873.732s][info][gc,heap        ] GC(1175) Eden regions: 570->0(570)
[6873.732s][info][gc,heap        ] GC(1175) Survivor regions: 44->44(77)
[6873.732s][info][gc,heap        ] GC(1175) Old regions: 160->144
[6873.732s][info][gc,heap        ] GC(1175) Humongous regions: 33->33
[6873.732s][info][gc,metaspace   ] GC(1175) Metaspace: 30021K(30528K)->30021K(30528K) NonClass: 26620K(26880K)->26620K(26880K) Class: 3400K(3648K)->3400K(3648K)
[6873.732s][info][gc             ] GC(1175) Pause Young (Mixed) (G1 Evacuation Pause) 6438M->1753M(8192M) 162.656ms
[6873.732s][info][gc,cpu         ] GC(1175) User=1.28s Sys=0.00s Real=0.16s
.|..[6876.799s][info][gc,start       ] GC(1176) Pause Young (Normal) (G1 Evacuation Pause)
[6876.799s][info][gc,task        ] GC(1176) Using 8 workers of 8 for evacuation
[6876.959s][info][gc,phases      ] GC(1176)   Pre Evacuate Collection Set: 0.23ms
[6876.959s][info][gc,phases      ] GC(1176)   Merge Heap Roots: 0.53ms
[6876.959s][info][gc,phases      ] GC(1176)   Evacuate Collection Set: 157.97ms
[6876.959s][info][gc,phases      ] GC(1176)   Post Evacuate Collection Set: 1.03ms
[6876.959s][info][gc,phases      ] GC(1176)   Other: 0.07ms
[6876.959s][info][gc,heap        ] GC(1176) Eden regions: 570->0(569)
[6876.959s][info][gc,heap        ] GC(1176) Survivor regions: 44->45(77)
[6876.959s][info][gc,heap        ] GC(1176) Old regions: 144->151
[6876.959s][info][gc,heap        ] GC(1176) Humongous regions: 33->33
[6876.959s][info][gc,metaspace   ] GC(1176) Metaspace: 30021K(30528K)->30021K(30528K) NonClass: 26620K(26880K)->26620K(26880K) Class: 3400K(3648K)->3400K(3648K)
[6876.959s][info][gc             ] GC(1176) Pause Young (Normal) (G1 Evacuation Pause) 6313M->1815M(8192M) 159.975ms
[6876.959s][info][gc,cpu         ] GC(1176) User=1.26s Sys=0.00s Real=0.16s
....[6880.078s][info][gc,start       ] GC(1177) Pause Young (Normal) (G1 Evacuation Pause)
[6880.078s][info][gc,task        ] GC(1177) Using 8 workers of 8 for evacuation
[6880.227s][info][gc,phases      ] GC(1177)   Pre Evacuate Collection Set: 0.22ms
[6880.227s][info][gc,phases      ] GC(1177)   Merge Heap Roots: 0.53ms
[6880.227s][info][gc,phases      ] GC(1177)   Evacuate Collection Set: 147.47ms
[6880.227s][info][gc,phases      ] GC(1177)   Post Evacuate Collection Set: 1.02ms
[6880.227s][info][gc,phases      ] GC(1177)   Other: 0.06ms
[6880.227s][info][gc,heap        ] GC(1177) Eden regions: 569->0(572)
[6880.227s][info][gc,heap        ] GC(1177) Survivor regions: 45->42(77)
[6880.227s][info][gc,heap        ] GC(1177) Old regions: 151->158
[6880.227s][info][gc,heap        ] GC(1177) Humongous regions: 33->33
[6880.227s][info][gc,metaspace   ] GC(1177) Metaspace: 30021K(30528K)->30021K(30528K) NonClass: 26620K(26880K)->26620K(26880K) Class: 3400K(3648K)->3400K(3648K)
[6880.227s][info][gc             ] GC(1177) Pause Young (Normal) (G1 Evacuation Pause) 6367M->1851M(8192M) 149.428ms
[6880.227s][info][gc,cpu         ] GC(1177) User=1.18s Sys=0.00s Real=0.15s
...[6883.327s][info][gc,start       ] GC(1178) Pause Young (Normal) (G1 Evacuation Pause)
[6883.327s][info][gc,task        ] GC(1178) Using 8 workers of 8 for evacuation
[6883.481s][info][gc,phases      ] GC(1178)   Pre Evacuate Collection Set: 0.23ms
[6883.481s][info][gc,phases      ] GC(1178)   Merge Heap Roots: 0.53ms
[6883.481s][info][gc,phases      ] GC(1178)   Evacuate Collection Set: 151.43ms
[6883.481s][info][gc,phases      ] GC(1178)   Post Evacuate Collection Set: 1.06ms
[6883.481s][info][gc,phases      ] GC(1178)   Other: 0.06ms
[6883.481s][info][gc,heap        ] GC(1178) Eden regions: 572->0(570)
[6883.481s][info][gc,heap        ] GC(1178) Survivor regions: 42->44(77)
[6883.481s][info][gc,heap        ] GC(1178) Old regions: 158->165
[6883.481s][info][gc,heap        ] GC(1178) Humongous regions: 33->33
[6883.481s][info][gc,metaspace   ] GC(1178) Metaspace: 30021K(30528K)->30021K(30528K) NonClass: 26620K(26880K)->26620K(26880K) Class: 3400K(3648K)->3400K(3648K)
[6883.481s][info][gc             ] GC(1178) Pause Young (Normal) (G1 Evacuation Pause) 6427M->1919M(8192M) 153.449ms
[6883.481s][info][gc,cpu         ] GC(1178) User=1.21s Sys=0.00s Real=0.15s
...[6886.642s][info][gc,start       ] GC(1179) Pause Young (Normal) (G1 Evacuation Pause)
[6886.642s][info][gc,task        ] GC(1179) Using 8 workers of 8 for evacuation
[6886.800s][info][gc,phases      ] GC(1179)   Pre Evacuate Collection Set: 0.22ms
[6886.800s][info][gc,phases      ] GC(1179)   Merge Heap Roots: 0.54ms
[6886.800s][info][gc,phases      ] GC(1179)   Evacuate Collection Set: 155.86ms
[6886.800s][info][gc,phases      ] GC(1179)   Post Evacuate Collection Set: 1.06ms
[6886.800s][info][gc,phases      ] GC(1179)   Other: 0.06ms
[6886.800s][info][gc,heap        ] GC(1179) Eden regions: 570->0(570)
[6886.800s][info][gc,heap        ] GC(1179) Survivor regions: 44->44(77)
[6886.800s][info][gc,heap        ] GC(1179) Old regions: 165->172
[6886.800s][info][gc,heap        ] GC(1179) Humongous regions: 33->33
[6886.800s][info][gc,metaspace   ] GC(1179) Metaspace: 30021K(30528K)->30021K(30528K) NonClass: 26620K(26880K)->26620K(26880K) Class: 3400K(3648K)->3400K(3648K)
[6886.800s][info][gc             ] GC(1179) Pause Young (Normal) (G1 Evacuation Pause) 6479M->1979M(8192M) 157.891ms
[6886.800s][info][gc,cpu         ] GC(1179) User=1.25s Sys=0.00s Real=0.16s
...[6889.887s][info][gc,start       ] GC(1180) Pause Young (Normal) (G1 Evacuation Pause)
[6889.887s][info][gc,task        ] GC(1180) Using 8 workers of 8 for evacuation
[6890.034s][info][gc,phases      ] GC(1180)   Pre Evacuate Collection Set: 0.27ms
[6890.034s][info][gc,phases      ] GC(1180)   Merge Heap Roots: 0.54ms
[6890.034s][info][gc,phases      ] GC(1180)   Evacuate Collection Set: 145.29ms
[6890.034s][info][gc,phases      ] GC(1180)   Post Evacuate Collection Set: 1.04ms
[6890.034s][info][gc,phases      ] GC(1180)   Other: 0.06ms
[6890.034s][info][gc,heap        ] GC(1180) Eden regions: 570->0(572)
[6890.034s][info][gc,heap        ] GC(1180) Survivor regions: 44->42(77)
[6890.034s][info][gc,heap        ] GC(1180) Old regions: 172->180
[6890.034s][info][gc,heap        ] GC(1180) Humongous regions: 33->33
[6890.034s][info][gc,metaspace   ] GC(1180) Metaspace: 30021K(30528K)->30021K(30528K) NonClass: 26620K(26880K)->26620K(26880K) Class: 3400K(3648K)->3400K(3648K)
[6890.034s][info][gc             ] GC(1180) Pause Young (Normal) (G1 Evacuation Pause) 6539M->2019M(8192M) 147.323ms
[6890.034s][info][gc,cpu         ] GC(1180) User=1.16s Sys=0.01s Real=0.14s
....[6893.210s][info][gc,start       ] GC(1181) Pause Young (Normal) (G1 Evacuation Pause)
[6893.210s][info][gc,task        ] GC(1181) Using 8 workers of 8 for evacuation
[6893.364s][info][gc,phases      ] GC(1181)   Pre Evacuate Collection Set: 0.26ms
[6893.364s][info][gc,phases      ] GC(1181)   Merge Heap Roots: 0.53ms
[6893.364s][info][gc,phases      ] GC(1181)   Evacuate Collection Set: 152.72ms
[6893.364s][info][gc,phases      ] GC(1181)   Post Evacuate Collection Set: 1.05ms
[6893.364s][info][gc,phases      ] GC(1181)   Other: 0.06ms
[6893.364s][info][gc,heap        ] GC(1181) Eden regions: 572->0(571)
[6893.364s][info][gc,heap        ] GC(1181) Survivor regions: 42->43(77)
[6893.364s][info][gc,heap        ] GC(1181) Old regions: 180->187
[6893.364s][info][gc,heap        ] GC(1181) Humongous regions: 33->33
[6893.364s][info][gc,metaspace   ] GC(1181) Metaspace: 30021K(30528K)->30021K(30528K) NonClass: 26620K(26880K)->26620K(26880K) Class: 3400K(3648K)->3400K(3648K)
[6893.364s][info][gc             ] GC(1181) Pause Young (Normal) (G1 Evacuation Pause) 6595M->2091M(8192M) 154.759ms
[6893.364s][info][gc,cpu         ] GC(1181) User=1.22s Sys=0.00s Real=0.15s
...[6896.526s][info][gc,start       ] GC(1182) Pause Young (Normal) (G1 Evacuation Pause)
[6896.526s][info][gc,task        ] GC(1182) Using 8 workers of 8 for evacuation
[6896.677s][info][gc,phases      ] GC(1182)   Pre Evacuate Collection Set: 0.24ms
[6896.677s][info][gc,phases      ] GC(1182)   Merge Heap Roots: 0.54ms
[6896.677s][info][gc,phases      ] GC(1182)   Evacuate Collection Set: 149.64ms
[6896.677s][info][gc,phases      ] GC(1182)   Post Evacuate Collection Set: 1.06ms
[6896.677s][info][gc,phases      ] GC(1182)   Other: 0.07ms
[6896.677s][info][gc,heap        ] GC(1182) Eden regions: 571->0(571)
[6896.677s][info][gc,heap        ] GC(1182) Survivor regions: 43->43(77)
[6896.677s][info][gc,heap        ] GC(1182) Old regions: 187->194
[6896.677s][info][gc,heap        ] GC(1182) Humongous regions: 33->33
[6896.677s][info][gc,metaspace   ] GC(1182) Metaspace: 30021K(30528K)->30021K(30528K) NonClass: 26620K(26880K)->26620K(26880K) Class: 3400K(3648K)->3400K(3648K)
[6896.677s][info][gc             ] GC(1182) Pause Young (Normal) (G1 Evacuation Pause) 6659M->2147M(8192M) 151.685ms
[6896.677s][info][gc,cpu         ] GC(1182) User=1.20s Sys=0.00s Real=0.16s
...[6899.775s][info][gc,start       ] GC(1183) Pause Young (Normal) (G1 Evacuation Pause)
[6899.775s][info][gc,task        ] GC(1183) Using 8 workers of 8 for evacuation
[6899.928s][info][gc,phases      ] GC(1183)   Pre Evacuate Collection Set: 0.26ms
[6899.928s][info][gc,phases      ] GC(1183)   Merge Heap Roots: 0.54ms
[6899.928s][info][gc,phases      ] GC(1183)   Evacuate Collection Set: 150.88ms
[6899.928s][info][gc,phases      ] GC(1183)   Post Evacuate Collection Set: 1.07ms
[6899.928s][info][gc,phases      ] GC(1183)   Other: 0.07ms
[6899.928s][info][gc,heap        ] GC(1183) Eden regions: 571->0(570)
[6899.928s][info][gc,heap        ] GC(1183) Survivor regions: 43->44(77)
[6899.928s][info][gc,heap        ] GC(1183) Old regions: 194->201
[6899.928s][info][gc,heap        ] GC(1183) Humongous regions: 33->33
[6899.928s][info][gc,metaspace   ] GC(1183) Metaspace: 30021K(30528K)->30021K(30528K) NonClass: 26620K(26880K)->26620K(26880K) Class: 3400K(3648K)->3400K(3648K)
[6899.928s][info][gc             ] GC(1183) Pause Young (Normal) (G1 Evacuation Pause) 6715M->2211M(8192M) 152.945ms
[6899.928s][info][gc,cpu         ] GC(1183) User=1.21s Sys=0.00s Real=0.16s
....[6903.051s][info][gc,start       ] GC(1184) Pause Young (Normal) (G1 Evacuation Pause)
[6903.051s][info][gc,task        ] GC(1184) Using 8 workers of 8 for evacuation
[6903.204s][info][gc,phases      ] GC(1184)   Pre Evacuate Collection Set: 0.22ms
[6903.204s][info][gc,phases      ] GC(1184)   Merge Heap Roots: 0.53ms
[6903.204s][info][gc,phases      ] GC(1184)   Evacuate Collection Set: 150.85ms
[6903.204s][info][gc,phases      ] GC(1184)   Post Evacuate Collection Set: 1.09ms
[6903.204s][info][gc,phases      ] GC(1184)   Other: 0.07ms
[6903.204s][info][gc,heap        ] GC(1184) Eden regions: 570->0(570)
[6903.204s][info][gc,heap        ] GC(1184) Survivor regions: 44->44(77)
[6903.204s][info][gc,heap        ] GC(1184) Old regions: 201->209
[6903.204s][info][gc,heap        ] GC(1184) Humongous regions: 33->33
[6903.204s][info][gc,metaspace   ] GC(1184) Metaspace: 30021K(30528K)->30021K(30528K) NonClass: 26620K(26880K)->26620K(26880K) Class: 3400K(3648K)->3400K(3648K)
[6903.204s][info][gc             ] GC(1184) Pause Young (Normal) (G1 Evacuation Pause) 6771M->2265M(8192M) 152.896ms
[6903.204s][info][gc,cpu         ] GC(1184) User=1.21s Sys=0.00s Real=0.15s
...[6906.384s][info][gc,start       ] GC(1185) Pause Young (Normal) (G1 Evacuation Pause)
[6906.384s][info][gc,task        ] GC(1185) Using 8 workers of 8 for evacuation
[6906.541s][info][gc,phases      ] GC(1185)   Pre Evacuate Collection Set: 0.25ms
[6906.541s][info][gc,phases      ] GC(1185)   Merge Heap Roots: 0.55ms
[6906.541s][info][gc,phases      ] GC(1185)   Evacuate Collection Set: 155.37ms
[6906.541s][info][gc,phases      ] GC(1185)   Post Evacuate Collection Set: 1.04ms
[6906.541s][info][gc,phases      ] GC(1185)   Other: 0.06ms
[6906.541s][info][gc,heap        ] GC(1185) Eden regions: 570->0(570)
[6906.541s][info][gc,heap        ] GC(1185) Survivor regions: 44->44(77)
[6906.541s][info][gc,heap        ] GC(1185) Old regions: 209->216
[6906.541s][info][gc,heap        ] GC(1185) Humongous regions: 33->33
[6906.541s][info][gc,metaspace   ] GC(1185) Metaspace: 30021K(30528K)->30021K(30528K) NonClass: 26620K(26880K)->26620K(26880K) Class: 3400K(3648K)->3400K(3648K)
[6906.541s][info][gc             ] GC(1185) Pause Young (Normal) (G1 Evacuation Pause) 6825M->2321M(8192M) 157.410ms
[6906.541s][info][gc,cpu         ] GC(1185) User=1.25s Sys=0.00s Real=0.16s
...[6909.740s][info][gc,start       ] GC(1186) Pause Young (Normal) (G1 Evacuation Pause)
[6909.740s][info][gc,task        ] GC(1186) Using 8 workers of 8 for evacuation
[6909.893s][info][gc,phases      ] GC(1186)   Pre Evacuate Collection Set: 0.22ms
[6909.893s][info][gc,phases      ] GC(1186)   Merge Heap Roots: 0.57ms
[6909.893s][info][gc,phases      ] GC(1186)   Evacuate Collection Set: 151.39ms
[6909.893s][info][gc,phases      ] GC(1186)   Post Evacuate Collection Set: 1.05ms
[6909.893s][info][gc,phases      ] GC(1186)   Other: 0.06ms
[6909.893s][info][gc,heap        ] GC(1186) Eden regions: 570->0(570)
[6909.893s][info][gc,heap        ] GC(1186) Survivor regions: 44->44(77)
[6909.893s][info][gc,heap        ] GC(1186) Old regions: 216->223
[6909.893s][info][gc,heap        ] GC(1186) Humongous regions: 33->33
[6909.893s][info][gc,metaspace   ] GC(1186) Metaspace: 30021K(30528K)->30021K(30528K) NonClass: 26620K(26880K)->26620K(26880K) Class: 3400K(3648K)->3400K(3648K)
[6909.893s][info][gc             ] GC(1186) Pause Young (Normal) (G1 Evacuation Pause) 6881M->2378M(8192M) 153.440ms
[6909.894s][info][gc,cpu         ] GC(1186) User=1.21s Sys=0.00s Real=0.15s
...[6912.984s][info][gc,start       ] GC(1187) Pause Young (Normal) (G1 Evacuation Pause)
[6912.984s][info][gc,task        ] GC(1187) Using 8 workers of 8 for evacuation
[6913.134s][info][gc,phases      ] GC(1187)   Pre Evacuate Collection Set: 0.23ms
[6913.134s][info][gc,phases      ] GC(1187)   Merge Heap Roots: 0.54ms
[6913.134s][info][gc,phases      ] GC(1187)   Evacuate Collection Set: 147.93ms
[6913.134s][info][gc,phases      ] GC(1187)   Post Evacuate Collection Set: 1.03ms
[6913.134s][info][gc,phases      ] GC(1187)   Other: 0.06ms
[6913.134s][info][gc,heap        ] GC(1187) Eden regions: 570->0(571)
[6913.134s][info][gc,heap        ] GC(1187) Survivor regions: 44->43(77)
[6913.134s][info][gc,heap        ] GC(1187) Old regions: 223->230
[6913.134s][info][gc,heap        ] GC(1187) Humongous regions: 33->33
[6913.134s][info][gc,metaspace   ] GC(1187) Metaspace: 30021K(30528K)->30021K(30528K) NonClass: 26620K(26880K)->26620K(26880K) Class: 3400K(3648K)->3400K(3648K)
[6913.134s][info][gc             ] GC(1187) Pause Young (Normal) (G1 Evacuation Pause) 6938M->2434M(8192M) 149.910ms
[6913.134s][info][gc,cpu         ] GC(1187) User=1.18s Sys=0.00s Real=0.15s
....[6916.264s][info][gc,start       ] GC(1188) Pause Young (Normal) (G1 Evacuation Pause)
[6916.265s][info][gc,task        ] GC(1188) Using 8 workers of 8 for evacuation
[6916.420s][info][gc,phases      ] GC(1188)   Pre Evacuate Collection Set: 0.22ms
[6916.420s][info][gc,phases      ] GC(1188)   Merge Heap Roots: 0.55ms
[6916.420s][info][gc,phases      ] GC(1188)   Evacuate Collection Set: 153.17ms
[6916.420s][info][gc,phases      ] GC(1188)   Post Evacuate Collection Set: 1.04ms
[6916.420s][info][gc,phases      ] GC(1188)   Other: 0.06ms
[6916.420s][info][gc,heap        ] GC(1188) Eden regions: 571->0(570)
[6916.420s][info][gc,heap        ] GC(1188) Survivor regions: 43->44(77)
[6916.420s][info][gc,heap        ] GC(1188) Old regions: 230->237
[6916.420s][info][gc,heap        ] GC(1188) Humongous regions: 33->33
[6916.420s][info][gc,metaspace   ] GC(1188) Metaspace: 30021K(30528K)->30021K(30528K) NonClass: 26620K(26880K)->26620K(26880K) Class: 3400K(3648K)->3400K(3648K)
[6916.420s][info][gc             ] GC(1188) Pause Young (Normal) (G1 Evacuation Pause) 7002M->2499M(8192M) 155.164ms
[6916.420s][info][gc,cpu         ] GC(1188) User=1.23s Sys=0.00s Real=0.16s
...[6919.472s][info][gc,start       ] GC(1189) Pause Young (Normal) (G1 Evacuation Pause)
[6919.472s][info][gc,task        ] GC(1189) Using 8 workers of 8 for evacuation
[6919.629s][info][gc,phases      ] GC(1189)   Pre Evacuate Collection Set: 0.23ms
[6919.629s][info][gc,phases      ] GC(1189)   Merge Heap Roots: 0.52ms
[6919.629s][info][gc,phases      ] GC(1189)   Evacuate Collection Set: 155.03ms
[6919.629s][info][gc,phases      ] GC(1189)   Post Evacuate Collection Set: 1.05ms
[6919.629s][info][gc,phases      ] GC(1189)   Other: 0.06ms
[6919.629s][info][gc,heap        ] GC(1189) Eden regions: 570->0(570)
[6919.629s][info][gc,heap        ] GC(1189) Survivor regions: 44->44(77)
[6919.629s][info][gc,heap        ] GC(1189) Old regions: 237->245
[6919.629s][info][gc,heap        ] GC(1189) Humongous regions: 33->33
[6919.629s][info][gc,metaspace   ] GC(1189) Metaspace: 30021K(30528K)->30021K(30528K) NonClass: 26620K(26880K)->26620K(26880K) Class: 3400K(3648K)->3400K(3648K)
[6919.629s][info][gc             ] GC(1189) Pause Young (Normal) (G1 Evacuation Pause) 7059M->2558M(8192M) 157.024ms
[6919.629s][info][gc,cpu         ] GC(1189) User=1.24s Sys=0.00s Real=0.16s
...[6922.887s][info][gc,start       ] GC(1190) Pause Young (Normal) (G1 Evacuation Pause)
[6922.887s][info][gc,task        ] GC(1190) Using 8 workers of 8 for evacuation
[6923.040s][info][gc,phases      ] GC(1190)   Pre Evacuate Collection Set: 0.23ms
[6923.040s][info][gc,phases      ] GC(1190)   Merge Heap Roots: 0.60ms
[6923.040s][info][gc,phases      ] GC(1190)   Evacuate Collection Set: 150.96ms
[6923.040s][info][gc,phases      ] GC(1190)   Post Evacuate Collection Set: 1.03ms
[6923.040s][info][gc,phases      ] GC(1190)   Other: 0.07ms
[6923.040s][info][gc,heap        ] GC(1190) Eden regions: 570->0(570)
[6923.040s][info][gc,heap        ] GC(1190) Survivor regions: 44->44(77)
[6923.040s][info][gc,heap        ] GC(1190) Old regions: 245->252
[6923.040s][info][gc,heap        ] GC(1190) Humongous regions: 33->33
[6923.040s][info][gc,metaspace   ] GC(1190) Metaspace: 30021K(30528K)->30021K(30528K) NonClass: 26620K(26880K)->26620K(26880K) Class: 3400K(3648K)->3400K(3648K)
[6923.040s][info][gc             ] GC(1190) Pause Young (Normal) (G1 Evacuation Pause) 7118M->2613M(8192M) 153.041ms
[6923.040s][info][gc,cpu         ] GC(1190) User=1.21s Sys=0.00s Real=0.15s
...[6926.149s][info][gc,start       ] GC(1191) Pause Young (Normal) (G1 Evacuation Pause)
[6926.149s][info][gc,task        ] GC(1191) Using 8 workers of 8 for evacuation
[6926.302s][info][gc,phases      ] GC(1191)   Pre Evacuate Collection Set: 0.22ms
[6926.302s][info][gc,phases      ] GC(1191)   Merge Heap Roots: 0.57ms
[6926.302s][info][gc,phases      ] GC(1191)   Evacuate Collection Set: 151.14ms
[6926.302s][info][gc,phases      ] GC(1191)   Post Evacuate Collection Set: 1.03ms
[6926.302s][info][gc,phases      ] GC(1191)   Other: 0.06ms
[6926.303s][info][gc,heap        ] GC(1191) Eden regions: 570->0(571)
[6926.303s][info][gc,heap        ] GC(1191) Survivor regions: 44->43(77)
[6926.303s][info][gc,heap        ] GC(1191) Old regions: 252->259
[6926.303s][info][gc,heap        ] GC(1191) Humongous regions: 33->33
[6926.303s][info][gc,metaspace   ] GC(1191) Metaspace: 30021K(30528K)->30021K(30528K) NonClass: 26620K(26880K)->26620K(26880K) Class: 3400K(3648K)->3400K(3648K)
[6926.303s][info][gc             ] GC(1191) Pause Young (Normal) (G1 Evacuation Pause) 7173M->2667M(8192M) 153.145ms
[6926.303s][info][gc,cpu         ] GC(1191) User=1.21s Sys=0.00s Real=0.15s
....[6929.419s][info][gc,start       ] GC(1192) Pause Young (Normal) (G1 Evacuation Pause)
[6929.419s][info][gc,task        ] GC(1192) Using 8 workers of 8 for evacuation
[6929.571s][info][gc,phases      ] GC(1192)   Pre Evacuate Collection Set: 0.24ms
[6929.571s][info][gc,phases      ] GC(1192)   Merge Heap Roots: 0.56ms
[6929.571s][info][gc,phases      ] GC(1192)   Evacuate Collection Set: 150.26ms
[6929.571s][info][gc,phases      ] GC(1192)   Post Evacuate Collection Set: 1.05ms
[6929.571s][info][gc,phases      ] GC(1192)   Other: 0.07ms
[6929.571s][info][gc,heap        ] GC(1192) Eden regions: 571->0(570)
[6929.571s][info][gc,heap        ] GC(1192) Survivor regions: 43->44(77)
[6929.571s][info][gc,heap        ] GC(1192) Old regions: 259->267
[6929.571s][info][gc,heap        ] GC(1192) Humongous regions: 33->33
[6929.571s][info][gc,metaspace   ] GC(1192) Metaspace: 30021K(30528K)->30021K(30528K) NonClass: 26620K(26880K)->26620K(26880K) Class: 3400K(3648K)->3400K(3648K)
[6929.571s][info][gc             ] GC(1192) Pause Young (Normal) (G1 Evacuation Pause) 7235M->2733M(8192M) 152.309ms
[6929.572s][info][gc,cpu         ] GC(1192) User=1.21s Sys=0.00s Real=0.15s
...[6932.725s][info][gc,start       ] GC(1193) Pause Young (Normal) (G1 Evacuation Pause)
[6932.725s][info][gc,task        ] GC(1193) Using 8 workers of 8 for evacuation
[6932.882s][info][gc,phases      ] GC(1193)   Pre Evacuate Collection Set: 0.23ms
[6932.882s][info][gc,phases      ] GC(1193)   Merge Heap Roots: 0.54ms
[6932.882s][info][gc,phases      ] GC(1193)   Evacuate Collection Set: 155.47ms
[6932.882s][info][gc,phases      ] GC(1193)   Post Evacuate Collection Set: 1.06ms
[6932.882s][info][gc,phases      ] GC(1193)   Other: 0.06ms
[6932.882s][info][gc,heap        ] GC(1193) Eden regions: 570->0(570)
[6932.882s][info][gc,heap        ] GC(1193) Survivor regions: 44->44(77)
[6932.882s][info][gc,heap        ] GC(1193) Old regions: 267->274
[6932.882s][info][gc,heap        ] GC(1193) Humongous regions: 33->33
[6932.882s][info][gc,metaspace   ] GC(1193) Metaspace: 30021K(30528K)->30021K(30528K) NonClass: 26620K(26880K)->26620K(26880K) Class: 3400K(3648K)->3400K(3648K)
[6932.882s][info][gc             ] GC(1193) Pause Young (Normal) (G1 Evacuation Pause) 7293M->2794M(8192M) 157.500ms
[6932.882s][info][gc,cpu         ] GC(1193) User=1.25s Sys=0.00s Real=0.16s
.. (rIR:aIR:PR = 11623:11647:11662) (tPR = 173734) [OK] 
  6934s: Performance info:
         Transaction,    Success,    Partial,     Failed,   Receipts, AvgBarcode, 
             Overall,     704068,          0,          0,     668862,      59.48, 
         Response times:
             Request,    Success,    Partial,     Failed,   SkipFail,     Probes,    Samples,      min,      p50,      p90,      p95,      p99,      max, 
       TotalPurchase,     667990,          0,          0,          0,     358234,     472760,      300,    12500,    88000,   143000,   235000,  3200000,
     InStorePurchase,     351402,          0,          0,          0,     188717,     248759,      300,    12400,    88000,   144000,   236000,  3200000,
      OnlinePurchase,     246024,          0,          0,          0,     132050,     174095,      300,    12600,    87000,   143000,   236000,  3200000,
        InstPurchase,      70564,          0,          0,          0,      37467,      49906,      400,    12400,    88000,   141000,   227000,  3200000,
          AssocOfCat,        700,          0,          0,          0,        602,        926,    33000,    67000,   137600,   211300,   290730,   387000,
      AssocOfProduct,       7041,          0,          0,          0,       4218,       5865,      600,    11900,    92000,   144000,   224340,   860000,
      BusinessReport,       1764,          0,          0,          0,       1558,       2195,    36000,    79000,   169400,   224000,   303040,  3200000,
          CustBuyBeh,       6997,          0,          0,          0,       4248,       5897,      300,    12200,    88000,   134000,   220020,   770000,
       ProductReturn,      18632,          0,          0,          0,       9484,      12977,      300,    12900,    89000,   138000,   221000,  1300000,

  6934s: (85%)   IR =  11761 .[6935.986s][info][gc,start       ] GC(1194) Pause Young (Normal) (G1 Evacuation Pause)
[6935.986s][info][gc,task        ] GC(1194) Using 8 workers of 8 for evacuation
[6936.139s][info][gc,phases      ] GC(1194)   Pre Evacuate Collection Set: 0.22ms
[6936.139s][info][gc,phases      ] GC(1194)   Merge Heap Roots: 0.54ms
[6936.139s][info][gc,phases      ] GC(1194)   Evacuate Collection Set: 150.92ms
[6936.139s][info][gc,phases      ] GC(1194)   Post Evacuate Collection Set: 1.11ms
[6936.139s][info][gc,phases      ] GC(1194)   Other: 0.06ms
[6936.139s][info][gc,heap        ] GC(1194) Eden regions: 570->0(571)
[6936.139s][info][gc,heap        ] GC(1194) Survivor regions: 44->43(77)
[6936.139s][info][gc,heap        ] GC(1194) Old regions: 274->282
[6936.139s][info][gc,heap        ] GC(1194) Humongous regions: 33->33
[6936.139s][info][gc,metaspace   ] GC(1194) Metaspace: 30021K(30528K)->30021K(30528K) NonClass: 26620K(26880K)->26620K(26880K) Class: 3400K(3648K)->3400K(3648K)
[6936.139s][info][gc             ] GC(1194) Pause Young (Normal) (G1 Evacuation Pause) 7354M->2846M(8192M) 152.993ms
[6936.139s][info][gc,cpu         ] GC(1194) User=1.21s Sys=0.00s Real=0.16s
...[6939.285s][info][gc,start       ] GC(1195) Pause Young (Normal) (G1 Evacuation Pause)
[6939.285s][info][gc,task        ] GC(1195) Using 8 workers of 8 for evacuation
[6939.437s][info][gc,phases      ] GC(1195)   Pre Evacuate Collection Set: 0.26ms
[6939.437s][info][gc,phases      ] GC(1195)   Merge Heap Roots: 0.61ms
[6939.437s][info][gc,phases      ] GC(1195)   Evacuate Collection Set: 149.80ms
[6939.437s][info][gc,phases      ] GC(1195)   Post Evacuate Collection Set: 1.04ms
[6939.437s][info][gc,phases      ] GC(1195)   Other: 0.06ms
[6939.437s][info][gc,heap        ] GC(1195) Eden regions: 571->0(562)
[6939.437s][info][gc,heap        ] GC(1195) Survivor regions: 43->44(77)
[6939.437s][info][gc,heap        ] GC(1195) Old regions: 282->289
[6939.437s][info][gc,heap        ] GC(1195) Humongous regions: 33->33
[6939.437s][info][gc,metaspace   ] GC(1195) Metaspace: 30021K(30528K)->30021K(30528K) NonClass: 26620K(26880K)->26620K(26880K) Class: 3400K(3648K)->3400K(3648K)
[6939.437s][info][gc             ] GC(1195) Pause Young (Normal) (G1 Evacuation Pause) 7414M->2907M(8192M) 151.919ms
[6939.437s][info][gc,cpu         ] GC(1195) User=1.20s Sys=0.00s Real=0.16s
....[6942.568s][info][gc,start       ] GC(1196) Pause Young (Normal) (G1 Evacuation Pause)
[6942.568s][info][gc,task        ] GC(1196) Using 8 workers of 8 for evacuation
[6942.722s][info][gc,phases      ] GC(1196)   Pre Evacuate Collection Set: 0.25ms
[6942.722s][info][gc,phases      ] GC(1196)   Merge Heap Roots: 0.64ms
[6942.722s][info][gc,phases      ] GC(1196)   Evacuate Collection Set: 151.73ms
[6942.722s][info][gc,phases      ] GC(1196)   Post Evacuate Collection Set: 1.04ms
[6942.722s][info][gc,phases      ] GC(1196)   Other: 0.06ms
[6942.722s][info][gc,heap        ] GC(1196) Eden regions: 562->0(555)
[6942.722s][info][gc,heap        ] GC(1196) Survivor regions: 44->44(76)
[6942.722s][info][gc,heap        ] GC(1196) Old regions: 289->296
[6942.722s][info][gc,heap        ] GC(1196) Humongous regions: 33->33
[6942.722s][info][gc,metaspace   ] GC(1196) Metaspace: 30021K(30528K)->30021K(30528K) NonClass: 26620K(26880K)->26620K(26880K) Class: 3400K(3648K)->3400K(3648K)
[6942.722s][info][gc             ] GC(1196) Pause Young (Normal) (G1 Evacuation Pause) 7403M->2965M(8192M) 153.845ms
[6942.722s][info][gc,cpu         ] GC(1196) User=1.22s Sys=0.00s Real=0.15s
...[6945.793s][info][gc,start       ] GC(1197) Pause Young (Normal) (G1 Evacuation Pause)
[6945.793s][info][gc,task        ] GC(1197) Using 8 workers of 8 for evacuation
[6945.949s][info][gc,phases      ] GC(1197)   Pre Evacuate Collection Set: 0.21ms
[6945.950s][info][gc,phases      ] GC(1197)   Merge Heap Roots: 0.52ms
[6945.950s][info][gc,phases      ] GC(1197)   Evacuate Collection Set: 154.76ms
[6945.950s][info][gc,phases      ] GC(1197)   Post Evacuate Collection Set: 1.04ms
[6945.950s][info][gc,phases      ] GC(1197)   Other: 0.06ms
[6945.950s][info][gc,heap        ] GC(1197) Eden regions: 555->0(548)
[6945.950s][info][gc,heap        ] GC(1197) Survivor regions: 44->44(75)
[6945.950s][info][gc,heap        ] GC(1197) Old regions: 296->303
[6945.950s][info][gc,heap        ] GC(1197) Humongous regions: 33->33
[6945.950s][info][gc,metaspace   ] GC(1197) Metaspace: 30021K(30528K)->30021K(30528K) NonClass: 26620K(26880K)->26620K(26880K) Class: 3400K(3648K)->3400K(3648K)
[6945.950s][info][gc             ] GC(1197) Pause Young (Normal) (G1 Evacuation Pause) 7405M->3023M(8192M) 156.722ms
[6945.950s][info][gc,cpu         ] GC(1197) User=1.24s Sys=0.00s Real=0.16s
...[6948.880s][info][gc,start       ] GC(1198) Pause Young (Concurrent Start) (G1 Evacuation Pause)
[6948.880s][info][gc,task        ] GC(1198) Using 8 workers of 8 for evacuation
[6949.035s][info][gc,phases      ] GC(1198)   Pre Evacuate Collection Set: 0.26ms
[6949.035s][info][gc,phases      ] GC(1198)   Merge Heap Roots: 0.54ms
[6949.035s][info][gc,phases      ] GC(1198)   Evacuate Collection Set: 153.33ms
[6949.035s][info][gc,phases      ] GC(1198)   Post Evacuate Collection Set: 1.04ms
[6949.035s][info][gc,phases      ] GC(1198)   Other: 0.09ms
[6949.035s][info][gc,heap        ] GC(1198) Eden regions: 548->0(542)
[6949.035s][info][gc,heap        ] GC(1198) Survivor regions: 44->43(74)
[6949.035s][info][gc,heap        ] GC(1198) Old regions: 303->311
[6949.035s][info][gc,heap        ] GC(1198) Humongous regions: 33->33
[6949.035s][info][gc,metaspace   ] GC(1198) Metaspace: 30021K(30528K)->30021K(30528K) NonClass: 26620K(26880K)->26620K(26880K) Class: 3400K(3648K)->3400K(3648K)
[6949.035s][info][gc             ] GC(1198) Pause Young (Concurrent Start) (G1 Evacuation Pause) 7407M->3077M(8192M) 155.398ms
[6949.035s][info][gc             ] GC(1199) Concurrent Mark Cycle
[6949.035s][info][gc,marking     ] GC(1199) Concurrent Scan Root Regions
[6949.035s][info][gc,cpu         ] GC(1198) User=1.23s Sys=0.00s Real=0.15s
[6949.304s][info][gc,marking     ] GC(1199) Concurrent Scan Root Regions 269.034ms
[6949.304s][info][gc,marking     ] GC(1199) Concurrent Mark
[6949.304s][info][gc,marking     ] GC(1199) Concurrent Mark From Roots
[6949.304s][info][gc,task        ] GC(1199) Using 2 workers of 2 for marking
..[6950.550s][info][gc,marking     ] GC(1199) Concurrent Mark From Roots 1245.683ms
[6950.550s][info][gc,marking     ] GC(1199) Concurrent Preclean
[6950.550s][info][gc,marking     ] GC(1199) Concurrent Preclean 0.118ms
[6950.550s][info][gc,start       ] GC(1199) Pause Remark
[6950.552s][info][gc             ] GC(1199) Pause Remark 4786M->4322M(8192M) 1.651ms
[6950.552s][info][gc,cpu         ] GC(1199) User=0.01s Sys=0.00s Real=0.00s
[6950.552s][info][gc,marking     ] GC(1199) Concurrent Mark 1247.755ms
[6950.552s][info][gc,marking     ] GC(1199) Concurrent Rebuild Remembered Sets and Scrub Regions
[6951.356s][info][gc,marking     ] GC(1199) Concurrent Rebuild Remembered Sets and Scrub Regions 803.761ms
[6951.356s][info][gc,start       ] GC(1199) Pause Cleanup
[6951.356s][info][gc             ] GC(1199) Pause Cleanup 5370M->5370M(8192M) 0.248ms
[6951.356s][info][gc,cpu         ] GC(1199) User=0.00s Sys=0.00s Real=0.00s
[6951.356s][info][gc,marking     ] GC(1199) Concurrent Clear Claimed Marks
[6951.356s][info][gc,marking     ] GC(1199) Concurrent Clear Claimed Marks 0.041ms
[6951.356s][info][gc,marking     ] GC(1199) Concurrent Cleanup for Next Mark
[6951.368s][info][gc,marking     ] GC(1199) Concurrent Cleanup for Next Mark 11.298ms
[6951.368s][info][gc             ] GC(1199) Concurrent Mark Cycle 2332.543ms
.[6952.307s][info][gc,start       ] GC(1200) Pause Young (Prepare Mixed) (G1 Evacuation Pause)
[6952.307s][info][gc,task        ] GC(1200) Using 8 workers of 8 for evacuation
[6952.465s][info][gc,phases      ] GC(1200)   Pre Evacuate Collection Set: 0.21ms
[6952.465s][info][gc,phases      ] GC(1200)   Merge Heap Roots: 0.74ms
[6952.465s][info][gc,phases      ] GC(1200)   Evacuate Collection Set: 155.96ms
[6952.465s][info][gc,phases      ] GC(1200)   Post Evacuate Collection Set: 1.17ms
[6952.465s][info][gc,phases      ] GC(1200)   Other: 0.06ms
[6952.465s][info][gc,heap        ] GC(1200) Eden regions: 542->0(570)
[6952.465s][info][gc,heap        ] GC(1200) Survivor regions: 43->44(74)
[6952.465s][info][gc,heap        ] GC(1200) Old regions: 253->260
[6952.465s][info][gc,heap        ] GC(1200) Humongous regions: 33->33
[6952.465s][info][gc,metaspace   ] GC(1200) Metaspace: 30021K(30528K)->30021K(30528K) NonClass: 26620K(26880K)->26620K(26880K) Class: 3400K(3648K)->3400K(3648K)
[6952.465s][info][gc             ] GC(1200) Pause Young (Prepare Mixed) (G1 Evacuation Pause) 6949M->2681M(8192M) 158.314ms
[6952.465s][info][gc,cpu         ] GC(1200) User=1.25s Sys=0.00s Real=0.15s
...[6955.219s][info][gc,start       ] GC(1201) Pause Young (Mixed) (G1 Evacuation Pause)
[6955.219s][info][gc,task        ] GC(1201) Using 8 workers of 8 for evacuation
[6955.374s][info][gc,phases      ] GC(1201)   Pre Evacuate Collection Set: 0.26ms
[6955.374s][info][gc,phases      ] GC(1201)   Merge Heap Roots: 0.75ms
[6955.374s][info][gc,phases      ] GC(1201)   Evacuate Collection Set: 152.81ms
[6955.374s][info][gc,phases      ] GC(1201)   Post Evacuate Collection Set: 1.25ms
[6955.374s][info][gc,phases      ] GC(1201)   Other: 0.07ms
[6955.374s][info][gc,heap        ] GC(1201) Eden regions: 570->0(572)
[6955.374s][info][gc,heap        ] GC(1201) Survivor regions: 44->42(77)
[6955.374s][info][gc,heap        ] GC(1201) Old regions: 260->165
[6955.374s][info][gc,heap        ] GC(1201) Humongous regions: 33->33
[6955.374s][info][gc,metaspace   ] GC(1201) Metaspace: 30021K(30528K)->30021K(30528K) NonClass: 26620K(26880K)->26620K(26880K) Class: 3400K(3648K)->3400K(3648K)
[6955.374s][info][gc             ] GC(1201) Pause Young (Mixed) (G1 Evacuation Pause) 7241M->1906M(8192M) 155.289ms
[6955.374s][info][gc,cpu         ] GC(1201) User=1.23s Sys=0.00s Real=0.15s
...[6958.469s][info][gc,start       ] GC(1202) Pause Young (Mixed) (G1 Evacuation Pause)
[6958.469s][info][gc,task        ] GC(1202) Using 8 workers of 8 for evacuation
[6958.632s][info][gc,phases      ] GC(1202)   Pre Evacuate Collection Set: 0.25ms
[6958.632s][info][gc,phases      ] GC(1202)   Merge Heap Roots: 0.81ms
[6958.632s][info][gc,phases      ] GC(1202)   Evacuate Collection Set: 160.54ms
[6958.632s][info][gc,phases      ] GC(1202)   Post Evacuate Collection Set: 1.09ms
[6958.632s][info][gc,phases      ] GC(1202)   Other: 0.07ms
[6958.632s][info][gc,heap        ] GC(1202) Eden regions: 572->0(570)
[6958.632s][info][gc,heap        ] GC(1202) Survivor regions: 42->44(77)
[6958.632s][info][gc,heap        ] GC(1202) Old regions: 165->144
[6958.632s][info][gc,heap        ] GC(1202) Humongous regions: 33->33
[6958.632s][info][gc,metaspace   ] GC(1202) Metaspace: 30021K(30528K)->30021K(30528K) NonClass: 26620K(26880K)->26620K(26880K) Class: 3400K(3648K)->3400K(3648K)
[6958.632s][info][gc             ] GC(1202) Pause Young (Mixed) (G1 Evacuation Pause) 6482M->1745M(8192M) 162.889ms
[6958.632s][info][gc,cpu         ] GC(1202) User=1.29s Sys=0.00s Real=0.16s
....|[6961.712s][info][gc,start       ] GC(1203) Pause Young (Normal) (G1 Evacuation Pause)
[6961.712s][info][gc,task        ] GC(1203) Using 8 workers of 8 for evacuation
[6961.867s][info][gc,phases      ] GC(1203)   Pre Evacuate Collection Set: 0.22ms
[6961.867s][info][gc,phases      ] GC(1203)   Merge Heap Roots: 0.60ms
[6961.867s][info][gc,phases      ] GC(1203)   Evacuate Collection Set: 152.86ms
[6961.867s][info][gc,phases      ] GC(1203)   Post Evacuate Collection Set: 1.05ms
[6961.867s][info][gc,phases      ] GC(1203)   Other: 0.07ms
[6961.867s][info][gc,heap        ] GC(1203) Eden regions: 570->0(571)
[6961.867s][info][gc,heap        ] GC(1203) Survivor regions: 44->43(77)
[6961.867s][info][gc,heap        ] GC(1203) Old regions: 144->151
[6961.867s][info][gc,heap        ] GC(1203) Humongous regions: 33->33
[6961.867s][info][gc,metaspace   ] GC(1203) Metaspace: 30021K(30528K)->30021K(30528K) NonClass: 26620K(26880K)->26620K(26880K) Class: 3400K(3648K)->3400K(3648K)
[6961.867s][info][gc             ] GC(1203) Pause Young (Normal) (G1 Evacuation Pause) 6305M->1796M(8192M) 154.924ms
[6961.867s][info][gc,cpu         ] GC(1203) User=1.23s Sys=0.00s Real=0.16s
...[6964.904s][info][gc,start       ] GC(1204) Pause Young (Normal) (G1 Evacuation Pause)
[6964.904s][info][gc,task        ] GC(1204) Using 8 workers of 8 for evacuation
[6965.053s][info][gc,phases      ] GC(1204)   Pre Evacuate Collection Set: 0.22ms
[6965.053s][info][gc,phases      ] GC(1204)   Merge Heap Roots: 0.55ms
[6965.053s][info][gc,phases      ] GC(1204)   Evacuate Collection Set: 147.17ms
[6965.053s][info][gc,phases      ] GC(1204)   Post Evacuate Collection Set: 1.04ms
[6965.053s][info][gc,phases      ] GC(1204)   Other: 0.08ms
[6965.053s][info][gc,heap        ] GC(1204) Eden regions: 571->0(572)
[6965.053s][info][gc,heap        ] GC(1204) Survivor regions: 43->42(77)
[6965.053s][info][gc,heap        ] GC(1204) Old regions: 151->158
[6965.053s][info][gc,heap        ] GC(1204) Humongous regions: 33->33
[6965.053s][info][gc,metaspace   ] GC(1204) Metaspace: 30021K(30528K)->30021K(30528K) NonClass: 26620K(26880K)->26620K(26880K) Class: 3400K(3648K)->3400K(3648K)
[6965.053s][info][gc             ] GC(1204) Pause Young (Normal) (G1 Evacuation Pause) 6364M->1843M(8192M) 149.192ms
[6965.053s][info][gc,cpu         ] GC(1204) User=1.18s Sys=0.00s Real=0.15s
...[6968.087s][info][gc,start       ] GC(1205) Pause Young (Normal) (G1 Evacuation Pause)
[6968.087s][info][gc,task        ] GC(1205) Using 8 workers of 8 for evacuation
[6968.239s][info][gc,phases      ] GC(1205)   Pre Evacuate Collection Set: 0.24ms
[6968.239s][info][gc,phases      ] GC(1205)   Merge Heap Roots: 0.57ms
[6968.239s][info][gc,phases      ] GC(1205)   Evacuate Collection Set: 149.68ms
[6968.239s][info][gc,phases      ] GC(1205)   Post Evacuate Collection Set: 1.03ms
[6968.239s][info][gc,phases      ] GC(1205)   Other: 0.06ms
[6968.239s][info][gc,heap        ] GC(1205) Eden regions: 572->0(570)
[6968.239s][info][gc,heap        ] GC(1205) Survivor regions: 42->44(77)
[6968.239s][info][gc,heap        ] GC(1205) Old regions: 158->165
[6968.239s][info][gc,heap        ] GC(1205) Humongous regions: 33->33
[6968.239s][info][gc,metaspace   ] GC(1205) Metaspace: 30021K(30528K)->30021K(30528K) NonClass: 26620K(26880K)->26620K(26880K) Class: 3400K(3648K)->3400K(3648K)
[6968.239s][info][gc             ] GC(1205) Pause Young (Normal) (G1 Evacuation Pause) 6419M->1917M(8192M) 151.723ms
[6968.239s][info][gc,cpu         ] GC(1205) User=1.20s Sys=0.00s Real=0.15s
...[6971.352s][info][gc,start       ] GC(1206) Pause Young (Normal) (G1 Evacuation Pause)
[6971.352s][info][gc,task        ] GC(1206) Using 8 workers of 8 for evacuation
[6971.505s][info][gc,phases      ] GC(1206)   Pre Evacuate Collection Set: 0.22ms
[6971.505s][info][gc,phases      ] GC(1206)   Merge Heap Roots: 0.53ms
[6971.505s][info][gc,phases      ] GC(1206)   Evacuate Collection Set: 150.85ms
[6971.505s][info][gc,phases      ] GC(1206)   Post Evacuate Collection Set: 1.02ms
[6971.505s][info][gc,phases      ] GC(1206)   Other: 0.07ms
[6971.505s][info][gc,heap        ] GC(1206) Eden regions: 570->0(571)
[6971.505s][info][gc,heap        ] GC(1206) Survivor regions: 44->43(77)
[6971.505s][info][gc,heap        ] GC(1206) Old regions: 165->172
[6971.505s][info][gc,heap        ] GC(1206) Humongous regions: 33->33
[6971.505s][info][gc,metaspace   ] GC(1206) Metaspace: 30021K(30528K)->30021K(30528K) NonClass: 26620K(26880K)->26620K(26880K) Class: 3400K(3648K)->3400K(3648K)
[6971.505s][info][gc             ] GC(1206) Pause Young (Normal) (G1 Evacuation Pause) 6477M->1971M(8192M) 152.822ms
[6971.505s][info][gc,cpu         ] GC(1206) User=1.21s Sys=0.00s Real=0.15s
....[6974.667s][info][gc,start       ] GC(1207) Pause Young (Normal) (G1 Evacuation Pause)
[6974.667s][info][gc,task        ] GC(1207) Using 8 workers of 8 for evacuation
[6974.823s][info][gc,phases      ] GC(1207)   Pre Evacuate Collection Set: 0.25ms
[6974.823s][info][gc,phases      ] GC(1207)   Merge Heap Roots: 0.54ms
[6974.823s][info][gc,phases      ] GC(1207)   Evacuate Collection Set: 153.25ms
[6974.823s][info][gc,phases      ] GC(1207)   Post Evacuate Collection Set: 1.03ms
[6974.823s][info][gc,phases      ] GC(1207)   Other: 0.06ms
[6974.823s][info][gc,heap        ] GC(1207) Eden regions: 571->0(571)
[6974.823s][info][gc,heap        ] GC(1207) Survivor regions: 43->43(77)
[6974.823s][info][gc,heap        ] GC(1207) Old regions: 172->180
[6974.823s][info][gc,heap        ] GC(1207) Humongous regions: 33->33
[6974.823s][info][gc,metaspace   ] GC(1207) Metaspace: 30021K(30528K)->30021K(30528K) NonClass: 26620K(26880K)->26620K(26880K) Class: 3400K(3648K)->3400K(3648K)
[6974.823s][info][gc             ] GC(1207) Pause Young (Normal) (G1 Evacuation Pause) 6539M->2033M(8192M) 155.256ms
[6974.823s][info][gc,cpu         ] GC(1207) User=1.23s Sys=0.00s Real=0.15s
...[6977.902s][info][gc,start       ] GC(1208) Pause Young (Normal) (G1 Evacuation Pause)
[6977.902s][info][gc,task        ] GC(1208) Using 8 workers of 8 for evacuation
[6978.056s][info][gc,phases      ] GC(1208)   Pre Evacuate Collection Set: 0.22ms
[6978.056s][info][gc,phases      ] GC(1208)   Merge Heap Roots: 0.57ms
[6978.056s][info][gc,phases      ] GC(1208)   Evacuate Collection Set: 151.75ms
[6978.056s][info][gc,phases      ] GC(1208)   Post Evacuate Collection Set: 1.04ms
[6978.056s][info][gc,phases      ] GC(1208)   Other: 0.06ms
[6978.056s][info][gc,heap        ] GC(1208) Eden regions: 571->0(570)
[6978.056s][info][gc,heap        ] GC(1208) Survivor regions: 43->44(77)
[6978.056s][info][gc,heap        ] GC(1208) Old regions: 180->187
[6978.056s][info][gc,heap        ] GC(1208) Humongous regions: 33->33
[6978.056s][info][gc,metaspace   ] GC(1208) Metaspace: 30021K(30528K)->30021K(30528K) NonClass: 26620K(26880K)->26620K(26880K) Class: 3400K(3648K)->3400K(3648K)
[6978.056s][info][gc             ] GC(1208) Pause Young (Normal) (G1 Evacuation Pause) 6601M->2098M(8192M) 153.787ms
[6978.056s][info][gc,cpu         ] GC(1208) User=1.22s Sys=0.00s Real=0.16s
...[6981.023s][info][gc,start       ] GC(1209) Pause Young (Normal) (G1 Evacuation Pause)
[6981.023s][info][gc,task        ] GC(1209) Using 8 workers of 8 for evacuation
[6981.180s][info][gc,phases      ] GC(1209)   Pre Evacuate Collection Set: 0.22ms
[6981.180s][info][gc,phases      ] GC(1209)   Merge Heap Roots: 0.54ms
[6981.180s][info][gc,phases      ] GC(1209)   Evacuate Collection Set: 155.22ms
[6981.180s][info][gc,phases      ] GC(1209)   Post Evacuate Collection Set: 1.06ms
[6981.180s][info][gc,phases      ] GC(1209)   Other: 0.06ms
[6981.180s][info][gc,heap        ] GC(1209) Eden regions: 570->0(569)
[6981.180s][info][gc,heap        ] GC(1209) Survivor regions: 44->45(77)
[6981.180s][info][gc,heap        ] GC(1209) Old regions: 187->195
[6981.180s][info][gc,heap        ] GC(1209) Humongous regions: 33->33
[6981.180s][info][gc,metaspace   ] GC(1209) Metaspace: 30021K(30528K)->30021K(30528K) NonClass: 26620K(26880K)->26620K(26880K) Class: 3400K(3648K)->3400K(3648K)
[6981.180s][info][gc             ] GC(1209) Pause Young (Normal) (G1 Evacuation Pause) 6658M->2161M(8192M) 157.235ms
[6981.180s][info][gc,cpu         ] GC(1209) User=1.24s Sys=0.00s Real=0.16s
...[6984.223s][info][gc,start       ] GC(1210) Pause Young (Normal) (G1 Evacuation Pause)
[6984.223s][info][gc,task        ] GC(1210) Using 8 workers of 8 for evacuation
[6984.375s][info][gc,phases      ] GC(1210)   Pre Evacuate Collection Set: 0.22ms
[6984.375s][info][gc,phases      ] GC(1210)   Merge Heap Roots: 0.55ms
[6984.375s][info][gc,phases      ] GC(1210)   Evacuate Collection Set: 150.09ms
[6984.375s][info][gc,phases      ] GC(1210)   Post Evacuate Collection Set: 1.06ms
[6984.375s][info][gc,phases      ] GC(1210)   Other: 0.06ms
[6984.375s][info][gc,heap        ] GC(1210) Eden regions: 569->0(571)
[6984.375s][info][gc,heap        ] GC(1210) Survivor regions: 45->43(77)
[6984.375s][info][gc,heap        ] GC(1210) Old regions: 195->202
[6984.375s][info][gc,heap        ] GC(1210) Humongous regions: 33->33
[6984.375s][info][gc,metaspace   ] GC(1210) Metaspace: 30021K(30528K)->30021K(30528K) NonClass: 26620K(26880K)->26620K(26880K) Class: 3400K(3648K)->3400K(3648K)
[6984.375s][info][gc             ] GC(1210) Pause Young (Normal) (G1 Evacuation Pause) 6713M->2209M(8192M) 152.131ms
[6984.375s][info][gc,cpu         ] GC(1210) User=1.20s Sys=0.00s Real=0.15s
...[6987.533s][info][gc,start       ] GC(1211) Pause Young (Normal) (G1 Evacuation Pause)
[6987.533s][info][gc,task        ] GC(1211) Using 8 workers of 8 for evacuation
[6987.687s][info][gc,phases      ] GC(1211)   Pre Evacuate Collection Set: 0.24ms
[6987.687s][info][gc,phases      ] GC(1211)   Merge Heap Roots: 0.53ms
[6987.687s][info][gc,phases      ] GC(1211)   Evacuate Collection Set: 151.32ms
[6987.687s][info][gc,phases      ] GC(1211)   Post Evacuate Collection Set: 1.04ms
[6987.687s][info][gc,phases      ] GC(1211)   Other: 0.06ms
[6987.687s][info][gc,heap        ] GC(1211) Eden regions: 571->0(570)
[6987.687s][info][gc,heap        ] GC(1211) Survivor regions: 43->44(77)
[6987.687s][info][gc,heap        ] GC(1211) Old regions: 202->209
[6987.687s][info][gc,heap        ] GC(1211) Humongous regions: 33->33
[6987.687s][info][gc,metaspace   ] GC(1211) Metaspace: 30021K(30528K)->30021K(30528K) NonClass: 26620K(26880K)->26620K(26880K) Class: 3400K(3648K)->3400K(3648K)
[6987.687s][info][gc             ] GC(1211) Pause Young (Normal) (G1 Evacuation Pause) 6777M->2270M(8192M) 153.345ms
[6987.687s][info][gc,cpu         ] GC(1211) User=1.21s Sys=0.01s Real=0.16s
....[6990.785s][info][gc,start       ] GC(1212) Pause Young (Normal) (G1 Evacuation Pause)
[6990.785s][info][gc,task        ] GC(1212) Using 8 workers of 8 for evacuation
[6990.943s][info][gc,phases      ] GC(1212)   Pre Evacuate Collection Set: 0.26ms
[6990.943s][info][gc,phases      ] GC(1212)   Merge Heap Roots: 0.60ms
[6990.943s][info][gc,phases      ] GC(1212)   Evacuate Collection Set: 155.99ms
[6990.943s][info][gc,phases      ] GC(1212)   Post Evacuate Collection Set: 1.04ms
[6990.943s][info][gc,phases      ] GC(1212)   Other: 0.07ms
[6990.943s][info][gc,heap        ] GC(1212) Eden regions: 570->0(570)
[6990.943s][info][gc,heap        ] GC(1212) Survivor regions: 44->44(77)
[6990.943s][info][gc,heap        ] GC(1212) Old regions: 209->216
[6990.943s][info][gc,heap        ] GC(1212) Humongous regions: 33->33
[6990.943s][info][gc,metaspace   ] GC(1212) Metaspace: 30021K(30528K)->30021K(30528K) NonClass: 26620K(26880K)->26620K(26880K) Class: 3400K(3648K)->3400K(3648K)
[6990.943s][info][gc             ] GC(1212) Pause Young (Normal) (G1 Evacuation Pause) 6830M->2326M(8192M) 158.092ms
[6990.943s][info][gc,cpu         ] GC(1212) User=1.25s Sys=0.00s Real=0.16s
...[6994.017s][info][gc,start       ] GC(1213) Pause Young (Normal) (G1 Evacuation Pause)
[6994.017s][info][gc,task        ] GC(1213) Using 8 workers of 8 for evacuation
[6994.168s][info][gc,phases      ] GC(1213)   Pre Evacuate Collection Set: 0.25ms
[6994.168s][info][gc,phases      ] GC(1213)   Merge Heap Roots: 0.55ms
[6994.168s][info][gc,phases      ] GC(1213)   Evacuate Collection Set: 149.08ms
[6994.168s][info][gc,phases      ] GC(1213)   Post Evacuate Collection Set: 1.03ms
[6994.168s][info][gc,phases      ] GC(1213)   Other: 0.06ms
[6994.168s][info][gc,heap        ] GC(1213) Eden regions: 570->0(571)
[6994.168s][info][gc,heap        ] GC(1213) Survivor regions: 44->43(77)
[6994.168s][info][gc,heap        ] GC(1213) Old regions: 216->224
[6994.168s][info][gc,heap        ] GC(1213) Humongous regions: 33->33
[6994.168s][info][gc,metaspace   ] GC(1213) Metaspace: 30021K(30528K)->30021K(30528K) NonClass: 26620K(26880K)->26620K(26880K) Class: 3400K(3648K)->3400K(3648K)
[6994.168s][info][gc             ] GC(1213) Pause Young (Normal) (G1 Evacuation Pause) 6886M->2379M(8192M) 151.096ms
[6994.168s][info][gc,cpu         ] GC(1213) User=1.19s Sys=0.00s Real=0.15s
...[6997.326s][info][gc,start       ] GC(1214) Pause Young (Normal) (G1 Evacuation Pause)
[6997.326s][info][gc,task        ] GC(1214) Using 8 workers of 8 for evacuation
[6997.477s][info][gc,phases      ] GC(1214)   Pre Evacuate Collection Set: 0.23ms
[6997.477s][info][gc,phases      ] GC(1214)   Merge Heap Roots: 0.53ms
[6997.477s][info][gc,phases      ] GC(1214)   Evacuate Collection Set: 148.52ms
[6997.477s][info][gc,phases      ] GC(1214)   Post Evacuate Collection Set: 1.05ms
[6997.477s][info][gc,phases      ] GC(1214)   Other: 0.08ms
[6997.477s][info][gc,heap        ] GC(1214) Eden regions: 571->0(571)
[6997.477s][info][gc,heap        ] GC(1214) Survivor regions: 43->43(77)
[6997.477s][info][gc,heap        ] GC(1214) Old regions: 224->231
[6997.477s][info][gc,heap        ] GC(1214) Humongous regions: 33->33
[6997.477s][info][gc,metaspace   ] GC(1214) Metaspace: 30021K(30528K)->30021K(30528K) NonClass: 26620K(26880K)->26620K(26880K) Class: 3400K(3648K)->3400K(3648K)
[6997.477s][info][gc             ] GC(1214) Pause Young (Normal) (G1 Evacuation Pause) 6947M->2435M(8192M) 150.545ms
[6997.477s][info][gc,cpu         ] GC(1214) User=1.19s Sys=0.00s Real=0.15s
...[7000.629s][info][gc,start       ] GC(1215) Pause Young (Normal) (G1 Evacuation Pause)
[7000.629s][info][gc,task        ] GC(1215) Using 8 workers of 8 for evacuation
[7000.780s][info][gc,phases      ] GC(1215)   Pre Evacuate Collection Set: 0.24ms
[7000.780s][info][gc,phases      ] GC(1215)   Merge Heap Roots: 0.57ms
[7000.780s][info][gc,phases      ] GC(1215)   Evacuate Collection Set: 149.23ms
[7000.780s][info][gc,phases      ] GC(1215)   Post Evacuate Collection Set: 1.07ms
[7000.780s][info][gc,phases      ] GC(1215)   Other: 0.06ms
[7000.780s][info][gc,heap        ] GC(1215) Eden regions: 571->0(571)
[7000.780s][info][gc,heap        ] GC(1215) Survivor regions: 43->43(77)
[7000.780s][info][gc,heap        ] GC(1215) Old regions: 231->238
[7000.780s][info][gc,heap        ] GC(1215) Humongous regions: 33->33
[7000.780s][info][gc,metaspace   ] GC(1215) Metaspace: 30021K(30528K)->30021K(30528K) NonClass: 26620K(26880K)->26620K(26880K) Class: 3400K(3648K)->3400K(3648K)
[7000.780s][info][gc             ] GC(1215) Pause Young (Normal) (G1 Evacuation Pause) 7003M->2497M(8192M) 151.316ms
[7000.780s][info][gc,cpu         ] GC(1215) User=1.19s Sys=0.00s Real=0.15s
....[7003.811s][info][gc,start       ] GC(1216) Pause Young (Normal) (G1 Evacuation Pause)
[7003.811s][info][gc,task        ] GC(1216) Using 8 workers of 8 for evacuation
[7003.967s][info][gc,phases      ] GC(1216)   Pre Evacuate Collection Set: 0.23ms
[7003.967s][info][gc,phases      ] GC(1216)   Merge Heap Roots: 0.53ms
[7003.967s][info][gc,phases      ] GC(1216)   Evacuate Collection Set: 153.52ms
[7003.967s][info][gc,phases      ] GC(1216)   Post Evacuate Collection Set: 1.07ms
[7003.967s][info][gc,phases      ] GC(1216)   Other: 0.06ms
[7003.967s][info][gc,heap        ] GC(1216) Eden regions: 571->0(570)
[7003.967s][info][gc,heap        ] GC(1216) Survivor regions: 43->44(77)
[7003.967s][info][gc,heap        ] GC(1216) Old regions: 238->245
[7003.967s][info][gc,heap        ] GC(1216) Humongous regions: 33->33
[7003.967s][info][gc,metaspace   ] GC(1216) Metaspace: 30021K(30528K)->30021K(30528K) NonClass: 26620K(26880K)->26620K(26880K) Class: 3400K(3648K)->3400K(3648K)
[7003.967s][info][gc             ] GC(1216) Pause Young (Normal) (G1 Evacuation Pause) 7065M->2562M(8192M) 155.542ms
[7003.967s][info][gc,cpu         ] GC(1216) User=1.23s Sys=0.00s Real=0.16s
...[7007.007s][info][gc,start       ] GC(1217) Pause Young (Normal) (G1 Evacuation Pause)
[7007.007s][info][gc,task        ] GC(1217) Using 8 workers of 8 for evacuation
[7007.158s][info][gc,phases      ] GC(1217)   Pre Evacuate Collection Set: 0.22ms
[7007.158s][info][gc,phases      ] GC(1217)   Merge Heap Roots: 0.54ms
[7007.158s][info][gc,phases      ] GC(1217)   Evacuate Collection Set: 149.83ms
[7007.158s][info][gc,phases      ] GC(1217)   Post Evacuate Collection Set: 1.06ms
[7007.158s][info][gc,phases      ] GC(1217)   Other: 0.06ms
[7007.158s][info][gc,heap        ] GC(1217) Eden regions: 570->0(571)
[7007.158s][info][gc,heap        ] GC(1217) Survivor regions: 44->43(77)
[7007.158s][info][gc,heap        ] GC(1217) Old regions: 245->252
[7007.158s][info][gc,heap        ] GC(1217) Humongous regions: 33->33
[7007.158s][info][gc,metaspace   ] GC(1217) Metaspace: 30021K(30528K)->30021K(30528K) NonClass: 26620K(26880K)->26620K(26880K) Class: 3400K(3648K)->3400K(3648K)
[7007.158s][info][gc             ] GC(1217) Pause Young (Normal) (G1 Evacuation Pause) 7122M->2610M(8192M) 151.841ms
[7007.158s][info][gc,cpu         ] GC(1217) User=1.20s Sys=0.00s Real=0.15s
...[7010.250s][info][gc,start       ] GC(1218) Pause Young (Normal) (G1 Evacuation Pause)
[7010.250s][info][gc,task        ] GC(1218) Using 8 workers of 8 for evacuation
[7010.399s][info][gc,phases      ] GC(1218)   Pre Evacuate Collection Set: 0.27ms
[7010.399s][info][gc,phases      ] GC(1218)   Merge Heap Roots: 0.56ms
[7010.399s][info][gc,phases      ] GC(1218)   Evacuate Collection Set: 147.32ms
[7010.399s][info][gc,phases      ] GC(1218)   Post Evacuate Collection Set: 1.05ms
[7010.399s][info][gc,phases      ] GC(1218)   Other: 0.06ms
[7010.399s][info][gc,heap        ] GC(1218) Eden regions: 571->0(572)
[7010.399s][info][gc,heap        ] GC(1218) Survivor regions: 43->42(77)
[7010.399s][info][gc,heap        ] GC(1218) Old regions: 252->259
[7010.399s][info][gc,heap        ] GC(1218) Humongous regions: 33->33
[7010.399s][info][gc,metaspace   ] GC(1218) Metaspace: 30021K(30528K)->30021K(30528K) NonClass: 26620K(26880K)->26620K(26880K) Class: 3400K(3648K)->3400K(3648K)
[7010.400s][info][gc             ] GC(1218) Pause Young (Normal) (G1 Evacuation Pause) 7178M->2659M(8192M) 149.396ms
[7010.400s][info][gc,cpu         ] GC(1218) User=1.19s Sys=0.00s Real=0.15s
...[7013.549s][info][gc,start       ] GC(1219) Pause Young (Normal) (G1 Evacuation Pause)
[7013.549s][info][gc,task        ] GC(1219) Using 8 workers of 8 for evacuation
[7013.710s][info][gc,phases      ] GC(1219)   Pre Evacuate Collection Set: 0.25ms
[7013.710s][info][gc,phases      ] GC(1219)   Merge Heap Roots: 0.53ms
[7013.710s][info][gc,phases      ] GC(1219)   Evacuate Collection Set: 159.24ms
[7013.710s][info][gc,phases      ] GC(1219)   Post Evacuate Collection Set: 1.08ms
[7013.710s][info][gc,phases      ] GC(1219)   Other: 0.06ms
[7013.710s][info][gc,heap        ] GC(1219) Eden regions: 572->0(569)
[7013.710s][info][gc,heap        ] GC(1219) Survivor regions: 42->45(77)
[7013.710s][info][gc,heap        ] GC(1219) Old regions: 259->266
[7013.710s][info][gc,heap        ] GC(1219) Humongous regions: 33->33
[7013.710s][info][gc,metaspace   ] GC(1219) Metaspace: 30021K(30528K)->30021K(30528K) NonClass: 26620K(26880K)->26620K(26880K) Class: 3400K(3648K)->3400K(3648K)
[7013.710s][info][gc             ] GC(1219) Pause Young (Normal) (G1 Evacuation Pause) 7235M->2739M(8192M) 161.300ms
[7013.710s][info][gc,cpu         ] GC(1219) User=1.28s Sys=0.00s Real=0.16s
....[7016.902s][info][gc,start       ] GC(1220) Pause Young (Normal) (G1 Evacuation Pause)
[7016.902s][info][gc,task        ] GC(1220) Using 8 workers of 8 for evacuation
[7017.054s][info][gc,phases      ] GC(1220)   Pre Evacuate Collection Set: 0.24ms
[7017.054s][info][gc,phases      ] GC(1220)   Merge Heap Roots: 0.55ms
[7017.054s][info][gc,phases      ] GC(1220)   Evacuate Collection Set: 150.06ms
[7017.054s][info][gc,phases      ] GC(1220)   Post Evacuate Collection Set: 1.04ms
[7017.054s][info][gc,phases      ] GC(1220)   Other: 0.06ms
[7017.054s][info][gc,heap        ] GC(1220) Eden regions: 569->0(571)
[7017.054s][info][gc,heap        ] GC(1220) Survivor regions: 45->43(77)
[7017.054s][info][gc,heap        ] GC(1220) Old regions: 266->274
[7017.054s][info][gc,heap        ] GC(1220) Humongous regions: 33->33
[7017.054s][info][gc,metaspace   ] GC(1220) Metaspace: 30021K(30528K)->30021K(30528K) NonClass: 26620K(26880K)->26620K(26880K) Class: 3400K(3648K)->3400K(3648K)
[7017.054s][info][gc             ] GC(1220) Pause Young (Normal) (G1 Evacuation Pause) 7291M->2782M(8192M) 152.091ms
[7017.054s][info][gc,cpu         ] GC(1220) User=1.20s Sys=0.00s Real=0.15s
...[7020.107s][info][gc,start       ] GC(1221) Pause Young (Normal) (G1 Evacuation Pause)
[7020.107s][info][gc,task        ] GC(1221) Using 8 workers of 8 for evacuation
[7020.256s][info][gc,phases      ] GC(1221)   Pre Evacuate Collection Set: 0.22ms
[7020.256s][info][gc,phases      ] GC(1221)   Merge Heap Roots: 0.53ms
[7020.256s][info][gc,phases      ] GC(1221)   Evacuate Collection Set: 147.63ms
[7020.256s][info][gc,phases      ] GC(1221)   Post Evacuate Collection Set: 1.06ms
[7020.256s][info][gc,phases      ] GC(1221)   Other: 0.06ms
[7020.256s][info][gc,heap        ] GC(1221) Eden regions: 571->0(571)
[7020.256s][info][gc,heap        ] GC(1221) Survivor regions: 43->43(77)
[7020.256s][info][gc,heap        ] GC(1221) Old regions: 274->281
[7020.256s][info][gc,heap        ] GC(1221) Humongous regions: 33->33
[7020.256s][info][gc,metaspace   ] GC(1221) Metaspace: 30021K(30528K)->30021K(30528K) NonClass: 26620K(26880K)->26620K(26880K) Class: 3400K(3648K)->3400K(3648K)
[7020.256s][info][gc             ] GC(1221) Pause Young (Normal) (G1 Evacuation Pause) 7350M->2838M(8192M) 149.622ms
[7020.256s][info][gc,cpu         ] GC(1221) User=1.18s Sys=0.00s Real=0.15s
.. (rIR:aIR:PR = 11761:11806:11807) (tPR = 174976) [OK] 
  7021s: Performance info:
         Transaction,    Success,    Partial,     Failed,   Receipts, AvgBarcode, 
             Overall,     710321,          0,          0,     674749,      59.47, 
         Response times:
             Request,    Success,    Partial,     Failed,   SkipFail,     Probes,    Samples,      min,      p50,      p90,      p95,      p99,      max, 
       TotalPurchase,     674707,          0,          0,          0,     354568,     527694,      300,    13000,   100000,   150000,   263000,  2700000,
     InStorePurchase,     356762,          0,          0,          0,     185706,     276658,      300,    13000,   100000,   150000,   263000,  2700000,
      OnlinePurchase,     247388,          0,          0,          0,     130876,     194128,      300,    13000,   100000,   149000,   263000,  2700000,
        InstPurchase,      70557,          0,          0,          0,      37986,      56908,      400,    13100,   103000,   153000,   264000,  2200000,
          AssocOfCat,        709,          0,          0,          0,        609,       1030,    31000,    68000,   160800,   213450,   410560,  1000000,
      AssocOfProduct,       7060,          0,          0,          0,       4304,       6683,     1100,    13100,    91000,   145800,   261320,   850000,
      BusinessReport,       1772,          0,          0,          0,       1577,       2489,    34000,    81000,   185000,   228000,   333100,   650000,
          CustBuyBeh,       7149,          0,          0,          0,       4292,       6726,      600,    12400,   100000,   146000,   243000,  1100000,
       ProductReturn,      18865,          0,          0,          0,       9728,      14785,      400,    13100,   101000,   149000,   237000,  1100000,

  7021s: (86%)   IR =  11900 .[7023.318s][info][gc,start       ] GC(1222) Pause Young (Normal) (G1 Evacuation Pause)
[7023.318s][info][gc,task        ] GC(1222) Using 8 workers of 8 for evacuation
[7023.475s][info][gc,phases      ] GC(1222)   Pre Evacuate Collection Set: 0.21ms
[7023.475s][info][gc,phases      ] GC(1222)   Merge Heap Roots: 0.53ms
[7023.475s][info][gc,phases      ] GC(1222)   Evacuate Collection Set: 155.17ms
[7023.475s][info][gc,phases      ] GC(1222)   Post Evacuate Collection Set: 1.06ms
[7023.475s][info][gc,phases      ] GC(1222)   Other: 0.06ms
[7023.475s][info][gc,heap        ] GC(1222) Eden regions: 571->0(561)
[7023.475s][info][gc,heap        ] GC(1222) Survivor regions: 43->45(77)
[7023.475s][info][gc,heap        ] GC(1222) Old regions: 281->288
[7023.475s][info][gc,heap        ] GC(1222) Humongous regions: 33->33
[7023.475s][info][gc,metaspace   ] GC(1222) Metaspace: 30021K(30528K)->30021K(30528K) NonClass: 26620K(26880K)->26620K(26880K) Class: 3400K(3648K)->3400K(3648K)
[7023.475s][info][gc             ] GC(1222) Pause Young (Normal) (G1 Evacuation Pause) 7406M->2909M(8192M) 157.153ms
[7023.475s][info][gc,cpu         ] GC(1222) User=1.24s Sys=0.01s Real=0.15s
...[7026.466s][info][gc,start       ] GC(1223) Pause Young (Normal) (G1 Evacuation Pause)
[7026.466s][info][gc,task        ] GC(1223) Using 8 workers of 8 for evacuation
[7026.621s][info][gc,phases      ] GC(1223)   Pre Evacuate Collection Set: 0.25ms
[7026.621s][info][gc,phases      ] GC(1223)   Merge Heap Roots: 0.57ms
[7026.621s][info][gc,phases      ] GC(1223)   Evacuate Collection Set: 152.90ms
[7026.621s][info][gc,phases      ] GC(1223)   Post Evacuate Collection Set: 1.08ms
[7026.621s][info][gc,phases      ] GC(1223)   Other: 0.06ms
[7026.621s][info][gc,heap        ] GC(1223) Eden regions: 561->0(555)
[7026.621s][info][gc,heap        ] GC(1223) Survivor regions: 45->44(76)
[7026.621s][info][gc,heap        ] GC(1223) Old regions: 288->296
[7026.621s][info][gc,heap        ] GC(1223) Humongous regions: 33->33
[7026.621s][info][gc,metaspace   ] GC(1223) Metaspace: 30021K(30528K)->30021K(30528K) NonClass: 26620K(26880K)->26620K(26880K) Class: 3400K(3648K)->3400K(3648K)
[7026.621s][info][gc             ] GC(1223) Pause Young (Normal) (G1 Evacuation Pause) 7397M->2965M(8192M) 154.994ms
[7026.621s][info][gc,cpu         ] GC(1223) User=1.23s Sys=0.00s Real=0.15s
...[7029.633s][info][gc,start       ] GC(1224) Pause Young (Normal) (G1 Evacuation Pause)
[7029.633s][info][gc,task        ] GC(1224) Using 8 workers of 8 for evacuation
[7029.788s][info][gc,phases      ] GC(1224)   Pre Evacuate Collection Set: 0.23ms
[7029.788s][info][gc,phases      ] GC(1224)   Merge Heap Roots: 0.54ms
[7029.788s][info][gc,phases      ] GC(1224)   Evacuate Collection Set: 153.23ms
[7029.788s][info][gc,phases      ] GC(1224)   Post Evacuate Collection Set: 1.03ms
[7029.788s][info][gc,phases      ] GC(1224)   Other: 0.06ms
[7029.788s][info][gc,heap        ] GC(1224) Eden regions: 555->0(548)
[7029.788s][info][gc,heap        ] GC(1224) Survivor regions: 44->44(75)
[7029.788s][info][gc,heap        ] GC(1224) Old regions: 296->303
[7029.788s][info][gc,heap        ] GC(1224) Humongous regions: 33->33
[7029.788s][info][gc,metaspace   ] GC(1224) Metaspace: 30021K(30528K)->30021K(30528K) NonClass: 26620K(26880K)->26620K(26880K) Class: 3400K(3648K)->3400K(3648K)
[7029.788s][info][gc             ] GC(1224) Pause Young (Normal) (G1 Evacuation Pause) 7405M->3021M(8192M) 155.232ms
[7029.788s][info][gc,cpu         ] GC(1224) User=1.23s Sys=0.00s Real=0.16s
...[7032.716s][info][gc,start       ] GC(1225) Pause Young (Concurrent Start) (G1 Evacuation Pause)
[7032.717s][info][gc,task        ] GC(1225) Using 8 workers of 8 for evacuation
[7032.877s][info][gc,phases      ] GC(1225)   Pre Evacuate Collection Set: 0.24ms
[7032.877s][info][gc,phases      ] GC(1225)   Merge Heap Roots: 0.55ms
[7032.877s][info][gc,phases      ] GC(1225)   Evacuate Collection Set: 158.42ms
[7032.877s][info][gc,phases      ] GC(1225)   Post Evacuate Collection Set: 1.04ms
[7032.877s][info][gc,phases      ] GC(1225)   Other: 0.09ms
[7032.877s][info][gc,heap        ] GC(1225) Eden regions: 548->0(540)
[7032.877s][info][gc,heap        ] GC(1225) Survivor regions: 44->44(74)
[7032.877s][info][gc,heap        ] GC(1225) Old regions: 303->311
[7032.877s][info][gc,heap        ] GC(1225) Humongous regions: 33->33
[7032.877s][info][gc,metaspace   ] GC(1225) Metaspace: 30021K(30528K)->30021K(30528K) NonClass: 26620K(26880K)->26620K(26880K) Class: 3400K(3648K)->3400K(3648K)
[7032.877s][info][gc             ] GC(1225) Pause Young (Concurrent Start) (G1 Evacuation Pause) 7405M->3085M(8192M) 160.468ms
[7032.877s][info][gc             ] GC(1226) Concurrent Mark Cycle
[7032.877s][info][gc,marking     ] GC(1226) Concurrent Scan Root Regions
[7032.877s][info][gc,cpu         ] GC(1225) User=1.27s Sys=0.00s Real=0.16s
.[7033.248s][info][gc,marking     ] GC(1226) Concurrent Scan Root Regions 370.718ms
[7033.248s][info][gc,marking     ] GC(1226) Concurrent Mark
[7033.248s][info][gc,marking     ] GC(1226) Concurrent Mark From Roots
[7033.248s][info][gc,task        ] GC(1226) Using 2 workers of 2 for marking
.[7034.740s][info][gc,marking     ] GC(1226) Concurrent Mark From Roots 1492.338ms
[7034.740s][info][gc,marking     ] GC(1226) Concurrent Preclean
[7034.740s][info][gc,marking     ] GC(1226) Concurrent Preclean 0.144ms
[7034.740s][info][gc,start       ] GC(1226) Pause Remark
[7034.743s][info][gc             ] GC(1226) Pause Remark 5205M->4685M(8192M) 2.230ms
[7034.743s][info][gc,cpu         ] GC(1226) User=0.02s Sys=0.00s Real=0.00s
[7034.743s][info][gc,marking     ] GC(1226) Concurrent Mark 1495.014ms
[7034.743s][info][gc,marking     ] GC(1226) Concurrent Rebuild Remembered Sets and Scrub Regions
.[7035.564s][info][gc,marking     ] GC(1226) Concurrent Rebuild Remembered Sets and Scrub Regions 821.233ms
[7035.564s][info][gc,start       ] GC(1226) Pause Cleanup
[7035.564s][info][gc             ] GC(1226) Pause Cleanup 5885M->5885M(8192M) 0.252ms
[7035.564s][info][gc,cpu         ] GC(1226) User=0.00s Sys=0.00s Real=0.00s
[7035.565s][info][gc,marking     ] GC(1226) Concurrent Clear Claimed Marks
[7035.565s][info][gc,marking     ] GC(1226) Concurrent Clear Claimed Marks 0.045ms
[7035.565s][info][gc,marking     ] GC(1226) Concurrent Cleanup for Next Mark
[7035.574s][info][gc,marking     ] GC(1226) Concurrent Cleanup for Next Mark 9.809ms
[7035.574s][info][gc             ] GC(1226) Concurrent Mark Cycle 2697.463ms
.[7036.166s][info][gc,start       ] GC(1227) Pause Young (Prepare Mixed) (G1 Evacuation Pause)
[7036.166s][info][gc,task        ] GC(1227) Using 8 workers of 8 for evacuation
[7036.322s][info][gc,phases      ] GC(1227)   Pre Evacuate Collection Set: 0.20ms
[7036.322s][info][gc,phases      ] GC(1227)   Merge Heap Roots: 0.77ms
[7036.322s][info][gc,phases      ] GC(1227)   Evacuate Collection Set: 153.37ms
[7036.322s][info][gc,phases      ] GC(1227)   Post Evacuate Collection Set: 1.11ms
[7036.322s][info][gc,phases      ] GC(1227)   Other: 0.06ms
[7036.322s][info][gc,heap        ] GC(1227) Eden regions: 540->0(571)
[7036.322s][info][gc,heap        ] GC(1227) Survivor regions: 44->43(73)
[7036.322s][info][gc,heap        ] GC(1227) Old regions: 246->253
[7036.322s][info][gc,heap        ] GC(1227) Humongous regions: 33->33
[7036.322s][info][gc,metaspace   ] GC(1227) Metaspace: 30021K(30528K)->30021K(30528K) NonClass: 26620K(26880K)->26620K(26880K) Class: 3400K(3648K)->3400K(3648K)
[7036.322s][info][gc             ] GC(1227) Pause Young (Prepare Mixed) (G1 Evacuation Pause) 6885M->2614M(8192M) 155.663ms
[7036.322s][info][gc,cpu         ] GC(1227) User=1.23s Sys=0.00s Real=0.15s
...[7039.092s][info][gc,start       ] GC(1228) Pause Young (Mixed) (G1 Evacuation Pause)
[7039.092s][info][gc,task        ] GC(1228) Using 8 workers of 8 for evacuation
[7039.249s][info][gc,phases      ] GC(1228)   Pre Evacuate Collection Set: 0.26ms
[7039.249s][info][gc,phases      ] GC(1228)   Merge Heap Roots: 0.79ms
[7039.249s][info][gc,phases      ] GC(1228)   Evacuate Collection Set: 153.82ms
[7039.249s][info][gc,phases      ] GC(1228)   Post Evacuate Collection Set: 1.25ms
[7039.249s][info][gc,phases      ] GC(1228)   Other: 0.07ms
[7039.249s][info][gc,heap        ] GC(1228) Eden regions: 571->0(572)
[7039.249s][info][gc,heap        ] GC(1228) Survivor regions: 43->42(77)
[7039.249s][info][gc,heap        ] GC(1228) Old regions: 253->158
[7039.249s][info][gc,heap        ] GC(1228) Humongous regions: 33->33
[7039.249s][info][gc,metaspace   ] GC(1228) Metaspace: 30021K(30528K)->30021K(30528K) NonClass: 26620K(26880K)->26620K(26880K) Class: 3400K(3648K)->3400K(3648K)
[7039.249s][info][gc             ] GC(1228) Pause Young (Mixed) (G1 Evacuation Pause) 7182M->1847M(8192M) 156.315ms
[7039.249s][info][gc,cpu         ] GC(1228) User=1.24s Sys=0.00s Real=0.16s
...[7042.104s][info][gc,start       ] GC(1229) Pause Young (Mixed) (G1 Evacuation Pause)
[7042.104s][info][gc,task        ] GC(1229) Using 8 workers of 8 for evacuation
[7042.267s][info][gc,phases      ] GC(1229)   Pre Evacuate Collection Set: 0.23ms
[7042.267s][info][gc,phases      ] GC(1229)   Merge Heap Roots: 0.84ms
[7042.267s][info][gc,phases      ] GC(1229)   Evacuate Collection Set: 159.98ms
[7042.267s][info][gc,phases      ] GC(1229)   Post Evacuate Collection Set: 1.08ms
[7042.267s][info][gc,phases      ] GC(1229)   Other: 0.06ms
[7042.267s][info][gc,heap        ] GC(1229) Eden regions: 572->0(569)
[7042.267s][info][gc,heap        ] GC(1229) Survivor regions: 42->45(77)
[7042.267s][info][gc,heap        ] GC(1229) Old regions: 158->143
[7042.267s][info][gc,heap        ] GC(1229) Humongous regions: 33->33
[7042.267s][info][gc,metaspace   ] GC(1229) Metaspace: 30021K(30528K)->30021K(30528K) NonClass: 26620K(26880K)->26620K(26880K) Class: 3400K(3648K)->3400K(3648K)
[7042.267s][info][gc             ] GC(1229) Pause Young (Mixed) (G1 Evacuation Pause) 6423M->1751M(8192M) 162.331ms
[7042.267s][info][gc,cpu         ] GC(1229) User=1.28s Sys=0.00s Real=0.17s
.|..[7045.267s][info][gc,start       ] GC(1230) Pause Young (Normal) (G1 Evacuation Pause)
[7045.267s][info][gc,task        ] GC(1230) Using 8 workers of 8 for evacuation
[7045.420s][info][gc,phases      ] GC(1230)   Pre Evacuate Collection Set: 0.22ms
[7045.420s][info][gc,phases      ] GC(1230)   Merge Heap Roots: 0.55ms
[7045.420s][info][gc,phases      ] GC(1230)   Evacuate Collection Set: 150.40ms
[7045.420s][info][gc,phases      ] GC(1230)   Post Evacuate Collection Set: 1.03ms
[7045.420s][info][gc,phases      ] GC(1230)   Other: 0.06ms
[7045.420s][info][gc,heap        ] GC(1230) Eden regions: 569->0(571)
[7045.420s][info][gc,heap        ] GC(1230) Survivor regions: 45->43(77)
[7045.420s][info][gc,heap        ] GC(1230) Old regions: 143->151
[7045.420s][info][gc,heap        ] GC(1230) Humongous regions: 33->33
[7045.420s][info][gc,metaspace   ] GC(1230) Metaspace: 30021K(30528K)->30021K(30528K) NonClass: 26620K(26880K)->26620K(26880K) Class: 3400K(3648K)->3400K(3648K)
[7045.420s][info][gc             ] GC(1230) Pause Young (Normal) (G1 Evacuation Pause) 6303M->1797M(8192M) 152.388ms
[7045.420s][info][gc,cpu         ] GC(1230) User=1.21s Sys=0.00s Real=0.15s
...[7048.473s][info][gc,start       ] GC(1231) Pause Young (Normal) (G1 Evacuation Pause)
[7048.473s][info][gc,task        ] GC(1231) Using 8 workers of 8 for evacuation
[7048.625s][info][gc,phases      ] GC(1231)   Pre Evacuate Collection Set: 0.23ms
[7048.625s][info][gc,phases      ] GC(1231)   Merge Heap Roots: 0.53ms
[7048.625s][info][gc,phases      ] GC(1231)   Evacuate Collection Set: 150.75ms
[7048.625s][info][gc,phases      ] GC(1231)   Post Evacuate Collection Set: 1.05ms
[7048.625s][info][gc,phases      ] GC(1231)   Other: 0.06ms
[7048.625s][info][gc,heap        ] GC(1231) Eden regions: 571->0(570)
[7048.625s][info][gc,heap        ] GC(1231) Survivor regions: 43->44(77)
[7048.625s][info][gc,heap        ] GC(1231) Old regions: 151->158
[7048.625s][info][gc,heap        ] GC(1231) Humongous regions: 33->33
[7048.625s][info][gc,metaspace   ] GC(1231) Metaspace: 30021K(30528K)->30021K(30528K) NonClass: 26620K(26880K)->26620K(26880K) Class: 3400K(3648K)->3400K(3648K)
[7048.625s][info][gc             ] GC(1231) Pause Young (Normal) (G1 Evacuation Pause) 6365M->1862M(8192M) 152.746ms
[7048.625s][info][gc,cpu         ] GC(1231) User=1.21s Sys=0.00s Real=0.15s
...[7051.647s][info][gc,start       ] GC(1232) Pause Young (Normal) (G1 Evacuation Pause)
[7051.647s][info][gc,task        ] GC(1232) Using 8 workers of 8 for evacuation
[7051.804s][info][gc,phases      ] GC(1232)   Pre Evacuate Collection Set: 0.21ms
[7051.804s][info][gc,phases      ] GC(1232)   Merge Heap Roots: 0.54ms
[7051.804s][info][gc,phases      ] GC(1232)   Evacuate Collection Set: 154.84ms
[7051.804s][info][gc,phases      ] GC(1232)   Post Evacuate Collection Set: 1.10ms
[7051.804s][info][gc,phases      ] GC(1232)   Other: 0.07ms
[7051.804s][info][gc,heap        ] GC(1232) Eden regions: 570->0(570)
[7051.804s][info][gc,heap        ] GC(1232) Survivor regions: 44->44(77)
[7051.804s][info][gc,heap        ] GC(1232) Old regions: 158->165
[7051.804s][info][gc,heap        ] GC(1232) Humongous regions: 33->33
[7051.804s][info][gc,metaspace   ] GC(1232) Metaspace: 30021K(30528K)->30021K(30528K) NonClass: 26620K(26880K)->26620K(26880K) Class: 3400K(3648K)->3400K(3648K)
[7051.804s][info][gc             ] GC(1232) Pause Young (Normal) (G1 Evacuation Pause) 6422M->1921M(8192M) 156.879ms
[7051.804s][info][gc,cpu         ] GC(1232) User=1.24s Sys=0.00s Real=0.15s
....[7054.970s][info][gc,start       ] GC(1233) Pause Young (Normal) (G1 Evacuation Pause)
[7054.970s][info][gc,task        ] GC(1233) Using 8 workers of 8 for evacuation
[7055.119s][info][gc,phases      ] GC(1233)   Pre Evacuate Collection Set: 0.23ms
[7055.119s][info][gc,phases      ] GC(1233)   Merge Heap Roots: 0.56ms
[7055.119s][info][gc,phases      ] GC(1233)   Evacuate Collection Set: 147.43ms
[7055.119s][info][gc,phases      ] GC(1233)   Post Evacuate Collection Set: 1.02ms
[7055.119s][info][gc,phases      ] GC(1233)   Other: 0.06ms
[7055.119s][info][gc,heap        ] GC(1233) Eden regions: 570->0(571)
[7055.119s][info][gc,heap        ] GC(1233) Survivor regions: 44->43(77)
[7055.119s][info][gc,heap        ] GC(1233) Old regions: 165->172
[7055.119s][info][gc,heap        ] GC(1233) Humongous regions: 33->33
[7055.119s][info][gc,metaspace   ] GC(1233) Metaspace: 30021K(30528K)->30021K(30528K) NonClass: 26620K(26880K)->26620K(26880K) Class: 3400K(3648K)->3400K(3648K)
[7055.119s][info][gc             ] GC(1233) Pause Young (Normal) (G1 Evacuation Pause) 6481M->1967M(8192M) 149.427ms
[7055.119s][info][gc,cpu         ] GC(1233) User=1.18s Sys=0.00s Real=0.15s
...[7058.279s][info][gc,start       ] GC(1234) Pause Young (Normal) (G1 Evacuation Pause)
[7058.279s][info][gc,task        ] GC(1234) Using 8 workers of 8 for evacuation
[7058.436s][info][gc,phases      ] GC(1234)   Pre Evacuate Collection Set: 0.25ms
[7058.436s][info][gc,phases      ] GC(1234)   Merge Heap Roots: 0.53ms
[7058.436s][info][gc,phases      ] GC(1234)   Evacuate Collection Set: 154.77ms
[7058.436s][info][gc,phases      ] GC(1234)   Post Evacuate Collection Set: 1.06ms
[7058.436s][info][gc,phases      ] GC(1234)   Other: 0.06ms
[7058.436s][info][gc,heap        ] GC(1234) Eden regions: 571->0(570)
[7058.436s][info][gc,heap        ] GC(1234) Survivor regions: 43->44(77)
[7058.436s][info][gc,heap        ] GC(1234) Old regions: 172->180
[7058.436s][info][gc,heap        ] GC(1234) Humongous regions: 33->33
[7058.436s][info][gc,metaspace   ] GC(1234) Metaspace: 30021K(30528K)->30021K(30528K) NonClass: 26620K(26880K)->26620K(26880K) Class: 3400K(3648K)->3400K(3648K)
[7058.436s][info][gc             ] GC(1234) Pause Young (Normal) (G1 Evacuation Pause) 6535M->2037M(8192M) 156.811ms
[7058.436s][info][gc,cpu         ] GC(1234) User=1.24s Sys=0.00s Real=0.16s
...[7061.574s][info][gc,start       ] GC(1235) Pause Young (Normal) (G1 Evacuation Pause)
[7061.574s][info][gc,task        ] GC(1235) Using 8 workers of 8 for evacuation
[7061.735s][info][gc,phases      ] GC(1235)   Pre Evacuate Collection Set: 0.21ms
[7061.735s][info][gc,phases      ] GC(1235)   Merge Heap Roots: 0.53ms
[7061.735s][info][gc,phases      ] GC(1235)   Evacuate Collection Set: 159.36ms
[7061.735s][info][gc,phases      ] GC(1235)   Post Evacuate Collection Set: 1.05ms
[7061.735s][info][gc,phases      ] GC(1235)   Other: 0.06ms
[7061.735s][info][gc,heap        ] GC(1235) Eden regions: 570->0(569)
[7061.735s][info][gc,heap        ] GC(1235) Survivor regions: 44->45(77)
[7061.735s][info][gc,heap        ] GC(1235) Old regions: 180->187
[7061.735s][info][gc,heap        ] GC(1235) Humongous regions: 33->33
[7061.735s][info][gc,metaspace   ] GC(1235) Metaspace: 30021K(30528K)->30021K(30528K) NonClass: 26620K(26880K)->26620K(26880K) Class: 3400K(3648K)->3400K(3648K)
[7061.735s][info][gc             ] GC(1235) Pause Young (Normal) (G1 Evacuation Pause) 6597M->2099M(8192M) 161.346ms
[7061.736s][info][gc,cpu         ] GC(1235) User=1.28s Sys=0.00s Real=0.16s
...[7064.726s][info][gc,start       ] GC(1236) Pause Young (Normal) (G1 Evacuation Pause)
[7064.726s][info][gc,task        ] GC(1236) Using 8 workers of 8 for evacuation
[7064.884s][info][gc,phases      ] GC(1236)   Pre Evacuate Collection Set: 0.22ms
[7064.884s][info][gc,phases      ] GC(1236)   Merge Heap Roots: 0.53ms
[7064.884s][info][gc,phases      ] GC(1236)   Evacuate Collection Set: 156.21ms
[7064.884s][info][gc,phases      ] GC(1236)   Post Evacuate Collection Set: 1.03ms
[7064.884s][info][gc,phases      ] GC(1236)   Other: 0.06ms
[7064.884s][info][gc,heap        ] GC(1236) Eden regions: 569->0(570)
[7064.884s][info][gc,heap        ] GC(1236) Survivor regions: 45->44(77)
[7064.884s][info][gc,heap        ] GC(1236) Old regions: 187->194
[7064.884s][info][gc,heap        ] GC(1236) Humongous regions: 33->33
[7064.884s][info][gc,metaspace   ] GC(1236) Metaspace: 30021K(30528K)->30021K(30528K) NonClass: 26620K(26880K)->26620K(26880K) Class: 3400K(3648K)->3400K(3648K)
[7064.884s][info][gc             ] GC(1236) Pause Young (Normal) (G1 Evacuation Pause) 6651M->2153M(8192M) 158.178ms
[7064.884s][info][gc,cpu         ] GC(1236) User=1.25s Sys=0.00s Real=0.15s
....[7068.000s][info][gc,start       ] GC(1237) Pause Young (Normal) (G1 Evacuation Pause)
[7068.000s][info][gc,task        ] GC(1237) Using 8 workers of 8 for evacuation
[7068.147s][info][gc,phases      ] GC(1237)   Pre Evacuate Collection Set: 0.22ms
[7068.147s][info][gc,phases      ] GC(1237)   Merge Heap Roots: 0.53ms
[7068.147s][info][gc,phases      ] GC(1237)   Evacuate Collection Set: 145.84ms
[7068.147s][info][gc,phases      ] GC(1237)   Post Evacuate Collection Set: 1.02ms
[7068.147s][info][gc,phases      ] GC(1237)   Other: 0.06ms
[7068.147s][info][gc,heap        ] GC(1237) Eden regions: 570->0(571)
[7068.147s][info][gc,heap        ] GC(1237) Survivor regions: 44->43(77)
[7068.147s][info][gc,heap        ] GC(1237) Old regions: 194->201
[7068.147s][info][gc,heap        ] GC(1237) Humongous regions: 33->33
[7068.147s][info][gc,metaspace   ] GC(1237) Metaspace: 30021K(30528K)->30021K(30528K) NonClass: 26620K(26880K)->26620K(26880K) Class: 3400K(3648K)->3400K(3648K)
[7068.147s][info][gc             ] GC(1237) Pause Young (Normal) (G1 Evacuation Pause) 6713M->2197M(8192M) 147.799ms
[7068.147s][info][gc,cpu         ] GC(1237) User=1.17s Sys=0.00s Real=0.15s
...[7071.140s][info][gc,start       ] GC(1238) Pause Young (Normal) (G1 Evacuation Pause)
[7071.140s][info][gc,task        ] GC(1238) Using 8 workers of 8 for evacuation
[7071.292s][info][gc,phases      ] GC(1238)   Pre Evacuate Collection Set: 0.22ms
[7071.292s][info][gc,phases      ] GC(1238)   Merge Heap Roots: 0.53ms
[7071.292s][info][gc,phases      ] GC(1238)   Evacuate Collection Set: 150.51ms
[7071.292s][info][gc,phases      ] GC(1238)   Post Evacuate Collection Set: 1.08ms
[7071.292s][info][gc,phases      ] GC(1238)   Other: 0.06ms
[7071.292s][info][gc,heap        ] GC(1238) Eden regions: 571->0(570)
[7071.292s][info][gc,heap        ] GC(1238) Survivor regions: 43->44(77)
[7071.292s][info][gc,heap        ] GC(1238) Old regions: 201->208
[7071.292s][info][gc,heap        ] GC(1238) Humongous regions: 33->33
[7071.292s][info][gc,metaspace   ] GC(1238) Metaspace: 30021K(30528K)->30021K(30528K) NonClass: 26620K(26880K)->26620K(26880K) Class: 3400K(3648K)->3400K(3648K)
[7071.292s][info][gc             ] GC(1238) Pause Young (Normal) (G1 Evacuation Pause) 6765M->2263M(8192M) 152.530ms
[7071.292s][info][gc,cpu         ] GC(1238) User=1.20s Sys=0.00s Real=0.15s
...[7074.292s][info][gc,start       ] GC(1239) Pause Young (Normal) (G1 Evacuation Pause)
[7074.292s][info][gc,task        ] GC(1239) Using 8 workers of 8 for evacuation
[7074.442s][info][gc,phases      ] GC(1239)   Pre Evacuate Collection Set: 0.26ms
[7074.442s][info][gc,phases      ] GC(1239)   Merge Heap Roots: 0.53ms
[7074.442s][info][gc,phases      ] GC(1239)   Evacuate Collection Set: 147.81ms
[7074.442s][info][gc,phases      ] GC(1239)   Post Evacuate Collection Set: 1.08ms
[7074.442s][info][gc,phases      ] GC(1239)   Other: 0.06ms
[7074.442s][info][gc,heap        ] GC(1239) Eden regions: 570->0(571)
[7074.442s][info][gc,heap        ] GC(1239) Survivor regions: 44->43(77)
[7074.442s][info][gc,heap        ] GC(1239) Old regions: 208->215
[7074.442s][info][gc,heap        ] GC(1239) Humongous regions: 33->33
[7074.442s][info][gc,metaspace   ] GC(1239) Metaspace: 30021K(30528K)->30021K(30528K) NonClass: 26620K(26880K)->26620K(26880K) Class: 3400K(3648K)->3400K(3648K)
[7074.442s][info][gc             ] GC(1239) Pause Young (Normal) (G1 Evacuation Pause) 6823M->2309M(8192M) 149.879ms
[7074.442s][info][gc,cpu         ] GC(1239) User=1.18s Sys=0.00s Real=0.15s
...[7077.569s][info][gc,start       ] GC(1240) Pause Young (Normal) (G1 Evacuation Pause)
[7077.569s][info][gc,task        ] GC(1240) Using 8 workers of 8 for evacuation
[7077.726s][info][gc,phases      ] GC(1240)   Pre Evacuate Collection Set: 0.23ms
[7077.726s][info][gc,phases      ] GC(1240)   Merge Heap Roots: 0.61ms
[7077.726s][info][gc,phases      ] GC(1240)   Evacuate Collection Set: 155.39ms
[7077.726s][info][gc,phases      ] GC(1240)   Post Evacuate Collection Set: 1.06ms
[7077.726s][info][gc,phases      ] GC(1240)   Other: 0.06ms
[7077.726s][info][gc,heap        ] GC(1240) Eden regions: 571->0(569)
[7077.726s][info][gc,heap        ] GC(1240) Survivor regions: 43->45(77)
[7077.726s][info][gc,heap        ] GC(1240) Old regions: 215->222
[7077.726s][info][gc,heap        ] GC(1240) Humongous regions: 33->33
[7077.726s][info][gc,metaspace   ] GC(1240) Metaspace: 30021K(30528K)->30021K(30528K) NonClass: 26620K(26880K)->26620K(26880K) Class: 3400K(3648K)->3400K(3648K)
[7077.726s][info][gc             ] GC(1240) Pause Young (Normal) (G1 Evacuation Pause) 6877M->2383M(8192M) 157.492ms
[7077.726s][info][gc,cpu         ] GC(1240) User=1.25s Sys=0.00s Real=0.16s
...[7080.742s][info][gc,start       ] GC(1241) Pause Young (Normal) (G1 Evacuation Pause)
[7080.742s][info][gc,task        ] GC(1241) Using 8 workers of 8 for evacuation
[7080.902s][info][gc,phases      ] GC(1241)   Pre Evacuate Collection Set: 0.22ms
[7080.902s][info][gc,phases      ] GC(1241)   Merge Heap Roots: 0.54ms
[7080.902s][info][gc,phases      ] GC(1241)   Evacuate Collection Set: 157.26ms
[7080.902s][info][gc,phases      ] GC(1241)   Post Evacuate Collection Set: 1.05ms
[7080.902s][info][gc,phases      ] GC(1241)   Other: 0.07ms
[7080.902s][info][gc,heap        ] GC(1241) Eden regions: 569->0(569)
[7080.902s][info][gc,heap        ] GC(1241) Survivor regions: 45->45(77)
[7080.902s][info][gc,heap        ] GC(1241) Old regions: 222->230
[7080.902s][info][gc,heap        ] GC(1241) Humongous regions: 33->33
[7080.902s][info][gc,metaspace   ] GC(1241) Metaspace: 30021K(30528K)->30021K(30528K) NonClass: 26620K(26880K)->26620K(26880K) Class: 3400K(3648K)->3400K(3648K)
[7080.902s][info][gc             ] GC(1241) Pause Young (Normal) (G1 Evacuation Pause) 6935M->2446M(8192M) 159.281ms
[7080.902s][info][gc,cpu         ] GC(1241) User=1.26s Sys=0.00s Real=0.16s
...[7083.934s][info][gc,start       ] GC(1242) Pause Young (Normal) (G1 Evacuation Pause)
[7083.934s][info][gc,task        ] GC(1242) Using 8 workers of 8 for evacuation
[7084.083s][info][gc,phases      ] GC(1242)   Pre Evacuate Collection Set: 0.22ms
[7084.083s][info][gc,phases      ] GC(1242)   Merge Heap Roots: 0.54ms
[7084.083s][info][gc,phases      ] GC(1242)   Evacuate Collection Set: 146.48ms
[7084.083s][info][gc,phases      ] GC(1242)   Post Evacuate Collection Set: 1.06ms
[7084.083s][info][gc,phases      ] GC(1242)   Other: 0.08ms
[7084.083s][info][gc,heap        ] GC(1242) Eden regions: 569->0(572)
[7084.083s][info][gc,heap        ] GC(1242) Survivor regions: 45->42(77)
[7084.083s][info][gc,heap        ] GC(1242) Old regions: 230->237
[7084.083s][info][gc,heap        ] GC(1242) Humongous regions: 33->33
[7084.083s][info][gc,metaspace   ] GC(1242) Metaspace: 30021K(30528K)->30021K(30528K) NonClass: 26620K(26880K)->26620K(26880K) Class: 3400K(3648K)->3400K(3648K)
[7084.083s][info][gc             ] GC(1242) Pause Young (Normal) (G1 Evacuation Pause) 6998M->2478M(8192M) 148.512ms
[7084.083s][info][gc,cpu         ] GC(1242) User=1.17s Sys=0.00s Real=0.15s
...[7087.081s][info][gc,start       ] GC(1243) Pause Young (Normal) (G1 Evacuation Pause)
[7087.081s][info][gc,task        ] GC(1243) Using 8 workers of 8 for evacuation
[7087.232s][info][gc,phases      ] GC(1243)   Pre Evacuate Collection Set: 0.23ms
[7087.232s][info][gc,phases      ] GC(1243)   Merge Heap Roots: 0.54ms
[7087.232s][info][gc,phases      ] GC(1243)   Evacuate Collection Set: 148.98ms
[7087.232s][info][gc,phases      ] GC(1243)   Post Evacuate Collection Set: 1.05ms
[7087.232s][info][gc,phases      ] GC(1243)   Other: 0.06ms
[7087.232s][info][gc,heap        ] GC(1243) Eden regions: 572->0(571)
[7087.232s][info][gc,heap        ] GC(1243) Survivor regions: 42->43(77)
[7087.232s][info][gc,heap        ] GC(1243) Old regions: 237->244
[7087.232s][info][gc,heap        ] GC(1243) Humongous regions: 33->33
[7087.232s][info][gc,metaspace   ] GC(1243) Metaspace: 30021K(30528K)->30021K(30528K) NonClass: 26620K(26880K)->26620K(26880K) Class: 3400K(3648K)->3400K(3648K)
[7087.232s][info][gc             ] GC(1243) Pause Young (Normal) (G1 Evacuation Pause) 7054M->2541M(8192M) 150.991ms
[7087.232s][info][gc,cpu         ] GC(1243) User=1.20s Sys=0.00s Real=0.15s
....[7090.338s][info][gc,start       ] GC(1244) Pause Young (Normal) (G1 Evacuation Pause)
[7090.338s][info][gc,task        ] GC(1244) Using 8 workers of 8 for evacuation
[7090.491s][info][gc,phases      ] GC(1244)   Pre Evacuate Collection Set: 0.22ms
[7090.491s][info][gc,phases      ] GC(1244)   Merge Heap Roots: 0.54ms
[7090.491s][info][gc,phases      ] GC(1244)   Evacuate Collection Set: 150.30ms
[7090.491s][info][gc,phases      ] GC(1244)   Post Evacuate Collection Set: 1.03ms
[7090.491s][info][gc,phases      ] GC(1244)   Other: 0.06ms
[7090.491s][info][gc,heap        ] GC(1244) Eden regions: 571->0(570)
[7090.491s][info][gc,heap        ] GC(1244) Survivor regions: 43->44(77)
[7090.491s][info][gc,heap        ] GC(1244) Old regions: 244->251
[7090.491s][info][gc,heap        ] GC(1244) Humongous regions: 33->33
[7090.491s][info][gc,metaspace   ] GC(1244) Metaspace: 30021K(30528K)->30021K(30528K) NonClass: 26620K(26880K)->26620K(26880K) Class: 3400K(3648K)->3400K(3648K)
[7090.491s][info][gc             ] GC(1244) Pause Young (Normal) (G1 Evacuation Pause) 7109M->2606M(8192M) 152.267ms
[7090.491s][info][gc,cpu         ] GC(1244) User=1.21s Sys=0.01s Real=0.15s
...[7093.524s][info][gc,start       ] GC(1245) Pause Young (Normal) (G1 Evacuation Pause)
[7093.524s][info][gc,task        ] GC(1245) Using 8 workers of 8 for evacuation
[7093.678s][info][gc,phases      ] GC(1245)   Pre Evacuate Collection Set: 0.23ms
[7093.678s][info][gc,phases      ] GC(1245)   Merge Heap Roots: 0.54ms
[7093.678s][info][gc,phases      ] GC(1245)   Evacuate Collection Set: 151.82ms
[7093.678s][info][gc,phases      ] GC(1245)   Post Evacuate Collection Set: 1.03ms
[7093.678s][info][gc,phases      ] GC(1245)   Other: 0.06ms
[7093.678s][info][gc,heap        ] GC(1245) Eden regions: 570->0(571)
[7093.678s][info][gc,heap        ] GC(1245) Survivor regions: 44->43(77)
[7093.678s][info][gc,heap        ] GC(1245) Old regions: 251->258
[7093.678s][info][gc,heap        ] GC(1245) Humongous regions: 33->33
[7093.678s][info][gc,metaspace   ] GC(1245) Metaspace: 30021K(30528K)->30021K(30528K) NonClass: 26620K(26880K)->26620K(26880K) Class: 3400K(3648K)->3400K(3648K)
[7093.678s][info][gc             ] GC(1245) Pause Young (Normal) (G1 Evacuation Pause) 7166M->2659M(8192M) 153.824ms
[7093.678s][info][gc,cpu         ] GC(1245) User=1.22s Sys=0.00s Real=0.16s
...[7096.715s][info][gc,start       ] GC(1246) Pause Young (Normal) (G1 Evacuation Pause)
[7096.715s][info][gc,task        ] GC(1246) Using 8 workers of 8 for evacuation
[7096.870s][info][gc,phases      ] GC(1246)   Pre Evacuate Collection Set: 0.22ms
[7096.870s][info][gc,phases      ] GC(1246)   Merge Heap Roots: 0.55ms
[7096.870s][info][gc,phases      ] GC(1246)   Evacuate Collection Set: 153.68ms
[7096.870s][info][gc,phases      ] GC(1246)   Post Evacuate Collection Set: 1.07ms
[7096.871s][info][gc,phases      ] GC(1246)   Other: 0.06ms
[7096.871s][info][gc,heap        ] GC(1246) Eden regions: 571->0(569)
[7096.871s][info][gc,heap        ] GC(1246) Survivor regions: 43->45(77)
[7096.871s][info][gc,heap        ] GC(1246) Old regions: 258->265
[7096.871s][info][gc,heap        ] GC(1246) Humongous regions: 33->33
[7096.871s][info][gc,metaspace   ] GC(1246) Metaspace: 30021K(30528K)->30021K(30528K) NonClass: 26620K(26880K)->26620K(26880K) Class: 3400K(3648K)->3400K(3648K)
[7096.871s][info][gc             ] GC(1246) Pause Young (Normal) (G1 Evacuation Pause) 7227M->2726M(8192M) 155.701ms
[7096.871s][info][gc,cpu         ] GC(1246) User=1.23s Sys=0.00s Real=0.16s
...[7099.930s][info][gc,start       ] GC(1247) Pause Young (Normal) (G1 Evacuation Pause)
[7099.930s][info][gc,task        ] GC(1247) Using 8 workers of 8 for evacuation
[7100.077s][info][gc,phases      ] GC(1247)   Pre Evacuate Collection Set: 0.23ms
[7100.077s][info][gc,phases      ] GC(1247)   Merge Heap Roots: 0.54ms
[7100.077s][info][gc,phases      ] GC(1247)   Evacuate Collection Set: 145.87ms
[7100.077s][info][gc,phases      ] GC(1247)   Post Evacuate Collection Set: 1.08ms
[7100.077s][info][gc,phases      ] GC(1247)   Other: 0.06ms
[7100.077s][info][gc,heap        ] GC(1247) Eden regions: 569->0(572)
[7100.077s][info][gc,heap        ] GC(1247) Survivor regions: 45->42(77)
[7100.077s][info][gc,heap        ] GC(1247) Old regions: 265->272
[7100.077s][info][gc,heap        ] GC(1247) Humongous regions: 33->33
[7100.077s][info][gc,metaspace   ] GC(1247) Metaspace: 30021K(30528K)->30021K(30528K) NonClass: 26620K(26880K)->26620K(26880K) Class: 3400K(3648K)->3400K(3648K)
[7100.077s][info][gc             ] GC(1247) Pause Young (Normal) (G1 Evacuation Pause) 7278M->2763M(8192M) 147.909ms
[7100.078s][info][gc,cpu         ] GC(1247) User=1.17s Sys=0.00s Real=0.15s
...[7103.178s][info][gc,start       ] GC(1248) Pause Young (Normal) (G1 Evacuation Pause)
[7103.178s][info][gc,task        ] GC(1248) Using 8 workers of 8 for evacuation
[7103.333s][info][gc,phases      ] GC(1248)   Pre Evacuate Collection Set: 0.21ms
[7103.333s][info][gc,phases      ] GC(1248)   Merge Heap Roots: 0.54ms
[7103.333s][info][gc,phases      ] GC(1248)   Evacuate Collection Set: 153.72ms
[7103.333s][info][gc,phases      ] GC(1248)   Post Evacuate Collection Set: 1.06ms
[7103.333s][info][gc,phases      ] GC(1248)   Other: 0.07ms
[7103.333s][info][gc,heap        ] GC(1248) Eden regions: 572->0(570)
[7103.333s][info][gc,heap        ] GC(1248) Survivor regions: 42->44(77)
[7103.333s][info][gc,heap        ] GC(1248) Old regions: 272->280
[7103.333s][info][gc,heap        ] GC(1248) Humongous regions: 33->33
[7103.333s][info][gc,metaspace   ] GC(1248) Metaspace: 30021K(30528K)->30021K(30528K) NonClass: 26620K(26880K)->26620K(26880K) Class: 3400K(3648K)->3400K(3648K)
[7103.333s][info][gc             ] GC(1248) Pause Young (Normal) (G1 Evacuation Pause) 7339M->2838M(8192M) 155.753ms
[7103.334s][info][gc,cpu         ] GC(1248) User=1.23s Sys=0.00s Real=0.15s
. (rIR:aIR:PR = 11900:11876:11875) (tPR = 174481) [OK] 
  7103s: Performance info:
         Transaction,    Success,    Partial,     Failed,   Receipts, AvgBarcode, 
             Overall,     717195,          0,          0,     681609,      59.48, 
         Response times:
             Request,    Success,    Partial,     Failed,   SkipFail,     Probes,    Samples,      min,      p50,      p90,      p95,      p99,      max, 
       TotalPurchase,     681692,          0,          0,          0,     354583,     490110,      300,    14100,   104000,   155000,   395000,  3100000,
     InStorePurchase,     360969,          0,          0,          0,     186312,     257185,      300,    14000,   104000,   155000,   397000,  3100000,
      OnlinePurchase,     248804,          0,          0,          0,     130843,     180606,      300,    14100,   104000,   154000,   399000,  3100000,
        InstPurchase,      71919,          0,          0,          0,      37428,      52319,      400,    14300,   105000,   155000,   374000,  3100000,
          AssocOfCat,        714,          0,          0,          0,        590,        952,    33000,    68000,   151000,   199400,   430170,   567000,
      AssocOfProduct,       7162,          0,          0,          0,       4410,       6388,      700,    14700,   106000,   158000,   376000,   890000,
      BusinessReport,       1791,          0,          0,          0,       1621,       2471,    37000,    81000,   180000,   237400,   473000,   820000,
          CustBuyBeh,       7068,          0,          0,          0,       4453,       6400,      300,    14300,   102000,   151950,   378990,  3100000,
       ProductReturn,      18849,          0,          0,          0,      10041,      14175,      300,    13600,   105000,   163000,   390000,  3100000,

  7103s: (87%)   IR =  12038 ..[7106.377s][info][gc,start       ] GC(1249) Pause Young (Normal) (G1 Evacuation Pause)
[7106.377s][info][gc,task        ] GC(1249) Using 8 workers of 8 for evacuation
[7106.533s][info][gc,phases      ] GC(1249)   Pre Evacuate Collection Set: 0.21ms
[7106.533s][info][gc,phases      ] GC(1249)   Merge Heap Roots: 0.54ms
[7106.533s][info][gc,phases      ] GC(1249)   Evacuate Collection Set: 154.15ms
[7106.533s][info][gc,phases      ] GC(1249)   Post Evacuate Collection Set: 1.06ms
[7106.533s][info][gc,phases      ] GC(1249)   Other: 0.06ms
[7106.533s][info][gc,heap        ] GC(1249) Eden regions: 570->0(566)
[7106.533s][info][gc,heap        ] GC(1249) Survivor regions: 44->43(77)
[7106.533s][info][gc,heap        ] GC(1249) Old regions: 280->287
[7106.533s][info][gc,heap        ] GC(1249) Humongous regions: 33->33
[7106.533s][info][gc,metaspace   ] GC(1249) Metaspace: 30021K(30528K)->30021K(30528K) NonClass: 26620K(26880K)->26620K(26880K) Class: 3400K(3648K)->3400K(3648K)
[7106.533s][info][gc             ] GC(1249) Pause Young (Normal) (G1 Evacuation Pause) 7398M->2889M(8192M) 156.129ms
[7106.533s][info][gc,cpu         ] GC(1249) User=1.22s Sys=0.01s Real=0.15s
...[7109.468s][info][gc,start       ] GC(1250) Pause Young (Normal) (G1 Evacuation Pause)
[7109.468s][info][gc,task        ] GC(1250) Using 8 workers of 8 for evacuation
[7109.618s][info][gc,phases      ] GC(1250)   Pre Evacuate Collection Set: 0.22ms
[7109.618s][info][gc,phases      ] GC(1250)   Merge Heap Roots: 0.54ms
[7109.619s][info][gc,phases      ] GC(1250)   Evacuate Collection Set: 148.39ms
[7109.619s][info][gc,phases      ] GC(1250)   Post Evacuate Collection Set: 1.10ms
[7109.619s][info][gc,phases      ] GC(1250)   Other: 0.06ms
[7109.619s][info][gc,heap        ] GC(1250) Eden regions: 566->0(561)
[7109.619s][info][gc,heap        ] GC(1250) Survivor regions: 43->42(77)
[7109.619s][info][gc,heap        ] GC(1250) Old regions: 287->294
[7109.619s][info][gc,heap        ] GC(1250) Humongous regions: 33->33
[7109.619s][info][gc,metaspace   ] GC(1250) Metaspace: 30021K(30528K)->30021K(30528K) NonClass: 26620K(26880K)->26620K(26880K) Class: 3400K(3648K)->3400K(3648K)
[7109.619s][info][gc             ] GC(1250) Pause Young (Normal) (G1 Evacuation Pause) 7417M->2939M(8192M) 150.468ms
[7109.619s][info][gc,cpu         ] GC(1250) User=1.19s Sys=0.00s Real=0.15s
....[7112.643s][info][gc,start       ] GC(1251) Pause Young (Normal) (G1 Evacuation Pause)
[7112.643s][info][gc,task        ] GC(1251) Using 8 workers of 8 for evacuation
[7112.801s][info][gc,phases      ] GC(1251)   Pre Evacuate Collection Set: 0.25ms
[7112.801s][info][gc,phases      ] GC(1251)   Merge Heap Roots: 0.55ms
[7112.801s][info][gc,phases      ] GC(1251)   Evacuate Collection Set: 156.18ms
[7112.801s][info][gc,phases      ] GC(1251)   Post Evacuate Collection Set: 1.06ms
[7112.801s][info][gc,phases      ] GC(1251)   Other: 0.06ms
[7112.801s][info][gc,heap        ] GC(1251) Eden regions: 561->0(547)
[7112.801s][info][gc,heap        ] GC(1251) Survivor regions: 42->45(76)
[7112.801s][info][gc,heap        ] GC(1251) Old regions: 294->302
[7112.801s][info][gc,heap        ] GC(1251) Humongous regions: 33->33
[7112.801s][info][gc,metaspace   ] GC(1251) Metaspace: 30021K(30528K)->30021K(30528K) NonClass: 26620K(26880K)->26620K(26880K) Class: 3400K(3648K)->3400K(3648K)
[7112.801s][info][gc             ] GC(1251) Pause Young (Normal) (G1 Evacuation Pause) 7427M->3017M(8192M) 158.230ms
[7112.801s][info][gc,cpu         ] GC(1251) User=1.25s Sys=0.00s Real=0.16s
..[7115.599s][info][gc,start       ] GC(1252) Pause Young (Concurrent Start) (G1 Evacuation Pause)
[7115.599s][info][gc,task        ] GC(1252) Using 8 workers of 8 for evacuation
[7115.752s][info][gc,phases      ] GC(1252)   Pre Evacuate Collection Set: 0.26ms
[7115.752s][info][gc,phases      ] GC(1252)   Merge Heap Roots: 0.53ms
[7115.752s][info][gc,phases      ] GC(1252)   Evacuate Collection Set: 150.52ms
[7115.752s][info][gc,phases      ] GC(1252)   Post Evacuate Collection Set: 1.04ms
[7115.752s][info][gc,phases      ] GC(1252)   Other: 0.08ms
[7115.752s][info][gc,heap        ] GC(1252) Eden regions: 547->0(544)
[7115.752s][info][gc,heap        ] GC(1252) Survivor regions: 45->43(74)
[7115.752s][info][gc,heap        ] GC(1252) Old regions: 302->309
[7115.752s][info][gc,heap        ] GC(1252) Humongous regions: 33->33
[7115.752s][info][gc,metaspace   ] GC(1252) Metaspace: 30021K(30528K)->30021K(30528K) NonClass: 26620K(26880K)->26620K(26880K) Class: 3400K(3648K)->3400K(3648K)
[7115.752s][info][gc             ] GC(1252) Pause Young (Concurrent Start) (G1 Evacuation Pause) 7393M->3062M(8192M) 152.559ms
[7115.752s][info][gc             ] GC(1253) Concurrent Mark Cycle
[7115.752s][info][gc,marking     ] GC(1253) Concurrent Scan Root Regions
[7115.752s][info][gc,cpu         ] GC(1252) User=1.21s Sys=0.00s Real=0.15s
.[7116.068s][info][gc,marking     ] GC(1253) Concurrent Scan Root Regions 316.065ms
[7116.068s][info][gc,marking     ] GC(1253) Concurrent Mark
[7116.068s][info][gc,marking     ] GC(1253) Concurrent Mark From Roots
[7116.068s][info][gc,task        ] GC(1253) Using 2 workers of 2 for marking
.[7117.369s][info][gc,marking     ] GC(1253) Concurrent Mark From Roots 1300.347ms
[7117.369s][info][gc,marking     ] GC(1253) Concurrent Preclean
[7117.369s][info][gc,marking     ] GC(1253) Concurrent Preclean 0.147ms
[7117.369s][info][gc,start       ] GC(1253) Pause Remark
[7117.371s][info][gc             ] GC(1253) Pause Remark 4938M->4442M(8192M) 1.769ms
[7117.371s][info][gc,cpu         ] GC(1253) User=0.01s Sys=0.00s Real=0.00s
[7117.371s][info][gc,marking     ] GC(1253) Concurrent Mark 1302.568ms
[7117.371s][info][gc,marking     ] GC(1253) Concurrent Rebuild Remembered Sets and Scrub Regions
.[7118.079s][info][gc,marking     ] GC(1253) Concurrent Rebuild Remembered Sets and Scrub Regions 708.721ms
[7118.080s][info][gc,start       ] GC(1253) Pause Cleanup
[7118.080s][info][gc             ] GC(1253) Pause Cleanup 5439M->5439M(8192M) 0.255ms
[7118.080s][info][gc,cpu         ] GC(1253) User=0.00s Sys=0.00s Real=0.00s
[7118.080s][info][gc,marking     ] GC(1253) Concurrent Clear Claimed Marks
[7118.080s][info][gc,marking     ] GC(1253) Concurrent Clear Claimed Marks 0.046ms
[7118.080s][info][gc,marking     ] GC(1253) Concurrent Cleanup for Next Mark
[7118.091s][info][gc,marking     ] GC(1253) Concurrent Cleanup for Next Mark 11.349ms
[7118.092s][info][gc             ] GC(1253) Concurrent Mark Cycle 2339.526ms
.[7119.048s][info][gc,start       ] GC(1254) Pause Young (Prepare Mixed) (G1 Evacuation Pause)
[7119.048s][info][gc,task        ] GC(1254) Using 8 workers of 8 for evacuation
[7119.205s][info][gc,phases      ] GC(1254)   Pre Evacuate Collection Set: 0.21ms
[7119.205s][info][gc,phases      ] GC(1254)   Merge Heap Roots: 0.73ms
[7119.205s][info][gc,phases      ] GC(1254)   Evacuate Collection Set: 154.50ms
[7119.205s][info][gc,phases      ] GC(1254)   Post Evacuate Collection Set: 1.12ms
[7119.205s][info][gc,phases      ] GC(1254)   Other: 0.06ms
[7119.205s][info][gc,heap        ] GC(1254) Eden regions: 544->0(570)
[7119.205s][info][gc,heap        ] GC(1254) Survivor regions: 43->44(74)
[7119.205s][info][gc,heap        ] GC(1254) Old regions: 247->255
[7119.205s][info][gc,heap        ] GC(1254) Humongous regions: 33->33
[7119.205s][info][gc,metaspace   ] GC(1254) Metaspace: 30021K(30528K)->30021K(30528K) NonClass: 26620K(26880K)->26620K(26880K) Class: 3400K(3648K)->3400K(3648K)
[7119.205s][info][gc             ] GC(1254) Pause Young (Prepare Mixed) (G1 Evacuation Pause) 6918M->2638M(8192M) 156.760ms
[7119.205s][info][gc,cpu         ] GC(1254) User=1.24s Sys=0.00s Real=0.15s
...[7121.942s][info][gc,start       ] GC(1255) Pause Young (Mixed) (G1 Evacuation Pause)
[7121.943s][info][gc,task        ] GC(1255) Using 8 workers of 8 for evacuation
[7122.099s][info][gc,phases      ] GC(1255)   Pre Evacuate Collection Set: 0.26ms
[7122.099s][info][gc,phases      ] GC(1255)   Merge Heap Roots: 0.81ms
[7122.099s][info][gc,phases      ] GC(1255)   Evacuate Collection Set: 154.22ms
[7122.099s][info][gc,phases      ] GC(1255)   Post Evacuate Collection Set: 1.28ms
[7122.099s][info][gc,phases      ] GC(1255)   Other: 0.07ms
[7122.099s][info][gc,heap        ] GC(1255) Eden regions: 570->0(572)
[7122.099s][info][gc,heap        ] GC(1255) Survivor regions: 44->42(77)
[7122.099s][info][gc,heap        ] GC(1255) Old regions: 255->160
[7122.099s][info][gc,heap        ] GC(1255) Humongous regions: 33->33
[7122.099s][info][gc,metaspace   ] GC(1255) Metaspace: 30021K(30528K)->30021K(30528K) NonClass: 26620K(26880K)->26620K(26880K) Class: 3400K(3648K)->3400K(3648K)
[7122.099s][info][gc             ] GC(1255) Pause Young (Mixed) (G1 Evacuation Pause) 7198M->1863M(8192M) 156.768ms
[7122.099s][info][gc,cpu         ] GC(1255) User=1.24s Sys=0.00s Real=0.16s
..|.[7124.962s][info][gc,start       ] GC(1256) Pause Young (Mixed) (G1 Evacuation Pause)
[7124.962s][info][gc,task        ] GC(1256) Using 8 workers of 8 for evacuation
[7125.118s][info][gc,phases      ] GC(1256)   Pre Evacuate Collection Set: 0.28ms
[7125.118s][info][gc,phases      ] GC(1256)   Merge Heap Roots: 0.80ms
[7125.118s][info][gc,phases      ] GC(1256)   Evacuate Collection Set: 154.28ms
[7125.118s][info][gc,phases      ] GC(1256)   Post Evacuate Collection Set: 1.10ms
[7125.118s][info][gc,phases      ] GC(1256)   Other: 0.07ms
[7125.118s][info][gc,heap        ] GC(1256) Eden regions: 572->0(571)
[7125.118s][info][gc,heap        ] GC(1256) Survivor regions: 42->43(77)
[7125.118s][info][gc,heap        ] GC(1256) Old regions: 160->144
[7125.118s][info][gc,heap        ] GC(1256) Humongous regions: 33->33
[7125.118s][info][gc,metaspace   ] GC(1256) Metaspace: 30021K(30528K)->30021K(30528K) NonClass: 26620K(26880K)->26620K(26880K) Class: 3400K(3648K)->3400K(3648K)
[7125.118s][info][gc             ] GC(1256) Pause Young (Mixed) (G1 Evacuation Pause) 6439M->1743M(8192M) 156.692ms
[7125.118s][info][gc,cpu         ] GC(1256) User=1.24s Sys=0.00s Real=0.16s
...[7128.072s][info][gc,start       ] GC(1257) Pause Young (Normal) (G1 Evacuation Pause)
[7128.072s][info][gc,task        ] GC(1257) Using 8 workers of 8 for evacuation
[7128.223s][info][gc,phases      ] GC(1257)   Pre Evacuate Collection Set: 0.23ms
[7128.224s][info][gc,phases      ] GC(1257)   Merge Heap Roots: 0.53ms
[7128.224s][info][gc,phases      ] GC(1257)   Evacuate Collection Set: 149.17ms
[7128.224s][info][gc,phases      ] GC(1257)   Post Evacuate Collection Set: 1.02ms
[7128.224s][info][gc,phases      ] GC(1257)   Other: 0.06ms
[7128.224s][info][gc,heap        ] GC(1257) Eden regions: 571->0(572)
[7128.224s][info][gc,heap        ] GC(1257) Survivor regions: 43->42(77)
[7128.224s][info][gc,heap        ] GC(1257) Old regions: 144->152
[7128.224s][info][gc,heap        ] GC(1257) Humongous regions: 33->33
[7128.224s][info][gc,metaspace   ] GC(1257) Metaspace: 30021K(30528K)->30021K(30528K) NonClass: 26620K(26880K)->26620K(26880K) Class: 3400K(3648K)->3400K(3648K)
[7128.224s][info][gc             ] GC(1257) Pause Young (Normal) (G1 Evacuation Pause) 6311M->1797M(8192M) 151.126ms
[7128.224s][info][gc,cpu         ] GC(1257) User=1.19s Sys=0.00s Real=0.15s
...[7131.354s][info][gc,start       ] GC(1258) Pause Young (Normal) (G1 Evacuation Pause)
[7131.354s][info][gc,task        ] GC(1258) Using 8 workers of 8 for evacuation
[7131.506s][info][gc,phases      ] GC(1258)   Pre Evacuate Collection Set: 0.29ms
[7131.506s][info][gc,phases      ] GC(1258)   Merge Heap Roots: 0.67ms
[7131.506s][info][gc,phases      ] GC(1258)   Evacuate Collection Set: 150.00ms
[7131.506s][info][gc,phases      ] GC(1258)   Post Evacuate Collection Set: 1.06ms
[7131.506s][info][gc,phases      ] GC(1258)   Other: 0.06ms
[7131.506s][info][gc,heap        ] GC(1258) Eden regions: 572->0(570)
[7131.506s][info][gc,heap        ] GC(1258) Survivor regions: 42->44(77)
[7131.506s][info][gc,heap        ] GC(1258) Old regions: 152->159
[7131.506s][info][gc,heap        ] GC(1258) Humongous regions: 33->33
[7131.506s][info][gc,metaspace   ] GC(1258) Metaspace: 30021K(30528K)->30021K(30528K) NonClass: 26620K(26880K)->26620K(26880K) Class: 3400K(3648K)->3400K(3648K)
[7131.506s][info][gc             ] GC(1258) Pause Young (Normal) (G1 Evacuation Pause) 6373M->1866M(8192M) 152.221ms
[7131.507s][info][gc,cpu         ] GC(1258) User=1.20s Sys=0.01s Real=0.16s
...[7134.356s][info][gc,start       ] GC(1259) Pause Young (Normal) (G1 Evacuation Pause)
[7134.356s][info][gc,task        ] GC(1259) Using 8 workers of 8 for evacuation
[7134.515s][info][gc,phases      ] GC(1259)   Pre Evacuate Collection Set: 0.25ms
[7134.515s][info][gc,phases      ] GC(1259)   Merge Heap Roots: 0.52ms
[7134.515s][info][gc,phases      ] GC(1259)   Evacuate Collection Set: 156.49ms
[7134.515s][info][gc,phases      ] GC(1259)   Post Evacuate Collection Set: 1.04ms
[7134.515s][info][gc,phases      ] GC(1259)   Other: 0.07ms
[7134.515s][info][gc,heap        ] GC(1259) Eden regions: 570->0(568)
[7134.515s][info][gc,heap        ] GC(1259) Survivor regions: 44->46(77)
[7134.515s][info][gc,heap        ] GC(1259) Old regions: 159->166
[7134.515s][info][gc,heap        ] GC(1259) Humongous regions: 33->33
[7134.515s][info][gc,metaspace   ] GC(1259) Metaspace: 30021K(30528K)->30021K(30528K) NonClass: 26620K(26880K)->26620K(26880K) Class: 3400K(3648K)->3400K(3648K)
[7134.515s][info][gc             ] GC(1259) Pause Young (Normal) (G1 Evacuation Pause) 6426M->1939M(8192M) 158.496ms
[7134.515s][info][gc,cpu         ] GC(1259) User=1.26s Sys=0.00s Real=0.15s
...[7137.598s][info][gc,start       ] GC(1260) Pause Young (Normal) (G1 Evacuation Pause)
[7137.598s][info][gc,task        ] GC(1260) Using 8 workers of 8 for evacuation
[7137.760s][info][gc,phases      ] GC(1260)   Pre Evacuate Collection Set: 0.22ms
[7137.760s][info][gc,phases      ] GC(1260)   Merge Heap Roots: 0.53ms
[7137.760s][info][gc,phases      ] GC(1260)   Evacuate Collection Set: 159.61ms
[7137.760s][info][gc,phases      ] GC(1260)   Post Evacuate Collection Set: 1.05ms
[7137.760s][info][gc,phases      ] GC(1260)   Other: 0.06ms
[7137.760s][info][gc,heap        ] GC(1260) Eden regions: 568->0(568)
[7137.760s][info][gc,heap        ] GC(1260) Survivor regions: 46->46(77)
[7137.760s][info][gc,heap        ] GC(1260) Old regions: 166->173
[7137.760s][info][gc,heap        ] GC(1260) Humongous regions: 33->33
[7137.760s][info][gc,metaspace   ] GC(1260) Metaspace: 30021K(30528K)->30021K(30528K) NonClass: 26620K(26880K)->26620K(26880K) Class: 3400K(3648K)->3400K(3648K)
[7137.760s][info][gc             ] GC(1260) Pause Young (Normal) (G1 Evacuation Pause) 6483M->1997M(8192M) 161.618ms
[7137.760s][info][gc,cpu         ] GC(1260) User=1.28s Sys=0.00s Real=0.16s
...[7140.646s][info][gc,start       ] GC(1261) Pause Young (Normal) (G1 Evacuation Pause)
[7140.646s][info][gc,task        ] GC(1261) Using 8 workers of 8 for evacuation
[7140.802s][info][gc,phases      ] GC(1261)   Pre Evacuate Collection Set: 0.23ms
[7140.802s][info][gc,phases      ] GC(1261)   Merge Heap Roots: 0.54ms
[7140.802s][info][gc,phases      ] GC(1261)   Evacuate Collection Set: 153.36ms
[7140.802s][info][gc,phases      ] GC(1261)   Post Evacuate Collection Set: 1.09ms
[7140.802s][info][gc,phases      ] GC(1261)   Other: 0.06ms
[7140.802s][info][gc,heap        ] GC(1261) Eden regions: 568->0(570)
[7140.802s][info][gc,heap        ] GC(1261) Survivor regions: 46->44(77)
[7140.802s][info][gc,heap        ] GC(1261) Old regions: 173->180
[7140.802s][info][gc,heap        ] GC(1261) Humongous regions: 33->33
[7140.802s][info][gc,metaspace   ] GC(1261) Metaspace: 30021K(30528K)->30021K(30528K) NonClass: 26620K(26880K)->26620K(26880K) Class: 3400K(3648K)->3400K(3648K)
[7140.802s][info][gc             ] GC(1261) Pause Young (Normal) (G1 Evacuation Pause) 6541M->2041M(8192M) 155.425ms
[7140.802s][info][gc,cpu         ] GC(1261) User=1.23s Sys=0.00s Real=0.15s
...[7143.760s][info][gc,start       ] GC(1262) Pause Young (Normal) (G1 Evacuation Pause)
[7143.760s][info][gc,task        ] GC(1262) Using 8 workers of 8 for evacuation
[7143.922s][info][gc,phases      ] GC(1262)   Pre Evacuate Collection Set: 0.23ms
[7143.922s][info][gc,phases      ] GC(1262)   Merge Heap Roots: 0.61ms
[7143.922s][info][gc,phases      ] GC(1262)   Evacuate Collection Set: 159.52ms
[7143.922s][info][gc,phases      ] GC(1262)   Post Evacuate Collection Set: 1.04ms
[7143.922s][info][gc,phases      ] GC(1262)   Other: 0.10ms
[7143.922s][info][gc,heap        ] GC(1262) Eden regions: 570->0(569)
[7143.922s][info][gc,heap        ] GC(1262) Survivor regions: 44->45(77)
[7143.922s][info][gc,heap        ] GC(1262) Old regions: 180->187
[7143.922s][info][gc,heap        ] GC(1262) Humongous regions: 33->33
[7143.922s][info][gc,metaspace   ] GC(1262) Metaspace: 30021K(30528K)->30021K(30528K) NonClass: 26620K(26880K)->26620K(26880K) Class: 3400K(3648K)->3400K(3648K)
[7143.922s][info][gc             ] GC(1262) Pause Young (Normal) (G1 Evacuation Pause) 6601M->2106M(8192M) 161.682ms
[7143.922s][info][gc,cpu         ] GC(1262) User=1.28s Sys=0.00s Real=0.16s
...[7146.925s][info][gc,start       ] GC(1263) Pause Young (Normal) (G1 Evacuation Pause)
[7146.925s][info][gc,task        ] GC(1263) Using 8 workers of 8 for evacuation
[7147.079s][info][gc,phases      ] GC(1263)   Pre Evacuate Collection Set: 0.22ms
[7147.079s][info][gc,phases      ] GC(1263)   Merge Heap Roots: 0.53ms
[7147.079s][info][gc,phases      ] GC(1263)   Evacuate Collection Set: 152.55ms
[7147.079s][info][gc,phases      ] GC(1263)   Post Evacuate Collection Set: 1.04ms
[7147.079s][info][gc,phases      ] GC(1263)   Other: 0.06ms
[7147.079s][info][gc,heap        ] GC(1263) Eden regions: 569->0(570)
[7147.079s][info][gc,heap        ] GC(1263) Survivor regions: 45->44(77)
[7147.079s][info][gc,heap        ] GC(1263) Old regions: 187->194
[7147.079s][info][gc,heap        ] GC(1263) Humongous regions: 33->33
[7147.079s][info][gc,metaspace   ] GC(1263) Metaspace: 30021K(30528K)->30021K(30528K) NonClass: 26620K(26880K)->26620K(26880K) Class: 3400K(3648K)->3400K(3648K)
[7147.079s][info][gc             ] GC(1263) Pause Young (Normal) (G1 Evacuation Pause) 6658M->2151M(8192M) 154.542ms
[7147.079s][info][gc,cpu         ] GC(1263) User=1.23s Sys=0.00s Real=0.16s
....[7150.170s][info][gc,start       ] GC(1264) Pause Young (Normal) (G1 Evacuation Pause)
[7150.170s][info][gc,task        ] GC(1264) Using 8 workers of 8 for evacuation
[7150.323s][info][gc,phases      ] GC(1264)   Pre Evacuate Collection Set: 0.24ms
[7150.323s][info][gc,phases      ] GC(1264)   Merge Heap Roots: 0.64ms
[7150.323s][info][gc,phases      ] GC(1264)   Evacuate Collection Set: 150.31ms
[7150.323s][info][gc,phases      ] GC(1264)   Post Evacuate Collection Set: 1.04ms
[7150.323s][info][gc,phases      ] GC(1264)   Other: 0.06ms
[7150.323s][info][gc,heap        ] GC(1264) Eden regions: 570->0(572)
[7150.323s][info][gc,heap        ] GC(1264) Survivor regions: 44->42(77)
[7150.323s][info][gc,heap        ] GC(1264) Old regions: 194->201
[7150.323s][info][gc,heap        ] GC(1264) Humongous regions: 33->33
[7150.323s][info][gc,metaspace   ] GC(1264) Metaspace: 30021K(30528K)->30021K(30528K) NonClass: 26620K(26880K)->26620K(26880K) Class: 3400K(3648K)->3400K(3648K)
[7150.323s][info][gc             ] GC(1264) Pause Young (Normal) (G1 Evacuation Pause) 6711M->2195M(8192M) 152.419ms
[7150.323s][info][gc,cpu         ] GC(1264) User=1.20s Sys=0.00s Real=0.15s
...[7153.334s][info][gc,start       ] GC(1265) Pause Young (Normal) (G1 Evacuation Pause)
[7153.335s][info][gc,task        ] GC(1265) Using 8 workers of 8 for evacuation
[7153.489s][info][gc,phases      ] GC(1265)   Pre Evacuate Collection Set: 0.25ms
[7153.489s][info][gc,phases      ] GC(1265)   Merge Heap Roots: 0.53ms
[7153.489s][info][gc,phases      ] GC(1265)   Evacuate Collection Set: 153.00ms
[7153.489s][info][gc,phases      ] GC(1265)   Post Evacuate Collection Set: 1.02ms
[7153.489s][info][gc,phases      ] GC(1265)   Other: 0.06ms
[7153.489s][info][gc,heap        ] GC(1265) Eden regions: 572->0(570)
[7153.489s][info][gc,heap        ] GC(1265) Survivor regions: 42->44(77)
[7153.489s][info][gc,heap        ] GC(1265) Old regions: 201->208
[7153.489s][info][gc,heap        ] GC(1265) Humongous regions: 33->33
[7153.489s][info][gc,metaspace   ] GC(1265) Metaspace: 30021K(30528K)->30021K(30528K) NonClass: 26620K(26880K)->26620K(26880K) Class: 3400K(3648K)->3400K(3648K)
[7153.489s][info][gc             ] GC(1265) Pause Young (Normal) (G1 Evacuation Pause) 6771M->2263M(8192M) 154.987ms
[7153.489s][info][gc,cpu         ] GC(1265) User=1.22s Sys=0.01s Real=0.16s
...[7156.507s][info][gc,start       ] GC(1266) Pause Young (Normal) (G1 Evacuation Pause)
[7156.507s][info][gc,task        ] GC(1266) Using 8 workers of 8 for evacuation
[7156.664s][info][gc,phases      ] GC(1266)   Pre Evacuate Collection Set: 0.25ms
[7156.664s][info][gc,phases      ] GC(1266)   Merge Heap Roots: 0.56ms
[7156.664s][info][gc,phases      ] GC(1266)   Evacuate Collection Set: 155.11ms
[7156.664s][info][gc,phases      ] GC(1266)   Post Evacuate Collection Set: 1.09ms
[7156.664s][info][gc,phases      ] GC(1266)   Other: 0.06ms
[7156.664s][info][gc,heap        ] GC(1266) Eden regions: 570->0(571)
[7156.664s][info][gc,heap        ] GC(1266) Survivor regions: 44->43(77)
[7156.664s][info][gc,heap        ] GC(1266) Old regions: 208->216
[7156.664s][info][gc,heap        ] GC(1266) Humongous regions: 33->33
[7156.664s][info][gc,metaspace   ] GC(1266) Metaspace: 30021K(30528K)->30021K(30528K) NonClass: 26620K(26880K)->26620K(26880K) Class: 3400K(3648K)->3400K(3648K)
[7156.664s][info][gc             ] GC(1266) Pause Young (Normal) (G1 Evacuation Pause) 6823M->2317M(8192M) 157.205ms
[7156.664s][info][gc,cpu         ] GC(1266) User=1.24s Sys=0.00s Real=0.15s
...[7159.604s][info][gc,start       ] GC(1267) Pause Young (Normal) (G1 Evacuation Pause)
[7159.604s][info][gc,task        ] GC(1267) Using 8 workers of 8 for evacuation
[7159.757s][info][gc,phases      ] GC(1267)   Pre Evacuate Collection Set: 0.22ms
[7159.757s][info][gc,phases      ] GC(1267)   Merge Heap Roots: 0.54ms
[7159.757s][info][gc,phases      ] GC(1267)   Evacuate Collection Set: 150.75ms
[7159.757s][info][gc,phases      ] GC(1267)   Post Evacuate Collection Set: 1.04ms
[7159.757s][info][gc,phases      ] GC(1267)   Other: 0.07ms
[7159.757s][info][gc,heap        ] GC(1267) Eden regions: 571->0(570)
[7159.757s][info][gc,heap        ] GC(1267) Survivor regions: 43->44(77)
[7159.757s][info][gc,heap        ] GC(1267) Old regions: 216->223
[7159.757s][info][gc,heap        ] GC(1267) Humongous regions: 33->33
[7159.757s][info][gc,metaspace   ] GC(1267) Metaspace: 30021K(30528K)->30021K(30528K) NonClass: 26620K(26880K)->26620K(26880K) Class: 3400K(3648K)->3400K(3648K)
[7159.757s][info][gc             ] GC(1267) Pause Young (Normal) (G1 Evacuation Pause) 6885M->2379M(8192M) 152.766ms
[7159.757s][info][gc,cpu         ] GC(1267) User=1.21s Sys=0.00s Real=0.16s
...[7162.793s][info][gc,start       ] GC(1268) Pause Young (Normal) (G1 Evacuation Pause)
[7162.793s][info][gc,task        ] GC(1268) Using 8 workers of 8 for evacuation
[7162.946s][info][gc,phases      ] GC(1268)   Pre Evacuate Collection Set: 0.23ms
[7162.946s][info][gc,phases      ] GC(1268)   Merge Heap Roots: 0.55ms
[7162.946s][info][gc,phases      ] GC(1268)   Evacuate Collection Set: 150.90ms
[7162.946s][info][gc,phases      ] GC(1268)   Post Evacuate Collection Set: 1.07ms
[7162.946s][info][gc,phases      ] GC(1268)   Other: 0.06ms
[7162.946s][info][gc,heap        ] GC(1268) Eden regions: 570->0(570)
[7162.946s][info][gc,heap        ] GC(1268) Survivor regions: 44->44(77)
[7162.946s][info][gc,heap        ] GC(1268) Old regions: 223->230
[7162.946s][info][gc,heap        ] GC(1268) Humongous regions: 33->33
[7162.946s][info][gc,metaspace   ] GC(1268) Metaspace: 30021K(30528K)->30021K(30528K) NonClass: 26620K(26880K)->26620K(26880K) Class: 3400K(3648K)->3400K(3648K)
[7162.946s][info][gc             ] GC(1268) Pause Young (Normal) (G1 Evacuation Pause) 6939M->2437M(8192M) 152.938ms
[7162.946s][info][gc,cpu         ] GC(1268) User=1.21s Sys=0.00s Real=0.16s
...[7165.936s][info][gc,start       ] GC(1269) Pause Young (Normal) (G1 Evacuation Pause)
[7165.936s][info][gc,task        ] GC(1269) Using 8 workers of 8 for evacuation
[7166.087s][info][gc,phases      ] GC(1269)   Pre Evacuate Collection Set: 0.25ms
[7166.087s][info][gc,phases      ] GC(1269)   Merge Heap Roots: 0.55ms
[7166.087s][info][gc,phases      ] GC(1269)   Evacuate Collection Set: 149.24ms
[7166.087s][info][gc,phases      ] GC(1269)   Post Evacuate Collection Set: 1.05ms
[7166.087s][info][gc,phases      ] GC(1269)   Other: 0.08ms
[7166.088s][info][gc,heap        ] GC(1269) Eden regions: 570->0(571)
[7166.088s][info][gc,heap        ] GC(1269) Survivor regions: 44->43(77)
[7166.088s][info][gc,heap        ] GC(1269) Old regions: 230->238
[7166.088s][info][gc,heap        ] GC(1269) Humongous regions: 33->33
[7166.088s][info][gc,metaspace   ] GC(1269) Metaspace: 30021K(30528K)->30021K(30528K) NonClass: 26620K(26880K)->26620K(26880K) Class: 3400K(3648K)->3400K(3648K)
[7166.088s][info][gc             ] GC(1269) Pause Young (Normal) (G1 Evacuation Pause) 6997M->2494M(8192M) 151.321ms
[7166.088s][info][gc,cpu         ] GC(1269) User=1.20s Sys=0.00s Real=0.15s
....[7169.214s][info][gc,start       ] GC(1270) Pause Young (Normal) (G1 Evacuation Pause)
[7169.214s][info][gc,task        ] GC(1270) Using 8 workers of 8 for evacuation
[7169.365s][info][gc,phases      ] GC(1270)   Pre Evacuate Collection Set: 0.23ms
[7169.365s][info][gc,phases      ] GC(1270)   Merge Heap Roots: 0.54ms
[7169.365s][info][gc,phases      ] GC(1270)   Evacuate Collection Set: 148.82ms
[7169.365s][info][gc,phases      ] GC(1270)   Post Evacuate Collection Set: 1.05ms
[7169.365s][info][gc,phases      ] GC(1270)   Other: 0.07ms
[7169.365s][info][gc,heap        ] GC(1270) Eden regions: 571->0(572)
[7169.365s][info][gc,heap        ] GC(1270) Survivor regions: 43->42(77)
[7169.365s][info][gc,heap        ] GC(1270) Old regions: 238->245
[7169.365s][info][gc,heap        ] GC(1270) Humongous regions: 33->33
[7169.365s][info][gc,metaspace   ] GC(1270) Metaspace: 30021K(30528K)->30021K(30528K) NonClass: 26620K(26880K)->26620K(26880K) Class: 3400K(3648K)->3400K(3648K)
[7169.365s][info][gc             ] GC(1270) Pause Young (Normal) (G1 Evacuation Pause) 7062M->2545M(8192M) 150.849ms
[7169.365s][info][gc,cpu         ] GC(1270) User=1.19s Sys=0.00s Real=0.15s
...[7172.406s][info][gc,start       ] GC(1271) Pause Young (Normal) (G1 Evacuation Pause)
[7172.406s][info][gc,task        ] GC(1271) Using 8 workers of 8 for evacuation
[7172.563s][info][gc,phases      ] GC(1271)   Pre Evacuate Collection Set: 0.23ms
[7172.563s][info][gc,phases      ] GC(1271)   Merge Heap Roots: 0.54ms
[7172.563s][info][gc,phases      ] GC(1271)   Evacuate Collection Set: 154.86ms
[7172.563s][info][gc,phases      ] GC(1271)   Post Evacuate Collection Set: 1.07ms
[7172.563s][info][gc,phases      ] GC(1271)   Other: 0.06ms
[7172.563s][info][gc,heap        ] GC(1271) Eden regions: 572->0(570)
[7172.563s][info][gc,heap        ] GC(1271) Survivor regions: 42->44(77)
[7172.563s][info][gc,heap        ] GC(1271) Old regions: 245->252
[7172.563s][info][gc,heap        ] GC(1271) Humongous regions: 33->33
[7172.563s][info][gc,metaspace   ] GC(1271) Metaspace: 30021K(30528K)->30021K(30528K) NonClass: 26620K(26880K)->26620K(26880K) Class: 3400K(3648K)->3400K(3648K)
[7172.563s][info][gc             ] GC(1271) Pause Young (Normal) (G1 Evacuation Pause) 7121M->2614M(8192M) 156.898ms
[7172.563s][info][gc,cpu         ] GC(1271) User=1.24s Sys=0.01s Real=0.15s
...[7175.677s][info][gc,start       ] GC(1272) Pause Young (Normal) (G1 Evacuation Pause)
[7175.677s][info][gc,task        ] GC(1272) Using 8 workers of 8 for evacuation
[7175.834s][info][gc,phases      ] GC(1272)   Pre Evacuate Collection Set: 0.22ms
[7175.834s][info][gc,phases      ] GC(1272)   Merge Heap Roots: 0.54ms
[7175.834s][info][gc,phases      ] GC(1272)   Evacuate Collection Set: 155.34ms
[7175.834s][info][gc,phases      ] GC(1272)   Post Evacuate Collection Set: 1.02ms
[7175.834s][info][gc,phases      ] GC(1272)   Other: 0.07ms
[7175.834s][info][gc,heap        ] GC(1272) Eden regions: 570->0(570)
[7175.834s][info][gc,heap        ] GC(1272) Survivor regions: 44->44(77)
[7175.834s][info][gc,heap        ] GC(1272) Old regions: 252->259
[7175.834s][info][gc,heap        ] GC(1272) Humongous regions: 33->33
[7175.834s][info][gc,metaspace   ] GC(1272) Metaspace: 30021K(30528K)->30021K(30528K) NonClass: 26620K(26880K)->26620K(26880K) Class: 3400K(3648K)->3400K(3648K)
[7175.834s][info][gc             ] GC(1272) Pause Young (Normal) (G1 Evacuation Pause) 7174M->2673M(8192M) 157.300ms
[7175.834s][info][gc,cpu         ] GC(1272) User=1.24s Sys=0.01s Real=0.15s
...[7178.822s][info][gc,start       ] GC(1273) Pause Young (Normal) (G1 Evacuation Pause)
[7178.822s][info][gc,task        ] GC(1273) Using 8 workers of 8 for evacuation
[7178.976s][info][gc,phases      ] GC(1273)   Pre Evacuate Collection Set: 0.25ms
[7178.976s][info][gc,phases      ] GC(1273)   Merge Heap Roots: 0.59ms
[7178.976s][info][gc,phases      ] GC(1273)   Evacuate Collection Set: 152.85ms
[7178.976s][info][gc,phases      ] GC(1273)   Post Evacuate Collection Set: 1.02ms
[7178.977s][info][gc,phases      ] GC(1273)   Other: 0.06ms
[7178.977s][info][gc,heap        ] GC(1273) Eden regions: 570->0(570)
[7178.977s][info][gc,heap        ] GC(1273) Survivor regions: 44->44(77)
[7178.977s][info][gc,heap        ] GC(1273) Old regions: 259->266
[7178.977s][info][gc,heap        ] GC(1273) Humongous regions: 33->33
[7178.977s][info][gc,metaspace   ] GC(1273) Metaspace: 30021K(30528K)->30021K(30528K) NonClass: 26620K(26880K)->26620K(26880K) Class: 3400K(3648K)->3400K(3648K)
[7178.977s][info][gc             ] GC(1273) Pause Young (Normal) (G1 Evacuation Pause) 7233M->2727M(8192M) 154.902ms
[7178.977s][info][gc,cpu         ] GC(1273) User=1.23s Sys=0.00s Real=0.16s
...[7182.010s][info][gc,start       ] GC(1274) Pause Young (Normal) (G1 Evacuation Pause)
[7182.010s][info][gc,task        ] GC(1274) Using 8 workers of 8 for evacuation
[7182.162s][info][gc,phases      ] GC(1274)   Pre Evacuate Collection Set: 0.22ms
[7182.162s][info][gc,phases      ] GC(1274)   Merge Heap Roots: 0.53ms
[7182.162s][info][gc,phases      ] GC(1274)   Evacuate Collection Set: 150.34ms
[7182.162s][info][gc,phases      ] GC(1274)   Post Evacuate Collection Set: 1.09ms
[7182.162s][info][gc,phases      ] GC(1274)   Other: 0.06ms
[7182.162s][info][gc,heap        ] GC(1274) Eden regions: 570->0(570)
[7182.162s][info][gc,heap        ] GC(1274) Survivor regions: 44->44(77)
[7182.162s][info][gc,heap        ] GC(1274) Old regions: 266->274
[7182.162s][info][gc,heap        ] GC(1274) Humongous regions: 33->33
[7182.162s][info][gc,metaspace   ] GC(1274) Metaspace: 30021K(30528K)->30021K(30528K) NonClass: 26620K(26880K)->26620K(26880K) Class: 3400K(3648K)->3400K(3648K)
[7182.162s][info][gc             ] GC(1274) Pause Young (Normal) (G1 Evacuation Pause) 7287M->2786M(8192M) 152.384ms
[7182.162s][info][gc,cpu         ] GC(1274) User=1.20s Sys=0.00s Real=0.15s
... (rIR:aIR:PR = 12038:12076:12088) (tPR = 180329) [OK] 
  7184s: Performance info:
         Transaction,    Success,    Partial,     Failed,   Receipts, AvgBarcode, 
             Overall,     730275,          0,          0,     693356,      59.47, 
         Response times:
             Request,    Success,    Partial,     Failed,   SkipFail,     Probes,    Samples,      min,      p50,      p90,      p95,      p99,      max, 
       TotalPurchase,     692712,          0,          0,          0,     359952,     486837,      300,    15300,   116000,   194000,   353000,  4700000,
     InStorePurchase,     362496,          0,          0,          0,     189903,     256329,      300,    15300,   116000,   192000,   351000,  4700000,
      OnlinePurchase,     256685,          0,          0,          0,     132522,     179292,      300,    15200,   116000,   197000,   355000,  4700000,
        InstPurchase,      73531,          0,          0,          0,      37527,      51216,      400,    15500,   117000,   196000,   363000,  4700000,
          AssocOfCat,        727,          0,          0,          0,        619,        966,    35000,    71000,   195600,   280600,   443000,   650000,
      AssocOfProduct,       7352,          0,          0,          0,       3425,       4896,      600,    15000,   115000,   211450,   346000,   830000,
      BusinessReport,       1823,          0,          0,          0,       1619,       2391,    35000,    87000,   200000,   274000,   411080,   710000,
          CustBuyBeh,       7199,          0,          0,          0,       3438,       4913,      200,    15000,   107000,   190000,   350160,   760000,
       ProductReturn,      19724,          0,          0,          0,      10058,      13994,      200,    14800,   113000,   206000,   352000,  1500000,

  7184s: (88%)   IR =  12177 [7185.089s][info][gc,start       ] GC(1275) Pause Young (Normal) (G1 Evacuation Pause)
[7185.089s][info][gc,task        ] GC(1275) Using 8 workers of 8 for evacuation
[7185.237s][info][gc,phases      ] GC(1275)   Pre Evacuate Collection Set: 0.24ms
[7185.237s][info][gc,phases      ] GC(1275)   Merge Heap Roots: 0.55ms
[7185.237s][info][gc,phases      ] GC(1275)   Evacuate Collection Set: 146.88ms
[7185.237s][info][gc,phases      ] GC(1275)   Post Evacuate Collection Set: 1.08ms
[7185.237s][info][gc,phases      ] GC(1275)   Other: 0.06ms
[7185.237s][info][gc,heap        ] GC(1275) Eden regions: 570->0(571)
[7185.237s][info][gc,heap        ] GC(1275) Survivor regions: 44->43(77)
[7185.237s][info][gc,heap        ] GC(1275) Old regions: 274->281
[7185.237s][info][gc,heap        ] GC(1275) Humongous regions: 33->33
[7185.237s][info][gc,metaspace   ] GC(1275) Metaspace: 30021K(30528K)->30021K(30528K) NonClass: 26620K(26880K)->26620K(26880K) Class: 3400K(3648K)->3400K(3648K)
[7185.237s][info][gc             ] GC(1275) Pause Young (Normal) (G1 Evacuation Pause) 7346M->2835M(8192M) 148.935ms
[7185.238s][info][gc,cpu         ] GC(1275) User=1.18s Sys=0.00s Real=0.15s
...[7188.257s][info][gc,start       ] GC(1276) Pause Young (Normal) (G1 Evacuation Pause)
[7188.257s][info][gc,task        ] GC(1276) Using 8 workers of 8 for evacuation
[7188.413s][info][gc,phases      ] GC(1276)   Pre Evacuate Collection Set: 0.24ms
[7188.413s][info][gc,phases      ] GC(1276)   Merge Heap Roots: 0.55ms
[7188.413s][info][gc,phases      ] GC(1276)   Evacuate Collection Set: 154.03ms
[7188.413s][info][gc,phases      ] GC(1276)   Post Evacuate Collection Set: 1.08ms
[7188.413s][info][gc,phases      ] GC(1276)   Other: 0.06ms
[7188.413s][info][gc,heap        ] GC(1276) Eden regions: 571->0(563)
[7188.413s][info][gc,heap        ] GC(1276) Survivor regions: 43->44(77)
[7188.413s][info][gc,heap        ] GC(1276) Old regions: 281->288
[7188.413s][info][gc,heap        ] GC(1276) Humongous regions: 33->33
[7188.413s][info][gc,metaspace   ] GC(1276) Metaspace: 30021K(30528K)->30021K(30528K) NonClass: 26620K(26880K)->26620K(26880K) Class: 3400K(3648K)->3400K(3648K)
[7188.413s][info][gc             ] GC(1276) Pause Young (Normal) (G1 Evacuation Pause) 7403M->2901M(8192M) 156.073ms
[7188.413s][info][gc,cpu         ] GC(1276) User=1.24s Sys=0.00s Real=0.15s
...[7191.373s][info][gc,start       ] GC(1277) Pause Young (Normal) (G1 Evacuation Pause)
[7191.374s][info][gc,task        ] GC(1277) Using 8 workers of 8 for evacuation
[7191.530s][info][gc,phases      ] GC(1277)   Pre Evacuate Collection Set: 0.25ms
[7191.530s][info][gc,phases      ] GC(1277)   Merge Heap Roots: 0.55ms
[7191.530s][info][gc,phases      ] GC(1277)   Evacuate Collection Set: 154.06ms
[7191.530s][info][gc,phases      ] GC(1277)   Post Evacuate Collection Set: 1.09ms
[7191.530s][info][gc,phases      ] GC(1277)   Other: 0.06ms
[7191.530s][info][gc,heap        ] GC(1277) Eden regions: 563->0(556)
[7191.530s][info][gc,heap        ] GC(1277) Survivor regions: 44->44(76)
[7191.530s][info][gc,heap        ] GC(1277) Old regions: 288->295
[7191.530s][info][gc,heap        ] GC(1277) Humongous regions: 33->33
[7191.530s][info][gc,metaspace   ] GC(1277) Metaspace: 30021K(30528K)->30021K(30528K) NonClass: 26620K(26880K)->26620K(26880K) Class: 3400K(3648K)->3400K(3648K)
[7191.530s][info][gc             ] GC(1277) Pause Young (Normal) (G1 Evacuation Pause) 7405M->2959M(8192M) 156.156ms
[7191.530s][info][gc,cpu         ] GC(1277) User=1.23s Sys=0.00s Real=0.16s
...[7194.485s][info][gc,start       ] GC(1278) Pause Young (Normal) (G1 Evacuation Pause)
[7194.485s][info][gc,task        ] GC(1278) Using 8 workers of 8 for evacuation
[7194.641s][info][gc,phases      ] GC(1278)   Pre Evacuate Collection Set: 0.24ms
[7194.641s][info][gc,phases      ] GC(1278)   Merge Heap Roots: 0.60ms
[7194.641s][info][gc,phases      ] GC(1278)   Evacuate Collection Set: 154.06ms
[7194.641s][info][gc,phases      ] GC(1278)   Post Evacuate Collection Set: 1.03ms
[7194.641s][info][gc,phases      ] GC(1278)   Other: 0.83ms
[7194.641s][info][gc,heap        ] GC(1278) Eden regions: 556->0(550)
[7194.641s][info][gc,heap        ] GC(1278) Survivor regions: 44->43(75)
[7194.641s][info][gc,heap        ] GC(1278) Old regions: 295->303
[7194.641s][info][gc,heap        ] GC(1278) Humongous regions: 33->33
[7194.641s][info][gc,metaspace   ] GC(1278) Metaspace: 30021K(30528K)->30021K(30528K) NonClass: 26620K(26880K)->26620K(26880K) Class: 3400K(3648K)->3400K(3648K)
[7194.641s][info][gc             ] GC(1278) Pause Young (Normal) (G1 Evacuation Pause) 7407M->3015M(8192M) 156.918ms
[7194.641s][info][gc,cpu         ] GC(1278) User=1.23s Sys=0.00s Real=0.16s
...[7197.503s][info][gc,start       ] GC(1279) Pause Young (Concurrent Start) (G1 Evacuation Pause)
[7197.503s][info][gc,task        ] GC(1279) Using 8 workers of 8 for evacuation
[7197.655s][info][gc,phases      ] GC(1279)   Pre Evacuate Collection Set: 0.27ms
[7197.655s][info][gc,phases      ] GC(1279)   Merge Heap Roots: 0.60ms
[7197.655s][info][gc,phases      ] GC(1279)   Evacuate Collection Set: 150.23ms
[7197.655s][info][gc,phases      ] GC(1279)   Post Evacuate Collection Set: 1.03ms
[7197.655s][info][gc,phases      ] GC(1279)   Other: 0.11ms
[7197.655s][info][gc,heap        ] GC(1279) Eden regions: 550->0(541)
[7197.655s][info][gc,heap        ] GC(1279) Survivor regions: 43->44(75)
[7197.655s][info][gc,heap        ] GC(1279) Old regions: 303->310
[7197.655s][info][gc,heap        ] GC(1279) Humongous regions: 33->33
[7197.655s][info][gc,metaspace   ] GC(1279) Metaspace: 30021K(30528K)->30021K(30528K) NonClass: 26620K(26880K)->26620K(26880K) Class: 3400K(3648K)->3400K(3648K)
[7197.655s][info][gc             ] GC(1279) Pause Young (Concurrent Start) (G1 Evacuation Pause) 7415M->3078M(8192M) 152.378ms
[7197.655s][info][gc,cpu         ] GC(1279) User=1.20s Sys=0.00s Real=0.15s
[7197.655s][info][gc             ] GC(1280) Concurrent Mark Cycle
[7197.655s][info][gc,marking     ] GC(1280) Concurrent Scan Root Regions
.[7197.942s][info][gc,marking     ] GC(1280) Concurrent Scan Root Regions 286.242ms
[7197.942s][info][gc,marking     ] GC(1280) Concurrent Mark
[7197.942s][info][gc,marking     ] GC(1280) Concurrent Mark From Roots
[7197.942s][info][gc,task        ] GC(1280) Using 2 workers of 2 for marking
.[7199.265s][info][gc,marking     ] GC(1280) Concurrent Mark From Roots 1323.187ms
[7199.265s][info][gc,marking     ] GC(1280) Concurrent Preclean
[7199.265s][info][gc,marking     ] GC(1280) Concurrent Preclean 0.149ms
[7199.265s][info][gc,start       ] GC(1280) Pause Remark
[7199.267s][info][gc             ] GC(1280) Pause Remark 4930M->4402M(8192M) 1.915ms
[7199.267s][info][gc,cpu         ] GC(1280) User=0.01s Sys=0.00s Real=0.01s
[7199.267s][info][gc,marking     ] GC(1280) Concurrent Mark 1325.521ms
[7199.267s][info][gc,marking     ] GC(1280) Concurrent Rebuild Remembered Sets and Scrub Regions
.[7200.135s][info][gc,marking     ] GC(1280) Concurrent Rebuild Remembered Sets and Scrub Regions 867.908ms
[7200.135s][info][gc,start       ] GC(1280) Pause Cleanup
[7200.136s][info][gc             ] GC(1280) Pause Cleanup 5478M->5478M(8192M) 0.253ms
[7200.136s][info][gc,cpu         ] GC(1280) User=0.00s Sys=0.00s Real=0.00s
[7200.136s][info][gc,marking     ] GC(1280) Concurrent Clear Claimed Marks
[7200.136s][info][gc,marking     ] GC(1280) Concurrent Clear Claimed Marks 0.038ms
[7200.136s][info][gc,marking     ] GC(1280) Concurrent Cleanup for Next Mark
[7200.146s][info][gc,marking     ] GC(1280) Concurrent Cleanup for Next Mark 10.574ms
[7200.146s][info][gc             ] GC(1280) Concurrent Mark Cycle 2490.934ms
.[7200.950s][info][gc,start       ] GC(1281) Pause Young (Prepare Mixed) (G1 Evacuation Pause)
[7200.950s][info][gc,task        ] GC(1281) Using 8 workers of 8 for evacuation
[7201.106s][info][gc,phases      ] GC(1281)   Pre Evacuate Collection Set: 0.24ms
[7201.107s][info][gc,phases      ] GC(1281)   Merge Heap Roots: 0.79ms
[7201.107s][info][gc,phases      ] GC(1281)   Evacuate Collection Set: 154.22ms
[7201.107s][info][gc,phases      ] GC(1281)   Post Evacuate Collection Set: 1.13ms
[7201.107s][info][gc,phases      ] GC(1281)   Other: 0.07ms
[7201.107s][info][gc,heap        ] GC(1281) Eden regions: 541->0(571)
[7201.107s][info][gc,heap        ] GC(1281) Survivor regions: 44->43(74)
[7201.107s][info][gc,heap        ] GC(1281) Old regions: 244->252
[7201.107s][info][gc,heap        ] GC(1281) Humongous regions: 33->33
[7201.107s][info][gc,metaspace   ] GC(1281) Metaspace: 30021K(30528K)->30021K(30528K) NonClass: 26620K(26880K)->26620K(26880K) Class: 3400K(3648K)->3400K(3648K)
[7201.107s][info][gc             ] GC(1281) Pause Young (Prepare Mixed) (G1 Evacuation Pause) 6878M->2607M(8192M) 156.569ms
[7201.107s][info][gc,cpu         ] GC(1281) User=1.24s Sys=0.00s Real=0.16s
...[7203.869s][info][gc,start       ] GC(1282) Pause Young (Mixed) (G1 Evacuation Pause)
[7203.869s][info][gc,task        ] GC(1282) Using 8 workers of 8 for evacuation
[7204.035s][info][gc,phases      ] GC(1282)   Pre Evacuate Collection Set: 0.24ms
[7204.035s][info][gc,phases      ] GC(1282)   Merge Heap Roots: 0.84ms
[7204.035s][info][gc,phases      ] GC(1282)   Evacuate Collection Set: 163.32ms
[7204.035s][info][gc,phases      ] GC(1282)   Post Evacuate Collection Set: 1.24ms
[7204.035s][info][gc,phases      ] GC(1282)   Other: 0.09ms
[7204.035s][info][gc,heap        ] GC(1282) Eden regions: 571->0(569)
[7204.035s][info][gc,heap        ] GC(1282) Survivor regions: 43->45(77)
[7204.035s][info][gc,heap        ] GC(1282) Old regions: 252->157
[7204.035s][info][gc,heap        ] GC(1282) Humongous regions: 33->33
[7204.035s][info][gc,metaspace   ] GC(1282) Metaspace: 30021K(30528K)->30021K(30528K) NonClass: 26620K(26880K)->26620K(26880K) Class: 3400K(3648K)->3400K(3648K)
[7204.035s][info][gc             ] GC(1282) Pause Young (Mixed) (G1 Evacuation Pause) 7175M->1862M(8192M) 165.874ms
[7204.035s][info][gc,cpu         ] GC(1282) User=1.32s Sys=0.00s Real=0.16s
...[7206.791s][info][gc,start       ] GC(1283) Pause Young (Mixed) (G1 Evacuation Pause)
[7206.791s][info][gc,task        ] GC(1283) Using 8 workers of 8 for evacuation
[7206.951s][info][gc,phases      ] GC(1283)   Pre Evacuate Collection Set: 0.24ms
[7206.951s][info][gc,phases      ] GC(1283)   Merge Heap Roots: 0.77ms
[7206.951s][info][gc,phases      ] GC(1283)   Evacuate Collection Set: 157.71ms
[7206.951s][info][gc,phases      ] GC(1283)   Post Evacuate Collection Set: 1.05ms
[7206.951s][info][gc,phases      ] GC(1283)   Other: 0.08ms
[7206.951s][info][gc,heap        ] GC(1283) Eden regions: 569->0(571)
[7206.951s][info][gc,heap        ] GC(1283) Survivor regions: 45->43(77)
[7206.951s][info][gc,heap        ] GC(1283) Old regions: 157->144
[7206.951s][info][gc,heap        ] GC(1283) Humongous regions: 33->33
[7206.951s][info][gc,metaspace   ] GC(1283) Metaspace: 30021K(30528K)->30021K(30528K) NonClass: 26620K(26880K)->26620K(26880K) Class: 3400K(3648K)->3400K(3648K)
[7206.951s][info][gc             ] GC(1283) Pause Young (Mixed) (G1 Evacuation Pause) 6414M->1747M(8192M) 159.984ms
[7206.951s][info][gc,cpu         ] GC(1283) User=1.27s Sys=0.00s Real=0.16s
.|..[7209.982s][info][gc,start       ] GC(1284) Pause Young (Normal) (G1 Evacuation Pause)
[7209.982s][info][gc,task        ] GC(1284) Using 8 workers of 8 for evacuation
[7210.137s][info][gc,phases      ] GC(1284)   Pre Evacuate Collection Set: 0.24ms
[7210.137s][info][gc,phases      ] GC(1284)   Merge Heap Roots: 0.53ms
[7210.137s][info][gc,phases      ] GC(1284)   Evacuate Collection Set: 153.32ms
[7210.137s][info][gc,phases      ] GC(1284)   Post Evacuate Collection Set: 1.06ms
[7210.137s][info][gc,phases      ] GC(1284)   Other: 0.06ms
[7210.137s][info][gc,heap        ] GC(1284) Eden regions: 571->0(571)
[7210.137s][info][gc,heap        ] GC(1284) Survivor regions: 43->43(77)
[7210.137s][info][gc,heap        ] GC(1284) Old regions: 144->151
[7210.137s][info][gc,heap        ] GC(1284) Humongous regions: 33->33
[7210.137s][info][gc,metaspace   ] GC(1284) Metaspace: 30021K(30528K)->30021K(30528K) NonClass: 26620K(26880K)->26620K(26880K) Class: 3400K(3648K)->3400K(3648K)
[7210.137s][info][gc             ] GC(1284) Pause Young (Normal) (G1 Evacuation Pause) 6315M->1803M(8192M) 155.343ms
[7210.137s][info][gc,cpu         ] GC(1284) User=1.24s Sys=0.00s Real=0.16s
...[7213.031s][info][gc,start       ] GC(1285) Pause Young (Normal) (G1 Evacuation Pause)
[7213.031s][info][gc,task        ] GC(1285) Using 8 workers of 8 for evacuation
[7213.188s][info][gc,phases      ] GC(1285)   Pre Evacuate Collection Set: 0.21ms
[7213.188s][info][gc,phases      ] GC(1285)   Merge Heap Roots: 0.53ms
[7213.188s][info][gc,phases      ] GC(1285)   Evacuate Collection Set: 155.21ms
[7213.188s][info][gc,phases      ] GC(1285)   Post Evacuate Collection Set: 1.04ms
[7213.188s][info][gc,phases      ] GC(1285)   Other: 0.06ms
[7213.188s][info][gc,heap        ] GC(1285) Eden regions: 571->0(571)
[7213.188s][info][gc,heap        ] GC(1285) Survivor regions: 43->43(77)
[7213.188s][info][gc,heap        ] GC(1285) Old regions: 151->159
[7213.188s][info][gc,heap        ] GC(1285) Humongous regions: 33->33
[7213.188s][info][gc,metaspace   ] GC(1285) Metaspace: 30021K(30528K)->30021K(30528K) NonClass: 26620K(26880K)->26620K(26880K) Class: 3400K(3648K)->3400K(3648K)
[7213.188s][info][gc             ] GC(1285) Pause Young (Normal) (G1 Evacuation Pause) 6371M->1863M(8192M) 157.175ms
[7213.188s][info][gc,cpu         ] GC(1285) User=1.25s Sys=0.00s Real=0.16s
...[7216.200s][info][gc,start       ] GC(1286) Pause Young (Normal) (G1 Evacuation Pause)
[7216.200s][info][gc,task        ] GC(1286) Using 8 workers of 8 for evacuation
[7216.353s][info][gc,phases      ] GC(1286)   Pre Evacuate Collection Set: 0.25ms
[7216.353s][info][gc,phases      ] GC(1286)   Merge Heap Roots: 0.52ms
[7216.353s][info][gc,phases      ] GC(1286)   Evacuate Collection Set: 151.45ms
[7216.353s][info][gc,phases      ] GC(1286)   Post Evacuate Collection Set: 1.05ms
[7216.353s][info][gc,phases      ] GC(1286)   Other: 0.06ms
[7216.353s][info][gc,heap        ] GC(1286) Eden regions: 571->0(570)
[7216.353s][info][gc,heap        ] GC(1286) Survivor regions: 43->44(77)
[7216.353s][info][gc,heap        ] GC(1286) Old regions: 159->166
[7216.353s][info][gc,heap        ] GC(1286) Humongous regions: 33->33
[7216.353s][info][gc,metaspace   ] GC(1286) Metaspace: 30021K(30528K)->30021K(30528K) NonClass: 26620K(26880K)->26620K(26880K) Class: 3400K(3648K)->3400K(3648K)
[7216.353s][info][gc             ] GC(1286) Pause Young (Normal) (G1 Evacuation Pause) 6431M->1923M(8192M) 153.449ms
[7216.353s][info][gc,cpu         ] GC(1286) User=1.22s Sys=0.00s Real=0.15s
...[7219.380s][info][gc,start       ] GC(1287) Pause Young (Normal) (G1 Evacuation Pause)
[7219.380s][info][gc,task        ] GC(1287) Using 8 workers of 8 for evacuation
[7219.535s][info][gc,phases      ] GC(1287)   Pre Evacuate Collection Set: 0.23ms
[7219.535s][info][gc,phases      ] GC(1287)   Merge Heap Roots: 0.55ms
[7219.535s][info][gc,phases      ] GC(1287)   Evacuate Collection Set: 153.27ms
[7219.535s][info][gc,phases      ] GC(1287)   Post Evacuate Collection Set: 1.06ms
[7219.535s][info][gc,phases      ] GC(1287)   Other: 0.06ms
[7219.535s][info][gc,heap        ] GC(1287) Eden regions: 570->0(570)
[7219.535s][info][gc,heap        ] GC(1287) Survivor regions: 44->44(77)
[7219.535s][info][gc,heap        ] GC(1287) Old regions: 166->173
[7219.535s][info][gc,heap        ] GC(1287) Humongous regions: 33->33
[7219.535s][info][gc,metaspace   ] GC(1287) Metaspace: 30021K(30528K)->30021K(30528K) NonClass: 26620K(26880K)->26620K(26880K) Class: 3400K(3648K)->3400K(3648K)
[7219.535s][info][gc             ] GC(1287) Pause Young (Normal) (G1 Evacuation Pause) 6483M->1987M(8192M) 155.293ms
[7219.535s][info][gc,cpu         ] GC(1287) User=1.22s Sys=0.00s Real=0.15s
...[7222.546s][info][gc,start       ] GC(1288) Pause Young (Normal) (G1 Evacuation Pause)
[7222.546s][info][gc,task        ] GC(1288) Using 8 workers of 8 for evacuation
[7222.701s][info][gc,phases      ] GC(1288)   Pre Evacuate Collection Set: 0.26ms
[7222.701s][info][gc,phases      ] GC(1288)   Merge Heap Roots: 0.56ms
[7222.701s][info][gc,phases      ] GC(1288)   Evacuate Collection Set: 153.05ms
[7222.701s][info][gc,phases      ] GC(1288)   Post Evacuate Collection Set: 1.07ms
[7222.701s][info][gc,phases      ] GC(1288)   Other: 0.06ms
[7222.701s][info][gc,heap        ] GC(1288) Eden regions: 570->0(570)
[7222.701s][info][gc,heap        ] GC(1288) Survivor regions: 44->44(77)
[7222.701s][info][gc,heap        ] GC(1288) Old regions: 173->181
[7222.701s][info][gc,heap        ] GC(1288) Humongous regions: 33->33
[7222.701s][info][gc,metaspace   ] GC(1288) Metaspace: 30021K(30528K)->30021K(30528K) NonClass: 26620K(26880K)->26620K(26880K) Class: 3400K(3648K)->3400K(3648K)
[7222.701s][info][gc             ] GC(1288) Pause Young (Normal) (G1 Evacuation Pause) 6547M->2041M(8192M) 155.129ms
[7222.701s][info][gc,cpu         ] GC(1288) User=1.23s Sys=0.00s Real=0.15s
...[7225.691s][info][gc,start       ] GC(1289) Pause Young (Normal) (G1 Evacuation Pause)
[7225.691s][info][gc,task        ] GC(1289) Using 8 workers of 8 for evacuation
[7225.846s][info][gc,phases      ] GC(1289)   Pre Evacuate Collection Set: 0.24ms
[7225.846s][info][gc,phases      ] GC(1289)   Merge Heap Roots: 0.53ms
[7225.846s][info][gc,phases      ] GC(1289)   Evacuate Collection Set: 152.95ms
[7225.846s][info][gc,phases      ] GC(1289)   Post Evacuate Collection Set: 1.04ms
[7225.846s][info][gc,phases      ] GC(1289)   Other: 0.06ms
[7225.846s][info][gc,heap        ] GC(1289) Eden regions: 570->0(570)
[7225.846s][info][gc,heap        ] GC(1289) Survivor regions: 44->44(77)
[7225.846s][info][gc,heap        ] GC(1289) Old regions: 181->188
[7225.846s][info][gc,heap        ] GC(1289) Humongous regions: 33->33
[7225.846s][info][gc,metaspace   ] GC(1289) Metaspace: 30021K(30528K)->30021K(30528K) NonClass: 26620K(26880K)->26620K(26880K) Class: 3400K(3648K)->3400K(3648K)
[7225.846s][info][gc             ] GC(1289) Pause Young (Normal) (G1 Evacuation Pause) 6601M->2098M(8192M) 154.947ms
[7225.846s][info][gc,cpu         ] GC(1289) User=1.23s Sys=0.00s Real=0.16s
....[7228.899s][info][gc,start       ] GC(1290) Pause Young (Normal) (G1 Evacuation Pause)
[7228.899s][info][gc,task        ] GC(1290) Using 8 workers of 8 for evacuation
[7229.056s][info][gc,phases      ] GC(1290)   Pre Evacuate Collection Set: 0.23ms
[7229.056s][info][gc,phases      ] GC(1290)   Merge Heap Roots: 0.53ms
[7229.056s][info][gc,phases      ] GC(1290)   Evacuate Collection Set: 155.05ms
[7229.056s][info][gc,phases      ] GC(1290)   Post Evacuate Collection Set: 1.05ms
[7229.056s][info][gc,phases      ] GC(1290)   Other: 0.07ms
[7229.056s][info][gc,heap        ] GC(1290) Eden regions: 570->0(570)
[7229.056s][info][gc,heap        ] GC(1290) Survivor regions: 44->44(77)
[7229.056s][info][gc,heap        ] GC(1290) Old regions: 188->195
[7229.056s][info][gc,heap        ] GC(1290) Humongous regions: 33->33
[7229.056s][info][gc,metaspace   ] GC(1290) Metaspace: 30021K(30528K)->30021K(30528K) NonClass: 26620K(26880K)->26620K(26880K) Class: 3400K(3648K)->3400K(3648K)
[7229.056s][info][gc             ] GC(1290) Pause Young (Normal) (G1 Evacuation Pause) 6658M->2159M(8192M) 157.046ms
[7229.057s][info][gc,cpu         ] GC(1290) User=1.25s Sys=0.00s Real=0.16s
...[7232.039s][info][gc,start       ] GC(1291) Pause Young (Normal) (G1 Evacuation Pause)
[7232.039s][info][gc,task        ] GC(1291) Using 8 workers of 8 for evacuation
[7232.192s][info][gc,phases      ] GC(1291)   Pre Evacuate Collection Set: 0.24ms
[7232.192s][info][gc,phases      ] GC(1291)   Merge Heap Roots: 0.54ms
[7232.192s][info][gc,phases      ] GC(1291)   Evacuate Collection Set: 150.16ms
[7232.192s][info][gc,phases      ] GC(1291)   Post Evacuate Collection Set: 1.10ms
[7232.192s][info][gc,phases      ] GC(1291)   Other: 0.06ms
[7232.192s][info][gc,heap        ] GC(1291) Eden regions: 570->0(571)
[7232.192s][info][gc,heap        ] GC(1291) Survivor regions: 44->43(77)
[7232.192s][info][gc,heap        ] GC(1291) Old regions: 195->203
[7232.192s][info][gc,heap        ] GC(1291) Humongous regions: 33->33
[7232.192s][info][gc,metaspace   ] GC(1291) Metaspace: 30021K(30528K)->30021K(30528K) NonClass: 26620K(26880K)->26620K(26880K) Class: 3400K(3648K)->3400K(3648K)
[7232.192s][info][gc             ] GC(1291) Pause Young (Normal) (G1 Evacuation Pause) 6719M->2213M(8192M) 152.249ms
[7232.192s][info][gc,cpu         ] GC(1291) User=1.20s Sys=0.00s Real=0.15s
...[7235.288s][info][gc,start       ] GC(1292) Pause Young (Normal) (G1 Evacuation Pause)
[7235.288s][info][gc,task        ] GC(1292) Using 8 workers of 8 for evacuation
[7235.439s][info][gc,phases      ] GC(1292)   Pre Evacuate Collection Set: 0.23ms
[7235.439s][info][gc,phases      ] GC(1292)   Merge Heap Roots: 0.53ms
[7235.439s][info][gc,phases      ] GC(1292)   Evacuate Collection Set: 149.70ms
[7235.439s][info][gc,phases      ] GC(1292)   Post Evacuate Collection Set: 1.03ms
[7235.439s][info][gc,phases      ] GC(1292)   Other: 0.08ms
[7235.439s][info][gc,heap        ] GC(1292) Eden regions: 571->0(571)
[7235.439s][info][gc,heap        ] GC(1292) Survivor regions: 43->43(77)
[7235.439s][info][gc,heap        ] GC(1292) Old regions: 203->210
[7235.439s][info][gc,heap        ] GC(1292) Humongous regions: 33->33
[7235.439s][info][gc,metaspace   ] GC(1292) Metaspace: 30021K(30528K)->30021K(30528K) NonClass: 26620K(26880K)->26620K(26880K) Class: 3400K(3648K)->3400K(3648K)
[7235.439s][info][gc             ] GC(1292) Pause Young (Normal) (G1 Evacuation Pause) 6781M->2270M(8192M) 151.700ms
[7235.440s][info][gc,cpu         ] GC(1292) User=1.20s Sys=0.00s Real=0.15s
...[7238.349s][info][gc,start       ] GC(1293) Pause Young (Normal) (G1 Evacuation Pause)
[7238.349s][info][gc,task        ] GC(1293) Using 8 workers of 8 for evacuation
[7238.503s][info][gc,phases      ] GC(1293)   Pre Evacuate Collection Set: 0.22ms
[7238.503s][info][gc,phases      ] GC(1293)   Merge Heap Roots: 0.53ms
[7238.503s][info][gc,phases      ] GC(1293)   Evacuate Collection Set: 151.93ms
[7238.503s][info][gc,phases      ] GC(1293)   Post Evacuate Collection Set: 1.06ms
[7238.503s][info][gc,phases      ] GC(1293)   Other: 0.06ms
[7238.503s][info][gc,heap        ] GC(1293) Eden regions: 571->0(570)
[7238.503s][info][gc,heap        ] GC(1293) Survivor regions: 43->44(77)
[7238.503s][info][gc,heap        ] GC(1293) Old regions: 210->217
[7238.503s][info][gc,heap        ] GC(1293) Humongous regions: 33->33
[7238.503s][info][gc,metaspace   ] GC(1293) Metaspace: 30021K(30528K)->30021K(30528K) NonClass: 26620K(26880K)->26620K(26880K) Class: 3400K(3648K)->3400K(3648K)
[7238.503s][info][gc             ] GC(1293) Pause Young (Normal) (G1 Evacuation Pause) 6838M->2330M(8192M) 153.930ms
[7238.503s][info][gc,cpu         ] GC(1293) User=1.22s Sys=0.00s Real=0.15s
...[7241.482s][info][gc,start       ] GC(1294) Pause Young (Normal) (G1 Evacuation Pause)
[7241.482s][info][gc,task        ] GC(1294) Using 8 workers of 8 for evacuation
[7241.638s][info][gc,phases      ] GC(1294)   Pre Evacuate Collection Set: 0.26ms
[7241.638s][info][gc,phases      ] GC(1294)   Merge Heap Roots: 0.62ms
[7241.638s][info][gc,phases      ] GC(1294)   Evacuate Collection Set: 154.53ms
[7241.638s][info][gc,phases      ] GC(1294)   Post Evacuate Collection Set: 1.07ms
[7241.638s][info][gc,phases      ] GC(1294)   Other: 0.06ms
[7241.638s][info][gc,heap        ] GC(1294) Eden regions: 570->0(570)
[7241.638s][info][gc,heap        ] GC(1294) Survivor regions: 44->44(77)
[7241.638s][info][gc,heap        ] GC(1294) Old regions: 217->224
[7241.638s][info][gc,heap        ] GC(1294) Humongous regions: 33->33
[7241.638s][info][gc,metaspace   ] GC(1294) Metaspace: 30021K(30528K)->30021K(30528K) NonClass: 26620K(26880K)->26620K(26880K) Class: 3400K(3648K)->3400K(3648K)
[7241.638s][info][gc             ] GC(1294) Pause Young (Normal) (G1 Evacuation Pause) 6890M->2389M(8192M) 156.678ms
[7241.638s][info][gc,cpu         ] GC(1294) User=1.24s Sys=0.00s Real=0.16s
...[7244.649s][info][gc,start       ] GC(1295) Pause Young (Normal) (G1 Evacuation Pause)
[7244.649s][info][gc,task        ] GC(1295) Using 8 workers of 8 for evacuation
[7244.805s][info][gc,phases      ] GC(1295)   Pre Evacuate Collection Set: 0.22ms
[7244.805s][info][gc,phases      ] GC(1295)   Merge Heap Roots: 0.54ms
[7244.805s][info][gc,phases      ] GC(1295)   Evacuate Collection Set: 153.76ms
[7244.805s][info][gc,phases      ] GC(1295)   Post Evacuate Collection Set: 1.01ms
[7244.805s][info][gc,phases      ] GC(1295)   Other: 0.06ms
[7244.805s][info][gc,heap        ] GC(1295) Eden regions: 570->0(570)
[7244.805s][info][gc,heap        ] GC(1295) Survivor regions: 44->44(77)
[7244.805s][info][gc,heap        ] GC(1295) Old regions: 224->231
[7244.805s][info][gc,heap        ] GC(1295) Humongous regions: 33->33
[7244.805s][info][gc,metaspace   ] GC(1295) Metaspace: 30021K(30528K)->30021K(30528K) NonClass: 26620K(26880K)->26620K(26880K) Class: 3400K(3648K)->3400K(3648K)
[7244.805s][info][gc             ] GC(1295) Pause Young (Normal) (G1 Evacuation Pause) 6949M->2451M(8192M) 155.715ms
[7244.805s][info][gc,cpu         ] GC(1295) User=1.23s Sys=0.00s Real=0.15s
...[7247.837s][info][gc,start       ] GC(1296) Pause Young (Normal) (G1 Evacuation Pause)
[7247.838s][info][gc,task        ] GC(1296) Using 8 workers of 8 for evacuation
[7247.993s][info][gc,phases      ] GC(1296)   Pre Evacuate Collection Set: 0.23ms
[7247.994s][info][gc,phases      ] GC(1296)   Merge Heap Roots: 0.54ms
[7247.994s][info][gc,phases      ] GC(1296)   Evacuate Collection Set: 154.06ms
[7247.994s][info][gc,phases      ] GC(1296)   Post Evacuate Collection Set: 1.05ms
[7247.994s][info][gc,phases      ] GC(1296)   Other: 0.06ms
[7247.994s][info][gc,heap        ] GC(1296) Eden regions: 570->0(570)
[7247.994s][info][gc,heap        ] GC(1296) Survivor regions: 44->44(77)
[7247.994s][info][gc,heap        ] GC(1296) Old regions: 231->239
[7247.994s][info][gc,heap        ] GC(1296) Humongous regions: 33->33
[7247.994s][info][gc,metaspace   ] GC(1296) Metaspace: 30021K(30528K)->30021K(30528K) NonClass: 26620K(26880K)->26620K(26880K) Class: 3400K(3648K)->3400K(3648K)
[7247.994s][info][gc             ] GC(1296) Pause Young (Normal) (G1 Evacuation Pause) 7011M->2510M(8192M) 156.081ms
[7247.994s][info][gc,cpu         ] GC(1296) User=1.24s Sys=0.00s Real=0.15s
...[7250.958s][info][gc,start       ] GC(1297) Pause Young (Normal) (G1 Evacuation Pause)
[7250.958s][info][gc,task        ] GC(1297) Using 8 workers of 8 for evacuation
[7251.114s][info][gc,phases      ] GC(1297)   Pre Evacuate Collection Set: 0.22ms
[7251.114s][info][gc,phases      ] GC(1297)   Merge Heap Roots: 0.55ms
[7251.114s][info][gc,phases      ] GC(1297)   Evacuate Collection Set: 154.81ms
[7251.114s][info][gc,phases      ] GC(1297)   Post Evacuate Collection Set: 1.08ms
[7251.114s][info][gc,phases      ] GC(1297)   Other: 0.06ms
[7251.114s][info][gc,heap        ] GC(1297) Eden regions: 570->0(570)
[7251.114s][info][gc,heap        ] GC(1297) Survivor regions: 44->44(77)
[7251.114s][info][gc,heap        ] GC(1297) Old regions: 239->246
[7251.115s][info][gc,heap        ] GC(1297) Humongous regions: 33->33
[7251.115s][info][gc,metaspace   ] GC(1297) Metaspace: 30021K(30528K)->30021K(30528K) NonClass: 26620K(26880K)->26620K(26880K) Class: 3400K(3648K)->3400K(3648K)
[7251.115s][info][gc             ] GC(1297) Pause Young (Normal) (G1 Evacuation Pause) 7070M->2565M(8192M) 156.853ms
[7251.115s][info][gc,cpu         ] GC(1297) User=1.24s Sys=0.00s Real=0.15s
....[7254.152s][info][gc,start       ] GC(1298) Pause Young (Normal) (G1 Evacuation Pause)
[7254.152s][info][gc,task        ] GC(1298) Using 8 workers of 8 for evacuation
[7254.305s][info][gc,phases      ] GC(1298)   Pre Evacuate Collection Set: 0.22ms
[7254.305s][info][gc,phases      ] GC(1298)   Merge Heap Roots: 0.55ms
[7254.305s][info][gc,phases      ] GC(1298)   Evacuate Collection Set: 151.56ms
[7254.305s][info][gc,phases      ] GC(1298)   Post Evacuate Collection Set: 1.05ms
[7254.305s][info][gc,phases      ] GC(1298)   Other: 0.06ms
[7254.305s][info][gc,heap        ] GC(1298) Eden regions: 570->0(571)
[7254.305s][info][gc,heap        ] GC(1298) Survivor regions: 44->43(77)
[7254.305s][info][gc,heap        ] GC(1298) Old regions: 246->253
[7254.305s][info][gc,heap        ] GC(1298) Humongous regions: 33->33
[7254.305s][info][gc,metaspace   ] GC(1298) Metaspace: 30021K(30528K)->30021K(30528K) NonClass: 26620K(26880K)->26620K(26880K) Class: 3400K(3648K)->3400K(3648K)
[7254.305s][info][gc             ] GC(1298) Pause Young (Normal) (G1 Evacuation Pause) 7125M->2619M(8192M) 153.578ms
[7254.305s][info][gc,cpu         ] GC(1298) User=1.21s Sys=0.00s Real=0.15s
...[7257.248s][info][gc,start       ] GC(1299) Pause Young (Normal) (G1 Evacuation Pause)
[7257.248s][info][gc,task        ] GC(1299) Using 8 workers of 8 for evacuation
[7257.404s][info][gc,phases      ] GC(1299)   Pre Evacuate Collection Set: 0.22ms
[7257.404s][info][gc,phases      ] GC(1299)   Merge Heap Roots: 0.54ms
[7257.404s][info][gc,phases      ] GC(1299)   Evacuate Collection Set: 153.21ms
[7257.404s][info][gc,phases      ] GC(1299)   Post Evacuate Collection Set: 1.03ms
[7257.404s][info][gc,phases      ] GC(1299)   Other: 0.07ms
[7257.404s][info][gc,heap        ] GC(1299) Eden regions: 571->0(571)
[7257.404s][info][gc,heap        ] GC(1299) Survivor regions: 43->43(77)
[7257.404s][info][gc,heap        ] GC(1299) Old regions: 253->260
[7257.404s][info][gc,heap        ] GC(1299) Humongous regions: 33->33
[7257.404s][info][gc,metaspace   ] GC(1299) Metaspace: 30021K(30528K)->30021K(30528K) NonClass: 26620K(26880K)->26620K(26880K) Class: 3400K(3648K)->3400K(3648K)
[7257.404s][info][gc             ] GC(1299) Pause Young (Normal) (G1 Evacuation Pause) 7187M->2675M(8192M) 155.215ms
[7257.404s][info][gc,cpu         ] GC(1299) User=1.23s Sys=0.00s Real=0.15s
...[7260.363s][info][gc,start       ] GC(1300) Pause Young (Normal) (G1 Evacuation Pause)
[7260.363s][info][gc,task        ] GC(1300) Using 8 workers of 8 for evacuation
[7260.515s][info][gc,phases      ] GC(1300)   Pre Evacuate Collection Set: 0.23ms
[7260.515s][info][gc,phases      ] GC(1300)   Merge Heap Roots: 0.53ms
[7260.515s][info][gc,phases      ] GC(1300)   Evacuate Collection Set: 150.02ms
[7260.515s][info][gc,phases      ] GC(1300)   Post Evacuate Collection Set: 1.05ms
[7260.515s][info][gc,phases      ] GC(1300)   Other: 0.06ms
[7260.515s][info][gc,heap        ] GC(1300) Eden regions: 571->0(571)
[7260.515s][info][gc,heap        ] GC(1300) Survivor regions: 43->43(77)
[7260.515s][info][gc,heap        ] GC(1300) Old regions: 260->268
[7260.515s][info][gc,heap        ] GC(1300) Humongous regions: 33->33
[7260.515s][info][gc,metaspace   ] GC(1300) Metaspace: 30021K(30528K)->30021K(30528K) NonClass: 26620K(26880K)->26620K(26880K) Class: 3400K(3648K)->3400K(3648K)
[7260.515s][info][gc             ] GC(1300) Pause Young (Normal) (G1 Evacuation Pause) 7243M->2734M(8192M) 152.023ms
[7260.515s][info][gc,cpu         ] GC(1300) User=1.20s Sys=0.00s Real=0.15s
...[7263.617s][info][gc,start       ] GC(1301) Pause Young (Normal) (G1 Evacuation Pause)
[7263.617s][info][gc,task        ] GC(1301) Using 8 workers of 8 for evacuation
[7263.773s][info][gc,phases      ] GC(1301)   Pre Evacuate Collection Set: 0.22ms
[7263.773s][info][gc,phases      ] GC(1301)   Merge Heap Roots: 0.54ms
[7263.773s][info][gc,phases      ] GC(1301)   Evacuate Collection Set: 153.65ms
[7263.773s][info][gc,phases      ] GC(1301)   Post Evacuate Collection Set: 1.09ms
[7263.773s][info][gc,phases      ] GC(1301)   Other: 0.07ms
[7263.773s][info][gc,heap        ] GC(1301) Eden regions: 571->0(571)
[7263.773s][info][gc,heap        ] GC(1301) Survivor regions: 43->43(77)
[7263.773s][info][gc,heap        ] GC(1301) Old regions: 268->275
[7263.773s][info][gc,heap        ] GC(1301) Humongous regions: 33->33
[7263.773s][info][gc,metaspace   ] GC(1301) Metaspace: 30021K(30528K)->30021K(30528K) NonClass: 26620K(26880K)->26620K(26880K) Class: 3400K(3648K)->3400K(3648K)
[7263.773s][info][gc             ] GC(1301) Pause Young (Normal) (G1 Evacuation Pause) 7302M->2786M(8192M) 155.710ms
[7263.773s][info][gc,cpu         ] GC(1301) User=1.23s Sys=0.00s Real=0.15s
...[7266.759s][info][gc,start       ] GC(1302) Pause Young (Normal) (G1 Evacuation Pause)
[7266.759s][info][gc,task        ] GC(1302) Using 8 workers of 8 for evacuation
[7266.916s][info][gc,phases      ] GC(1302)   Pre Evacuate Collection Set: 0.22ms
[7266.916s][info][gc,phases      ] GC(1302)   Merge Heap Roots: 0.54ms
[7266.916s][info][gc,phases      ] GC(1302)   Evacuate Collection Set: 155.27ms
[7266.917s][info][gc,phases      ] GC(1302)   Post Evacuate Collection Set: 1.03ms
[7266.917s][info][gc,phases      ] GC(1302)   Other: 0.06ms
[7266.917s][info][gc,heap        ] GC(1302) Eden regions: 571->0(567)
[7266.917s][info][gc,heap        ] GC(1302) Survivor regions: 43->45(77)
[7266.917s][info][gc,heap        ] GC(1302) Old regions: 275->282
[7266.917s][info][gc,heap        ] GC(1302) Humongous regions: 33->33
[7266.917s][info][gc,metaspace   ] GC(1302) Metaspace: 30021K(30528K)->30021K(30528K) NonClass: 26620K(26880K)->26620K(26880K) Class: 3400K(3648K)->3400K(3648K)
[7266.917s][info][gc             ] GC(1302) Pause Young (Normal) (G1 Evacuation Pause) 7354M->2862M(8192M) 157.253ms
[7266.917s][info][gc,cpu         ] GC(1302) User=1.24s Sys=0.00s Real=0.16s
.. (rIR:aIR:PR = 12177:12087:12093) (tPR = 178196) [OK] 
  7268s: Performance info:
         Transaction,    Success,    Partial,     Failed,   Receipts, AvgBarcode, 
             Overall,     731173,          0,          0,     694580,      59.47, 
         Response times:
             Request,    Success,    Partial,     Failed,   SkipFail,     Probes,    Samples,      min,      p50,      p90,      p95,      p99,      max, 
       TotalPurchase,     694213,          0,          0,          0,     355753,     505736,      300,    17300,   144000,   223000,   399000,  3300000,
     InStorePurchase,     365899,          0,          0,          0,     187398,     265712,      300,    17200,   143000,   224000,   388000,  3300000,
      OnlinePurchase,     254259,          0,          0,          0,     130142,     185533,      300,    17300,   146000,   222000,   408000,  3300000,
        InstPurchase,      74055,          0,          0,          0,      38213,      54491,      400,    17700,   147000,   225000,   339080,  2400000,
          AssocOfCat,        734,          0,          0,          0,        606,        970,    33000,    74000,   211700,   289000,   395250,   680000,
      AssocOfProduct,       7283,          0,          0,          0,       3473,       5138,     1000,    18100,   146000,   230000,   338220,  1300000,
      BusinessReport,       1841,          0,          0,          0,       1673,       2500,    37000,    89000,   227000,   298950,   398000,  2500000,
          CustBuyBeh,       7345,          0,          0,          0,       3496,       5129,      600,    17000,   140000,   215000,   331700,  1400000,
       ProductReturn,      19343,          0,          0,          0,       9340,      13543,      300,    16200,   138600,   221800,   338000,  1300000,

  7268s: (89%)   IR =  12315 .[7269.880s][info][gc,start       ] GC(1303) Pause Young (Normal) (G1 Evacuation Pause)
[7269.880s][info][gc,task        ] GC(1303) Using 8 workers of 8 for evacuation
[7270.034s][info][gc,phases      ] GC(1303)   Pre Evacuate Collection Set: 0.23ms
[7270.034s][info][gc,phases      ] GC(1303)   Merge Heap Roots: 0.55ms
[7270.034s][info][gc,phases      ] GC(1303)   Evacuate Collection Set: 152.07ms
[7270.034s][info][gc,phases      ] GC(1303)   Post Evacuate Collection Set: 1.09ms
[7270.034s][info][gc,phases      ] GC(1303)   Other: 0.06ms
[7270.034s][info][gc,heap        ] GC(1303) Eden regions: 567->0(563)
[7270.034s][info][gc,heap        ] GC(1303) Survivor regions: 45->43(77)
[7270.034s][info][gc,heap        ] GC(1303) Old regions: 282->290
[7270.034s][info][gc,heap        ] GC(1303) Humongous regions: 33->33
[7270.034s][info][gc,metaspace   ] GC(1303) Metaspace: 30021K(30528K)->30021K(30528K) NonClass: 26620K(26880K)->26620K(26880K) Class: 3400K(3648K)->3400K(3648K)
[7270.034s][info][gc             ] GC(1303) Pause Young (Normal) (G1 Evacuation Pause) 7398M->2911M(8192M) 154.125ms
[7270.034s][info][gc,cpu         ] GC(1303) User=1.22s Sys=0.00s Real=0.15s
...[7272.941s][info][gc,start       ] GC(1304) Pause Young (Normal) (G1 Evacuation Pause)
[7272.941s][info][gc,task        ] GC(1304) Using 8 workers of 8 for evacuation
[7273.093s][info][gc,phases      ] GC(1304)   Pre Evacuate Collection Set: 0.25ms
[7273.093s][info][gc,phases      ] GC(1304)   Merge Heap Roots: 0.54ms
[7273.093s][info][gc,phases      ] GC(1304)   Evacuate Collection Set: 150.21ms
[7273.093s][info][gc,phases      ] GC(1304)   Post Evacuate Collection Set: 1.04ms
[7273.093s][info][gc,phases      ] GC(1304)   Other: 0.06ms
[7273.093s][info][gc,heap        ] GC(1304) Eden regions: 563->0(556)
[7273.093s][info][gc,heap        ] GC(1304) Survivor regions: 43->43(76)
[7273.093s][info][gc,heap        ] GC(1304) Old regions: 290->297
[7273.093s][info][gc,heap        ] GC(1304) Humongous regions: 33->33
[7273.093s][info][gc,metaspace   ] GC(1304) Metaspace: 30021K(30528K)->30021K(30528K) NonClass: 26620K(26880K)->26620K(26880K) Class: 3400K(3648K)->3400K(3648K)
[7273.093s][info][gc             ] GC(1304) Pause Young (Normal) (G1 Evacuation Pause) 7415M->2969M(8192M) 152.234ms
[7273.093s][info][gc,cpu         ] GC(1304) User=1.20s Sys=0.00s Real=0.15s
...[7276.017s][info][gc,start       ] GC(1305) Pause Young (Normal) (G1 Evacuation Pause)
[7276.017s][info][gc,task        ] GC(1305) Using 8 workers of 8 for evacuation
[7276.173s][info][gc,phases      ] GC(1305)   Pre Evacuate Collection Set: 0.22ms
[7276.173s][info][gc,phases      ] GC(1305)   Merge Heap Roots: 0.55ms
[7276.173s][info][gc,phases      ] GC(1305)   Evacuate Collection Set: 153.55ms
[7276.173s][info][gc,phases      ] GC(1305)   Post Evacuate Collection Set: 1.02ms
[7276.173s][info][gc,phases      ] GC(1305)   Other: 0.06ms
[7276.173s][info][gc,heap        ] GC(1305) Eden regions: 556->0(547)
[7276.173s][info][gc,heap        ] GC(1305) Survivor regions: 43->44(75)
[7276.173s][info][gc,heap        ] GC(1305) Old regions: 297->304
[7276.173s][info][gc,heap        ] GC(1305) Humongous regions: 33->33
[7276.173s][info][gc,metaspace   ] GC(1305) Metaspace: 30021K(30528K)->30021K(30528K) NonClass: 26620K(26880K)->26620K(26880K) Class: 3400K(3648K)->3400K(3648K)
[7276.173s][info][gc             ] GC(1305) Pause Young (Normal) (G1 Evacuation Pause) 7417M->3030M(8192M) 155.556ms
[7276.173s][info][gc,cpu         ] GC(1305) User=1.23s Sys=0.00s Real=0.15s
...[7279.015s][info][gc,start       ] GC(1306) Pause Young (Concurrent Start) (G1 Evacuation Pause)
[7279.015s][info][gc,task        ] GC(1306) Using 8 workers of 8 for evacuation
[7279.166s][info][gc,phases      ] GC(1306)   Pre Evacuate Collection Set: 0.29ms
[7279.166s][info][gc,phases      ] GC(1306)   Merge Heap Roots: 0.54ms
[7279.166s][info][gc,phases      ] GC(1306)   Evacuate Collection Set: 149.03ms
[7279.166s][info][gc,phases      ] GC(1306)   Post Evacuate Collection Set: 1.05ms
[7279.166s][info][gc,phases      ] GC(1306)   Other: 0.08ms
[7279.166s][info][gc,heap        ] GC(1306) Eden regions: 547->0(541)
[7279.166s][info][gc,heap        ] GC(1306) Survivor regions: 44->43(74)
[7279.166s][info][gc,heap        ] GC(1306) Old regions: 304->312
[7279.166s][info][gc,heap        ] GC(1306) Humongous regions: 33->33
[7279.166s][info][gc,metaspace   ] GC(1306) Metaspace: 30021K(30528K)->30021K(30528K) NonClass: 26620K(26880K)->26620K(26880K) Class: 3400K(3648K)->3400K(3648K)
[7279.166s][info][gc             ] GC(1306) Pause Young (Concurrent Start) (G1 Evacuation Pause) 7406M->3083M(8192M) 151.122ms
[7279.166s][info][gc             ] GC(1307) Concurrent Mark Cycle
[7279.166s][info][gc,marking     ] GC(1307) Concurrent Scan Root Regions
[7279.167s][info][gc,cpu         ] GC(1306) User=1.20s Sys=0.00s Real=0.16s
.[7279.474s][info][gc,marking     ] GC(1307) Concurrent Scan Root Regions 307.093ms
[7279.474s][info][gc,marking     ] GC(1307) Concurrent Mark
[7279.474s][info][gc,marking     ] GC(1307) Concurrent Mark From Roots
[7279.474s][info][gc,task        ] GC(1307) Using 2 workers of 2 for marking
.[7280.675s][info][gc,marking     ] GC(1307) Concurrent Mark From Roots 1200.957ms
[7280.675s][info][gc,marking     ] GC(1307) Concurrent Preclean
[7280.675s][info][gc,marking     ] GC(1307) Concurrent Preclean 0.159ms
[7280.675s][info][gc,start       ] GC(1307) Pause Remark
[7280.677s][info][gc             ] GC(1307) Pause Remark 4743M->4239M(8192M) 1.689ms
[7280.677s][info][gc,cpu         ] GC(1307) User=0.01s Sys=0.00s Real=0.01s
[7280.677s][info][gc,marking     ] GC(1307) Concurrent Mark 1203.106ms
[7280.677s][info][gc,marking     ] GC(1307) Concurrent Rebuild Remembered Sets and Scrub Regions
.[7281.534s][info][gc,marking     ] GC(1307) Concurrent Rebuild Remembered Sets and Scrub Regions 857.684ms
[7281.535s][info][gc,start       ] GC(1307) Pause Cleanup
[7281.535s][info][gc             ] GC(1307) Pause Cleanup 5408M->5408M(8192M) 0.258ms
[7281.535s][info][gc,cpu         ] GC(1307) User=0.00s Sys=0.00s Real=0.00s
[7281.535s][info][gc,marking     ] GC(1307) Concurrent Clear Claimed Marks
[7281.535s][info][gc,marking     ] GC(1307) Concurrent Clear Claimed Marks 0.038ms
[7281.535s][info][gc,marking     ] GC(1307) Concurrent Cleanup for Next Mark
[7281.546s][info][gc,marking     ] GC(1307) Concurrent Cleanup for Next Mark 10.728ms
[7281.546s][info][gc             ] GC(1307) Concurrent Mark Cycle 2379.313ms
.[7282.453s][info][gc,start       ] GC(1308) Pause Young (Prepare Mixed) (G1 Evacuation Pause)
[7282.453s][info][gc,task        ] GC(1308) Using 8 workers of 8 for evacuation
[7282.604s][info][gc,phases      ] GC(1308)   Pre Evacuate Collection Set: 0.21ms
[7282.604s][info][gc,phases      ] GC(1308)   Merge Heap Roots: 0.74ms
[7282.604s][info][gc,phases      ] GC(1308)   Evacuate Collection Set: 149.13ms
[7282.604s][info][gc,phases      ] GC(1308)   Post Evacuate Collection Set: 1.10ms
[7282.604s][info][gc,phases      ] GC(1308)   Other: 0.08ms
[7282.604s][info][gc,heap        ] GC(1308) Eden regions: 541->0(572)
[7282.604s][info][gc,heap        ] GC(1308) Survivor regions: 43->42(73)
[7282.604s][info][gc,heap        ] GC(1308) Old regions: 249->256
[7282.604s][info][gc,heap        ] GC(1308) Humongous regions: 33->33
[7282.604s][info][gc,metaspace   ] GC(1308) Metaspace: 30021K(30528K)->30021K(30528K) NonClass: 26620K(26880K)->26620K(26880K) Class: 3400K(3648K)->3400K(3648K)
[7282.604s][info][gc             ] GC(1308) Pause Young (Prepare Mixed) (G1 Evacuation Pause) 6907M->2630M(8192M) 151.393ms
[7282.604s][info][gc,cpu         ] GC(1308) User=1.20s Sys=0.00s Real=0.15s
..[7285.354s][info][gc,start       ] GC(1309) Pause Young (Mixed) (G1 Evacuation Pause)
[7285.354s][info][gc,task        ] GC(1309) Using 8 workers of 8 for evacuation
[7285.516s][info][gc,phases      ] GC(1309)   Pre Evacuate Collection Set: 0.23ms
[7285.516s][info][gc,phases      ] GC(1309)   Merge Heap Roots: 0.77ms
[7285.516s][info][gc,phases      ] GC(1309)   Evacuate Collection Set: 159.53ms
[7285.516s][info][gc,phases      ] GC(1309)   Post Evacuate Collection Set: 1.27ms
[7285.516s][info][gc,phases      ] GC(1309)   Other: 0.07ms
[7285.516s][info][gc,heap        ] GC(1309) Eden regions: 572->0(570)
[7285.516s][info][gc,heap        ] GC(1309) Survivor regions: 42->44(77)
[7285.516s][info][gc,heap        ] GC(1309) Old regions: 256->161
[7285.516s][info][gc,heap        ] GC(1309) Humongous regions: 33->33
[7285.516s][info][gc,metaspace   ] GC(1309) Metaspace: 30021K(30528K)->30021K(30528K) NonClass: 26620K(26880K)->26620K(26880K) Class: 3400K(3648K)->3400K(3648K)
[7285.516s][info][gc             ] GC(1309) Pause Young (Mixed) (G1 Evacuation Pause) 7206M->1886M(8192M) 162.010ms
[7285.516s][info][gc,cpu         ] GC(1309) User=1.29s Sys=0.00s Real=0.17s
...[7288.331s][info][gc,start       ] GC(1310) Pause Young (Mixed) (G1 Evacuation Pause)
[7288.331s][info][gc,task        ] GC(1310) Using 8 workers of 8 for evacuation
[7288.503s][info][gc,phases      ] GC(1310)   Pre Evacuate Collection Set: 0.23ms
[7288.503s][info][gc,phases      ] GC(1310)   Merge Heap Roots: 0.83ms
[7288.503s][info][gc,phases      ] GC(1310)   Evacuate Collection Set: 168.92ms
[7288.503s][info][gc,phases      ] GC(1310)   Post Evacuate Collection Set: 1.07ms
[7288.503s][info][gc,phases      ] GC(1310)   Other: 0.06ms
[7288.503s][info][gc,heap        ] GC(1310) Eden regions: 570->0(569)
[7288.503s][info][gc,heap        ] GC(1310) Survivor regions: 44->45(77)
[7288.503s][info][gc,heap        ] GC(1310) Old regions: 161->144
[7288.503s][info][gc,heap        ] GC(1310) Humongous regions: 33->33
[7288.503s][info][gc,metaspace   ] GC(1310) Metaspace: 30021K(30528K)->30021K(30528K) NonClass: 26620K(26880K)->26620K(26880K) Class: 3400K(3648K)->3400K(3648K)
[7288.503s][info][gc             ] GC(1310) Pause Young (Mixed) (G1 Evacuation Pause) 6446M->1757M(8192M) 171.255ms
[7288.503s][info][gc,cpu         ] GC(1310) User=1.36s Sys=0.00s Real=0.17s
...[7291.296s][info][gc,start       ] GC(1311) Pause Young (Normal) (G1 Evacuation Pause)
[7291.296s][info][gc,task        ] GC(1311) Using 8 workers of 8 for evacuation
[7291.449s][info][gc,phases      ] GC(1311)   Pre Evacuate Collection Set: 0.23ms
[7291.449s][info][gc,phases      ] GC(1311)   Merge Heap Roots: 0.52ms
[7291.449s][info][gc,phases      ] GC(1311)   Evacuate Collection Set: 150.99ms
[7291.449s][info][gc,phases      ] GC(1311)   Post Evacuate Collection Set: 1.05ms
[7291.449s][info][gc,phases      ] GC(1311)   Other: 0.06ms
[7291.449s][info][gc,heap        ] GC(1311) Eden regions: 569->0(571)
[7291.449s][info][gc,heap        ] GC(1311) Survivor regions: 45->43(77)
[7291.449s][info][gc,heap        ] GC(1311) Old regions: 144->151
[7291.449s][info][gc,heap        ] GC(1311) Humongous regions: 33->33
[7291.449s][info][gc,metaspace   ] GC(1311) Metaspace: 30021K(30528K)->30021K(30528K) NonClass: 26620K(26880K)->26620K(26880K) Class: 3400K(3648K)->3400K(3648K)
[7291.449s][info][gc             ] GC(1311) Pause Young (Normal) (G1 Evacuation Pause) 6309M->1797M(8192M) 152.995ms
[7291.449s][info][gc,cpu         ] GC(1311) User=1.21s Sys=0.00s Real=0.15s
...[7294.283s][info][gc,start       ] GC(1312) Pause Young (Normal) (G1 Evacuation Pause)
[7294.283s][info][gc,task        ] GC(1312) Using 8 workers of 8 for evacuation
[7294.433s][info][gc,phases      ] GC(1312)   Pre Evacuate Collection Set: 0.23ms
[7294.433s][info][gc,phases      ] GC(1312)   Merge Heap Roots: 0.52ms
[7294.433s][info][gc,phases      ] GC(1312)   Evacuate Collection Set: 148.44ms
[7294.433s][info][gc,phases      ] GC(1312)   Post Evacuate Collection Set: 1.04ms
[7294.433s][info][gc,phases      ] GC(1312)   Other: 0.06ms
[7294.433s][info][gc,heap        ] GC(1312) Eden regions: 571->0(571)
[7294.433s][info][gc,heap        ] GC(1312) Survivor regions: 43->43(77)
[7294.433s][info][gc,heap        ] GC(1312) Old regions: 151->158
[7294.433s][info][gc,heap        ] GC(1312) Humongous regions: 33->33
[7294.433s][info][gc,metaspace   ] GC(1312) Metaspace: 30021K(30528K)->30021K(30528K) NonClass: 26620K(26880K)->26620K(26880K) Class: 3400K(3648K)->3400K(3648K)
[7294.433s][info][gc             ] GC(1312) Pause Young (Normal) (G1 Evacuation Pause) 6365M->1852M(8192M) 150.430ms
[7294.433s][info][gc,cpu         ] GC(1312) User=1.19s Sys=0.00s Real=0.15s
..|.[7297.287s][info][gc,start       ] GC(1313) Pause Young (Normal) (G1 Evacuation Pause)
[7297.288s][info][gc,task        ] GC(1313) Using 8 workers of 8 for evacuation
[7297.438s][info][gc,phases      ] GC(1313)   Pre Evacuate Collection Set: 0.27ms
[7297.438s][info][gc,phases      ] GC(1313)   Merge Heap Roots: 0.54ms
[7297.438s][info][gc,phases      ] GC(1313)   Evacuate Collection Set: 148.77ms
[7297.438s][info][gc,phases      ] GC(1313)   Post Evacuate Collection Set: 1.06ms
[7297.438s][info][gc,phases      ] GC(1313)   Other: 0.07ms
[7297.438s][info][gc,heap        ] GC(1313) Eden regions: 571->0(572)
[7297.438s][info][gc,heap        ] GC(1313) Survivor regions: 43->42(77)
[7297.438s][info][gc,heap        ] GC(1313) Old regions: 158->165
[7297.438s][info][gc,heap        ] GC(1313) Humongous regions: 33->33
[7297.438s][info][gc,metaspace   ] GC(1313) Metaspace: 30021K(30528K)->30021K(30528K) NonClass: 26620K(26880K)->26620K(26880K) Class: 3400K(3648K)->3400K(3648K)
[7297.438s][info][gc             ] GC(1313) Pause Young (Normal) (G1 Evacuation Pause) 6420M->1905M(8192M) 150.832ms
[7297.438s][info][gc,cpu         ] GC(1313) User=1.20s Sys=0.00s Real=0.15s
...[7300.510s][info][gc,start       ] GC(1314) Pause Young (Normal) (G1 Evacuation Pause)
[7300.510s][info][gc,task        ] GC(1314) Using 8 workers of 8 for evacuation
[7300.668s][info][gc,phases      ] GC(1314)   Pre Evacuate Collection Set: 0.21ms
[7300.668s][info][gc,phases      ] GC(1314)   Merge Heap Roots: 0.53ms
[7300.668s][info][gc,phases      ] GC(1314)   Evacuate Collection Set: 156.32ms
[7300.668s][info][gc,phases      ] GC(1314)   Post Evacuate Collection Set: 1.05ms
[7300.668s][info][gc,phases      ] GC(1314)   Other: 0.08ms
[7300.668s][info][gc,heap        ] GC(1314) Eden regions: 572->0(569)
[7300.668s][info][gc,heap        ] GC(1314) Survivor regions: 42->45(77)
[7300.668s][info][gc,heap        ] GC(1314) Old regions: 165->172
[7300.668s][info][gc,heap        ] GC(1314) Humongous regions: 33->33
[7300.668s][info][gc,metaspace   ] GC(1314) Metaspace: 30021K(30528K)->30021K(30528K) NonClass: 26620K(26880K)->26620K(26880K) Class: 3400K(3648K)->3400K(3648K)
[7300.668s][info][gc             ] GC(1314) Pause Young (Normal) (G1 Evacuation Pause) 6481M->1985M(8192M) 158.341ms
[7300.668s][info][gc,cpu         ] GC(1314) User=1.26s Sys=0.00s Real=0.16s
...[7303.488s][info][gc,start       ] GC(1315) Pause Young (Normal) (G1 Evacuation Pause)
[7303.488s][info][gc,task        ] GC(1315) Using 8 workers of 8 for evacuation
[7303.643s][info][gc,phases      ] GC(1315)   Pre Evacuate Collection Set: 0.22ms
[7303.643s][info][gc,phases      ] GC(1315)   Merge Heap Roots: 0.55ms
[7303.643s][info][gc,phases      ] GC(1315)   Evacuate Collection Set: 153.31ms
[7303.643s][info][gc,phases      ] GC(1315)   Post Evacuate Collection Set: 1.07ms
[7303.643s][info][gc,phases      ] GC(1315)   Other: 0.07ms
[7303.643s][info][gc,heap        ] GC(1315) Eden regions: 569->0(570)
[7303.643s][info][gc,heap        ] GC(1315) Survivor regions: 45->44(77)
[7303.643s][info][gc,heap        ] GC(1315) Old regions: 172->179
[7303.643s][info][gc,heap        ] GC(1315) Humongous regions: 33->33
[7303.643s][info][gc,metaspace   ] GC(1315) Metaspace: 30021K(30528K)->30021K(30528K) NonClass: 26620K(26880K)->26620K(26880K) Class: 3400K(3648K)->3400K(3648K)
[7303.643s][info][gc             ] GC(1315) Pause Young (Normal) (G1 Evacuation Pause) 6537M->2029M(8192M) 155.362ms
[7303.643s][info][gc,cpu         ] GC(1315) User=1.22s Sys=0.00s Real=0.15s
...[7306.531s][info][gc,start       ] GC(1316) Pause Young (Normal) (G1 Evacuation Pause)
[7306.531s][info][gc,task        ] GC(1316) Using 8 workers of 8 for evacuation
[7306.690s][info][gc,phases      ] GC(1316)   Pre Evacuate Collection Set: 0.23ms
[7306.690s][info][gc,phases      ] GC(1316)   Merge Heap Roots: 0.56ms
[7306.690s][info][gc,phases      ] GC(1316)   Evacuate Collection Set: 157.20ms
[7306.690s][info][gc,phases      ] GC(1316)   Post Evacuate Collection Set: 1.05ms
[7306.690s][info][gc,phases      ] GC(1316)   Other: 0.06ms
[7306.690s][info][gc,heap        ] GC(1316) Eden regions: 570->0(570)
[7306.690s][info][gc,heap        ] GC(1316) Survivor regions: 44->44(77)
[7306.690s][info][gc,heap        ] GC(1316) Old regions: 179->186
[7306.690s][info][gc,heap        ] GC(1316) Humongous regions: 33->33
[7306.690s][info][gc,metaspace   ] GC(1316) Metaspace: 30021K(30528K)->30021K(30528K) NonClass: 26620K(26880K)->26620K(26880K) Class: 3400K(3648K)->3400K(3648K)
[7306.690s][info][gc             ] GC(1316) Pause Young (Normal) (G1 Evacuation Pause) 6589M->2086M(8192M) 159.229ms
[7306.690s][info][gc,cpu         ] GC(1316) User=1.26s Sys=0.00s Real=0.16s
...[7309.618s][info][gc,start       ] GC(1317) Pause Young (Normal) (G1 Evacuation Pause)
[7309.618s][info][gc,task        ] GC(1317) Using 8 workers of 8 for evacuation
[7309.777s][info][gc,phases      ] GC(1317)   Pre Evacuate Collection Set: 0.28ms
[7309.777s][info][gc,phases      ] GC(1317)   Merge Heap Roots: 0.64ms
[7309.777s][info][gc,phases      ] GC(1317)   Evacuate Collection Set: 156.79ms
[7309.777s][info][gc,phases      ] GC(1317)   Post Evacuate Collection Set: 1.06ms
[7309.777s][info][gc,phases      ] GC(1317)   Other: 0.06ms
[7309.777s][info][gc,heap        ] GC(1317) Eden regions: 570->0(570)
[7309.777s][info][gc,heap        ] GC(1317) Survivor regions: 44->44(77)
[7309.777s][info][gc,heap        ] GC(1317) Old regions: 186->194
[7309.777s][info][gc,heap        ] GC(1317) Humongous regions: 33->33
[7309.777s][info][gc,metaspace   ] GC(1317) Metaspace: 30021K(30528K)->30021K(30528K) NonClass: 26620K(26880K)->26620K(26880K) Class: 3400K(3648K)->3400K(3648K)
[7309.777s][info][gc             ] GC(1317) Pause Young (Normal) (G1 Evacuation Pause) 6646M->2150M(8192M) 158.962ms
[7309.777s][info][gc,cpu         ] GC(1317) User=1.26s Sys=0.00s Real=0.16s
...[7312.685s][info][gc,start       ] GC(1318) Pause Young (Normal) (G1 Evacuation Pause)
[7312.685s][info][gc,task        ] GC(1318) Using 8 workers of 8 for evacuation
[7312.841s][info][gc,phases      ] GC(1318)   Pre Evacuate Collection Set: 0.21ms
[7312.842s][info][gc,phases      ] GC(1318)   Merge Heap Roots: 0.52ms
[7312.842s][info][gc,phases      ] GC(1318)   Evacuate Collection Set: 154.54ms
[7312.842s][info][gc,phases      ] GC(1318)   Post Evacuate Collection Set: 1.07ms
[7312.842s][info][gc,phases      ] GC(1318)   Other: 0.06ms
[7312.842s][info][gc,heap        ] GC(1318) Eden regions: 570->0(570)
[7312.842s][info][gc,heap        ] GC(1318) Survivor regions: 44->44(77)
[7312.842s][info][gc,heap        ] GC(1318) Old regions: 194->201
[7312.842s][info][gc,heap        ] GC(1318) Humongous regions: 33->33
[7312.842s][info][gc,metaspace   ] GC(1318) Metaspace: 30021K(30528K)->30021K(30528K) NonClass: 26620K(26880K)->26620K(26880K) Class: 3400K(3648K)->3400K(3648K)
[7312.842s][info][gc             ] GC(1318) Pause Young (Normal) (G1 Evacuation Pause) 6710M->2210M(8192M) 156.554ms
[7312.842s][info][gc,cpu         ] GC(1318) User=1.24s Sys=0.00s Real=0.16s
...[7315.841s][info][gc,start       ] GC(1319) Pause Young (Normal) (G1 Evacuation Pause)
[7315.841s][info][gc,task        ] GC(1319) Using 8 workers of 8 for evacuation
[7316.000s][info][gc,phases      ] GC(1319)   Pre Evacuate Collection Set: 0.24ms
[7316.000s][info][gc,phases      ] GC(1319)   Merge Heap Roots: 0.61ms
[7316.000s][info][gc,phases      ] GC(1319)   Evacuate Collection Set: 155.95ms
[7316.000s][info][gc,phases      ] GC(1319)   Post Evacuate Collection Set: 1.06ms
[7316.000s][info][gc,phases      ] GC(1319)   Other: 0.81ms
[7316.000s][info][gc,heap        ] GC(1319) Eden regions: 570->0(569)
[7316.000s][info][gc,heap        ] GC(1319) Survivor regions: 44->45(77)
[7316.000s][info][gc,heap        ] GC(1319) Old regions: 201->208
[7316.000s][info][gc,heap        ] GC(1319) Humongous regions: 33->33
[7316.000s][info][gc,metaspace   ] GC(1319) Metaspace: 30021K(30528K)->30021K(30528K) NonClass: 26620K(26880K)->26620K(26880K) Class: 3400K(3648K)->3400K(3648K)
[7316.000s][info][gc             ] GC(1319) Pause Young (Normal) (G1 Evacuation Pause) 6770M->2271M(8192M) 158.803ms
[7316.000s][info][gc,cpu         ] GC(1319) User=1.25s Sys=0.00s Real=0.16s
...[7318.981s][info][gc,start       ] GC(1320) Pause Young (Normal) (G1 Evacuation Pause)
[7318.981s][info][gc,task        ] GC(1320) Using 8 workers of 8 for evacuation
[7319.133s][info][gc,phases      ] GC(1320)   Pre Evacuate Collection Set: 0.22ms
[7319.133s][info][gc,phases      ] GC(1320)   Merge Heap Roots: 0.55ms
[7319.133s][info][gc,phases      ] GC(1320)   Evacuate Collection Set: 149.76ms
[7319.133s][info][gc,phases      ] GC(1320)   Post Evacuate Collection Set: 1.11ms
[7319.133s][info][gc,phases      ] GC(1320)   Other: 0.06ms
[7319.133s][info][gc,heap        ] GC(1320) Eden regions: 569->0(571)
[7319.133s][info][gc,heap        ] GC(1320) Survivor regions: 45->43(77)
[7319.133s][info][gc,heap        ] GC(1320) Old regions: 208->215
[7319.133s][info][gc,heap        ] GC(1320) Humongous regions: 33->33
[7319.133s][info][gc,metaspace   ] GC(1320) Metaspace: 30021K(30528K)->30021K(30528K) NonClass: 26620K(26880K)->26620K(26880K) Class: 3400K(3648K)->3400K(3648K)
[7319.133s][info][gc             ] GC(1320) Pause Young (Normal) (G1 Evacuation Pause) 6823M->2311M(8192M) 151.830ms
[7319.133s][info][gc,cpu         ] GC(1320) User=1.20s Sys=0.00s Real=0.15s
....[7322.153s][info][gc,start       ] GC(1321) Pause Young (Normal) (G1 Evacuation Pause)
[7322.153s][info][gc,task        ] GC(1321) Using 8 workers of 8 for evacuation
[7322.307s][info][gc,phases      ] GC(1321)   Pre Evacuate Collection Set: 0.23ms
[7322.307s][info][gc,phases      ] GC(1321)   Merge Heap Roots: 0.52ms
[7322.307s][info][gc,phases      ] GC(1321)   Evacuate Collection Set: 152.76ms
[7322.307s][info][gc,phases      ] GC(1321)   Post Evacuate Collection Set: 1.04ms
[7322.307s][info][gc,phases      ] GC(1321)   Other: 0.06ms
[7322.307s][info][gc,heap        ] GC(1321) Eden regions: 571->0(571)
[7322.307s][info][gc,heap        ] GC(1321) Survivor regions: 43->43(77)
[7322.307s][info][gc,heap        ] GC(1321) Old regions: 215->222
[7322.307s][info][gc,heap        ] GC(1321) Humongous regions: 33->33
[7322.307s][info][gc,metaspace   ] GC(1321) Metaspace: 30021K(30528K)->30021K(30528K) NonClass: 26620K(26880K)->26620K(26880K) Class: 3400K(3648K)->3400K(3648K)
[7322.307s][info][gc             ] GC(1321) Pause Young (Normal) (G1 Evacuation Pause) 6879M->2371M(8192M) 154.744ms
[7322.307s][info][gc,cpu         ] GC(1321) User=1.22s Sys=0.00s Real=0.16s
...[7325.199s][info][gc,start       ] GC(1322) Pause Young (Normal) (G1 Evacuation Pause)
[7325.199s][info][gc,task        ] GC(1322) Using 8 workers of 8 for evacuation
[7325.352s][info][gc,phases      ] GC(1322)   Pre Evacuate Collection Set: 0.22ms
[7325.352s][info][gc,phases      ] GC(1322)   Merge Heap Roots: 0.53ms
[7325.352s][info][gc,phases      ] GC(1322)   Evacuate Collection Set: 151.65ms
[7325.352s][info][gc,phases      ] GC(1322)   Post Evacuate Collection Set: 1.02ms
[7325.352s][info][gc,phases      ] GC(1322)   Other: 0.07ms
[7325.352s][info][gc,heap        ] GC(1322) Eden regions: 571->0(571)
[7325.352s][info][gc,heap        ] GC(1322) Survivor regions: 43->43(77)
[7325.352s][info][gc,heap        ] GC(1322) Old regions: 222->230
[7325.352s][info][gc,heap        ] GC(1322) Humongous regions: 33->33
[7325.352s][info][gc,metaspace   ] GC(1322) Metaspace: 30021K(30528K)->30021K(30528K) NonClass: 26620K(26880K)->26620K(26880K) Class: 3400K(3648K)->3400K(3648K)
[7325.352s][info][gc             ] GC(1322) Pause Young (Normal) (G1 Evacuation Pause) 6939M->2430M(8192M) 153.622ms
[7325.352s][info][gc,cpu         ] GC(1322) User=1.22s Sys=0.00s Real=0.15s
...[7328.467s][info][gc,start       ] GC(1323) Pause Young (Normal) (G1 Evacuation Pause)
[7328.467s][info][gc,task        ] GC(1323) Using 8 workers of 8 for evacuation
[7328.622s][info][gc,phases      ] GC(1323)   Pre Evacuate Collection Set: 0.24ms
[7328.622s][info][gc,phases      ] GC(1323)   Merge Heap Roots: 0.60ms
[7328.622s][info][gc,phases      ] GC(1323)   Evacuate Collection Set: 152.30ms
[7328.622s][info][gc,phases      ] GC(1323)   Post Evacuate Collection Set: 1.03ms
[7328.622s][info][gc,phases      ] GC(1323)   Other: 0.07ms
[7328.622s][info][gc,heap        ] GC(1323) Eden regions: 571->0(571)
[7328.622s][info][gc,heap        ] GC(1323) Survivor regions: 43->43(77)
[7328.622s][info][gc,heap        ] GC(1323) Old regions: 230->237
[7328.622s][info][gc,heap        ] GC(1323) Humongous regions: 33->33
[7328.622s][info][gc,metaspace   ] GC(1323) Metaspace: 30021K(30528K)->30021K(30528K) NonClass: 26620K(26880K)->26620K(26880K) Class: 3400K(3648K)->3400K(3648K)
[7328.622s][info][gc             ] GC(1323) Pause Young (Normal) (G1 Evacuation Pause) 6998M->2489M(8192M) 154.362ms
[7328.622s][info][gc,cpu         ] GC(1323) User=1.23s Sys=0.00s Real=0.15s
...[7331.655s][info][gc,start       ] GC(1324) Pause Young (Normal) (G1 Evacuation Pause)
[7331.655s][info][gc,task        ] GC(1324) Using 8 workers of 8 for evacuation
[7331.809s][info][gc,phases      ] GC(1324)   Pre Evacuate Collection Set: 0.25ms
[7331.809s][info][gc,phases      ] GC(1324)   Merge Heap Roots: 0.55ms
[7331.809s][info][gc,phases      ] GC(1324)   Evacuate Collection Set: 151.65ms
[7331.809s][info][gc,phases      ] GC(1324)   Post Evacuate Collection Set: 1.07ms
[7331.809s][info][gc,phases      ] GC(1324)   Other: 0.06ms
[7331.809s][info][gc,heap        ] GC(1324) Eden regions: 571->0(570)
[7331.809s][info][gc,heap        ] GC(1324) Survivor regions: 43->44(77)
[7331.809s][info][gc,heap        ] GC(1324) Old regions: 237->244
[7331.809s][info][gc,heap        ] GC(1324) Humongous regions: 33->33
[7331.809s][info][gc,metaspace   ] GC(1324) Metaspace: 30021K(30528K)->30021K(30528K) NonClass: 26620K(26880K)->26620K(26880K) Class: 3400K(3648K)->3400K(3648K)
[7331.809s][info][gc             ] GC(1324) Pause Young (Normal) (G1 Evacuation Pause) 7057M->2550M(8192M) 153.692ms
[7331.809s][info][gc,cpu         ] GC(1324) User=1.22s Sys=0.00s Real=0.16s
...[7334.772s][info][gc,start       ] GC(1325) Pause Young (Normal) (G1 Evacuation Pause)
[7334.772s][info][gc,task        ] GC(1325) Using 8 workers of 8 for evacuation
[7334.928s][info][gc,phases      ] GC(1325)   Pre Evacuate Collection Set: 0.22ms
[7334.928s][info][gc,phases      ] GC(1325)   Merge Heap Roots: 0.54ms
[7334.928s][info][gc,phases      ] GC(1325)   Evacuate Collection Set: 153.70ms
[7334.928s][info][gc,phases      ] GC(1325)   Post Evacuate Collection Set: 1.03ms
[7334.928s][info][gc,phases      ] GC(1325)   Other: 0.06ms
[7334.928s][info][gc,heap        ] GC(1325) Eden regions: 570->0(570)
[7334.928s][info][gc,heap        ] GC(1325) Survivor regions: 44->44(77)
[7334.928s][info][gc,heap        ] GC(1325) Old regions: 244->252
[7334.928s][info][gc,heap        ] GC(1325) Humongous regions: 33->33
[7334.928s][info][gc,metaspace   ] GC(1325) Metaspace: 30021K(30528K)->30021K(30528K) NonClass: 26620K(26880K)->26620K(26880K) Class: 3400K(3648K)->3400K(3648K)
[7334.928s][info][gc             ] GC(1325) Pause Young (Normal) (G1 Evacuation Pause) 7110M->2615M(8192M) 155.692ms
[7334.928s][info][gc,cpu         ] GC(1325) User=1.23s Sys=0.00s Real=0.16s
...[7337.841s][info][gc,start       ] GC(1326) Pause Young (Normal) (G1 Evacuation Pause)
[7337.841s][info][gc,task        ] GC(1326) Using 8 workers of 8 for evacuation
[7337.999s][info][gc,phases      ] GC(1326)   Pre Evacuate Collection Set: 0.26ms
[7337.999s][info][gc,phases      ] GC(1326)   Merge Heap Roots: 0.54ms
[7337.999s][info][gc,phases      ] GC(1326)   Evacuate Collection Set: 156.34ms
[7337.999s][info][gc,phases      ] GC(1326)   Post Evacuate Collection Set: 1.05ms
[7337.999s][info][gc,phases      ] GC(1326)   Other: 0.06ms
[7337.999s][info][gc,heap        ] GC(1326) Eden regions: 570->0(569)
[7337.999s][info][gc,heap        ] GC(1326) Survivor regions: 44->45(77)
[7337.999s][info][gc,heap        ] GC(1326) Old regions: 252->259
[7337.999s][info][gc,heap        ] GC(1326) Humongous regions: 33->33
[7337.999s][info][gc,metaspace   ] GC(1326) Metaspace: 30021K(30528K)->30021K(30528K) NonClass: 26620K(26880K)->26620K(26880K) Class: 3400K(3648K)->3400K(3648K)
[7337.999s][info][gc             ] GC(1326) Pause Young (Normal) (G1 Evacuation Pause) 7175M->2678M(8192M) 158.391ms
[7337.999s][info][gc,cpu         ] GC(1326) User=1.26s Sys=0.00s Real=0.16s
...[7340.891s][info][gc,start       ] GC(1327) Pause Young (Normal) (G1 Evacuation Pause)
[7340.891s][info][gc,task        ] GC(1327) Using 8 workers of 8 for evacuation
[7341.040s][info][gc,phases      ] GC(1327)   Pre Evacuate Collection Set: 0.23ms
[7341.040s][info][gc,phases      ] GC(1327)   Merge Heap Roots: 0.53ms
[7341.041s][info][gc,phases      ] GC(1327)   Evacuate Collection Set: 147.19ms
[7341.041s][info][gc,phases      ] GC(1327)   Post Evacuate Collection Set: 1.08ms
[7341.041s][info][gc,phases      ] GC(1327)   Other: 0.06ms
[7341.041s][info][gc,heap        ] GC(1327) Eden regions: 569->0(571)
[7341.041s][info][gc,heap        ] GC(1327) Survivor regions: 45->43(77)
[7341.041s][info][gc,heap        ] GC(1327) Old regions: 259->266
[7341.041s][info][gc,heap        ] GC(1327) Humongous regions: 33->33
[7341.041s][info][gc,metaspace   ] GC(1327) Metaspace: 30021K(30528K)->30021K(30528K) NonClass: 26620K(26880K)->26620K(26880K) Class: 3400K(3648K)->3400K(3648K)
[7341.041s][info][gc             ] GC(1327) Pause Young (Normal) (G1 Evacuation Pause) 7230M->2718M(8192M) 149.218ms
[7341.041s][info][gc,cpu         ] GC(1327) User=1.18s Sys=0.00s Real=0.15s
...[7344.020s][info][gc,start       ] GC(1328) Pause Young (Normal) (G1 Evacuation Pause)
[7344.020s][info][gc,task        ] GC(1328) Using 8 workers of 8 for evacuation
[7344.171s][info][gc,phases      ] GC(1328)   Pre Evacuate Collection Set: 0.22ms
[7344.171s][info][gc,phases      ] GC(1328)   Merge Heap Roots: 0.53ms
[7344.171s][info][gc,phases      ] GC(1328)   Evacuate Collection Set: 149.01ms
[7344.171s][info][gc,phases      ] GC(1328)   Post Evacuate Collection Set: 1.03ms
[7344.171s][info][gc,phases      ] GC(1328)   Other: 0.06ms
[7344.171s][info][gc,heap        ] GC(1328) Eden regions: 571->0(571)
[7344.171s][info][gc,heap        ] GC(1328) Survivor regions: 43->43(77)
[7344.171s][info][gc,heap        ] GC(1328) Old regions: 266->274
[7344.171s][info][gc,heap        ] GC(1328) Humongous regions: 33->33
[7344.171s][info][gc,metaspace   ] GC(1328) Metaspace: 30021K(30528K)->30021K(30528K) NonClass: 26620K(26880K)->26620K(26880K) Class: 3400K(3648K)->3400K(3648K)
[7344.171s][info][gc             ] GC(1328) Pause Young (Normal) (G1 Evacuation Pause) 7286M->2779M(8192M) 150.984ms
[7344.171s][info][gc,cpu         ] GC(1328) User=1.19s Sys=0.00s Real=0.15s
...[7347.167s][info][gc,start       ] GC(1329) Pause Young (Normal) (G1 Evacuation Pause)
[7347.167s][info][gc,task        ] GC(1329) Using 8 workers of 8 for evacuation
[7347.320s][info][gc,phases      ] GC(1329)   Pre Evacuate Collection Set: 0.25ms
[7347.320s][info][gc,phases      ] GC(1329)   Merge Heap Roots: 0.54ms
[7347.320s][info][gc,phases      ] GC(1329)   Evacuate Collection Set: 150.71ms
[7347.320s][info][gc,phases      ] GC(1329)   Post Evacuate Collection Set: 1.07ms
[7347.320s][info][gc,phases      ] GC(1329)   Other: 0.06ms
[7347.320s][info][gc,heap        ] GC(1329) Eden regions: 571->0(570)
[7347.320s][info][gc,heap        ] GC(1329) Survivor regions: 43->44(77)
[7347.320s][info][gc,heap        ] GC(1329) Old regions: 274->281
[7347.320s][info][gc,heap        ] GC(1329) Humongous regions: 33->33
[7347.320s][info][gc,metaspace   ] GC(1329) Metaspace: 30021K(30528K)->30021K(30528K) NonClass: 26620K(26880K)->26620K(26880K) Class: 3400K(3648K)->3400K(3648K)
[7347.320s][info][gc             ] GC(1329) Pause Young (Normal) (G1 Evacuation Pause) 7347M->2846M(8192M) 152.765ms
[7347.320s][info][gc,cpu         ] GC(1329) User=1.21s Sys=0.01s Real=0.15s
....[7350.361s][info][gc,start       ] GC(1330) Pause Young (Normal) (G1 Evacuation Pause)
[7350.361s][info][gc,task        ] GC(1330) Using 8 workers of 8 for evacuation
[7350.517s][info][gc,phases      ] GC(1330)   Pre Evacuate Collection Set: 0.23ms
[7350.517s][info][gc,phases      ] GC(1330)   Merge Heap Roots: 0.55ms
[7350.517s][info][gc,phases      ] GC(1330)   Evacuate Collection Set: 153.91ms
[7350.517s][info][gc,phases      ] GC(1330)   Post Evacuate Collection Set: 1.04ms
[7350.517s][info][gc,phases      ] GC(1330)   Other: 0.06ms
[7350.517s][info][gc,heap        ] GC(1330) Eden regions: 570->0(562)
[7350.517s][info][gc,heap        ] GC(1330) Survivor regions: 44->44(77)
[7350.517s][info][gc,heap        ] GC(1330) Old regions: 281->289
[7350.517s][info][gc,heap        ] GC(1330) Humongous regions: 33->33
[7350.517s][info][gc,metaspace   ] GC(1330) Metaspace: 30021K(30528K)->30021K(30528K) NonClass: 26620K(26880K)->26620K(26880K) Class: 3400K(3648K)->3400K(3648K)
[7350.517s][info][gc             ] GC(1330) Pause Young (Normal) (G1 Evacuation Pause) 7406M->2909M(8192M) 155.919ms
[7350.517s][info][gc,cpu         ] GC(1330) User=1.24s Sys=0.00s Real=0.16s
..[7353.256s][info][gc,start       ] GC(1331) Pause Young (Normal) (G1 Evacuation Pause)
[7353.256s][info][gc,task        ] GC(1331) Using 8 workers of 8 for evacuation
[7353.410s][info][gc,phases      ] GC(1331)   Pre Evacuate Collection Set: 0.21ms
[7353.410s][info][gc,phases      ] GC(1331)   Merge Heap Roots: 0.53ms
[7353.410s][info][gc,phases      ] GC(1331)   Evacuate Collection Set: 152.49ms
[7353.410s][info][gc,phases      ] GC(1331)   Post Evacuate Collection Set: 1.02ms
[7353.410s][info][gc,phases      ] GC(1331)   Other: 0.06ms
[7353.410s][info][gc,heap        ] GC(1331) Eden regions: 562->0(557)
[7353.410s][info][gc,heap        ] GC(1331) Survivor regions: 44->43(76)
[7353.410s][info][gc,heap        ] GC(1331) Old regions: 289->296
[7353.410s][info][gc,heap        ] GC(1331) Humongous regions: 33->33
[7353.410s][info][gc,metaspace   ] GC(1331) Metaspace: 30021K(30528K)->30021K(30528K) NonClass: 26620K(26880K)->26620K(26880K) Class: 3400K(3648K)->3400K(3648K)
[7353.410s][info][gc             ] GC(1331) Pause Young (Normal) (G1 Evacuation Pause) 7405M->2959M(8192M) 154.457ms
[7353.410s][info][gc,cpu         ] GC(1331) User=1.22s Sys=0.00s Real=0.15s
...[7356.260s][info][gc,start       ] GC(1332) Pause Young (Normal) (G1 Evacuation Pause)
[7356.260s][info][gc,task        ] GC(1332) Using 8 workers of 8 for evacuation
[7356.419s][info][gc,phases      ] GC(1332)   Pre Evacuate Collection Set: 0.21ms
[7356.419s][info][gc,phases      ] GC(1332)   Merge Heap Roots: 0.54ms
[7356.419s][info][gc,phases      ] GC(1332)   Evacuate Collection Set: 157.30ms
[7356.419s][info][gc,phases      ] GC(1332)   Post Evacuate Collection Set: 1.04ms
[7356.419s][info][gc,phases      ] GC(1332)   Other: 0.06ms
[7356.419s][info][gc,heap        ] GC(1332) Eden regions: 557->0(548)
[7356.419s][info][gc,heap        ] GC(1332) Survivor regions: 43->44(75)
[7356.419s][info][gc,heap        ] GC(1332) Old regions: 296->303
[7356.419s][info][gc,heap        ] GC(1332) Humongous regions: 33->33
[7356.419s][info][gc,metaspace   ] GC(1332) Metaspace: 30021K(30528K)->30021K(30528K) NonClass: 26620K(26880K)->26620K(26880K) Class: 3400K(3648K)->3400K(3648K)
[7356.419s][info][gc             ] GC(1332) Pause Young (Normal) (G1 Evacuation Pause) 7415M->3023M(8192M) 159.303ms
[7356.419s][info][gc,cpu         ] GC(1332) User=1.27s Sys=0.00s Real=0.16s
. (rIR:aIR:PR = 12315:12289:12278) (tPR = 181475) [OK] 
  7356s: Performance info:
         Transaction,    Success,    Partial,     Failed,   Receipts, AvgBarcode, 
             Overall,     747853,          0,          0,     710442,      59.47, 
         Response times:
             Request,    Success,    Partial,     Failed,   SkipFail,     Probes,    Samples,      min,      p50,      p90,      p95,      p99,      max, 
       TotalPurchase,     711045,          0,          0,          0,     359112,     531485,      300,    20000,   150000,   251000,   391000,  3400000,
     InStorePurchase,     377884,          0,          0,          0,     188059,     278999,      300,    19900,   153000,   251000,   388000,  3400000,
      OnlinePurchase,     259310,          0,          0,          0,     132710,     195624,      300,    21000,   147000,   251000,   392000,  3400000,
        InstPurchase,      73851,          0,          0,          0,      38343,      56862,      400,    19800,   148000,   247000,   391000,  3400000,
          AssocOfCat,        754,          0,          0,          0,        630,       1014,    33000,    80000,   211500,   269000,   441350,   740000,
      AssocOfProduct,       7446,          0,          0,          0,       3511,       5516,      900,    21000,   152000,   252000,   457320,  1700000,
      BusinessReport,       1871,          0,          0,          0,       1658,       2685,    38000,    91000,   230000,   324000,   448000,  2200000,
          CustBuyBeh,       7528,          0,          0,          0,       3505,       5578,      300,    22000,   157000,   245000,   370000,  2200000,
       ProductReturn,      19882,          0,          0,          0,       9512,      14569,      300,    19200,   145000,   250000,   393200,  3400000,

  7356s: (90%)   IR =  12453 ..[7359.186s][info][gc,start       ] GC(1333) Pause Young (Concurrent Start) (G1 Evacuation Pause)
[7359.186s][info][gc,task        ] GC(1333) Using 8 workers of 8 for evacuation
[7359.338s][info][gc,phases      ] GC(1333)   Pre Evacuate Collection Set: 0.25ms
[7359.338s][info][gc,phases      ] GC(1333)   Merge Heap Roots: 0.61ms
[7359.338s][info][gc,phases      ] GC(1333)   Evacuate Collection Set: 149.99ms
[7359.338s][info][gc,phases      ] GC(1333)   Post Evacuate Collection Set: 1.13ms
[7359.338s][info][gc,phases      ] GC(1333)   Other: 0.08ms
[7359.338s][info][gc,heap        ] GC(1333) Eden regions: 548->0(542)
[7359.338s][info][gc,heap        ] GC(1333) Survivor regions: 44->43(74)
[7359.338s][info][gc,heap        ] GC(1333) Old regions: 303->311
[7359.338s][info][gc,heap        ] GC(1333) Humongous regions: 33->33
[7359.338s][info][gc,metaspace   ] GC(1333) Metaspace: 30021K(30528K)->30021K(30528K) NonClass: 26620K(26880K)->26620K(26880K) Class: 3400K(3648K)->3400K(3648K)
[7359.338s][info][gc             ] GC(1333) Pause Young (Concurrent Start) (G1 Evacuation Pause) 7407M->3077M(8192M) 152.207ms
[7359.338s][info][gc             ] GC(1334) Concurrent Mark Cycle
[7359.338s][info][gc,marking     ] GC(1334) Concurrent Scan Root Regions
[7359.338s][info][gc,cpu         ] GC(1333) User=1.21s Sys=0.00s Real=0.15s
[7359.685s][info][gc,marking     ] GC(1334) Concurrent Scan Root Regions 346.453ms
[7359.685s][info][gc,marking     ] GC(1334) Concurrent Mark
[7359.685s][info][gc,marking     ] GC(1334) Concurrent Mark From Roots
[7359.685s][info][gc,task        ] GC(1334) Using 2 workers of 2 for marking
..[7360.982s][info][gc,marking     ] GC(1334) Concurrent Mark From Roots 1297.482ms
[7360.982s][info][gc,marking     ] GC(1334) Concurrent Preclean
[7360.982s][info][gc,marking     ] GC(1334) Concurrent Preclean 0.123ms
[7360.982s][info][gc,start       ] GC(1334) Pause Remark
[7360.984s][info][gc             ] GC(1334) Pause Remark 4965M->4493M(8192M) 1.403ms
[7360.984s][info][gc,cpu         ] GC(1334) User=0.00s Sys=0.00s Real=0.00s
[7360.984s][info][gc,marking     ] GC(1334) Concurrent Mark 1299.431ms
[7360.984s][info][gc,marking     ] GC(1334) Concurrent Rebuild Remembered Sets and Scrub Regions
[7361.696s][info][gc,marking     ] GC(1334) Concurrent Rebuild Remembered Sets and Scrub Regions 711.505ms
[7361.697s][info][gc,start       ] GC(1334) Pause Cleanup
[7361.697s][info][gc             ] GC(1334) Pause Cleanup 5386M->5386M(8192M) 0.247ms
[7361.697s][info][gc,cpu         ] GC(1334) User=0.00s Sys=0.00s Real=0.00s
[7361.697s][info][gc,marking     ] GC(1334) Concurrent Clear Claimed Marks
[7361.697s][info][gc,marking     ] GC(1334) Concurrent Clear Claimed Marks 0.038ms
[7361.697s][info][gc,marking     ] GC(1334) Concurrent Cleanup for Next Mark
[7361.707s][info][gc,marking     ] GC(1334) Concurrent Cleanup for Next Mark 10.349ms
[7361.707s][info][gc             ] GC(1334) Concurrent Mark Cycle 2369.185ms
.[7362.629s][info][gc,start       ] GC(1335) Pause Young (Prepare Mixed) (G1 Evacuation Pause)
[7362.629s][info][gc,task        ] GC(1335) Using 8 workers of 8 for evacuation
[7362.787s][info][gc,phases      ] GC(1335)   Pre Evacuate Collection Set: 0.22ms
[7362.787s][info][gc,phases      ] GC(1335)   Merge Heap Roots: 0.76ms
[7362.787s][info][gc,phases      ] GC(1335)   Evacuate Collection Set: 155.01ms
[7362.787s][info][gc,phases      ] GC(1335)   Post Evacuate Collection Set: 1.10ms
[7362.787s][info][gc,phases      ] GC(1335)   Other: 0.06ms
[7362.787s][info][gc,heap        ] GC(1335) Eden regions: 542->0(571)
[7362.787s][info][gc,heap        ] GC(1335) Survivor regions: 43->43(74)
[7362.787s][info][gc,heap        ] GC(1335) Old regions: 252->260
[7362.787s][info][gc,heap        ] GC(1335) Humongous regions: 33->33
[7362.787s][info][gc,metaspace   ] GC(1335) Metaspace: 30021K(30528K)->30021K(30528K) NonClass: 26620K(26880K)->26620K(26880K) Class: 3400K(3648K)->3400K(3648K)
[7362.787s][info][gc             ] GC(1335) Pause Young (Prepare Mixed) (G1 Evacuation Pause) 6941M->2669M(8192M) 157.288ms
[7362.787s][info][gc,cpu         ] GC(1335) User=1.25s Sys=0.00s Real=0.16s
...[7365.588s][info][gc,start       ] GC(1336) Pause Young (Mixed) (G1 Evacuation Pause)
[7365.588s][info][gc,task        ] GC(1336) Using 8 workers of 8 for evacuation
[7365.749s][info][gc,phases      ] GC(1336)   Pre Evacuate Collection Set: 0.23ms
[7365.749s][info][gc,phases      ] GC(1336)   Merge Heap Roots: 0.75ms
[7365.749s][info][gc,phases      ] GC(1336)   Evacuate Collection Set: 159.05ms
[7365.749s][info][gc,phases      ] GC(1336)   Post Evacuate Collection Set: 1.27ms
[7365.749s][info][gc,phases      ] GC(1336)   Other: 0.07ms
[7365.749s][info][gc,heap        ] GC(1336) Eden regions: 571->0(571)
[7365.750s][info][gc,heap        ] GC(1336) Survivor regions: 43->43(77)
[7365.750s][info][gc,heap        ] GC(1336) Old regions: 260->165
[7365.750s][info][gc,heap        ] GC(1336) Humongous regions: 33->33
[7365.750s][info][gc,metaspace   ] GC(1336) Metaspace: 30021K(30528K)->30021K(30528K) NonClass: 26620K(26880K)->26620K(26880K) Class: 3400K(3648K)->3400K(3648K)
[7365.750s][info][gc             ] GC(1336) Pause Young (Mixed) (G1 Evacuation Pause) 7237M->1909M(8192M) 161.500ms
[7365.750s][info][gc,cpu         ] GC(1336) User=1.28s Sys=0.00s Real=0.16s
...[7368.592s][info][gc,start       ] GC(1337) Pause Young (Mixed) (G1 Evacuation Pause)
[7368.592s][info][gc,task        ] GC(1337) Using 8 workers of 8 for evacuation
[7368.751s][info][gc,phases      ] GC(1337)   Pre Evacuate Collection Set: 0.22ms
[7368.751s][info][gc,phases      ] GC(1337)   Merge Heap Roots: 0.84ms
[7368.751s][info][gc,phases      ] GC(1337)   Evacuate Collection Set: 156.89ms
[7368.751s][info][gc,phases      ] GC(1337)   Post Evacuate Collection Set: 1.07ms
[7368.751s][info][gc,phases      ] GC(1337)   Other: 0.06ms
[7368.752s][info][gc,heap        ] GC(1337) Eden regions: 571->0(571)
[7368.752s][info][gc,heap        ] GC(1337) Survivor regions: 43->43(77)
[7368.752s][info][gc,heap        ] GC(1337) Old regions: 165->144
[7368.752s][info][gc,heap        ] GC(1337) Humongous regions: 33->33
[7368.752s][info][gc,metaspace   ] GC(1337) Metaspace: 30021K(30528K)->30021K(30528K) NonClass: 26620K(26880K)->26620K(26880K) Class: 3400K(3648K)->3400K(3648K)
[7368.752s][info][gc             ] GC(1337) Pause Young (Mixed) (G1 Evacuation Pause) 6477M->1740M(8192M) 159.231ms
[7368.752s][info][gc,cpu         ] GC(1337) User=1.26s Sys=0.01s Real=0.16s
...[7371.509s][info][gc,start       ] GC(1338) Pause Young (Normal) (G1 Evacuation Pause)
[7371.509s][info][gc,task        ] GC(1338) Using 8 workers of 8 for evacuation
[7371.672s][info][gc,phases      ] GC(1338)   Pre Evacuate Collection Set: 0.21ms
[7371.672s][info][gc,phases      ] GC(1338)   Merge Heap Roots: 0.53ms
[7371.672s][info][gc,phases      ] GC(1338)   Evacuate Collection Set: 161.29ms
[7371.672s][info][gc,phases      ] GC(1338)   Post Evacuate Collection Set: 1.02ms
[7371.672s][info][gc,phases      ] GC(1338)   Other: 0.06ms
[7371.672s][info][gc,heap        ] GC(1338) Eden regions: 571->0(569)
[7371.672s][info][gc,heap        ] GC(1338) Survivor regions: 43->45(77)
[7371.672s][info][gc,heap        ] GC(1338) Old regions: 144->151
[7371.672s][info][gc,heap        ] GC(1338) Humongous regions: 33->33
[7371.672s][info][gc,metaspace   ] GC(1338) Metaspace: 30021K(30528K)->30021K(30528K) NonClass: 26620K(26880K)->26620K(26880K) Class: 3400K(3648K)->3400K(3648K)
[7371.672s][info][gc             ] GC(1338) Pause Young (Normal) (G1 Evacuation Pause) 6308M->1819M(8192M) 163.233ms
[7371.672s][info][gc,cpu         ] GC(1338) User=1.29s Sys=0.00s Real=0.16s
...[7374.443s][info][gc,start       ] GC(1339) Pause Young (Normal) (G1 Evacuation Pause)
[7374.443s][info][gc,task        ] GC(1339) Using 8 workers of 8 for evacuation
[7374.599s][info][gc,phases      ] GC(1339)   Pre Evacuate Collection Set: 0.20ms
[7374.599s][info][gc,phases      ] GC(1339)   Merge Heap Roots: 0.52ms
[7374.599s][info][gc,phases      ] GC(1339)   Evacuate Collection Set: 153.41ms
[7374.599s][info][gc,phases      ] GC(1339)   Post Evacuate Collection Set: 1.03ms
[7374.599s][info][gc,phases      ] GC(1339)   Other: 0.07ms
[7374.599s][info][gc,heap        ] GC(1339) Eden regions: 569->0(570)
[7374.599s][info][gc,heap        ] GC(1339) Survivor regions: 45->44(77)
[7374.599s][info][gc,heap        ] GC(1339) Old regions: 151->158
[7374.599s][info][gc,heap        ] GC(1339) Humongous regions: 33->33
[7374.599s][info][gc,metaspace   ] GC(1339) Metaspace: 30021K(30528K)->30021K(30528K) NonClass: 26620K(26880K)->26620K(26880K) Class: 3400K(3648K)->3400K(3648K)
[7374.599s][info][gc             ] GC(1339) Pause Young (Normal) (G1 Evacuation Pause) 6371M->1863M(8192M) 155.363ms
[7374.599s][info][gc,cpu         ] GC(1339) User=1.23s Sys=0.00s Real=0.16s
.|..[7377.432s][info][gc,start       ] GC(1340) Pause Young (Normal) (G1 Evacuation Pause)
[7377.432s][info][gc,task        ] GC(1340) Using 8 workers of 8 for evacuation
[7377.586s][info][gc,phases      ] GC(1340)   Pre Evacuate Collection Set: 0.22ms
[7377.586s][info][gc,phases      ] GC(1340)   Merge Heap Roots: 0.59ms
[7377.586s][info][gc,phases      ] GC(1340)   Evacuate Collection Set: 152.62ms
[7377.586s][info][gc,phases      ] GC(1340)   Post Evacuate Collection Set: 1.02ms
[7377.586s][info][gc,phases      ] GC(1340)   Other: 0.06ms
[7377.586s][info][gc,heap        ] GC(1340) Eden regions: 570->0(571)
[7377.586s][info][gc,heap        ] GC(1340) Survivor regions: 44->43(77)
[7377.586s][info][gc,heap        ] GC(1340) Old regions: 158->165
[7377.586s][info][gc,heap        ] GC(1340) Humongous regions: 33->33
[7377.586s][info][gc,metaspace   ] GC(1340) Metaspace: 30021K(30528K)->30021K(30528K) NonClass: 26620K(26880K)->26620K(26880K) Class: 3400K(3648K)->3400K(3648K)
[7377.586s][info][gc             ] GC(1340) Pause Young (Normal) (G1 Evacuation Pause) 6423M->1915M(8192M) 154.643ms
[7377.586s][info][gc,cpu         ] GC(1340) User=1.23s Sys=0.00s Real=0.16s
...[7380.533s][info][gc,start       ] GC(1341) Pause Young (Normal) (G1 Evacuation Pause)
[7380.533s][info][gc,task        ] GC(1341) Using 8 workers of 8 for evacuation
[7380.690s][info][gc,phases      ] GC(1341)   Pre Evacuate Collection Set: 0.22ms
[7380.690s][info][gc,phases      ] GC(1341)   Merge Heap Roots: 0.53ms
[7380.690s][info][gc,phases      ] GC(1341)   Evacuate Collection Set: 155.09ms
[7380.690s][info][gc,phases      ] GC(1341)   Post Evacuate Collection Set: 1.04ms
[7380.690s][info][gc,phases      ] GC(1341)   Other: 0.06ms
[7380.690s][info][gc,heap        ] GC(1341) Eden regions: 571->0(570)
[7380.690s][info][gc,heap        ] GC(1341) Survivor regions: 43->44(77)
[7380.690s][info][gc,heap        ] GC(1341) Old regions: 165->172
[7380.690s][info][gc,heap        ] GC(1341) Humongous regions: 33->33
[7380.690s][info][gc,metaspace   ] GC(1341) Metaspace: 30021K(30528K)->30021K(30528K) NonClass: 26620K(26880K)->26620K(26880K) Class: 3400K(3648K)->3400K(3648K)
[7380.690s][info][gc             ] GC(1341) Pause Young (Normal) (G1 Evacuation Pause) 6483M->1975M(8192M) 157.063ms
[7380.690s][info][gc,cpu         ] GC(1341) User=1.25s Sys=0.00s Real=0.16s
...[7383.630s][info][gc,start       ] GC(1342) Pause Young (Normal) (G1 Evacuation Pause)
[7383.631s][info][gc,task        ] GC(1342) Using 8 workers of 8 for evacuation
[7383.786s][info][gc,phases      ] GC(1342)   Pre Evacuate Collection Set: 0.24ms
[7383.786s][info][gc,phases      ] GC(1342)   Merge Heap Roots: 0.52ms
[7383.786s][info][gc,phases      ] GC(1342)   Evacuate Collection Set: 153.48ms
[7383.786s][info][gc,phases      ] GC(1342)   Post Evacuate Collection Set: 1.05ms
[7383.786s][info][gc,phases      ] GC(1342)   Other: 0.07ms
[7383.786s][info][gc,heap        ] GC(1342) Eden regions: 570->0(570)
[7383.786s][info][gc,heap        ] GC(1342) Survivor regions: 44->44(77)
[7383.786s][info][gc,heap        ] GC(1342) Old regions: 172->180
[7383.786s][info][gc,heap        ] GC(1342) Humongous regions: 33->33
[7383.786s][info][gc,metaspace   ] GC(1342) Metaspace: 30021K(30528K)->30021K(30528K) NonClass: 26620K(26880K)->26620K(26880K) Class: 3400K(3648K)->3400K(3648K)
[7383.786s][info][gc             ] GC(1342) Pause Young (Normal) (G1 Evacuation Pause) 6535M->2038M(8192M) 155.499ms
[7383.786s][info][gc,cpu         ] GC(1342) User=1.23s Sys=0.00s Real=0.16s
...[7386.731s][info][gc,start       ] GC(1343) Pause Young (Normal) (G1 Evacuation Pause)
[7386.731s][info][gc,task        ] GC(1343) Using 8 workers of 8 for evacuation
[7386.892s][info][gc,phases      ] GC(1343)   Pre Evacuate Collection Set: 0.22ms
[7386.892s][info][gc,phases      ] GC(1343)   Merge Heap Roots: 0.55ms
[7386.892s][info][gc,phases      ] GC(1343)   Evacuate Collection Set: 158.83ms
[7386.892s][info][gc,phases      ] GC(1343)   Post Evacuate Collection Set: 1.04ms
[7386.892s][info][gc,phases      ] GC(1343)   Other: 0.07ms
[7386.892s][info][gc,heap        ] GC(1343) Eden regions: 570->0(569)
[7386.892s][info][gc,heap        ] GC(1343) Survivor regions: 44->45(77)
[7386.892s][info][gc,heap        ] GC(1343) Old regions: 180->187
[7386.892s][info][gc,heap        ] GC(1343) Humongous regions: 33->33
[7386.892s][info][gc,metaspace   ] GC(1343) Metaspace: 30021K(30528K)->30021K(30528K) NonClass: 26620K(26880K)->26620K(26880K) Class: 3400K(3648K)->3400K(3648K)
[7386.892s][info][gc             ] GC(1343) Pause Young (Normal) (G1 Evacuation Pause) 6598M->2103M(8192M) 160.854ms
[7386.892s][info][gc,cpu         ] GC(1343) User=1.27s Sys=0.00s Real=0.16s
...[7389.774s][info][gc,start       ] GC(1344) Pause Young (Normal) (G1 Evacuation Pause)
[7389.774s][info][gc,task        ] GC(1344) Using 8 workers of 8 for evacuation
[7389.927s][info][gc,phases      ] GC(1344)   Pre Evacuate Collection Set: 0.22ms
[7389.927s][info][gc,phases      ] GC(1344)   Merge Heap Roots: 0.54ms
[7389.928s][info][gc,phases      ] GC(1344)   Evacuate Collection Set: 151.27ms
[7389.928s][info][gc,phases      ] GC(1344)   Post Evacuate Collection Set: 1.06ms
[7389.928s][info][gc,phases      ] GC(1344)   Other: 0.06ms
[7389.928s][info][gc,heap        ] GC(1344) Eden regions: 569->0(570)
[7389.928s][info][gc,heap        ] GC(1344) Survivor regions: 45->44(77)
[7389.928s][info][gc,heap        ] GC(1344) Old regions: 187->194
[7389.928s][info][gc,heap        ] GC(1344) Humongous regions: 33->33
[7389.928s][info][gc,metaspace   ] GC(1344) Metaspace: 30021K(30528K)->30021K(30528K) NonClass: 26620K(26880K)->26620K(26880K) Class: 3400K(3648K)->3400K(3648K)
[7389.928s][info][gc             ] GC(1344) Pause Young (Normal) (G1 Evacuation Pause) 6655M->2151M(8192M) 153.287ms
[7389.928s][info][gc,cpu         ] GC(1344) User=1.22s Sys=0.00s Real=0.16s
...[7392.872s][info][gc,start       ] GC(1345) Pause Young (Normal) (G1 Evacuation Pause)
[7392.872s][info][gc,task        ] GC(1345) Using 8 workers of 8 for evacuation
[7393.034s][info][gc,phases      ] GC(1345)   Pre Evacuate Collection Set: 0.22ms
[7393.034s][info][gc,phases      ] GC(1345)   Merge Heap Roots: 0.55ms
[7393.034s][info][gc,phases      ] GC(1345)   Evacuate Collection Set: 159.79ms
[7393.034s][info][gc,phases      ] GC(1345)   Post Evacuate Collection Set: 1.04ms
[7393.034s][info][gc,phases      ] GC(1345)   Other: 0.07ms
[7393.034s][info][gc,heap        ] GC(1345) Eden regions: 570->0(568)
[7393.034s][info][gc,heap        ] GC(1345) Survivor regions: 44->46(77)
[7393.034s][info][gc,heap        ] GC(1345) Old regions: 194->202
[7393.034s][info][gc,heap        ] GC(1345) Humongous regions: 33->33
[7393.034s][info][gc,metaspace   ] GC(1345) Metaspace: 30021K(30528K)->30021K(30528K) NonClass: 26620K(26880K)->26620K(26880K) Class: 3400K(3648K)->3400K(3648K)
[7393.034s][info][gc             ] GC(1345) Pause Young (Normal) (G1 Evacuation Pause) 6711M->2225M(8192M) 161.826ms
[7393.034s][info][gc,cpu         ] GC(1345) User=1.28s Sys=0.00s Real=0.16s
...[7395.912s][info][gc,start       ] GC(1346) Pause Young (Normal) (G1 Evacuation Pause)
[7395.912s][info][gc,task        ] GC(1346) Using 8 workers of 8 for evacuation
[7396.062s][info][gc,phases      ] GC(1346)   Pre Evacuate Collection Set: 0.22ms
[7396.062s][info][gc,phases      ] GC(1346)   Merge Heap Roots: 0.54ms
[7396.062s][info][gc,phases      ] GC(1346)   Evacuate Collection Set: 148.32ms
[7396.062s][info][gc,phases      ] GC(1346)   Post Evacuate Collection Set: 1.05ms
[7396.062s][info][gc,phases      ] GC(1346)   Other: 0.06ms
[7396.062s][info][gc,heap        ] GC(1346) Eden regions: 568->0(572)
[7396.062s][info][gc,heap        ] GC(1346) Survivor regions: 46->42(77)
[7396.062s][info][gc,heap        ] GC(1346) Old regions: 202->209
[7396.062s][info][gc,heap        ] GC(1346) Humongous regions: 33->33
[7396.062s][info][gc,metaspace   ] GC(1346) Metaspace: 30021K(30528K)->30021K(30528K) NonClass: 26620K(26880K)->26620K(26880K) Class: 3400K(3648K)->3400K(3648K)
[7396.063s][info][gc             ] GC(1346) Pause Young (Normal) (G1 Evacuation Pause) 6769M->2255M(8192M) 150.323ms
[7396.063s][info][gc,cpu         ] GC(1346) User=1.19s Sys=0.00s Real=0.15s
...[7398.978s][info][gc,start       ] GC(1347) Pause Young (Normal) (G1 Evacuation Pause)
[7398.978s][info][gc,task        ] GC(1347) Using 8 workers of 8 for evacuation
[7399.129s][info][gc,phases      ] GC(1347)   Pre Evacuate Collection Set: 0.23ms
[7399.129s][info][gc,phases      ] GC(1347)   Merge Heap Roots: 0.54ms
[7399.129s][info][gc,phases      ] GC(1347)   Evacuate Collection Set: 148.64ms
[7399.129s][info][gc,phases      ] GC(1347)   Post Evacuate Collection Set: 1.06ms
[7399.129s][info][gc,phases      ] GC(1347)   Other: 0.06ms
[7399.129s][info][gc,heap        ] GC(1347) Eden regions: 572->0(571)
[7399.129s][info][gc,heap        ] GC(1347) Survivor regions: 42->43(77)
[7399.129s][info][gc,heap        ] GC(1347) Old regions: 209->216
[7399.129s][info][gc,heap        ] GC(1347) Humongous regions: 33->33
[7399.129s][info][gc,metaspace   ] GC(1347) Metaspace: 30021K(30528K)->30021K(30528K) NonClass: 26620K(26880K)->26620K(26880K) Class: 3400K(3648K)->3400K(3648K)
[7399.129s][info][gc             ] GC(1347) Pause Young (Normal) (G1 Evacuation Pause) 6831M->2319M(8192M) 150.673ms
[7399.129s][info][gc,cpu         ] GC(1347) User=1.19s Sys=0.00s Real=0.15s
...[7402.077s][info][gc,start       ] GC(1348) Pause Young (Normal) (G1 Evacuation Pause)
[7402.077s][info][gc,task        ] GC(1348) Using 8 workers of 8 for evacuation
[7402.232s][info][gc,phases      ] GC(1348)   Pre Evacuate Collection Set: 0.26ms
[7402.232s][info][gc,phases      ] GC(1348)   Merge Heap Roots: 0.63ms
[7402.232s][info][gc,phases      ] GC(1348)   Evacuate Collection Set: 152.27ms
[7402.232s][info][gc,phases      ] GC(1348)   Post Evacuate Collection Set: 1.06ms
[7402.232s][info][gc,phases      ] GC(1348)   Other: 0.80ms
[7402.232s][info][gc,heap        ] GC(1348) Eden regions: 571->0(570)
[7402.232s][info][gc,heap        ] GC(1348) Survivor regions: 43->44(77)
[7402.232s][info][gc,heap        ] GC(1348) Old regions: 216->223
[7402.232s][info][gc,heap        ] GC(1348) Humongous regions: 33->33
[7402.232s][info][gc,metaspace   ] GC(1348) Metaspace: 30021K(30528K)->30021K(30528K) NonClass: 26620K(26880K)->26620K(26880K) Class: 3400K(3648K)->3400K(3648K)
[7402.232s][info][gc             ] GC(1348) Pause Young (Normal) (G1 Evacuation Pause) 6887M->2383M(8192M) 155.171ms
[7402.232s][info][gc,cpu         ] GC(1348) User=1.22s Sys=0.00s Real=0.15s
...[7405.062s][info][gc,start       ] GC(1349) Pause Young (Normal) (G1 Evacuation Pause)
[7405.062s][info][gc,task        ] GC(1349) Using 8 workers of 8 for evacuation
[7405.211s][info][gc,phases      ] GC(1349)   Pre Evacuate Collection Set: 0.21ms
[7405.211s][info][gc,phases      ] GC(1349)   Merge Heap Roots: 0.53ms
[7405.211s][info][gc,phases      ] GC(1349)   Evacuate Collection Set: 147.60ms
[7405.211s][info][gc,phases      ] GC(1349)   Post Evacuate Collection Set: 1.04ms
[7405.211s][info][gc,phases      ] GC(1349)   Other: 0.06ms
[7405.211s][info][gc,heap        ] GC(1349) Eden regions: 570->0(571)
[7405.211s][info][gc,heap        ] GC(1349) Survivor regions: 44->43(77)
[7405.211s][info][gc,heap        ] GC(1349) Old regions: 223->230
[7405.211s][info][gc,heap        ] GC(1349) Humongous regions: 33->33
[7405.211s][info][gc,metaspace   ] GC(1349) Metaspace: 30021K(30528K)->30021K(30528K) NonClass: 26620K(26880K)->26620K(26880K) Class: 3400K(3648K)->3400K(3648K)
[7405.211s][info][gc             ] GC(1349) Pause Young (Normal) (G1 Evacuation Pause) 6943M->2435M(8192M) 149.578ms
[7405.211s][info][gc,cpu         ] GC(1349) User=1.18s Sys=0.00s Real=0.15s
....[7408.276s][info][gc,start       ] GC(1350) Pause Young (Normal) (G1 Evacuation Pause)
[7408.276s][info][gc,task        ] GC(1350) Using 8 workers of 8 for evacuation
[7408.436s][info][gc,phases      ] GC(1350)   Pre Evacuate Collection Set: 0.21ms
[7408.437s][info][gc,phases      ] GC(1350)   Merge Heap Roots: 0.53ms
[7408.437s][info][gc,phases      ] GC(1350)   Evacuate Collection Set: 159.07ms
[7408.437s][info][gc,phases      ] GC(1350)   Post Evacuate Collection Set: 1.05ms
[7408.437s][info][gc,phases      ] GC(1350)   Other: 0.06ms
[7408.437s][info][gc,heap        ] GC(1350) Eden regions: 571->0(569)
[7408.437s][info][gc,heap        ] GC(1350) Survivor regions: 43->45(77)
[7408.437s][info][gc,heap        ] GC(1350) Old regions: 230->238
[7408.437s][info][gc,heap        ] GC(1350) Humongous regions: 33->33
[7408.437s][info][gc,metaspace   ] GC(1350) Metaspace: 30021K(30528K)->30021K(30528K) NonClass: 26620K(26880K)->26620K(26880K) Class: 3400K(3648K)->3400K(3648K)
[7408.437s][info][gc             ] GC(1350) Pause Young (Normal) (G1 Evacuation Pause) 7003M->2510M(8192M) 161.051ms
[7408.437s][info][gc,cpu         ] GC(1350) User=1.28s Sys=0.00s Real=0.17s
...[7411.324s][info][gc,start       ] GC(1351) Pause Young (Normal) (G1 Evacuation Pause)
[7411.324s][info][gc,task        ] GC(1351) Using 8 workers of 8 for evacuation
[7411.484s][info][gc,phases      ] GC(1351)   Pre Evacuate Collection Set: 0.22ms
[7411.485s][info][gc,phases      ] GC(1351)   Merge Heap Roots: 0.53ms
[7411.485s][info][gc,phases      ] GC(1351)   Evacuate Collection Set: 158.23ms
[7411.485s][info][gc,phases      ] GC(1351)   Post Evacuate Collection Set: 1.08ms
[7411.485s][info][gc,phases      ] GC(1351)   Other: 0.06ms
[7411.485s][info][gc,heap        ] GC(1351) Eden regions: 569->0(570)
[7411.485s][info][gc,heap        ] GC(1351) Survivor regions: 45->44(77)
[7411.485s][info][gc,heap        ] GC(1351) Old regions: 238->245
[7411.485s][info][gc,heap        ] GC(1351) Humongous regions: 33->33
[7411.485s][info][gc,metaspace   ] GC(1351) Metaspace: 30021K(30528K)->30021K(30528K) NonClass: 26620K(26880K)->26620K(26880K) Class: 3400K(3648K)->3400K(3648K)
[7411.485s][info][gc             ] GC(1351) Pause Young (Normal) (G1 Evacuation Pause) 7062M->2561M(8192M) 160.261ms
[7411.485s][info][gc,cpu         ] GC(1351) User=1.27s Sys=0.00s Real=0.16s
...[7414.331s][info][gc,start       ] GC(1352) Pause Young (Normal) (G1 Evacuation Pause)
[7414.331s][info][gc,task        ] GC(1352) Using 8 workers of 8 for evacuation
[7414.484s][info][gc,phases      ] GC(1352)   Pre Evacuate Collection Set: 0.24ms
[7414.484s][info][gc,phases      ] GC(1352)   Merge Heap Roots: 0.54ms
[7414.484s][info][gc,phases      ] GC(1352)   Evacuate Collection Set: 150.33ms
[7414.484s][info][gc,phases      ] GC(1352)   Post Evacuate Collection Set: 1.04ms
[7414.484s][info][gc,phases      ] GC(1352)   Other: 0.07ms
[7414.484s][info][gc,heap        ] GC(1352) Eden regions: 570->0(571)
[7414.484s][info][gc,heap        ] GC(1352) Survivor regions: 44->43(77)
[7414.484s][info][gc,heap        ] GC(1352) Old regions: 245->252
[7414.484s][info][gc,heap        ] GC(1352) Humongous regions: 33->33
[7414.484s][info][gc,metaspace   ] GC(1352) Metaspace: 30021K(30528K)->30021K(30528K) NonClass: 26620K(26880K)->26620K(26880K) Class: 3400K(3648K)->3400K(3648K)
[7414.484s][info][gc             ] GC(1352) Pause Young (Normal) (G1 Evacuation Pause) 7121M->2611M(8192M) 152.349ms
[7414.484s][info][gc,cpu         ] GC(1352) User=1.21s Sys=0.01s Real=0.15s
...[7417.423s][info][gc,start       ] GC(1353) Pause Young (Normal) (G1 Evacuation Pause)
[7417.423s][info][gc,task        ] GC(1353) Using 8 workers of 8 for evacuation
[7417.580s][info][gc,phases      ] GC(1353)   Pre Evacuate Collection Set: 0.21ms
[7417.580s][info][gc,phases      ] GC(1353)   Merge Heap Roots: 0.54ms
[7417.580s][info][gc,phases      ] GC(1353)   Evacuate Collection Set: 155.61ms
[7417.580s][info][gc,phases      ] GC(1353)   Post Evacuate Collection Set: 1.07ms
[7417.580s][info][gc,phases      ] GC(1353)   Other: 0.07ms
[7417.580s][info][gc,heap        ] GC(1353) Eden regions: 571->0(570)
[7417.580s][info][gc,heap        ] GC(1353) Survivor regions: 43->44(77)
[7417.580s][info][gc,heap        ] GC(1353) Old regions: 252->259
[7417.580s][info][gc,heap        ] GC(1353) Humongous regions: 33->33
[7417.580s][info][gc,metaspace   ] GC(1353) Metaspace: 30021K(30528K)->30021K(30528K) NonClass: 26620K(26880K)->26620K(26880K) Class: 3400K(3648K)->3400K(3648K)
[7417.580s][info][gc             ] GC(1353) Pause Young (Normal) (G1 Evacuation Pause) 7179M->2675M(8192M) 157.626ms
[7417.580s][info][gc,cpu         ] GC(1353) User=1.24s Sys=0.00s Real=0.16s
...[7420.547s][info][gc,start       ] GC(1354) Pause Young (Normal) (G1 Evacuation Pause)
[7420.547s][info][gc,task        ] GC(1354) Using 8 workers of 8 for evacuation
[7420.705s][info][gc,phases      ] GC(1354)   Pre Evacuate Collection Set: 0.22ms
[7420.705s][info][gc,phases      ] GC(1354)   Merge Heap Roots: 0.56ms
[7420.705s][info][gc,phases      ] GC(1354)   Evacuate Collection Set: 155.97ms
[7420.705s][info][gc,phases      ] GC(1354)   Post Evacuate Collection Set: 1.05ms
[7420.705s][info][gc,phases      ] GC(1354)   Other: 0.07ms
[7420.705s][info][gc,heap        ] GC(1354) Eden regions: 570->0(570)
[7420.705s][info][gc,heap        ] GC(1354) Survivor regions: 44->44(77)
[7420.705s][info][gc,heap        ] GC(1354) Old regions: 259->267
[7420.705s][info][gc,heap        ] GC(1354) Humongous regions: 33->33
[7420.705s][info][gc,metaspace   ] GC(1354) Metaspace: 30021K(30528K)->30021K(30528K) NonClass: 26620K(26880K)->26620K(26880K) Class: 3400K(3648K)->3400K(3648K)
[7420.705s][info][gc             ] GC(1354) Pause Young (Normal) (G1 Evacuation Pause) 7235M->2731M(8192M) 158.005ms
[7420.705s][info][gc,cpu         ] GC(1354) User=1.25s Sys=0.00s Real=0.15s
...[7423.610s][info][gc,start       ] GC(1355) Pause Young (Normal) (G1 Evacuation Pause)
[7423.611s][info][gc,task        ] GC(1355) Using 8 workers of 8 for evacuation
[7423.770s][info][gc,phases      ] GC(1355)   Pre Evacuate Collection Set: 0.22ms
[7423.770s][info][gc,phases      ] GC(1355)   Merge Heap Roots: 0.55ms
[7423.770s][info][gc,phases      ] GC(1355)   Evacuate Collection Set: 157.61ms
[7423.770s][info][gc,phases      ] GC(1355)   Post Evacuate Collection Set: 1.04ms
[7423.770s][info][gc,phases      ] GC(1355)   Other: 0.06ms
[7423.770s][info][gc,heap        ] GC(1355) Eden regions: 570->0(569)
[7423.770s][info][gc,heap        ] GC(1355) Survivor regions: 44->45(77)
[7423.770s][info][gc,heap        ] GC(1355) Old regions: 267->274
[7423.770s][info][gc,heap        ] GC(1355) Humongous regions: 33->33
[7423.770s][info][gc,metaspace   ] GC(1355) Metaspace: 30021K(30528K)->30021K(30528K) NonClass: 26620K(26880K)->26620K(26880K) Class: 3400K(3648K)->3400K(3648K)
[7423.770s][info][gc             ] GC(1355) Pause Young (Normal) (G1 Evacuation Pause) 7291M->2802M(8192M) 159.605ms
[7423.770s][info][gc,cpu         ] GC(1355) User=1.27s Sys=0.00s Real=0.16s
...[7426.734s][info][gc,start       ] GC(1356) Pause Young (Normal) (G1 Evacuation Pause)
[7426.734s][info][gc,task        ] GC(1356) Using 8 workers of 8 for evacuation
[7426.890s][info][gc,phases      ] GC(1356)   Pre Evacuate Collection Set: 0.22ms
[7426.891s][info][gc,phases      ] GC(1356)   Merge Heap Roots: 0.54ms
[7426.891s][info][gc,phases      ] GC(1356)   Evacuate Collection Set: 154.99ms
[7426.891s][info][gc,phases      ] GC(1356)   Post Evacuate Collection Set: 1.05ms
[7426.891s][info][gc,phases      ] GC(1356)   Other: 0.06ms
[7426.891s][info][gc,heap        ] GC(1356) Eden regions: 569->0(570)
[7426.891s][info][gc,heap        ] GC(1356) Survivor regions: 45->44(77)
[7426.891s][info][gc,heap        ] GC(1356) Old regions: 274->281
[7426.891s][info][gc,heap        ] GC(1356) Humongous regions: 33->33
[7426.891s][info][gc,metaspace   ] GC(1356) Metaspace: 30021K(30528K)->30021K(30528K) NonClass: 26620K(26880K)->26620K(26880K) Class: 3400K(3648K)->3400K(3648K)
[7426.891s][info][gc             ] GC(1356) Pause Young (Normal) (G1 Evacuation Pause) 7354M->2851M(8192M) 157.004ms
[7426.891s][info][gc,cpu         ] GC(1356) User=1.24s Sys=0.00s Real=0.16s
...[7429.872s][info][gc,start       ] GC(1357) Pause Young (Normal) (G1 Evacuation Pause)
[7429.872s][info][gc,task        ] GC(1357) Using 8 workers of 8 for evacuation
[7430.035s][info][gc,phases      ] GC(1357)   Pre Evacuate Collection Set: 0.22ms
[7430.035s][info][gc,phases      ] GC(1357)   Merge Heap Roots: 0.54ms
[7430.035s][info][gc,phases      ] GC(1357)   Evacuate Collection Set: 161.34ms
[7430.035s][info][gc,phases      ] GC(1357)   Post Evacuate Collection Set: 1.04ms
[7430.035s][info][gc,phases      ] GC(1357)   Other: 0.08ms
[7430.035s][info][gc,heap        ] GC(1357) Eden regions: 570->0(558)
[7430.035s][info][gc,heap        ] GC(1357) Survivor regions: 44->46(77)
[7430.035s][info][gc,heap        ] GC(1357) Old regions: 281->289
[7430.035s][info][gc,heap        ] GC(1357) Humongous regions: 33->33
[7430.035s][info][gc,metaspace   ] GC(1357) Metaspace: 30021K(30528K)->30021K(30528K) NonClass: 26620K(26880K)->26620K(26880K) Class: 3400K(3648K)->3400K(3648K)
[7430.035s][info][gc             ] GC(1357) Pause Young (Normal) (G1 Evacuation Pause) 7411M->2925M(8192M) 163.343ms
[7430.035s][info][gc,cpu         ] GC(1357) User=1.30s Sys=0.00s Real=0.16s
...[7432.822s][info][gc,start       ] GC(1358) Pause Young (Normal) (G1 Evacuation Pause)
[7432.822s][info][gc,task        ] GC(1358) Using 8 workers of 8 for evacuation
[7432.983s][info][gc,phases      ] GC(1358)   Pre Evacuate Collection Set: 0.22ms
[7432.983s][info][gc,phases      ] GC(1358)   Merge Heap Roots: 0.54ms
[7432.983s][info][gc,phases      ] GC(1358)   Evacuate Collection Set: 158.96ms
[7432.983s][info][gc,phases      ] GC(1358)   Post Evacuate Collection Set: 1.06ms
[7432.983s][info][gc,phases      ] GC(1358)   Other: 0.08ms
[7432.983s][info][gc,heap        ] GC(1358) Eden regions: 558->0(553)
[7432.983s][info][gc,heap        ] GC(1358) Survivor regions: 46->45(76)
[7432.983s][info][gc,heap        ] GC(1358) Old regions: 289->296
[7432.983s][info][gc,heap        ] GC(1358) Humongous regions: 33->33
[7432.983s][info][gc,metaspace   ] GC(1358) Metaspace: 30021K(30528K)->30021K(30528K) NonClass: 26620K(26880K)->26620K(26880K) Class: 3400K(3648K)->3400K(3648K)
[7432.983s][info][gc             ] GC(1358) Pause Young (Normal) (G1 Evacuation Pause) 7389M->2974M(8192M) 160.983ms
[7432.983s][info][gc,cpu         ] GC(1358) User=1.27s Sys=0.00s Real=0.16s
... (rIR:aIR:PR = 12453:12430:12444) (tPR = 184611) [OK] 
  7435s: Performance info:
         Transaction,    Success,    Partial,     Failed,   Receipts, AvgBarcode, 
             Overall,     752355,          0,          0,     714450,      59.47, 
         Response times:
             Request,    Success,    Partial,     Failed,   SkipFail,     Probes,    Samples,      min,      p50,      p90,      p95,      p99,      max, 
       TotalPurchase,     713660,          0,          0,          0,     353898,     474407,      300,    33000,   156000,   196000,   331000,  4200000,
     InStorePurchase,     374478,          0,          0,          0,     185928,     248952,      300,    33000,   155000,   197000,   338000,  4200000,
      OnlinePurchase,     265109,          0,          0,          0,     130707,     175456,      300,    34000,   156000,   195000,   328000,  4200000,
        InstPurchase,      74073,          0,          0,          0,      37263,      49999,      400,    33000,   155000,   199000,   320000,  3700000,
          AssocOfCat,        749,          0,          0,          0,        621,        924,    34000,    87000,   208500,   257750,   427000,  2100000,
      AssocOfProduct,       7500,          0,          0,          0,       3555,       5000,     1100,    35000,   154000,   193000,   278980,   870000,
      BusinessReport,       1893,          0,          0,          0,       1673,       2399,    36000,   104000,   233000,   272000,   363000,  1400000,
          CustBuyBeh,       7544,          0,          0,          0,       3597,       5018,      300,    30000,   149000,   185000,   321430,  2400000,
       ProductReturn,      20172,          0,          0,          0,       9540,      13248,      500,    32000,   153000,   192000,   298000,  4200000,

  7435s: (91%)   IR =  12592 [7435.784s][info][gc,start       ] GC(1359) Pause Young (Normal) (G1 Evacuation Pause)
[7435.784s][info][gc,task        ] GC(1359) Using 8 workers of 8 for evacuation
[7435.940s][info][gc,phases      ] GC(1359)   Pre Evacuate Collection Set: 0.23ms
[7435.940s][info][gc,phases      ] GC(1359)   Merge Heap Roots: 0.56ms
[7435.940s][info][gc,phases      ] GC(1359)   Evacuate Collection Set: 154.08ms
[7435.940s][info][gc,phases      ] GC(1359)   Post Evacuate Collection Set: 1.08ms
[7435.940s][info][gc,phases      ] GC(1359)   Other: 0.07ms
[7435.940s][info][gc,heap        ] GC(1359) Eden regions: 553->0(548)
[7435.940s][info][gc,heap        ] GC(1359) Survivor regions: 45->44(75)
[7435.940s][info][gc,heap        ] GC(1359) Old regions: 296->303
[7435.940s][info][gc,heap        ] GC(1359) Humongous regions: 33->33
[7435.940s][info][gc,metaspace   ] GC(1359) Metaspace: 30021K(30528K)->30021K(30528K) NonClass: 26620K(26880K)->26620K(26880K) Class: 3400K(3648K)->3400K(3648K)
[7435.940s][info][gc             ] GC(1359) Pause Young (Normal) (G1 Evacuation Pause) 7398M->3022M(8192M) 156.141ms
[7435.940s][info][gc,cpu         ] GC(1359) User=1.23s Sys=0.00s Real=0.16s
...[7438.847s][info][gc,start       ] GC(1360) Pause Young (Concurrent Start) (G1 Evacuation Pause)
[7438.847s][info][gc,task        ] GC(1360) Using 8 workers of 8 for evacuation
[7439.009s][info][gc,phases      ] GC(1360)   Pre Evacuate Collection Set: 0.28ms
[7439.009s][info][gc,phases      ] GC(1360)   Merge Heap Roots: 0.56ms
[7439.009s][info][gc,phases      ] GC(1360)   Evacuate Collection Set: 160.27ms
[7439.009s][info][gc,phases      ] GC(1360)   Post Evacuate Collection Set: 1.04ms
[7439.009s][info][gc,phases      ] GC(1360)   Other: 0.08ms
[7439.009s][info][gc,heap        ] GC(1360) Eden regions: 548->0(538)
[7439.009s][info][gc,heap        ] GC(1360) Survivor regions: 44->45(74)
[7439.009s][info][gc,heap        ] GC(1360) Old regions: 303->311
[7439.009s][info][gc,heap        ] GC(1360) Humongous regions: 33->33
[7439.009s][info][gc,metaspace   ] GC(1360) Metaspace: 30021K(30528K)->30021K(30528K) NonClass: 26620K(26880K)->26620K(26880K) Class: 3400K(3648K)->3400K(3648K)
[7439.009s][info][gc             ] GC(1360) Pause Young (Concurrent Start) (G1 Evacuation Pause) 7406M->3093M(8192M) 162.363ms
[7439.009s][info][gc             ] GC(1361) Concurrent Mark Cycle
[7439.009s][info][gc,marking     ] GC(1361) Concurrent Scan Root Regions
[7439.009s][info][gc,cpu         ] GC(1360) User=1.29s Sys=0.00s Real=0.16s
[7439.390s][info][gc,marking     ] GC(1361) Concurrent Scan Root Regions 380.765ms
[7439.390s][info][gc,marking     ] GC(1361) Concurrent Mark
[7439.390s][info][gc,marking     ] GC(1361) Concurrent Mark From Roots
[7439.390s][info][gc,task        ] GC(1361) Using 2 workers of 2 for marking
..[7440.545s][info][gc,marking     ] GC(1361) Concurrent Mark From Roots 1154.733ms
[7440.545s][info][gc,marking     ] GC(1361) Concurrent Preclean
[7440.545s][info][gc,marking     ] GC(1361) Concurrent Preclean 0.120ms
[7440.545s][info][gc,start       ] GC(1361) Pause Remark
[7440.547s][info][gc             ] GC(1361) Pause Remark 4777M->4273M(8192M) 1.567ms
[7440.547s][info][gc,cpu         ] GC(1361) User=0.01s Sys=0.00s Real=0.01s
[7440.547s][info][gc,marking     ] GC(1361) Concurrent Mark 1156.726ms
[7440.547s][info][gc,marking     ] GC(1361) Concurrent Rebuild Remembered Sets and Scrub Regions
[7441.319s][info][gc,marking     ] GC(1361) Concurrent Rebuild Remembered Sets and Scrub Regions 772.520ms
[7441.320s][info][gc,start       ] GC(1361) Pause Cleanup
[7441.320s][info][gc             ] GC(1361) Pause Cleanup 5349M->5349M(8192M) 0.253ms
[7441.320s][info][gc,cpu         ] GC(1361) User=0.00s Sys=0.00s Real=0.00s
[7441.320s][info][gc,marking     ] GC(1361) Concurrent Clear Claimed Marks
[7441.320s][info][gc,marking     ] GC(1361) Concurrent Clear Claimed Marks 0.044ms
[7441.320s][info][gc,marking     ] GC(1361) Concurrent Cleanup for Next Mark
[7441.331s][info][gc,marking     ] GC(1361) Concurrent Cleanup for Next Mark 10.951ms
[7441.331s][info][gc             ] GC(1361) Concurrent Mark Cycle 2321.662ms
.[7442.319s][info][gc,start       ] GC(1362) Pause Young (Prepare Mixed) (G1 Evacuation Pause)
[7442.319s][info][gc,task        ] GC(1362) Using 8 workers of 8 for evacuation
[7442.474s][info][gc,phases      ] GC(1362)   Pre Evacuate Collection Set: 0.21ms
[7442.474s][info][gc,phases      ] GC(1362)   Merge Heap Roots: 0.74ms
[7442.474s][info][gc,phases      ] GC(1362)   Evacuate Collection Set: 152.87ms
[7442.474s][info][gc,phases      ] GC(1362)   Post Evacuate Collection Set: 1.12ms
[7442.474s][info][gc,phases      ] GC(1362)   Other: 0.06ms
[7442.474s][info][gc,heap        ] GC(1362) Eden regions: 538->0(571)
[7442.474s][info][gc,heap        ] GC(1362) Survivor regions: 45->43(73)
[7442.474s][info][gc,heap        ] GC(1362) Old regions: 248->255
[7442.474s][info][gc,heap        ] GC(1362) Humongous regions: 33->33
[7442.474s][info][gc,metaspace   ] GC(1362) Metaspace: 30021K(30528K)->30021K(30528K) NonClass: 26620K(26880K)->26620K(26880K) Class: 3400K(3648K)->3400K(3648K)
[7442.474s][info][gc             ] GC(1362) Pause Young (Prepare Mixed) (G1 Evacuation Pause) 6893M->2634M(8192M) 155.153ms
[7442.474s][info][gc,cpu         ] GC(1362) User=1.23s Sys=0.00s Real=0.15s
...[7445.267s][info][gc,start       ] GC(1363) Pause Young (Mixed) (G1 Evacuation Pause)
[7445.267s][info][gc,task        ] GC(1363) Using 8 workers of 8 for evacuation
[7445.426s][info][gc,phases      ] GC(1363)   Pre Evacuate Collection Set: 0.24ms
[7445.426s][info][gc,phases      ] GC(1363)   Merge Heap Roots: 0.79ms
[7445.426s][info][gc,phases      ] GC(1363)   Evacuate Collection Set: 156.96ms
[7445.426s][info][gc,phases      ] GC(1363)   Post Evacuate Collection Set: 1.29ms
[7445.426s][info][gc,phases      ] GC(1363)   Other: 0.11ms
[7445.426s][info][gc,heap        ] GC(1363) Eden regions: 571->0(572)
[7445.426s][info][gc,heap        ] GC(1363) Survivor regions: 43->42(77)
[7445.426s][info][gc,heap        ] GC(1363) Old regions: 255->161
[7445.426s][info][gc,heap        ] GC(1363) Humongous regions: 33->33
[7445.426s][info][gc,metaspace   ] GC(1363) Metaspace: 30021K(30528K)->30021K(30528K) NonClass: 26620K(26880K)->26620K(26880K) Class: 3400K(3648K)->3400K(3648K)
[7445.426s][info][gc             ] GC(1363) Pause Young (Mixed) (G1 Evacuation Pause) 7202M->1869M(8192M) 159.506ms
[7445.427s][info][gc,cpu         ] GC(1363) User=1.26s Sys=0.01s Real=0.16s
...[7448.205s][info][gc,start       ] GC(1364) Pause Young (Mixed) (G1 Evacuation Pause)
[7448.205s][info][gc,task        ] GC(1364) Using 8 workers of 8 for evacuation
[7448.366s][info][gc,phases      ] GC(1364)   Pre Evacuate Collection Set: 0.22ms
[7448.366s][info][gc,phases      ] GC(1364)   Merge Heap Roots: 0.82ms
[7448.366s][info][gc,phases      ] GC(1364)   Evacuate Collection Set: 158.84ms
[7448.366s][info][gc,phases      ] GC(1364)   Post Evacuate Collection Set: 1.08ms
[7448.366s][info][gc,phases      ] GC(1364)   Other: 0.06ms
[7448.366s][info][gc,heap        ] GC(1364) Eden regions: 572->0(571)
[7448.366s][info][gc,heap        ] GC(1364) Survivor regions: 42->43(77)
[7448.366s][info][gc,heap        ] GC(1364) Old regions: 161->144
[7448.366s][info][gc,heap        ] GC(1364) Humongous regions: 33->33
[7448.366s][info][gc,metaspace   ] GC(1364) Metaspace: 30021K(30528K)->30021K(30528K) NonClass: 26620K(26880K)->26620K(26880K) Class: 3400K(3648K)->3400K(3648K)
[7448.366s][info][gc             ] GC(1364) Pause Young (Mixed) (G1 Evacuation Pause) 6445M->1744M(8192M) 161.159ms
[7448.366s][info][gc,cpu         ] GC(1364) User=1.28s Sys=0.01s Real=0.17s
...[7451.165s][info][gc,start       ] GC(1365) Pause Young (Normal) (G1 Evacuation Pause)
[7451.165s][info][gc,task        ] GC(1365) Using 8 workers of 8 for evacuation
[7451.323s][info][gc,phases      ] GC(1365)   Pre Evacuate Collection Set: 0.20ms
[7451.323s][info][gc,phases      ] GC(1365)   Merge Heap Roots: 0.53ms
[7451.323s][info][gc,phases      ] GC(1365)   Evacuate Collection Set: 155.39ms
[7451.323s][info][gc,phases      ] GC(1365)   Post Evacuate Collection Set: 1.05ms
[7451.323s][info][gc,phases      ] GC(1365)   Other: 0.07ms
[7451.323s][info][gc,heap        ] GC(1365) Eden regions: 571->0(569)
[7451.323s][info][gc,heap        ] GC(1365) Survivor regions: 43->45(77)
[7451.323s][info][gc,heap        ] GC(1365) Old regions: 144->151
[7451.323s][info][gc,heap        ] GC(1365) Humongous regions: 33->33
[7451.323s][info][gc,metaspace   ] GC(1365) Metaspace: 30021K(30528K)->30021K(30528K) NonClass: 26620K(26880K)->26620K(26880K) Class: 3400K(3648K)->3400K(3648K)
[7451.323s][info][gc             ] GC(1365) Pause Young (Normal) (G1 Evacuation Pause) 6312M->1815M(8192M) 157.383ms
[7451.323s][info][gc,cpu         ] GC(1365) User=1.24s Sys=0.00s Real=0.16s
...[7454.104s][info][gc,start       ] GC(1366) Pause Young (Normal) (G1 Evacuation Pause)
[7454.104s][info][gc,task        ] GC(1366) Using 8 workers of 8 for evacuation
[7454.256s][info][gc,phases      ] GC(1366)   Pre Evacuate Collection Set: 0.22ms
[7454.256s][info][gc,phases      ] GC(1366)   Merge Heap Roots: 0.53ms
[7454.256s][info][gc,phases      ] GC(1366)   Evacuate Collection Set: 150.01ms
[7454.256s][info][gc,phases      ] GC(1366)   Post Evacuate Collection Set: 1.03ms
[7454.256s][info][gc,phases      ] GC(1366)   Other: 0.06ms
[7454.256s][info][gc,heap        ] GC(1366) Eden regions: 569->0(571)
[7454.256s][info][gc,heap        ] GC(1366) Survivor regions: 45->43(77)
[7454.256s][info][gc,heap        ] GC(1366) Old regions: 151->158
[7454.256s][info][gc,heap        ] GC(1366) Humongous regions: 33->33
[7454.256s][info][gc,metaspace   ] GC(1366) Metaspace: 30021K(30528K)->30021K(30528K) NonClass: 26620K(26880K)->26620K(26880K) Class: 3400K(3648K)->3400K(3648K)
[7454.256s][info][gc             ] GC(1366) Pause Young (Normal) (G1 Evacuation Pause) 6367M->1855M(8192M) 151.991ms
[7454.256s][info][gc,cpu         ] GC(1366) User=1.20s Sys=0.00s Real=0.16s
...[7457.112s][info][gc,start       ] GC(1367) Pause Young (Normal) (G1 Evacuation Pause)
[7457.112s][info][gc,task        ] GC(1367) Using 8 workers of 8 for evacuation
[7457.263s][info][gc,phases      ] GC(1367)   Pre Evacuate Collection Set: 0.26ms
[7457.263s][info][gc,phases      ] GC(1367)   Merge Heap Roots: 0.53ms
[7457.263s][info][gc,phases      ] GC(1367)   Evacuate Collection Set: 148.80ms
[7457.263s][info][gc,phases      ] GC(1367)   Post Evacuate Collection Set: 1.06ms
[7457.263s][info][gc,phases      ] GC(1367)   Other: 0.07ms
[7457.263s][info][gc,heap        ] GC(1367) Eden regions: 571->0(570)
[7457.263s][info][gc,heap        ] GC(1367) Survivor regions: 43->44(77)
[7457.263s][info][gc,heap        ] GC(1367) Old regions: 158->166
[7457.263s][info][gc,heap        ] GC(1367) Humongous regions: 33->33
[7457.263s][info][gc,metaspace   ] GC(1367) Metaspace: 30021K(30528K)->30021K(30528K) NonClass: 26620K(26880K)->26620K(26880K) Class: 3400K(3648K)->3400K(3648K)
[7457.263s][info][gc             ] GC(1367) Pause Young (Normal) (G1 Evacuation Pause) 6423M->1921M(8192M) 150.851ms
[7457.263s][info][gc,cpu         ] GC(1367) User=1.20s Sys=0.00s Real=0.15s
...[7460.094s][info][gc,start       ] GC(1368) Pause Young (Normal) (G1 Evacuation Pause)
[7460.094s][info][gc,task        ] GC(1368) Using 8 workers of 8 for evacuation
[7460.246s][info][gc,phases      ] GC(1368)   Pre Evacuate Collection Set: 0.21ms
[7460.246s][info][gc,phases      ] GC(1368)   Merge Heap Roots: 0.55ms
[7460.246s][info][gc,phases      ] GC(1368)   Evacuate Collection Set: 149.87ms
[7460.246s][info][gc,phases      ] GC(1368)   Post Evacuate Collection Set: 1.06ms
[7460.246s][info][gc,phases      ] GC(1368)   Other: 0.06ms
[7460.246s][info][gc,heap        ] GC(1368) Eden regions: 570->0(572)
[7460.246s][info][gc,heap        ] GC(1368) Survivor regions: 44->42(77)
[7460.246s][info][gc,heap        ] GC(1368) Old regions: 166->172
[7460.246s][info][gc,heap        ] GC(1368) Humongous regions: 33->33
[7460.246s][info][gc,metaspace   ] GC(1368) Metaspace: 30021K(30528K)->30021K(30528K) NonClass: 26620K(26880K)->26620K(26880K) Class: 3400K(3648K)->3400K(3648K)
[7460.246s][info][gc             ] GC(1368) Pause Young (Normal) (G1 Evacuation Pause) 6481M->1963M(8192M) 151.889ms
[7460.246s][info][gc,cpu         ] GC(1368) User=1.20s Sys=0.00s Real=0.16s
...[7463.008s][info][gc,start       ] GC(1369) Pause Young (Normal) (G1 Evacuation Pause)
[7463.008s][info][gc,task        ] GC(1369) Using 8 workers of 8 for evacuation
[7463.164s][info][gc,phases      ] GC(1369)   Pre Evacuate Collection Set: 0.21ms
[7463.164s][info][gc,phases      ] GC(1369)   Merge Heap Roots: 0.52ms
[7463.164s][info][gc,phases      ] GC(1369)   Evacuate Collection Set: 153.48ms
[7463.164s][info][gc,phases      ] GC(1369)   Post Evacuate Collection Set: 1.06ms
[7463.164s][info][gc,phases      ] GC(1369)   Other: 0.07ms
[7463.164s][info][gc,heap        ] GC(1369) Eden regions: 572->0(570)
[7463.164s][info][gc,heap        ] GC(1369) Survivor regions: 42->44(77)
[7463.164s][info][gc,heap        ] GC(1369) Old regions: 172->180
[7463.164s][info][gc,heap        ] GC(1369) Humongous regions: 33->33
[7463.164s][info][gc,metaspace   ] GC(1369) Metaspace: 30021K(30528K)->30021K(30528K) NonClass: 26620K(26880K)->26620K(26880K) Class: 3400K(3648K)->3400K(3648K)
[7463.164s][info][gc             ] GC(1369) Pause Young (Normal) (G1 Evacuation Pause) 6539M->2038M(8192M) 155.474ms
[7463.164s][info][gc,cpu         ] GC(1369) User=1.23s Sys=0.00s Real=0.15s
... (rIR:aIR:PR = 12592:12785:13062) (tPR = 196111) [IR is over limit] [PR is over limit] 
  7465s: Performance info:
         Transaction,    Success,    Partial,     Failed,   Receipts, AvgBarcode, 
             Overall,     261426,          0,          0,     248255,      59.47, 
         Response times:
             Request,    Success,    Partial,     Failed,   SkipFail,     Probes,    Samples,      min,      p50,      p90,      p95,      p99,      max, 
       TotalPurchase,     243029,          0,          0,          0,     108813,     178003,      300,    77000,   217000,   260000,   390000,  5900000,
     InStorePurchase,     126773,          0,          0,          0,      57032,      93731,      400,    77000,   219000,   268000,   390000,  5900000,
      OnlinePurchase,      90717,          0,          0,          0,      39837,      65177,      300,    77000,   216000,   255000,   389000,  5900000,
        InstPurchase,      25539,          0,          0,          0,      11944,      19095,      500,    74000,   209000,   253000,   393000,  2800000,
          AssocOfCat,        252,          0,          0,          0,        200,        335,    35000,   136000,   264600,   321600,   786280,  1300000,
      AssocOfProduct,       2565,          0,          0,          0,       1152,       1933,     1600,    80000,   208000,   239000,   363300,   790000,
      BusinessReport,        645,          0,          0,          0,        551,        875,    39000,   140000,   294000,   428200,   694000,  1400000,
          CustBuyBeh,       2550,          0,          0,          0,       1182,       1993,      600,    73000,   208600,   236000,   375300,  1300000,
       ProductReturn,       6838,          0,          0,          0,       3214,       5136,      700,    78000,   216000,   264000,   424630,  2700000,

  7465s: 
  7465s: Failed, 8 overall retries left, retrying 1 of 1
  7465s: (91%)   IR =  12592 [7465.909s][info][gc,start       ] GC(1370) Pause Young (Normal) (G1 Evacuation Pause)
[7465.909s][info][gc,task        ] GC(1370) Using 8 workers of 8 for evacuation
[7466.061s][info][gc,phases      ] GC(1370)   Pre Evacuate Collection Set: 0.23ms
[7466.061s][info][gc,phases      ] GC(1370)   Merge Heap Roots: 0.55ms
[7466.062s][info][gc,phases      ] GC(1370)   Evacuate Collection Set: 150.29ms
[7466.062s][info][gc,phases      ] GC(1370)   Post Evacuate Collection Set: 1.03ms
[7466.062s][info][gc,phases      ] GC(1370)   Other: 0.07ms
[7466.062s][info][gc,heap        ] GC(1370) Eden regions: 570->0(570)
[7466.062s][info][gc,heap        ] GC(1370) Survivor regions: 44->44(77)
[7466.062s][info][gc,heap        ] GC(1370) Old regions: 180->187
[7466.062s][info][gc,heap        ] GC(1370) Humongous regions: 33->33
[7466.062s][info][gc,metaspace   ] GC(1370) Metaspace: 30021K(30528K)->30021K(30528K) NonClass: 26620K(26880K)->26620K(26880K) Class: 3400K(3648K)->3400K(3648K)
[7466.062s][info][gc             ] GC(1370) Pause Young (Normal) (G1 Evacuation Pause) 6598M->2094M(8192M) 152.283ms
[7466.062s][info][gc,cpu         ] GC(1370) User=1.20s Sys=0.00s Real=0.15s
...[7468.866s][info][gc,start       ] GC(1371) Pause Young (Normal) (G1 Evacuation Pause)
[7468.866s][info][gc,task        ] GC(1371) Using 8 workers of 8 for evacuation
[7469.023s][info][gc,phases      ] GC(1371)   Pre Evacuate Collection Set: 0.22ms
[7469.023s][info][gc,phases      ] GC(1371)   Merge Heap Roots: 0.53ms
[7469.023s][info][gc,phases      ] GC(1371)   Evacuate Collection Set: 154.79ms
[7469.023s][info][gc,phases      ] GC(1371)   Post Evacuate Collection Set: 1.07ms
[7469.023s][info][gc,phases      ] GC(1371)   Other: 0.06ms
[7469.023s][info][gc,heap        ] GC(1371) Eden regions: 570->0(570)
[7469.023s][info][gc,heap        ] GC(1371) Survivor regions: 44->44(77)
[7469.023s][info][gc,heap        ] GC(1371) Old regions: 187->194
[7469.023s][info][gc,heap        ] GC(1371) Humongous regions: 33->33
[7469.023s][info][gc,metaspace   ] GC(1371) Metaspace: 30021K(30528K)->30021K(30528K) NonClass: 26620K(26880K)->26620K(26880K) Class: 3400K(3648K)->3400K(3648K)
[7469.023s][info][gc             ] GC(1371) Pause Young (Normal) (G1 Evacuation Pause) 6654M->2154M(8192M) 156.815ms
[7469.023s][info][gc,cpu         ] GC(1371) User=1.24s Sys=0.00s Real=0.15s
...[7471.939s][info][gc,start       ] GC(1372) Pause Young (Normal) (G1 Evacuation Pause)
[7471.939s][info][gc,task        ] GC(1372) Using 8 workers of 8 for evacuation
[7472.090s][info][gc,phases      ] GC(1372)   Pre Evacuate Collection Set: 0.24ms
[7472.090s][info][gc,phases      ] GC(1372)   Merge Heap Roots: 0.53ms
[7472.090s][info][gc,phases      ] GC(1372)   Evacuate Collection Set: 148.64ms
[7472.090s][info][gc,phases      ] GC(1372)   Post Evacuate Collection Set: 1.07ms
[7472.090s][info][gc,phases      ] GC(1372)   Other: 0.06ms
[7472.090s][info][gc,heap        ] GC(1372) Eden regions: 570->0(571)
[7472.090s][info][gc,heap        ] GC(1372) Survivor regions: 44->43(77)
[7472.090s][info][gc,heap        ] GC(1372) Old regions: 194->201
[7472.090s][info][gc,heap        ] GC(1372) Humongous regions: 33->33
[7472.090s][info][gc,metaspace   ] GC(1372) Metaspace: 30021K(30528K)->30021K(30528K) NonClass: 26620K(26880K)->26620K(26880K) Class: 3400K(3648K)->3400K(3648K)
[7472.090s][info][gc             ] GC(1372) Pause Young (Normal) (G1 Evacuation Pause) 6714M->2203M(8192M) 150.670ms
[7472.090s][info][gc,cpu         ] GC(1372) User=1.19s Sys=0.01s Real=0.15s
...[7474.918s][info][gc,start       ] GC(1373) Pause Young (Normal) (G1 Evacuation Pause)
[7474.918s][info][gc,task        ] GC(1373) Using 8 workers of 8 for evacuation
[7475.080s][info][gc,phases      ] GC(1373)   Pre Evacuate Collection Set: 0.22ms
[7475.080s][info][gc,phases      ] GC(1373)   Merge Heap Roots: 0.56ms
[7475.080s][info][gc,phases      ] GC(1373)   Evacuate Collection Set: 159.74ms
[7475.080s][info][gc,phases      ] GC(1373)   Post Evacuate Collection Set: 1.06ms
[7475.080s][info][gc,phases      ] GC(1373)   Other: 0.06ms
[7475.080s][info][gc,heap        ] GC(1373) Eden regions: 571->0(569)
[7475.080s][info][gc,heap        ] GC(1373) Survivor regions: 43->45(77)
[7475.080s][info][gc,heap        ] GC(1373) Old regions: 201->209
[7475.080s][info][gc,heap        ] GC(1373) Humongous regions: 33->33
[7475.080s][info][gc,metaspace   ] GC(1373) Metaspace: 30021K(30528K)->30021K(30528K) NonClass: 26620K(26880K)->26620K(26880K) Class: 3400K(3648K)->3400K(3648K)
[7475.080s][info][gc             ] GC(1373) Pause Young (Normal) (G1 Evacuation Pause) 6771M->2273M(8192M) 161.759ms
[7475.080s][info][gc,cpu         ] GC(1373) User=1.28s Sys=0.00s Real=0.16s
...[7477.926s][info][gc,start       ] GC(1374) Pause Young (Normal) (G1 Evacuation Pause)
[7477.926s][info][gc,task        ] GC(1374) Using 8 workers of 8 for evacuation
[7478.074s][info][gc,phases      ] GC(1374)   Pre Evacuate Collection Set: 0.23ms
[7478.074s][info][gc,phases      ] GC(1374)   Merge Heap Roots: 0.54ms
[7478.074s][info][gc,phases      ] GC(1374)   Evacuate Collection Set: 146.22ms
[7478.074s][info][gc,phases      ] GC(1374)   Post Evacuate Collection Set: 1.05ms
[7478.074s][info][gc,phases      ] GC(1374)   Other: 0.06ms
[7478.074s][info][gc,heap        ] GC(1374) Eden regions: 569->0(571)
[7478.074s][info][gc,heap        ] GC(1374) Survivor regions: 45->43(77)
[7478.074s][info][gc,heap        ] GC(1374) Old regions: 209->216
[7478.074s][info][gc,heap        ] GC(1374) Humongous regions: 33->33
[7478.074s][info][gc,metaspace   ] GC(1374) Metaspace: 30021K(30528K)->30021K(30528K) NonClass: 26620K(26880K)->26620K(26880K) Class: 3400K(3648K)->3400K(3648K)
[7478.074s][info][gc             ] GC(1374) Pause Young (Normal) (G1 Evacuation Pause) 6825M->2314M(8192M) 148.239ms
[7478.074s][info][gc,cpu         ] GC(1374) User=1.18s Sys=0.00s Real=0.14s
...[7480.930s][info][gc,start       ] GC(1375) Pause Young (Normal) (G1 Evacuation Pause)
[7480.930s][info][gc,task        ] GC(1375) Using 8 workers of 8 for evacuation
[7481.082s][info][gc,phases      ] GC(1375)   Pre Evacuate Collection Set: 0.22ms
[7481.082s][info][gc,phases      ] GC(1375)   Merge Heap Roots: 0.55ms
[7481.082s][info][gc,phases      ] GC(1375)   Evacuate Collection Set: 149.57ms
[7481.082s][info][gc,phases      ] GC(1375)   Post Evacuate Collection Set: 1.08ms
[7481.082s][info][gc,phases      ] GC(1375)   Other: 0.06ms
[7481.082s][info][gc,heap        ] GC(1375) Eden regions: 571->0(571)
[7481.082s][info][gc,heap        ] GC(1375) Survivor regions: 43->43(77)
[7481.082s][info][gc,heap        ] GC(1375) Old regions: 216->223
[7481.082s][info][gc,heap        ] GC(1375) Humongous regions: 33->33
[7481.082s][info][gc,metaspace   ] GC(1375) Metaspace: 30021K(30528K)->30021K(30528K) NonClass: 26620K(26880K)->26620K(26880K) Class: 3400K(3648K)->3400K(3648K)
[7481.082s][info][gc             ] GC(1375) Pause Young (Normal) (G1 Evacuation Pause) 6882M->2374M(8192M) 151.615ms
[7481.082s][info][gc,cpu         ] GC(1375) User=1.20s Sys=0.00s Real=0.15s
...[7483.975s][info][gc,start       ] GC(1376) Pause Young (Normal) (G1 Evacuation Pause)
[7483.975s][info][gc,task        ] GC(1376) Using 8 workers of 8 for evacuation
[7484.125s][info][gc,phases      ] GC(1376)   Pre Evacuate Collection Set: 0.22ms
[7484.126s][info][gc,phases      ] GC(1376)   Merge Heap Roots: 0.52ms
[7484.126s][info][gc,phases      ] GC(1376)   Evacuate Collection Set: 148.81ms
[7484.126s][info][gc,phases      ] GC(1376)   Post Evacuate Collection Set: 1.05ms
[7484.126s][info][gc,phases      ] GC(1376)   Other: 0.06ms
[7484.126s][info][gc,heap        ] GC(1376) Eden regions: 571->0(571)
[7484.126s][info][gc,heap        ] GC(1376) Survivor regions: 43->43(77)
[7484.126s][info][gc,heap        ] GC(1376) Old regions: 223->230
[7484.126s][info][gc,heap        ] GC(1376) Humongous regions: 33->33
[7484.126s][info][gc,metaspace   ] GC(1376) Metaspace: 30021K(30528K)->30021K(30528K) NonClass: 26620K(26880K)->26620K(26880K) Class: 3400K(3648K)->3400K(3648K)
[7484.126s][info][gc             ] GC(1376) Pause Young (Normal) (G1 Evacuation Pause) 6942M->2434M(8192M) 150.789ms
[7484.126s][info][gc,cpu         ] GC(1376) User=1.19s Sys=0.00s Real=0.15s
...|[7486.964s][info][gc,start       ] GC(1377) Pause Young (Normal) (G1 Evacuation Pause)
[7486.965s][info][gc,task        ] GC(1377) Using 8 workers of 8 for evacuation
[7487.114s][info][gc,phases      ] GC(1377)   Pre Evacuate Collection Set: 0.25ms
[7487.114s][info][gc,phases      ] GC(1377)   Merge Heap Roots: 0.53ms
[7487.114s][info][gc,phases      ] GC(1377)   Evacuate Collection Set: 147.15ms
[7487.114s][info][gc,phases      ] GC(1377)   Post Evacuate Collection Set: 1.09ms
[7487.114s][info][gc,phases      ] GC(1377)   Other: 0.06ms
[7487.114s][info][gc,heap        ] GC(1377) Eden regions: 571->0(571)
[7487.114s][info][gc,heap        ] GC(1377) Survivor regions: 43->43(77)
[7487.114s][info][gc,heap        ] GC(1377) Old regions: 230->237
[7487.114s][info][gc,heap        ] GC(1377) Humongous regions: 33->33
[7487.114s][info][gc,metaspace   ] GC(1377) Metaspace: 30021K(30528K)->30021K(30528K) NonClass: 26620K(26880K)->26620K(26880K) Class: 3400K(3648K)->3400K(3648K)
[7487.114s][info][gc             ] GC(1377) Pause Young (Normal) (G1 Evacuation Pause) 7002M->2487M(8192M) 149.221ms
[7487.114s][info][gc,cpu         ] GC(1377) User=1.18s Sys=0.00s Real=0.15s
...[7490.045s][info][gc,start       ] GC(1378) Pause Young (Normal) (G1 Evacuation Pause)
[7490.045s][info][gc,task        ] GC(1378) Using 8 workers of 8 for evacuation
[7490.196s][info][gc,phases      ] GC(1378)   Pre Evacuate Collection Set: 0.22ms
[7490.196s][info][gc,phases      ] GC(1378)   Merge Heap Roots: 0.53ms
[7490.197s][info][gc,phases      ] GC(1378)   Evacuate Collection Set: 149.94ms
[7490.197s][info][gc,phases      ] GC(1378)   Post Evacuate Collection Set: 1.06ms
[7490.197s][info][gc,phases      ] GC(1378)   Other: 0.07ms
[7490.197s][info][gc,heap        ] GC(1378) Eden regions: 571->0(571)
[7490.197s][info][gc,heap        ] GC(1378) Survivor regions: 43->43(77)
[7490.197s][info][gc,heap        ] GC(1378) Old regions: 237->245
[7490.197s][info][gc,heap        ] GC(1378) Humongous regions: 33->33
[7490.197s][info][gc,metaspace   ] GC(1378) Metaspace: 30021K(30528K)->30021K(30528K) NonClass: 26620K(26880K)->26620K(26880K) Class: 3400K(3648K)->3400K(3648K)
[7490.197s][info][gc             ] GC(1378) Pause Young (Normal) (G1 Evacuation Pause) 7055M->2550M(8192M) 151.956ms
[7490.197s][info][gc,cpu         ] GC(1378) User=1.20s Sys=0.00s Real=0.16s
...[7493.035s][info][gc,start       ] GC(1379) Pause Young (Normal) (G1 Evacuation Pause)
[7493.035s][info][gc,task        ] GC(1379) Using 8 workers of 8 for evacuation
[7493.183s][info][gc,phases      ] GC(1379)   Pre Evacuate Collection Set: 0.24ms
[7493.183s][info][gc,phases      ] GC(1379)   Merge Heap Roots: 0.54ms
[7493.183s][info][gc,phases      ] GC(1379)   Evacuate Collection Set: 146.29ms
[7493.183s][info][gc,phases      ] GC(1379)   Post Evacuate Collection Set: 1.07ms
[7493.183s][info][gc,phases      ] GC(1379)   Other: 0.06ms
[7493.183s][info][gc,heap        ] GC(1379) Eden regions: 571->0(571)
[7493.183s][info][gc,heap        ] GC(1379) Survivor regions: 43->43(77)
[7493.183s][info][gc,heap        ] GC(1379) Old regions: 245->252
[7493.183s][info][gc,heap        ] GC(1379) Humongous regions: 33->33
[7493.183s][info][gc,metaspace   ] GC(1379) Metaspace: 30021K(30528K)->30021K(30528K) NonClass: 26620K(26880K)->26620K(26880K) Class: 3400K(3648K)->3400K(3648K)
[7493.183s][info][gc             ] GC(1379) Pause Young (Normal) (G1 Evacuation Pause) 7118M->2610M(8192M) 148.326ms
[7493.183s][info][gc,cpu         ] GC(1379) User=1.17s Sys=0.00s Real=0.15s
...[7496.085s][info][gc,start       ] GC(1380) Pause Young (Normal) (G1 Evacuation Pause)
[7496.085s][info][gc,task        ] GC(1380) Using 8 workers of 8 for evacuation
[7496.234s][info][gc,phases      ] GC(1380)   Pre Evacuate Collection Set: 0.22ms
[7496.234s][info][gc,phases      ] GC(1380)   Merge Heap Roots: 0.54ms
[7496.234s][info][gc,phases      ] GC(1380)   Evacuate Collection Set: 146.94ms
[7496.234s][info][gc,phases      ] GC(1380)   Post Evacuate Collection Set: 1.04ms
[7496.234s][info][gc,phases      ] GC(1380)   Other: 0.06ms
[7496.234s][info][gc,heap        ] GC(1380) Eden regions: 571->0(572)
[7496.234s][info][gc,heap        ] GC(1380) Survivor regions: 43->42(77)
[7496.234s][info][gc,heap        ] GC(1380) Old regions: 252->259
[7496.234s][info][gc,heap        ] GC(1380) Humongous regions: 33->33
[7496.234s][info][gc,metaspace   ] GC(1380) Metaspace: 30021K(30528K)->30021K(30528K) NonClass: 26620K(26880K)->26620K(26880K) Class: 3400K(3648K)->3400K(3648K)
[7496.234s][info][gc             ] GC(1380) Pause Young (Normal) (G1 Evacuation Pause) 7178M->2658M(8192M) 148.929ms
[7496.234s][info][gc,cpu         ] GC(1380) User=1.18s Sys=0.00s Real=0.15s
...[7499.067s][info][gc,start       ] GC(1381) Pause Young (Normal) (G1 Evacuation Pause)
[7499.067s][info][gc,task        ] GC(1381) Using 8 workers of 8 for evacuation
[7499.220s][info][gc,phases      ] GC(1381)   Pre Evacuate Collection Set: 0.23ms
[7499.220s][info][gc,phases      ] GC(1381)   Merge Heap Roots: 0.62ms
[7499.220s][info][gc,phases      ] GC(1381)   Evacuate Collection Set: 150.37ms
[7499.220s][info][gc,phases      ] GC(1381)   Post Evacuate Collection Set: 1.05ms
[7499.220s][info][gc,phases      ] GC(1381)   Other: 0.07ms
[7499.220s][info][gc,heap        ] GC(1381) Eden regions: 572->0(571)
[7499.220s][info][gc,heap        ] GC(1381) Survivor regions: 42->43(77)
[7499.220s][info][gc,heap        ] GC(1381) Old regions: 259->266
[7499.220s][info][gc,heap        ] GC(1381) Humongous regions: 33->33
[7499.220s][info][gc,metaspace   ] GC(1381) Metaspace: 30021K(30528K)->30021K(30528K) NonClass: 26620K(26880K)->26620K(26880K) Class: 3400K(3648K)->3400K(3648K)
[7499.220s][info][gc             ] GC(1381) Pause Young (Normal) (G1 Evacuation Pause) 7234M->2719M(8192M) 152.476ms
[7499.220s][info][gc,cpu         ] GC(1381) User=1.21s Sys=0.01s Real=0.15s
...[7502.000s][info][gc,start       ] GC(1382) Pause Young (Normal) (G1 Evacuation Pause)
[7502.000s][info][gc,task        ] GC(1382) Using 8 workers of 8 for evacuation
[7502.156s][info][gc,phases      ] GC(1382)   Pre Evacuate Collection Set: 0.22ms
[7502.156s][info][gc,phases      ] GC(1382)   Merge Heap Roots: 0.55ms
[7502.156s][info][gc,phases      ] GC(1382)   Evacuate Collection Set: 153.87ms
[7502.156s][info][gc,phases      ] GC(1382)   Post Evacuate Collection Set: 1.08ms
[7502.156s][info][gc,phases      ] GC(1382)   Other: 0.06ms
[7502.156s][info][gc,heap        ] GC(1382) Eden regions: 571->0(571)
[7502.156s][info][gc,heap        ] GC(1382) Survivor regions: 43->43(77)
[7502.156s][info][gc,heap        ] GC(1382) Old regions: 266->273
[7502.156s][info][gc,heap        ] GC(1382) Humongous regions: 33->33
[7502.156s][info][gc,metaspace   ] GC(1382) Metaspace: 30021K(30528K)->30021K(30528K) NonClass: 26620K(26880K)->26620K(26880K) Class: 3400K(3648K)->3400K(3648K)
[7502.156s][info][gc             ] GC(1382) Pause Young (Normal) (G1 Evacuation Pause) 7287M->2779M(8192M) 155.916ms
[7502.156s][info][gc,cpu         ] GC(1382) User=1.24s Sys=0.00s Real=0.16s
...[7505.030s][info][gc,start       ] GC(1383) Pause Young (Normal) (G1 Evacuation Pause)
[7505.030s][info][gc,task        ] GC(1383) Using 8 workers of 8 for evacuation
[7505.181s][info][gc,phases      ] GC(1383)   Pre Evacuate Collection Set: 0.23ms
[7505.181s][info][gc,phases      ] GC(1383)   Merge Heap Roots: 0.55ms
[7505.181s][info][gc,phases      ] GC(1383)   Evacuate Collection Set: 148.76ms
[7505.181s][info][gc,phases      ] GC(1383)   Post Evacuate Collection Set: 1.07ms
[7505.181s][info][gc,phases      ] GC(1383)   Other: 0.08ms
[7505.181s][info][gc,heap        ] GC(1383) Eden regions: 571->0(571)
[7505.181s][info][gc,heap        ] GC(1383) Survivor regions: 43->43(77)
[7505.181s][info][gc,heap        ] GC(1383) Old regions: 273->280
[7505.181s][info][gc,heap        ] GC(1383) Humongous regions: 33->33
[7505.181s][info][gc,metaspace   ] GC(1383) Metaspace: 30021K(30528K)->30021K(30528K) NonClass: 26620K(26880K)->26620K(26880K) Class: 3400K(3648K)->3400K(3648K)
[7505.181s][info][gc             ] GC(1383) Pause Young (Normal) (G1 Evacuation Pause) 7347M->2831M(8192M) 150.834ms
[7505.181s][info][gc,cpu         ] GC(1383) User=1.20s Sys=0.00s Real=0.15s
...[7508.025s][info][gc,start       ] GC(1384) Pause Young (Normal) (G1 Evacuation Pause)
[7508.025s][info][gc,task        ] GC(1384) Using 8 workers of 8 for evacuation
[7508.177s][info][gc,phases      ] GC(1384)   Pre Evacuate Collection Set: 0.25ms
[7508.177s][info][gc,phases      ] GC(1384)   Merge Heap Roots: 0.57ms
[7508.177s][info][gc,phases      ] GC(1384)   Evacuate Collection Set: 150.07ms
[7508.177s][info][gc,phases      ] GC(1384)   Post Evacuate Collection Set: 1.04ms
[7508.177s][info][gc,phases      ] GC(1384)   Other: 0.06ms
[7508.177s][info][gc,heap        ] GC(1384) Eden regions: 571->0(565)
[7508.177s][info][gc,heap        ] GC(1384) Survivor regions: 43->43(77)
[7508.177s][info][gc,heap        ] GC(1384) Old regions: 280->288
[7508.177s][info][gc,heap        ] GC(1384) Humongous regions: 33->33
[7508.177s][info][gc,metaspace   ] GC(1384) Metaspace: 30021K(30528K)->30021K(30528K) NonClass: 26620K(26880K)->26620K(26880K) Class: 3400K(3648K)->3400K(3648K)
[7508.177s][info][gc             ] GC(1384) Pause Young (Normal) (G1 Evacuation Pause) 7399M->2891M(8192M) 152.141ms
[7508.177s][info][gc,cpu         ] GC(1384) User=1.21s Sys=0.00s Real=0.16s
...[7511.066s][info][gc,start       ] GC(1385) Pause Young (Normal) (G1 Evacuation Pause)
[7511.066s][info][gc,task        ] GC(1385) Using 8 workers of 8 for evacuation
[7511.215s][info][gc,phases      ] GC(1385)   Pre Evacuate Collection Set: 0.25ms
[7511.215s][info][gc,phases      ] GC(1385)   Merge Heap Roots: 0.53ms
[7511.215s][info][gc,phases      ] GC(1385)   Evacuate Collection Set: 147.35ms
[7511.215s][info][gc,phases      ] GC(1385)   Post Evacuate Collection Set: 1.07ms
[7511.215s][info][gc,phases      ] GC(1385)   Other: 0.06ms
[7511.215s][info][gc,heap        ] GC(1385) Eden regions: 565->0(558)
[7511.215s][info][gc,heap        ] GC(1385) Survivor regions: 43->43(76)
[7511.215s][info][gc,heap        ] GC(1385) Old regions: 288->295
[7511.215s][info][gc,heap        ] GC(1385) Humongous regions: 33->33
[7511.215s][info][gc,metaspace   ] GC(1385) Metaspace: 30021K(30528K)->30021K(30528K) NonClass: 26620K(26880K)->26620K(26880K) Class: 3400K(3648K)->3400K(3648K)
[7511.215s][info][gc             ] GC(1385) Pause Young (Normal) (G1 Evacuation Pause) 7411M->2954M(8192M) 149.404ms
[7511.215s][info][gc,cpu         ] GC(1385) User=1.18s Sys=0.00s Real=0.14s
...[7513.951s][info][gc,start       ] GC(1386) Pause Young (Normal) (G1 Evacuation Pause)
[7513.951s][info][gc,task        ] GC(1386) Using 8 workers of 8 for evacuation
[7514.099s][info][gc,phases      ] GC(1386)   Pre Evacuate Collection Set: 0.22ms
[7514.099s][info][gc,phases      ] GC(1386)   Merge Heap Roots: 0.53ms
[7514.099s][info][gc,phases      ] GC(1386)   Evacuate Collection Set: 146.55ms
[7514.099s][info][gc,phases      ] GC(1386)   Post Evacuate Collection Set: 1.03ms
[7514.099s][info][gc,phases      ] GC(1386)   Other: 0.07ms
[7514.099s][info][gc,heap        ] GC(1386) Eden regions: 558->0(552)
[7514.099s][info][gc,heap        ] GC(1386) Survivor regions: 43->42(76)
[7514.099s][info][gc,heap        ] GC(1386) Old regions: 295->303
[7514.099s][info][gc,heap        ] GC(1386) Humongous regions: 33->33
[7514.099s][info][gc,metaspace   ] GC(1386) Metaspace: 30021K(30528K)->30021K(30528K) NonClass: 26620K(26880K)->26620K(26880K) Class: 3400K(3648K)->3400K(3648K)
[7514.099s][info][gc             ] GC(1386) Pause Young (Normal) (G1 Evacuation Pause) 7418M->3006M(8192M) 148.525ms
[7514.099s][info][gc,cpu         ] GC(1386) User=1.17s Sys=0.00s Real=0.15s
...[7516.904s][info][gc,start       ] GC(1387) Pause Young (Concurrent Start) (G1 Evacuation Pause)
[7516.904s][info][gc,task        ] GC(1387) Using 8 workers of 8 for evacuation
[7517.053s][info][gc,phases      ] GC(1387)   Pre Evacuate Collection Set: 0.26ms
[7517.053s][info][gc,phases      ] GC(1387)   Merge Heap Roots: 0.53ms
[7517.053s][info][gc,phases      ] GC(1387)   Evacuate Collection Set: 147.22ms
[7517.053s][info][gc,phases      ] GC(1387)   Post Evacuate Collection Set: 1.03ms
[7517.053s][info][gc,phases      ] GC(1387)   Other: 0.08ms
[7517.053s][info][gc,heap        ] GC(1387) Eden regions: 552->0(543)
[7517.053s][info][gc,heap        ] GC(1387) Survivor regions: 42->43(75)
[7517.053s][info][gc,heap        ] GC(1387) Old regions: 303->310
[7517.053s][info][gc,heap        ] GC(1387) Humongous regions: 33->33
[7517.053s][info][gc,metaspace   ] GC(1387) Metaspace: 30021K(30528K)->30021K(30528K) NonClass: 26620K(26880K)->26620K(26880K) Class: 3400K(3648K)->3400K(3648K)
[7517.053s][info][gc             ] GC(1387) Pause Young (Concurrent Start) (G1 Evacuation Pause) 7422M->3069M(8192M) 149.247ms
[7517.053s][info][gc             ] GC(1388) Concurrent Mark Cycle
[7517.053s][info][gc,marking     ] GC(1388) Concurrent Scan Root Regions
[7517.053s][info][gc,cpu         ] GC(1387) User=1.19s Sys=0.01s Real=0.15s
[7517.298s][info][gc,marking     ] GC(1388) Concurrent Scan Root Regions 245.536ms
[7517.298s][info][gc,marking     ] GC(1388) Concurrent Mark
[7517.298s][info][gc,marking     ] GC(1388) Concurrent Mark From Roots
[7517.298s][info][gc,task        ] GC(1388) Using 2 workers of 2 for marking
.[7518.552s][info][gc,marking     ] GC(1388) Concurrent Mark From Roots 1253.283ms
[7518.552s][info][gc,marking     ] GC(1388) Concurrent Preclean
[7518.552s][info][gc,marking     ] GC(1388) Concurrent Preclean 0.121ms
[7518.552s][info][gc,start       ] GC(1388) Pause Remark
[7518.554s][info][gc             ] GC(1388) Pause Remark 4687M->4199M(8192M) 1.632ms
[7518.554s][info][gc,cpu         ] GC(1388) User=0.02s Sys=0.00s Real=0.00s
[7518.554s][info][gc,marking     ] GC(1388) Concurrent Mark 1255.325ms
[7518.554s][info][gc,marking     ] GC(1388) Concurrent Rebuild Remembered Sets and Scrub Regions
.[7519.428s][info][gc,marking     ] GC(1388) Concurrent Rebuild Remembered Sets and Scrub Regions 874.372ms
[7519.428s][info][gc,start       ] GC(1388) Pause Cleanup
[7519.429s][info][gc             ] GC(1388) Pause Cleanup 5469M->5469M(8192M) 0.255ms
[7519.429s][info][gc,cpu         ] GC(1388) User=0.00s Sys=0.00s Real=0.00s
[7519.429s][info][gc,marking     ] GC(1388) Concurrent Clear Claimed Marks
[7519.429s][info][gc,marking     ] GC(1388) Concurrent Clear Claimed Marks 0.042ms
[7519.429s][info][gc,marking     ] GC(1388) Concurrent Cleanup for Next Mark
[7519.439s][info][gc,marking     ] GC(1388) Concurrent Cleanup for Next Mark 10.300ms
[7519.439s][info][gc             ] GC(1388) Concurrent Mark Cycle 2386.194ms
.[7520.283s][info][gc,start       ] GC(1389) Pause Young (Prepare Mixed) (G1 Evacuation Pause)
[7520.283s][info][gc,task        ] GC(1389) Using 8 workers of 8 for evacuation
[7520.438s][info][gc,phases      ] GC(1389)   Pre Evacuate Collection Set: 0.22ms
[7520.438s][info][gc,phases      ] GC(1389)   Merge Heap Roots: 0.72ms
[7520.438s][info][gc,phases      ] GC(1389)   Evacuate Collection Set: 153.04ms
[7520.438s][info][gc,phases      ] GC(1389)   Post Evacuate Collection Set: 1.16ms
[7520.438s][info][gc,phases      ] GC(1389)   Other: 0.07ms
[7520.438s][info][gc,heap        ] GC(1389) Eden regions: 543->0(570)
[7520.438s][info][gc,heap        ] GC(1389) Survivor regions: 43->44(74)
[7520.438s][info][gc,heap        ] GC(1389) Old regions: 249->257
[7520.438s][info][gc,heap        ] GC(1389) Humongous regions: 33->33
[7520.438s][info][gc,metaspace   ] GC(1389) Metaspace: 30021K(30528K)->30021K(30528K) NonClass: 26620K(26880K)->26620K(26880K) Class: 3400K(3648K)->3400K(3648K)
[7520.438s][info][gc             ] GC(1389) Pause Young (Prepare Mixed) (G1 Evacuation Pause) 6925M->2653M(8192M) 155.352ms
[7520.438s][info][gc,cpu         ] GC(1389) User=1.22s Sys=0.00s Real=0.16s
...[7523.246s][info][gc,start       ] GC(1390) Pause Young (Mixed) (G1 Evacuation Pause)
[7523.246s][info][gc,task        ] GC(1390) Using 8 workers of 8 for evacuation
[7523.410s][info][gc,phases      ] GC(1390)   Pre Evacuate Collection Set: 0.25ms
[7523.410s][info][gc,phases      ] GC(1390)   Merge Heap Roots: 0.78ms
[7523.410s][info][gc,phases      ] GC(1390)   Evacuate Collection Set: 161.98ms
[7523.410s][info][gc,phases      ] GC(1390)   Post Evacuate Collection Set: 1.27ms
[7523.410s][info][gc,phases      ] GC(1390)   Other: 0.08ms
[7523.410s][info][gc,heap        ] GC(1390) Eden regions: 570->0(570)
[7523.410s][info][gc,heap        ] GC(1390) Survivor regions: 44->44(77)
[7523.410s][info][gc,heap        ] GC(1390) Old regions: 257->162
[7523.410s][info][gc,heap        ] GC(1390) Humongous regions: 33->33
[7523.410s][info][gc,metaspace   ] GC(1390) Metaspace: 30021K(30528K)->30021K(30528K) NonClass: 26620K(26880K)->26620K(26880K) Class: 3400K(3648K)->3400K(3648K)
[7523.410s][info][gc             ] GC(1390) Pause Young (Mixed) (G1 Evacuation Pause) 7213M->1894M(8192M) 164.495ms
[7523.410s][info][gc,cpu         ] GC(1390) User=1.30s Sys=0.00s Real=0.17s
...[7526.190s][info][gc,start       ] GC(1391) Pause Young (Mixed) (G1 Evacuation Pause)
[7526.190s][info][gc,task        ] GC(1391) Using 8 workers of 8 for evacuation
[7526.363s][info][gc,phases      ] GC(1391)   Pre Evacuate Collection Set: 0.22ms
[7526.363s][info][gc,phases      ] GC(1391)   Merge Heap Roots: 0.78ms
[7526.363s][info][gc,phases      ] GC(1391)   Evacuate Collection Set: 170.79ms
[7526.363s][info][gc,phases      ] GC(1391)   Post Evacuate Collection Set: 1.06ms
[7526.363s][info][gc,phases      ] GC(1391)   Other: 0.07ms
[7526.363s][info][gc,heap        ] GC(1391) Eden regions: 570->0(567)
[7526.363s][info][gc,heap        ] GC(1391) Survivor regions: 44->47(77)
[7526.363s][info][gc,heap        ] GC(1391) Old regions: 162->144
[7526.363s][info][gc,heap        ] GC(1391) Humongous regions: 33->33
[7526.363s][info][gc,metaspace   ] GC(1391) Metaspace: 30021K(30528K)->30021K(30528K) NonClass: 26620K(26880K)->26620K(26880K) Class: 3400K(3648K)->3400K(3648K)
[7526.363s][info][gc             ] GC(1391) Pause Young (Mixed) (G1 Evacuation Pause) 6454M->1777M(8192M) 173.045ms
[7526.363s][info][gc,cpu         ] GC(1391) User=1.37s Sys=0.00s Real=0.17s
...[7529.118s][info][gc,start       ] GC(1392) Pause Young (Normal) (G1 Evacuation Pause)
[7529.118s][info][gc,task        ] GC(1392) Using 8 workers of 8 for evacuation
[7529.274s][info][gc,phases      ] GC(1392)   Pre Evacuate Collection Set: 0.22ms
[7529.274s][info][gc,phases      ] GC(1392)   Merge Heap Roots: 0.53ms
[7529.274s][info][gc,phases      ] GC(1392)   Evacuate Collection Set: 154.18ms
[7529.274s][info][gc,phases      ] GC(1392)   Post Evacuate Collection Set: 1.03ms
[7529.274s][info][gc,phases      ] GC(1392)   Other: 0.07ms
[7529.274s][info][gc,heap        ] GC(1392) Eden regions: 567->0(570)
[7529.274s][info][gc,heap        ] GC(1392) Survivor regions: 47->44(77)
[7529.274s][info][gc,heap        ] GC(1392) Old regions: 144->151
[7529.274s][info][gc,heap        ] GC(1392) Humongous regions: 33->33
[7529.274s][info][gc,metaspace   ] GC(1392) Metaspace: 30021K(30528K)->30021K(30528K) NonClass: 26620K(26880K)->26620K(26880K) Class: 3400K(3648K)->3400K(3648K)
[7529.274s][info][gc             ] GC(1392) Pause Young (Normal) (G1 Evacuation Pause) 6313M->1807M(8192M) 156.183ms
[7529.274s][info][gc,cpu         ] GC(1392) User=1.24s Sys=0.00s Real=0.15s
...[7532.061s][info][gc,start       ] GC(1393) Pause Young (Normal) (G1 Evacuation Pause)
[7532.061s][info][gc,task        ] GC(1393) Using 8 workers of 8 for evacuation
[7532.227s][info][gc,phases      ] GC(1393)   Pre Evacuate Collection Set: 0.20ms
[7532.227s][info][gc,phases      ] GC(1393)   Merge Heap Roots: 0.52ms
[7532.227s][info][gc,phases      ] GC(1393)   Evacuate Collection Set: 163.79ms
[7532.227s][info][gc,phases      ] GC(1393)   Post Evacuate Collection Set: 1.05ms
[7532.227s][info][gc,phases      ] GC(1393)   Other: 0.07ms
[7532.227s][info][gc,heap        ] GC(1393) Eden regions: 570->0(567)
[7532.227s][info][gc,heap        ] GC(1393) Survivor regions: 44->47(77)
[7532.227s][info][gc,heap        ] GC(1393) Old regions: 151->159
[7532.227s][info][gc,heap        ] GC(1393) Humongous regions: 33->33
[7532.227s][info][gc,metaspace   ] GC(1393) Metaspace: 30021K(30528K)->30021K(30528K) NonClass: 26620K(26880K)->26620K(26880K) Class: 3400K(3648K)->3400K(3648K)
[7532.227s][info][gc             ] GC(1393) Pause Young (Normal) (G1 Evacuation Pause) 6367M->1889M(8192M) 165.761ms
[7532.227s][info][gc,cpu         ] GC(1393) User=1.31s Sys=0.01s Real=0.17s
...[7534.969s][info][gc,start       ] GC(1394) Pause Young (Normal) (G1 Evacuation Pause)
[7534.969s][info][gc,task        ] GC(1394) Using 8 workers of 8 for evacuation
[7535.124s][info][gc,phases      ] GC(1394)   Pre Evacuate Collection Set: 0.21ms
[7535.124s][info][gc,phases      ] GC(1394)   Merge Heap Roots: 0.52ms
[7535.124s][info][gc,phases      ] GC(1394)   Evacuate Collection Set: 153.55ms
[7535.124s][info][gc,phases      ] GC(1394)   Post Evacuate Collection Set: 1.02ms
[7535.124s][info][gc,phases      ] GC(1394)   Other: 0.06ms
[7535.124s][info][gc,heap        ] GC(1394) Eden regions: 567->0(569)
[7535.124s][info][gc,heap        ] GC(1394) Survivor regions: 47->45(77)
[7535.124s][info][gc,heap        ] GC(1394) Old regions: 159->166
[7535.124s][info][gc,heap        ] GC(1394) Humongous regions: 33->33
[7535.124s][info][gc,metaspace   ] GC(1394) Metaspace: 30021K(30528K)->30021K(30528K) NonClass: 26620K(26880K)->26620K(26880K) Class: 3400K(3648K)->3400K(3648K)
[7535.124s][info][gc             ] GC(1394) Pause Young (Normal) (G1 Evacuation Pause) 6425M->1929M(8192M) 155.477ms
[7535.124s][info][gc,cpu         ] GC(1394) User=1.24s Sys=0.00s Real=0.15s
...[7537.938s][info][gc,start       ] GC(1395) Pause Young (Normal) (G1 Evacuation Pause)
[7537.939s][info][gc,task        ] GC(1395) Using 8 workers of 8 for evacuation
[7538.092s][info][gc,phases      ] GC(1395)   Pre Evacuate Collection Set: 0.22ms
[7538.092s][info][gc,phases      ] GC(1395)   Merge Heap Roots: 0.53ms
[7538.092s][info][gc,phases      ] GC(1395)   Evacuate Collection Set: 151.97ms
[7538.092s][info][gc,phases      ] GC(1395)   Post Evacuate Collection Set: 1.02ms
[7538.092s][info][gc,phases      ] GC(1395)   Other: 0.06ms
[7538.092s][info][gc,heap        ] GC(1395) Eden regions: 569->0(571)
[7538.092s][info][gc,heap        ] GC(1395) Survivor regions: 45->43(77)
[7538.092s][info][gc,heap        ] GC(1395) Old regions: 166->173
[7538.092s][info][gc,heap        ] GC(1395) Humongous regions: 33->33
[7538.092s][info][gc,metaspace   ] GC(1395) Metaspace: 30021K(30528K)->30021K(30528K) NonClass: 26620K(26880K)->26620K(26880K) Class: 3400K(3648K)->3400K(3648K)
[7538.092s][info][gc             ] GC(1395) Pause Young (Normal) (G1 Evacuation Pause) 6481M->1975M(8192M) 153.929ms
[7538.092s][info][gc,cpu         ] GC(1395) User=1.22s Sys=0.00s Real=0.15s
...[7540.866s][info][gc,start       ] GC(1396) Pause Young (Normal) (G1 Evacuation Pause)
[7540.866s][info][gc,task        ] GC(1396) Using 8 workers of 8 for evacuation
[7541.016s][info][gc,phases      ] GC(1396)   Pre Evacuate Collection Set: 0.22ms
[7541.016s][info][gc,phases      ] GC(1396)   Merge Heap Roots: 0.52ms
[7541.016s][info][gc,phases      ] GC(1396)   Evacuate Collection Set: 148.06ms
[7541.016s][info][gc,phases      ] GC(1396)   Post Evacuate Collection Set: 1.03ms
[7541.016s][info][gc,phases      ] GC(1396)   Other: 0.06ms
[7541.016s][info][gc,heap        ] GC(1396) Eden regions: 571->0(571)
[7541.016s][info][gc,heap        ] GC(1396) Survivor regions: 43->43(77)
[7541.016s][info][gc,heap        ] GC(1396) Old regions: 173->180
[7541.016s][info][gc,heap        ] GC(1396) Humongous regions: 33->33
[7541.016s][info][gc,metaspace   ] GC(1396) Metaspace: 30021K(30528K)->30021K(30528K) NonClass: 26620K(26880K)->26620K(26880K) Class: 3400K(3648K)->3400K(3648K)
[7541.016s][info][gc             ] GC(1396) Pause Young (Normal) (G1 Evacuation Pause) 6543M->2033M(8192M) 150.023ms
[7541.016s][info][gc,cpu         ] GC(1396) User=1.19s Sys=0.00s Real=0.15s
...[7543.863s][info][gc,start       ] GC(1397) Pause Young (Normal) (G1 Evacuation Pause)
[7543.863s][info][gc,task        ] GC(1397) Using 8 workers of 8 for evacuation
[7544.022s][info][gc,phases      ] GC(1397)   Pre Evacuate Collection Set: 0.22ms
[7544.022s][info][gc,phases      ] GC(1397)   Merge Heap Roots: 0.54ms
[7544.022s][info][gc,phases      ] GC(1397)   Evacuate Collection Set: 156.88ms
[7544.022s][info][gc,phases      ] GC(1397)   Post Evacuate Collection Set: 1.05ms
[7544.022s][info][gc,phases      ] GC(1397)   Other: 0.06ms
[7544.022s][info][gc,heap        ] GC(1397) Eden regions: 571->0(569)
[7544.022s][info][gc,heap        ] GC(1397) Survivor regions: 43->45(77)
[7544.022s][info][gc,heap        ] GC(1397) Old regions: 180->187
[7544.022s][info][gc,heap        ] GC(1397) Humongous regions: 33->33
[7544.022s][info][gc,metaspace   ] GC(1397) Metaspace: 30021K(30528K)->30021K(30528K) NonClass: 26620K(26880K)->26620K(26880K) Class: 3400K(3648K)->3400K(3648K)
[7544.022s][info][gc             ] GC(1397) Pause Young (Normal) (G1 Evacuation Pause) 6601M->2101M(8192M) 158.880ms
[7544.022s][info][gc,cpu         ] GC(1397) User=1.26s Sys=0.00s Real=0.16s
... (rIR:aIR:PR = 12592:12705:12707) (tPR = 186172) [OK] 
  7546s: Performance info:
         Transaction,    Success,    Partial,     Failed,   Receipts, AvgBarcode, 
             Overall,     762825,          0,          0,     725519,      59.48, 
         Response times:
             Request,    Success,    Partial,     Failed,   SkipFail,     Probes,    Samples,      min,      p50,      p90,      p95,      p99,      max, 
       TotalPurchase,     725444,          0,          0,          0,     330544,     490706,      300,    46000,   223000,   302000,   417000,  5700000,
     InStorePurchase,     386779,          0,          0,          0,     171780,     257959,      300,    46000,   224000,   299000,   416000,  5700000,
      OnlinePurchase,     261688,          0,          0,          0,     121462,     179822,      300,    46000,   223000,   305000,   420000,  5700000,
        InstPurchase,      76977,          0,          0,          0,      37302,      52925,      400,    46000,   220000,   295700,   416000,  4300000,
          AssocOfCat,        760,          0,          0,          0,        630,       1009,    37000,   104000,   274000,   336000,   435800,   592000,
      AssocOfProduct,       7482,          0,          0,          0,       3551,       5256,      800,    48500,   228000,   306150,   412000,  5700000,
      BusinessReport,       1887,          0,          0,          0,       1578,       2488,    39000,   116000,   286100,   355000,   468110,  2700000,
          CustBuyBeh,       7461,          0,          0,          0,       3561,       5188,      300,    45000,   220100,   299550,   415220,  2600000,
       ProductReturn,      19677,          0,          0,          0,       9613,      13755,      200,    44000,   224000,   296000,   419440,  5700000,

  7546s: (92%)   IR =  12730 [7546.925s][info][gc,start       ] GC(1398) Pause Young (Normal) (G1 Evacuation Pause)
[7546.925s][info][gc,task        ] GC(1398) Using 8 workers of 8 for evacuation
[7547.080s][info][gc,phases      ] GC(1398)   Pre Evacuate Collection Set: 0.22ms
[7547.080s][info][gc,phases      ] GC(1398)   Merge Heap Roots: 0.53ms
[7547.080s][info][gc,phases      ] GC(1398)   Evacuate Collection Set: 153.30ms
[7547.080s][info][gc,phases      ] GC(1398)   Post Evacuate Collection Set: 1.05ms
[7547.080s][info][gc,phases      ] GC(1398)   Other: 0.06ms
[7547.080s][info][gc,heap        ] GC(1398) Eden regions: 569->0(570)
[7547.080s][info][gc,heap        ] GC(1398) Survivor regions: 45->44(77)
[7547.080s][info][gc,heap        ] GC(1398) Old regions: 187->194
[7547.080s][info][gc,heap        ] GC(1398) Humongous regions: 33->33
[7547.080s][info][gc,metaspace   ] GC(1398) Metaspace: 30021K(30528K)->30021K(30528K) NonClass: 26620K(26880K)->26620K(26880K) Class: 3400K(3648K)->3400K(3648K)
[7547.080s][info][gc             ] GC(1398) Pause Young (Normal) (G1 Evacuation Pause) 6653M->2151M(8192M) 155.285ms
[7547.080s][info][gc,cpu         ] GC(1398) User=1.23s Sys=0.00s Real=0.16s
...[7549.988s][info][gc,start       ] GC(1399) Pause Young (Normal) (G1 Evacuation Pause)
[7549.988s][info][gc,task        ] GC(1399) Using 8 workers of 8 for evacuation
[7550.141s][info][gc,phases      ] GC(1399)   Pre Evacuate Collection Set: 0.22ms
[7550.141s][info][gc,phases      ] GC(1399)   Merge Heap Roots: 0.54ms
[7550.141s][info][gc,phases      ] GC(1399)   Evacuate Collection Set: 150.87ms
[7550.141s][info][gc,phases      ] GC(1399)   Post Evacuate Collection Set: 1.11ms
[7550.141s][info][gc,phases      ] GC(1399)   Other: 0.06ms
[7550.141s][info][gc,heap        ] GC(1399) Eden regions: 570->0(571)
[7550.141s][info][gc,heap        ] GC(1399) Survivor regions: 44->43(77)
[7550.141s][info][gc,heap        ] GC(1399) Old regions: 194->201
[7550.141s][info][gc,heap        ] GC(1399) Humongous regions: 33->33
[7550.141s][info][gc,metaspace   ] GC(1399) Metaspace: 30021K(30528K)->30021K(30528K) NonClass: 26620K(26880K)->26620K(26880K) Class: 3400K(3648K)->3400K(3648K)
[7550.141s][info][gc             ] GC(1399) Pause Young (Normal) (G1 Evacuation Pause) 6711M->2203M(8192M) 152.912ms
[7550.141s][info][gc,cpu         ] GC(1399) User=1.22s Sys=0.00s Real=0.15s
...[7552.938s][info][gc,start       ] GC(1400) Pause Young (Normal) (G1 Evacuation Pause)
[7552.938s][info][gc,task        ] GC(1400) Using 8 workers of 8 for evacuation
[7553.095s][info][gc,phases      ] GC(1400)   Pre Evacuate Collection Set: 0.21ms
[7553.095s][info][gc,phases      ] GC(1400)   Merge Heap Roots: 0.59ms
[7553.095s][info][gc,phases      ] GC(1400)   Evacuate Collection Set: 155.15ms
[7553.095s][info][gc,phases      ] GC(1400)   Post Evacuate Collection Set: 1.06ms
[7553.095s][info][gc,phases      ] GC(1400)   Other: 0.06ms
[7553.095s][info][gc,heap        ] GC(1400) Eden regions: 571->0(570)
[7553.095s][info][gc,heap        ] GC(1400) Survivor regions: 43->44(77)
[7553.095s][info][gc,heap        ] GC(1400) Old regions: 201->209
[7553.095s][info][gc,heap        ] GC(1400) Humongous regions: 33->33
[7553.095s][info][gc,metaspace   ] GC(1400) Metaspace: 30021K(30528K)->30021K(30528K) NonClass: 26620K(26880K)->26620K(26880K) Class: 3400K(3648K)->3400K(3648K)
[7553.095s][info][gc             ] GC(1400) Pause Young (Normal) (G1 Evacuation Pause) 6771M->2269M(8192M) 157.203ms
[7553.095s][info][gc,cpu         ] GC(1400) User=1.25s Sys=0.00s Real=0.15s
...[7555.982s][info][gc,start       ] GC(1401) Pause Young (Normal) (G1 Evacuation Pause)
[7555.982s][info][gc,task        ] GC(1401) Using 8 workers of 8 for evacuation
[7556.131s][info][gc,phases      ] GC(1401)   Pre Evacuate Collection Set: 0.25ms
[7556.131s][info][gc,phases      ] GC(1401)   Merge Heap Roots: 0.54ms
[7556.131s][info][gc,phases      ] GC(1401)   Evacuate Collection Set: 147.09ms
[7556.131s][info][gc,phases      ] GC(1401)   Post Evacuate Collection Set: 1.04ms
[7556.131s][info][gc,phases      ] GC(1401)   Other: 0.06ms
[7556.131s][info][gc,heap        ] GC(1401) Eden regions: 570->0(572)
[7556.131s][info][gc,heap        ] GC(1401) Survivor regions: 44->42(77)
[7556.131s][info][gc,heap        ] GC(1401) Old regions: 209->216
[7556.131s][info][gc,heap        ] GC(1401) Humongous regions: 33->33
[7556.131s][info][gc,metaspace   ] GC(1401) Metaspace: 30021K(30528K)->30021K(30528K) NonClass: 26620K(26880K)->26620K(26880K) Class: 3400K(3648K)->3400K(3648K)
[7556.131s][info][gc             ] GC(1401) Pause Young (Normal) (G1 Evacuation Pause) 6829M->2310M(8192M) 149.103ms
[7556.131s][info][gc,cpu         ] GC(1401) User=1.18s Sys=0.00s Real=0.15s
...|[7558.982s][info][gc,start       ] GC(1402) Pause Young (Normal) (G1 Evacuation Pause)
[7558.982s][info][gc,task        ] GC(1402) Using 8 workers of 8 for evacuation
[7559.140s][info][gc,phases      ] GC(1402)   Pre Evacuate Collection Set: 0.24ms
[7559.140s][info][gc,phases      ] GC(1402)   Merge Heap Roots: 0.52ms
[7559.140s][info][gc,phases      ] GC(1402)   Evacuate Collection Set: 156.48ms
[7559.140s][info][gc,phases      ] GC(1402)   Post Evacuate Collection Set: 1.04ms
[7559.140s][info][gc,phases      ] GC(1402)   Other: 0.06ms
[7559.140s][info][gc,heap        ] GC(1402) Eden regions: 572->0(569)
[7559.140s][info][gc,heap        ] GC(1402) Survivor regions: 42->45(77)
[7559.140s][info][gc,heap        ] GC(1402) Old regions: 216->223
[7559.140s][info][gc,heap        ] GC(1402) Humongous regions: 33->33
[7559.140s][info][gc,metaspace   ] GC(1402) Metaspace: 30021K(30528K)->30021K(30528K) NonClass: 26620K(26880K)->26620K(26880K) Class: 3400K(3648K)->3400K(3648K)
[7559.140s][info][gc             ] GC(1402) Pause Young (Normal) (G1 Evacuation Pause) 6886M->2393M(8192M) 158.468ms
[7559.140s][info][gc,cpu         ] GC(1402) User=1.25s Sys=0.00s Real=0.16s
...[7561.952s][info][gc,start       ] GC(1403) Pause Young (Normal) (G1 Evacuation Pause)
[7561.952s][info][gc,task        ] GC(1403) Using 8 workers of 8 for evacuation
[7562.105s][info][gc,phases      ] GC(1403)   Pre Evacuate Collection Set: 0.22ms
[7562.105s][info][gc,phases      ] GC(1403)   Merge Heap Roots: 0.53ms
[7562.105s][info][gc,phases      ] GC(1403)   Evacuate Collection Set: 151.17ms
[7562.105s][info][gc,phases      ] GC(1403)   Post Evacuate Collection Set: 1.04ms
[7562.105s][info][gc,phases      ] GC(1403)   Other: 0.06ms
[7562.105s][info][gc,heap        ] GC(1403) Eden regions: 569->0(571)
[7562.105s][info][gc,heap        ] GC(1403) Survivor regions: 45->43(77)
[7562.105s][info][gc,heap        ] GC(1403) Old regions: 223->230
[7562.105s][info][gc,heap        ] GC(1403) Humongous regions: 33->33
[7562.105s][info][gc,metaspace   ] GC(1403) Metaspace: 30021K(30528K)->30021K(30528K) NonClass: 26620K(26880K)->26620K(26880K) Class: 3400K(3648K)->3400K(3648K)
[7562.105s][info][gc             ] GC(1403) Pause Young (Normal) (G1 Evacuation Pause) 6945M->2431M(8192M) 153.149ms
[7562.105s][info][gc,cpu         ] GC(1403) User=1.21s Sys=0.00s Real=0.15s
...[7564.913s][info][gc,start       ] GC(1404) Pause Young (Normal) (G1 Evacuation Pause)
[7564.913s][info][gc,task        ] GC(1404) Using 8 workers of 8 for evacuation
[7565.067s][info][gc,phases      ] GC(1404)   Pre Evacuate Collection Set: 0.20ms
[7565.067s][info][gc,phases      ] GC(1404)   Merge Heap Roots: 0.54ms
[7565.067s][info][gc,phases      ] GC(1404)   Evacuate Collection Set: 151.81ms
[7565.067s][info][gc,phases      ] GC(1404)   Post Evacuate Collection Set: 1.06ms
[7565.067s][info][gc,phases      ] GC(1404)   Other: 0.06ms
[7565.067s][info][gc,heap        ] GC(1404) Eden regions: 571->0(570)
[7565.067s][info][gc,heap        ] GC(1404) Survivor regions: 43->44(77)
[7565.067s][info][gc,heap        ] GC(1404) Old regions: 230->238
[7565.067s][info][gc,heap        ] GC(1404) Humongous regions: 33->33
[7565.067s][info][gc,metaspace   ] GC(1404) Metaspace: 30021K(30528K)->30021K(30528K) NonClass: 26620K(26880K)->26620K(26880K) Class: 3400K(3648K)->3400K(3648K)
[7565.067s][info][gc             ] GC(1404) Pause Young (Normal) (G1 Evacuation Pause) 6999M->2497M(8192M) 153.811ms
[7565.067s][info][gc,cpu         ] GC(1404) User=1.21s Sys=0.00s Real=0.16s
...[7567.910s][info][gc,start       ] GC(1405) Pause Young (Normal) (G1 Evacuation Pause)
[7567.910s][info][gc,task        ] GC(1405) Using 8 workers of 8 for evacuation
[7568.063s][info][gc,phases      ] GC(1405)   Pre Evacuate Collection Set: 0.23ms
[7568.063s][info][gc,phases      ] GC(1405)   Merge Heap Roots: 0.53ms
[7568.063s][info][gc,phases      ] GC(1405)   Evacuate Collection Set: 151.16ms
[7568.063s][info][gc,phases      ] GC(1405)   Post Evacuate Collection Set: 1.05ms
[7568.063s][info][gc,phases      ] GC(1405)   Other: 0.06ms
[7568.063s][info][gc,heap        ] GC(1405) Eden regions: 570->0(571)
[7568.063s][info][gc,heap        ] GC(1405) Survivor regions: 44->43(77)
[7568.063s][info][gc,heap        ] GC(1405) Old regions: 238->245
[7568.063s][info][gc,heap        ] GC(1405) Humongous regions: 33->33
[7568.063s][info][gc,metaspace   ] GC(1405) Metaspace: 30021K(30528K)->30021K(30528K) NonClass: 26620K(26880K)->26620K(26880K) Class: 3400K(3648K)->3400K(3648K)
[7568.063s][info][gc             ] GC(1405) Pause Young (Normal) (G1 Evacuation Pause) 7057M->2554M(8192M) 153.160ms
[7568.063s][info][gc,cpu         ] GC(1405) User=1.21s Sys=0.01s Real=0.15s
...[7570.868s][info][gc,start       ] GC(1406) Pause Young (Normal) (G1 Evacuation Pause)
[7570.868s][info][gc,task        ] GC(1406) Using 8 workers of 8 for evacuation
[7571.022s][info][gc,phases      ] GC(1406)   Pre Evacuate Collection Set: 0.23ms
[7571.022s][info][gc,phases      ] GC(1406)   Merge Heap Roots: 0.52ms
[7571.022s][info][gc,phases      ] GC(1406)   Evacuate Collection Set: 152.15ms
[7571.022s][info][gc,phases      ] GC(1406)   Post Evacuate Collection Set: 1.04ms
[7571.022s][info][gc,phases      ] GC(1406)   Other: 0.07ms
[7571.022s][info][gc,heap        ] GC(1406) Eden regions: 571->0(570)
[7571.022s][info][gc,heap        ] GC(1406) Survivor regions: 43->44(77)
[7571.022s][info][gc,heap        ] GC(1406) Old regions: 245->253
[7571.022s][info][gc,heap        ] GC(1406) Humongous regions: 33->33
[7571.022s][info][gc,metaspace   ] GC(1406) Metaspace: 30021K(30528K)->30021K(30528K) NonClass: 26620K(26880K)->26620K(26880K) Class: 3400K(3648K)->3400K(3648K)
[7571.022s][info][gc             ] GC(1406) Pause Young (Normal) (G1 Evacuation Pause) 7122M->2621M(8192M) 154.142ms
[7571.022s][info][gc,cpu         ] GC(1406) User=1.22s Sys=0.00s Real=0.15s
...[7573.882s][info][gc,start       ] GC(1407) Pause Young (Normal) (G1 Evacuation Pause)
[7573.882s][info][gc,task        ] GC(1407) Using 8 workers of 8 for evacuation
[7574.040s][info][gc,phases      ] GC(1407)   Pre Evacuate Collection Set: 0.23ms
[7574.040s][info][gc,phases      ] GC(1407)   Merge Heap Roots: 0.56ms
[7574.040s][info][gc,phases      ] GC(1407)   Evacuate Collection Set: 156.27ms
[7574.040s][info][gc,phases      ] GC(1407)   Post Evacuate Collection Set: 1.03ms
[7574.040s][info][gc,phases      ] GC(1407)   Other: 0.06ms
[7574.040s][info][gc,heap        ] GC(1407) Eden regions: 570->0(569)
[7574.040s][info][gc,heap        ] GC(1407) Survivor regions: 44->45(77)
[7574.040s][info][gc,heap        ] GC(1407) Old regions: 253->260
[7574.040s][info][gc,heap        ] GC(1407) Humongous regions: 33->33
[7574.040s][info][gc,metaspace   ] GC(1407) Metaspace: 30021K(30528K)->30021K(30528K) NonClass: 26620K(26880K)->26620K(26880K) Class: 3400K(3648K)->3400K(3648K)
[7574.040s][info][gc             ] GC(1407) Pause Young (Normal) (G1 Evacuation Pause) 7181M->2687M(8192M) 158.275ms
[7574.040s][info][gc,cpu         ] GC(1407) User=1.26s Sys=0.00s Real=0.16s
...[7576.887s][info][gc,start       ] GC(1408) Pause Young (Normal) (G1 Evacuation Pause)
[7576.887s][info][gc,task        ] GC(1408) Using 8 workers of 8 for evacuation
[7577.037s][info][gc,phases      ] GC(1408)   Pre Evacuate Collection Set: 0.23ms
[7577.037s][info][gc,phases      ] GC(1408)   Merge Heap Roots: 0.62ms
[7577.037s][info][gc,phases      ] GC(1408)   Evacuate Collection Set: 147.49ms
[7577.037s][info][gc,phases      ] GC(1408)   Post Evacuate Collection Set: 1.07ms
[7577.037s][info][gc,phases      ] GC(1408)   Other: 0.06ms
[7577.037s][info][gc,heap        ] GC(1408) Eden regions: 569->0(571)
[7577.037s][info][gc,heap        ] GC(1408) Survivor regions: 45->43(77)
[7577.037s][info][gc,heap        ] GC(1408) Old regions: 260->267
[7577.037s][info][gc,heap        ] GC(1408) Humongous regions: 33->33
[7577.037s][info][gc,metaspace   ] GC(1408) Metaspace: 30021K(30528K)->30021K(30528K) NonClass: 26620K(26880K)->26620K(26880K) Class: 3400K(3648K)->3400K(3648K)
[7577.037s][info][gc             ] GC(1408) Pause Young (Normal) (G1 Evacuation Pause) 7239M->2726M(8192M) 149.598ms
[7577.037s][info][gc,cpu         ] GC(1408) User=1.18s Sys=0.00s Real=0.15s
...[7579.950s][info][gc,start       ] GC(1409) Pause Young (Normal) (G1 Evacuation Pause)
[7579.950s][info][gc,task        ] GC(1409) Using 8 workers of 8 for evacuation
[7580.103s][info][gc,phases      ] GC(1409)   Pre Evacuate Collection Set: 0.24ms
[7580.103s][info][gc,phases      ] GC(1409)   Merge Heap Roots: 0.53ms
[7580.103s][info][gc,phases      ] GC(1409)   Evacuate Collection Set: 151.47ms
[7580.103s][info][gc,phases      ] GC(1409)   Post Evacuate Collection Set: 1.04ms
[7580.103s][info][gc,phases      ] GC(1409)   Other: 0.06ms
[7580.103s][info][gc,heap        ] GC(1409) Eden regions: 571->0(571)
[7580.103s][info][gc,heap        ] GC(1409) Survivor regions: 43->43(77)
[7580.103s][info][gc,heap        ] GC(1409) Old regions: 267->275
[7580.103s][info][gc,heap        ] GC(1409) Humongous regions: 33->33
[7580.103s][info][gc,metaspace   ] GC(1409) Metaspace: 30021K(30528K)->30021K(30528K) NonClass: 26620K(26880K)->26620K(26880K) Class: 3400K(3648K)->3400K(3648K)
[7580.103s][info][gc             ] GC(1409) Pause Young (Normal) (G1 Evacuation Pause) 7294M->2791M(8192M) 153.478ms
[7580.103s][info][gc,cpu         ] GC(1409) User=1.21s Sys=0.00s Real=0.15s
...[7582.947s][info][gc,start       ] GC(1410) Pause Young (Normal) (G1 Evacuation Pause)
[7582.947s][info][gc,task        ] GC(1410) Using 8 workers of 8 for evacuation
[7583.100s][info][gc,phases      ] GC(1410)   Pre Evacuate Collection Set: 0.22ms
[7583.100s][info][gc,phases      ] GC(1410)   Merge Heap Roots: 0.53ms
[7583.100s][info][gc,phases      ] GC(1410)   Evacuate Collection Set: 150.45ms
[7583.100s][info][gc,phases      ] GC(1410)   Post Evacuate Collection Set: 1.06ms
[7583.100s][info][gc,phases      ] GC(1410)   Other: 0.06ms
[7583.100s][info][gc,heap        ] GC(1410) Eden regions: 571->0(569)
[7583.100s][info][gc,heap        ] GC(1410) Survivor regions: 43->44(77)
[7583.100s][info][gc,heap        ] GC(1410) Old regions: 275->282
[7583.100s][info][gc,heap        ] GC(1410) Humongous regions: 33->33
[7583.100s][info][gc,metaspace   ] GC(1410) Metaspace: 30021K(30528K)->30021K(30528K) NonClass: 26620K(26880K)->26620K(26880K) Class: 3400K(3648K)->3400K(3648K)
[7583.100s][info][gc             ] GC(1410) Pause Young (Normal) (G1 Evacuation Pause) 7359M->2855M(8192M) 152.466ms
[7583.100s][info][gc,cpu         ] GC(1410) User=1.20s Sys=0.00s Real=0.15s
...[7585.899s][info][gc,start       ] GC(1411) Pause Young (Normal) (G1 Evacuation Pause)
[7585.899s][info][gc,task        ] GC(1411) Using 8 workers of 8 for evacuation
[7586.046s][info][gc,phases      ] GC(1411)   Pre Evacuate Collection Set: 0.27ms
[7586.046s][info][gc,phases      ] GC(1411)   Merge Heap Roots: 0.53ms
[7586.046s][info][gc,phases      ] GC(1411)   Evacuate Collection Set: 144.77ms
[7586.046s][info][gc,phases      ] GC(1411)   Post Evacuate Collection Set: 1.05ms
[7586.046s][info][gc,phases      ] GC(1411)   Other: 0.06ms
[7586.046s][info][gc,heap        ] GC(1411) Eden regions: 569->0(564)
[7586.046s][info][gc,heap        ] GC(1411) Survivor regions: 44->43(77)
[7586.046s][info][gc,heap        ] GC(1411) Old regions: 282->289
[7586.046s][info][gc,heap        ] GC(1411) Humongous regions: 33->33
[7586.046s][info][gc,metaspace   ] GC(1411) Metaspace: 30021K(30528K)->30021K(30528K) NonClass: 26620K(26880K)->26620K(26880K) Class: 3400K(3648K)->3400K(3648K)
[7586.046s][info][gc             ] GC(1411) Pause Young (Normal) (G1 Evacuation Pause) 7407M->2903M(8192M) 146.811ms
[7586.046s][info][gc,cpu         ] GC(1411) User=1.16s Sys=0.00s Real=0.15s
...[7588.828s][info][gc,start       ] GC(1412) Pause Young (Normal) (G1 Evacuation Pause)
[7588.828s][info][gc,task        ] GC(1412) Using 8 workers of 8 for evacuation
[7588.987s][info][gc,phases      ] GC(1412)   Pre Evacuate Collection Set: 0.22ms
[7588.987s][info][gc,phases      ] GC(1412)   Merge Heap Roots: 0.53ms
[7588.987s][info][gc,phases      ] GC(1412)   Evacuate Collection Set: 157.57ms
[7588.987s][info][gc,phases      ] GC(1412)   Post Evacuate Collection Set: 1.09ms
[7588.987s][info][gc,phases      ] GC(1412)   Other: 0.06ms
[7588.987s][info][gc,heap        ] GC(1412) Eden regions: 564->0(552)
[7588.987s][info][gc,heap        ] GC(1412) Survivor regions: 43->45(76)
[7588.987s][info][gc,heap        ] GC(1412) Old regions: 289->297
[7588.987s][info][gc,heap        ] GC(1412) Humongous regions: 33->33
[7588.987s][info][gc,metaspace   ] GC(1412) Metaspace: 30021K(30528K)->30021K(30528K) NonClass: 26620K(26880K)->26620K(26880K) Class: 3400K(3648K)->3400K(3648K)
[7588.987s][info][gc             ] GC(1412) Pause Young (Normal) (G1 Evacuation Pause) 7415M->2981M(8192M) 159.593ms
[7588.988s][info][gc,cpu         ] GC(1412) User=1.26s Sys=0.01s Real=0.16s
...[7591.792s][info][gc,start       ] GC(1413) Pause Young (Normal) (G1 Evacuation Pause)
[7591.793s][info][gc,task        ] GC(1413) Using 8 workers of 8 for evacuation
[7591.947s][info][gc,phases      ] GC(1413)   Pre Evacuate Collection Set: 0.24ms
[7591.948s][info][gc,phases      ] GC(1413)   Merge Heap Roots: 0.56ms
[7591.948s][info][gc,phases      ] GC(1413)   Evacuate Collection Set: 153.09ms
[7591.948s][info][gc,phases      ] GC(1413)   Post Evacuate Collection Set: 1.03ms
[7591.948s][info][gc,phases      ] GC(1413)   Other: 0.06ms
[7591.948s][info][gc,heap        ] GC(1413) Eden regions: 552->0(547)
[7591.948s][info][gc,heap        ] GC(1413) Survivor regions: 45->44(75)
[7591.948s][info][gc,heap        ] GC(1413) Old regions: 297->304
[7591.948s][info][gc,heap        ] GC(1413) Humongous regions: 33->33
[7591.948s][info][gc,metaspace   ] GC(1413) Metaspace: 30021K(30528K)->30021K(30528K) NonClass: 26620K(26880K)->26620K(26880K) Class: 3400K(3648K)->3400K(3648K)
[7591.948s][info][gc             ] GC(1413) Pause Young (Normal) (G1 Evacuation Pause) 7397M->3029M(8192M) 155.105ms
[7591.948s][info][gc,cpu         ] GC(1413) User=1.23s Sys=0.00s Real=0.16s
...[7594.838s][info][gc,start       ] GC(1414) Pause Young (Concurrent Start) (G1 Evacuation Pause)
[7594.838s][info][gc,task        ] GC(1414) Using 8 workers of 8 for evacuation
[7594.989s][info][gc,phases      ] GC(1414)   Pre Evacuate Collection Set: 0.24ms
[7594.989s][info][gc,phases      ] GC(1414)   Merge Heap Roots: 0.52ms
[7594.989s][info][gc,phases      ] GC(1414)   Evacuate Collection Set: 149.84ms
[7594.989s][info][gc,phases      ] GC(1414)   Post Evacuate Collection Set: 1.00ms
[7594.989s][info][gc,phases      ] GC(1414)   Other: 0.08ms
[7594.989s][info][gc,heap        ] GC(1414) Eden regions: 547->0(539)
[7594.989s][info][gc,heap        ] GC(1414) Survivor regions: 44->44(74)
[7594.989s][info][gc,heap        ] GC(1414) Old regions: 304->312
[7594.989s][info][gc,heap        ] GC(1414) Humongous regions: 33->33
[7594.989s][info][gc,metaspace   ] GC(1414) Metaspace: 30021K(30528K)->30021K(30528K) NonClass: 26620K(26880K)->26620K(26880K) Class: 3400K(3648K)->3400K(3648K)
[7594.990s][info][gc             ] GC(1414) Pause Young (Concurrent Start) (G1 Evacuation Pause) 7405M->3089M(8192M) 151.821ms
[7594.990s][info][gc             ] GC(1415) Concurrent Mark Cycle
[7594.990s][info][gc,marking     ] GC(1415) Concurrent Scan Root Regions
[7594.990s][info][gc,cpu         ] GC(1414) User=1.21s Sys=0.00s Real=0.15s
[7595.237s][info][gc,marking     ] GC(1415) Concurrent Scan Root Regions 246.963ms
[7595.237s][info][gc,marking     ] GC(1415) Concurrent Mark
[7595.237s][info][gc,marking     ] GC(1415) Concurrent Mark From Roots
[7595.237s][info][gc,task        ] GC(1415) Using 2 workers of 2 for marking
.[7596.276s][info][gc,marking     ] GC(1415) Concurrent Mark From Roots 1039.317ms
[7596.276s][info][gc,marking     ] GC(1415) Concurrent Preclean
[7596.276s][info][gc,marking     ] GC(1415) Concurrent Preclean 0.112ms
[7596.276s][info][gc,start       ] GC(1415) Pause Remark
[7596.278s][info][gc             ] GC(1415) Pause Remark 4502M->3990M(8192M) 1.855ms
[7596.278s][info][gc,cpu         ] GC(1415) User=0.01s Sys=0.00s Real=0.00s
[7596.278s][info][gc,marking     ] GC(1415) Concurrent Mark 1041.572ms
[7596.278s][info][gc,marking     ] GC(1415) Concurrent Rebuild Remembered Sets and Scrub Regions
.[7597.077s][info][gc,marking     ] GC(1415) Concurrent Rebuild Remembered Sets and Scrub Regions 798.435ms
[7597.077s][info][gc,start       ] GC(1415) Pause Cleanup
[7597.077s][info][gc             ] GC(1415) Pause Cleanup 5045M->5045M(8192M) 0.233ms
[7597.077s][info][gc,cpu         ] GC(1415) User=0.00s Sys=0.00s Real=0.00s
[7597.077s][info][gc,marking     ] GC(1415) Concurrent Clear Claimed Marks
[7597.077s][info][gc,marking     ] GC(1415) Concurrent Clear Claimed Marks 0.043ms
[7597.077s][info][gc,marking     ] GC(1415) Concurrent Cleanup for Next Mark
[7597.095s][info][gc,marking     ] GC(1415) Concurrent Cleanup for Next Mark 18.035ms
[7597.095s][info][gc             ] GC(1415) Concurrent Mark Cycle 2105.727ms
.[7598.206s][info][gc,start       ] GC(1416) Pause Young (Prepare Mixed) (G1 Evacuation Pause)
[7598.206s][info][gc,task        ] GC(1416) Using 8 workers of 8 for evacuation
[7598.361s][info][gc,phases      ] GC(1416)   Pre Evacuate Collection Set: 0.22ms
[7598.361s][info][gc,phases      ] GC(1416)   Merge Heap Roots: 0.73ms
[7598.361s][info][gc,phases      ] GC(1416)   Evacuate Collection Set: 152.79ms
[7598.361s][info][gc,phases      ] GC(1416)   Post Evacuate Collection Set: 1.10ms
[7598.361s][info][gc,phases      ] GC(1416)   Other: 0.07ms
[7598.361s][info][gc,heap        ] GC(1416) Eden regions: 539->0(570)
[7598.361s][info][gc,heap        ] GC(1416) Survivor regions: 44->44(73)
[7598.361s][info][gc,heap        ] GC(1416) Old regions: 248->255
[7598.361s][info][gc,heap        ] GC(1416) Humongous regions: 33->33
[7598.361s][info][gc,metaspace   ] GC(1416) Metaspace: 30021K(30528K)->30021K(30528K) NonClass: 26620K(26880K)->26620K(26880K) Class: 3400K(3648K)->3400K(3648K)
[7598.361s][info][gc             ] GC(1416) Pause Young (Prepare Mixed) (G1 Evacuation Pause) 6889M->2642M(8192M) 155.034ms
[7598.361s][info][gc,cpu         ] GC(1416) User=1.23s Sys=0.00s Real=0.15s
...[7601.163s][info][gc,start       ] GC(1417) Pause Young (Mixed) (G1 Evacuation Pause)
[7601.164s][info][gc,task        ] GC(1417) Using 8 workers of 8 for evacuation
[7601.319s][info][gc,phases      ] GC(1417)   Pre Evacuate Collection Set: 0.28ms
[7601.319s][info][gc,phases      ] GC(1417)   Merge Heap Roots: 0.86ms
[7601.319s][info][gc,phases      ] GC(1417)   Evacuate Collection Set: 153.27ms
[7601.319s][info][gc,phases      ] GC(1417)   Post Evacuate Collection Set: 1.26ms
[7601.319s][info][gc,phases      ] GC(1417)   Other: 0.09ms
[7601.319s][info][gc,heap        ] GC(1417) Eden regions: 570->0(571)
[7601.319s][info][gc,heap        ] GC(1417) Survivor regions: 44->43(77)
[7601.319s][info][gc,heap        ] GC(1417) Old regions: 255->160
[7601.319s][info][gc,heap        ] GC(1417) Humongous regions: 33->33
[7601.319s][info][gc,metaspace   ] GC(1417) Metaspace: 30021K(30528K)->30021K(30528K) NonClass: 26620K(26880K)->26620K(26880K) Class: 3400K(3648K)->3400K(3648K)
[7601.319s][info][gc             ] GC(1417) Pause Young (Mixed) (G1 Evacuation Pause) 7202M->1875M(8192M) 155.929ms
[7601.319s][info][gc,cpu         ] GC(1417) User=1.23s Sys=0.00s Real=0.16s
...[7604.155s][info][gc,start       ] GC(1418) Pause Young (Mixed) (G1 Evacuation Pause)
[7604.155s][info][gc,task        ] GC(1418) Using 8 workers of 8 for evacuation
[7604.326s][info][gc,phases      ] GC(1418)   Pre Evacuate Collection Set: 0.24ms
[7604.326s][info][gc,phases      ] GC(1418)   Merge Heap Roots: 0.89ms
[7604.326s][info][gc,phases      ] GC(1418)   Evacuate Collection Set: 168.11ms
[7604.326s][info][gc,phases      ] GC(1418)   Post Evacuate Collection Set: 1.04ms
[7604.326s][info][gc,phases      ] GC(1418)   Other: 0.06ms
[7604.326s][info][gc,heap        ] GC(1418) Eden regions: 571->0(568)
[7604.326s][info][gc,heap        ] GC(1418) Survivor regions: 43->46(77)
[7604.326s][info][gc,heap        ] GC(1418) Old regions: 160->145
[7604.326s][info][gc,heap        ] GC(1418) Humongous regions: 33->33
[7604.326s][info][gc,metaspace   ] GC(1418) Metaspace: 30021K(30528K)->30021K(30528K) NonClass: 26620K(26880K)->26620K(26880K) Class: 3400K(3648K)->3400K(3648K)
[7604.326s][info][gc             ] GC(1418) Pause Young (Mixed) (G1 Evacuation Pause) 6443M->1773M(8192M) 170.465ms
[7604.326s][info][gc,cpu         ] GC(1418) User=1.35s Sys=0.00s Real=0.17s
...[7607.076s][info][gc,start       ] GC(1419) Pause Young (Normal) (G1 Evacuation Pause)
[7607.076s][info][gc,task        ] GC(1419) Using 8 workers of 8 for evacuation
[7607.235s][info][gc,phases      ] GC(1419)   Pre Evacuate Collection Set: 0.22ms
[7607.235s][info][gc,phases      ] GC(1419)   Merge Heap Roots: 0.55ms
[7607.235s][info][gc,phases      ] GC(1419)   Evacuate Collection Set: 156.82ms
[7607.235s][info][gc,phases      ] GC(1419)   Post Evacuate Collection Set: 1.05ms
[7607.235s][info][gc,phases      ] GC(1419)   Other: 0.06ms
[7607.235s][info][gc,heap        ] GC(1419) Eden regions: 568->0(570)
[7607.235s][info][gc,heap        ] GC(1419) Survivor regions: 46->44(77)
[7607.235s][info][gc,heap        ] GC(1419) Old regions: 145->152
[7607.235s][info][gc,heap        ] GC(1419) Humongous regions: 33->33
[7607.235s][info][gc,metaspace   ] GC(1419) Metaspace: 30021K(30528K)->30021K(30528K) NonClass: 26620K(26880K)->26620K(26880K) Class: 3400K(3648K)->3400K(3648K)
[7607.235s][info][gc             ] GC(1419) Pause Young (Normal) (G1 Evacuation Pause) 6317M->1819M(8192M) 158.829ms
[7607.235s][info][gc,cpu         ] GC(1419) User=1.26s Sys=0.00s Real=0.15s
...[7610.017s][info][gc,start       ] GC(1420) Pause Young (Normal) (G1 Evacuation Pause)
[7610.017s][info][gc,task        ] GC(1420) Using 8 workers of 8 for evacuation
[7610.175s][info][gc,phases      ] GC(1420)   Pre Evacuate Collection Set: 0.21ms
[7610.175s][info][gc,phases      ] GC(1420)   Merge Heap Roots: 0.52ms
[7610.175s][info][gc,phases      ] GC(1420)   Evacuate Collection Set: 156.34ms
[7610.175s][info][gc,phases      ] GC(1420)   Post Evacuate Collection Set: 1.06ms
[7610.175s][info][gc,phases      ] GC(1420)   Other: 0.06ms
[7610.175s][info][gc,heap        ] GC(1420) Eden regions: 570->0(569)
[7610.175s][info][gc,heap        ] GC(1420) Survivor regions: 44->45(77)
[7610.175s][info][gc,heap        ] GC(1420) Old regions: 152->159
[7610.175s][info][gc,heap        ] GC(1420) Humongous regions: 33->33
[7610.175s][info][gc,metaspace   ] GC(1420) Metaspace: 30021K(30528K)->30021K(30528K) NonClass: 26620K(26880K)->26620K(26880K) Class: 3400K(3648K)->3400K(3648K)
[7610.175s][info][gc             ] GC(1420) Pause Young (Normal) (G1 Evacuation Pause) 6379M->1878M(8192M) 158.316ms
[7610.175s][info][gc,cpu         ] GC(1420) User=1.25s Sys=0.00s Real=0.15s
...[7612.964s][info][gc,start       ] GC(1421) Pause Young (Normal) (G1 Evacuation Pause)
[7612.964s][info][gc,task        ] GC(1421) Using 8 workers of 8 for evacuation
[7613.118s][info][gc,phases      ] GC(1421)   Pre Evacuate Collection Set: 0.22ms
[7613.118s][info][gc,phases      ] GC(1421)   Merge Heap Roots: 0.51ms
[7613.118s][info][gc,phases      ] GC(1421)   Evacuate Collection Set: 152.87ms
[7613.118s][info][gc,phases      ] GC(1421)   Post Evacuate Collection Set: 1.03ms
[7613.118s][info][gc,phases      ] GC(1421)   Other: 0.06ms
[7613.118s][info][gc,heap        ] GC(1421) Eden regions: 569->0(570)
[7613.118s][info][gc,heap        ] GC(1421) Survivor regions: 45->44(77)
[7613.118s][info][gc,heap        ] GC(1421) Old regions: 159->167
[7613.118s][info][gc,heap        ] GC(1421) Humongous regions: 33->33
[7613.118s][info][gc,metaspace   ] GC(1421) Metaspace: 30021K(30528K)->30021K(30528K) NonClass: 26620K(26880K)->26620K(26880K) Class: 3400K(3648K)->3400K(3648K)
[7613.118s][info][gc             ] GC(1421) Pause Young (Normal) (G1 Evacuation Pause) 6430M->1933M(8192M) 154.838ms
[7613.119s][info][gc,cpu         ] GC(1421) User=1.23s Sys=0.00s Real=0.16s
...[7615.917s][info][gc,start       ] GC(1422) Pause Young (Normal) (G1 Evacuation Pause)
[7615.917s][info][gc,task        ] GC(1422) Using 8 workers of 8 for evacuation
[7616.071s][info][gc,phases      ] GC(1422)   Pre Evacuate Collection Set: 0.21ms
[7616.071s][info][gc,phases      ] GC(1422)   Merge Heap Roots: 0.53ms
[7616.071s][info][gc,phases      ] GC(1422)   Evacuate Collection Set: 152.08ms
[7616.071s][info][gc,phases      ] GC(1422)   Post Evacuate Collection Set: 1.04ms
[7616.071s][info][gc,phases      ] GC(1422)   Other: 0.06ms
[7616.071s][info][gc,heap        ] GC(1422) Eden regions: 570->0(570)
[7616.071s][info][gc,heap        ] GC(1422) Survivor regions: 44->44(77)
[7616.071s][info][gc,heap        ] GC(1422) Old regions: 167->174
[7616.071s][info][gc,heap        ] GC(1422) Humongous regions: 33->33
[7616.071s][info][gc,metaspace   ] GC(1422) Metaspace: 30021K(30528K)->30021K(30528K) NonClass: 26620K(26880K)->26620K(26880K) Class: 3400K(3648K)->3400K(3648K)
[7616.071s][info][gc             ] GC(1422) Pause Young (Normal) (G1 Evacuation Pause) 6493M->1987M(8192M) 154.057ms
[7616.071s][info][gc,cpu         ] GC(1422) User=1.22s Sys=0.00s Real=0.15s
...[7618.908s][info][gc,start       ] GC(1423) Pause Young (Normal) (G1 Evacuation Pause)
[7618.908s][info][gc,task        ] GC(1423) Using 8 workers of 8 for evacuation
[7619.066s][info][gc,phases      ] GC(1423)   Pre Evacuate Collection Set: 0.22ms
[7619.066s][info][gc,phases      ] GC(1423)   Merge Heap Roots: 0.54ms
[7619.066s][info][gc,phases      ] GC(1423)   Evacuate Collection Set: 156.17ms
[7619.066s][info][gc,phases      ] GC(1423)   Post Evacuate Collection Set: 1.03ms
[7619.066s][info][gc,phases      ] GC(1423)   Other: 0.06ms
[7619.066s][info][gc,heap        ] GC(1423) Eden regions: 570->0(569)
[7619.066s][info][gc,heap        ] GC(1423) Survivor regions: 44->45(77)
[7619.066s][info][gc,heap        ] GC(1423) Old regions: 174->181
[7619.066s][info][gc,heap        ] GC(1423) Humongous regions: 33->33
[7619.066s][info][gc,metaspace   ] GC(1423) Metaspace: 30021K(30528K)->30021K(30528K) NonClass: 26620K(26880K)->26620K(26880K) Class: 3400K(3648K)->3400K(3648K)
[7619.066s][info][gc             ] GC(1423) Pause Young (Normal) (G1 Evacuation Pause) 6547M->2050M(8192M) 158.144ms
[7619.067s][info][gc,cpu         ] GC(1423) User=1.25s Sys=0.00s Real=0.16s
 (rIR:aIR:PR = 12730:12656:12648) (tPR = 189190) [OK] 
  7618s: Performance info:
         Transaction,    Success,    Partial,     Failed,   Receipts, AvgBarcode, 
             Overall,     759250,          0,          0,     721279,      59.48, 
         Response times:
             Request,    Success,    Partial,     Failed,   SkipFail,     Probes,    Samples,      min,      p50,      p90,      p95,      p99,      max, 
       TotalPurchase,     721858,          0,          0,          0,     332494,     433204,      300,    50000,   235000,   318000,   418000,  3600000,
     InStorePurchase,     378564,          0,          0,          0,     174121,     227295,      300,    49000,   235000,   318000,   426000,  3600000,
      OnlinePurchase,     268282,          0,          0,          0,     122270,     159809,      300,    50000,   235000,   317000,   409000,  3600000,
        InstPurchase,      75012,          0,          0,          0,      36103,      46100,      500,    49000,   233000,   321950,   432000,  3000000,
          AssocOfCat,        765,          0,          0,          0,        619,        921,    36000,   101000,   270800,   340800,   454180,   600000,
      AssocOfProduct,       7583,          0,          0,          0,       3520,       4807,      600,    50000,   231000,   314600,   461000,  3000000,
      BusinessReport,       1913,          0,          0,          0,       1701,       2298,    44000,   120500,   306000,   399000,   577090,  1300000,
          CustBuyBeh,       7481,          0,          0,          0,       3555,       4851,      300,    49000,   228000,   315200,   494000,  3300000,
       ProductReturn,      20166,          0,          0,          0,       9825,      12563,      200,    49000,   231000,   315000,   447360,  3300000,

  7618s: (93%)   IR =  12868 ..[7621.918s][info][gc,start       ] GC(1424) Pause Young (Normal) (G1 Evacuation Pause)
[7621.918s][info][gc,task        ] GC(1424) Using 8 workers of 8 for evacuation
[7622.076s][info][gc,phases      ] GC(1424)   Pre Evacuate Collection Set: 0.21ms
[7622.076s][info][gc,phases      ] GC(1424)   Merge Heap Roots: 0.54ms
[7622.076s][info][gc,phases      ] GC(1424)   Evacuate Collection Set: 156.28ms
[7622.076s][info][gc,phases      ] GC(1424)   Post Evacuate Collection Set: 1.05ms
[7622.076s][info][gc,phases      ] GC(1424)   Other: 0.06ms
[7622.076s][info][gc,heap        ] GC(1424) Eden regions: 569->0(569)
[7622.076s][info][gc,heap        ] GC(1424) Survivor regions: 45->45(77)
[7622.076s][info][gc,heap        ] GC(1424) Old regions: 181->188
[7622.076s][info][gc,heap        ] GC(1424) Humongous regions: 33->33
[7622.076s][info][gc,metaspace   ] GC(1424) Metaspace: 30021K(30528K)->30021K(30528K) NonClass: 26620K(26880K)->26620K(26880K) Class: 3400K(3648K)->3400K(3648K)
[7622.076s][info][gc             ] GC(1424) Pause Young (Normal) (G1 Evacuation Pause) 6602M->2110M(8192M) 158.264ms
[7622.076s][info][gc,cpu         ] GC(1424) User=1.25s Sys=0.00s Real=0.16s
...[7624.833s][info][gc,start       ] GC(1425) Pause Young (Normal) (G1 Evacuation Pause)
[7624.833s][info][gc,task        ] GC(1425) Using 8 workers of 8 for evacuation
[7624.991s][info][gc,phases      ] GC(1425)   Pre Evacuate Collection Set: 0.21ms
[7624.991s][info][gc,phases      ] GC(1425)   Merge Heap Roots: 0.52ms
[7624.991s][info][gc,phases      ] GC(1425)   Evacuate Collection Set: 156.81ms
[7624.991s][info][gc,phases      ] GC(1425)   Post Evacuate Collection Set: 1.06ms
[7624.991s][info][gc,phases      ] GC(1425)   Other: 0.08ms
[7624.991s][info][gc,heap        ] GC(1425) Eden regions: 569->0(569)
[7624.991s][info][gc,heap        ] GC(1425) Survivor regions: 45->45(77)
[7624.991s][info][gc,heap        ] GC(1425) Old regions: 188->196
[7624.991s][info][gc,heap        ] GC(1425) Humongous regions: 33->33
[7624.991s][info][gc,metaspace   ] GC(1425) Metaspace: 30021K(30528K)->30021K(30528K) NonClass: 26620K(26880K)->26620K(26880K) Class: 3400K(3648K)->3400K(3648K)
[7624.991s][info][gc             ] GC(1425) Pause Young (Normal) (G1 Evacuation Pause) 6662M->2170M(8192M) 158.814ms
[7624.991s][info][gc,cpu         ] GC(1425) User=1.26s Sys=0.00s Real=0.16s
...[7627.900s][info][gc,start       ] GC(1426) Pause Young (Normal) (G1 Evacuation Pause)
[7627.900s][info][gc,task        ] GC(1426) Using 8 workers of 8 for evacuation
[7628.059s][info][gc,phases      ] GC(1426)   Pre Evacuate Collection Set: 0.22ms
[7628.059s][info][gc,phases      ] GC(1426)   Merge Heap Roots: 0.53ms
[7628.059s][info][gc,phases      ] GC(1426)   Evacuate Collection Set: 157.36ms
[7628.059s][info][gc,phases      ] GC(1426)   Post Evacuate Collection Set: 1.04ms
[7628.059s][info][gc,phases      ] GC(1426)   Other: 0.06ms
[7628.059s][info][gc,heap        ] GC(1426) Eden regions: 569->0(569)
[7628.059s][info][gc,heap        ] GC(1426) Survivor regions: 45->45(77)
[7628.059s][info][gc,heap        ] GC(1426) Old regions: 196->203
[7628.059s][info][gc,heap        ] GC(1426) Humongous regions: 33->33
[7628.059s][info][gc,metaspace   ] GC(1426) Metaspace: 30021K(30528K)->30021K(30528K) NonClass: 26620K(26880K)->26620K(26880K) Class: 3400K(3648K)->3400K(3648K)
[7628.059s][info][gc             ] GC(1426) Pause Young (Normal) (G1 Evacuation Pause) 6722M->2229M(8192M) 159.363ms
[7628.059s][info][gc,cpu         ] GC(1426) User=1.27s Sys=0.00s Real=0.16s
...[7630.837s][info][gc,start       ] GC(1427) Pause Young (Normal) (G1 Evacuation Pause)
[7630.837s][info][gc,task        ] GC(1427) Using 8 workers of 8 for evacuation
[7631.002s][info][gc,phases      ] GC(1427)   Pre Evacuate Collection Set: 0.22ms
[7631.002s][info][gc,phases      ] GC(1427)   Merge Heap Roots: 0.53ms
[7631.002s][info][gc,phases      ] GC(1427)   Evacuate Collection Set: 162.72ms
[7631.002s][info][gc,phases      ] GC(1427)   Post Evacuate Collection Set: 1.06ms
[7631.002s][info][gc,phases      ] GC(1427)   Other: 0.07ms
[7631.002s][info][gc,heap        ] GC(1427) Eden regions: 569->0(567)
[7631.002s][info][gc,heap        ] GC(1427) Survivor regions: 45->47(77)
[7631.002s][info][gc,heap        ] GC(1427) Old regions: 203->210
[7631.002s][info][gc,heap        ] GC(1427) Humongous regions: 33->33
[7631.002s][info][gc,metaspace   ] GC(1427) Metaspace: 30021K(30528K)->30021K(30528K) NonClass: 26620K(26880K)->26620K(26880K) Class: 3400K(3648K)->3400K(3648K)
[7631.002s][info][gc             ] GC(1427) Pause Young (Normal) (G1 Evacuation Pause) 6781M->2303M(8192M) 164.725ms
[7631.002s][info][gc,cpu         ] GC(1427) User=1.30s Sys=0.01s Real=0.16s
...[7633.827s][info][gc,start       ] GC(1428) Pause Young (Normal) (G1 Evacuation Pause)
[7633.827s][info][gc,task        ] GC(1428) Using 8 workers of 8 for evacuation
[7633.986s][info][gc,phases      ] GC(1428)   Pre Evacuate Collection Set: 0.22ms
[7633.986s][info][gc,phases      ] GC(1428)   Merge Heap Roots: 0.52ms
[7633.986s][info][gc,phases      ] GC(1428)   Evacuate Collection Set: 157.40ms
[7633.986s][info][gc,phases      ] GC(1428)   Post Evacuate Collection Set: 1.04ms
[7633.986s][info][gc,phases      ] GC(1428)   Other: 0.07ms
[7633.986s][info][gc,heap        ] GC(1428) Eden regions: 567->0(569)
[7633.986s][info][gc,heap        ] GC(1428) Survivor regions: 47->45(77)
[7633.986s][info][gc,heap        ] GC(1428) Old regions: 210->218
[7633.986s][info][gc,heap        ] GC(1428) Humongous regions: 33->33
[7633.986s][info][gc,metaspace   ] GC(1428) Metaspace: 30021K(30528K)->30021K(30528K) NonClass: 26620K(26880K)->26620K(26880K) Class: 3400K(3648K)->3400K(3648K)
[7633.986s][info][gc             ] GC(1428) Pause Young (Normal) (G1 Evacuation Pause) 6839M->2350M(8192M) 159.371ms
[7633.986s][info][gc,cpu         ] GC(1428) User=1.26s Sys=0.00s Real=0.16s
...[7636.742s][info][gc,start       ] GC(1429) Pause Young (Normal) (G1 Evacuation Pause)
[7636.742s][info][gc,task        ] GC(1429) Using 8 workers of 8 for evacuation
[7636.903s][info][gc,phases      ] GC(1429)   Pre Evacuate Collection Set: 0.21ms
[7636.903s][info][gc,phases      ] GC(1429)   Merge Heap Roots: 0.54ms
[7636.903s][info][gc,phases      ] GC(1429)   Evacuate Collection Set: 158.92ms
[7636.903s][info][gc,phases      ] GC(1429)   Post Evacuate Collection Set: 1.04ms
[7636.903s][info][gc,phases      ] GC(1429)   Other: 0.06ms
[7636.903s][info][gc,heap        ] GC(1429) Eden regions: 569->0(570)
[7636.903s][info][gc,heap        ] GC(1429) Survivor regions: 45->44(77)
[7636.903s][info][gc,heap        ] GC(1429) Old regions: 218->225
[7636.903s][info][gc,heap        ] GC(1429) Humongous regions: 33->33
[7636.903s][info][gc,metaspace   ] GC(1429) Metaspace: 30021K(30528K)->30021K(30528K) NonClass: 26620K(26880K)->26620K(26880K) Class: 3400K(3648K)->3400K(3648K)
[7636.903s][info][gc             ] GC(1429) Pause Young (Normal) (G1 Evacuation Pause) 6902M->2403M(8192M) 160.894ms
[7636.903s][info][gc,cpu         ] GC(1429) User=1.27s Sys=0.00s Real=0.16s
...[7639.700s][info][gc,start       ] GC(1430) Pause Young (Normal) (G1 Evacuation Pause)
[7639.700s][info][gc,task        ] GC(1430) Using 8 workers of 8 for evacuation
[7639.856s][info][gc,phases      ] GC(1430)   Pre Evacuate Collection Set: 0.21ms
[7639.856s][info][gc,phases      ] GC(1430)   Merge Heap Roots: 0.52ms
[7639.856s][info][gc,phases      ] GC(1430)   Evacuate Collection Set: 153.55ms
[7639.856s][info][gc,phases      ] GC(1430)   Post Evacuate Collection Set: 1.06ms
[7639.856s][info][gc,phases      ] GC(1430)   Other: 0.06ms
[7639.856s][info][gc,heap        ] GC(1430) Eden regions: 570->0(571)
[7639.856s][info][gc,heap        ] GC(1430) Survivor regions: 44->43(77)
[7639.856s][info][gc,heap        ] GC(1430) Old regions: 225->232
[7639.856s][info][gc,heap        ] GC(1430) Humongous regions: 33->33
[7639.856s][info][gc,metaspace   ] GC(1430) Metaspace: 30021K(30528K)->30021K(30528K) NonClass: 26620K(26880K)->26620K(26880K) Class: 3400K(3648K)->3400K(3648K)
[7639.856s][info][gc             ] GC(1430) Pause Young (Normal) (G1 Evacuation Pause) 6963M->2451M(8192M) 155.559ms
[7639.856s][info][gc,cpu         ] GC(1430) User=1.23s Sys=0.00s Real=0.16s
.|..[7642.618s][info][gc,start       ] GC(1431) Pause Young (Normal) (G1 Evacuation Pause)
[7642.618s][info][gc,task        ] GC(1431) Using 8 workers of 8 for evacuation
[7642.770s][info][gc,phases      ] GC(1431)   Pre Evacuate Collection Set: 0.22ms
[7642.770s][info][gc,phases      ] GC(1431)   Merge Heap Roots: 0.53ms
[7642.770s][info][gc,phases      ] GC(1431)   Evacuate Collection Set: 150.12ms
[7642.770s][info][gc,phases      ] GC(1431)   Post Evacuate Collection Set: 1.04ms
[7642.770s][info][gc,phases      ] GC(1431)   Other: 0.06ms
[7642.770s][info][gc,heap        ] GC(1431) Eden regions: 571->0(571)
[7642.770s][info][gc,heap        ] GC(1431) Survivor regions: 43->43(77)
[7642.770s][info][gc,heap        ] GC(1431) Old regions: 232->240
[7642.770s][info][gc,heap        ] GC(1431) Humongous regions: 33->33
[7642.770s][info][gc,metaspace   ] GC(1431) Metaspace: 30021K(30528K)->30021K(30528K) NonClass: 26620K(26880K)->26620K(26880K) Class: 3400K(3648K)->3400K(3648K)
[7642.770s][info][gc             ] GC(1431) Pause Young (Normal) (G1 Evacuation Pause) 7019M->2509M(8192M) 152.090ms
[7642.770s][info][gc,cpu         ] GC(1431) User=1.20s Sys=0.00s Real=0.15s
...[7645.564s][info][gc,start       ] GC(1432) Pause Young (Normal) (G1 Evacuation Pause)
[7645.564s][info][gc,task        ] GC(1432) Using 8 workers of 8 for evacuation
[7645.732s][info][gc,phases      ] GC(1432)   Pre Evacuate Collection Set: 0.21ms
[7645.732s][info][gc,phases      ] GC(1432)   Merge Heap Roots: 0.54ms
[7645.732s][info][gc,phases      ] GC(1432)   Evacuate Collection Set: 165.94ms
[7645.732s][info][gc,phases      ] GC(1432)   Post Evacuate Collection Set: 1.06ms
[7645.732s][info][gc,phases      ] GC(1432)   Other: 0.06ms
[7645.732s][info][gc,heap        ] GC(1432) Eden regions: 571->0(569)
[7645.732s][info][gc,heap        ] GC(1432) Survivor regions: 43->45(77)
[7645.732s][info][gc,heap        ] GC(1432) Old regions: 240->247
[7645.732s][info][gc,heap        ] GC(1432) Humongous regions: 33->33
[7645.732s][info][gc,metaspace   ] GC(1432) Metaspace: 30021K(30528K)->30021K(30528K) NonClass: 26620K(26880K)->26620K(26880K) Class: 3400K(3648K)->3400K(3648K)
[7645.732s][info][gc             ] GC(1432) Pause Young (Normal) (G1 Evacuation Pause) 7077M->2583M(8192M) 167.946ms
[7645.732s][info][gc,cpu         ] GC(1432) User=1.27s Sys=0.00s Real=0.17s
...[7648.491s][info][gc,start       ] GC(1433) Pause Young (Normal) (G1 Evacuation Pause)
[7648.491s][info][gc,task        ] GC(1433) Using 8 workers of 8 for evacuation
[7648.650s][info][gc,phases      ] GC(1433)   Pre Evacuate Collection Set: 0.22ms
[7648.650s][info][gc,phases      ] GC(1433)   Merge Heap Roots: 0.60ms
[7648.650s][info][gc,phases      ] GC(1433)   Evacuate Collection Set: 157.35ms
[7648.650s][info][gc,phases      ] GC(1433)   Post Evacuate Collection Set: 1.02ms
[7648.650s][info][gc,phases      ] GC(1433)   Other: 0.06ms
[7648.650s][info][gc,heap        ] GC(1433) Eden regions: 569->0(569)
[7648.650s][info][gc,heap        ] GC(1433) Survivor regions: 45->45(77)
[7648.650s][info][gc,heap        ] GC(1433) Old regions: 247->254
[7648.650s][info][gc,heap        ] GC(1433) Humongous regions: 33->33
[7648.650s][info][gc,metaspace   ] GC(1433) Metaspace: 30021K(30528K)->30021K(30528K) NonClass: 26620K(26880K)->26620K(26880K) Class: 3400K(3648K)->3400K(3648K)
[7648.650s][info][gc             ] GC(1433) Pause Young (Normal) (G1 Evacuation Pause) 7135M->2642M(8192M) 159.389ms
[7648.650s][info][gc,cpu         ] GC(1433) User=1.26s Sys=0.00s Real=0.16s
...[7651.443s][info][gc,start       ] GC(1434) Pause Young (Normal) (G1 Evacuation Pause)
[7651.443s][info][gc,task        ] GC(1434) Using 8 workers of 8 for evacuation
[7651.609s][info][gc,phases      ] GC(1434)   Pre Evacuate Collection Set: 0.22ms
[7651.609s][info][gc,phases      ] GC(1434)   Merge Heap Roots: 0.52ms
[7651.609s][info][gc,phases      ] GC(1434)   Evacuate Collection Set: 164.05ms
[7651.609s][info][gc,phases      ] GC(1434)   Post Evacuate Collection Set: 1.04ms
[7651.609s][info][gc,phases      ] GC(1434)   Other: 0.06ms
[7651.609s][info][gc,heap        ] GC(1434) Eden regions: 569->0(567)
[7651.609s][info][gc,heap        ] GC(1434) Survivor regions: 45->47(77)
[7651.609s][info][gc,heap        ] GC(1434) Old regions: 254->261
[7651.609s][info][gc,heap        ] GC(1434) Humongous regions: 33->33
[7651.609s][info][gc,metaspace   ] GC(1434) Metaspace: 30021K(30528K)->30021K(30528K) NonClass: 26620K(26880K)->26620K(26880K) Class: 3400K(3648K)->3400K(3648K)
[7651.609s][info][gc             ] GC(1434) Pause Young (Normal) (G1 Evacuation Pause) 7194M->2714M(8192M) 166.010ms
[7651.609s][info][gc,cpu         ] GC(1434) User=1.32s Sys=0.00s Real=0.17s
...[7654.345s][info][gc,start       ] GC(1435) Pause Young (Normal) (G1 Evacuation Pause)
[7654.345s][info][gc,task        ] GC(1435) Using 8 workers of 8 for evacuation
[7654.500s][info][gc,phases      ] GC(1435)   Pre Evacuate Collection Set: 0.21ms
[7654.500s][info][gc,phases      ] GC(1435)   Merge Heap Roots: 0.53ms
[7654.500s][info][gc,phases      ] GC(1435)   Evacuate Collection Set: 153.36ms
[7654.500s][info][gc,phases      ] GC(1435)   Post Evacuate Collection Set: 1.05ms
[7654.500s][info][gc,phases      ] GC(1435)   Other: 0.06ms
[7654.500s][info][gc,heap        ] GC(1435) Eden regions: 567->0(570)
[7654.500s][info][gc,heap        ] GC(1435) Survivor regions: 47->44(77)
[7654.500s][info][gc,heap        ] GC(1435) Old regions: 261->268
[7654.500s][info][gc,heap        ] GC(1435) Humongous regions: 33->33
[7654.500s][info][gc,metaspace   ] GC(1435) Metaspace: 30021K(30528K)->30021K(30528K) NonClass: 26620K(26880K)->26620K(26880K) Class: 3400K(3648K)->3400K(3648K)
[7654.500s][info][gc             ] GC(1435) Pause Young (Normal) (G1 Evacuation Pause) 7250M->2743M(8192M) 155.361ms
[7654.501s][info][gc,cpu         ] GC(1435) User=1.23s Sys=0.00s Real=0.16s
...[7657.358s][info][gc,start       ] GC(1436) Pause Young (Normal) (G1 Evacuation Pause)
[7657.358s][info][gc,task        ] GC(1436) Using 8 workers of 8 for evacuation
[7657.519s][info][gc,phases      ] GC(1436)   Pre Evacuate Collection Set: 0.22ms
[7657.519s][info][gc,phases      ] GC(1436)   Merge Heap Roots: 0.51ms
[7657.519s][info][gc,phases      ] GC(1436)   Evacuate Collection Set: 159.18ms
[7657.519s][info][gc,phases      ] GC(1436)   Post Evacuate Collection Set: 1.06ms
[7657.519s][info][gc,phases      ] GC(1436)   Other: 0.07ms
[7657.519s][info][gc,heap        ] GC(1436) Eden regions: 570->0(569)
[7657.519s][info][gc,heap        ] GC(1436) Survivor regions: 44->45(77)
[7657.519s][info][gc,heap        ] GC(1436) Old regions: 268->276
[7657.519s][info][gc,heap        ] GC(1436) Humongous regions: 33->33
[7657.519s][info][gc,metaspace   ] GC(1436) Metaspace: 30021K(30528K)->30021K(30528K) NonClass: 26620K(26880K)->26620K(26880K) Class: 3400K(3648K)->3400K(3648K)
[7657.519s][info][gc             ] GC(1436) Pause Young (Normal) (G1 Evacuation Pause) 7303M->2810M(8192M) 161.177ms
[7657.519s][info][gc,cpu         ] GC(1436) User=1.28s Sys=0.00s Real=0.16s
...[7660.253s][info][gc,start       ] GC(1437) Pause Young (Normal) (G1 Evacuation Pause)
[7660.253s][info][gc,task        ] GC(1437) Using 8 workers of 8 for evacuation
[7660.403s][info][gc,phases      ] GC(1437)   Pre Evacuate Collection Set: 0.22ms
[7660.403s][info][gc,phases      ] GC(1437)   Merge Heap Roots: 0.55ms
[7660.403s][info][gc,phases      ] GC(1437)   Evacuate Collection Set: 147.25ms
[7660.403s][info][gc,phases      ] GC(1437)   Post Evacuate Collection Set: 1.00ms
[7660.403s][info][gc,phases      ] GC(1437)   Other: 0.09ms
[7660.403s][info][gc,heap        ] GC(1437) Eden regions: 569->0(570)
[7660.403s][info][gc,heap        ] GC(1437) Survivor regions: 45->43(77)
[7660.403s][info][gc,heap        ] GC(1437) Old regions: 276->283
[7660.403s][info][gc,heap        ] GC(1437) Humongous regions: 33->33
[7660.403s][info][gc,metaspace   ] GC(1437) Metaspace: 30021K(30528K)->30021K(30528K) NonClass: 26620K(26880K)->26620K(26880K) Class: 3400K(3648K)->3400K(3648K)
[7660.403s][info][gc             ] GC(1437) Pause Young (Normal) (G1 Evacuation Pause) 7362M->2851M(8192M) 149.241ms
[7660.403s][info][gc,cpu         ] GC(1437) User=1.18s Sys=0.00s Real=0.15s
...[7663.214s][info][gc,start       ] GC(1438) Pause Young (Normal) (G1 Evacuation Pause)
[7663.214s][info][gc,task        ] GC(1438) Using 8 workers of 8 for evacuation
[7663.367s][info][gc,phases      ] GC(1438)   Pre Evacuate Collection Set: 0.20ms
[7663.367s][info][gc,phases      ] GC(1438)   Merge Heap Roots: 0.53ms
[7663.367s][info][gc,phases      ] GC(1438)   Evacuate Collection Set: 150.98ms
[7663.367s][info][gc,phases      ] GC(1438)   Post Evacuate Collection Set: 1.05ms
[7663.367s][info][gc,phases      ] GC(1438)   Other: 0.06ms
[7663.367s][info][gc,heap        ] GC(1438) Eden regions: 570->0(563)
[7663.367s][info][gc,heap        ] GC(1438) Survivor regions: 43->43(77)
[7663.367s][info][gc,heap        ] GC(1438) Old regions: 283->290
[7663.367s][info][gc,heap        ] GC(1438) Humongous regions: 33->33
[7663.367s][info][gc,metaspace   ] GC(1438) Metaspace: 30021K(30528K)->30021K(30528K) NonClass: 26620K(26880K)->26620K(26880K) Class: 3400K(3648K)->3400K(3648K)
[7663.367s][info][gc             ] GC(1438) Pause Young (Normal) (G1 Evacuation Pause) 7411M->2914M(8192M) 152.939ms
[7663.367s][info][gc,cpu         ] GC(1438) User=1.21s Sys=0.01s Real=0.16s
..[7666.105s][info][gc,start       ] GC(1439) Pause Young (Normal) (G1 Evacuation Pause)
[7666.105s][info][gc,task        ] GC(1439) Using 8 workers of 8 for evacuation
[7666.257s][info][gc,phases      ] GC(1439)   Pre Evacuate Collection Set: 0.21ms
[7666.257s][info][gc,phases      ] GC(1439)   Merge Heap Roots: 0.53ms
[7666.257s][info][gc,phases      ] GC(1439)   Evacuate Collection Set: 150.69ms
[7666.257s][info][gc,phases      ] GC(1439)   Post Evacuate Collection Set: 1.03ms
[7666.258s][info][gc,phases      ] GC(1439)   Other: 0.07ms
[7666.258s][info][gc,heap        ] GC(1439) Eden regions: 563->0(555)
[7666.258s][info][gc,heap        ] GC(1439) Survivor regions: 43->43(76)
[7666.258s][info][gc,heap        ] GC(1439) Old regions: 290->298
[7666.258s][info][gc,heap        ] GC(1439) Humongous regions: 33->33
[7666.258s][info][gc,metaspace   ] GC(1439) Metaspace: 30021K(30528K)->30021K(30528K) NonClass: 26620K(26880K)->26620K(26880K) Class: 3400K(3648K)->3400K(3648K)
[7666.258s][info][gc             ] GC(1439) Pause Young (Normal) (G1 Evacuation Pause) 7418M->2970M(8192M) 152.661ms
[7666.258s][info][gc,cpu         ] GC(1439) User=1.20s Sys=0.00s Real=0.16s
...[7668.999s][info][gc,start       ] GC(1440) Pause Young (Normal) (G1 Evacuation Pause)
[7668.999s][info][gc,task        ] GC(1440) Using 8 workers of 8 for evacuation
[7669.149s][info][gc,phases      ] GC(1440)   Pre Evacuate Collection Set: 0.23ms
[7669.149s][info][gc,phases      ] GC(1440)   Merge Heap Roots: 0.53ms
[7669.149s][info][gc,phases      ] GC(1440)   Evacuate Collection Set: 148.73ms
[7669.149s][info][gc,phases      ] GC(1440)   Post Evacuate Collection Set: 1.02ms
[7669.149s][info][gc,phases      ] GC(1440)   Other: 0.06ms
[7669.149s][info][gc,heap        ] GC(1440) Eden regions: 555->0(548)
[7669.149s][info][gc,heap        ] GC(1440) Survivor regions: 43->43(75)
[7669.149s][info][gc,heap        ] GC(1440) Old regions: 298->305
[7669.149s][info][gc,heap        ] GC(1440) Humongous regions: 33->33
[7669.149s][info][gc,metaspace   ] GC(1440) Metaspace: 30021K(30528K)->30021K(30528K) NonClass: 26620K(26880K)->26620K(26880K) Class: 3400K(3648K)->3400K(3648K)
[7669.149s][info][gc             ] GC(1440) Pause Young (Normal) (G1 Evacuation Pause) 7410M->3033M(8192M) 150.731ms
[7669.149s][info][gc,cpu         ] GC(1440) User=1.19s Sys=0.00s Real=0.15s
...[7671.781s][info][gc,start       ] GC(1441) Pause Young (Concurrent Start) (G1 Evacuation Pause)
[7671.781s][info][gc,task        ] GC(1441) Using 8 workers of 8 for evacuation
[7671.937s][info][gc,phases      ] GC(1441)   Pre Evacuate Collection Set: 0.24ms
[7671.937s][info][gc,phases      ] GC(1441)   Merge Heap Roots: 0.51ms
[7671.937s][info][gc,phases      ] GC(1441)   Evacuate Collection Set: 154.43ms
[7671.937s][info][gc,phases      ] GC(1441)   Post Evacuate Collection Set: 1.00ms
[7671.937s][info][gc,phases      ] GC(1441)   Other: 0.09ms
[7671.937s][info][gc,heap        ] GC(1441) Eden regions: 548->0(538)
[7671.937s][info][gc,heap        ] GC(1441) Survivor regions: 43->44(74)
[7671.937s][info][gc,heap        ] GC(1441) Old regions: 305->313
[7671.937s][info][gc,heap        ] GC(1441) Humongous regions: 33->33
[7671.937s][info][gc,metaspace   ] GC(1441) Metaspace: 30021K(30528K)->30021K(30528K) NonClass: 26620K(26880K)->26620K(26880K) Class: 3400K(3648K)->3400K(3648K)
[7671.937s][info][gc             ] GC(1441) Pause Young (Concurrent Start) (G1 Evacuation Pause) 7417M->3102M(8192M) 156.396ms
[7671.937s][info][gc             ] GC(1442) Concurrent Mark Cycle
[7671.937s][info][gc,marking     ] GC(1442) Concurrent Scan Root Regions
[7671.937s][info][gc,cpu         ] GC(1441) User=1.24s Sys=0.00s Real=0.16s
.[7672.348s][info][gc,marking     ] GC(1442) Concurrent Scan Root Regions 411.065ms
[7672.348s][info][gc,marking     ] GC(1442) Concurrent Mark
[7672.348s][info][gc,marking     ] GC(1442) Concurrent Mark From Roots
[7672.348s][info][gc,task        ] GC(1442) Using 2 workers of 2 for marking
.[7673.575s][info][gc,marking     ] GC(1442) Concurrent Mark From Roots 1226.608ms
[7673.575s][info][gc,marking     ] GC(1442) Concurrent Preclean
[7673.575s][info][gc,marking     ] GC(1442) Concurrent Preclean 0.105ms
[7673.575s][info][gc,start       ] GC(1442) Pause Remark
[7673.577s][info][gc             ] GC(1442) Pause Remark 4971M->4419M(8192M) 1.966ms
[7673.577s][info][gc,cpu         ] GC(1442) User=0.02s Sys=0.00s Real=0.01s
[7673.577s][info][gc,marking     ] GC(1442) Concurrent Mark 1228.946ms
[7673.577s][info][gc,marking     ] GC(1442) Concurrent Rebuild Remembered Sets and Scrub Regions
[7674.259s][info][gc,marking     ] GC(1442) Concurrent Rebuild Remembered Sets and Scrub Regions 681.960ms
[7674.259s][info][gc,start       ] GC(1442) Pause Cleanup
[7674.259s][info][gc             ] GC(1442) Pause Cleanup 5322M->5322M(8192M) 0.254ms
[7674.259s][info][gc,cpu         ] GC(1442) User=0.00s Sys=0.00s Real=0.00s
[7674.259s][info][gc,marking     ] GC(1442) Concurrent Clear Claimed Marks
[7674.260s][info][gc,marking     ] GC(1442) Concurrent Clear Claimed Marks 0.039ms
[7674.260s][info][gc,marking     ] GC(1442) Concurrent Cleanup for Next Mark
.[7674.271s][info][gc,marking     ] GC(1442) Concurrent Cleanup for Next Mark 11.550ms
[7674.271s][info][gc             ] GC(1442) Concurrent Mark Cycle 2334.201ms
.[7675.295s][info][gc,start       ] GC(1443) Pause Young (Prepare Mixed) (G1 Evacuation Pause)
[7675.295s][info][gc,task        ] GC(1443) Using 8 workers of 8 for evacuation
[7675.444s][info][gc,phases      ] GC(1443)   Pre Evacuate Collection Set: 0.21ms
[7675.444s][info][gc,phases      ] GC(1443)   Merge Heap Roots: 0.75ms
[7675.444s][info][gc,phases      ] GC(1443)   Evacuate Collection Set: 146.84ms
[7675.444s][info][gc,phases      ] GC(1443)   Post Evacuate Collection Set: 1.15ms
[7675.444s][info][gc,phases      ] GC(1443)   Other: 0.06ms
[7675.444s][info][gc,heap        ] GC(1443) Eden regions: 538->0(572)
[7675.444s][info][gc,heap        ] GC(1443) Survivor regions: 44->42(73)
[7675.444s][info][gc,heap        ] GC(1443) Old regions: 244->252
[7675.444s][info][gc,heap        ] GC(1443) Humongous regions: 33->33
[7675.444s][info][gc,metaspace   ] GC(1443) Metaspace: 30021K(30528K)->30021K(30528K) NonClass: 26620K(26880K)->26620K(26880K) Class: 3400K(3648K)->3400K(3648K)
[7675.444s][info][gc             ] GC(1443) Pause Young (Prepare Mixed) (G1 Evacuation Pause) 6854M->2597M(8192M) 149.157ms
[7675.444s][info][gc,cpu         ] GC(1443) User=1.19s Sys=0.00s Real=0.15s
..[7678.228s][info][gc,start       ] GC(1444) Pause Young (Mixed) (G1 Evacuation Pause)
[7678.228s][info][gc,task        ] GC(1444) Using 8 workers of 8 for evacuation
[7678.400s][info][gc,phases      ] GC(1444)   Pre Evacuate Collection Set: 0.26ms
[7678.400s][info][gc,phases      ] GC(1444)   Merge Heap Roots: 0.82ms
[7678.400s][info][gc,phases      ] GC(1444)   Evacuate Collection Set: 169.59ms
[7678.400s][info][gc,phases      ] GC(1444)   Post Evacuate Collection Set: 1.30ms
[7678.400s][info][gc,phases      ] GC(1444)   Other: 0.08ms
[7678.400s][info][gc,heap        ] GC(1444) Eden regions: 572->0(567)
[7678.400s][info][gc,heap        ] GC(1444) Survivor regions: 42->47(77)
[7678.400s][info][gc,heap        ] GC(1444) Old regions: 252->157
[7678.400s][info][gc,heap        ] GC(1444) Humongous regions: 33->33
[7678.400s][info][gc,metaspace   ] GC(1444) Metaspace: 30021K(30528K)->30021K(30528K) NonClass: 26620K(26880K)->26620K(26880K) Class: 3400K(3648K)->3400K(3648K)
[7678.400s][info][gc             ] GC(1444) Pause Young (Mixed) (G1 Evacuation Pause) 7173M->1876M(8192M) 172.194ms
[7678.400s][info][gc,cpu         ] GC(1444) User=1.36s Sys=0.00s Real=0.17s
...[7681.149s][info][gc,start       ] GC(1445) Pause Young (Mixed) (G1 Evacuation Pause)
[7681.149s][info][gc,task        ] GC(1445) Using 8 workers of 8 for evacuation
[7681.320s][info][gc,phases      ] GC(1445)   Pre Evacuate Collection Set: 0.21ms
[7681.320s][info][gc,phases      ] GC(1445)   Merge Heap Roots: 0.74ms
[7681.320s][info][gc,phases      ] GC(1445)   Evacuate Collection Set: 168.98ms
[7681.320s][info][gc,phases      ] GC(1445)   Post Evacuate Collection Set: 1.06ms
[7681.320s][info][gc,phases      ] GC(1445)   Other: 0.07ms
[7681.320s][info][gc,heap        ] GC(1445) Eden regions: 567->0(568)
[7681.320s][info][gc,heap        ] GC(1445) Survivor regions: 47->46(77)
[7681.320s][info][gc,heap        ] GC(1445) Old regions: 157->144
[7681.320s][info][gc,heap        ] GC(1445) Humongous regions: 33->33
[7681.320s][info][gc,metaspace   ] GC(1445) Metaspace: 30021K(30528K)->30021K(30528K) NonClass: 26620K(26880K)->26620K(26880K) Class: 3400K(3648K)->3400K(3648K)
[7681.320s][info][gc             ] GC(1445) Pause Young (Mixed) (G1 Evacuation Pause) 6412M->1766M(8192M) 171.186ms
[7681.320s][info][gc,cpu         ] GC(1445) User=1.36s Sys=0.00s Real=0.17s
...[7683.996s][info][gc,start       ] GC(1446) Pause Young (Normal) (G1 Evacuation Pause)
[7683.996s][info][gc,task        ] GC(1446) Using 8 workers of 8 for evacuation
[7684.155s][info][gc,phases      ] GC(1446)   Pre Evacuate Collection Set: 0.22ms
[7684.155s][info][gc,phases      ] GC(1446)   Merge Heap Roots: 0.54ms
[7684.155s][info][gc,phases      ] GC(1446)   Evacuate Collection Set: 156.82ms
[7684.155s][info][gc,phases      ] GC(1446)   Post Evacuate Collection Set: 1.04ms
[7684.155s][info][gc,phases      ] GC(1446)   Other: 0.08ms
[7684.155s][info][gc,heap        ] GC(1446) Eden regions: 568->0(570)
[7684.155s][info][gc,heap        ] GC(1446) Survivor regions: 46->44(77)
[7684.155s][info][gc,heap        ] GC(1446) Old regions: 144->151
[7684.155s][info][gc,heap        ] GC(1446) Humongous regions: 33->33
[7684.155s][info][gc,metaspace   ] GC(1446) Metaspace: 30021K(30528K)->30021K(30528K) NonClass: 26620K(26880K)->26620K(26880K) Class: 3400K(3648K)->3400K(3648K)
[7684.155s][info][gc             ] GC(1446) Pause Young (Normal) (G1 Evacuation Pause) 6310M->1801M(8192M) 158.833ms
[7684.155s][info][gc,cpu         ] GC(1446) User=1.26s Sys=0.00s Real=0.15s
...[7686.993s][info][gc,start       ] GC(1447) Pause Young (Normal) (G1 Evacuation Pause)
[7686.993s][info][gc,task        ] GC(1447) Using 8 workers of 8 for evacuation
[7687.155s][info][gc,phases      ] GC(1447)   Pre Evacuate Collection Set: 0.21ms
[7687.155s][info][gc,phases      ] GC(1447)   Merge Heap Roots: 0.53ms
[7687.155s][info][gc,phases      ] GC(1447)   Evacuate Collection Set: 160.91ms
[7687.155s][info][gc,phases      ] GC(1447)   Post Evacuate Collection Set: 1.09ms
[7687.155s][info][gc,phases      ] GC(1447)   Other: 0.06ms
[7687.155s][info][gc,heap        ] GC(1447) Eden regions: 570->0(567)
[7687.155s][info][gc,heap        ] GC(1447) Survivor regions: 44->47(77)
[7687.155s][info][gc,heap        ] GC(1447) Old regions: 151->157
[7687.155s][info][gc,heap        ] GC(1447) Humongous regions: 33->33
[7687.155s][info][gc,metaspace   ] GC(1447) Metaspace: 30021K(30528K)->30021K(30528K) NonClass: 26620K(26880K)->26620K(26880K) Class: 3400K(3648K)->3400K(3648K)
[7687.155s][info][gc             ] GC(1447) Pause Young (Normal) (G1 Evacuation Pause) 6361M->1883M(8192M) 162.939ms
[7687.155s][info][gc,cpu         ] GC(1447) User=1.30s Sys=0.00s Real=0.16s
...[7689.918s][info][gc,start       ] GC(1448) Pause Young (Normal) (G1 Evacuation Pause)
[7689.918s][info][gc,task        ] GC(1448) Using 8 workers of 8 for evacuation
[7690.072s][info][gc,phases      ] GC(1448)   Pre Evacuate Collection Set: 0.22ms
[7690.072s][info][gc,phases      ] GC(1448)   Merge Heap Roots: 0.53ms
[7690.072s][info][gc,phases      ] GC(1448)   Evacuate Collection Set: 152.72ms
[7690.072s][info][gc,phases      ] GC(1448)   Post Evacuate Collection Set: 1.02ms
[7690.072s][info][gc,phases      ] GC(1448)   Other: 0.06ms
[7690.072s][info][gc,heap        ] GC(1448) Eden regions: 567->0(570)
[7690.072s][info][gc,heap        ] GC(1448) Survivor regions: 47->44(77)
[7690.072s][info][gc,heap        ] GC(1448) Old regions: 157->165
[7690.072s][info][gc,heap        ] GC(1448) Humongous regions: 33->33
[7690.072s][info][gc,metaspace   ] GC(1448) Metaspace: 30021K(30528K)->30021K(30528K) NonClass: 26620K(26880K)->26620K(26880K) Class: 3400K(3648K)->3400K(3648K)
[7690.072s][info][gc             ] GC(1448) Pause Young (Normal) (G1 Evacuation Pause) 6419M->1917M(8192M) 154.679ms
[7690.072s][info][gc,cpu         ] GC(1448) User=1.22s Sys=0.01s Real=0.15s
...[7692.872s][info][gc,start       ] GC(1449) Pause Young (Normal) (G1 Evacuation Pause)
[7692.872s][info][gc,task        ] GC(1449) Using 8 workers of 8 for evacuation
[7693.032s][info][gc,phases      ] GC(1449)   Pre Evacuate Collection Set: 0.22ms
[7693.032s][info][gc,phases      ] GC(1449)   Merge Heap Roots: 0.52ms
[7693.032s][info][gc,phases      ] GC(1449)   Evacuate Collection Set: 157.93ms
[7693.032s][info][gc,phases      ] GC(1449)   Post Evacuate Collection Set: 1.03ms
[7693.032s][info][gc,phases      ] GC(1449)   Other: 0.06ms
[7693.032s][info][gc,heap        ] GC(1449) Eden regions: 570->0(569)
[7693.032s][info][gc,heap        ] GC(1449) Survivor regions: 44->45(77)
[7693.032s][info][gc,heap        ] GC(1449) Old regions: 165->172
[7693.032s][info][gc,heap        ] GC(1449) Humongous regions: 33->33
[7693.032s][info][gc,metaspace   ] GC(1449) Metaspace: 30021K(30528K)->30021K(30528K) NonClass: 26620K(26880K)->26620K(26880K) Class: 3400K(3648K)->3400K(3648K)
[7693.032s][info][gc             ] GC(1449) Pause Young (Normal) (G1 Evacuation Pause) 6477M->1982M(8192M) 159.882ms
[7693.032s][info][gc,cpu         ] GC(1449) User=1.26s Sys=0.00s Real=0.16s
...[7695.823s][info][gc,start       ] GC(1450) Pause Young (Normal) (G1 Evacuation Pause)
[7695.823s][info][gc,task        ] GC(1450) Using 8 workers of 8 for evacuation
[7695.986s][info][gc,phases      ] GC(1450)   Pre Evacuate Collection Set: 0.22ms
[7695.986s][info][gc,phases      ] GC(1450)   Merge Heap Roots: 0.55ms
[7695.986s][info][gc,phases      ] GC(1450)   Evacuate Collection Set: 161.20ms
[7695.986s][info][gc,phases      ] GC(1450)   Post Evacuate Collection Set: 1.02ms
[7695.986s][info][gc,phases      ] GC(1450)   Other: 0.07ms
[7695.986s][info][gc,heap        ] GC(1450) Eden regions: 569->0(568)
[7695.986s][info][gc,heap        ] GC(1450) Survivor regions: 45->46(77)
[7695.986s][info][gc,heap        ] GC(1450) Old regions: 172->180
[7695.986s][info][gc,heap        ] GC(1450) Humongous regions: 33->33
[7695.986s][info][gc,metaspace   ] GC(1450) Metaspace: 30021K(30528K)->30021K(30528K) NonClass: 26620K(26880K)->26620K(26880K) Class: 3400K(3648K)->3400K(3648K)
[7695.986s][info][gc             ] GC(1450) Pause Young (Normal) (G1 Evacuation Pause) 6534M->2053M(8192M) 163.252ms
[7695.986s][info][gc,cpu         ] GC(1450) User=1.30s Sys=0.00s Real=0.17s
...[7698.800s][info][gc,start       ] GC(1451) Pause Young (Normal) (G1 Evacuation Pause)
[7698.800s][info][gc,task        ] GC(1451) Using 8 workers of 8 for evacuation
[7698.957s][info][gc,phases      ] GC(1451)   Pre Evacuate Collection Set: 0.21ms
[7698.957s][info][gc,phases      ] GC(1451)   Merge Heap Roots: 0.55ms
[7698.957s][info][gc,phases      ] GC(1451)   Evacuate Collection Set: 154.38ms
[7698.957s][info][gc,phases      ] GC(1451)   Post Evacuate Collection Set: 1.03ms
[7698.957s][info][gc,phases      ] GC(1451)   Other: 0.06ms
[7698.957s][info][gc,heap        ] GC(1451) Eden regions: 568->0(569)
[7698.957s][info][gc,heap        ] GC(1451) Survivor regions: 46->45(77)
[7698.957s][info][gc,heap        ] GC(1451) Old regions: 180->187
[7698.957s][info][gc,heap        ] GC(1451) Humongous regions: 33->33
[7698.957s][info][gc,metaspace   ] GC(1451) Metaspace: 30021K(30528K)->30021K(30528K) NonClass: 26620K(26880K)->26620K(26880K) Class: 3400K(3648K)->3400K(3648K)
[7698.957s][info][gc             ] GC(1451) Pause Young (Normal) (G1 Evacuation Pause) 6597M->2102M(8192M) 156.374ms
[7698.957s][info][gc,cpu         ] GC(1451) User=1.24s Sys=0.00s Real=0.16s
.. (rIR:aIR:PR = 12868:12991:12835) (tPR = 190116) [OK] 
  7700s: Performance info:
         Transaction,    Success,    Partial,     Failed,   Receipts, AvgBarcode, 
             Overall,     773808,          0,          0,     735331,      59.47, 
         Response times:
             Request,    Success,    Partial,     Failed,   SkipFail,     Probes,    Samples,      min,      p50,      p90,      p95,      p99,      max, 
       TotalPurchase,     744397,          0,          0,          0,     293851,     489155,      300,   112000,   356000,   404000,   554000,  7300000,
     InStorePurchase,     392964,          0,          0,          0,     152868,     257058,      300,   113000,   356000,   406000,   552000,  7300000,
      OnlinePurchase,     273082,          0,          0,          0,     107984,     180241,      300,   112000,   356000,   401000,   550000,  7300000,
        InstPurchase,      78351,          0,          0,          0,      32999,      51856,      500,   111000,   356000,   404000,   580000,  7300000,
          AssocOfCat,        776,          0,          0,          0,        605,       1050,    36000,   163000,   407500,   453900,   694900,  3500000,
      AssocOfProduct,       7923,          0,          0,          0,       3364,       5629,      800,   114000,   356000,   414000,   575000,  7300000,
      BusinessReport,       1947,          0,          0,          0,       1584,       2635,    38000,   178000,   414400,   456000,   636400,  1200000,
          CustBuyBeh,       7766,          0,          0,          0,       3252,       5396,      300,   116000,   365000,   439000,   586000,  7300000,
       ProductReturn,      20454,          0,          0,          0,       8271,      12995,      200,   109000,   347000,   402000,   640000,  7300000,

  7700s: (94%)   IR =  13007 .[7701.762s][info][gc,start       ] GC(1452) Pause Young (Normal) (G1 Evacuation Pause)
[7701.762s][info][gc,task        ] GC(1452) Using 8 workers of 8 for evacuation
[7701.916s][info][gc,phases      ] GC(1452)   Pre Evacuate Collection Set: 0.21ms
[7701.916s][info][gc,phases      ] GC(1452)   Merge Heap Roots: 0.57ms
[7701.916s][info][gc,phases      ] GC(1452)   Evacuate Collection Set: 151.84ms
[7701.916s][info][gc,phases      ] GC(1452)   Post Evacuate Collection Set: 1.05ms
[7701.916s][info][gc,phases      ] GC(1452)   Other: 0.06ms
[7701.916s][info][gc,heap        ] GC(1452) Eden regions: 569->0(571)
[7701.916s][info][gc,heap        ] GC(1452) Survivor regions: 45->43(77)
[7701.916s][info][gc,heap        ] GC(1452) Old regions: 187->194
[7701.916s][info][gc,heap        ] GC(1452) Humongous regions: 33->33
[7701.916s][info][gc,metaspace   ] GC(1452) Metaspace: 30021K(30528K)->30021K(30528K) NonClass: 26620K(26880K)->26620K(26880K) Class: 3400K(3648K)->3400K(3648K)
[7701.916s][info][gc             ] GC(1452) Pause Young (Normal) (G1 Evacuation Pause) 6654M->2147M(8192M) 153.874ms
[7701.916s][info][gc,cpu         ] GC(1452) User=1.22s Sys=0.00s Real=0.16s
..[7704.648s][info][gc,start       ] GC(1453) Pause Young (Normal) (G1 Evacuation Pause)
[7704.648s][info][gc,task        ] GC(1453) Using 8 workers of 8 for evacuation
[7704.803s][info][gc,phases      ] GC(1453)   Pre Evacuate Collection Set: 0.20ms
[7704.803s][info][gc,phases      ] GC(1453)   Merge Heap Roots: 0.52ms
[7704.803s][info][gc,phases      ] GC(1453)   Evacuate Collection Set: 153.06ms
[7704.803s][info][gc,phases      ] GC(1453)   Post Evacuate Collection Set: 1.04ms
[7704.803s][info][gc,phases      ] GC(1453)   Other: 0.06ms
[7704.803s][info][gc,heap        ] GC(1453) Eden regions: 571->0(570)
[7704.803s][info][gc,heap        ] GC(1453) Survivor regions: 43->44(77)
[7704.803s][info][gc,heap        ] GC(1453) Old regions: 194->201
[7704.803s][info][gc,heap        ] GC(1453) Humongous regions: 33->33
[7704.803s][info][gc,metaspace   ] GC(1453) Metaspace: 30021K(30528K)->30021K(30528K) NonClass: 26620K(26880K)->26620K(26880K) Class: 3400K(3648K)->3400K(3648K)
[7704.803s][info][gc             ] GC(1453) Pause Young (Normal) (G1 Evacuation Pause) 6715M->2211M(8192M) 155.022ms
[7704.803s][info][gc,cpu         ] GC(1453) User=1.23s Sys=0.00s Real=0.15s
...[7707.585s][info][gc,start       ] GC(1454) Pause Young (Normal) (G1 Evacuation Pause)
[7707.585s][info][gc,task        ] GC(1454) Using 8 workers of 8 for evacuation
[7707.746s][info][gc,phases      ] GC(1454)   Pre Evacuate Collection Set: 0.21ms
[7707.746s][info][gc,phases      ] GC(1454)   Merge Heap Roots: 0.52ms
[7707.746s][info][gc,phases      ] GC(1454)   Evacuate Collection Set: 159.25ms
[7707.746s][info][gc,phases      ] GC(1454)   Post Evacuate Collection Set: 1.04ms
[7707.746s][info][gc,phases      ] GC(1454)   Other: 0.06ms
[7707.746s][info][gc,heap        ] GC(1454) Eden regions: 570->0(569)
[7707.746s][info][gc,heap        ] GC(1454) Survivor regions: 44->45(77)
[7707.746s][info][gc,heap        ] GC(1454) Old regions: 201->208
[7707.746s][info][gc,heap        ] GC(1454) Humongous regions: 33->33
[7707.746s][info][gc,metaspace   ] GC(1454) Metaspace: 30021K(30528K)->30021K(30528K) NonClass: 26620K(26880K)->26620K(26880K) Class: 3400K(3648K)->3400K(3648K)
[7707.746s][info][gc             ] GC(1454) Pause Young (Normal) (G1 Evacuation Pause) 6771M->2271M(8192M) 161.209ms
[7707.746s][info][gc,cpu         ] GC(1454) User=1.28s Sys=0.00s Real=0.17s
...|[7710.499s][info][gc,start       ] GC(1455) Pause Young (Normal) (G1 Evacuation Pause)
[7710.499s][info][gc,task        ] GC(1455) Using 8 workers of 8 for evacuation
[7710.656s][info][gc,phases      ] GC(1455)   Pre Evacuate Collection Set: 0.22ms
[7710.656s][info][gc,phases      ] GC(1455)   Merge Heap Roots: 0.53ms
[7710.656s][info][gc,phases      ] GC(1455)   Evacuate Collection Set: 155.71ms
[7710.656s][info][gc,phases      ] GC(1455)   Post Evacuate Collection Set: 1.04ms
[7710.656s][info][gc,phases      ] GC(1455)   Other: 0.06ms
[7710.656s][info][gc,heap        ] GC(1455) Eden regions: 569->0(570)
[7710.656s][info][gc,heap        ] GC(1455) Survivor regions: 45->44(77)
[7710.656s][info][gc,heap        ] GC(1455) Old regions: 208->216
[7710.656s][info][gc,heap        ] GC(1455) Humongous regions: 33->33
[7710.656s][info][gc,metaspace   ] GC(1455) Metaspace: 30021K(30528K)->30021K(30528K) NonClass: 26620K(26880K)->26620K(26880K) Class: 3400K(3648K)->3400K(3648K)
[7710.656s][info][gc             ] GC(1455) Pause Young (Normal) (G1 Evacuation Pause) 6823M->2325M(8192M) 157.680ms
[7710.657s][info][gc,cpu         ] GC(1455) User=1.25s Sys=0.00s Real=0.16s
...[7713.445s][info][gc,start       ] GC(1456) Pause Young (Normal) (G1 Evacuation Pause)
[7713.445s][info][gc,task        ] GC(1456) Using 8 workers of 8 for evacuation
[7713.598s][info][gc,phases      ] GC(1456)   Pre Evacuate Collection Set: 0.21ms
[7713.598s][info][gc,phases      ] GC(1456)   Merge Heap Roots: 0.52ms
[7713.598s][info][gc,phases      ] GC(1456)   Evacuate Collection Set: 151.18ms
[7713.598s][info][gc,phases      ] GC(1456)   Post Evacuate Collection Set: 1.00ms
[7713.598s][info][gc,phases      ] GC(1456)   Other: 0.08ms
[7713.598s][info][gc,heap        ] GC(1456) Eden regions: 570->0(570)
[7713.598s][info][gc,heap        ] GC(1456) Survivor regions: 44->44(77)
[7713.598s][info][gc,heap        ] GC(1456) Old regions: 216->223
[7713.598s][info][gc,heap        ] GC(1456) Humongous regions: 33->33
[7713.598s][info][gc,metaspace   ] GC(1456) Metaspace: 30021K(30528K)->30021K(30528K) NonClass: 26620K(26880K)->26620K(26880K) Class: 3400K(3648K)->3400K(3648K)
[7713.598s][info][gc             ] GC(1456) Pause Young (Normal) (G1 Evacuation Pause) 6885M->2381M(8192M) 153.134ms
[7713.598s][info][gc,cpu         ] GC(1456) User=1.21s Sys=0.00s Real=0.16s
...[7716.355s][info][gc,start       ] GC(1457) Pause Young (Normal) (G1 Evacuation Pause)
[7716.355s][info][gc,task        ] GC(1457) Using 8 workers of 8 for evacuation
[7716.511s][info][gc,phases      ] GC(1457)   Pre Evacuate Collection Set: 0.21ms
[7716.511s][info][gc,phases      ] GC(1457)   Merge Heap Roots: 0.52ms
[7716.511s][info][gc,phases      ] GC(1457)   Evacuate Collection Set: 154.08ms
[7716.511s][info][gc,phases      ] GC(1457)   Post Evacuate Collection Set: 1.06ms
[7716.511s][info][gc,phases      ] GC(1457)   Other: 0.06ms
[7716.511s][info][gc,heap        ] GC(1457) Eden regions: 570->0(570)
[7716.511s][info][gc,heap        ] GC(1457) Survivor regions: 44->44(77)
[7716.511s][info][gc,heap        ] GC(1457) Old regions: 223->230
[7716.511s][info][gc,heap        ] GC(1457) Humongous regions: 33->33
[7716.511s][info][gc,metaspace   ] GC(1457) Metaspace: 30021K(30528K)->30021K(30528K) NonClass: 26620K(26880K)->26620K(26880K) Class: 3400K(3648K)->3400K(3648K)
[7716.511s][info][gc             ] GC(1457) Pause Young (Normal) (G1 Evacuation Pause) 6941M->2439M(8192M) 156.063ms
[7716.511s][info][gc,cpu         ] GC(1457) User=1.24s Sys=0.00s Real=0.16s
...[7719.307s][info][gc,start       ] GC(1458) Pause Young (Normal) (G1 Evacuation Pause)
[7719.307s][info][gc,task        ] GC(1458) Using 8 workers of 8 for evacuation
[7719.465s][info][gc,phases      ] GC(1458)   Pre Evacuate Collection Set: 0.22ms
[7719.465s][info][gc,phases      ] GC(1458)   Merge Heap Roots: 0.53ms
[7719.465s][info][gc,phases      ] GC(1458)   Evacuate Collection Set: 156.42ms
[7719.465s][info][gc,phases      ] GC(1458)   Post Evacuate Collection Set: 1.04ms
[7719.465s][info][gc,phases      ] GC(1458)   Other: 0.06ms
[7719.465s][info][gc,heap        ] GC(1458) Eden regions: 570->0(569)
[7719.465s][info][gc,heap        ] GC(1458) Survivor regions: 44->45(77)
[7719.465s][info][gc,heap        ] GC(1458) Old regions: 230->238
[7719.465s][info][gc,heap        ] GC(1458) Humongous regions: 33->33
[7719.466s][info][gc,metaspace   ] GC(1458) Metaspace: 30021K(30528K)->30021K(30528K) NonClass: 26620K(26880K)->26620K(26880K) Class: 3400K(3648K)->3400K(3648K)
[7719.466s][info][gc             ] GC(1458) Pause Young (Normal) (G1 Evacuation Pause) 6999M->2507M(8192M) 158.409ms
[7719.466s][info][gc,cpu         ] GC(1458) User=1.25s Sys=0.00s Real=0.15s
...[7722.237s][info][gc,start       ] GC(1459) Pause Young (Normal) (G1 Evacuation Pause)
[7722.237s][info][gc,task        ] GC(1459) Using 8 workers of 8 for evacuation
[7722.387s][info][gc,phases      ] GC(1459)   Pre Evacuate Collection Set: 0.23ms
[7722.387s][info][gc,phases      ] GC(1459)   Merge Heap Roots: 0.52ms
[7722.387s][info][gc,phases      ] GC(1459)   Evacuate Collection Set: 148.79ms
[7722.388s][info][gc,phases      ] GC(1459)   Post Evacuate Collection Set: 1.04ms
[7722.388s][info][gc,phases      ] GC(1459)   Other: 0.07ms
[7722.388s][info][gc,heap        ] GC(1459) Eden regions: 569->0(571)
[7722.388s][info][gc,heap        ] GC(1459) Survivor regions: 45->43(77)
[7722.388s][info][gc,heap        ] GC(1459) Old regions: 238->245
[7722.388s][info][gc,heap        ] GC(1459) Humongous regions: 33->33
[7722.388s][info][gc,metaspace   ] GC(1459) Metaspace: 30021K(30528K)->30021K(30528K) NonClass: 26620K(26880K)->26620K(26880K) Class: 3400K(3648K)->3400K(3648K)
[7722.388s][info][gc             ] GC(1459) Pause Young (Normal) (G1 Evacuation Pause) 7059M->2551M(8192M) 150.793ms
[7722.388s][info][gc,cpu         ] GC(1459) User=1.19s Sys=0.00s Real=0.15s
...[7725.200s][info][gc,start       ] GC(1460) Pause Young (Normal) (G1 Evacuation Pause)
[7725.200s][info][gc,task        ] GC(1460) Using 8 workers of 8 for evacuation
[7725.354s][info][gc,phases      ] GC(1460)   Pre Evacuate Collection Set: 0.21ms
[7725.354s][info][gc,phases      ] GC(1460)   Merge Heap Roots: 0.53ms
[7725.354s][info][gc,phases      ] GC(1460)   Evacuate Collection Set: 151.99ms
[7725.354s][info][gc,phases      ] GC(1460)   Post Evacuate Collection Set: 1.05ms
[7725.354s][info][gc,phases      ] GC(1460)   Other: 0.06ms
[7725.354s][info][gc,heap        ] GC(1460) Eden regions: 571->0(570)
[7725.354s][info][gc,heap        ] GC(1460) Survivor regions: 43->44(77)
[7725.354s][info][gc,heap        ] GC(1460) Old regions: 245->253
[7725.354s][info][gc,heap        ] GC(1460) Humongous regions: 33->33
[7725.354s][info][gc,metaspace   ] GC(1460) Metaspace: 30021K(30528K)->30021K(30528K) NonClass: 26620K(26880K)->26620K(26880K) Class: 3400K(3648K)->3400K(3648K)
[7725.354s][info][gc             ] GC(1460) Pause Young (Normal) (G1 Evacuation Pause) 7119M->2617M(8192M) 153.998ms
[7725.354s][info][gc,cpu         ] GC(1460) User=1.22s Sys=0.00s Real=0.15s
...[7728.112s][info][gc,start       ] GC(1461) Pause Young (Normal) (G1 Evacuation Pause)
[7728.112s][info][gc,task        ] GC(1461) Using 8 workers of 8 for evacuation
[7728.272s][info][gc,phases      ] GC(1461)   Pre Evacuate Collection Set: 0.21ms
[7728.272s][info][gc,phases      ] GC(1461)   Merge Heap Roots: 0.53ms
[7728.272s][info][gc,phases      ] GC(1461)   Evacuate Collection Set: 158.06ms
[7728.272s][info][gc,phases      ] GC(1461)   Post Evacuate Collection Set: 1.07ms
[7728.272s][info][gc,phases      ] GC(1461)   Other: 0.06ms
[7728.272s][info][gc,heap        ] GC(1461) Eden regions: 570->0(569)
[7728.272s][info][gc,heap        ] GC(1461) Survivor regions: 44->45(77)
[7728.272s][info][gc,heap        ] GC(1461) Old regions: 253->260
[7728.272s][info][gc,heap        ] GC(1461) Humongous regions: 33->33
[7728.272s][info][gc,metaspace   ] GC(1461) Metaspace: 30021K(30528K)->30021K(30528K) NonClass: 26620K(26880K)->26620K(26880K) Class: 3400K(3648K)->3400K(3648K)
[7728.272s][info][gc             ] GC(1461) Pause Young (Normal) (G1 Evacuation Pause) 7177M->2682M(8192M) 160.065ms
[7728.272s][info][gc,cpu         ] GC(1461) User=1.27s Sys=0.00s Real=0.16s
...[7731.100s][info][gc,start       ] GC(1462) Pause Young (Normal) (G1 Evacuation Pause)
[7731.100s][info][gc,task        ] GC(1462) Using 8 workers of 8 for evacuation
[7731.256s][info][gc,phases      ] GC(1462)   Pre Evacuate Collection Set: 0.21ms
[7731.256s][info][gc,phases      ] GC(1462)   Merge Heap Roots: 0.53ms
[7731.256s][info][gc,phases      ] GC(1462)   Evacuate Collection Set: 153.75ms
[7731.256s][info][gc,phases      ] GC(1462)   Post Evacuate Collection Set: 1.04ms
[7731.256s][info][gc,phases      ] GC(1462)   Other: 0.06ms
[7731.256s][info][gc,heap        ] GC(1462) Eden regions: 569->0(571)
[7731.256s][info][gc,heap        ] GC(1462) Survivor regions: 45->43(77)
[7731.256s][info][gc,heap        ] GC(1462) Old regions: 260->267
[7731.256s][info][gc,heap        ] GC(1462) Humongous regions: 33->33
[7731.256s][info][gc,metaspace   ] GC(1462) Metaspace: 30021K(30528K)->30021K(30528K) NonClass: 26620K(26880K)->26620K(26880K) Class: 3400K(3648K)->3400K(3648K)
[7731.256s][info][gc             ] GC(1462) Pause Young (Normal) (G1 Evacuation Pause) 7234M->2730M(8192M) 155.741ms
[7731.256s][info][gc,cpu         ] GC(1462) User=1.23s Sys=0.00s Real=0.16s
...[7733.945s][info][gc,start       ] GC(1463) Pause Young (Normal) (G1 Evacuation Pause)
[7733.945s][info][gc,task        ] GC(1463) Using 8 workers of 8 for evacuation
[7734.108s][info][gc,phases      ] GC(1463)   Pre Evacuate Collection Set: 0.21ms
[7734.108s][info][gc,phases      ] GC(1463)   Merge Heap Roots: 0.53ms
[7734.108s][info][gc,phases      ] GC(1463)   Evacuate Collection Set: 160.82ms
[7734.108s][info][gc,phases      ] GC(1463)   Post Evacuate Collection Set: 1.03ms
[7734.108s][info][gc,phases      ] GC(1463)   Other: 0.06ms
[7734.108s][info][gc,heap        ] GC(1463) Eden regions: 571->0(568)
[7734.108s][info][gc,heap        ] GC(1463) Survivor regions: 43->46(77)
[7734.108s][info][gc,heap        ] GC(1463) Old regions: 267->274
[7734.108s][info][gc,heap        ] GC(1463) Humongous regions: 33->33
[7734.108s][info][gc,metaspace   ] GC(1463) Metaspace: 30021K(30528K)->30021K(30528K) NonClass: 26620K(26880K)->26620K(26880K) Class: 3400K(3648K)->3400K(3648K)
[7734.108s][info][gc             ] GC(1463) Pause Young (Normal) (G1 Evacuation Pause) 7298M->2805M(8192M) 162.786ms
[7734.108s][info][gc,cpu         ] GC(1463) User=1.29s Sys=0.00s Real=0.17s
...[7736.911s][info][gc,start       ] GC(1464) Pause Young (Normal) (G1 Evacuation Pause)
[7736.912s][info][gc,task        ] GC(1464) Using 8 workers of 8 for evacuation
[7737.079s][info][gc,phases      ] GC(1464)   Pre Evacuate Collection Set: 0.21ms
[7737.079s][info][gc,phases      ] GC(1464)   Merge Heap Roots: 0.53ms
[7737.079s][info][gc,phases      ] GC(1464)   Evacuate Collection Set: 165.40ms
[7737.079s][info][gc,phases      ] GC(1464)   Post Evacuate Collection Set: 1.04ms
[7737.079s][info][gc,phases      ] GC(1464)   Other: 0.06ms
[7737.079s][info][gc,heap        ] GC(1464) Eden regions: 568->0(564)
[7737.079s][info][gc,heap        ] GC(1464) Survivor regions: 46->47(77)
[7737.079s][info][gc,heap        ] GC(1464) Old regions: 274->281
[7737.079s][info][gc,heap        ] GC(1464) Humongous regions: 33->33
[7737.079s][info][gc,metaspace   ] GC(1464) Metaspace: 30021K(30528K)->30021K(30528K) NonClass: 26620K(26880K)->26620K(26880K) Class: 3400K(3648K)->3400K(3648K)
[7737.079s][info][gc             ] GC(1464) Pause Young (Normal) (G1 Evacuation Pause) 7349M->2875M(8192M) 167.377ms
[7737.079s][info][gc,cpu         ] GC(1464) User=1.32s Sys=0.00s Real=0.17s
...[7739.863s][info][gc,start       ] GC(1465) Pause Young (Normal) (G1 Evacuation Pause)
[7739.863s][info][gc,task        ] GC(1465) Using 8 workers of 8 for evacuation
[7740.019s][info][gc,phases      ] GC(1465)   Pre Evacuate Collection Set: 0.23ms
[7740.019s][info][gc,phases      ] GC(1465)   Merge Heap Roots: 0.60ms
[7740.019s][info][gc,phases      ] GC(1465)   Evacuate Collection Set: 154.35ms
[7740.019s][info][gc,phases      ] GC(1465)   Post Evacuate Collection Set: 1.03ms
[7740.019s][info][gc,phases      ] GC(1465)   Other: 0.06ms
[7740.019s][info][gc,heap        ] GC(1465) Eden regions: 564->0(562)
[7740.019s][info][gc,heap        ] GC(1465) Survivor regions: 47->44(77)
[7740.019s][info][gc,heap        ] GC(1465) Old regions: 281->289
[7740.019s][info][gc,heap        ] GC(1465) Humongous regions: 33->33
[7740.019s][info][gc,metaspace   ] GC(1465) Metaspace: 30021K(30528K)->30021K(30528K) NonClass: 26620K(26880K)->26620K(26880K) Class: 3400K(3648K)->3400K(3648K)
[7740.019s][info][gc             ] GC(1465) Pause Young (Normal) (G1 Evacuation Pause) 7387M->2911M(8192M) 156.401ms
[7740.019s][info][gc,cpu         ] GC(1465) User=1.23s Sys=0.00s Real=0.16s
..[7742.733s][info][gc,start       ] GC(1466) Pause Young (Normal) (G1 Evacuation Pause)
[7742.733s][info][gc,task        ] GC(1466) Using 8 workers of 8 for evacuation
[7742.891s][info][gc,phases      ] GC(1466)   Pre Evacuate Collection Set: 0.20ms
[7742.891s][info][gc,phases      ] GC(1466)   Merge Heap Roots: 0.54ms
[7742.891s][info][gc,phases      ] GC(1466)   Evacuate Collection Set: 156.36ms
[7742.891s][info][gc,phases      ] GC(1466)   Post Evacuate Collection Set: 1.07ms
[7742.891s][info][gc,phases      ] GC(1466)   Other: 0.07ms
[7742.891s][info][gc,heap        ] GC(1466) Eden regions: 562->0(555)
[7742.891s][info][gc,heap        ] GC(1466) Survivor regions: 44->44(76)
[7742.891s][info][gc,heap        ] GC(1466) Old regions: 289->296
[7742.891s][info][gc,heap        ] GC(1466) Humongous regions: 33->33
[7742.891s][info][gc,metaspace   ] GC(1466) Metaspace: 30021K(30528K)->30021K(30528K) NonClass: 26620K(26880K)->26620K(26880K) Class: 3400K(3648K)->3400K(3648K)
[7742.891s][info][gc             ] GC(1466) Pause Young (Normal) (G1 Evacuation Pause) 7407M->2967M(8192M) 158.402ms
[7742.891s][info][gc,cpu         ] GC(1466) User=1.25s Sys=0.00s Real=0.16s
...[7745.650s][info][gc,start       ] GC(1467) Pause Young (Normal) (G1 Evacuation Pause)
[7745.650s][info][gc,task        ] GC(1467) Using 8 workers of 8 for evacuation
[7745.803s][info][gc,phases      ] GC(1467)   Pre Evacuate Collection Set: 0.21ms
[7745.803s][info][gc,phases      ] GC(1467)   Merge Heap Roots: 0.52ms
[7745.803s][info][gc,phases      ] GC(1467)   Evacuate Collection Set: 151.78ms
[7745.803s][info][gc,phases      ] GC(1467)   Post Evacuate Collection Set: 1.04ms
[7745.803s][info][gc,phases      ] GC(1467)   Other: 0.07ms
[7745.803s][info][gc,heap        ] GC(1467) Eden regions: 555->0(548)
[7745.803s][info][gc,heap        ] GC(1467) Survivor regions: 44->44(75)
[7745.803s][info][gc,heap        ] GC(1467) Old regions: 296->303
[7745.803s][info][gc,heap        ] GC(1467) Humongous regions: 33->33
[7745.803s][info][gc,metaspace   ] GC(1467) Metaspace: 30021K(30528K)->30021K(30528K) NonClass: 26620K(26880K)->26620K(26880K) Class: 3400K(3648K)->3400K(3648K)
[7745.803s][info][gc             ] GC(1467) Pause Young (Normal) (G1 Evacuation Pause) 7407M->3022M(8192M) 153.739ms
[7745.803s][info][gc,cpu         ] GC(1467) User=1.22s Sys=0.00s Real=0.15s
...[7748.403s][info][gc,start       ] GC(1468) Pause Young (Concurrent Start) (G1 Evacuation Pause)
[7748.403s][info][gc,task        ] GC(1468) Using 8 workers of 8 for evacuation
[7748.558s][info][gc,phases      ] GC(1468)   Pre Evacuate Collection Set: 0.26ms
[7748.558s][info][gc,phases      ] GC(1468)   Merge Heap Roots: 0.53ms
[7748.558s][info][gc,phases      ] GC(1468)   Evacuate Collection Set: 153.24ms
[7748.558s][info][gc,phases      ] GC(1468)   Post Evacuate Collection Set: 1.01ms
[7748.558s][info][gc,phases      ] GC(1468)   Other: 0.07ms
[7748.558s][info][gc,heap        ] GC(1468) Eden regions: 548->0(542)
[7748.558s][info][gc,heap        ] GC(1468) Survivor regions: 44->43(74)
[7748.558s][info][gc,heap        ] GC(1468) Old regions: 303->311
[7748.558s][info][gc,heap        ] GC(1468) Humongous regions: 33->33
[7748.558s][info][gc,metaspace   ] GC(1468) Metaspace: 30021K(30528K)->30021K(30528K) NonClass: 26620K(26880K)->26620K(26880K) Class: 3400K(3648K)->3400K(3648K)
[7748.558s][info][gc             ] GC(1468) Pause Young (Concurrent Start) (G1 Evacuation Pause) 7406M->3082M(8192M) 155.240ms
[7748.558s][info][gc             ] GC(1469) Concurrent Mark Cycle
[7748.558s][info][gc,marking     ] GC(1469) Concurrent Scan Root Regions
[7748.558s][info][gc,cpu         ] GC(1468) User=1.23s Sys=0.00s Real=0.16s
.[7748.912s][info][gc,marking     ] GC(1469) Concurrent Scan Root Regions 354.092ms
[7748.912s][info][gc,marking     ] GC(1469) Concurrent Mark
[7748.912s][info][gc,marking     ] GC(1469) Concurrent Mark From Roots
[7748.912s][info][gc,task        ] GC(1469) Using 2 workers of 2 for marking
.[7750.441s][info][gc,marking     ] GC(1469) Concurrent Mark From Roots 1528.623ms
[7750.441s][info][gc,marking     ] GC(1469) Concurrent Preclean
[7750.441s][info][gc,marking     ] GC(1469) Concurrent Preclean 0.144ms
[7750.441s][info][gc,start       ] GC(1469) Pause Remark
[7750.443s][info][gc             ] GC(1469) Pause Remark 5338M->4826M(8192M) 1.685ms
[7750.443s][info][gc,cpu         ] GC(1469) User=0.01s Sys=0.00s Real=0.00s
[7750.443s][info][gc,marking     ] GC(1469) Concurrent Mark 1530.748ms
[7750.443s][info][gc,marking     ] GC(1469) Concurrent Rebuild Remembered Sets and Scrub Regions
.[7751.360s][info][gc,marking     ] GC(1469) Concurrent Rebuild Remembered Sets and Scrub Regions 916.694ms
[7751.360s][info][gc,start       ] GC(1469) Pause Cleanup
[7751.360s][info][gc             ] GC(1469) Pause Cleanup 6046M->6046M(8192M) 0.258ms
[7751.360s][info][gc,cpu         ] GC(1469) User=0.00s Sys=0.00s Real=0.00s
[7751.360s][info][gc,marking     ] GC(1469) Concurrent Clear Claimed Marks
[7751.360s][info][gc,marking     ] GC(1469) Concurrent Clear Claimed Marks 0.047ms
[7751.360s][info][gc,marking     ] GC(1469) Concurrent Cleanup for Next Mark
[7751.380s][info][gc,marking     ] GC(1469) Concurrent Cleanup for Next Mark 19.308ms
[7751.380s][info][gc             ] GC(1469) Concurrent Mark Cycle 2821.877ms
[7751.895s][info][gc,start       ] GC(1470) Pause Young (Prepare Mixed) (G1 Evacuation Pause)
[7751.895s][info][gc,task        ] GC(1470) Using 8 workers of 8 for evacuation
[7752.055s][info][gc,phases      ] GC(1470)   Pre Evacuate Collection Set: 0.20ms
[7752.055s][info][gc,phases      ] GC(1470)   Merge Heap Roots: 0.77ms
[7752.055s][info][gc,phases      ] GC(1470)   Evacuate Collection Set: 157.44ms
[7752.055s][info][gc,phases      ] GC(1470)   Post Evacuate Collection Set: 1.12ms
[7752.055s][info][gc,phases      ] GC(1470)   Other: 0.06ms
[7752.055s][info][gc,heap        ] GC(1470) Eden regions: 542->0(569)
[7752.055s][info][gc,heap        ] GC(1470) Survivor regions: 43->45(74)
[7752.055s][info][gc,heap        ] GC(1470) Old regions: 247->255
[7752.055s][info][gc,heap        ] GC(1470) Humongous regions: 33->33
[7752.055s][info][gc,metaspace   ] GC(1470) Metaspace: 30021K(30528K)->30021K(30528K) NonClass: 26620K(26880K)->26620K(26880K) Class: 3400K(3648K)->3400K(3648K)
[7752.055s][info][gc             ] GC(1470) Pause Young (Prepare Mixed) (G1 Evacuation Pause) 6906M->2641M(8192M) 159.713ms
[7752.055s][info][gc,cpu         ] GC(1470) User=1.26s Sys=0.00s Real=0.16s
...[7754.952s][info][gc,start       ] GC(1471) Pause Young (Mixed) (G1 Evacuation Pause)
[7754.952s][info][gc,task        ] GC(1471) Using 8 workers of 8 for evacuation
[7755.117s][info][gc,phases      ] GC(1471)   Pre Evacuate Collection Set: 0.23ms
[7755.117s][info][gc,phases      ] GC(1471)   Merge Heap Roots: 0.78ms
[7755.117s][info][gc,phases      ] GC(1471)   Evacuate Collection Set: 162.31ms
[7755.117s][info][gc,phases      ] GC(1471)   Post Evacuate Collection Set: 1.29ms
[7755.117s][info][gc,phases      ] GC(1471)   Other: 0.09ms
[7755.117s][info][gc,heap        ] GC(1471) Eden regions: 569->0(569)
[7755.117s][info][gc,heap        ] GC(1471) Survivor regions: 45->45(77)
[7755.117s][info][gc,heap        ] GC(1471) Old regions: 255->160
[7755.117s][info][gc,heap        ] GC(1471) Humongous regions: 33->33
[7755.117s][info][gc,metaspace   ] GC(1471) Metaspace: 30021K(30528K)->30021K(30528K) NonClass: 26620K(26880K)->26620K(26880K) Class: 3400K(3648K)->3400K(3648K)
[7755.117s][info][gc             ] GC(1471) Pause Young (Mixed) (G1 Evacuation Pause) 7193M->1887M(8192M) 164.831ms
[7755.117s][info][gc,cpu         ] GC(1471) User=1.31s Sys=0.00s Real=0.17s
...[7757.779s][info][gc,start       ] GC(1472) Pause Young (Mixed) (G1 Evacuation Pause)
[7757.779s][info][gc,task        ] GC(1472) Using 8 workers of 8 for evacuation
[7757.942s][info][gc,phases      ] GC(1472)   Pre Evacuate Collection Set: 0.23ms
[7757.942s][info][gc,phases      ] GC(1472)   Merge Heap Roots: 0.82ms
[7757.942s][info][gc,phases      ] GC(1472)   Evacuate Collection Set: 160.73ms
[7757.942s][info][gc,phases      ] GC(1472)   Post Evacuate Collection Set: 1.04ms
[7757.942s][info][gc,phases      ] GC(1472)   Other: 0.07ms
[7757.942s][info][gc,heap        ] GC(1472) Eden regions: 569->0(570)
[7757.942s][info][gc,heap        ] GC(1472) Survivor regions: 45->44(77)
[7757.942s][info][gc,heap        ] GC(1472) Old regions: 160->145
[7757.942s][info][gc,heap        ] GC(1472) Humongous regions: 33->33
[7757.942s][info][gc,metaspace   ] GC(1472) Metaspace: 30021K(30528K)->30021K(30528K) NonClass: 26620K(26880K)->26620K(26880K) Class: 3400K(3648K)->3400K(3648K)
[7757.942s][info][gc             ] GC(1472) Pause Young (Mixed) (G1 Evacuation Pause) 6439M->1754M(8192M) 163.032ms
[7757.943s][info][gc,cpu         ] GC(1472) User=1.29s Sys=0.00s Real=0.16s
...[7760.695s][info][gc,start       ] GC(1473) Pause Young (Normal) (G1 Evacuation Pause)
[7760.695s][info][gc,task        ] GC(1473) Using 8 workers of 8 for evacuation
[7760.852s][info][gc,phases      ] GC(1473)   Pre Evacuate Collection Set: 0.21ms
[7760.852s][info][gc,phases      ] GC(1473)   Merge Heap Roots: 0.53ms
[7760.852s][info][gc,phases      ] GC(1473)   Evacuate Collection Set: 154.86ms
[7760.852s][info][gc,phases      ] GC(1473)   Post Evacuate Collection Set: 1.02ms
[7760.852s][info][gc,phases      ] GC(1473)   Other: 0.06ms
[7760.852s][info][gc,heap        ] GC(1473) Eden regions: 570->0(569)
[7760.852s][info][gc,heap        ] GC(1473) Survivor regions: 44->45(77)
[7760.852s][info][gc,heap        ] GC(1473) Old regions: 145->152
[7760.852s][info][gc,heap        ] GC(1473) Humongous regions: 33->33
[7760.852s][info][gc,metaspace   ] GC(1473) Metaspace: 30021K(30528K)->30021K(30528K) NonClass: 26620K(26880K)->26620K(26880K) Class: 3400K(3648K)->3400K(3648K)
[7760.852s][info][gc             ] GC(1473) Pause Young (Normal) (G1 Evacuation Pause) 6314M->1817M(8192M) 156.816ms
[7760.852s][info][gc,cpu         ] GC(1473) User=1.24s Sys=0.00s Real=0.16s
...[7763.678s][info][gc,start       ] GC(1474) Pause Young (Normal) (G1 Evacuation Pause)
[7763.678s][info][gc,task        ] GC(1474) Using 8 workers of 8 for evacuation
[7763.846s][info][gc,phases      ] GC(1474)   Pre Evacuate Collection Set: 0.22ms
[7763.846s][info][gc,phases      ] GC(1474)   Merge Heap Roots: 0.52ms
[7763.846s][info][gc,phases      ] GC(1474)   Evacuate Collection Set: 166.37ms
[7763.846s][info][gc,phases      ] GC(1474)   Post Evacuate Collection Set: 1.02ms
[7763.846s][info][gc,phases      ] GC(1474)   Other: 0.06ms
[7763.846s][info][gc,heap        ] GC(1474) Eden regions: 569->0(566)
[7763.846s][info][gc,heap        ] GC(1474) Survivor regions: 45->48(77)
[7763.846s][info][gc,heap        ] GC(1474) Old regions: 152->159
[7763.846s][info][gc,heap        ] GC(1474) Humongous regions: 33->33
[7763.846s][info][gc,metaspace   ] GC(1474) Metaspace: 30021K(30528K)->30021K(30528K) NonClass: 26620K(26880K)->26620K(26880K) Class: 3400K(3648K)->3400K(3648K)
[7763.847s][info][gc             ] GC(1474) Pause Young (Normal) (G1 Evacuation Pause) 6369M->1906M(8192M) 168.325ms
[7763.847s][info][gc,cpu         ] GC(1474) User=1.33s Sys=0.00s Real=0.17s
...[7766.607s][info][gc,start       ] GC(1475) Pause Young (Normal) (G1 Evacuation Pause)
[7766.607s][info][gc,task        ] GC(1475) Using 8 workers of 8 for evacuation
[7766.761s][info][gc,phases      ] GC(1475)   Pre Evacuate Collection Set: 0.21ms
[7766.761s][info][gc,phases      ] GC(1475)   Merge Heap Roots: 0.52ms
[7766.761s][info][gc,phases      ] GC(1475)   Evacuate Collection Set: 151.96ms
[7766.761s][info][gc,phases      ] GC(1475)   Post Evacuate Collection Set: 1.02ms
[7766.761s][info][gc,phases      ] GC(1475)   Other: 0.06ms
[7766.761s][info][gc,heap        ] GC(1475) Eden regions: 566->0(570)
[7766.761s][info][gc,heap        ] GC(1475) Survivor regions: 48->44(77)
[7766.761s][info][gc,heap        ] GC(1475) Old regions: 159->167
[7766.761s][info][gc,heap        ] GC(1475) Humongous regions: 33->33
[7766.761s][info][gc,metaspace   ] GC(1475) Metaspace: 30021K(30528K)->30021K(30528K) NonClass: 26620K(26880K)->26620K(26880K) Class: 3400K(3648K)->3400K(3648K)
[7766.761s][info][gc             ] GC(1475) Pause Young (Normal) (G1 Evacuation Pause) 6434M->1929M(8192M) 153.893ms
[7766.761s][info][gc,cpu         ] GC(1475) User=1.22s Sys=0.00s Real=0.15s
...[7769.490s][info][gc,start       ] GC(1476) Pause Young (Normal) (G1 Evacuation Pause)
[7769.490s][info][gc,task        ] GC(1476) Using 8 workers of 8 for evacuation
[7769.646s][info][gc,phases      ] GC(1476)   Pre Evacuate Collection Set: 0.21ms
[7769.646s][info][gc,phases      ] GC(1476)   Merge Heap Roots: 0.52ms
[7769.646s][info][gc,phases      ] GC(1476)   Evacuate Collection Set: 153.78ms
[7769.646s][info][gc,phases      ] GC(1476)   Post Evacuate Collection Set: 1.03ms
[7769.646s][info][gc,phases      ] GC(1476)   Other: 0.06ms
[7769.646s][info][gc,heap        ] GC(1476) Eden regions: 570->0(569)
[7769.646s][info][gc,heap        ] GC(1476) Survivor regions: 44->45(77)
[7769.646s][info][gc,heap        ] GC(1476) Old regions: 167->174
[7769.646s][info][gc,heap        ] GC(1476) Humongous regions: 33->33
[7769.646s][info][gc,metaspace   ] GC(1476) Metaspace: 30021K(30528K)->30021K(30528K) NonClass: 26620K(26880K)->26620K(26880K) Class: 3400K(3648K)->3400K(3648K)
[7769.646s][info][gc             ] GC(1476) Pause Young (Normal) (G1 Evacuation Pause) 6489M->1993M(8192M) 155.759ms
[7769.646s][info][gc,cpu         ] GC(1476) User=1.24s Sys=0.00s Real=0.16s
... (rIR:aIR:PR = 13007:13027:12894) (tPR = 191414) [OK] 
  7772s: Performance info:
         Transaction,    Success,    Partial,     Failed,   Receipts, AvgBarcode, 
             Overall,     803609,          0,          0,     763264,      59.47, 
         Response times:
             Request,    Success,    Partial,     Failed,   SkipFail,     Probes,    Samples,      min,      p50,      p90,      p95,      p99,      max, 
       TotalPurchase,     771250,          0,          0,          0,     261453,     428814,      600,   258000,   522000,   610000,   750000, 13000000,
     InStorePurchase,     405228,          0,          0,          0,     135351,     225155,      800,   256000,   536000,   620000,   740000, 13000000,
      OnlinePurchase,     283831,          0,          0,          0,      95923,     158337,      600,   258000,   503000,   593000,   750000, 13000000,
        InstPurchase,      82191,          0,          0,          0,      30179,      45322,     1000,   266000,   524000,   610000,   800000,  9000000,
          AssocOfCat,        808,          0,          0,          0,        569,        901,    59000,   306000,   560400,   680000,   830000,  3000000,
      AssocOfProduct,       8155,          0,          0,          0,       3213,       4927,     3100,   250000,   496000,   566600,   740000,  4800000,
      BusinessReport,       2022,          0,          0,          0,       1383,       2230,    73000,   326500,   596000,   700000,   820000,  2000000,
          CustBuyBeh,       8249,          0,          0,          0,       3248,       4944,     1300,   246000,   510000,   610000,   790000,  6100000,
       ProductReturn,      21378,          0,          0,          0,       8057,      11621,      800,   253000,   509000,   593900,   730000,  7000000,

  7772s: (95%)   IR =  13145 [7772.416s][info][gc,start       ] GC(1477) Pause Young (Normal) (G1 Evacuation Pause)
[7772.416s][info][gc,task        ] GC(1477) Using 8 workers of 8 for evacuation
[7772.577s][info][gc,phases      ] GC(1477)   Pre Evacuate Collection Set: 0.20ms
[7772.577s][info][gc,phases      ] GC(1477)   Merge Heap Roots: 0.53ms
[7772.577s][info][gc,phases      ] GC(1477)   Evacuate Collection Set: 158.52ms
[7772.577s][info][gc,phases      ] GC(1477)   Post Evacuate Collection Set: 1.07ms
[7772.577s][info][gc,phases      ] GC(1477)   Other: 0.06ms
[7772.577s][info][gc,heap        ] GC(1477) Eden regions: 569->0(569)
[7772.577s][info][gc,heap        ] GC(1477) Survivor regions: 45->45(77)
[7772.577s][info][gc,heap        ] GC(1477) Old regions: 174->181
[7772.577s][info][gc,heap        ] GC(1477) Humongous regions: 33->33
[7772.577s][info][gc,metaspace   ] GC(1477) Metaspace: 30021K(30528K)->30021K(30528K) NonClass: 26620K(26880K)->26620K(26880K) Class: 3400K(3648K)->3400K(3648K)
[7772.577s][info][gc             ] GC(1477) Pause Young (Normal) (G1 Evacuation Pause) 6545M->2053M(8192M) 160.513ms
[7772.577s][info][gc,cpu         ] GC(1477) User=1.28s Sys=0.00s Real=0.16s
...[7775.339s][info][gc,start       ] GC(1478) Pause Young (Normal) (G1 Evacuation Pause)
[7775.339s][info][gc,task        ] GC(1478) Using 8 workers of 8 for evacuation
[7775.494s][info][gc,phases      ] GC(1478)   Pre Evacuate Collection Set: 0.20ms
[7775.494s][info][gc,phases      ] GC(1478)   Merge Heap Roots: 0.53ms
[7775.494s][info][gc,phases      ] GC(1478)   Evacuate Collection Set: 153.39ms
[7775.494s][info][gc,phases      ] GC(1478)   Post Evacuate Collection Set: 1.06ms
[7775.494s][info][gc,phases      ] GC(1478)   Other: 0.07ms
[7775.494s][info][gc,heap        ] GC(1478) Eden regions: 569->0(571)
[7775.494s][info][gc,heap        ] GC(1478) Survivor regions: 45->43(77)
[7775.494s][info][gc,heap        ] GC(1478) Old regions: 181->188
[7775.494s][info][gc,heap        ] GC(1478) Humongous regions: 33->33
[7775.494s][info][gc,metaspace   ] GC(1478) Metaspace: 30021K(30528K)->30021K(30528K) NonClass: 26620K(26880K)->26620K(26880K) Class: 3400K(3648K)->3400K(3648K)
[7775.494s][info][gc             ] GC(1478) Pause Young (Normal) (G1 Evacuation Pause) 6605M->2095M(8192M) 155.380ms
[7775.494s][info][gc,cpu         ] GC(1478) User=1.23s Sys=0.00s Real=0.15s
..[7778.181s][info][gc,start       ] GC(1479) Pause Young (Normal) (G1 Evacuation Pause)
[7778.181s][info][gc,task        ] GC(1479) Using 8 workers of 8 for evacuation
[7778.347s][info][gc,phases      ] GC(1479)   Pre Evacuate Collection Set: 0.21ms
[7778.347s][info][gc,phases      ] GC(1479)   Merge Heap Roots: 0.52ms
[7778.347s][info][gc,phases      ] GC(1479)   Evacuate Collection Set: 164.28ms
[7778.347s][info][gc,phases      ] GC(1479)   Post Evacuate Collection Set: 1.05ms
[7778.347s][info][gc,phases      ] GC(1479)   Other: 0.06ms
[7778.347s][info][gc,heap        ] GC(1479) Eden regions: 571->0(566)
[7778.347s][info][gc,heap        ] GC(1479) Survivor regions: 43->48(77)
[7778.347s][info][gc,heap        ] GC(1479) Old regions: 188->195
[7778.347s][info][gc,heap        ] GC(1479) Humongous regions: 33->33
[7778.347s][info][gc,metaspace   ] GC(1479) Metaspace: 30021K(30528K)->30021K(30528K) NonClass: 26620K(26880K)->26620K(26880K) Class: 3400K(3648K)->3400K(3648K)
[7778.347s][info][gc             ] GC(1479) Pause Young (Normal) (G1 Evacuation Pause) 6663M->2189M(8192M) 166.250ms
[7778.347s][info][gc,cpu         ] GC(1479) User=1.32s Sys=0.00s Real=0.17s
...[7781.154s][info][gc,start       ] GC(1480) Pause Young (Normal) (G1 Evacuation Pause)
[7781.154s][info][gc,task        ] GC(1480) Using 8 workers of 8 for evacuation
[7781.319s][info][gc,phases      ] GC(1480)   Pre Evacuate Collection Set: 0.21ms
[7781.319s][info][gc,phases      ] GC(1480)   Merge Heap Roots: 0.53ms
[7781.319s][info][gc,phases      ] GC(1480)   Evacuate Collection Set: 162.54ms
[7781.319s][info][gc,phases      ] GC(1480)   Post Evacuate Collection Set: 1.08ms
[7781.319s][info][gc,phases      ] GC(1480)   Other: 0.06ms
[7781.319s][info][gc,heap        ] GC(1480) Eden regions: 566->0(568)
[7781.319s][info][gc,heap        ] GC(1480) Survivor regions: 48->46(77)
[7781.319s][info][gc,heap        ] GC(1480) Old regions: 195->202
[7781.319s][info][gc,heap        ] GC(1480) Humongous regions: 33->33
[7781.319s][info][gc,metaspace   ] GC(1480) Metaspace: 30021K(30528K)->30021K(30528K) NonClass: 26620K(26880K)->26620K(26880K) Class: 3400K(3648K)->3400K(3648K)
[7781.319s][info][gc             ] GC(1480) Pause Young (Normal) (G1 Evacuation Pause) 6717M->2234M(8192M) 164.542ms
[7781.319s][info][gc,cpu         ] GC(1480) User=1.30s Sys=0.00s Real=0.17s
...[7784.111s][info][gc,start       ] GC(1481) Pause Young (Normal) (G1 Evacuation Pause)
[7784.111s][info][gc,task        ] GC(1481) Using 8 workers of 8 for evacuation
[7784.258s][info][gc,phases      ] GC(1481)   Pre Evacuate Collection Set: 0.21ms
[7784.258s][info][gc,phases      ] GC(1481)   Merge Heap Roots: 0.52ms
[7784.258s][info][gc,phases      ] GC(1481)   Evacuate Collection Set: 145.03ms
[7784.258s][info][gc,phases      ] GC(1481)   Post Evacuate Collection Set: 1.05ms
[7784.258s][info][gc,phases      ] GC(1481)   Other: 0.06ms
[7784.258s][info][gc,heap        ] GC(1481) Eden regions: 568->0(573)
[7784.258s][info][gc,heap        ] GC(1481) Survivor regions: 46->41(77)
[7784.258s][info][gc,heap        ] GC(1481) Old regions: 202->210
[7784.258s][info][gc,heap        ] GC(1481) Humongous regions: 33->33
[7784.258s][info][gc,metaspace   ] GC(1481) Metaspace: 30021K(30528K)->30021K(30528K) NonClass: 26620K(26880K)->26620K(26880K) Class: 3400K(3648K)->3400K(3648K)
[7784.258s][info][gc             ] GC(1481) Pause Young (Normal) (G1 Evacuation Pause) 6778M->2254M(8192M) 147.008ms
[7784.258s][info][gc,cpu         ] GC(1481) User=1.16s Sys=0.00s Real=0.15s
...[7787.032s][info][gc,start       ] GC(1482) Pause Young (Normal) (G1 Evacuation Pause)
[7787.032s][info][gc,task        ] GC(1482) Using 8 workers of 8 for evacuation
[7787.180s][info][gc,phases      ] GC(1482)   Pre Evacuate Collection Set: 0.22ms
[7787.180s][info][gc,phases      ] GC(1482)   Merge Heap Roots: 0.52ms
[7787.180s][info][gc,phases      ] GC(1482)   Evacuate Collection Set: 146.55ms
[7787.180s][info][gc,phases      ] GC(1482)   Post Evacuate Collection Set: 1.03ms
[7787.180s][info][gc,phases      ] GC(1482)   Other: 0.07ms
[7787.180s][info][gc,heap        ] GC(1482) Eden regions: 573->0(572)
[7787.180s][info][gc,heap        ] GC(1482) Survivor regions: 41->42(77)
[7787.180s][info][gc,heap        ] GC(1482) Old regions: 210->217
[7787.180s][info][gc,heap        ] GC(1482) Humongous regions: 33->33
[7787.180s][info][gc,metaspace   ] GC(1482) Metaspace: 30021K(30528K)->30021K(30528K) NonClass: 26620K(26880K)->26620K(26880K) Class: 3400K(3648K)->3400K(3648K)
[7787.180s][info][gc             ] GC(1482) Pause Young (Normal) (G1 Evacuation Pause) 6838M->2314M(8192M) 148.513ms
[7787.180s][info][gc,cpu         ] GC(1482) User=1.18s Sys=0.00s Real=0.15s
...[7789.964s][info][gc,start       ] GC(1483) Pause Young (Normal) (G1 Evacuation Pause)
[7789.964s][info][gc,task        ] GC(1483) Using 8 workers of 8 for evacuation
[7790.128s][info][gc,phases      ] GC(1483)   Pre Evacuate Collection Set: 0.20ms
[7790.128s][info][gc,phases      ] GC(1483)   Merge Heap Roots: 0.52ms
[7790.128s][info][gc,phases      ] GC(1483)   Evacuate Collection Set: 161.86ms
[7790.128s][info][gc,phases      ] GC(1483)   Post Evacuate Collection Set: 1.06ms
[7790.128s][info][gc,phases      ] GC(1483)   Other: 0.06ms
[7790.128s][info][gc,heap        ] GC(1483) Eden regions: 572->0(568)
[7790.128s][info][gc,heap        ] GC(1483) Survivor regions: 42->46(77)
[7790.128s][info][gc,heap        ] GC(1483) Old regions: 217->224
[7790.128s][info][gc,heap        ] GC(1483) Humongous regions: 33->33
[7790.128s][info][gc,metaspace   ] GC(1483) Metaspace: 30021K(30528K)->30021K(30528K) NonClass: 26620K(26880K)->26620K(26880K) Class: 3400K(3648K)->3400K(3648K)
[7790.128s][info][gc             ] GC(1483) Pause Young (Normal) (G1 Evacuation Pause) 6890M->2406M(8192M) 163.820ms
[7790.128s][info][gc,cpu         ] GC(1483) User=1.30s Sys=0.00s Real=0.17s
...[7792.906s][info][gc,start       ] GC(1484) Pause Young (Normal) (G1 Evacuation Pause)
[7792.906s][info][gc,task        ] GC(1484) Using 8 workers of 8 for evacuation
[7793.055s][info][gc,phases      ] GC(1484)   Pre Evacuate Collection Set: 0.23ms
[7793.055s][info][gc,phases      ] GC(1484)   Merge Heap Roots: 0.53ms
[7793.055s][info][gc,phases      ] GC(1484)   Evacuate Collection Set: 147.63ms
[7793.055s][info][gc,phases      ] GC(1484)   Post Evacuate Collection Set: 1.04ms
[7793.055s][info][gc,phases      ] GC(1484)   Other: 0.06ms
[7793.055s][info][gc,heap        ] GC(1484) Eden regions: 568->0(572)
[7793.055s][info][gc,heap        ] GC(1484) Survivor regions: 46->42(77)
[7793.055s][info][gc,heap        ] GC(1484) Old regions: 224->231
[7793.055s][info][gc,heap        ] GC(1484) Humongous regions: 33->33
[7793.055s][info][gc,metaspace   ] GC(1484) Metaspace: 30021K(30528K)->30021K(30528K) NonClass: 26620K(26880K)->26620K(26880K) Class: 3400K(3648K)->3400K(3648K)
[7793.055s][info][gc             ] GC(1484) Pause Young (Normal) (G1 Evacuation Pause) 6950M->2431M(8192M) 149.608ms
[7793.055s][info][gc,cpu         ] GC(1484) User=1.19s Sys=0.00s Real=0.15s
...[7795.774s][info][gc,start       ] GC(1485) Pause Young (Normal) (G1 Evacuation Pause)
[7795.774s][info][gc,task        ] GC(1485) Using 8 workers of 8 for evacuation
[7795.931s][info][gc,phases      ] GC(1485)   Pre Evacuate Collection Set: 0.21ms
[7795.931s][info][gc,phases      ] GC(1485)   Merge Heap Roots: 0.53ms
[7795.931s][info][gc,phases      ] GC(1485)   Evacuate Collection Set: 154.82ms
[7795.931s][info][gc,phases      ] GC(1485)   Post Evacuate Collection Set: 1.04ms
[7795.931s][info][gc,phases      ] GC(1485)   Other: 0.06ms
[7795.931s][info][gc,heap        ] GC(1485) Eden regions: 572->0(570)
[7795.931s][info][gc,heap        ] GC(1485) Survivor regions: 42->44(77)
[7795.931s][info][gc,heap        ] GC(1485) Old regions: 231->239
[7795.931s][info][gc,heap        ] GC(1485) Humongous regions: 33->33
[7795.931s][info][gc,metaspace   ] GC(1485) Metaspace: 30021K(30528K)->30021K(30528K) NonClass: 26620K(26880K)->26620K(26880K) Class: 3400K(3648K)->3400K(3648K)
[7795.931s][info][gc             ] GC(1485) Pause Young (Normal) (G1 Evacuation Pause) 7007M->2509M(8192M) 156.801ms
[7795.931s][info][gc,cpu         ] GC(1485) User=1.24s Sys=0.00s Real=0.16s
...[7798.661s][info][gc,start       ] GC(1486) Pause Young (Normal) (G1 Evacuation Pause)
[7798.661s][info][gc,task        ] GC(1486) Using 8 workers of 8 for evacuation
[7798.818s][info][gc,phases      ] GC(1486)   Pre Evacuate Collection Set: 0.20ms
[7798.818s][info][gc,phases      ] GC(1486)   Merge Heap Roots: 0.52ms
[7798.818s][info][gc,phases      ] GC(1486)   Evacuate Collection Set: 154.85ms
[7798.818s][info][gc,phases      ] GC(1486)   Post Evacuate Collection Set: 1.01ms
[7798.818s][info][gc,phases      ] GC(1486)   Other: 0.06ms
[7798.818s][info][gc,heap        ] GC(1486) Eden regions: 570->0(570)
[7798.818s][info][gc,heap        ] GC(1486) Survivor regions: 44->44(77)
[7798.818s][info][gc,heap        ] GC(1486) Old regions: 239->246
[7798.818s][info][gc,heap        ] GC(1486) Humongous regions: 33->33
[7798.818s][info][gc,metaspace   ] GC(1486) Metaspace: 30021K(30528K)->30021K(30528K) NonClass: 26620K(26880K)->26620K(26880K) Class: 3400K(3648K)->3400K(3648K)
[7798.818s][info][gc             ] GC(1486) Pause Young (Normal) (G1 Evacuation Pause) 7069M->2562M(8192M) 156.778ms
[7798.818s][info][gc,cpu         ] GC(1486) User=1.24s Sys=0.01s Real=0.16s
...[7801.633s][info][gc,start       ] GC(1487) Pause Young (Normal) (G1 Evacuation Pause)
[7801.633s][info][gc,task        ] GC(1487) Using 8 workers of 8 for evacuation
[7801.792s][info][gc,phases      ] GC(1487)   Pre Evacuate Collection Set: 0.21ms
[7801.792s][info][gc,phases      ] GC(1487)   Merge Heap Roots: 0.53ms
[7801.792s][info][gc,phases      ] GC(1487)   Evacuate Collection Set: 157.31ms
[7801.792s][info][gc,phases      ] GC(1487)   Post Evacuate Collection Set: 1.01ms
[7801.792s][info][gc,phases      ] GC(1487)   Other: 0.06ms
[7801.792s][info][gc,heap        ] GC(1487) Eden regions: 570->0(569)
[7801.792s][info][gc,heap        ] GC(1487) Survivor regions: 44->45(77)
[7801.792s][info][gc,heap        ] GC(1487) Old regions: 246->253
[7801.792s][info][gc,heap        ] GC(1487) Humongous regions: 33->33
[7801.792s][info][gc,metaspace   ] GC(1487) Metaspace: 30021K(30528K)->30021K(30528K) NonClass: 26620K(26880K)->26620K(26880K) Class: 3400K(3648K)->3400K(3648K)
[7801.792s][info][gc             ] GC(1487) Pause Young (Normal) (G1 Evacuation Pause) 7122M->2632M(8192M) 159.254ms
[7801.792s][info][gc,cpu         ] GC(1487) User=1.26s Sys=0.01s Real=0.16s
. (rIR:aIR:PR = 13145:13328:13209) (tPR = 193806) [IR is over limit] 
  7802s: Performance info:
         Transaction,    Success,    Partial,     Failed,   Receipts, AvgBarcode, 
             Overall,     264310,          0,          0,     251108,      59.47, 
         Response times:
             Request,    Success,    Partial,     Failed,   SkipFail,     Probes,    Samples,      min,      p50,      p90,      p95,      p99,      max, 
       TotalPurchase,     253483,          0,          0,          0,      75293,     180060,      400,   341000,   630000,   680000,  1700000, 14000000,
     InStorePurchase,     133290,          0,          0,          0,      38576,      94323,      400,   341000,   630000,   670000,   750000, 14000000,
      OnlinePurchase,      93526,          0,          0,          0,      27215,      66230,     2100,   342000,   640000,   700000,  4700000, 14000000,
        InstPurchase,      26667,          0,          0,          0,       9502,      19507,     1900,   337000,   620000,   660000,  4800000,  8400000,
          AssocOfCat,        262,          0,          0,          0,        181,        391,    59000,   405000,   698000,   774000,  1960000,  8500000,
      AssocOfProduct,       2497,          0,          0,          0,       1073,       2107,     5700,   332000,   586200,   650000,   780000,  3000000,
      BusinessReport,        658,          0,          0,          0,        419,        942,    77000,   436000,   700000,   798500,  1157000,  1500000,
          CustBuyBeh,       2728,          0,          0,          0,       1078,       2074,     2300,   343000,   630000,   682500,  1300000,  5900000,
       ProductReturn,       7053,          0,          0,          0,       2553,       4923,     3900,   340000,   600000,   650000,   770000,  5900000,

  7802s: 
  7802s: Failed, 7 overall retries left, retrying 1 of 1
  7802s: (95%)   IR =  13145 ..[7804.523s][info][gc,start       ] GC(1488) Pause Young (Normal) (G1 Evacuation Pause)
[7804.523s][info][gc,task        ] GC(1488) Using 8 workers of 8 for evacuation
[7804.684s][info][gc,phases      ] GC(1488)   Pre Evacuate Collection Set: 0.20ms
[7804.684s][info][gc,phases      ] GC(1488)   Merge Heap Roots: 0.55ms
[7804.684s][info][gc,phases      ] GC(1488)   Evacuate Collection Set: 159.57ms
[7804.684s][info][gc,phases      ] GC(1488)   Post Evacuate Collection Set: 1.06ms
[7804.684s][info][gc,phases      ] GC(1488)   Other: 0.07ms
[7804.684s][info][gc,heap        ] GC(1488) Eden regions: 569->0(568)
[7804.684s][info][gc,heap        ] GC(1488) Survivor regions: 45->46(77)
[7804.684s][info][gc,heap        ] GC(1488) Old regions: 253->261
[7804.684s][info][gc,heap        ] GC(1488) Humongous regions: 33->33
[7804.684s][info][gc,metaspace   ] GC(1488) Metaspace: 30022K(30528K)->30022K(30528K) NonClass: 26622K(26880K)->26622K(26880K) Class: 3400K(3648K)->3400K(3648K)
[7804.684s][info][gc             ] GC(1488) Pause Young (Normal) (G1 Evacuation Pause) 7184M->2702M(8192M) 161.587ms
[7804.685s][info][gc,cpu         ] GC(1488) User=1.28s Sys=0.00s Real=0.16s
...[7807.529s][info][gc,start       ] GC(1489) Pause Young (Normal) (G1 Evacuation Pause)
[7807.529s][info][gc,task        ] GC(1489) Using 8 workers of 8 for evacuation
[7807.699s][info][gc,phases      ] GC(1489)   Pre Evacuate Collection Set: 0.21ms
[7807.699s][info][gc,phases      ] GC(1489)   Merge Heap Roots: 0.56ms
[7807.699s][info][gc,phases      ] GC(1489)   Evacuate Collection Set: 167.80ms
[7807.699s][info][gc,phases      ] GC(1489)   Post Evacuate Collection Set: 1.04ms
[7807.699s][info][gc,phases      ] GC(1489)   Other: 0.06ms
[7807.699s][info][gc,heap        ] GC(1489) Eden regions: 568->0(567)
[7807.699s][info][gc,heap        ] GC(1489) Survivor regions: 46->47(77)
[7807.699s][info][gc,heap        ] GC(1489) Old regions: 261->268
[7807.699s][info][gc,heap        ] GC(1489) Humongous regions: 33->33
[7807.699s][info][gc,metaspace   ] GC(1489) Metaspace: 30022K(30528K)->30022K(30528K) NonClass: 26622K(26880K)->26622K(26880K) Class: 3400K(3648K)->3400K(3648K)
[7807.699s][info][gc             ] GC(1489) Pause Young (Normal) (G1 Evacuation Pause) 7246M->2771M(8192M) 169.808ms
[7807.699s][info][gc,cpu         ] GC(1489) User=1.34s Sys=0.00s Real=0.17s
...[7810.469s][info][gc,start       ] GC(1490) Pause Young (Normal) (G1 Evacuation Pause)
[7810.469s][info][gc,task        ] GC(1490) Using 8 workers of 8 for evacuation
[7810.622s][info][gc,phases      ] GC(1490)   Pre Evacuate Collection Set: 0.23ms
[7810.622s][info][gc,phases      ] GC(1490)   Merge Heap Roots: 0.59ms
[7810.622s][info][gc,phases      ] GC(1490)   Evacuate Collection Set: 151.20ms
[7810.622s][info][gc,phases      ] GC(1490)   Post Evacuate Collection Set: 1.03ms
[7810.622s][info][gc,phases      ] GC(1490)   Other: 0.06ms
[7810.622s][info][gc,heap        ] GC(1490) Eden regions: 567->0(571)
[7810.622s][info][gc,heap        ] GC(1490) Survivor regions: 47->43(77)
[7810.622s][info][gc,heap        ] GC(1490) Old regions: 268->276
[7810.622s][info][gc,heap        ] GC(1490) Humongous regions: 33->33
[7810.622s][info][gc,metaspace   ] GC(1490) Metaspace: 30022K(30528K)->30022K(30528K) NonClass: 26622K(26880K)->26622K(26880K) Class: 3400K(3648K)->3400K(3648K)
[7810.622s][info][gc             ] GC(1490) Pause Young (Normal) (G1 Evacuation Pause) 7307M->2799M(8192M) 153.252ms
[7810.622s][info][gc,cpu         ] GC(1490) User=1.21s Sys=0.00s Real=0.15s
..[7813.306s][info][gc,start       ] GC(1491) Pause Young (Normal) (G1 Evacuation Pause)
[7813.306s][info][gc,task        ] GC(1491) Using 8 workers of 8 for evacuation
[7813.470s][info][gc,phases      ] GC(1491)   Pre Evacuate Collection Set: 0.21ms
[7813.470s][info][gc,phases      ] GC(1491)   Merge Heap Roots: 0.52ms
[7813.470s][info][gc,phases      ] GC(1491)   Evacuate Collection Set: 161.64ms
[7813.470s][info][gc,phases      ] GC(1491)   Post Evacuate Collection Set: 1.01ms
[7813.470s][info][gc,phases      ] GC(1491)   Other: 0.06ms
[7813.470s][info][gc,heap        ] GC(1491) Eden regions: 571->0(564)
[7813.470s][info][gc,heap        ] GC(1491) Survivor regions: 43->46(77)
[7813.470s][info][gc,heap        ] GC(1491) Old regions: 276->283
[7813.470s][info][gc,heap        ] GC(1491) Humongous regions: 33->33
[7813.470s][info][gc,metaspace   ] GC(1491) Metaspace: 30022K(30528K)->30022K(30528K) NonClass: 26622K(26880K)->26622K(26880K) Class: 3400K(3648K)->3400K(3648K)
[7813.470s][info][gc             ] GC(1491) Pause Young (Normal) (G1 Evacuation Pause) 7367M->2879M(8192M) 163.551ms
[7813.470s][info][gc,cpu         ] GC(1491) User=1.30s Sys=0.00s Real=0.16s
...[7816.142s][info][gc,start       ] GC(1492) Pause Young (Normal) (G1 Evacuation Pause)
[7816.142s][info][gc,task        ] GC(1492) Using 8 workers of 8 for evacuation
[7816.298s][info][gc,phases      ] GC(1492)   Pre Evacuate Collection Set: 0.20ms
[7816.298s][info][gc,phases      ] GC(1492)   Merge Heap Roots: 0.52ms
[7816.298s][info][gc,phases      ] GC(1492)   Evacuate Collection Set: 153.46ms
[7816.298s][info][gc,phases      ] GC(1492)   Post Evacuate Collection Set: 1.02ms
[7816.298s][info][gc,phases      ] GC(1492)   Other: 0.07ms
[7816.298s][info][gc,heap        ] GC(1492) Eden regions: 564->0(559)
[7816.298s][info][gc,heap        ] GC(1492) Survivor regions: 46->45(77)
[7816.298s][info][gc,heap        ] GC(1492) Old regions: 283->290
[7816.298s][info][gc,heap        ] GC(1492) Humongous regions: 33->33
[7816.298s][info][gc,metaspace   ] GC(1492) Metaspace: 30022K(30528K)->30022K(30528K) NonClass: 26622K(26880K)->26622K(26880K) Class: 3400K(3648K)->3400K(3648K)
[7816.298s][info][gc             ] GC(1492) Pause Young (Normal) (G1 Evacuation Pause) 7391M->2923M(8192M) 155.421ms
[7816.298s][info][gc,cpu         ] GC(1492) User=1.24s Sys=0.00s Real=0.16s
...[7819.034s][info][gc,start       ] GC(1493) Pause Young (Normal) (G1 Evacuation Pause)
[7819.034s][info][gc,task        ] GC(1493) Using 8 workers of 8 for evacuation
[7819.183s][info][gc,phases      ] GC(1493)   Pre Evacuate Collection Set: 0.23ms
[7819.183s][info][gc,phases      ] GC(1493)   Merge Heap Roots: 0.52ms
[7819.183s][info][gc,phases      ] GC(1493)   Evacuate Collection Set: 147.68ms
[7819.183s][info][gc,phases      ] GC(1493)   Post Evacuate Collection Set: 1.00ms
[7819.183s][info][gc,phases      ] GC(1493)   Other: 0.06ms
[7819.183s][info][gc,heap        ] GC(1493) Eden regions: 559->0(558)
[7819.183s][info][gc,heap        ] GC(1493) Survivor regions: 45->42(76)
[7819.183s][info][gc,heap        ] GC(1493) Old regions: 290->297
[7819.183s][info][gc,heap        ] GC(1493) Humongous regions: 33->33
[7819.183s][info][gc,metaspace   ] GC(1493) Metaspace: 30022K(30528K)->30022K(30528K) NonClass: 26622K(26880K)->26622K(26880K) Class: 3400K(3648K)->3400K(3648K)
[7819.183s][info][gc             ] GC(1493) Pause Young (Normal) (G1 Evacuation Pause) 7395M->2963M(8192M) 149.629ms
[7819.183s][info][gc,cpu         ] GC(1493) User=1.18s Sys=0.00s Real=0.15s
...[7821.960s][info][gc,start       ] GC(1494) Pause Young (Normal) (G1 Evacuation Pause)
[7821.960s][info][gc,task        ] GC(1494) Using 8 workers of 8 for evacuation
[7822.111s][info][gc,phases      ] GC(1494)   Pre Evacuate Collection Set: 0.21ms
[7822.112s][info][gc,phases      ] GC(1494)   Merge Heap Roots: 0.53ms
[7822.112s][info][gc,phases      ] GC(1494)   Evacuate Collection Set: 149.63ms
[7822.112s][info][gc,phases      ] GC(1494)   Post Evacuate Collection Set: 1.01ms
[7822.112s][info][gc,phases      ] GC(1494)   Other: 0.06ms
[7822.112s][info][gc,heap        ] GC(1494) Eden regions: 558->0(548)
[7822.112s][info][gc,heap        ] GC(1494) Survivor regions: 42->43(75)
[7822.112s][info][gc,heap        ] GC(1494) Old regions: 297->305
[7822.112s][info][gc,heap        ] GC(1494) Humongous regions: 33->33
[7822.112s][info][gc,metaspace   ] GC(1494) Metaspace: 30022K(30528K)->30022K(30528K) NonClass: 26622K(26880K)->26622K(26880K) Class: 3400K(3648K)->3400K(3648K)
[7822.112s][info][gc             ] GC(1494) Pause Young (Normal) (G1 Evacuation Pause) 7427M->3029M(8192M) 151.570ms
[7822.112s][info][gc,cpu         ] GC(1494) User=1.20s Sys=0.00s Real=0.15s
...[7824.775s][info][gc,start       ] GC(1495) Pause Young (Concurrent Start) (G1 Evacuation Pause)
[7824.775s][info][gc,task        ] GC(1495) Using 8 workers of 8 for evacuation
[7824.945s][info][gc,phases      ] GC(1495)   Pre Evacuate Collection Set: 0.24ms
[7824.945s][info][gc,phases      ] GC(1495)   Merge Heap Roots: 0.55ms
[7824.945s][info][gc,phases      ] GC(1495)   Evacuate Collection Set: 167.47ms
[7824.945s][info][gc,phases      ] GC(1495)   Post Evacuate Collection Set: 1.02ms
[7824.945s][info][gc,phases      ] GC(1495)   Other: 0.08ms
[7824.945s][info][gc,heap        ] GC(1495) Eden regions: 548->0(535)
[7824.945s][info][gc,heap        ] GC(1495) Survivor regions: 43->46(74)
[7824.945s][info][gc,heap        ] GC(1495) Old regions: 305->312
[7824.945s][info][gc,heap        ] GC(1495) Humongous regions: 33->33
[7824.945s][info][gc,metaspace   ] GC(1495) Metaspace: 30022K(30528K)->30022K(30528K) NonClass: 26622K(26880K)->26622K(26880K) Class: 3400K(3648K)->3400K(3648K)
[7824.945s][info][gc             ] GC(1495) Pause Young (Concurrent Start) (G1 Evacuation Pause) 7413M->3111M(8192M) 169.505ms
[7824.945s][info][gc             ] GC(1496) Concurrent Mark Cycle
[7824.945s][info][gc,marking     ] GC(1496) Concurrent Scan Root Regions
[7824.945s][info][gc,cpu         ] GC(1495) User=1.34s Sys=0.00s Real=0.17s
[7825.358s][info][gc,marking     ] GC(1496) Concurrent Scan Root Regions 412.566ms
[7825.358s][info][gc,marking     ] GC(1496) Concurrent Mark
[7825.358s][info][gc,marking     ] GC(1496) Concurrent Mark From Roots
[7825.358s][info][gc,task        ] GC(1496) Using 2 workers of 2 for marking
..[7826.692s][info][gc,marking     ] GC(1496) Concurrent Mark From Roots 1334.452ms
[7826.692s][info][gc,marking     ] GC(1496) Concurrent Preclean
[7826.692s][info][gc,marking     ] GC(1496) Concurrent Preclean 0.149ms
[7826.692s][info][gc,start       ] GC(1496) Pause Remark
[7826.695s][info][gc             ] GC(1496) Pause Remark 5171M->4627M(8192M) 2.289ms
[7826.695s][info][gc,cpu         ] GC(1496) User=0.01s Sys=0.00s Real=0.00s
[7826.695s][info][gc,marking     ] GC(1496) Concurrent Mark 1337.184ms
[7826.695s][info][gc,marking     ] GC(1496) Concurrent Rebuild Remembered Sets and Scrub Regions
.[7827.526s][info][gc,marking     ] GC(1496) Concurrent Rebuild Remembered Sets and Scrub Regions 831.282ms
[7827.526s][info][gc,start       ] GC(1496) Pause Cleanup
[7827.527s][info][gc             ] GC(1496) Pause Cleanup 5887M->5887M(8192M) 0.248ms
[7827.527s][info][gc,cpu         ] GC(1496) User=0.00s Sys=0.00s Real=0.00s
[7827.527s][info][gc,marking     ] GC(1496) Concurrent Clear Claimed Marks
[7827.527s][info][gc,marking     ] GC(1496) Concurrent Clear Claimed Marks 0.040ms
[7827.527s][info][gc,marking     ] GC(1496) Concurrent Cleanup for Next Mark
[7827.536s][info][gc,marking     ] GC(1496) Concurrent Cleanup for Next Mark 9.560ms
[7827.536s][info][gc             ] GC(1496) Concurrent Mark Cycle 2591.248ms
[7828.213s][info][gc,start       ] GC(1497) Pause Young (Prepare Mixed) (G1 Evacuation Pause)
[7828.213s][info][gc,task        ] GC(1497) Using 8 workers of 8 for evacuation
[7828.380s][info][gc,phases      ] GC(1497)   Pre Evacuate Collection Set: 0.23ms
[7828.380s][info][gc,phases      ] GC(1497)   Merge Heap Roots: 0.84ms
[7828.380s][info][gc,phases      ] GC(1497)   Evacuate Collection Set: 164.38ms
[7828.380s][info][gc,phases      ] GC(1497)   Post Evacuate Collection Set: 1.12ms
[7828.380s][info][gc,phases      ] GC(1497)   Other: 0.07ms
[7828.380s][info][gc,heap        ] GC(1497) Eden regions: 535->0(569)
[7828.380s][info][gc,heap        ] GC(1497) Survivor regions: 46->45(73)
[7828.380s][info][gc,heap        ] GC(1497) Old regions: 244->251
[7828.380s][info][gc,heap        ] GC(1497) Humongous regions: 33->33
[7828.380s][info][gc,metaspace   ] GC(1497) Metaspace: 30022K(30528K)->30022K(30528K) NonClass: 26622K(26880K)->26622K(26880K) Class: 3400K(3648K)->3400K(3648K)
[7828.380s][info][gc             ] GC(1497) Pause Young (Prepare Mixed) (G1 Evacuation Pause) 6847M->2618M(8192M) 166.774ms
[7828.380s][info][gc,cpu         ] GC(1497) User=1.32s Sys=0.00s Real=0.17s
...[7831.180s][info][gc,start       ] GC(1498) Pause Young (Mixed) (G1 Evacuation Pause)
[7831.180s][info][gc,task        ] GC(1498) Using 8 workers of 8 for evacuation
[7831.341s][info][gc,phases      ] GC(1498)   Pre Evacuate Collection Set: 0.26ms
[7831.341s][info][gc,phases      ] GC(1498)   Merge Heap Roots: 0.79ms
[7831.341s][info][gc,phases      ] GC(1498)   Evacuate Collection Set: 159.49ms
[7831.342s][info][gc,phases      ] GC(1498)   Post Evacuate Collection Set: 1.24ms
[7831.342s][info][gc,phases      ] GC(1498)   Other: 0.07ms
[7831.342s][info][gc,heap        ] GC(1498) Eden regions: 569->0(571)
[7831.342s][info][gc,heap        ] GC(1498) Survivor regions: 45->43(77)
[7831.342s][info][gc,heap        ] GC(1498) Old regions: 251->157
[7831.342s][info][gc,heap        ] GC(1498) Humongous regions: 33->33
[7831.342s][info][gc,metaspace   ] GC(1498) Metaspace: 30022K(30528K)->30022K(30528K) NonClass: 26622K(26880K)->26622K(26880K) Class: 3400K(3648K)->3400K(3648K)
[7831.342s][info][gc             ] GC(1498) Pause Young (Mixed) (G1 Evacuation Pause) 7170M->1846M(8192M) 161.981ms
[7831.342s][info][gc,cpu         ] GC(1498) User=1.28s Sys=0.01s Real=0.16s
...[7834.219s][info][gc,start       ] GC(1499) Pause Young (Mixed) (G1 Evacuation Pause)
[7834.219s][info][gc,task        ] GC(1499) Using 8 workers of 8 for evacuation
[7834.376s][info][gc,phases      ] GC(1499)   Pre Evacuate Collection Set: 0.23ms
[7834.376s][info][gc,phases      ] GC(1499)   Merge Heap Roots: 0.74ms
[7834.376s][info][gc,phases      ] GC(1499)   Evacuate Collection Set: 154.80ms
[7834.376s][info][gc,phases      ] GC(1499)   Post Evacuate Collection Set: 1.03ms
[7834.376s][info][gc,phases      ] GC(1499)   Other: 0.07ms
[7834.376s][info][gc,heap        ] GC(1499) Eden regions: 571->0(571)
[7834.376s][info][gc,heap        ] GC(1499) Survivor regions: 43->43(77)
[7834.376s][info][gc,heap        ] GC(1499) Old regions: 157->144
[7834.376s][info][gc,heap        ] GC(1499) Humongous regions: 33->33
[7834.376s][info][gc,metaspace   ] GC(1499) Metaspace: 30022K(30528K)->30022K(30528K) NonClass: 26622K(26880K)->26622K(26880K) Class: 3400K(3648K)->3400K(3648K)
[7834.376s][info][gc             ] GC(1499) Pause Young (Mixed) (G1 Evacuation Pause) 6414M->1742M(8192M) 157.000ms
[7834.376s][info][gc,cpu         ] GC(1499) User=1.24s Sys=0.00s Real=0.16s
...[7837.202s][info][gc,start       ] GC(1500) Pause Young (Normal) (G1 Evacuation Pause)
[7837.202s][info][gc,task        ] GC(1500) Using 8 workers of 8 for evacuation
[7837.357s][info][gc,phases      ] GC(1500)   Pre Evacuate Collection Set: 0.20ms
[7837.357s][info][gc,phases      ] GC(1500)   Merge Heap Roots: 0.52ms
[7837.358s][info][gc,phases      ] GC(1500)   Evacuate Collection Set: 153.75ms
[7837.358s][info][gc,phases      ] GC(1500)   Post Evacuate Collection Set: 1.03ms
[7837.358s][info][gc,phases      ] GC(1500)   Other: 0.06ms
[7837.358s][info][gc,heap        ] GC(1500) Eden regions: 571->0(571)
[7837.358s][info][gc,heap        ] GC(1500) Survivor regions: 43->43(77)
[7837.358s][info][gc,heap        ] GC(1500) Old regions: 144->151
[7837.358s][info][gc,heap        ] GC(1500) Humongous regions: 33->33
[7837.358s][info][gc,metaspace   ] GC(1500) Metaspace: 30022K(30528K)->30022K(30528K) NonClass: 26622K(26880K)->26622K(26880K) Class: 3400K(3648K)->3400K(3648K)
[7837.358s][info][gc             ] GC(1500) Pause Young (Normal) (G1 Evacuation Pause) 6310M->1803M(8192M) 155.710ms
[7837.358s][info][gc,cpu         ] GC(1500) User=1.23s Sys=0.00s Real=0.16s
...[7840.177s][info][gc,start       ] GC(1501) Pause Young (Normal) (G1 Evacuation Pause)
[7840.177s][info][gc,task        ] GC(1501) Using 8 workers of 8 for evacuation
[7840.339s][info][gc,phases      ] GC(1501)   Pre Evacuate Collection Set: 0.20ms
[7840.339s][info][gc,phases      ] GC(1501)   Merge Heap Roots: 0.51ms
[7840.339s][info][gc,phases      ] GC(1501)   Evacuate Collection Set: 159.99ms
[7840.339s][info][gc,phases      ] GC(1501)   Post Evacuate Collection Set: 1.03ms
[7840.339s][info][gc,phases      ] GC(1501)   Other: 0.06ms
[7840.339s][info][gc,heap        ] GC(1501) Eden regions: 571->0(568)
[7840.339s][info][gc,heap        ] GC(1501) Survivor regions: 43->46(77)
[7840.339s][info][gc,heap        ] GC(1501) Old regions: 151->159
[7840.339s][info][gc,heap        ] GC(1501) Humongous regions: 33->33
[7840.339s][info][gc,metaspace   ] GC(1501) Metaspace: 30022K(30528K)->30022K(30528K) NonClass: 26622K(26880K)->26622K(26880K) Class: 3400K(3648K)->3400K(3648K)
[7840.339s][info][gc             ] GC(1501) Pause Young (Normal) (G1 Evacuation Pause) 6371M->1886M(8192M) 161.923ms
[7840.339s][info][gc,cpu         ] GC(1501) User=1.28s Sys=0.00s Real=0.16s
...[7843.016s][info][gc,start       ] GC(1502) Pause Young (Normal) (G1 Evacuation Pause)
[7843.016s][info][gc,task        ] GC(1502) Using 8 workers of 8 for evacuation
[7843.179s][info][gc,phases      ] GC(1502)   Pre Evacuate Collection Set: 0.21ms
[7843.179s][info][gc,phases      ] GC(1502)   Merge Heap Roots: 0.52ms
[7843.179s][info][gc,phases      ] GC(1502)   Evacuate Collection Set: 161.33ms
[7843.179s][info][gc,phases      ] GC(1502)   Post Evacuate Collection Set: 1.05ms
[7843.179s][info][gc,phases      ] GC(1502)   Other: 0.06ms
[7843.179s][info][gc,heap        ] GC(1502) Eden regions: 568->0(568)
[7843.179s][info][gc,heap        ] GC(1502) Survivor regions: 46->46(77)
[7843.179s][info][gc,heap        ] GC(1502) Old regions: 159->166
[7843.179s][info][gc,heap        ] GC(1502) Humongous regions: 33->33
[7843.179s][info][gc,metaspace   ] GC(1502) Metaspace: 30022K(30528K)->30022K(30528K) NonClass: 26622K(26880K)->26622K(26880K) Class: 3400K(3648K)->3400K(3648K)
[7843.179s][info][gc             ] GC(1502) Pause Young (Normal) (G1 Evacuation Pause) 6430M->1942M(8192M) 163.291ms
[7843.179s][info][gc,cpu         ] GC(1502) User=1.29s Sys=0.00s Real=0.16s
...[7845.916s][info][gc,start       ] GC(1503) Pause Young (Normal) (G1 Evacuation Pause)
[7845.916s][info][gc,task        ] GC(1503) Using 8 workers of 8 for evacuation
[7846.070s][info][gc,phases      ] GC(1503)   Pre Evacuate Collection Set: 0.22ms
[7846.070s][info][gc,phases      ] GC(1503)   Merge Heap Roots: 0.52ms
[7846.070s][info][gc,phases      ] GC(1503)   Evacuate Collection Set: 151.96ms
[7846.070s][info][gc,phases      ] GC(1503)   Post Evacuate Collection Set: 1.05ms
[7846.070s][info][gc,phases      ] GC(1503)   Other: 0.08ms
[7846.070s][info][gc,heap        ] GC(1503) Eden regions: 568->0(570)
[7846.070s][info][gc,heap        ] GC(1503) Survivor regions: 46->44(77)
[7846.070s][info][gc,heap        ] GC(1503) Old regions: 166->173
[7846.070s][info][gc,heap        ] GC(1503) Humongous regions: 33->33
[7846.070s][info][gc,metaspace   ] GC(1503) Metaspace: 30022K(30528K)->30022K(30528K) NonClass: 26622K(26880K)->26622K(26880K) Class: 3400K(3648K)->3400K(3648K)
[7846.070s][info][gc             ] GC(1503) Pause Young (Normal) (G1 Evacuation Pause) 6486M->1978M(8192M) 153.990ms
[7846.070s][info][gc,cpu         ] GC(1503) User=1.22s Sys=0.00s Real=0.15s
...[7848.745s][info][gc,start       ] GC(1504) Pause Young (Normal) (G1 Evacuation Pause)
[7848.745s][info][gc,task        ] GC(1504) Using 8 workers of 8 for evacuation
[7848.909s][info][gc,phases      ] GC(1504)   Pre Evacuate Collection Set: 0.21ms
[7848.909s][info][gc,phases      ] GC(1504)   Merge Heap Roots: 0.52ms
[7848.909s][info][gc,phases      ] GC(1504)   Evacuate Collection Set: 161.99ms
[7848.909s][info][gc,phases      ] GC(1504)   Post Evacuate Collection Set: 1.04ms
[7848.909s][info][gc,phases      ] GC(1504)   Other: 0.06ms
[7848.909s][info][gc,heap        ] GC(1504) Eden regions: 570->0(568)
[7848.909s][info][gc,heap        ] GC(1504) Survivor regions: 44->46(77)
[7848.909s][info][gc,heap        ] GC(1504) Old regions: 173->180
[7848.909s][info][gc,heap        ] GC(1504) Humongous regions: 33->33
[7848.909s][info][gc,metaspace   ] GC(1504) Metaspace: 30022K(30528K)->30022K(30528K) NonClass: 26622K(26880K)->26622K(26880K) Class: 3400K(3648K)->3400K(3648K)
[7848.909s][info][gc             ] GC(1504) Pause Young (Normal) (G1 Evacuation Pause) 6538M->2055M(8192M) 163.972ms
[7848.909s][info][gc,cpu         ] GC(1504) User=1.30s Sys=0.00s Real=0.17s
..|.[7851.754s][info][gc,start       ] GC(1505) Pause Young (Normal) (G1 Evacuation Pause)
[7851.754s][info][gc,task        ] GC(1505) Using 8 workers of 8 for evacuation
[7851.911s][info][gc,phases      ] GC(1505)   Pre Evacuate Collection Set: 0.23ms
[7851.911s][info][gc,phases      ] GC(1505)   Merge Heap Roots: 0.52ms
[7851.911s][info][gc,phases      ] GC(1505)   Evacuate Collection Set: 154.83ms
[7851.911s][info][gc,phases      ] GC(1505)   Post Evacuate Collection Set: 1.03ms
[7851.911s][info][gc,phases      ] GC(1505)   Other: 0.06ms
[7851.911s][info][gc,heap        ] GC(1505) Eden regions: 568->0(569)
[7851.911s][info][gc,heap        ] GC(1505) Survivor regions: 46->45(77)
[7851.911s][info][gc,heap        ] GC(1505) Old regions: 180->187
[7851.911s][info][gc,heap        ] GC(1505) Humongous regions: 33->33
[7851.911s][info][gc,metaspace   ] GC(1505) Metaspace: 30022K(30528K)->30022K(30528K) NonClass: 26622K(26880K)->26622K(26880K) Class: 3400K(3648K)->3400K(3648K)
[7851.911s][info][gc             ] GC(1505) Pause Young (Normal) (G1 Evacuation Pause) 6599M->2106M(8192M) 156.804ms
[7851.911s][info][gc,cpu         ] GC(1505) User=1.24s Sys=0.00s Real=0.16s
...[7854.715s][info][gc,start       ] GC(1506) Pause Young (Normal) (G1 Evacuation Pause)
[7854.715s][info][gc,task        ] GC(1506) Using 8 workers of 8 for evacuation
[7854.872s][info][gc,phases      ] GC(1506)   Pre Evacuate Collection Set: 0.21ms
[7854.872s][info][gc,phases      ] GC(1506)   Merge Heap Roots: 0.55ms
[7854.872s][info][gc,phases      ] GC(1506)   Evacuate Collection Set: 155.20ms
[7854.873s][info][gc,phases      ] GC(1506)   Post Evacuate Collection Set: 1.01ms
[7854.873s][info][gc,phases      ] GC(1506)   Other: 0.06ms
[7854.873s][info][gc,heap        ] GC(1506) Eden regions: 569->0(570)
[7854.873s][info][gc,heap        ] GC(1506) Survivor regions: 45->44(77)
[7854.873s][info][gc,heap        ] GC(1506) Old regions: 187->195
[7854.873s][info][gc,heap        ] GC(1506) Humongous regions: 33->33
[7854.873s][info][gc,metaspace   ] GC(1506) Metaspace: 30022K(30528K)->30022K(30528K) NonClass: 26622K(26880K)->26622K(26880K) Class: 3400K(3648K)->3400K(3648K)
[7854.873s][info][gc             ] GC(1506) Pause Young (Normal) (G1 Evacuation Pause) 6658M->2157M(8192M) 157.156ms
[7854.873s][info][gc,cpu         ] GC(1506) User=1.24s Sys=0.00s Real=0.16s
...[7857.720s][info][gc,start       ] GC(1507) Pause Young (Normal) (G1 Evacuation Pause)
[7857.720s][info][gc,task        ] GC(1507) Using 8 workers of 8 for evacuation
[7857.877s][info][gc,phases      ] GC(1507)   Pre Evacuate Collection Set: 0.20ms
[7857.877s][info][gc,phases      ] GC(1507)   Merge Heap Roots: 0.52ms
[7857.877s][info][gc,phases      ] GC(1507)   Evacuate Collection Set: 154.98ms
[7857.877s][info][gc,phases      ] GC(1507)   Post Evacuate Collection Set: 1.03ms
[7857.877s][info][gc,phases      ] GC(1507)   Other: 0.06ms
[7857.877s][info][gc,heap        ] GC(1507) Eden regions: 570->0(569)
[7857.877s][info][gc,heap        ] GC(1507) Survivor regions: 44->45(77)
[7857.877s][info][gc,heap        ] GC(1507) Old regions: 195->202
[7857.877s][info][gc,heap        ] GC(1507) Humongous regions: 33->33
[7857.877s][info][gc,metaspace   ] GC(1507) Metaspace: 30022K(30528K)->30022K(30528K) NonClass: 26622K(26880K)->26622K(26880K) Class: 3400K(3648K)->3400K(3648K)
[7857.877s][info][gc             ] GC(1507) Pause Young (Normal) (G1 Evacuation Pause) 6717M->2222M(8192M) 156.934ms
[7857.877s][info][gc,cpu         ] GC(1507) User=1.25s Sys=0.00s Real=0.16s
...[7860.693s][info][gc,start       ] GC(1508) Pause Young (Normal) (G1 Evacuation Pause)
[7860.694s][info][gc,task        ] GC(1508) Using 8 workers of 8 for evacuation
[7860.843s][info][gc,phases      ] GC(1508)   Pre Evacuate Collection Set: 0.21ms
[7860.843s][info][gc,phases      ] GC(1508)   Merge Heap Roots: 0.52ms
[7860.843s][info][gc,phases      ] GC(1508)   Evacuate Collection Set: 147.84ms
[7860.843s][info][gc,phases      ] GC(1508)   Post Evacuate Collection Set: 1.03ms
[7860.843s][info][gc,phases      ] GC(1508)   Other: 0.07ms
[7860.843s][info][gc,heap        ] GC(1508) Eden regions: 569->0(571)
[7860.843s][info][gc,heap        ] GC(1508) Survivor regions: 45->43(77)
[7860.843s][info][gc,heap        ] GC(1508) Old regions: 202->209
[7860.843s][info][gc,heap        ] GC(1508) Humongous regions: 33->33
[7860.843s][info][gc,metaspace   ] GC(1508) Metaspace: 30022K(30528K)->30022K(30528K) NonClass: 26622K(26880K)->26622K(26880K) Class: 3400K(3648K)->3400K(3648K)
[7860.843s][info][gc             ] GC(1508) Pause Young (Normal) (G1 Evacuation Pause) 6774M->2263M(8192M) 149.798ms
[7860.843s][info][gc,cpu         ] GC(1508) User=1.18s Sys=0.00s Real=0.15s
...[7863.699s][info][gc,start       ] GC(1509) Pause Young (Normal) (G1 Evacuation Pause)
[7863.699s][info][gc,task        ] GC(1509) Using 8 workers of 8 for evacuation
[7863.852s][info][gc,phases      ] GC(1509)   Pre Evacuate Collection Set: 0.23ms
[7863.852s][info][gc,phases      ] GC(1509)   Merge Heap Roots: 0.54ms
[7863.852s][info][gc,phases      ] GC(1509)   Evacuate Collection Set: 151.04ms
[7863.852s][info][gc,phases      ] GC(1509)   Post Evacuate Collection Set: 1.03ms
[7863.852s][info][gc,phases      ] GC(1509)   Other: 0.08ms
[7863.852s][info][gc,heap        ] GC(1509) Eden regions: 571->0(571)
[7863.852s][info][gc,heap        ] GC(1509) Survivor regions: 43->43(77)
[7863.852s][info][gc,heap        ] GC(1509) Old regions: 209->216
[7863.852s][info][gc,heap        ] GC(1509) Humongous regions: 33->33
[7863.852s][info][gc,metaspace   ] GC(1509) Metaspace: 30022K(30528K)->30022K(30528K) NonClass: 26622K(26880K)->26622K(26880K) Class: 3400K(3648K)->3400K(3648K)
[7863.852s][info][gc             ] GC(1509) Pause Young (Normal) (G1 Evacuation Pause) 6831M->2323M(8192M) 153.041ms
[7863.853s][info][gc,cpu         ] GC(1509) User=1.21s Sys=0.00s Real=0.15s
...[7866.612s][info][gc,start       ] GC(1510) Pause Young (Normal) (G1 Evacuation Pause)
[7866.612s][info][gc,task        ] GC(1510) Using 8 workers of 8 for evacuation
[7866.774s][info][gc,phases      ] GC(1510)   Pre Evacuate Collection Set: 0.21ms
[7866.774s][info][gc,phases      ] GC(1510)   Merge Heap Roots: 0.55ms
[7866.774s][info][gc,phases      ] GC(1510)   Evacuate Collection Set: 159.26ms
[7866.774s][info][gc,phases      ] GC(1510)   Post Evacuate Collection Set: 1.03ms
[7866.774s][info][gc,phases      ] GC(1510)   Other: 0.06ms
[7866.774s][info][gc,heap        ] GC(1510) Eden regions: 571->0(568)
[7866.774s][info][gc,heap        ] GC(1510) Survivor regions: 43->46(77)
[7866.774s][info][gc,heap        ] GC(1510) Old regions: 216->224
[7866.774s][info][gc,heap        ] GC(1510) Humongous regions: 33->33
[7866.774s][info][gc,metaspace   ] GC(1510) Metaspace: 30022K(30528K)->30022K(30528K) NonClass: 26622K(26880K)->26622K(26880K) Class: 3400K(3648K)->3400K(3648K)
[7866.774s][info][gc             ] GC(1510) Pause Young (Normal) (G1 Evacuation Pause) 6891M->2407M(8192M) 161.259ms
[7866.774s][info][gc,cpu         ] GC(1510) User=1.28s Sys=0.00s Real=0.16s
...[7869.557s][info][gc,start       ] GC(1511) Pause Young (Normal) (G1 Evacuation Pause)
[7869.557s][info][gc,task        ] GC(1511) Using 8 workers of 8 for evacuation
[7869.719s][info][gc,phases      ] GC(1511)   Pre Evacuate Collection Set: 0.22ms
[7869.719s][info][gc,phases      ] GC(1511)   Merge Heap Roots: 0.55ms
[7869.719s][info][gc,phases      ] GC(1511)   Evacuate Collection Set: 160.06ms
[7869.719s][info][gc,phases      ] GC(1511)   Post Evacuate Collection Set: 1.05ms
[7869.719s][info][gc,phases      ] GC(1511)   Other: 0.06ms
[7869.719s][info][gc,heap        ] GC(1511) Eden regions: 568->0(569)
[7869.719s][info][gc,heap        ] GC(1511) Survivor regions: 46->45(77)
[7869.719s][info][gc,heap        ] GC(1511) Old regions: 224->231
[7869.719s][info][gc,heap        ] GC(1511) Humongous regions: 33->33
[7869.719s][info][gc,metaspace   ] GC(1511) Metaspace: 30022K(30528K)->30022K(30528K) NonClass: 26622K(26880K)->26622K(26880K) Class: 3400K(3648K)->3400K(3648K)
[7869.720s][info][gc             ] GC(1511) Pause Young (Normal) (G1 Evacuation Pause) 6951M->2459M(8192M) 162.077ms
[7869.720s][info][gc,cpu         ] GC(1511) User=1.28s Sys=0.00s Real=0.16s
...[7872.556s][info][gc,start       ] GC(1512) Pause Young (Normal) (G1 Evacuation Pause)
[7872.556s][info][gc,task        ] GC(1512) Using 8 workers of 8 for evacuation
[7872.712s][info][gc,phases      ] GC(1512)   Pre Evacuate Collection Set: 0.22ms
[7872.712s][info][gc,phases      ] GC(1512)   Merge Heap Roots: 0.55ms
[7872.712s][info][gc,phases      ] GC(1512)   Evacuate Collection Set: 154.02ms
[7872.712s][info][gc,phases      ] GC(1512)   Post Evacuate Collection Set: 1.03ms
[7872.712s][info][gc,phases      ] GC(1512)   Other: 0.06ms
[7872.712s][info][gc,heap        ] GC(1512) Eden regions: 569->0(570)
[7872.712s][info][gc,heap        ] GC(1512) Survivor regions: 45->44(77)
[7872.712s][info][gc,heap        ] GC(1512) Old regions: 231->239
[7872.712s][info][gc,heap        ] GC(1512) Humongous regions: 33->33
[7872.712s][info][gc,metaspace   ] GC(1512) Metaspace: 30022K(30528K)->30022K(30528K) NonClass: 26622K(26880K)->26622K(26880K) Class: 3400K(3648K)->3400K(3648K)
[7872.712s][info][gc             ] GC(1512) Pause Young (Normal) (G1 Evacuation Pause) 7011M->2511M(8192M) 156.000ms
[7872.712s][info][gc,cpu         ] GC(1512) User=1.23s Sys=0.01s Real=0.15s
..[7875.428s][info][gc,start       ] GC(1513) Pause Young (Normal) (G1 Evacuation Pause)
[7875.428s][info][gc,task        ] GC(1513) Using 8 workers of 8 for evacuation
[7875.589s][info][gc,phases      ] GC(1513)   Pre Evacuate Collection Set: 0.21ms
[7875.589s][info][gc,phases      ] GC(1513)   Merge Heap Roots: 0.53ms
[7875.589s][info][gc,phases      ] GC(1513)   Evacuate Collection Set: 158.74ms
[7875.589s][info][gc,phases      ] GC(1513)   Post Evacuate Collection Set: 1.06ms
[7875.589s][info][gc,phases      ] GC(1513)   Other: 0.08ms
[7875.589s][info][gc,heap        ] GC(1513) Eden regions: 570->0(567)
[7875.589s][info][gc,heap        ] GC(1513) Survivor regions: 44->47(77)
[7875.589s][info][gc,heap        ] GC(1513) Old regions: 239->246
[7875.589s][info][gc,heap        ] GC(1513) Humongous regions: 33->33
[7875.589s][info][gc,metaspace   ] GC(1513) Metaspace: 30022K(30528K)->30022K(30528K) NonClass: 26622K(26880K)->26622K(26880K) Class: 3400K(3648K)->3400K(3648K)
[7875.589s][info][gc             ] GC(1513) Pause Young (Normal) (G1 Evacuation Pause) 7071M->2589M(8192M) 160.746ms
[7875.589s][info][gc,cpu         ] GC(1513) User=1.27s Sys=0.00s Real=0.16s
...[7878.455s][info][gc,start       ] GC(1514) Pause Young (Normal) (G1 Evacuation Pause)
[7878.455s][info][gc,task        ] GC(1514) Using 8 workers of 8 for evacuation
[7878.611s][info][gc,phases      ] GC(1514)   Pre Evacuate Collection Set: 0.22ms
[7878.611s][info][gc,phases      ] GC(1514)   Merge Heap Roots: 0.53ms
[7878.611s][info][gc,phases      ] GC(1514)   Evacuate Collection Set: 154.66ms
[7878.611s][info][gc,phases      ] GC(1514)   Post Evacuate Collection Set: 1.05ms
[7878.611s][info][gc,phases      ] GC(1514)   Other: 0.06ms
[7878.611s][info][gc,heap        ] GC(1514) Eden regions: 567->0(570)
[7878.611s][info][gc,heap        ] GC(1514) Survivor regions: 47->44(77)
[7878.611s][info][gc,heap        ] GC(1514) Old regions: 246->253
[7878.611s][info][gc,heap        ] GC(1514) Humongous regions: 33->33
[7878.611s][info][gc,metaspace   ] GC(1514) Metaspace: 30022K(30528K)->30022K(30528K) NonClass: 26622K(26880K)->26622K(26880K) Class: 3400K(3648K)->3400K(3648K)
[7878.611s][info][gc             ] GC(1514) Pause Young (Normal) (G1 Evacuation Pause) 7125M->2623M(8192M) 156.674ms
[7878.611s][info][gc,cpu         ] GC(1514) User=1.24s Sys=0.00s Real=0.16s
...[7881.417s][info][gc,start       ] GC(1515) Pause Young (Normal) (G1 Evacuation Pause)
