Done; will start GCs... 
[20.901s][info][gc,metaspace] GC(5) Metaspace: 33397K(35520K)->33397K(35520K) NonClass: 28780K(29760K)->28780K(29760K) Class: 4617K(5760K)->4617K(5760K)
[20.901s][info][gc          ] GC(5) Pause Full (System.gc()) 839M->774M(5939M) 3745.055ms
[23.458s][info][gc,metaspace] GC(6) Metaspace: 33397K(35520K)->33397K(35520K) NonClass: 28780K(29760K)->28780K(29760K) Class: 4617K(5760K)->4617K(5760K)
[23.458s][info][gc          ] GC(6) Pause Full (System.gc()) 774M->774M(5939M) 2555.993ms
[26.822s][info][gc,metaspace] GC(7) Metaspace: 33397K(35520K)->33397K(35520K) NonClass: 28780K(29760K)->28780K(29760K) Class: 4617K(5760K)->4617K(5760K)
[26.822s][info][gc          ] GC(7) Pause Full (System.gc()) 774M->774M(5939M) 3363.958ms
[29.376s][info][gc,metaspace] GC(8) Metaspace: 33397K(35520K)->33397K(35520K) NonClass: 28780K(29760K)->28780K(29760K) Class: 4617K(5760K)->4617K(5760K)
[29.376s][info][gc          ] GC(8) Pause Full (System.gc()) 774M->774M(5939M) 2554.043ms
[31.881s][info][gc,metaspace] GC(9) Metaspace: 33398K(35520K)->33398K(35520K) NonClass: 28781K(29760K)->28781K(29760K) Class: 4617K(5760K)->4617K(5760K)
[31.882s][info][gc          ] GC(9) Pause Full (System.gc()) 774M->774M(5939M) 2505.057ms
[34.436s][info][gc,metaspace] GC(10) Metaspace: 33398K(35520K)->33398K(35520K) NonClass: 28781K(29760K)->28781K(29760K) Class: 4617K(5760K)->4617K(5760K)
[34.436s][info][gc          ] GC(10) Pause Full (System.gc()) 774M->774M(5939M) 2554.442ms
[36.942s][info][gc,metaspace] GC(11) Metaspace: 33398K(35520K)->33398K(35520K) NonClass: 28781K(29760K)->28781K(29760K) Class: 4617K(5760K)->4617K(5760K)
[36.942s][info][gc          ] GC(11) Pause Full (System.gc()) 774M->774M(5939M) 2500.721ms
[39.499s][info][gc,metaspace] GC(12) Metaspace: 33398K(35520K)->33398K(35520K) NonClass: 28781K(29760K)->28781K(29760K) Class: 4617K(5760K)->4617K(5760K)
[39.499s][info][gc          ] GC(12) Pause Full (System.gc()) 774M->774M(5939M) 2556.791ms
[42.004s][info][gc,metaspace] GC(13) Metaspace: 33398K(35520K)->33398K(35520K) NonClass: 28781K(29760K)->28781K(29760K) Class: 4617K(5760K)->4617K(5760K)
[42.004s][info][gc          ] GC(13) Pause Full (System.gc()) 774M->774M(5939M) 2500.410ms
[44.558s][info][gc,metaspace] GC(14) Metaspace: 33398K(35520K)->33398K(35520K) NonClass: 28781K(29760K)->28781K(29760K) Class: 4617K(5760K)->4617K(5760K)
[44.558s][info][gc          ] GC(14) Pause Full (System.gc()) 774M->774M(5939M) 2554.148ms
[47.064s][info][gc,metaspace] GC(15) Metaspace: 33398K(35520K)->33398K(35520K) NonClass: 28781K(29760K)->28781K(29760K) Class: 4617K(5760K)->4617K(5760K)
[47.064s][info][gc          ] GC(15) Pause Full (System.gc()) 774M->774M(5939M) 2500.861ms
[49.618s][info][gc,metaspace] GC(16) Metaspace: 33398K(35520K)->33398K(35520K) NonClass: 28781K(29760K)->28781K(29760K) Class: 4617K(5760K)->4617K(5760K)
[49.618s][info][gc          ] GC(16) Pause Full (System.gc()) 774M->774M(5939M) 2554.258ms
[52.172s][info][gc,metaspace] GC(17) Metaspace: 33398K(35520K)->33398K(35520K) NonClass: 28781K(29760K)->28781K(29760K) Class: 4617K(5760K)->4617K(5760K)
[52.172s][info][gc          ] GC(17) Pause Full (System.gc()) 774M->774M(5939M) 2549.780ms
[54.676s][info][gc,metaspace] GC(18) Metaspace: 33398K(35520K)->33398K(35520K) NonClass: 28781K(29760K)->28781K(29760K) Class: 4617K(5760K)->4617K(5760K)
[54.676s][info][gc          ] GC(18) Pause Full (System.gc()) 774M->774M(5939M) 2503.212ms
[57.230s][info][gc,metaspace] GC(19) Metaspace: 33398K(35520K)->33398K(35520K) NonClass: 28781K(29760K)->28781K(29760K) Class: 4617K(5760K)->4617K(5760K)
[57.230s][info][gc          ] GC(19) Pause Full (System.gc()) 774M->774M(5939M) 2549.877ms
[59.734s][info][gc,metaspace] GC(20) Metaspace: 33398K(35520K)->33398K(35520K) NonClass: 28781K(29760K)->28781K(29760K) Class: 4617K(5760K)->4617K(5760K)
[59.734s][info][gc          ] GC(20) Pause Full (System.gc()) 774M->774M(5939M) 2503.635ms
[62.287s][info][gc,metaspace] GC(21) Metaspace: 33398K(35520K)->33398K(35520K) NonClass: 28781K(29760K)->28781K(29760K) Class: 4617K(5760K)->4617K(5760K)
[62.287s][info][gc          ] GC(21) Pause Full (System.gc()) 774M->774M(5939M) 2548.325ms
[64.792s][info][gc,metaspace] GC(22) Metaspace: 33398K(35520K)->33398K(35520K) NonClass: 28781K(29760K)->28781K(29760K) Class: 4617K(5760K)->4617K(5760K)
[64.792s][info][gc          ] GC(22) Pause Full (System.gc()) 774M->774M(5939M) 2504.652ms
[68.201s][info][gc,metaspace] GC(23) Metaspace: 33398K(35520K)->33398K(35520K) NonClass: 28781K(29760K)->28781K(29760K) Class: 4617K(5760K)->4617K(5760K)
[68.201s][info][gc          ] GC(23) Pause Full (System.gc()) 785M->774M(5939M) 3405.126ms
[70.705s][info][gc,metaspace] GC(24) Metaspace: 33398K(35520K)->33398K(35520K) NonClass: 28781K(29760K)->28781K(29760K) Class: 4617K(5760K)->4617K(5760K)
[70.705s][info][gc          ] GC(24) Pause Full (System.gc()) 774M->774M(5939M) 2503.366ms
[73.259s][info][gc,metaspace] GC(25) Metaspace: 33398K(35520K)->33398K(35520K) NonClass: 28781K(29760K)->28781K(29760K) Class: 4617K(5760K)->4617K(5760K)
[73.259s][info][gc          ] GC(25) Pause Full (System.gc()) 774M->774M(5939M) 2549.786ms
[75.763s][info][gc,metaspace] GC(26) Metaspace: 33398K(35520K)->33398K(35520K) NonClass: 28781K(29760K)->28781K(29760K) Class: 4617K(5760K)->4617K(5760K)
[75.763s][info][gc          ] GC(26) Pause Full (System.gc()) 774M->774M(5939M) 2503.591ms
[78.317s][info][gc,metaspace] GC(27) Metaspace: 33398K(35520K)->33398K(35520K) NonClass: 28781K(29760K)->28781K(29760K) Class: 4617K(5760K)->4617K(5760K)
[78.317s][info][gc          ] GC(27) Pause Full (System.gc()) 774M->774M(5939M) 2550.145ms
[80.820s][info][gc,metaspace] GC(28) Metaspace: 33398K(35520K)->33398K(35520K) NonClass: 28781K(29760K)->28781K(29760K) Class: 4617K(5760K)->4617K(5760K)
[80.820s][info][gc          ] GC(28) Pause Full (System.gc()) 774M->774M(5939M) 2502.953ms
[83.375s][info][gc,metaspace] GC(29) Metaspace: 33398K(35520K)->33398K(35520K) NonClass: 28781K(29760K)->28781K(29760K) Class: 4617K(5760K)->4617K(5760K)
[83.375s][info][gc          ] GC(29) Pause Full (System.gc()) 774M->774M(5939M) 2549.722ms
[85.878s][info][gc,metaspace] GC(30) Metaspace: 33398K(35520K)->33398K(35520K) NonClass: 28781K(29760K)->28781K(29760K) Class: 4617K(5760K)->4617K(5760K)
[85.878s][info][gc          ] GC(30) Pause Full (System.gc()) 774M->774M(5939M) 2503.392ms
[88.432s][info][gc,metaspace] GC(31) Metaspace: 33398K(35520K)->33398K(35520K) NonClass: 28781K(29760K)->28781K(29760K) Class: 4617K(5760K)->4617K(5760K)
[88.432s][info][gc          ] GC(31) Pause Full (System.gc()) 774M->774M(5939M) 2549.659ms
[90.939s][info][gc,metaspace] GC(32) Metaspace: 33398K(35520K)->33398K(35520K) NonClass: 28781K(29760K)->28781K(29760K) Class: 4617K(5760K)->4617K(5760K)
[90.940s][info][gc          ] GC(32) Pause Full (System.gc()) 774M->774M(5939M) 2506.980ms
[93.493s][info][gc,metaspace] GC(33) Metaspace: 33398K(35520K)->33398K(35520K) NonClass: 28781K(29760K)->28781K(29760K) Class: 4617K(5760K)->4617K(5760K)
[93.493s][info][gc          ] GC(33) Pause Full (System.gc()) 774M->774M(5939M) 2549.192ms
[95.996s][info][gc,metaspace] GC(34) Metaspace: 33398K(35520K)->33398K(35520K) NonClass: 28781K(29760K)->28781K(29760K) Class: 4617K(5760K)->4617K(5760K)
[95.996s][info][gc          ] GC(34) Pause Full (System.gc()) 774M->774M(5939M) 2503.034ms
[98.550s][info][gc,metaspace] GC(35) Metaspace: 33398K(35520K)->33398K(35520K) NonClass: 28781K(29760K)->28781K(29760K) Class: 4617K(5760K)->4617K(5760K)
[98.550s][info][gc          ] GC(35) Pause Full (System.gc()) 774M->774M(5939M) 2549.494ms
[101.054s][info][gc,metaspace] GC(36) Metaspace: 33398K(35520K)->33398K(35520K) NonClass: 28781K(29760K)->28781K(29760K) Class: 4617K(5760K)->4617K(5760K)
[101.054s][info][gc          ] GC(36) Pause Full (System.gc()) 774M->774M(5939M) 2503.271ms
[103.608s][info][gc,metaspace] GC(37) Metaspace: 33398K(35520K)->33398K(35520K) NonClass: 28781K(29760K)->28781K(29760K) Class: 4617K(5760K)->4617K(5760K)
[103.608s][info][gc          ] GC(37) Pause Full (System.gc()) 774M->774M(5939M) 2549.651ms
[106.161s][info][gc,metaspace] GC(38) Metaspace: 33398K(35520K)->33398K(35520K) NonClass: 28781K(29760K)->28781K(29760K) Class: 4617K(5760K)->4617K(5760K)
[106.161s][info][gc          ] GC(38) Pause Full (System.gc()) 774M->774M(5939M) 2552.914ms
[108.665s][info][gc,metaspace] GC(39) Metaspace: 33398K(35520K)->33398K(35520K) NonClass: 28781K(29760K)->28781K(29760K) Class: 4617K(5760K)->4617K(5760K)
[108.665s][info][gc          ] GC(39) Pause Full (System.gc()) 774M->774M(5939M) 2499.510ms
[111.218s][info][gc,metaspace] GC(40) Metaspace: 33398K(35520K)->33398K(35520K) NonClass: 28781K(29760K)->28781K(29760K) Class: 4617K(5760K)->4617K(5760K)
[111.218s][info][gc          ] GC(40) Pause Full (System.gc()) 774M->774M(5939M) 2552.822ms
[113.722s][info][gc,metaspace] GC(41) Metaspace: 33398K(35520K)->33398K(35520K) NonClass: 28781K(29760K)->28781K(29760K) Class: 4617K(5760K)->4617K(5760K)
[113.722s][info][gc          ] GC(41) Pause Full (System.gc()) 774M->774M(5939M) 2499.660ms
[116.279s][info][gc,metaspace] GC(42) Metaspace: 33398K(35520K)->33398K(35520K) NonClass: 28781K(29760K)->28781K(29760K) Class: 4617K(5760K)->4617K(5760K)
[116.280s][info][gc          ] GC(42) Pause Full (System.gc()) 774M->774M(5939M) 2557.258ms
[118.783s][info][gc,metaspace] GC(43) Metaspace: 33398K(35520K)->33398K(35520K) NonClass: 28781K(29760K)->28781K(29760K) Class: 4617K(5760K)->4617K(5760K)
[118.783s][info][gc          ] GC(43) Pause Full (System.gc()) 774M->774M(5939M) 2499.579ms
[121.336s][info][gc,metaspace] GC(44) Metaspace: 33398K(35520K)->33398K(35520K) NonClass: 28781K(29760K)->28781K(29760K) Class: 4617K(5760K)->4617K(5760K)
[121.337s][info][gc          ] GC(44) Pause Full (System.gc()) 774M->774M(5939M) 2552.986ms
[123.841s][info][gc,metaspace] GC(45) Metaspace: 33398K(35520K)->33398K(35520K) NonClass: 28781K(29760K)->28781K(29760K) Class: 4617K(5760K)->4617K(5760K)
[123.841s][info][gc          ] GC(45) Pause Full (System.gc()) 774M->774M(5939M) 2499.511ms
[126.394s][info][gc,metaspace] GC(46) Metaspace: 33398K(35520K)->33398K(35520K) NonClass: 28781K(29760K)->28781K(29760K) Class: 4617K(5760K)->4617K(5760K)
[126.394s][info][gc          ] GC(46) Pause Full (System.gc()) 774M->774M(5939M) 2553.121ms
[128.898s][info][gc,metaspace] GC(47) Metaspace: 33398K(35520K)->33398K(35520K) NonClass: 28781K(29760K)->28781K(29760K) Class: 4617K(5760K)->4617K(5760K)
[128.898s][info][gc          ] GC(47) Pause Full (System.gc()) 785M->774M(5939M) 2499.464ms
[131.451s][info][gc,metaspace] GC(48) Metaspace: 33398K(35520K)->33398K(35520K) NonClass: 28781K(29760K)->28781K(29760K) Class: 4617K(5760K)->4617K(5760K)
[131.451s][info][gc          ] GC(48) Pause Full (System.gc()) 774M->774M(5939M) 2552.847ms
[133.955s][info][gc,metaspace] GC(49) Metaspace: 33398K(35520K)->33398K(35520K) NonClass: 28781K(29760K)->28781K(29760K) Class: 4617K(5760K)->4617K(5760K)
[133.955s][info][gc          ] GC(49) Pause Full (System.gc()) 774M->774M(5939M) 2499.321ms
[136.508s][info][gc,metaspace] GC(50) Metaspace: 33398K(35520K)->33398K(35520K) NonClass: 28781K(29760K)->28781K(29760K) Class: 4617K(5760K)->4617K(5760K)
[136.508s][info][gc          ] GC(50) Pause Full (System.gc()) 774M->774M(5939M) 2552.867ms
[139.012s][info][gc,metaspace] GC(51) Metaspace: 33398K(35520K)->33398K(35520K) NonClass: 28781K(29760K)->28781K(29760K) Class: 4617K(5760K)->4617K(5760K)
[139.012s][info][gc          ] GC(51) Pause Full (System.gc()) 774M->774M(5939M) 2499.627ms
[141.569s][info][gc,metaspace] GC(52) Metaspace: 33398K(35520K)->33398K(35520K) NonClass: 28781K(29760K)->28781K(29760K) Class: 4617K(5760K)->4617K(5760K)
[141.569s][info][gc          ] GC(52) Pause Full (System.gc()) 774M->774M(5939M) 2556.915ms
[144.073s][info][gc,metaspace] GC(53) Metaspace: 33398K(35520K)->33398K(35520K) NonClass: 28781K(29760K)->28781K(29760K) Class: 4617K(5760K)->4617K(5760K)
[144.073s][info][gc          ] GC(53) Pause Full (System.gc()) 774M->774M(5939M) 2499.626ms
[146.626s][info][gc,metaspace] GC(54) Metaspace: 33398K(35520K)->33398K(35520K) NonClass: 28781K(29760K)->28781K(29760K) Class: 4617K(5760K)->4617K(5760K)
[146.626s][info][gc          ] GC(54) Pause Full (System.gc()) 774M->774M(5939M) 2552.861ms
[149.180s][info][gc,metaspace] GC(55) Metaspace: 33398K(35520K)->33398K(35520K) NonClass: 28781K(29760K)->28781K(29760K) Class: 4617K(5760K)->4617K(5760K)
[149.180s][info][gc          ] GC(55) Pause Full (System.gc()) 774M->774M(5939M) 2549.367ms
[151.683s][info][gc,metaspace] GC(56) Metaspace: 33398K(35520K)->33398K(35520K) NonClass: 28781K(29760K)->28781K(29760K) Class: 4617K(5760K)->4617K(5760K)
[151.683s][info][gc          ] GC(56) Pause Full (System.gc()) 774M->774M(5939M) 2503.039ms
[154.237s][info][gc,metaspace] GC(57) Metaspace: 33398K(35520K)->33398K(35520K) NonClass: 28781K(29760K)->28781K(29760K) Class: 4617K(5760K)->4617K(5760K)
[154.237s][info][gc          ] GC(57) Pause Full (System.gc()) 774M->774M(5939M) 2549.287ms
[156.740s][info][gc,metaspace] GC(58) Metaspace: 33398K(35520K)->33398K(35520K) NonClass: 28781K(29760K)->28781K(29760K) Class: 4617K(5760K)->4617K(5760K)
[156.740s][info][gc          ] GC(58) Pause Full (System.gc()) 774M->774M(5939M) 2503.082ms
[159.294s][info][gc,metaspace] GC(59) Metaspace: 33398K(35520K)->33398K(35520K) NonClass: 28781K(29760K)->28781K(29760K) Class: 4617K(5760K)->4617K(5760K)
[159.294s][info][gc          ] GC(59) Pause Full (System.gc()) 774M->774M(5939M) 2549.323ms
[161.797s][info][gc,metaspace] GC(60) Metaspace: 33398K(35520K)->33398K(35520K) NonClass: 28781K(29760K)->28781K(29760K) Class: 4617K(5760K)->4617K(5760K)
[161.797s][info][gc          ] GC(60) Pause Full (System.gc()) 774M->774M(5939M) 2502.611ms
[164.350s][info][gc,metaspace] GC(61) Metaspace: 33398K(35520K)->33398K(35520K) NonClass: 28781K(29760K)->28781K(29760K) Class: 4617K(5760K)->4617K(5760K)
[164.350s][info][gc          ] GC(61) Pause Full (System.gc()) 774M->774M(5939M) 2549.336ms
[166.858s][info][gc,metaspace] GC(62) Metaspace: 33398K(35520K)->33398K(35520K) NonClass: 28781K(29760K)->28781K(29760K) Class: 4617K(5760K)->4617K(5760K)
[166.858s][info][gc          ] GC(62) Pause Full (System.gc()) 774M->774M(5939M) 2507.091ms
[169.412s][info][gc,metaspace] GC(63) Metaspace: 33398K(35520K)->33398K(35520K) NonClass: 28781K(29760K)->28781K(29760K) Class: 4617K(5760K)->4617K(5760K)
[169.412s][info][gc          ] GC(63) Pause Full (System.gc()) 774M->774M(5939M) 2549.530ms
[171.915s][info][gc,metaspace] GC(64) Metaspace: 33398K(35520K)->33398K(35520K) NonClass: 28781K(29760K)->28781K(29760K) Class: 4617K(5760K)->4617K(5760K)
[171.915s][info][gc          ] GC(64) Pause Full (System.gc()) 774M->774M(5939M) 2503.438ms
[174.469s][info][gc,metaspace] GC(65) Metaspace: 33398K(35520K)->33398K(35520K) NonClass: 28781K(29760K)->28781K(29760K) Class: 4617K(5760K)->4617K(5760K)
[174.469s][info][gc          ] GC(65) Pause Full (System.gc()) 774M->774M(5939M) 2549.655ms
[176.972s][info][gc,metaspace] GC(66) Metaspace: 33398K(35520K)->33398K(35520K) NonClass: 28781K(29760K)->28781K(29760K) Class: 4617K(5760K)->4617K(5760K)
[176.973s][info][gc          ] GC(66) Pause Full (System.gc()) 774M->774M(5939M) 2503.190ms
[179.526s][info][gc,metaspace] GC(67) Metaspace: 33398K(35520K)->33398K(35520K) NonClass: 28781K(29760K)->28781K(29760K) Class: 4617K(5760K)->4617K(5760K)
[179.527s][info][gc          ] GC(67) Pause Full (System.gc()) 774M->774M(5939M) 2549.507ms
[182.029s][info][gc,metaspace] GC(68) Metaspace: 33398K(35520K)->33398K(35520K) NonClass: 28781K(29760K)->28781K(29760K) Class: 4617K(5760K)->4617K(5760K)
[182.029s][info][gc          ] GC(68) Pause Full (System.gc()) 774M->774M(5939M) 2502.113ms
[184.581s][info][gc,metaspace] GC(69) Metaspace: 33398K(35520K)->33398K(35520K) NonClass: 28781K(29760K)->28781K(29760K) Class: 4617K(5760K)->4617K(5760K)
[184.581s][info][gc          ] GC(69) Pause Full (System.gc()) 774M->774M(5939M) 2547.764ms
[187.135s][info][gc,metaspace] GC(70) Metaspace: 33398K(35520K)->33398K(35520K) NonClass: 28781K(29760K)->28781K(29760K) Class: 4617K(5760K)->4617K(5760K)
[187.135s][info][gc          ] GC(70) Pause Full (System.gc()) 774M->774M(5939M) 2553.686ms
[189.643s][info][gc,metaspace] GC(71) Metaspace: 33398K(35520K)->33398K(35520K) NonClass: 28781K(29760K)->28781K(29760K) Class: 4617K(5760K)->4617K(5760K)
[189.643s][info][gc          ] GC(71) Pause Full (System.gc()) 785M->774M(5939M) 2507.678ms
[192.196s][info][gc,metaspace] GC(72) Metaspace: 33398K(35520K)->33398K(35520K) NonClass: 28781K(29760K)->28781K(29760K) Class: 4617K(5760K)->4617K(5760K)
[192.196s][info][gc          ] GC(72) Pause Full (System.gc()) 774M->774M(5939M) 2552.994ms
[194.699s][info][gc,metaspace] GC(73) Metaspace: 33398K(35520K)->33398K(35520K) NonClass: 28781K(29760K)->28781K(29760K) Class: 4617K(5760K)->4617K(5760K)
[194.699s][info][gc          ] GC(73) Pause Full (System.gc()) 774M->774M(5939M) 2502.840ms
[197.252s][info][gc,metaspace] GC(74) Metaspace: 33398K(35520K)->33398K(35520K) NonClass: 28781K(29760K)->28781K(29760K) Class: 4617K(5760K)->4617K(5760K)
[197.252s][info][gc          ] GC(74) Pause Full (System.gc()) 774M->774M(5939M) 2552.765ms
[199.755s][info][gc,metaspace] GC(75) Metaspace: 33398K(35520K)->33398K(35520K) NonClass: 28781K(29760K)->28781K(29760K) Class: 4617K(5760K)->4617K(5760K)
[199.755s][info][gc          ] GC(75) Pause Full (System.gc()) 774M->774M(5939M) 2503.364ms
[202.308s][info][gc,metaspace] GC(76) Metaspace: 33398K(35520K)->33398K(35520K) NonClass: 28781K(29760K)->28781K(29760K) Class: 4617K(5760K)->4617K(5760K)
[202.308s][info][gc          ] GC(76) Pause Full (System.gc()) 774M->774M(5939M) 2552.701ms
[204.810s][info][gc,metaspace] GC(77) Metaspace: 33398K(35520K)->33398K(35520K) NonClass: 28781K(29760K)->28781K(29760K) Class: 4617K(5760K)->4617K(5760K)
[204.810s][info][gc          ] GC(77) Pause Full (System.gc()) 774M->774M(5939M) 2501.553ms
[207.367s][info][gc,metaspace] GC(78) Metaspace: 33398K(35520K)->33398K(35520K) NonClass: 28781K(29760K)->28781K(29760K) Class: 4617K(5760K)->4617K(5760K)
[207.367s][info][gc          ] GC(78) Pause Full (System.gc()) 774M->774M(5939M) 2556.802ms
[209.870s][info][gc,metaspace] GC(79) Metaspace: 33398K(35520K)->33398K(35520K) NonClass: 28781K(29760K)->28781K(29760K) Class: 4617K(5760K)->4617K(5760K)
[209.870s][info][gc          ] GC(79) Pause Full (System.gc()) 774M->774M(5939M) 2499.119ms
[212.424s][info][gc,metaspace] GC(80) Metaspace: 33398K(35520K)->33398K(35520K) NonClass: 28781K(29760K)->28781K(29760K) Class: 4617K(5760K)->4617K(5760K)
[212.424s][info][gc          ] GC(80) Pause Full (System.gc()) 774M->774M(5939M) 2553.387ms
[214.927s][info][gc,metaspace] GC(81) Metaspace: 33398K(35520K)->33398K(35520K) NonClass: 28781K(29760K)->28781K(29760K) Class: 4617K(5760K)->4617K(5760K)
[214.927s][info][gc          ] GC(81) Pause Full (System.gc()) 774M->774M(5939M) 2502.926ms
[217.480s][info][gc,metaspace] GC(82) Metaspace: 33398K(35520K)->33398K(35520K) NonClass: 28781K(29760K)->28781K(29760K) Class: 4617K(5760K)->4617K(5760K)
[217.480s][info][gc          ] GC(82) Pause Full (System.gc()) 774M->774M(5939M) 2553.384ms
[219.984s][info][gc,metaspace] GC(83) Metaspace: 33398K(35520K)->33398K(35520K) NonClass: 28781K(29760K)->28781K(29760K) Class: 4617K(5760K)->4617K(5760K)
[219.984s][info][gc          ] GC(83) Pause Full (System.gc()) 774M->774M(5939M) 2499.132ms
[222.539s][info][gc,metaspace] GC(84) Metaspace: 33398K(35520K)->33398K(35520K) NonClass: 28781K(29760K)->28781K(29760K) Class: 4617K(5760K)->4617K(5760K)
[222.540s][info][gc          ] GC(84) Pause Full (System.gc()) 774M->774M(5939M) 2555.301ms
[225.043s][info][gc,metaspace] GC(85) Metaspace: 33398K(35520K)->33398K(35520K) NonClass: 28781K(29760K)->28781K(29760K) Class: 4617K(5760K)->4617K(5760K)
[225.043s][info][gc          ] GC(85) Pause Full (System.gc()) 774M->774M(5939M) 2503.269ms
[227.601s][info][gc,metaspace] GC(86) Metaspace: 33398K(35520K)->33398K(35520K) NonClass: 28781K(29760K)->28781K(29760K) Class: 4617K(5760K)->4617K(5760K)
[227.601s][info][gc          ] GC(86) Pause Full (System.gc()) 774M->774M(5939M) 2557.780ms
[230.154s][info][gc,metaspace] GC(87) Metaspace: 33398K(35520K)->33398K(35520K) NonClass: 28781K(29760K)->28781K(29760K) Class: 4617K(5760K)->4617K(5760K)
[230.154s][info][gc          ] GC(87) Pause Full (System.gc()) 774M->774M(5939M) 2548.991ms
[232.658s][info][gc,metaspace] GC(88) Metaspace: 33398K(35520K)->33398K(35520K) NonClass: 28781K(29760K)->28781K(29760K) Class: 4617K(5760K)->4617K(5760K)
[232.658s][info][gc          ] GC(88) Pause Full (System.gc()) 774M->774M(5939M) 2503.393ms
[235.213s][info][gc,metaspace] GC(89) Metaspace: 33398K(35520K)->33398K(35520K) NonClass: 28781K(29760K)->28781K(29760K) Class: 4617K(5760K)->4617K(5760K)
[235.213s][info][gc          ] GC(89) Pause Full (System.gc()) 774M->774M(5939M) 2555.107ms
[237.717s][info][gc,metaspace] GC(90) Metaspace: 33398K(35520K)->33398K(35520K) NonClass: 28781K(29760K)->28781K(29760K) Class: 4617K(5760K)->4617K(5760K)
[237.717s][info][gc          ] GC(90) Pause Full (System.gc()) 774M->774M(5939M) 2503.447ms
[240.270s][info][gc,metaspace] GC(91) Metaspace: 33398K(35520K)->33398K(35520K) NonClass: 28781K(29760K)->28781K(29760K) Class: 4617K(5760K)->4617K(5760K)
[240.270s][info][gc          ] GC(91) Pause Full (System.gc()) 774M->774M(5939M) 2552.900ms
[242.773s][info][gc,metaspace] GC(92) Metaspace: 33398K(35520K)->33398K(35520K) NonClass: 28781K(29760K)->28781K(29760K) Class: 4617K(5760K)->4617K(5760K)
[242.773s][info][gc          ] GC(92) Pause Full (System.gc()) 774M->774M(5939M) 2503.377ms
[245.326s][info][gc,metaspace] GC(93) Metaspace: 33398K(35520K)->33398K(35520K) NonClass: 28781K(29760K)->28781K(29760K) Class: 4617K(5760K)->4617K(5760K)
[245.326s][info][gc          ] GC(93) Pause Full (System.gc()) 774M->774M(5939M) 2552.993ms
[247.834s][info][gc,metaspace] GC(94) Metaspace: 33398K(35520K)->33398K(35520K) NonClass: 28781K(29760K)->28781K(29760K) Class: 4617K(5760K)->4617K(5760K)
[247.834s][info][gc          ] GC(94) Pause Full (System.gc()) 774M->774M(5939M) 2507.678ms
[250.387s][info][gc,metaspace] GC(95) Metaspace: 33398K(35520K)->33398K(35520K) NonClass: 28781K(29760K)->28781K(29760K) Class: 4617K(5760K)->4617K(5760K)
[250.387s][info][gc          ] GC(95) Pause Full (System.gc()) 785M->774M(5939M) 2552.809ms
[252.891s][info][gc,metaspace] GC(96) Metaspace: 33398K(35520K)->33398K(35520K) NonClass: 28781K(29760K)->28781K(29760K) Class: 4617K(5760K)->4617K(5760K)
[252.891s][info][gc          ] GC(96) Pause Full (System.gc()) 774M->774M(5939M) 2503.472ms
[255.444s][info][gc,metaspace] GC(97) Metaspace: 33398K(35520K)->33398K(35520K) NonClass: 28781K(29760K)->28781K(29760K) Class: 4617K(5760K)->4617K(5760K)
[255.444s][info][gc          ] GC(97) Pause Full (System.gc()) 774M->774M(5939M) 2552.750ms
[257.947s][info][gc,metaspace] GC(98) Metaspace: 33398K(35520K)->33398K(35520K) NonClass: 28781K(29760K)->28781K(29760K) Class: 4617K(5760K)->4617K(5760K)
[257.947s][info][gc          ] GC(98) Pause Full (System.gc()) 774M->774M(5939M) 2503.538ms
[260.745s][info][gc,metaspace] GC(99) Metaspace: 33398K(35520K)->33398K(35520K) NonClass: 28781K(29760K)->28781K(29760K) Class: 4617K(5760K)->4617K(5760K)
[260.745s][info][gc          ] GC(99) Pause Full (System.gc()) 774M->774M(5939M) 2797.880ms
[263.303s][info][gc,metaspace] GC(100) Metaspace: 33398K(35520K)->33398K(35520K) NonClass: 28781K(29760K)->28781K(29760K) Class: 4617K(5760K)->4617K(5760K)
[263.303s][info][gc          ] GC(100) Pause Full (System.gc()) 774M->774M(5939M) 2557.641ms
[265.806s][info][gc,metaspace] GC(101) Metaspace: 33398K(35520K)->33398K(35520K) NonClass: 28781K(29760K)->28781K(29760K) Class: 4617K(5760K)->4617K(5760K)
[265.806s][info][gc          ] GC(101) Pause Full (System.gc()) 774M->774M(5939M) 2503.047ms
[268.360s][info][gc,metaspace] GC(102) Metaspace: 33398K(35520K)->33398K(35520K) NonClass: 28781K(29760K)->28781K(29760K) Class: 4617K(5760K)->4617K(5760K)
[268.360s][info][gc          ] GC(102) Pause Full (System.gc()) 774M->774M(5939M) 2553.413ms
[270.863s][info][gc,metaspace] GC(103) Metaspace: 33398K(35520K)->33398K(35520K) NonClass: 28781K(29760K)->28781K(29760K) Class: 4617K(5760K)->4617K(5760K)
[270.863s][info][gc          ] GC(103) Pause Full (System.gc()) 774M->774M(5939M) 2502.930ms
[273.416s][info][gc,metaspace] GC(104) Metaspace: 33398K(35520K)->33398K(35520K) NonClass: 28781K(29760K)->28781K(29760K) Class: 4617K(5760K)->4617K(5760K)
[273.416s][info][gc          ] GC(104) Pause Full (System.gc()) 774M->774M(5939M) 2553.202ms
After GCs... 
