Done; will start GCs... 
[329.880s][info][gc,metaspace] GC(33) Metaspace: 90558K(106048K)->90558K(106048K) NonClass: 71077K(78656K)->71077K(78656K) Class: 19480K(27392K)->19480K(27392K)
[329.880s][info][gc          ] GC(33) Pause Full (System.gc()) 207M->197M(4096M) 2596.097ms
[332.417s][info][gc,metaspace] GC(34) Metaspace: 90558K(106048K)->90558K(106048K) NonClass: 71077K(78656K)->71077K(78656K) Class: 19480K(27392K)->19480K(27392K)
[332.417s][info][gc          ] GC(34) Pause Full (System.gc()) 197M->197M(4096M) 2532.101ms
[332.417s][info][gc          ] GC(32) Concurrent Mark Cycle 6322.818ms
[334.909s][info][gc,metaspace] GC(35) Metaspace: 90558K(106048K)->90558K(106048K) NonClass: 71077K(78656K)->71077K(78656K) Class: 19480K(27392K)->19480K(27392K)
[334.910s][info][gc          ] GC(35) Pause Full (System.gc()) 197M->197M(4096M) 2492.746ms
[337.413s][info][gc,metaspace] GC(36) Metaspace: 90558K(106048K)->90558K(106048K) NonClass: 71077K(78656K)->71077K(78656K) Class: 19480K(27392K)->19480K(27392K)
[337.413s][info][gc          ] GC(36) Pause Full (System.gc()) 197M->197M(4096M) 2500.314ms
[339.923s][info][gc,metaspace] GC(37) Metaspace: 90558K(106048K)->90558K(106048K) NonClass: 71077K(78656K)->71077K(78656K) Class: 19480K(27392K)->19480K(27392K)
[339.924s][info][gc          ] GC(37) Pause Full (System.gc()) 197M->197M(4096M) 2510.563ms
[342.446s][info][gc,metaspace] GC(38) Metaspace: 90558K(106048K)->90558K(106048K) NonClass: 71077K(78656K)->71077K(78656K) Class: 19480K(27392K)->19480K(27392K)
[342.446s][info][gc          ] GC(38) Pause Full (System.gc()) 197M->197M(4096M) 2517.124ms
[344.966s][info][gc,metaspace] GC(39) Metaspace: 90558K(106048K)->90558K(106048K) NonClass: 71077K(78656K)->71077K(78656K) Class: 19480K(27392K)->19480K(27392K)
[344.967s][info][gc          ] GC(39) Pause Full (System.gc()) 197M->197M(4096M) 2520.633ms
[348.598s][info][gc,metaspace] GC(40) Metaspace: 90558K(106048K)->90558K(106048K) NonClass: 71077K(78656K)->71077K(78656K) Class: 19480K(27392K)->19480K(27392K)
[348.598s][info][gc          ] GC(40) Pause Full (System.gc()) 197M->197M(4096M) 3629.844ms
[351.948s][info][gc,metaspace] GC(41) Metaspace: 90558K(106048K)->90558K(106048K) NonClass: 71077K(78656K)->71077K(78656K) Class: 19480K(27392K)->19480K(27392K)
[351.948s][info][gc          ] GC(41) Pause Full (System.gc()) 197M->197M(4096M) 3349.360ms
[354.766s][info][gc,metaspace] GC(42) Metaspace: 90558K(106048K)->90558K(106048K) NonClass: 71077K(78656K)->71077K(78656K) Class: 19480K(27392K)->19480K(27392K)
[354.766s][info][gc          ] GC(42) Pause Full (System.gc()) 197M->197M(4096M) 2813.279ms
[358.234s][info][gc,metaspace] GC(43) Metaspace: 90558K(106048K)->90558K(106048K) NonClass: 71077K(78656K)->71077K(78656K) Class: 19480K(27392K)->19480K(27392K)
[358.234s][info][gc          ] GC(43) Pause Full (System.gc()) 197M->197M(4096M) 3465.294ms
[360.895s][info][gc,metaspace] GC(44) Metaspace: 90558K(106048K)->90558K(106048K) NonClass: 71077K(78656K)->71077K(78656K) Class: 19480K(27392K)->19480K(27392K)
[360.895s][info][gc          ] GC(44) Pause Full (System.gc()) 197M->197M(4096M) 2660.013ms
[364.212s][info][gc,metaspace] GC(45) Metaspace: 90558K(106048K)->90558K(106048K) NonClass: 71077K(78656K)->71077K(78656K) Class: 19480K(27392K)->19480K(27392K)
[364.212s][info][gc          ] GC(45) Pause Full (System.gc()) 197M->197M(4096M) 3317.178ms
[367.896s][info][gc,metaspace] GC(46) Metaspace: 90558K(106048K)->90558K(106048K) NonClass: 71077K(78656K)->71077K(78656K) Class: 19480K(27392K)->19480K(27392K)
[367.896s][info][gc          ] GC(46) Pause Full (System.gc()) 197M->197M(4096M) 3671.089ms
[370.720s][info][gc,metaspace] GC(47) Metaspace: 90558K(106048K)->90558K(106048K) NonClass: 71077K(78656K)->71077K(78656K) Class: 19480K(27392K)->19480K(27392K)
[370.720s][info][gc          ] GC(47) Pause Full (System.gc()) 197M->197M(4096M) 2823.829ms
[373.291s][info][gc,metaspace] GC(48) Metaspace: 90558K(106048K)->90558K(106048K) NonClass: 71077K(78656K)->71077K(78656K) Class: 19480K(27392K)->19480K(27392K)
[373.291s][info][gc          ] GC(48) Pause Full (System.gc()) 197M->197M(4096M) 2566.657ms
[375.856s][info][gc,metaspace] GC(49) Metaspace: 90558K(106048K)->90558K(106048K) NonClass: 71077K(78656K)->71077K(78656K) Class: 19480K(27392K)->19480K(27392K)
[375.856s][info][gc          ] GC(49) Pause Full (System.gc()) 197M->197M(4096M) 2564.420ms
[379.245s][info][gc,metaspace] GC(50) Metaspace: 90558K(106048K)->90558K(106048K) NonClass: 71077K(78656K)->71077K(78656K) Class: 19480K(27392K)->19480K(27392K)
[379.246s][info][gc          ] GC(50) Pause Full (System.gc()) 197M->197M(4096M) 3389.062ms
[382.874s][info][gc,metaspace] GC(51) Metaspace: 90558K(106048K)->90558K(106048K) NonClass: 71077K(78656K)->71077K(78656K) Class: 19480K(27392K)->19480K(27392K)
[382.874s][info][gc          ] GC(51) Pause Full (System.gc()) 197M->197M(4096M) 3627.519ms
[386.470s][info][gc,metaspace] GC(52) Metaspace: 90558K(106048K)->90558K(106048K) NonClass: 71077K(78656K)->71077K(78656K) Class: 19480K(27392K)->19480K(27392K)
[386.470s][info][gc          ] GC(52) Pause Full (System.gc()) 197M->197M(4096M) 3595.280ms
[390.091s][info][gc,metaspace] GC(53) Metaspace: 90558K(106048K)->90558K(106048K) NonClass: 71077K(78656K)->71077K(78656K) Class: 19480K(27392K)->19480K(27392K)
[390.091s][info][gc          ] GC(53) Pause Full (System.gc()) 197M->197M(4096M) 3620.850ms
[393.850s][info][gc,metaspace] GC(54) Metaspace: 90558K(106048K)->90558K(106048K) NonClass: 71077K(78656K)->71077K(78656K) Class: 19480K(27392K)->19480K(27392K)
[393.850s][info][gc          ] GC(54) Pause Full (System.gc()) 197M->197M(4096M) 3758.096ms
[397.253s][info][gc,metaspace] GC(55) Metaspace: 90558K(106048K)->90558K(106048K) NonClass: 71077K(78656K)->71077K(78656K) Class: 19480K(27392K)->19480K(27392K)
[397.253s][info][gc          ] GC(55) Pause Full (System.gc()) 197M->197M(4096M) 3402.516ms
[400.855s][info][gc,metaspace] GC(56) Metaspace: 90558K(106048K)->90558K(106048K) NonClass: 71077K(78656K)->71077K(78656K) Class: 19480K(27392K)->19480K(27392K)
[400.855s][info][gc          ] GC(56) Pause Full (System.gc()) 197M->197M(4096M) 3601.083ms
[403.685s][info][gc,metaspace] GC(57) Metaspace: 90558K(106048K)->90558K(106048K) NonClass: 71077K(78656K)->71077K(78656K) Class: 19480K(27392K)->19480K(27392K)
[403.685s][info][gc          ] GC(57) Pause Full (System.gc()) 197M->197M(4096M) 2827.705ms
[406.217s][info][gc,metaspace] GC(58) Metaspace: 90558K(106048K)->90558K(106048K) NonClass: 71077K(78656K)->71077K(78656K) Class: 19480K(27392K)->19480K(27392K)
[406.217s][info][gc          ] GC(58) Pause Full (System.gc()) 197M->197M(4096M) 2531.957ms
[409.564s][info][gc,metaspace] GC(59) Metaspace: 90558K(106048K)->90558K(106048K) NonClass: 71077K(78656K)->71077K(78656K) Class: 19480K(27392K)->19480K(27392K)
[409.564s][info][gc          ] GC(59) Pause Full (System.gc()) 197M->197M(4096M) 3346.551ms
[412.370s][info][gc,metaspace] GC(60) Metaspace: 90558K(106048K)->90558K(106048K) NonClass: 71077K(78656K)->71077K(78656K) Class: 19480K(27392K)->19480K(27392K)
[412.371s][info][gc          ] GC(60) Pause Full (System.gc()) 197M->197M(4096M) 2805.872ms
[414.910s][info][gc,metaspace] GC(61) Metaspace: 90558K(106048K)->90558K(106048K) NonClass: 71077K(78656K)->71077K(78656K) Class: 19480K(27392K)->19480K(27392K)
[414.910s][info][gc          ] GC(61) Pause Full (System.gc()) 197M->197M(4096M) 2537.114ms
[417.449s][info][gc,metaspace] GC(62) Metaspace: 90558K(106048K)->90558K(106048K) NonClass: 71077K(78656K)->71077K(78656K) Class: 19480K(27392K)->19480K(27392K)
[417.449s][info][gc          ] GC(62) Pause Full (System.gc()) 197M->197M(4096M) 2538.758ms
[419.986s][info][gc,metaspace] GC(63) Metaspace: 90558K(106048K)->90558K(106048K) NonClass: 71077K(78656K)->71077K(78656K) Class: 19480K(27392K)->19480K(27392K)
[419.987s][info][gc          ] GC(63) Pause Full (System.gc()) 197M->197M(4096M) 2533.819ms
[422.517s][info][gc,metaspace] GC(64) Metaspace: 90558K(106048K)->90558K(106048K) NonClass: 71077K(78656K)->71077K(78656K) Class: 19480K(27392K)->19480K(27392K)
[422.517s][info][gc          ] GC(64) Pause Full (System.gc()) 197M->197M(4096M) 2530.288ms
[425.040s][info][gc,metaspace] GC(65) Metaspace: 90558K(106048K)->90558K(106048K) NonClass: 71077K(78656K)->71077K(78656K) Class: 19480K(27392K)->19480K(27392K)
[425.040s][info][gc          ] GC(65) Pause Full (System.gc()) 197M->197M(4096M) 2522.035ms
[428.343s][info][gc,metaspace] GC(66) Metaspace: 90558K(106048K)->90558K(106048K) NonClass: 71077K(78656K)->71077K(78656K) Class: 19480K(27392K)->19480K(27392K)
[428.343s][info][gc          ] GC(66) Pause Full (System.gc()) 197M->197M(4096M) 3299.917ms
[431.212s][info][gc,metaspace] GC(67) Metaspace: 90558K(106048K)->90558K(106048K) NonClass: 71077K(78656K)->71077K(78656K) Class: 19480K(27392K)->19480K(27392K)
[431.212s][info][gc          ] GC(67) Pause Full (System.gc()) 197M->197M(4096M) 2868.517ms
[434.732s][info][gc,metaspace] GC(68) Metaspace: 90558K(106048K)->90558K(106048K) NonClass: 71077K(78656K)->71077K(78656K) Class: 19480K(27392K)->19480K(27392K)
[434.732s][info][gc          ] GC(68) Pause Full (System.gc()) 197M->197M(4096M) 3519.359ms
[438.287s][info][gc,metaspace] GC(69) Metaspace: 90558K(106048K)->90558K(106048K) NonClass: 71077K(78656K)->71077K(78656K) Class: 19480K(27392K)->19480K(27392K)
[438.287s][info][gc          ] GC(69) Pause Full (System.gc()) 197M->197M(4096M) 3554.525ms
[440.954s][info][gc,metaspace] GC(70) Metaspace: 90558K(106048K)->90558K(106048K) NonClass: 71077K(78656K)->71077K(78656K) Class: 19480K(27392K)->19480K(27392K)
[440.954s][info][gc          ] GC(70) Pause Full (System.gc()) 197M->197M(4096M) 2665.247ms
[444.470s][info][gc,metaspace] GC(71) Metaspace: 90558K(106048K)->90558K(106048K) NonClass: 71077K(78656K)->71077K(78656K) Class: 19480K(27392K)->19480K(27392K)
[444.470s][info][gc          ] GC(71) Pause Full (System.gc()) 197M->197M(4096M) 3515.681ms
[447.109s][info][gc,metaspace] GC(72) Metaspace: 90558K(106048K)->90558K(106048K) NonClass: 71077K(78656K)->71077K(78656K) Class: 19480K(27392K)->19480K(27392K)
[447.109s][info][gc          ] GC(72) Pause Full (System.gc()) 197M->197M(4096M) 2636.303ms
[449.639s][info][gc,metaspace] GC(73) Metaspace: 90558K(106048K)->90558K(106048K) NonClass: 71077K(78656K)->71077K(78656K) Class: 19480K(27392K)->19480K(27392K)
[449.639s][info][gc          ] GC(73) Pause Full (System.gc()) 197M->197M(4096M) 2529.126ms
[453.006s][info][gc,metaspace] GC(74) Metaspace: 90558K(106048K)->90558K(106048K) NonClass: 71077K(78656K)->71077K(78656K) Class: 19480K(27392K)->19480K(27392K)
[453.007s][info][gc          ] GC(74) Pause Full (System.gc()) 197M->197M(4096M) 3367.114ms
[455.769s][info][gc,metaspace] GC(75) Metaspace: 90558K(106048K)->90558K(106048K) NonClass: 71077K(78656K)->71077K(78656K) Class: 19480K(27392K)->19480K(27392K)
[455.769s][info][gc          ] GC(75) Pause Full (System.gc()) 197M->197M(4096M) 2761.608ms
[458.304s][info][gc,metaspace] GC(76) Metaspace: 90558K(106048K)->90558K(106048K) NonClass: 71077K(78656K)->71077K(78656K) Class: 19480K(27392K)->19480K(27392K)
[458.304s][info][gc          ] GC(76) Pause Full (System.gc()) 197M->197M(4096M) 2531.529ms
[460.826s][info][gc,metaspace] GC(77) Metaspace: 90558K(106048K)->90558K(106048K) NonClass: 71077K(78656K)->71077K(78656K) Class: 19480K(27392K)->19480K(27392K)
[460.826s][info][gc          ] GC(77) Pause Full (System.gc()) 197M->197M(4096M) 2521.504ms
[464.172s][info][gc,metaspace] GC(78) Metaspace: 90558K(106048K)->90558K(106048K) NonClass: 71077K(78656K)->71077K(78656K) Class: 19480K(27392K)->19480K(27392K)
[464.172s][info][gc          ] GC(78) Pause Full (System.gc()) 197M->197M(4096M) 3345.632ms
[467.749s][info][gc,metaspace] GC(79) Metaspace: 90558K(106048K)->90558K(106048K) NonClass: 71077K(78656K)->71077K(78656K) Class: 19480K(27392K)->19480K(27392K)
[467.749s][info][gc          ] GC(79) Pause Full (System.gc()) 197M->197M(4096M) 3572.388ms
[470.563s][info][gc,metaspace] GC(80) Metaspace: 90558K(106048K)->90558K(106048K) NonClass: 71077K(78656K)->71077K(78656K) Class: 19480K(27392K)->19480K(27392K)
[470.563s][info][gc          ] GC(80) Pause Full (System.gc()) 197M->197M(4096M) 2812.677ms
[473.062s][info][gc,metaspace] GC(81) Metaspace: 90558K(106048K)->90558K(106048K) NonClass: 71077K(78656K)->71077K(78656K) Class: 19480K(27392K)->19480K(27392K)
[473.063s][info][gc          ] GC(81) Pause Full (System.gc()) 197M->197M(4096M) 2497.983ms
[476.417s][info][gc,metaspace] GC(82) Metaspace: 90558K(106048K)->90558K(106048K) NonClass: 71077K(78656K)->71077K(78656K) Class: 19480K(27392K)->19480K(27392K)
[476.417s][info][gc          ] GC(82) Pause Full (System.gc()) 197M->197M(4096M) 3353.597ms
[479.174s][info][gc,metaspace] GC(83) Metaspace: 90558K(106048K)->90558K(106048K) NonClass: 71077K(78656K)->71077K(78656K) Class: 19480K(27392K)->19480K(27392K)
[479.174s][info][gc          ] GC(83) Pause Full (System.gc()) 197M->197M(4096M) 2756.266ms
[482.830s][info][gc,metaspace] GC(84) Metaspace: 90558K(106048K)->90558K(106048K) NonClass: 71077K(78656K)->71077K(78656K) Class: 19480K(27392K)->19480K(27392K)
[482.830s][info][gc          ] GC(84) Pause Full (System.gc()) 197M->197M(4096M) 3653.341ms
[485.397s][info][gc,metaspace] GC(85) Metaspace: 90558K(106048K)->90558K(106048K) NonClass: 71077K(78656K)->71077K(78656K) Class: 19480K(27392K)->19480K(27392K)
[485.397s][info][gc          ] GC(85) Pause Full (System.gc()) 197M->197M(4096M) 2566.362ms
[487.943s][info][gc,metaspace] GC(86) Metaspace: 90558K(106048K)->90558K(106048K) NonClass: 71077K(78656K)->71077K(78656K) Class: 19480K(27392K)->19480K(27392K)
[487.943s][info][gc          ] GC(86) Pause Full (System.gc()) 197M->197M(4096M) 2542.499ms
[490.515s][info][gc,metaspace] GC(87) Metaspace: 90558K(106048K)->90558K(106048K) NonClass: 71077K(78656K)->71077K(78656K) Class: 19480K(27392K)->19480K(27392K)
[490.515s][info][gc          ] GC(87) Pause Full (System.gc()) 197M->197M(4096M) 2571.384ms
[493.073s][info][gc,metaspace] GC(88) Metaspace: 90558K(106048K)->90558K(106048K) NonClass: 71077K(78656K)->71077K(78656K) Class: 19480K(27392K)->19480K(27392K)
[493.074s][info][gc          ] GC(88) Pause Full (System.gc()) 197M->197M(4096M) 2558.050ms
[496.448s][info][gc,metaspace] GC(89) Metaspace: 90558K(106048K)->90558K(106048K) NonClass: 71077K(78656K)->71077K(78656K) Class: 19480K(27392K)->19480K(27392K)
[496.449s][info][gc          ] GC(89) Pause Full (System.gc()) 197M->197M(4096M) 3374.622ms
[499.270s][info][gc,metaspace] GC(90) Metaspace: 90558K(106048K)->90558K(106048K) NonClass: 71077K(78656K)->71077K(78656K) Class: 19480K(27392K)->19480K(27392K)
[499.270s][info][gc          ] GC(90) Pause Full (System.gc()) 197M->197M(4096M) 2820.825ms
[501.806s][info][gc,metaspace] GC(91) Metaspace: 90558K(106048K)->90558K(106048K) NonClass: 71077K(78656K)->71077K(78656K) Class: 19480K(27392K)->19480K(27392K)
[501.806s][info][gc          ] GC(91) Pause Full (System.gc()) 197M->197M(4096M) 2535.411ms
[504.344s][info][gc,metaspace] GC(92) Metaspace: 90558K(106048K)->90558K(106048K) NonClass: 71077K(78656K)->71077K(78656K) Class: 19480K(27392K)->19480K(27392K)
[504.344s][info][gc          ] GC(92) Pause Full (System.gc()) 197M->197M(4096M) 2535.286ms
[506.877s][info][gc,metaspace] GC(93) Metaspace: 90558K(106048K)->90558K(106048K) NonClass: 71077K(78656K)->71077K(78656K) Class: 19480K(27392K)->19480K(27392K)
[506.878s][info][gc          ] GC(93) Pause Full (System.gc()) 197M->197M(4096M) 2533.192ms
[509.408s][info][gc,metaspace] GC(94) Metaspace: 90558K(106048K)->90558K(106048K) NonClass: 71077K(78656K)->71077K(78656K) Class: 19480K(27392K)->19480K(27392K)
[509.409s][info][gc          ] GC(94) Pause Full (System.gc()) 197M->197M(4096M) 2530.416ms
[511.934s][info][gc,metaspace] GC(95) Metaspace: 90558K(106048K)->90558K(106048K) NonClass: 71077K(78656K)->71077K(78656K) Class: 19480K(27392K)->19480K(27392K)
[511.934s][info][gc          ] GC(95) Pause Full (System.gc()) 197M->197M(4096M) 2525.002ms
[514.461s][info][gc,metaspace] GC(96) Metaspace: 90558K(106048K)->90558K(106048K) NonClass: 71077K(78656K)->71077K(78656K) Class: 19480K(27392K)->19480K(27392K)
[514.461s][info][gc          ] GC(96) Pause Full (System.gc()) 197M->197M(4096M) 2526.499ms
[518.044s][info][gc,metaspace] GC(97) Metaspace: 90558K(106048K)->90558K(106048K) NonClass: 71077K(78656K)->71077K(78656K) Class: 19480K(27392K)->19480K(27392K)
[518.044s][info][gc          ] GC(97) Pause Full (System.gc()) 197M->197M(4096M) 3582.733ms
[520.550s][info][gc,metaspace] GC(98) Metaspace: 90558K(106048K)->90558K(106048K) NonClass: 71077K(78656K)->71077K(78656K) Class: 19480K(27392K)->19480K(27392K)
[520.550s][info][gc          ] GC(98) Pause Full (System.gc()) 197M->197M(4096M) 2501.402ms
[523.054s][info][gc,metaspace] GC(99) Metaspace: 90558K(106048K)->90558K(106048K) NonClass: 71077K(78656K)->71077K(78656K) Class: 19480K(27392K)->19480K(27392K)
[523.054s][info][gc          ] GC(99) Pause Full (System.gc()) 197M->197M(4096M) 2503.328ms
[526.377s][info][gc,metaspace] GC(100) Metaspace: 90558K(106048K)->90558K(106048K) NonClass: 71077K(78656K)->71077K(78656K) Class: 19480K(27392K)->19480K(27392K)
[526.377s][info][gc          ] GC(100) Pause Full (System.gc()) 197M->197M(4096M) 3322.833ms
[529.192s][info][gc,metaspace] GC(101) Metaspace: 90558K(106048K)->90558K(106048K) NonClass: 71077K(78656K)->71077K(78656K) Class: 19480K(27392K)->19480K(27392K)
[529.192s][info][gc          ] GC(101) Pause Full (System.gc()) 197M->197M(4096M) 2814.237ms
[531.727s][info][gc,metaspace] GC(102) Metaspace: 90558K(106048K)->90558K(106048K) NonClass: 71077K(78656K)->71077K(78656K) Class: 19480K(27392K)->19480K(27392K)
[531.727s][info][gc          ] GC(102) Pause Full (System.gc()) 197M->197M(4096M) 2530.250ms
[534.254s][info][gc,metaspace] GC(103) Metaspace: 90558K(106048K)->90558K(106048K) NonClass: 71077K(78656K)->71077K(78656K) Class: 19480K(27392K)->19480K(27392K)
[534.254s][info][gc          ] GC(103) Pause Full (System.gc()) 197M->197M(4096M) 2526.525ms
[537.896s][info][gc,metaspace] GC(104) Metaspace: 90558K(106048K)->90558K(106048K) NonClass: 71077K(78656K)->71077K(78656K) Class: 19480K(27392K)->19480K(27392K)
[537.896s][info][gc          ] GC(104) Pause Full (System.gc()) 197M->197M(4096M) 3641.008ms
[540.439s][info][gc,metaspace] GC(105) Metaspace: 90558K(106048K)->90558K(106048K) NonClass: 71077K(78656K)->71077K(78656K) Class: 19480K(27392K)->19480K(27392K)
[540.439s][info][gc          ] GC(105) Pause Full (System.gc()) 197M->197M(4096M) 2542.038ms
[544.069s][info][gc,metaspace] GC(106) Metaspace: 90558K(106048K)->90558K(106048K) NonClass: 71077K(78656K)->71077K(78656K) Class: 19480K(27392K)->19480K(27392K)
[544.069s][info][gc          ] GC(106) Pause Full (System.gc()) 197M->197M(4096M) 3630.122ms
[547.399s][info][gc,metaspace] GC(107) Metaspace: 90558K(106048K)->90558K(106048K) NonClass: 71077K(78656K)->71077K(78656K) Class: 19480K(27392K)->19480K(27392K)
[547.399s][info][gc          ] GC(107) Pause Full (System.gc()) 197M->197M(4096M) 3329.499ms
[550.219s][info][gc,metaspace] GC(108) Metaspace: 90558K(106048K)->90558K(106048K) NonClass: 71077K(78656K)->71077K(78656K) Class: 19480K(27392K)->19480K(27392K)
[550.219s][info][gc          ] GC(108) Pause Full (System.gc()) 197M->197M(4096M) 2819.144ms
[553.860s][info][gc,metaspace] GC(109) Metaspace: 90558K(106048K)->90558K(106048K) NonClass: 71077K(78656K)->71077K(78656K) Class: 19480K(27392K)->19480K(27392K)
[553.860s][info][gc          ] GC(109) Pause Full (System.gc()) 197M->197M(4096M) 3641.100ms
[557.369s][info][gc,metaspace] GC(110) Metaspace: 90558K(106048K)->90558K(106048K) NonClass: 71077K(78656K)->71077K(78656K) Class: 19480K(27392K)->19480K(27392K)
[557.369s][info][gc          ] GC(110) Pause Full (System.gc()) 197M->197M(4096M) 3504.402ms
[560.877s][info][gc,metaspace] GC(111) Metaspace: 90558K(106048K)->90558K(106048K) NonClass: 71077K(78656K)->71077K(78656K) Class: 19480K(27392K)->19480K(27392K)
[560.878s][info][gc          ] GC(111) Pause Full (System.gc()) 197M->197M(4096M) 3507.742ms
[564.502s][info][gc,metaspace] GC(112) Metaspace: 90558K(106048K)->90558K(106048K) NonClass: 71077K(78656K)->71077K(78656K) Class: 19480K(27392K)->19480K(27392K)
[564.502s][info][gc          ] GC(112) Pause Full (System.gc()) 197M->197M(4096M) 3620.742ms
[568.091s][info][gc,metaspace] GC(113) Metaspace: 90558K(106048K)->90558K(106048K) NonClass: 71077K(78656K)->71077K(78656K) Class: 19480K(27392K)->19480K(27392K)
[568.091s][info][gc          ] GC(113) Pause Full (System.gc()) 197M->197M(4096M) 3586.240ms
[571.742s][info][gc,metaspace] GC(114) Metaspace: 90558K(106048K)->90558K(106048K) NonClass: 71077K(78656K)->71077K(78656K) Class: 19480K(27392K)->19480K(27392K)
[571.742s][info][gc          ] GC(114) Pause Full (System.gc()) 197M->197M(4096M) 3650.386ms
[574.534s][info][gc,metaspace] GC(115) Metaspace: 90558K(106048K)->90558K(106048K) NonClass: 71077K(78656K)->71077K(78656K) Class: 19480K(27392K)->19480K(27392K)
[574.534s][info][gc          ] GC(115) Pause Full (System.gc()) 197M->197M(4096M) 2785.034ms
[577.071s][info][gc,metaspace] GC(116) Metaspace: 90558K(106048K)->90558K(106048K) NonClass: 71077K(78656K)->71077K(78656K) Class: 19480K(27392K)->19480K(27392K)
[577.071s][info][gc          ] GC(116) Pause Full (System.gc()) 197M->197M(4096M) 2536.931ms
[580.403s][info][gc,metaspace] GC(117) Metaspace: 90558K(106048K)->90558K(106048K) NonClass: 71077K(78656K)->71077K(78656K) Class: 19480K(27392K)->19480K(27392K)
[580.404s][info][gc          ] GC(117) Pause Full (System.gc()) 197M->197M(4096M) 3332.052ms
[583.196s][info][gc,metaspace] GC(118) Metaspace: 90558K(106048K)->90558K(106048K) NonClass: 71077K(78656K)->71077K(78656K) Class: 19480K(27392K)->19480K(27392K)
[583.196s][info][gc          ] GC(118) Pause Full (System.gc()) 197M->197M(4096M) 2791.249ms
[586.495s][info][gc,metaspace] GC(119) Metaspace: 90558K(106048K)->90558K(106048K) NonClass: 71077K(78656K)->71077K(78656K) Class: 19480K(27392K)->19480K(27392K)
[586.495s][info][gc          ] GC(119) Pause Full (System.gc()) 197M->197M(4096M) 3299.225ms
[590.125s][info][gc,metaspace] GC(120) Metaspace: 90558K(106048K)->90558K(106048K) NonClass: 71077K(78656K)->71077K(78656K) Class: 19480K(27392K)->19480K(27392K)
[590.126s][info][gc          ] GC(120) Pause Full (System.gc()) 197M->197M(4096M) 3628.815ms
[592.938s][info][gc,metaspace] GC(121) Metaspace: 90558K(106048K)->90558K(106048K) NonClass: 71077K(78656K)->71077K(78656K) Class: 19480K(27392K)->19480K(27392K)
[592.938s][info][gc          ] GC(121) Pause Full (System.gc()) 197M->197M(4096M) 2808.333ms
[595.480s][info][gc,metaspace] GC(122) Metaspace: 90558K(106048K)->90558K(106048K) NonClass: 71077K(78656K)->71077K(78656K) Class: 19480K(27392K)->19480K(27392K)
[595.480s][info][gc          ] GC(122) Pause Full (System.gc()) 197M->197M(4096M) 2539.129ms
[598.780s][info][gc,metaspace] GC(123) Metaspace: 90558K(106048K)->90558K(106048K) NonClass: 71077K(78656K)->71077K(78656K) Class: 19480K(27392K)->19480K(27392K)
[598.780s][info][gc          ] GC(123) Pause Full (System.gc()) 197M->197M(4096M) 3299.833ms
[602.475s][info][gc,metaspace] GC(124) Metaspace: 90558K(106048K)->90558K(106048K) NonClass: 71077K(78656K)->71077K(78656K) Class: 19480K(27392K)->19480K(27392K)
[602.475s][info][gc          ] GC(124) Pause Full (System.gc()) 197M->197M(4096M) 3687.262ms
[605.257s][info][gc,metaspace] GC(125) Metaspace: 90558K(106048K)->90558K(106048K) NonClass: 71077K(78656K)->71077K(78656K) Class: 19480K(27392K)->19480K(27392K)
[605.257s][info][gc          ] GC(125) Pause Full (System.gc()) 197M->197M(4096M) 2781.616ms
[607.793s][info][gc,metaspace] GC(126) Metaspace: 90558K(106048K)->90558K(106048K) NonClass: 71077K(78656K)->71077K(78656K) Class: 19480K(27392K)->19480K(27392K)
[607.793s][info][gc          ] GC(126) Pause Full (System.gc()) 197M->197M(4096M) 2532.839ms
[611.092s][info][gc,metaspace] GC(127) Metaspace: 90558K(106048K)->90558K(106048K) NonClass: 71077K(78656K)->71077K(78656K) Class: 19480K(27392K)->19480K(27392K)
[611.093s][info][gc          ] GC(127) Pause Full (System.gc()) 197M->197M(4096M) 3299.444ms
[613.946s][info][gc,metaspace] GC(128) Metaspace: 90558K(106048K)->90558K(106048K) NonClass: 71077K(78656K)->71077K(78656K) Class: 19480K(27392K)->19480K(27392K)
[613.946s][info][gc          ] GC(128) Pause Full (System.gc()) 197M->197M(4096M) 2851.548ms
[617.272s][info][gc,metaspace] GC(129) Metaspace: 90558K(106048K)->90558K(106048K) NonClass: 71077K(78656K)->71077K(78656K) Class: 19480K(27392K)->19480K(27392K)
[617.273s][info][gc          ] GC(129) Pause Full (System.gc()) 197M->197M(4096M) 3326.401ms
[620.113s][info][gc,metaspace] GC(130) Metaspace: 90558K(106048K)->90558K(106048K) NonClass: 71077K(78656K)->71077K(78656K) Class: 19480K(27392K)->19480K(27392K)
[620.113s][info][gc          ] GC(130) Pause Full (System.gc()) 197M->197M(4096M) 2836.129ms
[622.669s][info][gc,metaspace] GC(131) Metaspace: 90558K(106048K)->90558K(106048K) NonClass: 71077K(78656K)->71077K(78656K) Class: 19480K(27392K)->19480K(27392K)
[622.669s][info][gc          ] GC(131) Pause Full (System.gc()) 197M->197M(4096M) 2555.689ms
[626.006s][info][gc,metaspace] GC(132) Metaspace: 90558K(106048K)->90558K(106048K) NonClass: 71077K(78656K)->71077K(78656K) Class: 19480K(27392K)->19480K(27392K)
[626.006s][info][gc          ] GC(132) Pause Full (System.gc()) 197M->197M(4096M) 3336.253ms
After GCs... 
