Done; will start GCs... 
[31.208s][info][gc,metaspace] GC(10) Metaspace: 43375K(47296K)->43375K(47296K) NonClass: 33380K(35072K)->33380K(35072K) Class: 9994K(12224K)->9994K(12224K)
[31.208s][info][gc          ] GC(10) Pause Young (System.gc()) 909M->778M(5569M) 1654.591ms
[33.651s][info][gc,metaspace] GC(11) Metaspace: 43375K(47296K)->43375K(47296K) NonClass: 33380K(35072K)->33380K(35072K) Class: 9994K(12224K)->9994K(12224K)
[33.651s][info][gc          ] GC(11) Pause Full (System.gc()) 778M->778M(5569M) 2443.514ms
[33.653s][info][gc,metaspace] GC(12) Metaspace: 43375K(47296K)->43375K(47296K) NonClass: 33380K(35072K)->33380K(35072K) Class: 9994K(12224K)->9994K(12224K)
[33.653s][info][gc          ] GC(12) Pause Young (System.gc()) 778M->778M(5852M) 1.396ms
[34.668s][info][gc,metaspace] GC(13) Metaspace: 43375K(47296K)->43375K(47296K) NonClass: 33380K(35072K)->33380K(35072K) Class: 9994K(12224K)->9994K(12224K)
[34.668s][info][gc          ] GC(13) Pause Full (System.gc()) 778M->778M(5852M) 1015.036ms
[34.673s][info][gc,metaspace] GC(14) Metaspace: 43375K(47296K)->43375K(47296K) NonClass: 33380K(35072K)->33380K(35072K) Class: 9994K(12224K)->9994K(12224K)
[34.673s][info][gc          ] GC(14) Pause Young (System.gc()) 778M->778M(5868M) 0.843ms
[35.691s][info][gc,metaspace] GC(15) Metaspace: 43375K(47296K)->43375K(47296K) NonClass: 33380K(35072K)->33380K(35072K) Class: 9994K(12224K)->9994K(12224K)
[35.691s][info][gc          ] GC(15) Pause Full (System.gc()) 778M->778M(5868M) 1018.169ms
[35.692s][info][gc,metaspace] GC(16) Metaspace: 43375K(47296K)->43375K(47296K) NonClass: 33380K(35072K)->33380K(35072K) Class: 9994K(12224K)->9994K(12224K)
[35.692s][info][gc          ] GC(16) Pause Young (System.gc()) 778M->778M(5860M) 0.498ms
[36.541s][info][gc,metaspace] GC(17) Metaspace: 43375K(47296K)->43375K(47296K) NonClass: 33380K(35072K)->33380K(35072K) Class: 9994K(12224K)->9994K(12224K)
[36.542s][info][gc          ] GC(17) Pause Full (System.gc()) 778M->778M(5860M) 849.532ms
[36.542s][info][gc,metaspace] GC(18) Metaspace: 43375K(47296K)->43375K(47296K) NonClass: 33380K(35072K)->33380K(35072K) Class: 9994K(12224K)->9994K(12224K)
[36.542s][info][gc          ] GC(18) Pause Young (System.gc()) 778M->778M(5889M) 0.567ms
[37.482s][info][gc,metaspace] GC(19) Metaspace: 43375K(47296K)->43375K(47296K) NonClass: 33380K(35072K)->33380K(35072K) Class: 9994K(12224K)->9994K(12224K)
[37.482s][info][gc          ] GC(19) Pause Full (System.gc()) 778M->778M(5889M) 939.418ms
[37.483s][info][gc,metaspace] GC(20) Metaspace: 43375K(47296K)->43375K(47296K) NonClass: 33380K(35072K)->33380K(35072K) Class: 9994K(12224K)->9994K(12224K)
[37.483s][info][gc          ] GC(20) Pause Young (System.gc()) 778M->778M(5878M) 0.772ms
[38.467s][info][gc,metaspace] GC(21) Metaspace: 43375K(47296K)->43375K(47296K) NonClass: 33380K(35072K)->33380K(35072K) Class: 9994K(12224K)->9994K(12224K)
[38.467s][info][gc          ] GC(21) Pause Full (System.gc()) 778M->778M(5878M) 984.238ms
[38.468s][info][gc,metaspace] GC(22) Metaspace: 43375K(47296K)->43375K(47296K) NonClass: 33380K(35072K)->33380K(35072K) Class: 9994K(12224K)->9994K(12224K)
[38.468s][info][gc          ] GC(22) Pause Young (System.gc()) 778M->778M(5911M) 0.583ms
[39.467s][info][gc,metaspace] GC(23) Metaspace: 43375K(47296K)->43375K(47296K) NonClass: 33380K(35072K)->33380K(35072K) Class: 9994K(12224K)->9994K(12224K)
[39.468s][info][gc          ] GC(23) Pause Full (System.gc()) 778M->778M(5911M) 999.994ms
[39.468s][info][gc,metaspace] GC(24) Metaspace: 43375K(47296K)->43375K(47296K) NonClass: 33380K(35072K)->33380K(35072K) Class: 9994K(12224K)->9994K(12224K)
[39.468s][info][gc          ] GC(24) Pause Young (System.gc()) 778M->778M(5900M) 0.479ms
[40.440s][info][gc,metaspace] GC(25) Metaspace: 43375K(47296K)->43375K(47296K) NonClass: 33380K(35072K)->33380K(35072K) Class: 9994K(12224K)->9994K(12224K)
[40.440s][info][gc          ] GC(25) Pause Full (System.gc()) 778M->778M(5900M) 971.475ms
[40.445s][info][gc,metaspace] GC(26) Metaspace: 43375K(47296K)->43375K(47296K) NonClass: 33380K(35072K)->33380K(35072K) Class: 9994K(12224K)->9994K(12224K)
[40.445s][info][gc          ] GC(26) Pause Young (System.gc()) 778M->778M(5934M) 0.936ms
[41.420s][info][gc,metaspace] GC(27) Metaspace: 43375K(47296K)->43375K(47296K) NonClass: 33380K(35072K)->33380K(35072K) Class: 9994K(12224K)->9994K(12224K)
[41.420s][info][gc          ] GC(27) Pause Full (System.gc()) 778M->778M(5934M) 974.569ms
[41.420s][info][gc,metaspace] GC(28) Metaspace: 43375K(47296K)->43375K(47296K) NonClass: 33381K(35072K)->33381K(35072K) Class: 9994K(12224K)->9994K(12224K)
[41.420s][info][gc          ] GC(28) Pause Young (System.gc()) 778M->778M(5923M) 0.488ms
[42.405s][info][gc,metaspace] GC(29) Metaspace: 43375K(47296K)->43375K(47296K) NonClass: 33381K(35072K)->33381K(35072K) Class: 9994K(12224K)->9994K(12224K)
[42.405s][info][gc          ] GC(29) Pause Full (System.gc()) 778M->778M(5923M) 984.632ms
[42.405s][info][gc,metaspace] GC(30) Metaspace: 43375K(47296K)->43375K(47296K) NonClass: 33381K(35072K)->33381K(35072K) Class: 9994K(12224K)->9994K(12224K)
[42.405s][info][gc          ] GC(30) Pause Young (System.gc()) 778M->778M(5957M) 0.535ms
[43.385s][info][gc,metaspace] GC(31) Metaspace: 43375K(47296K)->43375K(47296K) NonClass: 33381K(35072K)->33381K(35072K) Class: 9994K(12224K)->9994K(12224K)
[43.385s][info][gc          ] GC(31) Pause Full (System.gc()) 778M->778M(5957M) 979.424ms
[43.386s][info][gc,metaspace] GC(32) Metaspace: 43376K(47296K)->43376K(47296K) NonClass: 33381K(35072K)->33381K(35072K) Class: 9994K(12224K)->9994K(12224K)
[43.386s][info][gc          ] GC(32) Pause Young (System.gc()) 778M->778M(5946M) 0.485ms
[44.385s][info][gc,metaspace] GC(33) Metaspace: 43376K(47296K)->43376K(47296K) NonClass: 33381K(35072K)->33381K(35072K) Class: 9994K(12224K)->9994K(12224K)
[44.385s][info][gc          ] GC(33) Pause Full (System.gc()) 778M->778M(5946M) 999.579ms
[44.386s][info][gc,metaspace] GC(34) Metaspace: 43376K(47296K)->43376K(47296K) NonClass: 33381K(35072K)->33381K(35072K) Class: 9994K(12224K)->9994K(12224K)
[44.386s][info][gc          ] GC(34) Pause Young (System.gc()) 778M->778M(5979M) 0.915ms
[45.367s][info][gc,metaspace] GC(35) Metaspace: 43376K(47296K)->43376K(47296K) NonClass: 33381K(35072K)->33381K(35072K) Class: 9994K(12224K)->9994K(12224K)
[45.367s][info][gc          ] GC(35) Pause Full (System.gc()) 778M->778M(5979M) 980.552ms
[45.368s][info][gc,metaspace] GC(36) Metaspace: 43376K(47296K)->43376K(47296K) NonClass: 33381K(35072K)->33381K(35072K) Class: 9994K(12224K)->9994K(12224K)
[45.368s][info][gc          ] GC(36) Pause Young (System.gc()) 778M->778M(5968M) 0.851ms
[46.297s][info][gc,metaspace] GC(37) Metaspace: 43376K(47296K)->43376K(47296K) NonClass: 33381K(35072K)->33381K(35072K) Class: 9994K(12224K)->9994K(12224K)
[46.297s][info][gc          ] GC(37) Pause Full (System.gc()) 778M->778M(5968M) 929.266ms
[46.298s][info][gc,metaspace] GC(38) Metaspace: 43376K(47296K)->43376K(47296K) NonClass: 33381K(35072K)->33381K(35072K) Class: 9994K(12224K)->9994K(12224K)
[46.298s][info][gc          ] GC(38) Pause Young (System.gc()) 778M->778M(5999M) 0.618ms
[47.274s][info][gc,metaspace] GC(39) Metaspace: 43376K(47296K)->43376K(47296K) NonClass: 33381K(35072K)->33381K(35072K) Class: 9994K(12224K)->9994K(12224K)
[47.274s][info][gc          ] GC(39) Pause Full (System.gc()) 778M->778M(5999M) 975.990ms
[47.275s][info][gc,metaspace] GC(40) Metaspace: 43376K(47296K)->43376K(47296K) NonClass: 33381K(35072K)->33381K(35072K) Class: 9994K(12224K)->9994K(12224K)
[47.275s][info][gc          ] GC(40) Pause Young (System.gc()) 778M->778M(5989M) 0.450ms
[48.232s][info][gc,metaspace] GC(41) Metaspace: 43376K(47296K)->43376K(47296K) NonClass: 33381K(35072K)->33381K(35072K) Class: 9994K(12224K)->9994K(12224K)
[48.232s][info][gc          ] GC(41) Pause Full (System.gc()) 778M->778M(5989M) 956.855ms
[48.232s][info][gc,metaspace] GC(42) Metaspace: 43376K(47296K)->43376K(47296K) NonClass: 33381K(35072K)->33381K(35072K) Class: 9994K(12224K)->9994K(12224K)
[48.232s][info][gc          ] GC(42) Pause Young (System.gc()) 778M->778M(6017M) 0.600ms
[49.020s][info][gc,metaspace] GC(43) Metaspace: 43376K(47296K)->43376K(47296K) NonClass: 33381K(35072K)->33381K(35072K) Class: 9994K(12224K)->9994K(12224K)
[49.021s][info][gc          ] GC(43) Pause Full (System.gc()) 778M->778M(6017M) 788.020ms
[49.022s][info][gc,metaspace] GC(44) Metaspace: 43376K(47296K)->43376K(47296K) NonClass: 33381K(35072K)->33381K(35072K) Class: 9994K(12224K)->9994K(12224K)
[49.022s][info][gc          ] GC(44) Pause Young (System.gc()) 778M->778M(6008M) 0.894ms
[49.805s][info][gc,metaspace] GC(45) Metaspace: 43376K(47296K)->43376K(47296K) NonClass: 33381K(35072K)->33381K(35072K) Class: 9994K(12224K)->9994K(12224K)
[49.805s][info][gc          ] GC(45) Pause Full (System.gc()) 778M->778M(6008M) 783.730ms
[49.806s][info][gc,metaspace] GC(46) Metaspace: 43376K(47296K)->43376K(47296K) NonClass: 33381K(35072K)->33381K(35072K) Class: 9994K(12224K)->9994K(12224K)
[49.806s][info][gc          ] GC(46) Pause Young (System.gc()) 778M->778M(6034M) 0.941ms
[50.590s][info][gc,metaspace] GC(47) Metaspace: 43376K(47296K)->43376K(47296K) NonClass: 33381K(35072K)->33381K(35072K) Class: 9994K(12224K)->9994K(12224K)
[50.590s][info][gc          ] GC(47) Pause Full (System.gc()) 778M->778M(6034M) 783.230ms
[50.590s][info][gc,metaspace] GC(48) Metaspace: 43376K(47296K)->43376K(47296K) NonClass: 33381K(35072K)->33381K(35072K) Class: 9994K(12224K)->9994K(12224K)
[50.590s][info][gc          ] GC(48) Pause Young (System.gc()) 778M->778M(6026M) 0.449ms
[51.361s][info][gc,metaspace] GC(49) Metaspace: 43376K(47296K)->43376K(47296K) NonClass: 33381K(35072K)->33381K(35072K) Class: 9994K(12224K)->9994K(12224K)
[51.361s][info][gc          ] GC(49) Pause Full (System.gc()) 778M->778M(6026M) 770.891ms
[51.366s][info][gc,metaspace] GC(50) Metaspace: 43376K(47296K)->43376K(47296K) NonClass: 33381K(35072K)->33381K(35072K) Class: 9994K(12224K)->9994K(12224K)
[51.366s][info][gc          ] GC(50) Pause Young (System.gc()) 778M->778M(6049M) 0.860ms
[52.143s][info][gc,metaspace] GC(51) Metaspace: 43376K(47296K)->43376K(47296K) NonClass: 33381K(35072K)->33381K(35072K) Class: 9994K(12224K)->9994K(12224K)
[52.144s][info][gc          ] GC(51) Pause Full (System.gc()) 778M->778M(6049M) 777.025ms
[52.145s][info][gc,metaspace] GC(52) Metaspace: 43376K(47296K)->43376K(47296K) NonClass: 33381K(35072K)->33381K(35072K) Class: 9994K(12224K)->9994K(12224K)
[52.145s][info][gc          ] GC(52) Pause Young (System.gc()) 778M->778M(6042M) 0.839ms
[52.921s][info][gc,metaspace] GC(53) Metaspace: 43376K(47296K)->43376K(47296K) NonClass: 33381K(35072K)->33381K(35072K) Class: 9994K(12224K)->9994K(12224K)
[52.921s][info][gc          ] GC(53) Pause Full (System.gc()) 778M->778M(6042M) 776.587ms
[52.922s][info][gc,metaspace] GC(54) Metaspace: 43376K(47296K)->43376K(47296K) NonClass: 33381K(35072K)->33381K(35072K) Class: 9994K(12224K)->9994K(12224K)
[52.922s][info][gc          ] GC(54) Pause Young (System.gc()) 778M->778M(6062M) 0.560ms
[53.742s][info][gc,metaspace] GC(55) Metaspace: 43376K(47296K)->43376K(47296K) NonClass: 33381K(35072K)->33381K(35072K) Class: 9994K(12224K)->9994K(12224K)
[53.742s][info][gc          ] GC(55) Pause Full (System.gc()) 778M->778M(6062M) 819.550ms
[53.743s][info][gc,metaspace] GC(56) Metaspace: 43376K(47296K)->43376K(47296K) NonClass: 33381K(35072K)->33381K(35072K) Class: 9994K(12224K)->9994K(12224K)
[53.743s][info][gc          ] GC(56) Pause Young (System.gc()) 778M->778M(6056M) 0.854ms
[54.544s][info][gc,metaspace] GC(57) Metaspace: 43376K(47296K)->43376K(47296K) NonClass: 33381K(35072K)->33381K(35072K) Class: 9994K(12224K)->9994K(12224K)
[54.544s][info][gc          ] GC(57) Pause Full (System.gc()) 778M->778M(6056M) 801.662ms
[54.545s][info][gc,metaspace] GC(58) Metaspace: 43376K(47296K)->43376K(47296K) NonClass: 33381K(35072K)->33381K(35072K) Class: 9994K(12224K)->9994K(12224K)
[54.545s][info][gc          ] GC(58) Pause Young (System.gc()) 778M->778M(6074M) 0.848ms
[55.541s][info][gc,metaspace] GC(59) Metaspace: 43376K(47296K)->43376K(47296K) NonClass: 33381K(35072K)->33381K(35072K) Class: 9994K(12224K)->9994K(12224K)
[55.541s][info][gc          ] GC(59) Pause Full (System.gc()) 778M->778M(6074M) 996.135ms
[55.542s][info][gc,metaspace] GC(60) Metaspace: 43376K(47296K)->43376K(47296K) NonClass: 33381K(35072K)->33381K(35072K) Class: 9994K(12224K)->9994K(12224K)
[55.542s][info][gc          ] GC(60) Pause Young (System.gc()) 778M->778M(6068M) 0.787ms
[56.344s][info][gc,metaspace] GC(61) Metaspace: 43376K(47296K)->43376K(47296K) NonClass: 33381K(35072K)->33381K(35072K) Class: 9994K(12224K)->9994K(12224K)
[56.344s][info][gc          ] GC(61) Pause Full (System.gc()) 778M->778M(6068M) 801.367ms
[56.344s][info][gc,metaspace] GC(62) Metaspace: 43376K(47296K)->43376K(47296K) NonClass: 33381K(35072K)->33381K(35072K) Class: 9994K(12224K)->9994K(12224K)
[56.344s][info][gc          ] GC(62) Pause Young (System.gc()) 778M->778M(6084M) 0.565ms
[57.113s][info][gc,metaspace] GC(63) Metaspace: 43376K(47296K)->43376K(47296K) NonClass: 33381K(35072K)->33381K(35072K) Class: 9994K(12224K)->9994K(12224K)
[57.113s][info][gc          ] GC(63) Pause Full (System.gc()) 778M->778M(6084M) 768.124ms
[57.114s][info][gc,metaspace] GC(64) Metaspace: 43376K(47296K)->43376K(47296K) NonClass: 33381K(35072K)->33381K(35072K) Class: 9994K(12224K)->9994K(12224K)
[57.114s][info][gc          ] GC(64) Pause Young (System.gc()) 778M->778M(6079M) 0.880ms
[57.901s][info][gc,metaspace] GC(65) Metaspace: 43376K(47296K)->43376K(47296K) NonClass: 33381K(35072K)->33381K(35072K) Class: 9994K(12224K)->9994K(12224K)
[57.901s][info][gc          ] GC(65) Pause Full (System.gc()) 778M->778M(6079M) 787.171ms
[57.902s][info][gc,metaspace] GC(66) Metaspace: 43376K(47296K)->43376K(47296K) NonClass: 33381K(35072K)->33381K(35072K) Class: 9994K(12224K)->9994K(12224K)
[57.902s][info][gc          ] GC(66) Pause Young (System.gc()) 778M->778M(6093M) 0.905ms
[58.696s][info][gc,metaspace] GC(67) Metaspace: 43376K(47296K)->43376K(47296K) NonClass: 33381K(35072K)->33381K(35072K) Class: 9994K(12224K)->9994K(12224K)
[58.696s][info][gc          ] GC(67) Pause Full (System.gc()) 778M->778M(6093M) 794.494ms
[58.697s][info][gc,metaspace] GC(68) Metaspace: 43376K(47296K)->43376K(47296K) NonClass: 33381K(35072K)->33381K(35072K) Class: 9994K(12224K)->9994K(12224K)
[58.697s][info][gc          ] GC(68) Pause Young (System.gc()) 778M->778M(6088M) 0.832ms
[59.492s][info][gc,metaspace] GC(69) Metaspace: 43376K(47296K)->43376K(47296K) NonClass: 33381K(35072K)->33381K(35072K) Class: 9994K(12224K)->9994K(12224K)
[59.492s][info][gc          ] GC(69) Pause Full (System.gc()) 778M->778M(6088M) 795.073ms
[59.493s][info][gc,metaspace] GC(70) Metaspace: 43376K(47296K)->43376K(47296K) NonClass: 33381K(35072K)->33381K(35072K) Class: 9994K(12224K)->9994K(12224K)
[59.493s][info][gc          ] GC(70) Pause Young (System.gc()) 778M->778M(6100M) 0.955ms
[60.286s][info][gc,metaspace] GC(71) Metaspace: 43376K(47296K)->43376K(47296K) NonClass: 33381K(35072K)->33381K(35072K) Class: 9994K(12224K)->9994K(12224K)
[60.287s][info][gc          ] GC(71) Pause Full (System.gc()) 778M->778M(6100M) 793.001ms
[60.287s][info][gc,metaspace] GC(72) Metaspace: 43376K(47296K)->43376K(47296K) NonClass: 33381K(35072K)->33381K(35072K) Class: 9994K(12224K)->9994K(12224K)
[60.287s][info][gc          ] GC(72) Pause Young (System.gc()) 778M->778M(6097M) 0.722ms
[61.057s][info][gc,metaspace] GC(73) Metaspace: 43376K(47296K)->43376K(47296K) NonClass: 33381K(35072K)->33381K(35072K) Class: 9994K(12224K)->9994K(12224K)
[61.057s][info][gc          ] GC(73) Pause Full (System.gc()) 778M->778M(6097M) 769.960ms
[61.058s][info][gc,metaspace] GC(74) Metaspace: 43376K(47296K)->43376K(47296K) NonClass: 33381K(35072K)->33381K(35072K) Class: 9994K(12224K)->9994K(12224K)
[61.058s][info][gc          ] GC(74) Pause Young (System.gc()) 778M->778M(6107M) 0.832ms
[61.845s][info][gc,metaspace] GC(75) Metaspace: 43376K(47296K)->43376K(47296K) NonClass: 33381K(35072K)->33381K(35072K) Class: 9994K(12224K)->9994K(12224K)
[61.845s][info][gc          ] GC(75) Pause Full (System.gc()) 778M->778M(6107M) 786.795ms
[61.846s][info][gc,metaspace] GC(76) Metaspace: 43376K(47296K)->43376K(47296K) NonClass: 33381K(35072K)->33381K(35072K) Class: 9994K(12224K)->9994K(12224K)
[61.846s][info][gc          ] GC(76) Pause Young (System.gc()) 778M->778M(6104M) 0.628ms
[62.613s][info][gc,metaspace] GC(77) Metaspace: 43376K(47296K)->43376K(47296K) NonClass: 33381K(35072K)->33381K(35072K) Class: 9994K(12224K)->9994K(12224K)
[62.613s][info][gc          ] GC(77) Pause Full (System.gc()) 778M->778M(6104M) 767.546ms
[62.614s][info][gc,metaspace] GC(78) Metaspace: 43376K(47296K)->43376K(47296K) NonClass: 33381K(35072K)->33381K(35072K) Class: 9994K(12224K)->9994K(12224K)
[62.615s][info][gc          ] GC(78) Pause Young (System.gc()) 778M->778M(6112M) 0.949ms
[63.419s][info][gc,metaspace] GC(79) Metaspace: 43376K(47296K)->43376K(47296K) NonClass: 33381K(35072K)->33381K(35072K) Class: 9994K(12224K)->9994K(12224K)
[63.419s][info][gc          ] GC(79) Pause Full (System.gc()) 778M->778M(6112M) 804.644ms
[63.420s][info][gc,metaspace] GC(80) Metaspace: 43376K(47296K)->43376K(47296K) NonClass: 33381K(35072K)->33381K(35072K) Class: 9994K(12224K)->9994K(12224K)
[63.420s][info][gc          ] GC(80) Pause Young (System.gc()) 778M->778M(6110M) 0.765ms
[64.455s][info][gc,metaspace] GC(81) Metaspace: 43376K(47296K)->43376K(47296K) NonClass: 33381K(35072K)->33381K(35072K) Class: 9994K(12224K)->9994K(12224K)
[64.455s][info][gc          ] GC(81) Pause Full (System.gc()) 778M->778M(6110M) 1035.064ms
[64.456s][info][gc,metaspace] GC(82) Metaspace: 43376K(47296K)->43376K(47296K) NonClass: 33381K(35072K)->33381K(35072K) Class: 9994K(12224K)->9994K(12224K)
[64.456s][info][gc          ] GC(82) Pause Young (System.gc()) 791M->778M(6117M) 0.608ms
[65.400s][info][gc,metaspace] GC(83) Metaspace: 43376K(47296K)->43376K(47296K) NonClass: 33381K(35072K)->33381K(35072K) Class: 9994K(12224K)->9994K(12224K)
[65.400s][info][gc          ] GC(83) Pause Full (System.gc()) 778M->778M(6117M) 944.028ms
[65.401s][info][gc,metaspace] GC(84) Metaspace: 43376K(47296K)->43376K(47296K) NonClass: 33381K(35072K)->33381K(35072K) Class: 9994K(12224K)->9994K(12224K)
[65.401s][info][gc          ] GC(84) Pause Young (System.gc()) 778M->778M(6115M) 0.813ms
[66.206s][info][gc,metaspace] GC(85) Metaspace: 43376K(47296K)->43376K(47296K) NonClass: 33381K(35072K)->33381K(35072K) Class: 9994K(12224K)->9994K(12224K)
[66.206s][info][gc          ] GC(85) Pause Full (System.gc()) 778M->778M(6115M) 805.165ms
[66.207s][info][gc,metaspace] GC(86) Metaspace: 43376K(47296K)->43376K(47296K) NonClass: 33381K(35072K)->33381K(35072K) Class: 9994K(12224K)->9994K(12224K)
[66.207s][info][gc          ] GC(86) Pause Young (System.gc()) 778M->778M(6121M) 0.524ms
[67.006s][info][gc,metaspace] GC(87) Metaspace: 43376K(47296K)->43376K(47296K) NonClass: 33381K(35072K)->33381K(35072K) Class: 9994K(12224K)->9994K(12224K)
[67.006s][info][gc          ] GC(87) Pause Full (System.gc()) 778M->778M(6121M) 798.997ms
[67.011s][info][gc,metaspace] GC(88) Metaspace: 43376K(47296K)->43376K(47296K) NonClass: 33381K(35072K)->33381K(35072K) Class: 9994K(12224K)->9994K(12224K)
[67.011s][info][gc          ] GC(88) Pause Young (System.gc()) 778M->778M(6119M) 0.506ms
[67.796s][info][gc,metaspace] GC(89) Metaspace: 43376K(47296K)->43376K(47296K) NonClass: 33381K(35072K)->33381K(35072K) Class: 9994K(12224K)->9994K(12224K)
[67.796s][info][gc          ] GC(89) Pause Full (System.gc()) 778M->778M(6119M) 785.419ms
[67.797s][info][gc,metaspace] GC(90) Metaspace: 43376K(47296K)->43376K(47296K) NonClass: 33381K(35072K)->33381K(35072K) Class: 9994K(12224K)->9994K(12224K)
[67.797s][info][gc          ] GC(90) Pause Young (System.gc()) 778M->778M(6125M) 0.898ms
[68.573s][info][gc,metaspace] GC(91) Metaspace: 43376K(47296K)->43376K(47296K) NonClass: 33381K(35072K)->33381K(35072K) Class: 9994K(12224K)->9994K(12224K)
[68.573s][info][gc          ] GC(91) Pause Full (System.gc()) 778M->778M(6125M) 776.177ms
[68.574s][info][gc,metaspace] GC(92) Metaspace: 43376K(47296K)->43376K(47296K) NonClass: 33381K(35072K)->33381K(35072K) Class: 9994K(12224K)->9994K(12224K)
[68.574s][info][gc          ] GC(92) Pause Young (System.gc()) 778M->778M(6123M) 0.759ms
[69.346s][info][gc,metaspace] GC(93) Metaspace: 43376K(47296K)->43376K(47296K) NonClass: 33381K(35072K)->33381K(35072K) Class: 9994K(12224K)->9994K(12224K)
[69.346s][info][gc          ] GC(93) Pause Full (System.gc()) 778M->778M(6123M) 771.777ms
[69.347s][info][gc,metaspace] GC(94) Metaspace: 43376K(47296K)->43376K(47296K) NonClass: 33381K(35072K)->33381K(35072K) Class: 9994K(12224K)->9994K(12224K)
[69.347s][info][gc          ] GC(94) Pause Young (System.gc()) 778M->778M(6128M) 0.916ms
[70.378s][info][gc,metaspace] GC(95) Metaspace: 43376K(47296K)->43376K(47296K) NonClass: 33381K(35072K)->33381K(35072K) Class: 9994K(12224K)->9994K(12224K)
[70.378s][info][gc          ] GC(95) Pause Full (System.gc()) 778M->778M(6128M) 1031.000ms
[70.379s][info][gc,metaspace] GC(96) Metaspace: 43376K(47296K)->43376K(47296K) NonClass: 33381K(35072K)->33381K(35072K) Class: 9994K(12224K)->9994K(12224K)
[70.379s][info][gc          ] GC(96) Pause Young (System.gc()) 778M->778M(6126M) 0.460ms
[71.380s][info][gc,metaspace] GC(97) Metaspace: 43376K(47296K)->43376K(47296K) NonClass: 33381K(35072K)->33381K(35072K) Class: 9994K(12224K)->9994K(12224K)
[71.380s][info][gc          ] GC(97) Pause Full (System.gc()) 778M->778M(6126M) 1001.244ms
[71.381s][info][gc,metaspace] GC(98) Metaspace: 43376K(47296K)->43376K(47296K) NonClass: 33381K(35072K)->33381K(35072K) Class: 9994K(12224K)->9994K(12224K)
[71.381s][info][gc          ] GC(98) Pause Young (System.gc()) 778M->778M(6130M) 0.811ms
[72.376s][info][gc,metaspace] GC(99) Metaspace: 43376K(47296K)->43376K(47296K) NonClass: 33381K(35072K)->33381K(35072K) Class: 9994K(12224K)->9994K(12224K)
[72.376s][info][gc          ] GC(99) Pause Full (System.gc()) 778M->778M(6130M) 994.794ms
[72.377s][info][gc,metaspace] GC(100) Metaspace: 43376K(47296K)->43376K(47296K) NonClass: 33381K(35072K)->33381K(35072K) Class: 9994K(12224K)->9994K(12224K)
[72.377s][info][gc          ] GC(100) Pause Young (System.gc()) 778M->778M(6129M) 0.821ms
[73.152s][info][gc,metaspace] GC(101) Metaspace: 43376K(47296K)->43376K(47296K) NonClass: 33381K(35072K)->33381K(35072K) Class: 9994K(12224K)->9994K(12224K)
[73.152s][info][gc          ] GC(101) Pause Full (System.gc()) 778M->778M(6129M) 774.933ms
[73.153s][info][gc,metaspace] GC(102) Metaspace: 43376K(47296K)->43376K(47296K) NonClass: 33381K(35072K)->33381K(35072K) Class: 9994K(12224K)->9994K(12224K)
[73.153s][info][gc          ] GC(102) Pause Young (System.gc()) 778M->778M(6132M) 0.931ms
[73.991s][info][gc,metaspace] GC(103) Metaspace: 43376K(47296K)->43376K(47296K) NonClass: 33381K(35072K)->33381K(35072K) Class: 9994K(12224K)->9994K(12224K)
[73.991s][info][gc          ] GC(103) Pause Full (System.gc()) 778M->778M(6132M) 838.152ms
[73.992s][info][gc,metaspace] GC(104) Metaspace: 43376K(47296K)->43376K(47296K) NonClass: 33381K(35072K)->33381K(35072K) Class: 9994K(12224K)->9994K(12224K)
[73.992s][info][gc          ] GC(104) Pause Young (System.gc()) 778M->778M(6131M) 0.761ms
[74.759s][info][gc,metaspace] GC(105) Metaspace: 43376K(47296K)->43376K(47296K) NonClass: 33381K(35072K)->33381K(35072K) Class: 9994K(12224K)->9994K(12224K)
[74.759s][info][gc          ] GC(105) Pause Full (System.gc()) 778M->778M(6131M) 767.231ms
[74.760s][info][gc,metaspace] GC(106) Metaspace: 43376K(47296K)->43376K(47296K) NonClass: 33381K(35072K)->33381K(35072K) Class: 9994K(12224K)->9994K(12224K)
[74.760s][info][gc          ] GC(106) Pause Young (System.gc()) 778M->778M(6134M) 0.784ms
[75.587s][info][gc,metaspace] GC(107) Metaspace: 43376K(47296K)->43376K(47296K) NonClass: 33381K(35072K)->33381K(35072K) Class: 9994K(12224K)->9994K(12224K)
[75.587s][info][gc          ] GC(107) Pause Full (System.gc()) 778M->778M(6134M) 827.515ms
[75.588s][info][gc,metaspace] GC(108) Metaspace: 43376K(47296K)->43376K(47296K) NonClass: 33381K(35072K)->33381K(35072K) Class: 9994K(12224K)->9994K(12224K)
[75.588s][info][gc          ] GC(108) Pause Young (System.gc()) 778M->778M(6133M) 0.521ms
[76.400s][info][gc,metaspace] GC(109) Metaspace: 43376K(47296K)->43376K(47296K) NonClass: 33381K(35072K)->33381K(35072K) Class: 9994K(12224K)->9994K(12224K)
[76.400s][info][gc          ] GC(109) Pause Full (System.gc()) 778M->778M(6133M) 811.744ms
[76.401s][info][gc,metaspace] GC(110) Metaspace: 43376K(47296K)->43376K(47296K) NonClass: 33381K(35072K)->33381K(35072K) Class: 9994K(12224K)->9994K(12224K)
[76.401s][info][gc          ] GC(110) Pause Young (System.gc()) 778M->778M(6136M) 0.792ms
[77.154s][info][gc,metaspace] GC(111) Metaspace: 43376K(47296K)->43376K(47296K) NonClass: 33381K(35072K)->33381K(35072K) Class: 9994K(12224K)->9994K(12224K)
[77.154s][info][gc          ] GC(111) Pause Full (System.gc()) 778M->778M(6136M) 752.820ms
[77.155s][info][gc,metaspace] GC(112) Metaspace: 43376K(47296K)->43376K(47296K) NonClass: 33381K(35072K)->33381K(35072K) Class: 9994K(12224K)->9994K(12224K)
[77.155s][info][gc          ] GC(112) Pause Young (System.gc()) 778M->778M(6135M) 0.857ms
[77.956s][info][gc,metaspace] GC(113) Metaspace: 43376K(47296K)->43376K(47296K) NonClass: 33381K(35072K)->33381K(35072K) Class: 9994K(12224K)->9994K(12224K)
[77.956s][info][gc          ] GC(113) Pause Full (System.gc()) 778M->778M(6135M) 801.674ms
[77.957s][info][gc,metaspace] GC(114) Metaspace: 43376K(47296K)->43376K(47296K) NonClass: 33381K(35072K)->33381K(35072K) Class: 9994K(12224K)->9994K(12224K)
[77.957s][info][gc          ] GC(114) Pause Young (System.gc()) 778M->778M(6137M) 0.888ms
[78.713s][info][gc,metaspace] GC(115) Metaspace: 43376K(47296K)->43376K(47296K) NonClass: 33381K(35072K)->33381K(35072K) Class: 9994K(12224K)->9994K(12224K)
[78.713s][info][gc          ] GC(115) Pause Full (System.gc()) 778M->778M(6137M) 755.562ms
[78.714s][info][gc,metaspace] GC(116) Metaspace: 43376K(47296K)->43376K(47296K) NonClass: 33381K(35072K)->33381K(35072K) Class: 9994K(12224K)->9994K(12224K)
[78.714s][info][gc          ] GC(116) Pause Young (System.gc()) 778M->778M(6136M) 0.534ms
[79.480s][info][gc,metaspace] GC(117) Metaspace: 43376K(47296K)->43376K(47296K) NonClass: 33381K(35072K)->33381K(35072K) Class: 9994K(12224K)->9994K(12224K)
[79.480s][info][gc          ] GC(117) Pause Full (System.gc()) 778M->778M(6136M) 766.882ms
[79.481s][info][gc,metaspace] GC(118) Metaspace: 43376K(47296K)->43376K(47296K) NonClass: 33381K(35072K)->33381K(35072K) Class: 9994K(12224K)->9994K(12224K)
[79.481s][info][gc          ] GC(118) Pause Young (System.gc()) 778M->778M(6138M) 0.875ms
[80.257s][info][gc,metaspace] GC(119) Metaspace: 43376K(47296K)->43376K(47296K) NonClass: 33381K(35072K)->33381K(35072K) Class: 9994K(12224K)->9994K(12224K)
[80.257s][info][gc          ] GC(119) Pause Full (System.gc()) 778M->778M(6138M) 775.894ms
[80.258s][info][gc,metaspace] GC(120) Metaspace: 43376K(47296K)->43376K(47296K) NonClass: 33381K(35072K)->33381K(35072K) Class: 9994K(12224K)->9994K(12224K)
[80.258s][info][gc          ] GC(120) Pause Young (System.gc()) 778M->778M(6138M) 0.866ms
[81.026s][info][gc,metaspace] GC(121) Metaspace: 43376K(47296K)->43376K(47296K) NonClass: 33381K(35072K)->33381K(35072K) Class: 9994K(12224K)->9994K(12224K)
[81.026s][info][gc          ] GC(121) Pause Full (System.gc()) 778M->778M(6138M) 767.775ms
[81.027s][info][gc,metaspace] GC(122) Metaspace: 43376K(47296K)->43376K(47296K) NonClass: 33381K(35072K)->33381K(35072K) Class: 9994K(12224K)->9994K(12224K)
[81.027s][info][gc          ] GC(122) Pause Young (System.gc()) 778M->778M(6139M) 0.817ms
[81.964s][info][gc,metaspace] GC(123) Metaspace: 43376K(47296K)->43376K(47296K) NonClass: 33381K(35072K)->33381K(35072K) Class: 9994K(12224K)->9994K(12224K)
[81.964s][info][gc          ] GC(123) Pause Full (System.gc()) 778M->778M(6139M) 937.181ms
[81.965s][info][gc,metaspace] GC(124) Metaspace: 43376K(47296K)->43376K(47296K) NonClass: 33381K(35072K)->33381K(35072K) Class: 9994K(12224K)->9994K(12224K)
[81.965s][info][gc          ] GC(124) Pause Young (System.gc()) 778M->778M(6139M) 0.778ms
[82.766s][info][gc,metaspace] GC(125) Metaspace: 43376K(47296K)->43376K(47296K) NonClass: 33381K(35072K)->33381K(35072K) Class: 9994K(12224K)->9994K(12224K)
[82.766s][info][gc          ] GC(125) Pause Full (System.gc()) 778M->778M(6139M) 800.702ms
[82.767s][info][gc,metaspace] GC(126) Metaspace: 43376K(47296K)->43376K(47296K) NonClass: 33381K(35072K)->33381K(35072K) Class: 9994K(12224K)->9994K(12224K)
[82.767s][info][gc          ] GC(126) Pause Young (System.gc()) 778M->778M(6140M) 0.853ms
[83.577s][info][gc,metaspace] GC(127) Metaspace: 43376K(47296K)->43376K(47296K) NonClass: 33381K(35072K)->33381K(35072K) Class: 9994K(12224K)->9994K(12224K)
[83.577s][info][gc          ] GC(127) Pause Full (System.gc()) 778M->778M(6140M) 810.434ms
[83.578s][info][gc,metaspace] GC(128) Metaspace: 43376K(47296K)->43376K(47296K) NonClass: 33381K(35072K)->33381K(35072K) Class: 9994K(12224K)->9994K(12224K)
[83.578s][info][gc          ] GC(128) Pause Young (System.gc()) 778M->778M(6139M) 0.477ms
[84.368s][info][gc,metaspace] GC(129) Metaspace: 43376K(47296K)->43376K(47296K) NonClass: 33381K(35072K)->33381K(35072K) Class: 9994K(12224K)->9994K(12224K)
[84.368s][info][gc          ] GC(129) Pause Full (System.gc()) 778M->778M(6139M) 789.857ms
[84.369s][info][gc,metaspace] GC(130) Metaspace: 43376K(47296K)->43376K(47296K) NonClass: 33381K(35072K)->33381K(35072K) Class: 9994K(12224K)->9994K(12224K)
[84.369s][info][gc          ] GC(130) Pause Young (System.gc()) 778M->778M(6140M) 0.930ms
[85.147s][info][gc,metaspace] GC(131) Metaspace: 43376K(47296K)->43376K(47296K) NonClass: 33381K(35072K)->33381K(35072K) Class: 9994K(12224K)->9994K(12224K)
[85.147s][info][gc          ] GC(131) Pause Full (System.gc()) 778M->778M(6140M) 777.834ms
[85.148s][info][gc,metaspace] GC(132) Metaspace: 43376K(47296K)->43376K(47296K) NonClass: 33381K(35072K)->33381K(35072K) Class: 9994K(12224K)->9994K(12224K)
[85.148s][info][gc          ] GC(132) Pause Young (System.gc()) 778M->778M(6140M) 0.783ms
[85.931s][info][gc,metaspace] GC(133) Metaspace: 43376K(47296K)->43376K(47296K) NonClass: 33381K(35072K)->33381K(35072K) Class: 9994K(12224K)->9994K(12224K)
[85.932s][info][gc          ] GC(133) Pause Full (System.gc()) 778M->778M(6140M) 783.664ms
[85.932s][info][gc,metaspace] GC(134) Metaspace: 43376K(47296K)->43376K(47296K) NonClass: 33381K(35072K)->33381K(35072K) Class: 9994K(12224K)->9994K(12224K)
[85.933s][info][gc          ] GC(134) Pause Young (System.gc()) 778M->778M(6141M) 0.857ms
[86.701s][info][gc,metaspace] GC(135) Metaspace: 43376K(47296K)->43376K(47296K) NonClass: 33381K(35072K)->33381K(35072K) Class: 9994K(12224K)->9994K(12224K)
[86.701s][info][gc          ] GC(135) Pause Full (System.gc()) 778M->778M(6141M) 768.646ms
[86.702s][info][gc,metaspace] GC(136) Metaspace: 43376K(47296K)->43376K(47296K) NonClass: 33381K(35072K)->33381K(35072K) Class: 9994K(12224K)->9994K(12224K)
[86.702s][info][gc          ] GC(136) Pause Young (System.gc()) 778M->778M(6141M) 0.509ms
[87.687s][info][gc,metaspace] GC(137) Metaspace: 43376K(47296K)->43376K(47296K) NonClass: 33381K(35072K)->33381K(35072K) Class: 9994K(12224K)->9994K(12224K)
[87.687s][info][gc          ] GC(137) Pause Full (System.gc()) 778M->778M(6141M) 984.707ms
[87.687s][info][gc,metaspace] GC(138) Metaspace: 43376K(47296K)->43376K(47296K) NonClass: 33381K(35072K)->33381K(35072K) Class: 9994K(12224K)->9994K(12224K)
[87.687s][info][gc          ] GC(138) Pause Young (System.gc()) 778M->778M(6141M) 0.504ms
[88.467s][info][gc,metaspace] GC(139) Metaspace: 43376K(47296K)->43376K(47296K) NonClass: 33381K(35072K)->33381K(35072K) Class: 9994K(12224K)->9994K(12224K)
[88.467s][info][gc          ] GC(139) Pause Full (System.gc()) 778M->778M(6141M) 780.077ms
[88.472s][info][gc,metaspace] GC(140) Metaspace: 43376K(47296K)->43376K(47296K) NonClass: 33381K(35072K)->33381K(35072K) Class: 9994K(12224K)->9994K(12224K)
[88.472s][info][gc          ] GC(140) Pause Young (System.gc()) 778M->778M(6141M) 0.475ms
[89.282s][info][gc,metaspace] GC(141) Metaspace: 43376K(47296K)->43376K(47296K) NonClass: 33381K(35072K)->33381K(35072K) Class: 9994K(12224K)->9994K(12224K)
[89.282s][info][gc          ] GC(141) Pause Full (System.gc()) 778M->778M(6141M) 809.832ms
[89.283s][info][gc,metaspace] GC(142) Metaspace: 43376K(47296K)->43376K(47296K) NonClass: 33381K(35072K)->33381K(35072K) Class: 9994K(12224K)->9994K(12224K)
[89.283s][info][gc          ] GC(142) Pause Young (System.gc()) 778M->778M(6142M) 0.791ms
[90.050s][info][gc,metaspace] GC(143) Metaspace: 43376K(47296K)->43376K(47296K) NonClass: 33381K(35072K)->33381K(35072K) Class: 9994K(12224K)->9994K(12224K)
[90.050s][info][gc          ] GC(143) Pause Full (System.gc()) 778M->778M(6142M) 767.531ms
[90.051s][info][gc,metaspace] GC(144) Metaspace: 43376K(47296K)->43376K(47296K) NonClass: 33381K(35072K)->33381K(35072K) Class: 9994K(12224K)->9994K(12224K)
[90.051s][info][gc          ] GC(144) Pause Young (System.gc()) 778M->778M(6142M) 0.795ms
[90.820s][info][gc,metaspace] GC(145) Metaspace: 43376K(47296K)->43376K(47296K) NonClass: 33381K(35072K)->33381K(35072K) Class: 9994K(12224K)->9994K(12224K)
[90.820s][info][gc          ] GC(145) Pause Full (System.gc()) 778M->778M(6142M) 768.154ms
[90.821s][info][gc,metaspace] GC(146) Metaspace: 43376K(47296K)->43376K(47296K) NonClass: 33381K(35072K)->33381K(35072K) Class: 9994K(12224K)->9994K(12224K)
[90.821s][info][gc          ] GC(146) Pause Young (System.gc()) 778M->778M(6142M) 0.866ms
[91.767s][info][gc,metaspace] GC(147) Metaspace: 43376K(47296K)->43376K(47296K) NonClass: 33381K(35072K)->33381K(35072K) Class: 9994K(12224K)->9994K(12224K)
[91.767s][info][gc          ] GC(147) Pause Full (System.gc()) 778M->778M(6142M) 946.646ms
[91.768s][info][gc,metaspace] GC(148) Metaspace: 43376K(47296K)->43376K(47296K) NonClass: 33381K(35072K)->33381K(35072K) Class: 9994K(12224K)->9994K(12224K)
[91.768s][info][gc          ] GC(148) Pause Young (System.gc()) 778M->778M(6142M) 0.488ms
[92.724s][info][gc,metaspace] GC(149) Metaspace: 43376K(47296K)->43376K(47296K) NonClass: 33381K(35072K)->33381K(35072K) Class: 9994K(12224K)->9994K(12224K)
[92.724s][info][gc          ] GC(149) Pause Full (System.gc()) 778M->778M(6142M) 956.568ms
[92.725s][info][gc,metaspace] GC(150) Metaspace: 43376K(47296K)->43376K(47296K) NonClass: 33381K(35072K)->33381K(35072K) Class: 9994K(12224K)->9994K(12224K)
[92.725s][info][gc          ] GC(150) Pause Young (System.gc()) 778M->778M(6142M) 0.806ms
[93.520s][info][gc,metaspace] GC(151) Metaspace: 43376K(47296K)->43376K(47296K) NonClass: 33381K(35072K)->33381K(35072K) Class: 9994K(12224K)->9994K(12224K)
[93.520s][info][gc          ] GC(151) Pause Full (System.gc()) 778M->778M(6142M) 794.444ms
[93.525s][info][gc,metaspace] GC(152) Metaspace: 43376K(47296K)->43376K(47296K) NonClass: 33381K(35072K)->33381K(35072K) Class: 9994K(12224K)->9994K(12224K)
[93.525s][info][gc          ] GC(152) Pause Young (System.gc()) 778M->778M(6142M) 0.885ms
[94.304s][info][gc,metaspace] GC(153) Metaspace: 43376K(47296K)->43376K(47296K) NonClass: 33381K(35072K)->33381K(35072K) Class: 9994K(12224K)->9994K(12224K)
[94.304s][info][gc          ] GC(153) Pause Full (System.gc()) 778M->778M(6142M) 778.355ms
[94.304s][info][gc,metaspace] GC(154) Metaspace: 43376K(47296K)->43376K(47296K) NonClass: 33381K(35072K)->33381K(35072K) Class: 9994K(12224K)->9994K(12224K)
[94.305s][info][gc          ] GC(154) Pause Young (System.gc()) 778M->778M(6142M) 0.817ms
[95.103s][info][gc,metaspace] GC(155) Metaspace: 43376K(47296K)->43376K(47296K) NonClass: 33381K(35072K)->33381K(35072K) Class: 9994K(12224K)->9994K(12224K)
[95.103s][info][gc          ] GC(155) Pause Full (System.gc()) 778M->778M(6142M) 798.384ms
[95.104s][info][gc,metaspace] GC(156) Metaspace: 43376K(47296K)->43376K(47296K) NonClass: 33381K(35072K)->33381K(35072K) Class: 9994K(12224K)->9994K(12224K)
[95.104s][info][gc          ] GC(156) Pause Young (System.gc()) 778M->778M(6142M) 0.838ms
[95.886s][info][gc,metaspace] GC(157) Metaspace: 43376K(47296K)->43376K(47296K) NonClass: 33381K(35072K)->33381K(35072K) Class: 9994K(12224K)->9994K(12224K)
[95.886s][info][gc          ] GC(157) Pause Full (System.gc()) 778M->778M(6142M) 781.895ms
[95.887s][info][gc,metaspace] GC(158) Metaspace: 43376K(47296K)->43376K(47296K) NonClass: 33381K(35072K)->33381K(35072K) Class: 9994K(12224K)->9994K(12224K)
[95.887s][info][gc          ] GC(158) Pause Young (System.gc()) 778M->778M(6143M) 0.826ms
[96.655s][info][gc,metaspace] GC(159) Metaspace: 43376K(47296K)->43376K(47296K) NonClass: 33381K(35072K)->33381K(35072K) Class: 9994K(12224K)->9994K(12224K)
[96.655s][info][gc          ] GC(159) Pause Full (System.gc()) 778M->778M(6143M) 768.351ms
[96.656s][info][gc,metaspace] GC(160) Metaspace: 43376K(47296K)->43376K(47296K) NonClass: 33381K(35072K)->33381K(35072K) Class: 9994K(12224K)->9994K(12224K)
[96.656s][info][gc          ] GC(160) Pause Young (System.gc()) 778M->778M(6143M) 0.490ms
[97.431s][info][gc,metaspace] GC(161) Metaspace: 43376K(47296K)->43376K(47296K) NonClass: 33381K(35072K)->33381K(35072K) Class: 9994K(12224K)->9994K(12224K)
[97.431s][info][gc          ] GC(161) Pause Full (System.gc()) 778M->778M(6143M) 775.427ms
[97.432s][info][gc,metaspace] GC(162) Metaspace: 43376K(47296K)->43376K(47296K) NonClass: 33381K(35072K)->33381K(35072K) Class: 9994K(12224K)->9994K(12224K)
[97.432s][info][gc          ] GC(162) Pause Young (System.gc()) 778M->778M(6143M) 0.573ms
[98.229s][info][gc,metaspace] GC(163) Metaspace: 43376K(47296K)->43376K(47296K) NonClass: 33381K(35072K)->33381K(35072K) Class: 9994K(12224K)->9994K(12224K)
[98.229s][info][gc          ] GC(163) Pause Full (System.gc()) 778M->778M(6143M) 796.872ms
[98.230s][info][gc,metaspace] GC(164) Metaspace: 43376K(47296K)->43376K(47296K) NonClass: 33381K(35072K)->33381K(35072K) Class: 9994K(12224K)->9994K(12224K)
[98.230s][info][gc          ] GC(164) Pause Young (System.gc()) 778M->778M(6143M) 0.775ms
[99.014s][info][gc,metaspace] GC(165) Metaspace: 43376K(47296K)->43376K(47296K) NonClass: 33381K(35072K)->33381K(35072K) Class: 9994K(12224K)->9994K(12224K)
[99.014s][info][gc          ] GC(165) Pause Full (System.gc()) 778M->778M(6143M) 783.943ms
[99.015s][info][gc,metaspace] GC(166) Metaspace: 43376K(47296K)->43376K(47296K) NonClass: 33381K(35072K)->33381K(35072K) Class: 9994K(12224K)->9994K(12224K)
[99.015s][info][gc          ] GC(166) Pause Young (System.gc()) 778M->778M(6143M) 0.820ms
[99.807s][info][gc,metaspace] GC(167) Metaspace: 43376K(47296K)->43376K(47296K) NonClass: 33381K(35072K)->33381K(35072K) Class: 9994K(12224K)->9994K(12224K)
[99.807s][info][gc          ] GC(167) Pause Full (System.gc()) 778M->778M(6143M) 792.373ms
[99.808s][info][gc,metaspace] GC(168) Metaspace: 43376K(47296K)->43376K(47296K) NonClass: 33381K(35072K)->33381K(35072K) Class: 9994K(12224K)->9994K(12224K)
[99.808s][info][gc          ] GC(168) Pause Young (System.gc()) 778M->778M(6143M) 0.795ms
[100.694s][info][gc,metaspace] GC(169) Metaspace: 43376K(47296K)->43376K(47296K) NonClass: 33381K(35072K)->33381K(35072K) Class: 9994K(12224K)->9994K(12224K)
[100.694s][info][gc          ] GC(169) Pause Full (System.gc()) 778M->778M(6143M) 886.168ms
[100.695s][info][gc,metaspace] GC(170) Metaspace: 43376K(47296K)->43376K(47296K) NonClass: 33381K(35072K)->33381K(35072K) Class: 9994K(12224K)->9994K(12224K)
[100.695s][info][gc          ] GC(170) Pause Young (System.gc()) 778M->778M(6143M) 0.776ms
[101.467s][info][gc,metaspace] GC(171) Metaspace: 43376K(47296K)->43376K(47296K) NonClass: 33381K(35072K)->33381K(35072K) Class: 9994K(12224K)->9994K(12224K)
[101.467s][info][gc          ] GC(171) Pause Full (System.gc()) 778M->778M(6143M) 771.577ms
[101.468s][info][gc,metaspace] GC(172) Metaspace: 43376K(47296K)->43376K(47296K) NonClass: 33381K(35072K)->33381K(35072K) Class: 9994K(12224K)->9994K(12224K)
[101.468s][info][gc          ] GC(172) Pause Young (System.gc()) 778M->778M(6143M) 0.907ms
[102.225s][info][gc,metaspace] GC(173) Metaspace: 43376K(47296K)->43376K(47296K) NonClass: 33381K(35072K)->33381K(35072K) Class: 9994K(12224K)->9994K(12224K)
[102.225s][info][gc          ] GC(173) Pause Full (System.gc()) 778M->778M(6143M) 757.002ms
[102.225s][info][gc,metaspace] GC(174) Metaspace: 43376K(47296K)->43376K(47296K) NonClass: 33381K(35072K)->33381K(35072K) Class: 9994K(12224K)->9994K(12224K)
[102.225s][info][gc          ] GC(174) Pause Young (System.gc()) 778M->778M(6143M) 0.540ms
[103.020s][info][gc,metaspace] GC(175) Metaspace: 43376K(47296K)->43376K(47296K) NonClass: 33381K(35072K)->33381K(35072K) Class: 9994K(12224K)->9994K(12224K)
[103.020s][info][gc          ] GC(175) Pause Full (System.gc()) 778M->778M(6143M) 795.126ms
[103.021s][info][gc,metaspace] GC(176) Metaspace: 43376K(47296K)->43376K(47296K) NonClass: 33381K(35072K)->33381K(35072K) Class: 9994K(12224K)->9994K(12224K)
[103.021s][info][gc          ] GC(176) Pause Young (System.gc()) 778M->778M(6143M) 0.831ms
[103.802s][info][gc,metaspace] GC(177) Metaspace: 43376K(47296K)->43376K(47296K) NonClass: 33381K(35072K)->33381K(35072K) Class: 9994K(12224K)->9994K(12224K)
[103.802s][info][gc          ] GC(177) Pause Full (System.gc()) 778M->778M(6143M) 780.904ms
[103.803s][info][gc,metaspace] GC(178) Metaspace: 43376K(47296K)->43376K(47296K) NonClass: 33381K(35072K)->33381K(35072K) Class: 9994K(12224K)->9994K(12224K)
[103.803s][info][gc          ] GC(178) Pause Young (System.gc()) 778M->778M(6143M) 0.470ms
[104.594s][info][gc,metaspace] GC(179) Metaspace: 43376K(47296K)->43376K(47296K) NonClass: 33381K(35072K)->33381K(35072K) Class: 9994K(12224K)->9994K(12224K)
[104.594s][info][gc          ] GC(179) Pause Full (System.gc()) 778M->778M(6143M) 791.216ms
[104.599s][info][gc,metaspace] GC(180) Metaspace: 43376K(47296K)->43376K(47296K) NonClass: 33381K(35072K)->33381K(35072K) Class: 9994K(12224K)->9994K(12224K)
[104.599s][info][gc          ] GC(180) Pause Young (System.gc()) 778M->778M(6143M) 0.479ms
[105.357s][info][gc,metaspace] GC(181) Metaspace: 43376K(47296K)->43376K(47296K) NonClass: 33381K(35072K)->33381K(35072K) Class: 9994K(12224K)->9994K(12224K)
[105.357s][info][gc          ] GC(181) Pause Full (System.gc()) 778M->778M(6143M) 758.109ms
[105.358s][info][gc,metaspace] GC(182) Metaspace: 43376K(47296K)->43376K(47296K) NonClass: 33381K(35072K)->33381K(35072K) Class: 9994K(12224K)->9994K(12224K)
[105.358s][info][gc          ] GC(182) Pause Young (System.gc()) 778M->778M(6143M) 0.793ms
[106.152s][info][gc,metaspace] GC(183) Metaspace: 43376K(47296K)->43376K(47296K) NonClass: 33381K(35072K)->33381K(35072K) Class: 9994K(12224K)->9994K(12224K)
[106.152s][info][gc          ] GC(183) Pause Full (System.gc()) 778M->778M(6143M) 793.701ms
[106.152s][info][gc,metaspace] GC(184) Metaspace: 43376K(47296K)->43376K(47296K) NonClass: 33381K(35072K)->33381K(35072K) Class: 9994K(12224K)->9994K(12224K)
[106.152s][info][gc          ] GC(184) Pause Young (System.gc()) 778M->778M(6143M) 0.488ms
[106.900s][info][gc,metaspace] GC(185) Metaspace: 43376K(47296K)->43376K(47296K) NonClass: 33381K(35072K)->33381K(35072K) Class: 9994K(12224K)->9994K(12224K)
[106.900s][info][gc          ] GC(185) Pause Full (System.gc()) 778M->778M(6143M) 747.488ms
[106.901s][info][gc,metaspace] GC(186) Metaspace: 43376K(47296K)->43376K(47296K) NonClass: 33381K(35072K)->33381K(35072K) Class: 9994K(12224K)->9994K(12224K)
[106.901s][info][gc          ] GC(186) Pause Young (System.gc()) 778M->778M(6143M) 0.774ms
[107.722s][info][gc,metaspace] GC(187) Metaspace: 43376K(47296K)->43376K(47296K) NonClass: 33381K(35072K)->33381K(35072K) Class: 9994K(12224K)->9994K(12224K)
[107.722s][info][gc          ] GC(187) Pause Full (System.gc()) 778M->778M(6143M) 821.095ms
[107.723s][info][gc,metaspace] GC(188) Metaspace: 43376K(47296K)->43376K(47296K) NonClass: 33381K(35072K)->33381K(35072K) Class: 9994K(12224K)->9994K(12224K)
[107.723s][info][gc          ] GC(188) Pause Young (System.gc()) 778M->778M(6143M) 0.757ms
[108.514s][info][gc,metaspace] GC(189) Metaspace: 43376K(47296K)->43376K(47296K) NonClass: 33381K(35072K)->33381K(35072K) Class: 9994K(12224K)->9994K(12224K)
[108.514s][info][gc          ] GC(189) Pause Full (System.gc()) 778M->778M(6143M) 791.621ms
[108.515s][info][gc,metaspace] GC(190) Metaspace: 43376K(47296K)->43376K(47296K) NonClass: 33381K(35072K)->33381K(35072K) Class: 9994K(12224K)->9994K(12224K)
[108.515s][info][gc          ] GC(190) Pause Young (System.gc()) 778M->778M(6143M) 0.823ms
[109.338s][info][gc,metaspace] GC(191) Metaspace: 43376K(47296K)->43376K(47296K) NonClass: 33381K(35072K)->33381K(35072K) Class: 9994K(12224K)->9994K(12224K)
[109.338s][info][gc          ] GC(191) Pause Full (System.gc()) 778M->778M(6143M) 822.747ms
[109.339s][info][gc,metaspace] GC(192) Metaspace: 43376K(47296K)->43376K(47296K) NonClass: 33381K(35072K)->33381K(35072K) Class: 9994K(12224K)->9994K(12224K)
[109.339s][info][gc          ] GC(192) Pause Young (System.gc()) 778M->778M(6143M) 0.757ms
[110.298s][info][gc,metaspace] GC(193) Metaspace: 43376K(47296K)->43376K(47296K) NonClass: 33381K(35072K)->33381K(35072K) Class: 9994K(12224K)->9994K(12224K)
[110.298s][info][gc          ] GC(193) Pause Full (System.gc()) 778M->778M(6143M) 959.465ms
[110.303s][info][gc,metaspace] GC(194) Metaspace: 43376K(47296K)->43376K(47296K) NonClass: 33381K(35072K)->33381K(35072K) Class: 9994K(12224K)->9994K(12224K)
[110.303s][info][gc          ] GC(194) Pause Young (System.gc()) 778M->778M(6143M) 0.527ms
[111.148s][info][gc,metaspace] GC(195) Metaspace: 43376K(47296K)->43376K(47296K) NonClass: 33381K(35072K)->33381K(35072K) Class: 9994K(12224K)->9994K(12224K)
[111.148s][info][gc          ] GC(195) Pause Full (System.gc()) 778M->778M(6143M) 844.578ms
[111.149s][info][gc,metaspace] GC(196) Metaspace: 43376K(47296K)->43376K(47296K) NonClass: 33381K(35072K)->33381K(35072K) Class: 9994K(12224K)->9994K(12224K)
[111.149s][info][gc          ] GC(196) Pause Young (System.gc()) 778M->778M(6143M) 0.475ms
[111.982s][info][gc,metaspace] GC(197) Metaspace: 43376K(47296K)->43376K(47296K) NonClass: 33381K(35072K)->33381K(35072K) Class: 9994K(12224K)->9994K(12224K)
[111.982s][info][gc          ] GC(197) Pause Full (System.gc()) 778M->778M(6143M) 833.534ms
[111.983s][info][gc,metaspace] GC(198) Metaspace: 43376K(47296K)->43376K(47296K) NonClass: 33381K(35072K)->33381K(35072K) Class: 9994K(12224K)->9994K(12224K)
[111.983s][info][gc          ] GC(198) Pause Young (System.gc()) 778M->778M(6143M) 0.883ms
[112.791s][info][gc,metaspace] GC(199) Metaspace: 43376K(47296K)->43376K(47296K) NonClass: 33381K(35072K)->33381K(35072K) Class: 9994K(12224K)->9994K(12224K)
[112.791s][info][gc          ] GC(199) Pause Full (System.gc()) 778M->778M(6143M) 807.708ms
[112.792s][info][gc,metaspace] GC(200) Metaspace: 43376K(47296K)->43376K(47296K) NonClass: 33381K(35072K)->33381K(35072K) Class: 9994K(12224K)->9994K(12224K)
[112.792s][info][gc          ] GC(200) Pause Young (System.gc()) 778M->778M(6143M) 0.849ms
[113.578s][info][gc,metaspace] GC(201) Metaspace: 43376K(47296K)->43376K(47296K) NonClass: 33381K(35072K)->33381K(35072K) Class: 9994K(12224K)->9994K(12224K)
[113.578s][info][gc          ] GC(201) Pause Full (System.gc()) 778M->778M(6143M) 786.277ms
[113.579s][info][gc,metaspace] GC(202) Metaspace: 43376K(47296K)->43376K(47296K) NonClass: 33381K(35072K)->33381K(35072K) Class: 9994K(12224K)->9994K(12224K)
[113.579s][info][gc          ] GC(202) Pause Young (System.gc()) 778M->778M(6143M) 0.466ms
[114.378s][info][gc,metaspace] GC(203) Metaspace: 43376K(47296K)->43376K(47296K) NonClass: 33381K(35072K)->33381K(35072K) Class: 9994K(12224K)->9994K(12224K)
[114.378s][info][gc          ] GC(203) Pause Full (System.gc()) 778M->778M(6143M) 799.173ms
[114.379s][info][gc,metaspace] GC(204) Metaspace: 43376K(47296K)->43376K(47296K) NonClass: 33381K(35072K)->33381K(35072K) Class: 9994K(12224K)->9994K(12224K)
[114.379s][info][gc          ] GC(204) Pause Young (System.gc()) 778M->778M(6143M) 0.838ms
[115.138s][info][gc,metaspace] GC(205) Metaspace: 43376K(47296K)->43376K(47296K) NonClass: 33381K(35072K)->33381K(35072K) Class: 9994K(12224K)->9994K(12224K)
[115.138s][info][gc          ] GC(205) Pause Full (System.gc()) 778M->778M(6143M) 759.391ms
[115.139s][info][gc,metaspace] GC(206) Metaspace: 43376K(47296K)->43376K(47296K) NonClass: 33381K(35072K)->33381K(35072K) Class: 9994K(12224K)->9994K(12224K)
[115.139s][info][gc          ] GC(206) Pause Young (System.gc()) 778M->778M(6143M) 0.833ms
[115.976s][info][gc,metaspace] GC(207) Metaspace: 43376K(47296K)->43376K(47296K) NonClass: 33381K(35072K)->33381K(35072K) Class: 9994K(12224K)->9994K(12224K)
[115.976s][info][gc          ] GC(207) Pause Full (System.gc()) 778M->778M(6143M) 837.236ms
[115.977s][info][gc,metaspace] GC(208) Metaspace: 43376K(47296K)->43376K(47296K) NonClass: 33381K(35072K)->33381K(35072K) Class: 9994K(12224K)->9994K(12224K)
[115.977s][info][gc          ] GC(208) Pause Young (System.gc()) 778M->778M(6143M) 0.816ms
[116.761s][info][gc,metaspace] GC(209) Metaspace: 43376K(47296K)->43376K(47296K) NonClass: 33381K(35072K)->33381K(35072K) Class: 9994K(12224K)->9994K(12224K)
[116.761s][info][gc          ] GC(209) Pause Full (System.gc()) 778M->778M(6143M) 783.190ms
After GCs... 
