Done; will start GCs... 
[31.263s][info][gc,metaspace] GC(10) Metaspace: 42845K(46720K)->42845K(46720K) NonClass: 36017K(37696K)->36017K(37696K) Class: 6828K(9024K)->6828K(9024K)
[31.263s][info][gc          ] GC(10) Pause Young (System.gc()) 909M->778M(5569M) 1569.108ms
[33.616s][info][gc,metaspace] GC(11) Metaspace: 42845K(46720K)->42845K(46720K) NonClass: 36017K(37696K)->36017K(37696K) Class: 6828K(9024K)->6828K(9024K)
[33.616s][info][gc          ] GC(11) Pause Full (System.gc()) 778M->778M(5569M) 2353.366ms
[33.618s][info][gc,metaspace] GC(12) Metaspace: 42845K(46720K)->42845K(46720K) NonClass: 36017K(37696K)->36017K(37696K) Class: 6828K(9024K)->6828K(9024K)
[33.618s][info][gc          ] GC(12) Pause Young (System.gc()) 778M->778M(5852M) 1.298ms
[34.490s][info][gc,metaspace] GC(13) Metaspace: 42845K(46720K)->42845K(46720K) NonClass: 36017K(37696K)->36017K(37696K) Class: 6828K(9024K)->6828K(9024K)
[34.490s][info][gc          ] GC(13) Pause Full (System.gc()) 778M->778M(5852M) 871.983ms
[34.491s][info][gc,metaspace] GC(14) Metaspace: 42845K(46720K)->42845K(46720K) NonClass: 36017K(37696K)->36017K(37696K) Class: 6828K(9024K)->6828K(9024K)
[34.491s][info][gc          ] GC(14) Pause Young (System.gc()) 778M->778M(5868M) 0.577ms
[35.444s][info][gc,metaspace] GC(15) Metaspace: 42845K(46720K)->42845K(46720K) NonClass: 36017K(37696K)->36017K(37696K) Class: 6828K(9024K)->6828K(9024K)
[35.444s][info][gc          ] GC(15) Pause Full (System.gc()) 778M->778M(5868M) 952.932ms
[35.445s][info][gc,metaspace] GC(16) Metaspace: 42846K(46720K)->42846K(46720K) NonClass: 36018K(37696K)->36018K(37696K) Class: 6828K(9024K)->6828K(9024K)
[35.445s][info][gc          ] GC(16) Pause Young (System.gc()) 778M->778M(5860M) 0.972ms
[36.381s][info][gc,metaspace] GC(17) Metaspace: 42846K(46720K)->42846K(46720K) NonClass: 36018K(37696K)->36018K(37696K) Class: 6828K(9024K)->6828K(9024K)
[36.381s][info][gc          ] GC(17) Pause Full (System.gc()) 778M->778M(5860M) 935.834ms
[36.381s][info][gc,metaspace] GC(18) Metaspace: 42846K(46720K)->42846K(46720K) NonClass: 36018K(37696K)->36018K(37696K) Class: 6828K(9024K)->6828K(9024K)
[36.381s][info][gc          ] GC(18) Pause Young (System.gc()) 778M->778M(5889M) 0.591ms
[37.337s][info][gc,metaspace] GC(19) Metaspace: 42846K(46720K)->42846K(46720K) NonClass: 36018K(37696K)->36018K(37696K) Class: 6828K(9024K)->6828K(9024K)
[37.337s][info][gc          ] GC(19) Pause Full (System.gc()) 778M->778M(5889M) 955.862ms
[37.338s][info][gc,metaspace] GC(20) Metaspace: 42846K(46720K)->42846K(46720K) NonClass: 36018K(37696K)->36018K(37696K) Class: 6828K(9024K)->6828K(9024K)
[37.338s][info][gc          ] GC(20) Pause Young (System.gc()) 778M->778M(5878M) 0.799ms
[38.311s][info][gc,metaspace] GC(21) Metaspace: 42846K(46720K)->42846K(46720K) NonClass: 36018K(37696K)->36018K(37696K) Class: 6828K(9024K)->6828K(9024K)
[38.311s][info][gc          ] GC(21) Pause Full (System.gc()) 778M->778M(5878M) 972.430ms
[38.312s][info][gc,metaspace] GC(22) Metaspace: 42846K(46720K)->42846K(46720K) NonClass: 36018K(37696K)->36018K(37696K) Class: 6828K(9024K)->6828K(9024K)
[38.312s][info][gc          ] GC(22) Pause Young (System.gc()) 778M->778M(5911M) 0.988ms
[39.237s][info][gc,metaspace] GC(23) Metaspace: 42846K(46720K)->42846K(46720K) NonClass: 36018K(37696K)->36018K(37696K) Class: 6828K(9024K)->6828K(9024K)
[39.237s][info][gc          ] GC(23) Pause Full (System.gc()) 778M->778M(5911M) 925.331ms
[39.238s][info][gc,metaspace] GC(24) Metaspace: 42846K(46720K)->42846K(46720K) NonClass: 36018K(37696K)->36018K(37696K) Class: 6828K(9024K)->6828K(9024K)
[39.238s][info][gc          ] GC(24) Pause Young (System.gc()) 778M->778M(5900M) 0.892ms
[40.182s][info][gc,metaspace] GC(25) Metaspace: 42846K(46720K)->42846K(46720K) NonClass: 36018K(37696K)->36018K(37696K) Class: 6828K(9024K)->6828K(9024K)
[40.183s][info][gc          ] GC(25) Pause Full (System.gc()) 778M->778M(5900M) 944.137ms
[40.184s][info][gc,metaspace] GC(26) Metaspace: 42846K(46720K)->42846K(46720K) NonClass: 36018K(37696K)->36018K(37696K) Class: 6828K(9024K)->6828K(9024K)
[40.184s][info][gc          ] GC(26) Pause Young (System.gc()) 778M->778M(5934M) 0.967ms
[40.934s][info][gc,metaspace] GC(27) Metaspace: 42846K(46720K)->42846K(46720K) NonClass: 36018K(37696K)->36018K(37696K) Class: 6828K(9024K)->6828K(9024K)
[40.934s][info][gc          ] GC(27) Pause Full (System.gc()) 778M->778M(5934M) 750.282ms
[40.935s][info][gc,metaspace] GC(28) Metaspace: 42846K(46720K)->42846K(46720K) NonClass: 36018K(37696K)->36018K(37696K) Class: 6828K(9024K)->6828K(9024K)
[40.935s][info][gc          ] GC(28) Pause Young (System.gc()) 778M->778M(5923M) 0.878ms
[41.850s][info][gc,metaspace] GC(29) Metaspace: 42846K(46720K)->42846K(46720K) NonClass: 36018K(37696K)->36018K(37696K) Class: 6828K(9024K)->6828K(9024K)
[41.850s][info][gc          ] GC(29) Pause Full (System.gc()) 778M->778M(5923M) 914.375ms
[41.851s][info][gc,metaspace] GC(30) Metaspace: 42846K(46720K)->42846K(46720K) NonClass: 36018K(37696K)->36018K(37696K) Class: 6828K(9024K)->6828K(9024K)
[41.851s][info][gc          ] GC(30) Pause Young (System.gc()) 778M->778M(5957M) 0.919ms
[42.773s][info][gc,metaspace] GC(31) Metaspace: 42846K(46720K)->42846K(46720K) NonClass: 36018K(37696K)->36018K(37696K) Class: 6828K(9024K)->6828K(9024K)
[42.773s][info][gc          ] GC(31) Pause Full (System.gc()) 778M->778M(5957M) 921.943ms
[42.774s][info][gc,metaspace] GC(32) Metaspace: 42846K(46720K)->42846K(46720K) NonClass: 36018K(37696K)->36018K(37696K) Class: 6828K(9024K)->6828K(9024K)
[42.774s][info][gc          ] GC(32) Pause Young (System.gc()) 778M->778M(5946M) 0.741ms
[43.749s][info][gc,metaspace] GC(33) Metaspace: 42846K(46720K)->42846K(46720K) NonClass: 36018K(37696K)->36018K(37696K) Class: 6828K(9024K)->6828K(9024K)
[43.749s][info][gc          ] GC(33) Pause Full (System.gc()) 778M->778M(5946M) 975.362ms
[43.750s][info][gc,metaspace] GC(34) Metaspace: 42846K(46720K)->42846K(46720K) NonClass: 36018K(37696K)->36018K(37696K) Class: 6828K(9024K)->6828K(9024K)
[43.750s][info][gc          ] GC(34) Pause Young (System.gc()) 778M->778M(5979M) 0.912ms
[44.704s][info][gc,metaspace] GC(35) Metaspace: 42846K(46720K)->42846K(46720K) NonClass: 36018K(37696K)->36018K(37696K) Class: 6828K(9024K)->6828K(9024K)
[44.704s][info][gc          ] GC(35) Pause Full (System.gc()) 778M->778M(5979M) 953.583ms
[44.704s][info][gc,metaspace] GC(36) Metaspace: 42846K(46720K)->42846K(46720K) NonClass: 36018K(37696K)->36018K(37696K) Class: 6828K(9024K)->6828K(9024K)
[44.704s][info][gc          ] GC(36) Pause Young (System.gc()) 778M->778M(5968M) 0.492ms
[45.631s][info][gc,metaspace] GC(37) Metaspace: 42846K(46720K)->42846K(46720K) NonClass: 36018K(37696K)->36018K(37696K) Class: 6828K(9024K)->6828K(9024K)
[45.631s][info][gc          ] GC(37) Pause Full (System.gc()) 778M->778M(5968M) 926.984ms
[45.632s][info][gc,metaspace] GC(38) Metaspace: 42846K(46720K)->42846K(46720K) NonClass: 36018K(37696K)->36018K(37696K) Class: 6828K(9024K)->6828K(9024K)
[45.632s][info][gc          ] GC(38) Pause Young (System.gc()) 778M->778M(5999M) 0.863ms
[46.592s][info][gc,metaspace] GC(39) Metaspace: 42846K(46720K)->42846K(46720K) NonClass: 36018K(37696K)->36018K(37696K) Class: 6828K(9024K)->6828K(9024K)
[46.592s][info][gc          ] GC(39) Pause Full (System.gc()) 778M->778M(5999M) 959.619ms
[46.593s][info][gc,metaspace] GC(40) Metaspace: 42846K(46720K)->42846K(46720K) NonClass: 36018K(37696K)->36018K(37696K) Class: 6828K(9024K)->6828K(9024K)
[46.593s][info][gc          ] GC(40) Pause Young (System.gc()) 778M->778M(5989M) 0.816ms
[47.530s][info][gc,metaspace] GC(41) Metaspace: 42846K(46720K)->42846K(46720K) NonClass: 36018K(37696K)->36018K(37696K) Class: 6828K(9024K)->6828K(9024K)
[47.530s][info][gc          ] GC(41) Pause Full (System.gc()) 778M->778M(5989M) 937.087ms
[47.531s][info][gc,metaspace] GC(42) Metaspace: 42846K(46720K)->42846K(46720K) NonClass: 36018K(37696K)->36018K(37696K) Class: 6828K(9024K)->6828K(9024K)
[47.531s][info][gc          ] GC(42) Pause Young (System.gc()) 778M->778M(6017M) 0.969ms
[48.476s][info][gc,metaspace] GC(43) Metaspace: 42846K(46720K)->42846K(46720K) NonClass: 36018K(37696K)->36018K(37696K) Class: 6828K(9024K)->6828K(9024K)
[48.476s][info][gc          ] GC(43) Pause Full (System.gc()) 778M->778M(6017M) 944.656ms
[48.477s][info][gc,metaspace] GC(44) Metaspace: 42846K(46720K)->42846K(46720K) NonClass: 36018K(37696K)->36018K(37696K) Class: 6828K(9024K)->6828K(9024K)
[48.477s][info][gc          ] GC(44) Pause Young (System.gc()) 778M->778M(6008M) 0.812ms
[49.418s][info][gc,metaspace] GC(45) Metaspace: 42846K(46720K)->42846K(46720K) NonClass: 36018K(37696K)->36018K(37696K) Class: 6828K(9024K)->6828K(9024K)
[49.418s][info][gc          ] GC(45) Pause Full (System.gc()) 778M->778M(6008M) 941.053ms
[49.419s][info][gc,metaspace] GC(46) Metaspace: 42846K(46720K)->42846K(46720K) NonClass: 36018K(37696K)->36018K(37696K) Class: 6828K(9024K)->6828K(9024K)
[49.419s][info][gc          ] GC(46) Pause Young (System.gc()) 778M->778M(6034M) 0.923ms
[50.347s][info][gc,metaspace] GC(47) Metaspace: 42846K(46720K)->42846K(46720K) NonClass: 36018K(37696K)->36018K(37696K) Class: 6828K(9024K)->6828K(9024K)
[50.347s][info][gc          ] GC(47) Pause Full (System.gc()) 778M->778M(6034M) 928.050ms
[50.348s][info][gc,metaspace] GC(48) Metaspace: 42846K(46720K)->42846K(46720K) NonClass: 36018K(37696K)->36018K(37696K) Class: 6828K(9024K)->6828K(9024K)
[50.348s][info][gc          ] GC(48) Pause Young (System.gc()) 778M->778M(6026M) 0.823ms
[51.222s][info][gc,metaspace] GC(49) Metaspace: 42846K(46720K)->42846K(46720K) NonClass: 36018K(37696K)->36018K(37696K) Class: 6828K(9024K)->6828K(9024K)
[51.222s][info][gc          ] GC(49) Pause Full (System.gc()) 778M->778M(6026M) 874.103ms
[51.223s][info][gc,metaspace] GC(50) Metaspace: 42846K(46720K)->42846K(46720K) NonClass: 36018K(37696K)->36018K(37696K) Class: 6828K(9024K)->6828K(9024K)
[51.223s][info][gc          ] GC(50) Pause Young (System.gc()) 778M->778M(6049M) 0.559ms
[52.156s][info][gc,metaspace] GC(51) Metaspace: 42846K(46720K)->42846K(46720K) NonClass: 36018K(37696K)->36018K(37696K) Class: 6828K(9024K)->6828K(9024K)
[52.156s][info][gc          ] GC(51) Pause Full (System.gc()) 778M->778M(6049M) 933.064ms
[52.161s][info][gc,metaspace] GC(52) Metaspace: 42846K(46720K)->42846K(46720K) NonClass: 36018K(37696K)->36018K(37696K) Class: 6828K(9024K)->6828K(9024K)
[52.161s][info][gc          ] GC(52) Pause Young (System.gc()) 778M->778M(6042M) 0.467ms
[53.072s][info][gc,metaspace] GC(53) Metaspace: 42846K(46720K)->42846K(46720K) NonClass: 36018K(37696K)->36018K(37696K) Class: 6828K(9024K)->6828K(9024K)
[53.072s][info][gc          ] GC(53) Pause Full (System.gc()) 778M->778M(6042M) 911.038ms
[53.073s][info][gc,metaspace] GC(54) Metaspace: 42846K(46720K)->42846K(46720K) NonClass: 36018K(37696K)->36018K(37696K) Class: 6828K(9024K)->6828K(9024K)
[53.073s][info][gc          ] GC(54) Pause Young (System.gc()) 778M->778M(6062M) 0.843ms
[53.992s][info][gc,metaspace] GC(55) Metaspace: 42846K(46720K)->42846K(46720K) NonClass: 36018K(37696K)->36018K(37696K) Class: 6828K(9024K)->6828K(9024K)
[53.992s][info][gc          ] GC(55) Pause Full (System.gc()) 778M->778M(6062M) 919.003ms
[53.993s][info][gc,metaspace] GC(56) Metaspace: 42846K(46720K)->42846K(46720K) NonClass: 36018K(37696K)->36018K(37696K) Class: 6828K(9024K)->6828K(9024K)
[53.993s][info][gc          ] GC(56) Pause Young (System.gc()) 778M->778M(6056M) 0.501ms
[54.833s][info][gc,metaspace] GC(57) Metaspace: 42846K(46720K)->42846K(46720K) NonClass: 36018K(37696K)->36018K(37696K) Class: 6828K(9024K)->6828K(9024K)
[54.833s][info][gc          ] GC(57) Pause Full (System.gc()) 778M->778M(6056M) 840.039ms
[54.834s][info][gc,metaspace] GC(58) Metaspace: 42846K(46720K)->42846K(46720K) NonClass: 36018K(37696K)->36018K(37696K) Class: 6828K(9024K)->6828K(9024K)
[54.834s][info][gc          ] GC(58) Pause Young (System.gc()) 778M->778M(6074M) 0.834ms
[55.787s][info][gc,metaspace] GC(59) Metaspace: 42846K(46720K)->42846K(46720K) NonClass: 36018K(37696K)->36018K(37696K) Class: 6828K(9024K)->6828K(9024K)
[55.787s][info][gc          ] GC(59) Pause Full (System.gc()) 778M->778M(6074M) 953.150ms
[55.788s][info][gc,metaspace] GC(60) Metaspace: 42846K(46720K)->42846K(46720K) NonClass: 36018K(37696K)->36018K(37696K) Class: 6828K(9024K)->6828K(9024K)
[55.788s][info][gc          ] GC(60) Pause Young (System.gc()) 778M->778M(6068M) 0.867ms
[56.705s][info][gc,metaspace] GC(61) Metaspace: 42846K(46720K)->42846K(46720K) NonClass: 36018K(37696K)->36018K(37696K) Class: 6828K(9024K)->6828K(9024K)
[56.705s][info][gc          ] GC(61) Pause Full (System.gc()) 778M->778M(6068M) 917.043ms
[56.706s][info][gc,metaspace] GC(62) Metaspace: 42846K(46720K)->42846K(46720K) NonClass: 36018K(37696K)->36018K(37696K) Class: 6828K(9024K)->6828K(9024K)
[56.706s][info][gc          ] GC(62) Pause Young (System.gc()) 778M->778M(6084M) 0.826ms
[57.684s][info][gc,metaspace] GC(63) Metaspace: 42846K(46720K)->42846K(46720K) NonClass: 36018K(37696K)->36018K(37696K) Class: 6828K(9024K)->6828K(9024K)
[57.684s][info][gc          ] GC(63) Pause Full (System.gc()) 778M->778M(6084M) 978.322ms
[57.685s][info][gc,metaspace] GC(64) Metaspace: 42846K(46720K)->42846K(46720K) NonClass: 36018K(37696K)->36018K(37696K) Class: 6828K(9024K)->6828K(9024K)
[57.685s][info][gc          ] GC(64) Pause Young (System.gc()) 778M->778M(6079M) 0.828ms
[58.635s][info][gc,metaspace] GC(65) Metaspace: 42846K(46720K)->42846K(46720K) NonClass: 36018K(37696K)->36018K(37696K) Class: 6828K(9024K)->6828K(9024K)
[58.635s][info][gc          ] GC(65) Pause Full (System.gc()) 778M->778M(6079M) 950.362ms
[58.637s][info][gc,metaspace] GC(66) Metaspace: 42846K(46720K)->42846K(46720K) NonClass: 36018K(37696K)->36018K(37696K) Class: 6828K(9024K)->6828K(9024K)
[58.637s][info][gc          ] GC(66) Pause Young (System.gc()) 778M->778M(6093M) 0.933ms
[59.603s][info][gc,metaspace] GC(67) Metaspace: 42846K(46720K)->42846K(46720K) NonClass: 36018K(37696K)->36018K(37696K) Class: 6828K(9024K)->6828K(9024K)
[59.603s][info][gc          ] GC(67) Pause Full (System.gc()) 778M->778M(6093M) 966.297ms
[59.604s][info][gc,metaspace] GC(68) Metaspace: 42846K(46720K)->42846K(46720K) NonClass: 36018K(37696K)->36018K(37696K) Class: 6828K(9024K)->6828K(9024K)
[59.604s][info][gc          ] GC(68) Pause Young (System.gc()) 778M->778M(6088M) 0.913ms
[60.509s][info][gc,metaspace] GC(69) Metaspace: 42846K(46720K)->42846K(46720K) NonClass: 36018K(37696K)->36018K(37696K) Class: 6828K(9024K)->6828K(9024K)
[60.509s][info][gc          ] GC(69) Pause Full (System.gc()) 778M->778M(6088M) 905.190ms
[60.510s][info][gc,metaspace] GC(70) Metaspace: 42846K(46720K)->42846K(46720K) NonClass: 36018K(37696K)->36018K(37696K) Class: 6828K(9024K)->6828K(9024K)
[60.510s][info][gc          ] GC(70) Pause Young (System.gc()) 778M->778M(6100M) 0.513ms
[61.427s][info][gc,metaspace] GC(71) Metaspace: 42846K(46720K)->42846K(46720K) NonClass: 36018K(37696K)->36018K(37696K) Class: 6828K(9024K)->6828K(9024K)
[61.427s][info][gc          ] GC(71) Pause Full (System.gc()) 778M->778M(6100M) 917.377ms
[61.428s][info][gc,metaspace] GC(72) Metaspace: 42846K(46720K)->42846K(46720K) NonClass: 36018K(37696K)->36018K(37696K) Class: 6828K(9024K)->6828K(9024K)
[61.428s][info][gc          ] GC(72) Pause Young (System.gc()) 778M->778M(6097M) 0.461ms
[62.292s][info][gc,metaspace] GC(73) Metaspace: 42846K(46720K)->42846K(46720K) NonClass: 36018K(37696K)->36018K(37696K) Class: 6828K(9024K)->6828K(9024K)
[62.292s][info][gc          ] GC(73) Pause Full (System.gc()) 778M->778M(6097M) 863.952ms
[62.293s][info][gc,metaspace] GC(74) Metaspace: 42846K(46720K)->42846K(46720K) NonClass: 36018K(37696K)->36018K(37696K) Class: 6828K(9024K)->6828K(9024K)
[62.293s][info][gc          ] GC(74) Pause Young (System.gc()) 778M->778M(6107M) 0.850ms
[63.210s][info][gc,metaspace] GC(75) Metaspace: 42846K(46720K)->42846K(46720K) NonClass: 36018K(37696K)->36018K(37696K) Class: 6828K(9024K)->6828K(9024K)
[63.210s][info][gc          ] GC(75) Pause Full (System.gc()) 778M->778M(6107M) 917.314ms
[63.215s][info][gc,metaspace] GC(76) Metaspace: 42846K(46720K)->42846K(46720K) NonClass: 36018K(37696K)->36018K(37696K) Class: 6828K(9024K)->6828K(9024K)
[63.215s][info][gc          ] GC(76) Pause Young (System.gc()) 778M->778M(6104M) 0.766ms
[64.049s][info][gc,metaspace] GC(77) Metaspace: 42846K(46720K)->42846K(46720K) NonClass: 36018K(37696K)->36018K(37696K) Class: 6828K(9024K)->6828K(9024K)
[64.049s][info][gc          ] GC(77) Pause Full (System.gc()) 778M->778M(6104M) 834.022ms
[64.050s][info][gc,metaspace] GC(78) Metaspace: 42846K(46720K)->42846K(46720K) NonClass: 36018K(37696K)->36018K(37696K) Class: 6828K(9024K)->6828K(9024K)
[64.050s][info][gc          ] GC(78) Pause Young (System.gc()) 778M->778M(6112M) 0.850ms
[65.246s][info][gc,metaspace] GC(79) Metaspace: 42846K(46720K)->42846K(46720K) NonClass: 36018K(37696K)->36018K(37696K) Class: 6828K(9024K)->6828K(9024K)
[65.246s][info][gc          ] GC(79) Pause Full (System.gc()) 778M->778M(6112M) 1196.007ms
[65.247s][info][gc,metaspace] GC(80) Metaspace: 42846K(46720K)->42846K(46720K) NonClass: 36018K(37696K)->36018K(37696K) Class: 6828K(9024K)->6828K(9024K)
[65.247s][info][gc          ] GC(80) Pause Young (System.gc()) 791M->778M(6110M) 0.520ms
[66.138s][info][gc,metaspace] GC(81) Metaspace: 42846K(46720K)->42846K(46720K) NonClass: 36018K(37696K)->36018K(37696K) Class: 6828K(9024K)->6828K(9024K)
[66.138s][info][gc          ] GC(81) Pause Full (System.gc()) 778M->778M(6110M) 891.028ms
[66.139s][info][gc,metaspace] GC(82) Metaspace: 42846K(46720K)->42846K(46720K) NonClass: 36018K(37696K)->36018K(37696K) Class: 6828K(9024K)->6828K(9024K)
[66.139s][info][gc          ] GC(82) Pause Young (System.gc()) 778M->778M(6117M) 0.986ms
[66.995s][info][gc,metaspace] GC(83) Metaspace: 42846K(46720K)->42846K(46720K) NonClass: 36018K(37696K)->36018K(37696K) Class: 6828K(9024K)->6828K(9024K)
[66.995s][info][gc          ] GC(83) Pause Full (System.gc()) 778M->778M(6117M) 855.162ms
[66.995s][info][gc,metaspace] GC(84) Metaspace: 42846K(46720K)->42846K(46720K) NonClass: 36018K(37696K)->36018K(37696K) Class: 6828K(9024K)->6828K(9024K)
[66.995s][info][gc          ] GC(84) Pause Young (System.gc()) 778M->778M(6115M) 0.504ms
[67.922s][info][gc,metaspace] GC(85) Metaspace: 42846K(46720K)->42846K(46720K) NonClass: 36018K(37696K)->36018K(37696K) Class: 6828K(9024K)->6828K(9024K)
[67.922s][info][gc          ] GC(85) Pause Full (System.gc()) 778M->778M(6115M) 926.949ms
[67.923s][info][gc,metaspace] GC(86) Metaspace: 42846K(46720K)->42846K(46720K) NonClass: 36018K(37696K)->36018K(37696K) Class: 6828K(9024K)->6828K(9024K)
[67.923s][info][gc          ] GC(86) Pause Young (System.gc()) 778M->778M(6121M) 0.867ms
[68.843s][info][gc,metaspace] GC(87) Metaspace: 42846K(46720K)->42846K(46720K) NonClass: 36018K(37696K)->36018K(37696K) Class: 6828K(9024K)->6828K(9024K)
[68.843s][info][gc          ] GC(87) Pause Full (System.gc()) 778M->778M(6121M) 919.959ms
[68.844s][info][gc,metaspace] GC(88) Metaspace: 42846K(46720K)->42846K(46720K) NonClass: 36018K(37696K)->36018K(37696K) Class: 6828K(9024K)->6828K(9024K)
[68.844s][info][gc          ] GC(88) Pause Young (System.gc()) 778M->778M(6119M) 0.844ms
[69.769s][info][gc,metaspace] GC(89) Metaspace: 42846K(46720K)->42846K(46720K) NonClass: 36018K(37696K)->36018K(37696K) Class: 6828K(9024K)->6828K(9024K)
[69.769s][info][gc          ] GC(89) Pause Full (System.gc()) 778M->778M(6119M) 925.176ms
[69.770s][info][gc,metaspace] GC(90) Metaspace: 42846K(46720K)->42846K(46720K) NonClass: 36018K(37696K)->36018K(37696K) Class: 6828K(9024K)->6828K(9024K)
[69.770s][info][gc          ] GC(90) Pause Young (System.gc()) 778M->778M(6125M) 0.900ms
[70.708s][info][gc,metaspace] GC(91) Metaspace: 42846K(46720K)->42846K(46720K) NonClass: 36018K(37696K)->36018K(37696K) Class: 6828K(9024K)->6828K(9024K)
[70.708s][info][gc          ] GC(91) Pause Full (System.gc()) 778M->778M(6125M) 937.914ms
[70.709s][info][gc,metaspace] GC(92) Metaspace: 42846K(46720K)->42846K(46720K) NonClass: 36018K(37696K)->36018K(37696K) Class: 6828K(9024K)->6828K(9024K)
[70.709s][info][gc          ] GC(92) Pause Young (System.gc()) 778M->778M(6123M) 0.517ms
[71.655s][info][gc,metaspace] GC(93) Metaspace: 42846K(46720K)->42846K(46720K) NonClass: 36018K(37696K)->36018K(37696K) Class: 6828K(9024K)->6828K(9024K)
[71.655s][info][gc          ] GC(93) Pause Full (System.gc()) 778M->778M(6123M) 946.409ms
[71.656s][info][gc,metaspace] GC(94) Metaspace: 42846K(46720K)->42846K(46720K) NonClass: 36018K(37696K)->36018K(37696K) Class: 6828K(9024K)->6828K(9024K)
[71.656s][info][gc          ] GC(94) Pause Young (System.gc()) 778M->778M(6128M) 0.550ms
[72.605s][info][gc,metaspace] GC(95) Metaspace: 42846K(46720K)->42846K(46720K) NonClass: 36018K(37696K)->36018K(37696K) Class: 6828K(9024K)->6828K(9024K)
[72.605s][info][gc          ] GC(95) Pause Full (System.gc()) 778M->778M(6128M) 949.235ms
[72.606s][info][gc,metaspace] GC(96) Metaspace: 42846K(46720K)->42846K(46720K) NonClass: 36018K(37696K)->36018K(37696K) Class: 6828K(9024K)->6828K(9024K)
[72.606s][info][gc          ] GC(96) Pause Young (System.gc()) 778M->778M(6126M) 0.483ms
[73.547s][info][gc,metaspace] GC(97) Metaspace: 42846K(46720K)->42846K(46720K) NonClass: 36018K(37696K)->36018K(37696K) Class: 6828K(9024K)->6828K(9024K)
[73.547s][info][gc          ] GC(97) Pause Full (System.gc()) 778M->778M(6126M) 940.481ms
[73.548s][info][gc,metaspace] GC(98) Metaspace: 42846K(46720K)->42846K(46720K) NonClass: 36018K(37696K)->36018K(37696K) Class: 6828K(9024K)->6828K(9024K)
[73.548s][info][gc          ] GC(98) Pause Young (System.gc()) 778M->778M(6130M) 0.928ms
[74.490s][info][gc,metaspace] GC(99) Metaspace: 42846K(46720K)->42846K(46720K) NonClass: 36018K(37696K)->36018K(37696K) Class: 6828K(9024K)->6828K(9024K)
[74.490s][info][gc          ] GC(99) Pause Full (System.gc()) 778M->778M(6130M) 942.559ms
[74.495s][info][gc,metaspace] GC(100) Metaspace: 42846K(46720K)->42846K(46720K) NonClass: 36018K(37696K)->36018K(37696K) Class: 6828K(9024K)->6828K(9024K)
[74.495s][info][gc          ] GC(100) Pause Young (System.gc()) 778M->778M(6129M) 0.857ms
[75.441s][info][gc,metaspace] GC(101) Metaspace: 42846K(46720K)->42846K(46720K) NonClass: 36018K(37696K)->36018K(37696K) Class: 6828K(9024K)->6828K(9024K)
[75.442s][info][gc          ] GC(101) Pause Full (System.gc()) 778M->778M(6129M) 946.042ms
[75.442s][info][gc,metaspace] GC(102) Metaspace: 42846K(46720K)->42846K(46720K) NonClass: 36018K(37696K)->36018K(37696K) Class: 6828K(9024K)->6828K(9024K)
[75.442s][info][gc          ] GC(102) Pause Young (System.gc()) 778M->778M(6132M) 0.554ms
[76.369s][info][gc,metaspace] GC(103) Metaspace: 42846K(46720K)->42846K(46720K) NonClass: 36018K(37696K)->36018K(37696K) Class: 6828K(9024K)->6828K(9024K)
[76.369s][info][gc          ] GC(103) Pause Full (System.gc()) 778M->778M(6132M) 926.860ms
[76.370s][info][gc,metaspace] GC(104) Metaspace: 42846K(46720K)->42846K(46720K) NonClass: 36018K(37696K)->36018K(37696K) Class: 6828K(9024K)->6828K(9024K)
[76.370s][info][gc          ] GC(104) Pause Young (System.gc()) 778M->778M(6131M) 0.887ms
[77.341s][info][gc,metaspace] GC(105) Metaspace: 42846K(46720K)->42846K(46720K) NonClass: 36018K(37696K)->36018K(37696K) Class: 6828K(9024K)->6828K(9024K)
[77.341s][info][gc          ] GC(105) Pause Full (System.gc()) 778M->778M(6131M) 971.052ms
[77.342s][info][gc,metaspace] GC(106) Metaspace: 42846K(46720K)->42846K(46720K) NonClass: 36018K(37696K)->36018K(37696K) Class: 6828K(9024K)->6828K(9024K)
[77.342s][info][gc          ] GC(106) Pause Young (System.gc()) 778M->778M(6134M) 0.523ms
[78.275s][info][gc,metaspace] GC(107) Metaspace: 42846K(46720K)->42846K(46720K) NonClass: 36018K(37696K)->36018K(37696K) Class: 6828K(9024K)->6828K(9024K)
[78.275s][info][gc          ] GC(107) Pause Full (System.gc()) 778M->778M(6134M) 933.068ms
[78.276s][info][gc,metaspace] GC(108) Metaspace: 42846K(46720K)->42846K(46720K) NonClass: 36018K(37696K)->36018K(37696K) Class: 6828K(9024K)->6828K(9024K)
[78.276s][info][gc          ] GC(108) Pause Young (System.gc()) 778M->778M(6133M) 0.502ms
[79.254s][info][gc,metaspace] GC(109) Metaspace: 42846K(46720K)->42846K(46720K) NonClass: 36018K(37696K)->36018K(37696K) Class: 6828K(9024K)->6828K(9024K)
[79.254s][info][gc          ] GC(109) Pause Full (System.gc()) 778M->778M(6133M) 978.849ms
[79.255s][info][gc,metaspace] GC(110) Metaspace: 42846K(46720K)->42846K(46720K) NonClass: 36018K(37696K)->36018K(37696K) Class: 6828K(9024K)->6828K(9024K)
[79.255s][info][gc          ] GC(110) Pause Young (System.gc()) 778M->778M(6136M) 0.810ms
[80.202s][info][gc,metaspace] GC(111) Metaspace: 42846K(46720K)->42846K(46720K) NonClass: 36018K(37696K)->36018K(37696K) Class: 6828K(9024K)->6828K(9024K)
[80.202s][info][gc          ] GC(111) Pause Full (System.gc()) 778M->778M(6136M) 946.524ms
[80.207s][info][gc,metaspace] GC(112) Metaspace: 42846K(46720K)->42846K(46720K) NonClass: 36018K(37696K)->36018K(37696K) Class: 6828K(9024K)->6828K(9024K)
[80.207s][info][gc          ] GC(112) Pause Young (System.gc()) 778M->778M(6135M) 0.469ms
[81.050s][info][gc,metaspace] GC(113) Metaspace: 42846K(46720K)->42846K(46720K) NonClass: 36018K(37696K)->36018K(37696K) Class: 6828K(9024K)->6828K(9024K)
[81.050s][info][gc          ] GC(113) Pause Full (System.gc()) 778M->778M(6135M) 842.975ms
[81.050s][info][gc,metaspace] GC(114) Metaspace: 42846K(46720K)->42846K(46720K) NonClass: 36018K(37696K)->36018K(37696K) Class: 6828K(9024K)->6828K(9024K)
[81.050s][info][gc          ] GC(114) Pause Young (System.gc()) 778M->778M(6137M) 0.523ms
[81.945s][info][gc,metaspace] GC(115) Metaspace: 42846K(46720K)->42846K(46720K) NonClass: 36018K(37696K)->36018K(37696K) Class: 6828K(9024K)->6828K(9024K)
[81.945s][info][gc          ] GC(115) Pause Full (System.gc()) 778M->778M(6137M) 894.831ms
[81.946s][info][gc,metaspace] GC(116) Metaspace: 42846K(46720K)->42846K(46720K) NonClass: 36018K(37696K)->36018K(37696K) Class: 6828K(9024K)->6828K(9024K)
[81.946s][info][gc          ] GC(116) Pause Young (System.gc()) 778M->778M(6136M) 0.853ms
[82.885s][info][gc,metaspace] GC(117) Metaspace: 42846K(46720K)->42846K(46720K) NonClass: 36018K(37696K)->36018K(37696K) Class: 6828K(9024K)->6828K(9024K)
[82.885s][info][gc          ] GC(117) Pause Full (System.gc()) 778M->778M(6136M) 938.750ms
[82.886s][info][gc,metaspace] GC(118) Metaspace: 42846K(46720K)->42846K(46720K) NonClass: 36018K(37696K)->36018K(37696K) Class: 6828K(9024K)->6828K(9024K)
[82.886s][info][gc          ] GC(118) Pause Young (System.gc()) 778M->778M(6138M) 0.873ms
[83.841s][info][gc,metaspace] GC(119) Metaspace: 42846K(46720K)->42846K(46720K) NonClass: 36018K(37696K)->36018K(37696K) Class: 6828K(9024K)->6828K(9024K)
[83.841s][info][gc          ] GC(119) Pause Full (System.gc()) 778M->778M(6138M) 954.380ms
[83.842s][info][gc,metaspace] GC(120) Metaspace: 42846K(46720K)->42846K(46720K) NonClass: 36018K(37696K)->36018K(37696K) Class: 6828K(9024K)->6828K(9024K)
[83.842s][info][gc          ] GC(120) Pause Young (System.gc()) 778M->778M(6138M) 0.822ms
[84.788s][info][gc,metaspace] GC(121) Metaspace: 42846K(46720K)->42846K(46720K) NonClass: 36018K(37696K)->36018K(37696K) Class: 6828K(9024K)->6828K(9024K)
[84.788s][info][gc          ] GC(121) Pause Full (System.gc()) 778M->778M(6138M) 946.542ms
[84.789s][info][gc,metaspace] GC(122) Metaspace: 42846K(46720K)->42846K(46720K) NonClass: 36018K(37696K)->36018K(37696K) Class: 6828K(9024K)->6828K(9024K)
[84.789s][info][gc          ] GC(122) Pause Young (System.gc()) 778M->778M(6139M) 0.879ms
[85.697s][info][gc,metaspace] GC(123) Metaspace: 42846K(46720K)->42846K(46720K) NonClass: 36018K(37696K)->36018K(37696K) Class: 6828K(9024K)->6828K(9024K)
[85.697s][info][gc          ] GC(123) Pause Full (System.gc()) 778M->778M(6139M) 908.232ms
[85.698s][info][gc,metaspace] GC(124) Metaspace: 42846K(46720K)->42846K(46720K) NonClass: 36018K(37696K)->36018K(37696K) Class: 6828K(9024K)->6828K(9024K)
[85.698s][info][gc          ] GC(124) Pause Young (System.gc()) 778M->778M(6139M) 0.876ms
[86.640s][info][gc,metaspace] GC(125) Metaspace: 42846K(46720K)->42846K(46720K) NonClass: 36018K(37696K)->36018K(37696K) Class: 6828K(9024K)->6828K(9024K)
[86.640s][info][gc          ] GC(125) Pause Full (System.gc()) 778M->778M(6139M) 941.323ms
[86.641s][info][gc,metaspace] GC(126) Metaspace: 42846K(46720K)->42846K(46720K) NonClass: 36018K(37696K)->36018K(37696K) Class: 6828K(9024K)->6828K(9024K)
[86.641s][info][gc          ] GC(126) Pause Young (System.gc()) 778M->778M(6140M) 0.849ms
[87.659s][info][gc,metaspace] GC(127) Metaspace: 42846K(46720K)->42846K(46720K) NonClass: 36018K(37696K)->36018K(37696K) Class: 6828K(9024K)->6828K(9024K)
[87.659s][info][gc          ] GC(127) Pause Full (System.gc()) 778M->778M(6140M) 1018.157ms
[87.660s][info][gc,metaspace] GC(128) Metaspace: 42846K(46720K)->42846K(46720K) NonClass: 36018K(37696K)->36018K(37696K) Class: 6828K(9024K)->6828K(9024K)
[87.660s][info][gc          ] GC(128) Pause Young (System.gc()) 778M->778M(6139M) 0.464ms
[88.560s][info][gc,metaspace] GC(129) Metaspace: 42846K(46720K)->42846K(46720K) NonClass: 36018K(37696K)->36018K(37696K) Class: 6828K(9024K)->6828K(9024K)
[88.560s][info][gc          ] GC(129) Pause Full (System.gc()) 778M->778M(6139M) 900.843ms
[88.561s][info][gc,metaspace] GC(130) Metaspace: 42846K(46720K)->42846K(46720K) NonClass: 36018K(37696K)->36018K(37696K) Class: 6828K(9024K)->6828K(9024K)
[88.561s][info][gc          ] GC(130) Pause Young (System.gc()) 778M->778M(6140M) 0.515ms
[89.514s][info][gc,metaspace] GC(131) Metaspace: 42846K(46720K)->42846K(46720K) NonClass: 36018K(37696K)->36018K(37696K) Class: 6828K(9024K)->6828K(9024K)
[89.514s][info][gc          ] GC(131) Pause Full (System.gc()) 778M->778M(6140M) 952.846ms
[89.515s][info][gc,metaspace] GC(132) Metaspace: 42846K(46720K)->42846K(46720K) NonClass: 36018K(37696K)->36018K(37696K) Class: 6828K(9024K)->6828K(9024K)
[89.515s][info][gc          ] GC(132) Pause Young (System.gc()) 778M->778M(6140M) 0.476ms
[90.460s][info][gc,metaspace] GC(133) Metaspace: 42846K(46720K)->42846K(46720K) NonClass: 36018K(37696K)->36018K(37696K) Class: 6828K(9024K)->6828K(9024K)
[90.460s][info][gc          ] GC(133) Pause Full (System.gc()) 778M->778M(6140M) 945.024ms
[90.460s][info][gc,metaspace] GC(134) Metaspace: 42846K(46720K)->42846K(46720K) NonClass: 36018K(37696K)->36018K(37696K) Class: 6828K(9024K)->6828K(9024K)
[90.460s][info][gc          ] GC(134) Pause Young (System.gc()) 778M->778M(6141M) 0.516ms
[91.437s][info][gc,metaspace] GC(135) Metaspace: 42846K(46720K)->42846K(46720K) NonClass: 36018K(37696K)->36018K(37696K) Class: 6828K(9024K)->6828K(9024K)
[91.437s][info][gc          ] GC(135) Pause Full (System.gc()) 778M->778M(6141M) 977.008ms
[91.442s][info][gc,metaspace] GC(136) Metaspace: 42846K(46720K)->42846K(46720K) NonClass: 36018K(37696K)->36018K(37696K) Class: 6828K(9024K)->6828K(9024K)
[91.442s][info][gc          ] GC(136) Pause Young (System.gc()) 778M->778M(6141M) 0.529ms
[92.427s][info][gc,metaspace] GC(137) Metaspace: 42846K(46720K)->42846K(46720K) NonClass: 36018K(37696K)->36018K(37696K) Class: 6828K(9024K)->6828K(9024K)
[92.427s][info][gc          ] GC(137) Pause Full (System.gc()) 778M->778M(6141M) 984.432ms
[92.428s][info][gc,metaspace] GC(138) Metaspace: 42846K(46720K)->42846K(46720K) NonClass: 36018K(37696K)->36018K(37696K) Class: 6828K(9024K)->6828K(9024K)
[92.428s][info][gc          ] GC(138) Pause Young (System.gc()) 778M->778M(6141M) 0.912ms
[93.346s][info][gc,metaspace] GC(139) Metaspace: 42846K(46720K)->42846K(46720K) NonClass: 36018K(37696K)->36018K(37696K) Class: 6828K(9024K)->6828K(9024K)
[93.346s][info][gc          ] GC(139) Pause Full (System.gc()) 778M->778M(6141M) 918.254ms
[93.347s][info][gc,metaspace] GC(140) Metaspace: 42846K(46720K)->42846K(46720K) NonClass: 36018K(37696K)->36018K(37696K) Class: 6828K(9024K)->6828K(9024K)
[93.347s][info][gc          ] GC(140) Pause Young (System.gc()) 778M->778M(6141M) 0.807ms
[94.279s][info][gc,metaspace] GC(141) Metaspace: 42846K(46720K)->42846K(46720K) NonClass: 36018K(37696K)->36018K(37696K) Class: 6828K(9024K)->6828K(9024K)
[94.279s][info][gc          ] GC(141) Pause Full (System.gc()) 778M->778M(6141M) 931.609ms
[94.280s][info][gc,metaspace] GC(142) Metaspace: 42846K(46720K)->42846K(46720K) NonClass: 36018K(37696K)->36018K(37696K) Class: 6828K(9024K)->6828K(9024K)
[94.280s][info][gc          ] GC(142) Pause Young (System.gc()) 778M->778M(6142M) 0.814ms
[95.127s][info][gc,metaspace] GC(143) Metaspace: 42846K(46720K)->42846K(46720K) NonClass: 36018K(37696K)->36018K(37696K) Class: 6828K(9024K)->6828K(9024K)
[95.128s][info][gc          ] GC(143) Pause Full (System.gc()) 778M->778M(6142M) 847.972ms
[95.128s][info][gc,metaspace] GC(144) Metaspace: 42846K(46720K)->42846K(46720K) NonClass: 36018K(37696K)->36018K(37696K) Class: 6828K(9024K)->6828K(9024K)
[95.128s][info][gc          ] GC(144) Pause Young (System.gc()) 778M->778M(6142M) 0.480ms
[96.072s][info][gc,metaspace] GC(145) Metaspace: 42846K(46720K)->42846K(46720K) NonClass: 36018K(37696K)->36018K(37696K) Class: 6828K(9024K)->6828K(9024K)
[96.073s][info][gc          ] GC(145) Pause Full (System.gc()) 778M->778M(6142M) 944.378ms
[96.073s][info][gc,metaspace] GC(146) Metaspace: 42846K(46720K)->42846K(46720K) NonClass: 36018K(37696K)->36018K(37696K) Class: 6828K(9024K)->6828K(9024K)
[96.073s][info][gc          ] GC(146) Pause Young (System.gc()) 778M->778M(6142M) 0.759ms
[97.009s][info][gc,metaspace] GC(147) Metaspace: 42846K(46720K)->42846K(46720K) NonClass: 36018K(37696K)->36018K(37696K) Class: 6828K(9024K)->6828K(9024K)
[97.009s][info][gc          ] GC(147) Pause Full (System.gc()) 778M->778M(6142M) 935.561ms
[97.014s][info][gc,metaspace] GC(148) Metaspace: 42846K(46720K)->42846K(46720K) NonClass: 36018K(37696K)->36018K(37696K) Class: 6828K(9024K)->6828K(9024K)
[97.014s][info][gc          ] GC(148) Pause Young (System.gc()) 778M->778M(6142M) 0.802ms
[97.972s][info][gc,metaspace] GC(149) Metaspace: 42846K(46720K)->42846K(46720K) NonClass: 36018K(37696K)->36018K(37696K) Class: 6828K(9024K)->6828K(9024K)
[97.972s][info][gc          ] GC(149) Pause Full (System.gc()) 778M->778M(6142M) 958.143ms
[97.973s][info][gc,metaspace] GC(150) Metaspace: 42846K(46720K)->42846K(46720K) NonClass: 36018K(37696K)->36018K(37696K) Class: 6828K(9024K)->6828K(9024K)
[97.973s][info][gc          ] GC(150) Pause Young (System.gc()) 778M->778M(6142M) 0.777ms
[98.889s][info][gc,metaspace] GC(151) Metaspace: 42846K(46720K)->42846K(46720K) NonClass: 36018K(37696K)->36018K(37696K) Class: 6828K(9024K)->6828K(9024K)
[98.889s][info][gc          ] GC(151) Pause Full (System.gc()) 778M->778M(6142M) 915.760ms
[98.890s][info][gc,metaspace] GC(152) Metaspace: 42846K(46720K)->42846K(46720K) NonClass: 36018K(37696K)->36018K(37696K) Class: 6828K(9024K)->6828K(9024K)
[98.890s][info][gc          ] GC(152) Pause Young (System.gc()) 778M->778M(6142M) 0.782ms
[99.780s][info][gc,metaspace] GC(153) Metaspace: 42846K(46720K)->42846K(46720K) NonClass: 36018K(37696K)->36018K(37696K) Class: 6828K(9024K)->6828K(9024K)
[99.780s][info][gc          ] GC(153) Pause Full (System.gc()) 778M->778M(6142M) 889.640ms
[99.781s][info][gc,metaspace] GC(154) Metaspace: 42846K(46720K)->42846K(46720K) NonClass: 36018K(37696K)->36018K(37696K) Class: 6828K(9024K)->6828K(9024K)
[99.781s][info][gc          ] GC(154) Pause Young (System.gc()) 778M->778M(6142M) 0.895ms
[100.748s][info][gc,metaspace] GC(155) Metaspace: 42846K(46720K)->42846K(46720K) NonClass: 36018K(37696K)->36018K(37696K) Class: 6828K(9024K)->6828K(9024K)
[100.748s][info][gc          ] GC(155) Pause Full (System.gc()) 778M->778M(6142M) 967.535ms
[100.749s][info][gc,metaspace] GC(156) Metaspace: 42846K(46720K)->42846K(46720K) NonClass: 36018K(37696K)->36018K(37696K) Class: 6828K(9024K)->6828K(9024K)
[100.749s][info][gc          ] GC(156) Pause Young (System.gc()) 778M->778M(6142M) 0.465ms
[101.712s][info][gc,metaspace] GC(157) Metaspace: 42846K(46720K)->42846K(46720K) NonClass: 36018K(37696K)->36018K(37696K) Class: 6828K(9024K)->6828K(9024K)
[101.712s][info][gc          ] GC(157) Pause Full (System.gc()) 778M->778M(6142M) 963.355ms
[101.713s][info][gc,metaspace] GC(158) Metaspace: 42846K(46720K)->42846K(46720K) NonClass: 36018K(37696K)->36018K(37696K) Class: 6828K(9024K)->6828K(9024K)
[101.713s][info][gc          ] GC(158) Pause Young (System.gc()) 778M->778M(6143M) 0.797ms
[102.645s][info][gc,metaspace] GC(159) Metaspace: 42846K(46720K)->42846K(46720K) NonClass: 36018K(37696K)->36018K(37696K) Class: 6828K(9024K)->6828K(9024K)
[102.645s][info][gc          ] GC(159) Pause Full (System.gc()) 778M->778M(6143M) 931.843ms
[102.646s][info][gc,metaspace] GC(160) Metaspace: 42846K(46720K)->42846K(46720K) NonClass: 36018K(37696K)->36018K(37696K) Class: 6828K(9024K)->6828K(9024K)
[102.646s][info][gc          ] GC(160) Pause Young (System.gc()) 778M->778M(6143M) 0.845ms
[103.581s][info][gc,metaspace] GC(161) Metaspace: 42846K(46720K)->42846K(46720K) NonClass: 36018K(37696K)->36018K(37696K) Class: 6828K(9024K)->6828K(9024K)
[103.581s][info][gc          ] GC(161) Pause Full (System.gc()) 778M->778M(6143M) 935.058ms
[103.582s][info][gc,metaspace] GC(162) Metaspace: 42846K(46720K)->42846K(46720K) NonClass: 36018K(37696K)->36018K(37696K) Class: 6828K(9024K)->6828K(9024K)
[103.582s][info][gc          ] GC(162) Pause Young (System.gc()) 778M->778M(6143M) 0.825ms
[104.428s][info][gc,metaspace] GC(163) Metaspace: 42846K(46720K)->42846K(46720K) NonClass: 36018K(37696K)->36018K(37696K) Class: 6828K(9024K)->6828K(9024K)
[104.428s][info][gc          ] GC(163) Pause Full (System.gc()) 778M->778M(6143M) 846.019ms
[104.429s][info][gc,metaspace] GC(164) Metaspace: 42846K(46720K)->42846K(46720K) NonClass: 36018K(37696K)->36018K(37696K) Class: 6828K(9024K)->6828K(9024K)
[104.429s][info][gc          ] GC(164) Pause Young (System.gc()) 778M->778M(6143M) 0.491ms
[105.369s][info][gc,metaspace] GC(165) Metaspace: 42846K(46720K)->42846K(46720K) NonClass: 36018K(37696K)->36018K(37696K) Class: 6828K(9024K)->6828K(9024K)
[105.369s][info][gc          ] GC(165) Pause Full (System.gc()) 778M->778M(6143M) 940.093ms
[105.370s][info][gc,metaspace] GC(166) Metaspace: 42846K(46720K)->42846K(46720K) NonClass: 36018K(37696K)->36018K(37696K) Class: 6828K(9024K)->6828K(9024K)
[105.370s][info][gc          ] GC(166) Pause Young (System.gc()) 778M->778M(6143M) 0.860ms
[106.292s][info][gc,metaspace] GC(167) Metaspace: 42846K(46720K)->42846K(46720K) NonClass: 36018K(37696K)->36018K(37696K) Class: 6828K(9024K)->6828K(9024K)
[106.292s][info][gc          ] GC(167) Pause Full (System.gc()) 778M->778M(6143M) 922.097ms
[106.293s][info][gc,metaspace] GC(168) Metaspace: 42846K(46720K)->42846K(46720K) NonClass: 36018K(37696K)->36018K(37696K) Class: 6828K(9024K)->6828K(9024K)
[106.293s][info][gc          ] GC(168) Pause Young (System.gc()) 778M->778M(6143M) 0.832ms
[107.206s][info][gc,metaspace] GC(169) Metaspace: 42846K(46720K)->42846K(46720K) NonClass: 36018K(37696K)->36018K(37696K) Class: 6828K(9024K)->6828K(9024K)
[107.206s][info][gc          ] GC(169) Pause Full (System.gc()) 778M->778M(6143M) 912.858ms
[107.207s][info][gc,metaspace] GC(170) Metaspace: 42846K(46720K)->42846K(46720K) NonClass: 36018K(37696K)->36018K(37696K) Class: 6828K(9024K)->6828K(9024K)
[107.207s][info][gc          ] GC(170) Pause Young (System.gc()) 778M->778M(6143M) 0.729ms
[108.152s][info][gc,metaspace] GC(171) Metaspace: 42846K(46720K)->42846K(46720K) NonClass: 36018K(37696K)->36018K(37696K) Class: 6828K(9024K)->6828K(9024K)
[108.152s][info][gc          ] GC(171) Pause Full (System.gc()) 778M->778M(6143M) 945.028ms
[108.157s][info][gc,metaspace] GC(172) Metaspace: 42846K(46720K)->42846K(46720K) NonClass: 36018K(37696K)->36018K(37696K) Class: 6828K(9024K)->6828K(9024K)
[108.157s][info][gc          ] GC(172) Pause Young (System.gc()) 778M->778M(6143M) 0.764ms
[108.976s][info][gc,metaspace] GC(173) Metaspace: 42846K(46720K)->42846K(46720K) NonClass: 36018K(37696K)->36018K(37696K) Class: 6828K(9024K)->6828K(9024K)
[108.976s][info][gc          ] GC(173) Pause Full (System.gc()) 778M->778M(6143M) 819.157ms
[108.977s][info][gc,metaspace] GC(174) Metaspace: 42846K(46720K)->42846K(46720K) NonClass: 36018K(37696K)->36018K(37696K) Class: 6828K(9024K)->6828K(9024K)
[108.977s][info][gc          ] GC(174) Pause Young (System.gc()) 778M->778M(6143M) 0.848ms
[109.912s][info][gc,metaspace] GC(175) Metaspace: 42846K(46720K)->42846K(46720K) NonClass: 36018K(37696K)->36018K(37696K) Class: 6828K(9024K)->6828K(9024K)
[109.912s][info][gc          ] GC(175) Pause Full (System.gc()) 778M->778M(6143M) 934.984ms
[109.913s][info][gc,metaspace] GC(176) Metaspace: 42846K(46720K)->42846K(46720K) NonClass: 36018K(37696K)->36018K(37696K) Class: 6828K(9024K)->6828K(9024K)
[109.913s][info][gc          ] GC(176) Pause Young (System.gc()) 778M->778M(6143M) 0.756ms
[110.873s][info][gc,metaspace] GC(177) Metaspace: 42846K(46720K)->42846K(46720K) NonClass: 36018K(37696K)->36018K(37696K) Class: 6828K(9024K)->6828K(9024K)
[110.873s][info][gc          ] GC(177) Pause Full (System.gc()) 778M->778M(6143M) 960.442ms
[110.874s][info][gc,metaspace] GC(178) Metaspace: 42846K(46720K)->42846K(46720K) NonClass: 36018K(37696K)->36018K(37696K) Class: 6828K(9024K)->6828K(9024K)
[110.874s][info][gc          ] GC(178) Pause Young (System.gc()) 778M->778M(6143M) 0.485ms
[111.865s][info][gc,metaspace] GC(179) Metaspace: 42846K(46720K)->42846K(46720K) NonClass: 36018K(37696K)->36018K(37696K) Class: 6828K(9024K)->6828K(9024K)
[111.865s][info][gc          ] GC(179) Pause Full (System.gc()) 778M->778M(6143M) 991.277ms
[111.866s][info][gc,metaspace] GC(180) Metaspace: 42846K(46720K)->42846K(46720K) NonClass: 36018K(37696K)->36018K(37696K) Class: 6828K(9024K)->6828K(9024K)
[111.866s][info][gc          ] GC(180) Pause Young (System.gc()) 778M->778M(6143M) 0.843ms
[112.804s][info][gc,metaspace] GC(181) Metaspace: 42846K(46720K)->42846K(46720K) NonClass: 36018K(37696K)->36018K(37696K) Class: 6828K(9024K)->6828K(9024K)
[112.804s][info][gc          ] GC(181) Pause Full (System.gc()) 778M->778M(6143M) 937.987ms
[112.805s][info][gc,metaspace] GC(182) Metaspace: 42846K(46720K)->42846K(46720K) NonClass: 36018K(37696K)->36018K(37696K) Class: 6828K(9024K)->6828K(9024K)
[112.805s][info][gc          ] GC(182) Pause Young (System.gc()) 778M->778M(6143M) 0.805ms
[113.645s][info][gc,metaspace] GC(183) Metaspace: 42846K(46720K)->42846K(46720K) NonClass: 36018K(37696K)->36018K(37696K) Class: 6828K(9024K)->6828K(9024K)
[113.645s][info][gc          ] GC(183) Pause Full (System.gc()) 778M->778M(6143M) 840.030ms
[113.646s][info][gc,metaspace] GC(184) Metaspace: 42846K(46720K)->42846K(46720K) NonClass: 36018K(37696K)->36018K(37696K) Class: 6828K(9024K)->6828K(9024K)
[113.646s][info][gc          ] GC(184) Pause Young (System.gc()) 778M->778M(6143M) 0.818ms
[114.609s][info][gc,metaspace] GC(185) Metaspace: 42846K(46720K)->42846K(46720K) NonClass: 36018K(37696K)->36018K(37696K) Class: 6828K(9024K)->6828K(9024K)
[114.609s][info][gc          ] GC(185) Pause Full (System.gc()) 778M->778M(6143M) 962.338ms
[114.610s][info][gc,metaspace] GC(186) Metaspace: 42846K(46720K)->42846K(46720K) NonClass: 36018K(37696K)->36018K(37696K) Class: 6828K(9024K)->6828K(9024K)
[114.610s][info][gc          ] GC(186) Pause Young (System.gc()) 778M->778M(6143M) 0.817ms
[115.570s][info][gc,metaspace] GC(187) Metaspace: 42846K(46720K)->42846K(46720K) NonClass: 36018K(37696K)->36018K(37696K) Class: 6828K(9024K)->6828K(9024K)
[115.570s][info][gc          ] GC(187) Pause Full (System.gc()) 778M->778M(6143M) 959.969ms
[115.570s][info][gc,metaspace] GC(188) Metaspace: 42846K(46720K)->42846K(46720K) NonClass: 36018K(37696K)->36018K(37696K) Class: 6828K(9024K)->6828K(9024K)
[115.570s][info][gc          ] GC(188) Pause Young (System.gc()) 778M->778M(6143M) 0.461ms
[116.523s][info][gc,metaspace] GC(189) Metaspace: 42846K(46720K)->42846K(46720K) NonClass: 36018K(37696K)->36018K(37696K) Class: 6828K(9024K)->6828K(9024K)
[116.523s][info][gc          ] GC(189) Pause Full (System.gc()) 778M->778M(6143M) 952.590ms
[116.524s][info][gc,metaspace] GC(190) Metaspace: 42846K(46720K)->42846K(46720K) NonClass: 36018K(37696K)->36018K(37696K) Class: 6828K(9024K)->6828K(9024K)
[116.524s][info][gc          ] GC(190) Pause Young (System.gc()) 778M->778M(6143M) 0.849ms
[117.501s][info][gc,metaspace] GC(191) Metaspace: 42846K(46720K)->42846K(46720K) NonClass: 36018K(37696K)->36018K(37696K) Class: 6828K(9024K)->6828K(9024K)
[117.501s][info][gc          ] GC(191) Pause Full (System.gc()) 778M->778M(6143M) 977.309ms
[117.502s][info][gc,metaspace] GC(192) Metaspace: 42846K(46720K)->42846K(46720K) NonClass: 36018K(37696K)->36018K(37696K) Class: 6828K(9024K)->6828K(9024K)
[117.502s][info][gc          ] GC(192) Pause Young (System.gc()) 778M->778M(6143M) 0.456ms
[118.446s][info][gc,metaspace] GC(193) Metaspace: 42846K(46720K)->42846K(46720K) NonClass: 36018K(37696K)->36018K(37696K) Class: 6828K(9024K)->6828K(9024K)
[118.446s][info][gc          ] GC(193) Pause Full (System.gc()) 778M->778M(6143M) 944.591ms
[118.447s][info][gc,metaspace] GC(194) Metaspace: 42846K(46720K)->42846K(46720K) NonClass: 36018K(37696K)->36018K(37696K) Class: 6828K(9024K)->6828K(9024K)
[118.447s][info][gc          ] GC(194) Pause Young (System.gc()) 778M->778M(6143M) 0.873ms
[119.291s][info][gc,metaspace] GC(195) Metaspace: 42846K(46720K)->42846K(46720K) NonClass: 36018K(37696K)->36018K(37696K) Class: 6828K(9024K)->6828K(9024K)
[119.291s][info][gc          ] GC(195) Pause Full (System.gc()) 778M->778M(6143M) 843.728ms
[119.292s][info][gc,metaspace] GC(196) Metaspace: 42846K(46720K)->42846K(46720K) NonClass: 36018K(37696K)->36018K(37696K) Class: 6828K(9024K)->6828K(9024K)
[119.292s][info][gc          ] GC(196) Pause Young (System.gc()) 778M->778M(6143M) 0.850ms
[120.238s][info][gc,metaspace] GC(197) Metaspace: 42846K(46720K)->42846K(46720K) NonClass: 36018K(37696K)->36018K(37696K) Class: 6828K(9024K)->6828K(9024K)
[120.238s][info][gc          ] GC(197) Pause Full (System.gc()) 778M->778M(6143M) 946.238ms
[120.239s][info][gc,metaspace] GC(198) Metaspace: 42846K(46720K)->42846K(46720K) NonClass: 36018K(37696K)->36018K(37696K) Class: 6828K(9024K)->6828K(9024K)
[120.239s][info][gc          ] GC(198) Pause Young (System.gc()) 778M->778M(6143M) 0.852ms
[121.107s][info][gc,metaspace] GC(199) Metaspace: 42846K(46720K)->42846K(46720K) NonClass: 36018K(37696K)->36018K(37696K) Class: 6828K(9024K)->6828K(9024K)
[121.107s][info][gc          ] GC(199) Pause Full (System.gc()) 778M->778M(6143M) 867.431ms
[121.108s][info][gc,metaspace] GC(200) Metaspace: 42846K(46720K)->42846K(46720K) NonClass: 36018K(37696K)->36018K(37696K) Class: 6828K(9024K)->6828K(9024K)
[121.108s][info][gc          ] GC(200) Pause Young (System.gc()) 778M->778M(6143M) 0.741ms
[121.996s][info][gc,metaspace] GC(201) Metaspace: 42846K(46720K)->42846K(46720K) NonClass: 36018K(37696K)->36018K(37696K) Class: 6828K(9024K)->6828K(9024K)
[121.996s][info][gc          ] GC(201) Pause Full (System.gc()) 778M->778M(6143M) 888.032ms
[121.996s][info][gc,metaspace] GC(202) Metaspace: 42846K(46720K)->42846K(46720K) NonClass: 36018K(37696K)->36018K(37696K) Class: 6828K(9024K)->6828K(9024K)
[121.996s][info][gc          ] GC(202) Pause Young (System.gc()) 778M->778M(6143M) 0.464ms
[122.934s][info][gc,metaspace] GC(203) Metaspace: 42846K(46720K)->42846K(46720K) NonClass: 36018K(37696K)->36018K(37696K) Class: 6828K(9024K)->6828K(9024K)
[122.934s][info][gc          ] GC(203) Pause Full (System.gc()) 778M->778M(6143M) 937.989ms
[122.935s][info][gc,metaspace] GC(204) Metaspace: 42846K(46720K)->42846K(46720K) NonClass: 36018K(37696K)->36018K(37696K) Class: 6828K(9024K)->6828K(9024K)
[122.935s][info][gc          ] GC(204) Pause Young (System.gc()) 778M->778M(6143M) 0.876ms
[123.874s][info][gc,metaspace] GC(205) Metaspace: 42846K(46720K)->42846K(46720K) NonClass: 36018K(37696K)->36018K(37696K) Class: 6828K(9024K)->6828K(9024K)
[123.874s][info][gc          ] GC(205) Pause Full (System.gc()) 778M->778M(6143M) 939.110ms
[123.875s][info][gc,metaspace] GC(206) Metaspace: 42846K(46720K)->42846K(46720K) NonClass: 36018K(37696K)->36018K(37696K) Class: 6828K(9024K)->6828K(9024K)
[123.875s][info][gc          ] GC(206) Pause Young (System.gc()) 778M->778M(6143M) 0.516ms
[124.789s][info][gc,metaspace] GC(207) Metaspace: 42846K(46720K)->42846K(46720K) NonClass: 36018K(37696K)->36018K(37696K) Class: 6828K(9024K)->6828K(9024K)
[124.789s][info][gc          ] GC(207) Pause Full (System.gc()) 778M->778M(6143M) 914.116ms
[124.790s][info][gc,metaspace] GC(208) Metaspace: 42846K(46720K)->42846K(46720K) NonClass: 36018K(37696K)->36018K(37696K) Class: 6828K(9024K)->6828K(9024K)
[124.790s][info][gc          ] GC(208) Pause Young (System.gc()) 778M->778M(6143M) 0.881ms
[125.739s][info][gc,metaspace] GC(209) Metaspace: 42846K(46720K)->42846K(46720K) NonClass: 36018K(37696K)->36018K(37696K) Class: 6828K(9024K)->6828K(9024K)
[125.739s][info][gc          ] GC(209) Pause Full (System.gc()) 778M->778M(6143M) 949.031ms
After GCs... 
