Done; will start GCs... 
[31.389s][info][gc,metaspace] GC(10) Metaspace: 90968K(114112K)->90968K(114112K) NonClass: 36378K(38080K)->36378K(38080K) Class: 54590K(76032K)->54590K(76032K)
[31.389s][info][gc          ] GC(10) Pause Young (System.gc()) 888M->778M(5569M) 1546.915ms
[33.605s][info][gc,metaspace] GC(11) Metaspace: 90968K(114112K)->90968K(114112K) NonClass: 36378K(38080K)->36378K(38080K) Class: 54590K(76032K)->54590K(76032K)
[33.605s][info][gc          ] GC(11) Pause Full (System.gc()) 778M->778M(5569M) 2215.440ms
[33.606s][info][gc,metaspace] GC(12) Metaspace: 90968K(114112K)->90968K(114112K) NonClass: 36378K(38080K)->36378K(38080K) Class: 54590K(76032K)->54590K(76032K)
[33.606s][info][gc          ] GC(12) Pause Young (System.gc()) 778M->778M(5852M) 1.016ms
[34.556s][info][gc,metaspace] GC(13) Metaspace: 90968K(114112K)->90968K(114112K) NonClass: 36378K(38080K)->36378K(38080K) Class: 54590K(76032K)->54590K(76032K)
[34.556s][info][gc          ] GC(13) Pause Full (System.gc()) 778M->778M(5852M) 950.208ms
[34.557s][info][gc,metaspace] GC(14) Metaspace: 90968K(114112K)->90968K(114112K) NonClass: 36378K(38080K)->36378K(38080K) Class: 54590K(76032K)->54590K(76032K)
[34.557s][info][gc          ] GC(14) Pause Young (System.gc()) 778M->778M(5868M) 0.901ms
[35.520s][info][gc,metaspace] GC(15) Metaspace: 90968K(114112K)->90968K(114112K) NonClass: 36378K(38080K)->36378K(38080K) Class: 54590K(76032K)->54590K(76032K)
[35.520s][info][gc          ] GC(15) Pause Full (System.gc()) 778M->778M(5868M) 963.043ms
[35.526s][info][gc,metaspace] GC(16) Metaspace: 90968K(114112K)->90968K(114112K) NonClass: 36378K(38080K)->36378K(38080K) Class: 54590K(76032K)->54590K(76032K)
[35.526s][info][gc          ] GC(16) Pause Young (System.gc()) 778M->778M(5860M) 0.937ms
[36.481s][info][gc,metaspace] GC(17) Metaspace: 90968K(114112K)->90968K(114112K) NonClass: 36378K(38080K)->36378K(38080K) Class: 54590K(76032K)->54590K(76032K)
[36.481s][info][gc          ] GC(17) Pause Full (System.gc()) 778M->778M(5860M) 955.550ms
[36.482s][info][gc,metaspace] GC(18) Metaspace: 90969K(114112K)->90969K(114112K) NonClass: 36379K(38080K)->36379K(38080K) Class: 54590K(76032K)->54590K(76032K)
[36.482s][info][gc          ] GC(18) Pause Young (System.gc()) 778M->778M(5888M) 0.948ms
[37.460s][info][gc,metaspace] GC(19) Metaspace: 90969K(114112K)->90969K(114112K) NonClass: 36379K(38080K)->36379K(38080K) Class: 54590K(76032K)->54590K(76032K)
[37.460s][info][gc          ] GC(19) Pause Full (System.gc()) 778M->778M(5888M) 977.461ms
[37.461s][info][gc,metaspace] GC(20) Metaspace: 90969K(114112K)->90969K(114112K) NonClass: 36379K(38080K)->36379K(38080K) Class: 54590K(76032K)->54590K(76032K)
[37.461s][info][gc          ] GC(20) Pause Young (System.gc()) 778M->778M(5878M) 0.758ms
[38.396s][info][gc,metaspace] GC(21) Metaspace: 90969K(114112K)->90969K(114112K) NonClass: 36379K(38080K)->36379K(38080K) Class: 54590K(76032K)->54590K(76032K)
[38.396s][info][gc          ] GC(21) Pause Full (System.gc()) 778M->778M(5878M) 935.552ms
[38.398s][info][gc,metaspace] GC(22) Metaspace: 90969K(114112K)->90969K(114112K) NonClass: 36379K(38080K)->36379K(38080K) Class: 54590K(76032K)->54590K(76032K)
[38.398s][info][gc          ] GC(22) Pause Young (System.gc()) 778M->778M(5911M) 1.044ms
[39.352s][info][gc,metaspace] GC(23) Metaspace: 90969K(114112K)->90969K(114112K) NonClass: 36379K(38080K)->36379K(38080K) Class: 54590K(76032K)->54590K(76032K)
[39.352s][info][gc          ] GC(23) Pause Full (System.gc()) 778M->778M(5911M) 954.617ms
[39.353s][info][gc,metaspace] GC(24) Metaspace: 90969K(114112K)->90969K(114112K) NonClass: 36379K(38080K)->36379K(38080K) Class: 54590K(76032K)->54590K(76032K)
[39.353s][info][gc          ] GC(24) Pause Young (System.gc()) 778M->778M(5900M) 0.457ms
[40.279s][info][gc,metaspace] GC(25) Metaspace: 90969K(114112K)->90969K(114112K) NonClass: 36379K(38080K)->36379K(38080K) Class: 54590K(76032K)->54590K(76032K)
[40.279s][info][gc          ] GC(25) Pause Full (System.gc()) 778M->778M(5900M) 926.109ms
[40.280s][info][gc,metaspace] GC(26) Metaspace: 90969K(114112K)->90969K(114112K) NonClass: 36379K(38080K)->36379K(38080K) Class: 54590K(76032K)->54590K(76032K)
[40.280s][info][gc          ] GC(26) Pause Young (System.gc()) 778M->778M(5934M) 0.849ms
[41.241s][info][gc,metaspace] GC(27) Metaspace: 90969K(114112K)->90969K(114112K) NonClass: 36379K(38080K)->36379K(38080K) Class: 54590K(76032K)->54590K(76032K)
[41.241s][info][gc          ] GC(27) Pause Full (System.gc()) 778M->778M(5934M) 960.976ms
[41.242s][info][gc,metaspace] GC(28) Metaspace: 90969K(114112K)->90969K(114112K) NonClass: 36379K(38080K)->36379K(38080K) Class: 54590K(76032K)->54590K(76032K)
[41.242s][info][gc          ] GC(28) Pause Young (System.gc()) 778M->778M(5923M) 0.753ms
[42.162s][info][gc,metaspace] GC(29) Metaspace: 90969K(114112K)->90969K(114112K) NonClass: 36379K(38080K)->36379K(38080K) Class: 54590K(76032K)->54590K(76032K)
[42.162s][info][gc          ] GC(29) Pause Full (System.gc()) 778M->778M(5923M) 919.438ms
[42.162s][info][gc,metaspace] GC(30) Metaspace: 90969K(114112K)->90969K(114112K) NonClass: 36379K(38080K)->36379K(38080K) Class: 54590K(76032K)->54590K(76032K)
[42.162s][info][gc          ] GC(30) Pause Young (System.gc()) 778M->778M(5957M) 0.617ms
[43.092s][info][gc,metaspace] GC(31) Metaspace: 90969K(114112K)->90969K(114112K) NonClass: 36379K(38080K)->36379K(38080K) Class: 54590K(76032K)->54590K(76032K)
[43.092s][info][gc          ] GC(31) Pause Full (System.gc()) 778M->778M(5957M) 929.875ms
[43.093s][info][gc,metaspace] GC(32) Metaspace: 90969K(114112K)->90969K(114112K) NonClass: 36379K(38080K)->36379K(38080K) Class: 54590K(76032K)->54590K(76032K)
[43.093s][info][gc          ] GC(32) Pause Young (System.gc()) 778M->778M(5946M) 0.758ms
[44.050s][info][gc,metaspace] GC(33) Metaspace: 90969K(114112K)->90969K(114112K) NonClass: 36379K(38080K)->36379K(38080K) Class: 54590K(76032K)->54590K(76032K)
[44.050s][info][gc          ] GC(33) Pause Full (System.gc()) 778M->778M(5946M) 956.626ms
[44.051s][info][gc,metaspace] GC(34) Metaspace: 90969K(114112K)->90969K(114112K) NonClass: 36379K(38080K)->36379K(38080K) Class: 54590K(76032K)->54590K(76032K)
[44.051s][info][gc          ] GC(34) Pause Young (System.gc()) 778M->778M(5979M) 0.591ms
[44.985s][info][gc,metaspace] GC(35) Metaspace: 90969K(114112K)->90969K(114112K) NonClass: 36379K(38080K)->36379K(38080K) Class: 54590K(76032K)->54590K(76032K)
[44.985s][info][gc          ] GC(35) Pause Full (System.gc()) 778M->778M(5979M) 934.606ms
[44.986s][info][gc,metaspace] GC(36) Metaspace: 90969K(114112K)->90969K(114112K) NonClass: 36379K(38080K)->36379K(38080K) Class: 54590K(76032K)->54590K(76032K)
[44.986s][info][gc          ] GC(36) Pause Young (System.gc()) 778M->778M(5968M) 0.806ms
[45.934s][info][gc,metaspace] GC(37) Metaspace: 90969K(114112K)->90969K(114112K) NonClass: 36379K(38080K)->36379K(38080K) Class: 54590K(76032K)->54590K(76032K)
[45.934s][info][gc          ] GC(37) Pause Full (System.gc()) 778M->778M(5968M) 947.928ms
[45.935s][info][gc,metaspace] GC(38) Metaspace: 90969K(114112K)->90969K(114112K) NonClass: 36379K(38080K)->36379K(38080K) Class: 54590K(76032K)->54590K(76032K)
[45.935s][info][gc          ] GC(38) Pause Young (System.gc()) 778M->778M(5999M) 0.568ms
[46.881s][info][gc,metaspace] GC(39) Metaspace: 90969K(114112K)->90969K(114112K) NonClass: 36379K(38080K)->36379K(38080K) Class: 54590K(76032K)->54590K(76032K)
[46.882s][info][gc          ] GC(39) Pause Full (System.gc()) 778M->778M(5999M) 946.494ms
[46.883s][info][gc,metaspace] GC(40) Metaspace: 90969K(114112K)->90969K(114112K) NonClass: 36379K(38080K)->36379K(38080K) Class: 54590K(76032K)->54590K(76032K)
[46.883s][info][gc          ] GC(40) Pause Young (System.gc()) 778M->778M(5989M) 0.884ms
[47.832s][info][gc,metaspace] GC(41) Metaspace: 90969K(114112K)->90969K(114112K) NonClass: 36379K(38080K)->36379K(38080K) Class: 54590K(76032K)->54590K(76032K)
[47.832s][info][gc          ] GC(41) Pause Full (System.gc()) 778M->778M(5989M) 949.473ms
[47.833s][info][gc,metaspace] GC(42) Metaspace: 90969K(114112K)->90969K(114112K) NonClass: 36379K(38080K)->36379K(38080K) Class: 54590K(76032K)->54590K(76032K)
[47.833s][info][gc          ] GC(42) Pause Young (System.gc()) 778M->778M(6017M) 0.932ms
[48.789s][info][gc,metaspace] GC(43) Metaspace: 90969K(114112K)->90969K(114112K) NonClass: 36379K(38080K)->36379K(38080K) Class: 54590K(76032K)->54590K(76032K)
[48.789s][info][gc          ] GC(43) Pause Full (System.gc()) 778M->778M(6017M) 956.138ms
[48.790s][info][gc,metaspace] GC(44) Metaspace: 90969K(114112K)->90969K(114112K) NonClass: 36379K(38080K)->36379K(38080K) Class: 54590K(76032K)->54590K(76032K)
[48.790s][info][gc          ] GC(44) Pause Young (System.gc()) 778M->778M(6008M) 0.814ms
[49.739s][info][gc,metaspace] GC(45) Metaspace: 90969K(114112K)->90969K(114112K) NonClass: 36379K(38080K)->36379K(38080K) Class: 54590K(76032K)->54590K(76032K)
[49.739s][info][gc          ] GC(45) Pause Full (System.gc()) 778M->778M(6008M) 948.906ms
[49.740s][info][gc,metaspace] GC(46) Metaspace: 90969K(114112K)->90969K(114112K) NonClass: 36379K(38080K)->36379K(38080K) Class: 54590K(76032K)->54590K(76032K)
[49.740s][info][gc          ] GC(46) Pause Young (System.gc()) 778M->778M(6034M) 0.543ms
[50.696s][info][gc,metaspace] GC(47) Metaspace: 90969K(114112K)->90969K(114112K) NonClass: 36379K(38080K)->36379K(38080K) Class: 54590K(76032K)->54590K(76032K)
[50.696s][info][gc          ] GC(47) Pause Full (System.gc()) 778M->778M(6034M) 955.752ms
[50.697s][info][gc,metaspace] GC(48) Metaspace: 90969K(114112K)->90969K(114112K) NonClass: 36379K(38080K)->36379K(38080K) Class: 54590K(76032K)->54590K(76032K)
[50.697s][info][gc          ] GC(48) Pause Young (System.gc()) 778M->778M(6026M) 0.883ms
[51.641s][info][gc,metaspace] GC(49) Metaspace: 90969K(114112K)->90969K(114112K) NonClass: 36379K(38080K)->36379K(38080K) Class: 54590K(76032K)->54590K(76032K)
[51.641s][info][gc          ] GC(49) Pause Full (System.gc()) 778M->778M(6026M) 944.546ms
[51.642s][info][gc,metaspace] GC(50) Metaspace: 90969K(114112K)->90969K(114112K) NonClass: 36379K(38080K)->36379K(38080K) Class: 54590K(76032K)->54590K(76032K)
[51.642s][info][gc          ] GC(50) Pause Young (System.gc()) 778M->778M(6049M) 0.938ms
[52.596s][info][gc,metaspace] GC(51) Metaspace: 90969K(114112K)->90969K(114112K) NonClass: 36379K(38080K)->36379K(38080K) Class: 54590K(76032K)->54590K(76032K)
[52.597s][info][gc          ] GC(51) Pause Full (System.gc()) 778M->778M(6049M) 954.249ms
[52.597s][info][gc,metaspace] GC(52) Metaspace: 90969K(114112K)->90969K(114112K) NonClass: 36379K(38080K)->36379K(38080K) Class: 54590K(76032K)->54590K(76032K)
[52.597s][info][gc          ] GC(52) Pause Young (System.gc()) 778M->778M(6042M) 0.752ms
[53.550s][info][gc,metaspace] GC(53) Metaspace: 90969K(114112K)->90969K(114112K) NonClass: 36379K(38080K)->36379K(38080K) Class: 54590K(76032K)->54590K(76032K)
[53.550s][info][gc          ] GC(53) Pause Full (System.gc()) 778M->778M(6042M) 952.346ms
[53.550s][info][gc,metaspace] GC(54) Metaspace: 90969K(114112K)->90969K(114112K) NonClass: 36379K(38080K)->36379K(38080K) Class: 54590K(76032K)->54590K(76032K)
[53.550s][info][gc          ] GC(54) Pause Young (System.gc()) 778M->778M(6062M) 0.545ms
[54.488s][info][gc,metaspace] GC(55) Metaspace: 90969K(114112K)->90969K(114112K) NonClass: 36379K(38080K)->36379K(38080K) Class: 54590K(76032K)->54590K(76032K)
[54.488s][info][gc          ] GC(55) Pause Full (System.gc()) 778M->778M(6062M) 937.928ms
[54.489s][info][gc,metaspace] GC(56) Metaspace: 90969K(114112K)->90969K(114112K) NonClass: 36379K(38080K)->36379K(38080K) Class: 54590K(76032K)->54590K(76032K)
[54.489s][info][gc          ] GC(56) Pause Young (System.gc()) 778M->778M(6056M) 0.509ms
[55.462s][info][gc,metaspace] GC(57) Metaspace: 90969K(114112K)->90969K(114112K) NonClass: 36379K(38080K)->36379K(38080K) Class: 54590K(76032K)->54590K(76032K)
[55.462s][info][gc          ] GC(57) Pause Full (System.gc()) 778M->778M(6056M) 972.895ms
[55.463s][info][gc,metaspace] GC(58) Metaspace: 90969K(114112K)->90969K(114112K) NonClass: 36379K(38080K)->36379K(38080K) Class: 54590K(76032K)->54590K(76032K)
[55.463s][info][gc          ] GC(58) Pause Young (System.gc()) 778M->778M(6074M) 0.841ms
[56.383s][info][gc,metaspace] GC(59) Metaspace: 90969K(114112K)->90969K(114112K) NonClass: 36379K(38080K)->36379K(38080K) Class: 54590K(76032K)->54590K(76032K)
[56.383s][info][gc          ] GC(59) Pause Full (System.gc()) 778M->778M(6074M) 920.253ms
[56.384s][info][gc,metaspace] GC(60) Metaspace: 90969K(114112K)->90969K(114112K) NonClass: 36379K(38080K)->36379K(38080K) Class: 54590K(76032K)->54590K(76032K)
[56.384s][info][gc          ] GC(60) Pause Young (System.gc()) 778M->778M(6068M) 0.758ms
[57.301s][info][gc,metaspace] GC(61) Metaspace: 90969K(114112K)->90969K(114112K) NonClass: 36379K(38080K)->36379K(38080K) Class: 54590K(76032K)->54590K(76032K)
[57.301s][info][gc          ] GC(61) Pause Full (System.gc()) 778M->778M(6068M) 916.406ms
[57.302s][info][gc,metaspace] GC(62) Metaspace: 90969K(114112K)->90969K(114112K) NonClass: 36379K(38080K)->36379K(38080K) Class: 54590K(76032K)->54590K(76032K)
[57.302s][info][gc          ] GC(62) Pause Young (System.gc()) 778M->778M(6084M) 0.830ms
[58.289s][info][gc,metaspace] GC(63) Metaspace: 90969K(114112K)->90969K(114112K) NonClass: 36379K(38080K)->36379K(38080K) Class: 54590K(76032K)->54590K(76032K)
[58.289s][info][gc          ] GC(63) Pause Full (System.gc()) 778M->778M(6084M) 987.293ms
[58.290s][info][gc,metaspace] GC(64) Metaspace: 90969K(114112K)->90969K(114112K) NonClass: 36379K(38080K)->36379K(38080K) Class: 54590K(76032K)->54590K(76032K)
[58.290s][info][gc          ] GC(64) Pause Young (System.gc()) 778M->778M(6079M) 0.585ms
[59.298s][info][gc,metaspace] GC(65) Metaspace: 90969K(114112K)->90969K(114112K) NonClass: 36379K(38080K)->36379K(38080K) Class: 54590K(76032K)->54590K(76032K)
[59.298s][info][gc          ] GC(65) Pause Full (System.gc()) 778M->778M(6079M) 1008.094ms
[59.298s][info][gc,metaspace] GC(66) Metaspace: 90969K(114112K)->90969K(114112K) NonClass: 36379K(38080K)->36379K(38080K) Class: 54590K(76032K)->54590K(76032K)
[59.298s][info][gc          ] GC(66) Pause Young (System.gc()) 778M->778M(6093M) 0.532ms
[60.225s][info][gc,metaspace] GC(67) Metaspace: 90969K(114112K)->90969K(114112K) NonClass: 36379K(38080K)->36379K(38080K) Class: 54590K(76032K)->54590K(76032K)
[60.225s][info][gc          ] GC(67) Pause Full (System.gc()) 778M->778M(6093M) 926.406ms
[60.226s][info][gc,metaspace] GC(68) Metaspace: 90969K(114112K)->90969K(114112K) NonClass: 36379K(38080K)->36379K(38080K) Class: 54590K(76032K)->54590K(76032K)
[60.226s][info][gc          ] GC(68) Pause Young (System.gc()) 778M->778M(6088M) 0.760ms
[61.150s][info][gc,metaspace] GC(69) Metaspace: 90969K(114112K)->90969K(114112K) NonClass: 36379K(38080K)->36379K(38080K) Class: 54590K(76032K)->54590K(76032K)
[61.150s][info][gc          ] GC(69) Pause Full (System.gc()) 778M->778M(6088M) 923.902ms
[61.151s][info][gc,metaspace] GC(70) Metaspace: 90969K(114112K)->90969K(114112K) NonClass: 36379K(38080K)->36379K(38080K) Class: 54590K(76032K)->54590K(76032K)
[61.151s][info][gc          ] GC(70) Pause Young (System.gc()) 778M->778M(6100M) 0.940ms
[62.094s][info][gc,metaspace] GC(71) Metaspace: 90969K(114112K)->90969K(114112K) NonClass: 36379K(38080K)->36379K(38080K) Class: 54590K(76032K)->54590K(76032K)
[62.094s][info][gc          ] GC(71) Pause Full (System.gc()) 778M->778M(6100M) 943.389ms
[62.095s][info][gc,metaspace] GC(72) Metaspace: 90969K(114112K)->90969K(114112K) NonClass: 36379K(38080K)->36379K(38080K) Class: 54590K(76032K)->54590K(76032K)
[62.095s][info][gc          ] GC(72) Pause Young (System.gc()) 778M->778M(6096M) 0.825ms
[63.083s][info][gc,metaspace] GC(73) Metaspace: 90969K(114112K)->90969K(114112K) NonClass: 36379K(38080K)->36379K(38080K) Class: 54590K(76032K)->54590K(76032K)
[63.083s][info][gc          ] GC(73) Pause Full (System.gc()) 778M->778M(6096M) 988.303ms
[63.084s][info][gc,metaspace] GC(74) Metaspace: 90969K(114112K)->90969K(114112K) NonClass: 36379K(38080K)->36379K(38080K) Class: 54590K(76032K)->54590K(76032K)
[63.084s][info][gc          ] GC(74) Pause Young (System.gc()) 778M->778M(6107M) 0.885ms
[64.062s][info][gc,metaspace] GC(75) Metaspace: 90969K(114112K)->90969K(114112K) NonClass: 36379K(38080K)->36379K(38080K) Class: 54590K(76032K)->54590K(76032K)
[64.062s][info][gc          ] GC(75) Pause Full (System.gc()) 778M->778M(6107M) 977.133ms
[64.062s][info][gc,metaspace] GC(76) Metaspace: 90969K(114112K)->90969K(114112K) NonClass: 36379K(38080K)->36379K(38080K) Class: 54590K(76032K)->54590K(76032K)
[64.062s][info][gc          ] GC(76) Pause Young (System.gc()) 778M->778M(6104M) 0.508ms
[65.191s][info][gc,metaspace] GC(77) Metaspace: 90969K(114112K)->90969K(114112K) NonClass: 36379K(38080K)->36379K(38080K) Class: 54590K(76032K)->54590K(76032K)
[65.191s][info][gc          ] GC(77) Pause Full (System.gc()) 778M->778M(6104M) 1128.401ms
[65.192s][info][gc,metaspace] GC(78) Metaspace: 90969K(114112K)->90969K(114112K) NonClass: 36379K(38080K)->36379K(38080K) Class: 54590K(76032K)->54590K(76032K)
[65.192s][info][gc          ] GC(78) Pause Young (System.gc()) 778M->778M(6112M) 0.868ms
[66.114s][info][gc,metaspace] GC(79) Metaspace: 90969K(114112K)->90969K(114112K) NonClass: 36379K(38080K)->36379K(38080K) Class: 54590K(76032K)->54590K(76032K)
[66.114s][info][gc          ] GC(79) Pause Full (System.gc()) 778M->778M(6112M) 922.428ms
[66.115s][info][gc,metaspace] GC(80) Metaspace: 90969K(114112K)->90969K(114112K) NonClass: 36379K(38080K)->36379K(38080K) Class: 54590K(76032K)->54590K(76032K)
[66.115s][info][gc          ] GC(80) Pause Young (System.gc()) 791M->778M(6110M) 0.527ms
[67.066s][info][gc,metaspace] GC(81) Metaspace: 90969K(114112K)->90969K(114112K) NonClass: 36379K(38080K)->36379K(38080K) Class: 54590K(76032K)->54590K(76032K)
[67.066s][info][gc          ] GC(81) Pause Full (System.gc()) 778M->778M(6110M) 951.236ms
[67.067s][info][gc,metaspace] GC(82) Metaspace: 90969K(114112K)->90969K(114112K) NonClass: 36379K(38080K)->36379K(38080K) Class: 54590K(76032K)->54590K(76032K)
[67.067s][info][gc          ] GC(82) Pause Young (System.gc()) 778M->778M(6117M) 0.925ms
[68.005s][info][gc,metaspace] GC(83) Metaspace: 90969K(114112K)->90969K(114112K) NonClass: 36379K(38080K)->36379K(38080K) Class: 54590K(76032K)->54590K(76032K)
[68.005s][info][gc          ] GC(83) Pause Full (System.gc()) 778M->778M(6117M) 937.569ms
[68.006s][info][gc,metaspace] GC(84) Metaspace: 90969K(114112K)->90969K(114112K) NonClass: 36379K(38080K)->36379K(38080K) Class: 54590K(76032K)->54590K(76032K)
[68.006s][info][gc          ] GC(84) Pause Young (System.gc()) 778M->778M(6115M) 0.776ms
[68.979s][info][gc,metaspace] GC(85) Metaspace: 90969K(114112K)->90969K(114112K) NonClass: 36379K(38080K)->36379K(38080K) Class: 54590K(76032K)->54590K(76032K)
[68.979s][info][gc          ] GC(85) Pause Full (System.gc()) 778M->778M(6115M) 973.554ms
[68.980s][info][gc,metaspace] GC(86) Metaspace: 90969K(114112K)->90969K(114112K) NonClass: 36379K(38080K)->36379K(38080K) Class: 54590K(76032K)->54590K(76032K)
[68.980s][info][gc          ] GC(86) Pause Young (System.gc()) 778M->778M(6121M) 0.524ms
[69.927s][info][gc,metaspace] GC(87) Metaspace: 90969K(114112K)->90969K(114112K) NonClass: 36379K(38080K)->36379K(38080K) Class: 54590K(76032K)->54590K(76032K)
[69.927s][info][gc          ] GC(87) Pause Full (System.gc()) 778M->778M(6121M) 947.074ms
[69.928s][info][gc,metaspace] GC(88) Metaspace: 90969K(114112K)->90969K(114112K) NonClass: 36379K(38080K)->36379K(38080K) Class: 54590K(76032K)->54590K(76032K)
[69.928s][info][gc          ] GC(88) Pause Young (System.gc()) 778M->778M(6119M) 0.459ms
[70.865s][info][gc,metaspace] GC(89) Metaspace: 90969K(114112K)->90969K(114112K) NonClass: 36379K(38080K)->36379K(38080K) Class: 54590K(76032K)->54590K(76032K)
[70.865s][info][gc          ] GC(89) Pause Full (System.gc()) 778M->778M(6119M) 937.735ms
[70.866s][info][gc,metaspace] GC(90) Metaspace: 90969K(114112K)->90969K(114112K) NonClass: 36379K(38080K)->36379K(38080K) Class: 54590K(76032K)->54590K(76032K)
[70.866s][info][gc          ] GC(90) Pause Young (System.gc()) 778M->778M(6125M) 0.503ms
[71.836s][info][gc,metaspace] GC(91) Metaspace: 90969K(114112K)->90969K(114112K) NonClass: 36379K(38080K)->36379K(38080K) Class: 54590K(76032K)->54590K(76032K)
[71.836s][info][gc          ] GC(91) Pause Full (System.gc()) 778M->778M(6125M) 970.522ms
[71.837s][info][gc,metaspace] GC(92) Metaspace: 90969K(114112K)->90969K(114112K) NonClass: 36379K(38080K)->36379K(38080K) Class: 54590K(76032K)->54590K(76032K)
[71.837s][info][gc          ] GC(92) Pause Young (System.gc()) 778M->778M(6123M) 0.750ms
[72.762s][info][gc,metaspace] GC(93) Metaspace: 90969K(114112K)->90969K(114112K) NonClass: 36379K(38080K)->36379K(38080K) Class: 54590K(76032K)->54590K(76032K)
[72.762s][info][gc          ] GC(93) Pause Full (System.gc()) 778M->778M(6123M) 925.041ms
[72.763s][info][gc,metaspace] GC(94) Metaspace: 90969K(114112K)->90969K(114112K) NonClass: 36379K(38080K)->36379K(38080K) Class: 54590K(76032K)->54590K(76032K)
[72.763s][info][gc          ] GC(94) Pause Young (System.gc()) 778M->778M(6128M) 0.909ms
[73.753s][info][gc,metaspace] GC(95) Metaspace: 90969K(114112K)->90969K(114112K) NonClass: 36379K(38080K)->36379K(38080K) Class: 54590K(76032K)->54590K(76032K)
[73.753s][info][gc          ] GC(95) Pause Full (System.gc()) 778M->778M(6128M) 989.937ms
[73.754s][info][gc,metaspace] GC(96) Metaspace: 90969K(114112K)->90969K(114112K) NonClass: 36379K(38080K)->36379K(38080K) Class: 54590K(76032K)->54590K(76032K)
[73.754s][info][gc          ] GC(96) Pause Young (System.gc()) 778M->778M(6126M) 0.498ms
[74.683s][info][gc,metaspace] GC(97) Metaspace: 90969K(114112K)->90969K(114112K) NonClass: 36379K(38080K)->36379K(38080K) Class: 54590K(76032K)->54590K(76032K)
[74.683s][info][gc          ] GC(97) Pause Full (System.gc()) 778M->778M(6126M) 929.243ms
[74.689s][info][gc,metaspace] GC(98) Metaspace: 90969K(114112K)->90969K(114112K) NonClass: 36379K(38080K)->36379K(38080K) Class: 54590K(76032K)->54590K(76032K)
[74.689s][info][gc          ] GC(98) Pause Young (System.gc()) 778M->778M(6130M) 0.806ms
[75.660s][info][gc,metaspace] GC(99) Metaspace: 90969K(114112K)->90969K(114112K) NonClass: 36379K(38080K)->36379K(38080K) Class: 54590K(76032K)->54590K(76032K)
[75.660s][info][gc          ] GC(99) Pause Full (System.gc()) 778M->778M(6130M) 971.482ms
[75.661s][info][gc,metaspace] GC(100) Metaspace: 90969K(114112K)->90969K(114112K) NonClass: 36379K(38080K)->36379K(38080K) Class: 54590K(76032K)->54590K(76032K)
[75.661s][info][gc          ] GC(100) Pause Young (System.gc()) 778M->778M(6129M) 0.461ms
[76.583s][info][gc,metaspace] GC(101) Metaspace: 90969K(114112K)->90969K(114112K) NonClass: 36379K(38080K)->36379K(38080K) Class: 54590K(76032K)->54590K(76032K)
[76.583s][info][gc          ] GC(101) Pause Full (System.gc()) 778M->778M(6129M) 922.519ms
[76.584s][info][gc,metaspace] GC(102) Metaspace: 90969K(114112K)->90969K(114112K) NonClass: 36379K(38080K)->36379K(38080K) Class: 54590K(76032K)->54590K(76032K)
[76.584s][info][gc          ] GC(102) Pause Young (System.gc()) 778M->778M(6132M) 0.624ms
[77.545s][info][gc,metaspace] GC(103) Metaspace: 90969K(114112K)->90969K(114112K) NonClass: 36379K(38080K)->36379K(38080K) Class: 54590K(76032K)->54590K(76032K)
[77.545s][info][gc          ] GC(103) Pause Full (System.gc()) 778M->778M(6132M) 961.044ms
[77.546s][info][gc,metaspace] GC(104) Metaspace: 90969K(114112K)->90969K(114112K) NonClass: 36379K(38080K)->36379K(38080K) Class: 54590K(76032K)->54590K(76032K)
[77.546s][info][gc          ] GC(104) Pause Young (System.gc()) 778M->778M(6131M) 0.797ms
[78.484s][info][gc,metaspace] GC(105) Metaspace: 90969K(114112K)->90969K(114112K) NonClass: 36379K(38080K)->36379K(38080K) Class: 54590K(76032K)->54590K(76032K)
[78.484s][info][gc          ] GC(105) Pause Full (System.gc()) 778M->778M(6131M) 938.215ms
[78.485s][info][gc,metaspace] GC(106) Metaspace: 90969K(114112K)->90969K(114112K) NonClass: 36379K(38080K)->36379K(38080K) Class: 54590K(76032K)->54590K(76032K)
[78.485s][info][gc          ] GC(106) Pause Young (System.gc()) 778M->778M(6134M) 0.596ms
[79.444s][info][gc,metaspace] GC(107) Metaspace: 90969K(114112K)->90969K(114112K) NonClass: 36379K(38080K)->36379K(38080K) Class: 54590K(76032K)->54590K(76032K)
[79.444s][info][gc          ] GC(107) Pause Full (System.gc()) 778M->778M(6134M) 959.287ms
[79.445s][info][gc,metaspace] GC(108) Metaspace: 90969K(114112K)->90969K(114112K) NonClass: 36379K(38080K)->36379K(38080K) Class: 54590K(76032K)->54590K(76032K)
[79.445s][info][gc          ] GC(108) Pause Young (System.gc()) 778M->778M(6133M) 0.830ms
[80.358s][info][gc,metaspace] GC(109) Metaspace: 90969K(114112K)->90969K(114112K) NonClass: 36379K(38080K)->36379K(38080K) Class: 54590K(76032K)->54590K(76032K)
[80.358s][info][gc          ] GC(109) Pause Full (System.gc()) 778M->778M(6133M) 912.355ms
[80.363s][info][gc,metaspace] GC(110) Metaspace: 90969K(114112K)->90969K(114112K) NonClass: 36379K(38080K)->36379K(38080K) Class: 54590K(76032K)->54590K(76032K)
[80.363s][info][gc          ] GC(110) Pause Young (System.gc()) 778M->778M(6136M) 0.884ms
[81.377s][info][gc,metaspace] GC(111) Metaspace: 90969K(114112K)->90969K(114112K) NonClass: 36379K(38080K)->36379K(38080K) Class: 54590K(76032K)->54590K(76032K)
[81.377s][info][gc          ] GC(111) Pause Full (System.gc()) 778M->778M(6136M) 1013.702ms
[81.378s][info][gc,metaspace] GC(112) Metaspace: 90969K(114112K)->90969K(114112K) NonClass: 36379K(38080K)->36379K(38080K) Class: 54590K(76032K)->54590K(76032K)
[81.378s][info][gc          ] GC(112) Pause Young (System.gc()) 778M->778M(6135M) 0.844ms
[82.234s][info][gc,metaspace] GC(113) Metaspace: 90969K(114112K)->90969K(114112K) NonClass: 36379K(38080K)->36379K(38080K) Class: 54590K(76032K)->54590K(76032K)
[82.234s][info][gc          ] GC(113) Pause Full (System.gc()) 778M->778M(6135M) 856.249ms
[82.235s][info][gc,metaspace] GC(114) Metaspace: 90969K(114112K)->90969K(114112K) NonClass: 36379K(38080K)->36379K(38080K) Class: 54590K(76032K)->54590K(76032K)
[82.235s][info][gc          ] GC(114) Pause Young (System.gc()) 778M->778M(6137M) 0.879ms
[83.202s][info][gc,metaspace] GC(115) Metaspace: 90969K(114112K)->90969K(114112K) NonClass: 36379K(38080K)->36379K(38080K) Class: 54590K(76032K)->54590K(76032K)
[83.202s][info][gc          ] GC(115) Pause Full (System.gc()) 778M->778M(6137M) 967.147ms
[83.203s][info][gc,metaspace] GC(116) Metaspace: 90969K(114112K)->90969K(114112K) NonClass: 36379K(38080K)->36379K(38080K) Class: 54590K(76032K)->54590K(76032K)
[83.203s][info][gc          ] GC(116) Pause Young (System.gc()) 778M->778M(6136M) 0.776ms
[84.122s][info][gc,metaspace] GC(117) Metaspace: 90969K(114112K)->90969K(114112K) NonClass: 36379K(38080K)->36379K(38080K) Class: 54590K(76032K)->54590K(76032K)
[84.122s][info][gc          ] GC(117) Pause Full (System.gc()) 778M->778M(6136M) 918.933ms
[84.123s][info][gc,metaspace] GC(118) Metaspace: 90969K(114112K)->90969K(114112K) NonClass: 36379K(38080K)->36379K(38080K) Class: 54590K(76032K)->54590K(76032K)
[84.123s][info][gc          ] GC(118) Pause Young (System.gc()) 778M->778M(6138M) 0.558ms
[85.042s][info][gc,metaspace] GC(119) Metaspace: 90969K(114112K)->90969K(114112K) NonClass: 36379K(38080K)->36379K(38080K) Class: 54590K(76032K)->54590K(76032K)
[85.042s][info][gc          ] GC(119) Pause Full (System.gc()) 778M->778M(6138M) 919.412ms
[85.043s][info][gc,metaspace] GC(120) Metaspace: 90969K(114112K)->90969K(114112K) NonClass: 36379K(38080K)->36379K(38080K) Class: 54590K(76032K)->54590K(76032K)
[85.043s][info][gc          ] GC(120) Pause Young (System.gc()) 778M->778M(6138M) 0.466ms
[85.967s][info][gc,metaspace] GC(121) Metaspace: 90969K(114112K)->90969K(114112K) NonClass: 36379K(38080K)->36379K(38080K) Class: 54590K(76032K)->54590K(76032K)
[85.967s][info][gc          ] GC(121) Pause Full (System.gc()) 778M->778M(6138M) 924.311ms
[85.968s][info][gc,metaspace] GC(122) Metaspace: 90969K(114112K)->90969K(114112K) NonClass: 36379K(38080K)->36379K(38080K) Class: 54590K(76032K)->54590K(76032K)
[85.968s][info][gc          ] GC(122) Pause Young (System.gc()) 778M->778M(6139M) 0.564ms
[86.926s][info][gc,metaspace] GC(123) Metaspace: 90969K(114112K)->90969K(114112K) NonClass: 36379K(38080K)->36379K(38080K) Class: 54590K(76032K)->54590K(76032K)
[86.926s][info][gc          ] GC(123) Pause Full (System.gc()) 778M->778M(6139M) 958.626ms
[86.927s][info][gc,metaspace] GC(124) Metaspace: 90969K(114112K)->90969K(114112K) NonClass: 36379K(38080K)->36379K(38080K) Class: 54590K(76032K)->54590K(76032K)
[86.927s][info][gc          ] GC(124) Pause Young (System.gc()) 778M->778M(6139M) 0.809ms
[87.894s][info][gc,metaspace] GC(125) Metaspace: 90969K(114112K)->90969K(114112K) NonClass: 36379K(38080K)->36379K(38080K) Class: 54590K(76032K)->54590K(76032K)
[87.894s][info][gc          ] GC(125) Pause Full (System.gc()) 778M->778M(6139M) 966.642ms
[87.895s][info][gc,metaspace] GC(126) Metaspace: 90969K(114112K)->90969K(114112K) NonClass: 36379K(38080K)->36379K(38080K) Class: 54590K(76032K)->54590K(76032K)
[87.895s][info][gc          ] GC(126) Pause Young (System.gc()) 778M->778M(6140M) 0.964ms
[88.824s][info][gc,metaspace] GC(127) Metaspace: 90969K(114112K)->90969K(114112K) NonClass: 36379K(38080K)->36379K(38080K) Class: 54590K(76032K)->54590K(76032K)
[88.824s][info][gc          ] GC(127) Pause Full (System.gc()) 778M->778M(6140M) 929.041ms
[88.825s][info][gc,metaspace] GC(128) Metaspace: 90969K(114112K)->90969K(114112K) NonClass: 36379K(38080K)->36379K(38080K) Class: 54590K(76032K)->54590K(76032K)
[88.825s][info][gc          ] GC(128) Pause Young (System.gc()) 778M->778M(6139M) 0.820ms
[89.785s][info][gc,metaspace] GC(129) Metaspace: 90969K(114112K)->90969K(114112K) NonClass: 36379K(38080K)->36379K(38080K) Class: 54590K(76032K)->54590K(76032K)
[89.785s][info][gc          ] GC(129) Pause Full (System.gc()) 778M->778M(6139M) 960.187ms
[89.786s][info][gc,metaspace] GC(130) Metaspace: 90969K(114112K)->90969K(114112K) NonClass: 36379K(38080K)->36379K(38080K) Class: 54590K(76032K)->54590K(76032K)
[89.786s][info][gc          ] GC(130) Pause Young (System.gc()) 778M->778M(6140M) 0.860ms
[90.731s][info][gc,metaspace] GC(131) Metaspace: 90969K(114112K)->90969K(114112K) NonClass: 36379K(38080K)->36379K(38080K) Class: 54590K(76032K)->54590K(76032K)
[90.731s][info][gc          ] GC(131) Pause Full (System.gc()) 778M->778M(6140M) 944.426ms
[90.731s][info][gc,metaspace] GC(132) Metaspace: 90969K(114112K)->90969K(114112K) NonClass: 36379K(38080K)->36379K(38080K) Class: 54590K(76032K)->54590K(76032K)
[90.731s][info][gc          ] GC(132) Pause Young (System.gc()) 778M->778M(6140M) 0.435ms
[91.657s][info][gc,metaspace] GC(133) Metaspace: 90969K(114112K)->90969K(114112K) NonClass: 36379K(38080K)->36379K(38080K) Class: 54590K(76032K)->54590K(76032K)
[91.657s][info][gc          ] GC(133) Pause Full (System.gc()) 778M->778M(6140M) 925.847ms
[91.662s][info][gc,metaspace] GC(134) Metaspace: 90969K(114112K)->90969K(114112K) NonClass: 36379K(38080K)->36379K(38080K) Class: 54590K(76032K)->54590K(76032K)
[91.662s][info][gc          ] GC(134) Pause Young (System.gc()) 778M->778M(6141M) 0.562ms
[92.632s][info][gc,metaspace] GC(135) Metaspace: 90969K(114112K)->90969K(114112K) NonClass: 36379K(38080K)->36379K(38080K) Class: 54590K(76032K)->54590K(76032K)
[92.632s][info][gc          ] GC(135) Pause Full (System.gc()) 778M->778M(6141M) 969.973ms
[92.633s][info][gc,metaspace] GC(136) Metaspace: 90969K(114112K)->90969K(114112K) NonClass: 36379K(38080K)->36379K(38080K) Class: 54590K(76032K)->54590K(76032K)
[92.633s][info][gc          ] GC(136) Pause Young (System.gc()) 778M->778M(6141M) 0.546ms
[93.533s][info][gc,metaspace] GC(137) Metaspace: 90969K(114112K)->90969K(114112K) NonClass: 36379K(38080K)->36379K(38080K) Class: 54590K(76032K)->54590K(76032K)
[93.533s][info][gc          ] GC(137) Pause Full (System.gc()) 778M->778M(6141M) 899.783ms
[93.534s][info][gc,metaspace] GC(138) Metaspace: 90969K(114112K)->90969K(114112K) NonClass: 36379K(38080K)->36379K(38080K) Class: 54590K(76032K)->54590K(76032K)
[93.534s][info][gc          ] GC(138) Pause Young (System.gc()) 778M->778M(6141M) 0.856ms
[94.467s][info][gc,metaspace] GC(139) Metaspace: 90969K(114112K)->90969K(114112K) NonClass: 36379K(38080K)->36379K(38080K) Class: 54590K(76032K)->54590K(76032K)
[94.468s][info][gc          ] GC(139) Pause Full (System.gc()) 778M->778M(6141M) 933.860ms
[94.468s][info][gc,metaspace] GC(140) Metaspace: 90969K(114112K)->90969K(114112K) NonClass: 36379K(38080K)->36379K(38080K) Class: 54590K(76032K)->54590K(76032K)
[94.468s][info][gc          ] GC(140) Pause Young (System.gc()) 778M->778M(6141M) 0.694ms
[95.465s][info][gc,metaspace] GC(141) Metaspace: 90969K(114112K)->90969K(114112K) NonClass: 36379K(38080K)->36379K(38080K) Class: 54590K(76032K)->54590K(76032K)
[95.465s][info][gc          ] GC(141) Pause Full (System.gc()) 778M->778M(6141M) 996.691ms
[95.466s][info][gc,metaspace] GC(142) Metaspace: 90969K(114112K)->90969K(114112K) NonClass: 36379K(38080K)->36379K(38080K) Class: 54590K(76032K)->54590K(76032K)
[95.466s][info][gc          ] GC(142) Pause Young (System.gc()) 778M->778M(6142M) 0.840ms
[96.445s][info][gc,metaspace] GC(143) Metaspace: 90969K(114112K)->90969K(114112K) NonClass: 36379K(38080K)->36379K(38080K) Class: 54590K(76032K)->54590K(76032K)
[96.445s][info][gc          ] GC(143) Pause Full (System.gc()) 778M->778M(6142M) 978.536ms
[96.446s][info][gc,metaspace] GC(144) Metaspace: 90969K(114112K)->90969K(114112K) NonClass: 36379K(38080K)->36379K(38080K) Class: 54590K(76032K)->54590K(76032K)
[96.446s][info][gc          ] GC(144) Pause Young (System.gc()) 778M->778M(6142M) 0.883ms
[97.377s][info][gc,metaspace] GC(145) Metaspace: 90969K(114112K)->90969K(114112K) NonClass: 36379K(38080K)->36379K(38080K) Class: 54590K(76032K)->54590K(76032K)
[97.377s][info][gc          ] GC(145) Pause Full (System.gc()) 778M->778M(6142M) 931.001ms
[97.382s][info][gc,metaspace] GC(146) Metaspace: 90969K(114112K)->90969K(114112K) NonClass: 36379K(38080K)->36379K(38080K) Class: 54590K(76032K)->54590K(76032K)
[97.382s][info][gc          ] GC(146) Pause Young (System.gc()) 778M->778M(6142M) 0.818ms
[98.314s][info][gc,metaspace] GC(147) Metaspace: 90969K(114112K)->90969K(114112K) NonClass: 36379K(38080K)->36379K(38080K) Class: 54590K(76032K)->54590K(76032K)
[98.314s][info][gc          ] GC(147) Pause Full (System.gc()) 778M->778M(6142M) 932.541ms
[98.315s][info][gc,metaspace] GC(148) Metaspace: 90969K(114112K)->90969K(114112K) NonClass: 36379K(38080K)->36379K(38080K) Class: 54590K(76032K)->54590K(76032K)
[98.315s][info][gc          ] GC(148) Pause Young (System.gc()) 778M->778M(6142M) 0.484ms
[99.053s][info][gc,metaspace] GC(149) Metaspace: 90969K(114112K)->90969K(114112K) NonClass: 36379K(38080K)->36379K(38080K) Class: 54590K(76032K)->54590K(76032K)
[99.053s][info][gc          ] GC(149) Pause Full (System.gc()) 778M->778M(6142M) 738.080ms
[99.054s][info][gc,metaspace] GC(150) Metaspace: 90969K(114112K)->90969K(114112K) NonClass: 36379K(38080K)->36379K(38080K) Class: 54590K(76032K)->54590K(76032K)
[99.054s][info][gc          ] GC(150) Pause Young (System.gc()) 778M->778M(6142M) 0.778ms
[100.012s][info][gc,metaspace] GC(151) Metaspace: 90969K(114112K)->90969K(114112K) NonClass: 36379K(38080K)->36379K(38080K) Class: 54590K(76032K)->54590K(76032K)
[100.012s][info][gc          ] GC(151) Pause Full (System.gc()) 778M->778M(6142M) 957.739ms
[100.013s][info][gc,metaspace] GC(152) Metaspace: 90969K(114112K)->90969K(114112K) NonClass: 36379K(38080K)->36379K(38080K) Class: 54590K(76032K)->54590K(76032K)
[100.013s][info][gc          ] GC(152) Pause Young (System.gc()) 778M->778M(6142M) 0.909ms
[100.966s][info][gc,metaspace] GC(153) Metaspace: 90969K(114112K)->90969K(114112K) NonClass: 36379K(38080K)->36379K(38080K) Class: 54590K(76032K)->54590K(76032K)
[100.966s][info][gc          ] GC(153) Pause Full (System.gc()) 778M->778M(6142M) 952.784ms
[100.967s][info][gc,metaspace] GC(154) Metaspace: 90969K(114112K)->90969K(114112K) NonClass: 36379K(38080K)->36379K(38080K) Class: 54590K(76032K)->54590K(76032K)
[100.967s][info][gc          ] GC(154) Pause Young (System.gc()) 778M->778M(6142M) 0.799ms
[101.911s][info][gc,metaspace] GC(155) Metaspace: 90969K(114112K)->90969K(114112K) NonClass: 36379K(38080K)->36379K(38080K) Class: 54590K(76032K)->54590K(76032K)
[101.911s][info][gc          ] GC(155) Pause Full (System.gc()) 778M->778M(6142M) 943.999ms
[101.911s][info][gc,metaspace] GC(156) Metaspace: 90969K(114112K)->90969K(114112K) NonClass: 36379K(38080K)->36379K(38080K) Class: 54590K(76032K)->54590K(76032K)
[101.911s][info][gc          ] GC(156) Pause Young (System.gc()) 778M->778M(6142M) 0.469ms
[102.841s][info][gc,metaspace] GC(157) Metaspace: 90969K(114112K)->90969K(114112K) NonClass: 36379K(38080K)->36379K(38080K) Class: 54590K(76032K)->54590K(76032K)
[102.841s][info][gc          ] GC(157) Pause Full (System.gc()) 778M->778M(6142M) 929.440ms
[102.846s][info][gc,metaspace] GC(158) Metaspace: 90969K(114112K)->90969K(114112K) NonClass: 36379K(38080K)->36379K(38080K) Class: 54590K(76032K)->54590K(76032K)
[102.846s][info][gc          ] GC(158) Pause Young (System.gc()) 778M->778M(6143M) 0.850ms
[103.799s][info][gc,metaspace] GC(159) Metaspace: 90969K(114112K)->90969K(114112K) NonClass: 36379K(38080K)->36379K(38080K) Class: 54590K(76032K)->54590K(76032K)
[103.799s][info][gc          ] GC(159) Pause Full (System.gc()) 778M->778M(6143M) 952.936ms
[103.800s][info][gc,metaspace] GC(160) Metaspace: 90969K(114112K)->90969K(114112K) NonClass: 36379K(38080K)->36379K(38080K) Class: 54590K(76032K)->54590K(76032K)
[103.800s][info][gc          ] GC(160) Pause Young (System.gc()) 778M->778M(6143M) 0.826ms
[104.719s][info][gc,metaspace] GC(161) Metaspace: 90969K(114112K)->90969K(114112K) NonClass: 36379K(38080K)->36379K(38080K) Class: 54590K(76032K)->54590K(76032K)
[104.719s][info][gc          ] GC(161) Pause Full (System.gc()) 778M->778M(6143M) 919.628ms
[104.720s][info][gc,metaspace] GC(162) Metaspace: 90969K(114112K)->90969K(114112K) NonClass: 36379K(38080K)->36379K(38080K) Class: 54590K(76032K)->54590K(76032K)
[104.720s][info][gc          ] GC(162) Pause Young (System.gc()) 778M->778M(6143M) 0.450ms
[105.700s][info][gc,metaspace] GC(163) Metaspace: 90969K(114112K)->90969K(114112K) NonClass: 36379K(38080K)->36379K(38080K) Class: 54590K(76032K)->54590K(76032K)
[105.700s][info][gc          ] GC(163) Pause Full (System.gc()) 778M->778M(6143M) 979.765ms
[105.701s][info][gc,metaspace] GC(164) Metaspace: 90969K(114112K)->90969K(114112K) NonClass: 36379K(38080K)->36379K(38080K) Class: 54590K(76032K)->54590K(76032K)
[105.701s][info][gc          ] GC(164) Pause Young (System.gc()) 778M->778M(6143M) 0.794ms
[106.710s][info][gc,metaspace] GC(165) Metaspace: 90969K(114112K)->90969K(114112K) NonClass: 36379K(38080K)->36379K(38080K) Class: 54590K(76032K)->54590K(76032K)
[106.710s][info][gc          ] GC(165) Pause Full (System.gc()) 778M->778M(6143M) 1008.942ms
[106.711s][info][gc,metaspace] GC(166) Metaspace: 90969K(114112K)->90969K(114112K) NonClass: 36379K(38080K)->36379K(38080K) Class: 54590K(76032K)->54590K(76032K)
[106.711s][info][gc          ] GC(166) Pause Young (System.gc()) 778M->778M(6143M) 0.827ms
[107.575s][info][gc,metaspace] GC(167) Metaspace: 90969K(114112K)->90969K(114112K) NonClass: 36379K(38080K)->36379K(38080K) Class: 54590K(76032K)->54590K(76032K)
[107.575s][info][gc          ] GC(167) Pause Full (System.gc()) 778M->778M(6143M) 864.247ms
[107.576s][info][gc,metaspace] GC(168) Metaspace: 90969K(114112K)->90969K(114112K) NonClass: 36379K(38080K)->36379K(38080K) Class: 54590K(76032K)->54590K(76032K)
[107.576s][info][gc          ] GC(168) Pause Young (System.gc()) 778M->778M(6143M) 0.471ms
[108.532s][info][gc,metaspace] GC(169) Metaspace: 90969K(114112K)->90969K(114112K) NonClass: 36379K(38080K)->36379K(38080K) Class: 54590K(76032K)->54590K(76032K)
[108.532s][info][gc          ] GC(169) Pause Full (System.gc()) 778M->778M(6143M) 956.533ms
[108.537s][info][gc,metaspace] GC(170) Metaspace: 90969K(114112K)->90969K(114112K) NonClass: 36379K(38080K)->36379K(38080K) Class: 54590K(76032K)->54590K(76032K)
[108.537s][info][gc          ] GC(170) Pause Young (System.gc()) 778M->778M(6143M) 0.825ms
[109.462s][info][gc,metaspace] GC(171) Metaspace: 90969K(114112K)->90969K(114112K) NonClass: 36379K(38080K)->36379K(38080K) Class: 54590K(76032K)->54590K(76032K)
[109.462s][info][gc          ] GC(171) Pause Full (System.gc()) 778M->778M(6143M) 925.019ms
[109.463s][info][gc,metaspace] GC(172) Metaspace: 90969K(114112K)->90969K(114112K) NonClass: 36379K(38080K)->36379K(38080K) Class: 54590K(76032K)->54590K(76032K)
[109.463s][info][gc          ] GC(172) Pause Young (System.gc()) 778M->778M(6143M) 0.940ms
[110.399s][info][gc,metaspace] GC(173) Metaspace: 90969K(114112K)->90969K(114112K) NonClass: 36379K(38080K)->36379K(38080K) Class: 54590K(76032K)->54590K(76032K)
[110.399s][info][gc          ] GC(173) Pause Full (System.gc()) 778M->778M(6143M) 935.308ms
[110.400s][info][gc,metaspace] GC(174) Metaspace: 90969K(114112K)->90969K(114112K) NonClass: 36379K(38080K)->36379K(38080K) Class: 54590K(76032K)->54590K(76032K)
[110.400s][info][gc          ] GC(174) Pause Young (System.gc()) 778M->778M(6143M) 0.833ms
[111.230s][info][gc,metaspace] GC(175) Metaspace: 90969K(114112K)->90969K(114112K) NonClass: 36379K(38080K)->36379K(38080K) Class: 54590K(76032K)->54590K(76032K)
[111.230s][info][gc          ] GC(175) Pause Full (System.gc()) 778M->778M(6143M) 829.962ms
[111.231s][info][gc,metaspace] GC(176) Metaspace: 90969K(114112K)->90969K(114112K) NonClass: 36379K(38080K)->36379K(38080K) Class: 54590K(76032K)->54590K(76032K)
[111.231s][info][gc          ] GC(176) Pause Young (System.gc()) 778M->778M(6143M) 0.834ms
[112.109s][info][gc,metaspace] GC(177) Metaspace: 90969K(114112K)->90969K(114112K) NonClass: 36379K(38080K)->36379K(38080K) Class: 54590K(76032K)->54590K(76032K)
[112.109s][info][gc          ] GC(177) Pause Full (System.gc()) 778M->778M(6143M) 878.500ms
[112.110s][info][gc,metaspace] GC(178) Metaspace: 90969K(114112K)->90969K(114112K) NonClass: 36379K(38080K)->36379K(38080K) Class: 54590K(76032K)->54590K(76032K)
[112.110s][info][gc          ] GC(178) Pause Young (System.gc()) 778M->778M(6143M) 0.621ms
[113.029s][info][gc,metaspace] GC(179) Metaspace: 90969K(114112K)->90969K(114112K) NonClass: 36379K(38080K)->36379K(38080K) Class: 54590K(76032K)->54590K(76032K)
[113.029s][info][gc          ] GC(179) Pause Full (System.gc()) 778M->778M(6143M) 918.832ms
[113.030s][info][gc,metaspace] GC(180) Metaspace: 90969K(114112K)->90969K(114112K) NonClass: 36379K(38080K)->36379K(38080K) Class: 54590K(76032K)->54590K(76032K)
[113.030s][info][gc          ] GC(180) Pause Young (System.gc()) 778M->778M(6143M) 0.839ms
[113.989s][info][gc,metaspace] GC(181) Metaspace: 90969K(114112K)->90969K(114112K) NonClass: 36379K(38080K)->36379K(38080K) Class: 54590K(76032K)->54590K(76032K)
[113.989s][info][gc          ] GC(181) Pause Full (System.gc()) 778M->778M(6143M) 959.345ms
[113.990s][info][gc,metaspace] GC(182) Metaspace: 90969K(114112K)->90969K(114112K) NonClass: 36379K(38080K)->36379K(38080K) Class: 54590K(76032K)->54590K(76032K)
[113.990s][info][gc          ] GC(182) Pause Young (System.gc()) 778M->778M(6143M) 0.833ms
[114.928s][info][gc,metaspace] GC(183) Metaspace: 90969K(114112K)->90969K(114112K) NonClass: 36379K(38080K)->36379K(38080K) Class: 54590K(76032K)->54590K(76032K)
[114.928s][info][gc          ] GC(183) Pause Full (System.gc()) 778M->778M(6143M) 937.984ms
[114.929s][info][gc,metaspace] GC(184) Metaspace: 90969K(114112K)->90969K(114112K) NonClass: 36379K(38080K)->36379K(38080K) Class: 54590K(76032K)->54590K(76032K)
[114.929s][info][gc          ] GC(184) Pause Young (System.gc()) 778M->778M(6143M) 0.815ms
[115.853s][info][gc,metaspace] GC(185) Metaspace: 90969K(114112K)->90969K(114112K) NonClass: 36379K(38080K)->36379K(38080K) Class: 54590K(76032K)->54590K(76032K)
[115.853s][info][gc          ] GC(185) Pause Full (System.gc()) 778M->778M(6143M) 923.577ms
[115.854s][info][gc,metaspace] GC(186) Metaspace: 90969K(114112K)->90969K(114112K) NonClass: 36379K(38080K)->36379K(38080K) Class: 54590K(76032K)->54590K(76032K)
[115.854s][info][gc          ] GC(186) Pause Young (System.gc()) 778M->778M(6143M) 0.786ms
[116.802s][info][gc,metaspace] GC(187) Metaspace: 90969K(114112K)->90969K(114112K) NonClass: 36379K(38080K)->36379K(38080K) Class: 54590K(76032K)->54590K(76032K)
[116.802s][info][gc          ] GC(187) Pause Full (System.gc()) 778M->778M(6143M) 947.914ms
[116.802s][info][gc,metaspace] GC(188) Metaspace: 90969K(114112K)->90969K(114112K) NonClass: 36379K(38080K)->36379K(38080K) Class: 54590K(76032K)->54590K(76032K)
[116.802s][info][gc          ] GC(188) Pause Young (System.gc()) 778M->778M(6143M) 0.758ms
[117.752s][info][gc,metaspace] GC(189) Metaspace: 90969K(114112K)->90969K(114112K) NonClass: 36379K(38080K)->36379K(38080K) Class: 54590K(76032K)->54590K(76032K)
[117.752s][info][gc          ] GC(189) Pause Full (System.gc()) 778M->778M(6143M) 949.558ms
[117.753s][info][gc,metaspace] GC(190) Metaspace: 90969K(114112K)->90969K(114112K) NonClass: 36379K(38080K)->36379K(38080K) Class: 54590K(76032K)->54590K(76032K)
[117.753s][info][gc          ] GC(190) Pause Young (System.gc()) 778M->778M(6143M) 0.829ms
[118.683s][info][gc,metaspace] GC(191) Metaspace: 90969K(114112K)->90969K(114112K) NonClass: 36379K(38080K)->36379K(38080K) Class: 54590K(76032K)->54590K(76032K)
[118.683s][info][gc          ] GC(191) Pause Full (System.gc()) 778M->778M(6143M) 929.487ms
[118.683s][info][gc,metaspace] GC(192) Metaspace: 90969K(114112K)->90969K(114112K) NonClass: 36379K(38080K)->36379K(38080K) Class: 54590K(76032K)->54590K(76032K)
[118.683s][info][gc          ] GC(192) Pause Young (System.gc()) 778M->778M(6143M) 0.634ms
[119.617s][info][gc,metaspace] GC(193) Metaspace: 90969K(114112K)->90969K(114112K) NonClass: 36379K(38080K)->36379K(38080K) Class: 54590K(76032K)->54590K(76032K)
[119.617s][info][gc          ] GC(193) Pause Full (System.gc()) 778M->778M(6143M) 933.534ms
[119.622s][info][gc,metaspace] GC(194) Metaspace: 90969K(114112K)->90969K(114112K) NonClass: 36379K(38080K)->36379K(38080K) Class: 54590K(76032K)->54590K(76032K)
[119.622s][info][gc          ] GC(194) Pause Young (System.gc()) 778M->778M(6143M) 0.594ms
[120.570s][info][gc,metaspace] GC(195) Metaspace: 90969K(114112K)->90969K(114112K) NonClass: 36379K(38080K)->36379K(38080K) Class: 54590K(76032K)->54590K(76032K)
[120.570s][info][gc          ] GC(195) Pause Full (System.gc()) 778M->778M(6143M) 948.476ms
[120.571s][info][gc,metaspace] GC(196) Metaspace: 90969K(114112K)->90969K(114112K) NonClass: 36379K(38080K)->36379K(38080K) Class: 54590K(76032K)->54590K(76032K)
[120.571s][info][gc          ] GC(196) Pause Young (System.gc()) 778M->778M(6143M) 0.824ms
[121.486s][info][gc,metaspace] GC(197) Metaspace: 90969K(114112K)->90969K(114112K) NonClass: 36379K(38080K)->36379K(38080K) Class: 54590K(76032K)->54590K(76032K)
[121.486s][info][gc          ] GC(197) Pause Full (System.gc()) 778M->778M(6143M) 915.044ms
[121.487s][info][gc,metaspace] GC(198) Metaspace: 90969K(114112K)->90969K(114112K) NonClass: 36379K(38080K)->36379K(38080K) Class: 54590K(76032K)->54590K(76032K)
[121.487s][info][gc          ] GC(198) Pause Young (System.gc()) 778M->778M(6143M) 0.750ms
[122.464s][info][gc,metaspace] GC(199) Metaspace: 90969K(114112K)->90969K(114112K) NonClass: 36379K(38080K)->36379K(38080K) Class: 54590K(76032K)->54590K(76032K)
[122.464s][info][gc          ] GC(199) Pause Full (System.gc()) 778M->778M(6143M) 977.023ms
[122.465s][info][gc,metaspace] GC(200) Metaspace: 90969K(114112K)->90969K(114112K) NonClass: 36379K(38080K)->36379K(38080K) Class: 54590K(76032K)->54590K(76032K)
[122.465s][info][gc          ] GC(200) Pause Young (System.gc()) 778M->778M(6143M) 0.850ms
[123.406s][info][gc,metaspace] GC(201) Metaspace: 90969K(114112K)->90969K(114112K) NonClass: 36379K(38080K)->36379K(38080K) Class: 54590K(76032K)->54590K(76032K)
[123.406s][info][gc          ] GC(201) Pause Full (System.gc()) 778M->778M(6143M) 941.075ms
[123.407s][info][gc,metaspace] GC(202) Metaspace: 90969K(114112K)->90969K(114112K) NonClass: 36379K(38080K)->36379K(38080K) Class: 54590K(76032K)->54590K(76032K)
[123.407s][info][gc          ] GC(202) Pause Young (System.gc()) 778M->778M(6143M) 0.517ms
[124.228s][info][gc,metaspace] GC(203) Metaspace: 90969K(114112K)->90969K(114112K) NonClass: 36379K(38080K)->36379K(38080K) Class: 54590K(76032K)->54590K(76032K)
[124.228s][info][gc          ] GC(203) Pause Full (System.gc()) 778M->778M(6143M) 821.192ms
[124.229s][info][gc,metaspace] GC(204) Metaspace: 90969K(114112K)->90969K(114112K) NonClass: 36379K(38080K)->36379K(38080K) Class: 54590K(76032K)->54590K(76032K)
[124.229s][info][gc          ] GC(204) Pause Young (System.gc()) 778M->778M(6143M) 0.824ms
[125.202s][info][gc,metaspace] GC(205) Metaspace: 90969K(114112K)->90969K(114112K) NonClass: 36379K(38080K)->36379K(38080K) Class: 54590K(76032K)->54590K(76032K)
[125.202s][info][gc          ] GC(205) Pause Full (System.gc()) 778M->778M(6143M) 973.059ms
[125.203s][info][gc,metaspace] GC(206) Metaspace: 90969K(114112K)->90969K(114112K) NonClass: 36379K(38080K)->36379K(38080K) Class: 54590K(76032K)->54590K(76032K)
[125.203s][info][gc          ] GC(206) Pause Young (System.gc()) 778M->778M(6143M) 0.856ms
[126.142s][info][gc,metaspace] GC(207) Metaspace: 90969K(114112K)->90969K(114112K) NonClass: 36379K(38080K)->36379K(38080K) Class: 54590K(76032K)->54590K(76032K)
[126.142s][info][gc          ] GC(207) Pause Full (System.gc()) 778M->778M(6143M) 938.819ms
[126.143s][info][gc,metaspace] GC(208) Metaspace: 90969K(114112K)->90969K(114112K) NonClass: 36379K(38080K)->36379K(38080K) Class: 54590K(76032K)->54590K(76032K)
[126.143s][info][gc          ] GC(208) Pause Young (System.gc()) 778M->778M(6143M) 0.842ms
[127.096s][info][gc,metaspace] GC(209) Metaspace: 90969K(114112K)->90969K(114112K) NonClass: 36379K(38080K)->36379K(38080K) Class: 54590K(76032K)->54590K(76032K)
[127.096s][info][gc          ] GC(209) Pause Full (System.gc()) 778M->778M(6143M) 952.657ms
After GCs... 
