Done; will start GCs... 
[80.336s][info][gc,metaspace] GC(8) Metaspace: 33540K(35456K)->33540K(35456K) NonClass: 29085K(29952K)->29085K(29952K) Class: 4455K(5504K)->4455K(5504K)
[80.336s][info][gc          ] GC(8) Pause Full (System.gc()) 219M->167M(4085M) 1086.380ms
[81.194s][info][gc,metaspace] GC(9) Metaspace: 33540K(35456K)->33540K(35456K) NonClass: 29085K(29952K)->29085K(29952K) Class: 4455K(5504K)->4455K(5504K)
[81.194s][info][gc          ] GC(9) Pause Full (System.gc()) 167M->167M(4085M) 857.672ms
[82.263s][info][gc,metaspace] GC(10) Metaspace: 33540K(35456K)->33540K(35456K) NonClass: 29085K(29952K)->29085K(29952K) Class: 4455K(5504K)->4455K(5504K)
[82.263s][info][gc          ] GC(10) Pause Full (System.gc()) 167M->167M(4085M) 1068.898ms
[84.269s][info][gc,metaspace] GC(11) Metaspace: 33540K(35456K)->33540K(35456K) NonClass: 29085K(29952K)->29085K(29952K) Class: 4455K(5504K)->4455K(5504K)
[84.269s][info][gc          ] GC(11) Pause Full (System.gc()) 167M->167M(4085M) 2004.903ms
[85.197s][info][gc,metaspace] GC(12) Metaspace: 33540K(35456K)->33540K(35456K) NonClass: 29085K(29952K)->29085K(29952K) Class: 4455K(5504K)->4455K(5504K)
[85.197s][info][gc          ] GC(12) Pause Full (System.gc()) 167M->167M(4085M) 927.069ms
[86.058s][info][gc,metaspace] GC(13) Metaspace: 33540K(35456K)->33540K(35456K) NonClass: 29085K(29952K)->29085K(29952K) Class: 4455K(5504K)->4455K(5504K)
[86.059s][info][gc          ] GC(13) Pause Full (System.gc()) 167M->167M(4085M) 859.727ms
[86.925s][info][gc,metaspace] GC(14) Metaspace: 33540K(35456K)->33540K(35456K) NonClass: 29085K(29952K)->29085K(29952K) Class: 4455K(5504K)->4455K(5504K)
[86.926s][info][gc          ] GC(14) Pause Full (System.gc()) 167M->167M(4085M) 866.627ms
[88.036s][info][gc,metaspace] GC(15) Metaspace: 33540K(35456K)->33540K(35456K) NonClass: 29085K(29952K)->29085K(29952K) Class: 4455K(5504K)->4455K(5504K)
[88.036s][info][gc          ] GC(15) Pause Full (System.gc()) 167M->167M(4085M) 1110.267ms
[90.013s][info][gc,metaspace] GC(16) Metaspace: 33540K(35456K)->33540K(35456K) NonClass: 29085K(29952K)->29085K(29952K) Class: 4455K(5504K)->4455K(5504K)
[90.014s][info][gc          ] GC(16) Pause Full (System.gc()) 167M->167M(4085M) 1976.845ms
[90.984s][info][gc,metaspace] GC(17) Metaspace: 33540K(35456K)->33540K(35456K) NonClass: 29085K(29952K)->29085K(29952K) Class: 4455K(5504K)->4455K(5504K)
[90.984s][info][gc          ] GC(17) Pause Full (System.gc()) 167M->167M(4085M) 968.922ms
[91.837s][info][gc,metaspace] GC(18) Metaspace: 33540K(35456K)->33540K(35456K) NonClass: 29085K(29952K)->29085K(29952K) Class: 4455K(5504K)->4455K(5504K)
[91.838s][info][gc          ] GC(18) Pause Full (System.gc()) 167M->167M(4085M) 850.660ms
[92.931s][info][gc,metaspace] GC(19) Metaspace: 33540K(35456K)->33540K(35456K) NonClass: 29085K(29952K)->29085K(29952K) Class: 4455K(5504K)->4455K(5504K)
[92.931s][info][gc          ] GC(19) Pause Full (System.gc()) 167M->167M(4085M) 1093.463ms
[94.943s][info][gc,metaspace] GC(20) Metaspace: 33540K(35456K)->33540K(35456K) NonClass: 29085K(29952K)->29085K(29952K) Class: 4455K(5504K)->4455K(5504K)
[94.943s][info][gc          ] GC(20) Pause Full (System.gc()) 167M->167M(4085M) 2009.481ms
[96.619s][info][gc,metaspace] GC(21) Metaspace: 33540K(35456K)->33540K(35456K) NonClass: 29085K(29952K)->29085K(29952K) Class: 4455K(5504K)->4455K(5504K)
[96.619s][info][gc          ] GC(21) Pause Full (System.gc()) 167M->167M(4085M) 1675.903ms
[98.183s][info][gc,metaspace] GC(22) Metaspace: 33540K(35456K)->33540K(35456K) NonClass: 29085K(29952K)->29085K(29952K) Class: 4455K(5504K)->4455K(5504K)
[98.183s][info][gc          ] GC(22) Pause Full (System.gc()) 167M->167M(4085M) 1559.676ms
[99.042s][info][gc,metaspace] GC(23) Metaspace: 33540K(35456K)->33540K(35456K) NonClass: 29085K(29952K)->29085K(29952K) Class: 4455K(5504K)->4455K(5504K)
[99.042s][info][gc          ] GC(23) Pause Full (System.gc()) 167M->167M(4085M) 855.669ms
[99.904s][info][gc,metaspace] GC(24) Metaspace: 33540K(35456K)->33540K(35456K) NonClass: 29085K(29952K)->29085K(29952K) Class: 4455K(5504K)->4455K(5504K)
[99.904s][info][gc          ] GC(24) Pause Full (System.gc()) 167M->167M(4085M) 861.104ms
[100.759s][info][gc,metaspace] GC(25) Metaspace: 33540K(35456K)->33540K(35456K) NonClass: 29085K(29952K)->29085K(29952K) Class: 4455K(5504K)->4455K(5504K)
[100.759s][info][gc          ] GC(25) Pause Full (System.gc()) 167M->167M(4085M) 854.851ms
[101.602s][info][gc,metaspace] GC(26) Metaspace: 33541K(35456K)->33541K(35456K) NonClass: 29086K(29952K)->29086K(29952K) Class: 4455K(5504K)->4455K(5504K)
[101.602s][info][gc          ] GC(26) Pause Full (System.gc()) 167M->167M(4085M) 841.252ms
[102.458s][info][gc,metaspace] GC(27) Metaspace: 33541K(35456K)->33541K(35456K) NonClass: 29086K(29952K)->29086K(29952K) Class: 4455K(5504K)->4455K(5504K)
[102.458s][info][gc          ] GC(27) Pause Full (System.gc()) 167M->167M(4085M) 854.326ms
[104.141s][info][gc,metaspace] GC(28) Metaspace: 33541K(35456K)->33541K(35456K) NonClass: 29086K(29952K)->29086K(29952K) Class: 4455K(5504K)->4455K(5504K)
[104.142s][info][gc          ] GC(28) Pause Full (System.gc()) 167M->167M(4085M) 1683.404ms
[105.639s][info][gc,metaspace] GC(29) Metaspace: 33541K(35456K)->33541K(35456K) NonClass: 29086K(29952K)->29086K(29952K) Class: 4455K(5504K)->4455K(5504K)
[105.640s][info][gc          ] GC(29) Pause Full (System.gc()) 167M->167M(4085M) 1497.414ms
[106.827s][info][gc,metaspace] GC(30) Metaspace: 33541K(35456K)->33541K(35456K) NonClass: 29086K(29952K)->29086K(29952K) Class: 4455K(5504K)->4455K(5504K)
[106.827s][info][gc          ] GC(30) Pause Full (System.gc()) 167M->167M(4085M) 1186.974ms
[108.828s][info][gc,metaspace] GC(31) Metaspace: 33541K(35456K)->33541K(35456K) NonClass: 29086K(29952K)->29086K(29952K) Class: 4455K(5504K)->4455K(5504K)
[108.828s][info][gc          ] GC(31) Pause Full (System.gc()) 167M->167M(4085M) 2000.832ms
[109.694s][info][gc,metaspace] GC(32) Metaspace: 33541K(35456K)->33541K(35456K) NonClass: 29086K(29952K)->29086K(29952K) Class: 4455K(5504K)->4455K(5504K)
[109.694s][info][gc          ] GC(32) Pause Full (System.gc()) 167M->167M(4085M) 865.825ms
[110.544s][info][gc,metaspace] GC(33) Metaspace: 33541K(35456K)->33541K(35456K) NonClass: 29086K(29952K)->29086K(29952K) Class: 4455K(5504K)->4455K(5504K)
[110.544s][info][gc          ] GC(33) Pause Full (System.gc()) 167M->167M(4085M) 849.854ms
[111.709s][info][gc,metaspace] GC(34) Metaspace: 33541K(35456K)->33541K(35456K) NonClass: 29086K(29952K)->29086K(29952K) Class: 4455K(5504K)->4455K(5504K)
[111.709s][info][gc          ] GC(34) Pause Full (System.gc()) 167M->167M(4085M) 1164.531ms
[113.706s][info][gc,metaspace] GC(35) Metaspace: 33541K(35456K)->33541K(35456K) NonClass: 29086K(29952K)->29086K(29952K) Class: 4455K(5504K)->4455K(5504K)
[113.707s][info][gc          ] GC(35) Pause Full (System.gc()) 167M->167M(4085M) 1996.893ms
[114.880s][info][gc,metaspace] GC(36) Metaspace: 33541K(35456K)->33541K(35456K) NonClass: 29086K(29952K)->29086K(29952K) Class: 4455K(5504K)->4455K(5504K)
[114.881s][info][gc          ] GC(36) Pause Full (System.gc()) 167M->167M(4085M) 1173.639ms
[116.868s][info][gc,metaspace] GC(37) Metaspace: 33541K(35456K)->33541K(35456K) NonClass: 29086K(29952K)->29086K(29952K) Class: 4455K(5504K)->4455K(5504K)
[116.868s][info][gc          ] GC(37) Pause Full (System.gc()) 167M->167M(4085M) 1987.125ms
[117.751s][info][gc,metaspace] GC(38) Metaspace: 33541K(35456K)->33541K(35456K) NonClass: 29086K(29952K)->29086K(29952K) Class: 4455K(5504K)->4455K(5504K)
[117.751s][info][gc          ] GC(38) Pause Full (System.gc()) 167M->167M(4085M) 882.276ms
[118.828s][info][gc,metaspace] GC(39) Metaspace: 33541K(35456K)->33541K(35456K) NonClass: 29086K(29952K)->29086K(29952K) Class: 4455K(5504K)->4455K(5504K)
[118.828s][info][gc          ] GC(39) Pause Full (System.gc()) 167M->167M(4085M) 1076.581ms
[120.843s][info][gc,metaspace] GC(40) Metaspace: 33541K(35456K)->33541K(35456K) NonClass: 29086K(29952K)->29086K(29952K) Class: 4455K(5504K)->4455K(5504K)
[120.843s][info][gc          ] GC(40) Pause Full (System.gc()) 167M->167M(4085M) 2014.482ms
[121.778s][info][gc,metaspace] GC(41) Metaspace: 33541K(35456K)->33541K(35456K) NonClass: 29086K(29952K)->29086K(29952K) Class: 4455K(5504K)->4455K(5504K)
[121.778s][info][gc          ] GC(41) Pause Full (System.gc()) 167M->167M(4085M) 935.041ms
[122.635s][info][gc,metaspace] GC(42) Metaspace: 33541K(35456K)->33541K(35456K) NonClass: 29086K(29952K)->29086K(29952K) Class: 4455K(5504K)->4455K(5504K)
[122.635s][info][gc          ] GC(42) Pause Full (System.gc()) 167M->167M(4085M) 856.382ms
[123.481s][info][gc,metaspace] GC(43) Metaspace: 33541K(35456K)->33541K(35456K) NonClass: 29086K(29952K)->29086K(29952K) Class: 4455K(5504K)->4455K(5504K)
[123.481s][info][gc          ] GC(43) Pause Full (System.gc()) 167M->167M(4085M) 845.824ms
[124.889s][info][gc,metaspace] GC(44) Metaspace: 33541K(35456K)->33541K(35456K) NonClass: 29086K(29952K)->29086K(29952K) Class: 4455K(5504K)->4455K(5504K)
[124.889s][info][gc          ] GC(44) Pause Full (System.gc()) 167M->167M(4085M) 1407.783ms
[126.767s][info][gc,metaspace] GC(45) Metaspace: 33541K(35456K)->33541K(35456K) NonClass: 29086K(29952K)->29086K(29952K) Class: 4455K(5504K)->4455K(5504K)
[126.767s][info][gc          ] GC(45) Pause Full (System.gc()) 167M->167M(4085M) 1877.647ms
[128.807s][info][gc,metaspace] GC(46) Metaspace: 33541K(35456K)->33541K(35456K) NonClass: 29086K(29952K)->29086K(29952K) Class: 4455K(5504K)->4455K(5504K)
[128.807s][info][gc          ] GC(46) Pause Full (System.gc()) 167M->167M(4085M) 2039.931ms
[129.813s][info][gc,metaspace] GC(47) Metaspace: 33541K(35456K)->33541K(35456K) NonClass: 29086K(29952K)->29086K(29952K) Class: 4455K(5504K)->4455K(5504K)
[129.814s][info][gc          ] GC(47) Pause Full (System.gc()) 167M->167M(4085M) 1005.744ms
[130.674s][info][gc,metaspace] GC(48) Metaspace: 33541K(35456K)->33541K(35456K) NonClass: 29086K(29952K)->29086K(29952K) Class: 4455K(5504K)->4455K(5504K)
[130.674s][info][gc          ] GC(48) Pause Full (System.gc()) 167M->167M(4085M) 860.400ms
[131.841s][info][gc,metaspace] GC(49) Metaspace: 33541K(35456K)->33541K(35456K) NonClass: 29086K(29952K)->29086K(29952K) Class: 4455K(5504K)->4455K(5504K)
[131.841s][info][gc          ] GC(49) Pause Full (System.gc()) 167M->167M(4085M) 1166.506ms
[133.860s][info][gc,metaspace] GC(50) Metaspace: 33541K(35456K)->33541K(35456K) NonClass: 29086K(29952K)->29086K(29952K) Class: 4455K(5504K)->4455K(5504K)
[133.861s][info][gc          ] GC(50) Pause Full (System.gc()) 167M->167M(4085M) 2018.907ms
[134.720s][info][gc,metaspace] GC(51) Metaspace: 33541K(35456K)->33541K(35456K) NonClass: 29086K(29952K)->29086K(29952K) Class: 4455K(5504K)->4455K(5504K)
[134.720s][info][gc          ] GC(51) Pause Full (System.gc()) 167M->167M(4085M) 858.975ms
[135.568s][info][gc,metaspace] GC(52) Metaspace: 33541K(35456K)->33541K(35456K) NonClass: 29086K(29952K)->29086K(29952K) Class: 4455K(5504K)->4455K(5504K)
[135.568s][info][gc          ] GC(52) Pause Full (System.gc()) 167M->167M(4085M) 848.358ms
[136.448s][info][gc,metaspace] GC(53) Metaspace: 33541K(35456K)->33541K(35456K) NonClass: 29086K(29952K)->29086K(29952K) Class: 4455K(5504K)->4455K(5504K)
[136.448s][info][gc          ] GC(53) Pause Full (System.gc()) 167M->167M(4085M) 879.653ms
[137.437s][info][gc,metaspace] GC(54) Metaspace: 33541K(35456K)->33541K(35456K) NonClass: 29086K(29952K)->29086K(29952K) Class: 4455K(5504K)->4455K(5504K)
[137.438s][info][gc          ] GC(54) Pause Full (System.gc()) 167M->167M(4085M) 989.019ms
[139.466s][info][gc,metaspace] GC(55) Metaspace: 33541K(35456K)->33541K(35456K) NonClass: 29086K(29952K)->29086K(29952K) Class: 4455K(5504K)->4455K(5504K)
[139.466s][info][gc          ] GC(55) Pause Full (System.gc()) 167M->167M(4085M) 2027.981ms
[140.812s][info][gc,metaspace] GC(56) Metaspace: 33541K(35456K)->33541K(35456K) NonClass: 29086K(29952K)->29086K(29952K) Class: 4455K(5504K)->4455K(5504K)
[140.812s][info][gc          ] GC(56) Pause Full (System.gc()) 175M->167M(4085M) 1345.741ms
[142.723s][info][gc,metaspace] GC(57) Metaspace: 33541K(35456K)->33541K(35456K) NonClass: 29086K(29952K)->29086K(29952K) Class: 4455K(5504K)->4455K(5504K)
[142.724s][info][gc          ] GC(57) Pause Full (System.gc()) 167M->167M(4085M) 1910.883ms
[143.581s][info][gc,metaspace] GC(58) Metaspace: 33541K(35456K)->33541K(35456K) NonClass: 29086K(29952K)->29086K(29952K) Class: 4455K(5504K)->4455K(5504K)
[143.581s][info][gc          ] GC(58) Pause Full (System.gc()) 167M->167M(4085M) 857.140ms
[144.817s][info][gc,metaspace] GC(59) Metaspace: 33541K(35456K)->33541K(35456K) NonClass: 29086K(29952K)->29086K(29952K) Class: 4455K(5504K)->4455K(5504K)
[144.817s][info][gc          ] GC(59) Pause Full (System.gc()) 167M->167M(4085M) 1235.960ms
[146.696s][info][gc,metaspace] GC(60) Metaspace: 33541K(35456K)->33541K(35456K) NonClass: 29086K(29952K)->29086K(29952K) Class: 4455K(5504K)->4455K(5504K)
[146.696s][info][gc          ] GC(60) Pause Full (System.gc()) 167M->167M(4085M) 1877.974ms
[147.897s][info][gc,metaspace] GC(61) Metaspace: 33541K(35456K)->33541K(35456K) NonClass: 29086K(29952K)->29086K(29952K) Class: 4455K(5504K)->4455K(5504K)
[147.897s][info][gc          ] GC(61) Pause Full (System.gc()) 167M->167M(4085M) 1200.798ms
[149.896s][info][gc,metaspace] GC(62) Metaspace: 33541K(35456K)->33541K(35456K) NonClass: 29086K(29952K)->29086K(29952K) Class: 4455K(5504K)->4455K(5504K)
[149.896s][info][gc          ] GC(62) Pause Full (System.gc()) 167M->167M(4085M) 1998.358ms
[150.767s][info][gc,metaspace] GC(63) Metaspace: 33541K(35456K)->33541K(35456K) NonClass: 29086K(29952K)->29086K(29952K) Class: 4455K(5504K)->4455K(5504K)
[150.768s][info][gc          ] GC(63) Pause Full (System.gc()) 167M->167M(4085M) 871.255ms
[151.930s][info][gc,metaspace] GC(64) Metaspace: 33541K(35456K)->33541K(35456K) NonClass: 29086K(29952K)->29086K(29952K) Class: 4455K(5504K)->4455K(5504K)
[151.931s][info][gc          ] GC(64) Pause Full (System.gc()) 167M->167M(4085M) 1162.910ms
[153.926s][info][gc,metaspace] GC(65) Metaspace: 33541K(35456K)->33541K(35456K) NonClass: 29086K(29952K)->29086K(29952K) Class: 4455K(5504K)->4455K(5504K)
[153.927s][info][gc          ] GC(65) Pause Full (System.gc()) 167M->167M(4085M) 1995.500ms
[155.344s][info][gc,metaspace] GC(66) Metaspace: 33541K(35456K)->33541K(35456K) NonClass: 29086K(29952K)->29086K(29952K) Class: 4455K(5504K)->4455K(5504K)
[155.344s][info][gc          ] GC(66) Pause Full (System.gc()) 167M->167M(4085M) 1417.110ms
[157.116s][info][gc,metaspace] GC(67) Metaspace: 33541K(35456K)->33541K(35456K) NonClass: 29086K(29952K)->29086K(29952K) Class: 4455K(5504K)->4455K(5504K)
[157.116s][info][gc          ] GC(67) Pause Full (System.gc()) 167M->167M(4085M) 1770.926ms
[157.977s][info][gc,metaspace] GC(68) Metaspace: 33541K(35456K)->33541K(35456K) NonClass: 29086K(29952K)->29086K(29952K) Class: 4455K(5504K)->4455K(5504K)
[157.977s][info][gc          ] GC(68) Pause Full (System.gc()) 167M->167M(4085M) 860.940ms
[158.827s][info][gc,metaspace] GC(69) Metaspace: 33541K(35456K)->33541K(35456K) NonClass: 29086K(29952K)->29086K(29952K) Class: 4455K(5504K)->4455K(5504K)
[158.827s][info][gc          ] GC(69) Pause Full (System.gc()) 167M->167M(4085M) 850.220ms
[160.270s][info][gc,metaspace] GC(70) Metaspace: 33541K(35456K)->33541K(35456K) NonClass: 29086K(29952K)->29086K(29952K) Class: 4455K(5504K)->4455K(5504K)
[160.270s][info][gc          ] GC(70) Pause Full (System.gc()) 167M->167M(4085M) 1442.760ms
[162.017s][info][gc,metaspace] GC(71) Metaspace: 33541K(35456K)->33541K(35456K) NonClass: 29086K(29952K)->29086K(29952K) Class: 4455K(5504K)->4455K(5504K)
[162.017s][info][gc          ] GC(71) Pause Full (System.gc()) 167M->167M(4085M) 1745.839ms
[162.879s][info][gc,metaspace] GC(72) Metaspace: 33541K(35456K)->33541K(35456K) NonClass: 29086K(29952K)->29086K(29952K) Class: 4455K(5504K)->4455K(5504K)
[162.879s][info][gc          ] GC(72) Pause Full (System.gc()) 167M->167M(4085M) 862.472ms
[164.003s][info][gc,metaspace] GC(73) Metaspace: 33541K(35456K)->33541K(35456K) NonClass: 29086K(29952K)->29086K(29952K) Class: 4455K(5504K)->4455K(5504K)
[164.003s][info][gc          ] GC(73) Pause Full (System.gc()) 167M->167M(4085M) 1123.216ms
[166.016s][info][gc,metaspace] GC(74) Metaspace: 33541K(35456K)->33541K(35456K) NonClass: 29086K(29952K)->29086K(29952K) Class: 4455K(5504K)->4455K(5504K)
[166.016s][info][gc          ] GC(74) Pause Full (System.gc()) 167M->167M(4085M) 2012.802ms
[167.928s][info][gc,metaspace] GC(75) Metaspace: 33541K(35456K)->33541K(35456K) NonClass: 29086K(29952K)->29086K(29952K) Class: 4455K(5504K)->4455K(5504K)
[167.928s][info][gc          ] GC(75) Pause Full (System.gc()) 167M->167M(4085M) 1911.394ms
[169.167s][info][gc,metaspace] GC(76) Metaspace: 33541K(35456K)->33541K(35456K) NonClass: 29086K(29952K)->29086K(29952K) Class: 4455K(5504K)->4455K(5504K)
[169.167s][info][gc          ] GC(76) Pause Full (System.gc()) 167M->167M(4085M) 1238.633ms
[170.028s][info][gc,metaspace] GC(77) Metaspace: 33541K(35456K)->33541K(35456K) NonClass: 29086K(29952K)->29086K(29952K) Class: 4455K(5504K)->4455K(5504K)
[170.028s][info][gc          ] GC(77) Pause Full (System.gc()) 167M->167M(4085M) 860.855ms
[170.877s][info][gc,metaspace] GC(78) Metaspace: 33541K(35456K)->33541K(35456K) NonClass: 29086K(29952K)->29086K(29952K) Class: 4455K(5504K)->4455K(5504K)
[170.877s][info][gc          ] GC(78) Pause Full (System.gc()) 167M->167M(4085M) 848.259ms
[172.320s][info][gc,metaspace] GC(79) Metaspace: 33541K(35456K)->33541K(35456K) NonClass: 29086K(29952K)->29086K(29952K) Class: 4455K(5504K)->4455K(5504K)
[172.321s][info][gc          ] GC(79) Pause Full (System.gc()) 167M->167M(4085M) 1443.454ms
[174.069s][info][gc,metaspace] GC(80) Metaspace: 33541K(35456K)->33541K(35456K) NonClass: 29086K(29952K)->29086K(29952K) Class: 4455K(5504K)->4455K(5504K)
[174.069s][info][gc          ] GC(80) Pause Full (System.gc()) 167M->167M(4085M) 1747.645ms
[174.940s][info][gc,metaspace] GC(81) Metaspace: 33541K(35456K)->33541K(35456K) NonClass: 29086K(29952K)->29086K(29952K) Class: 4455K(5504K)->4455K(5504K)
[174.941s][info][gc          ] GC(81) Pause Full (System.gc()) 167M->167M(4085M) 871.665ms
[175.794s][info][gc,metaspace] GC(82) Metaspace: 33541K(35456K)->33541K(35456K) NonClass: 29086K(29952K)->29086K(29952K) Class: 4455K(5504K)->4455K(5504K)
[175.794s][info][gc          ] GC(82) Pause Full (System.gc()) 167M->167M(4085M) 853.130ms
[176.643s][info][gc,metaspace] GC(83) Metaspace: 33541K(35456K)->33541K(35456K) NonClass: 29086K(29952K)->29086K(29952K) Class: 4455K(5504K)->4455K(5504K)
[176.643s][info][gc          ] GC(83) Pause Full (System.gc()) 167M->167M(4085M) 848.797ms
[177.503s][info][gc,metaspace] GC(84) Metaspace: 33541K(35456K)->33541K(35456K) NonClass: 29086K(29952K)->29086K(29952K) Class: 4455K(5504K)->4455K(5504K)
[177.503s][info][gc          ] GC(84) Pause Full (System.gc()) 167M->167M(4085M) 860.405ms
[179.393s][info][gc,metaspace] GC(85) Metaspace: 33541K(35456K)->33541K(35456K) NonClass: 29086K(29952K)->29086K(29952K) Class: 4455K(5504K)->4455K(5504K)
[179.393s][info][gc          ] GC(85) Pause Full (System.gc()) 167M->167M(4085M) 1889.578ms
[180.643s][info][gc,metaspace] GC(86) Metaspace: 33541K(35456K)->33541K(35456K) NonClass: 29086K(29952K)->29086K(29952K) Class: 4455K(5504K)->4455K(5504K)
[180.643s][info][gc          ] GC(86) Pause Full (System.gc()) 167M->167M(4085M) 1249.300ms
[181.510s][info][gc,metaspace] GC(87) Metaspace: 33541K(35456K)->33541K(35456K) NonClass: 29086K(29952K)->29086K(29952K) Class: 4455K(5504K)->4455K(5504K)
[181.510s][info][gc          ] GC(87) Pause Full (System.gc()) 167M->167M(4085M) 867.040ms
[182.363s][info][gc,metaspace] GC(88) Metaspace: 33541K(35456K)->33541K(35456K) NonClass: 29086K(29952K)->29086K(29952K) Class: 4455K(5504K)->4455K(5504K)
[182.363s][info][gc          ] GC(88) Pause Full (System.gc()) 167M->167M(4085M) 852.860ms
[183.214s][info][gc,metaspace] GC(89) Metaspace: 33541K(35456K)->33541K(35456K) NonClass: 29086K(29952K)->29086K(29952K) Class: 4455K(5504K)->4455K(5504K)
[183.214s][info][gc          ] GC(89) Pause Full (System.gc()) 167M->167M(4085M) 850.691ms
[185.057s][info][gc,metaspace] GC(90) Metaspace: 33541K(35456K)->33541K(35456K) NonClass: 29086K(29952K)->29086K(29952K) Class: 4455K(5504K)->4455K(5504K)
[185.057s][info][gc          ] GC(90) Pause Full (System.gc()) 167M->167M(4085M) 1842.648ms
[186.385s][info][gc,metaspace] GC(91) Metaspace: 33541K(35456K)->33541K(35456K) NonClass: 29086K(29952K)->29086K(29952K) Class: 4455K(5504K)->4455K(5504K)
[186.385s][info][gc          ] GC(91) Pause Full (System.gc()) 167M->167M(4085M) 1326.912ms
[187.263s][info][gc,metaspace] GC(92) Metaspace: 33541K(35456K)->33541K(35456K) NonClass: 29086K(29952K)->29086K(29952K) Class: 4455K(5504K)->4455K(5504K)
[187.264s][info][gc          ] GC(92) Pause Full (System.gc()) 167M->167M(4085M) 878.550ms
[188.371s][info][gc,metaspace] GC(93) Metaspace: 33541K(35456K)->33541K(35456K) NonClass: 29086K(29952K)->29086K(29952K) Class: 4455K(5504K)->4455K(5504K)
[188.371s][info][gc          ] GC(93) Pause Full (System.gc()) 167M->167M(4085M) 1107.171ms
[190.370s][info][gc,metaspace] GC(94) Metaspace: 33541K(35456K)->33541K(35456K) NonClass: 29086K(29952K)->29086K(29952K) Class: 4455K(5504K)->4455K(5504K)
[190.370s][info][gc          ] GC(94) Pause Full (System.gc()) 167M->167M(4085M) 1998.135ms
[191.286s][info][gc,metaspace] GC(95) Metaspace: 33541K(35456K)->33541K(35456K) NonClass: 29086K(29952K)->29086K(29952K) Class: 4455K(5504K)->4455K(5504K)
[191.287s][info][gc          ] GC(95) Pause Full (System.gc()) 167M->167M(4085M) 916.178ms
[192.435s][info][gc,metaspace] GC(96) Metaspace: 33541K(35456K)->33541K(35456K) NonClass: 29086K(29952K)->29086K(29952K) Class: 4455K(5504K)->4455K(5504K)
[192.435s][info][gc          ] GC(96) Pause Full (System.gc()) 167M->167M(4085M) 1148.551ms
[194.403s][info][gc,metaspace] GC(97) Metaspace: 33541K(35456K)->33541K(35456K) NonClass: 29086K(29952K)->29086K(29952K) Class: 4455K(5504K)->4455K(5504K)
[194.403s][info][gc          ] GC(97) Pause Full (System.gc()) 167M->167M(4085M) 1967.413ms
[195.268s][info][gc,metaspace] GC(98) Metaspace: 33541K(35456K)->33541K(35456K) NonClass: 29086K(29952K)->29086K(29952K) Class: 4455K(5504K)->4455K(5504K)
[195.268s][info][gc          ] GC(98) Pause Full (System.gc()) 167M->167M(4085M) 864.954ms
[196.133s][info][gc,metaspace] GC(99) Metaspace: 33541K(35456K)->33541K(35456K) NonClass: 29086K(29952K)->29086K(29952K) Class: 4455K(5504K)->4455K(5504K)
[196.133s][info][gc          ] GC(99) Pause Full (System.gc()) 167M->167M(4085M) 864.416ms
[197.237s][info][gc,metaspace] GC(100) Metaspace: 33541K(35456K)->33541K(35456K) NonClass: 29086K(29952K)->29086K(29952K) Class: 4455K(5504K)->4455K(5504K)
[197.238s][info][gc          ] GC(100) Pause Full (System.gc()) 167M->167M(4085M) 1104.423ms
[199.264s][info][gc,metaspace] GC(101) Metaspace: 33541K(35456K)->33541K(35456K) NonClass: 29086K(29952K)->29086K(29952K) Class: 4455K(5504K)->4455K(5504K)
[199.264s][info][gc          ] GC(101) Pause Full (System.gc()) 167M->167M(4085M) 2025.379ms
[200.120s][info][gc,metaspace] GC(102) Metaspace: 33541K(35456K)->33541K(35456K) NonClass: 29086K(29952K)->29086K(29952K) Class: 4455K(5504K)->4455K(5504K)
[200.120s][info][gc          ] GC(102) Pause Full (System.gc()) 167M->167M(4085M) 855.979ms
[202.072s][info][gc,metaspace] GC(103) Metaspace: 33541K(35456K)->33541K(35456K) NonClass: 29086K(29952K)->29086K(29952K) Class: 4455K(5504K)->4455K(5504K)
[202.072s][info][gc          ] GC(103) Pause Full (System.gc()) 167M->167M(4085M) 1950.463ms
[203.318s][info][gc,metaspace] GC(104) Metaspace: 33541K(35456K)->33541K(35456K) NonClass: 29086K(29952K)->29086K(29952K) Class: 4455K(5504K)->4455K(5504K)
[203.318s][info][gc          ] GC(104) Pause Full (System.gc()) 167M->167M(4085M) 1245.351ms
[204.165s][info][gc,metaspace] GC(105) Metaspace: 33541K(35456K)->33541K(35456K) NonClass: 29086K(29952K)->29086K(29952K) Class: 4455K(5504K)->4455K(5504K)
[204.166s][info][gc          ] GC(105) Pause Full (System.gc()) 175M->167M(4085M) 847.579ms
[205.028s][info][gc,metaspace] GC(106) Metaspace: 33541K(35456K)->33541K(35456K) NonClass: 29086K(29952K)->29086K(29952K) Class: 4455K(5504K)->4455K(5504K)
[205.028s][info][gc          ] GC(106) Pause Full (System.gc()) 167M->167M(4085M) 862.260ms
[206.587s][info][gc,metaspace] GC(107) Metaspace: 33541K(35456K)->33541K(35456K) NonClass: 29086K(29952K)->29086K(29952K) Class: 4455K(5504K)->4455K(5504K)
[206.587s][info][gc          ] GC(107) Pause Full (System.gc()) 167M->167M(4085M) 1558.619ms
After GCs... 
