[0.001s][info][metaspace]  - commit_granule_bytes: 65536.
[0.001s][info][metaspace]  - commit_granule_words: 8192.
[0.001s][info][metaspace]  - virtual_space_node_default_size: 8388608.
[0.001s][info][metaspace]  - enlarge_chunks_in_place: 1.
[0.001s][info][metaspace]  - use_allocation_guard: 0.
[0.005s][info][gc       ] Using G1
[0.444s][info][metaspace] Reserving compressed class space anywhere
[0.444s][info][gc,metaspace] CDS archive(s) not mapped
[0.444s][info][gc,metaspace] Compressed class space mapped at: 0x0000000009000000-0x00000000c9000000, reserved size: 3221225472
[0.444s][info][gc,metaspace] Narrow klass base: 0x0000000000000000, Narrow klass shift: 0, Narrow klass range: 0xc9000000
Num Classes: 2048
Num Objects per Class: 32768
Cycles: 100
Class association: random
Generate 2048 classes...[1.326s][info][gc,metaspace] GC(0) Metaspace: 21975K(22144K)->21975K(22144K) NonClass: 19669K(19776K)->19669K(19776K) Class: 2305K(2368K)->2305K(2368K)
[1.326s][info][gc          ] GC(0) Pause Young (Normal) (G1 Evacuation Pause) 304M->5M(6144M) 5.283ms
[1.732s][info][gc,metaspace] GC(1) Metaspace: 22270K(22464K)->22270K(22464K) NonClass: 19964K(20096K)->19964K(20096K) Class: 2305K(2368K)->2305K(2368K)
[1.732s][info][gc          ] GC(1) Pause Young (Normal) (G1 Evacuation Pause) 321M->5M(6144M) 4.125ms
[4.740s][info][gc,metaspace] GC(2) Metaspace: 23667K(23872K)->23667K(23872K) NonClass: 21359K(21504K)->21359K(21504K) Class: 2307K(2368K)->2307K(2368K)
[4.740s][info][gc          ] GC(2) Pause Young (Normal) (G1 Evacuation Pause) 3681M->6M(6144M) 4.192ms
[7.499s][info][gc,metaspace] GC(3) Metaspace: 23792K(24000K)->23792K(24000K) NonClass: 21485K(21632K)->21485K(21632K) Class: 2307K(2368K)->2307K(2368K)
[7.499s][info][gc          ] GC(3) Pause Young (Normal) (G1 Evacuation Pause) 3682M->6M(6144M) 4.006ms

Loading 2048...[7.860s][info][gc,metaspace] GC(4) Metaspace: 25945K(26176K)->25945K(26176K) NonClass: 22562K(22720K)->22562K(22720K) Class: 3383K(3456K)->3383K(3456K)
[7.860s][info][gc          ] GC(4) Pause Full (System.gc()) 456M->5M(6144M) 19.265ms
Creating 32768 objects per class...
Done; will start GCs... 
[17.633s][info][gc,metaspace] GC(5) Metaspace: 33403K(35328K)->33403K(35328K) NonClass: 28947K(29824K)->28947K(29824K) Class: 4455K(5504K)->4455K(5504K)
[17.633s][info][gc          ] GC(5) Pause Full (System.gc()) 1323M->1291M(6144M) 490.187ms
[18.082s][info][gc,metaspace] GC(6) Metaspace: 33403K(35328K)->33403K(35328K) NonClass: 28947K(29824K)->28947K(29824K) Class: 4455K(5504K)->4455K(5504K)
[18.082s][info][gc          ] GC(6) Pause Full (System.gc()) 1291M->1291M(6144M) 448.926ms
[18.481s][info][gc,metaspace] GC(7) Metaspace: 33403K(35328K)->33403K(35328K) NonClass: 28947K(29824K)->28947K(29824K) Class: 4455K(5504K)->4455K(5504K)
[18.481s][info][gc          ] GC(7) Pause Full (System.gc()) 1291M->1291M(6144M) 398.855ms
[18.939s][info][gc,metaspace] GC(8) Metaspace: 33404K(35328K)->33404K(35328K) NonClass: 28948K(29824K)->28948K(29824K) Class: 4455K(5504K)->4455K(5504K)
[18.939s][info][gc          ] GC(8) Pause Full (System.gc()) 1291M->1291M(6144M) 457.026ms
[19.375s][info][gc,metaspace] GC(9) Metaspace: 33404K(35328K)->33404K(35328K) NonClass: 28948K(29824K)->28948K(29824K) Class: 4455K(5504K)->4455K(5504K)
[19.375s][info][gc          ] GC(9) Pause Full (System.gc()) 1291M->1291M(6144M) 436.607ms
[19.817s][info][gc,metaspace] GC(10) Metaspace: 33404K(35328K)->33404K(35328K) NonClass: 28948K(29824K)->28948K(29824K) Class: 4455K(5504K)->4455K(5504K)
[19.817s][info][gc          ] GC(10) Pause Full (System.gc()) 1291M->1291M(6144M) 441.635ms
[20.278s][info][gc,metaspace] GC(11) Metaspace: 33404K(35328K)->33404K(35328K) NonClass: 28948K(29824K)->28948K(29824K) Class: 4455K(5504K)->4455K(5504K)
[20.278s][info][gc          ] GC(11) Pause Full (System.gc()) 1291M->1291M(6144M) 460.309ms
[20.713s][info][gc,metaspace] GC(12) Metaspace: 33404K(35328K)->33404K(35328K) NonClass: 28948K(29824K)->28948K(29824K) Class: 4455K(5504K)->4455K(5504K)
[20.713s][info][gc          ] GC(12) Pause Full (System.gc()) 1291M->1291M(6144M) 434.711ms
[21.184s][info][gc,metaspace] GC(13) Metaspace: 33404K(35328K)->33404K(35328K) NonClass: 28948K(29824K)->28948K(29824K) Class: 4455K(5504K)->4455K(5504K)
[21.184s][info][gc          ] GC(13) Pause Full (System.gc()) 1291M->1291M(6144M) 471.102ms
[21.606s][info][gc,metaspace] GC(14) Metaspace: 33404K(35328K)->33404K(35328K) NonClass: 28948K(29824K)->28948K(29824K) Class: 4455K(5504K)->4455K(5504K)
[21.606s][info][gc          ] GC(14) Pause Full (System.gc()) 1291M->1291M(6144M) 421.908ms
[22.065s][info][gc,metaspace] GC(15) Metaspace: 33404K(35328K)->33404K(35328K) NonClass: 28948K(29824K)->28948K(29824K) Class: 4455K(5504K)->4455K(5504K)
[22.065s][info][gc          ] GC(15) Pause Full (System.gc()) 1291M->1291M(6144M) 458.776ms
[22.491s][info][gc,metaspace] GC(16) Metaspace: 33404K(35328K)->33404K(35328K) NonClass: 28948K(29824K)->28948K(29824K) Class: 4455K(5504K)->4455K(5504K)
[22.491s][info][gc          ] GC(16) Pause Full (System.gc()) 1291M->1291M(6144M) 425.931ms
[22.958s][info][gc,metaspace] GC(17) Metaspace: 33404K(35328K)->33404K(35328K) NonClass: 28948K(29824K)->28948K(29824K) Class: 4455K(5504K)->4455K(5504K)
[22.958s][info][gc          ] GC(17) Pause Full (System.gc()) 1291M->1291M(6144M) 462.676ms
[23.398s][info][gc,metaspace] GC(18) Metaspace: 33404K(35328K)->33404K(35328K) NonClass: 28948K(29824K)->28948K(29824K) Class: 4455K(5504K)->4455K(5504K)
[23.398s][info][gc          ] GC(18) Pause Full (System.gc()) 1291M->1291M(6144M) 439.636ms
[23.827s][info][gc,metaspace] GC(19) Metaspace: 33404K(35328K)->33404K(35328K) NonClass: 28948K(29824K)->28948K(29824K) Class: 4455K(5504K)->4455K(5504K)
[23.827s][info][gc          ] GC(19) Pause Full (System.gc()) 1291M->1291M(6144M) 429.083ms
[24.299s][info][gc,metaspace] GC(20) Metaspace: 33404K(35328K)->33404K(35328K) NonClass: 28948K(29824K)->28948K(29824K) Class: 4455K(5504K)->4455K(5504K)
[24.299s][info][gc          ] GC(20) Pause Full (System.gc()) 1291M->1291M(6144M) 471.355ms
[24.705s][info][gc,metaspace] GC(21) Metaspace: 33404K(35328K)->33404K(35328K) NonClass: 28948K(29824K)->28948K(29824K) Class: 4455K(5504K)->4455K(5504K)
[24.705s][info][gc          ] GC(21) Pause Full (System.gc()) 1291M->1291M(6144M) 406.419ms
[25.180s][info][gc,metaspace] GC(22) Metaspace: 33404K(35328K)->33404K(35328K) NonClass: 28948K(29824K)->28948K(29824K) Class: 4455K(5504K)->4455K(5504K)
[25.180s][info][gc          ] GC(22) Pause Full (System.gc()) 1291M->1291M(6144M) 474.330ms
[25.605s][info][gc,metaspace] GC(23) Metaspace: 33404K(35328K)->33404K(35328K) NonClass: 28948K(29824K)->28948K(29824K) Class: 4455K(5504K)->4455K(5504K)
[25.605s][info][gc          ] GC(23) Pause Full (System.gc()) 1291M->1291M(6144M) 425.593ms
[26.049s][info][gc,metaspace] GC(24) Metaspace: 33404K(35328K)->33404K(35328K) NonClass: 28948K(29824K)->28948K(29824K) Class: 4455K(5504K)->4455K(5504K)
[26.049s][info][gc          ] GC(24) Pause Full (System.gc()) 1291M->1291M(6144M) 443.564ms
[26.458s][info][gc,metaspace] GC(25) Metaspace: 33404K(35328K)->33404K(35328K) NonClass: 28948K(29824K)->28948K(29824K) Class: 4455K(5504K)->4455K(5504K)
[26.458s][info][gc          ] GC(25) Pause Full (System.gc()) 1291M->1291M(6144M) 408.679ms
[26.865s][info][gc,metaspace] GC(26) Metaspace: 33404K(35328K)->33404K(35328K) NonClass: 28948K(29824K)->28948K(29824K) Class: 4455K(5504K)->4455K(5504K)
[26.865s][info][gc          ] GC(26) Pause Full (System.gc()) 1291M->1291M(6144M) 406.630ms
[27.327s][info][gc,metaspace] GC(27) Metaspace: 33404K(35328K)->33404K(35328K) NonClass: 28948K(29824K)->28948K(29824K) Class: 4455K(5504K)->4455K(5504K)
[27.327s][info][gc          ] GC(27) Pause Full (System.gc()) 1291M->1291M(6144M) 462.536ms
[27.745s][info][gc,metaspace] GC(28) Metaspace: 33404K(35328K)->33404K(35328K) NonClass: 28948K(29824K)->28948K(29824K) Class: 4455K(5504K)->4455K(5504K)
[27.745s][info][gc          ] GC(28) Pause Full (System.gc()) 1291M->1291M(6144M) 417.395ms
[28.220s][info][gc,metaspace] GC(29) Metaspace: 33404K(35328K)->33404K(35328K) NonClass: 28948K(29824K)->28948K(29824K) Class: 4455K(5504K)->4455K(5504K)
[28.220s][info][gc          ] GC(29) Pause Full (System.gc()) 1291M->1291M(6144M) 475.011ms
[28.647s][info][gc,metaspace] GC(30) Metaspace: 33404K(35328K)->33404K(35328K) NonClass: 28948K(29824K)->28948K(29824K) Class: 4455K(5504K)->4455K(5504K)
[28.647s][info][gc          ] GC(30) Pause Full (System.gc()) 1291M->1291M(6144M) 427.457ms
[29.095s][info][gc,metaspace] GC(31) Metaspace: 33404K(35328K)->33404K(35328K) NonClass: 28948K(29824K)->28948K(29824K) Class: 4455K(5504K)->4455K(5504K)
[29.095s][info][gc          ] GC(31) Pause Full (System.gc()) 1291M->1291M(6144M) 447.708ms
[29.522s][info][gc,metaspace] GC(32) Metaspace: 33404K(35328K)->33404K(35328K) NonClass: 28948K(29824K)->28948K(29824K) Class: 4455K(5504K)->4455K(5504K)
[29.522s][info][gc          ] GC(32) Pause Full (System.gc()) 1291M->1291M(6144M) 426.182ms
[29.975s][info][gc,metaspace] GC(33) Metaspace: 33404K(35328K)->33404K(35328K) NonClass: 28948K(29824K)->28948K(29824K) Class: 4455K(5504K)->4455K(5504K)
[29.975s][info][gc          ] GC(33) Pause Full (System.gc()) 1291M->1291M(6144M) 453.045ms
[30.398s][info][gc,metaspace] GC(34) Metaspace: 33404K(35328K)->33404K(35328K) NonClass: 28948K(29824K)->28948K(29824K) Class: 4455K(5504K)->4455K(5504K)
[30.398s][info][gc          ] GC(34) Pause Full (System.gc()) 1291M->1291M(6144M) 423.522ms
[30.823s][info][gc,metaspace] GC(35) Metaspace: 33404K(35328K)->33404K(35328K) NonClass: 28948K(29824K)->28948K(29824K) Class: 4455K(5504K)->4455K(5504K)
[30.823s][info][gc          ] GC(35) Pause Full (System.gc()) 1291M->1291M(6144M) 424.760ms
[31.269s][info][gc,metaspace] GC(36) Metaspace: 33404K(35328K)->33404K(35328K) NonClass: 28948K(29824K)->28948K(29824K) Class: 4455K(5504K)->4455K(5504K)
[31.269s][info][gc          ] GC(36) Pause Full (System.gc()) 1291M->1291M(6144M) 445.677ms
[31.710s][info][gc,metaspace] GC(37) Metaspace: 33404K(35328K)->33404K(35328K) NonClass: 28948K(29824K)->28948K(29824K) Class: 4455K(5504K)->4455K(5504K)
[31.710s][info][gc          ] GC(37) Pause Full (System.gc()) 1291M->1291M(6144M) 440.646ms
[32.182s][info][gc,metaspace] GC(38) Metaspace: 33404K(35328K)->33404K(35328K) NonClass: 28948K(29824K)->28948K(29824K) Class: 4455K(5504K)->4455K(5504K)
[32.182s][info][gc          ] GC(38) Pause Full (System.gc()) 1291M->1291M(6144M) 472.281ms
[32.595s][info][gc,metaspace] GC(39) Metaspace: 33404K(35328K)->33404K(35328K) NonClass: 28948K(29824K)->28948K(29824K) Class: 4455K(5504K)->4455K(5504K)
[32.595s][info][gc          ] GC(39) Pause Full (System.gc()) 1291M->1291M(6144M) 412.686ms
[33.044s][info][gc,metaspace] GC(40) Metaspace: 33404K(35328K)->33404K(35328K) NonClass: 28948K(29824K)->28948K(29824K) Class: 4455K(5504K)->4455K(5504K)
[33.044s][info][gc          ] GC(40) Pause Full (System.gc()) 1291M->1291M(6144M) 449.082ms
[33.502s][info][gc,metaspace] GC(41) Metaspace: 33404K(35328K)->33404K(35328K) NonClass: 28948K(29824K)->28948K(29824K) Class: 4455K(5504K)->4455K(5504K)
[33.502s][info][gc          ] GC(41) Pause Full (System.gc()) 1291M->1291M(6144M) 453.934ms
[33.955s][info][gc,metaspace] GC(42) Metaspace: 33404K(35328K)->33404K(35328K) NonClass: 28948K(29824K)->28948K(29824K) Class: 4455K(5504K)->4455K(5504K)
[33.955s][info][gc          ] GC(42) Pause Full (System.gc()) 1291M->1291M(6144M) 452.322ms
[34.380s][info][gc,metaspace] GC(43) Metaspace: 33404K(35328K)->33404K(35328K) NonClass: 28948K(29824K)->28948K(29824K) Class: 4455K(5504K)->4455K(5504K)
[34.380s][info][gc          ] GC(43) Pause Full (System.gc()) 1291M->1291M(6144M) 425.464ms
[34.806s][info][gc,metaspace] GC(44) Metaspace: 33404K(35328K)->33404K(35328K) NonClass: 28948K(29824K)->28948K(29824K) Class: 4455K(5504K)->4455K(5504K)
[34.806s][info][gc          ] GC(44) Pause Full (System.gc()) 1291M->1291M(6144M) 425.628ms
[35.268s][info][gc,metaspace] GC(45) Metaspace: 33404K(35328K)->33404K(35328K) NonClass: 28948K(29824K)->28948K(29824K) Class: 4455K(5504K)->4455K(5504K)
[35.268s][info][gc          ] GC(45) Pause Full (System.gc()) 1291M->1291M(6144M) 462.153ms
[35.663s][info][gc,metaspace] GC(46) Metaspace: 33404K(35328K)->33404K(35328K) NonClass: 28948K(29824K)->28948K(29824K) Class: 4455K(5504K)->4455K(5504K)
[35.663s][info][gc          ] GC(46) Pause Full (System.gc()) 1291M->1291M(6144M) 394.739ms
[36.180s][info][gc,metaspace] GC(47) Metaspace: 33404K(35328K)->33404K(35328K) NonClass: 28948K(29824K)->28948K(29824K) Class: 4455K(5504K)->4455K(5504K)
[36.180s][info][gc          ] GC(47) Pause Full (System.gc()) 1291M->1291M(6144M) 516.372ms
[36.588s][info][gc,metaspace] GC(48) Metaspace: 33404K(35328K)->33404K(35328K) NonClass: 28948K(29824K)->28948K(29824K) Class: 4455K(5504K)->4455K(5504K)
[36.588s][info][gc          ] GC(48) Pause Full (System.gc()) 1291M->1291M(6144M) 408.634ms
[37.043s][info][gc,metaspace] GC(49) Metaspace: 33404K(35328K)->33404K(35328K) NonClass: 28948K(29824K)->28948K(29824K) Class: 4455K(5504K)->4455K(5504K)
[37.043s][info][gc          ] GC(49) Pause Full (System.gc()) 1291M->1291M(6144M) 454.905ms
[37.470s][info][gc,metaspace] GC(50) Metaspace: 33404K(35328K)->33404K(35328K) NonClass: 28948K(29824K)->28948K(29824K) Class: 4455K(5504K)->4455K(5504K)
[37.470s][info][gc          ] GC(50) Pause Full (System.gc()) 1291M->1291M(6144M) 426.822ms
[37.930s][info][gc,metaspace] GC(51) Metaspace: 33404K(35328K)->33404K(35328K) NonClass: 28948K(29824K)->28948K(29824K) Class: 4455K(5504K)->4455K(5504K)
[37.930s][info][gc          ] GC(51) Pause Full (System.gc()) 1291M->1291M(6144M) 459.616ms
[38.356s][info][gc,metaspace] GC(52) Metaspace: 33404K(35328K)->33404K(35328K) NonClass: 28948K(29824K)->28948K(29824K) Class: 4455K(5504K)->4455K(5504K)
[38.356s][info][gc          ] GC(52) Pause Full (System.gc()) 1291M->1291M(6144M) 425.701ms
[38.775s][info][gc,metaspace] GC(53) Metaspace: 33404K(35328K)->33404K(35328K) NonClass: 28948K(29824K)->28948K(29824K) Class: 4455K(5504K)->4455K(5504K)
[38.775s][info][gc          ] GC(53) Pause Full (System.gc()) 1291M->1291M(6144M) 418.632ms
[39.226s][info][gc,metaspace] GC(54) Metaspace: 33404K(35328K)->33404K(35328K) NonClass: 28948K(29824K)->28948K(29824K) Class: 4455K(5504K)->4455K(5504K)
[39.226s][info][gc          ] GC(54) Pause Full (System.gc()) 1291M->1291M(6144M) 451.111ms
[39.656s][info][gc,metaspace] GC(55) Metaspace: 33404K(35328K)->33404K(35328K) NonClass: 28948K(29824K)->28948K(29824K) Class: 4455K(5504K)->4455K(5504K)
[39.656s][info][gc          ] GC(55) Pause Full (System.gc()) 1291M->1291M(6144M) 429.711ms
[40.138s][info][gc,metaspace] GC(56) Metaspace: 33404K(35328K)->33404K(35328K) NonClass: 28948K(29824K)->28948K(29824K) Class: 4455K(5504K)->4455K(5504K)
[40.138s][info][gc          ] GC(56) Pause Full (System.gc()) 1291M->1291M(6144M) 482.215ms
[40.544s][info][gc,metaspace] GC(57) Metaspace: 33404K(35328K)->33404K(35328K) NonClass: 28948K(29824K)->28948K(29824K) Class: 4455K(5504K)->4455K(5504K)
[40.544s][info][gc          ] GC(57) Pause Full (System.gc()) 1291M->1291M(6144M) 405.839ms
[41.002s][info][gc,metaspace] GC(58) Metaspace: 33404K(35328K)->33404K(35328K) NonClass: 28948K(29824K)->28948K(29824K) Class: 4455K(5504K)->4455K(5504K)
[41.002s][info][gc          ] GC(58) Pause Full (System.gc()) 1291M->1291M(6144M) 458.224ms
[41.435s][info][gc,metaspace] GC(59) Metaspace: 33404K(35328K)->33404K(35328K) NonClass: 28948K(29824K)->28948K(29824K) Class: 4455K(5504K)->4455K(5504K)
[41.435s][info][gc          ] GC(59) Pause Full (System.gc()) 1291M->1291M(6144M) 432.934ms
[41.855s][info][gc,metaspace] GC(60) Metaspace: 33404K(35328K)->33404K(35328K) NonClass: 28948K(29824K)->28948K(29824K) Class: 4455K(5504K)->4455K(5504K)
[41.855s][info][gc          ] GC(60) Pause Full (System.gc()) 1291M->1291M(6144M) 419.707ms
[42.318s][info][gc,metaspace] GC(61) Metaspace: 33404K(35328K)->33404K(35328K) NonClass: 28948K(29824K)->28948K(29824K) Class: 4455K(5504K)->4455K(5504K)
[42.318s][info][gc          ] GC(61) Pause Full (System.gc()) 1291M->1291M(6144M) 462.632ms
[42.728s][info][gc,metaspace] GC(62) Metaspace: 33404K(35328K)->33404K(35328K) NonClass: 28948K(29824K)->28948K(29824K) Class: 4455K(5504K)->4455K(5504K)
[42.728s][info][gc          ] GC(62) Pause Full (System.gc()) 1291M->1291M(6144M) 409.788ms
[43.174s][info][gc,metaspace] GC(63) Metaspace: 33404K(35328K)->33404K(35328K) NonClass: 28948K(29824K)->28948K(29824K) Class: 4455K(5504K)->4455K(5504K)
[43.174s][info][gc          ] GC(63) Pause Full (System.gc()) 1291M->1291M(6144M) 445.871ms
[43.576s][info][gc,metaspace] GC(64) Metaspace: 33404K(35328K)->33404K(35328K) NonClass: 28948K(29824K)->28948K(29824K) Class: 4455K(5504K)->4455K(5504K)
[43.576s][info][gc          ] GC(64) Pause Full (System.gc()) 1291M->1291M(6144M) 402.748ms
[44.049s][info][gc,metaspace] GC(65) Metaspace: 33404K(35328K)->33404K(35328K) NonClass: 28948K(29824K)->28948K(29824K) Class: 4455K(5504K)->4455K(5504K)
[44.049s][info][gc          ] GC(65) Pause Full (System.gc()) 1291M->1291M(6144M) 468.127ms
[44.471s][info][gc,metaspace] GC(66) Metaspace: 33404K(35328K)->33404K(35328K) NonClass: 28948K(29824K)->28948K(29824K) Class: 4455K(5504K)->4455K(5504K)
[44.471s][info][gc          ] GC(66) Pause Full (System.gc()) 1291M->1291M(6144M) 421.825ms
[44.926s][info][gc,metaspace] GC(67) Metaspace: 33404K(35328K)->33404K(35328K) NonClass: 28948K(29824K)->28948K(29824K) Class: 4455K(5504K)->4455K(5504K)
[44.927s][info][gc          ] GC(67) Pause Full (System.gc()) 1291M->1291M(6144M) 455.483ms
[45.347s][info][gc,metaspace] GC(68) Metaspace: 33404K(35328K)->33404K(35328K) NonClass: 28948K(29824K)->28948K(29824K) Class: 4455K(5504K)->4455K(5504K)
[45.347s][info][gc          ] GC(68) Pause Full (System.gc()) 1291M->1291M(6144M) 420.262ms
[45.758s][info][gc,metaspace] GC(69) Metaspace: 33404K(35328K)->33404K(35328K) NonClass: 28948K(29824K)->28948K(29824K) Class: 4455K(5504K)->4455K(5504K)
[45.758s][info][gc          ] GC(69) Pause Full (System.gc()) 1291M->1291M(6144M) 411.010ms
[46.208s][info][gc,metaspace] GC(70) Metaspace: 33404K(35328K)->33404K(35328K) NonClass: 28948K(29824K)->28948K(29824K) Class: 4455K(5504K)->4455K(5504K)
[46.208s][info][gc          ] GC(70) Pause Full (System.gc()) 1291M->1291M(6144M) 450.354ms
[46.622s][info][gc,metaspace] GC(71) Metaspace: 33404K(35328K)->33404K(35328K) NonClass: 28948K(29824K)->28948K(29824K) Class: 4455K(5504K)->4455K(5504K)
[46.622s][info][gc          ] GC(71) Pause Full (System.gc()) 1291M->1291M(6144M) 413.106ms
[47.059s][info][gc,metaspace] GC(72) Metaspace: 33404K(35328K)->33404K(35328K) NonClass: 28948K(29824K)->28948K(29824K) Class: 4455K(5504K)->4455K(5504K)
[47.059s][info][gc          ] GC(72) Pause Full (System.gc()) 1291M->1291M(6144M) 437.343ms
[47.487s][info][gc,metaspace] GC(73) Metaspace: 33404K(35328K)->33404K(35328K) NonClass: 28948K(29824K)->28948K(29824K) Class: 4455K(5504K)->4455K(5504K)
[47.487s][info][gc          ] GC(73) Pause Full (System.gc()) 1291M->1291M(6144M) 427.754ms
[47.927s][info][gc,metaspace] GC(74) Metaspace: 33404K(35328K)->33404K(35328K) NonClass: 28948K(29824K)->28948K(29824K) Class: 4455K(5504K)->4455K(5504K)
[47.927s][info][gc          ] GC(74) Pause Full (System.gc()) 1291M->1291M(6144M) 439.879ms
[48.354s][info][gc,metaspace] GC(75) Metaspace: 33404K(35328K)->33404K(35328K) NonClass: 28948K(29824K)->28948K(29824K) Class: 4455K(5504K)->4455K(5504K)
[48.354s][info][gc          ] GC(75) Pause Full (System.gc()) 1291M->1291M(6144M) 426.793ms
[48.773s][info][gc,metaspace] GC(76) Metaspace: 33404K(35328K)->33404K(35328K) NonClass: 28948K(29824K)->28948K(29824K) Class: 4455K(5504K)->4455K(5504K)
[48.773s][info][gc          ] GC(76) Pause Full (System.gc()) 1291M->1291M(6144M) 419.145ms
[49.248s][info][gc,metaspace] GC(77) Metaspace: 33404K(35328K)->33404K(35328K) NonClass: 28948K(29824K)->28948K(29824K) Class: 4455K(5504K)->4455K(5504K)
[49.248s][info][gc          ] GC(77) Pause Full (System.gc()) 1291M->1291M(6144M) 470.434ms
[49.673s][info][gc,metaspace] GC(78) Metaspace: 33404K(35328K)->33404K(35328K) NonClass: 28948K(29824K)->28948K(29824K) Class: 4455K(5504K)->4455K(5504K)
[49.673s][info][gc          ] GC(78) Pause Full (System.gc()) 1291M->1291M(6144M) 425.217ms
[50.103s][info][gc,metaspace] GC(79) Metaspace: 33404K(35328K)->33404K(35328K) NonClass: 28948K(29824K)->28948K(29824K) Class: 4455K(5504K)->4455K(5504K)
[50.103s][info][gc          ] GC(79) Pause Full (System.gc()) 1291M->1291M(6144M) 429.693ms
[50.527s][info][gc,metaspace] GC(80) Metaspace: 33404K(35328K)->33404K(35328K) NonClass: 28948K(29824K)->28948K(29824K) Class: 4455K(5504K)->4455K(5504K)
[50.527s][info][gc          ] GC(80) Pause Full (System.gc()) 1291M->1291M(6144M) 423.836ms
[50.982s][info][gc,metaspace] GC(81) Metaspace: 33404K(35328K)->33404K(35328K) NonClass: 28948K(29824K)->28948K(29824K) Class: 4455K(5504K)->4455K(5504K)
[50.982s][info][gc          ] GC(81) Pause Full (System.gc()) 1291M->1291M(6144M) 455.070ms
[51.420s][info][gc,metaspace] GC(82) Metaspace: 33404K(35328K)->33404K(35328K) NonClass: 28948K(29824K)->28948K(29824K) Class: 4455K(5504K)->4455K(5504K)
[51.421s][info][gc          ] GC(82) Pause Full (System.gc()) 1291M->1291M(6144M) 438.372ms
[51.836s][info][gc,metaspace] GC(83) Metaspace: 33404K(35328K)->33404K(35328K) NonClass: 28948K(29824K)->28948K(29824K) Class: 4455K(5504K)->4455K(5504K)
[51.836s][info][gc          ] GC(83) Pause Full (System.gc()) 1291M->1291M(6144M) 414.942ms
[52.273s][info][gc,metaspace] GC(84) Metaspace: 33404K(35328K)->33404K(35328K) NonClass: 28948K(29824K)->28948K(29824K) Class: 4455K(5504K)->4455K(5504K)
[52.273s][info][gc          ] GC(84) Pause Full (System.gc()) 1291M->1291M(6144M) 437.653ms
[52.660s][info][gc,metaspace] GC(85) Metaspace: 33404K(35328K)->33404K(35328K) NonClass: 28948K(29824K)->28948K(29824K) Class: 4455K(5504K)->4455K(5504K)
[52.660s][info][gc          ] GC(85) Pause Full (System.gc()) 1291M->1291M(6144M) 386.875ms
[53.110s][info][gc,metaspace] GC(86) Metaspace: 33404K(35328K)->33404K(35328K) NonClass: 28948K(29824K)->28948K(29824K) Class: 4455K(5504K)->4455K(5504K)
[53.110s][info][gc          ] GC(86) Pause Full (System.gc()) 1291M->1291M(6144M) 449.577ms
[53.531s][info][gc,metaspace] GC(87) Metaspace: 33404K(35328K)->33404K(35328K) NonClass: 28948K(29824K)->28948K(29824K) Class: 4455K(5504K)->4455K(5504K)
[53.531s][info][gc          ] GC(87) Pause Full (System.gc()) 1291M->1291M(6144M) 420.608ms
[53.981s][info][gc,metaspace] GC(88) Metaspace: 33404K(35328K)->33404K(35328K) NonClass: 28948K(29824K)->28948K(29824K) Class: 4455K(5504K)->4455K(5504K)
[53.981s][info][gc          ] GC(88) Pause Full (System.gc()) 1291M->1291M(6144M) 450.414ms
[54.419s][info][gc,metaspace] GC(89) Metaspace: 33404K(35328K)->33404K(35328K) NonClass: 28948K(29824K)->28948K(29824K) Class: 4455K(5504K)->4455K(5504K)
[54.419s][info][gc          ] GC(89) Pause Full (System.gc()) 1291M->1291M(6144M) 433.228ms
[54.848s][info][gc,metaspace] GC(90) Metaspace: 33404K(35328K)->33404K(35328K) NonClass: 28948K(29824K)->28948K(29824K) Class: 4455K(5504K)->4455K(5504K)
[54.848s][info][gc          ] GC(90) Pause Full (System.gc()) 1291M->1291M(6144M) 428.879ms
[55.282s][info][gc,metaspace] GC(91) Metaspace: 33404K(35328K)->33404K(35328K) NonClass: 28948K(29824K)->28948K(29824K) Class: 4455K(5504K)->4455K(5504K)
[55.282s][info][gc          ] GC(91) Pause Full (System.gc()) 1291M->1291M(6144M) 434.358ms
[55.704s][info][gc,metaspace] GC(92) Metaspace: 33404K(35328K)->33404K(35328K) NonClass: 28948K(29824K)->28948K(29824K) Class: 4455K(5504K)->4455K(5504K)
[55.704s][info][gc          ] GC(92) Pause Full (System.gc()) 1291M->1291M(6144M) 421.528ms
[56.163s][info][gc,metaspace] GC(93) Metaspace: 33404K(35328K)->33404K(35328K) NonClass: 28948K(29824K)->28948K(29824K) Class: 4455K(5504K)->4455K(5504K)
[56.163s][info][gc          ] GC(93) Pause Full (System.gc()) 1291M->1291M(6144M) 459.588ms
[56.588s][info][gc,metaspace] GC(94) Metaspace: 33404K(35328K)->33404K(35328K) NonClass: 28948K(29824K)->28948K(29824K) Class: 4455K(5504K)->4455K(5504K)
[56.588s][info][gc          ] GC(94) Pause Full (System.gc()) 1291M->1291M(6144M) 424.176ms
[57.035s][info][gc,metaspace] GC(95) Metaspace: 33404K(35328K)->33404K(35328K) NonClass: 28948K(29824K)->28948K(29824K) Class: 4455K(5504K)->4455K(5504K)
[57.035s][info][gc          ] GC(95) Pause Full (System.gc()) 1291M->1291M(6144M) 446.726ms
[57.463s][info][gc,metaspace] GC(96) Metaspace: 33404K(35328K)->33404K(35328K) NonClass: 28948K(29824K)->28948K(29824K) Class: 4455K(5504K)->4455K(5504K)
[57.463s][info][gc          ] GC(96) Pause Full (System.gc()) 1291M->1291M(6144M) 428.020ms
[57.883s][info][gc,metaspace] GC(97) Metaspace: 33404K(35328K)->33404K(35328K) NonClass: 28948K(29824K)->28948K(29824K) Class: 4455K(5504K)->4455K(5504K)
[57.883s][info][gc          ] GC(97) Pause Full (System.gc()) 1291M->1291M(6144M) 420.022ms
[58.345s][info][gc,metaspace] GC(98) Metaspace: 33404K(35328K)->33404K(35328K) NonClass: 28948K(29824K)->28948K(29824K) Class: 4455K(5504K)->4455K(5504K)
[58.346s][info][gc          ] GC(98) Pause Full (System.gc()) 1291M->1291M(6144M) 462.600ms
[58.771s][info][gc,metaspace] GC(99) Metaspace: 33404K(35328K)->33404K(35328K) NonClass: 28948K(29824K)->28948K(29824K) Class: 4455K(5504K)->4455K(5504K)
[58.771s][info][gc          ] GC(99) Pause Full (System.gc()) 1291M->1291M(6144M) 425.190ms
[59.238s][info][gc,metaspace] GC(100) Metaspace: 33404K(35328K)->33404K(35328K) NonClass: 28948K(29824K)->28948K(29824K) Class: 4455K(5504K)->4455K(5504K)
[59.238s][info][gc          ] GC(100) Pause Full (System.gc()) 1291M->1291M(6144M) 466.843ms
[59.684s][info][gc,metaspace] GC(101) Metaspace: 33404K(35328K)->33404K(35328K) NonClass: 28948K(29824K)->28948K(29824K) Class: 4455K(5504K)->4455K(5504K)
[59.684s][info][gc          ] GC(101) Pause Full (System.gc()) 1291M->1291M(6144M) 441.456ms
[60.140s][info][gc,metaspace] GC(102) Metaspace: 33404K(35328K)->33404K(35328K) NonClass: 28948K(29824K)->28948K(29824K) Class: 4455K(5504K)->4455K(5504K)
[60.140s][info][gc          ] GC(102) Pause Full (System.gc()) 1291M->1291M(6144M) 456.340ms
[60.565s][info][gc,metaspace] GC(103) Metaspace: 33404K(35328K)->33404K(35328K) NonClass: 28948K(29824K)->28948K(29824K) Class: 4455K(5504K)->4455K(5504K)
[60.565s][info][gc          ] GC(103) Pause Full (System.gc()) 1291M->1291M(6144M) 425.158ms
[61.029s][info][gc,metaspace] GC(104) Metaspace: 33404K(35328K)->33404K(35328K) NonClass: 28948K(29824K)->28948K(29824K) Class: 4455K(5504K)->4455K(5504K)
[61.029s][info][gc          ] GC(104) Pause Full (System.gc()) 1291M->1291M(6144M) 463.645ms
After GCs... 
