Done; will start GCs... 
[17.139s][info][gc,metaspace] GC(5) Metaspace: 33402K(35328K)->33402K(35328K) NonClass: 28947K(29824K)->28947K(29824K) Class: 4455K(5504K)->4455K(5504K)
[17.139s][info][gc          ] GC(5) Pause Full (System.gc()) 1323M->1291M(6144M) 451.582ms
[17.522s][info][gc,metaspace] GC(6) Metaspace: 33402K(35328K)->33402K(35328K) NonClass: 28947K(29824K)->28947K(29824K) Class: 4455K(5504K)->4455K(5504K)
[17.522s][info][gc          ] GC(6) Pause Full (System.gc()) 1291M->1291M(6144M) 382.548ms
[17.869s][info][gc,metaspace] GC(7) Metaspace: 33403K(35328K)->33403K(35328K) NonClass: 28947K(29824K)->28947K(29824K) Class: 4455K(5504K)->4455K(5504K)
[17.869s][info][gc          ] GC(7) Pause Full (System.gc()) 1291M->1291M(6144M) 346.680ms
[18.268s][info][gc,metaspace] GC(8) Metaspace: 33403K(35328K)->33403K(35328K) NonClass: 28947K(29824K)->28947K(29824K) Class: 4455K(5504K)->4455K(5504K)
[18.268s][info][gc          ] GC(8) Pause Full (System.gc()) 1291M->1291M(6144M) 399.356ms
[18.641s][info][gc,metaspace] GC(9) Metaspace: 33403K(35328K)->33403K(35328K) NonClass: 28947K(29824K)->28947K(29824K) Class: 4455K(5504K)->4455K(5504K)
[18.641s][info][gc          ] GC(9) Pause Full (System.gc()) 1291M->1291M(6144M) 372.897ms
[19.038s][info][gc,metaspace] GC(10) Metaspace: 33403K(35328K)->33403K(35328K) NonClass: 28947K(29824K)->28947K(29824K) Class: 4455K(5504K)->4455K(5504K)
[19.038s][info][gc          ] GC(10) Pause Full (System.gc()) 1291M->1291M(6144M) 396.094ms
[19.429s][info][gc,metaspace] GC(11) Metaspace: 33403K(35328K)->33403K(35328K) NonClass: 28947K(29824K)->28947K(29824K) Class: 4455K(5504K)->4455K(5504K)
[19.429s][info][gc          ] GC(11) Pause Full (System.gc()) 1291M->1291M(6144M) 390.691ms
[19.825s][info][gc,metaspace] GC(12) Metaspace: 33403K(35328K)->33403K(35328K) NonClass: 28947K(29824K)->28947K(29824K) Class: 4455K(5504K)->4455K(5504K)
[19.825s][info][gc          ] GC(12) Pause Full (System.gc()) 1291M->1291M(6144M) 395.612ms
[20.232s][info][gc,metaspace] GC(13) Metaspace: 33403K(35328K)->33403K(35328K) NonClass: 28947K(29824K)->28947K(29824K) Class: 4455K(5504K)->4455K(5504K)
[20.232s][info][gc          ] GC(13) Pause Full (System.gc()) 1291M->1291M(6144M) 407.408ms
[20.617s][info][gc,metaspace] GC(14) Metaspace: 33403K(35328K)->33403K(35328K) NonClass: 28947K(29824K)->28947K(29824K) Class: 4455K(5504K)->4455K(5504K)
[20.617s][info][gc          ] GC(14) Pause Full (System.gc()) 1291M->1291M(6144M) 385.201ms
[21.032s][info][gc,metaspace] GC(15) Metaspace: 33403K(35328K)->33403K(35328K) NonClass: 28947K(29824K)->28947K(29824K) Class: 4455K(5504K)->4455K(5504K)
[21.032s][info][gc          ] GC(15) Pause Full (System.gc()) 1291M->1291M(6144M) 414.308ms
[21.434s][info][gc,metaspace] GC(16) Metaspace: 33403K(35328K)->33403K(35328K) NonClass: 28947K(29824K)->28947K(29824K) Class: 4455K(5504K)->4455K(5504K)
[21.434s][info][gc          ] GC(16) Pause Full (System.gc()) 1291M->1291M(6144M) 401.590ms
[21.818s][info][gc,metaspace] GC(17) Metaspace: 33403K(35328K)->33403K(35328K) NonClass: 28947K(29824K)->28947K(29824K) Class: 4455K(5504K)->4455K(5504K)
[21.818s][info][gc          ] GC(17) Pause Full (System.gc()) 1291M->1291M(6144M) 384.628ms
[22.216s][info][gc,metaspace] GC(18) Metaspace: 33403K(35328K)->33403K(35328K) NonClass: 28947K(29824K)->28947K(29824K) Class: 4455K(5504K)->4455K(5504K)
[22.216s][info][gc          ] GC(18) Pause Full (System.gc()) 1291M->1291M(6144M) 397.856ms
[22.593s][info][gc,metaspace] GC(19) Metaspace: 33403K(35328K)->33403K(35328K) NonClass: 28947K(29824K)->28947K(29824K) Class: 4455K(5504K)->4455K(5504K)
[22.593s][info][gc          ] GC(19) Pause Full (System.gc()) 1291M->1291M(6144M) 376.437ms
[23.010s][info][gc,metaspace] GC(20) Metaspace: 33403K(35328K)->33403K(35328K) NonClass: 28947K(29824K)->28947K(29824K) Class: 4455K(5504K)->4455K(5504K)
[23.010s][info][gc          ] GC(20) Pause Full (System.gc()) 1291M->1291M(6144M) 417.258ms
[23.406s][info][gc,metaspace] GC(21) Metaspace: 33403K(35328K)->33403K(35328K) NonClass: 28947K(29824K)->28947K(29824K) Class: 4455K(5504K)->4455K(5504K)
[23.406s][info][gc          ] GC(21) Pause Full (System.gc()) 1291M->1291M(6144M) 395.781ms
[23.769s][info][gc,metaspace] GC(22) Metaspace: 33403K(35328K)->33403K(35328K) NonClass: 28947K(29824K)->28947K(29824K) Class: 4455K(5504K)->4455K(5504K)
[23.769s][info][gc          ] GC(22) Pause Full (System.gc()) 1291M->1291M(6144M) 362.721ms
[24.194s][info][gc,metaspace] GC(23) Metaspace: 33403K(35328K)->33403K(35328K) NonClass: 28947K(29824K)->28947K(29824K) Class: 4455K(5504K)->4455K(5504K)
[24.195s][info][gc          ] GC(23) Pause Full (System.gc()) 1291M->1291M(6144M) 425.439ms
[24.563s][info][gc,metaspace] GC(24) Metaspace: 33403K(35328K)->33403K(35328K) NonClass: 28947K(29824K)->28947K(29824K) Class: 4455K(5504K)->4455K(5504K)
[24.564s][info][gc          ] GC(24) Pause Full (System.gc()) 1291M->1291M(6144M) 368.871ms
[24.933s][info][gc,metaspace] GC(25) Metaspace: 33403K(35328K)->33403K(35328K) NonClass: 28947K(29824K)->28947K(29824K) Class: 4455K(5504K)->4455K(5504K)
[24.933s][info][gc          ] GC(25) Pause Full (System.gc()) 1291M->1291M(6144M) 369.774ms
[25.366s][info][gc,metaspace] GC(26) Metaspace: 33403K(35328K)->33403K(35328K) NonClass: 28947K(29824K)->28947K(29824K) Class: 4455K(5504K)->4455K(5504K)
[25.366s][info][gc          ] GC(26) Pause Full (System.gc()) 1291M->1291M(6144M) 432.638ms
[25.742s][info][gc,metaspace] GC(27) Metaspace: 33403K(35328K)->33403K(35328K) NonClass: 28947K(29824K)->28947K(29824K) Class: 4455K(5504K)->4455K(5504K)
[25.742s][info][gc          ] GC(27) Pause Full (System.gc()) 1291M->1291M(6144M) 375.701ms
[26.185s][info][gc,metaspace] GC(28) Metaspace: 33403K(35328K)->33403K(35328K) NonClass: 28947K(29824K)->28947K(29824K) Class: 4455K(5504K)->4455K(5504K)
[26.185s][info][gc          ] GC(28) Pause Full (System.gc()) 1291M->1291M(6144M) 438.923ms
[26.563s][info][gc,metaspace] GC(29) Metaspace: 33403K(35328K)->33403K(35328K) NonClass: 28947K(29824K)->28947K(29824K) Class: 4455K(5504K)->4455K(5504K)
[26.563s][info][gc          ] GC(29) Pause Full (System.gc()) 1291M->1291M(6144M) 377.768ms
[26.926s][info][gc,metaspace] GC(30) Metaspace: 33403K(35328K)->33403K(35328K) NonClass: 28947K(29824K)->28947K(29824K) Class: 4455K(5504K)->4455K(5504K)
[26.926s][info][gc          ] GC(30) Pause Full (System.gc()) 1291M->1291M(6144M) 362.915ms
[27.358s][info][gc,metaspace] GC(31) Metaspace: 33403K(35328K)->33403K(35328K) NonClass: 28947K(29824K)->28947K(29824K) Class: 4455K(5504K)->4455K(5504K)
[27.358s][info][gc          ] GC(31) Pause Full (System.gc()) 1291M->1291M(6144M) 431.522ms
[27.730s][info][gc,metaspace] GC(32) Metaspace: 33403K(35328K)->33403K(35328K) NonClass: 28947K(29824K)->28947K(29824K) Class: 4455K(5504K)->4455K(5504K)
[27.730s][info][gc          ] GC(32) Pause Full (System.gc()) 1291M->1291M(6144M) 372.364ms
[28.200s][info][gc,metaspace] GC(33) Metaspace: 33403K(35328K)->33403K(35328K) NonClass: 28947K(29824K)->28947K(29824K) Class: 4455K(5504K)->4455K(5504K)
[28.200s][info][gc          ] GC(33) Pause Full (System.gc()) 1291M->1291M(6144M) 469.179ms
[28.558s][info][gc,metaspace] GC(34) Metaspace: 33403K(35328K)->33403K(35328K) NonClass: 28947K(29824K)->28947K(29824K) Class: 4455K(5504K)->4455K(5504K)
[28.558s][info][gc          ] GC(34) Pause Full (System.gc()) 1291M->1291M(6144M) 358.577ms
[28.901s][info][gc,metaspace] GC(35) Metaspace: 33403K(35328K)->33403K(35328K) NonClass: 28947K(29824K)->28947K(29824K) Class: 4455K(5504K)->4455K(5504K)
[28.901s][info][gc          ] GC(35) Pause Full (System.gc()) 1291M->1291M(6144M) 342.416ms
[29.313s][info][gc,metaspace] GC(36) Metaspace: 33403K(35328K)->33403K(35328K) NonClass: 28947K(29824K)->28947K(29824K) Class: 4455K(5504K)->4455K(5504K)
[29.313s][info][gc          ] GC(36) Pause Full (System.gc()) 1291M->1291M(6144M) 411.676ms
[29.681s][info][gc,metaspace] GC(37) Metaspace: 33403K(35328K)->33403K(35328K) NonClass: 28947K(29824K)->28947K(29824K) Class: 4455K(5504K)->4455K(5504K)
[29.681s][info][gc          ] GC(37) Pause Full (System.gc()) 1291M->1291M(6144M) 367.819ms
[30.078s][info][gc,metaspace] GC(38) Metaspace: 33403K(35328K)->33403K(35328K) NonClass: 28947K(29824K)->28947K(29824K) Class: 4455K(5504K)->4455K(5504K)
[30.078s][info][gc          ] GC(38) Pause Full (System.gc()) 1291M->1291M(6144M) 397.161ms
[30.456s][info][gc,metaspace] GC(39) Metaspace: 33403K(35328K)->33403K(35328K) NonClass: 28947K(29824K)->28947K(29824K) Class: 4455K(5504K)->4455K(5504K)
[30.457s][info][gc          ] GC(39) Pause Full (System.gc()) 1291M->1291M(6144M) 378.408ms
[30.836s][info][gc,metaspace] GC(40) Metaspace: 33403K(35328K)->33403K(35328K) NonClass: 28947K(29824K)->28947K(29824K) Class: 4455K(5504K)->4455K(5504K)
[30.836s][info][gc          ] GC(40) Pause Full (System.gc()) 1291M->1291M(6144M) 379.680ms
[31.258s][info][gc,metaspace] GC(41) Metaspace: 33403K(35328K)->33403K(35328K) NonClass: 28947K(29824K)->28947K(29824K) Class: 4455K(5504K)->4455K(5504K)
[31.258s][info][gc          ] GC(41) Pause Full (System.gc()) 1291M->1291M(6144M) 417.532ms
[31.637s][info][gc,metaspace] GC(42) Metaspace: 33403K(35328K)->33403K(35328K) NonClass: 28947K(29824K)->28947K(29824K) Class: 4455K(5504K)->4455K(5504K)
[31.637s][info][gc          ] GC(42) Pause Full (System.gc()) 1291M->1291M(6144M) 378.171ms
[32.034s][info][gc,metaspace] GC(43) Metaspace: 33403K(35328K)->33403K(35328K) NonClass: 28947K(29824K)->28947K(29824K) Class: 4455K(5504K)->4455K(5504K)
[32.035s][info][gc          ] GC(43) Pause Full (System.gc()) 1291M->1291M(6144M) 397.859ms
[32.414s][info][gc,metaspace] GC(44) Metaspace: 33403K(35328K)->33403K(35328K) NonClass: 28947K(29824K)->28947K(29824K) Class: 4455K(5504K)->4455K(5504K)
[32.414s][info][gc          ] GC(44) Pause Full (System.gc()) 1291M->1291M(6144M) 379.065ms
[32.784s][info][gc,metaspace] GC(45) Metaspace: 33403K(35328K)->33403K(35328K) NonClass: 28947K(29824K)->28947K(29824K) Class: 4455K(5504K)->4455K(5504K)
[32.784s][info][gc          ] GC(45) Pause Full (System.gc()) 1291M->1291M(6144M) 370.697ms
[33.199s][info][gc,metaspace] GC(46) Metaspace: 33403K(35328K)->33403K(35328K) NonClass: 28947K(29824K)->28947K(29824K) Class: 4455K(5504K)->4455K(5504K)
[33.199s][info][gc          ] GC(46) Pause Full (System.gc()) 1291M->1291M(6144M) 414.507ms
[33.579s][info][gc,metaspace] GC(47) Metaspace: 33403K(35328K)->33403K(35328K) NonClass: 28947K(29824K)->28947K(29824K) Class: 4455K(5504K)->4455K(5504K)
[33.579s][info][gc          ] GC(47) Pause Full (System.gc()) 1291M->1291M(6144M) 380.035ms
[33.950s][info][gc,metaspace] GC(48) Metaspace: 33403K(35328K)->33403K(35328K) NonClass: 28947K(29824K)->28947K(29824K) Class: 4455K(5504K)->4455K(5504K)
[33.951s][info][gc          ] GC(48) Pause Full (System.gc()) 1291M->1291M(6144M) 371.211ms
[34.341s][info][gc,metaspace] GC(49) Metaspace: 33403K(35328K)->33403K(35328K) NonClass: 28947K(29824K)->28947K(29824K) Class: 4455K(5504K)->4455K(5504K)
[34.341s][info][gc          ] GC(49) Pause Full (System.gc()) 1291M->1291M(6144M) 390.496ms
[34.718s][info][gc,metaspace] GC(50) Metaspace: 33403K(35328K)->33403K(35328K) NonClass: 28947K(29824K)->28947K(29824K) Class: 4455K(5504K)->4455K(5504K)
[34.718s][info][gc          ] GC(50) Pause Full (System.gc()) 1291M->1291M(6144M) 377.007ms
[35.128s][info][gc,metaspace] GC(51) Metaspace: 33403K(35328K)->33403K(35328K) NonClass: 28947K(29824K)->28947K(29824K) Class: 4455K(5504K)->4455K(5504K)
[35.128s][info][gc          ] GC(51) Pause Full (System.gc()) 1291M->1291M(6144M) 409.537ms
[35.502s][info][gc,metaspace] GC(52) Metaspace: 33403K(35328K)->33403K(35328K) NonClass: 28947K(29824K)->28947K(29824K) Class: 4455K(5504K)->4455K(5504K)
[35.502s][info][gc          ] GC(52) Pause Full (System.gc()) 1291M->1291M(6144M) 374.289ms
[35.881s][info][gc,metaspace] GC(53) Metaspace: 33403K(35328K)->33403K(35328K) NonClass: 28947K(29824K)->28947K(29824K) Class: 4455K(5504K)->4455K(5504K)
[35.881s][info][gc          ] GC(53) Pause Full (System.gc()) 1291M->1291M(6144M) 379.086ms
[36.307s][info][gc,metaspace] GC(54) Metaspace: 33403K(35328K)->33403K(35328K) NonClass: 28947K(29824K)->28947K(29824K) Class: 4455K(5504K)->4455K(5504K)
[36.307s][info][gc          ] GC(54) Pause Full (System.gc()) 1291M->1291M(6144M) 420.975ms
[36.687s][info][gc,metaspace] GC(55) Metaspace: 33403K(35328K)->33403K(35328K) NonClass: 28947K(29824K)->28947K(29824K) Class: 4455K(5504K)->4455K(5504K)
[36.687s][info][gc          ] GC(55) Pause Full (System.gc()) 1291M->1291M(6144M) 380.302ms
[37.086s][info][gc,metaspace] GC(56) Metaspace: 33403K(35328K)->33403K(35328K) NonClass: 28947K(29824K)->28947K(29824K) Class: 4455K(5504K)->4455K(5504K)
[37.086s][info][gc          ] GC(56) Pause Full (System.gc()) 1291M->1291M(6144M) 398.720ms
[37.467s][info][gc,metaspace] GC(57) Metaspace: 33403K(35328K)->33403K(35328K) NonClass: 28947K(29824K)->28947K(29824K) Class: 4455K(5504K)->4455K(5504K)
[37.467s][info][gc          ] GC(57) Pause Full (System.gc()) 1291M->1291M(6144M) 381.012ms
[37.816s][info][gc,metaspace] GC(58) Metaspace: 33403K(35328K)->33403K(35328K) NonClass: 28947K(29824K)->28947K(29824K) Class: 4455K(5504K)->4455K(5504K)
[37.816s][info][gc          ] GC(58) Pause Full (System.gc()) 1291M->1291M(6144M) 348.766ms
[38.238s][info][gc,metaspace] GC(59) Metaspace: 33403K(35328K)->33403K(35328K) NonClass: 28947K(29824K)->28947K(29824K) Class: 4455K(5504K)->4455K(5504K)
[38.238s][info][gc          ] GC(59) Pause Full (System.gc()) 1291M->1291M(6144M) 421.515ms
[38.606s][info][gc,metaspace] GC(60) Metaspace: 33403K(35328K)->33403K(35328K) NonClass: 28947K(29824K)->28947K(29824K) Class: 4455K(5504K)->4455K(5504K)
[38.606s][info][gc          ] GC(60) Pause Full (System.gc()) 1291M->1291M(6144M) 368.339ms
[39.015s][info][gc,metaspace] GC(61) Metaspace: 33403K(35328K)->33403K(35328K) NonClass: 28947K(29824K)->28947K(29824K) Class: 4455K(5504K)->4455K(5504K)
[39.015s][info][gc          ] GC(61) Pause Full (System.gc()) 1291M->1291M(6144M) 409.096ms
[39.401s][info][gc,metaspace] GC(62) Metaspace: 33403K(35328K)->33403K(35328K) NonClass: 28947K(29824K)->28947K(29824K) Class: 4455K(5504K)->4455K(5504K)
[39.401s][info][gc          ] GC(62) Pause Full (System.gc()) 1291M->1291M(6144M) 385.293ms
[39.761s][info][gc,metaspace] GC(63) Metaspace: 33403K(35328K)->33403K(35328K) NonClass: 28947K(29824K)->28947K(29824K) Class: 4455K(5504K)->4455K(5504K)
[39.761s][info][gc          ] GC(63) Pause Full (System.gc()) 1291M->1291M(6144M) 360.390ms
[40.153s][info][gc,metaspace] GC(64) Metaspace: 33403K(35328K)->33403K(35328K) NonClass: 28947K(29824K)->28947K(29824K) Class: 4455K(5504K)->4455K(5504K)
[40.153s][info][gc          ] GC(64) Pause Full (System.gc()) 1291M->1291M(6144M) 391.945ms
[40.543s][info][gc,metaspace] GC(65) Metaspace: 33403K(35328K)->33403K(35328K) NonClass: 28947K(29824K)->28947K(29824K) Class: 4455K(5504K)->4455K(5504K)
[40.543s][info][gc          ] GC(65) Pause Full (System.gc()) 1291M->1291M(6144M) 390.141ms
[40.923s][info][gc,metaspace] GC(66) Metaspace: 33403K(35328K)->33403K(35328K) NonClass: 28947K(29824K)->28947K(29824K) Class: 4455K(5504K)->4455K(5504K)
[40.923s][info][gc          ] GC(66) Pause Full (System.gc()) 1291M->1291M(6144M) 379.827ms
[41.321s][info][gc,metaspace] GC(67) Metaspace: 33403K(35328K)->33403K(35328K) NonClass: 28947K(29824K)->28947K(29824K) Class: 4455K(5504K)->4455K(5504K)
[41.322s][info][gc          ] GC(67) Pause Full (System.gc()) 1291M->1291M(6144M) 398.135ms
[41.692s][info][gc,metaspace] GC(68) Metaspace: 33403K(35328K)->33403K(35328K) NonClass: 28947K(29824K)->28947K(29824K) Class: 4455K(5504K)->4455K(5504K)
[41.693s][info][gc          ] GC(68) Pause Full (System.gc()) 1291M->1291M(6144M) 370.869ms
[42.082s][info][gc,metaspace] GC(69) Metaspace: 33403K(35328K)->33403K(35328K) NonClass: 28947K(29824K)->28947K(29824K) Class: 4455K(5504K)->4455K(5504K)
[42.082s][info][gc          ] GC(69) Pause Full (System.gc()) 1291M->1291M(6144M) 389.772ms
[42.476s][info][gc,metaspace] GC(70) Metaspace: 33403K(35328K)->33403K(35328K) NonClass: 28947K(29824K)->28947K(29824K) Class: 4455K(5504K)->4455K(5504K)
[42.476s][info][gc          ] GC(70) Pause Full (System.gc()) 1291M->1291M(6144M) 393.429ms
[42.835s][info][gc,metaspace] GC(71) Metaspace: 33403K(35328K)->33403K(35328K) NonClass: 28947K(29824K)->28947K(29824K) Class: 4455K(5504K)->4455K(5504K)
[42.835s][info][gc          ] GC(71) Pause Full (System.gc()) 1291M->1291M(6144M) 359.011ms
[43.267s][info][gc,metaspace] GC(72) Metaspace: 33403K(35328K)->33403K(35328K) NonClass: 28947K(29824K)->28947K(29824K) Class: 4455K(5504K)->4455K(5504K)
[43.267s][info][gc          ] GC(72) Pause Full (System.gc()) 1291M->1291M(6144M) 431.954ms
[43.666s][info][gc,metaspace] GC(73) Metaspace: 33403K(35328K)->33403K(35328K) NonClass: 28947K(29824K)->28947K(29824K) Class: 4455K(5504K)->4455K(5504K)
[43.666s][info][gc          ] GC(73) Pause Full (System.gc()) 1291M->1291M(6144M) 398.797ms
[44.072s][info][gc,metaspace] GC(74) Metaspace: 33403K(35328K)->33403K(35328K) NonClass: 28947K(29824K)->28947K(29824K) Class: 4455K(5504K)->4455K(5504K)
[44.072s][info][gc          ] GC(74) Pause Full (System.gc()) 1291M->1291M(6144M) 406.145ms
[44.449s][info][gc,metaspace] GC(75) Metaspace: 33403K(35328K)->33403K(35328K) NonClass: 28947K(29824K)->28947K(29824K) Class: 4455K(5504K)->4455K(5504K)
[44.449s][info][gc          ] GC(75) Pause Full (System.gc()) 1291M->1291M(6144M) 376.360ms
[44.836s][info][gc,metaspace] GC(76) Metaspace: 33403K(35328K)->33403K(35328K) NonClass: 28947K(29824K)->28947K(29824K) Class: 4455K(5504K)->4455K(5504K)
[44.836s][info][gc          ] GC(76) Pause Full (System.gc()) 1291M->1291M(6144M) 387.216ms
[45.254s][info][gc,metaspace] GC(77) Metaspace: 33403K(35328K)->33403K(35328K) NonClass: 28947K(29824K)->28947K(29824K) Class: 4455K(5504K)->4455K(5504K)
[45.254s][info][gc          ] GC(77) Pause Full (System.gc()) 1291M->1291M(6144M) 417.593ms
[45.627s][info][gc,metaspace] GC(78) Metaspace: 33403K(35328K)->33403K(35328K) NonClass: 28947K(29824K)->28947K(29824K) Class: 4455K(5504K)->4455K(5504K)
[45.627s][info][gc          ] GC(78) Pause Full (System.gc()) 1291M->1291M(6144M) 373.354ms
[46.024s][info][gc,metaspace] GC(79) Metaspace: 33403K(35328K)->33403K(35328K) NonClass: 28947K(29824K)->28947K(29824K) Class: 4455K(5504K)->4455K(5504K)
[46.024s][info][gc          ] GC(79) Pause Full (System.gc()) 1291M->1291M(6144M) 397.234ms
[46.387s][info][gc,metaspace] GC(80) Metaspace: 33403K(35328K)->33403K(35328K) NonClass: 28947K(29824K)->28947K(29824K) Class: 4455K(5504K)->4455K(5504K)
[46.387s][info][gc          ] GC(80) Pause Full (System.gc()) 1291M->1291M(6144M) 362.686ms
[46.743s][info][gc,metaspace] GC(81) Metaspace: 33403K(35328K)->33403K(35328K) NonClass: 28947K(29824K)->28947K(29824K) Class: 4455K(5504K)->4455K(5504K)
[46.743s][info][gc          ] GC(81) Pause Full (System.gc()) 1291M->1291M(6144M) 355.939ms
[47.168s][info][gc,metaspace] GC(82) Metaspace: 33403K(35328K)->33403K(35328K) NonClass: 28947K(29824K)->28947K(29824K) Class: 4455K(5504K)->4455K(5504K)
[47.168s][info][gc          ] GC(82) Pause Full (System.gc()) 1291M->1291M(6144M) 424.877ms
[47.557s][info][gc,metaspace] GC(83) Metaspace: 33403K(35328K)->33403K(35328K) NonClass: 28947K(29824K)->28947K(29824K) Class: 4455K(5504K)->4455K(5504K)
[47.557s][info][gc          ] GC(83) Pause Full (System.gc()) 1291M->1291M(6144M) 388.512ms
[47.911s][info][gc,metaspace] GC(84) Metaspace: 33403K(35328K)->33403K(35328K) NonClass: 28947K(29824K)->28947K(29824K) Class: 4455K(5504K)->4455K(5504K)
[47.911s][info][gc          ] GC(84) Pause Full (System.gc()) 1291M->1291M(6144M) 353.853ms
[48.318s][info][gc,metaspace] GC(85) Metaspace: 33403K(35328K)->33403K(35328K) NonClass: 28947K(29824K)->28947K(29824K) Class: 4455K(5504K)->4455K(5504K)
[48.318s][info][gc          ] GC(85) Pause Full (System.gc()) 1291M->1291M(6144M) 407.214ms
[48.700s][info][gc,metaspace] GC(86) Metaspace: 33403K(35328K)->33403K(35328K) NonClass: 28947K(29824K)->28947K(29824K) Class: 4455K(5504K)->4455K(5504K)
[48.700s][info][gc          ] GC(86) Pause Full (System.gc()) 1291M->1291M(6144M) 381.782ms
[49.093s][info][gc,metaspace] GC(87) Metaspace: 33403K(35328K)->33403K(35328K) NonClass: 28947K(29824K)->28947K(29824K) Class: 4455K(5504K)->4455K(5504K)
[49.093s][info][gc          ] GC(87) Pause Full (System.gc()) 1291M->1291M(6144M) 392.732ms
[49.470s][info][gc,metaspace] GC(88) Metaspace: 33403K(35328K)->33403K(35328K) NonClass: 28947K(29824K)->28947K(29824K) Class: 4455K(5504K)->4455K(5504K)
[49.470s][info][gc          ] GC(88) Pause Full (System.gc()) 1291M->1291M(6144M) 377.170ms
[49.857s][info][gc,metaspace] GC(89) Metaspace: 33403K(35328K)->33403K(35328K) NonClass: 28947K(29824K)->28947K(29824K) Class: 4455K(5504K)->4455K(5504K)
[49.857s][info][gc          ] GC(89) Pause Full (System.gc()) 1291M->1291M(6144M) 386.837ms
[50.258s][info][gc,metaspace] GC(90) Metaspace: 33403K(35328K)->33403K(35328K) NonClass: 28947K(29824K)->28947K(29824K) Class: 4455K(5504K)->4455K(5504K)
[50.258s][info][gc          ] GC(90) Pause Full (System.gc()) 1291M->1291M(6144M) 401.174ms
[50.645s][info][gc,metaspace] GC(91) Metaspace: 33403K(35328K)->33403K(35328K) NonClass: 28947K(29824K)->28947K(29824K) Class: 4455K(5504K)->4455K(5504K)
[50.645s][info][gc          ] GC(91) Pause Full (System.gc()) 1291M->1291M(6144M) 386.984ms
[51.050s][info][gc,metaspace] GC(92) Metaspace: 33403K(35328K)->33403K(35328K) NonClass: 28947K(29824K)->28947K(29824K) Class: 4455K(5504K)->4455K(5504K)
[51.050s][info][gc          ] GC(92) Pause Full (System.gc()) 1291M->1291M(6144M) 404.472ms
[51.452s][info][gc,metaspace] GC(93) Metaspace: 33403K(35328K)->33403K(35328K) NonClass: 28947K(29824K)->28947K(29824K) Class: 4455K(5504K)->4455K(5504K)
[51.452s][info][gc          ] GC(93) Pause Full (System.gc()) 1291M->1291M(6144M) 397.687ms
[51.834s][info][gc,metaspace] GC(94) Metaspace: 33403K(35328K)->33403K(35328K) NonClass: 28947K(29824K)->28947K(29824K) Class: 4455K(5504K)->4455K(5504K)
[51.834s][info][gc          ] GC(94) Pause Full (System.gc()) 1291M->1291M(6144M) 381.599ms
[52.235s][info][gc,metaspace] GC(95) Metaspace: 33403K(35328K)->33403K(35328K) NonClass: 28947K(29824K)->28947K(29824K) Class: 4455K(5504K)->4455K(5504K)
[52.235s][info][gc          ] GC(95) Pause Full (System.gc()) 1291M->1291M(6144M) 401.100ms
[52.619s][info][gc,metaspace] GC(96) Metaspace: 33403K(35328K)->33403K(35328K) NonClass: 28947K(29824K)->28947K(29824K) Class: 4455K(5504K)->4455K(5504K)
[52.619s][info][gc          ] GC(96) Pause Full (System.gc()) 1291M->1291M(6144M) 383.742ms
[53.011s][info][gc,metaspace] GC(97) Metaspace: 33403K(35328K)->33403K(35328K) NonClass: 28947K(29824K)->28947K(29824K) Class: 4455K(5504K)->4455K(5504K)
[53.011s][info][gc          ] GC(97) Pause Full (System.gc()) 1291M->1291M(6144M) 392.681ms
[53.417s][info][gc,metaspace] GC(98) Metaspace: 33403K(35328K)->33403K(35328K) NonClass: 28947K(29824K)->28947K(29824K) Class: 4455K(5504K)->4455K(5504K)
[53.417s][info][gc          ] GC(98) Pause Full (System.gc()) 1291M->1291M(6144M) 405.420ms
[53.773s][info][gc,metaspace] GC(99) Metaspace: 33403K(35328K)->33403K(35328K) NonClass: 28947K(29824K)->28947K(29824K) Class: 4455K(5504K)->4455K(5504K)
[53.773s][info][gc          ] GC(99) Pause Full (System.gc()) 1291M->1291M(6144M) 356.318ms
[54.181s][info][gc,metaspace] GC(100) Metaspace: 33403K(35328K)->33403K(35328K) NonClass: 28947K(29824K)->28947K(29824K) Class: 4455K(5504K)->4455K(5504K)
[54.181s][info][gc          ] GC(100) Pause Full (System.gc()) 1291M->1291M(6144M) 407.665ms
[54.565s][info][gc,metaspace] GC(101) Metaspace: 33403K(35328K)->33403K(35328K) NonClass: 28947K(29824K)->28947K(29824K) Class: 4455K(5504K)->4455K(5504K)
[54.565s][info][gc          ] GC(101) Pause Full (System.gc()) 1291M->1291M(6144M) 383.967ms
[54.915s][info][gc,metaspace] GC(102) Metaspace: 33403K(35328K)->33403K(35328K) NonClass: 28947K(29824K)->28947K(29824K) Class: 4455K(5504K)->4455K(5504K)
[54.915s][info][gc          ] GC(102) Pause Full (System.gc()) 1291M->1291M(6144M) 349.834ms
[55.340s][info][gc,metaspace] GC(103) Metaspace: 33403K(35328K)->33403K(35328K) NonClass: 28947K(29824K)->28947K(29824K) Class: 4455K(5504K)->4455K(5504K)
[55.340s][info][gc          ] GC(103) Pause Full (System.gc()) 1291M->1291M(6144M) 425.312ms
[55.712s][info][gc,metaspace] GC(104) Metaspace: 33403K(35328K)->33403K(35328K) NonClass: 28947K(29824K)->28947K(29824K) Class: 4455K(5504K)->4455K(5504K)
[55.712s][info][gc          ] GC(104) Pause Full (System.gc()) 1291M->1291M(6144M) 371.731ms
After GCs... 
