Done; will start GCs... 
[35.772s][info][gc,metaspace] GC(10) Metaspace: 40811K(42368K)->40811K(42368K) NonClass: 40811K(42368K)->40811K(42368K) Class: 0K(0K)->0K(0K)
[35.772s][info][gc          ] GC(10) Pause Full (System.gc()) 885M->778M(5939M) 4787.420ms
[39.213s][info][gc,metaspace] GC(11) Metaspace: 40811K(42368K)->40811K(42368K) NonClass: 40811K(42368K)->40811K(42368K) Class: 0K(0K)->0K(0K)
[39.213s][info][gc          ] GC(11) Pause Full (System.gc()) 778M->778M(5939M) 3440.506ms
[43.542s][info][gc,metaspace] GC(12) Metaspace: 40811K(42368K)->40811K(42368K) NonClass: 40811K(42368K)->40811K(42368K) Class: 0K(0K)->0K(0K)
[43.542s][info][gc          ] GC(12) Pause Full (System.gc()) 778M->778M(5939M) 4329.383ms
[46.927s][info][gc,metaspace] GC(13) Metaspace: 40811K(42368K)->40811K(42368K) NonClass: 40811K(42368K)->40811K(42368K) Class: 0K(0K)->0K(0K)
[46.927s][info][gc          ] GC(13) Pause Full (System.gc()) 778M->778M(5939M) 3384.361ms
[50.355s][info][gc,metaspace] GC(14) Metaspace: 40811K(42368K)->40811K(42368K) NonClass: 40811K(42368K)->40811K(42368K) Class: 0K(0K)->0K(0K)
[50.355s][info][gc          ] GC(14) Pause Full (System.gc()) 778M->778M(5939M) 3427.878ms
[53.739s][info][gc,metaspace] GC(15) Metaspace: 40811K(42368K)->40811K(42368K) NonClass: 40811K(42368K)->40811K(42368K) Class: 0K(0K)->0K(0K)
[53.739s][info][gc          ] GC(15) Pause Full (System.gc()) 778M->778M(5939M) 3384.179ms
[57.173s][info][gc,metaspace] GC(16) Metaspace: 40811K(42368K)->40811K(42368K) NonClass: 40811K(42368K)->40811K(42368K) Class: 0K(0K)->0K(0K)
[57.173s][info][gc          ] GC(16) Pause Full (System.gc()) 778M->778M(5939M) 3433.395ms
[60.554s][info][gc,metaspace] GC(17) Metaspace: 40811K(42368K)->40811K(42368K) NonClass: 40811K(42368K)->40811K(42368K) Class: 0K(0K)->0K(0K)
[60.554s][info][gc          ] GC(17) Pause Full (System.gc()) 778M->778M(5939M) 3380.628ms
[63.935s][info][gc,metaspace] GC(18) Metaspace: 40811K(42368K)->40811K(42368K) NonClass: 40811K(42368K)->40811K(42368K) Class: 0K(0K)->0K(0K)
[63.935s][info][gc          ] GC(18) Pause Full (System.gc()) 778M->778M(5939M) 3381.396ms
[67.368s][info][gc,metaspace] GC(19) Metaspace: 40811K(42368K)->40811K(42368K) NonClass: 40811K(42368K)->40811K(42368K) Class: 0K(0K)->0K(0K)
[67.368s][info][gc          ] GC(19) Pause Full (System.gc()) 778M->778M(5939M) 3432.618ms
[71.677s][info][gc,metaspace] GC(20) Metaspace: 40811K(42368K)->40811K(42368K) NonClass: 40811K(42368K)->40811K(42368K) Class: 0K(0K)->0K(0K)
[71.678s][info][gc          ] GC(20) Pause Full (System.gc()) 788M->778M(5939M) 4309.057ms
[75.110s][info][gc,metaspace] GC(21) Metaspace: 40811K(42368K)->40811K(42368K) NonClass: 40811K(42368K)->40811K(42368K) Class: 0K(0K)->0K(0K)
[75.110s][info][gc          ] GC(21) Pause Full (System.gc()) 778M->778M(5939M) 3432.121ms
[78.496s][info][gc,metaspace] GC(22) Metaspace: 40811K(42368K)->40811K(42368K) NonClass: 40811K(42368K)->40811K(42368K) Class: 0K(0K)->0K(0K)
[78.496s][info][gc          ] GC(22) Pause Full (System.gc()) 778M->778M(5939M) 3386.306ms
[81.886s][info][gc,metaspace] GC(23) Metaspace: 40811K(42368K)->40811K(42368K) NonClass: 40811K(42368K)->40811K(42368K) Class: 0K(0K)->0K(0K)
[81.886s][info][gc          ] GC(23) Pause Full (System.gc()) 778M->778M(5939M) 3388.936ms
[85.318s][info][gc,metaspace] GC(24) Metaspace: 40811K(42368K)->40811K(42368K) NonClass: 40811K(42368K)->40811K(42368K) Class: 0K(0K)->0K(0K)
[85.318s][info][gc          ] GC(24) Pause Full (System.gc()) 778M->778M(5939M) 3432.213ms
[88.699s][info][gc,metaspace] GC(25) Metaspace: 40811K(42368K)->40811K(42368K) NonClass: 40811K(42368K)->40811K(42368K) Class: 0K(0K)->0K(0K)
[88.699s][info][gc          ] GC(25) Pause Full (System.gc()) 778M->778M(5939M) 3381.121ms
[92.133s][info][gc,metaspace] GC(26) Metaspace: 40811K(42368K)->40811K(42368K) NonClass: 40811K(42368K)->40811K(42368K) Class: 0K(0K)->0K(0K)
[92.133s][info][gc          ] GC(26) Pause Full (System.gc()) 778M->778M(5939M) 3433.761ms
[95.517s][info][gc,metaspace] GC(27) Metaspace: 40811K(42368K)->40811K(42368K) NonClass: 40811K(42368K)->40811K(42368K) Class: 0K(0K)->0K(0K)
[95.517s][info][gc          ] GC(27) Pause Full (System.gc()) 778M->778M(5939M) 3384.041ms
[98.904s][info][gc,metaspace] GC(28) Metaspace: 40811K(42368K)->40811K(42368K) NonClass: 40811K(42368K)->40811K(42368K) Class: 0K(0K)->0K(0K)
[98.904s][info][gc          ] GC(28) Pause Full (System.gc()) 778M->778M(5939M) 3386.072ms
[102.338s][info][gc,metaspace] GC(29) Metaspace: 40811K(42368K)->40811K(42368K) NonClass: 40811K(42368K)->40811K(42368K) Class: 0K(0K)->0K(0K)
[102.338s][info][gc          ] GC(29) Pause Full (System.gc()) 778M->778M(5939M) 3433.847ms
[105.719s][info][gc,metaspace] GC(30) Metaspace: 40811K(42368K)->40811K(42368K) NonClass: 40811K(42368K)->40811K(42368K) Class: 0K(0K)->0K(0K)
[105.719s][info][gc          ] GC(30) Pause Full (System.gc()) 778M->778M(5939M) 3381.023ms
[109.151s][info][gc,metaspace] GC(31) Metaspace: 40811K(42368K)->40811K(42368K) NonClass: 40811K(42368K)->40811K(42368K) Class: 0K(0K)->0K(0K)
[109.151s][info][gc          ] GC(31) Pause Full (System.gc()) 778M->778M(5939M) 3432.205ms
[112.535s][info][gc,metaspace] GC(32) Metaspace: 40811K(42368K)->40811K(42368K) NonClass: 40811K(42368K)->40811K(42368K) Class: 0K(0K)->0K(0K)
[112.535s][info][gc          ] GC(32) Pause Full (System.gc()) 778M->778M(5939M) 3383.565ms
[115.923s][info][gc,metaspace] GC(33) Metaspace: 40811K(42368K)->40811K(42368K) NonClass: 40811K(42368K)->40811K(42368K) Class: 0K(0K)->0K(0K)
[115.923s][info][gc          ] GC(33) Pause Full (System.gc()) 778M->778M(5939M) 3387.551ms
[119.354s][info][gc,metaspace] GC(34) Metaspace: 40811K(42368K)->40811K(42368K) NonClass: 40811K(42368K)->40811K(42368K) Class: 0K(0K)->0K(0K)
[119.354s][info][gc          ] GC(34) Pause Full (System.gc()) 778M->778M(5939M) 3431.357ms
[122.740s][info][gc,metaspace] GC(35) Metaspace: 40811K(42368K)->40811K(42368K) NonClass: 40811K(42368K)->40811K(42368K) Class: 0K(0K)->0K(0K)
[122.740s][info][gc          ] GC(35) Pause Full (System.gc()) 778M->778M(5939M) 3385.087ms
[126.175s][info][gc,metaspace] GC(36) Metaspace: 40811K(42368K)->40811K(42368K) NonClass: 40811K(42368K)->40811K(42368K) Class: 0K(0K)->0K(0K)
[126.175s][info][gc          ] GC(36) Pause Full (System.gc()) 778M->778M(5939M) 3434.762ms
[129.558s][info][gc,metaspace] GC(37) Metaspace: 40811K(42368K)->40811K(42368K) NonClass: 40811K(42368K)->40811K(42368K) Class: 0K(0K)->0K(0K)
[129.558s][info][gc          ] GC(37) Pause Full (System.gc()) 778M->778M(5939M) 3383.326ms
[132.941s][info][gc,metaspace] GC(38) Metaspace: 40811K(42368K)->40811K(42368K) NonClass: 40811K(42368K)->40811K(42368K) Class: 0K(0K)->0K(0K)
[132.941s][info][gc          ] GC(38) Pause Full (System.gc()) 788M->778M(5939M) 3382.561ms
[136.380s][info][gc,metaspace] GC(39) Metaspace: 40811K(42368K)->40811K(42368K) NonClass: 40811K(42368K)->40811K(42368K) Class: 0K(0K)->0K(0K)
[136.380s][info][gc          ] GC(39) Pause Full (System.gc()) 778M->778M(5939M) 3439.003ms
[139.763s][info][gc,metaspace] GC(40) Metaspace: 40811K(42368K)->40811K(42368K) NonClass: 40811K(42368K)->40811K(42368K) Class: 0K(0K)->0K(0K)
[139.763s][info][gc          ] GC(40) Pause Full (System.gc()) 778M->778M(5939M) 3382.787ms
[143.200s][info][gc,metaspace] GC(41) Metaspace: 40811K(42368K)->40811K(42368K) NonClass: 40811K(42368K)->40811K(42368K) Class: 0K(0K)->0K(0K)
[143.200s][info][gc          ] GC(41) Pause Full (System.gc()) 778M->778M(5939M) 3436.056ms
[146.585s][info][gc,metaspace] GC(42) Metaspace: 40811K(42368K)->40811K(42368K) NonClass: 40811K(42368K)->40811K(42368K) Class: 0K(0K)->0K(0K)
[146.585s][info][gc          ] GC(42) Pause Full (System.gc()) 778M->778M(5939M) 3385.572ms
[149.969s][info][gc,metaspace] GC(43) Metaspace: 40811K(42368K)->40811K(42368K) NonClass: 40811K(42368K)->40811K(42368K) Class: 0K(0K)->0K(0K)
[149.969s][info][gc          ] GC(43) Pause Full (System.gc()) 778M->778M(5939M) 3383.264ms
[153.405s][info][gc,metaspace] GC(44) Metaspace: 40811K(42368K)->40811K(42368K) NonClass: 40811K(42368K)->40811K(42368K) Class: 0K(0K)->0K(0K)
[153.405s][info][gc          ] GC(44) Pause Full (System.gc()) 778M->778M(5939M) 3436.264ms
[156.788s][info][gc,metaspace] GC(45) Metaspace: 40811K(42368K)->40811K(42368K) NonClass: 40811K(42368K)->40811K(42368K) Class: 0K(0K)->0K(0K)
[156.788s][info][gc          ] GC(45) Pause Full (System.gc()) 778M->778M(5939M) 3382.852ms
[160.220s][info][gc,metaspace] GC(46) Metaspace: 40811K(42368K)->40811K(42368K) NonClass: 40811K(42368K)->40811K(42368K) Class: 0K(0K)->0K(0K)
[160.220s][info][gc          ] GC(46) Pause Full (System.gc()) 778M->778M(5939M) 3431.891ms
[163.602s][info][gc,metaspace] GC(47) Metaspace: 40811K(42368K)->40811K(42368K) NonClass: 40811K(42368K)->40811K(42368K) Class: 0K(0K)->0K(0K)
[163.602s][info][gc          ] GC(47) Pause Full (System.gc()) 778M->778M(5939M) 3381.484ms
[166.986s][info][gc,metaspace] GC(48) Metaspace: 40811K(42368K)->40811K(42368K) NonClass: 40811K(42368K)->40811K(42368K) Class: 0K(0K)->0K(0K)
[166.986s][info][gc          ] GC(48) Pause Full (System.gc()) 778M->778M(5939M) 3383.418ms
[170.418s][info][gc,metaspace] GC(49) Metaspace: 40811K(42368K)->40811K(42368K) NonClass: 40811K(42368K)->40811K(42368K) Class: 0K(0K)->0K(0K)
[170.418s][info][gc          ] GC(49) Pause Full (System.gc()) 778M->778M(5939M) 3432.468ms
[173.805s][info][gc,metaspace] GC(50) Metaspace: 40811K(42368K)->40811K(42368K) NonClass: 40811K(42368K)->40811K(42368K) Class: 0K(0K)->0K(0K)
[173.805s][info][gc          ] GC(50) Pause Full (System.gc()) 778M->778M(5939M) 3386.478ms
[177.239s][info][gc,metaspace] GC(51) Metaspace: 40811K(42368K)->40811K(42368K) NonClass: 40811K(42368K)->40811K(42368K) Class: 0K(0K)->0K(0K)
[177.239s][info][gc          ] GC(51) Pause Full (System.gc()) 778M->778M(5939M) 3433.462ms
[180.622s][info][gc,metaspace] GC(52) Metaspace: 40811K(42368K)->40811K(42368K) NonClass: 40811K(42368K)->40811K(42368K) Class: 0K(0K)->0K(0K)
[180.622s][info][gc          ] GC(52) Pause Full (System.gc()) 778M->778M(5939M) 3383.581ms
[184.004s][info][gc,metaspace] GC(53) Metaspace: 40811K(42368K)->40811K(42368K) NonClass: 40811K(42368K)->40811K(42368K) Class: 0K(0K)->0K(0K)
[184.004s][info][gc          ] GC(53) Pause Full (System.gc()) 778M->778M(5939M) 3381.938ms
[187.437s][info][gc,metaspace] GC(54) Metaspace: 40811K(42368K)->40811K(42368K) NonClass: 40811K(42368K)->40811K(42368K) Class: 0K(0K)->0K(0K)
[187.437s][info][gc          ] GC(54) Pause Full (System.gc()) 778M->778M(5939M) 3432.303ms
[190.823s][info][gc,metaspace] GC(55) Metaspace: 40811K(42368K)->40811K(42368K) NonClass: 40811K(42368K)->40811K(42368K) Class: 0K(0K)->0K(0K)
[190.823s][info][gc          ] GC(55) Pause Full (System.gc()) 778M->778M(5939M) 3385.622ms
[194.256s][info][gc,metaspace] GC(56) Metaspace: 40811K(42368K)->40811K(42368K) NonClass: 40811K(42368K)->40811K(42368K) Class: 0K(0K)->0K(0K)
[194.256s][info][gc          ] GC(56) Pause Full (System.gc()) 788M->778M(5939M) 3432.612ms
[197.640s][info][gc,metaspace] GC(57) Metaspace: 40811K(42368K)->40811K(42368K) NonClass: 40811K(42368K)->40811K(42368K) Class: 0K(0K)->0K(0K)
[197.640s][info][gc          ] GC(57) Pause Full (System.gc()) 778M->778M(5939M) 3384.393ms
[201.074s][info][gc,metaspace] GC(58) Metaspace: 40811K(42368K)->40811K(42368K) NonClass: 40811K(42368K)->40811K(42368K) Class: 0K(0K)->0K(0K)
[201.074s][info][gc          ] GC(58) Pause Full (System.gc()) 778M->778M(5939M) 3433.755ms
[204.457s][info][gc,metaspace] GC(59) Metaspace: 40811K(42368K)->40811K(42368K) NonClass: 40811K(42368K)->40811K(42368K) Class: 0K(0K)->0K(0K)
[204.457s][info][gc          ] GC(59) Pause Full (System.gc()) 778M->778M(5939M) 3382.783ms
[207.846s][info][gc,metaspace] GC(60) Metaspace: 40811K(42368K)->40811K(42368K) NonClass: 40811K(42368K)->40811K(42368K) Class: 0K(0K)->0K(0K)
[207.846s][info][gc          ] GC(60) Pause Full (System.gc()) 778M->778M(5939M) 3389.160ms
[211.281s][info][gc,metaspace] GC(61) Metaspace: 40811K(42368K)->40811K(42368K) NonClass: 40811K(42368K)->40811K(42368K) Class: 0K(0K)->0K(0K)
[211.281s][info][gc          ] GC(61) Pause Full (System.gc()) 778M->778M(5939M) 3433.899ms
[214.663s][info][gc,metaspace] GC(62) Metaspace: 40811K(42368K)->40811K(42368K) NonClass: 40811K(42368K)->40811K(42368K) Class: 0K(0K)->0K(0K)
[214.663s][info][gc          ] GC(62) Pause Full (System.gc()) 778M->778M(5939M) 3382.254ms
[218.095s][info][gc,metaspace] GC(63) Metaspace: 40811K(42368K)->40811K(42368K) NonClass: 40811K(42368K)->40811K(42368K) Class: 0K(0K)->0K(0K)
[218.095s][info][gc          ] GC(63) Pause Full (System.gc()) 778M->778M(5939M) 3432.307ms
[221.479s][info][gc,metaspace] GC(64) Metaspace: 40811K(42368K)->40811K(42368K) NonClass: 40811K(42368K)->40811K(42368K) Class: 0K(0K)->0K(0K)
[221.479s][info][gc          ] GC(64) Pause Full (System.gc()) 778M->778M(5939M) 3383.082ms
[224.862s][info][gc,metaspace] GC(65) Metaspace: 40811K(42368K)->40811K(42368K) NonClass: 40811K(42368K)->40811K(42368K) Class: 0K(0K)->0K(0K)
[224.862s][info][gc          ] GC(65) Pause Full (System.gc()) 778M->778M(5939M) 3382.660ms
[228.298s][info][gc,metaspace] GC(66) Metaspace: 40811K(42368K)->40811K(42368K) NonClass: 40811K(42368K)->40811K(42368K) Class: 0K(0K)->0K(0K)
[228.298s][info][gc          ] GC(66) Pause Full (System.gc()) 778M->778M(5939M) 3436.567ms
[231.682s][info][gc,metaspace] GC(67) Metaspace: 40811K(42368K)->40811K(42368K) NonClass: 40811K(42368K)->40811K(42368K) Class: 0K(0K)->0K(0K)
[231.682s][info][gc          ] GC(67) Pause Full (System.gc()) 778M->778M(5939M) 3383.801ms
[235.115s][info][gc,metaspace] GC(68) Metaspace: 40811K(42368K)->40811K(42368K) NonClass: 40811K(42368K)->40811K(42368K) Class: 0K(0K)->0K(0K)
[235.115s][info][gc          ] GC(68) Pause Full (System.gc()) 778M->778M(5939M) 3432.495ms
[238.497s][info][gc,metaspace] GC(69) Metaspace: 40811K(42368K)->40811K(42368K) NonClass: 40811K(42368K)->40811K(42368K) Class: 0K(0K)->0K(0K)
[238.497s][info][gc          ] GC(69) Pause Full (System.gc()) 778M->778M(5939M) 3382.063ms
[241.882s][info][gc,metaspace] GC(70) Metaspace: 40811K(42368K)->40811K(42368K) NonClass: 40811K(42368K)->40811K(42368K) Class: 0K(0K)->0K(0K)
[241.882s][info][gc          ] GC(70) Pause Full (System.gc()) 778M->778M(5939M) 3384.374ms
[245.318s][info][gc,metaspace] GC(71) Metaspace: 40811K(42368K)->40811K(42368K) NonClass: 40811K(42368K)->40811K(42368K) Class: 0K(0K)->0K(0K)
[245.318s][info][gc          ] GC(71) Pause Full (System.gc()) 778M->778M(5939M) 3435.866ms
[248.704s][info][gc,metaspace] GC(72) Metaspace: 40811K(42368K)->40811K(42368K) NonClass: 40811K(42368K)->40811K(42368K) Class: 0K(0K)->0K(0K)
[248.704s][info][gc          ] GC(72) Pause Full (System.gc()) 778M->778M(5939M) 3386.161ms
[252.139s][info][gc,metaspace] GC(73) Metaspace: 40811K(42368K)->40811K(42368K) NonClass: 40811K(42368K)->40811K(42368K) Class: 0K(0K)->0K(0K)
[252.139s][info][gc          ] GC(73) Pause Full (System.gc()) 778M->778M(5939M) 3434.048ms
[255.523s][info][gc,metaspace] GC(74) Metaspace: 40811K(42368K)->40811K(42368K) NonClass: 40811K(42368K)->40811K(42368K) Class: 0K(0K)->0K(0K)
[255.523s][info][gc          ] GC(74) Pause Full (System.gc()) 788M->778M(5939M) 3384.487ms
[258.906s][info][gc,metaspace] GC(75) Metaspace: 40811K(42368K)->40811K(42368K) NonClass: 40811K(42368K)->40811K(42368K) Class: 0K(0K)->0K(0K)
[258.906s][info][gc          ] GC(75) Pause Full (System.gc()) 778M->778M(5939M) 3382.392ms
[262.346s][info][gc,metaspace] GC(76) Metaspace: 40811K(42368K)->40811K(42368K) NonClass: 40811K(42368K)->40811K(42368K) Class: 0K(0K)->0K(0K)
[262.346s][info][gc          ] GC(76) Pause Full (System.gc()) 778M->778M(5939M) 3439.484ms
[265.735s][info][gc,metaspace] GC(77) Metaspace: 40811K(42368K)->40811K(42368K) NonClass: 40811K(42368K)->40811K(42368K) Class: 0K(0K)->0K(0K)
[265.736s][info][gc          ] GC(77) Pause Full (System.gc()) 778M->778M(5939M) 3389.655ms
[269.166s][info][gc,metaspace] GC(78) Metaspace: 40811K(42368K)->40811K(42368K) NonClass: 40811K(42368K)->40811K(42368K) Class: 0K(0K)->0K(0K)
[269.166s][info][gc          ] GC(78) Pause Full (System.gc()) 778M->778M(5939M) 3430.391ms
[272.547s][info][gc,metaspace] GC(79) Metaspace: 40811K(42368K)->40811K(42368K) NonClass: 40811K(42368K)->40811K(42368K) Class: 0K(0K)->0K(0K)
[272.547s][info][gc          ] GC(79) Pause Full (System.gc()) 778M->778M(5939M) 3381.195ms
[275.930s][info][gc,metaspace] GC(80) Metaspace: 40811K(42368K)->40811K(42368K) NonClass: 40811K(42368K)->40811K(42368K) Class: 0K(0K)->0K(0K)
[275.930s][info][gc          ] GC(80) Pause Full (System.gc()) 778M->778M(5939M) 3382.147ms
[279.362s][info][gc,metaspace] GC(81) Metaspace: 40811K(42368K)->40811K(42368K) NonClass: 40811K(42368K)->40811K(42368K) Class: 0K(0K)->0K(0K)
[279.362s][info][gc          ] GC(81) Pause Full (System.gc()) 778M->778M(5939M) 3431.989ms
[282.750s][info][gc,metaspace] GC(82) Metaspace: 40811K(42368K)->40811K(42368K) NonClass: 40811K(42368K)->40811K(42368K) Class: 0K(0K)->0K(0K)
[282.750s][info][gc          ] GC(82) Pause Full (System.gc()) 778M->778M(5939M) 3388.415ms
[286.183s][info][gc,metaspace] GC(83) Metaspace: 40811K(42368K)->40811K(42368K) NonClass: 40811K(42368K)->40811K(42368K) Class: 0K(0K)->0K(0K)
[286.183s][info][gc          ] GC(83) Pause Full (System.gc()) 778M->778M(5939M) 3432.857ms
[289.567s][info][gc,metaspace] GC(84) Metaspace: 40811K(42368K)->40811K(42368K) NonClass: 40811K(42368K)->40811K(42368K) Class: 0K(0K)->0K(0K)
[289.567s][info][gc          ] GC(84) Pause Full (System.gc()) 778M->778M(5939M) 3383.161ms
[292.950s][info][gc,metaspace] GC(85) Metaspace: 40811K(42368K)->40811K(42368K) NonClass: 40811K(42368K)->40811K(42368K) Class: 0K(0K)->0K(0K)
[292.950s][info][gc          ] GC(85) Pause Full (System.gc()) 778M->778M(5939M) 3382.735ms
[296.382s][info][gc,metaspace] GC(86) Metaspace: 40811K(42368K)->40811K(42368K) NonClass: 40811K(42368K)->40811K(42368K) Class: 0K(0K)->0K(0K)
[296.382s][info][gc          ] GC(86) Pause Full (System.gc()) 778M->778M(5939M) 3432.395ms
[299.768s][info][gc,metaspace] GC(87) Metaspace: 40811K(42368K)->40811K(42368K) NonClass: 40811K(42368K)->40811K(42368K) Class: 0K(0K)->0K(0K)
[299.768s][info][gc          ] GC(87) Pause Full (System.gc()) 778M->778M(5939M) 3385.897ms
[303.200s][info][gc,metaspace] GC(88) Metaspace: 40811K(42368K)->40811K(42368K) NonClass: 40811K(42368K)->40811K(42368K) Class: 0K(0K)->0K(0K)
[303.200s][info][gc          ] GC(88) Pause Full (System.gc()) 778M->778M(5939M) 3432.105ms
[306.584s][info][gc,metaspace] GC(89) Metaspace: 40811K(42368K)->40811K(42368K) NonClass: 40811K(42368K)->40811K(42368K) Class: 0K(0K)->0K(0K)
[306.584s][info][gc          ] GC(89) Pause Full (System.gc()) 778M->778M(5939M) 3383.155ms
[309.966s][info][gc,metaspace] GC(90) Metaspace: 40811K(42368K)->40811K(42368K) NonClass: 40811K(42368K)->40811K(42368K) Class: 0K(0K)->0K(0K)
[309.966s][info][gc          ] GC(90) Pause Full (System.gc()) 778M->778M(5939M) 3382.277ms
[313.804s][info][gc,metaspace] GC(91) Metaspace: 40811K(42368K)->40811K(42368K) NonClass: 40811K(42368K)->40811K(42368K) Class: 0K(0K)->0K(0K)
[313.804s][info][gc          ] GC(91) Pause Full (System.gc()) 778M->778M(5939M) 3838.069ms
[317.238s][info][gc,metaspace] GC(92) Metaspace: 40811K(42368K)->40811K(42368K) NonClass: 40811K(42368K)->40811K(42368K) Class: 0K(0K)->0K(0K)
[317.238s][info][gc          ] GC(92) Pause Full (System.gc()) 778M->778M(5939M) 3434.136ms
[320.622s][info][gc,metaspace] GC(93) Metaspace: 40811K(42368K)->40811K(42368K) NonClass: 40811K(42368K)->40811K(42368K) Class: 0K(0K)->0K(0K)
[320.622s][info][gc          ] GC(93) Pause Full (System.gc()) 788M->778M(5939M) 3383.134ms
[324.004s][info][gc,metaspace] GC(94) Metaspace: 40811K(42368K)->40811K(42368K) NonClass: 40811K(42368K)->40811K(42368K) Class: 0K(0K)->0K(0K)
[324.004s][info][gc          ] GC(94) Pause Full (System.gc()) 778M->778M(5939M) 3382.117ms
[327.437s][info][gc,metaspace] GC(95) Metaspace: 40811K(42368K)->40811K(42368K) NonClass: 40811K(42368K)->40811K(42368K) Class: 0K(0K)->0K(0K)
[327.437s][info][gc          ] GC(95) Pause Full (System.gc()) 778M->778M(5939M) 3433.088ms
[330.823s][info][gc,metaspace] GC(96) Metaspace: 40811K(42368K)->40811K(42368K) NonClass: 40811K(42368K)->40811K(42368K) Class: 0K(0K)->0K(0K)
[330.823s][info][gc          ] GC(96) Pause Full (System.gc()) 778M->778M(5939M) 3385.598ms
[334.255s][info][gc,metaspace] GC(97) Metaspace: 40811K(42368K)->40811K(42368K) NonClass: 40811K(42368K)->40811K(42368K) Class: 0K(0K)->0K(0K)
[334.255s][info][gc          ] GC(97) Pause Full (System.gc()) 778M->778M(5939M) 3432.046ms
[337.637s][info][gc,metaspace] GC(98) Metaspace: 40811K(42368K)->40811K(42368K) NonClass: 40811K(42368K)->40811K(42368K) Class: 0K(0K)->0K(0K)
[337.637s][info][gc          ] GC(98) Pause Full (System.gc()) 778M->778M(5939M) 3382.442ms
[341.069s][info][gc,metaspace] GC(99) Metaspace: 40811K(42368K)->40811K(42368K) NonClass: 40811K(42368K)->40811K(42368K) Class: 0K(0K)->0K(0K)
[341.069s][info][gc          ] GC(99) Pause Full (System.gc()) 778M->778M(5939M) 3431.657ms
[344.846s][info][gc,metaspace] GC(100) Metaspace: 40811K(42368K)->40811K(42368K) NonClass: 40811K(42368K)->40811K(42368K) Class: 0K(0K)->0K(0K)
[344.846s][info][gc          ] GC(100) Pause Full (System.gc()) 778M->778M(5939M) 3776.340ms
[348.282s][info][gc,metaspace] GC(101) Metaspace: 40811K(42368K)->40811K(42368K) NonClass: 40811K(42368K)->40811K(42368K) Class: 0K(0K)->0K(0K)
[348.282s][info][gc          ] GC(101) Pause Full (System.gc()) 778M->778M(5939M) 3436.305ms
[351.667s][info][gc,metaspace] GC(102) Metaspace: 40811K(42368K)->40811K(42368K) NonClass: 40811K(42368K)->40811K(42368K) Class: 0K(0K)->0K(0K)
[351.667s][info][gc          ] GC(102) Pause Full (System.gc()) 778M->778M(5939M) 3384.346ms
[355.099s][info][gc,metaspace] GC(103) Metaspace: 40811K(42368K)->40811K(42368K) NonClass: 40811K(42368K)->40811K(42368K) Class: 0K(0K)->0K(0K)
[355.099s][info][gc          ] GC(103) Pause Full (System.gc()) 778M->778M(5939M) 3432.089ms
[359.678s][info][gc,metaspace] GC(104) Metaspace: 40811K(42368K)->40811K(42368K) NonClass: 40811K(42368K)->40811K(42368K) Class: 0K(0K)->0K(0K)
[359.678s][info][gc          ] GC(104) Pause Full (System.gc()) 778M->778M(5939M) 4579.432ms
[363.203s][info][gc,metaspace] GC(105) Metaspace: 40811K(42368K)->40811K(42368K) NonClass: 40811K(42368K)->40811K(42368K) Class: 0K(0K)->0K(0K)
[363.203s][info][gc          ] GC(105) Pause Full (System.gc()) 778M->778M(5939M) 3524.481ms
[366.585s][info][gc,metaspace] GC(106) Metaspace: 40811K(42368K)->40811K(42368K) NonClass: 40811K(42368K)->40811K(42368K) Class: 0K(0K)->0K(0K)
[366.585s][info][gc          ] GC(106) Pause Full (System.gc()) 778M->778M(5939M) 3382.108ms
[369.969s][info][gc,metaspace] GC(107) Metaspace: 40811K(42368K)->40811K(42368K) NonClass: 40811K(42368K)->40811K(42368K) Class: 0K(0K)->0K(0K)
[369.969s][info][gc          ] GC(107) Pause Full (System.gc()) 778M->778M(5939M) 3383.316ms
[373.401s][info][gc,metaspace] GC(108) Metaspace: 40811K(42368K)->40811K(42368K) NonClass: 40811K(42368K)->40811K(42368K) Class: 0K(0K)->0K(0K)
[373.401s][info][gc          ] GC(108) Pause Full (System.gc()) 778M->778M(5939M) 3432.222ms
[376.787s][info][gc,metaspace] GC(109) Metaspace: 40811K(42368K)->40811K(42368K) NonClass: 40811K(42368K)->40811K(42368K) Class: 0K(0K)->0K(0K)
[376.787s][info][gc          ] GC(109) Pause Full (System.gc()) 778M->778M(5939M) 3385.666ms
After GCs... 
