Done; will start GCs... 
[35.140s][info][gc,metaspace] GC(10) Metaspace: 42847K(46720K)->42847K(46720K) NonClass: 36018K(37696K)->36018K(37696K) Class: 6828K(9024K)->6828K(9024K)
[35.140s][info][gc          ] GC(10) Pause Full (System.gc()) 869M->778M(5939M) 4264.035ms
[37.971s][info][gc,metaspace] GC(11) Metaspace: 42847K(46720K)->42847K(46720K) NonClass: 36018K(37696K)->36018K(37696K) Class: 6828K(9024K)->6828K(9024K)
[37.971s][info][gc          ] GC(11) Pause Full (System.gc()) 778M->778M(5939M) 2830.770ms
[41.700s][info][gc,metaspace] GC(12) Metaspace: 42847K(46720K)->42847K(46720K) NonClass: 36018K(37696K)->36018K(37696K) Class: 6828K(9024K)->6828K(9024K)
[41.700s][info][gc          ] GC(12) Pause Full (System.gc()) 778M->778M(5939M) 3728.837ms
[44.526s][info][gc,metaspace] GC(13) Metaspace: 42847K(46720K)->42847K(46720K) NonClass: 36018K(37696K)->36018K(37696K) Class: 6828K(9024K)->6828K(9024K)
[44.526s][info][gc          ] GC(13) Pause Full (System.gc()) 778M->778M(5939M) 2826.156ms
[47.349s][info][gc,metaspace] GC(14) Metaspace: 42847K(46720K)->42847K(46720K) NonClass: 36018K(37696K)->36018K(37696K) Class: 6828K(9024K)->6828K(9024K)
[47.349s][info][gc          ] GC(14) Pause Full (System.gc()) 778M->778M(5939M) 2822.466ms
[50.121s][info][gc,metaspace] GC(15) Metaspace: 42847K(46720K)->42847K(46720K) NonClass: 36018K(37696K)->36018K(37696K) Class: 6828K(9024K)->6828K(9024K)
[50.121s][info][gc          ] GC(15) Pause Full (System.gc()) 778M->778M(5939M) 2771.766ms
[52.942s][info][gc,metaspace] GC(16) Metaspace: 42847K(46720K)->42847K(46720K) NonClass: 36018K(37696K)->36018K(37696K) Class: 6828K(9024K)->6828K(9024K)
[52.942s][info][gc          ] GC(16) Pause Full (System.gc()) 778M->778M(5939M) 2820.758ms
[55.764s][info][gc,metaspace] GC(17) Metaspace: 42847K(46720K)->42847K(46720K) NonClass: 36018K(37696K)->36018K(37696K) Class: 6828K(9024K)->6828K(9024K)
[55.764s][info][gc          ] GC(17) Pause Full (System.gc()) 778M->778M(5939M) 2821.992ms
[58.586s][info][gc,metaspace] GC(18) Metaspace: 42847K(46720K)->42847K(46720K) NonClass: 36018K(37696K)->36018K(37696K) Class: 6828K(9024K)->6828K(9024K)
[58.586s][info][gc          ] GC(18) Pause Full (System.gc()) 778M->778M(5939M) 2821.971ms
[61.413s][info][gc,metaspace] GC(19) Metaspace: 42847K(46720K)->42847K(46720K) NonClass: 36018K(37696K)->36018K(37696K) Class: 6828K(9024K)->6828K(9024K)
[61.413s][info][gc          ] GC(19) Pause Full (System.gc()) 778M->778M(5939M) 2826.916ms
[64.186s][info][gc,metaspace] GC(20) Metaspace: 42847K(46720K)->42847K(46720K) NonClass: 36018K(37696K)->36018K(37696K) Class: 6828K(9024K)->6828K(9024K)
[64.186s][info][gc          ] GC(20) Pause Full (System.gc()) 778M->778M(5939M) 2771.918ms
[67.010s][info][gc,metaspace] GC(21) Metaspace: 42847K(46720K)->42847K(46720K) NonClass: 36018K(37696K)->36018K(37696K) Class: 6828K(9024K)->6828K(9024K)
[67.010s][info][gc          ] GC(21) Pause Full (System.gc()) 788M->778M(5939M) 2824.506ms
[69.834s][info][gc,metaspace] GC(22) Metaspace: 42847K(46720K)->42847K(46720K) NonClass: 36018K(37696K)->36018K(37696K) Class: 6828K(9024K)->6828K(9024K)
[69.834s][info][gc          ] GC(22) Pause Full (System.gc()) 778M->778M(5939M) 2823.875ms
[72.690s][info][gc,metaspace] GC(23) Metaspace: 42847K(46720K)->42847K(46720K) NonClass: 36018K(37696K)->36018K(37696K) Class: 6828K(9024K)->6828K(9024K)
[72.690s][info][gc          ] GC(23) Pause Full (System.gc()) 778M->778M(5939M) 2854.964ms
[76.406s][info][gc,metaspace] GC(24) Metaspace: 42847K(46720K)->42847K(46720K) NonClass: 36018K(37696K)->36018K(37696K) Class: 6828K(9024K)->6828K(9024K)
[76.406s][info][gc          ] GC(24) Pause Full (System.gc()) 778M->778M(5939M) 3711.791ms
[79.181s][info][gc,metaspace] GC(25) Metaspace: 42847K(46720K)->42847K(46720K) NonClass: 36018K(37696K)->36018K(37696K) Class: 6828K(9024K)->6828K(9024K)
[79.181s][info][gc          ] GC(25) Pause Full (System.gc()) 778M->778M(5939M) 2775.181ms
[82.006s][info][gc,metaspace] GC(26) Metaspace: 42847K(46720K)->42847K(46720K) NonClass: 36018K(37696K)->36018K(37696K) Class: 6828K(9024K)->6828K(9024K)
[82.006s][info][gc          ] GC(26) Pause Full (System.gc()) 778M->778M(5939M) 2824.217ms
[84.835s][info][gc,metaspace] GC(27) Metaspace: 42847K(46720K)->42847K(46720K) NonClass: 36018K(37696K)->36018K(37696K) Class: 6828K(9024K)->6828K(9024K)
[84.835s][info][gc          ] GC(27) Pause Full (System.gc()) 778M->778M(5939M) 2829.262ms
[87.661s][info][gc,metaspace] GC(28) Metaspace: 42847K(46720K)->42847K(46720K) NonClass: 36018K(37696K)->36018K(37696K) Class: 6828K(9024K)->6828K(9024K)
[87.661s][info][gc          ] GC(28) Pause Full (System.gc()) 778M->778M(5939M) 2826.063ms
[90.488s][info][gc,metaspace] GC(29) Metaspace: 42847K(46720K)->42847K(46720K) NonClass: 36018K(37696K)->36018K(37696K) Class: 6828K(9024K)->6828K(9024K)
[90.488s][info][gc          ] GC(29) Pause Full (System.gc()) 778M->778M(5939M) 2825.924ms
[93.313s][info][gc,metaspace] GC(30) Metaspace: 42847K(46720K)->42847K(46720K) NonClass: 36018K(37696K)->36018K(37696K) Class: 6828K(9024K)->6828K(9024K)
[93.313s][info][gc          ] GC(30) Pause Full (System.gc()) 778M->778M(5939M) 2825.689ms
[96.088s][info][gc,metaspace] GC(31) Metaspace: 42847K(46720K)->42847K(46720K) NonClass: 36018K(37696K)->36018K(37696K) Class: 6828K(9024K)->6828K(9024K)
[96.088s][info][gc          ] GC(31) Pause Full (System.gc()) 778M->778M(5939M) 2774.584ms
[98.913s][info][gc,metaspace] GC(32) Metaspace: 42847K(46720K)->42847K(46720K) NonClass: 36018K(37696K)->36018K(37696K) Class: 6828K(9024K)->6828K(9024K)
[98.913s][info][gc          ] GC(32) Pause Full (System.gc()) 778M->778M(5939M) 2824.932ms
[101.739s][info][gc,metaspace] GC(33) Metaspace: 42847K(46720K)->42847K(46720K) NonClass: 36018K(37696K)->36018K(37696K) Class: 6828K(9024K)->6828K(9024K)
[101.739s][info][gc          ] GC(33) Pause Full (System.gc()) 778M->778M(5939M) 2825.579ms
[104.565s][info][gc,metaspace] GC(34) Metaspace: 42847K(46720K)->42847K(46720K) NonClass: 36018K(37696K)->36018K(37696K) Class: 6828K(9024K)->6828K(9024K)
[104.565s][info][gc          ] GC(34) Pause Full (System.gc()) 778M->778M(5939M) 2825.536ms
[107.389s][info][gc,metaspace] GC(35) Metaspace: 42847K(46720K)->42847K(46720K) NonClass: 36018K(37696K)->36018K(37696K) Class: 6828K(9024K)->6828K(9024K)
[107.390s][info][gc          ] GC(35) Pause Full (System.gc()) 778M->778M(5939M) 2824.456ms
[110.165s][info][gc,metaspace] GC(36) Metaspace: 42847K(46720K)->42847K(46720K) NonClass: 36018K(37696K)->36018K(37696K) Class: 6828K(9024K)->6828K(9024K)
[110.165s][info][gc          ] GC(36) Pause Full (System.gc()) 778M->778M(5939M) 2775.426ms
[112.989s][info][gc,metaspace] GC(37) Metaspace: 42847K(46720K)->42847K(46720K) NonClass: 36018K(37696K)->36018K(37696K) Class: 6828K(9024K)->6828K(9024K)
[112.990s][info][gc          ] GC(37) Pause Full (System.gc()) 778M->778M(5939M) 2824.176ms
[115.815s][info][gc,metaspace] GC(38) Metaspace: 42847K(46720K)->42847K(46720K) NonClass: 36018K(37696K)->36018K(37696K) Class: 6828K(9024K)->6828K(9024K)
[115.815s][info][gc          ] GC(38) Pause Full (System.gc()) 778M->778M(5939M) 2825.191ms
[118.638s][info][gc,metaspace] GC(39) Metaspace: 42847K(46720K)->42847K(46720K) NonClass: 36018K(37696K)->36018K(37696K) Class: 6828K(9024K)->6828K(9024K)
[118.638s][info][gc          ] GC(39) Pause Full (System.gc()) 778M->778M(5939M) 2822.517ms
[121.467s][info][gc,metaspace] GC(40) Metaspace: 42847K(46720K)->42847K(46720K) NonClass: 36018K(37696K)->36018K(37696K) Class: 6828K(9024K)->6828K(9024K)
[121.467s][info][gc          ] GC(40) Pause Full (System.gc()) 778M->778M(5939M) 2829.441ms
[124.297s][info][gc,metaspace] GC(41) Metaspace: 42847K(46720K)->42847K(46720K) NonClass: 36018K(37696K)->36018K(37696K) Class: 6828K(9024K)->6828K(9024K)
[124.297s][info][gc          ] GC(41) Pause Full (System.gc()) 778M->778M(5939M) 2829.244ms
[127.076s][info][gc,metaspace] GC(42) Metaspace: 42847K(46720K)->42847K(46720K) NonClass: 36018K(37696K)->36018K(37696K) Class: 6828K(9024K)->6828K(9024K)
[127.076s][info][gc          ] GC(42) Pause Full (System.gc()) 788M->778M(5939M) 2779.007ms
[129.906s][info][gc,metaspace] GC(43) Metaspace: 42847K(46720K)->42847K(46720K) NonClass: 36018K(37696K)->36018K(37696K) Class: 6828K(9024K)->6828K(9024K)
[129.906s][info][gc          ] GC(43) Pause Full (System.gc()) 778M->778M(5939M) 2829.806ms
[132.732s][info][gc,metaspace] GC(44) Metaspace: 42847K(46720K)->42847K(46720K) NonClass: 36018K(37696K)->36018K(37696K) Class: 6828K(9024K)->6828K(9024K)
[132.732s][info][gc          ] GC(44) Pause Full (System.gc()) 778M->778M(5939M) 2821.880ms
[135.557s][info][gc,metaspace] GC(45) Metaspace: 42847K(46720K)->42847K(46720K) NonClass: 36018K(37696K)->36018K(37696K) Class: 6828K(9024K)->6828K(9024K)
[135.557s][info][gc          ] GC(45) Pause Full (System.gc()) 778M->778M(5939M) 2824.061ms
[138.376s][info][gc,metaspace] GC(46) Metaspace: 42847K(46720K)->42847K(46720K) NonClass: 36018K(37696K)->36018K(37696K) Class: 6828K(9024K)->6828K(9024K)
[138.376s][info][gc          ] GC(46) Pause Full (System.gc()) 778M->778M(5939M) 2819.554ms
[141.152s][info][gc,metaspace] GC(47) Metaspace: 42847K(46720K)->42847K(46720K) NonClass: 36018K(37696K)->36018K(37696K) Class: 6828K(9024K)->6828K(9024K)
[141.152s][info][gc          ] GC(47) Pause Full (System.gc()) 778M->778M(5939M) 2775.254ms
[143.978s][info][gc,metaspace] GC(48) Metaspace: 42847K(46720K)->42847K(46720K) NonClass: 36018K(37696K)->36018K(37696K) Class: 6828K(9024K)->6828K(9024K)
[143.978s][info][gc          ] GC(48) Pause Full (System.gc()) 778M->778M(5939M) 2825.827ms
[146.802s][info][gc,metaspace] GC(49) Metaspace: 42847K(46720K)->42847K(46720K) NonClass: 36018K(37696K)->36018K(37696K) Class: 6828K(9024K)->6828K(9024K)
[146.802s][info][gc          ] GC(49) Pause Full (System.gc()) 778M->778M(5939M) 2823.763ms
[149.627s][info][gc,metaspace] GC(50) Metaspace: 42847K(46720K)->42847K(46720K) NonClass: 36018K(37696K)->36018K(37696K) Class: 6828K(9024K)->6828K(9024K)
[149.627s][info][gc          ] GC(50) Pause Full (System.gc()) 778M->778M(5939M) 2825.380ms
[152.454s][info][gc,metaspace] GC(51) Metaspace: 42847K(46720K)->42847K(46720K) NonClass: 36018K(37696K)->36018K(37696K) Class: 6828K(9024K)->6828K(9024K)
[152.454s][info][gc          ] GC(51) Pause Full (System.gc()) 778M->778M(5939M) 2825.762ms
[155.279s][info][gc,metaspace] GC(52) Metaspace: 42847K(46720K)->42847K(46720K) NonClass: 36018K(37696K)->36018K(37696K) Class: 6828K(9024K)->6828K(9024K)
[155.280s][info][gc          ] GC(52) Pause Full (System.gc()) 778M->778M(5939M) 2825.832ms
[158.055s][info][gc,metaspace] GC(53) Metaspace: 42847K(46720K)->42847K(46720K) NonClass: 36018K(37696K)->36018K(37696K) Class: 6828K(9024K)->6828K(9024K)
[158.055s][info][gc          ] GC(53) Pause Full (System.gc()) 778M->778M(5939M) 2775.465ms
[160.877s][info][gc,metaspace] GC(54) Metaspace: 42847K(46720K)->42847K(46720K) NonClass: 36018K(37696K)->36018K(37696K) Class: 6828K(9024K)->6828K(9024K)
[160.877s][info][gc          ] GC(54) Pause Full (System.gc()) 778M->778M(5939M) 2821.349ms
[163.705s][info][gc,metaspace] GC(55) Metaspace: 42847K(46720K)->42847K(46720K) NonClass: 36018K(37696K)->36018K(37696K) Class: 6828K(9024K)->6828K(9024K)
[163.705s][info][gc          ] GC(55) Pause Full (System.gc()) 778M->778M(5939M) 2827.911ms
[166.527s][info][gc,metaspace] GC(56) Metaspace: 42847K(46720K)->42847K(46720K) NonClass: 36018K(37696K)->36018K(37696K) Class: 6828K(9024K)->6828K(9024K)
[166.527s][info][gc          ] GC(56) Pause Full (System.gc()) 778M->778M(5939M) 2822.329ms
[169.352s][info][gc,metaspace] GC(57) Metaspace: 42847K(46720K)->42847K(46720K) NonClass: 36018K(37696K)->36018K(37696K) Class: 6828K(9024K)->6828K(9024K)
[169.352s][info][gc          ] GC(57) Pause Full (System.gc()) 778M->778M(5939M) 2824.145ms
[172.126s][info][gc,metaspace] GC(58) Metaspace: 42847K(46720K)->42847K(46720K) NonClass: 36018K(37696K)->36018K(37696K) Class: 6828K(9024K)->6828K(9024K)
[172.126s][info][gc          ] GC(58) Pause Full (System.gc()) 778M->778M(5939M) 2773.854ms
[174.951s][info][gc,metaspace] GC(59) Metaspace: 42847K(46720K)->42847K(46720K) NonClass: 36018K(37696K)->36018K(37696K) Class: 6828K(9024K)->6828K(9024K)
[174.951s][info][gc          ] GC(59) Pause Full (System.gc()) 778M->778M(5939M) 2824.671ms
[177.776s][info][gc,metaspace] GC(60) Metaspace: 42847K(46720K)->42847K(46720K) NonClass: 36018K(37696K)->36018K(37696K) Class: 6828K(9024K)->6828K(9024K)
[177.776s][info][gc          ] GC(60) Pause Full (System.gc()) 778M->778M(5939M) 2825.398ms
[180.605s][info][gc,metaspace] GC(61) Metaspace: 42847K(46720K)->42847K(46720K) NonClass: 36018K(37696K)->36018K(37696K) Class: 6828K(9024K)->6828K(9024K)
[180.605s][info][gc          ] GC(61) Pause Full (System.gc()) 778M->778M(5939M) 2828.544ms
[183.430s][info][gc,metaspace] GC(62) Metaspace: 42847K(46720K)->42847K(46720K) NonClass: 36018K(37696K)->36018K(37696K) Class: 6828K(9024K)->6828K(9024K)
[183.430s][info][gc          ] GC(62) Pause Full (System.gc()) 778M->778M(5939M) 2824.724ms
[186.252s][info][gc,metaspace] GC(63) Metaspace: 42847K(46720K)->42847K(46720K) NonClass: 36018K(37696K)->36018K(37696K) Class: 6828K(9024K)->6828K(9024K)
[186.252s][info][gc          ] GC(63) Pause Full (System.gc()) 778M->778M(5939M) 2821.977ms
[189.026s][info][gc,metaspace] GC(64) Metaspace: 42847K(46720K)->42847K(46720K) NonClass: 36018K(37696K)->36018K(37696K) Class: 6828K(9024K)->6828K(9024K)
[189.026s][info][gc          ] GC(64) Pause Full (System.gc()) 788M->778M(5939M) 2773.972ms
[191.851s][info][gc,metaspace] GC(65) Metaspace: 42847K(46720K)->42847K(46720K) NonClass: 36018K(37696K)->36018K(37696K) Class: 6828K(9024K)->6828K(9024K)
[191.851s][info][gc          ] GC(65) Pause Full (System.gc()) 778M->778M(5939M) 2824.059ms
[194.675s][info][gc,metaspace] GC(66) Metaspace: 42847K(46720K)->42847K(46720K) NonClass: 36018K(37696K)->36018K(37696K) Class: 6828K(9024K)->6828K(9024K)
[194.675s][info][gc          ] GC(66) Pause Full (System.gc()) 778M->778M(5939M) 2824.068ms
[197.499s][info][gc,metaspace] GC(67) Metaspace: 42847K(46720K)->42847K(46720K) NonClass: 36018K(37696K)->36018K(37696K) Class: 6828K(9024K)->6828K(9024K)
[197.499s][info][gc          ] GC(67) Pause Full (System.gc()) 778M->778M(5939M) 2824.509ms
[200.328s][info][gc,metaspace] GC(68) Metaspace: 42847K(46720K)->42847K(46720K) NonClass: 36018K(37696K)->36018K(37696K) Class: 6828K(9024K)->6828K(9024K)
[200.328s][info][gc          ] GC(68) Pause Full (System.gc()) 778M->778M(5939M) 2828.430ms
[203.102s][info][gc,metaspace] GC(69) Metaspace: 42847K(46720K)->42847K(46720K) NonClass: 36018K(37696K)->36018K(37696K) Class: 6828K(9024K)->6828K(9024K)
[203.102s][info][gc          ] GC(69) Pause Full (System.gc()) 778M->778M(5939M) 2773.937ms
[205.926s][info][gc,metaspace] GC(70) Metaspace: 42847K(46720K)->42847K(46720K) NonClass: 36018K(37696K)->36018K(37696K) Class: 6828K(9024K)->6828K(9024K)
[205.926s][info][gc          ] GC(70) Pause Full (System.gc()) 778M->778M(5939M) 2824.092ms
[208.750s][info][gc,metaspace] GC(71) Metaspace: 42847K(46720K)->42847K(46720K) NonClass: 36018K(37696K)->36018K(37696K) Class: 6828K(9024K)->6828K(9024K)
[208.750s][info][gc          ] GC(71) Pause Full (System.gc()) 778M->778M(5939M) 2823.975ms
[211.576s][info][gc,metaspace] GC(72) Metaspace: 42847K(46720K)->42847K(46720K) NonClass: 36018K(37696K)->36018K(37696K) Class: 6828K(9024K)->6828K(9024K)
[211.576s][info][gc          ] GC(72) Pause Full (System.gc()) 778M->778M(5939M) 2825.410ms
[214.401s][info][gc,metaspace] GC(73) Metaspace: 42847K(46720K)->42847K(46720K) NonClass: 36018K(37696K)->36018K(37696K) Class: 6828K(9024K)->6828K(9024K)
[214.401s][info][gc          ] GC(73) Pause Full (System.gc()) 778M->778M(5939M) 2825.164ms
[217.181s][info][gc,metaspace] GC(74) Metaspace: 42847K(46720K)->42847K(46720K) NonClass: 36018K(37696K)->36018K(37696K) Class: 6828K(9024K)->6828K(9024K)
[217.181s][info][gc          ] GC(74) Pause Full (System.gc()) 778M->778M(5939M) 2780.120ms
[220.008s][info][gc,metaspace] GC(75) Metaspace: 42847K(46720K)->42847K(46720K) NonClass: 36018K(37696K)->36018K(37696K) Class: 6828K(9024K)->6828K(9024K)
[220.008s][info][gc          ] GC(75) Pause Full (System.gc()) 778M->778M(5939M) 2826.229ms
[222.833s][info][gc,metaspace] GC(76) Metaspace: 42847K(46720K)->42847K(46720K) NonClass: 36018K(37696K)->36018K(37696K) Class: 6828K(9024K)->6828K(9024K)
[222.833s][info][gc          ] GC(76) Pause Full (System.gc()) 778M->778M(5939M) 2825.040ms
[225.659s][info][gc,metaspace] GC(77) Metaspace: 42847K(46720K)->42847K(46720K) NonClass: 36018K(37696K)->36018K(37696K) Class: 6828K(9024K)->6828K(9024K)
[225.659s][info][gc          ] GC(77) Pause Full (System.gc()) 778M->778M(5939M) 2826.263ms
[228.484s][info][gc,metaspace] GC(78) Metaspace: 42847K(46720K)->42847K(46720K) NonClass: 36018K(37696K)->36018K(37696K) Class: 6828K(9024K)->6828K(9024K)
[228.484s][info][gc          ] GC(78) Pause Full (System.gc()) 778M->778M(5939M) 2824.838ms
[231.309s][info][gc,metaspace] GC(79) Metaspace: 42847K(46720K)->42847K(46720K) NonClass: 36018K(37696K)->36018K(37696K) Class: 6828K(9024K)->6828K(9024K)
[231.309s][info][gc          ] GC(79) Pause Full (System.gc()) 778M->778M(5939M) 2825.008ms
[234.088s][info][gc,metaspace] GC(80) Metaspace: 42847K(46720K)->42847K(46720K) NonClass: 36018K(37696K)->36018K(37696K) Class: 6828K(9024K)->6828K(9024K)
[234.088s][info][gc          ] GC(80) Pause Full (System.gc()) 778M->778M(5939M) 2778.985ms
[236.914s][info][gc,metaspace] GC(81) Metaspace: 42847K(46720K)->42847K(46720K) NonClass: 36018K(37696K)->36018K(37696K) Class: 6828K(9024K)->6828K(9024K)
[236.914s][info][gc          ] GC(81) Pause Full (System.gc()) 778M->778M(5939M) 2825.267ms
[239.737s][info][gc,metaspace] GC(82) Metaspace: 42847K(46720K)->42847K(46720K) NonClass: 36018K(37696K)->36018K(37696K) Class: 6828K(9024K)->6828K(9024K)
[239.737s][info][gc          ] GC(82) Pause Full (System.gc()) 778M->778M(5939M) 2822.574ms
[242.561s][info][gc,metaspace] GC(83) Metaspace: 42847K(46720K)->42847K(46720K) NonClass: 36018K(37696K)->36018K(37696K) Class: 6828K(9024K)->6828K(9024K)
[242.561s][info][gc          ] GC(83) Pause Full (System.gc()) 778M->778M(5939M) 2824.372ms
[245.386s][info][gc,metaspace] GC(84) Metaspace: 42847K(46720K)->42847K(46720K) NonClass: 36018K(37696K)->36018K(37696K) Class: 6828K(9024K)->6828K(9024K)
[245.386s][info][gc          ] GC(84) Pause Full (System.gc()) 778M->778M(5939M) 2820.994ms
[248.161s][info][gc,metaspace] GC(85) Metaspace: 42847K(46720K)->42847K(46720K) NonClass: 36018K(37696K)->36018K(37696K) Class: 6828K(9024K)->6828K(9024K)
[248.161s][info][gc          ] GC(85) Pause Full (System.gc()) 778M->778M(5939M) 2774.739ms
[250.986s][info][gc,metaspace] GC(86) Metaspace: 42847K(46720K)->42847K(46720K) NonClass: 36018K(37696K)->36018K(37696K) Class: 6828K(9024K)->6828K(9024K)
[250.986s][info][gc          ] GC(86) Pause Full (System.gc()) 778M->778M(5939M) 2824.947ms
[253.816s][info][gc,metaspace] GC(87) Metaspace: 42847K(46720K)->42847K(46720K) NonClass: 36018K(37696K)->36018K(37696K) Class: 6828K(9024K)->6828K(9024K)
[253.816s][info][gc          ] GC(87) Pause Full (System.gc()) 788M->778M(5939M) 2829.330ms
[256.641s][info][gc,metaspace] GC(88) Metaspace: 42847K(46720K)->42847K(46720K) NonClass: 36018K(37696K)->36018K(37696K) Class: 6828K(9024K)->6828K(9024K)
[256.641s][info][gc          ] GC(88) Pause Full (System.gc()) 778M->778M(5939M) 2825.293ms
[259.467s][info][gc,metaspace] GC(89) Metaspace: 42847K(46720K)->42847K(46720K) NonClass: 36018K(37696K)->36018K(37696K) Class: 6828K(9024K)->6828K(9024K)
[259.467s][info][gc          ] GC(89) Pause Full (System.gc()) 778M->778M(5939M) 2825.313ms
[262.292s][info][gc,metaspace] GC(90) Metaspace: 42847K(46720K)->42847K(46720K) NonClass: 36018K(37696K)->36018K(37696K) Class: 6828K(9024K)->6828K(9024K)
[262.292s][info][gc          ] GC(90) Pause Full (System.gc()) 778M->778M(5939M) 2824.723ms
[265.067s][info][gc,metaspace] GC(91) Metaspace: 42847K(46720K)->42847K(46720K) NonClass: 36018K(37696K)->36018K(37696K) Class: 6828K(9024K)->6828K(9024K)
[265.067s][info][gc          ] GC(91) Pause Full (System.gc()) 778M->778M(5939M) 2774.845ms
[267.892s][info][gc,metaspace] GC(92) Metaspace: 42847K(46720K)->42847K(46720K) NonClass: 36018K(37696K)->36018K(37696K) Class: 6828K(9024K)->6828K(9024K)
[267.892s][info][gc          ] GC(92) Pause Full (System.gc()) 778M->778M(5939M) 2825.555ms
[270.722s][info][gc,metaspace] GC(93) Metaspace: 42847K(46720K)->42847K(46720K) NonClass: 36018K(37696K)->36018K(37696K) Class: 6828K(9024K)->6828K(9024K)
[270.722s][info][gc          ] GC(93) Pause Full (System.gc()) 778M->778M(5939M) 2829.925ms
[273.548s][info][gc,metaspace] GC(94) Metaspace: 42847K(46720K)->42847K(46720K) NonClass: 36018K(37696K)->36018K(37696K) Class: 6828K(9024K)->6828K(9024K)
[273.548s][info][gc          ] GC(94) Pause Full (System.gc()) 778M->778M(5939M) 2825.715ms
[276.413s][info][gc,metaspace] GC(95) Metaspace: 42847K(46720K)->42847K(46720K) NonClass: 36018K(37696K)->36018K(37696K) Class: 6828K(9024K)->6828K(9024K)
[276.413s][info][gc          ] GC(95) Pause Full (System.gc()) 778M->778M(5939M) 2864.973ms
[279.189s][info][gc,metaspace] GC(96) Metaspace: 42847K(46720K)->42847K(46720K) NonClass: 36018K(37696K)->36018K(37696K) Class: 6828K(9024K)->6828K(9024K)
[279.189s][info][gc          ] GC(96) Pause Full (System.gc()) 778M->778M(5939M) 2776.122ms
[282.015s][info][gc,metaspace] GC(97) Metaspace: 42847K(46720K)->42847K(46720K) NonClass: 36018K(37696K)->36018K(37696K) Class: 6828K(9024K)->6828K(9024K)
[282.015s][info][gc          ] GC(97) Pause Full (System.gc()) 778M->778M(5939M) 2825.653ms
[284.840s][info][gc,metaspace] GC(98) Metaspace: 42847K(46720K)->42847K(46720K) NonClass: 36018K(37696K)->36018K(37696K) Class: 6828K(9024K)->6828K(9024K)
[284.840s][info][gc          ] GC(98) Pause Full (System.gc()) 778M->778M(5939M) 2824.747ms
[287.670s][info][gc,metaspace] GC(99) Metaspace: 42847K(46720K)->42847K(46720K) NonClass: 36018K(37696K)->36018K(37696K) Class: 6828K(9024K)->6828K(9024K)
[287.670s][info][gc          ] GC(99) Pause Full (System.gc()) 778M->778M(5939M) 2829.471ms
[290.495s][info][gc,metaspace] GC(100) Metaspace: 42847K(46720K)->42847K(46720K) NonClass: 36018K(37696K)->36018K(37696K) Class: 6828K(9024K)->6828K(9024K)
[290.495s][info][gc          ] GC(100) Pause Full (System.gc()) 778M->778M(5939M) 2824.940ms
[293.320s][info][gc,metaspace] GC(101) Metaspace: 42847K(46720K)->42847K(46720K) NonClass: 36018K(37696K)->36018K(37696K) Class: 6828K(9024K)->6828K(9024K)
[293.320s][info][gc          ] GC(101) Pause Full (System.gc()) 778M->778M(5939M) 2825.361ms
[296.094s][info][gc,metaspace] GC(102) Metaspace: 42847K(46720K)->42847K(46720K) NonClass: 36018K(37696K)->36018K(37696K) Class: 6828K(9024K)->6828K(9024K)
[296.094s][info][gc          ] GC(102) Pause Full (System.gc()) 778M->778M(5939M) 2774.070ms
[298.919s][info][gc,metaspace] GC(103) Metaspace: 42847K(46720K)->42847K(46720K) NonClass: 36018K(37696K)->36018K(37696K) Class: 6828K(9024K)->6828K(9024K)
[298.919s][info][gc          ] GC(103) Pause Full (System.gc()) 778M->778M(5939M) 2824.803ms
[301.745s][info][gc,metaspace] GC(104) Metaspace: 42847K(46720K)->42847K(46720K) NonClass: 36018K(37696K)->36018K(37696K) Class: 6828K(9024K)->6828K(9024K)
[301.745s][info][gc          ] GC(104) Pause Full (System.gc()) 778M->778M(5939M) 2825.039ms
[304.575s][info][gc,metaspace] GC(105) Metaspace: 42847K(46720K)->42847K(46720K) NonClass: 36018K(37696K)->36018K(37696K) Class: 6828K(9024K)->6828K(9024K)
[304.575s][info][gc          ] GC(105) Pause Full (System.gc()) 778M->778M(5939M) 2829.838ms
[307.400s][info][gc,metaspace] GC(106) Metaspace: 42847K(46720K)->42847K(46720K) NonClass: 36018K(37696K)->36018K(37696K) Class: 6828K(9024K)->6828K(9024K)
[307.400s][info][gc          ] GC(106) Pause Full (System.gc()) 778M->778M(5939M) 2825.834ms
[310.175s][info][gc,metaspace] GC(107) Metaspace: 42847K(46720K)->42847K(46720K) NonClass: 36018K(37696K)->36018K(37696K) Class: 6828K(9024K)->6828K(9024K)
[310.175s][info][gc          ] GC(107) Pause Full (System.gc()) 778M->778M(5939M) 2774.667ms
[313.000s][info][gc,metaspace] GC(108) Metaspace: 42847K(46720K)->42847K(46720K) NonClass: 36018K(37696K)->36018K(37696K) Class: 6828K(9024K)->6828K(9024K)
[313.000s][info][gc          ] GC(108) Pause Full (System.gc()) 778M->778M(5939M) 2824.825ms
[315.826s][info][gc,metaspace] GC(109) Metaspace: 42847K(46720K)->42847K(46720K) NonClass: 36018K(37696K)->36018K(37696K) Class: 6828K(9024K)->6828K(9024K)
[315.826s][info][gc          ] GC(109) Pause Full (System.gc()) 788M->778M(5939M) 2825.166ms
After GCs... 
