Done; will start GCs... 
[34.794s][info][gc,metaspace] GC(10) Metaspace: 90914K(114048K)->90914K(114048K) NonClass: 36366K(38016K)->36366K(38016K) Class: 54547K(76032K)->54547K(76032K)
[34.794s][info][gc          ] GC(10) Pause Full (System.gc()) 885M->778M(5939M) 4296.633ms
[38.155s][info][gc,metaspace] GC(11) Metaspace: 90914K(114048K)->90914K(114048K) NonClass: 36366K(38016K)->36366K(38016K) Class: 54547K(76032K)->54547K(76032K)
[38.155s][info][gc          ] GC(11) Pause Full (System.gc()) 778M->778M(5939M) 3360.267ms
[41.910s][info][gc,metaspace] GC(12) Metaspace: 90914K(114048K)->90914K(114048K) NonClass: 36366K(38016K)->36366K(38016K) Class: 54547K(76032K)->54547K(76032K)
[41.911s][info][gc          ] GC(12) Pause Full (System.gc()) 778M->778M(5939M) 3755.489ms
[44.785s][info][gc,metaspace] GC(13) Metaspace: 90914K(114048K)->90914K(114048K) NonClass: 36366K(38016K)->36366K(38016K) Class: 54547K(76032K)->54547K(76032K)
[44.785s][info][gc          ] GC(13) Pause Full (System.gc()) 778M->778M(5939M) 2873.811ms
[47.662s][info][gc,metaspace] GC(14) Metaspace: 90914K(114048K)->90914K(114048K) NonClass: 36366K(38016K)->36366K(38016K) Class: 54547K(76032K)->54547K(76032K)
[47.662s][info][gc          ] GC(14) Pause Full (System.gc()) 778M->778M(5939M) 2877.073ms
[50.536s][info][gc,metaspace] GC(15) Metaspace: 90914K(114048K)->90914K(114048K) NonClass: 36366K(38016K)->36366K(38016K) Class: 54547K(76032K)->54547K(76032K)
[50.536s][info][gc          ] GC(15) Pause Full (System.gc()) 778M->778M(5939M) 2874.320ms
[53.410s][info][gc,metaspace] GC(16) Metaspace: 90914K(114048K)->90914K(114048K) NonClass: 36366K(38016K)->36366K(38016K) Class: 54547K(76032K)->54547K(76032K)
[53.410s][info][gc          ] GC(16) Pause Full (System.gc()) 778M->778M(5939M) 2873.178ms
[56.282s][info][gc,metaspace] GC(17) Metaspace: 90914K(114048K)->90914K(114048K) NonClass: 36366K(38016K)->36366K(38016K) Class: 54547K(76032K)->54547K(76032K)
[56.282s][info][gc          ] GC(17) Pause Full (System.gc()) 778M->778M(5939M) 2872.495ms
[59.155s][info][gc,metaspace] GC(18) Metaspace: 90914K(114048K)->90914K(114048K) NonClass: 36366K(38016K)->36366K(38016K) Class: 54547K(76032K)->54547K(76032K)
[59.155s][info][gc          ] GC(18) Pause Full (System.gc()) 778M->778M(5939M) 2872.510ms
[62.028s][info][gc,metaspace] GC(19) Metaspace: 90914K(114048K)->90914K(114048K) NonClass: 36366K(38016K)->36366K(38016K) Class: 54547K(76032K)->54547K(76032K)
[62.028s][info][gc          ] GC(19) Pause Full (System.gc()) 778M->778M(5939M) 2872.403ms
[64.855s][info][gc,metaspace] GC(20) Metaspace: 90914K(114048K)->90914K(114048K) NonClass: 36366K(38016K)->36366K(38016K) Class: 54547K(76032K)->54547K(76032K)
[64.855s][info][gc          ] GC(20) Pause Full (System.gc()) 778M->778M(5939M) 2827.494ms
[67.728s][info][gc,metaspace] GC(21) Metaspace: 90914K(114048K)->90914K(114048K) NonClass: 36366K(38016K)->36366K(38016K) Class: 54547K(76032K)->54547K(76032K)
[67.728s][info][gc          ] GC(21) Pause Full (System.gc()) 778M->778M(5939M) 2872.594ms
[70.602s][info][gc,metaspace] GC(22) Metaspace: 90914K(114048K)->90914K(114048K) NonClass: 36366K(38016K)->36366K(38016K) Class: 54547K(76032K)->54547K(76032K)
[70.602s][info][gc          ] GC(22) Pause Full (System.gc()) 788M->778M(5939M) 2873.309ms
[73.475s][info][gc,metaspace] GC(23) Metaspace: 90914K(114048K)->90914K(114048K) NonClass: 36366K(38016K)->36366K(38016K) Class: 54547K(76032K)->54547K(76032K)
[73.475s][info][gc          ] GC(23) Pause Full (System.gc()) 778M->778M(5939M) 2872.791ms
[77.268s][info][gc,metaspace] GC(24) Metaspace: 90914K(114048K)->90914K(114048K) NonClass: 36366K(38016K)->36366K(38016K) Class: 54547K(76032K)->54547K(76032K)
[77.268s][info][gc          ] GC(24) Pause Full (System.gc()) 778M->778M(5939M) 3792.811ms
[80.144s][info][gc,metaspace] GC(25) Metaspace: 90914K(114048K)->90914K(114048K) NonClass: 36366K(38016K)->36366K(38016K) Class: 54547K(76032K)->54547K(76032K)
[80.144s][info][gc          ] GC(25) Pause Full (System.gc()) 778M->778M(5939M) 2875.568ms
[83.023s][info][gc,metaspace] GC(26) Metaspace: 90914K(114048K)->90914K(114048K) NonClass: 36366K(38016K)->36366K(38016K) Class: 54547K(76032K)->54547K(76032K)
[83.023s][info][gc          ] GC(26) Pause Full (System.gc()) 778M->778M(5939M) 2879.480ms
[86.141s][info][gc,metaspace] GC(27) Metaspace: 90914K(114048K)->90914K(114048K) NonClass: 36366K(38016K)->36366K(38016K) Class: 54547K(76032K)->54547K(76032K)
[86.141s][info][gc          ] GC(27) Pause Full (System.gc()) 778M->778M(5939M) 3117.012ms
[89.016s][info][gc,metaspace] GC(28) Metaspace: 90914K(114048K)->90914K(114048K) NonClass: 36366K(38016K)->36366K(38016K) Class: 54547K(76032K)->54547K(76032K)
[89.016s][info][gc          ] GC(28) Pause Full (System.gc()) 778M->778M(5939M) 2875.586ms
[91.842s][info][gc,metaspace] GC(29) Metaspace: 90914K(114048K)->90914K(114048K) NonClass: 36366K(38016K)->36366K(38016K) Class: 54547K(76032K)->54547K(76032K)
[91.842s][info][gc          ] GC(29) Pause Full (System.gc()) 778M->778M(5939M) 2825.518ms
[94.717s][info][gc,metaspace] GC(30) Metaspace: 90914K(114048K)->90914K(114048K) NonClass: 36366K(38016K)->36366K(38016K) Class: 54547K(76032K)->54547K(76032K)
[94.717s][info][gc          ] GC(30) Pause Full (System.gc()) 778M->778M(5939M) 2875.282ms
[97.592s][info][gc,metaspace] GC(31) Metaspace: 90914K(114048K)->90914K(114048K) NonClass: 36366K(38016K)->36366K(38016K) Class: 54547K(76032K)->54547K(76032K)
[97.592s][info][gc          ] GC(31) Pause Full (System.gc()) 778M->778M(5939M) 2874.355ms
[100.467s][info][gc,metaspace] GC(32) Metaspace: 90914K(114048K)->90914K(114048K) NonClass: 36366K(38016K)->36366K(38016K) Class: 54547K(76032K)->54547K(76032K)
[100.467s][info][gc          ] GC(32) Pause Full (System.gc()) 778M->778M(5939M) 2875.216ms
[103.347s][info][gc,metaspace] GC(33) Metaspace: 90914K(114048K)->90914K(114048K) NonClass: 36366K(38016K)->36366K(38016K) Class: 54547K(76032K)->54547K(76032K)
[103.347s][info][gc          ] GC(33) Pause Full (System.gc()) 778M->778M(5939M) 2879.256ms
[106.223s][info][gc,metaspace] GC(34) Metaspace: 90914K(114048K)->90914K(114048K) NonClass: 36366K(38016K)->36366K(38016K) Class: 54547K(76032K)->54547K(76032K)
[106.223s][info][gc          ] GC(34) Pause Full (System.gc()) 778M->778M(5939M) 2875.607ms
[109.098s][info][gc,metaspace] GC(35) Metaspace: 90914K(114048K)->90914K(114048K) NonClass: 36366K(38016K)->36366K(38016K) Class: 54547K(76032K)->54547K(76032K)
[109.098s][info][gc          ] GC(35) Pause Full (System.gc()) 778M->778M(5939M) 2874.811ms
[111.924s][info][gc,metaspace] GC(36) Metaspace: 90914K(114048K)->90914K(114048K) NonClass: 36366K(38016K)->36366K(38016K) Class: 54547K(76032K)->54547K(76032K)
[111.924s][info][gc          ] GC(36) Pause Full (System.gc()) 778M->778M(5939M) 2825.905ms
[114.799s][info][gc,metaspace] GC(37) Metaspace: 90914K(114048K)->90914K(114048K) NonClass: 36366K(38016K)->36366K(38016K) Class: 54547K(76032K)->54547K(76032K)
[114.799s][info][gc          ] GC(37) Pause Full (System.gc()) 778M->778M(5939M) 2875.186ms
[117.675s][info][gc,metaspace] GC(38) Metaspace: 90914K(114048K)->90914K(114048K) NonClass: 36366K(38016K)->36366K(38016K) Class: 54547K(76032K)->54547K(76032K)
[117.675s][info][gc          ] GC(38) Pause Full (System.gc()) 778M->778M(5939M) 2875.439ms
[120.551s][info][gc,metaspace] GC(39) Metaspace: 90914K(114048K)->90914K(114048K) NonClass: 36366K(38016K)->36366K(38016K) Class: 54547K(76032K)->54547K(76032K)
[120.551s][info][gc          ] GC(39) Pause Full (System.gc()) 778M->778M(5939M) 2875.937ms
[123.430s][info][gc,metaspace] GC(40) Metaspace: 90914K(114048K)->90914K(114048K) NonClass: 36366K(38016K)->36366K(38016K) Class: 54547K(76032K)->54547K(76032K)
[123.430s][info][gc          ] GC(40) Pause Full (System.gc()) 778M->778M(5939M) 2879.344ms
[126.305s][info][gc,metaspace] GC(41) Metaspace: 90914K(114048K)->90914K(114048K) NonClass: 36366K(38016K)->36366K(38016K) Class: 54547K(76032K)->54547K(76032K)
[126.305s][info][gc          ] GC(41) Pause Full (System.gc()) 778M->778M(5939M) 2874.744ms
[129.181s][info][gc,metaspace] GC(42) Metaspace: 90914K(114048K)->90914K(114048K) NonClass: 36366K(38016K)->36366K(38016K) Class: 54547K(76032K)->54547K(76032K)
[129.181s][info][gc          ] GC(42) Pause Full (System.gc()) 778M->778M(5939M) 2875.222ms
[132.056s][info][gc,metaspace] GC(43) Metaspace: 90914K(114048K)->90914K(114048K) NonClass: 36366K(38016K)->36366K(38016K) Class: 54547K(76032K)->54547K(76032K)
[132.056s][info][gc          ] GC(43) Pause Full (System.gc()) 788M->778M(5939M) 2874.679ms
[134.881s][info][gc,metaspace] GC(44) Metaspace: 90914K(114048K)->90914K(114048K) NonClass: 36366K(38016K)->36366K(38016K) Class: 54547K(76032K)->54547K(76032K)
[134.881s][info][gc          ] GC(44) Pause Full (System.gc()) 778M->778M(5939M) 2825.497ms
[137.757s][info][gc,metaspace] GC(45) Metaspace: 90914K(114048K)->90914K(114048K) NonClass: 36366K(38016K)->36366K(38016K) Class: 54547K(76032K)->54547K(76032K)
[137.757s][info][gc          ] GC(45) Pause Full (System.gc()) 778M->778M(5939M) 2875.490ms
[140.637s][info][gc,metaspace] GC(46) Metaspace: 90914K(114048K)->90914K(114048K) NonClass: 36366K(38016K)->36366K(38016K) Class: 54547K(76032K)->54547K(76032K)
[140.637s][info][gc          ] GC(46) Pause Full (System.gc()) 778M->778M(5939M) 2879.747ms
[143.512s][info][gc,metaspace] GC(47) Metaspace: 90914K(114048K)->90914K(114048K) NonClass: 36366K(38016K)->36366K(38016K) Class: 54547K(76032K)->54547K(76032K)
[143.512s][info][gc          ] GC(47) Pause Full (System.gc()) 778M->778M(5939M) 2874.362ms
[146.387s][info][gc,metaspace] GC(48) Metaspace: 90914K(114048K)->90914K(114048K) NonClass: 36366K(38016K)->36366K(38016K) Class: 54547K(76032K)->54547K(76032K)
[146.387s][info][gc          ] GC(48) Pause Full (System.gc()) 778M->778M(5939M) 2875.040ms
[149.263s][info][gc,metaspace] GC(49) Metaspace: 90914K(114048K)->90914K(114048K) NonClass: 36366K(38016K)->36366K(38016K) Class: 54547K(76032K)->54547K(76032K)
[149.263s][info][gc          ] GC(49) Pause Full (System.gc()) 778M->778M(5939M) 2875.484ms
[152.137s][info][gc,metaspace] GC(50) Metaspace: 90914K(114048K)->90914K(114048K) NonClass: 36366K(38016K)->36366K(38016K) Class: 54547K(76032K)->54547K(76032K)
[152.137s][info][gc          ] GC(50) Pause Full (System.gc()) 778M->778M(5939M) 2874.191ms
[155.013s][info][gc,metaspace] GC(51) Metaspace: 90914K(114048K)->90914K(114048K) NonClass: 36366K(38016K)->36366K(38016K) Class: 54547K(76032K)->54547K(76032K)
[155.013s][info][gc          ] GC(51) Pause Full (System.gc()) 778M->778M(5939M) 2876.141ms
[158.133s][info][gc,metaspace] GC(52) Metaspace: 90914K(114048K)->90914K(114048K) NonClass: 36366K(38016K)->36366K(38016K) Class: 54547K(76032K)->54547K(76032K)
[158.133s][info][gc          ] GC(52) Pause Full (System.gc()) 778M->778M(5939M) 3119.605ms
[161.015s][info][gc,metaspace] GC(53) Metaspace: 90914K(114048K)->90914K(114048K) NonClass: 36366K(38016K)->36366K(38016K) Class: 54547K(76032K)->54547K(76032K)
[161.015s][info][gc          ] GC(53) Pause Full (System.gc()) 778M->778M(5939M) 2881.943ms
[163.841s][info][gc,metaspace] GC(54) Metaspace: 90914K(114048K)->90914K(114048K) NonClass: 36366K(38016K)->36366K(38016K) Class: 54547K(76032K)->54547K(76032K)
[163.841s][info][gc          ] GC(54) Pause Full (System.gc()) 778M->778M(5939M) 2825.588ms
[166.717s][info][gc,metaspace] GC(55) Metaspace: 90914K(114048K)->90914K(114048K) NonClass: 36366K(38016K)->36366K(38016K) Class: 54547K(76032K)->54547K(76032K)
[166.717s][info][gc          ] GC(55) Pause Full (System.gc()) 778M->778M(5939M) 2875.451ms
[169.592s][info][gc,metaspace] GC(56) Metaspace: 90914K(114048K)->90914K(114048K) NonClass: 36366K(38016K)->36366K(38016K) Class: 54547K(76032K)->54547K(76032K)
[169.592s][info][gc          ] GC(56) Pause Full (System.gc()) 778M->778M(5939M) 2875.523ms
[172.468s][info][gc,metaspace] GC(57) Metaspace: 90914K(114048K)->90914K(114048K) NonClass: 36366K(38016K)->36366K(38016K) Class: 54547K(76032K)->54547K(76032K)
[172.468s][info][gc          ] GC(57) Pause Full (System.gc()) 778M->778M(5939M) 2874.958ms
[175.343s][info][gc,metaspace] GC(58) Metaspace: 90914K(114048K)->90914K(114048K) NonClass: 36366K(38016K)->36366K(38016K) Class: 54547K(76032K)->54547K(76032K)
[175.343s][info][gc          ] GC(58) Pause Full (System.gc()) 778M->778M(5939M) 2875.528ms
[178.223s][info][gc,metaspace] GC(59) Metaspace: 90914K(114048K)->90914K(114048K) NonClass: 36366K(38016K)->36366K(38016K) Class: 54547K(76032K)->54547K(76032K)
[178.223s][info][gc          ] GC(59) Pause Full (System.gc()) 778M->778M(5939M) 2879.775ms
[181.110s][info][gc,metaspace] GC(60) Metaspace: 90914K(114048K)->90914K(114048K) NonClass: 36366K(38016K)->36366K(38016K) Class: 54547K(76032K)->54547K(76032K)
[181.111s][info][gc          ] GC(60) Pause Full (System.gc()) 778M->778M(5939M) 2887.183ms
[183.937s][info][gc,metaspace] GC(61) Metaspace: 90914K(114048K)->90914K(114048K) NonClass: 36366K(38016K)->36366K(38016K) Class: 54547K(76032K)->54547K(76032K)
[183.937s][info][gc          ] GC(61) Pause Full (System.gc()) 778M->778M(5939M) 2826.045ms
[186.811s][info][gc,metaspace] GC(62) Metaspace: 90914K(114048K)->90914K(114048K) NonClass: 36366K(38016K)->36366K(38016K) Class: 54547K(76032K)->54547K(76032K)
[186.811s][info][gc          ] GC(62) Pause Full (System.gc()) 778M->778M(5939M) 2874.024ms
[189.686s][info][gc,metaspace] GC(63) Metaspace: 90914K(114048K)->90914K(114048K) NonClass: 36366K(38016K)->36366K(38016K) Class: 54547K(76032K)->54547K(76032K)
[189.686s][info][gc          ] GC(63) Pause Full (System.gc()) 778M->778M(5939M) 2874.963ms
[192.561s][info][gc,metaspace] GC(64) Metaspace: 90914K(114048K)->90914K(114048K) NonClass: 36366K(38016K)->36366K(38016K) Class: 54547K(76032K)->54547K(76032K)
[192.561s][info][gc          ] GC(64) Pause Full (System.gc()) 788M->778M(5939M) 2874.360ms
[195.436s][info][gc,metaspace] GC(65) Metaspace: 90914K(114048K)->90914K(114048K) NonClass: 36366K(38016K)->36366K(38016K) Class: 54547K(76032K)->54547K(76032K)
[195.436s][info][gc          ] GC(65) Pause Full (System.gc()) 778M->778M(5939M) 2875.317ms
[198.316s][info][gc,metaspace] GC(66) Metaspace: 90914K(114048K)->90914K(114048K) NonClass: 36366K(38016K)->36366K(38016K) Class: 54547K(76032K)->54547K(76032K)
[198.316s][info][gc          ] GC(66) Pause Full (System.gc()) 778M->778M(5939M) 2879.114ms
[201.192s][info][gc,metaspace] GC(67) Metaspace: 90914K(114048K)->90914K(114048K) NonClass: 36366K(38016K)->36366K(38016K) Class: 54547K(76032K)->54547K(76032K)
[201.192s][info][gc          ] GC(67) Pause Full (System.gc()) 778M->778M(5939M) 2876.114ms
[204.068s][info][gc,metaspace] GC(68) Metaspace: 90914K(114048K)->90914K(114048K) NonClass: 36366K(38016K)->36366K(38016K) Class: 54547K(76032K)->54547K(76032K)
[204.068s][info][gc          ] GC(68) Pause Full (System.gc()) 778M->778M(5939M) 2876.189ms
[206.896s][info][gc,metaspace] GC(69) Metaspace: 90914K(114048K)->90914K(114048K) NonClass: 36366K(38016K)->36366K(38016K) Class: 54547K(76032K)->54547K(76032K)
[206.896s][info][gc          ] GC(69) Pause Full (System.gc()) 778M->778M(5939M) 2826.949ms
[209.771s][info][gc,metaspace] GC(70) Metaspace: 90914K(114048K)->90914K(114048K) NonClass: 36366K(38016K)->36366K(38016K) Class: 54547K(76032K)->54547K(76032K)
[209.772s][info][gc          ] GC(70) Pause Full (System.gc()) 778M->778M(5939M) 2875.820ms
[212.647s][info][gc,metaspace] GC(71) Metaspace: 90914K(114048K)->90914K(114048K) NonClass: 36366K(38016K)->36366K(38016K) Class: 54547K(76032K)->54547K(76032K)
[212.647s][info][gc          ] GC(71) Pause Full (System.gc()) 778M->778M(5939M) 2874.776ms
[215.526s][info][gc,metaspace] GC(72) Metaspace: 90914K(114048K)->90914K(114048K) NonClass: 36366K(38016K)->36366K(38016K) Class: 54547K(76032K)->54547K(76032K)
[215.526s][info][gc          ] GC(72) Pause Full (System.gc()) 778M->778M(5939M) 2879.471ms
[218.402s][info][gc,metaspace] GC(73) Metaspace: 90914K(114048K)->90914K(114048K) NonClass: 36366K(38016K)->36366K(38016K) Class: 54547K(76032K)->54547K(76032K)
[218.402s][info][gc          ] GC(73) Pause Full (System.gc()) 778M->778M(5939M) 2875.448ms
[221.278s][info][gc,metaspace] GC(74) Metaspace: 90914K(114048K)->90914K(114048K) NonClass: 36366K(38016K)->36366K(38016K) Class: 54547K(76032K)->54547K(76032K)
[221.278s][info][gc          ] GC(74) Pause Full (System.gc()) 778M->778M(5939M) 2876.128ms
[224.153s][info][gc,metaspace] GC(75) Metaspace: 90914K(114048K)->90914K(114048K) NonClass: 36366K(38016K)->36366K(38016K) Class: 54547K(76032K)->54547K(76032K)
[224.153s][info][gc          ] GC(75) Pause Full (System.gc()) 778M->778M(5939M) 2875.048ms
[227.028s][info][gc,metaspace] GC(76) Metaspace: 90914K(114048K)->90914K(114048K) NonClass: 36366K(38016K)->36366K(38016K) Class: 54547K(76032K)->54547K(76032K)
[227.028s][info][gc          ] GC(76) Pause Full (System.gc()) 778M->778M(5939M) 2874.898ms
[230.143s][info][gc,metaspace] GC(77) Metaspace: 90914K(114048K)->90914K(114048K) NonClass: 36366K(38016K)->36366K(38016K) Class: 54547K(76032K)->54547K(76032K)
[230.143s][info][gc          ] GC(77) Pause Full (System.gc()) 778M->778M(5939M) 3114.250ms
[233.022s][info][gc,metaspace] GC(78) Metaspace: 90914K(114048K)->90914K(114048K) NonClass: 36366K(38016K)->36366K(38016K) Class: 54547K(76032K)->54547K(76032K)
[233.022s][info][gc          ] GC(78) Pause Full (System.gc()) 778M->778M(5939M) 2879.468ms
[235.849s][info][gc,metaspace] GC(79) Metaspace: 90914K(114048K)->90914K(114048K) NonClass: 36366K(38016K)->36366K(38016K) Class: 54547K(76032K)->54547K(76032K)
[235.849s][info][gc          ] GC(79) Pause Full (System.gc()) 778M->778M(5939M) 2826.196ms
[238.723s][info][gc,metaspace] GC(80) Metaspace: 90914K(114048K)->90914K(114048K) NonClass: 36366K(38016K)->36366K(38016K) Class: 54547K(76032K)->54547K(76032K)
[238.723s][info][gc          ] GC(80) Pause Full (System.gc()) 778M->778M(5939M) 2874.301ms
[241.599s][info][gc,metaspace] GC(81) Metaspace: 90914K(114048K)->90914K(114048K) NonClass: 36366K(38016K)->36366K(38016K) Class: 54547K(76032K)->54547K(76032K)
[241.599s][info][gc          ] GC(81) Pause Full (System.gc()) 778M->778M(5939M) 2875.469ms
[244.474s][info][gc,metaspace] GC(82) Metaspace: 90914K(114048K)->90914K(114048K) NonClass: 36366K(38016K)->36366K(38016K) Class: 54547K(76032K)->54547K(76032K)
[244.474s][info][gc          ] GC(82) Pause Full (System.gc()) 778M->778M(5939M) 2874.982ms
[247.349s][info][gc,metaspace] GC(83) Metaspace: 90914K(114048K)->90914K(114048K) NonClass: 36366K(38016K)->36366K(38016K) Class: 54547K(76032K)->54547K(76032K)
[247.349s][info][gc          ] GC(83) Pause Full (System.gc()) 778M->778M(5939M) 2874.751ms
[250.225s][info][gc,metaspace] GC(84) Metaspace: 90914K(114048K)->90914K(114048K) NonClass: 36366K(38016K)->36366K(38016K) Class: 54547K(76032K)->54547K(76032K)
[250.225s][info][gc          ] GC(84) Pause Full (System.gc()) 778M->778M(5939M) 2875.957ms
[253.105s][info][gc,metaspace] GC(85) Metaspace: 90914K(114048K)->90914K(114048K) NonClass: 36366K(38016K)->36366K(38016K) Class: 54547K(76032K)->54547K(76032K)
[253.105s][info][gc          ] GC(85) Pause Full (System.gc()) 778M->778M(5939M) 2879.528ms
[255.930s][info][gc,metaspace] GC(86) Metaspace: 90914K(114048K)->90914K(114048K) NonClass: 36366K(38016K)->36366K(38016K) Class: 54547K(76032K)->54547K(76032K)
[255.930s][info][gc          ] GC(86) Pause Full (System.gc()) 788M->778M(5939M) 2825.019ms
[258.806s][info][gc,metaspace] GC(87) Metaspace: 90914K(114048K)->90914K(114048K) NonClass: 36366K(38016K)->36366K(38016K) Class: 54547K(76032K)->54547K(76032K)
[258.806s][info][gc          ] GC(87) Pause Full (System.gc()) 778M->778M(5939M) 2875.401ms
[261.681s][info][gc,metaspace] GC(88) Metaspace: 90914K(114048K)->90914K(114048K) NonClass: 36366K(38016K)->36366K(38016K) Class: 54547K(76032K)->54547K(76032K)
[261.681s][info][gc          ] GC(88) Pause Full (System.gc()) 778M->778M(5939M) 2874.533ms
[264.556s][info][gc,metaspace] GC(89) Metaspace: 90914K(114048K)->90914K(114048K) NonClass: 36366K(38016K)->36366K(38016K) Class: 54547K(76032K)->54547K(76032K)
[264.556s][info][gc          ] GC(89) Pause Full (System.gc()) 778M->778M(5939M) 2875.239ms
[267.431s][info][gc,metaspace] GC(90) Metaspace: 90914K(114048K)->90914K(114048K) NonClass: 36366K(38016K)->36366K(38016K) Class: 54547K(76032K)->54547K(76032K)
[267.431s][info][gc          ] GC(90) Pause Full (System.gc()) 778M->778M(5939M) 2875.168ms
[270.310s][info][gc,metaspace] GC(91) Metaspace: 90914K(114048K)->90914K(114048K) NonClass: 36366K(38016K)->36366K(38016K) Class: 54547K(76032K)->54547K(76032K)
[270.310s][info][gc          ] GC(91) Pause Full (System.gc()) 778M->778M(5939M) 2879.103ms
[273.186s][info][gc,metaspace] GC(92) Metaspace: 90914K(114048K)->90914K(114048K) NonClass: 36366K(38016K)->36366K(38016K) Class: 54547K(76032K)->54547K(76032K)
[273.186s][info][gc          ] GC(92) Pause Full (System.gc()) 778M->778M(5939M) 2875.366ms
[276.062s][info][gc,metaspace] GC(93) Metaspace: 90914K(114048K)->90914K(114048K) NonClass: 36366K(38016K)->36366K(38016K) Class: 54547K(76032K)->54547K(76032K)
[276.062s][info][gc          ] GC(93) Pause Full (System.gc()) 778M->778M(5939M) 2875.706ms
[278.888s][info][gc,metaspace] GC(94) Metaspace: 90914K(114048K)->90914K(114048K) NonClass: 36366K(38016K)->36366K(38016K) Class: 54547K(76032K)->54547K(76032K)
[278.888s][info][gc          ] GC(94) Pause Full (System.gc()) 778M->778M(5939M) 2825.923ms
[281.765s][info][gc,metaspace] GC(95) Metaspace: 90914K(114048K)->90914K(114048K) NonClass: 36366K(38016K)->36366K(38016K) Class: 54547K(76032K)->54547K(76032K)
[281.765s][info][gc          ] GC(95) Pause Full (System.gc()) 778M->778M(5939M) 2877.100ms
[284.640s][info][gc,metaspace] GC(96) Metaspace: 90914K(114048K)->90914K(114048K) NonClass: 36366K(38016K)->36366K(38016K) Class: 54547K(76032K)->54547K(76032K)
[284.640s][info][gc          ] GC(96) Pause Full (System.gc()) 778M->778M(5939M) 2874.781ms
[287.518s][info][gc,metaspace] GC(97) Metaspace: 90914K(114048K)->90914K(114048K) NonClass: 36366K(38016K)->36366K(38016K) Class: 54547K(76032K)->54547K(76032K)
[287.518s][info][gc          ] GC(97) Pause Full (System.gc()) 778M->778M(5939M) 2878.081ms
[290.394s][info][gc,metaspace] GC(98) Metaspace: 90914K(114048K)->90914K(114048K) NonClass: 36366K(38016K)->36366K(38016K) Class: 54547K(76032K)->54547K(76032K)
[290.394s][info][gc          ] GC(98) Pause Full (System.gc()) 778M->778M(5939M) 2875.449ms
[293.269s][info][gc,metaspace] GC(99) Metaspace: 90914K(114048K)->90914K(114048K) NonClass: 36366K(38016K)->36366K(38016K) Class: 54547K(76032K)->54547K(76032K)
[293.269s][info][gc          ] GC(99) Pause Full (System.gc()) 778M->778M(5939M) 2875.111ms
[296.145s][info][gc,metaspace] GC(100) Metaspace: 90914K(114048K)->90914K(114048K) NonClass: 36366K(38016K)->36366K(38016K) Class: 54547K(76032K)->54547K(76032K)
[296.145s][info][gc          ] GC(100) Pause Full (System.gc()) 778M->778M(5939M) 2875.657ms
[299.020s][info][gc,metaspace] GC(101) Metaspace: 90914K(114048K)->90914K(114048K) NonClass: 36366K(38016K)->36366K(38016K) Class: 54547K(76032K)->54547K(76032K)
[299.020s][info][gc          ] GC(101) Pause Full (System.gc()) 778M->778M(5939M) 2875.733ms
[301.846s][info][gc,metaspace] GC(102) Metaspace: 90914K(114048K)->90914K(114048K) NonClass: 36366K(38016K)->36366K(38016K) Class: 54547K(76032K)->54547K(76032K)
[301.847s][info][gc          ] GC(102) Pause Full (System.gc()) 778M->778M(5939M) 2826.003ms
[304.727s][info][gc,metaspace] GC(103) Metaspace: 90914K(114048K)->90914K(114048K) NonClass: 36366K(38016K)->36366K(38016K) Class: 54547K(76032K)->54547K(76032K)
[304.727s][info][gc          ] GC(103) Pause Full (System.gc()) 778M->778M(5939M) 2880.228ms
[307.602s][info][gc,metaspace] GC(104) Metaspace: 90914K(114048K)->90914K(114048K) NonClass: 36366K(38016K)->36366K(38016K) Class: 54547K(76032K)->54547K(76032K)
[307.602s][info][gc          ] GC(104) Pause Full (System.gc()) 778M->778M(5939M) 2875.322ms
[310.479s][info][gc,metaspace] GC(105) Metaspace: 90914K(114048K)->90914K(114048K) NonClass: 36366K(38016K)->36366K(38016K) Class: 54547K(76032K)->54547K(76032K)
[310.479s][info][gc          ] GC(105) Pause Full (System.gc()) 778M->778M(5939M) 2876.279ms
[313.355s][info][gc,metaspace] GC(106) Metaspace: 90914K(114048K)->90914K(114048K) NonClass: 36366K(38016K)->36366K(38016K) Class: 54547K(76032K)->54547K(76032K)
[313.355s][info][gc          ] GC(106) Pause Full (System.gc()) 778M->778M(5939M) 2876.381ms
[316.231s][info][gc,metaspace] GC(107) Metaspace: 90914K(114048K)->90914K(114048K) NonClass: 36366K(38016K)->36366K(38016K) Class: 54547K(76032K)->54547K(76032K)
[316.231s][info][gc          ] GC(107) Pause Full (System.gc()) 778M->778M(5939M) 2875.864ms
[319.107s][info][gc,metaspace] GC(108) Metaspace: 90914K(114048K)->90914K(114048K) NonClass: 36366K(38016K)->36366K(38016K) Class: 54547K(76032K)->54547K(76032K)
[319.107s][info][gc          ] GC(108) Pause Full (System.gc()) 778M->778M(5939M) 2875.339ms
[321.937s][info][gc,metaspace] GC(109) Metaspace: 90914K(114048K)->90914K(114048K) NonClass: 36366K(38016K)->36366K(38016K) Class: 54547K(76032K)->54547K(76032K)
[321.937s][info][gc          ] GC(109) Pause Full (System.gc()) 788M->778M(5939M) 2829.827ms
After GCs... 
