Done; will start GCs... 
[36.155s][info][gc,metaspace] GC(10) Metaspace: 43369K(47232K)->43369K(47232K) NonClass: 33372K(35008K)->33372K(35008K) Class: 9997K(12224K)->9997K(12224K)
[36.155s][info][gc          ] GC(10) Pause Full (System.gc()) 886M->778M(5939M) 4889.845ms
[39.302s][info][gc,metaspace] GC(11) Metaspace: 43369K(47232K)->43369K(47232K) NonClass: 33372K(35008K)->33372K(35008K) Class: 9997K(12224K)->9997K(12224K)
[39.302s][info][gc          ] GC(11) Pause Full (System.gc()) 778M->778M(5939M) 3146.536ms
[43.558s][info][gc,metaspace] GC(12) Metaspace: 43369K(47232K)->43369K(47232K) NonClass: 33372K(35008K)->33372K(35008K) Class: 9997K(12224K)->9997K(12224K)
[43.558s][info][gc          ] GC(12) Pause Full (System.gc()) 778M->778M(5939M) 4255.880ms
[46.696s][info][gc,metaspace] GC(13) Metaspace: 43369K(47232K)->43369K(47232K) NonClass: 33372K(35008K)->33372K(35008K) Class: 9997K(12224K)->9997K(12224K)
[46.696s][info][gc          ] GC(13) Pause Full (System.gc()) 778M->778M(5939M) 3137.205ms
[49.882s][info][gc,metaspace] GC(14) Metaspace: 43369K(47232K)->43369K(47232K) NonClass: 33372K(35008K)->33372K(35008K) Class: 9997K(12224K)->9997K(12224K)
[49.882s][info][gc          ] GC(14) Pause Full (System.gc()) 778M->778M(5939M) 3186.798ms
[53.019s][info][gc,metaspace] GC(15) Metaspace: 43369K(47232K)->43369K(47232K) NonClass: 33372K(35008K)->33372K(35008K) Class: 9997K(12224K)->9997K(12224K)
[53.019s][info][gc          ] GC(15) Pause Full (System.gc()) 778M->778M(5939M) 3136.574ms
[56.157s][info][gc,metaspace] GC(16) Metaspace: 43369K(47232K)->43369K(47232K) NonClass: 33372K(35008K)->33372K(35008K) Class: 9997K(12224K)->9997K(12224K)
[56.157s][info][gc          ] GC(16) Pause Full (System.gc()) 778M->778M(5939M) 3137.789ms
[59.293s][info][gc,metaspace] GC(17) Metaspace: 43369K(47232K)->43369K(47232K) NonClass: 33372K(35008K)->33372K(35008K) Class: 9997K(12224K)->9997K(12224K)
[59.293s][info][gc          ] GC(17) Pause Full (System.gc()) 778M->778M(5939M) 3135.876ms
[62.434s][info][gc,metaspace] GC(18) Metaspace: 43369K(47232K)->43369K(47232K) NonClass: 33372K(35008K)->33372K(35008K) Class: 9997K(12224K)->9997K(12224K)
[62.434s][info][gc          ] GC(18) Pause Full (System.gc()) 778M->778M(5939M) 3140.812ms
[66.134s][info][gc,metaspace] GC(19) Metaspace: 43369K(47232K)->43369K(47232K) NonClass: 33372K(35008K)->33372K(35008K) Class: 9997K(12224K)->9997K(12224K)
[66.134s][info][gc          ] GC(19) Pause Full (System.gc()) 778M->778M(5939M) 3699.557ms
[69.271s][info][gc,metaspace] GC(20) Metaspace: 43369K(47232K)->43369K(47232K) NonClass: 33372K(35008K)->33372K(35008K) Class: 9997K(12224K)->9997K(12224K)
[69.271s][info][gc          ] GC(20) Pause Full (System.gc()) 778M->778M(5939M) 3137.035ms
[72.408s][info][gc,metaspace] GC(21) Metaspace: 43369K(47232K)->43369K(47232K) NonClass: 33372K(35008K)->33372K(35008K) Class: 9997K(12224K)->9997K(12224K)
[72.408s][info][gc          ] GC(21) Pause Full (System.gc()) 788M->778M(5939M) 3136.255ms
[75.549s][info][gc,metaspace] GC(22) Metaspace: 43369K(47232K)->43369K(47232K) NonClass: 33372K(35008K)->33372K(35008K) Class: 9997K(12224K)->9997K(12224K)
[75.549s][info][gc          ] GC(22) Pause Full (System.gc()) 778M->778M(5939M) 3141.324ms
[78.687s][info][gc,metaspace] GC(23) Metaspace: 43369K(47232K)->43369K(47232K) NonClass: 33372K(35008K)->33372K(35008K) Class: 9997K(12224K)->9997K(12224K)
[78.687s][info][gc          ] GC(23) Pause Full (System.gc()) 778M->778M(5939M) 3137.183ms
[82.987s][info][gc,metaspace] GC(24) Metaspace: 43369K(47232K)->43369K(47232K) NonClass: 33372K(35008K)->33372K(35008K) Class: 9997K(12224K)->9997K(12224K)
[82.987s][info][gc          ] GC(24) Pause Full (System.gc()) 778M->778M(5939M) 4300.134ms
[86.123s][info][gc,metaspace] GC(25) Metaspace: 43369K(47232K)->43369K(47232K) NonClass: 33372K(35008K)->33372K(35008K) Class: 9997K(12224K)->9997K(12224K)
[86.123s][info][gc          ] GC(25) Pause Full (System.gc()) 778M->778M(5939M) 3135.608ms
[89.261s][info][gc,metaspace] GC(26) Metaspace: 43369K(47232K)->43369K(47232K) NonClass: 33372K(35008K)->33372K(35008K) Class: 9997K(12224K)->9997K(12224K)
[89.261s][info][gc          ] GC(26) Pause Full (System.gc()) 778M->778M(5939M) 3137.877ms
[92.400s][info][gc,metaspace] GC(27) Metaspace: 43369K(47232K)->43369K(47232K) NonClass: 33372K(35008K)->33372K(35008K) Class: 9997K(12224K)->9997K(12224K)
[92.400s][info][gc          ] GC(27) Pause Full (System.gc()) 778M->778M(5939M) 3139.185ms
[95.538s][info][gc,metaspace] GC(28) Metaspace: 43369K(47232K)->43369K(47232K) NonClass: 33372K(35008K)->33372K(35008K) Class: 9997K(12224K)->9997K(12224K)
[95.538s][info][gc          ] GC(28) Pause Full (System.gc()) 778M->778M(5939M) 3137.201ms
[98.674s][info][gc,metaspace] GC(29) Metaspace: 43369K(47232K)->43369K(47232K) NonClass: 33372K(35008K)->33372K(35008K) Class: 9997K(12224K)->9997K(12224K)
[98.674s][info][gc          ] GC(29) Pause Full (System.gc()) 778M->778M(5939M) 3135.755ms
[101.860s][info][gc,metaspace] GC(30) Metaspace: 43369K(47232K)->43369K(47232K) NonClass: 33372K(35008K)->33372K(35008K) Class: 9997K(12224K)->9997K(12224K)
[101.860s][info][gc          ] GC(30) Pause Full (System.gc()) 778M->778M(5939M) 3186.227ms
[105.006s][info][gc,metaspace] GC(31) Metaspace: 43369K(47232K)->43369K(47232K) NonClass: 33372K(35008K)->33372K(35008K) Class: 9997K(12224K)->9997K(12224K)
[105.006s][info][gc          ] GC(31) Pause Full (System.gc()) 778M->778M(5939M) 3145.761ms
[108.141s][info][gc,metaspace] GC(32) Metaspace: 43369K(47232K)->43369K(47232K) NonClass: 33372K(35008K)->33372K(35008K) Class: 9997K(12224K)->9997K(12224K)
[108.141s][info][gc          ] GC(32) Pause Full (System.gc()) 778M->778M(5939M) 3135.162ms
[111.283s][info][gc,metaspace] GC(33) Metaspace: 43369K(47232K)->43369K(47232K) NonClass: 33372K(35008K)->33372K(35008K) Class: 9997K(12224K)->9997K(12224K)
[111.283s][info][gc          ] GC(33) Pause Full (System.gc()) 778M->778M(5939M) 3140.930ms
[114.418s][info][gc,metaspace] GC(34) Metaspace: 43369K(47232K)->43369K(47232K) NonClass: 33372K(35008K)->33372K(35008K) Class: 9997K(12224K)->9997K(12224K)
[114.418s][info][gc          ] GC(34) Pause Full (System.gc()) 778M->778M(5939M) 3135.289ms
[117.554s][info][gc,metaspace] GC(35) Metaspace: 43369K(47232K)->43369K(47232K) NonClass: 33372K(35008K)->33372K(35008K) Class: 9997K(12224K)->9997K(12224K)
[117.554s][info][gc          ] GC(35) Pause Full (System.gc()) 778M->778M(5939M) 3135.761ms
[120.690s][info][gc,metaspace] GC(36) Metaspace: 43369K(47232K)->43369K(47232K) NonClass: 33372K(35008K)->33372K(35008K) Class: 9997K(12224K)->9997K(12224K)
[120.690s][info][gc          ] GC(36) Pause Full (System.gc()) 778M->778M(5939M) 3135.764ms
[123.876s][info][gc,metaspace] GC(37) Metaspace: 43369K(47232K)->43369K(47232K) NonClass: 33372K(35008K)->33372K(35008K) Class: 9997K(12224K)->9997K(12224K)
[123.876s][info][gc          ] GC(37) Pause Full (System.gc()) 778M->778M(5939M) 3185.457ms
[127.013s][info][gc,metaspace] GC(38) Metaspace: 43369K(47232K)->43369K(47232K) NonClass: 33372K(35008K)->33372K(35008K) Class: 9997K(12224K)->9997K(12224K)
[127.013s][info][gc          ] GC(38) Pause Full (System.gc()) 778M->778M(5939M) 3136.823ms
[130.153s][info][gc,metaspace] GC(39) Metaspace: 43369K(47232K)->43369K(47232K) NonClass: 33372K(35008K)->33372K(35008K) Class: 9997K(12224K)->9997K(12224K)
[130.153s][info][gc          ] GC(39) Pause Full (System.gc()) 778M->778M(5939M) 3140.061ms
[133.289s][info][gc,metaspace] GC(40) Metaspace: 43369K(47232K)->43369K(47232K) NonClass: 33372K(35008K)->33372K(35008K) Class: 9997K(12224K)->9997K(12224K)
[133.289s][info][gc          ] GC(40) Pause Full (System.gc()) 788M->778M(5939M) 3135.906ms
[136.427s][info][gc,metaspace] GC(41) Metaspace: 43369K(47232K)->43369K(47232K) NonClass: 33372K(35008K)->33372K(35008K) Class: 9997K(12224K)->9997K(12224K)
[136.427s][info][gc          ] GC(41) Pause Full (System.gc()) 778M->778M(5939M) 3137.520ms
[139.563s][info][gc,metaspace] GC(42) Metaspace: 43369K(47232K)->43369K(47232K) NonClass: 33372K(35008K)->33372K(35008K) Class: 9997K(12224K)->9997K(12224K)
[139.563s][info][gc          ] GC(42) Pause Full (System.gc()) 778M->778M(5939M) 3136.564ms
[142.700s][info][gc,metaspace] GC(43) Metaspace: 43369K(47232K)->43369K(47232K) NonClass: 33372K(35008K)->33372K(35008K) Class: 9997K(12224K)->9997K(12224K)
[142.701s][info][gc          ] GC(43) Pause Full (System.gc()) 778M->778M(5939M) 3136.747ms
[145.891s][info][gc,metaspace] GC(44) Metaspace: 43369K(47232K)->43369K(47232K) NonClass: 33372K(35008K)->33372K(35008K) Class: 9997K(12224K)->9997K(12224K)
[145.891s][info][gc          ] GC(44) Pause Full (System.gc()) 778M->778M(5939M) 3190.861ms
[149.028s][info][gc,metaspace] GC(45) Metaspace: 43369K(47232K)->43369K(47232K) NonClass: 33372K(35008K)->33372K(35008K) Class: 9997K(12224K)->9997K(12224K)
[149.028s][info][gc          ] GC(45) Pause Full (System.gc()) 778M->778M(5939M) 3136.202ms
[152.165s][info][gc,metaspace] GC(46) Metaspace: 43369K(47232K)->43369K(47232K) NonClass: 33372K(35008K)->33372K(35008K) Class: 9997K(12224K)->9997K(12224K)
[152.165s][info][gc          ] GC(46) Pause Full (System.gc()) 778M->778M(5939M) 3137.125ms
[155.301s][info][gc,metaspace] GC(47) Metaspace: 43369K(47232K)->43369K(47232K) NonClass: 33372K(35008K)->33372K(35008K) Class: 9997K(12224K)->9997K(12224K)
[155.301s][info][gc          ] GC(47) Pause Full (System.gc()) 778M->778M(5939M) 3135.525ms
[158.437s][info][gc,metaspace] GC(48) Metaspace: 43369K(47232K)->43369K(47232K) NonClass: 33372K(35008K)->33372K(35008K) Class: 9997K(12224K)->9997K(12224K)
[158.437s][info][gc          ] GC(48) Pause Full (System.gc()) 778M->778M(5939M) 3135.961ms
[161.574s][info][gc,metaspace] GC(49) Metaspace: 43369K(47232K)->43369K(47232K) NonClass: 33372K(35008K)->33372K(35008K) Class: 9997K(12224K)->9997K(12224K)
[161.574s][info][gc          ] GC(49) Pause Full (System.gc()) 778M->778M(5939M) 3136.347ms
[164.710s][info][gc,metaspace] GC(50) Metaspace: 43369K(47232K)->43369K(47232K) NonClass: 33372K(35008K)->33372K(35008K) Class: 9997K(12224K)->9997K(12224K)
[164.710s][info][gc          ] GC(50) Pause Full (System.gc()) 778M->778M(5939M) 3135.817ms
[167.900s][info][gc,metaspace] GC(51) Metaspace: 43369K(47232K)->43369K(47232K) NonClass: 33372K(35008K)->33372K(35008K) Class: 9997K(12224K)->9997K(12224K)
[167.900s][info][gc          ] GC(51) Pause Full (System.gc()) 778M->778M(5939M) 3190.229ms
[171.037s][info][gc,metaspace] GC(52) Metaspace: 43369K(47232K)->43369K(47232K) NonClass: 33372K(35008K)->33372K(35008K) Class: 9997K(12224K)->9997K(12224K)
[171.037s][info][gc          ] GC(52) Pause Full (System.gc()) 778M->778M(5939M) 3136.675ms
[174.173s][info][gc,metaspace] GC(53) Metaspace: 43369K(47232K)->43369K(47232K) NonClass: 33372K(35008K)->33372K(35008K) Class: 9997K(12224K)->9997K(12224K)
[174.173s][info][gc          ] GC(53) Pause Full (System.gc()) 778M->778M(5939M) 3135.986ms
[177.312s][info][gc,metaspace] GC(54) Metaspace: 43369K(47232K)->43369K(47232K) NonClass: 33372K(35008K)->33372K(35008K) Class: 9997K(12224K)->9997K(12224K)
[177.312s][info][gc          ] GC(54) Pause Full (System.gc()) 778M->778M(5939M) 3139.344ms
[180.449s][info][gc,metaspace] GC(55) Metaspace: 43369K(47232K)->43369K(47232K) NonClass: 33372K(35008K)->33372K(35008K) Class: 9997K(12224K)->9997K(12224K)
[180.449s][info][gc          ] GC(55) Pause Full (System.gc()) 778M->778M(5939M) 3136.517ms
[183.590s][info][gc,metaspace] GC(56) Metaspace: 43369K(47232K)->43369K(47232K) NonClass: 33372K(35008K)->33372K(35008K) Class: 9997K(12224K)->9997K(12224K)
[183.590s][info][gc          ] GC(56) Pause Full (System.gc()) 778M->778M(5939M) 3141.073ms
[186.727s][info][gc,metaspace] GC(57) Metaspace: 43369K(47232K)->43369K(47232K) NonClass: 33372K(35008K)->33372K(35008K) Class: 9997K(12224K)->9997K(12224K)
[186.727s][info][gc          ] GC(57) Pause Full (System.gc()) 778M->778M(5939M) 3136.115ms
[189.913s][info][gc,metaspace] GC(58) Metaspace: 43369K(47232K)->43369K(47232K) NonClass: 33372K(35008K)->33372K(35008K) Class: 9997K(12224K)->9997K(12224K)
[189.913s][info][gc          ] GC(58) Pause Full (System.gc()) 778M->778M(5939M) 3185.707ms
[193.048s][info][gc,metaspace] GC(59) Metaspace: 43369K(47232K)->43369K(47232K) NonClass: 33372K(35008K)->33372K(35008K) Class: 9997K(12224K)->9997K(12224K)
[193.048s][info][gc          ] GC(59) Pause Full (System.gc()) 778M->778M(5939M) 3135.432ms
[196.185s][info][gc,metaspace] GC(60) Metaspace: 43369K(47232K)->43369K(47232K) NonClass: 33372K(35008K)->33372K(35008K) Class: 9997K(12224K)->9997K(12224K)
[196.185s][info][gc          ] GC(60) Pause Full (System.gc()) 788M->778M(5939M) 3136.567ms
[199.321s][info][gc,metaspace] GC(61) Metaspace: 43369K(47232K)->43369K(47232K) NonClass: 33372K(35008K)->33372K(35008K) Class: 9997K(12224K)->9997K(12224K)
[199.321s][info][gc          ] GC(61) Pause Full (System.gc()) 778M->778M(5939M) 3135.373ms
[202.461s][info][gc,metaspace] GC(62) Metaspace: 43369K(47232K)->43369K(47232K) NonClass: 33372K(35008K)->33372K(35008K) Class: 9997K(12224K)->9997K(12224K)
[202.461s][info][gc          ] GC(62) Pause Full (System.gc()) 778M->778M(5939M) 3140.297ms
[205.599s][info][gc,metaspace] GC(63) Metaspace: 43369K(47232K)->43369K(47232K) NonClass: 33372K(35008K)->33372K(35008K) Class: 9997K(12224K)->9997K(12224K)
[205.599s][info][gc          ] GC(63) Pause Full (System.gc()) 778M->778M(5939M) 3137.301ms
[208.735s][info][gc,metaspace] GC(64) Metaspace: 43369K(47232K)->43369K(47232K) NonClass: 33372K(35008K)->33372K(35008K) Class: 9997K(12224K)->9997K(12224K)
[208.735s][info][gc          ] GC(64) Pause Full (System.gc()) 778M->778M(5939M) 3136.265ms
[211.920s][info][gc,metaspace] GC(65) Metaspace: 43369K(47232K)->43369K(47232K) NonClass: 33372K(35008K)->33372K(35008K) Class: 9997K(12224K)->9997K(12224K)
[211.920s][info][gc          ] GC(65) Pause Full (System.gc()) 778M->778M(5939M) 3185.092ms
[215.057s][info][gc,metaspace] GC(66) Metaspace: 43369K(47232K)->43369K(47232K) NonClass: 33372K(35008K)->33372K(35008K) Class: 9997K(12224K)->9997K(12224K)
[215.057s][info][gc          ] GC(66) Pause Full (System.gc()) 778M->778M(5939M) 3136.642ms
[218.193s][info][gc,metaspace] GC(67) Metaspace: 43369K(47232K)->43369K(47232K) NonClass: 33372K(35008K)->33372K(35008K) Class: 9997K(12224K)->9997K(12224K)
[218.193s][info][gc          ] GC(67) Pause Full (System.gc()) 778M->778M(5939M) 3135.813ms
[221.334s][info][gc,metaspace] GC(68) Metaspace: 43369K(47232K)->43369K(47232K) NonClass: 33372K(35008K)->33372K(35008K) Class: 9997K(12224K)->9997K(12224K)
[221.334s][info][gc          ] GC(68) Pause Full (System.gc()) 778M->778M(5939M) 3141.116ms
[224.471s][info][gc,metaspace] GC(69) Metaspace: 43369K(47232K)->43369K(47232K) NonClass: 33372K(35008K)->33372K(35008K) Class: 9997K(12224K)->9997K(12224K)
[224.471s][info][gc          ] GC(69) Pause Full (System.gc()) 778M->778M(5939M) 3136.631ms
[227.609s][info][gc,metaspace] GC(70) Metaspace: 43369K(47232K)->43369K(47232K) NonClass: 33372K(35008K)->33372K(35008K) Class: 9997K(12224K)->9997K(12224K)
[227.609s][info][gc          ] GC(70) Pause Full (System.gc()) 778M->778M(5939M) 3137.194ms
[230.746s][info][gc,metaspace] GC(71) Metaspace: 43369K(47232K)->43369K(47232K) NonClass: 33372K(35008K)->33372K(35008K) Class: 9997K(12224K)->9997K(12224K)
[230.746s][info][gc          ] GC(71) Pause Full (System.gc()) 778M->778M(5939M) 3137.291ms
[233.933s][info][gc,metaspace] GC(72) Metaspace: 43369K(47232K)->43369K(47232K) NonClass: 33372K(35008K)->33372K(35008K) Class: 9997K(12224K)->9997K(12224K)
[233.933s][info][gc          ] GC(72) Pause Full (System.gc()) 778M->778M(5939M) 3186.960ms
[237.070s][info][gc,metaspace] GC(73) Metaspace: 43369K(47232K)->43369K(47232K) NonClass: 33372K(35008K)->33372K(35008K) Class: 9997K(12224K)->9997K(12224K)
[237.070s][info][gc          ] GC(73) Pause Full (System.gc()) 778M->778M(5939M) 3136.806ms
[240.212s][info][gc,metaspace] GC(74) Metaspace: 43369K(47232K)->43369K(47232K) NonClass: 33372K(35008K)->33372K(35008K) Class: 9997K(12224K)->9997K(12224K)
[240.212s][info][gc          ] GC(74) Pause Full (System.gc()) 778M->778M(5939M) 3141.411ms
[243.347s][info][gc,metaspace] GC(75) Metaspace: 43369K(47232K)->43369K(47232K) NonClass: 33372K(35008K)->33372K(35008K) Class: 9997K(12224K)->9997K(12224K)
[243.347s][info][gc          ] GC(75) Pause Full (System.gc()) 778M->778M(5939M) 3135.203ms
[246.484s][info][gc,metaspace] GC(76) Metaspace: 43369K(47232K)->43369K(47232K) NonClass: 33372K(35008K)->33372K(35008K) Class: 9997K(12224K)->9997K(12224K)
[246.484s][info][gc          ] GC(76) Pause Full (System.gc()) 778M->778M(5939M) 3136.724ms
[249.621s][info][gc,metaspace] GC(77) Metaspace: 43369K(47232K)->43369K(47232K) NonClass: 33372K(35008K)->33372K(35008K) Class: 9997K(12224K)->9997K(12224K)
[249.621s][info][gc          ] GC(77) Pause Full (System.gc()) 778M->778M(5939M) 3136.355ms
[252.806s][info][gc,metaspace] GC(78) Metaspace: 43369K(47232K)->43369K(47232K) NonClass: 33372K(35008K)->33372K(35008K) Class: 9997K(12224K)->9997K(12224K)
[252.806s][info][gc          ] GC(78) Pause Full (System.gc()) 778M->778M(5939M) 3185.662ms
[256.342s][info][gc,metaspace] GC(79) Metaspace: 43369K(47232K)->43369K(47232K) NonClass: 33372K(35008K)->33372K(35008K) Class: 9997K(12224K)->9997K(12224K)
[256.342s][info][gc          ] GC(79) Pause Full (System.gc()) 778M->778M(5939M) 3534.885ms
[259.482s][info][gc,metaspace] GC(80) Metaspace: 43369K(47232K)->43369K(47232K) NonClass: 33372K(35008K)->33372K(35008K) Class: 9997K(12224K)->9997K(12224K)
[259.482s][info][gc          ] GC(80) Pause Full (System.gc()) 788M->778M(5939M) 3140.199ms
[262.619s][info][gc,metaspace] GC(81) Metaspace: 43369K(47232K)->43369K(47232K) NonClass: 33372K(35008K)->33372K(35008K) Class: 9997K(12224K)->9997K(12224K)
[262.619s][info][gc          ] GC(81) Pause Full (System.gc()) 778M->778M(5939M) 3136.583ms
[265.755s][info][gc,metaspace] GC(82) Metaspace: 43369K(47232K)->43369K(47232K) NonClass: 33372K(35008K)->33372K(35008K) Class: 9997K(12224K)->9997K(12224K)
[265.755s][info][gc          ] GC(82) Pause Full (System.gc()) 778M->778M(5939M) 3136.281ms
[268.943s][info][gc,metaspace] GC(83) Metaspace: 43369K(47232K)->43369K(47232K) NonClass: 33372K(35008K)->33372K(35008K) Class: 9997K(12224K)->9997K(12224K)
[268.943s][info][gc          ] GC(83) Pause Full (System.gc()) 778M->778M(5939M) 3136.967ms
[272.080s][info][gc,metaspace] GC(84) Metaspace: 43369K(47232K)->43369K(47232K) NonClass: 33372K(35008K)->33372K(35008K) Class: 9997K(12224K)->9997K(12224K)
[272.080s][info][gc          ] GC(84) Pause Full (System.gc()) 778M->778M(5939M) 3136.806ms
[275.217s][info][gc,metaspace] GC(85) Metaspace: 43369K(47232K)->43369K(47232K) NonClass: 33372K(35008K)->33372K(35008K) Class: 9997K(12224K)->9997K(12224K)
[275.217s][info][gc          ] GC(85) Pause Full (System.gc()) 778M->778M(5939M) 3136.802ms
[278.357s][info][gc,metaspace] GC(86) Metaspace: 43369K(47232K)->43369K(47232K) NonClass: 33372K(35008K)->33372K(35008K) Class: 9997K(12224K)->9997K(12224K)
[278.357s][info][gc          ] GC(86) Pause Full (System.gc()) 778M->778M(5939M) 3140.043ms
[281.494s][info][gc,metaspace] GC(87) Metaspace: 43369K(47232K)->43369K(47232K) NonClass: 33372K(35008K)->33372K(35008K) Class: 9997K(12224K)->9997K(12224K)
[281.494s][info][gc          ] GC(87) Pause Full (System.gc()) 778M->778M(5939M) 3136.731ms
[284.631s][info][gc,metaspace] GC(88) Metaspace: 43369K(47232K)->43369K(47232K) NonClass: 33372K(35008K)->33372K(35008K) Class: 9997K(12224K)->9997K(12224K)
[284.631s][info][gc          ] GC(88) Pause Full (System.gc()) 778M->778M(5939M) 3136.801ms
[287.818s][info][gc,metaspace] GC(89) Metaspace: 43369K(47232K)->43369K(47232K) NonClass: 33372K(35008K)->33372K(35008K) Class: 9997K(12224K)->9997K(12224K)
[287.818s][info][gc          ] GC(89) Pause Full (System.gc()) 778M->778M(5939M) 3186.679ms
[291.200s][info][gc,metaspace] GC(90) Metaspace: 43369K(47232K)->43369K(47232K) NonClass: 33372K(35008K)->33372K(35008K) Class: 9997K(12224K)->9997K(12224K)
[291.200s][info][gc          ] GC(90) Pause Full (System.gc()) 778M->778M(5939M) 3382.432ms
[294.336s][info][gc,metaspace] GC(91) Metaspace: 43369K(47232K)->43369K(47232K) NonClass: 33372K(35008K)->33372K(35008K) Class: 9997K(12224K)->9997K(12224K)
[294.337s][info][gc          ] GC(91) Pause Full (System.gc()) 778M->778M(5939M) 3135.842ms
[297.478s][info][gc,metaspace] GC(92) Metaspace: 43369K(47232K)->43369K(47232K) NonClass: 33372K(35008K)->33372K(35008K) Class: 9997K(12224K)->9997K(12224K)
[297.478s][info][gc          ] GC(92) Pause Full (System.gc()) 778M->778M(5939M) 3141.352ms
[300.615s][info][gc,metaspace] GC(93) Metaspace: 43369K(47232K)->43369K(47232K) NonClass: 33372K(35008K)->33372K(35008K) Class: 9997K(12224K)->9997K(12224K)
[300.615s][info][gc          ] GC(93) Pause Full (System.gc()) 778M->778M(5939M) 3136.643ms
[303.750s][info][gc,metaspace] GC(94) Metaspace: 43369K(47232K)->43369K(47232K) NonClass: 33372K(35008K)->33372K(35008K) Class: 9997K(12224K)->9997K(12224K)
[303.750s][info][gc          ] GC(94) Pause Full (System.gc()) 778M->778M(5939M) 3135.360ms
[306.937s][info][gc,metaspace] GC(95) Metaspace: 43369K(47232K)->43369K(47232K) NonClass: 33372K(35008K)->33372K(35008K) Class: 9997K(12224K)->9997K(12224K)
[306.937s][info][gc          ] GC(95) Pause Full (System.gc()) 778M->778M(5939M) 3186.717ms
[310.073s][info][gc,metaspace] GC(96) Metaspace: 43369K(47232K)->43369K(47232K) NonClass: 33372K(35008K)->33372K(35008K) Class: 9997K(12224K)->9997K(12224K)
[310.073s][info][gc          ] GC(96) Pause Full (System.gc()) 778M->778M(5939M) 3135.458ms
[313.214s][info][gc,metaspace] GC(97) Metaspace: 43369K(47232K)->43369K(47232K) NonClass: 33372K(35008K)->33372K(35008K) Class: 9997K(12224K)->9997K(12224K)
[313.214s][info][gc          ] GC(97) Pause Full (System.gc()) 778M->778M(5939M) 3141.496ms
[316.351s][info][gc,metaspace] GC(98) Metaspace: 43369K(47232K)->43369K(47232K) NonClass: 33372K(35008K)->33372K(35008K) Class: 9997K(12224K)->9997K(12224K)
[316.351s][info][gc          ] GC(98) Pause Full (System.gc()) 778M->778M(5939M) 3136.341ms
[319.487s][info][gc,metaspace] GC(99) Metaspace: 43369K(47232K)->43369K(47232K) NonClass: 33372K(35008K)->33372K(35008K) Class: 9997K(12224K)->9997K(12224K)
[319.487s][info][gc          ] GC(99) Pause Full (System.gc()) 778M->778M(5939M) 3136.354ms
[322.625s][info][gc,metaspace] GC(100) Metaspace: 43369K(47232K)->43369K(47232K) NonClass: 33372K(35008K)->33372K(35008K) Class: 9997K(12224K)->9997K(12224K)
[322.625s][info][gc          ] GC(100) Pause Full (System.gc()) 778M->778M(5939M) 3137.858ms
[325.812s][info][gc,metaspace] GC(101) Metaspace: 43369K(47232K)->43369K(47232K) NonClass: 33372K(35008K)->33372K(35008K) Class: 9997K(12224K)->9997K(12224K)
[325.812s][info][gc          ] GC(101) Pause Full (System.gc()) 788M->778M(5939M) 3186.762ms
[328.949s][info][gc,metaspace] GC(102) Metaspace: 43369K(47232K)->43369K(47232K) NonClass: 33372K(35008K)->33372K(35008K) Class: 9997K(12224K)->9997K(12224K)
[328.949s][info][gc          ] GC(102) Pause Full (System.gc()) 778M->778M(5939M) 3136.296ms
[332.089s][info][gc,metaspace] GC(103) Metaspace: 43369K(47232K)->43369K(47232K) NonClass: 33372K(35008K)->33372K(35008K) Class: 9997K(12224K)->9997K(12224K)
[332.089s][info][gc          ] GC(103) Pause Full (System.gc()) 778M->778M(5939M) 3140.459ms
[335.226s][info][gc,metaspace] GC(104) Metaspace: 43369K(47232K)->43369K(47232K) NonClass: 33372K(35008K)->33372K(35008K) Class: 9997K(12224K)->9997K(12224K)
[335.226s][info][gc          ] GC(104) Pause Full (System.gc()) 778M->778M(5939M) 3136.537ms
[338.363s][info][gc,metaspace] GC(105) Metaspace: 43369K(47232K)->43369K(47232K) NonClass: 33372K(35008K)->33372K(35008K) Class: 9997K(12224K)->9997K(12224K)
[338.363s][info][gc          ] GC(105) Pause Full (System.gc()) 778M->778M(5939M) 3136.693ms
[341.499s][info][gc,metaspace] GC(106) Metaspace: 43369K(47232K)->43369K(47232K) NonClass: 33372K(35008K)->33372K(35008K) Class: 9997K(12224K)->9997K(12224K)
[341.499s][info][gc          ] GC(106) Pause Full (System.gc()) 778M->778M(5939M) 3136.266ms
[344.635s][info][gc,metaspace] GC(107) Metaspace: 43369K(47232K)->43369K(47232K) NonClass: 33372K(35008K)->33372K(35008K) Class: 9997K(12224K)->9997K(12224K)
[344.635s][info][gc          ] GC(107) Pause Full (System.gc()) 778M->778M(5939M) 3135.885ms
[347.825s][info][gc,metaspace] GC(108) Metaspace: 43369K(47232K)->43369K(47232K) NonClass: 33372K(35008K)->33372K(35008K) Class: 9997K(12224K)->9997K(12224K)
[347.825s][info][gc          ] GC(108) Pause Full (System.gc()) 778M->778M(5939M) 3189.708ms
[351.205s][info][gc,metaspace] GC(109) Metaspace: 43369K(47232K)->43369K(47232K) NonClass: 33372K(35008K)->33372K(35008K) Class: 9997K(12224K)->9997K(12224K)
[351.205s][info][gc          ] GC(109) Pause Full (System.gc()) 778M->778M(5939M) 3380.076ms
After GCs... 
