Done; will start GCs... 
[31.728s][info][gc,metaspace] GC(6) Metaspace: 43377K(47296K)->43377K(47296K) NonClass: 33383K(35072K)->33383K(35072K) Class: 9993K(12224K)->9993K(12224K)
[31.729s][info][gc          ] GC(6) Pause Full (System.gc()) 837M->782M(6144M) 632.740ms
[32.340s][info][gc,metaspace] GC(7) Metaspace: 43377K(47296K)->43377K(47296K) NonClass: 33383K(35072K)->33383K(35072K) Class: 9993K(12224K)->9993K(12224K)
[32.340s][info][gc          ] GC(7) Pause Full (System.gc()) 782M->782M(6144M) 611.146ms
[32.951s][info][gc,metaspace] GC(8) Metaspace: 43377K(47296K)->43377K(47296K) NonClass: 33383K(35072K)->33383K(35072K) Class: 9993K(12224K)->9993K(12224K)
[32.951s][info][gc          ] GC(8) Pause Full (System.gc()) 782M->782M(6144M) 611.259ms
[33.581s][info][gc,metaspace] GC(9) Metaspace: 43377K(47296K)->43377K(47296K) NonClass: 33383K(35072K)->33383K(35072K) Class: 9993K(12224K)->9993K(12224K)
[33.581s][info][gc          ] GC(9) Pause Full (System.gc()) 782M->782M(6144M) 629.376ms
[34.154s][info][gc,metaspace] GC(10) Metaspace: 43378K(47296K)->43378K(47296K) NonClass: 33384K(35072K)->33384K(35072K) Class: 9993K(12224K)->9993K(12224K)
[34.154s][info][gc          ] GC(10) Pause Full (System.gc()) 782M->782M(6144M) 573.396ms
[34.740s][info][gc,metaspace] GC(11) Metaspace: 43378K(47296K)->43378K(47296K) NonClass: 33384K(35072K)->33384K(35072K) Class: 9993K(12224K)->9993K(12224K)
[34.740s][info][gc          ] GC(11) Pause Full (System.gc()) 782M->782M(6144M) 585.374ms
[35.309s][info][gc,metaspace] GC(12) Metaspace: 43378K(47296K)->43378K(47296K) NonClass: 33384K(35072K)->33384K(35072K) Class: 9993K(12224K)->9993K(12224K)
[35.309s][info][gc          ] GC(12) Pause Full (System.gc()) 782M->782M(6144M) 569.123ms
[35.937s][info][gc,metaspace] GC(13) Metaspace: 43378K(47296K)->43378K(47296K) NonClass: 33384K(35072K)->33384K(35072K) Class: 9993K(12224K)->9993K(12224K)
[35.937s][info][gc          ] GC(13) Pause Full (System.gc()) 782M->782M(6144M) 627.847ms
[36.531s][info][gc,metaspace] GC(14) Metaspace: 43378K(47296K)->43378K(47296K) NonClass: 33384K(35072K)->33384K(35072K) Class: 9993K(12224K)->9993K(12224K)
[36.531s][info][gc          ] GC(14) Pause Full (System.gc()) 782M->782M(6144M) 594.160ms
[37.158s][info][gc,metaspace] GC(15) Metaspace: 43378K(47296K)->43378K(47296K) NonClass: 33384K(35072K)->33384K(35072K) Class: 9993K(12224K)->9993K(12224K)
[37.158s][info][gc          ] GC(15) Pause Full (System.gc()) 782M->782M(6144M) 626.493ms
[37.747s][info][gc,metaspace] GC(16) Metaspace: 43378K(47296K)->43378K(47296K) NonClass: 33384K(35072K)->33384K(35072K) Class: 9993K(12224K)->9993K(12224K)
[37.747s][info][gc          ] GC(16) Pause Full (System.gc()) 782M->782M(6144M) 588.733ms
[38.337s][info][gc,metaspace] GC(17) Metaspace: 43378K(47296K)->43378K(47296K) NonClass: 33384K(35072K)->33384K(35072K) Class: 9993K(12224K)->9993K(12224K)
[38.337s][info][gc          ] GC(17) Pause Full (System.gc()) 782M->782M(6144M) 590.098ms
[38.980s][info][gc,metaspace] GC(18) Metaspace: 43378K(47296K)->43378K(47296K) NonClass: 33384K(35072K)->33384K(35072K) Class: 9993K(12224K)->9993K(12224K)
[38.980s][info][gc          ] GC(18) Pause Full (System.gc()) 782M->782M(6144M) 641.570ms
[39.604s][info][gc,metaspace] GC(19) Metaspace: 43378K(47296K)->43378K(47296K) NonClass: 33384K(35072K)->33384K(35072K) Class: 9993K(12224K)->9993K(12224K)
[39.604s][info][gc          ] GC(19) Pause Full (System.gc()) 782M->782M(6144M) 623.703ms
[40.178s][info][gc,metaspace] GC(20) Metaspace: 43378K(47296K)->43378K(47296K) NonClass: 33384K(35072K)->33384K(35072K) Class: 9993K(12224K)->9993K(12224K)
[40.178s][info][gc          ] GC(20) Pause Full (System.gc()) 782M->782M(6144M) 573.366ms
[40.769s][info][gc,metaspace] GC(21) Metaspace: 43378K(47296K)->43378K(47296K) NonClass: 33384K(35072K)->33384K(35072K) Class: 9993K(12224K)->9993K(12224K)
[40.769s][info][gc          ] GC(21) Pause Full (System.gc()) 782M->782M(6144M) 591.499ms
[41.362s][info][gc,metaspace] GC(22) Metaspace: 43378K(47296K)->43378K(47296K) NonClass: 33384K(35072K)->33384K(35072K) Class: 9993K(12224K)->9993K(12224K)
[41.362s][info][gc          ] GC(22) Pause Full (System.gc()) 782M->782M(6144M) 592.090ms
[41.970s][info][gc,metaspace] GC(23) Metaspace: 43378K(47296K)->43378K(47296K) NonClass: 33384K(35072K)->33384K(35072K) Class: 9993K(12224K)->9993K(12224K)
[41.970s][info][gc          ] GC(23) Pause Full (System.gc()) 782M->782M(6144M) 608.760ms
[42.551s][info][gc,metaspace] GC(24) Metaspace: 43378K(47296K)->43378K(47296K) NonClass: 33384K(35072K)->33384K(35072K) Class: 9993K(12224K)->9993K(12224K)
[42.551s][info][gc          ] GC(24) Pause Full (System.gc()) 782M->782M(6144M) 580.605ms
[43.145s][info][gc,metaspace] GC(25) Metaspace: 43378K(47296K)->43378K(47296K) NonClass: 33384K(35072K)->33384K(35072K) Class: 9993K(12224K)->9993K(12224K)
[43.145s][info][gc          ] GC(25) Pause Full (System.gc()) 782M->782M(6144M) 593.524ms
[43.721s][info][gc,metaspace] GC(26) Metaspace: 43378K(47296K)->43378K(47296K) NonClass: 33384K(35072K)->33384K(35072K) Class: 9993K(12224K)->9993K(12224K)
[43.721s][info][gc          ] GC(26) Pause Full (System.gc()) 782M->782M(6144M) 576.169ms
[44.271s][info][gc,metaspace] GC(27) Metaspace: 43378K(47296K)->43378K(47296K) NonClass: 33384K(35072K)->33384K(35072K) Class: 9993K(12224K)->9993K(12224K)
[44.271s][info][gc          ] GC(27) Pause Full (System.gc()) 782M->782M(6144M) 549.540ms
[44.862s][info][gc,metaspace] GC(28) Metaspace: 43378K(47296K)->43378K(47296K) NonClass: 33384K(35072K)->33384K(35072K) Class: 9993K(12224K)->9993K(12224K)
[44.862s][info][gc          ] GC(28) Pause Full (System.gc()) 782M->782M(6144M) 591.112ms
[45.456s][info][gc,metaspace] GC(29) Metaspace: 43378K(47296K)->43378K(47296K) NonClass: 33384K(35072K)->33384K(35072K) Class: 9993K(12224K)->9993K(12224K)
[45.456s][info][gc          ] GC(29) Pause Full (System.gc()) 782M->782M(6144M) 593.677ms
[46.024s][info][gc,metaspace] GC(30) Metaspace: 43378K(47296K)->43378K(47296K) NonClass: 33384K(35072K)->33384K(35072K) Class: 9993K(12224K)->9993K(12224K)
[46.024s][info][gc          ] GC(30) Pause Full (System.gc()) 782M->782M(6144M) 568.062ms
[46.633s][info][gc,metaspace] GC(31) Metaspace: 43378K(47296K)->43378K(47296K) NonClass: 33384K(35072K)->33384K(35072K) Class: 9993K(12224K)->9993K(12224K)
[46.633s][info][gc          ] GC(31) Pause Full (System.gc()) 782M->782M(6144M) 604.674ms
[47.222s][info][gc,metaspace] GC(32) Metaspace: 43378K(47296K)->43378K(47296K) NonClass: 33384K(35072K)->33384K(35072K) Class: 9993K(12224K)->9993K(12224K)
[47.222s][info][gc          ] GC(32) Pause Full (System.gc()) 782M->782M(6144M) 589.375ms
[47.828s][info][gc,metaspace] GC(33) Metaspace: 43378K(47296K)->43378K(47296K) NonClass: 33384K(35072K)->33384K(35072K) Class: 9993K(12224K)->9993K(12224K)
[47.828s][info][gc          ] GC(33) Pause Full (System.gc()) 782M->782M(6144M) 605.310ms
[48.416s][info][gc,metaspace] GC(34) Metaspace: 43378K(47296K)->43378K(47296K) NonClass: 33384K(35072K)->33384K(35072K) Class: 9993K(12224K)->9993K(12224K)
[48.416s][info][gc          ] GC(34) Pause Full (System.gc()) 782M->782M(6144M) 587.925ms
[49.008s][info][gc,metaspace] GC(35) Metaspace: 43378K(47296K)->43378K(47296K) NonClass: 33384K(35072K)->33384K(35072K) Class: 9993K(12224K)->9993K(12224K)
[49.008s][info][gc          ] GC(35) Pause Full (System.gc()) 782M->782M(6144M) 592.482ms
[49.571s][info][gc,metaspace] GC(36) Metaspace: 43378K(47296K)->43378K(47296K) NonClass: 33384K(35072K)->33384K(35072K) Class: 9993K(12224K)->9993K(12224K)
[49.571s][info][gc          ] GC(36) Pause Full (System.gc()) 782M->782M(6144M) 562.597ms
[50.173s][info][gc,metaspace] GC(37) Metaspace: 43378K(47296K)->43378K(47296K) NonClass: 33384K(35072K)->33384K(35072K) Class: 9993K(12224K)->9993K(12224K)
[50.173s][info][gc          ] GC(37) Pause Full (System.gc()) 782M->782M(6144M) 602.122ms
[50.732s][info][gc,metaspace] GC(38) Metaspace: 43378K(47296K)->43378K(47296K) NonClass: 33384K(35072K)->33384K(35072K) Class: 9993K(12224K)->9993K(12224K)
[50.732s][info][gc          ] GC(38) Pause Full (System.gc()) 782M->782M(6144M) 558.706ms
[51.294s][info][gc,metaspace] GC(39) Metaspace: 43378K(47296K)->43378K(47296K) NonClass: 33384K(35072K)->33384K(35072K) Class: 9993K(12224K)->9993K(12224K)
[51.295s][info][gc          ] GC(39) Pause Full (System.gc()) 782M->782M(6144M) 562.315ms
[51.908s][info][gc,metaspace] GC(40) Metaspace: 43378K(47296K)->43378K(47296K) NonClass: 33384K(35072K)->33384K(35072K) Class: 9993K(12224K)->9993K(12224K)
[51.908s][info][gc          ] GC(40) Pause Full (System.gc()) 782M->782M(6144M) 608.964ms
[52.504s][info][gc,metaspace] GC(41) Metaspace: 43378K(47296K)->43378K(47296K) NonClass: 33384K(35072K)->33384K(35072K) Class: 9993K(12224K)->9993K(12224K)
[52.504s][info][gc          ] GC(41) Pause Full (System.gc()) 782M->782M(6144M) 596.292ms
[53.177s][info][gc,metaspace] GC(42) Metaspace: 43378K(47296K)->43378K(47296K) NonClass: 33384K(35072K)->33384K(35072K) Class: 9993K(12224K)->9993K(12224K)
[53.177s][info][gc          ] GC(42) Pause Full (System.gc()) 782M->782M(6144M) 672.682ms
[53.807s][info][gc,metaspace] GC(43) Metaspace: 43378K(47296K)->43378K(47296K) NonClass: 33384K(35072K)->33384K(35072K) Class: 9993K(12224K)->9993K(12224K)
[53.807s][info][gc          ] GC(43) Pause Full (System.gc()) 782M->782M(6144M) 630.407ms
[54.393s][info][gc,metaspace] GC(44) Metaspace: 43378K(47296K)->43378K(47296K) NonClass: 33384K(35072K)->33384K(35072K) Class: 9993K(12224K)->9993K(12224K)
[54.393s][info][gc          ] GC(44) Pause Full (System.gc()) 782M->782M(6144M) 585.386ms
[54.996s][info][gc,metaspace] GC(45) Metaspace: 43378K(47296K)->43378K(47296K) NonClass: 33384K(35072K)->33384K(35072K) Class: 9993K(12224K)->9993K(12224K)
[54.996s][info][gc          ] GC(45) Pause Full (System.gc()) 782M->782M(6144M) 603.125ms
[55.610s][info][gc,metaspace] GC(46) Metaspace: 43378K(47296K)->43378K(47296K) NonClass: 33384K(35072K)->33384K(35072K) Class: 9993K(12224K)->9993K(12224K)
[55.610s][info][gc          ] GC(46) Pause Full (System.gc()) 782M->782M(6144M) 613.399ms
[56.186s][info][gc,metaspace] GC(47) Metaspace: 43378K(47296K)->43378K(47296K) NonClass: 33384K(35072K)->33384K(35072K) Class: 9993K(12224K)->9993K(12224K)
[56.186s][info][gc          ] GC(47) Pause Full (System.gc()) 782M->782M(6144M) 575.889ms
[56.782s][info][gc,metaspace] GC(48) Metaspace: 43378K(47296K)->43378K(47296K) NonClass: 33384K(35072K)->33384K(35072K) Class: 9993K(12224K)->9993K(12224K)
[56.788s][info][gc          ] GC(48) Pause Full (System.gc()) 782M->782M(6144M) 596.125ms
[57.421s][info][gc,metaspace] GC(49) Metaspace: 43378K(47296K)->43378K(47296K) NonClass: 33384K(35072K)->33384K(35072K) Class: 9993K(12224K)->9993K(12224K)
[57.422s][info][gc          ] GC(49) Pause Full (System.gc()) 782M->782M(6144M) 633.742ms
[58.009s][info][gc,metaspace] GC(50) Metaspace: 43378K(47296K)->43378K(47296K) NonClass: 33384K(35072K)->33384K(35072K) Class: 9993K(12224K)->9993K(12224K)
[58.009s][info][gc          ] GC(50) Pause Full (System.gc()) 782M->782M(6144M) 587.752ms
[58.586s][info][gc,metaspace] GC(51) Metaspace: 43378K(47296K)->43378K(47296K) NonClass: 33384K(35072K)->33384K(35072K) Class: 9993K(12224K)->9993K(12224K)
[58.587s][info][gc          ] GC(51) Pause Full (System.gc()) 782M->782M(6144M) 577.028ms
[59.204s][info][gc,metaspace] GC(52) Metaspace: 43378K(47296K)->43378K(47296K) NonClass: 33384K(35072K)->33384K(35072K) Class: 9993K(12224K)->9993K(12224K)
[59.204s][info][gc          ] GC(52) Pause Full (System.gc()) 782M->782M(6144M) 617.533ms
[59.824s][info][gc,metaspace] GC(53) Metaspace: 43378K(47296K)->43378K(47296K) NonClass: 33384K(35072K)->33384K(35072K) Class: 9993K(12224K)->9993K(12224K)
[59.824s][info][gc          ] GC(53) Pause Full (System.gc()) 782M->782M(6144M) 619.517ms
[60.420s][info][gc,metaspace] GC(54) Metaspace: 43378K(47296K)->43378K(47296K) NonClass: 33384K(35072K)->33384K(35072K) Class: 9993K(12224K)->9993K(12224K)
[60.420s][info][gc          ] GC(54) Pause Full (System.gc()) 782M->782M(6144M) 596.425ms
[60.996s][info][gc,metaspace] GC(55) Metaspace: 43378K(47296K)->43378K(47296K) NonClass: 33384K(35072K)->33384K(35072K) Class: 9993K(12224K)->9993K(12224K)
[60.996s][info][gc          ] GC(55) Pause Full (System.gc()) 782M->782M(6144M) 575.209ms
[61.561s][info][gc,metaspace] GC(56) Metaspace: 43378K(47296K)->43378K(47296K) NonClass: 33384K(35072K)->33384K(35072K) Class: 9993K(12224K)->9993K(12224K)
[61.561s][info][gc          ] GC(56) Pause Full (System.gc()) 782M->782M(6144M) 565.366ms
[62.169s][info][gc,metaspace] GC(57) Metaspace: 43378K(47296K)->43378K(47296K) NonClass: 33384K(35072K)->33384K(35072K) Class: 9993K(12224K)->9993K(12224K)
[62.169s][info][gc          ] GC(57) Pause Full (System.gc()) 782M->782M(6144M) 607.437ms
[62.783s][info][gc,metaspace] GC(58) Metaspace: 43378K(47296K)->43378K(47296K) NonClass: 33384K(35072K)->33384K(35072K) Class: 9993K(12224K)->9993K(12224K)
[62.783s][info][gc          ] GC(58) Pause Full (System.gc()) 782M->782M(6144M) 610.091ms
[63.382s][info][gc,metaspace] GC(59) Metaspace: 43378K(47296K)->43378K(47296K) NonClass: 33384K(35072K)->33384K(35072K) Class: 9993K(12224K)->9993K(12224K)
[63.382s][info][gc          ] GC(59) Pause Full (System.gc()) 782M->782M(6144M) 599.145ms
[63.996s][info][gc,metaspace] GC(60) Metaspace: 43378K(47296K)->43378K(47296K) NonClass: 33384K(35072K)->33384K(35072K) Class: 9993K(12224K)->9993K(12224K)
[63.996s][info][gc          ] GC(60) Pause Full (System.gc()) 782M->782M(6144M) 613.533ms
[64.555s][info][gc,metaspace] GC(61) Metaspace: 43378K(47296K)->43378K(47296K) NonClass: 33384K(35072K)->33384K(35072K) Class: 9993K(12224K)->9993K(12224K)
[64.555s][info][gc          ] GC(61) Pause Full (System.gc()) 782M->782M(6144M) 558.946ms
[65.193s][info][gc,metaspace] GC(62) Metaspace: 43378K(47296K)->43378K(47296K) NonClass: 33384K(35072K)->33384K(35072K) Class: 9993K(12224K)->9993K(12224K)
[65.193s][info][gc          ] GC(62) Pause Full (System.gc()) 784M->782M(6144M) 637.781ms
[65.804s][info][gc,metaspace] GC(63) Metaspace: 43378K(47296K)->43378K(47296K) NonClass: 33384K(35072K)->33384K(35072K) Class: 9993K(12224K)->9993K(12224K)
[65.804s][info][gc          ] GC(63) Pause Full (System.gc()) 782M->782M(6144M) 610.942ms
[66.382s][info][gc,metaspace] GC(64) Metaspace: 43378K(47296K)->43378K(47296K) NonClass: 33384K(35072K)->33384K(35072K) Class: 9993K(12224K)->9993K(12224K)
[66.383s][info][gc          ] GC(64) Pause Full (System.gc()) 782M->782M(6144M) 578.315ms
[66.986s][info][gc,metaspace] GC(65) Metaspace: 43378K(47296K)->43378K(47296K) NonClass: 33384K(35072K)->33384K(35072K) Class: 9993K(12224K)->9993K(12224K)
[66.986s][info][gc          ] GC(65) Pause Full (System.gc()) 782M->782M(6144M) 603.823ms
[67.580s][info][gc,metaspace] GC(66) Metaspace: 43378K(47296K)->43378K(47296K) NonClass: 33384K(35072K)->33384K(35072K) Class: 9993K(12224K)->9993K(12224K)
[67.580s][info][gc          ] GC(66) Pause Full (System.gc()) 782M->782M(6144M) 593.196ms
[68.162s][info][gc,metaspace] GC(67) Metaspace: 43378K(47296K)->43378K(47296K) NonClass: 33384K(35072K)->33384K(35072K) Class: 9993K(12224K)->9993K(12224K)
[68.162s][info][gc          ] GC(67) Pause Full (System.gc()) 782M->782M(6144M) 582.616ms
[68.737s][info][gc,metaspace] GC(68) Metaspace: 43378K(47296K)->43378K(47296K) NonClass: 33384K(35072K)->33384K(35072K) Class: 9993K(12224K)->9993K(12224K)
[68.737s][info][gc          ] GC(68) Pause Full (System.gc()) 782M->782M(6144M) 574.284ms
[69.299s][info][gc,metaspace] GC(69) Metaspace: 43378K(47296K)->43378K(47296K) NonClass: 33384K(35072K)->33384K(35072K) Class: 9993K(12224K)->9993K(12224K)
[69.299s][info][gc          ] GC(69) Pause Full (System.gc()) 782M->782M(6144M) 562.056ms
[69.942s][info][gc,metaspace] GC(70) Metaspace: 43378K(47296K)->43378K(47296K) NonClass: 33384K(35072K)->33384K(35072K) Class: 9993K(12224K)->9993K(12224K)
[69.942s][info][gc          ] GC(70) Pause Full (System.gc()) 782M->782M(6144M) 642.587ms
[70.524s][info][gc,metaspace] GC(71) Metaspace: 43378K(47296K)->43378K(47296K) NonClass: 33384K(35072K)->33384K(35072K) Class: 9993K(12224K)->9993K(12224K)
[70.524s][info][gc          ] GC(71) Pause Full (System.gc()) 782M->782M(6144M) 582.253ms
[71.131s][info][gc,metaspace] GC(72) Metaspace: 43378K(47296K)->43378K(47296K) NonClass: 33384K(35072K)->33384K(35072K) Class: 9993K(12224K)->9993K(12224K)
[71.131s][info][gc          ] GC(72) Pause Full (System.gc()) 782M->782M(6144M) 606.400ms
[71.711s][info][gc,metaspace] GC(73) Metaspace: 43378K(47296K)->43378K(47296K) NonClass: 33384K(35072K)->33384K(35072K) Class: 9993K(12224K)->9993K(12224K)
[71.711s][info][gc          ] GC(73) Pause Full (System.gc()) 782M->782M(6144M) 580.425ms
[72.273s][info][gc,metaspace] GC(74) Metaspace: 43378K(47296K)->43378K(47296K) NonClass: 33384K(35072K)->33384K(35072K) Class: 9993K(12224K)->9993K(12224K)
[72.273s][info][gc          ] GC(74) Pause Full (System.gc()) 782M->782M(6144M) 561.521ms
[72.866s][info][gc,metaspace] GC(75) Metaspace: 43378K(47296K)->43378K(47296K) NonClass: 33384K(35072K)->33384K(35072K) Class: 9993K(12224K)->9993K(12224K)
[72.866s][info][gc          ] GC(75) Pause Full (System.gc()) 782M->782M(6144M) 592.986ms
[73.477s][info][gc,metaspace] GC(76) Metaspace: 43378K(47296K)->43378K(47296K) NonClass: 33384K(35072K)->33384K(35072K) Class: 9993K(12224K)->9993K(12224K)
[73.477s][info][gc          ] GC(76) Pause Full (System.gc()) 782M->782M(6144M) 606.562ms
[74.047s][info][gc,metaspace] GC(77) Metaspace: 43378K(47296K)->43378K(47296K) NonClass: 33384K(35072K)->33384K(35072K) Class: 9993K(12224K)->9993K(12224K)
[74.047s][info][gc          ] GC(77) Pause Full (System.gc()) 782M->782M(6144M) 570.319ms
[74.627s][info][gc,metaspace] GC(78) Metaspace: 43378K(47296K)->43378K(47296K) NonClass: 33384K(35072K)->33384K(35072K) Class: 9993K(12224K)->9993K(12224K)
[74.627s][info][gc          ] GC(78) Pause Full (System.gc()) 782M->782M(6144M) 580.101ms
[75.220s][info][gc,metaspace] GC(79) Metaspace: 43378K(47296K)->43378K(47296K) NonClass: 33384K(35072K)->33384K(35072K) Class: 9993K(12224K)->9993K(12224K)
[75.220s][info][gc          ] GC(79) Pause Full (System.gc()) 782M->782M(6144M) 592.358ms
[75.830s][info][gc,metaspace] GC(80) Metaspace: 43378K(47296K)->43378K(47296K) NonClass: 33384K(35072K)->33384K(35072K) Class: 9993K(12224K)->9993K(12224K)
[75.830s][info][gc          ] GC(80) Pause Full (System.gc()) 782M->782M(6144M) 610.274ms
[76.429s][info][gc,metaspace] GC(81) Metaspace: 43378K(47296K)->43378K(47296K) NonClass: 33384K(35072K)->33384K(35072K) Class: 9993K(12224K)->9993K(12224K)
[76.429s][info][gc          ] GC(81) Pause Full (System.gc()) 782M->782M(6144M) 598.386ms
[77.006s][info][gc,metaspace] GC(82) Metaspace: 43378K(47296K)->43378K(47296K) NonClass: 33384K(35072K)->33384K(35072K) Class: 9993K(12224K)->9993K(12224K)
[77.006s][info][gc          ] GC(82) Pause Full (System.gc()) 782M->782M(6144M) 576.754ms
[77.642s][info][gc,metaspace] GC(83) Metaspace: 43378K(47296K)->43378K(47296K) NonClass: 33384K(35072K)->33384K(35072K) Class: 9993K(12224K)->9993K(12224K)
[77.642s][info][gc          ] GC(83) Pause Full (System.gc()) 782M->782M(6144M) 636.501ms
[78.210s][info][gc,metaspace] GC(84) Metaspace: 43378K(47296K)->43378K(47296K) NonClass: 33384K(35072K)->33384K(35072K) Class: 9993K(12224K)->9993K(12224K)
[78.210s][info][gc          ] GC(84) Pause Full (System.gc()) 782M->782M(6144M) 568.101ms
[78.892s][info][gc,metaspace] GC(85) Metaspace: 43378K(47296K)->43378K(47296K) NonClass: 33384K(35072K)->33384K(35072K) Class: 9993K(12224K)->9993K(12224K)
[78.892s][info][gc          ] GC(85) Pause Full (System.gc()) 782M->782M(6144M) 676.918ms
[79.516s][info][gc,metaspace] GC(86) Metaspace: 43378K(47296K)->43378K(47296K) NonClass: 33384K(35072K)->33384K(35072K) Class: 9993K(12224K)->9993K(12224K)
[79.516s][info][gc          ] GC(86) Pause Full (System.gc()) 782M->782M(6144M) 623.876ms
[80.142s][info][gc,metaspace] GC(87) Metaspace: 43378K(47296K)->43378K(47296K) NonClass: 33384K(35072K)->33384K(35072K) Class: 9993K(12224K)->9993K(12224K)
[80.142s][info][gc          ] GC(87) Pause Full (System.gc()) 782M->782M(6144M) 626.218ms
[80.743s][info][gc,metaspace] GC(88) Metaspace: 43378K(47296K)->43378K(47296K) NonClass: 33384K(35072K)->33384K(35072K) Class: 9993K(12224K)->9993K(12224K)
[80.743s][info][gc          ] GC(88) Pause Full (System.gc()) 782M->782M(6144M) 601.420ms
[81.304s][info][gc,metaspace] GC(89) Metaspace: 43378K(47296K)->43378K(47296K) NonClass: 33384K(35072K)->33384K(35072K) Class: 9993K(12224K)->9993K(12224K)
[81.304s][info][gc          ] GC(89) Pause Full (System.gc()) 782M->782M(6144M) 560.787ms
[81.894s][info][gc,metaspace] GC(90) Metaspace: 43378K(47296K)->43378K(47296K) NonClass: 33384K(35072K)->33384K(35072K) Class: 9993K(12224K)->9993K(12224K)
[81.895s][info][gc          ] GC(90) Pause Full (System.gc()) 782M->782M(6144M) 590.117ms
[82.500s][info][gc,metaspace] GC(91) Metaspace: 43378K(47296K)->43378K(47296K) NonClass: 33384K(35072K)->33384K(35072K) Class: 9993K(12224K)->9993K(12224K)
[82.500s][info][gc          ] GC(91) Pause Full (System.gc()) 782M->782M(6144M) 605.593ms
[83.081s][info][gc,metaspace] GC(92) Metaspace: 43378K(47296K)->43378K(47296K) NonClass: 33384K(35072K)->33384K(35072K) Class: 9993K(12224K)->9993K(12224K)
[83.081s][info][gc          ] GC(92) Pause Full (System.gc()) 782M->782M(6144M) 580.974ms
[83.691s][info][gc,metaspace] GC(93) Metaspace: 43378K(47296K)->43378K(47296K) NonClass: 33384K(35072K)->33384K(35072K) Class: 9993K(12224K)->9993K(12224K)
[83.691s][info][gc          ] GC(93) Pause Full (System.gc()) 782M->782M(6144M) 609.392ms
[84.295s][info][gc,metaspace] GC(94) Metaspace: 43378K(47296K)->43378K(47296K) NonClass: 33384K(35072K)->33384K(35072K) Class: 9993K(12224K)->9993K(12224K)
[84.295s][info][gc          ] GC(94) Pause Full (System.gc()) 782M->782M(6144M) 604.043ms
[84.880s][info][gc,metaspace] GC(95) Metaspace: 43378K(47296K)->43378K(47296K) NonClass: 33384K(35072K)->33384K(35072K) Class: 9993K(12224K)->9993K(12224K)
[84.880s][info][gc          ] GC(95) Pause Full (System.gc()) 782M->782M(6144M) 585.495ms
[85.454s][info][gc,metaspace] GC(96) Metaspace: 43378K(47296K)->43378K(47296K) NonClass: 33384K(35072K)->33384K(35072K) Class: 9993K(12224K)->9993K(12224K)
[85.454s][info][gc          ] GC(96) Pause Full (System.gc()) 782M->782M(6144M) 573.555ms
[86.055s][info][gc,metaspace] GC(97) Metaspace: 43378K(47296K)->43378K(47296K) NonClass: 33384K(35072K)->33384K(35072K) Class: 9993K(12224K)->9993K(12224K)
[86.055s][info][gc          ] GC(97) Pause Full (System.gc()) 782M->782M(6144M) 601.198ms
[86.674s][info][gc,metaspace] GC(98) Metaspace: 43378K(47296K)->43378K(47296K) NonClass: 33384K(35072K)->33384K(35072K) Class: 9993K(12224K)->9993K(12224K)
[86.675s][info][gc          ] GC(98) Pause Full (System.gc()) 782M->782M(6144M) 619.092ms
[87.240s][info][gc,metaspace] GC(99) Metaspace: 43378K(47296K)->43378K(47296K) NonClass: 33384K(35072K)->33384K(35072K) Class: 9993K(12224K)->9993K(12224K)
[87.240s][info][gc          ] GC(99) Pause Full (System.gc()) 782M->782M(6144M) 565.218ms
[87.842s][info][gc,metaspace] GC(100) Metaspace: 43378K(47296K)->43378K(47296K) NonClass: 33384K(35072K)->33384K(35072K) Class: 9993K(12224K)->9993K(12224K)
[87.842s][info][gc          ] GC(100) Pause Full (System.gc()) 782M->782M(6144M) 602.208ms
[88.420s][info][gc,metaspace] GC(101) Metaspace: 43378K(47296K)->43378K(47296K) NonClass: 33384K(35072K)->33384K(35072K) Class: 9993K(12224K)->9993K(12224K)
[88.420s][info][gc          ] GC(101) Pause Full (System.gc()) 782M->782M(6144M) 577.889ms
[89.015s][info][gc,metaspace] GC(102) Metaspace: 43378K(47296K)->43378K(47296K) NonClass: 33384K(35072K)->33384K(35072K) Class: 9993K(12224K)->9993K(12224K)
[89.015s][info][gc          ] GC(102) Pause Full (System.gc()) 782M->782M(6144M) 594.535ms
[89.634s][info][gc,metaspace] GC(103) Metaspace: 43378K(47296K)->43378K(47296K) NonClass: 33384K(35072K)->33384K(35072K) Class: 9993K(12224K)->9993K(12224K)
[89.634s][info][gc          ] GC(103) Pause Full (System.gc()) 782M->782M(6144M) 615.145ms
[90.210s][info][gc,metaspace] GC(104) Metaspace: 43378K(47296K)->43378K(47296K) NonClass: 33384K(35072K)->33384K(35072K) Class: 9993K(12224K)->9993K(12224K)
[90.210s][info][gc          ] GC(104) Pause Full (System.gc()) 782M->782M(6144M) 575.628ms
[90.824s][info][gc,metaspace] GC(105) Metaspace: 43378K(47296K)->43378K(47296K) NonClass: 33384K(35072K)->33384K(35072K) Class: 9993K(12224K)->9993K(12224K)
[90.824s][info][gc          ] GC(105) Pause Full (System.gc()) 782M->782M(6144M) 614.026ms
After GCs... 
