Done; will start GCs... 
[31.450s][info][gc,metaspace] GC(6) Metaspace: 42842K(46720K)->42842K(46720K) NonClass: 36013K(37696K)->36013K(37696K) Class: 6829K(9024K)->6829K(9024K)
[31.450s][info][gc          ] GC(6) Pause Full (System.gc()) 837M->782M(6144M) 567.124ms
[31.998s][info][gc,metaspace] GC(7) Metaspace: 42842K(46720K)->42842K(46720K) NonClass: 36013K(37696K)->36013K(37696K) Class: 6829K(9024K)->6829K(9024K)
[31.998s][info][gc          ] GC(7) Pause Full (System.gc()) 782M->782M(6144M) 548.357ms
[32.498s][info][gc,metaspace] GC(8) Metaspace: 42842K(46720K)->42842K(46720K) NonClass: 36013K(37696K)->36013K(37696K) Class: 6829K(9024K)->6829K(9024K)
[32.498s][info][gc          ] GC(8) Pause Full (System.gc()) 782M->782M(6144M) 500.050ms
[32.993s][info][gc,metaspace] GC(9) Metaspace: 42842K(46720K)->42842K(46720K) NonClass: 36013K(37696K)->36013K(37696K) Class: 6829K(9024K)->6829K(9024K)
[32.993s][info][gc          ] GC(9) Pause Full (System.gc()) 782M->782M(6144M) 494.522ms
[33.490s][info][gc,metaspace] GC(10) Metaspace: 42842K(46720K)->42842K(46720K) NonClass: 36013K(37696K)->36013K(37696K) Class: 6829K(9024K)->6829K(9024K)
[33.490s][info][gc          ] GC(10) Pause Full (System.gc()) 782M->782M(6144M) 496.682ms
[33.995s][info][gc,metaspace] GC(11) Metaspace: 42842K(46720K)->42842K(46720K) NonClass: 36013K(37696K)->36013K(37696K) Class: 6829K(9024K)->6829K(9024K)
[33.995s][info][gc          ] GC(11) Pause Full (System.gc()) 782M->782M(6144M) 505.558ms
[34.526s][info][gc,metaspace] GC(12) Metaspace: 42842K(46720K)->42842K(46720K) NonClass: 36013K(37696K)->36013K(37696K) Class: 6829K(9024K)->6829K(9024K)
[34.526s][info][gc          ] GC(12) Pause Full (System.gc()) 782M->782M(6144M) 530.983ms
[35.006s][info][gc,metaspace] GC(13) Metaspace: 42843K(46720K)->42843K(46720K) NonClass: 36014K(37696K)->36014K(37696K) Class: 6829K(9024K)->6829K(9024K)
[35.006s][info][gc          ] GC(13) Pause Full (System.gc()) 782M->782M(6144M) 479.936ms
[35.497s][info][gc,metaspace] GC(14) Metaspace: 42843K(46720K)->42843K(46720K) NonClass: 36014K(37696K)->36014K(37696K) Class: 6829K(9024K)->6829K(9024K)
[35.497s][info][gc          ] GC(14) Pause Full (System.gc()) 782M->782M(6144M) 490.005ms
[36.002s][info][gc,metaspace] GC(15) Metaspace: 42843K(46720K)->42843K(46720K) NonClass: 36014K(37696K)->36014K(37696K) Class: 6829K(9024K)->6829K(9024K)
[36.002s][info][gc          ] GC(15) Pause Full (System.gc()) 782M->782M(6144M) 505.489ms
[36.498s][info][gc,metaspace] GC(16) Metaspace: 42843K(46720K)->42843K(46720K) NonClass: 36014K(37696K)->36014K(37696K) Class: 6829K(9024K)->6829K(9024K)
[36.498s][info][gc          ] GC(16) Pause Full (System.gc()) 782M->782M(6144M) 496.106ms
[37.010s][info][gc,metaspace] GC(17) Metaspace: 42843K(46720K)->42843K(46720K) NonClass: 36014K(37696K)->36014K(37696K) Class: 6829K(9024K)->6829K(9024K)
[37.010s][info][gc          ] GC(17) Pause Full (System.gc()) 782M->782M(6144M) 511.402ms
[37.502s][info][gc,metaspace] GC(18) Metaspace: 42843K(46720K)->42843K(46720K) NonClass: 36014K(37696K)->36014K(37696K) Class: 6829K(9024K)->6829K(9024K)
[37.502s][info][gc          ] GC(18) Pause Full (System.gc()) 782M->782M(6144M) 492.348ms
[38.019s][info][gc,metaspace] GC(19) Metaspace: 42843K(46720K)->42843K(46720K) NonClass: 36014K(37696K)->36014K(37696K) Class: 6829K(9024K)->6829K(9024K)
[38.019s][info][gc          ] GC(19) Pause Full (System.gc()) 782M->782M(6144M) 514.263ms
[38.518s][info][gc,metaspace] GC(20) Metaspace: 42843K(46720K)->42843K(46720K) NonClass: 36014K(37696K)->36014K(37696K) Class: 6829K(9024K)->6829K(9024K)
[38.519s][info][gc          ] GC(20) Pause Full (System.gc()) 782M->782M(6144M) 499.709ms
[39.060s][info][gc,metaspace] GC(21) Metaspace: 42843K(46720K)->42843K(46720K) NonClass: 36014K(37696K)->36014K(37696K) Class: 6829K(9024K)->6829K(9024K)
[39.060s][info][gc          ] GC(21) Pause Full (System.gc()) 782M->782M(6144M) 541.790ms
[39.542s][info][gc,metaspace] GC(22) Metaspace: 42843K(46720K)->42843K(46720K) NonClass: 36014K(37696K)->36014K(37696K) Class: 6829K(9024K)->6829K(9024K)
[39.542s][info][gc          ] GC(22) Pause Full (System.gc()) 782M->782M(6144M) 481.319ms
[40.041s][info][gc,metaspace] GC(23) Metaspace: 42843K(46720K)->42843K(46720K) NonClass: 36014K(37696K)->36014K(37696K) Class: 6829K(9024K)->6829K(9024K)
[40.041s][info][gc          ] GC(23) Pause Full (System.gc()) 782M->782M(6144M) 499.477ms
[40.537s][info][gc,metaspace] GC(24) Metaspace: 42843K(46720K)->42843K(46720K) NonClass: 36014K(37696K)->36014K(37696K) Class: 6829K(9024K)->6829K(9024K)
[40.537s][info][gc          ] GC(24) Pause Full (System.gc()) 782M->782M(6144M) 495.364ms
[41.029s][info][gc,metaspace] GC(25) Metaspace: 42843K(46720K)->42843K(46720K) NonClass: 36014K(37696K)->36014K(37696K) Class: 6829K(9024K)->6829K(9024K)
[41.029s][info][gc          ] GC(25) Pause Full (System.gc()) 782M->782M(6144M) 491.932ms
[41.527s][info][gc,metaspace] GC(26) Metaspace: 42843K(46720K)->42843K(46720K) NonClass: 36014K(37696K)->36014K(37696K) Class: 6829K(9024K)->6829K(9024K)
[41.527s][info][gc          ] GC(26) Pause Full (System.gc()) 782M->782M(6144M) 494.048ms
[42.013s][info][gc,metaspace] GC(27) Metaspace: 42843K(46720K)->42843K(46720K) NonClass: 36014K(37696K)->36014K(37696K) Class: 6829K(9024K)->6829K(9024K)
[42.013s][info][gc          ] GC(27) Pause Full (System.gc()) 782M->782M(6144M) 485.654ms
[42.512s][info][gc,metaspace] GC(28) Metaspace: 42843K(46720K)->42843K(46720K) NonClass: 36014K(37696K)->36014K(37696K) Class: 6829K(9024K)->6829K(9024K)
[42.512s][info][gc          ] GC(28) Pause Full (System.gc()) 782M->782M(6144M) 498.366ms
[43.018s][info][gc,metaspace] GC(29) Metaspace: 42843K(46720K)->42843K(46720K) NonClass: 36014K(37696K)->36014K(37696K) Class: 6829K(9024K)->6829K(9024K)
[43.018s][info][gc          ] GC(29) Pause Full (System.gc()) 782M->782M(6144M) 506.386ms
[43.494s][info][gc,metaspace] GC(30) Metaspace: 42843K(46720K)->42843K(46720K) NonClass: 36014K(37696K)->36014K(37696K) Class: 6829K(9024K)->6829K(9024K)
[43.494s][info][gc          ] GC(30) Pause Full (System.gc()) 782M->782M(6144M) 475.861ms
[44.022s][info][gc,metaspace] GC(31) Metaspace: 42843K(46720K)->42843K(46720K) NonClass: 36014K(37696K)->36014K(37696K) Class: 6829K(9024K)->6829K(9024K)
[44.022s][info][gc          ] GC(31) Pause Full (System.gc()) 782M->782M(6144M) 527.546ms
[44.527s][info][gc,metaspace] GC(32) Metaspace: 42843K(46720K)->42843K(46720K) NonClass: 36014K(37696K)->36014K(37696K) Class: 6829K(9024K)->6829K(9024K)
[44.527s][info][gc          ] GC(32) Pause Full (System.gc()) 782M->782M(6144M) 505.396ms
[45.011s][info][gc,metaspace] GC(33) Metaspace: 42843K(46720K)->42843K(46720K) NonClass: 36014K(37696K)->36014K(37696K) Class: 6829K(9024K)->6829K(9024K)
[45.011s][info][gc          ] GC(33) Pause Full (System.gc()) 782M->782M(6144M) 483.678ms
[45.503s][info][gc,metaspace] GC(34) Metaspace: 42843K(46720K)->42843K(46720K) NonClass: 36014K(37696K)->36014K(37696K) Class: 6829K(9024K)->6829K(9024K)
[45.503s][info][gc          ] GC(34) Pause Full (System.gc()) 782M->782M(6144M) 491.783ms
[45.999s][info][gc,metaspace] GC(35) Metaspace: 42843K(46720K)->42843K(46720K) NonClass: 36014K(37696K)->36014K(37696K) Class: 6829K(9024K)->6829K(9024K)
[45.999s][info][gc          ] GC(35) Pause Full (System.gc()) 782M->782M(6144M) 496.526ms
[46.517s][info][gc,metaspace] GC(36) Metaspace: 42843K(46720K)->42843K(46720K) NonClass: 36014K(37696K)->36014K(37696K) Class: 6829K(9024K)->6829K(9024K)
[46.517s][info][gc          ] GC(36) Pause Full (System.gc()) 782M->782M(6144M) 517.378ms
[47.006s][info][gc,metaspace] GC(37) Metaspace: 42843K(46720K)->42843K(46720K) NonClass: 36014K(37696K)->36014K(37696K) Class: 6829K(9024K)->6829K(9024K)
[47.006s][info][gc          ] GC(37) Pause Full (System.gc()) 782M->782M(6144M) 489.242ms
[47.512s][info][gc,metaspace] GC(38) Metaspace: 42843K(46720K)->42843K(46720K) NonClass: 36014K(37696K)->36014K(37696K) Class: 6829K(9024K)->6829K(9024K)
[47.512s][info][gc          ] GC(38) Pause Full (System.gc()) 782M->782M(6144M) 505.783ms
[48.003s][info][gc,metaspace] GC(39) Metaspace: 42843K(46720K)->42843K(46720K) NonClass: 36014K(37696K)->36014K(37696K) Class: 6829K(9024K)->6829K(9024K)
[48.003s][info][gc          ] GC(39) Pause Full (System.gc()) 782M->782M(6144M) 491.105ms
[48.522s][info][gc,metaspace] GC(40) Metaspace: 42843K(46720K)->42843K(46720K) NonClass: 36014K(37696K)->36014K(37696K) Class: 6829K(9024K)->6829K(9024K)
[48.522s][info][gc          ] GC(40) Pause Full (System.gc()) 782M->782M(6144M) 518.522ms
[49.016s][info][gc,metaspace] GC(41) Metaspace: 42843K(46720K)->42843K(46720K) NonClass: 36014K(37696K)->36014K(37696K) Class: 6829K(9024K)->6829K(9024K)
[49.016s][info][gc          ] GC(41) Pause Full (System.gc()) 782M->782M(6144M) 494.228ms
[49.526s][info][gc,metaspace] GC(42) Metaspace: 42843K(46720K)->42843K(46720K) NonClass: 36014K(37696K)->36014K(37696K) Class: 6829K(9024K)->6829K(9024K)
[49.526s][info][gc          ] GC(42) Pause Full (System.gc()) 782M->782M(6144M) 510.019ms
[50.037s][info][gc,metaspace] GC(43) Metaspace: 42843K(46720K)->42843K(46720K) NonClass: 36014K(37696K)->36014K(37696K) Class: 6829K(9024K)->6829K(9024K)
[50.037s][info][gc          ] GC(43) Pause Full (System.gc()) 782M->782M(6144M) 510.721ms
[50.531s][info][gc,metaspace] GC(44) Metaspace: 42843K(46720K)->42843K(46720K) NonClass: 36014K(37696K)->36014K(37696K) Class: 6829K(9024K)->6829K(9024K)
[50.532s][info][gc          ] GC(44) Pause Full (System.gc()) 782M->782M(6144M) 494.237ms
[51.029s][info][gc,metaspace] GC(45) Metaspace: 42843K(46720K)->42843K(46720K) NonClass: 36014K(37696K)->36014K(37696K) Class: 6829K(9024K)->6829K(9024K)
[51.029s][info][gc          ] GC(45) Pause Full (System.gc()) 782M->782M(6144M) 497.156ms
[51.534s][info][gc,metaspace] GC(46) Metaspace: 42843K(46720K)->42843K(46720K) NonClass: 36014K(37696K)->36014K(37696K) Class: 6829K(9024K)->6829K(9024K)
[51.534s][info][gc          ] GC(46) Pause Full (System.gc()) 782M->782M(6144M) 505.430ms
[52.058s][info][gc,metaspace] GC(47) Metaspace: 42843K(46720K)->42843K(46720K) NonClass: 36014K(37696K)->36014K(37696K) Class: 6829K(9024K)->6829K(9024K)
[52.058s][info][gc          ] GC(47) Pause Full (System.gc()) 782M->782M(6144M) 519.803ms
[52.569s][info][gc,metaspace] GC(48) Metaspace: 42843K(46720K)->42843K(46720K) NonClass: 36014K(37696K)->36014K(37696K) Class: 6829K(9024K)->6829K(9024K)
[52.569s][info][gc          ] GC(48) Pause Full (System.gc()) 782M->782M(6144M) 510.141ms
[53.036s][info][gc,metaspace] GC(49) Metaspace: 42843K(46720K)->42843K(46720K) NonClass: 36014K(37696K)->36014K(37696K) Class: 6829K(9024K)->6829K(9024K)
[53.036s][info][gc          ] GC(49) Pause Full (System.gc()) 782M->782M(6144M) 466.911ms
[53.529s][info][gc,metaspace] GC(50) Metaspace: 42843K(46720K)->42843K(46720K) NonClass: 36014K(37696K)->36014K(37696K) Class: 6829K(9024K)->6829K(9024K)
[53.529s][info][gc          ] GC(50) Pause Full (System.gc()) 782M->782M(6144M) 493.582ms
[54.030s][info][gc,metaspace] GC(51) Metaspace: 42843K(46720K)->42843K(46720K) NonClass: 36014K(37696K)->36014K(37696K) Class: 6829K(9024K)->6829K(9024K)
[54.030s][info][gc          ] GC(51) Pause Full (System.gc()) 782M->782M(6144M) 500.099ms
[54.519s][info][gc,metaspace] GC(52) Metaspace: 42843K(46720K)->42843K(46720K) NonClass: 36014K(37696K)->36014K(37696K) Class: 6829K(9024K)->6829K(9024K)
[54.519s][info][gc          ] GC(52) Pause Full (System.gc()) 782M->782M(6144M) 489.595ms
[55.008s][info][gc,metaspace] GC(53) Metaspace: 42843K(46720K)->42843K(46720K) NonClass: 36014K(37696K)->36014K(37696K) Class: 6829K(9024K)->6829K(9024K)
[55.008s][info][gc          ] GC(53) Pause Full (System.gc()) 782M->782M(6144M) 488.352ms
[55.498s][info][gc,metaspace] GC(54) Metaspace: 42843K(46720K)->42843K(46720K) NonClass: 36014K(37696K)->36014K(37696K) Class: 6829K(9024K)->6829K(9024K)
[55.498s][info][gc          ] GC(54) Pause Full (System.gc()) 782M->782M(6144M) 490.392ms
[56.000s][info][gc,metaspace] GC(55) Metaspace: 42843K(46720K)->42843K(46720K) NonClass: 36014K(37696K)->36014K(37696K) Class: 6829K(9024K)->6829K(9024K)
[56.001s][info][gc          ] GC(55) Pause Full (System.gc()) 782M->782M(6144M) 502.193ms
[56.491s][info][gc,metaspace] GC(56) Metaspace: 42843K(46720K)->42843K(46720K) NonClass: 36014K(37696K)->36014K(37696K) Class: 6829K(9024K)->6829K(9024K)
[56.491s][info][gc          ] GC(56) Pause Full (System.gc()) 782M->782M(6144M) 490.788ms
[56.995s][info][gc,metaspace] GC(57) Metaspace: 42843K(46720K)->42843K(46720K) NonClass: 36014K(37696K)->36014K(37696K) Class: 6829K(9024K)->6829K(9024K)
[56.996s][info][gc          ] GC(57) Pause Full (System.gc()) 782M->782M(6144M) 503.993ms
[57.480s][info][gc,metaspace] GC(58) Metaspace: 42843K(46720K)->42843K(46720K) NonClass: 36014K(37696K)->36014K(37696K) Class: 6829K(9024K)->6829K(9024K)
[57.481s][info][gc          ] GC(58) Pause Full (System.gc()) 782M->782M(6144M) 484.924ms
[57.991s][info][gc,metaspace] GC(59) Metaspace: 42843K(46720K)->42843K(46720K) NonClass: 36014K(37696K)->36014K(37696K) Class: 6829K(9024K)->6829K(9024K)
[57.991s][info][gc          ] GC(59) Pause Full (System.gc()) 782M->782M(6144M) 510.378ms
[58.489s][info][gc,metaspace] GC(60) Metaspace: 42843K(46720K)->42843K(46720K) NonClass: 36014K(37696K)->36014K(37696K) Class: 6829K(9024K)->6829K(9024K)
[58.489s][info][gc          ] GC(60) Pause Full (System.gc()) 782M->782M(6144M) 497.755ms
[58.994s][info][gc,metaspace] GC(61) Metaspace: 42843K(46720K)->42843K(46720K) NonClass: 36014K(37696K)->36014K(37696K) Class: 6829K(9024K)->6829K(9024K)
[58.994s][info][gc          ] GC(61) Pause Full (System.gc()) 782M->782M(6144M) 505.074ms
[59.487s][info][gc,metaspace] GC(62) Metaspace: 42843K(46720K)->42843K(46720K) NonClass: 36014K(37696K)->36014K(37696K) Class: 6829K(9024K)->6829K(9024K)
[59.487s][info][gc          ] GC(62) Pause Full (System.gc()) 782M->782M(6144M) 492.525ms
[60.028s][info][gc,metaspace] GC(63) Metaspace: 42843K(46720K)->42843K(46720K) NonClass: 36014K(37696K)->36014K(37696K) Class: 6829K(9024K)->6829K(9024K)
[60.029s][info][gc          ] GC(63) Pause Full (System.gc()) 782M->782M(6144M) 541.753ms
[60.528s][info][gc,metaspace] GC(64) Metaspace: 42843K(46720K)->42843K(46720K) NonClass: 36014K(37696K)->36014K(37696K) Class: 6829K(9024K)->6829K(9024K)
[60.528s][info][gc          ] GC(64) Pause Full (System.gc()) 782M->782M(6144M) 499.167ms
[61.018s][info][gc,metaspace] GC(65) Metaspace: 42843K(46720K)->42843K(46720K) NonClass: 36014K(37696K)->36014K(37696K) Class: 6829K(9024K)->6829K(9024K)
[61.018s][info][gc          ] GC(65) Pause Full (System.gc()) 782M->782M(6144M) 489.946ms
[61.531s][info][gc,metaspace] GC(66) Metaspace: 42843K(46720K)->42843K(46720K) NonClass: 36014K(37696K)->36014K(37696K) Class: 6829K(9024K)->6829K(9024K)
[61.531s][info][gc          ] GC(66) Pause Full (System.gc()) 782M->782M(6144M) 513.459ms
[62.035s][info][gc,metaspace] GC(67) Metaspace: 42843K(46720K)->42843K(46720K) NonClass: 36014K(37696K)->36014K(37696K) Class: 6829K(9024K)->6829K(9024K)
[62.035s][info][gc          ] GC(67) Pause Full (System.gc()) 782M->782M(6144M) 503.316ms
[62.526s][info][gc,metaspace] GC(68) Metaspace: 42843K(46720K)->42843K(46720K) NonClass: 36014K(37696K)->36014K(37696K) Class: 6829K(9024K)->6829K(9024K)
[62.526s][info][gc          ] GC(68) Pause Full (System.gc()) 782M->782M(6144M) 491.202ms
[63.008s][info][gc,metaspace] GC(69) Metaspace: 42843K(46720K)->42843K(46720K) NonClass: 36014K(37696K)->36014K(37696K) Class: 6829K(9024K)->6829K(9024K)
[63.008s][info][gc          ] GC(69) Pause Full (System.gc()) 782M->782M(6144M) 481.977ms
[63.534s][info][gc,metaspace] GC(70) Metaspace: 42843K(46720K)->42843K(46720K) NonClass: 36014K(37696K)->36014K(37696K) Class: 6829K(9024K)->6829K(9024K)
[63.534s][info][gc          ] GC(70) Pause Full (System.gc()) 782M->782M(6144M) 525.358ms
[64.046s][info][gc,metaspace] GC(71) Metaspace: 42843K(46720K)->42843K(46720K) NonClass: 36014K(37696K)->36014K(37696K) Class: 6829K(9024K)->6829K(9024K)
[64.046s][info][gc          ] GC(71) Pause Full (System.gc()) 782M->782M(6144M) 511.788ms
[64.540s][info][gc,metaspace] GC(72) Metaspace: 42843K(46720K)->42843K(46720K) NonClass: 36014K(37696K)->36014K(37696K) Class: 6829K(9024K)->6829K(9024K)
[64.540s][info][gc          ] GC(72) Pause Full (System.gc()) 782M->782M(6144M) 493.955ms
[65.070s][info][gc,metaspace] GC(73) Metaspace: 42843K(46720K)->42843K(46720K) NonClass: 36014K(37696K)->36014K(37696K) Class: 6829K(9024K)->6829K(9024K)
[65.070s][info][gc          ] GC(73) Pause Full (System.gc()) 784M->782M(6144M) 530.102ms
[65.561s][info][gc,metaspace] GC(74) Metaspace: 42843K(46720K)->42843K(46720K) NonClass: 36014K(37696K)->36014K(37696K) Class: 6829K(9024K)->6829K(9024K)
[65.561s][info][gc          ] GC(74) Pause Full (System.gc()) 782M->782M(6144M) 491.082ms
[66.086s][info][gc,metaspace] GC(75) Metaspace: 42843K(46720K)->42843K(46720K) NonClass: 36014K(37696K)->36014K(37696K) Class: 6829K(9024K)->6829K(9024K)
[66.086s][info][gc          ] GC(75) Pause Full (System.gc()) 782M->782M(6144M) 525.248ms
[66.574s][info][gc,metaspace] GC(76) Metaspace: 42843K(46720K)->42843K(46720K) NonClass: 36014K(37696K)->36014K(37696K) Class: 6829K(9024K)->6829K(9024K)
[66.574s][info][gc          ] GC(76) Pause Full (System.gc()) 782M->782M(6144M) 487.636ms
[67.065s][info][gc,metaspace] GC(77) Metaspace: 42843K(46720K)->42843K(46720K) NonClass: 36014K(37696K)->36014K(37696K) Class: 6829K(9024K)->6829K(9024K)
[67.065s][info][gc          ] GC(77) Pause Full (System.gc()) 782M->782M(6144M) 490.524ms
[67.570s][info][gc,metaspace] GC(78) Metaspace: 42843K(46720K)->42843K(46720K) NonClass: 36014K(37696K)->36014K(37696K) Class: 6829K(9024K)->6829K(9024K)
[67.570s][info][gc          ] GC(78) Pause Full (System.gc()) 782M->782M(6144M) 501.348ms
[68.068s][info][gc,metaspace] GC(79) Metaspace: 42843K(46720K)->42843K(46720K) NonClass: 36014K(37696K)->36014K(37696K) Class: 6829K(9024K)->6829K(9024K)
[68.068s][info][gc          ] GC(79) Pause Full (System.gc()) 782M->782M(6144M) 497.356ms
[68.579s][info][gc,metaspace] GC(80) Metaspace: 42843K(46720K)->42843K(46720K) NonClass: 36014K(37696K)->36014K(37696K) Class: 6829K(9024K)->6829K(9024K)
[68.579s][info][gc          ] GC(80) Pause Full (System.gc()) 782M->782M(6144M) 511.485ms
[69.084s][info][gc,metaspace] GC(81) Metaspace: 42843K(46720K)->42843K(46720K) NonClass: 36014K(37696K)->36014K(37696K) Class: 6829K(9024K)->6829K(9024K)
[69.084s][info][gc          ] GC(81) Pause Full (System.gc()) 782M->782M(6144M) 504.612ms
[69.582s][info][gc,metaspace] GC(82) Metaspace: 42843K(46720K)->42843K(46720K) NonClass: 36014K(37696K)->36014K(37696K) Class: 6829K(9024K)->6829K(9024K)
[69.582s][info][gc          ] GC(82) Pause Full (System.gc()) 782M->782M(6144M) 497.878ms
[70.082s][info][gc,metaspace] GC(83) Metaspace: 42843K(46720K)->42843K(46720K) NonClass: 36014K(37696K)->36014K(37696K) Class: 6829K(9024K)->6829K(9024K)
[70.082s][info][gc          ] GC(83) Pause Full (System.gc()) 782M->782M(6144M) 499.532ms
[70.572s][info][gc,metaspace] GC(84) Metaspace: 42843K(46720K)->42843K(46720K) NonClass: 36014K(37696K)->36014K(37696K) Class: 6829K(9024K)->6829K(9024K)
[70.572s][info][gc          ] GC(84) Pause Full (System.gc()) 782M->782M(6144M) 489.714ms
[71.050s][info][gc,metaspace] GC(85) Metaspace: 42843K(46720K)->42843K(46720K) NonClass: 36014K(37696K)->36014K(37696K) Class: 6829K(9024K)->6829K(9024K)
[71.050s][info][gc          ] GC(85) Pause Full (System.gc()) 782M->782M(6144M) 477.941ms
[71.546s][info][gc,metaspace] GC(86) Metaspace: 42843K(46720K)->42843K(46720K) NonClass: 36014K(37696K)->36014K(37696K) Class: 6829K(9024K)->6829K(9024K)
[71.546s][info][gc          ] GC(86) Pause Full (System.gc()) 782M->782M(6144M) 495.992ms
[72.040s][info][gc,metaspace] GC(87) Metaspace: 42843K(46720K)->42843K(46720K) NonClass: 36014K(37696K)->36014K(37696K) Class: 6829K(9024K)->6829K(9024K)
[72.040s][info][gc          ] GC(87) Pause Full (System.gc()) 782M->782M(6144M) 494.113ms
[72.534s][info][gc,metaspace] GC(88) Metaspace: 42843K(46720K)->42843K(46720K) NonClass: 36014K(37696K)->36014K(37696K) Class: 6829K(9024K)->6829K(9024K)
[72.534s][info][gc          ] GC(88) Pause Full (System.gc()) 782M->782M(6144M) 493.588ms
[73.044s][info][gc,metaspace] GC(89) Metaspace: 42843K(46720K)->42843K(46720K) NonClass: 36014K(37696K)->36014K(37696K) Class: 6829K(9024K)->6829K(9024K)
[73.044s][info][gc          ] GC(89) Pause Full (System.gc()) 782M->782M(6144M) 510.808ms
[73.555s][info][gc,metaspace] GC(90) Metaspace: 42843K(46720K)->42843K(46720K) NonClass: 36014K(37696K)->36014K(37696K) Class: 6829K(9024K)->6829K(9024K)
[73.555s][info][gc          ] GC(90) Pause Full (System.gc()) 782M->782M(6144M) 510.590ms
[74.046s][info][gc,metaspace] GC(91) Metaspace: 42843K(46720K)->42843K(46720K) NonClass: 36014K(37696K)->36014K(37696K) Class: 6829K(9024K)->6829K(9024K)
[74.046s][info][gc          ] GC(91) Pause Full (System.gc()) 782M->782M(6144M) 490.441ms
[74.557s][info][gc,metaspace] GC(92) Metaspace: 42843K(46720K)->42843K(46720K) NonClass: 36014K(37696K)->36014K(37696K) Class: 6829K(9024K)->6829K(9024K)
[74.557s][info][gc          ] GC(92) Pause Full (System.gc()) 782M->782M(6144M) 510.948ms
[75.032s][info][gc,metaspace] GC(93) Metaspace: 42843K(46720K)->42843K(46720K) NonClass: 36014K(37696K)->36014K(37696K) Class: 6829K(9024K)->6829K(9024K)
[75.032s][info][gc          ] GC(93) Pause Full (System.gc()) 782M->782M(6144M) 475.227ms
[75.527s][info][gc,metaspace] GC(94) Metaspace: 42843K(46720K)->42843K(46720K) NonClass: 36014K(37696K)->36014K(37696K) Class: 6829K(9024K)->6829K(9024K)
[75.527s][info][gc          ] GC(94) Pause Full (System.gc()) 782M->782M(6144M) 495.135ms
[76.070s][info][gc,metaspace] GC(95) Metaspace: 42843K(46720K)->42843K(46720K) NonClass: 36014K(37696K)->36014K(37696K) Class: 6829K(9024K)->6829K(9024K)
[76.070s][info][gc          ] GC(95) Pause Full (System.gc()) 782M->782M(6144M) 542.428ms
[76.569s][info][gc,metaspace] GC(96) Metaspace: 42843K(46720K)->42843K(46720K) NonClass: 36014K(37696K)->36014K(37696K) Class: 6829K(9024K)->6829K(9024K)
[76.569s][info][gc          ] GC(96) Pause Full (System.gc()) 782M->782M(6144M) 498.830ms
[77.051s][info][gc,metaspace] GC(97) Metaspace: 42843K(46720K)->42843K(46720K) NonClass: 36014K(37696K)->36014K(37696K) Class: 6829K(9024K)->6829K(9024K)
[77.051s][info][gc          ] GC(97) Pause Full (System.gc()) 782M->782M(6144M) 482.688ms
[77.536s][info][gc,metaspace] GC(98) Metaspace: 42843K(46720K)->42843K(46720K) NonClass: 36014K(37696K)->36014K(37696K) Class: 6829K(9024K)->6829K(9024K)
[77.536s][info][gc          ] GC(98) Pause Full (System.gc()) 782M->782M(6144M) 484.844ms
[78.059s][info][gc,metaspace] GC(99) Metaspace: 42843K(46720K)->42843K(46720K) NonClass: 36014K(37696K)->36014K(37696K) Class: 6829K(9024K)->6829K(9024K)
[78.059s][info][gc          ] GC(99) Pause Full (System.gc()) 782M->782M(6144M) 518.021ms
[78.550s][info][gc,metaspace] GC(100) Metaspace: 42843K(46720K)->42843K(46720K) NonClass: 36014K(37696K)->36014K(37696K) Class: 6829K(9024K)->6829K(9024K)
[78.550s][info][gc          ] GC(100) Pause Full (System.gc()) 782M->782M(6144M) 490.901ms
[79.060s][info][gc,metaspace] GC(101) Metaspace: 42843K(46720K)->42843K(46720K) NonClass: 36014K(37696K)->36014K(37696K) Class: 6829K(9024K)->6829K(9024K)
[79.060s][info][gc          ] GC(101) Pause Full (System.gc()) 782M->782M(6144M) 510.375ms
[79.548s][info][gc,metaspace] GC(102) Metaspace: 42843K(46720K)->42843K(46720K) NonClass: 36014K(37696K)->36014K(37696K) Class: 6829K(9024K)->6829K(9024K)
[79.548s][info][gc          ] GC(102) Pause Full (System.gc()) 782M->782M(6144M) 488.049ms
[80.076s][info][gc,metaspace] GC(103) Metaspace: 42843K(46720K)->42843K(46720K) NonClass: 36014K(37696K)->36014K(37696K) Class: 6829K(9024K)->6829K(9024K)
[80.076s][info][gc          ] GC(103) Pause Full (System.gc()) 782M->782M(6144M) 527.248ms
[80.576s][info][gc,metaspace] GC(104) Metaspace: 42843K(46720K)->42843K(46720K) NonClass: 36014K(37696K)->36014K(37696K) Class: 6829K(9024K)->6829K(9024K)
[80.576s][info][gc          ] GC(104) Pause Full (System.gc()) 782M->782M(6144M) 500.786ms
[81.063s][info][gc,metaspace] GC(105) Metaspace: 42843K(46720K)->42843K(46720K) NonClass: 36014K(37696K)->36014K(37696K) Class: 6829K(9024K)->6829K(9024K)
[81.063s][info][gc          ] GC(105) Pause Full (System.gc()) 782M->782M(6144M) 486.456ms
After GCs... 
