Done; will start GCs... 
[11.163s][info][gc,metaspace] GC(3) Metaspace: 28521K(29632K)->28521K(29632K) NonClass: 25138K(25664K)->25138K(25664K) Class: 3382K(3968K)->3382K(3968K)
[11.163s][info][gc          ] GC(3) Pause Full (System.gc()) 1338M->1285M(5888M) 760.419ms
[11.765s][info][gc,metaspace] GC(4) Metaspace: 28521K(29632K)->28521K(29632K) NonClass: 25138K(25664K)->25138K(25664K) Class: 3382K(3968K)->3382K(3968K)
[11.765s][info][gc          ] GC(4) Pause Full (System.gc()) 1285M->1285M(5888M) 601.681ms
[12.253s][info][gc,metaspace] GC(5) Metaspace: 28521K(29632K)->28521K(29632K) NonClass: 25138K(25664K)->25138K(25664K) Class: 3382K(3968K)->3382K(3968K)
[12.253s][info][gc          ] GC(5) Pause Full (System.gc()) 1285M->1285M(5888M) 487.712ms
[12.737s][info][gc,metaspace] GC(6) Metaspace: 28521K(29632K)->28521K(29632K) NonClass: 25138K(25664K)->25138K(25664K) Class: 3382K(3968K)->3382K(3968K)
[12.737s][info][gc          ] GC(6) Pause Full (System.gc()) 1285M->1285M(5888M) 483.831ms
[13.414s][info][gc,metaspace] GC(7) Metaspace: 28521K(29632K)->28521K(29632K) NonClass: 25138K(25664K)->25138K(25664K) Class: 3382K(3968K)->3382K(3968K)
[13.414s][info][gc          ] GC(7) Pause Full (System.gc()) 1285M->1285M(5888M) 676.795ms
[13.899s][info][gc,metaspace] GC(8) Metaspace: 28521K(29632K)->28521K(29632K) NonClass: 25138K(25664K)->25138K(25664K) Class: 3382K(3968K)->3382K(3968K)
[13.899s][info][gc          ] GC(8) Pause Full (System.gc()) 1285M->1285M(5888M) 485.298ms
[14.402s][info][gc,metaspace] GC(9) Metaspace: 28521K(29632K)->28521K(29632K) NonClass: 25138K(25664K)->25138K(25664K) Class: 3382K(3968K)->3382K(3968K)
[14.402s][info][gc          ] GC(9) Pause Full (System.gc()) 1285M->1285M(5888M) 502.659ms
[14.887s][info][gc,metaspace] GC(10) Metaspace: 28521K(29632K)->28521K(29632K) NonClass: 25138K(25664K)->25138K(25664K) Class: 3382K(3968K)->3382K(3968K)
[14.887s][info][gc          ] GC(10) Pause Full (System.gc()) 1285M->1285M(5888M) 484.271ms
[15.377s][info][gc,metaspace] GC(11) Metaspace: 28521K(29632K)->28521K(29632K) NonClass: 25138K(25664K)->25138K(25664K) Class: 3382K(3968K)->3382K(3968K)
[15.377s][info][gc          ] GC(11) Pause Full (System.gc()) 1285M->1285M(5888M) 490.204ms
[15.861s][info][gc,metaspace] GC(12) Metaspace: 28521K(29632K)->28521K(29632K) NonClass: 25138K(25664K)->25138K(25664K) Class: 3382K(3968K)->3382K(3968K)
[15.862s][info][gc          ] GC(12) Pause Full (System.gc()) 1285M->1285M(5888M) 484.476ms
[16.356s][info][gc,metaspace] GC(13) Metaspace: 28521K(29632K)->28521K(29632K) NonClass: 25138K(25664K)->25138K(25664K) Class: 3382K(3968K)->3382K(3968K)
[16.356s][info][gc          ] GC(13) Pause Full (System.gc()) 1285M->1285M(5888M) 489.739ms
[16.854s][info][gc,metaspace] GC(14) Metaspace: 28521K(29632K)->28521K(29632K) NonClass: 25138K(25664K)->25138K(25664K) Class: 3382K(3968K)->3382K(3968K)
[16.854s][info][gc          ] GC(14) Pause Full (System.gc()) 1285M->1285M(5888M) 498.137ms
[17.344s][info][gc,metaspace] GC(15) Metaspace: 28521K(29632K)->28521K(29632K) NonClass: 25138K(25664K)->25138K(25664K) Class: 3382K(3968K)->3382K(3968K)
[17.344s][info][gc          ] GC(15) Pause Full (System.gc()) 1285M->1285M(5888M) 489.955ms
[17.834s][info][gc,metaspace] GC(16) Metaspace: 28521K(29632K)->28521K(29632K) NonClass: 25138K(25664K)->25138K(25664K) Class: 3382K(3968K)->3382K(3968K)
[17.834s][info][gc          ] GC(16) Pause Full (System.gc()) 1285M->1285M(5888M) 490.255ms
[18.323s][info][gc,metaspace] GC(17) Metaspace: 28521K(29632K)->28521K(29632K) NonClass: 25138K(25664K)->25138K(25664K) Class: 3382K(3968K)->3382K(3968K)
[18.323s][info][gc          ] GC(17) Pause Full (System.gc()) 1285M->1285M(5888M) 488.582ms
[18.808s][info][gc,metaspace] GC(18) Metaspace: 28521K(29632K)->28521K(29632K) NonClass: 25138K(25664K)->25138K(25664K) Class: 3382K(3968K)->3382K(3968K)
[18.808s][info][gc          ] GC(18) Pause Full (System.gc()) 1285M->1285M(5888M) 484.889ms
[19.379s][info][gc,metaspace] GC(19) Metaspace: 28521K(29632K)->28521K(29632K) NonClass: 25138K(25664K)->25138K(25664K) Class: 3382K(3968K)->3382K(3968K)
[19.380s][info][gc          ] GC(19) Pause Full (System.gc()) 1285M->1285M(5888M) 571.203ms
[19.968s][info][gc,metaspace] GC(20) Metaspace: 28521K(29632K)->28521K(29632K) NonClass: 25138K(25664K)->25138K(25664K) Class: 3382K(3968K)->3382K(3968K)
[19.968s][info][gc          ] GC(20) Pause Full (System.gc()) 1285M->1285M(5888M) 588.583ms
[20.457s][info][gc,metaspace] GC(21) Metaspace: 28521K(29632K)->28521K(29632K) NonClass: 25138K(25664K)->25138K(25664K) Class: 3382K(3968K)->3382K(3968K)
[20.457s][info][gc          ] GC(21) Pause Full (System.gc()) 1285M->1285M(5888M) 489.124ms
[21.052s][info][gc,metaspace] GC(22) Metaspace: 28521K(29632K)->28521K(29632K) NonClass: 25138K(25664K)->25138K(25664K) Class: 3382K(3968K)->3382K(3968K)
[21.052s][info][gc          ] GC(22) Pause Full (System.gc()) 1285M->1285M(5888M) 594.378ms
[21.548s][info][gc,metaspace] GC(23) Metaspace: 28521K(29632K)->28521K(29632K) NonClass: 25138K(25664K)->25138K(25664K) Class: 3382K(3968K)->3382K(3968K)
[21.549s][info][gc          ] GC(23) Pause Full (System.gc()) 1285M->1285M(5888M) 492.155ms
[22.033s][info][gc,metaspace] GC(24) Metaspace: 28521K(29632K)->28521K(29632K) NonClass: 25138K(25664K)->25138K(25664K) Class: 3382K(3968K)->3382K(3968K)
[22.033s][info][gc          ] GC(24) Pause Full (System.gc()) 1285M->1285M(5888M) 484.159ms
[22.530s][info][gc,metaspace] GC(25) Metaspace: 28521K(29632K)->28521K(29632K) NonClass: 25138K(25664K)->25138K(25664K) Class: 3382K(3968K)->3382K(3968K)
[22.530s][info][gc          ] GC(25) Pause Full (System.gc()) 1285M->1285M(5888M) 497.245ms
[23.026s][info][gc,metaspace] GC(26) Metaspace: 28521K(29632K)->28521K(29632K) NonClass: 25138K(25664K)->25138K(25664K) Class: 3382K(3968K)->3382K(3968K)
[23.026s][info][gc          ] GC(26) Pause Full (System.gc()) 1285M->1285M(5888M) 496.062ms
[23.521s][info][gc,metaspace] GC(27) Metaspace: 28521K(29632K)->28521K(29632K) NonClass: 25138K(25664K)->25138K(25664K) Class: 3382K(3968K)->3382K(3968K)
[23.521s][info][gc          ] GC(27) Pause Full (System.gc()) 1285M->1285M(5888M) 494.839ms
[24.005s][info][gc,metaspace] GC(28) Metaspace: 28521K(29632K)->28521K(29632K) NonClass: 25138K(25664K)->25138K(25664K) Class: 3382K(3968K)->3382K(3968K)
[24.005s][info][gc          ] GC(28) Pause Full (System.gc()) 1285M->1285M(5888M) 483.373ms
[24.590s][info][gc,metaspace] GC(29) Metaspace: 28521K(29632K)->28521K(29632K) NonClass: 25138K(25664K)->25138K(25664K) Class: 3382K(3968K)->3382K(3968K)
[24.590s][info][gc          ] GC(29) Pause Full (System.gc()) 1285M->1285M(5888M) 584.828ms
[25.078s][info][gc,metaspace] GC(30) Metaspace: 28521K(29632K)->28521K(29632K) NonClass: 25138K(25664K)->25138K(25664K) Class: 3382K(3968K)->3382K(3968K)
[25.078s][info][gc          ] GC(30) Pause Full (System.gc()) 1285M->1285M(5888M) 488.461ms
[25.569s][info][gc,metaspace] GC(31) Metaspace: 28521K(29632K)->28521K(29632K) NonClass: 25139K(25664K)->25139K(25664K) Class: 3382K(3968K)->3382K(3968K)
[25.569s][info][gc          ] GC(31) Pause Full (System.gc()) 1285M->1285M(5888M) 489.936ms
[26.058s][info][gc,metaspace] GC(32) Metaspace: 28522K(29632K)->28522K(29632K) NonClass: 25139K(25664K)->25139K(25664K) Class: 3382K(3968K)->3382K(3968K)
[26.058s][info][gc          ] GC(32) Pause Full (System.gc()) 1285M->1285M(5888M) 489.416ms
[26.756s][info][gc,metaspace] GC(33) Metaspace: 28522K(29632K)->28522K(29632K) NonClass: 25139K(25664K)->25139K(25664K) Class: 3382K(3968K)->3382K(3968K)
[26.756s][info][gc          ] GC(33) Pause Full (System.gc()) 1285M->1285M(5888M) 693.357ms
[27.421s][info][gc,metaspace] GC(34) Metaspace: 28522K(29632K)->28522K(29632K) NonClass: 25139K(25664K)->25139K(25664K) Class: 3382K(3968K)->3382K(3968K)
[27.421s][info][gc          ] GC(34) Pause Full (System.gc()) 1285M->1285M(5888M) 664.722ms
[27.911s][info][gc,metaspace] GC(35) Metaspace: 28522K(29632K)->28522K(29632K) NonClass: 25139K(25664K)->25139K(25664K) Class: 3382K(3968K)->3382K(3968K)
[27.911s][info][gc          ] GC(35) Pause Full (System.gc()) 1285M->1285M(5888M) 490.369ms
[28.399s][info][gc,metaspace] GC(36) Metaspace: 28522K(29632K)->28522K(29632K) NonClass: 25139K(25664K)->25139K(25664K) Class: 3382K(3968K)->3382K(3968K)
[28.399s][info][gc          ] GC(36) Pause Full (System.gc()) 1285M->1285M(5888M) 487.463ms
[28.893s][info][gc,metaspace] GC(37) Metaspace: 28522K(29632K)->28522K(29632K) NonClass: 25139K(25664K)->25139K(25664K) Class: 3382K(3968K)->3382K(3968K)
[28.893s][info][gc          ] GC(37) Pause Full (System.gc()) 1285M->1285M(5888M) 494.381ms
[29.380s][info][gc,metaspace] GC(38) Metaspace: 28522K(29632K)->28522K(29632K) NonClass: 25139K(25664K)->25139K(25664K) Class: 3382K(3968K)->3382K(3968K)
[29.380s][info][gc          ] GC(38) Pause Full (System.gc()) 1285M->1285M(5888M) 486.388ms
[29.877s][info][gc,metaspace] GC(39) Metaspace: 28522K(29632K)->28522K(29632K) NonClass: 25139K(25664K)->25139K(25664K) Class: 3382K(3968K)->3382K(3968K)
[29.877s][info][gc          ] GC(39) Pause Full (System.gc()) 1285M->1285M(5888M) 496.804ms
[30.371s][info][gc,metaspace] GC(40) Metaspace: 28522K(29632K)->28522K(29632K) NonClass: 25139K(25664K)->25139K(25664K) Class: 3382K(3968K)->3382K(3968K)
[30.371s][info][gc          ] GC(40) Pause Full (System.gc()) 1285M->1285M(5888M) 493.538ms
[30.870s][info][gc,metaspace] GC(41) Metaspace: 28522K(29632K)->28522K(29632K) NonClass: 25139K(25664K)->25139K(25664K) Class: 3382K(3968K)->3382K(3968K)
[30.870s][info][gc          ] GC(41) Pause Full (System.gc()) 1285M->1285M(5888M) 499.652ms
[31.356s][info][gc,metaspace] GC(42) Metaspace: 28522K(29632K)->28522K(29632K) NonClass: 25139K(25664K)->25139K(25664K) Class: 3382K(3968K)->3382K(3968K)
[31.356s][info][gc          ] GC(42) Pause Full (System.gc()) 1285M->1285M(5888M) 485.171ms
[31.965s][info][gc,metaspace] GC(43) Metaspace: 28522K(29632K)->28522K(29632K) NonClass: 25139K(25664K)->25139K(25664K) Class: 3382K(3968K)->3382K(3968K)
[31.965s][info][gc          ] GC(43) Pause Full (System.gc()) 1285M->1285M(5888M) 604.727ms
[32.448s][info][gc,metaspace] GC(44) Metaspace: 28522K(29632K)->28522K(29632K) NonClass: 25139K(25664K)->25139K(25664K) Class: 3382K(3968K)->3382K(3968K)
[32.448s][info][gc          ] GC(44) Pause Full (System.gc()) 1285M->1285M(5888M) 482.530ms
[33.114s][info][gc,metaspace] GC(45) Metaspace: 28522K(29632K)->28522K(29632K) NonClass: 25139K(25664K)->25139K(25664K) Class: 3382K(3968K)->3382K(3968K)
[33.114s][info][gc          ] GC(45) Pause Full (System.gc()) 1285M->1285M(5888M) 665.925ms
[33.807s][info][gc,metaspace] GC(46) Metaspace: 28522K(29632K)->28522K(29632K) NonClass: 25139K(25664K)->25139K(25664K) Class: 3382K(3968K)->3382K(3968K)
[33.807s][info][gc          ] GC(46) Pause Full (System.gc()) 1285M->1285M(5888M) 693.354ms
[34.295s][info][gc,metaspace] GC(47) Metaspace: 28522K(29632K)->28522K(29632K) NonClass: 25139K(25664K)->25139K(25664K) Class: 3382K(3968K)->3382K(3968K)
[34.295s][info][gc          ] GC(47) Pause Full (System.gc()) 1285M->1285M(5888M) 488.040ms
[34.976s][info][gc,metaspace] GC(48) Metaspace: 28522K(29632K)->28522K(29632K) NonClass: 25139K(25664K)->25139K(25664K) Class: 3382K(3968K)->3382K(3968K)
[34.976s][info][gc          ] GC(48) Pause Full (System.gc()) 1285M->1285M(5888M) 680.985ms
[35.572s][info][gc,metaspace] GC(49) Metaspace: 28522K(29632K)->28522K(29632K) NonClass: 25139K(25664K)->25139K(25664K) Class: 3382K(3968K)->3382K(3968K)
[35.572s][info][gc          ] GC(49) Pause Full (System.gc()) 1285M->1285M(5888M) 595.293ms
[36.062s][info][gc,metaspace] GC(50) Metaspace: 28522K(29632K)->28522K(29632K) NonClass: 25139K(25664K)->25139K(25664K) Class: 3382K(3968K)->3382K(3968K)
[36.062s][info][gc          ] GC(50) Pause Full (System.gc()) 1285M->1285M(5888M) 490.074ms
[36.553s][info][gc,metaspace] GC(51) Metaspace: 28522K(29632K)->28522K(29632K) NonClass: 25139K(25664K)->25139K(25664K) Class: 3382K(3968K)->3382K(3968K)
[36.553s][info][gc          ] GC(51) Pause Full (System.gc()) 1285M->1285M(5888M) 491.458ms
[37.049s][info][gc,metaspace] GC(52) Metaspace: 28522K(29632K)->28522K(29632K) NonClass: 25139K(25664K)->25139K(25664K) Class: 3382K(3968K)->3382K(3968K)
[37.049s][info][gc          ] GC(52) Pause Full (System.gc()) 1285M->1285M(5888M) 491.330ms
[37.536s][info][gc,metaspace] GC(53) Metaspace: 28522K(29632K)->28522K(29632K) NonClass: 25139K(25664K)->25139K(25664K) Class: 3382K(3968K)->3382K(3968K)
[37.536s][info][gc          ] GC(53) Pause Full (System.gc()) 1285M->1285M(5888M) 487.179ms
[38.030s][info][gc,metaspace] GC(54) Metaspace: 28522K(29632K)->28522K(29632K) NonClass: 25139K(25664K)->25139K(25664K) Class: 3382K(3968K)->3382K(3968K)
[38.030s][info][gc          ] GC(54) Pause Full (System.gc()) 1285M->1285M(5888M) 493.694ms
[38.539s][info][gc,metaspace] GC(55) Metaspace: 28522K(29632K)->28522K(29632K) NonClass: 25139K(25664K)->25139K(25664K) Class: 3382K(3968K)->3382K(3968K)
[38.539s][info][gc          ] GC(55) Pause Full (System.gc()) 1285M->1285M(5888M) 508.690ms
[39.027s][info][gc,metaspace] GC(56) Metaspace: 28522K(29632K)->28522K(29632K) NonClass: 25139K(25664K)->25139K(25664K) Class: 3382K(3968K)->3382K(3968K)
[39.027s][info][gc          ] GC(56) Pause Full (System.gc()) 1285M->1285M(5888M) 487.652ms
[39.518s][info][gc,metaspace] GC(57) Metaspace: 28522K(29632K)->28522K(29632K) NonClass: 25139K(25664K)->25139K(25664K) Class: 3382K(3968K)->3382K(3968K)
[39.518s][info][gc          ] GC(57) Pause Full (System.gc()) 1285M->1285M(5888M) 491.256ms
[40.004s][info][gc,metaspace] GC(58) Metaspace: 28522K(29632K)->28522K(29632K) NonClass: 25139K(25664K)->25139K(25664K) Class: 3382K(3968K)->3382K(3968K)
[40.004s][info][gc          ] GC(58) Pause Full (System.gc()) 1285M->1285M(5888M) 485.445ms
[40.493s][info][gc,metaspace] GC(59) Metaspace: 28522K(29632K)->28522K(29632K) NonClass: 25139K(25664K)->25139K(25664K) Class: 3382K(3968K)->3382K(3968K)
[40.493s][info][gc          ] GC(59) Pause Full (System.gc()) 1285M->1285M(5888M) 488.822ms
[40.978s][info][gc,metaspace] GC(60) Metaspace: 28522K(29632K)->28522K(29632K) NonClass: 25139K(25664K)->25139K(25664K) Class: 3382K(3968K)->3382K(3968K)
[40.978s][info][gc          ] GC(60) Pause Full (System.gc()) 1285M->1285M(5888M) 485.688ms
[41.465s][info][gc,metaspace] GC(61) Metaspace: 28522K(29632K)->28522K(29632K) NonClass: 25139K(25664K)->25139K(25664K) Class: 3382K(3968K)->3382K(3968K)
[41.465s][info][gc          ] GC(61) Pause Full (System.gc()) 1285M->1285M(5888M) 486.199ms
[42.050s][info][gc,metaspace] GC(62) Metaspace: 28522K(29632K)->28522K(29632K) NonClass: 25139K(25664K)->25139K(25664K) Class: 3382K(3968K)->3382K(3968K)
[42.050s][info][gc          ] GC(62) Pause Full (System.gc()) 1285M->1285M(5888M) 585.702ms
[42.540s][info][gc,metaspace] GC(63) Metaspace: 28522K(29632K)->28522K(29632K) NonClass: 25139K(25664K)->25139K(25664K) Class: 3382K(3968K)->3382K(3968K)
[42.540s][info][gc          ] GC(63) Pause Full (System.gc()) 1285M->1285M(5888M) 485.497ms
[43.238s][info][gc,metaspace] GC(64) Metaspace: 28522K(29632K)->28522K(29632K) NonClass: 25139K(25664K)->25139K(25664K) Class: 3382K(3968K)->3382K(3968K)
[43.238s][info][gc          ] GC(64) Pause Full (System.gc()) 1285M->1285M(5888M) 697.527ms
[43.919s][info][gc,metaspace] GC(65) Metaspace: 28522K(29632K)->28522K(29632K) NonClass: 25139K(25664K)->25139K(25664K) Class: 3382K(3968K)->3382K(3968K)
[43.919s][info][gc          ] GC(65) Pause Full (System.gc()) 1285M->1285M(5888M) 680.566ms
[44.419s][info][gc,metaspace] GC(66) Metaspace: 28522K(29632K)->28522K(29632K) NonClass: 25139K(25664K)->25139K(25664K) Class: 3382K(3968K)->3382K(3968K)
[44.419s][info][gc          ] GC(66) Pause Full (System.gc()) 1285M->1285M(5888M) 500.235ms
[44.904s][info][gc,metaspace] GC(67) Metaspace: 28522K(29632K)->28522K(29632K) NonClass: 25139K(25664K)->25139K(25664K) Class: 3382K(3968K)->3382K(3968K)
[44.904s][info][gc          ] GC(67) Pause Full (System.gc()) 1285M->1285M(5888M) 484.653ms
[45.404s][info][gc,metaspace] GC(68) Metaspace: 28522K(29632K)->28522K(29632K) NonClass: 25139K(25664K)->25139K(25664K) Class: 3382K(3968K)->3382K(3968K)
[45.404s][info][gc          ] GC(68) Pause Full (System.gc()) 1285M->1285M(5888M) 500.665ms
[45.889s][info][gc,metaspace] GC(69) Metaspace: 28522K(29632K)->28522K(29632K) NonClass: 25139K(25664K)->25139K(25664K) Class: 3382K(3968K)->3382K(3968K)
[45.889s][info][gc          ] GC(69) Pause Full (System.gc()) 1285M->1285M(5888M) 484.690ms
[46.396s][info][gc,metaspace] GC(70) Metaspace: 28522K(29632K)->28522K(29632K) NonClass: 25139K(25664K)->25139K(25664K) Class: 3382K(3968K)->3382K(3968K)
[46.396s][info][gc          ] GC(70) Pause Full (System.gc()) 1285M->1285M(5888M) 506.686ms
[47.061s][info][gc,metaspace] GC(71) Metaspace: 28522K(29632K)->28522K(29632K) NonClass: 25139K(25664K)->25139K(25664K) Class: 3382K(3968K)->3382K(3968K)
[47.061s][info][gc          ] GC(71) Pause Full (System.gc()) 1285M->1285M(5888M) 664.950ms
[47.745s][info][gc,metaspace] GC(72) Metaspace: 28522K(29632K)->28522K(29632K) NonClass: 25139K(25664K)->25139K(25664K) Class: 3382K(3968K)->3382K(3968K)
[47.745s][info][gc          ] GC(72) Pause Full (System.gc()) 1285M->1285M(5888M) 684.280ms
[48.418s][info][gc,metaspace] GC(73) Metaspace: 28522K(29632K)->28522K(29632K) NonClass: 25139K(25664K)->25139K(25664K) Class: 3382K(3968K)->3382K(3968K)
[48.418s][info][gc          ] GC(73) Pause Full (System.gc()) 1285M->1285M(5888M) 672.127ms
[49.110s][info][gc,metaspace] GC(74) Metaspace: 28522K(29632K)->28522K(29632K) NonClass: 25139K(25664K)->25139K(25664K) Class: 3382K(3968K)->3382K(3968K)
[49.110s][info][gc          ] GC(74) Pause Full (System.gc()) 1285M->1285M(5888M) 691.959ms
[49.599s][info][gc,metaspace] GC(75) Metaspace: 28522K(29632K)->28522K(29632K) NonClass: 25139K(25664K)->25139K(25664K) Class: 3382K(3968K)->3382K(3968K)
[49.599s][info][gc          ] GC(75) Pause Full (System.gc()) 1285M->1285M(5888M) 489.414ms
[50.178s][info][gc,metaspace] GC(76) Metaspace: 28522K(29632K)->28522K(29632K) NonClass: 25139K(25664K)->25139K(25664K) Class: 3382K(3968K)->3382K(3968K)
[50.178s][info][gc          ] GC(76) Pause Full (System.gc()) 1285M->1285M(5888M) 578.257ms
[50.667s][info][gc,metaspace] GC(77) Metaspace: 28522K(29632K)->28522K(29632K) NonClass: 25139K(25664K)->25139K(25664K) Class: 3382K(3968K)->3382K(3968K)
[50.667s][info][gc          ] GC(77) Pause Full (System.gc()) 1285M->1285M(5888M) 489.734ms
[51.157s][info][gc,metaspace] GC(78) Metaspace: 28522K(29632K)->28522K(29632K) NonClass: 25139K(25664K)->25139K(25664K) Class: 3382K(3968K)->3382K(3968K)
[51.157s][info][gc          ] GC(78) Pause Full (System.gc()) 1285M->1285M(5888M) 489.217ms
[51.648s][info][gc,metaspace] GC(79) Metaspace: 28522K(29632K)->28522K(29632K) NonClass: 25139K(25664K)->25139K(25664K) Class: 3382K(3968K)->3382K(3968K)
[51.648s][info][gc          ] GC(79) Pause Full (System.gc()) 1285M->1285M(5888M) 491.620ms
[52.236s][info][gc,metaspace] GC(80) Metaspace: 28522K(29632K)->28522K(29632K) NonClass: 25139K(25664K)->25139K(25664K) Class: 3382K(3968K)->3382K(3968K)
[52.236s][info][gc          ] GC(80) Pause Full (System.gc()) 1285M->1285M(5888M) 587.034ms
[52.723s][info][gc,metaspace] GC(81) Metaspace: 28522K(29632K)->28522K(29632K) NonClass: 25139K(25664K)->25139K(25664K) Class: 3382K(3968K)->3382K(3968K)
[52.723s][info][gc          ] GC(81) Pause Full (System.gc()) 1285M->1285M(5888M) 487.665ms
[53.214s][info][gc,metaspace] GC(82) Metaspace: 28522K(29632K)->28522K(29632K) NonClass: 25139K(25664K)->25139K(25664K) Class: 3382K(3968K)->3382K(3968K)
[53.214s][info][gc          ] GC(82) Pause Full (System.gc()) 1285M->1285M(5888M) 490.579ms
[53.710s][info][gc,metaspace] GC(83) Metaspace: 28522K(29632K)->28522K(29632K) NonClass: 25139K(25664K)->25139K(25664K) Class: 3382K(3968K)->3382K(3968K)
[53.710s][info][gc          ] GC(83) Pause Full (System.gc()) 1285M->1285M(5888M) 496.085ms
[54.200s][info][gc,metaspace] GC(84) Metaspace: 28522K(29632K)->28522K(29632K) NonClass: 25139K(25664K)->25139K(25664K) Class: 3382K(3968K)->3382K(3968K)
[54.200s][info][gc          ] GC(84) Pause Full (System.gc()) 1285M->1285M(5888M) 489.933ms
[54.698s][info][gc,metaspace] GC(85) Metaspace: 28522K(29632K)->28522K(29632K) NonClass: 25139K(25664K)->25139K(25664K) Class: 3382K(3968K)->3382K(3968K)
[54.698s][info][gc          ] GC(85) Pause Full (System.gc()) 1285M->1285M(5888M) 497.374ms
[55.200s][info][gc,metaspace] GC(86) Metaspace: 28522K(29632K)->28522K(29632K) NonClass: 25139K(25664K)->25139K(25664K) Class: 3382K(3968K)->3382K(3968K)
[55.200s][info][gc          ] GC(86) Pause Full (System.gc()) 1285M->1285M(5888M) 502.333ms
[55.691s][info][gc,metaspace] GC(87) Metaspace: 28522K(29632K)->28522K(29632K) NonClass: 25139K(25664K)->25139K(25664K) Class: 3382K(3968K)->3382K(3968K)
[55.691s][info][gc          ] GC(87) Pause Full (System.gc()) 1285M->1285M(5888M) 490.506ms
[56.283s][info][gc,metaspace] GC(88) Metaspace: 28522K(29632K)->28522K(29632K) NonClass: 25139K(25664K)->25139K(25664K) Class: 3382K(3968K)->3382K(3968K)
[56.283s][info][gc          ] GC(88) Pause Full (System.gc()) 1285M->1285M(5888M) 592.490ms
[56.874s][info][gc,metaspace] GC(89) Metaspace: 28522K(29632K)->28522K(29632K) NonClass: 25139K(25664K)->25139K(25664K) Class: 3382K(3968K)->3382K(3968K)
[56.874s][info][gc          ] GC(89) Pause Full (System.gc()) 1285M->1285M(5888M) 590.629ms
[57.369s][info][gc,metaspace] GC(90) Metaspace: 28522K(29632K)->28522K(29632K) NonClass: 25139K(25664K)->25139K(25664K) Class: 3382K(3968K)->3382K(3968K)
[57.369s][info][gc          ] GC(90) Pause Full (System.gc()) 1285M->1285M(5888M) 494.424ms
[57.863s][info][gc,metaspace] GC(91) Metaspace: 28522K(29632K)->28522K(29632K) NonClass: 25139K(25664K)->25139K(25664K) Class: 3382K(3968K)->3382K(3968K)
[57.863s][info][gc          ] GC(91) Pause Full (System.gc()) 1285M->1285M(5888M) 489.657ms
[58.361s][info][gc,metaspace] GC(92) Metaspace: 28522K(29632K)->28522K(29632K) NonClass: 25139K(25664K)->25139K(25664K) Class: 3382K(3968K)->3382K(3968K)
[58.361s][info][gc          ] GC(92) Pause Full (System.gc()) 1285M->1285M(5888M) 498.080ms
[58.860s][info][gc,metaspace] GC(93) Metaspace: 28522K(29632K)->28522K(29632K) NonClass: 25139K(25664K)->25139K(25664K) Class: 3382K(3968K)->3382K(3968K)
[58.860s][info][gc          ] GC(93) Pause Full (System.gc()) 1285M->1285M(5888M) 499.120ms
[59.350s][info][gc,metaspace] GC(94) Metaspace: 28522K(29632K)->28522K(29632K) NonClass: 25139K(25664K)->25139K(25664K) Class: 3382K(3968K)->3382K(3968K)
[59.350s][info][gc          ] GC(94) Pause Full (System.gc()) 1285M->1285M(5888M) 489.491ms
[59.838s][info][gc,metaspace] GC(95) Metaspace: 28522K(29632K)->28522K(29632K) NonClass: 25139K(25664K)->25139K(25664K) Class: 3382K(3968K)->3382K(3968K)
[59.838s][info][gc          ] GC(95) Pause Full (System.gc()) 1285M->1285M(5888M) 488.458ms
[60.331s][info][gc,metaspace] GC(96) Metaspace: 28522K(29632K)->28522K(29632K) NonClass: 25139K(25664K)->25139K(25664K) Class: 3382K(3968K)->3382K(3968K)
[60.331s][info][gc          ] GC(96) Pause Full (System.gc()) 1285M->1285M(5888M) 492.427ms
[60.824s][info][gc,metaspace] GC(97) Metaspace: 28522K(29632K)->28522K(29632K) NonClass: 25139K(25664K)->25139K(25664K) Class: 3382K(3968K)->3382K(3968K)
[60.824s][info][gc          ] GC(97) Pause Full (System.gc()) 1285M->1285M(5888M) 493.165ms
[61.407s][info][gc,metaspace] GC(98) Metaspace: 28522K(29632K)->28522K(29632K) NonClass: 25139K(25664K)->25139K(25664K) Class: 3382K(3968K)->3382K(3968K)
[61.407s][info][gc          ] GC(98) Pause Full (System.gc()) 1285M->1285M(5888M) 583.170ms
[61.888s][info][gc,metaspace] GC(99) Metaspace: 28522K(29632K)->28522K(29632K) NonClass: 25139K(25664K)->25139K(25664K) Class: 3382K(3968K)->3382K(3968K)
[61.889s][info][gc          ] GC(99) Pause Full (System.gc()) 1285M->1285M(5888M) 481.133ms
[62.375s][info][gc,metaspace] GC(100) Metaspace: 28522K(29632K)->28522K(29632K) NonClass: 25139K(25664K)->25139K(25664K) Class: 3382K(3968K)->3382K(3968K)
[62.375s][info][gc          ] GC(100) Pause Full (System.gc()) 1285M->1285M(5888M) 486.371ms
[62.865s][info][gc,metaspace] GC(101) Metaspace: 28522K(29632K)->28522K(29632K) NonClass: 25139K(25664K)->25139K(25664K) Class: 3382K(3968K)->3382K(3968K)
[62.865s][info][gc          ] GC(101) Pause Full (System.gc()) 1285M->1285M(5888M) 489.455ms
[63.789s][info][gc,metaspace] GC(102) Metaspace: 28522K(29632K)->28522K(29632K) NonClass: 25139K(25664K)->25139K(25664K) Class: 3382K(3968K)->3382K(3968K)
[63.789s][info][gc          ] GC(102) Pause Full (System.gc()) 1285M->1285M(5888M) 924.118ms
After GCs... 
