[0.002s][info][metaspace]  - commit_granule_bytes: 65536.
[0.002s][info][metaspace]  - commit_granule_words: 8192.
[0.002s][info][metaspace]  - virtual_space_node_default_size: 8388608.
[0.002s][info][metaspace]  - enlarge_chunks_in_place: 1.
[0.002s][info][metaspace]  - use_allocation_guard: 0.
[0.003s][info][gc,init  ] CardTable entry size: 512
[0.003s][info][gc       ] Using G1
[0.007s][info][gc,init  ] Version: 23-internal-adhoc.thomas.source (release)
[0.007s][info][gc,init  ] CPUs: 8 total, 8 available
[0.007s][info][gc,init  ] Memory: 15662M
[0.007s][info][gc,init  ] Large Page Support: Disabled
[0.007s][info][gc,init  ] NUMA Support: Disabled
[0.007s][info][gc,init  ] Compressed Oops: Enabled (Zero based)
[0.007s][info][gc,init  ] Heap Region Size: 8M
[0.007s][info][gc,init  ] Heap Min Capacity: 8G
[0.007s][info][gc,init  ] Heap Initial Capacity: 8G
[0.007s][info][gc,init  ] Heap Max Capacity: 12G
[0.007s][info][gc,init  ] Pre-touch: Disabled
[0.007s][info][gc,init  ] Parallel Workers: 8
[0.007s][info][gc,init  ] Concurrent Workers: 2
[0.007s][info][gc,init  ] Concurrent Refinement Workers: 8
[0.007s][info][gc,init  ] Periodic GC: Disabled
[0.007s][info][metaspace] Reserving compressed class space anywhere
[0.008s][info][gc,metaspace] CDS archive(s) not mapped
[0.008s][info][gc,metaspace] Compressed class space mapped at: 0x00000000b0000000-0x00000000f0000000, reserved size: 1073741824
[0.008s][info][gc,metaspace] UseCompressedClassPointers 1, UseCompactObjectHeaders 1, UseKlassTable 1, narrow klass pointer bits 22, max shift 10
[0.008s][info][gc,metaspace] Narrow klass base: 0x00000000b0000000, Narrow klass shift: 9, Narrow klass range: 0x40000000

SPECjbb2015 Java Business Benchmark
 (c) Standard Performance Evaluation Corporation, 2015

Preparing to launch All-in-one SPECjbb2015.

Reading property file: /shared/projects/openjdk/benchmarks/test-hyperaligning-lilliput/SPECjbb2015_1.00-jdk16+/jdk-22bit-klasstable-ON-24-05-16_105239/./config/specjbb2015.props

     0s: Enumerating plugins...
     0s:    Connectivity:
     0s:             HTTP_Grizzly: Grizzly HTTP server, JDK HTTP client
     0s:              NIO_Grizzly: Grizzly NIO server, Grizzly NIO client
     0s:               HTTP_Jetty: Jetty HTTP server, JDK HTTP client
     0s:    Snapshot:
     0s:                 InMemory: Stores snapshots in heap memory
     0s:    Data Writers:
     0s:                     Demo: Send all frame to listener
     0s:                   InFile: Writing Data into file
     0s:                   Silent: Drop all frames
     0s: 
     0s: Kit validation is skipped.
     0s: Tests are skipped.
     0s: 
     0s: [0.916s][info][metaspace   ] Arena @0x00007f3804472b60 (non-class arena): commit failure (requested size: 156)
[0.917s][info][metaspace   ] ChkMgr @0x00007f3804467a90 (non-class-space): failed to commit 156 words on chunk @0x00007f3804be5b20, f, base 0x00007f37bd4e0000, level lv07.
[0.917s][info][metaspace   ] Arena @0x00007f3804472b60 (non-class arena): failed to allocate new chunk for requested word size 156.
[0.917s][info][metaspace   ] Arena @0x00007f3804472b60 (non-class arena): allocation failed, returned null.
[0.917s][info][metaspace   ] Arena @0x00007f3804472b60 (non-class arena): commit failure (requested size: 156)
[0.917s][info][metaspace   ] ChkMgr @0x00007f3804467a90 (non-class-space): failed to commit 156 words on chunk @0x00007f3804be5b20, f, base 0x00007f37bd4e0000, level lv07.
[0.917s][info][metaspace   ] Arena @0x00007f3804472b60 (non-class arena): failed to allocate new chunk for requested word size 156.
[0.917s][info][metaspace   ] Arena @0x00007f3804472b60 (non-class arena): allocation failed, returned null.
[0.917s][info][metaspace   ] Arena @0x00007f3804472b60 (non-class arena): commit failure (requested size: 156)
[0.917s][info][metaspace   ] ChkMgr @0x00007f3804467a90 (non-class-space): failed to commit 156 words on chunk @0x00007f3804be5b20, f, base 0x00007f37bd4e0000, level lv07.
[0.917s][info][metaspace   ] Arena @0x00007f3804472b60 (non-class arena): failed to allocate new chunk for requested word size 156.
[0.917s][info][metaspace   ] Arena @0x00007f3804472b60 (non-class arena): allocation failed, returned null.
[0.917s][info][gc,start    ] GC(0) Pause Young (Concurrent Start) (Metadata GC Threshold)
[0.917s][info][gc,task     ] GC(0) Using 8 workers of 8 for evacuation
[0.922s][info][gc,phases   ] GC(0)   Pre Evacuate Collection Set: 0.21ms
[0.922s][info][gc,phases   ] GC(0)   Merge Heap Roots: 0.10ms
[0.922s][info][gc,phases   ] GC(0)   Evacuate Collection Set: 4.11ms
[0.922s][info][gc,phases   ] GC(0)   Post Evacuate Collection Set: 0.42ms
[0.922s][info][gc,phases   ] GC(0)   Other: 0.51ms
[0.922s][info][gc,heap     ] GC(0) Eden regions: 32->0(50)
[0.922s][info][gc,heap     ] GC(0) Survivor regions: 0->1(7)
[0.922s][info][gc,heap     ] GC(0) Old regions: 0->0
[0.922s][info][gc,heap     ] GC(0) Humongous regions: 0->0
[0.922s][info][gc,metaspace] GC(0) Metaspace: 21437K(21504K)->21437K(21504K) NonClass: 21437K(21504K)->21437K(21504K) Class: 0K(0K)->0K(0K)
[0.922s][info][gc          ] GC(0) Pause Young (Concurrent Start) (Metadata GC Threshold) 256M->4M(8192M) 5.469ms
[0.922s][info][gc,cpu      ] GC(0) User=0.02s Sys=0.01s Real=0.01s
[0.922s][info][gc          ] GC(1) Concurrent Mark Cycle
[0.922s][info][metaspace   ] CLMS @0x00007f3804472b30 : GC threshold increased: 22020096->22347776.
[0.922s][info][gc,marking  ] GC(1) Concurrent Scan Root Regions
[0.925s][info][gc,marking  ] GC(1) Concurrent Scan Root Regions 2.397ms
[0.925s][info][gc,marking  ] GC(1) Concurrent Mark
[0.925s][info][gc,marking  ] GC(1) Concurrent Mark From Roots
[0.925s][info][gc,task     ] GC(1) Using 2 workers of 2 for marking
[0.925s][info][gc,marking  ] GC(1) Concurrent Mark From Roots 0.571ms
[0.925s][info][gc,marking  ] GC(1) Concurrent Preclean
[0.925s][info][gc,marking  ] GC(1) Concurrent Preclean 0.005ms
[0.925s][info][gc,start    ] GC(1) Pause Remark
[0.926s][info][gc          ] GC(1) Pause Remark 12M->12M(8192M) 0.707ms
[0.926s][info][gc,cpu      ] GC(1) User=0.00s Sys=0.00s Real=0.00s
[0.926s][info][gc,marking  ] GC(1) Concurrent Mark 1.416ms
[0.926s][info][gc,marking  ] GC(1) Concurrent Rebuild Remembered Sets and Scrub Regions
[0.926s][info][gc,marking  ] GC(1) Concurrent Rebuild Remembered Sets and Scrub Regions 0.067ms
[0.926s][info][gc,start    ] GC(1) Pause Cleanup
[0.926s][info][gc          ] GC(1) Pause Cleanup 12M->12M(8192M) 0.014ms
[0.926s][info][gc,cpu      ] GC(1) User=0.00s Sys=0.00s Real=0.00s
[0.926s][info][gc,marking  ] GC(1) Concurrent Clear Claimed Marks
[0.926s][info][gc,marking  ] GC(1) Concurrent Clear Claimed Marks 0.013ms
[0.926s][info][gc,marking  ] GC(1) Concurrent Cleanup for Next Mark
[0.939s][info][gc,marking  ] GC(1) Concurrent Cleanup for Next Mark 13.092ms
[0.939s][info][gc          ] GC(1) Concurrent Mark Cycle 17.231ms
Ladies and gentlemen, this is your Controller speaking.
     1s: We are delighted in having you for benchmark run today.
     1s: 
     1s: Binary log file is ./specjbb2015-C-20240516-00001.data.gz
     1s: 
     1s: Performing handshake with all agents ...
     1s: 
     1s:  Agent Group1.TxInjector.CompositeTxInjector has attached to Controller
     1s:  Agent Group1.Backend.CompositeBackend has attached to Controller
     1s: 
     1s: All agents have connected.
     1s: 
     1s: Attached agents info:

Group "Group1"
    TxInjectors:
        CompositeTxInjector, includes { Driver } @ [local in-Java link]
    Backends:
        CompositeBackend, includes { SM(2),SP(2) } @ [local in-Java link]

     1s: Initializing... (init[1.396s][info][gc,start    ] GC(2) Pause Young (Normal) (G1 Evacuation Pause)
[1.396s][info][gc,task     ] GC(2) Using 8 workers of 8 for evacuation
[1.471s][info][gc,phases   ] GC(2)   Pre Evacuate Collection Set: 0.19ms
[1.471s][info][gc,phases   ] GC(2)   Merge Heap Roots: 0.03ms
[1.471s][info][gc,phases   ] GC(2)   Evacuate Collection Set: 73.81ms
[1.471s][info][gc,phases   ] GC(2)   Post Evacuate Collection Set: 0.73ms
[1.471s][info][gc,phases   ] GC(2)   Other: 0.06ms
[1.471s][info][gc,heap     ] GC(2) Eden regions: 50->0(44)
[1.471s][info][gc,heap     ] GC(2) Survivor regions: 1->7(7)
[1.471s][info][gc,heap     ] GC(2) Old regions: 0->14
[1.471s][info][gc,heap     ] GC(2) Humongous regions: 3->3
[1.471s][info][gc,metaspace] GC(2) Metaspace: 23692K(23808K)->23692K(23808K) NonClass: 23692K(23808K)->23692K(23808K) Class: 0K(0K)->0K(0K)
[1.471s][info][gc          ] GC(2) Pause Young (Normal) (G1 Evacuation Pause) 428M->190M(8192M) 74.951ms
[1.471s][info][gc,cpu      ] GC(2) User=0.43s Sys=0.13s Real=0.08s
[1.640s][info][gc,start    ] GC(3) Pause Young (Normal) (G1 Evacuation Pause)
[1.640s][info][gc,task     ] GC(3) Using 8 workers of 8 for evacuation
[1.766s][info][gc,phases   ] GC(3)   Pre Evacuate Collection Set: 0.17ms
[1.766s][info][gc,phases   ] GC(3)   Merge Heap Roots: 0.20ms
[1.766s][info][gc,phases   ] GC(3)   Evacuate Collection Set: 124.80ms
[1.766s][info][gc,phases   ] GC(3)   Post Evacuate Collection Set: 0.47ms
[1.766s][info][gc,phases   ] GC(3)   Other: 0.05ms
[1.766s][info][gc,heap     ] GC(3) Eden regions: 44->0(44)
[1.766s][info][gc,heap     ] GC(3) Survivor regions: 7->7(7)
[1.766s][info][gc,heap     ] GC(3) Old regions: 14->50
[1.766s][info][gc,heap     ] GC(3) Humongous regions: 3->3
[1.766s][info][gc,metaspace] GC(3) Metaspace: 23705K(23808K)->23705K(23808K) NonClass: 23705K(23808K)->23705K(23808K) Class: 0K(0K)->0K(0K)
[1.766s][info][gc          ] GC(3) Pause Young (Normal) (G1 Evacuation Pause) 542M->479M(8192M) 125.836ms
[1.766s][info][gc,cpu      ] GC(3) User=0.95s Sys=0.05s Real=0.12s
[1.906s][info][gc,start    ] GC(4) Pause Young (Normal) (G1 Evacuation Pause)
[1.906s][info][gc,task     ] GC(4) Using 8 workers of 8 for evacuation
[2.037s][info][gc,phases   ] GC(4)   Pre Evacuate Collection Set: 0.18ms
[2.037s][info][gc,phases   ] GC(4)   Merge Heap Roots: 0.07ms
[2.037s][info][gc,phases   ] GC(4)   Evacuate Collection Set: 130.08ms
[2.037s][info][gc,phases   ] GC(4)   Post Evacuate Collection Set: 0.18ms
[2.037s][info][gc,phases   ] GC(4)   Other: 0.05ms
[2.037s][info][gc,heap     ] GC(4) Eden regions: 44->0(44)
[2.037s][info][gc,heap     ] GC(4) Survivor regions: 7->7(7)
[2.037s][info][gc,heap     ] GC(4) Old regions: 50->88
[2.037s][info][gc,heap     ] GC(4) Humongous regions: 3->3
[2.037s][info][gc,metaspace] GC(4) Metaspace: 23727K(23872K)->23727K(23872K) NonClass: 23727K(23872K)->23727K(23872K) Class: 0K(0K)->0K(0K)
[2.037s][info][gc          ] GC(4) Pause Young (Normal) (G1 Evacuation Pause) 830M->784M(8192M) 130.687ms
[2.037s][info][gc,cpu      ] GC(4) User=1.00s Sys=0.04s Real=0.13s
[2.430s][info][gc,start    ] GC(5) Pause Young (Normal) (G1 Evacuation Pause)
[2.430s][info][gc,task     ] GC(5) Using 8 workers of 8 for evacuation
[2.512s][info][gc,phases   ] GC(5)   Pre Evacuate Collection Set: 0.21ms
[2.512s][info][gc,phases   ] GC(5)   Merge Heap Roots: 0.06ms
[2.512s][info][gc,phases   ] GC(5)   Evacuate Collection Set: 81.57ms
[2.512s][info][gc,phases   ] GC(5)   Post Evacuate Collection Set: 0.28ms
[2.512s][info][gc,phases   ] GC(5)   Other: 0.06ms
[2.512s][info][gc,heap     ] GC(5) Eden regions: 44->0(44)
[2.512s][info][gc,heap     ] GC(5) Survivor regions: 7->7(7)
[2.512s][info][gc,heap     ] GC(5) Old regions: 88->107
[2.512s][info][gc,heap     ] GC(5) Humongous regions: 3->3
[2.512s][info][gc,metaspace] GC(5) Metaspace: 23794K(23936K)->23794K(23936K) NonClass: 23794K(23936K)->23794K(23936K) Class: 0K(0K)->0K(0K)
[2.512s][info][gc          ] GC(5) Pause Young (Normal) (G1 Evacuation Pause) 1136M->932M(8192M) 82.325ms
[2.512s][info][gc,cpu      ] GC(5) User=0.63s Sys=0.02s Real=0.09s
) OK
     2s: 
     2s: Check whether properties are compliant
     2s: (validation=PASSED) Property settings are COMPLIANT.
     2s: 
     2s: Searching for high-bound for max-jOPS possible for this system
     2s: Searching from base IR = 100
     2s:       rampup IR =      0 [reconfig (term) [2.821s][info][gc,start    ] GC(6) Pause Full (System.gc())
[2.821s][info][gc,task     ] GC(6) Using 8 workers of 8 for full compaction
[2.821s][info][gc,phases,start] GC(6) Phase 1: Mark live objects
[2.834s][info][gc,phases      ] GC(6) Phase 1: Mark live objects 12.165ms
[2.834s][info][gc,phases,start] GC(6) Phase 2: Prepare compaction
[2.840s][info][gc,phases      ] GC(6) Phase 2: Prepare compaction 6.508ms
[2.840s][info][gc,phases,start] GC(6) Phase 3: Adjust pointers
[2.851s][info][gc,phases      ] GC(6) Phase 3: Adjust pointers 10.356ms
[2.851s][info][gc,phases,start] GC(6) Phase 4: Compact heap
[2.860s][info][gc,phases      ] GC(6) Phase 4: Compact heap 9.351ms
[2.860s][info][gc,phases,start] GC(6) Phase 5: Reset Metadata
[2.863s][info][gc,phases      ] GC(6) Phase 5: Reset Metadata 2.645ms
[2.871s][info][gc,heap        ] GC(6) Eden regions: 18->0(51)
[2.871s][info][gc,heap        ] GC(6) Survivor regions: 7->0(7)
[2.871s][info][gc,heap        ] GC(6) Old regions: 107->12
[2.871s][info][gc,heap        ] GC(6) Humongous regions: 3->3
[2.871s][info][gc,metaspace   ] GC(6) Metaspace: 24049K(24128K)->24049K(24128K) NonClass: 24049K(24128K)->24049K(24128K) Class: 0K(0K)->0K(0K)
[2.871s][info][gc             ] GC(6) Pause Full (System.gc()) 1072M->89M(8192M) 49.670ms
[2.871s][info][gc,cpu         ] GC(6) User=0.30s Sys=0.00s Real=0.05s
(init[3.183s][info][gc,start       ] GC(7) Pause Young (Normal) (G1 Evacuation Pause)
[3.183s][info][gc,task        ] GC(7) Using 8 workers of 8 for evacuation
[3.284s][info][gc,phases      ] GC(7)   Pre Evacuate Collection Set: 0.19ms
[3.284s][info][gc,phases      ] GC(7)   Merge Heap Roots: 0.04ms
[3.284s][info][gc,phases      ] GC(7)   Evacuate Collection Set: 100.10ms
[3.284s][info][gc,phases      ] GC(7)   Post Evacuate Collection Set: 1.24ms
[3.284s][info][gc,phases      ] GC(7)   Other: 0.06ms
[3.284s][info][gc,heap        ] GC(7) Eden regions: 51->0(52)
[3.284s][info][gc,heap        ] GC(7) Survivor regions: 0->7(7)
[3.284s][info][gc,heap        ] GC(7) Old regions: 12->45
[3.284s][info][gc,heap        ] GC(7) Humongous regions: 3->3
[3.285s][info][gc,metaspace   ] GC(7) Metaspace: 24054K(24192K)->24054K(24192K) NonClass: 24054K(24192K)->24054K(24192K) Class: 0K(0K)->0K(0K)
[3.285s][info][gc             ] GC(7) Pause Young (Normal) (G1 Evacuation Pause) 497M->409M(9568M) 101.754ms
[3.285s][info][gc,cpu         ] GC(7) User=0.80s Sys=0.00s Real=0.10s
[3.422s][info][gc,start       ] GC(8) Pause Young (Normal) (G1 Evacuation Pause)
[3.422s][info][gc,task        ] GC(8) Using 8 workers of 8 for evacuation
[3.551s][info][gc,phases      ] GC(8)   Pre Evacuate Collection Set: 0.22ms
[3.551s][info][gc,phases      ] GC(8)   Merge Heap Roots: 0.21ms
[3.551s][info][gc,phases      ] GC(8)   Evacuate Collection Set: 128.29ms
[3.551s][info][gc,phases      ] GC(8)   Post Evacuate Collection Set: 0.26ms
[3.551s][info][gc,phases      ] GC(8)   Other: 0.07ms
[3.551s][info][gc,heap        ] GC(8) Eden regions: 52->0(51)
[3.551s][info][gc,heap        ] GC(8) Survivor regions: 7->8(8)
[3.551s][info][gc,heap        ] GC(8) Old regions: 45->87
[3.551s][info][gc,heap        ] GC(8) Humongous regions: 3->3
[3.551s][info][gc,metaspace   ] GC(8) Metaspace: 24070K(24192K)->24070K(24192K) NonClass: 24070K(24192K)->24070K(24192K) Class: 0K(0K)->0K(0K)
[3.551s][info][gc             ] GC(8) Pause Young (Normal) (G1 Evacuation Pause) 825M->753M(9568M) 129.187ms
[3.551s][info][gc,cpu         ] GC(8) User=1.01s Sys=0.02s Real=0.13s
[3.889s][info][gc,start       ] GC(9) Pause Young (Normal) (G1 Evacuation Pause)
[3.889s][info][gc,task        ] GC(9) Using 8 workers of 8 for evacuation
[3.985s][info][gc,phases      ] GC(9)   Pre Evacuate Collection Set: 0.21ms
[3.985s][info][gc,phases      ] GC(9)   Merge Heap Roots: 0.09ms
[3.985s][info][gc,phases      ] GC(9)   Evacuate Collection Set: 94.71ms
[3.985s][info][gc,phases      ] GC(9)   Post Evacuate Collection Set: 0.35ms
[3.985s][info][gc,phases      ] GC(9)   Other: 0.06ms
[3.985s][info][gc,heap        ] GC(9) Eden regions: 51->0(51)
[3.985s][info][gc,heap        ] GC(9) Survivor regions: 8->8(8)
[3.985s][info][gc,heap        ] GC(9) Old regions: 87->111
[3.985s][info][gc,heap        ] GC(9) Humongous regions: 3->3
[3.985s][info][gc,metaspace   ] GC(9) Metaspace: 24071K(24192K)->24071K(24192K) NonClass: 24071K(24192K)->24071K(24192K) Class: 0K(0K)->0K(0K)
[3.985s][info][gc             ] GC(9) Pause Young (Normal) (G1 Evacuation Pause) 1161M->941M(9568M) 95.584ms
[3.985s][info][gc,cpu         ] GC(9) User=0.74s Sys=0.01s Real=0.10s
) ] ... (rIR:aIR:PR = 0:0:0) (tPR = 0) [OK] 
     6s:       rampup IR =     10 ... (rIR:aIR:PR = 10:11:11) (tPR = 857) [OK] 
     9s:       rampup IR =     20 ... (rIR:aIR:PR = 20:21:21) (tPR = 1618) [OK] 
    12s:       rampup IR =     30 .... (rIR:aIR:PR = 30:29:29) (tPR = 2303) [OK] 
    17s:       rampup IR =     40 .... (rIR:aIR:PR = 40:40:40) (tPR = 2865) [OK] 
    21s:       rampup IR =     50 .... (rIR:aIR:PR = 50:53:52) (tPR = 3341) [OK] 
    25s:       rampup IR =     60 .[26.833s][info][gc,start       ] GC(10) Pause Young (Normal) (G1 Evacuation Pause)
[26.833s][info][gc,task        ] GC(10) Using 8 workers of 8 for evacuation
[26.891s][info][gc,phases      ] GC(10)   Pre Evacuate Collection Set: 0.28ms
[26.891s][info][gc,phases      ] GC(10)   Merge Heap Roots: 0.37ms
[26.891s][info][gc,phases      ] GC(10)   Evacuate Collection Set: 57.05ms
[26.891s][info][gc,phases      ] GC(10)   Post Evacuate Collection Set: 0.37ms
[26.891s][info][gc,phases      ] GC(10)   Other: 0.06ms
[26.891s][info][gc,heap        ] GC(10) Eden regions: 51->0(51)
[26.891s][info][gc,heap        ] GC(10) Survivor regions: 8->8(8)
[26.891s][info][gc,heap        ] GC(10) Old regions: 111->119
[26.891s][info][gc,heap        ] GC(10) Humongous regions: 3->3
[26.891s][info][gc,metaspace   ] GC(10) Metaspace: 25975K(26112K)->25975K(26112K) NonClass: 25975K(26112K)->25975K(26112K) Class: 0K(0K)->0K(0K)
[26.891s][info][gc             ] GC(10) Pause Young (Normal) (G1 Evacuation Pause) 1349M->1009M(9568M) 58.250ms
[26.892s][info][gc,cpu         ] GC(10) User=0.45s Sys=0.00s Real=0.06s
... (rIR:aIR:PR = 60:62:60) (tPR = 3824) [OK] 
    29s:       rampup IR =     70 .... (rIR:aIR:PR = 70:72:70) (tPR = 4105) [OK] 
    33s:       rampup IR =     80 .... (rIR:aIR:PR = 80:79:78) (tPR = 4421) [OK] 
    37s:       rampup IR =     90 .... (rIR:aIR:PR = 90:92:90) (tPR = 4532) [OK] 
    41s:       rampup IR =    100 .... (rIR:aIR:PR = 100:103:100) (tPR = 4466) [OK] 
    45s:    snapshot, IR =    100 ....|.[50.401s][info][gc,start       ] GC(11) Pause Young (Normal) (G1 Evacuation Pause)
[50.401s][info][gc,task        ] GC(11) Using 8 workers of 8 for evacuation
[50.441s][info][gc,phases      ] GC(11)   Pre Evacuate Collection Set: 0.28ms
[50.441s][info][gc,phases      ] GC(11)   Merge Heap Roots: 0.18ms
[50.441s][info][gc,phases      ] GC(11)   Evacuate Collection Set: 39.10ms
[50.441s][info][gc,phases      ] GC(11)   Post Evacuate Collection Set: 0.38ms
[50.441s][info][gc,phases      ] GC(11)   Other: 0.05ms
[50.441s][info][gc,heap        ] GC(11) Eden regions: 51->0(55)
[50.441s][info][gc,heap        ] GC(11) Survivor regions: 8->4(8)
[50.441s][info][gc,heap        ] GC(11) Old regions: 119->128
[50.441s][info][gc,heap        ] GC(11) Humongous regions: 3->3
[50.441s][info][gc,metaspace   ] GC(11) Metaspace: 26160K(26304K)->26160K(26304K) NonClass: 26160K(26304K)->26160K(26304K) Class: 0K(0K)->0K(0K)
[50.441s][info][gc             ] GC(11) Pause Young (Normal) (G1 Evacuation Pause) 1417M->1040M(9568M) 40.126ms
[50.441s][info][gc,cpu         ] GC(11) User=0.30s Sys=0.02s Real=0.04s
.....................[72.124s][info][gc,start       ] GC(12) Pause Young (Normal) (G1 Evacuation Pause)
[72.124s][info][gc,task        ] GC(12) Using 8 workers of 8 for evacuation
[72.149s][info][gc,phases      ] GC(12)   Pre Evacuate Collection Set: 0.25ms
[72.149s][info][gc,phases      ] GC(12)   Merge Heap Roots: 0.18ms
[72.149s][info][gc,phases      ] GC(12)   Evacuate Collection Set: 23.91ms
[72.149s][info][gc,phases      ] GC(12)   Post Evacuate Collection Set: 0.28ms
[72.149s][info][gc,phases      ] GC(12)   Other: 0.06ms
[72.149s][info][gc,heap        ] GC(12) Eden regions: 55->0(52)
[72.149s][info][gc,heap        ] GC(12) Survivor regions: 4->7(8)
[72.149s][info][gc,heap        ] GC(12) Old regions: 128->128
[72.149s][info][gc,heap        ] GC(12) Humongous regions: 3->3
[72.149s][info][gc,metaspace   ] GC(12) Metaspace: 28147K(28352K)->28147K(28352K) NonClass: 28147K(28352K)->28147K(28352K) Class: 0K(0K)->0K(0K)
[72.149s][info][gc             ] GC(12) Pause Young (Normal) (G1 Evacuation Pause) 1480M->1062M(9568M) 24.806ms
[72.149s][info][gc,cpu         ] GC(12) User=0.19s Sys=0.00s Real=0.02s
........ (rIR:aIR:PR = 100:100:98) (tPR = 3123) [OK] 
    79s: Performing snapshot: (quiescence.....) (stop TxI) (stop BE) (saving... 103250 Kb) (term) [86.234s][info][gc,start       ] GC(13) Pause Full (System.gc())
[86.234s][info][gc,task        ] GC(13) Using 8 workers of 8 for full compaction
[86.234s][info][gc,phases,start] GC(13) Phase 1: Mark live objects
[86.248s][info][metaspace      ] ChkMgr @0x00007f3804467a90 (non-class-space): : reclaiming memory...
[86.248s][info][metaspace      ] ChkMgr @0x00007f3804467a90 (non-class-space): nothing reclaimed.
[86.248s][info][metaspace      ] ChkMgr @0x00007f38044678d0 (class-space): : reclaiming memory...
[86.248s][info][metaspace      ] ChkMgr @0x00007f38044678d0 (class-space): nothing reclaimed.
[86.249s][info][gc,phases      ] GC(13) Phase 1: Mark live objects 14.192ms
[86.249s][info][gc,phases,start] GC(13) Phase 2: Prepare compaction
[86.252s][info][gc,phases      ] GC(13) Phase 2: Prepare compaction 3.496ms
[86.252s][info][gc,phases,start] GC(13) Phase 3: Adjust pointers
[86.261s][info][gc,phases      ] GC(13) Phase 3: Adjust pointers 8.411ms
[86.261s][info][gc,phases,start] GC(13) Phase 4: Compact heap
[86.264s][info][gc,phases      ] GC(13) Phase 4: Compact heap 3.840ms
[86.264s][info][gc,phases,start] GC(13) Phase 5: Reset Metadata
[86.268s][info][gc,phases      ] GC(13) Phase 5: Reset Metadata 3.672ms
[86.283s][info][gc,heap        ] GC(13) Eden regions: 43->0(51)
[86.283s][info][gc,heap        ] GC(13) Survivor regions: 7->0(8)
[86.283s][info][gc,heap        ] GC(13) Old regions: 128->12
[86.283s][info][gc,heap        ] GC(13) Humongous regions: 77->18
[86.283s][info][gc,metaspace   ] GC(13) Metaspace: 28332K(28480K)->28306K(28480K) NonClass: 28332K(28480K)->28306K(28480K) Class: 0K(0K)->0K(0K)
[86.283s][info][gc             ] GC(13) Pause Full (System.gc()) 1992M->211M(8192M) 49.267ms
[86.283s][info][gc,cpu         ] GC(13) User=0.26s Sys=0.04s Real=0.05s
(init[86.812s][info][gc,start       ] GC(14) Pause Young (Normal) (G1 Evacuation Pause)
[86.812s][info][gc,task        ] GC(14) Using 8 workers of 8 for evacuation
[86.893s][info][gc,phases      ] GC(14)   Pre Evacuate Collection Set: 0.19ms
[86.893s][info][gc,phases      ] GC(14)   Merge Heap Roots: 0.19ms
[86.893s][info][gc,phases      ] GC(14)   Evacuate Collection Set: 79.75ms
[86.893s][info][gc,phases      ] GC(14)   Post Evacuate Collection Set: 0.26ms
[86.893s][info][gc,phases      ] GC(14)   Other: 0.05ms
[86.893s][info][gc,heap        ] GC(14) Eden regions: 51->0(44)
[86.893s][info][gc,heap        ] GC(14) Survivor regions: 0->7(7)
[86.893s][info][gc,heap        ] GC(14) Old regions: 12->20
[86.893s][info][gc,heap        ] GC(14) Humongous regions: 24->24
[86.893s][info][gc,metaspace   ] GC(14) Metaspace: 28379K(28544K)->28379K(28544K) NonClass: 28379K(28544K)->28379K(28544K) Class: 0K(0K)->0K(0K)
[86.893s][info][gc             ] GC(14) Pause Young (Normal) (G1 Evacuation Pause) 667M->377M(8192M) 80.559ms
[86.893s][info][gc,cpu         ] GC(14) User=0.63s Sys=0.00s Real=0.08s
[87.109s][info][gc,start       ] GC(15) Pause Young (Normal) (G1 Evacuation Pause)
[87.109s][info][gc,task        ] GC(15) Using 8 workers of 8 for evacuation
[87.229s][info][gc,phases      ] GC(15)   Pre Evacuate Collection Set: 0.22ms
[87.229s][info][gc,phases      ] GC(15)   Merge Heap Roots: 0.24ms
[87.229s][info][gc,phases      ] GC(15)   Evacuate Collection Set: 118.54ms
[87.229s][info][gc,phases      ] GC(15)   Post Evacuate Collection Set: 0.75ms
[87.229s][info][gc,phases      ] GC(15)   Other: 0.06ms
[87.229s][info][gc,heap        ] GC(15) Eden regions: 44->0(51)
[87.229s][info][gc,heap        ] GC(15) Survivor regions: 7->7(7)
[87.229s][info][gc,heap        ] GC(15) Old regions: 20->43
[87.229s][info][gc,heap        ] GC(15) Humongous regions: 28->28
[87.229s][info][gc,metaspace   ] GC(15) Metaspace: 28384K(28544K)->28384K(28544K) NonClass: 28384K(28544K)->28384K(28544K) Class: 0K(0K)->0K(0K)
[87.229s][info][gc             ] GC(15) Pause Young (Normal) (G1 Evacuation Pause) 761M->591M(9432M) 119.933ms
[87.229s][info][gc,cpu         ] GC(15) User=0.94s Sys=0.00s Real=0.12s
[87.528s][info][gc,start       ] GC(16) Pause Young (Normal) (G1 Evacuation Pause)
[87.528s][info][gc,task        ] GC(16) Using 8 workers of 8 for evacuation
[87.634s][info][gc,phases      ] GC(16)   Pre Evacuate Collection Set: 0.18ms
[87.634s][info][gc,phases      ] GC(16)   Merge Heap Roots: 0.15ms
[87.634s][info][gc,phases      ] GC(16)   Evacuate Collection Set: 105.20ms
[87.634s][info][gc,phases      ] GC(16)   Post Evacuate Collection Set: 0.31ms
[87.634s][info][gc,phases      ] GC(16)   Other: 0.05ms
[87.634s][info][gc,heap        ] GC(16) Eden regions: 51->0(50)
[87.634s][info][gc,heap        ] GC(16) Survivor regions: 7->8(8)
[87.634s][info][gc,heap        ] GC(16) Old regions: 43->61
[87.634s][info][gc,heap        ] GC(16) Humongous regions: 28->28
[87.634s][info][gc,metaspace   ] GC(16) Metaspace: 28400K(28544K)->28400K(28544K) NonClass: 28400K(28544K)->28400K(28544K) Class: 0K(0K)->0K(0K)
[87.634s][info][gc             ] GC(16) Pause Young (Normal) (G1 Evacuation Pause) 999M->747M(9432M) 106.003ms
[87.634s][info][gc,cpu         ] GC(16) User=0.82s Sys=0.01s Real=0.11s
[88.062s][info][gc,start       ] GC(17) Pause Young (Normal) (G1 Evacuation Pause)
[88.062s][info][gc,task        ] GC(17) Using 8 workers of 8 for evacuation
[88.174s][info][gc,phases      ] GC(17)   Pre Evacuate Collection Set: 0.24ms
[88.174s][info][gc,phases      ] GC(17)   Merge Heap Roots: 0.36ms
[88.174s][info][gc,phases      ] GC(17)   Evacuate Collection Set: 110.86ms
[88.174s][info][gc,phases      ] GC(17)   Post Evacuate Collection Set: 0.39ms
[88.174s][info][gc,phases      ] GC(17)   Other: 0.05ms
[88.174s][info][gc,heap        ] GC(17) Eden regions: 50->0(50)
[88.174s][info][gc,heap        ] GC(17) Survivor regions: 8->8(8)
[88.174s][info][gc,heap        ] GC(17) Old regions: 61->90
[88.174s][info][gc,heap        ] GC(17) Humongous regions: 35->35
[88.174s][info][gc,metaspace   ] GC(17) Metaspace: 28408K(28544K)->28408K(28544K) NonClass: 28408K(28544K)->28408K(28544K) Class: 0K(0K)->0K(0K)
[88.174s][info][gc             ] GC(17) Pause Young (Normal) (G1 Evacuation Pause) 1203M->1030M(9432M) 112.041ms
[88.174s][info][gc,cpu         ] GC(17) User=0.87s Sys=0.01s Real=0.11s
[88.230s][info][gc,start       ] GC(18) Pause Young (Normal) (G1 Evacuation Pause)
[88.230s][info][gc,task        ] GC(18) Using 8 workers of 8 for evacuation
[88.363s][info][gc,phases      ] GC(18)   Pre Evacuate Collection Set: 0.20ms
[88.363s][info][gc,phases      ] GC(18)   Merge Heap Roots: 0.18ms
[88.363s][info][gc,phases      ] GC(18)   Evacuate Collection Set: 132.49ms
[88.363s][info][gc,phases      ] GC(18)   Post Evacuate Collection Set: 0.20ms
[88.363s][info][gc,phases      ] GC(18)   Other: 0.05ms
[88.363s][info][gc,heap        ] GC(18) Eden regions: 50->0(50)
[88.363s][info][gc,heap        ] GC(18) Survivor regions: 8->8(8)
[88.363s][info][gc,heap        ] GC(18) Old regions: 90->134
[88.363s][info][gc,heap        ] GC(18) Humongous regions: 35->35
[88.363s][info][gc,metaspace   ] GC(18) Metaspace: 28409K(28544K)->28409K(28544K) NonClass: 28409K(28544K)->28409K(28544K) Class: 0K(0K)->0K(0K)
[88.363s][info][gc             ] GC(18) Pause Young (Normal) (G1 Evacuation Pause) 1430M->1383M(9432M) 133.245ms
[88.363s][info][gc,cpu         ] GC(18) User=1.03s Sys=0.01s Real=0.13s
) ...
    91s:       rampup IR =      0 ... (rIR:aIR:PR = 0:0:0) (tPR = 0) [OK] 
    94s:       rampup IR =     10 ... (rIR:aIR:PR = 10:9:9) (tPR = 125) [OK] 
    97s:       rampup IR =     20 ... (rIR:aIR:PR = 20:18:18) (tPR = 412) [OK] 
   100s:       rampup IR =     30 .... (rIR:aIR:PR = 30:28:28) (tPR = 575) [OK] 
   104s:       rampup IR =     40 .... (rIR:aIR:PR = 40:38:38) (tPR = 947) [OK] 
   108s:       rampup IR =     50 .... (rIR:aIR:PR = 50:52:52) (tPR = 1153) [OK] 
   112s:       rampup IR =     60 .... (rIR:aIR:PR = 60:62:60) (tPR = 1222) [OK] 
   116s:       rampup IR =     70 .... (rIR:aIR:PR = 70:74:72) (tPR = 1503) [OK] 
   120s:       rampup IR =     80 .... (rIR:aIR:PR = 80:85:82) (tPR = 1854) [OK] 
   124s:       rampup IR =     90 .... (rIR:aIR:PR = 90:91:89) (tPR = 1825) [OK] 
   128s:       rampup IR =    100 .... (rIR:aIR:PR = 100:99:97) (tPR = 1841) [OK] 
   132s:       trying IR =    200 .... (rIR:aIR:PR = 200:197:193) (tPR = 3870) [OK] 
   136s:       trying IR =    220 ..[139.055s][info][gc,start       ] GC(19) Pause Young (Normal) (G1 Evacuation Pause)
[139.055s][info][gc,task        ] GC(19) Using 8 workers of 8 for evacuation
[139.096s][info][gc,phases      ] GC(19)   Pre Evacuate Collection Set: 0.28ms
[139.096s][info][gc,phases      ] GC(19)   Merge Heap Roots: 0.46ms
[139.096s][info][gc,phases      ] GC(19)   Evacuate Collection Set: 38.65ms
[139.096s][info][gc,phases      ] GC(19)   Post Evacuate Collection Set: 1.51ms
[139.096s][info][gc,phases      ] GC(19)   Other: 0.06ms
[139.096s][info][gc,heap        ] GC(19) Eden regions: 50->0(61)
[139.096s][info][gc,heap        ] GC(19) Survivor regions: 8->5(8)
[139.096s][info][gc,heap        ] GC(19) Old regions: 134->144
[139.096s][info][gc,heap        ] GC(19) Humongous regions: 35->35
[139.096s][info][gc,metaspace   ] GC(19) Metaspace: 28617K(28736K)->28617K(28736K) NonClass: 28617K(28736K)->28617K(28736K) Class: 0K(0K)->0K(0K)
[139.096s][info][gc             ] GC(19) Pause Young (Normal) (G1 Evacuation Pause) 1783M->1434M(10576M) 41.090ms
[139.096s][info][gc,cpu         ] GC(19) User=0.32s Sys=0.00s Real=0.04s
.. (rIR:aIR:PR = 220:216:213) (tPR = 4560) [OK] 
   140s:       trying IR =    244 .... (rIR:aIR:PR = 244:237:232) (tPR = 4627) [OK] 
   144s:       trying IR =    273 .... (rIR:aIR:PR = 273:276:271) (tPR = 5614) [OK] 
   148s:       trying IR =    307 ...[151.484s][info][gc,start       ] GC(20) Pause Young (Normal) (G1 Evacuation Pause)
[151.484s][info][gc,task        ] GC(20) Using 8 workers of 8 for evacuation
[151.521s][info][gc,phases      ] GC(20)   Pre Evacuate Collection Set: 0.29ms
[151.521s][info][gc,phases      ] GC(20)   Merge Heap Roots: 0.43ms
[151.521s][info][gc,phases      ] GC(20)   Evacuate Collection Set: 35.89ms
[151.521s][info][gc,phases      ] GC(20)   Post Evacuate Collection Set: 0.45ms
[151.521s][info][gc,phases      ] GC(20)   Other: 0.06ms
[151.521s][info][gc,heap        ] GC(20) Eden regions: 61->0(74)
[151.521s][info][gc,heap        ] GC(20) Survivor regions: 5->8(9)
[151.521s][info][gc,heap        ] GC(20) Old regions: 144->144
[151.521s][info][gc,heap        ] GC(20) Humongous regions: 35->35
[151.521s][info][gc,metaspace   ] GC(20) Metaspace: 28704K(28864K)->28704K(28864K) NonClass: 28704K(28864K)->28704K(28864K) Class: 0K(0K)->0K(0K)
[151.521s][info][gc             ] GC(20) Pause Young (Normal) (G1 Evacuation Pause) 1922M->1463M(10576M) 37.254ms
[151.521s][info][gc,cpu         ] GC(20) User=0.27s Sys=0.02s Real=0.04s
. (rIR:aIR:PR = 307:307:302) (tPR = 6038) [OK] 
   152s:       trying IR =    349 ..... (rIR:aIR:PR = 349:352:345) (tPR = 6695) [OK] 
   157s:       trying IR =    399 .[159.331s][info][gc,start       ] GC(21) Pause Young (Normal) (G1 Evacuation Pause)
[159.331s][info][gc,task        ] GC(21) Using 8 workers of 8 for evacuation
[159.373s][info][gc,phases      ] GC(21)   Pre Evacuate Collection Set: 0.28ms
[159.373s][info][gc,phases      ] GC(21)   Merge Heap Roots: 0.44ms
[159.373s][info][gc,phases      ] GC(21)   Evacuate Collection Set: 40.40ms
[159.373s][info][gc,phases      ] GC(21)   Post Evacuate Collection Set: 0.39ms
[159.373s][info][gc,phases      ] GC(21)   Other: 0.06ms
[159.373s][info][gc,heap        ] GC(21) Eden regions: 58->0(182)
[159.373s][info][gc,heap        ] GC(21) Survivor regions: 8->8(9)
[159.373s][info][gc,heap        ] GC(21) Old regions: 144->148
[159.373s][info][gc,heap        ] GC(21) Humongous regions: 35->35
[159.373s][info][gc,metaspace   ] GC(21) Metaspace: 28733K(28864K)->28733K(28864K) NonClass: 28733K(28864K)->28733K(28864K) Class: 0K(0K)->0K(0K)
[159.373s][info][gc             ] GC(21) Pause Young (Normal) (G1 Evacuation Pause) 1927M->1488M(10576M) 41.693ms
[159.373s][info][gc,cpu         ] GC(21) User=0.32s Sys=0.01s Real=0.04s
... (rIR:aIR:PR = 399:397:389) (tPR = 7523) [OK] 
   161s:       trying IR =    458 .... (rIR:aIR:PR = 458:457:448) (tPR = 7763) [OK] 
   165s:       trying IR =    530 .... (rIR:aIR:PR = 530:532:522) (tPR = 9546) [OK] 
   169s:       trying IR =    616 ..... (rIR:aIR:PR = 616:610:597) (tPR = 10827) [OK] 
   174s:       trying IR =    719 ..[176.521s][info][gc,start       ] GC(22) Pause Young (Normal) (G1 Evacuation Pause)
[176.521s][info][gc,task        ] GC(22) Using 8 workers of 8 for evacuation
[176.581s][info][gc,phases      ] GC(22)   Pre Evacuate Collection Set: 0.26ms
[176.581s][info][gc,phases      ] GC(22)   Merge Heap Roots: 0.38ms
[176.581s][info][gc,phases      ] GC(22)   Evacuate Collection Set: 58.91ms
[176.581s][info][gc,phases      ] GC(22)   Post Evacuate Collection Set: 0.58ms
[176.581s][info][gc,phases      ] GC(22)   Other: 0.08ms
[176.581s][info][gc,heap        ] GC(22) Eden regions: 194->0(225)
[176.581s][info][gc,heap        ] GC(22) Survivor regions: 8->17(26)
[176.581s][info][gc,heap        ] GC(22) Old regions: 148->148
[176.581s][info][gc,heap        ] GC(22) Humongous regions: 35->35
[176.581s][info][gc,metaspace   ] GC(22) Metaspace: 28809K(28928K)->28809K(28928K) NonClass: 28809K(28928K)->28809K(28928K) Class: 0K(0K)->0K(0K)
[176.581s][info][gc             ] GC(22) Pause Young (Normal) (G1 Evacuation Pause) 3040M->1564M(10576M) 60.347ms
[176.581s][info][gc,cpu         ] GC(22) User=0.46s Sys=0.02s Real=0.06s
... (rIR:aIR:PR = 719:714:698) (tPR = 12402) [OK] 
   179s:       trying IR =    843 .... (rIR:aIR:PR = 843:864:844) (tPR = 14165) [OK] 
   183s:       trying IR =    992 .... (rIR:aIR:PR = 992:997:976) (tPR = 17149) [OK] 
   187s:       trying IR =   1170 .[188.568s][info][gc,start       ] GC(23) Pause Young (Normal) (G1 Evacuation Pause)
[188.568s][info][gc,task        ] GC(23) Using 8 workers of 8 for evacuation
[188.655s][info][gc,phases      ] GC(23)   Pre Evacuate Collection Set: 0.29ms
[188.655s][info][gc,phases      ] GC(23)   Merge Heap Roots: 0.39ms
[188.655s][info][gc,phases      ] GC(23)   Evacuate Collection Set: 85.75ms
[188.655s][info][gc,phases      ] GC(23)   Post Evacuate Collection Set: 0.62ms
[188.655s][info][gc,phases      ] GC(23)   Other: 0.07ms
[188.655s][info][gc,heap        ] GC(23) Eden regions: 229->0(215)
[188.655s][info][gc,heap        ] GC(23) Survivor regions: 17->24(31)
[188.655s][info][gc,heap        ] GC(23) Old regions: 148->150
[188.655s][info][gc,heap        ] GC(23) Humongous regions: 35->35
[188.655s][info][gc,metaspace   ] GC(23) Metaspace: 28866K(29056K)->28866K(29056K) NonClass: 28866K(29056K)->28866K(29056K) Class: 0K(0K)->0K(0K)
[188.655s][info][gc             ] GC(23) Pause Young (Normal) (G1 Evacuation Pause) 3396M->1639M(10576M) 87.243ms
[188.656s][info][gc,cpu         ] GC(23) User=0.66s Sys=0.02s Real=0.09s
... (rIR:aIR:PR = 1170:1169:1147) (tPR = 18136) [OK] 
   191s:       trying IR =   1384 .... (rIR:aIR:PR = 1384:1384:1368) (tPR = 23377) [OK] 
   195s:       trying IR =   1641 .[196.791s][info][gc,start       ] GC(24) Pause Young (Normal) (G1 Evacuation Pause)
[196.791s][info][gc,task        ] GC(24) Using 8 workers of 8 for evacuation
[196.888s][info][gc,phases      ] GC(24)   Pre Evacuate Collection Set: 0.29ms
[196.888s][info][gc,phases      ] GC(24)   Merge Heap Roots: 0.32ms
[196.888s][info][gc,phases      ] GC(24)   Evacuate Collection Set: 96.06ms
[196.888s][info][gc,phases      ] GC(24)   Post Evacuate Collection Set: 0.59ms
[196.888s][info][gc,phases      ] GC(24)   Other: 0.06ms
[196.888s][info][gc,heap        ] GC(24) Eden regions: 234->0(238)
[196.888s][info][gc,heap        ] GC(24) Survivor regions: 24->23(33)
[196.888s][info][gc,heap        ] GC(24) Old regions: 150->160
[196.888s][info][gc,heap        ] GC(24) Humongous regions: 35->35
[196.888s][info][gc,metaspace   ] GC(24) Metaspace: 29002K(29184K)->29002K(29184K) NonClass: 29002K(29184K)->29002K(29184K) Class: 0K(0K)->0K(0K)
[196.888s][info][gc             ] GC(24) Pause Young (Normal) (G1 Evacuation Pause) 3511M->1708M(10576M) 97.448ms
[196.888s][info][gc,cpu         ] GC(24) User=0.75s Sys=0.02s Real=0.09s
... (rIR:aIR:PR = 1641:1634:1633) (tPR = 27978) [OK] 
   199s:       trying IR =   1949 .... (rIR:aIR:PR = 1949:1962:1962) (tPR = 33211) [OK] 
   203s:       trying IR =   2319 [203.657s][info][gc,start       ] GC(25) Pause Young (Normal) (G1 Evacuation Pause)
[203.657s][info][gc,task        ] GC(25) Using 8 workers of 8 for evacuation
[203.756s][info][gc,phases      ] GC(25)   Pre Evacuate Collection Set: 0.26ms
[203.756s][info][gc,phases      ] GC(25)   Merge Heap Roots: 0.28ms
[203.756s][info][gc,phases      ] GC(25)   Evacuate Collection Set: 97.05ms
[203.756s][info][gc,phases      ] GC(25)   Post Evacuate Collection Set: 0.61ms
[203.756s][info][gc,phases      ] GC(25)   Other: 0.07ms
[203.756s][info][gc,heap        ] GC(25) Eden regions: 261->0(300)
[203.756s][info][gc,heap        ] GC(25) Survivor regions: 23->26(36)
[203.756s][info][gc,heap        ] GC(25) Old regions: 160->168
[203.756s][info][gc,heap        ] GC(25) Humongous regions: 35->35
[203.756s][info][gc,metaspace   ] GC(25) Metaspace: 29023K(29184K)->29023K(29184K) NonClass: 29023K(29184K)->29023K(29184K) Class: 0K(0K)->0K(0K)
[203.756s][info][gc             ] GC(25) Pause Young (Normal) (G1 Evacuation Pause) 3796M->1797M(10576M) 98.403ms
[203.756s][info][gc,cpu         ] GC(25) User=0.76s Sys=0.02s Real=0.10s
.... (rIR:aIR:PR = 2319:2313:2313) (tPR = 38727) [OK] 
   207s:       trying IR =   2762 ..[210.264s][info][gc,start       ] GC(26) Pause Young (Normal) (G1 Evacuation Pause)
[210.264s][info][gc,task        ] GC(26) Using 8 workers of 8 for evacuation
[210.374s][info][gc,phases      ] GC(26)   Pre Evacuate Collection Set: 0.30ms
[210.374s][info][gc,phases      ] GC(26)   Merge Heap Roots: 0.34ms
[210.374s][info][gc,phases      ] GC(26)   Evacuate Collection Set: 108.07ms
[210.374s][info][gc,phases      ] GC(26)   Post Evacuate Collection Set: 0.71ms
[210.374s][info][gc,phases      ] GC(26)   Other: 0.07ms
[210.374s][info][gc,heap        ] GC(26) Eden regions: 314->0(347)
[210.374s][info][gc,heap        ] GC(26) Survivor regions: 26->29(43)
[210.374s][info][gc,heap        ] GC(26) Old regions: 168->177
[210.374s][info][gc,heap        ] GC(26) Humongous regions: 35->35
[210.374s][info][gc,metaspace   ] GC(26) Metaspace: 29142K(29312K)->29142K(29312K) NonClass: 29142K(29312K)->29142K(29312K) Class: 0K(0K)->0K(0K)
[210.374s][info][gc             ] GC(26) Pause Young (Normal) (G1 Evacuation Pause) 4309M->1892M(10576M) 109.607ms
[210.374s][info][gc,cpu         ] GC(26) User=0.83s Sys=0.03s Real=0.11s
.. (rIR:aIR:PR = 2762:2744:2744) (tPR = 42976) [OK] 
   211s:       trying IR =   3295 .... (rIR:aIR:PR = 3295:3279:3279) (tPR = 48991) [OK] 
   215s:       trying IR =   3934 .[216.901s][info][gc,start       ] GC(27) Pause Young (Normal) (G1 Evacuation Pause)
[216.901s][info][gc,task        ] GC(27) Using 8 workers of 8 for evacuation
[217.029s][info][gc,phases      ] GC(27)   Pre Evacuate Collection Set: 0.31ms
[217.029s][info][gc,phases      ] GC(27)   Merge Heap Roots: 0.32ms
[217.029s][info][gc,phases      ] GC(27)   Evacuate Collection Set: 126.10ms
[217.029s][info][gc,phases      ] GC(27)   Post Evacuate Collection Set: 0.93ms
[217.029s][info][gc,phases      ] GC(27)   Other: 0.07ms
[217.029s][info][gc,heap        ] GC(27) Eden regions: 356->0(372)
[217.029s][info][gc,heap        ] GC(27) Survivor regions: 29->33(49)
[217.029s][info][gc,heap        ] GC(27) Old regions: 177->184
[217.029s][info][gc,heap        ] GC(27) Humongous regions: 35->35
[217.029s][info][gc,metaspace   ] GC(27) Metaspace: 29528K(29696K)->29528K(29696K) NonClass: 29528K(29696K)->29528K(29696K) Class: 0K(0K)->0K(0K)
[217.029s][info][gc             ] GC(27) Pause Young (Normal) (G1 Evacuation Pause) 4740M->1983M(10576M) 127.864ms
[217.029s][info][gc,cpu         ] GC(27) User=0.95s Sys=0.05s Real=0.12s
... (rIR:aIR:PR = 3934:3959:3959) (tPR = 60003) [OK] 
   219s:       trying IR =   4701 ..[222.174s][info][gc,start       ] GC(28) Pause Young (Normal) (G1 Evacuation Pause)
[222.174s][info][gc,task        ] GC(28) Using 8 workers of 8 for evacuation
[222.303s][info][gc,phases      ] GC(28)   Pre Evacuate Collection Set: 0.28ms
[222.303s][info][gc,phases      ] GC(28)   Merge Heap Roots: 0.40ms
[222.303s][info][gc,phases      ] GC(28)   Evacuate Collection Set: 127.18ms
[222.303s][info][gc,phases      ] GC(28)   Post Evacuate Collection Set: 0.86ms
[222.303s][info][gc,phases      ] GC(28)   Other: 0.06ms
[222.303s][info][gc,heap        ] GC(28) Eden regions: 364->0(384)
[222.303s][info][gc,heap        ] GC(28) Survivor regions: 33->36(50)
[222.303s][info][gc,heap        ] GC(28) Old regions: 184->193
[222.303s][info][gc,heap        ] GC(28) Humongous regions: 35->35
[222.303s][info][gc,metaspace   ] GC(28) Metaspace: 29560K(29760K)->29560K(29760K) NonClass: 29560K(29760K)->29560K(29760K) Class: 0K(0K)->0K(0K)
[222.303s][info][gc             ] GC(28) Pause Young (Normal) (G1 Evacuation Pause) 4895M->2074M(10576M) 128.908ms
[222.303s][info][gc,cpu         ] GC(28) User=0.99s Sys=0.03s Real=0.13s
.. (rIR:aIR:PR = 4701:4740:4740) (tPR = 71896) [OK] 
   223s:       trying IR =   5621 ...[226.827s][info][gc,start       ] GC(29) Pause Young (Normal) (G1 Evacuation Pause)
[226.827s][info][gc,task        ] GC(29) Using 8 workers of 8 for evacuation
[226.962s][info][gc,phases      ] GC(29)   Pre Evacuate Collection Set: 0.25ms
[226.962s][info][gc,phases      ] GC(29)   Merge Heap Roots: 0.37ms
[226.962s][info][gc,phases      ] GC(29)   Evacuate Collection Set: 132.69ms
[226.962s][info][gc,phases      ] GC(29)   Post Evacuate Collection Set: 0.86ms
[226.962s][info][gc,phases      ] GC(29)   Other: 0.07ms
[226.962s][info][gc,heap        ] GC(29) Eden regions: 381->0(397)
[226.962s][info][gc,heap        ] GC(29) Survivor regions: 36->35(53)
[226.962s][info][gc,heap        ] GC(29) Old regions: 193->203
[226.962s][info][gc,heap        ] GC(29) Humongous regions: 35->35
[226.962s][info][gc,metaspace   ] GC(29) Metaspace: 29587K(29760K)->29587K(29760K) NonClass: 29587K(29760K)->29587K(29760K) Class: 0K(0K)->0K(0K)
[226.962s][info][gc             ] GC(29) Pause Young (Normal) (G1 Evacuation Pause) 5122M->2148M(10576M) 134.378ms
[226.962s][info][gc,cpu         ] GC(29) User=1.02s Sys=0.04s Real=0.14s
. (rIR:aIR:PR = 5621:5641:5641) (tPR = 86149) [OK] 
   227s:       trying IR =   6725 ...[230.780s][info][gc,start       ] GC(30) Pause Young (Normal) (G1 Evacuation Pause)
[230.780s][info][gc,task        ] GC(30) Using 8 workers of 8 for evacuation
[230.917s][info][gc,phases      ] GC(30)   Pre Evacuate Collection Set: 0.27ms
[230.917s][info][gc,phases      ] GC(30)   Merge Heap Roots: 0.38ms
[230.917s][info][gc,phases      ] GC(30)   Evacuate Collection Set: 134.77ms
[230.917s][info][gc,phases      ] GC(30)   Post Evacuate Collection Set: 0.89ms
[230.917s][info][gc,phases      ] GC(30)   Other: 0.06ms
[230.917s][info][gc,heap        ] GC(30) Eden regions: 396->0(428)
[230.917s][info][gc,heap        ] GC(30) Survivor regions: 35->36(54)
[230.917s][info][gc,heap        ] GC(30) Old regions: 203->211
[230.917s][info][gc,heap        ] GC(30) Humongous regions: 35->35
[230.917s][info][gc,metaspace   ] GC(30) Metaspace: 29604K(29760K)->29604K(29760K) NonClass: 29604K(29760K)->29604K(29760K) Class: 0K(0K)->0K(0K)
[230.917s][info][gc             ] GC(30) Pause Young (Normal) (G1 Evacuation Pause) 5316M->2226M(10576M) 136.510ms
[230.917s][info][gc,cpu         ] GC(30) User=1.05s Sys=0.03s Real=0.13s
. (rIR:aIR:PR = 6725:6761:6761) (tPR = 103687) [OK] 
   231s:       trying IR =   8050 ..[234.446s][info][gc,start       ] GC(31) Pause Young (Normal) (G1 Evacuation Pause)
[234.446s][info][gc,task        ] GC(31) Using 8 workers of 8 for evacuation
[234.585s][info][gc,phases      ] GC(31)   Pre Evacuate Collection Set: 0.26ms
[234.585s][info][gc,phases      ] GC(31)   Merge Heap Roots: 0.43ms
[234.585s][info][gc,phases      ] GC(31)   Evacuate Collection Set: 137.50ms
[234.585s][info][gc,phases      ] GC(31)   Post Evacuate Collection Set: 0.86ms
[234.585s][info][gc,phases      ] GC(31)   Other: 0.07ms
[234.585s][info][gc,heap        ] GC(31) Eden regions: 427->0(468)
[234.585s][info][gc,heap        ] GC(31) Survivor regions: 36->36(58)
[234.585s][info][gc,heap        ] GC(31) Old regions: 211->220
[234.585s][info][gc,heap        ] GC(31) Humongous regions: 35->35
[234.585s][info][gc,metaspace   ] GC(31) Metaspace: 29612K(29760K)->29612K(29760K) NonClass: 29612K(29760K)->29612K(29760K) Class: 0K(0K)->0K(0K)
[234.585s][info][gc             ] GC(31) Pause Young (Normal) (G1 Evacuation Pause) 5642M->2289M(10576M) 139.324ms
[234.585s][info][gc,cpu         ] GC(31) User=1.04s Sys=0.06s Real=0.14s
.... (rIR:aIR:PR = 8050:8131:8131) (tPR = 118817) [OK] 
   237s:       trying IR =   9640 [238.184s][info][gc,start       ] GC(32) Pause Young (Normal) (G1 Evacuation Pause)
[238.184s][info][gc,task        ] GC(32) Using 8 workers of 8 for evacuation
[238.333s][info][gc,phases      ] GC(32)   Pre Evacuate Collection Set: 0.27ms
[238.333s][info][gc,phases      ] GC(32)   Merge Heap Roots: 0.39ms
[238.333s][info][gc,phases      ] GC(32)   Evacuate Collection Set: 146.99ms
[238.333s][info][gc,phases      ] GC(32)   Post Evacuate Collection Set: 0.98ms
[238.333s][info][gc,phases      ] GC(32)   Other: 0.08ms
[238.333s][info][gc,heap        ] GC(32) Eden regions: 467->0(550)
[238.333s][info][gc,heap        ] GC(32) Survivor regions: 36->40(63)
[238.333s][info][gc,heap        ] GC(32) Old regions: 220->227
[238.333s][info][gc,heap        ] GC(32) Humongous regions: 35->35
[238.333s][info][gc,metaspace   ] GC(32) Metaspace: 29620K(29760K)->29620K(29760K) NonClass: 29620K(29760K)->29620K(29760K) Class: 0K(0K)->0K(0K)
[238.333s][info][gc             ] GC(32) Pause Young (Normal) (G1 Evacuation Pause) 6025M->2383M(10576M) 148.853ms
[238.333s][info][gc,cpu         ] GC(32) User=1.12s Sys=0.06s Real=0.15s
....[241.951s][info][gc,start       ] GC(33) Pause Young (Normal) (G1 Evacuation Pause)
[241.951s][info][gc,task        ] GC(33) Using 8 workers of 8 for evacuation
[242.111s][info][gc,phases      ] GC(33)   Pre Evacuate Collection Set: 0.30ms
[242.111s][info][gc,phases      ] GC(33)   Merge Heap Roots: 0.42ms
[242.111s][info][gc,phases      ] GC(33)   Evacuate Collection Set: 157.98ms
[242.111s][info][gc,phases      ] GC(33)   Post Evacuate Collection Set: 1.00ms
[242.111s][info][gc,phases      ] GC(33)   Other: 0.07ms
[242.111s][info][gc,heap        ] GC(33) Eden regions: 543->0(496)
[242.111s][info][gc,heap        ] GC(33) Survivor regions: 40->42(73)
[242.111s][info][gc,heap        ] GC(33) Old regions: 227->235
[242.111s][info][gc,heap        ] GC(33) Humongous regions: 35->35
[242.111s][info][gc,metaspace   ] GC(33) Metaspace: 29648K(29824K)->29648K(29824K) NonClass: 29648K(29824K)->29648K(29824K) Class: 0K(0K)->0K(0K)
[242.111s][info][gc             ] GC(33) Pause Young (Normal) (G1 Evacuation Pause) 6727M->2460M(10576M) 159.914ms
[242.111s][info][gc,cpu         ] GC(33) User=1.19s Sys=0.08s Real=0.16s
. (rIR:aIR:PR = 9640:9682:9637) (tPR = 144298) [OK] 
   242s:       trying IR =  11548 ..[244.919s][info][gc,start       ] GC(34) Pause Young (Normal) (G1 Evacuation Pause)
[244.919s][info][gc,task        ] GC(34) Using 8 workers of 8 for evacuation
[245.063s][info][gc,phases      ] GC(34)   Pre Evacuate Collection Set: 0.27ms
[245.063s][info][gc,phases      ] GC(34)   Merge Heap Roots: 0.47ms
[245.063s][info][gc,phases      ] GC(34)   Evacuate Collection Set: 141.41ms
[245.063s][info][gc,phases      ] GC(34)   Post Evacuate Collection Set: 0.94ms
[245.063s][info][gc,phases      ] GC(34)   Other: 0.06ms
[245.063s][info][gc,heap        ] GC(34) Eden regions: 494->0(523)
[245.063s][info][gc,heap        ] GC(34) Survivor regions: 42->42(67)
[245.063s][info][gc,heap        ] GC(34) Old regions: 235->242
[245.063s][info][gc,heap        ] GC(34) Humongous regions: 35->35
[245.063s][info][gc,metaspace   ] GC(34) Metaspace: 29655K(29824K)->29655K(29824K) NonClass: 29655K(29824K)->29655K(29824K) Class: 0K(0K)->0K(0K)
[245.063s][info][gc             ] GC(34) Pause Young (Normal) (G1 Evacuation Pause) 6412M->2514M(10576M) 143.286ms
[245.063s][info][gc,cpu         ] GC(34) User=1.12s Sys=0.01s Real=0.15s
.. (rIR:aIR:PR = 11548:11435:11342) (tPR = 167085) [OK] 
   246s:       trying IR =  13837 .[247.796s][info][gc,start       ] GC(35) Pause Young (Normal) (G1 Evacuation Pause)
[247.796s][info][gc,task        ] GC(35) Using 8 workers of 8 for evacuation
[247.947s][info][gc,phases      ] GC(35)   Pre Evacuate Collection Set: 0.29ms
[247.947s][info][gc,phases      ] GC(35)   Merge Heap Roots: 0.41ms
[247.947s][info][gc,phases      ] GC(35)   Evacuate Collection Set: 149.31ms
[247.947s][info][gc,phases      ] GC(35)   Post Evacuate Collection Set: 1.02ms
[247.947s][info][gc,phases      ] GC(35)   Other: 0.06ms
[247.947s][info][gc,heap        ] GC(35) Eden regions: 519->0(586)
[247.947s][info][gc,heap        ] GC(35) Survivor regions: 42->42(71)
[247.947s][info][gc,heap        ] GC(35) Old regions: 242->250
[247.947s][info][gc,heap        ] GC(35) Humongous regions: 35->35
[247.947s][info][gc,metaspace   ] GC(35) Metaspace: 29656K(29824K)->29656K(29824K) NonClass: 29656K(29824K)->29656K(29824K) Class: 0K(0K)->0K(0K)
[247.947s][info][gc             ] GC(35) Pause Young (Normal) (G1 Evacuation Pause) 6666M->2586M(10576M) 151.220ms
[247.947s][info][gc,cpu         ] GC(35) User=1.19s Sys=0.01s Real=0.15s
...[250.985s][info][gc,start       ] GC(36) Pause Young (Normal) (G1 Evacuation Pause)
[250.985s][info][gc,task        ] GC(36) Using 8 workers of 8 for evacuation
[251.157s][info][gc,phases      ] GC(36)   Pre Evacuate Collection Set: 0.26ms
[251.157s][info][gc,phases      ] GC(36)   Merge Heap Roots: 0.42ms
[251.157s][info][gc,phases      ] GC(36)   Evacuate Collection Set: 170.61ms
[251.157s][info][gc,phases      ] GC(36)   Post Evacuate Collection Set: 1.05ms
[251.157s][info][gc,phases      ] GC(36)   Other: 0.07ms
[251.157s][info][gc,heap        ] GC(36) Eden regions: 581->0(583)
[251.157s][info][gc,heap        ] GC(36) Survivor regions: 42->46(78)
[251.157s][info][gc,heap        ] GC(36) Old regions: 250->257
[251.157s][info][gc,heap        ] GC(36) Humongous regions: 35->35
[251.157s][info][gc,metaspace   ] GC(36) Metaspace: 29657K(29824K)->29657K(29824K) NonClass: 29657K(29824K)->29657K(29824K) Class: 0K(0K)->0K(0K)
[251.157s][info][gc             ] GC(36) Pause Young (Normal) (G1 Evacuation Pause) 7234M->2673M(10576M) 172.537ms
[251.157s][info][gc,cpu         ] GC(36) User=1.30s Sys=0.06s Real=0.17s
...[254.115s][info][gc,start       ] GC(37) Pause Young (Normal) (G1 Evacuation Pause)
[254.115s][info][gc,task        ] GC(37) Using 8 workers of 8 for evacuation
[254.273s][info][gc,phases      ] GC(37)   Pre Evacuate Collection Set: 0.26ms
[254.273s][info][gc,phases      ] GC(37)   Merge Heap Roots: 0.41ms
[254.273s][info][gc,phases      ] GC(37)   Evacuate Collection Set: 156.08ms
[254.273s][info][gc,phases      ] GC(37)   Post Evacuate Collection Set: 1.06ms
[254.273s][info][gc,phases      ] GC(37)   Other: 0.07ms
[254.273s][info][gc,heap        ] GC(37) Eden regions: 581->0(563)
[254.273s][info][gc,heap        ] GC(37) Survivor regions: 46->46(79)
[254.273s][info][gc,heap        ] GC(37) Old regions: 257->264
[254.273s][info][gc,heap        ] GC(37) Humongous regions: 35->35
[254.273s][info][gc,metaspace   ] GC(37) Metaspace: 29657K(29824K)->29657K(29824K) NonClass: 29657K(29824K)->29657K(29824K) Class: 0K(0K)->0K(0K)
[254.273s][info][gc             ] GC(37) Pause Young (Normal) (G1 Evacuation Pause) 7321M->2724M(10576M) 158.013ms
[254.273s][info][gc,cpu         ] GC(37) User=1.24s Sys=0.01s Real=0.16s
...[257.265s][info][gc,start       ] GC(38) Pause Young (Normal) (G1 Evacuation Pause)
[257.266s][info][gc,task        ] GC(38) Using 8 workers of 8 for evacuation
[257.430s][info][gc,phases      ] GC(38)   Pre Evacuate Collection Set: 0.27ms
[257.430s][info][gc,phases      ] GC(38)   Merge Heap Roots: 0.41ms
[257.430s][info][gc,phases      ] GC(38)   Evacuate Collection Set: 162.49ms
[257.430s][info][gc,phases      ] GC(38)   Post Evacuate Collection Set: 1.05ms
[257.430s][info][gc,phases      ] GC(38)   Other: 0.06ms
[257.430s][info][gc,heap        ] GC(38) Eden regions: 563->0(591)
[257.430s][info][gc,heap        ] GC(38) Survivor regions: 46->46(77)
[257.430s][info][gc,heap        ] GC(38) Old regions: 264->271
[257.430s][info][gc,heap        ] GC(38) Humongous regions: 35->35
[257.430s][info][gc,metaspace   ] GC(38) Metaspace: 29658K(29824K)->29658K(29824K) NonClass: 29658K(29824K)->29658K(29824K) Class: 0K(0K)->0K(0K)
[257.430s][info][gc             ] GC(38) Pause Young (Normal) (G1 Evacuation Pause) 7228M->2787M(10576M) 164.425ms
[257.430s][info][gc,cpu         ] GC(38) User=1.29s Sys=0.02s Real=0.17s
...[260.385s][info][gc,start       ] GC(39) Pause Young (Normal) (G1 Evacuation Pause)
[260.385s][info][gc,task        ] GC(39) Using 8 workers of 8 for evacuation
[260.539s][info][gc,phases      ] GC(39)   Pre Evacuate Collection Set: 0.25ms
[260.539s][info][gc,phases      ] GC(39)   Merge Heap Roots: 0.43ms
[260.539s][info][gc,phases      ] GC(39)   Evacuate Collection Set: 151.96ms
[260.539s][info][gc,phases      ] GC(39)   Post Evacuate Collection Set: 1.00ms
[260.539s][info][gc,phases      ] GC(39)   Other: 0.07ms
[260.539s][info][gc,heap        ] GC(39) Eden regions: 588->0(646)
[260.539s][info][gc,heap        ] GC(39) Survivor regions: 46->44(80)
[260.539s][info][gc,heap        ] GC(39) Old regions: 271->278
[260.539s][info][gc,heap        ] GC(39) Humongous regions: 35->35
[260.539s][info][gc,metaspace   ] GC(39) Metaspace: 29666K(29888K)->29666K(29888K) NonClass: 29666K(29888K)->29666K(29888K) Class: 0K(0K)->0K(0K)
[260.539s][info][gc             ] GC(39) Pause Young (Normal) (G1 Evacuation Pause) 7491M->2823M(10576M) 153.826ms
[260.539s][info][gc,cpu         ] GC(39) User=1.21s Sys=0.01s Real=0.15s
....[263.871s][info][gc,start       ] GC(40) Pause Young (Normal) (G1 Evacuation Pause)
[263.871s][info][gc,task        ] GC(40) Using 8 workers of 8 for evacuation
[264.050s][info][gc,phases      ] GC(40)   Pre Evacuate Collection Set: 0.24ms
[264.050s][info][gc,phases      ] GC(40)   Merge Heap Roots: 0.47ms
[264.050s][info][gc,phases      ] GC(40)   Evacuate Collection Set: 176.73ms
[264.050s][info][gc,phases      ] GC(40)   Post Evacuate Collection Set: 1.13ms
[264.050s][info][gc,phases      ] GC(40)   Other: 0.07ms
[264.050s][info][gc,heap        ] GC(40) Eden regions: 643->0(611)
[264.050s][info][gc,heap        ] GC(40) Survivor regions: 44->53(86)
[264.050s][info][gc,heap        ] GC(40) Old regions: 278->278
[264.050s][info][gc,heap        ] GC(40) Humongous regions: 35->35
[264.050s][info][gc,metaspace   ] GC(40) Metaspace: 29669K(29888K)->29669K(29888K) NonClass: 29669K(29888K)->29669K(29888K) Class: 0K(0K)->0K(0K)
[264.050s][info][gc             ] GC(40) Pause Young (Normal) (G1 Evacuation Pause) 7967M->2895M(10576M) 178.766ms
[264.050s][info][gc,cpu         ] GC(40) User=1.35s Sys=0.07s Real=0.18s
...[267.126s][info][gc,start       ] GC(41) Pause Young (Normal) (G1 Evacuation Pause)
[267.126s][info][gc,task        ] GC(41) Using 8 workers of 8 for evacuation
[267.290s][info][gc,phases      ] GC(41)   Pre Evacuate Collection Set: 0.27ms
[267.290s][info][gc,phases      ] GC(41)   Merge Heap Roots: 0.44ms
[267.290s][info][gc,phases      ] GC(41)   Evacuate Collection Set: 161.95ms
[267.290s][info][gc,phases      ] GC(41)   Post Evacuate Collection Set: 1.04ms
[267.290s][info][gc,phases      ] GC(41)   Other: 0.06ms
[267.290s][info][gc,heap        ] GC(41) Eden regions: 599->0(663)
[267.290s][info][gc,heap        ] GC(41) Survivor regions: 53->46(82)
[267.290s][info][gc,heap        ] GC(41) Old regions: 278->288
[267.290s][info][gc,heap        ] GC(41) Humongous regions: 35->35
[267.290s][info][gc,metaspace   ] GC(41) Metaspace: 29675K(29888K)->29675K(29888K) NonClass: 29675K(29888K)->29675K(29888K) Class: 0K(0K)->0K(0K)
[267.290s][info][gc             ] GC(41) Pause Young (Normal) (G1 Evacuation Pause) 7687M->2915M(10576M) 163.880ms
[267.290s][info][gc,cpu         ] GC(41) User=1.28s Sys=0.02s Real=0.17s
....[270.706s][info][gc,start       ] GC(42) Pause Young (Normal) (G1 Evacuation Pause)
[270.706s][info][gc,task        ] GC(42) Using 8 workers of 8 for evacuation
[270.866s][info][gc,phases      ] GC(42)   Pre Evacuate Collection Set: 0.26ms
[270.866s][info][gc,phases      ] GC(42)   Merge Heap Roots: 0.45ms
[270.866s][info][gc,phases      ] GC(42)   Evacuate Collection Set: 158.30ms
[270.867s][info][gc,phases      ] GC(42)   Post Evacuate Collection Set: 1.12ms
[270.867s][info][gc,phases      ] GC(42)   Other: 0.07ms
[270.867s][info][gc,heap        ] GC(42) Eden regions: 662->0(597)
[270.867s][info][gc,heap        ] GC(42) Survivor regions: 46->51(89)
[270.867s][info][gc,heap        ] GC(42) Old regions: 288->288
[270.867s][info][gc,heap        ] GC(42) Humongous regions: 35->35
[270.867s][info][gc,metaspace   ] GC(42) Metaspace: 29675K(29888K)->29675K(29888K) NonClass: 29675K(29888K)->29675K(29888K) Class: 0K(0K)->0K(0K)
[270.867s][info][gc             ] GC(42) Pause Young (Normal) (G1 Evacuation Pause) 8211M->2955M(10576M) 160.339ms
[270.867s][info][gc,cpu         ] GC(42) User=1.25s Sys=0.02s Real=0.16s
...[273.792s][info][gc,start       ] GC(43) Pause Young (Normal) (G1 Evacuation Pause)
[273.792s][info][gc,task        ] GC(43) Using 8 workers of 8 for evacuation
[273.959s][info][gc,phases      ] GC(43)   Pre Evacuate Collection Set: 0.25ms
[273.959s][info][gc,phases      ] GC(43)   Merge Heap Roots: 0.45ms
[273.959s][info][gc,phases      ] GC(43)   Evacuate Collection Set: 164.59ms
[273.959s][info][gc,phases      ] GC(43)   Post Evacuate Collection Set: 1.01ms
[273.959s][info][gc,phases      ] GC(43)   Other: 0.08ms
[273.959s][info][gc,heap        ] GC(43) Eden regions: 592->0(729)
[273.959s][info][gc,heap        ] GC(43) Survivor regions: 51->46(81)
[273.959s][info][gc,heap        ] GC(43) Old regions: 288->297
[273.959s][info][gc,heap        ] GC(43) Humongous regions: 35->35
[273.959s][info][gc,metaspace   ] GC(43) Metaspace: 29679K(29888K)->29679K(29888K) NonClass: 29679K(29888K)->29679K(29888K) Class: 0K(0K)->0K(0K)
[273.959s][info][gc             ] GC(43) Pause Young (Normal) (G1 Evacuation Pause) 7691M->2989M(10576M) 166.508ms
[273.959s][info][gc,cpu         ] GC(43) User=1.30s Sys=0.02s Real=0.16s
... (rIR:aIR:PR = 13837:13562:12868) (tPR = 193207) [PR is under limit] 
   276s: Re-initializing (term) [276.791s][info][gc,start       ] GC(44) Pause Full (System.gc())
[276.791s][info][gc,task        ] GC(44) Using 8 workers of 8 for full compaction
[276.791s][info][gc,phases,start] GC(44) Phase 1: Mark live objects
[276.805s][info][gc,phases      ] GC(44) Phase 1: Mark live objects 14.201ms
[276.805s][info][gc,phases,start] GC(44) Phase 2: Prepare compaction
[276.812s][info][gc,phases      ] GC(44) Phase 2: Prepare compaction 6.409ms
[276.812s][info][gc,phases,start] GC(44) Phase 3: Adjust pointers
[276.824s][info][gc,phases      ] GC(44) Phase 3: Adjust pointers 12.219ms
[276.824s][info][gc,phases,start] GC(44) Phase 4: Compact heap
[276.830s][info][gc,phases      ] GC(44) Phase 4: Compact heap 6.314ms
[276.830s][info][gc,phases,start] GC(44) Phase 5: Reset Metadata
[276.834s][info][gc,phases      ] GC(44) Phase 5: Reset Metadata 3.741ms
[276.856s][info][gc,heap        ] GC(44) Eden regions: 545->0(614)
[276.856s][info][gc,heap        ] GC(44) Survivor regions: 46->0(81)
[276.856s][info][gc,heap        ] GC(44) Old regions: 297->12
[276.856s][info][gc,heap        ] GC(44) Humongous regions: 35->18
[276.856s][info][gc,metaspace   ] GC(44) Metaspace: 29682K(29888K)->29682K(29888K) NonClass: 29682K(29888K)->29682K(29888K) Class: 0K(0K)->0K(0K)
[276.856s][info][gc             ] GC(44) Pause Full (System.gc()) 7341M->212M(8192M) 65.093ms
[276.856s][info][gc,cpu         ] GC(44) User=0.34s Sys=0.08s Real=0.06s
(init) ... OK
   281s: Searching from base IR = 11548
   281s:       rampup IR =      0 ... (rIR:aIR:PR = 0:0:0) (tPR = 0) [OK] 
   284s:       rampup IR =   1155 ..... (rIR:aIR:PR = 1155:1142:1116) (tPR = 23005) [OK] 
   289s:       rampup IR =   2310 .... (rIR:aIR:PR = 2310:2318:2267) (tPR = 41118) [OK] 
   293s:       rampup IR =   3464 .[294.467s][info][gc,start       ] GC(45) Pause Young (Normal) (G1 Evacuation Pause)
[294.467s][info][gc,task        ] GC(45) Using 8 workers of 8 for evacuation
[294.935s][info][gc,mmu         ] GC(45) MMU target violated: 201.0ms (200.0ms/201.0ms)
[294.935s][info][gc,phases      ] GC(45)   Pre Evacuate Collection Set: 0.26ms
[294.935s][info][gc,phases      ] GC(45)   Merge Heap Roots: 0.46ms
[294.935s][info][gc,phases      ] GC(45)   Evacuate Collection Set: 466.48ms
[294.935s][info][gc,phases      ] GC(45)   Post Evacuate Collection Set: 1.16ms
[294.935s][info][gc,phases      ] GC(45)   Other: 0.10ms
[294.935s][info][gc,heap        ] GC(45) Eden regions: 614->0(454)
[294.935s][info][gc,heap        ] GC(45) Survivor regions: 0->77(77)
[294.935s][info][gc,heap        ] GC(45) Old regions: 12->49
[294.935s][info][gc,heap        ] GC(45) Humongous regions: 35->34
[294.935s][info][gc,metaspace   ] GC(45) Metaspace: 29699K(29888K)->29699K(29888K) NonClass: 29699K(29888K)->29699K(29888K) Class: 0K(0K)->0K(0K)
[294.935s][info][gc             ] GC(45) Pause Young (Normal) (G1 Evacuation Pause) 5260M->1252M(8192M) 468.572ms
[294.935s][info][gc,cpu         ] GC(45) User=3.61s Sys=0.11s Real=0.47s
.... (rIR:aIR:PR = 3464:3436:3362) (tPR = 60386) [OK] 
   298s:       rampup IR =   4619 .[300.177s][info][gc,start       ] GC(46) Pause Young (Normal) (G1 Evacuation Pause)
[300.177s][info][gc,task        ] GC(46) Using 8 workers of 8 for evacuation
[300.470s][info][gc,mmu         ] GC(46) MMU target violated: 201.0ms (200.0ms/201.0ms)
[300.470s][info][gc,phases      ] GC(46)   Pre Evacuate Collection Set: 0.25ms
[300.470s][info][gc,phases      ] GC(46)   Merge Heap Roots: 0.36ms
[300.470s][info][gc,phases      ] GC(46)   Evacuate Collection Set: 291.67ms
[300.470s][info][gc,phases      ] GC(46)   Post Evacuate Collection Set: 0.82ms
[300.470s][info][gc,phases      ] GC(46)   Other: 0.12ms
[300.470s][info][gc,heap        ] GC(46) Eden regions: 464->0(386)
[300.470s][info][gc,heap        ] GC(46) Survivor regions: 77->24(68)
[300.470s][info][gc,heap        ] GC(46) Old regions: 49->119
[300.470s][info][gc,heap        ] GC(46) Humongous regions: 34->34
[300.470s][info][gc,metaspace   ] GC(46) Metaspace: 29699K(29888K)->29699K(29888K) NonClass: 29699K(29888K)->29699K(29888K) Class: 0K(0K)->0K(0K)
[300.470s][info][gc             ] GC(46) Pause Young (Normal) (G1 Evacuation Pause) 4964M->1388M(8192M) 293.323ms
[300.470s][info][gc,cpu         ] GC(46) User=2.33s Sys=0.00s Real=0.30s
.... (rIR:aIR:PR = 4619:4588:4544) (tPR = 76649) [OK] 
   303s:       rampup IR =   5774 [304.210s][info][gc,start       ] GC(47) Pause Young (Normal) (G1 Evacuation Pause)
[304.210s][info][gc,task        ] GC(47) Using 8 workers of 8 for evacuation
[304.320s][info][gc,phases      ] GC(47)   Pre Evacuate Collection Set: 0.27ms
[304.320s][info][gc,phases      ] GC(47)   Merge Heap Roots: 0.33ms
[304.320s][info][gc,phases      ] GC(47)   Evacuate Collection Set: 108.66ms
[304.320s][info][gc,phases      ] GC(47)   Post Evacuate Collection Set: 0.77ms
[304.320s][info][gc,phases      ] GC(47)   Other: 0.06ms
[304.320s][info][gc,heap        ] GC(47) Eden regions: 399->0(284)
[304.320s][info][gc,heap        ] GC(47) Survivor regions: 24->37(53)
[304.320s][info][gc,heap        ] GC(47) Old regions: 119->119
[304.320s][info][gc,heap        ] GC(47) Humongous regions: 34->34
[304.320s][info][gc,metaspace   ] GC(47) Metaspace: 29703K(29888K)->29703K(29888K) NonClass: 29703K(29888K)->29703K(29888K) Class: 0K(0K)->0K(0K)
[304.320s][info][gc             ] GC(47) Pause Young (Normal) (G1 Evacuation Pause) 4580M->1492M(8192M) 110.214ms
[304.321s][info][gc,cpu         ] GC(47) User=0.87s Sys=0.00s Real=0.11s
...[307.417s][info][gc,start       ] GC(48) Pause Young (Normal) (G1 Evacuation Pause)
[307.417s][info][gc,task        ] GC(48) Using 8 workers of 8 for evacuation
[307.545s][info][gc,phases      ] GC(48)   Pre Evacuate Collection Set: 0.27ms
[307.545s][info][gc,phases      ] GC(48)   Merge Heap Roots: 0.33ms
[307.545s][info][gc,phases      ] GC(48)   Evacuate Collection Set: 126.56ms
[307.545s][info][gc,phases      ] GC(48)   Post Evacuate Collection Set: 0.80ms
[307.545s][info][gc,phases      ] GC(48)   Other: 0.06ms
[307.546s][info][gc,heap        ] GC(48) Eden regions: 329->0(383)
[307.546s][info][gc,heap        ] GC(48) Survivor regions: 37->34(46)
[307.546s][info][gc,heap        ] GC(48) Old regions: 119->133
[307.546s][info][gc,heap        ] GC(48) Humongous regions: 34->34
[307.546s][info][gc,metaspace   ] GC(48) Metaspace: 29706K(29888K)->29706K(29888K) NonClass: 29706K(29888K)->29706K(29888K) Class: 0K(0K)->0K(0K)
[307.546s][info][gc             ] GC(48) Pause Young (Normal) (G1 Evacuation Pause) 4124M->1575M(8192M) 128.162ms
[307.546s][info][gc,cpu         ] GC(48) User=1.01s Sys=0.00s Real=0.13s
. (rIR:aIR:PR = 5774:5571:5574) (tPR = 88223) [OK] 
   307s:       rampup IR =   6929 ...[311.026s][info][gc,start       ] GC(49) Pause Young (Normal) (G1 Evacuation Pause)
[311.026s][info][gc,task        ] GC(49) Using 8 workers of 8 for evacuation
[311.156s][info][gc,phases      ] GC(49)   Pre Evacuate Collection Set: 0.26ms
[311.156s][info][gc,phases      ] GC(49)   Merge Heap Roots: 0.33ms
[311.156s][info][gc,phases      ] GC(49)   Evacuate Collection Set: 128.31ms
[311.156s][info][gc,phases      ] GC(49)   Post Evacuate Collection Set: 0.90ms
[311.156s][info][gc,phases      ] GC(49)   Other: 0.07ms
[311.156s][info][gc,heap        ] GC(49) Eden regions: 390->0(408)
[311.156s][info][gc,heap        ] GC(49) Survivor regions: 34->36(53)
[311.156s][info][gc,heap        ] GC(49) Old regions: 133->144
[311.156s][info][gc,heap        ] GC(49) Humongous regions: 34->34
[311.156s][info][gc,metaspace   ] GC(49) Metaspace: 29707K(29888K)->29707K(29888K) NonClass: 29707K(29888K)->29707K(29888K) Class: 0K(0K)->0K(0K)
[311.156s][info][gc             ] GC(49) Pause Young (Normal) (G1 Evacuation Pause) 4695M->1677M(8192M) 130.007ms
[311.156s][info][gc,cpu         ] GC(49) User=1.03s Sys=0.00s Real=0.13s
. (rIR:aIR:PR = 6929:6911:6912) (tPR = 105047) [OK] 
   311s:       rampup IR =   8084 ..[314.467s][info][gc,start       ] GC(50) Pause Young (Normal) (G1 Evacuation Pause)
[314.467s][info][gc,task        ] GC(50) Using 8 workers of 8 for evacuation
[314.602s][info][gc,phases      ] GC(50)   Pre Evacuate Collection Set: 0.25ms
[314.602s][info][gc,phases      ] GC(50)   Merge Heap Roots: 0.49ms
[314.602s][info][gc,phases      ] GC(50)   Evacuate Collection Set: 133.26ms
[314.602s][info][gc,phases      ] GC(50)   Post Evacuate Collection Set: 0.98ms
[314.602s][info][gc,phases      ] GC(50)   Other: 0.06ms
[314.602s][info][gc,heap        ] GC(50) Eden regions: 404->0(442)
[314.602s][info][gc,heap        ] GC(50) Survivor regions: 36->38(55)
[314.602s][info][gc,heap        ] GC(50) Old regions: 144->152
[314.602s][info][gc,heap        ] GC(50) Humongous regions: 34->34
[314.602s][info][gc,metaspace   ] GC(50) Metaspace: 29710K(29888K)->29710K(29888K) NonClass: 29710K(29888K)->29710K(29888K) Class: 0K(0K)->0K(0K)
[314.602s][info][gc             ] GC(50) Pause Young (Normal) (G1 Evacuation Pause) 4909M->1764M(8192M) 135.166ms
[314.602s][info][gc,cpu         ] GC(50) User=1.07s Sys=0.00s Real=0.14s
.... (rIR:aIR:PR = 8084:8107:8107) (tPR = 123118) [OK] 
   317s:       rampup IR =   9238 [317.958s][info][gc,start       ] GC(51) Pause Young (Normal) (G1 Evacuation Pause)
[317.958s][info][gc,task        ] GC(51) Using 8 workers of 8 for evacuation
[318.093s][info][gc,phases      ] GC(51)   Pre Evacuate Collection Set: 0.24ms
[318.093s][info][gc,phases      ] GC(51)   Merge Heap Roots: 0.38ms
[318.093s][info][gc,phases      ] GC(51)   Evacuate Collection Set: 132.96ms
[318.093s][info][gc,phases      ] GC(51)   Post Evacuate Collection Set: 0.94ms
[318.093s][info][gc,phases      ] GC(51)   Other: 0.06ms
[318.093s][info][gc,heap        ] GC(51) Eden regions: 444->0(492)
[318.093s][info][gc,heap        ] GC(51) Survivor regions: 38->38(61)
[318.093s][info][gc,heap        ] GC(51) Old regions: 152->161
[318.093s][info][gc,heap        ] GC(51) Humongous regions: 34->34
[318.093s][info][gc,metaspace   ] GC(51) Metaspace: 29710K(29888K)->29710K(29888K) NonClass: 29710K(29888K)->29710K(29888K) Class: 0K(0K)->0K(0K)
[318.093s][info][gc             ] GC(51) Pause Young (Normal) (G1 Evacuation Pause) 5316M->1836M(8192M) 134.726ms
[318.093s][info][gc,cpu         ] GC(51) User=1.07s Sys=0.00s Real=0.14s
...[321.455s][info][gc,start       ] GC(52) Pause Young (Normal) (G1 Evacuation Pause)
[321.455s][info][gc,task        ] GC(52) Using 8 workers of 8 for evacuation
[321.594s][info][gc,phases      ] GC(52)   Pre Evacuate Collection Set: 0.26ms
[321.594s][info][gc,phases      ] GC(52)   Merge Heap Roots: 0.41ms
[321.594s][info][gc,phases      ] GC(52)   Evacuate Collection Set: 137.91ms
[321.594s][info][gc,phases      ] GC(52)   Post Evacuate Collection Set: 0.98ms
[321.594s][info][gc,phases      ] GC(52)   Other: 0.06ms
[321.594s][info][gc,heap        ] GC(52) Eden regions: 491->0(524)
[321.594s][info][gc,heap        ] GC(52) Survivor regions: 38->40(67)
[321.594s][info][gc,heap        ] GC(52) Old regions: 161->169
[321.594s][info][gc,heap        ] GC(52) Humongous regions: 34->34
[321.594s][info][gc,metaspace   ] GC(52) Metaspace: 29713K(29888K)->29713K(29888K) NonClass: 29713K(29888K)->29713K(29888K) Class: 0K(0K)->0K(0K)
[321.594s][info][gc             ] GC(52) Pause Young (Normal) (G1 Evacuation Pause) 5764M->1914M(8192M) 139.758ms
[321.594s][info][gc,cpu         ] GC(52) User=1.11s Sys=0.00s Real=0.14s
.. (rIR:aIR:PR = 9238:9343:9331) (tPR = 137649) [OK] 
   322s:       rampup IR =  10393 ..[325.026s][info][gc,start       ] GC(53) Pause Young (Normal) (G1 Evacuation Pause)
[325.027s][info][gc,task        ] GC(53) Using 8 workers of 8 for evacuation
[325.177s][info][gc,phases      ] GC(53)   Pre Evacuate Collection Set: 0.25ms
[325.177s][info][gc,phases      ] GC(53)   Merge Heap Roots: 0.40ms
[325.177s][info][gc,phases      ] GC(53)   Evacuate Collection Set: 148.98ms
[325.177s][info][gc,phases      ] GC(53)   Post Evacuate Collection Set: 1.04ms
[325.177s][info][gc,phases      ] GC(53)   Other: 0.06ms
[325.177s][info][gc,heap        ] GC(53) Eden regions: 524->0(522)
[325.177s][info][gc,heap        ] GC(53) Survivor regions: 40->43(71)
[325.177s][info][gc,heap        ] GC(53) Old regions: 169->177
[325.177s][info][gc,heap        ] GC(53) Humongous regions: 34->34
[325.177s][info][gc,metaspace   ] GC(53) Metaspace: 29714K(29888K)->29714K(29888K) NonClass: 29714K(29888K)->29714K(29888K) Class: 0K(0K)->0K(0K)
[325.177s][info][gc             ] GC(53) Pause Young (Normal) (G1 Evacuation Pause) 6106M->1993M(8192M) 150.867ms
[325.177s][info][gc,cpu         ] GC(53) User=1.19s Sys=0.00s Real=0.15s
.. (rIR:aIR:PR = 10393:10315:10315) (tPR = 158294) [OK] 
   326s:       rampup IR =  11548 .[328.178s][info][gc,start       ] GC(54) Pause Young (Normal) (G1 Evacuation Pause)
[328.178s][info][gc,task        ] GC(54) Using 8 workers of 8 for evacuation
[328.328s][info][gc,phases      ] GC(54)   Pre Evacuate Collection Set: 0.24ms
[328.328s][info][gc,phases      ] GC(54)   Merge Heap Roots: 0.43ms
[328.328s][info][gc,phases      ] GC(54)   Evacuate Collection Set: 148.47ms
[328.328s][info][gc,phases      ] GC(54)   Post Evacuate Collection Set: 1.04ms
[328.328s][info][gc,phases      ] GC(54)   Other: 0.06ms
[328.328s][info][gc,heap        ] GC(54) Eden regions: 521->0(559)
[328.328s][info][gc,heap        ] GC(54) Survivor regions: 43->43(71)
[328.328s][info][gc,heap        ] GC(54) Old regions: 177->185
[328.328s][info][gc,heap        ] GC(54) Humongous regions: 34->34
[328.328s][info][gc,metaspace   ] GC(54) Metaspace: 29714K(29888K)->29714K(29888K) NonClass: 29714K(29888K)->29714K(29888K) Class: 0K(0K)->0K(0K)
[328.328s][info][gc             ] GC(54) Pause Young (Normal) (G1 Evacuation Pause) 6161M->2061M(8192M) 150.383ms
[328.328s][info][gc,cpu         ] GC(54) User=1.19s Sys=0.00s Real=0.15s
... (rIR:aIR:PR = 11548:11505:11585) (tPR = 169088) [OK] 
   330s:    snapshot, IR =  11548 [331.468s][info][gc,start       ] GC(55) Pause Young (Normal) (G1 Evacuation Pause)
[331.468s][info][gc,task        ] GC(55) Using 8 workers of 8 for evacuation
[331.613s][info][gc,phases      ] GC(55)   Pre Evacuate Collection Set: 0.25ms
[331.613s][info][gc,phases      ] GC(55)   Merge Heap Roots: 0.45ms
[331.613s][info][gc,phases      ] GC(55)   Evacuate Collection Set: 143.18ms
[331.613s][info][gc,phases      ] GC(55)   Post Evacuate Collection Set: 1.07ms
[331.613s][info][gc,phases      ] GC(55)   Other: 0.06ms
[331.613s][info][gc,heap        ] GC(55) Eden regions: 556->0(571)
[331.613s][info][gc,heap        ] GC(55) Survivor regions: 43->43(75)
[331.613s][info][gc,heap        ] GC(55) Old regions: 185->192
[331.613s][info][gc,heap        ] GC(55) Humongous regions: 34->34
[331.613s][info][gc,metaspace   ] GC(55) Metaspace: 29718K(29888K)->29718K(29888K) NonClass: 29718K(29888K)->29718K(29888K) Class: 0K(0K)->0K(0K)
[331.613s][info][gc             ] GC(55) Pause Young (Normal) (G1 Evacuation Pause) 6509M->2119M(8192M) 145.149ms
[331.613s][info][gc,cpu         ] GC(55) User=1.15s Sys=0.01s Real=0.15s
....[334.926s][info][gc,start       ] GC(56) Pause Young (Normal) (G1 Evacuation Pause)
[334.926s][info][gc,task        ] GC(56) Using 8 workers of 8 for evacuation
[335.082s][info][gc,phases      ] GC(56)   Pre Evacuate Collection Set: 0.27ms
[335.082s][info][gc,phases      ] GC(56)   Merge Heap Roots: 0.47ms
[335.082s][info][gc,phases      ] GC(56)   Evacuate Collection Set: 154.59ms
[335.082s][info][gc,phases      ] GC(56)   Post Evacuate Collection Set: 1.06ms
[335.082s][info][gc,phases      ] GC(56)   Other: 0.06ms
[335.082s][info][gc,heap        ] GC(56) Eden regions: 571->0(569)
[335.082s][info][gc,heap        ] GC(56) Survivor regions: 43->45(77)
[335.082s][info][gc,heap        ] GC(56) Old regions: 192->199
[335.082s][info][gc,heap        ] GC(56) Humongous regions: 34->34
[335.082s][info][gc,metaspace   ] GC(56) Metaspace: 29718K(29888K)->29718K(29888K) NonClass: 29718K(29888K)->29718K(29888K) Class: 0K(0K)->0K(0K)
[335.082s][info][gc             ] GC(56) Pause Young (Normal) (G1 Evacuation Pause) 6687M->2196M(8192M) 156.594ms
[335.082s][info][gc,cpu         ] GC(56) User=1.25s Sys=0.00s Real=0.16s
.|..[338.303s][info][gc,start       ] GC(57) Pause Young (Normal) (G1 Evacuation Pause)
[338.303s][info][gc,task        ] GC(57) Using 8 workers of 8 for evacuation
[338.459s][info][gc,phases      ] GC(57)   Pre Evacuate Collection Set: 0.24ms
[338.459s][info][gc,phases      ] GC(57)   Merge Heap Roots: 0.47ms
[338.459s][info][gc,phases      ] GC(57)   Evacuate Collection Set: 153.30ms
[338.459s][info][gc,phases      ] GC(57)   Post Evacuate Collection Set: 1.01ms
[338.459s][info][gc,phases      ] GC(57)   Other: 0.06ms
[338.459s][info][gc,heap        ] GC(57) Eden regions: 569->0(570)
[338.459s][info][gc,heap        ] GC(57) Survivor regions: 45->44(77)
[338.459s][info][gc,heap        ] GC(57) Old regions: 199->207
[338.459s][info][gc,heap        ] GC(57) Humongous regions: 34->34
[338.459s][info][gc,metaspace   ] GC(57) Metaspace: 29718K(29888K)->29718K(29888K) NonClass: 29718K(29888K)->29718K(29888K) Class: 0K(0K)->0K(0K)
[338.459s][info][gc             ] GC(57) Pause Young (Normal) (G1 Evacuation Pause) 6748M->2246M(8192M) 155.205ms
[338.459s][info][gc,cpu         ] GC(57) User=1.23s Sys=0.00s Real=0.15s
...[341.624s][info][gc,start       ] GC(58) Pause Young (Normal) (G1 Evacuation Pause)
[341.624s][info][gc,task        ] GC(58) Using 8 workers of 8 for evacuation
[341.775s][info][gc,phases      ] GC(58)   Pre Evacuate Collection Set: 0.25ms
[341.775s][info][gc,phases      ] GC(58)   Merge Heap Roots: 0.50ms
[341.775s][info][gc,phases      ] GC(58)   Evacuate Collection Set: 148.96ms
[341.775s][info][gc,phases      ] GC(58)   Post Evacuate Collection Set: 1.05ms
[341.775s][info][gc,phases      ] GC(58)   Other: 0.06ms
[341.775s][info][gc,heap        ] GC(58) Eden regions: 570->0(571)
[341.775s][info][gc,heap        ] GC(58) Survivor regions: 44->43(77)
[341.775s][info][gc,heap        ] GC(58) Old regions: 207->214
[341.775s][info][gc,heap        ] GC(58) Humongous regions: 34->34
[341.775s][info][gc,metaspace   ] GC(58) Metaspace: 29718K(29888K)->29718K(29888K) NonClass: 29718K(29888K)->29718K(29888K) Class: 0K(0K)->0K(0K)
[341.775s][info][gc             ] GC(58) Pause Young (Normal) (G1 Evacuation Pause) 6806M->2296M(8192M) 150.951ms
[341.775s][info][gc,cpu         ] GC(58) User=1.19s Sys=0.00s Real=0.15s
....[345.018s][info][gc,start       ] GC(59) Pause Young (Normal) (G1 Evacuation Pause)
[345.018s][info][gc,task        ] GC(59) Using 8 workers of 8 for evacuation
[345.167s][info][gc,phases      ] GC(59)   Pre Evacuate Collection Set: 0.25ms
[345.167s][info][gc,phases      ] GC(59)   Merge Heap Roots: 0.45ms
[345.167s][info][gc,phases      ] GC(59)   Evacuate Collection Set: 147.62ms
[345.167s][info][gc,phases      ] GC(59)   Post Evacuate Collection Set: 1.01ms
[345.167s][info][gc,phases      ] GC(59)   Other: 0.06ms
[345.167s][info][gc,heap        ] GC(59) Eden regions: 571->0(571)
[345.167s][info][gc,heap        ] GC(59) Survivor regions: 43->43(77)
[345.167s][info][gc,heap        ] GC(59) Old regions: 214->221
[345.167s][info][gc,heap        ] GC(59) Humongous regions: 34->34
[345.167s][info][gc,metaspace   ] GC(59) Metaspace: 29718K(29888K)->29718K(29888K) NonClass: 29718K(29888K)->29718K(29888K) Class: 0K(0K)->0K(0K)
[345.167s][info][gc             ] GC(59) Pause Young (Normal) (G1 Evacuation Pause) 6864M->2354M(8192M) 149.513ms
[345.167s][info][gc,cpu         ] GC(59) User=1.18s Sys=0.00s Real=0.15s
...[348.470s][info][gc,start       ] GC(60) Pause Young (Normal) (G1 Evacuation Pause)
[348.470s][info][gc,task        ] GC(60) Using 8 workers of 8 for evacuation
[348.622s][info][gc,phases      ] GC(60)   Pre Evacuate Collection Set: 0.25ms
[348.622s][info][gc,phases      ] GC(60)   Merge Heap Roots: 0.46ms
[348.622s][info][gc,phases      ] GC(60)   Evacuate Collection Set: 149.51ms
[348.622s][info][gc,phases      ] GC(60)   Post Evacuate Collection Set: 1.01ms
[348.622s][info][gc,phases      ] GC(60)   Other: 0.06ms
[348.622s][info][gc,heap        ] GC(60) Eden regions: 571->0(569)
[348.622s][info][gc,heap        ] GC(60) Survivor regions: 43->45(77)
[348.622s][info][gc,heap        ] GC(60) Old regions: 221->228
[348.622s][info][gc,heap        ] GC(60) Humongous regions: 34->34
[348.622s][info][gc,metaspace   ] GC(60) Metaspace: 29719K(29888K)->29719K(29888K) NonClass: 29719K(29888K)->29719K(29888K) Class: 0K(0K)->0K(0K)
[348.622s][info][gc             ] GC(60) Pause Young (Normal) (G1 Evacuation Pause) 6922M->2424M(8192M) 151.446ms
[348.622s][info][gc,cpu         ] GC(60) User=1.20s Sys=0.00s Real=0.15s
....[351.976s][info][gc,start       ] GC(61) Pause Young (Normal) (G1 Evacuation Pause)
[351.976s][info][gc,task        ] GC(61) Using 8 workers of 8 for evacuation
[352.133s][info][gc,phases      ] GC(61)   Pre Evacuate Collection Set: 0.27ms
[352.133s][info][gc,phases      ] GC(61)   Merge Heap Roots: 0.48ms
[352.133s][info][gc,phases      ] GC(61)   Evacuate Collection Set: 154.64ms
[352.133s][info][gc,phases      ] GC(61)   Post Evacuate Collection Set: 1.04ms
[352.133s][info][gc,phases      ] GC(61)   Other: 0.07ms
[352.133s][info][gc,heap        ] GC(61) Eden regions: 569->0(568)
[352.133s][info][gc,heap        ] GC(61) Survivor regions: 45->46(77)
[352.133s][info][gc,heap        ] GC(61) Old regions: 228->236
[352.133s][info][gc,heap        ] GC(61) Humongous regions: 34->34
[352.133s][info][gc,metaspace   ] GC(61) Metaspace: 29719K(29888K)->29719K(29888K) NonClass: 29719K(29888K)->29719K(29888K) Class: 0K(0K)->0K(0K)
[352.133s][info][gc             ] GC(61) Pause Young (Normal) (G1 Evacuation Pause) 6976M->2489M(8192M) 156.634ms
[352.133s][info][gc,cpu         ] GC(61) User=1.24s Sys=0.00s Real=0.16s
...[355.293s][info][gc,start       ] GC(62) Pause Young (Normal) (G1 Evacuation Pause)
[355.293s][info][gc,task        ] GC(62) Using 8 workers of 8 for evacuation
[355.441s][info][gc,phases      ] GC(62)   Pre Evacuate Collection Set: 0.25ms
[355.441s][info][gc,phases      ] GC(62)   Merge Heap Roots: 0.45ms
[355.441s][info][gc,phases      ] GC(62)   Evacuate Collection Set: 146.33ms
[355.441s][info][gc,phases      ] GC(62)   Post Evacuate Collection Set: 1.07ms
[355.441s][info][gc,phases      ] GC(62)   Other: 0.06ms
[355.441s][info][gc,heap        ] GC(62) Eden regions: 568->0(571)
[355.441s][info][gc,heap        ] GC(62) Survivor regions: 46->43(77)
[355.441s][info][gc,heap        ] GC(62) Old regions: 236->243
[355.441s][info][gc,heap        ] GC(62) Humongous regions: 34->34
[355.441s][info][gc,metaspace   ] GC(62) Metaspace: 29725K(29888K)->29725K(29888K) NonClass: 29725K(29888K)->29725K(29888K) Class: 0K(0K)->0K(0K)
[355.441s][info][gc             ] GC(62) Pause Young (Normal) (G1 Evacuation Pause) 7033M->2521M(8192M) 148.310ms
[355.441s][info][gc,cpu         ] GC(62) User=1.17s Sys=0.00s Real=0.15s
...[358.694s][info][gc,start       ] GC(63) Pause Young (Normal) (G1 Evacuation Pause)
[358.694s][info][gc,task        ] GC(63) Using 8 workers of 8 for evacuation
[358.843s][info][gc,phases      ] GC(63)   Pre Evacuate Collection Set: 0.27ms
[358.843s][info][gc,phases      ] GC(63)   Merge Heap Roots: 0.52ms
[358.843s][info][gc,phases      ] GC(63)   Evacuate Collection Set: 146.56ms
[358.843s][info][gc,phases      ] GC(63)   Post Evacuate Collection Set: 1.04ms
[358.843s][info][gc,phases      ] GC(63)   Other: 0.06ms
[358.843s][info][gc,heap        ] GC(63) Eden regions: 571->0(570)
[358.843s][info][gc,heap        ] GC(63) Survivor regions: 43->44(77)
[358.843s][info][gc,heap        ] GC(63) Old regions: 243->249
[358.843s][info][gc,heap        ] GC(63) Humongous regions: 34->34
[358.843s][info][gc,metaspace   ] GC(63) Metaspace: 29726K(29888K)->29726K(29888K) NonClass: 29726K(29888K)->29726K(29888K) Class: 0K(0K)->0K(0K)
[358.843s][info][gc             ] GC(63) Pause Young (Normal) (G1 Evacuation Pause) 7089M->2582M(8192M) 148.584ms
[358.843s][info][gc,cpu         ] GC(63) User=1.17s Sys=0.00s Real=0.15s
....[362.176s][info][gc,start       ] GC(64) Pause Young (Normal) (G1 Evacuation Pause)
[362.176s][info][gc,task        ] GC(64) Using 8 workers of 8 for evacuation
[362.330s][info][gc,phases      ] GC(64)   Pre Evacuate Collection Set: 0.24ms
[362.330s][info][gc,phases      ] GC(64)   Merge Heap Roots: 0.46ms
[362.330s][info][gc,phases      ] GC(64)   Evacuate Collection Set: 152.49ms
[362.330s][info][gc,phases      ] GC(64)   Post Evacuate Collection Set: 1.00ms
[362.330s][info][gc,phases      ] GC(64)   Other: 0.07ms
[362.330s][info][gc,heap        ] GC(64) Eden regions: 570->0(569)
[362.330s][info][gc,heap        ] GC(64) Survivor regions: 44->45(77)
[362.330s][info][gc,heap        ] GC(64) Old regions: 249->256
[362.330s][info][gc,heap        ] GC(64) Humongous regions: 34->34
[362.330s][info][gc,metaspace   ] GC(64) Metaspace: 29726K(29888K)->29726K(29888K) NonClass: 29726K(29888K)->29726K(29888K) Class: 0K(0K)->0K(0K)
[362.330s][info][gc             ] GC(64) Pause Young (Normal) (G1 Evacuation Pause) 7142M->2646M(8192M) 154.394ms
[362.330s][info][gc,cpu         ] GC(64) User=1.23s Sys=0.00s Real=0.16s
...[365.504s][info][gc,start       ] GC(65) Pause Young (Normal) (G1 Evacuation Pause)
[365.504s][info][gc,task        ] GC(65) Using 8 workers of 8 for evacuation
[365.654s][info][gc,phases      ] GC(65)   Pre Evacuate Collection Set: 0.26ms
[365.654s][info][gc,phases      ] GC(65)   Merge Heap Roots: 0.47ms
[365.654s][info][gc,phases      ] GC(65)   Evacuate Collection Set: 147.93ms
[365.654s][info][gc,phases      ] GC(65)   Post Evacuate Collection Set: 1.01ms
[365.654s][info][gc,phases      ] GC(65)   Other: 0.06ms
[365.654s][info][gc,heap        ] GC(65) Eden regions: 569->0(571)
[365.654s][info][gc,heap        ] GC(65) Survivor regions: 45->43(77)
[365.654s][info][gc,heap        ] GC(65) Old regions: 256->263
[365.654s][info][gc,heap        ] GC(65) Humongous regions: 34->34
[365.654s][info][gc,metaspace   ] GC(65) Metaspace: 29726K(29888K)->29726K(29888K) NonClass: 29726K(29888K)->29726K(29888K) Class: 0K(0K)->0K(0K)
[365.654s][info][gc             ] GC(65) Pause Young (Normal) (G1 Evacuation Pause) 7198M->2692M(8192M) 149.867ms
[365.654s][info][gc,cpu         ] GC(65) User=1.18s Sys=0.00s Real=0.15s
. (rIR:aIR:PR = 11548:11556:11516) (tPR = 169493) [OK] 
   365s: Performing snapshot: (quiescence.....) (stop TxI) (stop BE) (saving... 230021 Kb) (term) [376.129s][info][gc,start       ] GC(66) Pause Full (System.gc())
[376.129s][info][gc,task        ] GC(66) Using 8 workers of 8 for full compaction
[376.129s][info][gc,phases,start] GC(66) Phase 1: Mark live objects
[376.144s][info][gc,phases      ] GC(66) Phase 1: Mark live objects 14.704ms
[376.144s][info][gc,phases,start] GC(66) Phase 2: Prepare compaction
[376.149s][info][gc,phases      ] GC(66) Phase 2: Prepare compaction 5.106ms
[376.149s][info][gc,phases,start] GC(66) Phase 3: Adjust pointers
[376.160s][info][gc,phases      ] GC(66) Phase 3: Adjust pointers 10.502ms
[376.160s][info][gc,phases,start] GC(66) Phase 4: Compact heap
[376.165s][info][gc,phases      ] GC(66) Phase 4: Compact heap 4.956ms
[376.165s][info][gc,phases,start] GC(66) Phase 5: Reset Metadata
[376.168s][info][gc,phases      ] GC(66) Phase 5: Reset Metadata 3.372ms
[376.178s][info][gc,heap        ] GC(66) Eden regions: 132->0(614)
[376.178s][info][gc,heap        ] GC(66) Survivor regions: 43->0(77)
[376.178s][info][gc,heap        ] GC(66) Old regions: 263->12
[376.178s][info][gc,heap        ] GC(66) Humongous regions: 198->33
[376.178s][info][gc,metaspace   ] GC(66) Metaspace: 29736K(29888K)->29736K(29888K) NonClass: 29736K(29888K)->29736K(29888K) Class: 0K(0K)->0K(0K)
[376.178s][info][gc             ] GC(66) Pause Full (System.gc()) 5053M->333M(8192M) 48.724ms
[376.178s][info][gc,cpu         ] GC(66) User=0.31s Sys=0.00s Real=0.05s
(init) ...
   381s:       rampup IR =      0 ... (rIR:aIR:PR = 0:0:0) (tPR = 0) [OK] 
   384s:       rampup IR =   1155 .... (rIR:aIR:PR = 1155:1153:1153) (tPR = 18158) [OK] 
   388s:       rampup IR =   2310 ..[390.816s][info][gc,start       ] GC(67) Pause Young (Normal) (G1 Evacuation Pause)
[390.816s][info][gc,task        ] GC(67) Using 8 workers of 8 for evacuation
[391.541s][info][gc,mmu         ] GC(67) MMU target violated: 201.0ms (200.0ms/201.0ms)
[391.541s][info][gc,phases      ] GC(67)   Pre Evacuate Collection Set: 0.24ms
[391.541s][info][gc,phases      ] GC(67)   Merge Heap Roots: 0.92ms
[391.541s][info][gc,phases      ] GC(67)   Evacuate Collection Set: 722.78ms
[391.541s][info][gc,phases      ] GC(67)   Post Evacuate Collection Set: 1.32ms
[391.541s][info][gc,phases      ] GC(67)   Other: 0.10ms
[391.541s][info][gc,heap        ] GC(67) Eden regions: 614->0(247)
[391.541s][info][gc,heap        ] GC(67) Survivor regions: 0->77(77)
[391.541s][info][gc,heap        ] GC(67) Old regions: 12->86
[391.541s][info][gc,heap        ] GC(67) Humongous regions: 86->81
[391.541s][info][gc,metaspace   ] GC(67) Metaspace: 29783K(29952K)->29783K(29952K) NonClass: 29783K(29952K)->29783K(29952K) Class: 0K(0K)->0K(0K)
[391.541s][info][gc             ] GC(67) Pause Young (Normal) (G1 Evacuation Pause) 5669M->1925M(8192M) 725.477ms
[391.541s][info][gc,cpu         ] GC(67) User=5.76s Sys=0.00s Real=0.73s
.. (rIR:aIR:PR = 2310:2291:2289) (tPR = 33597) [OK] 
   392s:       rampup IR =   3464 ...[396.061s][info][gc,start       ] GC(68) Pause Young (Normal) (G1 Evacuation Pause)
[396.061s][info][gc,task        ] GC(68) Using 8 workers of 8 for evacuation
[396.392s][info][gc,mmu         ] GC(68) MMU target violated: 201.0ms (200.0ms/201.0ms)
[396.393s][info][gc,phases      ] GC(68)   Pre Evacuate Collection Set: 0.28ms
[396.393s][info][gc,phases      ] GC(68)   Merge Heap Roots: 0.71ms
[396.393s][info][gc,phases      ] GC(68)   Evacuate Collection Set: 330.03ms
[396.393s][info][gc,phases      ] GC(68)   Post Evacuate Collection Set: 0.74ms
[396.393s][info][gc,phases      ] GC(68)   Other: 0.09ms
[396.393s][info][gc,heap        ] GC(68) Eden regions: 235->0(198)
[396.393s][info][gc,heap        ] GC(68) Survivor regions: 77->17(39)
[396.393s][info][gc,heap        ] GC(68) Old regions: 86->164
[396.393s][info][gc,heap        ] GC(68) Humongous regions: 81->81
[396.393s][info][gc,metaspace   ] GC(68) Metaspace: 29793K(29952K)->29793K(29952K) NonClass: 29793K(29952K)->29793K(29952K) Class: 0K(0K)->0K(0K)
[396.393s][info][gc             ] GC(68) Pause Young (Normal) (G1 Evacuation Pause) 3805M->2065M(8192M) 331.963ms
[396.393s][info][gc,cpu         ] GC(68) User=2.63s Sys=0.00s Real=0.33s
. (rIR:aIR:PR = 3464:3469:3470) (tPR = 50436) [OK] 
   396s:       rampup IR =   4619 ..[399.305s][info][gc,start       ] GC(69) Pause Young (Normal) (G1 Evacuation Pause)
[399.305s][info][gc,task        ] GC(69) Using 8 workers of 8 for evacuation
[399.387s][info][gc,phases      ] GC(69)   Pre Evacuate Collection Set: 0.23ms
[399.387s][info][gc,phases      ] GC(69)   Merge Heap Roots: 0.39ms
[399.387s][info][gc,phases      ] GC(69)   Evacuate Collection Set: 81.04ms
[399.387s][info][gc,phases      ] GC(69)   Post Evacuate Collection Set: 0.72ms
[399.387s][info][gc,phases      ] GC(69)   Other: 0.06ms
[399.387s][info][gc,heap        ] GC(69) Eden regions: 217->0(191)
[399.387s][info][gc,heap        ] GC(69) Survivor regions: 17->27(30)
[399.387s][info][gc,heap        ] GC(69) Old regions: 164->164
[399.387s][info][gc,heap        ] GC(69) Humongous regions: 81->81
[399.387s][info][gc,metaspace   ] GC(69) Metaspace: 29794K(29952K)->29794K(29952K) NonClass: 29794K(29952K)->29794K(29952K) Class: 0K(0K)->0K(0K)
[399.387s][info][gc             ] GC(69) Pause Young (Normal) (G1 Evacuation Pause) 3801M->2145M(8192M) 82.560ms
[399.387s][info][gc,cpu         ] GC(69) User=0.65s Sys=0.00s Real=0.08s
.. (rIR:aIR:PR = 4619:4596:4596) (tPR = 69763) [OK] 
   400s:       rampup IR =   5774 .[402.110s][info][gc,start       ] GC(70) Pause Young (Normal) (G1 Evacuation Pause)
[402.110s][info][gc,task        ] GC(70) Using 8 workers of 8 for evacuation
[402.207s][info][gc,phases      ] GC(70)   Pre Evacuate Collection Set: 0.21ms
[402.207s][info][gc,phases      ] GC(70)   Merge Heap Roots: 0.40ms
[402.207s][info][gc,phases      ] GC(70)   Evacuate Collection Set: 96.26ms
[402.207s][info][gc,phases      ] GC(70)   Post Evacuate Collection Set: 0.71ms
[402.207s][info][gc,phases      ] GC(70)   Other: 0.06ms
[402.207s][info][gc,heap        ] GC(70) Eden regions: 203->0(230)
[402.207s][info][gc,heap        ] GC(70) Survivor regions: 27->25(29)
[402.207s][info][gc,heap        ] GC(70) Old regions: 164->174
[402.208s][info][gc,heap        ] GC(70) Humongous regions: 81->81
[402.208s][info][gc,metaspace   ] GC(70) Metaspace: 29800K(29952K)->29800K(29952K) NonClass: 29800K(29952K)->29800K(29952K) Class: 0K(0K)->0K(0K)
[402.208s][info][gc             ] GC(70) Pause Young (Normal) (G1 Evacuation Pause) 3769M->2213M(8192M) 97.783ms
[402.208s][info][gc,cpu         ] GC(70) User=0.77s Sys=0.01s Real=0.10s
... (rIR:aIR:PR = 5774:5812:5812) (tPR = 86816) [OK] 
   404s:       rampup IR =   6929 [405.206s][info][gc,start       ] GC(71) Pause Young (Normal) (G1 Evacuation Pause)
[405.206s][info][gc,task        ] GC(71) Using 8 workers of 8 for evacuation
[405.307s][info][gc,phases      ] GC(71)   Pre Evacuate Collection Set: 0.22ms
[405.307s][info][gc,phases      ] GC(71)   Merge Heap Roots: 0.36ms
[405.307s][info][gc,phases      ] GC(71)   Evacuate Collection Set: 99.07ms
[405.307s][info][gc,phases      ] GC(71)   Post Evacuate Collection Set: 0.71ms
[405.307s][info][gc,phases      ] GC(71)   Other: 0.06ms
[405.307s][info][gc,heap        ] GC(71) Eden regions: 265->0(300)
[405.307s][info][gc,heap        ] GC(71) Survivor regions: 25->27(37)
[405.307s][info][gc,heap        ] GC(71) Old regions: 174->182
[405.307s][info][gc,heap        ] GC(71) Humongous regions: 81->81
[405.307s][info][gc,metaspace   ] GC(71) Metaspace: 29802K(29952K)->29802K(29952K) NonClass: 29802K(29952K)->29802K(29952K) Class: 0K(0K)->0K(0K)
[405.307s][info][gc             ] GC(71) Pause Young (Normal) (G1 Evacuation Pause) 4333M->2291M(8192M) 100.537ms
[405.307s][info][gc,cpu         ] GC(71) User=0.80s Sys=0.00s Real=0.10s
...[408.399s][info][gc,start       ] GC(72) Pause Young (Normal) (G1 Evacuation Pause)
[408.399s][info][gc,task        ] GC(72) Using 8 workers of 8 for evacuation
[408.508s][info][gc,phases      ] GC(72)   Pre Evacuate Collection Set: 0.28ms
[408.508s][info][gc,phases      ] GC(72)   Merge Heap Roots: 0.42ms
[408.508s][info][gc,phases      ] GC(72)   Evacuate Collection Set: 106.89ms
[408.508s][info][gc,phases      ] GC(72)   Post Evacuate Collection Set: 0.73ms
[408.508s][info][gc,phases      ] GC(72)   Other: 0.06ms
[408.508s][info][gc,heap        ] GC(72) Eden regions: 319->0(369)
[408.508s][info][gc,heap        ] GC(72) Survivor regions: 27->31(44)
[408.508s][info][gc,heap        ] GC(72) Old regions: 182->189
[408.508s][info][gc,heap        ] GC(72) Humongous regions: 81->81
[408.508s][info][gc,metaspace   ] GC(72) Metaspace: 29802K(29952K)->29802K(29952K) NonClass: 29802K(29952K)->29802K(29952K) Class: 0K(0K)->0K(0K)
[408.508s][info][gc             ] GC(72) Pause Young (Normal) (G1 Evacuation Pause) 4843M->2379M(8192M) 108.527ms
[408.508s][info][gc,cpu         ] GC(72) User=0.85s Sys=0.00s Real=0.11s
. (rIR:aIR:PR = 6929:6883:6883) (tPR = 102115) [OK] 
   408s:       rampup IR =   8084 ..[411.724s][info][gc,start       ] GC(73) Pause Young (Normal) (G1 Evacuation Pause)
[411.724s][info][gc,task        ] GC(73) Using 8 workers of 8 for evacuation
[411.849s][info][gc,phases      ] GC(73)   Pre Evacuate Collection Set: 0.24ms
[411.849s][info][gc,phases      ] GC(73)   Merge Heap Roots: 0.44ms
[411.849s][info][gc,phases      ] GC(73)   Evacuate Collection Set: 124.18ms
[411.849s][info][gc,phases      ] GC(73)   Post Evacuate Collection Set: 0.82ms
[411.849s][info][gc,phases      ] GC(73)   Other: 0.06ms
[411.849s][info][gc,heap        ] GC(73) Eden regions: 381->0(378)
[411.849s][info][gc,heap        ] GC(73) Survivor regions: 31->37(52)
[411.849s][info][gc,heap        ] GC(73) Old regions: 189->197
[411.849s][info][gc,heap        ] GC(73) Humongous regions: 81->81
[411.849s][info][gc,metaspace   ] GC(73) Metaspace: 29802K(29952K)->29802K(29952K) NonClass: 29802K(29952K)->29802K(29952K) Class: 0K(0K)->0K(0K)
[411.849s][info][gc             ] GC(73) Pause Young (Normal) (G1 Evacuation Pause) 5427M->2482M(8192M) 125.872ms
[411.849s][info][gc,cpu         ] GC(73) User=1.00s Sys=0.00s Real=0.12s
.... (rIR:aIR:PR = 8084:8005:8005) (tPR = 120374) [OK] 
   414s:       rampup IR =   9238 [415.016s][info][gc,start       ] GC(74) Pause Young (Normal) (G1 Evacuation Pause)
[415.016s][info][gc,task        ] GC(74) Using 8 workers of 8 for evacuation
[415.139s][info][gc,phases      ] GC(74)   Pre Evacuate Collection Set: 0.23ms
[415.139s][info][gc,phases      ] GC(74)   Merge Heap Roots: 0.39ms
[415.139s][info][gc,phases      ] GC(74)   Evacuate Collection Set: 122.17ms
[415.139s][info][gc,phases      ] GC(74)   Post Evacuate Collection Set: 0.86ms
[415.139s][info][gc,phases      ] GC(74)   Other: 0.06ms
[415.139s][info][gc,heap        ] GC(74) Eden regions: 384->0(458)
[415.139s][info][gc,heap        ] GC(74) Survivor regions: 37->36(53)
[415.139s][info][gc,heap        ] GC(74) Old regions: 197->204
[415.139s][info][gc,heap        ] GC(74) Humongous regions: 81->81
[415.139s][info][gc,metaspace   ] GC(74) Metaspace: 29805K(29952K)->29805K(29952K) NonClass: 29805K(29952K)->29805K(29952K) Class: 0K(0K)->0K(0K)
[415.139s][info][gc             ] GC(74) Pause Young (Normal) (G1 Evacuation Pause) 5554M->2536M(8192M) 123.837ms
[415.139s][info][gc,cpu         ] GC(74) User=0.98s Sys=0.00s Real=0.12s
...[418.377s][info][gc,start       ] GC(75) Pause Young (Normal) (G1 Evacuation Pause)
[418.377s][info][gc,task        ] GC(75) Using 8 workers of 8 for evacuation
[418.512s][info][gc,phases      ] GC(75)   Pre Evacuate Collection Set: 0.26ms
[418.512s][info][gc,phases      ] GC(75)   Merge Heap Roots: 0.42ms
[418.512s][info][gc,phases      ] GC(75)   Evacuate Collection Set: 133.64ms
[418.512s][info][gc,phases      ] GC(75)   Post Evacuate Collection Set: 0.90ms
[418.512s][info][gc,phases      ] GC(75)   Other: 0.06ms
[418.512s][info][gc,heap        ] GC(75) Eden regions: 462->0(490)
[418.512s][info][gc,heap        ] GC(75) Survivor regions: 36->39(63)
[418.512s][info][gc,heap        ] GC(75) Old regions: 204->212
[418.512s][info][gc,heap        ] GC(75) Humongous regions: 81->81
[418.512s][info][gc,metaspace   ] GC(75) Metaspace: 29805K(29952K)->29805K(29952K) NonClass: 29805K(29952K)->29805K(29952K) Class: 0K(0K)->0K(0K)
[418.512s][info][gc             ] GC(75) Pause Young (Normal) (G1 Evacuation Pause) 6232M->2621M(8192M) 135.411ms
[418.512s][info][gc,cpu         ] GC(75) User=1.07s Sys=0.00s Real=0.14s
. (rIR:aIR:PR = 9238:9464:9463) (tPR = 141211) [OK] 
   418s:       rampup IR =  10393 ..[421.736s][info][gc,start       ] GC(76) Pause Young (Normal) (G1 Evacuation Pause)
[421.736s][info][gc,task        ] GC(76) Using 8 workers of 8 for evacuation
[421.880s][info][gc,phases      ] GC(76)   Pre Evacuate Collection Set: 0.24ms
[421.880s][info][gc,phases      ] GC(76)   Merge Heap Roots: 0.43ms
[421.880s][info][gc,phases      ] GC(76)   Evacuate Collection Set: 142.53ms
[421.880s][info][gc,phases      ] GC(76)   Post Evacuate Collection Set: 0.90ms
[421.880s][info][gc,phases      ] GC(76)   Other: 0.06ms
[421.880s][info][gc,heap        ] GC(76) Eden regions: 492->0(494)
[421.880s][info][gc,heap        ] GC(76) Survivor regions: 39->43(67)
[421.880s][info][gc,heap        ] GC(76) Old regions: 212->219
[421.880s][info][gc,heap        ] GC(76) Humongous regions: 81->81
[421.880s][info][gc,metaspace   ] GC(76) Metaspace: 29806K(29952K)->29806K(29952K) NonClass: 29806K(29952K)->29806K(29952K) Class: 0K(0K)->0K(0K)
[421.880s][info][gc             ] GC(76) Pause Young (Normal) (G1 Evacuation Pause) 6557M->2707M(8192M) 144.304ms
[421.880s][info][gc,cpu         ] GC(76) User=1.14s Sys=0.00s Real=0.15s
.... (rIR:aIR:PR = 10393:10396:10423) (tPR = 156100) [OK] 
   424s:       rampup IR =  11548 [424.973s][info][gc,start       ] GC(77) Pause Young (Normal) (G1 Evacuation Pause)
[424.973s][info][gc,task        ] GC(77) Using 8 workers of 8 for evacuation
[425.118s][info][gc,phases      ] GC(77)   Pre Evacuate Collection Set: 0.24ms
[425.118s][info][gc,phases      ] GC(77)   Merge Heap Roots: 0.43ms
[425.118s][info][gc,phases      ] GC(77)   Evacuate Collection Set: 142.38ms
[425.118s][info][gc,phases      ] GC(77)   Post Evacuate Collection Set: 1.09ms
[425.118s][info][gc,phases      ] GC(77)   Other: 0.06ms
[425.118s][info][gc,heap        ] GC(77) Eden regions: 494->0(573)
[425.118s][info][gc,heap        ] GC(77) Survivor regions: 43->41(68)
[425.118s][info][gc,heap        ] GC(77) Old regions: 219->226
[425.118s][info][gc,heap        ] GC(77) Humongous regions: 81->81
[425.118s][info][gc,metaspace   ] GC(77) Metaspace: 29816K(30016K)->29816K(30016K) NonClass: 29816K(30016K)->29816K(30016K) Class: 0K(0K)->0K(0K)
[425.118s][info][gc             ] GC(77) Pause Young (Normal) (G1 Evacuation Pause) 6659M->2750M(8192M) 144.323ms
[425.118s][info][gc,cpu         ] GC(77) User=1.14s Sys=0.00s Real=0.14s
...[428.442s][info][gc,start       ] GC(78) Pause Young (Normal) (G1 Evacuation Pause)
[428.442s][info][gc,task        ] GC(78) Using 8 workers of 8 for evacuation
[428.588s][info][gc,phases      ] GC(78)   Pre Evacuate Collection Set: 0.27ms
[428.588s][info][gc,phases      ] GC(78)   Merge Heap Roots: 0.45ms
[428.588s][info][gc,phases      ] GC(78)   Evacuate Collection Set: 144.23ms
[428.588s][info][gc,phases      ] GC(78)   Post Evacuate Collection Set: 1.04ms
[428.588s][info][gc,phases      ] GC(78)   Other: 0.07ms
[428.588s][info][gc,heap        ] GC(78) Eden regions: 571->0(571)
[428.588s][info][gc,heap        ] GC(78) Survivor regions: 41->43(77)
[428.588s][info][gc,heap        ] GC(78) Old regions: 226->233
[428.588s][info][gc,heap        ] GC(78) Humongous regions: 81->81
[428.588s][info][gc,metaspace   ] GC(78) Metaspace: 29816K(30016K)->29816K(30016K) NonClass: 29816K(30016K)->29816K(30016K) Class: 0K(0K)->0K(0K)
[428.588s][info][gc             ] GC(78) Pause Young (Normal) (G1 Evacuation Pause) 7318M->2822M(8192M) 146.206ms
[428.588s][info][gc,cpu         ] GC(78) User=1.15s Sys=0.00s Real=0.14s
. (rIR:aIR:PR = 11548:11324:11201) (tPR = 165104) [OK] 
   428s:       trying IR =  11648 ..[431.905s][info][gc,start       ] GC(79) Pause Young (Normal) (G1 Evacuation Pause)
[431.905s][info][gc,task        ] GC(79) Using 8 workers of 8 for evacuation
[432.051s][info][gc,phases      ] GC(79)   Pre Evacuate Collection Set: 0.28ms
[432.051s][info][gc,phases      ] GC(79)   Merge Heap Roots: 0.53ms
[432.051s][info][gc,phases      ] GC(79)   Evacuate Collection Set: 143.33ms
[432.051s][info][gc,phases      ] GC(79)   Post Evacuate Collection Set: 1.01ms
[432.051s][info][gc,phases      ] GC(79)   Other: 0.85ms
[432.051s][info][gc,heap        ] GC(79) Eden regions: 571->0(566)
[432.051s][info][gc,heap        ] GC(79) Survivor regions: 43->43(77)
[432.051s][info][gc,heap        ] GC(79) Old regions: 233->239
[432.051s][info][gc,heap        ] GC(79) Humongous regions: 81->81
[432.051s][info][gc,metaspace   ] GC(79) Metaspace: 29826K(30016K)->29826K(30016K) NonClass: 29826K(30016K)->29826K(30016K) Class: 0K(0K)->0K(0K)
[432.051s][info][gc             ] GC(79) Pause Young (Normal) (G1 Evacuation Pause) 7390M->2875M(8192M) 146.120ms
[432.051s][info][gc,cpu         ] GC(79) User=1.15s Sys=0.00s Real=0.15s
.... (rIR:aIR:PR = 11648:11622:11611) (tPR = 171818) [OK] 
   434s:       trying IR =  11668 [435.303s][info][gc,start       ] GC(80) Pause Young (Normal) (G1 Evacuation Pause)
[435.303s][info][gc,task        ] GC(80) Using 8 workers of 8 for evacuation
[435.458s][info][gc,phases      ] GC(80)   Pre Evacuate Collection Set: 0.26ms
[435.458s][info][gc,phases      ] GC(80)   Merge Heap Roots: 0.47ms
[435.458s][info][gc,phases      ] GC(80)   Evacuate Collection Set: 152.49ms
[435.458s][info][gc,phases      ] GC(80)   Post Evacuate Collection Set: 1.13ms
[435.458s][info][gc,phases      ] GC(80)   Other: 0.07ms
[435.458s][info][gc,heap        ] GC(80) Eden regions: 566->0(557)
[435.458s][info][gc,heap        ] GC(80) Survivor regions: 43->44(77)
[435.458s][info][gc,heap        ] GC(80) Old regions: 239->246
[435.458s][info][gc,heap        ] GC(80) Humongous regions: 81->81
[435.458s][info][gc,metaspace   ] GC(80) Metaspace: 29827K(30016K)->29827K(30016K) NonClass: 29827K(30016K)->29827K(30016K) Class: 0K(0K)->0K(0K)
[435.458s][info][gc             ] GC(80) Pause Young (Normal) (G1 Evacuation Pause) 7403M->2937M(8192M) 154.545ms
[435.458s][info][gc,cpu         ] GC(80) User=1.22s Sys=0.00s Real=0.15s
...[438.590s][info][gc,start       ] GC(81) Pause Young (Normal) (G1 Evacuation Pause)
[438.590s][info][gc,task        ] GC(81) Using 8 workers of 8 for evacuation
[438.743s][info][gc,phases      ] GC(81)   Pre Evacuate Collection Set: 0.23ms
[438.743s][info][gc,phases      ] GC(81)   Merge Heap Roots: 0.47ms
[438.743s][info][gc,phases      ] GC(81)   Evacuate Collection Set: 150.90ms
[438.743s][info][gc,phases      ] GC(81)   Post Evacuate Collection Set: 1.01ms
[438.743s][info][gc,phases      ] GC(81)   Other: 0.06ms
[438.743s][info][gc,heap        ] GC(81) Eden regions: 557->0(550)
[438.743s][info][gc,heap        ] GC(81) Survivor regions: 44->44(76)
[438.743s][info][gc,heap        ] GC(81) Old regions: 246->253
[438.743s][info][gc,heap        ] GC(81) Humongous regions: 81->81
[438.743s][info][gc,metaspace   ] GC(81) Metaspace: 29827K(30016K)->29827K(30016K) NonClass: 29827K(30016K)->29827K(30016K) Class: 0K(0K)->0K(0K)
[438.743s][info][gc             ] GC(81) Pause Young (Normal) (G1 Evacuation Pause) 7393M->2993M(8192M) 152.814ms
[438.743s][info][gc,cpu         ] GC(81) User=1.21s Sys=0.00s Real=0.15s
. (rIR:aIR:PR = 11668:11593:11378) (tPR = 170358) [OK] 
   438s:       trying IR =  11692 ..[441.976s][info][gc,start       ] GC(82) Pause Young (Normal) (G1 Evacuation Pause)
[441.976s][info][gc,task        ] GC(82) Using 8 workers of 8 for evacuation
[442.128s][info][gc,phases      ] GC(82)   Pre Evacuate Collection Set: 0.23ms
[442.128s][info][gc,phases      ] GC(82)   Merge Heap Roots: 0.47ms
[442.128s][info][gc,phases      ] GC(82)   Evacuate Collection Set: 149.45ms
[442.128s][info][gc,phases      ] GC(82)   Post Evacuate Collection Set: 1.04ms
[442.128s][info][gc,phases      ] GC(82)   Other: 0.06ms
[442.128s][info][gc,heap        ] GC(82) Eden regions: 550->0(542)
[442.128s][info][gc,heap        ] GC(82) Survivor regions: 44->44(75)
[442.128s][info][gc,heap        ] GC(82) Old regions: 253->261
[442.128s][info][gc,heap        ] GC(82) Humongous regions: 81->81
[442.128s][info][gc,metaspace   ] GC(82) Metaspace: 29827K(30016K)->29827K(30016K) NonClass: 29827K(30016K)->29827K(30016K) Class: 0K(0K)->0K(0K)
[442.128s][info][gc             ] GC(82) Pause Young (Normal) (G1 Evacuation Pause) 7393M->3053M(8192M) 151.406ms
[442.128s][info][gc,cpu         ] GC(82) User=1.20s Sys=0.00s Real=0.15s
....[445.160s][info][gc,start       ] GC(83) Pause Young (Normal) (G1 Evacuation Pause)
[445.161s][info][gc,task        ] GC(83) Using 8 workers of 8 for evacuation
[445.309s][info][gc,phases      ] GC(83)   Pre Evacuate Collection Set: 0.24ms
[445.309s][info][gc,phases      ] GC(83)   Merge Heap Roots: 0.47ms
[445.309s][info][gc,phases      ] GC(83)   Evacuate Collection Set: 146.69ms
[445.309s][info][gc,phases      ] GC(83)   Post Evacuate Collection Set: 1.04ms
[445.309s][info][gc,phases      ] GC(83)   Other: 0.06ms
[445.309s][info][gc,heap        ] GC(83) Eden regions: 542->0(534)
[445.309s][info][gc,heap        ] GC(83) Survivor regions: 44->44(74)
[445.309s][info][gc,heap        ] GC(83) Old regions: 261->269
[445.309s][info][gc,heap        ] GC(83) Humongous regions: 81->81
[445.309s][info][gc,metaspace   ] GC(83) Metaspace: 29827K(30016K)->29827K(30016K) NonClass: 29827K(30016K)->29827K(30016K) Class: 0K(0K)->0K(0K)
[445.309s][info][gc             ] GC(83) Pause Young (Normal) (G1 Evacuation Pause) 7389M->3118M(8192M) 148.637ms
[445.309s][info][gc,cpu         ] GC(83) User=1.17s Sys=0.00s Real=0.14s
. (rIR:aIR:PR = 11692:11565:11547) (tPR = 170470) [OK] 
   445s:       trying IR =  11721 ..[448.311s][info][gc,start       ] GC(84) Pause Young (Normal) (G1 Evacuation Pause)
[448.311s][info][gc,task        ] GC(84) Using 8 workers of 8 for evacuation
[448.463s][info][gc,phases      ] GC(84)   Pre Evacuate Collection Set: 0.24ms
[448.463s][info][gc,phases      ] GC(84)   Merge Heap Roots: 0.47ms
[448.463s][info][gc,phases      ] GC(84)   Evacuate Collection Set: 149.71ms
[448.463s][info][gc,phases      ] GC(84)   Post Evacuate Collection Set: 0.96ms
[448.463s][info][gc,phases      ] GC(84)   Other: 0.06ms
[448.463s][info][gc,heap        ] GC(84) Eden regions: 534->0(528)
[448.463s][info][gc,heap        ] GC(84) Survivor regions: 44->43(73)
[448.463s][info][gc,heap        ] GC(84) Old regions: 269->277
[448.463s][info][gc,heap        ] GC(84) Humongous regions: 81->81
[448.463s][info][gc,metaspace   ] GC(84) Metaspace: 29827K(30016K)->29827K(30016K) NonClass: 29827K(30016K)->29827K(30016K) Class: 0K(0K)->0K(0K)
[448.463s][info][gc             ] GC(84) Pause Young (Normal) (G1 Evacuation Pause) 7390M->3171M(8192M) 151.580ms
[448.463s][info][gc,cpu         ] GC(84) User=1.20s Sys=0.00s Real=0.15s
.. (rIR:aIR:PR = 11721:11563:11553) (tPR = 167606) [OK] 
   449s:       trying IR =  11755 .[451.474s][info][gc,start       ] GC(85) Pause Young (Normal) (G1 Evacuation Pause)
[451.474s][info][gc,task        ] GC(85) Using 8 workers of 8 for evacuation
[451.625s][info][gc,phases      ] GC(85)   Pre Evacuate Collection Set: 0.23ms
[451.625s][info][gc,phases      ] GC(85)   Merge Heap Roots: 0.48ms
[451.625s][info][gc,phases      ] GC(85)   Evacuate Collection Set: 150.05ms
[451.625s][info][gc,phases      ] GC(85)   Post Evacuate Collection Set: 1.06ms
[451.625s][info][gc,phases      ] GC(85)   Other: 0.06ms
[451.626s][info][gc,heap        ] GC(85) Eden regions: 528->0(519)
[451.626s][info][gc,heap        ] GC(85) Survivor regions: 43->44(72)
[451.626s][info][gc,heap        ] GC(85) Old regions: 277->284
[451.626s][info][gc,heap        ] GC(85) Humongous regions: 81->81
[451.626s][info][gc,metaspace   ] GC(85) Metaspace: 29830K(30016K)->29830K(30016K) NonClass: 29830K(30016K)->29830K(30016K) Class: 0K(0K)->0K(0K)
[451.626s][info][gc             ] GC(85) Pause Young (Normal) (G1 Evacuation Pause) 7395M->3240M(8192M) 151.997ms
[451.626s][info][gc,cpu         ] GC(85) User=1.20s Sys=0.00s Real=0.15s
...[454.539s][info][gc,start       ] GC(86) Pause Young (Normal) (G1 Evacuation Pause)
[454.539s][info][gc,task        ] GC(86) Using 8 workers of 8 for evacuation
[454.694s][info][gc,phases      ] GC(86)   Pre Evacuate Collection Set: 0.24ms
[454.694s][info][gc,phases      ] GC(86)   Merge Heap Roots: 0.49ms
[454.694s][info][gc,phases      ] GC(86)   Evacuate Collection Set: 152.57ms
[454.694s][info][gc,phases      ] GC(86)   Post Evacuate Collection Set: 1.00ms
[454.694s][info][gc,phases      ] GC(86)   Other: 0.07ms
[454.694s][info][gc,heap        ] GC(86) Eden regions: 519->0(513)
[454.694s][info][gc,heap        ] GC(86) Survivor regions: 44->43(71)
[454.694s][info][gc,heap        ] GC(86) Old regions: 284->292
[454.694s][info][gc,heap        ] GC(86) Humongous regions: 81->81
[454.694s][info][gc,metaspace   ] GC(86) Metaspace: 29830K(30016K)->29830K(30016K) NonClass: 29830K(30016K)->29830K(30016K) Class: 0K(0K)->0K(0K)
[454.694s][info][gc             ] GC(86) Pause Young (Normal) (G1 Evacuation Pause) 7392M->3297M(8192M) 154.493ms
[454.694s][info][gc,cpu         ] GC(86) User=1.22s Sys=0.00s Real=0.16s
.. (rIR:aIR:PR = 11755:11791:11832) (tPR = 170103) [OK] 
   455s:       trying IR =  11797 .[457.656s][info][gc,start       ] GC(87) Pause Young (Normal) (G1 Evacuation Pause)
[457.657s][info][gc,task        ] GC(87) Using 8 workers of 8 for evacuation
[457.802s][info][gc,phases      ] GC(87)   Pre Evacuate Collection Set: 0.25ms
[457.802s][info][gc,phases      ] GC(87)   Merge Heap Roots: 0.48ms
[457.802s][info][gc,phases      ] GC(87)   Evacuate Collection Set: 143.98ms
[457.802s][info][gc,phases      ] GC(87)   Post Evacuate Collection Set: 0.95ms
[457.802s][info][gc,phases      ] GC(87)   Other: 0.06ms
[457.802s][info][gc,heap        ] GC(87) Eden regions: 513->0(506)
[457.802s][info][gc,heap        ] GC(87) Survivor regions: 43->43(70)
[457.802s][info][gc,heap        ] GC(87) Old regions: 292->299
[457.802s][info][gc,heap        ] GC(87) Humongous regions: 81->81
[457.802s][info][gc,metaspace   ] GC(87) Metaspace: 29830K(30016K)->29830K(30016K) NonClass: 29830K(30016K)->29830K(30016K) Class: 0K(0K)->0K(0K)
[457.802s][info][gc             ] GC(87) Pause Young (Normal) (G1 Evacuation Pause) 7401M->3353M(8192M) 145.840ms
[457.802s][info][gc,cpu         ] GC(87) User=1.15s Sys=0.00s Real=0.15s
...[460.590s][info][gc,start       ] GC(88) Pause Young (Normal) (G1 Evacuation Pause)
[460.590s][info][gc,task        ] GC(88) Using 8 workers of 8 for evacuation
[460.739s][info][gc,phases      ] GC(88)   Pre Evacuate Collection Set: 0.28ms
[460.739s][info][gc,phases      ] GC(88)   Merge Heap Roots: 0.47ms
[460.739s][info][gc,phases      ] GC(88)   Evacuate Collection Set: 147.29ms
[460.739s][info][gc,phases      ] GC(88)   Post Evacuate Collection Set: 0.96ms
[460.739s][info][gc,phases      ] GC(88)   Other: 0.06ms
[460.739s][info][gc,heap        ] GC(88) Eden regions: 506->0(498)
[460.739s][info][gc,heap        ] GC(88) Survivor regions: 43->43(69)
[460.739s][info][gc,heap        ] GC(88) Old regions: 299->307
[460.739s][info][gc,heap        ] GC(88) Humongous regions: 81->81
[460.739s][info][gc,metaspace   ] GC(88) Metaspace: 29830K(30016K)->29830K(30016K) NonClass: 29830K(30016K)->29830K(30016K) Class: 0K(0K)->0K(0K)
[460.739s][info][gc             ] GC(88) Pause Young (Normal) (G1 Evacuation Pause) 7401M->3414M(8192M) 149.193ms
[460.739s][info][gc,cpu         ] GC(88) User=1.18s Sys=0.00s Real=0.15s
. (rIR:aIR:PR = 11797:11720:11450) (tPR = 167205) [OK] 
   460s:       trying IR =  11847 ..[463.432s][info][gc,start       ] GC(89) Pause Young (Normal) (G1 Evacuation Pause)
[463.432s][info][gc,task        ] GC(89) Using 8 workers of 8 for evacuation
[463.577s][info][gc,phases      ] GC(89)   Pre Evacuate Collection Set: 0.24ms
[463.577s][info][gc,phases      ] GC(89)   Merge Heap Roots: 0.48ms
[463.577s][info][gc,phases      ] GC(89)   Evacuate Collection Set: 142.52ms
[463.577s][info][gc,phases      ] GC(89)   Post Evacuate Collection Set: 1.05ms
[463.577s][info][gc,phases      ] GC(89)   Other: 0.06ms
[463.577s][info][gc,heap        ] GC(89) Eden regions: 498->0(492)
[463.577s][info][gc,heap        ] GC(89) Survivor regions: 43->42(68)
[463.577s][info][gc,heap        ] GC(89) Old regions: 307->315
[463.577s][info][gc,heap        ] GC(89) Humongous regions: 81->81
[463.577s][info][gc,metaspace   ] GC(89) Metaspace: 29830K(30016K)->29830K(30016K) NonClass: 29830K(30016K)->29830K(30016K) Class: 0K(0K)->0K(0K)
[463.577s][info][gc             ] GC(89) Pause Young (Normal) (G1 Evacuation Pause) 7398M->3467M(8192M) 144.500ms
[463.577s][info][gc,cpu         ] GC(89) User=1.14s Sys=0.00s Real=0.14s
... (rIR:aIR:PR = 11847:12008:12008) (tPR = 175975) [OK] 
   465s:       trying IR =  11906 [466.359s][info][gc,start       ] GC(90) Pause Young (Normal) (G1 Evacuation Pause)
[466.359s][info][gc,task        ] GC(90) Using 8 workers of 8 for evacuation
[466.506s][info][gc,phases      ] GC(90)   Pre Evacuate Collection Set: 0.26ms
[466.506s][info][gc,phases      ] GC(90)   Merge Heap Roots: 0.47ms
[466.506s][info][gc,phases      ] GC(90)   Evacuate Collection Set: 145.15ms
[466.506s][info][gc,phases      ] GC(90)   Post Evacuate Collection Set: 0.97ms
[466.506s][info][gc,phases      ] GC(90)   Other: 0.06ms
[466.506s][info][gc,heap        ] GC(90) Eden regions: 492->0(485)
[466.506s][info][gc,heap        ] GC(90) Survivor regions: 42->42(67)
[466.506s][info][gc,heap        ] GC(90) Old regions: 315->322
[466.506s][info][gc,heap        ] GC(90) Humongous regions: 81->81
[466.506s][info][gc,metaspace   ] GC(90) Metaspace: 29830K(30016K)->29830K(30016K) NonClass: 29830K(30016K)->29830K(30016K) Class: 0K(0K)->0K(0K)
[466.506s][info][gc             ] GC(90) Pause Young (Normal) (G1 Evacuation Pause) 7403M->3529M(8192M) 147.036ms
[466.506s][info][gc,cpu         ] GC(90) User=1.16s Sys=0.00s Real=0.15s
..[469.158s][info][gc,start       ] GC(91) Pause Young (Normal) (G1 Evacuation Pause)
[469.158s][info][gc,task        ] GC(91) Using 8 workers of 8 for evacuation
[469.305s][info][gc,phases      ] GC(91)   Pre Evacuate Collection Set: 0.25ms
[469.305s][info][gc,phases      ] GC(91)   Merge Heap Roots: 0.49ms
[469.305s][info][gc,phases      ] GC(91)   Evacuate Collection Set: 145.06ms
[469.305s][info][gc,phases      ] GC(91)   Post Evacuate Collection Set: 0.96ms
[469.305s][info][gc,phases      ] GC(91)   Other: 0.06ms
[469.305s][info][gc,heap        ] GC(91) Eden regions: 485->0(477)
[469.305s][info][gc,heap        ] GC(91) Survivor regions: 42->42(66)
[469.305s][info][gc,heap        ] GC(91) Old regions: 322->330
[469.305s][info][gc,heap        ] GC(91) Humongous regions: 81->81
[469.305s][info][gc,metaspace   ] GC(91) Metaspace: 29830K(30016K)->29830K(30016K) NonClass: 29830K(30016K)->29830K(30016K) Class: 0K(0K)->0K(0K)
[469.305s][info][gc             ] GC(91) Pause Young (Normal) (G1 Evacuation Pause) 7409M->3592M(8192M) 146.944ms
[469.305s][info][gc,cpu         ] GC(91) User=1.16s Sys=0.00s Real=0.15s
...[471.939s][info][gc,start       ] GC(92) Pause Young (Normal) (G1 Evacuation Pause)
[471.939s][info][gc,task        ] GC(92) Using 8 workers of 8 for evacuation
[472.082s][info][gc,phases      ] GC(92)   Pre Evacuate Collection Set: 0.22ms
[472.082s][info][gc,phases      ] GC(92)   Merge Heap Roots: 0.47ms
[472.082s][info][gc,phases      ] GC(92)   Evacuate Collection Set: 140.90ms
[472.082s][info][gc,phases      ] GC(92)   Post Evacuate Collection Set: 0.91ms
[472.082s][info][gc,phases      ] GC(92)   Other: 0.06ms
[472.082s][info][gc,heap        ] GC(92) Eden regions: 477->0(472)
[472.082s][info][gc,heap        ] GC(92) Survivor regions: 42->40(65)
[472.082s][info][gc,heap        ] GC(92) Old regions: 330->339
[472.082s][info][gc,heap        ] GC(92) Humongous regions: 81->81
[472.082s][info][gc,metaspace   ] GC(92) Metaspace: 29830K(30016K)->29830K(30016K) NonClass: 29830K(30016K)->29830K(30016K) Class: 0K(0K)->0K(0K)
[472.082s][info][gc             ] GC(92) Pause Young (Normal) (G1 Evacuation Pause) 7408M->3646M(8192M) 142.697ms
[472.082s][info][gc,cpu         ] GC(92) User=1.13s Sys=0.00s Real=0.15s
. (rIR:aIR:PR = 11906:11686:11692) (tPR = 175823) [OK] 
   472s:       trying IR =  11978 ..[474.687s][info][gc,start       ] GC(93) Pause Young (Normal) (G1 Evacuation Pause)
[474.687s][info][gc,task        ] GC(93) Using 8 workers of 8 for evacuation
[474.833s][info][gc,phases      ] GC(93)   Pre Evacuate Collection Set: 0.28ms
[474.833s][info][gc,phases      ] GC(93)   Merge Heap Roots: 0.49ms
[474.833s][info][gc,phases      ] GC(93)   Evacuate Collection Set: 143.89ms
[474.833s][info][gc,phases      ] GC(93)   Post Evacuate Collection Set: 0.97ms
[474.833s][info][gc,phases      ] GC(93)   Other: 0.06ms
[474.833s][info][gc,heap        ] GC(93) Eden regions: 472->0(465)
[474.833s][info][gc,heap        ] GC(93) Survivor regions: 40->40(64)
[474.833s][info][gc,heap        ] GC(93) Old regions: 339->346
[474.833s][info][gc,heap        ] GC(93) Humongous regions: 81->81
[474.833s][info][gc,metaspace   ] GC(93) Metaspace: 29830K(30016K)->29830K(30016K) NonClass: 29830K(30016K)->29830K(30016K) Class: 0K(0K)->0K(0K)
[474.833s][info][gc             ] GC(93) Pause Young (Normal) (G1 Evacuation Pause) 7422M->3709M(8192M) 145.837ms
[474.833s][info][gc,cpu         ] GC(93) User=1.15s Sys=0.01s Real=0.15s
... (rIR:aIR:PR = 11978:12048:12002) (tPR = 183320) [OK] 
   477s:       trying IR =  12064 [477.470s][info][gc,start       ] GC(94) Pause Young (Normal) (G1 Evacuation Pause)
[477.470s][info][gc,task        ] GC(94) Using 8 workers of 8 for evacuation
[477.614s][info][gc,phases      ] GC(94)   Pre Evacuate Collection Set: 0.24ms
[477.614s][info][gc,phases      ] GC(94)   Merge Heap Roots: 0.50ms
[477.614s][info][gc,phases      ] GC(94)   Evacuate Collection Set: 142.81ms
[477.614s][info][gc,phases      ] GC(94)   Post Evacuate Collection Set: 1.00ms
[477.614s][info][gc,phases      ] GC(94)   Other: 0.06ms
[477.614s][info][gc,heap        ] GC(94) Eden regions: 465->0(455)
[477.614s][info][gc,heap        ] GC(94) Survivor regions: 40->41(64)
[477.614s][info][gc,heap        ] GC(94) Old regions: 346->354
[477.614s][info][gc,heap        ] GC(94) Humongous regions: 81->81
[477.614s][info][gc,metaspace   ] GC(94) Metaspace: 29830K(30016K)->29830K(30016K) NonClass: 29830K(30016K)->29830K(30016K) Class: 0K(0K)->0K(0K)
[477.615s][info][gc             ] GC(94) Pause Young (Normal) (G1 Evacuation Pause) 7429M->3774M(8192M) 144.739ms
[477.615s][info][gc,cpu         ] GC(94) User=1.15s Sys=0.00s Real=0.14s
..[480.037s][info][gc,start       ] GC(95) Pause Young (Normal) (G1 Evacuation Pause)
[480.037s][info][gc,task        ] GC(95) Using 8 workers of 8 for evacuation
[480.176s][info][gc,phases      ] GC(95)   Pre Evacuate Collection Set: 0.24ms
[480.176s][info][gc,phases      ] GC(95)   Merge Heap Roots: 0.47ms
[480.176s][info][gc,phases      ] GC(95)   Evacuate Collection Set: 136.73ms
[480.176s][info][gc,phases      ] GC(95)   Post Evacuate Collection Set: 0.91ms
[480.176s][info][gc,phases      ] GC(95)   Other: 0.06ms
[480.176s][info][gc,heap        ] GC(95) Eden regions: 455->0(449)
[480.176s][info][gc,heap        ] GC(95) Survivor regions: 41->40(62)
[480.176s][info][gc,heap        ] GC(95) Old regions: 354->362
[480.176s][info][gc,heap        ] GC(95) Humongous regions: 81->81
[480.176s][info][gc,metaspace   ] GC(95) Metaspace: 29830K(30016K)->29830K(30016K) NonClass: 29830K(30016K)->29830K(30016K) Class: 0K(0K)->0K(0K)
[480.176s][info][gc             ] GC(95) Pause Young (Normal) (G1 Evacuation Pause) 7414M->3829M(8192M) 138.530ms
[480.176s][info][gc,cpu         ] GC(95) User=1.10s Sys=0.00s Real=0.14s
.. (rIR:aIR:PR = 12064:12591:12502) (tPR = 185191) [OK] 
   481s:       trying IR =  12167 .[482.405s][info][gc,start       ] GC(96) Pause Young (Normal) (G1 Evacuation Pause)
[482.405s][info][gc,task        ] GC(96) Using 8 workers of 8 for evacuation
[482.544s][info][gc,phases      ] GC(96)   Pre Evacuate Collection Set: 0.24ms
[482.544s][info][gc,phases      ] GC(96)   Merge Heap Roots: 0.48ms
[482.544s][info][gc,phases      ] GC(96)   Evacuate Collection Set: 137.62ms
[482.544s][info][gc,phases      ] GC(96)   Post Evacuate Collection Set: 0.87ms
[482.544s][info][gc,phases      ] GC(96)   Other: 0.06ms
[482.544s][info][gc,heap        ] GC(96) Eden regions: 449->0(441)
[482.544s][info][gc,heap        ] GC(96) Survivor regions: 40->40(62)
[482.544s][info][gc,heap        ] GC(96) Old regions: 362->370
[482.544s][info][gc,heap        ] GC(96) Humongous regions: 81->81
[482.544s][info][gc,metaspace   ] GC(96) Metaspace: 29831K(30016K)->29831K(30016K) NonClass: 29831K(30016K)->29831K(30016K) Class: 0K(0K)->0K(0K)
[482.544s][info][gc             ] GC(96) Pause Young (Normal) (G1 Evacuation Pause) 7421M->3894M(8192M) 139.412ms
[482.544s][info][gc,cpu         ] GC(96) User=1.10s Sys=0.00s Real=0.14s
..[484.720s][info][gc,start       ] GC(97) Pause Young (Normal) (G1 Evacuation Pause)
[484.720s][info][gc,task        ] GC(97) Using 8 workers of 8 for evacuation
[484.859s][info][gc,phases      ] GC(97)   Pre Evacuate Collection Set: 0.25ms
[484.859s][info][gc,phases      ] GC(97)   Merge Heap Roots: 0.47ms
[484.859s][info][gc,phases      ] GC(97)   Evacuate Collection Set: 137.23ms
[484.859s][info][gc,phases      ] GC(97)   Post Evacuate Collection Set: 0.91ms
[484.859s][info][gc,phases      ] GC(97)   Other: 0.06ms
[484.859s][info][gc,heap        ] GC(97) Eden regions: 441->0(433)
[484.859s][info][gc,heap        ] GC(97) Survivor regions: 40->40(61)
[484.859s][info][gc,heap        ] GC(97) Old regions: 370->378
[484.859s][info][gc,heap        ] GC(97) Humongous regions: 81->81
[484.859s][info][gc,metaspace   ] GC(97) Metaspace: 29831K(30016K)->29831K(30016K) NonClass: 29831K(30016K)->29831K(30016K) Class: 0K(0K)->0K(0K)
[484.859s][info][gc             ] GC(97) Pause Young (Normal) (G1 Evacuation Pause) 7422M->3960M(8192M) 139.046ms
[484.859s][info][gc,cpu         ] GC(97) User=1.10s Sys=0.00s Real=0.13s
..[487.090s][info][gc,start       ] GC(98) Pause Young (Normal) (G1 Evacuation Pause)
[487.091s][info][gc,task        ] GC(98) Using 8 workers of 8 for evacuation
[487.231s][info][gc,phases      ] GC(98)   Pre Evacuate Collection Set: 0.23ms
[487.231s][info][gc,phases      ] GC(98)   Merge Heap Roots: 0.47ms
[487.231s][info][gc,phases      ] GC(98)   Evacuate Collection Set: 138.82ms
[487.231s][info][gc,phases      ] GC(98)   Post Evacuate Collection Set: 0.86ms
[487.231s][info][gc,phases      ] GC(98)   Other: 0.06ms
[487.231s][info][gc,heap        ] GC(98) Eden regions: 433->0(427)
[487.231s][info][gc,heap        ] GC(98) Survivor regions: 40->39(60)
[487.231s][info][gc,heap        ] GC(98) Old regions: 378->386
[487.231s][info][gc,heap        ] GC(98) Humongous regions: 81->81
[487.231s][info][gc,metaspace   ] GC(98) Metaspace: 29833K(30016K)->29833K(30016K) NonClass: 29833K(30016K)->29833K(30016K) Class: 0K(0K)->0K(0K)
[487.231s][info][gc             ] GC(98) Pause Young (Normal) (G1 Evacuation Pause) 7424M->4021M(8192M) 140.568ms
[487.231s][info][gc,cpu         ] GC(98) User=1.12s Sys=0.00s Real=0.14s
... (rIR:aIR:PR = 12167:12568:12775) (tPR = 197380) [OK] 
   489s:       trying IR =  12291 [489.470s][info][gc,start       ] GC(99) Pause Young (Concurrent Start) (G1 Evacuation Pause)
[489.470s][info][gc,task        ] GC(99) Using 8 workers of 8 for evacuation
[489.609s][info][gc,phases      ] GC(99)   Pre Evacuate Collection Set: 0.29ms
[489.609s][info][gc,phases      ] GC(99)   Merge Heap Roots: 0.46ms
[489.609s][info][gc,phases      ] GC(99)   Evacuate Collection Set: 137.84ms
[489.609s][info][gc,phases      ] GC(99)   Post Evacuate Collection Set: 0.88ms
[489.609s][info][gc,phases      ] GC(99)   Other: 0.08ms
[489.609s][info][gc,heap        ] GC(99) Eden regions: 427->0(418)
[489.609s][info][gc,heap        ] GC(99) Survivor regions: 39->39(59)
[489.609s][info][gc,heap        ] GC(99) Old regions: 386->395
[489.609s][info][gc,heap        ] GC(99) Humongous regions: 81->81
[489.609s][info][gc,metaspace   ] GC(99) Metaspace: 29833K(30016K)->29833K(30016K) NonClass: 29833K(30016K)->29833K(30016K) Class: 0K(0K)->0K(0K)
[489.609s][info][gc             ] GC(99) Pause Young (Concurrent Start) (G1 Evacuation Pause) 7437M->4088M(8192M) 139.670ms
[489.609s][info][gc             ] GC(100) Concurrent Mark Cycle
[489.609s][info][gc,marking     ] GC(100) Concurrent Scan Root Regions
[489.609s][info][gc,cpu         ] GC(99) User=1.10s Sys=0.00s Real=0.14s
[489.840s][info][gc,marking     ] GC(100) Concurrent Scan Root Regions 230.994ms
[489.840s][info][gc,marking     ] GC(100) Concurrent Mark
[489.840s][info][gc,marking     ] GC(100) Concurrent Mark From Roots
[489.840s][info][gc,task        ] GC(100) Using 2 workers of 2 for marking
.[491.036s][info][gc,marking     ] GC(100) Concurrent Mark From Roots 1195.120ms
[491.036s][info][gc,marking     ] GC(100) Concurrent Preclean
[491.036s][info][gc,marking     ] GC(100) Concurrent Preclean 0.453ms
[491.036s][info][gc,start       ] GC(100) Pause Remark
[491.040s][info][gc             ] GC(100) Pause Remark 5652M->4164M(8192M) 3.546ms
[491.040s][info][gc,cpu         ] GC(100) User=0.02s Sys=0.00s Real=0.01s
[491.040s][info][gc,marking     ] GC(100) Concurrent Mark 1199.501ms
[491.040s][info][gc,marking     ] GC(100) Concurrent Rebuild Remembered Sets and Scrub Regions
.[491.788s][info][gc,marking     ] GC(100) Concurrent Rebuild Remembered Sets and Scrub Regions 748.207ms
[491.788s][info][gc,start       ] GC(100) Pause Cleanup
[491.789s][info][gc             ] GC(100) Pause Cleanup 5100M->5100M(8192M) 0.288ms
[491.789s][info][gc,cpu         ] GC(100) User=0.00s Sys=0.00s Real=0.00s
[491.789s][info][gc,marking     ] GC(100) Concurrent Clear Claimed Marks
[491.789s][info][gc,marking     ] GC(100) Concurrent Clear Claimed Marks 0.052ms
[491.789s][info][gc,marking     ] GC(100) Concurrent Cleanup for Next Mark
[491.799s][info][gc,marking     ] GC(100) Concurrent Cleanup for Next Mark 10.300ms
[491.799s][info][gc             ] GC(100) Concurrent Mark Cycle 2189.784ms
[492.301s][info][gc,start       ] GC(101) Pause Young (Prepare Mixed) (G1 Evacuation Pause)
[492.301s][info][gc,task        ] GC(101) Using 8 workers of 8 for evacuation
[492.434s][info][gc,phases      ] GC(101)   Pre Evacuate Collection Set: 0.25ms
[492.434s][info][gc,phases      ] GC(101)   Merge Heap Roots: 0.63ms
[492.434s][info][gc,phases      ] GC(101)   Evacuate Collection Set: 131.55ms
[492.434s][info][gc,phases      ] GC(101)   Post Evacuate Collection Set: 0.97ms
[492.434s][info][gc,phases      ] GC(101)   Other: 0.06ms
[492.434s][info][gc,heap        ] GC(101) Eden regions: 418->0(576)
[492.434s][info][gc,heap        ] GC(101) Survivor regions: 39->38(58)
[492.434s][info][gc,heap        ] GC(101) Old regions: 257->265
[492.434s][info][gc,heap        ] GC(101) Humongous regions: 33->33
[492.434s][info][gc,metaspace   ] GC(101) Metaspace: 29833K(30016K)->29833K(30016K) NonClass: 29833K(30016K)->29833K(30016K) Class: 0K(0K)->0K(0K)
[492.434s][info][gc             ] GC(101) Pause Young (Prepare Mixed) (G1 Evacuation Pause) 5944M->2656M(8192M) 133.603ms
[492.434s][info][gc,cpu         ] GC(101) User=1.05s Sys=0.00s Real=0.13s
...[495.258s][info][gc,start       ] GC(102) Pause Young (Mixed) (G1 Evacuation Pause)
[495.258s][info][gc,task        ] GC(102) Using 8 workers of 8 for evacuation
[495.407s][info][gc,phases      ] GC(102)   Pre Evacuate Collection Set: 0.25ms
[495.407s][info][gc,phases      ] GC(102)   Merge Heap Roots: 0.58ms
[495.407s][info][gc,phases      ] GC(102)   Evacuate Collection Set: 146.40ms
[495.407s][info][gc,phases      ] GC(102)   Merge Optional Heap Roots: 0.03ms
[495.407s][info][gc,phases      ] GC(102)   Evacuate Optional Collection Set: 0.16ms
[495.407s][info][gc,phases      ] GC(102)   Post Evacuate Collection Set: 1.33ms
[495.407s][info][gc,phases      ] GC(102)   Other: 0.08ms
[495.407s][info][gc,heap        ] GC(102) Eden regions: 576->0(565)
[495.407s][info][gc,heap        ] GC(102) Survivor regions: 38->49(77)
[495.407s][info][gc,heap        ] GC(102) Old regions: 265->227
[495.407s][info][gc,heap        ] GC(102) Humongous regions: 33->33
[495.407s][info][gc,metaspace   ] GC(102) Metaspace: 29833K(30016K)->29833K(30016K) NonClass: 29833K(30016K)->29833K(30016K) Class: 0K(0K)->0K(0K)
[495.407s][info][gc             ] GC(102) Pause Young (Mixed) (G1 Evacuation Pause) 7264M->2434M(8192M) 148.961ms
[495.407s][info][gc,cpu         ] GC(102) User=1.18s Sys=0.00s Real=0.15s
.. (rIR:aIR:PR = 12291:12443:12321) (tPR = 185669) [OK] 
   496s:       trying IR =  12440 .[498.234s][info][gc,start       ] GC(103) Pause Young (Mixed) (G1 Evacuation Pause)
[498.234s][info][gc,task        ] GC(103) Using 8 workers of 8 for evacuation
[498.396s][info][gc,phases      ] GC(103)   Pre Evacuate Collection Set: 0.24ms
[498.396s][info][gc,phases      ] GC(103)   Merge Heap Roots: 0.62ms
[498.396s][info][gc,phases      ] GC(103)   Evacuate Collection Set: 159.77ms
[498.396s][info][gc,phases      ] GC(103)   Merge Optional Heap Roots: 0.02ms
[498.396s][info][gc,phases      ] GC(103)   Evacuate Optional Collection Set: 0.05ms
[498.396s][info][gc,phases      ] GC(103)   Post Evacuate Collection Set: 1.34ms
[498.396s][info][gc,phases      ] GC(103)   Other: 0.08ms
[498.396s][info][gc,heap        ] GC(103) Eden regions: 565->0(569)
[498.396s][info][gc,heap        ] GC(103) Survivor regions: 49->45(77)
[498.396s][info][gc,heap        ] GC(103) Old regions: 227->217
[498.396s][info][gc,heap        ] GC(103) Humongous regions: 33->33
[498.396s][info][gc,metaspace   ] GC(103) Metaspace: 29833K(30016K)->29833K(30016K) NonClass: 29833K(30016K)->29833K(30016K) Class: 0K(0K)->0K(0K)
[498.396s][info][gc             ] GC(103) Pause Young (Mixed) (G1 Evacuation Pause) 6954M->2333M(8192M) 162.246ms
[498.397s][info][gc,cpu         ] GC(103) User=1.29s Sys=0.00s Real=0.16s
...[501.310s][info][gc,start       ] GC(104) Pause Young (Mixed) (G1 Evacuation Pause)
[501.310s][info][gc,task        ] GC(104) Using 8 workers of 8 for evacuation
[501.467s][info][gc,phases      ] GC(104)   Pre Evacuate Collection Set: 0.25ms
[501.467s][info][gc,phases      ] GC(104)   Merge Heap Roots: 0.75ms
[501.467s][info][gc,phases      ] GC(104)   Evacuate Collection Set: 152.01ms
[501.467s][info][gc,phases      ] GC(104)   Merge Optional Heap Roots: 0.12ms
[501.467s][info][gc,phases      ] GC(104)   Evacuate Optional Collection Set: 2.30ms
[501.467s][info][gc,phases      ] GC(104)   Post Evacuate Collection Set: 1.26ms
[501.467s][info][gc,phases      ] GC(104)   Other: 0.09ms
[501.467s][info][gc,heap        ] GC(104) Eden regions: 569->0(147)
[501.467s][info][gc,heap        ] GC(104) Survivor regions: 45->44(77)
[501.467s][info][gc,heap        ] GC(104) Old regions: 217->178
[501.467s][info][gc,heap        ] GC(104) Humongous regions: 33->33
[501.467s][info][gc,metaspace   ] GC(104) Metaspace: 29833K(30016K)->29833K(30016K) NonClass: 29833K(30016K)->29833K(30016K) Class: 0K(0K)->0K(0K)
[501.467s][info][gc             ] GC(104) Pause Young (Mixed) (G1 Evacuation Pause) 6885M->2010M(8192M) 156.908ms
[501.467s][info][gc,cpu         ] GC(104) User=1.24s Sys=0.01s Real=0.15s
..[502.502s][info][gc,start       ] GC(105) Pause Young (Mixed) (G1 Evacuation Pause)
[502.502s][info][gc,task        ] GC(105) Using 8 workers of 8 for evacuation
[502.635s][info][gc,phases      ] GC(105)   Pre Evacuate Collection Set: 0.25ms
[502.635s][info][gc,phases      ] GC(105)   Merge Heap Roots: 0.72ms
[502.635s][info][gc,phases      ] GC(105)   Evacuate Collection Set: 131.43ms
[502.635s][info][gc,phases      ] GC(105)   Post Evacuate Collection Set: 0.69ms
[502.635s][info][gc,phases      ] GC(105)   Other: 0.06ms
[502.635s][info][gc,heap        ] GC(105) Eden regions: 207->0(598)
[502.635s][info][gc,heap        ] GC(105) Survivor regions: 44->16(32)
[502.635s][info][gc,heap        ] GC(105) Old regions: 178->194
[502.635s][info][gc,heap        ] GC(105) Humongous regions: 33->33
[502.635s][info][gc,metaspace   ] GC(105) Metaspace: 29833K(30016K)->29833K(30016K) NonClass: 29833K(30016K)->29833K(30016K) Class: 0K(0K)->0K(0K)
[502.635s][info][gc             ] GC(105) Pause Young (Mixed) (G1 Evacuation Pause) 3666M->1923M(8192M) 133.266ms
[502.635s][info][gc,cpu         ] GC(105) User=1.06s Sys=0.00s Real=0.13s
. (rIR:aIR:PR = 12440:12527:12473) (tPR = 193145) [OK] 
   503s:       trying IR =  12618 ..[505.744s][info][gc,start       ] GC(106) Pause Young (Mixed) (G1 Evacuation Pause)
[505.744s][info][gc,task        ] GC(106) Using 8 workers of 8 for evacuation
[505.868s][info][gc,phases      ] GC(106)   Pre Evacuate Collection Set: 0.24ms
[505.868s][info][gc,phases      ] GC(106)   Merge Heap Roots: 0.60ms
[505.868s][info][gc,phases      ] GC(106)   Evacuate Collection Set: 121.83ms
[505.868s][info][gc,phases      ] GC(106)   Post Evacuate Collection Set: 1.01ms
[505.868s][info][gc,phases      ] GC(106)   Other: 0.06ms
[505.868s][info][gc,heap        ] GC(106) Eden regions: 598->0(576)
[505.868s][info][gc,heap        ] GC(106) Survivor regions: 16->38(77)
[505.868s][info][gc,heap        ] GC(106) Old regions: 194->186
[505.868s][info][gc,heap        ] GC(106) Humongous regions: 33->33
[505.868s][info][gc,metaspace   ] GC(106) Metaspace: 29833K(30016K)->29833K(30016K) NonClass: 29833K(30016K)->29833K(30016K) Class: 0K(0K)->0K(0K)
[505.868s][info][gc             ] GC(106) Pause Young (Mixed) (G1 Evacuation Pause) 6707M->2036M(8192M) 123.884ms
[505.868s][info][gc,cpu         ] GC(106) User=0.98s Sys=0.01s Real=0.12s
... (rIR:aIR:PR = 12618:12955:12862) (tPR = 196026) [OK] 
   508s:       trying IR =  12832 [508.790s][info][gc,start       ] GC(107) Pause Young (Normal) (G1 Evacuation Pause)
[508.790s][info][gc,task        ] GC(107) Using 8 workers of 8 for evacuation
[508.928s][info][gc,phases      ] GC(107)   Pre Evacuate Collection Set: 0.24ms
[508.928s][info][gc,phases      ] GC(107)   Merge Heap Roots: 0.49ms
[508.928s][info][gc,phases      ] GC(107)   Evacuate Collection Set: 136.02ms
[508.928s][info][gc,phases      ] GC(107)   Post Evacuate Collection Set: 1.08ms
[508.928s][info][gc,phases      ] GC(107)   Other: 0.06ms
[508.928s][info][gc,heap        ] GC(107) Eden regions: 576->0(568)
[508.928s][info][gc,heap        ] GC(107) Survivor regions: 38->46(77)
[508.928s][info][gc,heap        ] GC(107) Old regions: 186->186
[508.928s][info][gc,heap        ] GC(107) Humongous regions: 33->33
[508.928s][info][gc,metaspace   ] GC(107) Metaspace: 29833K(30016K)->29833K(30016K) NonClass: 29833K(30016K)->29833K(30016K) Class: 0K(0K)->0K(0K)
[508.928s][info][gc             ] GC(107) Pause Young (Normal) (G1 Evacuation Pause) 6644M->2104M(8192M) 138.021ms
[508.928s][info][gc,cpu         ] GC(107) User=1.09s Sys=0.00s Real=0.13s
...[511.800s][info][gc,start       ] GC(108) Pause Young (Normal) (G1 Evacuation Pause)
[511.801s][info][gc,task        ] GC(108) Using 8 workers of 8 for evacuation
[511.954s][info][gc,phases      ] GC(108)   Pre Evacuate Collection Set: 0.28ms
[511.954s][info][gc,phases      ] GC(108)   Merge Heap Roots: 0.50ms
[511.954s][info][gc,phases      ] GC(108)   Evacuate Collection Set: 151.39ms
[511.954s][info][gc,phases      ] GC(108)   Post Evacuate Collection Set: 1.05ms
[511.954s][info][gc,phases      ] GC(108)   Other: 0.06ms
[511.954s][info][gc,heap        ] GC(108) Eden regions: 568->0(571)
[511.954s][info][gc,heap        ] GC(108) Survivor regions: 46->43(77)
[511.954s][info][gc,heap        ] GC(108) Old regions: 186->194
[511.954s][info][gc,heap        ] GC(108) Humongous regions: 33->33
[511.954s][info][gc,metaspace   ] GC(108) Metaspace: 29833K(30016K)->29833K(30016K) NonClass: 29833K(30016K)->29833K(30016K) Class: 0K(0K)->0K(0K)
[511.954s][info][gc             ] GC(108) Pause Young (Normal) (G1 Evacuation Pause) 6648M->2146M(8192M) 153.408ms
[511.954s][info][gc,cpu         ] GC(108) User=1.22s Sys=0.00s Real=0.15s
... (rIR:aIR:PR = 12832:12974:13295) (tPR = 198072) [OK] 
   514s:       trying IR =  13089 [514.887s][info][gc,start       ] GC(109) Pause Young (Normal) (G1 Evacuation Pause)
[514.887s][info][gc,task        ] GC(109) Using 8 workers of 8 for evacuation
[515.036s][info][gc,phases      ] GC(109)   Pre Evacuate Collection Set: 0.25ms
[515.036s][info][gc,phases      ] GC(109)   Merge Heap Roots: 0.49ms
[515.036s][info][gc,phases      ] GC(109)   Evacuate Collection Set: 146.47ms
[515.036s][info][gc,phases      ] GC(109)   Post Evacuate Collection Set: 1.07ms
[515.036s][info][gc,phases      ] GC(109)   Other: 0.06ms
[515.036s][info][gc,heap        ] GC(109) Eden regions: 571->0(570)
[515.036s][info][gc,heap        ] GC(109) Survivor regions: 43->44(77)
[515.036s][info][gc,heap        ] GC(109) Old regions: 194->201
[515.036s][info][gc,heap        ] GC(109) Humongous regions: 33->33
[515.036s][info][gc,metaspace   ] GC(109) Metaspace: 29833K(30016K)->29833K(30016K) NonClass: 29833K(30016K)->29833K(30016K) Class: 0K(0K)->0K(0K)
[515.036s][info][gc             ] GC(109) Pause Young (Normal) (G1 Evacuation Pause) 6714M->2208M(8192M) 148.484ms
[515.036s][info][gc,cpu         ] GC(109) User=1.18s Sys=0.00s Real=0.15s
...[517.853s][info][gc,start       ] GC(110) Pause Young (Normal) (G1 Evacuation Pause)
[517.853s][info][gc,task        ] GC(110) Using 8 workers of 8 for evacuation
[518.013s][info][gc,phases      ] GC(110)   Pre Evacuate Collection Set: 0.23ms
[518.013s][info][gc,phases      ] GC(110)   Merge Heap Roots: 0.49ms
[518.013s][info][gc,phases      ] GC(110)   Evacuate Collection Set: 157.89ms
[518.013s][info][gc,phases      ] GC(110)   Post Evacuate Collection Set: 1.04ms
[518.013s][info][gc,phases      ] GC(110)   Other: 0.06ms
[518.013s][info][gc,heap        ] GC(110) Eden regions: 570->0(567)
[518.013s][info][gc,heap        ] GC(110) Survivor regions: 44->47(77)
[518.013s][info][gc,heap        ] GC(110) Old regions: 201->208
[518.013s][info][gc,heap        ] GC(110) Humongous regions: 33->33
[518.013s][info][gc,metaspace   ] GC(110) Metaspace: 29833K(30016K)->29833K(30016K) NonClass: 29833K(30016K)->29833K(30016K) Class: 0K(0K)->0K(0K)
[518.013s][info][gc             ] GC(110) Pause Young (Normal) (G1 Evacuation Pause) 6768M->2292M(8192M) 159.842ms
[518.013s][info][gc,cpu         ] GC(110) User=1.27s Sys=0.00s Real=0.16s
... (rIR:aIR:PR = 13089:13027:13297) (tPR = 199055) [OK] 
   520s:       trying IR =  13397 [520.887s][info][gc,start       ] GC(111) Pause Young (Normal) (G1 Evacuation Pause)
[520.887s][info][gc,task        ] GC(111) Using 8 workers of 8 for evacuation
[521.034s][info][gc,phases      ] GC(111)   Pre Evacuate Collection Set: 0.24ms
[521.034s][info][gc,phases      ] GC(111)   Merge Heap Roots: 0.49ms
[521.034s][info][gc,phases      ] GC(111)   Evacuate Collection Set: 144.87ms
[521.034s][info][gc,phases      ] GC(111)   Post Evacuate Collection Set: 1.02ms
[521.034s][info][gc,phases      ] GC(111)   Other: 0.07ms
[521.034s][info][gc,heap        ] GC(111) Eden regions: 567->0(571)
[521.034s][info][gc,heap        ] GC(111) Survivor regions: 47->43(77)
[521.034s][info][gc,heap        ] GC(111) Old regions: 208->215
[521.034s][info][gc,heap        ] GC(111) Humongous regions: 33->33
[521.034s][info][gc,metaspace   ] GC(111) Metaspace: 29835K(30016K)->29835K(30016K) NonClass: 29835K(30016K)->29835K(30016K) Class: 0K(0K)->0K(0K)
[521.034s][info][gc             ] GC(111) Pause Young (Normal) (G1 Evacuation Pause) 6828M->2310M(8192M) 146.820ms
[521.034s][info][gc,cpu         ] GC(111) User=1.15s Sys=0.01s Real=0.15s
...[523.915s][info][gc,start       ] GC(112) Pause Young (Normal) (G1 Evacuation Pause)
[523.915s][info][gc,task        ] GC(112) Using 8 workers of 8 for evacuation
[524.063s][info][gc,phases      ] GC(112)   Pre Evacuate Collection Set: 0.24ms
[524.063s][info][gc,phases      ] GC(112)   Merge Heap Roots: 0.49ms
[524.063s][info][gc,phases      ] GC(112)   Evacuate Collection Set: 146.68ms
[524.063s][info][gc,phases      ] GC(112)   Post Evacuate Collection Set: 1.05ms
[524.063s][info][gc,phases      ] GC(112)   Other: 0.07ms
[524.063s][info][gc,heap        ] GC(112) Eden regions: 571->0(570)
[524.063s][info][gc,heap        ] GC(112) Survivor regions: 43->44(77)
[524.063s][info][gc,heap        ] GC(112) Old regions: 215->223
[524.063s][info][gc,heap        ] GC(112) Humongous regions: 33->33
[524.063s][info][gc,metaspace   ] GC(112) Metaspace: 29837K(30016K)->29837K(30016K) NonClass: 29837K(30016K)->29837K(30016K) Class: 0K(0K)->0K(0K)
[524.063s][info][gc             ] GC(112) Pause Young (Normal) (G1 Evacuation Pause) 6878M->2377M(8192M) 148.644ms
[524.063s][info][gc,cpu         ] GC(112) User=1.17s Sys=0.00s Real=0.15s
.. (rIR:aIR:PR = 13397:13417:13037) (tPR = 192000) [OK] 
   525s:       trying IR =  13767 .[526.896s][info][gc,start       ] GC(113) Pause Young (Normal) (G1 Evacuation Pause)
[526.897s][info][gc,task        ] GC(113) Using 8 workers of 8 for evacuation
[527.050s][info][gc,phases      ] GC(113)   Pre Evacuate Collection Set: 0.22ms
[527.050s][info][gc,phases      ] GC(113)   Merge Heap Roots: 0.50ms
[527.050s][info][gc,phases      ] GC(113)   Evacuate Collection Set: 152.09ms
[527.050s][info][gc,phases      ] GC(113)   Post Evacuate Collection Set: 0.98ms
[527.050s][info][gc,phases      ] GC(113)   Other: 0.07ms
[527.050s][info][gc,heap        ] GC(113) Eden regions: 570->0(570)
[527.050s][info][gc,heap        ] GC(113) Survivor regions: 44->44(77)
[527.050s][info][gc,heap        ] GC(113) Old regions: 223->229
[527.050s][info][gc,heap        ] GC(113) Humongous regions: 33->33
[527.050s][info][gc,metaspace   ] GC(113) Metaspace: 29839K(30016K)->29839K(30016K) NonClass: 29839K(30016K)->29839K(30016K) Class: 0K(0K)->0K(0K)
[527.050s][info][gc             ] GC(113) Pause Young (Normal) (G1 Evacuation Pause) 6937M->2430M(8192M) 153.995ms
[527.051s][info][gc,cpu         ] GC(113) User=1.22s Sys=0.00s Real=0.16s
...[529.891s][info][gc,start       ] GC(114) Pause Young (Normal) (G1 Evacuation Pause)
[529.892s][info][gc,task        ] GC(114) Using 8 workers of 8 for evacuation
[530.043s][info][gc,phases      ] GC(114)   Pre Evacuate Collection Set: 0.23ms
[530.043s][info][gc,phases      ] GC(114)   Merge Heap Roots: 0.49ms
[530.043s][info][gc,phases      ] GC(114)   Evacuate Collection Set: 149.43ms
[530.043s][info][gc,phases      ] GC(114)   Post Evacuate Collection Set: 1.03ms
[530.043s][info][gc,phases      ] GC(114)   Other: 0.08ms
[530.043s][info][gc,heap        ] GC(114) Eden regions: 570->0(570)
[530.043s][info][gc,heap        ] GC(114) Survivor regions: 44->44(77)
[530.043s][info][gc,heap        ] GC(114) Old regions: 229->236
[530.043s][info][gc,heap        ] GC(114) Humongous regions: 33->33
[530.043s][info][gc,metaspace   ] GC(114) Metaspace: 29839K(30016K)->29839K(30016K) NonClass: 29839K(30016K)->29839K(30016K) Class: 0K(0K)->0K(0K)
[530.043s][info][gc             ] GC(114) Pause Young (Normal) (G1 Evacuation Pause) 6990M->2490M(8192M) 151.380ms
[530.043s][info][gc,cpu         ] GC(114) User=1.20s Sys=0.01s Real=0.15s
...[532.951s][info][gc,start       ] GC(115) Pause Young (Normal) (G1 Evacuation Pause)
[532.951s][info][gc,task        ] GC(115) Using 8 workers of 8 for evacuation
[533.109s][info][gc,phases      ] GC(115)   Pre Evacuate Collection Set: 0.23ms
[533.109s][info][gc,phases      ] GC(115)   Merge Heap Roots: 0.49ms
[533.109s][info][gc,phases      ] GC(115)   Evacuate Collection Set: 156.49ms
[533.109s][info][gc,phases      ] GC(115)   Post Evacuate Collection Set: 0.99ms
[533.109s][info][gc,phases      ] GC(115)   Other: 0.07ms
[533.109s][info][gc,heap        ] GC(115) Eden regions: 570->0(569)
[533.109s][info][gc,heap        ] GC(115) Survivor regions: 44->45(77)
[533.109s][info][gc,heap        ] GC(115) Old regions: 236->243
[533.109s][info][gc,heap        ] GC(115) Humongous regions: 33->33
[533.109s][info][gc,metaspace   ] GC(115) Metaspace: 29840K(30016K)->29840K(30016K) NonClass: 29840K(30016K)->29840K(30016K) Class: 0K(0K)->0K(0K)
[533.109s][info][gc             ] GC(115) Pause Young (Normal) (G1 Evacuation Pause) 7050M->2556M(8192M) 158.404ms
[533.109s][info][gc,cpu         ] GC(115) User=1.25s Sys=0.00s Real=0.15s
...[535.916s][info][gc,start       ] GC(116) Pause Young (Normal) (G1 Evacuation Pause)
[535.916s][info][gc,task        ] GC(116) Using 8 workers of 8 for evacuation
[536.070s][info][gc,phases      ] GC(116)   Pre Evacuate Collection Set: 0.24ms
[536.070s][info][gc,phases      ] GC(116)   Merge Heap Roots: 0.50ms
[536.070s][info][gc,phases      ] GC(116)   Evacuate Collection Set: 152.33ms
[536.070s][info][gc,phases      ] GC(116)   Post Evacuate Collection Set: 1.00ms
[536.070s][info][gc,phases      ] GC(116)   Other: 0.06ms
[536.070s][info][gc,heap        ] GC(116) Eden regions: 569->0(569)
[536.070s][info][gc,heap        ] GC(116) Survivor regions: 45->45(77)
[536.070s][info][gc,heap        ] GC(116) Old regions: 243->251
[536.070s][info][gc,heap        ] GC(116) Humongous regions: 33->33
[536.070s][info][gc,metaspace   ] GC(116) Metaspace: 29840K(30016K)->29840K(30016K) NonClass: 29840K(30016K)->29840K(30016K) Class: 0K(0K)->0K(0K)
[536.070s][info][gc             ] GC(116) Pause Young (Normal) (G1 Evacuation Pause) 7108M->2609M(8192M) 154.266ms
[536.070s][info][gc,cpu         ] GC(116) User=1.22s Sys=0.00s Real=0.16s
...[538.951s][info][gc,start       ] GC(117) Pause Young (Normal) (G1 Evacuation Pause)
[538.951s][info][gc,task        ] GC(117) Using 8 workers of 8 for evacuation
[539.104s][info][gc,phases      ] GC(117)   Pre Evacuate Collection Set: 0.24ms
[539.104s][info][gc,phases      ] GC(117)   Merge Heap Roots: 0.50ms
[539.104s][info][gc,phases      ] GC(117)   Evacuate Collection Set: 151.25ms
[539.104s][info][gc,phases      ] GC(117)   Post Evacuate Collection Set: 1.04ms
[539.104s][info][gc,phases      ] GC(117)   Other: 0.07ms
[539.104s][info][gc,heap        ] GC(117) Eden regions: 569->0(570)
[539.104s][info][gc,heap        ] GC(117) Survivor regions: 45->44(77)
[539.104s][info][gc,heap        ] GC(117) Old regions: 251->258
[539.104s][info][gc,heap        ] GC(117) Humongous regions: 33->33
[539.104s][info][gc,metaspace   ] GC(117) Metaspace: 29840K(30016K)->29840K(30016K) NonClass: 29840K(30016K)->29840K(30016K) Class: 0K(0K)->0K(0K)
[539.104s][info][gc             ] GC(117) Pause Young (Normal) (G1 Evacuation Pause) 7161M->2658M(8192M) 153.215ms
[539.104s][info][gc,cpu         ] GC(117) User=1.22s Sys=0.00s Real=0.15s
...[541.961s][info][gc,start       ] GC(118) Pause Young (Normal) (G1 Evacuation Pause)
[541.961s][info][gc,task        ] GC(118) Using 8 workers of 8 for evacuation
[542.112s][info][gc,phases      ] GC(118)   Pre Evacuate Collection Set: 0.24ms
[542.112s][info][gc,phases      ] GC(118)   Merge Heap Roots: 0.50ms
[542.112s][info][gc,phases      ] GC(118)   Evacuate Collection Set: 148.51ms
[542.112s][info][gc,phases      ] GC(118)   Post Evacuate Collection Set: 1.04ms
[542.112s][info][gc,phases      ] GC(118)   Other: 0.07ms
[542.112s][info][gc,heap        ] GC(118) Eden regions: 570->0(570)
[542.112s][info][gc,heap        ] GC(118) Survivor regions: 44->44(77)
[542.112s][info][gc,heap        ] GC(118) Old regions: 258->265
[542.112s][info][gc,heap        ] GC(118) Humongous regions: 33->33
[542.112s][info][gc,metaspace   ] GC(118) Metaspace: 29840K(30016K)->29840K(30016K) NonClass: 29840K(30016K)->29840K(30016K) Class: 0K(0K)->0K(0K)
[542.112s][info][gc             ] GC(118) Pause Young (Normal) (G1 Evacuation Pause) 7218M->2717M(8192M) 150.486ms
[542.112s][info][gc,cpu         ] GC(118) User=1.19s Sys=0.00s Real=0.15s
...[544.992s][info][gc,start       ] GC(119) Pause Young (Normal) (G1 Evacuation Pause)
[544.993s][info][gc,task        ] GC(119) Using 8 workers of 8 for evacuation
[545.149s][info][gc,phases      ] GC(119)   Pre Evacuate Collection Set: 0.23ms
[545.149s][info][gc,phases      ] GC(119)   Merge Heap Roots: 0.48ms
[545.149s][info][gc,phases      ] GC(119)   Evacuate Collection Set: 155.04ms
[545.149s][info][gc,phases      ] GC(119)   Post Evacuate Collection Set: 1.05ms
[545.149s][info][gc,phases      ] GC(119)   Other: 0.06ms
[545.149s][info][gc,heap        ] GC(119) Eden regions: 570->0(568)
[545.149s][info][gc,heap        ] GC(119) Survivor regions: 44->46(77)
[545.149s][info][gc,heap        ] GC(119) Old regions: 265->272
[545.149s][info][gc,heap        ] GC(119) Humongous regions: 33->33
[545.149s][info][gc,metaspace   ] GC(119) Metaspace: 29840K(30016K)->29840K(30016K) NonClass: 29840K(30016K)->29840K(30016K) Class: 0K(0K)->0K(0K)
[545.150s][info][gc             ] GC(119) Pause Young (Normal) (G1 Evacuation Pause) 7277M->2790M(8192M) 157.012ms
[545.150s][info][gc,cpu         ] GC(119) User=1.24s Sys=0.00s Real=0.15s
...[548.041s][info][gc,start       ] GC(120) Pause Young (Normal) (G1 Evacuation Pause)
[548.041s][info][gc,task        ] GC(120) Using 8 workers of 8 for evacuation
[548.190s][info][gc,phases      ] GC(120)   Pre Evacuate Collection Set: 0.25ms
[548.190s][info][gc,phases      ] GC(120)   Merge Heap Roots: 0.49ms
[548.190s][info][gc,phases      ] GC(120)   Evacuate Collection Set: 147.74ms
[548.190s][info][gc,phases      ] GC(120)   Post Evacuate Collection Set: 1.01ms
[548.190s][info][gc,phases      ] GC(120)   Other: 0.06ms
[548.190s][info][gc,heap        ] GC(120) Eden regions: 568->0(571)
[548.190s][info][gc,heap        ] GC(120) Survivor regions: 46->43(77)
[548.190s][info][gc,heap        ] GC(120) Old regions: 272->279
[548.190s][info][gc,heap        ] GC(120) Humongous regions: 33->33
[548.190s][info][gc,metaspace   ] GC(120) Metaspace: 29840K(30016K)->29840K(30016K) NonClass: 29840K(30016K)->29840K(30016K) Class: 0K(0K)->0K(0K)
[548.190s][info][gc             ] GC(120) Pause Young (Normal) (G1 Evacuation Pause) 7334M->2826M(8192M) 149.694ms
[548.190s][info][gc,cpu         ] GC(120) User=1.18s Sys=0.01s Real=0.15s
...[551.120s][info][gc,start       ] GC(121) Pause Young (Normal) (G1 Evacuation Pause)
[551.120s][info][gc,task        ] GC(121) Using 8 workers of 8 for evacuation
[551.273s][info][gc,phases      ] GC(121)   Pre Evacuate Collection Set: 0.22ms
[551.273s][info][gc,phases      ] GC(121)   Merge Heap Roots: 0.50ms
[551.273s][info][gc,phases      ] GC(121)   Evacuate Collection Set: 150.84ms
[551.273s][info][gc,phases      ] GC(121)   Post Evacuate Collection Set: 1.04ms
[551.273s][info][gc,phases      ] GC(121)   Other: 0.06ms
[551.273s][info][gc,heap        ] GC(121) Eden regions: 571->0(564)
[551.273s][info][gc,heap        ] GC(121) Survivor regions: 43->44(77)
[551.273s][info][gc,heap        ] GC(121) Old regions: 279->287
[551.273s][info][gc,heap        ] GC(121) Humongous regions: 33->33
[551.273s][info][gc,metaspace   ] GC(121) Metaspace: 29840K(30016K)->29840K(30016K) NonClass: 29840K(30016K)->29840K(30016K) Class: 0K(0K)->0K(0K)
[551.273s][info][gc             ] GC(121) Pause Young (Normal) (G1 Evacuation Pause) 7394M->2890M(8192M) 152.798ms
[551.273s][info][gc,cpu         ] GC(121) User=1.21s Sys=0.01s Real=0.15s
...[554.084s][info][gc,start       ] GC(122) Pause Young (Normal) (G1 Evacuation Pause)
[554.084s][info][gc,task        ] GC(122) Using 8 workers of 8 for evacuation
[554.232s][info][gc,phases      ] GC(122)   Pre Evacuate Collection Set: 0.26ms
[554.232s][info][gc,phases      ] GC(122)   Merge Heap Roots: 0.49ms
[554.232s][info][gc,phases      ] GC(122)   Evacuate Collection Set: 146.79ms
[554.232s][info][gc,phases      ] GC(122)   Post Evacuate Collection Set: 1.00ms
[554.232s][info][gc,phases      ] GC(122)   Other: 0.06ms
[554.232s][info][gc,heap        ] GC(122) Eden regions: 564->0(559)
[554.232s][info][gc,heap        ] GC(122) Survivor regions: 44->43(76)
[554.232s][info][gc,heap        ] GC(122) Old regions: 287->294
[554.232s][info][gc,heap        ] GC(122) Humongous regions: 33->33
[554.232s][info][gc,metaspace   ] GC(122) Metaspace: 29840K(30016K)->29840K(30016K) NonClass: 29840K(30016K)->29840K(30016K) Class: 0K(0K)->0K(0K)
[554.232s][info][gc             ] GC(122) Pause Young (Normal) (G1 Evacuation Pause) 7402M->2944M(8192M) 148.733ms
[554.232s][info][gc,cpu         ] GC(122) User=1.17s Sys=0.00s Real=0.15s
.. (rIR:aIR:PR = 13767:13597:12785) (tPR = 187254) [PR is under limit] 
   555s: Re-initializing (term) [555.672s][info][gc,start       ] GC(123) Pause Full (System.gc())
[555.672s][info][gc,task        ] GC(123) Using 8 workers of 8 for full compaction
[555.672s][info][gc,phases,start] GC(123) Phase 1: Mark live objects
[555.686s][info][gc,phases      ] GC(123) Phase 1: Mark live objects 14.090ms
[555.686s][info][gc,phases,start] GC(123) Phase 2: Prepare compaction
[555.693s][info][gc,phases      ] GC(123) Phase 2: Prepare compaction 6.279ms
[555.693s][info][gc,phases,start] GC(123) Phase 3: Adjust pointers
[555.704s][info][gc,phases      ] GC(123) Phase 3: Adjust pointers 11.543ms
[555.704s][info][gc,phases,start] GC(123) Phase 4: Compact heap
[555.711s][info][gc,phases      ] GC(123) Phase 4: Compact heap 6.248ms
[555.711s][info][gc,phases,start] GC(123) Phase 5: Reset Metadata
[555.714s][info][gc,phases      ] GC(123) Phase 5: Reset Metadata 3.400ms
[555.723s][info][gc,heap        ] GC(123) Eden regions: 286->0(614)
[555.723s][info][gc,heap        ] GC(123) Survivor regions: 43->0(76)
[555.723s][info][gc,heap        ] GC(123) Old regions: 294->12
[555.723s][info][gc,heap        ] GC(123) Humongous regions: 33->33
[555.723s][info][gc,metaspace   ] GC(123) Metaspace: 29841K(30016K)->29841K(30016K) NonClass: 29841K(30016K)->29841K(30016K) Class: 0K(0K)->0K(0K)
[555.723s][info][gc             ] GC(123) Pause Full (System.gc()) 5224M->332M(8192M) 50.760ms
[555.723s][info][gc,cpu         ] GC(123) User=0.33s Sys=0.01s Real=0.05s
(init) ... OK
   561s: Searching from base IR = 13397
   561s:       rampup IR =      0 ... (rIR:aIR:PR = 0:0:0) (tPR = 0) [OK] 
   564s:       rampup IR =   1340 .... (rIR:aIR:PR = 1340:1334:1334) (tPR = 19102) [OK] 
   568s:       rampup IR =   2679 .[569.819s][info][gc,start       ] GC(124) Pause Young (Normal) (G1 Evacuation Pause)
[569.819s][info][gc,task        ] GC(124) Using 8 workers of 8 for evacuation
[570.551s][info][gc,mmu         ] GC(124) MMU target violated: 201.0ms (200.0ms/201.0ms)
[570.551s][info][gc,phases      ] GC(124)   Pre Evacuate Collection Set: 0.26ms
[570.551s][info][gc,phases      ] GC(124)   Merge Heap Roots: 0.86ms
[570.551s][info][gc,phases      ] GC(124)   Evacuate Collection Set: 728.95ms
[570.551s][info][gc,phases      ] GC(124)   Post Evacuate Collection Set: 1.28ms
[570.551s][info][gc,phases      ] GC(124)   Other: 0.10ms
[570.551s][info][gc,heap        ] GC(124) Eden regions: 614->0(239)
[570.551s][info][gc,heap        ] GC(124) Survivor regions: 0->77(77)
[570.551s][info][gc,heap        ] GC(124) Old regions: 12->87
[570.551s][info][gc,heap        ] GC(124) Humongous regions: 86->81
[570.551s][info][gc,metaspace   ] GC(124) Metaspace: 29855K(30016K)->29855K(30016K) NonClass: 29855K(30016K)->29855K(30016K) Class: 0K(0K)->0K(0K)
[570.551s][info][gc             ] GC(124) Pause Young (Normal) (G1 Evacuation Pause) 5668M->1928M(8192M) 731.553ms
[570.551s][info][gc,cpu         ] GC(124) User=5.80s Sys=0.01s Real=0.74s
.... (rIR:aIR:PR = 2679:2663:2663) (tPR = 39161) [OK] 
   573s:       rampup IR =   4019 .[574.991s][info][gc,start       ] GC(125) Pause Young (Normal) (G1 Evacuation Pause)
[574.991s][info][gc,task        ] GC(125) Using 8 workers of 8 for evacuation
[575.329s][info][gc,mmu         ] GC(125) MMU target violated: 201.0ms (200.0ms/201.0ms)
[575.329s][info][gc,phases      ] GC(125)   Pre Evacuate Collection Set: 0.24ms
[575.329s][info][gc,phases      ] GC(125)   Merge Heap Roots: 0.61ms
[575.329s][info][gc,phases      ] GC(125)   Evacuate Collection Set: 336.27ms
[575.329s][info][gc,phases      ] GC(125)   Post Evacuate Collection Set: 0.65ms
[575.329s][info][gc,phases      ] GC(125)   Other: 0.08ms
[575.329s][info][gc,heap        ] GC(125) Eden regions: 240->0(194)
[575.329s][info][gc,heap        ] GC(125) Survivor regions: 77->17(40)
[575.329s][info][gc,heap        ] GC(125) Old regions: 87->165
[575.329s][info][gc,heap        ] GC(125) Humongous regions: 81->81
[575.329s][info][gc,metaspace   ] GC(125) Metaspace: 29855K(30016K)->29855K(30016K) NonClass: 29855K(30016K)->29855K(30016K) Class: 0K(0K)->0K(0K)
[575.329s][info][gc             ] GC(125) Pause Young (Normal) (G1 Evacuation Pause) 3848M->2076M(8192M) 337.958ms
[575.329s][info][gc,cpu         ] GC(125) User=2.68s Sys=0.00s Real=0.33s
... (rIR:aIR:PR = 4019:4020:4020) (tPR = 59132) [OK] 
   577s:       rampup IR =   5359 [578.402s][info][gc,start       ] GC(126) Pause Young (Normal) (G1 Evacuation Pause)
[578.402s][info][gc,task        ] GC(126) Using 8 workers of 8 for evacuation
[578.478s][info][gc,phases      ] GC(126)   Pre Evacuate Collection Set: 0.23ms
[578.478s][info][gc,phases      ] GC(126)   Merge Heap Roots: 0.40ms
[578.478s][info][gc,phases      ] GC(126)   Evacuate Collection Set: 74.87ms
[578.478s][info][gc,phases      ] GC(126)   Post Evacuate Collection Set: 0.58ms
[578.478s][info][gc,phases      ] GC(126)   Other: 0.06ms
[578.478s][info][gc,heap        ] GC(126) Eden regions: 215->0(253)
[578.478s][info][gc,heap        ] GC(126) Survivor regions: 17->15(29)
[578.478s][info][gc,heap        ] GC(126) Old regions: 165->177
[578.478s][info][gc,heap        ] GC(126) Humongous regions: 81->81
[578.478s][info][gc,metaspace   ] GC(126) Metaspace: 29858K(30016K)->29858K(30016K) NonClass: 29858K(30016K)->29858K(30016K) Class: 0K(0K)->0K(0K)
[578.478s][info][gc             ] GC(126) Pause Young (Normal) (G1 Evacuation Pause) 3796M->2156M(8192M) 76.272ms
[578.478s][info][gc,cpu         ] GC(126) User=0.60s Sys=0.00s Real=0.07s
.... (rIR:aIR:PR = 5359:5318:5318) (tPR = 78080) [OK] 
   581s:       rampup IR =   6699 [582.237s][info][gc,start       ] GC(127) Pause Young (Normal) (G1 Evacuation Pause)
[582.237s][info][gc,task        ] GC(127) Using 8 workers of 8 for evacuation
[582.333s][info][gc,phases      ] GC(127)   Pre Evacuate Collection Set: 0.26ms
[582.333s][info][gc,phases      ] GC(127)   Merge Heap Roots: 0.39ms
[582.333s][info][gc,phases      ] GC(127)   Evacuate Collection Set: 94.95ms
[582.333s][info][gc,phases      ] GC(127)   Post Evacuate Collection Set: 0.72ms
[582.333s][info][gc,phases      ] GC(127)   Other: 0.06ms
[582.333s][info][gc,heap        ] GC(127) Eden regions: 316->0(193)
[582.333s][info][gc,heap        ] GC(127) Survivor regions: 15->31(42)
[582.333s][info][gc,heap        ] GC(127) Old regions: 177->177
[582.333s][info][gc,heap        ] GC(127) Humongous regions: 81->81
[582.333s][info][gc,metaspace   ] GC(127) Metaspace: 29858K(30016K)->29858K(30016K) NonClass: 29858K(30016K)->29858K(30016K) Class: 0K(0K)->0K(0K)
[582.333s][info][gc             ] GC(127) Pause Young (Normal) (G1 Evacuation Pause) 4684M->2284M(8192M) 96.506ms
[582.333s][info][gc,cpu         ] GC(127) User=0.77s Sys=0.00s Real=0.10s
..[584.403s][info][gc,start       ] GC(128) Pause Young (Normal) (G1 Evacuation Pause)
[584.403s][info][gc,task        ] GC(128) Using 8 workers of 8 for evacuation
[584.503s][info][gc,phases      ] GC(128)   Pre Evacuate Collection Set: 0.24ms
[584.503s][info][gc,phases      ] GC(128)   Merge Heap Roots: 0.33ms
[584.503s][info][gc,phases      ] GC(128)   Evacuate Collection Set: 99.23ms
[584.503s][info][gc,phases      ] GC(128)   Post Evacuate Collection Set: 0.55ms
[584.503s][info][gc,phases      ] GC(128)   Other: 0.05ms
[584.503s][info][gc,heap        ] GC(128) Eden regions: 209->0(400)
[584.503s][info][gc,heap        ] GC(128) Survivor regions: 31->17(30)
[584.503s][info][gc,heap        ] GC(128) Old regions: 177->199
[584.503s][info][gc,heap        ] GC(128) Humongous regions: 81->81
[584.503s][info][gc,metaspace   ] GC(128) Metaspace: 29858K(30016K)->29858K(30016K) NonClass: 29858K(30016K)->29858K(30016K) Class: 0K(0K)->0K(0K)
[584.503s][info][gc             ] GC(128) Pause Young (Normal) (G1 Evacuation Pause) 3956M->2342M(8192M) 100.533ms
[584.503s][info][gc,cpu         ] GC(128) User=0.79s Sys=0.00s Real=0.10s
.. (rIR:aIR:PR = 6699:6683:6682) (tPR = 100422) [OK] 
   585s:       rampup IR =   8038 ..[588.264s][info][gc,start       ] GC(129) Pause Young (Normal) (G1 Evacuation Pause)
[588.264s][info][gc,task        ] GC(129) Using 8 workers of 8 for evacuation
[588.365s][info][gc,phases      ] GC(129)   Pre Evacuate Collection Set: 0.27ms
[588.365s][info][gc,phases      ] GC(129)   Merge Heap Roots: 0.38ms
[588.365s][info][gc,phases      ] GC(129)   Evacuate Collection Set: 99.01ms
[588.365s][info][gc,phases      ] GC(129)   Post Evacuate Collection Set: 0.88ms
[588.365s][info][gc,phases      ] GC(129)   Other: 0.07ms
[588.365s][info][gc,heap        ] GC(129) Eden regions: 425->0(338)
[588.365s][info][gc,heap        ] GC(129) Survivor regions: 17->33(56)
[588.365s][info][gc,heap        ] GC(129) Old regions: 199->199
[588.365s][info][gc,heap        ] GC(129) Humongous regions: 81->81
[588.365s][info][gc,metaspace   ] GC(129) Metaspace: 29858K(30016K)->29858K(30016K) NonClass: 29858K(30016K)->29858K(30016K) Class: 0K(0K)->0K(0K)
[588.365s][info][gc             ] GC(129) Pause Young (Normal) (G1 Evacuation Pause) 5742M->2470M(8192M) 100.729ms
[588.365s][info][gc,cpu         ] GC(129) User=0.79s Sys=0.00s Real=0.10s
.. (rIR:aIR:PR = 8038:7968:7978) (tPR = 121663) [OK] 
   589s:       rampup IR =   9378 .[591.202s][info][gc,start       ] GC(130) Pause Young (Normal) (G1 Evacuation Pause)
[591.202s][info][gc,task        ] GC(130) Using 8 workers of 8 for evacuation
[591.328s][info][gc,phases      ] GC(130)   Pre Evacuate Collection Set: 0.24ms
[591.328s][info][gc,phases      ] GC(130)   Merge Heap Roots: 0.37ms
[591.328s][info][gc,phases      ] GC(130)   Evacuate Collection Set: 124.13ms
[591.328s][info][gc,phases      ] GC(130)   Post Evacuate Collection Set: 0.81ms
[591.328s][info][gc,phases      ] GC(130)   Other: 0.07ms
[591.328s][info][gc,heap        ] GC(130) Eden regions: 360->0(367)
[591.328s][info][gc,heap        ] GC(130) Survivor regions: 33->37(50)
[591.328s][info][gc,heap        ] GC(130) Old regions: 199->204
[591.328s][info][gc,heap        ] GC(130) Humongous regions: 81->81
[591.328s][info][gc,metaspace   ] GC(130) Metaspace: 29859K(30016K)->29859K(30016K) NonClass: 29859K(30016K)->29859K(30016K) Class: 0K(0K)->0K(0K)
[591.328s][info][gc             ] GC(130) Pause Young (Normal) (G1 Evacuation Pause) 5350M->2547M(8192M) 125.747ms
[591.328s][info][gc,cpu         ] GC(130) User=0.99s Sys=0.00s Real=0.12s
... (rIR:aIR:PR = 9378:9310:9320) (tPR = 138250) [OK] 
   593s:       rampup IR =  10718 [593.990s][info][gc,start       ] GC(131) Pause Young (Normal) (G1 Evacuation Pause)
[593.990s][info][gc,task        ] GC(131) Using 8 workers of 8 for evacuation
[594.134s][info][gc,phases      ] GC(131)   Pre Evacuate Collection Set: 0.26ms
[594.134s][info][gc,phases      ] GC(131)   Merge Heap Roots: 0.47ms
[594.134s][info][gc,phases      ] GC(131)   Evacuate Collection Set: 142.60ms
[594.134s][info][gc,phases      ] GC(131)   Post Evacuate Collection Set: 0.91ms
[594.134s][info][gc,phases      ] GC(131)   Other: 0.06ms
[594.134s][info][gc,heap        ] GC(131) Eden regions: 378->0(405)
[594.134s][info][gc,heap        ] GC(131) Survivor regions: 37->37(52)
[594.134s][info][gc,heap        ] GC(131) Old regions: 204->214
[594.134s][info][gc,heap        ] GC(131) Humongous regions: 81->81
[594.134s][info][gc,metaspace   ] GC(131) Metaspace: 29859K(30016K)->29859K(30016K) NonClass: 29859K(30016K)->29859K(30016K) Class: 0K(0K)->0K(0K)
[594.134s][info][gc             ] GC(131) Pause Young (Normal) (G1 Evacuation Pause) 5571M->2620M(8192M) 144.431ms
[594.134s][info][gc,cpu         ] GC(131) User=1.15s Sys=0.00s Real=0.15s
...[596.711s][info][gc,start       ] GC(132) Pause Young (Normal) (G1 Evacuation Pause)
[596.711s][info][gc,task        ] GC(132) Using 8 workers of 8 for evacuation
[596.838s][info][gc,phases      ] GC(132)   Pre Evacuate Collection Set: 0.24ms
[596.838s][info][gc,phases      ] GC(132)   Merge Heap Roots: 0.38ms
[596.838s][info][gc,phases      ] GC(132)   Evacuate Collection Set: 125.30ms
[596.838s][info][gc,phases      ] GC(132)   Post Evacuate Collection Set: 0.87ms
[596.838s][info][gc,phases      ] GC(132)   Other: 0.06ms
[596.838s][info][gc,heap        ] GC(132) Eden regions: 413->0(497)
[596.838s][info][gc,heap        ] GC(132) Survivor regions: 37->36(57)
[596.838s][info][gc,heap        ] GC(132) Old regions: 214->222
[596.838s][info][gc,heap        ] GC(132) Humongous regions: 81->81
[596.838s][info][gc,metaspace   ] GC(132) Metaspace: 29859K(30016K)->29859K(30016K) NonClass: 29859K(30016K)->29859K(30016K) Class: 0K(0K)->0K(0K)
[596.838s][info][gc             ] GC(132) Pause Young (Normal) (G1 Evacuation Pause) 5924M->2681M(8192M) 126.964ms
[596.838s][info][gc,cpu         ] GC(132) User=1.00s Sys=0.00s Real=0.12s
. (rIR:aIR:PR = 10718:10867:10891) (tPR = 165605) [OK] 
   597s:       rampup IR =  12057 ..[599.715s][info][gc,start       ] GC(133) Pause Young (Normal) (G1 Evacuation Pause)
[599.715s][info][gc,task        ] GC(133) Using 8 workers of 8 for evacuation
[599.851s][info][gc,phases      ] GC(133)   Pre Evacuate Collection Set: 0.24ms
[599.851s][info][gc,phases      ] GC(133)   Merge Heap Roots: 0.42ms
[599.851s][info][gc,phases      ] GC(133)   Evacuate Collection Set: 134.37ms
[599.851s][info][gc,phases      ] GC(133)   Post Evacuate Collection Set: 0.90ms
[599.851s][info][gc,phases      ] GC(133)   Other: 0.06ms
[599.851s][info][gc,heap        ] GC(133) Eden regions: 499->0(520)
[599.851s][info][gc,heap        ] GC(133) Survivor regions: 36->40(67)
[599.851s][info][gc,heap        ] GC(133) Old regions: 222->229
[599.851s][info][gc,heap        ] GC(133) Humongous regions: 81->81
[599.851s][info][gc,metaspace   ] GC(133) Metaspace: 29859K(30016K)->29859K(30016K) NonClass: 29859K(30016K)->29859K(30016K) Class: 0K(0K)->0K(0K)
[599.851s][info][gc             ] GC(133) Pause Young (Normal) (G1 Evacuation Pause) 6673M->2767M(8192M) 136.126ms
[599.851s][info][gc,cpu         ] GC(133) User=1.08s Sys=0.00s Real=0.14s
.. (rIR:aIR:PR = 12057:11985:11891) (tPR = 179954) [OK] 
   601s:       rampup IR =  13397 .[602.610s][info][gc,start       ] GC(134) Pause Young (Normal) (G1 Evacuation Pause)
[602.610s][info][gc,task        ] GC(134) Using 8 workers of 8 for evacuation
[602.753s][info][gc,phases      ] GC(134)   Pre Evacuate Collection Set: 0.25ms
[602.753s][info][gc,phases      ] GC(134)   Merge Heap Roots: 0.42ms
[602.753s][info][gc,phases      ] GC(134)   Evacuate Collection Set: 140.98ms
[602.753s][info][gc,phases      ] GC(134)   Post Evacuate Collection Set: 1.07ms
[602.753s][info][gc,phases      ] GC(134)   Other: 0.06ms
[602.753s][info][gc,heap        ] GC(134) Eden regions: 520->0(562)
[602.753s][info][gc,heap        ] GC(134) Survivor regions: 40->42(70)
[602.753s][info][gc,heap        ] GC(134) Old regions: 229->235
[602.753s][info][gc,heap        ] GC(134) Humongous regions: 81->81
[602.753s][info][gc,metaspace   ] GC(134) Metaspace: 29859K(30016K)->29859K(30016K) NonClass: 29859K(30016K)->29859K(30016K) Class: 0K(0K)->0K(0K)
[602.753s][info][gc             ] GC(134) Pause Young (Normal) (G1 Evacuation Pause) 6927M->2832M(8192M) 142.905ms
[602.753s][info][gc,cpu         ] GC(134) User=1.13s Sys=0.00s Real=0.14s
..[605.584s][info][gc,start       ] GC(135) Pause Young (Normal) (G1 Evacuation Pause)
[605.584s][info][gc,task        ] GC(135) Using 8 workers of 8 for evacuation
[605.732s][info][gc,phases      ] GC(135)   Pre Evacuate Collection Set: 0.25ms
[605.732s][info][gc,phases      ] GC(135)   Merge Heap Roots: 0.43ms
[605.732s][info][gc,phases      ] GC(135)   Evacuate Collection Set: 146.37ms
[605.732s][info][gc,phases      ] GC(135)   Post Evacuate Collection Set: 0.99ms
[605.732s][info][gc,phases      ] GC(135)   Other: 0.06ms
[605.733s][info][gc,heap        ] GC(135) Eden regions: 561->0(560)
[605.733s][info][gc,heap        ] GC(135) Survivor regions: 42->44(76)
[605.733s][info][gc,heap        ] GC(135) Old regions: 235->243
[605.733s][info][gc,heap        ] GC(135) Humongous regions: 81->81
[605.733s][info][gc,metaspace   ] GC(135) Metaspace: 29859K(30016K)->29859K(30016K) NonClass: 29859K(30016K)->29859K(30016K) Class: 0K(0K)->0K(0K)
[605.733s][info][gc             ] GC(135) Pause Young (Normal) (G1 Evacuation Pause) 7320M->2906M(8192M) 148.230ms
[605.733s][info][gc,cpu         ] GC(135) User=1.18s Sys=0.00s Real=0.15s
...[608.573s][info][gc,start       ] GC(136) Pause Young (Normal) (G1 Evacuation Pause)
[608.573s][info][gc,task        ] GC(136) Using 8 workers of 8 for evacuation
[608.728s][info][gc,phases      ] GC(136)   Pre Evacuate Collection Set: 0.23ms
[608.729s][info][gc,phases      ] GC(136)   Merge Heap Roots: 0.45ms
[608.729s][info][gc,phases      ] GC(136)   Evacuate Collection Set: 153.29ms
[608.729s][info][gc,phases      ] GC(136)   Post Evacuate Collection Set: 1.01ms
[608.729s][info][gc,phases      ] GC(136)   Other: 0.06ms
[608.729s][info][gc,heap        ] GC(136) Eden regions: 560->0(551)
[608.729s][info][gc,heap        ] GC(136) Survivor regions: 44->45(76)
[608.729s][info][gc,heap        ] GC(136) Old regions: 243->250
[608.729s][info][gc,heap        ] GC(136) Humongous regions: 81->81
[608.729s][info][gc,metaspace   ] GC(136) Metaspace: 29864K(30080K)->29864K(30080K) NonClass: 29864K(30080K)->29864K(30080K) Class: 0K(0K)->0K(0K)
[608.729s][info][gc             ] GC(136) Pause Young (Normal) (G1 Evacuation Pause) 7386M->2974M(8192M) 155.175ms
[608.729s][info][gc,cpu         ] GC(136) User=1.23s Sys=0.00s Real=0.15s
...[611.428s][info][gc,start       ] GC(137) Pause Young (Normal) (G1 Evacuation Pause)
[611.428s][info][gc,task        ] GC(137) Using 8 workers of 8 for evacuation
[611.587s][info][gc,phases      ] GC(137)   Pre Evacuate Collection Set: 0.24ms
[611.587s][info][gc,phases      ] GC(137)   Merge Heap Roots: 0.44ms
[611.587s][info][gc,phases      ] GC(137)   Evacuate Collection Set: 157.18ms
[611.587s][info][gc,phases      ] GC(137)   Post Evacuate Collection Set: 0.99ms
[611.587s][info][gc,phases      ] GC(137)   Other: 0.06ms
[611.587s][info][gc,heap        ] GC(137) Eden regions: 551->0(540)
[611.587s][info][gc,heap        ] GC(137) Survivor regions: 45->47(75)
[611.587s][info][gc,heap        ] GC(137) Old regions: 250->257
[611.587s][info][gc,heap        ] GC(137) Humongous regions: 81->81
[611.587s][info][gc,metaspace   ] GC(137) Metaspace: 29864K(30080K)->29864K(30080K) NonClass: 29864K(30080K)->29864K(30080K) Class: 0K(0K)->0K(0K)
[611.587s][info][gc             ] GC(137) Pause Young (Normal) (G1 Evacuation Pause) 7382M->3048M(8192M) 159.034ms
[611.587s][info][gc,cpu         ] GC(137) User=1.26s Sys=0.00s Real=0.16s
.. (rIR:aIR:PR = 13397:13253:12966) (tPR = 191390) [OK] 
   612s:    snapshot, IR =  13397 .[614.389s][info][gc,start       ] GC(138) Pause Young (Normal) (G1 Evacuation Pause)
[614.389s][info][gc,task        ] GC(138) Using 8 workers of 8 for evacuation
[614.545s][info][gc,phases      ] GC(138)   Pre Evacuate Collection Set: 0.24ms
[614.545s][info][gc,phases      ] GC(138)   Merge Heap Roots: 0.47ms
[614.545s][info][gc,phases      ] GC(138)   Evacuate Collection Set: 154.57ms
[614.545s][info][gc,phases      ] GC(138)   Post Evacuate Collection Set: 0.96ms
[614.545s][info][gc,phases      ] GC(138)   Other: 0.06ms
[614.545s][info][gc,heap        ] GC(138) Eden regions: 540->0(537)
[614.545s][info][gc,heap        ] GC(138) Survivor regions: 47->45(74)
[614.545s][info][gc,heap        ] GC(138) Old regions: 257->264
[614.545s][info][gc,heap        ] GC(138) Humongous regions: 81->81
[614.545s][info][gc,metaspace   ] GC(138) Metaspace: 29864K(30080K)->29864K(30080K) NonClass: 29864K(30080K)->29864K(30080K) Class: 0K(0K)->0K(0K)
[614.545s][info][gc             ] GC(138) Pause Young (Normal) (G1 Evacuation Pause) 7368M->3086M(8192M) 156.428ms
[614.545s][info][gc,cpu         ] GC(138) User=1.24s Sys=0.00s Real=0.16s
...[617.254s][info][gc,start       ] GC(139) Pause Young (Normal) (G1 Evacuation Pause)
[617.254s][info][gc,task        ] GC(139) Using 8 workers of 8 for evacuation
[617.405s][info][gc,phases      ] GC(139)   Pre Evacuate Collection Set: 0.22ms
[617.405s][info][gc,phases      ] GC(139)   Merge Heap Roots: 0.44ms
[617.405s][info][gc,phases      ] GC(139)   Evacuate Collection Set: 148.54ms
[617.405s][info][gc,phases      ] GC(139)   Post Evacuate Collection Set: 1.00ms
[617.405s][info][gc,phases      ] GC(139)   Other: 0.06ms
[617.405s][info][gc,heap        ] GC(139) Eden regions: 537->0(533)
[617.405s][info][gc,heap        ] GC(139) Survivor regions: 45->43(73)
[617.405s][info][gc,heap        ] GC(139) Old regions: 264->272
[617.405s][info][gc,heap        ] GC(139) Humongous regions: 81->81
[617.405s][info][gc,metaspace   ] GC(139) Metaspace: 29864K(30080K)->29864K(30080K) NonClass: 29864K(30080K)->29864K(30080K) Class: 0K(0K)->0K(0K)
[617.405s][info][gc             ] GC(139) Pause Young (Normal) (G1 Evacuation Pause) 7382M->3136M(8192M) 150.391ms
[617.405s][info][gc,cpu         ] GC(139) User=1.19s Sys=0.00s Real=0.15s
...[620.112s][info][gc,start       ] GC(140) Pause Young (Normal) (G1 Evacuation Pause)
[620.112s][info][gc,task        ] GC(140) Using 8 workers of 8 for evacuation
[620.262s][info][gc,phases      ] GC(140)   Pre Evacuate Collection Set: 0.22ms
[620.262s][info][gc,phases      ] GC(140)   Merge Heap Roots: 0.44ms
[620.262s][info][gc,phases      ] GC(140)   Evacuate Collection Set: 148.41ms
[620.262s][info][gc,phases      ] GC(140)   Post Evacuate Collection Set: 0.95ms
[620.262s][info][gc,phases      ] GC(140)   Other: 0.08ms
[620.262s][info][gc,heap        ] GC(140) Eden regions: 533->0(525)
[620.262s][info][gc,heap        ] GC(140) Survivor regions: 43->43(72)
[620.262s][info][gc,heap        ] GC(140) Old regions: 272->280
[620.262s][info][gc,heap        ] GC(140) Humongous regions: 81->81
[620.262s][info][gc,metaspace   ] GC(140) Metaspace: 29864K(30080K)->29864K(30080K) NonClass: 29864K(30080K)->29864K(30080K) Class: 0K(0K)->0K(0K)
[620.262s][info][gc             ] GC(140) Pause Young (Normal) (G1 Evacuation Pause) 7400M->3198M(8192M) 150.237ms
[620.262s][info][gc,cpu         ] GC(140) User=1.19s Sys=0.00s Real=0.15s
...[622.815s][info][gc,start       ] GC(141) Pause Young (Normal) (G1 Evacuation Pause)
[622.815s][info][gc,task        ] GC(141) Using 8 workers of 8 for evacuation
[622.965s][info][gc,phases      ] GC(141)   Pre Evacuate Collection Set: 0.23ms
[622.965s][info][gc,phases      ] GC(141)   Merge Heap Roots: 0.45ms
[622.965s][info][gc,phases      ] GC(141)   Evacuate Collection Set: 148.09ms
[622.965s][info][gc,phases      ] GC(141)   Post Evacuate Collection Set: 0.92ms
[622.965s][info][gc,phases      ] GC(141)   Other: 0.06ms
[622.965s][info][gc,heap        ] GC(141) Eden regions: 525->0(518)
[622.965s][info][gc,heap        ] GC(141) Survivor regions: 43->43(71)
[622.965s][info][gc,heap        ] GC(141) Old regions: 280->287
[622.965s][info][gc,heap        ] GC(141) Humongous regions: 81->81
[622.965s][info][gc,metaspace   ] GC(141) Metaspace: 29864K(30080K)->29864K(30080K) NonClass: 29864K(30080K)->29864K(30080K) Class: 0K(0K)->0K(0K)
[622.965s][info][gc             ] GC(141) Pause Young (Normal) (G1 Evacuation Pause) 7398M->3254M(8192M) 149.867ms
[622.965s][info][gc,cpu         ] GC(141) User=1.19s Sys=0.00s Real=0.15s
.|.[625.571s][info][gc,start       ] GC(142) Pause Young (Normal) (G1 Evacuation Pause)
[625.571s][info][gc,task        ] GC(142) Using 8 workers of 8 for evacuation
[625.724s][info][gc,phases      ] GC(142)   Pre Evacuate Collection Set: 0.23ms
[625.724s][info][gc,phases      ] GC(142)   Merge Heap Roots: 0.45ms
[625.724s][info][gc,phases      ] GC(142)   Evacuate Collection Set: 150.59ms
[625.724s][info][gc,phases      ] GC(142)   Post Evacuate Collection Set: 0.93ms
[625.724s][info][gc,phases      ] GC(142)   Other: 0.06ms
[625.724s][info][gc,heap        ] GC(142) Eden regions: 518->0(508)
[625.724s][info][gc,heap        ] GC(142) Survivor regions: 43->44(71)
[625.724s][info][gc,heap        ] GC(142) Old regions: 287->295
[625.724s][info][gc,heap        ] GC(142) Humongous regions: 81->81
[625.724s][info][gc,metaspace   ] GC(142) Metaspace: 29864K(30080K)->29864K(30080K) NonClass: 29864K(30080K)->29864K(30080K) Class: 0K(0K)->0K(0K)
[625.724s][info][gc             ] GC(142) Pause Young (Normal) (G1 Evacuation Pause) 7398M->3322M(8192M) 152.378ms
[625.724s][info][gc,cpu         ] GC(142) User=1.21s Sys=0.00s Real=0.15s
...[628.328s][info][gc,start       ] GC(143) Pause Young (Normal) (G1 Evacuation Pause)
[628.328s][info][gc,task        ] GC(143) Using 8 workers of 8 for evacuation
[628.473s][info][gc,phases      ] GC(143)   Pre Evacuate Collection Set: 0.24ms
[628.473s][info][gc,phases      ] GC(143)   Merge Heap Roots: 0.45ms
[628.473s][info][gc,phases      ] GC(143)   Evacuate Collection Set: 143.38ms
[628.473s][info][gc,phases      ] GC(143)   Post Evacuate Collection Set: 0.92ms
[628.473s][info][gc,phases      ] GC(143)   Other: 0.06ms
[628.473s][info][gc,heap        ] GC(143) Eden regions: 508->0(505)
[628.473s][info][gc,heap        ] GC(143) Survivor regions: 44->42(69)
[628.473s][info][gc,heap        ] GC(143) Old regions: 295->302
[628.473s][info][gc,heap        ] GC(143) Humongous regions: 81->81
[628.473s][info][gc,metaspace   ] GC(143) Metaspace: 29864K(30080K)->29864K(30080K) NonClass: 29864K(30080K)->29864K(30080K) Class: 0K(0K)->0K(0K)
[628.473s][info][gc             ] GC(143) Pause Young (Normal) (G1 Evacuation Pause) 7386M->3368M(8192M) 145.176ms
[628.473s][info][gc,cpu         ] GC(143) User=1.15s Sys=0.00s Real=0.15s
...[631.000s][info][gc,start       ] GC(144) Pause Young (Normal) (G1 Evacuation Pause)
[631.000s][info][gc,task        ] GC(144) Using 8 workers of 8 for evacuation
[631.147s][info][gc,phases      ] GC(144)   Pre Evacuate Collection Set: 0.23ms
[631.147s][info][gc,phases      ] GC(144)   Merge Heap Roots: 0.47ms
[631.147s][info][gc,phases      ] GC(144)   Evacuate Collection Set: 145.87ms
[631.147s][info][gc,phases      ] GC(144)   Post Evacuate Collection Set: 0.92ms
[631.147s][info][gc,phases      ] GC(144)   Other: 0.06ms
[631.147s][info][gc,heap        ] GC(144) Eden regions: 505->0(495)
[631.147s][info][gc,heap        ] GC(144) Survivor regions: 42->43(69)
[631.147s][info][gc,heap        ] GC(144) Old regions: 302->310
[631.147s][info][gc,heap        ] GC(144) Humongous regions: 81->81
[631.147s][info][gc,metaspace   ] GC(144) Metaspace: 29864K(30080K)->29864K(30080K) NonClass: 29864K(30080K)->29864K(30080K) Class: 0K(0K)->0K(0K)
[631.147s][info][gc             ] GC(144) Pause Young (Normal) (G1 Evacuation Pause) 7408M->3440M(8192M) 147.695ms
[631.147s][info][gc,cpu         ] GC(144) User=1.17s Sys=0.00s Real=0.15s
..[633.609s][info][gc,start       ] GC(145) Pause Young (Normal) (G1 Evacuation Pause)
[633.609s][info][gc,task        ] GC(145) Using 8 workers of 8 for evacuation
[633.760s][info][gc,phases      ] GC(145)   Pre Evacuate Collection Set: 0.22ms
[633.760s][info][gc,phases      ] GC(145)   Merge Heap Roots: 0.45ms
[633.760s][info][gc,phases      ] GC(145)   Evacuate Collection Set: 149.25ms
[633.760s][info][gc,phases      ] GC(145)   Post Evacuate Collection Set: 0.96ms
[633.760s][info][gc,phases      ] GC(145)   Other: 0.06ms
[633.760s][info][gc,heap        ] GC(145) Eden regions: 495->0(485)
[633.760s][info][gc,heap        ] GC(145) Survivor regions: 43->44(68)
[633.760s][info][gc,heap        ] GC(145) Old regions: 310->318
[633.760s][info][gc,heap        ] GC(145) Humongous regions: 81->81
[633.760s][info][gc,metaspace   ] GC(145) Metaspace: 29864K(30080K)->29864K(30080K) NonClass: 29864K(30080K)->29864K(30080K) Class: 0K(0K)->0K(0K)
[633.760s][info][gc             ] GC(145) Pause Young (Normal) (G1 Evacuation Pause) 7400M->3509M(8192M) 151.060ms
[633.760s][info][gc,cpu         ] GC(145) User=1.20s Sys=0.00s Real=0.16s
...[636.128s][info][gc,start       ] GC(146) Pause Young (Normal) (G1 Evacuation Pause)
[636.128s][info][gc,task        ] GC(146) Using 8 workers of 8 for evacuation
[636.274s][info][gc,phases      ] GC(146)   Pre Evacuate Collection Set: 0.23ms
[636.274s][info][gc,phases      ] GC(146)   Merge Heap Roots: 0.45ms
[636.274s][info][gc,phases      ] GC(146)   Evacuate Collection Set: 144.37ms
[636.274s][info][gc,phases      ] GC(146)   Post Evacuate Collection Set: 0.93ms
[636.274s][info][gc,phases      ] GC(146)   Other: 0.06ms
[636.274s][info][gc,heap        ] GC(146) Eden regions: 485->0(481)
[636.274s][info][gc,heap        ] GC(146) Survivor regions: 44->42(67)
[636.274s][info][gc,heap        ] GC(146) Old regions: 318->326
[636.274s][info][gc,heap        ] GC(146) Humongous regions: 81->81
[636.274s][info][gc,metaspace   ] GC(146) Metaspace: 29864K(30080K)->29864K(30080K) NonClass: 29864K(30080K)->29864K(30080K) Class: 0K(0K)->0K(0K)
[636.274s][info][gc             ] GC(146) Pause Young (Normal) (G1 Evacuation Pause) 7389M->3559M(8192M) 146.157ms
[636.274s][info][gc,cpu         ] GC(146) User=1.15s Sys=0.00s Real=0.15s
..[638.640s][info][gc,start       ] GC(147) Pause Young (Normal) (G1 Evacuation Pause)
[638.640s][info][gc,task        ] GC(147) Using 8 workers of 8 for evacuation
[638.784s][info][gc,phases      ] GC(147)   Pre Evacuate Collection Set: 0.22ms
[638.784s][info][gc,phases      ] GC(147)   Merge Heap Roots: 0.44ms
[638.784s][info][gc,phases      ] GC(147)   Evacuate Collection Set: 142.44ms
[638.784s][info][gc,phases      ] GC(147)   Post Evacuate Collection Set: 0.91ms
[638.784s][info][gc,phases      ] GC(147)   Other: 0.06ms
[638.784s][info][gc,heap        ] GC(147) Eden regions: 481->0(476)
[638.784s][info][gc,heap        ] GC(147) Survivor regions: 42->41(66)
[638.784s][info][gc,heap        ] GC(147) Old regions: 326->333
[638.784s][info][gc,heap        ] GC(147) Humongous regions: 81->81
[638.784s][info][gc,metaspace   ] GC(147) Metaspace: 29865K(30080K)->29865K(30080K) NonClass: 29865K(30080K)->29865K(30080K) Class: 0K(0K)->0K(0K)
[638.784s][info][gc             ] GC(147) Pause Young (Normal) (G1 Evacuation Pause) 7407M->3612M(8192M) 144.211ms
[638.784s][info][gc,cpu         ] GC(147) User=1.15s Sys=0.00s Real=0.14s
...[641.203s][info][gc,start       ] GC(148) Pause Young (Normal) (G1 Evacuation Pause)
[641.203s][info][gc,task        ] GC(148) Using 8 workers of 8 for evacuation
[641.349s][info][gc,phases      ] GC(148)   Pre Evacuate Collection Set: 0.23ms
[641.349s][info][gc,phases      ] GC(148)   Merge Heap Roots: 0.46ms
[641.349s][info][gc,phases      ] GC(148)   Evacuate Collection Set: 143.57ms
[641.349s][info][gc,phases      ] GC(148)   Post Evacuate Collection Set: 0.96ms
[641.349s][info][gc,phases      ] GC(148)   Other: 0.07ms
[641.349s][info][gc,heap        ] GC(148) Eden regions: 476->0(468)
[641.349s][info][gc,heap        ] GC(148) Survivor regions: 41->41(65)
[641.349s][info][gc,heap        ] GC(148) Old regions: 333->341
[641.349s][info][gc,heap        ] GC(148) Humongous regions: 81->81
[641.349s][info][gc,metaspace   ] GC(148) Metaspace: 29865K(30080K)->29865K(30080K) NonClass: 29865K(30080K)->29865K(30080K) Class: 0K(0K)->0K(0K)
[641.349s][info][gc             ] GC(148) Pause Young (Normal) (G1 Evacuation Pause) 7420M->3675M(8192M) 145.426ms
[641.349s][info][gc,cpu         ] GC(148) User=1.15s Sys=0.00s Real=0.14s
..[643.706s][info][gc,start       ] GC(149) Pause Young (Normal) (G1 Evacuation Pause)
[643.706s][info][gc,task        ] GC(149) Using 8 workers of 8 for evacuation
[643.850s][info][gc,phases      ] GC(149)   Pre Evacuate Collection Set: 0.25ms
[643.850s][info][gc,phases      ] GC(149)   Merge Heap Roots: 0.45ms
[643.850s][info][gc,phases      ] GC(149)   Evacuate Collection Set: 142.40ms
[643.850s][info][gc,phases      ] GC(149)   Post Evacuate Collection Set: 0.88ms
[643.850s][info][gc,phases      ] GC(149)   Other: 0.06ms
[643.850s][info][gc,heap        ] GC(149) Eden regions: 468->0(457)
[643.850s][info][gc,heap        ] GC(149) Survivor regions: 41->42(64)
[643.850s][info][gc,heap        ] GC(149) Old regions: 341->350
[643.850s][info][gc,heap        ] GC(149) Humongous regions: 81->81
[643.850s][info][gc,metaspace   ] GC(149) Metaspace: 29865K(30080K)->29865K(30080K) NonClass: 29865K(30080K)->29865K(30080K) Class: 0K(0K)->0K(0K)
[643.850s][info][gc             ] GC(149) Pause Young (Normal) (G1 Evacuation Pause) 7419M->3746M(8192M) 144.178ms
[643.850s][info][gc,cpu         ] GC(149) User=1.14s Sys=0.00s Real=0.15s
...[646.151s][info][gc,start       ] GC(150) Pause Young (Normal) (G1 Evacuation Pause)
[646.151s][info][gc,task        ] GC(150) Using 8 workers of 8 for evacuation
[646.289s][info][gc,phases      ] GC(150)   Pre Evacuate Collection Set: 0.22ms
[646.289s][info][gc,phases      ] GC(150)   Merge Heap Roots: 0.44ms
[646.289s][info][gc,phases      ] GC(150)   Evacuate Collection Set: 135.83ms
[646.289s][info][gc,phases      ] GC(150)   Post Evacuate Collection Set: 0.90ms
[646.289s][info][gc,phases      ] GC(150)   Other: 0.06ms
[646.289s][info][gc,heap        ] GC(150) Eden regions: 457->0(453)
[646.289s][info][gc,heap        ] GC(150) Survivor regions: 42->40(63)
[646.289s][info][gc,heap        ] GC(150) Old regions: 350->358
[646.289s][info][gc,heap        ] GC(150) Humongous regions: 81->81
[646.289s][info][gc,metaspace   ] GC(150) Metaspace: 29865K(30080K)->29865K(30080K) NonClass: 29865K(30080K)->29865K(30080K) Class: 0K(0K)->0K(0K)
[646.289s][info][gc             ] GC(150) Pause Young (Normal) (G1 Evacuation Pause) 7402M->3797M(8192M) 137.580ms
[646.289s][info][gc,cpu         ] GC(150) User=1.09s Sys=0.01s Real=0.13s
..[648.462s][info][gc,start       ] GC(151) Pause Young (Normal) (G1 Evacuation Pause)
[648.462s][info][gc,task        ] GC(151) Using 8 workers of 8 for evacuation
[648.613s][info][gc,phases      ] GC(151)   Pre Evacuate Collection Set: 0.21ms
[648.613s][info][gc,phases      ] GC(151)   Merge Heap Roots: 0.45ms
[648.613s][info][gc,phases      ] GC(151)   Evacuate Collection Set: 149.71ms
[648.613s][info][gc,phases      ] GC(151)   Post Evacuate Collection Set: 0.85ms
[648.613s][info][gc,phases      ] GC(151)   Other: 0.06ms
[648.613s][info][gc,heap        ] GC(151) Eden regions: 453->0(439)
[648.613s][info][gc,heap        ] GC(151) Survivor regions: 40->43(62)
[648.613s][info][gc,heap        ] GC(151) Old regions: 358->366
[648.613s][info][gc,heap        ] GC(151) Humongous regions: 81->81
[648.613s][info][gc,metaspace   ] GC(151) Metaspace: 29865K(30080K)->29865K(30080K) NonClass: 29865K(30080K)->29865K(30080K) Class: 0K(0K)->0K(0K)
[648.613s][info][gc             ] GC(151) Pause Young (Normal) (G1 Evacuation Pause) 7421M->3889M(8192M) 151.416ms
[648.614s][info][gc,cpu         ] GC(151) User=1.20s Sys=0.00s Real=0.15s
..[650.706s][info][gc,start       ] GC(152) Pause Young (Normal) (G1 Evacuation Pause)
[650.706s][info][gc,task        ] GC(152) Using 8 workers of 8 for evacuation
[650.850s][info][gc,phases      ] GC(152)   Pre Evacuate Collection Set: 0.22ms
[650.850s][info][gc,phases      ] GC(152)   Merge Heap Roots: 0.45ms
[650.850s][info][gc,phases      ] GC(152)   Evacuate Collection Set: 142.15ms
[650.850s][info][gc,phases      ] GC(152)   Post Evacuate Collection Set: 0.84ms
[650.850s][info][gc,phases      ] GC(152)   Other: 0.07ms
[650.850s][info][gc,heap        ] GC(152) Eden regions: 439->0(435)
[650.850s][info][gc,heap        ] GC(152) Survivor regions: 43->41(61)
[650.850s][info][gc,heap        ] GC(152) Old regions: 366->374
[650.850s][info][gc,heap        ] GC(152) Humongous regions: 81->81
[650.850s][info][gc,metaspace   ] GC(152) Metaspace: 29865K(30080K)->29865K(30080K) NonClass: 29865K(30080K)->29865K(30080K) Class: 0K(0K)->0K(0K)
[650.850s][info][gc             ] GC(152) Pause Young (Normal) (G1 Evacuation Pause) 7401M->3933M(8192M) 143.861ms
[650.850s][info][gc,cpu         ] GC(152) User=1.14s Sys=0.00s Real=0.15s
...[653.060s][info][gc,start       ] GC(153) Pause Young (Normal) (G1 Evacuation Pause)
[653.060s][info][gc,task        ] GC(153) Using 8 workers of 8 for evacuation
[653.203s][info][gc,phases      ] GC(153)   Pre Evacuate Collection Set: 0.21ms
[653.203s][info][gc,phases      ] GC(153)   Merge Heap Roots: 0.44ms
[653.203s][info][gc,phases      ] GC(153)   Evacuate Collection Set: 141.35ms
[653.203s][info][gc,phases      ] GC(153)   Post Evacuate Collection Set: 0.81ms
[653.203s][info][gc,phases      ] GC(153)   Other: 0.06ms
[653.203s][info][gc,heap        ] GC(153) Eden regions: 435->0(425)
[653.203s][info][gc,heap        ] GC(153) Survivor regions: 41->42(60)
[653.203s][info][gc,heap        ] GC(153) Old regions: 374->382
[653.203s][info][gc,heap        ] GC(153) Humongous regions: 81->81
[653.203s][info][gc,metaspace   ] GC(153) Metaspace: 29865K(30080K)->29865K(30080K) NonClass: 29865K(30080K)->29865K(30080K) Class: 0K(0K)->0K(0K)
[653.203s][info][gc             ] GC(153) Pause Young (Normal) (G1 Evacuation Pause) 7413M->4008M(8192M) 142.993ms
[653.203s][info][gc,cpu         ] GC(153) User=1.13s Sys=0.00s Real=0.14s
. (rIR:aIR:PR = 13397:13443:13048) (tPR = 194730) [OK] 
   653s: Performing snapshot: (quiescence.[655.226s][info][gc,start       ] GC(154) Pause Young (Concurrent Start) (G1 Evacuation Pause)
[655.226s][info][gc,task        ] GC(154) Using 8 workers of 8 for evacuation
[655.371s][info][gc,phases      ] GC(154)   Pre Evacuate Collection Set: 0.27ms
[655.371s][info][gc,phases      ] GC(154)   Merge Heap Roots: 0.44ms
[655.371s][info][gc,phases      ] GC(154)   Evacuate Collection Set: 143.42ms
[655.371s][info][gc,phases      ] GC(154)   Post Evacuate Collection Set: 0.81ms
[655.371s][info][gc,phases      ] GC(154)   Other: 0.07ms
[655.371s][info][gc,heap        ] GC(154) Eden regions: 425->0(418)
[655.371s][info][gc,heap        ] GC(154) Survivor regions: 42->41(59)
[655.371s][info][gc,heap        ] GC(154) Old regions: 382->391
[655.371s][info][gc,heap        ] GC(154) Humongous regions: 81->81
[655.371s][info][gc,metaspace   ] GC(154) Metaspace: 29865K(30080K)->29865K(30080K) NonClass: 29865K(30080K)->29865K(30080K) Class: 0K(0K)->0K(0K)
[655.371s][info][gc             ] GC(154) Pause Young (Concurrent Start) (G1 Evacuation Pause) 7408M->4070M(8192M) 145.162ms
[655.371s][info][gc             ] GC(155) Concurrent Mark Cycle
[655.371s][info][gc,marking     ] GC(155) Concurrent Scan Root Regions
[655.371s][info][gc,cpu         ] GC(154) User=1.15s Sys=0.00s Real=0.15s
[655.713s][info][gc,marking     ] GC(155) Concurrent Scan Root Regions 342.007ms
[655.713s][info][gc,marking     ] GC(155) Concurrent Mark
[655.713s][info][gc,marking     ] GC(155) Concurrent Mark From Roots
[655.713s][info][gc,task        ] GC(155) Using 2 workers of 2 for marking
.[656.164s][info][gc,marking     ] GC(155) Concurrent Mark From Roots 450.359ms
[656.164s][info][gc,marking     ] GC(155) Concurrent Preclean
[656.164s][info][gc,marking     ] GC(155) Concurrent Preclean 0.180ms
[656.164s][info][gc,start       ] GC(155) Pause Remark
[656.166s][info][gc             ] GC(155) Pause Remark 4451M->2979M(8192M) 1.844ms
[656.166s][info][gc,cpu         ] GC(155) User=0.00s Sys=0.00s Real=0.00s
[656.166s][info][gc,marking     ] GC(155) Concurrent Mark 452.660ms
[656.166s][info][gc,marking     ] GC(155) Concurrent Rebuild Remembered Sets and Scrub Regions
[656.472s][info][gc,marking     ] GC(155) Concurrent Rebuild Remembered Sets and Scrub Regions 305.467ms
[656.472s][info][gc,start       ] GC(155) Pause Cleanup
[656.472s][info][gc             ] GC(155) Pause Cleanup 2979M->2979M(8192M) 0.302ms
[656.472s][info][gc,cpu         ] GC(155) User=0.00s Sys=0.00s Real=0.00s
[656.472s][info][gc,marking     ] GC(155) Concurrent Clear Claimed Marks
[656.472s][info][gc,marking     ] GC(155) Concurrent Clear Claimed Marks 0.051ms
[656.472s][info][gc,marking     ] GC(155) Concurrent Cleanup for Next Mark
[656.479s][info][gc,marking     ] GC(155) Concurrent Cleanup for Next Mark 6.555ms
[656.479s][info][gc             ] GC(155) Concurrent Mark Cycle 1107.409ms
....) (stop TxI) (stop BE) (saving... 236205 Kb) (term) [665.178s][info][gc,start       ] GC(156) Pause Full (System.gc())
[665.178s][info][gc,task        ] GC(156) Using 8 workers of 8 for full compaction
[665.178s][info][gc,phases,start] GC(156) Phase 1: Mark live objects
[665.191s][info][gc,phases      ] GC(156) Phase 1: Mark live objects 13.114ms
[665.191s][info][gc,phases,start] GC(156) Phase 2: Prepare compaction
[665.196s][info][gc,phases      ] GC(156) Phase 2: Prepare compaction 4.565ms
[665.196s][info][gc,phases,start] GC(156) Phase 3: Adjust pointers
[665.205s][info][gc,phases      ] GC(156) Phase 3: Adjust pointers 9.532ms
[665.205s][info][gc,phases,start] GC(156) Phase 4: Compact heap
[665.210s][info][gc,phases      ] GC(156) Phase 4: Compact heap 4.435ms
[665.210s][info][gc,phases,start] GC(156) Phase 5: Reset Metadata
[665.213s][info][gc,phases      ] GC(156) Phase 5: Reset Metadata 3.561ms
[665.222s][info][gc,heap        ] GC(156) Eden regions: 106->0(614)
[665.222s][info][gc,heap        ] GC(156) Survivor regions: 41->0(59)
[665.222s][info][gc,heap        ] GC(156) Old regions: 255->13
[665.222s][info][gc,heap        ] GC(156) Humongous regions: 197->33
[665.222s][info][gc,metaspace   ] GC(156) Metaspace: 29865K(30080K)->29865K(30080K) NonClass: 29865K(30080K)->29865K(30080K) Class: 0K(0K)->0K(0K)
[665.222s][info][gc             ] GC(156) Pause Full (System.gc()) 4756M->332M(8192M) 44.394ms
[665.222s][info][gc,cpu         ] GC(156) User=0.29s Sys=0.00s Real=0.05s
(init) ...
   670s:       rampup IR =      0 ... (rIR:aIR:PR = 0:0:0) (tPR = 0) [OK] 
   673s:       rampup IR =   1340 .... (rIR:aIR:PR = 1340:1347:1346) (tPR = 20340) [OK] 
   677s:       rampup IR =   2679 .[678.917s][info][gc,start       ] GC(157) Pause Young (Normal) (G1 Evacuation Pause)
[678.917s][info][gc,task        ] GC(157) Using 8 workers of 8 for evacuation
[679.646s][info][gc,mmu         ] GC(157) MMU target violated: 201.0ms (200.0ms/201.0ms)
[679.647s][info][gc,phases      ] GC(157)   Pre Evacuate Collection Set: 0.26ms
[679.647s][info][gc,phases      ] GC(157)   Merge Heap Roots: 0.94ms
[679.647s][info][gc,phases      ] GC(157)   Evacuate Collection Set: 726.71ms
[679.647s][info][gc,phases      ] GC(157)   Post Evacuate Collection Set: 1.31ms
[679.647s][info][gc,phases      ] GC(157)   Other: 0.11ms
[679.647s][info][gc,heap        ] GC(157) Eden regions: 614->0(232)
[679.647s][info][gc,heap        ] GC(157) Survivor regions: 0->77(77)
[679.647s][info][gc,heap        ] GC(157) Old regions: 13->89
[679.647s][info][gc,heap        ] GC(157) Humongous regions: 86->81
[679.647s][info][gc,metaspace   ] GC(157) Metaspace: 29884K(30080K)->29884K(30080K) NonClass: 29884K(30080K)->29884K(30080K) Class: 0K(0K)->0K(0K)
[679.647s][info][gc             ] GC(157) Pause Young (Normal) (G1 Evacuation Pause) 5668M->1936M(8192M) 729.451ms
[679.647s][info][gc,cpu         ] GC(157) User=5.80s Sys=0.00s Real=0.73s
... (rIR:aIR:PR = 2679:2653:2653) (tPR = 40045) [OK] 
   681s:       rampup IR =   4019 ..[683.842s][info][gc,start       ] GC(158) Pause Young (Normal) (G1 Evacuation Pause)
[683.842s][info][gc,task        ] GC(158) Using 8 workers of 8 for evacuation
[684.197s][info][gc,mmu         ] GC(158) MMU target violated: 201.0ms (200.0ms/201.0ms)
[684.197s][info][gc,phases      ] GC(158)   Pre Evacuate Collection Set: 0.25ms
[684.197s][info][gc,phases      ] GC(158)   Merge Heap Roots: 0.52ms
[684.197s][info][gc,phases      ] GC(158)   Evacuate Collection Set: 353.67ms
[684.197s][info][gc,phases      ] GC(158)   Post Evacuate Collection Set: 0.75ms
[684.197s][info][gc,phases      ] GC(158)   Other: 0.10ms
[684.197s][info][gc,heap        ] GC(158) Eden regions: 239->0(184)
[684.197s][info][gc,heap        ] GC(158) Survivor regions: 77->18(40)
[684.197s][info][gc,heap        ] GC(158) Old regions: 89->168
[684.197s][info][gc,heap        ] GC(158) Humongous regions: 81->81
[684.197s][info][gc,metaspace   ] GC(158) Metaspace: 29884K(30080K)->29884K(30080K) NonClass: 29884K(30080K)->29884K(30080K) Class: 0K(0K)->0K(0K)
[684.197s][info][gc             ] GC(158) Pause Young (Normal) (G1 Evacuation Pause) 3848M->2092M(8192M) 355.404ms
[684.197s][info][gc,cpu         ] GC(158) User=2.60s Sys=0.00s Real=0.35s
.. (rIR:aIR:PR = 4019:4111:4111) (tPR = 61223) [OK] 
   685s:       rampup IR =   5359 .[686.832s][info][gc,start       ] GC(159) Pause Young (Normal) (G1 Evacuation Pause)
[686.832s][info][gc,task        ] GC(159) Using 8 workers of 8 for evacuation
[686.916s][info][gc,phases      ] GC(159)   Pre Evacuate Collection Set: 0.23ms
[686.916s][info][gc,phases      ] GC(159)   Merge Heap Roots: 0.42ms
[686.916s][info][gc,phases      ] GC(159)   Evacuate Collection Set: 82.47ms
[686.916s][info][gc,phases      ] GC(159)   Post Evacuate Collection Set: 0.56ms
[686.916s][info][gc,phases      ] GC(159)   Other: 0.05ms
[686.916s][info][gc,heap        ] GC(159) Eden regions: 198->0(239)
[686.916s][info][gc,heap        ] GC(159) Survivor regions: 18->14(27)
[686.916s][info][gc,heap        ] GC(159) Old regions: 168->181
[686.916s][info][gc,heap        ] GC(159) Humongous regions: 81->81
[686.916s][info][gc,metaspace   ] GC(159) Metaspace: 29884K(30080K)->29884K(30080K) NonClass: 29884K(30080K)->29884K(30080K) Class: 0K(0K)->0K(0K)
[686.916s][info][gc             ] GC(159) Pause Young (Normal) (G1 Evacuation Pause) 3676M->2168M(8192M) 83.867ms
[686.916s][info][gc,cpu         ] GC(159) User=0.58s Sys=0.00s Real=0.08s
...[690.660s][info][gc,start       ] GC(160) Pause Young (Normal) (G1 Evacuation Pause)
[690.660s][info][gc,task        ] GC(160) Using 8 workers of 8 for evacuation
[690.758s][info][gc,phases      ] GC(160)   Pre Evacuate Collection Set: 0.27ms
[690.758s][info][gc,phases      ] GC(160)   Merge Heap Roots: 0.44ms
[690.758s][info][gc,phases      ] GC(160)   Evacuate Collection Set: 96.01ms
[690.758s][info][gc,phases      ] GC(160)   Post Evacuate Collection Set: 0.73ms
[690.758s][info][gc,phases      ] GC(160)   Other: 0.06ms
[690.758s][info][gc,heap        ] GC(160) Eden regions: 301->0(190)
[690.758s][info][gc,heap        ] GC(160) Survivor regions: 14->28(40)
[690.758s][info][gc,heap        ] GC(160) Old regions: 181->181
[690.758s][info][gc,heap        ] GC(160) Humongous regions: 81->81
[690.758s][info][gc,metaspace   ] GC(160) Metaspace: 29884K(30080K)->29884K(30080K) NonClass: 29884K(30080K)->29884K(30080K) Class: 0K(0K)->0K(0K)
[690.758s][info][gc             ] GC(160) Pause Young (Normal) (G1 Evacuation Pause) 4576M->2284M(8192M) 97.663ms
[690.758s][info][gc,cpu         ] GC(160) User=0.68s Sys=0.00s Real=0.09s
. (rIR:aIR:PR = 5359:5352:5352) (tPR = 78897) [OK] 
   690s:       rampup IR =   6699 .[692.810s][info][gc,start       ] GC(161) Pause Young (Normal) (G1 Evacuation Pause)
[692.810s][info][gc,task        ] GC(161) Using 8 workers of 8 for evacuation
[692.922s][info][gc,phases      ] GC(161)   Pre Evacuate Collection Set: 0.27ms
[692.922s][info][gc,phases      ] GC(161)   Merge Heap Roots: 0.41ms
[692.922s][info][gc,phases      ] GC(161)   Evacuate Collection Set: 110.77ms
[692.922s][info][gc,phases      ] GC(161)   Post Evacuate Collection Set: 0.55ms
[692.922s][info][gc,phases      ] GC(161)   Other: 0.05ms
[692.922s][info][gc,heap        ] GC(161) Eden regions: 203->0(381)
[692.922s][info][gc,heap        ] GC(161) Survivor regions: 28->16(29)
[692.922s][info][gc,heap        ] GC(161) Old regions: 181->202
[692.922s][info][gc,heap        ] GC(161) Humongous regions: 81->81
[692.922s][info][gc,metaspace   ] GC(161) Metaspace: 29885K(30080K)->29885K(30080K) NonClass: 29885K(30080K)->29885K(30080K) Class: 0K(0K)->0K(0K)
[692.922s][info][gc             ] GC(161) Pause Young (Normal) (G1 Evacuation Pause) 3908M->2350M(8192M) 112.166ms
[692.922s][info][gc,cpu         ] GC(161) User=0.77s Sys=0.00s Real=0.11s
.... (rIR:aIR:PR = 6699:6712:6710) (tPR = 99249) [OK] 
   695s:       rampup IR =   8038 [696.684s][info][gc,start       ] GC(162) Pause Young (Normal) (G1 Evacuation Pause)
[696.684s][info][gc,task        ] GC(162) Using 8 workers of 8 for evacuation
[696.781s][info][gc,phases      ] GC(162)   Pre Evacuate Collection Set: 0.26ms
[696.781s][info][gc,phases      ] GC(162)   Merge Heap Roots: 0.40ms
[696.781s][info][gc,phases      ] GC(162)   Evacuate Collection Set: 95.86ms
[696.781s][info][gc,phases      ] GC(162)   Post Evacuate Collection Set: 0.83ms
[696.781s][info][gc,phases      ] GC(162)   Other: 0.06ms
[696.781s][info][gc,heap        ] GC(162) Eden regions: 402->0(308)
[696.781s][info][gc,heap        ] GC(162) Survivor regions: 16->33(53)
[696.781s][info][gc,heap        ] GC(162) Old regions: 202->202
[696.781s][info][gc,heap        ] GC(162) Humongous regions: 81->81
[696.781s][info][gc,metaspace   ] GC(162) Metaspace: 29886K(30080K)->29886K(30080K) NonClass: 29886K(30080K)->29886K(30080K) Class: 0K(0K)->0K(0K)
[696.781s][info][gc             ] GC(162) Pause Young (Normal) (G1 Evacuation Pause) 5566M->2486M(8192M) 97.556ms
[696.781s][info][gc,cpu         ] GC(162) User=0.77s Sys=0.00s Real=0.10s
...[699.407s][info][gc,start       ] GC(163) Pause Young (Normal) (G1 Evacuation Pause)
[699.407s][info][gc,task        ] GC(163) Using 8 workers of 8 for evacuation
[699.528s][info][gc,phases      ] GC(163)   Pre Evacuate Collection Set: 0.25ms
[699.528s][info][gc,phases      ] GC(163)   Merge Heap Roots: 0.41ms
[699.528s][info][gc,phases      ] GC(163)   Evacuate Collection Set: 119.28ms
[699.528s][info][gc,phases      ] GC(163)   Post Evacuate Collection Set: 0.74ms
[699.528s][info][gc,phases      ] GC(163)   Other: 0.05ms
[699.528s][info][gc,heap        ] GC(163) Eden regions: 316->0(492)
[699.528s][info][gc,heap        ] GC(163) Survivor regions: 33->22(44)
[699.528s][info][gc,heap        ] GC(163) Old regions: 202->222
[699.528s][info][gc,heap        ] GC(163) Humongous regions: 81->81
[699.528s][info][gc,metaspace   ] GC(163) Metaspace: 29886K(30080K)->29886K(30080K) NonClass: 29886K(30080K)->29886K(30080K) Class: 0K(0K)->0K(0K)
[699.528s][info][gc             ] GC(163) Pause Young (Normal) (G1 Evacuation Pause) 5014M->2563M(8192M) 120.860ms
[699.528s][info][gc,cpu         ] GC(163) User=0.95s Sys=0.00s Real=0.12s
. (rIR:aIR:PR = 8038:7977:7977) (tPR = 115220) [OK] 
   699s:       rampup IR =   9378 ...[703.173s][info][gc,start       ] GC(164) Pause Young (Normal) (G1 Evacuation Pause)
[703.173s][info][gc,task        ] GC(164) Using 8 workers of 8 for evacuation
[703.289s][info][gc,phases      ] GC(164)   Pre Evacuate Collection Set: 0.26ms
[703.289s][info][gc,phases      ] GC(164)   Merge Heap Roots: 0.56ms
[703.289s][info][gc,phases      ] GC(164)   Evacuate Collection Set: 114.15ms
[703.289s][info][gc,phases      ] GC(164)   Post Evacuate Collection Set: 1.00ms
[703.289s][info][gc,phases      ] GC(164)   Other: 0.07ms
[703.289s][info][gc,heap        ] GC(164) Eden regions: 498->0(411)
[703.289s][info][gc,heap        ] GC(164) Survivor regions: 22->37(65)
[703.289s][info][gc,heap        ] GC(164) Old regions: 222->222
[703.289s][info][gc,heap        ] GC(164) Humongous regions: 81->81
[703.289s][info][gc,metaspace   ] GC(164) Metaspace: 29886K(30080K)->29886K(30080K) NonClass: 29886K(30080K)->29886K(30080K) Class: 0K(0K)->0K(0K)
[703.289s][info][gc             ] GC(164) Pause Young (Normal) (G1 Evacuation Pause) 6547M->2683M(8192M) 116.194ms
[703.289s][info][gc,cpu         ] GC(164) User=0.92s Sys=0.00s Real=0.11s
. (rIR:aIR:PR = 9378:9502:9502) (tPR = 137771) [OK] 
   703s:       rampup IR =  10718 .[705.864s][info][gc,start       ] GC(165) Pause Young (Normal) (G1 Evacuation Pause)
[705.864s][info][gc,task        ] GC(165) Using 8 workers of 8 for evacuation
[705.997s][info][gc,phases      ] GC(165)   Pre Evacuate Collection Set: 0.26ms
[705.997s][info][gc,phases      ] GC(165)   Merge Heap Roots: 0.44ms
[705.997s][info][gc,phases      ] GC(165)   Evacuate Collection Set: 131.65ms
[705.997s][info][gc,phases      ] GC(165)   Post Evacuate Collection Set: 0.89ms
[705.997s][info][gc,phases      ] GC(165)   Other: 0.06ms
[705.997s][info][gc,heap        ] GC(165) Eden regions: 408->0(449)
[705.997s][info][gc,heap        ] GC(165) Survivor regions: 37->40(56)
[705.997s][info][gc,heap        ] GC(165) Old regions: 222->228
[705.997s][info][gc,heap        ] GC(165) Humongous regions: 81->81
[705.997s][info][gc,metaspace   ] GC(165) Metaspace: 29886K(30080K)->29886K(30080K) NonClass: 29886K(30080K)->29886K(30080K) Class: 0K(0K)->0K(0K)
[705.997s][info][gc             ] GC(165) Pause Young (Normal) (G1 Evacuation Pause) 5947M->2751M(8192M) 133.451ms
[705.997s][info][gc,cpu         ] GC(165) User=1.05s Sys=0.01s Real=0.13s
...[708.640s][info][gc,start       ] GC(166) Pause Young (Normal) (G1 Evacuation Pause)
[708.640s][info][gc,task        ] GC(166) Using 8 workers of 8 for evacuation
[708.779s][info][gc,phases      ] GC(166)   Pre Evacuate Collection Set: 0.27ms
[708.779s][info][gc,phases      ] GC(166)   Merge Heap Roots: 0.47ms
[708.779s][info][gc,phases      ] GC(166)   Evacuate Collection Set: 137.49ms
[708.779s][info][gc,phases      ] GC(166)   Post Evacuate Collection Set: 0.93ms
[708.779s][info][gc,phases      ] GC(166)   Other: 0.06ms
[708.779s][info][gc,heap        ] GC(166) Eden regions: 444->0(540)
[708.779s][info][gc,heap        ] GC(166) Survivor regions: 40->39(61)
[708.779s][info][gc,heap        ] GC(166) Old regions: 228->237
[708.779s][info][gc,heap        ] GC(166) Humongous regions: 81->81
[708.779s][info][gc,metaspace   ] GC(166) Metaspace: 29886K(30080K)->29886K(30080K) NonClass: 29886K(30080K)->29886K(30080K) Class: 0K(0K)->0K(0K)
[708.779s][info][gc             ] GC(166) Pause Young (Normal) (G1 Evacuation Pause) 6303M->2820M(8192M) 139.350ms
[708.779s][info][gc,cpu         ] GC(166) User=1.11s Sys=0.00s Real=0.14s
. (rIR:aIR:PR = 10718:10827:10790) (tPR = 158895) [OK] 
   708s:       rampup IR =  12057 ..[711.745s][info][gc,start       ] GC(167) Pause Young (Normal) (G1 Evacuation Pause)
[711.745s][info][gc,task        ] GC(167) Using 8 workers of 8 for evacuation
[711.896s][info][gc,phases      ] GC(167)   Pre Evacuate Collection Set: 0.24ms
[711.896s][info][gc,phases      ] GC(167)   Merge Heap Roots: 0.55ms
[711.896s][info][gc,phases      ] GC(167)   Evacuate Collection Set: 149.08ms
[711.896s][info][gc,phases      ] GC(167)   Post Evacuate Collection Set: 1.04ms
[711.896s][info][gc,phases      ] GC(167)   Other: 0.06ms
[711.896s][info][gc,heap        ] GC(167) Eden regions: 534->0(518)
[711.896s][info][gc,heap        ] GC(167) Survivor regions: 39->43(72)
[711.896s][info][gc,heap        ] GC(167) Old regions: 237->244
[711.896s][info][gc,heap        ] GC(167) Humongous regions: 81->81
[711.896s][info][gc,metaspace   ] GC(167) Metaspace: 29886K(30080K)->29886K(30080K) NonClass: 29886K(30080K)->29886K(30080K) Class: 0K(0K)->0K(0K)
[711.896s][info][gc             ] GC(167) Pause Young (Normal) (G1 Evacuation Pause) 7092M->2908M(8192M) 151.110ms
[711.896s][info][gc,cpu         ] GC(167) User=1.20s Sys=0.00s Real=0.15s
...[714.735s][info][gc,start       ] GC(168) Pause Young (Normal) (G1 Evacuation Pause)
[714.735s][info][gc,task        ] GC(168) Using 8 workers of 8 for evacuation
[714.880s][info][gc,phases      ] GC(168)   Pre Evacuate Collection Set: 0.28ms
[714.880s][info][gc,phases      ] GC(168)   Merge Heap Roots: 0.48ms
[714.880s][info][gc,phases      ] GC(168)   Evacuate Collection Set: 143.14ms
[714.880s][info][gc,phases      ] GC(168)   Post Evacuate Collection Set: 0.98ms
[714.880s][info][gc,phases      ] GC(168)   Other: 0.06ms
[714.880s][info][gc,heap        ] GC(168) Eden regions: 514->0(554)
[714.880s][info][gc,heap        ] GC(168) Survivor regions: 43->43(70)
[714.880s][info][gc,heap        ] GC(168) Old regions: 244->251
[714.880s][info][gc,heap        ] GC(168) Humongous regions: 81->81
[714.880s][info][gc,metaspace   ] GC(168) Metaspace: 29886K(30080K)->29886K(30080K) NonClass: 29886K(30080K)->29886K(30080K) Class: 0K(0K)->0K(0K)
[714.880s][info][gc             ] GC(168) Pause Young (Normal) (G1 Evacuation Pause) 7020M->2958M(8192M) 145.070ms
[714.880s][info][gc,cpu         ] GC(168) User=1.15s Sys=0.00s Real=0.15s
. (rIR:aIR:PR = 12057:11731:11642) (tPR = 168054) [OK] 
   714s:       rampup IR =  13397 ..[717.798s][info][gc,start       ] GC(169) Pause Young (Normal) (G1 Evacuation Pause)
[717.798s][info][gc,task        ] GC(169) Using 8 workers of 8 for evacuation
[717.952s][info][gc,phases      ] GC(169)   Pre Evacuate Collection Set: 0.25ms
[717.952s][info][gc,phases      ] GC(169)   Merge Heap Roots: 0.49ms
[717.952s][info][gc,phases      ] GC(169)   Evacuate Collection Set: 152.32ms
[717.952s][info][gc,phases      ] GC(169)   Post Evacuate Collection Set: 0.97ms
[717.952s][info][gc,phases      ] GC(169)   Other: 0.06ms
[717.952s][info][gc,heap        ] GC(169) Eden regions: 554->0(544)
[717.952s][info][gc,heap        ] GC(169) Survivor regions: 43->44(75)
[717.952s][info][gc,heap        ] GC(169) Old regions: 251->259
[717.952s][info][gc,heap        ] GC(169) Humongous regions: 81->81
[717.952s][info][gc,metaspace   ] GC(169) Metaspace: 29886K(30080K)->29886K(30080K) NonClass: 29886K(30080K)->29886K(30080K) Class: 0K(0K)->0K(0K)
[717.952s][info][gc             ] GC(169) Pause Young (Normal) (G1 Evacuation Pause) 7390M->3026M(8192M) 154.215ms
[717.952s][info][gc,cpu         ] GC(169) User=1.23s Sys=0.00s Real=0.16s
...[720.692s][info][gc,start       ] GC(170) Pause Young (Normal) (G1 Evacuation Pause)
[720.692s][info][gc,task        ] GC(170) Using 8 workers of 8 for evacuation
[720.842s][info][gc,phases      ] GC(170)   Pre Evacuate Collection Set: 0.23ms
[720.842s][info][gc,phases      ] GC(170)   Merge Heap Roots: 0.53ms
[720.842s][info][gc,phases      ] GC(170)   Evacuate Collection Set: 148.41ms
[720.842s][info][gc,phases      ] GC(170)   Post Evacuate Collection Set: 1.08ms
[720.842s][info][gc,phases      ] GC(170)   Other: 0.07ms
[720.842s][info][gc,heap        ] GC(170) Eden regions: 544->0(539)
[720.842s][info][gc,heap        ] GC(170) Survivor regions: 44->43(74)
[720.842s][info][gc,heap        ] GC(170) Old regions: 259->266
[720.842s][info][gc,heap        ] GC(170) Humongous regions: 81->81
[720.842s][info][gc,metaspace   ] GC(170) Metaspace: 29886K(30080K)->29886K(30080K) NonClass: 29886K(30080K)->29886K(30080K) Class: 0K(0K)->0K(0K)
[720.842s][info][gc             ] GC(170) Pause Young (Normal) (G1 Evacuation Pause) 7378M->3081M(8192M) 150.455ms
[720.842s][info][gc,cpu         ] GC(170) User=1.19s Sys=0.00s Real=0.15s
...[723.544s][info][gc,start       ] GC(171) Pause Young (Normal) (G1 Evacuation Pause)
[723.544s][info][gc,task        ] GC(171) Using 8 workers of 8 for evacuation
[723.698s][info][gc,phases      ] GC(171)   Pre Evacuate Collection Set: 0.22ms
[723.698s][info][gc,phases      ] GC(171)   Merge Heap Roots: 0.51ms
[723.698s][info][gc,phases      ] GC(171)   Evacuate Collection Set: 152.30ms
[723.698s][info][gc,phases      ] GC(171)   Post Evacuate Collection Set: 1.02ms
[723.698s][info][gc,phases      ] GC(171)   Other: 0.06ms
[723.698s][info][gc,heap        ] GC(171) Eden regions: 539->0(531)
[723.698s][info][gc,heap        ] GC(171) Survivor regions: 43->43(73)
[723.698s][info][gc,heap        ] GC(171) Old regions: 266->274
[723.698s][info][gc,heap        ] GC(171) Humongous regions: 81->81
[723.698s][info][gc,metaspace   ] GC(171) Metaspace: 29887K(30080K)->29887K(30080K) NonClass: 29887K(30080K)->29887K(30080K) Class: 0K(0K)->0K(0K)
[723.698s][info][gc             ] GC(171) Pause Young (Normal) (G1 Evacuation Pause) 7393M->3144M(8192M) 154.249ms
[723.698s][info][gc,cpu         ] GC(171) User=1.22s Sys=0.00s Real=0.15s
...[726.342s][info][gc,start       ] GC(172) Pause Young (Normal) (G1 Evacuation Pause)
[726.342s][info][gc,task        ] GC(172) Using 8 workers of 8 for evacuation
[726.491s][info][gc,phases      ] GC(172)   Pre Evacuate Collection Set: 0.24ms
[726.491s][info][gc,phases      ] GC(172)   Merge Heap Roots: 0.49ms
[726.491s][info][gc,phases      ] GC(172)   Evacuate Collection Set: 147.14ms
[726.491s][info][gc,phases      ] GC(172)   Post Evacuate Collection Set: 1.04ms
[726.491s][info][gc,phases      ] GC(172)   Other: 0.06ms
[726.491s][info][gc,heap        ] GC(172) Eden regions: 531->0(524)
[726.491s][info][gc,heap        ] GC(172) Survivor regions: 43->43(72)
[726.491s][info][gc,heap        ] GC(172) Old regions: 274->281
[726.491s][info][gc,heap        ] GC(172) Humongous regions: 81->81
[726.491s][info][gc,metaspace   ] GC(172) Metaspace: 29887K(30080K)->29887K(30080K) NonClass: 29887K(30080K)->29887K(30080K) Class: 0K(0K)->0K(0K)
[726.491s][info][gc             ] GC(172) Pause Young (Normal) (G1 Evacuation Pause) 7392M->3203M(8192M) 149.087ms
[726.491s][info][gc,cpu         ] GC(172) User=1.18s Sys=0.00s Real=0.15s
. (rIR:aIR:PR = 13397:13115:12856) (tPR = 194136) [OK] 
   726s:       trying IR =  13497 ..[729.110s][info][gc,start       ] GC(173) Pause Young (Normal) (G1 Evacuation Pause)
[729.110s][info][gc,task        ] GC(173) Using 8 workers of 8 for evacuation
[729.269s][info][gc,phases      ] GC(173)   Pre Evacuate Collection Set: 0.22ms
[729.269s][info][gc,phases      ] GC(173)   Merge Heap Roots: 0.49ms
[729.269s][info][gc,phases      ] GC(173)   Evacuate Collection Set: 157.38ms
[729.269s][info][gc,phases      ] GC(173)   Post Evacuate Collection Set: 1.00ms
[729.269s][info][gc,phases      ] GC(173)   Other: 0.06ms
[729.269s][info][gc,heap        ] GC(173) Eden regions: 524->0(512)
[729.269s][info][gc,heap        ] GC(173) Survivor regions: 43->45(71)
[729.269s][info][gc,heap        ] GC(173) Old regions: 281->289
[729.269s][info][gc,heap        ] GC(173) Humongous regions: 81->81
[729.269s][info][gc,metaspace   ] GC(173) Metaspace: 29887K(30080K)->29887K(30080K) NonClass: 29887K(30080K)->29887K(30080K) Class: 0K(0K)->0K(0K)
[729.269s][info][gc             ] GC(173) Pause Young (Normal) (G1 Evacuation Pause) 7395M->3279M(8192M) 159.270ms
[729.269s][info][gc,cpu         ] GC(173) User=1.27s Sys=0.00s Real=0.15s
..[731.839s][info][gc,start       ] GC(174) Pause Young (Normal) (G1 Evacuation Pause)
[731.839s][info][gc,task        ] GC(174) Using 8 workers of 8 for evacuation
[731.993s][info][gc,phases      ] GC(174)   Pre Evacuate Collection Set: 0.24ms
[731.993s][info][gc,phases      ] GC(174)   Merge Heap Roots: 0.56ms
[731.993s][info][gc,phases      ] GC(174)   Evacuate Collection Set: 151.57ms
[731.993s][info][gc,phases      ] GC(174)   Post Evacuate Collection Set: 0.94ms
[731.993s][info][gc,phases      ] GC(174)   Other: 0.07ms
[731.993s][info][gc,heap        ] GC(174) Eden regions: 512->0(506)
[731.993s][info][gc,heap        ] GC(174) Survivor regions: 45->44(70)
[731.993s][info][gc,heap        ] GC(174) Old regions: 289->297
[731.993s][info][gc,heap        ] GC(174) Humongous regions: 81->81
[731.993s][info][gc,metaspace   ] GC(174) Metaspace: 29890K(30080K)->29890K(30080K) NonClass: 29890K(30080K)->29890K(30080K) Class: 0K(0K)->0K(0K)
[731.993s][info][gc             ] GC(174) Pause Young (Normal) (G1 Evacuation Pause) 7375M->3335M(8192M) 153.527ms
[731.993s][info][gc,cpu         ] GC(174) User=1.22s Sys=0.00s Real=0.16s
...[734.606s][info][gc,start       ] GC(175) Pause Young (Normal) (G1 Evacuation Pause)
[734.606s][info][gc,task        ] GC(175) Using 8 workers of 8 for evacuation
[734.753s][info][gc,phases      ] GC(175)   Pre Evacuate Collection Set: 0.24ms
[734.753s][info][gc,phases      ] GC(175)   Merge Heap Roots: 0.50ms
[734.753s][info][gc,phases      ] GC(175)   Evacuate Collection Set: 145.15ms
[734.753s][info][gc,phases      ] GC(175)   Post Evacuate Collection Set: 1.01ms
[734.753s][info][gc,phases      ] GC(175)   Other: 0.07ms
[734.753s][info][gc,heap        ] GC(175) Eden regions: 506->0(502)
[734.753s][info][gc,heap        ] GC(175) Survivor regions: 44->42(69)
[734.753s][info][gc,heap        ] GC(175) Old regions: 297->305
[734.753s][info][gc,heap        ] GC(175) Humongous regions: 81->81
[734.753s][info][gc,metaspace   ] GC(175) Metaspace: 29890K(30080K)->29890K(30080K) NonClass: 29890K(30080K)->29890K(30080K) Class: 0K(0K)->0K(0K)
[734.753s][info][gc             ] GC(175) Pause Young (Normal) (G1 Evacuation Pause) 7383M->3383M(8192M) 147.105ms
[734.753s][info][gc,cpu         ] GC(175) User=1.16s Sys=0.00s Real=0.15s
...[737.256s][info][gc,start       ] GC(176) Pause Young (Normal) (G1 Evacuation Pause)
[737.256s][info][gc,task        ] GC(176) Using 8 workers of 8 for evacuation
[737.405s][info][gc,phases      ] GC(176)   Pre Evacuate Collection Set: 0.22ms
[737.405s][info][gc,phases      ] GC(176)   Merge Heap Roots: 0.49ms
[737.405s][info][gc,phases      ] GC(176)   Evacuate Collection Set: 146.79ms
[737.405s][info][gc,phases      ] GC(176)   Post Evacuate Collection Set: 0.96ms
[737.405s][info][gc,phases      ] GC(176)   Other: 0.06ms
[737.405s][info][gc,heap        ] GC(176) Eden regions: 502->0(494)
[737.405s][info][gc,heap        ] GC(176) Survivor regions: 42->42(68)
[737.405s][info][gc,heap        ] GC(176) Old regions: 305->313
[737.405s][info][gc,heap        ] GC(176) Humongous regions: 81->81
[737.405s][info][gc,metaspace   ] GC(176) Metaspace: 29891K(30080K)->29891K(30080K) NonClass: 29891K(30080K)->29891K(30080K) Class: 0K(0K)->0K(0K)
[737.405s][info][gc             ] GC(176) Pause Young (Normal) (G1 Evacuation Pause) 7399M->3442M(8192M) 148.649ms
[737.405s][info][gc,cpu         ] GC(176) User=1.17s Sys=0.00s Real=0.15s
..[739.894s][info][gc,start       ] GC(177) Pause Young (Normal) (G1 Evacuation Pause)
[739.894s][info][gc,task        ] GC(177) Using 8 workers of 8 for evacuation
[740.049s][info][gc,phases      ] GC(177)   Pre Evacuate Collection Set: 0.24ms
[740.049s][info][gc,phases      ] GC(177)   Merge Heap Roots: 0.50ms
[740.049s][info][gc,phases      ] GC(177)   Evacuate Collection Set: 153.73ms
[740.049s][info][gc,phases      ] GC(177)   Post Evacuate Collection Set: 1.00ms
[740.049s][info][gc,phases      ] GC(177)   Other: 0.06ms
[740.049s][info][gc,heap        ] GC(177) Eden regions: 494->0(483)
[740.049s][info][gc,heap        ] GC(177) Survivor regions: 42->44(67)
[740.049s][info][gc,heap        ] GC(177) Old regions: 313->320
[740.049s][info][gc,heap        ] GC(177) Humongous regions: 81->81
[740.049s][info][gc,metaspace   ] GC(177) Metaspace: 29892K(30080K)->29892K(30080K) NonClass: 29892K(30080K)->29892K(30080K) Class: 0K(0K)->0K(0K)
[740.049s][info][gc             ] GC(177) Pause Young (Normal) (G1 Evacuation Pause) 7394M->3521M(8192M) 155.667ms
[740.049s][info][gc,cpu         ] GC(177) User=1.23s Sys=0.00s Real=0.15s
...[742.496s][info][gc,start       ] GC(178) Pause Young (Normal) (G1 Evacuation Pause)
[742.496s][info][gc,task        ] GC(178) Using 8 workers of 8 for evacuation
[742.639s][info][gc,phases      ] GC(178)   Pre Evacuate Collection Set: 0.23ms
[742.639s][info][gc,phases      ] GC(178)   Merge Heap Roots: 0.49ms
[742.639s][info][gc,phases      ] GC(178)   Evacuate Collection Set: 141.08ms
[742.639s][info][gc,phases      ] GC(178)   Post Evacuate Collection Set: 0.93ms
[742.639s][info][gc,phases      ] GC(178)   Other: 0.07ms
[742.639s][info][gc,heap        ] GC(178) Eden regions: 483->0(481)
[742.639s][info][gc,heap        ] GC(178) Survivor regions: 44->41(66)
[742.639s][info][gc,heap        ] GC(178) Old regions: 320->328
[742.639s][info][gc,heap        ] GC(178) Humongous regions: 81->81
[742.639s][info][gc,metaspace   ] GC(178) Metaspace: 29892K(30080K)->29892K(30080K) NonClass: 29892K(30080K)->29892K(30080K) Class: 0K(0K)->0K(0K)
[742.639s][info][gc             ] GC(178) Pause Young (Normal) (G1 Evacuation Pause) 7385M->3557M(8192M) 142.941ms
[742.639s][info][gc,cpu         ] GC(178) User=1.13s Sys=0.00s Real=0.14s
..[744.970s][info][gc,start       ] GC(179) Pause Young (Normal) (G1 Evacuation Pause)
[744.970s][info][gc,task        ] GC(179) Using 8 workers of 8 for evacuation
[745.125s][info][gc,phases      ] GC(179)   Pre Evacuate Collection Set: 0.22ms
[745.125s][info][gc,phases      ] GC(179)   Merge Heap Roots: 0.50ms
[745.125s][info][gc,phases      ] GC(179)   Evacuate Collection Set: 152.75ms
[745.125s][info][gc,phases      ] GC(179)   Post Evacuate Collection Set: 0.98ms
[745.125s][info][gc,phases      ] GC(179)   Other: 0.06ms
[745.125s][info][gc,heap        ] GC(179) Eden regions: 481->0(469)
[745.125s][info][gc,heap        ] GC(179) Survivor regions: 41->43(66)
[745.125s][info][gc,heap        ] GC(179) Old regions: 328->336
[745.125s][info][gc,heap        ] GC(179) Humongous regions: 81->81
[745.125s][info][gc,metaspace   ] GC(179) Metaspace: 29892K(30080K)->29892K(30080K) NonClass: 29892K(30080K)->29892K(30080K) Class: 0K(0K)->0K(0K)
[745.125s][info][gc             ] GC(179) Pause Young (Normal) (G1 Evacuation Pause) 7405M->3639M(8192M) 154.647ms
[745.125s][info][gc,cpu         ] GC(179) User=1.22s Sys=0.00s Real=0.15s
...[747.506s][info][gc,start       ] GC(180) Pause Young (Normal) (G1 Evacuation Pause)
[747.506s][info][gc,task        ] GC(180) Using 8 workers of 8 for evacuation
[747.657s][info][gc,phases      ] GC(180)   Pre Evacuate Collection Set: 0.21ms
[747.657s][info][gc,phases      ] GC(180)   Merge Heap Roots: 0.50ms
[747.657s][info][gc,phases      ] GC(180)   Evacuate Collection Set: 149.33ms
[747.657s][info][gc,phases      ] GC(180)   Post Evacuate Collection Set: 0.94ms
[747.657s][info][gc,phases      ] GC(180)   Other: 0.06ms
[747.657s][info][gc,heap        ] GC(180) Eden regions: 469->0(461)
[747.657s][info][gc,heap        ] GC(180) Survivor regions: 43->43(64)
[747.657s][info][gc,heap        ] GC(180) Old regions: 336->344
[747.657s][info][gc,heap        ] GC(180) Humongous regions: 81->81
[747.657s][info][gc,metaspace   ] GC(180) Metaspace: 29892K(30080K)->29892K(30080K) NonClass: 29892K(30080K)->29892K(30080K) Class: 0K(0K)->0K(0K)
[747.658s][info][gc             ] GC(180) Pause Young (Normal) (G1 Evacuation Pause) 7391M->3703M(8192M) 151.172ms
[747.658s][info][gc,cpu         ] GC(180) User=1.20s Sys=0.00s Real=0.15s
..[749.978s][info][gc,start       ] GC(181) Pause Young (Normal) (G1 Evacuation Pause)
[749.978s][info][gc,task        ] GC(181) Using 8 workers of 8 for evacuation
[750.121s][info][gc,phases      ] GC(181)   Pre Evacuate Collection Set: 0.22ms
[750.121s][info][gc,phases      ] GC(181)   Merge Heap Roots: 0.50ms
[750.121s][info][gc,phases      ] GC(181)   Evacuate Collection Set: 141.54ms
[750.121s][info][gc,phases      ] GC(181)   Post Evacuate Collection Set: 0.90ms
[750.121s][info][gc,phases      ] GC(181)   Other: 0.06ms
[750.121s][info][gc,heap        ] GC(181) Eden regions: 461->0(459)
[750.121s][info][gc,heap        ] GC(181) Survivor regions: 43->40(63)
[750.121s][info][gc,heap        ] GC(181) Old regions: 344->352
[750.122s][info][gc,heap        ] GC(181) Humongous regions: 81->81
[750.122s][info][gc,metaspace   ] GC(181) Metaspace: 29892K(30080K)->29892K(30080K) NonClass: 29892K(30080K)->29892K(30080K) Class: 0K(0K)->0K(0K)
[750.122s][info][gc             ] GC(181) Pause Young (Normal) (G1 Evacuation Pause) 7391M->3742M(8192M) 143.357ms
[750.122s][info][gc,cpu         ] GC(181) User=1.14s Sys=0.00s Real=0.15s
...[752.437s][info][gc,start       ] GC(182) Pause Young (Normal) (G1 Evacuation Pause)
[752.437s][info][gc,task        ] GC(182) Using 8 workers of 8 for evacuation
[752.584s][info][gc,phases      ] GC(182)   Pre Evacuate Collection Set: 0.23ms
[752.584s][info][gc,phases      ] GC(182)   Merge Heap Roots: 0.52ms
[752.584s][info][gc,phases      ] GC(182)   Evacuate Collection Set: 145.47ms
[752.584s][info][gc,phases      ] GC(182)   Post Evacuate Collection Set: 0.92ms
[752.584s][info][gc,phases      ] GC(182)   Other: 0.06ms
[752.584s][info][gc,heap        ] GC(182) Eden regions: 459->0(449)
[752.584s][info][gc,heap        ] GC(182) Survivor regions: 40->41(63)
[752.584s][info][gc,heap        ] GC(182) Old regions: 352->360
[752.584s][info][gc,heap        ] GC(182) Humongous regions: 81->81
[752.584s][info][gc,metaspace   ] GC(182) Metaspace: 29892K(30080K)->29892K(30080K) NonClass: 29892K(30080K)->29892K(30080K) Class: 0K(0K)->0K(0K)
[752.584s][info][gc             ] GC(182) Pause Young (Normal) (G1 Evacuation Pause) 7414M->3814M(8192M) 147.326ms
[752.584s][info][gc,cpu         ] GC(182) User=1.17s Sys=0.00s Real=0.15s
..[754.767s][info][gc,start       ] GC(183) Pause Young (Normal) (G1 Evacuation Pause)
[754.768s][info][gc,task        ] GC(183) Using 8 workers of 8 for evacuation
[754.919s][info][gc,phases      ] GC(183)   Pre Evacuate Collection Set: 0.24ms
[754.919s][info][gc,phases      ] GC(183)   Merge Heap Roots: 0.51ms
[754.919s][info][gc,phases      ] GC(183)   Evacuate Collection Set: 149.51ms
[754.919s][info][gc,phases      ] GC(183)   Post Evacuate Collection Set: 0.88ms
[754.919s][info][gc,phases      ] GC(183)   Other: 0.06ms
[754.919s][info][gc,heap        ] GC(183) Eden regions: 449->0(439)
[754.919s][info][gc,heap        ] GC(183) Survivor regions: 41->42(62)
[754.919s][info][gc,heap        ] GC(183) Old regions: 360->368
[754.919s][info][gc,heap        ] GC(183) Humongous regions: 81->81
[754.919s][info][gc,metaspace   ] GC(183) Metaspace: 29892K(30080K)->29892K(30080K) NonClass: 29892K(30080K)->29892K(30080K) Class: 0K(0K)->0K(0K)
[754.919s][info][gc             ] GC(183) Pause Young (Normal) (G1 Evacuation Pause) 7406M->3889M(8192M) 151.336ms
[754.919s][info][gc,cpu         ] GC(183) User=1.20s Sys=0.00s Real=0.15s
... (rIR:aIR:PR = 13497:13623:12801) (tPR = 187617) [PR is under limit] 
   757s: Re-initializing (term) [757.268s][info][gc,start       ] GC(184) Pause Full (System.gc())
[757.268s][info][gc,task        ] GC(184) Using 8 workers of 8 for full compaction
[757.269s][info][gc,phases,start] GC(184) Phase 1: Mark live objects
[757.282s][info][gc,phases      ] GC(184) Phase 1: Mark live objects 13.337ms
[757.282s][info][gc,phases,start] GC(184) Phase 2: Prepare compaction
[757.290s][info][gc,phases      ] GC(184) Phase 2: Prepare compaction 7.580ms
[757.290s][info][gc,phases,start] GC(184) Phase 3: Adjust pointers
[757.303s][info][gc,phases      ] GC(184) Phase 3: Adjust pointers 12.914ms
[757.303s][info][gc,phases,start] GC(184) Phase 4: Compact heap
[757.310s][info][gc,phases      ] GC(184) Phase 4: Compact heap 7.609ms
[757.310s][info][gc,phases,start] GC(184) Phase 5: Reset Metadata
[757.314s][info][gc,phases      ] GC(184) Phase 5: Reset Metadata 3.597ms
[757.322s][info][gc,heap        ] GC(184) Eden regions: 438->0(614)
[757.322s][info][gc,heap        ] GC(184) Survivor regions: 42->0(62)
[757.323s][info][gc,heap        ] GC(184) Old regions: 368->13
[757.323s][info][gc,heap        ] GC(184) Humongous regions: 81->33
[757.323s][info][gc,metaspace   ] GC(184) Metaspace: 29893K(30080K)->29893K(30080K) NonClass: 29893K(30080K)->29893K(30080K) Class: 0K(0K)->0K(0K)
[757.323s][info][gc             ] GC(184) Pause Full (System.gc()) 7389M->333M(8192M) 54.083ms
[757.323s][info][gc,cpu         ] GC(184) User=0.37s Sys=0.00s Real=0.06s
(init) ... OK
   762s: high-bound for max-jOPS is measured to be 13837
   762s: 
   762s: Restarting (term) [762.895s][info][gc,start       ] GC(185) Pause Full (System.gc())
[762.895s][info][gc,task        ] GC(185) Using 8 workers of 8 for full compaction
[762.896s][info][gc,phases,start] GC(185) Phase 1: Mark live objects
[762.909s][info][gc,phases      ] GC(185) Phase 1: Mark live objects 13.461ms
[762.909s][info][gc,phases,start] GC(185) Phase 2: Prepare compaction
[762.914s][info][gc,phases      ] GC(185) Phase 2: Prepare compaction 4.916ms
[762.914s][info][gc,phases,start] GC(185) Phase 3: Adjust pointers
[762.924s][info][gc,phases      ] GC(185) Phase 3: Adjust pointers 10.221ms
[762.924s][info][gc,phases,start] GC(185) Phase 4: Compact heap
[762.929s][info][gc,phases      ] GC(185) Phase 4: Compact heap 4.799ms
[762.929s][info][gc,phases,start] GC(185) Phase 5: Reset Metadata
[762.933s][info][gc,phases      ] GC(185) Phase 5: Reset Metadata 3.551ms
[762.941s][info][gc,heap        ] GC(185) Eden regions: 472->0(614)
[762.941s][info][gc,heap        ] GC(185) Survivor regions: 0->0(62)
[762.941s][info][gc,heap        ] GC(185) Old regions: 13->13
[762.941s][info][gc,heap        ] GC(185) Humongous regions: 86->33
[762.941s][info][gc,metaspace   ] GC(185) Metaspace: 29902K(30080K)->29902K(30080K) NonClass: 29902K(30080K)->29902K(30080K) Class: 0K(0K)->0K(0K)
[762.941s][info][gc             ] GC(185) Pause Full (System.gc()) 4528M->332M(8192M) 46.059ms
[762.941s][info][gc,cpu         ] GC(185) User=0.29s Sys=0.01s Real=0.05s
(init) ... OK
   768s: 
   768s: Warmup for building throughput-responsetime curve
   768s: (10%)   IR =   1384 .....[774.151s][info][gc,start       ] GC(186) Pause Young (Normal) (G1 Evacuation Pause)
[774.151s][info][gc,task        ] GC(186) Using 8 workers of 8 for evacuation
[774.877s][info][gc,mmu         ] GC(186) MMU target violated: 201.0ms (200.0ms/201.0ms)
[774.877s][info][gc,phases      ] GC(186)   Pre Evacuate Collection Set: 0.28ms
[774.877s][info][gc,phases      ] GC(186)   Merge Heap Roots: 1.00ms
[774.877s][info][gc,phases      ] GC(186)   Evacuate Collection Set: 723.69ms
[774.877s][info][gc,phases      ] GC(186)   Post Evacuate Collection Set: 1.39ms
[774.878s][info][gc,phases      ] GC(186)   Other: 0.10ms
[774.878s][info][gc,heap        ] GC(186) Eden regions: 614->0(229)
[774.878s][info][gc,heap        ] GC(186) Survivor regions: 0->77(77)
[774.878s][info][gc,heap        ] GC(186) Old regions: 13->89
[774.878s][info][gc,heap        ] GC(186) Humongous regions: 86->81
[774.878s][info][gc,metaspace   ] GC(186) Metaspace: 29931K(30080K)->29931K(30080K) NonClass: 29931K(30080K)->29931K(30080K) Class: 0K(0K)->0K(0K)
[774.878s][info][gc             ] GC(186) Pause Young (Normal) (G1 Evacuation Pause) 5668M->1940M(8192M) 726.597ms
[774.878s][info][gc,cpu         ] GC(186) User=5.78s Sys=0.00s Real=0.72s
...........[785.239s][info][gc,start       ] GC(187) Pause Young (Normal) (G1 Evacuation Pause)
[785.239s][info][gc,task        ] GC(187) Using 8 workers of 8 for evacuation
[785.563s][info][gc,mmu         ] GC(187) MMU target violated: 201.0ms (200.0ms/201.0ms)
[785.563s][info][gc,phases      ] GC(187)   Pre Evacuate Collection Set: 0.23ms
[785.563s][info][gc,phases      ] GC(187)   Merge Heap Roots: 0.60ms
[785.563s][info][gc,phases      ] GC(187)   Evacuate Collection Set: 321.80ms
[785.563s][info][gc,phases      ] GC(187)   Post Evacuate Collection Set: 0.75ms
[785.563s][info][gc,phases      ] GC(187)   Other: 0.10ms
[785.563s][info][gc,heap        ] GC(187) Eden regions: 236->0(191)
[785.563s][info][gc,heap        ] GC(187) Survivor regions: 77->16(40)
[785.563s][info][gc,heap        ] GC(187) Old regions: 89->166
[785.563s][info][gc,heap        ] GC(187) Humongous regions: 81->81
[785.563s][info][gc,metaspace   ] GC(187) Metaspace: 29931K(30080K)->29931K(30080K) NonClass: 29931K(30080K)->29931K(30080K) Class: 0K(0K)->0K(0K)
[785.563s][info][gc             ] GC(187) Pause Young (Normal) (G1 Evacuation Pause) 3828M->2068M(8192M) 323.579ms
[785.563s][info][gc,cpu         ] GC(187) User=2.57s Sys=0.00s Real=0.33s
..........[795.241s][info][gc,start       ] GC(188) Pause Young (Normal) (G1 Evacuation Pause)
[795.241s][info][gc,task        ] GC(188) Using 8 workers of 8 for evacuation
[795.318s][info][gc,phases      ] GC(188)   Pre Evacuate Collection Set: 0.24ms
[795.318s][info][gc,phases      ] GC(188)   Merge Heap Roots: 0.46ms
[795.318s][info][gc,phases      ] GC(188)   Evacuate Collection Set: 75.79ms
[795.318s][info][gc,phases      ] GC(188)   Post Evacuate Collection Set: 0.61ms
[795.318s][info][gc,phases      ] GC(188)   Other: 0.06ms
[795.318s][info][gc,heap        ] GC(188) Eden regions: 208->0(189)
[795.318s][info][gc,heap        ] GC(188) Survivor regions: 16->25(28)
[795.318s][info][gc,heap        ] GC(188) Old regions: 166->166
[795.318s][info][gc,heap        ] GC(188) Humongous regions: 81->81
[795.318s][info][gc,metaspace   ] GC(188) Metaspace: 29931K(30080K)->29931K(30080K) NonClass: 29931K(30080K)->29931K(30080K) Class: 0K(0K)->0K(0K)
[795.318s][info][gc             ] GC(188) Pause Young (Normal) (G1 Evacuation Pause) 3732M->2140M(8192M) 77.283ms
[795.318s][info][gc,cpu         ] GC(188) User=0.61s Sys=0.00s Real=0.07s
..........[805.178s][info][gc,start       ] GC(189) Pause Young (Normal) (G1 Evacuation Pause)
[805.178s][info][gc,task        ] GC(189) Using 8 workers of 8 for evacuation
[805.273s][info][gc,phases      ] GC(189)   Pre Evacuate Collection Set: 0.27ms
[805.273s][info][gc,phases      ] GC(189)   Merge Heap Roots: 0.43ms
[805.273s][info][gc,phases      ] GC(189)   Evacuate Collection Set: 93.70ms
[805.273s][info][gc,phases      ] GC(189)   Post Evacuate Collection Set: 0.58ms
[805.273s][info][gc,phases      ] GC(189)   Other: 0.07ms
[805.273s][info][gc,heap        ] GC(189) Eden regions: 200->0(237)
[805.273s][info][gc,heap        ] GC(189) Survivor regions: 25->24(29)
[805.273s][info][gc,heap        ] GC(189) Old regions: 166->176
[805.273s][info][gc,heap        ] GC(189) Humongous regions: 81->81
[805.273s][info][gc,metaspace   ] GC(189) Metaspace: 29931K(30080K)->29931K(30080K) NonClass: 29931K(30080K)->29931K(30080K) Class: 0K(0K)->0K(0K)
[805.273s][info][gc             ] GC(189) Pause Young (Normal) (G1 Evacuation Pause) 3740M->2211M(8192M) 95.190ms
[805.273s][info][gc,cpu         ] GC(189) User=0.75s Sys=0.00s Real=0.10s
.............[818.665s][info][gc,start       ] GC(190) Pause Young (Normal) (G1 Evacuation Pause)
[818.665s][info][gc,task        ] GC(190) Using 8 workers of 8 for evacuation
[818.764s][info][gc,phases      ] GC(190)   Pre Evacuate Collection Set: 0.23ms
[818.764s][info][gc,phases      ] GC(190)   Merge Heap Roots: 0.42ms
[818.764s][info][gc,phases      ] GC(190)   Evacuate Collection Set: 96.71ms
[818.764s][info][gc,phases      ] GC(190)   Post Evacuate Collection Set: 0.67ms
[818.764s][info][gc,phases      ] GC(190)   Other: 0.06ms
[818.764s][info][gc,heap        ] GC(190) Eden regions: 277->0(302)
[818.764s][info][gc,heap        ] GC(190) Survivor regions: 24->27(38)
[818.764s][info][gc,heap        ] GC(190) Old regions: 176->184
[818.764s][info][gc,heap        ] GC(190) Humongous regions: 81->81
[818.764s][info][gc,metaspace   ] GC(190) Metaspace: 29931K(30080K)->29931K(30080K) NonClass: 29931K(30080K)->29931K(30080K) Class: 0K(0K)->0K(0K)
[818.764s][info][gc             ] GC(190) Pause Young (Normal) (G1 Evacuation Pause) 4427M->2294M(8192M) 98.211ms
[818.764s][info][gc,cpu         ] GC(190) User=0.78s Sys=0.00s Real=0.10s
................[834.526s][info][gc,start       ] GC(191) Pause Young (Normal) (G1 Evacuation Pause)
[834.526s][info][gc,task        ] GC(191) Using 8 workers of 8 for evacuation
[834.632s][info][gc,phases      ] GC(191)   Pre Evacuate Collection Set: 0.24ms
[834.632s][info][gc,phases      ] GC(191)   Merge Heap Roots: 0.41ms
[834.632s][info][gc,phases      ] GC(191)   Evacuate Collection Set: 104.67ms
[834.632s][info][gc,phases      ] GC(191)   Post Evacuate Collection Set: 0.71ms
[834.632s][info][gc,phases      ] GC(191)   Other: 0.06ms
[834.632s][info][gc,heap        ] GC(191) Eden regions: 321->0(371)
[834.632s][info][gc,heap        ] GC(191) Survivor regions: 27->30(44)
[834.632s][info][gc,heap        ] GC(191) Old regions: 184->191
[834.632s][info][gc,heap        ] GC(191) Humongous regions: 81->81
[834.632s][info][gc,metaspace   ] GC(191) Metaspace: 29931K(30080K)->29931K(30080K) NonClass: 29931K(30080K)->29931K(30080K) Class: 0K(0K)->0K(0K)
[834.632s][info][gc             ] GC(191) Pause Young (Normal) (G1 Evacuation Pause) 4862M->2371M(8192M) 106.216ms
[834.632s][info][gc,cpu         ] GC(191) User=0.84s Sys=0.00s Real=0.11s
...................[853.645s][info][gc,start       ] GC(192) Pause Young (Normal) (G1 Evacuation Pause)
[853.645s][info][gc,task        ] GC(192) Using 8 workers of 8 for evacuation
[853.764s][info][gc,phases      ] GC(192)   Pre Evacuate Collection Set: 0.27ms
[853.764s][info][gc,phases      ] GC(192)   Merge Heap Roots: 0.54ms
[853.764s][info][gc,phases      ] GC(192)   Evacuate Collection Set: 117.61ms
[853.764s][info][gc,phases      ] GC(192)   Post Evacuate Collection Set: 0.79ms
[853.764s][info][gc,phases      ] GC(192)   Other: 0.06ms
[853.764s][info][gc,heap        ] GC(192) Eden regions: 385->0(409)
[853.764s][info][gc,heap        ] GC(192) Survivor regions: 30->33(52)
[853.764s][info][gc,heap        ] GC(192) Old regions: 191->198
[853.764s][info][gc,heap        ] GC(192) Humongous regions: 81->81
[853.764s][info][gc,metaspace   ] GC(192) Metaspace: 29932K(30080K)->29932K(30080K) NonClass: 29932K(30080K)->29932K(30080K) Class: 0K(0K)->0K(0K)
[853.764s][info][gc             ] GC(192) Pause Young (Normal) (G1 Evacuation Pause) 5451M->2457M(8192M) 119.430ms
[853.764s][info][gc,cpu         ] GC(192) User=0.95s Sys=0.00s Real=0.12s
.....................[873.967s][info][gc,start       ] GC(193) Pause Young (Normal) (G1 Evacuation Pause)
[873.967s][info][gc,task        ] GC(193) Using 8 workers of 8 for evacuation
[874.091s][info][gc,phases      ] GC(193)   Pre Evacuate Collection Set: 0.24ms
[874.091s][info][gc,phases      ] GC(193)   Merge Heap Roots: 0.47ms
[874.091s][info][gc,phases      ] GC(193)   Evacuate Collection Set: 122.66ms
[874.091s][info][gc,phases      ] GC(193)   Post Evacuate Collection Set: 0.85ms
[874.091s][info][gc,phases      ] GC(193)   Other: 0.06ms
[874.091s][info][gc,heap        ] GC(193) Eden regions: 416->0(449)
[874.091s][info][gc,heap        ] GC(193) Survivor regions: 33->36(57)
[874.091s][info][gc,heap        ] GC(193) Old regions: 198->205
[874.091s][info][gc,heap        ] GC(193) Humongous regions: 81->81
[874.091s][info][gc,metaspace   ] GC(193) Metaspace: 29935K(30080K)->29935K(30080K) NonClass: 29935K(30080K)->29935K(30080K) Class: 0K(0K)->0K(0K)
[874.091s][info][gc             ] GC(193) Pause Young (Normal) (G1 Evacuation Pause) 5785M->2540M(8192M) 124.407ms
[874.091s][info][gc,cpu         ] GC(193) User=0.99s Sys=0.00s Real=0.13s
......................[896.338s][info][gc,start       ] GC(194) Pause Young (Normal) (G1 Evacuation Pause)
[896.338s][info][gc,task        ] GC(194) Using 8 workers of 8 for evacuation
[896.468s][info][gc,phases      ] GC(194)   Pre Evacuate Collection Set: 0.26ms
[896.468s][info][gc,phases      ] GC(194)   Merge Heap Roots: 0.47ms
[896.468s][info][gc,phases      ] GC(194)   Evacuate Collection Set: 128.31ms
[896.468s][info][gc,phases      ] GC(194)   Post Evacuate Collection Set: 0.85ms
[896.468s][info][gc,phases      ] GC(194)   Other: 0.07ms
[896.468s][info][gc,heap        ] GC(194) Eden regions: 453->0(502)
[896.468s][info][gc,heap        ] GC(194) Survivor regions: 36->38(62)
[896.468s][info][gc,heap        ] GC(194) Old regions: 205->213
[896.468s][info][gc,heap        ] GC(194) Humongous regions: 81->81
[896.468s][info][gc,metaspace   ] GC(194) Metaspace: 29937K(30080K)->29937K(30080K) NonClass: 29937K(30080K)->29937K(30080K) Class: 0K(0K)->0K(0K)
[896.468s][info][gc             ] GC(194) Pause Young (Normal) (G1 Evacuation Pause) 6164M->2610M(8192M) 130.085ms
[896.468s][info][gc,cpu         ] GC(194) User=1.03s Sys=0.00s Real=0.13s
.........................[921.284s][info][gc,start       ] GC(195) Pause Young (Normal) (G1 Evacuation Pause)
[921.284s][info][gc,task        ] GC(195) Using 8 workers of 8 for evacuation
[921.420s][info][gc,phases      ] GC(195)   Pre Evacuate Collection Set: 0.29ms
[921.420s][info][gc,phases      ] GC(195)   Merge Heap Roots: 0.55ms
[921.420s][info][gc,phases      ] GC(195)   Evacuate Collection Set: 133.66ms
[921.420s][info][gc,phases      ] GC(195)   Post Evacuate Collection Set: 0.96ms
[921.420s][info][gc,phases      ] GC(195)   Other: 0.07ms
[921.420s][info][gc,heap        ] GC(195) Eden regions: 503->0(550)
[921.420s][info][gc,heap        ] GC(195) Survivor regions: 38->40(68)
[921.420s][info][gc,heap        ] GC(195) Old regions: 213->220
[921.420s][info][gc,heap        ] GC(195) Humongous regions: 81->81
[921.420s][info][gc,metaspace   ] GC(195) Metaspace: 29938K(30144K)->29938K(30144K) NonClass: 29938K(30144K)->29938K(30144K) Class: 0K(0K)->0K(0K)
[921.420s][info][gc             ] GC(195) Pause Young (Normal) (G1 Evacuation Pause) 6634M->2682M(8192M) 135.659ms
[921.420s][info][gc,cpu         ] GC(195) User=1.07s Sys=0.00s Real=0.13s
...........................[948.444s][info][gc,start       ] GC(196) Pause Young (Normal) (G1 Evacuation Pause)
[948.445s][info][gc,task        ] GC(196) Using 8 workers of 8 for evacuation
[948.585s][info][gc,phases      ] GC(196)   Pre Evacuate Collection Set: 0.28ms
[948.585s][info][gc,phases      ] GC(196)   Merge Heap Roots: 0.49ms
[948.586s][info][gc,phases      ] GC(196)   Evacuate Collection Set: 139.09ms
[948.586s][info][gc,phases      ] GC(196)   Post Evacuate Collection Set: 1.02ms
[948.586s][info][gc,phases      ] GC(196)   Other: 0.06ms
[948.586s][info][gc,heap        ] GC(196) Eden regions: 548->0(573)
[948.586s][info][gc,heap        ] GC(196) Survivor regions: 40->41(74)
[948.586s][info][gc,heap        ] GC(196) Old regions: 220->226
[948.586s][info][gc,heap        ] GC(196) Humongous regions: 81->81
[948.586s][info][gc,metaspace   ] GC(196) Metaspace: 29942K(30144K)->29942K(30144K) NonClass: 29942K(30144K)->29942K(30144K) Class: 0K(0K)->0K(0K)
[948.586s][info][gc             ] GC(196) Pause Young (Normal) (G1 Evacuation Pause) 7066M->2744M(8192M) 141.068ms
[948.586s][info][gc,cpu         ] GC(196) User=1.12s Sys=0.00s Real=0.14s
. (rIR:aIR:PR = 1384:1385:1385) (tPR = 20485) [OK] 
   948s: 
   948s: Building throughput-responsetime curve
   948s: ( 0%)   IR =      0 ...|............................................................ (rIR:aIR:PR = 0:0:0) (tPR = 0) [OK] 
  1011s: Performance info:
         Transaction,    Success,    Partial,     Failed,   Receipts, AvgBarcode, 
         Response times:
             Request,    Success,    Partial,     Failed,   SkipFail,     Probes,    Samples,      min,      p50,      p90,      p95,      p99,      max, 

  1011s: ( 1%)   IR =    138 ....|............................................................ (rIR:aIR:PR = 138:138:138) (tPR = 2062) [OK] 
  1075s: Performance info:
         Transaction,    Success,    Partial,     Failed,   Receipts, AvgBarcode, 
             Overall,       8295,          0,          0,       7879,      59.49, 
         Response times:
             Request,    Success,    Partial,     Failed,   SkipFail,     Probes,    Samples,      min,      p50,      p90,      p95,      p99,      max, 
       TotalPurchase,       7879,          0,          0,          0,       7264,       8297,      300,      400,      500,      500,      700,     1000,
     InStorePurchase,       4139,          0,          0,          0,       3874,       4381,      300,      400,      500,      500,      700,     1000,
      OnlinePurchase,       2912,          0,          0,          0,       2677,       3035,      300,      400,      500,      600,      700,      900,
        InstPurchase,        828,          0,          0,          0,        713,        881,      300,      500,      500,      600,      700,      900,
          AssocOfCat,          9,          0,          0,          0,          8,          8,    18200,    20350,    23000,    23000,    23000,    23000,
      AssocOfProduct,         82,          0,          0,          0,         77,         86,      400,      600,      700,      700,      700,      700,
      BusinessReport,         23,          0,          0,          0,         21,         22,    18500,    21500,    25700,    26850,    27000,    27000,
          CustBuyBeh,         83,          0,          0,          0,         81,         86,      200,      200,      300,      300,      400,      400,
       ProductReturn,        219,          0,          0,          0,        162,        238,      200,      300,      300,      300,      461,      600,

  1075s: ( 2%)   IR =    277 ....|............................................................ (rIR:aIR:PR = 277:277:277) (tPR = 4059) [OK] 
  1139s: Performance info:
         Transaction,    Success,    Partial,     Failed,   Receipts, AvgBarcode, 
             Overall,      16623,          0,          0,      15787,      59.49, 
         Response times:
             Request,    Success,    Partial,     Failed,   SkipFail,     Probes,    Samples,      min,      p50,      p90,      p95,      p99,      max, 
       TotalPurchase,      15788,          0,          0,          0,      14878,      16617,      300,      500,      700,      700,      900,     1600,
     InStorePurchase,       8299,          0,          0,          0,       7922,       8784,      300,      400,      600,      700,      900,     1500,
      OnlinePurchase,       5827,          0,          0,          0,       5429,       6022,      300,      500,      700,      700,      900,     1600,
        InstPurchase,       1662,          0,          0,          0,       1527,       1811,      400,      500,      700,      800,      900,     1500,
          AssocOfCat,         16,          0,          0,          0,         14,         16,    21000,    23000,    24300,    25000,    25000,    25000,
      AssocOfProduct,        169,          0,          0,          0,        139,        203,      300,      700,      900,      900,     1192,     1200,
      BusinessReport,         41,          0,          0,          0,         40,         44,    22000,    23000,    24000,    25000,    34000,    34000,
          CustBuyBeh,        167,          0,          0,          0,        123,        176,      200,      300,      500,      600,      900,      900,
       ProductReturn,        443,          0,          0,          0,        369,        478,      200,      300,      600,      700,      800,      900,

  1139s: ( 3%)   IR =    415 ....|.......................[1167.825s][info][gc,start       ] GC(197) Pause Young (Normal) (G1 Evacuation Pause)
[1167.825s][info][gc,task        ] GC(197) Using 8 workers of 8 for evacuation
[1167.969s][info][gc,phases      ] GC(197)   Pre Evacuate Collection Set: 0.31ms
[1167.969s][info][gc,phases      ] GC(197)   Merge Heap Roots: 0.65ms
[1167.969s][info][gc,phases      ] GC(197)   Evacuate Collection Set: 141.68ms
[1167.969s][info][gc,phases      ] GC(197)   Post Evacuate Collection Set: 1.07ms
[1167.969s][info][gc,phases      ] GC(197)   Other: 0.09ms
[1167.969s][info][gc,heap        ] GC(197) Eden regions: 573->0(572)
[1167.969s][info][gc,heap        ] GC(197) Survivor regions: 41->42(77)
[1167.969s][info][gc,heap        ] GC(197) Old regions: 226->233
[1167.969s][info][gc,heap        ] GC(197) Humongous regions: 81->81
[1167.969s][info][gc,metaspace   ] GC(197) Metaspace: 29947K(30144K)->29947K(30144K) NonClass: 29947K(30144K)->29947K(30144K) Class: 0K(0K)->0K(0K)
[1167.969s][info][gc             ] GC(197) Pause Young (Normal) (G1 Evacuation Pause) 7328M->2806M(8192M) 143.961ms
[1167.969s][info][gc,cpu         ] GC(197) User=1.14s Sys=0.00s Real=0.14s
..................................... (rIR:aIR:PR = 415:415:415) (tPR = 6273) [OK] 
  1203s: Performance info:
         Transaction,    Success,    Partial,     Failed,   Receipts, AvgBarcode, 
             Overall,      24925,          0,          0,      23678,      59.47, 
         Response times:
             Request,    Success,    Partial,     Failed,   SkipFail,     Probes,    Samples,      min,      p50,      p90,      p95,      p99,      max, 
       TotalPurchase,      23678,          0,          0,          0,      22567,      24905,      300,      600,      800,      900,     1100,   147000,
     InStorePurchase,      12457,          0,          0,          0,      12004,      13130,      300,      500,      800,      900,     1100,   146000,
      OnlinePurchase,       8730,          0,          0,          0,       8321,       9209,      300,      600,      800,      900,     1100,   146000,
        InstPurchase,       2491,          0,          0,          0,       2242,       2566,      400,      600,      900,     1000,     1100,   147000,
          AssocOfCat,         28,          0,          0,          0,         25,         26,    16400,    23000,    26000,    39650,    47000,    47000,
      AssocOfProduct,        249,          0,          0,          0,        197,        258,      400,      800,      900,     1000,     1182,   145000,
      BusinessReport,         63,          0,          0,          0,         57,         66,    18500,    24000,    31000,    35000,    45000,    45000,
          CustBuyBeh,        251,          0,          0,          0,        180,        246,      200,      400,      700,      800,      900,      900,
       ProductReturn,        656,          0,          0,          0,        561,        678,      200,      300,      700,      800,     1100,     1200,

  1203s: ( 4%)   IR =    553 .....|.....................................[1247.007s][info][gc,start       ] GC(198) Pause Young (Normal) (G1 Evacuation Pause)
[1247.007s][info][gc,task        ] GC(198) Using 8 workers of 8 for evacuation
[1247.152s][info][gc,phases      ] GC(198)   Pre Evacuate Collection Set: 0.27ms
[1247.152s][info][gc,phases      ] GC(198)   Merge Heap Roots: 0.59ms
[1247.152s][info][gc,phases      ] GC(198)   Evacuate Collection Set: 143.12ms
[1247.152s][info][gc,phases      ] GC(198)   Post Evacuate Collection Set: 1.03ms
[1247.152s][info][gc,phases      ] GC(198)   Other: 0.07ms
[1247.152s][info][gc,heap        ] GC(198) Eden regions: 572->0(567)
[1247.152s][info][gc,heap        ] GC(198) Survivor regions: 42->42(77)
[1247.153s][info][gc,heap        ] GC(198) Old regions: 233->240
[1247.153s][info][gc,heap        ] GC(198) Humongous regions: 81->81
[1247.153s][info][gc,metaspace   ] GC(198) Metaspace: 29949K(30144K)->29949K(30144K) NonClass: 29949K(30144K)->29949K(30144K) Class: 0K(0K)->0K(0K)
[1247.153s][info][gc             ] GC(198) Pause Young (Normal) (G1 Evacuation Pause) 7382M->2861M(8192M) 145.217ms
[1247.153s][info][gc,cpu         ] GC(198) User=1.14s Sys=0.00s Real=0.15s
....................... (rIR:aIR:PR = 553:553:553) (tPR = 8357) [OK] 
  1268s: Performance info:
         Transaction,    Success,    Partial,     Failed,   Receipts, AvgBarcode, 
             Overall,      33219,          0,          0,      31559,      59.48, 
         Response times:
             Request,    Success,    Partial,     Failed,   SkipFail,     Probes,    Samples,      min,      p50,      p90,      p95,      p99,      max, 
       TotalPurchase,      31559,          0,          0,          0,      30065,      33321,      300,      600,     1000,     1000,     1300,   149000,
     InStorePurchase,      16626,          0,          0,          0,      15924,      17543,      300,      600,      900,     1000,     1200,   149000,
      OnlinePurchase,      11622,          0,          0,          0,      11052,      12235,      300,      600,      900,     1000,     1300,   147000,
        InstPurchase,       3311,          0,          0,          0,       3089,       3543,      400,      800,     1000,     1100,     1400,   147000,
          AssocOfCat,         34,          0,          0,          0,         33,         36,    16600,    23000,    26300,    29300,    31000,    31000,
      AssocOfProduct,        334,          0,          0,          0,        249,        337,      400,      800,      900,     1010,     1200,     1400,
      BusinessReport,         83,          0,          0,          0,         80,         88,    18900,    24000,    27000,    27000,    29000,    29000,
          CustBuyBeh,        329,          0,          0,          0,        248,        349,      200,      400,      700,      800,     1000,     1100,
       ProductReturn,        880,          0,          0,          0,        781,        963,      200,      300,      700,      800,     1100,     4500,

  1268s: ( 5%)   IR =    692 .....|................................[1307.020s][info][gc,start       ] GC(199) Pause Young (Normal) (G1 Evacuation Pause)
[1307.020s][info][gc,task        ] GC(199) Using 8 workers of 8 for evacuation
[1307.164s][info][gc,phases      ] GC(199)   Pre Evacuate Collection Set: 0.28ms
[1307.164s][info][gc,phases      ] GC(199)   Merge Heap Roots: 0.59ms
[1307.164s][info][gc,phases      ] GC(199)   Evacuate Collection Set: 142.23ms
[1307.164s][info][gc,phases      ] GC(199)   Post Evacuate Collection Set: 1.02ms
[1307.164s][info][gc,phases      ] GC(199)   Other: 0.06ms
[1307.164s][info][gc,heap        ] GC(199) Eden regions: 567->0(558)
[1307.164s][info][gc,heap        ] GC(199) Survivor regions: 42->43(77)
[1307.164s][info][gc,heap        ] GC(199) Old regions: 240->247
[1307.164s][info][gc,heap        ] GC(199) Humongous regions: 81->81
[1307.164s][info][gc,metaspace   ] GC(199) Metaspace: 29951K(30144K)->29951K(30144K) NonClass: 29951K(30144K)->29951K(30144K) Class: 0K(0K)->0K(0K)
[1307.164s][info][gc             ] GC(199) Pause Young (Normal) (G1 Evacuation Pause) 7397M->2925M(8192M) 144.300ms
[1307.164s][info][gc,cpu         ] GC(199) User=1.14s Sys=0.00s Real=0.14s
............................ (rIR:aIR:PR = 692:692:692) (tPR = 10413) [OK] 
  1334s: Performance info:
         Transaction,    Success,    Partial,     Failed,   Receipts, AvgBarcode, 
             Overall,      41567,          0,          0,      39494,      59.48, 
         Response times:
             Request,    Success,    Partial,     Failed,   SkipFail,     Probes,    Samples,      min,      p50,      p90,      p95,      p99,      max, 
       TotalPurchase,      39494,          0,          0,          0,      38027,      42137,      300,      700,     1100,     1200,     1400,   147000,
     InStorePurchase,      20764,          0,          0,          0,      20111,      22203,      300,      700,     1100,     1200,     1400,     5800,
      OnlinePurchase,      14576,          0,          0,          0,      14024,      15471,      300,      700,     1100,     1200,     1400,   147000,
        InstPurchase,       4154,          0,          0,          0,       3892,       4463,      400,      900,     1200,     1300,     1536,   147000,
          AssocOfCat,         41,          0,          0,          0,         38,         44,    18200,    23000,    25000,    25750,    26000,    26000,
      AssocOfProduct,        414,          0,          0,          0,        341,        473,      500,      800,     1200,     1300,     1500,     1600,
      BusinessReport,        104,          0,          0,          0,         95,        111,    18600,    24000,    27000,    29400,    35640,    36000,
          CustBuyBeh,        415,          0,          0,          0,        319,        427,      100,      300,      800,      960,     1200,     1300,
       ProductReturn,       1099,          0,          0,          0,        956,       1137,      200,      300,      800,     1000,     1262,     3200,

  1334s: ( 6%)   IR =    830 ......|.................[1357.293s][info][gc,start       ] GC(200) Pause Young (Normal) (G1 Evacuation Pause)
[1357.293s][info][gc,task        ] GC(200) Using 8 workers of 8 for evacuation
[1357.438s][info][gc,phases      ] GC(200)   Pre Evacuate Collection Set: 0.27ms
[1357.438s][info][gc,phases      ] GC(200)   Merge Heap Roots: 0.61ms
[1357.438s][info][gc,phases      ] GC(200)   Evacuate Collection Set: 142.70ms
[1357.438s][info][gc,phases      ] GC(200)   Post Evacuate Collection Set: 1.01ms
[1357.438s][info][gc,phases      ] GC(200)   Other: 0.08ms
[1357.438s][info][gc,heap        ] GC(200) Eden regions: 558->0(553)
[1357.438s][info][gc,heap        ] GC(200) Survivor regions: 43->42(76)
[1357.438s][info][gc,heap        ] GC(200) Old regions: 247->254
[1357.438s][info][gc,heap        ] GC(200) Humongous regions: 81->81
[1357.438s][info][gc,metaspace   ] GC(200) Metaspace: 29951K(30144K)->29951K(30144K) NonClass: 29951K(30144K)->29951K(30144K) Class: 0K(0K)->0K(0K)
[1357.438s][info][gc             ] GC(200) Pause Young (Normal) (G1 Evacuation Pause) 7389M->2977M(8192M) 144.798ms
[1357.438s][info][gc,cpu         ] GC(200) User=1.14s Sys=0.00s Real=0.14s
........................................... (rIR:aIR:PR = 830:831:831) (tPR = 12396) [OK] 
  1400s: Performance info:
         Transaction,    Success,    Partial,     Failed,   Receipts, AvgBarcode, 
             Overall,      49891,          0,          0,      47397,      59.49, 
         Response times:
             Request,    Success,    Partial,     Failed,   SkipFail,     Probes,    Samples,      min,      p50,      p90,      p95,      p99,      max, 
       TotalPurchase,      47397,          0,          0,          0,      45638,      51398,      300,      800,     1200,     1400,     1600,   148000,
     InStorePurchase,      24929,          0,          0,          0,      24133,      27036,      300,      800,     1200,     1300,     1600,   147000,
      OnlinePurchase,      17471,          0,          0,          0,      16807,      18915,      300,      800,     1200,     1400,     1600,   148000,
        InstPurchase,       4997,          0,          0,          0,       4698,       5447,      400,     1000,     1300,     1400,     1700,     4900,
          AssocOfCat,         48,          0,          0,          0,         48,         54,    18400,    23000,    25500,    30000,    35000,    35000,
      AssocOfProduct,        499,          0,          0,          0,        407,        525,      400,      900,     1300,     1400,     1700,     1800,
      BusinessReport,        125,          0,          0,          0,         95,        135,    18700,    25000,    27000,    29000,    31640,    32000,
          CustBuyBeh,        501,          0,          0,          0,        426,        571,      200,      800,     1100,     1200,     1628,     4800,
       ProductReturn,       1321,          0,          0,          0,       1155,       1418,      200,      300,      900,     1100,     1400,   147000,

  1400s: ( 7%)   IR =    969 ..[1402.326s][info][gc,start       ] GC(201) Pause Young (Normal) (G1 Evacuation Pause)
[1402.326s][info][gc,task        ] GC(201) Using 8 workers of 8 for evacuation
[1402.472s][info][gc,phases      ] GC(201)   Pre Evacuate Collection Set: 0.27ms
[1402.472s][info][gc,phases      ] GC(201)   Merge Heap Roots: 0.61ms
[1402.472s][info][gc,phases      ] GC(201)   Evacuate Collection Set: 144.20ms
[1402.472s][info][gc,phases      ] GC(201)   Post Evacuate Collection Set: 1.04ms
[1402.472s][info][gc,phases      ] GC(201)   Other: 0.06ms
[1402.472s][info][gc,heap        ] GC(201) Eden regions: 553->0(546)
[1402.472s][info][gc,heap        ] GC(201) Survivor regions: 42->42(75)
[1402.472s][info][gc,heap        ] GC(201) Old regions: 254->261
[1402.472s][info][gc,heap        ] GC(201) Humongous regions: 81->81
[1402.472s][info][gc,metaspace   ] GC(201) Metaspace: 29951K(30144K)->29951K(30144K) NonClass: 29951K(30144K)->29951K(30144K) Class: 0K(0K)->0K(0K)
[1402.472s][info][gc             ] GC(201) Pause Young (Normal) (G1 Evacuation Pause) 7401M->3030M(8192M) 146.337ms
[1402.472s][info][gc,cpu         ] GC(201) User=1.15s Sys=0.00s Real=0.15s
..|....................................[1440.557s][info][gc,start       ] GC(202) Pause Young (Normal) (G1 Evacuation Pause)
[1440.557s][info][gc,task        ] GC(202) Using 8 workers of 8 for evacuation
[1440.702s][info][gc,phases      ] GC(202)   Pre Evacuate Collection Set: 0.29ms
[1440.702s][info][gc,phases      ] GC(202)   Merge Heap Roots: 0.63ms
[1440.702s][info][gc,phases      ] GC(202)   Evacuate Collection Set: 142.53ms
[1440.702s][info][gc,phases      ] GC(202)   Post Evacuate Collection Set: 1.02ms
[1440.702s][info][gc,phases      ] GC(202)   Other: 0.08ms
[1440.702s][info][gc,heap        ] GC(202) Eden regions: 546->0(539)
[1440.702s][info][gc,heap        ] GC(202) Survivor regions: 42->42(74)
[1440.702s][info][gc,heap        ] GC(202) Old regions: 261->268
[1440.702s][info][gc,heap        ] GC(202) Humongous regions: 81->81
[1440.702s][info][gc,metaspace   ] GC(202) Metaspace: 29953K(30144K)->29953K(30144K) NonClass: 29953K(30144K)->29953K(30144K) Class: 0K(0K)->0K(0K)
[1440.702s][info][gc             ] GC(202) Pause Young (Normal) (G1 Evacuation Pause) 7398M->3088M(8192M) 144.690ms
[1440.702s][info][gc,cpu         ] GC(202) User=1.14s Sys=0.00s Real=0.15s
........................ (rIR:aIR:PR = 969:969:969) (tPR = 14312) [OK] 
  1464s: Performance info:
         Transaction,    Success,    Partial,     Failed,   Receipts, AvgBarcode, 
             Overall,      58181,          0,          0,      55266,      59.49, 
         Response times:
             Request,    Success,    Partial,     Failed,   SkipFail,     Probes,    Samples,      min,      p50,      p90,      p95,      p99,      max, 
       TotalPurchase,      55266,          0,          0,          0,      53403,      58037,      300,      900,     1400,     1500,     1900,   151000,
     InStorePurchase,      29074,          0,          0,          0,      28090,      30321,      300,      900,     1400,     1500,     1800,   151000,
      OnlinePurchase,      20359,          0,          0,          0,      19826,      21639,      300,      900,     1400,     1600,     1900,   148000,
        InstPurchase,       5833,          0,          0,          0,       5487,       6077,      400,      900,     1400,     1500,     1900,   148000,
          AssocOfCat,         60,          0,          0,          0,         53,         60,    17900,    23000,    25900,    32650,   174000,   174000,
      AssocOfProduct,        580,          0,          0,          0,        485,        605,      500,     1100,     1600,     1700,     2094,     7200,
      BusinessReport,        142,          0,          0,          0,        100,        157,    18400,    25000,    28200,    31000,    37680,    40000,
          CustBuyBeh,        582,          0,          0,          0,        475,        617,      200,      500,     1200,     1300,     1600,     7100,
       ProductReturn,       1551,          0,          0,          0,       1394,       1621,      200,      800,     1300,     1400,     1978,   148000,

  1464s: ( 8%)   IR =   1107 .....|.......[1476.781s][info][gc,start       ] GC(203) Pause Young (Normal) (G1 Evacuation Pause)
[1476.781s][info][gc,task        ] GC(203) Using 8 workers of 8 for evacuation
[1476.924s][info][gc,phases      ] GC(203)   Pre Evacuate Collection Set: 0.27ms
[1476.924s][info][gc,phases      ] GC(203)   Merge Heap Roots: 0.56ms
[1476.924s][info][gc,phases      ] GC(203)   Evacuate Collection Set: 140.99ms
[1476.924s][info][gc,phases      ] GC(203)   Post Evacuate Collection Set: 0.99ms
[1476.924s][info][gc,phases      ] GC(203)   Other: 0.06ms
[1476.924s][info][gc,heap        ] GC(203) Eden regions: 539->0(532)
[1476.924s][info][gc,heap        ] GC(203) Survivor regions: 42->42(73)
[1476.924s][info][gc,heap        ] GC(203) Old regions: 268->275
[1476.924s][info][gc,heap        ] GC(203) Humongous regions: 81->81
[1476.924s][info][gc,metaspace   ] GC(203) Metaspace: 29955K(30144K)->29955K(30144K) NonClass: 29955K(30144K)->29955K(30144K) Class: 0K(0K)->0K(0K)
[1476.924s][info][gc             ] GC(203) Pause Young (Normal) (G1 Evacuation Pause) 7400M->3144M(8192M) 143.000ms
[1476.924s][info][gc,cpu         ] GC(203) User=1.13s Sys=0.00s Real=0.14s
.................................[1509.548s][info][gc,start       ] GC(204) Pause Young (Normal) (G1 Evacuation Pause)
[1509.548s][info][gc,task        ] GC(204) Using 8 workers of 8 for evacuation
[1509.691s][info][gc,phases      ] GC(204)   Pre Evacuate Collection Set: 0.28ms
[1509.691s][info][gc,phases      ] GC(204)   Merge Heap Roots: 0.55ms
[1509.691s][info][gc,phases      ] GC(204)   Evacuate Collection Set: 140.47ms
[1509.691s][info][gc,phases      ] GC(204)   Post Evacuate Collection Set: 1.02ms
[1509.691s][info][gc,phases      ] GC(204)   Other: 0.07ms
[1509.691s][info][gc,heap        ] GC(204) Eden regions: 532->0(526)
[1509.691s][info][gc,heap        ] GC(204) Survivor regions: 42->41(72)
[1509.691s][info][gc,heap        ] GC(204) Old regions: 275->283
[1509.691s][info][gc,heap        ] GC(204) Humongous regions: 81->81
[1509.691s][info][gc,metaspace   ] GC(204) Metaspace: 29955K(30144K)->29955K(30144K) NonClass: 29955K(30144K)->29955K(30144K) Class: 0K(0K)->0K(0K)
[1509.691s][info][gc             ] GC(204) Pause Young (Normal) (G1 Evacuation Pause) 7400M->3201M(8192M) 142.534ms
[1509.691s][info][gc,cpu         ] GC(204) User=1.13s Sys=0.00s Real=0.15s
.................... (rIR:aIR:PR = 1107:1108:1108) (tPR = 16327) [OK] 
  1529s: Performance info:
         Transaction,    Success,    Partial,     Failed,   Receipts, AvgBarcode, 
             Overall,      66531,          0,          0,      63210,      59.48, 
         Response times:
             Request,    Success,    Partial,     Failed,   SkipFail,     Probes,    Samples,      min,      p50,      p90,      p95,      p99,      max, 
       TotalPurchase,      63210,          0,          0,          0,      61004,      67372,      300,     1000,     1500,     1700,     2000,   146000,
     InStorePurchase,      33263,          0,          0,          0,      32271,      35505,      300,     1000,     1500,     1700,     2000,   146000,
      OnlinePurchase,      23287,          0,          0,          0,      22444,      24746,      300,     1000,     1500,     1700,     2000,   146000,
        InstPurchase,       6660,          0,          0,          0,       6289,       7121,      400,     1100,     1600,     1700,     2100,   145000,
          AssocOfCat,         68,          0,          0,          0,         63,         72,    18000,    24000,    26700,    28350,   174000,   174000,
      AssocOfProduct,        660,          0,          0,          0,        540,        679,      500,     1100,     1600,     1700,     1920,     3100,
      BusinessReport,        167,          0,          0,          0,        116,        184,    18400,    25000,    29000,    30000,    31000,    31000,
          CustBuyBeh,        666,          0,          0,          0,        567,        707,      200,     1100,     1500,     1600,     1992,    10100,
       ProductReturn,       1760,          0,          0,          0,       1619,       1969,      200,      500,     1300,     1500,     1800,     6600,

  1529s: ( 9%)   IR =   1245 ........|...[1540.409s][info][gc,start       ] GC(205) Pause Young (Normal) (G1 Evacuation Pause)
[1540.409s][info][gc,task        ] GC(205) Using 8 workers of 8 for evacuation
[1540.551s][info][gc,phases      ] GC(205)   Pre Evacuate Collection Set: 0.24ms
[1540.551s][info][gc,phases      ] GC(205)   Merge Heap Roots: 0.57ms
[1540.551s][info][gc,phases      ] GC(205)   Evacuate Collection Set: 140.03ms
[1540.551s][info][gc,phases      ] GC(205)   Post Evacuate Collection Set: 0.97ms
[1540.551s][info][gc,phases      ] GC(205)   Other: 0.06ms
[1540.551s][info][gc,heap        ] GC(205) Eden regions: 526->0(519)
[1540.551s][info][gc,heap        ] GC(205) Survivor regions: 41->41(71)
[1540.551s][info][gc,heap        ] GC(205) Old regions: 283->290
[1540.551s][info][gc,heap        ] GC(205) Humongous regions: 81->81
[1540.551s][info][gc,metaspace   ] GC(205) Metaspace: 29958K(30144K)->29958K(30144K) NonClass: 29958K(30144K)->29958K(30144K) Class: 0K(0K)->0K(0K)
[1540.551s][info][gc             ] GC(205) Pause Young (Normal) (G1 Evacuation Pause) 7409M->3258M(8192M) 141.997ms
[1540.551s][info][gc,cpu         ] GC(205) User=1.12s Sys=0.00s Real=0.15s
............................[1568.660s][info][gc,start       ] GC(206) Pause Young (Normal) (G1 Evacuation Pause)
[1568.660s][info][gc,task        ] GC(206) Using 8 workers of 8 for evacuation
[1568.800s][info][gc,phases      ] GC(206)   Pre Evacuate Collection Set: 0.27ms
[1568.800s][info][gc,phases      ] GC(206)   Merge Heap Roots: 0.54ms
[1568.800s][info][gc,phases      ] GC(206)   Evacuate Collection Set: 138.84ms
[1568.800s][info][gc,phases      ] GC(206)   Post Evacuate Collection Set: 0.94ms
[1568.800s][info][gc,phases      ] GC(206)   Other: 0.09ms
[1568.800s][info][gc,heap        ] GC(206) Eden regions: 519->0(511)
[1568.800s][info][gc,heap        ] GC(206) Survivor regions: 41->41(70)
[1568.800s][info][gc,heap        ] GC(206) Old regions: 290->298
[1568.800s][info][gc,heap        ] GC(206) Humongous regions: 81->81
[1568.800s][info][gc,metaspace   ] GC(206) Metaspace: 29958K(30144K)->29958K(30144K) NonClass: 29958K(30144K)->29958K(30144K) Class: 0K(0K)->0K(0K)
[1568.800s][info][gc             ] GC(206) Pause Young (Normal) (G1 Evacuation Pause) 7410M->3314M(8192M) 140.826ms
[1568.801s][info][gc,cpu         ] GC(206) User=1.11s Sys=0.00s Real=0.15s
............................[1596.628s][info][gc,start       ] GC(207) Pause Young (Normal) (G1 Evacuation Pause)
[1596.628s][info][gc,task        ] GC(207) Using 8 workers of 8 for evacuation
[1596.769s][info][gc,phases      ] GC(207)   Pre Evacuate Collection Set: 0.27ms
[1596.769s][info][gc,phases      ] GC(207)   Merge Heap Roots: 0.56ms
[1596.769s][info][gc,phases      ] GC(207)   Evacuate Collection Set: 139.30ms
[1596.769s][info][gc,phases      ] GC(207)   Post Evacuate Collection Set: 0.93ms
[1596.769s][info][gc,phases      ] GC(207)   Other: 0.06ms
[1596.769s][info][gc,heap        ] GC(207) Eden regions: 511->0(506)
[1596.769s][info][gc,heap        ] GC(207) Survivor regions: 41->40(69)
[1596.769s][info][gc,heap        ] GC(207) Old regions: 298->305
[1596.769s][info][gc,heap        ] GC(207) Humongous regions: 81->81
[1596.769s][info][gc,metaspace   ] GC(207) Metaspace: 29960K(30144K)->29960K(30144K) NonClass: 29960K(30144K)->29960K(30144K) Class: 0K(0K)->0K(0K)
[1596.769s][info][gc             ] GC(207) Pause Young (Normal) (G1 Evacuation Pause) 7402M->3370M(8192M) 141.255ms
[1596.769s][info][gc,cpu         ] GC(207) User=1.12s Sys=0.00s Real=0.14s
. (rIR:aIR:PR = 1245:1247:1247) (tPR = 18308) [OK] 
  1597s: Performance info:
         Transaction,    Success,    Partial,     Failed,   Receipts, AvgBarcode, 
             Overall,      74850,          0,          0,      71108,      59.47, 
         Response times:
             Request,    Success,    Partial,     Failed,   SkipFail,     Probes,    Samples,      min,      p50,      p90,      p95,      p99,      max, 
       TotalPurchase,      71108,          0,          0,          0,      68943,      79575,      300,     1100,     1700,     1800,     2200,   144000,
     InStorePurchase,      37431,          0,          0,          0,      36440,      41819,      300,     1000,     1600,     1800,     2200,   144000,
      OnlinePurchase,      26195,          0,          0,          0,      25407,      29352,      300,     1100,     1700,     1900,     2200,   144000,
        InstPurchase,       7482,          0,          0,          0,       7096,       8404,      400,     1100,     1700,     1900,     2300,     8900,
          AssocOfCat,         74,          0,          0,          0,         72,         83,    17600,    24000,    28000,    33600,    36000,    36000,
      AssocOfProduct,        749,          0,          0,          0,        658,        886,      500,      900,     1500,     1700,     2313,     4100,
      BusinessReport,        187,          0,          0,          0,        144,        209,    19300,    26000,    31000,    34000,    51000,    52000,
          CustBuyBeh,        752,          0,          0,          0,        641,        803,      300,     1000,     1500,     1700,     2300,     4500,
       ProductReturn,       1980,          0,          0,          0,       1814,       2231,      200,      600,     1500,     1600,     2100,     8300,

  1597s: (10%)   IR =   1384 ....|....................[1621.606s][info][gc,start       ] GC(208) Pause Young (Normal) (G1 Evacuation Pause)
[1621.606s][info][gc,task        ] GC(208) Using 8 workers of 8 for evacuation
[1621.747s][info][gc,phases      ] GC(208)   Pre Evacuate Collection Set: 0.28ms
[1621.747s][info][gc,phases      ] GC(208)   Merge Heap Roots: 0.55ms
[1621.747s][info][gc,phases      ] GC(208)   Evacuate Collection Set: 138.54ms
[1621.747s][info][gc,phases      ] GC(208)   Post Evacuate Collection Set: 0.92ms
[1621.747s][info][gc,phases      ] GC(208)   Other: 0.08ms
[1621.747s][info][gc,heap        ] GC(208) Eden regions: 506->0(498)
[1621.747s][info][gc,heap        ] GC(208) Survivor regions: 40->40(69)
[1621.747s][info][gc,heap        ] GC(208) Old regions: 305->313
[1621.747s][info][gc,heap        ] GC(208) Humongous regions: 81->81
[1621.747s][info][gc,metaspace   ] GC(208) Metaspace: 29960K(30144K)->29960K(30144K) NonClass: 29960K(30144K)->29960K(30144K) Class: 0K(0K)->0K(0K)
[1621.747s][info][gc             ] GC(208) Pause Young (Normal) (G1 Evacuation Pause) 7418M->3432M(8192M) 140.521ms
[1621.747s][info][gc,cpu         ] GC(208) User=1.11s Sys=0.00s Real=0.14s
........................[1646.005s][info][gc,start       ] GC(209) Pause Young (Normal) (G1 Evacuation Pause)
[1646.005s][info][gc,task        ] GC(209) Using 8 workers of 8 for evacuation
[1646.144s][info][gc,phases      ] GC(209)   Pre Evacuate Collection Set: 0.27ms
[1646.145s][info][gc,phases      ] GC(209)   Merge Heap Roots: 0.54ms
[1646.145s][info][gc,phases      ] GC(209)   Evacuate Collection Set: 138.08ms
[1646.145s][info][gc,phases      ] GC(209)   Post Evacuate Collection Set: 0.94ms
[1646.145s][info][gc,phases      ] GC(209)   Other: 0.07ms
[1646.145s][info][gc,heap        ] GC(209) Eden regions: 498->0(489)
[1646.145s][info][gc,heap        ] GC(209) Survivor regions: 40->41(68)
[1646.145s][info][gc,heap        ] GC(209) Old regions: 313->320
[1646.145s][info][gc,heap        ] GC(209) Humongous regions: 81->81
[1646.145s][info][gc,metaspace   ] GC(209) Metaspace: 29960K(30144K)->29960K(30144K) NonClass: 29960K(30144K)->29960K(30144K) Class: 0K(0K)->0K(0K)
[1646.145s][info][gc             ] GC(209) Pause Young (Normal) (G1 Evacuation Pause) 7416M->3496M(8192M) 140.028ms
[1646.145s][info][gc,cpu         ] GC(209) User=1.11s Sys=0.00s Real=0.14s
................ (rIR:aIR:PR = 1384:1383:1383) (tPR = 20580) [OK] 
  1661s: Performance info:
         Transaction,    Success,    Partial,     Failed,   Receipts, AvgBarcode, 
             Overall,      83033,          0,          0,      78872,      59.47, 
         Response times:
             Request,    Success,    Partial,     Failed,   SkipFail,     Probes,    Samples,      min,      p50,      p90,      p95,      p99,      max, 
       TotalPurchase,      78872,          0,          0,          0,      76032,      82308,      300,     1100,     1800,     2000,     2400,   146000,
     InStorePurchase,      41500,          0,          0,          0,      40223,      43507,      300,     1100,     1800,     2000,     2400,   144000,
      OnlinePurchase,      29051,          0,          0,          0,      28070,      30376,      300,     1200,     1900,     2000,     2500,   146000,
        InstPurchase,       8321,          0,          0,          0,       7739,       8425,      500,      900,     1700,     1900,     2400,   143000,
          AssocOfCat,         85,          0,          0,          0,         83,         89,    17600,    24000,    28000,    30000,    37000,    37000,
      AssocOfProduct,        829,          0,          0,          0,        704,        849,      600,     1600,     2100,     2300,     3100,    11100,
      BusinessReport,        211,          0,          0,          0,        161,        223,    18600,    26000,    31600,    34800,    48760,   183000,
          CustBuyBeh,        834,          0,          0,          0,        723,        883,      200,      900,     1600,     1800,     2856,    12400,
       ProductReturn,       2202,          0,          0,          0,       2030,       2299,      200,      900,     1700,     1900,     2300,   143000,

  1661s: (11%)   IR =   1522 .....|..[1669.203s][info][gc,start       ] GC(210) Pause Young (Normal) (G1 Evacuation Pause)
[1669.203s][info][gc,task        ] GC(210) Using 8 workers of 8 for evacuation
[1669.343s][info][gc,phases      ] GC(210)   Pre Evacuate Collection Set: 0.26ms
[1669.343s][info][gc,phases      ] GC(210)   Merge Heap Roots: 0.57ms
[1669.343s][info][gc,phases      ] GC(210)   Evacuate Collection Set: 137.79ms
[1669.343s][info][gc,phases      ] GC(210)   Post Evacuate Collection Set: 0.97ms
[1669.343s][info][gc,phases      ] GC(210)   Other: 0.08ms
[1669.343s][info][gc,heap        ] GC(210) Eden regions: 489->0(483)
[1669.343s][info][gc,heap        ] GC(210) Survivor regions: 41->40(67)
[1669.343s][info][gc,heap        ] GC(210) Old regions: 320->328
[1669.343s][info][gc,heap        ] GC(210) Humongous regions: 81->81
[1669.343s][info][gc,metaspace   ] GC(210) Metaspace: 29960K(30144K)->29960K(30144K) NonClass: 29960K(30144K)->29960K(30144K) Class: 0K(0K)->0K(0K)
[1669.343s][info][gc             ] GC(210) Pause Young (Normal) (G1 Evacuation Pause) 7408M->3555M(8192M) 139.821ms
[1669.343s][info][gc,cpu         ] GC(210) User=1.11s Sys=0.00s Real=0.14s
......................[1690.746s][info][gc,start       ] GC(211) Pause Young (Normal) (G1 Evacuation Pause)
[1690.746s][info][gc,task        ] GC(211) Using 8 workers of 8 for evacuation
[1690.883s][info][gc,phases      ] GC(211)   Pre Evacuate Collection Set: 0.29ms
[1690.883s][info][gc,phases      ] GC(211)   Merge Heap Roots: 0.58ms
[1690.883s][info][gc,phases      ] GC(211)   Evacuate Collection Set: 135.33ms
[1690.883s][info][gc,phases      ] GC(211)   Post Evacuate Collection Set: 0.90ms
[1690.883s][info][gc,phases      ] GC(211)   Other: 0.07ms
[1690.883s][info][gc,heap        ] GC(211) Eden regions: 483->0(475)
[1690.883s][info][gc,heap        ] GC(211) Survivor regions: 40->40(66)
[1690.883s][info][gc,heap        ] GC(211) Old regions: 328->336
[1690.883s][info][gc,heap        ] GC(211) Humongous regions: 81->81
[1690.883s][info][gc,metaspace   ] GC(211) Metaspace: 29960K(30144K)->29960K(30144K) NonClass: 29960K(30144K)->29960K(30144K) Class: 0K(0K)->0K(0K)
[1690.883s][info][gc             ] GC(211) Pause Young (Normal) (G1 Evacuation Pause) 7419M->3611M(8192M) 137.301ms
[1690.883s][info][gc,cpu         ] GC(211) User=1.08s Sys=0.01s Real=0.14s
.....................[1711.926s][info][gc,start       ] GC(212) Pause Young (Normal) (G1 Evacuation Pause)
[1711.926s][info][gc,task        ] GC(212) Using 8 workers of 8 for evacuation
[1712.069s][info][gc,phases      ] GC(212)   Pre Evacuate Collection Set: 0.24ms
[1712.069s][info][gc,phases      ] GC(212)   Merge Heap Roots: 0.55ms
[1712.069s][info][gc,phases      ] GC(212)   Evacuate Collection Set: 141.18ms
[1712.069s][info][gc,phases      ] GC(212)   Post Evacuate Collection Set: 0.89ms
[1712.069s][info][gc,phases      ] GC(212)   Other: 0.06ms
[1712.069s][info][gc,heap        ] GC(212) Eden regions: 475->0(465)
[1712.069s][info][gc,heap        ] GC(212) Survivor regions: 40->41(65)
[1712.069s][info][gc,heap        ] GC(212) Old regions: 336->344
[1712.069s][info][gc,heap        ] GC(212) Humongous regions: 81->81
[1712.069s][info][gc,metaspace   ] GC(212) Metaspace: 29960K(30144K)->29960K(30144K) NonClass: 29960K(30144K)->29960K(30144K) Class: 0K(0K)->0K(0K)
[1712.069s][info][gc             ] GC(212) Pause Young (Normal) (G1 Evacuation Pause) 7411M->3681M(8192M) 143.028ms
[1712.069s][info][gc,cpu         ] GC(212) User=1.14s Sys=0.00s Real=0.14s
............... (rIR:aIR:PR = 1522:1522:1522) (tPR = 22496) [OK] 
  1726s: Performance info:
         Transaction,    Success,    Partial,     Failed,   Receipts, AvgBarcode, 
             Overall,      91364,          0,          0,      86782,      59.47, 
         Response times:
             Request,    Success,    Partial,     Failed,   SkipFail,     Probes,    Samples,      min,      p50,      p90,      p95,      p99,      max, 
       TotalPurchase,      86782,          0,          0,          0,      83883,      92196,      300,     1200,     1900,     2100,     2700,   151000,
     InStorePurchase,      45720,          0,          0,          0,      44388,      48592,      300,     1100,     1900,     2100,     2600,   151000,
      OnlinePurchase,      31946,          0,          0,          0,      30828,      33865,      300,     1300,     2000,     2200,     2800,   146000,
        InstPurchase,       9116,          0,          0,          0,       8667,       9739,      400,     1300,     2000,     2200,     2900,   141000,
          AssocOfCat,         93,          0,          0,          0,         90,         97,    17500,    24000,    27000,    28000,   181000,   181000,
      AssocOfProduct,        914,          0,          0,          0,        806,       1002,      500,     1600,     2200,     2300,     2900,     9600,
      BusinessReport,        230,          0,          0,          0,        182,        256,    18700,    25000,    31000,    33000,    47010,   177000,
          CustBuyBeh,        919,          0,          0,          0,        820,       1028,      200,     1000,     1700,     1955,     3342,    13800,
       ProductReturn,       2426,          0,          0,          0,       2215,       2545,      200,     1100,     1900,     2100,     2600,    18000,

  1726s: (12%)   IR =   1660 .....[1732.048s][info][gc,start       ] GC(213) Pause Young (Normal) (G1 Evacuation Pause)
[1732.048s][info][gc,task        ] GC(213) Using 8 workers of 8 for evacuation
[1732.183s][info][gc,phases      ] GC(213)   Pre Evacuate Collection Set: 0.25ms
[1732.183s][info][gc,phases      ] GC(213)   Merge Heap Roots: 0.52ms
[1732.183s][info][gc,phases      ] GC(213)   Evacuate Collection Set: 133.63ms
[1732.183s][info][gc,phases      ] GC(213)   Post Evacuate Collection Set: 0.91ms
[1732.183s][info][gc,phases      ] GC(213)   Other: 0.06ms
[1732.183s][info][gc,heap        ] GC(213) Eden regions: 465->0(461)
[1732.183s][info][gc,heap        ] GC(213) Survivor regions: 41->39(64)
[1732.183s][info][gc,heap        ] GC(213) Old regions: 344->352
[1732.183s][info][gc,heap        ] GC(213) Humongous regions: 81->81
[1732.183s][info][gc,metaspace   ] GC(213) Metaspace: 29960K(30144K)->29960K(30144K) NonClass: 29960K(30144K)->29960K(30144K) Class: 0K(0K)->0K(0K)
[1732.183s][info][gc             ] GC(213) Pause Young (Normal) (G1 Evacuation Pause) 7401M->3729M(8192M) 135.488ms
[1732.183s][info][gc,cpu         ] GC(213) User=1.07s Sys=0.00s Real=0.14s
..|.................[1750.937s][info][gc,start       ] GC(214) Pause Young (Normal) (G1 Evacuation Pause)
[1750.937s][info][gc,task        ] GC(214) Using 8 workers of 8 for evacuation
[1751.072s][info][gc,phases      ] GC(214)   Pre Evacuate Collection Set: 0.24ms
[1751.072s][info][gc,phases      ] GC(214)   Merge Heap Roots: 0.46ms
[1751.072s][info][gc,phases      ] GC(214)   Evacuate Collection Set: 133.37ms
[1751.072s][info][gc,phases      ] GC(214)   Post Evacuate Collection Set: 0.87ms
[1751.072s][info][gc,phases      ] GC(214)   Other: 0.07ms
[1751.072s][info][gc,heap        ] GC(214) Eden regions: 461->0(452)
[1751.072s][info][gc,heap        ] GC(214) Survivor regions: 39->40(63)
[1751.072s][info][gc,heap        ] GC(214) Old regions: 352->359
[1751.072s][info][gc,heap        ] GC(214) Humongous regions: 81->81
[1751.072s][info][gc,metaspace   ] GC(214) Metaspace: 29960K(30144K)->29960K(30144K) NonClass: 29960K(30144K)->29960K(30144K) Class: 0K(0K)->0K(0K)
[1751.072s][info][gc             ] GC(214) Pause Young (Normal) (G1 Evacuation Pause) 7417M->3800M(8192M) 135.143ms
[1751.072s][info][gc,cpu         ] GC(214) User=1.07s Sys=0.00s Real=0.14s
..................[1769.403s][info][gc,start       ] GC(215) Pause Young (Normal) (G1 Evacuation Pause)
[1769.403s][info][gc,task        ] GC(215) Using 8 workers of 8 for evacuation
[1769.537s][info][gc,phases      ] GC(215)   Pre Evacuate Collection Set: 0.25ms
[1769.537s][info][gc,phases      ] GC(215)   Merge Heap Roots: 0.58ms
[1769.537s][info][gc,phases      ] GC(215)   Evacuate Collection Set: 132.10ms
[1769.537s][info][gc,phases      ] GC(215)   Post Evacuate Collection Set: 0.85ms
[1769.537s][info][gc,phases      ] GC(215)   Other: 0.07ms
[1769.537s][info][gc,heap        ] GC(215) Eden regions: 452->0(448)
[1769.537s][info][gc,heap        ] GC(215) Survivor regions: 40->38(62)
[1769.537s][info][gc,heap        ] GC(215) Old regions: 359->367
[1769.537s][info][gc,heap        ] GC(215) Humongous regions: 81->81
[1769.537s][info][gc,metaspace   ] GC(215) Metaspace: 29960K(30144K)->29960K(30144K) NonClass: 29960K(30144K)->29960K(30144K) Class: 0K(0K)->0K(0K)
[1769.537s][info][gc             ] GC(215) Pause Young (Normal) (G1 Evacuation Pause) 7416M->3848M(8192M) 133.979ms
[1769.537s][info][gc,cpu         ] GC(215) User=1.05s Sys=0.00s Real=0.13s
...................[1787.707s][info][gc,start       ] GC(216) Pause Young (Normal) (G1 Evacuation Pause)
[1787.707s][info][gc,task        ] GC(216) Using 8 workers of 8 for evacuation
[1787.841s][info][gc,phases      ] GC(216)   Pre Evacuate Collection Set: 0.25ms
[1787.841s][info][gc,phases      ] GC(216)   Merge Heap Roots: 0.54ms
[1787.841s][info][gc,phases      ] GC(216)   Evacuate Collection Set: 132.02ms
[1787.841s][info][gc,phases      ] GC(216)   Post Evacuate Collection Set: 0.85ms
[1787.841s][info][gc,phases      ] GC(216)   Other: 0.08ms
[1787.841s][info][gc,heap        ] GC(216) Eden regions: 448->0(439)
[1787.841s][info][gc,heap        ] GC(216) Survivor regions: 38->38(61)
[1787.841s][info][gc,heap        ] GC(216) Old regions: 367->376
[1787.841s][info][gc,heap        ] GC(216) Humongous regions: 81->81
[1787.841s][info][gc,metaspace   ] GC(216) Metaspace: 29960K(30144K)->29960K(30144K) NonClass: 29960K(30144K)->29960K(30144K) Class: 0K(0K)->0K(0K)
[1787.841s][info][gc             ] GC(216) Pause Young (Normal) (G1 Evacuation Pause) 7432M->3913M(8192M) 133.861ms
[1787.841s][info][gc,cpu         ] GC(216) User=1.06s Sys=0.00s Real=0.14s
...... (rIR:aIR:PR = 1660:1661:1661) (tPR = 24436) [OK] 
  1793s: Performance info:
         Transaction,    Success,    Partial,     Failed,   Receipts, AvgBarcode, 
             Overall,      99799,          0,          0,      94808,      59.48, 
         Response times:
             Request,    Success,    Partial,     Failed,   SkipFail,     Probes,    Samples,      min,      p50,      p90,      p95,      p99,      max, 
       TotalPurchase,      94808,          0,          0,          0,      91811,     104135,      300,     1300,     2100,     2300,     3200,   146000,
     InStorePurchase,      49906,          0,          0,          0,      48635,      55037,      300,     1300,     2100,     2300,     3200,   143000,
      OnlinePurchase,      34925,          0,          0,          0,      33819,      38320,      300,     1300,     2100,     2300,     3300,   146000,
        InstPurchase,       9977,          0,          0,          0,       9357,      10778,      500,     1500,     2200,     2400,     3321,   142000,
          AssocOfCat,        100,          0,          0,          0,         98,        110,    17700,    24000,    27000,    29000,    36670,    37000,
      AssocOfProduct,        998,          0,          0,          0,        887,       1108,      700,     1700,     2400,     2600,     4800,    13200,
      BusinessReport,        248,          0,          0,          0,        201,        314,    18900,    26000,    32000,    34250,    41700,   188000,
          CustBuyBeh,        996,          0,          0,          0,        861,       1074,      200,     1100,     1800,     2000,     4350,   142000,
       ProductReturn,       2649,          0,          0,          0,       2402,       2867,      200,     1100,     1900,     2200,     2900,   137000,

  1793s: (13%)   IR =   1799 ........|...[1804.707s][info][gc,start       ] GC(217) Pause Young (Normal) (G1 Evacuation Pause)
[1804.707s][info][gc,task        ] GC(217) Using 8 workers of 8 for evacuation
[1804.840s][info][gc,phases      ] GC(217)   Pre Evacuate Collection Set: 0.27ms
[1804.841s][info][gc,phases      ] GC(217)   Merge Heap Roots: 0.54ms
[1804.841s][info][gc,phases      ] GC(217)   Evacuate Collection Set: 131.39ms
[1804.841s][info][gc,phases      ] GC(217)   Post Evacuate Collection Set: 0.89ms
[1804.841s][info][gc,phases      ] GC(217)   Other: 0.07ms
[1804.841s][info][gc,heap        ] GC(217) Eden regions: 439->0(433)
[1804.841s][info][gc,heap        ] GC(217) Survivor regions: 38->37(60)
[1804.841s][info][gc,heap        ] GC(217) Old regions: 376->384
[1804.841s][info][gc,heap        ] GC(217) Humongous regions: 81->81
[1804.841s][info][gc,metaspace   ] GC(217) Metaspace: 29963K(30144K)->29963K(30144K) NonClass: 29963K(30144K)->29963K(30144K) Class: 0K(0K)->0K(0K)
[1804.841s][info][gc             ] GC(217) Pause Young (Normal) (G1 Evacuation Pause) 7425M->3975M(8192M) 133.304ms
[1804.841s][info][gc,cpu         ] GC(217) User=1.05s Sys=0.01s Real=0.14s
................[1820.964s][info][gc,start       ] GC(218) Pause Young (Concurrent Start) (G1 Evacuation Pause)
[1820.964s][info][gc,task        ] GC(218) Using 8 workers of 8 for evacuation
[1821.099s][info][gc,phases      ] GC(218)   Pre Evacuate Collection Set: 0.35ms
[1821.099s][info][gc,phases      ] GC(218)   Merge Heap Roots: 0.49ms
[1821.099s][info][gc,phases      ] GC(218)   Evacuate Collection Set: 133.32ms
[1821.099s][info][gc,phases      ] GC(218)   Post Evacuate Collection Set: 0.90ms
[1821.099s][info][gc,phases      ] GC(218)   Other: 0.09ms
[1821.099s][info][gc,heap        ] GC(218) Eden regions: 433->0(423)
[1821.099s][info][gc,heap        ] GC(218) Survivor regions: 37->38(59)
[1821.099s][info][gc,heap        ] GC(218) Old regions: 384->392
[1821.099s][info][gc,heap        ] GC(218) Humongous regions: 81->81
[1821.099s][info][gc,metaspace   ] GC(218) Metaspace: 29964K(30144K)->29964K(30144K) NonClass: 29964K(30144K)->29964K(30144K) Class: 0K(0K)->0K(0K)
[1821.099s][info][gc             ] GC(218) Pause Young (Concurrent Start) (G1 Evacuation Pause) 7439M->4044M(8192M) 135.258ms
[1821.099s][info][gc             ] GC(219) Concurrent Mark Cycle
[1821.100s][info][gc,marking     ] GC(219) Concurrent Scan Root Regions
[1821.100s][info][gc,cpu         ] GC(218) User=1.07s Sys=0.00s Real=0.13s
[1821.255s][info][gc,marking     ] GC(219) Concurrent Scan Root Regions 155.069ms
[1821.255s][info][gc,marking     ] GC(219) Concurrent Mark
[1821.255s][info][gc,marking     ] GC(219) Concurrent Mark From Roots
[1821.255s][info][gc,task        ] GC(219) Using 2 workers of 2 for marking
.[1821.688s][info][gc,marking     ] GC(219) Concurrent Mark From Roots 433.853ms
[1821.689s][info][gc,marking     ] GC(219) Concurrent Preclean
[1821.689s][info][gc,marking     ] GC(219) Concurrent Preclean 0.100ms
[1821.689s][info][gc,start       ] GC(219) Pause Remark
[1821.690s][info][gc             ] GC(219) Pause Remark 4200M->2864M(8192M) 1.730ms
[1821.691s][info][gc,cpu         ] GC(219) User=0.01s Sys=0.00s Real=0.01s
[1821.691s][info][gc,marking     ] GC(219) Concurrent Mark 435.969ms
[1821.691s][info][gc,marking     ] GC(219) Concurrent Rebuild Remembered Sets and Scrub Regions
[1822.055s][info][gc,marking     ] GC(219) Concurrent Rebuild Remembered Sets and Scrub Regions 364.415ms
[1822.055s][info][gc,start       ] GC(219) Pause Cleanup
[1822.055s][info][gc             ] GC(219) Pause Cleanup 2948M->2948M(8192M) 0.252ms
[1822.055s][info][gc,cpu         ] GC(219) User=0.00s Sys=0.00s Real=0.00s
[1822.055s][info][gc,marking     ] GC(219) Concurrent Clear Claimed Marks
[1822.055s][info][gc,marking     ] GC(219) Concurrent Clear Claimed Marks 0.045ms
[1822.055s][info][gc,marking     ] GC(219) Concurrent Cleanup for Next Mark
[1822.062s][info][gc,marking     ] GC(219) Concurrent Cleanup for Next Mark 6.485ms
[1822.062s][info][gc             ] GC(219) Concurrent Mark Cycle 962.554ms
...............[1836.902s][info][gc,start       ] GC(220) Pause Young (Prepare Mixed) (G1 Evacuation Pause)
[1836.902s][info][gc,task        ] GC(220) Using 8 workers of 8 for evacuation
[1837.033s][info][gc,phases      ] GC(220)   Pre Evacuate Collection Set: 0.25ms
[1837.033s][info][gc,phases      ] GC(220)   Merge Heap Roots: 0.60ms
[1837.033s][info][gc,phases      ] GC(220)   Evacuate Collection Set: 129.10ms
[1837.033s][info][gc,phases      ] GC(220)   Post Evacuate Collection Set: 0.94ms
[1837.033s][info][gc,phases      ] GC(220)   Other: 0.06ms
[1837.033s][info][gc,heap        ] GC(220) Eden regions: 423->0(576)
[1837.033s][info][gc,heap        ] GC(220) Survivor regions: 38->38(58)
[1837.033s][info][gc,heap        ] GC(220) Old regions: 273->281
[1837.033s][info][gc,heap        ] GC(220) Humongous regions: 33->33
[1837.033s][info][gc,metaspace   ] GC(220) Metaspace: 29968K(30144K)->29968K(30144K) NonClass: 29968K(30144K)->29968K(30144K) Class: 0K(0K)->0K(0K)
[1837.033s][info][gc             ] GC(220) Pause Young (Prepare Mixed) (G1 Evacuation Pause) 6092M->2775M(8192M) 131.106ms
[1837.033s][info][gc,cpu         ] GC(220) User=1.04s Sys=0.00s Real=0.13s
......................[1858.818s][info][gc,start       ] GC(221) Pause Young (Mixed) (G1 Evacuation Pause)
[1858.818s][info][gc,task        ] GC(221) Using 8 workers of 8 for evacuation
[1858.966s][info][gc,phases      ] GC(221)   Pre Evacuate Collection Set: 0.28ms
[1858.966s][info][gc,phases      ] GC(221)   Merge Heap Roots: 0.78ms
[1858.966s][info][gc,phases      ] GC(221)   Evacuate Collection Set: 145.39ms
[1858.966s][info][gc,phases      ] GC(221)   Post Evacuate Collection Set: 1.24ms
[1858.966s][info][gc,phases      ] GC(221)   Other: 0.08ms
[1858.966s][info][gc,heap        ] GC(221) Eden regions: 576->0(567)
[1858.966s][info][gc,heap        ] GC(221) Survivor regions: 38->47(77)
[1858.966s][info][gc,heap        ] GC(221) Old regions: 281->180
[1858.966s][info][gc,heap        ] GC(221) Humongous regions: 33->33
[1858.966s][info][gc,metaspace   ] GC(221) Metaspace: 29968K(30144K)->29968K(30144K) NonClass: 29968K(30144K)->29968K(30144K) Class: 0K(0K)->0K(0K)
[1858.966s][info][gc             ] GC(221) Pause Young (Mixed) (G1 Evacuation Pause) 7383M->2062M(8192M) 147.913ms
[1858.966s][info][gc,cpu         ] GC(221) User=1.17s Sys=0.00s Real=0.15s
... (rIR:aIR:PR = 1799:1797:1797) (tPR = 26591) [OK] 
  1861s: Performance info:
         Transaction,    Success,    Partial,     Failed,   Receipts, AvgBarcode, 
             Overall,     107885,          0,          0,     102485,      59.47, 
         Response times:
             Request,    Success,    Partial,     Failed,   SkipFail,     Probes,    Samples,      min,      p50,      p90,      p95,      p99,      max, 
       TotalPurchase,     102485,          0,          0,          0,      99815,     114687,      300,     1400,     2200,     2400,     3300,   162000,
     InStorePurchase,      53922,          0,          0,          0,      52767,      60440,      300,     1400,     2200,     2400,     3300,   158000,
      OnlinePurchase,      37770,          0,          0,          0,      36790,      42250,      300,     1300,     2200,     2400,     3200,   162000,
        InstPurchase,      10793,          0,          0,          0,      10258,      11997,      400,     1500,     2300,     2500,     3102,   159000,
          AssocOfCat,        107,          0,          0,          0,        107,        121,    17700,    25000,    29000,    33900,    47920,    51000,
      AssocOfProduct,       1081,          0,          0,          0,        953,       1218,      800,     2000,     2600,     2800,     3481,    24000,
      BusinessReport,        272,          0,          0,          0,        216,        302,    19800,    26500,    33000,    36850,   156450,   170000,
          CustBuyBeh,       1081,          0,          0,          0,        967,       1247,      100,      700,     2000,     2300,     5788,   152000,
       ProductReturn,       2859,          0,          0,          0,       2643,       3228,      200,      900,     2000,     2200,     2871,   150000,

  1861s: (14%)   IR =   1937 ......|...........[1878.744s][info][gc,start       ] GC(222) Pause Young (Mixed) (G1 Evacuation Pause)
[1878.744s][info][gc,task        ] GC(222) Using 8 workers of 8 for evacuation
[1878.903s][info][gc,phases      ] GC(222)   Pre Evacuate Collection Set: 0.26ms
[1878.903s][info][gc,phases      ] GC(222)   Merge Heap Roots: 0.78ms
[1878.903s][info][gc,phases      ] GC(222)   Evacuate Collection Set: 154.41ms
[1878.903s][info][gc,phases      ] GC(222)   Merge Optional Heap Roots: 0.09ms
[1878.903s][info][gc,phases      ] GC(222)   Evacuate Optional Collection Set: 1.66ms
[1878.903s][info][gc,phases      ] GC(222)   Post Evacuate Collection Set: 1.30ms
[1878.903s][info][gc,phases      ] GC(222)   Other: 0.10ms
[1878.903s][info][gc,heap        ] GC(222) Eden regions: 567->0(567)
[1878.903s][info][gc,heap        ] GC(222) Survivor regions: 47->47(77)
[1878.903s][info][gc,heap        ] GC(222) Old regions: 180->161
[1878.903s][info][gc,heap        ] GC(222) Humongous regions: 33->33
[1878.903s][info][gc,metaspace   ] GC(222) Metaspace: 29968K(30144K)->29968K(30144K) NonClass: 29968K(30144K)->29968K(30144K) Class: 0K(0K)->0K(0K)
[1878.903s][info][gc             ] GC(222) Pause Young (Mixed) (G1 Evacuation Pause) 6598M->1912M(8192M) 158.758ms
[1878.903s][info][gc,cpu         ] GC(222) User=1.25s Sys=0.00s Real=0.16s
....................[1898.640s][info][gc,start       ] GC(223) Pause Young (Mixed) (G1 Evacuation Pause)
[1898.640s][info][gc,task        ] GC(223) Using 8 workers of 8 for evacuation
[1898.804s][info][gc,phases      ] GC(223)   Pre Evacuate Collection Set: 0.28ms
[1898.804s][info][gc,phases      ] GC(223)   Merge Heap Roots: 0.82ms
[1898.804s][info][gc,phases      ] GC(223)   Evacuate Collection Set: 158.97ms
[1898.804s][info][gc,phases      ] GC(223)   Merge Optional Heap Roots: 0.16ms
[1898.804s][info][gc,phases      ] GC(223)   Evacuate Optional Collection Set: 3.09ms
[1898.804s][info][gc,phases      ] GC(223)   Post Evacuate Collection Set: 1.18ms
[1898.804s][info][gc,phases      ] GC(223)   Other: 0.07ms
[1898.804s][info][gc,heap        ] GC(223) Eden regions: 567->0(571)
[1898.804s][info][gc,heap        ] GC(223) Survivor regions: 47->43(77)
[1898.804s][info][gc,heap        ] GC(223) Old regions: 161->145
[1898.804s][info][gc,heap        ] GC(223) Humongous regions: 33->33
[1898.804s][info][gc,metaspace   ] GC(223) Metaspace: 29971K(30144K)->29971K(30144K) NonClass: 29971K(30144K)->29971K(30144K) Class: 0K(0K)->0K(0K)
[1898.804s][info][gc             ] GC(223) Pause Young (Mixed) (G1 Evacuation Pause) 6448M->1749M(8192M) 164.711ms
[1898.804s][info][gc,cpu         ] GC(223) User=1.30s Sys=0.00s Real=0.17s
...................[1918.561s][info][gc,start       ] GC(224) Pause Young (Normal) (G1 Evacuation Pause)
[1918.561s][info][gc,task        ] GC(224) Using 8 workers of 8 for evacuation
[1918.706s][info][gc,phases      ] GC(224)   Pre Evacuate Collection Set: 0.29ms
[1918.706s][info][gc,phases      ] GC(224)   Merge Heap Roots: 0.64ms
[1918.706s][info][gc,phases      ] GC(224)   Evacuate Collection Set: 142.26ms
[1918.706s][info][gc,phases      ] GC(224)   Post Evacuate Collection Set: 1.04ms
[1918.706s][info][gc,phases      ] GC(224)   Other: 0.08ms
[1918.706s][info][gc,heap        ] GC(224) Eden regions: 571->0(572)
[1918.706s][info][gc,heap        ] GC(224) Survivor regions: 43->42(77)
[1918.706s][info][gc,heap        ] GC(224) Old regions: 145->152
[1918.706s][info][gc,heap        ] GC(224) Humongous regions: 33->33
[1918.706s][info][gc,metaspace   ] GC(224) Metaspace: 29971K(30144K)->29971K(30144K) NonClass: 29971K(30144K)->29971K(30144K) Class: 0K(0K)->0K(0K)
[1918.706s][info][gc             ] GC(224) Pause Young (Normal) (G1 Evacuation Pause) 6317M->1799M(8192M) 144.456ms
[1918.706s][info][gc,cpu         ] GC(224) User=1.14s Sys=0.00s Real=0.14s
.......... (rIR:aIR:PR = 1937:1935:1935) (tPR = 28967) [OK] 
  1927s: Performance info:
         Transaction,    Success,    Partial,     Failed,   Receipts, AvgBarcode, 
             Overall,     116317,          0,          0,     110494,      59.48, 
         Response times:
             Request,    Success,    Partial,     Failed,   SkipFail,     Probes,    Samples,      min,      p50,      p90,      p95,      p99,      max, 
       TotalPurchase,     110494,          0,          0,          0,     107747,     120479,      300,     1500,     2400,     2600,     3400,   185000,
     InStorePurchase,      58134,          0,          0,          0,      56915,      63362,      300,     1400,     2300,     2500,     3300,   180000,
      OnlinePurchase,      40714,          0,          0,          0,      39634,      44363,      300,     1600,     2400,     2600,     3500,   185000,
        InstPurchase,      11646,          0,          0,          0,      11198,      12754,      400,     1500,     2400,     2600,     3400,   180000,
          AssocOfCat,        118,          0,          0,          0,        114,        127,    18000,    25000,    28200,    30000,   150920,   196000,
      AssocOfProduct,       1162,          0,          0,          0,       1047,       1301,      500,     1600,     2500,     2700,     3200,    19100,
      BusinessReport,        292,          0,          0,          0,        226,        310,    19300,    26000,    32000,    35000,    43890,    51000,
          CustBuyBeh,       1164,          0,          0,          0,       1023,       1239,      200,     1000,     2100,     2300,     2800,    13600,
       ProductReturn,       3087,          0,          0,          0,       2819,       3297,      200,     1500,     2300,     2500,     3200,   168000,

  1927s: (15%)   IR =   2076 ......|....[1937.982s][info][gc,start       ] GC(225) Pause Young (Normal) (G1 Evacuation Pause)
[1937.982s][info][gc,task        ] GC(225) Using 8 workers of 8 for evacuation
[1938.126s][info][gc,phases      ] GC(225)   Pre Evacuate Collection Set: 0.26ms
[1938.126s][info][gc,phases      ] GC(225)   Merge Heap Roots: 0.50ms
[1938.126s][info][gc,phases      ] GC(225)   Evacuate Collection Set: 141.78ms
[1938.126s][info][gc,phases      ] GC(225)   Post Evacuate Collection Set: 1.02ms
[1938.126s][info][gc,phases      ] GC(225)   Other: 0.06ms
[1938.126s][info][gc,heap        ] GC(225) Eden regions: 572->0(572)
[1938.126s][info][gc,heap        ] GC(225) Survivor regions: 42->42(77)
[1938.126s][info][gc,heap        ] GC(225) Old regions: 152->159
[1938.126s][info][gc,heap        ] GC(225) Humongous regions: 33->33
[1938.126s][info][gc,metaspace   ] GC(225) Metaspace: 29973K(30144K)->29973K(30144K) NonClass: 29973K(30144K)->29973K(30144K) Class: 0K(0K)->0K(0K)
[1938.126s][info][gc             ] GC(225) Pause Young (Normal) (G1 Evacuation Pause) 6375M->1859M(8192M) 143.749ms
[1938.126s][info][gc,cpu         ] GC(225) User=1.13s Sys=0.00s Real=0.14s
..................[1956.599s][info][gc,start       ] GC(226) Pause Young (Normal) (G1 Evacuation Pause)
[1956.599s][info][gc,task        ] GC(226) Using 8 workers of 8 for evacuation
[1956.743s][info][gc,phases      ] GC(226)   Pre Evacuate Collection Set: 0.31ms
[1956.743s][info][gc,phases      ] GC(226)   Merge Heap Roots: 0.50ms
[1956.743s][info][gc,phases      ] GC(226)   Evacuate Collection Set: 142.29ms
[1956.743s][info][gc,phases      ] GC(226)   Post Evacuate Collection Set: 1.07ms
[1956.743s][info][gc,phases      ] GC(226)   Other: 0.08ms
[1956.743s][info][gc,heap        ] GC(226) Eden regions: 572->0(572)
[1956.743s][info][gc,heap        ] GC(226) Survivor regions: 42->42(77)
[1956.743s][info][gc,heap        ] GC(226) Old regions: 159->166
[1956.743s][info][gc,heap        ] GC(226) Humongous regions: 33->33
[1956.743s][info][gc,metaspace   ] GC(226) Metaspace: 29973K(30144K)->29973K(30144K) NonClass: 29973K(30144K)->29973K(30144K) Class: 0K(0K)->0K(0K)
[1956.743s][info][gc             ] GC(226) Pause Young (Normal) (G1 Evacuation Pause) 6435M->1915M(8192M) 144.384ms
[1956.743s][info][gc,cpu         ] GC(226) User=1.14s Sys=0.00s Real=0.15s
...................[1975.249s][info][gc,start       ] GC(227) Pause Young (Normal) (G1 Evacuation Pause)
[1975.249s][info][gc,task        ] GC(227) Using 8 workers of 8 for evacuation
[1975.394s][info][gc,phases      ] GC(227)   Pre Evacuate Collection Set: 0.25ms
[1975.394s][info][gc,phases      ] GC(227)   Merge Heap Roots: 0.50ms
[1975.394s][info][gc,phases      ] GC(227)   Evacuate Collection Set: 142.88ms
[1975.394s][info][gc,phases      ] GC(227)   Post Evacuate Collection Set: 1.00ms
[1975.394s][info][gc,phases      ] GC(227)   Other: 0.08ms
[1975.394s][info][gc,heap        ] GC(227) Eden regions: 572->0(571)
[1975.394s][info][gc,heap        ] GC(227) Survivor regions: 42->43(77)
[1975.394s][info][gc,heap        ] GC(227) Old regions: 166->173
[1975.394s][info][gc,heap        ] GC(227) Humongous regions: 33->33
[1975.394s][info][gc,metaspace   ] GC(227) Metaspace: 29973K(30144K)->29973K(30144K) NonClass: 29973K(30144K)->29973K(30144K) Class: 0K(0K)->0K(0K)
[1975.394s][info][gc             ] GC(227) Pause Young (Normal) (G1 Evacuation Pause) 6491M->1979M(8192M) 144.845ms
[1975.394s][info][gc,cpu         ] GC(227) User=1.14s Sys=0.01s Real=0.15s
................... (rIR:aIR:PR = 2076:2075:2075) (tPR = 30941) [OK] 
  1993s: Performance info:
         Transaction,    Success,    Partial,     Failed,   Receipts, AvgBarcode, 
             Overall,     124576,          0,          0,     118328,      59.47, 
         Response times:
             Request,    Success,    Partial,     Failed,   SkipFail,     Probes,    Samples,      min,      p50,      p90,      p95,      p99,      max, 
       TotalPurchase,     118328,          0,          0,          0,     115085,     128295,      300,     1500,     2500,     2700,     3600,   153000,
     InStorePurchase,      62230,          0,          0,          0,      60625,      67563,      300,     1500,     2400,     2700,     3500,   151000,
      OnlinePurchase,      43627,          0,          0,          0,      42518,      47238,      300,     1500,     2500,     2700,     3500,   153000,
        InstPurchase,      12471,          0,          0,          0,      11942,      13494,      500,     1800,     2600,     2800,     3800,   148000,
          AssocOfCat,        126,          0,          0,          0,        100,        156,    18700,    26000,    29000,    30150,    32860,    34000,
      AssocOfProduct,       1243,          0,          0,          0,       1095,       1350,      700,     2100,     2800,     3000,     3998,    17700,
      BusinessReport,        314,          0,          0,          0,        256,        338,    19200,    27000,    31000,    33050,    43270,   184000,
          CustBuyBeh,       1250,          0,          0,          0,       1109,       1341,      300,     1500,     2300,     2500,     3316,   148000,
       ProductReturn,       3315,          0,          0,          0,       3073,       3563,      200,     1500,     2400,     2600,     3300,   148000,

  1993s: (16%)   IR =   2214 [1993.895s][info][gc,start       ] GC(228) Pause Young (Normal) (G1 Evacuation Pause)
[1993.896s][info][gc,task        ] GC(228) Using 8 workers of 8 for evacuation
[1994.040s][info][gc,phases      ] GC(228)   Pre Evacuate Collection Set: 0.25ms
[1994.041s][info][gc,phases      ] GC(228)   Merge Heap Roots: 0.55ms
[1994.041s][info][gc,phases      ] GC(228)   Evacuate Collection Set: 143.04ms
[1994.041s][info][gc,phases      ] GC(228)   Post Evacuate Collection Set: 1.03ms
[1994.041s][info][gc,phases      ] GC(228)   Other: 0.06ms
[1994.041s][info][gc,heap        ] GC(228) Eden regions: 571->0(571)
[1994.041s][info][gc,heap        ] GC(228) Survivor regions: 43->43(77)
[1994.041s][info][gc,heap        ] GC(228) Old regions: 173->180
[1994.041s][info][gc,heap        ] GC(228) Humongous regions: 33->33
[1994.041s][info][gc,metaspace   ] GC(228) Metaspace: 29976K(30144K)->29976K(30144K) NonClass: 29976K(30144K)->29976K(30144K) Class: 0K(0K)->0K(0K)
[1994.041s][info][gc             ] GC(228) Pause Young (Normal) (G1 Evacuation Pause) 6547M->2035M(8192M) 145.083ms
[1994.041s][info][gc,cpu         ] GC(228) User=1.15s Sys=0.00s Real=0.15s
.....|............[2011.488s][info][gc,start       ] GC(229) Pause Young (Normal) (G1 Evacuation Pause)
[2011.489s][info][gc,task        ] GC(229) Using 8 workers of 8 for evacuation
[2011.632s][info][gc,phases      ] GC(229)   Pre Evacuate Collection Set: 0.30ms
[2011.632s][info][gc,phases      ] GC(229)   Merge Heap Roots: 0.55ms
[2011.632s][info][gc,phases      ] GC(229)   Evacuate Collection Set: 141.51ms
[2011.632s][info][gc,phases      ] GC(229)   Post Evacuate Collection Set: 1.05ms
[2011.632s][info][gc,phases      ] GC(229)   Other: 0.09ms
[2011.632s][info][gc,heap        ] GC(229) Eden regions: 571->0(571)
[2011.632s][info][gc,heap        ] GC(229) Survivor regions: 43->43(77)
[2011.632s][info][gc,heap        ] GC(229) Old regions: 180->187
[2011.632s][info][gc,heap        ] GC(229) Humongous regions: 33->33
[2011.632s][info][gc,metaspace   ] GC(229) Metaspace: 29976K(30144K)->29976K(30144K) NonClass: 29976K(30144K)->29976K(30144K) Class: 0K(0K)->0K(0K)
[2011.632s][info][gc             ] GC(229) Pause Young (Normal) (G1 Evacuation Pause) 6603M->2086M(8192M) 143.637ms
[2011.632s][info][gc,cpu         ] GC(229) User=1.13s Sys=0.00s Real=0.15s
..................[2028.859s][info][gc,start       ] GC(230) Pause Young (Normal) (G1 Evacuation Pause)
[2028.859s][info][gc,task        ] GC(230) Using 8 workers of 8 for evacuation
[2029.003s][info][gc,phases      ] GC(230)   Pre Evacuate Collection Set: 0.24ms
[2029.003s][info][gc,phases      ] GC(230)   Merge Heap Roots: 0.58ms
[2029.003s][info][gc,phases      ] GC(230)   Evacuate Collection Set: 142.18ms
[2029.003s][info][gc,phases      ] GC(230)   Post Evacuate Collection Set: 1.03ms
[2029.003s][info][gc,phases      ] GC(230)   Other: 0.06ms
[2029.003s][info][gc,heap        ] GC(230) Eden regions: 571->0(572)
[2029.003s][info][gc,heap        ] GC(230) Survivor regions: 43->42(77)
[2029.003s][info][gc,heap        ] GC(230) Old regions: 187->194
[2029.003s][info][gc,heap        ] GC(230) Humongous regions: 33->33
[2029.003s][info][gc,metaspace   ] GC(230) Metaspace: 29976K(30144K)->29976K(30144K) NonClass: 29976K(30144K)->29976K(30144K) Class: 0K(0K)->0K(0K)
[2029.003s][info][gc             ] GC(230) Pause Young (Normal) (G1 Evacuation Pause) 6654M->2139M(8192M) 144.233ms
[2029.003s][info][gc,cpu         ] GC(230) User=1.14s Sys=0.00s Real=0.15s
.................[2046.336s][info][gc,start       ] GC(231) Pause Young (Normal) (G1 Evacuation Pause)
[2046.337s][info][gc,task        ] GC(231) Using 8 workers of 8 for evacuation
[2046.481s][info][gc,phases      ] GC(231)   Pre Evacuate Collection Set: 0.29ms
[2046.481s][info][gc,phases      ] GC(231)   Merge Heap Roots: 0.60ms
[2046.481s][info][gc,phases      ] GC(231)   Evacuate Collection Set: 142.71ms
[2046.481s][info][gc,phases      ] GC(231)   Post Evacuate Collection Set: 1.00ms
[2046.481s][info][gc,phases      ] GC(231)   Other: 0.07ms
[2046.481s][info][gc,heap        ] GC(231) Eden regions: 572->0(572)
[2046.481s][info][gc,heap        ] GC(231) Survivor regions: 42->42(77)
[2046.481s][info][gc,heap        ] GC(231) Old regions: 194->201
[2046.481s][info][gc,heap        ] GC(231) Humongous regions: 33->33
[2046.481s][info][gc,metaspace   ] GC(231) Metaspace: 29976K(30144K)->29976K(30144K) NonClass: 29976K(30144K)->29976K(30144K) Class: 0K(0K)->0K(0K)
[2046.481s][info][gc             ] GC(231) Pause Young (Normal) (G1 Evacuation Pause) 6715M->2190M(8192M) 144.816ms
[2046.481s][info][gc,cpu         ] GC(231) User=1.15s Sys=0.01s Real=0.15s
............. (rIR:aIR:PR = 2214:2213:2213) (tPR = 33018) [OK] 
  2058s: Performance info:
         Transaction,    Success,    Partial,     Failed,   Receipts, AvgBarcode, 
             Overall,     132846,          0,          0,     126205,      59.47, 
         Response times:
             Request,    Success,    Partial,     Failed,   SkipFail,     Probes,    Samples,      min,      p50,      p90,      p95,      p99,      max, 
       TotalPurchase,     126207,          0,          0,          0,     122769,     134428,      300,     1600,     2600,     2900,     4000,   152000,
     InStorePurchase,      66409,          0,          0,          0,      64918,      71039,      400,     1700,     2600,     2900,     4000,   152000,
      OnlinePurchase,      46495,          0,          0,          0,      45019,      49176,      300,     1600,     2600,     2900,     3900,   151000,
        InstPurchase,      13303,          0,          0,          0,      12832,      14213,      500,     1600,     2600,     2900,     4400,   147000,
          AssocOfCat,        134,          0,          0,          0,        103,        152,    18500,    25000,    30000,    33000,    55930,    66000,
      AssocOfProduct,       1333,          0,          0,          0,       1202,       1470,      400,     2200,     3000,     3200,     3829,   147000,
      BusinessReport,        333,          0,          0,          0,        259,        351,    19400,    27000,    32000,    39800,   113040,   183000,
          CustBuyBeh,       1318,          0,          0,          0,       1159,       1375,      200,     1200,     2500,     2700,     7020,   147000,
       ProductReturn,       3524,          0,          0,          0,       3210,       3669,      200,     1500,     2500,     2800,     7680,   149000,

  2058s: (17%)   IR =   2352 ....[2063.711s][info][gc,start       ] GC(232) Pause Young (Normal) (G1 Evacuation Pause)
[2063.711s][info][gc,task        ] GC(232) Using 8 workers of 8 for evacuation
[2063.856s][info][gc,phases      ] GC(232)   Pre Evacuate Collection Set: 0.25ms
[2063.856s][info][gc,phases      ] GC(232)   Merge Heap Roots: 0.59ms
[2063.856s][info][gc,phases      ] GC(232)   Evacuate Collection Set: 143.80ms
[2063.856s][info][gc,phases      ] GC(232)   Post Evacuate Collection Set: 1.02ms
[2063.856s][info][gc,phases      ] GC(232)   Other: 0.08ms
[2063.856s][info][gc,heap        ] GC(232) Eden regions: 572->0(570)
[2063.856s][info][gc,heap        ] GC(232) Survivor regions: 42->44(77)
[2063.856s][info][gc,heap        ] GC(232) Old regions: 201->208
[2063.856s][info][gc,heap        ] GC(232) Humongous regions: 33->33
[2063.856s][info][gc,metaspace   ] GC(232) Metaspace: 29976K(30144K)->29976K(30144K) NonClass: 29976K(30144K)->29976K(30144K) Class: 0K(0K)->0K(0K)
[2063.856s][info][gc             ] GC(232) Pause Young (Normal) (G1 Evacuation Pause) 6766M->2260M(8192M) 145.889ms
[2063.856s][info][gc,cpu         ] GC(232) User=1.15s Sys=0.00s Real=0.14s
....|.............[2080.060s][info][gc,start       ] GC(233) Pause Young (Normal) (G1 Evacuation Pause)
[2080.060s][info][gc,task        ] GC(233) Using 8 workers of 8 for evacuation
[2080.203s][info][gc,phases      ] GC(233)   Pre Evacuate Collection Set: 0.26ms
[2080.203s][info][gc,phases      ] GC(233)   Merge Heap Roots: 0.64ms
[2080.203s][info][gc,phases      ] GC(233)   Evacuate Collection Set: 141.22ms
[2080.203s][info][gc,phases      ] GC(233)   Post Evacuate Collection Set: 1.02ms
[2080.203s][info][gc,phases      ] GC(233)   Other: 0.08ms
[2080.203s][info][gc,heap        ] GC(233) Eden regions: 570->0(572)
[2080.203s][info][gc,heap        ] GC(233) Survivor regions: 44->42(77)
[2080.203s][info][gc,heap        ] GC(233) Old regions: 208->215
[2080.203s][info][gc,heap        ] GC(233) Humongous regions: 33->33
[2080.203s][info][gc,metaspace   ] GC(233) Metaspace: 29976K(30144K)->29976K(30144K) NonClass: 29976K(30144K)->29976K(30144K) Class: 0K(0K)->0K(0K)
[2080.203s][info][gc             ] GC(233) Pause Young (Normal) (G1 Evacuation Pause) 6820M->2299M(8192M) 143.358ms
[2080.203s][info][gc,cpu         ] GC(233) User=1.13s Sys=0.00s Real=0.15s
................[2096.650s][info][gc,start       ] GC(234) Pause Young (Normal) (G1 Evacuation Pause)
[2096.650s][info][gc,task        ] GC(234) Using 8 workers of 8 for evacuation
[2096.794s][info][gc,phases      ] GC(234)   Pre Evacuate Collection Set: 0.26ms
[2096.794s][info][gc,phases      ] GC(234)   Merge Heap Roots: 0.57ms
[2096.794s][info][gc,phases      ] GC(234)   Evacuate Collection Set: 142.32ms
[2096.794s][info][gc,phases      ] GC(234)   Post Evacuate Collection Set: 1.01ms
[2096.794s][info][gc,phases      ] GC(234)   Other: 0.07ms
[2096.794s][info][gc,heap        ] GC(234) Eden regions: 572->0(571)
[2096.794s][info][gc,heap        ] GC(234) Survivor regions: 42->43(77)
[2096.794s][info][gc,heap        ] GC(234) Old regions: 215->222
[2096.794s][info][gc,heap        ] GC(234) Humongous regions: 33->33
[2096.794s][info][gc,metaspace   ] GC(234) Metaspace: 29976K(30144K)->29976K(30144K) NonClass: 29976K(30144K)->29976K(30144K) Class: 0K(0K)->0K(0K)
[2096.794s][info][gc             ] GC(234) Pause Young (Normal) (G1 Evacuation Pause) 6875M->2362M(8192M) 144.372ms
[2096.794s][info][gc,cpu         ] GC(234) User=1.14s Sys=0.00s Real=0.15s
.................[2113.120s][info][gc,start       ] GC(235) Pause Young (Normal) (G1 Evacuation Pause)
[2113.120s][info][gc,task        ] GC(235) Using 8 workers of 8 for evacuation
[2113.264s][info][gc,phases      ] GC(235)   Pre Evacuate Collection Set: 0.26ms
[2113.264s][info][gc,phases      ] GC(235)   Merge Heap Roots: 0.60ms
[2113.264s][info][gc,phases      ] GC(235)   Evacuate Collection Set: 141.97ms
[2113.264s][info][gc,phases      ] GC(235)   Post Evacuate Collection Set: 1.04ms
[2113.264s][info][gc,phases      ] GC(235)   Other: 0.07ms
[2113.264s][info][gc,heap        ] GC(235) Eden regions: 571->0(572)
[2113.264s][info][gc,heap        ] GC(235) Survivor regions: 43->42(77)
[2113.264s][info][gc,heap        ] GC(235) Old regions: 222->229
[2113.264s][info][gc,heap        ] GC(235) Humongous regions: 33->33
[2113.264s][info][gc,metaspace   ] GC(235) Metaspace: 29976K(30144K)->29976K(30144K) NonClass: 29976K(30144K)->29976K(30144K) Class: 0K(0K)->0K(0K)
[2113.264s][info][gc             ] GC(235) Pause Young (Normal) (G1 Evacuation Pause) 6930M->2413M(8192M) 144.072ms
[2113.264s][info][gc,cpu         ] GC(235) User=1.14s Sys=0.00s Real=0.14s
.............. (rIR:aIR:PR = 2352:2353:2353) (tPR = 34987) [OK] 
  2126s: Performance info:
         Transaction,    Success,    Partial,     Failed,   Receipts, AvgBarcode, 
             Overall,     141264,          0,          0,     134199,      59.47, 
         Response times:
             Request,    Success,    Partial,     Failed,   SkipFail,     Probes,    Samples,      min,      p50,      p90,      p95,      p99,      max, 
       TotalPurchase,     134199,          0,          0,          0,     130582,     149763,      300,     1700,     2700,     3000,     4400,   151000,
     InStorePurchase,      70647,          0,          0,          0,      68814,      78541,      300,     1700,     2700,     3000,     4400,   151000,
      OnlinePurchase,      49425,          0,          0,          0,      48347,      55577,      300,     1700,     2800,     3000,     4322,   151000,
        InstPurchase,      14127,          0,          0,          0,      13421,      15645,      500,     1700,     2800,     3000,     4300,   151000,
          AssocOfCat,        141,          0,          0,          0,        109,        176,    18500,    26000,    30000,    32000,    37230,    38000,
      AssocOfProduct,       1414,          0,          0,          0,       1247,       1545,      400,     1300,     2700,     3000,     4008,   153000,
      BusinessReport,        349,          0,          0,          0,        274,        380,    19800,    28000,    32000,    34000,    42140,    59000,
          CustBuyBeh,       1414,          0,          0,          0,       1272,       1584,      200,      900,     2400,     2700,     3945,    14700,
       ProductReturn,       3748,          0,          0,          0,       3495,       4230,      200,     1500,     2600,     2900,     3600,   145000,

  2126s: (18%)   IR =   2491 ..[2129.507s][info][gc,start       ] GC(236) Pause Young (Normal) (G1 Evacuation Pause)
[2129.507s][info][gc,task        ] GC(236) Using 8 workers of 8 for evacuation
[2129.654s][info][gc,phases      ] GC(236)   Pre Evacuate Collection Set: 0.24ms
[2129.654s][info][gc,phases      ] GC(236)   Merge Heap Roots: 0.51ms
[2129.654s][info][gc,phases      ] GC(236)   Evacuate Collection Set: 144.61ms
[2129.654s][info][gc,phases      ] GC(236)   Post Evacuate Collection Set: 1.06ms
[2129.654s][info][gc,phases      ] GC(236)   Other: 0.06ms
[2129.654s][info][gc,heap        ] GC(236) Eden regions: 572->0(571)
[2129.654s][info][gc,heap        ] GC(236) Survivor regions: 42->43(77)
[2129.654s][info][gc,heap        ] GC(236) Old regions: 229->236
[2129.654s][info][gc,heap        ] GC(236) Humongous regions: 33->33
[2129.654s][info][gc,metaspace   ] GC(236) Metaspace: 29976K(30144K)->29976K(30144K) NonClass: 29976K(30144K)->29976K(30144K) Class: 0K(0K)->0K(0K)
[2129.654s][info][gc             ] GC(236) Pause Young (Normal) (G1 Evacuation Pause) 6989M->2477M(8192M) 146.623ms
[2129.654s][info][gc,cpu         ] GC(236) User=1.16s Sys=0.00s Real=0.15s
....|............[2144.996s][info][gc,start       ] GC(237) Pause Young (Normal) (G1 Evacuation Pause)
[2144.996s][info][gc,task        ] GC(237) Using 8 workers of 8 for evacuation
[2145.142s][info][gc,phases      ] GC(237)   Pre Evacuate Collection Set: 0.27ms
[2145.142s][info][gc,phases      ] GC(237)   Merge Heap Roots: 0.60ms
[2145.142s][info][gc,phases      ] GC(237)   Evacuate Collection Set: 143.23ms
[2145.142s][info][gc,phases      ] GC(237)   Post Evacuate Collection Set: 1.04ms
[2145.142s][info][gc,phases      ] GC(237)   Other: 0.06ms
[2145.142s][info][gc,heap        ] GC(237) Eden regions: 571->0(571)
[2145.142s][info][gc,heap        ] GC(237) Survivor regions: 43->43(77)
[2145.142s][info][gc,heap        ] GC(237) Old regions: 236->242
[2145.142s][info][gc,heap        ] GC(237) Humongous regions: 33->33
[2145.142s][info][gc,metaspace   ] GC(237) Metaspace: 29976K(30144K)->29976K(30144K) NonClass: 29976K(30144K)->29976K(30144K) Class: 0K(0K)->0K(0K)
[2145.142s][info][gc             ] GC(237) Pause Young (Normal) (G1 Evacuation Pause) 7045M->2527M(8192M) 145.331ms
[2145.142s][info][gc,cpu         ] GC(237) User=1.15s Sys=0.00s Real=0.15s
...............[2160.542s][info][gc,start       ] GC(238) Pause Young (Normal) (G1 Evacuation Pause)
[2160.542s][info][gc,task        ] GC(238) Using 8 workers of 8 for evacuation
[2160.686s][info][gc,phases      ] GC(238)   Pre Evacuate Collection Set: 0.28ms
[2160.686s][info][gc,phases      ] GC(238)   Merge Heap Roots: 0.63ms
[2160.686s][info][gc,phases      ] GC(238)   Evacuate Collection Set: 141.56ms
[2160.686s][info][gc,phases      ] GC(238)   Post Evacuate Collection Set: 1.04ms
[2160.686s][info][gc,phases      ] GC(238)   Other: 0.07ms
[2160.686s][info][gc,heap        ] GC(238) Eden regions: 571->0(572)
[2160.686s][info][gc,heap        ] GC(238) Survivor regions: 43->42(77)
[2160.686s][info][gc,heap        ] GC(238) Old regions: 242->249
[2160.686s][info][gc,heap        ] GC(238) Humongous regions: 33->33
[2160.686s][info][gc,metaspace   ] GC(238) Metaspace: 29976K(30144K)->29976K(30144K) NonClass: 29976K(30144K)->29976K(30144K) Class: 0K(0K)->0K(0K)
[2160.686s][info][gc             ] GC(238) Pause Young (Normal) (G1 Evacuation Pause) 7095M->2579M(8192M) 143.714ms
[2160.686s][info][gc,cpu         ] GC(238) User=1.13s Sys=0.01s Real=0.14s
................[2176.028s][info][gc,start       ] GC(239) Pause Young (Normal) (G1 Evacuation Pause)
[2176.028s][info][gc,task        ] GC(239) Using 8 workers of 8 for evacuation
[2176.172s][info][gc,phases      ] GC(239)   Pre Evacuate Collection Set: 0.25ms
[2176.172s][info][gc,phases      ] GC(239)   Merge Heap Roots: 0.56ms
[2176.172s][info][gc,phases      ] GC(239)   Evacuate Collection Set: 142.77ms
[2176.172s][info][gc,phases      ] GC(239)   Post Evacuate Collection Set: 1.05ms
[2176.172s][info][gc,phases      ] GC(239)   Other: 0.07ms
[2176.172s][info][gc,heap        ] GC(239) Eden regions: 572->0(571)
[2176.172s][info][gc,heap        ] GC(239) Survivor regions: 42->43(77)
[2176.172s][info][gc,heap        ] GC(239) Old regions: 249->256
[2176.172s][info][gc,heap        ] GC(239) Humongous regions: 33->33
[2176.172s][info][gc,metaspace   ] GC(239) Metaspace: 29976K(30144K)->29976K(30144K) NonClass: 29976K(30144K)->29976K(30144K) Class: 0K(0K)->0K(0K)
[2176.172s][info][gc             ] GC(239) Pause Young (Normal) (G1 Evacuation Pause) 7155M->2640M(8192M) 144.827ms
[2176.172s][info][gc,cpu         ] GC(239) User=1.14s Sys=0.00s Real=0.15s
...............[2191.593s][info][gc,start       ] GC(240) Pause Young (Normal) (G1 Evacuation Pause)
[2191.593s][info][gc,task        ] GC(240) Using 8 workers of 8 for evacuation
[2191.736s][info][gc,phases      ] GC(240)   Pre Evacuate Collection Set: 0.24ms
[2191.736s][info][gc,phases      ] GC(240)   Merge Heap Roots: 0.55ms
[2191.736s][info][gc,phases      ] GC(240)   Evacuate Collection Set: 141.44ms
[2191.736s][info][gc,phases      ] GC(240)   Post Evacuate Collection Set: 1.02ms
[2191.736s][info][gc,phases      ] GC(240)   Other: 0.08ms
[2191.736s][info][gc,heap        ] GC(240) Eden regions: 571->0(571)
[2191.736s][info][gc,heap        ] GC(240) Survivor regions: 43->43(77)
[2191.736s][info][gc,heap        ] GC(240) Old regions: 256->263
[2191.736s][info][gc,heap        ] GC(240) Humongous regions: 33->33
[2191.736s][info][gc,metaspace   ] GC(240) Metaspace: 29976K(30144K)->29976K(30144K) NonClass: 29976K(30144K)->29976K(30144K) Class: 0K(0K)->0K(0K)
[2191.736s][info][gc             ] GC(240) Pause Young (Normal) (G1 Evacuation Pause) 7208M->2691M(8192M) 143.477ms
[2191.736s][info][gc,cpu         ] GC(240) User=1.14s Sys=0.00s Real=0.14s
.. (rIR:aIR:PR = 2491:2489:2489) (tPR = 37342) [OK] 
  2192s: Performance info:
         Transaction,    Success,    Partial,     Failed,   Receipts, AvgBarcode, 
             Overall,     149435,          0,          0,     141954,      59.48, 
         Response times:
             Request,    Success,    Partial,     Failed,   SkipFail,     Probes,    Samples,      min,      p50,      p90,      p95,      p99,      max, 
       TotalPurchase,     141954,          0,          0,          0,     138226,     153950,      300,     1800,     2900,     3200,     5800,   152000,
     InStorePurchase,      74715,          0,          0,          0,      72892,      80935,      300,     1800,     2900,     3200,     6200,   151000,
      OnlinePurchase,      52304,          0,          0,          0,      51001,      56705,      300,     1700,     2900,     3200,     5700,   152000,
        InstPurchase,      14935,          0,          0,          0,      14333,      16310,      400,     1900,     3000,     3300,     5089,   152000,
          AssocOfCat,        149,          0,          0,          0,        111,        177,    18200,    27000,    33000,    37100,   121280,   179000,
      AssocOfProduct,       1490,          0,          0,          0,       1323,       1638,      500,     2100,     3200,     3500,    11211,   147000,
      BusinessReport,        373,          0,          0,          0,        273,        356,    18900,    27000,    34000,    39000,    50430,    52000,
          CustBuyBeh,       1506,          0,          0,          0,       1327,       1550,      100,     1900,     2900,     3200,     8627,   151000,
       ProductReturn,       3963,          0,          0,          0,       3749,       4354,      200,     1600,     2800,     3125,     7400,   147000,

  2192s: (19%)   IR =   2629 ......|.......[2206.415s][info][gc,start       ] GC(241) Pause Young (Normal) (G1 Evacuation Pause)
[2206.415s][info][gc,task        ] GC(241) Using 8 workers of 8 for evacuation
[2206.562s][info][gc,phases      ] GC(241)   Pre Evacuate Collection Set: 0.25ms
[2206.562s][info][gc,phases      ] GC(241)   Merge Heap Roots: 0.61ms
[2206.562s][info][gc,phases      ] GC(241)   Evacuate Collection Set: 144.71ms
[2206.562s][info][gc,phases      ] GC(241)   Post Evacuate Collection Set: 1.07ms
[2206.562s][info][gc,phases      ] GC(241)   Other: 0.06ms
[2206.562s][info][gc,heap        ] GC(241) Eden regions: 571->0(571)
[2206.562s][info][gc,heap        ] GC(241) Survivor regions: 43->43(77)
[2206.562s][info][gc,heap        ] GC(241) Old regions: 263->270
[2206.562s][info][gc,heap        ] GC(241) Humongous regions: 33->33
[2206.562s][info][gc,metaspace   ] GC(241) Metaspace: 29976K(30144K)->29976K(30144K) NonClass: 29976K(30144K)->29976K(30144K) Class: 0K(0K)->0K(0K)
[2206.562s][info][gc             ] GC(241) Pause Young (Normal) (G1 Evacuation Pause) 7259M->2750M(8192M) 146.839ms
[2206.562s][info][gc,cpu         ] GC(241) User=1.16s Sys=0.00s Real=0.15s
...............[2221.120s][info][gc,start       ] GC(242) Pause Young (Normal) (G1 Evacuation Pause)
[2221.120s][info][gc,task        ] GC(242) Using 8 workers of 8 for evacuation
[2221.263s][info][gc,phases      ] GC(242)   Pre Evacuate Collection Set: 0.28ms
[2221.263s][info][gc,phases      ] GC(242)   Merge Heap Roots: 0.62ms
[2221.263s][info][gc,phases      ] GC(242)   Evacuate Collection Set: 141.53ms
[2221.263s][info][gc,phases      ] GC(242)   Post Evacuate Collection Set: 1.08ms
[2221.263s][info][gc,phases      ] GC(242)   Other: 0.09ms
[2221.263s][info][gc,heap        ] GC(242) Eden regions: 571->0(572)
[2221.263s][info][gc,heap        ] GC(242) Survivor regions: 43->42(77)
[2221.263s][info][gc,heap        ] GC(242) Old regions: 270->277
[2221.263s][info][gc,heap        ] GC(242) Humongous regions: 33->33
[2221.263s][info][gc,metaspace   ] GC(242) Metaspace: 29976K(30144K)->29976K(30144K) NonClass: 29976K(30144K)->29976K(30144K) Class: 0K(0K)->0K(0K)
[2221.263s][info][gc             ] GC(242) Pause Young (Normal) (G1 Evacuation Pause) 7318M->2797M(8192M) 143.732ms
[2221.263s][info][gc,cpu         ] GC(242) User=1.14s Sys=0.00s Real=0.15s
..............[2235.803s][info][gc,start       ] GC(243) Pause Young (Normal) (G1 Evacuation Pause)
[2235.803s][info][gc,task        ] GC(243) Using 8 workers of 8 for evacuation
[2235.951s][info][gc,phases      ] GC(243)   Pre Evacuate Collection Set: 0.26ms
[2235.951s][info][gc,phases      ] GC(243)   Merge Heap Roots: 0.55ms
[2235.951s][info][gc,phases      ] GC(243)   Evacuate Collection Set: 145.78ms
[2235.951s][info][gc,phases      ] GC(243)   Post Evacuate Collection Set: 1.01ms
[2235.951s][info][gc,phases      ] GC(243)   Other: 0.06ms
[2235.951s][info][gc,heap        ] GC(243) Eden regions: 572->0(567)
[2235.951s][info][gc,heap        ] GC(243) Survivor regions: 42->44(77)
[2235.951s][info][gc,heap        ] GC(243) Old regions: 277->284
[2235.951s][info][gc,heap        ] GC(243) Humongous regions: 33->33
[2235.951s][info][gc,metaspace   ] GC(243) Metaspace: 29976K(30144K)->29976K(30144K) NonClass: 29976K(30144K)->29976K(30144K) Class: 0K(0K)->0K(0K)
[2235.951s][info][gc             ] GC(243) Pause Young (Normal) (G1 Evacuation Pause) 7373M->2866M(8192M) 147.797ms
[2235.951s][info][gc,cpu         ] GC(243) User=1.16s Sys=0.01s Real=0.15s
...............[2250.448s][info][gc,start       ] GC(244) Pause Young (Normal) (G1 Evacuation Pause)
[2250.448s][info][gc,task        ] GC(244) Using 8 workers of 8 for evacuation
[2250.593s][info][gc,phases      ] GC(244)   Pre Evacuate Collection Set: 0.28ms
[2250.593s][info][gc,phases      ] GC(244)   Merge Heap Roots: 0.57ms
[2250.593s][info][gc,phases      ] GC(244)   Evacuate Collection Set: 143.13ms
[2250.593s][info][gc,phases      ] GC(244)   Post Evacuate Collection Set: 1.03ms
[2250.593s][info][gc,phases      ] GC(244)   Other: 0.10ms
[2250.593s][info][gc,heap        ] GC(244) Eden regions: 567->0(563)
[2250.593s][info][gc,heap        ] GC(244) Survivor regions: 44->43(77)
[2250.593s][info][gc,heap        ] GC(244) Old regions: 284->290
[2250.593s][info][gc,heap        ] GC(244) Humongous regions: 33->33
[2250.593s][info][gc,metaspace   ] GC(244) Metaspace: 29976K(30144K)->29976K(30144K) NonClass: 29976K(30144K)->29976K(30144K) Class: 0K(0K)->0K(0K)
[2250.593s][info][gc             ] GC(244) Pause Young (Normal) (G1 Evacuation Pause) 7402M->2911M(8192M) 145.253ms
[2250.593s][info][gc,cpu         ] GC(244) User=1.14s Sys=0.01s Real=0.15s
......... (rIR:aIR:PR = 2629:2630:2630) (tPR = 38786) [OK] 
  2258s: Performance info:
         Transaction,    Success,    Partial,     Failed,   Receipts, AvgBarcode, 
             Overall,     157895,          0,          0,     150011,      59.47, 
         Response times:
             Request,    Success,    Partial,     Failed,   SkipFail,     Probes,    Samples,      min,      p50,      p90,      p95,      p99,      max, 
       TotalPurchase,     150011,          0,          0,          0,     146191,     162603,      300,     1900,     3000,     3300,     5700,   160000,
     InStorePurchase,      78950,          0,          0,          0,      77214,      85653,      400,     1800,     3000,     3300,     5600,   160000,
      OnlinePurchase,      55247,          0,          0,          0,      53738,      59743,      300,     1900,     3100,     3400,     6000,   155000,
        InstPurchase,      15814,          0,          0,          0,      15239,      17207,      500,     2000,     3100,     3400,     6292,   157000,
          AssocOfCat,        158,          0,          0,          0,        114,        166,    18000,    26000,    31000,    33000,    40000,    40000,
      AssocOfProduct,       1570,          0,          0,          0,       1391,       1690,      500,     1400,     2800,     3200,     3900,   148000,
      BusinessReport,        392,          0,          0,          0,        312,        435,    19800,    28000,    35000,    37200,    73160,   199000,
          CustBuyBeh,       1581,          0,          0,          0,       1419,       1709,      200,     1300,     2700,     3100,     4580,   154000,
       ProductReturn,       4183,          0,          0,          0,       3954,       4653,      200,     1700,     2900,     3200,     7576,   154000,

  2258s: (20%)   IR =   2767 .....|[2264.668s][info][gc,start       ] GC(245) Pause Young (Normal) (G1 Evacuation Pause)
[2264.668s][info][gc,task        ] GC(245) Using 8 workers of 8 for evacuation
[2264.813s][info][gc,phases      ] GC(245)   Pre Evacuate Collection Set: 0.30ms
[2264.813s][info][gc,phases      ] GC(245)   Merge Heap Roots: 0.57ms
[2264.813s][info][gc,phases      ] GC(245)   Evacuate Collection Set: 142.34ms
[2264.813s][info][gc,phases      ] GC(245)   Post Evacuate Collection Set: 1.04ms
[2264.813s][info][gc,phases      ] GC(245)   Other: 0.06ms
[2264.813s][info][gc,heap        ] GC(245) Eden regions: 563->0(558)
[2264.813s][info][gc,heap        ] GC(245) Survivor regions: 43->42(76)
[2264.813s][info][gc,heap        ] GC(245) Old regions: 290->297
[2264.813s][info][gc,heap        ] GC(245) Humongous regions: 33->33
[2264.813s][info][gc,metaspace   ] GC(245) Metaspace: 29978K(30144K)->29978K(30144K) NonClass: 29978K(30144K)->29978K(30144K) Class: 0K(0K)->0K(0K)
[2264.813s][info][gc             ] GC(245) Pause Young (Normal) (G1 Evacuation Pause) 7415M->2962M(8192M) 144.444ms
[2264.813s][info][gc,cpu         ] GC(245) User=1.14s Sys=0.00s Real=0.15s
..............[2278.328s][info][gc,start       ] GC(246) Pause Young (Normal) (G1 Evacuation Pause)
[2278.328s][info][gc,task        ] GC(246) Using 8 workers of 8 for evacuation
[2278.472s][info][gc,phases      ] GC(246)   Pre Evacuate Collection Set: 0.30ms
[2278.472s][info][gc,phases      ] GC(246)   Merge Heap Roots: 0.56ms
[2278.472s][info][gc,phases      ] GC(246)   Evacuate Collection Set: 141.67ms
[2278.472s][info][gc,phases      ] GC(246)   Post Evacuate Collection Set: 1.00ms
[2278.472s][info][gc,phases      ] GC(246)   Other: 0.07ms
[2278.472s][info][gc,heap        ] GC(246) Eden regions: 558->0(553)
[2278.472s][info][gc,heap        ] GC(246) Survivor regions: 42->41(75)
[2278.472s][info][gc,heap        ] GC(246) Old regions: 297->304
[2278.472s][info][gc,heap        ] GC(246) Humongous regions: 33->33
[2278.472s][info][gc,metaspace   ] GC(246) Metaspace: 29978K(30144K)->29978K(30144K) NonClass: 29978K(30144K)->29978K(30144K) Class: 0K(0K)->0K(0K)
[2278.472s][info][gc             ] GC(246) Pause Young (Normal) (G1 Evacuation Pause) 7426M->3010M(8192M) 143.714ms
[2278.472s][info][gc,cpu         ] GC(246) User=1.14s Sys=0.01s Real=0.15s
.............[2291.767s][info][gc,start       ] GC(247) Pause Young (Normal) (G1 Evacuation Pause)
[2291.767s][info][gc,task        ] GC(247) Using 8 workers of 8 for evacuation
[2291.916s][info][gc,phases      ] GC(247)   Pre Evacuate Collection Set: 0.26ms
[2291.916s][info][gc,phases      ] GC(247)   Merge Heap Roots: 0.53ms
[2291.916s][info][gc,phases      ] GC(247)   Evacuate Collection Set: 147.21ms
[2291.916s][info][gc,phases      ] GC(247)   Post Evacuate Collection Set: 0.99ms
[2291.916s][info][gc,phases      ] GC(247)   Other: 0.06ms
[2291.916s][info][gc,heap        ] GC(247) Eden regions: 553->0(542)
[2291.916s][info][gc,heap        ] GC(247) Survivor regions: 41->43(75)
[2291.916s][info][gc,heap        ] GC(247) Old regions: 304->311
[2291.916s][info][gc,heap        ] GC(247) Humongous regions: 33->33
[2291.916s][info][gc,metaspace   ] GC(247) Metaspace: 29978K(30144K)->29978K(30144K) NonClass: 29978K(30144K)->29978K(30144K) Class: 0K(0K)->0K(0K)
[2291.916s][info][gc             ] GC(247) Pause Young (Normal) (G1 Evacuation Pause) 7434M->3078M(8192M) 149.204ms
[2291.916s][info][gc,cpu         ] GC(247) User=1.18s Sys=0.00s Real=0.15s
.............[2305.015s][info][gc,start       ] GC(248) Pause Young (Normal) (G1 Evacuation Pause)
[2305.015s][info][gc,task        ] GC(248) Using 8 workers of 8 for evacuation
[2305.158s][info][gc,phases      ] GC(248)   Pre Evacuate Collection Set: 0.25ms
[2305.158s][info][gc,phases      ] GC(248)   Merge Heap Roots: 0.59ms
[2305.158s][info][gc,phases      ] GC(248)   Evacuate Collection Set: 141.10ms
[2305.158s][info][gc,phases      ] GC(248)   Post Evacuate Collection Set: 0.98ms
[2305.158s][info][gc,phases      ] GC(248)   Other: 0.06ms
[2305.158s][info][gc,heap        ] GC(248) Eden regions: 542->0(536)
[2305.158s][info][gc,heap        ] GC(248) Survivor regions: 43->42(74)
[2305.158s][info][gc,heap        ] GC(248) Old regions: 311->319
[2305.158s][info][gc,heap        ] GC(248) Humongous regions: 33->33
[2305.158s][info][gc,metaspace   ] GC(248) Metaspace: 29978K(30144K)->29978K(30144K) NonClass: 29978K(30144K)->29978K(30144K) Class: 0K(0K)->0K(0K)
[2305.158s][info][gc             ] GC(248) Pause Young (Normal) (G1 Evacuation Pause) 7414M->3129M(8192M) 143.132ms
[2305.158s][info][gc,cpu         ] GC(248) User=1.13s Sys=0.00s Real=0.14s
..............[2318.272s][info][gc,start       ] GC(249) Pause Young (Normal) (G1 Evacuation Pause)
[2318.272s][info][gc,task        ] GC(249) Using 8 workers of 8 for evacuation
[2318.416s][info][gc,phases      ] GC(249)   Pre Evacuate Collection Set: 0.27ms
[2318.416s][info][gc,phases      ] GC(249)   Merge Heap Roots: 0.53ms
[2318.416s][info][gc,phases      ] GC(249)   Evacuate Collection Set: 142.62ms
[2318.416s][info][gc,phases      ] GC(249)   Post Evacuate Collection Set: 0.99ms
[2318.416s][info][gc,phases      ] GC(249)   Other: 0.06ms
[2318.416s][info][gc,heap        ] GC(249) Eden regions: 536->0(531)
[2318.416s][info][gc,heap        ] GC(249) Survivor regions: 42->41(73)
[2318.416s][info][gc,heap        ] GC(249) Old regions: 319->326
[2318.416s][info][gc,heap        ] GC(249) Humongous regions: 33->33
[2318.416s][info][gc,metaspace   ] GC(249) Metaspace: 29978K(30144K)->29978K(30144K) NonClass: 29978K(30144K)->29978K(30144K) Class: 0K(0K)->0K(0K)
[2318.416s][info][gc             ] GC(249) Pause Young (Normal) (G1 Evacuation Pause) 7417M->3185M(8192M) 144.587ms
[2318.417s][info][gc,cpu         ] GC(249) User=1.15s Sys=0.00s Real=0.14s
...... (rIR:aIR:PR = 2767:2768:2768) (tPR = 41104) [OK] 
  2323s: Performance info:
         Transaction,    Success,    Partial,     Failed,   Receipts, AvgBarcode, 
             Overall,     166491,          0,          0,     158150,      59.48, 
         Response times:
             Request,    Success,    Partial,     Failed,   SkipFail,     Probes,    Samples,      min,      p50,      p90,      p95,      p99,      max, 
       TotalPurchase,     158150,          0,          0,          0,     154162,     168698,      300,     1900,     3200,     3500,     6600,   157000,
     InStorePurchase,      83267,          0,          0,          0,      81274,      88611,      400,     1900,     3100,     3500,     6600,   156000,
      OnlinePurchase,      58234,          0,          0,          0,      56929,      62362,      300,     1900,     3100,     3500,     6700,   157000,
        InstPurchase,      16649,          0,          0,          0,      15959,      17725,      500,     2100,     3200,     3500,     6100,   156000,
          AssocOfCat,        169,          0,          0,          0,        118,        169,    18800,    26000,    30000,    36000,    52600,    54000,
      AssocOfProduct,       1674,          0,          0,          0,       1477,       1774,      600,     2400,     3500,     3800,    11975,   150000,
      BusinessReport,        416,          0,          0,          0,        334,        439,    19000,    28000,    35000,    40000,   132400,   197000,
          CustBuyBeh,       1673,          0,          0,          0,       1519,       1823,      300,     1600,     2800,     3100,     4652,    54000,
       ProductReturn,       4409,          0,          0,          0,       4127,       4725,      200,     1800,     3000,     3400,     6300,    55000,

  2323s: (21%)   IR =   2906 ......|[2330.892s][info][gc,start       ] GC(250) Pause Young (Normal) (G1 Evacuation Pause)
[2330.892s][info][gc,task        ] GC(250) Using 8 workers of 8 for evacuation
[2331.035s][info][gc,phases      ] GC(250)   Pre Evacuate Collection Set: 0.26ms
[2331.035s][info][gc,phases      ] GC(250)   Merge Heap Roots: 0.58ms
[2331.035s][info][gc,phases      ] GC(250)   Evacuate Collection Set: 141.42ms
[2331.035s][info][gc,phases      ] GC(250)   Post Evacuate Collection Set: 0.98ms
[2331.035s][info][gc,phases      ] GC(250)   Other: 0.06ms
[2331.035s][info][gc,heap        ] GC(250) Eden regions: 531->0(523)
[2331.035s][info][gc,heap        ] GC(250) Survivor regions: 41->41(72)
[2331.035s][info][gc,heap        ] GC(250) Old regions: 326->334
[2331.035s][info][gc,heap        ] GC(250) Humongous regions: 33->33
[2331.035s][info][gc,metaspace   ] GC(250) Metaspace: 29978K(30144K)->29978K(30144K) NonClass: 29978K(30144K)->29978K(30144K) Class: 0K(0K)->0K(0K)
[2331.035s][info][gc             ] GC(250) Pause Young (Normal) (G1 Evacuation Pause) 7433M->3246M(8192M) 143.453ms
[2331.035s][info][gc,cpu         ] GC(250) User=1.13s Sys=0.01s Real=0.14s
............[2342.994s][info][gc,start       ] GC(251) Pause Young (Normal) (G1 Evacuation Pause)
[2342.994s][info][gc,task        ] GC(251) Using 8 workers of 8 for evacuation
[2343.136s][info][gc,phases      ] GC(251)   Pre Evacuate Collection Set: 0.29ms
[2343.136s][info][gc,phases      ] GC(251)   Merge Heap Roots: 0.53ms
[2343.136s][info][gc,phases      ] GC(251)   Evacuate Collection Set: 140.26ms
[2343.136s][info][gc,phases      ] GC(251)   Post Evacuate Collection Set: 1.02ms
[2343.136s][info][gc,phases      ] GC(251)   Other: 0.07ms
[2343.136s][info][gc,heap        ] GC(251) Eden regions: 523->0(516)
[2343.136s][info][gc,heap        ] GC(251) Survivor regions: 41->41(71)
[2343.136s][info][gc,heap        ] GC(251) Old regions: 334->341
[2343.136s][info][gc,heap        ] GC(251) Humongous regions: 33->33
[2343.136s][info][gc,metaspace   ] GC(251) Metaspace: 29978K(30144K)->29978K(30144K) NonClass: 29978K(30144K)->29978K(30144K) Class: 0K(0K)->0K(0K)
[2343.136s][info][gc             ] GC(251) Pause Young (Normal) (G1 Evacuation Pause) 7430M->3302M(8192M) 142.305ms
[2343.136s][info][gc,cpu         ] GC(251) User=1.12s Sys=0.00s Real=0.14s
............[2355.065s][info][gc,start       ] GC(252) Pause Young (Normal) (G1 Evacuation Pause)
[2355.065s][info][gc,task        ] GC(252) Using 8 workers of 8 for evacuation
[2355.203s][info][gc,phases      ] GC(252)   Pre Evacuate Collection Set: 0.24ms
[2355.203s][info][gc,phases      ] GC(252)   Merge Heap Roots: 0.55ms
[2355.203s][info][gc,phases      ] GC(252)   Evacuate Collection Set: 136.58ms
[2355.203s][info][gc,phases      ] GC(252)   Post Evacuate Collection Set: 0.96ms
[2355.203s][info][gc,phases      ] GC(252)   Other: 0.06ms
[2355.203s][info][gc,heap        ] GC(252) Eden regions: 516->0(508)
[2355.203s][info][gc,heap        ] GC(252) Survivor regions: 41->41(70)
[2355.203s][info][gc,heap        ] GC(252) Old regions: 341->349
[2355.203s][info][gc,heap        ] GC(252) Humongous regions: 33->33
[2355.203s][info][gc,metaspace   ] GC(252) Metaspace: 29978K(30144K)->29978K(30144K) NonClass: 29978K(30144K)->29978K(30144K) Class: 0K(0K)->0K(0K)
[2355.203s][info][gc             ] GC(252) Pause Young (Normal) (G1 Evacuation Pause) 7430M->3362M(8192M) 138.531ms
[2355.203s][info][gc,cpu         ] GC(252) User=1.09s Sys=0.01s Real=0.14s
............[2366.971s][info][gc,start       ] GC(253) Pause Young (Normal) (G1 Evacuation Pause)
[2366.971s][info][gc,task        ] GC(253) Using 8 workers of 8 for evacuation
[2367.111s][info][gc,phases      ] GC(253)   Pre Evacuate Collection Set: 0.24ms
[2367.111s][info][gc,phases      ] GC(253)   Merge Heap Roots: 0.55ms
[2367.111s][info][gc,phases      ] GC(253)   Evacuate Collection Set: 137.81ms
[2367.111s][info][gc,phases      ] GC(253)   Post Evacuate Collection Set: 0.92ms
[2367.111s][info][gc,phases      ] GC(253)   Other: 0.06ms
[2367.111s][info][gc,heap        ] GC(253) Eden regions: 508->0(501)
[2367.111s][info][gc,heap        ] GC(253) Survivor regions: 41->41(69)
[2367.111s][info][gc,heap        ] GC(253) Old regions: 349->356
[2367.111s][info][gc,heap        ] GC(253) Humongous regions: 33->33
[2367.111s][info][gc,metaspace   ] GC(253) Metaspace: 29978K(30144K)->29978K(30144K) NonClass: 29978K(30144K)->29978K(30144K) Class: 0K(0K)->0K(0K)
[2367.111s][info][gc             ] GC(253) Pause Young (Normal) (G1 Evacuation Pause) 7426M->3421M(8192M) 139.721ms
[2367.111s][info][gc,cpu         ] GC(253) User=1.11s Sys=0.00s Real=0.14s
............[2378.539s][info][gc,start       ] GC(254) Pause Young (Normal) (G1 Evacuation Pause)
[2378.539s][info][gc,task        ] GC(254) Using 8 workers of 8 for evacuation
[2378.678s][info][gc,phases      ] GC(254)   Pre Evacuate Collection Set: 0.23ms
[2378.678s][info][gc,phases      ] GC(254)   Merge Heap Roots: 0.49ms
[2378.678s][info][gc,phases      ] GC(254)   Evacuate Collection Set: 136.64ms
[2378.678s][info][gc,phases      ] GC(254)   Post Evacuate Collection Set: 0.94ms
[2378.678s][info][gc,phases      ] GC(254)   Other: 0.08ms
[2378.678s][info][gc,heap        ] GC(254) Eden regions: 501->0(495)
[2378.678s][info][gc,heap        ] GC(254) Survivor regions: 41->40(68)
[2378.678s][info][gc,heap        ] GC(254) Old regions: 356->364
[2378.678s][info][gc,heap        ] GC(254) Humongous regions: 33->33
[2378.678s][info][gc,metaspace   ] GC(254) Metaspace: 29978K(30144K)->29978K(30144K) NonClass: 29978K(30144K)->29978K(30144K) Class: 0K(0K)->0K(0K)
[2378.678s][info][gc             ] GC(254) Pause Young (Normal) (G1 Evacuation Pause) 7429M->3475M(8192M) 138.524ms
[2378.678s][info][gc,cpu         ] GC(254) User=1.09s Sys=0.00s Real=0.14s
...........[2390.026s][info][gc,start       ] GC(255) Pause Young (Normal) (G1 Evacuation Pause)
[2390.026s][info][gc,task        ] GC(255) Using 8 workers of 8 for evacuation
[2390.165s][info][gc,phases      ] GC(255)   Pre Evacuate Collection Set: 0.25ms
[2390.165s][info][gc,phases      ] GC(255)   Merge Heap Roots: 0.57ms
[2390.165s][info][gc,phases      ] GC(255)   Evacuate Collection Set: 137.04ms
[2390.165s][info][gc,phases      ] GC(255)   Post Evacuate Collection Set: 0.95ms
[2390.165s][info][gc,phases      ] GC(255)   Other: 0.06ms
[2390.165s][info][gc,heap        ] GC(255) Eden regions: 495->0(487)
[2390.165s][info][gc,heap        ] GC(255) Survivor regions: 40->40(67)
[2390.165s][info][gc,heap        ] GC(255) Old regions: 364->372
[2390.165s][info][gc,heap        ] GC(255) Humongous regions: 33->33
[2390.165s][info][gc,metaspace   ] GC(255) Metaspace: 29978K(30144K)->29978K(30144K) NonClass: 29978K(30144K)->29978K(30144K) Class: 0K(0K)->0K(0K)
[2390.165s][info][gc             ] GC(255) Pause Young (Normal) (G1 Evacuation Pause) 7435M->3541M(8192M) 139.029ms
[2390.165s][info][gc,cpu         ] GC(255) User=1.10s Sys=0.00s Real=0.14s
. (rIR:aIR:PR = 2906:2907:2907) (tPR = 43260) [OK] 
  2390s: Performance info:
         Transaction,    Success,    Partial,     Failed,   Receipts, AvgBarcode, 
             Overall,     174537,          0,          0,     165807,      59.48, 
         Response times:
             Request,    Success,    Partial,     Failed,   SkipFail,     Probes,    Samples,      min,      p50,      p90,      p95,      p99,      max, 
       TotalPurchase,     165807,          0,          0,          0,     162178,     180205,      300,     2000,     3300,     3700,     9500,   153000,
     InStorePurchase,      87287,          0,          0,          0,      85638,      94875,      400,     2000,     3300,     3700,     9900,   146000,
      OnlinePurchase,      61077,          0,          0,          0,      59614,      66154,      300,     2000,     3300,     3700,     9000,   149000,
        InstPurchase,      17443,          0,          0,          0,      16926,      19176,      400,     2200,     3400,     3800,     9500,   153000,
          AssocOfCat,        173,          0,          0,          0,        115,        179,    18700,    27000,    32000,    35000,    48400,    54000,
      AssocOfProduct,       1752,          0,          0,          0,       1538,       1843,      500,     2200,     3600,     3900,     9168,   146000,
      BusinessReport,        438,          0,          0,          0,        341,        456,    19700,    28000,    36000,    43000,   179430,   197000,
          CustBuyBeh,       1736,          0,          0,          0,       1563,       1868,      200,      800,     2800,     3200,     4300,    42000,
       ProductReturn,       4631,          0,          0,          0,       4254,       4838,      200,     1800,     3200,     3500,     8200,   142000,

  2390s: (22%)   IR =   3044 ....|......[2400.882s][info][gc,start       ] GC(256) Pause Young (Normal) (G1 Evacuation Pause)
[2400.882s][info][gc,task        ] GC(256) Using 8 workers of 8 for evacuation
[2401.022s][info][gc,phases      ] GC(256)   Pre Evacuate Collection Set: 0.26ms
[2401.022s][info][gc,phases      ] GC(256)   Merge Heap Roots: 0.59ms
[2401.022s][info][gc,phases      ] GC(256)   Evacuate Collection Set: 138.37ms
[2401.022s][info][gc,phases      ] GC(256)   Post Evacuate Collection Set: 0.96ms
[2401.022s][info][gc,phases      ] GC(256)   Other: 0.07ms
[2401.022s][info][gc,heap        ] GC(256) Eden regions: 487->0(478)
[2401.022s][info][gc,heap        ] GC(256) Survivor regions: 40->41(66)
[2401.022s][info][gc,heap        ] GC(256) Old regions: 372->379
[2401.022s][info][gc,heap        ] GC(256) Humongous regions: 33->33
[2401.022s][info][gc,metaspace   ] GC(256) Metaspace: 29978K(30144K)->29978K(30144K) NonClass: 29978K(30144K)->29978K(30144K) Class: 0K(0K)->0K(0K)
[2401.022s][info][gc             ] GC(256) Pause Young (Normal) (G1 Evacuation Pause) 7437M->3605M(8192M) 140.392ms
[2401.022s][info][gc,cpu         ] GC(256) User=1.11s Sys=0.00s Real=0.14s
...........[2411.544s][info][gc,start       ] GC(257) Pause Young (Normal) (G1 Evacuation Pause)
[2411.544s][info][gc,task        ] GC(257) Using 8 workers of 8 for evacuation
[2411.679s][info][gc,phases      ] GC(257)   Pre Evacuate Collection Set: 0.27ms
[2411.679s][info][gc,phases      ] GC(257)   Merge Heap Roots: 0.48ms
[2411.679s][info][gc,phases      ] GC(257)   Evacuate Collection Set: 133.84ms
[2411.679s][info][gc,phases      ] GC(257)   Post Evacuate Collection Set: 0.97ms
[2411.679s][info][gc,phases      ] GC(257)   Other: 0.07ms
[2411.679s][info][gc,heap        ] GC(257) Eden regions: 478->0(474)
[2411.679s][info][gc,heap        ] GC(257) Survivor regions: 41->39(65)
[2411.679s][info][gc,heap        ] GC(257) Old regions: 379->387
[2411.679s][info][gc,heap        ] GC(257) Humongous regions: 33->33
[2411.679s][info][gc,metaspace   ] GC(257) Metaspace: 29978K(30144K)->29978K(30144K) NonClass: 29978K(30144K)->29978K(30144K) Class: 0K(0K)->0K(0K)
[2411.679s][info][gc             ] GC(257) Pause Young (Normal) (G1 Evacuation Pause) 7429M->3656M(8192M) 135.758ms
[2411.680s][info][gc,cpu         ] GC(257) User=1.07s Sys=0.00s Real=0.13s
..........[2422.040s][info][gc,start       ] GC(258) Pause Young (Normal) (G1 Evacuation Pause)
[2422.040s][info][gc,task        ] GC(258) Using 8 workers of 8 for evacuation
[2422.176s][info][gc,phases      ] GC(258)   Pre Evacuate Collection Set: 0.28ms
[2422.176s][info][gc,phases      ] GC(258)   Merge Heap Roots: 0.53ms
[2422.176s][info][gc,phases      ] GC(258)   Evacuate Collection Set: 133.96ms
[2422.176s][info][gc,phases      ] GC(258)   Post Evacuate Collection Set: 0.92ms
[2422.176s][info][gc,phases      ] GC(258)   Other: 0.06ms
[2422.176s][info][gc,heap        ] GC(258) Eden regions: 474->0(464)
[2422.176s][info][gc,heap        ] GC(258) Survivor regions: 39->40(65)
[2422.176s][info][gc,heap        ] GC(258) Old regions: 387->395
[2422.176s][info][gc,heap        ] GC(258) Humongous regions: 33->33
[2422.176s][info][gc,metaspace   ] GC(258) Metaspace: 29978K(30144K)->29978K(30144K) NonClass: 29978K(30144K)->29978K(30144K) Class: 0K(0K)->0K(0K)
[2422.176s][info][gc             ] GC(258) Pause Young (Normal) (G1 Evacuation Pause) 7448M->3722M(8192M) 135.923ms
[2422.176s][info][gc,cpu         ] GC(258) User=1.08s Sys=0.00s Real=0.13s
...........[2432.337s][info][gc,start       ] GC(259) Pause Young (Normal) (G1 Evacuation Pause)
[2432.337s][info][gc,task        ] GC(259) Using 8 workers of 8 for evacuation
[2432.473s][info][gc,phases      ] GC(259)   Pre Evacuate Collection Set: 0.24ms
[2432.473s][info][gc,phases      ] GC(259)   Merge Heap Roots: 0.53ms
[2432.473s][info][gc,phases      ] GC(259)   Evacuate Collection Set: 134.47ms
[2432.473s][info][gc,phases      ] GC(259)   Post Evacuate Collection Set: 0.90ms
[2432.473s][info][gc,phases      ] GC(259)   Other: 0.08ms
[2432.473s][info][gc,heap        ] GC(259) Eden regions: 464->0(456)
[2432.473s][info][gc,heap        ] GC(259) Survivor regions: 40->40(63)
[2432.473s][info][gc,heap        ] GC(259) Old regions: 395->403
[2432.473s][info][gc,heap        ] GC(259) Humongous regions: 33->33
[2432.473s][info][gc,metaspace   ] GC(259) Metaspace: 29978K(30144K)->29978K(30144K) NonClass: 29978K(30144K)->29978K(30144K) Class: 0K(0K)->0K(0K)
[2432.473s][info][gc             ] GC(259) Pause Young (Normal) (G1 Evacuation Pause) 7434M->3786M(8192M) 136.362ms
[2432.473s][info][gc,cpu         ] GC(259) User=1.08s Sys=0.00s Real=0.14s
..........[2442.394s][info][gc,start       ] GC(260) Pause Young (Normal) (G1 Evacuation Pause)
[2442.394s][info][gc,task        ] GC(260) Using 8 workers of 8 for evacuation
[2442.527s][info][gc,phases      ] GC(260)   Pre Evacuate Collection Set: 0.24ms
[2442.527s][info][gc,phases      ] GC(260)   Merge Heap Roots: 0.47ms
[2442.527s][info][gc,phases      ] GC(260)   Evacuate Collection Set: 131.37ms
[2442.527s][info][gc,phases      ] GC(260)   Post Evacuate Collection Set: 0.87ms
[2442.527s][info][gc,phases      ] GC(260)   Other: 0.06ms
[2442.527s][info][gc,heap        ] GC(260) Eden regions: 456->0(454)
[2442.527s][info][gc,heap        ] GC(260) Survivor regions: 40->37(62)
[2442.527s][info][gc,heap        ] GC(260) Old regions: 403->411
[2442.527s][info][gc,heap        ] GC(260) Humongous regions: 33->33
[2442.527s][info][gc,metaspace   ] GC(260) Metaspace: 29978K(30144K)->29978K(30144K) NonClass: 29978K(30144K)->29978K(30144K) Class: 0K(0K)->0K(0K)
[2442.527s][info][gc             ] GC(260) Pause Young (Normal) (G1 Evacuation Pause) 7434M->3829M(8192M) 133.151ms
[2442.527s][info][gc,cpu         ] GC(260) User=1.06s Sys=0.00s Real=0.13s
..........[2452.487s][info][gc,start       ] GC(261) Pause Young (Normal) (G1 Evacuation Pause)
[2452.487s][info][gc,task        ] GC(261) Using 8 workers of 8 for evacuation
[2452.620s][info][gc,phases      ] GC(261)   Pre Evacuate Collection Set: 0.25ms
[2452.620s][info][gc,phases      ] GC(261)   Merge Heap Roots: 0.56ms
[2452.620s][info][gc,phases      ] GC(261)   Evacuate Collection Set: 131.45ms
[2452.620s][info][gc,phases      ] GC(261)   Post Evacuate Collection Set: 0.89ms
[2452.620s][info][gc,phases      ] GC(261)   Other: 0.06ms
[2452.620s][info][gc,heap        ] GC(261) Eden regions: 454->0(446)
[2452.620s][info][gc,heap        ] GC(261) Survivor regions: 37->37(62)
[2452.620s][info][gc,heap        ] GC(261) Old regions: 411->419
[2452.620s][info][gc,heap        ] GC(261) Humongous regions: 33->33
[2452.620s][info][gc,metaspace   ] GC(261) Metaspace: 29978K(30144K)->29978K(30144K) NonClass: 29978K(30144K)->29978K(30144K) Class: 0K(0K)->0K(0K)
[2452.620s][info][gc             ] GC(261) Pause Young (Normal) (G1 Evacuation Pause) 7461M->3893M(8192M) 133.346ms
[2452.620s][info][gc,cpu         ] GC(261) User=1.05s Sys=0.00s Real=0.14s
.. (rIR:aIR:PR = 3044:3044:3044) (tPR = 45429) [OK] 
  2454s: Performance info:
         Transaction,    Success,    Partial,     Failed,   Receipts, AvgBarcode, 
             Overall,     182708,          0,          0,     173568,      59.48, 
         Response times:
             Request,    Success,    Partial,     Failed,   SkipFail,     Probes,    Samples,      min,      p50,      p90,      p95,      p99,      max, 
       TotalPurchase,     173568,          0,          0,          0,     169654,     182631,      400,     2100,     3400,     3800,    12500,   176000,
     InStorePurchase,      91341,          0,          0,          0,      89527,      96169,      400,     2100,     3400,     3800,    13400,   176000,
      OnlinePurchase,      63960,          0,          0,          0,      62407,      67025,      400,     2000,     3400,     3800,    11800,   176000,
        InstPurchase,      18267,          0,          0,          0,      17720,      19437,      500,     2200,     3500,     3900,    10000,   146000,
          AssocOfCat,        184,          0,          0,          0,        145,        207,    19300,    27000,    33000,    36600,    61200,   188000,
      AssocOfProduct,       1830,          0,          0,          0,       1675,       1973,      400,     2600,     3800,     4300,    24260,    41000,
      BusinessReport,        460,          0,          0,          0,        352,        438,    20000,    29000,    36000,    40050,    66000,   193000,
          CustBuyBeh,       1822,          0,          0,          0,       1654,       1895,      300,     2200,     3400,     3800,    18108,   145000,
       ProductReturn,       4844,          0,          0,          0,       4513,       5044,      200,     2000,     3400,     3775,    13930,   141000,

  2454s: (23%)   IR =   3183 ......|.[2462.070s][info][gc,start       ] GC(262) Pause Young (Normal) (G1 Evacuation Pause)
[2462.070s][info][gc,task        ] GC(262) Using 8 workers of 8 for evacuation
[2462.205s][info][gc,phases      ] GC(262)   Pre Evacuate Collection Set: 0.27ms
[2462.205s][info][gc,phases      ] GC(262)   Merge Heap Roots: 0.56ms
[2462.205s][info][gc,phases      ] GC(262)   Evacuate Collection Set: 133.22ms
[2462.205s][info][gc,phases      ] GC(262)   Post Evacuate Collection Set: 0.87ms
[2462.205s][info][gc,phases      ] GC(262)   Other: 0.08ms
[2462.205s][info][gc,heap        ] GC(262) Eden regions: 446->0(436)
[2462.205s][info][gc,heap        ] GC(262) Survivor regions: 37->38(61)
[2462.205s][info][gc,heap        ] GC(262) Old regions: 419->427
[2462.205s][info][gc,heap        ] GC(262) Humongous regions: 33->33
[2462.205s][info][gc,metaspace   ] GC(262) Metaspace: 29979K(30144K)->29979K(30144K) NonClass: 29979K(30144K)->29979K(30144K) Class: 0K(0K)->0K(0K)
[2462.205s][info][gc             ] GC(262) Pause Young (Normal) (G1 Evacuation Pause) 7461M->3965M(8192M) 135.141ms
[2462.205s][info][gc,cpu         ] GC(262) User=1.07s Sys=0.00s Real=0.13s
..........[2471.403s][info][gc,start       ] GC(263) Pause Young (Normal) (G1 Evacuation Pause)
[2471.403s][info][gc,task        ] GC(263) Using 8 workers of 8 for evacuation
[2471.535s][info][gc,phases      ] GC(263)   Pre Evacuate Collection Set: 0.26ms
[2471.535s][info][gc,phases      ] GC(263)   Merge Heap Roots: 0.47ms
[2471.535s][info][gc,phases      ] GC(263)   Evacuate Collection Set: 129.57ms
[2471.535s][info][gc,phases      ] GC(263)   Post Evacuate Collection Set: 0.87ms
[2471.535s][info][gc,phases      ] GC(263)   Other: 0.06ms
[2471.535s][info][gc,heap        ] GC(263) Eden regions: 436->0(430)
[2471.535s][info][gc,heap        ] GC(263) Survivor regions: 38->37(60)
[2471.535s][info][gc,heap        ] GC(263) Old regions: 427->435
[2471.535s][info][gc,heap        ] GC(263) Humongous regions: 33->33
[2471.535s][info][gc,metaspace   ] GC(263) Metaspace: 29979K(30144K)->29979K(30144K) NonClass: 29979K(30144K)->29979K(30144K) Class: 0K(0K)->0K(0K)
[2471.535s][info][gc             ] GC(263) Pause Young (Normal) (G1 Evacuation Pause) 7453M->4021M(8192M) 131.353ms
[2471.535s][info][gc,cpu         ] GC(263) User=1.04s Sys=0.00s Real=0.13s
.........[2480.510s][info][gc,start       ] GC(264) Pause Young (Concurrent Start) (G1 Evacuation Pause)
[2480.510s][info][gc,task        ] GC(264) Using 8 workers of 8 for evacuation
[2480.645s][info][gc,phases      ] GC(264)   Pre Evacuate Collection Set: 0.27ms
[2480.645s][info][gc,phases      ] GC(264)   Merge Heap Roots: 0.53ms
[2480.645s][info][gc,phases      ] GC(264)   Evacuate Collection Set: 132.44ms
[2480.645s][info][gc,phases      ] GC(264)   Post Evacuate Collection Set: 0.88ms
[2480.645s][info][gc,phases      ] GC(264)   Other: 0.11ms
[2480.645s][info][gc,heap        ] GC(264) Eden regions: 430->0(420)
[2480.645s][info][gc,heap        ] GC(264) Survivor regions: 37->38(59)
[2480.645s][info][gc,heap        ] GC(264) Old regions: 435->443
[2480.645s][info][gc,heap        ] GC(264) Humongous regions: 33->33
[2480.645s][info][gc,metaspace   ] GC(264) Metaspace: 29979K(30144K)->29979K(30144K) NonClass: 29979K(30144K)->29979K(30144K) Class: 0K(0K)->0K(0K)
[2480.645s][info][gc             ] GC(264) Pause Young (Concurrent Start) (G1 Evacuation Pause) 7461M->4094M(8192M) 134.377ms
[2480.645s][info][gc             ] GC(265) Concurrent Mark Cycle
[2480.645s][info][gc,marking     ] GC(265) Concurrent Scan Root Regions
[2480.645s][info][gc,cpu         ] GC(264) User=1.06s Sys=0.01s Real=0.13s
[2480.812s][info][gc,marking     ] GC(265) Concurrent Scan Root Regions 167.435ms
[2480.812s][info][gc,marking     ] GC(265) Concurrent Mark
[2480.812s][info][gc,marking     ] GC(265) Concurrent Mark From Roots
[2480.812s][info][gc,task        ] GC(265) Using 2 workers of 2 for marking
.[2481.337s][info][gc,marking     ] GC(265) Concurrent Mark From Roots 525.046ms
[2481.337s][info][gc,marking     ] GC(265) Concurrent Preclean
[2481.337s][info][gc,marking     ] GC(265) Concurrent Preclean 0.116ms
[2481.338s][info][gc,start       ] GC(265) Pause Remark
[2481.340s][info][gc             ] GC(265) Pause Remark 4458M->3306M(8192M) 2.079ms
[2481.340s][info][gc,cpu         ] GC(265) User=0.02s Sys=0.00s Real=0.00s
[2481.340s][info][gc,marking     ] GC(265) Concurrent Mark 527.519ms
[2481.340s][info][gc,marking     ] GC(265) Concurrent Rebuild Remembered Sets and Scrub Regions
[2481.743s][info][gc,marking     ] GC(265) Concurrent Rebuild Remembered Sets and Scrub Regions 403.598ms
[2481.743s][info][gc,start       ] GC(265) Pause Cleanup
[2481.744s][info][gc             ] GC(265) Pause Cleanup 3459M->3459M(8192M) 0.288ms
[2481.744s][info][gc,cpu         ] GC(265) User=0.00s Sys=0.00s Real=0.00s
[2481.744s][info][gc,marking     ] GC(265) Concurrent Clear Claimed Marks
[2481.744s][info][gc,marking     ] GC(265) Concurrent Clear Claimed Marks 0.043ms
[2481.744s][info][gc,marking     ] GC(265) Concurrent Cleanup for Next Mark
[2481.751s][info][gc,marking     ] GC(265) Concurrent Cleanup for Next Mark 7.236ms
[2481.751s][info][gc             ] GC(265) Concurrent Mark Cycle 1106.454ms
........[2489.422s][info][gc,start       ] GC(266) Pause Young (Prepare Mixed) (G1 Evacuation Pause)
[2489.422s][info][gc,task        ] GC(266) Using 8 workers of 8 for evacuation
[2489.551s][info][gc,phases      ] GC(266)   Pre Evacuate Collection Set: 0.27ms
[2489.551s][info][gc,phases      ] GC(266)   Merge Heap Roots: 0.55ms
[2489.551s][info][gc,phases      ] GC(266)   Evacuate Collection Set: 127.34ms
[2489.551s][info][gc,phases      ] GC(266)   Post Evacuate Collection Set: 0.97ms
[2489.551s][info][gc,phases      ] GC(266)   Other: 0.08ms
[2489.551s][info][gc,heap        ] GC(266) Eden regions: 420->0(558)
[2489.551s][info][gc,heap        ] GC(266) Survivor regions: 38->37(58)
[2489.551s][info][gc,heap        ] GC(266) Old regions: 299->307
[2489.551s][info][gc,heap        ] GC(266) Humongous regions: 33->33
[2489.551s][info][gc,metaspace   ] GC(266) Metaspace: 29979K(30144K)->29979K(30144K) NonClass: 29979K(30144K)->29979K(30144K) Class: 0K(0K)->0K(0K)
[2489.551s][info][gc             ] GC(266) Pause Young (Prepare Mixed) (G1 Evacuation Pause) 6302M->3000M(8192M) 129.339ms
[2489.551s][info][gc,cpu         ] GC(266) User=1.02s Sys=0.00s Real=0.13s
...........[2501.260s][info][gc,start       ] GC(267) Pause Young (Mixed) (G1 Evacuation Pause)
[2501.260s][info][gc,task        ] GC(267) Using 8 workers of 8 for evacuation
[2501.401s][info][gc,phases      ] GC(267)   Pre Evacuate Collection Set: 0.30ms
[2501.401s][info][gc,phases      ] GC(267)   Merge Heap Roots: 0.75ms
[2501.401s][info][gc,phases      ] GC(267)   Evacuate Collection Set: 138.47ms
[2501.401s][info][gc,phases      ] GC(267)   Post Evacuate Collection Set: 1.25ms
[2501.401s][info][gc,phases      ] GC(267)   Other: 0.08ms
[2501.401s][info][gc,heap        ] GC(267) Eden regions: 558->0(568)
[2501.401s][info][gc,heap        ] GC(267) Survivor regions: 37->46(75)
[2501.401s][info][gc,heap        ] GC(267) Old regions: 307->205
[2501.401s][info][gc,heap        ] GC(267) Humongous regions: 33->33
[2501.401s][info][gc,metaspace   ] GC(267) Metaspace: 29979K(30144K)->29979K(30144K) NonClass: 29979K(30144K)->29979K(30144K) Class: 0K(0K)->0K(0K)
[2501.401s][info][gc             ] GC(267) Pause Young (Mixed) (G1 Evacuation Pause) 7464M->2255M(8192M) 140.997ms
[2501.401s][info][gc,cpu         ] GC(267) User=1.12s Sys=0.00s Real=0.14s
.............[2513.469s][info][gc,start       ] GC(268) Pause Young (Mixed) (G1 Evacuation Pause)
[2513.469s][info][gc,task        ] GC(268) Using 8 workers of 8 for evacuation
[2513.632s][info][gc,phases      ] GC(268)   Pre Evacuate Collection Set: 0.32ms
[2513.632s][info][gc,phases      ] GC(268)   Merge Heap Roots: 1.02ms
[2513.632s][info][gc,phases      ] GC(268)   Evacuate Collection Set: 157.28ms
[2513.632s][info][gc,phases      ] GC(268)   Merge Optional Heap Roots: 0.13ms
[2513.632s][info][gc,phases      ] GC(268)   Evacuate Optional Collection Set: 3.34ms
[2513.632s][info][gc,phases      ] GC(268)   Post Evacuate Collection Set: 1.30ms
[2513.632s][info][gc,phases      ] GC(268)   Other: 0.08ms
[2513.632s][info][gc,heap        ] GC(268) Eden regions: 568->0(566)
[2513.632s][info][gc,heap        ] GC(268) Survivor regions: 46->48(77)
[2513.632s][info][gc,heap        ] GC(268) Old regions: 205->137
[2513.632s][info][gc,heap        ] GC(268) Humongous regions: 33->33
[2513.632s][info][gc,metaspace   ] GC(268) Metaspace: 29979K(30144K)->29979K(30144K) NonClass: 29979K(30144K)->29979K(30144K) Class: 0K(0K)->0K(0K)
[2513.632s][info][gc             ] GC(268) Pause Young (Mixed) (G1 Evacuation Pause) 6799M->1726M(8192M) 163.617ms
[2513.632s][info][gc,cpu         ] GC(268) User=1.29s Sys=0.00s Real=0.17s
....... (rIR:aIR:PR = 3183:3182:3182) (tPR = 47208) [OK] 
  2520s: Performance info:
         Transaction,    Success,    Partial,     Failed,   Receipts, AvgBarcode, 
             Overall,     191304,          0,          0,     181745,      59.48, 
         Response times:
             Request,    Success,    Partial,     Failed,   SkipFail,     Probes,    Samples,      min,      p50,      p90,      p95,      p99,      max, 
       TotalPurchase,     181745,          0,          0,          0,     177714,     197441,      400,     2100,     3600,     4000,    11400,   172000,
     InStorePurchase,      95706,          0,          0,          0,      93636,     103872,      400,     2100,     3600,     4000,    11600,   172000,
      OnlinePurchase,      66906,          0,          0,          0,      65455,      72706,      400,     2200,     3600,     4000,    11000,   169000,
        InstPurchase,      19133,          0,          0,          0,      18623,      20863,      500,     2200,     3700,     4100,    12400,   172000,
          AssocOfCat,        189,          0,          0,          0,        135,        195,    19800,    28000,    35400,    38200,    65560,   175000,
      AssocOfProduct,       1914,          0,          0,          0,       1706,       2070,      500,     2200,     3800,     4200,     8570,    36000,
      BusinessReport,        478,          0,          0,          0,        373,        510,    19300,    29000,    36000,    45000,    61670,   171000,
          CustBuyBeh,       1918,          0,          0,          0,       1734,       2075,      200,     1800,     3300,     3700,     5672,   140000,
       ProductReturn,       5060,          0,          0,          0,       4793,       5554,      200,     2400,     3600,     4000,    14745,   140000,

  2520s: (24%)   IR =   3321 ....[2525.323s][info][gc,start       ] GC(269) Pause Young (Mixed) (G1 Evacuation Pause)
[2525.323s][info][gc,task        ] GC(269) Using 8 workers of 8 for evacuation
[2525.475s][info][gc,phases      ] GC(269)   Pre Evacuate Collection Set: 0.26ms
[2525.475s][info][gc,phases      ] GC(269)   Merge Heap Roots: 0.61ms
[2525.475s][info][gc,phases      ] GC(269)   Evacuate Collection Set: 150.12ms
[2525.475s][info][gc,phases      ] GC(269)   Post Evacuate Collection Set: 1.03ms
[2525.475s][info][gc,phases      ] GC(269)   Other: 0.09ms
[2525.475s][info][gc,heap        ] GC(269) Eden regions: 566->0(571)
[2525.475s][info][gc,heap        ] GC(269) Survivor regions: 48->43(77)
[2525.475s][info][gc,heap        ] GC(269) Old regions: 137->146
[2525.475s][info][gc,heap        ] GC(269) Humongous regions: 33->33
[2525.475s][info][gc,metaspace   ] GC(269) Metaspace: 29980K(30144K)->29980K(30144K) NonClass: 29980K(30144K)->29980K(30144K) Class: 0K(0K)->0K(0K)
[2525.475s][info][gc             ] GC(269) Pause Young (Mixed) (G1 Evacuation Pause) 6254M->1756M(8192M) 152.232ms
[2525.475s][info][gc,cpu         ] GC(269) User=1.20s Sys=0.00s Real=0.15s
....|........[2536.988s][info][gc,start       ] GC(270) Pause Young (Normal) (G1 Evacuation Pause)
[2536.988s][info][gc,task        ] GC(270) Using 8 workers of 8 for evacuation
[2537.133s][info][gc,phases      ] GC(270)   Pre Evacuate Collection Set: 0.27ms
[2537.133s][info][gc,phases      ] GC(270)   Merge Heap Roots: 0.64ms
[2537.133s][info][gc,phases      ] GC(270)   Evacuate Collection Set: 142.24ms
[2537.133s][info][gc,phases      ] GC(270)   Post Evacuate Collection Set: 1.04ms
[2537.133s][info][gc,phases      ] GC(270)   Other: 0.07ms
[2537.133s][info][gc,heap        ] GC(270) Eden regions: 571->0(571)
[2537.133s][info][gc,heap        ] GC(270) Survivor regions: 43->43(77)
[2537.133s][info][gc,heap        ] GC(270) Old regions: 146->153
[2537.133s][info][gc,heap        ] GC(270) Humongous regions: 33->33
[2537.133s][info][gc,metaspace   ] GC(270) Metaspace: 29980K(30144K)->29980K(30144K) NonClass: 29980K(30144K)->29980K(30144K) Class: 0K(0K)->0K(0K)
[2537.133s][info][gc             ] GC(270) Pause Young (Normal) (G1 Evacuation Pause) 6324M->1816M(8192M) 144.408ms
[2537.133s][info][gc,cpu         ] GC(270) User=1.14s Sys=0.00s Real=0.15s
............[2548.560s][info][gc,start       ] GC(271) Pause Young (Normal) (G1 Evacuation Pause)
[2548.560s][info][gc,task        ] GC(271) Using 8 workers of 8 for evacuation
[2548.704s][info][gc,phases      ] GC(271)   Pre Evacuate Collection Set: 0.25ms
[2548.704s][info][gc,phases      ] GC(271)   Merge Heap Roots: 0.51ms
[2548.704s][info][gc,phases      ] GC(271)   Evacuate Collection Set: 141.88ms
[2548.704s][info][gc,phases      ] GC(271)   Post Evacuate Collection Set: 1.01ms
[2548.704s][info][gc,phases      ] GC(271)   Other: 0.07ms
[2548.704s][info][gc,heap        ] GC(271) Eden regions: 571->0(573)
[2548.704s][info][gc,heap        ] GC(271) Survivor regions: 43->41(77)
[2548.704s][info][gc,heap        ] GC(271) Old regions: 153->160
[2548.704s][info][gc,heap        ] GC(271) Humongous regions: 33->33
[2548.704s][info][gc,metaspace   ] GC(271) Metaspace: 29980K(30144K)->29980K(30144K) NonClass: 29980K(30144K)->29980K(30144K) Class: 0K(0K)->0K(0K)
[2548.704s][info][gc             ] GC(271) Pause Young (Normal) (G1 Evacuation Pause) 6384M->1858M(8192M) 143.849ms
[2548.704s][info][gc,cpu         ] GC(271) User=1.14s Sys=0.00s Real=0.14s
...........[2560.293s][info][gc,start       ] GC(272) Pause Young (Normal) (G1 Evacuation Pause)
[2560.293s][info][gc,task        ] GC(272) Using 8 workers of 8 for evacuation
[2560.436s][info][gc,phases      ] GC(272)   Pre Evacuate Collection Set: 0.27ms
[2560.436s][info][gc,phases      ] GC(272)   Merge Heap Roots: 0.53ms
[2560.436s][info][gc,phases      ] GC(272)   Evacuate Collection Set: 141.74ms
[2560.436s][info][gc,phases      ] GC(272)   Post Evacuate Collection Set: 1.03ms
[2560.436s][info][gc,phases      ] GC(272)   Other: 0.07ms
[2560.437s][info][gc,heap        ] GC(272) Eden regions: 573->0(572)
[2560.437s][info][gc,heap        ] GC(272) Survivor regions: 41->42(77)
[2560.437s][info][gc,heap        ] GC(272) Old regions: 160->167
[2560.437s][info][gc,heap        ] GC(272) Humongous regions: 33->33
[2560.437s][info][gc,metaspace   ] GC(272) Metaspace: 29980K(30144K)->29980K(30144K) NonClass: 29980K(30144K)->29980K(30144K) Class: 0K(0K)->0K(0K)
[2560.437s][info][gc             ] GC(272) Pause Young (Normal) (G1 Evacuation Pause) 6442M->1922M(8192M) 143.784ms
[2560.437s][info][gc,cpu         ] GC(272) User=1.14s Sys=0.00s Real=0.14s
............[2571.925s][info][gc,start       ] GC(273) Pause Young (Normal) (G1 Evacuation Pause)
[2571.925s][info][gc,task        ] GC(273) Using 8 workers of 8 for evacuation
[2572.069s][info][gc,phases      ] GC(273)   Pre Evacuate Collection Set: 0.26ms
[2572.069s][info][gc,phases      ] GC(273)   Merge Heap Roots: 0.49ms
[2572.069s][info][gc,phases      ] GC(273)   Evacuate Collection Set: 142.16ms
[2572.069s][info][gc,phases      ] GC(273)   Post Evacuate Collection Set: 1.03ms
[2572.069s][info][gc,phases      ] GC(273)   Other: 0.07ms
[2572.069s][info][gc,heap        ] GC(273) Eden regions: 572->0(572)
[2572.069s][info][gc,heap        ] GC(273) Survivor regions: 42->42(77)
[2572.069s][info][gc,heap        ] GC(273) Old regions: 167->174
[2572.069s][info][gc,heap        ] GC(273) Humongous regions: 33->33
[2572.069s][info][gc,metaspace   ] GC(273) Metaspace: 29980K(30144K)->29980K(30144K) NonClass: 29980K(30144K)->29980K(30144K) Class: 0K(0K)->0K(0K)
[2572.069s][info][gc             ] GC(273) Pause Young (Normal) (G1 Evacuation Pause) 6498M->1973M(8192M) 144.155ms
[2572.069s][info][gc,cpu         ] GC(273) User=1.14s Sys=0.00s Real=0.14s
............[2583.576s][info][gc,start       ] GC(274) Pause Young (Normal) (G1 Evacuation Pause)
[2583.576s][info][gc,task        ] GC(274) Using 8 workers of 8 for evacuation
[2583.719s][info][gc,phases      ] GC(274)   Pre Evacuate Collection Set: 0.25ms
[2583.719s][info][gc,phases      ] GC(274)   Merge Heap Roots: 0.58ms
[2583.719s][info][gc,phases      ] GC(274)   Evacuate Collection Set: 141.56ms
[2583.719s][info][gc,phases      ] GC(274)   Post Evacuate Collection Set: 1.01ms
[2583.719s][info][gc,phases      ] GC(274)   Other: 0.08ms
[2583.719s][info][gc,heap        ] GC(274) Eden regions: 572->0(572)
[2583.719s][info][gc,heap        ] GC(274) Survivor regions: 42->42(77)
[2583.719s][info][gc,heap        ] GC(274) Old regions: 174->181
[2583.719s][info][gc,heap        ] GC(274) Humongous regions: 33->33
[2583.719s][info][gc,metaspace   ] GC(274) Metaspace: 29980K(30144K)->29980K(30144K) NonClass: 29980K(30144K)->29980K(30144K) Class: 0K(0K)->0K(0K)
[2583.719s][info][gc             ] GC(274) Pause Young (Normal) (G1 Evacuation Pause) 6549M->2030M(8192M) 143.622ms
[2583.719s][info][gc,cpu         ] GC(274) User=1.13s Sys=0.00s Real=0.14s
..... (rIR:aIR:PR = 3321:3324:3324) (tPR = 49604) [OK] 
  2588s: Performance info:
         Transaction,    Success,    Partial,     Failed,   Receipts, AvgBarcode, 
             Overall,     199532,          0,          0,     189567,      59.48, 
         Response times:
             Request,    Success,    Partial,     Failed,   SkipFail,     Probes,    Samples,      min,      p50,      p90,      p95,      p99,      max, 
       TotalPurchase,     189567,          0,          0,          0,     185029,     211884,      400,     2200,     3700,     4200,    14000,   158000,
     InStorePurchase,      99744,          0,          0,          0,      97398,     111264,      400,     2200,     3700,     4100,    14500,   158000,
      OnlinePurchase,      69871,          0,          0,          0,      68300,      78131,      400,     2200,     3700,     4200,    13600,   158000,
        InstPurchase,      19952,          0,          0,          0,      19331,      22489,      400,     2200,     3800,     4200,    13210,   158000,
          AssocOfCat,        199,          0,          0,          0,        148,        214,    20000,    28000,    36500,    40000,   118400,   196000,
      AssocOfProduct,       1993,          0,          0,          0,       1838,       2288,      400,     2200,     3800,     4300,     9142,   158000,
      BusinessReport,        503,          0,          0,          0,        399,        543,    19900,    29000,    36000,    42000,   101840,   174000,
          CustBuyBeh,       1991,          0,          0,          0,       1835,       2243,      200,     2500,     3800,     4200,    23000,   150000,
       ProductReturn,       5279,          0,          0,          0,       4995,       5989,      200,     2400,     3700,     4200,    19710,   147000,

  2588s: (25%)   IR =   3459 .....|.[2594.927s][info][gc,start       ] GC(275) Pause Young (Normal) (G1 Evacuation Pause)
[2594.927s][info][gc,task        ] GC(275) Using 8 workers of 8 for evacuation
[2595.072s][info][gc,phases      ] GC(275)   Pre Evacuate Collection Set: 0.26ms
[2595.072s][info][gc,phases      ] GC(275)   Merge Heap Roots: 0.58ms
[2595.072s][info][gc,phases      ] GC(275)   Evacuate Collection Set: 143.35ms
[2595.072s][info][gc,phases      ] GC(275)   Post Evacuate Collection Set: 0.99ms
[2595.072s][info][gc,phases      ] GC(275)   Other: 0.07ms
[2595.072s][info][gc,heap        ] GC(275) Eden regions: 572->0(572)
[2595.072s][info][gc,heap        ] GC(275) Survivor regions: 42->42(77)
[2595.072s][info][gc,heap        ] GC(275) Old regions: 181->188
[2595.072s][info][gc,heap        ] GC(275) Humongous regions: 33->33
[2595.072s][info][gc,metaspace   ] GC(275) Metaspace: 29980K(30144K)->29980K(30144K) NonClass: 29980K(30144K)->29980K(30144K) Class: 0K(0K)->0K(0K)
[2595.072s][info][gc             ] GC(275) Pause Young (Normal) (G1 Evacuation Pause) 6606M->2088M(8192M) 145.379ms
[2595.072s][info][gc,cpu         ] GC(275) User=1.15s Sys=0.00s Real=0.15s
...........[2606.137s][info][gc,start       ] GC(276) Pause Young (Normal) (G1 Evacuation Pause)
[2606.137s][info][gc,task        ] GC(276) Using 8 workers of 8 for evacuation
[2606.282s][info][gc,phases      ] GC(276)   Pre Evacuate Collection Set: 0.26ms
[2606.282s][info][gc,phases      ] GC(276)   Merge Heap Roots: 0.57ms
[2606.282s][info][gc,phases      ] GC(276)   Evacuate Collection Set: 142.47ms
[2606.282s][info][gc,phases      ] GC(276)   Post Evacuate Collection Set: 1.02ms
[2606.282s][info][gc,phases      ] GC(276)   Other: 0.07ms
[2606.282s][info][gc,heap        ] GC(276) Eden regions: 572->0(572)
[2606.282s][info][gc,heap        ] GC(276) Survivor regions: 42->42(77)
[2606.282s][info][gc,heap        ] GC(276) Old regions: 188->195
[2606.282s][info][gc,heap        ] GC(276) Humongous regions: 33->33
[2606.282s][info][gc,metaspace   ] GC(276) Metaspace: 29980K(30144K)->29980K(30144K) NonClass: 29980K(30144K)->29980K(30144K) Class: 0K(0K)->0K(0K)
[2606.282s][info][gc             ] GC(276) Pause Young (Normal) (G1 Evacuation Pause) 6664M->2142M(8192M) 144.517ms
[2606.282s][info][gc,cpu         ] GC(276) User=1.15s Sys=0.00s Real=0.15s
...........[2617.387s][info][gc,start       ] GC(277) Pause Young (Normal) (G1 Evacuation Pause)
[2617.387s][info][gc,task        ] GC(277) Using 8 workers of 8 for evacuation
[2617.532s][info][gc,phases      ] GC(277)   Pre Evacuate Collection Set: 0.25ms
[2617.532s][info][gc,phases      ] GC(277)   Merge Heap Roots: 0.53ms
[2617.532s][info][gc,phases      ] GC(277)   Evacuate Collection Set: 142.72ms
[2617.532s][info][gc,phases      ] GC(277)   Post Evacuate Collection Set: 1.04ms
[2617.532s][info][gc,phases      ] GC(277)   Other: 0.07ms
[2617.532s][info][gc,heap        ] GC(277) Eden regions: 572->0(571)
[2617.532s][info][gc,heap        ] GC(277) Survivor regions: 42->43(77)
[2617.532s][info][gc,heap        ] GC(277) Old regions: 195->202
[2617.532s][info][gc,heap        ] GC(277) Humongous regions: 33->33
[2617.532s][info][gc,metaspace   ] GC(277) Metaspace: 29980K(30144K)->29980K(30144K) NonClass: 29980K(30144K)->29980K(30144K) Class: 0K(0K)->0K(0K)
[2617.532s][info][gc             ] GC(277) Pause Young (Normal) (G1 Evacuation Pause) 6718M->2206M(8192M) 144.755ms
[2617.532s][info][gc,cpu         ] GC(277) User=1.15s Sys=0.00s Real=0.15s
............[2628.576s][info][gc,start       ] GC(278) Pause Young (Normal) (G1 Evacuation Pause)
[2628.577s][info][gc,task        ] GC(278) Using 8 workers of 8 for evacuation
[2628.720s][info][gc,phases      ] GC(278)   Pre Evacuate Collection Set: 0.27ms
[2628.720s][info][gc,phases      ] GC(278)   Merge Heap Roots: 0.49ms
[2628.720s][info][gc,phases      ] GC(278)   Evacuate Collection Set: 141.94ms
[2628.720s][info][gc,phases      ] GC(278)   Post Evacuate Collection Set: 1.00ms
[2628.720s][info][gc,phases      ] GC(278)   Other: 0.06ms
[2628.720s][info][gc,heap        ] GC(278) Eden regions: 571->0(572)
[2628.720s][info][gc,heap        ] GC(278) Survivor regions: 43->42(77)
[2628.720s][info][gc,heap        ] GC(278) Old regions: 202->209
[2628.720s][info][gc,heap        ] GC(278) Humongous regions: 33->33
[2628.720s][info][gc,metaspace   ] GC(278) Metaspace: 29980K(30144K)->29980K(30144K) NonClass: 29980K(30144K)->29980K(30144K) Class: 0K(0K)->0K(0K)
[2628.720s][info][gc             ] GC(278) Pause Young (Normal) (G1 Evacuation Pause) 6774M->2253M(8192M) 143.888ms
[2628.720s][info][gc,cpu         ] GC(278) User=1.14s Sys=0.00s Real=0.15s
...........[2639.685s][info][gc,start       ] GC(279) Pause Young (Normal) (G1 Evacuation Pause)
[2639.685s][info][gc,task        ] GC(279) Using 8 workers of 8 for evacuation
[2639.830s][info][gc,phases      ] GC(279)   Pre Evacuate Collection Set: 0.25ms
[2639.830s][info][gc,phases      ] GC(279)   Merge Heap Roots: 0.58ms
[2639.830s][info][gc,phases      ] GC(279)   Evacuate Collection Set: 143.38ms
[2639.830s][info][gc,phases      ] GC(279)   Post Evacuate Collection Set: 1.03ms
[2639.830s][info][gc,phases      ] GC(279)   Other: 0.06ms
[2639.830s][info][gc,heap        ] GC(279) Eden regions: 572->0(572)
[2639.830s][info][gc,heap        ] GC(279) Survivor regions: 42->42(77)
[2639.830s][info][gc,heap        ] GC(279) Old regions: 209->215
[2639.830s][info][gc,heap        ] GC(279) Humongous regions: 33->33
[2639.830s][info][gc,metaspace   ] GC(279) Metaspace: 29980K(30144K)->29980K(30144K) NonClass: 29980K(30144K)->29980K(30144K) Class: 0K(0K)->0K(0K)
[2639.830s][info][gc             ] GC(279) Pause Young (Normal) (G1 Evacuation Pause) 6829M->2303M(8192M) 145.437ms
[2639.830s][info][gc,cpu         ] GC(279) User=1.15s Sys=0.00s Real=0.15s
...........[2650.897s][info][gc,start       ] GC(280) Pause Young (Normal) (G1 Evacuation Pause)
[2650.897s][info][gc,task        ] GC(280) Using 8 workers of 8 for evacuation
[2651.046s][info][gc,phases      ] GC(280)   Pre Evacuate Collection Set: 0.25ms
[2651.046s][info][gc,phases      ] GC(280)   Merge Heap Roots: 0.51ms
[2651.046s][info][gc,phases      ] GC(280)   Evacuate Collection Set: 146.53ms
[2651.046s][info][gc,phases      ] GC(280)   Post Evacuate Collection Set: 1.02ms
[2651.046s][info][gc,phases      ] GC(280)   Other: 0.06ms
[2651.046s][info][gc,heap        ] GC(280) Eden regions: 572->0(570)
[2651.046s][info][gc,heap        ] GC(280) Survivor regions: 42->44(77)
[2651.046s][info][gc,heap        ] GC(280) Old regions: 215->222
[2651.046s][info][gc,heap        ] GC(280) Humongous regions: 33->33
[2651.046s][info][gc,metaspace   ] GC(280) Metaspace: 29983K(30144K)->29983K(30144K) NonClass: 29983K(30144K)->29983K(30144K) Class: 0K(0K)->0K(0K)
[2651.046s][info][gc             ] GC(280) Pause Young (Normal) (G1 Evacuation Pause) 6879M->2375M(8192M) 148.529ms
[2651.046s][info][gc,cpu         ] GC(280) User=1.17s Sys=0.00s Real=0.15s
... (rIR:aIR:PR = 3459:3460:3460) (tPR = 51439) [OK] 
  2653s: Performance info:
         Transaction,    Success,    Partial,     Failed,   Receipts, AvgBarcode, 
             Overall,     207716,          0,          0,     197334,      59.48, 
         Response times:
             Request,    Success,    Partial,     Failed,   SkipFail,     Probes,    Samples,      min,      p50,      p90,      p95,      p99,      max, 
       TotalPurchase,     197334,          0,          0,          0,     192784,     210823,      300,     2300,     3900,     4400,    11076,   162000,
     InStorePurchase,     103877,          0,          0,          0,     101851,     111081,      300,     2200,     3800,     4300,    10618,   162000,
      OnlinePurchase,      72660,          0,          0,          0,      70750,      77391,      400,     2300,     3900,     4400,    11000,   162000,
        InstPurchase,      20797,          0,          0,          0,      20183,      22351,      500,     2400,     4000,     4400,    13400,   151000,
          AssocOfCat,        205,          0,          0,          0,        144,        219,    21000,    28000,    36000,    40000,    58800,    82000,
      AssocOfProduct,       2084,          0,          0,          0,       1888,       2203,      500,     2600,     4200,     4600,    13664,   151000,
      BusinessReport,        518,          0,          0,          0,        433,        566,    19900,    30000,    38000,    45000,    59330,   194000,
          CustBuyBeh,       2078,          0,          0,          0,       1908,       2221,      300,     2400,     3700,     4200,    12734,   151000,
       ProductReturn,       5497,          0,          0,          0,       5226,       5904,      200,     2400,     3800,     4300,    11500,   150000,

  2653s: (26%)   IR =   3598 .....|...[2661.760s][info][gc,start       ] GC(281) Pause Young (Normal) (G1 Evacuation Pause)
[2661.760s][info][gc,task        ] GC(281) Using 8 workers of 8 for evacuation
[2661.908s][info][gc,phases      ] GC(281)   Pre Evacuate Collection Set: 0.28ms
[2661.908s][info][gc,phases      ] GC(281)   Merge Heap Roots: 0.66ms
[2661.909s][info][gc,phases      ] GC(281)   Evacuate Collection Set: 146.62ms
[2661.909s][info][gc,phases      ] GC(281)   Post Evacuate Collection Set: 1.04ms
[2661.909s][info][gc,phases      ] GC(281)   Other: 0.07ms
[2661.909s][info][gc,heap        ] GC(281) Eden regions: 570->0(570)
[2661.909s][info][gc,heap        ] GC(281) Survivor regions: 44->44(77)
[2661.909s][info][gc,heap        ] GC(281) Old regions: 222->229
[2661.909s][info][gc,heap        ] GC(281) Humongous regions: 33->33
[2661.909s][info][gc,metaspace   ] GC(281) Metaspace: 29983K(30144K)->29983K(30144K) NonClass: 29983K(30144K)->29983K(30144K) Class: 0K(0K)->0K(0K)
[2661.909s][info][gc             ] GC(281) Pause Young (Normal) (G1 Evacuation Pause) 6935M->2430M(8192M) 148.833ms
[2661.909s][info][gc,cpu         ] GC(281) User=1.17s Sys=0.00s Real=0.15s
..........[2672.570s][info][gc,start       ] GC(282) Pause Young (Normal) (G1 Evacuation Pause)
[2672.570s][info][gc,task        ] GC(282) Using 8 workers of 8 for evacuation
[2672.717s][info][gc,phases      ] GC(282)   Pre Evacuate Collection Set: 0.25ms
[2672.718s][info][gc,phases      ] GC(282)   Merge Heap Roots: 0.57ms
[2672.718s][info][gc,phases      ] GC(282)   Evacuate Collection Set: 145.07ms
[2672.718s][info][gc,phases      ] GC(282)   Post Evacuate Collection Set: 1.08ms
[2672.718s][info][gc,phases      ] GC(282)   Other: 0.07ms
[2672.718s][info][gc,heap        ] GC(282) Eden regions: 570->0(571)
[2672.718s][info][gc,heap        ] GC(282) Survivor regions: 44->43(77)
[2672.718s][info][gc,heap        ] GC(282) Old regions: 229->236
[2672.718s][info][gc,heap        ] GC(282) Humongous regions: 33->33
[2672.718s][info][gc,metaspace   ] GC(282) Metaspace: 29983K(30144K)->29983K(30144K) NonClass: 29983K(30144K)->29983K(30144K) Class: 0K(0K)->0K(0K)
[2672.718s][info][gc             ] GC(282) Pause Young (Normal) (G1 Evacuation Pause) 6990M->2479M(8192M) 147.175ms
[2672.718s][info][gc,cpu         ] GC(282) User=1.16s Sys=0.00s Real=0.14s
...........[2683.201s][info][gc,start       ] GC(283) Pause Young (Normal) (G1 Evacuation Pause)
[2683.201s][info][gc,task        ] GC(283) Using 8 workers of 8 for evacuation
[2683.345s][info][gc,phases      ] GC(283)   Pre Evacuate Collection Set: 0.27ms
[2683.345s][info][gc,phases      ] GC(283)   Merge Heap Roots: 0.58ms
[2683.345s][info][gc,phases      ] GC(283)   Evacuate Collection Set: 142.44ms
[2683.345s][info][gc,phases      ] GC(283)   Post Evacuate Collection Set: 1.02ms
[2683.345s][info][gc,phases      ] GC(283)   Other: 0.07ms
[2683.346s][info][gc,heap        ] GC(283) Eden regions: 571->0(572)
[2683.346s][info][gc,heap        ] GC(283) Survivor regions: 43->42(77)
[2683.346s][info][gc,heap        ] GC(283) Old regions: 236->243
[2683.346s][info][gc,heap        ] GC(283) Humongous regions: 33->33
[2683.346s][info][gc,metaspace   ] GC(283) Metaspace: 29985K(30144K)->29985K(30144K) NonClass: 29985K(30144K)->29985K(30144K) Class: 0K(0K)->0K(0K)
[2683.346s][info][gc             ] GC(283) Pause Young (Normal) (G1 Evacuation Pause) 7047M->2527M(8192M) 144.548ms
[2683.346s][info][gc,cpu         ] GC(283) User=1.15s Sys=0.00s Real=0.14s
...........[2694.051s][info][gc,start       ] GC(284) Pause Young (Normal) (G1 Evacuation Pause)
[2694.051s][info][gc,task        ] GC(284) Using 8 workers of 8 for evacuation
[2694.194s][info][gc,phases      ] GC(284)   Pre Evacuate Collection Set: 0.23ms
[2694.194s][info][gc,phases      ] GC(284)   Merge Heap Roots: 0.49ms
[2694.194s][info][gc,phases      ] GC(284)   Evacuate Collection Set: 141.02ms
[2694.194s][info][gc,phases      ] GC(284)   Post Evacuate Collection Set: 1.03ms
[2694.194s][info][gc,phases      ] GC(284)   Other: 0.07ms
[2694.194s][info][gc,heap        ] GC(284) Eden regions: 572->0(572)
[2694.194s][info][gc,heap        ] GC(284) Survivor regions: 42->42(77)
[2694.194s][info][gc,heap        ] GC(284) Old regions: 243->250
[2694.194s][info][gc,heap        ] GC(284) Humongous regions: 33->33
[2694.194s][info][gc,metaspace   ] GC(284) Metaspace: 29985K(30144K)->29985K(30144K) NonClass: 29985K(30144K)->29985K(30144K) Class: 0K(0K)->0K(0K)
[2694.194s][info][gc             ] GC(284) Pause Young (Normal) (G1 Evacuation Pause) 7103M->2579M(8192M) 142.970ms
[2694.194s][info][gc,cpu         ] GC(284) User=1.13s Sys=0.00s Real=0.14s
...........[2704.759s][info][gc,start       ] GC(285) Pause Young (Normal) (G1 Evacuation Pause)
[2704.759s][info][gc,task        ] GC(285) Using 8 workers of 8 for evacuation
[2704.903s][info][gc,phases      ] GC(285)   Pre Evacuate Collection Set: 0.25ms
[2704.903s][info][gc,phases      ] GC(285)   Merge Heap Roots: 0.51ms
[2704.903s][info][gc,phases      ] GC(285)   Evacuate Collection Set: 142.48ms
[2704.903s][info][gc,phases      ] GC(285)   Post Evacuate Collection Set: 1.02ms
[2704.903s][info][gc,phases      ] GC(285)   Other: 0.07ms
[2704.903s][info][gc,heap        ] GC(285) Eden regions: 572->0(571)
[2704.903s][info][gc,heap        ] GC(285) Survivor regions: 42->43(77)
[2704.903s][info][gc,heap        ] GC(285) Old regions: 250->257
[2704.903s][info][gc,heap        ] GC(285) Humongous regions: 33->33
[2704.903s][info][gc,metaspace   ] GC(285) Metaspace: 29985K(30144K)->29985K(30144K) NonClass: 29985K(30144K)->29985K(30144K) Class: 0K(0K)->0K(0K)
[2704.903s][info][gc             ] GC(285) Pause Young (Normal) (G1 Evacuation Pause) 7155M->2642M(8192M) 144.457ms
[2704.903s][info][gc,cpu         ] GC(285) User=1.15s Sys=0.00s Real=0.15s
..........[2715.505s][info][gc,start       ] GC(286) Pause Young (Normal) (G1 Evacuation Pause)
[2715.505s][info][gc,task        ] GC(286) Using 8 workers of 8 for evacuation
[2715.653s][info][gc,phases      ] GC(286)   Pre Evacuate Collection Set: 0.25ms
[2715.653s][info][gc,phases      ] GC(286)   Merge Heap Roots: 0.53ms
[2715.653s][info][gc,phases      ] GC(286)   Evacuate Collection Set: 145.71ms
[2715.653s][info][gc,phases      ] GC(286)   Post Evacuate Collection Set: 1.04ms
[2715.653s][info][gc,phases      ] GC(286)   Other: 0.06ms
[2715.653s][info][gc,heap        ] GC(286) Eden regions: 571->0(570)
[2715.653s][info][gc,heap        ] GC(286) Survivor regions: 43->44(77)
[2715.653s][info][gc,heap        ] GC(286) Old regions: 257->264
[2715.653s][info][gc,heap        ] GC(286) Humongous regions: 33->33
[2715.653s][info][gc,metaspace   ] GC(286) Metaspace: 29985K(30144K)->29985K(30144K) NonClass: 29985K(30144K)->29985K(30144K) Class: 0K(0K)->0K(0K)
[2715.653s][info][gc             ] GC(286) Pause Young (Normal) (G1 Evacuation Pause) 7210M->2711M(8192M) 147.746ms
[2715.653s][info][gc,cpu         ] GC(286) User=1.17s Sys=0.00s Real=0.15s
.... (rIR:aIR:PR = 3598:3597:3597) (tPR = 53277) [OK] 
  2718s: Performance info:
         Transaction,    Success,    Partial,     Failed,   Receipts, AvgBarcode, 
             Overall,     216332,          0,          0,     205498,      59.47, 
         Response times:
             Request,    Success,    Partial,     Failed,   SkipFail,     Probes,    Samples,      min,      p50,      p90,      p95,      p99,      max, 
       TotalPurchase,     205498,          0,          0,          0,     199782,     218969,      300,     2400,     4000,     4500,    11230,   163000,
     InStorePurchase,     108165,          0,          0,          0,     105077,     114785,      300,     2400,     4000,     4500,    10000,   163000,
      OnlinePurchase,      75684,          0,          0,          0,      73881,      81126,      300,     2400,     4000,     4600,    14000,   161000,
        InstPurchase,      21649,          0,          0,          0,      20824,      23058,      400,     2400,     4100,     4600,    11100,   162000,
          AssocOfCat,        214,          0,          0,          0,        146,        217,    19200,    28000,    39000,    45000,   164140,   197000,
      AssocOfProduct,       2163,          0,          0,          0,       1998,       2370,      700,     2900,     4200,     4745,     7632,    29000,
      BusinessReport,        541,          0,          0,          0,        443,        567,    22000,    30000,    38000,    48000,   111360,   201000,
          CustBuyBeh,       2164,          0,          0,          0,       1941,       2290,      200,     1500,     3600,     4000,     7400,   149000,
       ProductReturn,       5752,          0,          0,          0,       5489,       6239,      200,     2100,     3900,     4400,     9460,   155000,

  2718s: (27%)   IR =   3736 .....|..[2725.920s][info][gc,start       ] GC(287) Pause Young (Normal) (G1 Evacuation Pause)
[2725.920s][info][gc,task        ] GC(287) Using 8 workers of 8 for evacuation
[2726.066s][info][gc,phases      ] GC(287)   Pre Evacuate Collection Set: 0.29ms
[2726.066s][info][gc,phases      ] GC(287)   Merge Heap Roots: 0.53ms
[2726.066s][info][gc,phases      ] GC(287)   Evacuate Collection Set: 144.31ms
[2726.066s][info][gc,phases      ] GC(287)   Post Evacuate Collection Set: 1.03ms
[2726.066s][info][gc,phases      ] GC(287)   Other: 0.06ms
[2726.066s][info][gc,heap        ] GC(287) Eden regions: 570->0(571)
[2726.066s][info][gc,heap        ] GC(287) Survivor regions: 44->43(77)
[2726.066s][info][gc,heap        ] GC(287) Old regions: 264->271
[2726.066s][info][gc,heap        ] GC(287) Humongous regions: 33->33
[2726.066s][info][gc,metaspace   ] GC(287) Metaspace: 29986K(30144K)->29986K(30144K) NonClass: 29986K(30144K)->29986K(30144K) Class: 0K(0K)->0K(0K)
[2726.066s][info][gc             ] GC(287) Pause Young (Normal) (G1 Evacuation Pause) 7271M->2758M(8192M) 146.345ms
[2726.066s][info][gc,cpu         ] GC(287) User=1.15s Sys=0.00s Real=0.14s
..........[2736.268s][info][gc,start       ] GC(288) Pause Young (Normal) (G1 Evacuation Pause)
[2736.268s][info][gc,task        ] GC(288) Using 8 workers of 8 for evacuation
[2736.415s][info][gc,phases      ] GC(288)   Pre Evacuate Collection Set: 0.27ms
[2736.415s][info][gc,phases      ] GC(288)   Merge Heap Roots: 0.50ms
[2736.415s][info][gc,phases      ] GC(288)   Evacuate Collection Set: 145.00ms
[2736.415s][info][gc,phases      ] GC(288)   Post Evacuate Collection Set: 1.05ms
[2736.415s][info][gc,phases      ] GC(288)   Other: 0.07ms
[2736.415s][info][gc,heap        ] GC(288) Eden regions: 571->0(571)
[2736.415s][info][gc,heap        ] GC(288) Survivor regions: 43->43(77)
[2736.415s][info][gc,heap        ] GC(288) Old regions: 271->278
[2736.415s][info][gc,heap        ] GC(288) Humongous regions: 33->33
[2736.415s][info][gc,metaspace   ] GC(288) Metaspace: 29986K(30144K)->29986K(30144K) NonClass: 29986K(30144K)->29986K(30144K) Class: 0K(0K)->0K(0K)
[2736.415s][info][gc             ] GC(288) Pause Young (Normal) (G1 Evacuation Pause) 7326M->2813M(8192M) 147.034ms
[2736.416s][info][gc,cpu         ] GC(288) User=1.16s Sys=0.00s Real=0.15s
..........[2746.555s][info][gc,start       ] GC(289) Pause Young (Normal) (G1 Evacuation Pause)
[2746.555s][info][gc,task        ] GC(289) Using 8 workers of 8 for evacuation
[2746.699s][info][gc,phases      ] GC(289)   Pre Evacuate Collection Set: 0.27ms
[2746.699s][info][gc,phases      ] GC(289)   Merge Heap Roots: 0.63ms
[2746.699s][info][gc,phases      ] GC(289)   Evacuate Collection Set: 142.08ms
[2746.699s][info][gc,phases      ] GC(289)   Post Evacuate Collection Set: 1.08ms
[2746.699s][info][gc,phases      ] GC(289)   Other: 0.06ms
[2746.699s][info][gc,heap        ] GC(289) Eden regions: 571->0(573)
[2746.699s][info][gc,heap        ] GC(289) Survivor regions: 43->41(77)
[2746.699s][info][gc,heap        ] GC(289) Old regions: 278->284
[2746.699s][info][gc,heap        ] GC(289) Humongous regions: 33->33
[2746.699s][info][gc,metaspace   ] GC(289) Metaspace: 29986K(30144K)->29986K(30144K) NonClass: 29986K(30144K)->29986K(30144K) Class: 0K(0K)->0K(0K)
[2746.699s][info][gc             ] GC(289) Pause Young (Normal) (G1 Evacuation Pause) 7381M->2847M(8192M) 144.266ms
[2746.699s][info][gc,cpu         ] GC(289) User=1.14s Sys=0.00s Real=0.14s
...........[2757.000s][info][gc,start       ] GC(290) Pause Young (Normal) (G1 Evacuation Pause)
[2757.000s][info][gc,task        ] GC(290) Using 8 workers of 8 for evacuation
[2757.145s][info][gc,phases      ] GC(290)   Pre Evacuate Collection Set: 0.28ms
[2757.145s][info][gc,phases      ] GC(290)   Merge Heap Roots: 0.65ms
[2757.145s][info][gc,phases      ] GC(290)   Evacuate Collection Set: 143.70ms
[2757.145s][info][gc,phases      ] GC(290)   Post Evacuate Collection Set: 1.03ms
[2757.145s][info][gc,phases      ] GC(290)   Other: 0.06ms
[2757.145s][info][gc,heap        ] GC(290) Eden regions: 573->0(562)
[2757.145s][info][gc,heap        ] GC(290) Survivor regions: 41->43(77)
[2757.145s][info][gc,heap        ] GC(290) Old regions: 284->291
[2757.145s][info][gc,heap        ] GC(290) Humongous regions: 33->33
[2757.145s][info][gc,metaspace   ] GC(290) Metaspace: 29986K(30144K)->29986K(30144K) NonClass: 29986K(30144K)->29986K(30144K) Class: 0K(0K)->0K(0K)
[2757.145s][info][gc             ] GC(290) Pause Young (Normal) (G1 Evacuation Pause) 7431M->2922M(8192M) 145.847ms
[2757.146s][info][gc,cpu         ] GC(290) User=1.15s Sys=0.00s Real=0.15s
..........[2767.125s][info][gc,start       ] GC(291) Pause Young (Normal) (G1 Evacuation Pause)
[2767.125s][info][gc,task        ] GC(291) Using 8 workers of 8 for evacuation
[2767.268s][info][gc,phases      ] GC(291)   Pre Evacuate Collection Set: 0.32ms
[2767.268s][info][gc,phases      ] GC(291)   Merge Heap Roots: 0.64ms
[2767.268s][info][gc,phases      ] GC(291)   Evacuate Collection Set: 141.29ms
[2767.268s][info][gc,phases      ] GC(291)   Post Evacuate Collection Set: 1.06ms
[2767.268s][info][gc,phases      ] GC(291)   Other: 0.07ms
[2767.268s][info][gc,heap        ] GC(291) Eden regions: 562->0(559)
[2767.268s][info][gc,heap        ] GC(291) Survivor regions: 43->41(76)
[2767.268s][info][gc,heap        ] GC(291) Old regions: 291->298
[2767.268s][info][gc,heap        ] GC(291) Humongous regions: 33->33
[2767.268s][info][gc,metaspace   ] GC(291) Metaspace: 29986K(30144K)->29986K(30144K) NonClass: 29986K(30144K)->29986K(30144K) Class: 0K(0K)->0K(0K)
[2767.268s][info][gc             ] GC(291) Pause Young (Normal) (G1 Evacuation Pause) 7418M->2962M(8192M) 143.510ms
[2767.268s][info][gc,cpu         ] GC(291) User=1.13s Sys=0.00s Real=0.14s
..........[2777.270s][info][gc,start       ] GC(292) Pause Young (Normal) (G1 Evacuation Pause)
[2777.270s][info][gc,task        ] GC(292) Using 8 workers of 8 for evacuation
[2777.413s][info][gc,phases      ] GC(292)   Pre Evacuate Collection Set: 0.26ms
[2777.413s][info][gc,phases      ] GC(292)   Merge Heap Roots: 0.57ms
[2777.413s][info][gc,phases      ] GC(292)   Evacuate Collection Set: 140.82ms
[2777.413s][info][gc,phases      ] GC(292)   Post Evacuate Collection Set: 1.00ms
[2777.413s][info][gc,phases      ] GC(292)   Other: 0.06ms
[2777.413s][info][gc,heap        ] GC(292) Eden regions: 559->0(549)
[2777.413s][info][gc,heap        ] GC(292) Survivor regions: 41->42(75)
[2777.413s][info][gc,heap        ] GC(292) Old regions: 298->306
[2777.413s][info][gc,heap        ] GC(292) Humongous regions: 33->33
[2777.413s][info][gc,metaspace   ] GC(292) Metaspace: 29986K(30144K)->29986K(30144K) NonClass: 29986K(30144K)->29986K(30144K) Class: 0K(0K)->0K(0K)
[2777.413s][info][gc             ] GC(292) Pause Young (Normal) (G1 Evacuation Pause) 7434M->3030M(8192M) 142.866ms
[2777.413s][info][gc,cpu         ] GC(292) User=1.13s Sys=0.00s Real=0.14s
....... (rIR:aIR:PR = 3736:3737:3737) (tPR = 55696) [OK] 
  2783s: Performance info:
         Transaction,    Success,    Partial,     Failed,   Receipts, AvgBarcode, 
             Overall,     224336,          0,          0,     213131,      59.47, 
         Response times:
             Request,    Success,    Partial,     Failed,   SkipFail,     Probes,    Samples,      min,      p50,      p90,      p95,      p99,      max, 
       TotalPurchase,     213131,          0,          0,          0,     207944,     226783,      300,     2500,     4200,     4700,    16500,   201000,
     InStorePurchase,     112172,          0,          0,          0,     109320,     118826,      300,     2500,     4200,     4700,    16700,   201000,
      OnlinePurchase,      78506,          0,          0,          0,      76790,      83829,      300,     2400,     4200,     4700,    15870,   201000,
        InstPurchase,      22453,          0,          0,          0,      21834,      24128,      500,     2600,     4300,     4700,    17871,   201000,
          AssocOfCat,        222,          0,          0,          0,        169,        233,    19000,    29000,    38600,    43300,   109200,   189000,
      AssocOfProduct,       2251,          0,          0,          0,       2042,       2392,      700,     2500,     4400,     5100,    14463,   199000,
      BusinessReport,        564,          0,          0,          0,        444,        568,    21000,    30000,    39000,    47000,    59550,   209000,
          CustBuyBeh,       2239,          0,          0,          0,       2057,       2404,      200,     2200,     4000,     4500,     8890,   201000,
       ProductReturn,       5929,          0,          0,          0,       5573,       6256,      200,     2200,     4000,     4400,    14801,   152000,

  2783s: (28%)   IR =   3874 ...[2787.071s][info][gc,start       ] GC(293) Pause Young (Normal) (G1 Evacuation Pause)
[2787.071s][info][gc,task        ] GC(293) Using 8 workers of 8 for evacuation
[2787.216s][info][gc,phases      ] GC(293)   Pre Evacuate Collection Set: 0.26ms
[2787.216s][info][gc,phases      ] GC(293)   Merge Heap Roots: 0.51ms
[2787.216s][info][gc,phases      ] GC(293)   Evacuate Collection Set: 143.21ms
[2787.216s][info][gc,phases      ] GC(293)   Post Evacuate Collection Set: 0.99ms
[2787.216s][info][gc,phases      ] GC(293)   Other: 0.06ms
[2787.216s][info][gc,heap        ] GC(293) Eden regions: 549->0(540)
[2787.216s][info][gc,heap        ] GC(293) Survivor regions: 42->43(74)
[2787.216s][info][gc,heap        ] GC(293) Old regions: 306->313
[2787.216s][info][gc,heap        ] GC(293) Humongous regions: 33->33
[2787.216s][info][gc,metaspace   ] GC(293) Metaspace: 29986K(30144K)->29986K(30144K) NonClass: 29986K(30144K)->29986K(30144K) Class: 0K(0K)->0K(0K)
[2787.216s][info][gc             ] GC(293) Pause Young (Normal) (G1 Evacuation Pause) 7422M->3097M(8192M) 145.166ms
[2787.216s][info][gc,cpu         ] GC(293) User=1.15s Sys=0.00s Real=0.14s
...|......[2796.427s][info][gc,start       ] GC(294) Pause Young (Normal) (G1 Evacuation Pause)
[2796.427s][info][gc,task        ] GC(294) Using 8 workers of 8 for evacuation
[2796.572s][info][gc,phases      ] GC(294)   Pre Evacuate Collection Set: 0.28ms
[2796.572s][info][gc,phases      ] GC(294)   Merge Heap Roots: 0.64ms
[2796.572s][info][gc,phases      ] GC(294)   Evacuate Collection Set: 142.36ms
[2796.572s][info][gc,phases      ] GC(294)   Post Evacuate Collection Set: 1.01ms
[2796.572s][info][gc,phases      ] GC(294)   Other: 0.07ms
[2796.572s][info][gc,heap        ] GC(294) Eden regions: 540->0(535)
[2796.572s][info][gc,heap        ] GC(294) Survivor regions: 43->42(73)
[2796.572s][info][gc,heap        ] GC(294) Old regions: 313->320
[2796.572s][info][gc,heap        ] GC(294) Humongous regions: 33->33
[2796.572s][info][gc,metaspace   ] GC(294) Metaspace: 29986K(30144K)->29986K(30144K) NonClass: 29986K(30144K)->29986K(30144K) Class: 0K(0K)->0K(0K)
[2796.572s][info][gc             ] GC(294) Pause Young (Normal) (G1 Evacuation Pause) 7417M->3147M(8192M) 144.514ms
[2796.572s][info][gc,cpu         ] GC(294) User=1.14s Sys=0.00s Real=0.15s
.........[2805.808s][info][gc,start       ] GC(295) Pause Young (Normal) (G1 Evacuation Pause)
[2805.808s][info][gc,task        ] GC(295) Using 8 workers of 8 for evacuation
[2805.953s][info][gc,phases      ] GC(295)   Pre Evacuate Collection Set: 0.25ms
[2805.953s][info][gc,phases      ] GC(295)   Merge Heap Roots: 0.51ms
[2805.953s][info][gc,phases      ] GC(295)   Evacuate Collection Set: 142.57ms
[2805.953s][info][gc,phases      ] GC(295)   Post Evacuate Collection Set: 0.98ms
[2805.953s][info][gc,phases      ] GC(295)   Other: 0.08ms
[2805.953s][info][gc,heap        ] GC(295) Eden regions: 535->0(525)
[2805.953s][info][gc,heap        ] GC(295) Survivor regions: 42->43(73)
[2805.953s][info][gc,heap        ] GC(295) Old regions: 320->328
[2805.953s][info][gc,heap        ] GC(295) Humongous regions: 33->33
[2805.953s][info][gc,metaspace   ] GC(295) Metaspace: 29986K(30144K)->29986K(30144K) NonClass: 29986K(30144K)->29986K(30144K) Class: 0K(0K)->0K(0K)
[2805.953s][info][gc             ] GC(295) Pause Young (Normal) (G1 Evacuation Pause) 7427M->3209M(8192M) 144.516ms
[2805.953s][info][gc,cpu         ] GC(295) User=1.14s Sys=0.00s Real=0.15s
..........[2815.012s][info][gc,start       ] GC(296) Pause Young (Normal) (G1 Evacuation Pause)
[2815.012s][info][gc,task        ] GC(296) Using 8 workers of 8 for evacuation
[2815.154s][info][gc,phases      ] GC(296)   Pre Evacuate Collection Set: 0.26ms
[2815.154s][info][gc,phases      ] GC(296)   Merge Heap Roots: 0.52ms
[2815.154s][info][gc,phases      ] GC(296)   Evacuate Collection Set: 140.13ms
[2815.154s][info][gc,phases      ] GC(296)   Post Evacuate Collection Set: 0.99ms
[2815.154s][info][gc,phases      ] GC(296)   Other: 0.06ms
[2815.154s][info][gc,heap        ] GC(296) Eden regions: 525->0(522)
[2815.154s][info][gc,heap        ] GC(296) Survivor regions: 43->41(71)
[2815.154s][info][gc,heap        ] GC(296) Old regions: 328->335
[2815.154s][info][gc,heap        ] GC(296) Humongous regions: 33->33
[2815.154s][info][gc,metaspace   ] GC(296) Metaspace: 29986K(30144K)->29986K(30144K) NonClass: 29986K(30144K)->29986K(30144K) Class: 0K(0K)->0K(0K)
[2815.154s][info][gc             ] GC(296) Pause Young (Normal) (G1 Evacuation Pause) 7409M->3258M(8192M) 142.087ms
[2815.154s][info][gc,cpu         ] GC(296) User=1.12s Sys=0.01s Real=0.14s
.........[2824.089s][info][gc,start       ] GC(297) Pause Young (Normal) (G1 Evacuation Pause)
[2824.089s][info][gc,task        ] GC(297) Using 8 workers of 8 for evacuation
[2824.228s][info][gc,phases      ] GC(297)   Pre Evacuate Collection Set: 0.28ms
[2824.228s][info][gc,phases      ] GC(297)   Merge Heap Roots: 0.58ms
[2824.228s][info][gc,phases      ] GC(297)   Evacuate Collection Set: 137.17ms
[2824.228s][info][gc,phases      ] GC(297)   Post Evacuate Collection Set: 0.97ms
[2824.228s][info][gc,phases      ] GC(297)   Other: 0.07ms
[2824.228s][info][gc,heap        ] GC(297) Eden regions: 522->0(514)
[2824.228s][info][gc,heap        ] GC(297) Survivor regions: 41->41(71)
[2824.228s][info][gc,heap        ] GC(297) Old regions: 335->343
[2824.228s][info][gc,heap        ] GC(297) Humongous regions: 33->33
[2824.228s][info][gc,metaspace   ] GC(297) Metaspace: 29986K(30144K)->29986K(30144K) NonClass: 29986K(30144K)->29986K(30144K) Class: 0K(0K)->0K(0K)
[2824.228s][info][gc             ] GC(297) Pause Young (Normal) (G1 Evacuation Pause) 7434M->3313M(8192M) 139.217ms
[2824.228s][info][gc,cpu         ] GC(297) User=1.11s Sys=0.00s Real=0.14s
.........[2833.144s][info][gc,start       ] GC(298) Pause Young (Concurrent Start) (G1 Evacuation Pause)
[2833.144s][info][gc,task        ] GC(298) Using 8 workers of 8 for evacuation
[2833.287s][info][gc,phases      ] GC(298)   Pre Evacuate Collection Set: 0.29ms
[2833.287s][info][gc,phases      ] GC(298)   Merge Heap Roots: 0.52ms
[2833.287s][info][gc,phases      ] GC(298)   Evacuate Collection Set: 141.49ms
[2833.287s][info][gc,phases      ] GC(298)   Post Evacuate Collection Set: 0.96ms
[2833.287s][info][gc,phases      ] GC(298)   Other: 0.12ms
[2833.287s][info][gc,heap        ] GC(298) Eden regions: 514->0(507)
[2833.287s][info][gc,heap        ] GC(298) Survivor regions: 41->41(70)
[2833.287s][info][gc,heap        ] GC(298) Old regions: 343->350
[2833.287s][info][gc,heap        ] GC(298) Humongous regions: 33->33
[2833.287s][info][gc,metaspace   ] GC(298) Metaspace: 29986K(30144K)->29986K(30144K) NonClass: 29986K(30144K)->29986K(30144K) Class: 0K(0K)->0K(0K)
[2833.287s][info][gc             ] GC(298) Pause Young (Concurrent Start) (G1 Evacuation Pause) 7425M->3374M(8192M) 143.496ms
[2833.287s][info][gc             ] GC(299) Concurrent Mark Cycle
[2833.287s][info][gc,marking     ] GC(299) Concurrent Scan Root Regions
[2833.287s][info][gc,cpu         ] GC(298) User=1.14s Sys=0.00s Real=0.14s
[2833.513s][info][gc,marking     ] GC(299) Concurrent Scan Root Regions 226.383ms
[2833.514s][info][gc,marking     ] GC(299) Concurrent Mark
[2833.514s][info][gc,marking     ] GC(299) Concurrent Mark From Roots
[2833.514s][info][gc,task        ] GC(299) Using 2 workers of 2 for marking
.[2834.086s][info][gc,marking     ] GC(299) Concurrent Mark From Roots 572.323ms
[2834.086s][info][gc,marking     ] GC(299) Concurrent Preclean
[2834.086s][info][gc,marking     ] GC(299) Concurrent Preclean 0.086ms
[2834.086s][info][gc,start       ] GC(299) Pause Remark
[2834.088s][info][gc             ] GC(299) Pause Remark 3872M->2968M(8192M) 1.844ms
[2834.088s][info][gc,cpu         ] GC(299) User=0.01s Sys=0.00s Real=0.00s
[2834.088s][info][gc,marking     ] GC(299) Concurrent Mark 574.550ms
[2834.088s][info][gc,marking     ] GC(299) Concurrent Rebuild Remembered Sets and Scrub Regions
[2834.464s][info][gc,marking     ] GC(299) Concurrent Rebuild Remembered Sets and Scrub Regions 375.677ms
[2834.464s][info][gc,start       ] GC(299) Pause Cleanup
[2834.464s][info][gc             ] GC(299) Pause Cleanup 3123M->3123M(8192M) 0.248ms
[2834.464s][info][gc,cpu         ] GC(299) User=0.00s Sys=0.00s Real=0.00s
[2834.464s][info][gc,marking     ] GC(299) Concurrent Clear Claimed Marks
[2834.464s][info][gc,marking     ] GC(299) Concurrent Clear Claimed Marks 0.046ms
[2834.464s][info][gc,marking     ] GC(299) Concurrent Cleanup for Next Mark
[2834.471s][info][gc,marking     ] GC(299) Concurrent Cleanup for Next Mark 6.502ms
[2834.471s][info][gc             ] GC(299) Concurrent Mark Cycle 1183.762ms
.......[2841.941s][info][gc,start       ] GC(300) Pause Young (Prepare Mixed) (G1 Evacuation Pause)
[2841.941s][info][gc,task        ] GC(300) Using 8 workers of 8 for evacuation
[2842.081s][info][gc,phases      ] GC(300)   Pre Evacuate Collection Set: 0.26ms
[2842.081s][info][gc,phases      ] GC(300)   Merge Heap Roots: 0.66ms
[2842.081s][info][gc,phases      ] GC(300)   Evacuate Collection Set: 137.57ms
[2842.081s][info][gc,phases      ] GC(300)   Post Evacuate Collection Set: 1.06ms
[2842.081s][info][gc,phases      ] GC(300)   Other: 0.07ms
[2842.081s][info][gc,heap        ] GC(300) Eden regions: 507->0(573)
[2842.081s][info][gc,heap        ] GC(300) Survivor regions: 41->41(69)
[2842.081s][info][gc,heap        ] GC(300) Old regions: 237->245
[2842.081s][info][gc,heap        ] GC(300) Humongous regions: 33->33
[2842.081s][info][gc,metaspace   ] GC(300) Metaspace: 29986K(30144K)->29986K(30144K) NonClass: 29986K(30144K)->29986K(30144K) Class: 0K(0K)->0K(0K)
[2842.081s][info][gc             ] GC(300) Pause Young (Prepare Mixed) (G1 Evacuation Pause) 6526M->2535M(8192M) 139.773ms
[2842.081s][info][gc,cpu         ] GC(300) User=1.11s Sys=0.00s Real=0.14s
......... (rIR:aIR:PR = 3874:3875:3875) (tPR = 57404) [OK] 
  2849s: Performance info:
         Transaction,    Success,    Partial,     Failed,   Receipts, AvgBarcode, 
             Overall,     233445,          0,          0,     221769,      59.47, 
         Response times:
             Request,    Success,    Partial,     Failed,   SkipFail,     Probes,    Samples,      min,      p50,      p90,      p95,      p99,      max, 
       TotalPurchase,     221769,          0,          0,          0,     216529,     240337,      400,     2600,     4400,     4900,    19800,   175000,
     InStorePurchase,     116770,          0,          0,          0,     114285,     126548,      400,     2500,     4300,     4900,    21000,   175000,
      OnlinePurchase,      81663,          0,          0,          0,      79694,      88572,      400,     2600,     4400,     5000,    18900,   159000,
        InstPurchase,      23336,          0,          0,          0,      22550,      25217,      500,     2700,     4500,     5100,    21000,   155000,
          AssocOfCat,        233,          0,          0,          0,        172,        247,    21000,    30000,    38000,    48600,   105560,   190000,
      AssocOfProduct,       2334,          0,          0,          0,       2113,       2505,      700,     2400,     4300,     4900,    15782,   150000,
      BusinessReport,        582,          0,          0,          0,        464,        598,    19500,    30000,    39000,    48000,   167080,   223000,
          CustBuyBeh,       2343,          0,          0,          0,       2166,       2569,      300,     2600,     4100,     4700,    32300,   151000,
       ProductReturn,       6184,          0,          0,          0,       5757,       6619,      200,     1200,     3900,     4500,    11080,   150000,

  2849s: (29%)   IR =   4013 .[2851.879s][info][gc,start       ] GC(301) Pause Young (Mixed) (G1 Evacuation Pause)
[2851.879s][info][gc,task        ] GC(301) Using 8 workers of 8 for evacuation
[2852.032s][info][gc,phases      ] GC(301)   Pre Evacuate Collection Set: 0.31ms
[2852.032s][info][gc,phases      ] GC(301)   Merge Heap Roots: 0.94ms
[2852.032s][info][gc,phases      ] GC(301)   Evacuate Collection Set: 149.67ms
[2852.032s][info][gc,phases      ] GC(301)   Post Evacuate Collection Set: 1.22ms
[2852.032s][info][gc,phases      ] GC(301)   Other: 0.08ms
[2852.032s][info][gc,heap        ] GC(301) Eden regions: 573->0(566)
[2852.032s][info][gc,heap        ] GC(301) Survivor regions: 41->48(77)
[2852.032s][info][gc,heap        ] GC(301) Old regions: 245->144
[2852.032s][info][gc,heap        ] GC(301) Humongous regions: 33->33
[2852.032s][info][gc,metaspace   ] GC(301) Metaspace: 29986K(30144K)->29986K(30144K) NonClass: 29986K(30144K)->29986K(30144K) Class: 0K(0K)->0K(0K)
[2852.032s][info][gc             ] GC(301) Pause Young (Mixed) (G1 Evacuation Pause) 7119M->1784M(8192M) 152.359ms
[2852.032s][info][gc,cpu         ] GC(301) User=1.21s Sys=0.00s Real=0.16s
....|......[2861.424s][info][gc,start       ] GC(302) Pause Young (Mixed) (G1 Evacuation Pause)
[2861.424s][info][gc,task        ] GC(302) Using 8 workers of 8 for evacuation
[2861.581s][info][gc,phases      ] GC(302)   Pre Evacuate Collection Set: 0.30ms
[2861.581s][info][gc,phases      ] GC(302)   Merge Heap Roots: 0.76ms
[2861.581s][info][gc,phases      ] GC(302)   Evacuate Collection Set: 155.30ms
[2861.581s][info][gc,phases      ] GC(302)   Post Evacuate Collection Set: 1.03ms
[2861.581s][info][gc,phases      ] GC(302)   Other: 0.07ms
[2861.581s][info][gc,heap        ] GC(302) Eden regions: 566->0(571)
[2861.581s][info][gc,heap        ] GC(302) Survivor regions: 48->43(77)
[2861.581s][info][gc,heap        ] GC(302) Old regions: 144->139
[2861.581s][info][gc,heap        ] GC(302) Humongous regions: 33->33
[2861.581s][info][gc,metaspace   ] GC(302) Metaspace: 29986K(30144K)->29986K(30144K) NonClass: 29986K(30144K)->29986K(30144K) Class: 0K(0K)->0K(0K)
[2861.581s][info][gc             ] GC(302) Pause Young (Mixed) (G1 Evacuation Pause) 6312M->1701M(8192M) 157.601ms
[2861.582s][info][gc,cpu         ] GC(302) User=1.24s Sys=0.00s Real=0.16s
.........[2871.023s][info][gc,start       ] GC(303) Pause Young (Normal) (G1 Evacuation Pause)
[2871.023s][info][gc,task        ] GC(303) Using 8 workers of 8 for evacuation
[2871.168s][info][gc,phases      ] GC(303)   Pre Evacuate Collection Set: 0.24ms
[2871.168s][info][gc,phases      ] GC(303)   Merge Heap Roots: 0.57ms
[2871.168s][info][gc,phases      ] GC(303)   Evacuate Collection Set: 142.91ms
[2871.168s][info][gc,phases      ] GC(303)   Post Evacuate Collection Set: 1.02ms
[2871.168s][info][gc,phases      ] GC(303)   Other: 0.06ms
[2871.168s][info][gc,heap        ] GC(303) Eden regions: 571->0(571)
[2871.168s][info][gc,heap        ] GC(303) Survivor regions: 43->43(77)
[2871.168s][info][gc,heap        ] GC(303) Old regions: 139->146
[2871.168s][info][gc,heap        ] GC(303) Humongous regions: 33->33
[2871.168s][info][gc,metaspace   ] GC(303) Metaspace: 29986K(30144K)->29986K(30144K) NonClass: 29986K(30144K)->29986K(30144K) Class: 0K(0K)->0K(0K)
[2871.168s][info][gc             ] GC(303) Pause Young (Normal) (G1 Evacuation Pause) 6269M->1756M(8192M) 144.941ms
[2871.168s][info][gc,cpu         ] GC(303) User=1.14s Sys=0.00s Real=0.14s
..........[2880.567s][info][gc,start       ] GC(304) Pause Young (Normal) (G1 Evacuation Pause)
[2880.567s][info][gc,task        ] GC(304) Using 8 workers of 8 for evacuation
[2880.714s][info][gc,phases      ] GC(304)   Pre Evacuate Collection Set: 0.27ms
[2880.714s][info][gc,phases      ] GC(304)   Merge Heap Roots: 0.50ms
[2880.714s][info][gc,phases      ] GC(304)   Evacuate Collection Set: 145.06ms
[2880.714s][info][gc,phases      ] GC(304)   Post Evacuate Collection Set: 1.01ms
[2880.714s][info][gc,phases      ] GC(304)   Other: 0.06ms
[2880.714s][info][gc,heap        ] GC(304) Eden regions: 571->0(571)
[2880.714s][info][gc,heap        ] GC(304) Survivor regions: 43->43(77)
[2880.714s][info][gc,heap        ] GC(304) Old regions: 146->153
[2880.714s][info][gc,heap        ] GC(304) Humongous regions: 33->33
[2880.714s][info][gc,metaspace   ] GC(304) Metaspace: 29986K(30144K)->29986K(30144K) NonClass: 29986K(30144K)->29986K(30144K) Class: 0K(0K)->0K(0K)
[2880.714s][info][gc             ] GC(304) Pause Young (Normal) (G1 Evacuation Pause) 6324M->1817M(8192M) 147.048ms
[2880.714s][info][gc,cpu         ] GC(304) User=1.16s Sys=0.00s Real=0.15s
..........[2890.237s][info][gc,start       ] GC(305) Pause Young (Normal) (G1 Evacuation Pause)
[2890.237s][info][gc,task        ] GC(305) Using 8 workers of 8 for evacuation
[2890.380s][info][gc,phases      ] GC(305)   Pre Evacuate Collection Set: 0.26ms
[2890.380s][info][gc,phases      ] GC(305)   Merge Heap Roots: 0.56ms
[2890.380s][info][gc,phases      ] GC(305)   Evacuate Collection Set: 141.47ms
[2890.380s][info][gc,phases      ] GC(305)   Post Evacuate Collection Set: 1.02ms
[2890.380s][info][gc,phases      ] GC(305)   Other: 0.06ms
[2890.380s][info][gc,heap        ] GC(305) Eden regions: 571->0(572)
[2890.380s][info][gc,heap        ] GC(305) Survivor regions: 43->42(77)
[2890.380s][info][gc,heap        ] GC(305) Old regions: 153->160
[2890.380s][info][gc,heap        ] GC(305) Humongous regions: 33->33
[2890.380s][info][gc,metaspace   ] GC(305) Metaspace: 29986K(30144K)->29986K(30144K) NonClass: 29986K(30144K)->29986K(30144K) Class: 0K(0K)->0K(0K)
[2890.380s][info][gc             ] GC(305) Pause Young (Normal) (G1 Evacuation Pause) 6385M->1863M(8192M) 143.493ms
[2890.380s][info][gc,cpu         ] GC(305) User=1.14s Sys=0.00s Real=0.15s
.........[2899.880s][info][gc,start       ] GC(306) Pause Young (Normal) (G1 Evacuation Pause)
[2899.881s][info][gc,task        ] GC(306) Using 8 workers of 8 for evacuation
[2900.026s][info][gc,phases      ] GC(306)   Pre Evacuate Collection Set: 0.25ms
[2900.026s][info][gc,phases      ] GC(306)   Merge Heap Roots: 0.58ms
[2900.026s][info][gc,phases      ] GC(306)   Evacuate Collection Set: 143.15ms
[2900.026s][info][gc,phases      ] GC(306)   Post Evacuate Collection Set: 1.00ms
[2900.026s][info][gc,phases      ] GC(306)   Other: 0.07ms
[2900.026s][info][gc,heap        ] GC(306) Eden regions: 572->0(571)
[2900.026s][info][gc,heap        ] GC(306) Survivor regions: 42->43(77)
[2900.026s][info][gc,heap        ] GC(306) Old regions: 160->167
[2900.026s][info][gc,heap        ] GC(306) Humongous regions: 33->33
[2900.026s][info][gc,metaspace   ] GC(306) Metaspace: 29986K(30144K)->29986K(30144K) NonClass: 29986K(30144K)->29986K(30144K) Class: 0K(0K)->0K(0K)
[2900.026s][info][gc             ] GC(306) Pause Young (Normal) (G1 Evacuation Pause) 6439M->1928M(8192M) 145.199ms
[2900.026s][info][gc,cpu         ] GC(306) User=1.15s Sys=0.00s Real=0.14s
..........[2909.526s][info][gc,start       ] GC(307) Pause Young (Normal) (G1 Evacuation Pause)
[2909.526s][info][gc,task        ] GC(307) Using 8 workers of 8 for evacuation
[2909.671s][info][gc,phases      ] GC(307)   Pre Evacuate Collection Set: 0.26ms
[2909.671s][info][gc,phases      ] GC(307)   Merge Heap Roots: 0.51ms
[2909.671s][info][gc,phases      ] GC(307)   Evacuate Collection Set: 142.76ms
[2909.671s][info][gc,phases      ] GC(307)   Post Evacuate Collection Set: 1.05ms
[2909.671s][info][gc,phases      ] GC(307)   Other: 0.06ms
[2909.671s][info][gc,heap        ] GC(307) Eden regions: 571->0(572)
[2909.671s][info][gc,heap        ] GC(307) Survivor regions: 43->42(77)
[2909.671s][info][gc,heap        ] GC(307) Old regions: 167->174
[2909.671s][info][gc,heap        ] GC(307) Humongous regions: 33->33
[2909.671s][info][gc,metaspace   ] GC(307) Metaspace: 29986K(30144K)->29986K(30144K) NonClass: 29986K(30144K)->29986K(30144K) Class: 0K(0K)->0K(0K)
[2909.671s][info][gc             ] GC(307) Pause Young (Normal) (G1 Evacuation Pause) 6496M->1977M(8192M) 144.772ms
[2909.671s][info][gc,cpu         ] GC(307) User=1.15s Sys=0.01s Real=0.15s
...... (rIR:aIR:PR = 4013:4012:4012) (tPR = 59535) [OK] 
  2915s: Performance info:
         Transaction,    Success,    Partial,     Failed,   Receipts, AvgBarcode, 
             Overall,     241005,          0,          0,     228942,      59.48, 
         Response times:
             Request,    Success,    Partial,     Failed,   SkipFail,     Probes,    Samples,      min,      p50,      p90,      p95,      p99,      max, 
       TotalPurchase,     228942,          0,          0,          0,     223409,     243656,      400,     2600,     4500,     5100,    22000,   202000,
     InStorePurchase,     120516,          0,          0,          0,     118061,     128418,      400,     2600,     4500,     5000,    22000,   161000,
      OnlinePurchase,      84357,          0,          0,          0,      82092,      89564,      400,     2500,     4500,     5100,    22000,   202000,
        InstPurchase,      24069,          0,          0,          0,      23256,      25674,      500,     2900,     4600,     5200,    24000,   202000,
          AssocOfCat,        242,          0,          0,          0,        201,        275,    21000,    30000,    37000,    40000,    66160,   202000,
      AssocOfProduct,       2410,          0,          0,          0,       2220,       2573,      500,     3400,     5000,     5500,    19556,   156000,
      BusinessReport,        601,          0,          0,          0,        482,        603,    22000,    30000,    40000,    47000,    77760,   215000,
          CustBuyBeh,       2411,          0,          0,          0,       2205,       2541,      100,     1900,     4100,     4700,    17400,   153000,
       ProductReturn,       6399,          0,          0,          0,       6025,       6825,      200,     2600,     4400,     5000,    17274,   156000,

  2915s: (30%)   IR =   4151 ...[2918.927s][info][gc,start       ] GC(308) Pause Young (Normal) (G1 Evacuation Pause)
[2918.927s][info][gc,task        ] GC(308) Using 8 workers of 8 for evacuation
[2919.078s][info][gc,phases      ] GC(308)   Pre Evacuate Collection Set: 0.25ms
[2919.078s][info][gc,phases      ] GC(308)   Merge Heap Roots: 0.55ms
[2919.078s][info][gc,phases      ] GC(308)   Evacuate Collection Set: 148.70ms
[2919.078s][info][gc,phases      ] GC(308)   Post Evacuate Collection Set: 1.05ms
[2919.078s][info][gc,phases      ] GC(308)   Other: 0.06ms
[2919.078s][info][gc,heap        ] GC(308) Eden regions: 572->0(570)
[2919.078s][info][gc,heap        ] GC(308) Survivor regions: 42->44(77)
[2919.078s][info][gc,heap        ] GC(308) Old regions: 174->181
[2919.078s][info][gc,heap        ] GC(308) Humongous regions: 33->33
[2919.078s][info][gc,metaspace   ] GC(308) Metaspace: 29986K(30144K)->29986K(30144K) NonClass: 29986K(30144K)->29986K(30144K) Class: 0K(0K)->0K(0K)
[2919.078s][info][gc             ] GC(308) Pause Young (Normal) (G1 Evacuation Pause) 6553M->2050M(8192M) 150.770ms
[2919.078s][info][gc,cpu         ] GC(308) User=1.20s Sys=0.00s Real=0.15s
....|......[2928.260s][info][gc,start       ] GC(309) Pause Young (Normal) (G1 Evacuation Pause)
[2928.260s][info][gc,task        ] GC(309) Using 8 workers of 8 for evacuation
[2928.407s][info][gc,phases      ] GC(309)   Pre Evacuate Collection Set: 0.26ms
[2928.407s][info][gc,phases      ] GC(309)   Merge Heap Roots: 0.55ms
[2928.407s][info][gc,phases      ] GC(309)   Evacuate Collection Set: 145.15ms
[2928.407s][info][gc,phases      ] GC(309)   Post Evacuate Collection Set: 1.08ms
[2928.407s][info][gc,phases      ] GC(309)   Other: 0.07ms
[2928.407s][info][gc,heap        ] GC(309) Eden regions: 570->0(571)
[2928.407s][info][gc,heap        ] GC(309) Survivor regions: 44->43(77)
[2928.407s][info][gc,heap        ] GC(309) Old regions: 181->188
[2928.407s][info][gc,heap        ] GC(309) Humongous regions: 33->33
[2928.407s][info][gc,metaspace   ] GC(309) Metaspace: 29986K(30144K)->29986K(30144K) NonClass: 29986K(30144K)->29986K(30144K) Class: 0K(0K)->0K(0K)
[2928.407s][info][gc             ] GC(309) Pause Young (Normal) (G1 Evacuation Pause) 6610M->2098M(8192M) 147.243ms
[2928.407s][info][gc,cpu         ] GC(309) User=1.16s Sys=0.00s Real=0.14s
.........[2937.491s][info][gc,start       ] GC(310) Pause Young (Normal) (G1 Evacuation Pause)
[2937.491s][info][gc,task        ] GC(310) Using 8 workers of 8 for evacuation
[2937.643s][info][gc,phases      ] GC(310)   Pre Evacuate Collection Set: 0.26ms
[2937.643s][info][gc,phases      ] GC(310)   Merge Heap Roots: 0.59ms
[2937.643s][info][gc,phases      ] GC(310)   Evacuate Collection Set: 149.41ms
[2937.643s][info][gc,phases      ] GC(310)   Post Evacuate Collection Set: 1.02ms
[2937.643s][info][gc,phases      ] GC(310)   Other: 0.06ms
[2937.643s][info][gc,heap        ] GC(310) Eden regions: 571->0(571)
[2937.643s][info][gc,heap        ] GC(310) Survivor regions: 43->43(77)
[2937.643s][info][gc,heap        ] GC(310) Old regions: 188->195
[2937.643s][info][gc,heap        ] GC(310) Humongous regions: 33->33
[2937.643s][info][gc,metaspace   ] GC(310) Metaspace: 29986K(30144K)->29986K(30144K) NonClass: 29986K(30144K)->29986K(30144K) Class: 0K(0K)->0K(0K)
[2937.643s][info][gc             ] GC(310) Pause Young (Normal) (G1 Evacuation Pause) 6666M->2153M(8192M) 151.469ms
[2937.643s][info][gc,cpu         ] GC(310) User=1.19s Sys=0.00s Real=0.15s
.........[2946.781s][info][gc,start       ] GC(311) Pause Young (Normal) (G1 Evacuation Pause)
[2946.781s][info][gc,task        ] GC(311) Using 8 workers of 8 for evacuation
[2946.931s][info][gc,phases      ] GC(311)   Pre Evacuate Collection Set: 0.26ms
[2946.931s][info][gc,phases      ] GC(311)   Merge Heap Roots: 0.53ms
[2946.931s][info][gc,phases      ] GC(311)   Evacuate Collection Set: 148.19ms
[2946.931s][info][gc,phases      ] GC(311)   Post Evacuate Collection Set: 1.04ms
[2946.931s][info][gc,phases      ] GC(311)   Other: 0.07ms
[2946.931s][info][gc,heap        ] GC(311) Eden regions: 571->0(571)
[2946.931s][info][gc,heap        ] GC(311) Survivor regions: 43->43(77)
[2946.931s][info][gc,heap        ] GC(311) Old regions: 195->202
[2946.931s][info][gc,heap        ] GC(311) Humongous regions: 33->33
[2946.931s][info][gc,metaspace   ] GC(311) Metaspace: 29986K(30144K)->29986K(30144K) NonClass: 29986K(30144K)->29986K(30144K) Class: 0K(0K)->0K(0K)
[2946.931s][info][gc             ] GC(311) Pause Young (Normal) (G1 Evacuation Pause) 6721M->2210M(8192M) 150.229ms
[2946.931s][info][gc,cpu         ] GC(311) User=1.19s Sys=0.00s Real=0.15s
.........[2956.087s][info][gc,start       ] GC(312) Pause Young (Normal) (G1 Evacuation Pause)
[2956.087s][info][gc,task        ] GC(312) Using 8 workers of 8 for evacuation
[2956.234s][info][gc,phases      ] GC(312)   Pre Evacuate Collection Set: 0.26ms
[2956.234s][info][gc,phases      ] GC(312)   Merge Heap Roots: 0.53ms
[2956.234s][info][gc,phases      ] GC(312)   Evacuate Collection Set: 144.37ms
[2956.234s][info][gc,phases      ] GC(312)   Post Evacuate Collection Set: 1.04ms
[2956.234s][info][gc,phases      ] GC(312)   Other: 0.08ms
[2956.234s][info][gc,heap        ] GC(312) Eden regions: 571->0(571)
[2956.234s][info][gc,heap        ] GC(312) Survivor regions: 43->43(77)
[2956.234s][info][gc,heap        ] GC(312) Old regions: 202->209
[2956.234s][info][gc,heap        ] GC(312) Humongous regions: 33->33
[2956.234s][info][gc,metaspace   ] GC(312) Metaspace: 29986K(30144K)->29986K(30144K) NonClass: 29986K(30144K)->29986K(30144K) Class: 0K(0K)->0K(0K)
[2956.234s][info][gc             ] GC(312) Pause Young (Normal) (G1 Evacuation Pause) 6778M->2266M(8192M) 146.398ms
[2956.234s][info][gc,cpu         ] GC(312) User=1.16s Sys=0.00s Real=0.15s
..........[2965.353s][info][gc,start       ] GC(313) Pause Young (Normal) (G1 Evacuation Pause)
[2965.353s][info][gc,task        ] GC(313) Using 8 workers of 8 for evacuation
[2965.496s][info][gc,phases      ] GC(313)   Pre Evacuate Collection Set: 0.25ms
[2965.496s][info][gc,phases      ] GC(313)   Merge Heap Roots: 0.49ms
[2965.496s][info][gc,phases      ] GC(313)   Evacuate Collection Set: 141.38ms
[2965.496s][info][gc,phases      ] GC(313)   Post Evacuate Collection Set: 1.03ms
[2965.496s][info][gc,phases      ] GC(313)   Other: 0.06ms
[2965.496s][info][gc,heap        ] GC(313) Eden regions: 571->0(571)
[2965.496s][info][gc,heap        ] GC(313) Survivor regions: 43->43(77)
[2965.496s][info][gc,heap        ] GC(313) Old regions: 209->216
[2965.496s][info][gc,heap        ] GC(313) Humongous regions: 33->33
[2965.496s][info][gc,metaspace   ] GC(313) Metaspace: 29986K(30144K)->29986K(30144K) NonClass: 29986K(30144K)->29986K(30144K) Class: 0K(0K)->0K(0K)
[2965.496s][info][gc             ] GC(313) Pause Young (Normal) (G1 Evacuation Pause) 6834M->2321M(8192M) 143.347ms
[2965.496s][info][gc,cpu         ] GC(313) User=1.13s Sys=0.00s Real=0.14s
.........[2974.636s][info][gc,start       ] GC(314) Pause Young (Normal) (G1 Evacuation Pause)
[2974.636s][info][gc,task        ] GC(314) Using 8 workers of 8 for evacuation
[2974.780s][info][gc,phases      ] GC(314)   Pre Evacuate Collection Set: 0.26ms
[2974.780s][info][gc,phases      ] GC(314)   Merge Heap Roots: 0.57ms
[2974.780s][info][gc,phases      ] GC(314)   Evacuate Collection Set: 142.18ms
[2974.780s][info][gc,phases      ] GC(314)   Post Evacuate Collection Set: 1.02ms
[2974.780s][info][gc,phases      ] GC(314)   Other: 0.06ms
[2974.780s][info][gc,heap        ] GC(314) Eden regions: 571->0(572)
[2974.780s][info][gc,heap        ] GC(314) Survivor regions: 43->42(77)
[2974.780s][info][gc,heap        ] GC(314) Old regions: 216->223
[2974.780s][info][gc,heap        ] GC(314) Humongous regions: 33->33
[2974.780s][info][gc,metaspace   ] GC(314) Metaspace: 29986K(30144K)->29986K(30144K) NonClass: 29986K(30144K)->29986K(30144K) Class: 0K(0K)->0K(0K)
[2974.780s][info][gc             ] GC(314) Pause Young (Normal) (G1 Evacuation Pause) 6889M->2370M(8192M) 144.217ms
[2974.780s][info][gc,cpu         ] GC(314) User=1.14s Sys=0.00s Real=0.15s
........ (rIR:aIR:PR = 4151:4152:4152) (tPR = 61976) [OK] 
  2982s: Performance info:
         Transaction,    Success,    Partial,     Failed,   Receipts, AvgBarcode, 
             Overall,     249238,          0,          0,     236785,      59.48, 
         Response times:
             Request,    Success,    Partial,     Failed,   SkipFail,     Probes,    Samples,      min,      p50,      p90,      p95,      p99,      max, 
       TotalPurchase,     236785,          0,          0,          0,     232304,     260953,      300,     2700,     4600,     5200,    26000,   206000,
     InStorePurchase,     124589,          0,          0,          0,     122478,     137404,      400,     2700,     4600,     5200,    27000,   206000,
      OnlinePurchase,      87250,          0,          0,          0,      85492,      95853,      300,     2700,     4600,     5200,    24000,   159000,
        InstPurchase,      24946,          0,          0,          0,      24334,      27696,      400,     2600,     4600,     5200,    26000,   158000,
          AssocOfCat,        248,          0,          0,          0,        185,        261,    21000,    30000,    39000,    52800,   117460,   195000,
      AssocOfProduct,       2488,          0,          0,          0,       2277,       2770,      600,     3400,     4900,     5500,    37000,   157000,
      BusinessReport,        625,          0,          0,          0,        526,        701,    22000,    31000,    40000,    48000,   187960,   213000,
          CustBuyBeh,       2490,          0,          0,          0,       2209,       2642,      200,     2500,     4400,     5100,    28140,   149000,
       ProductReturn,       6602,          0,          0,          0,       6319,       7314,      200,     2100,     4400,     5000,    19755,   157000,

  2982s: (31%)   IR =   4289 .[2983.936s][info][gc,start       ] GC(315) Pause Young (Normal) (G1 Evacuation Pause)
[2983.936s][info][gc,task        ] GC(315) Using 8 workers of 8 for evacuation
[2984.082s][info][gc,phases      ] GC(315)   Pre Evacuate Collection Set: 0.26ms
[2984.082s][info][gc,phases      ] GC(315)   Merge Heap Roots: 0.57ms
[2984.082s][info][gc,phases      ] GC(315)   Evacuate Collection Set: 143.43ms
[2984.082s][info][gc,phases      ] GC(315)   Post Evacuate Collection Set: 1.05ms
[2984.082s][info][gc,phases      ] GC(315)   Other: 0.07ms
[2984.082s][info][gc,heap        ] GC(315) Eden regions: 572->0(570)
[2984.082s][info][gc,heap        ] GC(315) Survivor regions: 42->44(77)
[2984.082s][info][gc,heap        ] GC(315) Old regions: 223->230
[2984.082s][info][gc,heap        ] GC(315) Humongous regions: 33->33
[2984.082s][info][gc,metaspace   ] GC(315) Metaspace: 29986K(30144K)->29986K(30144K) NonClass: 29986K(30144K)->29986K(30144K) Class: 0K(0K)->0K(0K)
[2984.082s][info][gc             ] GC(315) Pause Young (Normal) (G1 Evacuation Pause) 6946M->2439M(8192M) 145.509ms
[2984.082s][info][gc,cpu         ] GC(315) User=1.14s Sys=0.00s Real=0.15s
....|.....[2993.019s][info][gc,start       ] GC(316) Pause Young (Normal) (G1 Evacuation Pause)
[2993.019s][info][gc,task        ] GC(316) Using 8 workers of 8 for evacuation
[2993.167s][info][gc,phases      ] GC(316)   Pre Evacuate Collection Set: 0.25ms
[2993.167s][info][gc,phases      ] GC(316)   Merge Heap Roots: 0.59ms
[2993.167s][info][gc,phases      ] GC(316)   Evacuate Collection Set: 145.77ms
[2993.167s][info][gc,phases      ] GC(316)   Post Evacuate Collection Set: 1.02ms
[2993.167s][info][gc,phases      ] GC(316)   Other: 0.06ms
[2993.167s][info][gc,heap        ] GC(316) Eden regions: 570->0(571)
[2993.167s][info][gc,heap        ] GC(316) Survivor regions: 44->43(77)
[2993.167s][info][gc,heap        ] GC(316) Old regions: 230->237
[2993.167s][info][gc,heap        ] GC(316) Humongous regions: 33->33
[2993.167s][info][gc,metaspace   ] GC(316) Metaspace: 29986K(30144K)->29986K(30144K) NonClass: 29986K(30144K)->29986K(30144K) Class: 0K(0K)->0K(0K)
[2993.167s][info][gc             ] GC(316) Pause Young (Normal) (G1 Evacuation Pause) 6999M->2487M(8192M) 147.816ms
[2993.167s][info][gc,cpu         ] GC(316) User=1.17s Sys=0.00s Real=0.15s
.........[3001.966s][info][gc,start       ] GC(317) Pause Young (Normal) (G1 Evacuation Pause)
[3001.966s][info][gc,task        ] GC(317) Using 8 workers of 8 for evacuation
[3002.115s][info][gc,phases      ] GC(317)   Pre Evacuate Collection Set: 0.24ms
[3002.115s][info][gc,phases      ] GC(317)   Merge Heap Roots: 0.52ms
[3002.115s][info][gc,phases      ] GC(317)   Evacuate Collection Set: 146.71ms
[3002.115s][info][gc,phases      ] GC(317)   Post Evacuate Collection Set: 1.03ms
[3002.115s][info][gc,phases      ] GC(317)   Other: 0.07ms
[3002.115s][info][gc,heap        ] GC(317) Eden regions: 571->0(571)
[3002.115s][info][gc,heap        ] GC(317) Survivor regions: 43->43(77)
[3002.115s][info][gc,heap        ] GC(317) Old regions: 237->244
[3002.115s][info][gc,heap        ] GC(317) Humongous regions: 33->33
[3002.115s][info][gc,metaspace   ] GC(317) Metaspace: 29986K(30144K)->29986K(30144K) NonClass: 29986K(30144K)->29986K(30144K) Class: 0K(0K)->0K(0K)
[3002.115s][info][gc             ] GC(317) Pause Young (Normal) (G1 Evacuation Pause) 7055M->2547M(8192M) 148.715ms
[3002.115s][info][gc,cpu         ] GC(317) User=1.18s Sys=0.00s Real=0.15s
.........[3010.951s][info][gc,start       ] GC(318) Pause Young (Normal) (G1 Evacuation Pause)
[3010.951s][info][gc,task        ] GC(318) Using 8 workers of 8 for evacuation
[3011.097s][info][gc,phases      ] GC(318)   Pre Evacuate Collection Set: 0.25ms
[3011.097s][info][gc,phases      ] GC(318)   Merge Heap Roots: 0.58ms
[3011.097s][info][gc,phases      ] GC(318)   Evacuate Collection Set: 143.57ms
[3011.097s][info][gc,phases      ] GC(318)   Post Evacuate Collection Set: 1.01ms
[3011.097s][info][gc,phases      ] GC(318)   Other: 0.06ms
[3011.097s][info][gc,heap        ] GC(318) Eden regions: 571->0(571)
[3011.097s][info][gc,heap        ] GC(318) Survivor regions: 43->43(77)
[3011.097s][info][gc,heap        ] GC(318) Old regions: 244->251
[3011.097s][info][gc,heap        ] GC(318) Humongous regions: 33->33
[3011.097s][info][gc,metaspace   ] GC(318) Metaspace: 29986K(30144K)->29986K(30144K) NonClass: 29986K(30144K)->29986K(30144K) Class: 0K(0K)->0K(0K)
[3011.097s][info][gc             ] GC(318) Pause Young (Normal) (G1 Evacuation Pause) 7115M->2598M(8192M) 145.599ms
[3011.097s][info][gc,cpu         ] GC(318) User=1.15s Sys=0.00s Real=0.14s
.........[3019.985s][info][gc,start       ] GC(319) Pause Young (Normal) (G1 Evacuation Pause)
[3019.986s][info][gc,task        ] GC(319) Using 8 workers of 8 for evacuation
[3020.134s][info][gc,phases      ] GC(319)   Pre Evacuate Collection Set: 0.27ms
[3020.134s][info][gc,phases      ] GC(319)   Merge Heap Roots: 0.61ms
[3020.134s][info][gc,phases      ] GC(319)   Evacuate Collection Set: 146.50ms
[3020.134s][info][gc,phases      ] GC(319)   Post Evacuate Collection Set: 1.02ms
[3020.134s][info][gc,phases      ] GC(319)   Other: 0.07ms
[3020.134s][info][gc,heap        ] GC(319) Eden regions: 571->0(571)
[3020.134s][info][gc,heap        ] GC(319) Survivor regions: 43->43(77)
[3020.134s][info][gc,heap        ] GC(319) Old regions: 251->258
[3020.134s][info][gc,heap        ] GC(319) Humongous regions: 33->33
[3020.134s][info][gc,metaspace   ] GC(319) Metaspace: 29986K(30144K)->29986K(30144K) NonClass: 29986K(30144K)->29986K(30144K) Class: 0K(0K)->0K(0K)
[3020.134s][info][gc             ] GC(319) Pause Young (Normal) (G1 Evacuation Pause) 7166M->2655M(8192M) 148.617ms
[3020.134s][info][gc,cpu         ] GC(319) User=1.17s Sys=0.00s Real=0.15s
.........[3029.030s][info][gc,start       ] GC(320) Pause Young (Normal) (G1 Evacuation Pause)
[3029.030s][info][gc,task        ] GC(320) Using 8 workers of 8 for evacuation
[3029.176s][info][gc,phases      ] GC(320)   Pre Evacuate Collection Set: 0.26ms
[3029.176s][info][gc,phases      ] GC(320)   Merge Heap Roots: 0.61ms
[3029.176s][info][gc,phases      ] GC(320)   Evacuate Collection Set: 144.46ms
[3029.176s][info][gc,phases      ] GC(320)   Post Evacuate Collection Set: 1.01ms
[3029.176s][info][gc,phases      ] GC(320)   Other: 0.07ms
[3029.176s][info][gc,heap        ] GC(320) Eden regions: 571->0(571)
[3029.176s][info][gc,heap        ] GC(320) Survivor regions: 43->43(77)
[3029.176s][info][gc,heap        ] GC(320) Old regions: 258->265
[3029.176s][info][gc,heap        ] GC(320) Humongous regions: 33->33
[3029.176s][info][gc,metaspace   ] GC(320) Metaspace: 29986K(30144K)->29986K(30144K) NonClass: 29986K(30144K)->29986K(30144K) Class: 0K(0K)->0K(0K)
[3029.176s][info][gc             ] GC(320) Pause Young (Normal) (G1 Evacuation Pause) 7223M->2715M(8192M) 146.539ms
[3029.176s][info][gc,cpu         ] GC(320) User=1.16s Sys=0.00s Real=0.15s
.........[3037.913s][info][gc,start       ] GC(321) Pause Young (Normal) (G1 Evacuation Pause)
[3037.913s][info][gc,task        ] GC(321) Using 8 workers of 8 for evacuation
[3038.058s][info][gc,phases      ] GC(321)   Pre Evacuate Collection Set: 0.25ms
[3038.058s][info][gc,phases      ] GC(321)   Merge Heap Roots: 0.58ms
[3038.058s][info][gc,phases      ] GC(321)   Evacuate Collection Set: 143.03ms
[3038.058s][info][gc,phases      ] GC(321)   Post Evacuate Collection Set: 1.05ms
[3038.058s][info][gc,phases      ] GC(321)   Other: 0.06ms
[3038.058s][info][gc,heap        ] GC(321) Eden regions: 571->0(571)
[3038.058s][info][gc,heap        ] GC(321) Survivor regions: 43->43(77)
[3038.058s][info][gc,heap        ] GC(321) Old regions: 265->272
[3038.058s][info][gc,heap        ] GC(321) Humongous regions: 33->33
[3038.058s][info][gc,metaspace   ] GC(321) Metaspace: 29986K(30144K)->29986K(30144K) NonClass: 29986K(30144K)->29986K(30144K) Class: 0K(0K)->0K(0K)
[3038.058s][info][gc             ] GC(321) Pause Young (Normal) (G1 Evacuation Pause) 7283M->2767M(8192M) 145.114ms
[3038.058s][info][gc,cpu         ] GC(321) User=1.15s Sys=0.00s Real=0.14s
.........[3046.955s][info][gc,start       ] GC(322) Pause Young (Normal) (G1 Evacuation Pause)
[3046.955s][info][gc,task        ] GC(322) Using 8 workers of 8 for evacuation
[3047.104s][info][gc,phases      ] GC(322)   Pre Evacuate Collection Set: 0.29ms
[3047.104s][info][gc,phases      ] GC(322)   Merge Heap Roots: 0.53ms
[3047.104s][info][gc,phases      ] GC(322)   Evacuate Collection Set: 146.64ms
[3047.104s][info][gc,phases      ] GC(322)   Post Evacuate Collection Set: 1.06ms
[3047.104s][info][gc,phases      ] GC(322)   Other: 0.07ms
[3047.104s][info][gc,heap        ] GC(322) Eden regions: 571->0(570)
[3047.104s][info][gc,heap        ] GC(322) Survivor regions: 43->44(77)
[3047.104s][info][gc,heap        ] GC(322) Old regions: 272->279
[3047.104s][info][gc,heap        ] GC(322) Humongous regions: 33->33
[3047.104s][info][gc,metaspace   ] GC(322) Metaspace: 29986K(30144K)->29986K(30144K) NonClass: 29986K(30144K)->29986K(30144K) Class: 0K(0K)->0K(0K)
[3047.104s][info][gc             ] GC(322) Pause Young (Normal) (G1 Evacuation Pause) 7335M->2831M(8192M) 148.721ms
[3047.104s][info][gc,cpu         ] GC(322) User=1.17s Sys=0.00s Real=0.15s
. (rIR:aIR:PR = 4289:4288:4288) (tPR = 63925) [OK] 
  3047s: Performance info:
         Transaction,    Success,    Partial,     Failed,   Receipts, AvgBarcode, 
             Overall,     257419,          0,          0,     244539,      59.47, 
         Response times:
             Request,    Success,    Partial,     Failed,   SkipFail,     Probes,    Samples,      min,      p50,      p90,      p95,      p99,      max, 
       TotalPurchase,     244539,          0,          0,          0,     239477,     261046,      300,     2800,     4800,     5400,    23000,   195000,
     InStorePurchase,     128655,          0,          0,          0,     126373,     137696,      400,     2700,     4700,     5400,    22030,   195000,
      OnlinePurchase,      90146,          0,          0,          0,      88222,      95944,      300,     2800,     4800,     5500,    25000,   157000,
        InstPurchase,      25738,          0,          0,          0,      24882,      27406,      500,     3000,     4800,     5400,    24000,   156000,
          AssocOfCat,        259,          0,          0,          0,        194,        266,    18100,    30000,    38300,    44000,   111670,   183000,
      AssocOfProduct,       2578,          0,          0,          0,       2367,       2722,      500,     3500,     5100,     5800,    27000,   156000,
      BusinessReport,        638,          0,          0,          0,        526,        660,    23000,    32000,    42900,    48950,    74170,   202000,
          CustBuyBeh,       2581,          0,          0,          0,       2390,       2791,      200,     2500,     4600,     5300,    13408,   153000,
       ProductReturn,       6824,          0,          0,          0,       6408,       7231,      200,     2800,     4700,     5400,    22680,   155000,

  3047s: (32%)   IR =   4428 .....|...[3055.642s][info][gc,start       ] GC(323) Pause Young (Normal) (G1 Evacuation Pause)
[3055.642s][info][gc,task        ] GC(323) Using 8 workers of 8 for evacuation
[3055.787s][info][gc,phases      ] GC(323)   Pre Evacuate Collection Set: 0.24ms
[3055.787s][info][gc,phases      ] GC(323)   Merge Heap Roots: 0.54ms
[3055.787s][info][gc,phases      ] GC(323)   Evacuate Collection Set: 142.66ms
[3055.787s][info][gc,phases      ] GC(323)   Post Evacuate Collection Set: 1.02ms
[3055.787s][info][gc,phases      ] GC(323)   Other: 0.06ms
[3055.787s][info][gc,heap        ] GC(323) Eden regions: 570->0(569)
[3055.787s][info][gc,heap        ] GC(323) Survivor regions: 44->42(77)
[3055.787s][info][gc,heap        ] GC(323) Old regions: 279->286
[3055.787s][info][gc,heap        ] GC(323) Humongous regions: 33->33
[3055.787s][info][gc,metaspace   ] GC(323) Metaspace: 29986K(30144K)->29986K(30144K) NonClass: 29986K(30144K)->29986K(30144K) Class: 0K(0K)->0K(0K)
[3055.787s][info][gc             ] GC(323) Pause Young (Normal) (G1 Evacuation Pause) 7391M->2871M(8192M) 144.646ms
[3055.787s][info][gc,cpu         ] GC(323) User=1.15s Sys=0.00s Real=0.14s
........[3064.203s][info][gc,start       ] GC(324) Pause Young (Normal) (G1 Evacuation Pause)
[3064.203s][info][gc,task        ] GC(324) Using 8 workers of 8 for evacuation
[3064.350s][info][gc,phases      ] GC(324)   Pre Evacuate Collection Set: 0.29ms
[3064.350s][info][gc,phases      ] GC(324)   Merge Heap Roots: 0.51ms
[3064.350s][info][gc,phases      ] GC(324)   Evacuate Collection Set: 144.20ms
[3064.350s][info][gc,phases      ] GC(324)   Post Evacuate Collection Set: 1.02ms
[3064.350s][info][gc,phases      ] GC(324)   Other: 0.07ms
[3064.350s][info][gc,heap        ] GC(324) Eden regions: 569->0(560)
[3064.350s][info][gc,heap        ] GC(324) Survivor regions: 42->43(77)
[3064.350s][info][gc,heap        ] GC(324) Old regions: 286->293
[3064.350s][info][gc,heap        ] GC(324) Humongous regions: 33->33
[3064.350s][info][gc,metaspace   ] GC(324) Metaspace: 29986K(30144K)->29986K(30144K) NonClass: 29986K(30144K)->29986K(30144K) Class: 0K(0K)->0K(0K)
[3064.350s][info][gc             ] GC(324) Pause Young (Normal) (G1 Evacuation Pause) 7423M->2935M(8192M) 146.228ms
[3064.350s][info][gc,cpu         ] GC(324) User=1.15s Sys=0.01s Real=0.14s
.........[3072.804s][info][gc,start       ] GC(325) Pause Young (Normal) (G1 Evacuation Pause)
[3072.804s][info][gc,task        ] GC(325) Using 8 workers of 8 for evacuation
[3072.952s][info][gc,phases      ] GC(325)   Pre Evacuate Collection Set: 0.27ms
[3072.952s][info][gc,phases      ] GC(325)   Merge Heap Roots: 0.51ms
[3072.952s][info][gc,phases      ] GC(325)   Evacuate Collection Set: 145.69ms
[3072.952s][info][gc,phases      ] GC(325)   Post Evacuate Collection Set: 1.04ms
[3072.952s][info][gc,phases      ] GC(325)   Other: 0.07ms
[3072.952s][info][gc,heap        ] GC(325) Eden regions: 560->0(553)
[3072.952s][info][gc,heap        ] GC(325) Survivor regions: 43->43(76)
[3072.952s][info][gc,heap        ] GC(325) Old regions: 293->300
[3072.952s][info][gc,heap        ] GC(325) Humongous regions: 33->33
[3072.952s][info][gc,metaspace   ] GC(325) Metaspace: 29986K(30144K)->29986K(30144K) NonClass: 29986K(30144K)->29986K(30144K) Class: 0K(0K)->0K(0K)
[3072.952s][info][gc             ] GC(325) Pause Young (Normal) (G1 Evacuation Pause) 7415M->2995M(8192M) 147.696ms
[3072.952s][info][gc,cpu         ] GC(325) User=1.17s Sys=0.00s Real=0.15s
........[3081.262s][info][gc,start       ] GC(326) Pause Young (Normal) (G1 Evacuation Pause)
[3081.262s][info][gc,task        ] GC(326) Using 8 workers of 8 for evacuation
[3081.407s][info][gc,phases      ] GC(326)   Pre Evacuate Collection Set: 0.28ms
[3081.407s][info][gc,phases      ] GC(326)   Merge Heap Roots: 0.63ms
[3081.407s][info][gc,phases      ] GC(326)   Evacuate Collection Set: 143.42ms
[3081.407s][info][gc,phases      ] GC(326)   Post Evacuate Collection Set: 0.99ms
[3081.407s][info][gc,phases      ] GC(326)   Other: 0.08ms
[3081.407s][info][gc,heap        ] GC(326) Eden regions: 553->0(546)
[3081.407s][info][gc,heap        ] GC(326) Survivor regions: 43->43(75)
[3081.407s][info][gc,heap        ] GC(326) Old regions: 300->307
[3081.407s][info][gc,heap        ] GC(326) Humongous regions: 33->33
[3081.407s][info][gc,metaspace   ] GC(326) Metaspace: 29986K(30144K)->29986K(30144K) NonClass: 29986K(30144K)->29986K(30144K) Class: 0K(0K)->0K(0K)
[3081.407s][info][gc             ] GC(326) Pause Young (Normal) (G1 Evacuation Pause) 7419M->3047M(8192M) 145.544ms
[3081.407s][info][gc,cpu         ] GC(326) User=1.15s Sys=0.00s Real=0.14s
.........[3089.623s][info][gc,start       ] GC(327) Pause Young (Normal) (G1 Evacuation Pause)
[3089.623s][info][gc,task        ] GC(327) Using 8 workers of 8 for evacuation
[3089.770s][info][gc,phases      ] GC(327)   Pre Evacuate Collection Set: 0.25ms
[3089.770s][info][gc,phases      ] GC(327)   Merge Heap Roots: 0.51ms
[3089.770s][info][gc,phases      ] GC(327)   Evacuate Collection Set: 145.33ms
[3089.770s][info][gc,phases      ] GC(327)   Post Evacuate Collection Set: 0.98ms
[3089.770s][info][gc,phases      ] GC(327)   Other: 0.07ms
[3089.770s][info][gc,heap        ] GC(327) Eden regions: 546->0(538)
[3089.770s][info][gc,heap        ] GC(327) Survivor regions: 43->43(74)
[3089.770s][info][gc,heap        ] GC(327) Old regions: 307->315
[3089.770s][info][gc,heap        ] GC(327) Humongous regions: 33->33
[3089.770s][info][gc,metaspace   ] GC(327) Metaspace: 29986K(30144K)->29986K(30144K) NonClass: 29986K(30144K)->29986K(30144K) Class: 0K(0K)->0K(0K)
[3089.770s][info][gc             ] GC(327) Pause Young (Normal) (G1 Evacuation Pause) 7415M->3109M(8192M) 147.264ms
[3089.770s][info][gc,cpu         ] GC(327) User=1.16s Sys=0.00s Real=0.15s
........[3097.745s][info][gc,start       ] GC(328) Pause Young (Normal) (G1 Evacuation Pause)
[3097.745s][info][gc,task        ] GC(328) Using 8 workers of 8 for evacuation
[3097.887s][info][gc,phases      ] GC(328)   Pre Evacuate Collection Set: 0.25ms
[3097.887s][info][gc,phases      ] GC(328)   Merge Heap Roots: 0.49ms
[3097.887s][info][gc,phases      ] GC(328)   Evacuate Collection Set: 140.58ms
[3097.887s][info][gc,phases      ] GC(328)   Post Evacuate Collection Set: 1.00ms
[3097.887s][info][gc,phases      ] GC(328)   Other: 0.06ms
[3097.887s][info][gc,heap        ] GC(328) Eden regions: 538->0(535)
[3097.887s][info][gc,heap        ] GC(328) Survivor regions: 43->41(73)
[3097.887s][info][gc,heap        ] GC(328) Old regions: 315->322
[3097.887s][info][gc,heap        ] GC(328) Humongous regions: 33->33
[3097.887s][info][gc,metaspace   ] GC(328) Metaspace: 29986K(30144K)->29986K(30144K) NonClass: 29986K(30144K)->29986K(30144K) Class: 0K(0K)->0K(0K)
[3097.887s][info][gc             ] GC(328) Pause Young (Normal) (G1 Evacuation Pause) 7413M->3151M(8192M) 142.501ms
[3097.887s][info][gc,cpu         ] GC(328) User=1.13s Sys=0.00s Real=0.14s
........[3106.019s][info][gc,start       ] GC(329) Pause Young (Normal) (G1 Evacuation Pause)
[3106.019s][info][gc,task        ] GC(329) Using 8 workers of 8 for evacuation
[3106.162s][info][gc,phases      ] GC(329)   Pre Evacuate Collection Set: 0.28ms
[3106.162s][info][gc,phases      ] GC(329)   Merge Heap Roots: 0.59ms
[3106.162s][info][gc,phases      ] GC(329)   Evacuate Collection Set: 141.17ms
[3106.162s][info][gc,phases      ] GC(329)   Post Evacuate Collection Set: 0.99ms
[3106.162s][info][gc,phases      ] GC(329)   Other: 0.06ms
[3106.162s][info][gc,heap        ] GC(329) Eden regions: 535->0(527)
[3106.162s][info][gc,heap        ] GC(329) Survivor regions: 41->41(72)
[3106.162s][info][gc,heap        ] GC(329) Old regions: 322->330
[3106.162s][info][gc,heap        ] GC(329) Humongous regions: 33->33
[3106.162s][info][gc,metaspace   ] GC(329) Metaspace: 29986K(30144K)->29986K(30144K) NonClass: 29986K(30144K)->29986K(30144K) Class: 0K(0K)->0K(0K)
[3106.162s][info][gc             ] GC(329) Pause Young (Normal) (G1 Evacuation Pause) 7431M->3209M(8192M) 143.236ms
[3106.162s][info][gc,cpu         ] GC(329) User=1.14s Sys=0.00s Real=0.15s
....... (rIR:aIR:PR = 4428:4427:4427) (tPR = 65945) [OK] 
  3112s: Performance info:
         Transaction,    Success,    Partial,     Failed,   Receipts, AvgBarcode, 
             Overall,     265877,          0,          0,     252592,      59.48, 
         Response times:
             Request,    Success,    Partial,     Failed,   SkipFail,     Probes,    Samples,      min,      p50,      p90,      p95,      p99,      max, 
       TotalPurchase,     252592,          0,          0,          0,     247120,     269872,      300,     2800,     4900,     5500,    22000,   225000,
     InStorePurchase,     132942,          0,          0,          0,     130196,     142074,      300,     2800,     4900,     5500,    22000,   225000,
      OnlinePurchase,      93027,          0,          0,          0,      91090,      99416,      300,     2800,     4900,     5600,    21000,   224000,
        InstPurchase,      26623,          0,          0,          0,      25834,      28382,      500,     3100,     5000,     5600,    25000,   225000,
          AssocOfCat,        266,          0,          0,          0,        210,        287,    23000,    30000,    37000,    41000,    45000,    48000,
      AssocOfProduct,       2654,          0,          0,          0,       2391,       2779,      700,     3100,     5100,     5700,    19580,   154000,
      BusinessReport,        665,          0,          0,          0,        565,        725,    21000,    32000,    42000,    49000,    73480,   185000,
          CustBuyBeh,       2654,          0,          0,          0,       2452,       2847,      200,     2700,     4700,     5300,    26000,   224000,
       ProductReturn,       7047,          0,          0,          0,       6683,       7490,      200,     2800,     4800,     5500,    25000,   151000,

  3112s: (33%)   IR =   4566 .[3113.974s][info][gc,start       ] GC(330) Pause Young (Concurrent Start) (G1 Evacuation Pause)
[3113.974s][info][gc,task        ] GC(330) Using 8 workers of 8 for evacuation
[3114.119s][info][gc,phases      ] GC(330)   Pre Evacuate Collection Set: 0.31ms
[3114.119s][info][gc,phases      ] GC(330)   Merge Heap Roots: 0.50ms
[3114.119s][info][gc,phases      ] GC(330)   Evacuate Collection Set: 143.75ms
[3114.119s][info][gc,phases      ] GC(330)   Post Evacuate Collection Set: 1.01ms
[3114.119s][info][gc,phases      ] GC(330)   Other: 0.09ms
[3114.119s][info][gc,heap        ] GC(330) Eden regions: 527->0(518)
[3114.119s][info][gc,heap        ] GC(330) Survivor regions: 41->42(71)
[3114.119s][info][gc,heap        ] GC(330) Old regions: 330->337
[3114.119s][info][gc,heap        ] GC(330) Humongous regions: 33->33
[3114.119s][info][gc,metaspace   ] GC(330) Metaspace: 29986K(30144K)->29986K(30144K) NonClass: 29986K(30144K)->29986K(30144K) Class: 0K(0K)->0K(0K)
[3114.119s][info][gc             ] GC(330) Pause Young (Concurrent Start) (G1 Evacuation Pause) 7425M->3278M(8192M) 145.792ms
[3114.120s][info][gc             ] GC(331) Concurrent Mark Cycle
[3114.120s][info][gc,marking     ] GC(331) Concurrent Scan Root Regions
[3114.120s][info][gc,cpu         ] GC(330) User=1.15s Sys=0.00s Real=0.14s
[3114.378s][info][gc,marking     ] GC(331) Concurrent Scan Root Regions 258.067ms
[3114.378s][info][gc,marking     ] GC(331) Concurrent Mark
[3114.378s][info][gc,marking     ] GC(331) Concurrent Mark From Roots
[3114.378s][info][gc,task        ] GC(331) Using 2 workers of 2 for marking
.[3114.896s][info][gc,marking     ] GC(331) Concurrent Mark From Roots 518.193ms
[3114.896s][info][gc,marking     ] GC(331) Concurrent Preclean
[3114.896s][info][gc,marking     ] GC(331) Concurrent Preclean 0.097ms
[3114.896s][info][gc,start       ] GC(331) Pause Remark
[3114.898s][info][gc             ] GC(331) Pause Remark 3818M->3066M(8192M) 2.270ms
[3114.898s][info][gc,cpu         ] GC(331) User=0.01s Sys=0.00s Real=0.00s
[3114.898s][info][gc,marking     ] GC(331) Concurrent Mark 520.847ms
[3114.899s][info][gc,marking     ] GC(331) Concurrent Rebuild Remembered Sets and Scrub Regions
[3115.280s][info][gc,marking     ] GC(331) Concurrent Rebuild Remembered Sets and Scrub Regions 381.572ms
[3115.280s][info][gc,start       ] GC(331) Pause Cleanup
[3115.281s][info][gc             ] GC(331) Pause Cleanup 3263M->3263M(8192M) 0.327ms
[3115.281s][info][gc,cpu         ] GC(331) User=0.00s Sys=0.00s Real=0.00s
[3115.281s][info][gc,marking     ] GC(331) Concurrent Clear Claimed Marks
[3115.281s][info][gc,marking     ] GC(331) Concurrent Clear Claimed Marks 0.050ms
[3115.281s][info][gc,marking     ] GC(331) Concurrent Cleanup for Next Mark
[3115.289s][info][gc,marking     ] GC(331) Concurrent Cleanup for Next Mark 7.922ms
[3115.289s][info][gc             ] GC(331) Concurrent Mark Cycle 1169.135ms
....|...[3121.597s][info][gc,start       ] GC(332) Pause Young (Prepare Mixed) (G1 Evacuation Pause)
[3121.597s][info][gc,task        ] GC(332) Using 8 workers of 8 for evacuation
[3121.740s][info][gc,phases      ] GC(332)   Pre Evacuate Collection Set: 0.27ms
[3121.740s][info][gc,phases      ] GC(332)   Merge Heap Roots: 0.63ms
[3121.740s][info][gc,phases      ] GC(332)   Evacuate Collection Set: 140.57ms
[3121.740s][info][gc,phases      ] GC(332)   Post Evacuate Collection Set: 1.08ms
[3121.740s][info][gc,phases      ] GC(332)   Other: 0.08ms
[3121.740s][info][gc,heap        ] GC(332) Eden regions: 518->0(573)
[3121.740s][info][gc,heap        ] GC(332) Survivor regions: 42->41(70)
[3121.740s][info][gc,heap        ] GC(332) Old regions: 243->251
[3121.740s][info][gc,heap        ] GC(332) Humongous regions: 33->33
[3121.740s][info][gc,metaspace   ] GC(332) Metaspace: 29986K(30144K)->29986K(30144K) NonClass: 29986K(30144K)->29986K(30144K) Class: 0K(0K)->0K(0K)
[3121.740s][info][gc             ] GC(332) Pause Young (Prepare Mixed) (G1 Evacuation Pause) 6670M->2581M(8192M) 142.769ms
[3121.740s][info][gc,cpu         ] GC(332) User=1.13s Sys=0.00s Real=0.15s
........[3130.037s][info][gc,start       ] GC(333) Pause Young (Mixed) (G1 Evacuation Pause)
[3130.037s][info][gc,task        ] GC(333) Using 8 workers of 8 for evacuation
[3130.184s][info][gc,phases      ] GC(333)   Pre Evacuate Collection Set: 0.29ms
[3130.184s][info][gc,phases      ] GC(333)   Merge Heap Roots: 0.76ms
[3130.184s][info][gc,phases      ] GC(333)   Evacuate Collection Set: 144.38ms
[3130.184s][info][gc,phases      ] GC(333)   Post Evacuate Collection Set: 1.26ms
[3130.184s][info][gc,phases      ] GC(333)   Other: 0.08ms
[3130.184s][info][gc,heap        ] GC(333) Eden regions: 573->0(572)
[3130.184s][info][gc,heap        ] GC(333) Survivor regions: 41->42(77)
[3130.184s][info][gc,heap        ] GC(333) Old regions: 251->156
[3130.184s][info][gc,heap        ] GC(333) Humongous regions: 33->33
[3130.184s][info][gc,metaspace   ] GC(333) Metaspace: 29986K(30144K)->29986K(30144K) NonClass: 29986K(30144K)->29986K(30144K) Class: 0K(0K)->0K(0K)
[3130.184s][info][gc             ] GC(333) Pause Young (Mixed) (G1 Evacuation Pause) 7165M->1825M(8192M) 146.901ms
[3130.184s][info][gc,cpu         ] GC(333) User=1.16s Sys=0.00s Real=0.15s
.........[3138.547s][info][gc,start       ] GC(334) Pause Young (Mixed) (G1 Evacuation Pause)
[3138.547s][info][gc,task        ] GC(334) Using 8 workers of 8 for evacuation
[3138.699s][info][gc,phases      ] GC(334)   Pre Evacuate Collection Set: 0.30ms
[3138.699s][info][gc,phases      ] GC(334)   Merge Heap Roots: 0.85ms
[3138.699s][info][gc,phases      ] GC(334)   Evacuate Collection Set: 149.29ms
[3138.699s][info][gc,phases      ] GC(334)   Post Evacuate Collection Set: 1.06ms
[3138.699s][info][gc,phases      ] GC(334)   Other: 0.07ms
[3138.699s][info][gc,heap        ] GC(334) Eden regions: 572->0(571)
[3138.699s][info][gc,heap        ] GC(334) Survivor regions: 42->43(77)
[3138.699s][info][gc,heap        ] GC(334) Old regions: 156->142
[3138.699s][info][gc,heap        ] GC(334) Humongous regions: 33->33
[3138.699s][info][gc,metaspace   ] GC(334) Metaspace: 29986K(30144K)->29986K(30144K) NonClass: 29986K(30144K)->29986K(30144K) Class: 0K(0K)->0K(0K)
[3138.699s][info][gc             ] GC(334) Pause Young (Mixed) (G1 Evacuation Pause) 6401M->1731M(8192M) 151.705ms
[3138.699s][info][gc,cpu         ] GC(334) User=1.20s Sys=0.00s Real=0.15s
........[3146.932s][info][gc,start       ] GC(335) Pause Young (Normal) (G1 Evacuation Pause)
[3146.932s][info][gc,task        ] GC(335) Using 8 workers of 8 for evacuation
[3147.078s][info][gc,phases      ] GC(335)   Pre Evacuate Collection Set: 0.28ms
[3147.078s][info][gc,phases      ] GC(335)   Merge Heap Roots: 0.63ms
[3147.078s][info][gc,phases      ] GC(335)   Evacuate Collection Set: 143.55ms
[3147.078s][info][gc,phases      ] GC(335)   Post Evacuate Collection Set: 1.03ms
[3147.078s][info][gc,phases      ] GC(335)   Other: 0.07ms
[3147.078s][info][gc,heap        ] GC(335) Eden regions: 571->0(571)
[3147.078s][info][gc,heap        ] GC(335) Survivor regions: 43->43(77)
[3147.078s][info][gc,heap        ] GC(335) Old regions: 142->150
[3147.078s][info][gc,heap        ] GC(335) Humongous regions: 33->33
[3147.078s][info][gc,metaspace   ] GC(335) Metaspace: 29986K(30144K)->29986K(30144K) NonClass: 29986K(30144K)->29986K(30144K) Class: 0K(0K)->0K(0K)
[3147.078s][info][gc             ] GC(335) Pause Young (Normal) (G1 Evacuation Pause) 6299M->1786M(8192M) 145.703ms
[3147.078s][info][gc,cpu         ] GC(335) User=1.16s Sys=0.00s Real=0.14s
........[3155.372s][info][gc,start       ] GC(336) Pause Young (Normal) (G1 Evacuation Pause)
[3155.372s][info][gc,task        ] GC(336) Using 8 workers of 8 for evacuation
[3155.516s][info][gc,phases      ] GC(336)   Pre Evacuate Collection Set: 0.25ms
[3155.516s][info][gc,phases      ] GC(336)   Merge Heap Roots: 0.57ms
[3155.516s][info][gc,phases      ] GC(336)   Evacuate Collection Set: 141.99ms
[3155.516s][info][gc,phases      ] GC(336)   Post Evacuate Collection Set: 1.08ms
[3155.516s][info][gc,phases      ] GC(336)   Other: 0.07ms
[3155.516s][info][gc,heap        ] GC(336) Eden regions: 571->0(572)
[3155.516s][info][gc,heap        ] GC(336) Survivor regions: 43->42(77)
[3155.516s][info][gc,heap        ] GC(336) Old regions: 150->157
[3155.516s][info][gc,heap        ] GC(336) Humongous regions: 33->33
[3155.516s][info][gc,metaspace   ] GC(336) Metaspace: 29986K(30144K)->29986K(30144K) NonClass: 29986K(30144K)->29986K(30144K) Class: 0K(0K)->0K(0K)
[3155.516s][info][gc             ] GC(336) Pause Young (Normal) (G1 Evacuation Pause) 6354M->1834M(8192M) 144.095ms
[3155.517s][info][gc,cpu         ] GC(336) User=1.14s Sys=0.00s Real=0.14s
.........[3163.872s][info][gc,start       ] GC(337) Pause Young (Normal) (G1 Evacuation Pause)
[3163.872s][info][gc,task        ] GC(337) Using 8 workers of 8 for evacuation
[3164.017s][info][gc,phases      ] GC(337)   Pre Evacuate Collection Set: 0.26ms
[3164.017s][info][gc,phases      ] GC(337)   Merge Heap Roots: 0.50ms
[3164.017s][info][gc,phases      ] GC(337)   Evacuate Collection Set: 143.20ms
[3164.017s][info][gc,phases      ] GC(337)   Post Evacuate Collection Set: 1.05ms
[3164.017s][info][gc,phases      ] GC(337)   Other: 0.06ms
[3164.017s][info][gc,heap        ] GC(337) Eden regions: 572->0(571)
[3164.017s][info][gc,heap        ] GC(337) Survivor regions: 42->43(77)
[3164.017s][info][gc,heap        ] GC(337) Old regions: 157->164
[3164.017s][info][gc,heap        ] GC(337) Humongous regions: 33->33
[3164.017s][info][gc,metaspace   ] GC(337) Metaspace: 29986K(30144K)->29986K(30144K) NonClass: 29986K(30144K)->29986K(30144K) Class: 0K(0K)->0K(0K)
[3164.017s][info][gc             ] GC(337) Pause Young (Normal) (G1 Evacuation Pause) 6410M->1902M(8192M) 145.205ms
[3164.017s][info][gc,cpu         ] GC(337) User=1.15s Sys=0.00s Real=0.14s
........[3172.251s][info][gc,start       ] GC(338) Pause Young (Normal) (G1 Evacuation Pause)
[3172.251s][info][gc,task        ] GC(338) Using 8 workers of 8 for evacuation
[3172.395s][info][gc,phases      ] GC(338)   Pre Evacuate Collection Set: 0.25ms
[3172.395s][info][gc,phases      ] GC(338)   Merge Heap Roots: 0.57ms
[3172.395s][info][gc,phases      ] GC(338)   Evacuate Collection Set: 141.61ms
[3172.395s][info][gc,phases      ] GC(338)   Post Evacuate Collection Set: 1.01ms
[3172.395s][info][gc,phases      ] GC(338)   Other: 0.07ms
[3172.395s][info][gc,heap        ] GC(338) Eden regions: 571->0(571)
[3172.395s][info][gc,heap        ] GC(338) Survivor regions: 43->43(77)
[3172.395s][info][gc,heap        ] GC(338) Old regions: 164->171
[3172.395s][info][gc,heap        ] GC(338) Humongous regions: 33->33
[3172.395s][info][gc,metaspace   ] GC(338) Metaspace: 29986K(30144K)->29986K(30144K) NonClass: 29986K(30144K)->29986K(30144K) Class: 0K(0K)->0K(0K)
[3172.395s][info][gc             ] GC(338) Pause Young (Normal) (G1 Evacuation Pause) 6470M->1954M(8192M) 143.663ms
[3172.395s][info][gc,cpu         ] GC(338) User=1.13s Sys=0.00s Real=0.14s
....... (rIR:aIR:PR = 4566:4567:4567) (tPR = 68497) [OK] 
  3178s: Performance info:
         Transaction,    Success,    Partial,     Failed,   Receipts, AvgBarcode, 
             Overall,     274286,          0,          0,     260560,      59.48, 
         Response times:
             Request,    Success,    Partial,     Failed,   SkipFail,     Probes,    Samples,      min,      p50,      p90,      p95,      p99,      max, 
       TotalPurchase,     260560,          0,          0,          0,     256178,     283380,      300,     2900,     5100,     5800,    28000,   334000,
     InStorePurchase,     137097,          0,          0,          0,     135256,     149431,      400,     2800,     5000,     5700,    29000,   334000,
      OnlinePurchase,      96065,          0,          0,          0,      94179,     103903,      300,     2900,     5100,     5800,    27000,   333000,
        InstPurchase,      27398,          0,          0,          0,      26743,      30046,      500,     3100,     5200,     5900,    27000,   178000,
          AssocOfCat,        273,          0,          0,          0,        199,        279,    21000,    31000,    41000,    56000,   194800,   397000,
      AssocOfProduct,       2751,          0,          0,          0,       2532,       3047,      500,     3600,     5500,     6200,    34000,   333000,
      BusinessReport,        688,          0,          0,          0,        614,        778,    26000,    32000,    44000,    49000,    77000,   197000,
          CustBuyBeh,       2746,          0,          0,          0,       2521,       2960,      300,     3000,     4900,     5800,    40000,   152000,
       ProductReturn,       7268,          0,          0,          0,       6919,       7835,      200,     2600,     4800,     5400,    30000,   333000,

  3178s: (34%)   IR =   4705 ..[3180.732s][info][gc,start       ] GC(339) Pause Young (Normal) (G1 Evacuation Pause)
[3180.732s][info][gc,task        ] GC(339) Using 8 workers of 8 for evacuation
[3180.880s][info][gc,phases      ] GC(339)   Pre Evacuate Collection Set: 0.30ms
[3180.880s][info][gc,phases      ] GC(339)   Merge Heap Roots: 0.51ms
[3180.880s][info][gc,phases      ] GC(339)   Evacuate Collection Set: 146.02ms
[3180.880s][info][gc,phases      ] GC(339)   Post Evacuate Collection Set: 1.02ms
[3180.880s][info][gc,phases      ] GC(339)   Other: 0.06ms
[3180.880s][info][gc,heap        ] GC(339) Eden regions: 571->0(571)
[3180.880s][info][gc,heap        ] GC(339) Survivor regions: 43->43(77)
[3180.880s][info][gc,heap        ] GC(339) Old regions: 171->178
[3180.880s][info][gc,heap        ] GC(339) Humongous regions: 33->33
[3180.880s][info][gc,metaspace   ] GC(339) Metaspace: 29986K(30144K)->29986K(30144K) NonClass: 29986K(30144K)->29986K(30144K) Class: 0K(0K)->0K(0K)
[3180.880s][info][gc             ] GC(339) Pause Young (Normal) (G1 Evacuation Pause) 6522M->2014M(8192M) 148.045ms
[3180.881s][info][gc,cpu         ] GC(339) User=1.17s Sys=0.00s Real=0.15s
..|......[3188.897s][info][gc,start       ] GC(340) Pause Young (Normal) (G1 Evacuation Pause)
[3188.897s][info][gc,task        ] GC(340) Using 8 workers of 8 for evacuation
[3189.042s][info][gc,phases      ] GC(340)   Pre Evacuate Collection Set: 0.28ms
[3189.042s][info][gc,phases      ] GC(340)   Merge Heap Roots: 0.51ms
[3189.042s][info][gc,phases      ] GC(340)   Evacuate Collection Set: 143.62ms
[3189.042s][info][gc,phases      ] GC(340)   Post Evacuate Collection Set: 1.04ms
[3189.042s][info][gc,phases      ] GC(340)   Other: 0.08ms
[3189.042s][info][gc,heap        ] GC(340) Eden regions: 571->0(571)
[3189.042s][info][gc,heap        ] GC(340) Survivor regions: 43->43(77)
[3189.042s][info][gc,heap        ] GC(340) Old regions: 178->185
[3189.042s][info][gc,heap        ] GC(340) Humongous regions: 33->33
[3189.042s][info][gc,metaspace   ] GC(340) Metaspace: 29986K(30144K)->29986K(30144K) NonClass: 29986K(30144K)->29986K(30144K) Class: 0K(0K)->0K(0K)
[3189.042s][info][gc             ] GC(340) Pause Young (Normal) (G1 Evacuation Pause) 6582M->2065M(8192M) 145.706ms
[3189.042s][info][gc,cpu         ] GC(340) User=1.15s Sys=0.00s Real=0.15s
........[3197.116s][info][gc,start       ] GC(341) Pause Young (Normal) (G1 Evacuation Pause)
[3197.116s][info][gc,task        ] GC(341) Using 8 workers of 8 for evacuation
[3197.260s][info][gc,phases      ] GC(341)   Pre Evacuate Collection Set: 0.26ms
[3197.260s][info][gc,phases      ] GC(341)   Merge Heap Roots: 0.50ms
[3197.260s][info][gc,phases      ] GC(341)   Evacuate Collection Set: 141.78ms
[3197.260s][info][gc,phases      ] GC(341)   Post Evacuate Collection Set: 1.04ms
[3197.260s][info][gc,phases      ] GC(341)   Other: 0.07ms
[3197.260s][info][gc,heap        ] GC(341) Eden regions: 571->0(572)
[3197.260s][info][gc,heap        ] GC(341) Survivor regions: 43->42(77)
[3197.260s][info][gc,heap        ] GC(341) Old regions: 185->192
[3197.260s][info][gc,heap        ] GC(341) Humongous regions: 33->33
[3197.260s][info][gc,metaspace   ] GC(341) Metaspace: 29986K(30144K)->29986K(30144K) NonClass: 29986K(30144K)->29986K(30144K) Class: 0K(0K)->0K(0K)
[3197.260s][info][gc             ] GC(341) Pause Young (Normal) (G1 Evacuation Pause) 6633M->2113M(8192M) 143.787ms
[3197.260s][info][gc,cpu         ] GC(341) User=1.14s Sys=0.00s Real=0.15s
........[3205.294s][info][gc,start       ] GC(342) Pause Young (Normal) (G1 Evacuation Pause)
[3205.294s][info][gc,task        ] GC(342) Using 8 workers of 8 for evacuation
[3205.438s][info][gc,phases      ] GC(342)   Pre Evacuate Collection Set: 0.27ms
[3205.438s][info][gc,phases      ] GC(342)   Merge Heap Roots: 0.50ms
[3205.438s][info][gc,phases      ] GC(342)   Evacuate Collection Set: 142.08ms
[3205.438s][info][gc,phases      ] GC(342)   Post Evacuate Collection Set: 1.04ms
[3205.438s][info][gc,phases      ] GC(342)   Other: 0.08ms
[3205.438s][info][gc,heap        ] GC(342) Eden regions: 572->0(571)
[3205.438s][info][gc,heap        ] GC(342) Survivor regions: 42->43(77)
[3205.438s][info][gc,heap        ] GC(342) Old regions: 192->198
[3205.438s][info][gc,heap        ] GC(342) Humongous regions: 33->33
[3205.438s][info][gc,metaspace   ] GC(342) Metaspace: 29986K(30144K)->29986K(30144K) NonClass: 29986K(30144K)->29986K(30144K) Class: 0K(0K)->0K(0K)
[3205.438s][info][gc             ] GC(342) Pause Young (Normal) (G1 Evacuation Pause) 6689M->2175M(8192M) 144.113ms
[3205.438s][info][gc,cpu         ] GC(342) User=1.14s Sys=0.01s Real=0.14s
........[3213.474s][info][gc,start       ] GC(343) Pause Young (Normal) (G1 Evacuation Pause)
[3213.474s][info][gc,task        ] GC(343) Using 8 workers of 8 for evacuation
[3213.618s][info][gc,phases      ] GC(343)   Pre Evacuate Collection Set: 0.26ms
[3213.618s][info][gc,phases      ] GC(343)   Merge Heap Roots: 0.50ms
[3213.618s][info][gc,phases      ] GC(343)   Evacuate Collection Set: 142.14ms
[3213.618s][info][gc,phases      ] GC(343)   Post Evacuate Collection Set: 1.06ms
[3213.618s][info][gc,phases      ] GC(343)   Other: 0.06ms
[3213.618s][info][gc,heap        ] GC(343) Eden regions: 571->0(571)
[3213.618s][info][gc,heap        ] GC(343) Survivor regions: 43->43(77)
[3213.618s][info][gc,heap        ] GC(343) Old regions: 198->205
[3213.618s][info][gc,heap        ] GC(343) Humongous regions: 33->33
[3213.618s][info][gc,metaspace   ] GC(343) Metaspace: 29986K(30144K)->29986K(30144K) NonClass: 29986K(30144K)->29986K(30144K) Class: 0K(0K)->0K(0K)
[3213.618s][info][gc             ] GC(343) Pause Young (Normal) (G1 Evacuation Pause) 6743M->2235M(8192M) 144.161ms
[3213.618s][info][gc,cpu         ] GC(343) User=1.14s Sys=0.00s Real=0.14s
.........[3221.705s][info][gc,start       ] GC(344) Pause Young (Normal) (G1 Evacuation Pause)
[3221.705s][info][gc,task        ] GC(344) Using 8 workers of 8 for evacuation
[3221.852s][info][gc,phases      ] GC(344)   Pre Evacuate Collection Set: 0.28ms
[3221.852s][info][gc,phases      ] GC(344)   Merge Heap Roots: 0.60ms
[3221.852s][info][gc,phases      ] GC(344)   Evacuate Collection Set: 145.64ms
[3221.853s][info][gc,phases      ] GC(344)   Post Evacuate Collection Set: 1.03ms
[3221.853s][info][gc,phases      ] GC(344)   Other: 0.06ms
[3221.853s][info][gc,heap        ] GC(344) Eden regions: 571->0(570)
[3221.853s][info][gc,heap        ] GC(344) Survivor regions: 43->44(77)
[3221.853s][info][gc,heap        ] GC(344) Old regions: 205->212
[3221.853s][info][gc,heap        ] GC(344) Humongous regions: 33->33
[3221.853s][info][gc,metaspace   ] GC(344) Metaspace: 29986K(30144K)->29986K(30144K) NonClass: 29986K(30144K)->29986K(30144K) Class: 0K(0K)->0K(0K)
[3221.853s][info][gc             ] GC(344) Pause Young (Normal) (G1 Evacuation Pause) 6803M->2299M(8192M) 147.755ms
[3221.853s][info][gc,cpu         ] GC(344) User=1.16s Sys=0.00s Real=0.15s
........[3229.867s][info][gc,start       ] GC(345) Pause Young (Normal) (G1 Evacuation Pause)
[3229.867s][info][gc,task        ] GC(345) Using 8 workers of 8 for evacuation
[3230.012s][info][gc,phases      ] GC(345)   Pre Evacuate Collection Set: 0.24ms
[3230.012s][info][gc,phases      ] GC(345)   Merge Heap Roots: 0.54ms
[3230.012s][info][gc,phases      ] GC(345)   Evacuate Collection Set: 143.41ms
[3230.013s][info][gc,phases      ] GC(345)   Post Evacuate Collection Set: 1.03ms
[3230.013s][info][gc,phases      ] GC(345)   Other: 0.07ms
[3230.013s][info][gc,heap        ] GC(345) Eden regions: 570->0(571)
[3230.013s][info][gc,heap        ] GC(345) Survivor regions: 44->43(77)
[3230.013s][info][gc,heap        ] GC(345) Old regions: 212->219
[3230.013s][info][gc,heap        ] GC(345) Humongous regions: 33->33
[3230.013s][info][gc,metaspace   ] GC(345) Metaspace: 29986K(30144K)->29986K(30144K) NonClass: 29986K(30144K)->29986K(30144K) Class: 0K(0K)->0K(0K)
[3230.013s][info][gc             ] GC(345) Pause Young (Normal) (G1 Evacuation Pause) 6859M->2347M(8192M) 145.432ms
[3230.013s][info][gc,cpu         ] GC(345) User=1.15s Sys=0.00s Real=0.15s
........[3238.066s][info][gc,start       ] GC(346) Pause Young (Normal) (G1 Evacuation Pause)
[3238.066s][info][gc,task        ] GC(346) Using 8 workers of 8 for evacuation
[3238.209s][info][gc,phases      ] GC(346)   Pre Evacuate Collection Set: 0.27ms
[3238.209s][info][gc,phases      ] GC(346)   Merge Heap Roots: 0.50ms
[3238.209s][info][gc,phases      ] GC(346)   Evacuate Collection Set: 141.38ms
[3238.209s][info][gc,phases      ] GC(346)   Post Evacuate Collection Set: 1.03ms
[3238.209s][info][gc,phases      ] GC(346)   Other: 0.06ms
[3238.209s][info][gc,heap        ] GC(346) Eden regions: 571->0(572)
[3238.209s][info][gc,heap        ] GC(346) Survivor regions: 43->42(77)
[3238.209s][info][gc,heap        ] GC(346) Old regions: 219->226
[3238.209s][info][gc,heap        ] GC(346) Humongous regions: 33->33
[3238.209s][info][gc,metaspace   ] GC(346) Metaspace: 29986K(30144K)->29986K(30144K) NonClass: 29986K(30144K)->29986K(30144K) Class: 0K(0K)->0K(0K)
[3238.209s][info][gc             ] GC(346) Pause Young (Normal) (G1 Evacuation Pause) 6915M->2391M(8192M) 143.382ms
[3238.209s][info][gc,cpu         ] GC(346) User=1.13s Sys=0.00s Real=0.14s
..... (rIR:aIR:PR = 4705:4705:4705) (tPR = 69882) [OK] 
  3242s: Performance info:
         Transaction,    Success,    Partial,     Failed,   Receipts, AvgBarcode, 
             Overall,     282574,          0,          0,     268426,      59.47, 
         Response times:
             Request,    Success,    Partial,     Failed,   SkipFail,     Probes,    Samples,      min,      p50,      p90,      p95,      p99,      max, 
       TotalPurchase,     268428,          0,          0,          0,     262902,     281953,      300,     3000,     5200,     6000,    30000,   160000,
     InStorePurchase,     141289,          0,          0,          0,     138337,     147898,      400,     3000,     5200,     6000,    30000,   156000,
      OnlinePurchase,      98902,          0,          0,          0,      97080,     104238,      300,     3000,     5300,     6000,    29000,   160000,
        InstPurchase,      28237,          0,          0,          0,      27485,      29817,      500,     3000,     5200,     6000,    29000,   156000,
          AssocOfCat,        285,          0,          0,          0,        222,        290,    19800,    30500,    37000,    39900,    57520,    86000,
      AssocOfProduct,       2824,          0,          0,          0,       2616,       2999,      400,     2600,     5600,     6400,    17300,    70000,
      BusinessReport,        709,          0,          0,          0,        614,        757,    21000,    32000,    44000,    51000,   110680,   200000,
          CustBuyBeh,       2826,          0,          0,          0,       2621,       3075,      200,     2400,     4900,     5620,    27000,   151000,
       ProductReturn,       7504,          0,          0,          0,       7113,       7883,      200,     2500,     4800,     5500,    32000,   155000,

  3242s: (35%)   IR =   4843 ...[3246.160s][info][gc,start       ] GC(347) Pause Young (Normal) (G1 Evacuation Pause)
[3246.160s][info][gc,task        ] GC(347) Using 8 workers of 8 for evacuation
[3246.304s][info][gc,phases      ] GC(347)   Pre Evacuate Collection Set: 0.27ms
[3246.304s][info][gc,phases      ] GC(347)   Merge Heap Roots: 0.59ms
[3246.304s][info][gc,phases      ] GC(347)   Evacuate Collection Set: 141.95ms
[3246.304s][info][gc,phases      ] GC(347)   Post Evacuate Collection Set: 1.03ms
[3246.304s][info][gc,phases      ] GC(347)   Other: 0.06ms
[3246.304s][info][gc,heap        ] GC(347) Eden regions: 572->0(572)
[3246.304s][info][gc,heap        ] GC(347) Survivor regions: 42->42(77)
[3246.304s][info][gc,heap        ] GC(347) Old regions: 226->233
[3246.304s][info][gc,heap        ] GC(347) Humongous regions: 33->33
[3246.304s][info][gc,metaspace   ] GC(347) Metaspace: 29986K(30144K)->29986K(30144K) NonClass: 29986K(30144K)->29986K(30144K) Class: 0K(0K)->0K(0K)
[3246.304s][info][gc             ] GC(347) Pause Young (Normal) (G1 Evacuation Pause) 6967M->2451M(8192M) 144.053ms
[3246.304s][info][gc,cpu         ] GC(347) User=1.14s Sys=0.00s Real=0.14s
...|.....[3254.097s][info][gc,start       ] GC(348) Pause Young (Normal) (G1 Evacuation Pause)
[3254.097s][info][gc,task        ] GC(348) Using 8 workers of 8 for evacuation
[3254.240s][info][gc,phases      ] GC(348)   Pre Evacuate Collection Set: 0.29ms
[3254.240s][info][gc,phases      ] GC(348)   Merge Heap Roots: 0.57ms
[3254.240s][info][gc,phases      ] GC(348)   Evacuate Collection Set: 141.72ms
[3254.240s][info][gc,phases      ] GC(348)   Post Evacuate Collection Set: 1.04ms
[3254.240s][info][gc,phases      ] GC(348)   Other: 0.07ms
[3254.240s][info][gc,heap        ] GC(348) Eden regions: 572->0(572)
[3254.240s][info][gc,heap        ] GC(348) Survivor regions: 42->42(77)
[3254.240s][info][gc,heap        ] GC(348) Old regions: 233->240
[3254.240s][info][gc,heap        ] GC(348) Humongous regions: 33->33
[3254.240s][info][gc,metaspace   ] GC(348) Metaspace: 29986K(30144K)->29986K(30144K) NonClass: 29986K(30144K)->29986K(30144K) Class: 0K(0K)->0K(0K)
[3254.240s][info][gc             ] GC(348) Pause Young (Normal) (G1 Evacuation Pause) 7027M->2503M(8192M) 143.815ms
[3254.240s][info][gc,cpu         ] GC(348) User=1.13s Sys=0.00s Real=0.15s
........[3262.055s][info][gc,start       ] GC(349) Pause Young (Normal) (G1 Evacuation Pause)
[3262.055s][info][gc,task        ] GC(349) Using 8 workers of 8 for evacuation
[3262.201s][info][gc,phases      ] GC(349)   Pre Evacuate Collection Set: 0.28ms
[3262.201s][info][gc,phases      ] GC(349)   Merge Heap Roots: 0.55ms
[3262.201s][info][gc,phases      ] GC(349)   Evacuate Collection Set: 143.22ms
[3262.201s][info][gc,phases      ] GC(349)   Post Evacuate Collection Set: 1.07ms
[3262.201s][info][gc,phases      ] GC(349)   Other: 0.07ms
[3262.201s][info][gc,heap        ] GC(349) Eden regions: 572->0(571)
[3262.201s][info][gc,heap        ] GC(349) Survivor regions: 42->43(77)
[3262.201s][info][gc,heap        ] GC(349) Old regions: 240->247
[3262.201s][info][gc,heap        ] GC(349) Humongous regions: 33->33
[3262.201s][info][gc,metaspace   ] GC(349) Metaspace: 29986K(30144K)->29986K(30144K) NonClass: 29986K(30144K)->29986K(30144K) Class: 0K(0K)->0K(0K)
[3262.201s][info][gc             ] GC(349) Pause Young (Normal) (G1 Evacuation Pause) 7079M->2571M(8192M) 145.322ms
[3262.201s][info][gc,cpu         ] GC(349) User=1.15s Sys=0.00s Real=0.15s
........[3269.954s][info][gc,start       ] GC(350) Pause Young (Normal) (G1 Evacuation Pause)
[3269.954s][info][gc,task        ] GC(350) Using 8 workers of 8 for evacuation
[3270.100s][info][gc,phases      ] GC(350)   Pre Evacuate Collection Set: 0.25ms
[3270.100s][info][gc,phases      ] GC(350)   Merge Heap Roots: 0.50ms
[3270.100s][info][gc,phases      ] GC(350)   Evacuate Collection Set: 144.04ms
[3270.100s][info][gc,phases      ] GC(350)   Post Evacuate Collection Set: 1.03ms
[3270.100s][info][gc,phases      ] GC(350)   Other: 0.06ms
[3270.100s][info][gc,heap        ] GC(350) Eden regions: 571->0(571)
[3270.100s][info][gc,heap        ] GC(350) Survivor regions: 43->43(77)
[3270.100s][info][gc,heap        ] GC(350) Old regions: 247->255
[3270.100s][info][gc,heap        ] GC(350) Humongous regions: 33->33
[3270.100s][info][gc,metaspace   ] GC(350) Metaspace: 29986K(30144K)->29986K(30144K) NonClass: 29986K(30144K)->29986K(30144K) Class: 0K(0K)->0K(0K)
[3270.100s][info][gc             ] GC(350) Pause Young (Normal) (G1 Evacuation Pause) 7139M->2625M(8192M) 146.010ms
[3270.100s][info][gc,cpu         ] GC(350) User=1.16s Sys=0.00s Real=0.15s
........[3278.032s][info][gc,start       ] GC(351) Pause Young (Normal) (G1 Evacuation Pause)
[3278.032s][info][gc,task        ] GC(351) Using 8 workers of 8 for evacuation
[3278.178s][info][gc,phases      ] GC(351)   Pre Evacuate Collection Set: 0.27ms
[3278.178s][info][gc,phases      ] GC(351)   Merge Heap Roots: 0.58ms
[3278.178s][info][gc,phases      ] GC(351)   Evacuate Collection Set: 144.05ms
[3278.178s][info][gc,phases      ] GC(351)   Post Evacuate Collection Set: 1.02ms
[3278.178s][info][gc,phases      ] GC(351)   Other: 0.07ms
[3278.178s][info][gc,heap        ] GC(351) Eden regions: 571->0(570)
[3278.178s][info][gc,heap        ] GC(351) Survivor regions: 43->44(77)
[3278.178s][info][gc,heap        ] GC(351) Old regions: 255->262
[3278.178s][info][gc,heap        ] GC(351) Humongous regions: 33->33
[3278.178s][info][gc,metaspace   ] GC(351) Metaspace: 29986K(30144K)->29986K(30144K) NonClass: 29986K(30144K)->29986K(30144K) Class: 0K(0K)->0K(0K)
[3278.178s][info][gc             ] GC(351) Pause Young (Normal) (G1 Evacuation Pause) 7193M->2689M(8192M) 146.135ms
[3278.178s][info][gc,cpu         ] GC(351) User=1.16s Sys=0.00s Real=0.14s
........[3285.942s][info][gc,start       ] GC(352) Pause Young (Normal) (G1 Evacuation Pause)
[3285.942s][info][gc,task        ] GC(352) Using 8 workers of 8 for evacuation
[3286.090s][info][gc,phases      ] GC(352)   Pre Evacuate Collection Set: 0.24ms
[3286.090s][info][gc,phases      ] GC(352)   Merge Heap Roots: 0.55ms
[3286.090s][info][gc,phases      ] GC(352)   Evacuate Collection Set: 145.63ms
[3286.090s][info][gc,phases      ] GC(352)   Post Evacuate Collection Set: 1.03ms
[3286.090s][info][gc,phases      ] GC(352)   Other: 0.06ms
[3286.090s][info][gc,heap        ] GC(352) Eden regions: 570->0(570)
[3286.090s][info][gc,heap        ] GC(352) Survivor regions: 44->44(77)
[3286.090s][info][gc,heap        ] GC(352) Old regions: 262->268
[3286.090s][info][gc,heap        ] GC(352) Humongous regions: 33->33
[3286.090s][info][gc,metaspace   ] GC(352) Metaspace: 29986K(30144K)->29986K(30144K) NonClass: 29986K(30144K)->29986K(30144K) Class: 0K(0K)->0K(0K)
[3286.090s][info][gc             ] GC(352) Pause Young (Normal) (G1 Evacuation Pause) 7249M->2743M(8192M) 147.657ms
[3286.090s][info][gc,cpu         ] GC(352) User=1.17s Sys=0.00s Real=0.15s
........[3293.864s][info][gc,start       ] GC(353) Pause Young (Normal) (G1 Evacuation Pause)
[3293.864s][info][gc,task        ] GC(353) Using 8 workers of 8 for evacuation
[3294.009s][info][gc,phases      ] GC(353)   Pre Evacuate Collection Set: 0.26ms
[3294.009s][info][gc,phases      ] GC(353)   Merge Heap Roots: 0.51ms
[3294.009s][info][gc,phases      ] GC(353)   Evacuate Collection Set: 143.20ms
[3294.009s][info][gc,phases      ] GC(353)   Post Evacuate Collection Set: 1.04ms
[3294.009s][info][gc,phases      ] GC(353)   Other: 0.07ms
[3294.009s][info][gc,heap        ] GC(353) Eden regions: 570->0(572)
[3294.009s][info][gc,heap        ] GC(353) Survivor regions: 44->42(77)
[3294.009s][info][gc,heap        ] GC(353) Old regions: 268->276
[3294.009s][info][gc,heap        ] GC(353) Humongous regions: 33->33
[3294.009s][info][gc,metaspace   ] GC(353) Metaspace: 29986K(30144K)->29986K(30144K) NonClass: 29986K(30144K)->29986K(30144K) Class: 0K(0K)->0K(0K)
[3294.009s][info][gc             ] GC(353) Pause Young (Normal) (G1 Evacuation Pause) 7303M->2789M(8192M) 145.196ms
[3294.009s][info][gc,cpu         ] GC(353) User=1.15s Sys=0.00s Real=0.14s
........[3301.825s][info][gc,start       ] GC(354) Pause Young (Normal) (G1 Evacuation Pause)
[3301.825s][info][gc,task        ] GC(354) Using 8 workers of 8 for evacuation
[3301.973s][info][gc,phases      ] GC(354)   Pre Evacuate Collection Set: 0.25ms
[3301.973s][info][gc,phases      ] GC(354)   Merge Heap Roots: 0.51ms
[3301.973s][info][gc,phases      ] GC(354)   Evacuate Collection Set: 145.82ms
[3301.973s][info][gc,phases      ] GC(354)   Post Evacuate Collection Set: 1.07ms
[3301.973s][info][gc,phases      ] GC(354)   Other: 0.08ms
[3301.973s][info][gc,heap        ] GC(354) Eden regions: 572->0(570)
[3301.973s][info][gc,heap        ] GC(354) Survivor regions: 42->43(77)
[3301.973s][info][gc,heap        ] GC(354) Old regions: 276->283
[3301.973s][info][gc,heap        ] GC(354) Humongous regions: 33->33
[3301.973s][info][gc,metaspace   ] GC(354) Metaspace: 29987K(30144K)->29987K(30144K) NonClass: 29987K(30144K)->29987K(30144K) Class: 0K(0K)->0K(0K)
[3301.973s][info][gc             ] GC(354) Pause Young (Normal) (G1 Evacuation Pause) 7365M->2853M(8192M) 147.880ms
[3301.973s][info][gc,cpu         ] GC(354) User=1.17s Sys=0.00s Real=0.15s
....... (rIR:aIR:PR = 4843:4844:4844) (tPR = 71779) [OK] 
  3308s: Performance info:
         Transaction,    Success,    Partial,     Failed,   Receipts, AvgBarcode, 
             Overall,     290774,          0,          0,     276234,      59.48, 
         Response times:
             Request,    Success,    Partial,     Failed,   SkipFail,     Probes,    Samples,      min,      p50,      p90,      p95,      p99,      max, 
       TotalPurchase,     276234,          0,          0,          0,     270906,     299488,      300,     3100,     5400,     6100,    26000,   201000,
     InStorePurchase,     145381,          0,          0,          0,     142804,     157381,      400,     3000,     5300,     6000,    27000,   201000,
      OnlinePurchase,     101812,          0,          0,          0,      99889,     110567,      300,     3100,     5400,     6100,    26000,   200000,
        InstPurchase,      29041,          0,          0,          0,      28213,      31540,      500,     2900,     5300,     6000,    25000,   155000,
          AssocOfCat,        292,          0,          0,          0,        222,        292,    22000,    31000,    39000,    47000,    77120,   195000,
      AssocOfProduct,       2907,          0,          0,          0,       2718,       3198,      700,     3500,     5400,     6000,    34000,   153000,
      BusinessReport,        729,          0,          0,          0,        632,        786,    21000,    32000,    41000,    49000,    84260,   187000,
          CustBuyBeh,       2903,          0,          0,          0,       2679,       3193,      200,     1400,     5100,     5830,    17700,   151000,
       ProductReturn,       7709,          0,          0,          0,       7200,       8178,      300,     3300,     5500,     6400,    25000,   155000,

  3308s: (36%)   IR =   4981 [3309.706s][info][gc,start       ] GC(355) Pause Young (Normal) (G1 Evacuation Pause)
[3309.706s][info][gc,task        ] GC(355) Using 8 workers of 8 for evacuation
[3309.852s][info][gc,phases      ] GC(355)   Pre Evacuate Collection Set: 0.25ms
[3309.852s][info][gc,phases      ] GC(355)   Merge Heap Roots: 0.53ms
[3309.852s][info][gc,phases      ] GC(355)   Evacuate Collection Set: 144.00ms
[3309.852s][info][gc,phases      ] GC(355)   Post Evacuate Collection Set: 1.07ms
[3309.852s][info][gc,phases      ] GC(355)   Other: 0.06ms
[3309.852s][info][gc,heap        ] GC(355) Eden regions: 570->0(564)
[3309.852s][info][gc,heap        ] GC(355) Survivor regions: 43->43(77)
[3309.852s][info][gc,heap        ] GC(355) Old regions: 283->289
[3309.852s][info][gc,heap        ] GC(355) Humongous regions: 33->33
[3309.852s][info][gc,metaspace   ] GC(355) Metaspace: 29987K(30144K)->29987K(30144K) NonClass: 29987K(30144K)->29987K(30144K) Class: 0K(0K)->0K(0K)
[3309.852s][info][gc             ] GC(355) Pause Young (Normal) (G1 Evacuation Pause) 7413M->2903M(8192M) 146.036ms
[3309.852s][info][gc,cpu         ] GC(355) User=1.15s Sys=0.00s Real=0.15s
........[3317.387s][info][gc,start       ] GC(356) Pause Young (Normal) (G1 Evacuation Pause)
[3317.387s][info][gc,task        ] GC(356) Using 8 workers of 8 for evacuation
[3317.532s][info][gc,phases      ] GC(356)   Pre Evacuate Collection Set: 0.28ms
[3317.532s][info][gc,phases      ] GC(356)   Merge Heap Roots: 0.58ms
[3317.532s][info][gc,phases      ] GC(356)   Evacuate Collection Set: 143.65ms
[3317.532s][info][gc,phases      ] GC(356)   Post Evacuate Collection Set: 1.06ms
[3317.532s][info][gc,phases      ] GC(356)   Other: 0.07ms
[3317.532s][info][gc,heap        ] GC(356) Eden regions: 564->0(559)
[3317.532s][info][gc,heap        ] GC(356) Survivor regions: 43->42(76)
[3317.532s][info][gc,heap        ] GC(356) Old regions: 289->296
[3317.532s][info][gc,heap        ] GC(356) Humongous regions: 33->33
[3317.532s][info][gc,metaspace   ] GC(356) Metaspace: 29987K(30144K)->29987K(30144K) NonClass: 29987K(30144K)->29987K(30144K) Class: 0K(0K)->0K(0K)
[3317.532s][info][gc             ] GC(356) Pause Young (Normal) (G1 Evacuation Pause) 7415M->2955M(8192M) 145.774ms
[3317.533s][info][gc,cpu         ] GC(356) User=1.15s Sys=0.00s Real=0.15s
........[3324.927s][info][gc,start       ] GC(357) Pause Young (Normal) (G1 Evacuation Pause)
[3324.927s][info][gc,task        ] GC(357) Using 8 workers of 8 for evacuation
[3325.072s][info][gc,phases      ] GC(357)   Pre Evacuate Collection Set: 0.24ms
[3325.072s][info][gc,phases      ] GC(357)   Merge Heap Roots: 0.51ms
[3325.072s][info][gc,phases      ] GC(357)   Evacuate Collection Set: 143.58ms
[3325.072s][info][gc,phases      ] GC(357)   Post Evacuate Collection Set: 1.03ms
[3325.072s][info][gc,phases      ] GC(357)   Other: 0.06ms
[3325.072s][info][gc,heap        ] GC(357) Eden regions: 559->0(549)
[3325.072s][info][gc,heap        ] GC(357) Survivor regions: 42->43(76)
[3325.072s][info][gc,heap        ] GC(357) Old regions: 296->304
[3325.072s][info][gc,heap        ] GC(357) Humongous regions: 33->33
[3325.072s][info][gc,metaspace   ] GC(357) Metaspace: 29987K(30144K)->29987K(30144K) NonClass: 29987K(30144K)->29987K(30144K) Class: 0K(0K)->0K(0K)
[3325.072s][info][gc             ] GC(357) Pause Young (Normal) (G1 Evacuation Pause) 7427M->3018M(8192M) 145.534ms
[3325.072s][info][gc,cpu         ] GC(357) User=1.15s Sys=0.00s Real=0.15s
..|.....[3332.385s][info][gc,start       ] GC(358) Pause Young (Normal) (G1 Evacuation Pause)
[3332.385s][info][gc,task        ] GC(358) Using 8 workers of 8 for evacuation
[3332.528s][info][gc,phases      ] GC(358)   Pre Evacuate Collection Set: 0.25ms
[3332.528s][info][gc,phases      ] GC(358)   Merge Heap Roots: 0.56ms
[3332.528s][info][gc,phases      ] GC(358)   Evacuate Collection Set: 141.29ms
[3332.528s][info][gc,phases      ] GC(358)   Post Evacuate Collection Set: 1.03ms
[3332.528s][info][gc,phases      ] GC(358)   Other: 0.06ms
[3332.528s][info][gc,heap        ] GC(358) Eden regions: 549->0(544)
[3332.528s][info][gc,heap        ] GC(358) Survivor regions: 43->42(74)
[3332.528s][info][gc,heap        ] GC(358) Old regions: 304->311
[3332.528s][info][gc,heap        ] GC(358) Humongous regions: 33->33
[3332.528s][info][gc,metaspace   ] GC(358) Metaspace: 29987K(30144K)->29987K(30144K) NonClass: 29987K(30144K)->29987K(30144K) Class: 0K(0K)->0K(0K)
[3332.528s][info][gc             ] GC(358) Pause Young (Normal) (G1 Evacuation Pause) 7410M->3066M(8192M) 143.327ms
[3332.528s][info][gc,cpu         ] GC(358) User=1.14s Sys=0.00s Real=0.14s
.......[3339.819s][info][gc,start       ] GC(359) Pause Young (Normal) (G1 Evacuation Pause)
[3339.819s][info][gc,task        ] GC(359) Using 8 workers of 8 for evacuation
[3339.964s][info][gc,phases      ] GC(359)   Pre Evacuate Collection Set: 0.27ms
[3339.964s][info][gc,phases      ] GC(359)   Merge Heap Roots: 0.61ms
[3339.964s][info][gc,phases      ] GC(359)   Evacuate Collection Set: 143.31ms
[3339.964s][info][gc,phases      ] GC(359)   Post Evacuate Collection Set: 0.99ms
[3339.964s][info][gc,phases      ] GC(359)   Other: 0.06ms
[3339.964s][info][gc,heap        ] GC(359) Eden regions: 544->0(537)
[3339.964s][info][gc,heap        ] GC(359) Survivor regions: 42->42(74)
[3339.964s][info][gc,heap        ] GC(359) Old regions: 311->318
[3339.964s][info][gc,heap        ] GC(359) Humongous regions: 33->33
[3339.964s][info][gc,metaspace   ] GC(359) Metaspace: 29987K(30144K)->29987K(30144K) NonClass: 29987K(30144K)->29987K(30144K) Class: 0K(0K)->0K(0K)
[3339.964s][info][gc             ] GC(359) Pause Young (Normal) (G1 Evacuation Pause) 7418M->3125M(8192M) 145.374ms
[3339.964s][info][gc,cpu         ] GC(359) User=1.15s Sys=0.00s Real=0.15s
........[3347.012s][info][gc,start       ] GC(360) Pause Young (Normal) (G1 Evacuation Pause)
[3347.013s][info][gc,task        ] GC(360) Using 8 workers of 8 for evacuation
[3347.156s][info][gc,phases      ] GC(360)   Pre Evacuate Collection Set: 0.26ms
[3347.156s][info][gc,phases      ] GC(360)   Merge Heap Roots: 0.55ms
[3347.156s][info][gc,phases      ] GC(360)   Evacuate Collection Set: 141.58ms
[3347.156s][info][gc,phases      ] GC(360)   Post Evacuate Collection Set: 0.99ms
[3347.156s][info][gc,phases      ] GC(360)   Other: 0.07ms
[3347.156s][info][gc,heap        ] GC(360) Eden regions: 537->0(530)
[3347.156s][info][gc,heap        ] GC(360) Survivor regions: 42->42(73)
[3347.156s][info][gc,heap        ] GC(360) Old regions: 318->325
[3347.156s][info][gc,heap        ] GC(360) Humongous regions: 33->33
[3347.156s][info][gc,metaspace   ] GC(360) Metaspace: 29987K(30144K)->29987K(30144K) NonClass: 29987K(30144K)->29987K(30144K) Class: 0K(0K)->0K(0K)
[3347.156s][info][gc             ] GC(360) Pause Young (Normal) (G1 Evacuation Pause) 7421M->3187M(8192M) 143.579ms
[3347.156s][info][gc,cpu         ] GC(360) User=1.13s Sys=0.00s Real=0.14s
.......[3354.169s][info][gc,start       ] GC(361) Pause Young (Normal) (G1 Evacuation Pause)
[3354.169s][info][gc,task        ] GC(361) Using 8 workers of 8 for evacuation
[3354.315s][info][gc,phases      ] GC(361)   Pre Evacuate Collection Set: 0.25ms
[3354.315s][info][gc,phases      ] GC(361)   Merge Heap Roots: 0.53ms
[3354.315s][info][gc,phases      ] GC(361)   Evacuate Collection Set: 143.92ms
[3354.315s][info][gc,phases      ] GC(361)   Post Evacuate Collection Set: 0.98ms
[3354.315s][info][gc,phases      ] GC(361)   Other: 0.06ms
[3354.315s][info][gc,heap        ] GC(361) Eden regions: 530->0(524)
[3354.315s][info][gc,heap        ] GC(361) Survivor regions: 42->41(72)
[3354.315s][info][gc,heap        ] GC(361) Old regions: 325->333
[3354.315s][info][gc,heap        ] GC(361) Humongous regions: 33->33
[3354.315s][info][gc,metaspace   ] GC(361) Metaspace: 29987K(30144K)->29987K(30144K) NonClass: 29987K(30144K)->29987K(30144K) Class: 0K(0K)->0K(0K)
[3354.315s][info][gc             ] GC(361) Pause Young (Normal) (G1 Evacuation Pause) 7427M->3242M(8192M) 145.872ms
[3354.315s][info][gc,cpu         ] GC(361) User=1.16s Sys=0.01s Real=0.15s
.......[3361.278s][info][gc,start       ] GC(362) Pause Young (Concurrent Start) (G1 Evacuation Pause)
[3361.278s][info][gc,task        ] GC(362) Using 8 workers of 8 for evacuation
[3361.420s][info][gc,phases      ] GC(362)   Pre Evacuate Collection Set: 0.29ms
[3361.420s][info][gc,phases      ] GC(362)   Merge Heap Roots: 0.49ms
[3361.420s][info][gc,phases      ] GC(362)   Evacuate Collection Set: 140.20ms
[3361.420s][info][gc,phases      ] GC(362)   Post Evacuate Collection Set: 0.97ms
[3361.420s][info][gc,phases      ] GC(362)   Other: 0.12ms
[3361.420s][info][gc,heap        ] GC(362) Eden regions: 524->0(516)
[3361.420s][info][gc,heap        ] GC(362) Survivor regions: 41->41(71)
[3361.420s][info][gc,heap        ] GC(362) Old regions: 333->341
[3361.420s][info][gc,heap        ] GC(362) Humongous regions: 33->33
[3361.420s][info][gc,metaspace   ] GC(362) Metaspace: 29987K(30144K)->29987K(30144K) NonClass: 29987K(30144K)->29987K(30144K) Class: 0K(0K)->0K(0K)
[3361.420s][info][gc             ] GC(362) Pause Young (Concurrent Start) (G1 Evacuation Pause) 7434M->3302M(8192M) 142.219ms
[3361.420s][info][gc             ] GC(363) Concurrent Mark Cycle
[3361.420s][info][gc,marking     ] GC(363) Concurrent Scan Root Regions
[3361.420s][info][gc,cpu         ] GC(362) User=1.13s Sys=0.00s Real=0.15s
[3361.639s][info][gc,marking     ] GC(363) Concurrent Scan Root Regions 219.234ms
[3361.639s][info][gc,marking     ] GC(363) Concurrent Mark
[3361.639s][info][gc,marking     ] GC(363) Concurrent Mark From Roots
[3361.639s][info][gc,task        ] GC(363) Using 2 workers of 2 for marking
.[3362.221s][info][gc,marking     ] GC(363) Concurrent Mark From Roots 581.478ms
[3362.221s][info][gc,marking     ] GC(363) Concurrent Preclean
[3362.221s][info][gc,marking     ] GC(363) Concurrent Preclean 0.113ms
[3362.221s][info][gc,start       ] GC(363) Pause Remark
[3362.223s][info][gc             ] GC(363) Pause Remark 3890M->3050M(8192M) 1.949ms
[3362.223s][info][gc,cpu         ] GC(363) User=0.01s Sys=0.00s Real=0.00s
[3362.223s][info][gc,marking     ] GC(363) Concurrent Mark 583.832ms
[3362.223s][info][gc,marking     ] GC(363) Concurrent Rebuild Remembered Sets and Scrub Regions
[3362.635s][info][gc,marking     ] GC(363) Concurrent Rebuild Remembered Sets and Scrub Regions 411.577ms
[3362.635s][info][gc,start       ] GC(363) Pause Cleanup
[3362.635s][info][gc             ] GC(363) Pause Cleanup 3287M->3287M(8192M) 0.309ms
[3362.635s][info][gc,cpu         ] GC(363) User=0.00s Sys=0.00s Real=0.00s
[3362.635s][info][gc,marking     ] GC(363) Concurrent Clear Claimed Marks
[3362.635s][info][gc,marking     ] GC(363) Concurrent Clear Claimed Marks 0.049ms
[3362.635s][info][gc,marking     ] GC(363) Concurrent Cleanup for Next Mark
[3362.642s][info][gc,marking     ] GC(363) Concurrent Cleanup for Next Mark 6.527ms
[3362.642s][info][gc             ] GC(363) Concurrent Mark Cycle 1221.882ms
......[3368.247s][info][gc,start       ] GC(364) Pause Young (Prepare Mixed) (G1 Evacuation Pause)
[3368.247s][info][gc,task        ] GC(364) Using 8 workers of 8 for evacuation
[3368.389s][info][gc,phases      ] GC(364)   Pre Evacuate Collection Set: 0.27ms
[3368.389s][info][gc,phases      ] GC(364)   Merge Heap Roots: 0.64ms
[3368.389s][info][gc,phases      ] GC(364)   Evacuate Collection Set: 139.91ms
[3368.389s][info][gc,phases      ] GC(364)   Post Evacuate Collection Set: 1.07ms
[3368.389s][info][gc,phases      ] GC(364)   Other: 0.06ms
[3368.389s][info][gc,heap        ] GC(364) Eden regions: 516->0(573)
[3368.389s][info][gc,heap        ] GC(364) Survivor regions: 41->41(70)
[3368.389s][info][gc,heap        ] GC(364) Old regions: 236->243
[3368.389s][info][gc,heap        ] GC(364) Humongous regions: 33->33
[3368.389s][info][gc,metaspace   ] GC(364) Metaspace: 29988K(30144K)->29988K(30144K) NonClass: 29988K(30144K)->29988K(30144K) Class: 0K(0K)->0K(0K)
[3368.389s][info][gc             ] GC(364) Pause Young (Prepare Mixed) (G1 Evacuation Pause) 6590M->2523M(8192M) 142.117ms
[3368.389s][info][gc,cpu         ] GC(364) User=1.12s Sys=0.00s Real=0.14s
........[3376.054s][info][gc,start       ] GC(365) Pause Young (Mixed) (G1 Evacuation Pause)
[3376.054s][info][gc,task        ] GC(365) Using 8 workers of 8 for evacuation
[3376.204s][info][gc,phases      ] GC(365)   Pre Evacuate Collection Set: 0.32ms
[3376.204s][info][gc,phases      ] GC(365)   Merge Heap Roots: 1.00ms
[3376.204s][info][gc,phases      ] GC(365)   Evacuate Collection Set: 147.15ms
[3376.204s][info][gc,phases      ] GC(365)   Post Evacuate Collection Set: 1.23ms
[3376.204s][info][gc,phases      ] GC(365)   Other: 0.07ms
[3376.204s][info][gc,heap        ] GC(365) Eden regions: 573->0(572)
[3376.204s][info][gc,heap        ] GC(365) Survivor regions: 41->42(77)
[3376.204s][info][gc,heap        ] GC(365) Old regions: 243->149
[3376.204s][info][gc,heap        ] GC(365) Humongous regions: 33->33
[3376.204s][info][gc,metaspace   ] GC(365) Metaspace: 29988K(30144K)->29988K(30144K) NonClass: 29988K(30144K)->29988K(30144K) Class: 0K(0K)->0K(0K)
[3376.204s][info][gc             ] GC(365) Pause Young (Mixed) (G1 Evacuation Pause) 7107M->1774M(8192M) 149.910ms
[3376.204s][info][gc,cpu         ] GC(365) User=1.19s Sys=0.00s Real=0.15s
.......[3383.814s][info][gc,start       ] GC(366) Pause Young (Mixed) (G1 Evacuation Pause)
[3383.814s][info][gc,task        ] GC(366) Using 8 workers of 8 for evacuation
[3383.963s][info][gc,phases      ] GC(366)   Pre Evacuate Collection Set: 0.26ms
[3383.963s][info][gc,phases      ] GC(366)   Merge Heap Roots: 0.74ms
[3383.963s][info][gc,phases      ] GC(366)   Evacuate Collection Set: 146.85ms
[3383.963s][info][gc,phases      ] GC(366)   Post Evacuate Collection Set: 1.04ms
[3383.963s][info][gc,phases      ] GC(366)   Other: 0.08ms
[3383.963s][info][gc,heap        ] GC(366) Eden regions: 572->0(571)
[3383.963s][info][gc,heap        ] GC(366) Survivor regions: 42->43(77)
[3383.963s][info][gc,heap        ] GC(366) Old regions: 149->143
[3383.963s][info][gc,heap        ] GC(366) Humongous regions: 33->33
[3383.963s][info][gc,metaspace   ] GC(366) Metaspace: 29988K(30144K)->29988K(30144K) NonClass: 29988K(30144K)->29988K(30144K) Class: 0K(0K)->0K(0K)
[3383.963s][info][gc             ] GC(366) Pause Young (Mixed) (G1 Evacuation Pause) 6350M->1732M(8192M) 149.083ms
[3383.963s][info][gc,cpu         ] GC(366) User=1.18s Sys=0.00s Real=0.15s
.... (rIR:aIR:PR = 4981:4982:4982) (tPR = 74323) [OK] 
  3386s: Performance info:
         Transaction,    Success,    Partial,     Failed,   Receipts, AvgBarcode, 
             Overall,     299546,          0,          0,     284579,      59.48, 
         Response times:
             Request,    Success,    Partial,     Failed,   SkipFail,     Probes,    Samples,      min,      p50,      p90,      p95,      p99,      max, 
       TotalPurchase,     284579,          0,          0,          0,     279366,     366024,      300,     3200,     5600,     6500,    33000,   221000,
     InStorePurchase,     149788,          0,          0,          0,     147454,     192827,      400,     3100,     5600,     6500,    32000,   221000,
      OnlinePurchase,     104849,          0,          0,          0,     102751,     134554,      300,     3200,     5600,     6500,    34000,   221000,
        InstPurchase,      29942,          0,          0,          0,      29161,      38643,      400,     3500,     5700,     6500,    35000,   221000,
          AssocOfCat,        296,          0,          0,          0,        227,        397,    22000,    32000,    40000,    48100,   123120,   176000,
      AssocOfProduct,       2997,          0,          0,          0,       2764,       3842,      800,     2900,     6000,     6800,    14771,   159000,
      BusinessReport,        748,          0,          0,          0,        636,        933,    24000,    33000,    47000,    56000,    94000,   220000,
          CustBuyBeh,       2994,          0,          0,          0,       2742,       3873,      200,     2900,     5500,     6300,    29000,   153000,
       ProductReturn,       7931,          0,          0,          0,       7643,      10298,      200,     3400,     5510,     6500,    37010,   156000,

  3386s: (37%)   IR =   5120 ....[3391.454s][info][gc,start       ] GC(367) Pause Young (Normal) (G1 Evacuation Pause)
[3391.454s][info][gc,task        ] GC(367) Using 8 workers of 8 for evacuation
[3391.601s][info][gc,phases      ] GC(367)   Pre Evacuate Collection Set: 0.25ms
[3391.601s][info][gc,phases      ] GC(367)   Merge Heap Roots: 0.52ms
[3391.601s][info][gc,phases      ] GC(367)   Evacuate Collection Set: 145.70ms
[3391.601s][info][gc,phases      ] GC(367)   Post Evacuate Collection Set: 1.04ms
[3391.601s][info][gc,phases      ] GC(367)   Other: 0.06ms
[3391.601s][info][gc,heap        ] GC(367) Eden regions: 571->0(570)
[3391.601s][info][gc,heap        ] GC(367) Survivor regions: 43->44(77)
[3391.601s][info][gc,heap        ] GC(367) Old regions: 143->150
[3391.601s][info][gc,heap        ] GC(367) Humongous regions: 33->33
[3391.601s][info][gc,metaspace   ] GC(367) Metaspace: 29988K(30144K)->29988K(30144K) NonClass: 29988K(30144K)->29988K(30144K) Class: 0K(0K)->0K(0K)
[3391.602s][info][gc             ] GC(367) Pause Young (Normal) (G1 Evacuation Pause) 6300M->1797M(8192M) 147.704ms
[3391.602s][info][gc,cpu         ] GC(367) User=1.17s Sys=0.00s Real=0.15s
.|......[3398.973s][info][gc,start       ] GC(368) Pause Young (Normal) (G1 Evacuation Pause)
[3398.973s][info][gc,task        ] GC(368) Using 8 workers of 8 for evacuation
[3399.117s][info][gc,phases      ] GC(368)   Pre Evacuate Collection Set: 0.28ms
[3399.117s][info][gc,phases      ] GC(368)   Merge Heap Roots: 0.51ms
[3399.117s][info][gc,phases      ] GC(368)   Evacuate Collection Set: 142.74ms
[3399.117s][info][gc,phases      ] GC(368)   Post Evacuate Collection Set: 1.06ms
[3399.117s][info][gc,phases      ] GC(368)   Other: 0.06ms
[3399.117s][info][gc,heap        ] GC(368) Eden regions: 570->0(571)
[3399.117s][info][gc,heap        ] GC(368) Survivor regions: 44->43(77)
[3399.117s][info][gc,heap        ] GC(368) Old regions: 150->157
[3399.117s][info][gc,heap        ] GC(368) Humongous regions: 33->33
[3399.117s][info][gc,metaspace   ] GC(368) Metaspace: 29988K(30144K)->29988K(30144K) NonClass: 29988K(30144K)->29988K(30144K) Class: 0K(0K)->0K(0K)
[3399.118s][info][gc             ] GC(368) Pause Young (Normal) (G1 Evacuation Pause) 6357M->1849M(8192M) 144.773ms
[3399.118s][info][gc,cpu         ] GC(368) User=1.15s Sys=0.00s Real=0.14s
........[3406.531s][info][gc,start       ] GC(369) Pause Young (Normal) (G1 Evacuation Pause)
[3406.531s][info][gc,task        ] GC(369) Using 8 workers of 8 for evacuation
[3406.676s][info][gc,phases      ] GC(369)   Pre Evacuate Collection Set: 0.25ms
[3406.676s][info][gc,phases      ] GC(369)   Merge Heap Roots: 0.50ms
[3406.676s][info][gc,phases      ] GC(369)   Evacuate Collection Set: 143.87ms
[3406.676s][info][gc,phases      ] GC(369)   Post Evacuate Collection Set: 1.01ms
[3406.676s][info][gc,phases      ] GC(369)   Other: 0.06ms
[3406.676s][info][gc,heap        ] GC(369) Eden regions: 571->0(571)
[3406.676s][info][gc,heap        ] GC(369) Survivor regions: 43->43(77)
[3406.676s][info][gc,heap        ] GC(369) Old regions: 157->164
[3406.676s][info][gc,heap        ] GC(369) Humongous regions: 33->33
[3406.676s][info][gc,metaspace   ] GC(369) Metaspace: 29988K(30144K)->29988K(30144K) NonClass: 29988K(30144K)->29988K(30144K) Class: 0K(0K)->0K(0K)
[3406.676s][info][gc             ] GC(369) Pause Young (Normal) (G1 Evacuation Pause) 6417M->1907M(8192M) 145.827ms
[3406.677s][info][gc,cpu         ] GC(369) User=1.15s Sys=0.00s Real=0.14s
.......[3414.029s][info][gc,start       ] GC(370) Pause Young (Normal) (G1 Evacuation Pause)
[3414.029s][info][gc,task        ] GC(370) Using 8 workers of 8 for evacuation
[3414.178s][info][gc,phases      ] GC(370)   Pre Evacuate Collection Set: 0.24ms
[3414.178s][info][gc,phases      ] GC(370)   Merge Heap Roots: 0.55ms
[3414.178s][info][gc,phases      ] GC(370)   Evacuate Collection Set: 147.28ms
[3414.178s][info][gc,phases      ] GC(370)   Post Evacuate Collection Set: 1.02ms
[3414.178s][info][gc,phases      ] GC(370)   Other: 0.06ms
[3414.178s][info][gc,heap        ] GC(370) Eden regions: 571->0(571)
[3414.178s][info][gc,heap        ] GC(370) Survivor regions: 43->43(77)
[3414.178s][info][gc,heap        ] GC(370) Old regions: 164->171
[3414.178s][info][gc,heap        ] GC(370) Humongous regions: 33->33
[3414.178s][info][gc,metaspace   ] GC(370) Metaspace: 29988K(30144K)->29988K(30144K) NonClass: 29988K(30144K)->29988K(30144K) Class: 0K(0K)->0K(0K)
[3414.178s][info][gc             ] GC(370) Pause Young (Normal) (G1 Evacuation Pause) 6475M->1962M(8192M) 149.297ms
[3414.178s][info][gc,cpu         ] GC(370) User=1.18s Sys=0.00s Real=0.15s
........[3421.549s][info][gc,start       ] GC(371) Pause Young (Normal) (G1 Evacuation Pause)
[3421.549s][info][gc,task        ] GC(371) Using 8 workers of 8 for evacuation
[3421.698s][info][gc,phases      ] GC(371)   Pre Evacuate Collection Set: 0.24ms
[3421.698s][info][gc,phases      ] GC(371)   Merge Heap Roots: 0.50ms
[3421.698s][info][gc,phases      ] GC(371)   Evacuate Collection Set: 147.29ms
[3421.698s][info][gc,phases      ] GC(371)   Post Evacuate Collection Set: 1.05ms
[3421.698s][info][gc,phases      ] GC(371)   Other: 0.06ms
[3421.698s][info][gc,heap        ] GC(371) Eden regions: 571->0(570)
[3421.698s][info][gc,heap        ] GC(371) Survivor regions: 43->44(77)
[3421.698s][info][gc,heap        ] GC(371) Old regions: 171->178
[3421.698s][info][gc,heap        ] GC(371) Humongous regions: 33->33
[3421.698s][info][gc,metaspace   ] GC(371) Metaspace: 29988K(30144K)->29988K(30144K) NonClass: 29988K(30144K)->29988K(30144K) Class: 0K(0K)->0K(0K)
[3421.698s][info][gc             ] GC(371) Pause Young (Normal) (G1 Evacuation Pause) 6530M->2023M(8192M) 149.269ms
[3421.699s][info][gc,cpu         ] GC(371) User=1.18s Sys=0.00s Real=0.15s
.......[3429.091s][info][gc,start       ] GC(372) Pause Young (Normal) (G1 Evacuation Pause)
[3429.091s][info][gc,task        ] GC(372) Using 8 workers of 8 for evacuation
[3429.234s][info][gc,phases      ] GC(372)   Pre Evacuate Collection Set: 0.29ms
[3429.234s][info][gc,phases      ] GC(372)   Merge Heap Roots: 0.50ms
[3429.234s][info][gc,phases      ] GC(372)   Evacuate Collection Set: 140.98ms
[3429.234s][info][gc,phases      ] GC(372)   Post Evacuate Collection Set: 1.07ms
[3429.234s][info][gc,phases      ] GC(372)   Other: 0.06ms
[3429.234s][info][gc,heap        ] GC(372) Eden regions: 570->0(572)
[3429.234s][info][gc,heap        ] GC(372) Survivor regions: 44->42(77)
[3429.234s][info][gc,heap        ] GC(372) Old regions: 178->185
[3429.234s][info][gc,heap        ] GC(372) Humongous regions: 33->33
[3429.234s][info][gc,metaspace   ] GC(372) Metaspace: 29988K(30144K)->29988K(30144K) NonClass: 29988K(30144K)->29988K(30144K) Class: 0K(0K)->0K(0K)
[3429.234s][info][gc             ] GC(372) Pause Young (Normal) (G1 Evacuation Pause) 6583M->2066M(8192M) 143.038ms
[3429.234s][info][gc,cpu         ] GC(372) User=1.13s Sys=0.00s Real=0.14s
........[3436.543s][info][gc,start       ] GC(373) Pause Young (Normal) (G1 Evacuation Pause)
[3436.543s][info][gc,task        ] GC(373) Using 8 workers of 8 for evacuation
[3436.690s][info][gc,phases      ] GC(373)   Pre Evacuate Collection Set: 0.27ms
[3436.690s][info][gc,phases      ] GC(373)   Merge Heap Roots: 0.51ms
[3436.690s][info][gc,phases      ] GC(373)   Evacuate Collection Set: 145.42ms
[3436.690s][info][gc,phases      ] GC(373)   Post Evacuate Collection Set: 1.04ms
[3436.690s][info][gc,phases      ] GC(373)   Other: 0.06ms
[3436.690s][info][gc,heap        ] GC(373) Eden regions: 572->0(571)
[3436.690s][info][gc,heap        ] GC(373) Survivor regions: 42->43(77)
[3436.690s][info][gc,heap        ] GC(373) Old regions: 185->192
[3436.690s][info][gc,heap        ] GC(373) Humongous regions: 33->33
[3436.690s][info][gc,metaspace   ] GC(373) Metaspace: 29988K(30144K)->29988K(30144K) NonClass: 29988K(30144K)->29988K(30144K) Class: 0K(0K)->0K(0K)
[3436.690s][info][gc             ] GC(373) Pause Young (Normal) (G1 Evacuation Pause) 6642M->2130M(8192M) 147.437ms
[3436.690s][info][gc,cpu         ] GC(373) User=1.16s Sys=0.00s Real=0.15s
.......[3444.079s][info][gc,start       ] GC(374) Pause Young (Normal) (G1 Evacuation Pause)
[3444.079s][info][gc,task        ] GC(374) Using 8 workers of 8 for evacuation
[3444.223s][info][gc,phases      ] GC(374)   Pre Evacuate Collection Set: 0.24ms
[3444.223s][info][gc,phases      ] GC(374)   Merge Heap Roots: 0.61ms
[3444.223s][info][gc,phases      ] GC(374)   Evacuate Collection Set: 141.45ms
[3444.223s][info][gc,phases      ] GC(374)   Post Evacuate Collection Set: 1.05ms
[3444.223s][info][gc,phases      ] GC(374)   Other: 0.06ms
[3444.223s][info][gc,heap        ] GC(374) Eden regions: 571->0(573)
[3444.223s][info][gc,heap        ] GC(374) Survivor regions: 43->41(77)
[3444.223s][info][gc,heap        ] GC(374) Old regions: 192->199
[3444.223s][info][gc,heap        ] GC(374) Humongous regions: 33->33
[3444.223s][info][gc,metaspace   ] GC(374) Metaspace: 29988K(30144K)->29988K(30144K) NonClass: 29988K(30144K)->29988K(30144K) Class: 0K(0K)->0K(0K)
[3444.223s][info][gc             ] GC(374) Pause Young (Normal) (G1 Evacuation Pause) 6698M->2171M(8192M) 143.552ms
[3444.223s][info][gc,cpu         ] GC(374) User=1.14s Sys=0.00s Real=0.15s
........[3451.692s][info][gc,start       ] GC(375) Pause Young (Normal) (G1 Evacuation Pause)
[3451.692s][info][gc,task        ] GC(375) Using 8 workers of 8 for evacuation
[3451.838s][info][gc,phases      ] GC(375)   Pre Evacuate Collection Set: 0.28ms
[3451.838s][info][gc,phases      ] GC(375)   Merge Heap Roots: 0.59ms
[3451.838s][info][gc,phases      ] GC(375)   Evacuate Collection Set: 143.46ms
[3451.838s][info][gc,phases      ] GC(375)   Post Evacuate Collection Set: 1.02ms
[3451.838s][info][gc,phases      ] GC(375)   Other: 0.06ms
[3451.838s][info][gc,heap        ] GC(375) Eden regions: 573->0(571)
[3451.838s][info][gc,heap        ] GC(375) Survivor regions: 41->43(77)
[3451.838s][info][gc,heap        ] GC(375) Old regions: 199->206
[3451.838s][info][gc,heap        ] GC(375) Humongous regions: 33->33
[3451.838s][info][gc,metaspace   ] GC(375) Metaspace: 29988K(30144K)->29988K(30144K) NonClass: 29988K(30144K)->29988K(30144K) Class: 0K(0K)->0K(0K)
[3451.838s][info][gc             ] GC(375) Pause Young (Normal) (G1 Evacuation Pause) 6755M->2243M(8192M) 145.563ms
[3451.838s][info][gc,cpu         ] GC(375) User=1.15s Sys=0.00s Real=0.14s
. (rIR:aIR:PR = 5120:5119:5119) (tPR = 76028) [OK] 
  3452s: Performance info:
         Transaction,    Success,    Partial,     Failed,   Receipts, AvgBarcode, 
             Overall,     308186,          0,          0,     292764,      59.48, 
         Response times:
             Request,    Success,    Partial,     Failed,   SkipFail,     Probes,    Samples,      min,      p50,      p90,      p95,      p99,      max, 
       TotalPurchase,     292764,          0,          0,          0,     286520,     312018,      300,     3300,     5700,     6600,    38000,   264000,
     InStorePurchase,     154122,          0,          0,          0,     151071,     164273,      400,     3200,     5700,     6500,    34000,   264000,
      OnlinePurchase,     107854,          0,          0,          0,     105650,     114898,      300,     3400,     5800,     6700,    40000,   264000,
        InstPurchase,      30788,          0,          0,          0,      29799,      32847,      500,     3300,     5800,     6600,    42000,   263000,
          AssocOfCat,        309,          0,          0,          0,        243,        350,    22000,    32000,    41000,    53000,   153260,   199000,
      AssocOfProduct,       3091,          0,          0,          0,       2859,       3265,      500,     3900,     5900,     6900,    39000,   154000,
      BusinessReport,        775,          0,          0,          0,        679,        867,    25000,    33000,    47000,    54000,   169520,   213000,
          CustBuyBeh,       3082,          0,          0,          0,       2785,       3250,      200,     2700,     5700,     6400,    34980,   154000,
       ProductReturn,       8165,          0,          0,          0,       7812,       8879,      200,     2300,     5200,     6100,    34200,   156000,

  3452s: (38%)   IR =   5258 ......|[3459.011s][info][gc,start       ] GC(376) Pause Young (Normal) (G1 Evacuation Pause)
[3459.011s][info][gc,task        ] GC(376) Using 8 workers of 8 for evacuation
[3459.158s][info][gc,phases      ] GC(376)   Pre Evacuate Collection Set: 0.27ms
[3459.158s][info][gc,phases      ] GC(376)   Merge Heap Roots: 0.50ms
[3459.158s][info][gc,phases      ] GC(376)   Evacuate Collection Set: 145.85ms
[3459.158s][info][gc,phases      ] GC(376)   Post Evacuate Collection Set: 1.02ms
[3459.158s][info][gc,phases      ] GC(376)   Other: 0.07ms
[3459.158s][info][gc,heap        ] GC(376) Eden regions: 571->0(571)
[3459.158s][info][gc,heap        ] GC(376) Survivor regions: 43->43(77)
[3459.158s][info][gc,heap        ] GC(376) Old regions: 206->213
[3459.158s][info][gc,heap        ] GC(376) Humongous regions: 33->33
[3459.158s][info][gc,metaspace   ] GC(376) Metaspace: 29988K(30144K)->29988K(30144K) NonClass: 29988K(30144K)->29988K(30144K) Class: 0K(0K)->0K(0K)
[3459.158s][info][gc             ] GC(376) Pause Young (Normal) (G1 Evacuation Pause) 6811M->2299M(8192M) 147.838ms
[3459.159s][info][gc,cpu         ] GC(376) User=1.17s Sys=0.00s Real=0.14s
........[3466.373s][info][gc,start       ] GC(377) Pause Young (Normal) (G1 Evacuation Pause)
[3466.373s][info][gc,task        ] GC(377) Using 8 workers of 8 for evacuation
[3466.519s][info][gc,phases      ] GC(377)   Pre Evacuate Collection Set: 0.28ms
[3466.519s][info][gc,phases      ] GC(377)   Merge Heap Roots: 0.63ms
[3466.519s][info][gc,phases      ] GC(377)   Evacuate Collection Set: 143.63ms
[3466.519s][info][gc,phases      ] GC(377)   Post Evacuate Collection Set: 1.03ms
[3466.519s][info][gc,phases      ] GC(377)   Other: 0.06ms
[3466.519s][info][gc,heap        ] GC(377) Eden regions: 571->0(571)
[3466.519s][info][gc,heap        ] GC(377) Survivor regions: 43->43(77)
[3466.519s][info][gc,heap        ] GC(377) Old regions: 213->221
[3466.519s][info][gc,heap        ] GC(377) Humongous regions: 33->33
[3466.519s][info][gc,metaspace   ] GC(377) Metaspace: 29988K(30144K)->29988K(30144K) NonClass: 29988K(30144K)->29988K(30144K) Class: 0K(0K)->0K(0K)
[3466.519s][info][gc             ] GC(377) Pause Young (Normal) (G1 Evacuation Pause) 6867M->2353M(8192M) 145.759ms
[3466.519s][info][gc,cpu         ] GC(377) User=1.15s Sys=0.00s Real=0.14s
.......[3473.671s][info][gc,start       ] GC(378) Pause Young (Normal) (G1 Evacuation Pause)
[3473.671s][info][gc,task        ] GC(378) Using 8 workers of 8 for evacuation
[3473.817s][info][gc,phases      ] GC(378)   Pre Evacuate Collection Set: 0.29ms
[3473.817s][info][gc,phases      ] GC(378)   Merge Heap Roots: 0.50ms
[3473.817s][info][gc,phases      ] GC(378)   Evacuate Collection Set: 143.50ms
[3473.817s][info][gc,phases      ] GC(378)   Post Evacuate Collection Set: 1.03ms
[3473.817s][info][gc,phases      ] GC(378)   Other: 0.06ms
[3473.817s][info][gc,heap        ] GC(378) Eden regions: 571->0(571)
[3473.817s][info][gc,heap        ] GC(378) Survivor regions: 43->43(77)
[3473.817s][info][gc,heap        ] GC(378) Old regions: 221->227
[3473.817s][info][gc,heap        ] GC(378) Humongous regions: 33->33
[3473.817s][info][gc,metaspace   ] GC(378) Metaspace: 29988K(30144K)->29988K(30144K) NonClass: 29988K(30144K)->29988K(30144K) Class: 0K(0K)->0K(0K)
[3473.817s][info][gc             ] GC(378) Pause Young (Normal) (G1 Evacuation Pause) 6921M->2411M(8192M) 145.521ms
[3473.817s][info][gc,cpu         ] GC(378) User=1.15s Sys=0.00s Real=0.14s
.......[3480.995s][info][gc,start       ] GC(379) Pause Young (Normal) (G1 Evacuation Pause)
[3480.995s][info][gc,task        ] GC(379) Using 8 workers of 8 for evacuation
[3481.143s][info][gc,phases      ] GC(379)   Pre Evacuate Collection Set: 0.28ms
[3481.143s][info][gc,phases      ] GC(379)   Merge Heap Roots: 0.65ms
[3481.143s][info][gc,phases      ] GC(379)   Evacuate Collection Set: 145.33ms
[3481.143s][info][gc,phases      ] GC(379)   Post Evacuate Collection Set: 1.07ms
[3481.143s][info][gc,phases      ] GC(379)   Other: 0.08ms
[3481.143s][info][gc,heap        ] GC(379) Eden regions: 571->0(571)
[3481.143s][info][gc,heap        ] GC(379) Survivor regions: 43->43(77)
[3481.143s][info][gc,heap        ] GC(379) Old regions: 227->234
[3481.143s][info][gc,heap        ] GC(379) Humongous regions: 33->33
[3481.143s][info][gc,metaspace   ] GC(379) Metaspace: 29988K(30144K)->29988K(30144K) NonClass: 29988K(30144K)->29988K(30144K) Class: 0K(0K)->0K(0K)
[3481.143s][info][gc             ] GC(379) Pause Young (Normal) (G1 Evacuation Pause) 6979M->2466M(8192M) 147.587ms
[3481.143s][info][gc,cpu         ] GC(379) User=1.17s Sys=0.01s Real=0.15s
........[3488.392s][info][gc,start       ] GC(380) Pause Young (Normal) (G1 Evacuation Pause)
[3488.392s][info][gc,task        ] GC(380) Using 8 workers of 8 for evacuation
[3488.538s][info][gc,phases      ] GC(380)   Pre Evacuate Collection Set: 0.29ms
[3488.538s][info][gc,phases      ] GC(380)   Merge Heap Roots: 0.57ms
[3488.538s][info][gc,phases      ] GC(380)   Evacuate Collection Set: 143.75ms
[3488.538s][info][gc,phases      ] GC(380)   Post Evacuate Collection Set: 1.03ms
[3488.538s][info][gc,phases      ] GC(380)   Other: 0.09ms
[3488.538s][info][gc,heap        ] GC(380) Eden regions: 571->0(571)
[3488.538s][info][gc,heap        ] GC(380) Survivor regions: 43->43(77)
[3488.538s][info][gc,heap        ] GC(380) Old regions: 234->241
[3488.538s][info][gc,heap        ] GC(380) Humongous regions: 33->33
[3488.538s][info][gc,metaspace   ] GC(380) Metaspace: 29988K(30144K)->29988K(30144K) NonClass: 29988K(30144K)->29988K(30144K) Class: 0K(0K)->0K(0K)
[3488.538s][info][gc             ] GC(380) Pause Young (Normal) (G1 Evacuation Pause) 7034M->2522M(8192M) 145.863ms
[3488.538s][info][gc,cpu         ] GC(380) User=1.16s Sys=0.00s Real=0.14s
.......[3495.610s][info][gc,start       ] GC(381) Pause Young (Normal) (G1 Evacuation Pause)
[3495.610s][info][gc,task        ] GC(381) Using 8 workers of 8 for evacuation
[3495.754s][info][gc,phases      ] GC(381)   Pre Evacuate Collection Set: 0.25ms
[3495.754s][info][gc,phases      ] GC(381)   Merge Heap Roots: 0.52ms
[3495.754s][info][gc,phases      ] GC(381)   Evacuate Collection Set: 142.81ms
[3495.754s][info][gc,phases      ] GC(381)   Post Evacuate Collection Set: 1.05ms
[3495.755s][info][gc,phases      ] GC(381)   Other: 0.06ms
[3495.755s][info][gc,heap        ] GC(381) Eden regions: 571->0(571)
[3495.755s][info][gc,heap        ] GC(381) Survivor regions: 43->43(77)
[3495.755s][info][gc,heap        ] GC(381) Old regions: 241->248
[3495.755s][info][gc,heap        ] GC(381) Humongous regions: 33->33
[3495.755s][info][gc,metaspace   ] GC(381) Metaspace: 29988K(30144K)->29988K(30144K) NonClass: 29988K(30144K)->29988K(30144K) Class: 0K(0K)->0K(0K)
[3495.755s][info][gc             ] GC(381) Pause Young (Normal) (G1 Evacuation Pause) 7090M->2578M(8192M) 144.828ms
[3495.755s][info][gc,cpu         ] GC(381) User=1.15s Sys=0.00s Real=0.15s
.......[3502.908s][info][gc,start       ] GC(382) Pause Young (Normal) (G1 Evacuation Pause)
[3502.908s][info][gc,task        ] GC(382) Using 8 workers of 8 for evacuation
[3503.055s][info][gc,phases      ] GC(382)   Pre Evacuate Collection Set: 0.24ms
[3503.055s][info][gc,phases      ] GC(382)   Merge Heap Roots: 0.58ms
[3503.055s][info][gc,phases      ] GC(382)   Evacuate Collection Set: 145.14ms
[3503.055s][info][gc,phases      ] GC(382)   Post Evacuate Collection Set: 1.02ms
[3503.055s][info][gc,phases      ] GC(382)   Other: 0.06ms
[3503.055s][info][gc,heap        ] GC(382) Eden regions: 571->0(572)
[3503.055s][info][gc,heap        ] GC(382) Survivor regions: 43->42(77)
[3503.055s][info][gc,heap        ] GC(382) Old regions: 248->255
[3503.055s][info][gc,heap        ] GC(382) Humongous regions: 33->33
[3503.055s][info][gc,metaspace   ] GC(382) Metaspace: 29988K(30144K)->29988K(30144K) NonClass: 29988K(30144K)->29988K(30144K) Class: 0K(0K)->0K(0K)
[3503.055s][info][gc             ] GC(382) Pause Young (Normal) (G1 Evacuation Pause) 7146M->2627M(8192M) 147.171ms
[3503.055s][info][gc,cpu         ] GC(382) User=1.17s Sys=0.00s Real=0.15s
.......[3510.268s][info][gc,start       ] GC(383) Pause Young (Normal) (G1 Evacuation Pause)
[3510.268s][info][gc,task        ] GC(383) Using 8 workers of 8 for evacuation
[3510.412s][info][gc,phases      ] GC(383)   Pre Evacuate Collection Set: 0.26ms
[3510.412s][info][gc,phases      ] GC(383)   Merge Heap Roots: 0.51ms
[3510.412s][info][gc,phases      ] GC(383)   Evacuate Collection Set: 142.21ms
[3510.412s][info][gc,phases      ] GC(383)   Post Evacuate Collection Set: 1.04ms
[3510.412s][info][gc,phases      ] GC(383)   Other: 0.08ms
[3510.412s][info][gc,heap        ] GC(383) Eden regions: 572->0(571)
[3510.412s][info][gc,heap        ] GC(383) Survivor regions: 42->43(77)
[3510.412s][info][gc,heap        ] GC(383) Old regions: 255->262
[3510.412s][info][gc,heap        ] GC(383) Humongous regions: 33->33
[3510.412s][info][gc,metaspace   ] GC(383) Metaspace: 29988K(30144K)->29988K(30144K) NonClass: 29988K(30144K)->29988K(30144K) Class: 0K(0K)->0K(0K)
[3510.412s][info][gc             ] GC(383) Pause Young (Normal) (G1 Evacuation Pause) 7203M->2687M(8192M) 144.220ms
[3510.412s][info][gc,cpu         ] GC(383) User=1.14s Sys=0.00s Real=0.15s
........[3517.608s][info][gc,start       ] GC(384) Pause Young (Normal) (G1 Evacuation Pause)
[3517.608s][info][gc,task        ] GC(384) Using 8 workers of 8 for evacuation
[3517.755s][info][gc,phases      ] GC(384)   Pre Evacuate Collection Set: 0.25ms
[3517.755s][info][gc,phases      ] GC(384)   Merge Heap Roots: 0.60ms
[3517.755s][info][gc,phases      ] GC(384)   Evacuate Collection Set: 145.09ms
[3517.755s][info][gc,phases      ] GC(384)   Post Evacuate Collection Set: 1.02ms
[3517.755s][info][gc,phases      ] GC(384)   Other: 0.06ms
[3517.755s][info][gc,heap        ] GC(384) Eden regions: 571->0(570)
[3517.755s][info][gc,heap        ] GC(384) Survivor regions: 43->44(77)
[3517.755s][info][gc,heap        ] GC(384) Old regions: 262->269
[3517.755s][info][gc,heap        ] GC(384) Humongous regions: 33->33
[3517.755s][info][gc,metaspace   ] GC(384) Metaspace: 29988K(30144K)->29988K(30144K) NonClass: 29988K(30144K)->29988K(30144K) Class: 0K(0K)->0K(0K)
[3517.755s][info][gc             ] GC(384) Pause Young (Normal) (G1 Evacuation Pause) 7255M->2751M(8192M) 147.142ms
[3517.755s][info][gc,cpu         ] GC(384) User=1.16s Sys=0.00s Real=0.15s
. (rIR:aIR:PR = 5258:5259:5259) (tPR = 77995) [OK] 
  3518s: Performance info:
         Transaction,    Success,    Partial,     Failed,   Receipts, AvgBarcode, 
             Overall,     316102,          0,          0,     300273,      59.48, 
         Response times:
             Request,    Success,    Partial,     Failed,   SkipFail,     Probes,    Samples,      min,      p50,      p90,      p95,      p99,      max, 
       TotalPurchase,     300273,          0,          0,          0,     294617,     325073,      300,     3300,     5900,     7000,    42000,   282000,
     InStorePurchase,     158081,          0,          0,          0,     155492,     171233,      300,     3200,     5900,     7000,    41000,   282000,
      OnlinePurchase,     110568,          0,          0,          0,     108330,     119575,      300,     3400,     6000,     7000,    42000,   282000,
        InstPurchase,      31624,          0,          0,          0,      30795,      34265,      400,     3400,     6000,     7000,    43000,   281000,
          AssocOfCat,        315,          0,          0,          0,        237,        345,    23000,    32000,    43000,    48700,    89080,   190000,
      AssocOfProduct,       3153,          0,          0,          0,       2930,       3456,      400,     3500,     6200,     7200,    36000,   155000,
      BusinessReport,        790,          0,          0,          0,        661,        881,    21000,    34000,    48000,    53000,   100900,   212000,
          CustBuyBeh,       3173,          0,          0,          0,       2942,       3465,      300,     3400,     5900,     6900,    35000,   155000,
       ProductReturn,       8398,          0,          0,          0,       7967,       8961,      200,     3800,     6000,     7100,    42000,   155000,

  3518s: (39%)   IR =   5396 .....|.[3524.788s][info][gc,start       ] GC(385) Pause Young (Normal) (G1 Evacuation Pause)
[3524.788s][info][gc,task        ] GC(385) Using 8 workers of 8 for evacuation
[3524.938s][info][gc,phases      ] GC(385)   Pre Evacuate Collection Set: 0.26ms
[3524.938s][info][gc,phases      ] GC(385)   Merge Heap Roots: 0.54ms
[3524.938s][info][gc,phases      ] GC(385)   Evacuate Collection Set: 148.35ms
[3524.938s][info][gc,phases      ] GC(385)   Post Evacuate Collection Set: 1.05ms
[3524.939s][info][gc,phases      ] GC(385)   Other: 0.07ms
[3524.939s][info][gc,heap        ] GC(385) Eden regions: 570->0(570)
[3524.939s][info][gc,heap        ] GC(385) Survivor regions: 44->44(77)
[3524.939s][info][gc,heap        ] GC(385) Old regions: 269->277
[3524.939s][info][gc,heap        ] GC(385) Humongous regions: 33->33
[3524.939s][info][gc,metaspace   ] GC(385) Metaspace: 29988K(30144K)->29988K(30144K) NonClass: 29988K(30144K)->29988K(30144K) Class: 0K(0K)->0K(0K)
[3524.939s][info][gc             ] GC(385) Pause Young (Normal) (G1 Evacuation Pause) 7311M->2810M(8192M) 150.396ms
[3524.939s][info][gc,cpu         ] GC(385) User=1.19s Sys=0.00s Real=0.15s
.......[3531.868s][info][gc,start       ] GC(386) Pause Young (Normal) (G1 Evacuation Pause)
[3531.868s][info][gc,task        ] GC(386) Using 8 workers of 8 for evacuation
[3532.014s][info][gc,phases      ] GC(386)   Pre Evacuate Collection Set: 0.28ms
[3532.014s][info][gc,phases      ] GC(386)   Merge Heap Roots: 0.57ms
[3532.014s][info][gc,phases      ] GC(386)   Evacuate Collection Set: 144.34ms
[3532.014s][info][gc,phases      ] GC(386)   Post Evacuate Collection Set: 1.07ms
[3532.014s][info][gc,phases      ] GC(386)   Other: 0.06ms
[3532.014s][info][gc,heap        ] GC(386) Eden regions: 570->0(569)
[3532.014s][info][gc,heap        ] GC(386) Survivor regions: 44->43(77)
[3532.014s][info][gc,heap        ] GC(386) Old regions: 277->284
[3532.014s][info][gc,heap        ] GC(386) Humongous regions: 33->33
[3532.014s][info][gc,metaspace   ] GC(386) Metaspace: 29988K(30144K)->29988K(30144K) NonClass: 29988K(30144K)->29988K(30144K) Class: 0K(0K)->0K(0K)
[3532.014s][info][gc             ] GC(386) Pause Young (Normal) (G1 Evacuation Pause) 7370M->2863M(8192M) 146.447ms
[3532.014s][info][gc,cpu         ] GC(386) User=1.16s Sys=0.00s Real=0.15s
.......[3538.987s][info][gc,start       ] GC(387) Pause Young (Normal) (G1 Evacuation Pause)
[3538.987s][info][gc,task        ] GC(387) Using 8 workers of 8 for evacuation
[3539.134s][info][gc,phases      ] GC(387)   Pre Evacuate Collection Set: 0.28ms
[3539.134s][info][gc,phases      ] GC(387)   Merge Heap Roots: 0.51ms
[3539.134s][info][gc,phases      ] GC(387)   Evacuate Collection Set: 145.24ms
[3539.134s][info][gc,phases      ] GC(387)   Post Evacuate Collection Set: 1.05ms
[3539.134s][info][gc,phases      ] GC(387)   Other: 0.07ms
[3539.134s][info][gc,heap        ] GC(387) Eden regions: 569->0(562)
[3539.134s][info][gc,heap        ] GC(387) Survivor regions: 43->43(77)
[3539.134s][info][gc,heap        ] GC(387) Old regions: 284->291
[3539.134s][info][gc,heap        ] GC(387) Humongous regions: 33->33
[3539.134s][info][gc,metaspace   ] GC(387) Metaspace: 29988K(30144K)->29988K(30144K) NonClass: 29988K(30144K)->29988K(30144K) Class: 0K(0K)->0K(0K)
[3539.134s][info][gc             ] GC(387) Pause Young (Normal) (G1 Evacuation Pause) 7415M->2918M(8192M) 147.259ms
[3539.134s][info][gc,cpu         ] GC(387) User=1.17s Sys=0.00s Real=0.15s
.......[3546.043s][info][gc,start       ] GC(388) Pause Young (Normal) (G1 Evacuation Pause)
[3546.043s][info][gc,task        ] GC(388) Using 8 workers of 8 for evacuation
[3546.188s][info][gc,phases      ] GC(388)   Pre Evacuate Collection Set: 0.27ms
[3546.188s][info][gc,phases      ] GC(388)   Merge Heap Roots: 0.52ms
[3546.188s][info][gc,phases      ] GC(388)   Evacuate Collection Set: 143.16ms
[3546.188s][info][gc,phases      ] GC(388)   Post Evacuate Collection Set: 1.02ms
[3546.188s][info][gc,phases      ] GC(388)   Other: 0.06ms
[3546.188s][info][gc,heap        ] GC(388) Eden regions: 562->0(557)
[3546.188s][info][gc,heap        ] GC(388) Survivor regions: 43->42(76)
[3546.188s][info][gc,heap        ] GC(388) Old regions: 291->298
[3546.188s][info][gc,heap        ] GC(388) Humongous regions: 33->33
[3546.188s][info][gc,metaspace   ] GC(388) Metaspace: 29988K(30144K)->29988K(30144K) NonClass: 29988K(30144K)->29988K(30144K) Class: 0K(0K)->0K(0K)
[3546.188s][info][gc             ] GC(388) Pause Young (Normal) (G1 Evacuation Pause) 7414M->2962M(8192M) 145.208ms
[3546.188s][info][gc,cpu         ] GC(388) User=1.15s Sys=0.00s Real=0.14s
.......[3553.051s][info][gc,start       ] GC(389) Pause Young (Normal) (G1 Evacuation Pause)
[3553.051s][info][gc,task        ] GC(389) Using 8 workers of 8 for evacuation
[3553.195s][info][gc,phases      ] GC(389)   Pre Evacuate Collection Set: 0.29ms
[3553.195s][info][gc,phases      ] GC(389)   Merge Heap Roots: 0.61ms
[3553.195s][info][gc,phases      ] GC(389)   Evacuate Collection Set: 142.41ms
[3553.195s][info][gc,phases      ] GC(389)   Post Evacuate Collection Set: 1.00ms
[3553.195s][info][gc,phases      ] GC(389)   Other: 0.07ms
[3553.195s][info][gc,heap        ] GC(389) Eden regions: 557->0(550)
[3553.195s][info][gc,heap        ] GC(389) Survivor regions: 42->42(75)
[3553.195s][info][gc,heap        ] GC(389) Old regions: 298->305
[3553.195s][info][gc,heap        ] GC(389) Humongous regions: 33->33
[3553.195s][info][gc,metaspace   ] GC(389) Metaspace: 29988K(30144K)->29988K(30144K) NonClass: 29988K(30144K)->29988K(30144K) Class: 0K(0K)->0K(0K)
[3553.195s][info][gc             ] GC(389) Pause Young (Normal) (G1 Evacuation Pause) 7418M->3019M(8192M) 144.520ms
[3553.195s][info][gc,cpu         ] GC(389) User=1.15s Sys=0.00s Real=0.14s
.......[3559.867s][info][gc,start       ] GC(390) Pause Young (Normal) (G1 Evacuation Pause)
[3559.867s][info][gc,task        ] GC(390) Using 8 workers of 8 for evacuation
[3560.012s][info][gc,phases      ] GC(390)   Pre Evacuate Collection Set: 0.25ms
[3560.012s][info][gc,phases      ] GC(390)   Merge Heap Roots: 0.51ms
[3560.012s][info][gc,phases      ] GC(390)   Evacuate Collection Set: 143.41ms
[3560.012s][info][gc,phases      ] GC(390)   Post Evacuate Collection Set: 1.01ms
[3560.012s][info][gc,phases      ] GC(390)   Other: 0.07ms
[3560.012s][info][gc,heap        ] GC(390) Eden regions: 550->0(543)
[3560.012s][info][gc,heap        ] GC(390) Survivor regions: 42->42(74)
[3560.012s][info][gc,heap        ] GC(390) Old regions: 305->312
[3560.012s][info][gc,heap        ] GC(390) Humongous regions: 33->33
[3560.012s][info][gc,metaspace   ] GC(390) Metaspace: 29988K(30144K)->29988K(30144K) NonClass: 29988K(30144K)->29988K(30144K) Class: 0K(0K)->0K(0K)
[3560.012s][info][gc             ] GC(390) Pause Young (Normal) (G1 Evacuation Pause) 7419M->3078M(8192M) 145.370ms
[3560.012s][info][gc,cpu         ] GC(390) User=1.15s Sys=0.00s Real=0.15s
.......[3566.674s][info][gc,start       ] GC(391) Pause Young (Normal) (G1 Evacuation Pause)
[3566.674s][info][gc,task        ] GC(391) Using 8 workers of 8 for evacuation
[3566.820s][info][gc,phases      ] GC(391)   Pre Evacuate Collection Set: 0.26ms
[3566.820s][info][gc,phases      ] GC(391)   Merge Heap Roots: 0.53ms
[3566.820s][info][gc,phases      ] GC(391)   Evacuate Collection Set: 143.44ms
[3566.820s][info][gc,phases      ] GC(391)   Post Evacuate Collection Set: 1.04ms
[3566.820s][info][gc,phases      ] GC(391)   Other: 0.07ms
[3566.820s][info][gc,heap        ] GC(391) Eden regions: 543->0(535)
[3566.820s][info][gc,heap        ] GC(391) Survivor regions: 42->42(74)
[3566.820s][info][gc,heap        ] GC(391) Old regions: 312->320
[3566.820s][info][gc,heap        ] GC(391) Humongous regions: 33->33
[3566.820s][info][gc,metaspace   ] GC(391) Metaspace: 29988K(30144K)->29988K(30144K) NonClass: 29988K(30144K)->29988K(30144K) Class: 0K(0K)->0K(0K)
[3566.820s][info][gc             ] GC(391) Pause Young (Normal) (G1 Evacuation Pause) 7422M->3143M(8192M) 145.509ms
[3566.820s][info][gc,cpu         ] GC(391) User=1.15s Sys=0.00s Real=0.15s
......[3573.408s][info][gc,start       ] GC(392) Pause Young (Concurrent Start) (G1 Evacuation Pause)
[3573.408s][info][gc,task        ] GC(392) Using 8 workers of 8 for evacuation
[3573.550s][info][gc,phases      ] GC(392)   Pre Evacuate Collection Set: 0.29ms
[3573.550s][info][gc,phases      ] GC(392)   Merge Heap Roots: 0.52ms
[3573.550s][info][gc,phases      ] GC(392)   Evacuate Collection Set: 140.12ms
[3573.550s][info][gc,phases      ] GC(392)   Post Evacuate Collection Set: 1.00ms
[3573.550s][info][gc,phases      ] GC(392)   Other: 0.09ms
[3573.550s][info][gc,heap        ] GC(392) Eden regions: 535->0(529)
[3573.550s][info][gc,heap        ] GC(392) Survivor regions: 42->41(73)
[3573.550s][info][gc,heap        ] GC(392) Old regions: 320->328
[3573.550s][info][gc,heap        ] GC(392) Humongous regions: 33->33
[3573.550s][info][gc,metaspace   ] GC(392) Metaspace: 29988K(30144K)->29988K(30144K) NonClass: 29988K(30144K)->29988K(30144K) Class: 0K(0K)->0K(0K)
[3573.550s][info][gc             ] GC(392) Pause Young (Concurrent Start) (G1 Evacuation Pause) 7423M->3193M(8192M) 142.153ms
[3573.550s][info][gc             ] GC(393) Concurrent Mark Cycle
[3573.550s][info][gc,marking     ] GC(393) Concurrent Scan Root Regions
[3573.550s][info][gc,cpu         ] GC(392) User=1.12s Sys=0.00s Real=0.15s
.[3573.754s][info][gc,marking     ] GC(393) Concurrent Scan Root Regions 203.339ms
[3573.754s][info][gc,marking     ] GC(393) Concurrent Mark
[3573.754s][info][gc,marking     ] GC(393) Concurrent Mark From Roots
[3573.754s][info][gc,task        ] GC(393) Using 2 workers of 2 for marking
[3574.359s][info][gc,marking     ] GC(393) Concurrent Mark From Roots 605.440ms
[3574.359s][info][gc,marking     ] GC(393) Concurrent Preclean
[3574.359s][info][gc,marking     ] GC(393) Concurrent Preclean 0.123ms
[3574.359s][info][gc,start       ] GC(393) Pause Remark
[3574.362s][info][gc             ] GC(393) Pause Remark 3783M->3087M(8192M) 2.130ms
[3574.362s][info][gc,cpu         ] GC(393) User=0.01s Sys=0.00s Real=0.01s
[3574.362s][info][gc,marking     ] GC(393) Concurrent Mark 608.002ms
[3574.362s][info][gc,marking     ] GC(393) Concurrent Rebuild Remembered Sets and Scrub Regions
.[3574.832s][info][gc,marking     ] GC(393) Concurrent Rebuild Remembered Sets and Scrub Regions 470.425ms
[3574.832s][info][gc,start       ] GC(393) Pause Cleanup
[3574.833s][info][gc             ] GC(393) Pause Cleanup 3414M->3414M(8192M) 0.260ms
[3574.833s][info][gc,cpu         ] GC(393) User=0.00s Sys=0.00s Real=0.00s
[3574.833s][info][gc,marking     ] GC(393) Concurrent Clear Claimed Marks
[3574.833s][info][gc,marking     ] GC(393) Concurrent Clear Claimed Marks 0.045ms
[3574.833s][info][gc,marking     ] GC(393) Concurrent Cleanup for Next Mark
[3574.842s][info][gc,marking     ] GC(393) Concurrent Cleanup for Next Mark 9.120ms
[3574.842s][info][gc             ] GC(393) Concurrent Mark Cycle 1291.554ms
.....[3579.976s][info][gc,start       ] GC(394) Pause Young (Prepare Mixed) (G1 Evacuation Pause)
[3579.976s][info][gc,task        ] GC(394) Using 8 workers of 8 for evacuation
[3580.122s][info][gc,phases      ] GC(394)   Pre Evacuate Collection Set: 0.30ms
[3580.122s][info][gc,phases      ] GC(394)   Merge Heap Roots: 0.68ms
[3580.122s][info][gc,phases      ] GC(394)   Evacuate Collection Set: 144.16ms
[3580.122s][info][gc,phases      ] GC(394)   Post Evacuate Collection Set: 1.10ms
[3580.122s][info][gc,phases      ] GC(394)   Other: 0.08ms
[3580.122s][info][gc,heap        ] GC(394) Eden regions: 529->0(573)
[3580.122s][info][gc,heap        ] GC(394) Survivor regions: 41->41(72)
[3580.122s][info][gc,heap        ] GC(394) Old regions: 241->248
[3580.122s][info][gc,heap        ] GC(394) Humongous regions: 33->33
[3580.122s][info][gc,metaspace   ] GC(394) Metaspace: 29988K(30144K)->29988K(30144K) NonClass: 29988K(30144K)->29988K(30144K) Class: 0K(0K)->0K(0K)
[3580.122s][info][gc             ] GC(394) Pause Young (Prepare Mixed) (G1 Evacuation Pause) 6729M->2561M(8192M) 146.465ms
[3580.122s][info][gc,cpu         ] GC(394) User=1.16s Sys=0.00s Real=0.15s
.... (rIR:aIR:PR = 5396:5395:5395) (tPR = 79773) [OK] 
  3583s: Performance info:
         Transaction,    Success,    Partial,     Failed,   Receipts, AvgBarcode, 
             Overall,     324187,          0,          0,     307985,      59.48, 
         Response times:
             Request,    Success,    Partial,     Failed,   SkipFail,     Probes,    Samples,      min,      p50,      p90,      p95,      p99,      max, 
       TotalPurchase,     307985,          0,          0,          0,     301798,     328099,      300,     3400,     6100,     7300,    35000,   239000,
     InStorePurchase,     162122,          0,          0,          0,     158978,     172433,      400,     3500,     6100,     7300,    36000,   168000,
      OnlinePurchase,     113445,          0,          0,          0,     111269,     120865,      300,     3300,     6100,     7300,    34000,   167000,
        InstPurchase,      32418,          0,          0,          0,      31551,      34801,      500,     3500,     6200,     7400,    36000,   239000,
          AssocOfCat,        326,          0,          0,          0,        271,        369,    25000,    34000,    46000,    55000,   154200,   195000,
      AssocOfProduct,       3244,          0,          0,          0,       2991,       3399,      700,     3300,     6600,     7700,    29000,   152000,
      BusinessReport,        809,          0,          0,          0,        703,        865,    26000,    35000,    49000,    59000,   105340,   187000,
          CustBuyBeh,       3241,          0,          0,          0,       2978,       3456,      600,     3500,     6000,     7100,    32430,   153000,
       ProductReturn,       8583,          0,          0,          0,       8089,       9094,      200,     2700,     5800,     7000,    31050,   154000,

  3583s: (40%)   IR =   5535 ...[3587.072s][info][gc,start       ] GC(395) Pause Young (Mixed) (G1 Evacuation Pause)
[3587.072s][info][gc,task        ] GC(395) Using 8 workers of 8 for evacuation
[3587.221s][info][gc,phases      ] GC(395)   Pre Evacuate Collection Set: 0.31ms
[3587.221s][info][gc,phases      ] GC(395)   Merge Heap Roots: 0.80ms
[3587.221s][info][gc,phases      ] GC(395)   Evacuate Collection Set: 146.64ms
[3587.221s][info][gc,phases      ] GC(395)   Post Evacuate Collection Set: 1.28ms
[3587.221s][info][gc,phases      ] GC(395)   Other: 0.07ms
[3587.221s][info][gc,heap        ] GC(395) Eden regions: 573->0(573)
[3587.221s][info][gc,heap        ] GC(395) Survivor regions: 41->41(77)
[3587.221s][info][gc,heap        ] GC(395) Old regions: 248->154
[3587.221s][info][gc,heap        ] GC(395) Humongous regions: 33->33
[3587.221s][info][gc,metaspace   ] GC(395) Metaspace: 29988K(30144K)->29988K(30144K) NonClass: 29988K(30144K)->29988K(30144K) Class: 0K(0K)->0K(0K)
[3587.221s][info][gc             ] GC(395) Pause Young (Mixed) (G1 Evacuation Pause) 7145M->1805M(8192M) 149.238ms
[3587.221s][info][gc,cpu         ] GC(395) User=1.18s Sys=0.00s Real=0.15s
...|....[3594.012s][info][gc,start       ] GC(396) Pause Young (Mixed) (G1 Evacuation Pause)
[3594.012s][info][gc,task        ] GC(396) Using 8 workers of 8 for evacuation
[3594.164s][info][gc,phases      ] GC(396)   Pre Evacuate Collection Set: 0.29ms
[3594.164s][info][gc,phases      ] GC(396)   Merge Heap Roots: 0.76ms
[3594.164s][info][gc,phases      ] GC(396)   Evacuate Collection Set: 149.74ms
[3594.164s][info][gc,phases      ] GC(396)   Post Evacuate Collection Set: 1.09ms
[3594.164s][info][gc,phases      ] GC(396)   Other: 0.07ms
[3594.164s][info][gc,heap        ] GC(396) Eden regions: 573->0(572)
[3594.164s][info][gc,heap        ] GC(396) Survivor regions: 41->42(77)
[3594.164s][info][gc,heap        ] GC(396) Old regions: 154->143
[3594.164s][info][gc,heap        ] GC(396) Humongous regions: 33->33
[3594.164s][info][gc,metaspace   ] GC(396) Metaspace: 29988K(30144K)->29988K(30144K) NonClass: 29988K(30144K)->29988K(30144K) Class: 0K(0K)->0K(0K)
[3594.164s][info][gc             ] GC(396) Pause Young (Mixed) (G1 Evacuation Pause) 6389M->1728M(8192M) 152.070ms
[3594.164s][info][gc,cpu         ] GC(396) User=1.20s Sys=0.00s Real=0.15s
.......[3601.015s][info][gc,start       ] GC(397) Pause Young (Normal) (G1 Evacuation Pause)
[3601.015s][info][gc,task        ] GC(397) Using 8 workers of 8 for evacuation
[3601.161s][info][gc,phases      ] GC(397)   Pre Evacuate Collection Set: 0.24ms
[3601.161s][info][gc,phases      ] GC(397)   Merge Heap Roots: 0.50ms
[3601.161s][info][gc,phases      ] GC(397)   Evacuate Collection Set: 144.45ms
[3601.161s][info][gc,phases      ] GC(397)   Post Evacuate Collection Set: 1.02ms
[3601.161s][info][gc,phases      ] GC(397)   Other: 0.07ms
[3601.161s][info][gc,heap        ] GC(397) Eden regions: 572->0(571)
[3601.161s][info][gc,heap        ] GC(397) Survivor regions: 42->43(77)
[3601.161s][info][gc,heap        ] GC(397) Old regions: 143->150
[3601.161s][info][gc,heap        ] GC(397) Humongous regions: 33->33
[3601.161s][info][gc,metaspace   ] GC(397) Metaspace: 29988K(30144K)->29988K(30144K) NonClass: 29988K(30144K)->29988K(30144K) Class: 0K(0K)->0K(0K)
[3601.161s][info][gc             ] GC(397) Pause Young (Normal) (G1 Evacuation Pause) 6304M->1793M(8192M) 146.400ms
[3601.161s][info][gc,cpu         ] GC(397) User=1.15s Sys=0.00s Real=0.15s
.......[3607.954s][info][gc,start       ] GC(398) Pause Young (Normal) (G1 Evacuation Pause)
[3607.954s][info][gc,task        ] GC(398) Using 8 workers of 8 for evacuation
[3608.104s][info][gc,phases      ] GC(398)   Pre Evacuate Collection Set: 0.25ms
[3608.104s][info][gc,phases      ] GC(398)   Merge Heap Roots: 0.52ms
[3608.104s][info][gc,phases      ] GC(398)   Evacuate Collection Set: 148.26ms
[3608.104s][info][gc,phases      ] GC(398)   Post Evacuate Collection Set: 1.01ms
[3608.104s][info][gc,phases      ] GC(398)   Other: 0.06ms
[3608.104s][info][gc,heap        ] GC(398) Eden regions: 571->0(570)
[3608.104s][info][gc,heap        ] GC(398) Survivor regions: 43->44(77)
[3608.104s][info][gc,heap        ] GC(398) Old regions: 150->157
[3608.104s][info][gc,heap        ] GC(398) Humongous regions: 33->33
[3608.104s][info][gc,metaspace   ] GC(398) Metaspace: 29988K(30144K)->29988K(30144K) NonClass: 29988K(30144K)->29988K(30144K) Class: 0K(0K)->0K(0K)
[3608.104s][info][gc             ] GC(398) Pause Young (Normal) (G1 Evacuation Pause) 6361M->1855M(8192M) 150.237ms
[3608.104s][info][gc,cpu         ] GC(398) User=1.19s Sys=0.00s Real=0.15s
.......[3614.876s][info][gc,start       ] GC(399) Pause Young (Normal) (G1 Evacuation Pause)
[3614.876s][info][gc,task        ] GC(399) Using 8 workers of 8 for evacuation
[3615.022s][info][gc,phases      ] GC(399)   Pre Evacuate Collection Set: 0.27ms
[3615.022s][info][gc,phases      ] GC(399)   Merge Heap Roots: 0.50ms
[3615.022s][info][gc,phases      ] GC(399)   Evacuate Collection Set: 144.14ms
[3615.022s][info][gc,phases      ] GC(399)   Post Evacuate Collection Set: 1.02ms
[3615.022s][info][gc,phases      ] GC(399)   Other: 0.07ms
[3615.022s][info][gc,heap        ] GC(399) Eden regions: 570->0(571)
[3615.022s][info][gc,heap        ] GC(399) Survivor regions: 44->43(77)
[3615.022s][info][gc,heap        ] GC(399) Old regions: 157->164
[3615.022s][info][gc,heap        ] GC(399) Humongous regions: 33->33
[3615.022s][info][gc,metaspace   ] GC(399) Metaspace: 29988K(30144K)->29988K(30144K) NonClass: 29988K(30144K)->29988K(30144K) Class: 0K(0K)->0K(0K)
[3615.022s][info][gc             ] GC(399) Pause Young (Normal) (G1 Evacuation Pause) 6415M->1907M(8192M) 146.133ms
[3615.022s][info][gc,cpu         ] GC(399) User=1.16s Sys=0.00s Real=0.15s
.......[3621.774s][info][gc,start       ] GC(400) Pause Young (Normal) (G1 Evacuation Pause)
[3621.774s][info][gc,task        ] GC(400) Using 8 workers of 8 for evacuation
[3621.920s][info][gc,phases      ] GC(400)   Pre Evacuate Collection Set: 0.25ms
[3621.920s][info][gc,phases      ] GC(400)   Merge Heap Roots: 0.52ms
[3621.920s][info][gc,phases      ] GC(400)   Evacuate Collection Set: 143.55ms
[3621.920s][info][gc,phases      ] GC(400)   Post Evacuate Collection Set: 1.02ms
[3621.920s][info][gc,phases      ] GC(400)   Other: 0.07ms
[3621.920s][info][gc,heap        ] GC(400) Eden regions: 571->0(571)
[3621.920s][info][gc,heap        ] GC(400) Survivor regions: 43->43(77)
[3621.920s][info][gc,heap        ] GC(400) Old regions: 164->171
[3621.920s][info][gc,heap        ] GC(400) Humongous regions: 33->33
[3621.920s][info][gc,metaspace   ] GC(400) Metaspace: 29988K(30144K)->29988K(30144K) NonClass: 29988K(30144K)->29988K(30144K) Class: 0K(0K)->0K(0K)
[3621.920s][info][gc             ] GC(400) Pause Young (Normal) (G1 Evacuation Pause) 6475M->1963M(8192M) 145.556ms
[3621.920s][info][gc,cpu         ] GC(400) User=1.15s Sys=0.00s Real=0.15s
.......[3628.824s][info][gc,start       ] GC(401) Pause Young (Normal) (G1 Evacuation Pause)
[3628.824s][info][gc,task        ] GC(401) Using 8 workers of 8 for evacuation
[3628.971s][info][gc,phases      ] GC(401)   Pre Evacuate Collection Set: 0.26ms
[3628.971s][info][gc,phases      ] GC(401)   Merge Heap Roots: 0.56ms
[3628.971s][info][gc,phases      ] GC(401)   Evacuate Collection Set: 145.34ms
[3628.971s][info][gc,phases      ] GC(401)   Post Evacuate Collection Set: 1.01ms
[3628.971s][info][gc,phases      ] GC(401)   Other: 0.07ms
[3628.971s][info][gc,heap        ] GC(401) Eden regions: 571->0(571)
[3628.971s][info][gc,heap        ] GC(401) Survivor regions: 43->43(77)
[3628.971s][info][gc,heap        ] GC(401) Old regions: 171->179
[3628.971s][info][gc,heap        ] GC(401) Humongous regions: 33->33
[3628.971s][info][gc,metaspace   ] GC(401) Metaspace: 29988K(30144K)->29988K(30144K) NonClass: 29988K(30144K)->29988K(30144K) Class: 0K(0K)->0K(0K)
[3628.971s][info][gc             ] GC(401) Pause Young (Normal) (G1 Evacuation Pause) 6531M->2021M(8192M) 147.368ms
[3628.971s][info][gc,cpu         ] GC(401) User=1.17s Sys=0.00s Real=0.15s
.......[3635.761s][info][gc,start       ] GC(402) Pause Young (Normal) (G1 Evacuation Pause)
[3635.761s][info][gc,task        ] GC(402) Using 8 workers of 8 for evacuation
[3635.907s][info][gc,phases      ] GC(402)   Pre Evacuate Collection Set: 0.28ms
[3635.907s][info][gc,phases      ] GC(402)   Merge Heap Roots: 0.51ms
[3635.907s][info][gc,phases      ] GC(402)   Evacuate Collection Set: 144.04ms
[3635.907s][info][gc,phases      ] GC(402)   Post Evacuate Collection Set: 1.01ms
[3635.907s][info][gc,phases      ] GC(402)   Other: 0.06ms
[3635.907s][info][gc,heap        ] GC(402) Eden regions: 571->0(571)
[3635.907s][info][gc,heap        ] GC(402) Survivor regions: 43->43(77)
[3635.907s][info][gc,heap        ] GC(402) Old regions: 179->185
[3635.907s][info][gc,heap        ] GC(402) Humongous regions: 33->33
[3635.907s][info][gc,metaspace   ] GC(402) Metaspace: 29991K(30144K)->29991K(30144K) NonClass: 29991K(30144K)->29991K(30144K) Class: 0K(0K)->0K(0K)
[3635.907s][info][gc             ] GC(402) Pause Young (Normal) (G1 Evacuation Pause) 6589M->2071M(8192M) 146.043ms
[3635.907s][info][gc,cpu         ] GC(402) User=1.16s Sys=0.00s Real=0.14s
.......[3642.699s][info][gc,start       ] GC(403) Pause Young (Normal) (G1 Evacuation Pause)
[3642.699s][info][gc,task        ] GC(403) Using 8 workers of 8 for evacuation
[3642.844s][info][gc,phases      ] GC(403)   Pre Evacuate Collection Set: 0.25ms
[3642.844s][info][gc,phases      ] GC(403)   Merge Heap Roots: 0.50ms
[3642.844s][info][gc,phases      ] GC(403)   Evacuate Collection Set: 143.09ms
[3642.844s][info][gc,phases      ] GC(403)   Post Evacuate Collection Set: 1.02ms
[3642.844s][info][gc,phases      ] GC(403)   Other: 0.06ms
[3642.844s][info][gc,heap        ] GC(403) Eden regions: 571->0(571)
[3642.844s][info][gc,heap        ] GC(403) Survivor regions: 43->43(77)
[3642.844s][info][gc,heap        ] GC(403) Old regions: 185->192
[3642.844s][info][gc,heap        ] GC(403) Humongous regions: 33->33
[3642.844s][info][gc,metaspace   ] GC(403) Metaspace: 29991K(30144K)->29991K(30144K) NonClass: 29991K(30144K)->29991K(30144K) Class: 0K(0K)->0K(0K)
[3642.844s][info][gc             ] GC(403) Pause Young (Normal) (G1 Evacuation Pause) 6639M->2127M(8192M) 145.061ms
[3642.844s][info][gc,cpu         ] GC(403) User=1.15s Sys=0.00s Real=0.15s
.......[3649.642s][info][gc,start       ] GC(404) Pause Young (Normal) (G1 Evacuation Pause)
[3649.642s][info][gc,task        ] GC(404) Using 8 workers of 8 for evacuation
[3649.788s][info][gc,phases      ] GC(404)   Pre Evacuate Collection Set: 0.27ms
[3649.788s][info][gc,phases      ] GC(404)   Merge Heap Roots: 0.57ms
[3649.788s][info][gc,phases      ] GC(404)   Evacuate Collection Set: 144.76ms
[3649.788s][info][gc,phases      ] GC(404)   Post Evacuate Collection Set: 1.05ms
[3649.788s][info][gc,phases      ] GC(404)   Other: 0.07ms
[3649.789s][info][gc,heap        ] GC(404) Eden regions: 571->0(571)
[3649.789s][info][gc,heap        ] GC(404) Survivor regions: 43->43(77)
[3649.789s][info][gc,heap        ] GC(404) Old regions: 192->199
[3649.789s][info][gc,heap        ] GC(404) Humongous regions: 33->33
[3649.789s][info][gc,metaspace   ] GC(404) Metaspace: 29991K(30144K)->29991K(30144K) NonClass: 29991K(30144K)->29991K(30144K) Class: 0K(0K)->0K(0K)
[3649.789s][info][gc             ] GC(404) Pause Young (Normal) (G1 Evacuation Pause) 6695M->2183M(8192M) 146.860ms
[3649.789s][info][gc,cpu         ] GC(404) User=1.16s Sys=0.00s Real=0.14s
 (rIR:aIR:PR = 5535:5535:5535) (tPR = 81870) [OK] 
  3649s: Performance info:
         Transaction,    Success,    Partial,     Failed,   Receipts, AvgBarcode, 
             Overall,     332266,          0,          0,     315656,      59.48, 
         Response times:
             Request,    Success,    Partial,     Failed,   SkipFail,     Probes,    Samples,      min,      p50,      p90,      p95,      p99,      max, 
       TotalPurchase,     315616,          0,          0,          0,     310252,     341677,      300,     3500,     6300,     7300,    35000,   161000,
     InStorePurchase,     166137,          0,          0,          0,     163751,     179961,      400,     3600,     6200,     7300,    36000,   160000,
      OnlinePurchase,     116253,          0,          0,          0,     114075,     125736,      300,     3500,     6300,     7400,    34000,   161000,
        InstPurchase,      33226,          0,          0,          0,      32426,      35980,      500,     3400,     6300,     7400,    34000,   160000,
          AssocOfCat,        332,          0,          0,          0,        268,        385,    25000,    33000,    45000,    50000,    78140,   189000,
      AssocOfProduct,       3317,          0,          0,          0,       3097,       3671,      600,     3600,     6900,     8200,    29000,   157000,
      BusinessReport,        832,          0,          0,          0,        702,        863,    23000,    34000,    49000,    53000,   104360,   204000,
          CustBuyBeh,       3318,          0,          0,          0,       3077,       3659,      300,     4000,     6100,     7400,    47000,   160000,
       ProductReturn,       8810,          0,          0,          0,       8350,       9524,      200,     3400,     5900,     6800,    36000,   160000,

  3649s: (41%)   IR =   5673 ......[3656.502s][info][gc,start       ] GC(405) Pause Young (Normal) (G1 Evacuation Pause)
[3656.502s][info][gc,task        ] GC(405) Using 8 workers of 8 for evacuation
[3656.652s][info][gc,phases      ] GC(405)   Pre Evacuate Collection Set: 0.23ms
[3656.652s][info][gc,phases      ] GC(405)   Merge Heap Roots: 0.51ms
[3656.652s][info][gc,phases      ] GC(405)   Evacuate Collection Set: 148.55ms
[3656.652s][info][gc,phases      ] GC(405)   Post Evacuate Collection Set: 1.06ms
[3656.652s][info][gc,phases      ] GC(405)   Other: 0.07ms
[3656.652s][info][gc,heap        ] GC(405) Eden regions: 571->0(570)
[3656.652s][info][gc,heap        ] GC(405) Survivor regions: 43->44(77)
[3656.652s][info][gc,heap        ] GC(405) Old regions: 199->206
[3656.652s][info][gc,heap        ] GC(405) Humongous regions: 33->33
[3656.652s][info][gc,metaspace   ] GC(405) Metaspace: 29991K(30144K)->29991K(30144K) NonClass: 29991K(30144K)->29991K(30144K) Class: 0K(0K)->0K(0K)
[3656.652s][info][gc             ] GC(405) Pause Young (Normal) (G1 Evacuation Pause) 6751M->2247M(8192M) 150.552ms
[3656.652s][info][gc,cpu         ] GC(405) User=1.19s Sys=0.00s Real=0.15s
.|......[3663.185s][info][gc,start       ] GC(406) Pause Young (Normal) (G1 Evacuation Pause)
[3663.185s][info][gc,task        ] GC(406) Using 8 workers of 8 for evacuation
[3663.334s][info][gc,phases      ] GC(406)   Pre Evacuate Collection Set: 0.27ms
[3663.334s][info][gc,phases      ] GC(406)   Merge Heap Roots: 0.50ms
[3663.334s][info][gc,phases      ] GC(406)   Evacuate Collection Set: 147.09ms
[3663.334s][info][gc,phases      ] GC(406)   Post Evacuate Collection Set: 1.03ms
[3663.334s][info][gc,phases      ] GC(406)   Other: 0.06ms
[3663.334s][info][gc,heap        ] GC(406) Eden regions: 570->0(570)
[3663.334s][info][gc,heap        ] GC(406) Survivor regions: 44->44(77)
[3663.334s][info][gc,heap        ] GC(406) Old regions: 206->214
[3663.334s][info][gc,heap        ] GC(406) Humongous regions: 33->33
[3663.334s][info][gc,metaspace   ] GC(406) Metaspace: 29991K(30144K)->29991K(30144K) NonClass: 29991K(30144K)->29991K(30144K) Class: 0K(0K)->0K(0K)
[3663.334s][info][gc             ] GC(406) Pause Young (Normal) (G1 Evacuation Pause) 6807M->2305M(8192M) 149.088ms
[3663.334s][info][gc,cpu         ] GC(406) User=1.19s Sys=0.00s Real=0.15s
.......[3670.075s][info][gc,start       ] GC(407) Pause Young (Normal) (G1 Evacuation Pause)
[3670.075s][info][gc,task        ] GC(407) Using 8 workers of 8 for evacuation
[3670.221s][info][gc,phases      ] GC(407)   Pre Evacuate Collection Set: 0.24ms
[3670.221s][info][gc,phases      ] GC(407)   Merge Heap Roots: 0.51ms
[3670.221s][info][gc,phases      ] GC(407)   Evacuate Collection Set: 144.44ms
[3670.221s][info][gc,phases      ] GC(407)   Post Evacuate Collection Set: 1.01ms
[3670.221s][info][gc,phases      ] GC(407)   Other: 0.06ms
[3670.221s][info][gc,heap        ] GC(407) Eden regions: 570->0(571)
[3670.221s][info][gc,heap        ] GC(407) Survivor regions: 44->43(77)
[3670.221s][info][gc,heap        ] GC(407) Old regions: 214->221
[3670.221s][info][gc,heap        ] GC(407) Humongous regions: 33->33
[3670.221s][info][gc,metaspace   ] GC(407) Metaspace: 29991K(30144K)->29991K(30144K) NonClass: 29991K(30144K)->29991K(30144K) Class: 0K(0K)->0K(0K)
[3670.221s][info][gc             ] GC(407) Pause Young (Normal) (G1 Evacuation Pause) 6865M->2359M(8192M) 146.388ms
[3670.221s][info][gc,cpu         ] GC(407) User=1.16s Sys=0.00s Real=0.15s
......[3676.794s][info][gc,start       ] GC(408) Pause Young (Normal) (G1 Evacuation Pause)
[3676.794s][info][gc,task        ] GC(408) Using 8 workers of 8 for evacuation
[3676.941s][info][gc,phases      ] GC(408)   Pre Evacuate Collection Set: 0.26ms
[3676.942s][info][gc,phases      ] GC(408)   Merge Heap Roots: 0.61ms
[3676.942s][info][gc,phases      ] GC(408)   Evacuate Collection Set: 144.58ms
[3676.942s][info][gc,phases      ] GC(408)   Post Evacuate Collection Set: 1.03ms
[3676.942s][info][gc,phases      ] GC(408)   Other: 0.07ms
[3676.942s][info][gc,heap        ] GC(408) Eden regions: 571->0(570)
[3676.942s][info][gc,heap        ] GC(408) Survivor regions: 43->44(77)
[3676.942s][info][gc,heap        ] GC(408) Old regions: 221->228
[3676.942s][info][gc,heap        ] GC(408) Humongous regions: 33->33
[3676.942s][info][gc,metaspace   ] GC(408) Metaspace: 29991K(30144K)->29991K(30144K) NonClass: 29991K(30144K)->29991K(30144K) Class: 0K(0K)->0K(0K)
[3676.942s][info][gc             ] GC(408) Pause Young (Normal) (G1 Evacuation Pause) 6927M->2421M(8192M) 147.504ms
[3676.942s][info][gc,cpu         ] GC(408) User=1.16s Sys=0.00s Real=0.15s
.......[3683.502s][info][gc,start       ] GC(409) Pause Young (Normal) (G1 Evacuation Pause)
[3683.502s][info][gc,task        ] GC(409) Using 8 workers of 8 for evacuation
[3683.654s][info][gc,phases      ] GC(409)   Pre Evacuate Collection Set: 0.28ms
[3683.654s][info][gc,phases      ] GC(409)   Merge Heap Roots: 0.63ms
[3683.654s][info][gc,phases      ] GC(409)   Evacuate Collection Set: 149.44ms
[3683.654s][info][gc,phases      ] GC(409)   Post Evacuate Collection Set: 1.02ms
[3683.654s][info][gc,phases      ] GC(409)   Other: 0.07ms
[3683.654s][info][gc,heap        ] GC(409) Eden regions: 570->0(571)
[3683.654s][info][gc,heap        ] GC(409) Survivor regions: 44->43(77)
[3683.654s][info][gc,heap        ] GC(409) Old regions: 228->235
[3683.654s][info][gc,heap        ] GC(409) Humongous regions: 33->33
[3683.654s][info][gc,metaspace   ] GC(409) Metaspace: 29991K(30144K)->29991K(30144K) NonClass: 29991K(30144K)->29991K(30144K) Class: 0K(0K)->0K(0K)
[3683.654s][info][gc             ] GC(409) Pause Young (Normal) (G1 Evacuation Pause) 6981M->2474M(8192M) 151.568ms
[3683.654s][info][gc,cpu         ] GC(409) User=1.20s Sys=0.00s Real=0.15s
.......[3690.342s][info][gc,start       ] GC(410) Pause Young (Normal) (G1 Evacuation Pause)
[3690.342s][info][gc,task        ] GC(410) Using 8 workers of 8 for evacuation
[3690.490s][info][gc,phases      ] GC(410)   Pre Evacuate Collection Set: 0.25ms
[3690.490s][info][gc,phases      ] GC(410)   Merge Heap Roots: 0.53ms
[3690.490s][info][gc,phases      ] GC(410)   Evacuate Collection Set: 146.04ms
[3690.490s][info][gc,phases      ] GC(410)   Post Evacuate Collection Set: 1.06ms
[3690.490s][info][gc,phases      ] GC(410)   Other: 0.08ms
[3690.490s][info][gc,heap        ] GC(410) Eden regions: 571->0(571)
[3690.490s][info][gc,heap        ] GC(410) Survivor regions: 43->43(77)
[3690.490s][info][gc,heap        ] GC(410) Old regions: 235->242
[3690.490s][info][gc,heap        ] GC(410) Humongous regions: 33->33
[3690.490s][info][gc,metaspace   ] GC(410) Metaspace: 29991K(30144K)->29991K(30144K) NonClass: 29991K(30144K)->29991K(30144K) Class: 0K(0K)->0K(0K)
[3690.490s][info][gc             ] GC(410) Pause Young (Normal) (G1 Evacuation Pause) 7042M->2527M(8192M) 148.095ms
[3690.490s][info][gc,cpu         ] GC(410) User=1.17s Sys=0.00s Real=0.15s
.......[3697.165s][info][gc,start       ] GC(411) Pause Young (Normal) (G1 Evacuation Pause)
[3697.165s][info][gc,task        ] GC(411) Using 8 workers of 8 for evacuation
[3697.312s][info][gc,phases      ] GC(411)   Pre Evacuate Collection Set: 0.28ms
[3697.312s][info][gc,phases      ] GC(411)   Merge Heap Roots: 0.60ms
[3697.312s][info][gc,phases      ] GC(411)   Evacuate Collection Set: 145.11ms
[3697.312s][info][gc,phases      ] GC(411)   Post Evacuate Collection Set: 1.02ms
[3697.312s][info][gc,phases      ] GC(411)   Other: 0.06ms
[3697.312s][info][gc,heap        ] GC(411) Eden regions: 571->0(571)
[3697.312s][info][gc,heap        ] GC(411) Survivor regions: 43->43(77)
[3697.312s][info][gc,heap        ] GC(411) Old regions: 242->249
[3697.312s][info][gc,heap        ] GC(411) Humongous regions: 33->33
[3697.312s][info][gc,metaspace   ] GC(411) Metaspace: 29991K(30144K)->29991K(30144K) NonClass: 29991K(30144K)->29991K(30144K) Class: 0K(0K)->0K(0K)
[3697.312s][info][gc             ] GC(411) Pause Young (Normal) (G1 Evacuation Pause) 7095M->2581M(8192M) 147.217ms
[3697.312s][info][gc,cpu         ] GC(411) User=1.17s Sys=0.00s Real=0.15s
......[3703.881s][info][gc,start       ] GC(412) Pause Young (Normal) (G1 Evacuation Pause)
[3703.881s][info][gc,task        ] GC(412) Using 8 workers of 8 for evacuation
[3704.029s][info][gc,phases      ] GC(412)   Pre Evacuate Collection Set: 0.24ms
[3704.029s][info][gc,phases      ] GC(412)   Merge Heap Roots: 0.51ms
[3704.029s][info][gc,phases      ] GC(412)   Evacuate Collection Set: 146.29ms
[3704.029s][info][gc,phases      ] GC(412)   Post Evacuate Collection Set: 1.00ms
[3704.029s][info][gc,phases      ] GC(412)   Other: 0.07ms
[3704.029s][info][gc,heap        ] GC(412) Eden regions: 571->0(571)
[3704.029s][info][gc,heap        ] GC(412) Survivor regions: 43->43(77)
[3704.029s][info][gc,heap        ] GC(412) Old regions: 249->256
[3704.029s][info][gc,heap        ] GC(412) Humongous regions: 33->33
[3704.029s][info][gc,metaspace   ] GC(412) Metaspace: 29991K(30144K)->29991K(30144K) NonClass: 29991K(30144K)->29991K(30144K) Class: 0K(0K)->0K(0K)
[3704.029s][info][gc             ] GC(412) Pause Young (Normal) (G1 Evacuation Pause) 7149M->2639M(8192M) 148.230ms
[3704.029s][info][gc,cpu         ] GC(412) User=1.18s Sys=0.00s Real=0.14s
.......[3710.679s][info][gc,start       ] GC(413) Pause Young (Normal) (G1 Evacuation Pause)
[3710.679s][info][gc,task        ] GC(413) Using 8 workers of 8 for evacuation
[3710.825s][info][gc,phases      ] GC(413)   Pre Evacuate Collection Set: 0.25ms
[3710.825s][info][gc,phases      ] GC(413)   Merge Heap Roots: 0.51ms
[3710.825s][info][gc,phases      ] GC(413)   Evacuate Collection Set: 143.67ms
[3710.825s][info][gc,phases      ] GC(413)   Post Evacuate Collection Set: 1.03ms
[3710.825s][info][gc,phases      ] GC(413)   Other: 0.06ms
[3710.825s][info][gc,heap        ] GC(413) Eden regions: 571->0(571)
[3710.825s][info][gc,heap        ] GC(413) Survivor regions: 43->43(77)
[3710.825s][info][gc,heap        ] GC(413) Old regions: 256->263
[3710.825s][info][gc,heap        ] GC(413) Humongous regions: 33->33
[3710.825s][info][gc,metaspace   ] GC(413) Metaspace: 29991K(30144K)->29991K(30144K) NonClass: 29991K(30144K)->29991K(30144K) Class: 0K(0K)->0K(0K)
[3710.825s][info][gc             ] GC(413) Pause Young (Normal) (G1 Evacuation Pause) 7207M->2699M(8192M) 145.640ms
[3710.825s][info][gc,cpu         ] GC(413) User=1.15s Sys=0.00s Real=0.15s
....... (rIR:aIR:PR = 5673:5673:5673) (tPR = 84387) [OK] 
  3716s: Performance info:
         Transaction,    Success,    Partial,     Failed,   Receipts, AvgBarcode, 
             Overall,     341223,          0,          0,     324142,      59.48, 
         Response times:
             Request,    Success,    Partial,     Failed,   SkipFail,     Probes,    Samples,      min,      p50,      p90,      p95,      p99,      max, 
       TotalPurchase,     324142,          0,          0,          0,     318562,     356848,      300,     3600,     6400,     7500,    42000,   242000,
     InStorePurchase,     170582,          0,          0,          0,     167736,     187557,      400,     3500,     6300,     7500,    42000,   241000,
      OnlinePurchase,     119431,          0,          0,          0,     117553,     131587,      300,     3600,     6400,     7600,    42000,   242000,
        InstPurchase,      34129,          0,          0,          0,      33273,      37704,      500,     3700,     6400,     7500,    42000,   240000,
          AssocOfCat,        340,          0,          0,          0,        272,        384,    23000,    34000,    49500,    64750,   197150,   203000,
      AssocOfProduct,       3412,          0,          0,          0,       3152,       3705,      400,     4200,     6800,     8300,    47000,   212000,
      BusinessReport,        855,          0,          0,          0,        721,        911,    26000,    35000,    51000,    63000,   176240,   206000,
          CustBuyBeh,       3413,          0,          0,          0,       3157,       3698,      200,     3900,     6200,     7400,    49000,   162000,
       ProductReturn,       9060,          0,          0,          0,       8584,       9955,      200,     2900,     6100,     7200,    37000,   241000,

  3716s: (42%)   IR =   5812 [3717.496s][info][gc,start       ] GC(414) Pause Young (Normal) (G1 Evacuation Pause)
[3717.496s][info][gc,task        ] GC(414) Using 8 workers of 8 for evacuation
[3717.642s][info][gc,phases      ] GC(414)   Pre Evacuate Collection Set: 0.25ms
[3717.642s][info][gc,phases      ] GC(414)   Merge Heap Roots: 0.59ms
[3717.642s][info][gc,phases      ] GC(414)   Evacuate Collection Set: 143.94ms
[3717.642s][info][gc,phases      ] GC(414)   Post Evacuate Collection Set: 1.05ms
[3717.642s][info][gc,phases      ] GC(414)   Other: 0.06ms
[3717.642s][info][gc,heap        ] GC(414) Eden regions: 571->0(572)
[3717.642s][info][gc,heap        ] GC(414) Survivor regions: 43->42(77)
[3717.642s][info][gc,heap        ] GC(414) Old regions: 263->270
[3717.642s][info][gc,heap        ] GC(414) Humongous regions: 33->33
[3717.642s][info][gc,metaspace   ] GC(414) Metaspace: 29991K(30144K)->29991K(30144K) NonClass: 29991K(30144K)->29991K(30144K) Class: 0K(0K)->0K(0K)
[3717.642s][info][gc             ] GC(414) Pause Young (Normal) (G1 Evacuation Pause) 7267M->2746M(8192M) 146.031ms
[3717.642s][info][gc,cpu         ] GC(414) User=1.15s Sys=0.00s Real=0.15s
....|..[3724.097s][info][gc,start       ] GC(415) Pause Young (Normal) (G1 Evacuation Pause)
[3724.097s][info][gc,task        ] GC(415) Using 8 workers of 8 for evacuation
[3724.245s][info][gc,phases      ] GC(415)   Pre Evacuate Collection Set: 0.30ms
[3724.245s][info][gc,phases      ] GC(415)   Merge Heap Roots: 0.60ms
[3724.245s][info][gc,phases      ] GC(415)   Evacuate Collection Set: 146.44ms
[3724.245s][info][gc,phases      ] GC(415)   Post Evacuate Collection Set: 1.10ms
[3724.245s][info][gc,phases      ] GC(415)   Other: 0.06ms
[3724.245s][info][gc,heap        ] GC(415) Eden regions: 572->0(571)
[3724.245s][info][gc,heap        ] GC(415) Survivor regions: 42->43(77)
[3724.245s][info][gc,heap        ] GC(415) Old regions: 270->277
[3724.245s][info][gc,heap        ] GC(415) Humongous regions: 33->33
[3724.245s][info][gc,metaspace   ] GC(415) Metaspace: 29991K(30144K)->29991K(30144K) NonClass: 29991K(30144K)->29991K(30144K) Class: 0K(0K)->0K(0K)
[3724.246s][info][gc             ] GC(415) Pause Young (Normal) (G1 Evacuation Pause) 7322M->2810M(8192M) 148.630ms
[3724.246s][info][gc,cpu         ] GC(415) User=1.17s Sys=0.00s Real=0.15s
.......[3730.794s][info][gc,start       ] GC(416) Pause Young (Normal) (G1 Evacuation Pause)
[3730.794s][info][gc,task        ] GC(416) Using 8 workers of 8 for evacuation
[3730.941s][info][gc,phases      ] GC(416)   Pre Evacuate Collection Set: 0.23ms
[3730.941s][info][gc,phases      ] GC(416)   Merge Heap Roots: 0.51ms
[3730.941s][info][gc,phases      ] GC(416)   Evacuate Collection Set: 144.75ms
[3730.941s][info][gc,phases      ] GC(416)   Post Evacuate Collection Set: 1.03ms
[3730.941s][info][gc,phases      ] GC(416)   Other: 0.06ms
[3730.941s][info][gc,heap        ] GC(416) Eden regions: 571->0(569)
[3730.941s][info][gc,heap        ] GC(416) Survivor regions: 43->43(77)
[3730.941s][info][gc,heap        ] GC(416) Old regions: 277->284
[3730.941s][info][gc,heap        ] GC(416) Humongous regions: 33->33
[3730.941s][info][gc,metaspace   ] GC(416) Metaspace: 29991K(30144K)->29991K(30144K) NonClass: 29991K(30144K)->29991K(30144K) Class: 0K(0K)->0K(0K)
[3730.941s][info][gc             ] GC(416) Pause Young (Normal) (G1 Evacuation Pause) 7378M->2863M(8192M) 146.723ms
[3730.941s][info][gc,cpu         ] GC(416) User=1.17s Sys=0.00s Real=0.15s
.......[3737.355s][info][gc,start       ] GC(417) Pause Young (Normal) (G1 Evacuation Pause)
[3737.355s][info][gc,task        ] GC(417) Using 8 workers of 8 for evacuation
[3737.502s][info][gc,phases      ] GC(417)   Pre Evacuate Collection Set: 0.27ms
[3737.502s][info][gc,phases      ] GC(417)   Merge Heap Roots: 0.62ms
[3737.502s][info][gc,phases      ] GC(417)   Evacuate Collection Set: 144.44ms
[3737.502s][info][gc,phases      ] GC(417)   Post Evacuate Collection Set: 1.05ms
[3737.502s][info][gc,phases      ] GC(417)   Other: 0.06ms
[3737.502s][info][gc,heap        ] GC(417) Eden regions: 569->0(562)
[3737.502s][info][gc,heap        ] GC(417) Survivor regions: 43->43(77)
[3737.502s][info][gc,heap        ] GC(417) Old regions: 284->291
[3737.502s][info][gc,heap        ] GC(417) Humongous regions: 33->33
[3737.502s][info][gc,metaspace   ] GC(417) Metaspace: 29991K(30144K)->29991K(30144K) NonClass: 29991K(30144K)->29991K(30144K) Class: 0K(0K)->0K(0K)
[3737.502s][info][gc             ] GC(417) Pause Young (Normal) (G1 Evacuation Pause) 7415M->2923M(8192M) 146.607ms
[3737.502s][info][gc,cpu         ] GC(417) User=1.16s Sys=0.00s Real=0.15s
......[3743.817s][info][gc,start       ] GC(418) Pause Young (Normal) (G1 Evacuation Pause)
[3743.817s][info][gc,task        ] GC(418) Using 8 workers of 8 for evacuation
[3743.965s][info][gc,phases      ] GC(418)   Pre Evacuate Collection Set: 0.29ms
[3743.965s][info][gc,phases      ] GC(418)   Merge Heap Roots: 0.64ms
[3743.965s][info][gc,phases      ] GC(418)   Evacuate Collection Set: 145.82ms
[3743.965s][info][gc,phases      ] GC(418)   Post Evacuate Collection Set: 1.03ms
[3743.965s][info][gc,phases      ] GC(418)   Other: 0.09ms
[3743.965s][info][gc,heap        ] GC(418) Eden regions: 562->0(554)
[3743.965s][info][gc,heap        ] GC(418) Survivor regions: 43->43(76)
[3743.965s][info][gc,heap        ] GC(418) Old regions: 291->299
[3743.965s][info][gc,heap        ] GC(418) Humongous regions: 33->33
[3743.965s][info][gc,metaspace   ] GC(418) Metaspace: 29991K(30144K)->29991K(30144K) NonClass: 29991K(30144K)->29991K(30144K) Class: 0K(0K)->0K(0K)
[3743.965s][info][gc             ] GC(418) Pause Young (Normal) (G1 Evacuation Pause) 7419M->2982M(8192M) 148.007ms
[3743.965s][info][gc,cpu         ] GC(418) User=1.17s Sys=0.00s Real=0.15s
.......[3750.274s][info][gc,start       ] GC(419) Pause Young (Normal) (G1 Evacuation Pause)
[3750.274s][info][gc,task        ] GC(419) Using 8 workers of 8 for evacuation
[3750.418s][info][gc,phases      ] GC(419)   Pre Evacuate Collection Set: 0.25ms
[3750.418s][info][gc,phases      ] GC(419)   Merge Heap Roots: 0.52ms
[3750.418s][info][gc,phases      ] GC(419)   Evacuate Collection Set: 142.20ms
[3750.418s][info][gc,phases      ] GC(419)   Post Evacuate Collection Set: 1.01ms
[3750.418s][info][gc,phases      ] GC(419)   Other: 0.06ms
[3750.418s][info][gc,heap        ] GC(419) Eden regions: 554->0(549)
[3750.418s][info][gc,heap        ] GC(419) Survivor regions: 43->42(75)
[3750.418s][info][gc,heap        ] GC(419) Old regions: 299->306
[3750.418s][info][gc,heap        ] GC(419) Humongous regions: 33->33
[3750.418s][info][gc,metaspace   ] GC(419) Metaspace: 29991K(30144K)->29991K(30144K) NonClass: 29991K(30144K)->29991K(30144K) Class: 0K(0K)->0K(0K)
[3750.418s][info][gc             ] GC(419) Pause Young (Normal) (G1 Evacuation Pause) 7414M->3033M(8192M) 144.166ms
[3750.418s][info][gc,cpu         ] GC(419) User=1.14s Sys=0.00s Real=0.14s
......[3756.585s][info][gc,start       ] GC(420) Pause Young (Normal) (G1 Evacuation Pause)
[3756.585s][info][gc,task        ] GC(420) Using 8 workers of 8 for evacuation
[3756.731s][info][gc,phases      ] GC(420)   Pre Evacuate Collection Set: 0.28ms
[3756.731s][info][gc,phases      ] GC(420)   Merge Heap Roots: 0.50ms
[3756.731s][info][gc,phases      ] GC(420)   Evacuate Collection Set: 143.90ms
[3756.731s][info][gc,phases      ] GC(420)   Post Evacuate Collection Set: 1.03ms
[3756.731s][info][gc,phases      ] GC(420)   Other: 0.07ms
[3756.731s][info][gc,heap        ] GC(420) Eden regions: 549->0(543)
[3756.731s][info][gc,heap        ] GC(420) Survivor regions: 42->41(74)
[3756.731s][info][gc,heap        ] GC(420) Old regions: 306->314
[3756.731s][info][gc,heap        ] GC(420) Humongous regions: 33->33
[3756.731s][info][gc,metaspace   ] GC(420) Metaspace: 29991K(30144K)->29991K(30144K) NonClass: 29991K(30144K)->29991K(30144K) Class: 0K(0K)->0K(0K)
[3756.731s][info][gc             ] GC(420) Pause Young (Normal) (G1 Evacuation Pause) 7425M->3087M(8192M) 145.918ms
[3756.731s][info][gc,cpu         ] GC(420) User=1.16s Sys=0.00s Real=0.15s
......[3762.918s][info][gc,start       ] GC(421) Pause Young (Concurrent Start) (G1 Evacuation Pause)
[3762.918s][info][gc,task        ] GC(421) Using 8 workers of 8 for evacuation
[3763.068s][info][gc,phases      ] GC(421)   Pre Evacuate Collection Set: 0.29ms
[3763.068s][info][gc,phases      ] GC(421)   Merge Heap Roots: 0.52ms
[3763.068s][info][gc,phases      ] GC(421)   Evacuate Collection Set: 148.19ms
[3763.068s][info][gc,phases      ] GC(421)   Post Evacuate Collection Set: 1.00ms
[3763.068s][info][gc,phases      ] GC(421)   Other: 0.09ms
[3763.068s][info][gc,heap        ] GC(421) Eden regions: 543->0(531)
[3763.068s][info][gc,heap        ] GC(421) Survivor regions: 41->43(73)
[3763.068s][info][gc,heap        ] GC(421) Old regions: 314->322
[3763.068s][info][gc,heap        ] GC(421) Humongous regions: 33->33
[3763.068s][info][gc,metaspace   ] GC(421) Metaspace: 29991K(30144K)->29991K(30144K) NonClass: 29991K(30144K)->29991K(30144K) Class: 0K(0K)->0K(0K)
[3763.068s][info][gc             ] GC(421) Pause Young (Concurrent Start) (G1 Evacuation Pause) 7431M->3166M(8192M) 150.213ms
[3763.068s][info][gc             ] GC(422) Concurrent Mark Cycle
[3763.068s][info][gc,marking     ] GC(422) Concurrent Scan Root Regions
[3763.068s][info][gc,cpu         ] GC(421) User=1.19s Sys=0.00s Real=0.15s
.[3763.372s][info][gc,marking     ] GC(422) Concurrent Scan Root Regions 303.647ms
[3763.372s][info][gc,marking     ] GC(422) Concurrent Mark
[3763.372s][info][gc,marking     ] GC(422) Concurrent Mark From Roots
[3763.372s][info][gc,task        ] GC(422) Using 2 workers of 2 for marking
[3764.013s][info][gc,marking     ] GC(422) Concurrent Mark From Roots 641.229ms
[3764.013s][info][gc,marking     ] GC(422) Concurrent Preclean
[3764.013s][info][gc,marking     ] GC(422) Concurrent Preclean 0.119ms
[3764.013s][info][gc,start       ] GC(422) Pause Remark
[3764.015s][info][gc             ] GC(422) Pause Remark 3931M->3187M(8192M) 1.937ms
[3764.015s][info][gc,cpu         ] GC(422) User=0.01s Sys=0.00s Real=0.00s
[3764.015s][info][gc,marking     ] GC(422) Concurrent Mark 643.584ms
[3764.015s][info][gc,marking     ] GC(422) Concurrent Rebuild Remembered Sets and Scrub Regions
.[3764.427s][info][gc,marking     ] GC(422) Concurrent Rebuild Remembered Sets and Scrub Regions 411.873ms
[3764.427s][info][gc,start       ] GC(422) Pause Cleanup
[3764.428s][info][gc             ] GC(422) Pause Cleanup 3451M->3451M(8192M) 0.242ms
[3764.428s][info][gc,cpu         ] GC(422) User=0.00s Sys=0.00s Real=0.00s
[3764.428s][info][gc,marking     ] GC(422) Concurrent Clear Claimed Marks
[3764.428s][info][gc,marking     ] GC(422) Concurrent Clear Claimed Marks 0.045ms
[3764.428s][info][gc,marking     ] GC(422) Concurrent Cleanup for Next Mark
[3764.435s][info][gc,marking     ] GC(422) Concurrent Cleanup for Next Mark 7.148ms
[3764.435s][info][gc             ] GC(422) Concurrent Mark Cycle 1366.904ms
....[3769.072s][info][gc,start       ] GC(423) Pause Young (Prepare Mixed) (G1 Evacuation Pause)
[3769.072s][info][gc,task        ] GC(423) Using 8 workers of 8 for evacuation
[3769.219s][info][gc,phases      ] GC(423)   Pre Evacuate Collection Set: 0.23ms
[3769.219s][info][gc,phases      ] GC(423)   Merge Heap Roots: 0.64ms
[3769.219s][info][gc,phases      ] GC(423)   Evacuate Collection Set: 144.80ms
[3769.219s][info][gc,phases      ] GC(423)   Post Evacuate Collection Set: 1.07ms
[3769.219s][info][gc,phases      ] GC(423)   Other: 0.07ms
[3769.219s][info][gc,heap        ] GC(423) Eden regions: 531->0(572)
[3769.219s][info][gc,heap        ] GC(423) Survivor regions: 43->42(72)
[3769.219s][info][gc,heap        ] GC(423) Old regions: 229->236
[3769.219s][info][gc,heap        ] GC(423) Humongous regions: 33->33
[3769.219s][info][gc,metaspace   ] GC(423) Metaspace: 29991K(30144K)->29991K(30144K) NonClass: 29991K(30144K)->29991K(30144K) Class: 0K(0K)->0K(0K)
[3769.219s][info][gc             ] GC(423) Pause Young (Prepare Mixed) (G1 Evacuation Pause) 6670M->2474M(8192M) 146.944ms
[3769.219s][info][gc,cpu         ] GC(423) User=1.16s Sys=0.00s Real=0.14s
.......[3775.724s][info][gc,start       ] GC(424) Pause Young (Mixed) (G1 Evacuation Pause)
[3775.724s][info][gc,task        ] GC(424) Using 8 workers of 8 for evacuation
[3775.877s][info][gc,phases      ] GC(424)   Pre Evacuate Collection Set: 0.30ms
[3775.877s][info][gc,phases      ] GC(424)   Merge Heap Roots: 0.95ms
[3775.877s][info][gc,phases      ] GC(424)   Evacuate Collection Set: 150.32ms
[3775.877s][info][gc,phases      ] GC(424)   Post Evacuate Collection Set: 1.21ms
[3775.877s][info][gc,phases      ] GC(424)   Other: 0.08ms
[3775.877s][info][gc,heap        ] GC(424) Eden regions: 572->0(572)
[3775.877s][info][gc,heap        ] GC(424) Survivor regions: 42->42(77)
[3775.877s][info][gc,heap        ] GC(424) Old regions: 236->142
[3775.877s][info][gc,heap        ] GC(424) Humongous regions: 33->33
[3775.877s][info][gc,metaspace   ] GC(424) Metaspace: 29991K(30144K)->29991K(30144K) NonClass: 29991K(30144K)->29991K(30144K) Class: 0K(0K)->0K(0K)
[3775.877s][info][gc             ] GC(424) Pause Young (Mixed) (G1 Evacuation Pause) 7050M->1723M(8192M) 152.997ms
[3775.877s][info][gc,cpu         ] GC(424) User=1.22s Sys=0.00s Real=0.15s
...... (rIR:aIR:PR = 5812:5812:5812) (tPR = 86430) [OK] 
  3781s: Performance info:
         Transaction,    Success,    Partial,     Failed,   Receipts, AvgBarcode, 
             Overall,     349731,          0,          0,     332269,      59.47, 
         Response times:
             Request,    Success,    Partial,     Failed,   SkipFail,     Probes,    Samples,      min,      p50,      p90,      p95,      p99,      max, 
       TotalPurchase,     332270,          0,          0,          0,     325250,     349078,      300,     3700,     6600,     7900,    44000,   315000,
     InStorePurchase,     174864,          0,          0,          0,     171709,     183979,      300,     3600,     6600,     7900,    42000,   315000,
      OnlinePurchase,     122465,          0,          0,          0,     119665,     128312,      400,     3800,     6700,     8000,    47000,   315000,
        InstPurchase,      34941,          0,          0,          0,      33876,      36787,      500,     3700,     6600,     8000,    47000,   161000,
          AssocOfCat,        353,          0,          0,          0,        289,        390,    28000,    34000,    50000,    73000,   130000,   179000,
      AssocOfProduct,       3494,          0,          0,          0,       3245,       3651,      700,     4700,     7080,     8940,    62000,   155000,
      BusinessReport,        875,          0,          0,          0,        781,        951,    24000,    36000,    52000,    69400,   183840,   208000,
          CustBuyBeh,       3492,          0,          0,          0,       3212,       3630,      300,     3200,     6700,     8800,    39690,   158000,
       ProductReturn,       9248,          0,          0,          0,       8798,       9624,      200,     3700,     6600,     8000,    46750,   157000,

  3781s: (43%)   IR =   5950 .[3782.390s][info][gc,start       ] GC(425) Pause Young (Mixed) (G1 Evacuation Pause)
[3782.390s][info][gc,task        ] GC(425) Using 8 workers of 8 for evacuation
[3782.539s][info][gc,phases      ] GC(425)   Pre Evacuate Collection Set: 0.28ms
[3782.539s][info][gc,phases      ] GC(425)   Merge Heap Roots: 0.62ms
[3782.539s][info][gc,phases      ] GC(425)   Evacuate Collection Set: 147.07ms
[3782.539s][info][gc,phases      ] GC(425)   Post Evacuate Collection Set: 1.06ms
[3782.539s][info][gc,phases      ] GC(425)   Other: 0.07ms
[3782.539s][info][gc,heap        ] GC(425) Eden regions: 572->0(571)
[3782.539s][info][gc,heap        ] GC(425) Survivor regions: 42->43(77)
[3782.539s][info][gc,heap        ] GC(425) Old regions: 142->143
[3782.539s][info][gc,heap        ] GC(425) Humongous regions: 33->33
[3782.539s][info][gc,metaspace   ] GC(425) Metaspace: 29991K(30144K)->29991K(30144K) NonClass: 29991K(30144K)->29991K(30144K) Class: 0K(0K)->0K(0K)
[3782.539s][info][gc             ] GC(425) Pause Young (Mixed) (G1 Evacuation Pause) 6299M->1732M(8192M) 149.228ms
[3782.539s][info][gc,cpu         ] GC(425) User=1.18s Sys=0.00s Real=0.15s
...|...[3788.906s][info][gc,start       ] GC(426) Pause Young (Normal) (G1 Evacuation Pause)
[3788.906s][info][gc,task        ] GC(426) Using 8 workers of 8 for evacuation
[3789.053s][info][gc,phases      ] GC(426)   Pre Evacuate Collection Set: 0.24ms
[3789.053s][info][gc,phases      ] GC(426)   Merge Heap Roots: 0.51ms
[3789.053s][info][gc,phases      ] GC(426)   Evacuate Collection Set: 144.91ms
[3789.053s][info][gc,phases      ] GC(426)   Post Evacuate Collection Set: 1.06ms
[3789.053s][info][gc,phases      ] GC(426)   Other: 0.06ms
[3789.053s][info][gc,heap        ] GC(426) Eden regions: 571->0(571)
[3789.053s][info][gc,heap        ] GC(426) Survivor regions: 43->43(77)
[3789.053s][info][gc,heap        ] GC(426) Old regions: 143->150
[3789.053s][info][gc,heap        ] GC(426) Humongous regions: 33->33
[3789.053s][info][gc,metaspace   ] GC(426) Metaspace: 29991K(30144K)->29991K(30144K) NonClass: 29991K(30144K)->29991K(30144K) Class: 0K(0K)->0K(0K)
[3789.053s][info][gc             ] GC(426) Pause Young (Normal) (G1 Evacuation Pause) 6300M->1793M(8192M) 146.926ms
[3789.053s][info][gc,cpu         ] GC(426) User=1.16s Sys=0.00s Real=0.15s
......[3795.283s][info][gc,start       ] GC(427) Pause Young (Normal) (G1 Evacuation Pause)
[3795.283s][info][gc,task        ] GC(427) Using 8 workers of 8 for evacuation
[3795.427s][info][gc,phases      ] GC(427)   Pre Evacuate Collection Set: 0.26ms
[3795.427s][info][gc,phases      ] GC(427)   Merge Heap Roots: 0.50ms
[3795.427s][info][gc,phases      ] GC(427)   Evacuate Collection Set: 141.96ms
[3795.427s][info][gc,phases      ] GC(427)   Post Evacuate Collection Set: 1.03ms
[3795.427s][info][gc,phases      ] GC(427)   Other: 0.07ms
[3795.427s][info][gc,heap        ] GC(427) Eden regions: 571->0(571)
[3795.427s][info][gc,heap        ] GC(427) Survivor regions: 43->43(77)
[3795.427s][info][gc,heap        ] GC(427) Old regions: 150->157
[3795.427s][info][gc,heap        ] GC(427) Humongous regions: 33->33
[3795.427s][info][gc,metaspace   ] GC(427) Metaspace: 29991K(30144K)->29991K(30144K) NonClass: 29991K(30144K)->29991K(30144K) Class: 0K(0K)->0K(0K)
[3795.427s][info][gc             ] GC(427) Pause Young (Normal) (G1 Evacuation Pause) 6361M->1847M(8192M) 143.956ms
[3795.427s][info][gc,cpu         ] GC(427) User=1.14s Sys=0.00s Real=0.14s
.......[3801.764s][info][gc,start       ] GC(428) Pause Young (Normal) (G1 Evacuation Pause)
[3801.764s][info][gc,task        ] GC(428) Using 8 workers of 8 for evacuation
[3801.909s][info][gc,phases      ] GC(428)   Pre Evacuate Collection Set: 0.26ms
[3801.909s][info][gc,phases      ] GC(428)   Merge Heap Roots: 0.52ms
[3801.909s][info][gc,phases      ] GC(428)   Evacuate Collection Set: 143.07ms
[3801.909s][info][gc,phases      ] GC(428)   Post Evacuate Collection Set: 1.02ms
[3801.909s][info][gc,phases      ] GC(428)   Other: 0.07ms
[3801.909s][info][gc,heap        ] GC(428) Eden regions: 571->0(571)
[3801.909s][info][gc,heap        ] GC(428) Survivor regions: 43->43(77)
[3801.909s][info][gc,heap        ] GC(428) Old regions: 157->164
[3801.909s][info][gc,heap        ] GC(428) Humongous regions: 33->33
[3801.909s][info][gc,metaspace   ] GC(428) Metaspace: 29991K(30144K)->29991K(30144K) NonClass: 29991K(30144K)->29991K(30144K) Class: 0K(0K)->0K(0K)
[3801.909s][info][gc             ] GC(428) Pause Young (Normal) (G1 Evacuation Pause) 6415M->1907M(8192M) 145.113ms
[3801.909s][info][gc,cpu         ] GC(428) User=1.15s Sys=0.00s Real=0.14s
......[3808.261s][info][gc,start       ] GC(429) Pause Young (Normal) (G1 Evacuation Pause)
[3808.261s][info][gc,task        ] GC(429) Using 8 workers of 8 for evacuation
[3808.407s][info][gc,phases      ] GC(429)   Pre Evacuate Collection Set: 0.27ms
[3808.407s][info][gc,phases      ] GC(429)   Merge Heap Roots: 0.51ms
[3808.407s][info][gc,phases      ] GC(429)   Evacuate Collection Set: 143.86ms
[3808.407s][info][gc,phases      ] GC(429)   Post Evacuate Collection Set: 1.00ms
[3808.407s][info][gc,phases      ] GC(429)   Other: 0.07ms
[3808.407s][info][gc,heap        ] GC(429) Eden regions: 571->0(570)
[3808.407s][info][gc,heap        ] GC(429) Survivor regions: 43->44(77)
[3808.407s][info][gc,heap        ] GC(429) Old regions: 164->171
[3808.407s][info][gc,heap        ] GC(429) Humongous regions: 33->33
[3808.407s][info][gc,metaspace   ] GC(429) Metaspace: 29991K(30144K)->29991K(30144K) NonClass: 29991K(30144K)->29991K(30144K) Class: 0K(0K)->0K(0K)
[3808.407s][info][gc             ] GC(429) Pause Young (Normal) (G1 Evacuation Pause) 6475M->1967M(8192M) 145.847ms
[3808.407s][info][gc,cpu         ] GC(429) User=1.16s Sys=0.00s Real=0.14s
.......[3814.752s][info][gc,start       ] GC(430) Pause Young (Normal) (G1 Evacuation Pause)
[3814.752s][info][gc,task        ] GC(430) Using 8 workers of 8 for evacuation
[3814.900s][info][gc,phases      ] GC(430)   Pre Evacuate Collection Set: 0.26ms
[3814.900s][info][gc,phases      ] GC(430)   Merge Heap Roots: 0.52ms
[3814.900s][info][gc,phases      ] GC(430)   Evacuate Collection Set: 145.94ms
[3814.900s][info][gc,phases      ] GC(430)   Post Evacuate Collection Set: 1.03ms
[3814.900s][info][gc,phases      ] GC(430)   Other: 0.07ms
[3814.900s][info][gc,heap        ] GC(430) Eden regions: 570->0(570)
[3814.900s][info][gc,heap        ] GC(430) Survivor regions: 44->44(77)
[3814.900s][info][gc,heap        ] GC(430) Old regions: 171->178
[3814.900s][info][gc,heap        ] GC(430) Humongous regions: 33->33
[3814.900s][info][gc,metaspace   ] GC(430) Metaspace: 29991K(30144K)->29991K(30144K) NonClass: 29991K(30144K)->29991K(30144K) Class: 0K(0K)->0K(0K)
[3814.900s][info][gc             ] GC(430) Pause Young (Normal) (G1 Evacuation Pause) 6527M->2023M(8192M) 147.963ms
[3814.900s][info][gc,cpu         ] GC(430) User=1.17s Sys=0.00s Real=0.15s
......[3821.188s][info][gc,start       ] GC(431) Pause Young (Normal) (G1 Evacuation Pause)
[3821.188s][info][gc,task        ] GC(431) Using 8 workers of 8 for evacuation
[3821.334s][info][gc,phases      ] GC(431)   Pre Evacuate Collection Set: 0.25ms
[3821.334s][info][gc,phases      ] GC(431)   Merge Heap Roots: 0.49ms
[3821.334s][info][gc,phases      ] GC(431)   Evacuate Collection Set: 144.44ms
[3821.334s][info][gc,phases      ] GC(431)   Post Evacuate Collection Set: 1.02ms
[3821.334s][info][gc,phases      ] GC(431)   Other: 0.07ms
[3821.334s][info][gc,heap        ] GC(431) Eden regions: 570->0(570)
[3821.334s][info][gc,heap        ] GC(431) Survivor regions: 44->44(77)
[3821.334s][info][gc,heap        ] GC(431) Old regions: 178->185
[3821.334s][info][gc,heap        ] GC(431) Humongous regions: 33->33
[3821.334s][info][gc,metaspace   ] GC(431) Metaspace: 29991K(30144K)->29991K(30144K) NonClass: 29991K(30144K)->29991K(30144K) Class: 0K(0K)->0K(0K)
[3821.334s][info][gc             ] GC(431) Pause Young (Normal) (G1 Evacuation Pause) 6583M->2079M(8192M) 146.397ms
[3821.334s][info][gc,cpu         ] GC(431) User=1.16s Sys=0.00s Real=0.15s
.......[3827.664s][info][gc,start       ] GC(432) Pause Young (Normal) (G1 Evacuation Pause)
[3827.664s][info][gc,task        ] GC(432) Using 8 workers of 8 for evacuation
[3827.818s][info][gc,phases      ] GC(432)   Pre Evacuate Collection Set: 0.25ms
[3827.818s][info][gc,phases      ] GC(432)   Merge Heap Roots: 0.50ms
[3827.818s][info][gc,phases      ] GC(432)   Evacuate Collection Set: 152.77ms
[3827.818s][info][gc,phases      ] GC(432)   Post Evacuate Collection Set: 1.02ms
[3827.818s][info][gc,phases      ] GC(432)   Other: 0.06ms
[3827.818s][info][gc,heap        ] GC(432) Eden regions: 570->0(570)
[3827.818s][info][gc,heap        ] GC(432) Survivor regions: 44->44(77)
[3827.818s][info][gc,heap        ] GC(432) Old regions: 185->192
[3827.818s][info][gc,heap        ] GC(432) Humongous regions: 33->33
[3827.818s][info][gc,metaspace   ] GC(432) Metaspace: 29991K(30144K)->29991K(30144K) NonClass: 29991K(30144K)->29991K(30144K) Class: 0K(0K)->0K(0K)
[3827.818s][info][gc             ] GC(432) Pause Young (Normal) (G1 Evacuation Pause) 6639M->2139M(8192M) 154.739ms
[3827.819s][info][gc,cpu         ] GC(432) User=1.22s Sys=0.00s Real=0.15s
......[3834.104s][info][gc,start       ] GC(433) Pause Young (Normal) (G1 Evacuation Pause)
[3834.104s][info][gc,task        ] GC(433) Using 8 workers of 8 for evacuation
[3834.251s][info][gc,phases      ] GC(433)   Pre Evacuate Collection Set: 0.26ms
[3834.251s][info][gc,phases      ] GC(433)   Merge Heap Roots: 0.57ms
[3834.251s][info][gc,phases      ] GC(433)   Evacuate Collection Set: 144.89ms
[3834.251s][info][gc,phases      ] GC(433)   Post Evacuate Collection Set: 1.05ms
[3834.251s][info][gc,phases      ] GC(433)   Other: 0.06ms
[3834.251s][info][gc,heap        ] GC(433) Eden regions: 570->0(571)
[3834.251s][info][gc,heap        ] GC(433) Survivor regions: 44->43(77)
[3834.251s][info][gc,heap        ] GC(433) Old regions: 192->199
[3834.251s][info][gc,heap        ] GC(433) Humongous regions: 33->33
[3834.251s][info][gc,metaspace   ] GC(433) Metaspace: 29991K(30144K)->29991K(30144K) NonClass: 29991K(30144K)->29991K(30144K) Class: 0K(0K)->0K(0K)
[3834.251s][info][gc             ] GC(433) Pause Young (Normal) (G1 Evacuation Pause) 6699M->2183M(8192M) 146.976ms
[3834.251s][info][gc,cpu         ] GC(433) User=1.16s Sys=0.00s Real=0.15s
.......[3840.603s][info][gc,start       ] GC(434) Pause Young (Normal) (G1 Evacuation Pause)
[3840.603s][info][gc,task        ] GC(434) Using 8 workers of 8 for evacuation
[3840.753s][info][gc,phases      ] GC(434)   Pre Evacuate Collection Set: 0.27ms
[3840.753s][info][gc,phases      ] GC(434)   Merge Heap Roots: 0.53ms
[3840.753s][info][gc,phases      ] GC(434)   Evacuate Collection Set: 148.45ms
[3840.753s][info][gc,phases      ] GC(434)   Post Evacuate Collection Set: 1.03ms
[3840.753s][info][gc,phases      ] GC(434)   Other: 0.06ms
[3840.753s][info][gc,heap        ] GC(434) Eden regions: 571->0(570)
[3840.753s][info][gc,heap        ] GC(434) Survivor regions: 43->44(77)
[3840.753s][info][gc,heap        ] GC(434) Old regions: 199->206
[3840.753s][info][gc,heap        ] GC(434) Humongous regions: 33->33
[3840.753s][info][gc,metaspace   ] GC(434) Metaspace: 29991K(30144K)->29991K(30144K) NonClass: 29991K(30144K)->29991K(30144K) Class: 0K(0K)->0K(0K)
[3840.753s][info][gc             ] GC(434) Pause Young (Normal) (G1 Evacuation Pause) 6751M->2251M(8192M) 150.489ms
[3840.753s][info][gc,cpu         ] GC(434) User=1.19s Sys=0.00s Real=0.15s
..... (rIR:aIR:PR = 5950:5949:5949) (tPR = 88305) [OK] 
  3845s: Performance info:
         Transaction,    Success,    Partial,     Failed,   Receipts, AvgBarcode, 
             Overall,     357649,          0,          0,     339775,      59.47, 
         Response times:
             Request,    Success,    Partial,     Failed,   SkipFail,     Probes,    Samples,      min,      p50,      p90,      p95,      p99,      max, 
       TotalPurchase,     339775,          0,          0,          0,     333345,     356974,      300,     3800,     7000,     9100,    59000,   321000,
     InStorePurchase,     178824,          0,          0,          0,     175366,     187371,      400,     3800,     6900,     9100,    60000,   321000,
      OnlinePurchase,     125192,          0,          0,          0,     122989,     131756,      300,     3800,     7000,     9000,    59000,   321000,
        InstPurchase,      35759,          0,          0,          0,      34990,      37847,      500,     3500,     7100,     9200,    53000,   309000,
          AssocOfCat,        359,          0,          0,          0,        292,        390,    26000,    35000,    49900,    76900,   123180,   194000,
      AssocOfProduct,       3576,          0,          0,          0,       3375,       3834,      500,     4400,     7200,     9825,    61000,   309000,
      BusinessReport,        895,          0,          0,          0,        781,        952,    24000,    36000,    51000,    70350,   159390,   212000,
          CustBuyBeh,       3579,          0,          0,          0,       3349,       3838,      200,     3900,     6700,     8300,    63000,   165000,
       ProductReturn,       9465,          0,          0,          0,       8960,       9853,      200,     3800,     6800,     9100,    62000,   165000,

  3845s: (44%)   IR =   6088 .[3847.041s][info][gc,start       ] GC(435) Pause Young (Normal) (G1 Evacuation Pause)
[3847.041s][info][gc,task        ] GC(435) Using 8 workers of 8 for evacuation
[3847.190s][info][gc,phases      ] GC(435)   Pre Evacuate Collection Set: 0.27ms
[3847.190s][info][gc,phases      ] GC(435)   Merge Heap Roots: 0.54ms
[3847.190s][info][gc,phases      ] GC(435)   Evacuate Collection Set: 147.18ms
[3847.190s][info][gc,phases      ] GC(435)   Post Evacuate Collection Set: 1.10ms
[3847.190s][info][gc,phases      ] GC(435)   Other: 0.06ms
[3847.190s][info][gc,heap        ] GC(435) Eden regions: 570->0(571)
[3847.190s][info][gc,heap        ] GC(435) Survivor regions: 44->43(77)
[3847.190s][info][gc,heap        ] GC(435) Old regions: 206->213
[3847.190s][info][gc,heap        ] GC(435) Humongous regions: 33->33
[3847.190s][info][gc,metaspace   ] GC(435) Metaspace: 29993K(30144K)->29993K(30144K) NonClass: 29993K(30144K)->29993K(30144K) Class: 0K(0K)->0K(0K)
[3847.190s][info][gc             ] GC(435) Pause Young (Normal) (G1 Evacuation Pause) 6811M->2299M(8192M) 149.278ms
[3847.190s][info][gc,cpu         ] GC(435) User=1.18s Sys=0.01s Real=0.15s
...|...[3853.340s][info][gc,start       ] GC(436) Pause Young (Normal) (G1 Evacuation Pause)
[3853.340s][info][gc,task        ] GC(436) Using 8 workers of 8 for evacuation
[3853.487s][info][gc,phases      ] GC(436)   Pre Evacuate Collection Set: 0.26ms
[3853.488s][info][gc,phases      ] GC(436)   Merge Heap Roots: 0.53ms
[3853.488s][info][gc,phases      ] GC(436)   Evacuate Collection Set: 145.67ms
[3853.488s][info][gc,phases      ] GC(436)   Post Evacuate Collection Set: 1.02ms
[3853.488s][info][gc,phases      ] GC(436)   Other: 0.06ms
[3853.488s][info][gc,heap        ] GC(436) Eden regions: 571->0(571)
[3853.488s][info][gc,heap        ] GC(436) Survivor regions: 43->43(77)
[3853.488s][info][gc,heap        ] GC(436) Old regions: 213->220
[3853.488s][info][gc,heap        ] GC(436) Humongous regions: 33->33
[3853.488s][info][gc,metaspace   ] GC(436) Metaspace: 29993K(30144K)->29993K(30144K) NonClass: 29993K(30144K)->29993K(30144K) Class: 0K(0K)->0K(0K)
[3853.488s][info][gc             ] GC(436) Pause Young (Normal) (G1 Evacuation Pause) 6867M->2355M(8192M) 147.686ms
[3853.488s][info][gc,cpu         ] GC(436) User=1.17s Sys=0.00s Real=0.14s
.......[3859.695s][info][gc,start       ] GC(437) Pause Young (Normal) (G1 Evacuation Pause)
[3859.695s][info][gc,task        ] GC(437) Using 8 workers of 8 for evacuation
[3859.840s][info][gc,phases      ] GC(437)   Pre Evacuate Collection Set: 0.26ms
[3859.840s][info][gc,phases      ] GC(437)   Merge Heap Roots: 0.50ms
[3859.840s][info][gc,phases      ] GC(437)   Evacuate Collection Set: 143.49ms
[3859.840s][info][gc,phases      ] GC(437)   Post Evacuate Collection Set: 1.04ms
[3859.840s][info][gc,phases      ] GC(437)   Other: 0.06ms
[3859.840s][info][gc,heap        ] GC(437) Eden regions: 571->0(571)
[3859.840s][info][gc,heap        ] GC(437) Survivor regions: 43->43(77)
[3859.840s][info][gc,heap        ] GC(437) Old regions: 220->227
[3859.840s][info][gc,heap        ] GC(437) Humongous regions: 33->33
[3859.840s][info][gc,metaspace   ] GC(437) Metaspace: 29993K(30144K)->29993K(30144K) NonClass: 29993K(30144K)->29993K(30144K) Class: 0K(0K)->0K(0K)
[3859.840s][info][gc             ] GC(437) Pause Young (Normal) (G1 Evacuation Pause) 6923M->2407M(8192M) 145.481ms
[3859.840s][info][gc,cpu         ] GC(437) User=1.15s Sys=0.00s Real=0.15s
......[3866.048s][info][gc,start       ] GC(438) Pause Young (Normal) (G1 Evacuation Pause)
[3866.048s][info][gc,task        ] GC(438) Using 8 workers of 8 for evacuation
[3866.192s][info][gc,phases      ] GC(438)   Pre Evacuate Collection Set: 0.25ms
[3866.192s][info][gc,phases      ] GC(438)   Merge Heap Roots: 0.51ms
[3866.192s][info][gc,phases      ] GC(438)   Evacuate Collection Set: 142.55ms
[3866.192s][info][gc,phases      ] GC(438)   Post Evacuate Collection Set: 1.04ms
[3866.193s][info][gc,phases      ] GC(438)   Other: 0.06ms
[3866.193s][info][gc,heap        ] GC(438) Eden regions: 571->0(571)
[3866.193s][info][gc,heap        ] GC(438) Survivor regions: 43->43(77)
[3866.193s][info][gc,heap        ] GC(438) Old regions: 227->234
[3866.193s][info][gc,heap        ] GC(438) Humongous regions: 33->33
[3866.193s][info][gc,metaspace   ] GC(438) Metaspace: 29993K(30144K)->29993K(30144K) NonClass: 29993K(30144K)->29993K(30144K) Class: 0K(0K)->0K(0K)
[3866.193s][info][gc             ] GC(438) Pause Young (Normal) (G1 Evacuation Pause) 6975M->2463M(8192M) 144.533ms
[3866.193s][info][gc,cpu         ] GC(438) User=1.14s Sys=0.00s Real=0.15s
......[3872.357s][info][gc,start       ] GC(439) Pause Young (Normal) (G1 Evacuation Pause)
[3872.357s][info][gc,task        ] GC(439) Using 8 workers of 8 for evacuation
[3872.504s][info][gc,phases      ] GC(439)   Pre Evacuate Collection Set: 0.27ms
[3872.504s][info][gc,phases      ] GC(439)   Merge Heap Roots: 0.54ms
[3872.504s][info][gc,phases      ] GC(439)   Evacuate Collection Set: 145.09ms
[3872.504s][info][gc,phases      ] GC(439)   Post Evacuate Collection Set: 1.04ms
[3872.504s][info][gc,phases      ] GC(439)   Other: 0.06ms
[3872.504s][info][gc,heap        ] GC(439) Eden regions: 571->0(571)
[3872.504s][info][gc,heap        ] GC(439) Survivor regions: 43->43(77)
[3872.504s][info][gc,heap        ] GC(439) Old regions: 234->241
[3872.504s][info][gc,heap        ] GC(439) Humongous regions: 33->33
[3872.504s][info][gc,metaspace   ] GC(439) Metaspace: 29993K(30144K)->29993K(30144K) NonClass: 29993K(30144K)->29993K(30144K) Class: 0K(0K)->0K(0K)
[3872.504s][info][gc             ] GC(439) Pause Young (Normal) (G1 Evacuation Pause) 7031M->2523M(8192M) 147.153ms
[3872.504s][info][gc,cpu         ] GC(439) User=1.17s Sys=0.00s Real=0.15s
.......[3878.713s][info][gc,start       ] GC(440) Pause Young (Normal) (G1 Evacuation Pause)
[3878.713s][info][gc,task        ] GC(440) Using 8 workers of 8 for evacuation
[3878.863s][info][gc,phases      ] GC(440)   Pre Evacuate Collection Set: 0.30ms
[3878.863s][info][gc,phases      ] GC(440)   Merge Heap Roots: 0.53ms
[3878.863s][info][gc,phases      ] GC(440)   Evacuate Collection Set: 147.47ms
[3878.863s][info][gc,phases      ] GC(440)   Post Evacuate Collection Set: 1.07ms
[3878.863s][info][gc,phases      ] GC(440)   Other: 0.08ms
[3878.863s][info][gc,heap        ] GC(440) Eden regions: 571->0(570)
[3878.863s][info][gc,heap        ] GC(440) Survivor regions: 43->44(77)
[3878.863s][info][gc,heap        ] GC(440) Old regions: 241->249
[3878.863s][info][gc,heap        ] GC(440) Humongous regions: 33->33
[3878.863s][info][gc,metaspace   ] GC(440) Metaspace: 29993K(30144K)->29993K(30144K) NonClass: 29993K(30144K)->29993K(30144K) Class: 0K(0K)->0K(0K)
[3878.863s][info][gc             ] GC(440) Pause Young (Normal) (G1 Evacuation Pause) 7091M->2585M(8192M) 149.575ms
[3878.863s][info][gc,cpu         ] GC(440) User=1.19s Sys=0.00s Real=0.15s
......[3884.974s][info][gc,start       ] GC(441) Pause Young (Normal) (G1 Evacuation Pause)
[3884.974s][info][gc,task        ] GC(441) Using 8 workers of 8 for evacuation
[3885.121s][info][gc,phases      ] GC(441)   Pre Evacuate Collection Set: 0.26ms
[3885.121s][info][gc,phases      ] GC(441)   Merge Heap Roots: 0.52ms
[3885.121s][info][gc,phases      ] GC(441)   Evacuate Collection Set: 145.35ms
[3885.121s][info][gc,phases      ] GC(441)   Post Evacuate Collection Set: 1.03ms
[3885.121s][info][gc,phases      ] GC(441)   Other: 0.07ms
[3885.121s][info][gc,heap        ] GC(441) Eden regions: 570->0(571)
[3885.121s][info][gc,heap        ] GC(441) Survivor regions: 44->43(77)
[3885.121s][info][gc,heap        ] GC(441) Old regions: 249->255
[3885.121s][info][gc,heap        ] GC(441) Humongous regions: 33->33
[3885.121s][info][gc,metaspace   ] GC(441) Metaspace: 29993K(30144K)->29993K(30144K) NonClass: 29993K(30144K)->29993K(30144K) Class: 0K(0K)->0K(0K)
[3885.121s][info][gc             ] GC(441) Pause Young (Normal) (G1 Evacuation Pause) 7145M->2635M(8192M) 147.356ms
[3885.121s][info][gc,cpu         ] GC(441) User=1.16s Sys=0.00s Real=0.15s
......[3891.271s][info][gc,start       ] GC(442) Pause Young (Normal) (G1 Evacuation Pause)
[3891.271s][info][gc,task        ] GC(442) Using 8 workers of 8 for evacuation
[3891.415s][info][gc,phases      ] GC(442)   Pre Evacuate Collection Set: 0.25ms
[3891.415s][info][gc,phases      ] GC(442)   Merge Heap Roots: 0.51ms
[3891.415s][info][gc,phases      ] GC(442)   Evacuate Collection Set: 142.79ms
[3891.415s][info][gc,phases      ] GC(442)   Post Evacuate Collection Set: 1.02ms
[3891.415s][info][gc,phases      ] GC(442)   Other: 0.06ms
[3891.415s][info][gc,heap        ] GC(442) Eden regions: 571->0(572)
[3891.415s][info][gc,heap        ] GC(442) Survivor regions: 43->42(77)
[3891.415s][info][gc,heap        ] GC(442) Old regions: 255->262
[3891.415s][info][gc,heap        ] GC(442) Humongous regions: 33->33
[3891.415s][info][gc,metaspace   ] GC(442) Metaspace: 29993K(30144K)->29993K(30144K) NonClass: 29993K(30144K)->29993K(30144K) Class: 0K(0K)->0K(0K)
[3891.415s][info][gc             ] GC(442) Pause Young (Normal) (G1 Evacuation Pause) 7203M->2683M(8192M) 144.756ms
[3891.415s][info][gc,cpu         ] GC(442) User=1.15s Sys=0.00s Real=0.14s
.......[3897.666s][info][gc,start       ] GC(443) Pause Young (Normal) (G1 Evacuation Pause)
[3897.666s][info][gc,task        ] GC(443) Using 8 workers of 8 for evacuation
[3897.813s][info][gc,phases      ] GC(443)   Pre Evacuate Collection Set: 0.25ms
[3897.813s][info][gc,phases      ] GC(443)   Merge Heap Roots: 0.52ms
[3897.813s][info][gc,phases      ] GC(443)   Evacuate Collection Set: 144.71ms
[3897.813s][info][gc,phases      ] GC(443)   Post Evacuate Collection Set: 1.04ms
[3897.813s][info][gc,phases      ] GC(443)   Other: 0.07ms
[3897.813s][info][gc,heap        ] GC(443) Eden regions: 572->0(571)
[3897.813s][info][gc,heap        ] GC(443) Survivor regions: 42->43(77)
[3897.813s][info][gc,heap        ] GC(443) Old regions: 262->269
[3897.813s][info][gc,heap        ] GC(443) Humongous regions: 33->33
[3897.813s][info][gc,metaspace   ] GC(443) Metaspace: 29993K(30144K)->29993K(30144K) NonClass: 29993K(30144K)->29993K(30144K) Class: 0K(0K)->0K(0K)
[3897.813s][info][gc             ] GC(443) Pause Young (Normal) (G1 Evacuation Pause) 7259M->2742M(8192M) 146.726ms
[3897.813s][info][gc,cpu         ] GC(443) User=1.17s Sys=0.00s Real=0.15s
......[3904.017s][info][gc,start       ] GC(444) Pause Young (Normal) (G1 Evacuation Pause)
[3904.018s][info][gc,task        ] GC(444) Using 8 workers of 8 for evacuation
[3904.165s][info][gc,phases      ] GC(444)   Pre Evacuate Collection Set: 0.27ms
[3904.165s][info][gc,phases      ] GC(444)   Merge Heap Roots: 0.55ms
[3904.165s][info][gc,phases      ] GC(444)   Evacuate Collection Set: 145.51ms
[3904.165s][info][gc,phases      ] GC(444)   Post Evacuate Collection Set: 1.04ms
[3904.165s][info][gc,phases      ] GC(444)   Other: 0.09ms
[3904.165s][info][gc,heap        ] GC(444) Eden regions: 571->0(571)
[3904.165s][info][gc,heap        ] GC(444) Survivor regions: 43->43(77)
[3904.165s][info][gc,heap        ] GC(444) Old regions: 269->276
[3904.165s][info][gc,heap        ] GC(444) Humongous regions: 33->33
[3904.165s][info][gc,metaspace   ] GC(444) Metaspace: 29993K(30144K)->29993K(30144K) NonClass: 29993K(30144K)->29993K(30144K) Class: 0K(0K)->0K(0K)
[3904.165s][info][gc             ] GC(444) Pause Young (Normal) (G1 Evacuation Pause) 7310M->2802M(8192M) 147.600ms
[3904.165s][info][gc,cpu         ] GC(444) User=1.17s Sys=0.01s Real=0.15s
...... (rIR:aIR:PR = 6088:6086:6086) (tPR = 90318) [OK] 
  3909s: Performance info:
         Transaction,    Success,    Partial,     Failed,   Receipts, AvgBarcode, 
             Overall,     365321,          0,          0,     347009,      59.48, 
         Response times:
             Request,    Success,    Partial,     Failed,   SkipFail,     Probes,    Samples,      min,      p50,      p90,      p95,      p99,      max, 
       TotalPurchase,     347009,          0,          0,          0,     339984,     363964,      300,     3800,     6900,     8300,    37000,   271000,
     InStorePurchase,     182541,          0,          0,          0,     178755,     191387,      400,     3800,     6800,     8200,    37000,   271000,
      OnlinePurchase,     127899,          0,          0,          0,     125649,     134296,      300,     3800,     6900,     8300,    35000,   270000,
        InstPurchase,      36569,          0,          0,          0,      35580,      38281,      500,     4200,     7000,     8500,    39000,   269000,
          AssocOfCat,        365,          0,          0,          0,        290,        366,    23000,    35000,    49000,    54000,    87330,   195000,
      AssocOfProduct,       3674,          0,          0,          0,       3434,       3856,      600,     4300,     7000,     8600,    39430,   269000,
      BusinessReport,        910,          0,          0,          0,        824,        998,    26000,    36000,    51000,    56000,   110010,   264000,
          CustBuyBeh,       3654,          0,          0,          0,       3448,       3918,      300,     3700,     6700,     8105,    40810,   161000,
       ProductReturn,       9709,          0,          0,          0,       9319,      10230,      200,     3500,     6800,     8100,    32690,   161000,

  3909s: (45%)   IR =   6227 [3910.410s][info][gc,start       ] GC(445) Pause Young (Normal) (G1 Evacuation Pause)
[3910.411s][info][gc,task        ] GC(445) Using 8 workers of 8 for evacuation
[3910.557s][info][gc,phases      ] GC(445)   Pre Evacuate Collection Set: 0.26ms
[3910.557s][info][gc,phases      ] GC(445)   Merge Heap Roots: 0.63ms
[3910.557s][info][gc,phases      ] GC(445)   Evacuate Collection Set: 144.11ms
[3910.557s][info][gc,phases      ] GC(445)   Post Evacuate Collection Set: 1.08ms
[3910.557s][info][gc,phases      ] GC(445)   Other: 0.08ms
[3910.557s][info][gc,heap        ] GC(445) Eden regions: 571->0(570)
[3910.557s][info][gc,heap        ] GC(445) Survivor regions: 43->43(77)
[3910.557s][info][gc,heap        ] GC(445) Old regions: 276->283
[3910.557s][info][gc,heap        ] GC(445) Humongous regions: 33->33
[3910.557s][info][gc,metaspace   ] GC(445) Metaspace: 29993K(30144K)->29993K(30144K) NonClass: 29993K(30144K)->29993K(30144K) Class: 0K(0K)->0K(0K)
[3910.557s][info][gc             ] GC(445) Pause Young (Normal) (G1 Evacuation Pause) 7370M->2858M(8192M) 146.315ms
[3910.557s][info][gc,cpu         ] GC(445) User=1.16s Sys=0.00s Real=0.14s
......[3916.583s][info][gc,start       ] GC(446) Pause Young (Normal) (G1 Evacuation Pause)
[3916.583s][info][gc,task        ] GC(446) Using 8 workers of 8 for evacuation
[3916.729s][info][gc,phases      ] GC(446)   Pre Evacuate Collection Set: 0.25ms
[3916.729s][info][gc,phases      ] GC(446)   Merge Heap Roots: 0.52ms
[3916.729s][info][gc,phases      ] GC(446)   Evacuate Collection Set: 143.59ms
[3916.729s][info][gc,phases      ] GC(446)   Post Evacuate Collection Set: 1.01ms
[3916.729s][info][gc,phases      ] GC(446)   Other: 0.06ms
[3916.729s][info][gc,heap        ] GC(446) Eden regions: 570->0(563)
[3916.729s][info][gc,heap        ] GC(446) Survivor regions: 43->43(77)
[3916.729s][info][gc,heap        ] GC(446) Old regions: 283->290
[3916.729s][info][gc,heap        ] GC(446) Humongous regions: 33->33
[3916.729s][info][gc,metaspace   ] GC(446) Metaspace: 29993K(30144K)->29993K(30144K) NonClass: 29993K(30144K)->29993K(30144K) Class: 0K(0K)->0K(0K)
[3916.729s][info][gc             ] GC(446) Pause Young (Normal) (G1 Evacuation Pause) 7418M->2911M(8192M) 145.572ms
[3916.729s][info][gc,cpu         ] GC(446) User=1.15s Sys=0.00s Real=0.14s
...|...[3922.564s][info][gc,start       ] GC(447) Pause Young (Normal) (G1 Evacuation Pause)
[3922.564s][info][gc,task        ] GC(447) Using 8 workers of 8 for evacuation
[3922.710s][info][gc,phases      ] GC(447)   Pre Evacuate Collection Set: 0.24ms
[3922.711s][info][gc,phases      ] GC(447)   Merge Heap Roots: 0.55ms
[3922.711s][info][gc,phases      ] GC(447)   Evacuate Collection Set: 144.76ms
[3922.711s][info][gc,phases      ] GC(447)   Post Evacuate Collection Set: 1.01ms
[3922.711s][info][gc,phases      ] GC(447)   Other: 0.06ms
[3922.711s][info][gc,heap        ] GC(447) Eden regions: 563->0(555)
[3922.711s][info][gc,heap        ] GC(447) Survivor regions: 43->43(76)
[3922.711s][info][gc,heap        ] GC(447) Old regions: 290->298
[3922.711s][info][gc,heap        ] GC(447) Humongous regions: 33->33
[3922.711s][info][gc,metaspace   ] GC(447) Metaspace: 29993K(30144K)->29993K(30144K) NonClass: 29993K(30144K)->29993K(30144K) Class: 0K(0K)->0K(0K)
[3922.711s][info][gc             ] GC(447) Pause Young (Normal) (G1 Evacuation Pause) 7415M->2970M(8192M) 146.754ms
[3922.711s][info][gc,cpu         ] GC(447) User=1.16s Sys=0.00s Real=0.15s
......[3928.694s][info][gc,start       ] GC(448) Pause Young (Normal) (G1 Evacuation Pause)
[3928.694s][info][gc,task        ] GC(448) Using 8 workers of 8 for evacuation
[3928.847s][info][gc,phases      ] GC(448)   Pre Evacuate Collection Set: 0.29ms
[3928.847s][info][gc,phases      ] GC(448)   Merge Heap Roots: 0.55ms
[3928.847s][info][gc,phases      ] GC(448)   Evacuate Collection Set: 150.59ms
[3928.847s][info][gc,phases      ] GC(448)   Post Evacuate Collection Set: 1.02ms
[3928.847s][info][gc,phases      ] GC(448)   Other: 0.07ms
[3928.847s][info][gc,heap        ] GC(448) Eden regions: 555->0(548)
[3928.847s][info][gc,heap        ] GC(448) Survivor regions: 43->43(75)
[3928.847s][info][gc,heap        ] GC(448) Old regions: 298->305
[3928.847s][info][gc,heap        ] GC(448) Humongous regions: 33->33
[3928.847s][info][gc,metaspace   ] GC(448) Metaspace: 29993K(30144K)->29993K(30144K) NonClass: 29993K(30144K)->29993K(30144K) Class: 0K(0K)->0K(0K)
[3928.847s][info][gc             ] GC(448) Pause Young (Normal) (G1 Evacuation Pause) 7410M->3033M(8192M) 152.669ms
[3928.847s][info][gc,cpu         ] GC(448) User=1.21s Sys=0.00s Real=0.15s
......[3934.534s][info][gc,start       ] GC(449) Pause Young (Normal) (G1 Evacuation Pause)
[3934.534s][info][gc,task        ] GC(449) Using 8 workers of 8 for evacuation
[3934.681s][info][gc,phases      ] GC(449)   Pre Evacuate Collection Set: 0.25ms
[3934.681s][info][gc,phases      ] GC(449)   Merge Heap Roots: 0.51ms
[3934.681s][info][gc,phases      ] GC(449)   Evacuate Collection Set: 145.68ms
[3934.681s][info][gc,phases      ] GC(449)   Post Evacuate Collection Set: 1.01ms
[3934.681s][info][gc,phases      ] GC(449)   Other: 0.06ms
[3934.681s][info][gc,heap        ] GC(449) Eden regions: 548->0(541)
[3934.681s][info][gc,heap        ] GC(449) Survivor regions: 43->43(74)
[3934.681s][info][gc,heap        ] GC(449) Old regions: 305->312
[3934.681s][info][gc,heap        ] GC(449) Humongous regions: 33->33
[3934.681s][info][gc,metaspace   ] GC(449) Metaspace: 29993K(30144K)->29993K(30144K) NonClass: 29993K(30144K)->29993K(30144K) Class: 0K(0K)->0K(0K)
[3934.681s][info][gc             ] GC(449) Pause Young (Normal) (G1 Evacuation Pause) 7417M->3087M(8192M) 147.637ms
[3934.681s][info][gc,cpu         ] GC(449) User=1.17s Sys=0.00s Real=0.15s
......[3940.510s][info][gc,start       ] GC(450) Pause Young (Concurrent Start) (G1 Evacuation Pause)
[3940.510s][info][gc,task        ] GC(450) Using 8 workers of 8 for evacuation
[3940.668s][info][gc,phases      ] GC(450)   Pre Evacuate Collection Set: 0.28ms
[3940.668s][info][gc,phases      ] GC(450)   Merge Heap Roots: 0.57ms
[3940.668s][info][gc,phases      ] GC(450)   Evacuate Collection Set: 155.48ms
[3940.668s][info][gc,phases      ] GC(450)   Post Evacuate Collection Set: 0.97ms
[3940.668s][info][gc,phases      ] GC(450)   Other: 0.12ms
[3940.668s][info][gc,heap        ] GC(450) Eden regions: 541->0(529)
[3940.668s][info][gc,heap        ] GC(450) Survivor regions: 43->45(73)
[3940.668s][info][gc,heap        ] GC(450) Old regions: 312->320
[3940.668s][info][gc,heap        ] GC(450) Humongous regions: 33->33
[3940.668s][info][gc,metaspace   ] GC(450) Metaspace: 29993K(30144K)->29993K(30144K) NonClass: 29993K(30144K)->29993K(30144K) Class: 0K(0K)->0K(0K)
[3940.668s][info][gc             ] GC(450) Pause Young (Concurrent Start) (G1 Evacuation Pause) 7415M->3162M(8192M) 157.552ms
[3940.668s][info][gc             ] GC(451) Concurrent Mark Cycle
[3940.668s][info][gc,marking     ] GC(451) Concurrent Scan Root Regions
[3940.668s][info][gc,cpu         ] GC(450) User=1.24s Sys=0.00s Real=0.15s
.[3940.977s][info][gc,marking     ] GC(451) Concurrent Scan Root Regions 309.387ms
[3940.977s][info][gc,marking     ] GC(451) Concurrent Mark
[3940.977s][info][gc,marking     ] GC(451) Concurrent Mark From Roots
[3940.977s][info][gc,task        ] GC(451) Using 2 workers of 2 for marking
[3941.660s][info][gc,marking     ] GC(451) Concurrent Mark From Roots 683.227ms
[3941.660s][info][gc,marking     ] GC(451) Concurrent Preclean
[3941.661s][info][gc,marking     ] GC(451) Concurrent Preclean 0.161ms
[3941.661s][info][gc,start       ] GC(451) Pause Remark
[3941.663s][info][gc             ] GC(451) Pause Remark 4042M->3378M(8192M) 2.093ms
[3941.663s][info][gc,cpu         ] GC(451) User=0.01s Sys=0.00s Real=0.00s
[3941.663s][info][gc,marking     ] GC(451) Concurrent Mark 685.800ms
[3941.663s][info][gc,marking     ] GC(451) Concurrent Rebuild Remembered Sets and Scrub Regions
.[3942.101s][info][gc,marking     ] GC(451) Concurrent Rebuild Remembered Sets and Scrub Regions 437.974ms
[3942.101s][info][gc,start       ] GC(451) Pause Cleanup
[3942.101s][info][gc             ] GC(451) Pause Cleanup 3730M->3730M(8192M) 0.259ms
[3942.101s][info][gc,cpu         ] GC(451) User=0.00s Sys=0.00s Real=0.00s
[3942.101s][info][gc,marking     ] GC(451) Concurrent Clear Claimed Marks
[3942.101s][info][gc,marking     ] GC(451) Concurrent Clear Claimed Marks 0.044ms
[3942.101s][info][gc,marking     ] GC(451) Concurrent Cleanup for Next Mark
[3942.109s][info][gc,marking     ] GC(451) Concurrent Cleanup for Next Mark 7.431ms
[3942.109s][info][gc             ] GC(451) Concurrent Mark Cycle 1441.305ms
....[3946.112s][info][gc,start       ] GC(452) Pause Young (Prepare Mixed) (G1 Evacuation Pause)
[3946.112s][info][gc,task        ] GC(452) Using 8 workers of 8 for evacuation
[3946.258s][info][gc,phases      ] GC(452)   Pre Evacuate Collection Set: 0.25ms
[3946.258s][info][gc,phases      ] GC(452)   Merge Heap Roots: 0.64ms
[3946.258s][info][gc,phases      ] GC(452)   Evacuate Collection Set: 143.73ms
[3946.258s][info][gc,phases      ] GC(452)   Post Evacuate Collection Set: 1.08ms
[3946.258s][info][gc,phases      ] GC(452)   Other: 0.07ms
[3946.258s][info][gc,heap        ] GC(452) Eden regions: 529->0(572)
[3946.258s][info][gc,heap        ] GC(452) Survivor regions: 45->42(72)
[3946.258s][info][gc,heap        ] GC(452) Old regions: 237->244
[3946.258s][info][gc,heap        ] GC(452) Humongous regions: 33->33
[3946.258s][info][gc,metaspace   ] GC(452) Metaspace: 29993K(30144K)->29993K(30144K) NonClass: 29993K(30144K)->29993K(30144K) Class: 0K(0K)->0K(0K)
[3946.258s][info][gc             ] GC(452) Pause Young (Prepare Mixed) (G1 Evacuation Pause) 6730M->2533M(8192M) 145.894ms
[3946.258s][info][gc,cpu         ] GC(452) User=1.15s Sys=0.00s Real=0.14s
......[3952.307s][info][gc,start       ] GC(453) Pause Young (Mixed) (G1 Evacuation Pause)
[3952.307s][info][gc,task        ] GC(453) Using 8 workers of 8 for evacuation
[3952.460s][info][gc,phases      ] GC(453)   Pre Evacuate Collection Set: 0.28ms
[3952.460s][info][gc,phases      ] GC(453)   Merge Heap Roots: 0.80ms
[3952.460s][info][gc,phases      ] GC(453)   Evacuate Collection Set: 149.91ms
[3952.460s][info][gc,phases      ] GC(453)   Post Evacuate Collection Set: 1.21ms
[3952.460s][info][gc,phases      ] GC(453)   Other: 0.07ms
[3952.460s][info][gc,heap        ] GC(453) Eden regions: 572->0(572)
[3952.460s][info][gc,heap        ] GC(453) Survivor regions: 42->42(77)
[3952.460s][info][gc,heap        ] GC(453) Old regions: 244->150
[3952.460s][info][gc,heap        ] GC(453) Humongous regions: 33->33
[3952.460s][info][gc,metaspace   ] GC(453) Metaspace: 29993K(30144K)->29993K(30144K) NonClass: 29993K(30144K)->29993K(30144K) Class: 0K(0K)->0K(0K)
[3952.460s][info][gc             ] GC(453) Pause Young (Mixed) (G1 Evacuation Pause) 7109M->1782M(8192M) 152.397ms
[3952.460s][info][gc,cpu         ] GC(453) User=1.21s Sys=0.00s Real=0.15s
......[3958.530s][info][gc,start       ] GC(454) Pause Young (Mixed) (G1 Evacuation Pause)
[3958.530s][info][gc,task        ] GC(454) Using 8 workers of 8 for evacuation
[3958.682s][info][gc,phases      ] GC(454)   Pre Evacuate Collection Set: 0.26ms
[3958.683s][info][gc,phases      ] GC(454)   Merge Heap Roots: 0.64ms
[3958.683s][info][gc,phases      ] GC(454)   Evacuate Collection Set: 150.46ms
[3958.683s][info][gc,phases      ] GC(454)   Post Evacuate Collection Set: 1.03ms
[3958.683s][info][gc,phases      ] GC(454)   Other: 0.07ms
[3958.683s][info][gc,heap        ] GC(454) Eden regions: 572->0(571)
[3958.683s][info][gc,heap        ] GC(454) Survivor regions: 42->43(77)
[3958.683s][info][gc,heap        ] GC(454) Old regions: 150->142
[3958.683s][info][gc,heap        ] GC(454) Humongous regions: 33->33
[3958.683s][info][gc,metaspace   ] GC(454) Metaspace: 29993K(30144K)->29993K(30144K) NonClass: 29993K(30144K)->29993K(30144K) Class: 0K(0K)->0K(0K)
[3958.683s][info][gc             ] GC(454) Pause Young (Mixed) (G1 Evacuation Pause) 6358M->1730M(8192M) 152.584ms
[3958.683s][info][gc,cpu         ] GC(454) User=1.21s Sys=0.00s Real=0.15s
......[3964.717s][info][gc,start       ] GC(455) Pause Young (Normal) (G1 Evacuation Pause)
[3964.717s][info][gc,task        ] GC(455) Using 8 workers of 8 for evacuation
[3964.863s][info][gc,phases      ] GC(455)   Pre Evacuate Collection Set: 0.24ms
[3964.863s][info][gc,phases      ] GC(455)   Merge Heap Roots: 0.54ms
[3964.863s][info][gc,phases      ] GC(455)   Evacuate Collection Set: 143.49ms
[3964.863s][info][gc,phases      ] GC(455)   Post Evacuate Collection Set: 1.01ms
[3964.863s][info][gc,phases      ] GC(455)   Other: 0.09ms
[3964.863s][info][gc,heap        ] GC(455) Eden regions: 571->0(571)
[3964.863s][info][gc,heap        ] GC(455) Survivor regions: 43->43(77)
[3964.863s][info][gc,heap        ] GC(455) Old regions: 142->149
[3964.863s][info][gc,heap        ] GC(455) Humongous regions: 33->33
[3964.863s][info][gc,metaspace   ] GC(455) Metaspace: 29993K(30144K)->29993K(30144K) NonClass: 29993K(30144K)->29993K(30144K) Class: 0K(0K)->0K(0K)
[3964.863s][info][gc             ] GC(455) Pause Young (Normal) (G1 Evacuation Pause) 6298M->1783M(8192M) 145.529ms
[3964.863s][info][gc,cpu         ] GC(455) User=1.15s Sys=0.00s Real=0.15s
.......[3970.908s][info][gc,start       ] GC(456) Pause Young (Normal) (G1 Evacuation Pause)
[3970.908s][info][gc,task        ] GC(456) Using 8 workers of 8 for evacuation
[3971.054s][info][gc,phases      ] GC(456)   Pre Evacuate Collection Set: 0.24ms
[3971.054s][info][gc,phases      ] GC(456)   Merge Heap Roots: 0.50ms
[3971.054s][info][gc,phases      ] GC(456)   Evacuate Collection Set: 143.48ms
[3971.054s][info][gc,phases      ] GC(456)   Post Evacuate Collection Set: 1.06ms
[3971.054s][info][gc,phases      ] GC(456)   Other: 0.07ms
[3971.054s][info][gc,heap        ] GC(456) Eden regions: 571->0(571)
[3971.054s][info][gc,heap        ] GC(456) Survivor regions: 43->43(77)
[3971.054s][info][gc,heap        ] GC(456) Old regions: 149->156
[3971.054s][info][gc,heap        ] GC(456) Humongous regions: 33->33
[3971.054s][info][gc,metaspace   ] GC(456) Metaspace: 29993K(30144K)->29993K(30144K) NonClass: 29993K(30144K)->29993K(30144K) Class: 0K(0K)->0K(0K)
[3971.054s][info][gc             ] GC(456) Pause Young (Normal) (G1 Evacuation Pause) 6351M->1843M(8192M) 145.519ms
[3971.054s][info][gc,cpu         ] GC(456) User=1.15s Sys=0.00s Real=0.15s
......[3977.058s][info][gc,start       ] GC(457) Pause Young (Normal) (G1 Evacuation Pause)
[3977.058s][info][gc,task        ] GC(457) Using 8 workers of 8 for evacuation
[3977.202s][info][gc,phases      ] GC(457)   Pre Evacuate Collection Set: 0.28ms
[3977.202s][info][gc,phases      ] GC(457)   Merge Heap Roots: 0.51ms
[3977.202s][info][gc,phases      ] GC(457)   Evacuate Collection Set: 141.81ms
[3977.202s][info][gc,phases      ] GC(457)   Post Evacuate Collection Set: 1.04ms
[3977.202s][info][gc,phases      ] GC(457)   Other: 0.06ms
[3977.202s][info][gc,heap        ] GC(457) Eden regions: 571->0(572)
[3977.202s][info][gc,heap        ] GC(457) Survivor regions: 43->42(77)
[3977.202s][info][gc,heap        ] GC(457) Old regions: 156->163
[3977.202s][info][gc,heap        ] GC(457) Humongous regions: 33->33
[3977.202s][info][gc,metaspace   ] GC(457) Metaspace: 29993K(30144K)->29993K(30144K) NonClass: 29993K(30144K)->29993K(30144K) Class: 0K(0K)->0K(0K)
[3977.202s][info][gc             ] GC(457) Pause Young (Normal) (G1 Evacuation Pause) 6411M->1891M(8192M) 143.832ms
[3977.202s][info][gc,cpu         ] GC(457) User=1.14s Sys=0.01s Real=0.15s
.. (rIR:aIR:PR = 6227:6230:6230) (tPR = 93035) [OK] 
  3978s: Performance info:
         Transaction,    Success,    Partial,     Failed,   Receipts, AvgBarcode, 
             Overall,     374668,          0,          0,     355920,      59.47, 
         Response times:
             Request,    Success,    Partial,     Failed,   SkipFail,     Probes,    Samples,      min,      p50,      p90,      p95,      p99,      max, 
       TotalPurchase,     355919,          0,          0,          0,     347909,     404673,      300,     4000,     7300,     9400,    52000,   548000,
     InStorePurchase,     187262,          0,          0,          0,     183319,     212882,      300,     4000,     7300,     9300,    53000,   548000,
      OnlinePurchase,     131183,          0,          0,          0,     128213,     149147,      300,     3900,     7400,     9400,    50000,   547000,
        InstPurchase,      37474,          0,          0,          0,      36377,      42644,      500,     4300,     7500,     9600,    49000,   504000,
          AssocOfCat,        372,          0,          0,          0,        297,        423,    26000,    35000,    50600,    61600,   194880,   235000,
      AssocOfProduct,       3743,          0,          0,          0,       3523,       4308,      400,     3500,     6700,     8200,    56000,   545000,
      BusinessReport,        935,          0,          0,          0,        826,       1079,    25000,    37000,    57000,    77000,   198000,   323000,
          CustBuyBeh,       3754,          0,          0,          0,       3496,       4245,      200,     3300,     6900,     9170,    51620,   294000,
       ProductReturn,       9946,          0,          0,          0,       9488,      11300,      200,     4000,     7000,     8700,    54990,   308000,

  3978s: (46%)   IR =   6365 ....[3983.173s][info][gc,start       ] GC(458) Pause Young (Normal) (G1 Evacuation Pause)
[3983.173s][info][gc,task        ] GC(458) Using 8 workers of 8 for evacuation
[3983.324s][info][gc,phases      ] GC(458)   Pre Evacuate Collection Set: 0.25ms
[3983.324s][info][gc,phases      ] GC(458)   Merge Heap Roots: 0.52ms
[3983.324s][info][gc,phases      ] GC(458)   Evacuate Collection Set: 149.37ms
[3983.324s][info][gc,phases      ] GC(458)   Post Evacuate Collection Set: 1.01ms
[3983.324s][info][gc,phases      ] GC(458)   Other: 0.07ms
[3983.324s][info][gc,heap        ] GC(458) Eden regions: 572->0(570)
[3983.324s][info][gc,heap        ] GC(458) Survivor regions: 42->44(77)
[3983.324s][info][gc,heap        ] GC(458) Old regions: 163->171
[3983.324s][info][gc,heap        ] GC(458) Humongous regions: 33->33
[3983.324s][info][gc,metaspace   ] GC(458) Metaspace: 29993K(30144K)->29993K(30144K) NonClass: 29993K(30144K)->29993K(30144K) Class: 0K(0K)->0K(0K)
[3983.324s][info][gc             ] GC(458) Pause Young (Normal) (G1 Evacuation Pause) 6467M->1961M(8192M) 151.352ms
[3983.324s][info][gc,cpu         ] GC(458) User=1.19s Sys=0.01s Real=0.15s
.|.....[3989.251s][info][gc,start       ] GC(459) Pause Young (Normal) (G1 Evacuation Pause)
[3989.251s][info][gc,task        ] GC(459) Using 8 workers of 8 for evacuation
[3989.395s][info][gc,phases      ] GC(459)   Pre Evacuate Collection Set: 0.24ms
[3989.395s][info][gc,phases      ] GC(459)   Merge Heap Roots: 0.50ms
[3989.395s][info][gc,phases      ] GC(459)   Evacuate Collection Set: 142.40ms
[3989.395s][info][gc,phases      ] GC(459)   Post Evacuate Collection Set: 1.10ms
[3989.395s][info][gc,phases      ] GC(459)   Other: 0.06ms
[3989.395s][info][gc,heap        ] GC(459) Eden regions: 570->0(572)
[3989.395s][info][gc,heap        ] GC(459) Survivor regions: 44->42(77)
[3989.395s][info][gc,heap        ] GC(459) Old regions: 171->177
[3989.395s][info][gc,heap        ] GC(459) Humongous regions: 33->33
[3989.395s][info][gc,metaspace   ] GC(459) Metaspace: 29993K(30144K)->29993K(30144K) NonClass: 29993K(30144K)->29993K(30144K) Class: 0K(0K)->0K(0K)
[3989.395s][info][gc             ] GC(459) Pause Young (Normal) (G1 Evacuation Pause) 6521M->2003M(8192M) 144.432ms
[3989.395s][info][gc,cpu         ] GC(459) User=1.14s Sys=0.00s Real=0.14s
......[3995.359s][info][gc,start       ] GC(460) Pause Young (Normal) (G1 Evacuation Pause)
[3995.359s][info][gc,task        ] GC(460) Using 8 workers of 8 for evacuation
[3995.505s][info][gc,phases      ] GC(460)   Pre Evacuate Collection Set: 0.26ms
[3995.505s][info][gc,phases      ] GC(460)   Merge Heap Roots: 0.58ms
[3995.505s][info][gc,phases      ] GC(460)   Evacuate Collection Set: 143.23ms
[3995.505s][info][gc,phases      ] GC(460)   Post Evacuate Collection Set: 1.05ms
[3995.505s][info][gc,phases      ] GC(460)   Other: 0.06ms
[3995.505s][info][gc,heap        ] GC(460) Eden regions: 572->0(571)
[3995.505s][info][gc,heap        ] GC(460) Survivor regions: 42->43(77)
[3995.505s][info][gc,heap        ] GC(460) Old regions: 177->184
[3995.505s][info][gc,heap        ] GC(460) Humongous regions: 33->33
[3995.505s][info][gc,metaspace   ] GC(460) Metaspace: 29993K(30144K)->29993K(30144K) NonClass: 29993K(30144K)->29993K(30144K) Class: 0K(0K)->0K(0K)
[3995.505s][info][gc             ] GC(460) Pause Young (Normal) (G1 Evacuation Pause) 6579M->2063M(8192M) 145.331ms
[3995.505s][info][gc,cpu         ] GC(460) User=1.15s Sys=0.00s Real=0.15s
......[4001.370s][info][gc,start       ] GC(461) Pause Young (Normal) (G1 Evacuation Pause)
[4001.370s][info][gc,task        ] GC(461) Using 8 workers of 8 for evacuation
[4001.514s][info][gc,phases      ] GC(461)   Pre Evacuate Collection Set: 0.26ms
[4001.514s][info][gc,phases      ] GC(461)   Merge Heap Roots: 0.50ms
[4001.514s][info][gc,phases      ] GC(461)   Evacuate Collection Set: 142.38ms
[4001.514s][info][gc,phases      ] GC(461)   Post Evacuate Collection Set: 1.05ms
[4001.514s][info][gc,phases      ] GC(461)   Other: 0.06ms
[4001.514s][info][gc,heap        ] GC(461) Eden regions: 571->0(571)
[4001.514s][info][gc,heap        ] GC(461) Survivor regions: 43->43(77)
[4001.514s][info][gc,heap        ] GC(461) Old regions: 184->192
[4001.514s][info][gc,heap        ] GC(461) Humongous regions: 33->33
[4001.514s][info][gc,metaspace   ] GC(461) Metaspace: 29993K(30144K)->29993K(30144K) NonClass: 29993K(30144K)->29993K(30144K) Class: 0K(0K)->0K(0K)
[4001.514s][info][gc             ] GC(461) Pause Young (Normal) (G1 Evacuation Pause) 6631M->2125M(8192M) 144.382ms
[4001.515s][info][gc,cpu         ] GC(461) User=1.15s Sys=0.00s Real=0.14s
......[4007.420s][info][gc,start       ] GC(462) Pause Young (Normal) (G1 Evacuation Pause)
[4007.420s][info][gc,task        ] GC(462) Using 8 workers of 8 for evacuation
[4007.565s][info][gc,phases      ] GC(462)   Pre Evacuate Collection Set: 0.25ms
[4007.565s][info][gc,phases      ] GC(462)   Merge Heap Roots: 0.53ms
[4007.565s][info][gc,phases      ] GC(462)   Evacuate Collection Set: 143.18ms
[4007.565s][info][gc,phases      ] GC(462)   Post Evacuate Collection Set: 1.05ms
[4007.565s][info][gc,phases      ] GC(462)   Other: 0.06ms
[4007.565s][info][gc,heap        ] GC(462) Eden regions: 571->0(572)
[4007.565s][info][gc,heap        ] GC(462) Survivor regions: 43->42(77)
[4007.565s][info][gc,heap        ] GC(462) Old regions: 192->199
[4007.565s][info][gc,heap        ] GC(462) Humongous regions: 33->33
[4007.565s][info][gc,metaspace   ] GC(462) Metaspace: 29993K(30144K)->29993K(30144K) NonClass: 29993K(30144K)->29993K(30144K) Class: 0K(0K)->0K(0K)
[4007.565s][info][gc             ] GC(462) Pause Young (Normal) (G1 Evacuation Pause) 6693M->2174M(8192M) 145.196ms
[4007.565s][info][gc,cpu         ] GC(462) User=1.15s Sys=0.00s Real=0.14s
......[4013.469s][info][gc,start       ] GC(463) Pause Young (Normal) (G1 Evacuation Pause)
[4013.469s][info][gc,task        ] GC(463) Using 8 workers of 8 for evacuation
[4013.614s][info][gc,phases      ] GC(463)   Pre Evacuate Collection Set: 0.27ms
[4013.614s][info][gc,phases      ] GC(463)   Merge Heap Roots: 0.56ms
[4013.614s][info][gc,phases      ] GC(463)   Evacuate Collection Set: 142.67ms
[4013.614s][info][gc,phases      ] GC(463)   Post Evacuate Collection Set: 1.04ms
[4013.614s][info][gc,phases      ] GC(463)   Other: 0.08ms
[4013.614s][info][gc,heap        ] GC(463) Eden regions: 572->0(571)
[4013.614s][info][gc,heap        ] GC(463) Survivor regions: 42->43(77)
[4013.614s][info][gc,heap        ] GC(463) Old regions: 199->206
[4013.614s][info][gc,heap        ] GC(463) Humongous regions: 33->33
[4013.614s][info][gc,metaspace   ] GC(463) Metaspace: 29993K(30144K)->29993K(30144K) NonClass: 29993K(30144K)->29993K(30144K) Class: 0K(0K)->0K(0K)
[4013.614s][info][gc             ] GC(463) Pause Young (Normal) (G1 Evacuation Pause) 6750M->2238M(8192M) 144.748ms
[4013.614s][info][gc,cpu         ] GC(463) User=1.14s Sys=0.00s Real=0.15s
......[4019.499s][info][gc,start       ] GC(464) Pause Young (Normal) (G1 Evacuation Pause)
[4019.499s][info][gc,task        ] GC(464) Using 8 workers of 8 for evacuation
[4019.648s][info][gc,phases      ] GC(464)   Pre Evacuate Collection Set: 0.28ms
[4019.648s][info][gc,phases      ] GC(464)   Merge Heap Roots: 0.51ms
[4019.648s][info][gc,phases      ] GC(464)   Evacuate Collection Set: 146.77ms
[4019.648s][info][gc,phases      ] GC(464)   Post Evacuate Collection Set: 1.08ms
[4019.648s][info][gc,phases      ] GC(464)   Other: 0.06ms
[4019.648s][info][gc,heap        ] GC(464) Eden regions: 571->0(570)
[4019.648s][info][gc,heap        ] GC(464) Survivor regions: 43->44(77)
[4019.648s][info][gc,heap        ] GC(464) Old regions: 206->213
[4019.648s][info][gc,heap        ] GC(464) Humongous regions: 33->33
[4019.648s][info][gc,metaspace   ] GC(464) Metaspace: 29993K(30144K)->29993K(30144K) NonClass: 29993K(30144K)->29993K(30144K) Class: 0K(0K)->0K(0K)
[4019.648s][info][gc             ] GC(464) Pause Young (Normal) (G1 Evacuation Pause) 6806M->2301M(8192M) 148.828ms
[4019.648s][info][gc,cpu         ] GC(464) User=1.18s Sys=0.00s Real=0.15s
......[4025.578s][info][gc,start       ] GC(465) Pause Young (Normal) (G1 Evacuation Pause)
[4025.578s][info][gc,task        ] GC(465) Using 8 workers of 8 for evacuation
[4025.725s][info][gc,phases      ] GC(465)   Pre Evacuate Collection Set: 0.26ms
[4025.725s][info][gc,phases      ] GC(465)   Merge Heap Roots: 0.54ms
[4025.725s][info][gc,phases      ] GC(465)   Evacuate Collection Set: 144.39ms
[4025.725s][info][gc,phases      ] GC(465)   Post Evacuate Collection Set: 1.06ms
[4025.725s][info][gc,phases      ] GC(465)   Other: 0.06ms
[4025.725s][info][gc,heap        ] GC(465) Eden regions: 570->0(571)
[4025.725s][info][gc,heap        ] GC(465) Survivor regions: 44->43(77)
[4025.725s][info][gc,heap        ] GC(465) Old regions: 213->220
[4025.725s][info][gc,heap        ] GC(465) Humongous regions: 33->33
[4025.725s][info][gc,metaspace   ] GC(465) Metaspace: 29993K(30144K)->29993K(30144K) NonClass: 29993K(30144K)->29993K(30144K) Class: 0K(0K)->0K(0K)
[4025.725s][info][gc             ] GC(465) Pause Young (Normal) (G1 Evacuation Pause) 6861M->2350M(8192M) 146.444ms
[4025.725s][info][gc,cpu         ] GC(465) User=1.16s Sys=0.00s Real=0.15s
......[4031.630s][info][gc,start       ] GC(466) Pause Young (Normal) (G1 Evacuation Pause)
[4031.630s][info][gc,task        ] GC(466) Using 8 workers of 8 for evacuation
[4031.775s][info][gc,phases      ] GC(466)   Pre Evacuate Collection Set: 0.25ms
[4031.775s][info][gc,phases      ] GC(466)   Merge Heap Roots: 0.50ms
[4031.775s][info][gc,phases      ] GC(466)   Evacuate Collection Set: 143.58ms
[4031.775s][info][gc,phases      ] GC(466)   Post Evacuate Collection Set: 1.03ms
[4031.775s][info][gc,phases      ] GC(466)   Other: 0.08ms
[4031.775s][info][gc,heap        ] GC(466) Eden regions: 571->0(571)
[4031.775s][info][gc,heap        ] GC(466) Survivor regions: 43->43(77)
[4031.775s][info][gc,heap        ] GC(466) Old regions: 220->227
[4031.775s][info][gc,heap        ] GC(466) Humongous regions: 33->33
[4031.775s][info][gc,metaspace   ] GC(466) Metaspace: 29993K(30144K)->29993K(30144K) NonClass: 29993K(30144K)->29993K(30144K) Class: 0K(0K)->0K(0K)
[4031.775s][info][gc             ] GC(466) Pause Young (Normal) (G1 Evacuation Pause) 6918M->2407M(8192M) 145.573ms
[4031.775s][info][gc,cpu         ] GC(466) User=1.15s Sys=0.01s Real=0.14s
......[4037.639s][info][gc,start       ] GC(467) Pause Young (Normal) (G1 Evacuation Pause)
[4037.639s][info][gc,task        ] GC(467) Using 8 workers of 8 for evacuation
[4037.785s][info][gc,phases      ] GC(467)   Pre Evacuate Collection Set: 0.29ms
[4037.785s][info][gc,phases      ] GC(467)   Merge Heap Roots: 0.54ms
[4037.785s][info][gc,phases      ] GC(467)   Evacuate Collection Set: 144.07ms
[4037.785s][info][gc,phases      ] GC(467)   Post Evacuate Collection Set: 1.06ms
[4037.785s][info][gc,phases      ] GC(467)   Other: 0.06ms
[4037.785s][info][gc,heap        ] GC(467) Eden regions: 571->0(572)
[4037.785s][info][gc,heap        ] GC(467) Survivor regions: 43->42(77)
[4037.785s][info][gc,heap        ] GC(467) Old regions: 227->234
[4037.785s][info][gc,heap        ] GC(467) Humongous regions: 33->33
[4037.785s][info][gc,metaspace   ] GC(467) Metaspace: 29993K(30144K)->29993K(30144K) NonClass: 29993K(30144K)->29993K(30144K) Class: 0K(0K)->0K(0K)
[4037.785s][info][gc             ] GC(467) Pause Young (Normal) (G1 Evacuation Pause) 6975M->2459M(8192M) 146.152ms
[4037.785s][info][gc,cpu         ] GC(467) User=1.16s Sys=0.00s Real=0.15s
......[4043.714s][info][gc,start       ] GC(468) Pause Young (Normal) (G1 Evacuation Pause)
[4043.715s][info][gc,task        ] GC(468) Using 8 workers of 8 for evacuation
[4043.861s][info][gc,phases      ] GC(468)   Pre Evacuate Collection Set: 0.24ms
[4043.861s][info][gc,phases      ] GC(468)   Merge Heap Roots: 0.51ms
[4043.861s][info][gc,phases      ] GC(468)   Evacuate Collection Set: 144.30ms
[4043.861s][info][gc,phases      ] GC(468)   Post Evacuate Collection Set: 1.01ms
[4043.861s][info][gc,phases      ] GC(468)   Other: 0.07ms
[4043.861s][info][gc,heap        ] GC(468) Eden regions: 572->0(571)
[4043.861s][info][gc,heap        ] GC(468) Survivor regions: 42->43(77)
[4043.861s][info][gc,heap        ] GC(468) Old regions: 234->242
[4043.861s][info][gc,heap        ] GC(468) Humongous regions: 33->33
[4043.861s][info][gc,metaspace   ] GC(468) Metaspace: 29993K(30144K)->29993K(30144K) NonClass: 29993K(30144K)->29993K(30144K) Class: 0K(0K)->0K(0K)
[4043.861s][info][gc             ] GC(468) Pause Young (Normal) (G1 Evacuation Pause) 7035M->2527M(8192M) 146.268ms
[4043.861s][info][gc,cpu         ] GC(468) User=1.16s Sys=0.00s Real=0.15s
. (rIR:aIR:PR = 6365:6363:6363) (tPR = 94424) [OK] 
  4043s: Performance info:
         Transaction,    Success,    Partial,     Failed,   Receipts, AvgBarcode, 
             Overall,     381932,          0,          0,     362854,      59.47, 
         Response times:
             Request,    Success,    Partial,     Failed,   SkipFail,     Probes,    Samples,      min,      p50,      p90,      p95,      p99,      max, 
       TotalPurchase,     362859,          0,          0,          0,     356686,     387098,      300,     4100,     7600,     9700,    62000,   306000,
     InStorePurchase,     190967,          0,          0,          0,     187905,     203462,      400,     4000,     7600,     9600,    61000,   306000,
      OnlinePurchase,     133680,          0,          0,          0,     131670,     143067,      300,     4200,     7600,     9700,    63000,   306000,
        InstPurchase,      38212,          0,          0,          0,      37111,      40569,      500,     4100,     7700,     9700,    62000,   238000,
          AssocOfCat,        381,          0,          0,          0,        318,        426,    25000,    34000,    45300,    52000,   119140,   203000,
      AssocOfProduct,       3821,          0,          0,          0,       3551,       4047,      600,     4800,     7600,     9560,    73000,   306000,
      BusinessReport,        954,          0,          0,          0,        831,       1037,    28000,    36000,    52000,    59000,   118240,   208000,
          CustBuyBeh,       3816,          0,          0,          0,       3550,       4098,      300,     4300,     7100,     8805,    67000,   163000,
       ProductReturn,      10105,          0,          0,          0,       9729,      11001,      200,     3900,     7100,     9200,    62000,   211000,

  4043s: (47%)   IR =   6503 .....[4049.609s][info][gc,start       ] GC(469) Pause Young (Normal) (G1 Evacuation Pause)
[4049.610s][info][gc,task        ] GC(469) Using 8 workers of 8 for evacuation
[4049.756s][info][gc,phases      ] GC(469)   Pre Evacuate Collection Set: 0.25ms
[4049.756s][info][gc,phases      ] GC(469)   Merge Heap Roots: 0.51ms
[4049.756s][info][gc,phases      ] GC(469)   Evacuate Collection Set: 144.62ms
[4049.756s][info][gc,phases      ] GC(469)   Post Evacuate Collection Set: 1.08ms
[4049.756s][info][gc,phases      ] GC(469)   Other: 0.06ms
[4049.756s][info][gc,heap        ] GC(469) Eden regions: 571->0(571)
[4049.756s][info][gc,heap        ] GC(469) Survivor regions: 43->43(77)
[4049.756s][info][gc,heap        ] GC(469) Old regions: 242->249
[4049.756s][info][gc,heap        ] GC(469) Humongous regions: 33->33
[4049.756s][info][gc,metaspace   ] GC(469) Metaspace: 29993K(30144K)->29993K(30144K) NonClass: 29993K(30144K)->29993K(30144K) Class: 0K(0K)->0K(0K)
[4049.756s][info][gc             ] GC(469) Pause Young (Normal) (G1 Evacuation Pause) 7095M->2581M(8192M) 146.663ms
[4049.756s][info][gc,cpu         ] GC(469) User=1.16s Sys=0.00s Real=0.15s
.|.....[4055.543s][info][gc,start       ] GC(470) Pause Young (Normal) (G1 Evacuation Pause)
[4055.543s][info][gc,task        ] GC(470) Using 8 workers of 8 for evacuation
[4055.691s][info][gc,phases      ] GC(470)   Pre Evacuate Collection Set: 0.25ms
[4055.692s][info][gc,phases      ] GC(470)   Merge Heap Roots: 0.51ms
[4055.692s][info][gc,phases      ] GC(470)   Evacuate Collection Set: 146.50ms
[4055.692s][info][gc,phases      ] GC(470)   Post Evacuate Collection Set: 1.03ms
[4055.692s][info][gc,phases      ] GC(470)   Other: 0.06ms
[4055.692s][info][gc,heap        ] GC(470) Eden regions: 571->0(571)
[4055.692s][info][gc,heap        ] GC(470) Survivor regions: 43->43(77)
[4055.692s][info][gc,heap        ] GC(470) Old regions: 249->256
[4055.692s][info][gc,heap        ] GC(470) Humongous regions: 33->33
[4055.692s][info][gc,metaspace   ] GC(470) Metaspace: 29993K(30144K)->29993K(30144K) NonClass: 29993K(30144K)->29993K(30144K) Class: 0K(0K)->0K(0K)
[4055.692s][info][gc             ] GC(470) Pause Young (Normal) (G1 Evacuation Pause) 7149M->2641M(8192M) 148.488ms
[4055.692s][info][gc,cpu         ] GC(470) User=1.18s Sys=0.00s Real=0.15s
......[4061.475s][info][gc,start       ] GC(471) Pause Young (Normal) (G1 Evacuation Pause)
[4061.475s][info][gc,task        ] GC(471) Using 8 workers of 8 for evacuation
[4061.620s][info][gc,phases      ] GC(471)   Pre Evacuate Collection Set: 0.28ms
[4061.620s][info][gc,phases      ] GC(471)   Merge Heap Roots: 0.54ms
[4061.620s][info][gc,phases      ] GC(471)   Evacuate Collection Set: 142.98ms
[4061.620s][info][gc,phases      ] GC(471)   Post Evacuate Collection Set: 1.06ms
[4061.620s][info][gc,phases      ] GC(471)   Other: 0.08ms
[4061.620s][info][gc,heap        ] GC(471) Eden regions: 571->0(570)
[4061.620s][info][gc,heap        ] GC(471) Survivor regions: 43->44(77)
[4061.620s][info][gc,heap        ] GC(471) Old regions: 256->263
[4061.620s][info][gc,heap        ] GC(471) Humongous regions: 33->33
[4061.620s][info][gc,metaspace   ] GC(471) Metaspace: 29993K(30144K)->29993K(30144K) NonClass: 29993K(30144K)->29993K(30144K) Class: 0K(0K)->0K(0K)
[4061.620s][info][gc             ] GC(471) Pause Young (Normal) (G1 Evacuation Pause) 7209M->2699M(8192M) 145.074ms
[4061.620s][info][gc,cpu         ] GC(471) User=1.15s Sys=0.00s Real=0.15s
......[4067.387s][info][gc,start       ] GC(472) Pause Young (Normal) (G1 Evacuation Pause)
[4067.387s][info][gc,task        ] GC(472) Using 8 workers of 8 for evacuation
[4067.533s][info][gc,phases      ] GC(472)   Pre Evacuate Collection Set: 0.25ms
[4067.533s][info][gc,phases      ] GC(472)   Merge Heap Roots: 0.50ms
[4067.533s][info][gc,phases      ] GC(472)   Evacuate Collection Set: 143.38ms
[4067.533s][info][gc,phases      ] GC(472)   Post Evacuate Collection Set: 1.02ms
[4067.533s][info][gc,phases      ] GC(472)   Other: 0.06ms
[4067.533s][info][gc,heap        ] GC(472) Eden regions: 570->0(571)
[4067.533s][info][gc,heap        ] GC(472) Survivor regions: 44->43(77)
[4067.533s][info][gc,heap        ] GC(472) Old regions: 263->270
[4067.533s][info][gc,heap        ] GC(472) Humongous regions: 33->33
[4067.533s][info][gc,metaspace   ] GC(472) Metaspace: 29993K(30144K)->29993K(30144K) NonClass: 29993K(30144K)->29993K(30144K) Class: 0K(0K)->0K(0K)
[4067.533s][info][gc             ] GC(472) Pause Young (Normal) (G1 Evacuation Pause) 7259M->2751M(8192M) 145.346ms
[4067.533s][info][gc,cpu         ] GC(472) User=1.15s Sys=0.00s Real=0.15s
......[4073.299s][info][gc,start       ] GC(473) Pause Young (Normal) (G1 Evacuation Pause)
[4073.299s][info][gc,task        ] GC(473) Using 8 workers of 8 for evacuation
[4073.447s][info][gc,phases      ] GC(473)   Pre Evacuate Collection Set: 0.24ms
[4073.447s][info][gc,phases      ] GC(473)   Merge Heap Roots: 0.50ms
[4073.447s][info][gc,phases      ] GC(473)   Evacuate Collection Set: 146.73ms
[4073.447s][info][gc,phases      ] GC(473)   Post Evacuate Collection Set: 1.03ms
[4073.447s][info][gc,phases      ] GC(473)   Other: 0.06ms
[4073.447s][info][gc,heap        ] GC(473) Eden regions: 571->0(570)
[4073.447s][info][gc,heap        ] GC(473) Survivor regions: 43->44(77)
[4073.447s][info][gc,heap        ] GC(473) Old regions: 270->278
[4073.447s][info][gc,heap        ] GC(473) Humongous regions: 33->33
[4073.447s][info][gc,metaspace   ] GC(473) Metaspace: 29993K(30144K)->29993K(30144K) NonClass: 29993K(30144K)->29993K(30144K) Class: 0K(0K)->0K(0K)
[4073.447s][info][gc             ] GC(473) Pause Young (Normal) (G1 Evacuation Pause) 7319M->2817M(8192M) 148.694ms
[4073.447s][info][gc,cpu         ] GC(473) User=1.18s Sys=0.00s Real=0.15s
......[4079.208s][info][gc,start       ] GC(474) Pause Young (Normal) (G1 Evacuation Pause)
[4079.208s][info][gc,task        ] GC(474) Using 8 workers of 8 for evacuation
[4079.353s][info][gc,phases      ] GC(474)   Pre Evacuate Collection Set: 0.27ms
[4079.353s][info][gc,phases      ] GC(474)   Merge Heap Roots: 0.65ms
[4079.353s][info][gc,phases      ] GC(474)   Evacuate Collection Set: 142.84ms
[4079.353s][info][gc,phases      ] GC(474)   Post Evacuate Collection Set: 1.05ms
[4079.353s][info][gc,phases      ] GC(474)   Other: 0.07ms
[4079.353s][info][gc,heap        ] GC(474) Eden regions: 570->0(570)
[4079.353s][info][gc,heap        ] GC(474) Survivor regions: 44->42(77)
[4079.353s][info][gc,heap        ] GC(474) Old regions: 278->285
[4079.353s][info][gc,heap        ] GC(474) Humongous regions: 33->33
[4079.353s][info][gc,metaspace   ] GC(474) Metaspace: 29993K(30144K)->29993K(30144K) NonClass: 29993K(30144K)->29993K(30144K) Class: 0K(0K)->0K(0K)
[4079.353s][info][gc             ] GC(474) Pause Young (Normal) (G1 Evacuation Pause) 7377M->2858M(8192M) 145.031ms
[4079.353s][info][gc,cpu         ] GC(474) User=1.15s Sys=0.00s Real=0.15s
......[4085.115s][info][gc,start       ] GC(475) Pause Young (Normal) (G1 Evacuation Pause)
[4085.115s][info][gc,task        ] GC(475) Using 8 workers of 8 for evacuation
[4085.262s][info][gc,phases      ] GC(475)   Pre Evacuate Collection Set: 0.24ms
[4085.262s][info][gc,phases      ] GC(475)   Merge Heap Roots: 0.54ms
[4085.262s][info][gc,phases      ] GC(475)   Evacuate Collection Set: 144.36ms
[4085.262s][info][gc,phases      ] GC(475)   Post Evacuate Collection Set: 1.03ms
[4085.262s][info][gc,phases      ] GC(475)   Other: 0.07ms
[4085.262s][info][gc,heap        ] GC(475) Eden regions: 570->0(562)
[4085.262s][info][gc,heap        ] GC(475) Survivor regions: 42->43(77)
[4085.262s][info][gc,heap        ] GC(475) Old regions: 285->291
[4085.262s][info][gc,heap        ] GC(475) Humongous regions: 33->33
[4085.262s][info][gc,metaspace   ] GC(475) Metaspace: 29993K(30144K)->29993K(30144K) NonClass: 29993K(30144K)->29993K(30144K) Class: 0K(0K)->0K(0K)
[4085.262s][info][gc             ] GC(475) Pause Young (Normal) (G1 Evacuation Pause) 7418M->2919M(8192M) 146.383ms
[4085.262s][info][gc,cpu         ] GC(475) User=1.15s Sys=0.00s Real=0.15s
.....[4090.949s][info][gc,start       ] GC(476) Pause Young (Normal) (G1 Evacuation Pause)
[4090.949s][info][gc,task        ] GC(476) Using 8 workers of 8 for evacuation
[4091.096s][info][gc,phases      ] GC(476)   Pre Evacuate Collection Set: 0.26ms
[4091.096s][info][gc,phases      ] GC(476)   Merge Heap Roots: 0.51ms
[4091.096s][info][gc,phases      ] GC(476)   Evacuate Collection Set: 145.02ms
[4091.096s][info][gc,phases      ] GC(476)   Post Evacuate Collection Set: 1.03ms
[4091.096s][info][gc,phases      ] GC(476)   Other: 0.07ms
[4091.096s][info][gc,heap        ] GC(476) Eden regions: 562->0(555)
[4091.096s][info][gc,heap        ] GC(476) Survivor regions: 43->43(76)
[4091.096s][info][gc,heap        ] GC(476) Old regions: 291->298
[4091.096s][info][gc,heap        ] GC(476) Humongous regions: 33->33
[4091.096s][info][gc,metaspace   ] GC(476) Metaspace: 29993K(30144K)->29993K(30144K) NonClass: 29993K(30144K)->29993K(30144K) Class: 0K(0K)->0K(0K)
[4091.096s][info][gc             ] GC(476) Pause Young (Normal) (G1 Evacuation Pause) 7415M->2979M(8192M) 147.018ms
[4091.097s][info][gc,cpu         ] GC(476) User=1.17s Sys=0.00s Real=0.15s
......[4096.705s][info][gc,start       ] GC(477) Pause Young (Normal) (G1 Evacuation Pause)
[4096.705s][info][gc,task        ] GC(477) Using 8 workers of 8 for evacuation
[4096.853s][info][gc,phases      ] GC(477)   Pre Evacuate Collection Set: 0.25ms
[4096.853s][info][gc,phases      ] GC(477)   Merge Heap Roots: 0.50ms
[4096.853s][info][gc,phases      ] GC(477)   Evacuate Collection Set: 146.66ms
[4096.853s][info][gc,phases      ] GC(477)   Post Evacuate Collection Set: 1.02ms
[4096.853s][info][gc,phases      ] GC(477)   Other: 0.06ms
[4096.853s][info][gc,heap        ] GC(477) Eden regions: 555->0(547)
[4096.853s][info][gc,heap        ] GC(477) Survivor regions: 43->43(75)
[4096.853s][info][gc,heap        ] GC(477) Old regions: 298->306
[4096.853s][info][gc,heap        ] GC(477) Humongous regions: 33->33
[4096.853s][info][gc,metaspace   ] GC(477) Metaspace: 29993K(30144K)->29993K(30144K) NonClass: 29993K(30144K)->29993K(30144K) Class: 0K(0K)->0K(0K)
[4096.853s][info][gc             ] GC(477) Pause Young (Normal) (G1 Evacuation Pause) 7419M->3037M(8192M) 148.631ms
[4096.853s][info][gc,cpu         ] GC(477) User=1.18s Sys=0.01s Real=0.15s
......[4102.382s][info][gc,start       ] GC(478) Pause Young (Normal) (G1 Evacuation Pause)
[4102.382s][info][gc,task        ] GC(478) Using 8 workers of 8 for evacuation
[4102.525s][info][gc,phases      ] GC(478)   Pre Evacuate Collection Set: 0.28ms
[4102.525s][info][gc,phases      ] GC(478)   Merge Heap Roots: 0.52ms
[4102.525s][info][gc,phases      ] GC(478)   Evacuate Collection Set: 142.02ms
[4102.525s][info][gc,phases      ] GC(478)   Post Evacuate Collection Set: 1.01ms
[4102.525s][info][gc,phases      ] GC(478)   Other: 0.06ms
[4102.525s][info][gc,heap        ] GC(478) Eden regions: 547->0(544)
[4102.525s][info][gc,heap        ] GC(478) Survivor regions: 43->41(74)
[4102.525s][info][gc,heap        ] GC(478) Old regions: 306->313
[4102.525s][info][gc,heap        ] GC(478) Humongous regions: 33->33
[4102.525s][info][gc,metaspace   ] GC(478) Metaspace: 29993K(30144K)->29993K(30144K) NonClass: 29993K(30144K)->29993K(30144K) Class: 0K(0K)->0K(0K)
[4102.526s][info][gc             ] GC(478) Pause Young (Normal) (G1 Evacuation Pause) 7413M->3082M(8192M) 144.013ms
[4102.526s][info][gc,cpu         ] GC(478) User=1.14s Sys=0.01s Real=0.14s
.....[4108.010s][info][gc,start       ] GC(479) Pause Young (Concurrent Start) (G1 Evacuation Pause)
[4108.010s][info][gc,task        ] GC(479) Using 8 workers of 8 for evacuation
[4108.157s][info][gc,phases      ] GC(479)   Pre Evacuate Collection Set: 0.29ms
[4108.157s][info][gc,phases      ] GC(479)   Merge Heap Roots: 0.51ms
[4108.157s][info][gc,phases      ] GC(479)   Evacuate Collection Set: 144.90ms
[4108.157s][info][gc,phases      ] GC(479)   Post Evacuate Collection Set: 1.04ms
[4108.157s][info][gc,phases      ] GC(479)   Other: 0.10ms
[4108.157s][info][gc,heap        ] GC(479) Eden regions: 544->0(534)
[4108.157s][info][gc,heap        ] GC(479) Survivor regions: 41->42(74)
[4108.157s][info][gc,heap        ] GC(479) Old regions: 313->321
[4108.157s][info][gc,heap        ] GC(479) Humongous regions: 33->33
[4108.157s][info][gc,metaspace   ] GC(479) Metaspace: 29993K(30144K)->29993K(30144K) NonClass: 29993K(30144K)->29993K(30144K) Class: 0K(0K)->0K(0K)
[4108.157s][info][gc             ] GC(479) Pause Young (Concurrent Start) (G1 Evacuation Pause) 7434M->3150M(8192M) 146.986ms
[4108.157s][info][gc             ] GC(480) Concurrent Mark Cycle
[4108.157s][info][gc,marking     ] GC(480) Concurrent Scan Root Regions
[4108.157s][info][gc,cpu         ] GC(479) User=1.16s Sys=0.00s Real=0.14s
.[4108.464s][info][gc,marking     ] GC(480) Concurrent Scan Root Regions 306.763ms
[4108.464s][info][gc,marking     ] GC(480) Concurrent Mark
[4108.464s][info][gc,marking     ] GC(480) Concurrent Mark From Roots
[4108.464s][info][gc,task        ] GC(480) Using 2 workers of 2 for marking
[4109.117s][info][gc,marking     ] GC(480) Concurrent Mark From Roots 652.728ms
[4109.117s][info][gc,marking     ] GC(480) Concurrent Preclean
[4109.117s][info][gc,marking     ] GC(480) Concurrent Preclean 0.110ms
[4109.117s][info][gc,start       ] GC(480) Pause Remark
[4109.119s][info][gc             ] GC(480) Pause Remark 4026M->3362M(8192M) 1.971ms
[4109.119s][info][gc,cpu         ] GC(480) User=0.01s Sys=0.00s Real=0.00s
[4109.119s][info][gc,marking     ] GC(480) Concurrent Mark 655.090ms
[4109.119s][info][gc,marking     ] GC(480) Concurrent Rebuild Remembered Sets and Scrub Regions
.[4109.539s][info][gc,marking     ] GC(480) Concurrent Rebuild Remembered Sets and Scrub Regions 419.886ms
[4109.539s][info][gc,start       ] GC(480) Pause Cleanup
[4109.539s][info][gc             ] GC(480) Pause Cleanup 3655M->3655M(8192M) 0.246ms
[4109.539s][info][gc,cpu         ] GC(480) User=0.00s Sys=0.00s Real=0.00s
[4109.539s][info][gc,marking     ] GC(480) Concurrent Clear Claimed Marks
[4109.539s][info][gc,marking     ] GC(480) Concurrent Clear Claimed Marks 0.047ms
[4109.539s][info][gc,marking     ] GC(480) Concurrent Cleanup for Next Mark
[4109.548s][info][gc,marking     ] GC(480) Concurrent Cleanup for Next Mark 8.399ms
[4109.548s][info][gc             ] GC(480) Concurrent Mark Cycle 1390.788ms
. (rIR:aIR:PR = 6503:6499:6499) (tPR = 96786) [OK] 
  4110s: Performance info:
         Transaction,    Success,    Partial,     Failed,   Receipts, AvgBarcode, 
             Overall,     390604,          0,          0,     371100,      59.47, 
         Response times:
             Request,    Success,    Partial,     Failed,   SkipFail,     Probes,    Samples,      min,      p50,      p90,      p95,      p99,      max, 
       TotalPurchase,     371101,          0,          0,          0,     361044,     398892,      300,     4200,     7700,    10600,    56000,   276000,
     InStorePurchase,     195381,          0,          0,          0,     190056,     209626,      300,     4100,     7700,    10600,    57000,   276000,
      OnlinePurchase,     136637,          0,          0,          0,     132942,     146878,      400,     4300,     7700,    10700,    56000,   262000,
        InstPurchase,      39083,          0,          0,          0,      38046,      42388,      400,     4100,     7800,    10400,    55000,   276000,
          AssocOfCat,        392,          0,          0,          0,        315,        395,    25000,    36000,    52400,    70200,   115520,   212000,
      AssocOfProduct,       3902,          0,          0,          0,       3595,       4148,      700,     4700,     7900,    10200,    58510,   275000,
      BusinessReport,        977,          0,          0,          0,        840,       1045,    23000,    37000,    53000,    67000,   189160,   221000,
          CustBuyBeh,       3898,          0,          0,          0,       3575,       4145,      100,     3700,     7400,     9800,    57000,   190000,
       ProductReturn,      10337,          0,          0,          0,       9911,      11326,      200,     3800,     7500,     9800,    57730,   194000,

  4110s: (48%)   IR =   6642 ...[4113.503s][info][gc,start       ] GC(481) Pause Young (Prepare Mixed) (G1 Evacuation Pause)
[4113.504s][info][gc,task        ] GC(481) Using 8 workers of 8 for evacuation
[4113.650s][info][gc,phases      ] GC(481)   Pre Evacuate Collection Set: 0.25ms
[4113.650s][info][gc,phases      ] GC(481)   Merge Heap Roots: 0.71ms
[4113.650s][info][gc,phases      ] GC(481)   Evacuate Collection Set: 144.07ms
[4113.650s][info][gc,phases      ] GC(481)   Post Evacuate Collection Set: 1.15ms
[4113.650s][info][gc,phases      ] GC(481)   Other: 0.07ms
[4113.650s][info][gc,heap        ] GC(481) Eden regions: 534->0(572)
[4113.650s][info][gc,heap        ] GC(481) Survivor regions: 42->42(72)
[4113.650s][info][gc,heap        ] GC(481) Old regions: 238->245
[4113.650s][info][gc,heap        ] GC(481) Humongous regions: 33->33
[4113.650s][info][gc,metaspace   ] GC(481) Metaspace: 29993K(30144K)->29993K(30144K) NonClass: 29993K(30144K)->29993K(30144K) Class: 0K(0K)->0K(0K)
[4113.650s][info][gc             ] GC(481) Pause Young (Prepare Mixed) (G1 Evacuation Pause) 6758M->2546M(8192M) 146.403ms
[4113.650s][info][gc,cpu         ] GC(481) User=1.16s Sys=0.00s Real=0.15s
.|.....[4119.317s][info][gc,start       ] GC(482) Pause Young (Mixed) (G1 Evacuation Pause)
[4119.317s][info][gc,task        ] GC(482) Using 8 workers of 8 for evacuation
[4119.467s][info][gc,phases      ] GC(482)   Pre Evacuate Collection Set: 0.31ms
[4119.467s][info][gc,phases      ] GC(482)   Merge Heap Roots: 0.79ms
[4119.467s][info][gc,phases      ] GC(482)   Evacuate Collection Set: 147.71ms
[4119.467s][info][gc,phases      ] GC(482)   Post Evacuate Collection Set: 1.20ms
[4119.467s][info][gc,phases      ] GC(482)   Other: 0.07ms
[4119.467s][info][gc,heap        ] GC(482) Eden regions: 572->0(572)
[4119.467s][info][gc,heap        ] GC(482) Survivor regions: 42->42(77)
[4119.467s][info][gc,heap        ] GC(482) Old regions: 245->150
[4119.467s][info][gc,heap        ] GC(482) Humongous regions: 33->33
[4119.467s][info][gc,metaspace   ] GC(482) Metaspace: 29993K(30144K)->29993K(30144K) NonClass: 29993K(30144K)->29993K(30144K) Class: 0K(0K)->0K(0K)
[4119.467s][info][gc             ] GC(482) Pause Young (Mixed) (G1 Evacuation Pause) 7122M->1787M(8192M) 150.217ms
[4119.467s][info][gc,cpu         ] GC(482) User=1.19s Sys=0.00s Real=0.15s
.....[4125.073s][info][gc,start       ] GC(483) Pause Young (Mixed) (G1 Evacuation Pause)
[4125.073s][info][gc,task        ] GC(483) Using 8 workers of 8 for evacuation
[4125.226s][info][gc,phases      ] GC(483)   Pre Evacuate Collection Set: 0.28ms
[4125.226s][info][gc,phases      ] GC(483)   Merge Heap Roots: 0.68ms
[4125.226s][info][gc,phases      ] GC(483)   Evacuate Collection Set: 151.02ms
[4125.226s][info][gc,phases      ] GC(483)   Post Evacuate Collection Set: 1.04ms
[4125.227s][info][gc,phases      ] GC(483)   Other: 0.08ms
[4125.227s][info][gc,heap        ] GC(483) Eden regions: 572->0(571)
[4125.227s][info][gc,heap        ] GC(483) Survivor regions: 42->43(77)
[4125.227s][info][gc,heap        ] GC(483) Old regions: 150->142
[4125.227s][info][gc,heap        ] GC(483) Humongous regions: 33->33
[4125.227s][info][gc,metaspace   ] GC(483) Metaspace: 29993K(30144K)->29993K(30144K) NonClass: 29993K(30144K)->29993K(30144K) Class: 0K(0K)->0K(0K)
[4125.227s][info][gc             ] GC(483) Pause Young (Mixed) (G1 Evacuation Pause) 6363M->1725M(8192M) 153.230ms
[4125.227s][info][gc,cpu         ] GC(483) User=1.22s Sys=0.00s Real=0.15s
......[4130.929s][info][gc,start       ] GC(484) Pause Young (Normal) (G1 Evacuation Pause)
[4130.929s][info][gc,task        ] GC(484) Using 8 workers of 8 for evacuation
[4131.080s][info][gc,phases      ] GC(484)   Pre Evacuate Collection Set: 0.29ms
[4131.080s][info][gc,phases      ] GC(484)   Merge Heap Roots: 0.61ms
[4131.080s][info][gc,phases      ] GC(484)   Evacuate Collection Set: 148.82ms
[4131.080s][info][gc,phases      ] GC(484)   Post Evacuate Collection Set: 1.02ms
[4131.080s][info][gc,phases      ] GC(484)   Other: 0.07ms
[4131.080s][info][gc,heap        ] GC(484) Eden regions: 571->0(570)
[4131.080s][info][gc,heap        ] GC(484) Survivor regions: 43->44(77)
[4131.080s][info][gc,heap        ] GC(484) Old regions: 142->149
[4131.080s][info][gc,heap        ] GC(484) Humongous regions: 33->33
[4131.080s][info][gc,metaspace   ] GC(484) Metaspace: 29993K(30144K)->29993K(30144K) NonClass: 29993K(30144K)->29993K(30144K) Class: 0K(0K)->0K(0K)
[4131.080s][info][gc             ] GC(484) Pause Young (Normal) (G1 Evacuation Pause) 6293M->1795M(8192M) 150.944ms
[4131.080s][info][gc,cpu         ] GC(484) User=1.20s Sys=0.01s Real=0.16s
......[4136.689s][info][gc,start       ] GC(485) Pause Young (Normal) (G1 Evacuation Pause)
[4136.689s][info][gc,task        ] GC(485) Using 8 workers of 8 for evacuation
[4136.834s][info][gc,phases      ] GC(485)   Pre Evacuate Collection Set: 0.24ms
[4136.834s][info][gc,phases      ] GC(485)   Merge Heap Roots: 0.51ms
[4136.834s][info][gc,phases      ] GC(485)   Evacuate Collection Set: 143.11ms
[4136.834s][info][gc,phases      ] GC(485)   Post Evacuate Collection Set: 1.05ms
[4136.834s][info][gc,phases      ] GC(485)   Other: 0.06ms
[4136.834s][info][gc,heap        ] GC(485) Eden regions: 570->0(571)
[4136.834s][info][gc,heap        ] GC(485) Survivor regions: 44->43(77)
[4136.834s][info][gc,heap        ] GC(485) Old regions: 149->157
[4136.834s][info][gc,heap        ] GC(485) Humongous regions: 33->33
[4136.834s][info][gc,metaspace   ] GC(485) Metaspace: 29993K(30144K)->29993K(30144K) NonClass: 29993K(30144K)->29993K(30144K) Class: 0K(0K)->0K(0K)
[4136.834s][info][gc             ] GC(485) Pause Young (Normal) (G1 Evacuation Pause) 6355M->1841M(8192M) 145.106ms
[4136.834s][info][gc,cpu         ] GC(485) User=1.15s Sys=0.00s Real=0.15s
......[4142.401s][info][gc,start       ] GC(486) Pause Young (Normal) (G1 Evacuation Pause)
[4142.401s][info][gc,task        ] GC(486) Using 8 workers of 8 for evacuation
[4142.545s][info][gc,phases      ] GC(486)   Pre Evacuate Collection Set: 0.27ms
[4142.545s][info][gc,phases      ] GC(486)   Merge Heap Roots: 0.50ms
[4142.545s][info][gc,phases      ] GC(486)   Evacuate Collection Set: 142.21ms
[4142.545s][info][gc,phases      ] GC(486)   Post Evacuate Collection Set: 1.03ms
[4142.545s][info][gc,phases      ] GC(486)   Other: 0.06ms
[4142.545s][info][gc,heap        ] GC(486) Eden regions: 571->0(571)
[4142.545s][info][gc,heap        ] GC(486) Survivor regions: 43->43(77)
[4142.545s][info][gc,heap        ] GC(486) Old regions: 157->164
[4142.545s][info][gc,heap        ] GC(486) Humongous regions: 33->33
[4142.545s][info][gc,metaspace   ] GC(486) Metaspace: 29993K(30144K)->29993K(30144K) NonClass: 29993K(30144K)->29993K(30144K) Class: 0K(0K)->0K(0K)
[4142.545s][info][gc             ] GC(486) Pause Young (Normal) (G1 Evacuation Pause) 6409M->1898M(8192M) 144.209ms
[4142.545s][info][gc,cpu         ] GC(486) User=1.14s Sys=0.00s Real=0.14s
......[4148.309s][info][gc,start       ] GC(487) Pause Young (Normal) (G1 Evacuation Pause)
[4148.309s][info][gc,task        ] GC(487) Using 8 workers of 8 for evacuation
[4148.456s][info][gc,phases      ] GC(487)   Pre Evacuate Collection Set: 0.28ms
[4148.456s][info][gc,phases      ] GC(487)   Merge Heap Roots: 0.50ms
[4148.456s][info][gc,phases      ] GC(487)   Evacuate Collection Set: 145.59ms
[4148.456s][info][gc,phases      ] GC(487)   Post Evacuate Collection Set: 1.02ms
[4148.456s][info][gc,phases      ] GC(487)   Other: 0.06ms
[4148.456s][info][gc,heap        ] GC(487) Eden regions: 571->0(571)
[4148.456s][info][gc,heap        ] GC(487) Survivor regions: 43->43(77)
[4148.456s][info][gc,heap        ] GC(487) Old regions: 164->171
[4148.456s][info][gc,heap        ] GC(487) Humongous regions: 33->33
[4148.456s][info][gc,metaspace   ] GC(487) Metaspace: 29993K(30144K)->29993K(30144K) NonClass: 29993K(30144K)->29993K(30144K) Class: 0K(0K)->0K(0K)
[4148.456s][info][gc             ] GC(487) Pause Young (Normal) (G1 Evacuation Pause) 6466M->1958M(8192M) 147.568ms
[4148.456s][info][gc,cpu         ] GC(487) User=1.16s Sys=0.00s Real=0.15s
.....[4154.083s][info][gc,start       ] GC(488) Pause Young (Normal) (G1 Evacuation Pause)
[4154.084s][info][gc,task        ] GC(488) Using 8 workers of 8 for evacuation
[4154.229s][info][gc,phases      ] GC(488)   Pre Evacuate Collection Set: 0.29ms
[4154.229s][info][gc,phases      ] GC(488)   Merge Heap Roots: 0.51ms
[4154.229s][info][gc,phases      ] GC(488)   Evacuate Collection Set: 143.21ms
[4154.229s][info][gc,phases      ] GC(488)   Post Evacuate Collection Set: 1.04ms
[4154.229s][info][gc,phases      ] GC(488)   Other: 0.07ms
[4154.229s][info][gc,heap        ] GC(488) Eden regions: 571->0(571)
[4154.229s][info][gc,heap        ] GC(488) Survivor regions: 43->43(77)
[4154.229s][info][gc,heap        ] GC(488) Old regions: 171->178
[4154.229s][info][gc,heap        ] GC(488) Humongous regions: 33->33
[4154.229s][info][gc,metaspace   ] GC(488) Metaspace: 29995K(30144K)->29995K(30144K) NonClass: 29995K(30144K)->29995K(30144K) Class: 0K(0K)->0K(0K)
[4154.229s][info][gc             ] GC(488) Pause Young (Normal) (G1 Evacuation Pause) 6526M->2011M(8192M) 145.271ms
[4154.229s][info][gc,cpu         ] GC(488) User=1.15s Sys=0.00s Real=0.14s
......[4159.835s][info][gc,start       ] GC(489) Pause Young (Normal) (G1 Evacuation Pause)
[4159.836s][info][gc,task        ] GC(489) Using 8 workers of 8 for evacuation
[4159.981s][info][gc,phases      ] GC(489)   Pre Evacuate Collection Set: 0.25ms
[4159.981s][info][gc,phases      ] GC(489)   Merge Heap Roots: 0.50ms
[4159.981s][info][gc,phases      ] GC(489)   Evacuate Collection Set: 143.56ms
[4159.981s][info][gc,phases      ] GC(489)   Post Evacuate Collection Set: 1.04ms
[4159.981s][info][gc,phases      ] GC(489)   Other: 0.06ms
[4159.981s][info][gc,heap        ] GC(489) Eden regions: 571->0(571)
[4159.981s][info][gc,heap        ] GC(489) Survivor regions: 43->43(77)
[4159.981s][info][gc,heap        ] GC(489) Old regions: 178->185
[4159.981s][info][gc,heap        ] GC(489) Humongous regions: 33->33
[4159.981s][info][gc,metaspace   ] GC(489) Metaspace: 29995K(30144K)->29995K(30144K) NonClass: 29995K(30144K)->29995K(30144K) Class: 0K(0K)->0K(0K)
[4159.981s][info][gc             ] GC(489) Pause Young (Normal) (G1 Evacuation Pause) 6579M->2073M(8192M) 145.554ms
[4159.981s][info][gc,cpu         ] GC(489) User=1.15s Sys=0.00s Real=0.15s
......[4165.684s][info][gc,start       ] GC(490) Pause Young (Normal) (G1 Evacuation Pause)
[4165.684s][info][gc,task        ] GC(490) Using 8 workers of 8 for evacuation
[4165.830s][info][gc,phases      ] GC(490)   Pre Evacuate Collection Set: 0.25ms
[4165.830s][info][gc,phases      ] GC(490)   Merge Heap Roots: 0.55ms
[4165.830s][info][gc,phases      ] GC(490)   Evacuate Collection Set: 144.38ms
[4165.830s][info][gc,phases      ] GC(490)   Post Evacuate Collection Set: 1.01ms
[4165.830s][info][gc,phases      ] GC(490)   Other: 0.07ms
[4165.830s][info][gc,heap        ] GC(490) Eden regions: 571->0(571)
[4165.830s][info][gc,heap        ] GC(490) Survivor regions: 43->43(77)
[4165.830s][info][gc,heap        ] GC(490) Old regions: 185->192
[4165.830s][info][gc,heap        ] GC(490) Humongous regions: 33->33
[4165.830s][info][gc,metaspace   ] GC(490) Metaspace: 29995K(30144K)->29995K(30144K) NonClass: 29995K(30144K)->29995K(30144K) Class: 0K(0K)->0K(0K)
[4165.830s][info][gc             ] GC(490) Pause Young (Normal) (G1 Evacuation Pause) 6641M->2125M(8192M) 146.415ms
[4165.830s][info][gc,cpu         ] GC(490) User=1.16s Sys=0.00s Real=0.15s
......[4171.497s][info][gc,start       ] GC(491) Pause Young (Normal) (G1 Evacuation Pause)
[4171.497s][info][gc,task        ] GC(491) Using 8 workers of 8 for evacuation
[4171.642s][info][gc,phases      ] GC(491)   Pre Evacuate Collection Set: 0.25ms
[4171.642s][info][gc,phases      ] GC(491)   Merge Heap Roots: 0.58ms
[4171.642s][info][gc,phases      ] GC(491)   Evacuate Collection Set: 142.85ms
[4171.642s][info][gc,phases      ] GC(491)   Post Evacuate Collection Set: 1.02ms
[4171.642s][info][gc,phases      ] GC(491)   Other: 0.06ms
[4171.642s][info][gc,heap        ] GC(491) Eden regions: 571->0(571)
[4171.642s][info][gc,heap        ] GC(491) Survivor regions: 43->43(77)
[4171.642s][info][gc,heap        ] GC(491) Old regions: 192->199
[4171.642s][info][gc,heap        ] GC(491) Humongous regions: 33->33
[4171.642s][info][gc,metaspace   ] GC(491) Metaspace: 29995K(30144K)->29995K(30144K) NonClass: 29995K(30144K)->29995K(30144K) Class: 0K(0K)->0K(0K)
[4171.642s][info][gc             ] GC(491) Pause Young (Normal) (G1 Evacuation Pause) 6693M->2183M(8192M) 144.905ms
[4171.642s][info][gc,cpu         ] GC(491) User=1.14s Sys=0.00s Real=0.15s
... (rIR:aIR:PR = 6642:6639:6638) (tPR = 98478) [OK] 
  4174s: Performance info:
         Transaction,    Success,    Partial,     Failed,   Receipts, AvgBarcode, 
             Overall,     398459,          0,          0,     378553,      59.47, 
         Response times:
             Request,    Success,    Partial,     Failed,   SkipFail,     Probes,    Samples,      min,      p50,      p90,      p95,      p99,      max, 
       TotalPurchase,     378573,          0,          0,          0,     359247,     384292,      300,     4300,     7800,    10400,    53000,   350000,
     InStorePurchase,     199073,          0,          0,          0,     189142,     202028,      400,     4400,     7900,    10500,    53000,   350000,
      OnlinePurchase,     139542,          0,          0,          0,     132403,     141538,      300,     4300,     7800,    10500,    54610,   350000,
        InstPurchase,      39958,          0,          0,          0,      37702,      40726,      400,     4300,     7800,     9900,    51000,   234000,
          AssocOfCat,        397,          0,          0,          0,        330,        442,    28000,    36000,    51700,    57850,   111120,   199000,
      AssocOfProduct,       3989,          0,          0,          0,       3770,       4272,      700,     4500,     8000,    10100,    52000,   162000,
      BusinessReport,        995,          0,          0,          0,        861,       1026,    27000,    37000,    55000,    74000,   181000,   221000,
          CustBuyBeh,       3987,          0,          0,          0,       3700,       4178,      200,     3900,     7400,     9400,    57420,   159000,
       ProductReturn,      10567,          0,          0,          0,      10122,      11204,      200,     4200,     7800,    10300,    55000,   350000,

  4174s: (49%)   IR =   6780 ..[4177.250s][info][gc,start       ] GC(492) Pause Young (Normal) (G1 Evacuation Pause)
[4177.250s][info][gc,task        ] GC(492) Using 8 workers of 8 for evacuation
[4177.402s][info][gc,phases      ] GC(492)   Pre Evacuate Collection Set: 0.24ms
[4177.402s][info][gc,phases      ] GC(492)   Merge Heap Roots: 0.51ms
[4177.402s][info][gc,phases      ] GC(492)   Evacuate Collection Set: 149.97ms
[4177.402s][info][gc,phases      ] GC(492)   Post Evacuate Collection Set: 1.08ms
[4177.402s][info][gc,phases      ] GC(492)   Other: 0.06ms
[4177.402s][info][gc,heap        ] GC(492) Eden regions: 571->0(570)
[4177.402s][info][gc,heap        ] GC(492) Survivor regions: 43->44(77)
[4177.402s][info][gc,heap        ] GC(492) Old regions: 199->206
[4177.402s][info][gc,heap        ] GC(492) Humongous regions: 33->33
[4177.402s][info][gc,metaspace   ] GC(492) Metaspace: 29995K(30144K)->29995K(30144K) NonClass: 29995K(30144K)->29995K(30144K) Class: 0K(0K)->0K(0K)
[4177.402s][info][gc             ] GC(492) Pause Young (Normal) (G1 Evacuation Pause) 6751M->2244M(8192M) 151.979ms
[4177.402s][info][gc,cpu         ] GC(492) User=1.21s Sys=0.00s Real=0.15s
.....|.[4182.930s][info][gc,start       ] GC(493) Pause Young (Normal) (G1 Evacuation Pause)
[4182.930s][info][gc,task        ] GC(493) Using 8 workers of 8 for evacuation
[4183.082s][info][gc,phases      ] GC(493)   Pre Evacuate Collection Set: 0.27ms
[4183.082s][info][gc,phases      ] GC(493)   Merge Heap Roots: 0.58ms
[4183.082s][info][gc,phases      ] GC(493)   Evacuate Collection Set: 149.50ms
[4183.082s][info][gc,phases      ] GC(493)   Post Evacuate Collection Set: 1.08ms
[4183.082s][info][gc,phases      ] GC(493)   Other: 0.06ms
[4183.082s][info][gc,heap        ] GC(493) Eden regions: 570->0(570)
[4183.082s][info][gc,heap        ] GC(493) Survivor regions: 44->44(77)
[4183.082s][info][gc,heap        ] GC(493) Old regions: 206->213
[4183.082s][info][gc,heap        ] GC(493) Humongous regions: 33->33
[4183.082s][info][gc,metaspace   ] GC(493) Metaspace: 29995K(30144K)->29995K(30144K) NonClass: 29995K(30144K)->29995K(30144K) Class: 0K(0K)->0K(0K)
[4183.082s][info][gc             ] GC(493) Pause Young (Normal) (G1 Evacuation Pause) 6804M->2307M(8192M) 151.618ms
[4183.082s][info][gc,cpu         ] GC(493) User=1.20s Sys=0.00s Real=0.15s
......[4188.584s][info][gc,start       ] GC(494) Pause Young (Normal) (G1 Evacuation Pause)
[4188.584s][info][gc,task        ] GC(494) Using 8 workers of 8 for evacuation
[4188.730s][info][gc,phases      ] GC(494)   Pre Evacuate Collection Set: 0.29ms
[4188.730s][info][gc,phases      ] GC(494)   Merge Heap Roots: 0.55ms
[4188.730s][info][gc,phases      ] GC(494)   Evacuate Collection Set: 144.34ms
[4188.730s][info][gc,phases      ] GC(494)   Post Evacuate Collection Set: 1.05ms
[4188.730s][info][gc,phases      ] GC(494)   Other: 0.08ms
[4188.730s][info][gc,heap        ] GC(494) Eden regions: 570->0(571)
[4188.730s][info][gc,heap        ] GC(494) Survivor regions: 44->43(77)
[4188.730s][info][gc,heap        ] GC(494) Old regions: 213->221
[4188.730s][info][gc,heap        ] GC(494) Humongous regions: 33->33
[4188.730s][info][gc,metaspace   ] GC(494) Metaspace: 29995K(30144K)->29995K(30144K) NonClass: 29995K(30144K)->29995K(30144K) Class: 0K(0K)->0K(0K)
[4188.730s][info][gc             ] GC(494) Pause Young (Normal) (G1 Evacuation Pause) 6867M->2353M(8192M) 146.451ms
[4188.730s][info][gc,cpu         ] GC(494) User=1.16s Sys=0.00s Real=0.15s
.....[4194.237s][info][gc,start       ] GC(495) Pause Young (Normal) (G1 Evacuation Pause)
[4194.237s][info][gc,task        ] GC(495) Using 8 workers of 8 for evacuation
[4194.382s][info][gc,phases      ] GC(495)   Pre Evacuate Collection Set: 0.26ms
[4194.383s][info][gc,phases      ] GC(495)   Merge Heap Roots: 0.49ms
[4194.383s][info][gc,phases      ] GC(495)   Evacuate Collection Set: 143.87ms
[4194.383s][info][gc,phases      ] GC(495)   Post Evacuate Collection Set: 1.04ms
[4194.383s][info][gc,phases      ] GC(495)   Other: 0.06ms
[4194.383s][info][gc,heap        ] GC(495) Eden regions: 571->0(571)
[4194.383s][info][gc,heap        ] GC(495) Survivor regions: 43->43(77)
[4194.383s][info][gc,heap        ] GC(495) Old regions: 221->227
[4194.383s][info][gc,heap        ] GC(495) Humongous regions: 33->33
[4194.383s][info][gc,metaspace   ] GC(495) Metaspace: 29995K(30144K)->29995K(30144K) NonClass: 29995K(30144K)->29995K(30144K) Class: 0K(0K)->0K(0K)
[4194.383s][info][gc             ] GC(495) Pause Young (Normal) (G1 Evacuation Pause) 6921M->2407M(8192M) 145.852ms
[4194.383s][info][gc,cpu         ] GC(495) User=1.15s Sys=0.00s Real=0.15s
......[4199.947s][info][gc,start       ] GC(496) Pause Young (Normal) (G1 Evacuation Pause)
[4199.947s][info][gc,task        ] GC(496) Using 8 workers of 8 for evacuation
[4200.095s][info][gc,phases      ] GC(496)   Pre Evacuate Collection Set: 0.28ms
[4200.095s][info][gc,phases      ] GC(496)   Merge Heap Roots: 0.52ms
[4200.095s][info][gc,phases      ] GC(496)   Evacuate Collection Set: 145.96ms
[4200.095s][info][gc,phases      ] GC(496)   Post Evacuate Collection Set: 1.03ms
[4200.095s][info][gc,phases      ] GC(496)   Other: 0.06ms
[4200.095s][info][gc,heap        ] GC(496) Eden regions: 571->0(571)
[4200.095s][info][gc,heap        ] GC(496) Survivor regions: 43->43(77)
[4200.095s][info][gc,heap        ] GC(496) Old regions: 227->234
[4200.095s][info][gc,heap        ] GC(496) Humongous regions: 33->33
[4200.095s][info][gc,metaspace   ] GC(496) Metaspace: 29995K(30144K)->29995K(30144K) NonClass: 29995K(30144K)->29995K(30144K) Class: 0K(0K)->0K(0K)
[4200.095s][info][gc             ] GC(496) Pause Young (Normal) (G1 Evacuation Pause) 6975M->2467M(8192M) 147.971ms
[4200.095s][info][gc,cpu         ] GC(496) User=1.17s Sys=0.00s Real=0.15s
......[4205.579s][info][gc,start       ] GC(497) Pause Young (Normal) (G1 Evacuation Pause)
[4205.579s][info][gc,task        ] GC(497) Using 8 workers of 8 for evacuation
[4205.725s][info][gc,phases      ] GC(497)   Pre Evacuate Collection Set: 0.24ms
[4205.725s][info][gc,phases      ] GC(497)   Merge Heap Roots: 0.55ms
[4205.725s][info][gc,phases      ] GC(497)   Evacuate Collection Set: 143.60ms
[4205.725s][info][gc,phases      ] GC(497)   Post Evacuate Collection Set: 1.02ms
[4205.725s][info][gc,phases      ] GC(497)   Other: 0.06ms
[4205.725s][info][gc,heap        ] GC(497) Eden regions: 571->0(571)
[4205.725s][info][gc,heap        ] GC(497) Survivor regions: 43->43(77)
[4205.725s][info][gc,heap        ] GC(497) Old regions: 234->241
[4205.725s][info][gc,heap        ] GC(497) Humongous regions: 33->33
[4205.725s][info][gc,metaspace   ] GC(497) Metaspace: 29995K(30144K)->29995K(30144K) NonClass: 29995K(30144K)->29995K(30144K) Class: 0K(0K)->0K(0K)
[4205.725s][info][gc             ] GC(497) Pause Young (Normal) (G1 Evacuation Pause) 7035M->2523M(8192M) 145.603ms
[4205.725s][info][gc,cpu         ] GC(497) User=1.15s Sys=0.00s Real=0.15s
.....[4211.171s][info][gc,start       ] GC(498) Pause Young (Normal) (G1 Evacuation Pause)
[4211.171s][info][gc,task        ] GC(498) Using 8 workers of 8 for evacuation
[4211.316s][info][gc,phases      ] GC(498)   Pre Evacuate Collection Set: 0.27ms
[4211.316s][info][gc,phases      ] GC(498)   Merge Heap Roots: 0.49ms
[4211.316s][info][gc,phases      ] GC(498)   Evacuate Collection Set: 143.33ms
[4211.316s][info][gc,phases      ] GC(498)   Post Evacuate Collection Set: 1.00ms
[4211.316s][info][gc,phases      ] GC(498)   Other: 0.06ms
[4211.316s][info][gc,heap        ] GC(498) Eden regions: 571->0(572)
[4211.316s][info][gc,heap        ] GC(498) Survivor regions: 43->42(77)
[4211.316s][info][gc,heap        ] GC(498) Old regions: 241->249
[4211.316s][info][gc,heap        ] GC(498) Humongous regions: 33->33
[4211.316s][info][gc,metaspace   ] GC(498) Metaspace: 29995K(30144K)->29995K(30144K) NonClass: 29995K(30144K)->29995K(30144K) Class: 0K(0K)->0K(0K)
[4211.316s][info][gc             ] GC(498) Pause Young (Normal) (G1 Evacuation Pause) 7091M->2573M(8192M) 145.280ms
[4211.316s][info][gc,cpu         ] GC(498) User=1.15s Sys=0.00s Real=0.14s
......[4216.943s][info][gc,start       ] GC(499) Pause Young (Normal) (G1 Evacuation Pause)
[4216.943s][info][gc,task        ] GC(499) Using 8 workers of 8 for evacuation
[4217.090s][info][gc,phases      ] GC(499)   Pre Evacuate Collection Set: 0.25ms
[4217.090s][info][gc,phases      ] GC(499)   Merge Heap Roots: 0.51ms
[4217.090s][info][gc,phases      ] GC(499)   Evacuate Collection Set: 145.48ms
[4217.090s][info][gc,phases      ] GC(499)   Post Evacuate Collection Set: 1.02ms
[4217.090s][info][gc,phases      ] GC(499)   Other: 0.07ms
[4217.090s][info][gc,heap        ] GC(499) Eden regions: 572->0(570)
[4217.090s][info][gc,heap        ] GC(499) Survivor regions: 42->44(77)
[4217.090s][info][gc,heap        ] GC(499) Old regions: 249->255
[4217.090s][info][gc,heap        ] GC(499) Humongous regions: 33->33
[4217.090s][info][gc,metaspace   ] GC(499) Metaspace: 29995K(30144K)->29995K(30144K) NonClass: 29995K(30144K)->29995K(30144K) Class: 0K(0K)->0K(0K)
[4217.090s][info][gc             ] GC(499) Pause Young (Normal) (G1 Evacuation Pause) 7149M->2639M(8192M) 147.457ms
[4217.090s][info][gc,cpu         ] GC(499) User=1.16s Sys=0.00s Real=0.15s
......[4222.574s][info][gc,start       ] GC(500) Pause Young (Normal) (G1 Evacuation Pause)
[4222.574s][info][gc,task        ] GC(500) Using 8 workers of 8 for evacuation
[4222.719s][info][gc,phases      ] GC(500)   Pre Evacuate Collection Set: 0.25ms
[4222.720s][info][gc,phases      ] GC(500)   Merge Heap Roots: 0.51ms
[4222.720s][info][gc,phases      ] GC(500)   Evacuate Collection Set: 143.51ms
[4222.720s][info][gc,phases      ] GC(500)   Post Evacuate Collection Set: 1.04ms
[4222.720s][info][gc,phases      ] GC(500)   Other: 0.06ms
[4222.720s][info][gc,heap        ] GC(500) Eden regions: 570->0(571)
[4222.720s][info][gc,heap        ] GC(500) Survivor regions: 44->43(77)
[4222.720s][info][gc,heap        ] GC(500) Old regions: 255->263
[4222.720s][info][gc,heap        ] GC(500) Humongous regions: 33->33
[4222.720s][info][gc,metaspace   ] GC(500) Metaspace: 29995K(30144K)->29995K(30144K) NonClass: 29995K(30144K)->29995K(30144K) Class: 0K(0K)->0K(0K)
[4222.720s][info][gc             ] GC(500) Pause Young (Normal) (G1 Evacuation Pause) 7199M->2693M(8192M) 145.507ms
[4222.720s][info][gc,cpu         ] GC(500) User=1.15s Sys=0.00s Real=0.14s
.....[4228.346s][info][gc,start       ] GC(501) Pause Young (Normal) (G1 Evacuation Pause)
[4228.346s][info][gc,task        ] GC(501) Using 8 workers of 8 for evacuation
[4228.492s][info][gc,phases      ] GC(501)   Pre Evacuate Collection Set: 0.29ms
[4228.492s][info][gc,phases      ] GC(501)   Merge Heap Roots: 0.58ms
[4228.492s][info][gc,phases      ] GC(501)   Evacuate Collection Set: 144.76ms
[4228.492s][info][gc,phases      ] GC(501)   Post Evacuate Collection Set: 1.06ms
[4228.492s][info][gc,phases      ] GC(501)   Other: 0.06ms
[4228.492s][info][gc,heap        ] GC(501) Eden regions: 571->0(571)
[4228.492s][info][gc,heap        ] GC(501) Survivor regions: 43->43(77)
[4228.492s][info][gc,heap        ] GC(501) Old regions: 263->270
[4228.492s][info][gc,heap        ] GC(501) Humongous regions: 33->33
[4228.492s][info][gc,metaspace   ] GC(501) Metaspace: 29995K(30144K)->29995K(30144K) NonClass: 29995K(30144K)->29995K(30144K) Class: 0K(0K)->0K(0K)
[4228.492s][info][gc             ] GC(501) Pause Young (Normal) (G1 Evacuation Pause) 7261M->2749M(8192M) 146.912ms
[4228.492s][info][gc,cpu         ] GC(501) User=1.16s Sys=0.00s Real=0.15s
......[4233.899s][info][gc,start       ] GC(502) Pause Young (Normal) (G1 Evacuation Pause)
[4233.899s][info][gc,task        ] GC(502) Using 8 workers of 8 for evacuation
[4234.047s][info][gc,phases      ] GC(502)   Pre Evacuate Collection Set: 0.25ms
[4234.047s][info][gc,phases      ] GC(502)   Merge Heap Roots: 0.52ms
[4234.047s][info][gc,phases      ] GC(502)   Evacuate Collection Set: 145.51ms
[4234.047s][info][gc,phases      ] GC(502)   Post Evacuate Collection Set: 1.02ms
[4234.047s][info][gc,phases      ] GC(502)   Other: 0.07ms
[4234.047s][info][gc,heap        ] GC(502) Eden regions: 571->0(571)
[4234.047s][info][gc,heap        ] GC(502) Survivor regions: 43->43(77)
[4234.047s][info][gc,heap        ] GC(502) Old regions: 270->277
[4234.047s][info][gc,heap        ] GC(502) Humongous regions: 33->33
[4234.047s][info][gc,metaspace   ] GC(502) Metaspace: 29995K(30144K)->29995K(30144K) NonClass: 29995K(30144K)->29995K(30144K) Class: 0K(0K)->0K(0K)
[4234.047s][info][gc             ] GC(502) Pause Young (Normal) (G1 Evacuation Pause) 7317M->2806M(8192M) 147.500ms
[4234.047s][info][gc,cpu         ] GC(502) User=1.16s Sys=0.00s Real=0.15s
......[4239.571s][info][gc,start       ] GC(503) Pause Young (Normal) (G1 Evacuation Pause)
[4239.572s][info][gc,task        ] GC(503) Using 8 workers of 8 for evacuation
[4239.717s][info][gc,phases      ] GC(503)   Pre Evacuate Collection Set: 0.27ms
[4239.717s][info][gc,phases      ] GC(503)   Merge Heap Roots: 0.51ms
[4239.717s][info][gc,phases      ] GC(503)   Evacuate Collection Set: 143.54ms
[4239.717s][info][gc,phases      ] GC(503)   Post Evacuate Collection Set: 1.08ms
[4239.717s][info][gc,phases      ] GC(503)   Other: 0.06ms
[4239.717s][info][gc,heap        ] GC(503) Eden regions: 571->0(569)
[4239.717s][info][gc,heap        ] GC(503) Survivor regions: 43->43(77)
[4239.717s][info][gc,heap        ] GC(503) Old regions: 277->284
[4239.717s][info][gc,heap        ] GC(503) Humongous regions: 33->33
[4239.717s][info][gc,metaspace   ] GC(503) Metaspace: 29995K(30144K)->29995K(30144K) NonClass: 29995K(30144K)->29995K(30144K) Class: 0K(0K)->0K(0K)
[4239.717s][info][gc             ] GC(503) Pause Young (Normal) (G1 Evacuation Pause) 7374M->2861M(8192M) 145.596ms
[4239.717s][info][gc,cpu         ] GC(503) User=1.15s Sys=0.00s Real=0.14s
.. (rIR:aIR:PR = 6780:6788:6788) (tPR = 101035) [OK] 
  4241s: Performance info:
         Transaction,    Success,    Partial,     Failed,   Receipts, AvgBarcode, 
             Overall,     407882,          0,          0,     387505,      59.48, 
         Response times:
             Request,    Success,    Partial,     Failed,   SkipFail,     Probes,    Samples,      min,      p50,      p90,      p95,      p99,      max, 
       TotalPurchase,     387505,          0,          0,          0,     360316,     406055,      300,     4500,     8200,    11200,    67000,   292000,
     InStorePurchase,     203920,          0,          0,          0,     189092,     212634,      300,     4400,     8200,    11200,    67000,   292000,
      OnlinePurchase,     142883,          0,          0,          0,     132842,     149944,      300,     4500,     8200,    11300,    67000,   290000,
        InstPurchase,      40702,          0,          0,          0,      38382,      43477,      500,     4500,     8400,    10900,    68000,   281000,
          AssocOfCat,        406,          0,          0,          0,        320,        434,    19800,    37000,    51000,    55000,    99650,   132000,
      AssocOfProduct,       4072,          0,          0,          0,       3838,       4585,      600,     5200,     9000,    12570,    69000,   165000,
      BusinessReport,       1014,          0,          0,          0,        890,       1124,    26000,    38000,    57000,    78000,   203000,   222000,
          CustBuyBeh,       4084,          0,          0,          0,       3826,       4515,      300,     4100,     7940,    10320,    60000,   291000,
       ProductReturn,      10801,          0,          0,          0,      10379,      11914,      200,     4400,     7900,    10300,    64850,   289000,

  4241s: (50%)   IR =   6918 ...[4245.223s][info][gc,start       ] GC(504) Pause Young (Normal) (G1 Evacuation Pause)
[4245.223s][info][gc,task        ] GC(504) Using 8 workers of 8 for evacuation
[4245.368s][info][gc,phases      ] GC(504)   Pre Evacuate Collection Set: 0.25ms
[4245.368s][info][gc,phases      ] GC(504)   Merge Heap Roots: 0.52ms
[4245.368s][info][gc,phases      ] GC(504)   Evacuate Collection Set: 143.19ms
[4245.368s][info][gc,phases      ] GC(504)   Post Evacuate Collection Set: 1.04ms
[4245.368s][info][gc,phases      ] GC(504)   Other: 0.06ms
[4245.368s][info][gc,heap        ] GC(504) Eden regions: 569->0(562)
[4245.368s][info][gc,heap        ] GC(504) Survivor regions: 43->43(77)
[4245.368s][info][gc,heap        ] GC(504) Old regions: 284->291
[4245.368s][info][gc,heap        ] GC(504) Humongous regions: 33->33
[4245.368s][info][gc,metaspace   ] GC(504) Metaspace: 29995K(30144K)->29995K(30144K) NonClass: 29995K(30144K)->29995K(30144K) Class: 0K(0K)->0K(0K)
[4245.368s][info][gc             ] GC(504) Pause Young (Normal) (G1 Evacuation Pause) 7413M->2918M(8192M) 145.184ms
[4245.368s][info][gc,cpu         ] GC(504) User=1.15s Sys=0.00s Real=0.14s
....|..[4250.675s][info][gc,start       ] GC(505) Pause Young (Normal) (G1 Evacuation Pause)
[4250.675s][info][gc,task        ] GC(505) Using 8 workers of 8 for evacuation
[4250.824s][info][gc,phases      ] GC(505)   Pre Evacuate Collection Set: 0.26ms
[4250.824s][info][gc,phases      ] GC(505)   Merge Heap Roots: 0.53ms
[4250.824s][info][gc,phases      ] GC(505)   Evacuate Collection Set: 146.34ms
[4250.824s][info][gc,phases      ] GC(505)   Post Evacuate Collection Set: 1.04ms
[4250.824s][info][gc,phases      ] GC(505)   Other: 0.07ms
[4250.824s][info][gc,heap        ] GC(505) Eden regions: 562->0(554)
[4250.824s][info][gc,heap        ] GC(505) Survivor regions: 43->43(76)
[4250.824s][info][gc,heap        ] GC(505) Old regions: 291->299
[4250.824s][info][gc,heap        ] GC(505) Humongous regions: 33->33
[4250.824s][info][gc,metaspace   ] GC(505) Metaspace: 29995K(30144K)->29995K(30144K) NonClass: 29995K(30144K)->29995K(30144K) Class: 0K(0K)->0K(0K)
[4250.824s][info][gc             ] GC(505) Pause Young (Normal) (G1 Evacuation Pause) 7414M->2981M(8192M) 148.361ms
[4250.824s][info][gc,cpu         ] GC(505) User=1.18s Sys=0.00s Real=0.15s
.....[4256.099s][info][gc,start       ] GC(506) Pause Young (Normal) (G1 Evacuation Pause)
[4256.100s][info][gc,task        ] GC(506) Using 8 workers of 8 for evacuation
[4256.245s][info][gc,phases      ] GC(506)   Pre Evacuate Collection Set: 0.26ms
[4256.245s][info][gc,phases      ] GC(506)   Merge Heap Roots: 0.61ms
[4256.245s][info][gc,phases      ] GC(506)   Evacuate Collection Set: 143.22ms
[4256.245s][info][gc,phases      ] GC(506)   Post Evacuate Collection Set: 1.02ms
[4256.245s][info][gc,phases      ] GC(506)   Other: 0.06ms
[4256.245s][info][gc,heap        ] GC(506) Eden regions: 554->0(549)
[4256.245s][info][gc,heap        ] GC(506) Survivor regions: 43->42(75)
[4256.245s][info][gc,heap        ] GC(506) Old regions: 299->306
[4256.245s][info][gc,heap        ] GC(506) Humongous regions: 33->33
[4256.245s][info][gc,metaspace   ] GC(506) Metaspace: 29995K(30144K)->29995K(30144K) NonClass: 29995K(30144K)->29995K(30144K) Class: 0K(0K)->0K(0K)
[4256.245s][info][gc             ] GC(506) Pause Young (Normal) (G1 Evacuation Pause) 7413M->3029M(8192M) 145.322ms
[4256.245s][info][gc,cpu         ] GC(506) User=1.14s Sys=0.00s Real=0.15s
.....[4261.448s][info][gc,start       ] GC(507) Pause Young (Normal) (G1 Evacuation Pause)
[4261.448s][info][gc,task        ] GC(507) Using 8 workers of 8 for evacuation
[4261.592s][info][gc,phases      ] GC(507)   Pre Evacuate Collection Set: 0.26ms
[4261.592s][info][gc,phases      ] GC(507)   Merge Heap Roots: 0.50ms
[4261.592s][info][gc,phases      ] GC(507)   Evacuate Collection Set: 142.10ms
[4261.592s][info][gc,phases      ] GC(507)   Post Evacuate Collection Set: 1.03ms
[4261.592s][info][gc,phases      ] GC(507)   Other: 0.08ms
[4261.592s][info][gc,heap        ] GC(507) Eden regions: 549->0(542)
[4261.592s][info][gc,heap        ] GC(507) Survivor regions: 42->42(74)
[4261.592s][info][gc,heap        ] GC(507) Old regions: 306->313
[4261.592s][info][gc,heap        ] GC(507) Humongous regions: 33->33
[4261.592s][info][gc,metaspace   ] GC(507) Metaspace: 29995K(30144K)->29995K(30144K) NonClass: 29995K(30144K)->29995K(30144K) Class: 0K(0K)->0K(0K)
[4261.592s][info][gc             ] GC(507) Pause Young (Normal) (G1 Evacuation Pause) 7421M->3086M(8192M) 144.095ms
[4261.592s][info][gc,cpu         ] GC(507) User=1.14s Sys=0.00s Real=0.15s
......[4266.750s][info][gc,start       ] GC(508) Pause Young (Concurrent Start) (G1 Evacuation Pause)
[4266.750s][info][gc,task        ] GC(508) Using 8 workers of 8 for evacuation
[4266.898s][info][gc,phases      ] GC(508)   Pre Evacuate Collection Set: 0.30ms
[4266.898s][info][gc,phases      ] GC(508)   Merge Heap Roots: 0.50ms
[4266.898s][info][gc,phases      ] GC(508)   Evacuate Collection Set: 146.40ms
[4266.898s][info][gc,phases      ] GC(508)   Post Evacuate Collection Set: 1.02ms
[4266.898s][info][gc,phases      ] GC(508)   Other: 0.08ms
[4266.898s][info][gc,heap        ] GC(508) Eden regions: 542->0(532)
[4266.898s][info][gc,heap        ] GC(508) Survivor regions: 42->43(73)
[4266.898s][info][gc,heap        ] GC(508) Old regions: 313->321
[4266.898s][info][gc,heap        ] GC(508) Humongous regions: 33->33
[4266.898s][info][gc,metaspace   ] GC(508) Metaspace: 29995K(30144K)->29995K(30144K) NonClass: 29995K(30144K)->29995K(30144K) Class: 0K(0K)->0K(0K)
[4266.898s][info][gc             ] GC(508) Pause Young (Concurrent Start) (G1 Evacuation Pause) 7422M->3158M(8192M) 148.432ms
[4266.898s][info][gc             ] GC(509) Concurrent Mark Cycle
[4266.898s][info][gc,marking     ] GC(509) Concurrent Scan Root Regions
[4266.898s][info][gc,cpu         ] GC(508) User=1.17s Sys=0.00s Real=0.14s
[4267.212s][info][gc,marking     ] GC(509) Concurrent Scan Root Regions 313.177ms
[4267.212s][info][gc,marking     ] GC(509) Concurrent Mark
[4267.212s][info][gc,marking     ] GC(509) Concurrent Mark From Roots
[4267.212s][info][gc,task        ] GC(509) Using 2 workers of 2 for marking
.[4267.951s][info][gc,marking     ] GC(509) Concurrent Mark From Roots 739.248ms
[4267.951s][info][gc,marking     ] GC(509) Concurrent Preclean
[4267.951s][info][gc,marking     ] GC(509) Concurrent Preclean 0.151ms
[4267.951s][info][gc,start       ] GC(509) Pause Remark
[4267.953s][info][gc             ] GC(509) Pause Remark 4174M->3494M(8192M) 1.981ms
[4267.953s][info][gc,cpu         ] GC(509) User=0.02s Sys=0.00s Real=0.00s
[4267.953s][info][gc,marking     ] GC(509) Concurrent Mark 741.683ms
[4267.953s][info][gc,marking     ] GC(509) Concurrent Rebuild Remembered Sets and Scrub Regions
[4268.415s][info][gc,marking     ] GC(509) Concurrent Rebuild Remembered Sets and Scrub Regions 461.723ms
[4268.415s][info][gc,start       ] GC(509) Pause Cleanup
[4268.415s][info][gc             ] GC(509) Pause Cleanup 3891M->3891M(8192M) 0.250ms
[4268.415s][info][gc,cpu         ] GC(509) User=0.00s Sys=0.00s Real=0.00s
[4268.415s][info][gc,marking     ] GC(509) Concurrent Clear Claimed Marks
[4268.415s][info][gc,marking     ] GC(509) Concurrent Clear Claimed Marks 0.046ms
[4268.415s][info][gc,marking     ] GC(509) Concurrent Cleanup for Next Mark
[4268.422s][info][gc,marking     ] GC(509) Concurrent Cleanup for Next Mark 6.475ms
[4268.422s][info][gc             ] GC(509) Concurrent Mark Cycle 1523.713ms
....[4271.922s][info][gc,start       ] GC(510) Pause Young (Prepare Mixed) (G1 Evacuation Pause)
[4271.922s][info][gc,task        ] GC(510) Using 8 workers of 8 for evacuation
[4272.068s][info][gc,phases      ] GC(510)   Pre Evacuate Collection Set: 0.24ms
[4272.068s][info][gc,phases      ] GC(510)   Merge Heap Roots: 0.73ms
[4272.068s][info][gc,phases      ] GC(510)   Evacuate Collection Set: 143.12ms
[4272.068s][info][gc,phases      ] GC(510)   Post Evacuate Collection Set: 1.08ms
[4272.068s][info][gc,phases      ] GC(510)   Other: 0.07ms
[4272.068s][info][gc,heap        ] GC(510) Eden regions: 532->0(572)
[4272.068s][info][gc,heap        ] GC(510) Survivor regions: 43->42(72)
[4272.068s][info][gc,heap        ] GC(510) Old regions: 236->243
[4272.068s][info][gc,heap        ] GC(510) Humongous regions: 33->33
[4272.068s][info][gc,metaspace   ] GC(510) Metaspace: 29995K(30144K)->29995K(30144K) NonClass: 29995K(30144K)->29995K(30144K) Class: 0K(0K)->0K(0K)
[4272.068s][info][gc             ] GC(510) Pause Young (Prepare Mixed) (G1 Evacuation Pause) 6734M->2526M(8192M) 145.359ms
[4272.068s][info][gc,cpu         ] GC(510) User=1.15s Sys=0.00s Real=0.14s
.....[4277.511s][info][gc,start       ] GC(511) Pause Young (Mixed) (G1 Evacuation Pause)
[4277.512s][info][gc,task        ] GC(511) Using 8 workers of 8 for evacuation
[4277.662s][info][gc,phases      ] GC(511)   Pre Evacuate Collection Set: 0.31ms
[4277.662s][info][gc,phases      ] GC(511)   Merge Heap Roots: 0.83ms
[4277.662s][info][gc,phases      ] GC(511)   Evacuate Collection Set: 148.06ms
[4277.662s][info][gc,phases      ] GC(511)   Post Evacuate Collection Set: 1.25ms
[4277.662s][info][gc,phases      ] GC(511)   Other: 0.09ms
[4277.662s][info][gc,heap        ] GC(511) Eden regions: 572->0(572)
[4277.662s][info][gc,heap        ] GC(511) Survivor regions: 42->42(77)
[4277.662s][info][gc,heap        ] GC(511) Old regions: 243->149
[4277.662s][info][gc,heap        ] GC(511) Humongous regions: 33->33
[4277.662s][info][gc,metaspace   ] GC(511) Metaspace: 29995K(30144K)->29995K(30144K) NonClass: 29995K(30144K)->29995K(30144K) Class: 0K(0K)->0K(0K)
[4277.662s][info][gc             ] GC(511) Pause Young (Mixed) (G1 Evacuation Pause) 7102M->1774M(8192M) 150.676ms
[4277.662s][info][gc,cpu         ] GC(511) User=1.19s Sys=0.00s Real=0.15s
......[4283.104s][info][gc,start       ] GC(512) Pause Young (Mixed) (G1 Evacuation Pause)
[4283.104s][info][gc,task        ] GC(512) Using 8 workers of 8 for evacuation
[4283.252s][info][gc,phases      ] GC(512)   Pre Evacuate Collection Set: 0.28ms
[4283.252s][info][gc,phases      ] GC(512)   Merge Heap Roots: 0.76ms
[4283.252s][info][gc,phases      ] GC(512)   Evacuate Collection Set: 145.82ms
[4283.252s][info][gc,phases      ] GC(512)   Post Evacuate Collection Set: 1.09ms
[4283.252s][info][gc,phases      ] GC(512)   Other: 0.07ms
[4283.252s][info][gc,heap        ] GC(512) Eden regions: 572->0(572)
[4283.252s][info][gc,heap        ] GC(512) Survivor regions: 42->42(77)
[4283.252s][info][gc,heap        ] GC(512) Old regions: 149->143
[4283.252s][info][gc,heap        ] GC(512) Humongous regions: 33->33
[4283.252s][info][gc,metaspace   ] GC(512) Metaspace: 29995K(30144K)->29995K(30144K) NonClass: 29995K(30144K)->29995K(30144K) Class: 0K(0K)->0K(0K)
[4283.252s][info][gc             ] GC(512) Pause Young (Mixed) (G1 Evacuation Pause) 6350M->1725M(8192M) 148.143ms
[4283.252s][info][gc,cpu         ] GC(512) User=1.17s Sys=0.00s Real=0.15s
.....[4288.642s][info][gc,start       ] GC(513) Pause Young (Normal) (G1 Evacuation Pause)
[4288.642s][info][gc,task        ] GC(513) Using 8 workers of 8 for evacuation
[4288.789s][info][gc,phases      ] GC(513)   Pre Evacuate Collection Set: 0.29ms
[4288.789s][info][gc,phases      ] GC(513)   Merge Heap Roots: 0.59ms
[4288.789s][info][gc,phases      ] GC(513)   Evacuate Collection Set: 144.72ms
[4288.789s][info][gc,phases      ] GC(513)   Post Evacuate Collection Set: 1.05ms
[4288.789s][info][gc,phases      ] GC(513)   Other: 0.06ms
[4288.789s][info][gc,heap        ] GC(513) Eden regions: 572->0(570)
[4288.789s][info][gc,heap        ] GC(513) Survivor regions: 42->44(77)
[4288.789s][info][gc,heap        ] GC(513) Old regions: 143->150
[4288.789s][info][gc,heap        ] GC(513) Humongous regions: 33->33
[4288.789s][info][gc,metaspace   ] GC(513) Metaspace: 29995K(30144K)->29995K(30144K) NonClass: 29995K(30144K)->29995K(30144K) Class: 0K(0K)->0K(0K)
[4288.789s][info][gc             ] GC(513) Pause Young (Normal) (G1 Evacuation Pause) 6301M->1794M(8192M) 146.868ms
[4288.789s][info][gc,cpu         ] GC(513) User=1.16s Sys=0.00s Real=0.14s
......[4294.190s][info][gc,start       ] GC(514) Pause Young (Normal) (G1 Evacuation Pause)
[4294.190s][info][gc,task        ] GC(514) Using 8 workers of 8 for evacuation
[4294.337s][info][gc,phases      ] GC(514)   Pre Evacuate Collection Set: 0.27ms
[4294.337s][info][gc,phases      ] GC(514)   Merge Heap Roots: 0.64ms
[4294.337s][info][gc,phases      ] GC(514)   Evacuate Collection Set: 144.47ms
[4294.337s][info][gc,phases      ] GC(514)   Post Evacuate Collection Set: 1.03ms
[4294.337s][info][gc,phases      ] GC(514)   Other: 0.07ms
[4294.337s][info][gc,heap        ] GC(514) Eden regions: 570->0(571)
[4294.337s][info][gc,heap        ] GC(514) Survivor regions: 44->43(77)
[4294.337s][info][gc,heap        ] GC(514) Old regions: 150->157
[4294.337s][info][gc,heap        ] GC(514) Humongous regions: 33->33
[4294.337s][info][gc,metaspace   ] GC(514) Metaspace: 29995K(30144K)->29995K(30144K) NonClass: 29995K(30144K)->29995K(30144K) Class: 0K(0K)->0K(0K)
[4294.337s][info][gc             ] GC(514) Pause Young (Normal) (G1 Evacuation Pause) 6354M->1842M(8192M) 146.644ms
[4294.337s][info][gc,cpu         ] GC(514) User=1.16s Sys=0.00s Real=0.14s
.....[4299.765s][info][gc,start       ] GC(515) Pause Young (Normal) (G1 Evacuation Pause)
[4299.765s][info][gc,task        ] GC(515) Using 8 workers of 8 for evacuation
[4299.912s][info][gc,phases      ] GC(515)   Pre Evacuate Collection Set: 0.25ms
[4299.912s][info][gc,phases      ] GC(515)   Merge Heap Roots: 0.58ms
[4299.912s][info][gc,phases      ] GC(515)   Evacuate Collection Set: 145.28ms
[4299.912s][info][gc,phases      ] GC(515)   Post Evacuate Collection Set: 1.02ms
[4299.912s][info][gc,phases      ] GC(515)   Other: 0.06ms
[4299.912s][info][gc,heap        ] GC(515) Eden regions: 571->0(571)
[4299.912s][info][gc,heap        ] GC(515) Survivor regions: 43->43(77)
[4299.912s][info][gc,heap        ] GC(515) Old regions: 157->164
[4299.912s][info][gc,heap        ] GC(515) Humongous regions: 33->33
[4299.912s][info][gc,metaspace   ] GC(515) Metaspace: 29995K(30144K)->29995K(30144K) NonClass: 29995K(30144K)->29995K(30144K) Class: 0K(0K)->0K(0K)
[4299.912s][info][gc             ] GC(515) Pause Young (Normal) (G1 Evacuation Pause) 6410M->1905M(8192M) 147.325ms
[4299.912s][info][gc,cpu         ] GC(515) User=1.17s Sys=0.00s Real=0.15s
......[4305.278s][info][gc,start       ] GC(516) Pause Young (Normal) (G1 Evacuation Pause)
[4305.278s][info][gc,task        ] GC(516) Using 8 workers of 8 for evacuation
[4305.425s][info][gc,phases      ] GC(516)   Pre Evacuate Collection Set: 0.27ms
[4305.425s][info][gc,phases      ] GC(516)   Merge Heap Roots: 0.51ms
[4305.425s][info][gc,phases      ] GC(516)   Evacuate Collection Set: 145.42ms
[4305.425s][info][gc,phases      ] GC(516)   Post Evacuate Collection Set: 1.04ms
[4305.425s][info][gc,phases      ] GC(516)   Other: 0.07ms
[4305.425s][info][gc,heap        ] GC(516) Eden regions: 571->0(571)
[4305.425s][info][gc,heap        ] GC(516) Survivor regions: 43->43(77)
[4305.425s][info][gc,heap        ] GC(516) Old regions: 164->171
[4305.425s][info][gc,heap        ] GC(516) Humongous regions: 33->33
[4305.425s][info][gc,metaspace   ] GC(516) Metaspace: 29995K(30144K)->29995K(30144K) NonClass: 29995K(30144K)->29995K(30144K) Class: 0K(0K)->0K(0K)
[4305.425s][info][gc             ] GC(516) Pause Young (Normal) (G1 Evacuation Pause) 6473M->1957M(8192M) 147.458ms
[4305.425s][info][gc,cpu         ] GC(516) User=1.17s Sys=0.00s Real=0.15s
.... (rIR:aIR:PR = 6918:6923:6923) (tPR = 102515) [OK] 
  4308s: Performance info:
         Transaction,    Success,    Partial,     Failed,   Receipts, AvgBarcode, 
             Overall,     417756,          0,          0,     396845,      59.47, 
         Response times:
             Request,    Success,    Partial,     Failed,   SkipFail,     Probes,    Samples,      min,      p50,      p90,      p95,      p99,      max, 
       TotalPurchase,     396865,          0,          0,          0,     362151,     406568,      300,     4600,     8600,    13200,    60000,   323000,
     InStorePurchase,     208655,          0,          0,          0,     191082,     214174,      400,     4500,     8600,    13100,    60000,   323000,
      OnlinePurchase,     146432,          0,          0,          0,     132819,     149169,      300,     4600,     8500,    13000,    61000,   323000,
        InstPurchase,      41778,          0,          0,          0,      38250,      43225,      500,     4500,     8700,    13800,    59000,   322000,
          AssocOfCat,        418,          0,          0,          0,        316,        409,    24000,    37000,    54000,    80000,   132000,   191000,
      AssocOfProduct,       4167,          0,          0,          0,       3871,       4563,      500,     4600,     8400,    13500,    65000,   158000,
      BusinessReport,       1045,          0,          0,          0,        875,       1082,    27000,    39000,    61700,    96000,   187340,   244000,
          CustBuyBeh,       4187,          0,          0,          0,       3908,       4577,      200,     3400,     8220,    11610,    52220,   238000,
       ProductReturn,      11094,          0,          0,          0,       9255,      10661,      200,     4600,     8400,    13490,    60380,   249000,

  4308s: (51%)   IR =   7057 .[4310.775s][info][gc,start       ] GC(517) Pause Young (Normal) (G1 Evacuation Pause)
[4310.775s][info][gc,task        ] GC(517) Using 8 workers of 8 for evacuation
[4310.927s][info][gc,phases      ] GC(517)   Pre Evacuate Collection Set: 0.24ms
[4310.927s][info][gc,phases      ] GC(517)   Merge Heap Roots: 0.56ms
[4310.927s][info][gc,phases      ] GC(517)   Evacuate Collection Set: 149.64ms
[4310.927s][info][gc,phases      ] GC(517)   Post Evacuate Collection Set: 1.04ms
[4310.927s][info][gc,phases      ] GC(517)   Other: 0.06ms
[4310.927s][info][gc,heap        ] GC(517) Eden regions: 571->0(570)
[4310.927s][info][gc,heap        ] GC(517) Survivor regions: 43->44(77)
[4310.927s][info][gc,heap        ] GC(517) Old regions: 171->178
[4310.927s][info][gc,heap        ] GC(517) Humongous regions: 33->33
[4310.927s][info][gc,metaspace   ] GC(517) Metaspace: 29995K(30144K)->29995K(30144K) NonClass: 29995K(30144K)->29995K(30144K) Class: 0K(0K)->0K(0K)
[4310.927s][info][gc             ] GC(517) Pause Young (Normal) (G1 Evacuation Pause) 6525M->2022M(8192M) 151.676ms
[4310.927s][info][gc,cpu         ] GC(517) User=1.21s Sys=0.00s Real=0.15s
....|..[4316.239s][info][gc,start       ] GC(518) Pause Young (Normal) (G1 Evacuation Pause)
[4316.239s][info][gc,task        ] GC(518) Using 8 workers of 8 for evacuation
[4316.390s][info][gc,phases      ] GC(518)   Pre Evacuate Collection Set: 0.25ms
[4316.390s][info][gc,phases      ] GC(518)   Merge Heap Roots: 0.54ms
[4316.390s][info][gc,phases      ] GC(518)   Evacuate Collection Set: 149.56ms
[4316.390s][info][gc,phases      ] GC(518)   Post Evacuate Collection Set: 1.06ms
[4316.390s][info][gc,phases      ] GC(518)   Other: 0.07ms
[4316.390s][info][gc,heap        ] GC(518) Eden regions: 570->0(570)
[4316.390s][info][gc,heap        ] GC(518) Survivor regions: 44->44(77)
[4316.390s][info][gc,heap        ] GC(518) Old regions: 178->185
[4316.390s][info][gc,heap        ] GC(518) Humongous regions: 33->33
[4316.390s][info][gc,metaspace   ] GC(518) Metaspace: 29995K(30144K)->29995K(30144K) NonClass: 29995K(30144K)->29995K(30144K) Class: 0K(0K)->0K(0K)
[4316.390s][info][gc             ] GC(518) Pause Young (Normal) (G1 Evacuation Pause) 6582M->2079M(8192M) 151.620ms
[4316.391s][info][gc,cpu         ] GC(518) User=1.20s Sys=0.00s Real=0.16s
.....[4321.713s][info][gc,start       ] GC(519) Pause Young (Normal) (G1 Evacuation Pause)
[4321.713s][info][gc,task        ] GC(519) Using 8 workers of 8 for evacuation
[4321.862s][info][gc,phases      ] GC(519)   Pre Evacuate Collection Set: 0.25ms
[4321.862s][info][gc,phases      ] GC(519)   Merge Heap Roots: 0.50ms
[4321.862s][info][gc,phases      ] GC(519)   Evacuate Collection Set: 147.75ms
[4321.862s][info][gc,phases      ] GC(519)   Post Evacuate Collection Set: 1.03ms
[4321.862s][info][gc,phases      ] GC(519)   Other: 0.08ms
[4321.862s][info][gc,heap        ] GC(519) Eden regions: 570->0(570)
[4321.862s][info][gc,heap        ] GC(519) Survivor regions: 44->44(77)
[4321.862s][info][gc,heap        ] GC(519) Old regions: 185->193
[4321.862s][info][gc,heap        ] GC(519) Humongous regions: 33->33
[4321.862s][info][gc,metaspace   ] GC(519) Metaspace: 29995K(30144K)->29995K(30144K) NonClass: 29995K(30144K)->29995K(30144K) Class: 0K(0K)->0K(0K)
[4321.862s][info][gc             ] GC(519) Pause Young (Normal) (G1 Evacuation Pause) 6639M->2137M(8192M) 149.743ms
[4321.862s][info][gc,cpu         ] GC(519) User=1.18s Sys=0.00s Real=0.15s
......[4327.063s][info][gc,start       ] GC(520) Pause Young (Normal) (G1 Evacuation Pause)
[4327.063s][info][gc,task        ] GC(520) Using 8 workers of 8 for evacuation
[4327.206s][info][gc,phases      ] GC(520)   Pre Evacuate Collection Set: 0.25ms
[4327.206s][info][gc,phases      ] GC(520)   Merge Heap Roots: 0.51ms
[4327.206s][info][gc,phases      ] GC(520)   Evacuate Collection Set: 141.50ms
[4327.206s][info][gc,phases      ] GC(520)   Post Evacuate Collection Set: 1.03ms
[4327.206s][info][gc,phases      ] GC(520)   Other: 0.06ms
[4327.206s][info][gc,heap        ] GC(520) Eden regions: 570->0(572)
[4327.206s][info][gc,heap        ] GC(520) Survivor regions: 44->42(77)
[4327.206s][info][gc,heap        ] GC(520) Old regions: 193->200
[4327.206s][info][gc,heap        ] GC(520) Humongous regions: 33->33
[4327.206s][info][gc,metaspace   ] GC(520) Metaspace: 29995K(30144K)->29995K(30144K) NonClass: 29995K(30144K)->29995K(30144K) Class: 0K(0K)->0K(0K)
[4327.206s][info][gc             ] GC(520) Pause Young (Normal) (G1 Evacuation Pause) 6697M->2178M(8192M) 143.479ms
[4327.206s][info][gc,cpu         ] GC(520) User=1.14s Sys=0.00s Real=0.14s
.....[4332.549s][info][gc,start       ] GC(521) Pause Young (Normal) (G1 Evacuation Pause)
[4332.549s][info][gc,task        ] GC(521) Using 8 workers of 8 for evacuation
[4332.696s][info][gc,phases      ] GC(521)   Pre Evacuate Collection Set: 0.25ms
[4332.696s][info][gc,phases      ] GC(521)   Merge Heap Roots: 0.57ms
[4332.696s][info][gc,phases      ] GC(521)   Evacuate Collection Set: 145.03ms
[4332.696s][info][gc,phases      ] GC(521)   Post Evacuate Collection Set: 1.02ms
[4332.696s][info][gc,phases      ] GC(521)   Other: 0.06ms
[4332.696s][info][gc,heap        ] GC(521) Eden regions: 572->0(571)
[4332.696s][info][gc,heap        ] GC(521) Survivor regions: 42->43(77)
[4332.696s][info][gc,heap        ] GC(521) Old regions: 200->207
[4332.696s][info][gc,heap        ] GC(521) Humongous regions: 33->33
[4332.696s][info][gc,metaspace   ] GC(521) Metaspace: 29995K(30144K)->29995K(30144K) NonClass: 29995K(30144K)->29995K(30144K) Class: 0K(0K)->0K(0K)
[4332.696s][info][gc             ] GC(521) Pause Young (Normal) (G1 Evacuation Pause) 6754M->2249M(8192M) 147.075ms
[4332.696s][info][gc,cpu         ] GC(521) User=1.16s Sys=0.00s Real=0.15s
......[4338.016s][info][gc,start       ] GC(522) Pause Young (Normal) (G1 Evacuation Pause)
[4338.016s][info][gc,task        ] GC(522) Using 8 workers of 8 for evacuation
[4338.167s][info][gc,phases      ] GC(522)   Pre Evacuate Collection Set: 0.28ms
[4338.167s][info][gc,phases      ] GC(522)   Merge Heap Roots: 0.54ms
[4338.167s][info][gc,phases      ] GC(522)   Evacuate Collection Set: 148.43ms
[4338.167s][info][gc,phases      ] GC(522)   Post Evacuate Collection Set: 1.04ms
[4338.167s][info][gc,phases      ] GC(522)   Other: 0.07ms
[4338.167s][info][gc,heap        ] GC(522) Eden regions: 571->0(571)
[4338.167s][info][gc,heap        ] GC(522) Survivor regions: 43->43(77)
[4338.167s][info][gc,heap        ] GC(522) Old regions: 207->214
[4338.167s][info][gc,heap        ] GC(522) Humongous regions: 33->33
[4338.167s][info][gc,metaspace   ] GC(522) Metaspace: 29995K(30144K)->29995K(30144K) NonClass: 29995K(30144K)->29995K(30144K) Class: 0K(0K)->0K(0K)
[4338.167s][info][gc             ] GC(522) Pause Young (Normal) (G1 Evacuation Pause) 6817M->2305M(8192M) 150.483ms
[4338.167s][info][gc,cpu         ] GC(522) User=1.19s Sys=0.00s Real=0.15s
.....[4343.377s][info][gc,start       ] GC(523) Pause Young (Normal) (G1 Evacuation Pause)
[4343.377s][info][gc,task        ] GC(523) Using 8 workers of 8 for evacuation
[4343.522s][info][gc,phases      ] GC(523)   Pre Evacuate Collection Set: 0.28ms
[4343.522s][info][gc,phases      ] GC(523)   Merge Heap Roots: 0.55ms
[4343.522s][info][gc,phases      ] GC(523)   Evacuate Collection Set: 142.85ms
[4343.522s][info][gc,phases      ] GC(523)   Post Evacuate Collection Set: 1.04ms
[4343.522s][info][gc,phases      ] GC(523)   Other: 0.06ms
[4343.522s][info][gc,heap        ] GC(523) Eden regions: 571->0(571)
[4343.522s][info][gc,heap        ] GC(523) Survivor regions: 43->43(77)
[4343.522s][info][gc,heap        ] GC(523) Old regions: 214->221
[4343.522s][info][gc,heap        ] GC(523) Humongous regions: 33->33
[4343.522s][info][gc,metaspace   ] GC(523) Metaspace: 29995K(30144K)->29995K(30144K) NonClass: 29995K(30144K)->29995K(30144K) Class: 0K(0K)->0K(0K)
[4343.522s][info][gc             ] GC(523) Pause Young (Normal) (G1 Evacuation Pause) 6873M->2361M(8192M) 144.897ms
[4343.522s][info][gc,cpu         ] GC(523) User=1.15s Sys=0.00s Real=0.15s
.....[4348.945s][info][gc,start       ] GC(524) Pause Young (Normal) (G1 Evacuation Pause)
[4348.945s][info][gc,task        ] GC(524) Using 8 workers of 8 for evacuation
[4349.093s][info][gc,phases      ] GC(524)   Pre Evacuate Collection Set: 0.25ms
[4349.094s][info][gc,phases      ] GC(524)   Merge Heap Roots: 0.52ms
[4349.094s][info][gc,phases      ] GC(524)   Evacuate Collection Set: 146.43ms
[4349.094s][info][gc,phases      ] GC(524)   Post Evacuate Collection Set: 1.02ms
[4349.094s][info][gc,phases      ] GC(524)   Other: 0.06ms
[4349.094s][info][gc,heap        ] GC(524) Eden regions: 571->0(571)
[4349.094s][info][gc,heap        ] GC(524) Survivor regions: 43->43(77)
[4349.094s][info][gc,heap        ] GC(524) Old regions: 221->228
[4349.094s][info][gc,heap        ] GC(524) Humongous regions: 33->33
[4349.094s][info][gc,metaspace   ] GC(524) Metaspace: 29995K(30144K)->29995K(30144K) NonClass: 29995K(30144K)->29995K(30144K) Class: 0K(0K)->0K(0K)
[4349.094s][info][gc             ] GC(524) Pause Young (Normal) (G1 Evacuation Pause) 6929M->2413M(8192M) 149.207ms
[4349.094s][info][gc,cpu         ] GC(524) User=1.17s Sys=0.00s Real=0.15s
......[4354.336s][info][gc,start       ] GC(525) Pause Young (Normal) (G1 Evacuation Pause)
[4354.336s][info][gc,task        ] GC(525) Using 8 workers of 8 for evacuation
[4354.480s][info][gc,phases      ] GC(525)   Pre Evacuate Collection Set: 0.26ms
[4354.480s][info][gc,phases      ] GC(525)   Merge Heap Roots: 0.53ms
[4354.480s][info][gc,phases      ] GC(525)   Evacuate Collection Set: 142.73ms
[4354.480s][info][gc,phases      ] GC(525)   Post Evacuate Collection Set: 1.04ms
[4354.480s][info][gc,phases      ] GC(525)   Other: 0.06ms
[4354.480s][info][gc,heap        ] GC(525) Eden regions: 571->0(571)
[4354.480s][info][gc,heap        ] GC(525) Survivor regions: 43->43(77)
[4354.480s][info][gc,heap        ] GC(525) Old regions: 228->235
[4354.480s][info][gc,heap        ] GC(525) Humongous regions: 33->33
[4354.480s][info][gc,metaspace   ] GC(525) Metaspace: 29995K(30144K)->29995K(30144K) NonClass: 29995K(30144K)->29995K(30144K) Class: 0K(0K)->0K(0K)
[4354.480s][info][gc             ] GC(525) Pause Young (Normal) (G1 Evacuation Pause) 6981M->2474M(8192M) 144.748ms
[4354.480s][info][gc,cpu         ] GC(525) User=1.14s Sys=0.01s Real=0.15s
.....[4359.821s][info][gc,start       ] GC(526) Pause Young (Normal) (G1 Evacuation Pause)
[4359.821s][info][gc,task        ] GC(526) Using 8 workers of 8 for evacuation
[4359.968s][info][gc,phases      ] GC(526)   Pre Evacuate Collection Set: 0.31ms
[4359.968s][info][gc,phases      ] GC(526)   Merge Heap Roots: 0.64ms
[4359.968s][info][gc,phases      ] GC(526)   Evacuate Collection Set: 144.69ms
[4359.968s][info][gc,phases      ] GC(526)   Post Evacuate Collection Set: 1.00ms
[4359.968s][info][gc,phases      ] GC(526)   Other: 0.07ms
[4359.968s][info][gc,heap        ] GC(526) Eden regions: 571->0(571)
[4359.968s][info][gc,heap        ] GC(526) Survivor regions: 43->43(77)
[4359.968s][info][gc,heap        ] GC(526) Old regions: 235->242
[4359.968s][info][gc,heap        ] GC(526) Humongous regions: 33->33
[4359.968s][info][gc,metaspace   ] GC(526) Metaspace: 29995K(30144K)->29995K(30144K) NonClass: 29995K(30144K)->29995K(30144K) Class: 0K(0K)->0K(0K)
[4359.968s][info][gc             ] GC(526) Pause Young (Normal) (G1 Evacuation Pause) 7042M->2531M(8192M) 146.875ms
[4359.968s][info][gc,cpu         ] GC(526) User=1.15s Sys=0.00s Real=0.14s
......[4365.312s][info][gc,start       ] GC(527) Pause Young (Normal) (G1 Evacuation Pause)
[4365.312s][info][gc,task        ] GC(527) Using 8 workers of 8 for evacuation
[4365.459s][info][gc,phases      ] GC(527)   Pre Evacuate Collection Set: 0.25ms
[4365.459s][info][gc,phases      ] GC(527)   Merge Heap Roots: 0.51ms
[4365.459s][info][gc,phases      ] GC(527)   Evacuate Collection Set: 145.27ms
[4365.459s][info][gc,phases      ] GC(527)   Post Evacuate Collection Set: 1.02ms
[4365.460s][info][gc,phases      ] GC(527)   Other: 0.07ms
[4365.460s][info][gc,heap        ] GC(527) Eden regions: 571->0(571)
[4365.460s][info][gc,heap        ] GC(527) Survivor regions: 43->43(77)
[4365.460s][info][gc,heap        ] GC(527) Old regions: 242->249
[4365.460s][info][gc,heap        ] GC(527) Humongous regions: 33->33
[4365.460s][info][gc,metaspace   ] GC(527) Metaspace: 29995K(30144K)->29995K(30144K) NonClass: 29995K(30144K)->29995K(30144K) Class: 0K(0K)->0K(0K)
[4365.460s][info][gc             ] GC(527) Pause Young (Normal) (G1 Evacuation Pause) 7099M->2587M(8192M) 147.245ms
[4365.460s][info][gc,cpu         ] GC(527) User=1.17s Sys=0.00s Real=0.14s
.....[4370.665s][info][gc,start       ] GC(528) Pause Young (Normal) (G1 Evacuation Pause)
[4370.665s][info][gc,task        ] GC(528) Using 8 workers of 8 for evacuation
[4370.811s][info][gc,phases      ] GC(528)   Pre Evacuate Collection Set: 0.25ms
[4370.811s][info][gc,phases      ] GC(528)   Merge Heap Roots: 0.51ms
[4370.811s][info][gc,phases      ] GC(528)   Evacuate Collection Set: 144.56ms
[4370.811s][info][gc,phases      ] GC(528)   Post Evacuate Collection Set: 1.06ms
[4370.811s][info][gc,phases      ] GC(528)   Other: 0.07ms
[4370.811s][info][gc,heap        ] GC(528) Eden regions: 571->0(571)
[4370.811s][info][gc,heap        ] GC(528) Survivor regions: 43->43(77)
[4370.811s][info][gc,heap        ] GC(528) Old regions: 249->256
[4370.811s][info][gc,heap        ] GC(528) Humongous regions: 33->33
[4370.811s][info][gc,metaspace   ] GC(528) Metaspace: 29995K(30144K)->29995K(30144K) NonClass: 29995K(30144K)->29995K(30144K) Class: 0K(0K)->0K(0K)
[4370.811s][info][gc             ] GC(528) Pause Young (Normal) (G1 Evacuation Pause) 7155M->2642M(8192M) 146.581ms
[4370.812s][info][gc,cpu         ] GC(528) User=1.16s Sys=0.00s Real=0.15s
.... (rIR:aIR:PR = 7057:7061:7061) (tPR = 104452) [OK] 
  4373s: Performance info:
         Transaction,    Success,    Partial,     Failed,   Receipts, AvgBarcode, 
             Overall,     424491,          0,          0,     403215,      59.48, 
         Response times:
             Request,    Success,    Partial,     Failed,   SkipFail,     Probes,    Samples,      min,      p50,      p90,      p95,      p99,      max, 
       TotalPurchase,     403215,          0,          0,          0,     361122,     392090,      300,     4700,     8700,    12900,    66000,   395000,
     InStorePurchase,     212340,          0,          0,          0,     190326,     205921,      300,     4600,     8600,    12800,    65000,   394000,
      OnlinePurchase,     148410,          0,          0,          0,     132914,     144535,      300,     4800,     8800,    12800,    67000,   394000,
        InstPurchase,      42465,          0,          0,          0,      37882,      41634,      500,     4600,     8600,    13200,    66000,   395000,
          AssocOfCat,        426,          0,          0,          0,        327,        447,    25000,    37000,    56200,    75200,   178720,   203000,
      AssocOfProduct,       4248,          0,          0,          0,       3973,       4522,      700,     4950,     8700,    12200,    67770,   222000,
      BusinessReport,       1066,          0,          0,          0,        919,       1129,    26000,    39000,    56000,    75000,   184700,   222000,
          CustBuyBeh,       4240,          0,          0,          0,       4033,       4607,      200,     4700,     8300,    13000,    71000,   299000,
       ProductReturn,      11296,          0,          0,          0,       9500,      10616,      200,     4400,     8700,    13300,    64000,   291000,

  4373s: (52%)   IR =   7195 .[4376.154s][info][gc,start       ] GC(529) Pause Young (Normal) (G1 Evacuation Pause)
[4376.154s][info][gc,task        ] GC(529) Using 8 workers of 8 for evacuation
[4376.299s][info][gc,phases      ] GC(529)   Pre Evacuate Collection Set: 0.26ms
[4376.299s][info][gc,phases      ] GC(529)   Merge Heap Roots: 0.52ms
[4376.299s][info][gc,phases      ] GC(529)   Evacuate Collection Set: 142.96ms
[4376.299s][info][gc,phases      ] GC(529)   Post Evacuate Collection Set: 1.09ms
[4376.299s][info][gc,phases      ] GC(529)   Other: 0.07ms
[4376.299s][info][gc,heap        ] GC(529) Eden regions: 571->0(572)
[4376.299s][info][gc,heap        ] GC(529) Survivor regions: 43->42(77)
[4376.299s][info][gc,heap        ] GC(529) Old regions: 256->263
[4376.299s][info][gc,heap        ] GC(529) Humongous regions: 33->33
[4376.299s][info][gc,metaspace   ] GC(529) Metaspace: 29995K(30144K)->29995K(30144K) NonClass: 29995K(30144K)->29995K(30144K) Class: 0K(0K)->0K(0K)
[4376.299s][info][gc             ] GC(529) Pause Young (Normal) (G1 Evacuation Pause) 7210M->2690M(8192M) 145.034ms
[4376.299s][info][gc,cpu         ] GC(529) User=1.14s Sys=0.00s Real=0.14s
....|..[4381.463s][info][gc,start       ] GC(530) Pause Young (Normal) (G1 Evacuation Pause)
[4381.463s][info][gc,task        ] GC(530) Using 8 workers of 8 for evacuation
[4381.609s][info][gc,phases      ] GC(530)   Pre Evacuate Collection Set: 0.28ms
[4381.609s][info][gc,phases      ] GC(530)   Merge Heap Roots: 0.52ms
[4381.609s][info][gc,phases      ] GC(530)   Evacuate Collection Set: 144.07ms
[4381.609s][info][gc,phases      ] GC(530)   Post Evacuate Collection Set: 1.08ms
[4381.609s][info][gc,phases      ] GC(530)   Other: 0.08ms
[4381.609s][info][gc,heap        ] GC(530) Eden regions: 572->0(571)
[4381.609s][info][gc,heap        ] GC(530) Survivor regions: 42->43(77)
[4381.609s][info][gc,heap        ] GC(530) Old regions: 263->270
[4381.609s][info][gc,heap        ] GC(530) Humongous regions: 33->33
[4381.609s][info][gc,metaspace   ] GC(530) Metaspace: 29995K(30144K)->29995K(30144K) NonClass: 29995K(30144K)->29995K(30144K) Class: 0K(0K)->0K(0K)
[4381.609s][info][gc             ] GC(530) Pause Young (Normal) (G1 Evacuation Pause) 7266M->2750M(8192M) 146.160ms
[4381.609s][info][gc,cpu         ] GC(530) User=1.16s Sys=0.00s Real=0.14s
.....[4386.786s][info][gc,start       ] GC(531) Pause Young (Normal) (G1 Evacuation Pause)
[4386.786s][info][gc,task        ] GC(531) Using 8 workers of 8 for evacuation
[4386.939s][info][gc,phases      ] GC(531)   Pre Evacuate Collection Set: 0.26ms
[4386.939s][info][gc,phases      ] GC(531)   Merge Heap Roots: 0.60ms
[4386.939s][info][gc,phases      ] GC(531)   Evacuate Collection Set: 150.94ms
[4386.939s][info][gc,phases      ] GC(531)   Post Evacuate Collection Set: 1.06ms
[4386.939s][info][gc,phases      ] GC(531)   Other: 0.06ms
[4386.939s][info][gc,heap        ] GC(531) Eden regions: 571->0(570)
[4386.939s][info][gc,heap        ] GC(531) Survivor regions: 43->44(77)
[4386.939s][info][gc,heap        ] GC(531) Old regions: 270->277
[4386.939s][info][gc,heap        ] GC(531) Humongous regions: 33->33
[4386.939s][info][gc,metaspace   ] GC(531) Metaspace: 29995K(30144K)->29995K(30144K) NonClass: 29995K(30144K)->29995K(30144K) Class: 0K(0K)->0K(0K)
[4386.939s][info][gc             ] GC(531) Pause Young (Normal) (G1 Evacuation Pause) 7318M->2814M(8192M) 153.059ms
[4386.939s][info][gc,cpu         ] GC(531) User=1.21s Sys=0.00s Real=0.15s
.....[4392.101s][info][gc,start       ] GC(532) Pause Young (Normal) (G1 Evacuation Pause)
[4392.101s][info][gc,task        ] GC(532) Using 8 workers of 8 for evacuation
[4392.249s][info][gc,phases      ] GC(532)   Pre Evacuate Collection Set: 0.28ms
[4392.249s][info][gc,phases      ] GC(532)   Merge Heap Roots: 0.52ms
[4392.249s][info][gc,phases      ] GC(532)   Evacuate Collection Set: 145.71ms
[4392.249s][info][gc,phases      ] GC(532)   Post Evacuate Collection Set: 1.03ms
[4392.249s][info][gc,phases      ] GC(532)   Other: 0.08ms
[4392.249s][info][gc,heap        ] GC(532) Eden regions: 570->0(569)
[4392.249s][info][gc,heap        ] GC(532) Survivor regions: 44->43(77)
[4392.249s][info][gc,heap        ] GC(532) Old regions: 277->284
[4392.249s][info][gc,heap        ] GC(532) Humongous regions: 33->33
[4392.249s][info][gc,metaspace   ] GC(532) Metaspace: 29995K(30144K)->29995K(30144K) NonClass: 29995K(30144K)->29995K(30144K) Class: 0K(0K)->0K(0K)
[4392.249s][info][gc             ] GC(532) Pause Young (Normal) (G1 Evacuation Pause) 7374M->2867M(8192M) 147.750ms
[4392.249s][info][gc,cpu         ] GC(532) User=1.17s Sys=0.01s Real=0.14s
......[4397.431s][info][gc,start       ] GC(533) Pause Young (Normal) (G1 Evacuation Pause)
[4397.431s][info][gc,task        ] GC(533) Using 8 workers of 8 for evacuation
[4397.576s][info][gc,phases      ] GC(533)   Pre Evacuate Collection Set: 0.24ms
[4397.576s][info][gc,phases      ] GC(533)   Merge Heap Roots: 0.49ms
[4397.576s][info][gc,phases      ] GC(533)   Evacuate Collection Set: 143.75ms
[4397.576s][info][gc,phases      ] GC(533)   Post Evacuate Collection Set: 1.05ms
[4397.576s][info][gc,phases      ] GC(533)   Other: 0.06ms
[4397.576s][info][gc,heap        ] GC(533) Eden regions: 569->0(563)
[4397.576s][info][gc,heap        ] GC(533) Survivor regions: 43->42(77)
[4397.576s][info][gc,heap        ] GC(533) Old regions: 284->292
[4397.576s][info][gc,heap        ] GC(533) Humongous regions: 33->33
[4397.576s][info][gc,metaspace   ] GC(533) Metaspace: 29995K(30144K)->29995K(30144K) NonClass: 29995K(30144K)->29995K(30144K) Class: 0K(0K)->0K(0K)
[4397.576s][info][gc             ] GC(533) Pause Young (Normal) (G1 Evacuation Pause) 7419M->2917M(8192M) 145.721ms
[4397.576s][info][gc,cpu         ] GC(533) User=1.16s Sys=0.01s Real=0.14s
.....[4402.765s][info][gc,start       ] GC(534) Pause Young (Normal) (G1 Evacuation Pause)
[4402.765s][info][gc,task        ] GC(534) Using 8 workers of 8 for evacuation
[4402.912s][info][gc,phases      ] GC(534)   Pre Evacuate Collection Set: 0.25ms
[4402.912s][info][gc,phases      ] GC(534)   Merge Heap Roots: 0.60ms
[4402.912s][info][gc,phases      ] GC(534)   Evacuate Collection Set: 144.61ms
[4402.912s][info][gc,phases      ] GC(534)   Post Evacuate Collection Set: 1.04ms
[4402.912s][info][gc,phases      ] GC(534)   Other: 0.06ms
[4402.912s][info][gc,heap        ] GC(534) Eden regions: 563->0(554)
[4402.912s][info][gc,heap        ] GC(534) Survivor regions: 42->43(76)
[4402.912s][info][gc,heap        ] GC(534) Old regions: 292->299
[4402.912s][info][gc,heap        ] GC(534) Humongous regions: 33->33
[4402.912s][info][gc,metaspace   ] GC(534) Metaspace: 29995K(30144K)->29995K(30144K) NonClass: 29995K(30144K)->29995K(30144K) Class: 0K(0K)->0K(0K)
[4402.912s][info][gc             ] GC(534) Pause Young (Normal) (G1 Evacuation Pause) 7421M->2978M(8192M) 146.709ms
[4402.912s][info][gc,cpu         ] GC(534) User=1.16s Sys=0.00s Real=0.15s
.....[4407.915s][info][gc,start       ] GC(535) Pause Young (Normal) (G1 Evacuation Pause)
[4407.915s][info][gc,task        ] GC(535) Using 8 workers of 8 for evacuation
[4408.061s][info][gc,phases      ] GC(535)   Pre Evacuate Collection Set: 0.26ms
[4408.061s][info][gc,phases      ] GC(535)   Merge Heap Roots: 0.58ms
[4408.061s][info][gc,phases      ] GC(535)   Evacuate Collection Set: 144.16ms
[4408.061s][info][gc,phases      ] GC(535)   Post Evacuate Collection Set: 1.03ms
[4408.061s][info][gc,phases      ] GC(535)   Other: 0.08ms
[4408.061s][info][gc,heap        ] GC(535) Eden regions: 554->0(547)
[4408.061s][info][gc,heap        ] GC(535) Survivor regions: 43->43(75)
[4408.061s][info][gc,heap        ] GC(535) Old regions: 299->306
[4408.061s][info][gc,heap        ] GC(535) Humongous regions: 33->33
[4408.061s][info][gc,metaspace   ] GC(535) Metaspace: 29995K(30144K)->29995K(30144K) NonClass: 29995K(30144K)->29995K(30144K) Class: 0K(0K)->0K(0K)
[4408.061s][info][gc             ] GC(535) Pause Young (Normal) (G1 Evacuation Pause) 7410M->3035M(8192M) 146.247ms
[4408.061s][info][gc,cpu         ] GC(535) User=1.16s Sys=0.00s Real=0.15s
.....[4413.021s][info][gc,start       ] GC(536) Pause Young (Normal) (G1 Evacuation Pause)
[4413.021s][info][gc,task        ] GC(536) Using 8 workers of 8 for evacuation
[4413.169s][info][gc,phases      ] GC(536)   Pre Evacuate Collection Set: 0.28ms
[4413.169s][info][gc,phases      ] GC(536)   Merge Heap Roots: 0.54ms
[4413.169s][info][gc,phases      ] GC(536)   Evacuate Collection Set: 145.59ms
[4413.169s][info][gc,phases      ] GC(536)   Post Evacuate Collection Set: 1.03ms
[4413.169s][info][gc,phases      ] GC(536)   Other: 0.07ms
[4413.169s][info][gc,heap        ] GC(536) Eden regions: 547->0(540)
[4413.169s][info][gc,heap        ] GC(536) Survivor regions: 43->43(74)
[4413.169s][info][gc,heap        ] GC(536) Old regions: 306->313
[4413.169s][info][gc,heap        ] GC(536) Humongous regions: 33->33
[4413.169s][info][gc,metaspace   ] GC(536) Metaspace: 29995K(30144K)->29995K(30144K) NonClass: 29995K(30144K)->29995K(30144K) Class: 0K(0K)->0K(0K)
[4413.169s][info][gc             ] GC(536) Pause Young (Normal) (G1 Evacuation Pause) 7411M->3099M(8192M) 147.649ms
[4413.169s][info][gc,cpu         ] GC(536) User=1.17s Sys=0.00s Real=0.14s
.....[4418.099s][info][gc,start       ] GC(537) Pause Young (Concurrent Start) (G1 Evacuation Pause)
[4418.099s][info][gc,task        ] GC(537) Using 8 workers of 8 for evacuation
[4418.245s][info][gc,phases      ] GC(537)   Pre Evacuate Collection Set: 0.30ms
[4418.245s][info][gc,phases      ] GC(537)   Merge Heap Roots: 0.51ms
[4418.245s][info][gc,phases      ] GC(537)   Evacuate Collection Set: 144.61ms
[4418.245s][info][gc,phases      ] GC(537)   Post Evacuate Collection Set: 1.01ms
[4418.245s][info][gc,phases      ] GC(537)   Other: 0.08ms
[4418.245s][info][gc,heap        ] GC(537) Eden regions: 540->0(534)
[4418.245s][info][gc,heap        ] GC(537) Survivor regions: 43->42(73)
[4418.245s][info][gc,heap        ] GC(537) Old regions: 313->321
[4418.245s][info][gc,heap        ] GC(537) Humongous regions: 33->33
[4418.245s][info][gc,metaspace   ] GC(537) Metaspace: 29995K(30144K)->29995K(30144K) NonClass: 29995K(30144K)->29995K(30144K) Class: 0K(0K)->0K(0K)
[4418.245s][info][gc             ] GC(537) Pause Young (Concurrent Start) (G1 Evacuation Pause) 7419M->3146M(8192M) 146.645ms
[4418.245s][info][gc             ] GC(538) Concurrent Mark Cycle
[4418.245s][info][gc,marking     ] GC(538) Concurrent Scan Root Regions
[4418.245s][info][gc,cpu         ] GC(537) User=1.16s Sys=0.01s Real=0.15s
.[4418.639s][info][gc,marking     ] GC(538) Concurrent Scan Root Regions 393.148ms
[4418.639s][info][gc,marking     ] GC(538) Concurrent Mark
[4418.639s][info][gc,marking     ] GC(538) Concurrent Mark From Roots
[4418.639s][info][gc,task        ] GC(538) Using 2 workers of 2 for marking
.[4419.504s][info][gc,marking     ] GC(538) Concurrent Mark From Roots 865.903ms
[4419.505s][info][gc,marking     ] GC(538) Concurrent Preclean
[4419.505s][info][gc,marking     ] GC(538) Concurrent Preclean 0.084ms
[4419.505s][info][gc,start       ] GC(538) Pause Remark
[4419.507s][info][gc             ] GC(538) Pause Remark 4368M->3704M(8192M) 2.575ms
[4419.507s][info][gc,cpu         ] GC(538) User=0.01s Sys=0.00s Real=0.00s
[4419.507s][info][gc,marking     ] GC(538) Concurrent Mark 868.855ms
[4419.507s][info][gc,marking     ] GC(538) Concurrent Rebuild Remembered Sets and Scrub Regions
[4419.974s][info][gc,marking     ] GC(538) Concurrent Rebuild Remembered Sets and Scrub Regions 466.386ms
[4419.974s][info][gc,start       ] GC(538) Pause Cleanup
[4419.974s][info][gc             ] GC(538) Pause Cleanup 4087M->4087M(8192M) 0.267ms
[4419.974s][info][gc,cpu         ] GC(538) User=0.00s Sys=0.00s Real=0.00s
[4419.974s][info][gc,marking     ] GC(538) Concurrent Clear Claimed Marks
[4419.974s][info][gc,marking     ] GC(538) Concurrent Clear Claimed Marks 0.049ms
[4419.974s][info][gc,marking     ] GC(538) Concurrent Cleanup for Next Mark
[4419.984s][info][gc,marking     ] GC(538) Concurrent Cleanup for Next Mark 10.117ms
[4419.985s][info][gc             ] GC(538) Concurrent Mark Cycle 1739.248ms
...[4423.071s][info][gc,start       ] GC(539) Pause Young (Prepare Mixed) (G1 Evacuation Pause)
[4423.071s][info][gc,task        ] GC(539) Using 8 workers of 8 for evacuation
[4423.213s][info][gc,phases      ] GC(539)   Pre Evacuate Collection Set: 0.29ms
[4423.213s][info][gc,phases      ] GC(539)   Merge Heap Roots: 0.67ms
[4423.213s][info][gc,phases      ] GC(539)   Evacuate Collection Set: 139.31ms
[4423.213s][info][gc,phases      ] GC(539)   Post Evacuate Collection Set: 1.10ms
[4423.213s][info][gc,phases      ] GC(539)   Other: 0.07ms
[4423.213s][info][gc,heap        ] GC(539) Eden regions: 534->0(573)
[4423.213s][info][gc,heap        ] GC(539) Survivor regions: 42->41(72)
[4423.213s][info][gc,heap        ] GC(539) Old regions: 238->245
[4423.213s][info][gc,heap        ] GC(539) Humongous regions: 33->33
[4423.213s][info][gc,metaspace   ] GC(539) Metaspace: 29995K(30144K)->29995K(30144K) NonClass: 29995K(30144K)->29995K(30144K) Class: 0K(0K)->0K(0K)
[4423.213s][info][gc             ] GC(539) Pause Young (Prepare Mixed) (G1 Evacuation Pause) 6754M->2533M(8192M) 141.564ms
[4423.213s][info][gc,cpu         ] GC(539) User=1.12s Sys=0.00s Real=0.14s
......[4428.478s][info][gc,start       ] GC(540) Pause Young (Mixed) (G1 Evacuation Pause)
[4428.478s][info][gc,task        ] GC(540) Using 8 workers of 8 for evacuation
[4428.631s][info][gc,phases      ] GC(540)   Pre Evacuate Collection Set: 0.28ms
[4428.632s][info][gc,phases      ] GC(540)   Merge Heap Roots: 0.80ms
[4428.632s][info][gc,phases      ] GC(540)   Evacuate Collection Set: 151.08ms
[4428.632s][info][gc,phases      ] GC(540)   Post Evacuate Collection Set: 1.26ms
[4428.632s][info][gc,phases      ] GC(540)   Other: 0.08ms
[4428.632s][info][gc,heap        ] GC(540) Eden regions: 573->0(571)
[4428.632s][info][gc,heap        ] GC(540) Survivor regions: 41->43(77)
[4428.632s][info][gc,heap        ] GC(540) Old regions: 245->151
[4428.632s][info][gc,heap        ] GC(540) Humongous regions: 33->33
[4428.632s][info][gc,metaspace   ] GC(540) Metaspace: 29995K(30144K)->29995K(30144K) NonClass: 29995K(30144K)->29995K(30144K) Class: 0K(0K)->0K(0K)
[4428.632s][info][gc             ] GC(540) Pause Young (Mixed) (G1 Evacuation Pause) 7117M->1793M(8192M) 153.626ms
[4428.632s][info][gc,cpu         ] GC(540) User=1.21s Sys=0.00s Real=0.16s
.....[4433.753s][info][gc,start       ] GC(541) Pause Young (Mixed) (G1 Evacuation Pause)
[4433.753s][info][gc,task        ] GC(541) Using 8 workers of 8 for evacuation
[4433.903s][info][gc,phases      ] GC(541)   Pre Evacuate Collection Set: 0.29ms
[4433.903s][info][gc,phases      ] GC(541)   Merge Heap Roots: 0.74ms
[4433.903s][info][gc,phases      ] GC(541)   Evacuate Collection Set: 147.50ms
[4433.903s][info][gc,phases      ] GC(541)   Post Evacuate Collection Set: 1.09ms
[4433.903s][info][gc,phases      ] GC(541)   Other: 0.07ms
[4433.903s][info][gc,heap        ] GC(541) Eden regions: 571->0(571)
[4433.903s][info][gc,heap        ] GC(541) Survivor regions: 43->43(77)
[4433.903s][info][gc,heap        ] GC(541) Old regions: 151->142
[4433.903s][info][gc,heap        ] GC(541) Humongous regions: 33->33
[4433.903s][info][gc,metaspace   ] GC(541) Metaspace: 29995K(30144K)->29995K(30144K) NonClass: 29995K(30144K)->29995K(30144K) Class: 0K(0K)->0K(0K)
[4433.903s][info][gc             ] GC(541) Pause Young (Mixed) (G1 Evacuation Pause) 6361M->1727M(8192M) 149.831ms
[4433.903s][info][gc,cpu         ] GC(541) User=1.18s Sys=0.00s Real=0.15s
.....[4439.049s][info][gc,start       ] GC(542) Pause Young (Normal) (G1 Evacuation Pause)
[4439.049s][info][gc,task        ] GC(542) Using 8 workers of 8 for evacuation
[4439.193s][info][gc,phases      ] GC(542)   Pre Evacuate Collection Set: 0.25ms
[4439.193s][info][gc,phases      ] GC(542)   Merge Heap Roots: 0.51ms
[4439.193s][info][gc,phases      ] GC(542)   Evacuate Collection Set: 142.16ms
[4439.193s][info][gc,phases      ] GC(542)   Post Evacuate Collection Set: 1.01ms
[4439.193s][info][gc,phases      ] GC(542)   Other: 0.06ms
[4439.193s][info][gc,heap        ] GC(542) Eden regions: 571->0(572)
[4439.193s][info][gc,heap        ] GC(542) Survivor regions: 43->42(77)
[4439.193s][info][gc,heap        ] GC(542) Old regions: 142->150
[4439.193s][info][gc,heap        ] GC(542) Humongous regions: 33->33
[4439.193s][info][gc,metaspace   ] GC(542) Metaspace: 29995K(30144K)->29995K(30144K) NonClass: 29995K(30144K)->29995K(30144K) Class: 0K(0K)->0K(0K)
[4439.193s][info][gc             ] GC(542) Pause Young (Normal) (G1 Evacuation Pause) 6295M->1778M(8192M) 144.109ms
[4439.194s][info][gc,cpu         ] GC(542) User=1.14s Sys=0.00s Real=0.15s
. (rIR:aIR:PR = 7195:7230:7227) (tPR = 106552) [OK] 
  4439s: Performance info:
         Transaction,    Success,    Partial,     Failed,   Receipts, AvgBarcode, 
             Overall,     433829,          0,          0,     412265,      59.47, 
         Response times:
             Request,    Success,    Partial,     Failed,   SkipFail,     Probes,    Samples,      min,      p50,      p90,      p95,      p99,      max, 
       TotalPurchase,     412431,          0,          0,          0,     359975,     393145,      300,     4800,     9300,    18200,    70000,   534000,
     InStorePurchase,     218027,          0,          0,          0,     188992,     206181,      300,     4700,     9200,    17200,    69000,   534000,
      OnlinePurchase,     151339,          0,          0,          0,     132611,     144824,      300,     4800,     9300,    19700,    70000,   424000,
        InstPurchase,      43065,          0,          0,          0,      38372,      42140,      500,     5000,     9400,    18600,    72000,   422000,
          AssocOfCat,        432,          0,          0,          0,        351,        468,    27000,    37000,    53100,    66550,   121620,   202000,
      AssocOfProduct,       4313,          0,          0,          0,       3998,       4632,      600,     5200,     8970,    18935,    77670,   534000,
      BusinessReport,       1082,          0,          0,          0,        961,       1195,    23000,    40000,    61000,   110000,   196200,   318000,
          CustBuyBeh,       4317,          0,          0,          0,       4008,       4626,      200,     4800,     9100,    16400,    76000,   534000,
       ProductReturn,      11431,          0,          0,          0,       9756,      10857,      200,     4800,     8600,    20010,    69000,   289000,

  4439s: (53%)   IR =   7334 ....|[4444.297s][info][gc,start       ] GC(543) Pause Young (Normal) (G1 Evacuation Pause)
[4444.298s][info][gc,task        ] GC(543) Using 8 workers of 8 for evacuation
[4444.446s][info][gc,phases      ] GC(543)   Pre Evacuate Collection Set: 0.25ms
[4444.446s][info][gc,phases      ] GC(543)   Merge Heap Roots: 0.51ms
[4444.446s][info][gc,phases      ] GC(543)   Evacuate Collection Set: 146.80ms
[4444.446s][info][gc,phases      ] GC(543)   Post Evacuate Collection Set: 1.04ms
[4444.446s][info][gc,phases      ] GC(543)   Other: 0.06ms
[4444.446s][info][gc,heap        ] GC(543) Eden regions: 572->0(570)
[4444.446s][info][gc,heap        ] GC(543) Survivor regions: 42->44(77)
[4444.446s][info][gc,heap        ] GC(543) Old regions: 150->157
[4444.446s][info][gc,heap        ] GC(543) Humongous regions: 33->33
[4444.446s][info][gc,metaspace   ] GC(543) Metaspace: 29995K(30144K)->29995K(30144K) NonClass: 29995K(30144K)->29995K(30144K) Class: 0K(0K)->0K(0K)
[4444.446s][info][gc             ] GC(543) Pause Young (Normal) (G1 Evacuation Pause) 6354M->1854M(8192M) 148.807ms
[4444.446s][info][gc,cpu         ] GC(543) User=1.18s Sys=0.00s Real=0.15s
......[4449.560s][info][gc,start       ] GC(544) Pause Young (Normal) (G1 Evacuation Pause)
[4449.560s][info][gc,task        ] GC(544) Using 8 workers of 8 for evacuation
[4449.708s][info][gc,phases      ] GC(544)   Pre Evacuate Collection Set: 0.30ms
[4449.708s][info][gc,phases      ] GC(544)   Merge Heap Roots: 0.52ms
[4449.708s][info][gc,phases      ] GC(544)   Evacuate Collection Set: 145.51ms
[4449.708s][info][gc,phases      ] GC(544)   Post Evacuate Collection Set: 1.06ms
[4449.708s][info][gc,phases      ] GC(544)   Other: 0.06ms
[4449.708s][info][gc,heap        ] GC(544) Eden regions: 570->0(571)
[4449.708s][info][gc,heap        ] GC(544) Survivor regions: 44->43(77)
[4449.708s][info][gc,heap        ] GC(544) Old regions: 157->164
[4449.708s][info][gc,heap        ] GC(544) Humongous regions: 33->33
[4449.708s][info][gc,metaspace   ] GC(544) Metaspace: 29995K(30144K)->29995K(30144K) NonClass: 29995K(30144K)->29995K(30144K) Class: 0K(0K)->0K(0K)
[4449.708s][info][gc             ] GC(544) Pause Young (Normal) (G1 Evacuation Pause) 6414M->1903M(8192M) 147.585ms
[4449.708s][info][gc,cpu         ] GC(544) User=1.17s Sys=0.00s Real=0.14s
.....[4454.812s][info][gc,start       ] GC(545) Pause Young (Normal) (G1 Evacuation Pause)
[4454.812s][info][gc,task        ] GC(545) Using 8 workers of 8 for evacuation
[4454.961s][info][gc,phases      ] GC(545)   Pre Evacuate Collection Set: 0.24ms
[4454.961s][info][gc,phases      ] GC(545)   Merge Heap Roots: 0.51ms
[4454.961s][info][gc,phases      ] GC(545)   Evacuate Collection Set: 147.08ms
[4454.961s][info][gc,phases      ] GC(545)   Post Evacuate Collection Set: 1.04ms
[4454.961s][info][gc,phases      ] GC(545)   Other: 0.07ms
[4454.961s][info][gc,heap        ] GC(545) Eden regions: 571->0(570)
[4454.961s][info][gc,heap        ] GC(545) Survivor regions: 43->44(77)
[4454.961s][info][gc,heap        ] GC(545) Old regions: 164->171
[4454.961s][info][gc,heap        ] GC(545) Humongous regions: 33->33
[4454.961s][info][gc,metaspace   ] GC(545) Metaspace: 29995K(30144K)->29995K(30144K) NonClass: 29995K(30144K)->29995K(30144K) Class: 0K(0K)->0K(0K)
[4454.961s][info][gc             ] GC(545) Pause Young (Normal) (G1 Evacuation Pause) 6471M->1965M(8192M) 149.079ms
[4454.961s][info][gc,cpu         ] GC(545) User=1.18s Sys=0.00s Real=0.15s
.....[4460.069s][info][gc,start       ] GC(546) Pause Young (Normal) (G1 Evacuation Pause)
[4460.069s][info][gc,task        ] GC(546) Using 8 workers of 8 for evacuation
[4460.216s][info][gc,phases      ] GC(546)   Pre Evacuate Collection Set: 0.29ms
[4460.216s][info][gc,phases      ] GC(546)   Merge Heap Roots: 0.52ms
[4460.216s][info][gc,phases      ] GC(546)   Evacuate Collection Set: 145.22ms
[4460.216s][info][gc,phases      ] GC(546)   Post Evacuate Collection Set: 1.05ms
[4460.216s][info][gc,phases      ] GC(546)   Other: 0.06ms
[4460.216s][info][gc,heap        ] GC(546) Eden regions: 570->0(571)
[4460.216s][info][gc,heap        ] GC(546) Survivor regions: 44->43(77)
[4460.216s][info][gc,heap        ] GC(546) Old regions: 171->178
[4460.216s][info][gc,heap        ] GC(546) Humongous regions: 33->33
[4460.216s][info][gc,metaspace   ] GC(546) Metaspace: 29995K(30144K)->29995K(30144K) NonClass: 29995K(30144K)->29995K(30144K) Class: 0K(0K)->0K(0K)
[4460.216s][info][gc             ] GC(546) Pause Young (Normal) (G1 Evacuation Pause) 6525M->2019M(8192M) 147.286ms
[4460.216s][info][gc,cpu         ] GC(546) User=1.17s Sys=0.00s Real=0.15s
.....[4465.282s][info][gc,start       ] GC(547) Pause Young (Normal) (G1 Evacuation Pause)
[4465.282s][info][gc,task        ] GC(547) Using 8 workers of 8 for evacuation
[4465.426s][info][gc,phases      ] GC(547)   Pre Evacuate Collection Set: 0.24ms
[4465.426s][info][gc,phases      ] GC(547)   Merge Heap Roots: 0.57ms
[4465.426s][info][gc,phases      ] GC(547)   Evacuate Collection Set: 142.11ms
[4465.426s][info][gc,phases      ] GC(547)   Post Evacuate Collection Set: 1.02ms
[4465.426s][info][gc,phases      ] GC(547)   Other: 0.06ms
[4465.426s][info][gc,heap        ] GC(547) Eden regions: 571->0(572)
[4465.426s][info][gc,heap        ] GC(547) Survivor regions: 43->42(77)
[4465.426s][info][gc,heap        ] GC(547) Old regions: 178->186
[4465.426s][info][gc,heap        ] GC(547) Humongous regions: 33->33
[4465.426s][info][gc,metaspace   ] GC(547) Metaspace: 29995K(30144K)->29995K(30144K) NonClass: 29995K(30144K)->29995K(30144K) Class: 0K(0K)->0K(0K)
[4465.426s][info][gc             ] GC(547) Pause Young (Normal) (G1 Evacuation Pause) 6587M->2069M(8192M) 144.142ms
[4465.426s][info][gc,cpu         ] GC(547) User=1.14s Sys=0.00s Real=0.14s
......[4470.590s][info][gc,start       ] GC(548) Pause Young (Normal) (G1 Evacuation Pause)
[4470.590s][info][gc,task        ] GC(548) Using 8 workers of 8 for evacuation
[4470.738s][info][gc,phases      ] GC(548)   Pre Evacuate Collection Set: 0.26ms
[4470.738s][info][gc,phases      ] GC(548)   Merge Heap Roots: 0.51ms
[4470.738s][info][gc,phases      ] GC(548)   Evacuate Collection Set: 146.10ms
[4470.738s][info][gc,phases      ] GC(548)   Post Evacuate Collection Set: 1.03ms
[4470.738s][info][gc,phases      ] GC(548)   Other: 0.06ms
[4470.738s][info][gc,heap        ] GC(548) Eden regions: 572->0(570)
[4470.738s][info][gc,heap        ] GC(548) Survivor regions: 42->44(77)
[4470.738s][info][gc,heap        ] GC(548) Old regions: 186->193
[4470.738s][info][gc,heap        ] GC(548) Humongous regions: 33->33
[4470.738s][info][gc,metaspace   ] GC(548) Metaspace: 29995K(30144K)->29995K(30144K) NonClass: 29995K(30144K)->29995K(30144K) Class: 0K(0K)->0K(0K)
[4470.738s][info][gc             ] GC(548) Pause Young (Normal) (G1 Evacuation Pause) 6645M->2138M(8192M) 148.108ms
[4470.738s][info][gc,cpu         ] GC(548) User=1.17s Sys=0.00s Real=0.15s
.....[4475.818s][info][gc,start       ] GC(549) Pause Young (Normal) (G1 Evacuation Pause)
[4475.818s][info][gc,task        ] GC(549) Using 8 workers of 8 for evacuation
[4475.964s][info][gc,phases      ] GC(549)   Pre Evacuate Collection Set: 0.28ms
[4475.964s][info][gc,phases      ] GC(549)   Merge Heap Roots: 0.57ms
[4475.964s][info][gc,phases      ] GC(549)   Evacuate Collection Set: 144.49ms
[4475.964s][info][gc,phases      ] GC(549)   Post Evacuate Collection Set: 1.06ms
[4475.964s][info][gc,phases      ] GC(549)   Other: 0.06ms
[4475.964s][info][gc,heap        ] GC(549) Eden regions: 570->0(570)
[4475.964s][info][gc,heap        ] GC(549) Survivor regions: 44->44(77)
[4475.964s][info][gc,heap        ] GC(549) Old regions: 193->200
[4475.964s][info][gc,heap        ] GC(549) Humongous regions: 33->33
[4475.964s][info][gc,metaspace   ] GC(549) Metaspace: 29995K(30144K)->29995K(30144K) NonClass: 29995K(30144K)->29995K(30144K) Class: 0K(0K)->0K(0K)
[4475.964s][info][gc             ] GC(549) Pause Young (Normal) (G1 Evacuation Pause) 6698M->2194M(8192M) 146.596ms
[4475.964s][info][gc,cpu         ] GC(549) User=1.16s Sys=0.00s Real=0.15s
.....[4481.010s][info][gc,start       ] GC(550) Pause Young (Normal) (G1 Evacuation Pause)
[4481.011s][info][gc,task        ] GC(550) Using 8 workers of 8 for evacuation
[4481.162s][info][gc,phases      ] GC(550)   Pre Evacuate Collection Set: 0.27ms
[4481.162s][info][gc,phases      ] GC(550)   Merge Heap Roots: 0.58ms
[4481.162s][info][gc,phases      ] GC(550)   Evacuate Collection Set: 149.73ms
[4481.162s][info][gc,phases      ] GC(550)   Post Evacuate Collection Set: 1.04ms
[4481.162s][info][gc,phases      ] GC(550)   Other: 0.06ms
[4481.162s][info][gc,heap        ] GC(550) Eden regions: 570->0(570)
[4481.162s][info][gc,heap        ] GC(550) Survivor regions: 44->44(77)
[4481.162s][info][gc,heap        ] GC(550) Old regions: 200->207
[4481.162s][info][gc,heap        ] GC(550) Humongous regions: 33->33
[4481.162s][info][gc,metaspace   ] GC(550) Metaspace: 29995K(30144K)->29995K(30144K) NonClass: 29995K(30144K)->29995K(30144K) Class: 0K(0K)->0K(0K)
[4481.162s][info][gc             ] GC(550) Pause Young (Normal) (G1 Evacuation Pause) 6754M->2257M(8192M) 151.818ms
[4481.162s][info][gc,cpu         ] GC(550) User=1.20s Sys=0.00s Real=0.15s
.....[4486.247s][info][gc,start       ] GC(551) Pause Young (Normal) (G1 Evacuation Pause)
[4486.247s][info][gc,task        ] GC(551) Using 8 workers of 8 for evacuation
[4486.391s][info][gc,phases      ] GC(551)   Pre Evacuate Collection Set: 0.25ms
[4486.391s][info][gc,phases      ] GC(551)   Merge Heap Roots: 0.50ms
[4486.391s][info][gc,phases      ] GC(551)   Evacuate Collection Set: 142.39ms
[4486.391s][info][gc,phases      ] GC(551)   Post Evacuate Collection Set: 1.04ms
[4486.391s][info][gc,phases      ] GC(551)   Other: 0.07ms
[4486.391s][info][gc,heap        ] GC(551) Eden regions: 570->0(572)
[4486.391s][info][gc,heap        ] GC(551) Survivor regions: 44->42(77)
[4486.391s][info][gc,heap        ] GC(551) Old regions: 207->214
[4486.391s][info][gc,heap        ] GC(551) Humongous regions: 33->33
[4486.391s][info][gc,metaspace   ] GC(551) Metaspace: 29995K(30144K)->29995K(30144K) NonClass: 29995K(30144K)->29995K(30144K) Class: 0K(0K)->0K(0K)
[4486.391s][info][gc             ] GC(551) Pause Young (Normal) (G1 Evacuation Pause) 6817M->2297M(8192M) 144.376ms
[4486.391s][info][gc,cpu         ] GC(551) User=1.14s Sys=0.00s Real=0.15s
......[4491.519s][info][gc,start       ] GC(552) Pause Young (Normal) (G1 Evacuation Pause)
[4491.519s][info][gc,task        ] GC(552) Using 8 workers of 8 for evacuation
[4491.665s][info][gc,phases      ] GC(552)   Pre Evacuate Collection Set: 0.27ms
[4491.665s][info][gc,phases      ] GC(552)   Merge Heap Roots: 0.51ms
[4491.665s][info][gc,phases      ] GC(552)   Evacuate Collection Set: 144.44ms
[4491.665s][info][gc,phases      ] GC(552)   Post Evacuate Collection Set: 1.07ms
[4491.665s][info][gc,phases      ] GC(552)   Other: 0.07ms
[4491.665s][info][gc,heap        ] GC(552) Eden regions: 572->0(572)
[4491.665s][info][gc,heap        ] GC(552) Survivor regions: 42->42(77)
[4491.665s][info][gc,heap        ] GC(552) Old regions: 214->221
[4491.665s][info][gc,heap        ] GC(552) Humongous regions: 33->33
[4491.665s][info][gc,metaspace   ] GC(552) Metaspace: 29995K(30144K)->29995K(30144K) NonClass: 29995K(30144K)->29995K(30144K) Class: 0K(0K)->0K(0K)
[4491.665s][info][gc             ] GC(552) Pause Young (Normal) (G1 Evacuation Pause) 6873M->2354M(8192M) 146.493ms
[4491.665s][info][gc,cpu         ] GC(552) User=1.16s Sys=0.00s Real=0.15s
.....[4496.711s][info][gc,start       ] GC(553) Pause Young (Normal) (G1 Evacuation Pause)
[4496.711s][info][gc,task        ] GC(553) Using 8 workers of 8 for evacuation
[4496.856s][info][gc,phases      ] GC(553)   Pre Evacuate Collection Set: 0.25ms
[4496.856s][info][gc,phases      ] GC(553)   Merge Heap Roots: 0.52ms
[4496.856s][info][gc,phases      ] GC(553)   Evacuate Collection Set: 143.34ms
[4496.856s][info][gc,phases      ] GC(553)   Post Evacuate Collection Set: 1.02ms
[4496.856s][info][gc,phases      ] GC(553)   Other: 0.07ms
[4496.856s][info][gc,heap        ] GC(553) Eden regions: 572->0(571)
[4496.856s][info][gc,heap        ] GC(553) Survivor regions: 42->43(77)
[4496.856s][info][gc,heap        ] GC(553) Old regions: 221->228
[4496.856s][info][gc,heap        ] GC(553) Humongous regions: 33->33
[4496.856s][info][gc,metaspace   ] GC(553) Metaspace: 29995K(30144K)->29995K(30144K) NonClass: 29995K(30144K)->29995K(30144K) Class: 0K(0K)->0K(0K)
[4496.856s][info][gc             ] GC(553) Pause Young (Normal) (G1 Evacuation Pause) 6930M->2415M(8192M) 145.324ms
[4496.856s][info][gc,cpu         ] GC(553) User=1.15s Sys=0.00s Real=0.14s
.....[4502.046s][info][gc,start       ] GC(554) Pause Young (Normal) (G1 Evacuation Pause)
[4502.046s][info][gc,task        ] GC(554) Using 8 workers of 8 for evacuation
[4502.192s][info][gc,phases      ] GC(554)   Pre Evacuate Collection Set: 0.28ms
[4502.192s][info][gc,phases      ] GC(554)   Merge Heap Roots: 0.51ms
[4502.192s][info][gc,phases      ] GC(554)   Evacuate Collection Set: 144.12ms
[4502.192s][info][gc,phases      ] GC(554)   Post Evacuate Collection Set: 1.04ms
[4502.192s][info][gc,phases      ] GC(554)   Other: 0.06ms
[4502.192s][info][gc,heap        ] GC(554) Eden regions: 571->0(571)
[4502.192s][info][gc,heap        ] GC(554) Survivor regions: 43->43(77)
[4502.192s][info][gc,heap        ] GC(554) Old regions: 228->235
[4502.192s][info][gc,heap        ] GC(554) Humongous regions: 33->33
[4502.192s][info][gc,metaspace   ] GC(554) Metaspace: 29995K(30144K)->29995K(30144K) NonClass: 29995K(30144K)->29995K(30144K) Class: 0K(0K)->0K(0K)
[4502.192s][info][gc             ] GC(554) Pause Young (Normal) (G1 Evacuation Pause) 6983M->2475M(8192M) 146.171ms
[4502.192s][info][gc,cpu         ] GC(554) User=1.16s Sys=0.00s Real=0.15s
.. (rIR:aIR:PR = 7334:7333:7334) (tPR = 108502) [OK] 
  4503s: Performance info:
         Transaction,    Success,    Partial,     Failed,   Receipts, AvgBarcode, 
             Overall,     440249,          0,          0,     418197,      59.48, 
         Response times:
             Request,    Success,    Partial,     Failed,   SkipFail,     Probes,    Samples,      min,      p50,      p90,      p95,      p99,      max, 
       TotalPurchase,     418167,          0,          0,          0,     360122,     385890,      400,     4900,     9400,    18300,    79000,   346000,
     InStorePurchase,     219679,          0,          0,          0,     189351,     202751,      400,     4700,     9300,    17900,    78000,   346000,
      OnlinePurchase,     154352,          0,          0,          0,     132463,     141843,      400,     5100,     9500,    19000,    81000,   346000,
        InstPurchase,      44136,          0,          0,          0,      38308,      41296,      500,     4800,     9400,    18300,    78000,   344000,
          AssocOfCat,        441,          0,          0,          0,        361,        465,    28000,    37000,    54000,    64700,   148000,   200000,
      AssocOfProduct,       4405,          0,          0,          0,       4166,       4683,      600,     5300,     9100,    26000,    86000,   160000,
      BusinessReport,       1099,          0,          0,          0,        966,       1157,    28000,    39000,    64000,    93100,   150420,   234000,
          CustBuyBeh,       4412,          0,          0,          0,       4116,       4564,      300,     5100,     9400,    24000,    82000,   167000,
       ProductReturn,      11685,          0,          0,          0,       9952,      10911,      200,     4800,     8900,    18140,    82000,   346000,

  4503s: (54%)   IR =   7472 ...[4507.182s][info][gc,start       ] GC(555) Pause Young (Normal) (G1 Evacuation Pause)
[4507.182s][info][gc,task        ] GC(555) Using 8 workers of 8 for evacuation
[4507.330s][info][gc,phases      ] GC(555)   Pre Evacuate Collection Set: 0.25ms
[4507.330s][info][gc,phases      ] GC(555)   Merge Heap Roots: 0.57ms
[4507.330s][info][gc,phases      ] GC(555)   Evacuate Collection Set: 145.87ms
[4507.330s][info][gc,phases      ] GC(555)   Post Evacuate Collection Set: 1.03ms
[4507.330s][info][gc,phases      ] GC(555)   Other: 0.08ms
[4507.330s][info][gc,heap        ] GC(555) Eden regions: 571->0(571)
[4507.330s][info][gc,heap        ] GC(555) Survivor regions: 43->43(77)
[4507.330s][info][gc,heap        ] GC(555) Old regions: 235->242
[4507.330s][info][gc,heap        ] GC(555) Humongous regions: 33->33
[4507.330s][info][gc,metaspace   ] GC(555) Metaspace: 29995K(30144K)->29995K(30144K) NonClass: 29995K(30144K)->29995K(30144K) Class: 0K(0K)->0K(0K)
[4507.330s][info][gc             ] GC(555) Pause Young (Normal) (G1 Evacuation Pause) 7043M->2531M(8192M) 147.943ms
[4507.330s][info][gc,cpu         ] GC(555) User=1.16s Sys=0.01s Real=0.15s
...|..[4512.370s][info][gc,start       ] GC(556) Pause Young (Normal) (G1 Evacuation Pause)
[4512.370s][info][gc,task        ] GC(556) Using 8 workers of 8 for evacuation
[4512.522s][info][gc,phases      ] GC(556)   Pre Evacuate Collection Set: 0.26ms
[4512.522s][info][gc,phases      ] GC(556)   Merge Heap Roots: 0.51ms
[4512.522s][info][gc,phases      ] GC(556)   Evacuate Collection Set: 150.79ms
[4512.522s][info][gc,phases      ] GC(556)   Post Evacuate Collection Set: 1.04ms
[4512.522s][info][gc,phases      ] GC(556)   Other: 0.07ms
[4512.522s][info][gc,heap        ] GC(556) Eden regions: 571->0(571)
[4512.522s][info][gc,heap        ] GC(556) Survivor regions: 43->43(77)
[4512.523s][info][gc,heap        ] GC(556) Old regions: 242->250
[4512.523s][info][gc,heap        ] GC(556) Humongous regions: 33->33
[4512.523s][info][gc,metaspace   ] GC(556) Metaspace: 29995K(30144K)->29995K(30144K) NonClass: 29995K(30144K)->29995K(30144K) Class: 0K(0K)->0K(0K)
[4512.523s][info][gc             ] GC(556) Pause Young (Normal) (G1 Evacuation Pause) 7099M->2589M(8192M) 152.816ms
[4512.523s][info][gc,cpu         ] GC(556) User=1.21s Sys=0.00s Real=0.16s
.....[4517.546s][info][gc,start       ] GC(557) Pause Young (Normal) (G1 Evacuation Pause)
[4517.546s][info][gc,task        ] GC(557) Using 8 workers of 8 for evacuation
[4517.691s][info][gc,phases      ] GC(557)   Pre Evacuate Collection Set: 0.26ms
[4517.691s][info][gc,phases      ] GC(557)   Merge Heap Roots: 0.51ms
[4517.691s][info][gc,phases      ] GC(557)   Evacuate Collection Set: 143.45ms
[4517.691s][info][gc,phases      ] GC(557)   Post Evacuate Collection Set: 1.03ms
[4517.691s][info][gc,phases      ] GC(557)   Other: 0.07ms
[4517.691s][info][gc,heap        ] GC(557) Eden regions: 571->0(571)
[4517.691s][info][gc,heap        ] GC(557) Survivor regions: 43->43(77)
[4517.691s][info][gc,heap        ] GC(557) Old regions: 250->257
[4517.691s][info][gc,heap        ] GC(557) Humongous regions: 33->33
[4517.691s][info][gc,metaspace   ] GC(557) Metaspace: 29995K(30144K)->29995K(30144K) NonClass: 29995K(30144K)->29995K(30144K) Class: 0K(0K)->0K(0K)
[4517.691s][info][gc             ] GC(557) Pause Young (Normal) (G1 Evacuation Pause) 7157M->2641M(8192M) 145.459ms
[4517.691s][info][gc,cpu         ] GC(557) User=1.15s Sys=0.00s Real=0.15s
......[4522.732s][info][gc,start       ] GC(558) Pause Young (Normal) (G1 Evacuation Pause)
[4522.732s][info][gc,task        ] GC(558) Using 8 workers of 8 for evacuation
[4522.880s][info][gc,phases      ] GC(558)   Pre Evacuate Collection Set: 0.28ms
[4522.880s][info][gc,phases      ] GC(558)   Merge Heap Roots: 0.51ms
[4522.880s][info][gc,phases      ] GC(558)   Evacuate Collection Set: 145.51ms
[4522.880s][info][gc,phases      ] GC(558)   Post Evacuate Collection Set: 1.03ms
[4522.880s][info][gc,phases      ] GC(558)   Other: 0.06ms
[4522.880s][info][gc,heap        ] GC(558) Eden regions: 571->0(570)
[4522.880s][info][gc,heap        ] GC(558) Survivor regions: 43->44(77)
[4522.880s][info][gc,heap        ] GC(558) Old regions: 257->263
[4522.880s][info][gc,heap        ] GC(558) Humongous regions: 33->33
[4522.880s][info][gc,metaspace   ] GC(558) Metaspace: 29995K(30144K)->29995K(30144K) NonClass: 29995K(30144K)->29995K(30144K) Class: 0K(0K)->0K(0K)
[4522.880s][info][gc             ] GC(558) Pause Young (Normal) (G1 Evacuation Pause) 7209M->2703M(8192M) 147.517ms
[4522.880s][info][gc,cpu         ] GC(558) User=1.17s Sys=0.00s Real=0.15s
.....[4527.804s][info][gc,start       ] GC(559) Pause Young (Normal) (G1 Evacuation Pause)
[4527.804s][info][gc,task        ] GC(559) Using 8 workers of 8 for evacuation
[4527.952s][info][gc,phases      ] GC(559)   Pre Evacuate Collection Set: 0.28ms
[4527.952s][info][gc,phases      ] GC(559)   Merge Heap Roots: 0.53ms
[4527.952s][info][gc,phases      ] GC(559)   Evacuate Collection Set: 146.48ms
[4527.952s][info][gc,phases      ] GC(559)   Post Evacuate Collection Set: 1.03ms
[4527.952s][info][gc,phases      ] GC(559)   Other: 0.06ms
[4527.952s][info][gc,heap        ] GC(559) Eden regions: 570->0(571)
[4527.952s][info][gc,heap        ] GC(559) Survivor regions: 44->43(77)
[4527.952s][info][gc,heap        ] GC(559) Old regions: 263->271
[4527.952s][info][gc,heap        ] GC(559) Humongous regions: 33->33
[4527.952s][info][gc,metaspace   ] GC(559) Metaspace: 29995K(30144K)->29995K(30144K) NonClass: 29995K(30144K)->29995K(30144K) Class: 0K(0K)->0K(0K)
[4527.952s][info][gc             ] GC(559) Pause Young (Normal) (G1 Evacuation Pause) 7263M->2758M(8192M) 148.517ms
[4527.952s][info][gc,cpu         ] GC(559) User=1.18s Sys=0.00s Real=0.15s
.....[4533.012s][info][gc,start       ] GC(560) Pause Young (Normal) (G1 Evacuation Pause)
[4533.012s][info][gc,task        ] GC(560) Using 8 workers of 8 for evacuation
[4533.159s][info][gc,phases      ] GC(560)   Pre Evacuate Collection Set: 0.26ms
[4533.159s][info][gc,phases      ] GC(560)   Merge Heap Roots: 0.61ms
[4533.159s][info][gc,phases      ] GC(560)   Evacuate Collection Set: 145.16ms
[4533.159s][info][gc,phases      ] GC(560)   Post Evacuate Collection Set: 1.06ms
[4533.159s][info][gc,phases      ] GC(560)   Other: 0.06ms
[4533.159s][info][gc,heap        ] GC(560) Eden regions: 571->0(571)
[4533.159s][info][gc,heap        ] GC(560) Survivor regions: 43->43(77)
[4533.159s][info][gc,heap        ] GC(560) Old regions: 271->278
[4533.159s][info][gc,heap        ] GC(560) Humongous regions: 33->33
[4533.159s][info][gc,metaspace   ] GC(560) Metaspace: 29995K(30144K)->29995K(30144K) NonClass: 29995K(30144K)->29995K(30144K) Class: 0K(0K)->0K(0K)
[4533.159s][info][gc             ] GC(560) Pause Young (Normal) (G1 Evacuation Pause) 7326M->2813M(8192M) 147.292ms
[4533.159s][info][gc,cpu         ] GC(560) User=1.17s Sys=0.00s Real=0.14s
.....[4538.166s][info][gc,start       ] GC(561) Pause Young (Normal) (G1 Evacuation Pause)
[4538.166s][info][gc,task        ] GC(561) Using 8 workers of 8 for evacuation
[4538.312s][info][gc,phases      ] GC(561)   Pre Evacuate Collection Set: 0.25ms
[4538.312s][info][gc,phases      ] GC(561)   Merge Heap Roots: 0.53ms
[4538.312s][info][gc,phases      ] GC(561)   Evacuate Collection Set: 144.18ms
[4538.312s][info][gc,phases      ] GC(561)   Post Evacuate Collection Set: 1.03ms
[4538.312s][info][gc,phases      ] GC(561)   Other: 0.06ms
[4538.312s][info][gc,heap        ] GC(561) Eden regions: 571->0(568)
[4538.312s][info][gc,heap        ] GC(561) Survivor regions: 43->43(77)
[4538.312s][info][gc,heap        ] GC(561) Old regions: 278->285
[4538.312s][info][gc,heap        ] GC(561) Humongous regions: 33->33
[4538.312s][info][gc,metaspace   ] GC(561) Metaspace: 29995K(30144K)->29995K(30144K) NonClass: 29995K(30144K)->29995K(30144K) Class: 0K(0K)->0K(0K)
[4538.312s][info][gc             ] GC(561) Pause Young (Normal) (G1 Evacuation Pause) 7381M->2867M(8192M) 146.183ms
[4538.312s][info][gc,cpu         ] GC(561) User=1.16s Sys=0.00s Real=0.15s
.....[4543.295s][info][gc,start       ] GC(562) Pause Young (Normal) (G1 Evacuation Pause)
[4543.295s][info][gc,task        ] GC(562) Using 8 workers of 8 for evacuation
[4543.447s][info][gc,phases      ] GC(562)   Pre Evacuate Collection Set: 0.24ms
[4543.447s][info][gc,phases      ] GC(562)   Merge Heap Roots: 0.51ms
[4543.447s][info][gc,phases      ] GC(562)   Evacuate Collection Set: 149.97ms
[4543.447s][info][gc,phases      ] GC(562)   Post Evacuate Collection Set: 1.02ms
[4543.447s][info][gc,phases      ] GC(562)   Other: 0.06ms
[4543.447s][info][gc,heap        ] GC(562) Eden regions: 568->0(559)
[4543.447s][info][gc,heap        ] GC(562) Survivor regions: 43->44(77)
[4543.447s][info][gc,heap        ] GC(562) Old regions: 285->292
[4543.447s][info][gc,heap        ] GC(562) Humongous regions: 33->33
[4543.447s][info][gc,metaspace   ] GC(562) Metaspace: 29995K(30144K)->29995K(30144K) NonClass: 29995K(30144K)->29995K(30144K) Class: 0K(0K)->0K(0K)
[4543.447s][info][gc             ] GC(562) Pause Young (Normal) (G1 Evacuation Pause) 7411M->2933M(8192M) 151.931ms
[4543.447s][info][gc,cpu         ] GC(562) User=1.21s Sys=0.00s Real=0.15s
.....[4548.404s][info][gc,start       ] GC(563) Pause Young (Normal) (G1 Evacuation Pause)
[4548.404s][info][gc,task        ] GC(563) Using 8 workers of 8 for evacuation
[4548.552s][info][gc,phases      ] GC(563)   Pre Evacuate Collection Set: 0.29ms
[4548.552s][info][gc,phases      ] GC(563)   Merge Heap Roots: 0.63ms
[4548.552s][info][gc,phases      ] GC(563)   Evacuate Collection Set: 146.53ms
[4548.552s][info][gc,phases      ] GC(563)   Post Evacuate Collection Set: 1.02ms
[4548.552s][info][gc,phases      ] GC(563)   Other: 0.08ms
[4548.552s][info][gc,heap        ] GC(563) Eden regions: 559->0(554)
[4548.552s][info][gc,heap        ] GC(563) Survivor regions: 44->43(76)
[4548.552s][info][gc,heap        ] GC(563) Old regions: 292->299
[4548.552s][info][gc,heap        ] GC(563) Humongous regions: 33->33
[4548.552s][info][gc,metaspace   ] GC(563) Metaspace: 29995K(30144K)->29995K(30144K) NonClass: 29995K(30144K)->29995K(30144K) Class: 0K(0K)->0K(0K)
[4548.552s][info][gc             ] GC(563) Pause Young (Normal) (G1 Evacuation Pause) 7405M->2987M(8192M) 148.712ms
[4548.552s][info][gc,cpu         ] GC(563) User=1.18s Sys=0.00s Real=0.15s
.....[4553.374s][info][gc,start       ] GC(564) Pause Young (Normal) (G1 Evacuation Pause)
[4553.375s][info][gc,task        ] GC(564) Using 8 workers of 8 for evacuation
[4553.523s][info][gc,phases      ] GC(564)   Pre Evacuate Collection Set: 0.25ms
[4553.523s][info][gc,phases      ] GC(564)   Merge Heap Roots: 0.52ms
[4553.523s][info][gc,phases      ] GC(564)   Evacuate Collection Set: 146.12ms
[4553.523s][info][gc,phases      ] GC(564)   Post Evacuate Collection Set: 1.03ms
[4553.523s][info][gc,phases      ] GC(564)   Other: 0.07ms
[4553.523s][info][gc,heap        ] GC(564) Eden regions: 554->0(546)
[4553.523s][info][gc,heap        ] GC(564) Survivor regions: 43->43(75)
[4553.523s][info][gc,heap        ] GC(564) Old regions: 299->307
[4553.523s][info][gc,heap        ] GC(564) Humongous regions: 33->33
[4553.523s][info][gc,metaspace   ] GC(564) Metaspace: 29995K(30144K)->29995K(30144K) NonClass: 29995K(30144K)->29995K(30144K) Class: 0K(0K)->0K(0K)
[4553.523s][info][gc             ] GC(564) Pause Young (Normal) (G1 Evacuation Pause) 7419M->3046M(8192M) 148.130ms
[4553.523s][info][gc,cpu         ] GC(564) User=1.17s Sys=0.00s Real=0.15s
.....[4558.304s][info][gc,start       ] GC(565) Pause Young (Normal) (G1 Evacuation Pause)
[4558.305s][info][gc,task        ] GC(565) Using 8 workers of 8 for evacuation
[4558.451s][info][gc,phases      ] GC(565)   Pre Evacuate Collection Set: 0.25ms
[4558.451s][info][gc,phases      ] GC(565)   Merge Heap Roots: 0.53ms
[4558.451s][info][gc,phases      ] GC(565)   Evacuate Collection Set: 144.31ms
[4558.451s][info][gc,phases      ] GC(565)   Post Evacuate Collection Set: 1.01ms
[4558.451s][info][gc,phases      ] GC(565)   Other: 0.06ms
[4558.451s][info][gc,heap        ] GC(565) Eden regions: 546->0(539)
[4558.451s][info][gc,heap        ] GC(565) Survivor regions: 43->43(74)
[4558.451s][info][gc,heap        ] GC(565) Old regions: 307->314
[4558.451s][info][gc,heap        ] GC(565) Humongous regions: 33->33
[4558.451s][info][gc,metaspace   ] GC(565) Metaspace: 29995K(30144K)->29995K(30144K) NonClass: 29995K(30144K)->29995K(30144K) Class: 0K(0K)->0K(0K)
[4558.451s][info][gc             ] GC(565) Pause Young (Normal) (G1 Evacuation Pause) 7414M->3103M(8192M) 146.298ms
[4558.451s][info][gc,cpu         ] GC(565) User=1.15s Sys=0.00s Real=0.15s
.....[4563.197s][info][gc,start       ] GC(566) Pause Young (Concurrent Start) (G1 Evacuation Pause)
[4563.197s][info][gc,task        ] GC(566) Using 8 workers of 8 for evacuation
[4563.339s][info][gc,phases      ] GC(566)   Pre Evacuate Collection Set: 0.29ms
[4563.339s][info][gc,phases      ] GC(566)   Merge Heap Roots: 0.57ms
[4563.339s][info][gc,phases      ] GC(566)   Evacuate Collection Set: 140.11ms
[4563.339s][info][gc,phases      ] GC(566)   Post Evacuate Collection Set: 0.99ms
[4563.339s][info][gc,phases      ] GC(566)   Other: 0.11ms
[4563.339s][info][gc,heap        ] GC(566) Eden regions: 539->0(535)
[4563.339s][info][gc,heap        ] GC(566) Survivor regions: 43->41(73)
[4563.339s][info][gc,heap        ] GC(566) Old regions: 314->322
[4563.339s][info][gc,heap        ] GC(566) Humongous regions: 33->33
[4563.339s][info][gc,metaspace   ] GC(566) Metaspace: 29995K(30144K)->29995K(30144K) NonClass: 29995K(30144K)->29995K(30144K) Class: 0K(0K)->0K(0K)
[4563.339s][info][gc             ] GC(566) Pause Young (Concurrent Start) (G1 Evacuation Pause) 7415M->3150M(8192M) 142.229ms
[4563.339s][info][gc,cpu         ] GC(566) User=1.13s Sys=0.00s Real=0.14s
[4563.339s][info][gc             ] GC(567) Concurrent Mark Cycle
[4563.339s][info][gc,marking     ] GC(567) Concurrent Scan Root Regions
[4563.599s][info][gc,marking     ] GC(567) Concurrent Scan Root Regions 260.324ms
[4563.599s][info][gc,marking     ] GC(567) Concurrent Mark
[4563.599s][info][gc,marking     ] GC(567) Concurrent Mark From Roots
[4563.599s][info][gc,task        ] GC(567) Using 2 workers of 2 for marking
.[4564.429s][info][gc,marking     ] GC(567) Concurrent Mark From Roots 829.328ms
[4564.429s][info][gc,marking     ] GC(567) Concurrent Preclean
[4564.429s][info][gc,marking     ] GC(567) Concurrent Preclean 0.152ms
[4564.429s][info][gc,start       ] GC(567) Pause Remark
[4564.431s][info][gc             ] GC(567) Pause Remark 4211M->3523M(8192M) 2.228ms
[4564.431s][info][gc,cpu         ] GC(567) User=0.02s Sys=0.00s Real=0.01s
[4564.431s][info][gc,marking     ] GC(567) Concurrent Mark 831.996ms
[4564.431s][info][gc,marking     ] GC(567) Concurrent Rebuild Remembered Sets and Scrub Regions
.[4565.000s][info][gc,marking     ] GC(567) Concurrent Rebuild Remembered Sets and Scrub Regions 568.162ms
[4565.000s][info][gc,start       ] GC(567) Pause Cleanup
[4565.000s][info][gc             ] GC(567) Pause Cleanup 4039M->4039M(8192M) 0.319ms
[4565.000s][info][gc,cpu         ] GC(567) User=0.00s Sys=0.00s Real=0.00s
[4565.000s][info][gc,marking     ] GC(567) Concurrent Clear Claimed Marks
[4565.000s][info][gc,marking     ] GC(567) Concurrent Clear Claimed Marks 0.050ms
[4565.000s][info][gc,marking     ] GC(567) Concurrent Cleanup for Next Mark
[4565.009s][info][gc,marking     ] GC(567) Concurrent Cleanup for Next Mark 8.678ms
[4565.009s][info][gc             ] GC(567) Concurrent Mark Cycle 1669.933ms
...[4568.137s][info][gc,start       ] GC(568) Pause Young (Prepare Mixed) (G1 Evacuation Pause)
[4568.137s][info][gc,task        ] GC(568) Using 8 workers of 8 for evacuation
[4568.282s][info][gc,phases      ] GC(568)   Pre Evacuate Collection Set: 0.29ms
[4568.282s][info][gc,phases      ] GC(568)   Merge Heap Roots: 0.71ms
[4568.282s][info][gc,phases      ] GC(568)   Evacuate Collection Set: 142.17ms
[4568.282s][info][gc,phases      ] GC(568)   Post Evacuate Collection Set: 1.09ms
[4568.282s][info][gc,phases      ] GC(568)   Other: 0.07ms
[4568.282s][info][gc,heap        ] GC(568) Eden regions: 535->0(572)
[4568.282s][info][gc,heap        ] GC(568) Survivor regions: 41->42(72)
[4568.282s][info][gc,heap        ] GC(568) Old regions: 236->243
[4568.282s][info][gc,heap        ] GC(568) Humongous regions: 33->33
[4568.282s][info][gc,metaspace   ] GC(568) Metaspace: 29995K(30144K)->29995K(30144K) NonClass: 29995K(30144K)->29995K(30144K) Class: 0K(0K)->0K(0K)
[4568.282s][info][gc             ] GC(568) Pause Young (Prepare Mixed) (G1 Evacuation Pause) 6742M->2526M(8192M) 144.485ms
[4568.282s][info][gc,cpu         ] GC(568) User=1.14s Sys=0.00s Real=0.15s
.. (rIR:aIR:PR = 7472:7438:7438) (tPR = 110120) [OK] 
  4569s: Performance info:
         Transaction,    Success,    Partial,     Failed,   Receipts, AvgBarcode, 
             Overall,     447293,          0,          0,     424865,      59.48, 
         Response times:
             Request,    Success,    Partial,     Failed,   SkipFail,     Probes,    Samples,      min,      p50,      p90,      p95,      p99,      max, 
       TotalPurchase,     424865,          0,          0,          0,     360659,     398880,      400,     5100,    10200,    23000,    80000,   388000,
     InStorePurchase,     223857,          0,          0,          0,     189567,     209511,      400,     5000,    10200,    23000,    80000,   387000,
      OnlinePurchase,     156492,          0,          0,          0,     133219,     147097,      400,     5200,    10200,    23000,    81000,   388000,
        InstPurchase,      44516,          0,          0,          0,      37873,      42272,      500,     4800,    10100,    22000,    80000,   388000,
          AssocOfCat,        449,          0,          0,          0,        373,        509,    28000,    39000,    68000,   107000,   194000,   219000,
      AssocOfProduct,       4486,          0,          0,          0,       4214,       4921,      900,     5600,    10100,    23000,    77000,   223000,
      BusinessReport,       1118,          0,          0,          0,        981,       1213,    28000,    41000,    73000,    94000,   201860,   322000,
          CustBuyBeh,       4473,          0,          0,          0,       4159,       4917,      600,     5300,     9900,    23100,    82000,   387000,
       ProductReturn,      11902,          0,          0,          0,      10235,      11546,      200,     5600,    10200,    24000,    83000,   302000,

  4569s: (55%)   IR =   7610 ...[4573.309s][info][gc,start       ] GC(569) Pause Young (Mixed) (G1 Evacuation Pause)
[4573.309s][info][gc,task        ] GC(569) Using 8 workers of 8 for evacuation
[4573.461s][info][gc,phases      ] GC(569)   Pre Evacuate Collection Set: 0.29ms
[4573.461s][info][gc,phases      ] GC(569)   Merge Heap Roots: 0.86ms
[4573.461s][info][gc,phases      ] GC(569)   Evacuate Collection Set: 149.55ms
[4573.461s][info][gc,phases      ] GC(569)   Post Evacuate Collection Set: 1.22ms
[4573.461s][info][gc,phases      ] GC(569)   Other: 0.08ms
[4573.461s][info][gc,heap        ] GC(569) Eden regions: 572->0(572)
[4573.461s][info][gc,heap        ] GC(569) Survivor regions: 42->42(77)
[4573.461s][info][gc,heap        ] GC(569) Old regions: 243->149
[4573.461s][info][gc,heap        ] GC(569) Humongous regions: 33->33
[4573.461s][info][gc,metaspace   ] GC(569) Metaspace: 29995K(30144K)->29995K(30144K) NonClass: 29995K(30144K)->29995K(30144K) Class: 0K(0K)->0K(0K)
[4573.461s][info][gc             ] GC(569) Pause Young (Mixed) (G1 Evacuation Pause) 7102M->1773M(8192M) 152.122ms
[4573.462s][info][gc,cpu         ] GC(569) User=1.20s Sys=0.00s Real=0.16s
....|.[4578.381s][info][gc,start       ] GC(570) Pause Young (Mixed) (G1 Evacuation Pause)
[4578.381s][info][gc,task        ] GC(570) Using 8 workers of 8 for evacuation
[4578.531s][info][gc,phases      ] GC(570)   Pre Evacuate Collection Set: 0.30ms
[4578.531s][info][gc,phases      ] GC(570)   Merge Heap Roots: 0.69ms
[4578.531s][info][gc,phases      ] GC(570)   Evacuate Collection Set: 147.17ms
[4578.531s][info][gc,phases      ] GC(570)   Post Evacuate Collection Set: 1.10ms
[4578.531s][info][gc,phases      ] GC(570)   Other: 0.07ms
[4578.531s][info][gc,heap        ] GC(570) Eden regions: 572->0(571)
[4578.531s][info][gc,heap        ] GC(570) Survivor regions: 42->43(77)
[4578.531s][info][gc,heap        ] GC(570) Old regions: 149->143
[4578.531s][info][gc,heap        ] GC(570) Humongous regions: 33->33
[4578.531s][info][gc,metaspace   ] GC(570) Metaspace: 29995K(30144K)->29995K(30144K) NonClass: 29995K(30144K)->29995K(30144K) Class: 0K(0K)->0K(0K)
[4578.531s][info][gc             ] GC(570) Pause Young (Mixed) (G1 Evacuation Pause) 6349M->1734M(8192M) 149.456ms
[4578.531s][info][gc,cpu         ] GC(570) User=1.18s Sys=0.00s Real=0.15s
.....[4583.432s][info][gc,start       ] GC(571) Pause Young (Normal) (G1 Evacuation Pause)
[4583.432s][info][gc,task        ] GC(571) Using 8 workers of 8 for evacuation
[4583.577s][info][gc,phases      ] GC(571)   Pre Evacuate Collection Set: 0.25ms
[4583.577s][info][gc,phases      ] GC(571)   Merge Heap Roots: 0.50ms
[4583.577s][info][gc,phases      ] GC(571)   Evacuate Collection Set: 142.79ms
[4583.577s][info][gc,phases      ] GC(571)   Post Evacuate Collection Set: 1.04ms
[4583.577s][info][gc,phases      ] GC(571)   Other: 0.06ms
[4583.577s][info][gc,heap        ] GC(571) Eden regions: 571->0(571)
[4583.577s][info][gc,heap        ] GC(571) Survivor regions: 43->43(77)
[4583.577s][info][gc,heap        ] GC(571) Old regions: 143->150
[4583.577s][info][gc,heap        ] GC(571) Humongous regions: 33->33
[4583.577s][info][gc,metaspace   ] GC(571) Metaspace: 29995K(30144K)->29995K(30144K) NonClass: 29995K(30144K)->29995K(30144K) Class: 0K(0K)->0K(0K)
[4583.577s][info][gc             ] GC(571) Pause Young (Normal) (G1 Evacuation Pause) 6302M->1793M(8192M) 144.780ms
[4583.577s][info][gc,cpu         ] GC(571) User=1.15s Sys=0.00s Real=0.14s
.....[4588.478s][info][gc,start       ] GC(572) Pause Young (Normal) (G1 Evacuation Pause)
[4588.478s][info][gc,task        ] GC(572) Using 8 workers of 8 for evacuation
[4588.623s][info][gc,phases      ] GC(572)   Pre Evacuate Collection Set: 0.26ms
[4588.623s][info][gc,phases      ] GC(572)   Merge Heap Roots: 0.51ms
[4588.623s][info][gc,phases      ] GC(572)   Evacuate Collection Set: 143.89ms
[4588.623s][info][gc,phases      ] GC(572)   Post Evacuate Collection Set: 1.04ms
[4588.623s][info][gc,phases      ] GC(572)   Other: 0.06ms
[4588.624s][info][gc,heap        ] GC(572) Eden regions: 571->0(571)
[4588.624s][info][gc,heap        ] GC(572) Survivor regions: 43->43(77)
[4588.624s][info][gc,heap        ] GC(572) Old regions: 150->157
[4588.624s][info][gc,heap        ] GC(572) Humongous regions: 33->33
[4588.624s][info][gc,metaspace   ] GC(572) Metaspace: 29995K(30144K)->29995K(30144K) NonClass: 29995K(30144K)->29995K(30144K) Class: 0K(0K)->0K(0K)
[4588.624s][info][gc             ] GC(572) Pause Young (Normal) (G1 Evacuation Pause) 6361M->1845M(8192M) 145.877ms
[4588.624s][info][gc,cpu         ] GC(572) User=1.15s Sys=0.00s Real=0.15s
.....[4593.563s][info][gc,start       ] GC(573) Pause Young (Normal) (G1 Evacuation Pause)
[4593.563s][info][gc,task        ] GC(573) Using 8 workers of 8 for evacuation
[4593.708s][info][gc,phases      ] GC(573)   Pre Evacuate Collection Set: 0.24ms
[4593.708s][info][gc,phases      ] GC(573)   Merge Heap Roots: 0.57ms
[4593.708s][info][gc,phases      ] GC(573)   Evacuate Collection Set: 143.52ms
[4593.708s][info][gc,phases      ] GC(573)   Post Evacuate Collection Set: 1.02ms
[4593.708s][info][gc,phases      ] GC(573)   Other: 0.06ms
[4593.708s][info][gc,heap        ] GC(573) Eden regions: 571->0(571)
[4593.708s][info][gc,heap        ] GC(573) Survivor regions: 43->43(77)
[4593.708s][info][gc,heap        ] GC(573) Old regions: 157->164
[4593.708s][info][gc,heap        ] GC(573) Humongous regions: 33->33
[4593.708s][info][gc,metaspace   ] GC(573) Metaspace: 29995K(30144K)->29995K(30144K) NonClass: 29995K(30144K)->29995K(30144K) Class: 0K(0K)->0K(0K)
[4593.708s][info][gc             ] GC(573) Pause Young (Normal) (G1 Evacuation Pause) 6413M->1903M(8192M) 145.541ms
[4593.708s][info][gc,cpu         ] GC(573) User=1.15s Sys=0.01s Real=0.14s
.....[4598.630s][info][gc,start       ] GC(574) Pause Young (Normal) (G1 Evacuation Pause)
[4598.630s][info][gc,task        ] GC(574) Using 8 workers of 8 for evacuation
[4598.778s][info][gc,phases      ] GC(574)   Pre Evacuate Collection Set: 0.25ms
[4598.778s][info][gc,phases      ] GC(574)   Merge Heap Roots: 0.53ms
[4598.778s][info][gc,phases      ] GC(574)   Evacuate Collection Set: 145.58ms
[4598.778s][info][gc,phases      ] GC(574)   Post Evacuate Collection Set: 1.03ms
[4598.778s][info][gc,phases      ] GC(574)   Other: 0.06ms
[4598.778s][info][gc,heap        ] GC(574) Eden regions: 571->0(571)
[4598.778s][info][gc,heap        ] GC(574) Survivor regions: 43->43(77)
[4598.778s][info][gc,heap        ] GC(574) Old regions: 164->171
[4598.778s][info][gc,heap        ] GC(574) Humongous regions: 33->33
[4598.778s][info][gc,metaspace   ] GC(574) Metaspace: 29995K(30144K)->29995K(30144K) NonClass: 29995K(30144K)->29995K(30144K) Class: 0K(0K)->0K(0K)
[4598.778s][info][gc             ] GC(574) Pause Young (Normal) (G1 Evacuation Pause) 6471M->1963M(8192M) 147.577ms
[4598.778s][info][gc,cpu         ] GC(574) User=1.17s Sys=0.00s Real=0.14s
.....[4603.719s][info][gc,start       ] GC(575) Pause Young (Normal) (G1 Evacuation Pause)
[4603.719s][info][gc,task        ] GC(575) Using 8 workers of 8 for evacuation
[4603.867s][info][gc,phases      ] GC(575)   Pre Evacuate Collection Set: 0.24ms
[4603.867s][info][gc,phases      ] GC(575)   Merge Heap Roots: 0.52ms
[4603.867s][info][gc,phases      ] GC(575)   Evacuate Collection Set: 145.32ms
[4603.867s][info][gc,phases      ] GC(575)   Post Evacuate Collection Set: 1.05ms
[4603.867s][info][gc,phases      ] GC(575)   Other: 0.06ms
[4603.867s][info][gc,heap        ] GC(575) Eden regions: 571->0(572)
[4603.867s][info][gc,heap        ] GC(575) Survivor regions: 43->42(77)
[4603.867s][info][gc,heap        ] GC(575) Old regions: 171->178
[4603.867s][info][gc,heap        ] GC(575) Humongous regions: 33->33
[4603.867s][info][gc,metaspace   ] GC(575) Metaspace: 29995K(30144K)->29995K(30144K) NonClass: 29995K(30144K)->29995K(30144K) Class: 0K(0K)->0K(0K)
[4603.867s][info][gc             ] GC(575) Pause Young (Normal) (G1 Evacuation Pause) 6531M->2011M(8192M) 147.325ms
[4603.867s][info][gc,cpu         ] GC(575) User=1.16s Sys=0.00s Real=0.15s
.....[4608.826s][info][gc,start       ] GC(576) Pause Young (Normal) (G1 Evacuation Pause)
[4608.826s][info][gc,task        ] GC(576) Using 8 workers of 8 for evacuation
[4608.980s][info][gc,phases      ] GC(576)   Pre Evacuate Collection Set: 0.25ms
[4608.980s][info][gc,phases      ] GC(576)   Merge Heap Roots: 0.50ms
[4608.980s][info][gc,phases      ] GC(576)   Evacuate Collection Set: 152.28ms
[4608.980s][info][gc,phases      ] GC(576)   Post Evacuate Collection Set: 1.01ms
[4608.980s][info][gc,phases      ] GC(576)   Other: 0.07ms
[4608.980s][info][gc,heap        ] GC(576) Eden regions: 572->0(570)
[4608.980s][info][gc,heap        ] GC(576) Survivor regions: 42->44(77)
[4608.980s][info][gc,heap        ] GC(576) Old regions: 178->186
[4608.980s][info][gc,heap        ] GC(576) Humongous regions: 33->33
[4608.980s][info][gc,metaspace   ] GC(576) Metaspace: 29995K(30144K)->29995K(30144K) NonClass: 29995K(30144K)->29995K(30144K) Class: 0K(0K)->0K(0K)
[4608.980s][info][gc             ] GC(576) Pause Young (Normal) (G1 Evacuation Pause) 6587M->2085M(8192M) 154.253ms
[4608.981s][info][gc,cpu         ] GC(576) User=1.22s Sys=0.00s Real=0.16s
.....[4613.760s][info][gc,start       ] GC(577) Pause Young (Normal) (G1 Evacuation Pause)
[4613.760s][info][gc,task        ] GC(577) Using 8 workers of 8 for evacuation
[4613.908s][info][gc,phases      ] GC(577)   Pre Evacuate Collection Set: 0.26ms
[4613.908s][info][gc,phases      ] GC(577)   Merge Heap Roots: 0.53ms
[4613.908s][info][gc,phases      ] GC(577)   Evacuate Collection Set: 146.30ms
[4613.908s][info][gc,phases      ] GC(577)   Post Evacuate Collection Set: 1.03ms
[4613.908s][info][gc,phases      ] GC(577)   Other: 0.07ms
[4613.908s][info][gc,heap        ] GC(577) Eden regions: 570->0(570)
[4613.908s][info][gc,heap        ] GC(577) Survivor regions: 44->44(77)
[4613.908s][info][gc,heap        ] GC(577) Old regions: 186->194
[4613.908s][info][gc,heap        ] GC(577) Humongous regions: 33->33
[4613.908s][info][gc,metaspace   ] GC(577) Metaspace: 29995K(30144K)->29995K(30144K) NonClass: 29995K(30144K)->29995K(30144K) Class: 0K(0K)->0K(0K)
[4613.908s][info][gc             ] GC(577) Pause Young (Normal) (G1 Evacuation Pause) 6645M->2145M(8192M) 148.340ms
[4613.908s][info][gc,cpu         ] GC(577) User=1.17s Sys=0.00s Real=0.15s
.....[4618.886s][info][gc,start       ] GC(578) Pause Young (Normal) (G1 Evacuation Pause)
[4618.886s][info][gc,task        ] GC(578) Using 8 workers of 8 for evacuation
[4619.035s][info][gc,phases      ] GC(578)   Pre Evacuate Collection Set: 0.29ms
[4619.035s][info][gc,phases      ] GC(578)   Merge Heap Roots: 0.59ms
[4619.035s][info][gc,phases      ] GC(578)   Evacuate Collection Set: 147.23ms
[4619.035s][info][gc,phases      ] GC(578)   Post Evacuate Collection Set: 1.05ms
[4619.035s][info][gc,phases      ] GC(578)   Other: 0.06ms
[4619.035s][info][gc,heap        ] GC(578) Eden regions: 570->0(570)
[4619.035s][info][gc,heap        ] GC(578) Survivor regions: 44->44(77)
[4619.035s][info][gc,heap        ] GC(578) Old regions: 194->201
[4619.035s][info][gc,heap        ] GC(578) Humongous regions: 33->33
[4619.035s][info][gc,metaspace   ] GC(578) Metaspace: 29995K(30144K)->29995K(30144K) NonClass: 29995K(30144K)->29995K(30144K) Class: 0K(0K)->0K(0K)
[4619.035s][info][gc             ] GC(578) Pause Young (Normal) (G1 Evacuation Pause) 6705M->2206M(8192M) 149.367ms
[4619.035s][info][gc,cpu         ] GC(578) User=1.19s Sys=0.00s Real=0.15s
.....[4623.949s][info][gc,start       ] GC(579) Pause Young (Normal) (G1 Evacuation Pause)
[4623.949s][info][gc,task        ] GC(579) Using 8 workers of 8 for evacuation
[4624.099s][info][gc,phases      ] GC(579)   Pre Evacuate Collection Set: 0.28ms
[4624.099s][info][gc,phases      ] GC(579)   Merge Heap Roots: 0.60ms
[4624.099s][info][gc,phases      ] GC(579)   Evacuate Collection Set: 147.49ms
[4624.099s][info][gc,phases      ] GC(579)   Post Evacuate Collection Set: 1.05ms
[4624.099s][info][gc,phases      ] GC(579)   Other: 0.07ms
[4624.099s][info][gc,heap        ] GC(579) Eden regions: 570->0(569)
[4624.099s][info][gc,heap        ] GC(579) Survivor regions: 44->45(77)
[4624.099s][info][gc,heap        ] GC(579) Old regions: 201->208
[4624.099s][info][gc,heap        ] GC(579) Humongous regions: 33->33
[4624.099s][info][gc,metaspace   ] GC(579) Metaspace: 29995K(30144K)->29995K(30144K) NonClass: 29995K(30144K)->29995K(30144K) Class: 0K(0K)->0K(0K)
[4624.099s][info][gc             ] GC(579) Pause Young (Normal) (G1 Evacuation Pause) 6766M->2267M(8192M) 149.626ms
[4624.099s][info][gc,cpu         ] GC(579) User=1.18s Sys=0.00s Real=0.15s
.....[4628.900s][info][gc,start       ] GC(580) Pause Young (Normal) (G1 Evacuation Pause)
[4628.900s][info][gc,task        ] GC(580) Using 8 workers of 8 for evacuation
[4629.048s][info][gc,phases      ] GC(580)   Pre Evacuate Collection Set: 0.27ms
[4629.048s][info][gc,phases      ] GC(580)   Merge Heap Roots: 0.52ms
[4629.048s][info][gc,phases      ] GC(580)   Evacuate Collection Set: 146.13ms
[4629.048s][info][gc,phases      ] GC(580)   Post Evacuate Collection Set: 1.07ms
[4629.048s][info][gc,phases      ] GC(580)   Other: 0.07ms
[4629.048s][info][gc,heap        ] GC(580) Eden regions: 569->0(570)
[4629.048s][info][gc,heap        ] GC(580) Survivor regions: 45->44(77)
[4629.048s][info][gc,heap        ] GC(580) Old regions: 208->215
[4629.048s][info][gc,heap        ] GC(580) Humongous regions: 33->33
[4629.048s][info][gc,metaspace   ] GC(580) Metaspace: 29995K(30144K)->29995K(30144K) NonClass: 29995K(30144K)->29995K(30144K) Class: 0K(0K)->0K(0K)
[4629.048s][info][gc             ] GC(580) Pause Young (Normal) (G1 Evacuation Pause) 6819M->2318M(8192M) 148.196ms
[4629.048s][info][gc,cpu         ] GC(580) User=1.17s Sys=0.00s Real=0.15s
.....[4633.967s][info][gc,start       ] GC(581) Pause Young (Normal) (G1 Evacuation Pause)
[4633.967s][info][gc,task        ] GC(581) Using 8 workers of 8 for evacuation
[4634.121s][info][gc,phases      ] GC(581)   Pre Evacuate Collection Set: 0.28ms
[4634.121s][info][gc,phases      ] GC(581)   Merge Heap Roots: 0.54ms
[4634.121s][info][gc,phases      ] GC(581)   Evacuate Collection Set: 152.09ms
[4634.121s][info][gc,phases      ] GC(581)   Post Evacuate Collection Set: 1.06ms
[4634.121s][info][gc,phases      ] GC(581)   Other: 0.08ms
[4634.121s][info][gc,heap        ] GC(581) Eden regions: 570->0(570)
[4634.121s][info][gc,heap        ] GC(581) Survivor regions: 44->44(77)
[4634.121s][info][gc,heap        ] GC(581) Old regions: 215->222
[4634.121s][info][gc,heap        ] GC(581) Humongous regions: 33->33
[4634.121s][info][gc,metaspace   ] GC(581) Metaspace: 29995K(30144K)->29995K(30144K) NonClass: 29995K(30144K)->29995K(30144K) Class: 0K(0K)->0K(0K)
[4634.121s][info][gc             ] GC(581) Pause Young (Normal) (G1 Evacuation Pause) 6878M->2379M(8192M) 154.183ms
[4634.121s][info][gc,cpu         ] GC(581) User=1.23s Sys=0.00s Real=0.16s
.... (rIR:aIR:PR = 7610:7614:7614) (tPR = 112422) [OK] 
  4636s: Performance info:
         Transaction,    Success,    Partial,     Failed,   Receipts, AvgBarcode, 
             Overall,     459236,          0,          0,     436175,      59.47, 
         Response times:
             Request,    Success,    Partial,     Failed,   SkipFail,     Probes,    Samples,      min,      p50,      p90,      p95,      p99,      max, 
       TotalPurchase,     436175,          0,          0,          0,     359943,     403961,      300,     5100,    10200,    25000,    81000,   379000,
     InStorePurchase,     230280,          0,          0,          0,     189711,     212721,      300,     5000,    10200,    25000,    80000,   378000,
      OnlinePurchase,     159864,          0,          0,          0,     132739,     148935,      300,     5100,    10100,    25000,    82000,   379000,
        InstPurchase,      46031,          0,          0,          0,      37493,      42305,      500,     5500,    10400,    27000,    84000,   378000,
          AssocOfCat,        459,          0,          0,          0,        355,        494,    29000,    38000,    56000,    69500,   179500,   200000,
      AssocOfProduct,       4610,          0,          0,          0,       4321,       5096,      500,     5500,    10800,    23000,    75030,   380000,
      BusinessReport,       1149,          0,          0,          0,       1050,       1306,    26000,    40000,    63000,   103000,   188790,   385000,
          CustBuyBeh,       4591,          0,          0,          0,       4286,       4972,      200,     4900,    10070,    23000,    79270,   206000,
       ProductReturn,      12252,          0,          0,          0,       9271,      10765,      200,     5300,    10300,    30000,    80000,   377000,

  4636s: (56%)   IR =   7749 .[4638.966s][info][gc,start       ] GC(582) Pause Young (Normal) (G1 Evacuation Pause)
[4638.966s][info][gc,task        ] GC(582) Using 8 workers of 8 for evacuation
[4639.115s][info][gc,phases      ] GC(582)   Pre Evacuate Collection Set: 0.29ms
[4639.115s][info][gc,phases      ] GC(582)   Merge Heap Roots: 0.52ms
[4639.115s][info][gc,phases      ] GC(582)   Evacuate Collection Set: 146.71ms
[4639.115s][info][gc,phases      ] GC(582)   Post Evacuate Collection Set: 1.09ms
[4639.115s][info][gc,phases      ] GC(582)   Other: 0.07ms
[4639.115s][info][gc,heap        ] GC(582) Eden regions: 570->0(571)
[4639.115s][info][gc,heap        ] GC(582) Survivor regions: 44->43(77)
[4639.115s][info][gc,heap        ] GC(582) Old regions: 222->230
[4639.115s][info][gc,heap        ] GC(582) Humongous regions: 33->33
[4639.115s][info][gc,metaspace   ] GC(582) Metaspace: 29995K(30144K)->29995K(30144K) NonClass: 29995K(30144K)->29995K(30144K) Class: 0K(0K)->0K(0K)
[4639.115s][info][gc             ] GC(582) Pause Young (Normal) (G1 Evacuation Pause) 6939M->2429M(8192M) 148.794ms
[4639.115s][info][gc,cpu         ] GC(582) User=1.18s Sys=0.00s Real=0.15s
....|.[4643.837s][info][gc,start       ] GC(583) Pause Young (Normal) (G1 Evacuation Pause)
[4643.837s][info][gc,task        ] GC(583) Using 8 workers of 8 for evacuation
[4643.991s][info][gc,phases      ] GC(583)   Pre Evacuate Collection Set: 0.25ms
[4643.991s][info][gc,phases      ] GC(583)   Merge Heap Roots: 0.54ms
[4643.991s][info][gc,phases      ] GC(583)   Evacuate Collection Set: 151.72ms
[4643.991s][info][gc,phases      ] GC(583)   Post Evacuate Collection Set: 1.03ms
[4643.991s][info][gc,phases      ] GC(583)   Other: 0.06ms
[4643.991s][info][gc,heap        ] GC(583) Eden regions: 571->0(569)
[4643.991s][info][gc,heap        ] GC(583) Survivor regions: 43->45(77)
[4643.991s][info][gc,heap        ] GC(583) Old regions: 230->237
[4643.991s][info][gc,heap        ] GC(583) Humongous regions: 33->33
[4643.991s][info][gc,metaspace   ] GC(583) Metaspace: 29995K(30144K)->29995K(30144K) NonClass: 29995K(30144K)->29995K(30144K) Class: 0K(0K)->0K(0K)
[4643.991s][info][gc             ] GC(583) Pause Young (Normal) (G1 Evacuation Pause) 6997M->2501M(8192M) 153.727ms
[4643.991s][info][gc,cpu         ] GC(583) User=1.21s Sys=0.00s Real=0.16s
.....[4648.841s][info][gc,start       ] GC(584) Pause Young (Normal) (G1 Evacuation Pause)
[4648.841s][info][gc,task        ] GC(584) Using 8 workers of 8 for evacuation
[4648.995s][info][gc,phases      ] GC(584)   Pre Evacuate Collection Set: 0.24ms
[4648.995s][info][gc,phases      ] GC(584)   Merge Heap Roots: 0.52ms
[4648.995s][info][gc,phases      ] GC(584)   Evacuate Collection Set: 152.08ms
[4648.995s][info][gc,phases      ] GC(584)   Post Evacuate Collection Set: 1.04ms
[4648.995s][info][gc,phases      ] GC(584)   Other: 0.06ms
[4648.995s][info][gc,heap        ] GC(584) Eden regions: 569->0(571)
[4648.995s][info][gc,heap        ] GC(584) Survivor regions: 45->43(77)
[4648.995s][info][gc,heap        ] GC(584) Old regions: 237->245
[4648.995s][info][gc,heap        ] GC(584) Humongous regions: 33->33
[4648.995s][info][gc,metaspace   ] GC(584) Metaspace: 29995K(30144K)->29995K(30144K) NonClass: 29995K(30144K)->29995K(30144K) Class: 0K(0K)->0K(0K)
[4648.995s][info][gc             ] GC(584) Pause Young (Normal) (G1 Evacuation Pause) 7053M->2549M(8192M) 154.090ms
[4648.995s][info][gc,cpu         ] GC(584) User=1.22s Sys=0.00s Real=0.15s
.....[4653.888s][info][gc,start       ] GC(585) Pause Young (Normal) (G1 Evacuation Pause)
[4653.888s][info][gc,task        ] GC(585) Using 8 workers of 8 for evacuation
[4654.037s][info][gc,phases      ] GC(585)   Pre Evacuate Collection Set: 0.27ms
[4654.037s][info][gc,phases      ] GC(585)   Merge Heap Roots: 0.62ms
[4654.037s][info][gc,phases      ] GC(585)   Evacuate Collection Set: 146.96ms
[4654.037s][info][gc,phases      ] GC(585)   Post Evacuate Collection Set: 1.02ms
[4654.037s][info][gc,phases      ] GC(585)   Other: 0.07ms
[4654.037s][info][gc,heap        ] GC(585) Eden regions: 571->0(570)
[4654.037s][info][gc,heap        ] GC(585) Survivor regions: 43->44(77)
[4654.037s][info][gc,heap        ] GC(585) Old regions: 245->252
[4654.037s][info][gc,heap        ] GC(585) Humongous regions: 33->33
[4654.037s][info][gc,metaspace   ] GC(585) Metaspace: 29995K(30144K)->29995K(30144K) NonClass: 29995K(30144K)->29995K(30144K) Class: 0K(0K)->0K(0K)
[4654.037s][info][gc             ] GC(585) Pause Young (Normal) (G1 Evacuation Pause) 7117M->2611M(8192M) 149.086ms
[4654.037s][info][gc,cpu         ] GC(585) User=1.18s Sys=0.00s Real=0.15s
.....[4658.838s][info][gc,start       ] GC(586) Pause Young (Normal) (G1 Evacuation Pause)
[4658.838s][info][gc,task        ] GC(586) Using 8 workers of 8 for evacuation
[4658.985s][info][gc,phases      ] GC(586)   Pre Evacuate Collection Set: 0.28ms
[4658.985s][info][gc,phases      ] GC(586)   Merge Heap Roots: 0.54ms
[4658.985s][info][gc,phases      ] GC(586)   Evacuate Collection Set: 144.88ms
[4658.985s][info][gc,phases      ] GC(586)   Post Evacuate Collection Set: 1.04ms
[4658.985s][info][gc,phases      ] GC(586)   Other: 0.06ms
[4658.985s][info][gc,heap        ] GC(586) Eden regions: 570->0(570)
[4658.985s][info][gc,heap        ] GC(586) Survivor regions: 44->44(77)
[4658.985s][info][gc,heap        ] GC(586) Old regions: 252->259
[4658.985s][info][gc,heap        ] GC(586) Humongous regions: 33->33
[4658.985s][info][gc,metaspace   ] GC(586) Metaspace: 29995K(30144K)->29995K(30144K) NonClass: 29995K(30144K)->29995K(30144K) Class: 0K(0K)->0K(0K)
[4658.985s][info][gc             ] GC(586) Pause Young (Normal) (G1 Evacuation Pause) 7171M->2667M(8192M) 146.930ms
[4658.985s][info][gc,cpu         ] GC(586) User=1.16s Sys=0.00s Real=0.15s
.....[4663.748s][info][gc,start       ] GC(587) Pause Young (Normal) (G1 Evacuation Pause)
[4663.748s][info][gc,task        ] GC(587) Using 8 workers of 8 for evacuation
[4663.894s][info][gc,phases      ] GC(587)   Pre Evacuate Collection Set: 0.28ms
[4663.894s][info][gc,phases      ] GC(587)   Merge Heap Roots: 0.52ms
[4663.894s][info][gc,phases      ] GC(587)   Evacuate Collection Set: 144.61ms
[4663.894s][info][gc,phases      ] GC(587)   Post Evacuate Collection Set: 1.03ms
[4663.894s][info][gc,phases      ] GC(587)   Other: 0.06ms
[4663.894s][info][gc,heap        ] GC(587) Eden regions: 570->0(570)
[4663.894s][info][gc,heap        ] GC(587) Survivor regions: 44->44(77)
[4663.894s][info][gc,heap        ] GC(587) Old regions: 259->266
[4663.894s][info][gc,heap        ] GC(587) Humongous regions: 33->33
[4663.894s][info][gc,metaspace   ] GC(587) Metaspace: 29995K(30144K)->29995K(30144K) NonClass: 29995K(30144K)->29995K(30144K) Class: 0K(0K)->0K(0K)
[4663.894s][info][gc             ] GC(587) Pause Young (Normal) (G1 Evacuation Pause) 7227M->2726M(8192M) 146.640ms
[4663.895s][info][gc,cpu         ] GC(587) User=1.17s Sys=0.00s Real=0.15s
.....[4668.661s][info][gc,start       ] GC(588) Pause Young (Normal) (G1 Evacuation Pause)
[4668.661s][info][gc,task        ] GC(588) Using 8 workers of 8 for evacuation
[4668.809s][info][gc,phases      ] GC(588)   Pre Evacuate Collection Set: 0.28ms
[4668.809s][info][gc,phases      ] GC(588)   Merge Heap Roots: 0.52ms
[4668.809s][info][gc,phases      ] GC(588)   Evacuate Collection Set: 145.90ms
[4668.809s][info][gc,phases      ] GC(588)   Post Evacuate Collection Set: 1.02ms
[4668.809s][info][gc,phases      ] GC(588)   Other: 0.06ms
[4668.809s][info][gc,heap        ] GC(588) Eden regions: 570->0(571)
[4668.809s][info][gc,heap        ] GC(588) Survivor regions: 44->43(77)
[4668.809s][info][gc,heap        ] GC(588) Old regions: 266->273
[4668.809s][info][gc,heap        ] GC(588) Humongous regions: 33->33
[4668.809s][info][gc,metaspace   ] GC(588) Metaspace: 29995K(30144K)->29995K(30144K) NonClass: 29995K(30144K)->29995K(30144K) Class: 0K(0K)->0K(0K)
[4668.809s][info][gc             ] GC(588) Pause Young (Normal) (G1 Evacuation Pause) 7286M->2779M(8192M) 147.903ms
[4668.809s][info][gc,cpu         ] GC(588) User=1.17s Sys=0.00s Real=0.14s
.....[4673.632s][info][gc,start       ] GC(589) Pause Young (Normal) (G1 Evacuation Pause)
[4673.632s][info][gc,task        ] GC(589) Using 8 workers of 8 for evacuation
[4673.779s][info][gc,phases      ] GC(589)   Pre Evacuate Collection Set: 0.29ms
[4673.779s][info][gc,phases      ] GC(589)   Merge Heap Roots: 0.52ms
[4673.779s][info][gc,phases      ] GC(589)   Evacuate Collection Set: 144.56ms
[4673.779s][info][gc,phases      ] GC(589)   Post Evacuate Collection Set: 1.11ms
[4673.779s][info][gc,phases      ] GC(589)   Other: 0.06ms
[4673.779s][info][gc,heap        ] GC(589) Eden regions: 571->0(571)
[4673.779s][info][gc,heap        ] GC(589) Survivor regions: 43->43(77)
[4673.779s][info][gc,heap        ] GC(589) Old regions: 273->280
[4673.779s][info][gc,heap        ] GC(589) Humongous regions: 33->33
[4673.779s][info][gc,metaspace   ] GC(589) Metaspace: 29995K(30144K)->29995K(30144K) NonClass: 29995K(30144K)->29995K(30144K) Class: 0K(0K)->0K(0K)
[4673.779s][info][gc             ] GC(589) Pause Young (Normal) (G1 Evacuation Pause) 7347M->2831M(8192M) 146.685ms
[4673.779s][info][gc,cpu         ] GC(589) User=1.16s Sys=0.01s Real=0.14s
.....[4678.624s][info][gc,start       ] GC(590) Pause Young (Normal) (G1 Evacuation Pause)
[4678.624s][info][gc,task        ] GC(590) Using 8 workers of 8 for evacuation
[4678.774s][info][gc,phases      ] GC(590)   Pre Evacuate Collection Set: 0.26ms
[4678.774s][info][gc,phases      ] GC(590)   Merge Heap Roots: 0.52ms
[4678.774s][info][gc,phases      ] GC(590)   Evacuate Collection Set: 148.29ms
[4678.774s][info][gc,phases      ] GC(590)   Post Evacuate Collection Set: 1.09ms
[4678.774s][info][gc,phases      ] GC(590)   Other: 0.06ms
[4678.774s][info][gc,heap        ] GC(590) Eden regions: 571->0(563)
[4678.774s][info][gc,heap        ] GC(590) Survivor regions: 43->44(77)
[4678.774s][info][gc,heap        ] GC(590) Old regions: 280->288
[4678.774s][info][gc,heap        ] GC(590) Humongous regions: 33->33
[4678.774s][info][gc,metaspace   ] GC(590) Metaspace: 29995K(30144K)->29995K(30144K) NonClass: 29995K(30144K)->29995K(30144K) Class: 0K(0K)->0K(0K)
[4678.774s][info][gc             ] GC(590) Pause Young (Normal) (G1 Evacuation Pause) 7399M->2903M(8192M) 150.363ms
[4678.774s][info][gc,cpu         ] GC(590) User=1.19s Sys=0.00s Real=0.15s
.....[4683.520s][info][gc,start       ] GC(591) Pause Young (Normal) (G1 Evacuation Pause)
[4683.520s][info][gc,task        ] GC(591) Using 8 workers of 8 for evacuation
[4683.670s][info][gc,phases      ] GC(591)   Pre Evacuate Collection Set: 0.26ms
[4683.670s][info][gc,phases      ] GC(591)   Merge Heap Roots: 0.52ms
[4683.670s][info][gc,phases      ] GC(591)   Evacuate Collection Set: 147.83ms
[4683.670s][info][gc,phases      ] GC(591)   Post Evacuate Collection Set: 1.06ms
[4683.670s][info][gc,phases      ] GC(591)   Other: 0.06ms
[4683.670s][info][gc,heap        ] GC(591) Eden regions: 563->0(558)
[4683.670s][info][gc,heap        ] GC(591) Survivor regions: 44->43(76)
[4683.670s][info][gc,heap        ] GC(591) Old regions: 288->295
[4683.670s][info][gc,heap        ] GC(591) Humongous regions: 33->33
[4683.670s][info][gc,metaspace   ] GC(591) Metaspace: 29995K(30144K)->29995K(30144K) NonClass: 29995K(30144K)->29995K(30144K) Class: 0K(0K)->0K(0K)
[4683.670s][info][gc             ] GC(591) Pause Young (Normal) (G1 Evacuation Pause) 7407M->2950M(8192M) 149.890ms
[4683.670s][info][gc,cpu         ] GC(591) User=1.18s Sys=0.00s Real=0.15s
.....[4688.469s][info][gc,start       ] GC(592) Pause Young (Normal) (G1 Evacuation Pause)
[4688.469s][info][gc,task        ] GC(592) Using 8 workers of 8 for evacuation
[4688.616s][info][gc,phases      ] GC(592)   Pre Evacuate Collection Set: 0.25ms
[4688.616s][info][gc,phases      ] GC(592)   Merge Heap Roots: 0.55ms
[4688.616s][info][gc,phases      ] GC(592)   Evacuate Collection Set: 144.90ms
[4688.616s][info][gc,phases      ] GC(592)   Post Evacuate Collection Set: 1.02ms
[4688.616s][info][gc,phases      ] GC(592)   Other: 0.06ms
[4688.616s][info][gc,heap        ] GC(592) Eden regions: 558->0(553)
[4688.616s][info][gc,heap        ] GC(592) Survivor regions: 43->42(76)
[4688.616s][info][gc,heap        ] GC(592) Old regions: 295->302
[4688.616s][info][gc,heap        ] GC(592) Humongous regions: 33->33
[4688.616s][info][gc,metaspace   ] GC(592) Metaspace: 29995K(30144K)->29995K(30144K) NonClass: 29995K(30144K)->29995K(30144K) Class: 0K(0K)->0K(0K)
[4688.616s][info][gc             ] GC(592) Pause Young (Normal) (G1 Evacuation Pause) 7414M->3003M(8192M) 146.899ms
[4688.616s][info][gc,cpu         ] GC(592) User=1.16s Sys=0.00s Real=0.15s
.....[4693.289s][info][gc,start       ] GC(593) Pause Young (Normal) (G1 Evacuation Pause)
[4693.289s][info][gc,task        ] GC(593) Using 8 workers of 8 for evacuation
[4693.433s][info][gc,phases      ] GC(593)   Pre Evacuate Collection Set: 0.25ms
[4693.433s][info][gc,phases      ] GC(593)   Merge Heap Roots: 0.52ms
[4693.433s][info][gc,phases      ] GC(593)   Evacuate Collection Set: 141.71ms
[4693.433s][info][gc,phases      ] GC(593)   Post Evacuate Collection Set: 1.03ms
[4693.433s][info][gc,phases      ] GC(593)   Other: 0.07ms
[4693.433s][info][gc,heap        ] GC(593) Eden regions: 553->0(545)
[4693.433s][info][gc,heap        ] GC(593) Survivor regions: 42->42(75)
[4693.433s][info][gc,heap        ] GC(593) Old regions: 302->310
[4693.433s][info][gc,heap        ] GC(593) Humongous regions: 33->33
[4693.433s][info][gc,metaspace   ] GC(593) Metaspace: 29995K(30144K)->29995K(30144K) NonClass: 29995K(30144K)->29995K(30144K) Class: 0K(0K)->0K(0K)
[4693.433s][info][gc             ] GC(593) Pause Young (Normal) (G1 Evacuation Pause) 7427M->3058M(8192M) 143.696ms
[4693.433s][info][gc,cpu         ] GC(593) User=1.13s Sys=0.00s Real=0.15s
....[4698.017s][info][gc,start       ] GC(594) Pause Young (Concurrent Start) (G1 Evacuation Pause)
[4698.017s][info][gc,task        ] GC(594) Using 8 workers of 8 for evacuation
[4698.163s][info][gc,phases      ] GC(594)   Pre Evacuate Collection Set: 0.28ms
[4698.163s][info][gc,phases      ] GC(594)   Merge Heap Roots: 0.52ms
[4698.163s][info][gc,phases      ] GC(594)   Evacuate Collection Set: 144.15ms
[4698.163s][info][gc,phases      ] GC(594)   Post Evacuate Collection Set: 0.99ms
[4698.163s][info][gc,phases      ] GC(594)   Other: 0.08ms
[4698.163s][info][gc,heap        ] GC(594) Eden regions: 545->0(536)
[4698.163s][info][gc,heap        ] GC(594) Survivor regions: 42->43(74)
[4698.163s][info][gc,heap        ] GC(594) Old regions: 310->317
[4698.163s][info][gc,heap        ] GC(594) Humongous regions: 33->33
[4698.163s][info][gc,metaspace   ] GC(594) Metaspace: 29995K(30144K)->29995K(30144K) NonClass: 29995K(30144K)->29995K(30144K) Class: 0K(0K)->0K(0K)
[4698.163s][info][gc             ] GC(594) Pause Young (Concurrent Start) (G1 Evacuation Pause) 7418M->3125M(8192M) 146.154ms
[4698.163s][info][gc             ] GC(595) Concurrent Mark Cycle
[4698.163s][info][gc,marking     ] GC(595) Concurrent Scan Root Regions
[4698.163s][info][gc,cpu         ] GC(594) User=1.15s Sys=0.01s Real=0.15s
.[4698.442s][info][gc,marking     ] GC(595) Concurrent Scan Root Regions 279.105ms
[4698.442s][info][gc,marking     ] GC(595) Concurrent Mark
[4698.442s][info][gc,marking     ] GC(595) Concurrent Mark From Roots
[4698.442s][info][gc,task        ] GC(595) Using 2 workers of 2 for marking
[4699.216s][info][gc,marking     ] GC(595) Concurrent Mark From Roots 773.813ms
[4699.216s][info][gc,marking     ] GC(595) Concurrent Preclean
[4699.216s][info][gc,marking     ] GC(595) Concurrent Preclean 0.107ms
[4699.216s][info][gc,start       ] GC(595) Pause Remark
[4699.218s][info][gc             ] GC(595) Pause Remark 4189M->3517M(8192M) 2.177ms
[4699.219s][info][gc,cpu         ] GC(595) User=0.02s Sys=0.00s Real=0.00s
[4699.219s][info][gc,marking     ] GC(595) Concurrent Mark 776.374ms
[4699.219s][info][gc,marking     ] GC(595) Concurrent Rebuild Remembered Sets and Scrub Regions
.[4699.733s][info][gc,marking     ] GC(595) Concurrent Rebuild Remembered Sets and Scrub Regions 514.872ms
[4699.734s][info][gc,start       ] GC(595) Pause Cleanup
[4699.734s][info][gc             ] GC(595) Pause Cleanup 4010M->4010M(8192M) 0.287ms
[4699.734s][info][gc,cpu         ] GC(595) User=0.00s Sys=0.00s Real=0.00s
[4699.734s][info][gc,marking     ] GC(595) Concurrent Clear Claimed Marks
[4699.734s][info][gc,marking     ] GC(595) Concurrent Clear Claimed Marks 0.046ms
[4699.734s][info][gc,marking     ] GC(595) Concurrent Cleanup for Next Mark
[4699.744s][info][gc,marking     ] GC(595) Concurrent Cleanup for Next Mark 9.785ms
[4699.744s][info][gc             ] GC(595) Concurrent Mark Cycle 1580.890ms
... (rIR:aIR:PR = 7749:7741:7742) (tPR = 115189) [OK] 
  4702s: Performance info:
         Transaction,    Success,    Partial,     Failed,   Receipts, AvgBarcode, 
             Overall,     464738,          0,          0,     441285,      59.47, 
         Response times:
             Request,    Success,    Partial,     Failed,   SkipFail,     Probes,    Samples,      min,      p50,      p90,      p95,      p99,      max, 
       TotalPurchase,     441250,          0,          0,          0,     361406,     393019,      300,     5000,    10700,    27000,    81000,   349000,
     InStorePurchase,     232020,          0,          0,          0,     190006,     206518,      300,     5100,    10600,    27000,    81000,   349000,
      OnlinePurchase,     162531,          0,          0,          0,     132929,     144325,      300,     5000,    10700,    28000,    80000,   348000,
        InstPurchase,      46699,          0,          0,          0,      38471,      42176,      500,     5100,    10600,    28000,    82000,   349000,
          AssocOfCat,        466,          0,          0,          0,        376,        528,    28000,    40000,    68000,    87650,   200810,   376000,
      AssocOfProduct,       4661,          0,          0,          0,       4396,       5006,      900,     5500,    10500,    33000,    82000,   174000,
      BusinessReport,       1154,          0,          0,          0,        995,       1199,    27000,    41000,    66000,   100000,   145000,   229000,
          CustBuyBeh,       4668,          0,          0,          0,       4381,       5021,      200,     4300,     9400,    32000,    81000,   320000,
       ProductReturn,      12483,          0,          0,          0,       9581,      10681,      200,     4800,    10100,    28000,    79000,   191000,

  4702s: (57%)   IR =   7887 [4702.707s][info][gc,start       ] GC(596) Pause Young (Prepare Mixed) (G1 Evacuation Pause)
[4702.707s][info][gc,task        ] GC(596) Using 8 workers of 8 for evacuation
[4702.856s][info][gc,phases      ] GC(596)   Pre Evacuate Collection Set: 0.24ms
[4702.856s][info][gc,phases      ] GC(596)   Merge Heap Roots: 0.67ms
[4702.856s][info][gc,phases      ] GC(596)   Evacuate Collection Set: 146.21ms
[4702.856s][info][gc,phases      ] GC(596)   Post Evacuate Collection Set: 1.08ms
[4702.856s][info][gc,phases      ] GC(596)   Other: 0.07ms
[4702.856s][info][gc,heap        ] GC(596) Eden regions: 536->0(572)
[4702.856s][info][gc,heap        ] GC(596) Survivor regions: 43->42(73)
[4702.856s][info][gc,heap        ] GC(596) Old regions: 233->241
[4702.856s][info][gc,heap        ] GC(596) Humongous regions: 33->33
[4702.856s][info][gc,metaspace   ] GC(596) Metaspace: 29995K(30144K)->29995K(30144K) NonClass: 29995K(30144K)->29995K(30144K) Class: 0K(0K)->0K(0K)
[4702.856s][info][gc             ] GC(596) Pause Young (Prepare Mixed) (G1 Evacuation Pause) 6741M->2510M(8192M) 148.429ms
[4702.856s][info][gc,cpu         ] GC(596) User=1.18s Sys=0.00s Real=0.15s
.....[4707.520s][info][gc,start       ] GC(597) Pause Young (Mixed) (G1 Evacuation Pause)
[4707.521s][info][gc,task        ] GC(597) Using 8 workers of 8 for evacuation
[4707.673s][info][gc,phases      ] GC(597)   Pre Evacuate Collection Set: 0.30ms
[4707.673s][info][gc,phases      ] GC(597)   Merge Heap Roots: 0.83ms
[4707.673s][info][gc,phases      ] GC(597)   Evacuate Collection Set: 149.95ms
[4707.673s][info][gc,phases      ] GC(597)   Post Evacuate Collection Set: 1.27ms
[4707.673s][info][gc,phases      ] GC(597)   Other: 0.08ms
[4707.673s][info][gc,heap        ] GC(597) Eden regions: 572->0(572)
[4707.673s][info][gc,heap        ] GC(597) Survivor regions: 42->42(77)
[4707.673s][info][gc,heap        ] GC(597) Old regions: 241->147
[4707.673s][info][gc,heap        ] GC(597) Humongous regions: 33->33
[4707.673s][info][gc,metaspace   ] GC(597) Metaspace: 29995K(30144K)->29995K(30144K) NonClass: 29995K(30144K)->29995K(30144K) Class: 0K(0K)->0K(0K)
[4707.673s][info][gc             ] GC(597) Pause Young (Mixed) (G1 Evacuation Pause) 7086M->1758M(8192M) 152.559ms
[4707.673s][info][gc,cpu         ] GC(597) User=1.21s Sys=0.00s Real=0.15s
.....[4712.433s][info][gc,start       ] GC(598) Pause Young (Mixed) (G1 Evacuation Pause)
[4712.433s][info][gc,task        ] GC(598) Using 8 workers of 8 for evacuation
[4712.582s][info][gc,phases      ] GC(598)   Pre Evacuate Collection Set: 0.26ms
[4712.582s][info][gc,phases      ] GC(598)   Merge Heap Roots: 0.62ms
[4712.582s][info][gc,phases      ] GC(598)   Evacuate Collection Set: 147.51ms
[4712.582s][info][gc,phases      ] GC(598)   Post Evacuate Collection Set: 1.03ms
[4712.582s][info][gc,phases      ] GC(598)   Other: 0.06ms
[4712.582s][info][gc,heap        ] GC(598) Eden regions: 572->0(572)
[4712.583s][info][gc,heap        ] GC(598) Survivor regions: 42->42(77)
[4712.583s][info][gc,heap        ] GC(598) Old regions: 147->143
[4712.583s][info][gc,heap        ] GC(598) Humongous regions: 33->33
[4712.583s][info][gc,metaspace   ] GC(598) Metaspace: 29995K(30144K)->29995K(30144K) NonClass: 29995K(30144K)->29995K(30144K) Class: 0K(0K)->0K(0K)
[4712.583s][info][gc             ] GC(598) Pause Young (Mixed) (G1 Evacuation Pause) 6334M->1731M(8192M) 149.631ms
[4712.583s][info][gc,cpu         ] GC(598) User=1.18s Sys=0.00s Real=0.15s
...|..[4717.366s][info][gc,start       ] GC(599) Pause Young (Normal) (G1 Evacuation Pause)
[4717.366s][info][gc,task        ] GC(599) Using 8 workers of 8 for evacuation
[4717.511s][info][gc,phases      ] GC(599)   Pre Evacuate Collection Set: 0.26ms
[4717.511s][info][gc,phases      ] GC(599)   Merge Heap Roots: 0.50ms
[4717.511s][info][gc,phases      ] GC(599)   Evacuate Collection Set: 143.08ms
[4717.511s][info][gc,phases      ] GC(599)   Post Evacuate Collection Set: 1.04ms
[4717.511s][info][gc,phases      ] GC(599)   Other: 0.06ms
[4717.511s][info][gc,heap        ] GC(599) Eden regions: 572->0(571)
[4717.511s][info][gc,heap        ] GC(599) Survivor regions: 42->43(77)
[4717.511s][info][gc,heap        ] GC(599) Old regions: 143->151
[4717.511s][info][gc,heap        ] GC(599) Humongous regions: 33->33
[4717.511s][info][gc,metaspace   ] GC(599) Metaspace: 29995K(30144K)->29995K(30144K) NonClass: 29995K(30144K)->29995K(30144K) Class: 0K(0K)->0K(0K)
[4717.511s][info][gc             ] GC(599) Pause Young (Normal) (G1 Evacuation Pause) 6307M->1797M(8192M) 145.074ms
[4717.511s][info][gc,cpu         ] GC(599) User=1.15s Sys=0.00s Real=0.15s
....[4722.195s][info][gc,start       ] GC(600) Pause Young (Normal) (G1 Evacuation Pause)
[4722.195s][info][gc,task        ] GC(600) Using 8 workers of 8 for evacuation
[4722.344s][info][gc,phases      ] GC(600)   Pre Evacuate Collection Set: 0.25ms
[4722.344s][info][gc,phases      ] GC(600)   Merge Heap Roots: 0.51ms
[4722.344s][info][gc,phases      ] GC(600)   Evacuate Collection Set: 147.20ms
[4722.344s][info][gc,phases      ] GC(600)   Post Evacuate Collection Set: 1.04ms
[4722.344s][info][gc,phases      ] GC(600)   Other: 0.06ms
[4722.344s][info][gc,heap        ] GC(600) Eden regions: 571->0(571)
[4722.344s][info][gc,heap        ] GC(600) Survivor regions: 43->43(77)
[4722.344s][info][gc,heap        ] GC(600) Old regions: 151->158
[4722.344s][info][gc,heap        ] GC(600) Humongous regions: 33->33
[4722.344s][info][gc,metaspace   ] GC(600) Metaspace: 29995K(30144K)->29995K(30144K) NonClass: 29995K(30144K)->29995K(30144K) Class: 0K(0K)->0K(0K)
[4722.344s][info][gc             ] GC(600) Pause Young (Normal) (G1 Evacuation Pause) 6365M->1855M(8192M) 149.207ms
[4722.344s][info][gc,cpu         ] GC(600) User=1.18s Sys=0.00s Real=0.15s
.....[4727.135s][info][gc,start       ] GC(601) Pause Young (Normal) (G1 Evacuation Pause)
[4727.135s][info][gc,task        ] GC(601) Using 8 workers of 8 for evacuation
[4727.283s][info][gc,phases      ] GC(601)   Pre Evacuate Collection Set: 0.27ms
[4727.283s][info][gc,phases      ] GC(601)   Merge Heap Roots: 0.61ms
[4727.283s][info][gc,phases      ] GC(601)   Evacuate Collection Set: 145.70ms
[4727.283s][info][gc,phases      ] GC(601)   Post Evacuate Collection Set: 1.02ms
[4727.283s][info][gc,phases      ] GC(601)   Other: 0.06ms
[4727.283s][info][gc,heap        ] GC(601) Eden regions: 571->0(571)
[4727.283s][info][gc,heap        ] GC(601) Survivor regions: 43->43(77)
[4727.283s][info][gc,heap        ] GC(601) Old regions: 158->165
[4727.283s][info][gc,heap        ] GC(601) Humongous regions: 33->33
[4727.283s][info][gc,metaspace   ] GC(601) Metaspace: 29995K(30144K)->29995K(30144K) NonClass: 29995K(30144K)->29995K(30144K) Class: 0K(0K)->0K(0K)
[4727.283s][info][gc             ] GC(601) Pause Young (Normal) (G1 Evacuation Pause) 6423M->1911M(8192M) 147.806ms
[4727.283s][info][gc,cpu         ] GC(601) User=1.17s Sys=0.00s Real=0.15s
.....[4732.067s][info][gc,start       ] GC(602) Pause Young (Normal) (G1 Evacuation Pause)
[4732.067s][info][gc,task        ] GC(602) Using 8 workers of 8 for evacuation
[4732.218s][info][gc,phases      ] GC(602)   Pre Evacuate Collection Set: 0.27ms
[4732.218s][info][gc,phases      ] GC(602)   Merge Heap Roots: 0.52ms
[4732.218s][info][gc,phases      ] GC(602)   Evacuate Collection Set: 148.98ms
[4732.218s][info][gc,phases      ] GC(602)   Post Evacuate Collection Set: 1.05ms
[4732.218s][info][gc,phases      ] GC(602)   Other: 0.09ms
[4732.218s][info][gc,heap        ] GC(602) Eden regions: 571->0(571)
[4732.218s][info][gc,heap        ] GC(602) Survivor regions: 43->43(77)
[4732.218s][info][gc,heap        ] GC(602) Old regions: 165->172
[4732.218s][info][gc,heap        ] GC(602) Humongous regions: 33->33
[4732.218s][info][gc,metaspace   ] GC(602) Metaspace: 29995K(30144K)->29995K(30144K) NonClass: 29995K(30144K)->29995K(30144K) Class: 0K(0K)->0K(0K)
[4732.218s][info][gc             ] GC(602) Pause Young (Normal) (G1 Evacuation Pause) 6479M->1971M(8192M) 151.042ms
[4732.218s][info][gc,cpu         ] GC(602) User=1.20s Sys=0.00s Real=0.15s
.....[4737.000s][info][gc,start       ] GC(603) Pause Young (Normal) (G1 Evacuation Pause)
[4737.001s][info][gc,task        ] GC(603) Using 8 workers of 8 for evacuation
[4737.151s][info][gc,phases      ] GC(603)   Pre Evacuate Collection Set: 0.26ms
[4737.151s][info][gc,phases      ] GC(603)   Merge Heap Roots: 0.51ms
[4737.151s][info][gc,phases      ] GC(603)   Evacuate Collection Set: 148.78ms
[4737.151s][info][gc,phases      ] GC(603)   Post Evacuate Collection Set: 1.03ms
[4737.151s][info][gc,phases      ] GC(603)   Other: 0.06ms
[4737.151s][info][gc,heap        ] GC(603) Eden regions: 571->0(570)
[4737.151s][info][gc,heap        ] GC(603) Survivor regions: 43->44(77)
[4737.151s][info][gc,heap        ] GC(603) Old regions: 172->179
[4737.151s][info][gc,heap        ] GC(603) Humongous regions: 33->33
[4737.151s][info][gc,metaspace   ] GC(603) Metaspace: 29995K(30144K)->29995K(30144K) NonClass: 29995K(30144K)->29995K(30144K) Class: 0K(0K)->0K(0K)
[4737.151s][info][gc             ] GC(603) Pause Young (Normal) (G1 Evacuation Pause) 6539M->2031M(8192M) 150.774ms
[4737.151s][info][gc,cpu         ] GC(603) User=1.19s Sys=0.01s Real=0.15s
.....[4741.931s][info][gc,start       ] GC(604) Pause Young (Normal) (G1 Evacuation Pause)
[4741.931s][info][gc,task        ] GC(604) Using 8 workers of 8 for evacuation
[4742.078s][info][gc,phases      ] GC(604)   Pre Evacuate Collection Set: 0.30ms
[4742.078s][info][gc,phases      ] GC(604)   Merge Heap Roots: 0.52ms
[4742.078s][info][gc,phases      ] GC(604)   Evacuate Collection Set: 145.44ms
[4742.078s][info][gc,phases      ] GC(604)   Post Evacuate Collection Set: 1.04ms
[4742.078s][info][gc,phases      ] GC(604)   Other: 0.09ms
[4742.078s][info][gc,heap        ] GC(604) Eden regions: 570->0(570)
[4742.078s][info][gc,heap        ] GC(604) Survivor regions: 44->44(77)
[4742.078s][info][gc,heap        ] GC(604) Old regions: 179->186
[4742.078s][info][gc,heap        ] GC(604) Humongous regions: 33->33
[4742.078s][info][gc,metaspace   ] GC(604) Metaspace: 29995K(30144K)->29995K(30144K) NonClass: 29995K(30144K)->29995K(30144K) Class: 0K(0K)->0K(0K)
[4742.078s][info][gc             ] GC(604) Pause Young (Normal) (G1 Evacuation Pause) 6591M->2087M(8192M) 147.523ms
[4742.078s][info][gc,cpu         ] GC(604) User=1.17s Sys=0.00s Real=0.14s
.....[4746.799s][info][gc,start       ] GC(605) Pause Young (Normal) (G1 Evacuation Pause)
[4746.799s][info][gc,task        ] GC(605) Using 8 workers of 8 for evacuation
[4746.947s][info][gc,phases      ] GC(605)   Pre Evacuate Collection Set: 0.25ms
[4746.947s][info][gc,phases      ] GC(605)   Merge Heap Roots: 0.51ms
[4746.947s][info][gc,phases      ] GC(605)   Evacuate Collection Set: 146.25ms
[4746.947s][info][gc,phases      ] GC(605)   Post Evacuate Collection Set: 1.04ms
[4746.947s][info][gc,phases      ] GC(605)   Other: 0.06ms
[4746.947s][info][gc,heap        ] GC(605) Eden regions: 570->0(571)
[4746.947s][info][gc,heap        ] GC(605) Survivor regions: 44->43(77)
[4746.947s][info][gc,heap        ] GC(605) Old regions: 186->194
[4746.947s][info][gc,heap        ] GC(605) Humongous regions: 33->33
[4746.947s][info][gc,metaspace   ] GC(605) Metaspace: 29995K(30144K)->29995K(30144K) NonClass: 29995K(30144K)->29995K(30144K) Class: 0K(0K)->0K(0K)
[4746.947s][info][gc             ] GC(605) Pause Young (Normal) (G1 Evacuation Pause) 6647M->2142M(8192M) 148.248ms
[4746.947s][info][gc,cpu         ] GC(605) User=1.18s Sys=0.00s Real=0.15s
.....[4751.612s][info][gc,start       ] GC(606) Pause Young (Normal) (G1 Evacuation Pause)
[4751.612s][info][gc,task        ] GC(606) Using 8 workers of 8 for evacuation
[4751.759s][info][gc,phases      ] GC(606)   Pre Evacuate Collection Set: 0.25ms
[4751.759s][info][gc,phases      ] GC(606)   Merge Heap Roots: 0.53ms
[4751.759s][info][gc,phases      ] GC(606)   Evacuate Collection Set: 144.40ms
[4751.759s][info][gc,phases      ] GC(606)   Post Evacuate Collection Set: 0.99ms
[4751.759s][info][gc,phases      ] GC(606)   Other: 0.06ms
[4751.759s][info][gc,heap        ] GC(606) Eden regions: 571->0(571)
[4751.759s][info][gc,heap        ] GC(606) Survivor regions: 43->43(77)
[4751.759s][info][gc,heap        ] GC(606) Old regions: 194->201
[4751.759s][info][gc,heap        ] GC(606) Humongous regions: 33->33
[4751.759s][info][gc,metaspace   ] GC(606) Metaspace: 29995K(30144K)->29995K(30144K) NonClass: 29995K(30144K)->29995K(30144K) Class: 0K(0K)->0K(0K)
[4751.759s][info][gc             ] GC(606) Pause Young (Normal) (G1 Evacuation Pause) 6710M->2197M(8192M) 146.354ms
[4751.759s][info][gc,cpu         ] GC(606) User=1.15s Sys=0.00s Real=0.14s
.....[4756.463s][info][gc,start       ] GC(607) Pause Young (Normal) (G1 Evacuation Pause)
[4756.463s][info][gc,task        ] GC(607) Using 8 workers of 8 for evacuation
[4756.616s][info][gc,phases      ] GC(607)   Pre Evacuate Collection Set: 0.25ms
[4756.616s][info][gc,phases      ] GC(607)   Merge Heap Roots: 0.59ms
[4756.616s][info][gc,phases      ] GC(607)   Evacuate Collection Set: 150.22ms
[4756.616s][info][gc,phases      ] GC(607)   Post Evacuate Collection Set: 1.03ms
[4756.616s][info][gc,phases      ] GC(607)   Other: 0.07ms
[4756.616s][info][gc,heap        ] GC(607) Eden regions: 571->0(570)
[4756.616s][info][gc,heap        ] GC(607) Survivor regions: 43->44(77)
[4756.616s][info][gc,heap        ] GC(607) Old regions: 201->208
[4756.616s][info][gc,heap        ] GC(607) Humongous regions: 33->33
[4756.616s][info][gc,metaspace   ] GC(607) Metaspace: 29996K(30144K)->29996K(30144K) NonClass: 29996K(30144K)->29996K(30144K) Class: 0K(0K)->0K(0K)
[4756.616s][info][gc             ] GC(607) Pause Young (Normal) (G1 Evacuation Pause) 6765M->2265M(8192M) 152.305ms
[4756.616s][info][gc,cpu         ] GC(607) User=1.21s Sys=0.00s Real=0.15s
.....[4761.380s][info][gc,start       ] GC(608) Pause Young (Normal) (G1 Evacuation Pause)
[4761.380s][info][gc,task        ] GC(608) Using 8 workers of 8 for evacuation
[4761.526s][info][gc,phases      ] GC(608)   Pre Evacuate Collection Set: 0.26ms
[4761.526s][info][gc,phases      ] GC(608)   Merge Heap Roots: 0.51ms
[4761.526s][info][gc,phases      ] GC(608)   Evacuate Collection Set: 143.82ms
[4761.526s][info][gc,phases      ] GC(608)   Post Evacuate Collection Set: 1.02ms
[4761.526s][info][gc,phases      ] GC(608)   Other: 0.07ms
[4761.526s][info][gc,heap        ] GC(608) Eden regions: 570->0(571)
[4761.526s][info][gc,heap        ] GC(608) Survivor regions: 44->43(77)
[4761.526s][info][gc,heap        ] GC(608) Old regions: 208->215
[4761.526s][info][gc,heap        ] GC(608) Humongous regions: 33->33
[4761.526s][info][gc,metaspace   ] GC(608) Metaspace: 29996K(30144K)->29996K(30144K) NonClass: 29996K(30144K)->29996K(30144K) Class: 0K(0K)->0K(0K)
[4761.526s][info][gc             ] GC(608) Pause Young (Normal) (G1 Evacuation Pause) 6825M->2315M(8192M) 145.806ms
[4761.526s][info][gc,cpu         ] GC(608) User=1.15s Sys=0.00s Real=0.14s
....[4766.236s][info][gc,start       ] GC(609) Pause Young (Normal) (G1 Evacuation Pause)
[4766.236s][info][gc,task        ] GC(609) Using 8 workers of 8 for evacuation
[4766.382s][info][gc,phases      ] GC(609)   Pre Evacuate Collection Set: 0.26ms
[4766.382s][info][gc,phases      ] GC(609)   Merge Heap Roots: 0.54ms
[4766.382s][info][gc,phases      ] GC(609)   Evacuate Collection Set: 144.50ms
[4766.382s][info][gc,phases      ] GC(609)   Post Evacuate Collection Set: 1.04ms
[4766.382s][info][gc,phases      ] GC(609)   Other: 0.06ms
[4766.383s][info][gc,heap        ] GC(609) Eden regions: 571->0(570)
[4766.383s][info][gc,heap        ] GC(609) Survivor regions: 43->44(77)
[4766.383s][info][gc,heap        ] GC(609) Old regions: 215->223
[4766.383s][info][gc,heap        ] GC(609) Humongous regions: 33->33
[4766.383s][info][gc,metaspace   ] GC(609) Metaspace: 29996K(30144K)->29996K(30144K) NonClass: 29996K(30144K)->29996K(30144K) Class: 0K(0K)->0K(0K)
[4766.383s][info][gc             ] GC(609) Pause Young (Normal) (G1 Evacuation Pause) 6883M->2377M(8192M) 146.528ms
[4766.383s][info][gc,cpu         ] GC(609) User=1.16s Sys=0.00s Real=0.15s
.....[4771.185s][info][gc,start       ] GC(610) Pause Young (Normal) (G1 Evacuation Pause)
[4771.185s][info][gc,task        ] GC(610) Using 8 workers of 8 for evacuation
[4771.330s][info][gc,phases      ] GC(610)   Pre Evacuate Collection Set: 0.25ms
[4771.330s][info][gc,phases      ] GC(610)   Merge Heap Roots: 0.52ms
[4771.330s][info][gc,phases      ] GC(610)   Evacuate Collection Set: 142.93ms
[4771.330s][info][gc,phases      ] GC(610)   Post Evacuate Collection Set: 1.03ms
[4771.330s][info][gc,phases      ] GC(610)   Other: 0.06ms
[4771.330s][info][gc,heap        ] GC(610) Eden regions: 570->0(572)
[4771.330s][info][gc,heap        ] GC(610) Survivor regions: 44->42(77)
[4771.330s][info][gc,heap        ] GC(610) Old regions: 223->230
[4771.330s][info][gc,heap        ] GC(610) Humongous regions: 33->33
[4771.330s][info][gc,metaspace   ] GC(610) Metaspace: 29996K(30144K)->29996K(30144K) NonClass: 29996K(30144K)->29996K(30144K) Class: 0K(0K)->0K(0K)
[4771.330s][info][gc             ] GC(610) Pause Young (Normal) (G1 Evacuation Pause) 6937M->2422M(8192M) 144.946ms
[4771.330s][info][gc,cpu         ] GC(610) User=1.15s Sys=0.00s Real=0.15s
..... (rIR:aIR:PR = 7887:7859:7859) (tPR = 116240) [OK] 
  4775s: Performance info:
         Transaction,    Success,    Partial,     Failed,   Receipts, AvgBarcode, 
             Overall,     472101,          0,          0,     448361,      59.48, 
         Response times:
             Request,    Success,    Partial,     Failed,   SkipFail,     Probes,    Samples,      min,      p50,      p90,      p95,      p99,      max, 
       TotalPurchase,     448364,          0,          0,          0,     357867,     438646,      300,     5200,    10600,    17700,    69000,   329000,
     InStorePurchase,     235105,          0,          0,          0,     187816,     230552,      400,     5200,    10400,    17300,    70000,   329000,
      OnlinePurchase,     165639,          0,          0,          0,     132040,     161498,      300,     5200,    10600,    18300,    68000,   328000,
        InstPurchase,      47620,          0,          0,          0,      38011,      46596,      500,     5400,    11100,    18300,    67000,   278000,
          AssocOfCat,        472,          0,          0,          0,        372,        551,    27000,    40000,    61000,    99800,   163520,   206000,
      AssocOfProduct,       4752,          0,          0,          0,       4447,       5690,      500,     5400,    11000,    22000,    72090,   177000,
      BusinessReport,       1182,          0,          0,          0,       1018,       1402,    24000,    42000,    61000,    80700,   159700,   211000,
          CustBuyBeh,       4737,          0,          0,          0,       4495,       5762,      200,     5100,    10800,    16685,    69370,   218000,
       ProductReturn,      12571,          0,          0,          0,       9713,      12243,      200,     4900,    10600,    19900,    64000,   220000,

  4775s: (58%)   IR =   8025 [4776.089s][info][gc,start       ] GC(611) Pause Young (Normal) (G1 Evacuation Pause)
[4776.089s][info][gc,task        ] GC(611) Using 8 workers of 8 for evacuation
[4776.235s][info][gc,phases      ] GC(611)   Pre Evacuate Collection Set: 0.25ms
[4776.235s][info][gc,phases      ] GC(611)   Merge Heap Roots: 0.53ms
[4776.235s][info][gc,phases      ] GC(611)   Evacuate Collection Set: 143.93ms
[4776.235s][info][gc,phases      ] GC(611)   Post Evacuate Collection Set: 1.10ms
[4776.235s][info][gc,phases      ] GC(611)   Other: 0.06ms
[4776.235s][info][gc,heap        ] GC(611) Eden regions: 572->0(572)
[4776.235s][info][gc,heap        ] GC(611) Survivor regions: 42->42(77)
[4776.235s][info][gc,heap        ] GC(611) Old regions: 230->237
[4776.235s][info][gc,heap        ] GC(611) Humongous regions: 33->33
[4776.235s][info][gc,metaspace   ] GC(611) Metaspace: 29996K(30144K)->29996K(30144K) NonClass: 29996K(30144K)->29996K(30144K) Class: 0K(0K)->0K(0K)
[4776.235s][info][gc             ] GC(611) Pause Young (Normal) (G1 Evacuation Pause) 6998M->2475M(8192M) 146.002ms
[4776.235s][info][gc,cpu         ] GC(611) User=1.15s Sys=0.00s Real=0.15s
.....|[4780.924s][info][gc,start       ] GC(612) Pause Young (Normal) (G1 Evacuation Pause)
[4780.924s][info][gc,task        ] GC(612) Using 8 workers of 8 for evacuation
[4781.075s][info][gc,phases      ] GC(612)   Pre Evacuate Collection Set: 0.24ms
[4781.075s][info][gc,phases      ] GC(612)   Merge Heap Roots: 0.51ms
[4781.075s][info][gc,phases      ] GC(612)   Evacuate Collection Set: 149.24ms
[4781.075s][info][gc,phases      ] GC(612)   Post Evacuate Collection Set: 1.06ms
[4781.075s][info][gc,phases      ] GC(612)   Other: 0.07ms
[4781.075s][info][gc,heap        ] GC(612) Eden regions: 572->0(570)
[4781.075s][info][gc,heap        ] GC(612) Survivor regions: 42->44(77)
[4781.075s][info][gc,heap        ] GC(612) Old regions: 237->244
[4781.075s][info][gc,heap        ] GC(612) Humongous regions: 33->33
[4781.075s][info][gc,metaspace   ] GC(612) Metaspace: 29996K(30144K)->29996K(30144K) NonClass: 29996K(30144K)->29996K(30144K) Class: 0K(0K)->0K(0K)
[4781.075s][info][gc             ] GC(612) Pause Young (Normal) (G1 Evacuation Pause) 7051M->2550M(8192M) 151.269ms
[4781.075s][info][gc,cpu         ] GC(612) User=1.20s Sys=0.01s Real=0.15s
.....[4785.717s][info][gc,start       ] GC(613) Pause Young (Normal) (G1 Evacuation Pause)
[4785.717s][info][gc,task        ] GC(613) Using 8 workers of 8 for evacuation
[4785.867s][info][gc,phases      ] GC(613)   Pre Evacuate Collection Set: 0.23ms
[4785.867s][info][gc,phases      ] GC(613)   Merge Heap Roots: 0.56ms
[4785.867s][info][gc,phases      ] GC(613)   Evacuate Collection Set: 148.48ms
[4785.867s][info][gc,phases      ] GC(613)   Post Evacuate Collection Set: 1.03ms
[4785.867s][info][gc,phases      ] GC(613)   Other: 0.06ms
[4785.867s][info][gc,heap        ] GC(613) Eden regions: 570->0(570)
[4785.867s][info][gc,heap        ] GC(613) Survivor regions: 44->44(77)
[4785.867s][info][gc,heap        ] GC(613) Old regions: 244->251
[4785.867s][info][gc,heap        ] GC(613) Humongous regions: 33->33
[4785.867s][info][gc,metaspace   ] GC(613) Metaspace: 29996K(30144K)->29996K(30144K) NonClass: 29996K(30144K)->29996K(30144K) Class: 0K(0K)->0K(0K)
[4785.867s][info][gc             ] GC(613) Pause Young (Normal) (G1 Evacuation Pause) 7110M->2611M(8192M) 150.487ms
[4785.867s][info][gc,cpu         ] GC(613) User=1.19s Sys=0.00s Real=0.15s
.....[4790.537s][info][gc,start       ] GC(614) Pause Young (Normal) (G1 Evacuation Pause)
[4790.537s][info][gc,task        ] GC(614) Using 8 workers of 8 for evacuation
[4790.687s][info][gc,phases      ] GC(614)   Pre Evacuate Collection Set: 0.25ms
[4790.687s][info][gc,phases      ] GC(614)   Merge Heap Roots: 0.53ms
[4790.687s][info][gc,phases      ] GC(614)   Evacuate Collection Set: 147.53ms
[4790.687s][info][gc,phases      ] GC(614)   Post Evacuate Collection Set: 1.06ms
[4790.687s][info][gc,phases      ] GC(614)   Other: 0.06ms
[4790.687s][info][gc,heap        ] GC(614) Eden regions: 570->0(571)
[4790.687s][info][gc,heap        ] GC(614) Survivor regions: 44->43(77)
[4790.687s][info][gc,heap        ] GC(614) Old regions: 251->259
[4790.687s][info][gc,heap        ] GC(614) Humongous regions: 33->33
[4790.687s][info][gc,metaspace   ] GC(614) Metaspace: 29996K(30144K)->29996K(30144K) NonClass: 29996K(30144K)->29996K(30144K) Class: 0K(0K)->0K(0K)
[4790.687s][info][gc             ] GC(614) Pause Young (Normal) (G1 Evacuation Pause) 7171M->2665M(8192M) 149.576ms
[4790.687s][info][gc,cpu         ] GC(614) User=1.18s Sys=0.00s Real=0.15s
....[4795.329s][info][gc,start       ] GC(615) Pause Young (Normal) (G1 Evacuation Pause)
[4795.329s][info][gc,task        ] GC(615) Using 8 workers of 8 for evacuation
[4795.477s][info][gc,phases      ] GC(615)   Pre Evacuate Collection Set: 0.25ms
[4795.477s][info][gc,phases      ] GC(615)   Merge Heap Roots: 0.52ms
[4795.477s][info][gc,phases      ] GC(615)   Evacuate Collection Set: 145.49ms
[4795.477s][info][gc,phases      ] GC(615)   Post Evacuate Collection Set: 1.03ms
[4795.477s][info][gc,phases      ] GC(615)   Other: 0.06ms
[4795.477s][info][gc,heap        ] GC(615) Eden regions: 571->0(570)
[4795.477s][info][gc,heap        ] GC(615) Survivor regions: 43->44(77)
[4795.477s][info][gc,heap        ] GC(615) Old regions: 259->266
[4795.477s][info][gc,heap        ] GC(615) Humongous regions: 33->33
[4795.477s][info][gc,metaspace   ] GC(615) Metaspace: 30005K(30144K)->30005K(30144K) NonClass: 30005K(30144K)->30005K(30144K) Class: 0K(0K)->0K(0K)
[4795.477s][info][gc             ] GC(615) Pause Young (Normal) (G1 Evacuation Pause) 7233M->2727M(8192M) 147.493ms
[4795.477s][info][gc,cpu         ] GC(615) User=1.17s Sys=0.00s Real=0.15s
.....[4800.095s][info][gc,start       ] GC(616) Pause Young (Normal) (G1 Evacuation Pause)
[4800.095s][info][gc,task        ] GC(616) Using 8 workers of 8 for evacuation
[4800.243s][info][gc,phases      ] GC(616)   Pre Evacuate Collection Set: 0.25ms
[4800.243s][info][gc,phases      ] GC(616)   Merge Heap Roots: 0.56ms
[4800.243s][info][gc,phases      ] GC(616)   Evacuate Collection Set: 146.32ms
[4800.243s][info][gc,phases      ] GC(616)   Post Evacuate Collection Set: 1.05ms
[4800.243s][info][gc,phases      ] GC(616)   Other: 0.08ms
[4800.243s][info][gc,heap        ] GC(616) Eden regions: 570->0(571)
[4800.243s][info][gc,heap        ] GC(616) Survivor regions: 44->43(77)
[4800.243s][info][gc,heap        ] GC(616) Old regions: 266->273
[4800.243s][info][gc,heap        ] GC(616) Humongous regions: 33->33
[4800.243s][info][gc,metaspace   ] GC(616) Metaspace: 30005K(30144K)->30005K(30144K) NonClass: 30005K(30144K)->30005K(30144K) Class: 0K(0K)->0K(0K)
[4800.243s][info][gc             ] GC(616) Pause Young (Normal) (G1 Evacuation Pause) 7287M->2778M(8192M) 148.391ms
[4800.243s][info][gc,cpu         ] GC(616) User=1.17s Sys=0.00s Real=0.15s
.....[4804.922s][info][gc,start       ] GC(617) Pause Young (Normal) (G1 Evacuation Pause)
[4804.922s][info][gc,task        ] GC(617) Using 8 workers of 8 for evacuation
[4805.071s][info][gc,phases      ] GC(617)   Pre Evacuate Collection Set: 0.25ms
[4805.071s][info][gc,phases      ] GC(617)   Merge Heap Roots: 0.55ms
[4805.071s][info][gc,phases      ] GC(617)   Evacuate Collection Set: 146.94ms
[4805.071s][info][gc,phases      ] GC(617)   Post Evacuate Collection Set: 1.03ms
[4805.071s][info][gc,phases      ] GC(617)   Other: 0.06ms
[4805.071s][info][gc,heap        ] GC(617) Eden regions: 571->0(570)
[4805.071s][info][gc,heap        ] GC(617) Survivor regions: 43->44(77)
[4805.071s][info][gc,heap        ] GC(617) Old regions: 273->280
[4805.071s][info][gc,heap        ] GC(617) Humongous regions: 33->33
[4805.071s][info][gc,metaspace   ] GC(617) Metaspace: 30005K(30144K)->30005K(30144K) NonClass: 30005K(30144K)->30005K(30144K) Class: 0K(0K)->0K(0K)
[4805.071s][info][gc             ] GC(617) Pause Young (Normal) (G1 Evacuation Pause) 7346M->2837M(8192M) 148.984ms
[4805.071s][info][gc,cpu         ] GC(617) User=1.18s Sys=0.00s Real=0.15s
.....[4809.645s][info][gc,start       ] GC(618) Pause Young (Normal) (G1 Evacuation Pause)
[4809.645s][info][gc,task        ] GC(618) Using 8 workers of 8 for evacuation
[4809.799s][info][gc,phases      ] GC(618)   Pre Evacuate Collection Set: 0.28ms
[4809.799s][info][gc,phases      ] GC(618)   Merge Heap Roots: 0.53ms
[4809.799s][info][gc,phases      ] GC(618)   Evacuate Collection Set: 151.70ms
[4809.799s][info][gc,phases      ] GC(618)   Post Evacuate Collection Set: 1.05ms
[4809.799s][info][gc,phases      ] GC(618)   Other: 0.06ms
[4809.799s][info][gc,heap        ] GC(618) Eden regions: 570->0(564)
[4809.799s][info][gc,heap        ] GC(618) Survivor regions: 44->44(77)
[4809.799s][info][gc,heap        ] GC(618) Old regions: 280->287
[4809.799s][info][gc,heap        ] GC(618) Humongous regions: 33->33
[4809.799s][info][gc,metaspace   ] GC(618) Metaspace: 30005K(30144K)->30005K(30144K) NonClass: 30005K(30144K)->30005K(30144K) Class: 0K(0K)->0K(0K)
[4809.799s][info][gc             ] GC(618) Pause Young (Normal) (G1 Evacuation Pause) 7397M->2899M(8192M) 153.754ms
[4809.799s][info][gc,cpu         ] GC(618) User=1.22s Sys=0.00s Real=0.15s
....[4814.369s][info][gc,start       ] GC(619) Pause Young (Normal) (G1 Evacuation Pause)
[4814.369s][info][gc,task        ] GC(619) Using 8 workers of 8 for evacuation
[4814.518s][info][gc,phases      ] GC(619)   Pre Evacuate Collection Set: 0.25ms
[4814.518s][info][gc,phases      ] GC(619)   Merge Heap Roots: 0.52ms
[4814.518s][info][gc,phases      ] GC(619)   Evacuate Collection Set: 147.71ms
[4814.518s][info][gc,phases      ] GC(619)   Post Evacuate Collection Set: 1.04ms
[4814.518s][info][gc,phases      ] GC(619)   Other: 0.07ms
[4814.518s][info][gc,heap        ] GC(619) Eden regions: 564->0(558)
[4814.518s][info][gc,heap        ] GC(619) Survivor regions: 44->43(76)
[4814.518s][info][gc,heap        ] GC(619) Old regions: 287->295
[4814.518s][info][gc,heap        ] GC(619) Humongous regions: 33->33
[4814.518s][info][gc,metaspace   ] GC(619) Metaspace: 30005K(30144K)->30005K(30144K) NonClass: 30005K(30144K)->30005K(30144K) Class: 0K(0K)->0K(0K)
[4814.518s][info][gc             ] GC(619) Pause Young (Normal) (G1 Evacuation Pause) 7411M->2947M(8192M) 149.746ms
[4814.519s][info][gc,cpu         ] GC(619) User=1.18s Sys=0.00s Real=0.15s
.....[4819.139s][info][gc,start       ] GC(620) Pause Young (Normal) (G1 Evacuation Pause)
[4819.139s][info][gc,task        ] GC(620) Using 8 workers of 8 for evacuation
[4819.283s][info][gc,phases      ] GC(620)   Pre Evacuate Collection Set: 0.26ms
[4819.283s][info][gc,phases      ] GC(620)   Merge Heap Roots: 0.51ms
[4819.283s][info][gc,phases      ] GC(620)   Evacuate Collection Set: 142.12ms
[4819.283s][info][gc,phases      ] GC(620)   Post Evacuate Collection Set: 1.02ms
[4819.283s][info][gc,phases      ] GC(620)   Other: 0.06ms
[4819.283s][info][gc,heap        ] GC(620) Eden regions: 558->0(553)
[4819.283s][info][gc,heap        ] GC(620) Survivor regions: 43->42(76)
[4819.283s][info][gc,heap        ] GC(620) Old regions: 295->302
[4819.283s][info][gc,heap        ] GC(620) Humongous regions: 33->33
[4819.283s][info][gc,metaspace   ] GC(620) Metaspace: 30005K(30144K)->30005K(30144K) NonClass: 30005K(30144K)->30005K(30144K) Class: 0K(0K)->0K(0K)
[4819.283s][info][gc             ] GC(620) Pause Young (Normal) (G1 Evacuation Pause) 7411M->2997M(8192M) 144.089ms
[4819.283s][info][gc,cpu         ] GC(620) User=1.14s Sys=0.00s Real=0.15s
.....[4823.814s][info][gc,start       ] GC(621) Pause Young (Normal) (G1 Evacuation Pause)
[4823.814s][info][gc,task        ] GC(621) Using 8 workers of 8 for evacuation
[4823.963s][info][gc,phases      ] GC(621)   Pre Evacuate Collection Set: 0.25ms
[4823.963s][info][gc,phases      ] GC(621)   Merge Heap Roots: 0.63ms
[4823.963s][info][gc,phases      ] GC(621)   Evacuate Collection Set: 147.19ms
[4823.963s][info][gc,phases      ] GC(621)   Post Evacuate Collection Set: 1.01ms
[4823.963s][info][gc,phases      ] GC(621)   Other: 0.07ms
[4823.963s][info][gc,heap        ] GC(621) Eden regions: 553->0(543)
[4823.963s][info][gc,heap        ] GC(621) Survivor regions: 42->43(75)
[4823.963s][info][gc,heap        ] GC(621) Old regions: 302->310
[4823.963s][info][gc,heap        ] GC(621) Humongous regions: 33->33
[4823.963s][info][gc,metaspace   ] GC(621) Metaspace: 30005K(30144K)->30005K(30144K) NonClass: 30005K(30144K)->30005K(30144K) Class: 0K(0K)->0K(0K)
[4823.963s][info][gc             ] GC(621) Pause Young (Normal) (G1 Evacuation Pause) 7421M->3069M(8192M) 149.277ms
[4823.963s][info][gc,cpu         ] GC(621) User=1.18s Sys=0.01s Real=0.15s
....[4828.320s][info][gc,start       ] GC(622) Pause Young (Concurrent Start) (G1 Evacuation Pause)
[4828.320s][info][gc,task        ] GC(622) Using 8 workers of 8 for evacuation
[4828.464s][info][gc,phases      ] GC(622)   Pre Evacuate Collection Set: 0.31ms
[4828.464s][info][gc,phases      ] GC(622)   Merge Heap Roots: 0.57ms
[4828.464s][info][gc,phases      ] GC(622)   Evacuate Collection Set: 141.63ms
[4828.464s][info][gc,phases      ] GC(622)   Post Evacuate Collection Set: 0.99ms
[4828.464s][info][gc,phases      ] GC(622)   Other: 0.10ms
[4828.464s][info][gc,heap        ] GC(622) Eden regions: 543->0(540)
[4828.464s][info][gc,heap        ] GC(622) Survivor regions: 43->41(74)
[4828.464s][info][gc,heap        ] GC(622) Old regions: 310->317
[4828.464s][info][gc,heap        ] GC(622) Humongous regions: 33->33
[4828.464s][info][gc,metaspace   ] GC(622) Metaspace: 30005K(30144K)->30005K(30144K) NonClass: 30005K(30144K)->30005K(30144K) Class: 0K(0K)->0K(0K)
[4828.464s][info][gc             ] GC(622) Pause Young (Concurrent Start) (G1 Evacuation Pause) 7413M->3110M(8192M) 143.738ms
[4828.464s][info][gc             ] GC(623) Concurrent Mark Cycle
[4828.464s][info][gc,marking     ] GC(623) Concurrent Scan Root Regions
[4828.464s][info][gc,cpu         ] GC(622) User=1.13s Sys=0.00s Real=0.14s
.[4828.761s][info][gc,marking     ] GC(623) Concurrent Scan Root Regions 297.248ms
[4828.761s][info][gc,marking     ] GC(623) Concurrent Mark
[4828.761s][info][gc,marking     ] GC(623) Concurrent Mark From Roots
[4828.761s][info][gc,task        ] GC(623) Using 2 workers of 2 for marking
.[4829.611s][info][gc,marking     ] GC(623) Concurrent Mark From Roots 849.780ms
[4829.611s][info][gc,marking     ] GC(623) Concurrent Preclean
[4829.611s][info][gc,marking     ] GC(623) Concurrent Preclean 0.111ms
[4829.611s][info][gc,start       ] GC(623) Pause Remark
[4829.613s][info][gc             ] GC(623) Pause Remark 4310M->3638M(8192M) 2.342ms
[4829.613s][info][gc,cpu         ] GC(623) User=0.01s Sys=0.00s Real=0.00s
[4829.614s][info][gc,marking     ] GC(623) Concurrent Mark 852.529ms
[4829.614s][info][gc,marking     ] GC(623) Concurrent Rebuild Remembered Sets and Scrub Regions
[4830.147s][info][gc,marking     ] GC(623) Concurrent Rebuild Remembered Sets and Scrub Regions 533.027ms
[4830.147s][info][gc,start       ] GC(623) Pause Cleanup
[4830.147s][info][gc             ] GC(623) Pause Cleanup 4186M->4186M(8192M) 0.250ms
[4830.147s][info][gc,cpu         ] GC(623) User=0.00s Sys=0.00s Real=0.00s
[4830.147s][info][gc,marking     ] GC(623) Concurrent Clear Claimed Marks
[4830.147s][info][gc,marking     ] GC(623) Concurrent Clear Claimed Marks 0.049ms
[4830.147s][info][gc,marking     ] GC(623) Concurrent Cleanup for Next Mark
[4830.156s][info][gc,marking     ] GC(623) Concurrent Cleanup for Next Mark 8.953ms
[4830.156s][info][gc             ] GC(623) Concurrent Mark Cycle 1692.474ms
...[4832.824s][info][gc,start       ] GC(624) Pause Young (Prepare Mixed) (G1 Evacuation Pause)
[4832.824s][info][gc,task        ] GC(624) Using 8 workers of 8 for evacuation
[4832.971s][info][gc,phases      ] GC(624)   Pre Evacuate Collection Set: 0.28ms
[4832.971s][info][gc,phases      ] GC(624)   Merge Heap Roots: 0.70ms
[4832.971s][info][gc,phases      ] GC(624)   Evacuate Collection Set: 145.40ms
[4832.971s][info][gc,phases      ] GC(624)   Post Evacuate Collection Set: 1.09ms
[4832.971s][info][gc,phases      ] GC(624)   Other: 0.06ms
[4832.971s][info][gc,heap        ] GC(624) Eden regions: 540->0(572)
[4832.971s][info][gc,heap        ] GC(624) Survivor regions: 41->42(73)
[4832.971s][info][gc,heap        ] GC(624) Old regions: 233->240
[4832.971s][info][gc,heap        ] GC(624) Humongous regions: 33->33
[4832.971s][info][gc,metaspace   ] GC(624) Metaspace: 30005K(30144K)->30005K(30144K) NonClass: 30005K(30144K)->30005K(30144K) Class: 0K(0K)->0K(0K)
[4832.971s][info][gc             ] GC(624) Pause Young (Prepare Mixed) (G1 Evacuation Pause) 6758M->2506M(8192M) 147.658ms
[4832.971s][info][gc,cpu         ] GC(624) User=1.17s Sys=0.00s Real=0.15s
....[4837.478s][info][gc,start       ] GC(625) Pause Young (Mixed) (G1 Evacuation Pause)
[4837.478s][info][gc,task        ] GC(625) Using 8 workers of 8 for evacuation
[4837.632s][info][gc,phases      ] GC(625)   Pre Evacuate Collection Set: 0.29ms
[4837.632s][info][gc,phases      ] GC(625)   Merge Heap Roots: 0.97ms
[4837.632s][info][gc,phases      ] GC(625)   Evacuate Collection Set: 151.37ms
[4837.632s][info][gc,phases      ] GC(625)   Post Evacuate Collection Set: 1.23ms
[4837.632s][info][gc,phases      ] GC(625)   Other: 0.07ms
[4837.632s][info][gc,heap        ] GC(625) Eden regions: 572->0(572)
[4837.632s][info][gc,heap        ] GC(625) Survivor regions: 42->42(77)
[4837.632s][info][gc,heap        ] GC(625) Old regions: 240->146
[4837.632s][info][gc,heap        ] GC(625) Humongous regions: 33->33
[4837.632s][info][gc,metaspace   ] GC(625) Metaspace: 30005K(30144K)->30005K(30144K) NonClass: 30005K(30144K)->30005K(30144K) Class: 0K(0K)->0K(0K)
[4837.632s][info][gc             ] GC(625) Pause Young (Mixed) (G1 Evacuation Pause) 7082M->1751M(8192M) 154.074ms
[4837.632s][info][gc,cpu         ] GC(625) User=1.21s Sys=0.00s Real=0.16s
.... (rIR:aIR:PR = 8025:8069:8069) (tPR = 119482) [OK] 
  4840s: Performance info:
         Transaction,    Success,    Partial,     Failed,   Receipts, AvgBarcode, 
             Overall,     485520,          0,          0,     461198,      59.48, 
         Response times:
             Request,    Success,    Partial,     Failed,   SkipFail,     Probes,    Samples,      min,      p50,      p90,      p95,      p99,      max, 
       TotalPurchase,     461198,          0,          0,          0,     358789,     392036,      400,     5300,    11700,    30000,    87000,   429000,
     InStorePurchase,     243057,          0,          0,          0,     189022,     206304,      400,     5300,    11600,    30000,    84000,   428000,
      OnlinePurchase,     169871,          0,          0,          0,     132095,     144341,      400,     5300,    11800,    29000,    87000,   429000,
        InstPurchase,      48270,          0,          0,          0,      37672,      41391,      500,     5200,    11700,    31000,    79000,   425000,
          AssocOfCat,        486,          0,          0,          0,        406,        508,    21000,    40000,    59000,    76000,   139000,   192000,
      AssocOfProduct,       4841,          0,          0,          0,       3367,       3826,      600,     5800,    11630,    29000,    85000,   191000,
      BusinessReport,       1211,          0,          0,          0,       1061,       1267,    29000,    43000,    68000,    93000,   208960,   334000,
          CustBuyBeh,       4926,          0,          0,          0,       3369,       3862,      300,     5600,    10900,    38000,    92000,   199000,
       ProductReturn,      12858,          0,          0,          0,       9863,      11008,      400,     5800,    11800,    40000,    90000,   210000,

  4840s: (59%)   IR =   8164 .[4842.178s][info][gc,start       ] GC(626) Pause Young (Mixed) (G1 Evacuation Pause)
[4842.178s][info][gc,task        ] GC(626) Using 8 workers of 8 for evacuation
[4842.329s][info][gc,phases      ] GC(626)   Pre Evacuate Collection Set: 0.25ms
[4842.329s][info][gc,phases      ] GC(626)   Merge Heap Roots: 0.66ms
[4842.329s][info][gc,phases      ] GC(626)   Evacuate Collection Set: 149.27ms
[4842.329s][info][gc,phases      ] GC(626)   Post Evacuate Collection Set: 1.10ms
[4842.329s][info][gc,phases      ] GC(626)   Other: 0.07ms
[4842.329s][info][gc,heap        ] GC(626) Eden regions: 572->0(571)
[4842.329s][info][gc,heap        ] GC(626) Survivor regions: 42->43(77)
[4842.329s][info][gc,heap        ] GC(626) Old regions: 146->143
[4842.329s][info][gc,heap        ] GC(626) Humongous regions: 33->33
[4842.329s][info][gc,metaspace   ] GC(626) Metaspace: 30005K(30144K)->30005K(30144K) NonClass: 30005K(30144K)->30005K(30144K) Class: 0K(0K)->0K(0K)
[4842.329s][info][gc             ] GC(626) Pause Young (Mixed) (G1 Evacuation Pause) 6327M->1732M(8192M) 151.492ms
[4842.330s][info][gc,cpu         ] GC(626) User=1.20s Sys=0.00s Real=0.15s
.....[4846.869s][info][gc,start       ] GC(627) Pause Young (Normal) (G1 Evacuation Pause)
[4846.869s][info][gc,task        ] GC(627) Using 8 workers of 8 for evacuation
[4847.017s][info][gc,phases      ] GC(627)   Pre Evacuate Collection Set: 0.27ms
[4847.017s][info][gc,phases      ] GC(627)   Merge Heap Roots: 0.52ms
[4847.017s][info][gc,phases      ] GC(627)   Evacuate Collection Set: 146.51ms
[4847.017s][info][gc,phases      ] GC(627)   Post Evacuate Collection Set: 1.11ms
[4847.017s][info][gc,phases      ] GC(627)   Other: 0.06ms
[4847.017s][info][gc,heap        ] GC(627) Eden regions: 571->0(571)
[4847.017s][info][gc,heap        ] GC(627) Survivor regions: 43->43(77)
[4847.017s][info][gc,heap        ] GC(627) Old regions: 143->150
[4847.017s][info][gc,heap        ] GC(627) Humongous regions: 33->33
[4847.017s][info][gc,metaspace   ] GC(627) Metaspace: 30005K(30144K)->30005K(30144K) NonClass: 30005K(30144K)->30005K(30144K) Class: 0K(0K)->0K(0K)
[4847.017s][info][gc             ] GC(627) Pause Young (Normal) (G1 Evacuation Pause) 6300M->1795M(8192M) 148.580ms
[4847.017s][info][gc,cpu         ] GC(627) User=1.18s Sys=0.00s Real=0.15s
....[4851.559s][info][gc,start       ] GC(628) Pause Young (Normal) (G1 Evacuation Pause)
[4851.559s][info][gc,task        ] GC(628) Using 8 workers of 8 for evacuation
[4851.706s][info][gc,phases      ] GC(628)   Pre Evacuate Collection Set: 0.25ms
[4851.706s][info][gc,phases      ] GC(628)   Merge Heap Roots: 0.59ms
[4851.706s][info][gc,phases      ] GC(628)   Evacuate Collection Set: 144.39ms
[4851.706s][info][gc,phases      ] GC(628)   Post Evacuate Collection Set: 1.03ms
[4851.706s][info][gc,phases      ] GC(628)   Other: 0.06ms
[4851.706s][info][gc,heap        ] GC(628) Eden regions: 571->0(571)
[4851.706s][info][gc,heap        ] GC(628) Survivor regions: 43->43(77)
[4851.706s][info][gc,heap        ] GC(628) Old regions: 150->158
[4851.706s][info][gc,heap        ] GC(628) Humongous regions: 33->33
[4851.706s][info][gc,metaspace   ] GC(628) Metaspace: 30005K(30144K)->30005K(30144K) NonClass: 30005K(30144K)->30005K(30144K) Class: 0K(0K)->0K(0K)
[4851.706s][info][gc             ] GC(628) Pause Young (Normal) (G1 Evacuation Pause) 6363M->1853M(8192M) 146.479ms
[4851.706s][info][gc,cpu         ] GC(628) User=1.15s Sys=0.00s Real=0.15s
..|...[4856.364s][info][gc,start       ] GC(629) Pause Young (Normal) (G1 Evacuation Pause)
[4856.364s][info][gc,task        ] GC(629) Using 8 workers of 8 for evacuation
[4856.514s][info][gc,phases      ] GC(629)   Pre Evacuate Collection Set: 0.23ms
[4856.514s][info][gc,phases      ] GC(629)   Merge Heap Roots: 0.50ms
[4856.514s][info][gc,phases      ] GC(629)   Evacuate Collection Set: 148.11ms
[4856.514s][info][gc,phases      ] GC(629)   Post Evacuate Collection Set: 1.03ms
[4856.514s][info][gc,phases      ] GC(629)   Other: 0.07ms
[4856.514s][info][gc,heap        ] GC(629) Eden regions: 571->0(570)
[4856.514s][info][gc,heap        ] GC(629) Survivor regions: 43->44(77)
[4856.514s][info][gc,heap        ] GC(629) Old regions: 158->164
[4856.514s][info][gc,heap        ] GC(629) Humongous regions: 33->33
[4856.514s][info][gc,metaspace   ] GC(629) Metaspace: 30005K(30144K)->30005K(30144K) NonClass: 30005K(30144K)->30005K(30144K) Class: 0K(0K)->0K(0K)
[4856.514s][info][gc             ] GC(629) Pause Young (Normal) (G1 Evacuation Pause) 6421M->1911M(8192M) 150.092ms
[4856.514s][info][gc,cpu         ] GC(629) User=1.19s Sys=0.00s Real=0.15s
.....[4861.033s][info][gc,start       ] GC(630) Pause Young (Normal) (G1 Evacuation Pause)
[4861.033s][info][gc,task        ] GC(630) Using 8 workers of 8 for evacuation
[4861.182s][info][gc,phases      ] GC(630)   Pre Evacuate Collection Set: 0.28ms
[4861.182s][info][gc,phases      ] GC(630)   Merge Heap Roots: 0.52ms
[4861.182s][info][gc,phases      ] GC(630)   Evacuate Collection Set: 146.94ms
[4861.182s][info][gc,phases      ] GC(630)   Post Evacuate Collection Set: 1.04ms
[4861.182s][info][gc,phases      ] GC(630)   Other: 0.06ms
[4861.182s][info][gc,heap        ] GC(630) Eden regions: 570->0(570)
[4861.182s][info][gc,heap        ] GC(630) Survivor regions: 44->44(77)
[4861.182s][info][gc,heap        ] GC(630) Old regions: 164->172
[4861.182s][info][gc,heap        ] GC(630) Humongous regions: 33->33
[4861.182s][info][gc,metaspace   ] GC(630) Metaspace: 30007K(30144K)->30007K(30144K) NonClass: 30007K(30144K)->30007K(30144K) Class: 0K(0K)->0K(0K)
[4861.182s][info][gc             ] GC(630) Pause Young (Normal) (G1 Evacuation Pause) 6471M->1969M(8192M) 148.972ms
[4861.182s][info][gc,cpu         ] GC(630) User=1.17s Sys=0.00s Real=0.15s
.....[4865.784s][info][gc,start       ] GC(631) Pause Young (Normal) (G1 Evacuation Pause)
[4865.784s][info][gc,task        ] GC(631) Using 8 workers of 8 for evacuation
[4865.930s][info][gc,phases      ] GC(631)   Pre Evacuate Collection Set: 0.26ms
[4865.930s][info][gc,phases      ] GC(631)   Merge Heap Roots: 0.52ms
[4865.930s][info][gc,phases      ] GC(631)   Evacuate Collection Set: 143.93ms
[4865.930s][info][gc,phases      ] GC(631)   Post Evacuate Collection Set: 1.02ms
[4865.930s][info][gc,phases      ] GC(631)   Other: 0.06ms
[4865.930s][info][gc,heap        ] GC(631) Eden regions: 570->0(571)
[4865.930s][info][gc,heap        ] GC(631) Survivor regions: 44->43(77)
[4865.930s][info][gc,heap        ] GC(631) Old regions: 172->179
[4865.930s][info][gc,heap        ] GC(631) Humongous regions: 33->33
[4865.930s][info][gc,metaspace   ] GC(631) Metaspace: 30007K(30144K)->30007K(30144K) NonClass: 30007K(30144K)->30007K(30144K) Class: 0K(0K)->0K(0K)
[4865.930s][info][gc             ] GC(631) Pause Young (Normal) (G1 Evacuation Pause) 6529M->2018M(8192M) 145.938ms
[4865.930s][info][gc,cpu         ] GC(631) User=1.15s Sys=0.00s Real=0.15s
....[4870.410s][info][gc,start       ] GC(632) Pause Young (Normal) (G1 Evacuation Pause)
[4870.410s][info][gc,task        ] GC(632) Using 8 workers of 8 for evacuation
[4870.557s][info][gc,phases      ] GC(632)   Pre Evacuate Collection Set: 0.27ms
[4870.557s][info][gc,phases      ] GC(632)   Merge Heap Roots: 0.51ms
[4870.557s][info][gc,phases      ] GC(632)   Evacuate Collection Set: 145.10ms
[4870.557s][info][gc,phases      ] GC(632)   Post Evacuate Collection Set: 1.05ms
[4870.557s][info][gc,phases      ] GC(632)   Other: 0.06ms
[4870.557s][info][gc,heap        ] GC(632) Eden regions: 571->0(571)
[4870.557s][info][gc,heap        ] GC(632) Survivor regions: 43->43(77)
[4870.557s][info][gc,heap        ] GC(632) Old regions: 179->185
[4870.557s][info][gc,heap        ] GC(632) Humongous regions: 33->33
[4870.557s][info][gc,metaspace   ] GC(632) Metaspace: 30007K(30144K)->30007K(30144K) NonClass: 30007K(30144K)->30007K(30144K) Class: 0K(0K)->0K(0K)
[4870.557s][info][gc             ] GC(632) Pause Young (Normal) (G1 Evacuation Pause) 6586M->2071M(8192M) 147.118ms
[4870.557s][info][gc,cpu         ] GC(632) User=1.16s Sys=0.01s Real=0.15s
.....[4875.195s][info][gc,start       ] GC(633) Pause Young (Normal) (G1 Evacuation Pause)
[4875.195s][info][gc,task        ] GC(633) Using 8 workers of 8 for evacuation
[4875.341s][info][gc,phases      ] GC(633)   Pre Evacuate Collection Set: 0.22ms
[4875.341s][info][gc,phases      ] GC(633)   Merge Heap Roots: 0.50ms
[4875.341s][info][gc,phases      ] GC(633)   Evacuate Collection Set: 144.27ms
[4875.341s][info][gc,phases      ] GC(633)   Post Evacuate Collection Set: 1.07ms
[4875.341s][info][gc,phases      ] GC(633)   Other: 0.06ms
[4875.341s][info][gc,heap        ] GC(633) Eden regions: 571->0(571)
[4875.341s][info][gc,heap        ] GC(633) Survivor regions: 43->43(77)
[4875.341s][info][gc,heap        ] GC(633) Old regions: 185->192
[4875.341s][info][gc,heap        ] GC(633) Humongous regions: 33->33
[4875.341s][info][gc,metaspace   ] GC(633) Metaspace: 30007K(30144K)->30007K(30144K) NonClass: 30007K(30144K)->30007K(30144K) Class: 0K(0K)->0K(0K)
[4875.341s][info][gc             ] GC(633) Pause Young (Normal) (G1 Evacuation Pause) 6639M->2127M(8192M) 146.244ms
[4875.341s][info][gc,cpu         ] GC(633) User=1.16s Sys=0.01s Real=0.15s
.....[4879.871s][info][gc,start       ] GC(634) Pause Young (Normal) (G1 Evacuation Pause)
[4879.871s][info][gc,task        ] GC(634) Using 8 workers of 8 for evacuation
[4880.026s][info][gc,phases      ] GC(634)   Pre Evacuate Collection Set: 0.24ms
[4880.026s][info][gc,phases      ] GC(634)   Merge Heap Roots: 0.51ms
[4880.026s][info][gc,phases      ] GC(634)   Evacuate Collection Set: 152.83ms
[4880.026s][info][gc,phases      ] GC(634)   Post Evacuate Collection Set: 1.05ms
[4880.026s][info][gc,phases      ] GC(634)   Other: 0.06ms
[4880.026s][info][gc,heap        ] GC(634) Eden regions: 571->0(569)
[4880.026s][info][gc,heap        ] GC(634) Survivor regions: 43->45(77)
[4880.026s][info][gc,heap        ] GC(634) Old regions: 192->200
[4880.026s][info][gc,heap        ] GC(634) Humongous regions: 33->33
[4880.026s][info][gc,metaspace   ] GC(634) Metaspace: 30007K(30144K)->30007K(30144K) NonClass: 30007K(30144K)->30007K(30144K) Class: 0K(0K)->0K(0K)
[4880.026s][info][gc             ] GC(634) Pause Young (Normal) (G1 Evacuation Pause) 6695M->2201M(8192M) 154.824ms
[4880.026s][info][gc,cpu         ] GC(634) User=1.22s Sys=0.00s Real=0.15s
....[4884.546s][info][gc,start       ] GC(635) Pause Young (Normal) (G1 Evacuation Pause)
[4884.546s][info][gc,task        ] GC(635) Using 8 workers of 8 for evacuation
[4884.694s][info][gc,phases      ] GC(635)   Pre Evacuate Collection Set: 0.25ms
[4884.694s][info][gc,phases      ] GC(635)   Merge Heap Roots: 0.51ms
[4884.694s][info][gc,phases      ] GC(635)   Evacuate Collection Set: 145.71ms
[4884.694s][info][gc,phases      ] GC(635)   Post Evacuate Collection Set: 1.04ms
[4884.694s][info][gc,phases      ] GC(635)   Other: 0.07ms
[4884.694s][info][gc,heap        ] GC(635) Eden regions: 569->0(571)
[4884.694s][info][gc,heap        ] GC(635) Survivor regions: 45->43(77)
[4884.694s][info][gc,heap        ] GC(635) Old regions: 200->207
[4884.694s][info][gc,heap        ] GC(635) Humongous regions: 33->33
[4884.694s][info][gc,metaspace   ] GC(635) Metaspace: 30007K(30144K)->30007K(30144K) NonClass: 30007K(30144K)->30007K(30144K) Class: 0K(0K)->0K(0K)
[4884.694s][info][gc             ] GC(635) Pause Young (Normal) (G1 Evacuation Pause) 6753M->2250M(8192M) 147.714ms
[4884.694s][info][gc,cpu         ] GC(635) User=1.17s Sys=0.00s Real=0.15s
.....[4889.288s][info][gc,start       ] GC(636) Pause Young (Normal) (G1 Evacuation Pause)
[4889.288s][info][gc,task        ] GC(636) Using 8 workers of 8 for evacuation
[4889.439s][info][gc,phases      ] GC(636)   Pre Evacuate Collection Set: 0.24ms
[4889.439s][info][gc,phases      ] GC(636)   Merge Heap Roots: 0.50ms
[4889.439s][info][gc,phases      ] GC(636)   Evacuate Collection Set: 149.89ms
[4889.439s][info][gc,phases      ] GC(636)   Post Evacuate Collection Set: 1.06ms
[4889.439s][info][gc,phases      ] GC(636)   Other: 0.07ms
[4889.439s][info][gc,heap        ] GC(636) Eden regions: 571->0(570)
[4889.439s][info][gc,heap        ] GC(636) Survivor regions: 43->44(77)
[4889.439s][info][gc,heap        ] GC(636) Old regions: 207->214
[4889.439s][info][gc,heap        ] GC(636) Humongous regions: 33->33
[4889.439s][info][gc,metaspace   ] GC(636) Metaspace: 30007K(30144K)->30007K(30144K) NonClass: 30007K(30144K)->30007K(30144K) Class: 0K(0K)->0K(0K)
[4889.439s][info][gc             ] GC(636) Pause Young (Normal) (G1 Evacuation Pause) 6818M->2311M(8192M) 151.891ms
[4889.440s][info][gc,cpu         ] GC(636) User=1.19s Sys=0.00s Real=0.15s
.....[4893.965s][info][gc,start       ] GC(637) Pause Young (Normal) (G1 Evacuation Pause)
[4893.965s][info][gc,task        ] GC(637) Using 8 workers of 8 for evacuation
[4894.115s][info][gc,phases      ] GC(637)   Pre Evacuate Collection Set: 0.27ms
[4894.115s][info][gc,phases      ] GC(637)   Merge Heap Roots: 0.51ms
[4894.115s][info][gc,phases      ] GC(637)   Evacuate Collection Set: 148.57ms
[4894.115s][info][gc,phases      ] GC(637)   Post Evacuate Collection Set: 1.06ms
[4894.115s][info][gc,phases      ] GC(637)   Other: 0.06ms
[4894.115s][info][gc,heap        ] GC(637) Eden regions: 570->0(570)
[4894.115s][info][gc,heap        ] GC(637) Survivor regions: 44->44(77)
[4894.115s][info][gc,heap        ] GC(637) Old regions: 214->222
[4894.115s][info][gc,heap        ] GC(637) Humongous regions: 33->33
[4894.115s][info][gc,metaspace   ] GC(637) Metaspace: 30007K(30144K)->30007K(30144K) NonClass: 30007K(30144K)->30007K(30144K) Class: 0K(0K)->0K(0K)
[4894.115s][info][gc             ] GC(637) Pause Young (Normal) (G1 Evacuation Pause) 6871M->2369M(8192M) 150.601ms
[4894.115s][info][gc,cpu         ] GC(637) User=1.19s Sys=0.00s Real=0.15s
....[4898.679s][info][gc,start       ] GC(638) Pause Young (Normal) (G1 Evacuation Pause)
[4898.679s][info][gc,task        ] GC(638) Using 8 workers of 8 for evacuation
[4898.824s][info][gc,phases      ] GC(638)   Pre Evacuate Collection Set: 0.28ms
[4898.824s][info][gc,phases      ] GC(638)   Merge Heap Roots: 0.51ms
[4898.824s][info][gc,phases      ] GC(638)   Evacuate Collection Set: 143.56ms
[4898.824s][info][gc,phases      ] GC(638)   Post Evacuate Collection Set: 1.05ms
[4898.824s][info][gc,phases      ] GC(638)   Other: 0.06ms
[4898.824s][info][gc,heap        ] GC(638) Eden regions: 570->0(571)
[4898.824s][info][gc,heap        ] GC(638) Survivor regions: 44->43(77)
[4898.824s][info][gc,heap        ] GC(638) Old regions: 222->229
[4898.824s][info][gc,heap        ] GC(638) Humongous regions: 33->33
[4898.824s][info][gc,metaspace   ] GC(638) Metaspace: 30007K(30144K)->30007K(30144K) NonClass: 30007K(30144K)->30007K(30144K) Class: 0K(0K)->0K(0K)
[4898.824s][info][gc             ] GC(638) Pause Young (Normal) (G1 Evacuation Pause) 6929M->2422M(8192M) 145.593ms
[4898.824s][info][gc,cpu         ] GC(638) User=1.15s Sys=0.00s Real=0.15s
.....[4903.403s][info][gc,start       ] GC(639) Pause Young (Normal) (G1 Evacuation Pause)
[4903.403s][info][gc,task        ] GC(639) Using 8 workers of 8 for evacuation
[4903.552s][info][gc,phases      ] GC(639)   Pre Evacuate Collection Set: 0.26ms
[4903.552s][info][gc,phases      ] GC(639)   Merge Heap Roots: 0.51ms
[4903.552s][info][gc,phases      ] GC(639)   Evacuate Collection Set: 147.08ms
[4903.552s][info][gc,phases      ] GC(639)   Post Evacuate Collection Set: 1.03ms
[4903.552s][info][gc,phases      ] GC(639)   Other: 0.06ms
[4903.552s][info][gc,heap        ] GC(639) Eden regions: 571->0(570)
[4903.552s][info][gc,heap        ] GC(639) Survivor regions: 43->44(77)
[4903.552s][info][gc,heap        ] GC(639) Old regions: 229->236
[4903.552s][info][gc,heap        ] GC(639) Humongous regions: 33->33
[4903.552s][info][gc,metaspace   ] GC(639) Metaspace: 30007K(30144K)->30007K(30144K) NonClass: 30007K(30144K)->30007K(30144K) Class: 0K(0K)->0K(0K)
[4903.552s][info][gc             ] GC(639) Pause Young (Normal) (G1 Evacuation Pause) 6990M->2483M(8192M) 149.068ms
[4903.552s][info][gc,cpu         ] GC(639) User=1.18s Sys=0.00s Real=0.15s
.....[4908.092s][info][gc,start       ] GC(640) Pause Young (Normal) (G1 Evacuation Pause)
[4908.092s][info][gc,task        ] GC(640) Using 8 workers of 8 for evacuation
[4908.237s][info][gc,phases      ] GC(640)   Pre Evacuate Collection Set: 0.28ms
[4908.237s][info][gc,phases      ] GC(640)   Merge Heap Roots: 0.52ms
[4908.237s][info][gc,phases      ] GC(640)   Evacuate Collection Set: 142.73ms
[4908.237s][info][gc,phases      ] GC(640)   Post Evacuate Collection Set: 1.03ms
[4908.237s][info][gc,phases      ] GC(640)   Other: 0.06ms
[4908.237s][info][gc,heap        ] GC(640) Eden regions: 570->0(573)
[4908.237s][info][gc,heap        ] GC(640) Survivor regions: 44->41(77)
[4908.237s][info][gc,heap        ] GC(640) Old regions: 236->243
[4908.237s][info][gc,heap        ] GC(640) Humongous regions: 33->33
[4908.237s][info][gc,metaspace   ] GC(640) Metaspace: 30007K(30144K)->30007K(30144K) NonClass: 30007K(30144K)->30007K(30144K) Class: 0K(0K)->0K(0K)
[4908.237s][info][gc             ] GC(640) Pause Young (Normal) (G1 Evacuation Pause) 7043M->2521M(8192M) 144.743ms
[4908.237s][info][gc,cpu         ] GC(640) User=1.15s Sys=0.01s Real=0.14s
....[4912.817s][info][gc,start       ] GC(641) Pause Young (Normal) (G1 Evacuation Pause)
[4912.817s][info][gc,task        ] GC(641) Using 8 workers of 8 for evacuation
[4912.965s][info][gc,phases      ] GC(641)   Pre Evacuate Collection Set: 0.25ms
[4912.965s][info][gc,phases      ] GC(641)   Merge Heap Roots: 0.52ms
[4912.965s][info][gc,phases      ] GC(641)   Evacuate Collection Set: 146.37ms
[4912.965s][info][gc,phases      ] GC(641)   Post Evacuate Collection Set: 1.02ms
[4912.965s][info][gc,phases      ] GC(641)   Other: 0.07ms
[4912.965s][info][gc,heap        ] GC(641) Eden regions: 573->0(570)
[4912.965s][info][gc,heap        ] GC(641) Survivor regions: 41->44(77)
[4912.965s][info][gc,heap        ] GC(641) Old regions: 243->250
[4912.965s][info][gc,heap        ] GC(641) Humongous regions: 33->33
[4912.965s][info][gc,metaspace   ] GC(641) Metaspace: 30007K(30144K)->30007K(30144K) NonClass: 30007K(30144K)->30007K(30144K) Class: 0K(0K)->0K(0K)
[4912.965s][info][gc             ] GC(641) Pause Young (Normal) (G1 Evacuation Pause) 7105M->2598M(8192M) 148.367ms
[4912.965s][info][gc,cpu         ] GC(641) User=1.18s Sys=0.00s Real=0.15s
. (rIR:aIR:PR = 8164:8151:8151) (tPR = 120340) [OK] 
  4912s: Performance info:
         Transaction,    Success,    Partial,     Failed,   Receipts, AvgBarcode, 
             Overall,     491037,          0,          0,     466479,      59.48, 
         Response times:
             Request,    Success,    Partial,     Failed,   SkipFail,     Probes,    Samples,      min,      p50,      p90,      p95,      p99,      max, 
       TotalPurchase,     466482,          0,          0,          0,     361150,     436239,      300,     5400,    11300,    23000,    83000,   402000,
     InStorePurchase,     246956,          0,          0,          0,     189060,     228003,      300,     5400,    11300,    23000,    86000,   354000,
      OnlinePurchase,     170390,          0,          0,          0,     133565,     161567,      300,     5300,    11400,    22000,    79000,   353000,
        InstPurchase,      49136,          0,          0,          0,      38525,      46669,      400,     5600,    11400,    27000,    83000,   402000,
          AssocOfCat,        487,          0,          0,          0,        386,        572,    27000,    40000,    59000,    94350,   188780,   259000,
      AssocOfProduct,       4871,          0,          0,          0,       3476,       4443,      300,     5800,    11800,    22000,    84120,   297000,
      BusinessReport,       1226,          0,          0,          0,       1075,       1430,    28000,    43000,    63000,    78450,   186800,   323000,
          CustBuyBeh,       4888,          0,          0,          0,       3417,       4375,      300,     4700,    11000,    26200,    73000,   346000,
       ProductReturn,      13084,          0,          0,          0,      10105,      12534,      200,     5100,    11700,    26000,    77000,   297000,

  4912s: (60%)   IR =   8302 ....[4917.428s][info][gc,start       ] GC(642) Pause Young (Normal) (G1 Evacuation Pause)
[4917.428s][info][gc,task        ] GC(642) Using 8 workers of 8 for evacuation
[4917.575s][info][gc,phases      ] GC(642)   Pre Evacuate Collection Set: 0.25ms
[4917.575s][info][gc,phases      ] GC(642)   Merge Heap Roots: 0.51ms
[4917.575s][info][gc,phases      ] GC(642)   Evacuate Collection Set: 145.54ms
[4917.575s][info][gc,phases      ] GC(642)   Post Evacuate Collection Set: 1.09ms
[4917.575s][info][gc,phases      ] GC(642)   Other: 0.07ms
[4917.575s][info][gc,heap        ] GC(642) Eden regions: 570->0(571)
[4917.575s][info][gc,heap        ] GC(642) Survivor regions: 44->43(77)
[4917.575s][info][gc,heap        ] GC(642) Old regions: 250->257
[4917.575s][info][gc,heap        ] GC(642) Humongous regions: 33->33
[4917.575s][info][gc,metaspace   ] GC(642) Metaspace: 30007K(30144K)->30007K(30144K) NonClass: 30007K(30144K)->30007K(30144K) Class: 0K(0K)->0K(0K)
[4917.575s][info][gc             ] GC(642) Pause Young (Normal) (G1 Evacuation Pause) 7158M->2651M(8192M) 147.591ms
[4917.575s][info][gc,cpu         ] GC(642) User=1.17s Sys=0.00s Real=0.15s
.....|[4922.183s][info][gc,start       ] GC(643) Pause Young (Normal) (G1 Evacuation Pause)
[4922.183s][info][gc,task        ] GC(643) Using 8 workers of 8 for evacuation
[4922.330s][info][gc,phases      ] GC(643)   Pre Evacuate Collection Set: 0.24ms
[4922.330s][info][gc,phases      ] GC(643)   Merge Heap Roots: 0.51ms
[4922.330s][info][gc,phases      ] GC(643)   Evacuate Collection Set: 145.45ms
[4922.330s][info][gc,phases      ] GC(643)   Post Evacuate Collection Set: 1.02ms
[4922.330s][info][gc,phases      ] GC(643)   Other: 0.06ms
[4922.330s][info][gc,heap        ] GC(643) Eden regions: 571->0(571)
[4922.330s][info][gc,heap        ] GC(643) Survivor regions: 43->43(77)
[4922.330s][info][gc,heap        ] GC(643) Old regions: 257->265
[4922.330s][info][gc,heap        ] GC(643) Humongous regions: 33->33
[4922.330s][info][gc,metaspace   ] GC(643) Metaspace: 30007K(30144K)->30007K(30144K) NonClass: 30007K(30144K)->30007K(30144K) Class: 0K(0K)->0K(0K)
[4922.330s][info][gc             ] GC(643) Pause Young (Normal) (G1 Evacuation Pause) 7219M->2705M(8192M) 147.402ms
[4922.330s][info][gc,cpu         ] GC(643) User=1.17s Sys=0.00s Real=0.15s
....[4926.828s][info][gc,start       ] GC(644) Pause Young (Normal) (G1 Evacuation Pause)
[4926.828s][info][gc,task        ] GC(644) Using 8 workers of 8 for evacuation
[4926.977s][info][gc,phases      ] GC(644)   Pre Evacuate Collection Set: 0.26ms
[4926.977s][info][gc,phases      ] GC(644)   Merge Heap Roots: 0.51ms
[4926.977s][info][gc,phases      ] GC(644)   Evacuate Collection Set: 147.24ms
[4926.977s][info][gc,phases      ] GC(644)   Post Evacuate Collection Set: 1.03ms
[4926.977s][info][gc,phases      ] GC(644)   Other: 0.06ms
[4926.977s][info][gc,heap        ] GC(644) Eden regions: 571->0(570)
[4926.977s][info][gc,heap        ] GC(644) Survivor regions: 43->44(77)
[4926.977s][info][gc,heap        ] GC(644) Old regions: 265->271
[4926.977s][info][gc,heap        ] GC(644) Humongous regions: 33->33
[4926.977s][info][gc,metaspace   ] GC(644) Metaspace: 30007K(30144K)->30007K(30144K) NonClass: 30007K(30144K)->30007K(30144K) Class: 0K(0K)->0K(0K)
[4926.977s][info][gc             ] GC(644) Pause Young (Normal) (G1 Evacuation Pause) 7273M->2767M(8192M) 149.240ms
[4926.977s][info][gc,cpu         ] GC(644) User=1.18s Sys=0.00s Real=0.15s
.....[4931.423s][info][gc,start       ] GC(645) Pause Young (Normal) (G1 Evacuation Pause)
[4931.423s][info][gc,task        ] GC(645) Using 8 workers of 8 for evacuation
[4931.572s][info][gc,phases      ] GC(645)   Pre Evacuate Collection Set: 0.26ms
[4931.572s][info][gc,phases      ] GC(645)   Merge Heap Roots: 0.58ms
[4931.572s][info][gc,phases      ] GC(645)   Evacuate Collection Set: 146.59ms
[4931.572s][info][gc,phases      ] GC(645)   Post Evacuate Collection Set: 1.06ms
[4931.572s][info][gc,phases      ] GC(645)   Other: 0.06ms
[4931.572s][info][gc,heap        ] GC(645) Eden regions: 570->0(571)
[4931.572s][info][gc,heap        ] GC(645) Survivor regions: 44->43(77)
[4931.572s][info][gc,heap        ] GC(645) Old regions: 271->279
[4931.572s][info][gc,heap        ] GC(645) Humongous regions: 33->33
[4931.572s][info][gc,metaspace   ] GC(645) Metaspace: 30007K(30144K)->30007K(30144K) NonClass: 30007K(30144K)->30007K(30144K) Class: 0K(0K)->0K(0K)
[4931.572s][info][gc             ] GC(645) Pause Young (Normal) (G1 Evacuation Pause) 7327M->2819M(8192M) 148.691ms
[4931.572s][info][gc,cpu         ] GC(645) User=1.16s Sys=0.00s Real=0.15s
....[4936.013s][info][gc,start       ] GC(646) Pause Young (Normal) (G1 Evacuation Pause)
[4936.013s][info][gc,task        ] GC(646) Using 8 workers of 8 for evacuation
[4936.165s][info][gc,phases      ] GC(646)   Pre Evacuate Collection Set: 0.26ms
[4936.165s][info][gc,phases      ] GC(646)   Merge Heap Roots: 0.52ms
[4936.165s][info][gc,phases      ] GC(646)   Evacuate Collection Set: 150.28ms
[4936.165s][info][gc,phases      ] GC(646)   Post Evacuate Collection Set: 1.05ms
[4936.165s][info][gc,phases      ] GC(646)   Other: 0.06ms
[4936.165s][info][gc,heap        ] GC(646) Eden regions: 571->0(565)
[4936.165s][info][gc,heap        ] GC(646) Survivor regions: 43->44(77)
[4936.165s][info][gc,heap        ] GC(646) Old regions: 279->286
[4936.165s][info][gc,heap        ] GC(646) Humongous regions: 33->33
[4936.165s][info][gc,metaspace   ] GC(646) Metaspace: 30007K(30144K)->30007K(30144K) NonClass: 30007K(30144K)->30007K(30144K) Class: 0K(0K)->0K(0K)
[4936.165s][info][gc             ] GC(646) Pause Young (Normal) (G1 Evacuation Pause) 7387M->2889M(8192M) 152.331ms
[4936.165s][info][gc,cpu         ] GC(646) User=1.21s Sys=0.00s Real=0.15s
.....[4940.622s][info][gc,start       ] GC(647) Pause Young (Normal) (G1 Evacuation Pause)
[4940.623s][info][gc,task        ] GC(647) Using 8 workers of 8 for evacuation
[4940.772s][info][gc,phases      ] GC(647)   Pre Evacuate Collection Set: 0.30ms
[4940.772s][info][gc,phases      ] GC(647)   Merge Heap Roots: 0.54ms
[4940.772s][info][gc,phases      ] GC(647)   Evacuate Collection Set: 147.58ms
[4940.772s][info][gc,phases      ] GC(647)   Post Evacuate Collection Set: 1.04ms
[4940.772s][info][gc,phases      ] GC(647)   Other: 0.06ms
[4940.772s][info][gc,heap        ] GC(647) Eden regions: 565->0(560)
[4940.772s][info][gc,heap        ] GC(647) Survivor regions: 44->43(77)
[4940.772s][info][gc,heap        ] GC(647) Old regions: 286->293
[4940.772s][info][gc,heap        ] GC(647) Humongous regions: 33->33
[4940.772s][info][gc,metaspace   ] GC(647) Metaspace: 30007K(30144K)->30007K(30144K) NonClass: 30007K(30144K)->30007K(30144K) Class: 0K(0K)->0K(0K)
[4940.772s][info][gc             ] GC(647) Pause Young (Normal) (G1 Evacuation Pause) 7409M->2933M(8192M) 149.660ms
[4940.772s][info][gc,cpu         ] GC(647) User=1.19s Sys=0.00s Real=0.15s
....[4945.154s][info][gc,start       ] GC(648) Pause Young (Normal) (G1 Evacuation Pause)
[4945.154s][info][gc,task        ] GC(648) Using 8 workers of 8 for evacuation
[4945.298s][info][gc,phases      ] GC(648)   Pre Evacuate Collection Set: 0.26ms
[4945.298s][info][gc,phases      ] GC(648)   Merge Heap Roots: 0.51ms
[4945.298s][info][gc,phases      ] GC(648)   Evacuate Collection Set: 142.53ms
[4945.298s][info][gc,phases      ] GC(648)   Post Evacuate Collection Set: 1.03ms
[4945.298s][info][gc,phases      ] GC(648)   Other: 0.07ms
[4945.298s][info][gc,heap        ] GC(648) Eden regions: 560->0(553)
[4945.298s][info][gc,heap        ] GC(648) Survivor regions: 43->43(76)
[4945.298s][info][gc,heap        ] GC(648) Old regions: 293->300
[4945.298s][info][gc,heap        ] GC(648) Humongous regions: 33->33
[4945.298s][info][gc,metaspace   ] GC(648) Metaspace: 30007K(30144K)->30007K(30144K) NonClass: 30007K(30144K)->30007K(30144K) Class: 0K(0K)->0K(0K)
[4945.298s][info][gc             ] GC(648) Pause Young (Normal) (G1 Evacuation Pause) 7413M->2994M(8192M) 144.517ms
[4945.298s][info][gc,cpu         ] GC(648) User=1.15s Sys=0.00s Real=0.14s
.....[4949.683s][info][gc,start       ] GC(649) Pause Young (Normal) (G1 Evacuation Pause)
[4949.683s][info][gc,task        ] GC(649) Using 8 workers of 8 for evacuation
[4949.828s][info][gc,phases      ] GC(649)   Pre Evacuate Collection Set: 0.25ms
[4949.828s][info][gc,phases      ] GC(649)   Merge Heap Roots: 0.52ms
[4949.828s][info][gc,phases      ] GC(649)   Evacuate Collection Set: 143.40ms
[4949.828s][info][gc,phases      ] GC(649)   Post Evacuate Collection Set: 1.03ms
[4949.828s][info][gc,phases      ] GC(649)   Other: 0.06ms
[4949.828s][info][gc,heap        ] GC(649) Eden regions: 553->0(546)
[4949.828s][info][gc,heap        ] GC(649) Survivor regions: 43->43(75)
[4949.828s][info][gc,heap        ] GC(649) Old regions: 300->307
[4949.828s][info][gc,heap        ] GC(649) Humongous regions: 33->33
[4949.828s][info][gc,metaspace   ] GC(649) Metaspace: 30007K(30144K)->30007K(30144K) NonClass: 30007K(30144K)->30007K(30144K) Class: 0K(0K)->0K(0K)
[4949.828s][info][gc             ] GC(649) Pause Young (Normal) (G1 Evacuation Pause) 7418M->3051M(8192M) 145.390ms
[4949.828s][info][gc,cpu         ] GC(649) User=1.14s Sys=0.01s Real=0.14s
....[4953.964s][info][gc,start       ] GC(650) Pause Young (Concurrent Start) (G1 Evacuation Pause)
[4953.964s][info][gc,task        ] GC(650) Using 8 workers of 8 for evacuation
[4954.111s][info][gc,phases      ] GC(650)   Pre Evacuate Collection Set: 0.34ms
[4954.111s][info][gc,phases      ] GC(650)   Merge Heap Roots: 0.55ms
[4954.111s][info][gc,phases      ] GC(650)   Evacuate Collection Set: 144.74ms
[4954.111s][info][gc,phases      ] GC(650)   Post Evacuate Collection Set: 1.03ms
[4954.111s][info][gc,phases      ] GC(650)   Other: 0.11ms
[4954.111s][info][gc,heap        ] GC(650) Eden regions: 546->0(538)
[4954.111s][info][gc,heap        ] GC(650) Survivor regions: 43->43(74)
[4954.111s][info][gc,heap        ] GC(650) Old regions: 307->315
[4954.111s][info][gc,heap        ] GC(650) Humongous regions: 33->33
[4954.111s][info][gc,metaspace   ] GC(650) Metaspace: 30007K(30144K)->30007K(30144K) NonClass: 30007K(30144K)->30007K(30144K) Class: 0K(0K)->0K(0K)
[4954.111s][info][gc             ] GC(650) Pause Young (Concurrent Start) (G1 Evacuation Pause) 7419M->3111M(8192M) 146.907ms
[4954.111s][info][gc             ] GC(651) Concurrent Mark Cycle
[4954.111s][info][gc,marking     ] GC(651) Concurrent Scan Root Regions
[4954.111s][info][gc,cpu         ] GC(650) User=1.16s Sys=0.00s Real=0.15s
.[4954.451s][info][gc,marking     ] GC(651) Concurrent Scan Root Regions 340.069ms
[4954.451s][info][gc,marking     ] GC(651) Concurrent Mark
[4954.451s][info][gc,marking     ] GC(651) Concurrent Mark From Roots
[4954.451s][info][gc,task        ] GC(651) Using 2 workers of 2 for marking
[4955.253s][info][gc,marking     ] GC(651) Concurrent Mark From Roots 801.824ms
[4955.253s][info][gc,marking     ] GC(651) Concurrent Preclean
[4955.253s][info][gc,marking     ] GC(651) Concurrent Preclean 0.101ms
[4955.253s][info][gc,start       ] GC(651) Pause Remark
[4955.255s][info][gc             ] GC(651) Pause Remark 4339M->3675M(8192M) 2.365ms
[4955.255s][info][gc,cpu         ] GC(651) User=0.02s Sys=0.00s Real=0.00s
[4955.256s][info][gc,marking     ] GC(651) Concurrent Mark 804.603ms
[4955.256s][info][gc,marking     ] GC(651) Concurrent Rebuild Remembered Sets and Scrub Regions
.[4955.814s][info][gc,marking     ] GC(651) Concurrent Rebuild Remembered Sets and Scrub Regions 558.101ms
[4955.814s][info][gc,start       ] GC(651) Pause Cleanup
[4955.814s][info][gc             ] GC(651) Pause Cleanup 4296M->4296M(8192M) 0.276ms
[4955.814s][info][gc,cpu         ] GC(651) User=0.00s Sys=0.00s Real=0.00s
[4955.814s][info][gc,marking     ] GC(651) Concurrent Clear Claimed Marks
[4955.814s][info][gc,marking     ] GC(651) Concurrent Clear Claimed Marks 0.048ms
[4955.814s][info][gc,marking     ] GC(651) Concurrent Cleanup for Next Mark
[4955.823s][info][gc,marking     ] GC(651) Concurrent Cleanup for Next Mark 9.265ms
[4955.824s][info][gc             ] GC(651) Concurrent Mark Cycle 1712.742ms
..[4958.294s][info][gc,start       ] GC(652) Pause Young (Prepare Mixed) (G1 Evacuation Pause)
[4958.294s][info][gc,task        ] GC(652) Using 8 workers of 8 for evacuation
[4958.437s][info][gc,phases      ] GC(652)   Pre Evacuate Collection Set: 0.26ms
[4958.437s][info][gc,phases      ] GC(652)   Merge Heap Roots: 0.77ms
[4958.437s][info][gc,phases      ] GC(652)   Evacuate Collection Set: 141.09ms
[4958.437s][info][gc,phases      ] GC(652)   Post Evacuate Collection Set: 1.13ms
[4958.437s][info][gc,phases      ] GC(652)   Other: 0.06ms
[4958.437s][info][gc,heap        ] GC(652) Eden regions: 538->0(572)
[4958.437s][info][gc,heap        ] GC(652) Survivor regions: 43->42(73)
[4958.437s][info][gc,heap        ] GC(652) Old regions: 232->239
[4958.437s][info][gc,heap        ] GC(652) Humongous regions: 33->33
[4958.437s][info][gc,metaspace   ] GC(652) Metaspace: 30007K(30144K)->30007K(30144K) NonClass: 30007K(30144K)->30007K(30144K) Class: 0K(0K)->0K(0K)
[4958.437s][info][gc             ] GC(652) Pause Young (Prepare Mixed) (G1 Evacuation Pause) 6751M->2495M(8192M) 143.455ms
[4958.437s][info][gc,cpu         ] GC(652) User=1.14s Sys=0.00s Real=0.14s
.....[4962.955s][info][gc,start       ] GC(653) Pause Young (Mixed) (G1 Evacuation Pause)
[4962.955s][info][gc,task        ] GC(653) Using 8 workers of 8 for evacuation
[4963.114s][info][gc,phases      ] GC(653)   Pre Evacuate Collection Set: 0.27ms
[4963.114s][info][gc,phases      ] GC(653)   Merge Heap Roots: 0.87ms
[4963.114s][info][gc,phases      ] GC(653)   Evacuate Collection Set: 156.67ms
[4963.114s][info][gc,phases      ] GC(653)   Post Evacuate Collection Set: 1.25ms
[4963.114s][info][gc,phases      ] GC(653)   Other: 0.07ms
[4963.114s][info][gc,heap        ] GC(653) Eden regions: 572->0(571)
[4963.114s][info][gc,heap        ] GC(653) Survivor regions: 42->43(77)
[4963.114s][info][gc,heap        ] GC(653) Old regions: 239->145
[4963.114s][info][gc,heap        ] GC(653) Humongous regions: 33->33
[4963.114s][info][gc,metaspace   ] GC(653) Metaspace: 30007K(30144K)->30007K(30144K) NonClass: 30007K(30144K)->30007K(30144K) Class: 0K(0K)->0K(0K)
[4963.114s][info][gc             ] GC(653) Pause Young (Mixed) (G1 Evacuation Pause) 7071M->1750M(8192M) 159.260ms
[4963.114s][info][gc,cpu         ] GC(653) User=1.26s Sys=0.00s Real=0.16s
.....[4967.596s][info][gc,start       ] GC(654) Pause Young (Mixed) (G1 Evacuation Pause)
[4967.596s][info][gc,task        ] GC(654) Using 8 workers of 8 for evacuation
[4967.748s][info][gc,phases      ] GC(654)   Pre Evacuate Collection Set: 0.28ms
[4967.748s][info][gc,phases      ] GC(654)   Merge Heap Roots: 0.63ms
[4967.748s][info][gc,phases      ] GC(654)   Evacuate Collection Set: 150.29ms
[4967.748s][info][gc,phases      ] GC(654)   Post Evacuate Collection Set: 1.07ms
[4967.748s][info][gc,phases      ] GC(654)   Other: 0.07ms
[4967.748s][info][gc,heap        ] GC(654) Eden regions: 571->0(571)
[4967.748s][info][gc,heap        ] GC(654) Survivor regions: 43->43(77)
[4967.748s][info][gc,heap        ] GC(654) Old regions: 145->143
[4967.748s][info][gc,heap        ] GC(654) Humongous regions: 33->33
[4967.748s][info][gc,metaspace   ] GC(654) Metaspace: 30007K(30144K)->30007K(30144K) NonClass: 30007K(30144K)->30007K(30144K) Class: 0K(0K)->0K(0K)
[4967.748s][info][gc             ] GC(654) Pause Young (Mixed) (G1 Evacuation Pause) 6318M->1736M(8192M) 152.500ms
[4967.748s][info][gc,cpu         ] GC(654) User=1.21s Sys=0.00s Real=0.15s
....[4972.232s][info][gc,start       ] GC(655) Pause Young (Normal) (G1 Evacuation Pause)
[4972.232s][info][gc,task        ] GC(655) Using 8 workers of 8 for evacuation
[4972.378s][info][gc,phases      ] GC(655)   Pre Evacuate Collection Set: 0.27ms
[4972.378s][info][gc,phases      ] GC(655)   Merge Heap Roots: 0.50ms
[4972.378s][info][gc,phases      ] GC(655)   Evacuate Collection Set: 144.86ms
[4972.378s][info][gc,phases      ] GC(655)   Post Evacuate Collection Set: 1.02ms
[4972.378s][info][gc,phases      ] GC(655)   Other: 0.06ms
[4972.378s][info][gc,heap        ] GC(655) Eden regions: 571->0(571)
[4972.378s][info][gc,heap        ] GC(655) Survivor regions: 43->43(77)
[4972.378s][info][gc,heap        ] GC(655) Old regions: 143->150
[4972.378s][info][gc,heap        ] GC(655) Humongous regions: 33->33
[4972.378s][info][gc,metaspace   ] GC(655) Metaspace: 30007K(30144K)->30007K(30144K) NonClass: 30007K(30144K)->30007K(30144K) Class: 0K(0K)->0K(0K)
[4972.379s][info][gc             ] GC(655) Pause Young (Normal) (G1 Evacuation Pause) 6304M->1791M(8192M) 146.842ms
[4972.379s][info][gc,cpu         ] GC(655) User=1.17s Sys=0.00s Real=0.14s
.....[4976.868s][info][gc,start       ] GC(656) Pause Young (Normal) (G1 Evacuation Pause)
[4976.868s][info][gc,task        ] GC(656) Using 8 workers of 8 for evacuation
[4977.022s][info][gc,phases      ] GC(656)   Pre Evacuate Collection Set: 0.25ms
[4977.022s][info][gc,phases      ] GC(656)   Merge Heap Roots: 0.50ms
[4977.022s][info][gc,phases      ] GC(656)   Evacuate Collection Set: 151.80ms
[4977.022s][info][gc,phases      ] GC(656)   Post Evacuate Collection Set: 1.04ms
[4977.022s][info][gc,phases      ] GC(656)   Other: 0.06ms
[4977.022s][info][gc,heap        ] GC(656) Eden regions: 571->0(570)
[4977.022s][info][gc,heap        ] GC(656) Survivor regions: 43->44(77)
[4977.022s][info][gc,heap        ] GC(656) Old regions: 150->158
[4977.022s][info][gc,heap        ] GC(656) Humongous regions: 33->33
[4977.022s][info][gc,metaspace   ] GC(656) Metaspace: 30007K(30144K)->30007K(30144K) NonClass: 30007K(30144K)->30007K(30144K) Class: 0K(0K)->0K(0K)
[4977.022s][info][gc             ] GC(656) Pause Young (Normal) (G1 Evacuation Pause) 6359M->1863M(8192M) 153.777ms
[4977.022s][info][gc,cpu         ] GC(656) User=1.21s Sys=0.00s Real=0.16s
.....[4981.581s][info][gc,start       ] GC(657) Pause Young (Normal) (G1 Evacuation Pause)
[4981.581s][info][gc,task        ] GC(657) Using 8 workers of 8 for evacuation
[4981.727s][info][gc,phases      ] GC(657)   Pre Evacuate Collection Set: 0.24ms
[4981.727s][info][gc,phases      ] GC(657)   Merge Heap Roots: 0.52ms
[4981.727s][info][gc,phases      ] GC(657)   Evacuate Collection Set: 143.49ms
[4981.727s][info][gc,phases      ] GC(657)   Post Evacuate Collection Set: 1.03ms
[4981.727s][info][gc,phases      ] GC(657)   Other: 0.07ms
[4981.727s][info][gc,heap        ] GC(657) Eden regions: 570->0(571)
[4981.727s][info][gc,heap        ] GC(657) Survivor regions: 44->43(77)
[4981.727s][info][gc,heap        ] GC(657) Old regions: 158->165
[4981.727s][info][gc,heap        ] GC(657) Humongous regions: 33->33
[4981.727s][info][gc,metaspace   ] GC(657) Metaspace: 30007K(30144K)->30007K(30144K) NonClass: 30007K(30144K)->30007K(30144K) Class: 0K(0K)->0K(0K)
[4981.727s][info][gc             ] GC(657) Pause Young (Normal) (G1 Evacuation Pause) 6423M->1914M(8192M) 145.468ms
[4981.727s][info][gc,cpu         ] GC(657) User=1.15s Sys=0.00s Real=0.14s
. (rIR:aIR:PR = 8302:8314:8314) (tPR = 123231) [OK] 
  4982s: Performance info:
         Transaction,    Success,    Partial,     Failed,   Receipts, AvgBarcode, 
             Overall,     501835,          0,          0,     476797,      59.48, 
         Response times:
             Request,    Success,    Partial,     Failed,   SkipFail,     Probes,    Samples,      min,      p50,      p90,      p95,      p99,      max, 
       TotalPurchase,     476796,          0,          0,          0,     361070,     418247,      300,     5500,    12700,    28000,    83000,   404000,
     InStorePurchase,     251120,          0,          0,          0,     190231,     220262,      300,     5600,    12800,    28000,    86000,   404000,
      OnlinePurchase,     175576,          0,          0,          0,     132731,     153553,      400,     5500,    12600,    28000,    80000,   404000,
        InstPurchase,      50100,          0,          0,          0,      38108,      44432,      500,     5400,    12600,    28000,    81000,   371000,
          AssocOfCat,        502,          0,          0,          0,        403,        569,    28000,    43000,    68000,   102000,   196600,   211000,
      AssocOfProduct,       5041,          0,          0,          0,       3543,       4343,      500,     6100,    13300,    29800,    77560,   369000,
      BusinessReport,       1253,          0,          0,          0,       1105,       1367,    30000,    46000,    74000,    99000,   209000,   366000,
          CustBuyBeh,       4980,          0,          0,          0,       3527,       4317,      200,     5000,    11200,    24000,    97000,   291000,
       ProductReturn,      13270,          0,          0,          0,       9142,      10948,      200,     4900,    11500,    23000,    80510,   255000,

  4982s: (61%)   IR =   8441 ...[4986.170s][info][gc,start       ] GC(658) Pause Young (Normal) (G1 Evacuation Pause)
[4986.170s][info][gc,task        ] GC(658) Using 8 workers of 8 for evacuation
[4986.318s][info][gc,phases      ] GC(658)   Pre Evacuate Collection Set: 0.24ms
[4986.318s][info][gc,phases      ] GC(658)   Merge Heap Roots: 0.51ms
[4986.318s][info][gc,phases      ] GC(658)   Evacuate Collection Set: 145.56ms
[4986.318s][info][gc,phases      ] GC(658)   Post Evacuate Collection Set: 1.10ms
[4986.318s][info][gc,phases      ] GC(658)   Other: 0.06ms
[4986.318s][info][gc,heap        ] GC(658) Eden regions: 571->0(570)
[4986.318s][info][gc,heap        ] GC(658) Survivor regions: 43->44(77)
[4986.318s][info][gc,heap        ] GC(658) Old regions: 165->172
[4986.318s][info][gc,heap        ] GC(658) Humongous regions: 33->33
[4986.318s][info][gc,metaspace   ] GC(658) Metaspace: 30007K(30144K)->30007K(30144K) NonClass: 30007K(30144K)->30007K(30144K) Class: 0K(0K)->0K(0K)
[4986.318s][info][gc             ] GC(658) Pause Young (Normal) (G1 Evacuation Pause) 6482M->1975M(8192M) 147.606ms
[4986.318s][info][gc,cpu         ] GC(658) User=1.17s Sys=0.00s Real=0.14s
.....[4990.594s][info][gc,start       ] GC(659) Pause Young (Normal) (G1 Evacuation Pause)
[4990.594s][info][gc,task        ] GC(659) Using 8 workers of 8 for evacuation
[4990.741s][info][gc,phases      ] GC(659)   Pre Evacuate Collection Set: 0.31ms
[4990.741s][info][gc,phases      ] GC(659)   Merge Heap Roots: 0.57ms
[4990.741s][info][gc,phases      ] GC(659)   Evacuate Collection Set: 144.58ms
[4990.741s][info][gc,phases      ] GC(659)   Post Evacuate Collection Set: 1.08ms
[4990.741s][info][gc,phases      ] GC(659)   Other: 0.06ms
[4990.741s][info][gc,heap        ] GC(659) Eden regions: 570->0(571)
[4990.741s][info][gc,heap        ] GC(659) Survivor regions: 44->43(77)
[4990.741s][info][gc,heap        ] GC(659) Old regions: 172->179
[4990.741s][info][gc,heap        ] GC(659) Humongous regions: 33->33
[4990.741s][info][gc,metaspace   ] GC(659) Metaspace: 30007K(30144K)->30007K(30144K) NonClass: 30007K(30144K)->30007K(30144K) Class: 0K(0K)->0K(0K)
[4990.741s][info][gc             ] GC(659) Pause Young (Normal) (G1 Evacuation Pause) 6535M->2027M(8192M) 146.734ms
[4990.741s][info][gc,cpu         ] GC(659) User=1.16s Sys=0.00s Real=0.15s
....[4995.198s][info][gc,start       ] GC(660) Pause Young (Normal) (G1 Evacuation Pause)
[4995.198s][info][gc,task        ] GC(660) Using 8 workers of 8 for evacuation
[4995.345s][info][gc,phases      ] GC(660)   Pre Evacuate Collection Set: 0.24ms
[4995.345s][info][gc,phases      ] GC(660)   Merge Heap Roots: 0.57ms
[4995.345s][info][gc,phases      ] GC(660)   Evacuate Collection Set: 144.23ms
[4995.345s][info][gc,phases      ] GC(660)   Post Evacuate Collection Set: 1.01ms
[4995.345s][info][gc,phases      ] GC(660)   Other: 0.06ms
[4995.345s][info][gc,heap        ] GC(660) Eden regions: 571->0(571)
[4995.345s][info][gc,heap        ] GC(660) Survivor regions: 43->43(77)
[4995.345s][info][gc,heap        ] GC(660) Old regions: 179->186
[4995.345s][info][gc,heap        ] GC(660) Humongous regions: 33->33
[4995.345s][info][gc,metaspace   ] GC(660) Metaspace: 30007K(30144K)->30007K(30144K) NonClass: 30007K(30144K)->30007K(30144K) Class: 0K(0K)->0K(0K)
[4995.345s][info][gc             ] GC(660) Pause Young (Normal) (G1 Evacuation Pause) 6595M->2079M(8192M) 146.228ms
[4995.345s][info][gc,cpu         ] GC(660) User=1.15s Sys=0.00s Real=0.15s
..|...[4999.885s][info][gc,start       ] GC(661) Pause Young (Normal) (G1 Evacuation Pause)
[4999.885s][info][gc,task        ] GC(661) Using 8 workers of 8 for evacuation
[5000.037s][info][gc,phases      ] GC(661)   Pre Evacuate Collection Set: 0.25ms
[5000.037s][info][gc,phases      ] GC(661)   Merge Heap Roots: 0.52ms
[5000.037s][info][gc,phases      ] GC(661)   Evacuate Collection Set: 149.59ms
[5000.037s][info][gc,phases      ] GC(661)   Post Evacuate Collection Set: 1.02ms
[5000.037s][info][gc,phases      ] GC(661)   Other: 0.06ms
[5000.037s][info][gc,heap        ] GC(661) Eden regions: 571->0(570)
[5000.037s][info][gc,heap        ] GC(661) Survivor regions: 43->44(77)
[5000.037s][info][gc,heap        ] GC(661) Old regions: 186->194
[5000.037s][info][gc,heap        ] GC(661) Humongous regions: 33->33
[5000.037s][info][gc,metaspace   ] GC(661) Metaspace: 30007K(30144K)->30007K(30144K) NonClass: 30007K(30144K)->30007K(30144K) Class: 0K(0K)->0K(0K)
[5000.037s][info][gc             ] GC(661) Pause Young (Normal) (G1 Evacuation Pause) 6647M->2146M(8192M) 151.580ms
[5000.037s][info][gc,cpu         ] GC(661) User=1.20s Sys=0.00s Real=0.15s
....[5004.418s][info][gc,start       ] GC(662) Pause Young (Normal) (G1 Evacuation Pause)
[5004.418s][info][gc,task        ] GC(662) Using 8 workers of 8 for evacuation
[5004.566s][info][gc,phases      ] GC(662)   Pre Evacuate Collection Set: 0.26ms
[5004.566s][info][gc,phases      ] GC(662)   Merge Heap Roots: 0.51ms
[5004.566s][info][gc,phases      ] GC(662)   Evacuate Collection Set: 145.79ms
[5004.566s][info][gc,phases      ] GC(662)   Post Evacuate Collection Set: 1.07ms
[5004.566s][info][gc,phases      ] GC(662)   Other: 0.06ms
[5004.566s][info][gc,heap        ] GC(662) Eden regions: 570->0(571)
[5004.566s][info][gc,heap        ] GC(662) Survivor regions: 44->43(77)
[5004.566s][info][gc,heap        ] GC(662) Old regions: 194->201
[5004.566s][info][gc,heap        ] GC(662) Humongous regions: 33->33
[5004.566s][info][gc,metaspace   ] GC(662) Metaspace: 30007K(30144K)->30007K(30144K) NonClass: 30007K(30144K)->30007K(30144K) Class: 0K(0K)->0K(0K)
[5004.566s][info][gc             ] GC(662) Pause Young (Normal) (G1 Evacuation Pause) 6706M->2199M(8192M) 147.829ms
[5004.566s][info][gc,cpu         ] GC(662) User=1.17s Sys=0.00s Real=0.15s
.....[5008.964s][info][gc,start       ] GC(663) Pause Young (Normal) (G1 Evacuation Pause)
[5008.964s][info][gc,task        ] GC(663) Using 8 workers of 8 for evacuation
[5009.114s][info][gc,phases      ] GC(663)   Pre Evacuate Collection Set: 0.24ms
[5009.114s][info][gc,phases      ] GC(663)   Merge Heap Roots: 0.51ms
[5009.114s][info][gc,phases      ] GC(663)   Evacuate Collection Set: 147.85ms
[5009.114s][info][gc,phases      ] GC(663)   Post Evacuate Collection Set: 1.05ms
[5009.114s][info][gc,phases      ] GC(663)   Other: 0.07ms
[5009.114s][info][gc,heap        ] GC(663) Eden regions: 571->0(570)
[5009.114s][info][gc,heap        ] GC(663) Survivor regions: 43->44(77)
[5009.114s][info][gc,heap        ] GC(663) Old regions: 201->208
[5009.114s][info][gc,heap        ] GC(663) Humongous regions: 33->33
[5009.114s][info][gc,metaspace   ] GC(663) Metaspace: 30007K(30144K)->30007K(30144K) NonClass: 30007K(30144K)->30007K(30144K) Class: 0K(0K)->0K(0K)
[5009.114s][info][gc             ] GC(663) Pause Young (Normal) (G1 Evacuation Pause) 6767M->2261M(8192M) 149.908ms
[5009.114s][info][gc,cpu         ] GC(663) User=1.19s Sys=0.00s Real=0.15s
....[5013.473s][info][gc,start       ] GC(664) Pause Young (Normal) (G1 Evacuation Pause)
[5013.473s][info][gc,task        ] GC(664) Using 8 workers of 8 for evacuation
[5013.621s][info][gc,phases      ] GC(664)   Pre Evacuate Collection Set: 0.25ms
[5013.621s][info][gc,phases      ] GC(664)   Merge Heap Roots: 0.52ms
[5013.621s][info][gc,phases      ] GC(664)   Evacuate Collection Set: 145.84ms
[5013.621s][info][gc,phases      ] GC(664)   Post Evacuate Collection Set: 1.04ms
[5013.621s][info][gc,phases      ] GC(664)   Other: 0.06ms
[5013.621s][info][gc,heap        ] GC(664) Eden regions: 570->0(571)
[5013.621s][info][gc,heap        ] GC(664) Survivor regions: 44->43(77)
[5013.621s][info][gc,heap        ] GC(664) Old regions: 208->215
[5013.621s][info][gc,heap        ] GC(664) Humongous regions: 33->33
[5013.621s][info][gc,metaspace   ] GC(664) Metaspace: 30007K(30144K)->30007K(30144K) NonClass: 30007K(30144K)->30007K(30144K) Class: 0K(0K)->0K(0K)
[5013.621s][info][gc             ] GC(664) Pause Young (Normal) (G1 Evacuation Pause) 6821M->2307M(8192M) 147.840ms
[5013.621s][info][gc,cpu         ] GC(664) User=1.17s Sys=0.00s Real=0.15s
.....[5018.000s][info][gc,start       ] GC(665) Pause Young (Normal) (G1 Evacuation Pause)
[5018.000s][info][gc,task        ] GC(665) Using 8 workers of 8 for evacuation
[5018.148s][info][gc,phases      ] GC(665)   Pre Evacuate Collection Set: 0.26ms
[5018.148s][info][gc,phases      ] GC(665)   Merge Heap Roots: 0.52ms
[5018.148s][info][gc,phases      ] GC(665)   Evacuate Collection Set: 145.70ms
[5018.148s][info][gc,phases      ] GC(665)   Post Evacuate Collection Set: 1.02ms
[5018.148s][info][gc,phases      ] GC(665)   Other: 0.06ms
[5018.148s][info][gc,heap        ] GC(665) Eden regions: 571->0(570)
[5018.148s][info][gc,heap        ] GC(665) Survivor regions: 43->44(77)
[5018.148s][info][gc,heap        ] GC(665) Old regions: 215->222
[5018.148s][info][gc,heap        ] GC(665) Humongous regions: 33->33
[5018.148s][info][gc,metaspace   ] GC(665) Metaspace: 30007K(30144K)->30007K(30144K) NonClass: 30007K(30144K)->30007K(30144K) Class: 0K(0K)->0K(0K)
[5018.148s][info][gc             ] GC(665) Pause Young (Normal) (G1 Evacuation Pause) 6875M->2374M(8192M) 147.691ms
[5018.148s][info][gc,cpu         ] GC(665) User=1.17s Sys=0.00s Real=0.14s
.....[5022.690s][info][gc,start       ] GC(666) Pause Young (Normal) (G1 Evacuation Pause)
[5022.690s][info][gc,task        ] GC(666) Using 8 workers of 8 for evacuation
[5022.843s][info][gc,phases      ] GC(666)   Pre Evacuate Collection Set: 0.25ms
[5022.843s][info][gc,phases      ] GC(666)   Merge Heap Roots: 0.53ms
[5022.843s][info][gc,phases      ] GC(666)   Evacuate Collection Set: 150.92ms
[5022.843s][info][gc,phases      ] GC(666)   Post Evacuate Collection Set: 1.02ms
[5022.843s][info][gc,phases      ] GC(666)   Other: 0.06ms
[5022.843s][info][gc,heap        ] GC(666) Eden regions: 570->0(571)
[5022.843s][info][gc,heap        ] GC(666) Survivor regions: 44->43(77)
[5022.843s][info][gc,heap        ] GC(666) Old regions: 222->229
[5022.843s][info][gc,heap        ] GC(666) Humongous regions: 33->33
[5022.843s][info][gc,metaspace   ] GC(666) Metaspace: 30007K(30144K)->30007K(30144K) NonClass: 30007K(30144K)->30007K(30144K) Class: 0K(0K)->0K(0K)
[5022.843s][info][gc             ] GC(666) Pause Young (Normal) (G1 Evacuation Pause) 6934M->2426M(8192M) 152.908ms
[5022.843s][info][gc,cpu         ] GC(666) User=1.21s Sys=0.01s Real=0.15s
....[5027.270s][info][gc,start       ] GC(667) Pause Young (Normal) (G1 Evacuation Pause)
[5027.270s][info][gc,task        ] GC(667) Using 8 workers of 8 for evacuation
[5027.415s][info][gc,phases      ] GC(667)   Pre Evacuate Collection Set: 0.27ms
[5027.415s][info][gc,phases      ] GC(667)   Merge Heap Roots: 0.51ms
[5027.415s][info][gc,phases      ] GC(667)   Evacuate Collection Set: 142.61ms
[5027.415s][info][gc,phases      ] GC(667)   Post Evacuate Collection Set: 1.04ms
[5027.415s][info][gc,phases      ] GC(667)   Other: 0.06ms
[5027.415s][info][gc,heap        ] GC(667) Eden regions: 571->0(571)
[5027.415s][info][gc,heap        ] GC(667) Survivor regions: 43->43(77)
[5027.415s][info][gc,heap        ] GC(667) Old regions: 229->236
[5027.415s][info][gc,heap        ] GC(667) Humongous regions: 33->33
[5027.415s][info][gc,metaspace   ] GC(667) Metaspace: 30007K(30144K)->30007K(30144K) NonClass: 30007K(30144K)->30007K(30144K) Class: 0K(0K)->0K(0K)
[5027.415s][info][gc             ] GC(667) Pause Young (Normal) (G1 Evacuation Pause) 6994M->2482M(8192M) 144.629ms
[5027.415s][info][gc,cpu         ] GC(667) User=1.14s Sys=0.00s Real=0.14s
.....[5031.913s][info][gc,start       ] GC(668) Pause Young (Normal) (G1 Evacuation Pause)
[5031.913s][info][gc,task        ] GC(668) Using 8 workers of 8 for evacuation
[5032.060s][info][gc,phases      ] GC(668)   Pre Evacuate Collection Set: 0.26ms
[5032.060s][info][gc,phases      ] GC(668)   Merge Heap Roots: 0.55ms
[5032.060s][info][gc,phases      ] GC(668)   Evacuate Collection Set: 145.06ms
[5032.060s][info][gc,phases      ] GC(668)   Post Evacuate Collection Set: 1.04ms
[5032.060s][info][gc,phases      ] GC(668)   Other: 0.06ms
[5032.060s][info][gc,heap        ] GC(668) Eden regions: 571->0(571)
[5032.060s][info][gc,heap        ] GC(668) Survivor regions: 43->43(77)
[5032.060s][info][gc,heap        ] GC(668) Old regions: 236->243
[5032.060s][info][gc,heap        ] GC(668) Humongous regions: 33->33
[5032.060s][info][gc,metaspace   ] GC(668) Metaspace: 30007K(30144K)->30007K(30144K) NonClass: 30007K(30144K)->30007K(30144K) Class: 0K(0K)->0K(0K)
[5032.060s][info][gc             ] GC(668) Pause Young (Normal) (G1 Evacuation Pause) 7050M->2535M(8192M) 147.111ms
[5032.060s][info][gc,cpu         ] GC(668) User=1.17s Sys=0.00s Real=0.15s
....[5036.358s][info][gc,start       ] GC(669) Pause Young (Normal) (G1 Evacuation Pause)
[5036.358s][info][gc,task        ] GC(669) Using 8 workers of 8 for evacuation
[5036.507s][info][gc,phases      ] GC(669)   Pre Evacuate Collection Set: 0.28ms
[5036.507s][info][gc,phases      ] GC(669)   Merge Heap Roots: 0.51ms
[5036.507s][info][gc,phases      ] GC(669)   Evacuate Collection Set: 146.91ms
[5036.507s][info][gc,phases      ] GC(669)   Post Evacuate Collection Set: 1.04ms
[5036.507s][info][gc,phases      ] GC(669)   Other: 0.06ms
[5036.507s][info][gc,heap        ] GC(669) Eden regions: 571->0(570)
[5036.507s][info][gc,heap        ] GC(669) Survivor regions: 43->44(77)
[5036.507s][info][gc,heap        ] GC(669) Old regions: 243->250
[5036.507s][info][gc,heap        ] GC(669) Humongous regions: 33->33
[5036.507s][info][gc,metaspace   ] GC(669) Metaspace: 30007K(30144K)->30007K(30144K) NonClass: 30007K(30144K)->30007K(30144K) Class: 0K(0K)->0K(0K)
[5036.507s][info][gc             ] GC(669) Pause Young (Normal) (G1 Evacuation Pause) 7103M->2603M(8192M) 148.940ms
[5036.507s][info][gc,cpu         ] GC(669) User=1.18s Sys=0.00s Real=0.15s
.....[5040.894s][info][gc,start       ] GC(670) Pause Young (Normal) (G1 Evacuation Pause)
[5040.894s][info][gc,task        ] GC(670) Using 8 workers of 8 for evacuation
[5041.043s][info][gc,phases      ] GC(670)   Pre Evacuate Collection Set: 0.24ms
[5041.043s][info][gc,phases      ] GC(670)   Merge Heap Roots: 0.51ms
[5041.043s][info][gc,phases      ] GC(670)   Evacuate Collection Set: 147.85ms
[5041.044s][info][gc,phases      ] GC(670)   Post Evacuate Collection Set: 1.01ms
[5041.044s][info][gc,phases      ] GC(670)   Other: 0.07ms
[5041.044s][info][gc,heap        ] GC(670) Eden regions: 570->0(571)
[5041.044s][info][gc,heap        ] GC(670) Survivor regions: 44->43(77)
[5041.044s][info][gc,heap        ] GC(670) Old regions: 250->257
[5041.044s][info][gc,heap        ] GC(670) Humongous regions: 33->33
[5041.044s][info][gc,metaspace   ] GC(670) Metaspace: 30007K(30144K)->30007K(30144K) NonClass: 30007K(30144K)->30007K(30144K) Class: 0K(0K)->0K(0K)
[5041.044s][info][gc             ] GC(670) Pause Young (Normal) (G1 Evacuation Pause) 7163M->2651M(8192M) 149.837ms
[5041.044s][info][gc,cpu         ] GC(670) User=1.19s Sys=0.00s Real=0.15s
....[5045.449s][info][gc,start       ] GC(671) Pause Young (Normal) (G1 Evacuation Pause)
[5045.449s][info][gc,task        ] GC(671) Using 8 workers of 8 for evacuation
[5045.595s][info][gc,phases      ] GC(671)   Pre Evacuate Collection Set: 0.30ms
[5045.595s][info][gc,phases      ] GC(671)   Merge Heap Roots: 0.59ms
[5045.595s][info][gc,phases      ] GC(671)   Evacuate Collection Set: 144.59ms
[5045.595s][info][gc,phases      ] GC(671)   Post Evacuate Collection Set: 1.03ms
[5045.595s][info][gc,phases      ] GC(671)   Other: 0.06ms
[5045.595s][info][gc,heap        ] GC(671) Eden regions: 571->0(571)
[5045.595s][info][gc,heap        ] GC(671) Survivor regions: 43->43(77)
[5045.595s][info][gc,heap        ] GC(671) Old regions: 257->264
[5045.595s][info][gc,heap        ] GC(671) Humongous regions: 33->33
[5045.595s][info][gc,metaspace   ] GC(671) Metaspace: 30007K(30144K)->30007K(30144K) NonClass: 30007K(30144K)->30007K(30144K) Class: 0K(0K)->0K(0K)
[5045.595s][info][gc             ] GC(671) Pause Young (Normal) (G1 Evacuation Pause) 7219M->2703M(8192M) 146.697ms
[5045.595s][info][gc,cpu         ] GC(671) User=1.16s Sys=0.00s Real=0.15s
.....[5049.839s][info][gc,start       ] GC(672) Pause Young (Normal) (G1 Evacuation Pause)
[5049.839s][info][gc,task        ] GC(672) Using 8 workers of 8 for evacuation
[5049.988s][info][gc,phases      ] GC(672)   Pre Evacuate Collection Set: 0.26ms
[5049.988s][info][gc,phases      ] GC(672)   Merge Heap Roots: 0.51ms
[5049.988s][info][gc,phases      ] GC(672)   Evacuate Collection Set: 146.63ms
[5049.988s][info][gc,phases      ] GC(672)   Post Evacuate Collection Set: 1.03ms
[5049.988s][info][gc,phases      ] GC(672)   Other: 0.06ms
[5049.988s][info][gc,heap        ] GC(672) Eden regions: 571->0(570)
[5049.988s][info][gc,heap        ] GC(672) Survivor regions: 43->44(77)
[5049.988s][info][gc,heap        ] GC(672) Old regions: 264->271
[5049.988s][info][gc,heap        ] GC(672) Humongous regions: 33->33
[5049.988s][info][gc,metaspace   ] GC(672) Metaspace: 30007K(30144K)->30007K(30144K) NonClass: 30007K(30144K)->30007K(30144K) Class: 0K(0K)->0K(0K)
[5049.988s][info][gc             ] GC(672) Pause Young (Normal) (G1 Evacuation Pause) 7271M->2771M(8192M) 148.629ms
[5049.988s][info][gc,cpu         ] GC(672) User=1.18s Sys=0.01s Real=0.15s
....[5054.351s][info][gc,start       ] GC(673) Pause Young (Normal) (G1 Evacuation Pause)
[5054.351s][info][gc,task        ] GC(673) Using 8 workers of 8 for evacuation
[5054.497s][info][gc,phases      ] GC(673)   Pre Evacuate Collection Set: 0.24ms
[5054.497s][info][gc,phases      ] GC(673)   Merge Heap Roots: 0.52ms
[5054.497s][info][gc,phases      ] GC(673)   Evacuate Collection Set: 143.82ms
[5054.497s][info][gc,phases      ] GC(673)   Post Evacuate Collection Set: 1.02ms
[5054.497s][info][gc,phases      ] GC(673)   Other: 0.07ms
[5054.497s][info][gc,heap        ] GC(673) Eden regions: 570->0(571)
[5054.497s][info][gc,heap        ] GC(673) Survivor regions: 44->43(77)
[5054.497s][info][gc,heap        ] GC(673) Old regions: 271->278
[5054.497s][info][gc,heap        ] GC(673) Humongous regions: 33->33
[5054.497s][info][gc,metaspace   ] GC(673) Metaspace: 30007K(30144K)->30007K(30144K) NonClass: 30007K(30144K)->30007K(30144K) Class: 0K(0K)->0K(0K)
[5054.497s][info][gc             ] GC(673) Pause Young (Normal) (G1 Evacuation Pause) 7331M->2815M(8192M) 145.796ms
[5054.497s][info][gc,cpu         ] GC(673) User=1.15s Sys=0.00s Real=0.14s
... (rIR:aIR:PR = 8441:8458:8458) (tPR = 125789) [OK] 
  5056s: Performance info:
         Transaction,    Success,    Partial,     Failed,   Receipts, AvgBarcode, 
             Overall,     508200,          0,          0,     482672,      59.48, 
         Response times:
             Request,    Success,    Partial,     Failed,   SkipFail,     Probes,    Samples,      min,      p50,      p90,      p95,      p99,      max, 
       TotalPurchase,     482686,          0,          0,          0,     358085,     446935,      300,     5600,    13000,    29000,    88000,   410000,
     InStorePurchase,     254388,          0,          0,          0,     187880,     234275,      300,     5600,    13000,    30000,    88000,   410000,
      OnlinePurchase,     177335,          0,          0,          0,     132591,     165540,      400,     5600,    12900,    29000,    88000,   410000,
        InstPurchase,      50963,          0,          0,          0,      37614,      47120,      500,     5500,    12900,    29000,    87000,   368000,
          AssocOfCat,        511,          0,          0,          0,        414,        605,    31000,    44000,    72000,   111700,   196880,   206000,
      AssocOfProduct,       5123,          0,          0,          0,       3565,       4671,      700,     5500,    13000,    32400,    89280,   169000,
      BusinessReport,       1261,          0,          0,          0,       1113,       1547,    29000,    46000,    69000,   101600,   168000,   211000,
          CustBuyBeh,       5028,          0,          0,          0,       3651,       4822,      300,     5300,    13070,    26000,    84770,   368000,
       ProductReturn,      13627,          0,          0,          0,       9458,      12269,      400,     5700,    12400,    30000,    88000,   411000,

  5056s: (62%)   IR =   8579 ..[5058.961s][info][gc,start       ] GC(674) Pause Young (Normal) (G1 Evacuation Pause)
[5058.961s][info][gc,task        ] GC(674) Using 8 workers of 8 for evacuation
[5059.112s][info][gc,phases      ] GC(674)   Pre Evacuate Collection Set: 0.24ms
[5059.112s][info][gc,phases      ] GC(674)   Merge Heap Roots: 0.52ms
[5059.112s][info][gc,phases      ] GC(674)   Evacuate Collection Set: 149.13ms
[5059.112s][info][gc,phases      ] GC(674)   Post Evacuate Collection Set: 1.05ms
[5059.112s][info][gc,phases      ] GC(674)   Other: 0.06ms
[5059.112s][info][gc,heap        ] GC(674) Eden regions: 571->0(568)
[5059.112s][info][gc,heap        ] GC(674) Survivor regions: 43->43(77)
[5059.112s][info][gc,heap        ] GC(674) Old regions: 278->285
[5059.112s][info][gc,heap        ] GC(674) Humongous regions: 33->33
[5059.112s][info][gc,metaspace   ] GC(674) Metaspace: 30007K(30144K)->30007K(30144K) NonClass: 30007K(30144K)->30007K(30144K) Class: 0K(0K)->0K(0K)
[5059.112s][info][gc             ] GC(674) Pause Young (Normal) (G1 Evacuation Pause) 7383M->2875M(8192M) 151.130ms
[5059.112s][info][gc,cpu         ] GC(674) User=1.20s Sys=0.00s Real=0.15s
....[5063.351s][info][gc,start       ] GC(675) Pause Young (Normal) (G1 Evacuation Pause)
[5063.351s][info][gc,task        ] GC(675) Using 8 workers of 8 for evacuation
[5063.503s][info][gc,phases      ] GC(675)   Pre Evacuate Collection Set: 0.26ms
[5063.503s][info][gc,phases      ] GC(675)   Merge Heap Roots: 0.53ms
[5063.503s][info][gc,phases      ] GC(675)   Evacuate Collection Set: 150.51ms
[5063.503s][info][gc,phases      ] GC(675)   Post Evacuate Collection Set: 1.04ms
[5063.503s][info][gc,phases      ] GC(675)   Other: 0.06ms
[5063.503s][info][gc,heap        ] GC(675) Eden regions: 568->0(559)
[5063.503s][info][gc,heap        ] GC(675) Survivor regions: 43->44(77)
[5063.503s][info][gc,heap        ] GC(675) Old regions: 285->292
[5063.503s][info][gc,heap        ] GC(675) Humongous regions: 33->33
[5063.503s][info][gc,metaspace   ] GC(675) Metaspace: 30007K(30144K)->30007K(30144K) NonClass: 30007K(30144K)->30007K(30144K) Class: 0K(0K)->0K(0K)
[5063.503s][info][gc             ] GC(675) Pause Young (Normal) (G1 Evacuation Pause) 7419M->2939M(8192M) 152.514ms
[5063.504s][info][gc,cpu         ] GC(675) User=1.21s Sys=0.00s Real=0.15s
....[5067.653s][info][gc,start       ] GC(676) Pause Young (Normal) (G1 Evacuation Pause)
[5067.653s][info][gc,task        ] GC(676) Using 8 workers of 8 for evacuation
[5067.805s][info][gc,phases      ] GC(676)   Pre Evacuate Collection Set: 0.24ms
[5067.805s][info][gc,phases      ] GC(676)   Merge Heap Roots: 0.51ms
[5067.805s][info][gc,phases      ] GC(676)   Evacuate Collection Set: 150.06ms
[5067.805s][info][gc,phases      ] GC(676)   Post Evacuate Collection Set: 1.00ms
[5067.805s][info][gc,phases      ] GC(676)   Other: 0.08ms
[5067.805s][info][gc,heap        ] GC(676) Eden regions: 559->0(552)
[5067.805s][info][gc,heap        ] GC(676) Survivor regions: 44->44(76)
[5067.805s][info][gc,heap        ] GC(676) Old regions: 292->299
[5067.805s][info][gc,heap        ] GC(676) Humongous regions: 33->33
[5067.805s][info][gc,metaspace   ] GC(676) Metaspace: 30007K(30144K)->30007K(30144K) NonClass: 30007K(30144K)->30007K(30144K) Class: 0K(0K)->0K(0K)
[5067.805s][info][gc             ] GC(676) Pause Young (Normal) (G1 Evacuation Pause) 7411M->2991M(8192M) 152.021ms
[5067.805s][info][gc,cpu         ] GC(676) User=1.21s Sys=0.00s Real=0.15s
.....[5071.946s][info][gc,start       ] GC(677) Pause Young (Normal) (G1 Evacuation Pause)
[5071.946s][info][gc,task        ] GC(677) Using 8 workers of 8 for evacuation
[5072.099s][info][gc,phases      ] GC(677)   Pre Evacuate Collection Set: 0.27ms
[5072.099s][info][gc,phases      ] GC(677)   Merge Heap Roots: 0.60ms
[5072.099s][info][gc,phases      ] GC(677)   Evacuate Collection Set: 150.09ms
[5072.099s][info][gc,phases      ] GC(677)   Post Evacuate Collection Set: 1.01ms
[5072.099s][info][gc,phases      ] GC(677)   Other: 0.06ms
[5072.099s][info][gc,heap        ] GC(677) Eden regions: 552->0(544)
[5072.099s][info][gc,heap        ] GC(677) Survivor regions: 44->44(75)
[5072.099s][info][gc,heap        ] GC(677) Old regions: 299->307
[5072.099s][info][gc,heap        ] GC(677) Humongous regions: 33->33
[5072.099s][info][gc,metaspace   ] GC(677) Metaspace: 30007K(30144K)->30007K(30144K) NonClass: 30007K(30144K)->30007K(30144K) Class: 0K(0K)->0K(0K)
[5072.099s][info][gc             ] GC(677) Pause Young (Normal) (G1 Evacuation Pause) 7407M->3051M(8192M) 152.164ms
[5072.099s][info][gc,cpu         ] GC(677) User=1.21s Sys=0.00s Real=0.15s
....[5076.260s][info][gc,start       ] GC(678) Pause Young (Concurrent Start) (G1 Evacuation Pause)
[5076.260s][info][gc,task        ] GC(678) Using 8 workers of 8 for evacuation
[5076.405s][info][gc,phases      ] GC(678)   Pre Evacuate Collection Set: 0.30ms
[5076.405s][info][gc,phases      ] GC(678)   Merge Heap Roots: 0.52ms
[5076.405s][info][gc,phases      ] GC(678)   Evacuate Collection Set: 142.68ms
[5076.405s][info][gc,phases      ] GC(678)   Post Evacuate Collection Set: 1.03ms
[5076.405s][info][gc,phases      ] GC(678)   Other: 0.08ms
[5076.405s][info][gc,heap        ] GC(678) Eden regions: 544->0(540)
[5076.405s][info][gc,heap        ] GC(678) Survivor regions: 44->42(74)
[5076.405s][info][gc,heap        ] GC(678) Old regions: 307->315
[5076.405s][info][gc,heap        ] GC(678) Humongous regions: 33->33
[5076.405s][info][gc,metaspace   ] GC(678) Metaspace: 30007K(30144K)->30007K(30144K) NonClass: 30007K(30144K)->30007K(30144K) Class: 0K(0K)->0K(0K)
[5076.405s][info][gc             ] GC(678) Pause Young (Concurrent Start) (G1 Evacuation Pause) 7403M->3105M(8192M) 144.742ms
[5076.405s][info][gc             ] GC(679) Concurrent Mark Cycle
[5076.405s][info][gc,marking     ] GC(679) Concurrent Scan Root Regions
[5076.405s][info][gc,cpu         ] GC(678) User=1.15s Sys=0.00s Real=0.14s
[5076.683s][info][gc,marking     ] GC(679) Concurrent Scan Root Regions 278.499ms
[5076.684s][info][gc,marking     ] GC(679) Concurrent Mark
[5076.684s][info][gc,marking     ] GC(679) Concurrent Mark From Roots
[5076.684s][info][gc,task        ] GC(679) Using 2 workers of 2 for marking
.[5077.633s][info][gc,marking     ] GC(679) Concurrent Mark From Roots 949.298ms
[5077.633s][info][gc,marking     ] GC(679) Concurrent Preclean
[5077.633s][info][gc,marking     ] GC(679) Concurrent Preclean 0.147ms
[5077.633s][info][gc,start       ] GC(679) Pause Remark
[5077.636s][info][gc             ] GC(679) Pause Remark 4482M->3834M(8192M) 2.442ms
[5077.636s][info][gc,cpu         ] GC(679) User=0.02s Sys=0.00s Real=0.00s
[5077.636s][info][gc,marking     ] GC(679) Concurrent Mark 952.890ms
[5077.636s][info][gc,marking     ] GC(679) Concurrent Rebuild Remembered Sets and Scrub Regions
.[5078.212s][info][gc,marking     ] GC(679) Concurrent Rebuild Remembered Sets and Scrub Regions 575.845ms
[5078.212s][info][gc,start       ] GC(679) Pause Cleanup
[5078.213s][info][gc             ] GC(679) Pause Cleanup 4453M->4453M(8192M) 0.285ms
[5078.213s][info][gc,cpu         ] GC(679) User=0.00s Sys=0.00s Real=0.00s
[5078.213s][info][gc,marking     ] GC(679) Concurrent Clear Claimed Marks
[5078.213s][info][gc,marking     ] GC(679) Concurrent Clear Claimed Marks 0.056ms
[5078.213s][info][gc,marking     ] GC(679) Concurrent Cleanup for Next Mark
[5078.223s][info][gc,marking     ] GC(679) Concurrent Cleanup for Next Mark 10.475ms
[5078.223s][info][gc             ] GC(679) Concurrent Mark Cycle 1818.471ms
..[5080.524s][info][gc,start       ] GC(680) Pause Young (Prepare Mixed) (G1 Evacuation Pause)
[5080.524s][info][gc,task        ] GC(680) Using 8 workers of 8 for evacuation
[5080.672s][info][gc,phases      ] GC(680)   Pre Evacuate Collection Set: 0.24ms
[5080.672s][info][gc,phases      ] GC(680)   Merge Heap Roots: 0.71ms
[5080.672s][info][gc,phases      ] GC(680)   Evacuate Collection Set: 145.36ms
[5080.672s][info][gc,phases      ] GC(680)   Post Evacuate Collection Set: 1.10ms
[5080.672s][info][gc,phases      ] GC(680)   Other: 0.06ms
[5080.672s][info][gc,heap        ] GC(680) Eden regions: 540->0(572)
[5080.672s][info][gc,heap        ] GC(680) Survivor regions: 42->42(73)
[5080.672s][info][gc,heap        ] GC(680) Old regions: 234->242
[5080.672s][info][gc,heap        ] GC(680) Humongous regions: 33->33
[5080.672s][info][gc,metaspace   ] GC(680) Metaspace: 30007K(30144K)->30007K(30144K) NonClass: 30007K(30144K)->30007K(30144K) Class: 0K(0K)->0K(0K)
[5080.672s][info][gc             ] GC(680) Pause Young (Prepare Mixed) (G1 Evacuation Pause) 6777M->2518M(8192M) 147.603ms
[5080.672s][info][gc,cpu         ] GC(680) User=1.17s Sys=0.00s Real=0.15s
...|..[5085.016s][info][gc,start       ] GC(681) Pause Young (Mixed) (G1 Evacuation Pause)
[5085.016s][info][gc,task        ] GC(681) Using 8 workers of 8 for evacuation
[5085.172s][info][gc,phases      ] GC(681)   Pre Evacuate Collection Set: 0.30ms
[5085.172s][info][gc,phases      ] GC(681)   Merge Heap Roots: 0.84ms
[5085.172s][info][gc,phases      ] GC(681)   Evacuate Collection Set: 153.17ms
[5085.172s][info][gc,phases      ] GC(681)   Post Evacuate Collection Set: 1.24ms
[5085.172s][info][gc,phases      ] GC(681)   Other: 0.07ms
[5085.172s][info][gc,heap        ] GC(681) Eden regions: 572->0(571)
[5085.172s][info][gc,heap        ] GC(681) Survivor regions: 42->43(77)
[5085.172s][info][gc,heap        ] GC(681) Old regions: 242->148
[5085.172s][info][gc,heap        ] GC(681) Humongous regions: 33->33
[5085.172s][info][gc,metaspace   ] GC(681) Metaspace: 30012K(30144K)->30012K(30144K) NonClass: 30012K(30144K)->30012K(30144K) Class: 0K(0K)->0K(0K)
[5085.172s][info][gc             ] GC(681) Pause Young (Mixed) (G1 Evacuation Pause) 7094M->1772M(8192M) 155.750ms
[5085.172s][info][gc,cpu         ] GC(681) User=1.23s Sys=0.00s Real=0.16s
....[5089.581s][info][gc,start       ] GC(682) Pause Young (Mixed) (G1 Evacuation Pause)
[5089.581s][info][gc,task        ] GC(682) Using 8 workers of 8 for evacuation
[5089.733s][info][gc,phases      ] GC(682)   Pre Evacuate Collection Set: 0.26ms
[5089.733s][info][gc,phases      ] GC(682)   Merge Heap Roots: 0.65ms
[5089.733s][info][gc,phases      ] GC(682)   Evacuate Collection Set: 149.82ms
[5089.733s][info][gc,phases      ] GC(682)   Post Evacuate Collection Set: 1.07ms
[5089.733s][info][gc,phases      ] GC(682)   Other: 0.06ms
[5089.733s][info][gc,heap        ] GC(682) Eden regions: 571->0(571)
[5089.733s][info][gc,heap        ] GC(682) Survivor regions: 43->43(77)
[5089.733s][info][gc,heap        ] GC(682) Old regions: 148->144
[5089.733s][info][gc,heap        ] GC(682) Humongous regions: 33->33
[5089.733s][info][gc,metaspace   ] GC(682) Metaspace: 30012K(30144K)->30012K(30144K) NonClass: 30012K(30144K)->30012K(30144K) Class: 0K(0K)->0K(0K)
[5089.733s][info][gc             ] GC(682) Pause Young (Mixed) (G1 Evacuation Pause) 6340M->1740M(8192M) 152.007ms
[5089.733s][info][gc,cpu         ] GC(682) User=1.20s Sys=0.00s Real=0.15s
.....[5093.938s][info][gc,start       ] GC(683) Pause Young (Normal) (G1 Evacuation Pause)
[5093.938s][info][gc,task        ] GC(683) Using 8 workers of 8 for evacuation
[5094.091s][info][gc,phases      ] GC(683)   Pre Evacuate Collection Set: 0.25ms
[5094.091s][info][gc,phases      ] GC(683)   Merge Heap Roots: 0.52ms
[5094.091s][info][gc,phases      ] GC(683)   Evacuate Collection Set: 150.65ms
[5094.091s][info][gc,phases      ] GC(683)   Post Evacuate Collection Set: 1.01ms
[5094.091s][info][gc,phases      ] GC(683)   Other: 0.06ms
[5094.091s][info][gc,heap        ] GC(683) Eden regions: 571->0(570)
[5094.091s][info][gc,heap        ] GC(683) Survivor regions: 43->44(77)
[5094.091s][info][gc,heap        ] GC(683) Old regions: 144->151
[5094.091s][info][gc,heap        ] GC(683) Humongous regions: 33->33
[5094.091s][info][gc,metaspace   ] GC(683) Metaspace: 30012K(30144K)->30012K(30144K) NonClass: 30012K(30144K)->30012K(30144K) Class: 0K(0K)->0K(0K)
[5094.091s][info][gc             ] GC(683) Pause Young (Normal) (G1 Evacuation Pause) 6308M->1811M(8192M) 152.627ms
[5094.091s][info][gc,cpu         ] GC(683) User=1.21s Sys=0.00s Real=0.16s
....[5098.519s][info][gc,start       ] GC(684) Pause Young (Normal) (G1 Evacuation Pause)
[5098.519s][info][gc,task        ] GC(684) Using 8 workers of 8 for evacuation
[5098.664s][info][gc,phases      ] GC(684)   Pre Evacuate Collection Set: 0.25ms
[5098.664s][info][gc,phases      ] GC(684)   Merge Heap Roots: 0.50ms
[5098.664s][info][gc,phases      ] GC(684)   Evacuate Collection Set: 143.60ms
[5098.664s][info][gc,phases      ] GC(684)   Post Evacuate Collection Set: 1.05ms
[5098.664s][info][gc,phases      ] GC(684)   Other: 0.07ms
[5098.664s][info][gc,heap        ] GC(684) Eden regions: 570->0(572)
[5098.664s][info][gc,heap        ] GC(684) Survivor regions: 44->42(77)
[5098.664s][info][gc,heap        ] GC(684) Old regions: 151->158
[5098.664s][info][gc,heap        ] GC(684) Humongous regions: 33->33
[5098.664s][info][gc,metaspace   ] GC(684) Metaspace: 30012K(30144K)->30012K(30144K) NonClass: 30012K(30144K)->30012K(30144K) Class: 0K(0K)->0K(0K)
[5098.664s][info][gc             ] GC(684) Pause Young (Normal) (G1 Evacuation Pause) 6371M->1851M(8192M) 145.596ms
[5098.664s][info][gc,cpu         ] GC(684) User=1.15s Sys=0.00s Real=0.15s
.....[5103.064s][info][gc,start       ] GC(685) Pause Young (Normal) (G1 Evacuation Pause)
[5103.064s][info][gc,task        ] GC(685) Using 8 workers of 8 for evacuation
[5103.213s][info][gc,phases      ] GC(685)   Pre Evacuate Collection Set: 0.27ms
[5103.213s][info][gc,phases      ] GC(685)   Merge Heap Roots: 0.51ms
[5103.213s][info][gc,phases      ] GC(685)   Evacuate Collection Set: 147.19ms
[5103.213s][info][gc,phases      ] GC(685)   Post Evacuate Collection Set: 1.04ms
[5103.213s][info][gc,phases      ] GC(685)   Other: 0.06ms
[5103.213s][info][gc,heap        ] GC(685) Eden regions: 572->0(571)
[5103.213s][info][gc,heap        ] GC(685) Survivor regions: 42->43(77)
[5103.213s][info][gc,heap        ] GC(685) Old regions: 158->166
[5103.213s][info][gc,heap        ] GC(685) Humongous regions: 33->33
[5103.213s][info][gc,metaspace   ] GC(685) Metaspace: 30012K(30144K)->30012K(30144K) NonClass: 30012K(30144K)->30012K(30144K) Class: 0K(0K)->0K(0K)
[5103.213s][info][gc             ] GC(685) Pause Young (Normal) (G1 Evacuation Pause) 6427M->1917M(8192M) 149.188ms
[5103.213s][info][gc,cpu         ] GC(685) User=1.18s Sys=0.01s Real=0.15s
....[5107.393s][info][gc,start       ] GC(686) Pause Young (Normal) (G1 Evacuation Pause)
[5107.393s][info][gc,task        ] GC(686) Using 8 workers of 8 for evacuation
[5107.540s][info][gc,phases      ] GC(686)   Pre Evacuate Collection Set: 0.25ms
[5107.540s][info][gc,phases      ] GC(686)   Merge Heap Roots: 0.53ms
[5107.540s][info][gc,phases      ] GC(686)   Evacuate Collection Set: 145.08ms
[5107.540s][info][gc,phases      ] GC(686)   Post Evacuate Collection Set: 1.04ms
[5107.540s][info][gc,phases      ] GC(686)   Other: 0.06ms
[5107.540s][info][gc,heap        ] GC(686) Eden regions: 571->0(571)
[5107.540s][info][gc,heap        ] GC(686) Survivor regions: 43->43(77)
[5107.540s][info][gc,heap        ] GC(686) Old regions: 166->172
[5107.540s][info][gc,heap        ] GC(686) Humongous regions: 33->33
[5107.540s][info][gc,metaspace   ] GC(686) Metaspace: 30012K(30144K)->30012K(30144K) NonClass: 30012K(30144K)->30012K(30144K) Class: 0K(0K)->0K(0K)
[5107.540s][info][gc             ] GC(686) Pause Young (Normal) (G1 Evacuation Pause) 6485M->1967M(8192M) 147.101ms
[5107.540s][info][gc,cpu         ] GC(686) User=1.16s Sys=0.00s Real=0.15s
.....[5111.839s][info][gc,start       ] GC(687) Pause Young (Normal) (G1 Evacuation Pause)
[5111.839s][info][gc,task        ] GC(687) Using 8 workers of 8 for evacuation
[5111.991s][info][gc,phases      ] GC(687)   Pre Evacuate Collection Set: 0.24ms
[5111.991s][info][gc,phases      ] GC(687)   Merge Heap Roots: 0.51ms
[5111.991s][info][gc,phases      ] GC(687)   Evacuate Collection Set: 150.60ms
[5111.991s][info][gc,phases      ] GC(687)   Post Evacuate Collection Set: 1.02ms
[5111.991s][info][gc,phases      ] GC(687)   Other: 0.07ms
[5111.991s][info][gc,heap        ] GC(687) Eden regions: 571->0(570)
[5111.991s][info][gc,heap        ] GC(687) Survivor regions: 43->44(77)
[5111.991s][info][gc,heap        ] GC(687) Old regions: 172->179
[5111.991s][info][gc,heap        ] GC(687) Humongous regions: 33->33
[5111.991s][info][gc,metaspace   ] GC(687) Metaspace: 30012K(30144K)->30012K(30144K) NonClass: 30012K(30144K)->30012K(30144K) Class: 0K(0K)->0K(0K)
[5111.991s][info][gc             ] GC(687) Pause Young (Normal) (G1 Evacuation Pause) 6535M->2031M(8192M) 152.557ms
[5111.991s][info][gc,cpu         ] GC(687) User=1.21s Sys=0.00s Real=0.16s
....[5116.288s][info][gc,start       ] GC(688) Pause Young (Normal) (G1 Evacuation Pause)
[5116.288s][info][gc,task        ] GC(688) Using 8 workers of 8 for evacuation
[5116.436s][info][gc,phases      ] GC(688)   Pre Evacuate Collection Set: 0.29ms
[5116.436s][info][gc,phases      ] GC(688)   Merge Heap Roots: 0.58ms
[5116.436s][info][gc,phases      ] GC(688)   Evacuate Collection Set: 146.05ms
[5116.436s][info][gc,phases      ] GC(688)   Post Evacuate Collection Set: 1.03ms
[5116.436s][info][gc,phases      ] GC(688)   Other: 0.06ms
[5116.436s][info][gc,heap        ] GC(688) Eden regions: 570->0(571)
[5116.436s][info][gc,heap        ] GC(688) Survivor regions: 44->43(77)
[5116.436s][info][gc,heap        ] GC(688) Old regions: 179->186
[5116.436s][info][gc,heap        ] GC(688) Humongous regions: 33->33
[5116.436s][info][gc,metaspace   ] GC(688) Metaspace: 30012K(30144K)->30012K(30144K) NonClass: 30012K(30144K)->30012K(30144K) Class: 0K(0K)->0K(0K)
[5116.436s][info][gc             ] GC(688) Pause Young (Normal) (G1 Evacuation Pause) 6591M->2083M(8192M) 148.131ms
[5116.436s][info][gc,cpu         ] GC(688) User=1.17s Sys=0.00s Real=0.15s
....[5120.774s][info][gc,start       ] GC(689) Pause Young (Normal) (G1 Evacuation Pause)
[5120.774s][info][gc,task        ] GC(689) Using 8 workers of 8 for evacuation
[5120.921s][info][gc,phases      ] GC(689)   Pre Evacuate Collection Set: 0.27ms
[5120.921s][info][gc,phases      ] GC(689)   Merge Heap Roots: 0.59ms
[5120.921s][info][gc,phases      ] GC(689)   Evacuate Collection Set: 144.98ms
[5120.921s][info][gc,phases      ] GC(689)   Post Evacuate Collection Set: 1.01ms
[5120.921s][info][gc,phases      ] GC(689)   Other: 0.07ms
[5120.921s][info][gc,heap        ] GC(689) Eden regions: 571->0(570)
[5120.921s][info][gc,heap        ] GC(689) Survivor regions: 43->44(77)
[5120.921s][info][gc,heap        ] GC(689) Old regions: 186->194
[5120.921s][info][gc,heap        ] GC(689) Humongous regions: 33->33
[5120.921s][info][gc,metaspace   ] GC(689) Metaspace: 30012K(30144K)->30012K(30144K) NonClass: 30012K(30144K)->30012K(30144K) Class: 0K(0K)->0K(0K)
[5120.921s][info][gc             ] GC(689) Pause Young (Normal) (G1 Evacuation Pause) 6651M->2145M(8192M) 147.052ms
[5120.921s][info][gc,cpu         ] GC(689) User=1.16s Sys=0.00s Real=0.15s
.....[5125.302s][info][gc,start       ] GC(690) Pause Young (Normal) (G1 Evacuation Pause)
[5125.302s][info][gc,task        ] GC(690) Using 8 workers of 8 for evacuation
[5125.447s][info][gc,phases      ] GC(690)   Pre Evacuate Collection Set: 0.24ms
[5125.447s][info][gc,phases      ] GC(690)   Merge Heap Roots: 0.50ms
[5125.447s][info][gc,phases      ] GC(690)   Evacuate Collection Set: 143.11ms
[5125.447s][info][gc,phases      ] GC(690)   Post Evacuate Collection Set: 1.05ms
[5125.447s][info][gc,phases      ] GC(690)   Other: 0.06ms
[5125.447s][info][gc,heap        ] GC(690) Eden regions: 570->0(571)
[5125.447s][info][gc,heap        ] GC(690) Survivor regions: 44->43(77)
[5125.447s][info][gc,heap        ] GC(690) Old regions: 194->201
[5125.447s][info][gc,heap        ] GC(690) Humongous regions: 33->33
[5125.447s][info][gc,metaspace   ] GC(690) Metaspace: 30012K(30144K)->30012K(30144K) NonClass: 30012K(30144K)->30012K(30144K) Class: 0K(0K)->0K(0K)
[5125.447s][info][gc             ] GC(690) Pause Young (Normal) (G1 Evacuation Pause) 6705M->2194M(8192M) 145.083ms
[5125.447s][info][gc,cpu         ] GC(690) User=1.15s Sys=0.01s Real=0.14s
....[5129.668s][info][gc,start       ] GC(691) Pause Young (Normal) (G1 Evacuation Pause)
[5129.668s][info][gc,task        ] GC(691) Using 8 workers of 8 for evacuation
[5129.823s][info][gc,phases      ] GC(691)   Pre Evacuate Collection Set: 0.27ms
[5129.824s][info][gc,phases      ] GC(691)   Merge Heap Roots: 0.59ms
[5129.824s][info][gc,phases      ] GC(691)   Evacuate Collection Set: 153.87ms
[5129.824s][info][gc,phases      ] GC(691)   Post Evacuate Collection Set: 1.07ms
[5129.824s][info][gc,phases      ] GC(691)   Other: 0.07ms
[5129.824s][info][gc,heap        ] GC(691) Eden regions: 571->0(569)
[5129.824s][info][gc,heap        ] GC(691) Survivor regions: 43->45(77)
[5129.824s][info][gc,heap        ] GC(691) Old regions: 201->208
[5129.824s][info][gc,heap        ] GC(691) Humongous regions: 33->33
[5129.824s][info][gc,metaspace   ] GC(691) Metaspace: 30012K(30144K)->30012K(30144K) NonClass: 30012K(30144K)->30012K(30144K) Class: 0K(0K)->0K(0K)
[5129.824s][info][gc             ] GC(691) Pause Young (Normal) (G1 Evacuation Pause) 6762M->2270M(8192M) 155.995ms
[5129.824s][info][gc,cpu         ] GC(691) User=1.23s Sys=0.00s Real=0.16s
.....[5134.085s][info][gc,start       ] GC(692) Pause Young (Normal) (G1 Evacuation Pause)
[5134.085s][info][gc,task        ] GC(692) Using 8 workers of 8 for evacuation
[5134.233s][info][gc,phases      ] GC(692)   Pre Evacuate Collection Set: 0.25ms
[5134.233s][info][gc,phases      ] GC(692)   Merge Heap Roots: 0.53ms
[5134.233s][info][gc,phases      ] GC(692)   Evacuate Collection Set: 145.23ms
[5134.233s][info][gc,phases      ] GC(692)   Post Evacuate Collection Set: 1.05ms
[5134.233s][info][gc,phases      ] GC(692)   Other: 0.06ms
[5134.233s][info][gc,heap        ] GC(692) Eden regions: 569->0(571)
[5134.233s][info][gc,heap        ] GC(692) Survivor regions: 45->43(77)
[5134.233s][info][gc,heap        ] GC(692) Old regions: 208->216
[5134.233s][info][gc,heap        ] GC(692) Humongous regions: 33->33
[5134.233s][info][gc,metaspace   ] GC(692) Metaspace: 30012K(30144K)->30012K(30144K) NonClass: 30012K(30144K)->30012K(30144K) Class: 0K(0K)->0K(0K)
[5134.233s][info][gc             ] GC(692) Pause Young (Normal) (G1 Evacuation Pause) 6822M->2317M(8192M) 147.257ms
[5134.233s][info][gc,cpu         ] GC(692) User=1.16s Sys=0.00s Real=0.15s
....[5138.569s][info][gc,start       ] GC(693) Pause Young (Normal) (G1 Evacuation Pause)
[5138.569s][info][gc,task        ] GC(693) Using 8 workers of 8 for evacuation
[5138.717s][info][gc,phases      ] GC(693)   Pre Evacuate Collection Set: 0.26ms
[5138.717s][info][gc,phases      ] GC(693)   Merge Heap Roots: 0.52ms
[5138.717s][info][gc,phases      ] GC(693)   Evacuate Collection Set: 145.20ms
[5138.717s][info][gc,phases      ] GC(693)   Post Evacuate Collection Set: 1.02ms
[5138.717s][info][gc,phases      ] GC(693)   Other: 0.08ms
[5138.717s][info][gc,heap        ] GC(693) Eden regions: 571->0(571)
[5138.717s][info][gc,heap        ] GC(693) Survivor regions: 43->43(77)
[5138.717s][info][gc,heap        ] GC(693) Old regions: 216->222
[5138.717s][info][gc,heap        ] GC(693) Humongous regions: 33->33
[5138.717s][info][gc,metaspace   ] GC(693) Metaspace: 30012K(30144K)->30012K(30144K) NonClass: 30012K(30144K)->30012K(30144K) Class: 0K(0K)->0K(0K)
[5138.717s][info][gc             ] GC(693) Pause Young (Normal) (G1 Evacuation Pause) 6885M->2371M(8192M) 147.223ms
[5138.717s][info][gc,cpu         ] GC(693) User=1.17s Sys=0.00s Real=0.15s
.....[5143.037s][info][gc,start       ] GC(694) Pause Young (Normal) (G1 Evacuation Pause)
[5143.037s][info][gc,task        ] GC(694) Using 8 workers of 8 for evacuation
[5143.191s][info][gc,phases      ] GC(694)   Pre Evacuate Collection Set: 0.22ms
[5143.191s][info][gc,phases      ] GC(694)   Merge Heap Roots: 0.51ms
[5143.191s][info][gc,phases      ] GC(694)   Evacuate Collection Set: 152.21ms
[5143.191s][info][gc,phases      ] GC(694)   Post Evacuate Collection Set: 1.02ms
[5143.191s][info][gc,phases      ] GC(694)   Other: 0.06ms
[5143.191s][info][gc,heap        ] GC(694) Eden regions: 571->0(570)
[5143.191s][info][gc,heap        ] GC(694) Survivor regions: 43->44(77)
[5143.191s][info][gc,heap        ] GC(694) Old regions: 222->229
[5143.191s][info][gc,heap        ] GC(694) Humongous regions: 33->33
[5143.191s][info][gc,metaspace   ] GC(694) Metaspace: 30012K(30144K)->30012K(30144K) NonClass: 30012K(30144K)->30012K(30144K) Class: 0K(0K)->0K(0K)
[5143.191s][info][gc             ] GC(694) Pause Young (Normal) (G1 Evacuation Pause) 6939M->2435M(8192M) 154.157ms
[5143.191s][info][gc,cpu         ] GC(694) User=1.22s Sys=0.01s Real=0.16s
 (rIR:aIR:PR = 8579:8632:8633) (tPR = 128660) [OK] 
  5142s: Performance info:
         Transaction,    Success,    Partial,     Failed,   Receipts, AvgBarcode, 
             Overall,     518954,          0,          0,     493133,      59.48, 
         Response times:
             Request,    Success,    Partial,     Failed,   SkipFail,     Probes,    Samples,      min,      p50,      p90,      p95,      p99,      max, 
       TotalPurchase,     493091,          0,          0,          0,     358329,     521321,      300,     5600,    14700,    49000,   118000,   970000,
     InStorePurchase,     259279,          0,          0,          0,     188654,     274114,      300,     5400,    14600,    48000,   116000,   970000,
      OnlinePurchase,     181952,          0,          0,          0,     131532,     191411,      300,     5700,    14800,    50000,   122000,   970000,
        InstPurchase,      51860,          0,          0,          0,      38143,      55796,      400,     5900,    15300,    48000,   110000,   970000,
          AssocOfCat,        513,          0,          0,          0,        414,        709,    30000,    44000,    70000,   101500,   192100,   211000,
      AssocOfProduct,       5169,          0,          0,          0,       3712,       5625,      500,     5700,    15300,    47000,   107000,   501000,
      BusinessReport,       1286,          0,          0,          0,       1176,       1873,    26000,    47000,    74000,   101300,   207000,   259000,
          CustBuyBeh,       5173,          0,          0,          0,       3696,       5709,      200,     4800,    13600,    40000,   106900,   441000,
       ProductReturn,      13669,          0,          0,          0,       9502,      13982,      300,     5800,    15000,    58000,   114000,   502000,

  5142s: (63%)   IR =   8717 ....[5147.500s][info][gc,start       ] GC(695) Pause Young (Normal) (G1 Evacuation Pause)
[5147.500s][info][gc,task        ] GC(695) Using 8 workers of 8 for evacuation
[5147.652s][info][gc,phases      ] GC(695)   Pre Evacuate Collection Set: 0.25ms
[5147.652s][info][gc,phases      ] GC(695)   Merge Heap Roots: 0.51ms
[5147.652s][info][gc,phases      ] GC(695)   Evacuate Collection Set: 149.72ms
[5147.652s][info][gc,phases      ] GC(695)   Post Evacuate Collection Set: 1.13ms
[5147.652s][info][gc,phases      ] GC(695)   Other: 0.06ms
[5147.652s][info][gc,heap        ] GC(695) Eden regions: 570->0(570)
[5147.652s][info][gc,heap        ] GC(695) Survivor regions: 44->44(77)
[5147.652s][info][gc,heap        ] GC(695) Old regions: 229->236
[5147.652s][info][gc,heap        ] GC(695) Humongous regions: 33->33
[5147.652s][info][gc,metaspace   ] GC(695) Metaspace: 30012K(30144K)->30012K(30144K) NonClass: 30012K(30144K)->30012K(30144K) Class: 0K(0K)->0K(0K)
[5147.652s][info][gc             ] GC(695) Pause Young (Normal) (G1 Evacuation Pause) 6995M->2491M(8192M) 151.815ms
[5147.652s][info][gc,cpu         ] GC(695) User=1.20s Sys=0.01s Real=0.15s
....[5151.833s][info][gc,start       ] GC(696) Pause Young (Normal) (G1 Evacuation Pause)
[5151.833s][info][gc,task        ] GC(696) Using 8 workers of 8 for evacuation
[5151.981s][info][gc,phases      ] GC(696)   Pre Evacuate Collection Set: 0.28ms
[5151.981s][info][gc,phases      ] GC(696)   Merge Heap Roots: 0.53ms
[5151.981s][info][gc,phases      ] GC(696)   Evacuate Collection Set: 145.87ms
[5151.981s][info][gc,phases      ] GC(696)   Post Evacuate Collection Set: 1.08ms
[5151.981s][info][gc,phases      ] GC(696)   Other: 0.06ms
[5151.981s][info][gc,heap        ] GC(696) Eden regions: 570->0(570)
[5151.981s][info][gc,heap        ] GC(696) Survivor regions: 44->44(77)
[5151.981s][info][gc,heap        ] GC(696) Old regions: 236->244
[5151.981s][info][gc,heap        ] GC(696) Humongous regions: 33->33
[5151.981s][info][gc,metaspace   ] GC(696) Metaspace: 30012K(30144K)->30012K(30144K) NonClass: 30012K(30144K)->30012K(30144K) Class: 0K(0K)->0K(0K)
[5151.981s][info][gc             ] GC(696) Pause Young (Normal) (G1 Evacuation Pause) 7051M->2545M(8192M) 147.945ms
[5151.981s][info][gc,cpu         ] GC(696) User=1.17s Sys=0.00s Real=0.15s
.....|[5156.343s][info][gc,start       ] GC(697) Pause Young (Normal) (G1 Evacuation Pause)
[5156.343s][info][gc,task        ] GC(697) Using 8 workers of 8 for evacuation
[5156.490s][info][gc,phases      ] GC(697)   Pre Evacuate Collection Set: 0.25ms
[5156.490s][info][gc,phases      ] GC(697)   Merge Heap Roots: 0.52ms
[5156.490s][info][gc,phases      ] GC(697)   Evacuate Collection Set: 144.77ms
[5156.490s][info][gc,phases      ] GC(697)   Post Evacuate Collection Set: 1.02ms
[5156.490s][info][gc,phases      ] GC(697)   Other: 0.06ms
[5156.490s][info][gc,heap        ] GC(697) Eden regions: 570->0(571)
[5156.490s][info][gc,heap        ] GC(697) Survivor regions: 44->43(77)
[5156.490s][info][gc,heap        ] GC(697) Old regions: 244->251
[5156.490s][info][gc,heap        ] GC(697) Humongous regions: 33->33
[5156.490s][info][gc,metaspace   ] GC(697) Metaspace: 30012K(30144K)->30012K(30144K) NonClass: 30012K(30144K)->30012K(30144K) Class: 0K(0K)->0K(0K)
[5156.490s][info][gc             ] GC(697) Pause Young (Normal) (G1 Evacuation Pause) 7105M->2598M(8192M) 146.755ms
[5156.490s][info][gc,cpu         ] GC(697) User=1.17s Sys=0.00s Real=0.15s
....[5160.690s][info][gc,start       ] GC(698) Pause Young (Normal) (G1 Evacuation Pause)
[5160.690s][info][gc,task        ] GC(698) Using 8 workers of 8 for evacuation
[5160.843s][info][gc,phases      ] GC(698)   Pre Evacuate Collection Set: 0.24ms
[5160.843s][info][gc,phases      ] GC(698)   Merge Heap Roots: 0.51ms
[5160.843s][info][gc,phases      ] GC(698)   Evacuate Collection Set: 151.41ms
[5160.843s][info][gc,phases      ] GC(698)   Post Evacuate Collection Set: 1.04ms
[5160.843s][info][gc,phases      ] GC(698)   Other: 0.07ms
[5160.843s][info][gc,heap        ] GC(698) Eden regions: 571->0(570)
[5160.843s][info][gc,heap        ] GC(698) Survivor regions: 43->44(77)
[5160.843s][info][gc,heap        ] GC(698) Old regions: 251->258
[5160.843s][info][gc,heap        ] GC(698) Humongous regions: 33->33
[5160.843s][info][gc,metaspace   ] GC(698) Metaspace: 30012K(30144K)->30012K(30144K) NonClass: 30012K(30144K)->30012K(30144K) Class: 0K(0K)->0K(0K)
[5160.843s][info][gc             ] GC(698) Pause Young (Normal) (G1 Evacuation Pause) 7166M->2662M(8192M) 153.396ms
[5160.843s][info][gc,cpu         ] GC(698) User=1.22s Sys=0.00s Real=0.15s
....[5165.090s][info][gc,start       ] GC(699) Pause Young (Normal) (G1 Evacuation Pause)
[5165.090s][info][gc,task        ] GC(699) Using 8 workers of 8 for evacuation
[5165.237s][info][gc,phases      ] GC(699)   Pre Evacuate Collection Set: 0.28ms
[5165.237s][info][gc,phases      ] GC(699)   Merge Heap Roots: 0.52ms
[5165.237s][info][gc,phases      ] GC(699)   Evacuate Collection Set: 144.83ms
[5165.237s][info][gc,phases      ] GC(699)   Post Evacuate Collection Set: 1.07ms
[5165.237s][info][gc,phases      ] GC(699)   Other: 0.06ms
[5165.237s][info][gc,heap        ] GC(699) Eden regions: 570->0(571)
[5165.237s][info][gc,heap        ] GC(699) Survivor regions: 44->43(77)
[5165.237s][info][gc,heap        ] GC(699) Old regions: 258->265
[5165.237s][info][gc,heap        ] GC(699) Humongous regions: 33->33
[5165.237s][info][gc,metaspace   ] GC(699) Metaspace: 30012K(30144K)->30012K(30144K) NonClass: 30012K(30144K)->30012K(30144K) Class: 0K(0K)->0K(0K)
[5165.237s][info][gc             ] GC(699) Pause Young (Normal) (G1 Evacuation Pause) 7222M->2709M(8192M) 146.887ms
[5165.237s][info][gc,cpu         ] GC(699) User=1.17s Sys=0.00s Real=0.14s
.....[5169.459s][info][gc,start       ] GC(700) Pause Young (Normal) (G1 Evacuation Pause)
[5169.460s][info][gc,task        ] GC(700) Using 8 workers of 8 for evacuation
[5169.605s][info][gc,phases      ] GC(700)   Pre Evacuate Collection Set: 0.25ms
[5169.605s][info][gc,phases      ] GC(700)   Merge Heap Roots: 0.50ms
[5169.605s][info][gc,phases      ] GC(700)   Evacuate Collection Set: 143.27ms
[5169.605s][info][gc,phases      ] GC(700)   Post Evacuate Collection Set: 1.03ms
[5169.605s][info][gc,phases      ] GC(700)   Other: 0.07ms
[5169.605s][info][gc,heap        ] GC(700) Eden regions: 571->0(571)
[5169.605s][info][gc,heap        ] GC(700) Survivor regions: 43->43(77)
[5169.605s][info][gc,heap        ] GC(700) Old regions: 265->272
[5169.605s][info][gc,heap        ] GC(700) Humongous regions: 33->33
[5169.605s][info][gc,metaspace   ] GC(700) Metaspace: 30012K(30144K)->30012K(30144K) NonClass: 30012K(30144K)->30012K(30144K) Class: 0K(0K)->0K(0K)
[5169.605s][info][gc             ] GC(700) Pause Young (Normal) (G1 Evacuation Pause) 7277M->2769M(8192M) 145.269ms
[5169.605s][info][gc,cpu         ] GC(700) User=1.15s Sys=0.00s Real=0.15s
....[5173.923s][info][gc,start       ] GC(701) Pause Young (Normal) (G1 Evacuation Pause)
[5173.923s][info][gc,task        ] GC(701) Using 8 workers of 8 for evacuation
[5174.072s][info][gc,phases      ] GC(701)   Pre Evacuate Collection Set: 0.24ms
[5174.072s][info][gc,phases      ] GC(701)   Merge Heap Roots: 0.50ms
[5174.072s][info][gc,phases      ] GC(701)   Evacuate Collection Set: 147.61ms
[5174.072s][info][gc,phases      ] GC(701)   Post Evacuate Collection Set: 1.03ms
[5174.072s][info][gc,phases      ] GC(701)   Other: 0.06ms
[5174.072s][info][gc,heap        ] GC(701) Eden regions: 571->0(571)
[5174.072s][info][gc,heap        ] GC(701) Survivor regions: 43->43(77)
[5174.072s][info][gc,heap        ] GC(701) Old regions: 272->279
[5174.072s][info][gc,heap        ] GC(701) Humongous regions: 33->33
[5174.072s][info][gc,metaspace   ] GC(701) Metaspace: 30012K(30144K)->30012K(30144K) NonClass: 30012K(30144K)->30012K(30144K) Class: 0K(0K)->0K(0K)
[5174.072s][info][gc             ] GC(701) Pause Young (Normal) (G1 Evacuation Pause) 7337M->2823M(8192M) 149.583ms
[5174.072s][info][gc,cpu         ] GC(701) User=1.18s Sys=0.00s Real=0.15s
.....[5178.273s][info][gc,start       ] GC(702) Pause Young (Normal) (G1 Evacuation Pause)
[5178.273s][info][gc,task        ] GC(702) Using 8 workers of 8 for evacuation
[5178.423s][info][gc,phases      ] GC(702)   Pre Evacuate Collection Set: 0.24ms
[5178.423s][info][gc,phases      ] GC(702)   Merge Heap Roots: 0.51ms
[5178.423s][info][gc,phases      ] GC(702)   Evacuate Collection Set: 147.64ms
[5178.423s][info][gc,phases      ] GC(702)   Post Evacuate Collection Set: 1.04ms
[5178.423s][info][gc,phases      ] GC(702)   Other: 0.06ms
[5178.423s][info][gc,heap        ] GC(702) Eden regions: 571->0(567)
[5178.423s][info][gc,heap        ] GC(702) Survivor regions: 43->43(77)
[5178.423s][info][gc,heap        ] GC(702) Old regions: 279->286
[5178.423s][info][gc,heap        ] GC(702) Humongous regions: 33->33
[5178.423s][info][gc,metaspace   ] GC(702) Metaspace: 30012K(30144K)->30012K(30144K) NonClass: 30012K(30144K)->30012K(30144K) Class: 0K(0K)->0K(0K)
[5178.423s][info][gc             ] GC(702) Pause Young (Normal) (G1 Evacuation Pause) 7391M->2878M(8192M) 149.640ms
[5178.423s][info][gc,cpu         ] GC(702) User=1.19s Sys=0.00s Real=0.15s
....[5182.714s][info][gc,start       ] GC(703) Pause Young (Normal) (G1 Evacuation Pause)
[5182.714s][info][gc,task        ] GC(703) Using 8 workers of 8 for evacuation
[5182.869s][info][gc,phases      ] GC(703)   Pre Evacuate Collection Set: 0.25ms
[5182.869s][info][gc,phases      ] GC(703)   Merge Heap Roots: 0.53ms
[5182.869s][info][gc,phases      ] GC(703)   Evacuate Collection Set: 153.40ms
[5182.869s][info][gc,phases      ] GC(703)   Post Evacuate Collection Set: 1.03ms
[5182.869s][info][gc,phases      ] GC(703)   Other: 0.06ms
[5182.869s][info][gc,heap        ] GC(703) Eden regions: 567->0(557)
[5182.869s][info][gc,heap        ] GC(703) Survivor regions: 43->44(77)
[5182.869s][info][gc,heap        ] GC(703) Old regions: 286->294
[5182.869s][info][gc,heap        ] GC(703) Humongous regions: 33->33
[5182.869s][info][gc,metaspace   ] GC(703) Metaspace: 30012K(30144K)->30012K(30144K) NonClass: 30012K(30144K)->30012K(30144K) Class: 0K(0K)->0K(0K)
[5182.869s][info][gc             ] GC(703) Pause Young (Normal) (G1 Evacuation Pause) 7414M->2951M(8192M) 155.396ms
[5182.870s][info][gc,cpu         ] GC(703) User=1.24s Sys=0.00s Real=0.15s
....[5187.084s][info][gc,start       ] GC(704) Pause Young (Normal) (G1 Evacuation Pause)
[5187.084s][info][gc,task        ] GC(704) Using 8 workers of 8 for evacuation
[5187.233s][info][gc,phases      ] GC(704)   Pre Evacuate Collection Set: 0.27ms
[5187.233s][info][gc,phases      ] GC(704)   Merge Heap Roots: 0.52ms
[5187.233s][info][gc,phases      ] GC(704)   Evacuate Collection Set: 146.74ms
[5187.233s][info][gc,phases      ] GC(704)   Post Evacuate Collection Set: 1.02ms
[5187.233s][info][gc,phases      ] GC(704)   Other: 0.06ms
[5187.233s][info][gc,heap        ] GC(704) Eden regions: 557->0(552)
[5187.233s][info][gc,heap        ] GC(704) Survivor regions: 44->43(76)
[5187.233s][info][gc,heap        ] GC(704) Old regions: 294->301
[5187.233s][info][gc,heap        ] GC(704) Humongous regions: 33->33
[5187.233s][info][gc,metaspace   ] GC(704) Metaspace: 30012K(30144K)->30012K(30144K) NonClass: 30012K(30144K)->30012K(30144K) Class: 0K(0K)->0K(0K)
[5187.233s][info][gc             ] GC(704) Pause Young (Normal) (G1 Evacuation Pause) 7407M->2995M(8192M) 148.763ms
[5187.233s][info][gc,cpu         ] GC(704) User=1.18s Sys=0.00s Real=0.15s
.....[5191.351s][info][gc,start       ] GC(705) Pause Young (Normal) (G1 Evacuation Pause)
[5191.351s][info][gc,task        ] GC(705) Using 8 workers of 8 for evacuation
[5191.495s][info][gc,phases      ] GC(705)   Pre Evacuate Collection Set: 0.25ms
[5191.495s][info][gc,phases      ] GC(705)   Merge Heap Roots: 0.51ms
[5191.495s][info][gc,phases      ] GC(705)   Evacuate Collection Set: 142.25ms
[5191.495s][info][gc,phases      ] GC(705)   Post Evacuate Collection Set: 1.00ms
[5191.495s][info][gc,phases      ] GC(705)   Other: 0.07ms
[5191.495s][info][gc,heap        ] GC(705) Eden regions: 552->0(549)
[5191.495s][info][gc,heap        ] GC(705) Survivor regions: 43->41(75)
[5191.495s][info][gc,heap        ] GC(705) Old regions: 301->308
[5191.495s][info][gc,heap        ] GC(705) Humongous regions: 33->33
[5191.495s][info][gc,metaspace   ] GC(705) Metaspace: 30012K(30144K)->30012K(30144K) NonClass: 30012K(30144K)->30012K(30144K) Class: 0K(0K)->0K(0K)
[5191.495s][info][gc             ] GC(705) Pause Young (Normal) (G1 Evacuation Pause) 7411M->3043M(8192M) 144.191ms
[5191.495s][info][gc,cpu         ] GC(705) User=1.14s Sys=0.00s Real=0.14s
....[5195.580s][info][gc,start       ] GC(706) Pause Young (Concurrent Start) (G1 Evacuation Pause)
[5195.580s][info][gc,task        ] GC(706) Using 8 workers of 8 for evacuation
[5195.727s][info][gc,phases      ] GC(706)   Pre Evacuate Collection Set: 0.32ms
[5195.727s][info][gc,phases      ] GC(706)   Merge Heap Roots: 0.51ms
[5195.727s][info][gc,phases      ] GC(706)   Evacuate Collection Set: 145.11ms
[5195.727s][info][gc,phases      ] GC(706)   Post Evacuate Collection Set: 1.00ms
[5195.727s][info][gc,phases      ] GC(706)   Other: 0.08ms
[5195.727s][info][gc,heap        ] GC(706) Eden regions: 549->0(539)
[5195.727s][info][gc,heap        ] GC(706) Survivor regions: 41->42(74)
[5195.727s][info][gc,heap        ] GC(706) Old regions: 308->316
[5195.727s][info][gc,heap        ] GC(706) Humongous regions: 33->33
[5195.727s][info][gc,metaspace   ] GC(706) Metaspace: 30012K(30144K)->30012K(30144K) NonClass: 30012K(30144K)->30012K(30144K) Class: 0K(0K)->0K(0K)
[5195.727s][info][gc             ] GC(706) Pause Young (Concurrent Start) (G1 Evacuation Pause) 7435M->3110M(8192M) 147.150ms
[5195.727s][info][gc             ] GC(707) Concurrent Mark Cycle
[5195.727s][info][gc,marking     ] GC(707) Concurrent Scan Root Regions
[5195.727s][info][gc,cpu         ] GC(706) User=1.16s Sys=0.00s Real=0.14s
[5196.003s][info][gc,marking     ] GC(707) Concurrent Scan Root Regions 275.295ms
[5196.003s][info][gc,marking     ] GC(707) Concurrent Mark
[5196.003s][info][gc,marking     ] GC(707) Concurrent Mark From Roots
[5196.003s][info][gc,task        ] GC(707) Using 2 workers of 2 for marking
.[5196.900s][info][gc,marking     ] GC(707) Concurrent Mark From Roots 896.900ms
[5196.900s][info][gc,marking     ] GC(707) Concurrent Preclean
[5196.900s][info][gc,marking     ] GC(707) Concurrent Preclean 0.088ms
[5196.900s][info][gc,start       ] GC(707) Pause Remark
[5196.902s][info][gc             ] GC(707) Pause Remark 4414M->3718M(8192M) 2.439ms
[5196.902s][info][gc,cpu         ] GC(707) User=0.01s Sys=0.01s Real=0.00s
[5196.903s][info][gc,marking     ] GC(707) Concurrent Mark 899.745ms
[5196.903s][info][gc,marking     ] GC(707) Concurrent Rebuild Remembered Sets and Scrub Regions
.[5197.463s][info][gc,marking     ] GC(707) Concurrent Rebuild Remembered Sets and Scrub Regions 560.471ms
[5197.463s][info][gc,start       ] GC(707) Pause Cleanup
[5197.463s][info][gc             ] GC(707) Pause Cleanup 4334M->4334M(8192M) 0.254ms
[5197.463s][info][gc,cpu         ] GC(707) User=0.00s Sys=0.00s Real=0.00s
[5197.463s][info][gc,marking     ] GC(707) Concurrent Clear Claimed Marks
[5197.463s][info][gc,marking     ] GC(707) Concurrent Clear Claimed Marks 0.045ms
[5197.464s][info][gc,marking     ] GC(707) Concurrent Cleanup for Next Mark
[5197.470s][info][gc,marking     ] GC(707) Concurrent Cleanup for Next Mark 6.457ms
[5197.470s][info][gc             ] GC(707) Concurrent Mark Cycle 1742.571ms
..[5199.784s][info][gc,start       ] GC(708) Pause Young (Prepare Mixed) (G1 Evacuation Pause)
[5199.784s][info][gc,task        ] GC(708) Using 8 workers of 8 for evacuation
[5199.932s][info][gc,phases      ] GC(708)   Pre Evacuate Collection Set: 0.27ms
[5199.932s][info][gc,phases      ] GC(708)   Merge Heap Roots: 0.66ms
[5199.932s][info][gc,phases      ] GC(708)   Evacuate Collection Set: 146.55ms
[5199.932s][info][gc,phases      ] GC(708)   Post Evacuate Collection Set: 1.10ms
[5199.932s][info][gc,phases      ] GC(708)   Other: 0.06ms
[5199.932s][info][gc,heap        ] GC(708) Eden regions: 539->0(571)
[5199.932s][info][gc,heap        ] GC(708) Survivor regions: 42->43(73)
[5199.932s][info][gc,heap        ] GC(708) Old regions: 229->236
[5199.932s][info][gc,heap        ] GC(708) Humongous regions: 33->33
[5199.932s][info][gc,metaspace   ] GC(708) Metaspace: 30012K(30144K)->30012K(30144K) NonClass: 30012K(30144K)->30012K(30144K) Class: 0K(0K)->0K(0K)
[5199.932s][info][gc             ] GC(708) Pause Young (Prepare Mixed) (G1 Evacuation Pause) 6726M->2479M(8192M) 148.774ms
[5199.932s][info][gc,cpu         ] GC(708) User=1.17s Sys=0.00s Real=0.15s
....[5204.210s][info][gc,start       ] GC(709) Pause Young (Mixed) (G1 Evacuation Pause)
[5204.210s][info][gc,task        ] GC(709) Using 8 workers of 8 for evacuation
[5204.364s][info][gc,phases      ] GC(709)   Pre Evacuate Collection Set: 0.30ms
[5204.364s][info][gc,phases      ] GC(709)   Merge Heap Roots: 0.85ms
[5204.364s][info][gc,phases      ] GC(709)   Evacuate Collection Set: 151.76ms
[5204.364s][info][gc,phases      ] GC(709)   Post Evacuate Collection Set: 1.21ms
[5204.364s][info][gc,phases      ] GC(709)   Other: 0.07ms
[5204.364s][info][gc,heap        ] GC(709) Eden regions: 571->0(571)
[5204.364s][info][gc,heap        ] GC(709) Survivor regions: 43->43(77)
[5204.364s][info][gc,heap        ] GC(709) Old regions: 236->143
[5204.364s][info][gc,heap        ] GC(709) Humongous regions: 33->33
[5204.364s][info][gc,metaspace   ] GC(709) Metaspace: 30012K(30144K)->30012K(30144K) NonClass: 30012K(30144K)->30012K(30144K) Class: 0K(0K)->0K(0K)
[5204.364s][info][gc             ] GC(709) Pause Young (Mixed) (G1 Evacuation Pause) 7047M->1731M(8192M) 154.323ms
[5204.364s][info][gc,cpu         ] GC(709) User=1.22s Sys=0.00s Real=0.15s
.....[5208.485s][info][gc,start       ] GC(710) Pause Young (Mixed) (G1 Evacuation Pause)
[5208.485s][info][gc,task        ] GC(710) Using 8 workers of 8 for evacuation
[5208.634s][info][gc,phases      ] GC(710)   Pre Evacuate Collection Set: 0.25ms
[5208.634s][info][gc,phases      ] GC(710)   Merge Heap Roots: 0.70ms
[5208.634s][info][gc,phases      ] GC(710)   Evacuate Collection Set: 147.29ms
[5208.634s][info][gc,phases      ] GC(710)   Post Evacuate Collection Set: 1.05ms
[5208.634s][info][gc,phases      ] GC(710)   Other: 0.07ms
[5208.634s][info][gc,heap        ] GC(710) Eden regions: 571->0(571)
[5208.634s][info][gc,heap        ] GC(710) Survivor regions: 43->43(77)
[5208.634s][info][gc,heap        ] GC(710) Old regions: 143->144
[5208.634s][info][gc,heap        ] GC(710) Humongous regions: 33->33
[5208.634s][info][gc,metaspace   ] GC(710) Metaspace: 30012K(30144K)->30012K(30144K) NonClass: 30012K(30144K)->30012K(30144K) Class: 0K(0K)->0K(0K)
[5208.634s][info][gc             ] GC(710) Pause Young (Mixed) (G1 Evacuation Pause) 6299M->1741M(8192M) 149.490ms
[5208.634s][info][gc,cpu         ] GC(710) User=1.18s Sys=0.00s Real=0.15s
....[5212.851s][info][gc,start       ] GC(711) Pause Young (Normal) (G1 Evacuation Pause)
[5212.851s][info][gc,task        ] GC(711) Using 8 workers of 8 for evacuation
[5212.998s][info][gc,phases      ] GC(711)   Pre Evacuate Collection Set: 0.28ms
[5212.998s][info][gc,phases      ] GC(711)   Merge Heap Roots: 0.64ms
[5212.998s][info][gc,phases      ] GC(711)   Evacuate Collection Set: 145.07ms
[5212.998s][info][gc,phases      ] GC(711)   Post Evacuate Collection Set: 1.09ms
[5212.998s][info][gc,phases      ] GC(711)   Other: 0.07ms
[5212.998s][info][gc,heap        ] GC(711) Eden regions: 571->0(571)
[5212.998s][info][gc,heap        ] GC(711) Survivor regions: 43->43(77)
[5212.998s][info][gc,heap        ] GC(711) Old regions: 144->151
[5212.998s][info][gc,heap        ] GC(711) Humongous regions: 33->33
[5212.998s][info][gc,metaspace   ] GC(711) Metaspace: 30012K(30144K)->30012K(30144K) NonClass: 30012K(30144K)->30012K(30144K) Class: 0K(0K)->0K(0K)
[5212.998s][info][gc             ] GC(711) Pause Young (Normal) (G1 Evacuation Pause) 6309M->1798M(8192M) 147.285ms
[5212.998s][info][gc,cpu         ] GC(711) User=1.16s Sys=0.00s Real=0.14s
.... (rIR:aIR:PR = 8717:8731:8730) (tPR = 131139) [OK] 
  5216s: Performance info:
         Transaction,    Success,    Partial,     Failed,   Receipts, AvgBarcode, 
             Overall,     525190,          0,          0,     499097,      59.48, 
         Response times:
             Request,    Success,    Partial,     Failed,   SkipFail,     Probes,    Samples,      min,      p50,      p90,      p95,      p99,      max, 
       TotalPurchase,     499129,          0,          0,          0,     359528,     442515,      300,     5800,    16000,    53000,   122000,   700000,
     InStorePurchase,     261197,          0,          0,          0,     189199,     232355,      400,     5900,    15900,    54000,   124000,   700000,
      OnlinePurchase,     185932,          0,          0,          0,     132425,     163087,      300,     5800,    16300,    51000,   120000,   700000,
        InstPurchase,      52000,          0,          0,          0,      37904,      47073,      500,     5900,    15200,    52000,   122000,   610000,
          AssocOfCat,        519,          0,          0,          0,        447,        673,    27000,    46000,    71600,   109300,   168820,   215000,
      AssocOfProduct,       5272,          0,          0,          0,       3783,       4922,      800,     6000,    16570,    57000,   128620,   227000,
      BusinessReport,       1323,          0,          0,          0,       1207,       1596,    27000,    48000,    82000,   126000,   213000,   302000,
          CustBuyBeh,       5246,          0,          0,          0,       3742,       4807,      200,     3700,    14300,    37600,   112680,   700000,
       ProductReturn,      13759,          0,          0,          0,       9746,      12237,      200,     5800,    16200,    53000,   133620,   515000,

  5216s: (64%)   IR =   8856 [5217.234s][info][gc,start       ] GC(712) Pause Young (Normal) (G1 Evacuation Pause)
[5217.234s][info][gc,task        ] GC(712) Using 8 workers of 8 for evacuation
[5217.384s][info][gc,phases      ] GC(712)   Pre Evacuate Collection Set: 0.25ms
[5217.384s][info][gc,phases      ] GC(712)   Merge Heap Roots: 0.57ms
[5217.384s][info][gc,phases      ] GC(712)   Evacuate Collection Set: 147.94ms
[5217.384s][info][gc,phases      ] GC(712)   Post Evacuate Collection Set: 1.07ms
[5217.384s][info][gc,phases      ] GC(712)   Other: 0.06ms
[5217.384s][info][gc,heap        ] GC(712) Eden regions: 571->0(571)
[5217.384s][info][gc,heap        ] GC(712) Survivor regions: 43->43(77)
[5217.384s][info][gc,heap        ] GC(712) Old regions: 151->158
[5217.384s][info][gc,heap        ] GC(712) Humongous regions: 33->33
[5217.384s][info][gc,metaspace   ] GC(712) Metaspace: 30012K(30144K)->30012K(30144K) NonClass: 30012K(30144K)->30012K(30144K) Class: 0K(0K)->0K(0K)
[5217.384s][info][gc             ] GC(712) Pause Young (Normal) (G1 Evacuation Pause) 6366M->1855M(8192M) 150.046ms
[5217.384s][info][gc,cpu         ] GC(712) User=1.19s Sys=0.00s Real=0.15s
.....[5221.541s][info][gc,start       ] GC(713) Pause Young (Normal) (G1 Evacuation Pause)
[5221.541s][info][gc,task        ] GC(713) Using 8 workers of 8 for evacuation
[5221.690s][info][gc,phases      ] GC(713)   Pre Evacuate Collection Set: 0.25ms
[5221.690s][info][gc,phases      ] GC(713)   Merge Heap Roots: 0.53ms
[5221.690s][info][gc,phases      ] GC(713)   Evacuate Collection Set: 146.96ms
[5221.690s][info][gc,phases      ] GC(713)   Post Evacuate Collection Set: 1.11ms
[5221.690s][info][gc,phases      ] GC(713)   Other: 0.07ms
[5221.690s][info][gc,heap        ] GC(713) Eden regions: 571->0(571)
[5221.690s][info][gc,heap        ] GC(713) Survivor regions: 43->43(77)
[5221.690s][info][gc,heap        ] GC(713) Old regions: 158->165
[5221.690s][info][gc,heap        ] GC(713) Humongous regions: 33->33
[5221.690s][info][gc,metaspace   ] GC(713) Metaspace: 30012K(30144K)->30012K(30144K) NonClass: 30012K(30144K)->30012K(30144K) Class: 0K(0K)->0K(0K)
[5221.690s][info][gc             ] GC(713) Pause Young (Normal) (G1 Evacuation Pause) 6423M->1911M(8192M) 149.047ms
[5221.690s][info][gc,cpu         ] GC(713) User=1.18s Sys=0.00s Real=0.14s
....[5225.828s][info][gc,start       ] GC(714) Pause Young (Normal) (G1 Evacuation Pause)
[5225.828s][info][gc,task        ] GC(714) Using 8 workers of 8 for evacuation
[5225.976s][info][gc,phases      ] GC(714)   Pre Evacuate Collection Set: 0.26ms
[5225.976s][info][gc,phases      ] GC(714)   Merge Heap Roots: 0.52ms
[5225.976s][info][gc,phases      ] GC(714)   Evacuate Collection Set: 146.03ms
[5225.976s][info][gc,phases      ] GC(714)   Post Evacuate Collection Set: 1.03ms
[5225.976s][info][gc,phases      ] GC(714)   Other: 0.06ms
[5225.976s][info][gc,heap        ] GC(714) Eden regions: 571->0(571)
[5225.976s][info][gc,heap        ] GC(714) Survivor regions: 43->43(77)
[5225.976s][info][gc,heap        ] GC(714) Old regions: 165->172
[5225.976s][info][gc,heap        ] GC(714) Humongous regions: 33->33
[5225.976s][info][gc,metaspace   ] GC(714) Metaspace: 30012K(30144K)->30012K(30144K) NonClass: 30012K(30144K)->30012K(30144K) Class: 0K(0K)->0K(0K)
[5225.976s][info][gc             ] GC(714) Pause Young (Normal) (G1 Evacuation Pause) 6479M->1969M(8192M) 148.037ms
[5225.976s][info][gc,cpu         ] GC(714) User=1.17s Sys=0.00s Real=0.15s
....[5230.061s][info][gc,start       ] GC(715) Pause Young (Normal) (G1 Evacuation Pause)
[5230.061s][info][gc,task        ] GC(715) Using 8 workers of 8 for evacuation
[5230.207s][info][gc,phases      ] GC(715)   Pre Evacuate Collection Set: 0.27ms
[5230.207s][info][gc,phases      ] GC(715)   Merge Heap Roots: 0.60ms
[5230.207s][info][gc,phases      ] GC(715)   Evacuate Collection Set: 143.77ms
[5230.207s][info][gc,phases      ] GC(715)   Post Evacuate Collection Set: 1.03ms
[5230.207s][info][gc,phases      ] GC(715)   Other: 0.06ms
[5230.207s][info][gc,heap        ] GC(715) Eden regions: 571->0(571)
[5230.207s][info][gc,heap        ] GC(715) Survivor regions: 43->43(77)
[5230.207s][info][gc,heap        ] GC(715) Old regions: 172->179
[5230.207s][info][gc,heap        ] GC(715) Humongous regions: 33->33
[5230.207s][info][gc,metaspace   ] GC(715) Metaspace: 30012K(30144K)->30012K(30144K) NonClass: 30012K(30144K)->30012K(30144K) Class: 0K(0K)->0K(0K)
[5230.207s][info][gc             ] GC(715) Pause Young (Normal) (G1 Evacuation Pause) 6537M->2022M(8192M) 145.875ms
[5230.207s][info][gc,cpu         ] GC(715) User=1.15s Sys=0.00s Real=0.14s
....[5234.407s][info][gc,start       ] GC(716) Pause Young (Normal) (G1 Evacuation Pause)
[5234.407s][info][gc,task        ] GC(716) Using 8 workers of 8 for evacuation
[5234.554s][info][gc,phases      ] GC(716)   Pre Evacuate Collection Set: 0.26ms
[5234.554s][info][gc,phases      ] GC(716)   Merge Heap Roots: 0.59ms
[5234.554s][info][gc,phases      ] GC(716)   Evacuate Collection Set: 145.80ms
[5234.554s][info][gc,phases      ] GC(716)   Post Evacuate Collection Set: 1.03ms
[5234.554s][info][gc,phases      ] GC(716)   Other: 0.07ms
[5234.554s][info][gc,heap        ] GC(716) Eden regions: 571->0(571)
[5234.554s][info][gc,heap        ] GC(716) Survivor regions: 43->43(77)
[5234.554s][info][gc,heap        ] GC(716) Old regions: 179->186
[5234.554s][info][gc,heap        ] GC(716) Humongous regions: 33->33
[5234.554s][info][gc,metaspace   ] GC(716) Metaspace: 30012K(30144K)->30012K(30144K) NonClass: 30012K(30144K)->30012K(30144K) Class: 0K(0K)->0K(0K)
[5234.554s][info][gc             ] GC(716) Pause Young (Normal) (G1 Evacuation Pause) 6590M->2083M(8192M) 147.884ms
[5234.554s][info][gc,cpu         ] GC(716) User=1.17s Sys=0.00s Real=0.15s
.....[5238.721s][info][gc,start       ] GC(717) Pause Young (Normal) (G1 Evacuation Pause)
[5238.721s][info][gc,task        ] GC(717) Using 8 workers of 8 for evacuation
[5238.872s][info][gc,phases      ] GC(717)   Pre Evacuate Collection Set: 0.24ms
[5238.872s][info][gc,phases      ] GC(717)   Merge Heap Roots: 0.53ms
[5238.872s][info][gc,phases      ] GC(717)   Evacuate Collection Set: 149.20ms
[5238.872s][info][gc,phases      ] GC(717)   Post Evacuate Collection Set: 1.04ms
[5238.872s][info][gc,phases      ] GC(717)   Other: 0.06ms
[5238.872s][info][gc,heap        ] GC(717) Eden regions: 571->0(570)
[5238.872s][info][gc,heap        ] GC(717) Survivor regions: 43->44(77)
[5238.872s][info][gc,heap        ] GC(717) Old regions: 186->193
[5238.872s][info][gc,heap        ] GC(717) Humongous regions: 33->33
[5238.872s][info][gc,metaspace   ] GC(717) Metaspace: 30012K(30144K)->30012K(30144K) NonClass: 30012K(30144K)->30012K(30144K) Class: 0K(0K)->0K(0K)
[5238.872s][info][gc             ] GC(717) Pause Young (Normal) (G1 Evacuation Pause) 6651M->2143M(8192M) 151.201ms
[5238.872s][info][gc,cpu         ] GC(717) User=1.19s Sys=0.00s Real=0.15s
....[5242.994s][info][gc,start       ] GC(718) Pause Young (Normal) (G1 Evacuation Pause)
[5242.994s][info][gc,task        ] GC(718) Using 8 workers of 8 for evacuation
[5243.145s][info][gc,phases      ] GC(718)   Pre Evacuate Collection Set: 0.25ms
[5243.145s][info][gc,phases      ] GC(718)   Merge Heap Roots: 0.52ms
[5243.145s][info][gc,phases      ] GC(718)   Evacuate Collection Set: 148.88ms
[5243.145s][info][gc,phases      ] GC(718)   Post Evacuate Collection Set: 1.03ms
[5243.145s][info][gc,phases      ] GC(718)   Other: 0.06ms
[5243.145s][info][gc,heap        ] GC(718) Eden regions: 570->0(570)
[5243.145s][info][gc,heap        ] GC(718) Survivor regions: 44->44(77)
[5243.145s][info][gc,heap        ] GC(718) Old regions: 193->200
[5243.145s][info][gc,heap        ] GC(718) Humongous regions: 33->33
[5243.145s][info][gc,metaspace   ] GC(718) Metaspace: 30012K(30144K)->30012K(30144K) NonClass: 30012K(30144K)->30012K(30144K) Class: 0K(0K)->0K(0K)
[5243.145s][info][gc             ] GC(718) Pause Young (Normal) (G1 Evacuation Pause) 6703M->2199M(8192M) 150.873ms
[5243.145s][info][gc,cpu         ] GC(718) User=1.20s Sys=0.00s Real=0.15s
....|[5247.425s][info][gc,start       ] GC(719) Pause Young (Normal) (G1 Evacuation Pause)
[5247.425s][info][gc,task        ] GC(719) Using 8 workers of 8 for evacuation
[5247.571s][info][gc,phases      ] GC(719)   Pre Evacuate Collection Set: 0.26ms
[5247.571s][info][gc,phases      ] GC(719)   Merge Heap Roots: 0.52ms
[5247.571s][info][gc,phases      ] GC(719)   Evacuate Collection Set: 143.65ms
[5247.571s][info][gc,phases      ] GC(719)   Post Evacuate Collection Set: 1.05ms
[5247.571s][info][gc,phases      ] GC(719)   Other: 0.06ms
[5247.571s][info][gc,heap        ] GC(719) Eden regions: 570->0(571)
[5247.571s][info][gc,heap        ] GC(719) Survivor regions: 44->43(77)
[5247.571s][info][gc,heap        ] GC(719) Old regions: 200->207
[5247.571s][info][gc,heap        ] GC(719) Humongous regions: 33->33
[5247.571s][info][gc,metaspace   ] GC(719) Metaspace: 30012K(30144K)->30012K(30144K) NonClass: 30012K(30144K)->30012K(30144K) Class: 0K(0K)->0K(0K)
[5247.572s][info][gc             ] GC(719) Pause Young (Normal) (G1 Evacuation Pause) 6759M->2247M(8192M) 146.497ms
[5247.572s][info][gc,cpu         ] GC(719) User=1.15s Sys=0.00s Real=0.15s
.....[5251.773s][info][gc,start       ] GC(720) Pause Young (Normal) (G1 Evacuation Pause)
[5251.773s][info][gc,task        ] GC(720) Using 8 workers of 8 for evacuation
[5251.921s][info][gc,phases      ] GC(720)   Pre Evacuate Collection Set: 0.24ms
[5251.921s][info][gc,phases      ] GC(720)   Merge Heap Roots: 0.53ms
[5251.921s][info][gc,phases      ] GC(720)   Evacuate Collection Set: 146.08ms
[5251.921s][info][gc,phases      ] GC(720)   Post Evacuate Collection Set: 1.03ms
[5251.921s][info][gc,phases      ] GC(720)   Other: 0.06ms
[5251.921s][info][gc,heap        ] GC(720) Eden regions: 571->0(571)
[5251.921s][info][gc,heap        ] GC(720) Survivor regions: 43->43(77)
[5251.921s][info][gc,heap        ] GC(720) Old regions: 207->214
[5251.921s][info][gc,heap        ] GC(720) Humongous regions: 33->33
[5251.921s][info][gc,metaspace   ] GC(720) Metaspace: 30012K(30144K)->30012K(30144K) NonClass: 30012K(30144K)->30012K(30144K) Class: 0K(0K)->0K(0K)
[5251.921s][info][gc             ] GC(720) Pause Young (Normal) (G1 Evacuation Pause) 6815M->2307M(8192M) 148.077ms
[5251.921s][info][gc,cpu         ] GC(720) User=1.17s Sys=0.00s Real=0.15s
....[5256.074s][info][gc,start       ] GC(721) Pause Young (Normal) (G1 Evacuation Pause)
[5256.074s][info][gc,task        ] GC(721) Using 8 workers of 8 for evacuation
[5256.220s][info][gc,phases      ] GC(721)   Pre Evacuate Collection Set: 0.26ms
[5256.220s][info][gc,phases      ] GC(721)   Merge Heap Roots: 0.61ms
[5256.220s][info][gc,phases      ] GC(721)   Evacuate Collection Set: 144.28ms
[5256.220s][info][gc,phases      ] GC(721)   Post Evacuate Collection Set: 1.03ms
[5256.220s][info][gc,phases      ] GC(721)   Other: 0.07ms
[5256.220s][info][gc,heap        ] GC(721) Eden regions: 571->0(572)
[5256.220s][info][gc,heap        ] GC(721) Survivor regions: 43->42(77)
[5256.220s][info][gc,heap        ] GC(721) Old regions: 214->222
[5256.220s][info][gc,heap        ] GC(721) Humongous regions: 33->33
[5256.220s][info][gc,metaspace   ] GC(721) Metaspace: 30012K(30144K)->30012K(30144K) NonClass: 30012K(30144K)->30012K(30144K) Class: 0K(0K)->0K(0K)
[5256.220s][info][gc             ] GC(721) Pause Young (Normal) (G1 Evacuation Pause) 6875M->2361M(8192M) 146.407ms
[5256.220s][info][gc,cpu         ] GC(721) User=1.16s Sys=0.00s Real=0.15s
....[5260.440s][info][gc,start       ] GC(722) Pause Young (Normal) (G1 Evacuation Pause)
[5260.440s][info][gc,task        ] GC(722) Using 8 workers of 8 for evacuation
[5260.586s][info][gc,phases      ] GC(722)   Pre Evacuate Collection Set: 0.25ms
[5260.586s][info][gc,phases      ] GC(722)   Merge Heap Roots: 0.51ms
[5260.586s][info][gc,phases      ] GC(722)   Evacuate Collection Set: 144.59ms
[5260.586s][info][gc,phases      ] GC(722)   Post Evacuate Collection Set: 1.05ms
[5260.586s][info][gc,phases      ] GC(722)   Other: 0.07ms
[5260.586s][info][gc,heap        ] GC(722) Eden regions: 572->0(571)
[5260.586s][info][gc,heap        ] GC(722) Survivor regions: 42->43(77)
[5260.586s][info][gc,heap        ] GC(722) Old regions: 222->229
[5260.586s][info][gc,heap        ] GC(722) Humongous regions: 33->33
[5260.586s][info][gc,metaspace   ] GC(722) Metaspace: 30012K(30144K)->30012K(30144K) NonClass: 30012K(30144K)->30012K(30144K) Class: 0K(0K)->0K(0K)
[5260.587s][info][gc             ] GC(722) Pause Young (Normal) (G1 Evacuation Pause) 6937M->2426M(8192M) 146.587ms
[5260.587s][info][gc,cpu         ] GC(722) User=1.16s Sys=0.00s Real=0.14s
.....[5264.717s][info][gc,start       ] GC(723) Pause Young (Normal) (G1 Evacuation Pause)
[5264.717s][info][gc,task        ] GC(723) Using 8 workers of 8 for evacuation
[5264.867s][info][gc,phases      ] GC(723)   Pre Evacuate Collection Set: 0.24ms
[5264.867s][info][gc,phases      ] GC(723)   Merge Heap Roots: 0.50ms
[5264.867s][info][gc,phases      ] GC(723)   Evacuate Collection Set: 147.92ms
[5264.867s][info][gc,phases      ] GC(723)   Post Evacuate Collection Set: 1.04ms
[5264.867s][info][gc,phases      ] GC(723)   Other: 0.06ms
[5264.867s][info][gc,heap        ] GC(723) Eden regions: 571->0(570)
[5264.867s][info][gc,heap        ] GC(723) Survivor regions: 43->44(77)
[5264.867s][info][gc,heap        ] GC(723) Old regions: 229->236
[5264.867s][info][gc,heap        ] GC(723) Humongous regions: 33->33
[5264.867s][info][gc,metaspace   ] GC(723) Metaspace: 30012K(30144K)->30012K(30144K) NonClass: 30012K(30144K)->30012K(30144K) Class: 0K(0K)->0K(0K)
[5264.867s][info][gc             ] GC(723) Pause Young (Normal) (G1 Evacuation Pause) 6994M->2487M(8192M) 149.913ms
[5264.867s][info][gc,cpu         ] GC(723) User=1.19s Sys=0.00s Real=0.15s
....[5269.025s][info][gc,start       ] GC(724) Pause Young (Normal) (G1 Evacuation Pause)
[5269.025s][info][gc,task        ] GC(724) Using 8 workers of 8 for evacuation
[5269.174s][info][gc,phases      ] GC(724)   Pre Evacuate Collection Set: 0.25ms
[5269.174s][info][gc,phases      ] GC(724)   Merge Heap Roots: 0.52ms
[5269.174s][info][gc,phases      ] GC(724)   Evacuate Collection Set: 147.07ms
[5269.174s][info][gc,phases      ] GC(724)   Post Evacuate Collection Set: 1.03ms
[5269.174s][info][gc,phases      ] GC(724)   Other: 0.06ms
[5269.174s][info][gc,heap        ] GC(724) Eden regions: 570->0(571)
[5269.174s][info][gc,heap        ] GC(724) Survivor regions: 44->43(77)
[5269.174s][info][gc,heap        ] GC(724) Old regions: 236->244
[5269.174s][info][gc,heap        ] GC(724) Humongous regions: 33->33
[5269.174s][info][gc,metaspace   ] GC(724) Metaspace: 30012K(30144K)->30012K(30144K) NonClass: 30012K(30144K)->30012K(30144K) Class: 0K(0K)->0K(0K)
[5269.174s][info][gc             ] GC(724) Pause Young (Normal) (G1 Evacuation Pause) 7047M->2542M(8192M) 149.060ms
[5269.174s][info][gc,cpu         ] GC(724) User=1.18s Sys=0.00s Real=0.15s
....[5273.364s][info][gc,start       ] GC(725) Pause Young (Normal) (G1 Evacuation Pause)
[5273.364s][info][gc,task        ] GC(725) Using 8 workers of 8 for evacuation
[5273.509s][info][gc,phases      ] GC(725)   Pre Evacuate Collection Set: 0.25ms
[5273.509s][info][gc,phases      ] GC(725)   Merge Heap Roots: 0.52ms
[5273.509s][info][gc,phases      ] GC(725)   Evacuate Collection Set: 143.20ms
[5273.509s][info][gc,phases      ] GC(725)   Post Evacuate Collection Set: 1.02ms
[5273.509s][info][gc,phases      ] GC(725)   Other: 0.08ms
[5273.509s][info][gc,heap        ] GC(725) Eden regions: 571->0(571)
[5273.509s][info][gc,heap        ] GC(725) Survivor regions: 43->43(77)
[5273.509s][info][gc,heap        ] GC(725) Old regions: 244->251
[5273.509s][info][gc,heap        ] GC(725) Humongous regions: 33->33
[5273.509s][info][gc,metaspace   ] GC(725) Metaspace: 30012K(30144K)->30012K(30144K) NonClass: 30012K(30144K)->30012K(30144K) Class: 0K(0K)->0K(0K)
[5273.509s][info][gc             ] GC(725) Pause Young (Normal) (G1 Evacuation Pause) 7110M->2597M(8192M) 145.205ms
[5273.509s][info][gc,cpu         ] GC(725) User=1.15s Sys=0.01s Real=0.14s
.....[5277.637s][info][gc,start       ] GC(726) Pause Young (Normal) (G1 Evacuation Pause)
[5277.637s][info][gc,task        ] GC(726) Using 8 workers of 8 for evacuation
[5277.784s][info][gc,phases      ] GC(726)   Pre Evacuate Collection Set: 0.25ms
[5277.785s][info][gc,phases      ] GC(726)   Merge Heap Roots: 0.52ms
[5277.785s][info][gc,phases      ] GC(726)   Evacuate Collection Set: 145.53ms
[5277.785s][info][gc,phases      ] GC(726)   Post Evacuate Collection Set: 1.06ms
[5277.785s][info][gc,phases      ] GC(726)   Other: 0.06ms
[5277.785s][info][gc,heap        ] GC(726) Eden regions: 571->0(571)
[5277.785s][info][gc,heap        ] GC(726) Survivor regions: 43->43(77)
[5277.785s][info][gc,heap        ] GC(726) Old regions: 251->258
[5277.785s][info][gc,heap        ] GC(726) Humongous regions: 33->33
[5277.785s][info][gc,metaspace   ] GC(726) Metaspace: 30012K(30144K)->30012K(30144K) NonClass: 30012K(30144K)->30012K(30144K) Class: 0K(0K)->0K(0K)
[5277.785s][info][gc             ] GC(726) Pause Young (Normal) (G1 Evacuation Pause) 7165M->2650M(8192M) 147.551ms
[5277.785s][info][gc,cpu         ] GC(726) User=1.17s Sys=0.00s Real=0.15s
....[5282.090s][info][gc,start       ] GC(727) Pause Young (Normal) (G1 Evacuation Pause)
[5282.090s][info][gc,task        ] GC(727) Using 8 workers of 8 for evacuation
[5282.235s][info][gc,phases      ] GC(727)   Pre Evacuate Collection Set: 0.26ms
[5282.235s][info][gc,phases      ] GC(727)   Merge Heap Roots: 0.51ms
[5282.235s][info][gc,phases      ] GC(727)   Evacuate Collection Set: 143.20ms
[5282.235s][info][gc,phases      ] GC(727)   Post Evacuate Collection Set: 1.02ms
[5282.235s][info][gc,phases      ] GC(727)   Other: 0.08ms
[5282.235s][info][gc,heap        ] GC(727) Eden regions: 571->0(571)
[5282.235s][info][gc,heap        ] GC(727) Survivor regions: 43->43(77)
[5282.235s][info][gc,heap        ] GC(727) Old regions: 258->265
[5282.235s][info][gc,heap        ] GC(727) Humongous regions: 33->33
[5282.235s][info][gc,metaspace   ] GC(727) Metaspace: 30012K(30144K)->30012K(30144K) NonClass: 30012K(30144K)->30012K(30144K) Class: 0K(0K)->0K(0K)
[5282.235s][info][gc             ] GC(727) Pause Young (Normal) (G1 Evacuation Pause) 7218M->2706M(8192M) 145.201ms
[5282.235s][info][gc,cpu         ] GC(727) User=1.15s Sys=0.00s Real=0.14s
....[5286.518s][info][gc,start       ] GC(728) Pause Young (Normal) (G1 Evacuation Pause)
[5286.518s][info][gc,task        ] GC(728) Using 8 workers of 8 for evacuation
[5286.667s][info][gc,phases      ] GC(728)   Pre Evacuate Collection Set: 0.24ms
[5286.667s][info][gc,phases      ] GC(728)   Merge Heap Roots: 0.50ms
[5286.667s][info][gc,phases      ] GC(728)   Evacuate Collection Set: 146.51ms
[5286.667s][info][gc,phases      ] GC(728)   Post Evacuate Collection Set: 1.09ms
[5286.667s][info][gc,phases      ] GC(728)   Other: 0.07ms
[5286.667s][info][gc,heap        ] GC(728) Eden regions: 571->0(571)
[5286.667s][info][gc,heap        ] GC(728) Survivor regions: 43->43(77)
[5286.667s][info][gc,heap        ] GC(728) Old regions: 265->272
[5286.667s][info][gc,heap        ] GC(728) Humongous regions: 33->33
[5286.667s][info][gc,metaspace   ] GC(728) Metaspace: 30012K(30144K)->30012K(30144K) NonClass: 30012K(30144K)->30012K(30144K) Class: 0K(0K)->0K(0K)
[5286.667s][info][gc             ] GC(728) Pause Young (Normal) (G1 Evacuation Pause) 7274M->2769M(8192M) 148.567ms
[5286.667s][info][gc,cpu         ] GC(728) User=1.18s Sys=0.00s Real=0.15s
.....[5290.873s][info][gc,start       ] GC(729) Pause Young (Normal) (G1 Evacuation Pause)
[5290.873s][info][gc,task        ] GC(729) Using 8 workers of 8 for evacuation
[5291.025s][info][gc,phases      ] GC(729)   Pre Evacuate Collection Set: 0.26ms
[5291.025s][info][gc,phases      ] GC(729)   Merge Heap Roots: 0.51ms
[5291.025s][info][gc,phases      ] GC(729)   Evacuate Collection Set: 149.98ms
[5291.025s][info][gc,phases      ] GC(729)   Post Evacuate Collection Set: 1.01ms
[5291.025s][info][gc,phases      ] GC(729)   Other: 0.06ms
[5291.025s][info][gc,heap        ] GC(729) Eden regions: 571->0(570)
[5291.025s][info][gc,heap        ] GC(729) Survivor regions: 43->44(77)
[5291.025s][info][gc,heap        ] GC(729) Old regions: 272->279
[5291.025s][info][gc,heap        ] GC(729) Humongous regions: 33->33
[5291.025s][info][gc,metaspace   ] GC(729) Metaspace: 30012K(30144K)->30012K(30144K) NonClass: 30012K(30144K)->30012K(30144K) Class: 0K(0K)->0K(0K)
[5291.025s][info][gc             ] GC(729) Pause Young (Normal) (G1 Evacuation Pause) 7337M->2830M(8192M) 151.964ms
[5291.025s][info][gc,cpu         ] GC(729) User=1.20s Sys=0.00s Real=0.15s
....[5295.208s][info][gc,start       ] GC(730) Pause Young (Normal) (G1 Evacuation Pause)
[5295.208s][info][gc,task        ] GC(730) Using 8 workers of 8 for evacuation
[5295.355s][info][gc,phases      ] GC(730)   Pre Evacuate Collection Set: 0.26ms
[5295.355s][info][gc,phases      ] GC(730)   Merge Heap Roots: 0.51ms
[5295.355s][info][gc,phases      ] GC(730)   Evacuate Collection Set: 144.94ms
[5295.355s][info][gc,phases      ] GC(730)   Post Evacuate Collection Set: 1.04ms
[5295.355s][info][gc,phases      ] GC(730)   Other: 0.07ms
[5295.355s][info][gc,heap        ] GC(730) Eden regions: 570->0(567)
[5295.355s][info][gc,heap        ] GC(730) Survivor regions: 44->43(77)
[5295.355s][info][gc,heap        ] GC(730) Old regions: 279->286
[5295.355s][info][gc,heap        ] GC(730) Humongous regions: 33->33
[5295.355s][info][gc,metaspace   ] GC(730) Metaspace: 30012K(30144K)->30012K(30144K) NonClass: 30012K(30144K)->30012K(30144K) Class: 0K(0K)->0K(0K)
[5295.355s][info][gc             ] GC(730) Pause Young (Normal) (G1 Evacuation Pause) 7390M->2882M(8192M) 146.970ms
[5295.355s][info][gc,cpu         ] GC(730) User=1.16s Sys=0.00s Real=0.15s
....[5299.472s][info][gc,start       ] GC(731) Pause Young (Normal) (G1 Evacuation Pause)
[5299.472s][info][gc,task        ] GC(731) Using 8 workers of 8 for evacuation
[5299.618s][info][gc,phases      ] GC(731)   Pre Evacuate Collection Set: 0.29ms
[5299.618s][info][gc,phases      ] GC(731)   Merge Heap Roots: 0.58ms
[5299.618s][info][gc,phases      ] GC(731)   Evacuate Collection Set: 143.55ms
[5299.618s][info][gc,phases      ] GC(731)   Post Evacuate Collection Set: 1.04ms
[5299.618s][info][gc,phases      ] GC(731)   Other: 0.06ms
[5299.618s][info][gc,heap        ] GC(731) Eden regions: 567->0(560)
[5299.618s][info][gc,heap        ] GC(731) Survivor regions: 43->43(77)
[5299.618s][info][gc,heap        ] GC(731) Old regions: 286->293
[5299.618s][info][gc,heap        ] GC(731) Humongous regions: 33->33
[5299.618s][info][gc,metaspace   ] GC(731) Metaspace: 30012K(30144K)->30012K(30144K) NonClass: 30012K(30144K)->30012K(30144K) Class: 0K(0K)->0K(0K)
[5299.618s][info][gc             ] GC(731) Pause Young (Normal) (G1 Evacuation Pause) 7418M->2935M(8192M) 145.653ms
[5299.618s][info][gc,cpu         ] GC(731) User=1.15s Sys=0.00s Real=0.14s
.....[5303.713s][info][gc,start       ] GC(732) Pause Young (Normal) (G1 Evacuation Pause)
[5303.713s][info][gc,task        ] GC(732) Using 8 workers of 8 for evacuation
[5303.864s][info][gc,phases      ] GC(732)   Pre Evacuate Collection Set: 0.25ms
[5303.864s][info][gc,phases      ] GC(732)   Merge Heap Roots: 0.51ms
[5303.864s][info][gc,phases      ] GC(732)   Evacuate Collection Set: 149.33ms
[5303.864s][info][gc,phases      ] GC(732)   Post Evacuate Collection Set: 1.03ms
[5303.864s][info][gc,phases      ] GC(732)   Other: 0.06ms
[5303.864s][info][gc,heap        ] GC(732) Eden regions: 560->0(552)
[5303.864s][info][gc,heap        ] GC(732) Survivor regions: 43->43(76)
[5303.864s][info][gc,heap        ] GC(732) Old regions: 293->301
[5303.864s][info][gc,heap        ] GC(732) Humongous regions: 33->33
[5303.864s][info][gc,metaspace   ] GC(732) Metaspace: 30012K(30144K)->30012K(30144K) NonClass: 30012K(30144K)->30012K(30144K) Class: 0K(0K)->0K(0K)
[5303.865s][info][gc             ] GC(732) Pause Young (Normal) (G1 Evacuation Pause) 7415M->2998M(8192M) 151.326ms
[5303.865s][info][gc,cpu         ] GC(732) User=1.20s Sys=0.00s Real=0.15s
... (rIR:aIR:PR = 8856:8878:8878) (tPR = 131625) [OK] 
  5306s: Performance info:
         Transaction,    Success,    Partial,     Failed,   Receipts, AvgBarcode, 
             Overall,     533674,          0,          0,     507009,      59.47, 
         Response times:
             Request,    Success,    Partial,     Failed,   SkipFail,     Probes,    Samples,      min,      p50,      p90,      p95,      p99,      max, 
       TotalPurchase,     507044,          0,          0,          0,     359587,     545967,      300,     5900,    14400,    38000,    97000,   411000,
     InStorePurchase,     267748,          0,          0,          0,     188857,     286875,      300,     5900,    14400,    38000,    97000,   411000,
      OnlinePurchase,     186255,          0,          0,          0,     132747,     201365,      300,     5900,    14500,    38000,    97000,   411000,
        InstPurchase,      53041,          0,          0,          0,      37983,      57727,      500,     5900,    14400,    38000,    96000,   410000,
          AssocOfCat,        533,          0,          0,          0,        429,        783,    28000,    47000,    79600,   119800,   155480,   208000,
      AssocOfProduct,       5316,          0,          0,          0,       3892,       6258,      600,     6600,    15400,    39000,    97410,   411000,
      BusinessReport,       1321,          0,          0,          0,       1151,       1942,    32000,    51000,    76000,   104850,   198140,   235000,
          CustBuyBeh,       5325,          0,          0,          0,       3794,       6081,      200,     5900,    14900,    37000,    97180,   161000,
       ProductReturn,      14161,          0,          0,          0,       9944,      15456,      200,     5800,    14400,    35000,    97000,   390000,

  5306s: (65%)   IR =   8994 .[5308.004s][info][gc,start       ] GC(733) Pause Young (Normal) (G1 Evacuation Pause)
[5308.004s][info][gc,task        ] GC(733) Using 8 workers of 8 for evacuation
[5308.152s][info][gc,phases      ] GC(733)   Pre Evacuate Collection Set: 0.27ms
[5308.152s][info][gc,phases      ] GC(733)   Merge Heap Roots: 0.52ms
[5308.152s][info][gc,phases      ] GC(733)   Evacuate Collection Set: 145.98ms
[5308.152s][info][gc,phases      ] GC(733)   Post Evacuate Collection Set: 1.04ms
[5308.152s][info][gc,phases      ] GC(733)   Other: 0.06ms
[5308.152s][info][gc,heap        ] GC(733) Eden regions: 552->0(545)
[5308.152s][info][gc,heap        ] GC(733) Survivor regions: 43->43(75)
[5308.152s][info][gc,heap        ] GC(733) Old regions: 301->308
[5308.152s][info][gc,heap        ] GC(733) Humongous regions: 33->33
[5308.152s][info][gc,metaspace   ] GC(733) Metaspace: 30012K(30144K)->30012K(30144K) NonClass: 30012K(30144K)->30012K(30144K) Class: 0K(0K)->0K(0K)
[5308.152s][info][gc             ] GC(733) Pause Young (Normal) (G1 Evacuation Pause) 7414M->3055M(8192M) 148.009ms
[5308.152s][info][gc,cpu         ] GC(733) User=1.17s Sys=0.00s Real=0.15s
....[5312.154s][info][gc,start       ] GC(734) Pause Young (Concurrent Start) (G1 Evacuation Pause)
[5312.154s][info][gc,task        ] GC(734) Using 8 workers of 8 for evacuation
[5312.297s][info][gc,phases      ] GC(734)   Pre Evacuate Collection Set: 0.29ms
[5312.297s][info][gc,phases      ] GC(734)   Merge Heap Roots: 0.49ms
[5312.297s][info][gc,phases      ] GC(734)   Evacuate Collection Set: 140.91ms
[5312.297s][info][gc,phases      ] GC(734)   Post Evacuate Collection Set: 1.02ms
[5312.297s][info][gc,phases      ] GC(734)   Other: 0.11ms
[5312.297s][info][gc,heap        ] GC(734) Eden regions: 545->0(541)
[5312.297s][info][gc,heap        ] GC(734) Survivor regions: 43->41(74)
[5312.297s][info][gc,heap        ] GC(734) Old regions: 308->316
[5312.297s][info][gc,heap        ] GC(734) Humongous regions: 33->33
[5312.297s][info][gc,metaspace   ] GC(734) Metaspace: 30013K(30144K)->30013K(30144K) NonClass: 30013K(30144K)->30013K(30144K) Class: 0K(0K)->0K(0K)
[5312.297s][info][gc             ] GC(734) Pause Young (Concurrent Start) (G1 Evacuation Pause) 7415M->3102M(8192M) 142.957ms
[5312.297s][info][gc             ] GC(735) Concurrent Mark Cycle
[5312.297s][info][gc,marking     ] GC(735) Concurrent Scan Root Regions
[5312.297s][info][gc,cpu         ] GC(734) User=1.13s Sys=0.00s Real=0.14s
[5312.543s][info][gc,marking     ] GC(735) Concurrent Scan Root Regions 246.161ms
[5312.543s][info][gc,marking     ] GC(735) Concurrent Mark
[5312.543s][info][gc,marking     ] GC(735) Concurrent Mark From Roots
[5312.543s][info][gc,task        ] GC(735) Using 2 workers of 2 for marking
.[5313.579s][info][gc,marking     ] GC(735) Concurrent Mark From Roots 1035.848ms
[5313.579s][info][gc,marking     ] GC(735) Concurrent Preclean
[5313.579s][info][gc,marking     ] GC(735) Concurrent Preclean 0.106ms
[5313.579s][info][gc,start       ] GC(735) Pause Remark
[5313.582s][info][gc             ] GC(735) Pause Remark 4551M->3911M(8192M) 2.594ms
[5313.582s][info][gc,cpu         ] GC(735) User=0.02s Sys=0.00s Real=0.01s
[5313.582s][info][gc,marking     ] GC(735) Concurrent Mark 1039.066ms
[5313.582s][info][gc,marking     ] GC(735) Concurrent Rebuild Remembered Sets and Scrub Regions
.[5314.242s][info][gc,marking     ] GC(735) Concurrent Rebuild Remembered Sets and Scrub Regions 659.514ms
[5314.242s][info][gc,start       ] GC(735) Pause Cleanup
[5314.242s][info][gc             ] GC(735) Pause Cleanup 4706M->4706M(8192M) 0.284ms
[5314.242s][info][gc,cpu         ] GC(735) User=0.00s Sys=0.00s Real=0.00s
[5314.242s][info][gc,marking     ] GC(735) Concurrent Clear Claimed Marks
[5314.242s][info][gc,marking     ] GC(735) Concurrent Clear Claimed Marks 0.044ms
[5314.242s][info][gc,marking     ] GC(735) Concurrent Cleanup for Next Mark
[5314.252s][info][gc,marking     ] GC(735) Concurrent Cleanup for Next Mark 9.464ms
[5314.252s][info][gc             ] GC(735) Concurrent Mark Cycle 1954.949ms
..[5316.174s][info][gc,start       ] GC(736) Pause Young (Prepare Mixed) (G1 Evacuation Pause)
[5316.174s][info][gc,task        ] GC(736) Using 8 workers of 8 for evacuation
[5316.317s][info][gc,phases      ] GC(736)   Pre Evacuate Collection Set: 0.28ms
[5316.317s][info][gc,phases      ] GC(736)   Merge Heap Roots: 0.69ms
[5316.317s][info][gc,phases      ] GC(736)   Evacuate Collection Set: 140.52ms
[5316.317s][info][gc,phases      ] GC(736)   Post Evacuate Collection Set: 1.12ms
[5316.317s][info][gc,phases      ] GC(736)   Other: 0.06ms
[5316.317s][info][gc,heap        ] GC(736) Eden regions: 541->0(573)
[5316.317s][info][gc,heap        ] GC(736) Survivor regions: 41->41(73)
[5316.317s][info][gc,heap        ] GC(736) Old regions: 236->243
[5316.317s][info][gc,heap        ] GC(736) Humongous regions: 33->33
[5316.317s][info][gc,metaspace   ] GC(736) Metaspace: 30013K(30144K)->30013K(30144K) NonClass: 30013K(30144K)->30013K(30144K) Class: 0K(0K)->0K(0K)
[5316.317s][info][gc             ] GC(736) Pause Young (Prepare Mixed) (G1 Evacuation Pause) 6790M->2521M(8192M) 142.808ms
[5316.317s][info][gc,cpu         ] GC(736) User=1.13s Sys=0.00s Real=0.14s
.|...[5320.399s][info][gc,start       ] GC(737) Pause Young (Mixed) (G1 Evacuation Pause)
[5320.399s][info][gc,task        ] GC(737) Using 8 workers of 8 for evacuation
[5320.551s][info][gc,phases      ] GC(737)   Pre Evacuate Collection Set: 0.31ms
[5320.551s][info][gc,phases      ] GC(737)   Merge Heap Roots: 0.82ms
[5320.551s][info][gc,phases      ] GC(737)   Evacuate Collection Set: 149.24ms
[5320.551s][info][gc,phases      ] GC(737)   Post Evacuate Collection Set: 1.22ms
[5320.551s][info][gc,phases      ] GC(737)   Other: 0.07ms
[5320.551s][info][gc,heap        ] GC(737) Eden regions: 573->0(572)
[5320.551s][info][gc,heap        ] GC(737) Survivor regions: 41->42(77)
[5320.551s][info][gc,heap        ] GC(737) Old regions: 243->149
[5320.551s][info][gc,heap        ] GC(737) Humongous regions: 33->33
[5320.551s][info][gc,metaspace   ] GC(737) Metaspace: 30013K(30144K)->30013K(30144K) NonClass: 30013K(30144K)->30013K(30144K) Class: 0K(0K)->0K(0K)
[5320.551s][info][gc             ] GC(737) Pause Young (Mixed) (G1 Evacuation Pause) 7105M->1777M(8192M) 151.801ms
[5320.551s][info][gc,cpu         ] GC(737) User=1.20s Sys=0.00s Real=0.16s
....[5324.648s][info][gc,start       ] GC(738) Pause Young (Mixed) (G1 Evacuation Pause)
[5324.648s][info][gc,task        ] GC(738) Using 8 workers of 8 for evacuation
[5324.798s][info][gc,phases      ] GC(738)   Pre Evacuate Collection Set: 0.29ms
[5324.798s][info][gc,phases      ] GC(738)   Merge Heap Roots: 0.62ms
[5324.798s][info][gc,phases      ] GC(738)   Evacuate Collection Set: 147.72ms
[5324.798s][info][gc,phases      ] GC(738)   Post Evacuate Collection Set: 1.06ms
[5324.798s][info][gc,phases      ] GC(738)   Other: 0.07ms
[5324.798s][info][gc,heap        ] GC(738) Eden regions: 572->0(571)
[5324.798s][info][gc,heap        ] GC(738) Survivor regions: 42->43(77)
[5324.798s][info][gc,heap        ] GC(738) Old regions: 149->144
[5324.798s][info][gc,heap        ] GC(738) Humongous regions: 33->33
[5324.798s][info][gc,metaspace   ] GC(738) Metaspace: 30013K(30144K)->30013K(30144K) NonClass: 30013K(30144K)->30013K(30144K) Class: 0K(0K)->0K(0K)
[5324.798s][info][gc             ] GC(738) Pause Young (Mixed) (G1 Evacuation Pause) 6353M->1740M(8192M) 149.881ms
[5324.798s][info][gc,cpu         ] GC(738) User=1.19s Sys=0.00s Real=0.15s
.....[5328.961s][info][gc,start       ] GC(739) Pause Young (Normal) (G1 Evacuation Pause)
[5328.961s][info][gc,task        ] GC(739) Using 8 workers of 8 for evacuation
[5329.108s][info][gc,phases      ] GC(739)   Pre Evacuate Collection Set: 0.29ms
[5329.108s][info][gc,phases      ] GC(739)   Merge Heap Roots: 0.49ms
[5329.108s][info][gc,phases      ] GC(739)   Evacuate Collection Set: 145.63ms
[5329.108s][info][gc,phases      ] GC(739)   Post Evacuate Collection Set: 1.03ms
[5329.108s][info][gc,phases      ] GC(739)   Other: 0.07ms
[5329.108s][info][gc,heap        ] GC(739) Eden regions: 571->0(571)
[5329.108s][info][gc,heap        ] GC(739) Survivor regions: 43->43(77)
[5329.108s][info][gc,heap        ] GC(739) Old regions: 144->151
[5329.108s][info][gc,heap        ] GC(739) Humongous regions: 33->33
[5329.108s][info][gc,metaspace   ] GC(739) Metaspace: 30013K(30144K)->30013K(30144K) NonClass: 30013K(30144K)->30013K(30144K) Class: 0K(0K)->0K(0K)
[5329.108s][info][gc             ] GC(739) Pause Young (Normal) (G1 Evacuation Pause) 6308M->1801M(8192M) 147.636ms
[5329.108s][info][gc,cpu         ] GC(739) User=1.17s Sys=0.00s Real=0.14s
....[5333.264s][info][gc,start       ] GC(740) Pause Young (Normal) (G1 Evacuation Pause)
[5333.264s][info][gc,task        ] GC(740) Using 8 workers of 8 for evacuation
[5333.411s][info][gc,phases      ] GC(740)   Pre Evacuate Collection Set: 0.25ms
[5333.411s][info][gc,phases      ] GC(740)   Merge Heap Roots: 0.51ms
[5333.411s][info][gc,phases      ] GC(740)   Evacuate Collection Set: 145.24ms
[5333.411s][info][gc,phases      ] GC(740)   Post Evacuate Collection Set: 1.03ms
[5333.411s][info][gc,phases      ] GC(740)   Other: 0.07ms
[5333.411s][info][gc,heap        ] GC(740) Eden regions: 571->0(571)
[5333.411s][info][gc,heap        ] GC(740) Survivor regions: 43->43(77)
[5333.411s][info][gc,heap        ] GC(740) Old regions: 151->158
[5333.411s][info][gc,heap        ] GC(740) Humongous regions: 33->33
[5333.411s][info][gc,metaspace   ] GC(740) Metaspace: 30013K(30144K)->30013K(30144K) NonClass: 30013K(30144K)->30013K(30144K) Class: 0K(0K)->0K(0K)
[5333.411s][info][gc             ] GC(740) Pause Young (Normal) (G1 Evacuation Pause) 6369M->1859M(8192M) 147.246ms
[5333.411s][info][gc,cpu         ] GC(740) User=1.17s Sys=0.00s Real=0.15s
....[5337.409s][info][gc,start       ] GC(741) Pause Young (Normal) (G1 Evacuation Pause)
[5337.409s][info][gc,task        ] GC(741) Using 8 workers of 8 for evacuation
[5337.558s][info][gc,phases      ] GC(741)   Pre Evacuate Collection Set: 0.27ms
[5337.558s][info][gc,phases      ] GC(741)   Merge Heap Roots: 0.50ms
[5337.558s][info][gc,phases      ] GC(741)   Evacuate Collection Set: 147.40ms
[5337.558s][info][gc,phases      ] GC(741)   Post Evacuate Collection Set: 1.02ms
[5337.558s][info][gc,phases      ] GC(741)   Other: 0.06ms
[5337.558s][info][gc,heap        ] GC(741) Eden regions: 571->0(570)
[5337.558s][info][gc,heap        ] GC(741) Survivor regions: 43->44(77)
[5337.558s][info][gc,heap        ] GC(741) Old regions: 158->165
[5337.558s][info][gc,heap        ] GC(741) Humongous regions: 33->33
[5337.558s][info][gc,metaspace   ] GC(741) Metaspace: 30013K(30144K)->30013K(30144K) NonClass: 30013K(30144K)->30013K(30144K) Class: 0K(0K)->0K(0K)
[5337.558s][info][gc             ] GC(741) Pause Young (Normal) (G1 Evacuation Pause) 6427M->1919M(8192M) 149.379ms
[5337.558s][info][gc,cpu         ] GC(741) User=1.19s Sys=0.00s Real=0.15s
....[5341.681s][info][gc,start       ] GC(742) Pause Young (Normal) (G1 Evacuation Pause)
[5341.681s][info][gc,task        ] GC(742) Using 8 workers of 8 for evacuation
[5341.829s][info][gc,phases      ] GC(742)   Pre Evacuate Collection Set: 0.26ms
[5341.829s][info][gc,phases      ] GC(742)   Merge Heap Roots: 0.53ms
[5341.829s][info][gc,phases      ] GC(742)   Evacuate Collection Set: 145.54ms
[5341.829s][info][gc,phases      ] GC(742)   Post Evacuate Collection Set: 1.03ms
[5341.829s][info][gc,phases      ] GC(742)   Other: 0.06ms
[5341.829s][info][gc,heap        ] GC(742) Eden regions: 570->0(571)
[5341.829s][info][gc,heap        ] GC(742) Survivor regions: 44->43(77)
[5341.829s][info][gc,heap        ] GC(742) Old regions: 165->172
[5341.829s][info][gc,heap        ] GC(742) Humongous regions: 33->33
[5341.829s][info][gc,metaspace   ] GC(742) Metaspace: 30013K(30144K)->30013K(30144K) NonClass: 30013K(30144K)->30013K(30144K) Class: 0K(0K)->0K(0K)
[5341.829s][info][gc             ] GC(742) Pause Young (Normal) (G1 Evacuation Pause) 6479M->1971M(8192M) 147.569ms
[5341.829s][info][gc,cpu         ] GC(742) User=1.17s Sys=0.00s Real=0.14s
.....[5345.968s][info][gc,start       ] GC(743) Pause Young (Normal) (G1 Evacuation Pause)
[5345.968s][info][gc,task        ] GC(743) Using 8 workers of 8 for evacuation
[5346.117s][info][gc,phases      ] GC(743)   Pre Evacuate Collection Set: 0.25ms
[5346.118s][info][gc,phases      ] GC(743)   Merge Heap Roots: 0.50ms
[5346.118s][info][gc,phases      ] GC(743)   Evacuate Collection Set: 147.23ms
[5346.118s][info][gc,phases      ] GC(743)   Post Evacuate Collection Set: 1.04ms
[5346.118s][info][gc,phases      ] GC(743)   Other: 0.07ms
[5346.118s][info][gc,heap        ] GC(743) Eden regions: 571->0(570)
[5346.118s][info][gc,heap        ] GC(743) Survivor regions: 43->44(77)
[5346.118s][info][gc,heap        ] GC(743) Old regions: 172->179
[5346.118s][info][gc,heap        ] GC(743) Humongous regions: 33->33
[5346.118s][info][gc,metaspace   ] GC(743) Metaspace: 30013K(30144K)->30013K(30144K) NonClass: 30013K(30144K)->30013K(30144K) Class: 0K(0K)->0K(0K)
[5346.118s][info][gc             ] GC(743) Pause Young (Normal) (G1 Evacuation Pause) 6539M->2031M(8192M) 149.218ms
[5346.118s][info][gc,cpu         ] GC(743) User=1.18s Sys=0.00s Real=0.15s
....[5350.354s][info][gc,start       ] GC(744) Pause Young (Normal) (G1 Evacuation Pause)
[5350.354s][info][gc,task        ] GC(744) Using 8 workers of 8 for evacuation
[5350.502s][info][gc,phases      ] GC(744)   Pre Evacuate Collection Set: 0.24ms
[5350.502s][info][gc,phases      ] GC(744)   Merge Heap Roots: 0.49ms
[5350.502s][info][gc,phases      ] GC(744)   Evacuate Collection Set: 146.21ms
[5350.502s][info][gc,phases      ] GC(744)   Post Evacuate Collection Set: 1.04ms
[5350.502s][info][gc,phases      ] GC(744)   Other: 0.06ms
[5350.502s][info][gc,heap        ] GC(744) Eden regions: 570->0(571)
[5350.502s][info][gc,heap        ] GC(744) Survivor regions: 44->43(77)
[5350.502s][info][gc,heap        ] GC(744) Old regions: 179->186
[5350.502s][info][gc,heap        ] GC(744) Humongous regions: 33->33
[5350.502s][info][gc,metaspace   ] GC(744) Metaspace: 30013K(30144K)->30013K(30144K) NonClass: 30013K(30144K)->30013K(30144K) Class: 0K(0K)->0K(0K)
[5350.502s][info][gc             ] GC(744) Pause Young (Normal) (G1 Evacuation Pause) 6591M->2082M(8192M) 148.195ms
[5350.502s][info][gc,cpu         ] GC(744) User=1.17s Sys=0.00s Real=0.15s
....[5354.575s][info][gc,start       ] GC(745) Pause Young (Normal) (G1 Evacuation Pause)
[5354.575s][info][gc,task        ] GC(745) Using 8 workers of 8 for evacuation
[5354.725s][info][gc,phases      ] GC(745)   Pre Evacuate Collection Set: 0.29ms
[5354.726s][info][gc,phases      ] GC(745)   Merge Heap Roots: 0.56ms
[5354.726s][info][gc,phases      ] GC(745)   Evacuate Collection Set: 148.96ms
[5354.726s][info][gc,phases      ] GC(745)   Post Evacuate Collection Set: 1.04ms
[5354.726s][info][gc,phases      ] GC(745)   Other: 0.06ms
[5354.726s][info][gc,heap        ] GC(745) Eden regions: 571->0(570)
[5354.726s][info][gc,heap        ] GC(745) Survivor regions: 43->44(77)
[5354.726s][info][gc,heap        ] GC(745) Old regions: 186->193
[5354.726s][info][gc,heap        ] GC(745) Humongous regions: 33->33
[5354.726s][info][gc,metaspace   ] GC(745) Metaspace: 30013K(30144K)->30013K(30144K) NonClass: 30013K(30144K)->30013K(30144K) Class: 0K(0K)->0K(0K)
[5354.726s][info][gc             ] GC(745) Pause Young (Normal) (G1 Evacuation Pause) 6650M->2142M(8192M) 151.042ms
[5354.726s][info][gc,cpu         ] GC(745) User=1.19s Sys=0.00s Real=0.15s
....[5358.755s][info][gc,start       ] GC(746) Pause Young (Normal) (G1 Evacuation Pause)
[5358.755s][info][gc,task        ] GC(746) Using 8 workers of 8 for evacuation
[5358.906s][info][gc,phases      ] GC(746)   Pre Evacuate Collection Set: 0.24ms
[5358.906s][info][gc,phases      ] GC(746)   Merge Heap Roots: 0.50ms
[5358.906s][info][gc,phases      ] GC(746)   Evacuate Collection Set: 149.63ms
[5358.906s][info][gc,phases      ] GC(746)   Post Evacuate Collection Set: 1.04ms
[5358.906s][info][gc,phases      ] GC(746)   Other: 0.06ms
[5358.906s][info][gc,heap        ] GC(746) Eden regions: 570->0(570)
[5358.906s][info][gc,heap        ] GC(746) Survivor regions: 44->44(77)
[5358.906s][info][gc,heap        ] GC(746) Old regions: 193->201
[5358.906s][info][gc,heap        ] GC(746) Humongous regions: 33->33
[5358.906s][info][gc,metaspace   ] GC(746) Metaspace: 30013K(30144K)->30013K(30144K) NonClass: 30013K(30144K)->30013K(30144K) Class: 0K(0K)->0K(0K)
[5358.907s][info][gc             ] GC(746) Pause Young (Normal) (G1 Evacuation Pause) 6702M->2201M(8192M) 151.592ms
[5358.907s][info][gc,cpu         ] GC(746) User=1.20s Sys=0.00s Real=0.15s
.....[5363.013s][info][gc,start       ] GC(747) Pause Young (Normal) (G1 Evacuation Pause)
[5363.013s][info][gc,task        ] GC(747) Using 8 workers of 8 for evacuation
[5363.164s][info][gc,phases      ] GC(747)   Pre Evacuate Collection Set: 0.27ms
[5363.164s][info][gc,phases      ] GC(747)   Merge Heap Roots: 0.52ms
[5363.164s][info][gc,phases      ] GC(747)   Evacuate Collection Set: 148.97ms
[5363.164s][info][gc,phases      ] GC(747)   Post Evacuate Collection Set: 1.06ms
[5363.164s][info][gc,phases      ] GC(747)   Other: 0.06ms
[5363.164s][info][gc,heap        ] GC(747) Eden regions: 570->0(570)
[5363.164s][info][gc,heap        ] GC(747) Survivor regions: 44->44(77)
[5363.164s][info][gc,heap        ] GC(747) Old regions: 201->208
[5363.164s][info][gc,heap        ] GC(747) Humongous regions: 33->33
[5363.164s][info][gc,metaspace   ] GC(747) Metaspace: 30013K(30144K)->30013K(30144K) NonClass: 30013K(30144K)->30013K(30144K) Class: 0K(0K)->0K(0K)
[5363.164s][info][gc             ] GC(747) Pause Young (Normal) (G1 Evacuation Pause) 6761M->2259M(8192M) 151.035ms
[5363.164s][info][gc,cpu         ] GC(747) User=1.19s Sys=0.00s Real=0.15s
....[5367.247s][info][gc,start       ] GC(748) Pause Young (Normal) (G1 Evacuation Pause)
[5367.248s][info][gc,task        ] GC(748) Using 8 workers of 8 for evacuation
[5367.393s][info][gc,phases      ] GC(748)   Pre Evacuate Collection Set: 0.26ms
[5367.393s][info][gc,phases      ] GC(748)   Merge Heap Roots: 0.50ms
[5367.393s][info][gc,phases      ] GC(748)   Evacuate Collection Set: 143.80ms
[5367.393s][info][gc,phases      ] GC(748)   Post Evacuate Collection Set: 1.02ms
[5367.393s][info][gc,phases      ] GC(748)   Other: 0.06ms
[5367.393s][info][gc,heap        ] GC(748) Eden regions: 570->0(571)
[5367.393s][info][gc,heap        ] GC(748) Survivor regions: 44->43(77)
[5367.393s][info][gc,heap        ] GC(748) Old regions: 208->215
[5367.393s][info][gc,heap        ] GC(748) Humongous regions: 33->33
[5367.393s][info][gc,metaspace   ] GC(748) Metaspace: 30013K(30144K)->30013K(30144K) NonClass: 30013K(30144K)->30013K(30144K) Class: 0K(0K)->0K(0K)
[5367.393s][info][gc             ] GC(748) Pause Young (Normal) (G1 Evacuation Pause) 6819M->2307M(8192M) 145.768ms
[5367.393s][info][gc,cpu         ] GC(748) User=1.16s Sys=0.00s Real=0.15s
....[5371.658s][info][gc,start       ] GC(749) Pause Young (Normal) (G1 Evacuation Pause)
[5371.658s][info][gc,task        ] GC(749) Using 8 workers of 8 for evacuation
[5371.808s][info][gc,phases      ] GC(749)   Pre Evacuate Collection Set: 0.24ms
[5371.808s][info][gc,phases      ] GC(749)   Merge Heap Roots: 0.50ms
[5371.808s][info][gc,phases      ] GC(749)   Evacuate Collection Set: 148.53ms
[5371.808s][info][gc,phases      ] GC(749)   Post Evacuate Collection Set: 1.02ms
[5371.808s][info][gc,phases      ] GC(749)   Other: 0.06ms
[5371.808s][info][gc,heap        ] GC(749) Eden regions: 571->0(570)
[5371.808s][info][gc,heap        ] GC(749) Survivor regions: 43->44(77)
[5371.808s][info][gc,heap        ] GC(749) Old regions: 215->222
[5371.808s][info][gc,heap        ] GC(749) Humongous regions: 33->33
[5371.808s][info][gc,metaspace   ] GC(749) Metaspace: 30013K(30144K)->30013K(30144K) NonClass: 30013K(30144K)->30013K(30144K) Class: 0K(0K)->0K(0K)
[5371.808s][info][gc             ] GC(749) Pause Young (Normal) (G1 Evacuation Pause) 6875M->2374M(8192M) 150.487ms
[5371.808s][info][gc,cpu         ] GC(749) User=1.19s Sys=0.00s Real=0.15s
.....[5375.994s][info][gc,start       ] GC(750) Pause Young (Normal) (G1 Evacuation Pause)
[5375.994s][info][gc,task        ] GC(750) Using 8 workers of 8 for evacuation
[5376.145s][info][gc,phases      ] GC(750)   Pre Evacuate Collection Set: 0.27ms
[5376.145s][info][gc,phases      ] GC(750)   Merge Heap Roots: 0.50ms
[5376.145s][info][gc,phases      ] GC(750)   Evacuate Collection Set: 149.17ms
[5376.145s][info][gc,phases      ] GC(750)   Post Evacuate Collection Set: 1.02ms
[5376.145s][info][gc,phases      ] GC(750)   Other: 0.06ms
[5376.145s][info][gc,heap        ] GC(750) Eden regions: 570->0(570)
[5376.145s][info][gc,heap        ] GC(750) Survivor regions: 44->44(77)
[5376.145s][info][gc,heap        ] GC(750) Old regions: 222->229
[5376.145s][info][gc,heap        ] GC(750) Humongous regions: 33->33
[5376.145s][info][gc,metaspace   ] GC(750) Metaspace: 30013K(30144K)->30013K(30144K) NonClass: 30013K(30144K)->30013K(30144K) Class: 0K(0K)->0K(0K)
[5376.145s][info][gc             ] GC(750) Pause Young (Normal) (G1 Evacuation Pause) 6934M->2429M(8192M) 151.152ms
[5376.145s][info][gc,cpu         ] GC(750) User=1.20s Sys=0.00s Real=0.15s
. (rIR:aIR:PR = 8994:8999:8998) (tPR = 134119) [OK] 
  5376s: Performance info:
         Transaction,    Success,    Partial,     Failed,   Receipts, AvgBarcode, 
             Overall,     540830,          0,          0,     513880,      59.47, 
         Response times:
             Request,    Success,    Partial,     Failed,   SkipFail,     Probes,    Samples,      min,      p50,      p90,      p95,      p99,      max, 
       TotalPurchase,     513894,          0,          0,          0,     359977,     424220,      300,     5800,    19100,    54000,   110000,  1500000,
     InStorePurchase,     269154,          0,          0,          0,     189380,     222676,      300,     5700,    19000,    55000,   110000,  1500000,
      OnlinePurchase,     191040,          0,          0,          0,     131958,     155622,      300,     5800,    19000,    52000,   109000,  1300000,
        InstPurchase,      53700,          0,          0,          0,      38639,      45922,      500,     5900,    19770,    56000,   109000,  1300000,
          AssocOfCat,        544,          0,          0,          0,        460,        639,    26000,    50000,    80000,   117000,   200800,   280000,
      AssocOfProduct,       5394,          0,          0,          0,       3917,       4832,      700,     6600,    23000,    57000,   109000,   371000,
      BusinessReport,       1354,          0,          0,          0,       1186,       1533,    27000,    51000,    94000,   129000,   215320,   253000,
          CustBuyBeh,       5436,          0,          0,          0,       3910,       4793,      300,     5800,    18660,    54000,   111000,   311000,
       ProductReturn,      14252,          0,          0,          0,      10275,      12380,      300,     5800,    21000,    57000,   114000,   350000,

  5376s: (66%)   IR =   9132 ...[5380.310s][info][gc,start       ] GC(751) Pause Young (Normal) (G1 Evacuation Pause)
[5380.310s][info][gc,task        ] GC(751) Using 8 workers of 8 for evacuation
[5380.456s][info][gc,phases      ] GC(751)   Pre Evacuate Collection Set: 0.25ms
[5380.456s][info][gc,phases      ] GC(751)   Merge Heap Roots: 0.50ms
[5380.456s][info][gc,phases      ] GC(751)   Evacuate Collection Set: 143.75ms
[5380.456s][info][gc,phases      ] GC(751)   Post Evacuate Collection Set: 1.12ms
[5380.456s][info][gc,phases      ] GC(751)   Other: 0.07ms
[5380.456s][info][gc,heap        ] GC(751) Eden regions: 570->0(571)
[5380.456s][info][gc,heap        ] GC(751) Survivor regions: 44->43(77)
[5380.456s][info][gc,heap        ] GC(751) Old regions: 229->236
[5380.456s][info][gc,heap        ] GC(751) Humongous regions: 33->33
[5380.456s][info][gc,metaspace   ] GC(751) Metaspace: 30013K(30144K)->30013K(30144K) NonClass: 30013K(30144K)->30013K(30144K) Class: 0K(0K)->0K(0K)
[5380.456s][info][gc             ] GC(751) Pause Young (Normal) (G1 Evacuation Pause) 6989M->2479M(8192M) 145.826ms
[5380.456s][info][gc,cpu         ] GC(751) User=1.15s Sys=0.00s Real=0.14s
....[5384.519s][info][gc,start       ] GC(752) Pause Young (Normal) (G1 Evacuation Pause)
[5384.519s][info][gc,task        ] GC(752) Using 8 workers of 8 for evacuation
[5384.666s][info][gc,phases      ] GC(752)   Pre Evacuate Collection Set: 0.24ms
[5384.666s][info][gc,phases      ] GC(752)   Merge Heap Roots: 0.51ms
[5384.666s][info][gc,phases      ] GC(752)   Evacuate Collection Set: 144.59ms
[5384.666s][info][gc,phases      ] GC(752)   Post Evacuate Collection Set: 1.09ms
[5384.666s][info][gc,phases      ] GC(752)   Other: 0.06ms
[5384.666s][info][gc,heap        ] GC(752) Eden regions: 571->0(571)
[5384.666s][info][gc,heap        ] GC(752) Survivor regions: 43->43(77)
[5384.666s][info][gc,heap        ] GC(752) Old regions: 236->243
[5384.666s][info][gc,heap        ] GC(752) Humongous regions: 33->33
[5384.666s][info][gc,metaspace   ] GC(752) Metaspace: 30013K(30144K)->30013K(30144K) NonClass: 30013K(30144K)->30013K(30144K) Class: 0K(0K)->0K(0K)
[5384.666s][info][gc             ] GC(752) Pause Young (Normal) (G1 Evacuation Pause) 7047M->2538M(8192M) 146.634ms
[5384.666s][info][gc,cpu         ] GC(752) User=1.16s Sys=0.00s Real=0.15s
..|..[5388.660s][info][gc,start       ] GC(753) Pause Young (Normal) (G1 Evacuation Pause)
[5388.660s][info][gc,task        ] GC(753) Using 8 workers of 8 for evacuation
[5388.813s][info][gc,phases      ] GC(753)   Pre Evacuate Collection Set: 0.27ms
[5388.813s][info][gc,phases      ] GC(753)   Merge Heap Roots: 0.55ms
[5388.813s][info][gc,phases      ] GC(753)   Evacuate Collection Set: 150.79ms
[5388.813s][info][gc,phases      ] GC(753)   Post Evacuate Collection Set: 1.05ms
[5388.813s][info][gc,phases      ] GC(753)   Other: 0.07ms
[5388.813s][info][gc,heap        ] GC(753) Eden regions: 571->0(571)
[5388.813s][info][gc,heap        ] GC(753) Survivor regions: 43->43(77)
[5388.813s][info][gc,heap        ] GC(753) Old regions: 243->250
[5388.813s][info][gc,heap        ] GC(753) Humongous regions: 33->33
[5388.813s][info][gc,metaspace   ] GC(753) Metaspace: 30013K(30144K)->30013K(30144K) NonClass: 30013K(30144K)->30013K(30144K) Class: 0K(0K)->0K(0K)
[5388.813s][info][gc             ] GC(753) Pause Young (Normal) (G1 Evacuation Pause) 7106M->2594M(8192M) 152.880ms
[5388.813s][info][gc,cpu         ] GC(753) User=1.21s Sys=0.00s Real=0.16s
....[5392.828s][info][gc,start       ] GC(754) Pause Young (Normal) (G1 Evacuation Pause)
[5392.828s][info][gc,task        ] GC(754) Using 8 workers of 8 for evacuation
[5392.980s][info][gc,phases      ] GC(754)   Pre Evacuate Collection Set: 0.22ms
[5392.981s][info][gc,phases      ] GC(754)   Merge Heap Roots: 0.58ms
[5392.981s][info][gc,phases      ] GC(754)   Evacuate Collection Set: 150.64ms
[5392.981s][info][gc,phases      ] GC(754)   Post Evacuate Collection Set: 1.05ms
[5392.981s][info][gc,phases      ] GC(754)   Other: 0.06ms
[5392.981s][info][gc,heap        ] GC(754) Eden regions: 571->0(570)
[5392.981s][info][gc,heap        ] GC(754) Survivor regions: 43->44(77)
[5392.981s][info][gc,heap        ] GC(754) Old regions: 250->257
[5392.981s][info][gc,heap        ] GC(754) Humongous regions: 33->33
[5392.981s][info][gc,metaspace   ] GC(754) Metaspace: 30013K(30144K)->30013K(30144K) NonClass: 30013K(30144K)->30013K(30144K) Class: 0K(0K)->0K(0K)
[5392.981s][info][gc             ] GC(754) Pause Young (Normal) (G1 Evacuation Pause) 7162M->2655M(8192M) 152.686ms
[5392.981s][info][gc,cpu         ] GC(754) User=1.21s Sys=0.01s Real=0.16s
.....[5397.109s][info][gc,start       ] GC(755) Pause Young (Normal) (G1 Evacuation Pause)
[5397.109s][info][gc,task        ] GC(755) Using 8 workers of 8 for evacuation
[5397.253s][info][gc,phases      ] GC(755)   Pre Evacuate Collection Set: 0.27ms
[5397.253s][info][gc,phases      ] GC(755)   Merge Heap Roots: 0.50ms
[5397.253s][info][gc,phases      ] GC(755)   Evacuate Collection Set: 142.21ms
[5397.253s][info][gc,phases      ] GC(755)   Post Evacuate Collection Set: 1.02ms
[5397.253s][info][gc,phases      ] GC(755)   Other: 0.06ms
[5397.253s][info][gc,heap        ] GC(755) Eden regions: 570->0(571)
[5397.253s][info][gc,heap        ] GC(755) Survivor regions: 44->43(77)
[5397.253s][info][gc,heap        ] GC(755) Old regions: 257->264
[5397.253s][info][gc,heap        ] GC(755) Humongous regions: 33->33
[5397.253s][info][gc,metaspace   ] GC(755) Metaspace: 30013K(30144K)->30013K(30144K) NonClass: 30013K(30144K)->30013K(30144K) Class: 0K(0K)->0K(0K)
[5397.253s][info][gc             ] GC(755) Pause Young (Normal) (G1 Evacuation Pause) 7215M->2702M(8192M) 144.214ms
[5397.253s][info][gc,cpu         ] GC(755) User=1.13s Sys=0.00s Real=0.15s
....[5401.255s][info][gc,start       ] GC(756) Pause Young (Normal) (G1 Evacuation Pause)
[5401.255s][info][gc,task        ] GC(756) Using 8 workers of 8 for evacuation
[5401.410s][info][gc,phases      ] GC(756)   Pre Evacuate Collection Set: 0.24ms
[5401.410s][info][gc,phases      ] GC(756)   Merge Heap Roots: 0.50ms
[5401.410s][info][gc,phases      ] GC(756)   Evacuate Collection Set: 153.56ms
[5401.410s][info][gc,phases      ] GC(756)   Post Evacuate Collection Set: 1.03ms
[5401.410s][info][gc,phases      ] GC(756)   Other: 0.06ms
[5401.410s][info][gc,heap        ] GC(756) Eden regions: 571->0(569)
[5401.410s][info][gc,heap        ] GC(756) Survivor regions: 43->45(77)
[5401.410s][info][gc,heap        ] GC(756) Old regions: 264->272
[5401.410s][info][gc,heap        ] GC(756) Humongous regions: 33->33
[5401.410s][info][gc,metaspace   ] GC(756) Metaspace: 30013K(30144K)->30013K(30144K) NonClass: 30013K(30144K)->30013K(30144K) Class: 0K(0K)->0K(0K)
[5401.410s][info][gc             ] GC(756) Pause Young (Normal) (G1 Evacuation Pause) 7270M->2785M(8192M) 155.505ms
[5401.410s][info][gc,cpu         ] GC(756) User=1.23s Sys=0.00s Real=0.16s
....[5405.466s][info][gc,start       ] GC(757) Pause Young (Normal) (G1 Evacuation Pause)
[5405.466s][info][gc,task        ] GC(757) Using 8 workers of 8 for evacuation
[5405.611s][info][gc,phases      ] GC(757)   Pre Evacuate Collection Set: 0.30ms
[5405.611s][info][gc,phases      ] GC(757)   Merge Heap Roots: 0.56ms
[5405.611s][info][gc,phases      ] GC(757)   Evacuate Collection Set: 143.16ms
[5405.611s][info][gc,phases      ] GC(757)   Post Evacuate Collection Set: 1.03ms
[5405.611s][info][gc,phases      ] GC(757)   Other: 0.08ms
[5405.611s][info][gc,heap        ] GC(757) Eden regions: 569->0(571)
[5405.611s][info][gc,heap        ] GC(757) Survivor regions: 45->43(77)
[5405.611s][info][gc,heap        ] GC(757) Old regions: 272->279
[5405.611s][info][gc,heap        ] GC(757) Humongous regions: 33->33
[5405.611s][info][gc,metaspace   ] GC(757) Metaspace: 30013K(30144K)->30013K(30144K) NonClass: 30013K(30144K)->30013K(30144K) Class: 0K(0K)->0K(0K)
[5405.611s][info][gc             ] GC(757) Pause Young (Normal) (G1 Evacuation Pause) 7337M->2821M(8192M) 145.252ms
[5405.611s][info][gc,cpu         ] GC(757) User=1.15s Sys=0.00s Real=0.15s
....[5409.636s][info][gc,start       ] GC(758) Pause Young (Normal) (G1 Evacuation Pause)
[5409.636s][info][gc,task        ] GC(758) Using 8 workers of 8 for evacuation
[5409.789s][info][gc,phases      ] GC(758)   Pre Evacuate Collection Set: 0.24ms
[5409.789s][info][gc,phases      ] GC(758)   Merge Heap Roots: 0.50ms
[5409.789s][info][gc,phases      ] GC(758)   Evacuate Collection Set: 150.49ms
[5409.789s][info][gc,phases      ] GC(758)   Post Evacuate Collection Set: 1.04ms
[5409.789s][info][gc,phases      ] GC(758)   Other: 0.06ms
[5409.789s][info][gc,heap        ] GC(758) Eden regions: 571->0(565)
[5409.789s][info][gc,heap        ] GC(758) Survivor regions: 43->44(77)
[5409.789s][info][gc,heap        ] GC(758) Old regions: 279->286
[5409.789s][info][gc,heap        ] GC(758) Humongous regions: 33->33
[5409.789s][info][gc,metaspace   ] GC(758) Metaspace: 30013K(30144K)->30013K(30144K) NonClass: 30013K(30144K)->30013K(30144K) Class: 0K(0K)->0K(0K)
[5409.789s][info][gc             ] GC(758) Pause Young (Normal) (G1 Evacuation Pause) 7389M->2890M(8192M) 152.472ms
[5409.789s][info][gc,cpu         ] GC(758) User=1.21s Sys=0.00s Real=0.15s
....[5413.911s][info][gc,start       ] GC(759) Pause Young (Normal) (G1 Evacuation Pause)
[5413.911s][info][gc,task        ] GC(759) Using 8 workers of 8 for evacuation
[5414.058s][info][gc,phases      ] GC(759)   Pre Evacuate Collection Set: 0.26ms
[5414.058s][info][gc,phases      ] GC(759)   Merge Heap Roots: 0.50ms
[5414.058s][info][gc,phases      ] GC(759)   Evacuate Collection Set: 145.74ms
[5414.058s][info][gc,phases      ] GC(759)   Post Evacuate Collection Set: 1.03ms
[5414.058s][info][gc,phases      ] GC(759)   Other: 0.06ms
[5414.058s][info][gc,heap        ] GC(759) Eden regions: 565->0(560)
[5414.058s][info][gc,heap        ] GC(759) Survivor regions: 44->43(77)
[5414.058s][info][gc,heap        ] GC(759) Old regions: 286->293
[5414.058s][info][gc,heap        ] GC(759) Humongous regions: 33->33
[5414.058s][info][gc,metaspace   ] GC(759) Metaspace: 30013K(30144K)->30013K(30144K) NonClass: 30013K(30144K)->30013K(30144K) Class: 0K(0K)->0K(0K)
[5414.058s][info][gc             ] GC(759) Pause Young (Normal) (G1 Evacuation Pause) 7410M->2939M(8192M) 147.714ms
[5414.058s][info][gc,cpu         ] GC(759) User=1.17s Sys=0.00s Real=0.14s
....[5418.062s][info][gc,start       ] GC(760) Pause Young (Normal) (G1 Evacuation Pause)
[5418.062s][info][gc,task        ] GC(760) Using 8 workers of 8 for evacuation
[5418.207s][info][gc,phases      ] GC(760)   Pre Evacuate Collection Set: 0.24ms
[5418.207s][info][gc,phases      ] GC(760)   Merge Heap Roots: 0.50ms
[5418.207s][info][gc,phases      ] GC(760)   Evacuate Collection Set: 142.99ms
[5418.207s][info][gc,phases      ] GC(760)   Post Evacuate Collection Set: 1.03ms
[5418.207s][info][gc,phases      ] GC(760)   Other: 0.06ms
[5418.207s][info][gc,heap        ] GC(760) Eden regions: 560->0(552)
[5418.207s][info][gc,heap        ] GC(760) Survivor regions: 43->43(76)
[5418.207s][info][gc,heap        ] GC(760) Old regions: 293->301
[5418.207s][info][gc,heap        ] GC(760) Humongous regions: 33->33
[5418.207s][info][gc,metaspace   ] GC(760) Metaspace: 30013K(30144K)->30013K(30144K) NonClass: 30013K(30144K)->30013K(30144K) Class: 0K(0K)->0K(0K)
[5418.207s][info][gc             ] GC(760) Pause Young (Normal) (G1 Evacuation Pause) 7419M->2994M(8192M) 144.965ms
[5418.207s][info][gc,cpu         ] GC(760) User=1.15s Sys=0.00s Real=0.14s
....[5422.102s][info][gc,start       ] GC(761) Pause Young (Normal) (G1 Evacuation Pause)
[5422.102s][info][gc,task        ] GC(761) Using 8 workers of 8 for evacuation
[5422.247s][info][gc,phases      ] GC(761)   Pre Evacuate Collection Set: 0.26ms
[5422.247s][info][gc,phases      ] GC(761)   Merge Heap Roots: 0.54ms
[5422.247s][info][gc,phases      ] GC(761)   Evacuate Collection Set: 142.65ms
[5422.247s][info][gc,phases      ] GC(761)   Post Evacuate Collection Set: 1.03ms
[5422.247s][info][gc,phases      ] GC(761)   Other: 0.07ms
[5422.247s][info][gc,heap        ] GC(761) Eden regions: 552->0(547)
[5422.247s][info][gc,heap        ] GC(761) Survivor regions: 43->42(75)
[5422.247s][info][gc,heap        ] GC(761) Old regions: 301->308
[5422.247s][info][gc,heap        ] GC(761) Humongous regions: 33->33
[5422.247s][info][gc,metaspace   ] GC(761) Metaspace: 30013K(30144K)->30013K(30144K) NonClass: 30013K(30144K)->30013K(30144K) Class: 0K(0K)->0K(0K)
[5422.247s][info][gc             ] GC(761) Pause Young (Normal) (G1 Evacuation Pause) 7410M->3049M(8192M) 144.677ms
[5422.247s][info][gc,cpu         ] GC(761) User=1.14s Sys=0.01s Real=0.14s
....[5426.202s][info][gc,start       ] GC(762) Pause Young (Concurrent Start) (G1 Evacuation Pause)
[5426.202s][info][gc,task        ] GC(762) Using 8 workers of 8 for evacuation
[5426.349s][info][gc,phases      ] GC(762)   Pre Evacuate Collection Set: 0.31ms
[5426.349s][info][gc,phases      ] GC(762)   Merge Heap Roots: 0.50ms
[5426.349s][info][gc,phases      ] GC(762)   Evacuate Collection Set: 145.05ms
[5426.349s][info][gc,phases      ] GC(762)   Post Evacuate Collection Set: 0.99ms
[5426.349s][info][gc,phases      ] GC(762)   Other: 0.10ms
[5426.349s][info][gc,heap        ] GC(762) Eden regions: 547->0(537)
[5426.349s][info][gc,heap        ] GC(762) Survivor regions: 42->43(74)
[5426.349s][info][gc,heap        ] GC(762) Old regions: 308->316
[5426.349s][info][gc,heap        ] GC(762) Humongous regions: 33->33
[5426.349s][info][gc,metaspace   ] GC(762) Metaspace: 30013K(30144K)->30013K(30144K) NonClass: 30013K(30144K)->30013K(30144K) Class: 0K(0K)->0K(0K)
[5426.349s][info][gc             ] GC(762) Pause Young (Concurrent Start) (G1 Evacuation Pause) 7425M->3117M(8192M) 147.075ms
[5426.349s][info][gc,cpu         ] GC(762) User=1.17s Sys=0.00s Real=0.14s
[5426.349s][info][gc             ] GC(763) Concurrent Mark Cycle
[5426.349s][info][gc,marking     ] GC(763) Concurrent Scan Root Regions
.[5426.726s][info][gc,marking     ] GC(763) Concurrent Scan Root Regions 376.482ms
[5426.726s][info][gc,marking     ] GC(763) Concurrent Mark
[5426.726s][info][gc,marking     ] GC(763) Concurrent Mark From Roots
[5426.726s][info][gc,task        ] GC(763) Using 2 workers of 2 for marking
.[5427.854s][info][gc,marking     ] GC(763) Concurrent Mark From Roots 1128.516ms
[5427.855s][info][gc,marking     ] GC(763) Concurrent Preclean
[5427.855s][info][gc,marking     ] GC(763) Concurrent Preclean 0.118ms
[5427.855s][info][gc,start       ] GC(763) Pause Remark
[5427.857s][info][gc             ] GC(763) Pause Remark 4845M->4229M(8192M) 2.511ms
[5427.857s][info][gc,cpu         ] GC(763) User=0.02s Sys=0.00s Real=0.00s
[5427.857s][info][gc,marking     ] GC(763) Concurrent Mark 1131.474ms
[5427.857s][info][gc,marking     ] GC(763) Concurrent Rebuild Remembered Sets and Scrub Regions
.[5428.502s][info][gc,marking     ] GC(763) Concurrent Rebuild Remembered Sets and Scrub Regions 644.404ms
[5428.502s][info][gc,start       ] GC(763) Pause Cleanup
[5428.502s][info][gc             ] GC(763) Pause Cleanup 4962M->4962M(8192M) 0.269ms
[5428.502s][info][gc,cpu         ] GC(763) User=0.00s Sys=0.00s Real=0.00s
[5428.502s][info][gc,marking     ] GC(763) Concurrent Clear Claimed Marks
[5428.502s][info][gc,marking     ] GC(763) Concurrent Clear Claimed Marks 0.044ms
[5428.502s][info][gc,marking     ] GC(763) Concurrent Cleanup for Next Mark
[5428.514s][info][gc,marking     ] GC(763) Concurrent Cleanup for Next Mark 11.622ms
[5428.514s][info][gc             ] GC(763) Concurrent Mark Cycle 2164.719ms
.[5430.135s][info][gc,start       ] GC(764) Pause Young (Prepare Mixed) (G1 Evacuation Pause)
[5430.135s][info][gc,task        ] GC(764) Using 8 workers of 8 for evacuation
[5430.283s][info][gc,phases      ] GC(764)   Pre Evacuate Collection Set: 0.25ms
[5430.283s][info][gc,phases      ] GC(764)   Merge Heap Roots: 0.72ms
[5430.283s][info][gc,phases      ] GC(764)   Evacuate Collection Set: 145.50ms
[5430.283s][info][gc,phases      ] GC(764)   Post Evacuate Collection Set: 1.11ms
[5430.283s][info][gc,phases      ] GC(764)   Other: 0.06ms
[5430.283s][info][gc,heap        ] GC(764) Eden regions: 537->0(572)
[5430.283s][info][gc,heap        ] GC(764) Survivor regions: 43->42(73)
[5430.283s][info][gc,heap        ] GC(764) Old regions: 239->246
[5430.283s][info][gc,heap        ] GC(764) Humongous regions: 33->33
[5430.283s][info][gc,metaspace   ] GC(764) Metaspace: 30013K(30144K)->30013K(30144K) NonClass: 30013K(30144K)->30013K(30144K) Class: 0K(0K)->0K(0K)
[5430.283s][info][gc             ] GC(764) Pause Young (Prepare Mixed) (G1 Evacuation Pause) 6797M->2553M(8192M) 147.781ms
[5430.283s][info][gc,cpu         ] GC(764) User=1.17s Sys=0.00s Real=0.15s
.....[5434.359s][info][gc,start       ] GC(765) Pause Young (Mixed) (G1 Evacuation Pause)
[5434.359s][info][gc,task        ] GC(765) Using 8 workers of 8 for evacuation
[5434.515s][info][gc,phases      ] GC(765)   Pre Evacuate Collection Set: 0.26ms
[5434.515s][info][gc,phases      ] GC(765)   Merge Heap Roots: 0.78ms
[5434.515s][info][gc,phases      ] GC(765)   Evacuate Collection Set: 154.01ms
[5434.515s][info][gc,phases      ] GC(765)   Post Evacuate Collection Set: 1.21ms
[5434.515s][info][gc,phases      ] GC(765)   Other: 0.07ms
[5434.515s][info][gc,heap        ] GC(765) Eden regions: 572->0(571)
[5434.515s][info][gc,heap        ] GC(765) Survivor regions: 42->43(77)
[5434.515s][info][gc,heap        ] GC(765) Old regions: 246->151
[5434.515s][info][gc,heap        ] GC(765) Humongous regions: 33->33
[5434.515s][info][gc,metaspace   ] GC(765) Metaspace: 30013K(30144K)->30013K(30144K) NonClass: 30013K(30144K)->30013K(30144K) Class: 0K(0K)->0K(0K)
[5434.515s][info][gc             ] GC(765) Pause Young (Mixed) (G1 Evacuation Pause) 7129M->1803M(8192M) 156.457ms
[5434.515s][info][gc,cpu         ] GC(765) User=1.24s Sys=0.01s Real=0.16s
....[5438.593s][info][gc,start       ] GC(766) Pause Young (Mixed) (G1 Evacuation Pause)
[5438.593s][info][gc,task        ] GC(766) Using 8 workers of 8 for evacuation
[5438.749s][info][gc,phases      ] GC(766)   Pre Evacuate Collection Set: 0.27ms
[5438.749s][info][gc,phases      ] GC(766)   Merge Heap Roots: 0.71ms
[5438.749s][info][gc,phases      ] GC(766)   Evacuate Collection Set: 154.17ms
[5438.749s][info][gc,phases      ] GC(766)   Post Evacuate Collection Set: 1.06ms
[5438.749s][info][gc,phases      ] GC(766)   Other: 0.07ms
[5438.749s][info][gc,heap        ] GC(766) Eden regions: 571->0(571)
[5438.749s][info][gc,heap        ] GC(766) Survivor regions: 43->43(77)
[5438.749s][info][gc,heap        ] GC(766) Old regions: 151->143
[5438.749s][info][gc,heap        ] GC(766) Humongous regions: 33->33
[5438.749s][info][gc,metaspace   ] GC(766) Metaspace: 30013K(30144K)->30013K(30144K) NonClass: 30013K(30144K)->30013K(30144K) Class: 0K(0K)->0K(0K)
[5438.749s][info][gc             ] GC(766) Pause Young (Mixed) (G1 Evacuation Pause) 6371M->1734M(8192M) 156.407ms
[5438.749s][info][gc,cpu         ] GC(766) User=1.24s Sys=0.00s Real=0.15s
....[5442.773s][info][gc,start       ] GC(767) Pause Young (Normal) (G1 Evacuation Pause)
[5442.773s][info][gc,task        ] GC(767) Using 8 workers of 8 for evacuation
[5442.925s][info][gc,phases      ] GC(767)   Pre Evacuate Collection Set: 0.23ms
[5442.925s][info][gc,phases      ] GC(767)   Merge Heap Roots: 0.50ms
[5442.925s][info][gc,phases      ] GC(767)   Evacuate Collection Set: 149.75ms
[5442.925s][info][gc,phases      ] GC(767)   Post Evacuate Collection Set: 1.00ms
[5442.925s][info][gc,phases      ] GC(767)   Other: 0.06ms
[5442.925s][info][gc,heap        ] GC(767) Eden regions: 571->0(570)
[5442.925s][info][gc,heap        ] GC(767) Survivor regions: 43->44(77)
[5442.925s][info][gc,heap        ] GC(767) Old regions: 143->150
[5442.925s][info][gc,heap        ] GC(767) Humongous regions: 33->33
[5442.925s][info][gc,metaspace   ] GC(767) Metaspace: 30013K(30144K)->30013K(30144K) NonClass: 30013K(30144K)->30013K(30144K) Class: 0K(0K)->0K(0K)
[5442.925s][info][gc             ] GC(767) Pause Young (Normal) (G1 Evacuation Pause) 6302M->1797M(8192M) 151.699ms
[5442.925s][info][gc,cpu         ] GC(767) User=1.20s Sys=0.00s Real=0.15s
.... (rIR:aIR:PR = 9132:9159:9159) (tPR = 135153) [OK] 
  5446s: Performance info:
         Transaction,    Success,    Partial,     Failed,   Receipts, AvgBarcode, 
             Overall,     552807,          0,          0,     525044,      59.47, 
         Response times:
             Request,    Success,    Partial,     Failed,   SkipFail,     Probes,    Samples,      min,      p50,      p90,      p95,      p99,      max, 
       TotalPurchase,     525043,          0,          0,          0,     361103,     416798,      300,     5900,    19500,    61000,   135000,  1100000,
     InStorePurchase,     276448,          0,          0,          0,     189383,     218376,      300,     5800,    19200,    60000,   136000,  1100000,
      OnlinePurchase,     193157,          0,          0,          0,     133327,     153819,      300,     6000,    19700,    63000,   135000,   940000,
        InstPurchase,      55438,          0,          0,          0,      38393,      44603,      500,     5800,    21000,    61000,   125000,  1100000,
          AssocOfCat,        547,          0,          0,          0,        454,        639,    26000,    48000,    89000,   136000,   213600,   261000,
      AssocOfProduct,       5518,          0,          0,          0,       4022,       4913,      800,     7000,    22000,    74000,   123000,   281000,
      BusinessReport,       1364,          0,          0,          0,       1193,       1489,    33000,    51000,    80000,   130000,   213000,   289000,
          CustBuyBeh,       5574,          0,          0,          0,       3992,       4845,      200,     4800,    16740,    51000,   131540,  1100000,
       ProductReturn,      14762,          0,          0,          0,       9195,      10941,      200,     5700,    19100,    58000,   119000,   424000,

  5446s: (67%)   IR =   9271 [5446.945s][info][gc,start       ] GC(768) Pause Young (Normal) (G1 Evacuation Pause)
[5446.945s][info][gc,task        ] GC(768) Using 8 workers of 8 for evacuation
[5447.100s][info][gc,phases      ] GC(768)   Pre Evacuate Collection Set: 0.23ms
[5447.100s][info][gc,phases      ] GC(768)   Merge Heap Roots: 0.50ms
[5447.100s][info][gc,phases      ] GC(768)   Evacuate Collection Set: 153.20ms
[5447.100s][info][gc,phases      ] GC(768)   Post Evacuate Collection Set: 1.07ms
[5447.100s][info][gc,phases      ] GC(768)   Other: 0.06ms
[5447.100s][info][gc,heap        ] GC(768) Eden regions: 570->0(570)
[5447.100s][info][gc,heap        ] GC(768) Survivor regions: 44->44(77)
[5447.100s][info][gc,heap        ] GC(768) Old regions: 150->157
[5447.100s][info][gc,heap        ] GC(768) Humongous regions: 33->33
[5447.100s][info][gc,metaspace   ] GC(768) Metaspace: 30013K(30144K)->30013K(30144K) NonClass: 30013K(30144K)->30013K(30144K) Class: 0K(0K)->0K(0K)
[5447.100s][info][gc             ] GC(768) Pause Young (Normal) (G1 Evacuation Pause) 6357M->1858M(8192M) 155.193ms
[5447.100s][info][gc,cpu         ] GC(768) User=1.23s Sys=0.00s Real=0.16s
....[5451.106s][info][gc,start       ] GC(769) Pause Young (Normal) (G1 Evacuation Pause)
[5451.106s][info][gc,task        ] GC(769) Using 8 workers of 8 for evacuation
[5451.255s][info][gc,phases      ] GC(769)   Pre Evacuate Collection Set: 0.24ms
[5451.255s][info][gc,phases      ] GC(769)   Merge Heap Roots: 0.50ms
[5451.255s][info][gc,phases      ] GC(769)   Evacuate Collection Set: 146.60ms
[5451.255s][info][gc,phases      ] GC(769)   Post Evacuate Collection Set: 1.07ms
[5451.255s][info][gc,phases      ] GC(769)   Other: 0.06ms
[5451.255s][info][gc,heap        ] GC(769) Eden regions: 570->0(571)
[5451.255s][info][gc,heap        ] GC(769) Survivor regions: 44->43(77)
[5451.255s][info][gc,heap        ] GC(769) Old regions: 157->164
[5451.255s][info][gc,heap        ] GC(769) Humongous regions: 33->33
[5451.255s][info][gc,metaspace   ] GC(769) Metaspace: 30013K(30144K)->30013K(30144K) NonClass: 30013K(30144K)->30013K(30144K) Class: 0K(0K)->0K(0K)
[5451.255s][info][gc             ] GC(769) Pause Young (Normal) (G1 Evacuation Pause) 6418M->1906M(8192M) 148.584ms
[5451.255s][info][gc,cpu         ] GC(769) User=1.18s Sys=0.00s Real=0.15s
....[5455.299s][info][gc,start       ] GC(770) Pause Young (Normal) (G1 Evacuation Pause)
[5455.299s][info][gc,task        ] GC(770) Using 8 workers of 8 for evacuation
[5455.444s][info][gc,phases      ] GC(770)   Pre Evacuate Collection Set: 0.24ms
[5455.444s][info][gc,phases      ] GC(770)   Merge Heap Roots: 0.50ms
[5455.444s][info][gc,phases      ] GC(770)   Evacuate Collection Set: 143.47ms
[5455.444s][info][gc,phases      ] GC(770)   Post Evacuate Collection Set: 1.03ms
[5455.444s][info][gc,phases      ] GC(770)   Other: 0.06ms
[5455.444s][info][gc,heap        ] GC(770) Eden regions: 571->0(571)
[5455.444s][info][gc,heap        ] GC(770) Survivor regions: 43->43(77)
[5455.444s][info][gc,heap        ] GC(770) Old regions: 164->171
[5455.444s][info][gc,heap        ] GC(770) Humongous regions: 33->33
[5455.444s][info][gc,metaspace   ] GC(770) Metaspace: 30013K(30144K)->30013K(30144K) NonClass: 30013K(30144K)->30013K(30144K) Class: 0K(0K)->0K(0K)
[5455.444s][info][gc             ] GC(770) Pause Young (Normal) (G1 Evacuation Pause) 6474M->1959M(8192M) 145.436ms
[5455.444s][info][gc,cpu         ] GC(770) User=1.15s Sys=0.00s Real=0.15s
.....[5459.473s][info][gc,start       ] GC(771) Pause Young (Normal) (G1 Evacuation Pause)
[5459.473s][info][gc,task        ] GC(771) Using 8 workers of 8 for evacuation
[5459.620s][info][gc,phases      ] GC(771)   Pre Evacuate Collection Set: 0.27ms
[5459.620s][info][gc,phases      ] GC(771)   Merge Heap Roots: 0.56ms
[5459.620s][info][gc,phases      ] GC(771)   Evacuate Collection Set: 145.67ms
[5459.620s][info][gc,phases      ] GC(771)   Post Evacuate Collection Set: 1.04ms
[5459.620s][info][gc,phases      ] GC(771)   Other: 0.06ms
[5459.620s][info][gc,heap        ] GC(771) Eden regions: 571->0(571)
[5459.620s][info][gc,heap        ] GC(771) Survivor regions: 43->43(77)
[5459.620s][info][gc,heap        ] GC(771) Old regions: 171->179
[5459.620s][info][gc,heap        ] GC(771) Humongous regions: 33->33
[5459.620s][info][gc,metaspace   ] GC(771) Metaspace: 30013K(30144K)->30013K(30144K) NonClass: 30013K(30144K)->30013K(30144K) Class: 0K(0K)->0K(0K)
[5459.621s][info][gc             ] GC(771) Pause Young (Normal) (G1 Evacuation Pause) 6527M->2021M(8192M) 147.724ms
[5459.621s][info][gc,cpu         ] GC(771) User=1.17s Sys=0.01s Real=0.15s
....|[5463.560s][info][gc,start       ] GC(772) Pause Young (Normal) (G1 Evacuation Pause)
[5463.560s][info][gc,task        ] GC(772) Using 8 workers of 8 for evacuation
[5463.707s][info][gc,phases      ] GC(772)   Pre Evacuate Collection Set: 0.24ms
[5463.707s][info][gc,phases      ] GC(772)   Merge Heap Roots: 0.50ms
[5463.707s][info][gc,phases      ] GC(772)   Evacuate Collection Set: 144.65ms
[5463.707s][info][gc,phases      ] GC(772)   Post Evacuate Collection Set: 1.06ms
[5463.707s][info][gc,phases      ] GC(772)   Other: 0.07ms
[5463.707s][info][gc,heap        ] GC(772) Eden regions: 571->0(571)
[5463.707s][info][gc,heap        ] GC(772) Survivor regions: 43->43(77)
[5463.707s][info][gc,heap        ] GC(772) Old regions: 179->185
[5463.707s][info][gc,heap        ] GC(772) Humongous regions: 33->33
[5463.707s][info][gc,metaspace   ] GC(772) Metaspace: 30013K(30144K)->30013K(30144K) NonClass: 30013K(30144K)->30013K(30144K) Class: 0K(0K)->0K(0K)
[5463.707s][info][gc             ] GC(772) Pause Young (Normal) (G1 Evacuation Pause) 6589M->2071M(8192M) 146.671ms
[5463.707s][info][gc,cpu         ] GC(772) User=1.16s Sys=0.00s Real=0.14s
....[5467.833s][info][gc,start       ] GC(773) Pause Young (Normal) (G1 Evacuation Pause)
[5467.833s][info][gc,task        ] GC(773) Using 8 workers of 8 for evacuation
[5467.986s][info][gc,phases      ] GC(773)   Pre Evacuate Collection Set: 0.25ms
[5467.986s][info][gc,phases      ] GC(773)   Merge Heap Roots: 0.49ms
[5467.986s][info][gc,phases      ] GC(773)   Evacuate Collection Set: 151.09ms
[5467.986s][info][gc,phases      ] GC(773)   Post Evacuate Collection Set: 1.04ms
[5467.986s][info][gc,phases      ] GC(773)   Other: 0.07ms
[5467.986s][info][gc,heap        ] GC(773) Eden regions: 571->0(570)
[5467.986s][info][gc,heap        ] GC(773) Survivor regions: 43->44(77)
[5467.986s][info][gc,heap        ] GC(773) Old regions: 185->193
[5467.986s][info][gc,heap        ] GC(773) Humongous regions: 33->33
[5467.986s][info][gc,metaspace   ] GC(773) Metaspace: 30013K(30144K)->30013K(30144K) NonClass: 30013K(30144K)->30013K(30144K) Class: 0K(0K)->0K(0K)
[5467.986s][info][gc             ] GC(773) Pause Young (Normal) (G1 Evacuation Pause) 6639M->2143M(8192M) 153.080ms
[5467.986s][info][gc,cpu         ] GC(773) User=1.21s Sys=0.00s Real=0.15s
....[5472.065s][info][gc,start       ] GC(774) Pause Young (Normal) (G1 Evacuation Pause)
[5472.066s][info][gc,task        ] GC(774) Using 8 workers of 8 for evacuation
[5472.211s][info][gc,phases      ] GC(774)   Pre Evacuate Collection Set: 0.27ms
[5472.211s][info][gc,phases      ] GC(774)   Merge Heap Roots: 0.50ms
[5472.211s][info][gc,phases      ] GC(774)   Evacuate Collection Set: 143.14ms
[5472.211s][info][gc,phases      ] GC(774)   Post Evacuate Collection Set: 1.01ms
[5472.211s][info][gc,phases      ] GC(774)   Other: 0.06ms
[5472.211s][info][gc,heap        ] GC(774) Eden regions: 570->0(571)
[5472.211s][info][gc,heap        ] GC(774) Survivor regions: 44->43(77)
[5472.211s][info][gc,heap        ] GC(774) Old regions: 193->200
[5472.211s][info][gc,heap        ] GC(774) Humongous regions: 33->33
[5472.211s][info][gc,metaspace   ] GC(774) Metaspace: 30013K(30144K)->30013K(30144K) NonClass: 30013K(30144K)->30013K(30144K) Class: 0K(0K)->0K(0K)
[5472.211s][info][gc             ] GC(774) Pause Young (Normal) (G1 Evacuation Pause) 6703M->2193M(8192M) 145.111ms
[5472.211s][info][gc,cpu         ] GC(774) User=1.15s Sys=0.00s Real=0.15s
....[5476.267s][info][gc,start       ] GC(775) Pause Young (Normal) (G1 Evacuation Pause)
[5476.267s][info][gc,task        ] GC(775) Using 8 workers of 8 for evacuation
[5476.411s][info][gc,phases      ] GC(775)   Pre Evacuate Collection Set: 0.22ms
[5476.411s][info][gc,phases      ] GC(775)   Merge Heap Roots: 0.53ms
[5476.411s][info][gc,phases      ] GC(775)   Evacuate Collection Set: 142.28ms
[5476.411s][info][gc,phases      ] GC(775)   Post Evacuate Collection Set: 1.01ms
[5476.411s][info][gc,phases      ] GC(775)   Other: 0.06ms
[5476.411s][info][gc,heap        ] GC(775) Eden regions: 571->0(572)
[5476.411s][info][gc,heap        ] GC(775) Survivor regions: 43->42(77)
[5476.411s][info][gc,heap        ] GC(775) Old regions: 200->207
[5476.411s][info][gc,heap        ] GC(775) Humongous regions: 33->33
[5476.411s][info][gc,metaspace   ] GC(775) Metaspace: 30013K(30144K)->30013K(30144K) NonClass: 30013K(30144K)->30013K(30144K) Class: 0K(0K)->0K(0K)
[5476.411s][info][gc             ] GC(775) Pause Young (Normal) (G1 Evacuation Pause) 6761M->2242M(8192M) 144.243ms
[5476.411s][info][gc,cpu         ] GC(775) User=1.15s Sys=0.00s Real=0.15s
.....[5480.523s][info][gc,start       ] GC(776) Pause Young (Normal) (G1 Evacuation Pause)
[5480.523s][info][gc,task        ] GC(776) Using 8 workers of 8 for evacuation
[5480.675s][info][gc,phases      ] GC(776)   Pre Evacuate Collection Set: 0.25ms
[5480.675s][info][gc,phases      ] GC(776)   Merge Heap Roots: 0.57ms
[5480.675s][info][gc,phases      ] GC(776)   Evacuate Collection Set: 149.42ms
[5480.675s][info][gc,phases      ] GC(776)   Post Evacuate Collection Set: 1.05ms
[5480.675s][info][gc,phases      ] GC(776)   Other: 0.06ms
[5480.675s][info][gc,heap        ] GC(776) Eden regions: 572->0(571)
[5480.675s][info][gc,heap        ] GC(776) Survivor regions: 42->43(77)
[5480.675s][info][gc,heap        ] GC(776) Old regions: 207->215
[5480.675s][info][gc,heap        ] GC(776) Humongous regions: 33->33
[5480.675s][info][gc,metaspace   ] GC(776) Metaspace: 30013K(30144K)->30013K(30144K) NonClass: 30013K(30144K)->30013K(30144K) Class: 0K(0K)->0K(0K)
[5480.675s][info][gc             ] GC(776) Pause Young (Normal) (G1 Evacuation Pause) 6818M->2309M(8192M) 151.497ms
[5480.675s][info][gc,cpu         ] GC(776) User=1.20s Sys=0.00s Real=0.15s
....[5484.740s][info][gc,start       ] GC(777) Pause Young (Normal) (G1 Evacuation Pause)
[5484.740s][info][gc,task        ] GC(777) Using 8 workers of 8 for evacuation
[5484.887s][info][gc,phases      ] GC(777)   Pre Evacuate Collection Set: 0.26ms
[5484.887s][info][gc,phases      ] GC(777)   Merge Heap Roots: 0.56ms
[5484.887s][info][gc,phases      ] GC(777)   Evacuate Collection Set: 144.63ms
[5484.887s][info][gc,phases      ] GC(777)   Post Evacuate Collection Set: 1.05ms
[5484.887s][info][gc,phases      ] GC(777)   Other: 0.07ms
[5484.887s][info][gc,heap        ] GC(777) Eden regions: 571->0(571)
[5484.887s][info][gc,heap        ] GC(777) Survivor regions: 43->43(77)
[5484.887s][info][gc,heap        ] GC(777) Old regions: 215->222
[5484.887s][info][gc,heap        ] GC(777) Humongous regions: 33->33
[5484.887s][info][gc,metaspace   ] GC(777) Metaspace: 30013K(30144K)->30013K(30144K) NonClass: 30013K(30144K)->30013K(30144K) Class: 0K(0K)->0K(0K)
[5484.887s][info][gc             ] GC(777) Pause Young (Normal) (G1 Evacuation Pause) 6877M->2366M(8192M) 146.693ms
[5484.887s][info][gc,cpu         ] GC(777) User=1.16s Sys=0.00s Real=0.14s
....[5488.874s][info][gc,start       ] GC(778) Pause Young (Normal) (G1 Evacuation Pause)
[5488.874s][info][gc,task        ] GC(778) Using 8 workers of 8 for evacuation
[5489.022s][info][gc,phases      ] GC(778)   Pre Evacuate Collection Set: 0.26ms
[5489.022s][info][gc,phases      ] GC(778)   Merge Heap Roots: 0.50ms
[5489.022s][info][gc,phases      ] GC(778)   Evacuate Collection Set: 145.74ms
[5489.022s][info][gc,phases      ] GC(778)   Post Evacuate Collection Set: 1.04ms
[5489.022s][info][gc,phases      ] GC(778)   Other: 0.07ms
[5489.022s][info][gc,heap        ] GC(778) Eden regions: 571->0(570)
[5489.022s][info][gc,heap        ] GC(778) Survivor regions: 43->44(77)
[5489.022s][info][gc,heap        ] GC(778) Old regions: 222->229
[5489.022s][info][gc,heap        ] GC(778) Humongous regions: 33->33
[5489.022s][info][gc,metaspace   ] GC(778) Metaspace: 30013K(30144K)->30013K(30144K) NonClass: 30013K(30144K)->30013K(30144K) Class: 0K(0K)->0K(0K)
[5489.022s][info][gc             ] GC(778) Pause Young (Normal) (G1 Evacuation Pause) 6934M->2426M(8192M) 147.736ms
[5489.022s][info][gc,cpu         ] GC(778) User=1.18s Sys=0.00s Real=0.15s
....[5492.981s][info][gc,start       ] GC(779) Pause Young (Normal) (G1 Evacuation Pause)
[5492.981s][info][gc,task        ] GC(779) Using 8 workers of 8 for evacuation
[5493.131s][info][gc,phases      ] GC(779)   Pre Evacuate Collection Set: 0.24ms
[5493.131s][info][gc,phases      ] GC(779)   Merge Heap Roots: 0.50ms
[5493.131s][info][gc,phases      ] GC(779)   Evacuate Collection Set: 148.49ms
[5493.131s][info][gc,phases      ] GC(779)   Post Evacuate Collection Set: 1.01ms
[5493.131s][info][gc,phases      ] GC(779)   Other: 0.06ms
[5493.131s][info][gc,heap        ] GC(779) Eden regions: 570->0(570)
[5493.131s][info][gc,heap        ] GC(779) Survivor regions: 44->44(77)
[5493.131s][info][gc,heap        ] GC(779) Old regions: 229->236
[5493.131s][info][gc,heap        ] GC(779) Humongous regions: 33->33
[5493.131s][info][gc,metaspace   ] GC(779) Metaspace: 30013K(30144K)->30013K(30144K) NonClass: 30013K(30144K)->30013K(30144K) Class: 0K(0K)->0K(0K)
[5493.131s][info][gc             ] GC(779) Pause Young (Normal) (G1 Evacuation Pause) 6986M->2487M(8192M) 150.431ms
[5493.132s][info][gc,cpu         ] GC(779) User=1.19s Sys=0.00s Real=0.15s
....[5497.228s][info][gc,start       ] GC(780) Pause Young (Normal) (G1 Evacuation Pause)
[5497.228s][info][gc,task        ] GC(780) Using 8 workers of 8 for evacuation
[5497.373s][info][gc,phases      ] GC(780)   Pre Evacuate Collection Set: 0.28ms
[5497.373s][info][gc,phases      ] GC(780)   Merge Heap Roots: 0.63ms
[5497.373s][info][gc,phases      ] GC(780)   Evacuate Collection Set: 143.35ms
[5497.373s][info][gc,phases      ] GC(780)   Post Evacuate Collection Set: 1.05ms
[5497.373s][info][gc,phases      ] GC(780)   Other: 0.06ms
[5497.373s][info][gc,heap        ] GC(780) Eden regions: 570->0(572)
[5497.373s][info][gc,heap        ] GC(780) Survivor regions: 44->42(77)
[5497.373s][info][gc,heap        ] GC(780) Old regions: 236->243
[5497.373s][info][gc,heap        ] GC(780) Humongous regions: 33->33
[5497.373s][info][gc,metaspace   ] GC(780) Metaspace: 30013K(30144K)->30013K(30144K) NonClass: 30013K(30144K)->30013K(30144K) Class: 0K(0K)->0K(0K)
[5497.373s][info][gc             ] GC(780) Pause Young (Normal) (G1 Evacuation Pause) 7047M->2527M(8192M) 145.524ms
[5497.373s][info][gc,cpu         ] GC(780) User=1.16s Sys=0.00s Real=0.15s
.....[5501.495s][info][gc,start       ] GC(781) Pause Young (Normal) (G1 Evacuation Pause)
[5501.495s][info][gc,task        ] GC(781) Using 8 workers of 8 for evacuation
[5501.647s][info][gc,phases      ] GC(781)   Pre Evacuate Collection Set: 0.25ms
[5501.647s][info][gc,phases      ] GC(781)   Merge Heap Roots: 0.50ms
[5501.647s][info][gc,phases      ] GC(781)   Evacuate Collection Set: 149.80ms
[5501.647s][info][gc,phases      ] GC(781)   Post Evacuate Collection Set: 1.01ms
[5501.647s][info][gc,phases      ] GC(781)   Other: 0.08ms
[5501.647s][info][gc,heap        ] GC(781) Eden regions: 572->0(570)
[5501.647s][info][gc,heap        ] GC(781) Survivor regions: 42->44(77)
[5501.647s][info][gc,heap        ] GC(781) Old regions: 243->250
[5501.647s][info][gc,heap        ] GC(781) Humongous regions: 33->33
[5501.647s][info][gc,metaspace   ] GC(781) Metaspace: 30013K(30144K)->30013K(30144K) NonClass: 30013K(30144K)->30013K(30144K) Class: 0K(0K)->0K(0K)
[5501.647s][info][gc             ] GC(781) Pause Young (Normal) (G1 Evacuation Pause) 7103M->2599M(8192M) 151.768ms
[5501.647s][info][gc,cpu         ] GC(781) User=1.20s Sys=0.00s Real=0.15s
....[5505.695s][info][gc,start       ] GC(782) Pause Young (Normal) (G1 Evacuation Pause)
[5505.695s][info][gc,task        ] GC(782) Using 8 workers of 8 for evacuation
[5505.848s][info][gc,phases      ] GC(782)   Pre Evacuate Collection Set: 0.24ms
[5505.848s][info][gc,phases      ] GC(782)   Merge Heap Roots: 0.52ms
[5505.848s][info][gc,phases      ] GC(782)   Evacuate Collection Set: 151.16ms
[5505.848s][info][gc,phases      ] GC(782)   Post Evacuate Collection Set: 1.04ms
[5505.848s][info][gc,phases      ] GC(782)   Other: 0.06ms
[5505.848s][info][gc,heap        ] GC(782) Eden regions: 570->0(570)
[5505.848s][info][gc,heap        ] GC(782) Survivor regions: 44->44(77)
[5505.848s][info][gc,heap        ] GC(782) Old regions: 250->257
[5505.848s][info][gc,heap        ] GC(782) Humongous regions: 33->33
[5505.848s][info][gc,metaspace   ] GC(782) Metaspace: 30013K(30144K)->30013K(30144K) NonClass: 30013K(30144K)->30013K(30144K) Class: 0K(0K)->0K(0K)
[5505.848s][info][gc             ] GC(782) Pause Young (Normal) (G1 Evacuation Pause) 7159M->2659M(8192M) 153.142ms
[5505.849s][info][gc,cpu         ] GC(782) User=1.21s Sys=0.00s Real=0.15s
....[5509.833s][info][gc,start       ] GC(783) Pause Young (Normal) (G1 Evacuation Pause)
[5509.833s][info][gc,task        ] GC(783) Using 8 workers of 8 for evacuation
[5509.985s][info][gc,phases      ] GC(783)   Pre Evacuate Collection Set: 0.23ms
[5509.985s][info][gc,phases      ] GC(783)   Merge Heap Roots: 0.50ms
[5509.985s][info][gc,phases      ] GC(783)   Evacuate Collection Set: 149.39ms
[5509.985s][info][gc,phases      ] GC(783)   Post Evacuate Collection Set: 1.06ms
[5509.985s][info][gc,phases      ] GC(783)   Other: 0.07ms
[5509.985s][info][gc,heap        ] GC(783) Eden regions: 570->0(570)
[5509.985s][info][gc,heap        ] GC(783) Survivor regions: 44->44(77)
[5509.985s][info][gc,heap        ] GC(783) Old regions: 257->264
[5509.985s][info][gc,heap        ] GC(783) Humongous regions: 33->33
[5509.985s][info][gc,metaspace   ] GC(783) Metaspace: 30013K(30144K)->30013K(30144K) NonClass: 30013K(30144K)->30013K(30144K) Class: 0K(0K)->0K(0K)
[5509.985s][info][gc             ] GC(783) Pause Young (Normal) (G1 Evacuation Pause) 7219M->2715M(8192M) 151.394ms
[5509.985s][info][gc,cpu         ] GC(783) User=1.20s Sys=0.00s Real=0.15s
....[5513.990s][info][gc,start       ] GC(784) Pause Young (Normal) (G1 Evacuation Pause)
[5513.990s][info][gc,task        ] GC(784) Using 8 workers of 8 for evacuation
[5514.146s][info][gc,phases      ] GC(784)   Pre Evacuate Collection Set: 0.24ms
[5514.146s][info][gc,phases      ] GC(784)   Merge Heap Roots: 0.50ms
[5514.146s][info][gc,phases      ] GC(784)   Evacuate Collection Set: 153.92ms
[5514.146s][info][gc,phases      ] GC(784)   Post Evacuate Collection Set: 1.03ms
[5514.146s][info][gc,phases      ] GC(784)   Other: 0.06ms
[5514.146s][info][gc,heap        ] GC(784) Eden regions: 570->0(569)
[5514.146s][info][gc,heap        ] GC(784) Survivor regions: 44->45(77)
[5514.146s][info][gc,heap        ] GC(784) Old regions: 264->272
[5514.146s][info][gc,heap        ] GC(784) Humongous regions: 33->33
[5514.146s][info][gc,metaspace   ] GC(784) Metaspace: 30013K(30144K)->30013K(30144K) NonClass: 30013K(30144K)->30013K(30144K) Class: 0K(0K)->0K(0K)
[5514.146s][info][gc             ] GC(784) Pause Young (Normal) (G1 Evacuation Pause) 7275M->2782M(8192M) 155.877ms
[5514.146s][info][gc,cpu         ] GC(784) User=1.23s Sys=0.00s Real=0.15s
....[5518.108s][info][gc,start       ] GC(785) Pause Young (Normal) (G1 Evacuation Pause)
[5518.108s][info][gc,task        ] GC(785) Using 8 workers of 8 for evacuation
[5518.259s][info][gc,phases      ] GC(785)   Pre Evacuate Collection Set: 0.23ms
[5518.259s][info][gc,phases      ] GC(785)   Merge Heap Roots: 0.52ms
[5518.259s][info][gc,phases      ] GC(785)   Evacuate Collection Set: 149.35ms
[5518.259s][info][gc,phases      ] GC(785)   Post Evacuate Collection Set: 1.02ms
[5518.259s][info][gc,phases      ] GC(785)   Other: 0.06ms
[5518.259s][info][gc,heap        ] GC(785) Eden regions: 569->0(571)
[5518.259s][info][gc,heap        ] GC(785) Survivor regions: 45->43(77)
[5518.259s][info][gc,heap        ] GC(785) Old regions: 272->279
[5518.259s][info][gc,heap        ] GC(785) Humongous regions: 33->33
[5518.259s][info][gc,metaspace   ] GC(785) Metaspace: 30013K(30144K)->30013K(30144K) NonClass: 30013K(30144K)->30013K(30144K) Class: 0K(0K)->0K(0K)
[5518.259s][info][gc             ] GC(785) Pause Young (Normal) (G1 Evacuation Pause) 7334M->2823M(8192M) 151.299ms
[5518.259s][info][gc,cpu         ] GC(785) User=1.20s Sys=0.00s Real=0.15s
....[5522.241s][info][gc,start       ] GC(786) Pause Young (Normal) (G1 Evacuation Pause)
[5522.241s][info][gc,task        ] GC(786) Using 8 workers of 8 for evacuation
[5522.391s][info][gc,phases      ] GC(786)   Pre Evacuate Collection Set: 0.28ms
[5522.391s][info][gc,phases      ] GC(786)   Merge Heap Roots: 0.51ms
[5522.391s][info][gc,phases      ] GC(786)   Evacuate Collection Set: 147.95ms
[5522.391s][info][gc,phases      ] GC(786)   Post Evacuate Collection Set: 1.04ms
[5522.391s][info][gc,phases      ] GC(786)   Other: 0.08ms
[5522.391s][info][gc,heap        ] GC(786) Eden regions: 571->0(567)
[5522.391s][info][gc,heap        ] GC(786) Survivor regions: 43->43(77)
[5522.391s][info][gc,heap        ] GC(786) Old regions: 279->286
[5522.391s][info][gc,heap        ] GC(786) Humongous regions: 33->33
[5522.391s][info][gc,metaspace   ] GC(786) Metaspace: 30013K(30144K)->30013K(30144K) NonClass: 30013K(30144K)->30013K(30144K) Class: 0K(0K)->0K(0K)
[5522.391s][info][gc             ] GC(786) Pause Young (Normal) (G1 Evacuation Pause) 7391M->2882M(8192M) 149.996ms
[5522.391s][info][gc,cpu         ] GC(786) User=1.19s Sys=0.00s Real=0.15s
....[5526.449s][info][gc,start       ] GC(787) Pause Young (Normal) (G1 Evacuation Pause)
[5526.449s][info][gc,task        ] GC(787) Using 8 workers of 8 for evacuation
[5526.595s][info][gc,phases      ] GC(787)   Pre Evacuate Collection Set: 0.24ms
[5526.595s][info][gc,phases      ] GC(787)   Merge Heap Roots: 0.50ms
[5526.595s][info][gc,phases      ] GC(787)   Evacuate Collection Set: 144.28ms
[5526.595s][info][gc,phases      ] GC(787)   Post Evacuate Collection Set: 1.01ms
[5526.595s][info][gc,phases      ] GC(787)   Other: 0.06ms
[5526.595s][info][gc,heap        ] GC(787) Eden regions: 567->0(560)
[5526.595s][info][gc,heap        ] GC(787) Survivor regions: 43->43(77)
[5526.595s][info][gc,heap        ] GC(787) Old regions: 286->293
[5526.595s][info][gc,heap        ] GC(787) Humongous regions: 33->33
[5526.595s][info][gc,metaspace   ] GC(787) Metaspace: 30013K(30144K)->30013K(30144K) NonClass: 30013K(30144K)->30013K(30144K) Class: 0K(0K)->0K(0K)
[5526.595s][info][gc             ] GC(787) Pause Young (Normal) (G1 Evacuation Pause) 7418M->2934M(8192M) 146.226ms
[5526.595s][info][gc,cpu         ] GC(787) User=1.16s Sys=0.00s Real=0.15s
.... (rIR:aIR:PR = 9271:9186:9186) (tPR = 135460) [OK] 
  5529s: Performance info:
         Transaction,    Success,    Partial,     Failed,   Receipts, AvgBarcode, 
             Overall,     607489,          0,          0,     576768,      59.47, 
         Response times:
             Request,    Success,    Partial,     Failed,   SkipFail,     Probes,    Samples,      min,      p50,      p90,      p95,      p99,      max, 
       TotalPurchase,     576768,          0,          0,          0,     394240,     501317,      300,     6000,    16900,    46000,   112000,   544000,
     InStorePurchase,     306002,          0,          0,          0,     207649,     263892,      300,     5900,    16900,    45000,   111000,   544000,
      OnlinePurchase,     209983,          0,          0,          0,     145142,     184335,      300,     6100,    17000,    46000,   112000,   544000,
        InstPurchase,      60783,          0,          0,          0,      41449,      53090,      500,     6200,    16800,    49000,   114000,   430000,
          AssocOfCat,        610,          0,          0,          0,        497,        719,    30000,    48000,    72000,    98000,   200800,   218000,
      AssocOfProduct,       6108,          0,          0,          0,       4483,       5973,      700,     6300,    16800,    49300,   111260,   367000,
      BusinessReport,       1531,          0,          0,          0,       1349,       1866,    30000,    52000,    82000,   120650,   210000,   331000,
          CustBuyBeh,       6175,          0,          0,          0,       4526,       6061,      600,     6400,    16280,    43900,   113760,   263000,
       ProductReturn,      16297,          0,          0,          0,      10405,      13567,      200,     5800,    16320,    51600,   118000,   506000,

  5529s: (68%)   IR =   9409 [5530.456s][info][gc,start       ] GC(788) Pause Young (Normal) (G1 Evacuation Pause)
[5530.456s][info][gc,task        ] GC(788) Using 8 workers of 8 for evacuation
[5530.606s][info][gc,phases      ] GC(788)   Pre Evacuate Collection Set: 0.23ms
[5530.606s][info][gc,phases      ] GC(788)   Merge Heap Roots: 0.50ms
[5530.606s][info][gc,phases      ] GC(788)   Evacuate Collection Set: 148.13ms
[5530.606s][info][gc,phases      ] GC(788)   Post Evacuate Collection Set: 1.06ms
[5530.606s][info][gc,phases      ] GC(788)   Other: 0.07ms
[5530.606s][info][gc,heap        ] GC(788) Eden regions: 560->0(552)
[5530.606s][info][gc,heap        ] GC(788) Survivor regions: 43->43(76)
[5530.606s][info][gc,heap        ] GC(788) Old regions: 293->301
[5530.606s][info][gc,heap        ] GC(788) Humongous regions: 33->33
[5530.606s][info][gc,metaspace   ] GC(788) Metaspace: 30013K(30144K)->30013K(30144K) NonClass: 30013K(30144K)->30013K(30144K) Class: 0K(0K)->0K(0K)
[5530.606s][info][gc             ] GC(788) Pause Young (Normal) (G1 Evacuation Pause) 7414M->2995M(8192M) 150.133ms
[5530.606s][info][gc,cpu         ] GC(788) User=1.18s Sys=0.00s Real=0.15s
....[5534.354s][info][gc,start       ] GC(789) Pause Young (Normal) (G1 Evacuation Pause)
[5534.354s][info][gc,task        ] GC(789) Using 8 workers of 8 for evacuation
[5534.501s][info][gc,phases      ] GC(789)   Pre Evacuate Collection Set: 0.25ms
[5534.501s][info][gc,phases      ] GC(789)   Merge Heap Roots: 0.58ms
[5534.501s][info][gc,phases      ] GC(789)   Evacuate Collection Set: 145.89ms
[5534.501s][info][gc,phases      ] GC(789)   Post Evacuate Collection Set: 0.97ms
[5534.501s][info][gc,phases      ] GC(789)   Other: 0.06ms
[5534.501s][info][gc,heap        ] GC(789) Eden regions: 552->0(547)
[5534.501s][info][gc,heap        ] GC(789) Survivor regions: 43->42(75)
[5534.501s][info][gc,heap        ] GC(789) Old regions: 301->308
[5534.502s][info][gc,heap        ] GC(789) Humongous regions: 33->33
[5534.502s][info][gc,metaspace   ] GC(789) Metaspace: 30013K(30144K)->30013K(30144K) NonClass: 30013K(30144K)->30013K(30144K) Class: 0K(0K)->0K(0K)
[5534.502s][info][gc             ] GC(789) Pause Young (Normal) (G1 Evacuation Pause) 7411M->3050M(8192M) 147.888ms
[5534.502s][info][gc,cpu         ] GC(789) User=1.17s Sys=0.00s Real=0.15s
....[5538.262s][info][gc,start       ] GC(790) Pause Young (Concurrent Start) (G1 Evacuation Pause)
[5538.262s][info][gc,task        ] GC(790) Using 8 workers of 8 for evacuation
[5538.408s][info][gc,phases      ] GC(790)   Pre Evacuate Collection Set: 0.29ms
[5538.408s][info][gc,phases      ] GC(790)   Merge Heap Roots: 0.56ms
[5538.408s][info][gc,phases      ] GC(790)   Evacuate Collection Set: 143.46ms
[5538.408s][info][gc,phases      ] GC(790)   Post Evacuate Collection Set: 0.99ms
[5538.408s][info][gc,phases      ] GC(790)   Other: 0.10ms
[5538.408s][info][gc,heap        ] GC(790) Eden regions: 547->0(539)
[5538.408s][info][gc,heap        ] GC(790) Survivor regions: 42->42(74)
[5538.408s][info][gc,heap        ] GC(790) Old regions: 308->316
[5538.408s][info][gc,heap        ] GC(790) Humongous regions: 33->33
[5538.408s][info][gc,metaspace   ] GC(790) Metaspace: 30013K(30144K)->30013K(30144K) NonClass: 30013K(30144K)->30013K(30144K) Class: 0K(0K)->0K(0K)
[5538.408s][info][gc             ] GC(790) Pause Young (Concurrent Start) (G1 Evacuation Pause) 7426M->3109M(8192M) 145.525ms
[5538.408s][info][gc             ] GC(791) Concurrent Mark Cycle
[5538.408s][info][gc,marking     ] GC(791) Concurrent Scan Root Regions
[5538.408s][info][gc,cpu         ] GC(790) User=1.15s Sys=0.00s Real=0.14s
[5538.706s][info][gc,marking     ] GC(791) Concurrent Scan Root Regions 297.806ms
[5538.706s][info][gc,marking     ] GC(791) Concurrent Mark
[5538.706s][info][gc,marking     ] GC(791) Concurrent Mark From Roots
[5538.706s][info][gc,task        ] GC(791) Using 2 workers of 2 for marking
.[5539.647s][info][gc,marking     ] GC(791) Concurrent Mark From Roots 940.748ms
[5539.647s][info][gc,marking     ] GC(791) Concurrent Preclean
[5539.647s][info][gc,marking     ] GC(791) Concurrent Preclean 0.113ms
[5539.647s][info][gc,start       ] GC(791) Pause Remark
[5539.649s][info][gc             ] GC(791) Pause Remark 4475M->3819M(8192M) 2.474ms
[5539.649s][info][gc,cpu         ] GC(791) User=0.02s Sys=0.00s Real=0.00s
[5539.650s][info][gc,marking     ] GC(791) Concurrent Mark 943.681ms
[5539.650s][info][gc,marking     ] GC(791) Concurrent Rebuild Remembered Sets and Scrub Regions
.[5540.440s][info][gc,marking     ] GC(791) Concurrent Rebuild Remembered Sets and Scrub Regions 790.518ms
[5540.440s][info][gc,start       ] GC(791) Pause Cleanup
[5540.440s][info][gc             ] GC(791) Pause Cleanup 4894M->4894M(8192M) 0.255ms
[5540.441s][info][gc,cpu         ] GC(791) User=0.00s Sys=0.00s Real=0.00s
[5540.441s][info][gc,marking     ] GC(791) Concurrent Clear Claimed Marks
[5540.441s][info][gc,marking     ] GC(791) Concurrent Clear Claimed Marks 0.050ms
[5540.441s][info][gc,marking     ] GC(791) Concurrent Cleanup for Next Mark
[5540.451s][info][gc,marking     ] GC(791) Concurrent Cleanup for Next Mark 10.422ms
[5540.451s][info][gc             ] GC(791) Concurrent Mark Cycle 2043.122ms
..[5542.061s][info][gc,start       ] GC(792) Pause Young (Prepare Mixed) (G1 Evacuation Pause)
[5542.061s][info][gc,task        ] GC(792) Using 8 workers of 8 for evacuation
[5542.207s][info][gc,phases      ] GC(792)   Pre Evacuate Collection Set: 0.21ms
[5542.207s][info][gc,phases      ] GC(792)   Merge Heap Roots: 0.66ms
[5542.207s][info][gc,phases      ] GC(792)   Evacuate Collection Set: 143.89ms
[5542.207s][info][gc,phases      ] GC(792)   Post Evacuate Collection Set: 1.09ms
[5542.207s][info][gc,phases      ] GC(792)   Other: 0.07ms
[5542.207s][info][gc,heap        ] GC(792) Eden regions: 539->0(572)
[5542.207s][info][gc,heap        ] GC(792) Survivor regions: 42->42(73)
[5542.207s][info][gc,heap        ] GC(792) Old regions: 234->241
[5542.207s][info][gc,heap        ] GC(792) Humongous regions: 33->33
[5542.207s][info][gc,metaspace   ] GC(792) Metaspace: 30013K(30144K)->30013K(30144K) NonClass: 30013K(30144K)->30013K(30144K) Class: 0K(0K)->0K(0K)
[5542.207s][info][gc             ] GC(792) Pause Young (Prepare Mixed) (G1 Evacuation Pause) 6765M->2511M(8192M) 146.054ms
[5542.208s][info][gc,cpu         ] GC(792) User=1.16s Sys=0.00s Real=0.14s
....[5546.126s][info][gc,start       ] GC(793) Pause Young (Mixed) (G1 Evacuation Pause)
[5546.126s][info][gc,task        ] GC(793) Using 8 workers of 8 for evacuation
[5546.281s][info][gc,phases      ] GC(793)   Pre Evacuate Collection Set: 0.30ms
[5546.281s][info][gc,phases      ] GC(793)   Merge Heap Roots: 0.81ms
[5546.281s][info][gc,phases      ] GC(793)   Evacuate Collection Set: 152.75ms
[5546.281s][info][gc,phases      ] GC(793)   Post Evacuate Collection Set: 1.22ms
[5546.281s][info][gc,phases      ] GC(793)   Other: 0.07ms
[5546.281s][info][gc,heap        ] GC(793) Eden regions: 572->0(572)
[5546.281s][info][gc,heap        ] GC(793) Survivor regions: 42->42(77)
[5546.281s][info][gc,heap        ] GC(793) Old regions: 241->147
[5546.281s][info][gc,heap        ] GC(793) Humongous regions: 33->33
[5546.281s][info][gc,metaspace   ] GC(793) Metaspace: 30013K(30144K)->30013K(30144K) NonClass: 30013K(30144K)->30013K(30144K) Class: 0K(0K)->0K(0K)
[5546.281s][info][gc             ] GC(793) Pause Young (Mixed) (G1 Evacuation Pause) 7087M->1757M(8192M) 155.275ms
[5546.281s][info][gc,cpu         ] GC(793) User=1.22s Sys=0.00s Real=0.16s
....[5550.260s][info][gc,start       ] GC(794) Pause Young (Mixed) (G1 Evacuation Pause)
[5550.260s][info][gc,task        ] GC(794) Using 8 workers of 8 for evacuation
[5550.417s][info][gc,phases      ] GC(794)   Pre Evacuate Collection Set: 0.25ms
[5550.417s][info][gc,phases      ] GC(794)   Merge Heap Roots: 0.61ms
[5550.417s][info][gc,phases      ] GC(794)   Evacuate Collection Set: 154.91ms
[5550.417s][info][gc,phases      ] GC(794)   Post Evacuate Collection Set: 1.08ms
[5550.417s][info][gc,phases      ] GC(794)   Other: 0.07ms
[5550.417s][info][gc,heap        ] GC(794) Eden regions: 572->0(571)
[5550.417s][info][gc,heap        ] GC(794) Survivor regions: 42->43(77)
[5550.417s][info][gc,heap        ] GC(794) Old regions: 147->143
[5550.417s][info][gc,heap        ] GC(794) Humongous regions: 33->33
[5550.417s][info][gc,metaspace   ] GC(794) Metaspace: 30013K(30144K)->30013K(30144K) NonClass: 30013K(30144K)->30013K(30144K) Class: 0K(0K)->0K(0K)
[5550.417s][info][gc             ] GC(794) Pause Young (Mixed) (G1 Evacuation Pause) 6333M->1734M(8192M) 157.052ms
[5550.417s][info][gc,cpu         ] GC(794) User=1.25s Sys=0.00s Real=0.16s
....[5554.297s][info][gc,start       ] GC(795) Pause Young (Normal) (G1 Evacuation Pause)
[5554.297s][info][gc,task        ] GC(795) Using 8 workers of 8 for evacuation
[5554.453s][info][gc,phases      ] GC(795)   Pre Evacuate Collection Set: 0.26ms
[5554.453s][info][gc,phases      ] GC(795)   Merge Heap Roots: 0.50ms
[5554.453s][info][gc,phases      ] GC(795)   Evacuate Collection Set: 154.51ms
[5554.453s][info][gc,phases      ] GC(795)   Post Evacuate Collection Set: 1.02ms
[5554.453s][info][gc,phases      ] GC(795)   Other: 0.06ms
[5554.453s][info][gc,heap        ] GC(795) Eden regions: 571->0(571)
[5554.453s][info][gc,heap        ] GC(795) Survivor regions: 43->43(77)
[5554.453s][info][gc,heap        ] GC(795) Old regions: 143->150
[5554.453s][info][gc,heap        ] GC(795) Humongous regions: 33->33
[5554.453s][info][gc,metaspace   ] GC(795) Metaspace: 30013K(30144K)->30013K(30144K) NonClass: 30013K(30144K)->30013K(30144K) Class: 0K(0K)->0K(0K)
[5554.453s][info][gc             ] GC(795) Pause Young (Normal) (G1 Evacuation Pause) 6302M->1790M(8192M) 156.493ms
[5554.453s][info][gc,cpu         ] GC(795) User=1.24s Sys=0.00s Real=0.16s
..|..[5558.330s][info][gc,start       ] GC(796) Pause Young (Normal) (G1 Evacuation Pause)
[5558.330s][info][gc,task        ] GC(796) Using 8 workers of 8 for evacuation
[5558.478s][info][gc,phases      ] GC(796)   Pre Evacuate Collection Set: 0.23ms
[5558.478s][info][gc,phases      ] GC(796)   Merge Heap Roots: 0.55ms
[5558.478s][info][gc,phases      ] GC(796)   Evacuate Collection Set: 145.75ms
[5558.478s][info][gc,phases      ] GC(796)   Post Evacuate Collection Set: 1.01ms
[5558.478s][info][gc,phases      ] GC(796)   Other: 0.06ms
[5558.478s][info][gc,heap        ] GC(796) Eden regions: 571->0(571)
[5558.478s][info][gc,heap        ] GC(796) Survivor regions: 43->43(77)
[5558.478s][info][gc,heap        ] GC(796) Old regions: 150->157
[5558.478s][info][gc,heap        ] GC(796) Humongous regions: 33->33
[5558.478s][info][gc,metaspace   ] GC(796) Metaspace: 30013K(30144K)->30013K(30144K) NonClass: 30013K(30144K)->30013K(30144K) Class: 0K(0K)->0K(0K)
[5558.478s][info][gc             ] GC(796) Pause Young (Normal) (G1 Evacuation Pause) 6358M->1843M(8192M) 147.729ms
[5558.478s][info][gc,cpu         ] GC(796) User=1.16s Sys=0.00s Real=0.14s
....[5562.502s][info][gc,start       ] GC(797) Pause Young (Normal) (G1 Evacuation Pause)
[5562.502s][info][gc,task        ] GC(797) Using 8 workers of 8 for evacuation
[5562.653s][info][gc,phases      ] GC(797)   Pre Evacuate Collection Set: 0.23ms
[5562.653s][info][gc,phases      ] GC(797)   Merge Heap Roots: 0.47ms
[5562.653s][info][gc,phases      ] GC(797)   Evacuate Collection Set: 148.28ms
[5562.653s][info][gc,phases      ] GC(797)   Post Evacuate Collection Set: 1.04ms
[5562.653s][info][gc,phases      ] GC(797)   Other: 0.06ms
[5562.653s][info][gc,heap        ] GC(797) Eden regions: 571->0(571)
[5562.653s][info][gc,heap        ] GC(797) Survivor regions: 43->43(77)
[5562.653s][info][gc,heap        ] GC(797) Old regions: 157->164
[5562.653s][info][gc,heap        ] GC(797) Humongous regions: 33->33
[5562.653s][info][gc,metaspace   ] GC(797) Metaspace: 30013K(30144K)->30013K(30144K) NonClass: 30013K(30144K)->30013K(30144K) Class: 0K(0K)->0K(0K)
[5562.653s][info][gc             ] GC(797) Pause Young (Normal) (G1 Evacuation Pause) 6411M->1905M(8192M) 150.200ms
[5562.653s][info][gc,cpu         ] GC(797) User=1.19s Sys=0.00s Real=0.15s
....[5566.608s][info][gc,start       ] GC(798) Pause Young (Normal) (G1 Evacuation Pause)
[5566.608s][info][gc,task        ] GC(798) Using 8 workers of 8 for evacuation
[5566.762s][info][gc,phases      ] GC(798)   Pre Evacuate Collection Set: 0.22ms
[5566.762s][info][gc,phases      ] GC(798)   Merge Heap Roots: 0.49ms
[5566.762s][info][gc,phases      ] GC(798)   Evacuate Collection Set: 151.78ms
[5566.762s][info][gc,phases      ] GC(798)   Post Evacuate Collection Set: 1.04ms
[5566.762s][info][gc,phases      ] GC(798)   Other: 0.06ms
[5566.762s][info][gc,heap        ] GC(798) Eden regions: 571->0(570)
[5566.762s][info][gc,heap        ] GC(798) Survivor regions: 43->44(77)
[5566.762s][info][gc,heap        ] GC(798) Old regions: 164->171
[5566.762s][info][gc,heap        ] GC(798) Humongous regions: 33->33
[5566.762s][info][gc,metaspace   ] GC(798) Metaspace: 30013K(30144K)->30013K(30144K) NonClass: 30013K(30144K)->30013K(30144K) Class: 0K(0K)->0K(0K)
[5566.762s][info][gc             ] GC(798) Pause Young (Normal) (G1 Evacuation Pause) 6473M->1967M(8192M) 153.735ms
[5566.762s][info][gc,cpu         ] GC(798) User=1.22s Sys=0.00s Real=0.16s
....[5570.687s][info][gc,start       ] GC(799) Pause Young (Normal) (G1 Evacuation Pause)
[5570.688s][info][gc,task        ] GC(799) Using 8 workers of 8 for evacuation
[5570.836s][info][gc,phases      ] GC(799)   Pre Evacuate Collection Set: 0.27ms
[5570.836s][info][gc,phases      ] GC(799)   Merge Heap Roots: 0.54ms
[5570.836s][info][gc,phases      ] GC(799)   Evacuate Collection Set: 146.15ms
[5570.836s][info][gc,phases      ] GC(799)   Post Evacuate Collection Set: 0.99ms
[5570.836s][info][gc,phases      ] GC(799)   Other: 0.06ms
[5570.836s][info][gc,heap        ] GC(799) Eden regions: 570->0(570)
[5570.836s][info][gc,heap        ] GC(799) Survivor regions: 44->44(77)
[5570.836s][info][gc,heap        ] GC(799) Old regions: 171->178
[5570.836s][info][gc,heap        ] GC(799) Humongous regions: 33->33
[5570.836s][info][gc,metaspace   ] GC(799) Metaspace: 30013K(30144K)->30013K(30144K) NonClass: 30013K(30144K)->30013K(30144K) Class: 0K(0K)->0K(0K)
[5570.836s][info][gc             ] GC(799) Pause Young (Normal) (G1 Evacuation Pause) 6527M->2023M(8192M) 148.150ms
[5570.836s][info][gc,cpu         ] GC(799) User=1.17s Sys=0.00s Real=0.15s
.....[5574.882s][info][gc,start       ] GC(800) Pause Young (Normal) (G1 Evacuation Pause)
[5574.882s][info][gc,task        ] GC(800) Using 8 workers of 8 for evacuation
[5575.035s][info][gc,phases      ] GC(800)   Pre Evacuate Collection Set: 0.23ms
[5575.035s][info][gc,phases      ] GC(800)   Merge Heap Roots: 0.48ms
[5575.035s][info][gc,phases      ] GC(800)   Evacuate Collection Set: 150.95ms
[5575.035s][info][gc,phases      ] GC(800)   Post Evacuate Collection Set: 1.03ms
[5575.035s][info][gc,phases      ] GC(800)   Other: 0.07ms
[5575.035s][info][gc,heap        ] GC(800) Eden regions: 570->0(570)
[5575.035s][info][gc,heap        ] GC(800) Survivor regions: 44->44(77)
[5575.035s][info][gc,heap        ] GC(800) Old regions: 178->185
[5575.035s][info][gc,heap        ] GC(800) Humongous regions: 33->33
[5575.035s][info][gc,metaspace   ] GC(800) Metaspace: 30013K(30144K)->30013K(30144K) NonClass: 30013K(30144K)->30013K(30144K) Class: 0K(0K)->0K(0K)
[5575.035s][info][gc             ] GC(800) Pause Young (Normal) (G1 Evacuation Pause) 6583M->2079M(8192M) 152.894ms
[5575.035s][info][gc,cpu         ] GC(800) User=1.21s Sys=0.00s Real=0.15s
....[5578.992s][info][gc,start       ] GC(801) Pause Young (Normal) (G1 Evacuation Pause)
[5578.992s][info][gc,task        ] GC(801) Using 8 workers of 8 for evacuation
[5579.143s][info][gc,phases      ] GC(801)   Pre Evacuate Collection Set: 0.24ms
[5579.143s][info][gc,phases      ] GC(801)   Merge Heap Roots: 0.47ms
[5579.143s][info][gc,phases      ] GC(801)   Evacuate Collection Set: 149.34ms
[5579.143s][info][gc,phases      ] GC(801)   Post Evacuate Collection Set: 1.06ms
[5579.143s][info][gc,phases      ] GC(801)   Other: 0.06ms
[5579.143s][info][gc,heap        ] GC(801) Eden regions: 570->0(570)
[5579.143s][info][gc,heap        ] GC(801) Survivor regions: 44->44(77)
[5579.143s][info][gc,heap        ] GC(801) Old regions: 185->192
[5579.143s][info][gc,heap        ] GC(801) Humongous regions: 33->33
[5579.143s][info][gc,metaspace   ] GC(801) Metaspace: 30013K(30144K)->30013K(30144K) NonClass: 30013K(30144K)->30013K(30144K) Class: 0K(0K)->0K(0K)
[5579.143s][info][gc             ] GC(801) Pause Young (Normal) (G1 Evacuation Pause) 6639M->2135M(8192M) 151.303ms
[5579.143s][info][gc,cpu         ] GC(801) User=1.20s Sys=0.00s Real=0.15s
....[5583.064s][info][gc,start       ] GC(802) Pause Young (Normal) (G1 Evacuation Pause)
[5583.064s][info][gc,task        ] GC(802) Using 8 workers of 8 for evacuation
[5583.214s][info][gc,phases      ] GC(802)   Pre Evacuate Collection Set: 0.25ms
[5583.214s][info][gc,phases      ] GC(802)   Merge Heap Roots: 0.49ms
[5583.215s][info][gc,phases      ] GC(802)   Evacuate Collection Set: 148.94ms
[5583.215s][info][gc,phases      ] GC(802)   Post Evacuate Collection Set: 1.04ms
[5583.215s][info][gc,phases      ] GC(802)   Other: 0.08ms
[5583.215s][info][gc,heap        ] GC(802) Eden regions: 570->0(571)
[5583.215s][info][gc,heap        ] GC(802) Survivor regions: 44->43(77)
[5583.215s][info][gc,heap        ] GC(802) Old regions: 192->199
[5583.215s][info][gc,heap        ] GC(802) Humongous regions: 33->33
[5583.215s][info][gc,metaspace   ] GC(802) Metaspace: 30013K(30144K)->30013K(30144K) NonClass: 30013K(30144K)->30013K(30144K) Class: 0K(0K)->0K(0K)
[5583.215s][info][gc             ] GC(802) Pause Young (Normal) (G1 Evacuation Pause) 6695M->2187M(8192M) 150.948ms
[5583.215s][info][gc,cpu         ] GC(802) User=1.19s Sys=0.00s Real=0.15s
....[5587.225s][info][gc,start       ] GC(803) Pause Young (Normal) (G1 Evacuation Pause)
[5587.225s][info][gc,task        ] GC(803) Using 8 workers of 8 for evacuation
[5587.380s][info][gc,phases      ] GC(803)   Pre Evacuate Collection Set: 0.26ms
[5587.380s][info][gc,phases      ] GC(803)   Merge Heap Roots: 0.52ms
[5587.380s][info][gc,phases      ] GC(803)   Evacuate Collection Set: 152.84ms
[5587.380s][info][gc,phases      ] GC(803)   Post Evacuate Collection Set: 1.03ms
[5587.380s][info][gc,phases      ] GC(803)   Other: 0.06ms
[5587.380s][info][gc,heap        ] GC(803) Eden regions: 571->0(570)
[5587.380s][info][gc,heap        ] GC(803) Survivor regions: 43->44(77)
[5587.380s][info][gc,heap        ] GC(803) Old regions: 199->207
[5587.380s][info][gc,heap        ] GC(803) Humongous regions: 33->33
[5587.380s][info][gc,metaspace   ] GC(803) Metaspace: 30013K(30144K)->30013K(30144K) NonClass: 30013K(30144K)->30013K(30144K) Class: 0K(0K)->0K(0K)
[5587.380s][info][gc             ] GC(803) Pause Young (Normal) (G1 Evacuation Pause) 6755M->2254M(8192M) 154.854ms
[5587.380s][info][gc,cpu         ] GC(803) User=1.22s Sys=0.00s Real=0.16s
....[5591.316s][info][gc,start       ] GC(804) Pause Young (Normal) (G1 Evacuation Pause)
[5591.316s][info][gc,task        ] GC(804) Using 8 workers of 8 for evacuation
[5591.463s][info][gc,phases      ] GC(804)   Pre Evacuate Collection Set: 0.29ms
[5591.463s][info][gc,phases      ] GC(804)   Merge Heap Roots: 0.54ms
[5591.463s][info][gc,phases      ] GC(804)   Evacuate Collection Set: 145.10ms
[5591.463s][info][gc,phases      ] GC(804)   Post Evacuate Collection Set: 1.03ms
[5591.463s][info][gc,phases      ] GC(804)   Other: 0.07ms
[5591.463s][info][gc,heap        ] GC(804) Eden regions: 570->0(572)
[5591.463s][info][gc,heap        ] GC(804) Survivor regions: 44->42(77)
[5591.463s][info][gc,heap        ] GC(804) Old regions: 207->214
[5591.463s][info][gc,heap        ] GC(804) Humongous regions: 33->33
[5591.463s][info][gc,metaspace   ] GC(804) Metaspace: 30013K(30144K)->30013K(30144K) NonClass: 30013K(30144K)->30013K(30144K) Class: 0K(0K)->0K(0K)
[5591.463s][info][gc             ] GC(804) Pause Young (Normal) (G1 Evacuation Pause) 6814M->2297M(8192M) 147.152ms
[5591.463s][info][gc,cpu         ] GC(804) User=1.16s Sys=0.00s Real=0.15s
....[5595.430s][info][gc,start       ] GC(805) Pause Young (Normal) (G1 Evacuation Pause)
[5595.430s][info][gc,task        ] GC(805) Using 8 workers of 8 for evacuation
[5595.585s][info][gc,phases      ] GC(805)   Pre Evacuate Collection Set: 0.22ms
[5595.585s][info][gc,phases      ] GC(805)   Merge Heap Roots: 0.50ms
[5595.585s][info][gc,phases      ] GC(805)   Evacuate Collection Set: 152.74ms
[5595.585s][info][gc,phases      ] GC(805)   Post Evacuate Collection Set: 1.03ms
[5595.585s][info][gc,phases      ] GC(805)   Other: 0.06ms
[5595.585s][info][gc,heap        ] GC(805) Eden regions: 572->0(570)
[5595.585s][info][gc,heap        ] GC(805) Survivor regions: 42->44(77)
[5595.585s][info][gc,heap        ] GC(805) Old regions: 214->221
[5595.585s][info][gc,heap        ] GC(805) Humongous regions: 33->33
[5595.585s][info][gc,metaspace   ] GC(805) Metaspace: 30013K(30144K)->30013K(30144K) NonClass: 30013K(30144K)->30013K(30144K) Class: 0K(0K)->0K(0K)
[5595.585s][info][gc             ] GC(805) Pause Young (Normal) (G1 Evacuation Pause) 6873M->2366M(8192M) 154.672ms
[5595.585s][info][gc,cpu         ] GC(805) User=1.23s Sys=0.00s Real=0.15s
....[5599.567s][info][gc,start       ] GC(806) Pause Young (Normal) (G1 Evacuation Pause)
[5599.567s][info][gc,task        ] GC(806) Using 8 workers of 8 for evacuation
[5599.717s][info][gc,phases      ] GC(806)   Pre Evacuate Collection Set: 0.24ms
[5599.717s][info][gc,phases      ] GC(806)   Merge Heap Roots: 0.49ms
[5599.717s][info][gc,phases      ] GC(806)   Evacuate Collection Set: 148.70ms
[5599.717s][info][gc,phases      ] GC(806)   Post Evacuate Collection Set: 1.04ms
[5599.717s][info][gc,phases      ] GC(806)   Other: 0.07ms
[5599.717s][info][gc,heap        ] GC(806) Eden regions: 570->0(570)
[5599.717s][info][gc,heap        ] GC(806) Survivor regions: 44->44(77)
[5599.717s][info][gc,heap        ] GC(806) Old regions: 221->228
[5599.717s][info][gc,heap        ] GC(806) Humongous regions: 33->33
[5599.717s][info][gc,metaspace   ] GC(806) Metaspace: 30013K(30144K)->30013K(30144K) NonClass: 30013K(30144K)->30013K(30144K) Class: 0K(0K)->0K(0K)
[5599.717s][info][gc             ] GC(806) Pause Young (Normal) (G1 Evacuation Pause) 6926M->2423M(8192M) 150.675ms
[5599.717s][info][gc,cpu         ] GC(806) User=1.19s Sys=0.00s Real=0.15s
....[5603.678s][info][gc,start       ] GC(807) Pause Young (Normal) (G1 Evacuation Pause)
[5603.678s][info][gc,task        ] GC(807) Using 8 workers of 8 for evacuation
[5603.833s][info][gc,phases      ] GC(807)   Pre Evacuate Collection Set: 0.22ms
[5603.833s][info][gc,phases      ] GC(807)   Merge Heap Roots: 0.48ms
[5603.833s][info][gc,phases      ] GC(807)   Evacuate Collection Set: 153.36ms
[5603.833s][info][gc,phases      ] GC(807)   Post Evacuate Collection Set: 1.03ms
[5603.833s][info][gc,phases      ] GC(807)   Other: 0.06ms
[5603.833s][info][gc,heap        ] GC(807) Eden regions: 570->0(571)
[5603.833s][info][gc,heap        ] GC(807) Survivor regions: 44->43(77)
[5603.833s][info][gc,heap        ] GC(807) Old regions: 228->236
[5603.833s][info][gc,heap        ] GC(807) Humongous regions: 33->33
[5603.833s][info][gc,metaspace   ] GC(807) Metaspace: 30013K(30144K)->30013K(30144K) NonClass: 30013K(30144K)->30013K(30144K) Class: 0K(0K)->0K(0K)
[5603.833s][info][gc             ] GC(807) Pause Young (Normal) (G1 Evacuation Pause) 6983M->2481M(8192M) 155.286ms
[5603.833s][info][gc,cpu         ] GC(807) User=1.23s Sys=0.00s Real=0.16s
....[5607.770s][info][gc,start       ] GC(808) Pause Young (Normal) (G1 Evacuation Pause)
[5607.770s][info][gc,task        ] GC(808) Using 8 workers of 8 for evacuation
[5607.919s][info][gc,phases      ] GC(808)   Pre Evacuate Collection Set: 0.22ms
[5607.919s][info][gc,phases      ] GC(808)   Merge Heap Roots: 0.54ms
[5607.919s][info][gc,phases      ] GC(808)   Evacuate Collection Set: 146.96ms
[5607.919s][info][gc,phases      ] GC(808)   Post Evacuate Collection Set: 1.00ms
[5607.919s][info][gc,phases      ] GC(808)   Other: 0.06ms
[5607.919s][info][gc,heap        ] GC(808) Eden regions: 571->0(571)
[5607.919s][info][gc,heap        ] GC(808) Survivor regions: 43->43(77)
[5607.919s][info][gc,heap        ] GC(808) Old regions: 236->243
[5607.919s][info][gc,heap        ] GC(808) Humongous regions: 33->33
[5607.919s][info][gc,metaspace   ] GC(808) Metaspace: 30013K(30144K)->30013K(30144K) NonClass: 30013K(30144K)->30013K(30144K) Class: 0K(0K)->0K(0K)
[5607.919s][info][gc             ] GC(808) Pause Young (Normal) (G1 Evacuation Pause) 7049M->2539M(8192M) 148.939ms
[5607.919s][info][gc,cpu         ] GC(808) User=1.18s Sys=0.00s Real=0.15s
....[5611.882s][info][gc,start       ] GC(809) Pause Young (Normal) (G1 Evacuation Pause)
[5611.882s][info][gc,task        ] GC(809) Using 8 workers of 8 for evacuation
[5612.037s][info][gc,phases      ] GC(809)   Pre Evacuate Collection Set: 0.26ms
[5612.037s][info][gc,phases      ] GC(809)   Merge Heap Roots: 0.57ms
[5612.037s][info][gc,phases      ] GC(809)   Evacuate Collection Set: 153.43ms
[5612.037s][info][gc,phases      ] GC(809)   Post Evacuate Collection Set: 1.03ms
[5612.037s][info][gc,phases      ] GC(809)   Other: 0.06ms
[5612.037s][info][gc,heap        ] GC(809) Eden regions: 571->0(570)
[5612.037s][info][gc,heap        ] GC(809) Survivor regions: 43->44(77)
[5612.037s][info][gc,heap        ] GC(809) Old regions: 243->251
[5612.037s][info][gc,heap        ] GC(809) Humongous regions: 33->33
[5612.037s][info][gc,metaspace   ] GC(809) Metaspace: 30013K(30144K)->30013K(30144K) NonClass: 30013K(30144K)->30013K(30144K) Class: 0K(0K)->0K(0K)
[5612.037s][info][gc             ] GC(809) Pause Young (Normal) (G1 Evacuation Pause) 7107M->2601M(8192M) 155.502ms
[5612.037s][info][gc,cpu         ] GC(809) User=1.23s Sys=0.00s Real=0.15s
....[5615.996s][info][gc,start       ] GC(810) Pause Young (Normal) (G1 Evacuation Pause)
[5615.996s][info][gc,task        ] GC(810) Using 8 workers of 8 for evacuation
[5616.148s][info][gc,phases      ] GC(810)   Pre Evacuate Collection Set: 0.27ms
[5616.148s][info][gc,phases      ] GC(810)   Merge Heap Roots: 0.49ms
[5616.148s][info][gc,phases      ] GC(810)   Evacuate Collection Set: 149.91ms
[5616.148s][info][gc,phases      ] GC(810)   Post Evacuate Collection Set: 1.02ms
[5616.148s][info][gc,phases      ] GC(810)   Other: 0.06ms
[5616.148s][info][gc,heap        ] GC(810) Eden regions: 570->0(571)
[5616.148s][info][gc,heap        ] GC(810) Survivor regions: 44->43(77)
[5616.148s][info][gc,heap        ] GC(810) Old regions: 251->258
[5616.148s][info][gc,heap        ] GC(810) Humongous regions: 33->33
[5616.148s][info][gc,metaspace   ] GC(810) Metaspace: 30013K(30144K)->30013K(30144K) NonClass: 30013K(30144K)->30013K(30144K) Class: 0K(0K)->0K(0K)
[5616.148s][info][gc             ] GC(810) Pause Young (Normal) (G1 Evacuation Pause) 7161M->2655M(8192M) 151.885ms
[5616.148s][info][gc,cpu         ] GC(810) User=1.20s Sys=0.00s Real=0.15s
. (rIR:aIR:PR = 9409:9321:9319) (tPR = 138516) [OK] 
  5616s: Performance info:
         Transaction,    Success,    Partial,     Failed,   Receipts, AvgBarcode, 
             Overall,     562890,          0,          0,     534782,      59.47, 
         Response times:
             Request,    Success,    Partial,     Failed,   SkipFail,     Probes,    Samples,      min,      p50,      p90,      p95,      p99,      max, 
       TotalPurchase,     534866,          0,          0,          0,     359418,     520689,      300,     5900,    25000,    66000,   151000,  1800000,
     InStorePurchase,     282216,          0,          0,          0,     189322,     274167,      300,     5900,    25000,    67000,   151000,  1800000,
      OnlinePurchase,     196726,          0,          0,          0,     132514,     191831,      300,     5800,    24000,    65000,   150000,  1800000,
        InstPurchase,      55924,          0,          0,          0,      37582,      54691,      400,     6000,    25000,    65000,   151000,   501000,
          AssocOfCat,        564,          0,          0,          0,        479,        813,    30000,    51000,    89000,   130600,   218440,   433000,
      AssocOfProduct,       5685,          0,          0,          0,       4148,       6269,      600,     6200,    22000,    59000,   139300,   480000,
      BusinessReport,       1419,          0,          0,          0,       1239,       1974,    28000,    53000,   115000,   158500,   270250,   467000,
          CustBuyBeh,       5688,          0,          0,          0,       4183,       6456,      200,     5600,    26000,    66000,   156000,   479000,
       ProductReturn,      14778,          0,          0,          0,       9766,      14565,      300,     5700,    24000,    65000,   152340,  1600000,

  5616s: (69%)   IR =   9548 ...[5620.066s][info][gc,start       ] GC(811) Pause Young (Normal) (G1 Evacuation Pause)
[5620.066s][info][gc,task        ] GC(811) Using 8 workers of 8 for evacuation
[5620.215s][info][gc,phases      ] GC(811)   Pre Evacuate Collection Set: 0.23ms
[5620.215s][info][gc,phases      ] GC(811)   Merge Heap Roots: 0.50ms
[5620.215s][info][gc,phases      ] GC(811)   Evacuate Collection Set: 146.45ms
[5620.215s][info][gc,phases      ] GC(811)   Post Evacuate Collection Set: 1.07ms
[5620.215s][info][gc,phases      ] GC(811)   Other: 0.07ms
[5620.215s][info][gc,heap        ] GC(811) Eden regions: 571->0(571)
[5620.215s][info][gc,heap        ] GC(811) Survivor regions: 43->43(77)
[5620.215s][info][gc,heap        ] GC(811) Old regions: 258->265
[5620.215s][info][gc,heap        ] GC(811) Humongous regions: 33->33
[5620.215s][info][gc,metaspace   ] GC(811) Metaspace: 30013K(30144K)->30013K(30144K) NonClass: 30013K(30144K)->30013K(30144K) Class: 0K(0K)->0K(0K)
[5620.215s][info][gc             ] GC(811) Pause Young (Normal) (G1 Evacuation Pause) 7223M->2713M(8192M) 148.454ms
[5620.215s][info][gc,cpu         ] GC(811) User=1.17s Sys=0.00s Real=0.15s
....[5624.040s][info][gc,start       ] GC(812) Pause Young (Normal) (G1 Evacuation Pause)
[5624.040s][info][gc,task        ] GC(812) Using 8 workers of 8 for evacuation
[5624.194s][info][gc,phases      ] GC(812)   Pre Evacuate Collection Set: 0.24ms
[5624.194s][info][gc,phases      ] GC(812)   Merge Heap Roots: 0.50ms
[5624.194s][info][gc,phases      ] GC(812)   Evacuate Collection Set: 152.59ms
[5624.194s][info][gc,phases      ] GC(812)   Post Evacuate Collection Set: 1.11ms
[5624.194s][info][gc,phases      ] GC(812)   Other: 0.07ms
[5624.194s][info][gc,heap        ] GC(812) Eden regions: 571->0(571)
[5624.194s][info][gc,heap        ] GC(812) Survivor regions: 43->43(77)
[5624.194s][info][gc,heap        ] GC(812) Old regions: 265->272
[5624.194s][info][gc,heap        ] GC(812) Humongous regions: 33->33
[5624.194s][info][gc,metaspace   ] GC(812) Metaspace: 30013K(30144K)->30013K(30144K) NonClass: 30013K(30144K)->30013K(30144K) Class: 0K(0K)->0K(0K)
[5624.194s][info][gc             ] GC(812) Pause Young (Normal) (G1 Evacuation Pause) 7281M->2771M(8192M) 154.640ms
[5624.195s][info][gc,cpu         ] GC(812) User=1.22s Sys=0.00s Real=0.15s
....[5628.089s][info][gc,start       ] GC(813) Pause Young (Normal) (G1 Evacuation Pause)
[5628.089s][info][gc,task        ] GC(813) Using 8 workers of 8 for evacuation
[5628.235s][info][gc,phases      ] GC(813)   Pre Evacuate Collection Set: 0.23ms
[5628.235s][info][gc,phases      ] GC(813)   Merge Heap Roots: 0.49ms
[5628.235s][info][gc,phases      ] GC(813)   Evacuate Collection Set: 144.19ms
[5628.235s][info][gc,phases      ] GC(813)   Post Evacuate Collection Set: 1.00ms
[5628.235s][info][gc,phases      ] GC(813)   Other: 0.06ms
[5628.235s][info][gc,heap        ] GC(813) Eden regions: 571->0(572)
[5628.235s][info][gc,heap        ] GC(813) Survivor regions: 43->42(77)
[5628.235s][info][gc,heap        ] GC(813) Old regions: 272->279
[5628.235s][info][gc,heap        ] GC(813) Humongous regions: 33->33
[5628.235s][info][gc,metaspace   ] GC(813) Metaspace: 30013K(30144K)->30013K(30144K) NonClass: 30013K(30144K)->30013K(30144K) Class: 0K(0K)->0K(0K)
[5628.235s][info][gc             ] GC(813) Pause Young (Normal) (G1 Evacuation Pause) 7339M->2819M(8192M) 146.109ms
[5628.235s][info][gc,cpu         ] GC(813) User=1.16s Sys=0.01s Real=0.15s
....[5632.135s][info][gc,start       ] GC(814) Pause Young (Normal) (G1 Evacuation Pause)
[5632.135s][info][gc,task        ] GC(814) Using 8 workers of 8 for evacuation
[5632.284s][info][gc,phases      ] GC(814)   Pre Evacuate Collection Set: 0.24ms
[5632.284s][info][gc,phases      ] GC(814)   Merge Heap Roots: 0.49ms
[5632.284s][info][gc,phases      ] GC(814)   Evacuate Collection Set: 146.81ms
[5632.284s][info][gc,phases      ] GC(814)   Post Evacuate Collection Set: 1.03ms
[5632.284s][info][gc,phases      ] GC(814)   Other: 0.06ms
[5632.284s][info][gc,heap        ] GC(814) Eden regions: 572->0(567)
[5632.284s][info][gc,heap        ] GC(814) Survivor regions: 42->43(77)
[5632.284s][info][gc,heap        ] GC(814) Old regions: 279->286
[5632.284s][info][gc,heap        ] GC(814) Humongous regions: 33->33
[5632.284s][info][gc,metaspace   ] GC(814) Metaspace: 30013K(30144K)->30013K(30144K) NonClass: 30013K(30144K)->30013K(30144K) Class: 0K(0K)->0K(0K)
[5632.284s][info][gc             ] GC(814) Pause Young (Normal) (G1 Evacuation Pause) 7395M->2883M(8192M) 148.763ms
[5632.284s][info][gc,cpu         ] GC(814) User=1.18s Sys=0.00s Real=0.15s
....[5636.074s][info][gc,start       ] GC(815) Pause Young (Normal) (G1 Evacuation Pause)
[5636.074s][info][gc,task        ] GC(815) Using 8 workers of 8 for evacuation
[5636.223s][info][gc,phases      ] GC(815)   Pre Evacuate Collection Set: 0.24ms
[5636.223s][info][gc,phases      ] GC(815)   Merge Heap Roots: 0.51ms
[5636.223s][info][gc,phases      ] GC(815)   Evacuate Collection Set: 147.49ms
[5636.223s][info][gc,phases      ] GC(815)   Post Evacuate Collection Set: 1.01ms
[5636.223s][info][gc,phases      ] GC(815)   Other: 0.06ms
[5636.223s][info][gc,heap        ] GC(815) Eden regions: 567->0(559)
[5636.223s][info][gc,heap        ] GC(815) Survivor regions: 43->43(77)
[5636.223s][info][gc,heap        ] GC(815) Old regions: 286->294
[5636.223s][info][gc,heap        ] GC(815) Humongous regions: 33->33
[5636.223s][info][gc,metaspace   ] GC(815) Metaspace: 30013K(30144K)->30013K(30144K) NonClass: 30013K(30144K)->30013K(30144K) Class: 0K(0K)->0K(0K)
[5636.223s][info][gc             ] GC(815) Pause Young (Normal) (G1 Evacuation Pause) 7419M->2937M(8192M) 149.437ms
[5636.224s][info][gc,cpu         ] GC(815) User=1.18s Sys=0.00s Real=0.15s
....[5639.919s][info][gc,start       ] GC(816) Pause Young (Normal) (G1 Evacuation Pause)
[5639.919s][info][gc,task        ] GC(816) Using 8 workers of 8 for evacuation
[5640.075s][info][gc,phases      ] GC(816)   Pre Evacuate Collection Set: 0.25ms
[5640.075s][info][gc,phases      ] GC(816)   Merge Heap Roots: 0.50ms
[5640.075s][info][gc,phases      ] GC(816)   Evacuate Collection Set: 154.01ms
[5640.075s][info][gc,phases      ] GC(816)   Post Evacuate Collection Set: 1.01ms
[5640.075s][info][gc,phases      ] GC(816)   Other: 0.06ms
[5640.075s][info][gc,heap        ] GC(816) Eden regions: 559->0(550)
[5640.075s][info][gc,heap        ] GC(816) Survivor regions: 43->44(76)
[5640.075s][info][gc,heap        ] GC(816) Old regions: 294->301
[5640.075s][info][gc,heap        ] GC(816) Humongous regions: 33->33
[5640.075s][info][gc,metaspace   ] GC(816) Metaspace: 30013K(30144K)->30013K(30144K) NonClass: 30013K(30144K)->30013K(30144K) Class: 0K(0K)->0K(0K)
[5640.075s][info][gc             ] GC(816) Pause Young (Normal) (G1 Evacuation Pause) 7409M->3007M(8192M) 155.961ms
[5640.075s][info][gc,cpu         ] GC(816) User=1.24s Sys=0.00s Real=0.16s
....[5643.791s][info][gc,start       ] GC(817) Pause Young (Normal) (G1 Evacuation Pause)
[5643.791s][info][gc,task        ] GC(817) Using 8 workers of 8 for evacuation
[5643.939s][info][gc,phases      ] GC(817)   Pre Evacuate Collection Set: 0.22ms
[5643.939s][info][gc,phases      ] GC(817)   Merge Heap Roots: 0.54ms
[5643.939s][info][gc,phases      ] GC(817)   Evacuate Collection Set: 146.30ms
[5643.939s][info][gc,phases      ] GC(817)   Post Evacuate Collection Set: 0.97ms
[5643.939s][info][gc,phases      ] GC(817)   Other: 0.07ms
[5643.939s][info][gc,heap        ] GC(817) Eden regions: 550->0(544)
[5643.939s][info][gc,heap        ] GC(817) Survivor regions: 44->43(75)
[5643.939s][info][gc,heap        ] GC(817) Old regions: 301->309
[5643.939s][info][gc,heap        ] GC(817) Humongous regions: 33->33
[5643.939s][info][gc,metaspace   ] GC(817) Metaspace: 30013K(30144K)->30013K(30144K) NonClass: 30013K(30144K)->30013K(30144K) Class: 0K(0K)->0K(0K)
[5643.939s][info][gc             ] GC(817) Pause Young (Normal) (G1 Evacuation Pause) 7407M->3057M(8192M) 148.245ms
[5643.939s][info][gc,cpu         ] GC(817) User=1.18s Sys=0.00s Real=0.14s
...|.[5647.780s][info][gc,start       ] GC(818) Pause Young (Concurrent Start) (G1 Evacuation Pause)
[5647.780s][info][gc,task        ] GC(818) Using 8 workers of 8 for evacuation
[5647.938s][info][gc,phases      ] GC(818)   Pre Evacuate Collection Set: 0.27ms
[5647.938s][info][gc,phases      ] GC(818)   Merge Heap Roots: 0.48ms
[5647.938s][info][gc,phases      ] GC(818)   Evacuate Collection Set: 156.09ms
[5647.938s][info][gc,phases      ] GC(818)   Post Evacuate Collection Set: 1.04ms
[5647.938s][info][gc,phases      ] GC(818)   Other: 0.10ms
[5647.938s][info][gc,heap        ] GC(818) Eden regions: 544->0(535)
[5647.938s][info][gc,heap        ] GC(818) Survivor regions: 43->44(74)
[5647.938s][info][gc,heap        ] GC(818) Old regions: 309->316
[5647.938s][info][gc,heap        ] GC(818) Humongous regions: 33->33
[5647.938s][info][gc,metaspace   ] GC(818) Metaspace: 30013K(30144K)->30013K(30144K) NonClass: 30013K(30144K)->30013K(30144K) Class: 0K(0K)->0K(0K)
[5647.938s][info][gc             ] GC(818) Pause Young (Concurrent Start) (G1 Evacuation Pause) 7409M->3129M(8192M) 158.127ms
[5647.938s][info][gc             ] GC(819) Concurrent Mark Cycle
[5647.938s][info][gc,marking     ] GC(819) Concurrent Scan Root Regions
[5647.938s][info][gc,cpu         ] GC(818) User=1.25s Sys=0.00s Real=0.15s
[5648.198s][info][gc,marking     ] GC(819) Concurrent Scan Root Regions 259.470ms
[5648.198s][info][gc,marking     ] GC(819) Concurrent Mark
[5648.198s][info][gc,marking     ] GC(819) Concurrent Mark From Roots
[5648.198s][info][gc,task        ] GC(819) Using 2 workers of 2 for marking
..[5649.348s][info][gc,marking     ] GC(819) Concurrent Mark From Roots 1149.876ms
[5649.348s][info][gc,marking     ] GC(819) Concurrent Preclean
[5649.348s][info][gc,marking     ] GC(819) Concurrent Preclean 0.105ms
[5649.348s][info][gc,start       ] GC(819) Pause Remark
[5649.351s][info][gc             ] GC(819) Pause Remark 4709M->4045M(8192M) 2.650ms
[5649.351s][info][gc,cpu         ] GC(819) User=0.02s Sys=0.00s Real=0.01s
[5649.351s][info][gc,marking     ] GC(819) Concurrent Mark 1152.931ms
[5649.351s][info][gc,marking     ] GC(819) Concurrent Rebuild Remembered Sets and Scrub Regions
[5650.118s][info][gc,marking     ] GC(819) Concurrent Rebuild Remembered Sets and Scrub Regions 767.143ms
[5650.118s][info][gc,start       ] GC(819) Pause Cleanup
[5650.118s][info][gc             ] GC(819) Pause Cleanup 5073M->5073M(8192M) 0.248ms
[5650.118s][info][gc,cpu         ] GC(819) User=0.00s Sys=0.00s Real=0.00s
[5650.118s][info][gc,marking     ] GC(819) Concurrent Clear Claimed Marks
[5650.118s][info][gc,marking     ] GC(819) Concurrent Clear Claimed Marks 0.036ms
[5650.118s][info][gc,marking     ] GC(819) Concurrent Cleanup for Next Mark
[5650.128s][info][gc,marking     ] GC(819) Concurrent Cleanup for Next Mark 9.277ms
[5650.128s][info][gc             ] GC(819) Concurrent Mark Cycle 2189.527ms
..[5651.579s][info][gc,start       ] GC(820) Pause Young (Prepare Mixed) (G1 Evacuation Pause)
[5651.579s][info][gc,task        ] GC(820) Using 8 workers of 8 for evacuation
[5651.729s][info][gc,phases      ] GC(820)   Pre Evacuate Collection Set: 0.25ms
[5651.729s][info][gc,phases      ] GC(820)   Merge Heap Roots: 0.75ms
[5651.729s][info][gc,phases      ] GC(820)   Evacuate Collection Set: 147.79ms
[5651.729s][info][gc,phases      ] GC(820)   Post Evacuate Collection Set: 1.08ms
[5651.729s][info][gc,phases      ] GC(820)   Other: 0.07ms
[5651.729s][info][gc,heap        ] GC(820) Eden regions: 535->0(571)
[5651.729s][info][gc,heap        ] GC(820) Survivor regions: 44->43(73)
[5651.729s][info][gc,heap        ] GC(820) Old regions: 233->240
[5651.729s][info][gc,heap        ] GC(820) Humongous regions: 33->33
[5651.729s][info][gc,metaspace   ] GC(820) Metaspace: 30013K(30144K)->30013K(30144K) NonClass: 30013K(30144K)->30013K(30144K) Class: 0K(0K)->0K(0K)
[5651.729s][info][gc             ] GC(820) Pause Young (Prepare Mixed) (G1 Evacuation Pause) 6745M->2515M(8192M) 150.087ms
[5651.729s][info][gc,cpu         ] GC(820) User=1.19s Sys=0.00s Real=0.15s
....[5655.585s][info][gc,start       ] GC(821) Pause Young (Mixed) (G1 Evacuation Pause)
[5655.585s][info][gc,task        ] GC(821) Using 8 workers of 8 for evacuation
[5655.744s][info][gc,phases      ] GC(821)   Pre Evacuate Collection Set: 0.28ms
[5655.744s][info][gc,phases      ] GC(821)   Merge Heap Roots: 0.79ms
[5655.744s][info][gc,phases      ] GC(821)   Evacuate Collection Set: 155.98ms
[5655.744s][info][gc,phases      ] GC(821)   Post Evacuate Collection Set: 1.20ms
[5655.744s][info][gc,phases      ] GC(821)   Other: 0.07ms
[5655.744s][info][gc,heap        ] GC(821) Eden regions: 571->0(571)
[5655.744s][info][gc,heap        ] GC(821) Survivor regions: 43->43(77)
[5655.744s][info][gc,heap        ] GC(821) Old regions: 240->146
[5655.744s][info][gc,heap        ] GC(821) Humongous regions: 33->33
[5655.744s][info][gc,metaspace   ] GC(821) Metaspace: 30013K(30144K)->30013K(30144K) NonClass: 30013K(30144K)->30013K(30144K) Class: 0K(0K)->0K(0K)
[5655.744s][info][gc             ] GC(821) Pause Young (Mixed) (G1 Evacuation Pause) 7083M->1758M(8192M) 158.456ms
[5655.744s][info][gc,cpu         ] GC(821) User=1.25s Sys=0.00s Real=0.16s
....[5659.711s][info][gc,start       ] GC(822) Pause Young (Mixed) (G1 Evacuation Pause)
[5659.711s][info][gc,task        ] GC(822) Using 8 workers of 8 for evacuation
[5659.863s][info][gc,phases      ] GC(822)   Pre Evacuate Collection Set: 0.24ms
[5659.863s][info][gc,phases      ] GC(822)   Merge Heap Roots: 0.61ms
[5659.863s][info][gc,phases      ] GC(822)   Evacuate Collection Set: 150.50ms
[5659.863s][info][gc,phases      ] GC(822)   Post Evacuate Collection Set: 1.01ms
[5659.863s][info][gc,phases      ] GC(822)   Other: 0.06ms
[5659.863s][info][gc,heap        ] GC(822) Eden regions: 571->0(571)
[5659.863s][info][gc,heap        ] GC(822) Survivor regions: 43->43(77)
[5659.863s][info][gc,heap        ] GC(822) Old regions: 146->143
[5659.863s][info][gc,heap        ] GC(822) Humongous regions: 33->33
[5659.863s][info][gc,metaspace   ] GC(822) Metaspace: 30013K(30144K)->30013K(30144K) NonClass: 30013K(30144K)->30013K(30144K) Class: 0K(0K)->0K(0K)
[5659.863s][info][gc             ] GC(822) Pause Young (Mixed) (G1 Evacuation Pause) 6326M->1738M(8192M) 152.554ms
[5659.863s][info][gc,cpu         ] GC(822) User=1.21s Sys=0.00s Real=0.15s
....[5663.791s][info][gc,start       ] GC(823) Pause Young (Normal) (G1 Evacuation Pause)
[5663.791s][info][gc,task        ] GC(823) Using 8 workers of 8 for evacuation
[5663.946s][info][gc,phases      ] GC(823)   Pre Evacuate Collection Set: 0.27ms
[5663.946s][info][gc,phases      ] GC(823)   Merge Heap Roots: 0.49ms
[5663.946s][info][gc,phases      ] GC(823)   Evacuate Collection Set: 152.58ms
[5663.946s][info][gc,phases      ] GC(823)   Post Evacuate Collection Set: 1.02ms
[5663.946s][info][gc,phases      ] GC(823)   Other: 0.07ms
[5663.946s][info][gc,heap        ] GC(823) Eden regions: 571->0(570)
[5663.946s][info][gc,heap        ] GC(823) Survivor regions: 43->44(77)
[5663.946s][info][gc,heap        ] GC(823) Old regions: 143->151
[5663.946s][info][gc,heap        ] GC(823) Humongous regions: 33->33
[5663.946s][info][gc,metaspace   ] GC(823) Metaspace: 30013K(30144K)->30013K(30144K) NonClass: 30013K(30144K)->30013K(30144K) Class: 0K(0K)->0K(0K)
[5663.946s][info][gc             ] GC(823) Pause Young (Normal) (G1 Evacuation Pause) 6306M->1805M(8192M) 154.560ms
[5663.946s][info][gc,cpu         ] GC(823) User=1.22s Sys=0.00s Real=0.15s
....[5667.869s][info][gc,start       ] GC(824) Pause Young (Normal) (G1 Evacuation Pause)
[5667.869s][info][gc,task        ] GC(824) Using 8 workers of 8 for evacuation
[5668.027s][info][gc,phases      ] GC(824)   Pre Evacuate Collection Set: 0.23ms
[5668.027s][info][gc,phases      ] GC(824)   Merge Heap Roots: 0.51ms
[5668.027s][info][gc,phases      ] GC(824)   Evacuate Collection Set: 156.61ms
[5668.028s][info][gc,phases      ] GC(824)   Post Evacuate Collection Set: 1.02ms
[5668.028s][info][gc,phases      ] GC(824)   Other: 0.06ms
[5668.028s][info][gc,heap        ] GC(824) Eden regions: 570->0(569)
[5668.028s][info][gc,heap        ] GC(824) Survivor regions: 44->45(77)
[5668.028s][info][gc,heap        ] GC(824) Old regions: 151->158
[5668.028s][info][gc,heap        ] GC(824) Humongous regions: 33->33
[5668.028s][info][gc,metaspace   ] GC(824) Metaspace: 30013K(30144K)->30013K(30144K) NonClass: 30013K(30144K)->30013K(30144K) Class: 0K(0K)->0K(0K)
[5668.028s][info][gc             ] GC(824) Pause Young (Normal) (G1 Evacuation Pause) 6365M->1867M(8192M) 158.556ms
[5668.028s][info][gc,cpu         ] GC(824) User=1.25s Sys=0.00s Real=0.16s
....[5671.879s][info][gc,start       ] GC(825) Pause Young (Normal) (G1 Evacuation Pause)
[5671.879s][info][gc,task        ] GC(825) Using 8 workers of 8 for evacuation
[5672.037s][info][gc,phases      ] GC(825)   Pre Evacuate Collection Set: 0.25ms
[5672.037s][info][gc,phases      ] GC(825)   Merge Heap Roots: 0.51ms
[5672.037s][info][gc,phases      ] GC(825)   Evacuate Collection Set: 156.15ms
[5672.037s][info][gc,phases      ] GC(825)   Post Evacuate Collection Set: 1.00ms
[5672.037s][info][gc,phases      ] GC(825)   Other: 0.06ms
[5672.037s][info][gc,heap        ] GC(825) Eden regions: 569->0(569)
[5672.037s][info][gc,heap        ] GC(825) Survivor regions: 45->45(77)
[5672.037s][info][gc,heap        ] GC(825) Old regions: 158->165
[5672.037s][info][gc,heap        ] GC(825) Humongous regions: 33->33
[5672.037s][info][gc,metaspace   ] GC(825) Metaspace: 30013K(30144K)->30013K(30144K) NonClass: 30013K(30144K)->30013K(30144K) Class: 0K(0K)->0K(0K)
[5672.037s][info][gc             ] GC(825) Pause Young (Normal) (G1 Evacuation Pause) 6419M->1931M(8192M) 158.107ms
[5672.037s][info][gc,cpu         ] GC(825) User=1.25s Sys=0.00s Real=0.16s
....[5675.898s][info][gc,start       ] GC(826) Pause Young (Normal) (G1 Evacuation Pause)
[5675.898s][info][gc,task        ] GC(826) Using 8 workers of 8 for evacuation
[5676.057s][info][gc,phases      ] GC(826)   Pre Evacuate Collection Set: 0.24ms
[5676.057s][info][gc,phases      ] GC(826)   Merge Heap Roots: 0.49ms
[5676.057s][info][gc,phases      ] GC(826)   Evacuate Collection Set: 156.90ms
[5676.057s][info][gc,phases      ] GC(826)   Post Evacuate Collection Set: 1.01ms
[5676.057s][info][gc,phases      ] GC(826)   Other: 0.07ms
[5676.057s][info][gc,heap        ] GC(826) Eden regions: 569->0(568)
[5676.057s][info][gc,heap        ] GC(826) Survivor regions: 45->46(77)
[5676.057s][info][gc,heap        ] GC(826) Old regions: 165->172
[5676.057s][info][gc,heap        ] GC(826) Humongous regions: 33->33
[5676.057s][info][gc,metaspace   ] GC(826) Metaspace: 30013K(30144K)->30013K(30144K) NonClass: 30013K(30144K)->30013K(30144K) Class: 0K(0K)->0K(0K)
[5676.057s][info][gc             ] GC(826) Pause Young (Normal) (G1 Evacuation Pause) 6483M->1990M(8192M) 158.855ms
[5676.057s][info][gc,cpu         ] GC(826) User=1.26s Sys=0.00s Real=0.16s
....[5679.894s][info][gc,start       ] GC(827) Pause Young (Normal) (G1 Evacuation Pause)
[5679.894s][info][gc,task        ] GC(827) Using 8 workers of 8 for evacuation
[5680.047s][info][gc,phases      ] GC(827)   Pre Evacuate Collection Set: 0.24ms
[5680.047s][info][gc,phases      ] GC(827)   Merge Heap Roots: 0.49ms
[5680.047s][info][gc,phases      ] GC(827)   Evacuate Collection Set: 151.58ms
[5680.047s][info][gc,phases      ] GC(827)   Post Evacuate Collection Set: 1.00ms
[5680.047s][info][gc,phases      ] GC(827)   Other: 0.06ms
[5680.047s][info][gc,heap        ] GC(827) Eden regions: 568->0(570)
[5680.047s][info][gc,heap        ] GC(827) Survivor regions: 46->44(77)
[5680.047s][info][gc,heap        ] GC(827) Old regions: 172->179
[5680.047s][info][gc,heap        ] GC(827) Humongous regions: 33->33
[5680.047s][info][gc,metaspace   ] GC(827) Metaspace: 30013K(30144K)->30013K(30144K) NonClass: 30013K(30144K)->30013K(30144K) Class: 0K(0K)->0K(0K)
[5680.048s][info][gc             ] GC(827) Pause Young (Normal) (G1 Evacuation Pause) 6534M->2031M(8192M) 153.502ms
[5680.048s][info][gc,cpu         ] GC(827) User=1.22s Sys=0.00s Real=0.15s
....[5683.847s][info][gc,start       ] GC(828) Pause Young (Normal) (G1 Evacuation Pause)
[5683.847s][info][gc,task        ] GC(828) Using 8 workers of 8 for evacuation
[5684.001s][info][gc,phases      ] GC(828)   Pre Evacuate Collection Set: 0.24ms
[5684.001s][info][gc,phases      ] GC(828)   Merge Heap Roots: 0.49ms
[5684.001s][info][gc,phases      ] GC(828)   Evacuate Collection Set: 152.10ms
[5684.001s][info][gc,phases      ] GC(828)   Post Evacuate Collection Set: 1.03ms
[5684.001s][info][gc,phases      ] GC(828)   Other: 0.06ms
[5684.001s][info][gc,heap        ] GC(828) Eden regions: 570->0(570)
[5684.001s][info][gc,heap        ] GC(828) Survivor regions: 44->44(77)
[5684.001s][info][gc,heap        ] GC(828) Old regions: 179->187
[5684.001s][info][gc,heap        ] GC(828) Humongous regions: 33->33
[5684.001s][info][gc,metaspace   ] GC(828) Metaspace: 30013K(30144K)->30013K(30144K) NonClass: 30013K(30144K)->30013K(30144K) Class: 0K(0K)->0K(0K)
[5684.001s][info][gc             ] GC(828) Pause Young (Normal) (G1 Evacuation Pause) 6591M->2093M(8192M) 154.069ms
[5684.001s][info][gc,cpu         ] GC(828) User=1.22s Sys=0.00s Real=0.16s
....[5687.830s][info][gc,start       ] GC(829) Pause Young (Normal) (G1 Evacuation Pause)
[5687.830s][info][gc,task        ] GC(829) Using 8 workers of 8 for evacuation
[5687.984s][info][gc,phases      ] GC(829)   Pre Evacuate Collection Set: 0.25ms
[5687.984s][info][gc,phases      ] GC(829)   Merge Heap Roots: 0.52ms
[5687.984s][info][gc,phases      ] GC(829)   Evacuate Collection Set: 151.54ms
[5687.984s][info][gc,phases      ] GC(829)   Post Evacuate Collection Set: 1.03ms
[5687.984s][info][gc,phases      ] GC(829)   Other: 0.06ms
[5687.984s][info][gc,heap        ] GC(829) Eden regions: 570->0(570)
[5687.984s][info][gc,heap        ] GC(829) Survivor regions: 44->44(77)
[5687.984s][info][gc,heap        ] GC(829) Old regions: 187->194
[5687.984s][info][gc,heap        ] GC(829) Humongous regions: 33->33
[5687.984s][info][gc,metaspace   ] GC(829) Metaspace: 30013K(30144K)->30013K(30144K) NonClass: 30013K(30144K)->30013K(30144K) Class: 0K(0K)->0K(0K)
[5687.984s][info][gc             ] GC(829) Pause Young (Normal) (G1 Evacuation Pause) 6653M->2150M(8192M) 153.535ms
[5687.984s][info][gc,cpu         ] GC(829) User=1.22s Sys=0.00s Real=0.15s
....[5692.046s][info][gc,start       ] GC(830) Pause Young (Normal) (G1 Evacuation Pause)
[5692.046s][info][gc,task        ] GC(830) Using 8 workers of 8 for evacuation
[5692.197s][info][gc,phases      ] GC(830)   Pre Evacuate Collection Set: 0.23ms
[5692.197s][info][gc,phases      ] GC(830)   Merge Heap Roots: 0.50ms
[5692.197s][info][gc,phases      ] GC(830)   Evacuate Collection Set: 149.37ms
[5692.197s][info][gc,phases      ] GC(830)   Post Evacuate Collection Set: 1.03ms
[5692.197s][info][gc,phases      ] GC(830)   Other: 0.06ms
[5692.197s][info][gc,heap        ] GC(830) Eden regions: 570->0(570)
[5692.197s][info][gc,heap        ] GC(830) Survivor regions: 44->44(77)
[5692.197s][info][gc,heap        ] GC(830) Old regions: 194->201
[5692.197s][info][gc,heap        ] GC(830) Humongous regions: 33->33
[5692.197s][info][gc,metaspace   ] GC(830) Metaspace: 30013K(30144K)->30013K(30144K) NonClass: 30013K(30144K)->30013K(30144K) Class: 0K(0K)->0K(0K)
[5692.197s][info][gc             ] GC(830) Pause Young (Normal) (G1 Evacuation Pause) 6710M->2205M(8192M) 151.309ms
[5692.197s][info][gc,cpu         ] GC(830) User=1.20s Sys=0.00s Real=0.15s
....[5695.940s][info][gc,start       ] GC(831) Pause Young (Normal) (G1 Evacuation Pause)
[5695.940s][info][gc,task        ] GC(831) Using 8 workers of 8 for evacuation
[5696.091s][info][gc,phases      ] GC(831)   Pre Evacuate Collection Set: 0.24ms
[5696.091s][info][gc,phases      ] GC(831)   Merge Heap Roots: 0.53ms
[5696.091s][info][gc,phases      ] GC(831)   Evacuate Collection Set: 148.79ms
[5696.091s][info][gc,phases      ] GC(831)   Post Evacuate Collection Set: 1.01ms
[5696.091s][info][gc,phases      ] GC(831)   Other: 0.06ms
[5696.091s][info][gc,heap        ] GC(831) Eden regions: 570->0(570)
[5696.091s][info][gc,heap        ] GC(831) Survivor regions: 44->44(77)
[5696.091s][info][gc,heap        ] GC(831) Old regions: 201->208
[5696.091s][info][gc,heap        ] GC(831) Humongous regions: 33->33
[5696.091s][info][gc,metaspace   ] GC(831) Metaspace: 30013K(30144K)->30013K(30144K) NonClass: 30013K(30144K)->30013K(30144K) Class: 0K(0K)->0K(0K)
[5696.091s][info][gc             ] GC(831) Pause Young (Normal) (G1 Evacuation Pause) 6765M->2267M(8192M) 150.768ms
[5696.091s][info][gc,cpu         ] GC(831) User=1.19s Sys=0.00s Real=0.15s
....[5699.937s][info][gc,start       ] GC(832) Pause Young (Normal) (G1 Evacuation Pause)
[5699.937s][info][gc,task        ] GC(832) Using 8 workers of 8 for evacuation
[5700.097s][info][gc,phases      ] GC(832)   Pre Evacuate Collection Set: 0.22ms
[5700.097s][info][gc,phases      ] GC(832)   Merge Heap Roots: 0.52ms
[5700.097s][info][gc,phases      ] GC(832)   Evacuate Collection Set: 158.20ms
[5700.097s][info][gc,phases      ] GC(832)   Post Evacuate Collection Set: 1.00ms
[5700.097s][info][gc,phases      ] GC(832)   Other: 0.07ms
[5700.097s][info][gc,heap        ] GC(832) Eden regions: 570->0(568)
[5700.097s][info][gc,heap        ] GC(832) Survivor regions: 44->46(77)
[5700.097s][info][gc,heap        ] GC(832) Old regions: 208->216
[5700.097s][info][gc,heap        ] GC(832) Humongous regions: 33->33
[5700.097s][info][gc,metaspace   ] GC(832) Metaspace: 30013K(30144K)->30013K(30144K) NonClass: 30013K(30144K)->30013K(30144K) Class: 0K(0K)->0K(0K)
[5700.097s][info][gc             ] GC(832) Pause Young (Normal) (G1 Evacuation Pause) 6827M->2345M(8192M) 160.147ms
[5700.097s][info][gc,cpu         ] GC(832) User=1.27s Sys=0.00s Real=0.16s
....[5703.980s][info][gc,start       ] GC(833) Pause Young (Normal) (G1 Evacuation Pause)
[5703.980s][info][gc,task        ] GC(833) Using 8 workers of 8 for evacuation
[5704.132s][info][gc,phases      ] GC(833)   Pre Evacuate Collection Set: 0.25ms
[5704.132s][info][gc,phases      ] GC(833)   Merge Heap Roots: 0.49ms
[5704.132s][info][gc,phases      ] GC(833)   Evacuate Collection Set: 150.39ms
[5704.132s][info][gc,phases      ] GC(833)   Post Evacuate Collection Set: 1.02ms
[5704.132s][info][gc,phases      ] GC(833)   Other: 0.08ms
[5704.132s][info][gc,heap        ] GC(833) Eden regions: 568->0(570)
[5704.132s][info][gc,heap        ] GC(833) Survivor regions: 46->44(77)
[5704.132s][info][gc,heap        ] GC(833) Old regions: 216->223
[5704.132s][info][gc,heap        ] GC(833) Humongous regions: 33->33
[5704.132s][info][gc,metaspace   ] GC(833) Metaspace: 30013K(30144K)->30013K(30144K) NonClass: 30013K(30144K)->30013K(30144K) Class: 0K(0K)->0K(0K)
[5704.132s][info][gc             ] GC(833) Pause Young (Normal) (G1 Evacuation Pause) 6889M->2383M(8192M) 152.355ms
[5704.132s][info][gc,cpu         ] GC(833) User=1.21s Sys=0.00s Real=0.15s
... (rIR:aIR:PR = 9548:9533:9533) (tPR = 139157) [OK] 
  5706s: Performance info:
         Transaction,    Success,    Partial,     Failed,   Receipts, AvgBarcode, 
             Overall,     572236,          0,          0,     543599,      59.47, 
         Response times:
             Request,    Success,    Partial,     Failed,   SkipFail,     Probes,    Samples,      min,      p50,      p90,      p95,      p99,      max, 
       TotalPurchase,     543636,          0,          0,          0,     357776,     543858,      300,     6200,    33000,    73000,   130000,  1800000,
     InStorePurchase,     289748,          0,          0,          0,     188382,     286471,      400,     6300,    34000,    74000,   130000,  1800000,
      OnlinePurchase,     196511,          0,          0,          0,     131159,     199387,      300,     6200,    32000,    73000,   130000,  1800000,
        InstPurchase,      57377,          0,          0,          0,      38235,      58000,      500,     6300,    33000,    72000,   129000,  1800000,
          AssocOfCat,        575,          0,          0,          0,        456,        804,    29000,    49000,    95000,   136750,   215900,   336000,
      AssocOfProduct,       5777,          0,          0,          0,       4255,       6808,      500,     6600,    28000,    69550,   139820,  1800000,
      BusinessReport,       1426,          0,          0,          0,       1273,       2170,    30000,    54000,   105000,   155900,   251290,   505000,
          CustBuyBeh,       5700,          0,          0,          0,       4175,       6690,      200,     6900,    36000,    70000,   138000,   460000,
       ProductReturn,      15106,          0,          0,          0,       9964,      15633,      200,     6400,    32000,    72000,   135000,   620000,

  5706s: (70%)   IR =   9686 .[5708.032s][info][gc,start       ] GC(834) Pause Young (Normal) (G1 Evacuation Pause)
[5708.032s][info][gc,task        ] GC(834) Using 8 workers of 8 for evacuation
[5708.184s][info][gc,phases      ] GC(834)   Pre Evacuate Collection Set: 0.23ms
[5708.184s][info][gc,phases      ] GC(834)   Merge Heap Roots: 0.51ms
[5708.184s][info][gc,phases      ] GC(834)   Evacuate Collection Set: 149.42ms
[5708.184s][info][gc,phases      ] GC(834)   Post Evacuate Collection Set: 1.03ms
[5708.184s][info][gc,phases      ] GC(834)   Other: 0.06ms
[5708.184s][info][gc,heap        ] GC(834) Eden regions: 570->0(570)
[5708.184s][info][gc,heap        ] GC(834) Survivor regions: 44->44(77)
[5708.184s][info][gc,heap        ] GC(834) Old regions: 223->230
[5708.184s][info][gc,heap        ] GC(834) Humongous regions: 33->33
[5708.184s][info][gc,metaspace   ] GC(834) Metaspace: 30013K(30144K)->30013K(30144K) NonClass: 30013K(30144K)->30013K(30144K) Class: 0K(0K)->0K(0K)
[5708.184s][info][gc             ] GC(834) Pause Young (Normal) (G1 Evacuation Pause) 6943M->2439M(8192M) 151.391ms
[5708.184s][info][gc,cpu         ] GC(834) User=1.20s Sys=0.00s Real=0.15s
....[5712.126s][info][gc,start       ] GC(835) Pause Young (Normal) (G1 Evacuation Pause)
[5712.126s][info][gc,task        ] GC(835) Using 8 workers of 8 for evacuation
[5712.277s][info][gc,phases      ] GC(835)   Pre Evacuate Collection Set: 0.23ms
[5712.277s][info][gc,phases      ] GC(835)   Merge Heap Roots: 0.49ms
[5712.277s][info][gc,phases      ] GC(835)   Evacuate Collection Set: 148.65ms
[5712.277s][info][gc,phases      ] GC(835)   Post Evacuate Collection Set: 1.03ms
[5712.277s][info][gc,phases      ] GC(835)   Other: 0.06ms
[5712.277s][info][gc,heap        ] GC(835) Eden regions: 570->0(571)
[5712.277s][info][gc,heap        ] GC(835) Survivor regions: 44->43(77)
[5712.277s][info][gc,heap        ] GC(835) Old regions: 230->237
[5712.277s][info][gc,heap        ] GC(835) Humongous regions: 33->33
[5712.277s][info][gc,metaspace   ] GC(835) Metaspace: 30013K(30144K)->30013K(30144K) NonClass: 30013K(30144K)->30013K(30144K) Class: 0K(0K)->0K(0K)
[5712.277s][info][gc             ] GC(835) Pause Young (Normal) (G1 Evacuation Pause) 6999M->2491M(8192M) 150.586ms
[5712.277s][info][gc,cpu         ] GC(835) User=1.19s Sys=0.00s Real=0.15s
....[5716.183s][info][gc,start       ] GC(836) Pause Young (Normal) (G1 Evacuation Pause)
[5716.183s][info][gc,task        ] GC(836) Using 8 workers of 8 for evacuation
[5716.330s][info][gc,phases      ] GC(836)   Pre Evacuate Collection Set: 0.24ms
[5716.330s][info][gc,phases      ] GC(836)   Merge Heap Roots: 0.56ms
[5716.330s][info][gc,phases      ] GC(836)   Evacuate Collection Set: 145.35ms
[5716.330s][info][gc,phases      ] GC(836)   Post Evacuate Collection Set: 1.01ms
[5716.330s][info][gc,phases      ] GC(836)   Other: 0.08ms
[5716.330s][info][gc,heap        ] GC(836) Eden regions: 571->0(572)
[5716.330s][info][gc,heap        ] GC(836) Survivor regions: 43->42(77)
[5716.330s][info][gc,heap        ] GC(836) Old regions: 237->245
[5716.330s][info][gc,heap        ] GC(836) Humongous regions: 33->33
[5716.330s][info][gc,metaspace   ] GC(836) Metaspace: 30013K(30144K)->30013K(30144K) NonClass: 30013K(30144K)->30013K(30144K) Class: 0K(0K)->0K(0K)
[5716.330s][info][gc             ] GC(836) Pause Young (Normal) (G1 Evacuation Pause) 7059M->2542M(8192M) 147.371ms
[5716.330s][info][gc,cpu         ] GC(836) User=1.17s Sys=0.00s Real=0.15s
....[5720.216s][info][gc,start       ] GC(837) Pause Young (Normal) (G1 Evacuation Pause)
[5720.217s][info][gc,task        ] GC(837) Using 8 workers of 8 for evacuation
[5720.371s][info][gc,phases      ] GC(837)   Pre Evacuate Collection Set: 0.24ms
[5720.371s][info][gc,phases      ] GC(837)   Merge Heap Roots: 0.50ms
[5720.371s][info][gc,phases      ] GC(837)   Evacuate Collection Set: 152.78ms
[5720.371s][info][gc,phases      ] GC(837)   Post Evacuate Collection Set: 1.06ms
[5720.371s][info][gc,phases      ] GC(837)   Other: 0.06ms
[5720.371s][info][gc,heap        ] GC(837) Eden regions: 572->0(570)
[5720.371s][info][gc,heap        ] GC(837) Survivor regions: 42->44(77)
[5720.371s][info][gc,heap        ] GC(837) Old regions: 245->252
[5720.371s][info][gc,heap        ] GC(837) Humongous regions: 33->33
[5720.371s][info][gc,metaspace   ] GC(837) Metaspace: 30013K(30144K)->30013K(30144K) NonClass: 30013K(30144K)->30013K(30144K) Class: 0K(0K)->0K(0K)
[5720.371s][info][gc             ] GC(837) Pause Young (Normal) (G1 Evacuation Pause) 7118M->2617M(8192M) 154.774ms
[5720.371s][info][gc,cpu         ] GC(837) User=1.23s Sys=0.00s Real=0.16s
....[5724.255s][info][gc,start       ] GC(838) Pause Young (Normal) (G1 Evacuation Pause)
[5724.255s][info][gc,task        ] GC(838) Using 8 workers of 8 for evacuation
[5724.401s][info][gc,phases      ] GC(838)   Pre Evacuate Collection Set: 0.25ms
[5724.401s][info][gc,phases      ] GC(838)   Merge Heap Roots: 0.50ms
[5724.401s][info][gc,phases      ] GC(838)   Evacuate Collection Set: 143.73ms
[5724.401s][info][gc,phases      ] GC(838)   Post Evacuate Collection Set: 1.04ms
[5724.401s][info][gc,phases      ] GC(838)   Other: 0.07ms
[5724.401s][info][gc,heap        ] GC(838) Eden regions: 570->0(571)
[5724.401s][info][gc,heap        ] GC(838) Survivor regions: 44->43(77)
[5724.401s][info][gc,heap        ] GC(838) Old regions: 252->259
[5724.401s][info][gc,heap        ] GC(838) Humongous regions: 33->33
[5724.401s][info][gc,metaspace   ] GC(838) Metaspace: 30013K(30144K)->30013K(30144K) NonClass: 30013K(30144K)->30013K(30144K) Class: 0K(0K)->0K(0K)
[5724.401s][info][gc             ] GC(838) Pause Young (Normal) (G1 Evacuation Pause) 7177M->2661M(8192M) 145.733ms
[5724.401s][info][gc,cpu         ] GC(838) User=1.15s Sys=0.00s Real=0.15s
....[5728.278s][info][gc,start       ] GC(839) Pause Young (Normal) (G1 Evacuation Pause)
[5728.278s][info][gc,task        ] GC(839) Using 8 workers of 8 for evacuation
[5728.433s][info][gc,phases      ] GC(839)   Pre Evacuate Collection Set: 0.25ms
[5728.433s][info][gc,phases      ] GC(839)   Merge Heap Roots: 0.49ms
[5728.433s][info][gc,phases      ] GC(839)   Evacuate Collection Set: 153.34ms
[5728.433s][info][gc,phases      ] GC(839)   Post Evacuate Collection Set: 1.03ms
[5728.433s][info][gc,phases      ] GC(839)   Other: 0.06ms
[5728.433s][info][gc,heap        ] GC(839) Eden regions: 571->0(570)
[5728.433s][info][gc,heap        ] GC(839) Survivor regions: 43->44(77)
[5728.433s][info][gc,heap        ] GC(839) Old regions: 259->266
[5728.433s][info][gc,heap        ] GC(839) Humongous regions: 33->33
[5728.433s][info][gc,metaspace   ] GC(839) Metaspace: 30013K(30144K)->30013K(30144K) NonClass: 30013K(30144K)->30013K(30144K) Class: 0K(0K)->0K(0K)
[5728.433s][info][gc             ] GC(839) Pause Young (Normal) (G1 Evacuation Pause) 7229M->2727M(8192M) 155.293ms
[5728.433s][info][gc,cpu         ] GC(839) User=1.23s Sys=0.00s Real=0.16s
....[5732.148s][info][gc,start       ] GC(840) Pause Young (Normal) (G1 Evacuation Pause)
[5732.148s][info][gc,task        ] GC(840) Using 8 workers of 8 for evacuation
[5732.293s][info][gc,phases      ] GC(840)   Pre Evacuate Collection Set: 0.24ms
[5732.293s][info][gc,phases      ] GC(840)   Merge Heap Roots: 0.50ms
[5732.293s][info][gc,phases      ] GC(840)   Evacuate Collection Set: 143.40ms
[5732.293s][info][gc,phases      ] GC(840)   Post Evacuate Collection Set: 1.04ms
[5732.293s][info][gc,phases      ] GC(840)   Other: 0.06ms
[5732.293s][info][gc,heap        ] GC(840) Eden regions: 570->0(571)
[5732.293s][info][gc,heap        ] GC(840) Survivor regions: 44->43(77)
[5732.293s][info][gc,heap        ] GC(840) Old regions: 266->274
[5732.293s][info][gc,heap        ] GC(840) Humongous regions: 33->33
[5732.293s][info][gc,metaspace   ] GC(840) Metaspace: 30013K(30144K)->30013K(30144K) NonClass: 30013K(30144K)->30013K(30144K) Class: 0K(0K)->0K(0K)
[5732.293s][info][gc             ] GC(840) Pause Young (Normal) (G1 Evacuation Pause) 7287M->2779M(8192M) 145.357ms
[5732.293s][info][gc,cpu         ] GC(840) User=1.15s Sys=0.00s Real=0.15s
....[5736.148s][info][gc,start       ] GC(841) Pause Young (Normal) (G1 Evacuation Pause)
[5736.148s][info][gc,task        ] GC(841) Using 8 workers of 8 for evacuation
[5736.297s][info][gc,phases      ] GC(841)   Pre Evacuate Collection Set: 0.23ms
[5736.297s][info][gc,phases      ] GC(841)   Merge Heap Roots: 0.49ms
[5736.297s][info][gc,phases      ] GC(841)   Evacuate Collection Set: 146.86ms
[5736.297s][info][gc,phases      ] GC(841)   Post Evacuate Collection Set: 1.04ms
[5736.297s][info][gc,phases      ] GC(841)   Other: 0.06ms
[5736.297s][info][gc,heap        ] GC(841) Eden regions: 571->0(571)
[5736.297s][info][gc,heap        ] GC(841) Survivor regions: 43->43(77)
[5736.297s][info][gc,heap        ] GC(841) Old regions: 274->281
[5736.297s][info][gc,heap        ] GC(841) Humongous regions: 33->33
[5736.297s][info][gc,metaspace   ] GC(841) Metaspace: 30013K(30144K)->30013K(30144K) NonClass: 30013K(30144K)->30013K(30144K) Class: 0K(0K)->0K(0K)
[5736.297s][info][gc             ] GC(841) Pause Young (Normal) (G1 Evacuation Pause) 7347M->2838M(8192M) 148.812ms
[5736.297s][info][gc,cpu         ] GC(841) User=1.17s Sys=0.01s Real=0.15s
.|...[5740.141s][info][gc,start       ] GC(842) Pause Young (Normal) (G1 Evacuation Pause)
[5740.141s][info][gc,task        ] GC(842) Using 8 workers of 8 for evacuation
[5740.296s][info][gc,phases      ] GC(842)   Pre Evacuate Collection Set: 0.26ms
[5740.296s][info][gc,phases      ] GC(842)   Merge Heap Roots: 0.51ms
[5740.296s][info][gc,phases      ] GC(842)   Evacuate Collection Set: 152.81ms
[5740.296s][info][gc,phases      ] GC(842)   Post Evacuate Collection Set: 1.04ms
[5740.296s][info][gc,phases      ] GC(842)   Other: 0.06ms
[5740.296s][info][gc,heap        ] GC(842) Eden regions: 571->0(563)
[5740.296s][info][gc,heap        ] GC(842) Survivor regions: 43->44(77)
[5740.296s][info][gc,heap        ] GC(842) Old regions: 281->288
[5740.296s][info][gc,heap        ] GC(842) Humongous regions: 33->33
[5740.296s][info][gc,metaspace   ] GC(842) Metaspace: 30013K(30144K)->30013K(30144K) NonClass: 30013K(30144K)->30013K(30144K) Class: 0K(0K)->0K(0K)
[5740.296s][info][gc             ] GC(842) Pause Young (Normal) (G1 Evacuation Pause) 7406M->2902M(8192M) 154.806ms
[5740.296s][info][gc,cpu         ] GC(842) User=1.23s Sys=0.00s Real=0.15s
....[5744.120s][info][gc,start       ] GC(843) Pause Young (Normal) (G1 Evacuation Pause)
[5744.120s][info][gc,task        ] GC(843) Using 8 workers of 8 for evacuation
[5744.270s][info][gc,phases      ] GC(843)   Pre Evacuate Collection Set: 0.23ms
[5744.270s][info][gc,phases      ] GC(843)   Merge Heap Roots: 0.49ms
[5744.270s][info][gc,phases      ] GC(843)   Evacuate Collection Set: 147.99ms
[5744.270s][info][gc,phases      ] GC(843)   Post Evacuate Collection Set: 1.01ms
[5744.270s][info][gc,phases      ] GC(843)   Other: 0.06ms
[5744.270s][info][gc,heap        ] GC(843) Eden regions: 563->0(558)
[5744.270s][info][gc,heap        ] GC(843) Survivor regions: 44->43(76)
[5744.270s][info][gc,heap        ] GC(843) Old regions: 288->295
[5744.270s][info][gc,heap        ] GC(843) Humongous regions: 33->33
[5744.270s][info][gc,metaspace   ] GC(843) Metaspace: 30013K(30144K)->30013K(30144K) NonClass: 30013K(30144K)->30013K(30144K) Class: 0K(0K)->0K(0K)
[5744.270s][info][gc             ] GC(843) Pause Young (Normal) (G1 Evacuation Pause) 7406M->2954M(8192M) 149.911ms
[5744.270s][info][gc,cpu         ] GC(843) User=1.18s Sys=0.00s Real=0.15s
....[5747.927s][info][gc,start       ] GC(844) Pause Young (Normal) (G1 Evacuation Pause)
[5747.927s][info][gc,task        ] GC(844) Using 8 workers of 8 for evacuation
[5748.079s][info][gc,phases      ] GC(844)   Pre Evacuate Collection Set: 0.25ms
[5748.079s][info][gc,phases      ] GC(844)   Merge Heap Roots: 0.48ms
[5748.079s][info][gc,phases      ] GC(844)   Evacuate Collection Set: 150.45ms
[5748.079s][info][gc,phases      ] GC(844)   Post Evacuate Collection Set: 1.01ms
[5748.079s][info][gc,phases      ] GC(844)   Other: 0.06ms
[5748.079s][info][gc,heap        ] GC(844) Eden regions: 558->0(548)
[5748.079s][info][gc,heap        ] GC(844) Survivor regions: 43->44(76)
[5748.079s][info][gc,heap        ] GC(844) Old regions: 295->303
[5748.079s][info][gc,heap        ] GC(844) Humongous regions: 33->33
[5748.079s][info][gc,metaspace   ] GC(844) Metaspace: 30013K(30144K)->30013K(30144K) NonClass: 30013K(30144K)->30013K(30144K) Class: 0K(0K)->0K(0K)
[5748.079s][info][gc             ] GC(844) Pause Young (Normal) (G1 Evacuation Pause) 7418M->3019M(8192M) 152.409ms
[5748.079s][info][gc,cpu         ] GC(844) User=1.20s Sys=0.00s Real=0.15s
....[5751.701s][info][gc,start       ] GC(845) Pause Young (Normal) (G1 Evacuation Pause)
[5751.701s][info][gc,task        ] GC(845) Using 8 workers of 8 for evacuation
[5751.850s][info][gc,phases      ] GC(845)   Pre Evacuate Collection Set: 0.23ms
[5751.850s][info][gc,phases      ] GC(845)   Merge Heap Roots: 0.48ms
[5751.850s][info][gc,phases      ] GC(845)   Evacuate Collection Set: 147.48ms
[5751.850s][info][gc,phases      ] GC(845)   Post Evacuate Collection Set: 1.00ms
[5751.850s][info][gc,phases      ] GC(845)   Other: 0.06ms
[5751.850s][info][gc,heap        ] GC(845) Eden regions: 548->0(540)
[5751.850s][info][gc,heap        ] GC(845) Survivor regions: 44->44(74)
[5751.850s][info][gc,heap        ] GC(845) Old regions: 303->311
[5751.850s][info][gc,heap        ] GC(845) Humongous regions: 33->33
[5751.850s][info][gc,metaspace   ] GC(845) Metaspace: 30013K(30144K)->30013K(30144K) NonClass: 30013K(30144K)->30013K(30144K) Class: 0K(0K)->0K(0K)
[5751.850s][info][gc             ] GC(845) Pause Young (Normal) (G1 Evacuation Pause) 7403M->3081M(8192M) 149.367ms
[5751.850s][info][gc,cpu         ] GC(845) User=1.19s Sys=0.00s Real=0.15s
...[5755.444s][info][gc,start       ] GC(846) Pause Young (Concurrent Start) (G1 Evacuation Pause)
[5755.444s][info][gc,task        ] GC(846) Using 8 workers of 8 for evacuation
[5755.591s][info][gc,phases      ] GC(846)   Pre Evacuate Collection Set: 0.28ms
[5755.591s][info][gc,phases      ] GC(846)   Merge Heap Roots: 0.53ms
[5755.591s][info][gc,phases      ] GC(846)   Evacuate Collection Set: 145.19ms
[5755.591s][info][gc,phases      ] GC(846)   Post Evacuate Collection Set: 1.00ms
[5755.591s][info][gc,phases      ] GC(846)   Other: 0.08ms
[5755.591s][info][gc,heap        ] GC(846) Eden regions: 540->0(537)
[5755.591s][info][gc,heap        ] GC(846) Survivor regions: 44->42(73)
[5755.591s][info][gc,heap        ] GC(846) Old regions: 311->318
[5755.591s][info][gc,heap        ] GC(846) Humongous regions: 33->33
[5755.591s][info][gc,metaspace   ] GC(846) Metaspace: 30013K(30144K)->30013K(30144K) NonClass: 30013K(30144K)->30013K(30144K) Class: 0K(0K)->0K(0K)
[5755.591s][info][gc             ] GC(846) Pause Young (Concurrent Start) (G1 Evacuation Pause) 7401M->3130M(8192M) 147.200ms
[5755.591s][info][gc             ] GC(847) Concurrent Mark Cycle
[5755.591s][info][gc,marking     ] GC(847) Concurrent Scan Root Regions
[5755.591s][info][gc,cpu         ] GC(846) User=1.16s Sys=0.00s Real=0.15s
.[5755.956s][info][gc,marking     ] GC(847) Concurrent Scan Root Regions 364.743ms
[5755.956s][info][gc,marking     ] GC(847) Concurrent Mark
[5755.956s][info][gc,marking     ] GC(847) Concurrent Mark From Roots
[5755.956s][info][gc,task        ] GC(847) Using 2 workers of 2 for marking
.[5757.175s][info][gc,marking     ] GC(847) Concurrent Mark From Roots 1218.757ms
[5757.175s][info][gc,marking     ] GC(847) Concurrent Preclean
[5757.175s][info][gc,marking     ] GC(847) Concurrent Preclean 0.113ms
[5757.175s][info][gc,start       ] GC(847) Pause Remark
[5757.178s][info][gc             ] GC(847) Pause Remark 5031M->4391M(8192M) 2.430ms
[5757.178s][info][gc,cpu         ] GC(847) User=0.01s Sys=0.00s Real=0.00s
[5757.178s][info][gc,marking     ] GC(847) Concurrent Mark 1221.905ms
[5757.178s][info][gc,marking     ] GC(847) Concurrent Rebuild Remembered Sets and Scrub Regions
.[5757.873s][info][gc,marking     ] GC(847) Concurrent Rebuild Remembered Sets and Scrub Regions 694.572ms
[5757.873s][info][gc,start       ] GC(847) Pause Cleanup
[5757.873s][info][gc             ] GC(847) Pause Cleanup 5234M->5234M(8192M) 0.246ms
[5757.873s][info][gc,cpu         ] GC(847) User=0.00s Sys=0.00s Real=0.00s
[5757.873s][info][gc,marking     ] GC(847) Concurrent Clear Claimed Marks
[5757.873s][info][gc,marking     ] GC(847) Concurrent Clear Claimed Marks 0.042ms
[5757.873s][info][gc,marking     ] GC(847) Concurrent Cleanup for Next Mark
[5757.884s][info][gc,marking     ] GC(847) Concurrent Cleanup for Next Mark 10.759ms
[5757.884s][info][gc             ] GC(847) Concurrent Mark Cycle 2292.651ms
.[5759.235s][info][gc,start       ] GC(848) Pause Young (Prepare Mixed) (G1 Evacuation Pause)
[5759.235s][info][gc,task        ] GC(848) Using 8 workers of 8 for evacuation
[5759.385s][info][gc,phases      ] GC(848)   Pre Evacuate Collection Set: 0.25ms
[5759.385s][info][gc,phases      ] GC(848)   Merge Heap Roots: 0.77ms
[5759.385s][info][gc,phases      ] GC(848)   Evacuate Collection Set: 148.64ms
[5759.385s][info][gc,phases      ] GC(848)   Post Evacuate Collection Set: 1.08ms
[5759.385s][info][gc,phases      ] GC(848)   Other: 0.07ms
[5759.385s][info][gc,heap        ] GC(848) Eden regions: 537->0(572)
[5759.385s][info][gc,heap        ] GC(848) Survivor regions: 42->42(73)
[5759.385s][info][gc,heap        ] GC(848) Old regions: 238->246
[5759.385s][info][gc,heap        ] GC(848) Humongous regions: 33->33
[5759.385s][info][gc,metaspace   ] GC(848) Metaspace: 30013K(30144K)->30013K(30144K) NonClass: 30013K(30144K)->30013K(30144K) Class: 0K(0K)->0K(0K)
[5759.386s][info][gc             ] GC(848) Pause Young (Prepare Mixed) (G1 Evacuation Pause) 6786M->2550M(8192M) 150.944ms
[5759.386s][info][gc,cpu         ] GC(848) User=1.19s Sys=0.00s Real=0.15s
....[5763.162s][info][gc,start       ] GC(849) Pause Young (Mixed) (G1 Evacuation Pause)
[5763.162s][info][gc,task        ] GC(849) Using 8 workers of 8 for evacuation
[5763.316s][info][gc,phases      ] GC(849)   Pre Evacuate Collection Set: 0.29ms
[5763.316s][info][gc,phases      ] GC(849)   Merge Heap Roots: 0.76ms
[5763.316s][info][gc,phases      ] GC(849)   Evacuate Collection Set: 151.73ms
[5763.316s][info][gc,phases      ] GC(849)   Post Evacuate Collection Set: 1.21ms
[5763.316s][info][gc,phases      ] GC(849)   Other: 0.09ms
[5763.316s][info][gc,heap        ] GC(849) Eden regions: 572->0(572)
[5763.316s][info][gc,heap        ] GC(849) Survivor regions: 42->42(77)
[5763.316s][info][gc,heap        ] GC(849) Old regions: 246->151
[5763.316s][info][gc,heap        ] GC(849) Humongous regions: 33->33
[5763.316s][info][gc,metaspace   ] GC(849) Metaspace: 30013K(30144K)->30013K(30144K) NonClass: 30013K(30144K)->30013K(30144K) Class: 0K(0K)->0K(0K)
[5763.316s][info][gc             ] GC(849) Pause Young (Mixed) (G1 Evacuation Pause) 7126M->1789M(8192M) 154.222ms
[5763.316s][info][gc,cpu         ] GC(849) User=1.22s Sys=0.00s Real=0.15s
....[5767.110s][info][gc,start       ] GC(850) Pause Young (Mixed) (G1 Evacuation Pause)
[5767.110s][info][gc,task        ] GC(850) Using 8 workers of 8 for evacuation
[5767.269s][info][gc,phases      ] GC(850)   Pre Evacuate Collection Set: 0.23ms
[5767.269s][info][gc,phases      ] GC(850)   Merge Heap Roots: 0.67ms
[5767.269s][info][gc,phases      ] GC(850)   Evacuate Collection Set: 157.07ms
[5767.269s][info][gc,phases      ] GC(850)   Post Evacuate Collection Set: 1.05ms
[5767.269s][info][gc,phases      ] GC(850)   Other: 0.06ms
[5767.269s][info][gc,heap        ] GC(850) Eden regions: 572->0(570)
[5767.269s][info][gc,heap        ] GC(850) Survivor regions: 42->44(77)
[5767.269s][info][gc,heap        ] GC(850) Old regions: 151->143
[5767.269s][info][gc,heap        ] GC(850) Humongous regions: 33->33
[5767.269s][info][gc,metaspace   ] GC(850) Metaspace: 30013K(30144K)->30013K(30144K) NonClass: 30013K(30144K)->30013K(30144K) Class: 0K(0K)->0K(0K)
[5767.269s][info][gc             ] GC(850) Pause Young (Mixed) (G1 Evacuation Pause) 6365M->1743M(8192M) 159.210ms
[5767.269s][info][gc,cpu         ] GC(850) User=1.26s Sys=0.00s Real=0.15s
....[5771.119s][info][gc,start       ] GC(851) Pause Young (Normal) (G1 Evacuation Pause)
[5771.120s][info][gc,task        ] GC(851) Using 8 workers of 8 for evacuation
[5771.273s][info][gc,phases      ] GC(851)   Pre Evacuate Collection Set: 0.24ms
[5771.273s][info][gc,phases      ] GC(851)   Merge Heap Roots: 0.49ms
[5771.273s][info][gc,phases      ] GC(851)   Evacuate Collection Set: 151.94ms
[5771.273s][info][gc,phases      ] GC(851)   Post Evacuate Collection Set: 1.02ms
[5771.273s][info][gc,phases      ] GC(851)   Other: 0.07ms
[5771.273s][info][gc,heap        ] GC(851) Eden regions: 570->0(570)
[5771.273s][info][gc,heap        ] GC(851) Survivor regions: 44->44(77)
[5771.273s][info][gc,heap        ] GC(851) Old regions: 143->150
[5771.273s][info][gc,heap        ] GC(851) Humongous regions: 33->33
[5771.273s][info][gc,metaspace   ] GC(851) Metaspace: 30013K(30144K)->30013K(30144K) NonClass: 30013K(30144K)->30013K(30144K) Class: 0K(0K)->0K(0K)
[5771.273s][info][gc             ] GC(851) Pause Young (Normal) (G1 Evacuation Pause) 6303M->1803M(8192M) 153.911ms
[5771.273s][info][gc,cpu         ] GC(851) User=1.21s Sys=0.00s Real=0.16s
....[5775.056s][info][gc,start       ] GC(852) Pause Young (Normal) (G1 Evacuation Pause)
[5775.056s][info][gc,task        ] GC(852) Using 8 workers of 8 for evacuation
[5775.203s][info][gc,phases      ] GC(852)   Pre Evacuate Collection Set: 0.23ms
[5775.203s][info][gc,phases      ] GC(852)   Merge Heap Roots: 0.48ms
[5775.203s][info][gc,phases      ] GC(852)   Evacuate Collection Set: 144.91ms
[5775.203s][info][gc,phases      ] GC(852)   Post Evacuate Collection Set: 1.04ms
[5775.203s][info][gc,phases      ] GC(852)   Other: 0.07ms
[5775.203s][info][gc,heap        ] GC(852) Eden regions: 570->0(571)
[5775.203s][info][gc,heap        ] GC(852) Survivor regions: 44->43(77)
[5775.203s][info][gc,heap        ] GC(852) Old regions: 150->158
[5775.203s][info][gc,heap        ] GC(852) Humongous regions: 33->33
[5775.203s][info][gc,metaspace   ] GC(852) Metaspace: 30013K(30144K)->30013K(30144K) NonClass: 30013K(30144K)->30013K(30144K) Class: 0K(0K)->0K(0K)
[5775.203s][info][gc             ] GC(852) Pause Young (Normal) (G1 Evacuation Pause) 6363M->1850M(8192M) 146.857ms
[5775.203s][info][gc,cpu         ] GC(852) User=1.16s Sys=0.00s Real=0.15s
....[5779.004s][info][gc,start       ] GC(853) Pause Young (Normal) (G1 Evacuation Pause)
[5779.004s][info][gc,task        ] GC(853) Using 8 workers of 8 for evacuation
[5779.158s][info][gc,phases      ] GC(853)   Pre Evacuate Collection Set: 0.24ms
[5779.158s][info][gc,phases      ] GC(853)   Merge Heap Roots: 0.49ms
[5779.158s][info][gc,phases      ] GC(853)   Evacuate Collection Set: 151.68ms
[5779.158s][info][gc,phases      ] GC(853)   Post Evacuate Collection Set: 1.03ms
[5779.158s][info][gc,phases      ] GC(853)   Other: 0.06ms
[5779.158s][info][gc,heap        ] GC(853) Eden regions: 571->0(570)
[5779.158s][info][gc,heap        ] GC(853) Survivor regions: 43->44(77)
[5779.158s][info][gc,heap        ] GC(853) Old regions: 158->165
[5779.158s][info][gc,heap        ] GC(853) Humongous regions: 33->33
[5779.158s][info][gc,metaspace   ] GC(853) Metaspace: 30013K(30144K)->30013K(30144K) NonClass: 30013K(30144K)->30013K(30144K) Class: 0K(0K)->0K(0K)
[5779.158s][info][gc             ] GC(853) Pause Young (Normal) (G1 Evacuation Pause) 6418M->1919M(8192M) 153.643ms
[5779.158s][info][gc,cpu         ] GC(853) User=1.22s Sys=0.00s Real=0.15s
....[5782.954s][info][gc,start       ] GC(854) Pause Young (Normal) (G1 Evacuation Pause)
[5782.954s][info][gc,task        ] GC(854) Using 8 workers of 8 for evacuation
[5783.105s][info][gc,phases      ] GC(854)   Pre Evacuate Collection Set: 0.24ms
[5783.105s][info][gc,phases      ] GC(854)   Merge Heap Roots: 0.48ms
[5783.105s][info][gc,phases      ] GC(854)   Evacuate Collection Set: 148.43ms
[5783.105s][info][gc,phases      ] GC(854)   Post Evacuate Collection Set: 1.02ms
[5783.105s][info][gc,phases      ] GC(854)   Other: 0.07ms
[5783.105s][info][gc,heap        ] GC(854) Eden regions: 570->0(570)
[5783.105s][info][gc,heap        ] GC(854) Survivor regions: 44->44(77)
[5783.105s][info][gc,heap        ] GC(854) Old regions: 165->172
[5783.105s][info][gc,heap        ] GC(854) Humongous regions: 33->33
[5783.105s][info][gc,metaspace   ] GC(854) Metaspace: 30013K(30144K)->30013K(30144K) NonClass: 30013K(30144K)->30013K(30144K) Class: 0K(0K)->0K(0K)
[5783.105s][info][gc             ] GC(854) Pause Young (Normal) (G1 Evacuation Pause) 6479M->1977M(8192M) 150.403ms
[5783.105s][info][gc,cpu         ] GC(854) User=1.19s Sys=0.00s Real=0.15s
....[5786.960s][info][gc,start       ] GC(855) Pause Young (Normal) (G1 Evacuation Pause)
[5786.960s][info][gc,task        ] GC(855) Using 8 workers of 8 for evacuation
[5787.110s][info][gc,phases      ] GC(855)   Pre Evacuate Collection Set: 0.25ms
[5787.110s][info][gc,phases      ] GC(855)   Merge Heap Roots: 0.60ms
[5787.110s][info][gc,phases      ] GC(855)   Evacuate Collection Set: 148.89ms
[5787.110s][info][gc,phases      ] GC(855)   Post Evacuate Collection Set: 1.00ms
[5787.110s][info][gc,phases      ] GC(855)   Other: 0.06ms
[5787.110s][info][gc,heap        ] GC(855) Eden regions: 570->0(571)
[5787.110s][info][gc,heap        ] GC(855) Survivor regions: 44->43(77)
[5787.110s][info][gc,heap        ] GC(855) Old regions: 172->179
[5787.110s][info][gc,heap        ] GC(855) Humongous regions: 33->33
[5787.110s][info][gc,metaspace   ] GC(855) Metaspace: 30013K(30144K)->30013K(30144K) NonClass: 30013K(30144K)->30013K(30144K) Class: 0K(0K)->0K(0K)
[5787.110s][info][gc             ] GC(855) Pause Young (Normal) (G1 Evacuation Pause) 6537M->2025M(8192M) 150.926ms
[5787.110s][info][gc,cpu         ] GC(855) User=1.20s Sys=0.01s Real=0.16s
....[5790.985s][info][gc,start       ] GC(856) Pause Young (Normal) (G1 Evacuation Pause)
[5790.985s][info][gc,task        ] GC(856) Using 8 workers of 8 for evacuation
[5791.138s][info][gc,phases      ] GC(856)   Pre Evacuate Collection Set: 0.21ms
[5791.138s][info][gc,phases      ] GC(856)   Merge Heap Roots: 0.49ms
[5791.138s][info][gc,phases      ] GC(856)   Evacuate Collection Set: 150.75ms
[5791.138s][info][gc,phases      ] GC(856)   Post Evacuate Collection Set: 1.01ms
[5791.138s][info][gc,phases      ] GC(856)   Other: 0.07ms
[5791.138s][info][gc,heap        ] GC(856) Eden regions: 571->0(570)
[5791.138s][info][gc,heap        ] GC(856) Survivor regions: 43->44(77)
[5791.138s][info][gc,heap        ] GC(856) Old regions: 179->186
[5791.138s][info][gc,heap        ] GC(856) Humongous regions: 33->33
[5791.138s][info][gc,metaspace   ] GC(856) Metaspace: 30013K(30144K)->30013K(30144K) NonClass: 30013K(30144K)->30013K(30144K) Class: 0K(0K)->0K(0K)
[5791.138s][info][gc             ] GC(856) Pause Young (Normal) (G1 Evacuation Pause) 6593M->2091M(8192M) 152.668ms
[5791.138s][info][gc,cpu         ] GC(856) User=1.21s Sys=0.00s Real=0.15s
....[5795.025s][info][gc,start       ] GC(857) Pause Young (Normal) (G1 Evacuation Pause)
[5795.025s][info][gc,task        ] GC(857) Using 8 workers of 8 for evacuation
[5795.176s][info][gc,phases      ] GC(857)   Pre Evacuate Collection Set: 0.25ms
[5795.176s][info][gc,phases      ] GC(857)   Merge Heap Roots: 0.63ms
[5795.176s][info][gc,phases      ] GC(857)   Evacuate Collection Set: 148.67ms
[5795.176s][info][gc,phases      ] GC(857)   Post Evacuate Collection Set: 1.03ms
[5795.176s][info][gc,phases      ] GC(857)   Other: 0.06ms
[5795.176s][info][gc,heap        ] GC(857) Eden regions: 570->0(570)
[5795.176s][info][gc,heap        ] GC(857) Survivor regions: 44->44(77)
[5795.176s][info][gc,heap        ] GC(857) Old regions: 186->194
[5795.176s][info][gc,heap        ] GC(857) Humongous regions: 33->33
[5795.176s][info][gc,metaspace   ] GC(857) Metaspace: 30013K(30144K)->30013K(30144K) NonClass: 30013K(30144K)->30013K(30144K) Class: 0K(0K)->0K(0K)
[5795.176s][info][gc             ] GC(857) Pause Young (Normal) (G1 Evacuation Pause) 6651M->2146M(8192M) 150.778ms
[5795.176s][info][gc,cpu         ] GC(857) User=1.19s Sys=0.00s Real=0.15s
.. (rIR:aIR:PR = 9686:9687:9698) (tPR = 144327) [OK] 
  5796s: Performance info:
         Transaction,    Success,    Partial,     Failed,   Receipts, AvgBarcode, 
             Overall,     583081,          0,          0,     553979,      59.48, 
         Response times:
             Request,    Success,    Partial,     Failed,   SkipFail,     Probes,    Samples,      min,      p50,      p90,      p95,      p99,      max, 
       TotalPurchase,     553390,          0,          0,          0,     359003,     544027,      300,     6400,    25000,    68000,   126000,   950000,
     InStorePurchase,     290011,          0,          0,          0,     188262,     285286,      300,     6400,    25000,    66000,   126000,   950000,
      OnlinePurchase,     204483,          0,          0,          0,     132773,     200814,      300,     6500,    26000,    70000,   125000,   950000,
        InstPurchase,      58896,          0,          0,          0,      37968,      57927,      400,     6200,    27000,    71000,   127000,   950000,
          AssocOfCat,        582,          0,          0,          0,        491,        879,    27000,    51000,   111000,   148000,   204400,   406000,
      AssocOfProduct,       5800,          0,          0,          0,       4331,       6890,      400,     5500,    19100,    59000,   123000,   422000,
      BusinessReport,       1444,          0,          0,          0,       1295,       2197,    27000,    54000,    88000,   128100,   216000,   940000,
          CustBuyBeh,       5860,          0,          0,          0,       4299,       6789,      200,     4800,    22000,    66000,   123000,   347000,
       ProductReturn,      15384,          0,          0,          0,      10059,      15587,      200,     6400,    23000,    66000,   128000,   463000,

  5796s: (71%)   IR =   9824 ..[5799.001s][info][gc,start       ] GC(858) Pause Young (Normal) (G1 Evacuation Pause)
[5799.001s][info][gc,task        ] GC(858) Using 8 workers of 8 for evacuation
[5799.158s][info][gc,phases      ] GC(858)   Pre Evacuate Collection Set: 0.23ms
[5799.158s][info][gc,phases      ] GC(858)   Merge Heap Roots: 0.50ms
[5799.158s][info][gc,phases      ] GC(858)   Evacuate Collection Set: 155.08ms
[5799.158s][info][gc,phases      ] GC(858)   Post Evacuate Collection Set: 1.12ms
[5799.158s][info][gc,phases      ] GC(858)   Other: 0.06ms
[5799.158s][info][gc,heap        ] GC(858) Eden regions: 570->0(569)
[5799.158s][info][gc,heap        ] GC(858) Survivor regions: 44->45(77)
[5799.158s][info][gc,heap        ] GC(858) Old regions: 194->201
[5799.158s][info][gc,heap        ] GC(858) Humongous regions: 33->33
[5799.158s][info][gc,metaspace   ] GC(858) Metaspace: 30013K(30144K)->30013K(30144K) NonClass: 30013K(30144K)->30013K(30144K) Class: 0K(0K)->0K(0K)
[5799.158s][info][gc             ] GC(858) Pause Young (Normal) (G1 Evacuation Pause) 6706M->2213M(8192M) 157.119ms
[5799.158s][info][gc,cpu         ] GC(858) User=1.24s Sys=0.00s Real=0.15s
....|[5802.898s][info][gc,start       ] GC(859) Pause Young (Normal) (G1 Evacuation Pause)
[5802.898s][info][gc,task        ] GC(859) Using 8 workers of 8 for evacuation
[5803.055s][info][gc,phases      ] GC(859)   Pre Evacuate Collection Set: 0.23ms
[5803.055s][info][gc,phases      ] GC(859)   Merge Heap Roots: 0.48ms
[5803.055s][info][gc,phases      ] GC(859)   Evacuate Collection Set: 154.78ms
[5803.055s][info][gc,phases      ] GC(859)   Post Evacuate Collection Set: 1.03ms
[5803.055s][info][gc,phases      ] GC(859)   Other: 0.06ms
[5803.055s][info][gc,heap        ] GC(859) Eden regions: 569->0(569)
[5803.055s][info][gc,heap        ] GC(859) Survivor regions: 45->45(77)
[5803.055s][info][gc,heap        ] GC(859) Old regions: 201->208
[5803.055s][info][gc,heap        ] GC(859) Humongous regions: 33->33
[5803.055s][info][gc,metaspace   ] GC(859) Metaspace: 30013K(30144K)->30013K(30144K) NonClass: 30013K(30144K)->30013K(30144K) Class: 0K(0K)->0K(0K)
[5803.055s][info][gc             ] GC(859) Pause Young (Normal) (G1 Evacuation Pause) 6765M->2271M(8192M) 156.712ms
[5803.055s][info][gc,cpu         ] GC(859) User=1.24s Sys=0.00s Real=0.16s
....[5806.818s][info][gc,start       ] GC(860) Pause Young (Normal) (G1 Evacuation Pause)
[5806.819s][info][gc,task        ] GC(860) Using 8 workers of 8 for evacuation
[5806.966s][info][gc,phases      ] GC(860)   Pre Evacuate Collection Set: 0.24ms
[5806.966s][info][gc,phases      ] GC(860)   Merge Heap Roots: 0.49ms
[5806.966s][info][gc,phases      ] GC(860)   Evacuate Collection Set: 145.95ms
[5806.966s][info][gc,phases      ] GC(860)   Post Evacuate Collection Set: 1.03ms
[5806.966s][info][gc,phases      ] GC(860)   Other: 0.07ms
[5806.966s][info][gc,heap        ] GC(860) Eden regions: 569->0(571)
[5806.966s][info][gc,heap        ] GC(860) Survivor regions: 45->43(77)
[5806.966s][info][gc,heap        ] GC(860) Old regions: 208->215
[5806.966s][info][gc,heap        ] GC(860) Humongous regions: 33->33
[5806.966s][info][gc,metaspace   ] GC(860) Metaspace: 30013K(30144K)->30013K(30144K) NonClass: 30013K(30144K)->30013K(30144K) Class: 0K(0K)->0K(0K)
[5806.966s][info][gc             ] GC(860) Pause Young (Normal) (G1 Evacuation Pause) 6823M->2315M(8192M) 147.922ms
[5806.966s][info][gc,cpu         ] GC(860) User=1.17s Sys=0.00s Real=0.15s
...[5810.643s][info][gc,start       ] GC(861) Pause Young (Normal) (G1 Evacuation Pause)
[5810.644s][info][gc,task        ] GC(861) Using 8 workers of 8 for evacuation
[5810.794s][info][gc,phases      ] GC(861)   Pre Evacuate Collection Set: 0.28ms
[5810.794s][info][gc,phases      ] GC(861)   Merge Heap Roots: 0.55ms
[5810.794s][info][gc,phases      ] GC(861)   Evacuate Collection Set: 148.29ms
[5810.794s][info][gc,phases      ] GC(861)   Post Evacuate Collection Set: 1.03ms
[5810.794s][info][gc,phases      ] GC(861)   Other: 0.06ms
[5810.794s][info][gc,heap        ] GC(861) Eden regions: 571->0(571)
[5810.794s][info][gc,heap        ] GC(861) Survivor regions: 43->43(77)
[5810.794s][info][gc,heap        ] GC(861) Old regions: 215->222
[5810.794s][info][gc,heap        ] GC(861) Humongous regions: 33->33
[5810.794s][info][gc,metaspace   ] GC(861) Metaspace: 30013K(30144K)->30013K(30144K) NonClass: 30013K(30144K)->30013K(30144K) Class: 0K(0K)->0K(0K)
[5810.794s][info][gc             ] GC(861) Pause Young (Normal) (G1 Evacuation Pause) 6883M->2371M(8192M) 150.354ms
[5810.794s][info][gc,cpu         ] GC(861) User=1.19s Sys=0.00s Real=0.15s
....[5814.558s][info][gc,start       ] GC(862) Pause Young (Normal) (G1 Evacuation Pause)
[5814.558s][info][gc,task        ] GC(862) Using 8 workers of 8 for evacuation
[5814.708s][info][gc,phases      ] GC(862)   Pre Evacuate Collection Set: 0.25ms
[5814.708s][info][gc,phases      ] GC(862)   Merge Heap Roots: 0.48ms
[5814.708s][info][gc,phases      ] GC(862)   Evacuate Collection Set: 148.01ms
[5814.708s][info][gc,phases      ] GC(862)   Post Evacuate Collection Set: 1.02ms
[5814.708s][info][gc,phases      ] GC(862)   Other: 0.06ms
[5814.708s][info][gc,heap        ] GC(862) Eden regions: 571->0(571)
[5814.708s][info][gc,heap        ] GC(862) Survivor regions: 43->43(77)
[5814.708s][info][gc,heap        ] GC(862) Old regions: 222->229
[5814.708s][info][gc,heap        ] GC(862) Humongous regions: 33->33
[5814.708s][info][gc,metaspace   ] GC(862) Metaspace: 30013K(30144K)->30013K(30144K) NonClass: 30013K(30144K)->30013K(30144K) Class: 0K(0K)->0K(0K)
[5814.708s][info][gc             ] GC(862) Pause Young (Normal) (G1 Evacuation Pause) 6939M->2427M(8192M) 149.953ms
[5814.708s][info][gc,cpu         ] GC(862) User=1.19s Sys=0.01s Real=0.15s
....[5818.442s][info][gc,start       ] GC(863) Pause Young (Normal) (G1 Evacuation Pause)
[5818.442s][info][gc,task        ] GC(863) Using 8 workers of 8 for evacuation
[5818.592s][info][gc,phases      ] GC(863)   Pre Evacuate Collection Set: 0.25ms
[5818.592s][info][gc,phases      ] GC(863)   Merge Heap Roots: 0.51ms
[5818.592s][info][gc,phases      ] GC(863)   Evacuate Collection Set: 148.20ms
[5818.592s][info][gc,phases      ] GC(863)   Post Evacuate Collection Set: 1.06ms
[5818.592s][info][gc,phases      ] GC(863)   Other: 0.07ms
[5818.592s][info][gc,heap        ] GC(863) Eden regions: 571->0(572)
[5818.592s][info][gc,heap        ] GC(863) Survivor regions: 43->42(77)
[5818.592s][info][gc,heap        ] GC(863) Old regions: 229->237
[5818.592s][info][gc,heap        ] GC(863) Humongous regions: 33->33
[5818.592s][info][gc,metaspace   ] GC(863) Metaspace: 30013K(30144K)->30013K(30144K) NonClass: 30013K(30144K)->30013K(30144K) Class: 0K(0K)->0K(0K)
[5818.592s][info][gc             ] GC(863) Pause Young (Normal) (G1 Evacuation Pause) 6995M->2477M(8192M) 150.225ms
[5818.592s][info][gc,cpu         ] GC(863) User=1.19s Sys=0.00s Real=0.15s
....[5822.339s][info][gc,start       ] GC(864) Pause Young (Normal) (G1 Evacuation Pause)
[5822.339s][info][gc,task        ] GC(864) Using 8 workers of 8 for evacuation
[5822.495s][info][gc,phases      ] GC(864)   Pre Evacuate Collection Set: 0.22ms
[5822.495s][info][gc,phases      ] GC(864)   Merge Heap Roots: 0.48ms
[5822.495s][info][gc,phases      ] GC(864)   Evacuate Collection Set: 153.66ms
[5822.495s][info][gc,phases      ] GC(864)   Post Evacuate Collection Set: 1.04ms
[5822.495s][info][gc,phases      ] GC(864)   Other: 0.08ms
[5822.495s][info][gc,heap        ] GC(864) Eden regions: 572->0(570)
[5822.495s][info][gc,heap        ] GC(864) Survivor regions: 42->44(77)
[5822.495s][info][gc,heap        ] GC(864) Old regions: 237->244
[5822.495s][info][gc,heap        ] GC(864) Humongous regions: 33->33
[5822.495s][info][gc,metaspace   ] GC(864) Metaspace: 30013K(30144K)->30013K(30144K) NonClass: 30013K(30144K)->30013K(30144K) Class: 0K(0K)->0K(0K)
[5822.495s][info][gc             ] GC(864) Pause Young (Normal) (G1 Evacuation Pause) 7053M->2550M(8192M) 155.618ms
[5822.495s][info][gc,cpu         ] GC(864) User=1.23s Sys=0.00s Real=0.16s
....[5826.420s][info][gc,start       ] GC(865) Pause Young (Normal) (G1 Evacuation Pause)
[5826.420s][info][gc,task        ] GC(865) Using 8 workers of 8 for evacuation
[5826.567s][info][gc,phases      ] GC(865)   Pre Evacuate Collection Set: 0.27ms
[5826.567s][info][gc,phases      ] GC(865)   Merge Heap Roots: 0.57ms
[5826.567s][info][gc,phases      ] GC(865)   Evacuate Collection Set: 145.30ms
[5826.567s][info][gc,phases      ] GC(865)   Post Evacuate Collection Set: 1.01ms
[5826.567s][info][gc,phases      ] GC(865)   Other: 0.06ms
[5826.567s][info][gc,heap        ] GC(865) Eden regions: 570->0(571)
[5826.567s][info][gc,heap        ] GC(865) Survivor regions: 44->43(77)
[5826.567s][info][gc,heap        ] GC(865) Old regions: 244->251
[5826.567s][info][gc,heap        ] GC(865) Humongous regions: 33->33
[5826.567s][info][gc,metaspace   ] GC(865) Metaspace: 30013K(30144K)->30013K(30144K) NonClass: 30013K(30144K)->30013K(30144K) Class: 0K(0K)->0K(0K)
[5826.567s][info][gc             ] GC(865) Pause Young (Normal) (G1 Evacuation Pause) 7110M->2599M(8192M) 147.324ms
[5826.567s][info][gc,cpu         ] GC(865) User=1.16s Sys=0.00s Real=0.15s
....[5830.366s][info][gc,start       ] GC(866) Pause Young (Normal) (G1 Evacuation Pause)
[5830.366s][info][gc,task        ] GC(866) Using 8 workers of 8 for evacuation
[5830.517s][info][gc,phases      ] GC(866)   Pre Evacuate Collection Set: 0.27ms
[5830.517s][info][gc,phases      ] GC(866)   Merge Heap Roots: 0.50ms
[5830.517s][info][gc,phases      ] GC(866)   Evacuate Collection Set: 149.74ms
[5830.517s][info][gc,phases      ] GC(866)   Post Evacuate Collection Set: 1.02ms
[5830.517s][info][gc,phases      ] GC(866)   Other: 0.06ms
[5830.517s][info][gc,heap        ] GC(866) Eden regions: 571->0(571)
[5830.517s][info][gc,heap        ] GC(866) Survivor regions: 43->43(77)
[5830.517s][info][gc,heap        ] GC(866) Old regions: 251->258
[5830.517s][info][gc,heap        ] GC(866) Humongous regions: 33->33
[5830.517s][info][gc,metaspace   ] GC(866) Metaspace: 30013K(30144K)->30013K(30144K) NonClass: 30013K(30144K)->30013K(30144K) Class: 0K(0K)->0K(0K)
[5830.517s][info][gc             ] GC(866) Pause Young (Normal) (G1 Evacuation Pause) 7167M->2655M(8192M) 151.744ms
[5830.517s][info][gc,cpu         ] GC(866) User=1.20s Sys=0.00s Real=0.15s
....[5834.213s][info][gc,start       ] GC(867) Pause Young (Normal) (G1 Evacuation Pause)
[5834.213s][info][gc,task        ] GC(867) Using 8 workers of 8 for evacuation
[5834.360s][info][gc,phases      ] GC(867)   Pre Evacuate Collection Set: 0.28ms
[5834.360s][info][gc,phases      ] GC(867)   Merge Heap Roots: 0.49ms
[5834.360s][info][gc,phases      ] GC(867)   Evacuate Collection Set: 144.88ms
[5834.360s][info][gc,phases      ] GC(867)   Post Evacuate Collection Set: 1.06ms
[5834.360s][info][gc,phases      ] GC(867)   Other: 0.06ms
[5834.360s][info][gc,heap        ] GC(867) Eden regions: 571->0(571)
[5834.360s][info][gc,heap        ] GC(867) Survivor regions: 43->43(77)
[5834.360s][info][gc,heap        ] GC(867) Old regions: 258->265
[5834.360s][info][gc,heap        ] GC(867) Humongous regions: 33->33
[5834.360s][info][gc,metaspace   ] GC(867) Metaspace: 30013K(30144K)->30013K(30144K) NonClass: 30013K(30144K)->30013K(30144K) Class: 0K(0K)->0K(0K)
[5834.360s][info][gc             ] GC(867) Pause Young (Normal) (G1 Evacuation Pause) 7223M->2710M(8192M) 146.917ms
[5834.360s][info][gc,cpu         ] GC(867) User=1.16s Sys=0.01s Real=0.14s
....[5838.076s][info][gc,start       ] GC(868) Pause Young (Normal) (G1 Evacuation Pause)
[5838.076s][info][gc,task        ] GC(868) Using 8 workers of 8 for evacuation
[5838.221s][info][gc,phases      ] GC(868)   Pre Evacuate Collection Set: 0.26ms
[5838.221s][info][gc,phases      ] GC(868)   Merge Heap Roots: 0.49ms
[5838.221s][info][gc,phases      ] GC(868)   Evacuate Collection Set: 143.39ms
[5838.221s][info][gc,phases      ] GC(868)   Post Evacuate Collection Set: 0.99ms
[5838.221s][info][gc,phases      ] GC(868)   Other: 0.07ms
[5838.221s][info][gc,heap        ] GC(868) Eden regions: 571->0(571)
[5838.221s][info][gc,heap        ] GC(868) Survivor regions: 43->43(77)
[5838.221s][info][gc,heap        ] GC(868) Old regions: 265->272
[5838.221s][info][gc,heap        ] GC(868) Humongous regions: 33->33
[5838.221s][info][gc,metaspace   ] GC(868) Metaspace: 30013K(30144K)->30013K(30144K) NonClass: 30013K(30144K)->30013K(30144K) Class: 0K(0K)->0K(0K)
[5838.221s][info][gc             ] GC(868) Pause Young (Normal) (G1 Evacuation Pause) 7278M->2762M(8192M) 145.344ms
[5838.221s][info][gc,cpu         ] GC(868) User=1.15s Sys=0.00s Real=0.15s
....[5841.899s][info][gc,start       ] GC(869) Pause Young (Normal) (G1 Evacuation Pause)
[5841.899s][info][gc,task        ] GC(869) Using 8 workers of 8 for evacuation
[5842.052s][info][gc,phases      ] GC(869)   Pre Evacuate Collection Set: 0.26ms
[5842.052s][info][gc,phases      ] GC(869)   Merge Heap Roots: 0.49ms
[5842.052s][info][gc,phases      ] GC(869)   Evacuate Collection Set: 151.38ms
[5842.052s][info][gc,phases      ] GC(869)   Post Evacuate Collection Set: 1.01ms
[5842.052s][info][gc,phases      ] GC(869)   Other: 0.06ms
[5842.052s][info][gc,heap        ] GC(869) Eden regions: 571->0(570)
[5842.052s][info][gc,heap        ] GC(869) Survivor regions: 43->44(77)
[5842.052s][info][gc,heap        ] GC(869) Old regions: 272->279
[5842.052s][info][gc,heap        ] GC(869) Humongous regions: 33->33
[5842.052s][info][gc,metaspace   ] GC(869) Metaspace: 30013K(30144K)->30013K(30144K) NonClass: 30013K(30144K)->30013K(30144K) Class: 0K(0K)->0K(0K)
[5842.052s][info][gc             ] GC(869) Pause Young (Normal) (G1 Evacuation Pause) 7330M->2830M(8192M) 153.315ms
[5842.052s][info][gc,cpu         ] GC(869) User=1.21s Sys=0.00s Real=0.16s
...[5845.786s][info][gc,start       ] GC(870) Pause Young (Normal) (G1 Evacuation Pause)
[5845.786s][info][gc,task        ] GC(870) Using 8 workers of 8 for evacuation
[5845.942s][info][gc,phases      ] GC(870)   Pre Evacuate Collection Set: 0.25ms
[5845.942s][info][gc,phases      ] GC(870)   Merge Heap Roots: 0.51ms
[5845.942s][info][gc,phases      ] GC(870)   Evacuate Collection Set: 153.62ms
[5845.942s][info][gc,phases      ] GC(870)   Post Evacuate Collection Set: 1.03ms
[5845.942s][info][gc,phases      ] GC(870)   Other: 0.07ms
[5845.942s][info][gc,heap        ] GC(870) Eden regions: 570->0(565)
[5845.942s][info][gc,heap        ] GC(870) Survivor regions: 44->44(77)
[5845.942s][info][gc,heap        ] GC(870) Old regions: 279->286
[5845.942s][info][gc,heap        ] GC(870) Humongous regions: 33->33
[5845.942s][info][gc,metaspace   ] GC(870) Metaspace: 30013K(30144K)->30013K(30144K) NonClass: 30013K(30144K)->30013K(30144K) Class: 0K(0K)->0K(0K)
[5845.942s][info][gc             ] GC(870) Pause Young (Normal) (G1 Evacuation Pause) 7390M->2886M(8192M) 155.612ms
[5845.942s][info][gc,cpu         ] GC(870) User=1.23s Sys=0.00s Real=0.16s
....[5849.645s][info][gc,start       ] GC(871) Pause Young (Normal) (G1 Evacuation Pause)
[5849.645s][info][gc,task        ] GC(871) Using 8 workers of 8 for evacuation
[5849.795s][info][gc,phases      ] GC(871)   Pre Evacuate Collection Set: 0.24ms
[5849.796s][info][gc,phases      ] GC(871)   Merge Heap Roots: 0.50ms
[5849.796s][info][gc,phases      ] GC(871)   Evacuate Collection Set: 148.58ms
[5849.796s][info][gc,phases      ] GC(871)   Post Evacuate Collection Set: 1.03ms
[5849.796s][info][gc,phases      ] GC(871)   Other: 0.06ms
[5849.796s][info][gc,heap        ] GC(871) Eden regions: 565->0(558)
[5849.796s][info][gc,heap        ] GC(871) Survivor regions: 44->44(77)
[5849.796s][info][gc,heap        ] GC(871) Old regions: 286->293
[5849.796s][info][gc,heap        ] GC(871) Humongous regions: 33->33
[5849.796s][info][gc,metaspace   ] GC(871) Metaspace: 30013K(30144K)->30013K(30144K) NonClass: 30013K(30144K)->30013K(30144K) Class: 0K(0K)->0K(0K)
[5849.796s][info][gc             ] GC(871) Pause Young (Normal) (G1 Evacuation Pause) 7406M->2942M(8192M) 150.545ms
[5849.796s][info][gc,cpu         ] GC(871) User=1.19s Sys=0.00s Real=0.15s
....[5853.507s][info][gc,start       ] GC(872) Pause Young (Normal) (G1 Evacuation Pause)
[5853.507s][info][gc,task        ] GC(872) Using 8 workers of 8 for evacuation
[5853.660s][info][gc,phases      ] GC(872)   Pre Evacuate Collection Set: 0.24ms
[5853.660s][info][gc,phases      ] GC(872)   Merge Heap Roots: 0.50ms
[5853.660s][info][gc,phases      ] GC(872)   Evacuate Collection Set: 151.56ms
[5853.660s][info][gc,phases      ] GC(872)   Post Evacuate Collection Set: 1.05ms
[5853.660s][info][gc,phases      ] GC(872)   Other: 0.06ms
[5853.660s][info][gc,heap        ] GC(872) Eden regions: 558->0(552)
[5853.660s][info][gc,heap        ] GC(872) Survivor regions: 44->43(76)
[5853.660s][info][gc,heap        ] GC(872) Old regions: 293->301
[5853.660s][info][gc,heap        ] GC(872) Humongous regions: 33->33
[5853.660s][info][gc,metaspace   ] GC(872) Metaspace: 30013K(30144K)->30013K(30144K) NonClass: 30013K(30144K)->30013K(30144K) Class: 0K(0K)->0K(0K)
[5853.660s][info][gc             ] GC(872) Pause Young (Normal) (G1 Evacuation Pause) 7406M->2998M(8192M) 153.552ms
[5853.660s][info][gc,cpu         ] GC(872) User=1.22s Sys=0.00s Real=0.16s
....[5857.263s][info][gc,start       ] GC(873) Pause Young (Normal) (G1 Evacuation Pause)
[5857.263s][info][gc,task        ] GC(873) Using 8 workers of 8 for evacuation
[5857.409s][info][gc,phases      ] GC(873)   Pre Evacuate Collection Set: 0.24ms
[5857.409s][info][gc,phases      ] GC(873)   Merge Heap Roots: 0.49ms
[5857.409s][info][gc,phases      ] GC(873)   Evacuate Collection Set: 144.04ms
[5857.409s][info][gc,phases      ] GC(873)   Post Evacuate Collection Set: 1.02ms
[5857.409s][info][gc,phases      ] GC(873)   Other: 0.06ms
[5857.409s][info][gc,heap        ] GC(873) Eden regions: 552->0(545)
[5857.409s][info][gc,heap        ] GC(873) Survivor regions: 43->43(75)
[5857.409s][info][gc,heap        ] GC(873) Old regions: 301->308
[5857.409s][info][gc,heap        ] GC(873) Humongous regions: 33->33
[5857.409s][info][gc,metaspace   ] GC(873) Metaspace: 30013K(30144K)->30013K(30144K) NonClass: 30013K(30144K)->30013K(30144K) Class: 0K(0K)->0K(0K)
[5857.409s][info][gc             ] GC(873) Pause Young (Normal) (G1 Evacuation Pause) 7414M->3053M(8192M) 145.979ms
[5857.409s][info][gc,cpu         ] GC(873) User=1.16s Sys=0.00s Real=0.14s
....[5861.019s][info][gc,start       ] GC(874) Pause Young (Concurrent Start) (G1 Evacuation Pause)
[5861.019s][info][gc,task        ] GC(874) Using 8 workers of 8 for evacuation
[5861.174s][info][gc,phases      ] GC(874)   Pre Evacuate Collection Set: 0.27ms
[5861.174s][info][gc,phases      ] GC(874)   Merge Heap Roots: 0.48ms
[5861.174s][info][gc,phases      ] GC(874)   Evacuate Collection Set: 153.21ms
[5861.174s][info][gc,phases      ] GC(874)   Post Evacuate Collection Set: 0.98ms
[5861.174s][info][gc,phases      ] GC(874)   Other: 0.10ms
[5861.174s][info][gc,heap        ] GC(874) Eden regions: 545->0(536)
[5861.174s][info][gc,heap        ] GC(874) Survivor regions: 43->44(74)
[5861.174s][info][gc,heap        ] GC(874) Old regions: 308->315
[5861.174s][info][gc,heap        ] GC(874) Humongous regions: 33->33
[5861.174s][info][gc,metaspace   ] GC(874) Metaspace: 30013K(30144K)->30013K(30144K) NonClass: 30013K(30144K)->30013K(30144K) Class: 0K(0K)->0K(0K)
[5861.174s][info][gc             ] GC(874) Pause Young (Concurrent Start) (G1 Evacuation Pause) 7413M->3123M(8192M) 155.181ms
[5861.174s][info][gc             ] GC(875) Concurrent Mark Cycle
[5861.174s][info][gc,marking     ] GC(875) Concurrent Scan Root Regions
[5861.174s][info][gc,cpu         ] GC(874) User=1.23s Sys=0.00s Real=0.16s
[5861.424s][info][gc,marking     ] GC(875) Concurrent Scan Root Regions 249.347ms
[5861.424s][info][gc,marking     ] GC(875) Concurrent Mark
[5861.424s][info][gc,marking     ] GC(875) Concurrent Mark From Roots
[5861.424s][info][gc,task        ] GC(875) Using 2 workers of 2 for marking
.[5862.488s][info][gc,marking     ] GC(875) Concurrent Mark From Roots 1064.739ms
[5862.488s][info][gc,marking     ] GC(875) Concurrent Preclean
[5862.488s][info][gc,marking     ] GC(875) Concurrent Preclean 0.071ms
[5862.489s][info][gc,start       ] GC(875) Pause Remark
[5862.491s][info][gc             ] GC(875) Pause Remark 4624M->4000M(8192M) 2.266ms
[5862.491s][info][gc,cpu         ] GC(875) User=0.02s Sys=0.00s Real=0.01s
[5862.491s][info][gc,marking     ] GC(875) Concurrent Mark 1067.369ms
[5862.491s][info][gc,marking     ] GC(875) Concurrent Rebuild Remembered Sets and Scrub Regions
. (rIR:aIR:PR = 9824:9867:9855) (tPR = 146128) [OK] 
  5862s: Performance info:
         Transaction,    Success,    Partial,     Failed,   Receipts, AvgBarcode, 
             Overall,     593220,          0,          0,     563709,      59.47, 
         Response times:
             Request,    Success,    Partial,     Failed,   SkipFail,     Probes,    Samples,      min,      p50,      p90,      p95,      p99,      max, 
       TotalPurchase,     564346,          0,          0,          0,     358324,     398322,      300,     6600,    37000,    75000,   179000,  1700000,
     InStorePurchase,     296752,          0,          0,          0,     188828,     209758,      300,     6500,    36000,    74000,   205000,  1700000,
      OnlinePurchase,     207663,          0,          0,          0,     132118,     146912,      300,     6700,    38000,    78000,   167000,  1700000,
        InstPurchase,      59931,          0,          0,          0,      37378,      41652,      400,     6700,    36000,    75000,   173000,  1600000,
          AssocOfCat,        591,          0,          0,          0,        491,        639,    31000,    53000,    89000,   136000,   277800,   337000,
      AssocOfProduct,       5943,          0,          0,          0,       4404,       5166,      400,     6800,    33000,    74650,   209980,  1600000,
      BusinessReport,       1477,          0,          0,          0,       1343,       1634,    26000,    55000,   105000,   142000,   248150,   439000,
          CustBuyBeh,       5924,          0,          0,          0,       4361,       5089,      300,     6300,    32000,    76000,   218000,   275000,
       ProductReturn,      15682,          0,          0,          0,       9122,      10438,      200,     6100,    37000,    76000,   183830,   521000,

  5862s: (72%)   IR =   9963 [5863.424s][info][gc,marking     ] GC(875) Concurrent Rebuild Remembered Sets and Scrub Regions 933.058ms
[5863.424s][info][gc,start       ] GC(875) Pause Cleanup
[5863.424s][info][gc             ] GC(875) Pause Cleanup 5272M->5272M(8192M) 0.271ms
[5863.425s][info][gc,cpu         ] GC(875) User=0.00s Sys=0.00s Real=0.00s
[5863.425s][info][gc,marking     ] GC(875) Concurrent Clear Claimed Marks
[5863.425s][info][gc,marking     ] GC(875) Concurrent Clear Claimed Marks 0.050ms
[5863.425s][info][gc,marking     ] GC(875) Concurrent Cleanup for Next Mark
[5863.435s][info][gc,marking     ] GC(875) Concurrent Cleanup for Next Mark 10.437ms
[5863.435s][info][gc             ] GC(875) Concurrent Mark Cycle 2260.960ms
.[5864.680s][info][gc,start       ] GC(876) Pause Young (Prepare Mixed) (G1 Evacuation Pause)
[5864.680s][info][gc,task        ] GC(876) Using 8 workers of 8 for evacuation
[5864.831s][info][gc,phases      ] GC(876)   Pre Evacuate Collection Set: 0.23ms
[5864.831s][info][gc,phases      ] GC(876)   Merge Heap Roots: 0.69ms
[5864.831s][info][gc,phases      ] GC(876)   Evacuate Collection Set: 148.96ms
[5864.831s][info][gc,phases      ] GC(876)   Post Evacuate Collection Set: 1.07ms
[5864.831s][info][gc,phases      ] GC(876)   Other: 0.07ms
[5864.831s][info][gc,heap        ] GC(876) Eden regions: 536->0(571)
[5864.831s][info][gc,heap        ] GC(876) Survivor regions: 44->43(73)
[5864.831s][info][gc,heap        ] GC(876) Old regions: 237->245
[5864.831s][info][gc,heap        ] GC(876) Humongous regions: 33->33
[5864.831s][info][gc,metaspace   ] GC(876) Metaspace: 30013K(30144K)->30013K(30144K) NonClass: 30013K(30144K)->30013K(30144K) Class: 0K(0K)->0K(0K)
[5864.831s][info][gc             ] GC(876) Pause Young (Prepare Mixed) (G1 Evacuation Pause) 6787M->2549M(8192M) 151.149ms
[5864.831s][info][gc,cpu         ] GC(876) User=1.20s Sys=0.00s Real=0.15s
....[5868.624s][info][gc,start       ] GC(877) Pause Young (Mixed) (G1 Evacuation Pause)
[5868.624s][info][gc,task        ] GC(877) Using 8 workers of 8 for evacuation
[5868.786s][info][gc,phases      ] GC(877)   Pre Evacuate Collection Set: 0.28ms
[5868.787s][info][gc,phases      ] GC(877)   Merge Heap Roots: 0.84ms
[5868.787s][info][gc,phases      ] GC(877)   Evacuate Collection Set: 160.43ms
[5868.787s][info][gc,phases      ] GC(877)   Post Evacuate Collection Set: 1.27ms
[5868.787s][info][gc,phases      ] GC(877)   Other: 0.08ms
[5868.787s][info][gc,heap        ] GC(877) Eden regions: 571->0(571)
[5868.787s][info][gc,heap        ] GC(877) Survivor regions: 43->43(77)
[5868.787s][info][gc,heap        ] GC(877) Old regions: 245->151
[5868.787s][info][gc,heap        ] GC(877) Humongous regions: 33->33
[5868.787s][info][gc,metaspace   ] GC(877) Metaspace: 30013K(30144K)->30013K(30144K) NonClass: 30013K(30144K)->30013K(30144K) Class: 0K(0K)->0K(0K)
[5868.787s][info][gc             ] GC(877) Pause Young (Mixed) (G1 Evacuation Pause) 7117M->1798M(8192M) 163.032ms
[5868.787s][info][gc,cpu         ] GC(877) User=1.29s Sys=0.00s Real=0.16s
.|...[5872.475s][info][gc,start       ] GC(878) Pause Young (Mixed) (G1 Evacuation Pause)
[5872.475s][info][gc,task        ] GC(878) Using 8 workers of 8 for evacuation
[5872.638s][info][gc,phases      ] GC(878)   Pre Evacuate Collection Set: 0.24ms
[5872.638s][info][gc,phases      ] GC(878)   Merge Heap Roots: 0.67ms
[5872.638s][info][gc,phases      ] GC(878)   Evacuate Collection Set: 161.05ms
[5872.638s][info][gc,phases      ] GC(878)   Post Evacuate Collection Set: 1.10ms
[5872.638s][info][gc,phases      ] GC(878)   Other: 0.07ms
[5872.638s][info][gc,heap        ] GC(878) Eden regions: 571->0(570)
[5872.638s][info][gc,heap        ] GC(878) Survivor regions: 43->44(77)
[5872.638s][info][gc,heap        ] GC(878) Old regions: 151->143
[5872.638s][info][gc,heap        ] GC(878) Humongous regions: 33->33
[5872.638s][info][gc,metaspace   ] GC(878) Metaspace: 30013K(30144K)->30013K(30144K) NonClass: 30013K(30144K)->30013K(30144K) Class: 0K(0K)->0K(0K)
[5872.638s][info][gc             ] GC(878) Pause Young (Mixed) (G1 Evacuation Pause) 6366M->1743M(8192M) 163.251ms
[5872.638s][info][gc,cpu         ] GC(878) User=1.29s Sys=0.00s Real=0.16s
....[5876.392s][info][gc,start       ] GC(879) Pause Young (Normal) (G1 Evacuation Pause)
[5876.392s][info][gc,task        ] GC(879) Using 8 workers of 8 for evacuation
[5876.544s][info][gc,phases      ] GC(879)   Pre Evacuate Collection Set: 0.23ms
[5876.544s][info][gc,phases      ] GC(879)   Merge Heap Roots: 0.57ms
[5876.544s][info][gc,phases      ] GC(879)   Evacuate Collection Set: 149.59ms
[5876.544s][info][gc,phases      ] GC(879)   Post Evacuate Collection Set: 1.02ms
[5876.544s][info][gc,phases      ] GC(879)   Other: 0.06ms
[5876.544s][info][gc,heap        ] GC(879) Eden regions: 570->0(571)
[5876.544s][info][gc,heap        ] GC(879) Survivor regions: 44->43(77)
[5876.544s][info][gc,heap        ] GC(879) Old regions: 143->150
[5876.544s][info][gc,heap        ] GC(879) Humongous regions: 33->33
[5876.544s][info][gc,metaspace   ] GC(879) Metaspace: 30013K(30144K)->30013K(30144K) NonClass: 30013K(30144K)->30013K(30144K) Class: 0K(0K)->0K(0K)
[5876.544s][info][gc             ] GC(879) Pause Young (Normal) (G1 Evacuation Pause) 6303M->1792M(8192M) 151.614ms
[5876.544s][info][gc,cpu         ] GC(879) User=1.20s Sys=0.00s Real=0.15s
....[5880.301s][info][gc,start       ] GC(880) Pause Young (Normal) (G1 Evacuation Pause)
[5880.302s][info][gc,task        ] GC(880) Using 8 workers of 8 for evacuation
[5880.452s][info][gc,phases      ] GC(880)   Pre Evacuate Collection Set: 0.27ms
[5880.452s][info][gc,phases      ] GC(880)   Merge Heap Roots: 0.50ms
[5880.452s][info][gc,phases      ] GC(880)   Evacuate Collection Set: 148.60ms
[5880.452s][info][gc,phases      ] GC(880)   Post Evacuate Collection Set: 0.99ms
[5880.452s][info][gc,phases      ] GC(880)   Other: 0.06ms
[5880.452s][info][gc,heap        ] GC(880) Eden regions: 571->0(571)
[5880.452s][info][gc,heap        ] GC(880) Survivor regions: 43->43(77)
[5880.452s][info][gc,heap        ] GC(880) Old regions: 150->157
[5880.452s][info][gc,heap        ] GC(880) Humongous regions: 33->33
[5880.452s][info][gc,metaspace   ] GC(880) Metaspace: 30013K(30144K)->30013K(30144K) NonClass: 30013K(30144K)->30013K(30144K) Class: 0K(0K)->0K(0K)
[5880.452s][info][gc             ] GC(880) Pause Young (Normal) (G1 Evacuation Pause) 6360M->1849M(8192M) 150.537ms
[5880.452s][info][gc,cpu         ] GC(880) User=1.19s Sys=0.00s Real=0.15s
...[5884.054s][info][gc,start       ] GC(881) Pause Young (Normal) (G1 Evacuation Pause)
[5884.054s][info][gc,task        ] GC(881) Using 8 workers of 8 for evacuation
[5884.202s][info][gc,phases      ] GC(881)   Pre Evacuate Collection Set: 0.27ms
[5884.202s][info][gc,phases      ] GC(881)   Merge Heap Roots: 0.50ms
[5884.202s][info][gc,phases      ] GC(881)   Evacuate Collection Set: 146.05ms
[5884.202s][info][gc,phases      ] GC(881)   Post Evacuate Collection Set: 1.02ms
[5884.202s][info][gc,phases      ] GC(881)   Other: 0.08ms
[5884.202s][info][gc,heap        ] GC(881) Eden regions: 571->0(571)
[5884.202s][info][gc,heap        ] GC(881) Survivor regions: 43->43(77)
[5884.202s][info][gc,heap        ] GC(881) Old regions: 157->164
[5884.202s][info][gc,heap        ] GC(881) Humongous regions: 33->33
[5884.202s][info][gc,metaspace   ] GC(881) Metaspace: 30013K(30144K)->30013K(30144K) NonClass: 30013K(30144K)->30013K(30144K) Class: 0K(0K)->0K(0K)
[5884.202s][info][gc             ] GC(881) Pause Young (Normal) (G1 Evacuation Pause) 6417M->1902M(8192M) 148.046ms
[5884.202s][info][gc,cpu         ] GC(881) User=1.17s Sys=0.00s Real=0.15s
....[5887.861s][info][gc,start       ] GC(882) Pause Young (Normal) (G1 Evacuation Pause)
[5887.862s][info][gc,task        ] GC(882) Using 8 workers of 8 for evacuation
[5888.013s][info][gc,phases      ] GC(882)   Pre Evacuate Collection Set: 0.25ms
[5888.013s][info][gc,phases      ] GC(882)   Merge Heap Roots: 0.50ms
[5888.013s][info][gc,phases      ] GC(882)   Evacuate Collection Set: 150.00ms
[5888.013s][info][gc,phases      ] GC(882)   Post Evacuate Collection Set: 1.06ms
[5888.013s][info][gc,phases      ] GC(882)   Other: 0.06ms
[5888.013s][info][gc,heap        ] GC(882) Eden regions: 571->0(570)
[5888.013s][info][gc,heap        ] GC(882) Survivor regions: 43->44(77)
[5888.013s][info][gc,heap        ] GC(882) Old regions: 164->171
[5888.013s][info][gc,heap        ] GC(882) Humongous regions: 33->33
[5888.013s][info][gc,metaspace   ] GC(882) Metaspace: 30013K(30144K)->30013K(30144K) NonClass: 30013K(30144K)->30013K(30144K) Class: 0K(0K)->0K(0K)
[5888.013s][info][gc             ] GC(882) Pause Young (Normal) (G1 Evacuation Pause) 6470M->1967M(8192M) 152.003ms
[5888.014s][info][gc,cpu         ] GC(882) User=1.20s Sys=0.00s Real=0.15s
....[5891.669s][info][gc,start       ] GC(883) Pause Young (Normal) (G1 Evacuation Pause)
[5891.669s][info][gc,task        ] GC(883) Using 8 workers of 8 for evacuation
[5891.825s][info][gc,phases      ] GC(883)   Pre Evacuate Collection Set: 0.25ms
[5891.825s][info][gc,phases      ] GC(883)   Merge Heap Roots: 0.50ms
[5891.825s][info][gc,phases      ] GC(883)   Evacuate Collection Set: 154.32ms
[5891.825s][info][gc,phases      ] GC(883)   Post Evacuate Collection Set: 1.01ms
[5891.825s][info][gc,phases      ] GC(883)   Other: 0.06ms
[5891.825s][info][gc,heap        ] GC(883) Eden regions: 570->0(569)
[5891.825s][info][gc,heap        ] GC(883) Survivor regions: 44->45(77)
[5891.825s][info][gc,heap        ] GC(883) Old regions: 171->179
[5891.825s][info][gc,heap        ] GC(883) Humongous regions: 33->33
[5891.825s][info][gc,metaspace   ] GC(883) Metaspace: 30013K(30144K)->30013K(30144K) NonClass: 30013K(30144K)->30013K(30144K) Class: 0K(0K)->0K(0K)
[5891.825s][info][gc             ] GC(883) Pause Young (Normal) (G1 Evacuation Pause) 6527M->2037M(8192M) 156.288ms
[5891.825s][info][gc,cpu         ] GC(883) User=1.23s Sys=0.00s Real=0.16s
....[5895.401s][info][gc,start       ] GC(884) Pause Young (Normal) (G1 Evacuation Pause)
[5895.401s][info][gc,task        ] GC(884) Using 8 workers of 8 for evacuation
[5895.548s][info][gc,phases      ] GC(884)   Pre Evacuate Collection Set: 0.27ms
[5895.548s][info][gc,phases      ] GC(884)   Merge Heap Roots: 0.56ms
[5895.548s][info][gc,phases      ] GC(884)   Evacuate Collection Set: 145.57ms
[5895.548s][info][gc,phases      ] GC(884)   Post Evacuate Collection Set: 1.00ms
[5895.548s][info][gc,phases      ] GC(884)   Other: 0.06ms
[5895.548s][info][gc,heap        ] GC(884) Eden regions: 569->0(571)
[5895.548s][info][gc,heap        ] GC(884) Survivor regions: 45->43(77)
[5895.548s][info][gc,heap        ] GC(884) Old regions: 179->186
[5895.548s][info][gc,heap        ] GC(884) Humongous regions: 33->33
[5895.548s][info][gc,metaspace   ] GC(884) Metaspace: 30013K(30144K)->30013K(30144K) NonClass: 30013K(30144K)->30013K(30144K) Class: 0K(0K)->0K(0K)
[5895.548s][info][gc             ] GC(884) Pause Young (Normal) (G1 Evacuation Pause) 6589M->2073M(8192M) 147.640ms
[5895.548s][info][gc,cpu         ] GC(884) User=1.17s Sys=0.00s Real=0.14s
...[5899.207s][info][gc,start       ] GC(885) Pause Young (Normal) (G1 Evacuation Pause)
[5899.207s][info][gc,task        ] GC(885) Using 8 workers of 8 for evacuation
[5899.354s][info][gc,phases      ] GC(885)   Pre Evacuate Collection Set: 0.26ms
[5899.354s][info][gc,phases      ] GC(885)   Merge Heap Roots: 0.51ms
[5899.354s][info][gc,phases      ] GC(885)   Evacuate Collection Set: 144.83ms
[5899.354s][info][gc,phases      ] GC(885)   Post Evacuate Collection Set: 1.02ms
[5899.354s][info][gc,phases      ] GC(885)   Other: 0.07ms
[5899.354s][info][gc,heap        ] GC(885) Eden regions: 571->0(572)
[5899.354s][info][gc,heap        ] GC(885) Survivor regions: 43->42(77)
[5899.354s][info][gc,heap        ] GC(885) Old regions: 186->193
[5899.354s][info][gc,heap        ] GC(885) Humongous regions: 33->33
[5899.354s][info][gc,metaspace   ] GC(885) Metaspace: 30013K(30144K)->30013K(30144K) NonClass: 30013K(30144K)->30013K(30144K) Class: 0K(0K)->0K(0K)
[5899.354s][info][gc             ] GC(885) Pause Young (Normal) (G1 Evacuation Pause) 6641M->2127M(8192M) 146.847ms
[5899.354s][info][gc,cpu         ] GC(885) User=1.17s Sys=0.00s Real=0.15s
....[5903.091s][info][gc,start       ] GC(886) Pause Young (Normal) (G1 Evacuation Pause)
[5903.091s][info][gc,task        ] GC(886) Using 8 workers of 8 for evacuation
[5903.241s][info][gc,phases      ] GC(886)   Pre Evacuate Collection Set: 0.26ms
[5903.241s][info][gc,phases      ] GC(886)   Merge Heap Roots: 0.56ms
[5903.241s][info][gc,phases      ] GC(886)   Evacuate Collection Set: 148.14ms
[5903.241s][info][gc,phases      ] GC(886)   Post Evacuate Collection Set: 1.01ms
[5903.241s][info][gc,phases      ] GC(886)   Other: 0.06ms
[5903.241s][info][gc,heap        ] GC(886) Eden regions: 572->0(570)
[5903.241s][info][gc,heap        ] GC(886) Survivor regions: 42->44(77)
[5903.241s][info][gc,heap        ] GC(886) Old regions: 193->200
[5903.241s][info][gc,heap        ] GC(886) Humongous regions: 33->33
[5903.241s][info][gc,metaspace   ] GC(886) Metaspace: 30013K(30144K)->30013K(30144K) NonClass: 30013K(30144K)->30013K(30144K) Class: 0K(0K)->0K(0K)
[5903.241s][info][gc             ] GC(886) Pause Young (Normal) (G1 Evacuation Pause) 6703M->2201M(8192M) 150.163ms
[5903.241s][info][gc,cpu         ] GC(886) User=1.19s Sys=0.00s Real=0.15s
....[5906.915s][info][gc,start       ] GC(887) Pause Young (Normal) (G1 Evacuation Pause)
[5906.915s][info][gc,task        ] GC(887) Using 8 workers of 8 for evacuation
[5907.065s][info][gc,phases      ] GC(887)   Pre Evacuate Collection Set: 0.28ms
[5907.065s][info][gc,phases      ] GC(887)   Merge Heap Roots: 0.58ms
[5907.065s][info][gc,phases      ] GC(887)   Evacuate Collection Set: 148.08ms
[5907.065s][info][gc,phases      ] GC(887)   Post Evacuate Collection Set: 0.99ms
[5907.065s][info][gc,phases      ] GC(887)   Other: 0.06ms
[5907.065s][info][gc,heap        ] GC(887) Eden regions: 570->0(571)
[5907.065s][info][gc,heap        ] GC(887) Survivor regions: 44->43(77)
[5907.065s][info][gc,heap        ] GC(887) Old regions: 200->207
[5907.065s][info][gc,heap        ] GC(887) Humongous regions: 33->33
[5907.065s][info][gc,metaspace   ] GC(887) Metaspace: 30013K(30144K)->30013K(30144K) NonClass: 30013K(30144K)->30013K(30144K) Class: 0K(0K)->0K(0K)
[5907.065s][info][gc             ] GC(887) Pause Young (Normal) (G1 Evacuation Pause) 6761M->2245M(8192M) 150.129ms
[5907.065s][info][gc,cpu         ] GC(887) User=1.19s Sys=0.00s Real=0.15s
....[5910.802s][info][gc,start       ] GC(888) Pause Young (Normal) (G1 Evacuation Pause)
[5910.802s][info][gc,task        ] GC(888) Using 8 workers of 8 for evacuation
[5910.956s][info][gc,phases      ] GC(888)   Pre Evacuate Collection Set: 0.25ms
[5910.956s][info][gc,phases      ] GC(888)   Merge Heap Roots: 0.51ms
[5910.956s][info][gc,phases      ] GC(888)   Evacuate Collection Set: 151.59ms
[5910.956s][info][gc,phases      ] GC(888)   Post Evacuate Collection Set: 1.03ms
[5910.956s][info][gc,phases      ] GC(888)   Other: 0.06ms
[5910.956s][info][gc,heap        ] GC(888) Eden regions: 571->0(570)
[5910.956s][info][gc,heap        ] GC(888) Survivor regions: 43->44(77)
[5910.956s][info][gc,heap        ] GC(888) Old regions: 207->214
[5910.956s][info][gc,heap        ] GC(888) Humongous regions: 33->33
[5910.956s][info][gc,metaspace   ] GC(888) Metaspace: 30013K(30144K)->30013K(30144K) NonClass: 30013K(30144K)->30013K(30144K) Class: 0K(0K)->0K(0K)
[5910.956s][info][gc             ] GC(888) Pause Young (Normal) (G1 Evacuation Pause) 6813M->2313M(8192M) 153.563ms
[5910.956s][info][gc,cpu         ] GC(888) User=1.21s Sys=0.00s Real=0.15s
....[5914.622s][info][gc,start       ] GC(889) Pause Young (Normal) (G1 Evacuation Pause)
[5914.622s][info][gc,task        ] GC(889) Using 8 workers of 8 for evacuation
[5914.774s][info][gc,phases      ] GC(889)   Pre Evacuate Collection Set: 0.28ms
[5914.774s][info][gc,phases      ] GC(889)   Merge Heap Roots: 0.59ms
[5914.774s][info][gc,phases      ] GC(889)   Evacuate Collection Set: 149.53ms
[5914.774s][info][gc,phases      ] GC(889)   Post Evacuate Collection Set: 1.02ms
[5914.774s][info][gc,phases      ] GC(889)   Other: 0.06ms
[5914.774s][info][gc,heap        ] GC(889) Eden regions: 570->0(569)
[5914.774s][info][gc,heap        ] GC(889) Survivor regions: 44->45(77)
[5914.774s][info][gc,heap        ] GC(889) Old regions: 214->221
[5914.774s][info][gc,heap        ] GC(889) Humongous regions: 33->33
[5914.774s][info][gc,metaspace   ] GC(889) Metaspace: 30013K(30144K)->30013K(30144K) NonClass: 30013K(30144K)->30013K(30144K) Class: 0K(0K)->0K(0K)
[5914.774s][info][gc             ] GC(889) Pause Young (Normal) (G1 Evacuation Pause) 6873M->2374M(8192M) 151.627ms
[5914.774s][info][gc,cpu         ] GC(889) User=1.20s Sys=0.00s Real=0.15s
....[5918.491s][info][gc,start       ] GC(890) Pause Young (Normal) (G1 Evacuation Pause)
[5918.491s][info][gc,task        ] GC(890) Using 8 workers of 8 for evacuation
[5918.642s][info][gc,phases      ] GC(890)   Pre Evacuate Collection Set: 0.24ms
[5918.642s][info][gc,phases      ] GC(890)   Merge Heap Roots: 0.53ms
[5918.642s][info][gc,phases      ] GC(890)   Evacuate Collection Set: 149.88ms
[5918.642s][info][gc,phases      ] GC(890)   Post Evacuate Collection Set: 1.02ms
[5918.642s][info][gc,phases      ] GC(890)   Other: 0.06ms
[5918.642s][info][gc,heap        ] GC(890) Eden regions: 569->0(570)
[5918.642s][info][gc,heap        ] GC(890) Survivor regions: 45->44(77)
[5918.642s][info][gc,heap        ] GC(890) Old regions: 221->229
[5918.642s][info][gc,heap        ] GC(890) Humongous regions: 33->33
[5918.642s][info][gc,metaspace   ] GC(890) Metaspace: 30013K(30144K)->30013K(30144K) NonClass: 30013K(30144K)->30013K(30144K) Class: 0K(0K)->0K(0K)
[5918.642s][info][gc             ] GC(890) Pause Young (Normal) (G1 Evacuation Pause) 6926M->2429M(8192M) 151.879ms
[5918.642s][info][gc,cpu         ] GC(890) User=1.20s Sys=0.00s Real=0.15s
...[5922.311s][info][gc,start       ] GC(891) Pause Young (Normal) (G1 Evacuation Pause)
[5922.311s][info][gc,task        ] GC(891) Using 8 workers of 8 for evacuation
[5922.460s][info][gc,phases      ] GC(891)   Pre Evacuate Collection Set: 0.24ms
[5922.460s][info][gc,phases      ] GC(891)   Merge Heap Roots: 0.51ms
[5922.460s][info][gc,phases      ] GC(891)   Evacuate Collection Set: 147.20ms
[5922.460s][info][gc,phases      ] GC(891)   Post Evacuate Collection Set: 1.00ms
[5922.460s][info][gc,phases      ] GC(891)   Other: 0.06ms
[5922.460s][info][gc,heap        ] GC(891) Eden regions: 570->0(571)
[5922.460s][info][gc,heap        ] GC(891) Survivor regions: 44->43(77)
[5922.460s][info][gc,heap        ] GC(891) Old regions: 229->236
[5922.460s][info][gc,heap        ] GC(891) Humongous regions: 33->33
[5922.460s][info][gc,metaspace   ] GC(891) Metaspace: 30013K(30144K)->30013K(30144K) NonClass: 30013K(30144K)->30013K(30144K) Class: 0K(0K)->0K(0K)
[5922.460s][info][gc             ] GC(891) Pause Young (Normal) (G1 Evacuation Pause) 6989M->2477M(8192M) 149.143ms
[5922.460s][info][gc,cpu         ] GC(891) User=1.18s Sys=0.00s Real=0.15s
....[5926.176s][info][gc,start       ] GC(892) Pause Young (Normal) (G1 Evacuation Pause)
[5926.176s][info][gc,task        ] GC(892) Using 8 workers of 8 for evacuation
[5926.327s][info][gc,phases      ] GC(892)   Pre Evacuate Collection Set: 0.23ms
[5926.327s][info][gc,phases      ] GC(892)   Merge Heap Roots: 0.51ms
[5926.327s][info][gc,phases      ] GC(892)   Evacuate Collection Set: 149.09ms
[5926.327s][info][gc,phases      ] GC(892)   Post Evacuate Collection Set: 1.02ms
[5926.327s][info][gc,phases      ] GC(892)   Other: 0.06ms
[5926.327s][info][gc,heap        ] GC(892) Eden regions: 571->0(570)
[5926.327s][info][gc,heap        ] GC(892) Survivor regions: 43->44(77)
[5926.327s][info][gc,heap        ] GC(892) Old regions: 236->242
[5926.327s][info][gc,heap        ] GC(892) Humongous regions: 33->33
[5926.327s][info][gc,metaspace   ] GC(892) Metaspace: 30013K(30144K)->30013K(30144K) NonClass: 30013K(30144K)->30013K(30144K) Class: 0K(0K)->0K(0K)
[5926.327s][info][gc             ] GC(892) Pause Young (Normal) (G1 Evacuation Pause) 7045M->2535M(8192M) 151.036ms
[5926.327s][info][gc,cpu         ] GC(892) User=1.20s Sys=0.00s Real=0.15s
.... (rIR:aIR:PR = 9963:10030:10032) (tPR = 151310) [OK] 
  5929s: Performance info:
         Transaction,    Success,    Partial,     Failed,   Receipts, AvgBarcode, 
             Overall,     605003,          0,          0,     575192,      59.48, 
         Response times:
             Request,    Success,    Partial,     Failed,   SkipFail,     Probes,    Samples,      min,      p50,      p90,      p95,      p99,      max, 
       TotalPurchase,     575148,          0,          0,          0,     359849,     398919,      300,     6600,    26000,    68000,   131000,   660000,
     InStorePurchase,     298961,          0,          0,          0,     189278,     209252,      300,     6600,    27000,    67000,   132000,   660000,
      OnlinePurchase,     215496,          0,          0,          0,     132111,     146769,      300,     6600,    25000,    70000,   131000,   660000,
        InstPurchase,      60691,          0,          0,          0,      38460,      42898,      400,     6700,    24000,    68000,   130010,   660000,
          AssocOfCat,        599,          0,          0,          0,        497,        648,    31000,    52000,    81100,   111000,   204550,   407000,
      AssocOfProduct,       5942,          0,          0,          0,       4543,       5254,      800,     7600,    29000,    78250,   138000,   260000,
      BusinessReport,       1508,          0,          0,          0,       1341,       1612,    33000,    57000,   103700,   162350,   218740,   350000,
          CustBuyBeh,       6027,          0,          0,          0,       4497,       5183,      400,     6300,    27600,    72000,   130160,   503000,
       ProductReturn,      15673,          0,          0,          0,       9400,      10688,      200,     6200,    25000,    67000,   129110,   650000,

  5929s: (73%)   IR =  10101 [5929.943s][info][gc,start       ] GC(893) Pause Young (Normal) (G1 Evacuation Pause)
[5929.943s][info][gc,task        ] GC(893) Using 8 workers of 8 for evacuation
[5930.095s][info][gc,phases      ] GC(893)   Pre Evacuate Collection Set: 0.24ms
[5930.095s][info][gc,phases      ] GC(893)   Merge Heap Roots: 0.51ms
[5930.095s][info][gc,phases      ] GC(893)   Evacuate Collection Set: 149.76ms
[5930.095s][info][gc,phases      ] GC(893)   Post Evacuate Collection Set: 1.09ms
[5930.095s][info][gc,phases      ] GC(893)   Other: 0.06ms
[5930.095s][info][gc,heap        ] GC(893) Eden regions: 570->0(570)
[5930.095s][info][gc,heap        ] GC(893) Survivor regions: 44->44(77)
[5930.095s][info][gc,heap        ] GC(893) Old regions: 242->250
[5930.095s][info][gc,heap        ] GC(893) Humongous regions: 33->33
[5930.095s][info][gc,metaspace   ] GC(893) Metaspace: 30013K(30144K)->30013K(30144K) NonClass: 30013K(30144K)->30013K(30144K) Class: 0K(0K)->0K(0K)
[5930.095s][info][gc             ] GC(893) Pause Young (Normal) (G1 Evacuation Pause) 7095M->2597M(8192M) 151.788ms
[5930.095s][info][gc,cpu         ] GC(893) User=1.20s Sys=0.00s Real=0.15s
....[5933.675s][info][gc,start       ] GC(894) Pause Young (Normal) (G1 Evacuation Pause)
[5933.675s][info][gc,task        ] GC(894) Using 8 workers of 8 for evacuation
[5933.826s][info][gc,phases      ] GC(894)   Pre Evacuate Collection Set: 0.24ms
[5933.826s][info][gc,phases      ] GC(894)   Merge Heap Roots: 0.51ms
[5933.826s][info][gc,phases      ] GC(894)   Evacuate Collection Set: 148.34ms
[5933.826s][info][gc,phases      ] GC(894)   Post Evacuate Collection Set: 1.08ms
[5933.826s][info][gc,phases      ] GC(894)   Other: 0.06ms
[5933.826s][info][gc,heap        ] GC(894) Eden regions: 570->0(571)
[5933.826s][info][gc,heap        ] GC(894) Survivor regions: 44->43(77)
[5933.826s][info][gc,heap        ] GC(894) Old regions: 250->257
[5933.826s][info][gc,heap        ] GC(894) Humongous regions: 33->33
[5933.826s][info][gc,metaspace   ] GC(894) Metaspace: 30013K(30144K)->30013K(30144K) NonClass: 30013K(30144K)->30013K(30144K) Class: 0K(0K)->0K(0K)
[5933.826s][info][gc             ] GC(894) Pause Young (Normal) (G1 Evacuation Pause) 7157M->2643M(8192M) 150.363ms
[5933.826s][info][gc,cpu         ] GC(894) User=1.19s Sys=0.01s Real=0.15s
....[5937.606s][info][gc,start       ] GC(895) Pause Young (Normal) (G1 Evacuation Pause)
[5937.606s][info][gc,task        ] GC(895) Using 8 workers of 8 for evacuation
[5937.756s][info][gc,phases      ] GC(895)   Pre Evacuate Collection Set: 0.23ms
[5937.756s][info][gc,phases      ] GC(895)   Merge Heap Roots: 0.51ms
[5937.756s][info][gc,phases      ] GC(895)   Evacuate Collection Set: 147.65ms
[5937.756s][info][gc,phases      ] GC(895)   Post Evacuate Collection Set: 1.01ms
[5937.756s][info][gc,phases      ] GC(895)   Other: 0.06ms
[5937.756s][info][gc,heap        ] GC(895) Eden regions: 571->0(571)
[5937.756s][info][gc,heap        ] GC(895) Survivor regions: 43->43(77)
[5937.756s][info][gc,heap        ] GC(895) Old regions: 257->264
[5937.756s][info][gc,heap        ] GC(895) Humongous regions: 33->33
[5937.756s][info][gc,metaspace   ] GC(895) Metaspace: 30013K(30144K)->30013K(30144K) NonClass: 30013K(30144K)->30013K(30144K) Class: 0K(0K)->0K(0K)
[5937.756s][info][gc             ] GC(895) Pause Young (Normal) (G1 Evacuation Pause) 7211M->2705M(8192M) 149.593ms
[5937.756s][info][gc,cpu         ] GC(895) User=1.18s Sys=0.00s Real=0.15s
...[5941.432s][info][gc,start       ] GC(896) Pause Young (Normal) (G1 Evacuation Pause)
[5941.432s][info][gc,task        ] GC(896) Using 8 workers of 8 for evacuation
[5941.581s][info][gc,phases      ] GC(896)   Pre Evacuate Collection Set: 0.26ms
[5941.581s][info][gc,phases      ] GC(896)   Merge Heap Roots: 0.53ms
[5941.581s][info][gc,phases      ] GC(896)   Evacuate Collection Set: 147.10ms
[5941.581s][info][gc,phases      ] GC(896)   Post Evacuate Collection Set: 1.03ms
[5941.581s][info][gc,phases      ] GC(896)   Other: 0.06ms
[5941.581s][info][gc,heap        ] GC(896) Eden regions: 571->0(571)
[5941.581s][info][gc,heap        ] GC(896) Survivor regions: 43->43(77)
[5941.581s][info][gc,heap        ] GC(896) Old regions: 264->271
[5941.581s][info][gc,heap        ] GC(896) Humongous regions: 33->33
[5941.581s][info][gc,metaspace   ] GC(896) Metaspace: 30013K(30144K)->30013K(30144K) NonClass: 30013K(30144K)->30013K(30144K) Class: 0K(0K)->0K(0K)
[5941.581s][info][gc             ] GC(896) Pause Young (Normal) (G1 Evacuation Pause) 7273M->2759M(8192M) 149.101ms
[5941.581s][info][gc,cpu         ] GC(896) User=1.19s Sys=0.00s Real=0.15s
....[5945.211s][info][gc,start       ] GC(897) Pause Young (Normal) (G1 Evacuation Pause)
[5945.211s][info][gc,task        ] GC(897) Using 8 workers of 8 for evacuation
[5945.365s][info][gc,phases      ] GC(897)   Pre Evacuate Collection Set: 0.22ms
[5945.365s][info][gc,phases      ] GC(897)   Merge Heap Roots: 0.51ms
[5945.365s][info][gc,phases      ] GC(897)   Evacuate Collection Set: 152.13ms
[5945.365s][info][gc,phases      ] GC(897)   Post Evacuate Collection Set: 1.02ms
[5945.365s][info][gc,phases      ] GC(897)   Other: 0.06ms
[5945.365s][info][gc,heap        ] GC(897) Eden regions: 571->0(570)
[5945.365s][info][gc,heap        ] GC(897) Survivor regions: 43->44(77)
[5945.365s][info][gc,heap        ] GC(897) Old regions: 271->278
[5945.365s][info][gc,heap        ] GC(897) Humongous regions: 33->33
[5945.365s][info][gc,metaspace   ] GC(897) Metaspace: 30013K(30144K)->30013K(30144K) NonClass: 30013K(30144K)->30013K(30144K) Class: 0K(0K)->0K(0K)
[5945.366s][info][gc             ] GC(897) Pause Young (Normal) (G1 Evacuation Pause) 7327M->2822M(8192M) 154.086ms
[5945.366s][info][gc,cpu         ] GC(897) User=1.23s Sys=0.00s Real=0.15s
....|[5948.966s][info][gc,start       ] GC(898) Pause Young (Normal) (G1 Evacuation Pause)
[5948.966s][info][gc,task        ] GC(898) Using 8 workers of 8 for evacuation
[5949.120s][info][gc,phases      ] GC(898)   Pre Evacuate Collection Set: 0.25ms
[5949.120s][info][gc,phases      ] GC(898)   Merge Heap Roots: 0.52ms
[5949.120s][info][gc,phases      ] GC(898)   Evacuate Collection Set: 151.54ms
[5949.120s][info][gc,phases      ] GC(898)   Post Evacuate Collection Set: 1.03ms
[5949.120s][info][gc,phases      ] GC(898)   Other: 0.07ms
[5949.120s][info][gc,heap        ] GC(898) Eden regions: 570->0(566)
[5949.120s][info][gc,heap        ] GC(898) Survivor regions: 44->44(77)
[5949.120s][info][gc,heap        ] GC(898) Old regions: 278->285
[5949.120s][info][gc,heap        ] GC(898) Humongous regions: 33->33
[5949.120s][info][gc,metaspace   ] GC(898) Metaspace: 30013K(30144K)->30013K(30144K) NonClass: 30013K(30144K)->30013K(30144K) Class: 0K(0K)->0K(0K)
[5949.120s][info][gc             ] GC(898) Pause Young (Normal) (G1 Evacuation Pause) 7382M->2883M(8192M) 153.549ms
[5949.120s][info][gc,cpu         ] GC(898) User=1.21s Sys=0.00s Real=0.15s
....[5952.686s][info][gc,start       ] GC(899) Pause Young (Normal) (G1 Evacuation Pause)
[5952.686s][info][gc,task        ] GC(899) Using 8 workers of 8 for evacuation
[5952.837s][info][gc,phases      ] GC(899)   Pre Evacuate Collection Set: 0.23ms
[5952.837s][info][gc,phases      ] GC(899)   Merge Heap Roots: 0.53ms
[5952.837s][info][gc,phases      ] GC(899)   Evacuate Collection Set: 149.41ms
[5952.837s][info][gc,phases      ] GC(899)   Post Evacuate Collection Set: 1.02ms
[5952.837s][info][gc,phases      ] GC(899)   Other: 0.06ms
[5952.837s][info][gc,heap        ] GC(899) Eden regions: 566->0(560)
[5952.837s][info][gc,heap        ] GC(899) Survivor regions: 44->43(77)
[5952.837s][info][gc,heap        ] GC(899) Old regions: 285->293
[5952.837s][info][gc,heap        ] GC(899) Humongous regions: 33->33
[5952.837s][info][gc,metaspace   ] GC(899) Metaspace: 30013K(30144K)->30013K(30144K) NonClass: 30013K(30144K)->30013K(30144K) Class: 0K(0K)->0K(0K)
[5952.837s][info][gc             ] GC(899) Pause Young (Normal) (G1 Evacuation Pause) 7411M->2929M(8192M) 151.381ms
[5952.837s][info][gc,cpu         ] GC(899) User=1.19s Sys=0.00s Real=0.15s
...[5956.375s][info][gc,start       ] GC(900) Pause Young (Normal) (G1 Evacuation Pause)
[5956.375s][info][gc,task        ] GC(900) Using 8 workers of 8 for evacuation
[5956.525s][info][gc,phases      ] GC(900)   Pre Evacuate Collection Set: 0.26ms
[5956.525s][info][gc,phases      ] GC(900)   Merge Heap Roots: 0.51ms
[5956.525s][info][gc,phases      ] GC(900)   Evacuate Collection Set: 148.42ms
[5956.525s][info][gc,phases      ] GC(900)   Post Evacuate Collection Set: 1.01ms
[5956.525s][info][gc,phases      ] GC(900)   Other: 0.06ms
[5956.525s][info][gc,heap        ] GC(900) Eden regions: 560->0(551)
[5956.525s][info][gc,heap        ] GC(900) Survivor regions: 43->44(76)
[5956.525s][info][gc,heap        ] GC(900) Old regions: 293->300
[5956.525s][info][gc,heap        ] GC(900) Humongous regions: 33->33
[5956.525s][info][gc,metaspace   ] GC(900) Metaspace: 30013K(30144K)->30013K(30144K) NonClass: 30013K(30144K)->30013K(30144K) Class: 0K(0K)->0K(0K)
[5956.525s][info][gc             ] GC(900) Pause Young (Normal) (G1 Evacuation Pause) 7409M->2998M(8192M) 150.384ms
[5956.525s][info][gc,cpu         ] GC(900) User=1.19s Sys=0.00s Real=0.15s
....[5960.082s][info][gc,start       ] GC(901) Pause Young (Normal) (G1 Evacuation Pause)
[5960.082s][info][gc,task        ] GC(901) Using 8 workers of 8 for evacuation
[5960.230s][info][gc,phases      ] GC(901)   Pre Evacuate Collection Set: 0.23ms
[5960.230s][info][gc,phases      ] GC(901)   Merge Heap Roots: 0.50ms
[5960.230s][info][gc,phases      ] GC(901)   Evacuate Collection Set: 146.61ms
[5960.230s][info][gc,phases      ] GC(901)   Post Evacuate Collection Set: 0.99ms
[5960.230s][info][gc,phases      ] GC(901)   Other: 0.06ms
[5960.230s][info][gc,heap        ] GC(901) Eden regions: 551->0(545)
[5960.230s][info][gc,heap        ] GC(901) Survivor regions: 44->43(75)
[5960.230s][info][gc,heap        ] GC(901) Old regions: 300->308
[5960.230s][info][gc,heap        ] GC(901) Humongous regions: 33->33
[5960.230s][info][gc,metaspace   ] GC(901) Metaspace: 30013K(30144K)->30013K(30144K) NonClass: 30013K(30144K)->30013K(30144K) Class: 0K(0K)->0K(0K)
[5960.230s][info][gc             ] GC(901) Pause Young (Normal) (G1 Evacuation Pause) 7406M->3053M(8192M) 148.519ms
[5960.230s][info][gc,cpu         ] GC(901) User=1.18s Sys=0.00s Real=0.15s
....[5963.737s][info][gc,start       ] GC(902) Pause Young (Concurrent Start) (G1 Evacuation Pause)
[5963.737s][info][gc,task        ] GC(902) Using 8 workers of 8 for evacuation
[5963.892s][info][gc,phases      ] GC(902)   Pre Evacuate Collection Set: 0.31ms
[5963.892s][info][gc,phases      ] GC(902)   Merge Heap Roots: 0.52ms
[5963.892s][info][gc,phases      ] GC(902)   Evacuate Collection Set: 153.02ms
[5963.892s][info][gc,phases      ] GC(902)   Post Evacuate Collection Set: 0.96ms
[5963.892s][info][gc,phases      ] GC(902)   Other: 0.08ms
[5963.892s][info][gc,heap        ] GC(902) Eden regions: 545->0(536)
[5963.892s][info][gc,heap        ] GC(902) Survivor regions: 43->44(74)
[5963.892s][info][gc,heap        ] GC(902) Old regions: 308->315
[5963.892s][info][gc,heap        ] GC(902) Humongous regions: 33->33
[5963.892s][info][gc,metaspace   ] GC(902) Metaspace: 30013K(30144K)->30013K(30144K) NonClass: 30013K(30144K)->30013K(30144K) Class: 0K(0K)->0K(0K)
[5963.892s][info][gc             ] GC(902) Pause Young (Concurrent Start) (G1 Evacuation Pause) 7413M->3115M(8192M) 155.024ms
[5963.892s][info][gc             ] GC(903) Concurrent Mark Cycle
[5963.892s][info][gc,marking     ] GC(903) Concurrent Scan Root Regions
[5963.892s][info][gc,cpu         ] GC(902) User=1.22s Sys=0.00s Real=0.16s
[5964.230s][info][gc,marking     ] GC(903) Concurrent Scan Root Regions 338.507ms
[5964.230s][info][gc,marking     ] GC(903) Concurrent Mark
[5964.230s][info][gc,marking     ] GC(903) Concurrent Mark From Roots
[5964.230s][info][gc,task        ] GC(903) Using 2 workers of 2 for marking
.[5965.242s][info][gc,marking     ] GC(903) Concurrent Mark From Roots 1012.048ms
[5965.242s][info][gc,marking     ] GC(903) Concurrent Preclean
[5965.242s][info][gc,marking     ] GC(903) Concurrent Preclean 0.156ms
[5965.243s][info][gc,start       ] GC(903) Pause Remark
[5965.245s][info][gc             ] GC(903) Pause Remark 4667M->4043M(8192M) 2.559ms
[5965.245s][info][gc,cpu         ] GC(903) User=0.02s Sys=0.00s Real=0.00s
[5965.245s][info][gc,marking     ] GC(903) Concurrent Mark 1015.074ms
[5965.245s][info][gc,marking     ] GC(903) Concurrent Rebuild Remembered Sets and Scrub Regions
.[5966.143s][info][gc,marking     ] GC(903) Concurrent Rebuild Remembered Sets and Scrub Regions 897.336ms
[5966.143s][info][gc,start       ] GC(903) Pause Cleanup
[5966.143s][info][gc             ] GC(903) Pause Cleanup 5212M->5212M(8192M) 0.252ms
[5966.143s][info][gc,cpu         ] GC(903) User=0.00s Sys=0.00s Real=0.00s
[5966.143s][info][gc,marking     ] GC(903) Concurrent Clear Claimed Marks
[5966.143s][info][gc,marking     ] GC(903) Concurrent Clear Claimed Marks 0.045ms
[5966.143s][info][gc,marking     ] GC(903) Concurrent Cleanup for Next Mark
[5966.153s][info][gc,marking     ] GC(903) Concurrent Cleanup for Next Mark 10.084ms
[5966.153s][info][gc             ] GC(903) Concurrent Mark Cycle 2261.726ms
.[5967.356s][info][gc,start       ] GC(904) Pause Young (Prepare Mixed) (G1 Evacuation Pause)
[5967.356s][info][gc,task        ] GC(904) Using 8 workers of 8 for evacuation
[5967.509s][info][gc,phases      ] GC(904)   Pre Evacuate Collection Set: 0.23ms
[5967.509s][info][gc,phases      ] GC(904)   Merge Heap Roots: 0.70ms
[5967.509s][info][gc,phases      ] GC(904)   Evacuate Collection Set: 150.35ms
[5967.509s][info][gc,phases      ] GC(904)   Post Evacuate Collection Set: 1.08ms
[5967.509s][info][gc,phases      ] GC(904)   Other: 0.07ms
[5967.509s][info][gc,heap        ] GC(904) Eden regions: 536->0(571)
[5967.509s][info][gc,heap        ] GC(904) Survivor regions: 44->43(73)
[5967.509s][info][gc,heap        ] GC(904) Old regions: 237->244
[5967.509s][info][gc,heap        ] GC(904) Humongous regions: 33->33
[5967.509s][info][gc,metaspace   ] GC(904) Metaspace: 30013K(30144K)->30013K(30144K) NonClass: 30013K(30144K)->30013K(30144K) Class: 0K(0K)->0K(0K)
[5967.509s][info][gc             ] GC(904) Pause Young (Prepare Mixed) (G1 Evacuation Pause) 6779M->2547M(8192M) 152.568ms
[5967.509s][info][gc,cpu         ] GC(904) User=1.20s Sys=0.00s Real=0.15s
....[5971.311s][info][gc,start       ] GC(905) Pause Young (Mixed) (G1 Evacuation Pause)
[5971.311s][info][gc,task        ] GC(905) Using 8 workers of 8 for evacuation
[5971.470s][info][gc,phases      ] GC(905)   Pre Evacuate Collection Set: 0.27ms
[5971.470s][info][gc,phases      ] GC(905)   Merge Heap Roots: 0.76ms
[5971.470s][info][gc,phases      ] GC(905)   Evacuate Collection Set: 156.88ms
[5971.470s][info][gc,phases      ] GC(905)   Post Evacuate Collection Set: 1.21ms
[5971.470s][info][gc,phases      ] GC(905)   Other: 0.07ms
[5971.470s][info][gc,heap        ] GC(905) Eden regions: 571->0(572)
[5971.470s][info][gc,heap        ] GC(905) Survivor regions: 43->42(77)
[5971.470s][info][gc,heap        ] GC(905) Old regions: 244->150
[5971.470s][info][gc,heap        ] GC(905) Humongous regions: 33->33
[5971.470s][info][gc,metaspace   ] GC(905) Metaspace: 30013K(30144K)->30013K(30144K) NonClass: 30013K(30144K)->30013K(30144K) Class: 0K(0K)->0K(0K)
[5971.470s][info][gc             ] GC(905) Pause Young (Mixed) (G1 Evacuation Pause) 7115M->1785M(8192M) 159.335ms
[5971.470s][info][gc,cpu         ] GC(905) User=1.26s Sys=0.00s Real=0.16s
....[5975.187s][info][gc,start       ] GC(906) Pause Young (Mixed) (G1 Evacuation Pause)
[5975.187s][info][gc,task        ] GC(906) Using 8 workers of 8 for evacuation
[5975.345s][info][gc,phases      ] GC(906)   Pre Evacuate Collection Set: 0.27ms
[5975.345s][info][gc,phases      ] GC(906)   Merge Heap Roots: 0.66ms
[5975.345s][info][gc,phases      ] GC(906)   Evacuate Collection Set: 156.35ms
[5975.345s][info][gc,phases      ] GC(906)   Post Evacuate Collection Set: 1.02ms
[5975.345s][info][gc,phases      ] GC(906)   Other: 0.06ms
[5975.345s][info][gc,heap        ] GC(906) Eden regions: 572->0(570)
[5975.345s][info][gc,heap        ] GC(906) Survivor regions: 42->44(77)
[5975.345s][info][gc,heap        ] GC(906) Old regions: 150->143
[5975.345s][info][gc,heap        ] GC(906) Humongous regions: 33->33
[5975.345s][info][gc,metaspace   ] GC(906) Metaspace: 30013K(30144K)->30013K(30144K) NonClass: 30013K(30144K)->30013K(30144K) Class: 0K(0K)->0K(0K)
[5975.345s][info][gc             ] GC(906) Pause Young (Mixed) (G1 Evacuation Pause) 6361M->1743M(8192M) 158.486ms
[5975.345s][info][gc,cpu         ] GC(906) User=1.26s Sys=0.00s Real=0.16s
....[5979.012s][info][gc,start       ] GC(907) Pause Young (Normal) (G1 Evacuation Pause)
[5979.012s][info][gc,task        ] GC(907) Using 8 workers of 8 for evacuation
[5979.164s][info][gc,phases      ] GC(907)   Pre Evacuate Collection Set: 0.25ms
[5979.164s][info][gc,phases      ] GC(907)   Merge Heap Roots: 0.56ms
[5979.164s][info][gc,phases      ] GC(907)   Evacuate Collection Set: 150.48ms
[5979.164s][info][gc,phases      ] GC(907)   Post Evacuate Collection Set: 1.01ms
[5979.164s][info][gc,phases      ] GC(907)   Other: 0.06ms
[5979.164s][info][gc,heap        ] GC(907) Eden regions: 570->0(571)
[5979.164s][info][gc,heap        ] GC(907) Survivor regions: 44->43(77)
[5979.164s][info][gc,heap        ] GC(907) Old regions: 143->150
[5979.164s][info][gc,heap        ] GC(907) Humongous regions: 33->33
[5979.164s][info][gc,metaspace   ] GC(907) Metaspace: 30013K(30144K)->30013K(30144K) NonClass: 30013K(30144K)->30013K(30144K) Class: 0K(0K)->0K(0K)
[5979.164s][info][gc             ] GC(907) Pause Young (Normal) (G1 Evacuation Pause) 6303M->1795M(8192M) 152.505ms
[5979.164s][info][gc,cpu         ] GC(907) User=1.20s Sys=0.00s Real=0.15s
....[5982.945s][info][gc,start       ] GC(908) Pause Young (Normal) (G1 Evacuation Pause)
[5982.945s][info][gc,task        ] GC(908) Using 8 workers of 8 for evacuation
[5983.094s][info][gc,phases      ] GC(908)   Pre Evacuate Collection Set: 0.27ms
[5983.094s][info][gc,phases      ] GC(908)   Merge Heap Roots: 0.49ms
[5983.094s][info][gc,phases      ] GC(908)   Evacuate Collection Set: 147.09ms
[5983.094s][info][gc,phases      ] GC(908)   Post Evacuate Collection Set: 1.00ms
[5983.094s][info][gc,phases      ] GC(908)   Other: 0.06ms
[5983.094s][info][gc,heap        ] GC(908) Eden regions: 571->0(571)
[5983.094s][info][gc,heap        ] GC(908) Survivor regions: 43->43(77)
[5983.094s][info][gc,heap        ] GC(908) Old regions: 150->158
[5983.094s][info][gc,heap        ] GC(908) Humongous regions: 33->33
[5983.094s][info][gc,metaspace   ] GC(908) Metaspace: 30013K(30144K)->30013K(30144K) NonClass: 30013K(30144K)->30013K(30144K) Class: 0K(0K)->0K(0K)
[5983.094s][info][gc             ] GC(908) Pause Young (Normal) (G1 Evacuation Pause) 6363M->1853M(8192M) 149.036ms
[5983.094s][info][gc,cpu         ] GC(908) User=1.18s Sys=0.00s Real=0.15s
....[5986.673s][info][gc,start       ] GC(909) Pause Young (Normal) (G1 Evacuation Pause)
[5986.673s][info][gc,task        ] GC(909) Using 8 workers of 8 for evacuation
[5986.824s][info][gc,phases      ] GC(909)   Pre Evacuate Collection Set: 0.27ms
[5986.824s][info][gc,phases      ] GC(909)   Merge Heap Roots: 0.48ms
[5986.824s][info][gc,phases      ] GC(909)   Evacuate Collection Set: 149.21ms
[5986.824s][info][gc,phases      ] GC(909)   Post Evacuate Collection Set: 1.01ms
[5986.824s][info][gc,phases      ] GC(909)   Other: 0.06ms
[5986.824s][info][gc,heap        ] GC(909) Eden regions: 571->0(571)
[5986.824s][info][gc,heap        ] GC(909) Survivor regions: 43->43(77)
[5986.824s][info][gc,heap        ] GC(909) Old regions: 158->165
[5986.824s][info][gc,heap        ] GC(909) Humongous regions: 33->33
[5986.824s][info][gc,metaspace   ] GC(909) Metaspace: 30013K(30144K)->30013K(30144K) NonClass: 30013K(30144K)->30013K(30144K) Class: 0K(0K)->0K(0K)
[5986.824s][info][gc             ] GC(909) Pause Young (Normal) (G1 Evacuation Pause) 6421M->1913M(8192M) 151.174ms
[5986.824s][info][gc,cpu         ] GC(909) User=1.19s Sys=0.00s Real=0.15s
...[5990.415s][info][gc,start       ] GC(910) Pause Young (Normal) (G1 Evacuation Pause)
[5990.416s][info][gc,task        ] GC(910) Using 8 workers of 8 for evacuation
[5990.572s][info][gc,phases      ] GC(910)   Pre Evacuate Collection Set: 0.24ms
[5990.572s][info][gc,phases      ] GC(910)   Merge Heap Roots: 0.50ms
[5990.572s][info][gc,phases      ] GC(910)   Evacuate Collection Set: 154.35ms
[5990.572s][info][gc,phases      ] GC(910)   Post Evacuate Collection Set: 1.03ms
[5990.572s][info][gc,phases      ] GC(910)   Other: 0.09ms
[5990.572s][info][gc,heap        ] GC(910) Eden regions: 571->0(570)
[5990.572s][info][gc,heap        ] GC(910) Survivor regions: 43->44(77)
[5990.572s][info][gc,heap        ] GC(910) Old regions: 165->172
[5990.572s][info][gc,heap        ] GC(910) Humongous regions: 33->33
[5990.572s][info][gc,metaspace   ] GC(910) Metaspace: 30013K(30144K)->30013K(30144K) NonClass: 30013K(30144K)->30013K(30144K) Class: 0K(0K)->0K(0K)
[5990.572s][info][gc             ] GC(910) Pause Young (Normal) (G1 Evacuation Pause) 6481M->1975M(8192M) 156.347ms
[5990.572s][info][gc,cpu         ] GC(910) User=1.24s Sys=0.00s Real=0.16s
....[5994.133s][info][gc,start       ] GC(911) Pause Young (Normal) (G1 Evacuation Pause)
[5994.133s][info][gc,task        ] GC(911) Using 8 workers of 8 for evacuation
[5994.289s][info][gc,phases      ] GC(911)   Pre Evacuate Collection Set: 0.23ms
[5994.289s][info][gc,phases      ] GC(911)   Merge Heap Roots: 0.55ms
[5994.289s][info][gc,phases      ] GC(911)   Evacuate Collection Set: 154.01ms
[5994.289s][info][gc,phases      ] GC(911)   Post Evacuate Collection Set: 1.03ms
[5994.289s][info][gc,phases      ] GC(911)   Other: 0.06ms
[5994.289s][info][gc,heap        ] GC(911) Eden regions: 570->0(570)
[5994.289s][info][gc,heap        ] GC(911) Survivor regions: 44->44(77)
[5994.289s][info][gc,heap        ] GC(911) Old regions: 172->179
[5994.289s][info][gc,heap        ] GC(911) Humongous regions: 33->33
[5994.289s][info][gc,metaspace   ] GC(911) Metaspace: 30013K(30144K)->30013K(30144K) NonClass: 30013K(30144K)->30013K(30144K) Class: 0K(0K)->0K(0K)
[5994.289s][info][gc             ] GC(911) Pause Young (Normal) (G1 Evacuation Pause) 6535M->2030M(8192M) 156.012ms
[5994.289s][info][gc,cpu         ] GC(911) User=1.23s Sys=0.00s Real=0.15s
....[5998.041s][info][gc,start       ] GC(912) Pause Young (Normal) (G1 Evacuation Pause)
[5998.041s][info][gc,task        ] GC(912) Using 8 workers of 8 for evacuation
[5998.188s][info][gc,phases      ] GC(912)   Pre Evacuate Collection Set: 0.23ms
[5998.188s][info][gc,phases      ] GC(912)   Merge Heap Roots: 0.54ms
[5998.188s][info][gc,phases      ] GC(912)   Evacuate Collection Set: 145.25ms
[5998.188s][info][gc,phases      ] GC(912)   Post Evacuate Collection Set: 1.00ms
[5998.188s][info][gc,phases      ] GC(912)   Other: 0.07ms
[5998.188s][info][gc,heap        ] GC(912) Eden regions: 570->0(571)
[5998.188s][info][gc,heap        ] GC(912) Survivor regions: 44->43(77)
[5998.188s][info][gc,heap        ] GC(912) Old regions: 179->187
[5998.188s][info][gc,heap        ] GC(912) Humongous regions: 33->33
[5998.188s][info][gc,metaspace   ] GC(912) Metaspace: 30013K(30144K)->30013K(30144K) NonClass: 30013K(30144K)->30013K(30144K) Class: 0K(0K)->0K(0K)
[5998.188s][info][gc             ] GC(912) Pause Young (Normal) (G1 Evacuation Pause) 6590M->2081M(8192M) 147.236ms
[5998.188s][info][gc,cpu         ] GC(912) User=1.17s Sys=0.00s Real=0.14s
....[6001.828s][info][gc,start       ] GC(913) Pause Young (Normal) (G1 Evacuation Pause)
[6001.828s][info][gc,task        ] GC(913) Using 8 workers of 8 for evacuation
[6001.982s][info][gc,phases      ] GC(913)   Pre Evacuate Collection Set: 0.24ms
[6001.982s][info][gc,phases      ] GC(913)   Merge Heap Roots: 0.48ms
[6001.982s][info][gc,phases      ] GC(913)   Evacuate Collection Set: 152.02ms
[6001.982s][info][gc,phases      ] GC(913)   Post Evacuate Collection Set: 1.02ms
[6001.982s][info][gc,phases      ] GC(913)   Other: 0.07ms
[6001.982s][info][gc,heap        ] GC(913) Eden regions: 571->0(570)
[6001.982s][info][gc,heap        ] GC(913) Survivor regions: 43->44(77)
[6001.982s][info][gc,heap        ] GC(913) Old regions: 187->193
[6001.982s][info][gc,heap        ] GC(913) Humongous regions: 33->33
[6001.982s][info][gc,metaspace   ] GC(913) Metaspace: 30013K(30144K)->30013K(30144K) NonClass: 30013K(30144K)->30013K(30144K) Class: 0K(0K)->0K(0K)
[6001.982s][info][gc             ] GC(913) Pause Young (Normal) (G1 Evacuation Pause) 6649M->2146M(8192M) 153.964ms
[6001.982s][info][gc,cpu         ] GC(913) User=1.22s Sys=0.00s Real=0.16s
...[6005.567s][info][gc,start       ] GC(914) Pause Young (Normal) (G1 Evacuation Pause)
[6005.568s][info][gc,task        ] GC(914) Using 8 workers of 8 for evacuation
[6005.721s][info][gc,phases      ] GC(914)   Pre Evacuate Collection Set: 0.25ms
[6005.722s][info][gc,phases      ] GC(914)   Merge Heap Roots: 0.49ms
[6005.722s][info][gc,phases      ] GC(914)   Evacuate Collection Set: 151.81ms
[6005.722s][info][gc,phases      ] GC(914)   Post Evacuate Collection Set: 1.05ms
[6005.722s][info][gc,phases      ] GC(914)   Other: 0.06ms
[6005.722s][info][gc,heap        ] GC(914) Eden regions: 570->0(570)
[6005.722s][info][gc,heap        ] GC(914) Survivor regions: 44->44(77)
[6005.722s][info][gc,heap        ] GC(914) Old regions: 193->200
[6005.722s][info][gc,heap        ] GC(914) Humongous regions: 33->33
[6005.722s][info][gc,metaspace   ] GC(914) Metaspace: 30013K(30144K)->30013K(30144K) NonClass: 30013K(30144K)->30013K(30144K) Class: 0K(0K)->0K(0K)
[6005.722s][info][gc             ] GC(914) Pause Young (Normal) (G1 Evacuation Pause) 6706M->2203M(8192M) 154.567ms
[6005.722s][info][gc,cpu         ] GC(914) User=1.21s Sys=0.00s Real=0.16s
.... (rIR:aIR:PR = 10101:10080:10078) (tPR = 148667) [OK] 
  6008s: Performance info:
         Transaction,    Success,    Partial,     Failed,   Receipts, AvgBarcode, 
             Overall,     605993,          0,          0,     575699,      59.48, 
         Response times:
             Request,    Success,    Partial,     Failed,   SkipFail,     Probes,    Samples,      min,      p50,      p90,      p95,      p99,      max, 
       TotalPurchase,     575751,          0,          0,          0,     359380,     478002,      300,     7000,    40000,    71000,   125000,  1200000,
     InStorePurchase,     304755,          0,          0,          0,     188770,     250682,      300,     7000,    40000,    72000,   124000,  1200000,
      OnlinePurchase,     210182,          0,          0,          0,     132419,     176244,      300,     7000,    40000,    70000,   126000,  1200000,
        InstPurchase,      60814,          0,          0,          0,      38191,      51076,      500,     6800,    41000,    73000,   129000,  1200000,
          AssocOfCat,        609,          0,          0,          0,        517,        786,    31000,    54000,   123300,   157000,   209390,   240000,
      AssocOfProduct,       6116,          0,          0,          0,       3431,       4849,      700,     7200,    37000,    70000,   127000,   243000,
      BusinessReport,       1517,          0,          0,          0,       1380,       1977,    32000,    57000,   119000,   153000,   225000,   426000,
          CustBuyBeh,       6018,          0,          0,          0,       3382,       4734,      600,     7200,    43500,    75000,   124650,   410000,
       ProductReturn,      16109,          0,          0,          0,       9625,      13157,      400,     7000,    42000,    75000,   127000,   680000,

  6008s: (74%)   IR =  10239 [6009.356s][info][gc,start       ] GC(915) Pause Young (Normal) (G1 Evacuation Pause)
[6009.356s][info][gc,task        ] GC(915) Using 8 workers of 8 for evacuation
[6009.512s][info][gc,phases      ] GC(915)   Pre Evacuate Collection Set: 0.23ms
[6009.512s][info][gc,phases      ] GC(915)   Merge Heap Roots: 0.49ms
[6009.512s][info][gc,phases      ] GC(915)   Evacuate Collection Set: 154.10ms
[6009.512s][info][gc,phases      ] GC(915)   Post Evacuate Collection Set: 1.07ms
[6009.512s][info][gc,phases      ] GC(915)   Other: 0.06ms
[6009.512s][info][gc,heap        ] GC(915) Eden regions: 570->0(570)
[6009.512s][info][gc,heap        ] GC(915) Survivor regions: 44->44(77)
[6009.512s][info][gc,heap        ] GC(915) Old regions: 200->208
[6009.512s][info][gc,heap        ] GC(915) Humongous regions: 33->33
[6009.512s][info][gc,metaspace   ] GC(915) Metaspace: 30013K(30144K)->30013K(30144K) NonClass: 30013K(30144K)->30013K(30144K) Class: 0K(0K)->0K(0K)
[6009.512s][info][gc             ] GC(915) Pause Young (Normal) (G1 Evacuation Pause) 6763M->2262M(8192M) 156.077ms
[6009.512s][info][gc,cpu         ] GC(915) User=1.24s Sys=0.00s Real=0.16s
....[6013.160s][info][gc,start       ] GC(916) Pause Young (Normal) (G1 Evacuation Pause)
[6013.160s][info][gc,task        ] GC(916) Using 8 workers of 8 for evacuation
[6013.316s][info][gc,phases      ] GC(916)   Pre Evacuate Collection Set: 0.23ms
[6013.316s][info][gc,phases      ] GC(916)   Merge Heap Roots: 0.48ms
[6013.316s][info][gc,phases      ] GC(916)   Evacuate Collection Set: 154.00ms
[6013.316s][info][gc,phases      ] GC(916)   Post Evacuate Collection Set: 1.02ms
[6013.316s][info][gc,phases      ] GC(916)   Other: 0.06ms
[6013.316s][info][gc,heap        ] GC(916) Eden regions: 570->0(569)
[6013.316s][info][gc,heap        ] GC(916) Survivor regions: 44->45(77)
[6013.316s][info][gc,heap        ] GC(916) Old regions: 208->215
[6013.316s][info][gc,heap        ] GC(916) Humongous regions: 33->33
[6013.316s][info][gc,metaspace   ] GC(916) Metaspace: 30013K(30144K)->30013K(30144K) NonClass: 30013K(30144K)->30013K(30144K) Class: 0K(0K)->0K(0K)
[6013.316s][info][gc             ] GC(916) Pause Young (Normal) (G1 Evacuation Pause) 6822M->2325M(8192M) 155.940ms
[6013.316s][info][gc,cpu         ] GC(916) User=1.23s Sys=0.00s Real=0.15s
....[6016.956s][info][gc,start       ] GC(917) Pause Young (Normal) (G1 Evacuation Pause)
[6016.956s][info][gc,task        ] GC(917) Using 8 workers of 8 for evacuation
[6017.106s][info][gc,phases      ] GC(917)   Pre Evacuate Collection Set: 0.23ms
[6017.106s][info][gc,phases      ] GC(917)   Merge Heap Roots: 0.48ms
[6017.106s][info][gc,phases      ] GC(917)   Evacuate Collection Set: 148.33ms
[6017.106s][info][gc,phases      ] GC(917)   Post Evacuate Collection Set: 1.03ms
[6017.106s][info][gc,phases      ] GC(917)   Other: 0.06ms
[6017.106s][info][gc,heap        ] GC(917) Eden regions: 569->0(571)
[6017.106s][info][gc,heap        ] GC(917) Survivor regions: 45->43(77)
[6017.106s][info][gc,heap        ] GC(917) Old regions: 215->222
[6017.106s][info][gc,heap        ] GC(917) Humongous regions: 33->33
[6017.106s][info][gc,metaspace   ] GC(917) Metaspace: 30013K(30144K)->30013K(30144K) NonClass: 30013K(30144K)->30013K(30144K) Class: 0K(0K)->0K(0K)
[6017.106s][info][gc             ] GC(917) Pause Young (Normal) (G1 Evacuation Pause) 6877M->2370M(8192M) 150.265ms
[6017.107s][info][gc,cpu         ] GC(917) User=1.19s Sys=0.00s Real=0.15s
...[6020.792s][info][gc,start       ] GC(918) Pause Young (Normal) (G1 Evacuation Pause)
[6020.793s][info][gc,task        ] GC(918) Using 8 workers of 8 for evacuation
[6020.945s][info][gc,phases      ] GC(918)   Pre Evacuate Collection Set: 0.24ms
[6020.945s][info][gc,phases      ] GC(918)   Merge Heap Roots: 0.49ms
[6020.945s][info][gc,phases      ] GC(918)   Evacuate Collection Set: 150.96ms
[6020.945s][info][gc,phases      ] GC(918)   Post Evacuate Collection Set: 0.98ms
[6020.945s][info][gc,phases      ] GC(918)   Other: 0.07ms
[6020.945s][info][gc,heap        ] GC(918) Eden regions: 571->0(570)
[6020.945s][info][gc,heap        ] GC(918) Survivor regions: 43->44(77)
[6020.945s][info][gc,heap        ] GC(918) Old regions: 222->230
[6020.945s][info][gc,heap        ] GC(918) Humongous regions: 33->33
[6020.945s][info][gc,metaspace   ] GC(918) Metaspace: 30013K(30144K)->30013K(30144K) NonClass: 30013K(30144K)->30013K(30144K) Class: 0K(0K)->0K(0K)
[6020.945s][info][gc             ] GC(918) Pause Young (Normal) (G1 Evacuation Pause) 6938M->2433M(8192M) 152.899ms
[6020.945s][info][gc,cpu         ] GC(918) User=1.21s Sys=0.00s Real=0.15s
....[6024.533s][info][gc,start       ] GC(919) Pause Young (Normal) (G1 Evacuation Pause)
[6024.533s][info][gc,task        ] GC(919) Using 8 workers of 8 for evacuation
[6024.687s][info][gc,phases      ] GC(919)   Pre Evacuate Collection Set: 0.26ms
[6024.687s][info][gc,phases      ] GC(919)   Merge Heap Roots: 0.54ms
[6024.687s][info][gc,phases      ] GC(919)   Evacuate Collection Set: 152.15ms
[6024.687s][info][gc,phases      ] GC(919)   Post Evacuate Collection Set: 1.04ms
[6024.687s][info][gc,phases      ] GC(919)   Other: 0.07ms
[6024.687s][info][gc,heap        ] GC(919) Eden regions: 570->0(570)
[6024.687s][info][gc,heap        ] GC(919) Survivor regions: 44->44(77)
[6024.687s][info][gc,heap        ] GC(919) Old regions: 230->237
[6024.687s][info][gc,heap        ] GC(919) Humongous regions: 33->33
[6024.687s][info][gc,metaspace   ] GC(919) Metaspace: 30013K(30144K)->30013K(30144K) NonClass: 30013K(30144K)->30013K(30144K) Class: 0K(0K)->0K(0K)
[6024.687s][info][gc             ] GC(919) Pause Young (Normal) (G1 Evacuation Pause) 6993M->2491M(8192M) 154.184ms
[6024.687s][info][gc,cpu         ] GC(919) User=1.22s Sys=0.00s Real=0.15s
....[6028.269s][info][gc,start       ] GC(920) Pause Young (Normal) (G1 Evacuation Pause)
[6028.269s][info][gc,task        ] GC(920) Using 8 workers of 8 for evacuation
[6028.417s][info][gc,phases      ] GC(920)   Pre Evacuate Collection Set: 0.24ms
[6028.417s][info][gc,phases      ] GC(920)   Merge Heap Roots: 0.49ms
[6028.417s][info][gc,phases      ] GC(920)   Evacuate Collection Set: 145.38ms
[6028.417s][info][gc,phases      ] GC(920)   Post Evacuate Collection Set: 1.00ms
[6028.417s][info][gc,phases      ] GC(920)   Other: 0.06ms
[6028.417s][info][gc,heap        ] GC(920) Eden regions: 570->0(572)
[6028.417s][info][gc,heap        ] GC(920) Survivor regions: 44->42(77)
[6028.417s][info][gc,heap        ] GC(920) Old regions: 237->244
[6028.417s][info][gc,heap        ] GC(920) Humongous regions: 33->33
[6028.417s][info][gc,metaspace   ] GC(920) Metaspace: 30013K(30144K)->30013K(30144K) NonClass: 30013K(30144K)->30013K(30144K) Class: 0K(0K)->0K(0K)
[6028.417s][info][gc             ] GC(920) Pause Young (Normal) (G1 Evacuation Pause) 7051M->2538M(8192M) 147.307ms
[6028.417s][info][gc,cpu         ] GC(920) User=1.16s Sys=0.00s Real=0.15s
....[6032.139s][info][gc,start       ] GC(921) Pause Young (Normal) (G1 Evacuation Pause)
[6032.139s][info][gc,task        ] GC(921) Using 8 workers of 8 for evacuation
[6032.294s][info][gc,phases      ] GC(921)   Pre Evacuate Collection Set: 0.26ms
[6032.294s][info][gc,phases      ] GC(921)   Merge Heap Roots: 0.49ms
[6032.294s][info][gc,phases      ] GC(921)   Evacuate Collection Set: 153.02ms
[6032.294s][info][gc,phases      ] GC(921)   Post Evacuate Collection Set: 1.02ms
[6032.294s][info][gc,phases      ] GC(921)   Other: 0.06ms
[6032.294s][info][gc,heap        ] GC(921) Eden regions: 572->0(571)
[6032.294s][info][gc,heap        ] GC(921) Survivor regions: 42->43(77)
[6032.294s][info][gc,heap        ] GC(921) Old regions: 244->252
[6032.294s][info][gc,heap        ] GC(921) Humongous regions: 33->33
[6032.294s][info][gc,metaspace   ] GC(921) Metaspace: 30013K(30144K)->30013K(30144K) NonClass: 30013K(30144K)->30013K(30144K) Class: 0K(0K)->0K(0K)
[6032.294s][info][gc             ] GC(921) Pause Young (Normal) (G1 Evacuation Pause) 7114M->2606M(8192M) 154.969ms
[6032.294s][info][gc,cpu         ] GC(921) User=1.23s Sys=0.00s Real=0.16s
...[6035.908s][info][gc,start       ] GC(922) Pause Young (Normal) (G1 Evacuation Pause)
[6035.908s][info][gc,task        ] GC(922) Using 8 workers of 8 for evacuation
[6036.058s][info][gc,phases      ] GC(922)   Pre Evacuate Collection Set: 0.26ms
[6036.058s][info][gc,phases      ] GC(922)   Merge Heap Roots: 0.51ms
[6036.058s][info][gc,phases      ] GC(922)   Evacuate Collection Set: 147.60ms
[6036.058s][info][gc,phases      ] GC(922)   Post Evacuate Collection Set: 1.03ms
[6036.058s][info][gc,phases      ] GC(922)   Other: 0.06ms
[6036.058s][info][gc,heap        ] GC(922) Eden regions: 571->0(570)
[6036.058s][info][gc,heap        ] GC(922) Survivor regions: 43->44(77)
[6036.058s][info][gc,heap        ] GC(922) Old regions: 252->259
[6036.058s][info][gc,heap        ] GC(922) Humongous regions: 33->33
[6036.058s][info][gc,metaspace   ] GC(922) Metaspace: 30013K(30144K)->30013K(30144K) NonClass: 30013K(30144K)->30013K(30144K) Class: 0K(0K)->0K(0K)
[6036.058s][info][gc             ] GC(922) Pause Young (Normal) (G1 Evacuation Pause) 7174M->2667M(8192M) 149.627ms
[6036.058s][info][gc,cpu         ] GC(922) User=1.19s Sys=0.00s Real=0.15s
....|[6039.598s][info][gc,start       ] GC(923) Pause Young (Normal) (G1 Evacuation Pause)
[6039.598s][info][gc,task        ] GC(923) Using 8 workers of 8 for evacuation
[6039.747s][info][gc,phases      ] GC(923)   Pre Evacuate Collection Set: 0.27ms
[6039.747s][info][gc,phases      ] GC(923)   Merge Heap Roots: 0.57ms
[6039.747s][info][gc,phases      ] GC(923)   Evacuate Collection Set: 146.64ms
[6039.747s][info][gc,phases      ] GC(923)   Post Evacuate Collection Set: 1.02ms
[6039.747s][info][gc,phases      ] GC(923)   Other: 0.06ms
[6039.747s][info][gc,heap        ] GC(923) Eden regions: 570->0(571)
[6039.747s][info][gc,heap        ] GC(923) Survivor regions: 44->43(77)
[6039.747s][info][gc,heap        ] GC(923) Old regions: 259->266
[6039.747s][info][gc,heap        ] GC(923) Humongous regions: 33->33
[6039.747s][info][gc,metaspace   ] GC(923) Metaspace: 30013K(30144K)->30013K(30144K) NonClass: 30013K(30144K)->30013K(30144K) Class: 0K(0K)->0K(0K)
[6039.747s][info][gc             ] GC(923) Pause Young (Normal) (G1 Evacuation Pause) 7227M->2717M(8192M) 148.689ms
[6039.747s][info][gc,cpu         ] GC(923) User=1.17s Sys=0.01s Real=0.15s
....[6043.412s][info][gc,start       ] GC(924) Pause Young (Normal) (G1 Evacuation Pause)
[6043.412s][info][gc,task        ] GC(924) Using 8 workers of 8 for evacuation
[6043.565s][info][gc,phases      ] GC(924)   Pre Evacuate Collection Set: 0.24ms
[6043.565s][info][gc,phases      ] GC(924)   Merge Heap Roots: 0.48ms
[6043.565s][info][gc,phases      ] GC(924)   Evacuate Collection Set: 150.84ms
[6043.565s][info][gc,phases      ] GC(924)   Post Evacuate Collection Set: 1.04ms
[6043.565s][info][gc,phases      ] GC(924)   Other: 0.07ms
[6043.565s][info][gc,heap        ] GC(924) Eden regions: 571->0(570)
[6043.565s][info][gc,heap        ] GC(924) Survivor regions: 43->44(77)
[6043.565s][info][gc,heap        ] GC(924) Old regions: 266->273
[6043.565s][info][gc,heap        ] GC(924) Humongous regions: 33->33
[6043.565s][info][gc,metaspace   ] GC(924) Metaspace: 30013K(30144K)->30013K(30144K) NonClass: 30013K(30144K)->30013K(30144K) Class: 0K(0K)->0K(0K)
[6043.565s][info][gc             ] GC(924) Pause Young (Normal) (G1 Evacuation Pause) 7285M->2786M(8192M) 152.794ms
[6043.565s][info][gc,cpu         ] GC(924) User=1.21s Sys=0.00s Real=0.15s
....[6047.210s][info][gc,start       ] GC(925) Pause Young (Normal) (G1 Evacuation Pause)
[6047.210s][info][gc,task        ] GC(925) Using 8 workers of 8 for evacuation
[6047.356s][info][gc,phases      ] GC(925)   Pre Evacuate Collection Set: 0.27ms
[6047.356s][info][gc,phases      ] GC(925)   Merge Heap Roots: 0.56ms
[6047.356s][info][gc,phases      ] GC(925)   Evacuate Collection Set: 144.82ms
[6047.356s][info][gc,phases      ] GC(925)   Post Evacuate Collection Set: 1.02ms
[6047.356s][info][gc,phases      ] GC(925)   Other: 0.06ms
[6047.356s][info][gc,heap        ] GC(925) Eden regions: 570->0(571)
[6047.356s][info][gc,heap        ] GC(925) Survivor regions: 44->43(77)
[6047.356s][info][gc,heap        ] GC(925) Old regions: 273->280
[6047.356s][info][gc,heap        ] GC(925) Humongous regions: 33->33
[6047.356s][info][gc,metaspace   ] GC(925) Metaspace: 30013K(30144K)->30013K(30144K) NonClass: 30013K(30144K)->30013K(30144K) Class: 0K(0K)->0K(0K)
[6047.356s][info][gc             ] GC(925) Pause Young (Normal) (G1 Evacuation Pause) 7346M->2831M(8192M) 146.885ms
[6047.357s][info][gc,cpu         ] GC(925) User=1.16s Sys=0.00s Real=0.15s
...[6051.045s][info][gc,start       ] GC(926) Pause Young (Normal) (G1 Evacuation Pause)
[6051.045s][info][gc,task        ] GC(926) Using 8 workers of 8 for evacuation
[6051.198s][info][gc,phases      ] GC(926)   Pre Evacuate Collection Set: 0.27ms
[6051.199s][info][gc,phases      ] GC(926)   Merge Heap Roots: 0.49ms
[6051.199s][info][gc,phases      ] GC(926)   Evacuate Collection Set: 151.78ms
[6051.199s][info][gc,phases      ] GC(926)   Post Evacuate Collection Set: 1.06ms
[6051.199s][info][gc,phases      ] GC(926)   Other: 0.07ms
[6051.199s][info][gc,heap        ] GC(926) Eden regions: 571->0(563)
[6051.199s][info][gc,heap        ] GC(926) Survivor regions: 43->44(77)
[6051.199s][info][gc,heap        ] GC(926) Old regions: 280->288
[6051.199s][info][gc,heap        ] GC(926) Humongous regions: 33->33
[6051.199s][info][gc,metaspace   ] GC(926) Metaspace: 30013K(30144K)->30013K(30144K) NonClass: 30013K(30144K)->30013K(30144K) Class: 0K(0K)->0K(0K)
[6051.199s][info][gc             ] GC(926) Pause Young (Normal) (G1 Evacuation Pause) 7399M->2901M(8192M) 154.625ms
[6051.199s][info][gc,cpu         ] GC(926) User=1.22s Sys=0.00s Real=0.15s
....[6054.740s][info][gc,start       ] GC(927) Pause Young (Normal) (G1 Evacuation Pause)
[6054.740s][info][gc,task        ] GC(927) Using 8 workers of 8 for evacuation
[6054.895s][info][gc,phases      ] GC(927)   Pre Evacuate Collection Set: 0.23ms
[6054.895s][info][gc,phases      ] GC(927)   Merge Heap Roots: 0.51ms
[6054.895s][info][gc,phases      ] GC(927)   Evacuate Collection Set: 153.56ms
[6054.895s][info][gc,phases      ] GC(927)   Post Evacuate Collection Set: 1.02ms
[6054.895s][info][gc,phases      ] GC(927)   Other: 0.06ms
[6054.895s][info][gc,heap        ] GC(927) Eden regions: 563->0(556)
[6054.895s][info][gc,heap        ] GC(927) Survivor regions: 44->44(76)
[6054.895s][info][gc,heap        ] GC(927) Old regions: 288->295
[6054.895s][info][gc,heap        ] GC(927) Humongous regions: 33->33
[6054.895s][info][gc,metaspace   ] GC(927) Metaspace: 30013K(30144K)->30013K(30144K) NonClass: 30013K(30144K)->30013K(30144K) Class: 0K(0K)->0K(0K)
[6054.895s][info][gc             ] GC(927) Pause Young (Normal) (G1 Evacuation Pause) 7405M->2958M(8192M) 155.509ms
[6054.896s][info][gc,cpu         ] GC(927) User=1.23s Sys=0.00s Real=0.15s
....[6058.376s][info][gc,start       ] GC(928) Pause Young (Normal) (G1 Evacuation Pause)
[6058.376s][info][gc,task        ] GC(928) Using 8 workers of 8 for evacuation
[6058.527s][info][gc,phases      ] GC(928)   Pre Evacuate Collection Set: 0.23ms
[6058.527s][info][gc,phases      ] GC(928)   Merge Heap Roots: 0.48ms
[6058.527s][info][gc,phases      ] GC(928)   Evacuate Collection Set: 149.56ms
[6058.527s][info][gc,phases      ] GC(928)   Post Evacuate Collection Set: 1.02ms
[6058.527s][info][gc,phases      ] GC(928)   Other: 0.06ms
[6058.527s][info][gc,heap        ] GC(928) Eden regions: 556->0(549)
[6058.527s][info][gc,heap        ] GC(928) Survivor regions: 44->44(75)
[6058.527s][info][gc,heap        ] GC(928) Old regions: 295->302
[6058.527s][info][gc,heap        ] GC(928) Humongous regions: 33->33
[6058.527s][info][gc,metaspace   ] GC(928) Metaspace: 30013K(30144K)->30013K(30144K) NonClass: 30013K(30144K)->30013K(30144K) Class: 0K(0K)->0K(0K)
[6058.527s][info][gc             ] GC(928) Pause Young (Normal) (G1 Evacuation Pause) 7406M->3015M(8192M) 151.466ms
[6058.527s][info][gc,cpu         ] GC(928) User=1.20s Sys=0.00s Real=0.15s
...[6061.943s][info][gc,start       ] GC(929) Pause Young (Normal) (G1 Evacuation Pause)
[6061.943s][info][gc,task        ] GC(929) Using 8 workers of 8 for evacuation
[6062.097s][info][gc,phases      ] GC(929)   Pre Evacuate Collection Set: 0.24ms
[6062.097s][info][gc,phases      ] GC(929)   Merge Heap Roots: 0.51ms
[6062.097s][info][gc,phases      ] GC(929)   Evacuate Collection Set: 151.73ms
[6062.097s][info][gc,phases      ] GC(929)   Post Evacuate Collection Set: 1.02ms
[6062.097s][info][gc,phases      ] GC(929)   Other: 0.06ms
[6062.097s][info][gc,heap        ] GC(929) Eden regions: 549->0(541)
[6062.097s][info][gc,heap        ] GC(929) Survivor regions: 44->44(75)
[6062.097s][info][gc,heap        ] GC(929) Old regions: 302->310
[6062.097s][info][gc,heap        ] GC(929) Humongous regions: 33->33
[6062.097s][info][gc,metaspace   ] GC(929) Metaspace: 30013K(30144K)->30013K(30144K) NonClass: 30013K(30144K)->30013K(30144K) Class: 0K(0K)->0K(0K)
[6062.097s][info][gc             ] GC(929) Pause Young (Normal) (G1 Evacuation Pause) 7407M->3078M(8192M) 153.693ms
[6062.097s][info][gc,cpu         ] GC(929) User=1.22s Sys=0.00s Real=0.15s
....[6065.439s][info][gc,start       ] GC(930) Pause Young (Concurrent Start) (G1 Evacuation Pause)
[6065.439s][info][gc,task        ] GC(930) Using 8 workers of 8 for evacuation
[6065.584s][info][gc,phases      ] GC(930)   Pre Evacuate Collection Set: 0.28ms
[6065.584s][info][gc,phases      ] GC(930)   Merge Heap Roots: 0.50ms
[6065.584s][info][gc,phases      ] GC(930)   Evacuate Collection Set: 143.60ms
[6065.584s][info][gc,phases      ] GC(930)   Post Evacuate Collection Set: 0.97ms
[6065.584s][info][gc,phases      ] GC(930)   Other: 0.07ms
[6065.584s][info][gc,heap        ] GC(930) Eden regions: 541->0(538)
[6065.584s][info][gc,heap        ] GC(930) Survivor regions: 44->42(74)
[6065.584s][info][gc,heap        ] GC(930) Old regions: 310->317
[6065.584s][info][gc,heap        ] GC(930) Humongous regions: 33->33
[6065.584s][info][gc,metaspace   ] GC(930) Metaspace: 30013K(30144K)->30013K(30144K) NonClass: 30013K(30144K)->30013K(30144K) Class: 0K(0K)->0K(0K)
[6065.584s][info][gc             ] GC(930) Pause Young (Concurrent Start) (G1 Evacuation Pause) 7406M->3118M(8192M) 145.555ms
[6065.584s][info][gc             ] GC(931) Concurrent Mark Cycle
[6065.584s][info][gc,marking     ] GC(931) Concurrent Scan Root Regions
[6065.584s][info][gc,cpu         ] GC(930) User=1.15s Sys=0.00s Real=0.15s
[6065.892s][info][gc,marking     ] GC(931) Concurrent Scan Root Regions 307.996ms
[6065.893s][info][gc,marking     ] GC(931) Concurrent Mark
[6065.893s][info][gc,marking     ] GC(931) Concurrent Mark From Roots
[6065.893s][info][gc,task        ] GC(931) Using 2 workers of 2 for marking
.[6066.882s][info][gc,marking     ] GC(931) Concurrent Mark From Roots 989.663ms
[6066.882s][info][gc,marking     ] GC(931) Concurrent Preclean
[6066.882s][info][gc,marking     ] GC(931) Concurrent Preclean 0.131ms
[6066.883s][info][gc,start       ] GC(931) Pause Remark
[6066.885s][info][gc             ] GC(931) Pause Remark 4642M->3986M(8192M) 2.047ms
[6066.885s][info][gc,cpu         ] GC(931) User=0.02s Sys=0.00s Real=0.00s
[6066.885s][info][gc,marking     ] GC(931) Concurrent Mark 992.158ms
[6066.885s][info][gc,marking     ] GC(931) Concurrent Rebuild Remembered Sets and Scrub Regions
.[6067.839s][info][gc,marking     ] GC(931) Concurrent Rebuild Remembered Sets and Scrub Regions 954.536ms
[6067.839s][info][gc,start       ] GC(931) Pause Cleanup
[6067.840s][info][gc             ] GC(931) Pause Cleanup 5347M->5347M(8192M) 0.255ms
[6067.840s][info][gc,cpu         ] GC(931) User=0.00s Sys=0.00s Real=0.00s
[6067.840s][info][gc,marking     ] GC(931) Concurrent Clear Claimed Marks
[6067.840s][info][gc,marking     ] GC(931) Concurrent Clear Claimed Marks 0.042ms
[6067.840s][info][gc,marking     ] GC(931) Concurrent Cleanup for Next Mark
[6067.850s][info][gc,marking     ] GC(931) Concurrent Cleanup for Next Mark 9.821ms
[6067.850s][info][gc             ] GC(931) Concurrent Mark Cycle 2265.208ms
.[6068.883s][info][gc,start       ] GC(932) Pause Young (Prepare Mixed) (G1 Evacuation Pause)
[6068.883s][info][gc,task        ] GC(932) Using 8 workers of 8 for evacuation
[6069.033s][info][gc,phases      ] GC(932)   Pre Evacuate Collection Set: 0.27ms
[6069.033s][info][gc,phases      ] GC(932)   Merge Heap Roots: 0.68ms
[6069.033s][info][gc,phases      ] GC(932)   Evacuate Collection Set: 147.84ms
[6069.033s][info][gc,phases      ] GC(932)   Post Evacuate Collection Set: 1.05ms
[6069.033s][info][gc,phases      ] GC(932)   Other: 0.07ms
[6069.033s][info][gc,heap        ] GC(932) Eden regions: 538->0(572)
[6069.033s][info][gc,heap        ] GC(932) Survivor regions: 42->42(73)
[6069.033s][info][gc,heap        ] GC(932) Old regions: 235->243
[6069.033s][info][gc,heap        ] GC(932) Humongous regions: 33->33
[6069.033s][info][gc,metaspace   ] GC(932) Metaspace: 30013K(30144K)->30013K(30144K) NonClass: 30013K(30144K)->30013K(30144K) Class: 0K(0K)->0K(0K)
[6069.033s][info][gc             ] GC(932) Pause Young (Prepare Mixed) (G1 Evacuation Pause) 6766M->2525M(8192M) 150.055ms
[6069.033s][info][gc,cpu         ] GC(932) User=1.19s Sys=0.00s Real=0.15s
....[6072.610s][info][gc,start       ] GC(933) Pause Young (Mixed) (G1 Evacuation Pause)
[6072.610s][info][gc,task        ] GC(933) Using 8 workers of 8 for evacuation
[6072.769s][info][gc,phases      ] GC(933)   Pre Evacuate Collection Set: 0.29ms
[6072.769s][info][gc,phases      ] GC(933)   Merge Heap Roots: 0.84ms
[6072.769s][info][gc,phases      ] GC(933)   Evacuate Collection Set: 157.22ms
[6072.769s][info][gc,phases      ] GC(933)   Post Evacuate Collection Set: 1.20ms
[6072.769s][info][gc,phases      ] GC(933)   Other: 0.08ms
[6072.769s][info][gc,heap        ] GC(933) Eden regions: 572->0(571)
[6072.769s][info][gc,heap        ] GC(933) Survivor regions: 42->43(77)
[6072.769s][info][gc,heap        ] GC(933) Old regions: 243->148
[6072.769s][info][gc,heap        ] GC(933) Humongous regions: 33->33
[6072.769s][info][gc,metaspace   ] GC(933) Metaspace: 30013K(30144K)->30013K(30144K) NonClass: 30013K(30144K)->30013K(30144K) Class: 0K(0K)->0K(0K)
[6072.769s][info][gc             ] GC(933) Pause Young (Mixed) (G1 Evacuation Pause) 7101M->1778M(8192M) 159.771ms
[6072.770s][info][gc,cpu         ] GC(933) User=1.27s Sys=0.01s Real=0.16s
....[6076.421s][info][gc,start       ] GC(934) Pause Young (Mixed) (G1 Evacuation Pause)
[6076.421s][info][gc,task        ] GC(934) Using 8 workers of 8 for evacuation
[6076.583s][info][gc,phases      ] GC(934)   Pre Evacuate Collection Set: 0.26ms
[6076.583s][info][gc,phases      ] GC(934)   Merge Heap Roots: 0.62ms
[6076.583s][info][gc,phases      ] GC(934)   Evacuate Collection Set: 160.25ms
[6076.583s][info][gc,phases      ] GC(934)   Post Evacuate Collection Set: 1.09ms
[6076.583s][info][gc,phases      ] GC(934)   Other: 0.06ms
[6076.583s][info][gc,heap        ] GC(934) Eden regions: 571->0(569)
[6076.583s][info][gc,heap        ] GC(934) Survivor regions: 43->45(77)
[6076.583s][info][gc,heap        ] GC(934) Old regions: 148->143
[6076.583s][info][gc,heap        ] GC(934) Humongous regions: 33->33
[6076.583s][info][gc,metaspace   ] GC(934) Metaspace: 30013K(30144K)->30013K(30144K) NonClass: 30013K(30144K)->30013K(30144K) Class: 0K(0K)->0K(0K)
[6076.583s][info][gc             ] GC(934) Pause Young (Mixed) (G1 Evacuation Pause) 6346M->1753M(8192M) 162.408ms
[6076.583s][info][gc,cpu         ] GC(934) User=1.29s Sys=0.01s Real=0.16s
....[6080.257s][info][gc,start       ] GC(935) Pause Young (Normal) (G1 Evacuation Pause)
[6080.257s][info][gc,task        ] GC(935) Using 8 workers of 8 for evacuation
[6080.420s][info][gc,phases      ] GC(935)   Pre Evacuate Collection Set: 0.22ms
[6080.420s][info][gc,phases      ] GC(935)   Merge Heap Roots: 0.48ms
[6080.420s][info][gc,phases      ] GC(935)   Evacuate Collection Set: 161.39ms
[6080.420s][info][gc,phases      ] GC(935)   Post Evacuate Collection Set: 1.01ms
[6080.420s][info][gc,phases      ] GC(935)   Other: 0.06ms
[6080.420s][info][gc,heap        ] GC(935) Eden regions: 569->0(569)
[6080.420s][info][gc,heap        ] GC(935) Survivor regions: 45->45(77)
[6080.420s][info][gc,heap        ] GC(935) Old regions: 143->151
[6080.420s][info][gc,heap        ] GC(935) Humongous regions: 33->33
[6080.420s][info][gc,metaspace   ] GC(935) Metaspace: 30013K(30144K)->30013K(30144K) NonClass: 30013K(30144K)->30013K(30144K) Class: 0K(0K)->0K(0K)
[6080.420s][info][gc             ] GC(935) Pause Young (Normal) (G1 Evacuation Pause) 6305M->1813M(8192M) 163.310ms
[6080.420s][info][gc,cpu         ] GC(935) User=1.29s Sys=0.00s Real=0.17s
...[6083.897s][info][gc,start       ] GC(936) Pause Young (Normal) (G1 Evacuation Pause)
[6083.897s][info][gc,task        ] GC(936) Using 8 workers of 8 for evacuation
[6084.048s][info][gc,phases      ] GC(936)   Pre Evacuate Collection Set: 0.24ms
[6084.048s][info][gc,phases      ] GC(936)   Merge Heap Roots: 0.48ms
[6084.048s][info][gc,phases      ] GC(936)   Evacuate Collection Set: 148.75ms
[6084.048s][info][gc,phases      ] GC(936)   Post Evacuate Collection Set: 1.01ms
[6084.048s][info][gc,phases      ] GC(936)   Other: 0.06ms
[6084.048s][info][gc,heap        ] GC(936) Eden regions: 569->0(571)
[6084.048s][info][gc,heap        ] GC(936) Survivor regions: 45->43(77)
[6084.048s][info][gc,heap        ] GC(936) Old regions: 151->158
[6084.048s][info][gc,heap        ] GC(936) Humongous regions: 33->33
[6084.048s][info][gc,metaspace   ] GC(936) Metaspace: 30013K(30144K)->30013K(30144K) NonClass: 30013K(30144K)->30013K(30144K) Class: 0K(0K)->0K(0K)
[6084.048s][info][gc             ] GC(936) Pause Young (Normal) (G1 Evacuation Pause) 6365M->1853M(8192M) 150.666ms
[6084.048s][info][gc,cpu         ] GC(936) User=1.19s Sys=0.00s Real=0.15s
....[6087.692s][info][gc,start       ] GC(937) Pause Young (Normal) (G1 Evacuation Pause)
[6087.692s][info][gc,task        ] GC(937) Using 8 workers of 8 for evacuation
[6087.846s][info][gc,phases      ] GC(937)   Pre Evacuate Collection Set: 0.25ms
[6087.846s][info][gc,phases      ] GC(937)   Merge Heap Roots: 0.49ms
[6087.846s][info][gc,phases      ] GC(937)   Evacuate Collection Set: 152.90ms
[6087.846s][info][gc,phases      ] GC(937)   Post Evacuate Collection Set: 1.03ms
[6087.846s][info][gc,phases      ] GC(937)   Other: 0.06ms
[6087.846s][info][gc,heap        ] GC(937) Eden regions: 571->0(570)
[6087.846s][info][gc,heap        ] GC(937) Survivor regions: 43->44(77)
[6087.846s][info][gc,heap        ] GC(937) Old regions: 158->165
[6087.846s][info][gc,heap        ] GC(937) Humongous regions: 33->33
[6087.846s][info][gc,metaspace   ] GC(937) Metaspace: 30013K(30144K)->30013K(30144K) NonClass: 30013K(30144K)->30013K(30144K) Class: 0K(0K)->0K(0K)
[6087.846s][info][gc             ] GC(937) Pause Young (Normal) (G1 Evacuation Pause) 6421M->1914M(8192M) 154.850ms
[6087.846s][info][gc,cpu         ] GC(937) User=1.23s Sys=0.00s Real=0.15s
....[6091.428s][info][gc,start       ] GC(938) Pause Young (Normal) (G1 Evacuation Pause)
[6091.428s][info][gc,task        ] GC(938) Using 8 workers of 8 for evacuation
[6091.582s][info][gc,phases      ] GC(938)   Pre Evacuate Collection Set: 0.25ms
[6091.582s][info][gc,phases      ] GC(938)   Merge Heap Roots: 0.47ms
[6091.582s][info][gc,phases      ] GC(938)   Evacuate Collection Set: 152.49ms
[6091.582s][info][gc,phases      ] GC(938)   Post Evacuate Collection Set: 1.03ms
[6091.582s][info][gc,phases      ] GC(938)   Other: 0.06ms
[6091.582s][info][gc,heap        ] GC(938) Eden regions: 570->0(570)
[6091.582s][info][gc,heap        ] GC(938) Survivor regions: 44->44(77)
[6091.582s][info][gc,heap        ] GC(938) Old regions: 165->172
[6091.582s][info][gc,heap        ] GC(938) Humongous regions: 33->33
[6091.582s][info][gc,metaspace   ] GC(938) Metaspace: 30013K(30144K)->30013K(30144K) NonClass: 30013K(30144K)->30013K(30144K) Class: 0K(0K)->0K(0K)
[6091.582s][info][gc             ] GC(938) Pause Young (Normal) (G1 Evacuation Pause) 6474M->1977M(8192M) 154.428ms
[6091.582s][info][gc,cpu         ] GC(938) User=1.23s Sys=0.00s Real=0.16s
....[6095.284s][info][gc,start       ] GC(939) Pause Young (Normal) (G1 Evacuation Pause)
[6095.284s][info][gc,task        ] GC(939) Using 8 workers of 8 for evacuation
[6095.432s][info][gc,phases      ] GC(939)   Pre Evacuate Collection Set: 0.25ms
[6095.432s][info][gc,phases      ] GC(939)   Merge Heap Roots: 0.56ms
[6095.432s][info][gc,phases      ] GC(939)   Evacuate Collection Set: 145.64ms
[6095.432s][info][gc,phases      ] GC(939)   Post Evacuate Collection Set: 1.00ms
[6095.432s][info][gc,phases      ] GC(939)   Other: 0.06ms
[6095.432s][info][gc,heap        ] GC(939) Eden regions: 570->0(571)
[6095.432s][info][gc,heap        ] GC(939) Survivor regions: 44->43(77)
[6095.432s][info][gc,heap        ] GC(939) Old regions: 172->179
[6095.432s][info][gc,heap        ] GC(939) Humongous regions: 33->33
[6095.432s][info][gc,metaspace   ] GC(939) Metaspace: 30013K(30144K)->30013K(30144K) NonClass: 30013K(30144K)->30013K(30144K) Class: 0K(0K)->0K(0K)
[6095.432s][info][gc             ] GC(939) Pause Young (Normal) (G1 Evacuation Pause) 6537M->2023M(8192M) 147.647ms
[6095.432s][info][gc,cpu         ] GC(939) User=1.17s Sys=0.00s Real=0.15s
...[6099.050s][info][gc,start       ] GC(940) Pause Young (Normal) (G1 Evacuation Pause)
[6099.050s][info][gc,task        ] GC(940) Using 8 workers of 8 for evacuation
[6099.202s][info][gc,phases      ] GC(940)   Pre Evacuate Collection Set: 0.24ms
[6099.202s][info][gc,phases      ] GC(940)   Merge Heap Roots: 0.49ms
[6099.202s][info][gc,phases      ] GC(940)   Evacuate Collection Set: 150.06ms
[6099.202s][info][gc,phases      ] GC(940)   Post Evacuate Collection Set: 1.03ms
[6099.202s][info][gc,phases      ] GC(940)   Other: 0.06ms
[6099.202s][info][gc,heap        ] GC(940) Eden regions: 571->0(570)
[6099.202s][info][gc,heap        ] GC(940) Survivor regions: 43->44(77)
[6099.202s][info][gc,heap        ] GC(940) Old regions: 179->187
[6099.202s][info][gc,heap        ] GC(940) Humongous regions: 33->33
[6099.202s][info][gc,metaspace   ] GC(940) Metaspace: 30013K(30144K)->30013K(30144K) NonClass: 30013K(30144K)->30013K(30144K) Class: 0K(0K)->0K(0K)
[6099.202s][info][gc             ] GC(940) Pause Young (Normal) (G1 Evacuation Pause) 6591M->2094M(8192M) 152.007ms
[6099.202s][info][gc,cpu         ] GC(940) User=1.21s Sys=0.00s Real=0.15s
. (rIR:aIR:PR = 10239:10215:10210) (tPR = 151988) [OK] 
  6099s: Performance info:
         Transaction,    Success,    Partial,     Failed,   Receipts, AvgBarcode, 
             Overall,     614270,          0,          0,     583620,      59.47, 
         Response times:
             Request,    Success,    Partial,     Failed,   SkipFail,     Probes,    Samples,      min,      p50,      p90,      p95,      p99,      max, 
       TotalPurchase,     583826,          0,          0,          0,     356021,     544826,      300,     7100,    40000,    81000,   137000,  1800000,
     InStorePurchase,     307066,          0,          0,          0,     187920,     287072,      300,     7000,    39000,    81000,   137000,  1800000,
      OnlinePurchase,     214698,          0,          0,          0,     130942,     200366,      300,     7200,    42000,    81000,   140000,  1800000,
        InstPurchase,      62062,          0,          0,          0,      37159,      57388,      400,     7100,    39000,    77000,   132000,  1800000,
          AssocOfCat,        620,          0,          0,          0,        496,        901,    29000,    54000,    96800,   139000,   210920,   293000,
      AssocOfProduct,       6223,          0,          0,          0,       3435,       5463,      600,     8400,    42000,    85000,   144360,   405000,
      BusinessReport,       1531,          0,          0,          0,       1345,       2266,    26000,    58000,   106000,   150000,   220000,   920000,
          CustBuyBeh,       6195,          0,          0,          0,       3528,       5651,      300,     7000,    50000,    93000,   143480,   300000,
       ProductReturn,      16154,          0,          0,          0,       9784,      15310,      200,     6800,    40000,    81000,   157890,   890000,

  6099s: (75%)   IR =  10378 ...[6102.742s][info][gc,start       ] GC(941) Pause Young (Normal) (G1 Evacuation Pause)
[6102.742s][info][gc,task        ] GC(941) Using 8 workers of 8 for evacuation
[6102.895s][info][gc,phases      ] GC(941)   Pre Evacuate Collection Set: 0.23ms
[6102.895s][info][gc,phases      ] GC(941)   Merge Heap Roots: 0.49ms
[6102.895s][info][gc,phases      ] GC(941)   Evacuate Collection Set: 151.50ms
[6102.895s][info][gc,phases      ] GC(941)   Post Evacuate Collection Set: 1.08ms
[6102.895s][info][gc,phases      ] GC(941)   Other: 0.07ms
[6102.895s][info][gc,heap        ] GC(941) Eden regions: 570->0(571)
[6102.895s][info][gc,heap        ] GC(941) Survivor regions: 44->43(77)
[6102.895s][info][gc,heap        ] GC(941) Old regions: 187->194
[6102.895s][info][gc,heap        ] GC(941) Humongous regions: 33->33
[6102.895s][info][gc,metaspace   ] GC(941) Metaspace: 30013K(30144K)->30013K(30144K) NonClass: 30013K(30144K)->30013K(30144K) Class: 0K(0K)->0K(0K)
[6102.895s][info][gc             ] GC(941) Pause Young (Normal) (G1 Evacuation Pause) 6654M->2145M(8192M) 153.507ms
[6102.895s][info][gc,cpu         ] GC(941) User=1.22s Sys=0.00s Real=0.15s
...[6106.481s][info][gc,start       ] GC(942) Pause Young (Normal) (G1 Evacuation Pause)
[6106.481s][info][gc,task        ] GC(942) Using 8 workers of 8 for evacuation
[6106.633s][info][gc,phases      ] GC(942)   Pre Evacuate Collection Set: 0.27ms
[6106.633s][info][gc,phases      ] GC(942)   Merge Heap Roots: 0.51ms
[6106.633s][info][gc,phases      ] GC(942)   Evacuate Collection Set: 150.44ms
[6106.633s][info][gc,phases      ] GC(942)   Post Evacuate Collection Set: 1.11ms
[6106.633s][info][gc,phases      ] GC(942)   Other: 0.06ms
[6106.633s][info][gc,heap        ] GC(942) Eden regions: 571->0(570)
[6106.633s][info][gc,heap        ] GC(942) Survivor regions: 43->44(77)
[6106.633s][info][gc,heap        ] GC(942) Old regions: 194->201
[6106.633s][info][gc,heap        ] GC(942) Humongous regions: 33->33
[6106.633s][info][gc,metaspace   ] GC(942) Metaspace: 30013K(30144K)->30013K(30144K) NonClass: 30013K(30144K)->30013K(30144K) Class: 0K(0K)->0K(0K)
[6106.633s][info][gc             ] GC(942) Pause Young (Normal) (G1 Evacuation Pause) 6713M->2210M(8192M) 152.543ms
[6106.633s][info][gc,cpu         ] GC(942) User=1.21s Sys=0.00s Real=0.15s
....|[6110.131s][info][gc,start       ] GC(943) Pause Young (Normal) (G1 Evacuation Pause)
[6110.131s][info][gc,task        ] GC(943) Using 8 workers of 8 for evacuation
[6110.279s][info][gc,phases      ] GC(943)   Pre Evacuate Collection Set: 0.23ms
[6110.279s][info][gc,phases      ] GC(943)   Merge Heap Roots: 0.55ms
[6110.279s][info][gc,phases      ] GC(943)   Evacuate Collection Set: 146.51ms
[6110.279s][info][gc,phases      ] GC(943)   Post Evacuate Collection Set: 1.00ms
[6110.279s][info][gc,phases      ] GC(943)   Other: 0.06ms
[6110.279s][info][gc,heap        ] GC(943) Eden regions: 570->0(572)
[6110.279s][info][gc,heap        ] GC(943) Survivor regions: 44->42(77)
[6110.279s][info][gc,heap        ] GC(943) Old regions: 201->209
[6110.279s][info][gc,heap        ] GC(943) Humongous regions: 33->33
[6110.279s][info][gc,metaspace   ] GC(943) Metaspace: 30013K(30144K)->30013K(30144K) NonClass: 30013K(30144K)->30013K(30144K) Class: 0K(0K)->0K(0K)
[6110.279s][info][gc             ] GC(943) Pause Young (Normal) (G1 Evacuation Pause) 6770M->2253M(8192M) 148.492ms
[6110.279s][info][gc,cpu         ] GC(943) User=1.18s Sys=0.00s Real=0.14s
....[6113.945s][info][gc,start       ] GC(944) Pause Young (Normal) (G1 Evacuation Pause)
[6113.945s][info][gc,task        ] GC(944) Using 8 workers of 8 for evacuation
[6114.101s][info][gc,phases      ] GC(944)   Pre Evacuate Collection Set: 0.23ms
[6114.101s][info][gc,phases      ] GC(944)   Merge Heap Roots: 0.48ms
[6114.101s][info][gc,phases      ] GC(944)   Evacuate Collection Set: 154.58ms
[6114.102s][info][gc,phases      ] GC(944)   Post Evacuate Collection Set: 1.03ms
[6114.102s][info][gc,phases      ] GC(944)   Other: 0.07ms
[6114.102s][info][gc,heap        ] GC(944) Eden regions: 572->0(569)
[6114.102s][info][gc,heap        ] GC(944) Survivor regions: 42->45(77)
[6114.102s][info][gc,heap        ] GC(944) Old regions: 209->216
[6114.102s][info][gc,heap        ] GC(944) Humongous regions: 33->33
[6114.102s][info][gc,metaspace   ] GC(944) Metaspace: 30013K(30144K)->30013K(30144K) NonClass: 30013K(30144K)->30013K(30144K) Class: 0K(0K)->0K(0K)
[6114.102s][info][gc             ] GC(944) Pause Young (Normal) (G1 Evacuation Pause) 6829M->2334M(8192M) 156.528ms
[6114.102s][info][gc,cpu         ] GC(944) User=1.24s Sys=0.00s Real=0.16s
....[6117.660s][info][gc,start       ] GC(945) Pause Young (Normal) (G1 Evacuation Pause)
[6117.660s][info][gc,task        ] GC(945) Using 8 workers of 8 for evacuation
[6117.816s][info][gc,phases      ] GC(945)   Pre Evacuate Collection Set: 0.22ms
[6117.816s][info][gc,phases      ] GC(945)   Merge Heap Roots: 0.49ms
[6117.816s][info][gc,phases      ] GC(945)   Evacuate Collection Set: 153.74ms
[6117.816s][info][gc,phases      ] GC(945)   Post Evacuate Collection Set: 1.02ms
[6117.816s][info][gc,phases      ] GC(945)   Other: 0.06ms
[6117.816s][info][gc,heap        ] GC(945) Eden regions: 569->0(571)
[6117.816s][info][gc,heap        ] GC(945) Survivor regions: 45->43(77)
[6117.816s][info][gc,heap        ] GC(945) Old regions: 216->223
[6117.816s][info][gc,heap        ] GC(945) Humongous regions: 33->33
[6117.816s][info][gc,metaspace   ] GC(945) Metaspace: 30013K(30144K)->30013K(30144K) NonClass: 30013K(30144K)->30013K(30144K) Class: 0K(0K)->0K(0K)
[6117.816s][info][gc             ] GC(945) Pause Young (Normal) (G1 Evacuation Pause) 6886M->2377M(8192M) 155.663ms
[6117.816s][info][gc,cpu         ] GC(945) User=1.24s Sys=0.00s Real=0.15s
...[6121.404s][info][gc,start       ] GC(946) Pause Young (Normal) (G1 Evacuation Pause)
[6121.404s][info][gc,task        ] GC(946) Using 8 workers of 8 for evacuation
[6121.556s][info][gc,phases      ] GC(946)   Pre Evacuate Collection Set: 0.26ms
[6121.556s][info][gc,phases      ] GC(946)   Merge Heap Roots: 0.54ms
[6121.556s][info][gc,phases      ] GC(946)   Evacuate Collection Set: 149.82ms
[6121.556s][info][gc,phases      ] GC(946)   Post Evacuate Collection Set: 1.02ms
[6121.556s][info][gc,phases      ] GC(946)   Other: 0.06ms
[6121.556s][info][gc,heap        ] GC(946) Eden regions: 571->0(570)
[6121.556s][info][gc,heap        ] GC(946) Survivor regions: 43->44(77)
[6121.556s][info][gc,heap        ] GC(946) Old regions: 223->230
[6121.556s][info][gc,heap        ] GC(946) Humongous regions: 33->33
[6121.556s][info][gc,metaspace   ] GC(946) Metaspace: 30013K(30144K)->30013K(30144K) NonClass: 30013K(30144K)->30013K(30144K) Class: 0K(0K)->0K(0K)
[6121.556s][info][gc             ] GC(946) Pause Young (Normal) (G1 Evacuation Pause) 6945M->2443M(8192M) 151.836ms
[6121.556s][info][gc,cpu         ] GC(946) User=1.20s Sys=0.00s Real=0.15s
....[6125.055s][info][gc,start       ] GC(947) Pause Young (Normal) (G1 Evacuation Pause)
[6125.055s][info][gc,task        ] GC(947) Using 8 workers of 8 for evacuation
[6125.205s][info][gc,phases      ] GC(947)   Pre Evacuate Collection Set: 0.23ms
[6125.205s][info][gc,phases      ] GC(947)   Merge Heap Roots: 0.50ms
[6125.205s][info][gc,phases      ] GC(947)   Evacuate Collection Set: 148.07ms
[6125.205s][info][gc,phases      ] GC(947)   Post Evacuate Collection Set: 1.03ms
[6125.205s][info][gc,phases      ] GC(947)   Other: 0.06ms
[6125.205s][info][gc,heap        ] GC(947) Eden regions: 570->0(571)
[6125.205s][info][gc,heap        ] GC(947) Survivor regions: 44->43(77)
[6125.205s][info][gc,heap        ] GC(947) Old regions: 230->237
[6125.205s][info][gc,heap        ] GC(947) Humongous regions: 33->33
[6125.205s][info][gc,metaspace   ] GC(947) Metaspace: 30013K(30144K)->30013K(30144K) NonClass: 30013K(30144K)->30013K(30144K) Class: 0K(0K)->0K(0K)
[6125.205s][info][gc             ] GC(947) Pause Young (Normal) (G1 Evacuation Pause) 7003M->2491M(8192M) 150.022ms
[6125.205s][info][gc,cpu         ] GC(947) User=1.19s Sys=0.00s Real=0.15s
....[6128.802s][info][gc,start       ] GC(948) Pause Young (Normal) (G1 Evacuation Pause)
[6128.802s][info][gc,task        ] GC(948) Using 8 workers of 8 for evacuation
[6128.960s][info][gc,phases      ] GC(948)   Pre Evacuate Collection Set: 0.22ms
[6128.960s][info][gc,phases      ] GC(948)   Merge Heap Roots: 0.52ms
[6128.960s][info][gc,phases      ] GC(948)   Evacuate Collection Set: 156.11ms
[6128.960s][info][gc,phases      ] GC(948)   Post Evacuate Collection Set: 1.05ms
[6128.960s][info][gc,phases      ] GC(948)   Other: 0.06ms
[6128.960s][info][gc,heap        ] GC(948) Eden regions: 571->0(569)
[6128.960s][info][gc,heap        ] GC(948) Survivor regions: 43->45(77)
[6128.960s][info][gc,heap        ] GC(948) Old regions: 237->245
[6128.960s][info][gc,heap        ] GC(948) Humongous regions: 33->33
[6128.960s][info][gc,metaspace   ] GC(948) Metaspace: 30013K(30144K)->30013K(30144K) NonClass: 30013K(30144K)->30013K(30144K) Class: 0K(0K)->0K(0K)
[6128.960s][info][gc             ] GC(948) Pause Young (Normal) (G1 Evacuation Pause) 7059M->2566M(8192M) 158.104ms
[6128.960s][info][gc,cpu         ] GC(948) User=1.25s Sys=0.00s Real=0.16s
...[6132.403s][info][gc,start       ] GC(949) Pause Young (Normal) (G1 Evacuation Pause)
[6132.403s][info][gc,task        ] GC(949) Using 8 workers of 8 for evacuation
[6132.561s][info][gc,phases      ] GC(949)   Pre Evacuate Collection Set: 0.22ms
[6132.561s][info][gc,phases      ] GC(949)   Merge Heap Roots: 0.48ms
[6132.561s][info][gc,phases      ] GC(949)   Evacuate Collection Set: 155.65ms
[6132.561s][info][gc,phases      ] GC(949)   Post Evacuate Collection Set: 1.00ms
[6132.561s][info][gc,phases      ] GC(949)   Other: 0.06ms
[6132.561s][info][gc,heap        ] GC(949) Eden regions: 569->0(569)
[6132.561s][info][gc,heap        ] GC(949) Survivor regions: 45->45(77)
[6132.561s][info][gc,heap        ] GC(949) Old regions: 245->252
[6132.561s][info][gc,heap        ] GC(949) Humongous regions: 33->33
[6132.561s][info][gc,metaspace   ] GC(949) Metaspace: 30013K(30144K)->30013K(30144K) NonClass: 30013K(30144K)->30013K(30144K) Class: 0K(0K)->0K(0K)
[6132.561s][info][gc             ] GC(949) Pause Young (Normal) (G1 Evacuation Pause) 7118M->2626M(8192M) 157.525ms
[6132.561s][info][gc,cpu         ] GC(949) User=1.25s Sys=0.00s Real=0.16s
....[6136.130s][info][gc,start       ] GC(950) Pause Young (Normal) (G1 Evacuation Pause)
[6136.130s][info][gc,task        ] GC(950) Using 8 workers of 8 for evacuation
[6136.280s][info][gc,phases      ] GC(950)   Pre Evacuate Collection Set: 0.23ms
[6136.280s][info][gc,phases      ] GC(950)   Merge Heap Roots: 0.49ms
[6136.280s][info][gc,phases      ] GC(950)   Evacuate Collection Set: 148.42ms
[6136.280s][info][gc,phases      ] GC(950)   Post Evacuate Collection Set: 1.01ms
[6136.280s][info][gc,phases      ] GC(950)   Other: 0.06ms
[6136.280s][info][gc,heap        ] GC(950) Eden regions: 569->0(571)
[6136.280s][info][gc,heap        ] GC(950) Survivor regions: 45->43(77)
[6136.280s][info][gc,heap        ] GC(950) Old regions: 252->259
[6136.280s][info][gc,heap        ] GC(950) Humongous regions: 33->33
[6136.280s][info][gc,metaspace   ] GC(950) Metaspace: 30013K(30144K)->30013K(30144K) NonClass: 30013K(30144K)->30013K(30144K) Class: 0K(0K)->0K(0K)
[6136.280s][info][gc             ] GC(950) Pause Young (Normal) (G1 Evacuation Pause) 7178M->2667M(8192M) 150.336ms
[6136.280s][info][gc,cpu         ] GC(950) User=1.19s Sys=0.00s Real=0.15s
....[6139.880s][info][gc,start       ] GC(951) Pause Young (Normal) (G1 Evacuation Pause)
[6139.880s][info][gc,task        ] GC(951) Using 8 workers of 8 for evacuation
[6140.034s][info][gc,phases      ] GC(951)   Pre Evacuate Collection Set: 0.24ms
[6140.034s][info][gc,phases      ] GC(951)   Merge Heap Roots: 0.50ms
[6140.034s][info][gc,phases      ] GC(951)   Evacuate Collection Set: 151.33ms
[6140.034s][info][gc,phases      ] GC(951)   Post Evacuate Collection Set: 1.00ms
[6140.034s][info][gc,phases      ] GC(951)   Other: 0.06ms
[6140.034s][info][gc,heap        ] GC(951) Eden regions: 571->0(570)
[6140.034s][info][gc,heap        ] GC(951) Survivor regions: 43->44(77)
[6140.034s][info][gc,heap        ] GC(951) Old regions: 259->266
[6140.034s][info][gc,heap        ] GC(951) Humongous regions: 33->33
[6140.034s][info][gc,metaspace   ] GC(951) Metaspace: 30013K(30144K)->30013K(30144K) NonClass: 30013K(30144K)->30013K(30144K) Class: 0K(0K)->0K(0K)
[6140.034s][info][gc             ] GC(951) Pause Young (Normal) (G1 Evacuation Pause) 7235M->2731M(8192M) 153.276ms
[6140.034s][info][gc,cpu         ] GC(951) User=1.22s Sys=0.00s Real=0.15s
...[6143.587s][info][gc,start       ] GC(952) Pause Young (Normal) (G1 Evacuation Pause)
[6143.587s][info][gc,task        ] GC(952) Using 8 workers of 8 for evacuation
[6143.737s][info][gc,phases      ] GC(952)   Pre Evacuate Collection Set: 0.25ms
[6143.737s][info][gc,phases      ] GC(952)   Merge Heap Roots: 0.52ms
[6143.737s][info][gc,phases      ] GC(952)   Evacuate Collection Set: 148.53ms
[6143.737s][info][gc,phases      ] GC(952)   Post Evacuate Collection Set: 1.05ms
[6143.737s][info][gc,phases      ] GC(952)   Other: 0.07ms
[6143.737s][info][gc,heap        ] GC(952) Eden regions: 570->0(570)
[6143.737s][info][gc,heap        ] GC(952) Survivor regions: 44->44(77)
[6143.737s][info][gc,heap        ] GC(952) Old regions: 266->273
[6143.737s][info][gc,heap        ] GC(952) Humongous regions: 33->33
[6143.737s][info][gc,metaspace   ] GC(952) Metaspace: 30013K(30144K)->30013K(30144K) NonClass: 30013K(30144K)->30013K(30144K) Class: 0K(0K)->0K(0K)
[6143.737s][info][gc             ] GC(952) Pause Young (Normal) (G1 Evacuation Pause) 7291M->2783M(8192M) 150.553ms
[6143.737s][info][gc,cpu         ] GC(952) User=1.19s Sys=0.00s Real=0.15s
....[6147.093s][info][gc,start       ] GC(953) Pause Young (Normal) (G1 Evacuation Pause)
[6147.093s][info][gc,task        ] GC(953) Using 8 workers of 8 for evacuation
[6147.245s][info][gc,phases      ] GC(953)   Pre Evacuate Collection Set: 0.23ms
[6147.245s][info][gc,phases      ] GC(953)   Merge Heap Roots: 0.48ms
[6147.245s][info][gc,phases      ] GC(953)   Evacuate Collection Set: 150.47ms
[6147.245s][info][gc,phases      ] GC(953)   Post Evacuate Collection Set: 1.02ms
[6147.245s][info][gc,phases      ] GC(953)   Other: 0.07ms
[6147.245s][info][gc,heap        ] GC(953) Eden regions: 570->0(570)
[6147.245s][info][gc,heap        ] GC(953) Survivor regions: 44->44(77)
[6147.245s][info][gc,heap        ] GC(953) Old regions: 273->281
[6147.245s][info][gc,heap        ] GC(953) Humongous regions: 33->33
[6147.245s][info][gc,metaspace   ] GC(953) Metaspace: 30013K(30144K)->30013K(30144K) NonClass: 30013K(30144K)->30013K(30144K) Class: 0K(0K)->0K(0K)
[6147.245s][info][gc             ] GC(953) Pause Young (Normal) (G1 Evacuation Pause) 7343M->2843M(8192M) 152.389ms
[6147.245s][info][gc,cpu         ] GC(953) User=1.21s Sys=0.00s Real=0.15s
....[6150.860s][info][gc,start       ] GC(954) Pause Young (Normal) (G1 Evacuation Pause)
[6150.860s][info][gc,task        ] GC(954) Using 8 workers of 8 for evacuation
[6151.012s][info][gc,phases      ] GC(954)   Pre Evacuate Collection Set: 0.26ms
[6151.013s][info][gc,phases      ] GC(954)   Merge Heap Roots: 0.49ms
[6151.013s][info][gc,phases      ] GC(954)   Evacuate Collection Set: 151.04ms
[6151.013s][info][gc,phases      ] GC(954)   Post Evacuate Collection Set: 1.03ms
[6151.013s][info][gc,phases      ] GC(954)   Other: 0.07ms
[6151.013s][info][gc,heap        ] GC(954) Eden regions: 570->0(562)
[6151.013s][info][gc,heap        ] GC(954) Survivor regions: 44->44(77)
[6151.013s][info][gc,heap        ] GC(954) Old regions: 281->289
[6151.013s][info][gc,heap        ] GC(954) Humongous regions: 33->33
[6151.013s][info][gc,metaspace   ] GC(954) Metaspace: 30013K(30144K)->30013K(30144K) NonClass: 30013K(30144K)->30013K(30144K) Class: 0K(0K)->0K(0K)
[6151.013s][info][gc             ] GC(954) Pause Young (Normal) (G1 Evacuation Pause) 7403M->2909M(8192M) 153.021ms
[6151.013s][info][gc,cpu         ] GC(954) User=1.21s Sys=0.00s Real=0.16s
...[6154.470s][info][gc,start       ] GC(955) Pause Young (Normal) (G1 Evacuation Pause)
[6154.470s][info][gc,task        ] GC(955) Using 8 workers of 8 for evacuation
[6154.617s][info][gc,phases      ] GC(955)   Pre Evacuate Collection Set: 0.23ms
[6154.618s][info][gc,phases      ] GC(955)   Merge Heap Roots: 0.49ms
[6154.618s][info][gc,phases      ] GC(955)   Evacuate Collection Set: 145.88ms
[6154.618s][info][gc,phases      ] GC(955)   Post Evacuate Collection Set: 1.03ms
[6154.618s][info][gc,phases      ] GC(955)   Other: 0.06ms
[6154.618s][info][gc,heap        ] GC(955) Eden regions: 562->0(555)
[6154.618s][info][gc,heap        ] GC(955) Survivor regions: 44->44(76)
[6154.618s][info][gc,heap        ] GC(955) Old regions: 289->296
[6154.618s][info][gc,heap        ] GC(955) Humongous regions: 33->33
[6154.618s][info][gc,metaspace   ] GC(955) Metaspace: 30013K(30144K)->30013K(30144K) NonClass: 30013K(30144K)->30013K(30144K) Class: 0K(0K)->0K(0K)
[6154.618s][info][gc             ] GC(955) Pause Young (Normal) (G1 Evacuation Pause) 7405M->2962M(8192M) 147.848ms
[6154.618s][info][gc,cpu         ] GC(955) User=1.17s Sys=0.00s Real=0.14s
....[6158.118s][info][gc,start       ] GC(956) Pause Young (Normal) (G1 Evacuation Pause)
[6158.118s][info][gc,task        ] GC(956) Using 8 workers of 8 for evacuation
[6158.264s][info][gc,phases      ] GC(956)   Pre Evacuate Collection Set: 0.25ms
[6158.264s][info][gc,phases      ] GC(956)   Merge Heap Roots: 0.50ms
[6158.264s][info][gc,phases      ] GC(956)   Evacuate Collection Set: 144.26ms
[6158.264s][info][gc,phases      ] GC(956)   Post Evacuate Collection Set: 1.01ms
[6158.264s][info][gc,phases      ] GC(956)   Other: 0.06ms
[6158.264s][info][gc,heap        ] GC(956) Eden regions: 555->0(550)
[6158.264s][info][gc,heap        ] GC(956) Survivor regions: 44->43(75)
[6158.264s][info][gc,heap        ] GC(956) Old regions: 296->303
[6158.264s][info][gc,heap        ] GC(956) Humongous regions: 33->33
[6158.264s][info][gc,metaspace   ] GC(956) Metaspace: 30013K(30144K)->30013K(30144K) NonClass: 30013K(30144K)->30013K(30144K) Class: 0K(0K)->0K(0K)
[6158.264s][info][gc             ] GC(956) Pause Young (Normal) (G1 Evacuation Pause) 7402M->3013M(8192M) 146.214ms
[6158.264s][info][gc,cpu         ] GC(956) User=1.16s Sys=0.00s Real=0.15s
...[6161.665s][info][gc,start       ] GC(957) Pause Young (Concurrent Start) (G1 Evacuation Pause)
[6161.666s][info][gc,task        ] GC(957) Using 8 workers of 8 for evacuation
[6161.813s][info][gc,phases      ] GC(957)   Pre Evacuate Collection Set: 0.28ms
[6161.813s][info][gc,phases      ] GC(957)   Merge Heap Roots: 0.48ms
[6161.813s][info][gc,phases      ] GC(957)   Evacuate Collection Set: 145.39ms
[6161.813s][info][gc,phases      ] GC(957)   Post Evacuate Collection Set: 1.03ms
[6161.813s][info][gc,phases      ] GC(957)   Other: 0.09ms
[6161.813s][info][gc,heap        ] GC(957) Eden regions: 550->0(544)
[6161.813s][info][gc,heap        ] GC(957) Survivor regions: 43->42(75)
[6161.813s][info][gc,heap        ] GC(957) Old regions: 303->311
[6161.813s][info][gc,heap        ] GC(957) Humongous regions: 33->33
[6161.813s][info][gc,metaspace   ] GC(957) Metaspace: 30013K(30144K)->30013K(30144K) NonClass: 30013K(30144K)->30013K(30144K) Class: 0K(0K)->0K(0K)
[6161.813s][info][gc             ] GC(957) Pause Young (Concurrent Start) (G1 Evacuation Pause) 7413M->3069M(8192M) 147.414ms
[6161.813s][info][gc             ] GC(958) Concurrent Mark Cycle
[6161.813s][info][gc,marking     ] GC(958) Concurrent Scan Root Regions
[6161.813s][info][gc,cpu         ] GC(957) User=1.17s Sys=0.01s Real=0.15s
.[6162.133s][info][gc,marking     ] GC(958) Concurrent Scan Root Regions 320.271ms
[6162.133s][info][gc,marking     ] GC(958) Concurrent Mark
[6162.133s][info][gc,marking     ] GC(958) Concurrent Mark From Roots
[6162.133s][info][gc,task        ] GC(958) Using 2 workers of 2 for marking
.[6163.441s][info][gc,marking     ] GC(958) Concurrent Mark From Roots 1307.452ms
[6163.441s][info][gc,marking     ] GC(958) Concurrent Preclean
[6163.441s][info][gc,marking     ] GC(958) Concurrent Preclean 0.118ms
[6163.441s][info][gc,start       ] GC(958) Pause Remark
[6163.444s][info][gc             ] GC(958) Pause Remark 4925M->4301M(8192M) 2.792ms
[6163.444s][info][gc,cpu         ] GC(958) User=0.02s Sys=0.00s Real=0.00s
[6163.444s][info][gc,marking     ] GC(958) Concurrent Mark 1310.653ms
[6163.444s][info][gc,marking     ] GC(958) Concurrent Rebuild Remembered Sets and Scrub Regions
.[6164.438s][info][gc,marking     ] GC(958) Concurrent Rebuild Remembered Sets and Scrub Regions 993.868ms
[6164.438s][info][gc,start       ] GC(958) Pause Cleanup
[6164.438s][info][gc             ] GC(958) Pause Cleanup 5741M->5741M(8192M) 0.256ms
[6164.438s][info][gc,cpu         ] GC(958) User=0.00s Sys=0.00s Real=0.00s
[6164.438s][info][gc,marking     ] GC(958) Concurrent Clear Claimed Marks
[6164.438s][info][gc,marking     ] GC(958) Concurrent Clear Claimed Marks 0.038ms
[6164.438s][info][gc,marking     ] GC(958) Concurrent Cleanup for Next Mark
[6164.449s][info][gc,marking     ] GC(958) Concurrent Cleanup for Next Mark 10.618ms
[6164.449s][info][gc             ] GC(958) Concurrent Mark Cycle 2636.078ms
.[6165.192s][info][gc,start       ] GC(959) Pause Young (Prepare Mixed) (G1 Evacuation Pause)
[6165.192s][info][gc,task        ] GC(959) Using 8 workers of 8 for evacuation
[6165.339s][info][gc,phases      ] GC(959)   Pre Evacuate Collection Set: 0.27ms
[6165.339s][info][gc,phases      ] GC(959)   Merge Heap Roots: 0.71ms
[6165.339s][info][gc,phases      ] GC(959)   Evacuate Collection Set: 145.15ms
[6165.339s][info][gc,phases      ] GC(959)   Post Evacuate Collection Set: 1.10ms
[6165.339s][info][gc,phases      ] GC(959)   Other: 0.07ms
[6165.339s][info][gc,heap        ] GC(959) Eden regions: 544->0(572)
[6165.339s][info][gc,heap        ] GC(959) Survivor regions: 42->42(74)
[6165.339s][info][gc,heap        ] GC(959) Old regions: 233->240
[6165.339s][info][gc,heap        ] GC(959) Humongous regions: 33->33
[6165.339s][info][gc,metaspace   ] GC(959) Metaspace: 30013K(30144K)->30013K(30144K) NonClass: 30013K(30144K)->30013K(30144K) Class: 0K(0K)->0K(0K)
[6165.339s][info][gc             ] GC(959) Pause Young (Prepare Mixed) (G1 Evacuation Pause) 6797M->2503M(8192M) 147.420ms
[6165.339s][info][gc,cpu         ] GC(959) User=1.17s Sys=0.00s Real=0.14s
....[6169.076s][info][gc,start       ] GC(960) Pause Young (Mixed) (G1 Evacuation Pause)
[6169.076s][info][gc,task        ] GC(960) Using 8 workers of 8 for evacuation
[6169.231s][info][gc,phases      ] GC(960)   Pre Evacuate Collection Set: 0.27ms
[6169.231s][info][gc,phases      ] GC(960)   Merge Heap Roots: 0.80ms
[6169.231s][info][gc,phases      ] GC(960)   Evacuate Collection Set: 152.93ms
[6169.231s][info][gc,phases      ] GC(960)   Post Evacuate Collection Set: 1.21ms
[6169.231s][info][gc,phases      ] GC(960)   Other: 0.09ms
[6169.231s][info][gc,heap        ] GC(960) Eden regions: 572->0(572)
[6169.231s][info][gc,heap        ] GC(960) Survivor regions: 42->42(77)
[6169.231s][info][gc,heap        ] GC(960) Old regions: 240->146
[6169.231s][info][gc,heap        ] GC(960) Humongous regions: 33->33
[6169.231s][info][gc,metaspace   ] GC(960) Metaspace: 30013K(30144K)->30013K(30144K) NonClass: 30013K(30144K)->30013K(30144K) Class: 0K(0K)->0K(0K)
[6169.231s][info][gc             ] GC(960) Pause Young (Mixed) (G1 Evacuation Pause) 7079M->1750M(8192M) 155.436ms
[6169.231s][info][gc,cpu         ] GC(960) User=1.23s Sys=0.00s Real=0.16s
. (rIR:aIR:PR = 10378:10359:10361) (tPR = 153137) [OK] 
  6169s: Performance info:
         Transaction,    Success,    Partial,     Failed,   Receipts, AvgBarcode, 
             Overall,     623549,          0,          0,     592211,      59.47, 
         Response times:
             Request,    Success,    Partial,     Failed,   SkipFail,     Probes,    Samples,      min,      p50,      p90,      p95,      p99,      max, 
       TotalPurchase,     592122,          0,          0,          0,     358398,     423226,      300,     7300,    41000,    77000,   172000,  1800000,
     InStorePurchase,     310914,          0,          0,          0,     188494,     222379,      300,     7300,    41000,    77000,   173000,  1800000,
      OnlinePurchase,     218346,          0,          0,          0,     131682,     155522,      300,     7300,    40000,    76000,   170000,  1800000,
        InstPurchase,      62862,          0,          0,          0,      38222,      45325,      400,     7300,    42000,    78000,   174000,  1800000,
          AssocOfCat,        620,          0,          0,          0,        525,        731,    27000,    55000,    98600,   145200,   240480,   448000,
      AssocOfProduct,       6290,          0,          0,          0,       3612,       4509,      900,     7500,    39000,    81000,   166000,   241000,
      BusinessReport,       1556,          0,          0,          0,       1441,       1906,    33000,    59000,   113000,   143000,   235930,   340000,
          CustBuyBeh,       6186,          0,          0,          0,       3588,       4493,      200,     6700,    47000,    86000,   178000,  1800000,
       ProductReturn,      16633,          0,          0,          0,       9893,      11948,      200,     7400,    42000,    78000,   171000,  1800000,

  6169s: (76%)   IR =  10516 ...[6172.936s][info][gc,start       ] GC(961) Pause Young (Mixed) (G1 Evacuation Pause)
[6172.936s][info][gc,task        ] GC(961) Using 8 workers of 8 for evacuation
[6173.094s][info][gc,phases      ] GC(961)   Pre Evacuate Collection Set: 0.24ms
[6173.094s][info][gc,phases      ] GC(961)   Merge Heap Roots: 0.65ms
[6173.094s][info][gc,phases      ] GC(961)   Evacuate Collection Set: 156.32ms
[6173.094s][info][gc,phases      ] GC(961)   Post Evacuate Collection Set: 1.03ms
[6173.094s][info][gc,phases      ] GC(961)   Other: 0.07ms
[6173.094s][info][gc,heap        ] GC(961) Eden regions: 572->0(570)
[6173.094s][info][gc,heap        ] GC(961) Survivor regions: 42->44(77)
[6173.094s][info][gc,heap        ] GC(961) Old regions: 146->143
[6173.094s][info][gc,heap        ] GC(961) Humongous regions: 33->33
[6173.094s][info][gc,metaspace   ] GC(961) Metaspace: 30013K(30144K)->30013K(30144K) NonClass: 30013K(30144K)->30013K(30144K) Class: 0K(0K)->0K(0K)
[6173.094s][info][gc             ] GC(961) Pause Young (Mixed) (G1 Evacuation Pause) 6326M->1747M(8192M) 158.446ms
[6173.094s][info][gc,cpu         ] GC(961) User=1.26s Sys=0.00s Real=0.16s
...[6176.477s][info][gc,start       ] GC(962) Pause Young (Normal) (G1 Evacuation Pause)
[6176.478s][info][gc,task        ] GC(962) Using 8 workers of 8 for evacuation
[6176.636s][info][gc,phases      ] GC(962)   Pre Evacuate Collection Set: 0.23ms
[6176.636s][info][gc,phases      ] GC(962)   Merge Heap Roots: 0.49ms
[6176.636s][info][gc,phases      ] GC(962)   Evacuate Collection Set: 156.66ms
[6176.636s][info][gc,phases      ] GC(962)   Post Evacuate Collection Set: 1.05ms
[6176.636s][info][gc,phases      ] GC(962)   Other: 0.07ms
[6176.636s][info][gc,heap        ] GC(962) Eden regions: 570->0(569)
[6176.636s][info][gc,heap        ] GC(962) Survivor regions: 44->45(77)
[6176.636s][info][gc,heap        ] GC(962) Old regions: 143->151
[6176.636s][info][gc,heap        ] GC(962) Humongous regions: 33->33
[6176.636s][info][gc,metaspace   ] GC(962) Metaspace: 30013K(30144K)->30013K(30144K) NonClass: 30013K(30144K)->30013K(30144K) Class: 0K(0K)->0K(0K)
[6176.636s][info][gc             ] GC(962) Pause Young (Normal) (G1 Evacuation Pause) 6307M->1813M(8192M) 158.632ms
[6176.636s][info][gc,cpu         ] GC(962) User=1.26s Sys=0.00s Real=0.16s
....|[6180.136s][info][gc,start       ] GC(963) Pause Young (Normal) (G1 Evacuation Pause)
[6180.136s][info][gc,task        ] GC(963) Using 8 workers of 8 for evacuation
[6180.286s][info][gc,phases      ] GC(963)   Pre Evacuate Collection Set: 0.23ms
[6180.286s][info][gc,phases      ] GC(963)   Merge Heap Roots: 0.48ms
[6180.286s][info][gc,phases      ] GC(963)   Evacuate Collection Set: 148.21ms
[6180.286s][info][gc,phases      ] GC(963)   Post Evacuate Collection Set: 1.02ms
[6180.286s][info][gc,phases      ] GC(963)   Other: 0.06ms
[6180.286s][info][gc,heap        ] GC(963) Eden regions: 569->0(571)
[6180.286s][info][gc,heap        ] GC(963) Survivor regions: 45->43(77)
[6180.286s][info][gc,heap        ] GC(963) Old regions: 151->158
[6180.286s][info][gc,heap        ] GC(963) Humongous regions: 33->33
[6180.286s][info][gc,metaspace   ] GC(963) Metaspace: 30013K(30144K)->30013K(30144K) NonClass: 30013K(30144K)->30013K(30144K) Class: 0K(0K)->0K(0K)
[6180.286s][info][gc             ] GC(963) Pause Young (Normal) (G1 Evacuation Pause) 6365M->1855M(8192M) 150.132ms
[6180.286s][info][gc,cpu         ] GC(963) User=1.19s Sys=0.00s Real=0.15s
...[6183.630s][info][gc,start       ] GC(964) Pause Young (Normal) (G1 Evacuation Pause)
[6183.630s][info][gc,task        ] GC(964) Using 8 workers of 8 for evacuation
[6183.780s][info][gc,phases      ] GC(964)   Pre Evacuate Collection Set: 0.24ms
[6183.780s][info][gc,phases      ] GC(964)   Merge Heap Roots: 0.50ms
[6183.780s][info][gc,phases      ] GC(964)   Evacuate Collection Set: 148.37ms
[6183.780s][info][gc,phases      ] GC(964)   Post Evacuate Collection Set: 1.01ms
[6183.780s][info][gc,phases      ] GC(964)   Other: 0.08ms
[6183.780s][info][gc,heap        ] GC(964) Eden regions: 571->0(570)
[6183.780s][info][gc,heap        ] GC(964) Survivor regions: 43->44(77)
[6183.780s][info][gc,heap        ] GC(964) Old regions: 158->165
[6183.780s][info][gc,heap        ] GC(964) Humongous regions: 33->33
[6183.780s][info][gc,metaspace   ] GC(964) Metaspace: 30013K(30144K)->30013K(30144K) NonClass: 30013K(30144K)->30013K(30144K) Class: 0K(0K)->0K(0K)
[6183.780s][info][gc             ] GC(964) Pause Young (Normal) (G1 Evacuation Pause) 6423M->1919M(8192M) 150.331ms
[6183.780s][info][gc,cpu         ] GC(964) User=1.20s Sys=0.00s Real=0.15s
....[6187.397s][info][gc,start       ] GC(965) Pause Young (Normal) (G1 Evacuation Pause)
[6187.397s][info][gc,task        ] GC(965) Using 8 workers of 8 for evacuation
[6187.549s][info][gc,phases      ] GC(965)   Pre Evacuate Collection Set: 0.27ms
[6187.549s][info][gc,phases      ] GC(965)   Merge Heap Roots: 0.52ms
[6187.549s][info][gc,phases      ] GC(965)   Evacuate Collection Set: 149.48ms
[6187.549s][info][gc,phases      ] GC(965)   Post Evacuate Collection Set: 1.03ms
[6187.549s][info][gc,phases      ] GC(965)   Other: 0.07ms
[6187.549s][info][gc,heap        ] GC(965) Eden regions: 570->0(571)
[6187.549s][info][gc,heap        ] GC(965) Survivor regions: 44->43(77)
[6187.549s][info][gc,heap        ] GC(965) Old regions: 165->172
[6187.549s][info][gc,heap        ] GC(965) Humongous regions: 33->33
[6187.549s][info][gc,metaspace   ] GC(965) Metaspace: 30013K(30144K)->30013K(30144K) NonClass: 30013K(30144K)->30013K(30144K) Class: 0K(0K)->0K(0K)
[6187.549s][info][gc             ] GC(965) Pause Young (Normal) (G1 Evacuation Pause) 6479M->1970M(8192M) 151.516ms
[6187.549s][info][gc,cpu         ] GC(965) User=1.20s Sys=0.00s Real=0.15s
....[6191.048s][info][gc,start       ] GC(966) Pause Young (Normal) (G1 Evacuation Pause)
[6191.048s][info][gc,task        ] GC(966) Using 8 workers of 8 for evacuation
[6191.199s][info][gc,phases      ] GC(966)   Pre Evacuate Collection Set: 0.24ms
[6191.199s][info][gc,phases      ] GC(966)   Merge Heap Roots: 0.50ms
[6191.199s][info][gc,phases      ] GC(966)   Evacuate Collection Set: 149.31ms
[6191.199s][info][gc,phases      ] GC(966)   Post Evacuate Collection Set: 1.03ms
[6191.199s][info][gc,phases      ] GC(966)   Other: 0.06ms
[6191.199s][info][gc,heap        ] GC(966) Eden regions: 571->0(570)
[6191.199s][info][gc,heap        ] GC(966) Survivor regions: 43->44(77)
[6191.199s][info][gc,heap        ] GC(966) Old regions: 172->179
[6191.199s][info][gc,heap        ] GC(966) Humongous regions: 33->33
[6191.199s][info][gc,metaspace   ] GC(966) Metaspace: 30013K(30144K)->30013K(30144K) NonClass: 30013K(30144K)->30013K(30144K) Class: 0K(0K)->0K(0K)
[6191.199s][info][gc             ] GC(966) Pause Young (Normal) (G1 Evacuation Pause) 6538M->2030M(8192M) 151.266ms
[6191.199s][info][gc,cpu         ] GC(966) User=1.19s Sys=0.00s Real=0.15s
...[6194.749s][info][gc,start       ] GC(967) Pause Young (Normal) (G1 Evacuation Pause)
[6194.749s][info][gc,task        ] GC(967) Using 8 workers of 8 for evacuation
[6194.905s][info][gc,phases      ] GC(967)   Pre Evacuate Collection Set: 0.22ms
[6194.905s][info][gc,phases      ] GC(967)   Merge Heap Roots: 0.48ms
[6194.905s][info][gc,phases      ] GC(967)   Evacuate Collection Set: 154.74ms
[6194.905s][info][gc,phases      ] GC(967)   Post Evacuate Collection Set: 1.02ms
[6194.905s][info][gc,phases      ] GC(967)   Other: 0.06ms
[6194.905s][info][gc,heap        ] GC(967) Eden regions: 570->0(568)
[6194.905s][info][gc,heap        ] GC(967) Survivor regions: 44->46(77)
[6194.905s][info][gc,heap        ] GC(967) Old regions: 179->187
[6194.905s][info][gc,heap        ] GC(967) Humongous regions: 33->33
[6194.905s][info][gc,metaspace   ] GC(967) Metaspace: 30013K(30144K)->30013K(30144K) NonClass: 30013K(30144K)->30013K(30144K) Class: 0K(0K)->0K(0K)
[6194.905s][info][gc             ] GC(967) Pause Young (Normal) (G1 Evacuation Pause) 6590M->2106M(8192M) 156.666ms
[6194.905s][info][gc,cpu         ] GC(967) User=1.24s Sys=0.01s Real=0.16s
....[6198.278s][info][gc,start       ] GC(968) Pause Young (Normal) (G1 Evacuation Pause)
[6198.278s][info][gc,task        ] GC(968) Using 8 workers of 8 for evacuation
[6198.427s][info][gc,phases      ] GC(968)   Pre Evacuate Collection Set: 0.22ms
[6198.427s][info][gc,phases      ] GC(968)   Merge Heap Roots: 0.48ms
[6198.427s][info][gc,phases      ] GC(968)   Evacuate Collection Set: 147.12ms
[6198.427s][info][gc,phases      ] GC(968)   Post Evacuate Collection Set: 1.01ms
[6198.427s][info][gc,phases      ] GC(968)   Other: 0.06ms
[6198.427s][info][gc,heap        ] GC(968) Eden regions: 568->0(571)
[6198.427s][info][gc,heap        ] GC(968) Survivor regions: 46->43(77)
[6198.427s][info][gc,heap        ] GC(968) Old regions: 187->194
[6198.427s][info][gc,heap        ] GC(968) Humongous regions: 33->33
[6198.427s][info][gc,metaspace   ] GC(968) Metaspace: 30013K(30144K)->30013K(30144K) NonClass: 30013K(30144K)->30013K(30144K) Class: 0K(0K)->0K(0K)
[6198.427s][info][gc             ] GC(968) Pause Young (Normal) (G1 Evacuation Pause) 6650M->2145M(8192M) 149.026ms
[6198.427s][info][gc,cpu         ] GC(968) User=1.18s Sys=0.00s Real=0.15s
....[6202.003s][info][gc,start       ] GC(969) Pause Young (Normal) (G1 Evacuation Pause)
[6202.003s][info][gc,task        ] GC(969) Using 8 workers of 8 for evacuation
[6202.161s][info][gc,phases      ] GC(969)   Pre Evacuate Collection Set: 0.22ms
[6202.161s][info][gc,phases      ] GC(969)   Merge Heap Roots: 0.49ms
[6202.161s][info][gc,phases      ] GC(969)   Evacuate Collection Set: 155.91ms
[6202.161s][info][gc,phases      ] GC(969)   Post Evacuate Collection Set: 1.04ms
[6202.161s][info][gc,phases      ] GC(969)   Other: 0.06ms
[6202.161s][info][gc,heap        ] GC(969) Eden regions: 571->0(568)
[6202.161s][info][gc,heap        ] GC(969) Survivor regions: 43->46(77)
[6202.161s][info][gc,heap        ] GC(969) Old regions: 194->201
[6202.161s][info][gc,heap        ] GC(969) Humongous regions: 33->33
[6202.161s][info][gc,metaspace   ] GC(969) Metaspace: 30013K(30144K)->30013K(30144K) NonClass: 30013K(30144K)->30013K(30144K) Class: 0K(0K)->0K(0K)
[6202.161s][info][gc             ] GC(969) Pause Young (Normal) (G1 Evacuation Pause) 6713M->2221M(8192M) 157.852ms
[6202.161s][info][gc,cpu         ] GC(969) User=1.25s Sys=0.00s Real=0.16s
...[6205.621s][info][gc,start       ] GC(970) Pause Young (Normal) (G1 Evacuation Pause)
[6205.621s][info][gc,task        ] GC(970) Using 8 workers of 8 for evacuation
[6205.774s][info][gc,phases      ] GC(970)   Pre Evacuate Collection Set: 0.23ms
[6205.774s][info][gc,phases      ] GC(970)   Merge Heap Roots: 0.56ms
[6205.774s][info][gc,phases      ] GC(970)   Evacuate Collection Set: 150.99ms
[6205.774s][info][gc,phases      ] GC(970)   Post Evacuate Collection Set: 1.02ms
[6205.774s][info][gc,phases      ] GC(970)   Other: 0.06ms
[6205.774s][info][gc,heap        ] GC(970) Eden regions: 568->0(570)
[6205.774s][info][gc,heap        ] GC(970) Survivor regions: 46->44(77)
[6205.774s][info][gc,heap        ] GC(970) Old regions: 201->208
[6205.774s][info][gc,heap        ] GC(970) Humongous regions: 33->33
[6205.774s][info][gc,metaspace   ] GC(970) Metaspace: 30013K(30144K)->30013K(30144K) NonClass: 30013K(30144K)->30013K(30144K) Class: 0K(0K)->0K(0K)
[6205.774s][info][gc             ] GC(970) Pause Young (Normal) (G1 Evacuation Pause) 6765M->2267M(8192M) 152.985ms
[6205.774s][info][gc,cpu         ] GC(970) User=1.20s Sys=0.00s Real=0.15s
....[6209.293s][info][gc,start       ] GC(971) Pause Young (Normal) (G1 Evacuation Pause)
[6209.293s][info][gc,task        ] GC(971) Using 8 workers of 8 for evacuation
[6209.440s][info][gc,phases      ] GC(971)   Pre Evacuate Collection Set: 0.23ms
[6209.440s][info][gc,phases      ] GC(971)   Merge Heap Roots: 0.49ms
[6209.440s][info][gc,phases      ] GC(971)   Evacuate Collection Set: 144.36ms
[6209.440s][info][gc,phases      ] GC(971)   Post Evacuate Collection Set: 1.08ms
[6209.440s][info][gc,phases      ] GC(971)   Other: 0.06ms
[6209.440s][info][gc,heap        ] GC(971) Eden regions: 570->0(572)
[6209.440s][info][gc,heap        ] GC(971) Survivor regions: 44->42(77)
[6209.440s][info][gc,heap        ] GC(971) Old regions: 208->216
[6209.440s][info][gc,heap        ] GC(971) Humongous regions: 33->33
[6209.440s][info][gc,metaspace   ] GC(971) Metaspace: 30013K(30144K)->30013K(30144K) NonClass: 30013K(30144K)->30013K(30144K) Class: 0K(0K)->0K(0K)
[6209.440s][info][gc             ] GC(971) Pause Young (Normal) (G1 Evacuation Pause) 6827M->2309M(8192M) 146.361ms
[6209.440s][info][gc,cpu         ] GC(971) User=1.16s Sys=0.00s Real=0.14s
...[6212.823s][info][gc,start       ] GC(972) Pause Young (Normal) (G1 Evacuation Pause)
[6212.823s][info][gc,task        ] GC(972) Using 8 workers of 8 for evacuation
[6212.974s][info][gc,phases      ] GC(972)   Pre Evacuate Collection Set: 0.26ms
[6212.974s][info][gc,phases      ] GC(972)   Merge Heap Roots: 0.50ms
[6212.974s][info][gc,phases      ] GC(972)   Evacuate Collection Set: 148.81ms
[6212.974s][info][gc,phases      ] GC(972)   Post Evacuate Collection Set: 1.03ms
[6212.974s][info][gc,phases      ] GC(972)   Other: 0.06ms
[6212.974s][info][gc,heap        ] GC(972) Eden regions: 572->0(571)
[6212.974s][info][gc,heap        ] GC(972) Survivor regions: 42->43(77)
[6212.974s][info][gc,heap        ] GC(972) Old regions: 216->222
[6212.974s][info][gc,heap        ] GC(972) Humongous regions: 33->33
[6212.974s][info][gc,metaspace   ] GC(972) Metaspace: 30013K(30144K)->30013K(30144K) NonClass: 30013K(30144K)->30013K(30144K) Class: 0K(0K)->0K(0K)
[6212.974s][info][gc             ] GC(972) Pause Young (Normal) (G1 Evacuation Pause) 6885M->2371M(8192M) 150.782ms
[6212.974s][info][gc,cpu         ] GC(972) User=1.20s Sys=0.00s Real=0.15s
....[6216.538s][info][gc,start       ] GC(973) Pause Young (Normal) (G1 Evacuation Pause)
[6216.538s][info][gc,task        ] GC(973) Using 8 workers of 8 for evacuation
[6216.691s][info][gc,phases      ] GC(973)   Pre Evacuate Collection Set: 0.26ms
[6216.691s][info][gc,phases      ] GC(973)   Merge Heap Roots: 0.49ms
[6216.691s][info][gc,phases      ] GC(973)   Evacuate Collection Set: 151.56ms
[6216.691s][info][gc,phases      ] GC(973)   Post Evacuate Collection Set: 1.03ms
[6216.691s][info][gc,phases      ] GC(973)   Other: 0.06ms
[6216.691s][info][gc,heap        ] GC(973) Eden regions: 571->0(570)
[6216.691s][info][gc,heap        ] GC(973) Survivor regions: 43->44(77)
[6216.691s][info][gc,heap        ] GC(973) Old regions: 222->230
[6216.691s][info][gc,heap        ] GC(973) Humongous regions: 33->33
[6216.691s][info][gc,metaspace   ] GC(973) Metaspace: 30013K(30144K)->30013K(30144K) NonClass: 30013K(30144K)->30013K(30144K) Class: 0K(0K)->0K(0K)
[6216.691s][info][gc             ] GC(973) Pause Young (Normal) (G1 Evacuation Pause) 6939M->2437M(8192M) 153.538ms
[6216.691s][info][gc,cpu         ] GC(973) User=1.21s Sys=0.00s Real=0.16s
....[6220.250s][info][gc,start       ] GC(974) Pause Young (Normal) (G1 Evacuation Pause)
[6220.250s][info][gc,task        ] GC(974) Using 8 workers of 8 for evacuation
[6220.405s][info][gc,phases      ] GC(974)   Pre Evacuate Collection Set: 0.22ms
[6220.405s][info][gc,phases      ] GC(974)   Merge Heap Roots: 0.49ms
[6220.405s][info][gc,phases      ] GC(974)   Evacuate Collection Set: 153.31ms
[6220.405s][info][gc,phases      ] GC(974)   Post Evacuate Collection Set: 1.03ms
[6220.405s][info][gc,phases      ] GC(974)   Other: 0.06ms
[6220.406s][info][gc,heap        ] GC(974) Eden regions: 570->0(570)
[6220.406s][info][gc,heap        ] GC(974) Survivor regions: 44->44(77)
[6220.406s][info][gc,heap        ] GC(974) Old regions: 230->237
[6220.406s][info][gc,heap        ] GC(974) Humongous regions: 33->33
[6220.406s][info][gc,metaspace   ] GC(974) Metaspace: 30013K(30144K)->30013K(30144K) NonClass: 30013K(30144K)->30013K(30144K) Class: 0K(0K)->0K(0K)
[6220.406s][info][gc             ] GC(974) Pause Young (Normal) (G1 Evacuation Pause) 6997M->2491M(8192M) 155.246ms
[6220.406s][info][gc,cpu         ] GC(974) User=1.23s Sys=0.00s Real=0.15s
...[6223.821s][info][gc,start       ] GC(975) Pause Young (Normal) (G1 Evacuation Pause)
[6223.821s][info][gc,task        ] GC(975) Using 8 workers of 8 for evacuation
[6223.972s][info][gc,phases      ] GC(975)   Pre Evacuate Collection Set: 0.24ms
[6223.973s][info][gc,phases      ] GC(975)   Merge Heap Roots: 0.49ms
[6223.973s][info][gc,phases      ] GC(975)   Evacuate Collection Set: 149.51ms
[6223.973s][info][gc,phases      ] GC(975)   Post Evacuate Collection Set: 1.03ms
[6223.973s][info][gc,phases      ] GC(975)   Other: 0.06ms
[6223.973s][info][gc,heap        ] GC(975) Eden regions: 570->0(570)
[6223.973s][info][gc,heap        ] GC(975) Survivor regions: 44->44(77)
[6223.973s][info][gc,heap        ] GC(975) Old regions: 237->244
[6223.973s][info][gc,heap        ] GC(975) Humongous regions: 33->33
[6223.973s][info][gc,metaspace   ] GC(975) Metaspace: 30013K(30144K)->30013K(30144K) NonClass: 30013K(30144K)->30013K(30144K) Class: 0K(0K)->0K(0K)
[6223.973s][info][gc             ] GC(975) Pause Young (Normal) (G1 Evacuation Pause) 7051M->2551M(8192M) 151.462ms
[6223.973s][info][gc,cpu         ] GC(975) User=1.20s Sys=0.00s Real=0.15s
....[6227.512s][info][gc,start       ] GC(976) Pause Young (Normal) (G1 Evacuation Pause)
[6227.512s][info][gc,task        ] GC(976) Using 8 workers of 8 for evacuation
[6227.660s][info][gc,phases      ] GC(976)   Pre Evacuate Collection Set: 0.25ms
[6227.660s][info][gc,phases      ] GC(976)   Merge Heap Roots: 0.50ms
[6227.660s][info][gc,phases      ] GC(976)   Evacuate Collection Set: 146.37ms
[6227.660s][info][gc,phases      ] GC(976)   Post Evacuate Collection Set: 1.03ms
[6227.660s][info][gc,phases      ] GC(976)   Other: 0.06ms
[6227.660s][info][gc,heap        ] GC(976) Eden regions: 570->0(571)
[6227.660s][info][gc,heap        ] GC(976) Survivor regions: 44->43(77)
[6227.660s][info][gc,heap        ] GC(976) Old regions: 244->251
[6227.660s][info][gc,heap        ] GC(976) Humongous regions: 33->33
[6227.660s][info][gc,metaspace   ] GC(976) Metaspace: 30013K(30144K)->30013K(30144K) NonClass: 30013K(30144K)->30013K(30144K) Class: 0K(0K)->0K(0K)
[6227.660s][info][gc             ] GC(976) Pause Young (Normal) (G1 Evacuation Pause) 7111M->2603M(8192M) 148.365ms
[6227.660s][info][gc,cpu         ] GC(976) User=1.17s Sys=0.00s Real=0.15s
....[6231.060s][info][gc,start       ] GC(977) Pause Young (Normal) (G1 Evacuation Pause)
[6231.060s][info][gc,task        ] GC(977) Using 8 workers of 8 for evacuation
[6231.209s][info][gc,phases      ] GC(977)   Pre Evacuate Collection Set: 0.24ms
[6231.209s][info][gc,phases      ] GC(977)   Merge Heap Roots: 0.49ms
[6231.209s][info][gc,phases      ] GC(977)   Evacuate Collection Set: 147.54ms
[6231.209s][info][gc,phases      ] GC(977)   Post Evacuate Collection Set: 1.05ms
[6231.209s][info][gc,phases      ] GC(977)   Other: 0.06ms
[6231.209s][info][gc,heap        ] GC(977) Eden regions: 571->0(570)
[6231.209s][info][gc,heap        ] GC(977) Survivor regions: 43->44(77)
[6231.209s][info][gc,heap        ] GC(977) Old regions: 251->259
[6231.209s][info][gc,heap        ] GC(977) Humongous regions: 33->33
[6231.209s][info][gc,metaspace   ] GC(977) Metaspace: 30013K(30144K)->30013K(30144K) NonClass: 30013K(30144K)->30013K(30144K) Class: 0K(0K)->0K(0K)
[6231.209s][info][gc             ] GC(977) Pause Young (Normal) (G1 Evacuation Pause) 7171M->2666M(8192M) 149.504ms
[6231.209s][info][gc,cpu         ] GC(977) User=1.18s Sys=0.00s Real=0.15s
...[6234.645s][info][gc,start       ] GC(978) Pause Young (Normal) (G1 Evacuation Pause)
[6234.645s][info][gc,task        ] GC(978) Using 8 workers of 8 for evacuation
[6234.798s][info][gc,phases      ] GC(978)   Pre Evacuate Collection Set: 0.21ms
[6234.798s][info][gc,phases      ] GC(978)   Merge Heap Roots: 0.49ms
[6234.798s][info][gc,phases      ] GC(978)   Evacuate Collection Set: 150.86ms
[6234.798s][info][gc,phases      ] GC(978)   Post Evacuate Collection Set: 1.03ms
[6234.798s][info][gc,phases      ] GC(978)   Other: 0.08ms
[6234.798s][info][gc,heap        ] GC(978) Eden regions: 570->0(570)
[6234.798s][info][gc,heap        ] GC(978) Survivor regions: 44->44(77)
[6234.798s][info][gc,heap        ] GC(978) Old regions: 259->266
[6234.798s][info][gc,heap        ] GC(978) Humongous regions: 33->33
[6234.798s][info][gc,metaspace   ] GC(978) Metaspace: 30013K(30144K)->30013K(30144K) NonClass: 30013K(30144K)->30013K(30144K) Class: 0K(0K)->0K(0K)
[6234.798s][info][gc             ] GC(978) Pause Young (Normal) (G1 Evacuation Pause) 7226M->2726M(8192M) 152.817ms
[6234.798s][info][gc,cpu         ] GC(978) User=1.21s Sys=0.00s Real=0.15s
....[6238.342s][info][gc,start       ] GC(979) Pause Young (Normal) (G1 Evacuation Pause)
[6238.342s][info][gc,task        ] GC(979) Using 8 workers of 8 for evacuation
[6238.489s][info][gc,phases      ] GC(979)   Pre Evacuate Collection Set: 0.27ms
[6238.489s][info][gc,phases      ] GC(979)   Merge Heap Roots: 0.57ms
[6238.489s][info][gc,phases      ] GC(979)   Evacuate Collection Set: 145.43ms
[6238.489s][info][gc,phases      ] GC(979)   Post Evacuate Collection Set: 1.05ms
[6238.489s][info][gc,phases      ] GC(979)   Other: 0.06ms
[6238.489s][info][gc,heap        ] GC(979) Eden regions: 570->0(572)
[6238.489s][info][gc,heap        ] GC(979) Survivor regions: 44->42(77)
[6238.489s][info][gc,heap        ] GC(979) Old regions: 266->273
[6238.489s][info][gc,heap        ] GC(979) Humongous regions: 33->33
[6238.489s][info][gc,metaspace   ] GC(979) Metaspace: 30013K(30144K)->30013K(30144K) NonClass: 30013K(30144K)->30013K(30144K) Class: 0K(0K)->0K(0K)
[6238.489s][info][gc             ] GC(979) Pause Young (Normal) (G1 Evacuation Pause) 7286M->2771M(8192M) 147.506ms
[6238.489s][info][gc,cpu         ] GC(979) User=1.16s Sys=0.00s Real=0.14s
.. (rIR:aIR:PR = 10516:10562:10564) (tPR = 158669) [OK] 
  6239s: Performance info:
         Transaction,    Success,    Partial,     Failed,   Receipts, AvgBarcode, 
             Overall,     634450,          0,          0,     603156,      59.48, 
         Response times:
             Request,    Success,    Partial,     Failed,   SkipFail,     Probes,    Samples,      min,      p50,      p90,      p95,      p99,      max, 
       TotalPurchase,     603082,          0,          0,          0,     357136,     421044,      300,     7100,    32000,    68000,   135000,   730000,
     InStorePurchase,     314284,          0,          0,          0,     188026,     221360,      300,     7100,    31000,    67000,   134000,   730000,
      OnlinePurchase,     224799,          0,          0,          0,     131084,     154549,      300,     7200,    32000,    69000,   140000,   730000,
        InstPurchase,      63999,          0,          0,          0,      38026,      45135,      400,     7000,    33000,    68000,   132000,   730000,
          AssocOfCat,        636,          0,          0,          0,        537,        742,    31000,    57000,    96700,   143550,   205570,   239000,
      AssocOfProduct,       6176,          0,          0,          0,       3654,       4530,      700,     7400,    31000,    68450,   142690,   500000,
      BusinessReport,       1579,          0,          0,          0,       1432,       1832,    27000,    59000,   110000,   145000,   216000,   258000,
          CustBuyBeh,       6339,          0,          0,          0,       3628,       4505,      200,     7000,    29400,    62000,   125820,   730000,
       ProductReturn,      16560,          0,          0,          0,      10160,      12355,      200,     6900,    33000,    71000,   144440,   510000,

  6239s: (77%)   IR =  10654 .[6242.004s][info][gc,start       ] GC(980) Pause Young (Normal) (G1 Evacuation Pause)
[6242.004s][info][gc,task        ] GC(980) Using 8 workers of 8 for evacuation
[6242.156s][info][gc,phases      ] GC(980)   Pre Evacuate Collection Set: 0.24ms
[6242.156s][info][gc,phases      ] GC(980)   Merge Heap Roots: 0.62ms
[6242.156s][info][gc,phases      ] GC(980)   Evacuate Collection Set: 149.38ms
[6242.156s][info][gc,phases      ] GC(980)   Post Evacuate Collection Set: 1.01ms
[6242.156s][info][gc,phases      ] GC(980)   Other: 0.82ms
[6242.156s][info][gc,heap        ] GC(980) Eden regions: 572->0(570)
[6242.156s][info][gc,heap        ] GC(980) Survivor regions: 42->44(77)
[6242.156s][info][gc,heap        ] GC(980) Old regions: 273->280
[6242.156s][info][gc,heap        ] GC(980) Humongous regions: 33->33
[6242.156s][info][gc,metaspace   ] GC(980) Metaspace: 30013K(30144K)->30013K(30144K) NonClass: 30013K(30144K)->30013K(30144K) Class: 0K(0K)->0K(0K)
[6242.156s][info][gc             ] GC(980) Pause Young (Normal) (G1 Evacuation Pause) 7347M->2842M(8192M) 152.210ms
[6242.156s][info][gc,cpu         ] GC(980) User=1.20s Sys=0.00s Real=0.15s
....[6245.574s][info][gc,start       ] GC(981) Pause Young (Normal) (G1 Evacuation Pause)
[6245.575s][info][gc,task        ] GC(981) Using 8 workers of 8 for evacuation
[6245.726s][info][gc,phases      ] GC(981)   Pre Evacuate Collection Set: 0.25ms
[6245.726s][info][gc,phases      ] GC(981)   Merge Heap Roots: 0.50ms
[6245.726s][info][gc,phases      ] GC(981)   Evacuate Collection Set: 149.68ms
[6245.726s][info][gc,phases      ] GC(981)   Post Evacuate Collection Set: 1.03ms
[6245.726s][info][gc,phases      ] GC(981)   Other: 0.06ms
[6245.726s][info][gc,heap        ] GC(981) Eden regions: 570->0(566)
[6245.726s][info][gc,heap        ] GC(981) Survivor regions: 44->43(77)
[6245.726s][info][gc,heap        ] GC(981) Old regions: 280->287
[6245.726s][info][gc,heap        ] GC(981) Humongous regions: 33->33
[6245.726s][info][gc,metaspace   ] GC(981) Metaspace: 30013K(30144K)->30013K(30144K) NonClass: 30013K(30144K)->30013K(30144K) Class: 0K(0K)->0K(0K)
[6245.726s][info][gc             ] GC(981) Pause Young (Normal) (G1 Evacuation Pause) 7402M->2891M(8192M) 151.656ms
[6245.726s][info][gc,cpu         ] GC(981) User=1.20s Sys=0.00s Real=0.15s
...[6249.066s][info][gc,start       ] GC(982) Pause Young (Normal) (G1 Evacuation Pause)
[6249.066s][info][gc,task        ] GC(982) Using 8 workers of 8 for evacuation
[6249.215s][info][gc,phases      ] GC(982)   Pre Evacuate Collection Set: 0.26ms
[6249.215s][info][gc,phases      ] GC(982)   Merge Heap Roots: 0.56ms
[6249.215s][info][gc,phases      ] GC(982)   Evacuate Collection Set: 147.05ms
[6249.215s][info][gc,phases      ] GC(982)   Post Evacuate Collection Set: 1.01ms
[6249.215s][info][gc,phases      ] GC(982)   Other: 0.06ms
[6249.215s][info][gc,heap        ] GC(982) Eden regions: 566->0(558)
[6249.215s][info][gc,heap        ] GC(982) Survivor regions: 43->43(77)
[6249.215s][info][gc,heap        ] GC(982) Old regions: 287->295
[6249.215s][info][gc,heap        ] GC(982) Humongous regions: 33->33
[6249.215s][info][gc,metaspace   ] GC(982) Metaspace: 30013K(30144K)->30013K(30144K) NonClass: 30013K(30144K)->30013K(30144K) Class: 0K(0K)->0K(0K)
[6249.215s][info][gc             ] GC(982) Pause Young (Normal) (G1 Evacuation Pause) 7419M->2950M(8192M) 149.101ms
[6249.215s][info][gc,cpu         ] GC(982) User=1.18s Sys=0.00s Real=0.15s
....[6252.572s][info][gc,start       ] GC(983) Pause Young (Normal) (G1 Evacuation Pause)
[6252.572s][info][gc,task        ] GC(983) Using 8 workers of 8 for evacuation
[6252.721s][info][gc,phases      ] GC(983)   Pre Evacuate Collection Set: 0.23ms
[6252.721s][info][gc,phases      ] GC(983)   Merge Heap Roots: 0.54ms
[6252.721s][info][gc,phases      ] GC(983)   Evacuate Collection Set: 147.25ms
[6252.721s][info][gc,phases      ] GC(983)   Post Evacuate Collection Set: 1.01ms
[6252.721s][info][gc,phases      ] GC(983)   Other: 0.06ms
[6252.721s][info][gc,heap        ] GC(983) Eden regions: 558->0(550)
[6252.721s][info][gc,heap        ] GC(983) Survivor regions: 43->43(76)
[6252.721s][info][gc,heap        ] GC(983) Old regions: 295->303
[6252.721s][info][gc,heap        ] GC(983) Humongous regions: 33->33
[6252.721s][info][gc,metaspace   ] GC(983) Metaspace: 30013K(30144K)->30013K(30144K) NonClass: 30013K(30144K)->30013K(30144K) Class: 0K(0K)->0K(0K)
[6252.721s][info][gc             ] GC(983) Pause Young (Normal) (G1 Evacuation Pause) 7414M->3013M(8192M) 149.218ms
[6252.721s][info][gc,cpu         ] GC(983) User=1.18s Sys=0.00s Real=0.15s
...[6256.023s][info][gc,start       ] GC(984) Pause Young (Concurrent Start) (G1 Evacuation Pause)
[6256.023s][info][gc,task        ] GC(984) Using 8 workers of 8 for evacuation
[6256.173s][info][gc,phases      ] GC(984)   Pre Evacuate Collection Set: 0.27ms
[6256.173s][info][gc,phases      ] GC(984)   Merge Heap Roots: 0.51ms
[6256.173s][info][gc,phases      ] GC(984)   Evacuate Collection Set: 147.94ms
[6256.173s][info][gc,phases      ] GC(984)   Post Evacuate Collection Set: 1.00ms
[6256.173s][info][gc,phases      ] GC(984)   Other: 0.07ms
[6256.173s][info][gc,heap        ] GC(984) Eden regions: 550->0(543)
[6256.173s][info][gc,heap        ] GC(984) Survivor regions: 43->43(75)
[6256.173s][info][gc,heap        ] GC(984) Old regions: 303->310
[6256.173s][info][gc,heap        ] GC(984) Humongous regions: 33->33
[6256.173s][info][gc,metaspace   ] GC(984) Metaspace: 30013K(30144K)->30013K(30144K) NonClass: 30013K(30144K)->30013K(30144K) Class: 0K(0K)->0K(0K)
[6256.173s][info][gc             ] GC(984) Pause Young (Concurrent Start) (G1 Evacuation Pause) 7413M->3071M(8192M) 149.922ms
[6256.173s][info][gc             ] GC(985) Concurrent Mark Cycle
[6256.173s][info][gc,marking     ] GC(985) Concurrent Scan Root Regions
[6256.173s][info][gc,cpu         ] GC(984) User=1.18s Sys=0.01s Real=0.15s
.[6256.455s][info][gc,marking     ] GC(985) Concurrent Scan Root Regions 281.849ms
[6256.455s][info][gc,marking     ] GC(985) Concurrent Mark
[6256.455s][info][gc,marking     ] GC(985) Concurrent Mark From Roots
[6256.455s][info][gc,task        ] GC(985) Using 2 workers of 2 for marking
.[6257.411s][info][gc,marking     ] GC(985) Concurrent Mark From Roots 956.228ms
[6257.411s][info][gc,marking     ] GC(985) Concurrent Preclean
[6257.411s][info][gc,marking     ] GC(985) Concurrent Preclean 0.155ms
[6257.411s][info][gc,start       ] GC(985) Pause Remark
[6257.414s][info][gc             ] GC(985) Pause Remark 4396M->3772M(8192M) 2.352ms
[6257.414s][info][gc,cpu         ] GC(985) User=0.01s Sys=0.00s Real=0.00s
[6257.414s][info][gc,marking     ] GC(985) Concurrent Mark 959.049ms
[6257.414s][info][gc,marking     ] GC(985) Concurrent Rebuild Remembered Sets and Scrub Regions
.[6258.306s][info][gc,marking     ] GC(985) Concurrent Rebuild Remembered Sets and Scrub Regions 891.886ms
[6258.306s][info][gc,start       ] GC(985) Pause Cleanup
[6258.306s][info][gc             ] GC(985) Pause Cleanup 5011M->5011M(8192M) 0.248ms
[6258.306s][info][gc,cpu         ] GC(985) User=0.00s Sys=0.00s Real=0.00s
[6258.306s][info][gc,marking     ] GC(985) Concurrent Clear Claimed Marks
[6258.306s][info][gc,marking     ] GC(985) Concurrent Clear Claimed Marks 0.049ms
[6258.306s][info][gc,marking     ] GC(985) Concurrent Cleanup for Next Mark
[6258.317s][info][gc,marking     ] GC(985) Concurrent Cleanup for Next Mark 10.259ms
[6258.317s][info][gc             ] GC(985) Concurrent Mark Cycle 2143.776ms
.[6259.411s][info][gc,start       ] GC(986) Pause Young (Prepare Mixed) (G1 Evacuation Pause)
[6259.411s][info][gc,task        ] GC(986) Using 8 workers of 8 for evacuation
[6259.565s][info][gc,phases      ] GC(986)   Pre Evacuate Collection Set: 0.22ms
[6259.565s][info][gc,phases      ] GC(986)   Merge Heap Roots: 0.71ms
[6259.565s][info][gc,phases      ] GC(986)   Evacuate Collection Set: 151.60ms
[6259.565s][info][gc,phases      ] GC(986)   Post Evacuate Collection Set: 1.07ms
[6259.565s][info][gc,phases      ] GC(986)   Other: 0.06ms
[6259.565s][info][gc,heap        ] GC(986) Eden regions: 543->0(571)
[6259.565s][info][gc,heap        ] GC(986) Survivor regions: 43->43(74)
[6259.565s][info][gc,heap        ] GC(986) Old regions: 232->239
[6259.565s][info][gc,heap        ] GC(986) Humongous regions: 33->33
[6259.565s][info][gc,metaspace   ] GC(986) Metaspace: 30013K(30144K)->30013K(30144K) NonClass: 30013K(30144K)->30013K(30144K) Class: 0K(0K)->0K(0K)
[6259.565s][info][gc             ] GC(986) Pause Young (Prepare Mixed) (G1 Evacuation Pause) 6791M->2507M(8192M) 153.820ms
[6259.565s][info][gc,cpu         ] GC(986) User=1.22s Sys=0.00s Real=0.15s
...[6263.162s][info][gc,start       ] GC(987) Pause Young (Mixed) (G1 Evacuation Pause)
[6263.162s][info][gc,task        ] GC(987) Using 8 workers of 8 for evacuation
[6263.317s][info][gc,phases      ] GC(987)   Pre Evacuate Collection Set: 0.29ms
[6263.317s][info][gc,phases      ] GC(987)   Merge Heap Roots: 0.82ms
[6263.317s][info][gc,phases      ] GC(987)   Evacuate Collection Set: 152.00ms
[6263.317s][info][gc,phases      ] GC(987)   Post Evacuate Collection Set: 1.19ms
[6263.317s][info][gc,phases      ] GC(987)   Other: 0.08ms
[6263.317s][info][gc,heap        ] GC(987) Eden regions: 571->0(572)
[6263.317s][info][gc,heap        ] GC(987) Survivor regions: 43->42(77)
[6263.317s][info][gc,heap        ] GC(987) Old regions: 239->146
[6263.317s][info][gc,heap        ] GC(987) Humongous regions: 33->33
[6263.317s][info][gc,metaspace   ] GC(987) Metaspace: 30013K(30144K)->30013K(30144K) NonClass: 30013K(30144K)->30013K(30144K) Class: 0K(0K)->0K(0K)
[6263.317s][info][gc             ] GC(987) Pause Young (Mixed) (G1 Evacuation Pause) 7075M->1749M(8192M) 154.520ms
[6263.317s][info][gc,cpu         ] GC(987) User=1.22s Sys=0.00s Real=0.15s
...|.[6266.763s][info][gc,start       ] GC(988) Pause Young (Mixed) (G1 Evacuation Pause)
[6266.763s][info][gc,task        ] GC(988) Using 8 workers of 8 for evacuation
[6266.922s][info][gc,phases      ] GC(988)   Pre Evacuate Collection Set: 0.24ms
[6266.922s][info][gc,phases      ] GC(988)   Merge Heap Roots: 0.55ms
[6266.922s][info][gc,phases      ] GC(988)   Evacuate Collection Set: 156.83ms
[6266.922s][info][gc,phases      ] GC(988)   Post Evacuate Collection Set: 1.04ms
[6266.922s][info][gc,phases      ] GC(988)   Other: 0.07ms
[6266.922s][info][gc,heap        ] GC(988) Eden regions: 572->0(570)
[6266.922s][info][gc,heap        ] GC(988) Survivor regions: 42->44(77)
[6266.922s][info][gc,heap        ] GC(988) Old regions: 146->143
[6266.922s][info][gc,heap        ] GC(988) Humongous regions: 33->33
[6266.922s][info][gc,metaspace   ] GC(988) Metaspace: 30013K(30144K)->30013K(30144K) NonClass: 30013K(30144K)->30013K(30144K) Class: 0K(0K)->0K(0K)
[6266.922s][info][gc             ] GC(988) Pause Young (Mixed) (G1 Evacuation Pause) 6325M->1747M(8192M) 158.851ms
[6266.922s][info][gc,cpu         ] GC(988) User=1.26s Sys=0.00s Real=0.16s
....[6270.392s][info][gc,start       ] GC(989) Pause Young (Normal) (G1 Evacuation Pause)
[6270.392s][info][gc,task        ] GC(989) Using 8 workers of 8 for evacuation
[6270.545s][info][gc,phases      ] GC(989)   Pre Evacuate Collection Set: 0.24ms
[6270.545s][info][gc,phases      ] GC(989)   Merge Heap Roots: 0.51ms
[6270.545s][info][gc,phases      ] GC(989)   Evacuate Collection Set: 151.72ms
[6270.545s][info][gc,phases      ] GC(989)   Post Evacuate Collection Set: 1.00ms
[6270.546s][info][gc,phases      ] GC(989)   Other: 0.06ms
[6270.546s][info][gc,heap        ] GC(989) Eden regions: 570->0(570)
[6270.546s][info][gc,heap        ] GC(989) Survivor regions: 44->44(77)
[6270.546s][info][gc,heap        ] GC(989) Old regions: 143->151
[6270.546s][info][gc,heap        ] GC(989) Humongous regions: 33->33
[6270.546s][info][gc,metaspace   ] GC(989) Metaspace: 30013K(30144K)->30013K(30144K) NonClass: 30013K(30144K)->30013K(30144K) Class: 0K(0K)->0K(0K)
[6270.546s][info][gc             ] GC(989) Pause Young (Normal) (G1 Evacuation Pause) 6307M->1802M(8192M) 153.683ms
[6270.546s][info][gc,cpu         ] GC(989) User=1.21s Sys=0.00s Real=0.15s
...[6273.986s][info][gc,start       ] GC(990) Pause Young (Normal) (G1 Evacuation Pause)
[6273.986s][info][gc,task        ] GC(990) Using 8 workers of 8 for evacuation
[6274.141s][info][gc,phases      ] GC(990)   Pre Evacuate Collection Set: 0.26ms
[6274.141s][info][gc,phases      ] GC(990)   Merge Heap Roots: 0.51ms
[6274.141s][info][gc,phases      ] GC(990)   Evacuate Collection Set: 153.42ms
[6274.141s][info][gc,phases      ] GC(990)   Post Evacuate Collection Set: 1.03ms
[6274.141s][info][gc,phases      ] GC(990)   Other: 0.07ms
[6274.141s][info][gc,heap        ] GC(990) Eden regions: 570->0(570)
[6274.141s][info][gc,heap        ] GC(990) Survivor regions: 44->44(77)
[6274.141s][info][gc,heap        ] GC(990) Old regions: 151->158
[6274.141s][info][gc,heap        ] GC(990) Humongous regions: 33->33
[6274.141s][info][gc,metaspace   ] GC(990) Metaspace: 30013K(30144K)->30013K(30144K) NonClass: 30013K(30144K)->30013K(30144K) Class: 0K(0K)->0K(0K)
[6274.141s][info][gc             ] GC(990) Pause Young (Normal) (G1 Evacuation Pause) 6362M->1865M(8192M) 155.420ms
[6274.141s][info][gc,cpu         ] GC(990) User=1.23s Sys=0.00s Real=0.16s
....[6277.600s][info][gc,start       ] GC(991) Pause Young (Normal) (G1 Evacuation Pause)
[6277.600s][info][gc,task        ] GC(991) Using 8 workers of 8 for evacuation
[6277.750s][info][gc,phases      ] GC(991)   Pre Evacuate Collection Set: 0.27ms
[6277.750s][info][gc,phases      ] GC(991)   Merge Heap Roots: 0.48ms
[6277.750s][info][gc,phases      ] GC(991)   Evacuate Collection Set: 148.06ms
[6277.750s][info][gc,phases      ] GC(991)   Post Evacuate Collection Set: 1.02ms
[6277.750s][info][gc,phases      ] GC(991)   Other: 0.06ms
[6277.750s][info][gc,heap        ] GC(991) Eden regions: 570->0(570)
[6277.750s][info][gc,heap        ] GC(991) Survivor regions: 44->44(77)
[6277.750s][info][gc,heap        ] GC(991) Old regions: 158->165
[6277.750s][info][gc,heap        ] GC(991) Humongous regions: 33->33
[6277.750s][info][gc,metaspace   ] GC(991) Metaspace: 30013K(30144K)->30013K(30144K) NonClass: 30013K(30144K)->30013K(30144K) Class: 0K(0K)->0K(0K)
[6277.750s][info][gc             ] GC(991) Pause Young (Normal) (G1 Evacuation Pause) 6425M->1918M(8192M) 150.022ms
[6277.751s][info][gc,cpu         ] GC(991) User=1.18s Sys=0.00s Real=0.15s
...[6281.129s][info][gc,start       ] GC(992) Pause Young (Normal) (G1 Evacuation Pause)
[6281.129s][info][gc,task        ] GC(992) Using 8 workers of 8 for evacuation
[6281.277s][info][gc,phases      ] GC(992)   Pre Evacuate Collection Set: 0.25ms
[6281.277s][info][gc,phases      ] GC(992)   Merge Heap Roots: 0.50ms
[6281.277s][info][gc,phases      ] GC(992)   Evacuate Collection Set: 146.07ms
[6281.277s][info][gc,phases      ] GC(992)   Post Evacuate Collection Set: 1.01ms
[6281.277s][info][gc,phases      ] GC(992)   Other: 0.06ms
[6281.277s][info][gc,heap        ] GC(992) Eden regions: 570->0(571)
[6281.277s][info][gc,heap        ] GC(992) Survivor regions: 44->43(77)
[6281.277s][info][gc,heap        ] GC(992) Old regions: 165->173
[6281.277s][info][gc,heap        ] GC(992) Humongous regions: 33->33
[6281.277s][info][gc,metaspace   ] GC(992) Metaspace: 30013K(30144K)->30013K(30144K) NonClass: 30013K(30144K)->30013K(30144K) Class: 0K(0K)->0K(0K)
[6281.277s][info][gc             ] GC(992) Pause Young (Normal) (G1 Evacuation Pause) 6478M->1969M(8192M) 148.035ms
[6281.277s][info][gc,cpu         ] GC(992) User=1.17s Sys=0.00s Real=0.15s
....[6284.775s][info][gc,start       ] GC(993) Pause Young (Normal) (G1 Evacuation Pause)
[6284.776s][info][gc,task        ] GC(993) Using 8 workers of 8 for evacuation
[6284.925s][info][gc,phases      ] GC(993)   Pre Evacuate Collection Set: 0.25ms
[6284.925s][info][gc,phases      ] GC(993)   Merge Heap Roots: 0.51ms
[6284.925s][info][gc,phases      ] GC(993)   Evacuate Collection Set: 147.17ms
[6284.925s][info][gc,phases      ] GC(993)   Post Evacuate Collection Set: 1.01ms
[6284.925s][info][gc,phases      ] GC(993)   Other: 0.06ms
[6284.925s][info][gc,heap        ] GC(993) Eden regions: 571->0(571)
[6284.925s][info][gc,heap        ] GC(993) Survivor regions: 43->43(77)
[6284.925s][info][gc,heap        ] GC(993) Old regions: 173->180
[6284.925s][info][gc,heap        ] GC(993) Humongous regions: 33->33
[6284.925s][info][gc,metaspace   ] GC(993) Metaspace: 30013K(30144K)->30013K(30144K) NonClass: 30013K(30144K)->30013K(30144K) Class: 0K(0K)->0K(0K)
[6284.925s][info][gc             ] GC(993) Pause Young (Normal) (G1 Evacuation Pause) 6537M->2026M(8192M) 149.153ms
[6284.925s][info][gc,cpu         ] GC(993) User=1.18s Sys=0.00s Real=0.15s
....[6288.402s][info][gc,start       ] GC(994) Pause Young (Normal) (G1 Evacuation Pause)
[6288.402s][info][gc,task        ] GC(994) Using 8 workers of 8 for evacuation
[6288.549s][info][gc,phases      ] GC(994)   Pre Evacuate Collection Set: 0.26ms
[6288.549s][info][gc,phases      ] GC(994)   Merge Heap Roots: 0.49ms
[6288.549s][info][gc,phases      ] GC(994)   Evacuate Collection Set: 145.30ms
[6288.549s][info][gc,phases      ] GC(994)   Post Evacuate Collection Set: 1.04ms
[6288.549s][info][gc,phases      ] GC(994)   Other: 0.06ms
[6288.549s][info][gc,heap        ] GC(994) Eden regions: 571->0(571)
[6288.549s][info][gc,heap        ] GC(994) Survivor regions: 43->43(77)
[6288.549s][info][gc,heap        ] GC(994) Old regions: 180->187
[6288.549s][info][gc,heap        ] GC(994) Humongous regions: 33->33
[6288.549s][info][gc,metaspace   ] GC(994) Metaspace: 30013K(30144K)->30013K(30144K) NonClass: 30013K(30144K)->30013K(30144K) Class: 0K(0K)->0K(0K)
[6288.549s][info][gc             ] GC(994) Pause Young (Normal) (G1 Evacuation Pause) 6594M->2086M(8192M) 147.280ms
[6288.550s][info][gc,cpu         ] GC(994) User=1.17s Sys=0.00s Real=0.14s
...[6291.903s][info][gc,start       ] GC(995) Pause Young (Normal) (G1 Evacuation Pause)
[6291.903s][info][gc,task        ] GC(995) Using 8 workers of 8 for evacuation
[6292.051s][info][gc,phases      ] GC(995)   Pre Evacuate Collection Set: 0.25ms
[6292.051s][info][gc,phases      ] GC(995)   Merge Heap Roots: 0.48ms
[6292.051s][info][gc,phases      ] GC(995)   Evacuate Collection Set: 146.77ms
[6292.051s][info][gc,phases      ] GC(995)   Post Evacuate Collection Set: 1.04ms
[6292.051s][info][gc,phases      ] GC(995)   Other: 0.06ms
[6292.051s][info][gc,heap        ] GC(995) Eden regions: 571->0(570)
[6292.051s][info][gc,heap        ] GC(995) Survivor regions: 43->44(77)
[6292.051s][info][gc,heap        ] GC(995) Old regions: 187->194
[6292.051s][info][gc,heap        ] GC(995) Humongous regions: 33->33
[6292.051s][info][gc,metaspace   ] GC(995) Metaspace: 30013K(30144K)->30013K(30144K) NonClass: 30013K(30144K)->30013K(30144K) Class: 0K(0K)->0K(0K)
[6292.052s][info][gc             ] GC(995) Pause Young (Normal) (G1 Evacuation Pause) 6654M->2150M(8192M) 148.729ms
[6292.052s][info][gc,cpu         ] GC(995) User=1.18s Sys=0.00s Real=0.15s
....[6295.376s][info][gc,start       ] GC(996) Pause Young (Normal) (G1 Evacuation Pause)
[6295.376s][info][gc,task        ] GC(996) Using 8 workers of 8 for evacuation
[6295.530s][info][gc,phases      ] GC(996)   Pre Evacuate Collection Set: 0.24ms
[6295.530s][info][gc,phases      ] GC(996)   Merge Heap Roots: 0.57ms
[6295.530s][info][gc,phases      ] GC(996)   Evacuate Collection Set: 151.73ms
[6295.530s][info][gc,phases      ] GC(996)   Post Evacuate Collection Set: 1.03ms
[6295.530s][info][gc,phases      ] GC(996)   Other: 0.06ms
[6295.530s][info][gc,heap        ] GC(996) Eden regions: 570->0(570)
[6295.530s][info][gc,heap        ] GC(996) Survivor regions: 44->44(77)
[6295.530s][info][gc,heap        ] GC(996) Old regions: 194->201
[6295.530s][info][gc,heap        ] GC(996) Humongous regions: 33->33
[6295.530s][info][gc,metaspace   ] GC(996) Metaspace: 30013K(30144K)->30013K(30144K) NonClass: 30013K(30144K)->30013K(30144K) Class: 0K(0K)->0K(0K)
[6295.530s][info][gc             ] GC(996) Pause Young (Normal) (G1 Evacuation Pause) 6710M->2207M(8192M) 153.757ms
[6295.530s][info][gc,cpu         ] GC(996) User=1.22s Sys=0.00s Real=0.16s
...[6298.938s][info][gc,start       ] GC(997) Pause Young (Normal) (G1 Evacuation Pause)
[6298.938s][info][gc,task        ] GC(997) Using 8 workers of 8 for evacuation
[6299.089s][info][gc,phases      ] GC(997)   Pre Evacuate Collection Set: 0.26ms
[6299.089s][info][gc,phases      ] GC(997)   Merge Heap Roots: 0.49ms
[6299.089s][info][gc,phases      ] GC(997)   Evacuate Collection Set: 148.71ms
[6299.089s][info][gc,phases      ] GC(997)   Post Evacuate Collection Set: 1.03ms
[6299.089s][info][gc,phases      ] GC(997)   Other: 0.07ms
[6299.089s][info][gc,heap        ] GC(997) Eden regions: 570->0(570)
[6299.089s][info][gc,heap        ] GC(997) Survivor regions: 44->44(77)
[6299.089s][info][gc,heap        ] GC(997) Old regions: 201->208
[6299.089s][info][gc,heap        ] GC(997) Humongous regions: 33->33
[6299.089s][info][gc,metaspace   ] GC(997) Metaspace: 30013K(30144K)->30013K(30144K) NonClass: 30013K(30144K)->30013K(30144K) Class: 0K(0K)->0K(0K)
[6299.089s][info][gc             ] GC(997) Pause Young (Normal) (G1 Evacuation Pause) 6767M->2263M(8192M) 150.704ms
[6299.089s][info][gc,cpu         ] GC(997) User=1.19s Sys=0.00s Real=0.15s
....[6302.573s][info][gc,start       ] GC(998) Pause Young (Normal) (G1 Evacuation Pause)
[6302.573s][info][gc,task        ] GC(998) Using 8 workers of 8 for evacuation
[6302.727s][info][gc,phases      ] GC(998)   Pre Evacuate Collection Set: 0.23ms
[6302.727s][info][gc,phases      ] GC(998)   Merge Heap Roots: 0.48ms
[6302.727s][info][gc,phases      ] GC(998)   Evacuate Collection Set: 152.72ms
[6302.727s][info][gc,phases      ] GC(998)   Post Evacuate Collection Set: 1.02ms
[6302.727s][info][gc,phases      ] GC(998)   Other: 0.06ms
[6302.727s][info][gc,heap        ] GC(998) Eden regions: 570->0(569)
[6302.727s][info][gc,heap        ] GC(998) Survivor regions: 44->45(77)
[6302.727s][info][gc,heap        ] GC(998) Old regions: 208->215
[6302.727s][info][gc,heap        ] GC(998) Humongous regions: 33->33
[6302.727s][info][gc,metaspace   ] GC(998) Metaspace: 30013K(30144K)->30013K(30144K) NonClass: 30013K(30144K)->30013K(30144K) Class: 0K(0K)->0K(0K)
[6302.727s][info][gc             ] GC(998) Pause Young (Normal) (G1 Evacuation Pause) 6823M->2326M(8192M) 154.644ms
[6302.727s][info][gc,cpu         ] GC(998) User=1.23s Sys=0.00s Real=0.15s
...[6306.078s][info][gc,start       ] GC(999) Pause Young (Normal) (G1 Evacuation Pause)
[6306.078s][info][gc,task        ] GC(999) Using 8 workers of 8 for evacuation
[6306.224s][info][gc,phases      ] GC(999)   Pre Evacuate Collection Set: 0.23ms
[6306.224s][info][gc,phases      ] GC(999)   Merge Heap Roots: 0.49ms
[6306.224s][info][gc,phases      ] GC(999)   Evacuate Collection Set: 144.55ms
[6306.224s][info][gc,phases      ] GC(999)   Post Evacuate Collection Set: 1.00ms
[6306.224s][info][gc,phases      ] GC(999)   Other: 0.06ms
[6306.224s][info][gc,heap        ] GC(999) Eden regions: 569->0(572)
[6306.224s][info][gc,heap        ] GC(999) Survivor regions: 45->42(77)
[6306.224s][info][gc,heap        ] GC(999) Old regions: 215->223
[6306.224s][info][gc,heap        ] GC(999) Humongous regions: 33->33
[6306.224s][info][gc,metaspace   ] GC(999) Metaspace: 30013K(30144K)->30013K(30144K) NonClass: 30013K(30144K)->30013K(30144K) Class: 0K(0K)->0K(0K)
[6306.224s][info][gc             ] GC(999) Pause Young (Normal) (G1 Evacuation Pause) 6878M->2361M(8192M) 146.457ms
[6306.224s][info][gc,cpu         ] GC(999) User=1.15s Sys=0.00s Real=0.15s
....[6309.684s][info][gc,start       ] GC(1000) Pause Young (Normal) (G1 Evacuation Pause)
[6309.685s][info][gc,task        ] GC(1000) Using 8 workers of 8 for evacuation
[6309.835s][info][gc,phases      ] GC(1000)   Pre Evacuate Collection Set: 0.24ms
[6309.835s][info][gc,phases      ] GC(1000)   Merge Heap Roots: 0.51ms
[6309.835s][info][gc,phases      ] GC(1000)   Evacuate Collection Set: 148.55ms
[6309.835s][info][gc,phases      ] GC(1000)   Post Evacuate Collection Set: 1.04ms
[6309.835s][info][gc,phases      ] GC(1000)   Other: 0.06ms
[6309.835s][info][gc,heap        ] GC(1000) Eden regions: 572->0(570)
[6309.835s][info][gc,heap        ] GC(1000) Survivor regions: 42->44(77)
[6309.835s][info][gc,heap        ] GC(1000) Old regions: 223->230
[6309.835s][info][gc,heap        ] GC(1000) Humongous regions: 33->33
[6309.835s][info][gc,metaspace   ] GC(1000) Metaspace: 30013K(30144K)->30013K(30144K) NonClass: 30013K(30144K)->30013K(30144K) Class: 0K(0K)->0K(0K)
[6309.835s][info][gc             ] GC(1000) Pause Young (Normal) (G1 Evacuation Pause) 6937M->2439M(8192M) 150.534ms
[6309.835s][info][gc,cpu         ] GC(1000) User=1.20s Sys=0.00s Real=0.15s
...[6313.169s][info][gc,start       ] GC(1001) Pause Young (Normal) (G1 Evacuation Pause)
[6313.169s][info][gc,task        ] GC(1001) Using 8 workers of 8 for evacuation
[6313.320s][info][gc,phases      ] GC(1001)   Pre Evacuate Collection Set: 0.26ms
[6313.320s][info][gc,phases      ] GC(1001)   Merge Heap Roots: 0.51ms
[6313.320s][info][gc,phases      ] GC(1001)   Evacuate Collection Set: 148.61ms
[6313.320s][info][gc,phases      ] GC(1001)   Post Evacuate Collection Set: 1.05ms
[6313.320s][info][gc,phases      ] GC(1001)   Other: 0.06ms
[6313.320s][info][gc,heap        ] GC(1001) Eden regions: 570->0(571)
[6313.320s][info][gc,heap        ] GC(1001) Survivor regions: 44->43(77)
[6313.320s][info][gc,heap        ] GC(1001) Old regions: 230->237
[6313.320s][info][gc,heap        ] GC(1001) Humongous regions: 33->33
[6313.320s][info][gc,metaspace   ] GC(1001) Metaspace: 30013K(30144K)->30013K(30144K) NonClass: 30013K(30144K)->30013K(30144K) Class: 0K(0K)->0K(0K)
[6313.320s][info][gc             ] GC(1001) Pause Young (Normal) (G1 Evacuation Pause) 6999M->2483M(8192M) 150.611ms
[6313.320s][info][gc,cpu         ] GC(1001) User=1.19s Sys=0.00s Real=0.15s
....[6316.786s][info][gc,start       ] GC(1002) Pause Young (Normal) (G1 Evacuation Pause)
[6316.786s][info][gc,task        ] GC(1002) Using 8 workers of 8 for evacuation
[6316.940s][info][gc,phases      ] GC(1002)   Pre Evacuate Collection Set: 0.22ms
[6316.940s][info][gc,phases      ] GC(1002)   Merge Heap Roots: 0.48ms
[6316.940s][info][gc,phases      ] GC(1002)   Evacuate Collection Set: 152.12ms
[6316.940s][info][gc,phases      ] GC(1002)   Post Evacuate Collection Set: 1.03ms
[6316.940s][info][gc,phases      ] GC(1002)   Other: 0.06ms
[6316.940s][info][gc,heap        ] GC(1002) Eden regions: 571->0(570)
[6316.940s][info][gc,heap        ] GC(1002) Survivor regions: 43->44(77)
[6316.940s][info][gc,heap        ] GC(1002) Old regions: 237->244
[6316.940s][info][gc,heap        ] GC(1002) Humongous regions: 33->33
[6316.940s][info][gc,metaspace   ] GC(1002) Metaspace: 30013K(30144K)->30013K(30144K) NonClass: 30013K(30144K)->30013K(30144K) Class: 0K(0K)->0K(0K)
[6316.940s][info][gc             ] GC(1002) Pause Young (Normal) (G1 Evacuation Pause) 7051M->2554M(8192M) 154.058ms
[6316.940s][info][gc,cpu         ] GC(1002) User=1.22s Sys=0.00s Real=0.16s
....[6320.452s][info][gc,start       ] GC(1003) Pause Young (Normal) (G1 Evacuation Pause)
[6320.452s][info][gc,task        ] GC(1003) Using 8 workers of 8 for evacuation
[6320.604s][info][gc,phases      ] GC(1003)   Pre Evacuate Collection Set: 0.21ms
[6320.604s][info][gc,phases      ] GC(1003)   Merge Heap Roots: 0.60ms
[6320.604s][info][gc,phases      ] GC(1003)   Evacuate Collection Set: 149.76ms
[6320.604s][info][gc,phases      ] GC(1003)   Post Evacuate Collection Set: 1.02ms
[6320.604s][info][gc,phases      ] GC(1003)   Other: 0.06ms
[6320.604s][info][gc,heap        ] GC(1003) Eden regions: 570->0(570)
[6320.604s][info][gc,heap        ] GC(1003) Survivor regions: 44->44(77)
[6320.604s][info][gc,heap        ] GC(1003) Old regions: 244->251
[6320.604s][info][gc,heap        ] GC(1003) Humongous regions: 33->33
[6320.604s][info][gc,metaspace   ] GC(1003) Metaspace: 30013K(30144K)->30013K(30144K) NonClass: 30013K(30144K)->30013K(30144K) Class: 0K(0K)->0K(0K)
[6320.604s][info][gc             ] GC(1003) Pause Young (Normal) (G1 Evacuation Pause) 7114M->2607M(8192M) 151.788ms
[6320.604s][info][gc,cpu         ] GC(1003) User=1.20s Sys=0.00s Real=0.15s
...[6324.076s][info][gc,start       ] GC(1004) Pause Young (Normal) (G1 Evacuation Pause)
[6324.076s][info][gc,task        ] GC(1004) Using 8 workers of 8 for evacuation
[6324.228s][info][gc,phases      ] GC(1004)   Pre Evacuate Collection Set: 0.23ms
[6324.228s][info][gc,phases      ] GC(1004)   Merge Heap Roots: 0.55ms
[6324.228s][info][gc,phases      ] GC(1004)   Evacuate Collection Set: 149.78ms
[6324.228s][info][gc,phases      ] GC(1004)   Post Evacuate Collection Set: 0.99ms
[6324.228s][info][gc,phases      ] GC(1004)   Other: 0.06ms
[6324.228s][info][gc,heap        ] GC(1004) Eden regions: 570->0(570)
[6324.228s][info][gc,heap        ] GC(1004) Survivor regions: 44->44(77)
[6324.228s][info][gc,heap        ] GC(1004) Old regions: 251->259
[6324.228s][info][gc,heap        ] GC(1004) Humongous regions: 33->33
[6324.228s][info][gc,metaspace   ] GC(1004) Metaspace: 30013K(30144K)->30013K(30144K) NonClass: 30013K(30144K)->30013K(30144K) Class: 0K(0K)->0K(0K)
[6324.228s][info][gc             ] GC(1004) Pause Young (Normal) (G1 Evacuation Pause) 7167M->2667M(8192M) 151.745ms
[6324.228s][info][gc,cpu         ] GC(1004) User=1.20s Sys=0.00s Real=0.15s
.. (rIR:aIR:PR = 10654:10760:10760) (tPR = 160594) [OK] 
  6325s: Performance info:
         Transaction,    Success,    Partial,     Failed,   Receipts, AvgBarcode, 
             Overall,     645863,          0,          0,     613732,      59.48, 
         Response times:
             Request,    Success,    Partial,     Failed,   SkipFail,     Probes,    Samples,      min,      p50,      p90,      p95,      p99,      max, 
       TotalPurchase,     613732,          0,          0,          0,     356661,     513997,      300,     7800,    50000,    83000,   158000,  2500000,
     InStorePurchase,     323282,          0,          0,          0,     187643,     270412,      300,     7800,    49000,    82000,   158000,  2500000,
      OnlinePurchase,     225949,          0,          0,          0,     131539,     189378,      300,     7800,    52000,    85000,   159000,  1900000,
        InstPurchase,      64501,          0,          0,          0,      37479,      54207,      400,     8100,    51000,    84000,   160000,  1900000,
          AssocOfCat,        636,          0,          0,          0,        517,        879,    32000,    60000,   123000,   152000,   239800,   307000,
      AssocOfProduct,       6371,          0,          0,          0,       3706,       5532,      700,     9400,    44000,    75000,   156670,  2500000,
      BusinessReport,       1604,          0,          0,          0,       1456,       2255,    32000,    62000,   118000,   152000,   230000,   314000,
          CustBuyBeh,       6453,          0,          0,          0,       3754,       5654,      200,     7500,    50000,    80250,   159000,   870000,
       ProductReturn,      17067,          0,          0,          0,       9226,      13725,      300,     8500,    55000,    91000,   156000,   493000,

  6325s: (78%)   IR =  10793 ..[6327.583s][info][gc,start       ] GC(1005) Pause Young (Normal) (G1 Evacuation Pause)
[6327.583s][info][gc,task        ] GC(1005) Using 8 workers of 8 for evacuation
[6327.733s][info][gc,phases      ] GC(1005)   Pre Evacuate Collection Set: 0.25ms
[6327.733s][info][gc,phases      ] GC(1005)   Merge Heap Roots: 0.50ms
[6327.733s][info][gc,phases      ] GC(1005)   Evacuate Collection Set: 148.26ms
[6327.733s][info][gc,phases      ] GC(1005)   Post Evacuate Collection Set: 1.01ms
[6327.733s][info][gc,phases      ] GC(1005)   Other: 0.07ms
[6327.733s][info][gc,heap        ] GC(1005) Eden regions: 570->0(571)
[6327.733s][info][gc,heap        ] GC(1005) Survivor regions: 44->43(77)
[6327.733s][info][gc,heap        ] GC(1005) Old regions: 259->266
[6327.733s][info][gc,heap        ] GC(1005) Humongous regions: 33->33
[6327.733s][info][gc,metaspace   ] GC(1005) Metaspace: 30013K(30144K)->30013K(30144K) NonClass: 30013K(30144K)->30013K(30144K) Class: 0K(0K)->0K(0K)
[6327.733s][info][gc             ] GC(1005) Pause Young (Normal) (G1 Evacuation Pause) 7227M->2717M(8192M) 150.209ms
[6327.733s][info][gc,cpu         ] GC(1005) User=1.19s Sys=0.00s Real=0.15s
..|.[6331.161s][info][gc,start       ] GC(1006) Pause Young (Normal) (G1 Evacuation Pause)
[6331.161s][info][gc,task        ] GC(1006) Using 8 workers of 8 for evacuation
[6331.309s][info][gc,phases      ] GC(1006)   Pre Evacuate Collection Set: 0.24ms
[6331.309s][info][gc,phases      ] GC(1006)   Merge Heap Roots: 0.49ms
[6331.309s][info][gc,phases      ] GC(1006)   Evacuate Collection Set: 145.97ms
[6331.309s][info][gc,phases      ] GC(1006)   Post Evacuate Collection Set: 1.04ms
[6331.309s][info][gc,phases      ] GC(1006)   Other: 0.06ms
[6331.309s][info][gc,heap        ] GC(1006) Eden regions: 571->0(571)
[6331.309s][info][gc,heap        ] GC(1006) Survivor regions: 43->43(77)
[6331.309s][info][gc,heap        ] GC(1006) Old regions: 266->273
[6331.309s][info][gc,heap        ] GC(1006) Humongous regions: 33->33
[6331.309s][info][gc,metaspace   ] GC(1006) Metaspace: 30013K(30144K)->30013K(30144K) NonClass: 30013K(30144K)->30013K(30144K) Class: 0K(0K)->0K(0K)
[6331.309s][info][gc             ] GC(1006) Pause Young (Normal) (G1 Evacuation Pause) 7285M->2775M(8192M) 147.933ms
[6331.309s][info][gc,cpu         ] GC(1006) User=1.17s Sys=0.00s Real=0.14s
....[6334.706s][info][gc,start       ] GC(1007) Pause Young (Normal) (G1 Evacuation Pause)
[6334.706s][info][gc,task        ] GC(1007) Using 8 workers of 8 for evacuation
[6334.855s][info][gc,phases      ] GC(1007)   Pre Evacuate Collection Set: 0.23ms
[6334.855s][info][gc,phases      ] GC(1007)   Merge Heap Roots: 0.51ms
[6334.855s][info][gc,phases      ] GC(1007)   Evacuate Collection Set: 147.03ms
[6334.855s][info][gc,phases      ] GC(1007)   Post Evacuate Collection Set: 1.05ms
[6334.855s][info][gc,phases      ] GC(1007)   Other: 0.06ms
[6334.855s][info][gc,heap        ] GC(1007) Eden regions: 571->0(571)
[6334.855s][info][gc,heap        ] GC(1007) Survivor regions: 43->43(77)
[6334.855s][info][gc,heap        ] GC(1007) Old regions: 273->281
[6334.855s][info][gc,heap        ] GC(1007) Humongous regions: 33->33
[6334.855s][info][gc,metaspace   ] GC(1007) Metaspace: 30013K(30144K)->30013K(30144K) NonClass: 30013K(30144K)->30013K(30144K) Class: 0K(0K)->0K(0K)
[6334.855s][info][gc             ] GC(1007) Pause Young (Normal) (G1 Evacuation Pause) 7343M->2837M(8192M) 149.012ms
[6334.855s][info][gc,cpu         ] GC(1007) User=1.18s Sys=0.00s Real=0.15s
...[6338.252s][info][gc,start       ] GC(1008) Pause Young (Normal) (G1 Evacuation Pause)
[6338.252s][info][gc,task        ] GC(1008) Using 8 workers of 8 for evacuation
[6338.402s][info][gc,phases      ] GC(1008)   Pre Evacuate Collection Set: 0.26ms
[6338.402s][info][gc,phases      ] GC(1008)   Merge Heap Roots: 0.49ms
[6338.402s][info][gc,phases      ] GC(1008)   Evacuate Collection Set: 147.60ms
[6338.402s][info][gc,phases      ] GC(1008)   Post Evacuate Collection Set: 1.02ms
[6338.402s][info][gc,phases      ] GC(1008)   Other: 0.06ms
[6338.402s][info][gc,heap        ] GC(1008) Eden regions: 571->0(565)
[6338.402s][info][gc,heap        ] GC(1008) Survivor regions: 43->43(77)
[6338.402s][info][gc,heap        ] GC(1008) Old regions: 281->288
[6338.402s][info][gc,heap        ] GC(1008) Humongous regions: 33->33
[6338.402s][info][gc,metaspace   ] GC(1008) Metaspace: 30013K(30144K)->30013K(30144K) NonClass: 30013K(30144K)->30013K(30144K) Class: 0K(0K)->0K(0K)
[6338.402s][info][gc             ] GC(1008) Pause Young (Normal) (G1 Evacuation Pause) 7405M->2894M(8192M) 149.554ms
[6338.402s][info][gc,cpu         ] GC(1008) User=1.18s Sys=0.00s Real=0.15s
....[6341.755s][info][gc,start       ] GC(1009) Pause Young (Normal) (G1 Evacuation Pause)
[6341.755s][info][gc,task        ] GC(1009) Using 8 workers of 8 for evacuation
[6341.913s][info][gc,phases      ] GC(1009)   Pre Evacuate Collection Set: 0.25ms
[6341.913s][info][gc,phases      ] GC(1009)   Merge Heap Roots: 0.50ms
[6341.913s][info][gc,phases      ] GC(1009)   Evacuate Collection Set: 155.28ms
[6341.913s][info][gc,phases      ] GC(1009)   Post Evacuate Collection Set: 1.02ms
[6341.913s][info][gc,phases      ] GC(1009)   Other: 0.06ms
[6341.913s][info][gc,heap        ] GC(1009) Eden regions: 565->0(554)
[6341.913s][info][gc,heap        ] GC(1009) Survivor regions: 43->45(76)
[6341.913s][info][gc,heap        ] GC(1009) Old regions: 288->295
[6341.913s][info][gc,heap        ] GC(1009) Humongous regions: 33->33
[6341.913s][info][gc,metaspace   ] GC(1009) Metaspace: 30013K(30144K)->30013K(30144K) NonClass: 30013K(30144K)->30013K(30144K) Class: 0K(0K)->0K(0K)
[6341.913s][info][gc             ] GC(1009) Pause Young (Normal) (G1 Evacuation Pause) 7414M->2966M(8192M) 157.256ms
[6341.913s][info][gc,cpu         ] GC(1009) User=1.25s Sys=0.00s Real=0.16s
...[6345.234s][info][gc,start       ] GC(1010) Pause Young (Normal) (G1 Evacuation Pause)
[6345.234s][info][gc,task        ] GC(1010) Using 8 workers of 8 for evacuation
[6345.380s][info][gc,phases      ] GC(1010)   Pre Evacuate Collection Set: 0.23ms
[6345.380s][info][gc,phases      ] GC(1010)   Merge Heap Roots: 0.51ms
[6345.380s][info][gc,phases      ] GC(1010)   Evacuate Collection Set: 144.51ms
[6345.380s][info][gc,phases      ] GC(1010)   Post Evacuate Collection Set: 1.04ms
[6345.380s][info][gc,phases      ] GC(1010)   Other: 0.06ms
[6345.380s][info][gc,heap        ] GC(1010) Eden regions: 554->0(553)
[6345.380s][info][gc,heap        ] GC(1010) Survivor regions: 45->42(75)
[6345.380s][info][gc,heap        ] GC(1010) Old regions: 295->302
[6345.380s][info][gc,heap        ] GC(1010) Humongous regions: 33->33
[6345.380s][info][gc,metaspace   ] GC(1010) Metaspace: 30013K(30144K)->30013K(30144K) NonClass: 30013K(30144K)->30013K(30144K) Class: 0K(0K)->0K(0K)
[6345.381s][info][gc             ] GC(1010) Pause Young (Normal) (G1 Evacuation Pause) 7398M->3003M(8192M) 146.478ms
[6345.381s][info][gc,cpu         ] GC(1010) User=1.16s Sys=0.00s Real=0.15s
....[6348.700s][info][gc,start       ] GC(1011) Pause Young (Normal) (G1 Evacuation Pause)
[6348.700s][info][gc,task        ] GC(1011) Using 8 workers of 8 for evacuation
[6348.851s][info][gc,phases      ] GC(1011)   Pre Evacuate Collection Set: 0.24ms
[6348.851s][info][gc,phases      ] GC(1011)   Merge Heap Roots: 0.50ms
[6348.851s][info][gc,phases      ] GC(1011)   Evacuate Collection Set: 149.50ms
[6348.851s][info][gc,phases      ] GC(1011)   Post Evacuate Collection Set: 1.00ms
[6348.851s][info][gc,phases      ] GC(1011)   Other: 0.06ms
[6348.851s][info][gc,heap        ] GC(1011) Eden regions: 553->0(541)
[6348.851s][info][gc,heap        ] GC(1011) Survivor regions: 42->44(75)
[6348.851s][info][gc,heap        ] GC(1011) Old regions: 302->310
[6348.851s][info][gc,heap        ] GC(1011) Humongous regions: 33->33
[6348.851s][info][gc,metaspace   ] GC(1011) Metaspace: 30013K(30144K)->30013K(30144K) NonClass: 30013K(30144K)->30013K(30144K) Class: 0K(0K)->0K(0K)
[6348.851s][info][gc             ] GC(1011) Pause Young (Normal) (G1 Evacuation Pause) 7427M->3078M(8192M) 151.436ms
[6348.851s][info][gc,cpu         ] GC(1011) User=1.20s Sys=0.00s Real=0.16s
...[6352.057s][info][gc,start       ] GC(1012) Pause Young (Concurrent Start) (G1 Evacuation Pause)
[6352.057s][info][gc,task        ] GC(1012) Using 8 workers of 8 for evacuation
[6352.205s][info][gc,phases      ] GC(1012)   Pre Evacuate Collection Set: 0.25ms
[6352.205s][info][gc,phases      ] GC(1012)   Merge Heap Roots: 0.49ms
[6352.205s][info][gc,phases      ] GC(1012)   Evacuate Collection Set: 146.15ms
[6352.205s][info][gc,phases      ] GC(1012)   Post Evacuate Collection Set: 1.00ms
[6352.205s][info][gc,phases      ] GC(1012)   Other: 0.09ms
[6352.205s][info][gc,heap        ] GC(1012) Eden regions: 541->0(536)
[6352.205s][info][gc,heap        ] GC(1012) Survivor regions: 44->43(74)
[6352.205s][info][gc,heap        ] GC(1012) Old regions: 310->317
[6352.205s][info][gc,heap        ] GC(1012) Humongous regions: 33->33
[6352.205s][info][gc,metaspace   ] GC(1012) Metaspace: 30013K(30144K)->30013K(30144K) NonClass: 30013K(30144K)->30013K(30144K) Class: 0K(0K)->0K(0K)
[6352.205s][info][gc             ] GC(1012) Pause Young (Concurrent Start) (G1 Evacuation Pause) 7406M->3127M(8192M) 148.114ms
[6352.205s][info][gc             ] GC(1013) Concurrent Mark Cycle
[6352.205s][info][gc,marking     ] GC(1013) Concurrent Scan Root Regions
[6352.205s][info][gc,cpu         ] GC(1012) User=1.17s Sys=0.00s Real=0.15s
[6352.451s][info][gc,marking     ] GC(1013) Concurrent Scan Root Regions 245.994ms
[6352.451s][info][gc,marking     ] GC(1013) Concurrent Mark
[6352.451s][info][gc,marking     ] GC(1013) Concurrent Mark From Roots
[6352.451s][info][gc,task        ] GC(1013) Using 2 workers of 2 for marking
..[6353.515s][info][gc,marking     ] GC(1013) Concurrent Mark From Roots 1063.830ms
[6353.515s][info][gc,marking     ] GC(1013) Concurrent Preclean
[6353.515s][info][gc,marking     ] GC(1013) Concurrent Preclean 0.099ms
[6353.515s][info][gc,start       ] GC(1013) Pause Remark
[6353.518s][info][gc             ] GC(1013) Pause Remark 4589M->3973M(8192M) 2.655ms
[6353.518s][info][gc,cpu         ] GC(1013) User=0.02s Sys=0.00s Real=0.00s
[6353.518s][info][gc,marking     ] GC(1013) Concurrent Mark 1066.861ms
[6353.518s][info][gc,marking     ] GC(1013) Concurrent Rebuild Remembered Sets and Scrub Regions
.[6354.498s][info][gc,marking     ] GC(1013) Concurrent Rebuild Remembered Sets and Scrub Regions 979.693ms
[6354.498s][info][gc,start       ] GC(1013) Pause Cleanup
[6354.498s][info][gc             ] GC(1013) Pause Cleanup 5299M->5299M(8192M) 0.255ms
[6354.498s][info][gc,cpu         ] GC(1013) User=0.00s Sys=0.00s Real=0.00s
[6354.498s][info][gc,marking     ] GC(1013) Concurrent Clear Claimed Marks
[6354.498s][info][gc,marking     ] GC(1013) Concurrent Clear Claimed Marks 0.048ms
[6354.498s][info][gc,marking     ] GC(1013) Concurrent Cleanup for Next Mark
[6354.519s][info][gc,marking     ] GC(1013) Concurrent Cleanup for Next Mark 20.622ms
[6354.519s][info][gc             ] GC(1013) Concurrent Mark Cycle 2313.909ms
[6355.417s][info][gc,start       ] GC(1014) Pause Young (Prepare Mixed) (G1 Evacuation Pause)
[6355.417s][info][gc,task        ] GC(1014) Using 8 workers of 8 for evacuation
[6355.563s][info][gc,phases      ] GC(1014)   Pre Evacuate Collection Set: 0.25ms
[6355.563s][info][gc,phases      ] GC(1014)   Merge Heap Roots: 0.69ms
[6355.563s][info][gc,phases      ] GC(1014)   Evacuate Collection Set: 144.13ms
[6355.563s][info][gc,phases      ] GC(1014)   Post Evacuate Collection Set: 1.09ms
[6355.563s][info][gc,phases      ] GC(1014)   Other: 0.06ms
[6355.563s][info][gc,heap        ] GC(1014) Eden regions: 536->0(573)
[6355.563s][info][gc,heap        ] GC(1014) Survivor regions: 43->41(73)
[6355.563s][info][gc,heap        ] GC(1014) Old regions: 240->248
[6355.563s][info][gc,heap        ] GC(1014) Humongous regions: 33->33
[6355.563s][info][gc,metaspace   ] GC(1014) Metaspace: 30013K(30144K)->30013K(30144K) NonClass: 30013K(30144K)->30013K(30144K) Class: 0K(0K)->0K(0K)
[6355.563s][info][gc             ] GC(1014) Pause Young (Prepare Mixed) (G1 Evacuation Pause) 6799M->2558M(8192M) 146.350ms
[6355.563s][info][gc,cpu         ] GC(1014) User=1.16s Sys=0.00s Real=0.15s
....[6358.941s][info][gc,start       ] GC(1015) Pause Young (Mixed) (G1 Evacuation Pause)
[6358.941s][info][gc,task        ] GC(1015) Using 8 workers of 8 for evacuation
[6359.104s][info][gc,phases      ] GC(1015)   Pre Evacuate Collection Set: 0.26ms
[6359.104s][info][gc,phases      ] GC(1015)   Merge Heap Roots: 0.77ms
[6359.104s][info][gc,phases      ] GC(1015)   Evacuate Collection Set: 161.04ms
[6359.104s][info][gc,phases      ] GC(1015)   Post Evacuate Collection Set: 1.23ms
[6359.104s][info][gc,phases      ] GC(1015)   Other: 0.07ms
[6359.104s][info][gc,heap        ] GC(1015) Eden regions: 573->0(570)
[6359.104s][info][gc,heap        ] GC(1015) Survivor regions: 41->44(77)
[6359.104s][info][gc,heap        ] GC(1015) Old regions: 248->154
[6359.104s][info][gc,heap        ] GC(1015) Humongous regions: 33->33
[6359.104s][info][gc,metaspace   ] GC(1015) Metaspace: 30013K(30144K)->30013K(30144K) NonClass: 30013K(30144K)->30013K(30144K) Class: 0K(0K)->0K(0K)
[6359.104s][info][gc             ] GC(1015) Pause Young (Mixed) (G1 Evacuation Pause) 7142M->1829M(8192M) 163.483ms
[6359.104s][info][gc,cpu         ] GC(1015) User=1.30s Sys=0.00s Real=0.16s
...[6362.526s][info][gc,start       ] GC(1016) Pause Young (Mixed) (G1 Evacuation Pause)
[6362.526s][info][gc,task        ] GC(1016) Using 8 workers of 8 for evacuation
[6362.688s][info][gc,phases      ] GC(1016)   Pre Evacuate Collection Set: 0.24ms
[6362.688s][info][gc,phases      ] GC(1016)   Merge Heap Roots: 0.69ms
[6362.688s][info][gc,phases      ] GC(1016)   Evacuate Collection Set: 159.79ms
[6362.688s][info][gc,phases      ] GC(1016)   Post Evacuate Collection Set: 1.07ms
[6362.688s][info][gc,phases      ] GC(1016)   Other: 0.08ms
[6362.688s][info][gc,heap        ] GC(1016) Eden regions: 570->0(569)
[6362.688s][info][gc,heap        ] GC(1016) Survivor regions: 44->45(77)
[6362.688s][info][gc,heap        ] GC(1016) Old regions: 154->143
[6362.688s][info][gc,heap        ] GC(1016) Humongous regions: 33->33
[6362.688s][info][gc,metaspace   ] GC(1016) Metaspace: 30013K(30144K)->30013K(30144K) NonClass: 30013K(30144K)->30013K(30144K) Class: 0K(0K)->0K(0K)
[6362.688s][info][gc             ] GC(1016) Pause Young (Mixed) (G1 Evacuation Pause) 6389M->1745M(8192M) 162.014ms
[6362.688s][info][gc,cpu         ] GC(1016) User=1.28s Sys=0.00s Real=0.16s
....[6366.121s][info][gc,start       ] GC(1017) Pause Young (Normal) (G1 Evacuation Pause)
[6366.121s][info][gc,task        ] GC(1017) Using 8 workers of 8 for evacuation
[6366.270s][info][gc,phases      ] GC(1017)   Pre Evacuate Collection Set: 0.26ms
[6366.270s][info][gc,phases      ] GC(1017)   Merge Heap Roots: 0.49ms
[6366.270s][info][gc,phases      ] GC(1017)   Evacuate Collection Set: 147.24ms
[6366.270s][info][gc,phases      ] GC(1017)   Post Evacuate Collection Set: 0.98ms
[6366.270s][info][gc,phases      ] GC(1017)   Other: 0.07ms
[6366.270s][info][gc,heap        ] GC(1017) Eden regions: 569->0(571)
[6366.270s][info][gc,heap        ] GC(1017) Survivor regions: 45->43(77)
[6366.270s][info][gc,heap        ] GC(1017) Old regions: 143->150
[6366.270s][info][gc,heap        ] GC(1017) Humongous regions: 33->33
[6366.270s][info][gc,metaspace   ] GC(1017) Metaspace: 30013K(30144K)->30013K(30144K) NonClass: 30013K(30144K)->30013K(30144K) Class: 0K(0K)->0K(0K)
[6366.270s][info][gc             ] GC(1017) Pause Young (Normal) (G1 Evacuation Pause) 6297M->1786M(8192M) 149.188ms
[6366.270s][info][gc,cpu         ] GC(1017) User=1.18s Sys=0.00s Real=0.15s
...[6369.586s][info][gc,start       ] GC(1018) Pause Young (Normal) (G1 Evacuation Pause)
[6369.586s][info][gc,task        ] GC(1018) Using 8 workers of 8 for evacuation
[6369.743s][info][gc,phases      ] GC(1018)   Pre Evacuate Collection Set: 0.26ms
[6369.743s][info][gc,phases      ] GC(1018)   Merge Heap Roots: 0.52ms
[6369.743s][info][gc,phases      ] GC(1018)   Evacuate Collection Set: 155.26ms
[6369.743s][info][gc,phases      ] GC(1018)   Post Evacuate Collection Set: 1.03ms
[6369.743s][info][gc,phases      ] GC(1018)   Other: 0.06ms
[6369.743s][info][gc,heap        ] GC(1018) Eden regions: 571->0(569)
[6369.743s][info][gc,heap        ] GC(1018) Survivor regions: 43->45(77)
[6369.743s][info][gc,heap        ] GC(1018) Old regions: 150->157
[6369.743s][info][gc,heap        ] GC(1018) Humongous regions: 33->33
[6369.743s][info][gc,metaspace   ] GC(1018) Metaspace: 30013K(30144K)->30013K(30144K) NonClass: 30013K(30144K)->30013K(30144K) Class: 0K(0K)->0K(0K)
[6369.743s][info][gc             ] GC(1018) Pause Young (Normal) (G1 Evacuation Pause) 6354M->1861M(8192M) 157.270ms
[6369.743s][info][gc,cpu         ] GC(1018) User=1.25s Sys=0.00s Real=0.16s
....[6373.201s][info][gc,start       ] GC(1019) Pause Young (Normal) (G1 Evacuation Pause)
[6373.201s][info][gc,task        ] GC(1019) Using 8 workers of 8 for evacuation
[6373.350s][info][gc,phases      ] GC(1019)   Pre Evacuate Collection Set: 0.23ms
[6373.350s][info][gc,phases      ] GC(1019)   Merge Heap Roots: 0.51ms
[6373.350s][info][gc,phases      ] GC(1019)   Evacuate Collection Set: 147.33ms
[6373.350s][info][gc,phases      ] GC(1019)   Post Evacuate Collection Set: 1.06ms
[6373.350s][info][gc,phases      ] GC(1019)   Other: 0.07ms
[6373.350s][info][gc,heap        ] GC(1019) Eden regions: 569->0(571)
[6373.350s][info][gc,heap        ] GC(1019) Survivor regions: 45->43(77)
[6373.350s][info][gc,heap        ] GC(1019) Old regions: 157->164
[6373.350s][info][gc,heap        ] GC(1019) Humongous regions: 33->33
[6373.350s][info][gc,metaspace   ] GC(1019) Metaspace: 30013K(30144K)->30013K(30144K) NonClass: 30013K(30144K)->30013K(30144K) Class: 0K(0K)->0K(0K)
[6373.350s][info][gc             ] GC(1019) Pause Young (Normal) (G1 Evacuation Pause) 6413M->1907M(8192M) 149.347ms
[6373.350s][info][gc,cpu         ] GC(1019) User=1.18s Sys=0.00s Real=0.15s
...[6376.717s][info][gc,start       ] GC(1020) Pause Young (Normal) (G1 Evacuation Pause)
[6376.717s][info][gc,task        ] GC(1020) Using 8 workers of 8 for evacuation
[6376.869s][info][gc,phases      ] GC(1020)   Pre Evacuate Collection Set: 0.23ms
[6376.869s][info][gc,phases      ] GC(1020)   Merge Heap Roots: 0.48ms
[6376.869s][info][gc,phases      ] GC(1020)   Evacuate Collection Set: 150.72ms
[6376.869s][info][gc,phases      ] GC(1020)   Post Evacuate Collection Set: 1.03ms
[6376.869s][info][gc,phases      ] GC(1020)   Other: 0.06ms
[6376.869s][info][gc,heap        ] GC(1020) Eden regions: 571->0(570)
[6376.869s][info][gc,heap        ] GC(1020) Survivor regions: 43->44(77)
[6376.869s][info][gc,heap        ] GC(1020) Old regions: 164->171
[6376.869s][info][gc,heap        ] GC(1020) Humongous regions: 33->33
[6376.869s][info][gc,metaspace   ] GC(1020) Metaspace: 30013K(30144K)->30013K(30144K) NonClass: 30013K(30144K)->30013K(30144K) Class: 0K(0K)->0K(0K)
[6376.869s][info][gc             ] GC(1020) Pause Young (Normal) (G1 Evacuation Pause) 6475M->1971M(8192M) 152.658ms
[6376.869s][info][gc,cpu         ] GC(1020) User=1.21s Sys=0.00s Real=0.15s
....[6380.264s][info][gc,start       ] GC(1021) Pause Young (Normal) (G1 Evacuation Pause)
[6380.264s][info][gc,task        ] GC(1021) Using 8 workers of 8 for evacuation
[6380.413s][info][gc,phases      ] GC(1021)   Pre Evacuate Collection Set: 0.23ms
[6380.413s][info][gc,phases      ] GC(1021)   Merge Heap Roots: 0.49ms
[6380.413s][info][gc,phases      ] GC(1021)   Evacuate Collection Set: 147.62ms
[6380.413s][info][gc,phases      ] GC(1021)   Post Evacuate Collection Set: 1.01ms
[6380.413s][info][gc,phases      ] GC(1021)   Other: 0.06ms
[6380.413s][info][gc,heap        ] GC(1021) Eden regions: 570->0(570)
[6380.413s][info][gc,heap        ] GC(1021) Survivor regions: 44->44(77)
[6380.413s][info][gc,heap        ] GC(1021) Old regions: 171->178
[6380.413s][info][gc,heap        ] GC(1021) Humongous regions: 33->33
[6380.413s][info][gc,metaspace   ] GC(1021) Metaspace: 30013K(30144K)->30013K(30144K) NonClass: 30013K(30144K)->30013K(30144K) Class: 0K(0K)->0K(0K)
[6380.414s][info][gc             ] GC(1021) Pause Young (Normal) (G1 Evacuation Pause) 6531M->2023M(8192M) 149.530ms
[6380.414s][info][gc,cpu         ] GC(1021) User=1.18s Sys=0.00s Real=0.15s
...[6383.631s][info][gc,start       ] GC(1022) Pause Young (Normal) (G1 Evacuation Pause)
[6383.631s][info][gc,task        ] GC(1022) Using 8 workers of 8 for evacuation
[6383.786s][info][gc,phases      ] GC(1022)   Pre Evacuate Collection Set: 0.23ms
[6383.786s][info][gc,phases      ] GC(1022)   Merge Heap Roots: 0.51ms
[6383.786s][info][gc,phases      ] GC(1022)   Evacuate Collection Set: 153.73ms
[6383.786s][info][gc,phases      ] GC(1022)   Post Evacuate Collection Set: 1.02ms
[6383.786s][info][gc,phases      ] GC(1022)   Other: 0.06ms
[6383.786s][info][gc,heap        ] GC(1022) Eden regions: 570->0(569)
[6383.786s][info][gc,heap        ] GC(1022) Survivor regions: 44->45(77)
[6383.786s][info][gc,heap        ] GC(1022) Old regions: 178->185
[6383.786s][info][gc,heap        ] GC(1022) Humongous regions: 33->33
[6383.786s][info][gc,metaspace   ] GC(1022) Metaspace: 30013K(30144K)->30013K(30144K) NonClass: 30013K(30144K)->30013K(30144K) Class: 0K(0K)->0K(0K)
[6383.786s][info][gc             ] GC(1022) Pause Young (Normal) (G1 Evacuation Pause) 6583M->2091M(8192M) 155.679ms
[6383.786s][info][gc,cpu         ] GC(1022) User=1.23s Sys=0.00s Real=0.15s
....[6387.158s][info][gc,start       ] GC(1023) Pause Young (Normal) (G1 Evacuation Pause)
[6387.158s][info][gc,task        ] GC(1023) Using 8 workers of 8 for evacuation
[6387.307s][info][gc,phases      ] GC(1023)   Pre Evacuate Collection Set: 0.26ms
[6387.307s][info][gc,phases      ] GC(1023)   Merge Heap Roots: 0.55ms
[6387.307s][info][gc,phases      ] GC(1023)   Evacuate Collection Set: 147.03ms
[6387.307s][info][gc,phases      ] GC(1023)   Post Evacuate Collection Set: 1.02ms
[6387.307s][info][gc,phases      ] GC(1023)   Other: 0.06ms
[6387.307s][info][gc,heap        ] GC(1023) Eden regions: 569->0(571)
[6387.307s][info][gc,heap        ] GC(1023) Survivor regions: 45->43(77)
[6387.307s][info][gc,heap        ] GC(1023) Old regions: 185->193
[6387.307s][info][gc,heap        ] GC(1023) Humongous regions: 33->33
[6387.307s][info][gc,metaspace   ] GC(1023) Metaspace: 30013K(30144K)->30013K(30144K) NonClass: 30013K(30144K)->30013K(30144K) Class: 0K(0K)->0K(0K)
[6387.307s][info][gc             ] GC(1023) Pause Young (Normal) (G1 Evacuation Pause) 6643M->2130M(8192M) 149.061ms
[6387.308s][info][gc,cpu         ] GC(1023) User=1.18s Sys=0.00s Real=0.15s
... (rIR:aIR:PR = 10793:10871:10871) (tPR = 162020) [OK] 
  6389s: Performance info:
         Transaction,    Success,    Partial,     Failed,   Receipts, AvgBarcode, 
             Overall,     656630,          0,          0,     623952,      59.47, 
         Response times:
             Request,    Success,    Partial,     Failed,   SkipFail,     Probes,    Samples,      min,      p50,      p90,      p95,      p99,      max, 
       TotalPurchase,     623953,          0,          0,          0,     359130,     389160,      300,     8400,    61000,    98000,   164000,  2400000,
     InStorePurchase,     328578,          0,          0,          0,     188545,     204194,      300,     8500,    60000,    97000,   163000,  2400000,
      OnlinePurchase,     230341,          0,          0,          0,     131984,     143229,      300,     8400,    63000,   100000,   164000,  2400000,
        InstPurchase,      65034,          0,          0,          0,      38601,      41737,      400,     8400,    60000,    98000,   165000,   690000,
          AssocOfCat,        651,          0,          0,          0,        557,        688,    28000,    58000,   112100,   154550,   247110,   347000,
      AssocOfProduct,       6569,          0,          0,          0,       3805,       4314,      700,     9100,    62000,   103000,   164850,   660000,
      BusinessReport,       1629,          0,          0,          0,       1442,       1699,    32000,    66000,   135000,   176000,   250000,   399000,
          CustBuyBeh,       6609,          0,          0,          0,       3820,       4329,      200,     8800,    52000,    88000,   166000,   529000,
       ProductReturn,      17220,          0,          0,          0,       9601,      10626,      300,     8900,    54000,    95000,   159730,   528000,

  6389s: (79%)   IR =  10931 [6390.646s][info][gc,start       ] GC(1024) Pause Young (Normal) (G1 Evacuation Pause)
[6390.646s][info][gc,task        ] GC(1024) Using 8 workers of 8 for evacuation
[6390.804s][info][gc,phases      ] GC(1024)   Pre Evacuate Collection Set: 0.23ms
[6390.804s][info][gc,phases      ] GC(1024)   Merge Heap Roots: 0.49ms
[6390.804s][info][gc,phases      ] GC(1024)   Evacuate Collection Set: 156.63ms
[6390.804s][info][gc,phases      ] GC(1024)   Post Evacuate Collection Set: 1.00ms
[6390.804s][info][gc,phases      ] GC(1024)   Other: 0.06ms
[6390.804s][info][gc,heap        ] GC(1024) Eden regions: 571->0(569)
[6390.804s][info][gc,heap        ] GC(1024) Survivor regions: 43->45(77)
[6390.804s][info][gc,heap        ] GC(1024) Old regions: 193->200
[6390.804s][info][gc,heap        ] GC(1024) Humongous regions: 33->33
[6390.804s][info][gc,metaspace   ] GC(1024) Metaspace: 30013K(30144K)->30013K(30144K) NonClass: 30013K(30144K)->30013K(30144K) Class: 0K(0K)->0K(0K)
[6390.804s][info][gc             ] GC(1024) Pause Young (Normal) (G1 Evacuation Pause) 6698M->2205M(8192M) 158.511ms
[6390.804s][info][gc,cpu         ] GC(1024) User=1.26s Sys=0.00s Real=0.16s
....[6394.073s][info][gc,start       ] GC(1025) Pause Young (Normal) (G1 Evacuation Pause)
[6394.073s][info][gc,task        ] GC(1025) Using 8 workers of 8 for evacuation
[6394.225s][info][gc,phases      ] GC(1025)   Pre Evacuate Collection Set: 0.25ms
[6394.225s][info][gc,phases      ] GC(1025)   Merge Heap Roots: 0.49ms
[6394.225s][info][gc,phases      ] GC(1025)   Evacuate Collection Set: 149.87ms
[6394.225s][info][gc,phases      ] GC(1025)   Post Evacuate Collection Set: 1.07ms
[6394.225s][info][gc,phases      ] GC(1025)   Other: 0.09ms
[6394.225s][info][gc,heap        ] GC(1025) Eden regions: 569->0(570)
[6394.225s][info][gc,heap        ] GC(1025) Survivor regions: 45->44(77)
[6394.225s][info][gc,heap        ] GC(1025) Old regions: 200->207
[6394.225s][info][gc,heap        ] GC(1025) Humongous regions: 33->33
[6394.225s][info][gc,metaspace   ] GC(1025) Metaspace: 30013K(30144K)->30013K(30144K) NonClass: 30013K(30144K)->30013K(30144K) Class: 0K(0K)->0K(0K)
[6394.225s][info][gc             ] GC(1025) Pause Young (Normal) (G1 Evacuation Pause) 6757M->2255M(8192M) 151.895ms
[6394.225s][info][gc,cpu         ] GC(1025) User=1.20s Sys=0.00s Real=0.15s
...[6397.525s][info][gc,start       ] GC(1026) Pause Young (Normal) (G1 Evacuation Pause)
[6397.525s][info][gc,task        ] GC(1026) Using 8 workers of 8 for evacuation
[6397.682s][info][gc,phases      ] GC(1026)   Pre Evacuate Collection Set: 0.25ms
[6397.682s][info][gc,phases      ] GC(1026)   Merge Heap Roots: 0.51ms
[6397.682s][info][gc,phases      ] GC(1026)   Evacuate Collection Set: 155.56ms
[6397.682s][info][gc,phases      ] GC(1026)   Post Evacuate Collection Set: 1.05ms
[6397.682s][info][gc,phases      ] GC(1026)   Other: 0.06ms
[6397.682s][info][gc,heap        ] GC(1026) Eden regions: 570->0(570)
[6397.682s][info][gc,heap        ] GC(1026) Survivor regions: 44->44(77)
[6397.682s][info][gc,heap        ] GC(1026) Old regions: 207->215
[6397.682s][info][gc,heap        ] GC(1026) Humongous regions: 33->33
[6397.682s][info][gc,metaspace   ] GC(1026) Metaspace: 30013K(30144K)->30013K(30144K) NonClass: 30013K(30144K)->30013K(30144K) Class: 0K(0K)->0K(0K)
[6397.682s][info][gc             ] GC(1026) Pause Young (Normal) (G1 Evacuation Pause) 6815M->2319M(8192M) 157.561ms
[6397.682s][info][gc,cpu         ] GC(1026) User=1.24s Sys=0.00s Real=0.16s
....[6401.075s][info][gc,start       ] GC(1027) Pause Young (Normal) (G1 Evacuation Pause)
[6401.075s][info][gc,task        ] GC(1027) Using 8 workers of 8 for evacuation
[6401.224s][info][gc,phases      ] GC(1027)   Pre Evacuate Collection Set: 0.26ms
[6401.224s][info][gc,phases      ] GC(1027)   Merge Heap Roots: 0.55ms
[6401.224s][info][gc,phases      ] GC(1027)   Evacuate Collection Set: 147.51ms
[6401.224s][info][gc,phases      ] GC(1027)   Post Evacuate Collection Set: 1.03ms
[6401.224s][info][gc,phases      ] GC(1027)   Other: 0.06ms
[6401.224s][info][gc,heap        ] GC(1027) Eden regions: 570->0(571)
[6401.224s][info][gc,heap        ] GC(1027) Survivor regions: 44->43(77)
[6401.224s][info][gc,heap        ] GC(1027) Old regions: 215->222
[6401.224s][info][gc,heap        ] GC(1027) Humongous regions: 33->33
[6401.224s][info][gc,metaspace   ] GC(1027) Metaspace: 30013K(30144K)->30013K(30144K) NonClass: 30013K(30144K)->30013K(30144K) Class: 0K(0K)->0K(0K)
[6401.224s][info][gc             ] GC(1027) Pause Young (Normal) (G1 Evacuation Pause) 6879M->2367M(8192M) 149.548ms
[6401.224s][info][gc,cpu         ] GC(1027) User=1.18s Sys=0.00s Real=0.15s
...[6404.588s][info][gc,start       ] GC(1028) Pause Young (Normal) (G1 Evacuation Pause)
[6404.588s][info][gc,task        ] GC(1028) Using 8 workers of 8 for evacuation
[6404.744s][info][gc,phases      ] GC(1028)   Pre Evacuate Collection Set: 0.22ms
[6404.744s][info][gc,phases      ] GC(1028)   Merge Heap Roots: 0.51ms
[6404.744s][info][gc,phases      ] GC(1028)   Evacuate Collection Set: 154.09ms
[6404.744s][info][gc,phases      ] GC(1028)   Post Evacuate Collection Set: 1.03ms
[6404.744s][info][gc,phases      ] GC(1028)   Other: 0.07ms
[6404.744s][info][gc,heap        ] GC(1028) Eden regions: 571->0(569)
[6404.744s][info][gc,heap        ] GC(1028) Survivor regions: 43->45(77)
[6404.744s][info][gc,heap        ] GC(1028) Old regions: 222->229
[6404.744s][info][gc,heap        ] GC(1028) Humongous regions: 33->33
[6404.744s][info][gc,metaspace   ] GC(1028) Metaspace: 30013K(30144K)->30013K(30144K) NonClass: 30013K(30144K)->30013K(30144K) Class: 0K(0K)->0K(0K)
[6404.744s][info][gc             ] GC(1028) Pause Young (Normal) (G1 Evacuation Pause) 6935M->2435M(8192M) 156.074ms
[6404.744s][info][gc,cpu         ] GC(1028) User=1.24s Sys=0.00s Real=0.16s
....[6408.036s][info][gc,start       ] GC(1029) Pause Young (Normal) (G1 Evacuation Pause)
[6408.036s][info][gc,task        ] GC(1029) Using 8 workers of 8 for evacuation
[6408.192s][info][gc,phases      ] GC(1029)   Pre Evacuate Collection Set: 0.22ms
[6408.192s][info][gc,phases      ] GC(1029)   Merge Heap Roots: 0.48ms
[6408.192s][info][gc,phases      ] GC(1029)   Evacuate Collection Set: 153.87ms
[6408.192s][info][gc,phases      ] GC(1029)   Post Evacuate Collection Set: 1.02ms
[6408.192s][info][gc,phases      ] GC(1029)   Other: 0.06ms
[6408.192s][info][gc,heap        ] GC(1029) Eden regions: 569->0(569)
[6408.192s][info][gc,heap        ] GC(1029) Survivor regions: 45->45(77)
[6408.192s][info][gc,heap        ] GC(1029) Old regions: 229->236
[6408.192s][info][gc,heap        ] GC(1029) Humongous regions: 33->33
[6408.192s][info][gc,metaspace   ] GC(1029) Metaspace: 30013K(30144K)->30013K(30144K) NonClass: 30013K(30144K)->30013K(30144K) Class: 0K(0K)->0K(0K)
[6408.192s][info][gc             ] GC(1029) Pause Young (Normal) (G1 Evacuation Pause) 6987M->2491M(8192M) 155.774ms
[6408.192s][info][gc,cpu         ] GC(1029) User=1.23s Sys=0.00s Real=0.16s
...[6411.594s][info][gc,start       ] GC(1030) Pause Young (Normal) (G1 Evacuation Pause)
[6411.594s][info][gc,task        ] GC(1030) Using 8 workers of 8 for evacuation
[6411.742s][info][gc,phases      ] GC(1030)   Pre Evacuate Collection Set: 0.27ms
[6411.742s][info][gc,phases      ] GC(1030)   Merge Heap Roots: 0.49ms
[6411.742s][info][gc,phases      ] GC(1030)   Evacuate Collection Set: 145.99ms
[6411.742s][info][gc,phases      ] GC(1030)   Post Evacuate Collection Set: 1.02ms
[6411.742s][info][gc,phases      ] GC(1030)   Other: 0.06ms
[6411.742s][info][gc,heap        ] GC(1030) Eden regions: 569->0(571)
[6411.742s][info][gc,heap        ] GC(1030) Survivor regions: 45->43(77)
[6411.742s][info][gc,heap        ] GC(1030) Old regions: 236->243
[6411.742s][info][gc,heap        ] GC(1030) Humongous regions: 33->33
[6411.742s][info][gc,metaspace   ] GC(1030) Metaspace: 30013K(30144K)->30013K(30144K) NonClass: 30013K(30144K)->30013K(30144K) Class: 0K(0K)->0K(0K)
[6411.742s][info][gc             ] GC(1030) Pause Young (Normal) (G1 Evacuation Pause) 7043M->2537M(8192M) 147.950ms
[6411.742s][info][gc,cpu         ] GC(1030) User=1.17s Sys=0.00s Real=0.15s
...|.[6415.093s][info][gc,start       ] GC(1031) Pause Young (Normal) (G1 Evacuation Pause)
[6415.093s][info][gc,task        ] GC(1031) Using 8 workers of 8 for evacuation
[6415.247s][info][gc,phases      ] GC(1031)   Pre Evacuate Collection Set: 0.22ms
[6415.247s][info][gc,phases      ] GC(1031)   Merge Heap Roots: 0.49ms
[6415.247s][info][gc,phases      ] GC(1031)   Evacuate Collection Set: 152.15ms
[6415.247s][info][gc,phases      ] GC(1031)   Post Evacuate Collection Set: 1.02ms
[6415.247s][info][gc,phases      ] GC(1031)   Other: 0.06ms
[6415.247s][info][gc,heap        ] GC(1031) Eden regions: 571->0(570)
[6415.247s][info][gc,heap        ] GC(1031) Survivor regions: 43->44(77)
[6415.247s][info][gc,heap        ] GC(1031) Old regions: 243->250
[6415.247s][info][gc,heap        ] GC(1031) Humongous regions: 33->33
[6415.247s][info][gc,metaspace   ] GC(1031) Metaspace: 30013K(30144K)->30013K(30144K) NonClass: 30013K(30144K)->30013K(30144K) Class: 0K(0K)->0K(0K)
[6415.247s][info][gc             ] GC(1031) Pause Young (Normal) (G1 Evacuation Pause) 7105M->2602M(8192M) 154.073ms
[6415.247s][info][gc,cpu         ] GC(1031) User=1.21s Sys=0.01s Real=0.15s
...[6418.588s][info][gc,start       ] GC(1032) Pause Young (Normal) (G1 Evacuation Pause)
[6418.588s][info][gc,task        ] GC(1032) Using 8 workers of 8 for evacuation
[6418.743s][info][gc,phases      ] GC(1032)   Pre Evacuate Collection Set: 0.24ms
[6418.743s][info][gc,phases      ] GC(1032)   Merge Heap Roots: 0.49ms
[6418.743s][info][gc,phases      ] GC(1032)   Evacuate Collection Set: 153.50ms
[6418.743s][info][gc,phases      ] GC(1032)   Post Evacuate Collection Set: 1.00ms
[6418.743s][info][gc,phases      ] GC(1032)   Other: 0.07ms
[6418.743s][info][gc,heap        ] GC(1032) Eden regions: 570->0(570)
[6418.743s][info][gc,heap        ] GC(1032) Survivor regions: 44->44(77)
[6418.743s][info][gc,heap        ] GC(1032) Old regions: 250->257
[6418.743s][info][gc,heap        ] GC(1032) Humongous regions: 33->33
[6418.743s][info][gc,metaspace   ] GC(1032) Metaspace: 30013K(30144K)->30013K(30144K) NonClass: 30013K(30144K)->30013K(30144K) Class: 0K(0K)->0K(0K)
[6418.743s][info][gc             ] GC(1032) Pause Young (Normal) (G1 Evacuation Pause) 7162M->2659M(8192M) 155.422ms
[6418.743s][info][gc,cpu         ] GC(1032) User=1.23s Sys=0.01s Real=0.16s
....[6422.140s][info][gc,start       ] GC(1033) Pause Young (Normal) (G1 Evacuation Pause)
[6422.140s][info][gc,task        ] GC(1033) Using 8 workers of 8 for evacuation
[6422.289s][info][gc,phases      ] GC(1033)   Pre Evacuate Collection Set: 0.21ms
[6422.289s][info][gc,phases      ] GC(1033)   Merge Heap Roots: 0.49ms
[6422.289s][info][gc,phases      ] GC(1033)   Evacuate Collection Set: 146.31ms
[6422.289s][info][gc,phases      ] GC(1033)   Post Evacuate Collection Set: 1.06ms
[6422.289s][info][gc,phases      ] GC(1033)   Other: 0.06ms
[6422.289s][info][gc,heap        ] GC(1033) Eden regions: 570->0(570)
[6422.289s][info][gc,heap        ] GC(1033) Survivor regions: 44->44(77)
[6422.289s][info][gc,heap        ] GC(1033) Old regions: 257->265
[6422.289s][info][gc,heap        ] GC(1033) Humongous regions: 33->33
[6422.289s][info][gc,metaspace   ] GC(1033) Metaspace: 30013K(30144K)->30013K(30144K) NonClass: 30013K(30144K)->30013K(30144K) Class: 0K(0K)->0K(0K)
[6422.289s][info][gc             ] GC(1033) Pause Young (Normal) (G1 Evacuation Pause) 7219M->2715M(8192M) 148.263ms
[6422.289s][info][gc,cpu         ] GC(1033) User=1.18s Sys=0.00s Real=0.14s
...[6425.615s][info][gc,start       ] GC(1034) Pause Young (Normal) (G1 Evacuation Pause)
[6425.615s][info][gc,task        ] GC(1034) Using 8 workers of 8 for evacuation
[6425.767s][info][gc,phases      ] GC(1034)   Pre Evacuate Collection Set: 0.23ms
[6425.767s][info][gc,phases      ] GC(1034)   Merge Heap Roots: 0.50ms
[6425.767s][info][gc,phases      ] GC(1034)   Evacuate Collection Set: 150.50ms
[6425.767s][info][gc,phases      ] GC(1034)   Post Evacuate Collection Set: 1.04ms
[6425.767s][info][gc,phases      ] GC(1034)   Other: 0.06ms
[6425.767s][info][gc,heap        ] GC(1034) Eden regions: 570->0(570)
[6425.767s][info][gc,heap        ] GC(1034) Survivor regions: 44->44(77)
[6425.767s][info][gc,heap        ] GC(1034) Old regions: 265->272
[6425.767s][info][gc,heap        ] GC(1034) Humongous regions: 33->33
[6425.767s][info][gc,metaspace   ] GC(1034) Metaspace: 30013K(30144K)->30013K(30144K) NonClass: 30013K(30144K)->30013K(30144K) Class: 0K(0K)->0K(0K)
[6425.767s][info][gc             ] GC(1034) Pause Young (Normal) (G1 Evacuation Pause) 7275M->2771M(8192M) 152.458ms
[6425.767s][info][gc,cpu         ] GC(1034) User=1.20s Sys=0.00s Real=0.15s
....[6429.143s][info][gc,start       ] GC(1035) Pause Young (Normal) (G1 Evacuation Pause)
[6429.143s][info][gc,task        ] GC(1035) Using 8 workers of 8 for evacuation
[6429.295s][info][gc,phases      ] GC(1035)   Pre Evacuate Collection Set: 0.25ms
[6429.295s][info][gc,phases      ] GC(1035)   Merge Heap Roots: 0.52ms
[6429.295s][info][gc,phases      ] GC(1035)   Evacuate Collection Set: 150.40ms
[6429.295s][info][gc,phases      ] GC(1035)   Post Evacuate Collection Set: 1.04ms
[6429.295s][info][gc,phases      ] GC(1035)   Other: 0.06ms
[6429.295s][info][gc,heap        ] GC(1035) Eden regions: 570->0(571)
[6429.295s][info][gc,heap        ] GC(1035) Survivor regions: 44->43(77)
[6429.295s][info][gc,heap        ] GC(1035) Old regions: 272->279
[6429.295s][info][gc,heap        ] GC(1035) Humongous regions: 33->33
[6429.295s][info][gc,metaspace   ] GC(1035) Metaspace: 30013K(30144K)->30013K(30144K) NonClass: 30013K(30144K)->30013K(30144K) Class: 0K(0K)->0K(0K)
[6429.295s][info][gc             ] GC(1035) Pause Young (Normal) (G1 Evacuation Pause) 7331M->2826M(8192M) 152.432ms
[6429.295s][info][gc,cpu         ] GC(1035) User=1.20s Sys=0.00s Real=0.15s
...[6432.689s][info][gc,start       ] GC(1036) Pause Young (Normal) (G1 Evacuation Pause)
[6432.689s][info][gc,task        ] GC(1036) Using 8 workers of 8 for evacuation
[6432.839s][info][gc,phases      ] GC(1036)   Pre Evacuate Collection Set: 0.23ms
[6432.839s][info][gc,phases      ] GC(1036)   Merge Heap Roots: 0.48ms
[6432.839s][info][gc,phases      ] GC(1036)   Evacuate Collection Set: 148.00ms
[6432.839s][info][gc,phases      ] GC(1036)   Post Evacuate Collection Set: 1.03ms
[6432.839s][info][gc,phases      ] GC(1036)   Other: 0.07ms
[6432.839s][info][gc,heap        ] GC(1036) Eden regions: 571->0(567)
[6432.839s][info][gc,heap        ] GC(1036) Survivor regions: 43->43(77)
[6432.839s][info][gc,heap        ] GC(1036) Old regions: 279->286
[6432.839s][info][gc,heap        ] GC(1036) Humongous regions: 33->33
[6432.839s][info][gc,metaspace   ] GC(1036) Metaspace: 30013K(30144K)->30013K(30144K) NonClass: 30013K(30144K)->30013K(30144K) Class: 0K(0K)->0K(0K)
[6432.839s][info][gc             ] GC(1036) Pause Young (Normal) (G1 Evacuation Pause) 7394M->2883M(8192M) 149.951ms
[6432.839s][info][gc,cpu         ] GC(1036) User=1.19s Sys=0.00s Real=0.15s
....[6436.273s][info][gc,start       ] GC(1037) Pause Young (Normal) (G1 Evacuation Pause)
[6436.273s][info][gc,task        ] GC(1037) Using 8 workers of 8 for evacuation
[6436.428s][info][gc,phases      ] GC(1037)   Pre Evacuate Collection Set: 0.25ms
[6436.428s][info][gc,phases      ] GC(1037)   Merge Heap Roots: 0.52ms
[6436.428s][info][gc,phases      ] GC(1037)   Evacuate Collection Set: 153.29ms
[6436.428s][info][gc,phases      ] GC(1037)   Post Evacuate Collection Set: 1.01ms
[6436.428s][info][gc,phases      ] GC(1037)   Other: 0.06ms
[6436.428s][info][gc,heap        ] GC(1037) Eden regions: 567->0(559)
[6436.428s][info][gc,heap        ] GC(1037) Survivor regions: 43->43(77)
[6436.428s][info][gc,heap        ] GC(1037) Old regions: 286->294
[6436.428s][info][gc,heap        ] GC(1037) Humongous regions: 33->33
[6436.428s][info][gc,metaspace   ] GC(1037) Metaspace: 30013K(30144K)->30013K(30144K) NonClass: 30013K(30144K)->30013K(30144K) Class: 0K(0K)->0K(0K)
[6436.428s][info][gc             ] GC(1037) Pause Young (Normal) (G1 Evacuation Pause) 7419M->2943M(8192M) 155.278ms
[6436.428s][info][gc,cpu         ] GC(1037) User=1.23s Sys=0.00s Real=0.15s
...[6439.721s][info][gc,start       ] GC(1038) Pause Young (Normal) (G1 Evacuation Pause)
[6439.721s][info][gc,task        ] GC(1038) Using 8 workers of 8 for evacuation
[6439.875s][info][gc,phases      ] GC(1038)   Pre Evacuate Collection Set: 0.22ms
[6439.875s][info][gc,phases      ] GC(1038)   Merge Heap Roots: 0.48ms
[6439.875s][info][gc,phases      ] GC(1038)   Evacuate Collection Set: 152.84ms
[6439.875s][info][gc,phases      ] GC(1038)   Post Evacuate Collection Set: 1.01ms
[6439.875s][info][gc,phases      ] GC(1038)   Other: 0.06ms
[6439.875s][info][gc,heap        ] GC(1038) Eden regions: 559->0(550)
[6439.875s][info][gc,heap        ] GC(1038) Survivor regions: 43->44(76)
[6439.875s][info][gc,heap        ] GC(1038) Old regions: 294->301
[6439.875s][info][gc,heap        ] GC(1038) Humongous regions: 33->33
[6439.875s][info][gc,metaspace   ] GC(1038) Metaspace: 30013K(30144K)->30013K(30144K) NonClass: 30013K(30144K)->30013K(30144K) Class: 0K(0K)->0K(0K)
[6439.875s][info][gc             ] GC(1038) Pause Young (Normal) (G1 Evacuation Pause) 7415M->3005M(8192M) 154.748ms
[6439.875s][info][gc,cpu         ] GC(1038) User=1.23s Sys=0.00s Real=0.15s
....[6443.107s][info][gc,start       ] GC(1039) Pause Young (Normal) (G1 Evacuation Pause)
[6443.107s][info][gc,task        ] GC(1039) Using 8 workers of 8 for evacuation
[6443.259s][info][gc,phases      ] GC(1039)   Pre Evacuate Collection Set: 0.24ms
[6443.259s][info][gc,phases      ] GC(1039)   Merge Heap Roots: 0.49ms
[6443.259s][info][gc,phases      ] GC(1039)   Evacuate Collection Set: 149.87ms
[6443.259s][info][gc,phases      ] GC(1039)   Post Evacuate Collection Set: 1.01ms
[6443.259s][info][gc,phases      ] GC(1039)   Other: 0.06ms
[6443.259s][info][gc,heap        ] GC(1039) Eden regions: 550->0(542)
[6443.259s][info][gc,heap        ] GC(1039) Survivor regions: 44->44(75)
[6443.259s][info][gc,heap        ] GC(1039) Old regions: 301->309
[6443.259s][info][gc,heap        ] GC(1039) Humongous regions: 33->33
[6443.259s][info][gc,metaspace   ] GC(1039) Metaspace: 30013K(30144K)->30013K(30144K) NonClass: 30013K(30144K)->30013K(30144K) Class: 0K(0K)->0K(0K)
[6443.259s][info][gc             ] GC(1039) Pause Young (Normal) (G1 Evacuation Pause) 7405M->3065M(8192M) 151.803ms
[6443.259s][info][gc,cpu         ] GC(1039) User=1.20s Sys=0.00s Real=0.15s
...[6446.340s][info][gc,start       ] GC(1040) Pause Young (Concurrent Start) (G1 Evacuation Pause)
[6446.340s][info][gc,task        ] GC(1040) Using 8 workers of 8 for evacuation
[6446.488s][info][gc,phases      ] GC(1040)   Pre Evacuate Collection Set: 0.27ms
[6446.488s][info][gc,phases      ] GC(1040)   Merge Heap Roots: 0.49ms
[6446.488s][info][gc,phases      ] GC(1040)   Evacuate Collection Set: 146.21ms
[6446.488s][info][gc,phases      ] GC(1040)   Post Evacuate Collection Set: 0.99ms
[6446.488s][info][gc,phases      ] GC(1040)   Other: 0.09ms
[6446.488s][info][gc,heap        ] GC(1040) Eden regions: 542->0(541)
[6446.488s][info][gc,heap        ] GC(1040) Survivor regions: 44->41(74)
[6446.488s][info][gc,heap        ] GC(1040) Old regions: 309->316
[6446.488s][info][gc,heap        ] GC(1040) Humongous regions: 33->33
[6446.488s][info][gc,metaspace   ] GC(1040) Metaspace: 30013K(30144K)->30013K(30144K) NonClass: 30013K(30144K)->30013K(30144K) Class: 0K(0K)->0K(0K)
[6446.488s][info][gc             ] GC(1040) Pause Young (Concurrent Start) (G1 Evacuation Pause) 7401M->3107M(8192M) 148.180ms
[6446.488s][info][gc             ] GC(1041) Concurrent Mark Cycle
[6446.488s][info][gc,marking     ] GC(1041) Concurrent Scan Root Regions
[6446.488s][info][gc,cpu         ] GC(1040) User=1.17s Sys=0.00s Real=0.14s
[6446.772s][info][gc,marking     ] GC(1041) Concurrent Scan Root Regions 283.981ms
[6446.772s][info][gc,marking     ] GC(1041) Concurrent Mark
[6446.772s][info][gc,marking     ] GC(1041) Concurrent Mark From Roots
[6446.772s][info][gc,task        ] GC(1041) Using 2 workers of 2 for marking
.[6448.025s][info][gc,marking     ] GC(1041) Concurrent Mark From Roots 1252.566ms
[6448.025s][info][gc,marking     ] GC(1041) Concurrent Preclean
[6448.025s][info][gc,marking     ] GC(1041) Concurrent Preclean 0.109ms
[6448.025s][info][gc,start       ] GC(1041) Pause Remark
[6448.028s][info][gc             ] GC(1041) Pause Remark 4855M->4151M(8192M) 2.892ms
[6448.028s][info][gc,cpu         ] GC(1041) User=0.02s Sys=0.00s Real=0.00s
[6448.028s][info][gc,marking     ] GC(1041) Concurrent Mark 1255.865ms
[6448.028s][info][gc,marking     ] GC(1041) Concurrent Rebuild Remembered Sets and Scrub Regions
.[6448.974s][info][gc,marking     ] GC(1041) Concurrent Rebuild Remembered Sets and Scrub Regions 945.329ms
[6448.974s][info][gc,start       ] GC(1041) Pause Cleanup
[6448.974s][info][gc             ] GC(1041) Pause Cleanup 5464M->5464M(8192M) 0.245ms
[6448.974s][info][gc,cpu         ] GC(1041) User=0.00s Sys=0.00s Real=0.00s
[6448.974s][info][gc,marking     ] GC(1041) Concurrent Clear Claimed Marks
[6448.974s][info][gc,marking     ] GC(1041) Concurrent Clear Claimed Marks 0.041ms
[6448.974s][info][gc,marking     ] GC(1041) Concurrent Cleanup for Next Mark
[6448.985s][info][gc,marking     ] GC(1041) Concurrent Cleanup for Next Mark 10.530ms
[6448.985s][info][gc             ] GC(1041) Concurrent Mark Cycle 2496.401ms
.[6449.741s][info][gc,start       ] GC(1042) Pause Young (Prepare Mixed) (G1 Evacuation Pause)
[6449.742s][info][gc,task        ] GC(1042) Using 8 workers of 8 for evacuation
[6449.896s][info][gc,phases      ] GC(1042)   Pre Evacuate Collection Set: 0.23ms
[6449.896s][info][gc,phases      ] GC(1042)   Merge Heap Roots: 0.71ms
[6449.896s][info][gc,phases      ] GC(1042)   Evacuate Collection Set: 152.11ms
[6449.896s][info][gc,phases      ] GC(1042)   Post Evacuate Collection Set: 1.09ms
[6449.896s][info][gc,phases      ] GC(1042)   Other: 0.08ms
[6449.896s][info][gc,heap        ] GC(1042) Eden regions: 541->0(570)
[6449.896s][info][gc,heap        ] GC(1042) Survivor regions: 41->44(73)
[6449.896s][info][gc,heap        ] GC(1042) Old regions: 228->236
[6449.896s][info][gc,heap        ] GC(1042) Humongous regions: 33->33
[6449.896s][info][gc,metaspace   ] GC(1042) Metaspace: 30013K(30144K)->30013K(30144K) NonClass: 30013K(30144K)->30013K(30144K) Class: 0K(0K)->0K(0K)
[6449.896s][info][gc             ] GC(1042) Pause Young (Prepare Mixed) (G1 Evacuation Pause) 6731M->2486M(8192M) 154.359ms
[6449.896s][info][gc,cpu         ] GC(1042) User=1.22s Sys=0.00s Real=0.15s
....[6453.216s][info][gc,start       ] GC(1043) Pause Young (Mixed) (G1 Evacuation Pause)
[6453.216s][info][gc,task        ] GC(1043) Using 8 workers of 8 for evacuation
[6453.373s][info][gc,phases      ] GC(1043)   Pre Evacuate Collection Set: 0.29ms
[6453.373s][info][gc,phases      ] GC(1043)   Merge Heap Roots: 0.88ms
[6453.373s][info][gc,phases      ] GC(1043)   Evacuate Collection Set: 154.62ms
[6453.373s][info][gc,phases      ] GC(1043)   Post Evacuate Collection Set: 1.20ms
[6453.373s][info][gc,phases      ] GC(1043)   Other: 0.07ms
[6453.373s][info][gc,heap        ] GC(1043) Eden regions: 570->0(572)
[6453.373s][info][gc,heap        ] GC(1043) Survivor regions: 44->42(77)
[6453.373s][info][gc,heap        ] GC(1043) Old regions: 236->142
[6453.373s][info][gc,heap        ] GC(1043) Humongous regions: 33->33
[6453.373s][info][gc,metaspace   ] GC(1043) Metaspace: 30013K(30144K)->30013K(30144K) NonClass: 30013K(30144K)->30013K(30144K) Class: 0K(0K)->0K(0K)
[6453.373s][info][gc             ] GC(1043) Pause Young (Mixed) (G1 Evacuation Pause) 7046M->1719M(8192M) 157.183ms
[6453.374s][info][gc,cpu         ] GC(1043) User=1.24s Sys=0.00s Real=0.16s
...[6456.662s][info][gc,start       ] GC(1044) Pause Young (Mixed) (G1 Evacuation Pause)
[6456.662s][info][gc,task        ] GC(1044) Using 8 workers of 8 for evacuation
[6456.819s][info][gc,phases      ] GC(1044)   Pre Evacuate Collection Set: 0.23ms
[6456.819s][info][gc,phases      ] GC(1044)   Merge Heap Roots: 0.56ms
[6456.819s][info][gc,phases      ] GC(1044)   Evacuate Collection Set: 154.70ms
[6456.819s][info][gc,phases      ] GC(1044)   Post Evacuate Collection Set: 1.02ms
[6456.819s][info][gc,phases      ] GC(1044)   Other: 0.06ms
[6456.819s][info][gc,heap        ] GC(1044) Eden regions: 572->0(570)
[6456.819s][info][gc,heap        ] GC(1044) Survivor regions: 42->44(77)
[6456.819s][info][gc,heap        ] GC(1044) Old regions: 142->143
[6456.819s][info][gc,heap        ] GC(1044) Humongous regions: 33->33
[6456.819s][info][gc,metaspace   ] GC(1044) Metaspace: 30013K(30144K)->30013K(30144K) NonClass: 30013K(30144K)->30013K(30144K) Class: 0K(0K)->0K(0K)
[6456.819s][info][gc             ] GC(1044) Pause Young (Mixed) (G1 Evacuation Pause) 6295M->1747M(8192M) 156.682ms
[6456.819s][info][gc,cpu         ] GC(1044) User=1.24s Sys=0.00s Real=0.15s
....[6460.222s][info][gc,start       ] GC(1045) Pause Young (Normal) (G1 Evacuation Pause)
[6460.222s][info][gc,task        ] GC(1045) Using 8 workers of 8 for evacuation
[6460.374s][info][gc,phases      ] GC(1045)   Pre Evacuate Collection Set: 0.26ms
[6460.374s][info][gc,phases      ] GC(1045)   Merge Heap Roots: 0.49ms
[6460.374s][info][gc,phases      ] GC(1045)   Evacuate Collection Set: 150.19ms
[6460.374s][info][gc,phases      ] GC(1045)   Post Evacuate Collection Set: 1.03ms
[6460.374s][info][gc,phases      ] GC(1045)   Other: 0.06ms
[6460.374s][info][gc,heap        ] GC(1045) Eden regions: 570->0(571)
[6460.374s][info][gc,heap        ] GC(1045) Survivor regions: 44->43(77)
[6460.374s][info][gc,heap        ] GC(1045) Old regions: 143->151
[6460.374s][info][gc,heap        ] GC(1045) Humongous regions: 33->33
[6460.374s][info][gc,metaspace   ] GC(1045) Metaspace: 30013K(30144K)->30013K(30144K) NonClass: 30013K(30144K)->30013K(30144K) Class: 0K(0K)->0K(0K)
[6460.374s][info][gc             ] GC(1045) Pause Young (Normal) (G1 Evacuation Pause) 6307M->1797M(8192M) 152.194ms
[6460.374s][info][gc,cpu         ] GC(1045) User=1.21s Sys=0.00s Real=0.15s
...[6463.798s][info][gc,start       ] GC(1046) Pause Young (Normal) (G1 Evacuation Pause)
[6463.798s][info][gc,task        ] GC(1046) Using 8 workers of 8 for evacuation
[6463.950s][info][gc,phases      ] GC(1046)   Pre Evacuate Collection Set: 0.23ms
[6463.950s][info][gc,phases      ] GC(1046)   Merge Heap Roots: 0.49ms
[6463.950s][info][gc,phases      ] GC(1046)   Evacuate Collection Set: 149.86ms
[6463.950s][info][gc,phases      ] GC(1046)   Post Evacuate Collection Set: 1.05ms
[6463.950s][info][gc,phases      ] GC(1046)   Other: 0.06ms
[6463.950s][info][gc,heap        ] GC(1046) Eden regions: 571->0(571)
[6463.950s][info][gc,heap        ] GC(1046) Survivor regions: 43->43(77)
[6463.950s][info][gc,heap        ] GC(1046) Old regions: 151->158
[6463.950s][info][gc,heap        ] GC(1046) Humongous regions: 33->33
[6463.950s][info][gc,metaspace   ] GC(1046) Metaspace: 30013K(30144K)->30013K(30144K) NonClass: 30013K(30144K)->30013K(30144K) Class: 0K(0K)->0K(0K)
[6463.950s][info][gc             ] GC(1046) Pause Young (Normal) (G1 Evacuation Pause) 6365M->1854M(8192M) 151.819ms
[6463.950s][info][gc,cpu         ] GC(1046) User=1.20s Sys=0.00s Real=0.16s
....[6467.211s][info][gc,start       ] GC(1047) Pause Young (Normal) (G1 Evacuation Pause)
[6467.211s][info][gc,task        ] GC(1047) Using 8 workers of 8 for evacuation
[6467.361s][info][gc,phases      ] GC(1047)   Pre Evacuate Collection Set: 0.24ms
[6467.361s][info][gc,phases      ] GC(1047)   Merge Heap Roots: 0.50ms
[6467.361s][info][gc,phases      ] GC(1047)   Evacuate Collection Set: 148.66ms
[6467.361s][info][gc,phases      ] GC(1047)   Post Evacuate Collection Set: 1.03ms
[6467.361s][info][gc,phases      ] GC(1047)   Other: 0.06ms
[6467.361s][info][gc,heap        ] GC(1047) Eden regions: 571->0(571)
[6467.361s][info][gc,heap        ] GC(1047) Survivor regions: 43->43(77)
[6467.361s][info][gc,heap        ] GC(1047) Old regions: 158->165
[6467.361s][info][gc,heap        ] GC(1047) Humongous regions: 33->33
[6467.361s][info][gc,metaspace   ] GC(1047) Metaspace: 30013K(30144K)->30013K(30144K) NonClass: 30013K(30144K)->30013K(30144K) Class: 0K(0K)->0K(0K)
[6467.361s][info][gc             ] GC(1047) Pause Young (Normal) (G1 Evacuation Pause) 6422M->1909M(8192M) 150.615ms
[6467.361s][info][gc,cpu         ] GC(1047) User=1.19s Sys=0.00s Real=0.15s
...[6470.642s][info][gc,start       ] GC(1048) Pause Young (Normal) (G1 Evacuation Pause)
[6470.642s][info][gc,task        ] GC(1048) Using 8 workers of 8 for evacuation
[6470.798s][info][gc,phases      ] GC(1048)   Pre Evacuate Collection Set: 0.23ms
[6470.798s][info][gc,phases      ] GC(1048)   Merge Heap Roots: 0.48ms
[6470.798s][info][gc,phases      ] GC(1048)   Evacuate Collection Set: 154.64ms
[6470.798s][info][gc,phases      ] GC(1048)   Post Evacuate Collection Set: 1.03ms
[6470.798s][info][gc,phases      ] GC(1048)   Other: 0.06ms
[6470.798s][info][gc,heap        ] GC(1048) Eden regions: 571->0(571)
[6470.798s][info][gc,heap        ] GC(1048) Survivor regions: 43->43(77)
[6470.799s][info][gc,heap        ] GC(1048) Old regions: 165->172
[6470.799s][info][gc,heap        ] GC(1048) Humongous regions: 33->33
[6470.799s][info][gc,metaspace   ] GC(1048) Metaspace: 30013K(30144K)->30013K(30144K) NonClass: 30013K(30144K)->30013K(30144K) Class: 0K(0K)->0K(0K)
[6470.799s][info][gc             ] GC(1048) Pause Young (Normal) (G1 Evacuation Pause) 6477M->1965M(8192M) 156.572ms
[6470.799s][info][gc,cpu         ] GC(1048) User=1.24s Sys=0.00s Real=0.15s
....[6474.132s][info][gc,start       ] GC(1049) Pause Young (Normal) (G1 Evacuation Pause)
[6474.133s][info][gc,task        ] GC(1049) Using 8 workers of 8 for evacuation
[6474.282s][info][gc,phases      ] GC(1049)   Pre Evacuate Collection Set: 0.27ms
[6474.282s][info][gc,phases      ] GC(1049)   Merge Heap Roots: 0.49ms
[6474.282s][info][gc,phases      ] GC(1049)   Evacuate Collection Set: 147.91ms
[6474.282s][info][gc,phases      ] GC(1049)   Post Evacuate Collection Set: 1.03ms
[6474.282s][info][gc,phases      ] GC(1049)   Other: 0.06ms
[6474.282s][info][gc,heap        ] GC(1049) Eden regions: 571->0(571)
[6474.282s][info][gc,heap        ] GC(1049) Survivor regions: 43->43(77)
[6474.282s][info][gc,heap        ] GC(1049) Old regions: 172->179
[6474.282s][info][gc,heap        ] GC(1049) Humongous regions: 33->33
[6474.282s][info][gc,metaspace   ] GC(1049) Metaspace: 30013K(30144K)->30013K(30144K) NonClass: 30013K(30144K)->30013K(30144K) Class: 0K(0K)->0K(0K)
[6474.282s][info][gc             ] GC(1049) Pause Young (Normal) (G1 Evacuation Pause) 6533M->2021M(8192M) 149.899ms
[6474.282s][info][gc,cpu         ] GC(1049) User=1.18s Sys=0.00s Real=0.15s
 (rIR:aIR:PR = 10931:10981:10979) (tPR = 162792) [OK] 
  6474s: Performance info:
         Transaction,    Success,    Partial,     Failed,   Receipts, AvgBarcode, 
             Overall,     659064,          0,          0,     626182,      59.48, 
         Response times:
             Request,    Success,    Partial,     Failed,   SkipFail,     Probes,    Samples,      min,      p50,      p90,      p95,      p99,      max, 
       TotalPurchase,     626292,          0,          0,          0,     357536,     507715,      300,     8200,    57000,    86000,   155000,  2900000,
     InStorePurchase,     330151,          0,          0,          0,     187866,     266353,      300,     8200,    57000,    86000,   155000,  2900000,
      OnlinePurchase,     231377,          0,          0,          0,     131460,     186976,      300,     8200,    57000,    86000,   155000,  2900000,
        InstPurchase,      64764,          0,          0,          0,      38210,      54386,      400,     8500,    57000,    87000,   159000,  1100000,
          AssocOfCat,        654,          0,          0,          0,        548,        878,    32000,    59000,   122200,   159050,   227000,   308000,
      AssocOfProduct,       6528,          0,          0,          0,       3874,       5793,      800,     9100,    57000,    90000,   163000,  1800000,
      BusinessReport,       1641,          0,          0,          0,       1455,       2261,    32000,    65000,   144800,   185900,   234380,   419000,
          CustBuyBeh,       6614,          0,          0,          0,       3791,       5662,      300,     7500,    57000,    86000,   157000,  2900000,
       ProductReturn,      17493,          0,          0,          0,       9739,      14177,      200,     8100,    56000,    85000,   162000,   680000,

  6474s: (80%)   IR =  11070 ...[6477.783s][info][gc,start       ] GC(1050) Pause Young (Normal) (G1 Evacuation Pause)
[6477.783s][info][gc,task        ] GC(1050) Using 8 workers of 8 for evacuation
[6477.938s][info][gc,phases      ] GC(1050)   Pre Evacuate Collection Set: 0.24ms
[6477.938s][info][gc,phases      ] GC(1050)   Merge Heap Roots: 0.49ms
[6477.938s][info][gc,phases      ] GC(1050)   Evacuate Collection Set: 153.84ms
[6477.938s][info][gc,phases      ] GC(1050)   Post Evacuate Collection Set: 1.06ms
[6477.938s][info][gc,phases      ] GC(1050)   Other: 0.06ms
[6477.938s][info][gc,heap        ] GC(1050) Eden regions: 571->0(569)
[6477.938s][info][gc,heap        ] GC(1050) Survivor regions: 43->45(77)
[6477.938s][info][gc,heap        ] GC(1050) Old regions: 179->186
[6477.938s][info][gc,heap        ] GC(1050) Humongous regions: 33->33
[6477.938s][info][gc,metaspace   ] GC(1050) Metaspace: 30013K(30144K)->30013K(30144K) NonClass: 30013K(30144K)->30013K(30144K) Class: 0K(0K)->0K(0K)
[6477.938s][info][gc             ] GC(1050) Pause Young (Normal) (G1 Evacuation Pause) 6589M->2091M(8192M) 155.819ms
[6477.938s][info][gc,cpu         ] GC(1050) User=1.24s Sys=0.00s Real=0.15s
...[6481.150s][info][gc,start       ] GC(1051) Pause Young (Normal) (G1 Evacuation Pause)
[6481.150s][info][gc,task        ] GC(1051) Using 8 workers of 8 for evacuation
[6481.303s][info][gc,phases      ] GC(1051)   Pre Evacuate Collection Set: 0.23ms
[6481.303s][info][gc,phases      ] GC(1051)   Merge Heap Roots: 0.49ms
[6481.303s][info][gc,phases      ] GC(1051)   Evacuate Collection Set: 151.58ms
[6481.303s][info][gc,phases      ] GC(1051)   Post Evacuate Collection Set: 1.02ms
[6481.303s][info][gc,phases      ] GC(1051)   Other: 0.06ms
[6481.303s][info][gc,heap        ] GC(1051) Eden regions: 569->0(570)
[6481.303s][info][gc,heap        ] GC(1051) Survivor regions: 45->44(77)
[6481.303s][info][gc,heap        ] GC(1051) Old regions: 186->193
[6481.303s][info][gc,heap        ] GC(1051) Humongous regions: 33->33
[6481.303s][info][gc,metaspace   ] GC(1051) Metaspace: 30013K(30144K)->30013K(30144K) NonClass: 30013K(30144K)->30013K(30144K) Class: 0K(0K)->0K(0K)
[6481.303s][info][gc             ] GC(1051) Pause Young (Normal) (G1 Evacuation Pause) 6643M->2142M(8192M) 153.511ms
[6481.303s][info][gc,cpu         ] GC(1051) User=1.22s Sys=0.01s Real=0.15s
....[6484.647s][info][gc,start       ] GC(1052) Pause Young (Normal) (G1 Evacuation Pause)
[6484.647s][info][gc,task        ] GC(1052) Using 8 workers of 8 for evacuation
[6484.796s][info][gc,phases      ] GC(1052)   Pre Evacuate Collection Set: 0.24ms
[6484.796s][info][gc,phases      ] GC(1052)   Merge Heap Roots: 0.50ms
[6484.796s][info][gc,phases      ] GC(1052)   Evacuate Collection Set: 147.24ms
[6484.796s][info][gc,phases      ] GC(1052)   Post Evacuate Collection Set: 1.00ms
[6484.796s][info][gc,phases      ] GC(1052)   Other: 0.07ms
[6484.796s][info][gc,heap        ] GC(1052) Eden regions: 570->0(572)
[6484.796s][info][gc,heap        ] GC(1052) Survivor regions: 44->42(77)
[6484.796s][info][gc,heap        ] GC(1052) Old regions: 193->200
[6484.796s][info][gc,heap        ] GC(1052) Humongous regions: 33->33
[6484.796s][info][gc,metaspace   ] GC(1052) Metaspace: 30013K(30144K)->30013K(30144K) NonClass: 30013K(30144K)->30013K(30144K) Class: 0K(0K)->0K(0K)
[6484.796s][info][gc             ] GC(1052) Pause Young (Normal) (G1 Evacuation Pause) 6702M->2187M(8192M) 149.201ms
[6484.796s][info][gc,cpu         ] GC(1052) User=1.18s Sys=0.00s Real=0.15s
.|..[6488.210s][info][gc,start       ] GC(1053) Pause Young (Normal) (G1 Evacuation Pause)
[6488.210s][info][gc,task        ] GC(1053) Using 8 workers of 8 for evacuation
[6488.359s][info][gc,phases      ] GC(1053)   Pre Evacuate Collection Set: 0.26ms
[6488.359s][info][gc,phases      ] GC(1053)   Merge Heap Roots: 0.50ms
[6488.359s][info][gc,phases      ] GC(1053)   Evacuate Collection Set: 147.62ms
[6488.359s][info][gc,phases      ] GC(1053)   Post Evacuate Collection Set: 1.04ms
[6488.359s][info][gc,phases      ] GC(1053)   Other: 0.06ms
[6488.359s][info][gc,heap        ] GC(1053) Eden regions: 572->0(571)
[6488.359s][info][gc,heap        ] GC(1053) Survivor regions: 42->43(77)
[6488.359s][info][gc,heap        ] GC(1053) Old regions: 200->207
[6488.359s][info][gc,heap        ] GC(1053) Humongous regions: 33->33
[6488.359s][info][gc,metaspace   ] GC(1053) Metaspace: 30013K(30144K)->30013K(30144K) NonClass: 30013K(30144K)->30013K(30144K) Class: 0K(0K)->0K(0K)
[6488.359s][info][gc             ] GC(1053) Pause Young (Normal) (G1 Evacuation Pause) 6763M->2247M(8192M) 149.615ms
[6488.359s][info][gc,cpu         ] GC(1053) User=1.18s Sys=0.00s Real=0.15s
....[6491.683s][info][gc,start       ] GC(1054) Pause Young (Normal) (G1 Evacuation Pause)
[6491.683s][info][gc,task        ] GC(1054) Using 8 workers of 8 for evacuation
[6491.838s][info][gc,phases      ] GC(1054)   Pre Evacuate Collection Set: 0.24ms
[6491.838s][info][gc,phases      ] GC(1054)   Merge Heap Roots: 0.57ms
[6491.838s][info][gc,phases      ] GC(1054)   Evacuate Collection Set: 153.60ms
[6491.838s][info][gc,phases      ] GC(1054)   Post Evacuate Collection Set: 1.03ms
[6491.838s][info][gc,phases      ] GC(1054)   Other: 0.06ms
[6491.838s][info][gc,heap        ] GC(1054) Eden regions: 571->0(569)
[6491.838s][info][gc,heap        ] GC(1054) Survivor regions: 43->45(77)
[6491.838s][info][gc,heap        ] GC(1054) Old regions: 207->215
[6491.838s][info][gc,heap        ] GC(1054) Humongous regions: 33->33
[6491.838s][info][gc,metaspace   ] GC(1054) Metaspace: 30013K(30144K)->30013K(30144K) NonClass: 30013K(30144K)->30013K(30144K) Class: 0K(0K)->0K(0K)
[6491.838s][info][gc             ] GC(1054) Pause Young (Normal) (G1 Evacuation Pause) 6815M->2322M(8192M) 155.634ms
[6491.838s][info][gc,cpu         ] GC(1054) User=1.23s Sys=0.00s Real=0.15s
...[6495.143s][info][gc,start       ] GC(1055) Pause Young (Normal) (G1 Evacuation Pause)
[6495.143s][info][gc,task        ] GC(1055) Using 8 workers of 8 for evacuation
[6495.301s][info][gc,phases      ] GC(1055)   Pre Evacuate Collection Set: 0.22ms
[6495.301s][info][gc,phases      ] GC(1055)   Merge Heap Roots: 0.50ms
[6495.301s][info][gc,phases      ] GC(1055)   Evacuate Collection Set: 156.31ms
[6495.301s][info][gc,phases      ] GC(1055)   Post Evacuate Collection Set: 1.02ms
[6495.301s][info][gc,phases      ] GC(1055)   Other: 0.06ms
[6495.301s][info][gc,heap        ] GC(1055) Eden regions: 569->0(569)
[6495.301s][info][gc,heap        ] GC(1055) Survivor regions: 45->45(77)
[6495.301s][info][gc,heap        ] GC(1055) Old regions: 215->222
[6495.301s][info][gc,heap        ] GC(1055) Humongous regions: 33->33
[6495.301s][info][gc,metaspace   ] GC(1055) Metaspace: 30013K(30144K)->30013K(30144K) NonClass: 30013K(30144K)->30013K(30144K) Class: 0K(0K)->0K(0K)
[6495.301s][info][gc             ] GC(1055) Pause Young (Normal) (G1 Evacuation Pause) 6874M->2387M(8192M) 158.235ms
[6495.301s][info][gc,cpu         ] GC(1055) User=1.25s Sys=0.00s Real=0.16s
....[6498.617s][info][gc,start       ] GC(1056) Pause Young (Normal) (G1 Evacuation Pause)
[6498.617s][info][gc,task        ] GC(1056) Using 8 workers of 8 for evacuation
[6498.768s][info][gc,phases      ] GC(1056)   Pre Evacuate Collection Set: 0.23ms
[6498.768s][info][gc,phases      ] GC(1056)   Merge Heap Roots: 0.49ms
[6498.768s][info][gc,phases      ] GC(1056)   Evacuate Collection Set: 149.46ms
[6498.768s][info][gc,phases      ] GC(1056)   Post Evacuate Collection Set: 1.05ms
[6498.768s][info][gc,phases      ] GC(1056)   Other: 0.06ms
[6498.768s][info][gc,heap        ] GC(1056) Eden regions: 569->0(570)
[6498.768s][info][gc,heap        ] GC(1056) Survivor regions: 45->44(77)
[6498.768s][info][gc,heap        ] GC(1056) Old regions: 222->229
[6498.769s][info][gc,heap        ] GC(1056) Humongous regions: 33->33
[6498.769s][info][gc,metaspace   ] GC(1056) Metaspace: 30013K(30144K)->30013K(30144K) NonClass: 30013K(30144K)->30013K(30144K) Class: 0K(0K)->0K(0K)
[6498.769s][info][gc             ] GC(1056) Pause Young (Normal) (G1 Evacuation Pause) 6939M->2430M(8192M) 151.432ms
[6498.769s][info][gc,cpu         ] GC(1056) User=1.20s Sys=0.00s Real=0.15s
...[6502.059s][info][gc,start       ] GC(1057) Pause Young (Normal) (G1 Evacuation Pause)
[6502.059s][info][gc,task        ] GC(1057) Using 8 workers of 8 for evacuation
[6502.208s][info][gc,phases      ] GC(1057)   Pre Evacuate Collection Set: 0.23ms
[6502.208s][info][gc,phases      ] GC(1057)   Merge Heap Roots: 0.50ms
[6502.208s][info][gc,phases      ] GC(1057)   Evacuate Collection Set: 146.86ms
[6502.208s][info][gc,phases      ] GC(1057)   Post Evacuate Collection Set: 1.04ms
[6502.208s][info][gc,phases      ] GC(1057)   Other: 0.06ms
[6502.208s][info][gc,heap        ] GC(1057) Eden regions: 570->0(572)
[6502.208s][info][gc,heap        ] GC(1057) Survivor regions: 44->42(77)
[6502.208s][info][gc,heap        ] GC(1057) Old regions: 229->237
[6502.208s][info][gc,heap        ] GC(1057) Humongous regions: 33->33
[6502.208s][info][gc,metaspace   ] GC(1057) Metaspace: 30013K(30144K)->30013K(30144K) NonClass: 30013K(30144K)->30013K(30144K) Class: 0K(0K)->0K(0K)
[6502.208s][info][gc             ] GC(1057) Pause Young (Normal) (G1 Evacuation Pause) 6990M->2473M(8192M) 148.828ms
[6502.208s][info][gc,cpu         ] GC(1057) User=1.17s Sys=0.00s Real=0.15s
....[6505.577s][info][gc,start       ] GC(1058) Pause Young (Normal) (G1 Evacuation Pause)
[6505.577s][info][gc,task        ] GC(1058) Using 8 workers of 8 for evacuation
[6505.728s][info][gc,phases      ] GC(1058)   Pre Evacuate Collection Set: 0.25ms
[6505.728s][info][gc,phases      ] GC(1058)   Merge Heap Roots: 0.49ms
[6505.728s][info][gc,phases      ] GC(1058)   Evacuate Collection Set: 148.56ms
[6505.728s][info][gc,phases      ] GC(1058)   Post Evacuate Collection Set: 1.02ms
[6505.728s][info][gc,phases      ] GC(1058)   Other: 0.07ms
[6505.728s][info][gc,heap        ] GC(1058) Eden regions: 572->0(570)
[6505.728s][info][gc,heap        ] GC(1058) Survivor regions: 42->44(77)
[6505.728s][info][gc,heap        ] GC(1058) Old regions: 237->243
[6505.728s][info][gc,heap        ] GC(1058) Humongous regions: 33->33
[6505.728s][info][gc,metaspace   ] GC(1058) Metaspace: 30013K(30144K)->30013K(30144K) NonClass: 30013K(30144K)->30013K(30144K) Class: 0K(0K)->0K(0K)
[6505.728s][info][gc             ] GC(1058) Pause Young (Normal) (G1 Evacuation Pause) 7049M->2543M(8192M) 150.514ms
[6505.728s][info][gc,cpu         ] GC(1058) User=1.20s Sys=0.00s Real=0.15s
...[6509.028s][info][gc,start       ] GC(1059) Pause Young (Normal) (G1 Evacuation Pause)
[6509.028s][info][gc,task        ] GC(1059) Using 8 workers of 8 for evacuation
[6509.181s][info][gc,phases      ] GC(1059)   Pre Evacuate Collection Set: 0.23ms
[6509.181s][info][gc,phases      ] GC(1059)   Merge Heap Roots: 0.49ms
[6509.181s][info][gc,phases      ] GC(1059)   Evacuate Collection Set: 151.04ms
[6509.181s][info][gc,phases      ] GC(1059)   Post Evacuate Collection Set: 1.02ms
[6509.181s][info][gc,phases      ] GC(1059)   Other: 0.07ms
[6509.181s][info][gc,heap        ] GC(1059) Eden regions: 570->0(570)
[6509.181s][info][gc,heap        ] GC(1059) Survivor regions: 44->44(77)
[6509.181s][info][gc,heap        ] GC(1059) Old regions: 243->251
[6509.181s][info][gc,heap        ] GC(1059) Humongous regions: 33->33
[6509.181s][info][gc,metaspace   ] GC(1059) Metaspace: 30013K(30144K)->30013K(30144K) NonClass: 30013K(30144K)->30013K(30144K) Class: 0K(0K)->0K(0K)
[6509.181s][info][gc             ] GC(1059) Pause Young (Normal) (G1 Evacuation Pause) 7103M->2602M(8192M) 152.970ms
[6509.181s][info][gc,cpu         ] GC(1059) User=1.21s Sys=0.00s Real=0.16s
....[6512.493s][info][gc,start       ] GC(1060) Pause Young (Normal) (G1 Evacuation Pause)
[6512.493s][info][gc,task        ] GC(1060) Using 8 workers of 8 for evacuation
[6512.649s][info][gc,phases      ] GC(1060)   Pre Evacuate Collection Set: 0.23ms
[6512.649s][info][gc,phases      ] GC(1060)   Merge Heap Roots: 0.51ms
[6512.649s][info][gc,phases      ] GC(1060)   Evacuate Collection Set: 154.14ms
[6512.649s][info][gc,phases      ] GC(1060)   Post Evacuate Collection Set: 1.02ms
[6512.649s][info][gc,phases      ] GC(1060)   Other: 0.07ms
[6512.649s][info][gc,heap        ] GC(1060) Eden regions: 570->0(570)
[6512.649s][info][gc,heap        ] GC(1060) Survivor regions: 44->44(77)
[6512.649s][info][gc,heap        ] GC(1060) Old regions: 251->258
[6512.649s][info][gc,heap        ] GC(1060) Humongous regions: 33->33
[6512.649s][info][gc,metaspace   ] GC(1060) Metaspace: 30013K(30144K)->30013K(30144K) NonClass: 30013K(30144K)->30013K(30144K) Class: 0K(0K)->0K(0K)
[6512.649s][info][gc             ] GC(1060) Pause Young (Normal) (G1 Evacuation Pause) 7162M->2663M(8192M) 156.112ms
[6512.649s][info][gc,cpu         ] GC(1060) User=1.24s Sys=0.00s Real=0.15s
...[6515.988s][info][gc,start       ] GC(1061) Pause Young (Normal) (G1 Evacuation Pause)
[6515.989s][info][gc,task        ] GC(1061) Using 8 workers of 8 for evacuation
[6516.146s][info][gc,phases      ] GC(1061)   Pre Evacuate Collection Set: 0.25ms
[6516.146s][info][gc,phases      ] GC(1061)   Merge Heap Roots: 0.49ms
[6516.146s][info][gc,phases      ] GC(1061)   Evacuate Collection Set: 155.81ms
[6516.146s][info][gc,phases      ] GC(1061)   Post Evacuate Collection Set: 1.01ms
[6516.146s][info][gc,phases      ] GC(1061)   Other: 0.06ms
[6516.146s][info][gc,heap        ] GC(1061) Eden regions: 570->0(569)
[6516.146s][info][gc,heap        ] GC(1061) Survivor regions: 44->45(77)
[6516.146s][info][gc,heap        ] GC(1061) Old regions: 258->266
[6516.146s][info][gc,heap        ] GC(1061) Humongous regions: 33->33
[6516.146s][info][gc,metaspace   ] GC(1061) Metaspace: 30013K(30144K)->30013K(30144K) NonClass: 30013K(30144K)->30013K(30144K) Class: 0K(0K)->0K(0K)
[6516.146s][info][gc             ] GC(1061) Pause Young (Normal) (G1 Evacuation Pause) 7223M->2730M(8192M) 157.754ms
[6516.146s][info][gc,cpu         ] GC(1061) User=1.25s Sys=0.00s Real=0.16s
....[6519.499s][info][gc,start       ] GC(1062) Pause Young (Normal) (G1 Evacuation Pause)
[6519.499s][info][gc,task        ] GC(1062) Using 8 workers of 8 for evacuation
[6519.649s][info][gc,phases      ] GC(1062)   Pre Evacuate Collection Set: 0.26ms
[6519.649s][info][gc,phases      ] GC(1062)   Merge Heap Roots: 0.51ms
[6519.649s][info][gc,phases      ] GC(1062)   Evacuate Collection Set: 147.85ms
[6519.649s][info][gc,phases      ] GC(1062)   Post Evacuate Collection Set: 1.00ms
[6519.649s][info][gc,phases      ] GC(1062)   Other: 0.06ms
[6519.649s][info][gc,heap        ] GC(1062) Eden regions: 569->0(571)
[6519.649s][info][gc,heap        ] GC(1062) Survivor regions: 45->43(77)
[6519.649s][info][gc,heap        ] GC(1062) Old regions: 266->273
[6519.649s][info][gc,heap        ] GC(1062) Humongous regions: 33->33
[6519.649s][info][gc,metaspace   ] GC(1062) Metaspace: 30013K(30144K)->30013K(30144K) NonClass: 30013K(30144K)->30013K(30144K) Class: 0K(0K)->0K(0K)
[6519.649s][info][gc             ] GC(1062) Pause Young (Normal) (G1 Evacuation Pause) 7282M->2775M(8192M) 149.812ms
[6519.649s][info][gc,cpu         ] GC(1062) User=1.18s Sys=0.00s Real=0.15s
...[6523.021s][info][gc,start       ] GC(1063) Pause Young (Normal) (G1 Evacuation Pause)
[6523.021s][info][gc,task        ] GC(1063) Using 8 workers of 8 for evacuation
[6523.180s][info][gc,phases      ] GC(1063)   Pre Evacuate Collection Set: 0.26ms
[6523.180s][info][gc,phases      ] GC(1063)   Merge Heap Roots: 0.52ms
[6523.180s][info][gc,phases      ] GC(1063)   Evacuate Collection Set: 156.45ms
[6523.180s][info][gc,phases      ] GC(1063)   Post Evacuate Collection Set: 1.03ms
[6523.180s][info][gc,phases      ] GC(1063)   Other: 0.06ms
[6523.180s][info][gc,heap        ] GC(1063) Eden regions: 571->0(569)
[6523.180s][info][gc,heap        ] GC(1063) Survivor regions: 43->45(77)
[6523.180s][info][gc,heap        ] GC(1063) Old regions: 273->280
[6523.180s][info][gc,heap        ] GC(1063) Humongous regions: 33->33
[6523.180s][info][gc,metaspace   ] GC(1063) Metaspace: 30013K(30144K)->30013K(30144K) NonClass: 30013K(30144K)->30013K(30144K) Class: 0K(0K)->0K(0K)
[6523.180s][info][gc             ] GC(1063) Pause Young (Normal) (G1 Evacuation Pause) 7343M->2851M(8192M) 158.462ms
[6523.180s][info][gc,cpu         ] GC(1063) User=1.25s Sys=0.00s Real=0.15s
...[6526.381s][info][gc,start       ] GC(1064) Pause Young (Normal) (G1 Evacuation Pause)
[6526.381s][info][gc,task        ] GC(1064) Using 8 workers of 8 for evacuation
[6526.533s][info][gc,phases      ] GC(1064)   Pre Evacuate Collection Set: 0.23ms
[6526.533s][info][gc,phases      ] GC(1064)   Merge Heap Roots: 0.50ms
[6526.533s][info][gc,phases      ] GC(1064)   Evacuate Collection Set: 150.07ms
[6526.533s][info][gc,phases      ] GC(1064)   Post Evacuate Collection Set: 1.05ms
[6526.533s][info][gc,phases      ] GC(1064)   Other: 0.06ms
[6526.533s][info][gc,heap        ] GC(1064) Eden regions: 569->0(564)
[6526.533s][info][gc,heap        ] GC(1064) Survivor regions: 45->44(77)
[6526.533s][info][gc,heap        ] GC(1064) Old regions: 280->287
[6526.533s][info][gc,heap        ] GC(1064) Humongous regions: 33->33
[6526.533s][info][gc,metaspace   ] GC(1064) Metaspace: 30013K(30144K)->30013K(30144K) NonClass: 30013K(30144K)->30013K(30144K) Class: 0K(0K)->0K(0K)
[6526.533s][info][gc             ] GC(1064) Pause Young (Normal) (G1 Evacuation Pause) 7403M->2894M(8192M) 152.043ms
[6526.534s][info][gc,cpu         ] GC(1064) User=1.20s Sys=0.00s Real=0.15s
....[6529.656s][info][gc,start       ] GC(1065) Pause Young (Normal) (G1 Evacuation Pause)
[6529.656s][info][gc,task        ] GC(1065) Using 8 workers of 8 for evacuation
[6529.805s][info][gc,phases      ] GC(1065)   Pre Evacuate Collection Set: 0.27ms
[6529.805s][info][gc,phases      ] GC(1065)   Merge Heap Roots: 0.49ms
[6529.805s][info][gc,phases      ] GC(1065)   Evacuate Collection Set: 147.62ms
[6529.805s][info][gc,phases      ] GC(1065)   Post Evacuate Collection Set: 1.01ms
[6529.805s][info][gc,phases      ] GC(1065)   Other: 0.07ms
[6529.805s][info][gc,heap        ] GC(1065) Eden regions: 564->0(559)
[6529.805s][info][gc,heap        ] GC(1065) Survivor regions: 44->43(76)
[6529.805s][info][gc,heap        ] GC(1065) Old regions: 287->294
[6529.805s][info][gc,heap        ] GC(1065) Humongous regions: 33->33
[6529.805s][info][gc,metaspace   ] GC(1065) Metaspace: 30013K(30144K)->30013K(30144K) NonClass: 30013K(30144K)->30013K(30144K) Class: 0K(0K)->0K(0K)
[6529.805s][info][gc             ] GC(1065) Pause Young (Normal) (G1 Evacuation Pause) 7406M->2947M(8192M) 149.585ms
[6529.805s][info][gc,cpu         ] GC(1065) User=1.18s Sys=0.00s Real=0.15s
...[6533.119s][info][gc,start       ] GC(1066) Pause Young (Normal) (G1 Evacuation Pause)
[6533.119s][info][gc,task        ] GC(1066) Using 8 workers of 8 for evacuation
[6533.267s][info][gc,phases      ] GC(1066)   Pre Evacuate Collection Set: 0.27ms
[6533.267s][info][gc,phases      ] GC(1066)   Merge Heap Roots: 0.49ms
[6533.267s][info][gc,phases      ] GC(1066)   Evacuate Collection Set: 146.46ms
[6533.267s][info][gc,phases      ] GC(1066)   Post Evacuate Collection Set: 1.01ms
[6533.267s][info][gc,phases      ] GC(1066)   Other: 0.06ms
[6533.267s][info][gc,heap        ] GC(1066) Eden regions: 559->0(554)
[6533.267s][info][gc,heap        ] GC(1066) Survivor regions: 43->42(76)
[6533.267s][info][gc,heap        ] GC(1066) Old regions: 294->301
[6533.267s][info][gc,heap        ] GC(1066) Humongous regions: 33->33
[6533.267s][info][gc,metaspace   ] GC(1066) Metaspace: 30013K(30144K)->30013K(30144K) NonClass: 30013K(30144K)->30013K(30144K) Class: 0K(0K)->0K(0K)
[6533.267s][info][gc             ] GC(1066) Pause Young (Normal) (G1 Evacuation Pause) 7419M->2995M(8192M) 148.425ms
[6533.267s][info][gc,cpu         ] GC(1066) User=1.18s Sys=0.00s Real=0.15s
...[6536.505s][info][gc,start       ] GC(1067) Pause Young (Normal) (G1 Evacuation Pause)
[6536.505s][info][gc,task        ] GC(1067) Using 8 workers of 8 for evacuation
[6536.659s][info][gc,phases      ] GC(1067)   Pre Evacuate Collection Set: 0.22ms
[6536.659s][info][gc,phases      ] GC(1067)   Merge Heap Roots: 0.48ms
[6536.659s][info][gc,phases      ] GC(1067)   Evacuate Collection Set: 151.71ms
[6536.659s][info][gc,phases      ] GC(1067)   Post Evacuate Collection Set: 1.03ms
[6536.659s][info][gc,phases      ] GC(1067)   Other: 0.06ms
[6536.659s][info][gc,heap        ] GC(1067) Eden regions: 554->0(542)
[6536.659s][info][gc,heap        ] GC(1067) Survivor regions: 42->44(75)
[6536.659s][info][gc,heap        ] GC(1067) Old regions: 301->309
[6536.659s][info][gc,heap        ] GC(1067) Humongous regions: 33->33
[6536.659s][info][gc,metaspace   ] GC(1067) Metaspace: 30013K(30144K)->30013K(30144K) NonClass: 30013K(30144K)->30013K(30144K) Class: 0K(0K)->0K(0K)
[6536.659s][info][gc             ] GC(1067) Pause Young (Normal) (G1 Evacuation Pause) 7427M->3067M(8192M) 153.627ms
[6536.659s][info][gc,cpu         ] GC(1067) User=1.22s Sys=0.00s Real=0.15s
....[6539.820s][info][gc,start       ] GC(1068) Pause Young (Concurrent Start) (G1 Evacuation Pause)
[6539.820s][info][gc,task        ] GC(1068) Using 8 workers of 8 for evacuation
[6539.970s][info][gc,phases      ] GC(1068)   Pre Evacuate Collection Set: 0.26ms
[6539.970s][info][gc,phases      ] GC(1068)   Merge Heap Roots: 0.49ms
[6539.970s][info][gc,phases      ] GC(1068)   Evacuate Collection Set: 147.70ms
[6539.970s][info][gc,phases      ] GC(1068)   Post Evacuate Collection Set: 1.00ms
[6539.970s][info][gc,phases      ] GC(1068)   Other: 0.08ms
[6539.970s][info][gc,heap        ] GC(1068) Eden regions: 542->0(537)
[6539.970s][info][gc,heap        ] GC(1068) Survivor regions: 44->43(74)
[6539.970s][info][gc,heap        ] GC(1068) Old regions: 309->316
[6539.970s][info][gc,heap        ] GC(1068) Humongous regions: 33->33
[6539.970s][info][gc,metaspace   ] GC(1068) Metaspace: 30013K(30144K)->30013K(30144K) NonClass: 30013K(30144K)->30013K(30144K) Class: 0K(0K)->0K(0K)
[6539.970s][info][gc             ] GC(1068) Pause Young (Concurrent Start) (G1 Evacuation Pause) 7403M->3123M(8192M) 149.682ms
[6539.970s][info][gc             ] GC(1069) Concurrent Mark Cycle
[6539.970s][info][gc,marking     ] GC(1069) Concurrent Scan Root Regions
[6539.970s][info][gc,cpu         ] GC(1068) User=1.18s Sys=0.00s Real=0.14s
[6540.282s][info][gc,marking     ] GC(1069) Concurrent Scan Root Regions 312.035ms
[6540.282s][info][gc,marking     ] GC(1069) Concurrent Mark
[6540.282s][info][gc,marking     ] GC(1069) Concurrent Mark From Roots
[6540.282s][info][gc,task        ] GC(1069) Using 2 workers of 2 for marking
.[6541.485s][info][gc,marking     ] GC(1069) Concurrent Mark From Roots 1202.753ms
[6541.485s][info][gc,marking     ] GC(1069) Concurrent Preclean
[6541.485s][info][gc,marking     ] GC(1069) Concurrent Preclean 0.093ms
[6541.485s][info][gc,start       ] GC(1069) Pause Remark
[6541.488s][info][gc             ] GC(1069) Pause Remark 4904M->4240M(8192M) 2.845ms
[6541.488s][info][gc,cpu         ] GC(1069) User=0.02s Sys=0.00s Real=0.00s
[6541.488s][info][gc,marking     ] GC(1069) Concurrent Mark 1206.015ms
[6541.488s][info][gc,marking     ] GC(1069) Concurrent Rebuild Remembered Sets and Scrub Regions
.[6542.339s][info][gc,marking     ] GC(1069) Concurrent Rebuild Remembered Sets and Scrub Regions 851.643ms
[6542.340s][info][gc,start       ] GC(1069) Pause Cleanup
[6542.340s][info][gc             ] GC(1069) Pause Cleanup 5388M->5388M(8192M) 0.283ms
[6542.340s][info][gc,cpu         ] GC(1069) User=0.00s Sys=0.00s Real=0.01s
[6542.340s][info][gc,marking     ] GC(1069) Concurrent Clear Claimed Marks
[6542.340s][info][gc,marking     ] GC(1069) Concurrent Clear Claimed Marks 0.048ms
[6542.340s][info][gc,marking     ] GC(1069) Concurrent Cleanup for Next Mark
[6542.352s][info][gc,marking     ] GC(1069) Concurrent Cleanup for Next Mark 11.560ms
[6542.352s][info][gc             ] GC(1069) Concurrent Mark Cycle 2381.982ms
.[6543.221s][info][gc,start       ] GC(1070) Pause Young (Prepare Mixed) (G1 Evacuation Pause)
[6543.221s][info][gc,task        ] GC(1070) Using 8 workers of 8 for evacuation
[6543.365s][info][gc,phases      ] GC(1070)   Pre Evacuate Collection Set: 0.25ms
[6543.366s][info][gc,phases      ] GC(1070)   Merge Heap Roots: 0.78ms
[6543.366s][info][gc,phases      ] GC(1070)   Evacuate Collection Set: 142.22ms
[6543.366s][info][gc,phases      ] GC(1070)   Post Evacuate Collection Set: 1.09ms
[6543.366s][info][gc,phases      ] GC(1070)   Other: 0.07ms
[6543.366s][info][gc,heap        ] GC(1070) Eden regions: 537->0(573)
[6543.366s][info][gc,heap        ] GC(1070) Survivor regions: 43->41(73)
[6543.366s][info][gc,heap        ] GC(1070) Old regions: 233->241
[6543.366s][info][gc,heap        ] GC(1070) Humongous regions: 33->33
[6543.366s][info][gc,metaspace   ] GC(1070) Metaspace: 30013K(30144K)->30013K(30144K) NonClass: 30013K(30144K)->30013K(30144K) Class: 0K(0K)->0K(0K)
[6543.366s][info][gc             ] GC(1070) Pause Young (Prepare Mixed) (G1 Evacuation Pause) 6755M->2504M(8192M) 144.533ms
[6543.366s][info][gc,cpu         ] GC(1070) User=1.14s Sys=0.00s Real=0.14s
... (rIR:aIR:PR = 11070:11062:11060) (tPR = 164827) [OK] 
  6545s: Performance info:
         Transaction,    Success,    Partial,     Failed,   Receipts, AvgBarcode, 
             Overall,     666848,          0,          0,     633224,      59.47, 
         Response times:
             Request,    Success,    Partial,     Failed,   SkipFail,     Probes,    Samples,      min,      p50,      p90,      p95,      p99,      max, 
       TotalPurchase,     633348,          0,          0,          0,     355785,     429452,      300,     8700,    63000,   112000,   213000,  2700000,
     InStorePurchase,     332805,          0,          0,          0,     187020,     225618,      300,     8700,    61000,   110000,   209000,  1000000,
      OnlinePurchase,     234155,          0,          0,          0,     131067,     158379,      300,     8700,    63000,   113000,   210000,  2700000,
        InstPurchase,      66388,          0,          0,          0,      37698,      45455,      400,     8800,    66000,   119000,   242000,  2700000,
          AssocOfCat,        666,          0,          0,          0,        572,        801,    32000,    63000,   131600,   168900,   249940,   314000,
      AssocOfProduct,       6701,          0,          0,          0,       3952,       4936,      700,     8800,    63000,   106000,   198150,   580000,
      BusinessReport,       1672,          0,          0,          0,       1494,       1952,    33000,    65000,   141700,   210000,   314940,   544000,
          CustBuyBeh,       6772,          0,          0,          0,       3914,       4901,      300,     9300,    60000,   101000,   201000,   543000,
       ProductReturn,      17839,          0,          0,          0,       9981,      12465,      300,     9000,    68000,   116000,   214340,  2700000,

  6545s: (81%)   IR =  11208 [6546.701s][info][gc,start       ] GC(1071) Pause Young (Mixed) (G1 Evacuation Pause)
[6546.701s][info][gc,task        ] GC(1071) Using 8 workers of 8 for evacuation
[6546.862s][info][gc,phases      ] GC(1071)   Pre Evacuate Collection Set: 0.26ms
[6546.862s][info][gc,phases      ] GC(1071)   Merge Heap Roots: 0.85ms
[6546.862s][info][gc,phases      ] GC(1071)   Evacuate Collection Set: 158.11ms
[6546.862s][info][gc,phases      ] GC(1071)   Post Evacuate Collection Set: 1.26ms
[6546.862s][info][gc,phases      ] GC(1071)   Other: 0.07ms
[6546.862s][info][gc,heap        ] GC(1071) Eden regions: 573->0(571)
[6546.862s][info][gc,heap        ] GC(1071) Survivor regions: 41->43(77)
[6546.862s][info][gc,heap        ] GC(1071) Old regions: 241->147
[6546.862s][info][gc,heap        ] GC(1071) Humongous regions: 33->33
[6546.862s][info][gc,metaspace   ] GC(1071) Metaspace: 30013K(30144K)->30013K(30144K) NonClass: 30013K(30144K)->30013K(30144K) Class: 0K(0K)->0K(0K)
[6546.862s][info][gc             ] GC(1071) Pause Young (Mixed) (G1 Evacuation Pause) 7088M->1767M(8192M) 160.676ms
[6546.862s][info][gc,cpu         ] GC(1071) User=1.27s Sys=0.00s Real=0.16s
....[6550.094s][info][gc,start       ] GC(1072) Pause Young (Mixed) (G1 Evacuation Pause)
[6550.094s][info][gc,task        ] GC(1072) Using 8 workers of 8 for evacuation
[6550.246s][info][gc,phases      ] GC(1072)   Pre Evacuate Collection Set: 0.27ms
[6550.246s][info][gc,phases      ] GC(1072)   Merge Heap Roots: 0.55ms
[6550.246s][info][gc,phases      ] GC(1072)   Evacuate Collection Set: 150.01ms
[6550.246s][info][gc,phases      ] GC(1072)   Post Evacuate Collection Set: 1.04ms
[6550.246s][info][gc,phases      ] GC(1072)   Other: 0.07ms
[6550.246s][info][gc,heap        ] GC(1072) Eden regions: 571->0(571)
[6550.246s][info][gc,heap        ] GC(1072) Survivor regions: 43->43(77)
[6550.246s][info][gc,heap        ] GC(1072) Old regions: 147->144
[6550.246s][info][gc,heap        ] GC(1072) Humongous regions: 33->33
[6550.246s][info][gc,metaspace   ] GC(1072) Metaspace: 30013K(30144K)->30013K(30144K) NonClass: 30013K(30144K)->30013K(30144K) Class: 0K(0K)->0K(0K)
[6550.246s][info][gc             ] GC(1072) Pause Young (Mixed) (G1 Evacuation Pause) 6335M->1741M(8192M) 152.065ms
[6550.246s][info][gc,cpu         ] GC(1072) User=1.21s Sys=0.00s Real=0.15s
...[6553.604s][info][gc,start       ] GC(1073) Pause Young (Normal) (G1 Evacuation Pause)
[6553.604s][info][gc,task        ] GC(1073) Using 8 workers of 8 for evacuation
[6553.760s][info][gc,phases      ] GC(1073)   Pre Evacuate Collection Set: 0.23ms
[6553.760s][info][gc,phases      ] GC(1073)   Merge Heap Roots: 0.48ms
[6553.760s][info][gc,phases      ] GC(1073)   Evacuate Collection Set: 154.76ms
[6553.760s][info][gc,phases      ] GC(1073)   Post Evacuate Collection Set: 1.01ms
[6553.760s][info][gc,phases      ] GC(1073)   Other: 0.07ms
[6553.760s][info][gc,heap        ] GC(1073) Eden regions: 571->0(569)
[6553.760s][info][gc,heap        ] GC(1073) Survivor regions: 43->45(77)
[6553.760s][info][gc,heap        ] GC(1073) Old regions: 144->151
[6553.760s][info][gc,heap        ] GC(1073) Humongous regions: 33->33
[6553.760s][info][gc,metaspace   ] GC(1073) Metaspace: 30013K(30144K)->30013K(30144K) NonClass: 30013K(30144K)->30013K(30144K) Class: 0K(0K)->0K(0K)
[6553.760s][info][gc             ] GC(1073) Pause Young (Normal) (G1 Evacuation Pause) 6309M->1812M(8192M) 156.691ms
[6553.760s][info][gc,cpu         ] GC(1073) User=1.24s Sys=0.00s Real=0.16s
....[6556.987s][info][gc,start       ] GC(1074) Pause Young (Normal) (G1 Evacuation Pause)
[6556.987s][info][gc,task        ] GC(1074) Using 8 workers of 8 for evacuation
[6557.140s][info][gc,phases      ] GC(1074)   Pre Evacuate Collection Set: 0.23ms
[6557.140s][info][gc,phases      ] GC(1074)   Merge Heap Roots: 0.48ms
[6557.141s][info][gc,phases      ] GC(1074)   Evacuate Collection Set: 151.53ms
[6557.141s][info][gc,phases      ] GC(1074)   Post Evacuate Collection Set: 1.03ms
[6557.141s][info][gc,phases      ] GC(1074)   Other: 0.06ms
[6557.141s][info][gc,heap        ] GC(1074) Eden regions: 569->0(569)
[6557.141s][info][gc,heap        ] GC(1074) Survivor regions: 45->45(77)
[6557.141s][info][gc,heap        ] GC(1074) Old regions: 151->158
[6557.141s][info][gc,heap        ] GC(1074) Humongous regions: 33->33
[6557.141s][info][gc,metaspace   ] GC(1074) Metaspace: 30013K(30144K)->30013K(30144K) NonClass: 30013K(30144K)->30013K(30144K) Class: 0K(0K)->0K(0K)
[6557.141s][info][gc             ] GC(1074) Pause Young (Normal) (G1 Evacuation Pause) 6364M->1867M(8192M) 153.468ms
[6557.141s][info][gc,cpu         ] GC(1074) User=1.22s Sys=0.00s Real=0.16s
...[6560.282s][info][gc,start       ] GC(1075) Pause Young (Normal) (G1 Evacuation Pause)
[6560.282s][info][gc,task        ] GC(1075) Using 8 workers of 8 for evacuation
[6560.437s][info][gc,phases      ] GC(1075)   Pre Evacuate Collection Set: 0.23ms
[6560.437s][info][gc,phases      ] GC(1075)   Merge Heap Roots: 0.50ms
[6560.437s][info][gc,phases      ] GC(1075)   Evacuate Collection Set: 152.86ms
[6560.437s][info][gc,phases      ] GC(1075)   Post Evacuate Collection Set: 1.05ms
[6560.437s][info][gc,phases      ] GC(1075)   Other: 0.06ms
[6560.437s][info][gc,heap        ] GC(1075) Eden regions: 569->0(569)
[6560.437s][info][gc,heap        ] GC(1075) Survivor regions: 45->45(77)
[6560.437s][info][gc,heap        ] GC(1075) Old regions: 158->165
[6560.437s][info][gc,heap        ] GC(1075) Humongous regions: 33->33
[6560.437s][info][gc,metaspace   ] GC(1075) Metaspace: 30013K(30144K)->30013K(30144K) NonClass: 30013K(30144K)->30013K(30144K) Class: 0K(0K)->0K(0K)
[6560.437s][info][gc             ] GC(1075) Pause Young (Normal) (G1 Evacuation Pause) 6419M->1929M(8192M) 154.827ms
[6560.437s][info][gc,cpu         ] GC(1075) User=1.23s Sys=0.00s Real=0.15s
...[6563.696s][info][gc,start       ] GC(1076) Pause Young (Normal) (G1 Evacuation Pause)
[6563.696s][info][gc,task        ] GC(1076) Using 8 workers of 8 for evacuation
[6563.846s][info][gc,phases      ] GC(1076)   Pre Evacuate Collection Set: 0.24ms
[6563.846s][info][gc,phases      ] GC(1076)   Merge Heap Roots: 0.49ms
[6563.846s][info][gc,phases      ] GC(1076)   Evacuate Collection Set: 148.01ms
[6563.846s][info][gc,phases      ] GC(1076)   Post Evacuate Collection Set: 1.03ms
[6563.846s][info][gc,phases      ] GC(1076)   Other: 0.06ms
[6563.846s][info][gc,heap        ] GC(1076) Eden regions: 569->0(570)
[6563.846s][info][gc,heap        ] GC(1076) Survivor regions: 45->44(77)
[6563.846s][info][gc,heap        ] GC(1076) Old regions: 165->172
[6563.846s][info][gc,heap        ] GC(1076) Humongous regions: 33->33
[6563.846s][info][gc,metaspace   ] GC(1076) Metaspace: 30013K(30144K)->30013K(30144K) NonClass: 30013K(30144K)->30013K(30144K) Class: 0K(0K)->0K(0K)
[6563.846s][info][gc             ] GC(1076) Pause Young (Normal) (G1 Evacuation Pause) 6481M->1978M(8192M) 149.940ms
[6563.846s][info][gc,cpu         ] GC(1076) User=1.19s Sys=0.00s Real=0.15s
....[6567.054s][info][gc,start       ] GC(1077) Pause Young (Normal) (G1 Evacuation Pause)
[6567.054s][info][gc,task        ] GC(1077) Using 8 workers of 8 for evacuation
[6567.209s][info][gc,phases      ] GC(1077)   Pre Evacuate Collection Set: 0.23ms
[6567.209s][info][gc,phases      ] GC(1077)   Merge Heap Roots: 0.55ms
[6567.209s][info][gc,phases      ] GC(1077)   Evacuate Collection Set: 153.51ms
[6567.209s][info][gc,phases      ] GC(1077)   Post Evacuate Collection Set: 1.01ms
[6567.209s][info][gc,phases      ] GC(1077)   Other: 0.06ms
[6567.209s][info][gc,heap        ] GC(1077) Eden regions: 570->0(569)
[6567.209s][info][gc,heap        ] GC(1077) Survivor regions: 44->45(77)
[6567.209s][info][gc,heap        ] GC(1077) Old regions: 172->179
[6567.209s][info][gc,heap        ] GC(1077) Humongous regions: 33->33
[6567.209s][info][gc,metaspace   ] GC(1077) Metaspace: 30013K(30144K)->30013K(30144K) NonClass: 30013K(30144K)->30013K(30144K) Class: 0K(0K)->0K(0K)
[6567.209s][info][gc             ] GC(1077) Pause Young (Normal) (G1 Evacuation Pause) 6538M->2039M(8192M) 155.511ms
[6567.209s][info][gc,cpu         ] GC(1077) User=1.23s Sys=0.00s Real=0.15s
...[6570.511s][info][gc,start       ] GC(1078) Pause Young (Normal) (G1 Evacuation Pause)
[6570.511s][info][gc,task        ] GC(1078) Using 8 workers of 8 for evacuation
[6570.658s][info][gc,phases      ] GC(1078)   Pre Evacuate Collection Set: 0.23ms
[6570.658s][info][gc,phases      ] GC(1078)   Merge Heap Roots: 0.48ms
[6570.658s][info][gc,phases      ] GC(1078)   Evacuate Collection Set: 145.82ms
[6570.658s][info][gc,phases      ] GC(1078)   Post Evacuate Collection Set: 1.03ms
[6570.658s][info][gc,phases      ] GC(1078)   Other: 0.06ms
[6570.658s][info][gc,heap        ] GC(1078) Eden regions: 569->0(570)
[6570.658s][info][gc,heap        ] GC(1078) Survivor regions: 45->44(77)
[6570.658s][info][gc,heap        ] GC(1078) Old regions: 179->186
[6570.658s][info][gc,heap        ] GC(1078) Humongous regions: 33->33
[6570.658s][info][gc,metaspace   ] GC(1078) Metaspace: 30013K(30144K)->30013K(30144K) NonClass: 30013K(30144K)->30013K(30144K) Class: 0K(0K)->0K(0K)
[6570.658s][info][gc             ] GC(1078) Pause Young (Normal) (G1 Evacuation Pause) 6591M->2087M(8192M) 147.752ms
[6570.658s][info][gc,cpu         ] GC(1078) User=1.17s Sys=0.00s Real=0.14s
....[6573.957s][info][gc,start       ] GC(1079) Pause Young (Normal) (G1 Evacuation Pause)
[6573.957s][info][gc,task        ] GC(1079) Using 8 workers of 8 for evacuation
[6574.110s][info][gc,phases      ] GC(1079)   Pre Evacuate Collection Set: 0.24ms
[6574.111s][info][gc,phases      ] GC(1079)   Merge Heap Roots: 0.48ms
[6574.111s][info][gc,phases      ] GC(1079)   Evacuate Collection Set: 151.54ms
[6574.111s][info][gc,phases      ] GC(1079)   Post Evacuate Collection Set: 1.01ms
[6574.111s][info][gc,phases      ] GC(1079)   Other: 0.07ms
[6574.111s][info][gc,heap        ] GC(1079) Eden regions: 570->0(570)
[6574.111s][info][gc,heap        ] GC(1079) Survivor regions: 44->44(77)
[6574.111s][info][gc,heap        ] GC(1079) Old regions: 186->194
[6574.111s][info][gc,heap        ] GC(1079) Humongous regions: 33->33
[6574.111s][info][gc,metaspace   ] GC(1079) Metaspace: 30013K(30144K)->30013K(30144K) NonClass: 30013K(30144K)->30013K(30144K) Class: 0K(0K)->0K(0K)
[6574.111s][info][gc             ] GC(1079) Pause Young (Normal) (G1 Evacuation Pause) 6647M->2149M(8192M) 153.462ms
[6574.111s][info][gc,cpu         ] GC(1079) User=1.21s Sys=0.00s Real=0.16s
..|.[6577.394s][info][gc,start       ] GC(1080) Pause Young (Normal) (G1 Evacuation Pause)
[6577.394s][info][gc,task        ] GC(1080) Using 8 workers of 8 for evacuation
[6577.541s][info][gc,phases      ] GC(1080)   Pre Evacuate Collection Set: 0.24ms
[6577.541s][info][gc,phases      ] GC(1080)   Merge Heap Roots: 0.48ms
[6577.541s][info][gc,phases      ] GC(1080)   Evacuate Collection Set: 145.79ms
[6577.541s][info][gc,phases      ] GC(1080)   Post Evacuate Collection Set: 1.00ms
[6577.541s][info][gc,phases      ] GC(1080)   Other: 0.06ms
[6577.541s][info][gc,heap        ] GC(1080) Eden regions: 570->0(571)
[6577.541s][info][gc,heap        ] GC(1080) Survivor regions: 44->43(77)
[6577.541s][info][gc,heap        ] GC(1080) Old regions: 194->201
[6577.541s][info][gc,heap        ] GC(1080) Humongous regions: 33->33
[6577.541s][info][gc,metaspace   ] GC(1080) Metaspace: 30013K(30144K)->30013K(30144K) NonClass: 30013K(30144K)->30013K(30144K) Class: 0K(0K)->0K(0K)
[6577.541s][info][gc             ] GC(1080) Pause Young (Normal) (G1 Evacuation Pause) 6709M->2198M(8192M) 147.706ms
[6577.541s][info][gc,cpu         ] GC(1080) User=1.17s Sys=0.00s Real=0.15s
....[6580.914s][info][gc,start       ] GC(1081) Pause Young (Normal) (G1 Evacuation Pause)
[6580.914s][info][gc,task        ] GC(1081) Using 8 workers of 8 for evacuation
[6581.065s][info][gc,phases      ] GC(1081)   Pre Evacuate Collection Set: 0.23ms
[6581.065s][info][gc,phases      ] GC(1081)   Merge Heap Roots: 0.52ms
[6581.065s][info][gc,phases      ] GC(1081)   Evacuate Collection Set: 148.97ms
[6581.065s][info][gc,phases      ] GC(1081)   Post Evacuate Collection Set: 1.02ms
[6581.065s][info][gc,phases      ] GC(1081)   Other: 0.06ms
[6581.065s][info][gc,heap        ] GC(1081) Eden regions: 571->0(571)
[6581.065s][info][gc,heap        ] GC(1081) Survivor regions: 43->43(77)
[6581.065s][info][gc,heap        ] GC(1081) Old regions: 201->208
[6581.065s][info][gc,heap        ] GC(1081) Humongous regions: 33->33
[6581.065s][info][gc,metaspace   ] GC(1081) Metaspace: 30013K(30144K)->30013K(30144K) NonClass: 30013K(30144K)->30013K(30144K) Class: 0K(0K)->0K(0K)
[6581.065s][info][gc             ] GC(1081) Pause Young (Normal) (G1 Evacuation Pause) 6766M->2254M(8192M) 150.936ms
[6581.065s][info][gc,cpu         ] GC(1081) User=1.19s Sys=0.00s Real=0.15s
...[6584.262s][info][gc,start       ] GC(1082) Pause Young (Normal) (G1 Evacuation Pause)
[6584.262s][info][gc,task        ] GC(1082) Using 8 workers of 8 for evacuation
[6584.408s][info][gc,phases      ] GC(1082)   Pre Evacuate Collection Set: 0.24ms
[6584.408s][info][gc,phases      ] GC(1082)   Merge Heap Roots: 0.49ms
[6584.408s][info][gc,phases      ] GC(1082)   Evacuate Collection Set: 144.25ms
[6584.408s][info][gc,phases      ] GC(1082)   Post Evacuate Collection Set: 1.01ms
[6584.408s][info][gc,phases      ] GC(1082)   Other: 0.06ms
[6584.408s][info][gc,heap        ] GC(1082) Eden regions: 571->0(571)
[6584.408s][info][gc,heap        ] GC(1082) Survivor regions: 43->43(77)
[6584.408s][info][gc,heap        ] GC(1082) Old regions: 208->215
[6584.408s][info][gc,heap        ] GC(1082) Humongous regions: 33->33
[6584.408s][info][gc,metaspace   ] GC(1082) Metaspace: 30013K(30144K)->30013K(30144K) NonClass: 30013K(30144K)->30013K(30144K) Class: 0K(0K)->0K(0K)
[6584.408s][info][gc             ] GC(1082) Pause Young (Normal) (G1 Evacuation Pause) 6822M->2313M(8192M) 146.189ms
[6584.408s][info][gc,cpu         ] GC(1082) User=1.16s Sys=0.00s Real=0.14s
...[6587.725s][info][gc,start       ] GC(1083) Pause Young (Normal) (G1 Evacuation Pause)
[6587.725s][info][gc,task        ] GC(1083) Using 8 workers of 8 for evacuation
[6587.879s][info][gc,phases      ] GC(1083)   Pre Evacuate Collection Set: 0.26ms
[6587.879s][info][gc,phases      ] GC(1083)   Merge Heap Roots: 0.49ms
[6587.879s][info][gc,phases      ] GC(1083)   Evacuate Collection Set: 151.72ms
[6587.879s][info][gc,phases      ] GC(1083)   Post Evacuate Collection Set: 1.05ms
[6587.879s][info][gc,phases      ] GC(1083)   Other: 0.06ms
[6587.879s][info][gc,heap        ] GC(1083) Eden regions: 571->0(570)
[6587.879s][info][gc,heap        ] GC(1083) Survivor regions: 43->44(77)
[6587.879s][info][gc,heap        ] GC(1083) Old regions: 215->222
[6587.879s][info][gc,heap        ] GC(1083) Humongous regions: 33->33
[6587.879s][info][gc,metaspace   ] GC(1083) Metaspace: 30013K(30144K)->30013K(30144K) NonClass: 30013K(30144K)->30013K(30144K) Class: 0K(0K)->0K(0K)
[6587.879s][info][gc             ] GC(1083) Pause Young (Normal) (G1 Evacuation Pause) 6881M->2374M(8192M) 153.706ms
[6587.879s][info][gc,cpu         ] GC(1083) User=1.22s Sys=0.00s Real=0.15s
....[6591.180s][info][gc,start       ] GC(1084) Pause Young (Normal) (G1 Evacuation Pause)
[6591.180s][info][gc,task        ] GC(1084) Using 8 workers of 8 for evacuation
[6591.335s][info][gc,phases      ] GC(1084)   Pre Evacuate Collection Set: 0.24ms
[6591.335s][info][gc,phases      ] GC(1084)   Merge Heap Roots: 0.51ms
[6591.335s][info][gc,phases      ] GC(1084)   Evacuate Collection Set: 153.35ms
[6591.335s][info][gc,phases      ] GC(1084)   Post Evacuate Collection Set: 1.05ms
[6591.335s][info][gc,phases      ] GC(1084)   Other: 0.06ms
[6591.335s][info][gc,heap        ] GC(1084) Eden regions: 570->0(571)
[6591.335s][info][gc,heap        ] GC(1084) Survivor regions: 44->43(77)
[6591.335s][info][gc,heap        ] GC(1084) Old regions: 222->229
[6591.335s][info][gc,heap        ] GC(1084) Humongous regions: 33->33
[6591.335s][info][gc,metaspace   ] GC(1084) Metaspace: 30013K(30144K)->30013K(30144K) NonClass: 30013K(30144K)->30013K(30144K) Class: 0K(0K)->0K(0K)
[6591.335s][info][gc             ] GC(1084) Pause Young (Normal) (G1 Evacuation Pause) 6934M->2427M(8192M) 155.347ms
[6591.335s][info][gc,cpu         ] GC(1084) User=1.23s Sys=0.00s Real=0.16s
...[6594.574s][info][gc,start       ] GC(1085) Pause Young (Normal) (G1 Evacuation Pause)
[6594.574s][info][gc,task        ] GC(1085) Using 8 workers of 8 for evacuation
[6594.727s][info][gc,phases      ] GC(1085)   Pre Evacuate Collection Set: 0.26ms
[6594.727s][info][gc,phases      ] GC(1085)   Merge Heap Roots: 0.49ms
[6594.727s][info][gc,phases      ] GC(1085)   Evacuate Collection Set: 150.91ms
[6594.727s][info][gc,phases      ] GC(1085)   Post Evacuate Collection Set: 1.04ms
[6594.727s][info][gc,phases      ] GC(1085)   Other: 0.06ms
[6594.727s][info][gc,heap        ] GC(1085) Eden regions: 571->0(570)
[6594.727s][info][gc,heap        ] GC(1085) Survivor regions: 43->44(77)
[6594.727s][info][gc,heap        ] GC(1085) Old regions: 229->236
[6594.727s][info][gc,heap        ] GC(1085) Humongous regions: 33->33
[6594.727s][info][gc,metaspace   ] GC(1085) Metaspace: 30013K(30144K)->30013K(30144K) NonClass: 30013K(30144K)->30013K(30144K) Class: 0K(0K)->0K(0K)
[6594.727s][info][gc             ] GC(1085) Pause Young (Normal) (G1 Evacuation Pause) 6995M->2491M(8192M) 152.882ms
[6594.727s][info][gc,cpu         ] GC(1085) User=1.21s Sys=0.00s Real=0.15s
....[6597.913s][info][gc,start       ] GC(1086) Pause Young (Normal) (G1 Evacuation Pause)
[6597.913s][info][gc,task        ] GC(1086) Using 8 workers of 8 for evacuation
[6598.068s][info][gc,phases      ] GC(1086)   Pre Evacuate Collection Set: 0.23ms
[6598.068s][info][gc,phases      ] GC(1086)   Merge Heap Roots: 0.49ms
[6598.068s][info][gc,phases      ] GC(1086)   Evacuate Collection Set: 152.44ms
[6598.068s][info][gc,phases      ] GC(1086)   Post Evacuate Collection Set: 0.98ms
[6598.068s][info][gc,phases      ] GC(1086)   Other: 0.06ms
[6598.068s][info][gc,heap        ] GC(1086) Eden regions: 570->0(570)
[6598.068s][info][gc,heap        ] GC(1086) Survivor regions: 44->44(77)
[6598.068s][info][gc,heap        ] GC(1086) Old regions: 236->243
[6598.068s][info][gc,heap        ] GC(1086) Humongous regions: 33->33
[6598.068s][info][gc,metaspace   ] GC(1086) Metaspace: 30013K(30144K)->30013K(30144K) NonClass: 30013K(30144K)->30013K(30144K) Class: 0K(0K)->0K(0K)
[6598.068s][info][gc             ] GC(1086) Pause Young (Normal) (G1 Evacuation Pause) 7051M->2547M(8192M) 154.334ms
[6598.068s][info][gc,cpu         ] GC(1086) User=1.22s Sys=0.00s Real=0.15s
...[6601.272s][info][gc,start       ] GC(1087) Pause Young (Normal) (G1 Evacuation Pause)
[6601.272s][info][gc,task        ] GC(1087) Using 8 workers of 8 for evacuation
[6601.423s][info][gc,phases      ] GC(1087)   Pre Evacuate Collection Set: 0.25ms
[6601.423s][info][gc,phases      ] GC(1087)   Merge Heap Roots: 0.60ms
[6601.423s][info][gc,phases      ] GC(1087)   Evacuate Collection Set: 148.32ms
[6601.423s][info][gc,phases      ] GC(1087)   Post Evacuate Collection Set: 1.01ms
[6601.423s][info][gc,phases      ] GC(1087)   Other: 0.06ms
[6601.423s][info][gc,heap        ] GC(1087) Eden regions: 570->0(572)
[6601.423s][info][gc,heap        ] GC(1087) Survivor regions: 44->42(77)
[6601.423s][info][gc,heap        ] GC(1087) Old regions: 243->251
[6601.423s][info][gc,heap        ] GC(1087) Humongous regions: 33->33
[6601.423s][info][gc,metaspace   ] GC(1087) Metaspace: 30013K(30144K)->30013K(30144K) NonClass: 30013K(30144K)->30013K(30144K) Class: 0K(0K)->0K(0K)
[6601.423s][info][gc             ] GC(1087) Pause Young (Normal) (G1 Evacuation Pause) 7107M->2590M(8192M) 150.403ms
[6601.423s][info][gc,cpu         ] GC(1087) User=1.19s Sys=0.00s Real=0.15s
...[6604.736s][info][gc,start       ] GC(1088) Pause Young (Normal) (G1 Evacuation Pause)
[6604.736s][info][gc,task        ] GC(1088) Using 8 workers of 8 for evacuation
[6604.889s][info][gc,phases      ] GC(1088)   Pre Evacuate Collection Set: 0.24ms
[6604.889s][info][gc,phases      ] GC(1088)   Merge Heap Roots: 0.51ms
[6604.889s][info][gc,phases      ] GC(1088)   Evacuate Collection Set: 151.29ms
[6604.889s][info][gc,phases      ] GC(1088)   Post Evacuate Collection Set: 1.03ms
[6604.889s][info][gc,phases      ] GC(1088)   Other: 0.08ms
[6604.889s][info][gc,heap        ] GC(1088) Eden regions: 572->0(570)
[6604.889s][info][gc,heap        ] GC(1088) Survivor regions: 42->44(77)
[6604.889s][info][gc,heap        ] GC(1088) Old regions: 251->258
[6604.889s][info][gc,heap        ] GC(1088) Humongous regions: 33->33
[6604.889s][info][gc,metaspace   ] GC(1088) Metaspace: 30013K(30144K)->30013K(30144K) NonClass: 30013K(30144K)->30013K(30144K) Class: 0K(0K)->0K(0K)
[6604.889s][info][gc             ] GC(1088) Pause Young (Normal) (G1 Evacuation Pause) 7166M->2659M(8192M) 153.299ms
[6604.889s][info][gc,cpu         ] GC(1088) User=1.21s Sys=0.00s Real=0.15s
....[6608.141s][info][gc,start       ] GC(1089) Pause Young (Normal) (G1 Evacuation Pause)
[6608.141s][info][gc,task        ] GC(1089) Using 8 workers of 8 for evacuation
[6608.294s][info][gc,phases      ] GC(1089)   Pre Evacuate Collection Set: 0.24ms
[6608.294s][info][gc,phases      ] GC(1089)   Merge Heap Roots: 0.52ms
[6608.294s][info][gc,phases      ] GC(1089)   Evacuate Collection Set: 151.03ms
[6608.294s][info][gc,phases      ] GC(1089)   Post Evacuate Collection Set: 1.05ms
[6608.294s][info][gc,phases      ] GC(1089)   Other: 0.06ms
[6608.294s][info][gc,heap        ] GC(1089) Eden regions: 570->0(570)
[6608.294s][info][gc,heap        ] GC(1089) Survivor regions: 44->44(77)
[6608.294s][info][gc,heap        ] GC(1089) Old regions: 258->265
[6608.294s][info][gc,heap        ] GC(1089) Humongous regions: 33->33
[6608.294s][info][gc,metaspace   ] GC(1089) Metaspace: 30013K(30144K)->30013K(30144K) NonClass: 30013K(30144K)->30013K(30144K) Class: 0K(0K)->0K(0K)
[6608.294s][info][gc             ] GC(1089) Pause Young (Normal) (G1 Evacuation Pause) 7219M->2715M(8192M) 153.035ms
[6608.294s][info][gc,cpu         ] GC(1089) User=1.21s Sys=0.00s Real=0.15s
...[6611.509s][info][gc,start       ] GC(1090) Pause Young (Normal) (G1 Evacuation Pause)
[6611.509s][info][gc,task        ] GC(1090) Using 8 workers of 8 for evacuation
[6611.661s][info][gc,phases      ] GC(1090)   Pre Evacuate Collection Set: 0.25ms
[6611.661s][info][gc,phases      ] GC(1090)   Merge Heap Roots: 0.50ms
[6611.661s][info][gc,phases      ] GC(1090)   Evacuate Collection Set: 150.00ms
[6611.661s][info][gc,phases      ] GC(1090)   Post Evacuate Collection Set: 1.03ms
[6611.661s][info][gc,phases      ] GC(1090)   Other: 0.06ms
[6611.661s][info][gc,heap        ] GC(1090) Eden regions: 570->0(570)
[6611.661s][info][gc,heap        ] GC(1090) Survivor regions: 44->44(77)
[6611.661s][info][gc,heap        ] GC(1090) Old regions: 265->272
[6611.661s][info][gc,heap        ] GC(1090) Humongous regions: 33->33
[6611.661s][info][gc,metaspace   ] GC(1090) Metaspace: 30013K(30144K)->30013K(30144K) NonClass: 30013K(30144K)->30013K(30144K) Class: 0K(0K)->0K(0K)
[6611.661s][info][gc             ] GC(1090) Pause Young (Normal) (G1 Evacuation Pause) 7275M->2775M(8192M) 151.958ms
[6611.661s][info][gc,cpu         ] GC(1090) User=1.20s Sys=0.00s Real=0.16s
....[6614.927s][info][gc,start       ] GC(1091) Pause Young (Normal) (G1 Evacuation Pause)
[6614.927s][info][gc,task        ] GC(1091) Using 8 workers of 8 for evacuation
[6615.079s][info][gc,phases      ] GC(1091)   Pre Evacuate Collection Set: 0.27ms
[6615.079s][info][gc,phases      ] GC(1091)   Merge Heap Roots: 0.49ms
[6615.079s][info][gc,phases      ] GC(1091)   Evacuate Collection Set: 150.20ms
[6615.079s][info][gc,phases      ] GC(1091)   Post Evacuate Collection Set: 1.03ms
[6615.079s][info][gc,phases      ] GC(1091)   Other: 0.06ms
[6615.079s][info][gc,heap        ] GC(1091) Eden regions: 570->0(570)
[6615.079s][info][gc,heap        ] GC(1091) Survivor regions: 44->44(77)
[6615.079s][info][gc,heap        ] GC(1091) Old regions: 272->280
[6615.079s][info][gc,heap        ] GC(1091) Humongous regions: 33->33
[6615.079s][info][gc,metaspace   ] GC(1091) Metaspace: 30014K(30144K)->30014K(30144K) NonClass: 30014K(30144K)->30014K(30144K) Class: 0K(0K)->0K(0K)
[6615.079s][info][gc             ] GC(1091) Pause Young (Normal) (G1 Evacuation Pause) 7335M->2834M(8192M) 152.206ms
[6615.079s][info][gc,cpu         ] GC(1091) User=1.21s Sys=0.00s Real=0.15s
...[6618.353s][info][gc,start       ] GC(1092) Pause Young (Normal) (G1 Evacuation Pause)
[6618.353s][info][gc,task        ] GC(1092) Using 8 workers of 8 for evacuation
[6618.504s][info][gc,phases      ] GC(1092)   Pre Evacuate Collection Set: 0.24ms
[6618.504s][info][gc,phases      ] GC(1092)   Merge Heap Roots: 0.58ms
[6618.504s][info][gc,phases      ] GC(1092)   Evacuate Collection Set: 149.48ms
[6618.504s][info][gc,phases      ] GC(1092)   Post Evacuate Collection Set: 1.00ms
[6618.504s][info][gc,phases      ] GC(1092)   Other: 0.06ms
[6618.504s][info][gc,heap        ] GC(1092) Eden regions: 570->0(564)
[6618.504s][info][gc,heap        ] GC(1092) Survivor regions: 44->44(77)
[6618.504s][info][gc,heap        ] GC(1092) Old regions: 280->287
[6618.504s][info][gc,heap        ] GC(1092) Humongous regions: 33->33
[6618.504s][info][gc,metaspace   ] GC(1092) Metaspace: 30014K(30144K)->30014K(30144K) NonClass: 30014K(30144K)->30014K(30144K) Class: 0K(0K)->0K(0K)
[6618.504s][info][gc             ] GC(1092) Pause Young (Normal) (G1 Evacuation Pause) 7394M->2890M(8192M) 151.482ms
[6618.504s][info][gc,cpu         ] GC(1092) User=1.20s Sys=0.00s Real=0.15s
...[6621.748s][info][gc,start       ] GC(1093) Pause Young (Normal) (G1 Evacuation Pause)
[6621.748s][info][gc,task        ] GC(1093) Using 8 workers of 8 for evacuation
[6621.901s][info][gc,phases      ] GC(1093)   Pre Evacuate Collection Set: 0.25ms
[6621.901s][info][gc,phases      ] GC(1093)   Merge Heap Roots: 0.49ms
[6621.901s][info][gc,phases      ] GC(1093)   Evacuate Collection Set: 151.41ms
[6621.901s][info][gc,phases      ] GC(1093)   Post Evacuate Collection Set: 1.02ms
[6621.901s][info][gc,phases      ] GC(1093)   Other: 0.07ms
[6621.901s][info][gc,heap        ] GC(1093) Eden regions: 564->0(557)
[6621.901s][info][gc,heap        ] GC(1093) Survivor regions: 44->44(76)
[6621.901s][info][gc,heap        ] GC(1093) Old regions: 287->294
[6621.901s][info][gc,heap        ] GC(1093) Humongous regions: 33->33
[6621.901s][info][gc,metaspace   ] GC(1093) Metaspace: 30014K(30144K)->30014K(30144K) NonClass: 30014K(30144K)->30014K(30144K) Class: 0K(0K)->0K(0K)
[6621.901s][info][gc             ] GC(1093) Pause Young (Normal) (G1 Evacuation Pause) 7402M->2951M(8192M) 153.359ms
[6621.901s][info][gc,cpu         ] GC(1093) User=1.21s Sys=0.00s Real=0.16s
....[6624.961s][info][gc,start       ] GC(1094) Pause Young (Normal) (G1 Evacuation Pause)
[6624.961s][info][gc,task        ] GC(1094) Using 8 workers of 8 for evacuation
[6625.111s][info][gc,phases      ] GC(1094)   Pre Evacuate Collection Set: 0.24ms
[6625.111s][info][gc,phases      ] GC(1094)   Merge Heap Roots: 0.48ms
[6625.111s][info][gc,phases      ] GC(1094)   Evacuate Collection Set: 148.30ms
[6625.111s][info][gc,phases      ] GC(1094)   Post Evacuate Collection Set: 1.02ms
[6625.111s][info][gc,phases      ] GC(1094)   Other: 0.06ms
[6625.111s][info][gc,heap        ] GC(1094) Eden regions: 557->0(550)
[6625.111s][info][gc,heap        ] GC(1094) Survivor regions: 44->44(76)
[6625.111s][info][gc,heap        ] GC(1094) Old regions: 294->301
[6625.111s][info][gc,heap        ] GC(1094) Humongous regions: 33->33
[6625.111s][info][gc,metaspace   ] GC(1094) Metaspace: 30014K(30144K)->30014K(30144K) NonClass: 30014K(30144K)->30014K(30144K) Class: 0K(0K)->0K(0K)
[6625.111s][info][gc             ] GC(1094) Pause Young (Normal) (G1 Evacuation Pause) 7407M->3007M(8192M) 150.244ms
[6625.111s][info][gc,cpu         ] GC(1094) User=1.18s Sys=0.00s Real=0.15s
...[6628.308s][info][gc,start       ] GC(1095) Pause Young (Normal) (G1 Evacuation Pause)
[6628.308s][info][gc,task        ] GC(1095) Using 8 workers of 8 for evacuation
[6628.455s][info][gc,phases      ] GC(1095)   Pre Evacuate Collection Set: 0.25ms
[6628.455s][info][gc,phases      ] GC(1095)   Merge Heap Roots: 0.49ms
[6628.455s][info][gc,phases      ] GC(1095)   Evacuate Collection Set: 144.86ms
[6628.455s][info][gc,phases      ] GC(1095)   Post Evacuate Collection Set: 1.00ms
[6628.455s][info][gc,phases      ] GC(1095)   Other: 0.06ms
[6628.455s][info][gc,heap        ] GC(1095) Eden regions: 550->0(546)
[6628.455s][info][gc,heap        ] GC(1095) Survivor regions: 44->42(75)
[6628.455s][info][gc,heap        ] GC(1095) Old regions: 301->309
[6628.455s][info][gc,heap        ] GC(1095) Humongous regions: 33->33
[6628.455s][info][gc,metaspace   ] GC(1095) Metaspace: 30014K(30144K)->30014K(30144K) NonClass: 30014K(30144K)->30014K(30144K) Class: 0K(0K)->0K(0K)
[6628.455s][info][gc             ] GC(1095) Pause Young (Normal) (G1 Evacuation Pause) 7407M->3054M(8192M) 146.802ms
[6628.455s][info][gc,cpu         ] GC(1095) User=1.17s Sys=0.00s Real=0.15s
...[6631.605s][info][gc,start       ] GC(1096) Pause Young (Concurrent Start) (G1 Evacuation Pause)
[6631.606s][info][gc,task        ] GC(1096) Using 8 workers of 8 for evacuation
[6631.758s][info][gc,phases      ] GC(1096)   Pre Evacuate Collection Set: 0.25ms
[6631.758s][info][gc,phases      ] GC(1096)   Merge Heap Roots: 0.49ms
[6631.758s][info][gc,phases      ] GC(1096)   Evacuate Collection Set: 150.17ms
[6631.758s][info][gc,phases      ] GC(1096)   Post Evacuate Collection Set: 1.00ms
[6631.758s][info][gc,phases      ] GC(1096)   Other: 0.09ms
[6631.758s][info][gc,heap        ] GC(1096) Eden regions: 546->0(537)
[6631.758s][info][gc,heap        ] GC(1096) Survivor regions: 42->43(74)
[6631.758s][info][gc,heap        ] GC(1096) Old regions: 309->316
[6631.758s][info][gc,heap        ] GC(1096) Humongous regions: 33->33
[6631.758s][info][gc,metaspace   ] GC(1096) Metaspace: 30014K(30144K)->30014K(30144K) NonClass: 30014K(30144K)->30014K(30144K) Class: 0K(0K)->0K(0K)
[6631.758s][info][gc             ] GC(1096) Pause Young (Concurrent Start) (G1 Evacuation Pause) 7422M->3119M(8192M) 152.113ms
[6631.758s][info][gc             ] GC(1097) Concurrent Mark Cycle
[6631.758s][info][gc,marking     ] GC(1097) Concurrent Scan Root Regions
[6631.758s][info][gc,cpu         ] GC(1096) User=1.20s Sys=0.00s Real=0.15s
.[6632.092s][info][gc,marking     ] GC(1097) Concurrent Scan Root Regions 334.351ms
[6632.092s][info][gc,marking     ] GC(1097) Concurrent Mark
[6632.092s][info][gc,marking     ] GC(1097) Concurrent Mark From Roots
[6632.092s][info][gc,task        ] GC(1097) Using 2 workers of 2 for marking
.[6632.993s][info][gc,marking     ] GC(1097) Concurrent Mark From Roots 900.877ms
[6632.993s][info][gc,marking     ] GC(1097) Concurrent Preclean
[6632.993s][info][gc,marking     ] GC(1097) Concurrent Preclean 0.124ms
[6632.993s][info][gc,start       ] GC(1097) Pause Remark
[6632.996s][info][gc             ] GC(1097) Pause Remark 4507M->3835M(8192M) 2.406ms
[6632.996s][info][gc,cpu         ] GC(1097) User=0.02s Sys=0.00s Real=0.00s
[6632.996s][info][gc,marking     ] GC(1097) Concurrent Mark 903.693ms
[6632.996s][info][gc,marking     ] GC(1097) Concurrent Rebuild Remembered Sets and Scrub Regions
.[6633.953s][info][gc,marking     ] GC(1097) Concurrent Rebuild Remembered Sets and Scrub Regions 957.421ms
[6633.953s][info][gc,start       ] GC(1097) Pause Cleanup
[6633.954s][info][gc             ] GC(1097) Pause Cleanup 5175M->5175M(8192M) 0.235ms
[6633.954s][info][gc,cpu         ] GC(1097) User=0.00s Sys=0.00s Real=0.00s
[6633.954s][info][gc,marking     ] GC(1097) Concurrent Clear Claimed Marks
[6633.954s][info][gc,marking     ] GC(1097) Concurrent Clear Claimed Marks 0.041ms
[6633.954s][info][gc,marking     ] GC(1097) Concurrent Cleanup for Next Mark
[6633.965s][info][gc,marking     ] GC(1097) Concurrent Cleanup for Next Mark 11.536ms
[6633.965s][info][gc             ] GC(1097) Concurrent Mark Cycle 2207.698ms
[6634.911s][info][gc,start       ] GC(1098) Pause Young (Prepare Mixed) (G1 Evacuation Pause)
[6634.911s][info][gc,task        ] GC(1098) Using 8 workers of 8 for evacuation
[6635.066s][info][gc,phases      ] GC(1098)   Pre Evacuate Collection Set: 0.22ms
[6635.066s][info][gc,phases      ] GC(1098)   Merge Heap Roots: 0.67ms
[6635.066s][info][gc,phases      ] GC(1098)   Evacuate Collection Set: 152.86ms
[6635.066s][info][gc,phases      ] GC(1098)   Post Evacuate Collection Set: 1.10ms
[6635.066s][info][gc,phases      ] GC(1098)   Other: 0.07ms
[6635.066s][info][gc,heap        ] GC(1098) Eden regions: 537->0(570)
[6635.066s][info][gc,heap        ] GC(1098) Survivor regions: 43->44(73)
[6635.066s][info][gc,heap        ] GC(1098) Old regions: 232->240
[6635.066s][info][gc,heap        ] GC(1098) Humongous regions: 33->33
[6635.066s][info][gc,metaspace   ] GC(1098) Metaspace: 30014K(30144K)->30014K(30144K) NonClass: 30014K(30144K)->30014K(30144K) Class: 0K(0K)->0K(0K)
[6635.066s][info][gc             ] GC(1098) Pause Young (Prepare Mixed) (G1 Evacuation Pause) 6743M->2519M(8192M) 155.045ms
[6635.066s][info][gc,cpu         ] GC(1098) User=1.23s Sys=0.00s Real=0.15s
.. (rIR:aIR:PR = 11208:11284:11282) (tPR = 168388) [OK] 
  6636s: Performance info:
         Transaction,    Success,    Partial,     Failed,   Receipts, AvgBarcode, 
             Overall,     678990,          0,          0,     645505,      59.48, 
         Response times:
             Request,    Success,    Partial,     Failed,   SkipFail,     Probes,    Samples,      min,      p50,      p90,      p95,      p99,      max, 
       TotalPurchase,     645593,          0,          0,          0,     353354,     544024,      300,     9700,    70000,   117000,   243000,  2800000,
     InStorePurchase,     338118,          0,          0,          0,     186159,     286581,      300,     9700,    70000,   116000,   240000,  2800000,
      OnlinePurchase,     239552,          0,          0,          0,     130119,     200172,      400,     9700,    70000,   119000,   242000,  2800000,
        InstPurchase,      67923,          0,          0,          0,      37076,      57271,      400,    10000,    73000,   122000,   255000,  1000000,
          AssocOfCat,        675,          0,          0,          0,        570,       1047,    33000,    67000,   138000,   197600,   321240,   542000,
      AssocOfProduct,       6757,          0,          0,          0,       3946,       6425,      700,     9900,    66400,   119000,   249000,   620000,
      BusinessReport,       1685,          0,          0,          0,       1491,       2495,    34000,    67000,   133400,   205000,   322040,   780000,
          CustBuyBeh,       6641,          0,          0,          0,       4003,       6466,      200,     8900,    70000,   110000,   235660,   570000,
       ProductReturn,      17775,          0,          0,          0,       9988,      15769,      400,     9600,    71000,   118000,   236000,  1000000,

  6636s: (82%)   IR =  11346 ..[6638.259s][info][gc,start       ] GC(1099) Pause Young (Mixed) (G1 Evacuation Pause)
[6638.259s][info][gc,task        ] GC(1099) Using 8 workers of 8 for evacuation
[6638.415s][info][gc,phases      ] GC(1099)   Pre Evacuate Collection Set: 0.28ms
[6638.415s][info][gc,phases      ] GC(1099)   Merge Heap Roots: 0.85ms
[6638.415s][info][gc,phases      ] GC(1099)   Evacuate Collection Set: 153.29ms
[6638.415s][info][gc,phases      ] GC(1099)   Post Evacuate Collection Set: 1.28ms
[6638.415s][info][gc,phases      ] GC(1099)   Other: 0.07ms
[6638.415s][info][gc,heap        ] GC(1099) Eden regions: 570->0(572)
[6638.415s][info][gc,heap        ] GC(1099) Survivor regions: 44->42(77)
[6638.415s][info][gc,heap        ] GC(1099) Old regions: 240->146
[6638.415s][info][gc,heap        ] GC(1099) Humongous regions: 33->33
[6638.415s][info][gc,metaspace   ] GC(1099) Metaspace: 30014K(30144K)->30014K(30144K) NonClass: 30014K(30144K)->30014K(30144K) Class: 0K(0K)->0K(0K)
[6638.415s][info][gc             ] GC(1099) Pause Young (Mixed) (G1 Evacuation Pause) 7079M->1746M(8192M) 155.923ms
[6638.415s][info][gc,cpu         ] GC(1099) User=1.23s Sys=0.00s Real=0.16s
...[6641.673s][info][gc,start       ] GC(1100) Pause Young (Mixed) (G1 Evacuation Pause)
[6641.673s][info][gc,task        ] GC(1100) Using 8 workers of 8 for evacuation
[6641.832s][info][gc,phases      ] GC(1100)   Pre Evacuate Collection Set: 0.24ms
[6641.832s][info][gc,phases      ] GC(1100)   Merge Heap Roots: 0.65ms
[6641.832s][info][gc,phases      ] GC(1100)   Evacuate Collection Set: 157.35ms
[6641.832s][info][gc,phases      ] GC(1100)   Post Evacuate Collection Set: 1.01ms
[6641.832s][info][gc,phases      ] GC(1100)   Other: 0.07ms
[6641.832s][info][gc,heap        ] GC(1100) Eden regions: 572->0(569)
[6641.832s][info][gc,heap        ] GC(1100) Survivor regions: 42->45(77)
[6641.832s][info][gc,heap        ] GC(1100) Old regions: 146->144
[6641.832s][info][gc,heap        ] GC(1100) Humongous regions: 33->33
[6641.832s][info][gc,metaspace   ] GC(1100) Metaspace: 30014K(30144K)->30014K(30144K) NonClass: 30014K(30144K)->30014K(30144K) Class: 0K(0K)->0K(0K)
[6641.832s][info][gc             ] GC(1100) Pause Young (Mixed) (G1 Evacuation Pause) 6322M->1753M(8192M) 159.461ms
[6641.832s][info][gc,cpu         ] GC(1100) User=1.26s Sys=0.00s Real=0.16s
...|[6645.035s][info][gc,start       ] GC(1101) Pause Young (Normal) (G1 Evacuation Pause)
[6645.035s][info][gc,task        ] GC(1101) Using 8 workers of 8 for evacuation
[6645.192s][info][gc,phases      ] GC(1101)   Pre Evacuate Collection Set: 0.26ms
[6645.192s][info][gc,phases      ] GC(1101)   Merge Heap Roots: 0.54ms
[6645.192s][info][gc,phases      ] GC(1101)   Evacuate Collection Set: 154.90ms
[6645.192s][info][gc,phases      ] GC(1101)   Post Evacuate Collection Set: 1.05ms
[6645.192s][info][gc,phases      ] GC(1101)   Other: 0.06ms
[6645.192s][info][gc,heap        ] GC(1101) Eden regions: 569->0(570)
[6645.192s][info][gc,heap        ] GC(1101) Survivor regions: 45->44(77)
[6645.192s][info][gc,heap        ] GC(1101) Old regions: 144->151
[6645.192s][info][gc,heap        ] GC(1101) Humongous regions: 33->33
[6645.192s][info][gc,metaspace   ] GC(1101) Metaspace: 30014K(30144K)->30014K(30144K) NonClass: 30014K(30144K)->30014K(30144K) Class: 0K(0K)->0K(0K)
[6645.192s][info][gc             ] GC(1101) Pause Young (Normal) (G1 Evacuation Pause) 6305M->1806M(8192M) 156.946ms
[6645.192s][info][gc,cpu         ] GC(1101) User=1.24s Sys=0.00s Real=0.16s
....[6648.436s][info][gc,start       ] GC(1102) Pause Young (Normal) (G1 Evacuation Pause)
[6648.436s][info][gc,task        ] GC(1102) Using 8 workers of 8 for evacuation
[6648.593s][info][gc,phases      ] GC(1102)   Pre Evacuate Collection Set: 0.22ms
[6648.593s][info][gc,phases      ] GC(1102)   Merge Heap Roots: 0.51ms
[6648.593s][info][gc,phases      ] GC(1102)   Evacuate Collection Set: 154.43ms
[6648.593s][info][gc,phases      ] GC(1102)   Post Evacuate Collection Set: 1.03ms
[6648.593s][info][gc,phases      ] GC(1102)   Other: 0.06ms
[6648.593s][info][gc,heap        ] GC(1102) Eden regions: 570->0(570)
[6648.593s][info][gc,heap        ] GC(1102) Survivor regions: 44->44(77)
[6648.593s][info][gc,heap        ] GC(1102) Old regions: 151->158
[6648.593s][info][gc,heap        ] GC(1102) Humongous regions: 33->33
[6648.593s][info][gc,metaspace   ] GC(1102) Metaspace: 30014K(30144K)->30014K(30144K) NonClass: 30014K(30144K)->30014K(30144K) Class: 0K(0K)->0K(0K)
[6648.593s][info][gc             ] GC(1102) Pause Young (Normal) (G1 Evacuation Pause) 6366M->1865M(8192M) 156.376ms
[6648.593s][info][gc,cpu         ] GC(1102) User=1.24s Sys=0.00s Real=0.16s
...[6651.837s][info][gc,start       ] GC(1103) Pause Young (Normal) (G1 Evacuation Pause)
[6651.837s][info][gc,task        ] GC(1103) Using 8 workers of 8 for evacuation
[6651.991s][info][gc,phases      ] GC(1103)   Pre Evacuate Collection Set: 0.23ms
[6651.991s][info][gc,phases      ] GC(1103)   Merge Heap Roots: 0.50ms
[6651.991s][info][gc,phases      ] GC(1103)   Evacuate Collection Set: 151.44ms
[6651.991s][info][gc,phases      ] GC(1103)   Post Evacuate Collection Set: 1.06ms
[6651.991s][info][gc,phases      ] GC(1103)   Other: 0.07ms
[6651.991s][info][gc,heap        ] GC(1103) Eden regions: 570->0(569)
[6651.991s][info][gc,heap        ] GC(1103) Survivor regions: 44->45(77)
[6651.991s][info][gc,heap        ] GC(1103) Old regions: 158->165
[6651.991s][info][gc,heap        ] GC(1103) Humongous regions: 33->33
[6651.991s][info][gc,metaspace   ] GC(1103) Metaspace: 30014K(30144K)->30014K(30144K) NonClass: 30014K(30144K)->30014K(30144K) Class: 0K(0K)->0K(0K)
[6651.991s][info][gc             ] GC(1103) Pause Young (Normal) (G1 Evacuation Pause) 6425M->1925M(8192M) 153.436ms
[6651.991s][info][gc,cpu         ] GC(1103) User=1.22s Sys=0.00s Real=0.16s
...[6655.189s][info][gc,start       ] GC(1104) Pause Young (Normal) (G1 Evacuation Pause)
[6655.189s][info][gc,task        ] GC(1104) Using 8 workers of 8 for evacuation
[6655.340s][info][gc,phases      ] GC(1104)   Pre Evacuate Collection Set: 0.25ms
[6655.340s][info][gc,phases      ] GC(1104)   Merge Heap Roots: 0.53ms
[6655.340s][info][gc,phases      ] GC(1104)   Evacuate Collection Set: 148.74ms
[6655.340s][info][gc,phases      ] GC(1104)   Post Evacuate Collection Set: 1.00ms
[6655.340s][info][gc,phases      ] GC(1104)   Other: 0.06ms
[6655.340s][info][gc,heap        ] GC(1104) Eden regions: 569->0(571)
[6655.340s][info][gc,heap        ] GC(1104) Survivor regions: 45->43(77)
[6655.340s][info][gc,heap        ] GC(1104) Old regions: 165->172
[6655.340s][info][gc,heap        ] GC(1104) Humongous regions: 33->33
[6655.340s][info][gc,metaspace   ] GC(1104) Metaspace: 30014K(30144K)->30014K(30144K) NonClass: 30014K(30144K)->30014K(30144K) Class: 0K(0K)->0K(0K)
[6655.340s][info][gc             ] GC(1104) Pause Young (Normal) (G1 Evacuation Pause) 6477M->1971M(8192M) 150.703ms
[6655.340s][info][gc,cpu         ] GC(1104) User=1.20s Sys=0.00s Real=0.16s
....[6658.621s][info][gc,start       ] GC(1105) Pause Young (Normal) (G1 Evacuation Pause)
[6658.621s][info][gc,task        ] GC(1105) Using 8 workers of 8 for evacuation
[6658.776s][info][gc,phases      ] GC(1105)   Pre Evacuate Collection Set: 0.23ms
[6658.776s][info][gc,phases      ] GC(1105)   Merge Heap Roots: 0.51ms
[6658.776s][info][gc,phases      ] GC(1105)   Evacuate Collection Set: 152.88ms
[6658.776s][info][gc,phases      ] GC(1105)   Post Evacuate Collection Set: 1.03ms
[6658.776s][info][gc,phases      ] GC(1105)   Other: 0.06ms
[6658.776s][info][gc,heap        ] GC(1105) Eden regions: 571->0(569)
[6658.776s][info][gc,heap        ] GC(1105) Survivor regions: 43->45(77)
[6658.776s][info][gc,heap        ] GC(1105) Old regions: 172->180
[6658.776s][info][gc,heap        ] GC(1105) Humongous regions: 33->33
[6658.776s][info][gc,metaspace   ] GC(1105) Metaspace: 30014K(30144K)->30014K(30144K) NonClass: 30014K(30144K)->30014K(30144K) Class: 0K(0K)->0K(0K)
[6658.776s][info][gc             ] GC(1105) Pause Young (Normal) (G1 Evacuation Pause) 6539M->2046M(8192M) 154.847ms
[6658.776s][info][gc,cpu         ] GC(1105) User=1.23s Sys=0.00s Real=0.15s
...[6661.999s][info][gc,start       ] GC(1106) Pause Young (Normal) (G1 Evacuation Pause)
[6661.999s][info][gc,task        ] GC(1106) Using 8 workers of 8 for evacuation
[6662.153s][info][gc,phases      ] GC(1106)   Pre Evacuate Collection Set: 0.23ms
[6662.153s][info][gc,phases      ] GC(1106)   Merge Heap Roots: 0.50ms
[6662.153s][info][gc,phases      ] GC(1106)   Evacuate Collection Set: 152.10ms
[6662.153s][info][gc,phases      ] GC(1106)   Post Evacuate Collection Set: 1.02ms
[6662.153s][info][gc,phases      ] GC(1106)   Other: 0.06ms
[6662.153s][info][gc,heap        ] GC(1106) Eden regions: 569->0(569)
[6662.153s][info][gc,heap        ] GC(1106) Survivor regions: 45->45(77)
[6662.153s][info][gc,heap        ] GC(1106) Old regions: 180->187
[6662.153s][info][gc,heap        ] GC(1106) Humongous regions: 33->33
[6662.153s][info][gc,metaspace   ] GC(1106) Metaspace: 30014K(30144K)->30014K(30144K) NonClass: 30014K(30144K)->30014K(30144K) Class: 0K(0K)->0K(0K)
[6662.153s][info][gc             ] GC(1106) Pause Young (Normal) (G1 Evacuation Pause) 6598M->2102M(8192M) 154.045ms
[6662.153s][info][gc,cpu         ] GC(1106) User=1.23s Sys=0.00s Real=0.16s
...[6665.288s][info][gc,start       ] GC(1107) Pause Young (Normal) (G1 Evacuation Pause)
[6665.288s][info][gc,task        ] GC(1107) Using 8 workers of 8 for evacuation
[6665.445s][info][gc,phases      ] GC(1107)   Pre Evacuate Collection Set: 0.23ms
[6665.445s][info][gc,phases      ] GC(1107)   Merge Heap Roots: 0.53ms
[6665.445s][info][gc,phases      ] GC(1107)   Evacuate Collection Set: 154.65ms
[6665.445s][info][gc,phases      ] GC(1107)   Post Evacuate Collection Set: 1.01ms
[6665.445s][info][gc,phases      ] GC(1107)   Other: 0.06ms
[6665.445s][info][gc,heap        ] GC(1107) Eden regions: 569->0(570)
[6665.445s][info][gc,heap        ] GC(1107) Survivor regions: 45->44(77)
[6665.445s][info][gc,heap        ] GC(1107) Old regions: 187->195
[6665.445s][info][gc,heap        ] GC(1107) Humongous regions: 33->33
[6665.445s][info][gc,metaspace   ] GC(1107) Metaspace: 30014K(30144K)->30014K(30144K) NonClass: 30014K(30144K)->30014K(30144K) Class: 0K(0K)->0K(0K)
[6665.445s][info][gc             ] GC(1107) Pause Young (Normal) (G1 Evacuation Pause) 6654M->2158M(8192M) 156.601ms
[6665.445s][info][gc,cpu         ] GC(1107) User=1.24s Sys=0.01s Real=0.16s
....[6668.617s][info][gc,start       ] GC(1108) Pause Young (Normal) (G1 Evacuation Pause)
[6668.617s][info][gc,task        ] GC(1108) Using 8 workers of 8 for evacuation
[6668.770s][info][gc,phases      ] GC(1108)   Pre Evacuate Collection Set: 0.24ms
[6668.770s][info][gc,phases      ] GC(1108)   Merge Heap Roots: 0.51ms
[6668.770s][info][gc,phases      ] GC(1108)   Evacuate Collection Set: 150.51ms
[6668.770s][info][gc,phases      ] GC(1108)   Post Evacuate Collection Set: 1.02ms
[6668.770s][info][gc,phases      ] GC(1108)   Other: 0.06ms
[6668.770s][info][gc,heap        ] GC(1108) Eden regions: 570->0(570)
[6668.770s][info][gc,heap        ] GC(1108) Survivor regions: 44->44(77)
[6668.770s][info][gc,heap        ] GC(1108) Old regions: 195->202
[6668.770s][info][gc,heap        ] GC(1108) Humongous regions: 33->33
[6668.770s][info][gc,metaspace   ] GC(1108) Metaspace: 30014K(30144K)->30014K(30144K) NonClass: 30014K(30144K)->30014K(30144K) Class: 0K(0K)->0K(0K)
[6668.770s][info][gc             ] GC(1108) Pause Young (Normal) (G1 Evacuation Pause) 6718M->2214M(8192M) 152.468ms
[6668.770s][info][gc,cpu         ] GC(1108) User=1.21s Sys=0.00s Real=0.16s
...[6671.968s][info][gc,start       ] GC(1109) Pause Young (Normal) (G1 Evacuation Pause)
[6671.969s][info][gc,task        ] GC(1109) Using 8 workers of 8 for evacuation
[6672.119s][info][gc,phases      ] GC(1109)   Pre Evacuate Collection Set: 0.23ms
[6672.120s][info][gc,phases      ] GC(1109)   Merge Heap Roots: 0.52ms
[6672.120s][info][gc,phases      ] GC(1109)   Evacuate Collection Set: 149.11ms
[6672.120s][info][gc,phases      ] GC(1109)   Post Evacuate Collection Set: 1.04ms
[6672.120s][info][gc,phases      ] GC(1109)   Other: 0.07ms
[6672.120s][info][gc,heap        ] GC(1109) Eden regions: 570->0(570)
[6672.120s][info][gc,heap        ] GC(1109) Survivor regions: 44->44(77)
[6672.120s][info][gc,heap        ] GC(1109) Old regions: 202->209
[6672.120s][info][gc,heap        ] GC(1109) Humongous regions: 33->33
[6672.120s][info][gc,metaspace   ] GC(1109) Metaspace: 30014K(30144K)->30014K(30144K) NonClass: 30014K(30144K)->30014K(30144K) Class: 0K(0K)->0K(0K)
[6672.120s][info][gc             ] GC(1109) Pause Young (Normal) (G1 Evacuation Pause) 6774M->2270M(8192M) 151.106ms
[6672.120s][info][gc,cpu         ] GC(1109) User=1.20s Sys=0.00s Real=0.15s
...[6675.298s][info][gc,start       ] GC(1110) Pause Young (Normal) (G1 Evacuation Pause)
[6675.298s][info][gc,task        ] GC(1110) Using 8 workers of 8 for evacuation
[6675.448s][info][gc,phases      ] GC(1110)   Pre Evacuate Collection Set: 0.23ms
[6675.448s][info][gc,phases      ] GC(1110)   Merge Heap Roots: 0.51ms
[6675.448s][info][gc,phases      ] GC(1110)   Evacuate Collection Set: 148.30ms
[6675.448s][info][gc,phases      ] GC(1110)   Post Evacuate Collection Set: 1.01ms
[6675.448s][info][gc,phases      ] GC(1110)   Other: 0.06ms
[6675.448s][info][gc,heap        ] GC(1110) Eden regions: 570->0(571)
[6675.448s][info][gc,heap        ] GC(1110) Survivor regions: 44->43(77)
[6675.448s][info][gc,heap        ] GC(1110) Old regions: 209->216
[6675.448s][info][gc,heap        ] GC(1110) Humongous regions: 33->33
[6675.448s][info][gc,metaspace   ] GC(1110) Metaspace: 30014K(30144K)->30014K(30144K) NonClass: 30014K(30144K)->30014K(30144K) Class: 0K(0K)->0K(0K)
[6675.448s][info][gc             ] GC(1110) Pause Young (Normal) (G1 Evacuation Pause) 6830M->2322M(8192M) 150.260ms
[6675.448s][info][gc,cpu         ] GC(1110) User=1.19s Sys=0.00s Real=0.15s
....[6678.716s][info][gc,start       ] GC(1111) Pause Young (Normal) (G1 Evacuation Pause)
[6678.716s][info][gc,task        ] GC(1111) Using 8 workers of 8 for evacuation
[6678.872s][info][gc,phases      ] GC(1111)   Pre Evacuate Collection Set: 0.23ms
[6678.872s][info][gc,phases      ] GC(1111)   Merge Heap Roots: 0.51ms
[6678.872s][info][gc,phases      ] GC(1111)   Evacuate Collection Set: 153.41ms
[6678.872s][info][gc,phases      ] GC(1111)   Post Evacuate Collection Set: 1.03ms
[6678.872s][info][gc,phases      ] GC(1111)   Other: 0.06ms
[6678.872s][info][gc,heap        ] GC(1111) Eden regions: 571->0(569)
[6678.872s][info][gc,heap        ] GC(1111) Survivor regions: 43->45(77)
[6678.872s][info][gc,heap        ] GC(1111) Old regions: 216->223
[6678.872s][info][gc,heap        ] GC(1111) Humongous regions: 33->33
[6678.872s][info][gc,metaspace   ] GC(1111) Metaspace: 30014K(30144K)->30014K(30144K) NonClass: 30014K(30144K)->30014K(30144K) Class: 0K(0K)->0K(0K)
[6678.872s][info][gc             ] GC(1111) Pause Young (Normal) (G1 Evacuation Pause) 6890M->2391M(8192M) 155.384ms
[6678.872s][info][gc,cpu         ] GC(1111) User=1.23s Sys=0.01s Real=0.16s
...[6682.125s][info][gc,start       ] GC(1112) Pause Young (Normal) (G1 Evacuation Pause)
[6682.125s][info][gc,task        ] GC(1112) Using 8 workers of 8 for evacuation
[6682.274s][info][gc,phases      ] GC(1112)   Pre Evacuate Collection Set: 0.24ms
[6682.274s][info][gc,phases      ] GC(1112)   Merge Heap Roots: 0.54ms
[6682.274s][info][gc,phases      ] GC(1112)   Evacuate Collection Set: 147.63ms
[6682.274s][info][gc,phases      ] GC(1112)   Post Evacuate Collection Set: 1.02ms
[6682.274s][info][gc,phases      ] GC(1112)   Other: 0.07ms
[6682.274s][info][gc,heap        ] GC(1112) Eden regions: 569->0(571)
[6682.274s][info][gc,heap        ] GC(1112) Survivor regions: 45->43(77)
[6682.274s][info][gc,heap        ] GC(1112) Old regions: 223->231
[6682.274s][info][gc,heap        ] GC(1112) Humongous regions: 33->33
[6682.274s][info][gc,metaspace   ] GC(1112) Metaspace: 30014K(30144K)->30014K(30144K) NonClass: 30014K(30144K)->30014K(30144K) Class: 0K(0K)->0K(0K)
[6682.274s][info][gc             ] GC(1112) Pause Young (Normal) (G1 Evacuation Pause) 6943M->2434M(8192M) 149.618ms
[6682.274s][info][gc,cpu         ] GC(1112) User=1.19s Sys=0.00s Real=0.15s
....[6685.501s][info][gc,start       ] GC(1113) Pause Young (Normal) (G1 Evacuation Pause)
[6685.501s][info][gc,task        ] GC(1113) Using 8 workers of 8 for evacuation
[6685.653s][info][gc,phases      ] GC(1113)   Pre Evacuate Collection Set: 0.24ms
[6685.653s][info][gc,phases      ] GC(1113)   Merge Heap Roots: 0.50ms
[6685.653s][info][gc,phases      ] GC(1113)   Evacuate Collection Set: 150.28ms
[6685.653s][info][gc,phases      ] GC(1113)   Post Evacuate Collection Set: 1.06ms
[6685.653s][info][gc,phases      ] GC(1113)   Other: 0.06ms
[6685.653s][info][gc,heap        ] GC(1113) Eden regions: 571->0(570)
[6685.653s][info][gc,heap        ] GC(1113) Survivor regions: 43->44(77)
[6685.653s][info][gc,heap        ] GC(1113) Old regions: 231->238
[6685.653s][info][gc,heap        ] GC(1113) Humongous regions: 33->33
[6685.653s][info][gc,metaspace   ] GC(1113) Metaspace: 30014K(30144K)->30014K(30144K) NonClass: 30014K(30144K)->30014K(30144K) Class: 0K(0K)->0K(0K)
[6685.653s][info][gc             ] GC(1113) Pause Young (Normal) (G1 Evacuation Pause) 7002M->2505M(8192M) 152.291ms
[6685.653s][info][gc,cpu         ] GC(1113) User=1.20s Sys=0.00s Real=0.15s
...[6688.813s][info][gc,start       ] GC(1114) Pause Young (Normal) (G1 Evacuation Pause)
[6688.813s][info][gc,task        ] GC(1114) Using 8 workers of 8 for evacuation
[6688.964s][info][gc,phases      ] GC(1114)   Pre Evacuate Collection Set: 0.22ms
[6688.964s][info][gc,phases      ] GC(1114)   Merge Heap Roots: 0.51ms
[6688.964s][info][gc,phases      ] GC(1114)   Evacuate Collection Set: 149.41ms
[6688.964s][info][gc,phases      ] GC(1114)   Post Evacuate Collection Set: 1.01ms
[6688.964s][info][gc,phases      ] GC(1114)   Other: 0.06ms
[6688.964s][info][gc,heap        ] GC(1114) Eden regions: 570->0(570)
[6688.964s][info][gc,heap        ] GC(1114) Survivor regions: 44->44(77)
[6688.964s][info][gc,heap        ] GC(1114) Old regions: 238->245
[6688.964s][info][gc,heap        ] GC(1114) Humongous regions: 33->33
[6688.964s][info][gc,metaspace   ] GC(1114) Metaspace: 30014K(30144K)->30014K(30144K) NonClass: 30014K(30144K)->30014K(30144K) Class: 0K(0K)->0K(0K)
[6688.964s][info][gc             ] GC(1114) Pause Young (Normal) (G1 Evacuation Pause) 7065M->2557M(8192M) 151.357ms
[6688.964s][info][gc,cpu         ] GC(1114) User=1.20s Sys=0.00s Real=0.15s
...[6692.100s][info][gc,start       ] GC(1115) Pause Young (Normal) (G1 Evacuation Pause)
[6692.100s][info][gc,task        ] GC(1115) Using 8 workers of 8 for evacuation
[6692.246s][info][gc,phases      ] GC(1115)   Pre Evacuate Collection Set: 0.24ms
[6692.246s][info][gc,phases      ] GC(1115)   Merge Heap Roots: 0.52ms
[6692.246s][info][gc,phases      ] GC(1115)   Evacuate Collection Set: 144.08ms
[6692.246s][info][gc,phases      ] GC(1115)   Post Evacuate Collection Set: 1.03ms
[6692.246s][info][gc,phases      ] GC(1115)   Other: 0.06ms
[6692.246s][info][gc,heap        ] GC(1115) Eden regions: 570->0(572)
[6692.246s][info][gc,heap        ] GC(1115) Survivor regions: 44->42(77)
[6692.246s][info][gc,heap        ] GC(1115) Old regions: 245->252
[6692.246s][info][gc,heap        ] GC(1115) Humongous regions: 33->33
[6692.246s][info][gc,metaspace   ] GC(1115) Metaspace: 30014K(30144K)->30014K(30144K) NonClass: 30014K(30144K)->30014K(30144K) Class: 0K(0K)->0K(0K)
[6692.246s][info][gc             ] GC(1115) Pause Young (Normal) (G1 Evacuation Pause) 7117M->2603M(8192M) 146.062ms
[6692.246s][info][gc,cpu         ] GC(1115) User=1.15s Sys=0.00s Real=0.14s
...[6695.397s][info][gc,start       ] GC(1116) Pause Young (Normal) (G1 Evacuation Pause)
[6695.397s][info][gc,task        ] GC(1116) Using 8 workers of 8 for evacuation
[6695.547s][info][gc,phases      ] GC(1116)   Pre Evacuate Collection Set: 0.22ms
[6695.547s][info][gc,phases      ] GC(1116)   Merge Heap Roots: 0.59ms
[6695.547s][info][gc,phases      ] GC(1116)   Evacuate Collection Set: 148.06ms
[6695.547s][info][gc,phases      ] GC(1116)   Post Evacuate Collection Set: 1.04ms
[6695.547s][info][gc,phases      ] GC(1116)   Other: 0.08ms
[6695.547s][info][gc,heap        ] GC(1116) Eden regions: 572->0(571)
[6695.547s][info][gc,heap        ] GC(1116) Survivor regions: 42->43(77)
[6695.547s][info][gc,heap        ] GC(1116) Old regions: 252->259
[6695.547s][info][gc,heap        ] GC(1116) Humongous regions: 33->33
[6695.547s][info][gc,metaspace   ] GC(1116) Metaspace: 30014K(30144K)->30014K(30144K) NonClass: 30014K(30144K)->30014K(30144K) Class: 0K(0K)->0K(0K)
[6695.547s][info][gc             ] GC(1116) Pause Young (Normal) (G1 Evacuation Pause) 7179M->2666M(8192M) 150.121ms
[6695.547s][info][gc,cpu         ] GC(1116) User=1.19s Sys=0.00s Real=0.15s
....[6698.779s][info][gc,start       ] GC(1117) Pause Young (Normal) (G1 Evacuation Pause)
[6698.779s][info][gc,task        ] GC(1117) Using 8 workers of 8 for evacuation
[6698.943s][info][gc,phases      ] GC(1117)   Pre Evacuate Collection Set: 0.27ms
[6698.943s][info][gc,phases      ] GC(1117)   Merge Heap Roots: 0.59ms
[6698.943s][info][gc,phases      ] GC(1117)   Evacuate Collection Set: 162.20ms
[6698.943s][info][gc,phases      ] GC(1117)   Post Evacuate Collection Set: 1.04ms
[6698.943s][info][gc,phases      ] GC(1117)   Other: 0.06ms
[6698.943s][info][gc,heap        ] GC(1117) Eden regions: 571->0(568)
[6698.943s][info][gc,heap        ] GC(1117) Survivor regions: 43->46(77)
[6698.943s][info][gc,heap        ] GC(1117) Old regions: 259->266
[6698.943s][info][gc,heap        ] GC(1117) Humongous regions: 33->33
[6698.943s][info][gc,metaspace   ] GC(1117) Metaspace: 30014K(30144K)->30014K(30144K) NonClass: 30014K(30144K)->30014K(30144K) Class: 0K(0K)->0K(0K)
[6698.943s][info][gc             ] GC(1117) Pause Young (Normal) (G1 Evacuation Pause) 7234M->2747M(8192M) 164.309ms
[6698.943s][info][gc,cpu         ] GC(1117) User=1.30s Sys=0.00s Real=0.17s
...[6702.158s][info][gc,start       ] GC(1118) Pause Young (Normal) (G1 Evacuation Pause)
[6702.158s][info][gc,task        ] GC(1118) Using 8 workers of 8 for evacuation
[6702.307s][info][gc,phases      ] GC(1118)   Pre Evacuate Collection Set: 0.23ms
[6702.307s][info][gc,phases      ] GC(1118)   Merge Heap Roots: 0.51ms
[6702.307s][info][gc,phases      ] GC(1118)   Evacuate Collection Set: 146.34ms
[6702.307s][info][gc,phases      ] GC(1118)   Post Evacuate Collection Set: 1.04ms
[6702.307s][info][gc,phases      ] GC(1118)   Other: 0.06ms
[6702.307s][info][gc,heap        ] GC(1118) Eden regions: 568->0(570)
[6702.307s][info][gc,heap        ] GC(1118) Survivor regions: 46->44(77)
[6702.307s][info][gc,heap        ] GC(1118) Old regions: 266->274
[6702.307s][info][gc,heap        ] GC(1118) Humongous regions: 33->33
[6702.307s][info][gc,metaspace   ] GC(1118) Metaspace: 30014K(30144K)->30014K(30144K) NonClass: 30014K(30144K)->30014K(30144K) Class: 0K(0K)->0K(0K)
[6702.307s][info][gc             ] GC(1118) Pause Young (Normal) (G1 Evacuation Pause) 7291M->2786M(8192M) 148.315ms
[6702.307s][info][gc,cpu         ] GC(1118) User=1.17s Sys=0.00s Real=0.15s
... (rIR:aIR:PR = 11346:11450:11446) (tPR = 169722) [OK] 
  6704s: Performance info:
         Transaction,    Success,    Partial,     Failed,   Receipts, AvgBarcode, 
             Overall,     690441,          0,          0,     656153,      59.48, 
         Response times:
             Request,    Success,    Partial,     Failed,   SkipFail,     Probes,    Samples,      min,      p50,      p90,      p95,      p99,      max, 
       TotalPurchase,     656367,          0,          0,          0,     356249,     411817,      300,     9000,    57000,    93000,   173000,   900000,
     InStorePurchase,     346135,          0,          0,          0,     187322,     216048,      300,     9000,    58000,    94000,   174000,   900000,
      OnlinePurchase,     240917,          0,          0,          0,     130965,     151532,      300,     9100,    57000,    91000,   170000,   870000,
        InstPurchase,      69315,          0,          0,          0,      37962,      44237,      400,     9100,    56000,    95000,   182000,   830000,
          AssocOfCat,        687,          0,          0,          0,        587,        785,    28000,    64000,   125000,   169100,   223400,   365000,
      AssocOfProduct,       6909,          0,          0,          0,       4133,       4989,      600,     9000,    61000,   100000,   176000,   720000,
      BusinessReport,       1711,          0,          0,          0,       1525,       1860,    28000,    69000,   127000,   176950,   240000,   890000,
          CustBuyBeh,       6835,          0,          0,          0,       4110,       4930,      200,     8600,    56000,    93000,   170690,   670000,
       ProductReturn,      18187,          0,          0,          0,       9124,      10637,      300,     9100,    54000,    95000,   173240,   810000,

  6704s: (83%)   IR =  11485 [6705.630s][info][gc,start       ] GC(1119) Pause Young (Normal) (G1 Evacuation Pause)
[6705.630s][info][gc,task        ] GC(1119) Using 8 workers of 8 for evacuation
[6705.780s][info][gc,phases      ] GC(1119)   Pre Evacuate Collection Set: 0.25ms
[6705.780s][info][gc,phases      ] GC(1119)   Merge Heap Roots: 0.53ms
[6705.780s][info][gc,phases      ] GC(1119)   Evacuate Collection Set: 147.89ms
[6705.780s][info][gc,phases      ] GC(1119)   Post Evacuate Collection Set: 1.09ms
[6705.780s][info][gc,phases      ] GC(1119)   Other: 0.06ms
[6705.780s][info][gc,heap        ] GC(1119) Eden regions: 570->0(572)
[6705.780s][info][gc,heap        ] GC(1119) Survivor regions: 44->42(77)
[6705.780s][info][gc,heap        ] GC(1119) Old regions: 274->281
[6705.780s][info][gc,heap        ] GC(1119) Humongous regions: 33->33
[6705.780s][info][gc,metaspace   ] GC(1119) Metaspace: 30014K(30144K)->30014K(30144K) NonClass: 30014K(30144K)->30014K(30144K) Class: 0K(0K)->0K(0K)
[6705.780s][info][gc             ] GC(1119) Pause Young (Normal) (G1 Evacuation Pause) 7346M->2833M(8192M) 149.949ms
[6705.780s][info][gc,cpu         ] GC(1119) User=1.18s Sys=0.00s Real=0.15s
....[6709.044s][info][gc,start       ] GC(1120) Pause Young (Normal) (G1 Evacuation Pause)
[6709.044s][info][gc,task        ] GC(1120) Using 8 workers of 8 for evacuation
[6709.196s][info][gc,phases      ] GC(1120)   Pre Evacuate Collection Set: 0.23ms
[6709.196s][info][gc,phases      ] GC(1120)   Merge Heap Roots: 0.52ms
[6709.196s][info][gc,phases      ] GC(1120)   Evacuate Collection Set: 150.13ms
[6709.196s][info][gc,phases      ] GC(1120)   Post Evacuate Collection Set: 1.06ms
[6709.196s][info][gc,phases      ] GC(1120)   Other: 0.06ms
[6709.196s][info][gc,heap        ] GC(1120) Eden regions: 572->0(565)
[6709.196s][info][gc,heap        ] GC(1120) Survivor regions: 42->43(77)
[6709.196s][info][gc,heap        ] GC(1120) Old regions: 281->288
[6709.196s][info][gc,heap        ] GC(1120) Humongous regions: 33->33
[6709.196s][info][gc,metaspace   ] GC(1120) Metaspace: 30014K(30144K)->30014K(30144K) NonClass: 30014K(30144K)->30014K(30144K) Class: 0K(0K)->0K(0K)
[6709.196s][info][gc             ] GC(1120) Pause Young (Normal) (G1 Evacuation Pause) 7409M->2898M(8192M) 152.120ms
[6709.196s][info][gc,cpu         ] GC(1120) User=1.20s Sys=0.00s Real=0.15s
...[6712.409s][info][gc,start       ] GC(1121) Pause Young (Normal) (G1 Evacuation Pause)
[6712.409s][info][gc,task        ] GC(1121) Using 8 workers of 8 for evacuation
[6712.561s][info][gc,phases      ] GC(1121)   Pre Evacuate Collection Set: 0.28ms
[6712.561s][info][gc,phases      ] GC(1121)   Merge Heap Roots: 0.51ms
[6712.561s][info][gc,phases      ] GC(1121)   Evacuate Collection Set: 149.35ms
[6712.561s][info][gc,phases      ] GC(1121)   Post Evacuate Collection Set: 1.02ms
[6712.561s][info][gc,phases      ] GC(1121)   Other: 0.07ms
[6712.561s][info][gc,heap        ] GC(1121) Eden regions: 565->0(556)
[6712.561s][info][gc,heap        ] GC(1121) Survivor regions: 43->44(76)
[6712.561s][info][gc,heap        ] GC(1121) Old regions: 288->295
[6712.561s][info][gc,heap        ] GC(1121) Humongous regions: 33->33
[6712.561s][info][gc,metaspace   ] GC(1121) Metaspace: 30014K(30144K)->30014K(30144K) NonClass: 30014K(30144K)->30014K(30144K) Class: 0K(0K)->0K(0K)
[6712.561s][info][gc             ] GC(1121) Pause Young (Normal) (G1 Evacuation Pause) 7418M->2958M(8192M) 151.366ms
[6712.561s][info][gc,cpu         ] GC(1121) User=1.20s Sys=0.01s Real=0.16s
...[6715.597s][info][gc,start       ] GC(1122) Pause Young (Normal) (G1 Evacuation Pause)
[6715.597s][info][gc,task        ] GC(1122) Using 8 workers of 8 for evacuation
[6715.751s][info][gc,phases      ] GC(1122)   Pre Evacuate Collection Set: 0.23ms
[6715.751s][info][gc,phases      ] GC(1122)   Merge Heap Roots: 0.51ms
[6715.751s][info][gc,phases      ] GC(1122)   Evacuate Collection Set: 151.75ms
[6715.751s][info][gc,phases      ] GC(1122)   Post Evacuate Collection Set: 1.01ms
[6715.751s][info][gc,phases      ] GC(1122)   Other: 0.06ms
[6715.751s][info][gc,heap        ] GC(1122) Eden regions: 556->0(550)
[6715.751s][info][gc,heap        ] GC(1122) Survivor regions: 44->43(75)
[6715.751s][info][gc,heap        ] GC(1122) Old regions: 295->303
[6715.751s][info][gc,heap        ] GC(1122) Humongous regions: 33->33
[6715.751s][info][gc,metaspace   ] GC(1122) Metaspace: 30014K(30144K)->30014K(30144K) NonClass: 30014K(30144K)->30014K(30144K) Class: 0K(0K)->0K(0K)
[6715.751s][info][gc             ] GC(1122) Pause Young (Normal) (G1 Evacuation Pause) 7406M->3017M(8192M) 153.703ms
[6715.751s][info][gc,cpu         ] GC(1122) User=1.21s Sys=0.00s Real=0.16s
....[6718.825s][info][gc,start       ] GC(1123) Pause Young (Concurrent Start) (G1 Evacuation Pause)
[6718.825s][info][gc,task        ] GC(1123) Using 8 workers of 8 for evacuation
[6718.976s][info][gc,phases      ] GC(1123)   Pre Evacuate Collection Set: 0.27ms
[6718.976s][info][gc,phases      ] GC(1123)   Merge Heap Roots: 0.51ms
[6718.976s][info][gc,phases      ] GC(1123)   Evacuate Collection Set: 148.88ms
[6718.976s][info][gc,phases      ] GC(1123)   Post Evacuate Collection Set: 1.00ms
[6718.976s][info][gc,phases      ] GC(1123)   Other: 0.08ms
[6718.976s][info][gc,heap        ] GC(1123) Eden regions: 550->0(541)
[6718.976s][info][gc,heap        ] GC(1123) Survivor regions: 43->44(75)
[6718.976s][info][gc,heap        ] GC(1123) Old regions: 303->310
[6718.976s][info][gc,heap        ] GC(1123) Humongous regions: 33->33
[6718.976s][info][gc,metaspace   ] GC(1123) Metaspace: 30014K(30144K)->30014K(30144K) NonClass: 30014K(30144K)->30014K(30144K) Class: 0K(0K)->0K(0K)
[6718.976s][info][gc             ] GC(1123) Pause Young (Concurrent Start) (G1 Evacuation Pause) 7417M->3079M(8192M) 150.882ms
[6718.976s][info][gc             ] GC(1124) Concurrent Mark Cycle
[6718.976s][info][gc,marking     ] GC(1124) Concurrent Scan Root Regions
[6718.976s][info][gc,cpu         ] GC(1123) User=1.20s Sys=0.00s Real=0.15s
[6719.222s][info][gc,marking     ] GC(1124) Concurrent Scan Root Regions 245.681ms
[6719.222s][info][gc,marking     ] GC(1124) Concurrent Mark
[6719.222s][info][gc,marking     ] GC(1124) Concurrent Mark From Roots
[6719.222s][info][gc,task        ] GC(1124) Using 2 workers of 2 for marking
.[6720.283s][info][gc,marking     ] GC(1124) Concurrent Mark From Roots 1061.470ms
[6720.283s][info][gc,marking     ] GC(1124) Concurrent Preclean
[6720.283s][info][gc,marking     ] GC(1124) Concurrent Preclean 0.148ms
[6720.283s][info][gc,start       ] GC(1124) Pause Remark
[6720.286s][info][gc             ] GC(1124) Pause Remark 4555M->3883M(8192M) 2.673ms
[6720.286s][info][gc,cpu         ] GC(1124) User=0.02s Sys=0.00s Real=0.00s
[6720.286s][info][gc,marking     ] GC(1124) Concurrent Mark 1064.613ms
[6720.286s][info][gc,marking     ] GC(1124) Concurrent Rebuild Remembered Sets and Scrub Regions
.[6721.042s][info][gc,marking     ] GC(1124) Concurrent Rebuild Remembered Sets and Scrub Regions 755.847ms
[6721.042s][info][gc,start       ] GC(1124) Pause Cleanup
[6721.042s][info][gc             ] GC(1124) Pause Cleanup 4885M->4885M(8192M) 0.259ms
[6721.042s][info][gc,cpu         ] GC(1124) User=0.00s Sys=0.00s Real=0.00s
[6721.043s][info][gc,marking     ] GC(1124) Concurrent Clear Claimed Marks
[6721.043s][info][gc,marking     ] GC(1124) Concurrent Clear Claimed Marks 0.049ms
[6721.043s][info][gc,marking     ] GC(1124) Concurrent Cleanup for Next Mark
[6721.054s][info][gc,marking     ] GC(1124) Concurrent Cleanup for Next Mark 11.661ms
[6721.054s][info][gc             ] GC(1124) Concurrent Mark Cycle 2078.511ms
.[6722.206s][info][gc,start       ] GC(1125) Pause Young (Prepare Mixed) (G1 Evacuation Pause)
[6722.206s][info][gc,task        ] GC(1125) Using 8 workers of 8 for evacuation
[6722.358s][info][gc,phases      ] GC(1125)   Pre Evacuate Collection Set: 0.22ms
[6722.358s][info][gc,phases      ] GC(1125)   Merge Heap Roots: 0.70ms
[6722.358s][info][gc,phases      ] GC(1125)   Evacuate Collection Set: 149.10ms
[6722.358s][info][gc,phases      ] GC(1125)   Post Evacuate Collection Set: 1.12ms
[6722.358s][info][gc,phases      ] GC(1125)   Other: 0.06ms
[6722.358s][info][gc,heap        ] GC(1125) Eden regions: 541->0(572)
[6722.358s][info][gc,heap        ] GC(1125) Survivor regions: 44->42(74)
[6722.358s][info][gc,heap        ] GC(1125) Old regions: 226->234
[6722.358s][info][gc,heap        ] GC(1125) Humongous regions: 33->33
[6722.358s][info][gc,metaspace   ] GC(1125) Metaspace: 30015K(30144K)->30015K(30144K) NonClass: 30015K(30144K)->30015K(30144K) Class: 0K(0K)->0K(0K)
[6722.358s][info][gc             ] GC(1125) Pause Young (Prepare Mixed) (G1 Evacuation Pause) 6735M->2455M(8192M) 151.340ms
[6722.358s][info][gc,cpu         ] GC(1125) User=1.20s Sys=0.00s Real=0.15s
...[6725.232s][info][gc,start       ] GC(1126) Pause Young (Mixed) (G1 Evacuation Pause)
[6725.232s][info][gc,task        ] GC(1126) Using 8 workers of 8 for evacuation
[6725.391s][info][gc,phases      ] GC(1126)   Pre Evacuate Collection Set: 0.27ms
[6725.391s][info][gc,phases      ] GC(1126)   Merge Heap Roots: 0.85ms
[6725.391s][info][gc,phases      ] GC(1126)   Evacuate Collection Set: 156.90ms
[6725.391s][info][gc,phases      ] GC(1126)   Post Evacuate Collection Set: 1.20ms
[6725.391s][info][gc,phases      ] GC(1126)   Other: 0.09ms
[6725.391s][info][gc,heap        ] GC(1126) Eden regions: 572->0(572)
[6725.391s][info][gc,heap        ] GC(1126) Survivor regions: 42->42(77)
[6725.391s][info][gc,heap        ] GC(1126) Old regions: 234->141
[6725.391s][info][gc,heap        ] GC(1126) Humongous regions: 33->33
[6725.391s][info][gc,metaspace   ] GC(1126) Metaspace: 30015K(30144K)->30015K(30144K) NonClass: 30015K(30144K)->30015K(30144K) Class: 0K(0K)->0K(0K)
[6725.391s][info][gc             ] GC(1126) Pause Young (Mixed) (G1 Evacuation Pause) 7031M->1709M(8192M) 159.441ms
[6725.391s][info][gc,cpu         ] GC(1126) User=1.26s Sys=0.00s Real=0.16s
...[6728.670s][info][gc,start       ] GC(1127) Pause Young (Mixed) (G1 Evacuation Pause)
[6728.670s][info][gc,task        ] GC(1127) Using 8 workers of 8 for evacuation
[6728.826s][info][gc,phases      ] GC(1127)   Pre Evacuate Collection Set: 0.24ms
[6728.826s][info][gc,phases      ] GC(1127)   Merge Heap Roots: 0.55ms
[6728.826s][info][gc,phases      ] GC(1127)   Evacuate Collection Set: 154.21ms
[6728.826s][info][gc,phases      ] GC(1127)   Post Evacuate Collection Set: 1.03ms
[6728.826s][info][gc,phases      ] GC(1127)   Other: 0.08ms
[6728.826s][info][gc,heap        ] GC(1127) Eden regions: 572->0(570)
[6728.826s][info][gc,heap        ] GC(1127) Survivor regions: 42->44(77)
[6728.826s][info][gc,heap        ] GC(1127) Old regions: 141->144
[6728.826s][info][gc,heap        ] GC(1127) Humongous regions: 33->33
[6728.826s][info][gc,metaspace   ] GC(1127) Metaspace: 30015K(30144K)->30015K(30144K) NonClass: 30015K(30144K)->30015K(30144K) Class: 0K(0K)->0K(0K)
[6728.826s][info][gc             ] GC(1127) Pause Young (Mixed) (G1 Evacuation Pause) 6285M->1752M(8192M) 156.237ms
[6728.826s][info][gc,cpu         ] GC(1127) User=1.24s Sys=0.00s Real=0.15s
.|...[6732.053s][info][gc,start       ] GC(1128) Pause Young (Normal) (G1 Evacuation Pause)
[6732.053s][info][gc,task        ] GC(1128) Using 8 workers of 8 for evacuation
[6732.207s][info][gc,phases      ] GC(1128)   Pre Evacuate Collection Set: 0.23ms
[6732.207s][info][gc,phases      ] GC(1128)   Merge Heap Roots: 0.49ms
[6732.207s][info][gc,phases      ] GC(1128)   Evacuate Collection Set: 151.26ms
[6732.207s][info][gc,phases      ] GC(1128)   Post Evacuate Collection Set: 1.05ms
[6732.207s][info][gc,phases      ] GC(1128)   Other: 0.06ms
[6732.207s][info][gc,heap        ] GC(1128) Eden regions: 570->0(570)
[6732.207s][info][gc,heap        ] GC(1128) Survivor regions: 44->44(77)
[6732.207s][info][gc,heap        ] GC(1128) Old regions: 144->151
[6732.207s][info][gc,heap        ] GC(1128) Humongous regions: 33->33
[6732.207s][info][gc,metaspace   ] GC(1128) Metaspace: 30015K(30144K)->30015K(30144K) NonClass: 30015K(30144K)->30015K(30144K) Class: 0K(0K)->0K(0K)
[6732.207s][info][gc             ] GC(1128) Pause Young (Normal) (G1 Evacuation Pause) 6312M->1810M(8192M) 153.211ms
[6732.207s][info][gc,cpu         ] GC(1128) User=1.21s Sys=0.01s Real=0.15s
...[6735.391s][info][gc,start       ] GC(1129) Pause Young (Normal) (G1 Evacuation Pause)
[6735.391s][info][gc,task        ] GC(1129) Using 8 workers of 8 for evacuation
[6735.545s][info][gc,phases      ] GC(1129)   Pre Evacuate Collection Set: 0.25ms
[6735.545s][info][gc,phases      ] GC(1129)   Merge Heap Roots: 0.48ms
[6735.545s][info][gc,phases      ] GC(1129)   Evacuate Collection Set: 152.50ms
[6735.545s][info][gc,phases      ] GC(1129)   Post Evacuate Collection Set: 1.02ms
[6735.545s][info][gc,phases      ] GC(1129)   Other: 0.06ms
[6735.545s][info][gc,heap        ] GC(1129) Eden regions: 570->0(570)
[6735.545s][info][gc,heap        ] GC(1129) Survivor regions: 44->44(77)
[6735.545s][info][gc,heap        ] GC(1129) Old regions: 151->159
[6735.545s][info][gc,heap        ] GC(1129) Humongous regions: 33->33
[6735.545s][info][gc,metaspace   ] GC(1129) Metaspace: 30015K(30144K)->30015K(30144K) NonClass: 30015K(30144K)->30015K(30144K) Class: 0K(0K)->0K(0K)
[6735.545s][info][gc             ] GC(1129) Pause Young (Normal) (G1 Evacuation Pause) 6370M->1871M(8192M) 154.434ms
[6735.545s][info][gc,cpu         ] GC(1129) User=1.22s Sys=0.00s Real=0.15s
...[6738.775s][info][gc,start       ] GC(1130) Pause Young (Normal) (G1 Evacuation Pause)
[6738.775s][info][gc,task        ] GC(1130) Using 8 workers of 8 for evacuation
[6738.930s][info][gc,phases      ] GC(1130)   Pre Evacuate Collection Set: 0.25ms
[6738.930s][info][gc,phases      ] GC(1130)   Merge Heap Roots: 0.50ms
[6738.930s][info][gc,phases      ] GC(1130)   Evacuate Collection Set: 153.31ms
[6738.930s][info][gc,phases      ] GC(1130)   Post Evacuate Collection Set: 1.01ms
[6738.930s][info][gc,phases      ] GC(1130)   Other: 0.06ms
[6738.930s][info][gc,heap        ] GC(1130) Eden regions: 570->0(570)
[6738.930s][info][gc,heap        ] GC(1130) Survivor regions: 44->44(77)
[6738.930s][info][gc,heap        ] GC(1130) Old regions: 159->166
[6738.930s][info][gc,heap        ] GC(1130) Humongous regions: 33->33
[6738.930s][info][gc,metaspace   ] GC(1130) Metaspace: 30015K(30144K)->30015K(30144K) NonClass: 30015K(30144K)->30015K(30144K) Class: 0K(0K)->0K(0K)
[6738.930s][info][gc             ] GC(1130) Pause Young (Normal) (G1 Evacuation Pause) 6431M->1927M(8192M) 155.269ms
[6738.930s][info][gc,cpu         ] GC(1130) User=1.23s Sys=0.00s Real=0.16s
....[6742.162s][info][gc,start       ] GC(1131) Pause Young (Normal) (G1 Evacuation Pause)
[6742.162s][info][gc,task        ] GC(1131) Using 8 workers of 8 for evacuation
[6742.314s][info][gc,phases      ] GC(1131)   Pre Evacuate Collection Set: 0.23ms
[6742.314s][info][gc,phases      ] GC(1131)   Merge Heap Roots: 0.48ms
[6742.314s][info][gc,phases      ] GC(1131)   Evacuate Collection Set: 150.20ms
[6742.314s][info][gc,phases      ] GC(1131)   Post Evacuate Collection Set: 1.03ms
[6742.314s][info][gc,phases      ] GC(1131)   Other: 0.06ms
[6742.314s][info][gc,heap        ] GC(1131) Eden regions: 570->0(570)
[6742.314s][info][gc,heap        ] GC(1131) Survivor regions: 44->44(77)
[6742.314s][info][gc,heap        ] GC(1131) Old regions: 166->173
[6742.314s][info][gc,heap        ] GC(1131) Humongous regions: 33->33
[6742.314s][info][gc,metaspace   ] GC(1131) Metaspace: 30015K(30144K)->30015K(30144K) NonClass: 30015K(30144K)->30015K(30144K) Class: 0K(0K)->0K(0K)
[6742.314s][info][gc             ] GC(1131) Pause Young (Normal) (G1 Evacuation Pause) 6487M->1987M(8192M) 152.121ms
[6742.314s][info][gc,cpu         ] GC(1131) User=1.21s Sys=0.00s Real=0.15s
...[6745.582s][info][gc,start       ] GC(1132) Pause Young (Normal) (G1 Evacuation Pause)
[6745.582s][info][gc,task        ] GC(1132) Using 8 workers of 8 for evacuation
[6745.735s][info][gc,phases      ] GC(1132)   Pre Evacuate Collection Set: 0.22ms
[6745.735s][info][gc,phases      ] GC(1132)   Merge Heap Roots: 0.49ms
[6745.735s][info][gc,phases      ] GC(1132)   Evacuate Collection Set: 151.39ms
[6745.735s][info][gc,phases      ] GC(1132)   Post Evacuate Collection Set: 1.03ms
[6745.735s][info][gc,phases      ] GC(1132)   Other: 0.06ms
[6745.735s][info][gc,heap        ] GC(1132) Eden regions: 570->0(570)
[6745.735s][info][gc,heap        ] GC(1132) Survivor regions: 44->44(77)
[6745.735s][info][gc,heap        ] GC(1132) Old regions: 173->181
[6745.735s][info][gc,heap        ] GC(1132) Humongous regions: 33->33
[6745.735s][info][gc,metaspace   ] GC(1132) Metaspace: 30015K(30144K)->30015K(30144K) NonClass: 30015K(30144K)->30015K(30144K) Class: 0K(0K)->0K(0K)
[6745.735s][info][gc             ] GC(1132) Pause Young (Normal) (G1 Evacuation Pause) 6547M->2043M(8192M) 153.342ms
[6745.735s][info][gc,cpu         ] GC(1132) User=1.21s Sys=0.00s Real=0.15s
....[6749.055s][info][gc,start       ] GC(1133) Pause Young (Normal) (G1 Evacuation Pause)
[6749.055s][info][gc,task        ] GC(1133) Using 8 workers of 8 for evacuation
[6749.215s][info][gc,phases      ] GC(1133)   Pre Evacuate Collection Set: 0.25ms
[6749.215s][info][gc,phases      ] GC(1133)   Merge Heap Roots: 0.49ms
[6749.215s][info][gc,phases      ] GC(1133)   Evacuate Collection Set: 157.40ms
[6749.215s][info][gc,phases      ] GC(1133)   Post Evacuate Collection Set: 1.03ms
[6749.215s][info][gc,phases      ] GC(1133)   Other: 0.06ms
[6749.215s][info][gc,heap        ] GC(1133) Eden regions: 570->0(568)
[6749.215s][info][gc,heap        ] GC(1133) Survivor regions: 44->46(77)
[6749.215s][info][gc,heap        ] GC(1133) Old regions: 181->188
[6749.215s][info][gc,heap        ] GC(1133) Humongous regions: 33->33
[6749.215s][info][gc,metaspace   ] GC(1133) Metaspace: 30015K(30144K)->30015K(30144K) NonClass: 30015K(30144K)->30015K(30144K) Class: 0K(0K)->0K(0K)
[6749.215s][info][gc             ] GC(1133) Pause Young (Normal) (G1 Evacuation Pause) 6603M->2123M(8192M) 159.360ms
[6749.215s][info][gc,cpu         ] GC(1133) User=1.26s Sys=0.00s Real=0.16s
...[6752.302s][info][gc,start       ] GC(1134) Pause Young (Normal) (G1 Evacuation Pause)
[6752.302s][info][gc,task        ] GC(1134) Using 8 workers of 8 for evacuation
[6752.455s][info][gc,phases      ] GC(1134)   Pre Evacuate Collection Set: 0.22ms
[6752.455s][info][gc,phases      ] GC(1134)   Merge Heap Roots: 0.49ms
[6752.455s][info][gc,phases      ] GC(1134)   Evacuate Collection Set: 151.14ms
[6752.455s][info][gc,phases      ] GC(1134)   Post Evacuate Collection Set: 1.01ms
[6752.455s][info][gc,phases      ] GC(1134)   Other: 0.06ms
[6752.455s][info][gc,heap        ] GC(1134) Eden regions: 568->0(570)
[6752.455s][info][gc,heap        ] GC(1134) Survivor regions: 46->44(77)
[6752.455s][info][gc,heap        ] GC(1134) Old regions: 188->196
[6752.455s][info][gc,heap        ] GC(1134) Humongous regions: 33->33
[6752.455s][info][gc,metaspace   ] GC(1134) Metaspace: 30015K(30144K)->30015K(30144K) NonClass: 30015K(30144K)->30015K(30144K) Class: 0K(0K)->0K(0K)
[6752.455s][info][gc             ] GC(1134) Pause Young (Normal) (G1 Evacuation Pause) 6667M->2166M(8192M) 153.039ms
[6752.455s][info][gc,cpu         ] GC(1134) User=1.20s Sys=0.00s Real=0.15s
...[6755.588s][info][gc,start       ] GC(1135) Pause Young (Normal) (G1 Evacuation Pause)
[6755.588s][info][gc,task        ] GC(1135) Using 8 workers of 8 for evacuation
[6755.737s][info][gc,phases      ] GC(1135)   Pre Evacuate Collection Set: 0.24ms
[6755.737s][info][gc,phases      ] GC(1135)   Merge Heap Roots: 0.48ms
[6755.737s][info][gc,phases      ] GC(1135)   Evacuate Collection Set: 147.68ms
[6755.737s][info][gc,phases      ] GC(1135)   Post Evacuate Collection Set: 1.02ms
[6755.737s][info][gc,phases      ] GC(1135)   Other: 0.06ms
[6755.737s][info][gc,heap        ] GC(1135) Eden regions: 570->0(571)
[6755.737s][info][gc,heap        ] GC(1135) Survivor regions: 44->43(77)
[6755.737s][info][gc,heap        ] GC(1135) Old regions: 196->203
[6755.737s][info][gc,heap        ] GC(1135) Humongous regions: 33->33
[6755.737s][info][gc,metaspace   ] GC(1135) Metaspace: 30015K(30144K)->30015K(30144K) NonClass: 30015K(30144K)->30015K(30144K) Class: 0K(0K)->0K(0K)
[6755.737s][info][gc             ] GC(1135) Pause Young (Normal) (G1 Evacuation Pause) 6726M->2211M(8192M) 149.618ms
[6755.738s][info][gc,cpu         ] GC(1135) User=1.19s Sys=0.00s Real=0.15s
....[6759.037s][info][gc,start       ] GC(1136) Pause Young (Normal) (G1 Evacuation Pause)
[6759.037s][info][gc,task        ] GC(1136) Using 8 workers of 8 for evacuation
[6759.187s][info][gc,phases      ] GC(1136)   Pre Evacuate Collection Set: 0.24ms
[6759.187s][info][gc,phases      ] GC(1136)   Merge Heap Roots: 0.55ms
[6759.187s][info][gc,phases      ] GC(1136)   Evacuate Collection Set: 148.56ms
[6759.187s][info][gc,phases      ] GC(1136)   Post Evacuate Collection Set: 1.03ms
[6759.187s][info][gc,phases      ] GC(1136)   Other: 0.07ms
[6759.187s][info][gc,heap        ] GC(1136) Eden regions: 571->0(571)
[6759.187s][info][gc,heap        ] GC(1136) Survivor regions: 43->43(77)
[6759.187s][info][gc,heap        ] GC(1136) Old regions: 203->210
[6759.187s][info][gc,heap        ] GC(1136) Humongous regions: 33->33
[6759.187s][info][gc,metaspace   ] GC(1136) Metaspace: 30015K(30144K)->30015K(30144K) NonClass: 30015K(30144K)->30015K(30144K) Class: 0K(0K)->0K(0K)
[6759.187s][info][gc             ] GC(1136) Pause Young (Normal) (G1 Evacuation Pause) 6779M->2271M(8192M) 150.586ms
[6759.187s][info][gc,cpu         ] GC(1136) User=1.19s Sys=0.01s Real=0.15s
...[6762.299s][info][gc,start       ] GC(1137) Pause Young (Normal) (G1 Evacuation Pause)
[6762.299s][info][gc,task        ] GC(1137) Using 8 workers of 8 for evacuation
[6762.454s][info][gc,phases      ] GC(1137)   Pre Evacuate Collection Set: 0.23ms
[6762.454s][info][gc,phases      ] GC(1137)   Merge Heap Roots: 0.48ms
[6762.454s][info][gc,phases      ] GC(1137)   Evacuate Collection Set: 153.73ms
[6762.454s][info][gc,phases      ] GC(1137)   Post Evacuate Collection Set: 1.01ms
[6762.454s][info][gc,phases      ] GC(1137)   Other: 0.06ms
[6762.454s][info][gc,heap        ] GC(1137) Eden regions: 571->0(569)
[6762.454s][info][gc,heap        ] GC(1137) Survivor regions: 43->45(77)
[6762.454s][info][gc,heap        ] GC(1137) Old regions: 210->217
[6762.454s][info][gc,heap        ] GC(1137) Humongous regions: 33->33
[6762.454s][info][gc,metaspace   ] GC(1137) Metaspace: 30015K(30144K)->30015K(30144K) NonClass: 30015K(30144K)->30015K(30144K) Class: 0K(0K)->0K(0K)
[6762.454s][info][gc             ] GC(1137) Pause Young (Normal) (G1 Evacuation Pause) 6839M->2339M(8192M) 155.626ms
[6762.454s][info][gc,cpu         ] GC(1137) User=1.23s Sys=0.00s Real=0.16s
...[6765.624s][info][gc,start       ] GC(1138) Pause Young (Normal) (G1 Evacuation Pause)
[6765.624s][info][gc,task        ] GC(1138) Using 8 workers of 8 for evacuation
[6765.775s][info][gc,phases      ] GC(1138)   Pre Evacuate Collection Set: 0.22ms
[6765.775s][info][gc,phases      ] GC(1138)   Merge Heap Roots: 0.50ms
[6765.775s][info][gc,phases      ] GC(1138)   Evacuate Collection Set: 148.94ms
[6765.775s][info][gc,phases      ] GC(1138)   Post Evacuate Collection Set: 1.04ms
[6765.775s][info][gc,phases      ] GC(1138)   Other: 0.06ms
[6765.775s][info][gc,heap        ] GC(1138) Eden regions: 569->0(571)
[6765.775s][info][gc,heap        ] GC(1138) Survivor regions: 45->43(77)
[6765.775s][info][gc,heap        ] GC(1138) Old regions: 217->224
[6765.775s][info][gc,heap        ] GC(1138) Humongous regions: 33->33
[6765.775s][info][gc,metaspace   ] GC(1138) Metaspace: 30015K(30144K)->30015K(30144K) NonClass: 30015K(30144K)->30015K(30144K) Class: 0K(0K)->0K(0K)
[6765.775s][info][gc             ] GC(1138) Pause Young (Normal) (G1 Evacuation Pause) 6891M->2385M(8192M) 150.891ms
[6765.775s][info][gc,cpu         ] GC(1138) User=1.19s Sys=0.00s Real=0.15s
...[6768.906s][info][gc,start       ] GC(1139) Pause Young (Normal) (G1 Evacuation Pause)
[6768.906s][info][gc,task        ] GC(1139) Using 8 workers of 8 for evacuation
[6769.062s][info][gc,phases      ] GC(1139)   Pre Evacuate Collection Set: 0.22ms
[6769.062s][info][gc,phases      ] GC(1139)   Merge Heap Roots: 0.48ms
[6769.062s][info][gc,phases      ] GC(1139)   Evacuate Collection Set: 153.88ms
[6769.062s][info][gc,phases      ] GC(1139)   Post Evacuate Collection Set: 1.02ms
[6769.062s][info][gc,phases      ] GC(1139)   Other: 0.06ms
[6769.062s][info][gc,heap        ] GC(1139) Eden regions: 571->0(570)
[6769.062s][info][gc,heap        ] GC(1139) Survivor regions: 43->44(77)
[6769.062s][info][gc,heap        ] GC(1139) Old regions: 224->231
[6769.062s][info][gc,heap        ] GC(1139) Humongous regions: 33->33
[6769.062s][info][gc,metaspace   ] GC(1139) Metaspace: 30015K(30144K)->30015K(30144K) NonClass: 30015K(30144K)->30015K(30144K) Class: 0K(0K)->0K(0K)
[6769.062s][info][gc             ] GC(1139) Pause Young (Normal) (G1 Evacuation Pause) 6953M->2451M(8192M) 155.810ms
[6769.062s][info][gc,cpu         ] GC(1139) User=1.24s Sys=0.00s Real=0.16s
....[6772.213s][info][gc,start       ] GC(1140) Pause Young (Normal) (G1 Evacuation Pause)
[6772.213s][info][gc,task        ] GC(1140) Using 8 workers of 8 for evacuation
[6772.370s][info][gc,phases      ] GC(1140)   Pre Evacuate Collection Set: 0.22ms
[6772.370s][info][gc,phases      ] GC(1140)   Merge Heap Roots: 0.57ms
[6772.370s][info][gc,phases      ] GC(1140)   Evacuate Collection Set: 154.78ms
[6772.370s][info][gc,phases      ] GC(1140)   Post Evacuate Collection Set: 1.00ms
[6772.370s][info][gc,phases      ] GC(1140)   Other: 0.06ms
[6772.370s][info][gc,heap        ] GC(1140) Eden regions: 570->0(569)
[6772.370s][info][gc,heap        ] GC(1140) Survivor regions: 44->45(77)
[6772.370s][info][gc,heap        ] GC(1140) Old regions: 231->238
[6772.370s][info][gc,heap        ] GC(1140) Humongous regions: 33->33
[6772.370s][info][gc,metaspace   ] GC(1140) Metaspace: 30015K(30144K)->30015K(30144K) NonClass: 30015K(30144K)->30015K(30144K) Class: 0K(0K)->0K(0K)
[6772.370s][info][gc             ] GC(1140) Pause Young (Normal) (G1 Evacuation Pause) 7011M->2515M(8192M) 156.763ms
[6772.370s][info][gc,cpu         ] GC(1140) User=1.25s Sys=0.00s Real=0.15s
...[6775.558s][info][gc,start       ] GC(1141) Pause Young (Normal) (G1 Evacuation Pause)
[6775.558s][info][gc,task        ] GC(1141) Using 8 workers of 8 for evacuation
[6775.713s][info][gc,phases      ] GC(1141)   Pre Evacuate Collection Set: 0.26ms
[6775.713s][info][gc,phases      ] GC(1141)   Merge Heap Roots: 0.50ms
[6775.713s][info][gc,phases      ] GC(1141)   Evacuate Collection Set: 152.73ms
[6775.713s][info][gc,phases      ] GC(1141)   Post Evacuate Collection Set: 1.05ms
[6775.713s][info][gc,phases      ] GC(1141)   Other: 0.06ms
[6775.713s][info][gc,heap        ] GC(1141) Eden regions: 569->0(570)
[6775.713s][info][gc,heap        ] GC(1141) Survivor regions: 45->44(77)
[6775.713s][info][gc,heap        ] GC(1141) Old regions: 238->246
[6775.713s][info][gc,heap        ] GC(1141) Humongous regions: 33->33
[6775.713s][info][gc,metaspace   ] GC(1141) Metaspace: 30015K(30144K)->30015K(30144K) NonClass: 30015K(30144K)->30015K(30144K) Class: 0K(0K)->0K(0K)
[6775.713s][info][gc             ] GC(1141) Pause Young (Normal) (G1 Evacuation Pause) 7067M->2566M(8192M) 154.737ms
[6775.713s][info][gc,cpu         ] GC(1141) User=1.23s Sys=0.00s Real=0.16s
...[6778.926s][info][gc,start       ] GC(1142) Pause Young (Normal) (G1 Evacuation Pause)
[6778.926s][info][gc,task        ] GC(1142) Using 8 workers of 8 for evacuation
[6779.081s][info][gc,phases      ] GC(1142)   Pre Evacuate Collection Set: 0.23ms
[6779.081s][info][gc,phases      ] GC(1142)   Merge Heap Roots: 0.49ms
[6779.081s][info][gc,phases      ] GC(1142)   Evacuate Collection Set: 153.37ms
[6779.081s][info][gc,phases      ] GC(1142)   Post Evacuate Collection Set: 1.05ms
[6779.081s][info][gc,phases      ] GC(1142)   Other: 0.07ms
[6779.081s][info][gc,heap        ] GC(1142) Eden regions: 570->0(570)
[6779.081s][info][gc,heap        ] GC(1142) Survivor regions: 44->44(77)
[6779.081s][info][gc,heap        ] GC(1142) Old regions: 246->253
[6779.081s][info][gc,heap        ] GC(1142) Humongous regions: 33->33
[6779.081s][info][gc,metaspace   ] GC(1142) Metaspace: 30015K(30144K)->30015K(30144K) NonClass: 30015K(30144K)->30015K(30144K) Class: 0K(0K)->0K(0K)
[6779.081s][info][gc             ] GC(1142) Pause Young (Normal) (G1 Evacuation Pause) 7126M->2622M(8192M) 155.342ms
[6779.081s][info][gc,cpu         ] GC(1142) User=1.23s Sys=0.00s Real=0.16s
....[6782.261s][info][gc,start       ] GC(1143) Pause Young (Normal) (G1 Evacuation Pause)
[6782.261s][info][gc,task        ] GC(1143) Using 8 workers of 8 for evacuation
[6782.412s][info][gc,phases      ] GC(1143)   Pre Evacuate Collection Set: 0.23ms
[6782.412s][info][gc,phases      ] GC(1143)   Merge Heap Roots: 0.49ms
[6782.412s][info][gc,phases      ] GC(1143)   Evacuate Collection Set: 149.40ms
[6782.412s][info][gc,phases      ] GC(1143)   Post Evacuate Collection Set: 1.02ms
[6782.412s][info][gc,phases      ] GC(1143)   Other: 0.06ms
[6782.412s][info][gc,heap        ] GC(1143) Eden regions: 570->0(570)
[6782.412s][info][gc,heap        ] GC(1143) Survivor regions: 44->44(77)
[6782.412s][info][gc,heap        ] GC(1143) Old regions: 253->260
[6782.412s][info][gc,heap        ] GC(1143) Humongous regions: 33->33
[6782.412s][info][gc,metaspace   ] GC(1143) Metaspace: 30015K(30144K)->30015K(30144K) NonClass: 30015K(30144K)->30015K(30144K) Class: 0K(0K)->0K(0K)
[6782.412s][info][gc             ] GC(1143) Pause Young (Normal) (G1 Evacuation Pause) 7182M->2679M(8192M) 151.331ms
[6782.412s][info][gc,cpu         ] GC(1143) User=1.20s Sys=0.00s Real=0.15s
...[6785.649s][info][gc,start       ] GC(1144) Pause Young (Normal) (G1 Evacuation Pause)
[6785.649s][info][gc,task        ] GC(1144) Using 8 workers of 8 for evacuation
[6785.799s][info][gc,phases      ] GC(1144)   Pre Evacuate Collection Set: 0.23ms
[6785.799s][info][gc,phases      ] GC(1144)   Merge Heap Roots: 0.51ms
[6785.799s][info][gc,phases      ] GC(1144)   Evacuate Collection Set: 147.87ms
[6785.799s][info][gc,phases      ] GC(1144)   Post Evacuate Collection Set: 1.02ms
[6785.799s][info][gc,phases      ] GC(1144)   Other: 0.06ms
[6785.799s][info][gc,heap        ] GC(1144) Eden regions: 570->0(571)
[6785.799s][info][gc,heap        ] GC(1144) Survivor regions: 44->43(77)
[6785.799s][info][gc,heap        ] GC(1144) Old regions: 260->267
[6785.799s][info][gc,heap        ] GC(1144) Humongous regions: 33->33
[6785.799s][info][gc,metaspace   ] GC(1144) Metaspace: 30015K(30144K)->30015K(30144K) NonClass: 30015K(30144K)->30015K(30144K) Class: 0K(0K)->0K(0K)
[6785.799s][info][gc             ] GC(1144) Pause Young (Normal) (G1 Evacuation Pause) 7239M->2730M(8192M) 149.811ms
[6785.799s][info][gc,cpu         ] GC(1144) User=1.19s Sys=0.00s Real=0.15s
...[6788.975s][info][gc,start       ] GC(1145) Pause Young (Normal) (G1 Evacuation Pause)
[6788.975s][info][gc,task        ] GC(1145) Using 8 workers of 8 for evacuation
[6789.127s][info][gc,phases      ] GC(1145)   Pre Evacuate Collection Set: 0.24ms
[6789.127s][info][gc,phases      ] GC(1145)   Merge Heap Roots: 0.50ms
[6789.127s][info][gc,phases      ] GC(1145)   Evacuate Collection Set: 149.76ms
[6789.127s][info][gc,phases      ] GC(1145)   Post Evacuate Collection Set: 1.03ms
[6789.127s][info][gc,phases      ] GC(1145)   Other: 0.06ms
[6789.127s][info][gc,heap        ] GC(1145) Eden regions: 571->0(570)
[6789.127s][info][gc,heap        ] GC(1145) Survivor regions: 43->44(77)
[6789.127s][info][gc,heap        ] GC(1145) Old regions: 267->274
[6789.127s][info][gc,heap        ] GC(1145) Humongous regions: 33->33
[6789.127s][info][gc,metaspace   ] GC(1145) Metaspace: 30015K(30144K)->30015K(30144K) NonClass: 30015K(30144K)->30015K(30144K) Class: 0K(0K)->0K(0K)
[6789.127s][info][gc             ] GC(1145) Pause Young (Normal) (G1 Evacuation Pause) 7298M->2791M(8192M) 151.716ms
[6789.127s][info][gc,cpu         ] GC(1145) User=1.20s Sys=0.00s Real=0.15s
. (rIR:aIR:PR = 11485:11463:11468) (tPR = 170758) [OK] 
  6789s: Performance info:
         Transaction,    Success,    Partial,     Failed,   Receipts, AvgBarcode, 
             Overall,     691585,          0,          0,     657055,      59.48, 
         Response times:
             Request,    Success,    Partial,     Failed,   SkipFail,     Probes,    Samples,      min,      p50,      p90,      p95,      p99,      max, 
       TotalPurchase,     656767,          0,          0,          0,     356334,     509625,      300,    10300,    80000,   131000,   203000,  2600000,
     InStorePurchase,     343177,          0,          0,          0,     186781,     267476,      300,    10300,    81000,   131000,   202000,  2600000,
      OnlinePurchase,     243459,          0,          0,          0,     131729,     188090,      300,    10200,    80000,   131000,   203000,  2600000,
        InstPurchase,      70131,          0,          0,          0,      37824,      54059,      400,    10400,    79000,   132000,   211000,  2400000,
          AssocOfCat,        690,          0,          0,          0,        563,        955,    32000,    67000,   150000,   208000,   268320,   416000,
      AssocOfProduct,       6932,          0,          0,          0,       4177,       6206,      600,    10200,    75000,   120000,   214930,  2600000,
      BusinessReport,       1727,          0,          0,          0,       1569,       2420,    32000,    70000,   156900,   211000,   292320,   680000,
          CustBuyBeh,       6918,          0,          0,          0,       4244,       6398,      200,    10200,    80000,   129000,   207000,  2600000,
       ProductReturn,      18269,          0,          0,          0,       9327,      13612,      200,     9800,    76000,   127000,   203870,  1600000,

  6789s: (84%)   IR =  11623 ..[6792.302s][info][gc,start       ] GC(1146) Pause Young (Normal) (G1 Evacuation Pause)
[6792.302s][info][gc,task        ] GC(1146) Using 8 workers of 8 for evacuation
[6792.453s][info][gc,phases      ] GC(1146)   Pre Evacuate Collection Set: 0.24ms
[6792.453s][info][gc,phases      ] GC(1146)   Merge Heap Roots: 0.49ms
[6792.453s][info][gc,phases      ] GC(1146)   Evacuate Collection Set: 148.16ms
[6792.453s][info][gc,phases      ] GC(1146)   Post Evacuate Collection Set: 1.08ms
[6792.453s][info][gc,phases      ] GC(1146)   Other: 0.06ms
[6792.453s][info][gc,heap        ] GC(1146) Eden regions: 570->0(571)
[6792.453s][info][gc,heap        ] GC(1146) Survivor regions: 44->43(77)
[6792.453s][info][gc,heap        ] GC(1146) Old regions: 274->281
[6792.453s][info][gc,heap        ] GC(1146) Humongous regions: 33->33
[6792.453s][info][gc,metaspace   ] GC(1146) Metaspace: 30015K(30144K)->30015K(30144K) NonClass: 30015K(30144K)->30015K(30144K) Class: 0K(0K)->0K(0K)
[6792.453s][info][gc             ] GC(1146) Pause Young (Normal) (G1 Evacuation Pause) 7351M->2843M(8192M) 150.171ms
[6792.453s][info][gc,cpu         ] GC(1146) User=1.19s Sys=0.00s Real=0.15s
....[6795.707s][info][gc,start       ] GC(1147) Pause Young (Normal) (G1 Evacuation Pause)
[6795.708s][info][gc,task        ] GC(1147) Using 8 workers of 8 for evacuation
[6795.856s][info][gc,phases      ] GC(1147)   Pre Evacuate Collection Set: 0.24ms
[6795.856s][info][gc,phases      ] GC(1147)   Merge Heap Roots: 0.49ms
[6795.856s][info][gc,phases      ] GC(1147)   Evacuate Collection Set: 146.76ms
[6795.856s][info][gc,phases      ] GC(1147)   Post Evacuate Collection Set: 1.02ms
[6795.856s][info][gc,phases      ] GC(1147)   Other: 0.06ms
[6795.856s][info][gc,heap        ] GC(1147) Eden regions: 571->0(564)
[6795.856s][info][gc,heap        ] GC(1147) Survivor regions: 43->43(77)
[6795.856s][info][gc,heap        ] GC(1147) Old regions: 281->289
[6795.856s][info][gc,heap        ] GC(1147) Humongous regions: 33->33
[6795.856s][info][gc,metaspace   ] GC(1147) Metaspace: 30015K(30144K)->30015K(30144K) NonClass: 30015K(30144K)->30015K(30144K) Class: 0K(0K)->0K(0K)
[6795.856s][info][gc             ] GC(1147) Pause Young (Normal) (G1 Evacuation Pause) 7411M->2901M(8192M) 148.702ms
[6795.856s][info][gc,cpu         ] GC(1147) User=1.18s Sys=0.00s Real=0.15s
...[6798.987s][info][gc,start       ] GC(1148) Pause Young (Normal) (G1 Evacuation Pause)
[6798.987s][info][gc,task        ] GC(1148) Using 8 workers of 8 for evacuation
[6799.146s][info][gc,phases      ] GC(1148)   Pre Evacuate Collection Set: 0.24ms
[6799.146s][info][gc,phases      ] GC(1148)   Merge Heap Roots: 0.57ms
[6799.146s][info][gc,phases      ] GC(1148)   Evacuate Collection Set: 157.01ms
[6799.146s][info][gc,phases      ] GC(1148)   Post Evacuate Collection Set: 1.01ms
[6799.146s][info][gc,phases      ] GC(1148)   Other: 0.06ms
[6799.146s][info][gc,heap        ] GC(1148) Eden regions: 564->0(551)
[6799.146s][info][gc,heap        ] GC(1148) Survivor regions: 43->46(76)
[6799.146s][info][gc,heap        ] GC(1148) Old regions: 289->296
[6799.146s][info][gc,heap        ] GC(1148) Humongous regions: 33->33
[6799.146s][info][gc,metaspace   ] GC(1148) Metaspace: 30015K(30144K)->30015K(30144K) NonClass: 30015K(30144K)->30015K(30144K) Class: 0K(0K)->0K(0K)
[6799.146s][info][gc             ] GC(1148) Pause Young (Normal) (G1 Evacuation Pause) 7413M->2983M(8192M) 159.032ms
[6799.146s][info][gc,cpu         ] GC(1148) User=1.26s Sys=0.00s Real=0.16s
...[6802.169s][info][gc,start       ] GC(1149) Pause Young (Normal) (G1 Evacuation Pause)
[6802.169s][info][gc,task        ] GC(1149) Using 8 workers of 8 for evacuation
[6802.318s][info][gc,phases      ] GC(1149)   Pre Evacuate Collection Set: 0.23ms
[6802.318s][info][gc,phases      ] GC(1149)   Merge Heap Roots: 0.49ms
[6802.318s][info][gc,phases      ] GC(1149)   Evacuate Collection Set: 146.48ms
[6802.318s][info][gc,phases      ] GC(1149)   Post Evacuate Collection Set: 1.03ms
[6802.318s][info][gc,phases      ] GC(1149)   Other: 0.06ms
[6802.318s][info][gc,heap        ] GC(1149) Eden regions: 551->0(551)
[6802.318s][info][gc,heap        ] GC(1149) Survivor regions: 46->42(75)
[6802.318s][info][gc,heap        ] GC(1149) Old regions: 296->304
[6802.318s][info][gc,heap        ] GC(1149) Humongous regions: 33->33
[6802.318s][info][gc,metaspace   ] GC(1149) Metaspace: 30015K(30144K)->30015K(30144K) NonClass: 30015K(30144K)->30015K(30144K) Class: 0K(0K)->0K(0K)
[6802.318s][info][gc             ] GC(1149) Pause Young (Normal) (G1 Evacuation Pause) 7391M->3018M(8192M) 148.424ms
[6802.318s][info][gc,cpu         ] GC(1149) User=1.17s Sys=0.00s Real=0.15s
...[6805.421s][info][gc,start       ] GC(1150) Pause Young (Concurrent Start) (G1 Evacuation Pause)
[6805.421s][info][gc,task        ] GC(1150) Using 8 workers of 8 for evacuation
[6805.576s][info][gc,phases      ] GC(1150)   Pre Evacuate Collection Set: 0.29ms
[6805.576s][info][gc,phases      ] GC(1150)   Merge Heap Roots: 0.51ms
[6805.576s][info][gc,phases      ] GC(1150)   Evacuate Collection Set: 153.34ms
[6805.576s][info][gc,phases      ] GC(1150)   Post Evacuate Collection Set: 1.00ms
[6805.576s][info][gc,phases      ] GC(1150)   Other: 0.08ms
[6805.576s][info][gc,heap        ] GC(1150) Eden regions: 551->0(540)
[6805.576s][info][gc,heap        ] GC(1150) Survivor regions: 42->44(75)
[6805.577s][info][gc,heap        ] GC(1150) Old regions: 304->311
[6805.577s][info][gc,heap        ] GC(1150) Humongous regions: 33->33
[6805.577s][info][gc,metaspace   ] GC(1150) Metaspace: 30015K(30144K)->30015K(30144K) NonClass: 30015K(30144K)->30015K(30144K) Class: 0K(0K)->0K(0K)
[6805.577s][info][gc             ] GC(1150) Pause Young (Concurrent Start) (G1 Evacuation Pause) 7426M->3086M(8192M) 155.375ms
[6805.577s][info][gc,cpu         ] GC(1150) User=1.23s Sys=0.00s Real=0.15s
[6805.577s][info][gc             ] GC(1151) Concurrent Mark Cycle
[6805.577s][info][gc,marking     ] GC(1151) Concurrent Scan Root Regions
.[6806.014s][info][gc,marking     ] GC(1151) Concurrent Scan Root Regions 437.112ms
[6806.014s][info][gc,marking     ] GC(1151) Concurrent Mark
[6806.014s][info][gc,marking     ] GC(1151) Concurrent Mark From Roots
[6806.014s][info][gc,task        ] GC(1151) Using 2 workers of 2 for marking
.[6807.094s][info][gc,marking     ] GC(1151) Concurrent Mark From Roots 1080.082ms
[6807.094s][info][gc,marking     ] GC(1151) Concurrent Preclean
[6807.094s][info][gc,marking     ] GC(1151) Concurrent Preclean 0.121ms
[6807.094s][info][gc,start       ] GC(1151) Pause Remark
[6807.097s][info][gc             ] GC(1151) Pause Remark 4870M->4254M(8192M) 2.469ms
[6807.097s][info][gc,cpu         ] GC(1151) User=0.02s Sys=0.00s Real=0.00s
[6807.097s][info][gc,marking     ] GC(1151) Concurrent Mark 1082.997ms
[6807.097s][info][gc,marking     ] GC(1151) Concurrent Rebuild Remembered Sets and Scrub Regions
.[6807.929s][info][gc,marking     ] GC(1151) Concurrent Rebuild Remembered Sets and Scrub Regions 831.676ms
[6807.929s][info][gc,start       ] GC(1151) Pause Cleanup
[6807.929s][info][gc             ] GC(1151) Pause Cleanup 5320M->5320M(8192M) 0.250ms
[6807.929s][info][gc,cpu         ] GC(1151) User=0.00s Sys=0.00s Real=0.00s
[6807.929s][info][gc,marking     ] GC(1151) Concurrent Clear Claimed Marks
[6807.929s][info][gc,marking     ] GC(1151) Concurrent Clear Claimed Marks 0.041ms
[6807.929s][info][gc,marking     ] GC(1151) Concurrent Cleanup for Next Mark
[6807.940s][info][gc,marking     ] GC(1151) Concurrent Cleanup for Next Mark 10.669ms
[6807.940s][info][gc             ] GC(1151) Concurrent Mark Cycle 2363.174ms
.[6808.813s][info][gc,start       ] GC(1152) Pause Young (Prepare Mixed) (G1 Evacuation Pause)
[6808.813s][info][gc,task        ] GC(1152) Using 8 workers of 8 for evacuation
[6808.962s][info][gc,phases      ] GC(1152)   Pre Evacuate Collection Set: 0.25ms
[6808.962s][info][gc,phases      ] GC(1152)   Merge Heap Roots: 0.68ms
[6808.962s][info][gc,phases      ] GC(1152)   Evacuate Collection Set: 147.12ms
[6808.962s][info][gc,phases      ] GC(1152)   Post Evacuate Collection Set: 1.06ms
[6808.962s][info][gc,phases      ] GC(1152)   Other: 0.07ms
[6808.962s][info][gc,heap        ] GC(1152) Eden regions: 540->0(571)
[6808.962s][info][gc,heap        ] GC(1152) Survivor regions: 44->43(73)
[6808.962s][info][gc,heap        ] GC(1152) Old regions: 234->242
[6808.962s][info][gc,heap        ] GC(1152) Humongous regions: 33->33
[6808.962s][info][gc,metaspace   ] GC(1152) Metaspace: 30015K(30144K)->30015K(30144K) NonClass: 30015K(30144K)->30015K(30144K) Class: 0K(0K)->0K(0K)
[6808.962s][info][gc             ] GC(1152) Pause Young (Prepare Mixed) (G1 Evacuation Pause) 6790M->2526M(8192M) 149.318ms
[6808.962s][info][gc,cpu         ] GC(1152) User=1.18s Sys=0.00s Real=0.15s
...[6811.735s][info][gc,start       ] GC(1153) Pause Young (Mixed) (G1 Evacuation Pause)
[6811.735s][info][gc,task        ] GC(1153) Using 8 workers of 8 for evacuation
[6811.899s][info][gc,phases      ] GC(1153)   Pre Evacuate Collection Set: 0.25ms
[6811.899s][info][gc,phases      ] GC(1153)   Merge Heap Roots: 0.80ms
[6811.899s][info][gc,phases      ] GC(1153)   Evacuate Collection Set: 161.15ms
[6811.899s][info][gc,phases      ] GC(1153)   Post Evacuate Collection Set: 1.24ms
[6811.899s][info][gc,phases      ] GC(1153)   Other: 0.07ms
[6811.899s][info][gc,heap        ] GC(1153) Eden regions: 571->0(569)
[6811.899s][info][gc,heap        ] GC(1153) Survivor regions: 43->45(77)
[6811.899s][info][gc,heap        ] GC(1153) Old regions: 242->147
[6811.899s][info][gc,heap        ] GC(1153) Humongous regions: 33->33
[6811.899s][info][gc,metaspace   ] GC(1153) Metaspace: 30015K(30144K)->30015K(30144K) NonClass: 30015K(30144K)->30015K(30144K) Class: 0K(0K)->0K(0K)
[6811.899s][info][gc             ] GC(1153) Pause Young (Mixed) (G1 Evacuation Pause) 7094M->1783M(8192M) 163.636ms
[6811.899s][info][gc,cpu         ] GC(1153) User=1.30s Sys=0.00s Real=0.16s
..|.[6815.030s][info][gc,start       ] GC(1154) Pause Young (Mixed) (G1 Evacuation Pause)
[6815.030s][info][gc,task        ] GC(1154) Using 8 workers of 8 for evacuation
[6815.190s][info][gc,phases      ] GC(1154)   Pre Evacuate Collection Set: 0.24ms
[6815.190s][info][gc,phases      ] GC(1154)   Merge Heap Roots: 0.69ms
[6815.190s][info][gc,phases      ] GC(1154)   Evacuate Collection Set: 158.48ms
[6815.190s][info][gc,phases      ] GC(1154)   Post Evacuate Collection Set: 1.04ms
[6815.190s][info][gc,phases      ] GC(1154)   Other: 0.07ms
[6815.190s][info][gc,heap        ] GC(1154) Eden regions: 569->0(570)
[6815.190s][info][gc,heap        ] GC(1154) Survivor regions: 45->44(77)
[6815.190s][info][gc,heap        ] GC(1154) Old regions: 147->143
[6815.190s][info][gc,heap        ] GC(1154) Humongous regions: 33->33
[6815.191s][info][gc,metaspace   ] GC(1154) Metaspace: 30015K(30144K)->30015K(30144K) NonClass: 30015K(30144K)->30015K(30144K) Class: 0K(0K)->0K(0K)
[6815.191s][info][gc             ] GC(1154) Pause Young (Mixed) (G1 Evacuation Pause) 6335M->1744M(8192M) 160.638ms
[6815.191s][info][gc,cpu         ] GC(1154) User=1.28s Sys=0.00s Real=0.16s
...[6818.262s][info][gc,start       ] GC(1155) Pause Young (Normal) (G1 Evacuation Pause)
[6818.262s][info][gc,task        ] GC(1155) Using 8 workers of 8 for evacuation
[6818.413s][info][gc,phases      ] GC(1155)   Pre Evacuate Collection Set: 0.23ms
[6818.413s][info][gc,phases      ] GC(1155)   Merge Heap Roots: 0.49ms
[6818.413s][info][gc,phases      ] GC(1155)   Evacuate Collection Set: 150.01ms
[6818.413s][info][gc,phases      ] GC(1155)   Post Evacuate Collection Set: 1.01ms
[6818.413s][info][gc,phases      ] GC(1155)   Other: 0.08ms
[6818.413s][info][gc,heap        ] GC(1155) Eden regions: 570->0(571)
[6818.413s][info][gc,heap        ] GC(1155) Survivor regions: 44->43(77)
[6818.413s][info][gc,heap        ] GC(1155) Old regions: 143->150
[6818.413s][info][gc,heap        ] GC(1155) Humongous regions: 33->33
[6818.413s][info][gc,metaspace   ] GC(1155) Metaspace: 30015K(30144K)->30015K(30144K) NonClass: 30015K(30144K)->30015K(30144K) Class: 0K(0K)->0K(0K)
[6818.414s][info][gc             ] GC(1155) Pause Young (Normal) (G1 Evacuation Pause) 6304M->1791M(8192M) 151.947ms
[6818.414s][info][gc,cpu         ] GC(1155) User=1.20s Sys=0.00s Real=0.15s
....[6821.650s][info][gc,start       ] GC(1156) Pause Young (Normal) (G1 Evacuation Pause)
[6821.650s][info][gc,task        ] GC(1156) Using 8 workers of 8 for evacuation
[6821.804s][info][gc,phases      ] GC(1156)   Pre Evacuate Collection Set: 0.22ms
[6821.804s][info][gc,phases      ] GC(1156)   Merge Heap Roots: 0.49ms
[6821.804s][info][gc,phases      ] GC(1156)   Evacuate Collection Set: 152.43ms
[6821.804s][info][gc,phases      ] GC(1156)   Post Evacuate Collection Set: 1.01ms
[6821.804s][info][gc,phases      ] GC(1156)   Other: 0.06ms
[6821.804s][info][gc,heap        ] GC(1156) Eden regions: 571->0(570)
[6821.804s][info][gc,heap        ] GC(1156) Survivor regions: 43->44(77)
[6821.804s][info][gc,heap        ] GC(1156) Old regions: 150->158
[6821.804s][info][gc,heap        ] GC(1156) Humongous regions: 33->33
[6821.804s][info][gc,metaspace   ] GC(1156) Metaspace: 30015K(30144K)->30015K(30144K) NonClass: 30015K(30144K)->30015K(30144K) Class: 0K(0K)->0K(0K)
[6821.804s][info][gc             ] GC(1156) Pause Young (Normal) (G1 Evacuation Pause) 6359M->1861M(8192M) 154.335ms
[6821.804s][info][gc,cpu         ] GC(1156) User=1.22s Sys=0.00s Real=0.15s
...[6824.949s][info][gc,start       ] GC(1157) Pause Young (Normal) (G1 Evacuation Pause)
[6824.949s][info][gc,task        ] GC(1157) Using 8 workers of 8 for evacuation
[6825.108s][info][gc,phases      ] GC(1157)   Pre Evacuate Collection Set: 0.23ms
[6825.108s][info][gc,phases      ] GC(1157)   Merge Heap Roots: 0.49ms
[6825.108s][info][gc,phases      ] GC(1157)   Evacuate Collection Set: 156.41ms
[6825.108s][info][gc,phases      ] GC(1157)   Post Evacuate Collection Set: 1.01ms
[6825.108s][info][gc,phases      ] GC(1157)   Other: 0.07ms
[6825.108s][info][gc,heap        ] GC(1157) Eden regions: 570->0(569)
[6825.108s][info][gc,heap        ] GC(1157) Survivor regions: 44->45(77)
[6825.108s][info][gc,heap        ] GC(1157) Old regions: 158->165
[6825.108s][info][gc,heap        ] GC(1157) Humongous regions: 33->33
[6825.108s][info][gc,metaspace   ] GC(1157) Metaspace: 30015K(30144K)->30015K(30144K) NonClass: 30015K(30144K)->30015K(30144K) Class: 0K(0K)->0K(0K)
[6825.108s][info][gc             ] GC(1157) Pause Young (Normal) (G1 Evacuation Pause) 6421M->1923M(8192M) 158.348ms
[6825.108s][info][gc,cpu         ] GC(1157) User=1.25s Sys=0.00s Real=0.16s
...[6828.314s][info][gc,start       ] GC(1158) Pause Young (Normal) (G1 Evacuation Pause)
[6828.314s][info][gc,task        ] GC(1158) Using 8 workers of 8 for evacuation
[6828.462s][info][gc,phases      ] GC(1158)   Pre Evacuate Collection Set: 0.23ms
[6828.462s][info][gc,phases      ] GC(1158)   Merge Heap Roots: 0.49ms
[6828.462s][info][gc,phases      ] GC(1158)   Evacuate Collection Set: 146.36ms
[6828.462s][info][gc,phases      ] GC(1158)   Post Evacuate Collection Set: 1.03ms
[6828.462s][info][gc,phases      ] GC(1158)   Other: 0.07ms
[6828.462s][info][gc,heap        ] GC(1158) Eden regions: 569->0(572)
[6828.462s][info][gc,heap        ] GC(1158) Survivor regions: 45->42(77)
[6828.462s][info][gc,heap        ] GC(1158) Old regions: 165->172
[6828.462s][info][gc,heap        ] GC(1158) Humongous regions: 33->33
[6828.462s][info][gc,metaspace   ] GC(1158) Metaspace: 30015K(30144K)->30015K(30144K) NonClass: 30015K(30144K)->30015K(30144K) Class: 0K(0K)->0K(0K)
[6828.462s][info][gc             ] GC(1158) Pause Young (Normal) (G1 Evacuation Pause) 6475M->1961M(8192M) 148.327ms
[6828.462s][info][gc,cpu         ] GC(1158) User=1.17s Sys=0.01s Real=0.15s
....[6831.599s][info][gc,start       ] GC(1159) Pause Young (Normal) (G1 Evacuation Pause)
[6831.599s][info][gc,task        ] GC(1159) Using 8 workers of 8 for evacuation
[6831.748s][info][gc,phases      ] GC(1159)   Pre Evacuate Collection Set: 0.26ms
[6831.748s][info][gc,phases      ] GC(1159)   Merge Heap Roots: 0.49ms
[6831.748s][info][gc,phases      ] GC(1159)   Evacuate Collection Set: 146.38ms
[6831.748s][info][gc,phases      ] GC(1159)   Post Evacuate Collection Set: 1.01ms
[6831.748s][info][gc,phases      ] GC(1159)   Other: 0.06ms
[6831.748s][info][gc,heap        ] GC(1159) Eden regions: 572->0(571)
[6831.748s][info][gc,heap        ] GC(1159) Survivor regions: 42->43(77)
[6831.748s][info][gc,heap        ] GC(1159) Old regions: 172->179
[6831.748s][info][gc,heap        ] GC(1159) Humongous regions: 33->33
[6831.748s][info][gc,metaspace   ] GC(1159) Metaspace: 30015K(30144K)->30015K(30144K) NonClass: 30015K(30144K)->30015K(30144K) Class: 0K(0K)->0K(0K)
[6831.748s][info][gc             ] GC(1159) Pause Young (Normal) (G1 Evacuation Pause) 6537M->2025M(8192M) 148.331ms
[6831.748s][info][gc,cpu         ] GC(1159) User=1.17s Sys=0.00s Real=0.15s
...[6834.854s][info][gc,start       ] GC(1160) Pause Young (Normal) (G1 Evacuation Pause)
[6834.854s][info][gc,task        ] GC(1160) Using 8 workers of 8 for evacuation
[6835.007s][info][gc,phases      ] GC(1160)   Pre Evacuate Collection Set: 0.27ms
[6835.007s][info][gc,phases      ] GC(1160)   Merge Heap Roots: 0.59ms
[6835.007s][info][gc,phases      ] GC(1160)   Evacuate Collection Set: 151.65ms
[6835.007s][info][gc,phases      ] GC(1160)   Post Evacuate Collection Set: 1.01ms
[6835.007s][info][gc,phases      ] GC(1160)   Other: 0.06ms
[6835.007s][info][gc,heap        ] GC(1160) Eden regions: 571->0(570)
[6835.007s][info][gc,heap        ] GC(1160) Survivor regions: 43->44(77)
[6835.007s][info][gc,heap        ] GC(1160) Old regions: 179->186
[6835.007s][info][gc,heap        ] GC(1160) Humongous regions: 33->33
[6835.007s][info][gc,metaspace   ] GC(1160) Metaspace: 30015K(30144K)->30015K(30144K) NonClass: 30015K(30144K)->30015K(30144K) Class: 0K(0K)->0K(0K)
[6835.007s][info][gc             ] GC(1160) Pause Young (Normal) (G1 Evacuation Pause) 6593M->2089M(8192M) 153.706ms
[6835.007s][info][gc,cpu         ] GC(1160) User=1.21s Sys=0.00s Real=0.15s
...[6838.166s][info][gc,start       ] GC(1161) Pause Young (Normal) (G1 Evacuation Pause)
[6838.166s][info][gc,task        ] GC(1161) Using 8 workers of 8 for evacuation
[6838.318s][info][gc,phases      ] GC(1161)   Pre Evacuate Collection Set: 0.25ms
[6838.318s][info][gc,phases      ] GC(1161)   Merge Heap Roots: 0.49ms
[6838.318s][info][gc,phases      ] GC(1161)   Evacuate Collection Set: 149.95ms
[6838.318s][info][gc,phases      ] GC(1161)   Post Evacuate Collection Set: 1.04ms
[6838.318s][info][gc,phases      ] GC(1161)   Other: 0.06ms
[6838.318s][info][gc,heap        ] GC(1161) Eden regions: 570->0(570)
[6838.318s][info][gc,heap        ] GC(1161) Survivor regions: 44->44(77)
[6838.318s][info][gc,heap        ] GC(1161) Old regions: 186->193
[6838.318s][info][gc,heap        ] GC(1161) Humongous regions: 33->33
[6838.318s][info][gc,metaspace   ] GC(1161) Metaspace: 30015K(30144K)->30015K(30144K) NonClass: 30015K(30144K)->30015K(30144K) Class: 0K(0K)->0K(0K)
[6838.318s][info][gc             ] GC(1161) Pause Young (Normal) (G1 Evacuation Pause) 6649M->2147M(8192M) 151.914ms
[6838.318s][info][gc,cpu         ] GC(1161) User=1.20s Sys=0.00s Real=0.15s
...[6841.438s][info][gc,start       ] GC(1162) Pause Young (Normal) (G1 Evacuation Pause)
[6841.438s][info][gc,task        ] GC(1162) Using 8 workers of 8 for evacuation
[6841.591s][info][gc,phases      ] GC(1162)   Pre Evacuate Collection Set: 0.26ms
[6841.591s][info][gc,phases      ] GC(1162)   Merge Heap Roots: 0.49ms
[6841.591s][info][gc,phases      ] GC(1162)   Evacuate Collection Set: 151.83ms
[6841.591s][info][gc,phases      ] GC(1162)   Post Evacuate Collection Set: 1.02ms
[6841.591s][info][gc,phases      ] GC(1162)   Other: 0.06ms
[6841.591s][info][gc,heap        ] GC(1162) Eden regions: 570->0(570)
[6841.591s][info][gc,heap        ] GC(1162) Survivor regions: 44->44(77)
[6841.591s][info][gc,heap        ] GC(1162) Old regions: 193->201
[6841.591s][info][gc,heap        ] GC(1162) Humongous regions: 33->33
[6841.592s][info][gc,metaspace   ] GC(1162) Metaspace: 30015K(30144K)->30015K(30144K) NonClass: 30015K(30144K)->30015K(30144K) Class: 0K(0K)->0K(0K)
[6841.592s][info][gc             ] GC(1162) Pause Young (Normal) (G1 Evacuation Pause) 6707M->2206M(8192M) 153.799ms
[6841.592s][info][gc,cpu         ] GC(1162) User=1.21s Sys=0.00s Real=0.16s
....[6844.695s][info][gc,start       ] GC(1163) Pause Young (Normal) (G1 Evacuation Pause)
[6844.695s][info][gc,task        ] GC(1163) Using 8 workers of 8 for evacuation
[6844.846s][info][gc,phases      ] GC(1163)   Pre Evacuate Collection Set: 0.23ms
[6844.846s][info][gc,phases      ] GC(1163)   Merge Heap Roots: 0.49ms
[6844.846s][info][gc,phases      ] GC(1163)   Evacuate Collection Set: 149.06ms
[6844.846s][info][gc,phases      ] GC(1163)   Post Evacuate Collection Set: 1.05ms
[6844.846s][info][gc,phases      ] GC(1163)   Other: 0.06ms
[6844.846s][info][gc,heap        ] GC(1163) Eden regions: 570->0(571)
[6844.846s][info][gc,heap        ] GC(1163) Survivor regions: 44->43(77)
[6844.846s][info][gc,heap        ] GC(1163) Old regions: 201->208
[6844.846s][info][gc,heap        ] GC(1163) Humongous regions: 33->33
[6844.846s][info][gc,metaspace   ] GC(1163) Metaspace: 30015K(30144K)->30015K(30144K) NonClass: 30015K(30144K)->30015K(30144K) Class: 0K(0K)->0K(0K)
[6844.846s][info][gc             ] GC(1163) Pause Young (Normal) (G1 Evacuation Pause) 6766M->2258M(8192M) 151.040ms
[6844.846s][info][gc,cpu         ] GC(1163) User=1.20s Sys=0.00s Real=0.15s
...[6847.949s][info][gc,start       ] GC(1164) Pause Young (Normal) (G1 Evacuation Pause)
[6847.949s][info][gc,task        ] GC(1164) Using 8 workers of 8 for evacuation
[6848.102s][info][gc,phases      ] GC(1164)   Pre Evacuate Collection Set: 0.25ms
[6848.102s][info][gc,phases      ] GC(1164)   Merge Heap Roots: 0.50ms
[6848.102s][info][gc,phases      ] GC(1164)   Evacuate Collection Set: 151.04ms
[6848.102s][info][gc,phases      ] GC(1164)   Post Evacuate Collection Set: 1.06ms
[6848.102s][info][gc,phases      ] GC(1164)   Other: 0.06ms
[6848.102s][info][gc,heap        ] GC(1164) Eden regions: 571->0(570)
[6848.102s][info][gc,heap        ] GC(1164) Survivor regions: 43->44(77)
[6848.102s][info][gc,heap        ] GC(1164) Old regions: 208->215
[6848.102s][info][gc,heap        ] GC(1164) Humongous regions: 33->33
[6848.102s][info][gc,metaspace   ] GC(1164) Metaspace: 30015K(30144K)->30015K(30144K) NonClass: 30015K(30144K)->30015K(30144K) Class: 0K(0K)->0K(0K)
[6848.102s][info][gc             ] GC(1164) Pause Young (Normal) (G1 Evacuation Pause) 6826M->2319M(8192M) 153.039ms
[6848.102s][info][gc,cpu         ] GC(1164) User=1.21s Sys=0.00s Real=0.16s
...[6851.217s][info][gc,start       ] GC(1165) Pause Young (Normal) (G1 Evacuation Pause)
[6851.217s][info][gc,task        ] GC(1165) Using 8 workers of 8 for evacuation
[6851.367s][info][gc,phases      ] GC(1165)   Pre Evacuate Collection Set: 0.26ms
[6851.367s][info][gc,phases      ] GC(1165)   Merge Heap Roots: 0.48ms
[6851.367s][info][gc,phases      ] GC(1165)   Evacuate Collection Set: 148.83ms
[6851.367s][info][gc,phases      ] GC(1165)   Post Evacuate Collection Set: 1.02ms
[6851.367s][info][gc,phases      ] GC(1165)   Other: 0.08ms
[6851.367s][info][gc,heap        ] GC(1165) Eden regions: 570->0(571)
[6851.367s][info][gc,heap        ] GC(1165) Survivor regions: 44->43(77)
[6851.367s][info][gc,heap        ] GC(1165) Old regions: 215->222
[6851.367s][info][gc,heap        ] GC(1165) Humongous regions: 33->33
[6851.367s][info][gc,metaspace   ] GC(1165) Metaspace: 30015K(30144K)->30015K(30144K) NonClass: 30015K(30144K)->30015K(30144K) Class: 0K(0K)->0K(0K)
[6851.367s][info][gc             ] GC(1165) Pause Young (Normal) (G1 Evacuation Pause) 6879M->2369M(8192M) 150.807ms
[6851.368s][info][gc,cpu         ] GC(1165) User=1.19s Sys=0.00s Real=0.15s
...[6854.478s][info][gc,start       ] GC(1166) Pause Young (Normal) (G1 Evacuation Pause)
[6854.478s][info][gc,task        ] GC(1166) Using 8 workers of 8 for evacuation
[6854.632s][info][gc,phases      ] GC(1166)   Pre Evacuate Collection Set: 0.26ms
[6854.632s][info][gc,phases      ] GC(1166)   Merge Heap Roots: 0.65ms
[6854.632s][info][gc,phases      ] GC(1166)   Evacuate Collection Set: 151.96ms
[6854.632s][info][gc,phases      ] GC(1166)   Post Evacuate Collection Set: 0.98ms
[6854.632s][info][gc,phases      ] GC(1166)   Other: 0.07ms
[6854.632s][info][gc,heap        ] GC(1166) Eden regions: 571->0(569)
[6854.632s][info][gc,heap        ] GC(1166) Survivor regions: 43->45(77)
[6854.632s][info][gc,heap        ] GC(1166) Old regions: 222->229
[6854.632s][info][gc,heap        ] GC(1166) Humongous regions: 33->33
[6854.632s][info][gc,metaspace   ] GC(1166) Metaspace: 30015K(30144K)->30015K(30144K) NonClass: 30015K(30144K)->30015K(30144K) Class: 0K(0K)->0K(0K)
[6854.632s][info][gc             ] GC(1166) Pause Young (Normal) (G1 Evacuation Pause) 6937M->2439M(8192M) 154.073ms
[6854.632s][info][gc,cpu         ] GC(1166) User=1.21s Sys=0.00s Real=0.16s
....[6857.749s][info][gc,start       ] GC(1167) Pause Young (Normal) (G1 Evacuation Pause)
[6857.749s][info][gc,task        ] GC(1167) Using 8 workers of 8 for evacuation
[6857.908s][info][gc,phases      ] GC(1167)   Pre Evacuate Collection Set: 0.25ms
[6857.908s][info][gc,phases      ] GC(1167)   Merge Heap Roots: 0.48ms
[6857.908s][info][gc,phases      ] GC(1167)   Evacuate Collection Set: 157.32ms
[6857.908s][info][gc,phases      ] GC(1167)   Post Evacuate Collection Set: 1.04ms
[6857.908s][info][gc,phases      ] GC(1167)   Other: 0.07ms
[6857.908s][info][gc,heap        ] GC(1167) Eden regions: 569->0(568)
[6857.908s][info][gc,heap        ] GC(1167) Survivor regions: 45->46(77)
[6857.908s][info][gc,heap        ] GC(1167) Old regions: 229->237
[6857.908s][info][gc,heap        ] GC(1167) Humongous regions: 33->33
[6857.908s][info][gc,metaspace   ] GC(1167) Metaspace: 30015K(30144K)->30015K(30144K) NonClass: 30015K(30144K)->30015K(30144K) Class: 0K(0K)->0K(0K)
[6857.908s][info][gc             ] GC(1167) Pause Young (Normal) (G1 Evacuation Pause) 6991M->2505M(8192M) 159.304ms
[6857.908s][info][gc,cpu         ] GC(1167) User=1.26s Sys=0.00s Real=0.16s
...[6861.045s][info][gc,start       ] GC(1168) Pause Young (Normal) (G1 Evacuation Pause)
[6861.045s][info][gc,task        ] GC(1168) Using 8 workers of 8 for evacuation
[6861.196s][info][gc,phases      ] GC(1168)   Pre Evacuate Collection Set: 0.26ms
[6861.196s][info][gc,phases      ] GC(1168)   Merge Heap Roots: 0.49ms
[6861.196s][info][gc,phases      ] GC(1168)   Evacuate Collection Set: 148.89ms
[6861.196s][info][gc,phases      ] GC(1168)   Post Evacuate Collection Set: 1.04ms
[6861.196s][info][gc,phases      ] GC(1168)   Other: 0.06ms
[6861.196s][info][gc,heap        ] GC(1168) Eden regions: 568->0(570)
[6861.196s][info][gc,heap        ] GC(1168) Survivor regions: 46->44(77)
[6861.196s][info][gc,heap        ] GC(1168) Old regions: 237->244
[6861.196s][info][gc,heap        ] GC(1168) Humongous regions: 33->33
[6861.196s][info][gc,metaspace   ] GC(1168) Metaspace: 30015K(30144K)->30015K(30144K) NonClass: 30015K(30144K)->30015K(30144K) Class: 0K(0K)->0K(0K)
[6861.196s][info][gc             ] GC(1168) Pause Young (Normal) (G1 Evacuation Pause) 7049M->2550M(8192M) 150.875ms
[6861.196s][info][gc,cpu         ] GC(1168) User=1.19s Sys=0.00s Real=0.15s
...[6864.350s][info][gc,start       ] GC(1169) Pause Young (Normal) (G1 Evacuation Pause)
[6864.350s][info][gc,task        ] GC(1169) Using 8 workers of 8 for evacuation
[6864.497s][info][gc,phases      ] GC(1169)   Pre Evacuate Collection Set: 0.25ms
[6864.497s][info][gc,phases      ] GC(1169)   Merge Heap Roots: 0.50ms
[6864.497s][info][gc,phases      ] GC(1169)   Evacuate Collection Set: 145.29ms
[6864.497s][info][gc,phases      ] GC(1169)   Post Evacuate Collection Set: 1.00ms
[6864.497s][info][gc,phases      ] GC(1169)   Other: 0.06ms
[6864.497s][info][gc,heap        ] GC(1169) Eden regions: 570->0(571)
[6864.497s][info][gc,heap        ] GC(1169) Survivor regions: 44->43(77)
[6864.497s][info][gc,heap        ] GC(1169) Old regions: 244->251
[6864.497s][info][gc,heap        ] GC(1169) Humongous regions: 33->33
[6864.497s][info][gc,metaspace   ] GC(1169) Metaspace: 30015K(30144K)->30015K(30144K) NonClass: 30015K(30144K)->30015K(30144K) Class: 0K(0K)->0K(0K)
[6864.497s][info][gc             ] GC(1169) Pause Young (Normal) (G1 Evacuation Pause) 7110M->2602M(8192M) 147.237ms
[6864.497s][info][gc,cpu         ] GC(1169) User=1.16s Sys=0.00s Real=0.15s
...[6867.571s][info][gc,start       ] GC(1170) Pause Young (Normal) (G1 Evacuation Pause)
[6867.571s][info][gc,task        ] GC(1170) Using 8 workers of 8 for evacuation
[6867.723s][info][gc,phases      ] GC(1170)   Pre Evacuate Collection Set: 0.24ms
[6867.723s][info][gc,phases      ] GC(1170)   Merge Heap Roots: 0.50ms
[6867.723s][info][gc,phases      ] GC(1170)   Evacuate Collection Set: 149.98ms
[6867.723s][info][gc,phases      ] GC(1170)   Post Evacuate Collection Set: 1.05ms
[6867.723s][info][gc,phases      ] GC(1170)   Other: 0.06ms
[6867.723s][info][gc,heap        ] GC(1170) Eden regions: 571->0(571)
[6867.723s][info][gc,heap        ] GC(1170) Survivor regions: 43->43(77)
[6867.723s][info][gc,heap        ] GC(1170) Old regions: 251->258
[6867.723s][info][gc,heap        ] GC(1170) Humongous regions: 33->33
[6867.723s][info][gc,metaspace   ] GC(1170) Metaspace: 30015K(30144K)->30015K(30144K) NonClass: 30015K(30144K)->30015K(30144K) Class: 0K(0K)->0K(0K)
[6867.723s][info][gc             ] GC(1170) Pause Young (Normal) (G1 Evacuation Pause) 7170M->2658M(8192M) 151.957ms
[6867.723s][info][gc,cpu         ] GC(1170) User=1.20s Sys=0.00s Real=0.15s
....[6870.845s][info][gc,start       ] GC(1171) Pause Young (Normal) (G1 Evacuation Pause)
[6870.845s][info][gc,task        ] GC(1171) Using 8 workers of 8 for evacuation
[6870.995s][info][gc,phases      ] GC(1171)   Pre Evacuate Collection Set: 0.25ms
[6870.995s][info][gc,phases      ] GC(1171)   Merge Heap Roots: 0.49ms
[6870.995s][info][gc,phases      ] GC(1171)   Evacuate Collection Set: 147.62ms
[6870.995s][info][gc,phases      ] GC(1171)   Post Evacuate Collection Set: 1.01ms
[6870.995s][info][gc,phases      ] GC(1171)   Other: 0.06ms
[6870.995s][info][gc,heap        ] GC(1171) Eden regions: 571->0(570)
[6870.995s][info][gc,heap        ] GC(1171) Survivor regions: 43->44(77)
[6870.995s][info][gc,heap        ] GC(1171) Old regions: 258->265
[6870.995s][info][gc,heap        ] GC(1171) Humongous regions: 33->33
[6870.995s][info][gc,metaspace   ] GC(1171) Metaspace: 30015K(30144K)->30015K(30144K) NonClass: 30015K(30144K)->30015K(30144K) Class: 0K(0K)->0K(0K)
[6870.995s][info][gc             ] GC(1171) Pause Young (Normal) (G1 Evacuation Pause) 7226M->2723M(8192M) 149.565ms
[6870.995s][info][gc,cpu         ] GC(1171) User=1.18s Sys=0.00s Real=0.15s
... (rIR:aIR:PR = 11623:11701:11708) (tPR = 174071) [OK] 
  6873s: Performance info:
         Transaction,    Success,    Partial,     Failed,   Receipts, AvgBarcode, 
             Overall,     704192,          0,          0,     669246,      59.48, 
         Response times:
             Request,    Success,    Partial,     Failed,   SkipFail,     Probes,    Samples,      min,      p50,      p90,      p95,      p99,      max, 
       TotalPurchase,     668829,          0,          0,          0,     354742,     507921,      300,    11100,    98000,   156000,   318000,  4400000,
     InStorePurchase,     353061,          0,          0,          0,     186315,     266663,      300,    11200,    98000,   157000,   320000,  4400000,
      OnlinePurchase,     246021,          0,          0,          0,     131276,     187728,      300,    11000,    97000,   152000,   312000,  4400000,
        InstPurchase,      69747,          0,          0,          0,      37151,      53530,      500,    11200,    97000,   157000,   327690,  4400000,
          AssocOfCat,        692,          0,          0,          0,        590,        986,    30000,    68000,   160300,   212000,   361390,   487000,
      AssocOfProduct,       6944,          0,          0,          0,       4270,       6434,      600,    11600,    98000,   154000,   296600,   870000,
      BusinessReport,       1754,          0,          0,          0,       1544,       2364,    33000,    73000,   179000,   231000,   387700,   690000,
          CustBuyBeh,       6950,          0,          0,          0,       4257,       6351,      200,    11100,    97000,   153000,   313480,  3000000,
       ProductReturn,      18576,          0,          0,          0,       9551,      14023,      700,    11200,   103000,   159000,   352000,  3200000,

  6873s: (85%)   IR =  11761 [6874.255s][info][gc,start       ] GC(1172) Pause Young (Normal) (G1 Evacuation Pause)
[6874.255s][info][gc,task        ] GC(1172) Using 8 workers of 8 for evacuation
[6874.406s][info][gc,phases      ] GC(1172)   Pre Evacuate Collection Set: 0.23ms
[6874.406s][info][gc,phases      ] GC(1172)   Merge Heap Roots: 0.49ms
[6874.406s][info][gc,phases      ] GC(1172)   Evacuate Collection Set: 149.60ms
[6874.406s][info][gc,phases      ] GC(1172)   Post Evacuate Collection Set: 1.08ms
[6874.406s][info][gc,phases      ] GC(1172)   Other: 0.06ms
[6874.406s][info][gc,heap        ] GC(1172) Eden regions: 570->0(571)
[6874.406s][info][gc,heap        ] GC(1172) Survivor regions: 44->43(77)
[6874.406s][info][gc,heap        ] GC(1172) Old regions: 265->273
[6874.406s][info][gc,heap        ] GC(1172) Humongous regions: 33->33
[6874.406s][info][gc,metaspace   ] GC(1172) Metaspace: 30015K(30144K)->30015K(30144K) NonClass: 30015K(30144K)->30015K(30144K) Class: 0K(0K)->0K(0K)
[6874.406s][info][gc             ] GC(1172) Pause Young (Normal) (G1 Evacuation Pause) 7283M->2773M(8192M) 151.592ms
[6874.407s][info][gc,cpu         ] GC(1172) User=1.20s Sys=0.00s Real=0.15s
...[6877.548s][info][gc,start       ] GC(1173) Pause Young (Normal) (G1 Evacuation Pause)
[6877.548s][info][gc,task        ] GC(1173) Using 8 workers of 8 for evacuation
[6877.707s][info][gc,phases      ] GC(1173)   Pre Evacuate Collection Set: 0.21ms
[6877.707s][info][gc,phases      ] GC(1173)   Merge Heap Roots: 0.50ms
[6877.707s][info][gc,phases      ] GC(1173)   Evacuate Collection Set: 157.36ms
[6877.707s][info][gc,phases      ] GC(1173)   Post Evacuate Collection Set: 1.01ms
[6877.707s][info][gc,phases      ] GC(1173)   Other: 0.06ms
[6877.707s][info][gc,heap        ] GC(1173) Eden regions: 571->0(569)
[6877.707s][info][gc,heap        ] GC(1173) Survivor regions: 43->45(77)
[6877.707s][info][gc,heap        ] GC(1173) Old regions: 273->280
[6877.707s][info][gc,heap        ] GC(1173) Humongous regions: 33->33
[6877.707s][info][gc,metaspace   ] GC(1173) Metaspace: 30015K(30144K)->30015K(30144K) NonClass: 30015K(30144K)->30015K(30144K) Class: 0K(0K)->0K(0K)
[6877.707s][info][gc             ] GC(1173) Pause Young (Normal) (G1 Evacuation Pause) 7341M->2847M(8192M) 159.269ms
[6877.707s][info][gc,cpu         ] GC(1173) User=1.27s Sys=0.00s Real=0.16s
...[6880.802s][info][gc,start       ] GC(1174) Pause Young (Normal) (G1 Evacuation Pause)
[6880.802s][info][gc,task        ] GC(1174) Using 8 workers of 8 for evacuation
[6880.955s][info][gc,phases      ] GC(1174)   Pre Evacuate Collection Set: 0.23ms
[6880.956s][info][gc,phases      ] GC(1174)   Merge Heap Roots: 0.48ms
[6880.956s][info][gc,phases      ] GC(1174)   Evacuate Collection Set: 151.81ms
[6880.956s][info][gc,phases      ] GC(1174)   Post Evacuate Collection Set: 1.02ms
[6880.956s][info][gc,phases      ] GC(1174)   Other: 0.06ms
[6880.956s][info][gc,heap        ] GC(1174) Eden regions: 569->0(564)
[6880.956s][info][gc,heap        ] GC(1174) Survivor regions: 45->44(77)
[6880.956s][info][gc,heap        ] GC(1174) Old regions: 280->287
[6880.956s][info][gc,heap        ] GC(1174) Humongous regions: 33->33
[6880.956s][info][gc,metaspace   ] GC(1174) Metaspace: 30015K(30144K)->30015K(30144K) NonClass: 30015K(30144K)->30015K(30144K) Class: 0K(0K)->0K(0K)
[6880.956s][info][gc             ] GC(1174) Pause Young (Normal) (G1 Evacuation Pause) 7399M->2895M(8192M) 154.486ms
[6880.956s][info][gc,cpu         ] GC(1174) User=1.21s Sys=0.00s Real=0.15s
....|[6884.060s][info][gc,start       ] GC(1175) Pause Young (Normal) (G1 Evacuation Pause)
[6884.060s][info][gc,task        ] GC(1175) Using 8 workers of 8 for evacuation
[6884.206s][info][gc,phases      ] GC(1175)   Pre Evacuate Collection Set: 0.27ms
[6884.206s][info][gc,phases      ] GC(1175)   Merge Heap Roots: 0.50ms
[6884.206s][info][gc,phases      ] GC(1175)   Evacuate Collection Set: 144.25ms
[6884.206s][info][gc,phases      ] GC(1175)   Post Evacuate Collection Set: 1.03ms
[6884.206s][info][gc,phases      ] GC(1175)   Other: 0.06ms
[6884.206s][info][gc,heap        ] GC(1175) Eden regions: 564->0(561)
[6884.206s][info][gc,heap        ] GC(1175) Survivor regions: 44->42(76)
[6884.206s][info][gc,heap        ] GC(1175) Old regions: 287->294
[6884.206s][info][gc,heap        ] GC(1175) Humongous regions: 33->33
[6884.206s][info][gc,metaspace   ] GC(1175) Metaspace: 30015K(30144K)->30015K(30144K) NonClass: 30015K(30144K)->30015K(30144K) Class: 0K(0K)->0K(0K)
[6884.206s][info][gc             ] GC(1175) Pause Young (Normal) (G1 Evacuation Pause) 7407M->2938M(8192M) 146.228ms
[6884.206s][info][gc,cpu         ] GC(1175) User=1.16s Sys=0.00s Real=0.14s
...[6887.214s][info][gc,start       ] GC(1176) Pause Young (Normal) (G1 Evacuation Pause)
[6887.214s][info][gc,task        ] GC(1176) Using 8 workers of 8 for evacuation
[6887.362s][info][gc,phases      ] GC(1176)   Pre Evacuate Collection Set: 0.22ms
[6887.362s][info][gc,phases      ] GC(1176)   Merge Heap Roots: 0.48ms
[6887.362s][info][gc,phases      ] GC(1176)   Evacuate Collection Set: 146.24ms
[6887.362s][info][gc,phases      ] GC(1176)   Post Evacuate Collection Set: 1.06ms
[6887.362s][info][gc,phases      ] GC(1176)   Other: 0.06ms
[6887.362s][info][gc,heap        ] GC(1176) Eden regions: 561->0(552)
[6887.362s][info][gc,heap        ] GC(1176) Survivor regions: 42->43(76)
[6887.362s][info][gc,heap        ] GC(1176) Old regions: 294->301
[6887.362s][info][gc,heap        ] GC(1176) Humongous regions: 33->33
[6887.362s][info][gc,metaspace   ] GC(1176) Metaspace: 30015K(30144K)->30015K(30144K) NonClass: 30015K(30144K)->30015K(30144K) Class: 0K(0K)->0K(0K)
[6887.362s][info][gc             ] GC(1176) Pause Young (Normal) (G1 Evacuation Pause) 7426M->3003M(8192M) 148.201ms
[6887.362s][info][gc,cpu         ] GC(1176) User=1.17s Sys=0.00s Real=0.15s
...[6890.439s][info][gc,start       ] GC(1177) Pause Young (Normal) (G1 Evacuation Pause)
[6890.439s][info][gc,task        ] GC(1177) Using 8 workers of 8 for evacuation
[6890.596s][info][gc,phases      ] GC(1177)   Pre Evacuate Collection Set: 0.24ms
[6890.596s][info][gc,phases      ] GC(1177)   Merge Heap Roots: 0.49ms
[6890.596s][info][gc,phases      ] GC(1177)   Evacuate Collection Set: 155.06ms
[6890.596s][info][gc,phases      ] GC(1177)   Post Evacuate Collection Set: 1.00ms
[6890.596s][info][gc,phases      ] GC(1177)   Other: 0.06ms
[6890.596s][info][gc,heap        ] GC(1177) Eden regions: 552->0(542)
[6890.596s][info][gc,heap        ] GC(1177) Survivor regions: 43->44(75)
[6890.596s][info][gc,heap        ] GC(1177) Old regions: 301->309
[6890.596s][info][gc,heap        ] GC(1177) Humongous regions: 33->33
[6890.596s][info][gc,metaspace   ] GC(1177) Metaspace: 30015K(30144K)->30015K(30144K) NonClass: 30015K(30144K)->30015K(30144K) Class: 0K(0K)->0K(0K)
[6890.596s][info][gc             ] GC(1177) Pause Young (Normal) (G1 Evacuation Pause) 7419M->3073M(8192M) 156.983ms
[6890.596s][info][gc,cpu         ] GC(1177) User=1.24s Sys=0.00s Real=0.16s
...[6893.506s][info][gc,start       ] GC(1178) Pause Young (Concurrent Start) (G1 Evacuation Pause)
[6893.506s][info][gc,task        ] GC(1178) Using 8 workers of 8 for evacuation
[6893.658s][info][gc,phases      ] GC(1178)   Pre Evacuate Collection Set: 0.29ms
[6893.658s][info][gc,phases      ] GC(1178)   Merge Heap Roots: 0.50ms
[6893.658s][info][gc,phases      ] GC(1178)   Evacuate Collection Set: 150.02ms
[6893.658s][info][gc,phases      ] GC(1178)   Post Evacuate Collection Set: 1.00ms
[6893.658s][info][gc,phases      ] GC(1178)   Other: 0.08ms
[6893.658s][info][gc,heap        ] GC(1178) Eden regions: 542->0(536)
[6893.658s][info][gc,heap        ] GC(1178) Survivor regions: 44->43(74)
[6893.658s][info][gc,heap        ] GC(1178) Old regions: 309->317
[6893.658s][info][gc,heap        ] GC(1178) Humongous regions: 33->33
[6893.658s][info][gc,metaspace   ] GC(1178) Metaspace: 30015K(30144K)->30015K(30144K) NonClass: 30015K(30144K)->30015K(30144K) Class: 0K(0K)->0K(0K)
[6893.658s][info][gc             ] GC(1178) Pause Young (Concurrent Start) (G1 Evacuation Pause) 7409M->3126M(8192M) 152.025ms
[6893.658s][info][gc,cpu         ] GC(1178) User=1.21s Sys=0.00s Real=0.15s
[6893.659s][info][gc             ] GC(1179) Concurrent Mark Cycle
[6893.659s][info][gc,marking     ] GC(1179) Concurrent Scan Root Regions
.[6894.068s][info][gc,marking     ] GC(1179) Concurrent Scan Root Regions 409.029ms
[6894.068s][info][gc,marking     ] GC(1179) Concurrent Mark
[6894.068s][info][gc,marking     ] GC(1179) Concurrent Mark From Roots
[6894.068s][info][gc,task        ] GC(1179) Using 2 workers of 2 for marking
.[6895.202s][info][gc,marking     ] GC(1179) Concurrent Mark From Roots 1133.910ms
[6895.202s][info][gc,marking     ] GC(1179) Concurrent Preclean
[6895.202s][info][gc,marking     ] GC(1179) Concurrent Preclean 0.121ms
[6895.202s][info][gc,start       ] GC(1179) Pause Remark
[6895.205s][info][gc             ] GC(1179) Pause Remark 4914M->4250M(8192M) 3.007ms
[6895.205s][info][gc,cpu         ] GC(1179) User=0.03s Sys=0.00s Real=0.00s
[6895.205s][info][gc,marking     ] GC(1179) Concurrent Mark 1137.416ms
[6895.205s][info][gc,marking     ] GC(1179) Concurrent Rebuild Remembered Sets and Scrub Regions
.[6896.024s][info][gc,marking     ] GC(1179) Concurrent Rebuild Remembered Sets and Scrub Regions 818.464ms
[6896.024s][info][gc,start       ] GC(1179) Pause Cleanup
[6896.024s][info][gc             ] GC(1179) Pause Cleanup 5370M->5370M(8192M) 0.260ms
[6896.024s][info][gc,cpu         ] GC(1179) User=0.00s Sys=0.00s Real=0.00s
[6896.024s][info][gc,marking     ] GC(1179) Concurrent Clear Claimed Marks
[6896.024s][info][gc,marking     ] GC(1179) Concurrent Clear Claimed Marks 0.044ms
[6896.024s][info][gc,marking     ] GC(1179) Concurrent Cleanup for Next Mark
[6896.035s][info][gc,marking     ] GC(1179) Concurrent Cleanup for Next Mark 10.754ms
[6896.035s][info][gc             ] GC(1179) Concurrent Mark Cycle 2376.378ms
[6896.905s][info][gc,start       ] GC(1180) Pause Young (Prepare Mixed) (G1 Evacuation Pause)
[6896.905s][info][gc,task        ] GC(1180) Using 8 workers of 8 for evacuation
[6897.061s][info][gc,phases      ] GC(1180)   Pre Evacuate Collection Set: 0.22ms
[6897.061s][info][gc,phases      ] GC(1180)   Merge Heap Roots: 0.71ms
[6897.061s][info][gc,phases      ] GC(1180)   Evacuate Collection Set: 154.01ms
[6897.061s][info][gc,phases      ] GC(1180)   Post Evacuate Collection Set: 1.08ms
[6897.061s][info][gc,phases      ] GC(1180)   Other: 0.06ms
[6897.061s][info][gc,heap        ] GC(1180) Eden regions: 536->0(569)
[6897.061s][info][gc,heap        ] GC(1180) Survivor regions: 43->45(73)
[6897.061s][info][gc,heap        ] GC(1180) Old regions: 234->241
[6897.061s][info][gc,heap        ] GC(1180) Humongous regions: 33->33
[6897.061s][info][gc,metaspace   ] GC(1180) Metaspace: 30015K(30144K)->30015K(30144K) NonClass: 30015K(30144K)->30015K(30144K) Class: 0K(0K)->0K(0K)
[6897.061s][info][gc             ] GC(1180) Pause Young (Prepare Mixed) (G1 Evacuation Pause) 6750M->2534M(8192M) 156.206ms
[6897.061s][info][gc,cpu         ] GC(1180) User=1.24s Sys=0.00s Real=0.16s
...[6899.863s][info][gc,start       ] GC(1181) Pause Young (Mixed) (G1 Evacuation Pause)
[6899.864s][info][gc,task        ] GC(1181) Using 8 workers of 8 for evacuation
[6900.025s][info][gc,phases      ] GC(1181)   Pre Evacuate Collection Set: 0.25ms
[6900.025s][info][gc,phases      ] GC(1181)   Merge Heap Roots: 0.80ms
[6900.025s][info][gc,phases      ] GC(1181)   Evacuate Collection Set: 159.41ms
[6900.025s][info][gc,phases      ] GC(1181)   Post Evacuate Collection Set: 1.21ms
[6900.025s][info][gc,phases      ] GC(1181)   Other: 0.07ms
[6900.025s][info][gc,heap        ] GC(1181) Eden regions: 569->0(571)
[6900.025s][info][gc,heap        ] GC(1181) Survivor regions: 45->43(77)
[6900.025s][info][gc,heap        ] GC(1181) Old regions: 241->147
[6900.025s][info][gc,heap        ] GC(1181) Humongous regions: 33->33
[6900.025s][info][gc,metaspace   ] GC(1181) Metaspace: 30015K(30144K)->30015K(30144K) NonClass: 30015K(30144K)->30015K(30144K) Class: 0K(0K)->0K(0K)
[6900.025s][info][gc             ] GC(1181) Pause Young (Mixed) (G1 Evacuation Pause) 7086M->1770M(8192M) 161.858ms
[6900.025s][info][gc,cpu         ] GC(1181) User=1.29s Sys=0.00s Real=0.16s
....[6903.124s][info][gc,start       ] GC(1182) Pause Young (Mixed) (G1 Evacuation Pause)
[6903.124s][info][gc,task        ] GC(1182) Using 8 workers of 8 for evacuation
[6903.283s][info][gc,phases      ] GC(1182)   Pre Evacuate Collection Set: 0.23ms
[6903.283s][info][gc,phases      ] GC(1182)   Merge Heap Roots: 0.62ms
[6903.283s][info][gc,phases      ] GC(1182)   Evacuate Collection Set: 156.97ms
[6903.283s][info][gc,phases      ] GC(1182)   Post Evacuate Collection Set: 1.03ms
[6903.283s][info][gc,phases      ] GC(1182)   Other: 0.08ms
[6903.283s][info][gc,heap        ] GC(1182) Eden regions: 571->0(571)
[6903.283s][info][gc,heap        ] GC(1182) Survivor regions: 43->43(77)
[6903.283s][info][gc,heap        ] GC(1182) Old regions: 147->144
[6903.283s][info][gc,heap        ] GC(1182) Humongous regions: 33->33
[6903.283s][info][gc,metaspace   ] GC(1182) Metaspace: 30015K(30144K)->30015K(30144K) NonClass: 30015K(30144K)->30015K(30144K) Class: 0K(0K)->0K(0K)
[6903.283s][info][gc             ] GC(1182) Pause Young (Mixed) (G1 Evacuation Pause) 6338M->1747M(8192M) 159.046ms
[6903.283s][info][gc,cpu         ] GC(1182) User=1.26s Sys=0.00s Real=0.16s
...[6906.400s][info][gc,start       ] GC(1183) Pause Young (Normal) (G1 Evacuation Pause)
[6906.400s][info][gc,task        ] GC(1183) Using 8 workers of 8 for evacuation
[6906.551s][info][gc,phases      ] GC(1183)   Pre Evacuate Collection Set: 0.23ms
[6906.551s][info][gc,phases      ] GC(1183)   Merge Heap Roots: 0.49ms
[6906.551s][info][gc,phases      ] GC(1183)   Evacuate Collection Set: 149.05ms
[6906.551s][info][gc,phases      ] GC(1183)   Post Evacuate Collection Set: 1.01ms
[6906.551s][info][gc,phases      ] GC(1183)   Other: 0.06ms
[6906.551s][info][gc,heap        ] GC(1183) Eden regions: 571->0(570)
[6906.551s][info][gc,heap        ] GC(1183) Survivor regions: 43->44(77)
[6906.551s][info][gc,heap        ] GC(1183) Old regions: 144->152
[6906.551s][info][gc,heap        ] GC(1183) Humongous regions: 33->33
[6906.551s][info][gc,metaspace   ] GC(1183) Metaspace: 30015K(30144K)->30015K(30144K) NonClass: 30015K(30144K)->30015K(30144K) Class: 0K(0K)->0K(0K)
[6906.551s][info][gc             ] GC(1183) Pause Young (Normal) (G1 Evacuation Pause) 6315M->1810M(8192M) 150.964ms
[6906.551s][info][gc,cpu         ] GC(1183) User=1.20s Sys=0.00s Real=0.15s
...[6909.623s][info][gc,start       ] GC(1184) Pause Young (Normal) (G1 Evacuation Pause)
[6909.623s][info][gc,task        ] GC(1184) Using 8 workers of 8 for evacuation
[6909.774s][info][gc,phases      ] GC(1184)   Pre Evacuate Collection Set: 0.25ms
[6909.774s][info][gc,phases      ] GC(1184)   Merge Heap Roots: 0.49ms
[6909.774s][info][gc,phases      ] GC(1184)   Evacuate Collection Set: 149.29ms
[6909.774s][info][gc,phases      ] GC(1184)   Post Evacuate Collection Set: 1.01ms
[6909.774s][info][gc,phases      ] GC(1184)   Other: 0.06ms
[6909.774s][info][gc,heap        ] GC(1184) Eden regions: 570->0(570)
[6909.774s][info][gc,heap        ] GC(1184) Survivor regions: 44->44(77)
[6909.774s][info][gc,heap        ] GC(1184) Old regions: 152->159
[6909.774s][info][gc,heap        ] GC(1184) Humongous regions: 33->33
[6909.774s][info][gc,metaspace   ] GC(1184) Metaspace: 30015K(30144K)->30015K(30144K) NonClass: 30015K(30144K)->30015K(30144K) Class: 0K(0K)->0K(0K)
[6909.774s][info][gc             ] GC(1184) Pause Young (Normal) (G1 Evacuation Pause) 6370M->1866M(8192M) 151.236ms
[6909.774s][info][gc,cpu         ] GC(1184) User=1.20s Sys=0.00s Real=0.15s
...[6912.908s][info][gc,start       ] GC(1185) Pause Young (Normal) (G1 Evacuation Pause)
[6912.908s][info][gc,task        ] GC(1185) Using 8 workers of 8 for evacuation
[6913.067s][info][gc,phases      ] GC(1185)   Pre Evacuate Collection Set: 0.23ms
[6913.067s][info][gc,phases      ] GC(1185)   Merge Heap Roots: 0.49ms
[6913.067s][info][gc,phases      ] GC(1185)   Evacuate Collection Set: 157.16ms
[6913.067s][info][gc,phases      ] GC(1185)   Post Evacuate Collection Set: 1.02ms
[6913.067s][info][gc,phases      ] GC(1185)   Other: 0.07ms
[6913.067s][info][gc,heap        ] GC(1185) Eden regions: 570->0(568)
[6913.067s][info][gc,heap        ] GC(1185) Survivor regions: 44->46(77)
[6913.067s][info][gc,heap        ] GC(1185) Old regions: 159->166
[6913.067s][info][gc,heap        ] GC(1185) Humongous regions: 33->33
[6913.067s][info][gc,metaspace   ] GC(1185) Metaspace: 30015K(30144K)->30015K(30144K) NonClass: 30015K(30144K)->30015K(30144K) Class: 0K(0K)->0K(0K)
[6913.068s][info][gc             ] GC(1185) Pause Young (Normal) (G1 Evacuation Pause) 6426M->1946M(8192M) 159.096ms
[6913.068s][info][gc,cpu         ] GC(1185) User=1.26s Sys=0.00s Real=0.16s
....[6916.150s][info][gc,start       ] GC(1186) Pause Young (Normal) (G1 Evacuation Pause)
[6916.150s][info][gc,task        ] GC(1186) Using 8 workers of 8 for evacuation
[6916.300s][info][gc,phases      ] GC(1186)   Pre Evacuate Collection Set: 0.22ms
[6916.300s][info][gc,phases      ] GC(1186)   Merge Heap Roots: 0.49ms
[6916.300s][info][gc,phases      ] GC(1186)   Evacuate Collection Set: 148.66ms
[6916.300s][info][gc,phases      ] GC(1186)   Post Evacuate Collection Set: 1.00ms
[6916.300s][info][gc,phases      ] GC(1186)   Other: 0.06ms
[6916.300s][info][gc,heap        ] GC(1186) Eden regions: 568->0(571)
[6916.300s][info][gc,heap        ] GC(1186) Survivor regions: 46->43(77)
[6916.300s][info][gc,heap        ] GC(1186) Old regions: 166->174
[6916.300s][info][gc,heap        ] GC(1186) Humongous regions: 33->33
[6916.300s][info][gc,metaspace   ] GC(1186) Metaspace: 30015K(30144K)->30015K(30144K) NonClass: 30015K(30144K)->30015K(30144K) Class: 0K(0K)->0K(0K)
[6916.300s][info][gc             ] GC(1186) Pause Young (Normal) (G1 Evacuation Pause) 6490M->1979M(8192M) 150.551ms
[6916.300s][info][gc,cpu         ] GC(1186) User=1.19s Sys=0.00s Real=0.15s
...[6919.439s][info][gc,start       ] GC(1187) Pause Young (Normal) (G1 Evacuation Pause)
[6919.439s][info][gc,task        ] GC(1187) Using 8 workers of 8 for evacuation
[6919.587s][info][gc,phases      ] GC(1187)   Pre Evacuate Collection Set: 0.25ms
[6919.587s][info][gc,phases      ] GC(1187)   Merge Heap Roots: 0.49ms
[6919.587s][info][gc,phases      ] GC(1187)   Evacuate Collection Set: 146.33ms
[6919.587s][info][gc,phases      ] GC(1187)   Post Evacuate Collection Set: 1.03ms
[6919.587s][info][gc,phases      ] GC(1187)   Other: 0.07ms
[6919.587s][info][gc,heap        ] GC(1187) Eden regions: 571->0(570)
[6919.587s][info][gc,heap        ] GC(1187) Survivor regions: 43->44(77)
[6919.587s][info][gc,heap        ] GC(1187) Old regions: 174->181
[6919.587s][info][gc,heap        ] GC(1187) Humongous regions: 33->33
[6919.587s][info][gc,metaspace   ] GC(1187) Metaspace: 30015K(30144K)->30015K(30144K) NonClass: 30015K(30144K)->30015K(30144K) Class: 0K(0K)->0K(0K)
[6919.587s][info][gc             ] GC(1187) Pause Young (Normal) (G1 Evacuation Pause) 6547M->2045M(8192M) 148.304ms
[6919.587s][info][gc,cpu         ] GC(1187) User=1.17s Sys=0.00s Real=0.15s
...[6922.642s][info][gc,start       ] GC(1188) Pause Young (Normal) (G1 Evacuation Pause)
[6922.642s][info][gc,task        ] GC(1188) Using 8 workers of 8 for evacuation
[6922.790s][info][gc,phases      ] GC(1188)   Pre Evacuate Collection Set: 0.24ms
[6922.791s][info][gc,phases      ] GC(1188)   Merge Heap Roots: 0.50ms
[6922.791s][info][gc,phases      ] GC(1188)   Evacuate Collection Set: 146.42ms
[6922.791s][info][gc,phases      ] GC(1188)   Post Evacuate Collection Set: 1.02ms
[6922.791s][info][gc,phases      ] GC(1188)   Other: 0.06ms
[6922.791s][info][gc,heap        ] GC(1188) Eden regions: 570->0(571)
[6922.791s][info][gc,heap        ] GC(1188) Survivor regions: 44->43(77)
[6922.791s][info][gc,heap        ] GC(1188) Old regions: 181->188
[6922.791s][info][gc,heap        ] GC(1188) Humongous regions: 33->33
[6922.791s][info][gc,metaspace   ] GC(1188) Metaspace: 30015K(30144K)->30015K(30144K) NonClass: 30015K(30144K)->30015K(30144K) Class: 0K(0K)->0K(0K)
[6922.791s][info][gc             ] GC(1188) Pause Young (Normal) (G1 Evacuation Pause) 6605M->2099M(8192M) 148.356ms
[6922.791s][info][gc,cpu         ] GC(1188) User=1.18s Sys=0.00s Real=0.15s
...[6925.982s][info][gc,start       ] GC(1189) Pause Young (Normal) (G1 Evacuation Pause)
[6925.982s][info][gc,task        ] GC(1189) Using 8 workers of 8 for evacuation
[6926.133s][info][gc,phases      ] GC(1189)   Pre Evacuate Collection Set: 0.29ms
[6926.133s][info][gc,phases      ] GC(1189)   Merge Heap Roots: 0.58ms
[6926.133s][info][gc,phases      ] GC(1189)   Evacuate Collection Set: 149.25ms
[6926.133s][info][gc,phases      ] GC(1189)   Post Evacuate Collection Set: 1.02ms
[6926.133s][info][gc,phases      ] GC(1189)   Other: 0.06ms
[6926.133s][info][gc,heap        ] GC(1189) Eden regions: 571->0(570)
[6926.133s][info][gc,heap        ] GC(1189) Survivor regions: 43->44(77)
[6926.133s][info][gc,heap        ] GC(1189) Old regions: 188->195
[6926.133s][info][gc,heap        ] GC(1189) Humongous regions: 33->33
[6926.133s][info][gc,metaspace   ] GC(1189) Metaspace: 30015K(30144K)->30015K(30144K) NonClass: 30015K(30144K)->30015K(30144K) Class: 0K(0K)->0K(0K)
[6926.133s][info][gc             ] GC(1189) Pause Young (Normal) (G1 Evacuation Pause) 6667M->2159M(8192M) 151.349ms
[6926.133s][info][gc,cpu         ] GC(1189) User=1.20s Sys=0.00s Real=0.15s
....[6929.151s][info][gc,start       ] GC(1190) Pause Young (Normal) (G1 Evacuation Pause)
[6929.151s][info][gc,task        ] GC(1190) Using 8 workers of 8 for evacuation
[6929.304s][info][gc,phases      ] GC(1190)   Pre Evacuate Collection Set: 0.23ms
[6929.304s][info][gc,phases      ] GC(1190)   Merge Heap Roots: 0.51ms
[6929.304s][info][gc,phases      ] GC(1190)   Evacuate Collection Set: 150.42ms
[6929.304s][info][gc,phases      ] GC(1190)   Post Evacuate Collection Set: 1.02ms
[6929.304s][info][gc,phases      ] GC(1190)   Other: 0.06ms
[6929.304s][info][gc,heap        ] GC(1190) Eden regions: 570->0(571)
[6929.304s][info][gc,heap        ] GC(1190) Survivor regions: 44->43(77)
[6929.304s][info][gc,heap        ] GC(1190) Old regions: 195->203
[6929.304s][info][gc,heap        ] GC(1190) Humongous regions: 33->33
[6929.304s][info][gc,metaspace   ] GC(1190) Metaspace: 30015K(30144K)->30015K(30144K) NonClass: 30015K(30144K)->30015K(30144K) Class: 0K(0K)->0K(0K)
[6929.304s][info][gc             ] GC(1190) Pause Young (Normal) (G1 Evacuation Pause) 6719M->2214M(8192M) 152.349ms
[6929.304s][info][gc,cpu         ] GC(1190) User=1.21s Sys=0.00s Real=0.15s
...[6932.470s][info][gc,start       ] GC(1191) Pause Young (Normal) (G1 Evacuation Pause)
[6932.470s][info][gc,task        ] GC(1191) Using 8 workers of 8 for evacuation
[6932.626s][info][gc,phases      ] GC(1191)   Pre Evacuate Collection Set: 0.25ms
[6932.626s][info][gc,phases      ] GC(1191)   Merge Heap Roots: 0.48ms
[6932.626s][info][gc,phases      ] GC(1191)   Evacuate Collection Set: 153.91ms
[6932.626s][info][gc,phases      ] GC(1191)   Post Evacuate Collection Set: 1.05ms
[6932.626s][info][gc,phases      ] GC(1191)   Other: 0.07ms
[6932.626s][info][gc,heap        ] GC(1191) Eden regions: 571->0(570)
[6932.626s][info][gc,heap        ] GC(1191) Survivor regions: 43->44(77)
[6932.626s][info][gc,heap        ] GC(1191) Old regions: 203->210
[6932.626s][info][gc,heap        ] GC(1191) Humongous regions: 33->33
[6932.626s][info][gc,metaspace   ] GC(1191) Metaspace: 30015K(30144K)->30015K(30144K) NonClass: 30015K(30144K)->30015K(30144K) Class: 0K(0K)->0K(0K)
[6932.626s][info][gc             ] GC(1191) Pause Young (Normal) (G1 Evacuation Pause) 6782M->2275M(8192M) 155.907ms
[6932.626s][info][gc,cpu         ] GC(1191) User=1.23s Sys=0.00s Real=0.15s
...[6935.718s][info][gc,start       ] GC(1192) Pause Young (Normal) (G1 Evacuation Pause)
[6935.718s][info][gc,task        ] GC(1192) Using 8 workers of 8 for evacuation
[6935.867s][info][gc,phases      ] GC(1192)   Pre Evacuate Collection Set: 0.25ms
[6935.867s][info][gc,phases      ] GC(1192)   Merge Heap Roots: 0.53ms
[6935.867s][info][gc,phases      ] GC(1192)   Evacuate Collection Set: 147.78ms
[6935.867s][info][gc,phases      ] GC(1192)   Post Evacuate Collection Set: 1.04ms
[6935.867s][info][gc,phases      ] GC(1192)   Other: 0.07ms
[6935.867s][info][gc,heap        ] GC(1192) Eden regions: 570->0(570)
[6935.867s][info][gc,heap        ] GC(1192) Survivor regions: 44->44(77)
[6935.867s][info][gc,heap        ] GC(1192) Old regions: 210->217
[6935.867s][info][gc,heap        ] GC(1192) Humongous regions: 33->33
[6935.867s][info][gc,metaspace   ] GC(1192) Metaspace: 30015K(30144K)->30015K(30144K) NonClass: 30015K(30144K)->30015K(30144K) Class: 0K(0K)->0K(0K)
[6935.867s][info][gc             ] GC(1192) Pause Young (Normal) (G1 Evacuation Pause) 6835M->2333M(8192M) 149.809ms
[6935.868s][info][gc,cpu         ] GC(1192) User=1.19s Sys=0.00s Real=0.15s
...[6938.982s][info][gc,start       ] GC(1193) Pause Young (Normal) (G1 Evacuation Pause)
[6938.982s][info][gc,task        ] GC(1193) Using 8 workers of 8 for evacuation
[6939.137s][info][gc,phases      ] GC(1193)   Pre Evacuate Collection Set: 0.24ms
[6939.137s][info][gc,phases      ] GC(1193)   Merge Heap Roots: 0.51ms
[6939.137s][info][gc,phases      ] GC(1193)   Evacuate Collection Set: 152.69ms
[6939.137s][info][gc,phases      ] GC(1193)   Post Evacuate Collection Set: 1.02ms
[6939.137s][info][gc,phases      ] GC(1193)   Other: 0.06ms
[6939.137s][info][gc,heap        ] GC(1193) Eden regions: 570->0(570)
[6939.137s][info][gc,heap        ] GC(1193) Survivor regions: 44->44(77)
[6939.137s][info][gc,heap        ] GC(1193) Old regions: 217->224
[6939.137s][info][gc,heap        ] GC(1193) Humongous regions: 33->33
[6939.137s][info][gc,metaspace   ] GC(1193) Metaspace: 30015K(30144K)->30015K(30144K) NonClass: 30015K(30144K)->30015K(30144K) Class: 0K(0K)->0K(0K)
[6939.137s][info][gc             ] GC(1193) Pause Young (Normal) (G1 Evacuation Pause) 6893M->2395M(8192M) 154.664ms
[6939.137s][info][gc,cpu         ] GC(1193) User=1.22s Sys=0.00s Real=0.15s
....[6942.242s][info][gc,start       ] GC(1194) Pause Young (Normal) (G1 Evacuation Pause)
[6942.242s][info][gc,task        ] GC(1194) Using 8 workers of 8 for evacuation
[6942.394s][info][gc,phases      ] GC(1194)   Pre Evacuate Collection Set: 0.27ms
[6942.394s][info][gc,phases      ] GC(1194)   Merge Heap Roots: 0.63ms
[6942.394s][info][gc,phases      ] GC(1194)   Evacuate Collection Set: 149.79ms
[6942.394s][info][gc,phases      ] GC(1194)   Post Evacuate Collection Set: 1.03ms
[6942.394s][info][gc,phases      ] GC(1194)   Other: 0.09ms
[6942.394s][info][gc,heap        ] GC(1194) Eden regions: 570->0(570)
[6942.394s][info][gc,heap        ] GC(1194) Survivor regions: 44->44(77)
[6942.394s][info][gc,heap        ] GC(1194) Old regions: 224->232
[6942.394s][info][gc,heap        ] GC(1194) Humongous regions: 33->33
[6942.394s][info][gc,metaspace   ] GC(1194) Metaspace: 30015K(30144K)->30015K(30144K) NonClass: 30015K(30144K)->30015K(30144K) Class: 0K(0K)->0K(0K)
[6942.394s][info][gc             ] GC(1194) Pause Young (Normal) (G1 Evacuation Pause) 6955M->2450M(8192M) 151.953ms
[6942.394s][info][gc,cpu         ] GC(1194) User=1.20s Sys=0.00s Real=0.15s
.. (rIR:aIR:PR = 11761:11795:11795) (tPR = 176058) [OK] 
  6944s: Performance info:
         Transaction,    Success,    Partial,     Failed,   Receipts, AvgBarcode, 
             Overall,     709975,          0,          0,     674235,      59.47, 
         Response times:
             Request,    Success,    Partial,     Failed,   SkipFail,     Probes,    Samples,      min,      p50,      p90,      p95,      p99,      max, 
       TotalPurchase,     674235,          0,          0,          0,     352487,     423500,      300,    13100,   102000,   158000,   323000,  4000000,
     InStorePurchase,     352948,          0,          0,          0,     184510,     221452,      300,    13100,   101700,   158000,   321000,  4000000,
      OnlinePurchase,     250500,          0,          0,          0,     130188,     156457,      300,    13100,   102000,   158000,   322000,  4000000,
        InstPurchase,      70787,          0,          0,          0,      37789,      45591,      400,    13200,   102000,   159000,   336000,  4000000,
          AssocOfCat,        707,          0,          0,          0,        585,        820,    33000,    72000,   177500,   229700,   348370,   540000,
      AssocOfProduct,       7136,          0,          0,          0,       4281,       5325,      600,    13800,   109000,   165000,   340740,  1100000,
      BusinessReport,       1769,          0,          0,          0,       1550,       2065,    33000,    78000,   163000,   223000,   387000,   910000,
          CustBuyBeh,       7071,          0,          0,          0,       4293,       5326,      300,    13400,   107000,   163650,   337000,  1100000,
       ProductReturn,      19057,          0,          0,          0,       9766,      11999,      500,    13900,   106000,   161000,   347000,  1100000,

  6944s: (86%)   IR =  11900 .[6945.545s][info][gc,start       ] GC(1195) Pause Young (Normal) (G1 Evacuation Pause)
[6945.545s][info][gc,task        ] GC(1195) Using 8 workers of 8 for evacuation
[6945.697s][info][gc,phases      ] GC(1195)   Pre Evacuate Collection Set: 0.27ms
[6945.698s][info][gc,phases      ] GC(1195)   Merge Heap Roots: 0.53ms
[6945.698s][info][gc,phases      ] GC(1195)   Evacuate Collection Set: 150.67ms
[6945.698s][info][gc,phases      ] GC(1195)   Post Evacuate Collection Set: 1.03ms
[6945.698s][info][gc,phases      ] GC(1195)   Other: 0.07ms
[6945.698s][info][gc,heap        ] GC(1195) Eden regions: 570->0(570)
[6945.698s][info][gc,heap        ] GC(1195) Survivor regions: 44->44(77)
[6945.698s][info][gc,heap        ] GC(1195) Old regions: 232->239
[6945.698s][info][gc,heap        ] GC(1195) Humongous regions: 33->33
[6945.698s][info][gc,metaspace   ] GC(1195) Metaspace: 30015K(30144K)->30015K(30144K) NonClass: 30015K(30144K)->30015K(30144K) Class: 0K(0K)->0K(0K)
[6945.698s][info][gc             ] GC(1195) Pause Young (Normal) (G1 Evacuation Pause) 7010M->2507M(8192M) 152.703ms
[6945.698s][info][gc,cpu         ] GC(1195) User=1.21s Sys=0.00s Real=0.15s
...[6948.769s][info][gc,start       ] GC(1196) Pause Young (Normal) (G1 Evacuation Pause)
[6948.769s][info][gc,task        ] GC(1196) Using 8 workers of 8 for evacuation
[6948.924s][info][gc,phases      ] GC(1196)   Pre Evacuate Collection Set: 0.23ms
[6948.924s][info][gc,phases      ] GC(1196)   Merge Heap Roots: 0.51ms
[6948.924s][info][gc,phases      ] GC(1196)   Evacuate Collection Set: 153.21ms
[6948.924s][info][gc,phases      ] GC(1196)   Post Evacuate Collection Set: 1.09ms
[6948.924s][info][gc,phases      ] GC(1196)   Other: 0.06ms
[6948.924s][info][gc,heap        ] GC(1196) Eden regions: 570->0(570)
[6948.924s][info][gc,heap        ] GC(1196) Survivor regions: 44->44(77)
[6948.924s][info][gc,heap        ] GC(1196) Old regions: 239->246
[6948.924s][info][gc,heap        ] GC(1196) Humongous regions: 33->33
[6948.924s][info][gc,metaspace   ] GC(1196) Metaspace: 30015K(30144K)->30015K(30144K) NonClass: 30015K(30144K)->30015K(30144K) Class: 0K(0K)->0K(0K)
[6948.924s][info][gc             ] GC(1196) Pause Young (Normal) (G1 Evacuation Pause) 7067M->2570M(8192M) 155.236ms
[6948.924s][info][gc,cpu         ] GC(1196) User=1.23s Sys=0.00s Real=0.16s
...[6952.009s][info][gc,start       ] GC(1197) Pause Young (Normal) (G1 Evacuation Pause)
[6952.009s][info][gc,task        ] GC(1197) Using 8 workers of 8 for evacuation
[6952.164s][info][gc,phases      ] GC(1197)   Pre Evacuate Collection Set: 0.24ms
[6952.164s][info][gc,phases      ] GC(1197)   Merge Heap Roots: 0.62ms
[6952.164s][info][gc,phases      ] GC(1197)   Evacuate Collection Set: 152.91ms
[6952.164s][info][gc,phases      ] GC(1197)   Post Evacuate Collection Set: 1.05ms
[6952.164s][info][gc,phases      ] GC(1197)   Other: 0.06ms
[6952.164s][info][gc,heap        ] GC(1197) Eden regions: 570->0(569)
[6952.164s][info][gc,heap        ] GC(1197) Survivor regions: 44->45(77)
[6952.164s][info][gc,heap        ] GC(1197) Old regions: 246->254
[6952.164s][info][gc,heap        ] GC(1197) Humongous regions: 33->33
[6952.164s][info][gc,metaspace   ] GC(1197) Metaspace: 30015K(30144K)->30015K(30144K) NonClass: 30015K(30144K)->30015K(30144K) Class: 0K(0K)->0K(0K)
[6952.164s][info][gc             ] GC(1197) Pause Young (Normal) (G1 Evacuation Pause) 7130M->2633M(8192M) 155.030ms
[6952.164s][info][gc,cpu         ] GC(1197) User=1.22s Sys=0.00s Real=0.16s
....[6955.335s][info][gc,start       ] GC(1198) Pause Young (Normal) (G1 Evacuation Pause)
[6955.335s][info][gc,task        ] GC(1198) Using 8 workers of 8 for evacuation
[6955.489s][info][gc,phases      ] GC(1198)   Pre Evacuate Collection Set: 0.22ms
[6955.489s][info][gc,phases      ] GC(1198)   Merge Heap Roots: 0.50ms
[6955.489s][info][gc,phases      ] GC(1198)   Evacuate Collection Set: 152.00ms
[6955.489s][info][gc,phases      ] GC(1198)   Post Evacuate Collection Set: 1.02ms
[6955.489s][info][gc,phases      ] GC(1198)   Other: 0.07ms
[6955.489s][info][gc,heap        ] GC(1198) Eden regions: 569->0(570)
[6955.489s][info][gc,heap        ] GC(1198) Survivor regions: 45->44(77)
[6955.489s][info][gc,heap        ] GC(1198) Old regions: 254->261
[6955.489s][info][gc,heap        ] GC(1198) Humongous regions: 33->33
[6955.489s][info][gc,metaspace   ] GC(1198) Metaspace: 30015K(30144K)->30015K(30144K) NonClass: 30015K(30144K)->30015K(30144K) Class: 0K(0K)->0K(0K)
[6955.489s][info][gc             ] GC(1198) Pause Young (Normal) (G1 Evacuation Pause) 7185M->2681M(8192M) 153.939ms
[6955.489s][info][gc,cpu         ] GC(1198) User=1.22s Sys=0.00s Real=0.15s
...[6958.584s][info][gc,start       ] GC(1199) Pause Young (Normal) (G1 Evacuation Pause)
[6958.584s][info][gc,task        ] GC(1199) Using 8 workers of 8 for evacuation
[6958.735s][info][gc,phases      ] GC(1199)   Pre Evacuate Collection Set: 0.27ms
[6958.735s][info][gc,phases      ] GC(1199)   Merge Heap Roots: 0.48ms
[6958.735s][info][gc,phases      ] GC(1199)   Evacuate Collection Set: 149.30ms
[6958.735s][info][gc,phases      ] GC(1199)   Post Evacuate Collection Set: 1.02ms
[6958.735s][info][gc,phases      ] GC(1199)   Other: 0.06ms
[6958.735s][info][gc,heap        ] GC(1199) Eden regions: 570->0(571)
[6958.735s][info][gc,heap        ] GC(1199) Survivor regions: 44->43(77)
[6958.735s][info][gc,heap        ] GC(1199) Old regions: 261->268
[6958.735s][info][gc,heap        ] GC(1199) Humongous regions: 33->33
[6958.735s][info][gc,metaspace   ] GC(1199) Metaspace: 30015K(30144K)->30015K(30144K) NonClass: 30015K(30144K)->30015K(30144K) Class: 0K(0K)->0K(0K)
[6958.735s][info][gc             ] GC(1199) Pause Young (Normal) (G1 Evacuation Pause) 7241M->2733M(8192M) 151.271ms
[6958.735s][info][gc,cpu         ] GC(1199) User=1.20s Sys=0.00s Real=0.15s
...[6961.717s][info][gc,start       ] GC(1200) Pause Young (Normal) (G1 Evacuation Pause)
[6961.717s][info][gc,task        ] GC(1200) Using 8 workers of 8 for evacuation
[6961.869s][info][gc,phases      ] GC(1200)   Pre Evacuate Collection Set: 0.25ms
[6961.869s][info][gc,phases      ] GC(1200)   Merge Heap Roots: 0.49ms
[6961.869s][info][gc,phases      ] GC(1200)   Evacuate Collection Set: 150.48ms
[6961.869s][info][gc,phases      ] GC(1200)   Post Evacuate Collection Set: 1.04ms
[6961.869s][info][gc,phases      ] GC(1200)   Other: 0.06ms
[6961.869s][info][gc,heap        ] GC(1200) Eden regions: 571->0(570)
[6961.869s][info][gc,heap        ] GC(1200) Survivor regions: 43->44(77)
[6961.869s][info][gc,heap        ] GC(1200) Old regions: 268->275
[6961.869s][info][gc,heap        ] GC(1200) Humongous regions: 33->33
[6961.869s][info][gc,metaspace   ] GC(1200) Metaspace: 30015K(30144K)->30015K(30144K) NonClass: 30015K(30144K)->30015K(30144K) Class: 0K(0K)->0K(0K)
[6961.870s][info][gc             ] GC(1200) Pause Young (Normal) (G1 Evacuation Pause) 7301M->2797M(8192M) 152.465ms
[6961.870s][info][gc,cpu         ] GC(1200) User=1.21s Sys=0.00s Real=0.15s
...[6964.984s][info][gc,start       ] GC(1201) Pause Young (Normal) (G1 Evacuation Pause)
[6964.984s][info][gc,task        ] GC(1201) Using 8 workers of 8 for evacuation
[6965.138s][info][gc,phases      ] GC(1201)   Pre Evacuate Collection Set: 0.23ms
[6965.138s][info][gc,phases      ] GC(1201)   Merge Heap Roots: 0.49ms
[6965.138s][info][gc,phases      ] GC(1201)   Evacuate Collection Set: 151.53ms
[6965.138s][info][gc,phases      ] GC(1201)   Post Evacuate Collection Set: 1.04ms
[6965.138s][info][gc,phases      ] GC(1201)   Other: 0.06ms
[6965.138s][info][gc,heap        ] GC(1201) Eden regions: 570->0(570)
[6965.138s][info][gc,heap        ] GC(1201) Survivor regions: 44->44(77)
[6965.138s][info][gc,heap        ] GC(1201) Old regions: 275->281
[6965.138s][info][gc,heap        ] GC(1201) Humongous regions: 33->33
[6965.138s][info][gc,metaspace   ] GC(1201) Metaspace: 30015K(30144K)->30015K(30144K) NonClass: 30015K(30144K)->30015K(30144K) Class: 0K(0K)->0K(0K)
[6965.138s][info][gc             ] GC(1201) Pause Young (Normal) (G1 Evacuation Pause) 7357M->2851M(8192M) 153.474ms
[6965.138s][info][gc,cpu         ] GC(1201) User=1.22s Sys=0.00s Real=0.15s
...[6968.190s][info][gc,start       ] GC(1202) Pause Young (Normal) (G1 Evacuation Pause)
[6968.190s][info][gc,task        ] GC(1202) Using 8 workers of 8 for evacuation
[6968.338s][info][gc,phases      ] GC(1202)   Pre Evacuate Collection Set: 0.24ms
[6968.338s][info][gc,phases      ] GC(1202)   Merge Heap Roots: 0.49ms
[6968.338s][info][gc,phases      ] GC(1202)   Evacuate Collection Set: 146.55ms
[6968.338s][info][gc,phases      ] GC(1202)   Post Evacuate Collection Set: 1.05ms
[6968.338s][info][gc,phases      ] GC(1202)   Other: 0.06ms
[6968.338s][info][gc,heap        ] GC(1202) Eden regions: 570->0(564)
[6968.338s][info][gc,heap        ] GC(1202) Survivor regions: 44->43(77)
[6968.338s][info][gc,heap        ] GC(1202) Old regions: 281->289
[6968.338s][info][gc,heap        ] GC(1202) Humongous regions: 33->33
[6968.338s][info][gc,metaspace   ] GC(1202) Metaspace: 30015K(30144K)->30015K(30144K) NonClass: 30015K(30144K)->30015K(30144K) Class: 0K(0K)->0K(0K)
[6968.338s][info][gc             ] GC(1202) Pause Young (Normal) (G1 Evacuation Pause) 7411M->2901M(8192M) 148.519ms
[6968.338s][info][gc,cpu         ] GC(1202) User=1.18s Sys=0.00s Real=0.14s
.|...[6971.395s][info][gc,start       ] GC(1203) Pause Young (Normal) (G1 Evacuation Pause)
[6971.395s][info][gc,task        ] GC(1203) Using 8 workers of 8 for evacuation
[6971.544s][info][gc,phases      ] GC(1203)   Pre Evacuate Collection Set: 0.27ms
[6971.544s][info][gc,phases      ] GC(1203)   Merge Heap Roots: 0.57ms
[6971.544s][info][gc,phases      ] GC(1203)   Evacuate Collection Set: 147.39ms
[6971.544s][info][gc,phases      ] GC(1203)   Post Evacuate Collection Set: 1.05ms
[6971.544s][info][gc,phases      ] GC(1203)   Other: 0.06ms
[6971.544s][info][gc,heap        ] GC(1203) Eden regions: 564->0(557)
[6971.544s][info][gc,heap        ] GC(1203) Survivor regions: 43->43(76)
[6971.544s][info][gc,heap        ] GC(1203) Old regions: 289->296
[6971.544s][info][gc,heap        ] GC(1203) Humongous regions: 33->33
[6971.544s][info][gc,metaspace   ] GC(1203) Metaspace: 30015K(30144K)->30015K(30144K) NonClass: 30015K(30144K)->30015K(30144K) Class: 0K(0K)->0K(0K)
[6971.544s][info][gc             ] GC(1203) Pause Young (Normal) (G1 Evacuation Pause) 7413M->2959M(8192M) 149.468ms
[6971.544s][info][gc,cpu         ] GC(1203) User=1.19s Sys=0.00s Real=0.15s
...[6974.430s][info][gc,start       ] GC(1204) Pause Young (Normal) (G1 Evacuation Pause)
[6974.430s][info][gc,task        ] GC(1204) Using 8 workers of 8 for evacuation
[6974.579s][info][gc,phases      ] GC(1204)   Pre Evacuate Collection Set: 0.23ms
[6974.579s][info][gc,phases      ] GC(1204)   Merge Heap Roots: 0.53ms
[6974.579s][info][gc,phases      ] GC(1204)   Evacuate Collection Set: 147.43ms
[6974.579s][info][gc,phases      ] GC(1204)   Post Evacuate Collection Set: 1.03ms
[6974.579s][info][gc,phases      ] GC(1204)   Other: 0.06ms
[6974.579s][info][gc,heap        ] GC(1204) Eden regions: 557->0(548)
[6974.579s][info][gc,heap        ] GC(1204) Survivor regions: 43->44(75)
[6974.579s][info][gc,heap        ] GC(1204) Old regions: 296->303
[6974.579s][info][gc,heap        ] GC(1204) Humongous regions: 33->33
[6974.579s][info][gc,metaspace   ] GC(1204) Metaspace: 30015K(30144K)->30015K(30144K) NonClass: 30015K(30144K)->30015K(30144K) Class: 0K(0K)->0K(0K)
[6974.579s][info][gc             ] GC(1204) Pause Young (Normal) (G1 Evacuation Pause) 7415M->3022M(8192M) 149.397ms
[6974.580s][info][gc,cpu         ] GC(1204) User=1.19s Sys=0.00s Real=0.14s
...[6977.570s][info][gc,start       ] GC(1205) Pause Young (Concurrent Start) (G1 Evacuation Pause)
[6977.570s][info][gc,task        ] GC(1205) Using 8 workers of 8 for evacuation
[6977.723s][info][gc,phases      ] GC(1205)   Pre Evacuate Collection Set: 0.28ms
[6977.723s][info][gc,phases      ] GC(1205)   Merge Heap Roots: 0.49ms
[6977.723s][info][gc,phases      ] GC(1205)   Evacuate Collection Set: 151.14ms
[6977.723s][info][gc,phases      ] GC(1205)   Post Evacuate Collection Set: 1.00ms
[6977.723s][info][gc,phases      ] GC(1205)   Other: 0.10ms
[6977.723s][info][gc,heap        ] GC(1205) Eden regions: 548->0(540)
[6977.723s][info][gc,heap        ] GC(1205) Survivor regions: 44->44(74)
[6977.723s][info][gc,heap        ] GC(1205) Old regions: 303->311
[6977.723s][info][gc,heap        ] GC(1205) Humongous regions: 33->33
[6977.723s][info][gc,metaspace   ] GC(1205) Metaspace: 30015K(30144K)->30015K(30144K) NonClass: 30015K(30144K)->30015K(30144K) Class: 0K(0K)->0K(0K)
[6977.723s][info][gc             ] GC(1205) Pause Young (Concurrent Start) (G1 Evacuation Pause) 7406M->3082M(8192M) 153.133ms
[6977.723s][info][gc             ] GC(1206) Concurrent Mark Cycle
[6977.723s][info][gc,marking     ] GC(1206) Concurrent Scan Root Regions
[6977.723s][info][gc,cpu         ] GC(1205) User=1.21s Sys=0.00s Real=0.15s
[6978.039s][info][gc,marking     ] GC(1206) Concurrent Scan Root Regions 315.264ms
[6978.039s][info][gc,marking     ] GC(1206) Concurrent Mark
[6978.039s][info][gc,marking     ] GC(1206) Concurrent Mark From Roots
[6978.039s][info][gc,task        ] GC(1206) Using 2 workers of 2 for marking
.[6979.151s][info][gc,marking     ] GC(1206) Concurrent Mark From Roots 1112.495ms
[6979.151s][info][gc,marking     ] GC(1206) Concurrent Preclean
[6979.151s][info][gc,marking     ] GC(1206) Concurrent Preclean 0.116ms
[6979.152s][info][gc,start       ] GC(1206) Pause Remark
[6979.153s][info][gc             ] GC(1206) Pause Remark 4720M->4096M(8192M) 1.961ms
[6979.154s][info][gc,cpu         ] GC(1206) User=0.02s Sys=0.00s Real=0.00s
[6979.154s][info][gc,marking     ] GC(1206) Concurrent Mark 1114.844ms
[6979.154s][info][gc,marking     ] GC(1206) Concurrent Rebuild Remembered Sets and Scrub Regions
.[6980.029s][info][gc,marking     ] GC(1206) Concurrent Rebuild Remembered Sets and Scrub Regions 875.691ms
[6980.030s][info][gc,start       ] GC(1206) Pause Cleanup
[6980.030s][info][gc             ] GC(1206) Pause Cleanup 5258M->5258M(8192M) 0.257ms
[6980.030s][info][gc,cpu         ] GC(1206) User=0.00s Sys=0.00s Real=0.01s
[6980.030s][info][gc,marking     ] GC(1206) Concurrent Clear Claimed Marks
[6980.030s][info][gc,marking     ] GC(1206) Concurrent Clear Claimed Marks 0.046ms
[6980.030s][info][gc,marking     ] GC(1206) Concurrent Cleanup for Next Mark
[6980.040s][info][gc,marking     ] GC(1206) Concurrent Cleanup for Next Mark 10.483ms
[6980.040s][info][gc             ] GC(1206) Concurrent Mark Cycle 2317.076ms
.[6980.969s][info][gc,start       ] GC(1207) Pause Young (Prepare Mixed) (G1 Evacuation Pause)
[6980.969s][info][gc,task        ] GC(1207) Using 8 workers of 8 for evacuation
[6981.119s][info][gc,phases      ] GC(1207)   Pre Evacuate Collection Set: 0.23ms
[6981.119s][info][gc,phases      ] GC(1207)   Merge Heap Roots: 0.69ms
[6981.119s][info][gc,phases      ] GC(1207)   Evacuate Collection Set: 147.66ms
[6981.119s][info][gc,phases      ] GC(1207)   Post Evacuate Collection Set: 1.10ms
[6981.119s][info][gc,phases      ] GC(1207)   Other: 0.06ms
[6981.119s][info][gc,heap        ] GC(1207) Eden regions: 540->0(571)
[6981.119s][info][gc,heap        ] GC(1207) Survivor regions: 44->43(73)
[6981.119s][info][gc,heap        ] GC(1207) Old regions: 233->240
[6981.119s][info][gc,heap        ] GC(1207) Humongous regions: 33->33
[6981.119s][info][gc,metaspace   ] GC(1207) Metaspace: 30015K(30144K)->30015K(30144K) NonClass: 30015K(30144K)->30015K(30144K) Class: 0K(0K)->0K(0K)
[6981.119s][info][gc             ] GC(1207) Pause Young (Prepare Mixed) (G1 Evacuation Pause) 6778M->2515M(8192M) 149.868ms
[6981.119s][info][gc,cpu         ] GC(1207) User=1.19s Sys=0.00s Real=0.15s
...[6983.932s][info][gc,start       ] GC(1208) Pause Young (Mixed) (G1 Evacuation Pause)
[6983.932s][info][gc,task        ] GC(1208) Using 8 workers of 8 for evacuation
[6984.097s][info][gc,phases      ] GC(1208)   Pre Evacuate Collection Set: 0.27ms
[6984.097s][info][gc,phases      ] GC(1208)   Merge Heap Roots: 0.79ms
[6984.097s][info][gc,phases      ] GC(1208)   Evacuate Collection Set: 163.35ms
[6984.097s][info][gc,phases      ] GC(1208)   Post Evacuate Collection Set: 1.22ms
[6984.097s][info][gc,phases      ] GC(1208)   Other: 0.07ms
[6984.097s][info][gc,heap        ] GC(1208) Eden regions: 571->0(570)
[6984.097s][info][gc,heap        ] GC(1208) Survivor regions: 43->44(77)
[6984.097s][info][gc,heap        ] GC(1208) Old regions: 240->146
[6984.097s][info][gc,heap        ] GC(1208) Humongous regions: 33->33
[6984.097s][info][gc,metaspace   ] GC(1208) Metaspace: 30015K(30144K)->30015K(30144K) NonClass: 30015K(30144K)->30015K(30144K) Class: 0K(0K)->0K(0K)
[6984.097s][info][gc             ] GC(1208) Pause Young (Mixed) (G1 Evacuation Pause) 7083M->1769M(8192M) 165.832ms
[6984.097s][info][gc,cpu         ] GC(1208) User=1.31s Sys=0.00s Real=0.16s
...[6987.144s][info][gc,start       ] GC(1209) Pause Young (Mixed) (G1 Evacuation Pause)
[6987.144s][info][gc,task        ] GC(1209) Using 8 workers of 8 for evacuation
[6987.297s][info][gc,phases      ] GC(1209)   Pre Evacuate Collection Set: 0.25ms
[6987.297s][info][gc,phases      ] GC(1209)   Merge Heap Roots: 0.68ms
[6987.297s][info][gc,phases      ] GC(1209)   Evacuate Collection Set: 151.41ms
[6987.297s][info][gc,phases      ] GC(1209)   Post Evacuate Collection Set: 1.05ms
[6987.297s][info][gc,phases      ] GC(1209)   Other: 0.07ms
[6987.297s][info][gc,heap        ] GC(1209) Eden regions: 570->0(571)
[6987.297s][info][gc,heap        ] GC(1209) Survivor regions: 44->43(77)
[6987.297s][info][gc,heap        ] GC(1209) Old regions: 146->144
[6987.297s][info][gc,heap        ] GC(1209) Humongous regions: 33->33
[6987.297s][info][gc,metaspace   ] GC(1209) Metaspace: 30015K(30144K)->30015K(30144K) NonClass: 30015K(30144K)->30015K(30144K) Class: 0K(0K)->0K(0K)
[6987.297s][info][gc             ] GC(1209) Pause Young (Mixed) (G1 Evacuation Pause) 6329M->1744M(8192M) 153.581ms
[6987.298s][info][gc,cpu         ] GC(1209) User=1.21s Sys=0.00s Real=0.15s
....[6990.450s][info][gc,start       ] GC(1210) Pause Young (Normal) (G1 Evacuation Pause)
[6990.450s][info][gc,task        ] GC(1210) Using 8 workers of 8 for evacuation
[6990.607s][info][gc,phases      ] GC(1210)   Pre Evacuate Collection Set: 0.23ms
[6990.607s][info][gc,phases      ] GC(1210)   Merge Heap Roots: 0.50ms
[6990.607s][info][gc,phases      ] GC(1210)   Evacuate Collection Set: 155.46ms
[6990.607s][info][gc,phases      ] GC(1210)   Post Evacuate Collection Set: 1.05ms
[6990.607s][info][gc,phases      ] GC(1210)   Other: 0.06ms
[6990.607s][info][gc,heap        ] GC(1210) Eden regions: 571->0(570)
[6990.607s][info][gc,heap        ] GC(1210) Survivor regions: 43->44(77)
[6990.607s][info][gc,heap        ] GC(1210) Old regions: 144->151
[6990.607s][info][gc,heap        ] GC(1210) Humongous regions: 33->33
[6990.607s][info][gc,metaspace   ] GC(1210) Metaspace: 30015K(30144K)->30015K(30144K) NonClass: 30015K(30144K)->30015K(30144K) Class: 0K(0K)->0K(0K)
[6990.607s][info][gc             ] GC(1210) Pause Young (Normal) (G1 Evacuation Pause) 6312M->1811M(8192M) 157.449ms
[6990.607s][info][gc,cpu         ] GC(1210) User=1.24s Sys=0.00s Real=0.15s
...[6993.649s][info][gc,start       ] GC(1211) Pause Young (Normal) (G1 Evacuation Pause)
[6993.649s][info][gc,task        ] GC(1211) Using 8 workers of 8 for evacuation
[6993.799s][info][gc,phases      ] GC(1211)   Pre Evacuate Collection Set: 0.24ms
[6993.799s][info][gc,phases      ] GC(1211)   Merge Heap Roots: 0.48ms
[6993.799s][info][gc,phases      ] GC(1211)   Evacuate Collection Set: 148.07ms
[6993.799s][info][gc,phases      ] GC(1211)   Post Evacuate Collection Set: 1.06ms
[6993.799s][info][gc,phases      ] GC(1211)   Other: 0.06ms
[6993.799s][info][gc,heap        ] GC(1211) Eden regions: 570->0(571)
[6993.799s][info][gc,heap        ] GC(1211) Survivor regions: 44->43(77)
[6993.799s][info][gc,heap        ] GC(1211) Old regions: 151->158
[6993.799s][info][gc,heap        ] GC(1211) Humongous regions: 33->33
[6993.799s][info][gc,metaspace   ] GC(1211) Metaspace: 30015K(30144K)->30015K(30144K) NonClass: 30015K(30144K)->30015K(30144K) Class: 0K(0K)->0K(0K)
[6993.799s][info][gc             ] GC(1211) Pause Young (Normal) (G1 Evacuation Pause) 6371M->1855M(8192M) 150.042ms
[6993.799s][info][gc,cpu         ] GC(1211) User=1.19s Sys=0.00s Real=0.15s
...[6996.857s][info][gc,start       ] GC(1212) Pause Young (Normal) (G1 Evacuation Pause)
[6996.857s][info][gc,task        ] GC(1212) Using 8 workers of 8 for evacuation
[6997.010s][info][gc,phases      ] GC(1212)   Pre Evacuate Collection Set: 0.26ms
[6997.010s][info][gc,phases      ] GC(1212)   Merge Heap Roots: 0.48ms
[6997.010s][info][gc,phases      ] GC(1212)   Evacuate Collection Set: 150.91ms
[6997.010s][info][gc,phases      ] GC(1212)   Post Evacuate Collection Set: 1.03ms
[6997.010s][info][gc,phases      ] GC(1212)   Other: 0.06ms
[6997.010s][info][gc,heap        ] GC(1212) Eden regions: 571->0(570)
[6997.010s][info][gc,heap        ] GC(1212) Survivor regions: 43->44(77)
[6997.010s][info][gc,heap        ] GC(1212) Old regions: 158->166
[6997.010s][info][gc,heap        ] GC(1212) Humongous regions: 33->33
[6997.010s][info][gc,metaspace   ] GC(1212) Metaspace: 30015K(30144K)->30015K(30144K) NonClass: 30015K(30144K)->30015K(30144K) Class: 0K(0K)->0K(0K)
[6997.010s][info][gc             ] GC(1212) Pause Young (Normal) (G1 Evacuation Pause) 6423M->1921M(8192M) 152.858ms
[6997.010s][info][gc,cpu         ] GC(1212) User=1.21s Sys=0.00s Real=0.16s
...[7000.013s][info][gc,start       ] GC(1213) Pause Young (Normal) (G1 Evacuation Pause)
[7000.013s][info][gc,task        ] GC(1213) Using 8 workers of 8 for evacuation
[7000.173s][info][gc,phases      ] GC(1213)   Pre Evacuate Collection Set: 0.23ms
[7000.173s][info][gc,phases      ] GC(1213)   Merge Heap Roots: 0.49ms
[7000.173s][info][gc,phases      ] GC(1213)   Evacuate Collection Set: 158.43ms
[7000.173s][info][gc,phases      ] GC(1213)   Post Evacuate Collection Set: 1.02ms
[7000.173s][info][gc,phases      ] GC(1213)   Other: 0.06ms
[7000.173s][info][gc,heap        ] GC(1213) Eden regions: 570->0(568)
[7000.173s][info][gc,heap        ] GC(1213) Survivor regions: 44->46(77)
[7000.173s][info][gc,heap        ] GC(1213) Old regions: 166->173
[7000.173s][info][gc,heap        ] GC(1213) Humongous regions: 33->33
[7000.173s][info][gc,metaspace   ] GC(1213) Metaspace: 30015K(30144K)->30015K(30144K) NonClass: 30015K(30144K)->30015K(30144K) Class: 0K(0K)->0K(0K)
[7000.173s][info][gc             ] GC(1213) Pause Young (Normal) (G1 Evacuation Pause) 6481M->1995M(8192M) 160.362ms
[7000.174s][info][gc,cpu         ] GC(1213) User=1.27s Sys=0.00s Real=0.16s
...[7003.206s][info][gc,start       ] GC(1214) Pause Young (Normal) (G1 Evacuation Pause)
[7003.206s][info][gc,task        ] GC(1214) Using 8 workers of 8 for evacuation
[7003.353s][info][gc,phases      ] GC(1214)   Pre Evacuate Collection Set: 0.23ms
[7003.353s][info][gc,phases      ] GC(1214)   Merge Heap Roots: 0.55ms
[7003.353s][info][gc,phases      ] GC(1214)   Evacuate Collection Set: 145.21ms
[7003.353s][info][gc,phases      ] GC(1214)   Post Evacuate Collection Set: 1.07ms
[7003.353s][info][gc,phases      ] GC(1214)   Other: 0.06ms
[7003.353s][info][gc,heap        ] GC(1214) Eden regions: 568->0(571)
[7003.353s][info][gc,heap        ] GC(1214) Survivor regions: 46->43(77)
[7003.353s][info][gc,heap        ] GC(1214) Old regions: 173->180
[7003.353s][info][gc,heap        ] GC(1214) Humongous regions: 33->33
[7003.353s][info][gc,metaspace   ] GC(1214) Metaspace: 30015K(30144K)->30015K(30144K) NonClass: 30015K(30144K)->30015K(30144K) Class: 0K(0K)->0K(0K)
[7003.353s][info][gc             ] GC(1214) Pause Young (Normal) (G1 Evacuation Pause) 6539M->2029M(8192M) 147.250ms
[7003.353s][info][gc,cpu         ] GC(1214) User=1.17s Sys=0.01s Real=0.15s
....[7006.452s][info][gc,start       ] GC(1215) Pause Young (Normal) (G1 Evacuation Pause)
[7006.452s][info][gc,task        ] GC(1215) Using 8 workers of 8 for evacuation
[7006.602s][info][gc,phases      ] GC(1215)   Pre Evacuate Collection Set: 0.25ms
[7006.602s][info][gc,phases      ] GC(1215)   Merge Heap Roots: 0.50ms
[7006.602s][info][gc,phases      ] GC(1215)   Evacuate Collection Set: 148.71ms
[7006.602s][info][gc,phases      ] GC(1215)   Post Evacuate Collection Set: 1.00ms
[7006.602s][info][gc,phases      ] GC(1215)   Other: 0.07ms
[7006.602s][info][gc,heap        ] GC(1215) Eden regions: 571->0(571)
[7006.602s][info][gc,heap        ] GC(1215) Survivor regions: 43->43(77)
[7006.602s][info][gc,heap        ] GC(1215) Old regions: 180->187
[7006.602s][info][gc,heap        ] GC(1215) Humongous regions: 33->33
[7006.602s][info][gc,metaspace   ] GC(1215) Metaspace: 30015K(30144K)->30015K(30144K) NonClass: 30015K(30144K)->30015K(30144K) Class: 0K(0K)->0K(0K)
[7006.602s][info][gc             ] GC(1215) Pause Young (Normal) (G1 Evacuation Pause) 6597M->2090M(8192M) 150.664ms
[7006.602s][info][gc,cpu         ] GC(1215) User=1.20s Sys=0.00s Real=0.15s
...[7009.753s][info][gc,start       ] GC(1216) Pause Young (Normal) (G1 Evacuation Pause)
[7009.753s][info][gc,task        ] GC(1216) Using 8 workers of 8 for evacuation
[7009.906s][info][gc,phases      ] GC(1216)   Pre Evacuate Collection Set: 0.25ms
[7009.906s][info][gc,phases      ] GC(1216)   Merge Heap Roots: 0.51ms
[7009.906s][info][gc,phases      ] GC(1216)   Evacuate Collection Set: 151.84ms
[7009.906s][info][gc,phases      ] GC(1216)   Post Evacuate Collection Set: 1.02ms
[7009.906s][info][gc,phases      ] GC(1216)   Other: 0.06ms
[7009.906s][info][gc,heap        ] GC(1216) Eden regions: 571->0(570)
[7009.906s][info][gc,heap        ] GC(1216) Survivor regions: 43->44(77)
[7009.906s][info][gc,heap        ] GC(1216) Old regions: 187->195
[7009.906s][info][gc,heap        ] GC(1216) Humongous regions: 33->33
[7009.906s][info][gc,metaspace   ] GC(1216) Metaspace: 30015K(30144K)->30015K(30144K) NonClass: 30015K(30144K)->30015K(30144K) Class: 0K(0K)->0K(0K)
[7009.906s][info][gc             ] GC(1216) Pause Young (Normal) (G1 Evacuation Pause) 6658M->2155M(8192M) 153.811ms
[7009.906s][info][gc,cpu         ] GC(1216) User=1.22s Sys=0.00s Real=0.15s
...[7013.010s][info][gc,start       ] GC(1217) Pause Young (Normal) (G1 Evacuation Pause)
[7013.010s][info][gc,task        ] GC(1217) Using 8 workers of 8 for evacuation
[7013.169s][info][gc,phases      ] GC(1217)   Pre Evacuate Collection Set: 0.25ms
[7013.169s][info][gc,phases      ] GC(1217)   Merge Heap Roots: 0.48ms
[7013.169s][info][gc,phases      ] GC(1217)   Evacuate Collection Set: 157.41ms
[7013.169s][info][gc,phases      ] GC(1217)   Post Evacuate Collection Set: 1.03ms
[7013.169s][info][gc,phases      ] GC(1217)   Other: 0.06ms
[7013.169s][info][gc,heap        ] GC(1217) Eden regions: 570->0(569)
[7013.169s][info][gc,heap        ] GC(1217) Survivor regions: 44->45(77)
[7013.169s][info][gc,heap        ] GC(1217) Old regions: 195->202
[7013.169s][info][gc,heap        ] GC(1217) Humongous regions: 33->33
[7013.169s][info][gc,metaspace   ] GC(1217) Metaspace: 30015K(30144K)->30015K(30144K) NonClass: 30015K(30144K)->30015K(30144K) Class: 0K(0K)->0K(0K)
[7013.169s][info][gc             ] GC(1217) Pause Young (Normal) (G1 Evacuation Pause) 6715M->2225M(8192M) 159.377ms
[7013.169s][info][gc,cpu         ] GC(1217) User=1.26s Sys=0.01s Real=0.16s
...[7016.323s][info][gc,start       ] GC(1218) Pause Young (Normal) (G1 Evacuation Pause)
[7016.323s][info][gc,task        ] GC(1218) Using 8 workers of 8 for evacuation
[7016.473s][info][gc,phases      ] GC(1218)   Pre Evacuate Collection Set: 0.24ms
[7016.473s][info][gc,phases      ] GC(1218)   Merge Heap Roots: 0.49ms
[7016.473s][info][gc,phases      ] GC(1218)   Evacuate Collection Set: 148.67ms
[7016.473s][info][gc,phases      ] GC(1218)   Post Evacuate Collection Set: 1.01ms
[7016.473s][info][gc,phases      ] GC(1218)   Other: 0.05ms
[7016.473s][info][gc,heap        ] GC(1218) Eden regions: 569->0(571)
[7016.473s][info][gc,heap        ] GC(1218) Survivor regions: 45->43(77)
[7016.473s][info][gc,heap        ] GC(1218) Old regions: 202->209
[7016.473s][info][gc,heap        ] GC(1218) Humongous regions: 33->33
[7016.473s][info][gc,metaspace   ] GC(1218) Metaspace: 30015K(30144K)->30015K(30144K) NonClass: 30015K(30144K)->30015K(30144K) Class: 0K(0K)->0K(0K)
[7016.473s][info][gc             ] GC(1218) Pause Young (Normal) (G1 Evacuation Pause) 6777M->2267M(8192M) 150.641ms
[7016.473s][info][gc,cpu         ] GC(1218) User=1.19s Sys=0.00s Real=0.15s
....[7019.512s][info][gc,start       ] GC(1219) Pause Young (Normal) (G1 Evacuation Pause)
[7019.512s][info][gc,task        ] GC(1219) Using 8 workers of 8 for evacuation
[7019.663s][info][gc,phases      ] GC(1219)   Pre Evacuate Collection Set: 0.27ms
[7019.663s][info][gc,phases      ] GC(1219)   Merge Heap Roots: 0.51ms
[7019.663s][info][gc,phases      ] GC(1219)   Evacuate Collection Set: 148.99ms
[7019.663s][info][gc,phases      ] GC(1219)   Post Evacuate Collection Set: 1.05ms
[7019.663s][info][gc,phases      ] GC(1219)   Other: 0.06ms
[7019.663s][info][gc,heap        ] GC(1219) Eden regions: 571->0(570)
[7019.663s][info][gc,heap        ] GC(1219) Survivor regions: 43->44(77)
[7019.663s][info][gc,heap        ] GC(1219) Old regions: 209->217
[7019.663s][info][gc,heap        ] GC(1219) Humongous regions: 33->33
[7019.663s][info][gc,metaspace   ] GC(1219) Metaspace: 30015K(30144K)->30015K(30144K) NonClass: 30015K(30144K)->30015K(30144K) Class: 0K(0K)->0K(0K)
[7019.663s][info][gc             ] GC(1219) Pause Young (Normal) (G1 Evacuation Pause) 6835M->2335M(8192M) 151.005ms
[7019.663s][info][gc,cpu         ] GC(1219) User=1.20s Sys=0.00s Real=0.15s
...[7022.749s][info][gc,start       ] GC(1220) Pause Young (Normal) (G1 Evacuation Pause)
[7022.749s][info][gc,task        ] GC(1220) Using 8 workers of 8 for evacuation
[7022.898s][info][gc,phases      ] GC(1220)   Pre Evacuate Collection Set: 0.26ms
[7022.898s][info][gc,phases      ] GC(1220)   Merge Heap Roots: 0.50ms
[7022.898s][info][gc,phases      ] GC(1220)   Evacuate Collection Set: 146.61ms
[7022.898s][info][gc,phases      ] GC(1220)   Post Evacuate Collection Set: 1.03ms
[7022.898s][info][gc,phases      ] GC(1220)   Other: 0.08ms
[7022.898s][info][gc,heap        ] GC(1220) Eden regions: 570->0(570)
[7022.898s][info][gc,heap        ] GC(1220) Survivor regions: 44->44(77)
[7022.898s][info][gc,heap        ] GC(1220) Old regions: 217->224
[7022.898s][info][gc,heap        ] GC(1220) Humongous regions: 33->33
[7022.898s][info][gc,metaspace   ] GC(1220) Metaspace: 30015K(30144K)->30015K(30144K) NonClass: 30015K(30144K)->30015K(30144K) Class: 0K(0K)->0K(0K)
[7022.898s][info][gc             ] GC(1220) Pause Young (Normal) (G1 Evacuation Pause) 6895M->2391M(8192M) 148.605ms
[7022.898s][info][gc,cpu         ] GC(1220) User=1.18s Sys=0.00s Real=0.15s
...[7026.001s][info][gc,start       ] GC(1221) Pause Young (Normal) (G1 Evacuation Pause)
[7026.001s][info][gc,task        ] GC(1221) Using 8 workers of 8 for evacuation
[7026.160s][info][gc,phases      ] GC(1221)   Pre Evacuate Collection Set: 0.24ms
[7026.160s][info][gc,phases      ] GC(1221)   Merge Heap Roots: 0.49ms
[7026.160s][info][gc,phases      ] GC(1221)   Evacuate Collection Set: 157.22ms
[7026.160s][info][gc,phases      ] GC(1221)   Post Evacuate Collection Set: 1.04ms
[7026.160s][info][gc,phases      ] GC(1221)   Other: 0.06ms
[7026.160s][info][gc,heap        ] GC(1221) Eden regions: 570->0(569)
[7026.160s][info][gc,heap        ] GC(1221) Survivor regions: 44->45(77)
[7026.160s][info][gc,heap        ] GC(1221) Old regions: 224->232
[7026.160s][info][gc,heap        ] GC(1221) Humongous regions: 33->33
[7026.160s][info][gc,metaspace   ] GC(1221) Metaspace: 30015K(30144K)->30015K(30144K) NonClass: 30015K(30144K)->30015K(30144K) Class: 0K(0K)->0K(0K)
[7026.160s][info][gc             ] GC(1221) Pause Young (Normal) (G1 Evacuation Pause) 6951M->2462M(8192M) 159.173ms
[7026.160s][info][gc,cpu         ] GC(1221) User=1.26s Sys=0.00s Real=0.16s
... (rIR:aIR:PR = 11900:11917:11919) (tPR = 176047) [OK] 
  7028s: Performance info:
         Transaction,    Success,    Partial,     Failed,   Receipts, AvgBarcode, 
             Overall,     716894,          0,          0,     681039,      59.47, 
         Response times:
             Request,    Success,    Partial,     Failed,   SkipFail,     Probes,    Samples,      min,      p50,      p90,      p95,      p99,      max, 
       TotalPurchase,     680886,          0,          0,          0,     347910,     508228,      300,    13100,   106000,   158000,   330000,  3100000,
     InStorePurchase,     361325,          0,          0,          0,     182605,     266947,      300,    13000,   105000,   158000,   330000,  3100000,
      OnlinePurchase,     248948,          0,          0,          0,     128435,     186918,      300,    13200,   109000,   159000,   329000,  3100000,
        InstPurchase,      70613,          0,          0,          0,      36870,      54363,      400,    13300,   102000,   155000,   331360,  3100000,
          AssocOfCat,        719,          0,          0,          0,        599,       1031,    34000,    71000,   174800,   224400,   465760,   640000,
      AssocOfProduct,       7219,          0,          0,          0,       4383,       6584,      700,    13250,   112000,   165000,   343150,   690000,
      BusinessReport,       1797,          0,          0,          0,       1622,       2533,    28000,    77000,   200000,   235000,   440600,   720000,
          CustBuyBeh,       7169,          0,          0,          0,       4370,       6531,      300,    13600,   114000,   163000,   379360,   760000,
       ProductReturn,      19017,          0,          0,          0,       9856,      14426,      200,    12900,   108300,   156000,   329000,  1100000,

  7028s: (87%)   IR =  12038 [7029.251s][info][gc,start       ] GC(1222) Pause Young (Normal) (G1 Evacuation Pause)
[7029.251s][info][gc,task        ] GC(1222) Using 8 workers of 8 for evacuation
[7029.399s][info][gc,phases      ] GC(1222)   Pre Evacuate Collection Set: 0.24ms
[7029.399s][info][gc,phases      ] GC(1222)   Merge Heap Roots: 0.50ms
[7029.399s][info][gc,phases      ] GC(1222)   Evacuate Collection Set: 146.32ms
[7029.399s][info][gc,phases      ] GC(1222)   Post Evacuate Collection Set: 1.12ms
[7029.399s][info][gc,phases      ] GC(1222)   Other: 0.06ms
[7029.399s][info][gc,heap        ] GC(1222) Eden regions: 569->0(572)
[7029.399s][info][gc,heap        ] GC(1222) Survivor regions: 45->42(77)
[7029.399s][info][gc,heap        ] GC(1222) Old regions: 232->239
[7029.399s][info][gc,heap        ] GC(1222) Humongous regions: 33->33
[7029.399s][info][gc,metaspace   ] GC(1222) Metaspace: 30015K(30144K)->30015K(30144K) NonClass: 30015K(30144K)->30015K(30144K) Class: 0K(0K)->0K(0K)
[7029.399s][info][gc             ] GC(1222) Pause Young (Normal) (G1 Evacuation Pause) 7014M->2495M(8192M) 148.402ms
[7029.399s][info][gc,cpu         ] GC(1222) User=1.18s Sys=0.00s Real=0.14s
...[7032.498s][info][gc,start       ] GC(1223) Pause Young (Normal) (G1 Evacuation Pause)
[7032.498s][info][gc,task        ] GC(1223) Using 8 workers of 8 for evacuation
[7032.647s][info][gc,phases      ] GC(1223)   Pre Evacuate Collection Set: 0.24ms
[7032.647s][info][gc,phases      ] GC(1223)   Merge Heap Roots: 0.49ms
[7032.647s][info][gc,phases      ] GC(1223)   Evacuate Collection Set: 147.16ms
[7032.647s][info][gc,phases      ] GC(1223)   Post Evacuate Collection Set: 1.10ms
[7032.647s][info][gc,phases      ] GC(1223)   Other: 0.06ms
[7032.647s][info][gc,heap        ] GC(1223) Eden regions: 572->0(571)
[7032.647s][info][gc,heap        ] GC(1223) Survivor regions: 42->43(77)
[7032.647s][info][gc,heap        ] GC(1223) Old regions: 239->246
[7032.647s][info][gc,heap        ] GC(1223) Humongous regions: 33->33
[7032.647s][info][gc,metaspace   ] GC(1223) Metaspace: 30015K(30144K)->30015K(30144K) NonClass: 30015K(30144K)->30015K(30144K) Class: 0K(0K)->0K(0K)
[7032.647s][info][gc             ] GC(1223) Pause Young (Normal) (G1 Evacuation Pause) 7071M->2562M(8192M) 149.176ms
[7032.647s][info][gc,cpu         ] GC(1223) User=1.18s Sys=0.00s Real=0.15s
...[7035.668s][info][gc,start       ] GC(1224) Pause Young (Normal) (G1 Evacuation Pause)
[7035.668s][info][gc,task        ] GC(1224) Using 8 workers of 8 for evacuation
[7035.819s][info][gc,phases      ] GC(1224)   Pre Evacuate Collection Set: 0.23ms
[7035.819s][info][gc,phases      ] GC(1224)   Merge Heap Roots: 0.49ms
[7035.819s][info][gc,phases      ] GC(1224)   Evacuate Collection Set: 149.37ms
[7035.819s][info][gc,phases      ] GC(1224)   Post Evacuate Collection Set: 1.03ms
[7035.819s][info][gc,phases      ] GC(1224)   Other: 0.07ms
[7035.819s][info][gc,heap        ] GC(1224) Eden regions: 571->0(570)
[7035.819s][info][gc,heap        ] GC(1224) Survivor regions: 43->44(77)
[7035.819s][info][gc,heap        ] GC(1224) Old regions: 246->253
[7035.819s][info][gc,heap        ] GC(1224) Humongous regions: 33->33
[7035.819s][info][gc,metaspace   ] GC(1224) Metaspace: 30015K(30144K)->30015K(30144K) NonClass: 30015K(30144K)->30015K(30144K) Class: 0K(0K)->0K(0K)
[7035.819s][info][gc             ] GC(1224) Pause Young (Normal) (G1 Evacuation Pause) 7130M->2623M(8192M) 151.313ms
[7035.819s][info][gc,cpu         ] GC(1224) User=1.20s Sys=0.00s Real=0.15s
...[7038.780s][info][gc,start       ] GC(1225) Pause Young (Normal) (G1 Evacuation Pause)
[7038.780s][info][gc,task        ] GC(1225) Using 8 workers of 8 for evacuation
[7038.937s][info][gc,phases      ] GC(1225)   Pre Evacuate Collection Set: 0.24ms
[7038.937s][info][gc,phases      ] GC(1225)   Merge Heap Roots: 0.50ms
[7038.937s][info][gc,phases      ] GC(1225)   Evacuate Collection Set: 155.44ms
[7038.937s][info][gc,phases      ] GC(1225)   Post Evacuate Collection Set: 1.05ms
[7038.937s][info][gc,phases      ] GC(1225)   Other: 0.06ms
[7038.937s][info][gc,heap        ] GC(1225) Eden regions: 570->0(569)
[7038.937s][info][gc,heap        ] GC(1225) Survivor regions: 44->45(77)
[7038.937s][info][gc,heap        ] GC(1225) Old regions: 253->261
[7038.937s][info][gc,heap        ] GC(1225) Humongous regions: 33->33
[7038.937s][info][gc,metaspace   ] GC(1225) Metaspace: 30015K(30144K)->30015K(30144K) NonClass: 30015K(30144K)->30015K(30144K) Class: 0K(0K)->0K(0K)
[7038.937s][info][gc             ] GC(1225) Pause Young (Normal) (G1 Evacuation Pause) 7183M->2690M(8192M) 157.422ms
[7038.937s][info][gc,cpu         ] GC(1225) User=1.25s Sys=0.00s Real=0.16s
....[7041.958s][info][gc,start       ] GC(1226) Pause Young (Normal) (G1 Evacuation Pause)
[7041.958s][info][gc,task        ] GC(1226) Using 8 workers of 8 for evacuation
[7042.114s][info][gc,phases      ] GC(1226)   Pre Evacuate Collection Set: 0.24ms
[7042.114s][info][gc,phases      ] GC(1226)   Merge Heap Roots: 0.50ms
[7042.114s][info][gc,phases      ] GC(1226)   Evacuate Collection Set: 153.58ms
[7042.114s][info][gc,phases      ] GC(1226)   Post Evacuate Collection Set: 1.01ms
[7042.114s][info][gc,phases      ] GC(1226)   Other: 0.07ms
[7042.114s][info][gc,heap        ] GC(1226) Eden regions: 569->0(569)
[7042.114s][info][gc,heap        ] GC(1226) Survivor regions: 45->45(77)
[7042.114s][info][gc,heap        ] GC(1226) Old regions: 261->268
[7042.114s][info][gc,heap        ] GC(1226) Humongous regions: 33->33
[7042.114s][info][gc,metaspace   ] GC(1226) Metaspace: 30015K(30144K)->30015K(30144K) NonClass: 30015K(30144K)->30015K(30144K) Class: 0K(0K)->0K(0K)
[7042.114s][info][gc             ] GC(1226) Pause Young (Normal) (G1 Evacuation Pause) 7242M->2750M(8192M) 155.541ms
[7042.114s][info][gc,cpu         ] GC(1226) User=1.23s Sys=0.00s Real=0.16s
...[7045.107s][info][gc,start       ] GC(1227) Pause Young (Normal) (G1 Evacuation Pause)
[7045.107s][info][gc,task        ] GC(1227) Using 8 workers of 8 for evacuation
[7045.263s][info][gc,phases      ] GC(1227)   Pre Evacuate Collection Set: 0.23ms
[7045.263s][info][gc,phases      ] GC(1227)   Merge Heap Roots: 0.49ms
[7045.263s][info][gc,phases      ] GC(1227)   Evacuate Collection Set: 153.43ms
[7045.263s][info][gc,phases      ] GC(1227)   Post Evacuate Collection Set: 1.03ms
[7045.263s][info][gc,phases      ] GC(1227)   Other: 0.06ms
[7045.263s][info][gc,heap        ] GC(1227) Eden regions: 569->0(570)
[7045.263s][info][gc,heap        ] GC(1227) Survivor regions: 45->44(77)
[7045.263s][info][gc,heap        ] GC(1227) Old regions: 268->276
[7045.263s][info][gc,heap        ] GC(1227) Humongous regions: 33->33
[7045.263s][info][gc,metaspace   ] GC(1227) Metaspace: 30015K(30144K)->30015K(30144K) NonClass: 30015K(30144K)->30015K(30144K) Class: 0K(0K)->0K(0K)
[7045.263s][info][gc             ] GC(1227) Pause Young (Normal) (G1 Evacuation Pause) 7302M->2805M(8192M) 155.363ms
[7045.263s][info][gc,cpu         ] GC(1227) User=1.23s Sys=0.00s Real=0.16s
...[7048.332s][info][gc,start       ] GC(1228) Pause Young (Normal) (G1 Evacuation Pause)
[7048.332s][info][gc,task        ] GC(1228) Using 8 workers of 8 for evacuation
[7048.486s][info][gc,phases      ] GC(1228)   Pre Evacuate Collection Set: 0.24ms
[7048.486s][info][gc,phases      ] GC(1228)   Merge Heap Roots: 0.49ms
[7048.486s][info][gc,phases      ] GC(1228)   Evacuate Collection Set: 152.27ms
[7048.486s][info][gc,phases      ] GC(1228)   Post Evacuate Collection Set: 1.03ms
[7048.486s][info][gc,phases      ] GC(1228)   Other: 0.06ms
[7048.486s][info][gc,heap        ] GC(1228) Eden regions: 570->0(568)
[7048.486s][info][gc,heap        ] GC(1228) Survivor regions: 44->44(77)
[7048.486s][info][gc,heap        ] GC(1228) Old regions: 276->283
[7048.486s][info][gc,heap        ] GC(1228) Humongous regions: 33->33
[7048.486s][info][gc,metaspace   ] GC(1228) Metaspace: 30015K(30144K)->30015K(30144K) NonClass: 30015K(30144K)->30015K(30144K) Class: 0K(0K)->0K(0K)
[7048.486s][info][gc             ] GC(1228) Pause Young (Normal) (G1 Evacuation Pause) 7365M->2861M(8192M) 154.211ms
[7048.486s][info][gc,cpu         ] GC(1228) User=1.22s Sys=0.00s Real=0.15s
...|[7051.532s][info][gc,start       ] GC(1229) Pause Young (Normal) (G1 Evacuation Pause)
[7051.532s][info][gc,task        ] GC(1229) Using 8 workers of 8 for evacuation
[7051.689s][info][gc,phases      ] GC(1229)   Pre Evacuate Collection Set: 0.22ms
[7051.689s][info][gc,phases      ] GC(1229)   Merge Heap Roots: 0.52ms
[7051.689s][info][gc,phases      ] GC(1229)   Evacuate Collection Set: 155.24ms
[7051.689s][info][gc,phases      ] GC(1229)   Post Evacuate Collection Set: 1.01ms
[7051.689s][info][gc,phases      ] GC(1229)   Other: 0.06ms
[7051.689s][info][gc,heap        ] GC(1229) Eden regions: 568->0(559)
[7051.689s][info][gc,heap        ] GC(1229) Survivor regions: 44->45(77)
[7051.689s][info][gc,heap        ] GC(1229) Old regions: 283->290
[7051.689s][info][gc,heap        ] GC(1229) Humongous regions: 33->33
[7051.689s][info][gc,metaspace   ] GC(1229) Metaspace: 30015K(30144K)->30015K(30144K) NonClass: 30015K(30144K)->30015K(30144K) Class: 0K(0K)->0K(0K)
[7051.689s][info][gc             ] GC(1229) Pause Young (Normal) (G1 Evacuation Pause) 7405M->2925M(8192M) 157.193ms
[7051.689s][info][gc,cpu         ] GC(1229) User=1.25s Sys=0.01s Real=0.15s
...[7054.626s][info][gc,start       ] GC(1230) Pause Young (Normal) (G1 Evacuation Pause)
[7054.626s][info][gc,task        ] GC(1230) Using 8 workers of 8 for evacuation
[7054.785s][info][gc,phases      ] GC(1230)   Pre Evacuate Collection Set: 0.22ms
[7054.785s][info][gc,phases      ] GC(1230)   Merge Heap Roots: 0.50ms
[7054.785s][info][gc,phases      ] GC(1230)   Evacuate Collection Set: 157.37ms
[7054.785s][info][gc,phases      ] GC(1230)   Post Evacuate Collection Set: 1.01ms
[7054.785s][info][gc,phases      ] GC(1230)   Other: 0.06ms
[7054.785s][info][gc,heap        ] GC(1230) Eden regions: 559->0(553)
[7054.785s][info][gc,heap        ] GC(1230) Survivor regions: 45->44(76)
[7054.785s][info][gc,heap        ] GC(1230) Old regions: 290->298
[7054.785s][info][gc,heap        ] GC(1230) Humongous regions: 33->33
[7054.785s][info][gc,metaspace   ] GC(1230) Metaspace: 30015K(30144K)->30015K(30144K) NonClass: 30015K(30144K)->30015K(30144K) Class: 0K(0K)->0K(0K)
[7054.785s][info][gc             ] GC(1230) Pause Young (Normal) (G1 Evacuation Pause) 7397M->2982M(8192M) 159.283ms
[7054.785s][info][gc,cpu         ] GC(1230) User=1.27s Sys=0.00s Real=0.16s
...[7057.731s][info][gc,start       ] GC(1231) Pause Young (Normal) (G1 Evacuation Pause)
[7057.731s][info][gc,task        ] GC(1231) Using 8 workers of 8 for evacuation
[7057.881s][info][gc,phases      ] GC(1231)   Pre Evacuate Collection Set: 0.22ms
[7057.881s][info][gc,phases      ] GC(1231)   Merge Heap Roots: 0.56ms
[7057.881s][info][gc,phases      ] GC(1231)   Evacuate Collection Set: 148.01ms
[7057.881s][info][gc,phases      ] GC(1231)   Post Evacuate Collection Set: 1.01ms
[7057.881s][info][gc,phases      ] GC(1231)   Other: 0.06ms
[7057.881s][info][gc,heap        ] GC(1231) Eden regions: 553->0(548)
[7057.881s][info][gc,heap        ] GC(1231) Survivor regions: 44->43(75)
[7057.881s][info][gc,heap        ] GC(1231) Old regions: 298->305
[7057.881s][info][gc,heap        ] GC(1231) Humongous regions: 33->33
[7057.881s][info][gc,metaspace   ] GC(1231) Metaspace: 30015K(30144K)->30015K(30144K) NonClass: 30015K(30144K)->30015K(30144K) Class: 0K(0K)->0K(0K)
[7057.881s][info][gc             ] GC(1231) Pause Young (Normal) (G1 Evacuation Pause) 7406M->3033M(8192M) 149.986ms
[7057.881s][info][gc,cpu         ] GC(1231) User=1.19s Sys=0.00s Real=0.15s
...[7060.701s][info][gc,start       ] GC(1232) Pause Young (Concurrent Start) (G1 Evacuation Pause)
[7060.701s][info][gc,task        ] GC(1232) Using 8 workers of 8 for evacuation
[7060.848s][info][gc,phases      ] GC(1232)   Pre Evacuate Collection Set: 0.30ms
[7060.849s][info][gc,phases      ] GC(1232)   Merge Heap Roots: 0.55ms
[7060.849s][info][gc,phases      ] GC(1232)   Evacuate Collection Set: 145.84ms
[7060.849s][info][gc,phases      ] GC(1232)   Post Evacuate Collection Set: 0.98ms
[7060.849s][info][gc,phases      ] GC(1232)   Other: 0.10ms
[7060.849s][info][gc,heap        ] GC(1232) Eden regions: 548->0(541)
[7060.849s][info][gc,heap        ] GC(1232) Survivor regions: 43->43(74)
[7060.849s][info][gc,heap        ] GC(1232) Old regions: 305->312
[7060.849s][info][gc,heap        ] GC(1232) Humongous regions: 33->33
[7060.849s][info][gc,metaspace   ] GC(1232) Metaspace: 30015K(30144K)->30015K(30144K) NonClass: 30015K(30144K)->30015K(30144K) Class: 0K(0K)->0K(0K)
[7060.849s][info][gc             ] GC(1232) Pause Young (Concurrent Start) (G1 Evacuation Pause) 7417M->3091M(8192M) 147.901ms
[7060.849s][info][gc,cpu         ] GC(1232) User=1.17s Sys=0.00s Real=0.14s
[7060.849s][info][gc             ] GC(1233) Concurrent Mark Cycle
[7060.849s][info][gc,marking     ] GC(1233) Concurrent Scan Root Regions
.[7061.099s][info][gc,marking     ] GC(1233) Concurrent Scan Root Regions 249.905ms
[7061.099s][info][gc,marking     ] GC(1233) Concurrent Mark
[7061.099s][info][gc,marking     ] GC(1233) Concurrent Mark From Roots
[7061.099s][info][gc,task        ] GC(1233) Using 2 workers of 2 for marking
.[7062.348s][info][gc,marking     ] GC(1233) Concurrent Mark From Roots 1249.090ms
[7062.348s][info][gc,marking     ] GC(1233) Concurrent Preclean
[7062.348s][info][gc,marking     ] GC(1233) Concurrent Preclean 0.107ms
[7062.348s][info][gc,start       ] GC(1233) Pause Remark
[7062.351s][info][gc             ] GC(1233) Pause Remark 4835M->4187M(8192M) 3.107ms
[7062.351s][info][gc,cpu         ] GC(1233) User=0.02s Sys=0.00s Real=0.01s
[7062.351s][info][gc,marking     ] GC(1233) Concurrent Mark 1252.606ms
[7062.351s][info][gc,marking     ] GC(1233) Concurrent Rebuild Remembered Sets and Scrub Regions
.[7063.137s][info][gc,marking     ] GC(1233) Concurrent Rebuild Remembered Sets and Scrub Regions 785.758ms
[7063.137s][info][gc,start       ] GC(1233) Pause Cleanup
[7063.137s][info][gc             ] GC(1233) Pause Cleanup 5240M->5240M(8192M) 0.262ms
[7063.138s][info][gc,cpu         ] GC(1233) User=0.00s Sys=0.00s Real=0.00s
[7063.138s][info][gc,marking     ] GC(1233) Concurrent Clear Claimed Marks
[7063.138s][info][gc,marking     ] GC(1233) Concurrent Clear Claimed Marks 0.044ms
[7063.138s][info][gc,marking     ] GC(1233) Concurrent Cleanup for Next Mark
[7063.147s][info][gc,marking     ] GC(1233) Concurrent Cleanup for Next Mark 9.569ms
[7063.147s][info][gc             ] GC(1233) Concurrent Mark Cycle 2298.564ms
.[7064.072s][info][gc,start       ] GC(1234) Pause Young (Prepare Mixed) (G1 Evacuation Pause)
[7064.072s][info][gc,task        ] GC(1234) Using 8 workers of 8 for evacuation
[7064.226s][info][gc,phases      ] GC(1234)   Pre Evacuate Collection Set: 0.23ms
[7064.226s][info][gc,phases      ] GC(1234)   Merge Heap Roots: 0.73ms
[7064.226s][info][gc,phases      ] GC(1234)   Evacuate Collection Set: 152.48ms
[7064.226s][info][gc,phases      ] GC(1234)   Post Evacuate Collection Set: 1.14ms
[7064.226s][info][gc,phases      ] GC(1234)   Other: 0.08ms
[7064.226s][info][gc,heap        ] GC(1234) Eden regions: 541->0(570)
[7064.226s][info][gc,heap        ] GC(1234) Survivor regions: 43->44(73)
[7064.226s][info][gc,heap        ] GC(1234) Old regions: 231->239
[7064.226s][info][gc,heap        ] GC(1234) Humongous regions: 33->33
[7064.226s][info][gc,metaspace   ] GC(1234) Metaspace: 30015K(30144K)->30015K(30144K) NonClass: 30015K(30144K)->30015K(30144K) Class: 0K(0K)->0K(0K)
[7064.226s][info][gc             ] GC(1234) Pause Young (Prepare Mixed) (G1 Evacuation Pause) 6771M->2513M(8192M) 154.781ms
[7064.226s][info][gc,cpu         ] GC(1234) User=1.22s Sys=0.00s Real=0.15s
...[7066.991s][info][gc,start       ] GC(1235) Pause Young (Mixed) (G1 Evacuation Pause)
[7066.991s][info][gc,task        ] GC(1235) Using 8 workers of 8 for evacuation
[7067.152s][info][gc,phases      ] GC(1235)   Pre Evacuate Collection Set: 0.26ms
[7067.152s][info][gc,phases      ] GC(1235)   Merge Heap Roots: 0.80ms
[7067.152s][info][gc,phases      ] GC(1235)   Evacuate Collection Set: 158.62ms
[7067.152s][info][gc,phases      ] GC(1235)   Post Evacuate Collection Set: 1.20ms
[7067.152s][info][gc,phases      ] GC(1235)   Other: 0.07ms
[7067.152s][info][gc,heap        ] GC(1235) Eden regions: 570->0(570)
[7067.152s][info][gc,heap        ] GC(1235) Survivor regions: 44->44(77)
[7067.152s][info][gc,heap        ] GC(1235) Old regions: 239->145
[7067.152s][info][gc,heap        ] GC(1235) Humongous regions: 33->33
[7067.152s][info][gc,metaspace   ] GC(1235) Metaspace: 30015K(30144K)->30015K(30144K) NonClass: 30015K(30144K)->30015K(30144K) Class: 0K(0K)->0K(0K)
[7067.152s][info][gc             ] GC(1235) Pause Young (Mixed) (G1 Evacuation Pause) 7073M->1757M(8192M) 161.075ms
[7067.152s][info][gc,cpu         ] GC(1235) User=1.27s Sys=0.00s Real=0.16s
...[7070.086s][info][gc,start       ] GC(1236) Pause Young (Mixed) (G1 Evacuation Pause)
[7070.086s][info][gc,task        ] GC(1236) Using 8 workers of 8 for evacuation
[7070.245s][info][gc,phases      ] GC(1236)   Pre Evacuate Collection Set: 0.23ms
[7070.245s][info][gc,phases      ] GC(1236)   Merge Heap Roots: 0.63ms
[7070.245s][info][gc,phases      ] GC(1236)   Evacuate Collection Set: 156.93ms
[7070.245s][info][gc,phases      ] GC(1236)   Post Evacuate Collection Set: 1.04ms
[7070.245s][info][gc,phases      ] GC(1236)   Other: 0.07ms
[7070.245s][info][gc,heap        ] GC(1236) Eden regions: 570->0(571)
[7070.245s][info][gc,heap        ] GC(1236) Survivor regions: 44->43(77)
[7070.245s][info][gc,heap        ] GC(1236) Old regions: 145->144
[7070.245s][info][gc,heap        ] GC(1236) Humongous regions: 33->33
[7070.245s][info][gc,metaspace   ] GC(1236) Metaspace: 30015K(30144K)->30015K(30144K) NonClass: 30015K(30144K)->30015K(30144K) Class: 0K(0K)->0K(0K)
[7070.245s][info][gc             ] GC(1236) Pause Young (Mixed) (G1 Evacuation Pause) 6317M->1739M(8192M) 159.044ms
[7070.245s][info][gc,cpu         ] GC(1236) User=1.26s Sys=0.01s Real=0.16s
...[7073.320s][info][gc,start       ] GC(1237) Pause Young (Normal) (G1 Evacuation Pause)
[7073.320s][info][gc,task        ] GC(1237) Using 8 workers of 8 for evacuation
[7073.472s][info][gc,phases      ] GC(1237)   Pre Evacuate Collection Set: 0.25ms
[7073.472s][info][gc,phases      ] GC(1237)   Merge Heap Roots: 0.48ms
[7073.472s][info][gc,phases      ] GC(1237)   Evacuate Collection Set: 149.66ms
[7073.472s][info][gc,phases      ] GC(1237)   Post Evacuate Collection Set: 1.03ms
[7073.472s][info][gc,phases      ] GC(1237)   Other: 0.06ms
[7073.472s][info][gc,heap        ] GC(1237) Eden regions: 571->0(570)
[7073.472s][info][gc,heap        ] GC(1237) Survivor regions: 43->44(77)
[7073.472s][info][gc,heap        ] GC(1237) Old regions: 144->151
[7073.472s][info][gc,heap        ] GC(1237) Humongous regions: 33->33
[7073.472s][info][gc,metaspace   ] GC(1237) Metaspace: 30015K(30144K)->30015K(30144K) NonClass: 30015K(30144K)->30015K(30144K) Class: 0K(0K)->0K(0K)
[7073.472s][info][gc             ] GC(1237) Pause Young (Normal) (G1 Evacuation Pause) 6307M->1805M(8192M) 151.612ms
[7073.472s][info][gc,cpu         ] GC(1237) User=1.20s Sys=0.00s Real=0.15s
...[7076.471s][info][gc,start       ] GC(1238) Pause Young (Normal) (G1 Evacuation Pause)
[7076.471s][info][gc,task        ] GC(1238) Using 8 workers of 8 for evacuation
[7076.620s][info][gc,phases      ] GC(1238)   Pre Evacuate Collection Set: 0.23ms
[7076.620s][info][gc,phases      ] GC(1238)   Merge Heap Roots: 0.50ms
[7076.620s][info][gc,phases      ] GC(1238)   Evacuate Collection Set: 147.60ms
[7076.620s][info][gc,phases      ] GC(1238)   Post Evacuate Collection Set: 1.03ms
[7076.621s][info][gc,phases      ] GC(1238)   Other: 0.06ms
[7076.621s][info][gc,heap        ] GC(1238) Eden regions: 570->0(572)
[7076.621s][info][gc,heap        ] GC(1238) Survivor regions: 44->42(77)
[7076.621s][info][gc,heap        ] GC(1238) Old regions: 151->158
[7076.621s][info][gc,heap        ] GC(1238) Humongous regions: 33->33
[7076.621s][info][gc,metaspace   ] GC(1238) Metaspace: 30015K(30144K)->30015K(30144K) NonClass: 30015K(30144K)->30015K(30144K) Class: 0K(0K)->0K(0K)
[7076.621s][info][gc             ] GC(1238) Pause Young (Normal) (G1 Evacuation Pause) 6365M->1851M(8192M) 149.542ms
[7076.621s][info][gc,cpu         ] GC(1238) User=1.19s Sys=0.00s Real=0.15s
...[7079.663s][info][gc,start       ] GC(1239) Pause Young (Normal) (G1 Evacuation Pause)
[7079.663s][info][gc,task        ] GC(1239) Using 8 workers of 8 for evacuation
[7079.817s][info][gc,phases      ] GC(1239)   Pre Evacuate Collection Set: 0.23ms
[7079.817s][info][gc,phases      ] GC(1239)   Merge Heap Roots: 0.50ms
[7079.817s][info][gc,phases      ] GC(1239)   Evacuate Collection Set: 152.22ms
[7079.817s][info][gc,phases      ] GC(1239)   Post Evacuate Collection Set: 1.02ms
[7079.817s][info][gc,phases      ] GC(1239)   Other: 0.06ms
[7079.817s][info][gc,heap        ] GC(1239) Eden regions: 572->0(569)
[7079.817s][info][gc,heap        ] GC(1239) Survivor regions: 42->45(77)
[7079.817s][info][gc,heap        ] GC(1239) Old regions: 158->165
[7079.817s][info][gc,heap        ] GC(1239) Humongous regions: 33->33
[7079.817s][info][gc,metaspace   ] GC(1239) Metaspace: 30015K(30144K)->30015K(30144K) NonClass: 30015K(30144K)->30015K(30144K) Class: 0K(0K)->0K(0K)
[7079.817s][info][gc             ] GC(1239) Pause Young (Normal) (G1 Evacuation Pause) 6427M->1925M(8192M) 154.175ms
[7079.817s][info][gc,cpu         ] GC(1239) User=1.22s Sys=0.00s Real=0.15s
...[7082.682s][info][gc,start       ] GC(1240) Pause Young (Normal) (G1 Evacuation Pause)
[7082.682s][info][gc,task        ] GC(1240) Using 8 workers of 8 for evacuation
[7082.835s][info][gc,phases      ] GC(1240)   Pre Evacuate Collection Set: 0.23ms
[7082.835s][info][gc,phases      ] GC(1240)   Merge Heap Roots: 0.49ms
[7082.835s][info][gc,phases      ] GC(1240)   Evacuate Collection Set: 150.70ms
[7082.835s][info][gc,phases      ] GC(1240)   Post Evacuate Collection Set: 1.07ms
[7082.835s][info][gc,phases      ] GC(1240)   Other: 0.07ms
[7082.835s][info][gc,heap        ] GC(1240) Eden regions: 569->0(570)
[7082.835s][info][gc,heap        ] GC(1240) Survivor regions: 45->44(77)
[7082.835s][info][gc,heap        ] GC(1240) Old regions: 165->172
[7082.835s][info][gc,heap        ] GC(1240) Humongous regions: 33->33
[7082.835s][info][gc,metaspace   ] GC(1240) Metaspace: 30015K(30144K)->30015K(30144K) NonClass: 30015K(30144K)->30015K(30144K) Class: 0K(0K)->0K(0K)
[7082.835s][info][gc             ] GC(1240) Pause Young (Normal) (G1 Evacuation Pause) 6477M->1979M(8192M) 152.705ms
[7082.835s][info][gc,cpu         ] GC(1240) User=1.21s Sys=0.00s Real=0.15s
...[7085.952s][info][gc,start       ] GC(1241) Pause Young (Normal) (G1 Evacuation Pause)
[7085.952s][info][gc,task        ] GC(1241) Using 8 workers of 8 for evacuation
[7086.108s][info][gc,phases      ] GC(1241)   Pre Evacuate Collection Set: 0.23ms
[7086.108s][info][gc,phases      ] GC(1241)   Merge Heap Roots: 0.49ms
[7086.108s][info][gc,phases      ] GC(1241)   Evacuate Collection Set: 153.84ms
[7086.108s][info][gc,phases      ] GC(1241)   Post Evacuate Collection Set: 1.05ms
[7086.108s][info][gc,phases      ] GC(1241)   Other: 0.06ms
[7086.108s][info][gc,heap        ] GC(1241) Eden regions: 570->0(569)
[7086.108s][info][gc,heap        ] GC(1241) Survivor regions: 44->45(77)
[7086.108s][info][gc,heap        ] GC(1241) Old regions: 172->180
[7086.108s][info][gc,heap        ] GC(1241) Humongous regions: 33->33
[7086.108s][info][gc,metaspace   ] GC(1241) Metaspace: 30015K(30144K)->30015K(30144K) NonClass: 30015K(30144K)->30015K(30144K) Class: 0K(0K)->0K(0K)
[7086.108s][info][gc             ] GC(1241) Pause Young (Normal) (G1 Evacuation Pause) 6539M->2043M(8192M) 155.799ms
[7086.108s][info][gc,cpu         ] GC(1241) User=1.23s Sys=0.00s Real=0.15s
...[7089.074s][info][gc,start       ] GC(1242) Pause Young (Normal) (G1 Evacuation Pause)
[7089.074s][info][gc,task        ] GC(1242) Using 8 workers of 8 for evacuation
[7089.223s][info][gc,phases      ] GC(1242)   Pre Evacuate Collection Set: 0.24ms
[7089.223s][info][gc,phases      ] GC(1242)   Merge Heap Roots: 0.51ms
[7089.223s][info][gc,phases      ] GC(1242)   Evacuate Collection Set: 146.43ms
[7089.223s][info][gc,phases      ] GC(1242)   Post Evacuate Collection Set: 1.04ms
[7089.223s][info][gc,phases      ] GC(1242)   Other: 0.07ms
[7089.223s][info][gc,heap        ] GC(1242) Eden regions: 569->0(571)
[7089.223s][info][gc,heap        ] GC(1242) Survivor regions: 45->43(77)
[7089.223s][info][gc,heap        ] GC(1242) Old regions: 180->187
[7089.223s][info][gc,heap        ] GC(1242) Humongous regions: 33->33
[7089.223s][info][gc,metaspace   ] GC(1242) Metaspace: 30015K(30144K)->30015K(30144K) NonClass: 30015K(30144K)->30015K(30144K) Class: 0K(0K)->0K(0K)
[7089.223s][info][gc             ] GC(1242) Pause Young (Normal) (G1 Evacuation Pause) 6595M->2090M(8192M) 148.428ms
[7089.223s][info][gc,cpu         ] GC(1242) User=1.18s Sys=0.00s Real=0.15s
...[7092.214s][info][gc,start       ] GC(1243) Pause Young (Normal) (G1 Evacuation Pause)
[7092.215s][info][gc,task        ] GC(1243) Using 8 workers of 8 for evacuation
[7092.365s][info][gc,phases      ] GC(1243)   Pre Evacuate Collection Set: 0.26ms
[7092.365s][info][gc,phases      ] GC(1243)   Merge Heap Roots: 0.56ms
[7092.365s][info][gc,phases      ] GC(1243)   Evacuate Collection Set: 148.06ms
[7092.365s][info][gc,phases      ] GC(1243)   Post Evacuate Collection Set: 1.03ms
[7092.365s][info][gc,phases      ] GC(1243)   Other: 0.81ms
[7092.365s][info][gc,heap        ] GC(1243) Eden regions: 571->0(570)
[7092.365s][info][gc,heap        ] GC(1243) Survivor regions: 43->44(77)
[7092.365s][info][gc,heap        ] GC(1243) Old regions: 187->194
[7092.365s][info][gc,heap        ] GC(1243) Humongous regions: 33->33
[7092.365s][info][gc,metaspace   ] GC(1243) Metaspace: 30015K(30144K)->30015K(30144K) NonClass: 30015K(30144K)->30015K(30144K) Class: 0K(0K)->0K(0K)
[7092.365s][info][gc             ] GC(1243) Pause Young (Normal) (G1 Evacuation Pause) 6658M->2151M(8192M) 150.855ms
[7092.365s][info][gc,cpu         ] GC(1243) User=1.19s Sys=0.00s Real=0.15s
....[7095.407s][info][gc,start       ] GC(1244) Pause Young (Normal) (G1 Evacuation Pause)
[7095.407s][info][gc,task        ] GC(1244) Using 8 workers of 8 for evacuation
[7095.559s][info][gc,phases      ] GC(1244)   Pre Evacuate Collection Set: 0.26ms
[7095.559s][info][gc,phases      ] GC(1244)   Merge Heap Roots: 0.48ms
[7095.559s][info][gc,phases      ] GC(1244)   Evacuate Collection Set: 150.36ms
[7095.559s][info][gc,phases      ] GC(1244)   Post Evacuate Collection Set: 1.04ms
[7095.559s][info][gc,phases      ] GC(1244)   Other: 0.06ms
[7095.559s][info][gc,heap        ] GC(1244) Eden regions: 570->0(570)
[7095.559s][info][gc,heap        ] GC(1244) Survivor regions: 44->44(77)
[7095.559s][info][gc,heap        ] GC(1244) Old regions: 194->201
[7095.559s][info][gc,heap        ] GC(1244) Humongous regions: 33->33
[7095.559s][info][gc,metaspace   ] GC(1244) Metaspace: 30015K(30144K)->30015K(30144K) NonClass: 30015K(30144K)->30015K(30144K) Class: 0K(0K)->0K(0K)
[7095.559s][info][gc             ] GC(1244) Pause Young (Normal) (G1 Evacuation Pause) 6711M->2210M(8192M) 152.326ms
[7095.559s][info][gc,cpu         ] GC(1244) User=1.21s Sys=0.00s Real=0.15s
...[7098.600s][info][gc,start       ] GC(1245) Pause Young (Normal) (G1 Evacuation Pause)
[7098.600s][info][gc,task        ] GC(1245) Using 8 workers of 8 for evacuation
[7098.753s][info][gc,phases      ] GC(1245)   Pre Evacuate Collection Set: 0.26ms
[7098.753s][info][gc,phases      ] GC(1245)   Merge Heap Roots: 0.49ms
[7098.753s][info][gc,phases      ] GC(1245)   Evacuate Collection Set: 151.58ms
[7098.753s][info][gc,phases      ] GC(1245)   Post Evacuate Collection Set: 1.02ms
[7098.753s][info][gc,phases      ] GC(1245)   Other: 0.06ms
[7098.753s][info][gc,heap        ] GC(1245) Eden regions: 570->0(570)
[7098.753s][info][gc,heap        ] GC(1245) Survivor regions: 44->44(77)
[7098.753s][info][gc,heap        ] GC(1245) Old regions: 201->208
[7098.753s][info][gc,heap        ] GC(1245) Humongous regions: 33->33
[7098.753s][info][gc,metaspace   ] GC(1245) Metaspace: 30015K(30144K)->30015K(30144K) NonClass: 30015K(30144K)->30015K(30144K) Class: 0K(0K)->0K(0K)
[7098.753s][info][gc             ] GC(1245) Pause Young (Normal) (G1 Evacuation Pause) 6770M->2263M(8192M) 153.539ms
[7098.753s][info][gc,cpu         ] GC(1245) User=1.22s Sys=0.00s Real=0.15s
...[7101.754s][info][gc,start       ] GC(1246) Pause Young (Normal) (G1 Evacuation Pause)
[7101.754s][info][gc,task        ] GC(1246) Using 8 workers of 8 for evacuation
[7101.910s][info][gc,phases      ] GC(1246)   Pre Evacuate Collection Set: 0.22ms
[7101.910s][info][gc,phases      ] GC(1246)   Merge Heap Roots: 0.49ms
[7101.910s][info][gc,phases      ] GC(1246)   Evacuate Collection Set: 153.51ms
[7101.910s][info][gc,phases      ] GC(1246)   Post Evacuate Collection Set: 1.06ms
[7101.910s][info][gc,phases      ] GC(1246)   Other: 0.06ms
[7101.910s][info][gc,heap        ] GC(1246) Eden regions: 570->0(570)
[7101.910s][info][gc,heap        ] GC(1246) Survivor regions: 44->44(77)
[7101.910s][info][gc,heap        ] GC(1246) Old regions: 208->216
[7101.910s][info][gc,heap        ] GC(1246) Humongous regions: 33->33
[7101.910s][info][gc,metaspace   ] GC(1246) Metaspace: 30015K(30144K)->30015K(30144K) NonClass: 30015K(30144K)->30015K(30144K) Class: 0K(0K)->0K(0K)
[7101.910s][info][gc             ] GC(1246) Pause Young (Normal) (G1 Evacuation Pause) 6823M->2327M(8192M) 155.476ms
[7101.910s][info][gc,cpu         ] GC(1246) User=1.23s Sys=0.00s Real=0.16s
...[7104.969s][info][gc,start       ] GC(1247) Pause Young (Normal) (G1 Evacuation Pause)
[7104.969s][info][gc,task        ] GC(1247) Using 8 workers of 8 for evacuation
[7105.121s][info][gc,phases      ] GC(1247)   Pre Evacuate Collection Set: 0.24ms
[7105.121s][info][gc,phases      ] GC(1247)   Merge Heap Roots: 0.52ms
[7105.121s][info][gc,phases      ] GC(1247)   Evacuate Collection Set: 150.00ms
[7105.121s][info][gc,phases      ] GC(1247)   Post Evacuate Collection Set: 1.02ms
[7105.121s][info][gc,phases      ] GC(1247)   Other: 0.07ms
[7105.121s][info][gc,heap        ] GC(1247) Eden regions: 570->0(570)
[7105.121s][info][gc,heap        ] GC(1247) Survivor regions: 44->44(77)
[7105.121s][info][gc,heap        ] GC(1247) Old regions: 216->223
[7105.121s][info][gc,heap        ] GC(1247) Humongous regions: 33->33
[7105.121s][info][gc,metaspace   ] GC(1247) Metaspace: 30015K(30144K)->30015K(30144K) NonClass: 30015K(30144K)->30015K(30144K) Class: 0K(0K)->0K(0K)
[7105.121s][info][gc             ] GC(1247) Pause Young (Normal) (G1 Evacuation Pause) 6887M->2385M(8192M) 151.991ms
[7105.121s][info][gc,cpu         ] GC(1247) User=1.20s Sys=0.00s Real=0.16s
...[7108.112s][info][gc,start       ] GC(1248) Pause Young (Normal) (G1 Evacuation Pause)
[7108.112s][info][gc,task        ] GC(1248) Using 8 workers of 8 for evacuation
[7108.265s][info][gc,phases      ] GC(1248)   Pre Evacuate Collection Set: 0.22ms
[7108.265s][info][gc,phases      ] GC(1248)   Merge Heap Roots: 0.53ms
[7108.265s][info][gc,phases      ] GC(1248)   Evacuate Collection Set: 151.56ms
[7108.265s][info][gc,phases      ] GC(1248)   Post Evacuate Collection Set: 1.03ms
[7108.265s][info][gc,phases      ] GC(1248)   Other: 0.06ms
[7108.265s][info][gc,heap        ] GC(1248) Eden regions: 570->0(570)
[7108.265s][info][gc,heap        ] GC(1248) Survivor regions: 44->44(77)
[7108.265s][info][gc,heap        ] GC(1248) Old regions: 223->230
[7108.265s][info][gc,heap        ] GC(1248) Humongous regions: 33->33
[7108.265s][info][gc,metaspace   ] GC(1248) Metaspace: 30015K(30144K)->30015K(30144K) NonClass: 30015K(30144K)->30015K(30144K) Class: 0K(0K)->0K(0K)
[7108.265s][info][gc             ] GC(1248) Pause Young (Normal) (G1 Evacuation Pause) 6945M->2439M(8192M) 153.519ms
[7108.265s][info][gc,cpu         ] GC(1248) User=1.22s Sys=0.00s Real=0.15s
...[7111.305s][info][gc,start       ] GC(1249) Pause Young (Normal) (G1 Evacuation Pause)
[7111.305s][info][gc,task        ] GC(1249) Using 8 workers of 8 for evacuation
[7111.451s][info][gc,phases      ] GC(1249)   Pre Evacuate Collection Set: 0.24ms
[7111.451s][info][gc,phases      ] GC(1249)   Merge Heap Roots: 0.49ms
[7111.451s][info][gc,phases      ] GC(1249)   Evacuate Collection Set: 144.35ms
[7111.451s][info][gc,phases      ] GC(1249)   Post Evacuate Collection Set: 1.02ms
[7111.451s][info][gc,phases      ] GC(1249)   Other: 0.06ms
[7111.451s][info][gc,heap        ] GC(1249) Eden regions: 570->0(572)
[7111.451s][info][gc,heap        ] GC(1249) Survivor regions: 44->42(77)
[7111.451s][info][gc,heap        ] GC(1249) Old regions: 230->238
[7111.451s][info][gc,heap        ] GC(1249) Humongous regions: 33->33
[7111.451s][info][gc,metaspace   ] GC(1249) Metaspace: 30015K(30144K)->30015K(30144K) NonClass: 30015K(30144K)->30015K(30144K) Class: 0K(0K)->0K(0K)
[7111.451s][info][gc             ] GC(1249) Pause Young (Normal) (G1 Evacuation Pause) 6999M->2485M(8192M) 146.290ms
[7111.452s][info][gc,cpu         ] GC(1249) User=1.16s Sys=0.00s Real=0.15s
. (rIR:aIR:PR = 12038:12116:12118) (tPR = 179380) [OK] 
  7111s: Performance info:
         Transaction,    Success,    Partial,     Failed,   Receipts, AvgBarcode, 
             Overall,     733200,          0,          0,     696821,      59.48, 
         Response times:
             Request,    Success,    Partial,     Failed,   SkipFail,     Probes,    Samples,      min,      p50,      p90,      p95,      p99,      max, 
       TotalPurchase,     696632,          0,          0,          0,     349260,     500272,      300,    14100,   104000,   176000,   322000,  4000000,
     InStorePurchase,     369616,          0,          0,          0,     183747,     263010,      300,    14000,   103000,   175000,   312000,  4000000,
      OnlinePurchase,     254901,          0,          0,          0,     128942,     184839,      300,    14100,   104000,   176000,   327000,  4000000,
        InstPurchase,      72115,          0,          0,          0,      36571,      52423,      400,    14400,   107000,   179000,   347000,  1400000,
          AssocOfCat,        728,          0,          0,          0,        617,        986,    37000,    77000,   170300,   239000,   445130,   810000,
      AssocOfProduct,       7171,          0,          0,          0,       3315,       4890,      700,    14800,   107000,   178000,   295000,  1200000,
      BusinessReport,       1826,          0,          0,          0,       1646,       2497,    33000,    76000,   176000,   242000,   405180,   660000,
          CustBuyBeh,       7250,          0,          0,          0,       3307,       4833,      300,    13700,   100000,   177300,   320000,   790000,
       ProductReturn,      19489,          0,          0,          0,      10165,      14657,      200,    14500,   104000,   175100,   304420,  1400000,

  7111s: (88%)   IR =  12177 ..[7114.566s][info][gc,start       ] GC(1250) Pause Young (Normal) (G1 Evacuation Pause)
[7114.566s][info][gc,task        ] GC(1250) Using 8 workers of 8 for evacuation
[7114.719s][info][gc,phases      ] GC(1250)   Pre Evacuate Collection Set: 0.26ms
[7114.719s][info][gc,phases      ] GC(1250)   Merge Heap Roots: 0.49ms
[7114.719s][info][gc,phases      ] GC(1250)   Evacuate Collection Set: 151.63ms
[7114.719s][info][gc,phases      ] GC(1250)   Post Evacuate Collection Set: 1.02ms
[7114.719s][info][gc,phases      ] GC(1250)   Other: 0.06ms
[7114.719s][info][gc,heap        ] GC(1250) Eden regions: 572->0(570)
[7114.719s][info][gc,heap        ] GC(1250) Survivor regions: 42->44(77)
[7114.719s][info][gc,heap        ] GC(1250) Old regions: 238->245
[7114.719s][info][gc,heap        ] GC(1250) Humongous regions: 33->33
[7114.719s][info][gc,metaspace   ] GC(1250) Metaspace: 30015K(30144K)->30015K(30144K) NonClass: 30015K(30144K)->30015K(30144K) Class: 0K(0K)->0K(0K)
[7114.719s][info][gc             ] GC(1250) Pause Young (Normal) (G1 Evacuation Pause) 7061M->2559M(8192M) 153.597ms
[7114.720s][info][gc,cpu         ] GC(1250) User=1.21s Sys=0.00s Real=0.15s
...[7117.747s][info][gc,start       ] GC(1251) Pause Young (Normal) (G1 Evacuation Pause)
[7117.747s][info][gc,task        ] GC(1251) Using 8 workers of 8 for evacuation
[7117.900s][info][gc,phases      ] GC(1251)   Pre Evacuate Collection Set: 0.25ms
[7117.900s][info][gc,phases      ] GC(1251)   Merge Heap Roots: 0.50ms
[7117.900s][info][gc,phases      ] GC(1251)   Evacuate Collection Set: 151.62ms
[7117.900s][info][gc,phases      ] GC(1251)   Post Evacuate Collection Set: 1.07ms
[7117.900s][info][gc,phases      ] GC(1251)   Other: 0.06ms
[7117.900s][info][gc,heap        ] GC(1251) Eden regions: 570->0(570)
[7117.900s][info][gc,heap        ] GC(1251) Survivor regions: 44->44(77)
[7117.900s][info][gc,heap        ] GC(1251) Old regions: 245->252
[7117.900s][info][gc,heap        ] GC(1251) Humongous regions: 33->33
[7117.900s][info][gc,metaspace   ] GC(1251) Metaspace: 30015K(30144K)->30015K(30144K) NonClass: 30015K(30144K)->30015K(30144K) Class: 0K(0K)->0K(0K)
[7117.900s][info][gc             ] GC(1251) Pause Young (Normal) (G1 Evacuation Pause) 7119M->2617M(8192M) 153.639ms
[7117.900s][info][gc,cpu         ] GC(1251) User=1.22s Sys=0.00s Real=0.16s
...[7120.907s][info][gc,start       ] GC(1252) Pause Young (Normal) (G1 Evacuation Pause)
[7120.907s][info][gc,task        ] GC(1252) Using 8 workers of 8 for evacuation
[7121.063s][info][gc,phases      ] GC(1252)   Pre Evacuate Collection Set: 0.23ms
[7121.063s][info][gc,phases      ] GC(1252)   Merge Heap Roots: 0.50ms
[7121.063s][info][gc,phases      ] GC(1252)   Evacuate Collection Set: 154.50ms
[7121.063s][info][gc,phases      ] GC(1252)   Post Evacuate Collection Set: 1.03ms
[7121.063s][info][gc,phases      ] GC(1252)   Other: 0.06ms
[7121.063s][info][gc,heap        ] GC(1252) Eden regions: 570->0(570)
[7121.063s][info][gc,heap        ] GC(1252) Survivor regions: 44->44(77)
[7121.063s][info][gc,heap        ] GC(1252) Old regions: 252->259
[7121.063s][info][gc,heap        ] GC(1252) Humongous regions: 33->33
[7121.063s][info][gc,metaspace   ] GC(1252) Metaspace: 30015K(30144K)->30015K(30144K) NonClass: 30015K(30144K)->30015K(30144K) Class: 0K(0K)->0K(0K)
[7121.063s][info][gc             ] GC(1252) Pause Young (Normal) (G1 Evacuation Pause) 7177M->2670M(8192M) 156.449ms
[7121.063s][info][gc,cpu         ] GC(1252) User=1.24s Sys=0.00s Real=0.16s
...[7124.040s][info][gc,start       ] GC(1253) Pause Young (Normal) (G1 Evacuation Pause)
[7124.040s][info][gc,task        ] GC(1253) Using 8 workers of 8 for evacuation
[7124.188s][info][gc,phases      ] GC(1253)   Pre Evacuate Collection Set: 0.23ms
[7124.188s][info][gc,phases      ] GC(1253)   Merge Heap Roots: 0.49ms
[7124.188s][info][gc,phases      ] GC(1253)   Evacuate Collection Set: 145.83ms
[7124.188s][info][gc,phases      ] GC(1253)   Post Evacuate Collection Set: 1.02ms
[7124.188s][info][gc,phases      ] GC(1253)   Other: 0.06ms
[7124.188s][info][gc,heap        ] GC(1253) Eden regions: 570->0(571)
[7124.188s][info][gc,heap        ] GC(1253) Survivor regions: 44->43(77)
[7124.188s][info][gc,heap        ] GC(1253) Old regions: 259->266
[7124.188s][info][gc,heap        ] GC(1253) Humongous regions: 33->33
[7124.188s][info][gc,metaspace   ] GC(1253) Metaspace: 30015K(30144K)->30015K(30144K) NonClass: 30015K(30144K)->30015K(30144K) Class: 0K(0K)->0K(0K)
[7124.188s][info][gc             ] GC(1253) Pause Young (Normal) (G1 Evacuation Pause) 7230M->2718M(8192M) 147.767ms
[7124.188s][info][gc,cpu         ] GC(1253) User=1.17s Sys=0.00s Real=0.14s
....|[7127.260s][info][gc,start       ] GC(1254) Pause Young (Normal) (G1 Evacuation Pause)
[7127.260s][info][gc,task        ] GC(1254) Using 8 workers of 8 for evacuation
[7127.412s][info][gc,phases      ] GC(1254)   Pre Evacuate Collection Set: 0.23ms
[7127.412s][info][gc,phases      ] GC(1254)   Merge Heap Roots: 0.50ms
[7127.412s][info][gc,phases      ] GC(1254)   Evacuate Collection Set: 149.44ms
[7127.412s][info][gc,phases      ] GC(1254)   Post Evacuate Collection Set: 1.02ms
[7127.412s][info][gc,phases      ] GC(1254)   Other: 0.06ms
[7127.412s][info][gc,heap        ] GC(1254) Eden regions: 571->0(571)
[7127.412s][info][gc,heap        ] GC(1254) Survivor regions: 43->43(77)
[7127.412s][info][gc,heap        ] GC(1254) Old regions: 266->273
[7127.412s][info][gc,heap        ] GC(1254) Humongous regions: 33->33
[7127.412s][info][gc,metaspace   ] GC(1254) Metaspace: 30015K(30144K)->30015K(30144K) NonClass: 30015K(30144K)->30015K(30144K) Class: 0K(0K)->0K(0K)
[7127.412s][info][gc             ] GC(1254) Pause Young (Normal) (G1 Evacuation Pause) 7286M->2779M(8192M) 151.384ms
[7127.412s][info][gc,cpu         ] GC(1254) User=1.20s Sys=0.00s Real=0.15s
...[7130.442s][info][gc,start       ] GC(1255) Pause Young (Normal) (G1 Evacuation Pause)
[7130.442s][info][gc,task        ] GC(1255) Using 8 workers of 8 for evacuation
[7130.593s][info][gc,phases      ] GC(1255)   Pre Evacuate Collection Set: 0.22ms
[7130.593s][info][gc,phases      ] GC(1255)   Merge Heap Roots: 0.49ms
[7130.593s][info][gc,phases      ] GC(1255)   Evacuate Collection Set: 149.10ms
[7130.593s][info][gc,phases      ] GC(1255)   Post Evacuate Collection Set: 1.09ms
[7130.593s][info][gc,phases      ] GC(1255)   Other: 0.06ms
[7130.593s][info][gc,heap        ] GC(1255) Eden regions: 571->0(570)
[7130.593s][info][gc,heap        ] GC(1255) Survivor regions: 43->44(77)
[7130.593s][info][gc,heap        ] GC(1255) Old regions: 273->280
[7130.593s][info][gc,heap        ] GC(1255) Humongous regions: 33->33
[7130.593s][info][gc,metaspace   ] GC(1255) Metaspace: 30015K(30144K)->30015K(30144K) NonClass: 30015K(30144K)->30015K(30144K) Class: 0K(0K)->0K(0K)
[7130.593s][info][gc             ] GC(1255) Pause Young (Normal) (G1 Evacuation Pause) 7347M->2839M(8192M) 151.103ms
[7130.593s][info][gc,cpu         ] GC(1255) User=1.19s Sys=0.00s Real=0.15s
...[7133.676s][info][gc,start       ] GC(1256) Pause Young (Normal) (G1 Evacuation Pause)
[7133.676s][info][gc,task        ] GC(1256) Using 8 workers of 8 for evacuation
[7133.829s][info][gc,phases      ] GC(1256)   Pre Evacuate Collection Set: 0.24ms
[7133.829s][info][gc,phases      ] GC(1256)   Merge Heap Roots: 0.58ms
[7133.829s][info][gc,phases      ] GC(1256)   Evacuate Collection Set: 151.22ms
[7133.829s][info][gc,phases      ] GC(1256)   Post Evacuate Collection Set: 1.02ms
[7133.829s][info][gc,phases      ] GC(1256)   Other: 0.06ms
[7133.829s][info][gc,heap        ] GC(1256) Eden regions: 570->0(566)
[7133.829s][info][gc,heap        ] GC(1256) Survivor regions: 44->43(77)
[7133.829s][info][gc,heap        ] GC(1256) Old regions: 280->287
[7133.829s][info][gc,heap        ] GC(1256) Humongous regions: 33->33
[7133.829s][info][gc,metaspace   ] GC(1256) Metaspace: 30015K(30144K)->30015K(30144K) NonClass: 30015K(30144K)->30015K(30144K) Class: 0K(0K)->0K(0K)
[7133.829s][info][gc             ] GC(1256) Pause Young (Normal) (G1 Evacuation Pause) 7399M->2891M(8192M) 153.261ms
[7133.829s][info][gc,cpu         ] GC(1256) User=1.22s Sys=0.00s Real=0.15s
...[7136.745s][info][gc,start       ] GC(1257) Pause Young (Normal) (G1 Evacuation Pause)
[7136.745s][info][gc,task        ] GC(1257) Using 8 workers of 8 for evacuation
[7136.899s][info][gc,phases      ] GC(1257)   Pre Evacuate Collection Set: 0.25ms
[7136.899s][info][gc,phases      ] GC(1257)   Merge Heap Roots: 0.49ms
[7136.899s][info][gc,phases      ] GC(1257)   Evacuate Collection Set: 151.24ms
[7136.899s][info][gc,phases      ] GC(1257)   Post Evacuate Collection Set: 1.04ms
[7136.899s][info][gc,phases      ] GC(1257)   Other: 0.06ms
[7136.899s][info][gc,heap        ] GC(1257) Eden regions: 566->0(558)
[7136.899s][info][gc,heap        ] GC(1257) Survivor regions: 43->43(77)
[7136.899s][info][gc,heap        ] GC(1257) Old regions: 287->295
[7136.899s][info][gc,heap        ] GC(1257) Humongous regions: 33->33
[7136.899s][info][gc,metaspace   ] GC(1257) Metaspace: 30015K(30144K)->30015K(30144K) NonClass: 30015K(30144K)->30015K(30144K) Class: 0K(0K)->0K(0K)
[7136.899s][info][gc             ] GC(1257) Pause Young (Normal) (G1 Evacuation Pause) 7419M->2953M(8192M) 153.207ms
[7136.899s][info][gc,cpu         ] GC(1257) User=1.21s Sys=0.00s Real=0.15s
...[7139.711s][info][gc,start       ] GC(1258) Pause Young (Normal) (G1 Evacuation Pause)
[7139.711s][info][gc,task        ] GC(1258) Using 8 workers of 8 for evacuation
[7139.864s][info][gc,phases      ] GC(1258)   Pre Evacuate Collection Set: 0.23ms
[7139.864s][info][gc,phases      ] GC(1258)   Merge Heap Roots: 0.49ms
[7139.864s][info][gc,phases      ] GC(1258)   Evacuate Collection Set: 151.21ms
[7139.864s][info][gc,phases      ] GC(1258)   Post Evacuate Collection Set: 1.02ms
[7139.864s][info][gc,phases      ] GC(1258)   Other: 0.06ms
[7139.864s][info][gc,heap        ] GC(1258) Eden regions: 558->0(549)
[7139.864s][info][gc,heap        ] GC(1258) Survivor regions: 43->44(76)
[7139.864s][info][gc,heap        ] GC(1258) Old regions: 295->302
[7139.864s][info][gc,heap        ] GC(1258) Humongous regions: 33->33
[7139.864s][info][gc,metaspace   ] GC(1258) Metaspace: 30015K(30144K)->30015K(30144K) NonClass: 30015K(30144K)->30015K(30144K) Class: 0K(0K)->0K(0K)
[7139.864s][info][gc             ] GC(1258) Pause Young (Normal) (G1 Evacuation Pause) 7417M->3018M(8192M) 153.141ms
[7139.864s][info][gc,cpu         ] GC(1258) User=1.21s Sys=0.00s Real=0.15s
...[7142.865s][info][gc,start       ] GC(1259) Pause Young (Normal) (G1 Evacuation Pause)
[7142.865s][info][gc,task        ] GC(1259) Using 8 workers of 8 for evacuation
[7143.021s][info][gc,phases      ] GC(1259)   Pre Evacuate Collection Set: 0.27ms
[7143.021s][info][gc,phases      ] GC(1259)   Merge Heap Roots: 0.56ms
[7143.021s][info][gc,phases      ] GC(1259)   Evacuate Collection Set: 153.59ms
[7143.021s][info][gc,phases      ] GC(1259)   Post Evacuate Collection Set: 0.97ms
[7143.021s][info][gc,phases      ] GC(1259)   Other: 0.08ms
[7143.021s][info][gc,heap        ] GC(1259) Eden regions: 549->0(541)
[7143.021s][info][gc,heap        ] GC(1259) Survivor regions: 44->44(75)
[7143.021s][info][gc,heap        ] GC(1259) Old regions: 302->310
[7143.021s][info][gc,heap        ] GC(1259) Humongous regions: 33->33
[7143.021s][info][gc,metaspace   ] GC(1259) Metaspace: 30015K(30144K)->30015K(30144K) NonClass: 30015K(30144K)->30015K(30144K) Class: 0K(0K)->0K(0K)
[7143.021s][info][gc             ] GC(1259) Pause Young (Normal) (G1 Evacuation Pause) 7410M->3079M(8192M) 155.618ms
[7143.021s][info][gc,cpu         ] GC(1259) User=1.24s Sys=0.00s Real=0.16s
...[7145.794s][info][gc,start       ] GC(1260) Pause Young (Concurrent Start) (G1 Evacuation Pause)
[7145.794s][info][gc,task        ] GC(1260) Using 8 workers of 8 for evacuation
[7145.947s][info][gc,phases      ] GC(1260)   Pre Evacuate Collection Set: 0.28ms
[7145.947s][info][gc,phases      ] GC(1260)   Merge Heap Roots: 0.49ms
[7145.947s][info][gc,phases      ] GC(1260)   Evacuate Collection Set: 151.16ms
[7145.947s][info][gc,phases      ] GC(1260)   Post Evacuate Collection Set: 0.99ms
[7145.947s][info][gc,phases      ] GC(1260)   Other: 0.10ms
[7145.947s][info][gc,heap        ] GC(1260) Eden regions: 541->0(534)
[7145.947s][info][gc,heap        ] GC(1260) Survivor regions: 44->44(74)
[7145.947s][info][gc,heap        ] GC(1260) Old regions: 310->317
[7145.947s][info][gc,heap        ] GC(1260) Humongous regions: 33->33
[7145.947s][info][gc,metaspace   ] GC(1260) Metaspace: 30015K(30144K)->30015K(30144K) NonClass: 30015K(30144K)->30015K(30144K) Class: 0K(0K)->0K(0K)
[7145.947s][info][gc             ] GC(1260) Pause Young (Concurrent Start) (G1 Evacuation Pause) 7407M->3135M(8192M) 153.155ms
[7145.947s][info][gc             ] GC(1261) Concurrent Mark Cycle
[7145.947s][info][gc,marking     ] GC(1261) Concurrent Scan Root Regions
[7145.947s][info][gc,cpu         ] GC(1260) User=1.21s Sys=0.00s Real=0.15s
.[7146.256s][info][gc,marking     ] GC(1261) Concurrent Scan Root Regions 309.380ms
[7146.256s][info][gc,marking     ] GC(1261) Concurrent Mark
[7146.256s][info][gc,marking     ] GC(1261) Concurrent Mark From Roots
[7146.256s][info][gc,task        ] GC(1261) Using 2 workers of 2 for marking
.[7147.238s][info][gc,marking     ] GC(1261) Concurrent Mark From Roots 981.260ms
[7147.238s][info][gc,marking     ] GC(1261) Concurrent Preclean
[7147.238s][info][gc,marking     ] GC(1261) Concurrent Preclean 0.079ms
[7147.238s][info][gc,start       ] GC(1261) Pause Remark
[7147.240s][info][gc             ] GC(1261) Pause Remark 4563M->3947M(8192M) 2.422ms
[7147.240s][info][gc,cpu         ] GC(1261) User=0.01s Sys=0.00s Real=0.01s
[7147.240s][info][gc,marking     ] GC(1261) Concurrent Mark 984.039ms
[7147.240s][info][gc,marking     ] GC(1261) Concurrent Rebuild Remembered Sets and Scrub Regions
.[7148.275s][info][gc,marking     ] GC(1261) Concurrent Rebuild Remembered Sets and Scrub Regions 1034.559ms
[7148.275s][info][gc,start       ] GC(1261) Pause Cleanup
[7148.275s][info][gc             ] GC(1261) Pause Cleanup 5411M->5411M(8192M) 0.242ms
[7148.275s][info][gc,cpu         ] GC(1261) User=0.00s Sys=0.00s Real=0.00s
[7148.275s][info][gc,marking     ] GC(1261) Concurrent Clear Claimed Marks
[7148.276s][info][gc,marking     ] GC(1261) Concurrent Clear Claimed Marks 0.044ms
[7148.276s][info][gc,marking     ] GC(1261) Concurrent Cleanup for Next Mark
[7148.286s][info][gc,marking     ] GC(1261) Concurrent Cleanup for Next Mark 10.605ms
[7148.286s][info][gc             ] GC(1261) Concurrent Mark Cycle 2339.330ms
[7149.119s][info][gc,start       ] GC(1262) Pause Young (Prepare Mixed) (G1 Evacuation Pause)
[7149.119s][info][gc,task        ] GC(1262) Using 8 workers of 8 for evacuation
[7149.274s][info][gc,phases      ] GC(1262)   Pre Evacuate Collection Set: 0.24ms
[7149.274s][info][gc,phases      ] GC(1262)   Merge Heap Roots: 0.67ms
[7149.274s][info][gc,phases      ] GC(1262)   Evacuate Collection Set: 153.19ms
[7149.274s][info][gc,phases      ] GC(1262)   Post Evacuate Collection Set: 1.13ms
[7149.274s][info][gc,phases      ] GC(1262)   Other: 0.07ms
[7149.274s][info][gc,heap        ] GC(1262) Eden regions: 534->0(570)
[7149.274s][info][gc,heap        ] GC(1262) Survivor regions: 44->44(73)
[7149.274s][info][gc,heap        ] GC(1262) Old regions: 240->248
[7149.274s][info][gc,heap        ] GC(1262) Humongous regions: 33->33
[7149.274s][info][gc,metaspace   ] GC(1262) Metaspace: 30015K(30144K)->30015K(30144K) NonClass: 30015K(30144K)->30015K(30144K) Class: 0K(0K)->0K(0K)
[7149.274s][info][gc             ] GC(1262) Pause Young (Prepare Mixed) (G1 Evacuation Pause) 6791M->2583M(8192M) 155.435ms
[7149.274s][info][gc,cpu         ] GC(1262) User=1.23s Sys=0.00s Real=0.16s
...[7152.078s][info][gc,start       ] GC(1263) Pause Young (Mixed) (G1 Evacuation Pause)
[7152.078s][info][gc,task        ] GC(1263) Using 8 workers of 8 for evacuation
[7152.239s][info][gc,phases      ] GC(1263)   Pre Evacuate Collection Set: 0.26ms
[7152.239s][info][gc,phases      ] GC(1263)   Merge Heap Roots: 0.73ms
[7152.239s][info][gc,phases      ] GC(1263)   Evacuate Collection Set: 158.34ms
[7152.239s][info][gc,phases      ] GC(1263)   Post Evacuate Collection Set: 1.26ms
[7152.239s][info][gc,phases      ] GC(1263)   Other: 0.07ms
[7152.239s][info][gc,heap        ] GC(1263) Eden regions: 570->0(571)
[7152.239s][info][gc,heap        ] GC(1263) Survivor regions: 44->43(77)
[7152.239s][info][gc,heap        ] GC(1263) Old regions: 248->153
[7152.239s][info][gc,heap        ] GC(1263) Humongous regions: 33->33
[7152.239s][info][gc,metaspace   ] GC(1263) Metaspace: 30015K(30144K)->30015K(30144K) NonClass: 30015K(30144K)->30015K(30144K) Class: 0K(0K)->0K(0K)
[7152.239s][info][gc             ] GC(1263) Pause Young (Mixed) (G1 Evacuation Pause) 7143M->1819M(8192M) 160.793ms
[7152.239s][info][gc,cpu         ] GC(1263) User=1.27s Sys=0.00s Real=0.16s
...[7155.069s][info][gc,start       ] GC(1264) Pause Young (Mixed) (G1 Evacuation Pause)
[7155.069s][info][gc,task        ] GC(1264) Using 8 workers of 8 for evacuation
[7155.225s][info][gc,phases      ] GC(1264)   Pre Evacuate Collection Set: 0.24ms
[7155.225s][info][gc,phases      ] GC(1264)   Merge Heap Roots: 0.65ms
[7155.225s][info][gc,phases      ] GC(1264)   Evacuate Collection Set: 153.74ms
[7155.225s][info][gc,phases      ] GC(1264)   Post Evacuate Collection Set: 1.03ms
[7155.225s][info][gc,phases      ] GC(1264)   Other: 0.07ms
[7155.225s][info][gc,heap        ] GC(1264) Eden regions: 571->0(571)
[7155.225s][info][gc,heap        ] GC(1264) Survivor regions: 43->43(77)
[7155.225s][info][gc,heap        ] GC(1264) Old regions: 153->143
[7155.225s][info][gc,heap        ] GC(1264) Humongous regions: 33->33
[7155.225s][info][gc,metaspace   ] GC(1264) Metaspace: 30015K(30144K)->30015K(30144K) NonClass: 30015K(30144K)->30015K(30144K) Class: 0K(0K)->0K(0K)
[7155.225s][info][gc             ] GC(1264) Pause Young (Mixed) (G1 Evacuation Pause) 6387M->1739M(8192M) 155.858ms
[7155.225s][info][gc,cpu         ] GC(1264) User=1.23s Sys=0.01s Real=0.16s
...[7158.269s][info][gc,start       ] GC(1265) Pause Young (Normal) (G1 Evacuation Pause)
[7158.269s][info][gc,task        ] GC(1265) Using 8 workers of 8 for evacuation
[7158.424s][info][gc,phases      ] GC(1265)   Pre Evacuate Collection Set: 0.23ms
[7158.424s][info][gc,phases      ] GC(1265)   Merge Heap Roots: 0.49ms
[7158.424s][info][gc,phases      ] GC(1265)   Evacuate Collection Set: 152.92ms
[7158.424s][info][gc,phases      ] GC(1265)   Post Evacuate Collection Set: 1.02ms
[7158.424s][info][gc,phases      ] GC(1265)   Other: 0.07ms
[7158.424s][info][gc,heap        ] GC(1265) Eden regions: 571->0(569)
[7158.424s][info][gc,heap        ] GC(1265) Survivor regions: 43->45(77)
[7158.424s][info][gc,heap        ] GC(1265) Old regions: 143->150
[7158.424s][info][gc,heap        ] GC(1265) Humongous regions: 33->33
[7158.424s][info][gc,metaspace   ] GC(1265) Metaspace: 30015K(30144K)->30015K(30144K) NonClass: 30015K(30144K)->30015K(30144K) Class: 0K(0K)->0K(0K)
[7158.424s][info][gc             ] GC(1265) Pause Young (Normal) (G1 Evacuation Pause) 6307M->1807M(8192M) 154.902ms
[7158.424s][info][gc,cpu         ] GC(1265) User=1.23s Sys=0.00s Real=0.16s
...[7161.347s][info][gc,start       ] GC(1266) Pause Young (Normal) (G1 Evacuation Pause)
[7161.347s][info][gc,task        ] GC(1266) Using 8 workers of 8 for evacuation
[7161.499s][info][gc,phases      ] GC(1266)   Pre Evacuate Collection Set: 0.24ms
[7161.499s][info][gc,phases      ] GC(1266)   Merge Heap Roots: 0.48ms
[7161.499s][info][gc,phases      ] GC(1266)   Evacuate Collection Set: 150.56ms
[7161.499s][info][gc,phases      ] GC(1266)   Post Evacuate Collection Set: 1.02ms
[7161.499s][info][gc,phases      ] GC(1266)   Other: 0.06ms
[7161.499s][info][gc,heap        ] GC(1266) Eden regions: 569->0(570)
[7161.499s][info][gc,heap        ] GC(1266) Survivor regions: 45->44(77)
[7161.499s][info][gc,heap        ] GC(1266) Old regions: 150->158
[7161.499s][info][gc,heap        ] GC(1266) Humongous regions: 33->33
[7161.499s][info][gc,metaspace   ] GC(1266) Metaspace: 30015K(30144K)->30015K(30144K) NonClass: 30015K(30144K)->30015K(30144K) Class: 0K(0K)->0K(0K)
[7161.499s][info][gc             ] GC(1266) Pause Young (Normal) (G1 Evacuation Pause) 6359M->1862M(8192M) 152.487ms
[7161.499s][info][gc,cpu         ] GC(1266) User=1.21s Sys=0.00s Real=0.15s
....[7164.632s][info][gc,start       ] GC(1267) Pause Young (Normal) (G1 Evacuation Pause)
[7164.632s][info][gc,task        ] GC(1267) Using 8 workers of 8 for evacuation
[7164.787s][info][gc,phases      ] GC(1267)   Pre Evacuate Collection Set: 0.22ms
[7164.787s][info][gc,phases      ] GC(1267)   Merge Heap Roots: 0.52ms
[7164.787s][info][gc,phases      ] GC(1267)   Evacuate Collection Set: 153.19ms
[7164.787s][info][gc,phases      ] GC(1267)   Post Evacuate Collection Set: 1.03ms
[7164.787s][info][gc,phases      ] GC(1267)   Other: 0.07ms
[7164.787s][info][gc,heap        ] GC(1267) Eden regions: 570->0(570)
[7164.787s][info][gc,heap        ] GC(1267) Survivor regions: 44->44(77)
[7164.787s][info][gc,heap        ] GC(1267) Old regions: 158->165
[7164.787s][info][gc,heap        ] GC(1267) Humongous regions: 33->33
[7164.787s][info][gc,metaspace   ] GC(1267) Metaspace: 30015K(30144K)->30015K(30144K) NonClass: 30015K(30144K)->30015K(30144K) Class: 0K(0K)->0K(0K)
[7164.787s][info][gc             ] GC(1267) Pause Young (Normal) (G1 Evacuation Pause) 6422M->1918M(8192M) 155.158ms
[7164.787s][info][gc,cpu         ] GC(1267) User=1.23s Sys=0.00s Real=0.15s
...[7167.698s][info][gc,start       ] GC(1268) Pause Young (Normal) (G1 Evacuation Pause)
[7167.698s][info][gc,task        ] GC(1268) Using 8 workers of 8 for evacuation
[7167.850s][info][gc,phases      ] GC(1268)   Pre Evacuate Collection Set: 0.23ms
[7167.850s][info][gc,phases      ] GC(1268)   Merge Heap Roots: 0.48ms
[7167.850s][info][gc,phases      ] GC(1268)   Evacuate Collection Set: 150.20ms
[7167.850s][info][gc,phases      ] GC(1268)   Post Evacuate Collection Set: 1.02ms
[7167.850s][info][gc,phases      ] GC(1268)   Other: 0.06ms
[7167.850s][info][gc,heap        ] GC(1268) Eden regions: 570->0(570)
[7167.850s][info][gc,heap        ] GC(1268) Survivor regions: 44->44(77)
[7167.850s][info][gc,heap        ] GC(1268) Old regions: 165->172
[7167.850s][info][gc,heap        ] GC(1268) Humongous regions: 33->33
[7167.850s][info][gc,metaspace   ] GC(1268) Metaspace: 30015K(30144K)->30015K(30144K) NonClass: 30015K(30144K)->30015K(30144K) Class: 0K(0K)->0K(0K)
[7167.850s][info][gc             ] GC(1268) Pause Young (Normal) (G1 Evacuation Pause) 6478M->1977M(8192M) 152.123ms
[7167.850s][info][gc,cpu         ] GC(1268) User=1.20s Sys=0.00s Real=0.16s
...[7170.914s][info][gc,start       ] GC(1269) Pause Young (Normal) (G1 Evacuation Pause)
[7170.914s][info][gc,task        ] GC(1269) Using 8 workers of 8 for evacuation
[7171.071s][info][gc,phases      ] GC(1269)   Pre Evacuate Collection Set: 0.23ms
[7171.071s][info][gc,phases      ] GC(1269)   Merge Heap Roots: 0.50ms
[7171.071s][info][gc,phases      ] GC(1269)   Evacuate Collection Set: 155.13ms
[7171.071s][info][gc,phases      ] GC(1269)   Post Evacuate Collection Set: 1.05ms
[7171.071s][info][gc,phases      ] GC(1269)   Other: 0.06ms
[7171.071s][info][gc,heap        ] GC(1269) Eden regions: 570->0(569)
[7171.071s][info][gc,heap        ] GC(1269) Survivor regions: 44->45(77)
[7171.071s][info][gc,heap        ] GC(1269) Old regions: 172->179
[7171.071s][info][gc,heap        ] GC(1269) Humongous regions: 33->33
[7171.071s][info][gc,metaspace   ] GC(1269) Metaspace: 30015K(30144K)->30015K(30144K) NonClass: 30015K(30144K)->30015K(30144K) Class: 0K(0K)->0K(0K)
[7171.071s][info][gc             ] GC(1269) Pause Young (Normal) (G1 Evacuation Pause) 6537M->2037M(8192M) 157.133ms
[7171.071s][info][gc,cpu         ] GC(1269) User=1.24s Sys=0.00s Real=0.16s
...[7174.054s][info][gc,start       ] GC(1270) Pause Young (Normal) (G1 Evacuation Pause)
[7174.054s][info][gc,task        ] GC(1270) Using 8 workers of 8 for evacuation
[7174.205s][info][gc,phases      ] GC(1270)   Pre Evacuate Collection Set: 0.22ms
[7174.205s][info][gc,phases      ] GC(1270)   Merge Heap Roots: 0.48ms
[7174.205s][info][gc,phases      ] GC(1270)   Evacuate Collection Set: 149.44ms
[7174.205s][info][gc,phases      ] GC(1270)   Post Evacuate Collection Set: 1.03ms
[7174.205s][info][gc,phases      ] GC(1270)   Other: 0.06ms
[7174.205s][info][gc,heap        ] GC(1270) Eden regions: 569->0(570)
[7174.205s][info][gc,heap        ] GC(1270) Survivor regions: 45->44(77)
[7174.205s][info][gc,heap        ] GC(1270) Old regions: 179->186
[7174.205s][info][gc,heap        ] GC(1270) Humongous regions: 33->33
[7174.205s][info][gc,metaspace   ] GC(1270) Metaspace: 30015K(30144K)->30015K(30144K) NonClass: 30015K(30144K)->30015K(30144K) Class: 0K(0K)->0K(0K)
[7174.205s][info][gc             ] GC(1270) Pause Young (Normal) (G1 Evacuation Pause) 6589M->2086M(8192M) 151.364ms
[7174.205s][info][gc,cpu         ] GC(1270) User=1.19s Sys=0.00s Real=0.15s
...[7177.244s][info][gc,start       ] GC(1271) Pause Young (Normal) (G1 Evacuation Pause)
[7177.244s][info][gc,task        ] GC(1271) Using 8 workers of 8 for evacuation
[7177.394s][info][gc,phases      ] GC(1271)   Pre Evacuate Collection Set: 0.26ms
[7177.394s][info][gc,phases      ] GC(1271)   Merge Heap Roots: 0.49ms
[7177.394s][info][gc,phases      ] GC(1271)   Evacuate Collection Set: 148.28ms
[7177.394s][info][gc,phases      ] GC(1271)   Post Evacuate Collection Set: 1.02ms
[7177.394s][info][gc,phases      ] GC(1271)   Other: 0.06ms
[7177.394s][info][gc,heap        ] GC(1271) Eden regions: 570->0(571)
[7177.394s][info][gc,heap        ] GC(1271) Survivor regions: 44->43(77)
[7177.394s][info][gc,heap        ] GC(1271) Old regions: 186->193
[7177.394s][info][gc,heap        ] GC(1271) Humongous regions: 33->33
[7177.394s][info][gc,metaspace   ] GC(1271) Metaspace: 30015K(30144K)->30015K(30144K) NonClass: 30015K(30144K)->30015K(30144K) Class: 0K(0K)->0K(0K)
[7177.394s][info][gc             ] GC(1271) Pause Young (Normal) (G1 Evacuation Pause) 6646M->2138M(8192M) 150.232ms
[7177.394s][info][gc,cpu         ] GC(1271) User=1.19s Sys=0.00s Real=0.15s
...[7180.377s][info][gc,start       ] GC(1272) Pause Young (Normal) (G1 Evacuation Pause)
[7180.377s][info][gc,task        ] GC(1272) Using 8 workers of 8 for evacuation
[7180.532s][info][gc,phases      ] GC(1272)   Pre Evacuate Collection Set: 0.26ms
[7180.532s][info][gc,phases      ] GC(1272)   Merge Heap Roots: 0.50ms
[7180.532s][info][gc,phases      ] GC(1272)   Evacuate Collection Set: 152.97ms
[7180.532s][info][gc,phases      ] GC(1272)   Post Evacuate Collection Set: 1.00ms
[7180.532s][info][gc,phases      ] GC(1272)   Other: 0.06ms
[7180.532s][info][gc,heap        ] GC(1272) Eden regions: 571->0(570)
[7180.532s][info][gc,heap        ] GC(1272) Survivor regions: 43->44(77)
[7180.532s][info][gc,heap        ] GC(1272) Old regions: 193->200
[7180.532s][info][gc,heap        ] GC(1272) Humongous regions: 33->33
[7180.532s][info][gc,metaspace   ] GC(1272) Metaspace: 30015K(30144K)->30015K(30144K) NonClass: 30015K(30144K)->30015K(30144K) Class: 0K(0K)->0K(0K)
[7180.532s][info][gc             ] GC(1272) Pause Young (Normal) (G1 Evacuation Pause) 6706M->2203M(8192M) 154.920ms
[7180.532s][info][gc,cpu         ] GC(1272) User=1.22s Sys=0.00s Real=0.16s
...[7183.525s][info][gc,start       ] GC(1273) Pause Young (Normal) (G1 Evacuation Pause)
[7183.525s][info][gc,task        ] GC(1273) Using 8 workers of 8 for evacuation
[7183.677s][info][gc,phases      ] GC(1273)   Pre Evacuate Collection Set: 0.23ms
[7183.677s][info][gc,phases      ] GC(1273)   Merge Heap Roots: 0.57ms
[7183.677s][info][gc,phases      ] GC(1273)   Evacuate Collection Set: 148.94ms
[7183.677s][info][gc,phases      ] GC(1273)   Post Evacuate Collection Set: 1.03ms
[7183.677s][info][gc,phases      ] GC(1273)   Other: 0.80ms
[7183.677s][info][gc,heap        ] GC(1273) Eden regions: 570->0(571)
[7183.677s][info][gc,heap        ] GC(1273) Survivor regions: 44->43(77)
[7183.677s][info][gc,heap        ] GC(1273) Old regions: 200->207
[7183.677s][info][gc,heap        ] GC(1273) Humongous regions: 33->33
[7183.677s][info][gc,metaspace   ] GC(1273) Metaspace: 30015K(30144K)->30015K(30144K) NonClass: 30015K(30144K)->30015K(30144K) Class: 0K(0K)->0K(0K)
[7183.677s][info][gc             ] GC(1273) Pause Young (Normal) (G1 Evacuation Pause) 6763M->2251M(8192M) 151.707ms
[7183.677s][info][gc,cpu         ] GC(1273) User=1.19s Sys=0.00s Real=0.15s
....[7186.805s][info][gc,start       ] GC(1274) Pause Young (Normal) (G1 Evacuation Pause)
[7186.805s][info][gc,task        ] GC(1274) Using 8 workers of 8 for evacuation
[7186.958s][info][gc,phases      ] GC(1274)   Pre Evacuate Collection Set: 0.28ms
[7186.958s][info][gc,phases      ] GC(1274)   Merge Heap Roots: 0.53ms
[7186.958s][info][gc,phases      ] GC(1274)   Evacuate Collection Set: 151.46ms
[7186.958s][info][gc,phases      ] GC(1274)   Post Evacuate Collection Set: 1.02ms
[7186.958s][info][gc,phases      ] GC(1274)   Other: 0.07ms
[7186.958s][info][gc,heap        ] GC(1274) Eden regions: 571->0(570)
[7186.958s][info][gc,heap        ] GC(1274) Survivor regions: 43->44(77)
[7186.958s][info][gc,heap        ] GC(1274) Old regions: 207->215
[7186.958s][info][gc,heap        ] GC(1274) Humongous regions: 33->33
[7186.958s][info][gc,metaspace   ] GC(1274) Metaspace: 30015K(30144K)->30015K(30144K) NonClass: 30015K(30144K)->30015K(30144K) Class: 0K(0K)->0K(0K)
[7186.958s][info][gc             ] GC(1274) Pause Young (Normal) (G1 Evacuation Pause) 6819M->2321M(8192M) 153.485ms
[7186.959s][info][gc,cpu         ] GC(1274) User=1.21s Sys=0.00s Real=0.15s
. (rIR:aIR:PR = 12177:12143:12134) (tPR = 180388) [OK] 
  7187s: Performance info:
         Transaction,    Success,    Partial,     Failed,   Receipts, AvgBarcode, 
             Overall,     733998,          0,          0,     697385,      59.48, 
         Response times:
             Request,    Success,    Partial,     Failed,   SkipFail,     Probes,    Samples,      min,      p50,      p90,      p95,      p99,      max, 
       TotalPurchase,     697847,          0,          0,          0,     353682,     458014,      300,    15700,   109000,   154000,   319000,  2700000,
     InStorePurchase,     368364,          0,          0,          0,     186394,     240725,      300,    15700,   109000,   151000,   316000,  2700000,
      OnlinePurchase,     256634,          0,          0,          0,     129440,     168076,      300,    15700,   110000,   160000,   324000,  2700000,
        InstPurchase,      72849,          0,          0,          0,      37848,      49213,      400,    15700,   106000,   149000,   324000,  1900000,
          AssocOfCat,        740,          0,          0,          0,        626,        916,    34000,    74000,   186900,   232250,   415830,   598000,
      AssocOfProduct,       7403,          0,          0,          0,       3361,       4453,      800,    15600,   103000,   151000,   341380,  2700000,
      BusinessReport,       1846,          0,          0,          0,       1669,       2348,    36000,    78000,   181100,   232550,   425160,  2300000,
          CustBuyBeh,       7458,          0,          0,          0,       3432,       4661,      500,    15000,    99000,   146900,   372520,  2300000,
       ProductReturn,      19268,          0,          0,          0,       9203,      12208,      200,    14700,   103000,   148000,   373820,  1500000,

  7187s: (89%)   IR =  12315 ..[7190.032s][info][gc,start       ] GC(1275) Pause Young (Normal) (G1 Evacuation Pause)
[7190.032s][info][gc,task        ] GC(1275) Using 8 workers of 8 for evacuation
[7190.186s][info][gc,phases      ] GC(1275)   Pre Evacuate Collection Set: 0.23ms
[7190.186s][info][gc,phases      ] GC(1275)   Merge Heap Roots: 0.50ms
[7190.186s][info][gc,phases      ] GC(1275)   Evacuate Collection Set: 151.87ms
[7190.186s][info][gc,phases      ] GC(1275)   Post Evacuate Collection Set: 1.03ms
[7190.186s][info][gc,phases      ] GC(1275)   Other: 0.07ms
[7190.186s][info][gc,heap        ] GC(1275) Eden regions: 570->0(570)
[7190.186s][info][gc,heap        ] GC(1275) Survivor regions: 44->44(77)
[7190.186s][info][gc,heap        ] GC(1275) Old regions: 215->222
[7190.186s][info][gc,heap        ] GC(1275) Humongous regions: 33->33
[7190.186s][info][gc,metaspace   ] GC(1275) Metaspace: 30015K(30144K)->30015K(30144K) NonClass: 30015K(30144K)->30015K(30144K) Class: 0K(0K)->0K(0K)
[7190.186s][info][gc             ] GC(1275) Pause Young (Normal) (G1 Evacuation Pause) 6881M->2379M(8192M) 153.827ms
[7190.186s][info][gc,cpu         ] GC(1275) User=1.22s Sys=0.00s Real=0.15s
...[7192.992s][info][gc,start       ] GC(1276) Pause Young (Normal) (G1 Evacuation Pause)
[7192.992s][info][gc,task        ] GC(1276) Using 8 workers of 8 for evacuation
[7193.146s][info][gc,phases      ] GC(1276)   Pre Evacuate Collection Set: 0.23ms
[7193.146s][info][gc,phases      ] GC(1276)   Merge Heap Roots: 0.50ms
[7193.146s][info][gc,phases      ] GC(1276)   Evacuate Collection Set: 152.70ms
[7193.146s][info][gc,phases      ] GC(1276)   Post Evacuate Collection Set: 1.05ms
[7193.146s][info][gc,phases      ] GC(1276)   Other: 0.06ms
[7193.146s][info][gc,heap        ] GC(1276) Eden regions: 570->0(570)
[7193.146s][info][gc,heap        ] GC(1276) Survivor regions: 44->44(77)
[7193.146s][info][gc,heap        ] GC(1276) Old regions: 222->229
[7193.146s][info][gc,heap        ] GC(1276) Humongous regions: 33->33
[7193.146s][info][gc,metaspace   ] GC(1276) Metaspace: 30015K(30144K)->30015K(30144K) NonClass: 30015K(30144K)->30015K(30144K) Class: 0K(0K)->0K(0K)
[7193.146s][info][gc             ] GC(1276) Pause Young (Normal) (G1 Evacuation Pause) 6939M->2435M(8192M) 154.668ms
[7193.146s][info][gc,cpu         ] GC(1276) User=1.22s Sys=0.00s Real=0.15s
...[7196.118s][info][gc,start       ] GC(1277) Pause Young (Normal) (G1 Evacuation Pause)
[7196.118s][info][gc,task        ] GC(1277) Using 8 workers of 8 for evacuation
[7196.273s][info][gc,phases      ] GC(1277)   Pre Evacuate Collection Set: 0.21ms
[7196.273s][info][gc,phases      ] GC(1277)   Merge Heap Roots: 0.50ms
[7196.273s][info][gc,phases      ] GC(1277)   Evacuate Collection Set: 153.07ms
[7196.273s][info][gc,phases      ] GC(1277)   Post Evacuate Collection Set: 1.05ms
[7196.273s][info][gc,phases      ] GC(1277)   Other: 0.06ms
[7196.273s][info][gc,heap        ] GC(1277) Eden regions: 570->0(570)
[7196.273s][info][gc,heap        ] GC(1277) Survivor regions: 44->44(77)
[7196.273s][info][gc,heap        ] GC(1277) Old regions: 229->237
[7196.273s][info][gc,heap        ] GC(1277) Humongous regions: 33->33
[7196.273s][info][gc,metaspace   ] GC(1277) Metaspace: 30015K(30144K)->30015K(30144K) NonClass: 30015K(30144K)->30015K(30144K) Class: 0K(0K)->0K(0K)
[7196.273s][info][gc             ] GC(1277) Pause Young (Normal) (G1 Evacuation Pause) 6995M->2495M(8192M) 155.021ms
[7196.273s][info][gc,cpu         ] GC(1277) User=1.22s Sys=0.00s Real=0.16s
...[7199.204s][info][gc,start       ] GC(1278) Pause Young (Normal) (G1 Evacuation Pause)
[7199.204s][info][gc,task        ] GC(1278) Using 8 workers of 8 for evacuation
[7199.351s][info][gc,phases      ] GC(1278)   Pre Evacuate Collection Set: 0.25ms
[7199.351s][info][gc,phases      ] GC(1278)   Merge Heap Roots: 0.48ms
[7199.351s][info][gc,phases      ] GC(1278)   Evacuate Collection Set: 144.78ms
[7199.351s][info][gc,phases      ] GC(1278)   Post Evacuate Collection Set: 1.03ms
[7199.351s][info][gc,phases      ] GC(1278)   Other: 0.06ms
[7199.351s][info][gc,heap        ] GC(1278) Eden regions: 570->0(572)
[7199.351s][info][gc,heap        ] GC(1278) Survivor regions: 44->42(77)
[7199.351s][info][gc,heap        ] GC(1278) Old regions: 237->244
[7199.351s][info][gc,heap        ] GC(1278) Humongous regions: 33->33
[7199.351s][info][gc,metaspace   ] GC(1278) Metaspace: 30015K(30144K)->30015K(30144K) NonClass: 30015K(30144K)->30015K(30144K) Class: 0K(0K)->0K(0K)
[7199.351s][info][gc             ] GC(1278) Pause Young (Normal) (G1 Evacuation Pause) 7055M->2535M(8192M) 146.742ms
[7199.351s][info][gc,cpu         ] GC(1278) User=1.16s Sys=0.01s Real=0.15s
...[7202.387s][info][gc,start       ] GC(1279) Pause Young (Normal) (G1 Evacuation Pause)
[7202.387s][info][gc,task        ] GC(1279) Using 8 workers of 8 for evacuation
[7202.537s][info][gc,phases      ] GC(1279)   Pre Evacuate Collection Set: 0.24ms
[7202.537s][info][gc,phases      ] GC(1279)   Merge Heap Roots: 0.49ms
[7202.537s][info][gc,phases      ] GC(1279)   Evacuate Collection Set: 148.21ms
[7202.537s][info][gc,phases      ] GC(1279)   Post Evacuate Collection Set: 1.02ms
[7202.537s][info][gc,phases      ] GC(1279)   Other: 0.06ms
[7202.537s][info][gc,heap        ] GC(1279) Eden regions: 572->0(571)
[7202.537s][info][gc,heap        ] GC(1279) Survivor regions: 42->43(77)
[7202.537s][info][gc,heap        ] GC(1279) Old regions: 244->251
[7202.537s][info][gc,heap        ] GC(1279) Humongous regions: 33->33
[7202.537s][info][gc,metaspace   ] GC(1279) Metaspace: 30015K(30144K)->30015K(30144K) NonClass: 30015K(30144K)->30015K(30144K) Class: 0K(0K)->0K(0K)
[7202.537s][info][gc             ] GC(1279) Pause Young (Normal) (G1 Evacuation Pause) 7111M->2603M(8192M) 150.144ms
[7202.537s][info][gc,cpu         ] GC(1279) User=1.19s Sys=0.00s Real=0.15s
...|[7205.614s][info][gc,start       ] GC(1280) Pause Young (Normal) (G1 Evacuation Pause)
[7205.614s][info][gc,task        ] GC(1280) Using 8 workers of 8 for evacuation
[7205.763s][info][gc,phases      ] GC(1280)   Pre Evacuate Collection Set: 0.23ms
[7205.763s][info][gc,phases      ] GC(1280)   Merge Heap Roots: 0.48ms
[7205.763s][info][gc,phases      ] GC(1280)   Evacuate Collection Set: 146.91ms
[7205.763s][info][gc,phases      ] GC(1280)   Post Evacuate Collection Set: 1.02ms
[7205.763s][info][gc,phases      ] GC(1280)   Other: 0.06ms
[7205.763s][info][gc,heap        ] GC(1280) Eden regions: 571->0(571)
[7205.763s][info][gc,heap        ] GC(1280) Survivor regions: 43->43(77)
[7205.763s][info][gc,heap        ] GC(1280) Old regions: 251->259
[7205.763s][info][gc,heap        ] GC(1280) Humongous regions: 33->33
[7205.763s][info][gc,metaspace   ] GC(1280) Metaspace: 30015K(30144K)->30015K(30144K) NonClass: 30015K(30144K)->30015K(30144K) Class: 0K(0K)->0K(0K)
[7205.763s][info][gc             ] GC(1280) Pause Young (Normal) (G1 Evacuation Pause) 7171M->2663M(8192M) 148.839ms
[7205.763s][info][gc,cpu         ] GC(1280) User=1.17s Sys=0.00s Real=0.15s
...[7208.761s][info][gc,start       ] GC(1281) Pause Young (Normal) (G1 Evacuation Pause)
[7208.761s][info][gc,task        ] GC(1281) Using 8 workers of 8 for evacuation
[7208.912s][info][gc,phases      ] GC(1281)   Pre Evacuate Collection Set: 0.25ms
[7208.912s][info][gc,phases      ] GC(1281)   Merge Heap Roots: 0.51ms
[7208.912s][info][gc,phases      ] GC(1281)   Evacuate Collection Set: 148.94ms
[7208.912s][info][gc,phases      ] GC(1281)   Post Evacuate Collection Set: 1.02ms
[7208.912s][info][gc,phases      ] GC(1281)   Other: 0.07ms
[7208.912s][info][gc,heap        ] GC(1281) Eden regions: 571->0(571)
[7208.912s][info][gc,heap        ] GC(1281) Survivor regions: 43->43(77)
[7208.912s][info][gc,heap        ] GC(1281) Old regions: 259->266
[7208.912s][info][gc,heap        ] GC(1281) Humongous regions: 33->33
[7208.912s][info][gc,metaspace   ] GC(1281) Metaspace: 30015K(30144K)->30015K(30144K) NonClass: 30015K(30144K)->30015K(30144K) Class: 0K(0K)->0K(0K)
[7208.912s][info][gc             ] GC(1281) Pause Young (Normal) (G1 Evacuation Pause) 7231M->2721M(8192M) 150.926ms
[7208.912s][info][gc,cpu         ] GC(1281) User=1.19s Sys=0.00s Real=0.15s
....[7211.954s][info][gc,start       ] GC(1282) Pause Young (Normal) (G1 Evacuation Pause)
[7211.954s][info][gc,task        ] GC(1282) Using 8 workers of 8 for evacuation
[7212.111s][info][gc,phases      ] GC(1282)   Pre Evacuate Collection Set: 0.25ms
[7212.111s][info][gc,phases      ] GC(1282)   Merge Heap Roots: 0.49ms
[7212.111s][info][gc,phases      ] GC(1282)   Evacuate Collection Set: 154.76ms
[7212.111s][info][gc,phases      ] GC(1282)   Post Evacuate Collection Set: 1.03ms
[7212.111s][info][gc,phases      ] GC(1282)   Other: 0.06ms
[7212.111s][info][gc,heap        ] GC(1282) Eden regions: 571->0(569)
[7212.111s][info][gc,heap        ] GC(1282) Survivor regions: 43->45(77)
[7212.111s][info][gc,heap        ] GC(1282) Old regions: 266->273
[7212.111s][info][gc,heap        ] GC(1282) Humongous regions: 33->33
[7212.111s][info][gc,metaspace   ] GC(1282) Metaspace: 30015K(30144K)->30015K(30144K) NonClass: 30015K(30144K)->30015K(30144K) Class: 0K(0K)->0K(0K)
[7212.111s][info][gc             ] GC(1282) Pause Young (Normal) (G1 Evacuation Pause) 7289M->2790M(8192M) 156.726ms
[7212.111s][info][gc,cpu         ] GC(1282) User=1.24s Sys=0.00s Real=0.16s
...[7215.043s][info][gc,start       ] GC(1283) Pause Young (Normal) (G1 Evacuation Pause)
[7215.043s][info][gc,task        ] GC(1283) Using 8 workers of 8 for evacuation
[7215.199s][info][gc,phases      ] GC(1283)   Pre Evacuate Collection Set: 0.26ms
[7215.199s][info][gc,phases      ] GC(1283)   Merge Heap Roots: 0.57ms
[7215.199s][info][gc,phases      ] GC(1283)   Evacuate Collection Set: 154.00ms
[7215.199s][info][gc,phases      ] GC(1283)   Post Evacuate Collection Set: 1.05ms
[7215.199s][info][gc,phases      ] GC(1283)   Other: 0.07ms
[7215.199s][info][gc,heap        ] GC(1283) Eden regions: 569->0(570)
[7215.199s][info][gc,heap        ] GC(1283) Survivor regions: 45->44(77)
[7215.199s][info][gc,heap        ] GC(1283) Old regions: 273->280
[7215.199s][info][gc,heap        ] GC(1283) Humongous regions: 33->33
[7215.199s][info][gc,metaspace   ] GC(1283) Metaspace: 30015K(30144K)->30015K(30144K) NonClass: 30015K(30144K)->30015K(30144K) Class: 0K(0K)->0K(0K)
[7215.199s][info][gc             ] GC(1283) Pause Young (Normal) (G1 Evacuation Pause) 7342M->2843M(8192M) 156.093ms
[7215.199s][info][gc,cpu         ] GC(1283) User=1.23s Sys=0.00s Real=0.15s
...[7218.057s][info][gc,start       ] GC(1284) Pause Young (Normal) (G1 Evacuation Pause)
[7218.057s][info][gc,task        ] GC(1284) Using 8 workers of 8 for evacuation
[7218.211s][info][gc,phases      ] GC(1284)   Pre Evacuate Collection Set: 0.22ms
[7218.211s][info][gc,phases      ] GC(1284)   Merge Heap Roots: 0.49ms
[7218.211s][info][gc,phases      ] GC(1284)   Evacuate Collection Set: 152.73ms
[7218.211s][info][gc,phases      ] GC(1284)   Post Evacuate Collection Set: 1.00ms
[7218.211s][info][gc,phases      ] GC(1284)   Other: 0.07ms
[7218.211s][info][gc,heap        ] GC(1284) Eden regions: 570->0(564)
[7218.211s][info][gc,heap        ] GC(1284) Survivor regions: 44->44(77)
[7218.211s][info][gc,heap        ] GC(1284) Old regions: 280->287
[7218.211s][info][gc,heap        ] GC(1284) Humongous regions: 33->33
[7218.211s][info][gc,metaspace   ] GC(1284) Metaspace: 30015K(30144K)->30015K(30144K) NonClass: 30015K(30144K)->30015K(30144K) Class: 0K(0K)->0K(0K)
[7218.211s][info][gc             ] GC(1284) Pause Young (Normal) (G1 Evacuation Pause) 7403M->2898M(8192M) 154.645ms
[7218.211s][info][gc,cpu         ] GC(1284) User=1.23s Sys=0.00s Real=0.16s
...[7221.065s][info][gc,start       ] GC(1285) Pause Young (Normal) (G1 Evacuation Pause)
[7221.065s][info][gc,task        ] GC(1285) Using 8 workers of 8 for evacuation
[7221.221s][info][gc,phases      ] GC(1285)   Pre Evacuate Collection Set: 0.22ms
[7221.221s][info][gc,phases      ] GC(1285)   Merge Heap Roots: 0.49ms
[7221.221s][info][gc,phases      ] GC(1285)   Evacuate Collection Set: 154.39ms
[7221.221s][info][gc,phases      ] GC(1285)   Post Evacuate Collection Set: 1.02ms
[7221.221s][info][gc,phases      ] GC(1285)   Other: 0.06ms
[7221.221s][info][gc,heap        ] GC(1285) Eden regions: 564->0(557)
[7221.221s][info][gc,heap        ] GC(1285) Survivor regions: 44->44(76)
[7221.221s][info][gc,heap        ] GC(1285) Old regions: 287->294
[7221.221s][info][gc,heap        ] GC(1285) Humongous regions: 33->33
[7221.221s][info][gc,metaspace   ] GC(1285) Metaspace: 30015K(30144K)->30015K(30144K) NonClass: 30015K(30144K)->30015K(30144K) Class: 0K(0K)->0K(0K)
[7221.221s][info][gc             ] GC(1285) Pause Young (Normal) (G1 Evacuation Pause) 7410M->2951M(8192M) 156.324ms
[7221.221s][info][gc,cpu         ] GC(1285) User=1.24s Sys=0.00s Real=0.16s
...[7224.045s][info][gc,start       ] GC(1286) Pause Young (Normal) (G1 Evacuation Pause)
[7224.045s][info][gc,task        ] GC(1286) Using 8 workers of 8 for evacuation
[7224.200s][info][gc,phases      ] GC(1286)   Pre Evacuate Collection Set: 0.22ms
[7224.200s][info][gc,phases      ] GC(1286)   Merge Heap Roots: 0.49ms
[7224.200s][info][gc,phases      ] GC(1286)   Evacuate Collection Set: 153.52ms
[7224.200s][info][gc,phases      ] GC(1286)   Post Evacuate Collection Set: 1.00ms
[7224.200s][info][gc,phases      ] GC(1286)   Other: 0.06ms
[7224.200s][info][gc,heap        ] GC(1286) Eden regions: 557->0(549)
[7224.200s][info][gc,heap        ] GC(1286) Survivor regions: 44->44(76)
[7224.200s][info][gc,heap        ] GC(1286) Old regions: 294->302
[7224.200s][info][gc,heap        ] GC(1286) Humongous regions: 33->33
[7224.200s][info][gc,metaspace   ] GC(1286) Metaspace: 30015K(30144K)->30015K(30144K) NonClass: 30015K(30144K)->30015K(30144K) Class: 0K(0K)->0K(0K)
[7224.200s][info][gc             ] GC(1286) Pause Young (Normal) (G1 Evacuation Pause) 7407M->3017M(8192M) 155.417ms
[7224.200s][info][gc,cpu         ] GC(1286) User=1.23s Sys=0.00s Real=0.16s
...[7226.990s][info][gc,start       ] GC(1287) Pause Young (Normal) (G1 Evacuation Pause)
[7226.990s][info][gc,task        ] GC(1287) Using 8 workers of 8 for evacuation
[7227.146s][info][gc,phases      ] GC(1287)   Pre Evacuate Collection Set: 0.21ms
[7227.146s][info][gc,phases      ] GC(1287)   Merge Heap Roots: 0.49ms
[7227.146s][info][gc,phases      ] GC(1287)   Evacuate Collection Set: 154.03ms
[7227.146s][info][gc,phases      ] GC(1287)   Post Evacuate Collection Set: 0.98ms
[7227.146s][info][gc,phases      ] GC(1287)   Other: 0.06ms
[7227.146s][info][gc,heap        ] GC(1287) Eden regions: 549->0(540)
[7227.146s][info][gc,heap        ] GC(1287) Survivor regions: 44->45(75)
[7227.146s][info][gc,heap        ] GC(1287) Old regions: 302->309
[7227.146s][info][gc,heap        ] GC(1287) Humongous regions: 33->33
[7227.146s][info][gc,metaspace   ] GC(1287) Metaspace: 30015K(30144K)->30015K(30144K) NonClass: 30015K(30144K)->30015K(30144K) Class: 0K(0K)->0K(0K)
[7227.146s][info][gc             ] GC(1287) Pause Young (Normal) (G1 Evacuation Pause) 7409M->3079M(8192M) 155.897ms
[7227.146s][info][gc,cpu         ] GC(1287) User=1.23s Sys=0.00s Real=0.15s
...[7229.997s][info][gc,start       ] GC(1288) Pause Young (Concurrent Start) (G1 Evacuation Pause)
[7229.997s][info][gc,task        ] GC(1288) Using 8 workers of 8 for evacuation
[7230.155s][info][gc,phases      ] GC(1288)   Pre Evacuate Collection Set: 0.25ms
[7230.155s][info][gc,phases      ] GC(1288)   Merge Heap Roots: 0.52ms
[7230.155s][info][gc,phases      ] GC(1288)   Evacuate Collection Set: 155.60ms
[7230.155s][info][gc,phases      ] GC(1288)   Post Evacuate Collection Set: 0.98ms
[7230.155s][info][gc,phases      ] GC(1288)   Other: 0.08ms
[7230.155s][info][gc,heap        ] GC(1288) Eden regions: 540->0(534)
[7230.155s][info][gc,heap        ] GC(1288) Survivor regions: 45->44(74)
[7230.155s][info][gc,heap        ] GC(1288) Old regions: 309->317
[7230.155s][info][gc,heap        ] GC(1288) Humongous regions: 33->33
[7230.155s][info][gc,metaspace   ] GC(1288) Metaspace: 30015K(30144K)->30015K(30144K) NonClass: 30015K(30144K)->30015K(30144K) Class: 0K(0K)->0K(0K)
[7230.155s][info][gc             ] GC(1288) Pause Young (Concurrent Start) (G1 Evacuation Pause) 7399M->3134M(8192M) 157.581ms
[7230.155s][info][gc             ] GC(1289) Concurrent Mark Cycle
[7230.155s][info][gc,marking     ] GC(1289) Concurrent Scan Root Regions
[7230.155s][info][gc,cpu         ] GC(1288) User=1.25s Sys=0.00s Real=0.16s
[7230.402s][info][gc,marking     ] GC(1289) Concurrent Scan Root Regions 247.669ms
[7230.402s][info][gc,marking     ] GC(1289) Concurrent Mark
[7230.402s][info][gc,marking     ] GC(1289) Concurrent Mark From Roots
[7230.403s][info][gc,task        ] GC(1289) Using 2 workers of 2 for marking
.[7231.354s][info][gc,marking     ] GC(1289) Concurrent Mark From Roots 951.565ms
[7231.354s][info][gc,marking     ] GC(1289) Concurrent Preclean
[7231.354s][info][gc,marking     ] GC(1289) Concurrent Preclean 0.088ms
[7231.354s][info][gc,start       ] GC(1289) Pause Remark
[7231.357s][info][gc             ] GC(1289) Pause Remark 4494M->3798M(8192M) 2.536ms
[7231.357s][info][gc,cpu         ] GC(1289) User=0.02s Sys=0.00s Real=0.00s
[7231.357s][info][gc,marking     ] GC(1289) Concurrent Mark 954.489ms
[7231.357s][info][gc,marking     ] GC(1289) Concurrent Rebuild Remembered Sets and Scrub Regions
.[7232.287s][info][gc,marking     ] GC(1289) Concurrent Rebuild Remembered Sets and Scrub Regions 930.071ms
[7232.287s][info][gc,start       ] GC(1289) Pause Cleanup
[7232.288s][info][gc             ] GC(1289) Pause Cleanup 5095M->5095M(8192M) 0.260ms
[7232.288s][info][gc,cpu         ] GC(1289) User=0.00s Sys=0.00s Real=0.00s
[7232.288s][info][gc,marking     ] GC(1289) Concurrent Clear Claimed Marks
[7232.288s][info][gc,marking     ] GC(1289) Concurrent Clear Claimed Marks 0.048ms
[7232.288s][info][gc,marking     ] GC(1289) Concurrent Cleanup for Next Mark
[7232.299s][info][gc,marking     ] GC(1289) Concurrent Cleanup for Next Mark 11.025ms
[7232.299s][info][gc             ] GC(1289) Concurrent Mark Cycle 2144.025ms
.[7233.281s][info][gc,start       ] GC(1290) Pause Young (Prepare Mixed) (G1 Evacuation Pause)
[7233.281s][info][gc,task        ] GC(1290) Using 8 workers of 8 for evacuation
[7233.430s][info][gc,phases      ] GC(1290)   Pre Evacuate Collection Set: 0.22ms
[7233.430s][info][gc,phases      ] GC(1290)   Merge Heap Roots: 0.65ms
[7233.430s][info][gc,phases      ] GC(1290)   Evacuate Collection Set: 146.24ms
[7233.430s][info][gc,phases      ] GC(1290)   Post Evacuate Collection Set: 1.10ms
[7233.430s][info][gc,phases      ] GC(1290)   Other: 0.06ms
[7233.430s][info][gc,heap        ] GC(1290) Eden regions: 534->0(572)
[7233.430s][info][gc,heap        ] GC(1290) Survivor regions: 44->42(73)
[7233.430s][info][gc,heap        ] GC(1290) Old regions: 230->237
[7233.430s][info][gc,heap        ] GC(1290) Humongous regions: 33->33
[7233.430s][info][gc,metaspace   ] GC(1290) Metaspace: 30015K(30144K)->30015K(30144K) NonClass: 30015K(30144K)->30015K(30144K) Class: 0K(0K)->0K(0K)
[7233.430s][info][gc             ] GC(1290) Pause Young (Prepare Mixed) (G1 Evacuation Pause) 6710M->2477M(8192M) 148.403ms
[7233.430s][info][gc,cpu         ] GC(1290) User=1.17s Sys=0.00s Real=0.15s
...[7236.202s][info][gc,start       ] GC(1291) Pause Young (Mixed) (G1 Evacuation Pause)
[7236.202s][info][gc,task        ] GC(1291) Using 8 workers of 8 for evacuation
[7236.369s][info][gc,phases      ] GC(1291)   Pre Evacuate Collection Set: 0.25ms
[7236.369s][info][gc,phases      ] GC(1291)   Merge Heap Roots: 0.85ms
[7236.369s][info][gc,phases      ] GC(1291)   Evacuate Collection Set: 164.29ms
[7236.369s][info][gc,phases      ] GC(1291)   Post Evacuate Collection Set: 1.16ms
[7236.369s][info][gc,phases      ] GC(1291)   Other: 0.07ms
[7236.369s][info][gc,heap        ] GC(1291) Eden regions: 572->0(569)
[7236.369s][info][gc,heap        ] GC(1291) Survivor regions: 42->45(77)
[7236.369s][info][gc,heap        ] GC(1291) Old regions: 237->143
[7236.369s][info][gc,heap        ] GC(1291) Humongous regions: 33->33
[7236.369s][info][gc,metaspace   ] GC(1291) Metaspace: 30015K(30144K)->30015K(30144K) NonClass: 30015K(30144K)->30015K(30144K) Class: 0K(0K)->0K(0K)
[7236.369s][info][gc             ] GC(1291) Pause Young (Mixed) (G1 Evacuation Pause) 7053M->1750M(8192M) 166.758ms
[7236.369s][info][gc,cpu         ] GC(1291) User=1.32s Sys=0.00s Real=0.16s
...[7239.146s][info][gc,start       ] GC(1292) Pause Young (Mixed) (G1 Evacuation Pause)
[7239.146s][info][gc,task        ] GC(1292) Using 8 workers of 8 for evacuation
[7239.305s][info][gc,phases      ] GC(1292)   Pre Evacuate Collection Set: 0.23ms
[7239.305s][info][gc,phases      ] GC(1292)   Merge Heap Roots: 0.61ms
[7239.305s][info][gc,phases      ] GC(1292)   Evacuate Collection Set: 156.79ms
[7239.305s][info][gc,phases      ] GC(1292)   Post Evacuate Collection Set: 1.03ms
[7239.305s][info][gc,phases      ] GC(1292)   Other: 0.06ms
[7239.305s][info][gc,heap        ] GC(1292) Eden regions: 569->0(570)
[7239.305s][info][gc,heap        ] GC(1292) Survivor regions: 45->44(77)
[7239.305s][info][gc,heap        ] GC(1292) Old regions: 143->143
[7239.305s][info][gc,heap        ] GC(1292) Humongous regions: 33->33
[7239.305s][info][gc,metaspace   ] GC(1292) Metaspace: 30015K(30144K)->30015K(30144K) NonClass: 30015K(30144K)->30015K(30144K) Class: 0K(0K)->0K(0K)
[7239.305s][info][gc             ] GC(1292) Pause Young (Mixed) (G1 Evacuation Pause) 6302M->1743M(8192M) 158.854ms
[7239.305s][info][gc,cpu         ] GC(1292) User=1.25s Sys=0.01s Real=0.16s
...[7242.124s][info][gc,start       ] GC(1293) Pause Young (Normal) (G1 Evacuation Pause)
[7242.124s][info][gc,task        ] GC(1293) Using 8 workers of 8 for evacuation
[7242.276s][info][gc,phases      ] GC(1293)   Pre Evacuate Collection Set: 0.23ms
[7242.276s][info][gc,phases      ] GC(1293)   Merge Heap Roots: 0.48ms
[7242.276s][info][gc,phases      ] GC(1293)   Evacuate Collection Set: 150.08ms
[7242.276s][info][gc,phases      ] GC(1293)   Post Evacuate Collection Set: 1.04ms
[7242.276s][info][gc,phases      ] GC(1293)   Other: 0.06ms
[7242.276s][info][gc,heap        ] GC(1293) Eden regions: 570->0(571)
[7242.276s][info][gc,heap        ] GC(1293) Survivor regions: 44->43(77)
[7242.276s][info][gc,heap        ] GC(1293) Old regions: 143->150
[7242.276s][info][gc,heap        ] GC(1293) Humongous regions: 33->33
[7242.276s][info][gc,metaspace   ] GC(1293) Metaspace: 30015K(30144K)->30015K(30144K) NonClass: 30015K(30144K)->30015K(30144K) Class: 0K(0K)->0K(0K)
[7242.276s][info][gc             ] GC(1293) Pause Young (Normal) (G1 Evacuation Pause) 6303M->1791M(8192M) 152.027ms
[7242.276s][info][gc,cpu         ] GC(1293) User=1.21s Sys=0.00s Real=0.15s
...[7245.251s][info][gc,start       ] GC(1294) Pause Young (Normal) (G1 Evacuation Pause)
[7245.251s][info][gc,task        ] GC(1294) Using 8 workers of 8 for evacuation
[7245.399s][info][gc,phases      ] GC(1294)   Pre Evacuate Collection Set: 0.24ms
[7245.399s][info][gc,phases      ] GC(1294)   Merge Heap Roots: 0.56ms
[7245.399s][info][gc,phases      ] GC(1294)   Evacuate Collection Set: 146.14ms
[7245.399s][info][gc,phases      ] GC(1294)   Post Evacuate Collection Set: 1.04ms
[7245.399s][info][gc,phases      ] GC(1294)   Other: 0.06ms
[7245.399s][info][gc,heap        ] GC(1294) Eden regions: 571->0(572)
[7245.399s][info][gc,heap        ] GC(1294) Survivor regions: 43->42(77)
[7245.399s][info][gc,heap        ] GC(1294) Old regions: 150->158
[7245.399s][info][gc,heap        ] GC(1294) Humongous regions: 33->33
[7245.399s][info][gc,metaspace   ] GC(1294) Metaspace: 30015K(30144K)->30015K(30144K) NonClass: 30015K(30144K)->30015K(30144K) Class: 0K(0K)->0K(0K)
[7245.399s][info][gc             ] GC(1294) Pause Young (Normal) (G1 Evacuation Pause) 6359M->1846M(8192M) 148.195ms
[7245.399s][info][gc,cpu         ] GC(1294) User=1.17s Sys=0.00s Real=0.14s
...[7248.302s][info][gc,start       ] GC(1295) Pause Young (Normal) (G1 Evacuation Pause)
[7248.302s][info][gc,task        ] GC(1295) Using 8 workers of 8 for evacuation
[7248.456s][info][gc,phases      ] GC(1295)   Pre Evacuate Collection Set: 0.25ms
[7248.456s][info][gc,phases      ] GC(1295)   Merge Heap Roots: 0.51ms
[7248.456s][info][gc,phases      ] GC(1295)   Evacuate Collection Set: 152.01ms
[7248.456s][info][gc,phases      ] GC(1295)   Post Evacuate Collection Set: 1.01ms
[7248.456s][info][gc,phases      ] GC(1295)   Other: 0.06ms
[7248.456s][info][gc,heap        ] GC(1295) Eden regions: 572->0(569)
[7248.456s][info][gc,heap        ] GC(1295) Survivor regions: 42->45(77)
[7248.456s][info][gc,heap        ] GC(1295) Old regions: 158->165
[7248.456s][info][gc,heap        ] GC(1295) Humongous regions: 33->33
[7248.456s][info][gc,metaspace   ] GC(1295) Metaspace: 30015K(30144K)->30015K(30144K) NonClass: 30015K(30144K)->30015K(30144K) Class: 0K(0K)->0K(0K)
[7248.456s][info][gc             ] GC(1295) Pause Young (Normal) (G1 Evacuation Pause) 6422M->1921M(8192M) 153.982ms
[7248.456s][info][gc,cpu         ] GC(1295) User=1.22s Sys=0.00s Real=0.15s
...[7251.332s][info][gc,start       ] GC(1296) Pause Young (Normal) (G1 Evacuation Pause)
[7251.332s][info][gc,task        ] GC(1296) Using 8 workers of 8 for evacuation
[7251.479s][info][gc,phases      ] GC(1296)   Pre Evacuate Collection Set: 0.23ms
[7251.479s][info][gc,phases      ] GC(1296)   Merge Heap Roots: 0.48ms
[7251.479s][info][gc,phases      ] GC(1296)   Evacuate Collection Set: 145.53ms
[7251.479s][info][gc,phases      ] GC(1296)   Post Evacuate Collection Set: 0.99ms
[7251.479s][info][gc,phases      ] GC(1296)   Other: 0.07ms
[7251.479s][info][gc,heap        ] GC(1296) Eden regions: 569->0(571)
[7251.479s][info][gc,heap        ] GC(1296) Survivor regions: 45->43(77)
[7251.479s][info][gc,heap        ] GC(1296) Old regions: 165->172
[7251.479s][info][gc,heap        ] GC(1296) Humongous regions: 33->33
[7251.479s][info][gc,metaspace   ] GC(1296) Metaspace: 30015K(30144K)->30015K(30144K) NonClass: 30015K(30144K)->30015K(30144K) Class: 0K(0K)->0K(0K)
[7251.479s][info][gc             ] GC(1296) Pause Young (Normal) (G1 Evacuation Pause) 6473M->1966M(8192M) 147.430ms
[7251.479s][info][gc,cpu         ] GC(1296) User=1.17s Sys=0.00s Real=0.14s
...[7254.466s][info][gc,start       ] GC(1297) Pause Young (Normal) (G1 Evacuation Pause)
[7254.466s][info][gc,task        ] GC(1297) Using 8 workers of 8 for evacuation
[7254.615s][info][gc,phases      ] GC(1297)   Pre Evacuate Collection Set: 0.26ms
[7254.615s][info][gc,phases      ] GC(1297)   Merge Heap Roots: 0.49ms
[7254.615s][info][gc,phases      ] GC(1297)   Evacuate Collection Set: 147.58ms
[7254.615s][info][gc,phases      ] GC(1297)   Post Evacuate Collection Set: 1.01ms
[7254.615s][info][gc,phases      ] GC(1297)   Other: 0.06ms
[7254.615s][info][gc,heap        ] GC(1297) Eden regions: 571->0(570)
[7254.615s][info][gc,heap        ] GC(1297) Survivor regions: 43->44(77)
[7254.615s][info][gc,heap        ] GC(1297) Old regions: 172->179
[7254.615s][info][gc,heap        ] GC(1297) Humongous regions: 33->33
[7254.615s][info][gc,metaspace   ] GC(1297) Metaspace: 30015K(30144K)->30015K(30144K) NonClass: 30015K(30144K)->30015K(30144K) Class: 0K(0K)->0K(0K)
[7254.615s][info][gc             ] GC(1297) Pause Young (Normal) (G1 Evacuation Pause) 6534M->2027M(8192M) 149.531ms
[7254.615s][info][gc,cpu         ] GC(1297) User=1.18s Sys=0.00s Real=0.15s
...[7257.619s][info][gc,start       ] GC(1298) Pause Young (Normal) (G1 Evacuation Pause)
[7257.619s][info][gc,task        ] GC(1298) Using 8 workers of 8 for evacuation
[7257.775s][info][gc,phases      ] GC(1298)   Pre Evacuate Collection Set: 0.24ms
[7257.775s][info][gc,phases      ] GC(1298)   Merge Heap Roots: 0.50ms
[7257.775s][info][gc,phases      ] GC(1298)   Evacuate Collection Set: 154.29ms
[7257.775s][info][gc,phases      ] GC(1298)   Post Evacuate Collection Set: 1.02ms
[7257.775s][info][gc,phases      ] GC(1298)   Other: 0.06ms
[7257.775s][info][gc,heap        ] GC(1298) Eden regions: 570->0(569)
[7257.775s][info][gc,heap        ] GC(1298) Survivor regions: 44->45(77)
[7257.775s][info][gc,heap        ] GC(1298) Old regions: 179->186
[7257.775s][info][gc,heap        ] GC(1298) Humongous regions: 33->33
[7257.775s][info][gc,metaspace   ] GC(1298) Metaspace: 30015K(30144K)->30015K(30144K) NonClass: 30015K(30144K)->30015K(30144K) Class: 0K(0K)->0K(0K)
[7257.775s][info][gc             ] GC(1298) Pause Young (Normal) (G1 Evacuation Pause) 6587M->2093M(8192M) 156.249ms
[7257.775s][info][gc,cpu         ] GC(1298) User=1.24s Sys=0.00s Real=0.16s
...[7260.771s][info][gc,start       ] GC(1299) Pause Young (Normal) (G1 Evacuation Pause)
[7260.771s][info][gc,task        ] GC(1299) Using 8 workers of 8 for evacuation
[7260.923s][info][gc,phases      ] GC(1299)   Pre Evacuate Collection Set: 0.25ms
[7260.923s][info][gc,phases      ] GC(1299)   Merge Heap Roots: 0.49ms
[7260.923s][info][gc,phases      ] GC(1299)   Evacuate Collection Set: 149.97ms
[7260.923s][info][gc,phases      ] GC(1299)   Post Evacuate Collection Set: 1.01ms
[7260.923s][info][gc,phases      ] GC(1299)   Other: 0.06ms
[7260.923s][info][gc,heap        ] GC(1299) Eden regions: 569->0(571)
[7260.923s][info][gc,heap        ] GC(1299) Survivor regions: 45->43(77)
[7260.923s][info][gc,heap        ] GC(1299) Old regions: 186->193
[7260.923s][info][gc,heap        ] GC(1299) Humongous regions: 33->33
[7260.923s][info][gc,metaspace   ] GC(1299) Metaspace: 30015K(30144K)->30015K(30144K) NonClass: 30015K(30144K)->30015K(30144K) Class: 0K(0K)->0K(0K)
[7260.923s][info][gc             ] GC(1299) Pause Young (Normal) (G1 Evacuation Pause) 6645M->2139M(8192M) 151.907ms
[7260.923s][info][gc,cpu         ] GC(1299) User=1.21s Sys=0.00s Real=0.15s
...[7263.866s][info][gc,start       ] GC(1300) Pause Young (Normal) (G1 Evacuation Pause)
[7263.866s][info][gc,task        ] GC(1300) Using 8 workers of 8 for evacuation
[7264.018s][info][gc,phases      ] GC(1300)   Pre Evacuate Collection Set: 0.24ms
[7264.018s][info][gc,phases      ] GC(1300)   Merge Heap Roots: 0.50ms
[7264.018s][info][gc,phases      ] GC(1300)   Evacuate Collection Set: 149.35ms
[7264.018s][info][gc,phases      ] GC(1300)   Post Evacuate Collection Set: 1.03ms
[7264.018s][info][gc,phases      ] GC(1300)   Other: 0.06ms
[7264.018s][info][gc,heap        ] GC(1300) Eden regions: 571->0(570)
[7264.018s][info][gc,heap        ] GC(1300) Survivor regions: 43->44(77)
[7264.018s][info][gc,heap        ] GC(1300) Old regions: 193->201
[7264.018s][info][gc,heap        ] GC(1300) Humongous regions: 33->33
[7264.018s][info][gc,metaspace   ] GC(1300) Metaspace: 30015K(30144K)->30015K(30144K) NonClass: 30015K(30144K)->30015K(30144K) Class: 0K(0K)->0K(0K)
[7264.018s][info][gc             ] GC(1300) Pause Young (Normal) (G1 Evacuation Pause) 6707M->2206M(8192M) 151.333ms
[7264.018s][info][gc,cpu         ] GC(1300) User=1.20s Sys=0.00s Real=0.15s
...[7266.921s][info][gc,start       ] GC(1301) Pause Young (Normal) (G1 Evacuation Pause)
[7266.921s][info][gc,task        ] GC(1301) Using 8 workers of 8 for evacuation
[7267.078s][info][gc,phases      ] GC(1301)   Pre Evacuate Collection Set: 0.24ms
[7267.078s][info][gc,phases      ] GC(1301)   Merge Heap Roots: 0.52ms
[7267.078s][info][gc,phases      ] GC(1301)   Evacuate Collection Set: 155.37ms
[7267.078s][info][gc,phases      ] GC(1301)   Post Evacuate Collection Set: 1.02ms
[7267.078s][info][gc,phases      ] GC(1301)   Other: 0.06ms
[7267.078s][info][gc,heap        ] GC(1301) Eden regions: 570->0(568)
[7267.078s][info][gc,heap        ] GC(1301) Survivor regions: 44->46(77)
[7267.078s][info][gc,heap        ] GC(1301) Old regions: 201->208
[7267.078s][info][gc,heap        ] GC(1301) Humongous regions: 33->33
[7267.078s][info][gc,metaspace   ] GC(1301) Metaspace: 30015K(30144K)->30015K(30144K) NonClass: 30015K(30144K)->30015K(30144K) Class: 0K(0K)->0K(0K)
[7267.078s][info][gc             ] GC(1301) Pause Young (Normal) (G1 Evacuation Pause) 6766M->2275M(8192M) 157.356ms
[7267.078s][info][gc,cpu         ] GC(1301) User=1.25s Sys=0.00s Real=0.15s
. (rIR:aIR:PR = 12315:12438:12436) (tPR = 183122) [OK] 
  7267s: Performance info:
         Transaction,    Success,    Partial,     Failed,   Receipts, AvgBarcode, 
             Overall,     772763,          0,          0,     734604,      59.47, 
         Response times:
             Request,    Success,    Partial,     Failed,   SkipFail,     Probes,    Samples,      min,      p50,      p90,      p95,      p99,      max, 
       TotalPurchase,     734674,          0,          0,          0,     355734,     476508,      300,    22000,   187000,   253000,   391000,  3300000,
     InStorePurchase,     388383,          0,          0,          0,     186366,     250420,      300,    21000,   187000,   253000,   392000,  3300000,
      OnlinePurchase,     268971,          0,          0,          0,     131638,     175404,      300,    22000,   188000,   254000,   387000,  3300000,
        InstPurchase,      77320,          0,          0,          0,      37730,      50684,      400,    22000,   187000,   257000,   395000,  3300000,
          AssocOfCat,        768,          0,          0,          0,        641,        963,    34000,    82000,   239400,   287800,   434040,   620000,
      AssocOfProduct,       7457,          0,          0,          0,       3483,       5050,      500,    21000,   184000,   259000,   386000,  1100000,
      BusinessReport,       1898,          0,          0,          0,       1635,       2366,    34000,    89000,   262000,   322000,   428330,   591000,
          CustBuyBeh,       7603,          0,          0,          0,       3447,       4975,      300,    21000,   189000,   248200,   388240,  1100000,
       ProductReturn,      20434,          0,          0,          0,       9307,      13046,      300,    22000,   184000,   254000,   373530,  1100000,

  7267s: (90%)   IR =  12453 ..[7270.084s][info][gc,start       ] GC(1302) Pause Young (Normal) (G1 Evacuation Pause)
[7270.084s][info][gc,task        ] GC(1302) Using 8 workers of 8 for evacuation
[7270.235s][info][gc,phases      ] GC(1302)   Pre Evacuate Collection Set: 0.24ms
[7270.235s][info][gc,phases      ] GC(1302)   Merge Heap Roots: 0.50ms
[7270.235s][info][gc,phases      ] GC(1302)   Evacuate Collection Set: 148.61ms
[7270.235s][info][gc,phases      ] GC(1302)   Post Evacuate Collection Set: 1.12ms
[7270.235s][info][gc,phases      ] GC(1302)   Other: 0.06ms
[7270.235s][info][gc,heap        ] GC(1302) Eden regions: 568->0(570)
[7270.235s][info][gc,heap        ] GC(1302) Survivor regions: 46->44(77)
[7270.235s][info][gc,heap        ] GC(1302) Old regions: 208->215
[7270.235s][info][gc,heap        ] GC(1302) Humongous regions: 33->33
[7270.235s][info][gc,metaspace   ] GC(1302) Metaspace: 30015K(30144K)->30015K(30144K) NonClass: 30015K(30144K)->30015K(30144K) Class: 0K(0K)->0K(0K)
[7270.235s][info][gc             ] GC(1302) Pause Young (Normal) (G1 Evacuation Pause) 6819M->2314M(8192M) 150.663ms
[7270.235s][info][gc,cpu         ] GC(1302) User=1.19s Sys=0.00s Real=0.15s
....[7273.313s][info][gc,start       ] GC(1303) Pause Young (Normal) (G1 Evacuation Pause)
[7273.313s][info][gc,task        ] GC(1303) Using 8 workers of 8 for evacuation
[7273.462s][info][gc,phases      ] GC(1303)   Pre Evacuate Collection Set: 0.23ms
[7273.462s][info][gc,phases      ] GC(1303)   Merge Heap Roots: 0.49ms
[7273.462s][info][gc,phases      ] GC(1303)   Evacuate Collection Set: 147.02ms
[7273.462s][info][gc,phases      ] GC(1303)   Post Evacuate Collection Set: 1.01ms
[7273.462s][info][gc,phases      ] GC(1303)   Other: 0.06ms
[7273.462s][info][gc,heap        ] GC(1303) Eden regions: 570->0(572)
[7273.462s][info][gc,heap        ] GC(1303) Survivor regions: 44->42(77)
[7273.462s][info][gc,heap        ] GC(1303) Old regions: 215->222
[7273.462s][info][gc,heap        ] GC(1303) Humongous regions: 33->33
[7273.462s][info][gc,metaspace   ] GC(1303) Metaspace: 30015K(30144K)->30015K(30144K) NonClass: 30015K(30144K)->30015K(30144K) Class: 0K(0K)->0K(0K)
[7273.462s][info][gc             ] GC(1303) Pause Young (Normal) (G1 Evacuation Pause) 6874M->2362M(8192M) 148.943ms
[7273.462s][info][gc,cpu         ] GC(1303) User=1.18s Sys=0.00s Real=0.15s
...[7276.433s][info][gc,start       ] GC(1304) Pause Young (Normal) (G1 Evacuation Pause)
[7276.433s][info][gc,task        ] GC(1304) Using 8 workers of 8 for evacuation
[7276.585s][info][gc,phases      ] GC(1304)   Pre Evacuate Collection Set: 0.26ms
[7276.585s][info][gc,phases      ] GC(1304)   Merge Heap Roots: 0.49ms
[7276.585s][info][gc,phases      ] GC(1304)   Evacuate Collection Set: 150.34ms
[7276.585s][info][gc,phases      ] GC(1304)   Post Evacuate Collection Set: 1.02ms
[7276.585s][info][gc,phases      ] GC(1304)   Other: 0.06ms
[7276.585s][info][gc,heap        ] GC(1304) Eden regions: 572->0(570)
[7276.585s][info][gc,heap        ] GC(1304) Survivor regions: 42->44(77)
[7276.585s][info][gc,heap        ] GC(1304) Old regions: 222->229
[7276.585s][info][gc,heap        ] GC(1304) Humongous regions: 33->33
[7276.585s][info][gc,metaspace   ] GC(1304) Metaspace: 30015K(30144K)->30015K(30144K) NonClass: 30015K(30144K)->30015K(30144K) Class: 0K(0K)->0K(0K)
[7276.585s][info][gc             ] GC(1304) Pause Young (Normal) (G1 Evacuation Pause) 6938M->2430M(8192M) 152.313ms
[7276.585s][info][gc,cpu         ] GC(1304) User=1.21s Sys=0.00s Real=0.15s
...[7279.464s][info][gc,start       ] GC(1305) Pause Young (Normal) (G1 Evacuation Pause)
[7279.464s][info][gc,task        ] GC(1305) Using 8 workers of 8 for evacuation
[7279.615s][info][gc,phases      ] GC(1305)   Pre Evacuate Collection Set: 0.24ms
[7279.615s][info][gc,phases      ] GC(1305)   Merge Heap Roots: 0.50ms
[7279.615s][info][gc,phases      ] GC(1305)   Evacuate Collection Set: 149.26ms
[7279.615s][info][gc,phases      ] GC(1305)   Post Evacuate Collection Set: 1.02ms
[7279.615s][info][gc,phases      ] GC(1305)   Other: 0.07ms
[7279.615s][info][gc,heap        ] GC(1305) Eden regions: 570->0(570)
[7279.615s][info][gc,heap        ] GC(1305) Survivor regions: 44->44(77)
[7279.615s][info][gc,heap        ] GC(1305) Old regions: 229->236
[7279.615s][info][gc,heap        ] GC(1305) Humongous regions: 33->33
[7279.615s][info][gc,metaspace   ] GC(1305) Metaspace: 30015K(30144K)->30015K(30144K) NonClass: 30015K(30144K)->30015K(30144K) Class: 0K(0K)->0K(0K)
[7279.615s][info][gc             ] GC(1305) Pause Young (Normal) (G1 Evacuation Pause) 6990M->2486M(8192M) 151.219ms
[7279.615s][info][gc,cpu         ] GC(1305) User=1.20s Sys=0.00s Real=0.15s
...[7282.510s][info][gc,start       ] GC(1306) Pause Young (Normal) (G1 Evacuation Pause)
[7282.510s][info][gc,task        ] GC(1306) Using 8 workers of 8 for evacuation
[7282.663s][info][gc,phases      ] GC(1306)   Pre Evacuate Collection Set: 0.22ms
[7282.663s][info][gc,phases      ] GC(1306)   Merge Heap Roots: 0.57ms
[7282.663s][info][gc,phases      ] GC(1306)   Evacuate Collection Set: 151.72ms
[7282.663s][info][gc,phases      ] GC(1306)   Post Evacuate Collection Set: 1.01ms
[7282.663s][info][gc,phases      ] GC(1306)   Other: 0.06ms
[7282.663s][info][gc,heap        ] GC(1306) Eden regions: 570->0(570)
[7282.663s][info][gc,heap        ] GC(1306) Survivor regions: 44->44(77)
[7282.663s][info][gc,heap        ] GC(1306) Old regions: 236->243
[7282.663s][info][gc,heap        ] GC(1306) Humongous regions: 33->33
[7282.663s][info][gc,metaspace   ] GC(1306) Metaspace: 30015K(30144K)->30015K(30144K) NonClass: 30015K(30144K)->30015K(30144K) Class: 0K(0K)->0K(0K)
[7282.663s][info][gc             ] GC(1306) Pause Young (Normal) (G1 Evacuation Pause) 7046M->2547M(8192M) 153.718ms
[7282.663s][info][gc,cpu         ] GC(1306) User=1.22s Sys=0.00s Real=0.16s
.|..[7285.573s][info][gc,start       ] GC(1307) Pause Young (Normal) (G1 Evacuation Pause)
[7285.573s][info][gc,task        ] GC(1307) Using 8 workers of 8 for evacuation
[7285.722s][info][gc,phases      ] GC(1307)   Pre Evacuate Collection Set: 0.25ms
[7285.722s][info][gc,phases      ] GC(1307)   Merge Heap Roots: 0.50ms
[7285.722s][info][gc,phases      ] GC(1307)   Evacuate Collection Set: 146.61ms
[7285.722s][info][gc,phases      ] GC(1307)   Post Evacuate Collection Set: 1.06ms
[7285.722s][info][gc,phases      ] GC(1307)   Other: 0.06ms
[7285.722s][info][gc,heap        ] GC(1307) Eden regions: 570->0(571)
[7285.722s][info][gc,heap        ] GC(1307) Survivor regions: 44->43(77)
[7285.722s][info][gc,heap        ] GC(1307) Old regions: 243->251
[7285.722s][info][gc,heap        ] GC(1307) Humongous regions: 33->33
[7285.722s][info][gc,metaspace   ] GC(1307) Metaspace: 30015K(30144K)->30015K(30144K) NonClass: 30015K(30144K)->30015K(30144K) Class: 0K(0K)->0K(0K)
[7285.722s][info][gc             ] GC(1307) Pause Young (Normal) (G1 Evacuation Pause) 7107M->2599M(8192M) 148.637ms
[7285.722s][info][gc,cpu         ] GC(1307) User=1.18s Sys=0.00s Real=0.15s
...[7288.641s][info][gc,start       ] GC(1308) Pause Young (Normal) (G1 Evacuation Pause)
[7288.641s][info][gc,task        ] GC(1308) Using 8 workers of 8 for evacuation
[7288.796s][info][gc,phases      ] GC(1308)   Pre Evacuate Collection Set: 0.23ms
[7288.796s][info][gc,phases      ] GC(1308)   Merge Heap Roots: 0.50ms
[7288.796s][info][gc,phases      ] GC(1308)   Evacuate Collection Set: 153.42ms
[7288.796s][info][gc,phases      ] GC(1308)   Post Evacuate Collection Set: 1.02ms
[7288.796s][info][gc,phases      ] GC(1308)   Other: 0.06ms
[7288.796s][info][gc,heap        ] GC(1308) Eden regions: 571->0(570)
[7288.796s][info][gc,heap        ] GC(1308) Survivor regions: 43->44(77)
[7288.796s][info][gc,heap        ] GC(1308) Old regions: 251->258
[7288.796s][info][gc,heap        ] GC(1308) Humongous regions: 33->33
[7288.796s][info][gc,metaspace   ] GC(1308) Metaspace: 30015K(30144K)->30015K(30144K) NonClass: 30015K(30144K)->30015K(30144K) Class: 0K(0K)->0K(0K)
[7288.796s][info][gc             ] GC(1308) Pause Young (Normal) (G1 Evacuation Pause) 7167M->2665M(8192M) 155.350ms
[7288.796s][info][gc,cpu         ] GC(1308) User=1.23s Sys=0.00s Real=0.15s
...[7291.634s][info][gc,start       ] GC(1309) Pause Young (Normal) (G1 Evacuation Pause)
[7291.634s][info][gc,task        ] GC(1309) Using 8 workers of 8 for evacuation
[7291.784s][info][gc,phases      ] GC(1309)   Pre Evacuate Collection Set: 0.22ms
[7291.784s][info][gc,phases      ] GC(1309)   Merge Heap Roots: 0.52ms
[7291.784s][info][gc,phases      ] GC(1309)   Evacuate Collection Set: 148.39ms
[7291.784s][info][gc,phases      ] GC(1309)   Post Evacuate Collection Set: 1.05ms
[7291.784s][info][gc,phases      ] GC(1309)   Other: 0.06ms
[7291.784s][info][gc,heap        ] GC(1309) Eden regions: 570->0(571)
[7291.784s][info][gc,heap        ] GC(1309) Survivor regions: 44->43(77)
[7291.784s][info][gc,heap        ] GC(1309) Old regions: 258->265
[7291.784s][info][gc,heap        ] GC(1309) Humongous regions: 33->33
[7291.784s][info][gc,metaspace   ] GC(1309) Metaspace: 30015K(30144K)->30015K(30144K) NonClass: 30015K(30144K)->30015K(30144K) Class: 0K(0K)->0K(0K)
[7291.784s][info][gc             ] GC(1309) Pause Young (Normal) (G1 Evacuation Pause) 7225M->2714M(8192M) 150.371ms
[7291.784s][info][gc,cpu         ] GC(1309) User=1.19s Sys=0.00s Real=0.15s
...[7294.700s][info][gc,start       ] GC(1310) Pause Young (Normal) (G1 Evacuation Pause)
[7294.700s][info][gc,task        ] GC(1310) Using 8 workers of 8 for evacuation
[7294.851s][info][gc,phases      ] GC(1310)   Pre Evacuate Collection Set: 0.23ms
[7294.851s][info][gc,phases      ] GC(1310)   Merge Heap Roots: 0.49ms
[7294.851s][info][gc,phases      ] GC(1310)   Evacuate Collection Set: 149.29ms
[7294.851s][info][gc,phases      ] GC(1310)   Post Evacuate Collection Set: 1.01ms
[7294.851s][info][gc,phases      ] GC(1310)   Other: 0.06ms
[7294.851s][info][gc,heap        ] GC(1310) Eden regions: 571->0(570)
[7294.851s][info][gc,heap        ] GC(1310) Survivor regions: 43->44(77)
[7294.851s][info][gc,heap        ] GC(1310) Old regions: 265->272
[7294.851s][info][gc,heap        ] GC(1310) Humongous regions: 33->33
[7294.851s][info][gc,metaspace   ] GC(1310) Metaspace: 30015K(30144K)->30015K(30144K) NonClass: 30015K(30144K)->30015K(30144K) Class: 0K(0K)->0K(0K)
[7294.851s][info][gc             ] GC(1310) Pause Young (Normal) (G1 Evacuation Pause) 7282M->2775M(8192M) 151.221ms
[7294.851s][info][gc,cpu         ] GC(1310) User=1.19s Sys=0.00s Real=0.16s
...[7297.738s][info][gc,start       ] GC(1311) Pause Young (Normal) (G1 Evacuation Pause)
[7297.738s][info][gc,task        ] GC(1311) Using 8 workers of 8 for evacuation
[7297.892s][info][gc,phases      ] GC(1311)   Pre Evacuate Collection Set: 0.22ms
[7297.892s][info][gc,phases      ] GC(1311)   Merge Heap Roots: 0.49ms
[7297.892s][info][gc,phases      ] GC(1311)   Evacuate Collection Set: 152.58ms
[7297.892s][info][gc,phases      ] GC(1311)   Post Evacuate Collection Set: 0.99ms
[7297.892s][info][gc,phases      ] GC(1311)   Other: 0.06ms
[7297.892s][info][gc,heap        ] GC(1311) Eden regions: 570->0(569)
[7297.892s][info][gc,heap        ] GC(1311) Survivor regions: 44->45(77)
[7297.892s][info][gc,heap        ] GC(1311) Old regions: 272->279
[7297.892s][info][gc,heap        ] GC(1311) Humongous regions: 33->33
[7297.892s][info][gc,metaspace   ] GC(1311) Metaspace: 30015K(30144K)->30015K(30144K) NonClass: 30015K(30144K)->30015K(30144K) Class: 0K(0K)->0K(0K)
[7297.892s][info][gc             ] GC(1311) Pause Young (Normal) (G1 Evacuation Pause) 7335M->2839M(8192M) 154.485ms
[7297.892s][info][gc,cpu         ] GC(1311) User=1.22s Sys=0.00s Real=0.16s
...[7300.771s][info][gc,start       ] GC(1312) Pause Young (Normal) (G1 Evacuation Pause)
[7300.771s][info][gc,task        ] GC(1312) Using 8 workers of 8 for evacuation
[7300.924s][info][gc,phases      ] GC(1312)   Pre Evacuate Collection Set: 0.22ms
[7300.924s][info][gc,phases      ] GC(1312)   Merge Heap Roots: 0.51ms
[7300.924s][info][gc,phases      ] GC(1312)   Evacuate Collection Set: 150.95ms
[7300.924s][info][gc,phases      ] GC(1312)   Post Evacuate Collection Set: 1.01ms
[7300.924s][info][gc,phases      ] GC(1312)   Other: 0.06ms
[7300.924s][info][gc,heap        ] GC(1312) Eden regions: 569->0(562)
[7300.924s][info][gc,heap        ] GC(1312) Survivor regions: 45->45(77)
[7300.924s][info][gc,heap        ] GC(1312) Old regions: 279->287
[7300.924s][info][gc,heap        ] GC(1312) Humongous regions: 33->33
[7300.924s][info][gc,metaspace   ] GC(1312) Metaspace: 30015K(30144K)->30015K(30144K) NonClass: 30015K(30144K)->30015K(30144K) Class: 0K(0K)->0K(0K)
[7300.924s][info][gc             ] GC(1312) Pause Young (Normal) (G1 Evacuation Pause) 7391M->2897M(8192M) 152.899ms
[7300.924s][info][gc,cpu         ] GC(1312) User=1.21s Sys=0.00s Real=0.15s
...[7303.821s][info][gc,start       ] GC(1313) Pause Young (Normal) (G1 Evacuation Pause)
[7303.821s][info][gc,task        ] GC(1313) Using 8 workers of 8 for evacuation
[7303.972s][info][gc,phases      ] GC(1313)   Pre Evacuate Collection Set: 0.24ms
[7303.972s][info][gc,phases      ] GC(1313)   Merge Heap Roots: 0.49ms
[7303.972s][info][gc,phases      ] GC(1313)   Evacuate Collection Set: 148.97ms
[7303.972s][info][gc,phases      ] GC(1313)   Post Evacuate Collection Set: 1.03ms
[7303.972s][info][gc,phases      ] GC(1313)   Other: 0.06ms
[7303.972s][info][gc,heap        ] GC(1313) Eden regions: 562->0(559)
[7303.972s][info][gc,heap        ] GC(1313) Survivor regions: 45->43(76)
[7303.972s][info][gc,heap        ] GC(1313) Old regions: 287->294
[7303.972s][info][gc,heap        ] GC(1313) Humongous regions: 33->33
[7303.972s][info][gc,metaspace   ] GC(1313) Metaspace: 30015K(30144K)->30015K(30144K) NonClass: 30015K(30144K)->30015K(30144K) Class: 0K(0K)->0K(0K)
[7303.972s][info][gc             ] GC(1313) Pause Young (Normal) (G1 Evacuation Pause) 7393M->2942M(8192M) 150.936ms
[7303.972s][info][gc,cpu         ] GC(1313) User=1.20s Sys=0.00s Real=0.15s
...[7306.923s][info][gc,start       ] GC(1314) Pause Young (Normal) (G1 Evacuation Pause)
[7306.923s][info][gc,task        ] GC(1314) Using 8 workers of 8 for evacuation
[7307.075s][info][gc,phases      ] GC(1314)   Pre Evacuate Collection Set: 0.27ms
[7307.075s][info][gc,phases      ] GC(1314)   Merge Heap Roots: 0.63ms
[7307.075s][info][gc,phases      ] GC(1314)   Evacuate Collection Set: 150.64ms
[7307.075s][info][gc,phases      ] GC(1314)   Post Evacuate Collection Set: 1.02ms
[7307.075s][info][gc,phases      ] GC(1314)   Other: 0.06ms
[7307.075s][info][gc,heap        ] GC(1314) Eden regions: 559->0(552)
[7307.075s][info][gc,heap        ] GC(1314) Survivor regions: 43->43(76)
[7307.075s][info][gc,heap        ] GC(1314) Old regions: 294->301
[7307.075s][info][gc,heap        ] GC(1314) Humongous regions: 33->33
[7307.075s][info][gc,metaspace   ] GC(1314) Metaspace: 30015K(30144K)->30015K(30144K) NonClass: 30015K(30144K)->30015K(30144K) Class: 0K(0K)->0K(0K)
[7307.075s][info][gc             ] GC(1314) Pause Young (Normal) (G1 Evacuation Pause) 7414M->3002M(8192M) 152.766ms
[7307.075s][info][gc,cpu         ] GC(1314) User=1.21s Sys=0.00s Real=0.15s
...[7309.813s][info][gc,start       ] GC(1315) Pause Young (Normal) (G1 Evacuation Pause)
[7309.813s][info][gc,task        ] GC(1315) Using 8 workers of 8 for evacuation
[7309.966s][info][gc,phases      ] GC(1315)   Pre Evacuate Collection Set: 0.26ms
[7309.966s][info][gc,phases      ] GC(1315)   Merge Heap Roots: 0.49ms
[7309.966s][info][gc,phases      ] GC(1315)   Evacuate Collection Set: 151.40ms
[7309.966s][info][gc,phases      ] GC(1315)   Post Evacuate Collection Set: 1.02ms
[7309.966s][info][gc,phases      ] GC(1315)   Other: 0.08ms
[7309.966s][info][gc,heap        ] GC(1315) Eden regions: 552->0(543)
[7309.966s][info][gc,heap        ] GC(1315) Survivor regions: 43->44(75)
[7309.966s][info][gc,heap        ] GC(1315) Old regions: 301->308
[7309.966s][info][gc,heap        ] GC(1315) Humongous regions: 33->33
[7309.966s][info][gc,metaspace   ] GC(1315) Metaspace: 30015K(30144K)->30015K(30144K) NonClass: 30015K(30144K)->30015K(30144K) Class: 0K(0K)->0K(0K)
[7309.966s][info][gc             ] GC(1315) Pause Young (Normal) (G1 Evacuation Pause) 7418M->3062M(8192M) 153.378ms
[7309.966s][info][gc,cpu         ] GC(1315) User=1.22s Sys=0.00s Real=0.15s
...[7312.793s][info][gc,start       ] GC(1316) Pause Young (Concurrent Start) (G1 Evacuation Pause)
[7312.793s][info][gc,task        ] GC(1316) Using 8 workers of 8 for evacuation
[7312.947s][info][gc,phases      ] GC(1316)   Pre Evacuate Collection Set: 0.27ms
[7312.947s][info][gc,phases      ] GC(1316)   Merge Heap Roots: 0.51ms
[7312.947s][info][gc,phases      ] GC(1316)   Evacuate Collection Set: 152.58ms
[7312.947s][info][gc,phases      ] GC(1316)   Post Evacuate Collection Set: 0.99ms
[7312.947s][info][gc,phases      ] GC(1316)   Other: 0.08ms
[7312.947s][info][gc,heap        ] GC(1316) Eden regions: 543->0(537)
[7312.947s][info][gc,heap        ] GC(1316) Survivor regions: 44->43(74)
[7312.947s][info][gc,heap        ] GC(1316) Old regions: 308->316
[7312.947s][info][gc,heap        ] GC(1316) Humongous regions: 33->33
[7312.947s][info][gc,metaspace   ] GC(1316) Metaspace: 30015K(30144K)->30015K(30144K) NonClass: 30015K(30144K)->30015K(30144K) Class: 0K(0K)->0K(0K)
[7312.947s][info][gc             ] GC(1316) Pause Young (Concurrent Start) (G1 Evacuation Pause) 7406M->3119M(8192M) 154.552ms
[7312.947s][info][gc             ] GC(1317) Concurrent Mark Cycle
[7312.947s][info][gc,marking     ] GC(1317) Concurrent Scan Root Regions
[7312.947s][info][gc,cpu         ] GC(1316) User=1.23s Sys=0.00s Real=0.15s
[7313.263s][info][gc,marking     ] GC(1317) Concurrent Scan Root Regions 316.097ms
[7313.263s][info][gc,marking     ] GC(1317) Concurrent Mark
[7313.263s][info][gc,marking     ] GC(1317) Concurrent Mark From Roots
[7313.263s][info][gc,task        ] GC(1317) Using 2 workers of 2 for marking
..[7314.494s][info][gc,marking     ] GC(1317) Concurrent Mark From Roots 1230.317ms
[7314.494s][info][gc,marking     ] GC(1317) Concurrent Preclean
[7314.494s][info][gc,marking     ] GC(1317) Concurrent Preclean 0.118ms
[7314.494s][info][gc,start       ] GC(1317) Pause Remark
[7314.497s][info][gc             ] GC(1317) Pause Remark 4815M->4167M(8192M) 2.547ms
[7314.497s][info][gc,cpu         ] GC(1317) User=0.01s Sys=0.00s Real=0.00s
[7314.497s][info][gc,marking     ] GC(1317) Concurrent Mark 1233.272ms
[7314.497s][info][gc,marking     ] GC(1317) Concurrent Rebuild Remembered Sets and Scrub Regions
.[7315.505s][info][gc,marking     ] GC(1317) Concurrent Rebuild Remembered Sets and Scrub Regions 1008.455ms
[7315.505s][info][gc,start       ] GC(1317) Pause Cleanup
[7315.506s][info][gc             ] GC(1317) Pause Cleanup 5539M->5539M(8192M) 0.252ms
[7315.506s][info][gc,cpu         ] GC(1317) User=0.00s Sys=0.00s Real=0.00s
[7315.506s][info][gc,marking     ] GC(1317) Concurrent Clear Claimed Marks
[7315.506s][info][gc,marking     ] GC(1317) Concurrent Clear Claimed Marks 0.054ms
[7315.506s][info][gc,marking     ] GC(1317) Concurrent Cleanup for Next Mark
[7315.516s][info][gc,marking     ] GC(1317) Concurrent Cleanup for Next Mark 10.721ms
[7315.516s][info][gc             ] GC(1317) Concurrent Mark Cycle 2569.256ms
[7316.221s][info][gc,start       ] GC(1318) Pause Young (Prepare Mixed) (G1 Evacuation Pause)
[7316.221s][info][gc,task        ] GC(1318) Using 8 workers of 8 for evacuation
[7316.370s][info][gc,phases      ] GC(1318)   Pre Evacuate Collection Set: 0.25ms
[7316.370s][info][gc,phases      ] GC(1318)   Merge Heap Roots: 0.79ms
[7316.370s][info][gc,phases      ] GC(1318)   Evacuate Collection Set: 146.65ms
[7316.370s][info][gc,phases      ] GC(1318)   Post Evacuate Collection Set: 1.11ms
[7316.370s][info][gc,phases      ] GC(1318)   Other: 0.06ms
[7316.370s][info][gc,heap        ] GC(1318) Eden regions: 537->0(572)
[7316.370s][info][gc,heap        ] GC(1318) Survivor regions: 43->42(73)
[7316.370s][info][gc,heap        ] GC(1318) Old regions: 235->243
[7316.370s][info][gc,heap        ] GC(1318) Humongous regions: 33->33
[7316.370s][info][gc,metaspace   ] GC(1318) Metaspace: 30015K(30144K)->30015K(30144K) NonClass: 30015K(30144K)->30015K(30144K) Class: 0K(0K)->0K(0K)
[7316.370s][info][gc             ] GC(1318) Pause Young (Prepare Mixed) (G1 Evacuation Pause) 6767M->2525M(8192M) 148.985ms
[7316.370s][info][gc,cpu         ] GC(1318) User=1.17s Sys=0.00s Real=0.15s
...[7319.184s][info][gc,start       ] GC(1319) Pause Young (Mixed) (G1 Evacuation Pause)
[7319.184s][info][gc,task        ] GC(1319) Using 8 workers of 8 for evacuation
[7319.339s][info][gc,phases      ] GC(1319)   Pre Evacuate Collection Set: 0.27ms
[7319.339s][info][gc,phases      ] GC(1319)   Merge Heap Roots: 0.80ms
[7319.339s][info][gc,phases      ] GC(1319)   Evacuate Collection Set: 152.69ms
[7319.339s][info][gc,phases      ] GC(1319)   Post Evacuate Collection Set: 1.19ms
[7319.339s][info][gc,phases      ] GC(1319)   Other: 0.07ms
[7319.339s][info][gc,heap        ] GC(1319) Eden regions: 572->0(572)
[7319.339s][info][gc,heap        ] GC(1319) Survivor regions: 42->42(77)
[7319.339s][info][gc,heap        ] GC(1319) Old regions: 243->148
[7319.339s][info][gc,heap        ] GC(1319) Humongous regions: 33->33
[7319.339s][info][gc,metaspace   ] GC(1319) Metaspace: 30015K(30144K)->30015K(30144K) NonClass: 30015K(30144K)->30015K(30144K) Class: 0K(0K)->0K(0K)
[7319.339s][info][gc             ] GC(1319) Pause Young (Mixed) (G1 Evacuation Pause) 7101M->1770M(8192M) 155.154ms
[7319.339s][info][gc,cpu         ] GC(1319) User=1.23s Sys=0.00s Real=0.15s
...[7322.107s][info][gc,start       ] GC(1320) Pause Young (Mixed) (G1 Evacuation Pause)
[7322.107s][info][gc,task        ] GC(1320) Using 8 workers of 8 for evacuation
[7322.262s][info][gc,phases      ] GC(1320)   Pre Evacuate Collection Set: 0.22ms
[7322.262s][info][gc,phases      ] GC(1320)   Merge Heap Roots: 0.61ms
[7322.262s][info][gc,phases      ] GC(1320)   Evacuate Collection Set: 153.65ms
[7322.262s][info][gc,phases      ] GC(1320)   Post Evacuate Collection Set: 1.02ms
[7322.262s][info][gc,phases      ] GC(1320)   Other: 0.06ms
[7322.262s][info][gc,heap        ] GC(1320) Eden regions: 572->0(571)
[7322.262s][info][gc,heap        ] GC(1320) Survivor regions: 42->43(77)
[7322.262s][info][gc,heap        ] GC(1320) Old regions: 148->144
[7322.262s][info][gc,heap        ] GC(1320) Humongous regions: 33->33
[7322.262s][info][gc,metaspace   ] GC(1320) Metaspace: 30015K(30144K)->30015K(30144K) NonClass: 30015K(30144K)->30015K(30144K) Class: 0K(0K)->0K(0K)
[7322.262s][info][gc             ] GC(1320) Pause Young (Mixed) (G1 Evacuation Pause) 6346M->1744M(8192M) 155.703ms
[7322.262s][info][gc,cpu         ] GC(1320) User=1.23s Sys=0.00s Real=0.16s
...[7325.176s][info][gc,start       ] GC(1321) Pause Young (Normal) (G1 Evacuation Pause)
[7325.176s][info][gc,task        ] GC(1321) Using 8 workers of 8 for evacuation
[7325.328s][info][gc,phases      ] GC(1321)   Pre Evacuate Collection Set: 0.26ms
[7325.328s][info][gc,phases      ] GC(1321)   Merge Heap Roots: 0.48ms
[7325.328s][info][gc,phases      ] GC(1321)   Evacuate Collection Set: 150.00ms
[7325.328s][info][gc,phases      ] GC(1321)   Post Evacuate Collection Set: 1.00ms
[7325.328s][info][gc,phases      ] GC(1321)   Other: 0.07ms
[7325.328s][info][gc,heap        ] GC(1321) Eden regions: 571->0(570)
[7325.328s][info][gc,heap        ] GC(1321) Survivor regions: 43->44(77)
[7325.328s][info][gc,heap        ] GC(1321) Old regions: 144->151
[7325.328s][info][gc,heap        ] GC(1321) Humongous regions: 33->33
[7325.328s][info][gc,metaspace   ] GC(1321) Metaspace: 30015K(30144K)->30015K(30144K) NonClass: 30015K(30144K)->30015K(30144K) Class: 0K(0K)->0K(0K)
[7325.328s][info][gc             ] GC(1321) Pause Young (Normal) (G1 Evacuation Pause) 6312M->1807M(8192M) 151.972ms
[7325.328s][info][gc,cpu         ] GC(1321) User=1.20s Sys=0.00s Real=0.15s
...[7328.157s][info][gc,start       ] GC(1322) Pause Young (Normal) (G1 Evacuation Pause)
[7328.157s][info][gc,task        ] GC(1322) Using 8 workers of 8 for evacuation
[7328.312s][info][gc,phases      ] GC(1322)   Pre Evacuate Collection Set: 0.23ms
[7328.312s][info][gc,phases      ] GC(1322)   Merge Heap Roots: 0.48ms
[7328.312s][info][gc,phases      ] GC(1322)   Evacuate Collection Set: 153.28ms
[7328.312s][info][gc,phases      ] GC(1322)   Post Evacuate Collection Set: 1.02ms
[7328.312s][info][gc,phases      ] GC(1322)   Other: 0.06ms
[7328.312s][info][gc,heap        ] GC(1322) Eden regions: 570->0(570)
[7328.312s][info][gc,heap        ] GC(1322) Survivor regions: 44->44(77)
[7328.312s][info][gc,heap        ] GC(1322) Old regions: 151->159
[7328.312s][info][gc,heap        ] GC(1322) Humongous regions: 33->33
[7328.312s][info][gc,metaspace   ] GC(1322) Metaspace: 30015K(30144K)->30015K(30144K) NonClass: 30015K(30144K)->30015K(30144K) Class: 0K(0K)->0K(0K)
[7328.312s][info][gc             ] GC(1322) Pause Young (Normal) (G1 Evacuation Pause) 6367M->1871M(8192M) 155.205ms
[7328.312s][info][gc,cpu         ] GC(1322) User=1.23s Sys=0.01s Real=0.16s
...[7331.329s][info][gc,start       ] GC(1323) Pause Young (Normal) (G1 Evacuation Pause)
[7331.329s][info][gc,task        ] GC(1323) Using 8 workers of 8 for evacuation
[7331.479s][info][gc,phases      ] GC(1323)   Pre Evacuate Collection Set: 0.23ms
[7331.479s][info][gc,phases      ] GC(1323)   Merge Heap Roots: 0.52ms
[7331.479s][info][gc,phases      ] GC(1323)   Evacuate Collection Set: 148.55ms
[7331.479s][info][gc,phases      ] GC(1323)   Post Evacuate Collection Set: 1.02ms
[7331.479s][info][gc,phases      ] GC(1323)   Other: 0.07ms
[7331.479s][info][gc,heap        ] GC(1323) Eden regions: 570->0(571)
[7331.479s][info][gc,heap        ] GC(1323) Survivor regions: 44->43(77)
[7331.479s][info][gc,heap        ] GC(1323) Old regions: 159->166
[7331.479s][info][gc,heap        ] GC(1323) Humongous regions: 33->33
[7331.479s][info][gc,metaspace   ] GC(1323) Metaspace: 30015K(30144K)->30015K(30144K) NonClass: 30015K(30144K)->30015K(30144K) Class: 0K(0K)->0K(0K)
[7331.479s][info][gc             ] GC(1323) Pause Young (Normal) (G1 Evacuation Pause) 6431M->1918M(8192M) 150.520ms
[7331.479s][info][gc,cpu         ] GC(1323) User=1.19s Sys=0.00s Real=0.15s
...[7334.391s][info][gc,start       ] GC(1324) Pause Young (Normal) (G1 Evacuation Pause)
[7334.391s][info][gc,task        ] GC(1324) Using 8 workers of 8 for evacuation
[7334.547s][info][gc,phases      ] GC(1324)   Pre Evacuate Collection Set: 0.23ms
[7334.547s][info][gc,phases      ] GC(1324)   Merge Heap Roots: 0.65ms
[7334.547s][info][gc,phases      ] GC(1324)   Evacuate Collection Set: 153.71ms
[7334.547s][info][gc,phases      ] GC(1324)   Post Evacuate Collection Set: 1.02ms
[7334.547s][info][gc,phases      ] GC(1324)   Other: 0.92ms
[7334.547s][info][gc,heap        ] GC(1324) Eden regions: 571->0(569)
[7334.547s][info][gc,heap        ] GC(1324) Survivor regions: 43->45(77)
[7334.547s][info][gc,heap        ] GC(1324) Old regions: 166->173
[7334.547s][info][gc,heap        ] GC(1324) Humongous regions: 33->33
[7334.547s][info][gc,metaspace   ] GC(1324) Metaspace: 30015K(30144K)->30015K(30144K) NonClass: 30015K(30144K)->30015K(30144K) Class: 0K(0K)->0K(0K)
[7334.547s][info][gc             ] GC(1324) Pause Young (Normal) (G1 Evacuation Pause) 6486M->1991M(8192M) 156.669ms
[7334.547s][info][gc,cpu         ] GC(1324) User=1.23s Sys=0.00s Real=0.15s
...[7337.469s][info][gc,start       ] GC(1325) Pause Young (Normal) (G1 Evacuation Pause)
[7337.469s][info][gc,task        ] GC(1325) Using 8 workers of 8 for evacuation
[7337.619s][info][gc,phases      ] GC(1325)   Pre Evacuate Collection Set: 0.24ms
[7337.619s][info][gc,phases      ] GC(1325)   Merge Heap Roots: 0.53ms
[7337.619s][info][gc,phases      ] GC(1325)   Evacuate Collection Set: 148.40ms
[7337.619s][info][gc,phases      ] GC(1325)   Post Evacuate Collection Set: 1.02ms
[7337.619s][info][gc,phases      ] GC(1325)   Other: 0.06ms
[7337.619s][info][gc,heap        ] GC(1325) Eden regions: 569->0(571)
[7337.619s][info][gc,heap        ] GC(1325) Survivor regions: 45->43(77)
[7337.619s][info][gc,heap        ] GC(1325) Old regions: 173->181
[7337.619s][info][gc,heap        ] GC(1325) Humongous regions: 33->33
[7337.619s][info][gc,metaspace   ] GC(1325) Metaspace: 30015K(30144K)->30015K(30144K) NonClass: 30015K(30144K)->30015K(30144K) Class: 0K(0K)->0K(0K)
[7337.619s][info][gc             ] GC(1325) Pause Young (Normal) (G1 Evacuation Pause) 6543M->2038M(8192M) 150.374ms
[7337.619s][info][gc,cpu         ] GC(1325) User=1.19s Sys=0.00s Real=0.15s
...[7340.519s][info][gc,start       ] GC(1326) Pause Young (Normal) (G1 Evacuation Pause)
[7340.519s][info][gc,task        ] GC(1326) Using 8 workers of 8 for evacuation
[7340.675s][info][gc,phases      ] GC(1326)   Pre Evacuate Collection Set: 0.22ms
[7340.675s][info][gc,phases      ] GC(1326)   Merge Heap Roots: 0.48ms
[7340.675s][info][gc,phases      ] GC(1326)   Evacuate Collection Set: 154.30ms
[7340.675s][info][gc,phases      ] GC(1326)   Post Evacuate Collection Set: 1.03ms
[7340.675s][info][gc,phases      ] GC(1326)   Other: 0.08ms
[7340.675s][info][gc,heap        ] GC(1326) Eden regions: 571->0(570)
[7340.675s][info][gc,heap        ] GC(1326) Survivor regions: 43->44(77)
[7340.675s][info][gc,heap        ] GC(1326) Old regions: 181->188
[7340.675s][info][gc,heap        ] GC(1326) Humongous regions: 33->33
[7340.675s][info][gc,metaspace   ] GC(1326) Metaspace: 30015K(30144K)->30015K(30144K) NonClass: 30015K(30144K)->30015K(30144K) Class: 0K(0K)->0K(0K)
[7340.675s][info][gc             ] GC(1326) Pause Young (Normal) (G1 Evacuation Pause) 6606M->2105M(8192M) 156.234ms
[7340.675s][info][gc,cpu         ] GC(1326) User=1.24s Sys=0.00s Real=0.16s
...[7343.606s][info][gc,start       ] GC(1327) Pause Young (Normal) (G1 Evacuation Pause)
[7343.607s][info][gc,task        ] GC(1327) Using 8 workers of 8 for evacuation
[7343.760s][info][gc,phases      ] GC(1327)   Pre Evacuate Collection Set: 0.23ms
[7343.760s][info][gc,phases      ] GC(1327)   Merge Heap Roots: 0.48ms
[7343.760s][info][gc,phases      ] GC(1327)   Evacuate Collection Set: 151.84ms
[7343.760s][info][gc,phases      ] GC(1327)   Post Evacuate Collection Set: 1.03ms
[7343.760s][info][gc,phases      ] GC(1327)   Other: 0.06ms
[7343.760s][info][gc,heap        ] GC(1327) Eden regions: 570->0(569)
[7343.760s][info][gc,heap        ] GC(1327) Survivor regions: 44->45(77)
[7343.760s][info][gc,heap        ] GC(1327) Old regions: 188->195
[7343.760s][info][gc,heap        ] GC(1327) Humongous regions: 33->33
[7343.760s][info][gc,metaspace   ] GC(1327) Metaspace: 30015K(30144K)->30015K(30144K) NonClass: 30015K(30144K)->30015K(30144K) Class: 0K(0K)->0K(0K)
[7343.760s][info][gc             ] GC(1327) Pause Young (Normal) (G1 Evacuation Pause) 6665M->2166M(8192M) 153.769ms
[7343.760s][info][gc,cpu         ] GC(1327) User=1.21s Sys=0.00s Real=0.16s
. (rIR:aIR:PR = 12453:12491:12489) (tPR = 185690) [OK] 
  7343s: Performance info:
         Transaction,    Success,    Partial,     Failed,   Receipts, AvgBarcode, 
             Overall,     755763,          0,          0,     717997,      59.48, 
         Response times:
             Request,    Success,    Partial,     Failed,   SkipFail,     Probes,    Samples,      min,      p50,      p90,      p95,      p99,      max, 
       TotalPurchase,     718160,          0,          0,          0,     345506,     459949,      300,    23000,   138000,   220000,   405000,  3600000,
     InStorePurchase,     378569,          0,          0,          0,     180990,     241432,      300,    23000,   139000,   220000,   410000,  3600000,
      OnlinePurchase,     265005,          0,          0,          0,     127826,     169796,      300,    23000,   137000,   219000,   398000,  3600000,
        InstPurchase,      74586,          0,          0,          0,      36690,      48721,      400,    23000,   138000,   219000,   414000,  3600000,
          AssocOfCat,        753,          0,          0,          0,        612,        896,    34000,    81000,   191300,   279900,   474600,   600000,
      AssocOfProduct,       7531,          0,          0,          0,       3439,       4794,     1100,    24000,   135000,   212500,   399000,  1700000,
      BusinessReport,       1881,          0,          0,          0,       1708,       2430,    34000,    87000,   220000,   294450,   541450,  1800000,
          CustBuyBeh,       7489,          0,          0,          0,       3438,       4892,      500,    23000,   130000,   213000,   389070,  1700000,
       ProductReturn,      20077,          0,          0,          0,       9486,      12759,      200,    22000,   137000,   220000,   394000,  3600000,

  7343s: (91%)   IR =  12592 ..[7346.736s][info][gc,start       ] GC(1328) Pause Young (Normal) (G1 Evacuation Pause)
[7346.736s][info][gc,task        ] GC(1328) Using 8 workers of 8 for evacuation
[7346.891s][info][gc,phases      ] GC(1328)   Pre Evacuate Collection Set: 0.26ms
[7346.891s][info][gc,phases      ] GC(1328)   Merge Heap Roots: 0.50ms
[7346.891s][info][gc,phases      ] GC(1328)   Evacuate Collection Set: 152.40ms
[7346.891s][info][gc,phases      ] GC(1328)   Post Evacuate Collection Set: 1.07ms
[7346.891s][info][gc,phases      ] GC(1328)   Other: 0.06ms
[7346.891s][info][gc,heap        ] GC(1328) Eden regions: 569->0(570)
[7346.891s][info][gc,heap        ] GC(1328) Survivor regions: 45->44(77)
[7346.891s][info][gc,heap        ] GC(1328) Old regions: 195->202
[7346.891s][info][gc,heap        ] GC(1328) Humongous regions: 33->33
[7346.891s][info][gc,metaspace   ] GC(1328) Metaspace: 30015K(30144K)->30015K(30144K) NonClass: 30015K(30144K)->30015K(30144K) Class: 0K(0K)->0K(0K)
[7346.891s][info][gc             ] GC(1328) Pause Young (Normal) (G1 Evacuation Pause) 6718M->2219M(8192M) 154.407ms
[7346.891s][info][gc,cpu         ] GC(1328) User=1.22s Sys=0.00s Real=0.16s
...[7349.788s][info][gc,start       ] GC(1329) Pause Young (Normal) (G1 Evacuation Pause)
[7349.788s][info][gc,task        ] GC(1329) Using 8 workers of 8 for evacuation
[7349.941s][info][gc,phases      ] GC(1329)   Pre Evacuate Collection Set: 0.27ms
[7349.941s][info][gc,phases      ] GC(1329)   Merge Heap Roots: 0.56ms
[7349.941s][info][gc,phases      ] GC(1329)   Evacuate Collection Set: 150.73ms
[7349.941s][info][gc,phases      ] GC(1329)   Post Evacuate Collection Set: 1.01ms
[7349.941s][info][gc,phases      ] GC(1329)   Other: 0.08ms
[7349.941s][info][gc,heap        ] GC(1329) Eden regions: 570->0(570)
[7349.941s][info][gc,heap        ] GC(1329) Survivor regions: 44->44(77)
[7349.941s][info][gc,heap        ] GC(1329) Old regions: 202->210
[7349.941s][info][gc,heap        ] GC(1329) Humongous regions: 33->33
[7349.941s][info][gc,metaspace   ] GC(1329) Metaspace: 30015K(30144K)->30015K(30144K) NonClass: 30015K(30144K)->30015K(30144K) Class: 0K(0K)->0K(0K)
[7349.941s][info][gc             ] GC(1329) Pause Young (Normal) (G1 Evacuation Pause) 6779M->2273M(8192M) 152.784ms
[7349.941s][info][gc,cpu         ] GC(1329) User=1.20s Sys=0.00s Real=0.16s
...[7352.836s][info][gc,start       ] GC(1330) Pause Young (Normal) (G1 Evacuation Pause)
[7352.836s][info][gc,task        ] GC(1330) Using 8 workers of 8 for evacuation
[7352.987s][info][gc,phases      ] GC(1330)   Pre Evacuate Collection Set: 0.24ms
[7352.987s][info][gc,phases      ] GC(1330)   Merge Heap Roots: 0.48ms
[7352.987s][info][gc,phases      ] GC(1330)   Evacuate Collection Set: 149.78ms
[7352.987s][info][gc,phases      ] GC(1330)   Post Evacuate Collection Set: 1.00ms
[7352.987s][info][gc,phases      ] GC(1330)   Other: 0.06ms
[7352.987s][info][gc,heap        ] GC(1330) Eden regions: 570->0(571)
[7352.987s][info][gc,heap        ] GC(1330) Survivor regions: 44->43(77)
[7352.987s][info][gc,heap        ] GC(1330) Old regions: 210->217
[7352.987s][info][gc,heap        ] GC(1330) Humongous regions: 33->33
[7352.987s][info][gc,metaspace   ] GC(1330) Metaspace: 30015K(30144K)->30015K(30144K) NonClass: 30015K(30144K)->30015K(30144K) Class: 0K(0K)->0K(0K)
[7352.987s][info][gc             ] GC(1330) Pause Young (Normal) (G1 Evacuation Pause) 6833M->2327M(8192M) 151.698ms
[7352.987s][info][gc,cpu         ] GC(1330) User=1.21s Sys=0.00s Real=0.15s
...[7355.837s][info][gc,start       ] GC(1331) Pause Young (Normal) (G1 Evacuation Pause)
[7355.838s][info][gc,task        ] GC(1331) Using 8 workers of 8 for evacuation
[7355.989s][info][gc,phases      ] GC(1331)   Pre Evacuate Collection Set: 0.29ms
[7355.989s][info][gc,phases      ] GC(1331)   Merge Heap Roots: 0.61ms
[7355.989s][info][gc,phases      ] GC(1331)   Evacuate Collection Set: 149.02ms
[7355.989s][info][gc,phases      ] GC(1331)   Post Evacuate Collection Set: 1.03ms
[7355.989s][info][gc,phases      ] GC(1331)   Other: 0.06ms
[7355.989s][info][gc,heap        ] GC(1331) Eden regions: 571->0(570)
[7355.989s][info][gc,heap        ] GC(1331) Survivor regions: 43->44(77)
[7355.989s][info][gc,heap        ] GC(1331) Old regions: 217->224
[7355.989s][info][gc,heap        ] GC(1331) Humongous regions: 33->33
[7355.989s][info][gc,metaspace   ] GC(1331) Metaspace: 30015K(30144K)->30015K(30144K) NonClass: 30015K(30144K)->30015K(30144K) Class: 0K(0K)->0K(0K)
[7355.989s][info][gc             ] GC(1331) Pause Young (Normal) (G1 Evacuation Pause) 6895M->2389M(8192M) 151.135ms
[7355.989s][info][gc,cpu         ] GC(1331) User=1.19s Sys=0.00s Real=0.15s
...|[7358.898s][info][gc,start       ] GC(1332) Pause Young (Normal) (G1 Evacuation Pause)
[7358.898s][info][gc,task        ] GC(1332) Using 8 workers of 8 for evacuation
[7359.062s][info][gc,phases      ] GC(1332)   Pre Evacuate Collection Set: 0.25ms
[7359.062s][info][gc,phases      ] GC(1332)   Merge Heap Roots: 0.49ms
[7359.062s][info][gc,phases      ] GC(1332)   Evacuate Collection Set: 162.08ms
[7359.062s][info][gc,phases      ] GC(1332)   Post Evacuate Collection Set: 1.04ms
[7359.062s][info][gc,phases      ] GC(1332)   Other: 0.07ms
[7359.062s][info][gc,heap        ] GC(1332) Eden regions: 570->0(567)
[7359.062s][info][gc,heap        ] GC(1332) Survivor regions: 44->47(77)
[7359.062s][info][gc,heap        ] GC(1332) Old regions: 224->231
[7359.062s][info][gc,heap        ] GC(1332) Humongous regions: 33->33
[7359.062s][info][gc,metaspace   ] GC(1332) Metaspace: 30015K(30144K)->30015K(30144K) NonClass: 30015K(30144K)->30015K(30144K) Class: 0K(0K)->0K(0K)
[7359.062s][info][gc             ] GC(1332) Pause Young (Normal) (G1 Evacuation Pause) 6949M->2467M(8192M) 164.064ms
[7359.062s][info][gc,cpu         ] GC(1332) User=1.30s Sys=0.00s Real=0.17s
...[7362.002s][info][gc,start       ] GC(1333) Pause Young (Normal) (G1 Evacuation Pause)
[7362.002s][info][gc,task        ] GC(1333) Using 8 workers of 8 for evacuation
[7362.163s][info][gc,phases      ] GC(1333)   Pre Evacuate Collection Set: 0.22ms
[7362.163s][info][gc,phases      ] GC(1333)   Merge Heap Roots: 0.50ms
[7362.163s][info][gc,phases      ] GC(1333)   Evacuate Collection Set: 159.42ms
[7362.163s][info][gc,phases      ] GC(1333)   Post Evacuate Collection Set: 1.04ms
[7362.163s][info][gc,phases      ] GC(1333)   Other: 0.07ms
[7362.163s][info][gc,heap        ] GC(1333) Eden regions: 567->0(568)
[7362.163s][info][gc,heap        ] GC(1333) Survivor regions: 47->46(77)
[7362.163s][info][gc,heap        ] GC(1333) Old regions: 231->238
[7362.163s][info][gc,heap        ] GC(1333) Humongous regions: 33->33
[7362.163s][info][gc,metaspace   ] GC(1333) Metaspace: 30015K(30144K)->30015K(30144K) NonClass: 30015K(30144K)->30015K(30144K) Class: 0K(0K)->0K(0K)
[7362.163s][info][gc             ] GC(1333) Pause Young (Normal) (G1 Evacuation Pause) 7003M->2519M(8192M) 161.401ms
[7362.163s][info][gc,cpu         ] GC(1333) User=1.28s Sys=0.00s Real=0.16s
...[7365.035s][info][gc,start       ] GC(1334) Pause Young (Normal) (G1 Evacuation Pause)
[7365.035s][info][gc,task        ] GC(1334) Using 8 workers of 8 for evacuation
[7365.182s][info][gc,phases      ] GC(1334)   Pre Evacuate Collection Set: 0.26ms
[7365.183s][info][gc,phases      ] GC(1334)   Merge Heap Roots: 0.49ms
[7365.183s][info][gc,phases      ] GC(1334)   Evacuate Collection Set: 145.15ms
[7365.183s][info][gc,phases      ] GC(1334)   Post Evacuate Collection Set: 1.03ms
[7365.183s][info][gc,phases      ] GC(1334)   Other: 0.06ms
[7365.183s][info][gc,heap        ] GC(1334) Eden regions: 568->0(572)
[7365.183s][info][gc,heap        ] GC(1334) Survivor regions: 46->42(77)
[7365.183s][info][gc,heap        ] GC(1334) Old regions: 238->245
[7365.183s][info][gc,heap        ] GC(1334) Humongous regions: 33->33
[7365.183s][info][gc,metaspace   ] GC(1334) Metaspace: 30015K(30144K)->30015K(30144K) NonClass: 30015K(30144K)->30015K(30144K) Class: 0K(0K)->0K(0K)
[7365.183s][info][gc             ] GC(1334) Pause Young (Normal) (G1 Evacuation Pause) 7063M->2547M(8192M) 147.902ms
[7365.183s][info][gc,cpu         ] GC(1334) User=1.17s Sys=0.00s Real=0.15s
...[7368.026s][info][gc,start       ] GC(1335) Pause Young (Normal) (G1 Evacuation Pause)
[7368.026s][info][gc,task        ] GC(1335) Using 8 workers of 8 for evacuation
[7368.182s][info][gc,phases      ] GC(1335)   Pre Evacuate Collection Set: 0.24ms
[7368.182s][info][gc,phases      ] GC(1335)   Merge Heap Roots: 0.52ms
[7368.182s][info][gc,phases      ] GC(1335)   Evacuate Collection Set: 153.85ms
[7368.182s][info][gc,phases      ] GC(1335)   Post Evacuate Collection Set: 1.05ms
[7368.182s][info][gc,phases      ] GC(1335)   Other: 0.06ms
[7368.182s][info][gc,heap        ] GC(1335) Eden regions: 572->0(569)
[7368.182s][info][gc,heap        ] GC(1335) Survivor regions: 42->45(77)
[7368.182s][info][gc,heap        ] GC(1335) Old regions: 245->253
[7368.182s][info][gc,heap        ] GC(1335) Humongous regions: 33->33
[7368.182s][info][gc,metaspace   ] GC(1335) Metaspace: 30015K(30144K)->30015K(30144K) NonClass: 30015K(30144K)->30015K(30144K) Class: 0K(0K)->0K(0K)
[7368.182s][info][gc             ] GC(1335) Pause Young (Normal) (G1 Evacuation Pause) 7123M->2626M(8192M) 155.842ms
[7368.182s][info][gc,cpu         ] GC(1335) User=1.24s Sys=0.00s Real=0.16s
...[7371.056s][info][gc,start       ] GC(1336) Pause Young (Normal) (G1 Evacuation Pause)
[7371.056s][info][gc,task        ] GC(1336) Using 8 workers of 8 for evacuation
[7371.202s][info][gc,phases      ] GC(1336)   Pre Evacuate Collection Set: 0.24ms
[7371.202s][info][gc,phases      ] GC(1336)   Merge Heap Roots: 0.49ms
[7371.202s][info][gc,phases      ] GC(1336)   Evacuate Collection Set: 144.40ms
[7371.202s][info][gc,phases      ] GC(1336)   Post Evacuate Collection Set: 1.01ms
[7371.202s][info][gc,phases      ] GC(1336)   Other: 0.06ms
[7371.202s][info][gc,heap        ] GC(1336) Eden regions: 569->0(572)
[7371.202s][info][gc,heap        ] GC(1336) Survivor regions: 45->42(77)
[7371.202s][info][gc,heap        ] GC(1336) Old regions: 253->260
[7371.202s][info][gc,heap        ] GC(1336) Humongous regions: 33->33
[7371.202s][info][gc,metaspace   ] GC(1336) Metaspace: 30015K(30144K)->30015K(30144K) NonClass: 30015K(30144K)->30015K(30144K) Class: 0K(0K)->0K(0K)
[7371.202s][info][gc             ] GC(1336) Pause Young (Normal) (G1 Evacuation Pause) 7178M->2661M(8192M) 146.315ms
[7371.202s][info][gc,cpu         ] GC(1336) User=1.16s Sys=0.00s Real=0.15s
...[7374.124s][info][gc,start       ] GC(1337) Pause Young (Normal) (G1 Evacuation Pause)
[7374.124s][info][gc,task        ] GC(1337) Using 8 workers of 8 for evacuation
[7374.285s][info][gc,phases      ] GC(1337)   Pre Evacuate Collection Set: 0.23ms
[7374.285s][info][gc,phases      ] GC(1337)   Merge Heap Roots: 0.52ms
[7374.285s][info][gc,phases      ] GC(1337)   Evacuate Collection Set: 158.78ms
[7374.285s][info][gc,phases      ] GC(1337)   Post Evacuate Collection Set: 1.03ms
[7374.285s][info][gc,phases      ] GC(1337)   Other: 0.07ms
[7374.285s][info][gc,heap        ] GC(1337) Eden regions: 572->0(568)
[7374.285s][info][gc,heap        ] GC(1337) Survivor regions: 42->46(77)
[7374.285s][info][gc,heap        ] GC(1337) Old regions: 260->267
[7374.285s][info][gc,heap        ] GC(1337) Humongous regions: 33->33
[7374.285s][info][gc,metaspace   ] GC(1337) Metaspace: 30015K(30144K)->30015K(30144K) NonClass: 30015K(30144K)->30015K(30144K) Class: 0K(0K)->0K(0K)
[7374.285s][info][gc             ] GC(1337) Pause Young (Normal) (G1 Evacuation Pause) 7237M->2747M(8192M) 160.783ms
[7374.285s][info][gc,cpu         ] GC(1337) User=1.28s Sys=0.00s Real=0.16s
...[7377.195s][info][gc,start       ] GC(1338) Pause Young (Normal) (G1 Evacuation Pause)
[7377.195s][info][gc,task        ] GC(1338) Using 8 workers of 8 for evacuation
[7377.346s][info][gc,phases      ] GC(1338)   Pre Evacuate Collection Set: 0.24ms
[7377.346s][info][gc,phases      ] GC(1338)   Merge Heap Roots: 0.53ms
[7377.346s][info][gc,phases      ] GC(1338)   Evacuate Collection Set: 148.42ms
[7377.346s][info][gc,phases      ] GC(1338)   Post Evacuate Collection Set: 1.03ms
[7377.346s][info][gc,phases      ] GC(1338)   Other: 0.06ms
[7377.346s][info][gc,heap        ] GC(1338) Eden regions: 568->0(570)
[7377.346s][info][gc,heap        ] GC(1338) Survivor regions: 46->44(77)
[7377.346s][info][gc,heap        ] GC(1338) Old regions: 267->274
[7377.346s][info][gc,heap        ] GC(1338) Humongous regions: 33->33
[7377.346s][info][gc,metaspace   ] GC(1338) Metaspace: 30015K(30144K)->30015K(30144K) NonClass: 30015K(30144K)->30015K(30144K) Class: 0K(0K)->0K(0K)
[7377.346s][info][gc             ] GC(1338) Pause Young (Normal) (G1 Evacuation Pause) 7291M->2790M(8192M) 150.419ms
[7377.346s][info][gc,cpu         ] GC(1338) User=1.19s Sys=0.00s Real=0.15s
...[7380.285s][info][gc,start       ] GC(1339) Pause Young (Normal) (G1 Evacuation Pause)
[7380.285s][info][gc,task        ] GC(1339) Using 8 workers of 8 for evacuation
[7380.433s][info][gc,phases      ] GC(1339)   Pre Evacuate Collection Set: 0.24ms
[7380.433s][info][gc,phases      ] GC(1339)   Merge Heap Roots: 0.49ms
[7380.433s][info][gc,phases      ] GC(1339)   Evacuate Collection Set: 145.68ms
[7380.433s][info][gc,phases      ] GC(1339)   Post Evacuate Collection Set: 1.03ms
[7380.433s][info][gc,phases      ] GC(1339)   Other: 0.06ms
[7380.433s][info][gc,heap        ] GC(1339) Eden regions: 570->0(572)
[7380.433s][info][gc,heap        ] GC(1339) Survivor regions: 44->42(77)
[7380.433s][info][gc,heap        ] GC(1339) Old regions: 274->282
[7380.433s][info][gc,heap        ] GC(1339) Humongous regions: 33->33
[7380.433s][info][gc,metaspace   ] GC(1339) Metaspace: 30015K(30144K)->30015K(30144K) NonClass: 30015K(30144K)->30015K(30144K) Class: 0K(0K)->0K(0K)
[7380.433s][info][gc             ] GC(1339) Pause Young (Normal) (G1 Evacuation Pause) 7350M->2838M(8192M) 147.648ms
[7380.433s][info][gc,cpu         ] GC(1339) User=1.17s Sys=0.00s Real=0.15s
...[7383.340s][info][gc,start       ] GC(1340) Pause Young (Normal) (G1 Evacuation Pause)
[7383.340s][info][gc,task        ] GC(1340) Using 8 workers of 8 for evacuation
[7383.492s][info][gc,phases      ] GC(1340)   Pre Evacuate Collection Set: 0.24ms
[7383.492s][info][gc,phases      ] GC(1340)   Merge Heap Roots: 0.49ms
[7383.492s][info][gc,phases      ] GC(1340)   Evacuate Collection Set: 150.52ms
[7383.492s][info][gc,phases      ] GC(1340)   Post Evacuate Collection Set: 1.04ms
[7383.492s][info][gc,phases      ] GC(1340)   Other: 0.06ms
[7383.492s][info][gc,heap        ] GC(1340) Eden regions: 572->0(562)
[7383.492s][info][gc,heap        ] GC(1340) Survivor regions: 42->44(77)
[7383.492s][info][gc,heap        ] GC(1340) Old regions: 282->289
[7383.492s][info][gc,heap        ] GC(1340) Humongous regions: 33->33
[7383.492s][info][gc,metaspace   ] GC(1340) Metaspace: 30015K(30144K)->30015K(30144K) NonClass: 30015K(30144K)->30015K(30144K) Class: 0K(0K)->0K(0K)
[7383.492s][info][gc             ] GC(1340) Pause Young (Normal) (G1 Evacuation Pause) 7414M->2906M(8192M) 152.500ms
[7383.492s][info][gc,cpu         ] GC(1340) User=1.20s Sys=0.00s Real=0.16s
...[7386.225s][info][gc,start       ] GC(1341) Pause Young (Normal) (G1 Evacuation Pause)
[7386.225s][info][gc,task        ] GC(1341) Using 8 workers of 8 for evacuation
[7386.377s][info][gc,phases      ] GC(1341)   Pre Evacuate Collection Set: 0.23ms
[7386.377s][info][gc,phases      ] GC(1341)   Merge Heap Roots: 0.48ms
[7386.377s][info][gc,phases      ] GC(1341)   Evacuate Collection Set: 150.70ms
[7386.377s][info][gc,phases      ] GC(1341)   Post Evacuate Collection Set: 1.02ms
[7386.377s][info][gc,phases      ] GC(1341)   Other: 0.06ms
[7386.377s][info][gc,heap        ] GC(1341) Eden regions: 562->0(555)
[7386.377s][info][gc,heap        ] GC(1341) Survivor regions: 44->44(76)
[7386.377s][info][gc,heap        ] GC(1341) Old regions: 289->296
[7386.377s][info][gc,heap        ] GC(1341) Humongous regions: 33->33
[7386.377s][info][gc,metaspace   ] GC(1341) Metaspace: 30015K(30144K)->30015K(30144K) NonClass: 30015K(30144K)->30015K(30144K) Class: 0K(0K)->0K(0K)
[7386.377s][info][gc             ] GC(1341) Pause Young (Normal) (G1 Evacuation Pause) 7402M->2963M(8192M) 152.636ms
[7386.377s][info][gc,cpu         ] GC(1341) User=1.21s Sys=0.00s Real=0.15s
...[7389.258s][info][gc,start       ] GC(1342) Pause Young (Normal) (G1 Evacuation Pause)
[7389.258s][info][gc,task        ] GC(1342) Using 8 workers of 8 for evacuation
[7389.409s][info][gc,phases      ] GC(1342)   Pre Evacuate Collection Set: 0.22ms
[7389.409s][info][gc,phases      ] GC(1342)   Merge Heap Roots: 0.48ms
[7389.409s][info][gc,phases      ] GC(1342)   Evacuate Collection Set: 149.42ms
[7389.409s][info][gc,phases      ] GC(1342)   Post Evacuate Collection Set: 1.04ms
[7389.409s][info][gc,phases      ] GC(1342)   Other: 0.06ms
[7389.409s][info][gc,heap        ] GC(1342) Eden regions: 555->0(548)
[7389.409s][info][gc,heap        ] GC(1342) Survivor regions: 44->44(75)
[7389.409s][info][gc,heap        ] GC(1342) Old regions: 296->303
[7389.409s][info][gc,heap        ] GC(1342) Humongous regions: 33->33
[7389.409s][info][gc,metaspace   ] GC(1342) Metaspace: 30015K(30144K)->30015K(30144K) NonClass: 30015K(30144K)->30015K(30144K) Class: 0K(0K)->0K(0K)
[7389.409s][info][gc             ] GC(1342) Pause Young (Normal) (G1 Evacuation Pause) 7403M->3023M(8192M) 151.360ms
[7389.409s][info][gc,cpu         ] GC(1342) User=1.20s Sys=0.00s Real=0.15s
...[7392.263s][info][gc,start       ] GC(1343) Pause Young (Concurrent Start) (G1 Evacuation Pause)
[7392.263s][info][gc,task        ] GC(1343) Using 8 workers of 8 for evacuation
[7392.420s][info][gc,phases      ] GC(1343)   Pre Evacuate Collection Set: 0.26ms
[7392.420s][info][gc,phases      ] GC(1343)   Merge Heap Roots: 0.49ms
[7392.420s][info][gc,phases      ] GC(1343)   Evacuate Collection Set: 155.24ms
[7392.420s][info][gc,phases      ] GC(1343)   Post Evacuate Collection Set: 1.00ms
[7392.420s][info][gc,phases      ] GC(1343)   Other: 0.08ms
[7392.420s][info][gc,heap        ] GC(1343) Eden regions: 548->0(540)
[7392.420s][info][gc,heap        ] GC(1343) Survivor regions: 44->44(74)
[7392.420s][info][gc,heap        ] GC(1343) Old regions: 303->311
[7392.420s][info][gc,heap        ] GC(1343) Humongous regions: 33->33
[7392.420s][info][gc,metaspace   ] GC(1343) Metaspace: 30015K(30144K)->30015K(30144K) NonClass: 30015K(30144K)->30015K(30144K) Class: 0K(0K)->0K(0K)
[7392.420s][info][gc             ] GC(1343) Pause Young (Concurrent Start) (G1 Evacuation Pause) 7407M->3086M(8192M) 157.227ms
[7392.420s][info][gc             ] GC(1344) Concurrent Mark Cycle
[7392.420s][info][gc,marking     ] GC(1344) Concurrent Scan Root Regions
[7392.420s][info][gc,cpu         ] GC(1343) User=1.24s Sys=0.00s Real=0.16s
.[7392.770s][info][gc,marking     ] GC(1344) Concurrent Scan Root Regions 349.765ms
[7392.770s][info][gc,marking     ] GC(1344) Concurrent Mark
[7392.770s][info][gc,marking     ] GC(1344) Concurrent Mark From Roots
[7392.770s][info][gc,task        ] GC(1344) Using 2 workers of 2 for marking
.[7393.920s][info][gc,marking     ] GC(1344) Concurrent Mark From Roots 1149.451ms
[7393.920s][info][gc,marking     ] GC(1344) Concurrent Preclean
[7393.920s][info][gc,marking     ] GC(1344) Concurrent Preclean 0.109ms
[7393.920s][info][gc,start       ] GC(1344) Pause Remark
[7393.923s][info][gc             ] GC(1344) Pause Remark 4723M->4131M(8192M) 2.518ms
[7393.923s][info][gc,cpu         ] GC(1344) User=0.02s Sys=0.00s Real=0.00s
[7393.923s][info][gc,marking     ] GC(1344) Concurrent Mark 1152.389ms
[7393.923s][info][gc,marking     ] GC(1344) Concurrent Rebuild Remembered Sets and Scrub Regions
.[7394.637s][info][gc,marking     ] GC(1344) Concurrent Rebuild Remembered Sets and Scrub Regions 714.337ms
[7394.637s][info][gc,start       ] GC(1344) Pause Cleanup
[7394.637s][info][gc             ] GC(1344) Pause Cleanup 5018M->5018M(8192M) 0.270ms
[7394.637s][info][gc,cpu         ] GC(1344) User=0.00s Sys=0.00s Real=0.00s
[7394.637s][info][gc,marking     ] GC(1344) Concurrent Clear Claimed Marks
[7394.638s][info][gc,marking     ] GC(1344) Concurrent Clear Claimed Marks 0.051ms
[7394.638s][info][gc,marking     ] GC(1344) Concurrent Cleanup for Next Mark
[7394.648s][info][gc,marking     ] GC(1344) Concurrent Cleanup for Next Mark 10.629ms
[7394.648s][info][gc             ] GC(1344) Concurrent Mark Cycle 2227.864ms
.[7395.745s][info][gc,start       ] GC(1345) Pause Young (Prepare Mixed) (G1 Evacuation Pause)
[7395.745s][info][gc,task        ] GC(1345) Using 8 workers of 8 for evacuation
[7395.896s][info][gc,phases      ] GC(1345)   Pre Evacuate Collection Set: 0.23ms
[7395.896s][info][gc,phases      ] GC(1345)   Merge Heap Roots: 0.69ms
[7395.896s][info][gc,phases      ] GC(1345)   Evacuate Collection Set: 148.66ms
[7395.896s][info][gc,phases      ] GC(1345)   Post Evacuate Collection Set: 1.08ms
[7395.896s][info][gc,phases      ] GC(1345)   Other: 0.07ms
[7395.896s][info][gc,heap        ] GC(1345) Eden regions: 540->0(571)
[7395.896s][info][gc,heap        ] GC(1345) Survivor regions: 44->43(73)
[7395.896s][info][gc,heap        ] GC(1345) Old regions: 237->244
[7395.896s][info][gc,heap        ] GC(1345) Humongous regions: 33->33
[7395.896s][info][gc,metaspace   ] GC(1345) Metaspace: 30015K(30144K)->30015K(30144K) NonClass: 30015K(30144K)->30015K(30144K) Class: 0K(0K)->0K(0K)
[7395.896s][info][gc             ] GC(1345) Pause Young (Prepare Mixed) (G1 Evacuation Pause) 6814M->2541M(8192M) 150.849ms
[7395.896s][info][gc,cpu         ] GC(1345) User=1.20s Sys=0.00s Real=0.15s
...[7398.623s][info][gc,start       ] GC(1346) Pause Young (Mixed) (G1 Evacuation Pause)
[7398.623s][info][gc,task        ] GC(1346) Using 8 workers of 8 for evacuation
[7398.784s][info][gc,phases      ] GC(1346)   Pre Evacuate Collection Set: 0.25ms
[7398.784s][info][gc,phases      ] GC(1346)   Merge Heap Roots: 0.78ms
[7398.784s][info][gc,phases      ] GC(1346)   Evacuate Collection Set: 158.46ms
[7398.784s][info][gc,phases      ] GC(1346)   Post Evacuate Collection Set: 1.22ms
[7398.784s][info][gc,phases      ] GC(1346)   Other: 0.08ms
[7398.784s][info][gc,heap        ] GC(1346) Eden regions: 571->0(571)
[7398.784s][info][gc,heap        ] GC(1346) Survivor regions: 43->43(77)
[7398.784s][info][gc,heap        ] GC(1346) Old regions: 244->150
[7398.784s][info][gc,heap        ] GC(1346) Humongous regions: 33->33
[7398.784s][info][gc,metaspace   ] GC(1346) Metaspace: 30015K(30144K)->30015K(30144K) NonClass: 30015K(30144K)->30015K(30144K) Class: 0K(0K)->0K(0K)
[7398.784s][info][gc             ] GC(1346) Pause Young (Mixed) (G1 Evacuation Pause) 7109M->1785M(8192M) 160.926ms
[7398.784s][info][gc,cpu         ] GC(1346) User=1.28s Sys=0.00s Real=0.16s
...[7401.600s][info][gc,start       ] GC(1347) Pause Young (Mixed) (G1 Evacuation Pause)
[7401.600s][info][gc,task        ] GC(1347) Using 8 workers of 8 for evacuation
[7401.759s][info][gc,phases      ] GC(1347)   Pre Evacuate Collection Set: 0.22ms
[7401.759s][info][gc,phases      ] GC(1347)   Merge Heap Roots: 0.61ms
[7401.759s][info][gc,phases      ] GC(1347)   Evacuate Collection Set: 156.78ms
[7401.759s][info][gc,phases      ] GC(1347)   Post Evacuate Collection Set: 1.05ms
[7401.759s][info][gc,phases      ] GC(1347)   Other: 0.07ms
[7401.759s][info][gc,heap        ] GC(1347) Eden regions: 571->0(570)
[7401.759s][info][gc,heap        ] GC(1347) Survivor regions: 43->44(77)
[7401.759s][info][gc,heap        ] GC(1347) Old regions: 150->143
[7401.759s][info][gc,heap        ] GC(1347) Humongous regions: 33->33
[7401.759s][info][gc,metaspace   ] GC(1347) Metaspace: 30015K(30144K)->30015K(30144K) NonClass: 30015K(30144K)->30015K(30144K) Class: 0K(0K)->0K(0K)
[7401.759s][info][gc             ] GC(1347) Pause Young (Mixed) (G1 Evacuation Pause) 6353M->1740M(8192M) 158.886ms
[7401.759s][info][gc,cpu         ] GC(1347) User=1.25s Sys=0.00s Real=0.15s
..[7404.512s][info][gc,start       ] GC(1348) Pause Young (Normal) (G1 Evacuation Pause)
[7404.512s][info][gc,task        ] GC(1348) Using 8 workers of 8 for evacuation
[7404.661s][info][gc,phases      ] GC(1348)   Pre Evacuate Collection Set: 0.23ms
[7404.661s][info][gc,phases      ] GC(1348)   Merge Heap Roots: 0.55ms
[7404.661s][info][gc,phases      ] GC(1348)   Evacuate Collection Set: 147.75ms
[7404.661s][info][gc,phases      ] GC(1348)   Post Evacuate Collection Set: 1.04ms
[7404.661s][info][gc,phases      ] GC(1348)   Other: 0.07ms
[7404.661s][info][gc,heap        ] GC(1348) Eden regions: 570->0(571)
[7404.661s][info][gc,heap        ] GC(1348) Survivor regions: 44->43(77)
[7404.661s][info][gc,heap        ] GC(1348) Old regions: 143->150
[7404.661s][info][gc,heap        ] GC(1348) Humongous regions: 33->33
[7404.661s][info][gc,metaspace   ] GC(1348) Metaspace: 30015K(30144K)->30015K(30144K) NonClass: 30015K(30144K)->30015K(30144K) Class: 0K(0K)->0K(0K)
[7404.661s][info][gc             ] GC(1348) Pause Young (Normal) (G1 Evacuation Pause) 6300M->1794M(8192M) 149.774ms
[7404.661s][info][gc,cpu         ] GC(1348) User=1.19s Sys=0.00s Real=0.15s
...[7407.439s][info][gc,start       ] GC(1349) Pause Young (Normal) (G1 Evacuation Pause)
[7407.440s][info][gc,task        ] GC(1349) Using 8 workers of 8 for evacuation
[7407.589s][info][gc,phases      ] GC(1349)   Pre Evacuate Collection Set: 0.23ms
[7407.589s][info][gc,phases      ] GC(1349)   Merge Heap Roots: 0.48ms
[7407.589s][info][gc,phases      ] GC(1349)   Evacuate Collection Set: 147.30ms
[7407.589s][info][gc,phases      ] GC(1349)   Post Evacuate Collection Set: 1.02ms
[7407.589s][info][gc,phases      ] GC(1349)   Other: 0.06ms
[7407.589s][info][gc,heap        ] GC(1349) Eden regions: 571->0(571)
[7407.589s][info][gc,heap        ] GC(1349) Survivor regions: 43->43(77)
[7407.589s][info][gc,heap        ] GC(1349) Old regions: 150->157
[7407.589s][info][gc,heap        ] GC(1349) Humongous regions: 33->33
[7407.589s][info][gc,metaspace   ] GC(1349) Metaspace: 30015K(30144K)->30015K(30144K) NonClass: 30015K(30144K)->30015K(30144K) Class: 0K(0K)->0K(0K)
[7407.589s][info][gc             ] GC(1349) Pause Young (Normal) (G1 Evacuation Pause) 6362M->1851M(8192M) 149.223ms
[7407.589s][info][gc,cpu         ] GC(1349) User=1.19s Sys=0.00s Real=0.15s
...[7410.429s][info][gc,start       ] GC(1350) Pause Young (Normal) (G1 Evacuation Pause)
[7410.429s][info][gc,task        ] GC(1350) Using 8 workers of 8 for evacuation
[7410.581s][info][gc,phases      ] GC(1350)   Pre Evacuate Collection Set: 0.23ms
[7410.581s][info][gc,phases      ] GC(1350)   Merge Heap Roots: 0.48ms
[7410.581s][info][gc,phases      ] GC(1350)   Evacuate Collection Set: 149.74ms
[7410.581s][info][gc,phases      ] GC(1350)   Post Evacuate Collection Set: 1.02ms
[7410.581s][info][gc,phases      ] GC(1350)   Other: 0.06ms
[7410.581s][info][gc,heap        ] GC(1350) Eden regions: 571->0(571)
[7410.581s][info][gc,heap        ] GC(1350) Survivor regions: 43->43(77)
[7410.581s][info][gc,heap        ] GC(1350) Old regions: 157->165
[7410.581s][info][gc,heap        ] GC(1350) Humongous regions: 33->33
[7410.581s][info][gc,metaspace   ] GC(1350) Metaspace: 30015K(30144K)->30015K(30144K) NonClass: 30015K(30144K)->30015K(30144K) Class: 0K(0K)->0K(0K)
[7410.581s][info][gc             ] GC(1350) Pause Young (Normal) (G1 Evacuation Pause) 6419M->1910M(8192M) 151.673ms
[7410.581s][info][gc,cpu         ] GC(1350) User=1.20s Sys=0.00s Real=0.16s
...[7413.311s][info][gc,start       ] GC(1351) Pause Young (Normal) (G1 Evacuation Pause)
[7413.311s][info][gc,task        ] GC(1351) Using 8 workers of 8 for evacuation
[7413.463s][info][gc,phases      ] GC(1351)   Pre Evacuate Collection Set: 0.23ms
[7413.463s][info][gc,phases      ] GC(1351)   Merge Heap Roots: 0.49ms
[7413.463s][info][gc,phases      ] GC(1351)   Evacuate Collection Set: 150.06ms
[7413.463s][info][gc,phases      ] GC(1351)   Post Evacuate Collection Set: 1.04ms
[7413.463s][info][gc,phases      ] GC(1351)   Other: 0.07ms
[7413.463s][info][gc,heap        ] GC(1351) Eden regions: 571->0(571)
[7413.463s][info][gc,heap        ] GC(1351) Survivor regions: 43->43(77)
[7413.463s][info][gc,heap        ] GC(1351) Old regions: 165->172
[7413.463s][info][gc,heap        ] GC(1351) Humongous regions: 33->33
[7413.463s][info][gc,metaspace   ] GC(1351) Metaspace: 30015K(30144K)->30015K(30144K) NonClass: 30015K(30144K)->30015K(30144K) Class: 0K(0K)->0K(0K)
[7413.463s][info][gc             ] GC(1351) Pause Young (Normal) (G1 Evacuation Pause) 6478M->1967M(8192M) 152.017ms
[7413.463s][info][gc,cpu         ] GC(1351) User=1.20s Sys=0.00s Real=0.15s
...[7416.360s][info][gc,start       ] GC(1352) Pause Young (Normal) (G1 Evacuation Pause)
[7416.360s][info][gc,task        ] GC(1352) Using 8 workers of 8 for evacuation
[7416.516s][info][gc,phases      ] GC(1352)   Pre Evacuate Collection Set: 0.21ms
[7416.516s][info][gc,phases      ] GC(1352)   Merge Heap Roots: 0.49ms
[7416.516s][info][gc,phases      ] GC(1352)   Evacuate Collection Set: 154.17ms
[7416.516s][info][gc,phases      ] GC(1352)   Post Evacuate Collection Set: 1.02ms
[7416.516s][info][gc,phases      ] GC(1352)   Other: 0.06ms
[7416.516s][info][gc,heap        ] GC(1352) Eden regions: 571->0(570)
[7416.516s][info][gc,heap        ] GC(1352) Survivor regions: 43->44(77)
[7416.516s][info][gc,heap        ] GC(1352) Old regions: 172->179
[7416.516s][info][gc,heap        ] GC(1352) Humongous regions: 33->33
[7416.516s][info][gc,metaspace   ] GC(1352) Metaspace: 30015K(30144K)->30015K(30144K) NonClass: 30015K(30144K)->30015K(30144K) Class: 0K(0K)->0K(0K)
[7416.516s][info][gc             ] GC(1352) Pause Young (Normal) (G1 Evacuation Pause) 6535M->2030M(8192M) 156.095ms
[7416.516s][info][gc,cpu         ] GC(1352) User=1.24s Sys=0.00s Real=0.15s
... (rIR:aIR:PR = 12592:12629:12635) (tPR = 185388) [OK] 
  7418s: Performance info:
         Transaction,    Success,    Partial,     Failed,   Receipts, AvgBarcode, 
             Overall,     766243,          0,          0,     728110,      59.47, 
         Response times:
             Request,    Success,    Partial,     Failed,   SkipFail,     Probes,    Samples,      min,      p50,      p90,      p95,      p99,      max, 
       TotalPurchase,     727892,          0,          0,          0,     340649,     450564,      300,    34000,   205000,   294000,   432000,  3400000,
     InStorePurchase,     386229,          0,          0,          0,     178605,     237312,      400,    34000,   208000,   298000,   430870,  3400000,
      OnlinePurchase,     263679,          0,          0,          0,     124490,     164616,      300,    34000,   204000,   292000,   434000,  3400000,
        InstPurchase,      77984,          0,          0,          0,      37554,      48636,      500,    33000,   203000,   291000,   425000,  3400000,
          AssocOfCat,        761,          0,          0,          0,        643,        933,    35000,    91000,   275200,   341600,   499540,   950000,
      AssocOfProduct,       7595,          0,          0,          0,       3644,       4889,      700,    34000,   201000,   286000,   407200,  3100000,
      BusinessReport,       1912,          0,          0,          0,       1657,       2376,    34000,    96000,   289000,   366000,   549000,  2700000,
          CustBuyBeh,       7672,          0,          0,          0,       3600,       4844,      800,    33000,   184000,   278000,   398650,   880000,
       ProductReturn,      20097,          0,          0,          0,       9653,      12564,      300,    32000,   199000,   278000,   422000,  3100000,

  7418s: (92%)   IR =  12730 [7419.493s][info][gc,start       ] GC(1353) Pause Young (Normal) (G1 Evacuation Pause)
[7419.493s][info][gc,task        ] GC(1353) Using 8 workers of 8 for evacuation
[7419.647s][info][gc,phases      ] GC(1353)   Pre Evacuate Collection Set: 0.22ms
[7419.647s][info][gc,phases      ] GC(1353)   Merge Heap Roots: 0.50ms
[7419.647s][info][gc,phases      ] GC(1353)   Evacuate Collection Set: 151.79ms
[7419.647s][info][gc,phases      ] GC(1353)   Post Evacuate Collection Set: 1.08ms
[7419.647s][info][gc,phases      ] GC(1353)   Other: 0.06ms
[7419.647s][info][gc,heap        ] GC(1353) Eden regions: 570->0(570)
[7419.647s][info][gc,heap        ] GC(1353) Survivor regions: 44->44(77)
[7419.647s][info][gc,heap        ] GC(1353) Old regions: 179->186
[7419.647s][info][gc,heap        ] GC(1353) Humongous regions: 33->33
[7419.647s][info][gc,metaspace   ] GC(1353) Metaspace: 30015K(30144K)->30015K(30144K) NonClass: 30015K(30144K)->30015K(30144K) Class: 0K(0K)->0K(0K)
[7419.647s][info][gc             ] GC(1353) Pause Young (Normal) (G1 Evacuation Pause) 6590M->2089M(8192M) 153.772ms
[7419.647s][info][gc,cpu         ] GC(1353) User=1.22s Sys=0.00s Real=0.15s
...[7422.430s][info][gc,start       ] GC(1354) Pause Young (Normal) (G1 Evacuation Pause)
[7422.430s][info][gc,task        ] GC(1354) Using 8 workers of 8 for evacuation
[7422.582s][info][gc,phases      ] GC(1354)   Pre Evacuate Collection Set: 0.23ms
[7422.582s][info][gc,phases      ] GC(1354)   Merge Heap Roots: 0.49ms
[7422.582s][info][gc,phases      ] GC(1354)   Evacuate Collection Set: 149.63ms
[7422.582s][info][gc,phases      ] GC(1354)   Post Evacuate Collection Set: 1.01ms
[7422.582s][info][gc,phases      ] GC(1354)   Other: 0.06ms
[7422.582s][info][gc,heap        ] GC(1354) Eden regions: 570->0(571)
[7422.582s][info][gc,heap        ] GC(1354) Survivor regions: 44->43(77)
[7422.582s][info][gc,heap        ] GC(1354) Old regions: 186->193
[7422.582s][info][gc,heap        ] GC(1354) Humongous regions: 33->33
[7422.582s][info][gc,metaspace   ] GC(1354) Metaspace: 30015K(30144K)->30015K(30144K) NonClass: 30015K(30144K)->30015K(30144K) Class: 0K(0K)->0K(0K)
[7422.582s][info][gc             ] GC(1354) Pause Young (Normal) (G1 Evacuation Pause) 6649M->2139M(8192M) 151.583ms
[7422.582s][info][gc,cpu         ] GC(1354) User=1.20s Sys=0.00s Real=0.15s
...[7425.564s][info][gc,start       ] GC(1355) Pause Young (Normal) (G1 Evacuation Pause)
[7425.564s][info][gc,task        ] GC(1355) Using 8 workers of 8 for evacuation
[7425.721s][info][gc,phases      ] GC(1355)   Pre Evacuate Collection Set: 0.22ms
[7425.721s][info][gc,phases      ] GC(1355)   Merge Heap Roots: 0.48ms
[7425.721s][info][gc,phases      ] GC(1355)   Evacuate Collection Set: 155.68ms
[7425.721s][info][gc,phases      ] GC(1355)   Post Evacuate Collection Set: 1.01ms
[7425.721s][info][gc,phases      ] GC(1355)   Other: 0.07ms
[7425.721s][info][gc,heap        ] GC(1355) Eden regions: 571->0(569)
[7425.721s][info][gc,heap        ] GC(1355) Survivor regions: 43->45(77)
[7425.721s][info][gc,heap        ] GC(1355) Old regions: 193->201
[7425.721s][info][gc,heap        ] GC(1355) Humongous regions: 33->33
[7425.721s][info][gc,metaspace   ] GC(1355) Metaspace: 30015K(30144K)->30015K(30144K) NonClass: 30015K(30144K)->30015K(30144K) Class: 0K(0K)->0K(0K)
[7425.722s][info][gc             ] GC(1355) Pause Young (Normal) (G1 Evacuation Pause) 6707M->2215M(8192M) 157.607ms
[7425.722s][info][gc,cpu         ] GC(1355) User=1.25s Sys=0.00s Real=0.16s
...[7428.534s][info][gc,start       ] GC(1356) Pause Young (Normal) (G1 Evacuation Pause)
[7428.534s][info][gc,task        ] GC(1356) Using 8 workers of 8 for evacuation
[7428.686s][info][gc,phases      ] GC(1356)   Pre Evacuate Collection Set: 0.22ms
[7428.686s][info][gc,phases      ] GC(1356)   Merge Heap Roots: 0.49ms
[7428.686s][info][gc,phases      ] GC(1356)   Evacuate Collection Set: 150.43ms
[7428.686s][info][gc,phases      ] GC(1356)   Post Evacuate Collection Set: 1.03ms
[7428.686s][info][gc,phases      ] GC(1356)   Other: 0.07ms
[7428.686s][info][gc,heap        ] GC(1356) Eden regions: 569->0(570)
[7428.686s][info][gc,heap        ] GC(1356) Survivor regions: 45->44(77)
[7428.686s][info][gc,heap        ] GC(1356) Old regions: 201->208
[7428.686s][info][gc,heap        ] GC(1356) Humongous regions: 33->33
[7428.686s][info][gc,metaspace   ] GC(1356) Metaspace: 30015K(30144K)->30015K(30144K) NonClass: 30015K(30144K)->30015K(30144K) Class: 0K(0K)->0K(0K)
[7428.686s][info][gc             ] GC(1356) Pause Young (Normal) (G1 Evacuation Pause) 6767M->2259M(8192M) 152.372ms
[7428.686s][info][gc,cpu         ] GC(1356) User=1.21s Sys=0.00s Real=0.15s
...[7431.557s][info][gc,start       ] GC(1357) Pause Young (Normal) (G1 Evacuation Pause)
[7431.557s][info][gc,task        ] GC(1357) Using 8 workers of 8 for evacuation
[7431.713s][info][gc,phases      ] GC(1357)   Pre Evacuate Collection Set: 0.23ms
[7431.713s][info][gc,phases      ] GC(1357)   Merge Heap Roots: 0.49ms
[7431.713s][info][gc,phases      ] GC(1357)   Evacuate Collection Set: 154.09ms
[7431.713s][info][gc,phases      ] GC(1357)   Post Evacuate Collection Set: 1.02ms
[7431.713s][info][gc,phases      ] GC(1357)   Other: 0.06ms
[7431.713s][info][gc,heap        ] GC(1357) Eden regions: 570->0(569)
[7431.713s][info][gc,heap        ] GC(1357) Survivor regions: 44->45(77)
[7431.713s][info][gc,heap        ] GC(1357) Old regions: 208->215
[7431.713s][info][gc,heap        ] GC(1357) Humongous regions: 33->33
[7431.713s][info][gc,metaspace   ] GC(1357) Metaspace: 30015K(30144K)->30015K(30144K) NonClass: 30015K(30144K)->30015K(30144K) Class: 0K(0K)->0K(0K)
[7431.713s][info][gc             ] GC(1357) Pause Young (Normal) (G1 Evacuation Pause) 6819M->2326M(8192M) 156.026ms
[7431.713s][info][gc,cpu         ] GC(1357) User=1.24s Sys=0.00s Real=0.16s
...[7434.518s][info][gc,start       ] GC(1358) Pause Young (Normal) (G1 Evacuation Pause)
[7434.518s][info][gc,task        ] GC(1358) Using 8 workers of 8 for evacuation
[7434.676s][info][gc,phases      ] GC(1358)   Pre Evacuate Collection Set: 0.22ms
[7434.676s][info][gc,phases      ] GC(1358)   Merge Heap Roots: 0.48ms
[7434.676s][info][gc,phases      ] GC(1358)   Evacuate Collection Set: 155.85ms
[7434.676s][info][gc,phases      ] GC(1358)   Post Evacuate Collection Set: 1.03ms
[7434.676s][info][gc,phases      ] GC(1358)   Other: 0.07ms
[7434.676s][info][gc,heap        ] GC(1358) Eden regions: 569->0(569)
[7434.676s][info][gc,heap        ] GC(1358) Survivor regions: 45->45(77)
[7434.676s][info][gc,heap        ] GC(1358) Old regions: 215->223
[7434.676s][info][gc,heap        ] GC(1358) Humongous regions: 33->33
[7434.676s][info][gc,metaspace   ] GC(1358) Metaspace: 30015K(30144K)->30015K(30144K) NonClass: 30015K(30144K)->30015K(30144K) Class: 0K(0K)->0K(0K)
[7434.676s][info][gc             ] GC(1358) Pause Young (Normal) (G1 Evacuation Pause) 6878M->2389M(8192M) 157.795ms
[7434.676s][info][gc,cpu         ] GC(1358) User=1.25s Sys=0.00s Real=0.16s
...[7437.444s][info][gc,start       ] GC(1359) Pause Young (Normal) (G1 Evacuation Pause)
[7437.444s][info][gc,task        ] GC(1359) Using 8 workers of 8 for evacuation
[7437.596s][info][gc,phases      ] GC(1359)   Pre Evacuate Collection Set: 0.24ms
[7437.596s][info][gc,phases      ] GC(1359)   Merge Heap Roots: 0.48ms
[7437.596s][info][gc,phases      ] GC(1359)   Evacuate Collection Set: 150.86ms
[7437.596s][info][gc,phases      ] GC(1359)   Post Evacuate Collection Set: 1.01ms
[7437.596s][info][gc,phases      ] GC(1359)   Other: 0.06ms
[7437.596s][info][gc,heap        ] GC(1359) Eden regions: 569->0(569)
[7437.596s][info][gc,heap        ] GC(1359) Survivor regions: 45->45(77)
[7437.596s][info][gc,heap        ] GC(1359) Old regions: 223->230
[7437.596s][info][gc,heap        ] GC(1359) Humongous regions: 33->33
[7437.596s][info][gc,metaspace   ] GC(1359) Metaspace: 30015K(30144K)->30015K(30144K) NonClass: 30015K(30144K)->30015K(30144K) Class: 0K(0K)->0K(0K)
[7437.596s][info][gc             ] GC(1359) Pause Young (Normal) (G1 Evacuation Pause) 6941M->2441M(8192M) 152.787ms
[7437.596s][info][gc,cpu         ] GC(1359) User=1.21s Sys=0.00s Real=0.15s
...[7440.428s][info][gc,start       ] GC(1360) Pause Young (Normal) (G1 Evacuation Pause)
[7440.428s][info][gc,task        ] GC(1360) Using 8 workers of 8 for evacuation
[7440.576s][info][gc,phases      ] GC(1360)   Pre Evacuate Collection Set: 0.25ms
[7440.576s][info][gc,phases      ] GC(1360)   Merge Heap Roots: 0.49ms
[7440.576s][info][gc,phases      ] GC(1360)   Evacuate Collection Set: 146.07ms
[7440.576s][info][gc,phases      ] GC(1360)   Post Evacuate Collection Set: 1.02ms
[7440.576s][info][gc,phases      ] GC(1360)   Other: 0.06ms
[7440.576s][info][gc,heap        ] GC(1360) Eden regions: 569->0(571)
[7440.576s][info][gc,heap        ] GC(1360) Survivor regions: 45->43(77)
[7440.576s][info][gc,heap        ] GC(1360) Old regions: 230->237
[7440.576s][info][gc,heap        ] GC(1360) Humongous regions: 33->33
[7440.576s][info][gc,metaspace   ] GC(1360) Metaspace: 30015K(30144K)->30015K(30144K) NonClass: 30015K(30144K)->30015K(30144K) Class: 0K(0K)->0K(0K)
[7440.576s][info][gc             ] GC(1360) Pause Young (Normal) (G1 Evacuation Pause) 6993M->2482M(8192M) 148.016ms
[7440.576s][info][gc,cpu         ] GC(1360) User=1.17s Sys=0.00s Real=0.15s
...[7443.464s][info][gc,start       ] GC(1361) Pause Young (Normal) (G1 Evacuation Pause)
[7443.464s][info][gc,task        ] GC(1361) Using 8 workers of 8 for evacuation
[7443.619s][info][gc,phases      ] GC(1361)   Pre Evacuate Collection Set: 0.24ms
[7443.619s][info][gc,phases      ] GC(1361)   Merge Heap Roots: 0.49ms
[7443.619s][info][gc,phases      ] GC(1361)   Evacuate Collection Set: 153.83ms
[7443.619s][info][gc,phases      ] GC(1361)   Post Evacuate Collection Set: 1.04ms
[7443.619s][info][gc,phases      ] GC(1361)   Other: 0.06ms
[7443.619s][info][gc,heap        ] GC(1361) Eden regions: 571->0(570)
[7443.619s][info][gc,heap        ] GC(1361) Survivor regions: 43->44(77)
[7443.619s][info][gc,heap        ] GC(1361) Old regions: 237->244
[7443.619s][info][gc,heap        ] GC(1361) Humongous regions: 33->33
[7443.619s][info][gc,metaspace   ] GC(1361) Metaspace: 30015K(30144K)->30015K(30144K) NonClass: 30015K(30144K)->30015K(30144K) Class: 0K(0K)->0K(0K)
[7443.619s][info][gc             ] GC(1361) Pause Young (Normal) (G1 Evacuation Pause) 7050M->2554M(8192M) 155.784ms
[7443.619s][info][gc,cpu         ] GC(1361) User=1.23s Sys=0.00s Real=0.15s
...[7446.499s][info][gc,start       ] GC(1362) Pause Young (Normal) (G1 Evacuation Pause)
[7446.499s][info][gc,task        ] GC(1362) Using 8 workers of 8 for evacuation
[7446.655s][info][gc,phases      ] GC(1362)   Pre Evacuate Collection Set: 0.22ms
[7446.655s][info][gc,phases      ] GC(1362)   Merge Heap Roots: 0.49ms
[7446.655s][info][gc,phases      ] GC(1362)   Evacuate Collection Set: 154.04ms
[7446.655s][info][gc,phases      ] GC(1362)   Post Evacuate Collection Set: 1.03ms
[7446.655s][info][gc,phases      ] GC(1362)   Other: 0.06ms
[7446.655s][info][gc,heap        ] GC(1362) Eden regions: 570->0(570)
[7446.655s][info][gc,heap        ] GC(1362) Survivor regions: 44->44(77)
[7446.655s][info][gc,heap        ] GC(1362) Old regions: 244->251
[7446.655s][info][gc,heap        ] GC(1362) Humongous regions: 33->33
[7446.655s][info][gc,metaspace   ] GC(1362) Metaspace: 30015K(30144K)->30015K(30144K) NonClass: 30015K(30144K)->30015K(30144K) Class: 0K(0K)->0K(0K)
[7446.655s][info][gc             ] GC(1362) Pause Young (Normal) (G1 Evacuation Pause) 7114M->2611M(8192M) 155.972ms
[7446.655s][info][gc,cpu         ] GC(1362) User=1.24s Sys=0.00s Real=0.16s
... (rIR:aIR:PR = 12730:12872:12860) (tPR = 194894) [IR is over limit] [PR is over limit] 
  7448s: Performance info:
         Transaction,    Success,    Partial,     Failed,   Receipts, AvgBarcode, 
             Overall,     257338,          0,          0,     244429,      59.47, 
         Response times:
             Request,    Success,    Partial,     Failed,   SkipFail,     Probes,    Samples,      min,      p50,      p90,      p95,      p99,      max, 
       TotalPurchase,     244694,          0,          0,          0,     114476,     177993,      300,    25000,    91000,   122000,   191000,  1300000,
     InStorePurchase,     128013,          0,          0,          0,      59767,      93144,      300,    25000,    90000,   121000,   186000,  1300000,
      OnlinePurchase,      91458,          0,          0,          0,      42106,      65868,      300,    25000,    92000,   123000,   197000,  1300000,
        InstPurchase,      25223,          0,          0,          0,      12603,      18981,      500,    25000,    96800,   123900,   194180,  1300000,
          AssocOfCat,        261,          0,          0,          0,        213,        376,    32000,    85000,   158300,   195300,   255140,   290000,
      AssocOfProduct,       2596,          0,          0,          0,       1233,       1941,      700,    25000,    96000,   125900,   242000,  1300000,
      BusinessReport,        645,          0,          0,          0,        579,        932,    38000,    88000,   170000,   199350,   276000,   587000,
          CustBuyBeh,       2662,          0,          0,          0,       1225,       1904,      300,    24000,    91000,   124000,   200950,   466000,
       ProductReturn,       6709,          0,          0,          0,       3384,       5193,      200,    25000,   100000,   133000,   197000,  1200000,

  7448s: 
  7448s: Failed, 9 overall retries left, retrying 1 of 1
  7448s: (92%)   IR =  12730 [7449.508s][info][gc,start       ] GC(1363) Pause Young (Normal) (G1 Evacuation Pause)
[7449.508s][info][gc,task        ] GC(1363) Using 8 workers of 8 for evacuation
[7449.667s][info][gc,phases      ] GC(1363)   Pre Evacuate Collection Set: 0.27ms
[7449.667s][info][gc,phases      ] GC(1363)   Merge Heap Roots: 0.56ms
[7449.667s][info][gc,phases      ] GC(1363)   Evacuate Collection Set: 157.24ms
[7449.667s][info][gc,phases      ] GC(1363)   Post Evacuate Collection Set: 1.07ms
[7449.667s][info][gc,phases      ] GC(1363)   Other: 0.06ms
[7449.667s][info][gc,heap        ] GC(1363) Eden regions: 570->0(569)
[7449.667s][info][gc,heap        ] GC(1363) Survivor regions: 44->45(77)
[7449.667s][info][gc,heap        ] GC(1363) Old regions: 251->259
[7449.667s][info][gc,heap        ] GC(1363) Humongous regions: 33->33
[7449.667s][info][gc,metaspace   ] GC(1363) Metaspace: 30015K(30144K)->30015K(30144K) NonClass: 30015K(30144K)->30015K(30144K) Class: 0K(0K)->0K(0K)
[7449.667s][info][gc             ] GC(1363) Pause Young (Normal) (G1 Evacuation Pause) 7171M->2679M(8192M) 159.330ms
[7449.667s][info][gc,cpu         ] GC(1363) User=1.25s Sys=0.00s Real=0.16s
...[7452.543s][info][gc,start       ] GC(1364) Pause Young (Normal) (G1 Evacuation Pause)
[7452.543s][info][gc,task        ] GC(1364) Using 8 workers of 8 for evacuation
[7452.699s][info][gc,phases      ] GC(1364)   Pre Evacuate Collection Set: 0.23ms
[7452.699s][info][gc,phases      ] GC(1364)   Merge Heap Roots: 0.49ms
[7452.699s][info][gc,phases      ] GC(1364)   Evacuate Collection Set: 153.92ms
[7452.699s][info][gc,phases      ] GC(1364)   Post Evacuate Collection Set: 1.01ms
[7452.699s][info][gc,phases      ] GC(1364)   Other: 0.06ms
[7452.699s][info][gc,heap        ] GC(1364) Eden regions: 569->0(569)
[7452.699s][info][gc,heap        ] GC(1364) Survivor regions: 45->45(77)
[7452.699s][info][gc,heap        ] GC(1364) Old regions: 259->266
[7452.699s][info][gc,heap        ] GC(1364) Humongous regions: 33->33
[7452.699s][info][gc,metaspace   ] GC(1364) Metaspace: 30017K(30208K)->30017K(30208K) NonClass: 30017K(30208K)->30017K(30208K) Class: 0K(0K)->0K(0K)
[7452.699s][info][gc             ] GC(1364) Pause Young (Normal) (G1 Evacuation Pause) 7231M->2731M(8192M) 155.842ms
[7452.699s][info][gc,cpu         ] GC(1364) User=1.23s Sys=0.00s Real=0.15s
...[7455.513s][info][gc,start       ] GC(1365) Pause Young (Normal) (G1 Evacuation Pause)
[7455.513s][info][gc,task        ] GC(1365) Using 8 workers of 8 for evacuation
[7455.663s][info][gc,phases      ] GC(1365)   Pre Evacuate Collection Set: 0.21ms
[7455.663s][info][gc,phases      ] GC(1365)   Merge Heap Roots: 0.48ms
[7455.663s][info][gc,phases      ] GC(1365)   Evacuate Collection Set: 147.92ms
[7455.663s][info][gc,phases      ] GC(1365)   Post Evacuate Collection Set: 1.01ms
[7455.663s][info][gc,phases      ] GC(1365)   Other: 0.06ms
[7455.663s][info][gc,heap        ] GC(1365) Eden regions: 569->0(571)
[7455.663s][info][gc,heap        ] GC(1365) Survivor regions: 45->43(77)
[7455.663s][info][gc,heap        ] GC(1365) Old regions: 266->273
[7455.663s][info][gc,heap        ] GC(1365) Humongous regions: 33->33
[7455.663s][info][gc,metaspace   ] GC(1365) Metaspace: 30017K(30208K)->30017K(30208K) NonClass: 30017K(30208K)->30017K(30208K) Class: 0K(0K)->0K(0K)
[7455.663s][info][gc             ] GC(1365) Pause Young (Normal) (G1 Evacuation Pause) 7283M->2775M(8192M) 149.815ms
[7455.663s][info][gc,cpu         ] GC(1365) User=1.18s Sys=0.00s Real=0.15s
...[7458.473s][info][gc,start       ] GC(1366) Pause Young (Normal) (G1 Evacuation Pause)
[7458.473s][info][gc,task        ] GC(1366) Using 8 workers of 8 for evacuation
[7458.623s][info][gc,phases      ] GC(1366)   Pre Evacuate Collection Set: 0.25ms
[7458.623s][info][gc,phases      ] GC(1366)   Merge Heap Roots: 0.51ms
[7458.623s][info][gc,phases      ] GC(1366)   Evacuate Collection Set: 148.33ms
[7458.623s][info][gc,phases      ] GC(1366)   Post Evacuate Collection Set: 1.03ms
[7458.623s][info][gc,phases      ] GC(1366)   Other: 0.06ms
[7458.623s][info][gc,heap        ] GC(1366) Eden regions: 571->0(571)
[7458.623s][info][gc,heap        ] GC(1366) Survivor regions: 43->43(77)
[7458.623s][info][gc,heap        ] GC(1366) Old regions: 273->280
[7458.623s][info][gc,heap        ] GC(1366) Humongous regions: 33->33
[7458.623s][info][gc,metaspace   ] GC(1366) Metaspace: 30017K(30208K)->30017K(30208K) NonClass: 30017K(30208K)->30017K(30208K) Class: 0K(0K)->0K(0K)
[7458.623s][info][gc             ] GC(1366) Pause Young (Normal) (G1 Evacuation Pause) 7343M->2833M(8192M) 150.325ms
[7458.623s][info][gc,cpu         ] GC(1366) User=1.19s Sys=0.00s Real=0.15s
...[7461.474s][info][gc,start       ] GC(1367) Pause Young (Normal) (G1 Evacuation Pause)
[7461.474s][info][gc,task        ] GC(1367) Using 8 workers of 8 for evacuation
[7461.627s][info][gc,phases      ] GC(1367)   Pre Evacuate Collection Set: 0.24ms
[7461.627s][info][gc,phases      ] GC(1367)   Merge Heap Roots: 0.49ms
[7461.627s][info][gc,phases      ] GC(1367)   Evacuate Collection Set: 150.92ms
[7461.627s][info][gc,phases      ] GC(1367)   Post Evacuate Collection Set: 1.02ms
[7461.627s][info][gc,phases      ] GC(1367)   Other: 0.06ms
[7461.627s][info][gc,heap        ] GC(1367) Eden regions: 571->0(564)
[7461.627s][info][gc,heap        ] GC(1367) Survivor regions: 43->44(77)
[7461.627s][info][gc,heap        ] GC(1367) Old regions: 280->287
[7461.627s][info][gc,heap        ] GC(1367) Humongous regions: 33->33
[7461.627s][info][gc,metaspace   ] GC(1367) Metaspace: 30017K(30208K)->30017K(30208K) NonClass: 30017K(30208K)->30017K(30208K) Class: 0K(0K)->0K(0K)
[7461.627s][info][gc             ] GC(1367) Pause Young (Normal) (G1 Evacuation Pause) 7401M->2893M(8192M) 152.868ms
[7461.627s][info][gc,cpu         ] GC(1367) User=1.21s Sys=0.00s Real=0.15s
...[7464.471s][info][gc,start       ] GC(1368) Pause Young (Normal) (G1 Evacuation Pause)
[7464.471s][info][gc,task        ] GC(1368) Using 8 workers of 8 for evacuation
[7464.626s][info][gc,phases      ] GC(1368)   Pre Evacuate Collection Set: 0.23ms
[7464.626s][info][gc,phases      ] GC(1368)   Merge Heap Roots: 0.49ms
[7464.626s][info][gc,phases      ] GC(1368)   Evacuate Collection Set: 153.69ms
[7464.626s][info][gc,phases      ] GC(1368)   Post Evacuate Collection Set: 1.02ms
[7464.626s][info][gc,phases      ] GC(1368)   Other: 0.06ms
[7464.626s][info][gc,heap        ] GC(1368) Eden regions: 564->0(556)
[7464.626s][info][gc,heap        ] GC(1368) Survivor regions: 44->44(76)
[7464.626s][info][gc,heap        ] GC(1368) Old regions: 287->295
[7464.626s][info][gc,heap        ] GC(1368) Humongous regions: 33->33
[7464.626s][info][gc,metaspace   ] GC(1368) Metaspace: 30017K(30208K)->30017K(30208K) NonClass: 30017K(30208K)->30017K(30208K) Class: 0K(0K)->0K(0K)
[7464.626s][info][gc             ] GC(1368) Pause Young (Normal) (G1 Evacuation Pause) 7405M->2958M(8192M) 155.624ms
[7464.626s][info][gc,cpu         ] GC(1368) User=1.23s Sys=0.00s Real=0.15s
...[7467.427s][info][gc,start       ] GC(1369) Pause Young (Normal) (G1 Evacuation Pause)
[7467.427s][info][gc,task        ] GC(1369) Using 8 workers of 8 for evacuation
[7467.580s][info][gc,phases      ] GC(1369)   Pre Evacuate Collection Set: 0.27ms
[7467.580s][info][gc,phases      ] GC(1369)   Merge Heap Roots: 0.51ms
[7467.580s][info][gc,phases      ] GC(1369)   Evacuate Collection Set: 151.41ms
[7467.580s][info][gc,phases      ] GC(1369)   Post Evacuate Collection Set: 1.00ms
[7467.580s][info][gc,phases      ] GC(1369)   Other: 0.06ms
[7467.580s][info][gc,heap        ] GC(1369) Eden regions: 556->0(551)
[7467.580s][info][gc,heap        ] GC(1369) Survivor regions: 44->43(75)
[7467.580s][info][gc,heap        ] GC(1369) Old regions: 295->302
[7467.580s][info][gc,heap        ] GC(1369) Humongous regions: 33->33
[7467.580s][info][gc,metaspace   ] GC(1369) Metaspace: 30017K(30208K)->30017K(30208K) NonClass: 30017K(30208K)->30017K(30208K) Class: 0K(0K)->0K(0K)
[7467.580s][info][gc             ] GC(1369) Pause Young (Normal) (G1 Evacuation Pause) 7406M->3007M(8192M) 153.379ms
[7467.580s][info][gc,cpu         ] GC(1369) User=1.21s Sys=0.00s Real=0.16s
...[7470.315s][info][gc,start       ] GC(1370) Pause Young (Normal) (G1 Evacuation Pause)
[7470.315s][info][gc,task        ] GC(1370) Using 8 workers of 8 for evacuation
[7470.467s][info][gc,phases      ] GC(1370)   Pre Evacuate Collection Set: 0.23ms
[7470.467s][info][gc,phases      ] GC(1370)   Merge Heap Roots: 0.49ms
[7470.467s][info][gc,phases      ] GC(1370)   Evacuate Collection Set: 150.20ms
[7470.467s][info][gc,phases      ] GC(1370)   Post Evacuate Collection Set: 1.00ms
[7470.467s][info][gc,phases      ] GC(1370)   Other: 0.07ms
[7470.467s][info][gc,heap        ] GC(1370) Eden regions: 551->0(542)
[7470.467s][info][gc,heap        ] GC(1370) Survivor regions: 43->44(75)
[7470.467s][info][gc,heap        ] GC(1370) Old regions: 302->309
[7470.467s][info][gc,heap        ] GC(1370) Humongous regions: 33->33
[7470.467s][info][gc,metaspace   ] GC(1370) Metaspace: 30017K(30208K)->30017K(30208K) NonClass: 30017K(30208K)->30017K(30208K) Class: 0K(0K)->0K(0K)
[7470.467s][info][gc             ] GC(1370) Pause Young (Normal) (G1 Evacuation Pause) 7415M->3069M(8192M) 152.130ms
[7470.467s][info][gc,cpu         ] GC(1370) User=1.21s Sys=0.00s Real=0.15s
...[7473.273s][info][gc,start       ] GC(1371) Pause Young (Concurrent Start) (G1 Evacuation Pause)
[7473.273s][info][gc,task        ] GC(1371) Using 8 workers of 8 for evacuation
[7473.424s][info][gc,phases      ] GC(1371)   Pre Evacuate Collection Set: 0.29ms
[7473.424s][info][gc,phases      ] GC(1371)   Merge Heap Roots: 0.48ms
[7473.424s][info][gc,phases      ] GC(1371)   Evacuate Collection Set: 149.48ms
[7473.424s][info][gc,phases      ] GC(1371)   Post Evacuate Collection Set: 0.98ms
[7473.424s][info][gc,phases      ] GC(1371)   Other: 0.07ms
[7473.425s][info][gc,heap        ] GC(1371) Eden regions: 542->0(536)
[7473.425s][info][gc,heap        ] GC(1371) Survivor regions: 44->43(74)
[7473.425s][info][gc,heap        ] GC(1371) Old regions: 309->317
[7473.425s][info][gc,heap        ] GC(1371) Humongous regions: 33->33
[7473.425s][info][gc,metaspace   ] GC(1371) Metaspace: 30017K(30208K)->30017K(30208K) NonClass: 30017K(30208K)->30017K(30208K) Class: 0K(0K)->0K(0K)
[7473.425s][info][gc             ] GC(1371) Pause Young (Concurrent Start) (G1 Evacuation Pause) 7405M->3125M(8192M) 151.433ms
[7473.425s][info][gc             ] GC(1372) Concurrent Mark Cycle
[7473.425s][info][gc,marking     ] GC(1372) Concurrent Scan Root Regions
[7473.425s][info][gc,cpu         ] GC(1371) User=1.20s Sys=0.00s Real=0.15s
[7473.664s][info][gc,marking     ] GC(1372) Concurrent Scan Root Regions 239.889ms
[7473.665s][info][gc,marking     ] GC(1372) Concurrent Mark
[7473.665s][info][gc,marking     ] GC(1372) Concurrent Mark From Roots
[7473.665s][info][gc,task        ] GC(1372) Using 2 workers of 2 for marking
.[7474.795s][info][gc,marking     ] GC(1372) Concurrent Mark From Roots 1130.707ms
[7474.795s][info][gc,marking     ] GC(1372) Concurrent Preclean
[7474.795s][info][gc,marking     ] GC(1372) Concurrent Preclean 0.133ms
[7474.796s][info][gc,start       ] GC(1372) Pause Remark
[7474.798s][info][gc             ] GC(1372) Pause Remark 4669M->4005M(8192M) 2.361ms
[7474.798s][info][gc,cpu         ] GC(1372) User=0.02s Sys=0.00s Real=0.00s
[7474.798s][info][gc,marking     ] GC(1372) Concurrent Mark 1133.494ms
[7474.798s][info][gc,marking     ] GC(1372) Concurrent Rebuild Remembered Sets and Scrub Regions
.[7475.733s][info][gc,marking     ] GC(1372) Concurrent Rebuild Remembered Sets and Scrub Regions 934.750ms
[7475.733s][info][gc,start       ] GC(1372) Pause Cleanup
[7475.733s][info][gc             ] GC(1372) Pause Cleanup 5221M->5221M(8192M) 0.254ms
[7475.733s][info][gc,cpu         ] GC(1372) User=0.01s Sys=0.00s Real=0.00s
[7475.733s][info][gc,marking     ] GC(1372) Concurrent Clear Claimed Marks
[7475.733s][info][gc,marking     ] GC(1372) Concurrent Clear Claimed Marks 0.043ms
[7475.733s][info][gc,marking     ] GC(1372) Concurrent Cleanup for Next Mark
[7475.745s][info][gc,marking     ] GC(1372) Concurrent Cleanup for Next Mark 11.443ms
[7475.745s][info][gc             ] GC(1372) Concurrent Mark Cycle 2320.336ms
.[7476.639s][info][gc,start       ] GC(1373) Pause Young (Prepare Mixed) (G1 Evacuation Pause)
[7476.639s][info][gc,task        ] GC(1373) Using 8 workers of 8 for evacuation
[7476.794s][info][gc,phases      ] GC(1373)   Pre Evacuate Collection Set: 0.23ms
[7476.794s][info][gc,phases      ] GC(1373)   Merge Heap Roots: 0.72ms
[7476.794s][info][gc,phases      ] GC(1373)   Evacuate Collection Set: 152.50ms
[7476.794s][info][gc,phases      ] GC(1373)   Post Evacuate Collection Set: 1.09ms
[7476.794s][info][gc,phases      ] GC(1373)   Other: 0.07ms
[7476.794s][info][gc,heap        ] GC(1373) Eden regions: 536->0(570)
[7476.794s][info][gc,heap        ] GC(1373) Survivor regions: 43->44(73)
[7476.794s][info][gc,heap        ] GC(1373) Old regions: 234->241
[7476.794s][info][gc,heap        ] GC(1373) Humongous regions: 33->33
[7476.794s][info][gc,metaspace   ] GC(1373) Metaspace: 30017K(30208K)->30017K(30208K) NonClass: 30017K(30208K)->30017K(30208K) Class: 0K(0K)->0K(0K)
[7476.794s][info][gc             ] GC(1373) Pause Young (Prepare Mixed) (G1 Evacuation Pause) 6749M->2530M(8192M) 154.734ms
[7476.794s][info][gc,cpu         ] GC(1373) User=1.22s Sys=0.00s Real=0.16s
...[7479.532s][info][gc,start       ] GC(1374) Pause Young (Mixed) (G1 Evacuation Pause)
[7479.532s][info][gc,task        ] GC(1374) Using 8 workers of 8 for evacuation
[7479.699s][info][gc,phases      ] GC(1374)   Pre Evacuate Collection Set: 0.27ms
[7479.699s][info][gc,phases      ] GC(1374)   Merge Heap Roots: 0.83ms
[7479.699s][info][gc,phases      ] GC(1374)   Evacuate Collection Set: 164.23ms
[7479.699s][info][gc,phases      ] GC(1374)   Post Evacuate Collection Set: 1.20ms
[7479.699s][info][gc,phases      ] GC(1374)   Other: 0.07ms
[7479.699s][info][gc,heap        ] GC(1374) Eden regions: 570->0(569)
[7479.699s][info][gc,heap        ] GC(1374) Survivor regions: 44->45(77)
[7479.699s][info][gc,heap        ] GC(1374) Old regions: 241->147
[7479.699s][info][gc,heap        ] GC(1374) Humongous regions: 33->33
[7479.699s][info][gc,metaspace   ] GC(1374) Metaspace: 30017K(30208K)->30017K(30208K) NonClass: 30017K(30208K)->30017K(30208K) Class: 0K(0K)->0K(0K)
[7479.699s][info][gc             ] GC(1374) Pause Young (Mixed) (G1 Evacuation Pause) 7090M->1785M(8192M) 166.731ms
[7479.699s][info][gc,cpu         ] GC(1374) User=1.32s Sys=0.00s Real=0.16s
...[7482.499s][info][gc,start       ] GC(1375) Pause Young (Mixed) (G1 Evacuation Pause)
[7482.499s][info][gc,task        ] GC(1375) Using 8 workers of 8 for evacuation
[7482.664s][info][gc,phases      ] GC(1375)   Pre Evacuate Collection Set: 0.22ms
[7482.664s][info][gc,phases      ] GC(1375)   Merge Heap Roots: 0.61ms
[7482.664s][info][gc,phases      ] GC(1375)   Evacuate Collection Set: 162.84ms
[7482.664s][info][gc,phases      ] GC(1375)   Post Evacuate Collection Set: 1.02ms
[7482.664s][info][gc,phases      ] GC(1375)   Other: 0.06ms
[7482.664s][info][gc,heap        ] GC(1375) Eden regions: 569->0(568)
[7482.664s][info][gc,heap        ] GC(1375) Survivor regions: 45->46(77)
[7482.664s][info][gc,heap        ] GC(1375) Old regions: 147->144
[7482.664s][info][gc,heap        ] GC(1375) Humongous regions: 33->33
[7482.664s][info][gc,metaspace   ] GC(1375) Metaspace: 30017K(30208K)->30017K(30208K) NonClass: 30017K(30208K)->30017K(30208K) Class: 0K(0K)->0K(0K)
[7482.664s][info][gc             ] GC(1375) Pause Young (Mixed) (G1 Evacuation Pause) 6337M->1761M(8192M) 164.879ms
[7482.664s][info][gc,cpu         ] GC(1375) User=1.31s Sys=0.00s Real=0.17s
...[7485.464s][info][gc,start       ] GC(1376) Pause Young (Normal) (G1 Evacuation Pause)
[7485.464s][info][gc,task        ] GC(1376) Using 8 workers of 8 for evacuation
[7485.614s][info][gc,phases      ] GC(1376)   Pre Evacuate Collection Set: 0.22ms
[7485.614s][info][gc,phases      ] GC(1376)   Merge Heap Roots: 0.50ms
[7485.614s][info][gc,phases      ] GC(1376)   Evacuate Collection Set: 147.90ms
[7485.614s][info][gc,phases      ] GC(1376)   Post Evacuate Collection Set: 1.04ms
[7485.614s][info][gc,phases      ] GC(1376)   Other: 0.06ms
[7485.614s][info][gc,heap        ] GC(1376) Eden regions: 568->0(572)
[7485.614s][info][gc,heap        ] GC(1376) Survivor regions: 46->42(77)
[7485.614s][info][gc,heap        ] GC(1376) Old regions: 144->151
[7485.614s][info][gc,heap        ] GC(1376) Humongous regions: 33->33
[7485.614s][info][gc,metaspace   ] GC(1376) Metaspace: 30017K(30208K)->30017K(30208K) NonClass: 30017K(30208K)->30017K(30208K) Class: 0K(0K)->0K(0K)
[7485.614s][info][gc             ] GC(1376) Pause Young (Normal) (G1 Evacuation Pause) 6305M->1792M(8192M) 149.852ms
[7485.614s][info][gc,cpu         ] GC(1376) User=1.18s Sys=0.00s Real=0.15s
...[7488.408s][info][gc,start       ] GC(1377) Pause Young (Normal) (G1 Evacuation Pause)
[7488.408s][info][gc,task        ] GC(1377) Using 8 workers of 8 for evacuation
[7488.560s][info][gc,phases      ] GC(1377)   Pre Evacuate Collection Set: 0.22ms
[7488.560s][info][gc,phases      ] GC(1377)   Merge Heap Roots: 0.47ms
[7488.560s][info][gc,phases      ] GC(1377)   Evacuate Collection Set: 150.93ms
[7488.560s][info][gc,phases      ] GC(1377)   Post Evacuate Collection Set: 1.00ms
[7488.560s][info][gc,phases      ] GC(1377)   Other: 0.06ms
[7488.560s][info][gc,heap        ] GC(1377) Eden regions: 572->0(570)
[7488.560s][info][gc,heap        ] GC(1377) Survivor regions: 42->44(77)
[7488.560s][info][gc,heap        ] GC(1377) Old regions: 151->158
[7488.560s][info][gc,heap        ] GC(1377) Humongous regions: 33->33
[7488.560s][info][gc,metaspace   ] GC(1377) Metaspace: 30017K(30208K)->30017K(30208K) NonClass: 30017K(30208K)->30017K(30208K) Class: 0K(0K)->0K(0K)
[7488.560s][info][gc             ] GC(1377) Pause Young (Normal) (G1 Evacuation Pause) 6368M->1865M(8192M) 152.809ms
[7488.560s][info][gc,cpu         ] GC(1377) User=1.21s Sys=0.00s Real=0.16s
...[7491.328s][info][gc,start       ] GC(1378) Pause Young (Normal) (G1 Evacuation Pause)
[7491.328s][info][gc,task        ] GC(1378) Using 8 workers of 8 for evacuation
[7491.482s][info][gc,phases      ] GC(1378)   Pre Evacuate Collection Set: 0.21ms
[7491.482s][info][gc,phases      ] GC(1378)   Merge Heap Roots: 0.48ms
[7491.482s][info][gc,phases      ] GC(1378)   Evacuate Collection Set: 152.06ms
[7491.482s][info][gc,phases      ] GC(1378)   Post Evacuate Collection Set: 1.01ms
[7491.482s][info][gc,phases      ] GC(1378)   Other: 0.06ms
[7491.482s][info][gc,heap        ] GC(1378) Eden regions: 570->0(571)
[7491.482s][info][gc,heap        ] GC(1378) Survivor regions: 44->43(77)
[7491.482s][info][gc,heap        ] GC(1378) Old regions: 158->165
[7491.482s][info][gc,heap        ] GC(1378) Humongous regions: 33->33
[7491.482s][info][gc,metaspace   ] GC(1378) Metaspace: 30017K(30208K)->30017K(30208K) NonClass: 30017K(30208K)->30017K(30208K) Class: 0K(0K)->0K(0K)
[7491.482s][info][gc             ] GC(1378) Pause Young (Normal) (G1 Evacuation Pause) 6425M->1913M(8192M) 153.954ms
[7491.482s][info][gc,cpu         ] GC(1378) User=1.22s Sys=0.00s Real=0.16s
...[7494.232s][info][gc,start       ] GC(1379) Pause Young (Normal) (G1 Evacuation Pause)
[7494.232s][info][gc,task        ] GC(1379) Using 8 workers of 8 for evacuation
[7494.385s][info][gc,phases      ] GC(1379)   Pre Evacuate Collection Set: 0.21ms
[7494.385s][info][gc,phases      ] GC(1379)   Merge Heap Roots: 0.48ms
[7494.385s][info][gc,phases      ] GC(1379)   Evacuate Collection Set: 151.21ms
[7494.385s][info][gc,phases      ] GC(1379)   Post Evacuate Collection Set: 1.01ms
[7494.385s][info][gc,phases      ] GC(1379)   Other: 0.06ms
[7494.385s][info][gc,heap        ] GC(1379) Eden regions: 571->0(570)
[7494.385s][info][gc,heap        ] GC(1379) Survivor regions: 43->44(77)
[7494.385s][info][gc,heap        ] GC(1379) Old regions: 165->172
[7494.385s][info][gc,heap        ] GC(1379) Humongous regions: 33->33
[7494.385s][info][gc,metaspace   ] GC(1379) Metaspace: 30017K(30208K)->30017K(30208K) NonClass: 30017K(30208K)->30017K(30208K) Class: 0K(0K)->0K(0K)
[7494.386s][info][gc             ] GC(1379) Pause Young (Normal) (G1 Evacuation Pause) 6481M->1976M(8192M) 153.103ms
[7494.386s][info][gc,cpu         ] GC(1379) User=1.21s Sys=0.00s Real=0.15s
...[7497.219s][info][gc,start       ] GC(1380) Pause Young (Normal) (G1 Evacuation Pause)
[7497.220s][info][gc,task        ] GC(1380) Using 8 workers of 8 for evacuation
[7497.375s][info][gc,phases      ] GC(1380)   Pre Evacuate Collection Set: 0.23ms
[7497.375s][info][gc,phases      ] GC(1380)   Merge Heap Roots: 0.47ms
[7497.375s][info][gc,phases      ] GC(1380)   Evacuate Collection Set: 153.34ms
[7497.375s][info][gc,phases      ] GC(1380)   Post Evacuate Collection Set: 1.01ms
[7497.375s][info][gc,phases      ] GC(1380)   Other: 0.07ms
[7497.375s][info][gc,heap        ] GC(1380) Eden regions: 570->0(570)
[7497.375s][info][gc,heap        ] GC(1380) Survivor regions: 44->44(77)
[7497.375s][info][gc,heap        ] GC(1380) Old regions: 172->179
[7497.375s][info][gc,heap        ] GC(1380) Humongous regions: 33->33
[7497.375s][info][gc,metaspace   ] GC(1380) Metaspace: 30017K(30208K)->30017K(30208K) NonClass: 30017K(30208K)->30017K(30208K) Class: 0K(0K)->0K(0K)
[7497.375s][info][gc             ] GC(1380) Pause Young (Normal) (G1 Evacuation Pause) 6536M->2034M(8192M) 155.242ms
[7497.375s][info][gc,cpu         ] GC(1380) User=1.23s Sys=0.00s Real=0.16s
...[7500.133s][info][gc,start       ] GC(1381) Pause Young (Normal) (G1 Evacuation Pause)
[7500.133s][info][gc,task        ] GC(1381) Using 8 workers of 8 for evacuation
[7500.290s][info][gc,phases      ] GC(1381)   Pre Evacuate Collection Set: 0.22ms
[7500.290s][info][gc,phases      ] GC(1381)   Merge Heap Roots: 0.48ms
[7500.290s][info][gc,phases      ] GC(1381)   Evacuate Collection Set: 154.69ms
[7500.290s][info][gc,phases      ] GC(1381)   Post Evacuate Collection Set: 1.01ms
[7500.290s][info][gc,phases      ] GC(1381)   Other: 0.06ms
[7500.290s][info][gc,heap        ] GC(1381) Eden regions: 570->0(570)
[7500.290s][info][gc,heap        ] GC(1381) Survivor regions: 44->44(77)
[7500.290s][info][gc,heap        ] GC(1381) Old regions: 179->187
[7500.290s][info][gc,heap        ] GC(1381) Humongous regions: 33->33
[7500.290s][info][gc,metaspace   ] GC(1381) Metaspace: 30017K(30208K)->30017K(30208K) NonClass: 30017K(30208K)->30017K(30208K) Class: 0K(0K)->0K(0K)
[7500.290s][info][gc             ] GC(1381) Pause Young (Normal) (G1 Evacuation Pause) 6594M->2095M(8192M) 156.579ms
[7500.290s][info][gc,cpu         ] GC(1381) User=1.24s Sys=0.00s Real=0.16s
...[7503.175s][info][gc,start       ] GC(1382) Pause Young (Normal) (G1 Evacuation Pause)
[7503.175s][info][gc,task        ] GC(1382) Using 8 workers of 8 for evacuation
[7503.324s][info][gc,phases      ] GC(1382)   Pre Evacuate Collection Set: 0.23ms
[7503.325s][info][gc,phases      ] GC(1382)   Merge Heap Roots: 0.49ms
[7503.325s][info][gc,phases      ] GC(1382)   Evacuate Collection Set: 147.27ms
[7503.325s][info][gc,phases      ] GC(1382)   Post Evacuate Collection Set: 1.03ms
[7503.325s][info][gc,phases      ] GC(1382)   Other: 0.06ms
[7503.325s][info][gc,heap        ] GC(1382) Eden regions: 570->0(571)
[7503.325s][info][gc,heap        ] GC(1382) Survivor regions: 44->43(77)
[7503.325s][info][gc,heap        ] GC(1382) Old regions: 187->194
[7503.325s][info][gc,heap        ] GC(1382) Humongous regions: 33->33
[7503.325s][info][gc,metaspace   ] GC(1382) Metaspace: 30017K(30208K)->30017K(30208K) NonClass: 30017K(30208K)->30017K(30208K) Class: 0K(0K)->0K(0K)
[7503.325s][info][gc             ] GC(1382) Pause Young (Normal) (G1 Evacuation Pause) 6655M->2145M(8192M) 149.218ms
[7503.325s][info][gc,cpu         ] GC(1382) User=1.19s Sys=0.00s Real=0.15s
...[7506.116s][info][gc,start       ] GC(1383) Pause Young (Normal) (G1 Evacuation Pause)
[7506.116s][info][gc,task        ] GC(1383) Using 8 workers of 8 for evacuation
[7506.269s][info][gc,phases      ] GC(1383)   Pre Evacuate Collection Set: 0.23ms
[7506.269s][info][gc,phases      ] GC(1383)   Merge Heap Roots: 0.50ms
[7506.269s][info][gc,phases      ] GC(1383)   Evacuate Collection Set: 150.49ms
[7506.269s][info][gc,phases      ] GC(1383)   Post Evacuate Collection Set: 1.03ms
[7506.269s][info][gc,phases      ] GC(1383)   Other: 0.06ms
[7506.269s][info][gc,heap        ] GC(1383) Eden regions: 571->0(570)
[7506.269s][info][gc,heap        ] GC(1383) Survivor regions: 43->44(77)
[7506.269s][info][gc,heap        ] GC(1383) Old regions: 194->201
[7506.269s][info][gc,heap        ] GC(1383) Humongous regions: 33->33
[7506.269s][info][gc,metaspace   ] GC(1383) Metaspace: 30017K(30208K)->30017K(30208K) NonClass: 30017K(30208K)->30017K(30208K) Class: 0K(0K)->0K(0K)
[7506.269s][info][gc             ] GC(1383) Pause Young (Normal) (G1 Evacuation Pause) 6713M->2207M(8192M) 152.443ms
[7506.269s][info][gc,cpu         ] GC(1383) User=1.21s Sys=0.00s Real=0.15s
...[7509.136s][info][gc,start       ] GC(1384) Pause Young (Normal) (G1 Evacuation Pause)
[7509.136s][info][gc,task        ] GC(1384) Using 8 workers of 8 for evacuation
[7509.289s][info][gc,phases      ] GC(1384)   Pre Evacuate Collection Set: 0.24ms
[7509.289s][info][gc,phases      ] GC(1384)   Merge Heap Roots: 0.51ms
[7509.289s][info][gc,phases      ] GC(1384)   Evacuate Collection Set: 150.57ms
[7509.289s][info][gc,phases      ] GC(1384)   Post Evacuate Collection Set: 1.01ms
[7509.289s][info][gc,phases      ] GC(1384)   Other: 0.06ms
[7509.289s][info][gc,heap        ] GC(1384) Eden regions: 570->0(570)
[7509.289s][info][gc,heap        ] GC(1384) Survivor regions: 44->44(77)
[7509.289s][info][gc,heap        ] GC(1384) Old regions: 201->209
[7509.289s][info][gc,heap        ] GC(1384) Humongous regions: 33->33
[7509.289s][info][gc,metaspace   ] GC(1384) Metaspace: 30017K(30208K)->30017K(30208K) NonClass: 30017K(30208K)->30017K(30208K) Class: 0K(0K)->0K(0K)
[7509.289s][info][gc             ] GC(1384) Pause Young (Normal) (G1 Evacuation Pause) 6767M->2266M(8192M) 152.516ms
[7509.289s][info][gc,cpu         ] GC(1384) User=1.21s Sys=0.00s Real=0.15s
...[7512.246s][info][gc,start       ] GC(1385) Pause Young (Normal) (G1 Evacuation Pause)
[7512.247s][info][gc,task        ] GC(1385) Using 8 workers of 8 for evacuation
[7512.398s][info][gc,phases      ] GC(1385)   Pre Evacuate Collection Set: 0.24ms
[7512.398s][info][gc,phases      ] GC(1385)   Merge Heap Roots: 0.49ms
[7512.398s][info][gc,phases      ] GC(1385)   Evacuate Collection Set: 149.41ms
[7512.398s][info][gc,phases      ] GC(1385)   Post Evacuate Collection Set: 1.01ms
[7512.398s][info][gc,phases      ] GC(1385)   Other: 0.06ms
[7512.398s][info][gc,heap        ] GC(1385) Eden regions: 570->0(571)
[7512.398s][info][gc,heap        ] GC(1385) Survivor regions: 44->43(77)
[7512.398s][info][gc,heap        ] GC(1385) Old regions: 209->216
[7512.398s][info][gc,heap        ] GC(1385) Humongous regions: 33->33
[7512.398s][info][gc,metaspace   ] GC(1385) Metaspace: 30017K(30208K)->30017K(30208K) NonClass: 30017K(30208K)->30017K(30208K) Class: 0K(0K)->0K(0K)
[7512.398s][info][gc             ] GC(1385) Pause Young (Normal) (G1 Evacuation Pause) 6826M->2318M(8192M) 151.363ms
[7512.398s][info][gc,cpu         ] GC(1385) User=1.20s Sys=0.00s Real=0.15s
...[7515.295s][info][gc,start       ] GC(1386) Pause Young (Normal) (G1 Evacuation Pause)
[7515.295s][info][gc,task        ] GC(1386) Using 8 workers of 8 for evacuation
[7515.448s][info][gc,phases      ] GC(1386)   Pre Evacuate Collection Set: 0.23ms
[7515.448s][info][gc,phases      ] GC(1386)   Merge Heap Roots: 0.49ms
[7515.448s][info][gc,phases      ] GC(1386)   Evacuate Collection Set: 151.32ms
[7515.448s][info][gc,phases      ] GC(1386)   Post Evacuate Collection Set: 1.04ms
[7515.448s][info][gc,phases      ] GC(1386)   Other: 0.06ms
[7515.448s][info][gc,heap        ] GC(1386) Eden regions: 571->0(570)
[7515.448s][info][gc,heap        ] GC(1386) Survivor regions: 43->44(77)
[7515.448s][info][gc,heap        ] GC(1386) Old regions: 216->223
[7515.448s][info][gc,heap        ] GC(1386) Humongous regions: 33->33
[7515.448s][info][gc,metaspace   ] GC(1386) Metaspace: 30017K(30208K)->30017K(30208K) NonClass: 30017K(30208K)->30017K(30208K) Class: 0K(0K)->0K(0K)
[7515.448s][info][gc             ] GC(1386) Pause Young (Normal) (G1 Evacuation Pause) 6886M->2381M(8192M) 153.270ms
[7515.448s][info][gc,cpu         ] GC(1386) User=1.21s Sys=0.00s Real=0.15s
.|..[7518.331s][info][gc,start       ] GC(1387) Pause Young (Normal) (G1 Evacuation Pause)
[7518.331s][info][gc,task        ] GC(1387) Using 8 workers of 8 for evacuation
[7518.482s][info][gc,phases      ] GC(1387)   Pre Evacuate Collection Set: 0.24ms
[7518.482s][info][gc,phases      ] GC(1387)   Merge Heap Roots: 0.49ms
[7518.482s][info][gc,phases      ] GC(1387)   Evacuate Collection Set: 148.89ms
[7518.482s][info][gc,phases      ] GC(1387)   Post Evacuate Collection Set: 1.03ms
[7518.482s][info][gc,phases      ] GC(1387)   Other: 0.05ms
[7518.482s][info][gc,heap        ] GC(1387) Eden regions: 570->0(571)
[7518.482s][info][gc,heap        ] GC(1387) Survivor regions: 44->43(77)
[7518.482s][info][gc,heap        ] GC(1387) Old regions: 223->230
[7518.482s][info][gc,heap        ] GC(1387) Humongous regions: 33->33
[7518.482s][info][gc,metaspace   ] GC(1387) Metaspace: 30017K(30208K)->30017K(30208K) NonClass: 30017K(30208K)->30017K(30208K) Class: 0K(0K)->0K(0K)
[7518.482s][info][gc             ] GC(1387) Pause Young (Normal) (G1 Evacuation Pause) 6941M->2431M(8192M) 150.844ms
[7518.482s][info][gc,cpu         ] GC(1387) User=1.20s Sys=0.00s Real=0.15s
...[7521.503s][info][gc,start       ] GC(1388) Pause Young (Normal) (G1 Evacuation Pause)
[7521.503s][info][gc,task        ] GC(1388) Using 8 workers of 8 for evacuation
[7521.678s][info][gc,phases      ] GC(1388)   Pre Evacuate Collection Set: 0.27ms
[7521.678s][info][gc,phases      ] GC(1388)   Merge Heap Roots: 0.59ms
[7521.678s][info][gc,phases      ] GC(1388)   Evacuate Collection Set: 172.58ms
[7521.678s][info][gc,phases      ] GC(1388)   Post Evacuate Collection Set: 1.09ms
[7521.678s][info][gc,phases      ] GC(1388)   Other: 0.08ms
[7521.678s][info][gc,heap        ] GC(1388) Eden regions: 571->0(569)
[7521.678s][info][gc,heap        ] GC(1388) Survivor regions: 43->45(77)
[7521.678s][info][gc,heap        ] GC(1388) Old regions: 230->237
[7521.678s][info][gc,heap        ] GC(1388) Humongous regions: 33->33
[7521.678s][info][gc,metaspace   ] GC(1388) Metaspace: 30017K(30208K)->30017K(30208K) NonClass: 30017K(30208K)->30017K(30208K) Class: 0K(0K)->0K(0K)
[7521.678s][info][gc             ] GC(1388) Pause Young (Normal) (G1 Evacuation Pause) 6999M->2502M(8192M) 174.784ms
[7521.678s][info][gc,cpu         ] GC(1388) User=1.21s Sys=0.00s Real=0.17s
...[7524.737s][info][gc,start       ] GC(1389) Pause Young (Normal) (G1 Evacuation Pause)
[7524.737s][info][gc,task        ] GC(1389) Using 8 workers of 8 for evacuation
[7524.889s][info][gc,phases      ] GC(1389)   Pre Evacuate Collection Set: 0.23ms
[7524.889s][info][gc,phases      ] GC(1389)   Merge Heap Roots: 0.57ms
[7524.889s][info][gc,phases      ] GC(1389)   Evacuate Collection Set: 150.16ms
[7524.889s][info][gc,phases      ] GC(1389)   Post Evacuate Collection Set: 1.02ms
[7524.889s][info][gc,phases      ] GC(1389)   Other: 0.06ms
[7524.889s][info][gc,heap        ] GC(1389) Eden regions: 569->0(571)
[7524.889s][info][gc,heap        ] GC(1389) Survivor regions: 45->43(77)
[7524.889s][info][gc,heap        ] GC(1389) Old regions: 237->245
[7524.889s][info][gc,heap        ] GC(1389) Humongous regions: 33->33
[7524.889s][info][gc,metaspace   ] GC(1389) Metaspace: 30017K(30208K)->30017K(30208K) NonClass: 30017K(30208K)->30017K(30208K) Class: 0K(0K)->0K(0K)
[7524.889s][info][gc             ] GC(1389) Pause Young (Normal) (G1 Evacuation Pause) 7054M->2549M(8192M) 152.165ms
[7524.889s][info][gc,cpu         ] GC(1389) User=1.20s Sys=0.00s Real=0.15s
...[7527.733s][info][gc,start       ] GC(1390) Pause Young (Normal) (G1 Evacuation Pause)
[7527.733s][info][gc,task        ] GC(1390) Using 8 workers of 8 for evacuation
[7527.888s][info][gc,phases      ] GC(1390)   Pre Evacuate Collection Set: 0.21ms
[7527.888s][info][gc,phases      ] GC(1390)   Merge Heap Roots: 0.49ms
[7527.888s][info][gc,phases      ] GC(1390)   Evacuate Collection Set: 152.64ms
[7527.888s][info][gc,phases      ] GC(1390)   Post Evacuate Collection Set: 1.02ms
[7527.888s][info][gc,phases      ] GC(1390)   Other: 0.06ms
[7527.888s][info][gc,heap        ] GC(1390) Eden regions: 571->0(570)
[7527.888s][info][gc,heap        ] GC(1390) Survivor regions: 43->44(77)
[7527.888s][info][gc,heap        ] GC(1390) Old regions: 245->252
[7527.888s][info][gc,heap        ] GC(1390) Humongous regions: 33->33
[7527.888s][info][gc,metaspace   ] GC(1390) Metaspace: 30017K(30208K)->30017K(30208K) NonClass: 30017K(30208K)->30017K(30208K) Class: 0K(0K)->0K(0K)
[7527.888s][info][gc             ] GC(1390) Pause Young (Normal) (G1 Evacuation Pause) 7117M->2615M(8192M) 154.540ms
[7527.888s][info][gc,cpu         ] GC(1390) User=1.22s Sys=0.00s Real=0.15s
...[7530.675s][info][gc,start       ] GC(1391) Pause Young (Normal) (G1 Evacuation Pause)
[7530.675s][info][gc,task        ] GC(1391) Using 8 workers of 8 for evacuation
[7530.831s][info][gc,phases      ] GC(1391)   Pre Evacuate Collection Set: 0.22ms
[7530.831s][info][gc,phases      ] GC(1391)   Merge Heap Roots: 0.50ms
[7530.831s][info][gc,phases      ] GC(1391)   Evacuate Collection Set: 154.31ms
[7530.831s][info][gc,phases      ] GC(1391)   Post Evacuate Collection Set: 1.03ms
[7530.831s][info][gc,phases      ] GC(1391)   Other: 0.06ms
[7530.831s][info][gc,heap        ] GC(1391) Eden regions: 570->0(570)
[7530.831s][info][gc,heap        ] GC(1391) Survivor regions: 44->44(77)
[7530.831s][info][gc,heap        ] GC(1391) Old regions: 252->259
[7530.831s][info][gc,heap        ] GC(1391) Humongous regions: 33->33
[7530.831s][info][gc,metaspace   ] GC(1391) Metaspace: 30017K(30208K)->30017K(30208K) NonClass: 30017K(30208K)->30017K(30208K) Class: 0K(0K)->0K(0K)
[7530.831s][info][gc             ] GC(1391) Pause Young (Normal) (G1 Evacuation Pause) 7175M->2671M(8192M) 156.266ms
[7530.831s][info][gc,cpu         ] GC(1391) User=1.24s Sys=0.00s Real=0.16s
...[7533.603s][info][gc,start       ] GC(1392) Pause Young (Normal) (G1 Evacuation Pause)
[7533.603s][info][gc,task        ] GC(1392) Using 8 workers of 8 for evacuation
[7533.753s][info][gc,phases      ] GC(1392)   Pre Evacuate Collection Set: 0.24ms
[7533.753s][info][gc,phases      ] GC(1392)   Merge Heap Roots: 0.49ms
[7533.753s][info][gc,phases      ] GC(1392)   Evacuate Collection Set: 148.73ms
[7533.753s][info][gc,phases      ] GC(1392)   Post Evacuate Collection Set: 1.02ms
[7533.753s][info][gc,phases      ] GC(1392)   Other: 0.06ms
[7533.753s][info][gc,heap        ] GC(1392) Eden regions: 570->0(571)
[7533.753s][info][gc,heap        ] GC(1392) Survivor regions: 44->43(77)
[7533.753s][info][gc,heap        ] GC(1392) Old regions: 259->266
[7533.753s][info][gc,heap        ] GC(1392) Humongous regions: 33->33
[7533.753s][info][gc,metaspace   ] GC(1392) Metaspace: 30017K(30208K)->30017K(30208K) NonClass: 30017K(30208K)->30017K(30208K) Class: 0K(0K)->0K(0K)
[7533.753s][info][gc             ] GC(1392) Pause Young (Normal) (G1 Evacuation Pause) 7231M->2721M(8192M) 150.683ms
[7533.753s][info][gc,cpu         ] GC(1392) User=1.19s Sys=0.00s Real=0.15s
...[7536.582s][info][gc,start       ] GC(1393) Pause Young (Normal) (G1 Evacuation Pause)
[7536.582s][info][gc,task        ] GC(1393) Using 8 workers of 8 for evacuation
[7536.735s][info][gc,phases      ] GC(1393)   Pre Evacuate Collection Set: 0.20ms
[7536.735s][info][gc,phases      ] GC(1393)   Merge Heap Roots: 0.50ms
[7536.735s][info][gc,phases      ] GC(1393)   Evacuate Collection Set: 151.51ms
[7536.735s][info][gc,phases      ] GC(1393)   Post Evacuate Collection Set: 1.04ms
[7536.735s][info][gc,phases      ] GC(1393)   Other: 0.06ms
[7536.735s][info][gc,heap        ] GC(1393) Eden regions: 571->0(569)
[7536.735s][info][gc,heap        ] GC(1393) Survivor regions: 43->45(77)
[7536.735s][info][gc,heap        ] GC(1393) Old regions: 266->273
[7536.735s][info][gc,heap        ] GC(1393) Humongous regions: 33->33
[7536.736s][info][gc,metaspace   ] GC(1393) Metaspace: 30017K(30208K)->30017K(30208K) NonClass: 30017K(30208K)->30017K(30208K) Class: 0K(0K)->0K(0K)
[7536.736s][info][gc             ] GC(1393) Pause Young (Normal) (G1 Evacuation Pause) 7289M->2789M(8192M) 153.438ms
[7536.736s][info][gc,cpu         ] GC(1393) User=1.21s Sys=0.00s Real=0.15s
...[7539.682s][info][gc,start       ] GC(1394) Pause Young (Normal) (G1 Evacuation Pause)
[7539.682s][info][gc,task        ] GC(1394) Using 8 workers of 8 for evacuation
[7539.841s][info][gc,phases      ] GC(1394)   Pre Evacuate Collection Set: 0.24ms
[7539.841s][info][gc,phases      ] GC(1394)   Merge Heap Roots: 0.52ms
[7539.841s][info][gc,phases      ] GC(1394)   Evacuate Collection Set: 156.88ms
[7539.841s][info][gc,phases      ] GC(1394)   Post Evacuate Collection Set: 1.05ms
[7539.841s][info][gc,phases      ] GC(1394)   Other: 0.06ms
[7539.841s][info][gc,heap        ] GC(1394) Eden regions: 569->0(570)
[7539.841s][info][gc,heap        ] GC(1394) Survivor regions: 45->44(77)
[7539.841s][info][gc,heap        ] GC(1394) Old regions: 273->280
[7539.841s][info][gc,heap        ] GC(1394) Humongous regions: 33->33
[7539.841s][info][gc,metaspace   ] GC(1394) Metaspace: 30017K(30208K)->30017K(30208K) NonClass: 30017K(30208K)->30017K(30208K) Class: 0K(0K)->0K(0K)
[7539.841s][info][gc             ] GC(1394) Pause Young (Normal) (G1 Evacuation Pause) 7341M->2841M(8192M) 158.877ms
[7539.841s][info][gc,cpu         ] GC(1394) User=1.26s Sys=0.00s Real=0.16s
...[7542.616s][info][gc,start       ] GC(1395) Pause Young (Normal) (G1 Evacuation Pause)
[7542.616s][info][gc,task        ] GC(1395) Using 8 workers of 8 for evacuation
[7542.772s][info][gc,phases      ] GC(1395)   Pre Evacuate Collection Set: 0.23ms
[7542.772s][info][gc,phases      ] GC(1395)   Merge Heap Roots: 0.51ms
[7542.772s][info][gc,phases      ] GC(1395)   Evacuate Collection Set: 154.26ms
[7542.772s][info][gc,phases      ] GC(1395)   Post Evacuate Collection Set: 1.03ms
[7542.772s][info][gc,phases      ] GC(1395)   Other: 0.06ms
[7542.772s][info][gc,heap        ] GC(1395) Eden regions: 570->0(564)
[7542.772s][info][gc,heap        ] GC(1395) Survivor regions: 44->44(77)
[7542.772s][info][gc,heap        ] GC(1395) Old regions: 280->287
[7542.772s][info][gc,heap        ] GC(1395) Humongous regions: 33->33
[7542.772s][info][gc,metaspace   ] GC(1395) Metaspace: 30017K(30208K)->30017K(30208K) NonClass: 30017K(30208K)->30017K(30208K) Class: 0K(0K)->0K(0K)
[7542.772s][info][gc             ] GC(1395) Pause Young (Normal) (G1 Evacuation Pause) 7401M->2898M(8192M) 156.219ms
[7542.772s][info][gc,cpu         ] GC(1395) User=1.23s Sys=0.00s Real=0.16s
...[7545.541s][info][gc,start       ] GC(1396) Pause Young (Normal) (G1 Evacuation Pause)
[7545.541s][info][gc,task        ] GC(1396) Using 8 workers of 8 for evacuation
[7545.695s][info][gc,phases      ] GC(1396)   Pre Evacuate Collection Set: 0.21ms
[7545.695s][info][gc,phases      ] GC(1396)   Merge Heap Roots: 0.51ms
[7545.695s][info][gc,phases      ] GC(1396)   Evacuate Collection Set: 152.43ms
[7545.695s][info][gc,phases      ] GC(1396)   Post Evacuate Collection Set: 0.99ms
[7545.695s][info][gc,phases      ] GC(1396)   Other: 0.06ms
[7545.695s][info][gc,heap        ] GC(1396) Eden regions: 564->0(557)
[7545.695s][info][gc,heap        ] GC(1396) Survivor regions: 44->44(76)
[7545.695s][info][gc,heap        ] GC(1396) Old regions: 287->294
[7545.695s][info][gc,heap        ] GC(1396) Humongous regions: 33->33
[7545.695s][info][gc,metaspace   ] GC(1396) Metaspace: 30017K(30208K)->30017K(30208K) NonClass: 30017K(30208K)->30017K(30208K) Class: 0K(0K)->0K(0K)
[7545.695s][info][gc             ] GC(1396) Pause Young (Normal) (G1 Evacuation Pause) 7410M->2955M(8192M) 154.337ms
[7545.695s][info][gc,cpu         ] GC(1396) User=1.22s Sys=0.00s Real=0.15s
...[7548.487s][info][gc,start       ] GC(1397) Pause Young (Normal) (G1 Evacuation Pause)
[7548.487s][info][gc,task        ] GC(1397) Using 8 workers of 8 for evacuation
[7548.636s][info][gc,phases      ] GC(1397)   Pre Evacuate Collection Set: 0.24ms
[7548.636s][info][gc,phases      ] GC(1397)   Merge Heap Roots: 0.49ms
[7548.636s][info][gc,phases      ] GC(1397)   Evacuate Collection Set: 147.15ms
[7548.636s][info][gc,phases      ] GC(1397)   Post Evacuate Collection Set: 0.99ms
[7548.636s][info][gc,phases      ] GC(1397)   Other: 0.07ms
[7548.636s][info][gc,heap        ] GC(1397) Eden regions: 557->0(551)
[7548.636s][info][gc,heap        ] GC(1397) Survivor regions: 44->43(76)
[7548.636s][info][gc,heap        ] GC(1397) Old regions: 294->302
[7548.636s][info][gc,heap        ] GC(1397) Humongous regions: 33->33
[7548.636s][info][gc,metaspace   ] GC(1397) Metaspace: 30017K(30208K)->30017K(30208K) NonClass: 30017K(30208K)->30017K(30208K) Class: 0K(0K)->0K(0K)
[7548.636s][info][gc             ] GC(1397) Pause Young (Normal) (G1 Evacuation Pause) 7411M->3009M(8192M) 149.106ms
[7548.636s][info][gc,cpu         ] GC(1397) User=1.18s Sys=0.00s Real=0.15s
...[7551.398s][info][gc,start       ] GC(1398) Pause Young (Normal) (G1 Evacuation Pause)
[7551.398s][info][gc,task        ] GC(1398) Using 8 workers of 8 for evacuation
[7551.550s][info][gc,phases      ] GC(1398)   Pre Evacuate Collection Set: 0.23ms
[7551.550s][info][gc,phases      ] GC(1398)   Merge Heap Roots: 0.49ms
[7551.550s][info][gc,phases      ] GC(1398)   Evacuate Collection Set: 149.62ms
[7551.550s][info][gc,phases      ] GC(1398)   Post Evacuate Collection Set: 1.00ms
[7551.550s][info][gc,phases      ] GC(1398)   Other: 0.08ms
[7551.550s][info][gc,heap        ] GC(1398) Eden regions: 551->0(541)
[7551.550s][info][gc,heap        ] GC(1398) Survivor regions: 43->44(75)
[7551.550s][info][gc,heap        ] GC(1398) Old regions: 302->310
[7551.550s][info][gc,heap        ] GC(1398) Humongous regions: 33->33
[7551.550s][info][gc,metaspace   ] GC(1398) Metaspace: 30017K(30208K)->30017K(30208K) NonClass: 30017K(30208K)->30017K(30208K) Class: 0K(0K)->0K(0K)
[7551.550s][info][gc             ] GC(1398) Pause Young (Normal) (G1 Evacuation Pause) 7417M->3073M(8192M) 151.554ms
[7551.550s][info][gc,cpu         ] GC(1398) User=1.19s Sys=0.00s Real=0.16s
...[7554.263s][info][gc,start       ] GC(1399) Pause Young (Concurrent Start) (G1 Evacuation Pause)
[7554.263s][info][gc,task        ] GC(1399) Using 8 workers of 8 for evacuation
[7554.414s][info][gc,phases      ] GC(1399)   Pre Evacuate Collection Set: 0.32ms
[7554.415s][info][gc,phases      ] GC(1399)   Merge Heap Roots: 0.50ms
[7554.415s][info][gc,phases      ] GC(1399)   Evacuate Collection Set: 149.12ms
[7554.415s][info][gc,phases      ] GC(1399)   Post Evacuate Collection Set: 1.00ms
[7554.415s][info][gc,phases      ] GC(1399)   Other: 0.10ms
[7554.415s][info][gc,heap        ] GC(1399) Eden regions: 541->0(536)
[7554.415s][info][gc,heap        ] GC(1399) Survivor regions: 44->43(74)
[7554.415s][info][gc,heap        ] GC(1399) Old regions: 310->317
[7554.415s][info][gc,heap        ] GC(1399) Humongous regions: 33->33
[7554.415s][info][gc,metaspace   ] GC(1399) Metaspace: 30017K(30208K)->30017K(30208K) NonClass: 30017K(30208K)->30017K(30208K) Class: 0K(0K)->0K(0K)
[7554.415s][info][gc             ] GC(1399) Pause Young (Concurrent Start) (G1 Evacuation Pause) 7401M->3123M(8192M) 151.179ms
[7554.415s][info][gc             ] GC(1400) Concurrent Mark Cycle
[7554.415s][info][gc,marking     ] GC(1400) Concurrent Scan Root Regions
[7554.415s][info][gc,cpu         ] GC(1399) User=1.20s Sys=0.00s Real=0.15s
[7554.673s][info][gc,marking     ] GC(1400) Concurrent Scan Root Regions 257.894ms
[7554.673s][info][gc,marking     ] GC(1400) Concurrent Mark
[7554.673s][info][gc,marking     ] GC(1400) Concurrent Mark From Roots
[7554.673s][info][gc,task        ] GC(1400) Using 2 workers of 2 for marking
.[7555.871s][info][gc,marking     ] GC(1400) Concurrent Mark From Roots 1198.588ms
[7555.871s][info][gc,marking     ] GC(1400) Concurrent Preclean
[7555.871s][info][gc,marking     ] GC(1400) Concurrent Preclean 0.051ms
[7555.871s][info][gc,start       ] GC(1400) Pause Remark
[7555.874s][info][gc             ] GC(1400) Pause Remark 4919M->4303M(8192M) 2.661ms
[7555.874s][info][gc,cpu         ] GC(1400) User=0.02s Sys=0.00s Real=0.00s
[7555.874s][info][gc,marking     ] GC(1400) Concurrent Mark 1201.621ms
[7555.874s][info][gc,marking     ] GC(1400) Concurrent Rebuild Remembered Sets and Scrub Regions
.[7556.674s][info][gc,marking     ] GC(1400) Concurrent Rebuild Remembered Sets and Scrub Regions 800.261ms
[7556.675s][info][gc,start       ] GC(1400) Pause Cleanup
[7556.675s][info][gc             ] GC(1400) Pause Cleanup 5340M->5340M(8192M) 0.264ms
[7556.675s][info][gc,cpu         ] GC(1400) User=0.00s Sys=0.00s Real=0.00s
[7556.675s][info][gc,marking     ] GC(1400) Concurrent Clear Claimed Marks
[7556.675s][info][gc,marking     ] GC(1400) Concurrent Clear Claimed Marks 0.039ms
[7556.675s][info][gc,marking     ] GC(1400) Concurrent Cleanup for Next Mark
[7556.686s][info][gc,marking     ] GC(1400) Concurrent Cleanup for Next Mark 10.696ms
[7556.686s][info][gc             ] GC(1400) Concurrent Mark Cycle 2271.206ms
.[7557.569s][info][gc,start       ] GC(1401) Pause Young (Prepare Mixed) (G1 Evacuation Pause)
[7557.569s][info][gc,task        ] GC(1401) Using 8 workers of 8 for evacuation
[7557.719s][info][gc,phases      ] GC(1401)   Pre Evacuate Collection Set: 0.22ms
[7557.720s][info][gc,phases      ] GC(1401)   Merge Heap Roots: 0.67ms
[7557.720s][info][gc,phases      ] GC(1401)   Evacuate Collection Set: 148.69ms
[7557.720s][info][gc,phases      ] GC(1401)   Post Evacuate Collection Set: 1.07ms
[7557.720s][info][gc,phases      ] GC(1401)   Other: 0.06ms
[7557.720s][info][gc,heap        ] GC(1401) Eden regions: 536->0(572)
[7557.720s][info][gc,heap        ] GC(1401) Survivor regions: 43->42(73)
[7557.720s][info][gc,heap        ] GC(1401) Old regions: 240->247
[7557.720s][info][gc,heap        ] GC(1401) Humongous regions: 33->33
[7557.720s][info][gc,metaspace   ] GC(1401) Metaspace: 30017K(30208K)->30017K(30208K) NonClass: 30017K(30208K)->30017K(30208K) Class: 0K(0K)->0K(0K)
[7557.720s][info][gc             ] GC(1401) Pause Young (Prepare Mixed) (G1 Evacuation Pause) 6795M->2563M(8192M) 150.850ms
[7557.720s][info][gc,cpu         ] GC(1401) User=1.20s Sys=0.00s Real=0.15s
...[7560.500s][info][gc,start       ] GC(1402) Pause Young (Mixed) (G1 Evacuation Pause)
[7560.500s][info][gc,task        ] GC(1402) Using 8 workers of 8 for evacuation
[7560.658s][info][gc,phases      ] GC(1402)   Pre Evacuate Collection Set: 0.26ms
[7560.658s][info][gc,phases      ] GC(1402)   Merge Heap Roots: 0.76ms
[7560.658s][info][gc,phases      ] GC(1402)   Evacuate Collection Set: 155.51ms
[7560.658s][info][gc,phases      ] GC(1402)   Post Evacuate Collection Set: 1.20ms
[7560.658s][info][gc,phases      ] GC(1402)   Other: 0.07ms
[7560.658s][info][gc,heap        ] GC(1402) Eden regions: 572->0(571)
[7560.658s][info][gc,heap        ] GC(1402) Survivor regions: 42->43(77)
[7560.658s][info][gc,heap        ] GC(1402) Old regions: 247->153
[7560.658s][info][gc,heap        ] GC(1402) Humongous regions: 33->33
[7560.658s][info][gc,metaspace   ] GC(1402) Metaspace: 30017K(30208K)->30017K(30208K) NonClass: 30017K(30208K)->30017K(30208K) Class: 0K(0K)->0K(0K)
[7560.658s][info][gc             ] GC(1402) Pause Young (Mixed) (G1 Evacuation Pause) 7139M->1813M(8192M) 157.937ms
[7560.658s][info][gc,cpu         ] GC(1402) User=1.25s Sys=0.00s Real=0.16s
...[7563.468s][info][gc,start       ] GC(1403) Pause Young (Mixed) (G1 Evacuation Pause)
[7563.468s][info][gc,task        ] GC(1403) Using 8 workers of 8 for evacuation
[7563.626s][info][gc,phases      ] GC(1403)   Pre Evacuate Collection Set: 0.23ms
[7563.626s][info][gc,phases      ] GC(1403)   Merge Heap Roots: 0.71ms
[7563.626s][info][gc,phases      ] GC(1403)   Evacuate Collection Set: 156.67ms
[7563.626s][info][gc,phases      ] GC(1403)   Post Evacuate Collection Set: 1.05ms
[7563.626s][info][gc,phases      ] GC(1403)   Other: 0.07ms
[7563.626s][info][gc,heap        ] GC(1403) Eden regions: 571->0(570)
[7563.626s][info][gc,heap        ] GC(1403) Survivor regions: 43->44(77)
[7563.626s][info][gc,heap        ] GC(1403) Old regions: 153->144
[7563.626s][info][gc,heap        ] GC(1403) Humongous regions: 33->33
[7563.626s][info][gc,metaspace   ] GC(1403) Metaspace: 30017K(30208K)->30017K(30208K) NonClass: 30017K(30208K)->30017K(30208K) Class: 0K(0K)->0K(0K)
[7563.626s][info][gc             ] GC(1403) Pause Young (Mixed) (G1 Evacuation Pause) 6381M->1749M(8192M) 158.867ms
[7563.626s][info][gc,cpu         ] GC(1403) User=1.26s Sys=0.00s Real=0.16s
...[7566.444s][info][gc,start       ] GC(1404) Pause Young (Normal) (G1 Evacuation Pause)
[7566.444s][info][gc,task        ] GC(1404) Using 8 workers of 8 for evacuation
[7566.609s][info][gc,phases      ] GC(1404)   Pre Evacuate Collection Set: 0.21ms
[7566.609s][info][gc,phases      ] GC(1404)   Merge Heap Roots: 0.48ms
[7566.609s][info][gc,phases      ] GC(1404)   Evacuate Collection Set: 163.34ms
[7566.609s][info][gc,phases      ] GC(1404)   Post Evacuate Collection Set: 1.01ms
[7566.609s][info][gc,phases      ] GC(1404)   Other: 0.07ms
[7566.609s][info][gc,heap        ] GC(1404) Eden regions: 570->0(568)
[7566.609s][info][gc,heap        ] GC(1404) Survivor regions: 44->46(77)
[7566.609s][info][gc,heap        ] GC(1404) Old regions: 144->151
[7566.609s][info][gc,heap        ] GC(1404) Humongous regions: 33->33
[7566.609s][info][gc,metaspace   ] GC(1404) Metaspace: 30017K(30208K)->30017K(30208K) NonClass: 30017K(30208K)->30017K(30208K) Class: 0K(0K)->0K(0K)
[7566.609s][info][gc             ] GC(1404) Pause Young (Normal) (G1 Evacuation Pause) 6309M->1825M(8192M) 165.237ms
[7566.609s][info][gc,cpu         ] GC(1404) User=1.31s Sys=0.00s Real=0.16s
...[7569.408s][info][gc,start       ] GC(1405) Pause Young (Normal) (G1 Evacuation Pause)
[7569.408s][info][gc,task        ] GC(1405) Using 8 workers of 8 for evacuation
[7569.559s][info][gc,phases      ] GC(1405)   Pre Evacuate Collection Set: 0.21ms
[7569.559s][info][gc,phases      ] GC(1405)   Merge Heap Roots: 0.48ms
[7569.559s][info][gc,phases      ] GC(1405)   Evacuate Collection Set: 148.94ms
[7569.559s][info][gc,phases      ] GC(1405)   Post Evacuate Collection Set: 1.00ms
[7569.559s][info][gc,phases      ] GC(1405)   Other: 0.06ms
[7569.559s][info][gc,heap        ] GC(1405) Eden regions: 568->0(571)
[7569.559s][info][gc,heap        ] GC(1405) Survivor regions: 46->43(77)
[7569.559s][info][gc,heap        ] GC(1405) Old regions: 151->158
[7569.559s][info][gc,heap        ] GC(1405) Humongous regions: 33->33
[7569.559s][info][gc,metaspace   ] GC(1405) Metaspace: 30017K(30208K)->30017K(30208K) NonClass: 30017K(30208K)->30017K(30208K) Class: 0K(0K)->0K(0K)
[7569.559s][info][gc             ] GC(1405) Pause Young (Normal) (G1 Evacuation Pause) 6369M->1855M(8192M) 150.834ms
[7569.559s][info][gc,cpu         ] GC(1405) User=1.19s Sys=0.00s Real=0.15s
...[7572.328s][info][gc,start       ] GC(1406) Pause Young (Normal) (G1 Evacuation Pause)
[7572.328s][info][gc,task        ] GC(1406) Using 8 workers of 8 for evacuation
[7572.485s][info][gc,phases      ] GC(1406)   Pre Evacuate Collection Set: 0.21ms
[7572.485s][info][gc,phases      ] GC(1406)   Merge Heap Roots: 0.50ms
[7572.485s][info][gc,phases      ] GC(1406)   Evacuate Collection Set: 154.84ms
[7572.485s][info][gc,phases      ] GC(1406)   Post Evacuate Collection Set: 1.04ms
[7572.485s][info][gc,phases      ] GC(1406)   Other: 0.06ms
[7572.485s][info][gc,heap        ] GC(1406) Eden regions: 571->0(570)
[7572.485s][info][gc,heap        ] GC(1406) Survivor regions: 43->44(77)
[7572.485s][info][gc,heap        ] GC(1406) Old regions: 158->166
[7572.485s][info][gc,heap        ] GC(1406) Humongous regions: 33->33
[7572.485s][info][gc,metaspace   ] GC(1406) Metaspace: 30017K(30208K)->30017K(30208K) NonClass: 30017K(30208K)->30017K(30208K) Class: 0K(0K)->0K(0K)
[7572.485s][info][gc             ] GC(1406) Pause Young (Normal) (G1 Evacuation Pause) 6423M->1925M(8192M) 156.790ms
[7572.485s][info][gc,cpu         ] GC(1406) User=1.24s Sys=0.00s Real=0.16s
...[7575.278s][info][gc,start       ] GC(1407) Pause Young (Normal) (G1 Evacuation Pause)
[7575.278s][info][gc,task        ] GC(1407) Using 8 workers of 8 for evacuation
[7575.430s][info][gc,phases      ] GC(1407)   Pre Evacuate Collection Set: 0.21ms
[7575.430s][info][gc,phases      ] GC(1407)   Merge Heap Roots: 0.48ms
[7575.430s][info][gc,phases      ] GC(1407)   Evacuate Collection Set: 149.99ms
[7575.430s][info][gc,phases      ] GC(1407)   Post Evacuate Collection Set: 0.99ms
[7575.430s][info][gc,phases      ] GC(1407)   Other: 0.06ms
[7575.430s][info][gc,heap        ] GC(1407) Eden regions: 570->0(571)
[7575.430s][info][gc,heap        ] GC(1407) Survivor regions: 44->43(77)
[7575.430s][info][gc,heap        ] GC(1407) Old regions: 166->173
[7575.430s][info][gc,heap        ] GC(1407) Humongous regions: 33->33
[7575.430s][info][gc,metaspace   ] GC(1407) Metaspace: 30017K(30208K)->30017K(30208K) NonClass: 30017K(30208K)->30017K(30208K) Class: 0K(0K)->0K(0K)
[7575.430s][info][gc             ] GC(1407) Pause Young (Normal) (G1 Evacuation Pause) 6485M->1974M(8192M) 151.852ms
[7575.430s][info][gc,cpu         ] GC(1407) User=1.20s Sys=0.00s Real=0.16s
. (rIR:aIR:PR = 12730:12725:12712) (tPR = 187987) [OK] 
  7576s: Performance info:
         Transaction,    Success,    Partial,     Failed,   Receipts, AvgBarcode, 
             Overall,     763095,          0,          0,     724665,      59.47, 
         Response times:
             Request,    Success,    Partial,     Failed,   SkipFail,     Probes,    Samples,      min,      p50,      p90,      p95,      p99,      max, 
       TotalPurchase,     725513,          0,          0,          0,     307714,     769676,      300,    72000,   292000,   394000,   680000,  5600000,
     InStorePurchase,     381234,          0,          0,          0,     160344,     404190,      300,    73000,   292000,   388000,   650000,  5600000,
      OnlinePurchase,     267890,          0,          0,          0,     112203,     283225,      300,    72000,   291000,   402000,   700000,  5600000,
        InstPurchase,      76389,          0,          0,          0,      35167,      82261,      500,    72000,   294000,   398000,   630000,  4600000,
          AssocOfCat,        766,          0,          0,          0,        623,       1675,    37000,   133000,   356800,   446000,   584160,   700000,
      AssocOfProduct,       7714,          0,          0,          0,       3356,       8482,     1000,    71000,   284700,   389850,   579340,  1500000,
      BusinessReport,       1911,          0,          0,          0,       1596,       4023,    36000,   136000,   353000,   445000,   536760,  3600000,
          CustBuyBeh,       7727,          0,          0,          0,       3420,       8446,      700,    73000,   299000,   385000,   599000,  5500000,
       ProductReturn,      20278,          0,          0,          0,       9223,      22309,      200,    68000,   290000,   374000,   578800,  4600000,

  7576s: (93%)   IR =  12868 .[7578.284s][info][gc,start       ] GC(1408) Pause Young (Normal) (G1 Evacuation Pause)
[7578.284s][info][gc,task        ] GC(1408) Using 8 workers of 8 for evacuation
[7578.438s][info][gc,phases      ] GC(1408)   Pre Evacuate Collection Set: 0.22ms
[7578.438s][info][gc,phases      ] GC(1408)   Merge Heap Roots: 0.49ms
[7578.438s][info][gc,phases      ] GC(1408)   Evacuate Collection Set: 152.63ms
[7578.438s][info][gc,phases      ] GC(1408)   Post Evacuate Collection Set: 1.02ms
[7578.438s][info][gc,phases      ] GC(1408)   Other: 0.06ms
[7578.438s][info][gc,heap        ] GC(1408) Eden regions: 571->0(570)
[7578.438s][info][gc,heap        ] GC(1408) Survivor regions: 43->44(77)
[7578.438s][info][gc,heap        ] GC(1408) Old regions: 173->180
[7578.438s][info][gc,heap        ] GC(1408) Humongous regions: 33->33
[7578.438s][info][gc,metaspace   ] GC(1408) Metaspace: 30017K(30208K)->30017K(30208K) NonClass: 30017K(30208K)->30017K(30208K) Class: 0K(0K)->0K(0K)
[7578.438s][info][gc             ] GC(1408) Pause Young (Normal) (G1 Evacuation Pause) 6542M->2038M(8192M) 154.555ms
[7578.439s][info][gc,cpu         ] GC(1408) User=1.23s Sys=0.01s Real=0.15s
...[7581.290s][info][gc,start       ] GC(1409) Pause Young (Normal) (G1 Evacuation Pause)
[7581.290s][info][gc,task        ] GC(1409) Using 8 workers of 8 for evacuation
[7581.439s][info][gc,phases      ] GC(1409)   Pre Evacuate Collection Set: 0.24ms
[7581.439s][info][gc,phases      ] GC(1409)   Merge Heap Roots: 0.49ms
[7581.439s][info][gc,phases      ] GC(1409)   Evacuate Collection Set: 147.05ms
[7581.439s][info][gc,phases      ] GC(1409)   Post Evacuate Collection Set: 1.01ms
[7581.439s][info][gc,phases      ] GC(1409)   Other: 0.06ms
[7581.439s][info][gc,heap        ] GC(1409) Eden regions: 570->0(571)
[7581.439s][info][gc,heap        ] GC(1409) Survivor regions: 44->43(77)
[7581.439s][info][gc,heap        ] GC(1409) Old regions: 180->187
[7581.439s][info][gc,heap        ] GC(1409) Humongous regions: 33->33
[7581.439s][info][gc,metaspace   ] GC(1409) Metaspace: 30017K(30208K)->30017K(30208K) NonClass: 30017K(30208K)->30017K(30208K) Class: 0K(0K)->0K(0K)
[7581.439s][info][gc             ] GC(1409) Pause Young (Normal) (G1 Evacuation Pause) 6598M->2087M(8192M) 148.975ms
[7581.439s][info][gc,cpu         ] GC(1409) User=1.18s Sys=0.00s Real=0.14s
...[7584.258s][info][gc,start       ] GC(1410) Pause Young (Normal) (G1 Evacuation Pause)
[7584.258s][info][gc,task        ] GC(1410) Using 8 workers of 8 for evacuation
[7584.409s][info][gc,phases      ] GC(1410)   Pre Evacuate Collection Set: 0.23ms
[7584.409s][info][gc,phases      ] GC(1410)   Merge Heap Roots: 0.49ms
[7584.409s][info][gc,phases      ] GC(1410)   Evacuate Collection Set: 149.17ms
[7584.409s][info][gc,phases      ] GC(1410)   Post Evacuate Collection Set: 1.03ms
[7584.409s][info][gc,phases      ] GC(1410)   Other: 0.06ms
[7584.409s][info][gc,heap        ] GC(1410) Eden regions: 571->0(571)
[7584.409s][info][gc,heap        ] GC(1410) Survivor regions: 43->43(77)
[7584.409s][info][gc,heap        ] GC(1410) Old regions: 187->194
[7584.409s][info][gc,heap        ] GC(1410) Humongous regions: 33->33
[7584.409s][info][gc,metaspace   ] GC(1410) Metaspace: 30017K(30208K)->30017K(30208K) NonClass: 30017K(30208K)->30017K(30208K) Class: 0K(0K)->0K(0K)
[7584.409s][info][gc             ] GC(1410) Pause Young (Normal) (G1 Evacuation Pause) 6655M->2146M(8192M) 151.111ms
[7584.409s][info][gc,cpu         ] GC(1410) User=1.20s Sys=0.00s Real=0.15s
...[7587.189s][info][gc,start       ] GC(1411) Pause Young (Normal) (G1 Evacuation Pause)
[7587.189s][info][gc,task        ] GC(1411) Using 8 workers of 8 for evacuation
[7587.340s][info][gc,phases      ] GC(1411)   Pre Evacuate Collection Set: 0.23ms
[7587.340s][info][gc,phases      ] GC(1411)   Merge Heap Roots: 0.50ms
[7587.340s][info][gc,phases      ] GC(1411)   Evacuate Collection Set: 148.60ms
[7587.340s][info][gc,phases      ] GC(1411)   Post Evacuate Collection Set: 1.04ms
[7587.340s][info][gc,phases      ] GC(1411)   Other: 0.07ms
[7587.340s][info][gc,heap        ] GC(1411) Eden regions: 571->0(571)
[7587.340s][info][gc,heap        ] GC(1411) Survivor regions: 43->43(77)
[7587.340s][info][gc,heap        ] GC(1411) Old regions: 194->201
[7587.340s][info][gc,heap        ] GC(1411) Humongous regions: 33->33
[7587.340s][info][gc,metaspace   ] GC(1411) Metaspace: 30017K(30208K)->30017K(30208K) NonClass: 30017K(30208K)->30017K(30208K) Class: 0K(0K)->0K(0K)
[7587.340s][info][gc             ] GC(1411) Pause Young (Normal) (G1 Evacuation Pause) 6714M->2198M(8192M) 150.568ms
[7587.340s][info][gc,cpu         ] GC(1411) User=1.19s Sys=0.00s Real=0.16s
..|.[7590.280s][info][gc,start       ] GC(1412) Pause Young (Normal) (G1 Evacuation Pause)
[7590.280s][info][gc,task        ] GC(1412) Using 8 workers of 8 for evacuation
[7590.429s][info][gc,phases      ] GC(1412)   Pre Evacuate Collection Set: 0.23ms
[7590.429s][info][gc,phases      ] GC(1412)   Merge Heap Roots: 0.50ms
[7590.429s][info][gc,phases      ] GC(1412)   Evacuate Collection Set: 146.61ms
[7590.429s][info][gc,phases      ] GC(1412)   Post Evacuate Collection Set: 0.99ms
[7590.429s][info][gc,phases      ] GC(1412)   Other: 0.06ms
[7590.429s][info][gc,heap        ] GC(1412) Eden regions: 571->0(571)
[7590.429s][info][gc,heap        ] GC(1412) Survivor regions: 43->43(77)
[7590.429s][info][gc,heap        ] GC(1412) Old regions: 201->208
[7590.429s][info][gc,heap        ] GC(1412) Humongous regions: 33->33
[7590.429s][info][gc,metaspace   ] GC(1412) Metaspace: 30017K(30208K)->30017K(30208K) NonClass: 30017K(30208K)->30017K(30208K) Class: 0K(0K)->0K(0K)
[7590.429s][info][gc             ] GC(1412) Pause Young (Normal) (G1 Evacuation Pause) 6766M->2259M(8192M) 148.526ms
[7590.429s][info][gc,cpu         ] GC(1412) User=1.18s Sys=0.00s Real=0.14s
...[7593.277s][info][gc,start       ] GC(1413) Pause Young (Normal) (G1 Evacuation Pause)
[7593.278s][info][gc,task        ] GC(1413) Using 8 workers of 8 for evacuation
[7593.425s][info][gc,phases      ] GC(1413)   Pre Evacuate Collection Set: 0.22ms
[7593.425s][info][gc,phases      ] GC(1413)   Merge Heap Roots: 0.48ms
[7593.425s][info][gc,phases      ] GC(1413)   Evacuate Collection Set: 146.07ms
[7593.425s][info][gc,phases      ] GC(1413)   Post Evacuate Collection Set: 1.02ms
[7593.425s][info][gc,phases      ] GC(1413)   Other: 0.06ms
[7593.425s][info][gc,heap        ] GC(1413) Eden regions: 571->0(571)
[7593.425s][info][gc,heap        ] GC(1413) Survivor regions: 43->43(77)
[7593.425s][info][gc,heap        ] GC(1413) Old regions: 208->216
[7593.425s][info][gc,heap        ] GC(1413) Humongous regions: 33->33
[7593.425s][info][gc,metaspace   ] GC(1413) Metaspace: 30017K(30208K)->30017K(30208K) NonClass: 30017K(30208K)->30017K(30208K) Class: 0K(0K)->0K(0K)
[7593.425s][info][gc             ] GC(1413) Pause Young (Normal) (G1 Evacuation Pause) 6827M->2313M(8192M) 147.964ms
[7593.425s][info][gc,cpu         ] GC(1413) User=1.17s Sys=0.00s Real=0.15s
...[7596.384s][info][gc,start       ] GC(1414) Pause Young (Normal) (G1 Evacuation Pause)
[7596.385s][info][gc,task        ] GC(1414) Using 8 workers of 8 for evacuation
[7596.541s][info][gc,phases      ] GC(1414)   Pre Evacuate Collection Set: 0.23ms
[7596.541s][info][gc,phases      ] GC(1414)   Merge Heap Roots: 0.51ms
[7596.541s][info][gc,phases      ] GC(1414)   Evacuate Collection Set: 154.24ms
[7596.541s][info][gc,phases      ] GC(1414)   Post Evacuate Collection Set: 1.02ms
[7596.541s][info][gc,phases      ] GC(1414)   Other: 0.06ms
[7596.541s][info][gc,heap        ] GC(1414) Eden regions: 571->0(571)
[7596.541s][info][gc,heap        ] GC(1414) Survivor regions: 43->43(77)
[7596.541s][info][gc,heap        ] GC(1414) Old regions: 216->223
[7596.541s][info][gc,heap        ] GC(1414) Humongous regions: 33->33
[7596.541s][info][gc,metaspace   ] GC(1414) Metaspace: 30017K(30208K)->30017K(30208K) NonClass: 30017K(30208K)->30017K(30208K) Class: 0K(0K)->0K(0K)
[7596.541s][info][gc             ] GC(1414) Pause Young (Normal) (G1 Evacuation Pause) 6881M->2373M(8192M) 156.927ms
[7596.541s][info][gc,cpu         ] GC(1414) User=1.24s Sys=0.00s Real=0.16s
...[7599.520s][info][gc,start       ] GC(1415) Pause Young (Normal) (G1 Evacuation Pause)
[7599.520s][info][gc,task        ] GC(1415) Using 8 workers of 8 for evacuation
[7599.669s][info][gc,phases      ] GC(1415)   Pre Evacuate Collection Set: 0.23ms
[7599.669s][info][gc,phases      ] GC(1415)   Merge Heap Roots: 0.49ms
[7599.669s][info][gc,phases      ] GC(1415)   Evacuate Collection Set: 147.08ms
[7599.669s][info][gc,phases      ] GC(1415)   Post Evacuate Collection Set: 1.02ms
[7599.669s][info][gc,phases      ] GC(1415)   Other: 0.06ms
[7599.669s][info][gc,heap        ] GC(1415) Eden regions: 571->0(571)
[7599.669s][info][gc,heap        ] GC(1415) Survivor regions: 43->43(77)
[7599.669s][info][gc,heap        ] GC(1415) Old regions: 223->230
[7599.669s][info][gc,heap        ] GC(1415) Humongous regions: 33->33
[7599.669s][info][gc,metaspace   ] GC(1415) Metaspace: 30017K(30208K)->30017K(30208K) NonClass: 30017K(30208K)->30017K(30208K) Class: 0K(0K)->0K(0K)
[7599.669s][info][gc             ] GC(1415) Pause Young (Normal) (G1 Evacuation Pause) 6941M->2426M(8192M) 149.003ms
[7599.669s][info][gc,cpu         ] GC(1415) User=1.18s Sys=0.00s Real=0.14s
...[7602.496s][info][gc,start       ] GC(1416) Pause Young (Normal) (G1 Evacuation Pause)
[7602.496s][info][gc,task        ] GC(1416) Using 8 workers of 8 for evacuation
[7602.650s][info][gc,phases      ] GC(1416)   Pre Evacuate Collection Set: 0.25ms
[7602.650s][info][gc,phases      ] GC(1416)   Merge Heap Roots: 0.49ms
[7602.650s][info][gc,phases      ] GC(1416)   Evacuate Collection Set: 152.30ms
[7602.650s][info][gc,phases      ] GC(1416)   Post Evacuate Collection Set: 1.02ms
[7602.650s][info][gc,phases      ] GC(1416)   Other: 0.06ms
[7602.650s][info][gc,heap        ] GC(1416) Eden regions: 571->0(570)
[7602.650s][info][gc,heap        ] GC(1416) Survivor regions: 43->44(77)
[7602.650s][info][gc,heap        ] GC(1416) Old regions: 230->237
[7602.650s][info][gc,heap        ] GC(1416) Humongous regions: 33->33
[7602.650s][info][gc,metaspace   ] GC(1416) Metaspace: 30017K(30208K)->30017K(30208K) NonClass: 30017K(30208K)->30017K(30208K) Class: 0K(0K)->0K(0K)
[7602.650s][info][gc             ] GC(1416) Pause Young (Normal) (G1 Evacuation Pause) 6994M->2497M(8192M) 154.243ms
[7602.650s][info][gc,cpu         ] GC(1416) User=1.22s Sys=0.00s Real=0.16s
...[7605.512s][info][gc,start       ] GC(1417) Pause Young (Normal) (G1 Evacuation Pause)
[7605.512s][info][gc,task        ] GC(1417) Using 8 workers of 8 for evacuation
[7605.663s][info][gc,phases      ] GC(1417)   Pre Evacuate Collection Set: 0.23ms
[7605.663s][info][gc,phases      ] GC(1417)   Merge Heap Roots: 0.48ms
[7605.663s][info][gc,phases      ] GC(1417)   Evacuate Collection Set: 149.08ms
[7605.663s][info][gc,phases      ] GC(1417)   Post Evacuate Collection Set: 1.02ms
[7605.663s][info][gc,phases      ] GC(1417)   Other: 0.06ms
[7605.663s][info][gc,heap        ] GC(1417) Eden regions: 570->0(571)
[7605.663s][info][gc,heap        ] GC(1417) Survivor regions: 44->43(77)
[7605.663s][info][gc,heap        ] GC(1417) Old regions: 237->244
[7605.663s][info][gc,heap        ] GC(1417) Humongous regions: 33->33
[7605.663s][info][gc,metaspace   ] GC(1417) Metaspace: 30017K(30208K)->30017K(30208K) NonClass: 30017K(30208K)->30017K(30208K) Class: 0K(0K)->0K(0K)
[7605.663s][info][gc             ] GC(1417) Pause Young (Normal) (G1 Evacuation Pause) 7057M->2546M(8192M) 151.018ms
[7605.663s][info][gc,cpu         ] GC(1417) User=1.20s Sys=0.01s Real=0.15s
...[7608.531s][info][gc,start       ] GC(1418) Pause Young (Normal) (G1 Evacuation Pause)
[7608.532s][info][gc,task        ] GC(1418) Using 8 workers of 8 for evacuation
[7608.681s][info][gc,phases      ] GC(1418)   Pre Evacuate Collection Set: 0.24ms
[7608.682s][info][gc,phases      ] GC(1418)   Merge Heap Roots: 0.49ms
[7608.682s][info][gc,phases      ] GC(1418)   Evacuate Collection Set: 148.16ms
[7608.682s][info][gc,phases      ] GC(1418)   Post Evacuate Collection Set: 1.02ms
[7608.682s][info][gc,phases      ] GC(1418)   Other: 0.06ms
[7608.682s][info][gc,heap        ] GC(1418) Eden regions: 571->0(570)
[7608.682s][info][gc,heap        ] GC(1418) Survivor regions: 43->44(77)
[7608.682s][info][gc,heap        ] GC(1418) Old regions: 244->251
[7608.682s][info][gc,heap        ] GC(1418) Humongous regions: 33->33
[7608.682s][info][gc,metaspace   ] GC(1418) Metaspace: 30017K(30208K)->30017K(30208K) NonClass: 30017K(30208K)->30017K(30208K) Class: 0K(0K)->0K(0K)
[7608.682s][info][gc             ] GC(1418) Pause Young (Normal) (G1 Evacuation Pause) 7114M->2607M(8192M) 150.113ms
[7608.682s][info][gc,cpu         ] GC(1418) User=1.19s Sys=0.00s Real=0.15s
...[7611.567s][info][gc,start       ] GC(1419) Pause Young (Normal) (G1 Evacuation Pause)
[7611.567s][info][gc,task        ] GC(1419) Using 8 workers of 8 for evacuation
[7611.726s][info][gc,phases      ] GC(1419)   Pre Evacuate Collection Set: 0.23ms
[7611.726s][info][gc,phases      ] GC(1419)   Merge Heap Roots: 0.50ms
[7611.726s][info][gc,phases      ] GC(1419)   Evacuate Collection Set: 157.40ms
[7611.726s][info][gc,phases      ] GC(1419)   Post Evacuate Collection Set: 1.01ms
[7611.726s][info][gc,phases      ] GC(1419)   Other: 0.06ms
[7611.726s][info][gc,heap        ] GC(1419) Eden regions: 570->0(568)
[7611.726s][info][gc,heap        ] GC(1419) Survivor regions: 44->46(77)
[7611.726s][info][gc,heap        ] GC(1419) Old regions: 251->259
[7611.726s][info][gc,heap        ] GC(1419) Humongous regions: 33->33
[7611.726s][info][gc,metaspace   ] GC(1419) Metaspace: 30017K(30208K)->30017K(30208K) NonClass: 30017K(30208K)->30017K(30208K) Class: 0K(0K)->0K(0K)
[7611.726s][info][gc             ] GC(1419) Pause Young (Normal) (G1 Evacuation Pause) 7167M->2683M(8192M) 159.345ms
[7611.727s][info][gc,cpu         ] GC(1419) User=1.26s Sys=0.00s Real=0.16s
...[7614.600s][info][gc,start       ] GC(1420) Pause Young (Normal) (G1 Evacuation Pause)
[7614.600s][info][gc,task        ] GC(1420) Using 8 workers of 8 for evacuation
[7614.759s][info][gc,phases      ] GC(1420)   Pre Evacuate Collection Set: 0.23ms
[7614.759s][info][gc,phases      ] GC(1420)   Merge Heap Roots: 0.53ms
[7614.759s][info][gc,phases      ] GC(1420)   Evacuate Collection Set: 157.28ms
[7614.759s][info][gc,phases      ] GC(1420)   Post Evacuate Collection Set: 1.04ms
[7614.759s][info][gc,phases      ] GC(1420)   Other: 0.07ms
[7614.759s][info][gc,heap        ] GC(1420) Eden regions: 568->0(568)
[7614.759s][info][gc,heap        ] GC(1420) Survivor regions: 46->46(77)
[7614.759s][info][gc,heap        ] GC(1420) Old regions: 259->266
[7614.759s][info][gc,heap        ] GC(1420) Humongous regions: 33->33
[7614.759s][info][gc,metaspace   ] GC(1420) Metaspace: 30017K(30208K)->30017K(30208K) NonClass: 30017K(30208K)->30017K(30208K) Class: 0K(0K)->0K(0K)
[7614.759s][info][gc             ] GC(1420) Pause Young (Normal) (G1 Evacuation Pause) 7227M->2743M(8192M) 159.283ms
[7614.759s][info][gc,cpu         ] GC(1420) User=1.26s Sys=0.00s Real=0.15s
...[7617.645s][info][gc,start       ] GC(1421) Pause Young (Normal) (G1 Evacuation Pause)
[7617.645s][info][gc,task        ] GC(1421) Using 8 workers of 8 for evacuation
[7617.796s][info][gc,phases      ] GC(1421)   Pre Evacuate Collection Set: 0.24ms
[7617.797s][info][gc,phases      ] GC(1421)   Merge Heap Roots: 0.51ms
[7617.797s][info][gc,phases      ] GC(1421)   Evacuate Collection Set: 149.92ms
[7617.797s][info][gc,phases      ] GC(1421)   Post Evacuate Collection Set: 1.02ms
[7617.797s][info][gc,phases      ] GC(1421)   Other: 0.07ms
[7617.797s][info][gc,heap        ] GC(1421) Eden regions: 568->0(570)
[7617.797s][info][gc,heap        ] GC(1421) Survivor regions: 46->44(77)
[7617.797s][info][gc,heap        ] GC(1421) Old regions: 266->273
[7617.797s][info][gc,heap        ] GC(1421) Humongous regions: 33->33
[7617.797s][info][gc,metaspace   ] GC(1421) Metaspace: 30017K(30208K)->30017K(30208K) NonClass: 30017K(30208K)->30017K(30208K) Class: 0K(0K)->0K(0K)
[7617.797s][info][gc             ] GC(1421) Pause Young (Normal) (G1 Evacuation Pause) 7287M->2783M(8192M) 151.900ms
[7617.797s][info][gc,cpu         ] GC(1421) User=1.20s Sys=0.00s Real=0.15s
...[7620.709s][info][gc,start       ] GC(1422) Pause Young (Normal) (G1 Evacuation Pause)
[7620.709s][info][gc,task        ] GC(1422) Using 8 workers of 8 for evacuation
[7620.862s][info][gc,phases      ] GC(1422)   Pre Evacuate Collection Set: 0.24ms
[7620.862s][info][gc,phases      ] GC(1422)   Merge Heap Roots: 0.58ms
[7620.862s][info][gc,phases      ] GC(1422)   Evacuate Collection Set: 151.12ms
[7620.862s][info][gc,phases      ] GC(1422)   Post Evacuate Collection Set: 1.04ms
[7620.862s][info][gc,phases      ] GC(1422)   Other: 0.07ms
[7620.862s][info][gc,heap        ] GC(1422) Eden regions: 570->0(570)
[7620.862s][info][gc,heap        ] GC(1422) Survivor regions: 44->44(77)
[7620.862s][info][gc,heap        ] GC(1422) Old regions: 273->281
[7620.862s][info][gc,heap        ] GC(1422) Humongous regions: 33->33
[7620.862s][info][gc,metaspace   ] GC(1422) Metaspace: 30017K(30208K)->30017K(30208K) NonClass: 30017K(30208K)->30017K(30208K) Class: 0K(0K)->0K(0K)
[7620.862s][info][gc             ] GC(1422) Pause Young (Normal) (G1 Evacuation Pause) 7343M->2842M(8192M) 153.185ms
[7620.862s][info][gc,cpu         ] GC(1422) User=1.21s Sys=0.00s Real=0.16s
...[7623.715s][info][gc,start       ] GC(1423) Pause Young (Normal) (G1 Evacuation Pause)
[7623.715s][info][gc,task        ] GC(1423) Using 8 workers of 8 for evacuation
[7623.871s][info][gc,phases      ] GC(1423)   Pre Evacuate Collection Set: 0.23ms
[7623.871s][info][gc,phases      ] GC(1423)   Merge Heap Roots: 0.50ms
[7623.871s][info][gc,phases      ] GC(1423)   Evacuate Collection Set: 154.50ms
[7623.871s][info][gc,phases      ] GC(1423)   Post Evacuate Collection Set: 1.02ms
[7623.871s][info][gc,phases      ] GC(1423)   Other: 0.06ms
[7623.871s][info][gc,heap        ] GC(1423) Eden regions: 570->0(563)
[7623.871s][info][gc,heap        ] GC(1423) Survivor regions: 44->44(77)
[7623.871s][info][gc,heap        ] GC(1423) Old regions: 281->288
[7623.871s][info][gc,heap        ] GC(1423) Humongous regions: 33->33
[7623.871s][info][gc,metaspace   ] GC(1423) Metaspace: 30017K(30208K)->30017K(30208K) NonClass: 30017K(30208K)->30017K(30208K) Class: 0K(0K)->0K(0K)
[7623.871s][info][gc             ] GC(1423) Pause Young (Normal) (G1 Evacuation Pause) 7402M->2907M(8192M) 156.424ms
[7623.871s][info][gc,cpu         ] GC(1423) User=1.25s Sys=0.00s Real=0.16s
...[7626.742s][info][gc,start       ] GC(1424) Pause Young (Normal) (G1 Evacuation Pause)
[7626.742s][info][gc,task        ] GC(1424) Using 8 workers of 8 for evacuation
[7626.895s][info][gc,phases      ] GC(1424)   Pre Evacuate Collection Set: 0.27ms
[7626.895s][info][gc,phases      ] GC(1424)   Merge Heap Roots: 0.49ms
[7626.895s][info][gc,phases      ] GC(1424)   Evacuate Collection Set: 150.23ms
[7626.895s][info][gc,phases      ] GC(1424)   Post Evacuate Collection Set: 1.04ms
[7626.895s][info][gc,phases      ] GC(1424)   Other: 0.06ms
[7626.895s][info][gc,heap        ] GC(1424) Eden regions: 563->0(555)
[7626.895s][info][gc,heap        ] GC(1424) Survivor regions: 44->44(76)
[7626.895s][info][gc,heap        ] GC(1424) Old regions: 288->296
[7626.895s][info][gc,heap        ] GC(1424) Humongous regions: 33->33
[7626.895s][info][gc,metaspace   ] GC(1424) Metaspace: 30017K(30208K)->30017K(30208K) NonClass: 30017K(30208K)->30017K(30208K) Class: 0K(0K)->0K(0K)
[7626.895s][info][gc             ] GC(1424) Pause Young (Normal) (G1 Evacuation Pause) 7411M->2965M(8192M) 152.227ms
[7626.895s][info][gc,cpu         ] GC(1424) User=1.21s Sys=0.00s Real=0.15s
...[7629.654s][info][gc,start       ] GC(1425) Pause Young (Normal) (G1 Evacuation Pause)
[7629.654s][info][gc,task        ] GC(1425) Using 8 workers of 8 for evacuation
[7629.804s][info][gc,phases      ] GC(1425)   Pre Evacuate Collection Set: 0.24ms
[7629.804s][info][gc,phases      ] GC(1425)   Merge Heap Roots: 0.56ms
[7629.804s][info][gc,phases      ] GC(1425)   Evacuate Collection Set: 148.00ms
[7629.804s][info][gc,phases      ] GC(1425)   Post Evacuate Collection Set: 0.99ms
[7629.804s][info][gc,phases      ] GC(1425)   Other: 0.06ms
[7629.804s][info][gc,heap        ] GC(1425) Eden regions: 555->0(548)
[7629.804s][info][gc,heap        ] GC(1425) Survivor regions: 44->44(75)
[7629.804s][info][gc,heap        ] GC(1425) Old regions: 296->303
[7629.804s][info][gc,heap        ] GC(1425) Humongous regions: 33->33
[7629.804s][info][gc,metaspace   ] GC(1425) Metaspace: 30017K(30208K)->30017K(30208K) NonClass: 30017K(30208K)->30017K(30208K) Class: 0K(0K)->0K(0K)
[7629.804s][info][gc             ] GC(1425) Pause Young (Normal) (G1 Evacuation Pause) 7405M->3018M(8192M) 149.979ms
[7629.804s][info][gc,cpu         ] GC(1425) User=1.18s Sys=0.00s Real=0.15s
...[7632.532s][info][gc,start       ] GC(1426) Pause Young (Concurrent Start) (G1 Evacuation Pause)
[7632.532s][info][gc,task        ] GC(1426) Using 8 workers of 8 for evacuation
[7632.690s][info][gc,phases      ] GC(1426)   Pre Evacuate Collection Set: 0.30ms
[7632.690s][info][gc,phases      ] GC(1426)   Merge Heap Roots: 0.50ms
[7632.690s][info][gc,phases      ] GC(1426)   Evacuate Collection Set: 156.92ms
[7632.690s][info][gc,phases      ] GC(1426)   Post Evacuate Collection Set: 0.97ms
[7632.690s][info][gc,phases      ] GC(1426)   Other: 0.09ms
[7632.690s][info][gc,heap        ] GC(1426) Eden regions: 548->0(541)
[7632.690s][info][gc,heap        ] GC(1426) Survivor regions: 44->44(74)
[7632.690s][info][gc,heap        ] GC(1426) Old regions: 303->310
[7632.690s][info][gc,heap        ] GC(1426) Humongous regions: 33->33
[7632.690s][info][gc,metaspace   ] GC(1426) Metaspace: 30017K(30208K)->30017K(30208K) NonClass: 30017K(30208K)->30017K(30208K) Class: 0K(0K)->0K(0K)
[7632.690s][info][gc             ] GC(1426) Pause Young (Concurrent Start) (G1 Evacuation Pause) 7402M->3082M(8192M) 158.910ms
[7632.690s][info][gc             ] GC(1427) Concurrent Mark Cycle
[7632.690s][info][gc,marking     ] GC(1427) Concurrent Scan Root Regions
[7632.691s][info][gc,cpu         ] GC(1426) User=1.26s Sys=0.00s Real=0.16s
.[7632.975s][info][gc,marking     ] GC(1427) Concurrent Scan Root Regions 284.931ms
[7632.975s][info][gc,marking     ] GC(1427) Concurrent Mark
[7632.975s][info][gc,marking     ] GC(1427) Concurrent Mark From Roots
[7632.975s][info][gc,task        ] GC(1427) Using 2 workers of 2 for marking
.[7633.932s][info][gc,marking     ] GC(1427) Concurrent Mark From Roots 956.298ms
[7633.932s][info][gc,marking     ] GC(1427) Concurrent Preclean
[7633.932s][info][gc,marking     ] GC(1427) Concurrent Preclean 0.115ms
[7633.932s][info][gc,start       ] GC(1427) Pause Remark
[7633.934s][info][gc             ] GC(1427) Pause Remark 4490M->3842M(8192M) 2.358ms
[7633.934s][info][gc,cpu         ] GC(1427) User=0.01s Sys=0.00s Real=0.00s
[7633.935s][info][gc,marking     ] GC(1427) Concurrent Mark 959.056ms
[7633.935s][info][gc,marking     ] GC(1427) Concurrent Rebuild Remembered Sets and Scrub Regions
[7634.675s][info][gc,marking     ] GC(1427) Concurrent Rebuild Remembered Sets and Scrub Regions 740.741ms
[7634.675s][info][gc,start       ] GC(1427) Pause Cleanup
[7634.676s][info][gc             ] GC(1427) Pause Cleanup 4791M->4791M(8192M) 0.259ms
[7634.676s][info][gc,cpu         ] GC(1427) User=0.00s Sys=0.00s Real=0.00s
[7634.676s][info][gc,marking     ] GC(1427) Concurrent Clear Claimed Marks
[7634.676s][info][gc,marking     ] GC(1427) Concurrent Clear Claimed Marks 0.050ms
[7634.676s][info][gc,marking     ] GC(1427) Concurrent Cleanup for Next Mark
[7634.686s][info][gc,marking     ] GC(1427) Concurrent Cleanup for Next Mark 9.833ms
[7634.686s][info][gc             ] GC(1427) Concurrent Mark Cycle 1995.284ms
..[7635.927s][info][gc,start       ] GC(1428) Pause Young (Prepare Mixed) (G1 Evacuation Pause)
[7635.927s][info][gc,task        ] GC(1428) Using 8 workers of 8 for evacuation
[7636.079s][info][gc,phases      ] GC(1428)   Pre Evacuate Collection Set: 0.22ms
[7636.079s][info][gc,phases      ] GC(1428)   Merge Heap Roots: 0.66ms
[7636.079s][info][gc,phases      ] GC(1428)   Evacuate Collection Set: 149.73ms
[7636.079s][info][gc,phases      ] GC(1428)   Post Evacuate Collection Set: 1.09ms
[7636.079s][info][gc,phases      ] GC(1428)   Other: 0.07ms
[7636.079s][info][gc,heap        ] GC(1428) Eden regions: 541->0(570)
[7636.079s][info][gc,heap        ] GC(1428) Survivor regions: 44->44(74)
[7636.079s][info][gc,heap        ] GC(1428) Old regions: 229->237
[7636.079s][info][gc,heap        ] GC(1428) Humongous regions: 33->33
[7636.079s][info][gc,metaspace   ] GC(1428) Metaspace: 30017K(30208K)->30017K(30208K) NonClass: 30017K(30208K)->30017K(30208K) Class: 0K(0K)->0K(0K)
[7636.079s][info][gc             ] GC(1428) Pause Young (Prepare Mixed) (G1 Evacuation Pause) 6762M->2489M(8192M) 151.911ms
[7636.079s][info][gc,cpu         ] GC(1428) User=1.21s Sys=0.00s Real=0.15s
...[7638.962s][info][gc,start       ] GC(1429) Pause Young (Mixed) (G1 Evacuation Pause)
[7638.962s][info][gc,task        ] GC(1429) Using 8 workers of 8 for evacuation
[7639.128s][info][gc,phases      ] GC(1429)   Pre Evacuate Collection Set: 0.25ms
[7639.128s][info][gc,phases      ] GC(1429)   Merge Heap Roots: 0.83ms
[7639.128s][info][gc,phases      ] GC(1429)   Evacuate Collection Set: 163.17ms
[7639.128s][info][gc,phases      ] GC(1429)   Post Evacuate Collection Set: 1.18ms
[7639.128s][info][gc,phases      ] GC(1429)   Other: 0.07ms
[7639.128s][info][gc,heap        ] GC(1429) Eden regions: 570->0(570)
[7639.128s][info][gc,heap        ] GC(1429) Survivor regions: 44->44(77)
[7639.128s][info][gc,heap        ] GC(1429) Old regions: 237->143
[7639.128s][info][gc,heap        ] GC(1429) Humongous regions: 33->33
[7639.128s][info][gc,metaspace   ] GC(1429) Metaspace: 30017K(30208K)->30017K(30208K) NonClass: 30017K(30208K)->30017K(30208K) Class: 0K(0K)->0K(0K)
[7639.128s][info][gc             ] GC(1429) Pause Young (Mixed) (G1 Evacuation Pause) 7049M->1738M(8192M) 165.643ms
[7639.128s][info][gc,cpu         ] GC(1429) User=1.31s Sys=0.00s Real=0.16s
..[7641.856s][info][gc,start       ] GC(1430) Pause Young (Mixed) (G1 Evacuation Pause)
[7641.856s][info][gc,task        ] GC(1430) Using 8 workers of 8 for evacuation
[7642.020s][info][gc,phases      ] GC(1430)   Pre Evacuate Collection Set: 0.23ms
[7642.020s][info][gc,phases      ] GC(1430)   Merge Heap Roots: 0.62ms
[7642.020s][info][gc,phases      ] GC(1430)   Evacuate Collection Set: 162.44ms
[7642.020s][info][gc,phases      ] GC(1430)   Post Evacuate Collection Set: 1.05ms
[7642.020s][info][gc,phases      ] GC(1430)   Other: 0.07ms
[7642.020s][info][gc,heap        ] GC(1430) Eden regions: 570->0(568)
[7642.020s][info][gc,heap        ] GC(1430) Survivor regions: 44->46(77)
[7642.020s][info][gc,heap        ] GC(1430) Old regions: 143->144
[7642.020s][info][gc,heap        ] GC(1430) Humongous regions: 33->33
[7642.020s][info][gc,metaspace   ] GC(1430) Metaspace: 30017K(30208K)->30017K(30208K) NonClass: 30017K(30208K)->30017K(30208K) Class: 0K(0K)->0K(0K)
[7642.020s][info][gc             ] GC(1430) Pause Young (Mixed) (G1 Evacuation Pause) 6298M->1761M(8192M) 164.554ms
[7642.020s][info][gc,cpu         ] GC(1430) User=1.31s Sys=0.00s Real=0.17s
...[7644.791s][info][gc,start       ] GC(1431) Pause Young (Normal) (G1 Evacuation Pause)
[7644.791s][info][gc,task        ] GC(1431) Using 8 workers of 8 for evacuation
[7644.948s][info][gc,phases      ] GC(1431)   Pre Evacuate Collection Set: 0.21ms
[7644.948s][info][gc,phases      ] GC(1431)   Merge Heap Roots: 0.47ms
[7644.948s][info][gc,phases      ] GC(1431)   Evacuate Collection Set: 155.54ms
[7644.948s][info][gc,phases      ] GC(1431)   Post Evacuate Collection Set: 1.04ms
[7644.948s][info][gc,phases      ] GC(1431)   Other: 0.06ms
[7644.949s][info][gc,heap        ] GC(1431) Eden regions: 568->0(570)
[7644.949s][info][gc,heap        ] GC(1431) Survivor regions: 46->44(77)
[7644.949s][info][gc,heap        ] GC(1431) Old regions: 144->151
[7644.949s][info][gc,heap        ] GC(1431) Humongous regions: 33->33
[7644.949s][info][gc,metaspace   ] GC(1431) Metaspace: 30017K(30208K)->30017K(30208K) NonClass: 30017K(30208K)->30017K(30208K) Class: 0K(0K)->0K(0K)
[7644.949s][info][gc             ] GC(1431) Pause Young (Normal) (G1 Evacuation Pause) 6305M->1806M(8192M) 157.451ms
[7644.949s][info][gc,cpu         ] GC(1431) User=1.25s Sys=0.00s Real=0.15s
...[7647.773s][info][gc,start       ] GC(1432) Pause Young (Normal) (G1 Evacuation Pause)
[7647.773s][info][gc,task        ] GC(1432) Using 8 workers of 8 for evacuation
[7647.926s][info][gc,phases      ] GC(1432)   Pre Evacuate Collection Set: 0.22ms
[7647.926s][info][gc,phases      ] GC(1432)   Merge Heap Roots: 0.48ms
[7647.926s][info][gc,phases      ] GC(1432)   Evacuate Collection Set: 150.84ms
[7647.926s][info][gc,phases      ] GC(1432)   Post Evacuate Collection Set: 1.02ms
[7647.926s][info][gc,phases      ] GC(1432)   Other: 0.09ms
[7647.926s][info][gc,heap        ] GC(1432) Eden regions: 570->0(570)
[7647.926s][info][gc,heap        ] GC(1432) Survivor regions: 44->44(77)
[7647.926s][info][gc,heap        ] GC(1432) Old regions: 151->158
[7647.926s][info][gc,heap        ] GC(1432) Humongous regions: 33->33
[7647.926s][info][gc,metaspace   ] GC(1432) Metaspace: 30017K(30208K)->30017K(30208K) NonClass: 30017K(30208K)->30017K(30208K) Class: 0K(0K)->0K(0K)
[7647.926s][info][gc             ] GC(1432) Pause Young (Normal) (G1 Evacuation Pause) 6366M->1866M(8192M) 152.791ms
[7647.926s][info][gc,cpu         ] GC(1432) User=1.21s Sys=0.00s Real=0.15s
...[7650.711s][info][gc,start       ] GC(1433) Pause Young (Normal) (G1 Evacuation Pause)
[7650.712s][info][gc,task        ] GC(1433) Using 8 workers of 8 for evacuation
[7650.866s][info][gc,phases      ] GC(1433)   Pre Evacuate Collection Set: 0.22ms
[7650.866s][info][gc,phases      ] GC(1433)   Merge Heap Roots: 0.48ms
[7650.866s][info][gc,phases      ] GC(1433)   Evacuate Collection Set: 152.62ms
[7650.866s][info][gc,phases      ] GC(1433)   Post Evacuate Collection Set: 1.01ms
[7650.866s][info][gc,phases      ] GC(1433)   Other: 0.06ms
[7650.866s][info][gc,heap        ] GC(1433) Eden regions: 570->0(570)
[7650.866s][info][gc,heap        ] GC(1433) Survivor regions: 44->44(77)
[7650.866s][info][gc,heap        ] GC(1433) Old regions: 158->166
[7650.866s][info][gc,heap        ] GC(1433) Humongous regions: 33->33
[7650.866s][info][gc,metaspace   ] GC(1433) Metaspace: 30017K(30208K)->30017K(30208K) NonClass: 30017K(30208K)->30017K(30208K) Class: 0K(0K)->0K(0K)
[7650.866s][info][gc             ] GC(1433) Pause Young (Normal) (G1 Evacuation Pause) 6426M->1925M(8192M) 154.522ms
[7650.866s][info][gc,cpu         ] GC(1433) User=1.22s Sys=0.00s Real=0.15s
...[7653.680s][info][gc,start       ] GC(1434) Pause Young (Normal) (G1 Evacuation Pause)
[7653.680s][info][gc,task        ] GC(1434) Using 8 workers of 8 for evacuation
[7653.841s][info][gc,phases      ] GC(1434)   Pre Evacuate Collection Set: 0.21ms
[7653.841s][info][gc,phases      ] GC(1434)   Merge Heap Roots: 0.47ms
[7653.841s][info][gc,phases      ] GC(1434)   Evacuate Collection Set: 158.99ms
[7653.841s][info][gc,phases      ] GC(1434)   Post Evacuate Collection Set: 1.00ms
[7653.841s][info][gc,phases      ] GC(1434)   Other: 0.06ms
[7653.841s][info][gc,heap        ] GC(1434) Eden regions: 570->0(567)
[7653.841s][info][gc,heap        ] GC(1434) Survivor regions: 44->47(77)
[7653.841s][info][gc,heap        ] GC(1434) Old regions: 166->173
[7653.841s][info][gc,heap        ] GC(1434) Humongous regions: 33->33
[7653.841s][info][gc,metaspace   ] GC(1434) Metaspace: 30017K(30208K)->30017K(30208K) NonClass: 30017K(30208K)->30017K(30208K) Class: 0K(0K)->0K(0K)
[7653.841s][info][gc             ] GC(1434) Pause Young (Normal) (G1 Evacuation Pause) 6485M->2002M(8192M) 160.857ms
[7653.841s][info][gc,cpu         ] GC(1434) User=1.27s Sys=0.01s Real=0.16s
...[7656.588s][info][gc,start       ] GC(1435) Pause Young (Normal) (G1 Evacuation Pause)
[7656.588s][info][gc,task        ] GC(1435) Using 8 workers of 8 for evacuation
[7656.744s][info][gc,phases      ] GC(1435)   Pre Evacuate Collection Set: 0.20ms
[7656.744s][info][gc,phases      ] GC(1435)   Merge Heap Roots: 0.48ms
[7656.744s][info][gc,phases      ] GC(1435)   Evacuate Collection Set: 154.25ms
[7656.744s][info][gc,phases      ] GC(1435)   Post Evacuate Collection Set: 0.99ms
[7656.744s][info][gc,phases      ] GC(1435)   Other: 0.06ms
[7656.744s][info][gc,heap        ] GC(1435) Eden regions: 567->0(570)
[7656.744s][info][gc,heap        ] GC(1435) Survivor regions: 47->44(77)
[7656.744s][info][gc,heap        ] GC(1435) Old regions: 173->180
[7656.744s][info][gc,heap        ] GC(1435) Humongous regions: 33->33
[7656.744s][info][gc,metaspace   ] GC(1435) Metaspace: 30017K(30208K)->30017K(30208K) NonClass: 30017K(30208K)->30017K(30208K) Class: 0K(0K)->0K(0K)
[7656.744s][info][gc             ] GC(1435) Pause Young (Normal) (G1 Evacuation Pause) 6538M->2039M(8192M) 156.125ms
[7656.744s][info][gc,cpu         ] GC(1435) User=1.24s Sys=0.00s Real=0.16s
...[7659.561s][info][gc,start       ] GC(1436) Pause Young (Normal) (G1 Evacuation Pause)
[7659.561s][info][gc,task        ] GC(1436) Using 8 workers of 8 for evacuation
[7659.713s][info][gc,phases      ] GC(1436)   Pre Evacuate Collection Set: 0.22ms
[7659.713s][info][gc,phases      ] GC(1436)   Merge Heap Roots: 0.48ms
[7659.713s][info][gc,phases      ] GC(1436)   Evacuate Collection Set: 150.75ms
[7659.713s][info][gc,phases      ] GC(1436)   Post Evacuate Collection Set: 1.02ms
[7659.713s][info][gc,phases      ] GC(1436)   Other: 0.06ms
[7659.713s][info][gc,heap        ] GC(1436) Eden regions: 570->0(570)
[7659.713s][info][gc,heap        ] GC(1436) Survivor regions: 44->44(77)
[7659.713s][info][gc,heap        ] GC(1436) Old regions: 180->187
[7659.713s][info][gc,heap        ] GC(1436) Humongous regions: 33->33
[7659.713s][info][gc,metaspace   ] GC(1436) Metaspace: 30017K(30208K)->30017K(30208K) NonClass: 30017K(30208K)->30017K(30208K) Class: 0K(0K)->0K(0K)
[7659.713s][info][gc             ] GC(1436) Pause Young (Normal) (G1 Evacuation Pause) 6599M->2091M(8192M) 152.667ms
[7659.713s][info][gc,cpu         ] GC(1436) User=1.21s Sys=0.00s Real=0.15s
...[7662.519s][info][gc,start       ] GC(1437) Pause Young (Normal) (G1 Evacuation Pause)
[7662.519s][info][gc,task        ] GC(1437) Using 8 workers of 8 for evacuation
[7662.670s][info][gc,phases      ] GC(1437)   Pre Evacuate Collection Set: 0.21ms
[7662.670s][info][gc,phases      ] GC(1437)   Merge Heap Roots: 0.48ms
[7662.670s][info][gc,phases      ] GC(1437)   Evacuate Collection Set: 149.45ms
[7662.670s][info][gc,phases      ] GC(1437)   Post Evacuate Collection Set: 1.01ms
[7662.670s][info][gc,phases      ] GC(1437)   Other: 0.06ms
[7662.670s][info][gc,heap        ] GC(1437) Eden regions: 570->0(571)
[7662.670s][info][gc,heap        ] GC(1437) Survivor regions: 44->43(77)
[7662.670s][info][gc,heap        ] GC(1437) Old regions: 187->194
[7662.670s][info][gc,heap        ] GC(1437) Humongous regions: 33->33
[7662.670s][info][gc,metaspace   ] GC(1437) Metaspace: 30017K(30208K)->30017K(30208K) NonClass: 30017K(30208K)->30017K(30208K) Class: 0K(0K)->0K(0K)
[7662.670s][info][gc             ] GC(1437) Pause Young (Normal) (G1 Evacuation Pause) 6651M->2146M(8192M) 151.346ms
[7662.670s][info][gc,cpu         ] GC(1437) User=1.20s Sys=0.00s Real=0.16s
...[7665.408s][info][gc,start       ] GC(1438) Pause Young (Normal) (G1 Evacuation Pause)
[7665.408s][info][gc,task        ] GC(1438) Using 8 workers of 8 for evacuation
[7665.579s][info][gc,phases      ] GC(1438)   Pre Evacuate Collection Set: 0.24ms
[7665.579s][info][gc,phases      ] GC(1438)   Merge Heap Roots: 0.63ms
[7665.579s][info][gc,phases      ] GC(1438)   Evacuate Collection Set: 168.71ms
[7665.579s][info][gc,phases      ] GC(1438)   Post Evacuate Collection Set: 1.06ms
[7665.579s][info][gc,phases      ] GC(1438)   Other: 0.06ms
[7665.579s][info][gc,heap        ] GC(1438) Eden regions: 571->0(565)
[7665.579s][info][gc,heap        ] GC(1438) Survivor regions: 43->49(77)
[7665.579s][info][gc,heap        ] GC(1438) Old regions: 194->201
[7665.579s][info][gc,heap        ] GC(1438) Humongous regions: 33->33
[7665.579s][info][gc,metaspace   ] GC(1438) Metaspace: 30017K(30208K)->30017K(30208K) NonClass: 30017K(30208K)->30017K(30208K) Class: 0K(0K)->0K(0K)
[7665.579s][info][gc             ] GC(1438) Pause Young (Normal) (G1 Evacuation Pause) 6714M->2246M(8192M) 170.826ms
[7665.579s][info][gc,cpu         ] GC(1438) User=1.35s Sys=0.00s Real=0.17s
...[7668.368s][info][gc,start       ] GC(1439) Pause Young (Normal) (G1 Evacuation Pause)
[7668.368s][info][gc,task        ] GC(1439) Using 8 workers of 8 for evacuation
[7668.518s][info][gc,phases      ] GC(1439)   Pre Evacuate Collection Set: 0.24ms
[7668.518s][info][gc,phases      ] GC(1439)   Merge Heap Roots: 0.49ms
[7668.518s][info][gc,phases      ] GC(1439)   Evacuate Collection Set: 147.38ms
[7668.518s][info][gc,phases      ] GC(1439)   Post Evacuate Collection Set: 1.00ms
[7668.518s][info][gc,phases      ] GC(1439)   Other: 0.06ms
[7668.518s][info][gc,heap        ] GC(1439) Eden regions: 565->0(571)
[7668.518s][info][gc,heap        ] GC(1439) Survivor regions: 49->43(77)
[7668.518s][info][gc,heap        ] GC(1439) Old regions: 201->208
[7668.518s][info][gc,heap        ] GC(1439) Humongous regions: 33->33
[7668.518s][info][gc,metaspace   ] GC(1439) Metaspace: 30017K(30208K)->30017K(30208K) NonClass: 30017K(30208K)->30017K(30208K) Class: 0K(0K)->0K(0K)
[7668.518s][info][gc             ] GC(1439) Pause Young (Normal) (G1 Evacuation Pause) 6766M->2258M(8192M) 149.317ms
[7668.518s][info][gc,cpu         ] GC(1439) User=1.18s Sys=0.00s Real=0.15s
...[7671.345s][info][gc,start       ] GC(1440) Pause Young (Normal) (G1 Evacuation Pause)
[7671.345s][info][gc,task        ] GC(1440) Using 8 workers of 8 for evacuation
[7671.501s][info][gc,phases      ] GC(1440)   Pre Evacuate Collection Set: 0.22ms
[7671.501s][info][gc,phases      ] GC(1440)   Merge Heap Roots: 0.54ms
[7671.501s][info][gc,phases      ] GC(1440)   Evacuate Collection Set: 153.56ms
[7671.501s][info][gc,phases      ] GC(1440)   Post Evacuate Collection Set: 1.04ms
[7671.501s][info][gc,phases      ] GC(1440)   Other: 0.06ms
[7671.501s][info][gc,heap        ] GC(1440) Eden regions: 571->0(570)
[7671.501s][info][gc,heap        ] GC(1440) Survivor regions: 43->44(77)
[7671.501s][info][gc,heap        ] GC(1440) Old regions: 208->215
[7671.501s][info][gc,heap        ] GC(1440) Humongous regions: 33->33
[7671.501s][info][gc,metaspace   ] GC(1440) Metaspace: 30017K(30208K)->30017K(30208K) NonClass: 30017K(30208K)->30017K(30208K) Class: 0K(0K)->0K(0K)
[7671.501s][info][gc             ] GC(1440) Pause Young (Normal) (G1 Evacuation Pause) 6826M->2319M(8192M) 155.533ms
[7671.501s][info][gc,cpu         ] GC(1440) User=1.23s Sys=0.00s Real=0.16s
...[7674.293s][info][gc,start       ] GC(1441) Pause Young (Normal) (G1 Evacuation Pause)
[7674.293s][info][gc,task        ] GC(1441) Using 8 workers of 8 for evacuation
[7674.448s][info][gc,phases      ] GC(1441)   Pre Evacuate Collection Set: 0.22ms
[7674.448s][info][gc,phases      ] GC(1441)   Merge Heap Roots: 0.50ms
[7674.448s][info][gc,phases      ] GC(1441)   Evacuate Collection Set: 152.52ms
[7674.448s][info][gc,phases      ] GC(1441)   Post Evacuate Collection Set: 1.01ms
[7674.448s][info][gc,phases      ] GC(1441)   Other: 0.06ms
[7674.448s][info][gc,heap        ] GC(1441) Eden regions: 570->0(570)
[7674.448s][info][gc,heap        ] GC(1441) Survivor regions: 44->44(77)
[7674.448s][info][gc,heap        ] GC(1441) Old regions: 215->223
[7674.448s][info][gc,heap        ] GC(1441) Humongous regions: 33->33
[7674.448s][info][gc,metaspace   ] GC(1441) Metaspace: 30017K(30208K)->30017K(30208K) NonClass: 30017K(30208K)->30017K(30208K) Class: 0K(0K)->0K(0K)
[7674.448s][info][gc             ] GC(1441) Pause Young (Normal) (G1 Evacuation Pause) 6879M->2381M(8192M) 154.445ms
[7674.448s][info][gc,cpu         ] GC(1441) User=1.23s Sys=0.00s Real=0.15s
...[7677.217s][info][gc,start       ] GC(1442) Pause Young (Normal) (G1 Evacuation Pause)
[7677.217s][info][gc,task        ] GC(1442) Using 8 workers of 8 for evacuation
[7677.371s][info][gc,phases      ] GC(1442)   Pre Evacuate Collection Set: 0.23ms
[7677.371s][info][gc,phases      ] GC(1442)   Merge Heap Roots: 0.48ms
[7677.371s][info][gc,phases      ] GC(1442)   Evacuate Collection Set: 152.51ms
[7677.371s][info][gc,phases      ] GC(1442)   Post Evacuate Collection Set: 1.02ms
[7677.371s][info][gc,phases      ] GC(1442)   Other: 0.06ms
[7677.371s][info][gc,heap        ] GC(1442) Eden regions: 570->0(570)
[7677.371s][info][gc,heap        ] GC(1442) Survivor regions: 44->44(77)
[7677.371s][info][gc,heap        ] GC(1442) Old regions: 223->230
[7677.371s][info][gc,heap        ] GC(1442) Humongous regions: 33->33
[7677.371s][info][gc,metaspace   ] GC(1442) Metaspace: 30017K(30208K)->30017K(30208K) NonClass: 30017K(30208K)->30017K(30208K) Class: 0K(0K)->0K(0K)
[7677.371s][info][gc             ] GC(1442) Pause Young (Normal) (G1 Evacuation Pause) 6941M->2434M(8192M) 154.433ms
[7677.371s][info][gc,cpu         ] GC(1442) User=1.22s Sys=0.00s Real=0.16s
.. (rIR:aIR:PR = 12868:12769:12734) (tPR = 188639) [PR is under limit] 
  7679s: Performance info:
         Transaction,    Success,    Partial,     Failed,   Receipts, AvgBarcode, 
             Overall,    1153464,          0,          0,    1095628,      59.48, 
         Response times:
             Request,    Success,    Partial,     Failed,   SkipFail,     Probes,    Samples,      min,      p50,      p90,      p95,      p99,      max, 
       TotalPurchase,    1098512,          0,          0,          0,     482166,     620747,      300,    69000,   293000,   368000,   511000,  8400000,
     InStorePurchase,     577602,          0,          0,          0,     251701,     326827,      300,    69000,   294000,   372000,   529000,  8400000,
      OnlinePurchase,     403169,          0,          0,          0,     176805,     228000,      300,    69000,   291000,   366000,   485000,  8200000,
        InstPurchase,     117741,          0,          0,          0,      53660,      65920,      500,    67000,   293000,   366000,   521000,  6600000,
          AssocOfCat,       1166,          0,          0,          0,        948,       1351,    30000,   133000,   335000,   401800,   523960,  2100000,
      AssocOfProduct,      11650,          0,          0,          0,       5365,       7002,      600,    61000,   295000,   365000,   495000,  3600000,
      BusinessReport,       2916,          0,          0,          0,       2398,       3212,    40000,   133000,   357000,   430000,   585870,  2800000,
          CustBuyBeh,      11745,          0,          0,          0,       5224,       6924,      300,    69000,   295500,   369750,   490250,  2100000,
       ProductReturn,      30654,          0,          0,          0,      12746,      16301,      400,    63000,   285000,   363000,   475960,  6600000,

  7679s: 
  7679s: Failed, 8 overall retries left, retrying 1 of 1
  7679s: (93%)   IR =  12868 [7680.237s][info][gc,start       ] GC(1443) Pause Young (Normal) (G1 Evacuation Pause)
[7680.237s][info][gc,task        ] GC(1443) Using 8 workers of 8 for evacuation
[7680.393s][info][gc,phases      ] GC(1443)   Pre Evacuate Collection Set: 0.22ms
[7680.393s][info][gc,phases      ] GC(1443)   Merge Heap Roots: 0.50ms
[7680.393s][info][gc,phases      ] GC(1443)   Evacuate Collection Set: 154.51ms
[7680.393s][info][gc,phases      ] GC(1443)   Post Evacuate Collection Set: 1.01ms
[7680.393s][info][gc,phases      ] GC(1443)   Other: 0.08ms
[7680.393s][info][gc,heap        ] GC(1443) Eden regions: 570->0(570)
[7680.393s][info][gc,heap        ] GC(1443) Survivor regions: 44->44(77)
[7680.393s][info][gc,heap        ] GC(1443) Old regions: 230->237
[7680.393s][info][gc,heap        ] GC(1443) Humongous regions: 33->33
[7680.393s][info][gc,metaspace   ] GC(1443) Metaspace: 30017K(30208K)->30017K(30208K) NonClass: 30017K(30208K)->30017K(30208K) Class: 0K(0K)->0K(0K)
[7680.393s][info][gc             ] GC(1443) Pause Young (Normal) (G1 Evacuation Pause) 6994M->2495M(8192M) 156.447ms
[7680.393s][info][gc,cpu         ] GC(1443) User=1.24s Sys=0.00s Real=0.16s
...[7683.112s][info][gc,start       ] GC(1444) Pause Young (Normal) (G1 Evacuation Pause)
[7683.112s][info][gc,task        ] GC(1444) Using 8 workers of 8 for evacuation
[7683.263s][info][gc,phases      ] GC(1444)   Pre Evacuate Collection Set: 0.22ms
[7683.263s][info][gc,phases      ] GC(1444)   Merge Heap Roots: 0.48ms
[7683.263s][info][gc,phases      ] GC(1444)   Evacuate Collection Set: 149.12ms
[7683.263s][info][gc,phases      ] GC(1444)   Post Evacuate Collection Set: 1.08ms
[7683.263s][info][gc,phases      ] GC(1444)   Other: 0.07ms
[7683.263s][info][gc,heap        ] GC(1444) Eden regions: 570->0(571)
[7683.263s][info][gc,heap        ] GC(1444) Survivor regions: 44->43(77)
[7683.263s][info][gc,heap        ] GC(1444) Old regions: 237->244
[7683.263s][info][gc,heap        ] GC(1444) Humongous regions: 33->33
[7683.263s][info][gc,metaspace   ] GC(1444) Metaspace: 30017K(30208K)->30017K(30208K) NonClass: 30017K(30208K)->30017K(30208K) Class: 0K(0K)->0K(0K)
[7683.263s][info][gc             ] GC(1444) Pause Young (Normal) (G1 Evacuation Pause) 7055M->2545M(8192M) 151.112ms
[7683.263s][info][gc,cpu         ] GC(1444) User=1.20s Sys=0.00s Real=0.15s
...[7686.052s][info][gc,start       ] GC(1445) Pause Young (Normal) (G1 Evacuation Pause)
[7686.052s][info][gc,task        ] GC(1445) Using 8 workers of 8 for evacuation
[7686.209s][info][gc,phases      ] GC(1445)   Pre Evacuate Collection Set: 0.23ms
[7686.209s][info][gc,phases      ] GC(1445)   Merge Heap Roots: 0.49ms
[7686.209s][info][gc,phases      ] GC(1445)   Evacuate Collection Set: 154.84ms
[7686.209s][info][gc,phases      ] GC(1445)   Post Evacuate Collection Set: 1.03ms
[7686.209s][info][gc,phases      ] GC(1445)   Other: 0.06ms
[7686.209s][info][gc,heap        ] GC(1445) Eden regions: 571->0(570)
[7686.209s][info][gc,heap        ] GC(1445) Survivor regions: 43->44(77)
[7686.209s][info][gc,heap        ] GC(1445) Old regions: 244->251
[7686.209s][info][gc,heap        ] GC(1445) Humongous regions: 33->33
[7686.209s][info][gc,metaspace   ] GC(1445) Metaspace: 30017K(30208K)->30017K(30208K) NonClass: 30017K(30208K)->30017K(30208K) Class: 0K(0K)->0K(0K)
[7686.209s][info][gc             ] GC(1445) Pause Young (Normal) (G1 Evacuation Pause) 7113M->2607M(8192M) 156.775ms
[7686.209s][info][gc,cpu         ] GC(1445) User=1.24s Sys=0.00s Real=0.15s
...[7689.013s][info][gc,start       ] GC(1446) Pause Young (Normal) (G1 Evacuation Pause)
[7689.013s][info][gc,task        ] GC(1446) Using 8 workers of 8 for evacuation
[7689.172s][info][gc,phases      ] GC(1446)   Pre Evacuate Collection Set: 0.24ms
[7689.172s][info][gc,phases      ] GC(1446)   Merge Heap Roots: 0.48ms
[7689.172s][info][gc,phases      ] GC(1446)   Evacuate Collection Set: 157.67ms
[7689.172s][info][gc,phases      ] GC(1446)   Post Evacuate Collection Set: 1.03ms
[7689.172s][info][gc,phases      ] GC(1446)   Other: 0.06ms
[7689.172s][info][gc,heap        ] GC(1446) Eden regions: 570->0(567)
[7689.172s][info][gc,heap        ] GC(1446) Survivor regions: 44->47(77)
[7689.172s][info][gc,heap        ] GC(1446) Old regions: 251->258
[7689.172s][info][gc,heap        ] GC(1446) Humongous regions: 33->33
[7689.172s][info][gc,metaspace   ] GC(1446) Metaspace: 30017K(30208K)->30017K(30208K) NonClass: 30017K(30208K)->30017K(30208K) Class: 0K(0K)->0K(0K)
[7689.172s][info][gc             ] GC(1446) Pause Young (Normal) (G1 Evacuation Pause) 7167M->2686M(8192M) 159.604ms
[7689.172s][info][gc,cpu         ] GC(1446) User=1.27s Sys=0.00s Real=0.16s
...[7691.976s][info][gc,start       ] GC(1447) Pause Young (Normal) (G1 Evacuation Pause)
[7691.976s][info][gc,task        ] GC(1447) Using 8 workers of 8 for evacuation
[7692.128s][info][gc,phases      ] GC(1447)   Pre Evacuate Collection Set: 0.22ms
[7692.128s][info][gc,phases      ] GC(1447)   Merge Heap Roots: 0.48ms
[7692.128s][info][gc,phases      ] GC(1447)   Evacuate Collection Set: 150.17ms
[7692.128s][info][gc,phases      ] GC(1447)   Post Evacuate Collection Set: 1.00ms
[7692.128s][info][gc,phases      ] GC(1447)   Other: 0.06ms
[7692.128s][info][gc,heap        ] GC(1447) Eden regions: 567->0(571)
[7692.128s][info][gc,heap        ] GC(1447) Survivor regions: 47->43(77)
[7692.128s][info][gc,heap        ] GC(1447) Old regions: 258->266
[7692.128s][info][gc,heap        ] GC(1447) Humongous regions: 33->33
[7692.128s][info][gc,metaspace   ] GC(1447) Metaspace: 30017K(30208K)->30017K(30208K) NonClass: 30017K(30208K)->30017K(30208K) Class: 0K(0K)->0K(0K)
[7692.128s][info][gc             ] GC(1447) Pause Young (Normal) (G1 Evacuation Pause) 7222M->2719M(8192M) 152.057ms
[7692.128s][info][gc,cpu         ] GC(1447) User=1.21s Sys=0.00s Real=0.15s
...[7694.891s][info][gc,start       ] GC(1448) Pause Young (Normal) (G1 Evacuation Pause)
[7694.891s][info][gc,task        ] GC(1448) Using 8 workers of 8 for evacuation
[7695.048s][info][gc,phases      ] GC(1448)   Pre Evacuate Collection Set: 0.22ms
[7695.048s][info][gc,phases      ] GC(1448)   Merge Heap Roots: 0.52ms
[7695.048s][info][gc,phases      ] GC(1448)   Evacuate Collection Set: 154.74ms
[7695.048s][info][gc,phases      ] GC(1448)   Post Evacuate Collection Set: 1.03ms
[7695.048s][info][gc,phases      ] GC(1448)   Other: 0.06ms
[7695.048s][info][gc,heap        ] GC(1448) Eden regions: 571->0(570)
[7695.048s][info][gc,heap        ] GC(1448) Survivor regions: 43->44(77)
[7695.048s][info][gc,heap        ] GC(1448) Old regions: 266->274
[7695.048s][info][gc,heap        ] GC(1448) Humongous regions: 33->33
[7695.048s][info][gc,metaspace   ] GC(1448) Metaspace: 30017K(30208K)->30017K(30208K) NonClass: 30017K(30208K)->30017K(30208K) Class: 0K(0K)->0K(0K)
[7695.048s][info][gc             ] GC(1448) Pause Young (Normal) (G1 Evacuation Pause) 7287M->2785M(8192M) 156.701ms
[7695.048s][info][gc,cpu         ] GC(1448) User=1.24s Sys=0.00s Real=0.15s
...[7697.840s][info][gc,start       ] GC(1449) Pause Young (Normal) (G1 Evacuation Pause)
[7697.840s][info][gc,task        ] GC(1449) Using 8 workers of 8 for evacuation
[7697.997s][info][gc,phases      ] GC(1449)   Pre Evacuate Collection Set: 0.23ms
[7697.997s][info][gc,phases      ] GC(1449)   Merge Heap Roots: 0.51ms
[7697.997s][info][gc,phases      ] GC(1449)   Evacuate Collection Set: 154.90ms
[7697.997s][info][gc,phases      ] GC(1449)   Post Evacuate Collection Set: 1.02ms
[7697.997s][info][gc,phases      ] GC(1449)   Other: 0.06ms
[7697.997s][info][gc,heap        ] GC(1449) Eden regions: 570->0(568)
[7697.997s][info][gc,heap        ] GC(1449) Survivor regions: 44->45(77)
[7697.997s][info][gc,heap        ] GC(1449) Old regions: 274->281
[7697.997s][info][gc,heap        ] GC(1449) Humongous regions: 33->33
[7697.997s][info][gc,metaspace   ] GC(1449) Metaspace: 30017K(30208K)->30017K(30208K) NonClass: 30017K(30208K)->30017K(30208K) Class: 0K(0K)->0K(0K)
[7697.997s][info][gc             ] GC(1449) Pause Young (Normal) (G1 Evacuation Pause) 7345M->2849M(8192M) 156.858ms
[7697.997s][info][gc,cpu         ] GC(1449) User=1.24s Sys=0.00s Real=0.15s
...[7700.815s][info][gc,start       ] GC(1450) Pause Young (Normal) (G1 Evacuation Pause)
[7700.815s][info][gc,task        ] GC(1450) Using 8 workers of 8 for evacuation
[7700.969s][info][gc,phases      ] GC(1450)   Pre Evacuate Collection Set: 0.22ms
[7700.969s][info][gc,phases      ] GC(1450)   Merge Heap Roots: 0.47ms
[7700.969s][info][gc,phases      ] GC(1450)   Evacuate Collection Set: 152.55ms
[7700.969s][info][gc,phases      ] GC(1450)   Post Evacuate Collection Set: 1.02ms
[7700.969s][info][gc,phases      ] GC(1450)   Other: 0.06ms
[7700.969s][info][gc,heap        ] GC(1450) Eden regions: 568->0(563)
[7700.969s][info][gc,heap        ] GC(1450) Survivor regions: 45->44(77)
[7700.969s][info][gc,heap        ] GC(1450) Old regions: 281->288
[7700.969s][info][gc,heap        ] GC(1450) Humongous regions: 33->33
[7700.969s][info][gc,metaspace   ] GC(1450) Metaspace: 30017K(30208K)->30017K(30208K) NonClass: 30017K(30208K)->30017K(30208K) Class: 0K(0K)->0K(0K)
[7700.969s][info][gc             ] GC(1450) Pause Young (Normal) (G1 Evacuation Pause) 7393M->2902M(8192M) 154.445ms
[7700.969s][info][gc,cpu         ] GC(1450) User=1.22s Sys=0.00s Real=0.15s
...[7703.852s][info][gc,start       ] GC(1451) Pause Young (Normal) (G1 Evacuation Pause)
[7703.852s][info][gc,task        ] GC(1451) Using 8 workers of 8 for evacuation
[7704.008s][info][gc,phases      ] GC(1451)   Pre Evacuate Collection Set: 0.23ms
[7704.008s][info][gc,phases      ] GC(1451)   Merge Heap Roots: 0.53ms
[7704.008s][info][gc,phases      ] GC(1451)   Evacuate Collection Set: 154.47ms
[7704.008s][info][gc,phases      ] GC(1451)   Post Evacuate Collection Set: 1.01ms
[7704.008s][info][gc,phases      ] GC(1451)   Other: 0.06ms
[7704.008s][info][gc,heap        ] GC(1451) Eden regions: 563->0(556)
[7704.008s][info][gc,heap        ] GC(1451) Survivor regions: 44->44(76)
[7704.008s][info][gc,heap        ] GC(1451) Old regions: 288->295
[7704.008s][info][gc,heap        ] GC(1451) Humongous regions: 33->33
[7704.008s][info][gc,metaspace   ] GC(1451) Metaspace: 30017K(30208K)->30017K(30208K) NonClass: 30017K(30208K)->30017K(30208K) Class: 0K(0K)->0K(0K)
[7704.008s][info][gc             ] GC(1451) Pause Young (Normal) (G1 Evacuation Pause) 7406M->2955M(8192M) 156.445ms
[7704.008s][info][gc,cpu         ] GC(1451) User=1.23s Sys=0.00s Real=0.15s
..|.[7706.725s][info][gc,start       ] GC(1452) Pause Young (Normal) (G1 Evacuation Pause)
[7706.725s][info][gc,task        ] GC(1452) Using 8 workers of 8 for evacuation
[7706.880s][info][gc,phases      ] GC(1452)   Pre Evacuate Collection Set: 0.24ms
[7706.880s][info][gc,phases      ] GC(1452)   Merge Heap Roots: 0.49ms
[7706.880s][info][gc,phases      ] GC(1452)   Evacuate Collection Set: 153.41ms
[7706.880s][info][gc,phases      ] GC(1452)   Post Evacuate Collection Set: 1.01ms
[7706.880s][info][gc,phases      ] GC(1452)   Other: 0.06ms
[7706.880s][info][gc,heap        ] GC(1452) Eden regions: 556->0(548)
[7706.880s][info][gc,heap        ] GC(1452) Survivor regions: 44->44(75)
[7706.880s][info][gc,heap        ] GC(1452) Old regions: 295->303
[7706.880s][info][gc,heap        ] GC(1452) Humongous regions: 33->33
[7706.880s][info][gc,metaspace   ] GC(1452) Metaspace: 30017K(30208K)->30017K(30208K) NonClass: 30017K(30208K)->30017K(30208K) Class: 0K(0K)->0K(0K)
[7706.880s][info][gc             ] GC(1452) Pause Young (Normal) (G1 Evacuation Pause) 7403M->3021M(8192M) 155.364ms
[7706.880s][info][gc,cpu         ] GC(1452) User=1.23s Sys=0.00s Real=0.16s
...[7709.644s][info][gc,start       ] GC(1453) Pause Young (Concurrent Start) (G1 Evacuation Pause)
[7709.644s][info][gc,task        ] GC(1453) Using 8 workers of 8 for evacuation
[7709.798s][info][gc,phases      ] GC(1453)   Pre Evacuate Collection Set: 0.28ms
[7709.798s][info][gc,phases      ] GC(1453)   Merge Heap Roots: 0.49ms
[7709.798s][info][gc,phases      ] GC(1453)   Evacuate Collection Set: 151.82ms
[7709.798s][info][gc,phases      ] GC(1453)   Post Evacuate Collection Set: 0.98ms
[7709.798s][info][gc,phases      ] GC(1453)   Other: 0.10ms
[7709.798s][info][gc,heap        ] GC(1453) Eden regions: 548->0(541)
[7709.798s][info][gc,heap        ] GC(1453) Survivor regions: 44->44(74)
[7709.798s][info][gc,heap        ] GC(1453) Old regions: 303->310
[7709.798s][info][gc,heap        ] GC(1453) Humongous regions: 33->33
[7709.798s][info][gc,metaspace   ] GC(1453) Metaspace: 30017K(30208K)->30017K(30208K) NonClass: 30017K(30208K)->30017K(30208K) Class: 0K(0K)->0K(0K)
[7709.798s][info][gc             ] GC(1453) Pause Young (Concurrent Start) (G1 Evacuation Pause) 7405M->3078M(8192M) 153.798ms
[7709.798s][info][gc             ] GC(1454) Concurrent Mark Cycle
[7709.798s][info][gc,marking     ] GC(1454) Concurrent Scan Root Regions
[7709.798s][info][gc,cpu         ] GC(1453) User=1.22s Sys=0.00s Real=0.15s
[7710.148s][info][gc,marking     ] GC(1454) Concurrent Scan Root Regions 350.189ms
[7710.148s][info][gc,marking     ] GC(1454) Concurrent Mark
[7710.148s][info][gc,marking     ] GC(1454) Concurrent Mark From Roots
[7710.148s][info][gc,task        ] GC(1454) Using 2 workers of 2 for marking
..[7711.435s][info][gc,marking     ] GC(1454) Concurrent Mark From Roots 1286.352ms
[7711.435s][info][gc,marking     ] GC(1454) Concurrent Preclean
[7711.435s][info][gc,marking     ] GC(1454) Concurrent Preclean 0.116ms
[7711.435s][info][gc,start       ] GC(1454) Pause Remark
[7711.438s][info][gc             ] GC(1454) Pause Remark 4938M->4314M(8192M) 3.144ms
[7711.438s][info][gc,cpu         ] GC(1454) User=0.02s Sys=0.00s Real=0.00s
[7711.438s][info][gc,marking     ] GC(1454) Concurrent Mark 1289.906ms
[7711.438s][info][gc,marking     ] GC(1454) Concurrent Rebuild Remembered Sets and Scrub Regions
[7712.354s][info][gc,marking     ] GC(1454) Concurrent Rebuild Remembered Sets and Scrub Regions 915.553ms
[7712.354s][info][gc,start       ] GC(1454) Pause Cleanup
[7712.354s][info][gc             ] GC(1454) Pause Cleanup 5539M->5539M(8192M) 0.241ms
[7712.354s][info][gc,cpu         ] GC(1454) User=0.00s Sys=0.00s Real=0.00s
[7712.354s][info][gc,marking     ] GC(1454) Concurrent Clear Claimed Marks
[7712.354s][info][gc,marking     ] GC(1454) Concurrent Clear Claimed Marks 0.052ms
[7712.354s][info][gc,marking     ] GC(1454) Concurrent Cleanup for Next Mark
[7712.366s][info][gc,marking     ] GC(1454) Concurrent Cleanup for Next Mark 11.623ms
[7712.366s][info][gc             ] GC(1454) Concurrent Mark Cycle 2568.061ms
.[7713.163s][info][gc,start       ] GC(1455) Pause Young (Prepare Mixed) (G1 Evacuation Pause)
[7713.163s][info][gc,task        ] GC(1455) Using 8 workers of 8 for evacuation
[7713.315s][info][gc,phases      ] GC(1455)   Pre Evacuate Collection Set: 0.24ms
[7713.315s][info][gc,phases      ] GC(1455)   Merge Heap Roots: 0.72ms
[7713.315s][info][gc,phases      ] GC(1455)   Evacuate Collection Set: 149.67ms
[7713.315s][info][gc,phases      ] GC(1455)   Post Evacuate Collection Set: 1.09ms
[7713.315s][info][gc,phases      ] GC(1455)   Other: 0.06ms
[7713.315s][info][gc,heap        ] GC(1455) Eden regions: 541->0(572)
[7713.315s][info][gc,heap        ] GC(1455) Survivor regions: 44->42(74)
[7713.315s][info][gc,heap        ] GC(1455) Old regions: 232->240
[7713.315s][info][gc,heap        ] GC(1455) Humongous regions: 33->33
[7713.315s][info][gc,metaspace   ] GC(1455) Metaspace: 30017K(30208K)->30017K(30208K) NonClass: 30017K(30208K)->30017K(30208K) Class: 0K(0K)->0K(0K)
[7713.315s][info][gc             ] GC(1455) Pause Young (Prepare Mixed) (G1 Evacuation Pause) 6782M->2505M(8192M) 151.900ms
[7713.315s][info][gc,cpu         ] GC(1455) User=1.21s Sys=0.00s Real=0.15s
...[7716.068s][info][gc,start       ] GC(1456) Pause Young (Mixed) (G1 Evacuation Pause)
[7716.068s][info][gc,task        ] GC(1456) Using 8 workers of 8 for evacuation
[7716.230s][info][gc,phases      ] GC(1456)   Pre Evacuate Collection Set: 0.25ms
[7716.230s][info][gc,phases      ] GC(1456)   Merge Heap Roots: 0.82ms
[7716.230s][info][gc,phases      ] GC(1456)   Evacuate Collection Set: 159.45ms
[7716.230s][info][gc,phases      ] GC(1456)   Post Evacuate Collection Set: 1.19ms
[7716.230s][info][gc,phases      ] GC(1456)   Other: 0.07ms
[7716.230s][info][gc,heap        ] GC(1456) Eden regions: 572->0(570)
[7716.230s][info][gc,heap        ] GC(1456) Survivor regions: 42->44(77)
[7716.230s][info][gc,heap        ] GC(1456) Old regions: 240->146
[7716.230s][info][gc,heap        ] GC(1456) Humongous regions: 33->33
[7716.230s][info][gc,metaspace   ] GC(1456) Metaspace: 30017K(30208K)->30017K(30208K) NonClass: 30017K(30208K)->30017K(30208K) Class: 0K(0K)->0K(0K)
[7716.230s][info][gc             ] GC(1456) Pause Young (Mixed) (G1 Evacuation Pause) 7081M->1762M(8192M) 161.906ms
[7716.230s][info][gc,cpu         ] GC(1456) User=1.28s Sys=0.00s Real=0.16s
...[7719.059s][info][gc,start       ] GC(1457) Pause Young (Mixed) (G1 Evacuation Pause)
[7719.059s][info][gc,task        ] GC(1457) Using 8 workers of 8 for evacuation
[7719.222s][info][gc,phases      ] GC(1457)   Pre Evacuate Collection Set: 0.24ms
[7719.222s][info][gc,phases      ] GC(1457)   Merge Heap Roots: 0.60ms
[7719.222s][info][gc,phases      ] GC(1457)   Evacuate Collection Set: 161.43ms
[7719.222s][info][gc,phases      ] GC(1457)   Post Evacuate Collection Set: 1.04ms
[7719.222s][info][gc,phases      ] GC(1457)   Other: 0.07ms
[7719.222s][info][gc,heap        ] GC(1457) Eden regions: 570->0(569)
[7719.222s][info][gc,heap        ] GC(1457) Survivor regions: 44->45(77)
[7719.222s][info][gc,heap        ] GC(1457) Old regions: 146->143
[7719.222s][info][gc,heap        ] GC(1457) Humongous regions: 33->33
[7719.222s][info][gc,metaspace   ] GC(1457) Metaspace: 30017K(30208K)->30017K(30208K) NonClass: 30017K(30208K)->30017K(30208K) Class: 0K(0K)->0K(0K)
[7719.222s][info][gc             ] GC(1457) Pause Young (Mixed) (G1 Evacuation Pause) 6322M->1754M(8192M) 163.507ms
[7719.222s][info][gc,cpu         ] GC(1457) User=1.30s Sys=0.01s Real=0.17s
...[7721.980s][info][gc,start       ] GC(1458) Pause Young (Normal) (G1 Evacuation Pause)
[7721.980s][info][gc,task        ] GC(1458) Using 8 workers of 8 for evacuation
[7722.136s][info][gc,phases      ] GC(1458)   Pre Evacuate Collection Set: 0.22ms
[7722.136s][info][gc,phases      ] GC(1458)   Merge Heap Roots: 0.48ms
[7722.136s][info][gc,phases      ] GC(1458)   Evacuate Collection Set: 154.44ms
[7722.136s][info][gc,phases      ] GC(1458)   Post Evacuate Collection Set: 1.02ms
[7722.136s][info][gc,phases      ] GC(1458)   Other: 0.06ms
[7722.136s][info][gc,heap        ] GC(1458) Eden regions: 569->0(570)
[7722.136s][info][gc,heap        ] GC(1458) Survivor regions: 45->44(77)
[7722.136s][info][gc,heap        ] GC(1458) Old regions: 143->150
[7722.136s][info][gc,heap        ] GC(1458) Humongous regions: 33->33
[7722.136s][info][gc,metaspace   ] GC(1458) Metaspace: 30017K(30208K)->30017K(30208K) NonClass: 30017K(30208K)->30017K(30208K) Class: 0K(0K)->0K(0K)
[7722.136s][info][gc             ] GC(1458) Pause Young (Normal) (G1 Evacuation Pause) 6306M->1803M(8192M) 156.351ms
[7722.136s][info][gc,cpu         ] GC(1458) User=1.24s Sys=0.00s Real=0.15s
...[7724.869s][info][gc,start       ] GC(1459) Pause Young (Normal) (G1 Evacuation Pause)
[7724.869s][info][gc,task        ] GC(1459) Using 8 workers of 8 for evacuation
[7725.031s][info][gc,phases      ] GC(1459)   Pre Evacuate Collection Set: 0.22ms
[7725.031s][info][gc,phases      ] GC(1459)   Merge Heap Roots: 0.48ms
[7725.031s][info][gc,phases      ] GC(1459)   Evacuate Collection Set: 159.63ms
[7725.031s][info][gc,phases      ] GC(1459)   Post Evacuate Collection Set: 1.06ms
[7725.031s][info][gc,phases      ] GC(1459)   Other: 0.06ms
[7725.031s][info][gc,heap        ] GC(1459) Eden regions: 570->0(567)
[7725.031s][info][gc,heap        ] GC(1459) Survivor regions: 44->47(77)
[7725.031s][info][gc,heap        ] GC(1459) Old regions: 150->157
[7725.031s][info][gc,heap        ] GC(1459) Humongous regions: 33->33
[7725.031s][info][gc,metaspace   ] GC(1459) Metaspace: 30017K(30208K)->30017K(30208K) NonClass: 30017K(30208K)->30017K(30208K) Class: 0K(0K)->0K(0K)
[7725.031s][info][gc             ] GC(1459) Pause Young (Normal) (G1 Evacuation Pause) 6363M->1882M(8192M) 161.588ms
[7725.031s][info][gc,cpu         ] GC(1459) User=1.28s Sys=0.00s Real=0.17s
...[7727.856s][info][gc,start       ] GC(1460) Pause Young (Normal) (G1 Evacuation Pause)
[7727.856s][info][gc,task        ] GC(1460) Using 8 workers of 8 for evacuation
[7728.006s][info][gc,phases      ] GC(1460)   Pre Evacuate Collection Set: 0.24ms
[7728.006s][info][gc,phases      ] GC(1460)   Merge Heap Roots: 0.48ms
[7728.006s][info][gc,phases      ] GC(1460)   Evacuate Collection Set: 148.17ms
[7728.006s][info][gc,phases      ] GC(1460)   Post Evacuate Collection Set: 1.02ms
[7728.006s][info][gc,phases      ] GC(1460)   Other: 0.06ms
[7728.006s][info][gc,heap        ] GC(1460) Eden regions: 567->0(571)
[7728.006s][info][gc,heap        ] GC(1460) Survivor regions: 47->43(77)
[7728.006s][info][gc,heap        ] GC(1460) Old regions: 157->164
[7728.006s][info][gc,heap        ] GC(1460) Humongous regions: 33->33
[7728.006s][info][gc,metaspace   ] GC(1460) Metaspace: 30017K(30208K)->30017K(30208K) NonClass: 30017K(30208K)->30017K(30208K) Class: 0K(0K)->0K(0K)
[7728.006s][info][gc             ] GC(1460) Pause Young (Normal) (G1 Evacuation Pause) 6418M->1907M(8192M) 150.121ms
[7728.006s][info][gc,cpu         ] GC(1460) User=1.19s Sys=0.00s Real=0.15s
...[7730.808s][info][gc,start       ] GC(1461) Pause Young (Normal) (G1 Evacuation Pause)
[7730.808s][info][gc,task        ] GC(1461) Using 8 workers of 8 for evacuation
[7730.963s][info][gc,phases      ] GC(1461)   Pre Evacuate Collection Set: 0.21ms
[7730.963s][info][gc,phases      ] GC(1461)   Merge Heap Roots: 0.47ms
[7730.963s][info][gc,phases      ] GC(1461)   Evacuate Collection Set: 152.53ms
[7730.963s][info][gc,phases      ] GC(1461)   Post Evacuate Collection Set: 1.03ms
[7730.963s][info][gc,phases      ] GC(1461)   Other: 0.06ms
[7730.963s][info][gc,heap        ] GC(1461) Eden regions: 571->0(570)
[7730.963s][info][gc,heap        ] GC(1461) Survivor regions: 43->44(77)
[7730.963s][info][gc,heap        ] GC(1461) Old regions: 164->172
[7730.963s][info][gc,heap        ] GC(1461) Humongous regions: 33->33
[7730.963s][info][gc,metaspace   ] GC(1461) Metaspace: 30017K(30208K)->30017K(30208K) NonClass: 30017K(30208K)->30017K(30208K) Class: 0K(0K)->0K(0K)
[7730.963s][info][gc             ] GC(1461) Pause Young (Normal) (G1 Evacuation Pause) 6475M->1977M(8192M) 154.452ms
[7730.963s][info][gc,cpu         ] GC(1461) User=1.22s Sys=0.00s Real=0.16s
...[7733.741s][info][gc,start       ] GC(1462) Pause Young (Normal) (G1 Evacuation Pause)
[7733.741s][info][gc,task        ] GC(1462) Using 8 workers of 8 for evacuation
[7733.890s][info][gc,phases      ] GC(1462)   Pre Evacuate Collection Set: 0.21ms
[7733.890s][info][gc,phases      ] GC(1462)   Merge Heap Roots: 0.47ms
[7733.890s][info][gc,phases      ] GC(1462)   Evacuate Collection Set: 147.56ms
[7733.890s][info][gc,phases      ] GC(1462)   Post Evacuate Collection Set: 1.02ms
[7733.890s][info][gc,phases      ] GC(1462)   Other: 0.06ms
[7733.890s][info][gc,heap        ] GC(1462) Eden regions: 570->0(571)
[7733.890s][info][gc,heap        ] GC(1462) Survivor regions: 44->43(77)
[7733.890s][info][gc,heap        ] GC(1462) Old regions: 172->179
[7733.890s][info][gc,heap        ] GC(1462) Humongous regions: 33->33
[7733.890s][info][gc,metaspace   ] GC(1462) Metaspace: 30017K(30208K)->30017K(30208K) NonClass: 30017K(30208K)->30017K(30208K) Class: 0K(0K)->0K(0K)
[7733.890s][info][gc             ] GC(1462) Pause Young (Normal) (G1 Evacuation Pause) 6537M->2019M(8192M) 149.450ms
[7733.890s][info][gc,cpu         ] GC(1462) User=1.18s Sys=0.01s Real=0.15s
...[7736.633s][info][gc,start       ] GC(1463) Pause Young (Normal) (G1 Evacuation Pause)
[7736.633s][info][gc,task        ] GC(1463) Using 8 workers of 8 for evacuation
[7736.788s][info][gc,phases      ] GC(1463)   Pre Evacuate Collection Set: 0.21ms
[7736.788s][info][gc,phases      ] GC(1463)   Merge Heap Roots: 0.49ms
[7736.788s][info][gc,phases      ] GC(1463)   Evacuate Collection Set: 153.79ms
[7736.788s][info][gc,phases      ] GC(1463)   Post Evacuate Collection Set: 1.05ms
[7736.788s][info][gc,phases      ] GC(1463)   Other: 0.06ms
[7736.788s][info][gc,heap        ] GC(1463) Eden regions: 571->0(570)
[7736.788s][info][gc,heap        ] GC(1463) Survivor regions: 43->44(77)
[7736.788s][info][gc,heap        ] GC(1463) Old regions: 179->186
[7736.788s][info][gc,heap        ] GC(1463) Humongous regions: 33->33
[7736.788s][info][gc,metaspace   ] GC(1463) Metaspace: 30017K(30208K)->30017K(30208K) NonClass: 30017K(30208K)->30017K(30208K) Class: 0K(0K)->0K(0K)
[7736.789s][info][gc             ] GC(1463) Pause Young (Normal) (G1 Evacuation Pause) 6587M->2091M(8192M) 155.735ms
[7736.789s][info][gc,cpu         ] GC(1463) User=1.23s Sys=0.00s Real=0.15s
...[7739.587s][info][gc,start       ] GC(1464) Pause Young (Normal) (G1 Evacuation Pause)
[7739.587s][info][gc,task        ] GC(1464) Using 8 workers of 8 for evacuation
[7739.736s][info][gc,phases      ] GC(1464)   Pre Evacuate Collection Set: 0.23ms
[7739.736s][info][gc,phases      ] GC(1464)   Merge Heap Roots: 0.48ms
[7739.736s][info][gc,phases      ] GC(1464)   Evacuate Collection Set: 147.95ms
[7739.736s][info][gc,phases      ] GC(1464)   Post Evacuate Collection Set: 1.05ms
[7739.736s][info][gc,phases      ] GC(1464)   Other: 0.06ms
[7739.736s][info][gc,heap        ] GC(1464) Eden regions: 570->0(571)
[7739.736s][info][gc,heap        ] GC(1464) Survivor regions: 44->43(77)
[7739.736s][info][gc,heap        ] GC(1464) Old regions: 186->193
[7739.736s][info][gc,heap        ] GC(1464) Humongous regions: 33->33
[7739.736s][info][gc,metaspace   ] GC(1464) Metaspace: 30017K(30208K)->30017K(30208K) NonClass: 30017K(30208K)->30017K(30208K) Class: 0K(0K)->0K(0K)
[7739.736s][info][gc             ] GC(1464) Pause Young (Normal) (G1 Evacuation Pause) 6651M->2139M(8192M) 149.904ms
[7739.736s][info][gc,cpu         ] GC(1464) User=1.19s Sys=0.00s Real=0.15s
...[7742.660s][info][gc,start       ] GC(1465) Pause Young (Normal) (G1 Evacuation Pause)
[7742.660s][info][gc,task        ] GC(1465) Using 8 workers of 8 for evacuation
[7742.816s][info][gc,phases      ] GC(1465)   Pre Evacuate Collection Set: 0.23ms
[7742.816s][info][gc,phases      ] GC(1465)   Merge Heap Roots: 0.49ms
[7742.816s][info][gc,phases      ] GC(1465)   Evacuate Collection Set: 153.99ms
[7742.816s][info][gc,phases      ] GC(1465)   Post Evacuate Collection Set: 1.03ms
[7742.816s][info][gc,phases      ] GC(1465)   Other: 0.07ms
[7742.816s][info][gc,heap        ] GC(1465) Eden regions: 571->0(569)
[7742.816s][info][gc,heap        ] GC(1465) Survivor regions: 43->45(77)
[7742.816s][info][gc,heap        ] GC(1465) Old regions: 193->200
[7742.816s][info][gc,heap        ] GC(1465) Humongous regions: 33->33
[7742.816s][info][gc,metaspace   ] GC(1465) Metaspace: 30017K(30208K)->30017K(30208K) NonClass: 30017K(30208K)->30017K(30208K) Class: 0K(0K)->0K(0K)
[7742.816s][info][gc             ] GC(1465) Pause Young (Normal) (G1 Evacuation Pause) 6707M->2211M(8192M) 155.942ms
[7742.816s][info][gc,cpu         ] GC(1465) User=1.24s Sys=0.00s Real=0.15s
...[7745.676s][info][gc,start       ] GC(1466) Pause Young (Normal) (G1 Evacuation Pause)
[7745.676s][info][gc,task        ] GC(1466) Using 8 workers of 8 for evacuation
[7745.826s][info][gc,phases      ] GC(1466)   Pre Evacuate Collection Set: 0.22ms
[7745.826s][info][gc,phases      ] GC(1466)   Merge Heap Roots: 0.47ms
[7745.826s][info][gc,phases      ] GC(1466)   Evacuate Collection Set: 148.33ms
[7745.826s][info][gc,phases      ] GC(1466)   Post Evacuate Collection Set: 1.03ms
[7745.826s][info][gc,phases      ] GC(1466)   Other: 0.06ms
[7745.826s][info][gc,heap        ] GC(1466) Eden regions: 569->0(571)
[7745.826s][info][gc,heap        ] GC(1466) Survivor regions: 45->43(77)
[7745.826s][info][gc,heap        ] GC(1466) Old regions: 200->208
[7745.826s][info][gc,heap        ] GC(1466) Humongous regions: 33->33
[7745.826s][info][gc,metaspace   ] GC(1466) Metaspace: 30017K(30208K)->30017K(30208K) NonClass: 30017K(30208K)->30017K(30208K) Class: 0K(0K)->0K(0K)
[7745.826s][info][gc             ] GC(1466) Pause Young (Normal) (G1 Evacuation Pause) 6763M->2253M(8192M) 150.246ms
[7745.826s][info][gc,cpu         ] GC(1466) User=1.19s Sys=0.00s Real=0.15s
...[7748.621s][info][gc,start       ] GC(1467) Pause Young (Normal) (G1 Evacuation Pause)
[7748.621s][info][gc,task        ] GC(1467) Using 8 workers of 8 for evacuation
[7748.780s][info][gc,phases      ] GC(1467)   Pre Evacuate Collection Set: 0.22ms
[7748.780s][info][gc,phases      ] GC(1467)   Merge Heap Roots: 0.49ms
[7748.780s][info][gc,phases      ] GC(1467)   Evacuate Collection Set: 156.85ms
[7748.780s][info][gc,phases      ] GC(1467)   Post Evacuate Collection Set: 1.02ms
[7748.780s][info][gc,phases      ] GC(1467)   Other: 0.06ms
[7748.780s][info][gc,heap        ] GC(1467) Eden regions: 571->0(569)
[7748.780s][info][gc,heap        ] GC(1467) Survivor regions: 43->45(77)
[7748.780s][info][gc,heap        ] GC(1467) Old regions: 208->215
[7748.780s][info][gc,heap        ] GC(1467) Humongous regions: 33->33
[7748.780s][info][gc,metaspace   ] GC(1467) Metaspace: 30017K(30208K)->30017K(30208K) NonClass: 30017K(30208K)->30017K(30208K) Class: 0K(0K)->0K(0K)
[7748.780s][info][gc             ] GC(1467) Pause Young (Normal) (G1 Evacuation Pause) 6821M->2326M(8192M) 158.764ms
[7748.780s][info][gc,cpu         ] GC(1467) User=1.26s Sys=0.00s Real=0.16s
...[7751.587s][info][gc,start       ] GC(1468) Pause Young (Normal) (G1 Evacuation Pause)
[7751.587s][info][gc,task        ] GC(1468) Using 8 workers of 8 for evacuation
[7751.739s][info][gc,phases      ] GC(1468)   Pre Evacuate Collection Set: 0.23ms
[7751.739s][info][gc,phases      ] GC(1468)   Merge Heap Roots: 0.49ms
[7751.739s][info][gc,phases      ] GC(1468)   Evacuate Collection Set: 149.86ms
[7751.739s][info][gc,phases      ] GC(1468)   Post Evacuate Collection Set: 1.01ms
[7751.739s][info][gc,phases      ] GC(1468)   Other: 0.06ms
[7751.739s][info][gc,heap        ] GC(1468) Eden regions: 569->0(570)
[7751.739s][info][gc,heap        ] GC(1468) Survivor regions: 45->44(77)
[7751.739s][info][gc,heap        ] GC(1468) Old regions: 215->222
[7751.739s][info][gc,heap        ] GC(1468) Humongous regions: 33->33
[7751.739s][info][gc,metaspace   ] GC(1468) Metaspace: 30017K(30208K)->30017K(30208K) NonClass: 30017K(30208K)->30017K(30208K) Class: 0K(0K)->0K(0K)
[7751.739s][info][gc             ] GC(1468) Pause Young (Normal) (G1 Evacuation Pause) 6878M->2373M(8192M) 151.795ms
[7751.739s][info][gc,cpu         ] GC(1468) User=1.20s Sys=0.01s Real=0.15s
...[7754.612s][info][gc,start       ] GC(1469) Pause Young (Normal) (G1 Evacuation Pause)
[7754.612s][info][gc,task        ] GC(1469) Using 8 workers of 8 for evacuation
[7754.764s][info][gc,phases      ] GC(1469)   Pre Evacuate Collection Set: 0.24ms
[7754.764s][info][gc,phases      ] GC(1469)   Merge Heap Roots: 0.48ms
[7754.764s][info][gc,phases      ] GC(1469)   Evacuate Collection Set: 150.13ms
[7754.764s][info][gc,phases      ] GC(1469)   Post Evacuate Collection Set: 1.04ms
[7754.764s][info][gc,phases      ] GC(1469)   Other: 0.06ms
[7754.764s][info][gc,heap        ] GC(1469) Eden regions: 570->0(570)
[7754.764s][info][gc,heap        ] GC(1469) Survivor regions: 44->44(77)
[7754.764s][info][gc,heap        ] GC(1469) Old regions: 222->229
[7754.764s][info][gc,heap        ] GC(1469) Humongous regions: 33->33
[7754.764s][info][gc,metaspace   ] GC(1469) Metaspace: 30017K(30208K)->30017K(30208K) NonClass: 30017K(30208K)->30017K(30208K) Class: 0K(0K)->0K(0K)
[7754.764s][info][gc             ] GC(1469) Pause Young (Normal) (G1 Evacuation Pause) 6933M->2427M(8192M) 152.113ms
[7754.764s][info][gc,cpu         ] GC(1469) User=1.20s Sys=0.00s Real=0.15s
...[7757.578s][info][gc,start       ] GC(1470) Pause Young (Normal) (G1 Evacuation Pause)
[7757.578s][info][gc,task        ] GC(1470) Using 8 workers of 8 for evacuation
[7757.730s][info][gc,phases      ] GC(1470)   Pre Evacuate Collection Set: 0.24ms
[7757.730s][info][gc,phases      ] GC(1470)   Merge Heap Roots: 0.48ms
[7757.730s][info][gc,phases      ] GC(1470)   Evacuate Collection Set: 150.26ms
[7757.730s][info][gc,phases      ] GC(1470)   Post Evacuate Collection Set: 1.03ms
[7757.730s][info][gc,phases      ] GC(1470)   Other: 0.06ms
[7757.730s][info][gc,heap        ] GC(1470) Eden regions: 570->0(570)
[7757.730s][info][gc,heap        ] GC(1470) Survivor regions: 44->44(77)
[7757.730s][info][gc,heap        ] GC(1470) Old regions: 229->236
[7757.730s][info][gc,heap        ] GC(1470) Humongous regions: 33->33
[7757.730s][info][gc,metaspace   ] GC(1470) Metaspace: 30017K(30208K)->30017K(30208K) NonClass: 30017K(30208K)->30017K(30208K) Class: 0K(0K)->0K(0K)
[7757.730s][info][gc             ] GC(1470) Pause Young (Normal) (G1 Evacuation Pause) 6987M->2489M(8192M) 152.193ms
[7757.731s][info][gc,cpu         ] GC(1470) User=1.20s Sys=0.00s Real=0.16s
...[7760.543s][info][gc,start       ] GC(1471) Pause Young (Normal) (G1 Evacuation Pause)
[7760.543s][info][gc,task        ] GC(1471) Using 8 workers of 8 for evacuation
[7760.705s][info][gc,phases      ] GC(1471)   Pre Evacuate Collection Set: 0.23ms
[7760.705s][info][gc,phases      ] GC(1471)   Merge Heap Roots: 0.50ms
[7760.705s][info][gc,phases      ] GC(1471)   Evacuate Collection Set: 159.96ms
[7760.705s][info][gc,phases      ] GC(1471)   Post Evacuate Collection Set: 1.04ms
[7760.705s][info][gc,phases      ] GC(1471)   Other: 0.07ms
[7760.705s][info][gc,heap        ] GC(1471) Eden regions: 570->0(567)
[7760.705s][info][gc,heap        ] GC(1471) Survivor regions: 44->47(77)
[7760.705s][info][gc,heap        ] GC(1471) Old regions: 236->243
[7760.705s][info][gc,heap        ] GC(1471) Humongous regions: 33->33
[7760.705s][info][gc,metaspace   ] GC(1471) Metaspace: 30017K(30208K)->30017K(30208K) NonClass: 30017K(30208K)->30017K(30208K) Class: 0K(0K)->0K(0K)
[7760.705s][info][gc             ] GC(1471) Pause Young (Normal) (G1 Evacuation Pause) 7049M->2567M(8192M) 161.933ms
[7760.705s][info][gc,cpu         ] GC(1471) User=1.28s Sys=0.00s Real=0.16s
..[7763.431s][info][gc,start       ] GC(1472) Pause Young (Normal) (G1 Evacuation Pause)
[7763.431s][info][gc,task        ] GC(1472) Using 8 workers of 8 for evacuation
[7763.581s][info][gc,phases      ] GC(1472)   Pre Evacuate Collection Set: 0.21ms
[7763.581s][info][gc,phases      ] GC(1472)   Merge Heap Roots: 0.49ms
[7763.581s][info][gc,phases      ] GC(1472)   Evacuate Collection Set: 148.38ms
[7763.582s][info][gc,phases      ] GC(1472)   Post Evacuate Collection Set: 1.01ms
[7763.582s][info][gc,phases      ] GC(1472)   Other: 0.06ms
[7763.582s][info][gc,heap        ] GC(1472) Eden regions: 567->0(571)
[7763.582s][info][gc,heap        ] GC(1472) Survivor regions: 47->43(77)
[7763.582s][info][gc,heap        ] GC(1472) Old regions: 243->250
[7763.582s][info][gc,heap        ] GC(1472) Humongous regions: 33->33
[7763.582s][info][gc,metaspace   ] GC(1472) Metaspace: 30017K(30208K)->30017K(30208K) NonClass: 30017K(30208K)->30017K(30208K) Class: 0K(0K)->0K(0K)
[7763.582s][info][gc             ] GC(1472) Pause Young (Normal) (G1 Evacuation Pause) 7103M->2591M(8192M) 150.277ms
[7763.582s][info][gc,cpu         ] GC(1472) User=1.19s Sys=0.00s Real=0.15s
... (rIR:aIR:PR = 12868:12861:12862) (tPR = 188451) [OK] 
  7765s: Performance info:
         Transaction,    Success,    Partial,     Failed,   Receipts, AvgBarcode, 
             Overall,     773941,          0,          0,     734815,      59.48, 
         Response times:
             Request,    Success,    Partial,     Failed,   SkipFail,     Probes,    Samples,      min,      p50,      p90,      p95,      p99,      max, 
       TotalPurchase,     734825,          0,          0,          0,     334099,     521021,      300,    61000,   189000,   239000,   363000,  5100000,
     InStorePurchase,     390417,          0,          0,          0,     175297,     274093,      400,    62000,   189000,   240000,   357000,  5100000,
      OnlinePurchase,     266753,          0,          0,          0,     122392,     191661,      300,    61000,   189000,   236000,   367000,  5100000,
        InstPurchase,      77655,          0,          0,          0,      36410,      55267,      300,    61000,   192000,   239000,   361000,  5100000,
          AssocOfCat,        770,          0,          0,          0,        637,       1052,    40000,   116000,   253100,   318700,   699300,  3100000,
      AssocOfProduct,       7819,          0,          0,          0,       3547,       5709,     1900,    66000,   191000,   237000,   336000,  1200000,
      BusinessReport,       1934,          0,          0,          0,       1680,       2792,    37000,   121000,   252000,   308350,   495840,  3100000,
          CustBuyBeh,       7859,          0,          0,          0,       3635,       5869,      800,    62000,   190000,   229000,   336600,  1400000,
       ProductReturn,      20663,          0,          0,          0,       8731,      13707,      300,    60000,   193000,   244000,   365840,  3200000,

  7765s: (94%)   IR =  13007 [7766.424s][info][gc,start       ] GC(1473) Pause Young (Normal) (G1 Evacuation Pause)
[7766.425s][info][gc,task        ] GC(1473) Using 8 workers of 8 for evacuation
[7766.583s][info][gc,phases      ] GC(1473)   Pre Evacuate Collection Set: 0.26ms
[7766.583s][info][gc,phases      ] GC(1473)   Merge Heap Roots: 0.51ms
[7766.583s][info][gc,phases      ] GC(1473)   Evacuate Collection Set: 156.90ms
[7766.583s][info][gc,phases      ] GC(1473)   Post Evacuate Collection Set: 1.09ms
[7766.583s][info][gc,phases      ] GC(1473)   Other: 0.06ms
[7766.583s][info][gc,heap        ] GC(1473) Eden regions: 571->0(568)
[7766.583s][info][gc,heap        ] GC(1473) Survivor regions: 43->46(77)
[7766.583s][info][gc,heap        ] GC(1473) Old regions: 250->257
[7766.583s][info][gc,heap        ] GC(1473) Humongous regions: 33->33
[7766.583s][info][gc,metaspace   ] GC(1473) Metaspace: 30017K(30208K)->30017K(30208K) NonClass: 30017K(30208K)->30017K(30208K) Class: 0K(0K)->0K(0K)
[7766.583s][info][gc             ] GC(1473) Pause Young (Normal) (G1 Evacuation Pause) 7159M->2671M(8192M) 158.963ms
[7766.583s][info][gc,cpu         ] GC(1473) User=1.26s Sys=0.00s Real=0.16s
...[7769.412s][info][gc,start       ] GC(1474) Pause Young (Normal) (G1 Evacuation Pause)
[7769.412s][info][gc,task        ] GC(1474) Using 8 workers of 8 for evacuation
[7769.565s][info][gc,phases      ] GC(1474)   Pre Evacuate Collection Set: 0.20ms
[7769.565s][info][gc,phases      ] GC(1474)   Merge Heap Roots: 0.49ms
[7769.565s][info][gc,phases      ] GC(1474)   Evacuate Collection Set: 151.09ms
[7769.565s][info][gc,phases      ] GC(1474)   Post Evacuate Collection Set: 1.09ms
[7769.565s][info][gc,phases      ] GC(1474)   Other: 0.06ms
[7769.565s][info][gc,heap        ] GC(1474) Eden regions: 568->0(570)
[7769.565s][info][gc,heap        ] GC(1474) Survivor regions: 46->44(77)
[7769.565s][info][gc,heap        ] GC(1474) Old regions: 257->265
[7769.565s][info][gc,heap        ] GC(1474) Humongous regions: 33->33
[7769.565s][info][gc,metaspace   ] GC(1474) Metaspace: 30017K(30208K)->30017K(30208K) NonClass: 30017K(30208K)->30017K(30208K) Class: 0K(0K)->0K(0K)
[7769.565s][info][gc             ] GC(1474) Pause Young (Normal) (G1 Evacuation Pause) 7215M->2714M(8192M) 153.076ms
[7769.565s][info][gc,cpu         ] GC(1474) User=1.21s Sys=0.00s Real=0.15s
...[7772.325s][info][gc,start       ] GC(1475) Pause Young (Normal) (G1 Evacuation Pause)
[7772.325s][info][gc,task        ] GC(1475) Using 8 workers of 8 for evacuation
[7772.475s][info][gc,phases      ] GC(1475)   Pre Evacuate Collection Set: 0.22ms
[7772.475s][info][gc,phases      ] GC(1475)   Merge Heap Roots: 0.50ms
[7772.475s][info][gc,phases      ] GC(1475)   Evacuate Collection Set: 148.60ms
[7772.475s][info][gc,phases      ] GC(1475)   Post Evacuate Collection Set: 1.02ms
[7772.475s][info][gc,phases      ] GC(1475)   Other: 0.07ms
[7772.475s][info][gc,heap        ] GC(1475) Eden regions: 570->0(570)
[7772.475s][info][gc,heap        ] GC(1475) Survivor regions: 44->44(77)
[7772.475s][info][gc,heap        ] GC(1475) Old regions: 265->272
[7772.475s][info][gc,heap        ] GC(1475) Humongous regions: 33->33
[7772.475s][info][gc,metaspace   ] GC(1475) Metaspace: 30017K(30208K)->30017K(30208K) NonClass: 30017K(30208K)->30017K(30208K) Class: 0K(0K)->0K(0K)
[7772.476s][info][gc             ] GC(1475) Pause Young (Normal) (G1 Evacuation Pause) 7274M->2773M(8192M) 150.536ms
[7772.476s][info][gc,cpu         ] GC(1475) User=1.19s Sys=0.00s Real=0.15s
...[7775.317s][info][gc,start       ] GC(1476) Pause Young (Normal) (G1 Evacuation Pause)
[7775.317s][info][gc,task        ] GC(1476) Using 8 workers of 8 for evacuation
[7775.465s][info][gc,phases      ] GC(1476)   Pre Evacuate Collection Set: 0.25ms
[7775.465s][info][gc,phases      ] GC(1476)   Merge Heap Roots: 0.51ms
[7775.465s][info][gc,phases      ] GC(1476)   Evacuate Collection Set: 145.83ms
[7775.465s][info][gc,phases      ] GC(1476)   Post Evacuate Collection Set: 1.02ms
[7775.465s][info][gc,phases      ] GC(1476)   Other: 0.07ms
[7775.465s][info][gc,heap        ] GC(1476) Eden regions: 570->0(571)
[7775.465s][info][gc,heap        ] GC(1476) Survivor regions: 44->43(77)
[7775.465s][info][gc,heap        ] GC(1476) Old regions: 272->279
[7775.465s][info][gc,heap        ] GC(1476) Humongous regions: 33->33
[7775.465s][info][gc,metaspace   ] GC(1476) Metaspace: 30017K(30208K)->30017K(30208K) NonClass: 30017K(30208K)->30017K(30208K) Class: 0K(0K)->0K(0K)
[7775.465s][info][gc             ] GC(1476) Pause Young (Normal) (G1 Evacuation Pause) 7333M->2826M(8192M) 147.809ms
[7775.465s][info][gc,cpu         ] GC(1476) User=1.17s Sys=0.00s Real=0.15s
...[7778.252s][info][gc,start       ] GC(1477) Pause Young (Normal) (G1 Evacuation Pause)
[7778.252s][info][gc,task        ] GC(1477) Using 8 workers of 8 for evacuation
[7778.406s][info][gc,phases      ] GC(1477)   Pre Evacuate Collection Set: 0.24ms
[7778.406s][info][gc,phases      ] GC(1477)   Merge Heap Roots: 0.49ms
[7778.406s][info][gc,phases      ] GC(1477)   Evacuate Collection Set: 152.74ms
[7778.406s][info][gc,phases      ] GC(1477)   Post Evacuate Collection Set: 1.03ms
[7778.406s][info][gc,phases      ] GC(1477)   Other: 0.06ms
[7778.406s][info][gc,heap        ] GC(1477) Eden regions: 571->0(564)
[7778.406s][info][gc,heap        ] GC(1477) Survivor regions: 43->44(77)
[7778.406s][info][gc,heap        ] GC(1477) Old regions: 279->287
[7778.406s][info][gc,heap        ] GC(1477) Humongous regions: 33->33
[7778.406s][info][gc,metaspace   ] GC(1477) Metaspace: 30017K(30208K)->30017K(30208K) NonClass: 30017K(30208K)->30017K(30208K) Class: 0K(0K)->0K(0K)
[7778.406s][info][gc             ] GC(1477) Pause Young (Normal) (G1 Evacuation Pause) 7394M->2889M(8192M) 154.709ms
[7778.407s][info][gc,cpu         ] GC(1477) User=1.22s Sys=0.00s Real=0.15s
...|[7781.175s][info][gc,start       ] GC(1478) Pause Young (Normal) (G1 Evacuation Pause)
[7781.175s][info][gc,task        ] GC(1478) Using 8 workers of 8 for evacuation
[7781.326s][info][gc,phases      ] GC(1478)   Pre Evacuate Collection Set: 0.21ms
[7781.326s][info][gc,phases      ] GC(1478)   Merge Heap Roots: 0.48ms
[7781.326s][info][gc,phases      ] GC(1478)   Evacuate Collection Set: 149.58ms
[7781.326s][info][gc,phases      ] GC(1478)   Post Evacuate Collection Set: 1.02ms
[7781.326s][info][gc,phases      ] GC(1478)   Other: 0.06ms
[7781.326s][info][gc,heap        ] GC(1478) Eden regions: 564->0(560)
[7781.326s][info][gc,heap        ] GC(1478) Survivor regions: 44->43(76)
[7781.326s][info][gc,heap        ] GC(1478) Old regions: 287->293
[7781.326s][info][gc,heap        ] GC(1478) Humongous regions: 33->33
[7781.326s][info][gc,metaspace   ] GC(1478) Metaspace: 30017K(30208K)->30017K(30208K) NonClass: 30017K(30208K)->30017K(30208K) Class: 0K(0K)->0K(0K)
[7781.326s][info][gc             ] GC(1478) Pause Young (Normal) (G1 Evacuation Pause) 7401M->2939M(8192M) 151.470ms
[7781.326s][info][gc,cpu         ] GC(1478) User=1.20s Sys=0.00s Real=0.15s
...[7784.027s][info][gc,start       ] GC(1479) Pause Young (Normal) (G1 Evacuation Pause)
[7784.028s][info][gc,task        ] GC(1479) Using 8 workers of 8 for evacuation
[7784.183s][info][gc,phases      ] GC(1479)   Pre Evacuate Collection Set: 0.23ms
[7784.183s][info][gc,phases      ] GC(1479)   Merge Heap Roots: 0.51ms
[7784.183s][info][gc,phases      ] GC(1479)   Evacuate Collection Set: 153.50ms
[7784.183s][info][gc,phases      ] GC(1479)   Post Evacuate Collection Set: 1.02ms
[7784.183s][info][gc,phases      ] GC(1479)   Other: 0.06ms
[7784.183s][info][gc,heap        ] GC(1479) Eden regions: 560->0(550)
[7784.183s][info][gc,heap        ] GC(1479) Survivor regions: 43->44(76)
[7784.183s][info][gc,heap        ] GC(1479) Old regions: 293->301
[7784.183s][info][gc,heap        ] GC(1479) Humongous regions: 33->33
[7784.183s][info][gc,metaspace   ] GC(1479) Metaspace: 30017K(30208K)->30017K(30208K) NonClass: 30017K(30208K)->30017K(30208K) Class: 0K(0K)->0K(0K)
[7784.183s][info][gc             ] GC(1479) Pause Young (Normal) (G1 Evacuation Pause) 7419M->3009M(8192M) 155.442ms
[7784.183s][info][gc,cpu         ] GC(1479) User=1.23s Sys=0.00s Real=0.16s
...[7786.884s][info][gc,start       ] GC(1480) Pause Young (Normal) (G1 Evacuation Pause)
[7786.884s][info][gc,task        ] GC(1480) Using 8 workers of 8 for evacuation
[7787.038s][info][gc,phases      ] GC(1480)   Pre Evacuate Collection Set: 0.21ms
[7787.038s][info][gc,phases      ] GC(1480)   Merge Heap Roots: 0.49ms
[7787.038s][info][gc,phases      ] GC(1480)   Evacuate Collection Set: 151.70ms
[7787.038s][info][gc,phases      ] GC(1480)   Post Evacuate Collection Set: 0.99ms
[7787.038s][info][gc,phases      ] GC(1480)   Other: 0.06ms
[7787.038s][info][gc,heap        ] GC(1480) Eden regions: 550->0(543)
[7787.038s][info][gc,heap        ] GC(1480) Survivor regions: 44->44(75)
[7787.038s][info][gc,heap        ] GC(1480) Old regions: 301->308
[7787.038s][info][gc,heap        ] GC(1480) Humongous regions: 33->33
[7787.038s][info][gc,metaspace   ] GC(1480) Metaspace: 30017K(30208K)->30017K(30208K) NonClass: 30017K(30208K)->30017K(30208K) Class: 0K(0K)->0K(0K)
[7787.038s][info][gc             ] GC(1480) Pause Young (Normal) (G1 Evacuation Pause) 7409M->3067M(8192M) 153.574ms
[7787.038s][info][gc,cpu         ] GC(1480) User=1.21s Sys=0.00s Real=0.15s
..[7789.683s][info][gc,start       ] GC(1481) Pause Young (Concurrent Start) (G1 Evacuation Pause)
[7789.683s][info][gc,task        ] GC(1481) Using 8 workers of 8 for evacuation
[7789.840s][info][gc,phases      ] GC(1481)   Pre Evacuate Collection Set: 0.26ms
[7789.840s][info][gc,phases      ] GC(1481)   Merge Heap Roots: 0.48ms
[7789.840s][info][gc,phases      ] GC(1481)   Evacuate Collection Set: 155.31ms
[7789.840s][info][gc,phases      ] GC(1481)   Post Evacuate Collection Set: 0.98ms
[7789.840s][info][gc,phases      ] GC(1481)   Other: 0.07ms
[7789.840s][info][gc,heap        ] GC(1481) Eden regions: 543->0(531)
[7789.840s][info][gc,heap        ] GC(1481) Survivor regions: 44->46(74)
[7789.840s][info][gc,heap        ] GC(1481) Old regions: 308->316
[7789.840s][info][gc,heap        ] GC(1481) Humongous regions: 33->33
[7789.840s][info][gc,metaspace   ] GC(1481) Metaspace: 30017K(30208K)->30017K(30208K) NonClass: 30017K(30208K)->30017K(30208K) Class: 0K(0K)->0K(0K)
[7789.840s][info][gc             ] GC(1481) Pause Young (Concurrent Start) (G1 Evacuation Pause) 7411M->3141M(8192M) 157.228ms
[7789.840s][info][gc             ] GC(1482) Concurrent Mark Cycle
[7789.840s][info][gc,marking     ] GC(1482) Concurrent Scan Root Regions
[7789.840s][info][gc,cpu         ] GC(1481) User=1.24s Sys=0.00s Real=0.16s
.[7790.091s][info][gc,marking     ] GC(1482) Concurrent Scan Root Regions 250.538ms
[7790.091s][info][gc,marking     ] GC(1482) Concurrent Mark
[7790.091s][info][gc,marking     ] GC(1482) Concurrent Mark From Roots
[7790.091s][info][gc,task        ] GC(1482) Using 2 workers of 2 for marking
.[7791.323s][info][gc,marking     ] GC(1482) Concurrent Mark From Roots 1232.083ms
[7791.323s][info][gc,marking     ] GC(1482) Concurrent Preclean
[7791.323s][info][gc,marking     ] GC(1482) Concurrent Preclean 0.116ms
[7791.323s][info][gc,start       ] GC(1482) Pause Remark
[7791.326s][info][gc             ] GC(1482) Pause Remark 4869M->4213M(8192M) 2.970ms
[7791.326s][info][gc,cpu         ] GC(1482) User=0.02s Sys=0.00s Real=0.00s
[7791.326s][info][gc,marking     ] GC(1482) Concurrent Mark 1235.517ms
[7791.326s][info][gc,marking     ] GC(1482) Concurrent Rebuild Remembered Sets and Scrub Regions
.[7792.254s][info][gc,marking     ] GC(1482) Concurrent Rebuild Remembered Sets and Scrub Regions 927.997ms
[7792.255s][info][gc,start       ] GC(1482) Pause Cleanup
[7792.255s][info][gc             ] GC(1482) Pause Cleanup 5481M->5481M(8192M) 0.264ms
[7792.255s][info][gc,cpu         ] GC(1482) User=0.00s Sys=0.00s Real=0.00s
[7792.255s][info][gc,marking     ] GC(1482) Concurrent Clear Claimed Marks
[7792.255s][info][gc,marking     ] GC(1482) Concurrent Clear Claimed Marks 0.042ms
[7792.255s][info][gc,marking     ] GC(1482) Concurrent Cleanup for Next Mark
[7792.265s][info][gc,marking     ] GC(1482) Concurrent Cleanup for Next Mark 9.902ms
[7792.265s][info][gc             ] GC(1482) Concurrent Mark Cycle 2424.668ms
.[7793.046s][info][gc,start       ] GC(1483) Pause Young (Prepare Mixed) (G1 Evacuation Pause)
[7793.047s][info][gc,task        ] GC(1483) Using 8 workers of 8 for evacuation
[7793.194s][info][gc,phases      ] GC(1483)   Pre Evacuate Collection Set: 0.24ms
[7793.194s][info][gc,phases      ] GC(1483)   Merge Heap Roots: 0.67ms
[7793.194s][info][gc,phases      ] GC(1483)   Evacuate Collection Set: 145.63ms
[7793.194s][info][gc,phases      ] GC(1483)   Post Evacuate Collection Set: 1.11ms
[7793.194s][info][gc,phases      ] GC(1483)   Other: 0.07ms
[7793.194s][info][gc,heap        ] GC(1483) Eden regions: 531->0(572)
[7793.194s][info][gc,heap        ] GC(1483) Survivor regions: 46->42(73)
[7793.194s][info][gc,heap        ] GC(1483) Old regions: 234->242
[7793.194s][info][gc,heap        ] GC(1483) Humongous regions: 33->33
[7793.194s][info][gc,metaspace   ] GC(1483) Metaspace: 30017K(30208K)->30017K(30208K) NonClass: 30017K(30208K)->30017K(30208K) Class: 0K(0K)->0K(0K)
[7793.194s][info][gc             ] GC(1483) Pause Young (Prepare Mixed) (G1 Evacuation Pause) 6733M->2513M(8192M) 147.854ms
[7793.194s][info][gc,cpu         ] GC(1483) User=1.17s Sys=0.00s Real=0.15s
...[7796.096s][info][gc,start       ] GC(1484) Pause Young (Mixed) (G1 Evacuation Pause)
[7796.097s][info][gc,task        ] GC(1484) Using 8 workers of 8 for evacuation
[7796.252s][info][gc,phases      ] GC(1484)   Pre Evacuate Collection Set: 0.26ms
[7796.252s][info][gc,phases      ] GC(1484)   Merge Heap Roots: 0.78ms
[7796.252s][info][gc,phases      ] GC(1484)   Evacuate Collection Set: 153.17ms
[7796.252s][info][gc,phases      ] GC(1484)   Post Evacuate Collection Set: 1.21ms
[7796.252s][info][gc,phases      ] GC(1484)   Other: 0.07ms
[7796.252s][info][gc,heap        ] GC(1484) Eden regions: 572->0(571)
[7796.252s][info][gc,heap        ] GC(1484) Survivor regions: 42->43(77)
[7796.252s][info][gc,heap        ] GC(1484) Old regions: 242->148
[7796.252s][info][gc,heap        ] GC(1484) Humongous regions: 33->33
[7796.252s][info][gc,metaspace   ] GC(1484) Metaspace: 30017K(30208K)->30017K(30208K) NonClass: 30017K(30208K)->30017K(30208K) Class: 0K(0K)->0K(0K)
[7796.252s][info][gc             ] GC(1484) Pause Young (Mixed) (G1 Evacuation Pause) 7089M->1774M(8192M) 155.623ms
[7796.252s][info][gc,cpu         ] GC(1484) User=1.23s Sys=0.00s Real=0.16s
...[7798.990s][info][gc,start       ] GC(1485) Pause Young (Mixed) (G1 Evacuation Pause)
[7798.990s][info][gc,task        ] GC(1485) Using 8 workers of 8 for evacuation
[7799.149s][info][gc,phases      ] GC(1485)   Pre Evacuate Collection Set: 0.23ms
[7799.149s][info][gc,phases      ] GC(1485)   Merge Heap Roots: 0.60ms
[7799.149s][info][gc,phases      ] GC(1485)   Evacuate Collection Set: 156.70ms
[7799.149s][info][gc,phases      ] GC(1485)   Post Evacuate Collection Set: 1.01ms
[7799.149s][info][gc,phases      ] GC(1485)   Other: 0.07ms
[7799.149s][info][gc,heap        ] GC(1485) Eden regions: 571->0(570)
[7799.149s][info][gc,heap        ] GC(1485) Survivor regions: 43->44(77)
[7799.149s][info][gc,heap        ] GC(1485) Old regions: 148->145
[7799.149s][info][gc,heap        ] GC(1485) Humongous regions: 33->33
[7799.149s][info][gc,metaspace   ] GC(1485) Metaspace: 30017K(30208K)->30017K(30208K) NonClass: 30017K(30208K)->30017K(30208K) Class: 0K(0K)->0K(0K)
[7799.149s][info][gc             ] GC(1485) Pause Young (Mixed) (G1 Evacuation Pause) 6342M->1757M(8192M) 158.735ms
[7799.149s][info][gc,cpu         ] GC(1485) User=1.26s Sys=0.00s Real=0.15s
...[7801.970s][info][gc,start       ] GC(1486) Pause Young (Normal) (G1 Evacuation Pause)
[7801.970s][info][gc,task        ] GC(1486) Using 8 workers of 8 for evacuation
[7802.123s][info][gc,phases      ] GC(1486)   Pre Evacuate Collection Set: 0.24ms
[7802.123s][info][gc,phases      ] GC(1486)   Merge Heap Roots: 0.47ms
[7802.123s][info][gc,phases      ] GC(1486)   Evacuate Collection Set: 151.14ms
[7802.123s][info][gc,phases      ] GC(1486)   Post Evacuate Collection Set: 1.00ms
[7802.123s][info][gc,phases      ] GC(1486)   Other: 0.06ms
[7802.123s][info][gc,heap        ] GC(1486) Eden regions: 570->0(570)
[7802.123s][info][gc,heap        ] GC(1486) Survivor regions: 44->44(77)
[7802.123s][info][gc,heap        ] GC(1486) Old regions: 145->152
[7802.123s][info][gc,heap        ] GC(1486) Humongous regions: 33->33
[7802.123s][info][gc,metaspace   ] GC(1486) Metaspace: 30017K(30208K)->30017K(30208K) NonClass: 30017K(30208K)->30017K(30208K) Class: 0K(0K)->0K(0K)
[7802.123s][info][gc             ] GC(1486) Pause Young (Normal) (G1 Evacuation Pause) 6317M->1813M(8192M) 153.038ms
[7802.123s][info][gc,cpu         ] GC(1486) User=1.22s Sys=0.00s Real=0.16s
..[7804.862s][info][gc,start       ] GC(1487) Pause Young (Normal) (G1 Evacuation Pause)
[7804.862s][info][gc,task        ] GC(1487) Using 8 workers of 8 for evacuation
[7805.019s][info][gc,phases      ] GC(1487)   Pre Evacuate Collection Set: 0.23ms
[7805.019s][info][gc,phases      ] GC(1487)   Merge Heap Roots: 0.48ms
[7805.019s][info][gc,phases      ] GC(1487)   Evacuate Collection Set: 155.19ms
[7805.019s][info][gc,phases      ] GC(1487)   Post Evacuate Collection Set: 1.03ms
[7805.019s][info][gc,phases      ] GC(1487)   Other: 0.06ms
[7805.019s][info][gc,heap        ] GC(1487) Eden regions: 570->0(569)
[7805.019s][info][gc,heap        ] GC(1487) Survivor regions: 44->45(77)
[7805.019s][info][gc,heap        ] GC(1487) Old regions: 152->159
[7805.019s][info][gc,heap        ] GC(1487) Humongous regions: 33->33
[7805.019s][info][gc,metaspace   ] GC(1487) Metaspace: 30017K(30208K)->30017K(30208K) NonClass: 30017K(30208K)->30017K(30208K) Class: 0K(0K)->0K(0K)
[7805.019s][info][gc             ] GC(1487) Pause Young (Normal) (G1 Evacuation Pause) 6373M->1881M(8192M) 157.125ms
[7805.019s][info][gc,cpu         ] GC(1487) User=1.25s Sys=0.00s Real=0.15s
...[7807.841s][info][gc,start       ] GC(1488) Pause Young (Normal) (G1 Evacuation Pause)
[7807.841s][info][gc,task        ] GC(1488) Using 8 workers of 8 for evacuation
[7807.990s][info][gc,phases      ] GC(1488)   Pre Evacuate Collection Set: 0.21ms
[7807.990s][info][gc,phases      ] GC(1488)   Merge Heap Roots: 0.48ms
[7807.990s][info][gc,phases      ] GC(1488)   Evacuate Collection Set: 147.95ms
[7807.990s][info][gc,phases      ] GC(1488)   Post Evacuate Collection Set: 1.01ms
[7807.990s][info][gc,phases      ] GC(1488)   Other: 0.06ms
[7807.990s][info][gc,heap        ] GC(1488) Eden regions: 569->0(570)
[7807.990s][info][gc,heap        ] GC(1488) Survivor regions: 45->44(77)
[7807.990s][info][gc,heap        ] GC(1488) Old regions: 159->166
[7807.990s][info][gc,heap        ] GC(1488) Humongous regions: 33->33
[7807.990s][info][gc,metaspace   ] GC(1488) Metaspace: 30017K(30208K)->30017K(30208K) NonClass: 30017K(30208K)->30017K(30208K) Class: 0K(0K)->0K(0K)
[7807.990s][info][gc             ] GC(1488) Pause Young (Normal) (G1 Evacuation Pause) 6433M->1925M(8192M) 149.850ms
[7807.991s][info][gc,cpu         ] GC(1488) User=1.19s Sys=0.00s Real=0.15s
...[7810.716s][info][gc,start       ] GC(1489) Pause Young (Normal) (G1 Evacuation Pause)
[7810.716s][info][gc,task        ] GC(1489) Using 8 workers of 8 for evacuation
[7810.870s][info][gc,phases      ] GC(1489)   Pre Evacuate Collection Set: 0.23ms
[7810.870s][info][gc,phases      ] GC(1489)   Merge Heap Roots: 0.50ms
[7810.870s][info][gc,phases      ] GC(1489)   Evacuate Collection Set: 152.99ms
[7810.870s][info][gc,phases      ] GC(1489)   Post Evacuate Collection Set: 0.99ms
[7810.870s][info][gc,phases      ] GC(1489)   Other: 0.07ms
[7810.870s][info][gc,heap        ] GC(1489) Eden regions: 570->0(570)
[7810.870s][info][gc,heap        ] GC(1489) Survivor regions: 44->44(77)
[7810.870s][info][gc,heap        ] GC(1489) Old regions: 166->173
[7810.870s][info][gc,heap        ] GC(1489) Humongous regions: 33->33
[7810.870s][info][gc,metaspace   ] GC(1489) Metaspace: 30017K(30208K)->30017K(30208K) NonClass: 30017K(30208K)->30017K(30208K) Class: 0K(0K)->0K(0K)
[7810.870s][info][gc             ] GC(1489) Pause Young (Normal) (G1 Evacuation Pause) 6485M->1987M(8192M) 154.903ms
[7810.871s][info][gc,cpu         ] GC(1489) User=1.23s Sys=0.00s Real=0.16s
...[7813.654s][info][gc,start       ] GC(1490) Pause Young (Normal) (G1 Evacuation Pause)
[7813.654s][info][gc,task        ] GC(1490) Using 8 workers of 8 for evacuation
[7813.808s][info][gc,phases      ] GC(1490)   Pre Evacuate Collection Set: 0.21ms
[7813.808s][info][gc,phases      ] GC(1490)   Merge Heap Roots: 0.51ms
[7813.808s][info][gc,phases      ] GC(1490)   Evacuate Collection Set: 152.81ms
[7813.808s][info][gc,phases      ] GC(1490)   Post Evacuate Collection Set: 1.00ms
[7813.808s][info][gc,phases      ] GC(1490)   Other: 0.06ms
[7813.809s][info][gc,heap        ] GC(1490) Eden regions: 570->0(570)
[7813.809s][info][gc,heap        ] GC(1490) Survivor regions: 44->44(77)
[7813.809s][info][gc,heap        ] GC(1490) Old regions: 173->180
[7813.809s][info][gc,heap        ] GC(1490) Humongous regions: 33->33
[7813.809s][info][gc,metaspace   ] GC(1490) Metaspace: 30017K(30208K)->30017K(30208K) NonClass: 30017K(30208K)->30017K(30208K) Class: 0K(0K)->0K(0K)
[7813.809s][info][gc             ] GC(1490) Pause Young (Normal) (G1 Evacuation Pause) 6547M->2042M(8192M) 154.712ms
[7813.809s][info][gc,cpu         ] GC(1490) User=1.23s Sys=0.00s Real=0.15s
...[7816.627s][info][gc,start       ] GC(1491) Pause Young (Normal) (G1 Evacuation Pause)
[7816.627s][info][gc,task        ] GC(1491) Using 8 workers of 8 for evacuation
[7816.784s][info][gc,phases      ] GC(1491)   Pre Evacuate Collection Set: 0.22ms
[7816.784s][info][gc,phases      ] GC(1491)   Merge Heap Roots: 0.48ms
[7816.784s][info][gc,phases      ] GC(1491)   Evacuate Collection Set: 155.67ms
[7816.784s][info][gc,phases      ] GC(1491)   Post Evacuate Collection Set: 1.00ms
[7816.784s][info][gc,phases      ] GC(1491)   Other: 0.06ms
[7816.784s][info][gc,heap        ] GC(1491) Eden regions: 570->0(569)
[7816.784s][info][gc,heap        ] GC(1491) Survivor regions: 44->45(77)
[7816.784s][info][gc,heap        ] GC(1491) Old regions: 180->187
[7816.784s][info][gc,heap        ] GC(1491) Humongous regions: 33->33
[7816.784s][info][gc,metaspace   ] GC(1491) Metaspace: 30017K(30208K)->30017K(30208K) NonClass: 30017K(30208K)->30017K(30208K) Class: 0K(0K)->0K(0K)
[7816.784s][info][gc             ] GC(1491) Pause Young (Normal) (G1 Evacuation Pause) 6602M->2107M(8192M) 157.553ms
[7816.784s][info][gc,cpu         ] GC(1491) User=1.25s Sys=0.00s Real=0.16s
...[7819.581s][info][gc,start       ] GC(1492) Pause Young (Normal) (G1 Evacuation Pause)
[7819.581s][info][gc,task        ] GC(1492) Using 8 workers of 8 for evacuation
[7819.732s][info][gc,phases      ] GC(1492)   Pre Evacuate Collection Set: 0.23ms
[7819.732s][info][gc,phases      ] GC(1492)   Merge Heap Roots: 0.48ms
[7819.732s][info][gc,phases      ] GC(1492)   Evacuate Collection Set: 149.46ms
[7819.732s][info][gc,phases      ] GC(1492)   Post Evacuate Collection Set: 0.99ms
[7819.732s][info][gc,phases      ] GC(1492)   Other: 0.06ms
[7819.732s][info][gc,heap        ] GC(1492) Eden regions: 569->0(570)
[7819.732s][info][gc,heap        ] GC(1492) Survivor regions: 45->44(77)
[7819.732s][info][gc,heap        ] GC(1492) Old regions: 187->195
[7819.732s][info][gc,heap        ] GC(1492) Humongous regions: 33->33
[7819.732s][info][gc,metaspace   ] GC(1492) Metaspace: 30017K(30208K)->30017K(30208K) NonClass: 30017K(30208K)->30017K(30208K) Class: 0K(0K)->0K(0K)
[7819.732s][info][gc             ] GC(1492) Pause Young (Normal) (G1 Evacuation Pause) 6659M->2158M(8192M) 151.341ms
[7819.732s][info][gc,cpu         ] GC(1492) User=1.19s Sys=0.00s Real=0.15s
...[7822.521s][info][gc,start       ] GC(1493) Pause Young (Normal) (G1 Evacuation Pause)
[7822.521s][info][gc,task        ] GC(1493) Using 8 workers of 8 for evacuation
[7822.688s][info][gc,phases      ] GC(1493)   Pre Evacuate Collection Set: 0.24ms
[7822.688s][info][gc,phases      ] GC(1493)   Merge Heap Roots: 0.48ms
[7822.688s][info][gc,phases      ] GC(1493)   Evacuate Collection Set: 164.68ms
[7822.688s][info][gc,phases      ] GC(1493)   Post Evacuate Collection Set: 1.00ms
[7822.688s][info][gc,phases      ] GC(1493)   Other: 0.06ms
[7822.688s][info][gc,heap        ] GC(1493) Eden regions: 570->0(566)
[7822.688s][info][gc,heap        ] GC(1493) Survivor regions: 44->48(77)
[7822.688s][info][gc,heap        ] GC(1493) Old regions: 195->202
[7822.688s][info][gc,heap        ] GC(1493) Humongous regions: 33->33
[7822.688s][info][gc,metaspace   ] GC(1493) Metaspace: 30017K(30208K)->30017K(30208K) NonClass: 30017K(30208K)->30017K(30208K) Class: 0K(0K)->0K(0K)
[7822.688s][info][gc             ] GC(1493) Pause Young (Normal) (G1 Evacuation Pause) 6718M->2245M(8192M) 166.593ms
[7822.688s][info][gc,cpu         ] GC(1493) User=1.32s Sys=0.01s Real=0.16s
...[7825.413s][info][gc,start       ] GC(1494) Pause Young (Normal) (G1 Evacuation Pause)
[7825.413s][info][gc,task        ] GC(1494) Using 8 workers of 8 for evacuation
[7825.566s][info][gc,phases      ] GC(1494)   Pre Evacuate Collection Set: 0.21ms
[7825.566s][info][gc,phases      ] GC(1494)   Merge Heap Roots: 0.48ms
[7825.566s][info][gc,phases      ] GC(1494)   Evacuate Collection Set: 150.69ms
[7825.566s][info][gc,phases      ] GC(1494)   Post Evacuate Collection Set: 1.02ms
[7825.566s][info][gc,phases      ] GC(1494)   Other: 0.06ms
[7825.566s][info][gc,heap        ] GC(1494) Eden regions: 566->0(570)
[7825.566s][info][gc,heap        ] GC(1494) Survivor regions: 48->44(77)
[7825.566s][info][gc,heap        ] GC(1494) Old regions: 202->209
[7825.566s][info][gc,heap        ] GC(1494) Humongous regions: 33->33
[7825.566s][info][gc,metaspace   ] GC(1494) Metaspace: 30017K(30208K)->30017K(30208K) NonClass: 30017K(30208K)->30017K(30208K) Class: 0K(0K)->0K(0K)
[7825.566s][info][gc             ] GC(1494) Pause Young (Normal) (G1 Evacuation Pause) 6773M->2275M(8192M) 152.599ms
[7825.566s][info][gc,cpu         ] GC(1494) User=1.20s Sys=0.00s Real=0.15s
...[7828.340s][info][gc,start       ] GC(1495) Pause Young (Normal) (G1 Evacuation Pause)
[7828.340s][info][gc,task        ] GC(1495) Using 8 workers of 8 for evacuation
[7828.501s][info][gc,phases      ] GC(1495)   Pre Evacuate Collection Set: 0.22ms
[7828.501s][info][gc,phases      ] GC(1495)   Merge Heap Roots: 0.49ms
[7828.501s][info][gc,phases      ] GC(1495)   Evacuate Collection Set: 159.23ms
[7828.501s][info][gc,phases      ] GC(1495)   Post Evacuate Collection Set: 1.04ms
[7828.501s][info][gc,phases      ] GC(1495)   Other: 0.07ms
[7828.501s][info][gc,heap        ] GC(1495) Eden regions: 570->0(566)
[7828.501s][info][gc,heap        ] GC(1495) Survivor regions: 44->48(77)
[7828.501s][info][gc,heap        ] GC(1495) Old regions: 209->217
[7828.501s][info][gc,heap        ] GC(1495) Humongous regions: 33->33
[7828.501s][info][gc,metaspace   ] GC(1495) Metaspace: 30017K(30208K)->30017K(30208K) NonClass: 30017K(30208K)->30017K(30208K) Class: 0K(0K)->0K(0K)
[7828.501s][info][gc             ] GC(1495) Pause Young (Normal) (G1 Evacuation Pause) 6835M->2362M(8192M) 161.182ms
[7828.501s][info][gc,cpu         ] GC(1495) User=1.28s Sys=0.00s Real=0.16s
...[7831.291s][info][gc,start       ] GC(1496) Pause Young (Normal) (G1 Evacuation Pause)
[7831.291s][info][gc,task        ] GC(1496) Using 8 workers of 8 for evacuation
[7831.445s][info][gc,phases      ] GC(1496)   Pre Evacuate Collection Set: 0.22ms
[7831.445s][info][gc,phases      ] GC(1496)   Merge Heap Roots: 0.47ms
[7831.445s][info][gc,phases      ] GC(1496)   Evacuate Collection Set: 151.83ms
[7831.445s][info][gc,phases      ] GC(1496)   Post Evacuate Collection Set: 1.01ms
[7831.445s][info][gc,phases      ] GC(1496)   Other: 0.06ms
[7831.445s][info][gc,heap        ] GC(1496) Eden regions: 566->0(569)
[7831.445s][info][gc,heap        ] GC(1496) Survivor regions: 48->45(77)
[7831.445s][info][gc,heap        ] GC(1496) Old regions: 217->224
[7831.445s][info][gc,heap        ] GC(1496) Humongous regions: 33->33
[7831.445s][info][gc,metaspace   ] GC(1496) Metaspace: 30017K(30208K)->30017K(30208K) NonClass: 30017K(30208K)->30017K(30208K) Class: 0K(0K)->0K(0K)
[7831.445s][info][gc             ] GC(1496) Pause Young (Normal) (G1 Evacuation Pause) 6890M->2395M(8192M) 153.712ms
[7831.445s][info][gc,cpu         ] GC(1496) User=1.21s Sys=0.00s Real=0.15s
...[7834.254s][info][gc,start       ] GC(1497) Pause Young (Normal) (G1 Evacuation Pause)
[7834.254s][info][gc,task        ] GC(1497) Using 8 workers of 8 for evacuation
[7834.400s][info][gc,phases      ] GC(1497)   Pre Evacuate Collection Set: 0.23ms
[7834.400s][info][gc,phases      ] GC(1497)   Merge Heap Roots: 0.49ms
[7834.400s][info][gc,phases      ] GC(1497)   Evacuate Collection Set: 143.83ms
[7834.400s][info][gc,phases      ] GC(1497)   Post Evacuate Collection Set: 1.00ms
[7834.400s][info][gc,phases      ] GC(1497)   Other: 0.07ms
[7834.400s][info][gc,heap        ] GC(1497) Eden regions: 569->0(571)
[7834.400s][info][gc,heap        ] GC(1497) Survivor regions: 45->43(77)
[7834.400s][info][gc,heap        ] GC(1497) Old regions: 224->231
[7834.400s][info][gc,heap        ] GC(1497) Humongous regions: 33->33
[7834.400s][info][gc,metaspace   ] GC(1497) Metaspace: 30017K(30208K)->30017K(30208K) NonClass: 30017K(30208K)->30017K(30208K) Class: 0K(0K)->0K(0K)
[7834.400s][info][gc             ] GC(1497) Pause Young (Normal) (G1 Evacuation Pause) 6947M->2439M(8192M) 145.744ms
[7834.400s][info][gc,cpu         ] GC(1497) User=1.15s Sys=0.00s Real=0.15s
...[7837.181s][info][gc,start       ] GC(1498) Pause Young (Normal) (G1 Evacuation Pause)
[7837.181s][info][gc,task        ] GC(1498) Using 8 workers of 8 for evacuation
[7837.332s][info][gc,phases      ] GC(1498)   Pre Evacuate Collection Set: 0.21ms
[7837.332s][info][gc,phases      ] GC(1498)   Merge Heap Roots: 0.49ms
[7837.332s][info][gc,phases      ] GC(1498)   Evacuate Collection Set: 149.42ms
[7837.332s][info][gc,phases      ] GC(1498)   Post Evacuate Collection Set: 1.04ms
[7837.332s][info][gc,phases      ] GC(1498)   Other: 0.07ms
[7837.332s][info][gc,heap        ] GC(1498) Eden regions: 571->0(571)
[7837.332s][info][gc,heap        ] GC(1498) Survivor regions: 43->43(77)
[7837.332s][info][gc,heap        ] GC(1498) Old regions: 231->239
[7837.332s][info][gc,heap        ] GC(1498) Humongous regions: 33->33
[7837.332s][info][gc,metaspace   ] GC(1498) Metaspace: 30017K(30208K)->30017K(30208K) NonClass: 30017K(30208K)->30017K(30208K) Class: 0K(0K)->0K(0K)
[7837.332s][info][gc             ] GC(1498) Pause Young (Normal) (G1 Evacuation Pause) 7007M->2501M(8192M) 151.352ms
[7837.332s][info][gc,cpu         ] GC(1498) User=1.20s Sys=0.00s Real=0.15s
...[7840.072s][info][gc,start       ] GC(1499) Pause Young (Normal) (G1 Evacuation Pause)
[7840.072s][info][gc,task        ] GC(1499) Using 8 workers of 8 for evacuation
[7840.226s][info][gc,phases      ] GC(1499)   Pre Evacuate Collection Set: 0.21ms
[7840.226s][info][gc,phases      ] GC(1499)   Merge Heap Roots: 0.49ms
[7840.226s][info][gc,phases      ] GC(1499)   Evacuate Collection Set: 152.46ms
[7840.226s][info][gc,phases      ] GC(1499)   Post Evacuate Collection Set: 1.01ms
[7840.226s][info][gc,phases      ] GC(1499)   Other: 0.06ms
[7840.226s][info][gc,heap        ] GC(1499) Eden regions: 571->0(570)
[7840.226s][info][gc,heap        ] GC(1499) Survivor regions: 43->44(77)
[7840.226s][info][gc,heap        ] GC(1499) Old regions: 239->246
[7840.226s][info][gc,heap        ] GC(1499) Humongous regions: 33->33
[7840.226s][info][gc,metaspace   ] GC(1499) Metaspace: 30017K(30208K)->30017K(30208K) NonClass: 30017K(30208K)->30017K(30208K) Class: 0K(0K)->0K(0K)
[7840.226s][info][gc             ] GC(1499) Pause Young (Normal) (G1 Evacuation Pause) 7069M->2563M(8192M) 154.360ms
[7840.226s][info][gc,cpu         ] GC(1499) User=1.22s Sys=0.00s Real=0.15s
. (rIR:aIR:PR = 13007:12984:12900) (tPR = 193334) [OK] 
  7841s: Performance info:
         Transaction,    Success,    Partial,     Failed,   Receipts, AvgBarcode, 
             Overall,     776463,          0,          0,     738381,      59.47, 
         Response times:
             Request,    Success,    Partial,     Failed,   SkipFail,     Probes,    Samples,      min,      p50,      p90,      p95,      p99,      max, 
       TotalPurchase,     743104,          0,          0,          0,     282799,     451178,      400,   147000,   387000,   442000,   573000, 12000000,
     InStorePurchase,     388933,          0,          0,          0,     146327,     237157,      500,   146000,   387000,   438000,   585000, 12000000,
      OnlinePurchase,     275864,          0,          0,          0,     104665,     166406,      400,   148000,   382000,   442000,   562000, 12000000,
        InstPurchase,      78307,          0,          0,          0,      31807,      47615,      700,   150000,   400000,   464000,   566000, 12000000,
          AssocOfCat,        785,          0,          0,          0,        612,        963,    56000,   207000,   450600,   520200,   610000,   970000,
      AssocOfProduct,       7680,          0,          0,          0,       3287,       5253,     1800,   150000,   380000,   439300,   582840,  5600000,
      BusinessReport,       1953,          0,          0,          0,       1500,       2373,    62000,   210000,   423000,   479300,   612600,  2700000,
          CustBuyBeh,       7734,          0,          0,          0,       3229,       5072,      300,   144000,   376000,   430000,   524270,  4100000,
       ProductReturn,      20277,          0,          0,          0,       7970,      12105,      900,   148000,   384000,   446000,   584940,  4000000,

  7841s: (95%)   IR =  13145 .[7843.036s][info][gc,start       ] GC(1500) Pause Young (Normal) (G1 Evacuation Pause)
[7843.036s][info][gc,task        ] GC(1500) Using 8 workers of 8 for evacuation
[7843.195s][info][gc,phases      ] GC(1500)   Pre Evacuate Collection Set: 0.22ms
[7843.195s][info][gc,phases      ] GC(1500)   Merge Heap Roots: 0.49ms
[7843.195s][info][gc,phases      ] GC(1500)   Evacuate Collection Set: 157.26ms
[7843.195s][info][gc,phases      ] GC(1500)   Post Evacuate Collection Set: 1.04ms
[7843.195s][info][gc,phases      ] GC(1500)   Other: 0.06ms
[7843.195s][info][gc,heap        ] GC(1500) Eden regions: 570->0(568)
[7843.195s][info][gc,heap        ] GC(1500) Survivor regions: 44->46(77)
[7843.195s][info][gc,heap        ] GC(1500) Old regions: 246->253
[7843.195s][info][gc,heap        ] GC(1500) Humongous regions: 33->33
[7843.195s][info][gc,metaspace   ] GC(1500) Metaspace: 30017K(30208K)->30017K(30208K) NonClass: 30017K(30208K)->30017K(30208K) Class: 0K(0K)->0K(0K)
[7843.195s][info][gc             ] GC(1500) Pause Young (Normal) (G1 Evacuation Pause) 7123M->2637M(8192M) 159.224ms
[7843.195s][info][gc,cpu         ] GC(1500) User=1.26s Sys=0.00s Real=0.16s
...[7845.989s][info][gc,start       ] GC(1501) Pause Young (Normal) (G1 Evacuation Pause)
[7845.989s][info][gc,task        ] GC(1501) Using 8 workers of 8 for evacuation
[7846.147s][info][gc,phases      ] GC(1501)   Pre Evacuate Collection Set: 0.23ms
[7846.147s][info][gc,phases      ] GC(1501)   Merge Heap Roots: 0.50ms
[7846.147s][info][gc,phases      ] GC(1501)   Evacuate Collection Set: 156.52ms
[7846.147s][info][gc,phases      ] GC(1501)   Post Evacuate Collection Set: 1.02ms
[7846.147s][info][gc,phases      ] GC(1501)   Other: 0.07ms
[7846.147s][info][gc,heap        ] GC(1501) Eden regions: 568->0(569)
[7846.147s][info][gc,heap        ] GC(1501) Survivor regions: 46->45(77)
[7846.147s][info][gc,heap        ] GC(1501) Old regions: 253->261
[7846.147s][info][gc,heap        ] GC(1501) Humongous regions: 33->33
[7846.147s][info][gc,metaspace   ] GC(1501) Metaspace: 30017K(30208K)->30017K(30208K) NonClass: 30017K(30208K)->30017K(30208K) Class: 0K(0K)->0K(0K)
[7846.147s][info][gc             ] GC(1501) Pause Young (Normal) (G1 Evacuation Pause) 7181M->2694M(8192M) 158.461ms
[7846.147s][info][gc,cpu         ] GC(1501) User=1.26s Sys=0.00s Real=0.16s
...[7848.900s][info][gc,start       ] GC(1502) Pause Young (Normal) (G1 Evacuation Pause)
[7848.901s][info][gc,task        ] GC(1502) Using 8 workers of 8 for evacuation
[7849.056s][info][gc,phases      ] GC(1502)   Pre Evacuate Collection Set: 0.22ms
[7849.056s][info][gc,phases      ] GC(1502)   Merge Heap Roots: 0.48ms
[7849.056s][info][gc,phases      ] GC(1502)   Evacuate Collection Set: 153.89ms
[7849.056s][info][gc,phases      ] GC(1502)   Post Evacuate Collection Set: 1.04ms
[7849.056s][info][gc,phases      ] GC(1502)   Other: 0.06ms
[7849.056s][info][gc,heap        ] GC(1502) Eden regions: 569->0(570)
[7849.056s][info][gc,heap        ] GC(1502) Survivor regions: 45->44(77)
[7849.056s][info][gc,heap        ] GC(1502) Old regions: 261->268
[7849.056s][info][gc,heap        ] GC(1502) Humongous regions: 33->33
[7849.056s][info][gc,metaspace   ] GC(1502) Metaspace: 30017K(30208K)->30017K(30208K) NonClass: 30017K(30208K)->30017K(30208K) Class: 0K(0K)->0K(0K)
[7849.056s][info][gc             ] GC(1502) Pause Young (Normal) (G1 Evacuation Pause) 7246M->2741M(8192M) 155.815ms
[7849.056s][info][gc,cpu         ] GC(1502) User=1.23s Sys=0.00s Real=0.15s
...[7851.863s][info][gc,start       ] GC(1503) Pause Young (Normal) (G1 Evacuation Pause)
[7851.863s][info][gc,task        ] GC(1503) Using 8 workers of 8 for evacuation
[7852.014s][info][gc,phases      ] GC(1503)   Pre Evacuate Collection Set: 0.22ms
[7852.014s][info][gc,phases      ] GC(1503)   Merge Heap Roots: 0.49ms
[7852.014s][info][gc,phases      ] GC(1503)   Evacuate Collection Set: 149.60ms
[7852.014s][info][gc,phases      ] GC(1503)   Post Evacuate Collection Set: 1.00ms
[7852.014s][info][gc,phases      ] GC(1503)   Other: 0.06ms
[7852.014s][info][gc,heap        ] GC(1503) Eden regions: 570->0(569)
[7852.014s][info][gc,heap        ] GC(1503) Survivor regions: 44->45(77)
[7852.014s][info][gc,heap        ] GC(1503) Old regions: 268->275
[7852.014s][info][gc,heap        ] GC(1503) Humongous regions: 33->33
[7852.014s][info][gc,metaspace   ] GC(1503) Metaspace: 30017K(30208K)->30017K(30208K) NonClass: 30017K(30208K)->30017K(30208K) Class: 0K(0K)->0K(0K)
[7852.014s][info][gc             ] GC(1503) Pause Young (Normal) (G1 Evacuation Pause) 7301M->2803M(8192M) 151.518ms
[7852.015s][info][gc,cpu         ] GC(1503) User=1.20s Sys=0.00s Real=0.15s
...[7854.863s][info][gc,start       ] GC(1504) Pause Young (Normal) (G1 Evacuation Pause)
[7854.863s][info][gc,task        ] GC(1504) Using 8 workers of 8 for evacuation
[7855.015s][info][gc,phases      ] GC(1504)   Pre Evacuate Collection Set: 0.21ms
[7855.015s][info][gc,phases      ] GC(1504)   Merge Heap Roots: 0.49ms
[7855.015s][info][gc,phases      ] GC(1504)   Evacuate Collection Set: 150.40ms
[7855.015s][info][gc,phases      ] GC(1504)   Post Evacuate Collection Set: 0.99ms
[7855.015s][info][gc,phases      ] GC(1504)   Other: 0.06ms
[7855.015s][info][gc,heap        ] GC(1504) Eden regions: 569->0(569)
[7855.015s][info][gc,heap        ] GC(1504) Survivor regions: 45->44(77)
[7855.015s][info][gc,heap        ] GC(1504) Old regions: 275->282
[7855.015s][info][gc,heap        ] GC(1504) Humongous regions: 33->33
[7855.015s][info][gc,metaspace   ] GC(1504) Metaspace: 30017K(30208K)->30017K(30208K) NonClass: 30017K(30208K)->30017K(30208K) Class: 0K(0K)->0K(0K)
[7855.015s][info][gc             ] GC(1504) Pause Young (Normal) (G1 Evacuation Pause) 7355M->2854M(8192M) 152.280ms
[7855.015s][info][gc,cpu         ] GC(1504) User=1.20s Sys=0.00s Real=0.15s
...[7857.844s][info][gc,start       ] GC(1505) Pause Young (Normal) (G1 Evacuation Pause)
[7857.844s][info][gc,task        ] GC(1505) Using 8 workers of 8 for evacuation
[7858.004s][info][gc,phases      ] GC(1505)   Pre Evacuate Collection Set: 0.22ms
[7858.004s][info][gc,phases      ] GC(1505)   Merge Heap Roots: 0.50ms
[7858.004s][info][gc,phases      ] GC(1505)   Evacuate Collection Set: 158.15ms
[7858.004s][info][gc,phases      ] GC(1505)   Post Evacuate Collection Set: 1.04ms
[7858.004s][info][gc,phases      ] GC(1505)   Other: 0.06ms
[7858.004s][info][gc,heap        ] GC(1505) Eden regions: 569->0(557)
[7858.004s][info][gc,heap        ] GC(1505) Survivor regions: 44->46(77)
[7858.004s][info][gc,heap        ] GC(1505) Old regions: 282->290
[7858.004s][info][gc,heap        ] GC(1505) Humongous regions: 33->33
[7858.004s][info][gc,metaspace   ] GC(1505) Metaspace: 30017K(30208K)->30017K(30208K) NonClass: 30017K(30208K)->30017K(30208K) Class: 0K(0K)->0K(0K)
[7858.004s][info][gc             ] GC(1505) Pause Young (Normal) (G1 Evacuation Pause) 7406M->2937M(8192M) 160.106ms
[7858.004s][info][gc,cpu         ] GC(1505) User=1.27s Sys=0.00s Real=0.16s
...[7860.711s][info][gc,start       ] GC(1506) Pause Young (Normal) (G1 Evacuation Pause)
[7860.711s][info][gc,task        ] GC(1506) Using 8 workers of 8 for evacuation
[7860.864s][info][gc,phases      ] GC(1506)   Pre Evacuate Collection Set: 0.23ms
[7860.864s][info][gc,phases      ] GC(1506)   Merge Heap Roots: 0.51ms
[7860.864s][info][gc,phases      ] GC(1506)   Evacuate Collection Set: 151.36ms
[7860.864s][info][gc,phases      ] GC(1506)   Post Evacuate Collection Set: 0.99ms
[7860.864s][info][gc,phases      ] GC(1506)   Other: 0.06ms
[7860.864s][info][gc,heap        ] GC(1506) Eden regions: 557->0(554)
[7860.864s][info][gc,heap        ] GC(1506) Survivor regions: 46->44(76)
[7860.864s][info][gc,heap        ] GC(1506) Old regions: 290->297
[7860.864s][info][gc,heap        ] GC(1506) Humongous regions: 33->33
[7860.864s][info][gc,metaspace   ] GC(1506) Metaspace: 30017K(30208K)->30017K(30208K) NonClass: 30017K(30208K)->30017K(30208K) Class: 0K(0K)->0K(0K)
[7860.864s][info][gc             ] GC(1506) Pause Young (Normal) (G1 Evacuation Pause) 7393M->2979M(8192M) 153.295ms
[7860.864s][info][gc,cpu         ] GC(1506) User=1.22s Sys=0.00s Real=0.15s
...[7863.560s][info][gc,start       ] GC(1507) Pause Young (Normal) (G1 Evacuation Pause)
[7863.560s][info][gc,task        ] GC(1507) Using 8 workers of 8 for evacuation
[7863.708s][info][gc,phases      ] GC(1507)   Pre Evacuate Collection Set: 0.21ms
[7863.708s][info][gc,phases      ] GC(1507)   Merge Heap Roots: 0.48ms
[7863.708s][info][gc,phases      ] GC(1507)   Evacuate Collection Set: 146.58ms
[7863.708s][info][gc,phases      ] GC(1507)   Post Evacuate Collection Set: 0.98ms
[7863.708s][info][gc,phases      ] GC(1507)   Other: 0.07ms
[7863.708s][info][gc,heap        ] GC(1507) Eden regions: 554->0(547)
[7863.708s][info][gc,heap        ] GC(1507) Survivor regions: 44->44(75)
[7863.708s][info][gc,heap        ] GC(1507) Old regions: 297->304
[7863.708s][info][gc,heap        ] GC(1507) Humongous regions: 33->33
[7863.708s][info][gc,metaspace   ] GC(1507) Metaspace: 30017K(30208K)->30017K(30208K) NonClass: 30017K(30208K)->30017K(30208K) Class: 0K(0K)->0K(0K)
[7863.708s][info][gc             ] GC(1507) Pause Young (Normal) (G1 Evacuation Pause) 7411M->3031M(8192M) 148.450ms
[7863.708s][info][gc,cpu         ] GC(1507) User=1.18s Sys=0.00s Real=0.15s
...[7866.410s][info][gc,start       ] GC(1508) Pause Young (Concurrent Start) (G1 Evacuation Pause)
[7866.410s][info][gc,task        ] GC(1508) Using 8 workers of 8 for evacuation
[7866.556s][info][gc,phases      ] GC(1508)   Pre Evacuate Collection Set: 0.27ms
[7866.556s][info][gc,phases      ] GC(1508)   Merge Heap Roots: 0.48ms
[7866.556s][info][gc,phases      ] GC(1508)   Evacuate Collection Set: 144.59ms
[7866.556s][info][gc,phases      ] GC(1508)   Post Evacuate Collection Set: 0.99ms
[7866.556s][info][gc,phases      ] GC(1508)   Other: 0.09ms
[7866.556s][info][gc,heap        ] GC(1508) Eden regions: 547->0(543)
[7866.556s][info][gc,heap        ] GC(1508) Survivor regions: 44->42(74)
[7866.556s][info][gc,heap        ] GC(1508) Old regions: 304->312
[7866.556s][info][gc,heap        ] GC(1508) Humongous regions: 33->33
[7866.556s][info][gc,metaspace   ] GC(1508) Metaspace: 30017K(30208K)->30017K(30208K) NonClass: 30017K(30208K)->30017K(30208K) Class: 0K(0K)->0K(0K)
[7866.556s][info][gc             ] GC(1508) Pause Young (Concurrent Start) (G1 Evacuation Pause) 7407M->3078M(8192M) 146.552ms
[7866.556s][info][gc             ] GC(1509) Concurrent Mark Cycle
[7866.556s][info][gc,marking     ] GC(1509) Concurrent Scan Root Regions
[7866.556s][info][gc,cpu         ] GC(1508) User=1.16s Sys=0.00s Real=0.15s
[7866.918s][info][gc,marking     ] GC(1509) Concurrent Scan Root Regions 361.873ms
[7866.918s][info][gc,marking     ] GC(1509) Concurrent Mark
[7866.918s][info][gc,marking     ] GC(1509) Concurrent Mark From Roots
[7866.918s][info][gc,task        ] GC(1509) Using 2 workers of 2 for marking
..[7868.286s][info][gc,marking     ] GC(1509) Concurrent Mark From Roots 1368.005ms
[7868.286s][info][gc,marking     ] GC(1509) Concurrent Preclean
[7868.286s][info][gc,marking     ] GC(1509) Concurrent Preclean 0.096ms
[7868.286s][info][gc,start       ] GC(1509) Pause Remark
[7868.290s][info][gc             ] GC(1509) Pause Remark 5274M->4658M(8192M) 3.469ms
[7868.290s][info][gc,cpu         ] GC(1509) User=0.03s Sys=0.00s Real=0.01s
[7868.290s][info][gc,marking     ] GC(1509) Concurrent Mark 1371.836ms
[7868.290s][info][gc,marking     ] GC(1509) Concurrent Rebuild Remembered Sets and Scrub Regions
[7869.249s][info][gc,marking     ] GC(1509) Concurrent Rebuild Remembered Sets and Scrub Regions 959.022ms
[7869.249s][info][gc,start       ] GC(1509) Pause Cleanup
[7869.250s][info][gc             ] GC(1509) Pause Cleanup 6006M->6006M(8192M) 0.248ms
[7869.250s][info][gc,cpu         ] GC(1509) User=0.00s Sys=0.00s Real=0.00s
[7869.250s][info][gc,marking     ] GC(1509) Concurrent Clear Claimed Marks
[7869.250s][info][gc,marking     ] GC(1509) Concurrent Clear Claimed Marks 0.041ms
[7869.250s][info][gc,marking     ] GC(1509) Concurrent Cleanup for Next Mark
[7869.260s][info][gc,marking     ] GC(1509) Concurrent Cleanup for Next Mark 10.835ms
[7869.261s][info][gc             ] GC(1509) Concurrent Mark Cycle 2704.284ms
.[7869.764s][info][gc,start       ] GC(1510) Pause Young (Prepare Mixed) (G1 Evacuation Pause)
[7869.764s][info][gc,task        ] GC(1510) Using 8 workers of 8 for evacuation
[7869.914s][info][gc,phases      ] GC(1510)   Pre Evacuate Collection Set: 0.23ms
[7869.914s][info][gc,phases      ] GC(1510)   Merge Heap Roots: 0.76ms
[7869.914s][info][gc,phases      ] GC(1510)   Evacuate Collection Set: 147.34ms
[7869.914s][info][gc,phases      ] GC(1510)   Post Evacuate Collection Set: 1.12ms
[7869.914s][info][gc,phases      ] GC(1510)   Other: 0.06ms
[7869.914s][info][gc,heap        ] GC(1510) Eden regions: 543->0(572)
[7869.914s][info][gc,heap        ] GC(1510) Survivor regions: 42->42(74)
[7869.914s][info][gc,heap        ] GC(1510) Old regions: 235->242
[7869.914s][info][gc,heap        ] GC(1510) Humongous regions: 33->33
[7869.914s][info][gc,metaspace   ] GC(1510) Metaspace: 30017K(30208K)->30017K(30208K) NonClass: 30017K(30208K)->30017K(30208K) Class: 0K(0K)->0K(0K)
[7869.914s][info][gc             ] GC(1510) Pause Young (Prepare Mixed) (G1 Evacuation Pause) 6806M->2523M(8192M) 149.643ms
[7869.914s][info][gc,cpu         ] GC(1510) User=1.19s Sys=0.01s Real=0.15s
.. (rIR:aIR:PR = 13145:13319:12714) (tPR = 189995) [IR is over limit] [PR is under limit] 
  7871s: Performance info:
         Transaction,    Success,    Partial,     Failed,   Receipts, AvgBarcode, 
             Overall,     254402,          0,          0,     241549,      59.48, 
         Response times:
             Request,    Success,    Partial,     Failed,   SkipFail,     Probes,    Samples,      min,      p50,      p90,      p95,      p99,      max, 
       TotalPurchase,     253390,          0,          0,          0,      82211,     174827,      700,   177000,   517000,   670000,   830000, 11000000,
     InStorePurchase,     133141,          0,          0,          0,      42627,      92035,      900,   178000,   535000,   720000,   830000, 11000000,
      OnlinePurchase,      94375,          0,          0,          0,      29886,      64366,      700,   175000,   504000,   640000,   780000, 11000000,
        InstPurchase,      25874,          0,          0,          0,       9698,      18426,     1400,   180000,   508000,   700000,   897300, 11000000,
          AssocOfCat,        267,          0,          0,          0,        189,        375,    66000,   224000,   470400,   530600,   622400,   740000,
      AssocOfProduct,       2640,          0,          0,          0,       1164,       2066,     4600,   172000,   477000,   606150,   753300, 11000000,
      BusinessReport,        646,          0,          0,          0,        438,        918,    68000,   241000,   500000,   558100,   750000,   860000,
          CustBuyBeh,       2589,          0,          0,          0,       1197,       2133,     2800,   176000,   483600,   610000,   766600,  1100000,
       ProductReturn,       6980,          0,          0,          0,       2815,       4838,     1400,   174000,   454000,   572050,   740000,  3500000,

  7871s: 
  7871s: Failed, 7 overall retries left, retrying 1 of 1
  7871s: (95%)   IR =  13145 .[7872.664s][info][gc,start       ] GC(1511) Pause Young (Mixed) (G1 Evacuation Pause)
[7872.664s][info][gc,task        ] GC(1511) Using 8 workers of 8 for evacuation
[7872.822s][info][gc,phases      ] GC(1511)   Pre Evacuate Collection Set: 0.27ms
[7872.822s][info][gc,phases      ] GC(1511)   Merge Heap Roots: 0.76ms
[7872.822s][info][gc,phases      ] GC(1511)   Evacuate Collection Set: 155.67ms
[7872.822s][info][gc,phases      ] GC(1511)   Post Evacuate Collection Set: 1.23ms
[7872.822s][info][gc,phases      ] GC(1511)   Other: 0.07ms
[7872.822s][info][gc,heap        ] GC(1511) Eden regions: 572->0(571)
[7872.822s][info][gc,heap        ] GC(1511) Survivor regions: 42->43(77)
[7872.822s][info][gc,heap        ] GC(1511) Old regions: 242->148
[7872.822s][info][gc,heap        ] GC(1511) Humongous regions: 33->33
[7872.822s][info][gc,metaspace   ] GC(1511) Metaspace: 30017K(30208K)->30017K(30208K) NonClass: 30017K(30208K)->30017K(30208K) Class: 0K(0K)->0K(0K)
[7872.822s][info][gc             ] GC(1511) Pause Young (Mixed) (G1 Evacuation Pause) 7099M->1773M(8192M) 158.168ms
[7872.822s][info][gc,cpu         ] GC(1511) User=1.25s Sys=0.00s Real=0.16s
...[7875.747s][info][gc,start       ] GC(1512) Pause Young (Mixed) (G1 Evacuation Pause)
[7875.747s][info][gc,task        ] GC(1512) Using 8 workers of 8 for evacuation
[7875.904s][info][gc,phases      ] GC(1512)   Pre Evacuate Collection Set: 0.29ms
[7875.904s][info][gc,phases      ] GC(1512)   Merge Heap Roots: 0.62ms
[7875.904s][info][gc,phases      ] GC(1512)   Evacuate Collection Set: 155.10ms
[7875.904s][info][gc,phases      ] GC(1512)   Post Evacuate Collection Set: 1.08ms
[7875.904s][info][gc,phases      ] GC(1512)   Other: 0.07ms
[7875.904s][info][gc,heap        ] GC(1512) Eden regions: 571->0(571)
[7875.904s][info][gc,heap        ] GC(1512) Survivor regions: 43->43(77)
[7875.904s][info][gc,heap        ] GC(1512) Old regions: 148->144
[7875.904s][info][gc,heap        ] GC(1512) Humongous regions: 33->33
[7875.904s][info][gc,metaspace   ] GC(1512) Metaspace: 30017K(30208K)->30017K(30208K) NonClass: 30017K(30208K)->30017K(30208K) Class: 0K(0K)->0K(0K)
[7875.904s][info][gc             ] GC(1512) Pause Young (Mixed) (G1 Evacuation Pause) 6341M->1746M(8192M) 157.302ms
[7875.904s][info][gc,cpu         ] GC(1512) User=1.24s Sys=0.00s Real=0.16s
...[7878.733s][info][gc,start       ] GC(1513) Pause Young (Normal) (G1 Evacuation Pause)
[7878.733s][info][gc,task        ] GC(1513) Using 8 workers of 8 for evacuation
[7878.904s][info][gc,phases      ] GC(1513)   Pre Evacuate Collection Set: 0.21ms
[7878.904s][info][gc,phases      ] GC(1513)   Merge Heap Roots: 0.48ms
[7878.904s][info][gc,phases      ] GC(1513)   Evacuate Collection Set: 169.08ms
[7878.904s][info][gc,phases      ] GC(1513)   Post Evacuate Collection Set: 1.00ms
[7878.904s][info][gc,phases      ] GC(1513)   Other: 0.06ms
[7878.904s][info][gc,heap        ] GC(1513) Eden regions: 571->0(565)
[7878.904s][info][gc,heap        ] GC(1513) Survivor regions: 43->49(77)
[7878.904s][info][gc,heap        ] GC(1513) Old regions: 144->152
[7878.904s][info][gc,heap        ] GC(1513) Humongous regions: 33->33
[7878.904s][info][gc,metaspace   ] GC(1513) Metaspace: 30017K(30208K)->30017K(30208K) NonClass: 30017K(30208K)->30017K(30208K) Class: 0K(0K)->0K(0K)
[7878.904s][info][gc             ] GC(1513) Pause Young (Normal) (G1 Evacuation Pause) 6314M->1857M(8192M) 170.960ms
[7878.904s][info][gc,cpu         ] GC(1513) User=1.36s Sys=0.00s Real=0.17s
...[7881.491s][info][gc,start       ] GC(1514) Pause Young (Normal) (G1 Evacuation Pause)
[7881.491s][info][gc,task        ] GC(1514) Using 8 workers of 8 for evacuation
[7881.643s][info][gc,phases      ] GC(1514)   Pre Evacuate Collection Set: 0.22ms
[7881.643s][info][gc,phases      ] GC(1514)   Merge Heap Roots: 0.48ms
[7881.643s][info][gc,phases      ] GC(1514)   Evacuate Collection Set: 150.45ms
[7881.643s][info][gc,phases      ] GC(1514)   Post Evacuate Collection Set: 1.03ms
[7881.643s][info][gc,phases      ] GC(1514)   Other: 0.07ms
[7881.643s][info][gc,heap        ] GC(1514) Eden regions: 565->0(571)
[7881.643s][info][gc,heap        ] GC(1514) Survivor regions: 49->43(77)
[7881.643s][info][gc,heap        ] GC(1514) Old regions: 152->159
[7881.643s][info][gc,heap        ] GC(1514) Humongous regions: 33->33
[7881.643s][info][gc,metaspace   ] GC(1514) Metaspace: 30017K(30208K)->30017K(30208K) NonClass: 30017K(30208K)->30017K(30208K) Class: 0K(0K)->0K(0K)
[7881.643s][info][gc             ] GC(1514) Pause Young (Normal) (G1 Evacuation Pause) 6377M->1864M(8192M) 152.385ms
[7881.643s][info][gc,cpu         ] GC(1514) User=1.21s Sys=0.00s Real=0.15s
...[7884.378s][info][gc,start       ] GC(1515) Pause Young (Normal) (G1 Evacuation Pause)
[7884.378s][info][gc,task        ] GC(1515) Using 8 workers of 8 for evacuation
[7884.531s][info][gc,phases      ] GC(1515)   Pre Evacuate Collection Set: 0.22ms
[7884.531s][info][gc,phases      ] GC(1515)   Merge Heap Roots: 0.48ms
[7884.531s][info][gc,phases      ] GC(1515)   Evacuate Collection Set: 150.88ms
[7884.531s][info][gc,phases      ] GC(1515)   Post Evacuate Collection Set: 1.02ms
[7884.531s][info][gc,phases      ] GC(1515)   Other: 0.06ms
[7884.531s][info][gc,heap        ] GC(1515) Eden regions: 571->0(569)
[7884.531s][info][gc,heap        ] GC(1515) Survivor regions: 43->45(77)
[7884.531s][info][gc,heap        ] GC(1515) Old regions: 159->166
[7884.531s][info][gc,heap        ] GC(1515) Humongous regions: 33->33
[7884.531s][info][gc,metaspace   ] GC(1515) Metaspace: 30017K(30208K)->30017K(30208K) NonClass: 30017K(30208K)->30017K(30208K) Class: 0K(0K)->0K(0K)
[7884.531s][info][gc             ] GC(1515) Pause Young (Normal) (G1 Evacuation Pause) 6432M->1930M(8192M) 152.803ms
[7884.531s][info][gc,cpu         ] GC(1515) User=1.21s Sys=0.00s Real=0.16s
..[7887.337s][info][gc,start       ] GC(1516) Pause Young (Normal) (G1 Evacuation Pause)
[7887.337s][info][gc,task        ] GC(1516) Using 8 workers of 8 for evacuation
[7887.498s][info][gc,phases      ] GC(1516)   Pre Evacuate Collection Set: 0.23ms
[7887.498s][info][gc,phases      ] GC(1516)   Merge Heap Roots: 0.48ms
[7887.498s][info][gc,phases      ] GC(1516)   Evacuate Collection Set: 159.07ms
[7887.498s][info][gc,phases      ] GC(1516)   Post Evacuate Collection Set: 1.02ms
[7887.498s][info][gc,phases      ] GC(1516)   Other: 0.06ms
[7887.498s][info][gc,heap        ] GC(1516) Eden regions: 569->0(568)
[7887.498s][info][gc,heap        ] GC(1516) Survivor regions: 45->46(77)
[7887.498s][info][gc,heap        ] GC(1516) Old regions: 166->173
[7887.498s][info][gc,heap        ] GC(1516) Humongous regions: 33->33
[7887.498s][info][gc,metaspace   ] GC(1516) Metaspace: 30017K(30208K)->30017K(30208K) NonClass: 30017K(30208K)->30017K(30208K) Class: 0K(0K)->0K(0K)
[7887.498s][info][gc             ] GC(1516) Pause Young (Normal) (G1 Evacuation Pause) 6482M->1995M(8192M) 160.988ms
[7887.498s][info][gc,cpu         ] GC(1516) User=1.27s Sys=0.00s Real=0.16s
...[7890.255s][info][gc,start       ] GC(1517) Pause Young (Normal) (G1 Evacuation Pause)
[7890.255s][info][gc,task        ] GC(1517) Using 8 workers of 8 for evacuation
[7890.412s][info][gc,phases      ] GC(1517)   Pre Evacuate Collection Set: 0.22ms
[7890.412s][info][gc,phases      ] GC(1517)   Merge Heap Roots: 0.49ms
[7890.412s][info][gc,phases      ] GC(1517)   Evacuate Collection Set: 154.52ms
[7890.412s][info][gc,phases      ] GC(1517)   Post Evacuate Collection Set: 1.04ms
[7890.412s][info][gc,phases      ] GC(1517)   Other: 0.06ms
[7890.412s][info][gc,heap        ] GC(1517) Eden regions: 568->0(569)
[7890.412s][info][gc,heap        ] GC(1517) Survivor regions: 46->45(77)
[7890.412s][info][gc,heap        ] GC(1517) Old regions: 173->180
[7890.412s][info][gc,heap        ] GC(1517) Humongous regions: 33->33
[7890.412s][info][gc,metaspace   ] GC(1517) Metaspace: 30017K(30208K)->30017K(30208K) NonClass: 30017K(30208K)->30017K(30208K) Class: 0K(0K)->0K(0K)
[7890.412s][info][gc             ] GC(1517) Pause Young (Normal) (G1 Evacuation Pause) 6539M->2046M(8192M) 156.460ms
[7890.412s][info][gc,cpu         ] GC(1517) User=1.23s Sys=0.00s Real=0.16s
...[7893.197s][info][gc,start       ] GC(1518) Pause Young (Normal) (G1 Evacuation Pause)
[7893.197s][info][gc,task        ] GC(1518) Using 8 workers of 8 for evacuation
[7893.350s][info][gc,phases      ] GC(1518)   Pre Evacuate Collection Set: 0.22ms
[7893.350s][info][gc,phases      ] GC(1518)   Merge Heap Roots: 0.48ms
[7893.350s][info][gc,phases      ] GC(1518)   Evacuate Collection Set: 151.97ms
[7893.350s][info][gc,phases      ] GC(1518)   Post Evacuate Collection Set: 1.02ms
[7893.350s][info][gc,phases      ] GC(1518)   Other: 0.06ms
[7893.351s][info][gc,heap        ] GC(1518) Eden regions: 569->0(570)
[7893.351s][info][gc,heap        ] GC(1518) Survivor regions: 45->44(77)
[7893.351s][info][gc,heap        ] GC(1518) Old regions: 180->187
[7893.351s][info][gc,heap        ] GC(1518) Humongous regions: 33->33
[7893.351s][info][gc,metaspace   ] GC(1518) Metaspace: 30017K(30208K)->30017K(30208K) NonClass: 30017K(30208K)->30017K(30208K) Class: 0K(0K)->0K(0K)
[7893.351s][info][gc             ] GC(1518) Pause Young (Normal) (G1 Evacuation Pause) 6598M->2093M(8192M) 153.899ms
[7893.351s][info][gc,cpu         ] GC(1518) User=1.22s Sys=0.00s Real=0.16s
...[7896.143s][info][gc,start       ] GC(1519) Pause Young (Normal) (G1 Evacuation Pause)
[7896.143s][info][gc,task        ] GC(1519) Using 8 workers of 8 for evacuation
[7896.296s][info][gc,phases      ] GC(1519)   Pre Evacuate Collection Set: 0.21ms
[7896.296s][info][gc,phases      ] GC(1519)   Merge Heap Roots: 0.48ms
[7896.296s][info][gc,phases      ] GC(1519)   Evacuate Collection Set: 151.55ms
[7896.296s][info][gc,phases      ] GC(1519)   Post Evacuate Collection Set: 1.04ms
[7896.296s][info][gc,phases      ] GC(1519)   Other: 0.06ms
[7896.296s][info][gc,heap        ] GC(1519) Eden regions: 570->0(570)
[7896.296s][info][gc,heap        ] GC(1519) Survivor regions: 44->44(77)
[7896.296s][info][gc,heap        ] GC(1519) Old regions: 187->194
[7896.296s][info][gc,heap        ] GC(1519) Humongous regions: 33->33
[7896.296s][info][gc,metaspace   ] GC(1519) Metaspace: 30017K(30208K)->30017K(30208K) NonClass: 30017K(30208K)->30017K(30208K) Class: 0K(0K)->0K(0K)
[7896.296s][info][gc             ] GC(1519) Pause Young (Normal) (G1 Evacuation Pause) 6653M->2150M(8192M) 153.454ms
[7896.296s][info][gc,cpu         ] GC(1519) User=1.21s Sys=0.00s Real=0.15s
...[7899.039s][info][gc,start       ] GC(1520) Pause Young (Normal) (G1 Evacuation Pause)
[7899.039s][info][gc,task        ] GC(1520) Using 8 workers of 8 for evacuation
[7899.193s][info][gc,phases      ] GC(1520)   Pre Evacuate Collection Set: 0.21ms
[7899.193s][info][gc,phases      ] GC(1520)   Merge Heap Roots: 0.49ms
[7899.193s][info][gc,phases      ] GC(1520)   Evacuate Collection Set: 152.46ms
[7899.193s][info][gc,phases      ] GC(1520)   Post Evacuate Collection Set: 0.99ms
[7899.193s][info][gc,phases      ] GC(1520)   Other: 0.06ms
[7899.193s][info][gc,heap        ] GC(1520) Eden regions: 570->0(570)
[7899.193s][info][gc,heap        ] GC(1520) Survivor regions: 44->44(77)
[7899.193s][info][gc,heap        ] GC(1520) Old regions: 194->201
[7899.193s][info][gc,heap        ] GC(1520) Humongous regions: 33->33
[7899.193s][info][gc,metaspace   ] GC(1520) Metaspace: 30017K(30208K)->30017K(30208K) NonClass: 30017K(30208K)->30017K(30208K) Class: 0K(0K)->0K(0K)
[7899.194s][info][gc             ] GC(1520) Pause Young (Normal) (G1 Evacuation Pause) 6710M->2210M(8192M) 154.340ms
[7899.194s][info][gc,cpu         ] GC(1520) User=1.22s Sys=0.00s Real=0.16s
...[7901.918s][info][gc,start       ] GC(1521) Pause Young (Normal) (G1 Evacuation Pause)
[7901.918s][info][gc,task        ] GC(1521) Using 8 workers of 8 for evacuation
[7902.085s][info][gc,phases      ] GC(1521)   Pre Evacuate Collection Set: 0.22ms
[7902.085s][info][gc,phases      ] GC(1521)   Merge Heap Roots: 0.56ms
[7902.085s][info][gc,phases      ] GC(1521)   Evacuate Collection Set: 165.52ms
[7902.085s][info][gc,phases      ] GC(1521)   Post Evacuate Collection Set: 1.03ms
[7902.085s][info][gc,phases      ] GC(1521)   Other: 0.06ms
[7902.085s][info][gc,heap        ] GC(1521) Eden regions: 570->0(566)
[7902.085s][info][gc,heap        ] GC(1521) Survivor regions: 44->48(77)
[7902.085s][info][gc,heap        ] GC(1521) Old regions: 201->208
[7902.085s][info][gc,heap        ] GC(1521) Humongous regions: 33->33
[7902.085s][info][gc,metaspace   ] GC(1521) Metaspace: 30017K(30208K)->30017K(30208K) NonClass: 30017K(30208K)->30017K(30208K) Class: 0K(0K)->0K(0K)
[7902.085s][info][gc             ] GC(1521) Pause Young (Normal) (G1 Evacuation Pause) 6770M->2299M(8192M) 167.506ms
[7902.085s][info][gc,cpu         ] GC(1521) User=1.32s Sys=0.00s Real=0.17s
...|[7904.902s][info][gc,start       ] GC(1522) Pause Young (Normal) (G1 Evacuation Pause)
[7904.902s][info][gc,task        ] GC(1522) Using 8 workers of 8 for evacuation
[7905.057s][info][gc,phases      ] GC(1522)   Pre Evacuate Collection Set: 0.23ms
[7905.057s][info][gc,phases      ] GC(1522)   Merge Heap Roots: 0.58ms
[7905.057s][info][gc,phases      ] GC(1522)   Evacuate Collection Set: 153.38ms
[7905.057s][info][gc,phases      ] GC(1522)   Post Evacuate Collection Set: 1.02ms
[7905.057s][info][gc,phases      ] GC(1522)   Other: 0.06ms
[7905.057s][info][gc,heap        ] GC(1522) Eden regions: 566->0(570)
[7905.057s][info][gc,heap        ] GC(1522) Survivor regions: 48->44(77)
[7905.057s][info][gc,heap        ] GC(1522) Old regions: 208->215
[7905.057s][info][gc,heap        ] GC(1522) Humongous regions: 33->33
[7905.057s][info][gc,metaspace   ] GC(1522) Metaspace: 30017K(30208K)->30017K(30208K) NonClass: 30017K(30208K)->30017K(30208K) Class: 0K(0K)->0K(0K)
[7905.057s][info][gc             ] GC(1522) Pause Young (Normal) (G1 Evacuation Pause) 6827M->2319M(8192M) 155.425ms
[7905.057s][info][gc,cpu         ] GC(1522) User=1.23s Sys=0.00s Real=0.15s
...[7907.825s][info][gc,start       ] GC(1523) Pause Young (Normal) (G1 Evacuation Pause)
[7907.825s][info][gc,task        ] GC(1523) Using 8 workers of 8 for evacuation
[7907.977s][info][gc,phases      ] GC(1523)   Pre Evacuate Collection Set: 0.23ms
[7907.977s][info][gc,phases      ] GC(1523)   Merge Heap Roots: 0.48ms
[7907.977s][info][gc,phases      ] GC(1523)   Evacuate Collection Set: 150.67ms
[7907.977s][info][gc,phases      ] GC(1523)   Post Evacuate Collection Set: 1.02ms
[7907.977s][info][gc,phases      ] GC(1523)   Other: 0.07ms
[7907.977s][info][gc,heap        ] GC(1523) Eden regions: 570->0(570)
[7907.977s][info][gc,heap        ] GC(1523) Survivor regions: 44->44(77)
[7907.977s][info][gc,heap        ] GC(1523) Old regions: 215->223
[7907.977s][info][gc,heap        ] GC(1523) Humongous regions: 33->33
[7907.977s][info][gc,metaspace   ] GC(1523) Metaspace: 30017K(30208K)->30017K(30208K) NonClass: 30017K(30208K)->30017K(30208K) Class: 0K(0K)->0K(0K)
[7907.977s][info][gc             ] GC(1523) Pause Young (Normal) (G1 Evacuation Pause) 6879M->2385M(8192M) 152.609ms
[7907.977s][info][gc,cpu         ] GC(1523) User=1.21s Sys=0.00s Real=0.15s
...[7910.818s][info][gc,start       ] GC(1524) Pause Young (Normal) (G1 Evacuation Pause)
[7910.818s][info][gc,task        ] GC(1524) Using 8 workers of 8 for evacuation
[7910.972s][info][gc,phases      ] GC(1524)   Pre Evacuate Collection Set: 0.22ms
[7910.972s][info][gc,phases      ] GC(1524)   Merge Heap Roots: 0.47ms
[7910.972s][info][gc,phases      ] GC(1524)   Evacuate Collection Set: 151.91ms
[7910.972s][info][gc,phases      ] GC(1524)   Post Evacuate Collection Set: 1.00ms
[7910.972s][info][gc,phases      ] GC(1524)   Other: 0.06ms
[7910.972s][info][gc,heap        ] GC(1524) Eden regions: 570->0(569)
[7910.972s][info][gc,heap        ] GC(1524) Survivor regions: 44->45(77)
[7910.972s][info][gc,heap        ] GC(1524) Old regions: 223->230
[7910.972s][info][gc,heap        ] GC(1524) Humongous regions: 33->33
[7910.972s][info][gc,metaspace   ] GC(1524) Metaspace: 30017K(30208K)->30017K(30208K) NonClass: 30017K(30208K)->30017K(30208K) Class: 0K(0K)->0K(0K)
[7910.972s][info][gc             ] GC(1524) Pause Young (Normal) (G1 Evacuation Pause) 6945M->2446M(8192M) 153.794ms
[7910.972s][info][gc,cpu         ] GC(1524) User=1.22s Sys=0.00s Real=0.16s
...[7913.727s][info][gc,start       ] GC(1525) Pause Young (Normal) (G1 Evacuation Pause)
[7913.727s][info][gc,task        ] GC(1525) Using 8 workers of 8 for evacuation
[7913.880s][info][gc,phases      ] GC(1525)   Pre Evacuate Collection Set: 0.20ms
[7913.880s][info][gc,phases      ] GC(1525)   Merge Heap Roots: 0.49ms
[7913.880s][info][gc,phases      ] GC(1525)   Evacuate Collection Set: 151.50ms
[7913.880s][info][gc,phases      ] GC(1525)   Post Evacuate Collection Set: 1.01ms
[7913.880s][info][gc,phases      ] GC(1525)   Other: 0.06ms
[7913.880s][info][gc,heap        ] GC(1525) Eden regions: 569->0(570)
[7913.880s][info][gc,heap        ] GC(1525) Survivor regions: 45->44(77)
[7913.880s][info][gc,heap        ] GC(1525) Old regions: 230->237
[7913.880s][info][gc,heap        ] GC(1525) Humongous regions: 33->33
[7913.880s][info][gc,metaspace   ] GC(1525) Metaspace: 30017K(30208K)->30017K(30208K) NonClass: 30017K(30208K)->30017K(30208K) Class: 0K(0K)->0K(0K)
[7913.880s][info][gc             ] GC(1525) Pause Young (Normal) (G1 Evacuation Pause) 6998M->2495M(8192M) 153.395ms
[7913.880s][info][gc,cpu         ] GC(1525) User=1.21s Sys=0.00s Real=0.16s
...[7916.746s][info][gc,start       ] GC(1526) Pause Young (Normal) (G1 Evacuation Pause)
[7916.746s][info][gc,task        ] GC(1526) Using 8 workers of 8 for evacuation
[7916.901s][info][gc,phases      ] GC(1526)   Pre Evacuate Collection Set: 0.22ms
[7916.901s][info][gc,phases      ] GC(1526)   Merge Heap Roots: 0.49ms
[7916.901s][info][gc,phases      ] GC(1526)   Evacuate Collection Set: 153.88ms
[7916.901s][info][gc,phases      ] GC(1526)   Post Evacuate Collection Set: 1.02ms
[7916.901s][info][gc,phases      ] GC(1526)   Other: 0.06ms
[7916.901s][info][gc,heap        ] GC(1526) Eden regions: 570->0(569)
[7916.901s][info][gc,heap        ] GC(1526) Survivor regions: 44->45(77)
[7916.901s][info][gc,heap        ] GC(1526) Old regions: 237->245
[7916.901s][info][gc,heap        ] GC(1526) Humongous regions: 33->33
[7916.901s][info][gc,metaspace   ] GC(1526) Metaspace: 30017K(30208K)->30017K(30208K) NonClass: 30017K(30208K)->30017K(30208K) Class: 0K(0K)->0K(0K)
[7916.901s][info][gc             ] GC(1526) Pause Young (Normal) (G1 Evacuation Pause) 7055M->2565M(8192M) 155.810ms
[7916.901s][info][gc,cpu         ] GC(1526) User=1.24s Sys=0.00s Real=0.16s
...[7919.745s][info][gc,start       ] GC(1527) Pause Young (Normal) (G1 Evacuation Pause)
[7919.745s][info][gc,task        ] GC(1527) Using 8 workers of 8 for evacuation
[7919.900s][info][gc,phases      ] GC(1527)   Pre Evacuate Collection Set: 0.22ms
[7919.900s][info][gc,phases      ] GC(1527)   Merge Heap Roots: 0.50ms
[7919.900s][info][gc,phases      ] GC(1527)   Evacuate Collection Set: 153.35ms
[7919.900s][info][gc,phases      ] GC(1527)   Post Evacuate Collection Set: 1.00ms
[7919.900s][info][gc,phases      ] GC(1527)   Other: 0.06ms
[7919.900s][info][gc,heap        ] GC(1527) Eden regions: 569->0(570)
[7919.900s][info][gc,heap        ] GC(1527) Survivor regions: 45->44(77)
[7919.900s][info][gc,heap        ] GC(1527) Old regions: 245->252
[7919.900s][info][gc,heap        ] GC(1527) Humongous regions: 33->33
[7919.900s][info][gc,metaspace   ] GC(1527) Metaspace: 30017K(30208K)->30017K(30208K) NonClass: 30017K(30208K)->30017K(30208K) Class: 0K(0K)->0K(0K)
[7919.901s][info][gc             ] GC(1527) Pause Young (Normal) (G1 Evacuation Pause) 7117M->2613M(8192M) 155.270ms
[7919.901s][info][gc,cpu         ] GC(1527) User=1.23s Sys=0.00s Real=0.16s
...[7922.694s][info][gc,start       ] GC(1528) Pause Young (Normal) (G1 Evacuation Pause)
[7922.694s][info][gc,task        ] GC(1528) Using 8 workers of 8 for evacuation
[7922.845s][info][gc,phases      ] GC(1528)   Pre Evacuate Collection Set: 0.22ms
[7922.845s][info][gc,phases      ] GC(1528)   Merge Heap Roots: 0.49ms
[7922.845s][info][gc,phases      ] GC(1528)   Evacuate Collection Set: 149.01ms
[7922.845s][info][gc,phases      ] GC(1528)   Post Evacuate Collection Set: 0.99ms
[7922.845s][info][gc,phases      ] GC(1528)   Other: 0.06ms
[7922.845s][info][gc,heap        ] GC(1528) Eden regions: 570->0(571)
[7922.845s][info][gc,heap        ] GC(1528) Survivor regions: 44->43(77)
[7922.845s][info][gc,heap        ] GC(1528) Old regions: 252->259
[7922.845s][info][gc,heap        ] GC(1528) Humongous regions: 33->33
[7922.845s][info][gc,metaspace   ] GC(1528) Metaspace: 30017K(30208K)->30017K(30208K) NonClass: 30017K(30208K)->30017K(30208K) Class: 0K(0K)->0K(0K)
[7922.845s][info][gc             ] GC(1528) Pause Young (Normal) (G1 Evacuation Pause) 7173M->2666M(8192M) 150.901ms
[7922.845s][info][gc,cpu         ] GC(1528) User=1.20s Sys=0.00s Real=0.15s
...[7925.599s][info][gc,start       ] GC(1529) Pause Young (Normal) (G1 Evacuation Pause)
[7925.599s][info][gc,task        ] GC(1529) Using 8 workers of 8 for evacuation
[7925.764s][info][gc,phases      ] GC(1529)   Pre Evacuate Collection Set: 0.21ms
[7925.764s][info][gc,phases      ] GC(1529)   Merge Heap Roots: 0.52ms
[7925.764s][info][gc,phases      ] GC(1529)   Evacuate Collection Set: 164.05ms
[7925.764s][info][gc,phases      ] GC(1529)   Post Evacuate Collection Set: 1.01ms
[7925.764s][info][gc,phases      ] GC(1529)   Other: 0.06ms
[7925.764s][info][gc,heap        ] GC(1529) Eden regions: 571->0(567)
[7925.764s][info][gc,heap        ] GC(1529) Survivor regions: 43->47(77)
[7925.764s][info][gc,heap        ] GC(1529) Old regions: 259->266
[7925.764s][info][gc,heap        ] GC(1529) Humongous regions: 33->33
[7925.764s][info][gc,metaspace   ] GC(1529) Metaspace: 30017K(30208K)->30017K(30208K) NonClass: 30017K(30208K)->30017K(30208K) Class: 0K(0K)->0K(0K)
[7925.764s][info][gc             ] GC(1529) Pause Young (Normal) (G1 Evacuation Pause) 7234M->2751M(8192M) 165.986ms
[7925.765s][info][gc,cpu         ] GC(1529) User=1.31s Sys=0.00s Real=0.17s
...[7928.538s][info][gc,start       ] GC(1530) Pause Young (Normal) (G1 Evacuation Pause)
[7928.538s][info][gc,task        ] GC(1530) Using 8 workers of 8 for evacuation
