Done; will start GCs... 
[67.944s][info][gc,metaspace] GC(14) Metaspace: 62647K(70016K)->62647K(70016K) NonClass: 46478K(49600K)->46478K(49600K) Class: 16169K(20416K)->16169K(20416K)
[67.944s][info][gc          ] GC(14) Pause Full (System.gc()) 799M->789M(6144M) 714.628ms
[68.643s][info][gc,metaspace] GC(15) Metaspace: 62647K(70016K)->62647K(70016K) NonClass: 46478K(49600K)->46478K(49600K) Class: 16169K(20416K)->16169K(20416K)
[68.643s][info][gc          ] GC(15) Pause Full (System.gc()) 789M->789M(6144M) 698.909ms
[69.276s][info][gc,metaspace] GC(16) Metaspace: 62647K(70016K)->62647K(70016K) NonClass: 46478K(49600K)->46478K(49600K) Class: 16169K(20416K)->16169K(20416K)
[69.276s][info][gc          ] GC(16) Pause Full (System.gc()) 789M->789M(6144M) 633.253ms
[69.931s][info][gc,metaspace] GC(17) Metaspace: 62647K(70016K)->62647K(70016K) NonClass: 46478K(49600K)->46478K(49600K) Class: 16169K(20416K)->16169K(20416K)
[69.931s][info][gc          ] GC(17) Pause Full (System.gc()) 789M->789M(6144M) 655.065ms
[70.580s][info][gc,metaspace] GC(18) Metaspace: 62647K(70016K)->62647K(70016K) NonClass: 46478K(49600K)->46478K(49600K) Class: 16169K(20416K)->16169K(20416K)
[70.580s][info][gc          ] GC(18) Pause Full (System.gc()) 789M->789M(6144M) 648.442ms
[71.219s][info][gc,metaspace] GC(19) Metaspace: 62647K(70016K)->62647K(70016K) NonClass: 46478K(49600K)->46478K(49600K) Class: 16169K(20416K)->16169K(20416K)
[71.220s][info][gc          ] GC(19) Pause Full (System.gc()) 789M->789M(6144M) 639.567ms
[71.854s][info][gc,metaspace] GC(20) Metaspace: 62647K(70016K)->62647K(70016K) NonClass: 46478K(49600K)->46478K(49600K) Class: 16169K(20416K)->16169K(20416K)
[71.854s][info][gc          ] GC(20) Pause Full (System.gc()) 789M->789M(6144M) 634.796ms
[72.455s][info][gc,metaspace] GC(21) Metaspace: 62647K(70016K)->62647K(70016K) NonClass: 46478K(49600K)->46478K(49600K) Class: 16169K(20416K)->16169K(20416K)
[72.455s][info][gc          ] GC(21) Pause Full (System.gc()) 789M->789M(6144M) 600.943ms
[73.102s][info][gc,metaspace] GC(22) Metaspace: 62647K(70016K)->62647K(70016K) NonClass: 46478K(49600K)->46478K(49600K) Class: 16169K(20416K)->16169K(20416K)
[73.102s][info][gc          ] GC(22) Pause Full (System.gc()) 789M->789M(6144M) 642.490ms
[73.713s][info][gc,metaspace] GC(23) Metaspace: 62647K(70016K)->62647K(70016K) NonClass: 46478K(49600K)->46478K(49600K) Class: 16169K(20416K)->16169K(20416K)
[73.713s][info][gc          ] GC(23) Pause Full (System.gc()) 789M->789M(6144M) 610.969ms
[74.338s][info][gc,metaspace] GC(24) Metaspace: 62647K(70016K)->62647K(70016K) NonClass: 46478K(49600K)->46478K(49600K) Class: 16169K(20416K)->16169K(20416K)
[74.338s][info][gc          ] GC(24) Pause Full (System.gc()) 789M->789M(6144M) 624.182ms
[74.930s][info][gc,metaspace] GC(25) Metaspace: 62647K(70016K)->62647K(70016K) NonClass: 46478K(49600K)->46478K(49600K) Class: 16169K(20416K)->16169K(20416K)
[74.930s][info][gc          ] GC(25) Pause Full (System.gc()) 789M->789M(6144M) 592.352ms
[75.560s][info][gc,metaspace] GC(26) Metaspace: 62647K(70016K)->62647K(70016K) NonClass: 46478K(49600K)->46478K(49600K) Class: 16169K(20416K)->16169K(20416K)
[75.560s][info][gc          ] GC(26) Pause Full (System.gc()) 789M->789M(6144M) 629.307ms
[76.211s][info][gc,metaspace] GC(27) Metaspace: 62647K(70016K)->62647K(70016K) NonClass: 46478K(49600K)->46478K(49600K) Class: 16169K(20416K)->16169K(20416K)
[76.211s][info][gc          ] GC(27) Pause Full (System.gc()) 789M->789M(6144M) 651.628ms
[76.792s][info][gc,metaspace] GC(28) Metaspace: 62647K(70016K)->62647K(70016K) NonClass: 46478K(49600K)->46478K(49600K) Class: 16169K(20416K)->16169K(20416K)
[76.792s][info][gc          ] GC(28) Pause Full (System.gc()) 789M->789M(6144M) 580.850ms
[77.404s][info][gc,metaspace] GC(29) Metaspace: 62647K(70016K)->62647K(70016K) NonClass: 46478K(49600K)->46478K(49600K) Class: 16169K(20416K)->16169K(20416K)
[77.404s][info][gc          ] GC(29) Pause Full (System.gc()) 789M->789M(6144M) 611.256ms
[78.012s][info][gc,metaspace] GC(30) Metaspace: 62647K(70016K)->62647K(70016K) NonClass: 46478K(49600K)->46478K(49600K) Class: 16169K(20416K)->16169K(20416K)
[78.012s][info][gc          ] GC(30) Pause Full (System.gc()) 789M->789M(6144M) 607.868ms
[78.622s][info][gc,metaspace] GC(31) Metaspace: 62647K(70016K)->62647K(70016K) NonClass: 46478K(49600K)->46478K(49600K) Class: 16169K(20416K)->16169K(20416K)
[78.622s][info][gc          ] GC(31) Pause Full (System.gc()) 789M->789M(6144M) 610.483ms
[79.256s][info][gc,metaspace] GC(32) Metaspace: 62647K(70016K)->62647K(70016K) NonClass: 46478K(49600K)->46478K(49600K) Class: 16169K(20416K)->16169K(20416K)
[79.256s][info][gc          ] GC(32) Pause Full (System.gc()) 789M->789M(6144M) 633.462ms
[79.876s][info][gc,metaspace] GC(33) Metaspace: 62647K(70016K)->62647K(70016K) NonClass: 46478K(49600K)->46478K(49600K) Class: 16169K(20416K)->16169K(20416K)
[79.876s][info][gc          ] GC(33) Pause Full (System.gc()) 789M->789M(6144M) 620.100ms
[80.481s][info][gc,metaspace] GC(34) Metaspace: 62647K(70016K)->62647K(70016K) NonClass: 46478K(49600K)->46478K(49600K) Class: 16169K(20416K)->16169K(20416K)
[80.481s][info][gc          ] GC(34) Pause Full (System.gc()) 789M->789M(6144M) 605.448ms
[81.157s][info][gc,metaspace] GC(35) Metaspace: 62647K(70016K)->62647K(70016K) NonClass: 46478K(49600K)->46478K(49600K) Class: 16169K(20416K)->16169K(20416K)
[81.157s][info][gc          ] GC(35) Pause Full (System.gc()) 789M->789M(6144M) 675.484ms
[81.779s][info][gc,metaspace] GC(36) Metaspace: 62647K(70016K)->62647K(70016K) NonClass: 46478K(49600K)->46478K(49600K) Class: 16169K(20416K)->16169K(20416K)
[81.779s][info][gc          ] GC(36) Pause Full (System.gc()) 789M->789M(6144M) 621.484ms
[82.401s][info][gc,metaspace] GC(37) Metaspace: 62647K(70016K)->62647K(70016K) NonClass: 46478K(49600K)->46478K(49600K) Class: 16169K(20416K)->16169K(20416K)
[82.401s][info][gc          ] GC(37) Pause Full (System.gc()) 789M->789M(6144M) 622.456ms
[83.016s][info][gc,metaspace] GC(38) Metaspace: 62647K(70016K)->62647K(70016K) NonClass: 46478K(49600K)->46478K(49600K) Class: 16169K(20416K)->16169K(20416K)
[83.016s][info][gc          ] GC(38) Pause Full (System.gc()) 789M->789M(6144M) 615.198ms
[83.647s][info][gc,metaspace] GC(39) Metaspace: 62647K(70016K)->62647K(70016K) NonClass: 46478K(49600K)->46478K(49600K) Class: 16169K(20416K)->16169K(20416K)
[83.647s][info][gc          ] GC(39) Pause Full (System.gc()) 789M->789M(6144M) 626.600ms
[84.272s][info][gc,metaspace] GC(40) Metaspace: 62647K(70016K)->62647K(70016K) NonClass: 46478K(49600K)->46478K(49600K) Class: 16169K(20416K)->16169K(20416K)
[84.272s][info][gc          ] GC(40) Pause Full (System.gc()) 789M->789M(6144M) 624.496ms
[84.901s][info][gc,metaspace] GC(41) Metaspace: 62647K(70016K)->62647K(70016K) NonClass: 46478K(49600K)->46478K(49600K) Class: 16169K(20416K)->16169K(20416K)
[84.901s][info][gc          ] GC(41) Pause Full (System.gc()) 789M->789M(6144M) 629.017ms
[85.500s][info][gc,metaspace] GC(42) Metaspace: 62647K(70016K)->62647K(70016K) NonClass: 46478K(49600K)->46478K(49600K) Class: 16169K(20416K)->16169K(20416K)
[85.500s][info][gc          ] GC(42) Pause Full (System.gc()) 789M->789M(6144M) 598.627ms
[86.144s][info][gc,metaspace] GC(43) Metaspace: 62647K(70016K)->62647K(70016K) NonClass: 46478K(49600K)->46478K(49600K) Class: 16169K(20416K)->16169K(20416K)
[86.144s][info][gc          ] GC(43) Pause Full (System.gc()) 789M->789M(6144M) 644.083ms
[86.794s][info][gc,metaspace] GC(44) Metaspace: 62647K(70016K)->62647K(70016K) NonClass: 46478K(49600K)->46478K(49600K) Class: 16169K(20416K)->16169K(20416K)
[86.794s][info][gc          ] GC(44) Pause Full (System.gc()) 789M->789M(6144M) 649.539ms
[87.432s][info][gc,metaspace] GC(45) Metaspace: 62647K(70016K)->62647K(70016K) NonClass: 46478K(49600K)->46478K(49600K) Class: 16169K(20416K)->16169K(20416K)
[87.432s][info][gc          ] GC(45) Pause Full (System.gc()) 789M->789M(6144M) 638.274ms
[88.034s][info][gc,metaspace] GC(46) Metaspace: 62647K(70016K)->62647K(70016K) NonClass: 46478K(49600K)->46478K(49600K) Class: 16169K(20416K)->16169K(20416K)
[88.034s][info][gc          ] GC(46) Pause Full (System.gc()) 789M->789M(6144M) 602.260ms
[88.670s][info][gc,metaspace] GC(47) Metaspace: 62647K(70016K)->62647K(70016K) NonClass: 46478K(49600K)->46478K(49600K) Class: 16169K(20416K)->16169K(20416K)
[88.670s][info][gc          ] GC(47) Pause Full (System.gc()) 789M->789M(6144M) 631.548ms
[89.279s][info][gc,metaspace] GC(48) Metaspace: 62647K(70016K)->62647K(70016K) NonClass: 46478K(49600K)->46478K(49600K) Class: 16169K(20416K)->16169K(20416K)
[89.279s][info][gc          ] GC(48) Pause Full (System.gc()) 789M->789M(6144M) 609.125ms
[89.924s][info][gc,metaspace] GC(49) Metaspace: 62647K(70016K)->62647K(70016K) NonClass: 46478K(49600K)->46478K(49600K) Class: 16169K(20416K)->16169K(20416K)
[89.924s][info][gc          ] GC(49) Pause Full (System.gc()) 789M->789M(6144M) 644.197ms
[90.555s][info][gc,metaspace] GC(50) Metaspace: 62647K(70016K)->62647K(70016K) NonClass: 46478K(49600K)->46478K(49600K) Class: 16169K(20416K)->16169K(20416K)
[90.555s][info][gc          ] GC(50) Pause Full (System.gc()) 789M->789M(6144M) 630.808ms
[91.201s][info][gc,metaspace] GC(51) Metaspace: 62647K(70016K)->62647K(70016K) NonClass: 46478K(49600K)->46478K(49600K) Class: 16169K(20416K)->16169K(20416K)
[91.201s][info][gc          ] GC(51) Pause Full (System.gc()) 789M->789M(6144M) 646.682ms
[91.818s][info][gc,metaspace] GC(52) Metaspace: 62647K(70016K)->62647K(70016K) NonClass: 46478K(49600K)->46478K(49600K) Class: 16169K(20416K)->16169K(20416K)
[91.818s][info][gc          ] GC(52) Pause Full (System.gc()) 789M->789M(6144M) 616.777ms
[92.451s][info][gc,metaspace] GC(53) Metaspace: 62647K(70016K)->62647K(70016K) NonClass: 46478K(49600K)->46478K(49600K) Class: 16169K(20416K)->16169K(20416K)
[92.451s][info][gc          ] GC(53) Pause Full (System.gc()) 789M->789M(6144M) 632.443ms
[93.084s][info][gc,metaspace] GC(54) Metaspace: 62647K(70016K)->62647K(70016K) NonClass: 46478K(49600K)->46478K(49600K) Class: 16169K(20416K)->16169K(20416K)
[93.084s][info][gc          ] GC(54) Pause Full (System.gc()) 789M->789M(6144M) 633.427ms
[93.707s][info][gc,metaspace] GC(55) Metaspace: 62647K(70016K)->62647K(70016K) NonClass: 46478K(49600K)->46478K(49600K) Class: 16169K(20416K)->16169K(20416K)
[93.707s][info][gc          ] GC(55) Pause Full (System.gc()) 789M->789M(6144M) 622.971ms
[94.356s][info][gc,metaspace] GC(56) Metaspace: 62647K(70016K)->62647K(70016K) NonClass: 46478K(49600K)->46478K(49600K) Class: 16169K(20416K)->16169K(20416K)
[94.356s][info][gc          ] GC(56) Pause Full (System.gc()) 789M->789M(6144M) 648.364ms
[95.003s][info][gc,metaspace] GC(57) Metaspace: 62647K(70016K)->62647K(70016K) NonClass: 46478K(49600K)->46478K(49600K) Class: 16169K(20416K)->16169K(20416K)
[95.003s][info][gc          ] GC(57) Pause Full (System.gc()) 789M->789M(6144M) 646.762ms
[95.602s][info][gc,metaspace] GC(58) Metaspace: 62647K(70016K)->62647K(70016K) NonClass: 46478K(49600K)->46478K(49600K) Class: 16169K(20416K)->16169K(20416K)
[95.602s][info][gc          ] GC(58) Pause Full (System.gc()) 789M->789M(6144M) 598.876ms
[96.214s][info][gc,metaspace] GC(59) Metaspace: 62647K(70016K)->62647K(70016K) NonClass: 46478K(49600K)->46478K(49600K) Class: 16169K(20416K)->16169K(20416K)
[96.215s][info][gc          ] GC(59) Pause Full (System.gc()) 789M->789M(6144M) 612.727ms
[96.825s][info][gc,metaspace] GC(60) Metaspace: 62647K(70016K)->62647K(70016K) NonClass: 46478K(49600K)->46478K(49600K) Class: 16169K(20416K)->16169K(20416K)
[96.825s][info][gc          ] GC(60) Pause Full (System.gc()) 789M->789M(6144M) 610.169ms
[97.431s][info][gc,metaspace] GC(61) Metaspace: 62647K(70016K)->62647K(70016K) NonClass: 46478K(49600K)->46478K(49600K) Class: 16169K(20416K)->16169K(20416K)
[97.431s][info][gc          ] GC(61) Pause Full (System.gc()) 789M->789M(6144M) 606.403ms
[98.074s][info][gc,metaspace] GC(62) Metaspace: 62647K(70016K)->62647K(70016K) NonClass: 46478K(49600K)->46478K(49600K) Class: 16169K(20416K)->16169K(20416K)
[98.074s][info][gc          ] GC(62) Pause Full (System.gc()) 789M->789M(6144M) 642.505ms
[98.683s][info][gc,metaspace] GC(63) Metaspace: 62647K(70016K)->62647K(70016K) NonClass: 46478K(49600K)->46478K(49600K) Class: 16169K(20416K)->16169K(20416K)
[98.683s][info][gc          ] GC(63) Pause Full (System.gc()) 789M->789M(6144M) 608.900ms
[99.332s][info][gc,metaspace] GC(64) Metaspace: 62647K(70016K)->62647K(70016K) NonClass: 46478K(49600K)->46478K(49600K) Class: 16169K(20416K)->16169K(20416K)
[99.332s][info][gc          ] GC(64) Pause Full (System.gc()) 789M->789M(6144M) 644.986ms
[99.961s][info][gc,metaspace] GC(65) Metaspace: 62647K(70016K)->62647K(70016K) NonClass: 46478K(49600K)->46478K(49600K) Class: 16169K(20416K)->16169K(20416K)
[99.961s][info][gc          ] GC(65) Pause Full (System.gc()) 789M->789M(6144M) 628.502ms
[100.602s][info][gc,metaspace] GC(66) Metaspace: 62647K(70016K)->62647K(70016K) NonClass: 46478K(49600K)->46478K(49600K) Class: 16169K(20416K)->16169K(20416K)
[100.602s][info][gc          ] GC(66) Pause Full (System.gc()) 789M->789M(6144M) 641.187ms
[101.227s][info][gc,metaspace] GC(67) Metaspace: 62647K(70016K)->62647K(70016K) NonClass: 46478K(49600K)->46478K(49600K) Class: 16169K(20416K)->16169K(20416K)
[101.227s][info][gc          ] GC(67) Pause Full (System.gc()) 789M->789M(6144M) 624.346ms
[101.845s][info][gc,metaspace] GC(68) Metaspace: 62647K(70016K)->62647K(70016K) NonClass: 46478K(49600K)->46478K(49600K) Class: 16169K(20416K)->16169K(20416K)
[101.845s][info][gc          ] GC(68) Pause Full (System.gc()) 789M->789M(6144M) 618.012ms
[102.472s][info][gc,metaspace] GC(69) Metaspace: 62647K(70016K)->62647K(70016K) NonClass: 46478K(49600K)->46478K(49600K) Class: 16169K(20416K)->16169K(20416K)
[102.472s][info][gc          ] GC(69) Pause Full (System.gc()) 789M->789M(6144M) 627.176ms
[103.118s][info][gc,metaspace] GC(70) Metaspace: 62647K(70016K)->62647K(70016K) NonClass: 46478K(49600K)->46478K(49600K) Class: 16169K(20416K)->16169K(20416K)
[103.118s][info][gc          ] GC(70) Pause Full (System.gc()) 789M->789M(6144M) 645.543ms
[103.734s][info][gc,metaspace] GC(71) Metaspace: 62647K(70016K)->62647K(70016K) NonClass: 46478K(49600K)->46478K(49600K) Class: 16169K(20416K)->16169K(20416K)
[103.734s][info][gc          ] GC(71) Pause Full (System.gc()) 789M->789M(6144M) 616.542ms
[104.376s][info][gc,metaspace] GC(72) Metaspace: 62647K(70016K)->62647K(70016K) NonClass: 46478K(49600K)->46478K(49600K) Class: 16169K(20416K)->16169K(20416K)
[104.376s][info][gc          ] GC(72) Pause Full (System.gc()) 789M->789M(6144M) 637.313ms
[104.988s][info][gc,metaspace] GC(73) Metaspace: 62647K(70016K)->62647K(70016K) NonClass: 46478K(49600K)->46478K(49600K) Class: 16169K(20416K)->16169K(20416K)
[104.988s][info][gc          ] GC(73) Pause Full (System.gc()) 789M->789M(6144M) 612.281ms
[105.598s][info][gc,metaspace] GC(74) Metaspace: 62647K(70016K)->62647K(70016K) NonClass: 46478K(49600K)->46478K(49600K) Class: 16169K(20416K)->16169K(20416K)
[105.598s][info][gc          ] GC(74) Pause Full (System.gc()) 789M->789M(6144M) 609.181ms
[106.220s][info][gc,metaspace] GC(75) Metaspace: 62647K(70016K)->62647K(70016K) NonClass: 46478K(49600K)->46478K(49600K) Class: 16169K(20416K)->16169K(20416K)
[106.220s][info][gc          ] GC(75) Pause Full (System.gc()) 789M->789M(6144M) 621.882ms
[106.829s][info][gc,metaspace] GC(76) Metaspace: 62647K(70016K)->62647K(70016K) NonClass: 46478K(49600K)->46478K(49600K) Class: 16169K(20416K)->16169K(20416K)
[106.829s][info][gc          ] GC(76) Pause Full (System.gc()) 789M->789M(6144M) 609.064ms
[107.475s][info][gc,metaspace] GC(77) Metaspace: 62647K(70016K)->62647K(70016K) NonClass: 46478K(49600K)->46478K(49600K) Class: 16169K(20416K)->16169K(20416K)
[107.475s][info][gc          ] GC(77) Pause Full (System.gc()) 789M->789M(6144M) 645.941ms
[108.076s][info][gc,metaspace] GC(78) Metaspace: 62647K(70016K)->62647K(70016K) NonClass: 46478K(49600K)->46478K(49600K) Class: 16169K(20416K)->16169K(20416K)
[108.076s][info][gc          ] GC(78) Pause Full (System.gc()) 789M->789M(6144M) 601.554ms
[108.659s][info][gc,metaspace] GC(79) Metaspace: 62647K(70016K)->62647K(70016K) NonClass: 46478K(49600K)->46478K(49600K) Class: 16169K(20416K)->16169K(20416K)
[108.659s][info][gc          ] GC(79) Pause Full (System.gc()) 789M->789M(6144M) 582.148ms
[109.316s][info][gc,metaspace] GC(80) Metaspace: 62647K(70016K)->62647K(70016K) NonClass: 46478K(49600K)->46478K(49600K) Class: 16169K(20416K)->16169K(20416K)
[109.316s][info][gc          ] GC(80) Pause Full (System.gc()) 789M->789M(6144M) 657.112ms
[109.935s][info][gc,metaspace] GC(81) Metaspace: 62647K(70016K)->62647K(70016K) NonClass: 46478K(49600K)->46478K(49600K) Class: 16169K(20416K)->16169K(20416K)
[109.935s][info][gc          ] GC(81) Pause Full (System.gc()) 789M->789M(6144M) 619.356ms
[110.541s][info][gc,metaspace] GC(82) Metaspace: 62647K(70016K)->62647K(70016K) NonClass: 46478K(49600K)->46478K(49600K) Class: 16169K(20416K)->16169K(20416K)
[110.541s][info][gc          ] GC(82) Pause Full (System.gc()) 789M->789M(6144M) 605.980ms
[111.169s][info][gc,metaspace] GC(83) Metaspace: 62647K(70016K)->62647K(70016K) NonClass: 46478K(49600K)->46478K(49600K) Class: 16169K(20416K)->16169K(20416K)
[111.169s][info][gc          ] GC(83) Pause Full (System.gc()) 789M->789M(6144M) 627.954ms
[111.787s][info][gc,metaspace] GC(84) Metaspace: 62647K(70016K)->62647K(70016K) NonClass: 46478K(49600K)->46478K(49600K) Class: 16169K(20416K)->16169K(20416K)
[111.787s][info][gc          ] GC(84) Pause Full (System.gc()) 789M->789M(6144M) 617.072ms
[112.416s][info][gc,metaspace] GC(85) Metaspace: 62647K(70016K)->62647K(70016K) NonClass: 46478K(49600K)->46478K(49600K) Class: 16169K(20416K)->16169K(20416K)
[112.416s][info][gc          ] GC(85) Pause Full (System.gc()) 789M->789M(6144M) 629.088ms
[113.040s][info][gc,metaspace] GC(86) Metaspace: 62647K(70016K)->62647K(70016K) NonClass: 46478K(49600K)->46478K(49600K) Class: 16169K(20416K)->16169K(20416K)
[113.040s][info][gc          ] GC(86) Pause Full (System.gc()) 789M->789M(6144M) 624.599ms
[113.643s][info][gc,metaspace] GC(87) Metaspace: 62647K(70016K)->62647K(70016K) NonClass: 46478K(49600K)->46478K(49600K) Class: 16169K(20416K)->16169K(20416K)
[113.643s][info][gc          ] GC(87) Pause Full (System.gc()) 789M->789M(6144M) 602.401ms
[114.268s][info][gc,metaspace] GC(88) Metaspace: 62647K(70016K)->62647K(70016K) NonClass: 46478K(49600K)->46478K(49600K) Class: 16169K(20416K)->16169K(20416K)
[114.268s][info][gc          ] GC(88) Pause Full (System.gc()) 789M->789M(6144M) 624.498ms
[114.881s][info][gc,metaspace] GC(89) Metaspace: 62647K(70016K)->62647K(70016K) NonClass: 46478K(49600K)->46478K(49600K) Class: 16169K(20416K)->16169K(20416K)
[114.881s][info][gc          ] GC(89) Pause Full (System.gc()) 789M->789M(6144M) 613.371ms
[115.491s][info][gc,metaspace] GC(90) Metaspace: 62647K(70016K)->62647K(70016K) NonClass: 46478K(49600K)->46478K(49600K) Class: 16169K(20416K)->16169K(20416K)
[115.491s][info][gc          ] GC(90) Pause Full (System.gc()) 789M->789M(6144M) 606.041ms
[116.099s][info][gc,metaspace] GC(91) Metaspace: 62647K(70016K)->62647K(70016K) NonClass: 46478K(49600K)->46478K(49600K) Class: 16169K(20416K)->16169K(20416K)
[116.099s][info][gc          ] GC(91) Pause Full (System.gc()) 789M->789M(6144M) 607.274ms
[116.712s][info][gc,metaspace] GC(92) Metaspace: 62647K(70016K)->62647K(70016K) NonClass: 46478K(49600K)->46478K(49600K) Class: 16169K(20416K)->16169K(20416K)
[116.712s][info][gc          ] GC(92) Pause Full (System.gc()) 789M->789M(6144M) 613.114ms
[117.337s][info][gc,metaspace] GC(93) Metaspace: 62647K(70016K)->62647K(70016K) NonClass: 46478K(49600K)->46478K(49600K) Class: 16169K(20416K)->16169K(20416K)
[117.337s][info][gc          ] GC(93) Pause Full (System.gc()) 789M->789M(6144M) 625.086ms
[117.974s][info][gc,metaspace] GC(94) Metaspace: 62647K(70016K)->62647K(70016K) NonClass: 46478K(49600K)->46478K(49600K) Class: 16169K(20416K)->16169K(20416K)
[117.974s][info][gc          ] GC(94) Pause Full (System.gc()) 789M->789M(6144M) 636.975ms
[118.596s][info][gc,metaspace] GC(95) Metaspace: 62647K(70016K)->62647K(70016K) NonClass: 46478K(49600K)->46478K(49600K) Class: 16169K(20416K)->16169K(20416K)
[118.596s][info][gc          ] GC(95) Pause Full (System.gc()) 789M->789M(6144M) 621.716ms
[119.214s][info][gc,metaspace] GC(96) Metaspace: 62647K(70016K)->62647K(70016K) NonClass: 46478K(49600K)->46478K(49600K) Class: 16169K(20416K)->16169K(20416K)
[119.214s][info][gc          ] GC(96) Pause Full (System.gc()) 789M->789M(6144M) 618.199ms
[119.840s][info][gc,metaspace] GC(97) Metaspace: 62647K(70016K)->62647K(70016K) NonClass: 46478K(49600K)->46478K(49600K) Class: 16169K(20416K)->16169K(20416K)
[119.840s][info][gc          ] GC(97) Pause Full (System.gc()) 789M->789M(6144M) 625.642ms
[120.463s][info][gc,metaspace] GC(98) Metaspace: 62647K(70016K)->62647K(70016K) NonClass: 46478K(49600K)->46478K(49600K) Class: 16169K(20416K)->16169K(20416K)
[120.463s][info][gc          ] GC(98) Pause Full (System.gc()) 789M->789M(6144M) 622.557ms
[121.142s][info][gc,metaspace] GC(99) Metaspace: 62647K(70016K)->62647K(70016K) NonClass: 46478K(49600K)->46478K(49600K) Class: 16169K(20416K)->16169K(20416K)
[121.142s][info][gc          ] GC(99) Pause Full (System.gc()) 789M->789M(6144M) 675.338ms
[121.777s][info][gc,metaspace] GC(100) Metaspace: 62647K(70016K)->62647K(70016K) NonClass: 46478K(49600K)->46478K(49600K) Class: 16169K(20416K)->16169K(20416K)
[121.777s][info][gc          ] GC(100) Pause Full (System.gc()) 789M->789M(6144M) 634.497ms
[122.400s][info][gc,metaspace] GC(101) Metaspace: 62647K(70016K)->62647K(70016K) NonClass: 46478K(49600K)->46478K(49600K) Class: 16169K(20416K)->16169K(20416K)
[122.400s][info][gc          ] GC(101) Pause Full (System.gc()) 789M->789M(6144M) 622.665ms
[123.026s][info][gc,metaspace] GC(102) Metaspace: 62647K(70016K)->62647K(70016K) NonClass: 46478K(49600K)->46478K(49600K) Class: 16169K(20416K)->16169K(20416K)
[123.026s][info][gc          ] GC(102) Pause Full (System.gc()) 789M->789M(6144M) 626.473ms
[123.653s][info][gc,metaspace] GC(103) Metaspace: 62647K(70016K)->62647K(70016K) NonClass: 46478K(49600K)->46478K(49600K) Class: 16169K(20416K)->16169K(20416K)
[123.653s][info][gc          ] GC(103) Pause Full (System.gc()) 790M->789M(6144M) 626.277ms
[124.313s][info][gc,metaspace] GC(104) Metaspace: 62647K(70016K)->62647K(70016K) NonClass: 46478K(49600K)->46478K(49600K) Class: 16169K(20416K)->16169K(20416K)
[124.313s][info][gc          ] GC(104) Pause Full (System.gc()) 789M->789M(6144M) 659.790ms
[124.942s][info][gc,metaspace] GC(105) Metaspace: 62647K(70016K)->62647K(70016K) NonClass: 46478K(49600K)->46478K(49600K) Class: 16169K(20416K)->16169K(20416K)
[124.942s][info][gc          ] GC(105) Pause Full (System.gc()) 789M->789M(6144M) 629.150ms
[125.594s][info][gc,metaspace] GC(106) Metaspace: 62647K(70016K)->62647K(70016K) NonClass: 46478K(49600K)->46478K(49600K) Class: 16169K(20416K)->16169K(20416K)
[125.594s][info][gc          ] GC(106) Pause Full (System.gc()) 789M->789M(6144M) 651.668ms
[126.239s][info][gc,metaspace] GC(107) Metaspace: 62647K(70016K)->62647K(70016K) NonClass: 46478K(49600K)->46478K(49600K) Class: 16169K(20416K)->16169K(20416K)
[126.239s][info][gc          ] GC(107) Pause Full (System.gc()) 789M->789M(6144M) 640.689ms
[126.863s][info][gc,metaspace] GC(108) Metaspace: 62647K(70016K)->62647K(70016K) NonClass: 46478K(49600K)->46478K(49600K) Class: 16169K(20416K)->16169K(20416K)
[126.864s][info][gc          ] GC(108) Pause Full (System.gc()) 789M->789M(6144M) 624.733ms
[127.498s][info][gc,metaspace] GC(109) Metaspace: 62647K(70016K)->62647K(70016K) NonClass: 46478K(49600K)->46478K(49600K) Class: 16169K(20416K)->16169K(20416K)
[127.498s][info][gc          ] GC(109) Pause Full (System.gc()) 789M->789M(6144M) 634.040ms
[128.103s][info][gc,metaspace] GC(110) Metaspace: 62647K(70016K)->62647K(70016K) NonClass: 46478K(49600K)->46478K(49600K) Class: 16169K(20416K)->16169K(20416K)
[128.103s][info][gc          ] GC(110) Pause Full (System.gc()) 789M->789M(6144M) 604.993ms
[128.718s][info][gc,metaspace] GC(111) Metaspace: 62647K(70016K)->62647K(70016K) NonClass: 46478K(49600K)->46478K(49600K) Class: 16169K(20416K)->16169K(20416K)
[128.719s][info][gc          ] GC(111) Pause Full (System.gc()) 789M->789M(6144M) 615.725ms
[129.364s][info][gc,metaspace] GC(112) Metaspace: 62647K(70016K)->62647K(70016K) NonClass: 46478K(49600K)->46478K(49600K) Class: 16169K(20416K)->16169K(20416K)
[129.364s][info][gc          ] GC(112) Pause Full (System.gc()) 789M->789M(6144M) 645.543ms
[129.971s][info][gc,metaspace] GC(113) Metaspace: 62647K(70016K)->62647K(70016K) NonClass: 46478K(49600K)->46478K(49600K) Class: 16169K(20416K)->16169K(20416K)
[129.971s][info][gc          ] GC(113) Pause Full (System.gc()) 789M->789M(6144M) 606.325ms
After GCs... 
