Done; will start GCs... 
[68.366s][info][gc,metaspace] GC(14) Metaspace: 154431K(199488K)->154431K(199488K) NonClass: 50936K(54080K)->50936K(54080K) Class: 103495K(145408K)->103495K(145408K)
[68.366s][info][gc          ] GC(14) Pause Full (System.gc()) 803M->789M(6144M) 664.423ms
[68.938s][info][gc,metaspace] GC(15) Metaspace: 154431K(199488K)->154431K(199488K) NonClass: 50936K(54080K)->50936K(54080K) Class: 103495K(145408K)->103495K(145408K)
[68.938s][info][gc          ] GC(15) Pause Full (System.gc()) 789M->789M(6144M) 571.372ms
[69.541s][info][gc,metaspace] GC(16) Metaspace: 154431K(199488K)->154431K(199488K) NonClass: 50936K(54080K)->50936K(54080K) Class: 103495K(145408K)->103495K(145408K)
[69.541s][info][gc          ] GC(16) Pause Full (System.gc()) 789M->789M(6144M) 602.762ms
[70.109s][info][gc,metaspace] GC(17) Metaspace: 154431K(199488K)->154431K(199488K) NonClass: 50936K(54080K)->50936K(54080K) Class: 103495K(145408K)->103495K(145408K)
[70.109s][info][gc          ] GC(17) Pause Full (System.gc()) 789M->789M(6144M) 567.983ms
[70.664s][info][gc,metaspace] GC(18) Metaspace: 154431K(199488K)->154431K(199488K) NonClass: 50936K(54080K)->50936K(54080K) Class: 103495K(145408K)->103495K(145408K)
[70.664s][info][gc          ] GC(18) Pause Full (System.gc()) 789M->789M(6144M) 555.411ms
[71.286s][info][gc,metaspace] GC(19) Metaspace: 154431K(199488K)->154431K(199488K) NonClass: 50936K(54080K)->50936K(54080K) Class: 103495K(145408K)->103495K(145408K)
[71.286s][info][gc          ] GC(19) Pause Full (System.gc()) 789M->789M(6144M) 622.033ms
[71.829s][info][gc,metaspace] GC(20) Metaspace: 154431K(199488K)->154431K(199488K) NonClass: 50936K(54080K)->50936K(54080K) Class: 103495K(145408K)->103495K(145408K)
[71.829s][info][gc          ] GC(20) Pause Full (System.gc()) 789M->789M(6144M) 543.003ms
[72.394s][info][gc,metaspace] GC(21) Metaspace: 154431K(199488K)->154431K(199488K) NonClass: 50936K(54080K)->50936K(54080K) Class: 103495K(145408K)->103495K(145408K)
[72.394s][info][gc          ] GC(21) Pause Full (System.gc()) 789M->789M(6144M) 564.288ms
[72.970s][info][gc,metaspace] GC(22) Metaspace: 154431K(199488K)->154431K(199488K) NonClass: 50936K(54080K)->50936K(54080K) Class: 103495K(145408K)->103495K(145408K)
[72.970s][info][gc          ] GC(22) Pause Full (System.gc()) 789M->789M(6144M) 576.468ms
[73.537s][info][gc,metaspace] GC(23) Metaspace: 154431K(199488K)->154431K(199488K) NonClass: 50936K(54080K)->50936K(54080K) Class: 103495K(145408K)->103495K(145408K)
[73.537s][info][gc          ] GC(23) Pause Full (System.gc()) 789M->789M(6144M) 566.360ms
[74.105s][info][gc,metaspace] GC(24) Metaspace: 154431K(199488K)->154431K(199488K) NonClass: 50936K(54080K)->50936K(54080K) Class: 103495K(145408K)->103495K(145408K)
[74.105s][info][gc          ] GC(24) Pause Full (System.gc()) 789M->789M(6144M) 568.490ms
[74.681s][info][gc,metaspace] GC(25) Metaspace: 154431K(199488K)->154431K(199488K) NonClass: 50936K(54080K)->50936K(54080K) Class: 103495K(145408K)->103495K(145408K)
[74.681s][info][gc          ] GC(25) Pause Full (System.gc()) 789M->789M(6144M) 575.467ms
[75.284s][info][gc,metaspace] GC(26) Metaspace: 154431K(199488K)->154431K(199488K) NonClass: 50936K(54080K)->50936K(54080K) Class: 103495K(145408K)->103495K(145408K)
[75.284s][info][gc          ] GC(26) Pause Full (System.gc()) 789M->789M(6144M) 603.222ms
[75.867s][info][gc,metaspace] GC(27) Metaspace: 154431K(199488K)->154431K(199488K) NonClass: 50936K(54080K)->50936K(54080K) Class: 103495K(145408K)->103495K(145408K)
[75.867s][info][gc          ] GC(27) Pause Full (System.gc()) 789M->789M(6144M) 582.834ms
[76.441s][info][gc,metaspace] GC(28) Metaspace: 154431K(199488K)->154431K(199488K) NonClass: 50936K(54080K)->50936K(54080K) Class: 103495K(145408K)->103495K(145408K)
[76.441s][info][gc          ] GC(28) Pause Full (System.gc()) 789M->789M(6144M) 573.634ms
[77.012s][info][gc,metaspace] GC(29) Metaspace: 154431K(199488K)->154431K(199488K) NonClass: 50936K(54080K)->50936K(54080K) Class: 103495K(145408K)->103495K(145408K)
[77.012s][info][gc          ] GC(29) Pause Full (System.gc()) 789M->789M(6144M) 571.461ms
[77.554s][info][gc,metaspace] GC(30) Metaspace: 154431K(199488K)->154431K(199488K) NonClass: 50936K(54080K)->50936K(54080K) Class: 103495K(145408K)->103495K(145408K)
[77.555s][info][gc          ] GC(30) Pause Full (System.gc()) 789M->789M(6144M) 541.956ms
[78.114s][info][gc,metaspace] GC(31) Metaspace: 154431K(199488K)->154431K(199488K) NonClass: 50936K(54080K)->50936K(54080K) Class: 103495K(145408K)->103495K(145408K)
[78.114s][info][gc          ] GC(31) Pause Full (System.gc()) 789M->789M(6144M) 559.655ms
[78.710s][info][gc,metaspace] GC(32) Metaspace: 154431K(199488K)->154431K(199488K) NonClass: 50936K(54080K)->50936K(54080K) Class: 103495K(145408K)->103495K(145408K)
[78.710s][info][gc          ] GC(32) Pause Full (System.gc()) 789M->789M(6144M) 591.169ms
[79.318s][info][gc,metaspace] GC(33) Metaspace: 154431K(199488K)->154431K(199488K) NonClass: 50936K(54080K)->50936K(54080K) Class: 103495K(145408K)->103495K(145408K)
[79.318s][info][gc          ] GC(33) Pause Full (System.gc()) 789M->789M(6144M) 607.644ms
[79.878s][info][gc,metaspace] GC(34) Metaspace: 154431K(199488K)->154431K(199488K) NonClass: 50936K(54080K)->50936K(54080K) Class: 103495K(145408K)->103495K(145408K)
[79.878s][info][gc          ] GC(34) Pause Full (System.gc()) 789M->789M(6144M) 560.120ms
[80.447s][info][gc,metaspace] GC(35) Metaspace: 154431K(199488K)->154431K(199488K) NonClass: 50936K(54080K)->50936K(54080K) Class: 103495K(145408K)->103495K(145408K)
[80.447s][info][gc          ] GC(35) Pause Full (System.gc()) 789M->789M(6144M) 569.039ms
[81.060s][info][gc,metaspace] GC(36) Metaspace: 154431K(199488K)->154431K(199488K) NonClass: 50936K(54080K)->50936K(54080K) Class: 103495K(145408K)->103495K(145408K)
[81.060s][info][gc          ] GC(36) Pause Full (System.gc()) 789M->789M(6144M) 612.947ms
[81.627s][info][gc,metaspace] GC(37) Metaspace: 154431K(199488K)->154431K(199488K) NonClass: 50936K(54080K)->50936K(54080K) Class: 103495K(145408K)->103495K(145408K)
[81.627s][info][gc          ] GC(37) Pause Full (System.gc()) 789M->789M(6144M) 567.395ms
[82.204s][info][gc,metaspace] GC(38) Metaspace: 154431K(199488K)->154431K(199488K) NonClass: 50936K(54080K)->50936K(54080K) Class: 103495K(145408K)->103495K(145408K)
[82.204s][info][gc          ] GC(38) Pause Full (System.gc()) 789M->789M(6144M) 576.436ms
[82.755s][info][gc,metaspace] GC(39) Metaspace: 154431K(199488K)->154431K(199488K) NonClass: 50936K(54080K)->50936K(54080K) Class: 103495K(145408K)->103495K(145408K)
[82.755s][info][gc          ] GC(39) Pause Full (System.gc()) 789M->789M(6144M) 550.754ms
[83.348s][info][gc,metaspace] GC(40) Metaspace: 154431K(199488K)->154431K(199488K) NonClass: 50936K(54080K)->50936K(54080K) Class: 103495K(145408K)->103495K(145408K)
[83.348s][info][gc          ] GC(40) Pause Full (System.gc()) 789M->789M(6144M) 593.004ms
[83.898s][info][gc,metaspace] GC(41) Metaspace: 154431K(199488K)->154431K(199488K) NonClass: 50936K(54080K)->50936K(54080K) Class: 103495K(145408K)->103495K(145408K)
[83.898s][info][gc          ] GC(41) Pause Full (System.gc()) 789M->789M(6144M) 546.026ms
[84.474s][info][gc,metaspace] GC(42) Metaspace: 154431K(199488K)->154431K(199488K) NonClass: 50936K(54080K)->50936K(54080K) Class: 103495K(145408K)->103495K(145408K)
[84.474s][info][gc          ] GC(42) Pause Full (System.gc()) 789M->789M(6144M) 575.285ms
[85.054s][info][gc,metaspace] GC(43) Metaspace: 154431K(199488K)->154431K(199488K) NonClass: 50936K(54080K)->50936K(54080K) Class: 103495K(145408K)->103495K(145408K)
[85.054s][info][gc          ] GC(43) Pause Full (System.gc()) 789M->789M(6144M) 579.843ms
[85.613s][info][gc,metaspace] GC(44) Metaspace: 154431K(199488K)->154431K(199488K) NonClass: 50936K(54080K)->50936K(54080K) Class: 103495K(145408K)->103495K(145408K)
[85.613s][info][gc          ] GC(44) Pause Full (System.gc()) 789M->789M(6144M) 559.759ms
[86.192s][info][gc,metaspace] GC(45) Metaspace: 154431K(199488K)->154431K(199488K) NonClass: 50936K(54080K)->50936K(54080K) Class: 103495K(145408K)->103495K(145408K)
[86.192s][info][gc          ] GC(45) Pause Full (System.gc()) 789M->789M(6144M) 578.265ms
[86.765s][info][gc,metaspace] GC(46) Metaspace: 154431K(199488K)->154431K(199488K) NonClass: 50936K(54080K)->50936K(54080K) Class: 103495K(145408K)->103495K(145408K)
[86.765s][info][gc          ] GC(46) Pause Full (System.gc()) 789M->789M(6144M) 572.748ms
[87.319s][info][gc,metaspace] GC(47) Metaspace: 154431K(199488K)->154431K(199488K) NonClass: 50936K(54080K)->50936K(54080K) Class: 103495K(145408K)->103495K(145408K)
[87.319s][info][gc          ] GC(47) Pause Full (System.gc()) 789M->789M(6144M) 554.661ms
[87.885s][info][gc,metaspace] GC(48) Metaspace: 154431K(199488K)->154431K(199488K) NonClass: 50936K(54080K)->50936K(54080K) Class: 103495K(145408K)->103495K(145408K)
[87.885s][info][gc          ] GC(48) Pause Full (System.gc()) 789M->789M(6144M) 565.649ms
[88.448s][info][gc,metaspace] GC(49) Metaspace: 154431K(199488K)->154431K(199488K) NonClass: 50936K(54080K)->50936K(54080K) Class: 103495K(145408K)->103495K(145408K)
[88.448s][info][gc          ] GC(49) Pause Full (System.gc()) 789M->789M(6144M) 563.225ms
[88.999s][info][gc,metaspace] GC(50) Metaspace: 154431K(199488K)->154431K(199488K) NonClass: 50936K(54080K)->50936K(54080K) Class: 103495K(145408K)->103495K(145408K)
[88.999s][info][gc          ] GC(50) Pause Full (System.gc()) 789M->789M(6144M) 546.065ms
[89.604s][info][gc,metaspace] GC(51) Metaspace: 154431K(199488K)->154431K(199488K) NonClass: 50936K(54080K)->50936K(54080K) Class: 103495K(145408K)->103495K(145408K)
[89.604s][info][gc          ] GC(51) Pause Full (System.gc()) 789M->789M(6144M) 604.603ms
[90.192s][info][gc,metaspace] GC(52) Metaspace: 154431K(199488K)->154431K(199488K) NonClass: 50936K(54080K)->50936K(54080K) Class: 103495K(145408K)->103495K(145408K)
[90.192s][info][gc          ] GC(52) Pause Full (System.gc()) 789M->789M(6144M) 588.446ms
[90.778s][info][gc,metaspace] GC(53) Metaspace: 154431K(199488K)->154431K(199488K) NonClass: 50936K(54080K)->50936K(54080K) Class: 103495K(145408K)->103495K(145408K)
[90.778s][info][gc          ] GC(53) Pause Full (System.gc()) 789M->789M(6144M) 585.962ms
[91.379s][info][gc,metaspace] GC(54) Metaspace: 154431K(199488K)->154431K(199488K) NonClass: 50936K(54080K)->50936K(54080K) Class: 103495K(145408K)->103495K(145408K)
[91.379s][info][gc          ] GC(54) Pause Full (System.gc()) 789M->789M(6144M) 600.455ms
[91.957s][info][gc,metaspace] GC(55) Metaspace: 154431K(199488K)->154431K(199488K) NonClass: 50936K(54080K)->50936K(54080K) Class: 103495K(145408K)->103495K(145408K)
[91.957s][info][gc          ] GC(55) Pause Full (System.gc()) 789M->789M(6144M) 578.235ms
[92.550s][info][gc,metaspace] GC(56) Metaspace: 154431K(199488K)->154431K(199488K) NonClass: 50936K(54080K)->50936K(54080K) Class: 103495K(145408K)->103495K(145408K)
[92.550s][info][gc          ] GC(56) Pause Full (System.gc()) 789M->789M(6144M) 592.753ms
[93.096s][info][gc,metaspace] GC(57) Metaspace: 154431K(199488K)->154431K(199488K) NonClass: 50936K(54080K)->50936K(54080K) Class: 103495K(145408K)->103495K(145408K)
[93.096s][info][gc          ] GC(57) Pause Full (System.gc()) 789M->789M(6144M) 546.434ms
[93.647s][info][gc,metaspace] GC(58) Metaspace: 154431K(199488K)->154431K(199488K) NonClass: 50936K(54080K)->50936K(54080K) Class: 103495K(145408K)->103495K(145408K)
[93.647s][info][gc          ] GC(58) Pause Full (System.gc()) 789M->789M(6144M) 550.178ms
[94.240s][info][gc,metaspace] GC(59) Metaspace: 154431K(199488K)->154431K(199488K) NonClass: 50936K(54080K)->50936K(54080K) Class: 103495K(145408K)->103495K(145408K)
[94.240s][info][gc          ] GC(59) Pause Full (System.gc()) 789M->789M(6144M) 588.897ms
[94.808s][info][gc,metaspace] GC(60) Metaspace: 154431K(199488K)->154431K(199488K) NonClass: 50936K(54080K)->50936K(54080K) Class: 103495K(145408K)->103495K(145408K)
[94.808s][info][gc          ] GC(60) Pause Full (System.gc()) 789M->789M(6144M) 567.964ms
[95.440s][info][gc,metaspace] GC(61) Metaspace: 154431K(199488K)->154431K(199488K) NonClass: 50936K(54080K)->50936K(54080K) Class: 103495K(145408K)->103495K(145408K)
[95.440s][info][gc          ] GC(61) Pause Full (System.gc()) 789M->789M(6144M) 632.246ms
[96.019s][info][gc,metaspace] GC(62) Metaspace: 154431K(199488K)->154431K(199488K) NonClass: 50936K(54080K)->50936K(54080K) Class: 103495K(145408K)->103495K(145408K)
[96.019s][info][gc          ] GC(62) Pause Full (System.gc()) 789M->789M(6144M) 578.618ms
[96.584s][info][gc,metaspace] GC(63) Metaspace: 154431K(199488K)->154431K(199488K) NonClass: 50936K(54080K)->50936K(54080K) Class: 103495K(145408K)->103495K(145408K)
[96.584s][info][gc          ] GC(63) Pause Full (System.gc()) 789M->789M(6144M) 564.972ms
[97.160s][info][gc,metaspace] GC(64) Metaspace: 154431K(199488K)->154431K(199488K) NonClass: 50936K(54080K)->50936K(54080K) Class: 103495K(145408K)->103495K(145408K)
[97.160s][info][gc          ] GC(64) Pause Full (System.gc()) 789M->789M(6144M) 576.217ms
[97.761s][info][gc,metaspace] GC(65) Metaspace: 154431K(199488K)->154431K(199488K) NonClass: 50936K(54080K)->50936K(54080K) Class: 103495K(145408K)->103495K(145408K)
[97.762s][info][gc          ] GC(65) Pause Full (System.gc()) 789M->789M(6144M) 600.950ms
[98.359s][info][gc,metaspace] GC(66) Metaspace: 154431K(199488K)->154431K(199488K) NonClass: 50936K(54080K)->50936K(54080K) Class: 103495K(145408K)->103495K(145408K)
[98.359s][info][gc          ] GC(66) Pause Full (System.gc()) 789M->789M(6144M) 597.548ms
[98.971s][info][gc,metaspace] GC(67) Metaspace: 154431K(199488K)->154431K(199488K) NonClass: 50936K(54080K)->50936K(54080K) Class: 103495K(145408K)->103495K(145408K)
[98.971s][info][gc          ] GC(67) Pause Full (System.gc()) 789M->789M(6144M) 611.907ms
[99.555s][info][gc,metaspace] GC(68) Metaspace: 154431K(199488K)->154431K(199488K) NonClass: 50936K(54080K)->50936K(54080K) Class: 103495K(145408K)->103495K(145408K)
[99.555s][info][gc          ] GC(68) Pause Full (System.gc()) 789M->789M(6144M) 583.931ms
[100.149s][info][gc,metaspace] GC(69) Metaspace: 154431K(199488K)->154431K(199488K) NonClass: 50936K(54080K)->50936K(54080K) Class: 103495K(145408K)->103495K(145408K)
[100.149s][info][gc          ] GC(69) Pause Full (System.gc()) 789M->789M(6144M) 594.120ms
[100.714s][info][gc,metaspace] GC(70) Metaspace: 154431K(199488K)->154431K(199488K) NonClass: 50936K(54080K)->50936K(54080K) Class: 103495K(145408K)->103495K(145408K)
[100.714s][info][gc          ] GC(70) Pause Full (System.gc()) 789M->789M(6144M) 564.347ms
[101.282s][info][gc,metaspace] GC(71) Metaspace: 154431K(199488K)->154431K(199488K) NonClass: 50936K(54080K)->50936K(54080K) Class: 103495K(145408K)->103495K(145408K)
[101.282s][info][gc          ] GC(71) Pause Full (System.gc()) 789M->789M(6144M) 568.254ms
[101.876s][info][gc,metaspace] GC(72) Metaspace: 154431K(199488K)->154431K(199488K) NonClass: 50936K(54080K)->50936K(54080K) Class: 103495K(145408K)->103495K(145408K)
[101.876s][info][gc          ] GC(72) Pause Full (System.gc()) 789M->789M(6144M) 593.821ms
[102.438s][info][gc,metaspace] GC(73) Metaspace: 154431K(199488K)->154431K(199488K) NonClass: 50936K(54080K)->50936K(54080K) Class: 103495K(145408K)->103495K(145408K)
[102.438s][info][gc          ] GC(73) Pause Full (System.gc()) 789M->789M(6144M) 562.249ms
[103.001s][info][gc,metaspace] GC(74) Metaspace: 154431K(199488K)->154431K(199488K) NonClass: 50936K(54080K)->50936K(54080K) Class: 103495K(145408K)->103495K(145408K)
[103.001s][info][gc          ] GC(74) Pause Full (System.gc()) 789M->789M(6144M) 562.278ms
[103.589s][info][gc,metaspace] GC(75) Metaspace: 154431K(199488K)->154431K(199488K) NonClass: 50936K(54080K)->50936K(54080K) Class: 103495K(145408K)->103495K(145408K)
[103.589s][info][gc          ] GC(75) Pause Full (System.gc()) 789M->789M(6144M) 588.128ms
[104.170s][info][gc,metaspace] GC(76) Metaspace: 154431K(199488K)->154431K(199488K) NonClass: 50936K(54080K)->50936K(54080K) Class: 103495K(145408K)->103495K(145408K)
[104.170s][info][gc          ] GC(76) Pause Full (System.gc()) 789M->789M(6144M) 580.835ms
[104.746s][info][gc,metaspace] GC(77) Metaspace: 154431K(199488K)->154431K(199488K) NonClass: 50936K(54080K)->50936K(54080K) Class: 103495K(145408K)->103495K(145408K)
[104.746s][info][gc          ] GC(77) Pause Full (System.gc()) 789M->789M(6144M) 571.639ms
[105.377s][info][gc,metaspace] GC(78) Metaspace: 154431K(199488K)->154431K(199488K) NonClass: 50936K(54080K)->50936K(54080K) Class: 103495K(145408K)->103495K(145408K)
[105.377s][info][gc          ] GC(78) Pause Full (System.gc()) 789M->789M(6144M) 630.766ms
[105.967s][info][gc,metaspace] GC(79) Metaspace: 154431K(199488K)->154431K(199488K) NonClass: 50936K(54080K)->50936K(54080K) Class: 103495K(145408K)->103495K(145408K)
[105.967s][info][gc          ] GC(79) Pause Full (System.gc()) 789M->789M(6144M) 590.441ms
[106.544s][info][gc,metaspace] GC(80) Metaspace: 154431K(199488K)->154431K(199488K) NonClass: 50936K(54080K)->50936K(54080K) Class: 103495K(145408K)->103495K(145408K)
[106.544s][info][gc          ] GC(80) Pause Full (System.gc()) 789M->789M(6144M) 576.826ms
[107.142s][info][gc,metaspace] GC(81) Metaspace: 154431K(199488K)->154431K(199488K) NonClass: 50936K(54080K)->50936K(54080K) Class: 103495K(145408K)->103495K(145408K)
[107.142s][info][gc          ] GC(81) Pause Full (System.gc()) 789M->789M(6144M) 597.987ms
[107.719s][info][gc,metaspace] GC(82) Metaspace: 154431K(199488K)->154431K(199488K) NonClass: 50936K(54080K)->50936K(54080K) Class: 103495K(145408K)->103495K(145408K)
[107.719s][info][gc          ] GC(82) Pause Full (System.gc()) 789M->789M(6144M) 577.047ms
[108.307s][info][gc,metaspace] GC(83) Metaspace: 154431K(199488K)->154431K(199488K) NonClass: 50936K(54080K)->50936K(54080K) Class: 103495K(145408K)->103495K(145408K)
[108.307s][info][gc          ] GC(83) Pause Full (System.gc()) 789M->789M(6144M) 587.247ms
[108.910s][info][gc,metaspace] GC(84) Metaspace: 154431K(199488K)->154431K(199488K) NonClass: 50936K(54080K)->50936K(54080K) Class: 103495K(145408K)->103495K(145408K)
[108.910s][info][gc          ] GC(84) Pause Full (System.gc()) 789M->789M(6144M) 603.068ms
[109.481s][info][gc,metaspace] GC(85) Metaspace: 154431K(199488K)->154431K(199488K) NonClass: 50936K(54080K)->50936K(54080K) Class: 103495K(145408K)->103495K(145408K)
[109.481s][info][gc          ] GC(85) Pause Full (System.gc()) 789M->789M(6144M) 570.948ms
[110.063s][info][gc,metaspace] GC(86) Metaspace: 154431K(199488K)->154431K(199488K) NonClass: 50936K(54080K)->50936K(54080K) Class: 103495K(145408K)->103495K(145408K)
[110.063s][info][gc          ] GC(86) Pause Full (System.gc()) 789M->789M(6144M) 577.472ms
[110.620s][info][gc,metaspace] GC(87) Metaspace: 154431K(199488K)->154431K(199488K) NonClass: 50936K(54080K)->50936K(54080K) Class: 103495K(145408K)->103495K(145408K)
[110.620s][info][gc          ] GC(87) Pause Full (System.gc()) 789M->789M(6144M) 556.729ms
[111.178s][info][gc,metaspace] GC(88) Metaspace: 154431K(199488K)->154431K(199488K) NonClass: 50936K(54080K)->50936K(54080K) Class: 103495K(145408K)->103495K(145408K)
[111.179s][info][gc          ] GC(88) Pause Full (System.gc()) 789M->789M(6144M) 558.748ms
[111.768s][info][gc,metaspace] GC(89) Metaspace: 154431K(199488K)->154431K(199488K) NonClass: 50936K(54080K)->50936K(54080K) Class: 103495K(145408K)->103495K(145408K)
[111.768s][info][gc          ] GC(89) Pause Full (System.gc()) 789M->789M(6144M) 589.238ms
[112.387s][info][gc,metaspace] GC(90) Metaspace: 154431K(199488K)->154431K(199488K) NonClass: 50936K(54080K)->50936K(54080K) Class: 103495K(145408K)->103495K(145408K)
[112.387s][info][gc          ] GC(90) Pause Full (System.gc()) 789M->789M(6144M) 618.790ms
[112.949s][info][gc,metaspace] GC(91) Metaspace: 154431K(199488K)->154431K(199488K) NonClass: 50936K(54080K)->50936K(54080K) Class: 103495K(145408K)->103495K(145408K)
[112.949s][info][gc          ] GC(91) Pause Full (System.gc()) 789M->789M(6144M) 562.544ms
[113.509s][info][gc,metaspace] GC(92) Metaspace: 154431K(199488K)->154431K(199488K) NonClass: 50936K(54080K)->50936K(54080K) Class: 103495K(145408K)->103495K(145408K)
[113.509s][info][gc          ] GC(92) Pause Full (System.gc()) 789M->789M(6144M) 560.045ms
[114.104s][info][gc,metaspace] GC(93) Metaspace: 154431K(199488K)->154431K(199488K) NonClass: 50936K(54080K)->50936K(54080K) Class: 103495K(145408K)->103495K(145408K)
[114.104s][info][gc          ] GC(93) Pause Full (System.gc()) 789M->789M(6144M) 594.122ms
[114.689s][info][gc,metaspace] GC(94) Metaspace: 154431K(199488K)->154431K(199488K) NonClass: 50936K(54080K)->50936K(54080K) Class: 103495K(145408K)->103495K(145408K)
[114.689s][info][gc          ] GC(94) Pause Full (System.gc()) 789M->789M(6144M) 585.332ms
[115.279s][info][gc,metaspace] GC(95) Metaspace: 154431K(199488K)->154431K(199488K) NonClass: 50936K(54080K)->50936K(54080K) Class: 103495K(145408K)->103495K(145408K)
[115.280s][info][gc          ] GC(95) Pause Full (System.gc()) 789M->789M(6144M) 590.320ms
[115.875s][info][gc,metaspace] GC(96) Metaspace: 154431K(199488K)->154431K(199488K) NonClass: 50936K(54080K)->50936K(54080K) Class: 103495K(145408K)->103495K(145408K)
[115.875s][info][gc          ] GC(96) Pause Full (System.gc()) 789M->789M(6144M) 595.663ms
[116.446s][info][gc,metaspace] GC(97) Metaspace: 154431K(199488K)->154431K(199488K) NonClass: 50936K(54080K)->50936K(54080K) Class: 103495K(145408K)->103495K(145408K)
[116.446s][info][gc          ] GC(97) Pause Full (System.gc()) 789M->789M(6144M) 570.966ms
[116.999s][info][gc,metaspace] GC(98) Metaspace: 154431K(199488K)->154431K(199488K) NonClass: 50936K(54080K)->50936K(54080K) Class: 103495K(145408K)->103495K(145408K)
[116.999s][info][gc          ] GC(98) Pause Full (System.gc()) 789M->789M(6144M) 552.340ms
[117.579s][info][gc,metaspace] GC(99) Metaspace: 154431K(199488K)->154431K(199488K) NonClass: 50936K(54080K)->50936K(54080K) Class: 103495K(145408K)->103495K(145408K)
[117.579s][info][gc          ] GC(99) Pause Full (System.gc()) 789M->789M(6144M) 580.070ms
[118.182s][info][gc,metaspace] GC(100) Metaspace: 154431K(199488K)->154431K(199488K) NonClass: 50936K(54080K)->50936K(54080K) Class: 103495K(145408K)->103495K(145408K)
[118.182s][info][gc          ] GC(100) Pause Full (System.gc()) 789M->789M(6144M) 602.750ms
[118.735s][info][gc,metaspace] GC(101) Metaspace: 154431K(199488K)->154431K(199488K) NonClass: 50936K(54080K)->50936K(54080K) Class: 103495K(145408K)->103495K(145408K)
[118.735s][info][gc          ] GC(101) Pause Full (System.gc()) 789M->789M(6144M) 553.233ms
[119.349s][info][gc,metaspace] GC(102) Metaspace: 154431K(199488K)->154431K(199488K) NonClass: 50936K(54080K)->50936K(54080K) Class: 103495K(145408K)->103495K(145408K)
[119.349s][info][gc          ] GC(102) Pause Full (System.gc()) 789M->789M(6144M) 613.614ms
[119.942s][info][gc,metaspace] GC(103) Metaspace: 154431K(199488K)->154431K(199488K) NonClass: 50936K(54080K)->50936K(54080K) Class: 103495K(145408K)->103495K(145408K)
[119.942s][info][gc          ] GC(103) Pause Full (System.gc()) 789M->789M(6144M) 592.841ms
[120.553s][info][gc,metaspace] GC(104) Metaspace: 154431K(199488K)->154431K(199488K) NonClass: 50936K(54080K)->50936K(54080K) Class: 103495K(145408K)->103495K(145408K)
[120.553s][info][gc          ] GC(104) Pause Full (System.gc()) 789M->789M(6144M) 611.424ms
[121.158s][info][gc,metaspace] GC(105) Metaspace: 154431K(199488K)->154431K(199488K) NonClass: 50936K(54080K)->50936K(54080K) Class: 103495K(145408K)->103495K(145408K)
[121.158s][info][gc          ] GC(105) Pause Full (System.gc()) 789M->789M(6144M) 604.766ms
[121.746s][info][gc,metaspace] GC(106) Metaspace: 154431K(199488K)->154431K(199488K) NonClass: 50936K(54080K)->50936K(54080K) Class: 103495K(145408K)->103495K(145408K)
[121.746s][info][gc          ] GC(106) Pause Full (System.gc()) 789M->789M(6144M) 587.627ms
[122.348s][info][gc,metaspace] GC(107) Metaspace: 154431K(199488K)->154431K(199488K) NonClass: 50936K(54080K)->50936K(54080K) Class: 103495K(145408K)->103495K(145408K)
[122.349s][info][gc          ] GC(107) Pause Full (System.gc()) 789M->789M(6144M) 602.645ms
[122.928s][info][gc,metaspace] GC(108) Metaspace: 154431K(199488K)->154431K(199488K) NonClass: 50936K(54080K)->50936K(54080K) Class: 103495K(145408K)->103495K(145408K)
[122.928s][info][gc          ] GC(108) Pause Full (System.gc()) 790M->789M(6144M) 579.307ms
[123.534s][info][gc,metaspace] GC(109) Metaspace: 154431K(199488K)->154431K(199488K) NonClass: 50936K(54080K)->50936K(54080K) Class: 103495K(145408K)->103495K(145408K)
[123.534s][info][gc          ] GC(109) Pause Full (System.gc()) 789M->789M(6144M) 605.536ms
[124.120s][info][gc,metaspace] GC(110) Metaspace: 154431K(199488K)->154431K(199488K) NonClass: 50936K(54080K)->50936K(54080K) Class: 103495K(145408K)->103495K(145408K)
[124.120s][info][gc          ] GC(110) Pause Full (System.gc()) 789M->789M(6144M) 586.262ms
[124.657s][info][gc,metaspace] GC(111) Metaspace: 154431K(199488K)->154431K(199488K) NonClass: 50936K(54080K)->50936K(54080K) Class: 103495K(145408K)->103495K(145408K)
[124.657s][info][gc          ] GC(111) Pause Full (System.gc()) 789M->789M(6144M) 537.008ms
[125.256s][info][gc,metaspace] GC(112) Metaspace: 154431K(199488K)->154431K(199488K) NonClass: 50936K(54080K)->50936K(54080K) Class: 103495K(145408K)->103495K(145408K)
[125.256s][info][gc          ] GC(112) Pause Full (System.gc()) 789M->789M(6144M) 598.804ms
[125.820s][info][gc,metaspace] GC(113) Metaspace: 154431K(199488K)->154431K(199488K) NonClass: 50936K(54080K)->50936K(54080K) Class: 103495K(145408K)->103495K(145408K)
[125.820s][info][gc          ] GC(113) Pause Full (System.gc()) 789M->789M(6144M) 564.209ms
After GCs... 
