Done; will start GCs... 
[75.142s][info][gc,metaspace] GC(20) Metaspace: 62644K(70016K)->62644K(70016K) NonClass: 46473K(49600K)->46473K(49600K) Class: 16170K(20416K)->16170K(20416K)
[75.142s][info][gc          ] GC(20) Pause Full (System.gc()) 808M->786M(5939M) 4639.898ms
[79.955s][info][gc,metaspace] GC(21) Metaspace: 62644K(70016K)->62644K(70016K) NonClass: 46473K(49600K)->46473K(49600K) Class: 16170K(20416K)->16170K(20416K)
[79.955s][info][gc          ] GC(21) Pause Full (System.gc()) 786M->785M(5939M) 4812.407ms
[83.507s][info][gc,metaspace] GC(22) Metaspace: 62644K(70016K)->62644K(70016K) NonClass: 46473K(49600K)->46473K(49600K) Class: 16170K(20416K)->16170K(20416K)
[83.507s][info][gc          ] GC(22) Pause Full (System.gc()) 785M->785M(5939M) 3551.575ms
[87.003s][info][gc,metaspace] GC(23) Metaspace: 62644K(70016K)->62644K(70016K) NonClass: 46473K(49600K)->46473K(49600K) Class: 16170K(20416K)->16170K(20416K)
[87.003s][info][gc          ] GC(23) Pause Full (System.gc()) 785M->785M(5939M) 3496.061ms
[90.551s][info][gc,metaspace] GC(24) Metaspace: 62644K(70016K)->62644K(70016K) NonClass: 46473K(49600K)->46473K(49600K) Class: 16170K(20416K)->16170K(20416K)
[90.551s][info][gc          ] GC(24) Pause Full (System.gc()) 785M->785M(5939M) 3547.942ms
[94.048s][info][gc,metaspace] GC(25) Metaspace: 62644K(70016K)->62644K(70016K) NonClass: 46473K(49600K)->46473K(49600K) Class: 16170K(20416K)->16170K(20416K)
[94.048s][info][gc          ] GC(25) Pause Full (System.gc()) 785M->785M(5939M) 3496.350ms
[97.596s][info][gc,metaspace] GC(26) Metaspace: 62644K(70016K)->62644K(70016K) NonClass: 46473K(49600K)->46473K(49600K) Class: 16170K(20416K)->16170K(20416K)
[97.596s][info][gc          ] GC(26) Pause Full (System.gc()) 785M->785M(5939M) 3548.002ms
[101.098s][info][gc,metaspace] GC(27) Metaspace: 62644K(70016K)->62644K(70016K) NonClass: 46473K(49600K)->46473K(49600K) Class: 16170K(20416K)->16170K(20416K)
[101.098s][info][gc          ] GC(27) Pause Full (System.gc()) 785M->785M(5939M) 3502.149ms
[104.646s][info][gc,metaspace] GC(28) Metaspace: 62644K(70016K)->62644K(70016K) NonClass: 46473K(49600K)->46473K(49600K) Class: 16170K(20416K)->16170K(20416K)
[104.646s][info][gc          ] GC(28) Pause Full (System.gc()) 785M->785M(5939M) 3547.495ms
[108.143s][info][gc,metaspace] GC(29) Metaspace: 62644K(70016K)->62644K(70016K) NonClass: 46473K(49600K)->46473K(49600K) Class: 16170K(20416K)->16170K(20416K)
[108.143s][info][gc          ] GC(29) Pause Full (System.gc()) 785M->785M(5939M) 3496.873ms
[111.691s][info][gc,metaspace] GC(30) Metaspace: 62644K(70016K)->62644K(70016K) NonClass: 46473K(49600K)->46473K(49600K) Class: 16170K(20416K)->16170K(20416K)
[111.691s][info][gc          ] GC(30) Pause Full (System.gc()) 785M->785M(5939M) 3547.455ms
[115.189s][info][gc,metaspace] GC(31) Metaspace: 62644K(70016K)->62644K(70016K) NonClass: 46473K(49600K)->46473K(49600K) Class: 16170K(20416K)->16170K(20416K)
[115.189s][info][gc          ] GC(31) Pause Full (System.gc()) 785M->785M(5939M) 3497.723ms
[118.740s][info][gc,metaspace] GC(32) Metaspace: 62644K(70016K)->62644K(70016K) NonClass: 46473K(49600K)->46473K(49600K) Class: 16170K(20416K)->16170K(20416K)
[118.740s][info][gc          ] GC(32) Pause Full (System.gc()) 785M->785M(5939M) 3551.290ms
[122.237s][info][gc,metaspace] GC(33) Metaspace: 62644K(70016K)->62644K(70016K) NonClass: 46473K(49600K)->46473K(49600K) Class: 16170K(20416K)->16170K(20416K)
[122.237s][info][gc          ] GC(33) Pause Full (System.gc()) 785M->785M(5939M) 3496.951ms
[126.181s][info][gc,metaspace] GC(34) Metaspace: 62644K(70016K)->62644K(70016K) NonClass: 46473K(49600K)->46473K(49600K) Class: 16170K(20416K)->16170K(20416K)
[126.181s][info][gc          ] GC(34) Pause Full (System.gc()) 785M->785M(5939M) 3944.031ms
[130.129s][info][gc,metaspace] GC(35) Metaspace: 62644K(70016K)->62644K(70016K) NonClass: 46473K(49600K)->46473K(49600K) Class: 16170K(20416K)->16170K(20416K)
[130.129s][info][gc          ] GC(35) Pause Full (System.gc()) 785M->785M(5939M) 3947.114ms
[134.076s][info][gc,metaspace] GC(36) Metaspace: 62644K(70016K)->62644K(70016K) NonClass: 46473K(49600K)->46473K(49600K) Class: 16170K(20416K)->16170K(20416K)
[134.076s][info][gc          ] GC(36) Pause Full (System.gc()) 796M->785M(5939M) 3947.122ms
[138.304s][info][gc,metaspace] GC(37) Metaspace: 62644K(70016K)->62644K(70016K) NonClass: 46473K(49600K)->46473K(49600K) Class: 16170K(20416K)->16170K(20416K)
[138.304s][info][gc          ] GC(37) Pause Full (System.gc()) 785M->785M(5939M) 4227.614ms
[142.248s][info][gc,metaspace] GC(38) Metaspace: 62644K(70016K)->62644K(70016K) NonClass: 46473K(49600K)->46473K(49600K) Class: 16170K(20416K)->16170K(20416K)
[142.248s][info][gc          ] GC(38) Pause Full (System.gc()) 785M->785M(5939M) 3943.924ms
[146.192s][info][gc,metaspace] GC(39) Metaspace: 62644K(70016K)->62644K(70016K) NonClass: 46473K(49600K)->46473K(49600K) Class: 16170K(20416K)->16170K(20416K)
[146.192s][info][gc          ] GC(39) Pause Full (System.gc()) 785M->785M(5939M) 3944.081ms
[150.140s][info][gc,metaspace] GC(40) Metaspace: 62644K(70016K)->62644K(70016K) NonClass: 46473K(49600K)->46473K(49600K) Class: 16170K(20416K)->16170K(20416K)
[150.140s][info][gc          ] GC(40) Pause Full (System.gc()) 785M->785M(5939M) 3947.606ms
[153.688s][info][gc,metaspace] GC(41) Metaspace: 62644K(70016K)->62644K(70016K) NonClass: 46473K(49600K)->46473K(49600K) Class: 16170K(20416K)->16170K(20416K)
[153.688s][info][gc          ] GC(41) Pause Full (System.gc()) 785M->785M(5939M) 3547.935ms
[157.191s][info][gc,metaspace] GC(42) Metaspace: 62644K(70016K)->62644K(70016K) NonClass: 46473K(49600K)->46473K(49600K) Class: 16170K(20416K)->16170K(20416K)
[157.191s][info][gc          ] GC(42) Pause Full (System.gc()) 785M->785M(5939M) 3502.542ms
[160.740s][info][gc,metaspace] GC(43) Metaspace: 62644K(70016K)->62644K(70016K) NonClass: 46473K(49600K)->46473K(49600K) Class: 16170K(20416K)->16170K(20416K)
[160.740s][info][gc          ] GC(43) Pause Full (System.gc()) 785M->785M(5939M) 3548.249ms
[164.236s][info][gc,metaspace] GC(44) Metaspace: 62644K(70016K)->62644K(70016K) NonClass: 46473K(49600K)->46473K(49600K) Class: 16170K(20416K)->16170K(20416K)
[164.236s][info][gc          ] GC(44) Pause Full (System.gc()) 785M->785M(5939M) 3496.405ms
[167.784s][info][gc,metaspace] GC(45) Metaspace: 62644K(70016K)->62644K(70016K) NonClass: 46473K(49600K)->46473K(49600K) Class: 16170K(20416K)->16170K(20416K)
[167.784s][info][gc          ] GC(45) Pause Full (System.gc()) 785M->785M(5939M) 3547.421ms
[171.282s][info][gc,metaspace] GC(46) Metaspace: 62644K(70016K)->62644K(70016K) NonClass: 46473K(49600K)->46473K(49600K) Class: 16170K(20416K)->16170K(20416K)
[171.282s][info][gc          ] GC(46) Pause Full (System.gc()) 785M->785M(5939M) 3498.267ms
[174.835s][info][gc,metaspace] GC(47) Metaspace: 62644K(70016K)->62644K(70016K) NonClass: 46473K(49600K)->46473K(49600K) Class: 16170K(20416K)->16170K(20416K)
[174.835s][info][gc          ] GC(47) Pause Full (System.gc()) 785M->785M(5939M) 3552.089ms
[178.333s][info][gc,metaspace] GC(48) Metaspace: 62644K(70016K)->62644K(70016K) NonClass: 46473K(49600K)->46473K(49600K) Class: 16170K(20416K)->16170K(20416K)
[178.333s][info][gc          ] GC(48) Pause Full (System.gc()) 785M->785M(5939M) 3497.980ms
[181.881s][info][gc,metaspace] GC(49) Metaspace: 62644K(70016K)->62644K(70016K) NonClass: 46473K(49600K)->46473K(49600K) Class: 16170K(20416K)->16170K(20416K)
[181.881s][info][gc          ] GC(49) Pause Full (System.gc()) 785M->785M(5939M) 3547.930ms
[185.428s][info][gc,metaspace] GC(50) Metaspace: 62644K(70016K)->62644K(70016K) NonClass: 46473K(49600K)->46473K(49600K) Class: 16170K(20416K)->16170K(20416K)
[185.428s][info][gc          ] GC(50) Pause Full (System.gc()) 785M->785M(5939M) 3547.471ms
[189.165s][info][gc,metaspace] GC(51) Metaspace: 62644K(70016K)->62644K(70016K) NonClass: 46473K(49600K)->46473K(49600K) Class: 16170K(20416K)->16170K(20416K)
[189.165s][info][gc          ] GC(51) Pause Full (System.gc()) 785M->785M(5939M) 3736.148ms
[192.717s][info][gc,metaspace] GC(52) Metaspace: 62644K(70016K)->62644K(70016K) NonClass: 46473K(49600K)->46473K(49600K) Class: 16170K(20416K)->16170K(20416K)
[192.717s][info][gc          ] GC(52) Pause Full (System.gc()) 785M->785M(5939M) 3551.788ms
[196.215s][info][gc,metaspace] GC(53) Metaspace: 62644K(70016K)->62644K(70016K) NonClass: 46473K(49600K)->46473K(49600K) Class: 16170K(20416K)->16170K(20416K)
[196.215s][info][gc          ] GC(53) Pause Full (System.gc()) 796M->785M(5939M) 3497.997ms
[199.763s][info][gc,metaspace] GC(54) Metaspace: 62644K(70016K)->62644K(70016K) NonClass: 46473K(49600K)->46473K(49600K) Class: 16170K(20416K)->16170K(20416K)
[199.763s][info][gc          ] GC(54) Pause Full (System.gc()) 785M->785M(5939M) 3547.851ms
[203.262s][info][gc,metaspace] GC(55) Metaspace: 62644K(70016K)->62644K(70016K) NonClass: 46473K(49600K)->46473K(49600K) Class: 16170K(20416K)->16170K(20416K)
[203.262s][info][gc          ] GC(55) Pause Full (System.gc()) 785M->785M(5939M) 3498.416ms
[206.809s][info][gc,metaspace] GC(56) Metaspace: 62644K(70016K)->62644K(70016K) NonClass: 46473K(49600K)->46473K(49600K) Class: 16170K(20416K)->16170K(20416K)
[206.809s][info][gc          ] GC(56) Pause Full (System.gc()) 785M->785M(5939M) 3546.965ms
[210.311s][info][gc,metaspace] GC(57) Metaspace: 62644K(70016K)->62644K(70016K) NonClass: 46473K(49600K)->46473K(49600K) Class: 16170K(20416K)->16170K(20416K)
[210.311s][info][gc          ] GC(57) Pause Full (System.gc()) 785M->785M(5939M) 3502.075ms
[213.859s][info][gc,metaspace] GC(58) Metaspace: 62644K(70016K)->62644K(70016K) NonClass: 46473K(49600K)->46473K(49600K) Class: 16170K(20416K)->16170K(20416K)
[213.859s][info][gc          ] GC(58) Pause Full (System.gc()) 785M->785M(5939M) 3547.511ms
[217.407s][info][gc,metaspace] GC(59) Metaspace: 62644K(70016K)->62644K(70016K) NonClass: 46473K(49600K)->46473K(49600K) Class: 16170K(20416K)->16170K(20416K)
[217.407s][info][gc          ] GC(59) Pause Full (System.gc()) 785M->785M(5939M) 3547.777ms
[221.148s][info][gc,metaspace] GC(60) Metaspace: 62644K(70016K)->62644K(70016K) NonClass: 46473K(49600K)->46473K(49600K) Class: 16170K(20416K)->16170K(20416K)
[221.149s][info][gc          ] GC(60) Pause Full (System.gc()) 785M->785M(5939M) 3741.592ms
[224.696s][info][gc,metaspace] GC(61) Metaspace: 62644K(70016K)->62644K(70016K) NonClass: 46473K(49600K)->46473K(49600K) Class: 16170K(20416K)->16170K(20416K)
[224.696s][info][gc          ] GC(61) Pause Full (System.gc()) 785M->785M(5939M) 3547.564ms
[228.199s][info][gc,metaspace] GC(62) Metaspace: 62644K(70016K)->62644K(70016K) NonClass: 46473K(49600K)->46473K(49600K) Class: 16170K(20416K)->16170K(20416K)
[228.199s][info][gc          ] GC(62) Pause Full (System.gc()) 785M->785M(5939M) 3502.862ms
[231.747s][info][gc,metaspace] GC(63) Metaspace: 62644K(70016K)->62644K(70016K) NonClass: 46473K(49600K)->46473K(49600K) Class: 16170K(20416K)->16170K(20416K)
[231.747s][info][gc          ] GC(63) Pause Full (System.gc()) 785M->785M(5939M) 3547.649ms
[235.246s][info][gc,metaspace] GC(64) Metaspace: 62644K(70016K)->62644K(70016K) NonClass: 46473K(49600K)->46473K(49600K) Class: 16170K(20416K)->16170K(20416K)
[235.246s][info][gc          ] GC(64) Pause Full (System.gc()) 785M->785M(5939M) 3498.371ms
[238.794s][info][gc,metaspace] GC(65) Metaspace: 62644K(70016K)->62644K(70016K) NonClass: 46473K(49600K)->46473K(49600K) Class: 16170K(20416K)->16170K(20416K)
[238.794s][info][gc          ] GC(65) Pause Full (System.gc()) 785M->785M(5939M) 3547.873ms
[242.293s][info][gc,metaspace] GC(66) Metaspace: 62644K(70016K)->62644K(70016K) NonClass: 46473K(49600K)->46473K(49600K) Class: 16170K(20416K)->16170K(20416K)
[242.293s][info][gc          ] GC(66) Pause Full (System.gc()) 785M->785M(5939M) 3498.902ms
[245.846s][info][gc,metaspace] GC(67) Metaspace: 62644K(70016K)->62644K(70016K) NonClass: 46473K(49600K)->46473K(49600K) Class: 16170K(20416K)->16170K(20416K)
[245.846s][info][gc          ] GC(67) Pause Full (System.gc()) 785M->785M(5939M) 3552.890ms
[249.394s][info][gc,metaspace] GC(68) Metaspace: 62644K(70016K)->62644K(70016K) NonClass: 46473K(49600K)->46473K(49600K) Class: 16170K(20416K)->16170K(20416K)
[249.394s][info][gc          ] GC(68) Pause Full (System.gc()) 785M->785M(5939M) 3547.506ms
[253.288s][info][gc,metaspace] GC(69) Metaspace: 62644K(70016K)->62644K(70016K) NonClass: 46473K(49600K)->46473K(49600K) Class: 16170K(20416K)->16170K(20416K)
[253.288s][info][gc          ] GC(69) Pause Full (System.gc()) 785M->785M(5939M) 3894.149ms
[256.836s][info][gc,metaspace] GC(70) Metaspace: 62644K(70016K)->62644K(70016K) NonClass: 46473K(49600K)->46473K(49600K) Class: 16170K(20416K)->16170K(20416K)
[256.836s][info][gc          ] GC(70) Pause Full (System.gc()) 796M->785M(5939M) 3547.789ms
[260.334s][info][gc,metaspace] GC(71) Metaspace: 62644K(70016K)->62644K(70016K) NonClass: 46473K(49600K)->46473K(49600K) Class: 16170K(20416K)->16170K(20416K)
[260.334s][info][gc          ] GC(71) Pause Full (System.gc()) 785M->785M(5939M) 3497.312ms
[263.886s][info][gc,metaspace] GC(72) Metaspace: 62644K(70016K)->62644K(70016K) NonClass: 46473K(49600K)->46473K(49600K) Class: 16170K(20416K)->16170K(20416K)
[263.886s][info][gc          ] GC(72) Pause Full (System.gc()) 785M->785M(5939M) 3552.083ms
[267.434s][info][gc,metaspace] GC(73) Metaspace: 62644K(70016K)->62644K(70016K) NonClass: 46473K(49600K)->46473K(49600K) Class: 16170K(20416K)->16170K(20416K)
[267.434s][info][gc          ] GC(73) Pause Full (System.gc()) 785M->785M(5939M) 3547.755ms
[271.169s][info][gc,metaspace] GC(74) Metaspace: 62644K(70016K)->62644K(70016K) NonClass: 46473K(49600K)->46473K(49600K) Class: 16170K(20416K)->16170K(20416K)
[271.169s][info][gc          ] GC(74) Pause Full (System.gc()) 785M->785M(5939M) 3734.993ms
[274.717s][info][gc,metaspace] GC(75) Metaspace: 62644K(70016K)->62644K(70016K) NonClass: 46473K(49600K)->46473K(49600K) Class: 16170K(20416K)->16170K(20416K)
[274.717s][info][gc          ] GC(75) Pause Full (System.gc()) 785M->785M(5939M) 3547.497ms
[278.215s][info][gc,metaspace] GC(76) Metaspace: 62644K(70016K)->62644K(70016K) NonClass: 46473K(49600K)->46473K(49600K) Class: 16170K(20416K)->16170K(20416K)
[278.215s][info][gc          ] GC(76) Pause Full (System.gc()) 785M->785M(5939M) 3498.092ms
[281.767s][info][gc,metaspace] GC(77) Metaspace: 62644K(70016K)->62644K(70016K) NonClass: 46473K(49600K)->46473K(49600K) Class: 16170K(20416K)->16170K(20416K)
[281.767s][info][gc          ] GC(77) Pause Full (System.gc()) 785M->785M(5939M) 3551.800ms
[285.265s][info][gc,metaspace] GC(78) Metaspace: 62644K(70016K)->62644K(70016K) NonClass: 46473K(49600K)->46473K(49600K) Class: 16170K(20416K)->16170K(20416K)
[285.265s][info][gc          ] GC(78) Pause Full (System.gc()) 785M->785M(5939M) 3497.923ms
[288.813s][info][gc,metaspace] GC(79) Metaspace: 62644K(70016K)->62644K(70016K) NonClass: 46473K(49600K)->46473K(49600K) Class: 16170K(20416K)->16170K(20416K)
[288.813s][info][gc          ] GC(79) Pause Full (System.gc()) 785M->785M(5939M) 3547.363ms
[292.310s][info][gc,metaspace] GC(80) Metaspace: 62644K(70016K)->62644K(70016K) NonClass: 46473K(49600K)->46473K(49600K) Class: 16170K(20416K)->16170K(20416K)
[292.310s][info][gc          ] GC(80) Pause Full (System.gc()) 785M->785M(5939M) 3497.665ms
[295.858s][info][gc,metaspace] GC(81) Metaspace: 62644K(70016K)->62644K(70016K) NonClass: 46473K(49600K)->46473K(49600K) Class: 16170K(20416K)->16170K(20416K)
[295.858s][info][gc          ] GC(81) Pause Full (System.gc()) 785M->785M(5939M) 3547.350ms
[299.410s][info][gc,metaspace] GC(82) Metaspace: 62644K(70016K)->62644K(70016K) NonClass: 46473K(49600K)->46473K(49600K) Class: 16170K(20416K)->16170K(20416K)
[299.410s][info][gc          ] GC(82) Pause Full (System.gc()) 785M->785M(5939M) 3552.213ms
[303.152s][info][gc,metaspace] GC(83) Metaspace: 62644K(70016K)->62644K(70016K) NonClass: 46473K(49600K)->46473K(49600K) Class: 16170K(20416K)->16170K(20416K)
[303.152s][info][gc          ] GC(83) Pause Full (System.gc()) 785M->785M(5939M) 3741.157ms
[306.699s][info][gc,metaspace] GC(84) Metaspace: 62644K(70016K)->62644K(70016K) NonClass: 46473K(49600K)->46473K(49600K) Class: 16170K(20416K)->16170K(20416K)
[306.699s][info][gc          ] GC(84) Pause Full (System.gc()) 785M->785M(5939M) 3546.708ms
[310.199s][info][gc,metaspace] GC(85) Metaspace: 62644K(70016K)->62644K(70016K) NonClass: 46473K(49600K)->46473K(49600K) Class: 16170K(20416K)->16170K(20416K)
[310.199s][info][gc          ] GC(85) Pause Full (System.gc()) 785M->785M(5939M) 3500.406ms
[313.751s][info][gc,metaspace] GC(86) Metaspace: 62644K(70016K)->62644K(70016K) NonClass: 46473K(49600K)->46473K(49600K) Class: 16170K(20416K)->16170K(20416K)
[313.751s][info][gc          ] GC(86) Pause Full (System.gc()) 785M->785M(5939M) 3551.530ms
[317.250s][info][gc,metaspace] GC(87) Metaspace: 62644K(70016K)->62644K(70016K) NonClass: 46473K(49600K)->46473K(49600K) Class: 16170K(20416K)->16170K(20416K)
[317.250s][info][gc          ] GC(87) Pause Full (System.gc()) 785M->785M(5939M) 3499.035ms
[320.799s][info][gc,metaspace] GC(88) Metaspace: 62644K(70016K)->62644K(70016K) NonClass: 46473K(49600K)->46473K(49600K) Class: 16170K(20416K)->16170K(20416K)
[320.799s][info][gc          ] GC(88) Pause Full (System.gc()) 796M->785M(5939M) 3548.534ms
[324.297s][info][gc,metaspace] GC(89) Metaspace: 62644K(70016K)->62644K(70016K) NonClass: 46473K(49600K)->46473K(49600K) Class: 16170K(20416K)->16170K(20416K)
[324.298s][info][gc          ] GC(89) Pause Full (System.gc()) 785M->785M(5939M) 3498.293ms
[327.846s][info][gc,metaspace] GC(90) Metaspace: 62644K(70016K)->62644K(70016K) NonClass: 46473K(49600K)->46473K(49600K) Class: 16170K(20416K)->16170K(20416K)
[327.846s][info][gc          ] GC(90) Pause Full (System.gc()) 785M->785M(5939M) 3547.938ms
[331.395s][info][gc,metaspace] GC(91) Metaspace: 62644K(70016K)->62644K(70016K) NonClass: 46473K(49600K)->46473K(49600K) Class: 16170K(20416K)->16170K(20416K)
[331.395s][info][gc          ] GC(91) Pause Full (System.gc()) 785M->785M(5939M) 3548.874ms
[335.290s][info][gc,metaspace] GC(92) Metaspace: 62644K(70016K)->62644K(70016K) NonClass: 46473K(49600K)->46473K(49600K) Class: 16170K(20416K)->16170K(20416K)
[335.290s][info][gc          ] GC(92) Pause Full (System.gc()) 785M->785M(5939M) 3894.825ms
[338.838s][info][gc,metaspace] GC(93) Metaspace: 62644K(70016K)->62644K(70016K) NonClass: 46473K(49600K)->46473K(49600K) Class: 16170K(20416K)->16170K(20416K)
[338.838s][info][gc          ] GC(93) Pause Full (System.gc()) 785M->785M(5939M) 3548.369ms
[342.335s][info][gc,metaspace] GC(94) Metaspace: 62644K(70016K)->62644K(70016K) NonClass: 46473K(49600K)->46473K(49600K) Class: 16170K(20416K)->16170K(20416K)
[342.335s][info][gc          ] GC(94) Pause Full (System.gc()) 785M->785M(5939M) 3496.585ms
[345.884s][info][gc,metaspace] GC(95) Metaspace: 62644K(70016K)->62644K(70016K) NonClass: 46473K(49600K)->46473K(49600K) Class: 16170K(20416K)->16170K(20416K)
[345.884s][info][gc          ] GC(95) Pause Full (System.gc()) 785M->785M(5939M) 3548.546ms
[349.435s][info][gc,metaspace] GC(96) Metaspace: 62644K(70016K)->62644K(70016K) NonClass: 46473K(49600K)->46473K(49600K) Class: 16170K(20416K)->16170K(20416K)
[349.435s][info][gc          ] GC(96) Pause Full (System.gc()) 785M->785M(5939M) 3550.765ms
[353.170s][info][gc,metaspace] GC(97) Metaspace: 62644K(70016K)->62644K(70016K) NonClass: 46473K(49600K)->46473K(49600K) Class: 16170K(20416K)->16170K(20416K)
[353.171s][info][gc          ] GC(97) Pause Full (System.gc()) 785M->785M(5939M) 3735.486ms
[356.719s][info][gc,metaspace] GC(98) Metaspace: 62644K(70016K)->62644K(70016K) NonClass: 46473K(49600K)->46473K(49600K) Class: 16170K(20416K)->16170K(20416K)
[356.719s][info][gc          ] GC(98) Pause Full (System.gc()) 785M->785M(5939M) 3548.734ms
[360.216s][info][gc,metaspace] GC(99) Metaspace: 62644K(70016K)->62644K(70016K) NonClass: 46473K(49600K)->46473K(49600K) Class: 16170K(20416K)->16170K(20416K)
[360.216s][info][gc          ] GC(99) Pause Full (System.gc()) 785M->785M(5939M) 3496.719ms
[363.764s][info][gc,metaspace] GC(100) Metaspace: 62644K(70016K)->62644K(70016K) NonClass: 46473K(49600K)->46473K(49600K) Class: 16170K(20416K)->16170K(20416K)
[363.765s][info][gc          ] GC(100) Pause Full (System.gc()) 785M->785M(5939M) 3548.019ms
[367.263s][info][gc,metaspace] GC(101) Metaspace: 62644K(70016K)->62644K(70016K) NonClass: 46473K(49600K)->46473K(49600K) Class: 16170K(20416K)->16170K(20416K)
[367.263s][info][gc          ] GC(101) Pause Full (System.gc()) 785M->785M(5939M) 3498.406ms
[370.815s][info][gc,metaspace] GC(102) Metaspace: 62644K(70016K)->62644K(70016K) NonClass: 46473K(49600K)->46473K(49600K) Class: 16170K(20416K)->16170K(20416K)
[370.815s][info][gc          ] GC(102) Pause Full (System.gc()) 785M->785M(5939M) 3551.910ms
[374.314s][info][gc,metaspace] GC(103) Metaspace: 62644K(70016K)->62644K(70016K) NonClass: 46473K(49600K)->46473K(49600K) Class: 16170K(20416K)->16170K(20416K)
[374.314s][info][gc          ] GC(103) Pause Full (System.gc()) 785M->785M(5939M) 3498.256ms
[377.862s][info][gc,metaspace] GC(104) Metaspace: 62644K(70016K)->62644K(70016K) NonClass: 46473K(49600K)->46473K(49600K) Class: 16170K(20416K)->16170K(20416K)
[377.862s][info][gc          ] GC(104) Pause Full (System.gc()) 785M->785M(5939M) 3547.879ms
[381.411s][info][gc,metaspace] GC(105) Metaspace: 62644K(70016K)->62644K(70016K) NonClass: 46473K(49600K)->46473K(49600K) Class: 16170K(20416K)->16170K(20416K)
[381.411s][info][gc          ] GC(105) Pause Full (System.gc()) 785M->785M(5939M) 3549.017ms
[385.152s][info][gc,metaspace] GC(106) Metaspace: 62644K(70016K)->62644K(70016K) NonClass: 46473K(49600K)->46473K(49600K) Class: 16170K(20416K)->16170K(20416K)
[385.152s][info][gc          ] GC(106) Pause Full (System.gc()) 796M->785M(5939M) 3740.637ms
[388.704s][info][gc,metaspace] GC(107) Metaspace: 62644K(70016K)->62644K(70016K) NonClass: 46473K(49600K)->46473K(49600K) Class: 16170K(20416K)->16170K(20416K)
[388.704s][info][gc          ] GC(107) Pause Full (System.gc()) 785M->785M(5939M) 3551.605ms
[392.202s][info][gc,metaspace] GC(108) Metaspace: 62644K(70016K)->62644K(70016K) NonClass: 46473K(49600K)->46473K(49600K) Class: 16170K(20416K)->16170K(20416K)
[392.202s][info][gc          ] GC(108) Pause Full (System.gc()) 785M->785M(5939M) 3497.999ms
[396.151s][info][gc,metaspace] GC(109) Metaspace: 62644K(70016K)->62644K(70016K) NonClass: 46473K(49600K)->46473K(49600K) Class: 16170K(20416K)->16170K(20416K)
[396.151s][info][gc          ] GC(109) Pause Full (System.gc()) 785M->785M(5939M) 3949.016ms
[399.679s][info][gc,metaspace] GC(110) Metaspace: 62644K(70016K)->62644K(70016K) NonClass: 46473K(49600K)->46473K(49600K) Class: 16170K(20416K)->16170K(20416K)
[399.679s][info][gc          ] GC(110) Pause Full (System.gc()) 785M->785M(5939M) 3527.425ms
[403.157s][info][gc,metaspace] GC(111) Metaspace: 62644K(70016K)->62644K(70016K) NonClass: 46473K(49600K)->46473K(49600K) Class: 16170K(20416K)->16170K(20416K)
[403.157s][info][gc          ] GC(111) Pause Full (System.gc()) 785M->785M(5939M) 3477.889ms
[407.086s][info][gc,metaspace] GC(112) Metaspace: 62644K(70016K)->62644K(70016K) NonClass: 46473K(49600K)->46473K(49600K) Class: 16170K(20416K)->16170K(20416K)
[407.086s][info][gc          ] GC(112) Pause Full (System.gc()) 785M->785M(5939M) 3929.142ms
[410.614s][info][gc,metaspace] GC(113) Metaspace: 62644K(70016K)->62644K(70016K) NonClass: 46473K(49600K)->46473K(49600K) Class: 16170K(20416K)->16170K(20416K)
[410.614s][info][gc          ] GC(113) Pause Full (System.gc()) 785M->785M(5939M) 3527.947ms
[414.093s][info][gc,metaspace] GC(114) Metaspace: 62644K(70016K)->62644K(70016K) NonClass: 46473K(49600K)->46473K(49600K) Class: 16170K(20416K)->16170K(20416K)
[414.093s][info][gc          ] GC(114) Pause Full (System.gc()) 785M->785M(5939M) 3478.009ms
[417.621s][info][gc,metaspace] GC(115) Metaspace: 62644K(70016K)->62644K(70016K) NonClass: 46473K(49600K)->46473K(49600K) Class: 16170K(20416K)->16170K(20416K)
[417.621s][info][gc          ] GC(115) Pause Full (System.gc()) 785M->785M(5939M) 3528.312ms
[421.099s][info][gc,metaspace] GC(116) Metaspace: 62644K(70016K)->62644K(70016K) NonClass: 46473K(49600K)->46473K(49600K) Class: 16170K(20416K)->16170K(20416K)
[421.100s][info][gc          ] GC(116) Pause Full (System.gc()) 785M->785M(5939M) 3478.247ms
[424.631s][info][gc,metaspace] GC(117) Metaspace: 62644K(70016K)->62644K(70016K) NonClass: 46473K(49600K)->46473K(49600K) Class: 16170K(20416K)->16170K(20416K)
[424.631s][info][gc          ] GC(117) Pause Full (System.gc()) 785M->785M(5939M) 3531.129ms
[428.110s][info][gc,metaspace] GC(118) Metaspace: 62644K(70016K)->62644K(70016K) NonClass: 46473K(49600K)->46473K(49600K) Class: 16170K(20416K)->16170K(20416K)
[428.110s][info][gc          ] GC(118) Pause Full (System.gc()) 785M->785M(5939M) 3478.744ms
[431.638s][info][gc,metaspace] GC(119) Metaspace: 62644K(70016K)->62644K(70016K) NonClass: 46473K(49600K)->46473K(49600K) Class: 16170K(20416K)->16170K(20416K)
[431.638s][info][gc          ] GC(119) Pause Full (System.gc()) 785M->785M(5939M) 3527.922ms
After GCs... 
