Done; will start GCs... 
[75.571s][info][gc,metaspace] GC(20) Metaspace: 57483K(60480K)->57483K(60480K) NonClass: 57483K(60480K)->57483K(60480K) Class: 0K(0K)->0K(0K)
[75.571s][info][gc          ] GC(20) Pause Full (System.gc()) 812M->786M(5939M) 4706.553ms
[80.687s][info][gc,metaspace] GC(21) Metaspace: 57483K(60480K)->57483K(60480K) NonClass: 57483K(60480K)->57483K(60480K) Class: 0K(0K)->0K(0K)
[80.687s][info][gc          ] GC(21) Pause Full (System.gc()) 786M->785M(5939M) 5115.769ms
[84.601s][info][gc,metaspace] GC(22) Metaspace: 57483K(60480K)->57483K(60480K) NonClass: 57483K(60480K)->57483K(60480K) Class: 0K(0K)->0K(0K)
[84.601s][info][gc          ] GC(22) Pause Full (System.gc()) 785M->785M(5939M) 3913.906ms
[88.509s][info][gc,metaspace] GC(23) Metaspace: 57483K(60480K)->57483K(60480K) NonClass: 57483K(60480K)->57483K(60480K) Class: 0K(0K)->0K(0K)
[88.509s][info][gc          ] GC(23) Pause Full (System.gc()) 785M->785M(5939M) 3907.713ms
[92.417s][info][gc,metaspace] GC(24) Metaspace: 57483K(60480K)->57483K(60480K) NonClass: 57483K(60480K)->57483K(60480K) Class: 0K(0K)->0K(0K)
[92.417s][info][gc          ] GC(24) Pause Full (System.gc()) 785M->785M(5939M) 3907.496ms
[96.322s][info][gc,metaspace] GC(25) Metaspace: 57483K(60480K)->57483K(60480K) NonClass: 57483K(60480K)->57483K(60480K) Class: 0K(0K)->0K(0K)
[96.322s][info][gc          ] GC(25) Pause Full (System.gc()) 785M->785M(5939M) 3905.520ms
[100.232s][info][gc,metaspace] GC(26) Metaspace: 57483K(60480K)->57483K(60480K) NonClass: 57483K(60480K)->57483K(60480K) Class: 0K(0K)->0K(0K)
[100.233s][info][gc          ] GC(26) Pause Full (System.gc()) 785M->785M(5939M) 3909.725ms
[104.138s][info][gc,metaspace] GC(27) Metaspace: 57483K(60480K)->57483K(60480K) NonClass: 57483K(60480K)->57483K(60480K) Class: 0K(0K)->0K(0K)
[104.138s][info][gc          ] GC(27) Pause Full (System.gc()) 785M->785M(5939M) 3905.067ms
[108.045s][info][gc,metaspace] GC(28) Metaspace: 57483K(60480K)->57483K(60480K) NonClass: 57483K(60480K)->57483K(60480K) Class: 0K(0K)->0K(0K)
[108.045s][info][gc          ] GC(28) Pause Full (System.gc()) 785M->785M(5939M) 3906.857ms
[112.695s][info][gc,metaspace] GC(29) Metaspace: 57483K(60480K)->57483K(60480K) NonClass: 57483K(60480K)->57483K(60480K) Class: 0K(0K)->0K(0K)
[112.695s][info][gc          ] GC(29) Pause Full (System.gc()) 785M->785M(5939M) 4649.765ms
[116.604s][info][gc,metaspace] GC(30) Metaspace: 57483K(60480K)->57483K(60480K) NonClass: 57483K(60480K)->57483K(60480K) Class: 0K(0K)->0K(0K)
[116.604s][info][gc          ] GC(30) Pause Full (System.gc()) 785M->785M(5939M) 3908.558ms
[120.515s][info][gc,metaspace] GC(31) Metaspace: 57483K(60480K)->57483K(60480K) NonClass: 57483K(60480K)->57483K(60480K) Class: 0K(0K)->0K(0K)
[120.515s][info][gc          ] GC(31) Pause Full (System.gc()) 785M->785M(5939M) 3911.617ms
[124.425s][info][gc,metaspace] GC(32) Metaspace: 57483K(60480K)->57483K(60480K) NonClass: 57483K(60480K)->57483K(60480K) Class: 0K(0K)->0K(0K)
[124.425s][info][gc          ] GC(32) Pause Full (System.gc()) 785M->785M(5939M) 3909.005ms
[128.332s][info][gc,metaspace] GC(33) Metaspace: 57483K(60480K)->57483K(60480K) NonClass: 57483K(60480K)->57483K(60480K) Class: 0K(0K)->0K(0K)
[128.333s][info][gc          ] GC(33) Pause Full (System.gc()) 785M->785M(5939M) 3907.679ms
[132.238s][info][gc,metaspace] GC(34) Metaspace: 57483K(60480K)->57483K(60480K) NonClass: 57483K(60480K)->57483K(60480K) Class: 0K(0K)->0K(0K)
[132.238s][info][gc          ] GC(34) Pause Full (System.gc()) 785M->785M(5939M) 3904.845ms
[136.151s][info][gc,metaspace] GC(35) Metaspace: 57483K(60480K)->57483K(60480K) NonClass: 57483K(60480K)->57483K(60480K) Class: 0K(0K)->0K(0K)
[136.151s][info][gc          ] GC(35) Pause Full (System.gc()) 796M->785M(5939M) 3913.348ms
[140.062s][info][gc,metaspace] GC(36) Metaspace: 57483K(60480K)->57483K(60480K) NonClass: 57483K(60480K)->57483K(60480K) Class: 0K(0K)->0K(0K)
[140.062s][info][gc          ] GC(36) Pause Full (System.gc()) 785M->785M(5939M) 3910.402ms
[144.958s][info][gc,metaspace] GC(37) Metaspace: 57483K(60480K)->57483K(60480K) NonClass: 57483K(60480K)->57483K(60480K) Class: 0K(0K)->0K(0K)
[144.958s][info][gc          ] GC(37) Pause Full (System.gc()) 785M->785M(5939M) 4895.576ms
[148.865s][info][gc,metaspace] GC(38) Metaspace: 57483K(60480K)->57483K(60480K) NonClass: 57483K(60480K)->57483K(60480K) Class: 0K(0K)->0K(0K)
[148.865s][info][gc          ] GC(38) Pause Full (System.gc()) 785M->785M(5939M) 3907.305ms
[152.773s][info][gc,metaspace] GC(39) Metaspace: 57483K(60480K)->57483K(60480K) NonClass: 57483K(60480K)->57483K(60480K) Class: 0K(0K)->0K(0K)
[152.773s][info][gc          ] GC(39) Pause Full (System.gc()) 785M->785M(5939M) 3907.833ms
[156.688s][info][gc,metaspace] GC(40) Metaspace: 57483K(60480K)->57483K(60480K) NonClass: 57483K(60480K)->57483K(60480K) Class: 0K(0K)->0K(0K)
[156.688s][info][gc          ] GC(40) Pause Full (System.gc()) 785M->785M(5939M) 3914.058ms
[160.594s][info][gc,metaspace] GC(41) Metaspace: 57483K(60480K)->57483K(60480K) NonClass: 57483K(60480K)->57483K(60480K) Class: 0K(0K)->0K(0K)
[160.594s][info][gc          ] GC(41) Pause Full (System.gc()) 785M->785M(5939M) 3906.652ms
[164.501s][info][gc,metaspace] GC(42) Metaspace: 57483K(60480K)->57483K(60480K) NonClass: 57483K(60480K)->57483K(60480K) Class: 0K(0K)->0K(0K)
[164.501s][info][gc          ] GC(42) Pause Full (System.gc()) 785M->785M(5939M) 3906.628ms
[168.408s][info][gc,metaspace] GC(43) Metaspace: 57483K(60480K)->57483K(60480K) NonClass: 57483K(60480K)->57483K(60480K) Class: 0K(0K)->0K(0K)
[168.408s][info][gc          ] GC(43) Pause Full (System.gc()) 785M->785M(5939M) 3906.558ms
[172.322s][info][gc,metaspace] GC(44) Metaspace: 57483K(60480K)->57483K(60480K) NonClass: 57483K(60480K)->57483K(60480K) Class: 0K(0K)->0K(0K)
[172.322s][info][gc          ] GC(44) Pause Full (System.gc()) 785M->785M(5939M) 3913.247ms
[176.229s][info][gc,metaspace] GC(45) Metaspace: 57483K(60480K)->57483K(60480K) NonClass: 57483K(60480K)->57483K(60480K) Class: 0K(0K)->0K(0K)
[176.229s][info][gc          ] GC(45) Pause Full (System.gc()) 785M->785M(5939M) 3907.716ms
[180.137s][info][gc,metaspace] GC(46) Metaspace: 57483K(60480K)->57483K(60480K) NonClass: 57483K(60480K)->57483K(60480K) Class: 0K(0K)->0K(0K)
[180.137s][info][gc          ] GC(46) Pause Full (System.gc()) 785M->785M(5939M) 3906.923ms
[184.048s][info][gc,metaspace] GC(47) Metaspace: 57483K(60480K)->57483K(60480K) NonClass: 57483K(60480K)->57483K(60480K) Class: 0K(0K)->0K(0K)
[184.048s][info][gc          ] GC(47) Pause Full (System.gc()) 785M->785M(5939M) 3911.264ms
[188.699s][info][gc,metaspace] GC(48) Metaspace: 57483K(60480K)->57483K(60480K) NonClass: 57483K(60480K)->57483K(60480K) Class: 0K(0K)->0K(0K)
[188.699s][info][gc          ] GC(48) Pause Full (System.gc()) 785M->785M(5939M) 4650.543ms
[192.610s][info][gc,metaspace] GC(49) Metaspace: 57483K(60480K)->57483K(60480K) NonClass: 57483K(60480K)->57483K(60480K) Class: 0K(0K)->0K(0K)
[192.610s][info][gc          ] GC(49) Pause Full (System.gc()) 785M->785M(5939M) 3911.488ms
[196.519s][info][gc,metaspace] GC(50) Metaspace: 57483K(60480K)->57483K(60480K) NonClass: 57483K(60480K)->57483K(60480K) Class: 0K(0K)->0K(0K)
[196.519s][info][gc          ] GC(50) Pause Full (System.gc()) 785M->785M(5939M) 3908.405ms
[200.426s][info][gc,metaspace] GC(51) Metaspace: 57483K(60480K)->57483K(60480K) NonClass: 57483K(60480K)->57483K(60480K) Class: 0K(0K)->0K(0K)
[200.426s][info][gc          ] GC(51) Pause Full (System.gc()) 796M->785M(5939M) 3906.528ms
[204.335s][info][gc,metaspace] GC(52) Metaspace: 57483K(60480K)->57483K(60480K) NonClass: 57483K(60480K)->57483K(60480K) Class: 0K(0K)->0K(0K)
[204.335s][info][gc          ] GC(52) Pause Full (System.gc()) 785M->785M(5939M) 3908.750ms
[208.246s][info][gc,metaspace] GC(53) Metaspace: 57483K(60480K)->57483K(60480K) NonClass: 57483K(60480K)->57483K(60480K) Class: 0K(0K)->0K(0K)
[208.246s][info][gc          ] GC(53) Pause Full (System.gc()) 785M->785M(5939M) 3911.441ms
[212.154s][info][gc,metaspace] GC(54) Metaspace: 57483K(60480K)->57483K(60480K) NonClass: 57483K(60480K)->57483K(60480K) Class: 0K(0K)->0K(0K)
[212.155s][info][gc          ] GC(54) Pause Full (System.gc()) 785M->785M(5939M) 3907.824ms
[216.062s][info][gc,metaspace] GC(55) Metaspace: 57483K(60480K)->57483K(60480K) NonClass: 57483K(60480K)->57483K(60480K) Class: 0K(0K)->0K(0K)
[216.062s][info][gc          ] GC(55) Pause Full (System.gc()) 785M->785M(5939M) 3907.576ms
[220.709s][info][gc,metaspace] GC(56) Metaspace: 57483K(60480K)->57483K(60480K) NonClass: 57483K(60480K)->57483K(60480K) Class: 0K(0K)->0K(0K)
[220.709s][info][gc          ] GC(56) Pause Full (System.gc()) 785M->785M(5939M) 4646.846ms
[224.623s][info][gc,metaspace] GC(57) Metaspace: 57483K(60480K)->57483K(60480K) NonClass: 57483K(60480K)->57483K(60480K) Class: 0K(0K)->0K(0K)
[224.623s][info][gc          ] GC(57) Pause Full (System.gc()) 785M->785M(5939M) 3913.667ms
[228.532s][info][gc,metaspace] GC(58) Metaspace: 57483K(60480K)->57483K(60480K) NonClass: 57483K(60480K)->57483K(60480K) Class: 0K(0K)->0K(0K)
[228.532s][info][gc          ] GC(58) Pause Full (System.gc()) 785M->785M(5939M) 3908.538ms
[232.441s][info][gc,metaspace] GC(59) Metaspace: 57483K(60480K)->57483K(60480K) NonClass: 57483K(60480K)->57483K(60480K) Class: 0K(0K)->0K(0K)
[232.442s][info][gc          ] GC(59) Pause Full (System.gc()) 785M->785M(5939M) 3909.531ms
[236.353s][info][gc,metaspace] GC(60) Metaspace: 57483K(60480K)->57483K(60480K) NonClass: 57483K(60480K)->57483K(60480K) Class: 0K(0K)->0K(0K)
[236.353s][info][gc          ] GC(60) Pause Full (System.gc()) 785M->785M(5939M) 3910.752ms
[240.260s][info][gc,metaspace] GC(61) Metaspace: 57483K(60480K)->57483K(60480K) NonClass: 57483K(60480K)->57483K(60480K) Class: 0K(0K)->0K(0K)
[240.260s][info][gc          ] GC(61) Pause Full (System.gc()) 785M->785M(5939M) 3907.761ms
[244.173s][info][gc,metaspace] GC(62) Metaspace: 57483K(60480K)->57483K(60480K) NonClass: 57483K(60480K)->57483K(60480K) Class: 0K(0K)->0K(0K)
[244.173s][info][gc          ] GC(62) Pause Full (System.gc()) 785M->785M(5939M) 3912.701ms
[248.081s][info][gc,metaspace] GC(63) Metaspace: 57483K(60480K)->57483K(60480K) NonClass: 57483K(60480K)->57483K(60480K) Class: 0K(0K)->0K(0K)
[248.081s][info][gc          ] GC(63) Pause Full (System.gc()) 785M->785M(5939M) 3906.957ms
[251.939s][info][gc,metaspace] GC(64) Metaspace: 57483K(60480K)->57483K(60480K) NonClass: 57483K(60480K)->57483K(60480K) Class: 0K(0K)->0K(0K)
[251.939s][info][gc          ] GC(64) Pause Full (System.gc()) 785M->785M(5939M) 3857.774ms
[255.848s][info][gc,metaspace] GC(65) Metaspace: 57483K(60480K)->57483K(60480K) NonClass: 57483K(60480K)->57483K(60480K) Class: 0K(0K)->0K(0K)
[255.848s][info][gc          ] GC(65) Pause Full (System.gc()) 785M->785M(5939M) 3908.913ms
[259.761s][info][gc,metaspace] GC(66) Metaspace: 57483K(60480K)->57483K(60480K) NonClass: 57483K(60480K)->57483K(60480K) Class: 0K(0K)->0K(0K)
[259.761s][info][gc          ] GC(66) Pause Full (System.gc()) 785M->785M(5939M) 3913.527ms
[263.669s][info][gc,metaspace] GC(67) Metaspace: 57483K(60480K)->57483K(60480K) NonClass: 57483K(60480K)->57483K(60480K) Class: 0K(0K)->0K(0K)
[263.669s][info][gc          ] GC(67) Pause Full (System.gc()) 796M->785M(5939M) 3907.448ms
[267.578s][info][gc,metaspace] GC(68) Metaspace: 57483K(60480K)->57483K(60480K) NonClass: 57483K(60480K)->57483K(60480K) Class: 0K(0K)->0K(0K)
[267.578s][info][gc          ] GC(68) Pause Full (System.gc()) 785M->785M(5939M) 3908.478ms
[271.486s][info][gc,metaspace] GC(69) Metaspace: 57483K(60480K)->57483K(60480K) NonClass: 57483K(60480K)->57483K(60480K) Class: 0K(0K)->0K(0K)
[271.486s][info][gc          ] GC(69) Pause Full (System.gc()) 785M->785M(5939M) 3908.142ms
[275.393s][info][gc,metaspace] GC(70) Metaspace: 57483K(60480K)->57483K(60480K) NonClass: 57483K(60480K)->57483K(60480K) Class: 0K(0K)->0K(0K)
[275.393s][info][gc          ] GC(70) Pause Full (System.gc()) 785M->785M(5939M) 3906.544ms
[279.307s][info][gc,metaspace] GC(71) Metaspace: 57483K(60480K)->57483K(60480K) NonClass: 57483K(60480K)->57483K(60480K) Class: 0K(0K)->0K(0K)
[279.307s][info][gc          ] GC(71) Pause Full (System.gc()) 785M->785M(5939M) 3914.372ms
[283.217s][info][gc,metaspace] GC(72) Metaspace: 57483K(60480K)->57483K(60480K) NonClass: 57483K(60480K)->57483K(60480K) Class: 0K(0K)->0K(0K)
[283.217s][info][gc          ] GC(72) Pause Full (System.gc()) 785M->785M(5939M) 3909.011ms
[287.125s][info][gc,metaspace] GC(73) Metaspace: 57483K(60480K)->57483K(60480K) NonClass: 57483K(60480K)->57483K(60480K) Class: 0K(0K)->0K(0K)
[287.125s][info][gc          ] GC(73) Pause Full (System.gc()) 785M->785M(5939M) 3908.617ms
[291.034s][info][gc,metaspace] GC(74) Metaspace: 57483K(60480K)->57483K(60480K) NonClass: 57483K(60480K)->57483K(60480K) Class: 0K(0K)->0K(0K)
[291.034s][info][gc          ] GC(74) Pause Full (System.gc()) 785M->785M(5939M) 3908.318ms
[294.892s][info][gc,metaspace] GC(75) Metaspace: 57483K(60480K)->57483K(60480K) NonClass: 57483K(60480K)->57483K(60480K) Class: 0K(0K)->0K(0K)
[294.892s][info][gc          ] GC(75) Pause Full (System.gc()) 785M->785M(5939M) 3858.165ms
[298.805s][info][gc,metaspace] GC(76) Metaspace: 57483K(60480K)->57483K(60480K) NonClass: 57483K(60480K)->57483K(60480K) Class: 0K(0K)->0K(0K)
[298.805s][info][gc          ] GC(76) Pause Full (System.gc()) 785M->785M(5939M) 3912.656ms
[302.713s][info][gc,metaspace] GC(77) Metaspace: 57483K(60480K)->57483K(60480K) NonClass: 57483K(60480K)->57483K(60480K) Class: 0K(0K)->0K(0K)
[302.713s][info][gc          ] GC(77) Pause Full (System.gc()) 785M->785M(5939M) 3907.698ms
[306.621s][info][gc,metaspace] GC(78) Metaspace: 57483K(60480K)->57483K(60480K) NonClass: 57483K(60480K)->57483K(60480K) Class: 0K(0K)->0K(0K)
[306.621s][info][gc          ] GC(78) Pause Full (System.gc()) 785M->785M(5939M) 3908.266ms
[310.528s][info][gc,metaspace] GC(79) Metaspace: 57483K(60480K)->57483K(60480K) NonClass: 57483K(60480K)->57483K(60480K) Class: 0K(0K)->0K(0K)
[310.528s][info][gc          ] GC(79) Pause Full (System.gc()) 785M->785M(5939M) 3906.508ms
[314.443s][info][gc,metaspace] GC(80) Metaspace: 57483K(60480K)->57483K(60480K) NonClass: 57483K(60480K)->57483K(60480K) Class: 0K(0K)->0K(0K)
[314.443s][info][gc          ] GC(80) Pause Full (System.gc()) 785M->785M(5939M) 3914.196ms
[318.351s][info][gc,metaspace] GC(81) Metaspace: 57483K(60480K)->57483K(60480K) NonClass: 57483K(60480K)->57483K(60480K) Class: 0K(0K)->0K(0K)
[318.351s][info][gc          ] GC(81) Pause Full (System.gc()) 785M->785M(5939M) 3908.093ms
[322.259s][info][gc,metaspace] GC(82) Metaspace: 57483K(60480K)->57483K(60480K) NonClass: 57483K(60480K)->57483K(60480K) Class: 0K(0K)->0K(0K)
[322.259s][info][gc          ] GC(82) Pause Full (System.gc()) 785M->785M(5939M) 3908.218ms
[326.167s][info][gc,metaspace] GC(83) Metaspace: 57483K(60480K)->57483K(60480K) NonClass: 57483K(60480K)->57483K(60480K) Class: 0K(0K)->0K(0K)
[326.168s][info][gc          ] GC(83) Pause Full (System.gc()) 796M->785M(5939M) 3908.006ms
[330.075s][info][gc,metaspace] GC(84) Metaspace: 57483K(60480K)->57483K(60480K) NonClass: 57483K(60480K)->57483K(60480K) Class: 0K(0K)->0K(0K)
[330.075s][info][gc          ] GC(84) Pause Full (System.gc()) 785M->785M(5939M) 3907.362ms
[333.938s][info][gc,metaspace] GC(85) Metaspace: 57483K(60480K)->57483K(60480K) NonClass: 57483K(60480K)->57483K(60480K) Class: 0K(0K)->0K(0K)
[333.938s][info][gc          ] GC(85) Pause Full (System.gc()) 785M->785M(5939M) 3863.165ms
[337.846s][info][gc,metaspace] GC(86) Metaspace: 57483K(60480K)->57483K(60480K) NonClass: 57483K(60480K)->57483K(60480K) Class: 0K(0K)->0K(0K)
[337.846s][info][gc          ] GC(86) Pause Full (System.gc()) 785M->785M(5939M) 3907.564ms
[341.754s][info][gc,metaspace] GC(87) Metaspace: 57483K(60480K)->57483K(60480K) NonClass: 57483K(60480K)->57483K(60480K) Class: 0K(0K)->0K(0K)
[341.754s][info][gc          ] GC(87) Pause Full (System.gc()) 785M->785M(5939M) 3907.443ms
[345.661s][info][gc,metaspace] GC(88) Metaspace: 57483K(60480K)->57483K(60480K) NonClass: 57483K(60480K)->57483K(60480K) Class: 0K(0K)->0K(0K)
[345.661s][info][gc          ] GC(88) Pause Full (System.gc()) 785M->785M(5939M) 3906.922ms
[349.577s][info][gc,metaspace] GC(89) Metaspace: 57483K(60480K)->57483K(60480K) NonClass: 57483K(60480K)->57483K(60480K) Class: 0K(0K)->0K(0K)
[349.577s][info][gc          ] GC(89) Pause Full (System.gc()) 785M->785M(5939M) 3915.744ms
[353.484s][info][gc,metaspace] GC(90) Metaspace: 57483K(60480K)->57483K(60480K) NonClass: 57483K(60480K)->57483K(60480K) Class: 0K(0K)->0K(0K)
[353.484s][info][gc          ] GC(90) Pause Full (System.gc()) 785M->785M(5939M) 3907.313ms
[357.394s][info][gc,metaspace] GC(91) Metaspace: 57483K(60480K)->57483K(60480K) NonClass: 57483K(60480K)->57483K(60480K) Class: 0K(0K)->0K(0K)
[357.395s][info][gc          ] GC(91) Pause Full (System.gc()) 785M->785M(5939M) 3910.007ms
[361.304s][info][gc,metaspace] GC(92) Metaspace: 57483K(60480K)->57483K(60480K) NonClass: 57483K(60480K)->57483K(60480K) Class: 0K(0K)->0K(0K)
[361.305s][info][gc          ] GC(92) Pause Full (System.gc()) 785M->785M(5939M) 3909.713ms
[365.212s][info][gc,metaspace] GC(93) Metaspace: 57483K(60480K)->57483K(60480K) NonClass: 57483K(60480K)->57483K(60480K) Class: 0K(0K)->0K(0K)
[365.212s][info][gc          ] GC(93) Pause Full (System.gc()) 785M->785M(5939M) 3907.457ms
[369.125s][info][gc,metaspace] GC(94) Metaspace: 57483K(60480K)->57483K(60480K) NonClass: 57483K(60480K)->57483K(60480K) Class: 0K(0K)->0K(0K)
[369.125s][info][gc          ] GC(94) Pause Full (System.gc()) 785M->785M(5939M) 3912.181ms
[373.033s][info][gc,metaspace] GC(95) Metaspace: 57483K(60480K)->57483K(60480K) NonClass: 57483K(60480K)->57483K(60480K) Class: 0K(0K)->0K(0K)
[373.033s][info][gc          ] GC(95) Pause Full (System.gc()) 785M->785M(5939M) 3908.332ms
[376.890s][info][gc,metaspace] GC(96) Metaspace: 57483K(60480K)->57483K(60480K) NonClass: 57483K(60480K)->57483K(60480K) Class: 0K(0K)->0K(0K)
[376.890s][info][gc          ] GC(96) Pause Full (System.gc()) 785M->785M(5939M) 3856.331ms
[380.796s][info][gc,metaspace] GC(97) Metaspace: 57483K(60480K)->57483K(60480K) NonClass: 57483K(60480K)->57483K(60480K) Class: 0K(0K)->0K(0K)
[380.796s][info][gc          ] GC(97) Pause Full (System.gc()) 785M->785M(5939M) 3906.465ms
[384.712s][info][gc,metaspace] GC(98) Metaspace: 57483K(60480K)->57483K(60480K) NonClass: 57483K(60480K)->57483K(60480K) Class: 0K(0K)->0K(0K)
[384.712s][info][gc          ] GC(98) Pause Full (System.gc()) 785M->785M(5939M) 3915.278ms
[388.620s][info][gc,metaspace] GC(99) Metaspace: 57483K(60480K)->57483K(60480K) NonClass: 57483K(60480K)->57483K(60480K) Class: 0K(0K)->0K(0K)
[388.620s][info][gc          ] GC(99) Pause Full (System.gc()) 796M->785M(5939M) 3907.504ms
[392.529s][info][gc,metaspace] GC(100) Metaspace: 57483K(60480K)->57483K(60480K) NonClass: 57483K(60480K)->57483K(60480K) Class: 0K(0K)->0K(0K)
[392.529s][info][gc          ] GC(100) Pause Full (System.gc()) 785M->785M(5939M) 3908.738ms
[396.438s][info][gc,metaspace] GC(101) Metaspace: 57483K(60480K)->57483K(60480K) NonClass: 57483K(60480K)->57483K(60480K) Class: 0K(0K)->0K(0K)
[396.438s][info][gc          ] GC(101) Pause Full (System.gc()) 785M->785M(5939M) 3909.362ms
[400.347s][info][gc,metaspace] GC(102) Metaspace: 57483K(60480K)->57483K(60480K) NonClass: 57483K(60480K)->57483K(60480K) Class: 0K(0K)->0K(0K)
[400.347s][info][gc          ] GC(102) Pause Full (System.gc()) 785M->785M(5939M) 3908.655ms
[404.261s][info][gc,metaspace] GC(103) Metaspace: 57483K(60480K)->57483K(60480K) NonClass: 57483K(60480K)->57483K(60480K) Class: 0K(0K)->0K(0K)
[404.261s][info][gc          ] GC(103) Pause Full (System.gc()) 785M->785M(5939M) 3914.000ms
[408.170s][info][gc,metaspace] GC(104) Metaspace: 57483K(60480K)->57483K(60480K) NonClass: 57483K(60480K)->57483K(60480K) Class: 0K(0K)->0K(0K)
[408.170s][info][gc          ] GC(104) Pause Full (System.gc()) 785M->785M(5939M) 3908.211ms
[412.077s][info][gc,metaspace] GC(105) Metaspace: 57483K(60480K)->57483K(60480K) NonClass: 57483K(60480K)->57483K(60480K) Class: 0K(0K)->0K(0K)
[412.077s][info][gc          ] GC(105) Pause Full (System.gc()) 785M->785M(5939M) 3907.275ms
[415.934s][info][gc,metaspace] GC(106) Metaspace: 57483K(60480K)->57483K(60480K) NonClass: 57483K(60480K)->57483K(60480K) Class: 0K(0K)->0K(0K)
[415.934s][info][gc          ] GC(106) Pause Full (System.gc()) 785M->785M(5939M) 3856.539ms
[419.848s][info][gc,metaspace] GC(107) Metaspace: 57483K(60480K)->57483K(60480K) NonClass: 57483K(60480K)->57483K(60480K) Class: 0K(0K)->0K(0K)
[419.848s][info][gc          ] GC(107) Pause Full (System.gc()) 785M->785M(5939M) 3914.148ms
[423.756s][info][gc,metaspace] GC(108) Metaspace: 57483K(60480K)->57483K(60480K) NonClass: 57483K(60480K)->57483K(60480K) Class: 0K(0K)->0K(0K)
[423.756s][info][gc          ] GC(108) Pause Full (System.gc()) 785M->785M(5939M) 3908.138ms
[427.665s][info][gc,metaspace] GC(109) Metaspace: 57483K(60480K)->57483K(60480K) NonClass: 57483K(60480K)->57483K(60480K) Class: 0K(0K)->0K(0K)
[427.665s][info][gc          ] GC(109) Pause Full (System.gc()) 785M->785M(5939M) 3908.826ms
[431.574s][info][gc,metaspace] GC(110) Metaspace: 57483K(60480K)->57483K(60480K) NonClass: 57483K(60480K)->57483K(60480K) Class: 0K(0K)->0K(0K)
[431.574s][info][gc          ] GC(110) Pause Full (System.gc()) 785M->785M(5939M) 3908.127ms
[435.481s][info][gc,metaspace] GC(111) Metaspace: 57483K(60480K)->57483K(60480K) NonClass: 57483K(60480K)->57483K(60480K) Class: 0K(0K)->0K(0K)
[435.481s][info][gc          ] GC(111) Pause Full (System.gc()) 785M->785M(5939M) 3906.922ms
[439.394s][info][gc,metaspace] GC(112) Metaspace: 57483K(60480K)->57483K(60480K) NonClass: 57483K(60480K)->57483K(60480K) Class: 0K(0K)->0K(0K)
[439.394s][info][gc          ] GC(112) Pause Full (System.gc()) 785M->785M(5939M) 3913.336ms
[443.302s][info][gc,metaspace] GC(113) Metaspace: 57483K(60480K)->57483K(60480K) NonClass: 57483K(60480K)->57483K(60480K) Class: 0K(0K)->0K(0K)
[443.302s][info][gc          ] GC(113) Pause Full (System.gc()) 785M->785M(5939M) 3907.495ms
[447.209s][info][gc,metaspace] GC(114) Metaspace: 57483K(60480K)->57483K(60480K) NonClass: 57483K(60480K)->57483K(60480K) Class: 0K(0K)->0K(0K)
[447.209s][info][gc          ] GC(114) Pause Full (System.gc()) 785M->785M(5939M) 3907.119ms
[451.117s][info][gc,metaspace] GC(115) Metaspace: 57483K(60480K)->57483K(60480K) NonClass: 57483K(60480K)->57483K(60480K) Class: 0K(0K)->0K(0K)
[451.117s][info][gc          ] GC(115) Pause Full (System.gc()) 796M->785M(5939M) 3906.977ms
[454.978s][info][gc,metaspace] GC(116) Metaspace: 57483K(60480K)->57483K(60480K) NonClass: 57483K(60480K)->57483K(60480K) Class: 0K(0K)->0K(0K)
[454.978s][info][gc          ] GC(116) Pause Full (System.gc()) 785M->785M(5939M) 3861.171ms
[458.889s][info][gc,metaspace] GC(117) Metaspace: 57483K(60480K)->57483K(60480K) NonClass: 57483K(60480K)->57483K(60480K) Class: 0K(0K)->0K(0K)
[458.889s][info][gc          ] GC(117) Pause Full (System.gc()) 785M->785M(5939M) 3911.142ms
[462.798s][info][gc,metaspace] GC(118) Metaspace: 57483K(60480K)->57483K(60480K) NonClass: 57483K(60480K)->57483K(60480K) Class: 0K(0K)->0K(0K)
[462.798s][info][gc          ] GC(118) Pause Full (System.gc()) 785M->785M(5939M) 3908.008ms
[466.706s][info][gc,metaspace] GC(119) Metaspace: 57483K(60480K)->57483K(60480K) NonClass: 57483K(60480K)->57483K(60480K) Class: 0K(0K)->0K(0K)
[466.706s][info][gc          ] GC(119) Pause Full (System.gc()) 785M->785M(5939M) 3908.158ms
After GCs... 
