Done; will start GCs... 
[115.666s][info][gc,metaspace] GC(14) Metaspace: 43070K(46656K)->43070K(46656K) NonClass: 36467K(38016K)->36467K(38016K) Class: 6602K(8640K)->6602K(8640K)
[115.666s][info][gc          ] GC(14) Pause Full (System.gc()) 236M->171M(4088M) 1485.878ms
[116.886s][info][gc,metaspace] GC(15) Metaspace: 43070K(46656K)->43070K(46656K) NonClass: 36467K(38016K)->36467K(38016K) Class: 6602K(8640K)->6602K(8640K)
[116.886s][info][gc          ] GC(15) Pause Full (System.gc()) 171M->171M(4088M) 1215.936ms
[118.098s][info][gc,metaspace] GC(16) Metaspace: 43070K(46656K)->43070K(46656K) NonClass: 36467K(38016K)->36467K(38016K) Class: 6602K(8640K)->6602K(8640K)
[118.098s][info][gc          ] GC(16) Pause Full (System.gc()) 171M->171M(4088M) 1208.448ms
[119.302s][info][gc,metaspace] GC(17) Metaspace: 43070K(46656K)->43070K(46656K) NonClass: 36467K(38016K)->36467K(38016K) Class: 6602K(8640K)->6602K(8640K)
[119.302s][info][gc          ] GC(17) Pause Full (System.gc()) 171M->171M(4088M) 1200.663ms
[121.542s][info][gc,metaspace] GC(18) Metaspace: 43070K(46656K)->43070K(46656K) NonClass: 36467K(38016K)->36467K(38016K) Class: 6602K(8640K)->6602K(8640K)
[121.543s][info][gc          ] GC(18) Pause Full (System.gc()) 171M->171M(4088M) 2236.843ms
[122.894s][info][gc,metaspace] GC(19) Metaspace: 43070K(46656K)->43070K(46656K) NonClass: 36467K(38016K)->36467K(38016K) Class: 6602K(8640K)->6602K(8640K)
[122.894s][info][gc          ] GC(19) Pause Full (System.gc()) 171M->171M(4088M) 1348.266ms
[124.087s][info][gc,metaspace] GC(20) Metaspace: 43070K(46656K)->43070K(46656K) NonClass: 36467K(38016K)->36467K(38016K) Class: 6602K(8640K)->6602K(8640K)
[124.087s][info][gc          ] GC(20) Pause Full (System.gc()) 171M->171M(4088M) 1188.818ms
[126.420s][info][gc,metaspace] GC(21) Metaspace: 43070K(46656K)->43070K(46656K) NonClass: 36467K(38016K)->36467K(38016K) Class: 6602K(8640K)->6602K(8640K)
[126.420s][info][gc          ] GC(21) Pause Full (System.gc()) 171M->171M(4088M) 2332.932ms
[127.741s][info][gc,metaspace] GC(22) Metaspace: 43070K(46656K)->43070K(46656K) NonClass: 36467K(38016K)->36467K(38016K) Class: 6602K(8640K)->6602K(8640K)
[127.741s][info][gc          ] GC(22) Pause Full (System.gc()) 171M->171M(4088M) 1318.960ms
[128.929s][info][gc,metaspace] GC(23) Metaspace: 43070K(46656K)->43070K(46656K) NonClass: 36467K(38016K)->36467K(38016K) Class: 6602K(8640K)->6602K(8640K)
[128.929s][info][gc          ] GC(23) Pause Full (System.gc()) 171M->171M(4088M) 1186.462ms
[130.151s][info][gc,metaspace] GC(24) Metaspace: 43070K(46656K)->43070K(46656K) NonClass: 36467K(38016K)->36467K(38016K) Class: 6602K(8640K)->6602K(8640K)
[130.151s][info][gc          ] GC(24) Pause Full (System.gc()) 171M->171M(4088M) 1221.721ms
[131.354s][info][gc,metaspace] GC(25) Metaspace: 43071K(46656K)->43071K(46656K) NonClass: 36468K(38016K)->36468K(38016K) Class: 6602K(8640K)->6602K(8640K)
[131.354s][info][gc          ] GC(25) Pause Full (System.gc()) 171M->171M(4088M) 1200.711ms
[132.562s][info][gc,metaspace] GC(26) Metaspace: 43071K(46656K)->43071K(46656K) NonClass: 36468K(38016K)->36468K(38016K) Class: 6602K(8640K)->6602K(8640K)
[132.562s][info][gc          ] GC(26) Pause Full (System.gc()) 171M->171M(4088M) 1202.783ms
[133.769s][info][gc,metaspace] GC(27) Metaspace: 43071K(46656K)->43071K(46656K) NonClass: 36468K(38016K)->36468K(38016K) Class: 6602K(8640K)->6602K(8640K)
[133.769s][info][gc          ] GC(27) Pause Full (System.gc()) 171M->171M(4088M) 1206.397ms
[134.960s][info][gc,metaspace] GC(28) Metaspace: 43071K(46656K)->43071K(46656K) NonClass: 36468K(38016K)->36468K(38016K) Class: 6602K(8640K)->6602K(8640K)
[134.960s][info][gc          ] GC(28) Pause Full (System.gc()) 171M->171M(4088M) 1190.509ms
[136.387s][info][gc,metaspace] GC(29) Metaspace: 43071K(46656K)->43071K(46656K) NonClass: 36468K(38016K)->36468K(38016K) Class: 6602K(8640K)->6602K(8640K)
[136.388s][info][gc          ] GC(29) Pause Full (System.gc()) 171M->171M(4088M) 1425.758ms
[138.564s][info][gc,metaspace] GC(30) Metaspace: 43071K(46656K)->43071K(46656K) NonClass: 36468K(38016K)->36468K(38016K) Class: 6602K(8640K)->6602K(8640K)
[138.564s][info][gc          ] GC(30) Pause Full (System.gc()) 171M->171M(4088M) 2175.874ms
[140.592s][info][gc,metaspace] GC(31) Metaspace: 43071K(46656K)->43071K(46656K) NonClass: 36468K(38016K)->36468K(38016K) Class: 6602K(8640K)->6602K(8640K)
[140.592s][info][gc          ] GC(31) Pause Full (System.gc()) 176M->171M(4088M) 2027.495ms
[142.430s][info][gc,metaspace] GC(32) Metaspace: 43071K(46656K)->43071K(46656K) NonClass: 36468K(38016K)->36468K(38016K) Class: 6602K(8640K)->6602K(8640K)
[142.430s][info][gc          ] GC(32) Pause Full (System.gc()) 171M->171M(4088M) 1836.841ms
[143.607s][info][gc,metaspace] GC(33) Metaspace: 43071K(46656K)->43071K(46656K) NonClass: 36468K(38016K)->36468K(38016K) Class: 6602K(8640K)->6602K(8640K)
[143.607s][info][gc          ] GC(33) Pause Full (System.gc()) 171M->171M(4088M) 1177.108ms
[144.825s][info][gc,metaspace] GC(34) Metaspace: 43071K(46656K)->43071K(46656K) NonClass: 36468K(38016K)->36468K(38016K) Class: 6602K(8640K)->6602K(8640K)
[144.825s][info][gc          ] GC(34) Pause Full (System.gc()) 171M->171M(4088M) 1215.506ms
[146.009s][info][gc,metaspace] GC(35) Metaspace: 43071K(46656K)->43071K(46656K) NonClass: 36468K(38016K)->36468K(38016K) Class: 6602K(8640K)->6602K(8640K)
[146.009s][info][gc          ] GC(35) Pause Full (System.gc()) 171M->171M(4088M) 1183.079ms
[147.211s][info][gc,metaspace] GC(36) Metaspace: 43071K(46656K)->43071K(46656K) NonClass: 36468K(38016K)->36468K(38016K) Class: 6602K(8640K)->6602K(8640K)
[147.211s][info][gc          ] GC(36) Pause Full (System.gc()) 171M->171M(4088M) 1202.505ms
[148.726s][info][gc,metaspace] GC(37) Metaspace: 43071K(46656K)->43071K(46656K) NonClass: 36468K(38016K)->36468K(38016K) Class: 6602K(8640K)->6602K(8640K)
[148.727s][info][gc          ] GC(37) Pause Full (System.gc()) 171M->171M(4088M) 1514.937ms
[150.899s][info][gc,metaspace] GC(38) Metaspace: 43071K(46656K)->43071K(46656K) NonClass: 36468K(38016K)->36468K(38016K) Class: 6602K(8640K)->6602K(8640K)
[150.900s][info][gc          ] GC(38) Pause Full (System.gc()) 171M->171M(4088M) 2172.477ms
[153.196s][info][gc,metaspace] GC(39) Metaspace: 43071K(46656K)->43071K(46656K) NonClass: 36468K(38016K)->36468K(38016K) Class: 6602K(8640K)->6602K(8640K)
[153.196s][info][gc          ] GC(39) Pause Full (System.gc()) 171M->171M(4088M) 2296.003ms
[154.407s][info][gc,metaspace] GC(40) Metaspace: 43071K(46656K)->43071K(46656K) NonClass: 36468K(38016K)->36468K(38016K) Class: 6602K(8640K)->6602K(8640K)
[154.407s][info][gc          ] GC(40) Pause Full (System.gc()) 171M->171M(4088M) 1210.191ms
[156.705s][info][gc,metaspace] GC(41) Metaspace: 43071K(46656K)->43071K(46656K) NonClass: 36468K(38016K)->36468K(38016K) Class: 6602K(8640K)->6602K(8640K)
[156.705s][info][gc          ] GC(41) Pause Full (System.gc()) 171M->171M(4088M) 2298.147ms
[157.984s][info][gc,metaspace] GC(42) Metaspace: 43071K(46656K)->43071K(46656K) NonClass: 36468K(38016K)->36468K(38016K) Class: 6602K(8640K)->6602K(8640K)
[157.985s][info][gc          ] GC(42) Pause Full (System.gc()) 171M->171M(4088M) 1278.709ms
[159.164s][info][gc,metaspace] GC(43) Metaspace: 43071K(46656K)->43071K(46656K) NonClass: 36468K(38016K)->36468K(38016K) Class: 6602K(8640K)->6602K(8640K)
[159.164s][info][gc          ] GC(43) Pause Full (System.gc()) 171M->171M(4088M) 1179.491ms
[160.337s][info][gc,metaspace] GC(44) Metaspace: 43071K(46656K)->43071K(46656K) NonClass: 36468K(38016K)->36468K(38016K) Class: 6602K(8640K)->6602K(8640K)
[160.338s][info][gc          ] GC(44) Pause Full (System.gc()) 171M->171M(4088M) 1172.915ms
[162.720s][info][gc,metaspace] GC(45) Metaspace: 43071K(46656K)->43071K(46656K) NonClass: 36468K(38016K)->36468K(38016K) Class: 6602K(8640K)->6602K(8640K)
[162.721s][info][gc          ] GC(45) Pause Full (System.gc()) 171M->171M(4088M) 2382.460ms
[163.955s][info][gc,metaspace] GC(46) Metaspace: 43071K(46656K)->43071K(46656K) NonClass: 36468K(38016K)->36468K(38016K) Class: 6602K(8640K)->6602K(8640K)
[163.955s][info][gc          ] GC(46) Pause Full (System.gc()) 171M->171M(4088M) 1234.355ms
[165.133s][info][gc,metaspace] GC(47) Metaspace: 43071K(46656K)->43071K(46656K) NonClass: 36468K(38016K)->36468K(38016K) Class: 6602K(8640K)->6602K(8640K)
[165.134s][info][gc          ] GC(47) Pause Full (System.gc()) 171M->171M(4088M) 1177.757ms
[166.301s][info][gc,metaspace] GC(48) Metaspace: 43071K(46656K)->43071K(46656K) NonClass: 36468K(38016K)->36468K(38016K) Class: 6602K(8640K)->6602K(8640K)
[166.301s][info][gc          ] GC(48) Pause Full (System.gc()) 171M->171M(4088M) 1167.266ms
[168.579s][info][gc,metaspace] GC(49) Metaspace: 43071K(46656K)->43071K(46656K) NonClass: 36468K(38016K)->36468K(38016K) Class: 6602K(8640K)->6602K(8640K)
[168.579s][info][gc          ] GC(49) Pause Full (System.gc()) 171M->171M(4088M) 2277.862ms
[169.887s][info][gc,metaspace] GC(50) Metaspace: 43071K(46656K)->43071K(46656K) NonClass: 36468K(38016K)->36468K(38016K) Class: 6602K(8640K)->6602K(8640K)
[169.887s][info][gc          ] GC(50) Pause Full (System.gc()) 171M->171M(4088M) 1306.963ms
[171.062s][info][gc,metaspace] GC(51) Metaspace: 43071K(46656K)->43071K(46656K) NonClass: 36468K(38016K)->36468K(38016K) Class: 6602K(8640K)->6602K(8640K)
[171.062s][info][gc          ] GC(51) Pause Full (System.gc()) 171M->171M(4088M) 1175.184ms
[172.267s][info][gc,metaspace] GC(52) Metaspace: 43071K(46656K)->43071K(46656K) NonClass: 36468K(38016K)->36468K(38016K) Class: 6602K(8640K)->6602K(8640K)
[172.268s][info][gc          ] GC(52) Pause Full (System.gc()) 171M->171M(4088M) 1204.830ms
[173.447s][info][gc,metaspace] GC(53) Metaspace: 43071K(46656K)->43071K(46656K) NonClass: 36468K(38016K)->36468K(38016K) Class: 6602K(8640K)->6602K(8640K)
[173.447s][info][gc          ] GC(53) Pause Full (System.gc()) 171M->171M(4088M) 1178.751ms
[174.645s][info][gc,metaspace] GC(54) Metaspace: 43071K(46656K)->43071K(46656K) NonClass: 36468K(38016K)->36468K(38016K) Class: 6602K(8640K)->6602K(8640K)
[174.645s][info][gc          ] GC(54) Pause Full (System.gc()) 171M->171M(4088M) 1197.712ms
[175.820s][info][gc,metaspace] GC(55) Metaspace: 43071K(46656K)->43071K(46656K) NonClass: 36468K(38016K)->36468K(38016K) Class: 6602K(8640K)->6602K(8640K)
[175.820s][info][gc          ] GC(55) Pause Full (System.gc()) 171M->171M(4088M) 1175.014ms
[177.030s][info][gc,metaspace] GC(56) Metaspace: 43071K(46656K)->43071K(46656K) NonClass: 36468K(38016K)->36468K(38016K) Class: 6602K(8640K)->6602K(8640K)
[177.031s][info][gc          ] GC(56) Pause Full (System.gc()) 171M->171M(4088M) 1210.370ms
[178.213s][info][gc,metaspace] GC(57) Metaspace: 43071K(46656K)->43071K(46656K) NonClass: 36468K(38016K)->36468K(38016K) Class: 6602K(8640K)->6602K(8640K)
[178.214s][info][gc          ] GC(57) Pause Full (System.gc()) 171M->171M(4088M) 1182.963ms
[179.430s][info][gc,metaspace] GC(58) Metaspace: 43071K(46656K)->43071K(46656K) NonClass: 36468K(38016K)->36468K(38016K) Class: 6602K(8640K)->6602K(8640K)
[179.430s][info][gc          ] GC(58) Pause Full (System.gc()) 171M->171M(4088M) 1216.079ms
[180.598s][info][gc,metaspace] GC(59) Metaspace: 43071K(46656K)->43071K(46656K) NonClass: 36468K(38016K)->36468K(38016K) Class: 6602K(8640K)->6602K(8640K)
[180.598s][info][gc          ] GC(59) Pause Full (System.gc()) 171M->171M(4088M) 1167.193ms
[181.772s][info][gc,metaspace] GC(60) Metaspace: 43071K(46656K)->43071K(46656K) NonClass: 36468K(38016K)->36468K(38016K) Class: 6602K(8640K)->6602K(8640K)
[181.772s][info][gc          ] GC(60) Pause Full (System.gc()) 171M->171M(4088M) 1174.196ms
[182.951s][info][gc,metaspace] GC(61) Metaspace: 43071K(46656K)->43071K(46656K) NonClass: 36468K(38016K)->36468K(38016K) Class: 6602K(8640K)->6602K(8640K)
[182.951s][info][gc          ] GC(61) Pause Full (System.gc()) 171M->171M(4088M) 1178.843ms
[184.124s][info][gc,metaspace] GC(62) Metaspace: 43071K(46656K)->43071K(46656K) NonClass: 36468K(38016K)->36468K(38016K) Class: 6602K(8640K)->6602K(8640K)
[184.124s][info][gc          ] GC(62) Pause Full (System.gc()) 171M->171M(4088M) 1172.150ms
[185.669s][info][gc,metaspace] GC(63) Metaspace: 43071K(46656K)->43071K(46656K) NonClass: 36468K(38016K)->36468K(38016K) Class: 6602K(8640K)->6602K(8640K)
[185.669s][info][gc          ] GC(63) Pause Full (System.gc()) 171M->171M(4088M) 1544.572ms
[187.697s][info][gc,metaspace] GC(64) Metaspace: 43071K(46656K)->43071K(46656K) NonClass: 36468K(38016K)->36468K(38016K) Class: 6602K(8640K)->6602K(8640K)
[187.697s][info][gc          ] GC(64) Pause Full (System.gc()) 171M->171M(4088M) 2027.536ms
[188.893s][info][gc,metaspace] GC(65) Metaspace: 43071K(46656K)->43071K(46656K) NonClass: 36468K(38016K)->36468K(38016K) Class: 6602K(8640K)->6602K(8640K)
[188.893s][info][gc          ] GC(65) Pause Full (System.gc()) 171M->171M(4088M) 1195.529ms
[190.313s][info][gc,metaspace] GC(66) Metaspace: 43071K(46656K)->43071K(46656K) NonClass: 36468K(38016K)->36468K(38016K) Class: 6602K(8640K)->6602K(8640K)
[190.313s][info][gc          ] GC(66) Pause Full (System.gc()) 171M->171M(4088M) 1420.411ms
[192.550s][info][gc,metaspace] GC(67) Metaspace: 43071K(46656K)->43071K(46656K) NonClass: 36468K(38016K)->36468K(38016K) Class: 6602K(8640K)->6602K(8640K)
[192.550s][info][gc          ] GC(67) Pause Full (System.gc()) 171M->171M(4088M) 2236.270ms
[193.744s][info][gc,metaspace] GC(68) Metaspace: 43071K(46656K)->43071K(46656K) NonClass: 36468K(38016K)->36468K(38016K) Class: 6602K(8640K)->6602K(8640K)
[193.744s][info][gc          ] GC(68) Pause Full (System.gc()) 171M->171M(4088M) 1193.054ms
[194.938s][info][gc,metaspace] GC(69) Metaspace: 43071K(46656K)->43071K(46656K) NonClass: 36468K(38016K)->36468K(38016K) Class: 6602K(8640K)->6602K(8640K)
[194.938s][info][gc          ] GC(69) Pause Full (System.gc()) 171M->171M(4088M) 1194.185ms
[196.113s][info][gc,metaspace] GC(70) Metaspace: 43071K(46656K)->43071K(46656K) NonClass: 36468K(38016K)->36468K(38016K) Class: 6602K(8640K)->6602K(8640K)
[196.113s][info][gc          ] GC(70) Pause Full (System.gc()) 171M->171M(4088M) 1174.466ms
[197.663s][info][gc,metaspace] GC(71) Metaspace: 43071K(46656K)->43071K(46656K) NonClass: 36468K(38016K)->36468K(38016K) Class: 6602K(8640K)->6602K(8640K)
[197.664s][info][gc          ] GC(71) Pause Full (System.gc()) 171M->171M(4088M) 1550.233ms
[199.706s][info][gc,metaspace] GC(72) Metaspace: 43071K(46656K)->43071K(46656K) NonClass: 36468K(38016K)->36468K(38016K) Class: 6602K(8640K)->6602K(8640K)
[199.706s][info][gc          ] GC(72) Pause Full (System.gc()) 171M->171M(4088M) 2042.177ms
[200.903s][info][gc,metaspace] GC(73) Metaspace: 43071K(46656K)->43071K(46656K) NonClass: 36468K(38016K)->36468K(38016K) Class: 6602K(8640K)->6602K(8640K)
[200.903s][info][gc          ] GC(73) Pause Full (System.gc()) 176M->171M(4088M) 1196.104ms
[202.327s][info][gc,metaspace] GC(74) Metaspace: 43071K(46656K)->43071K(46656K) NonClass: 36468K(38016K)->36468K(38016K) Class: 6602K(8640K)->6602K(8640K)
[202.328s][info][gc          ] GC(74) Pause Full (System.gc()) 171M->171M(4088M) 1424.607ms
[204.563s][info][gc,metaspace] GC(75) Metaspace: 43071K(46656K)->43071K(46656K) NonClass: 36468K(38016K)->36468K(38016K) Class: 6602K(8640K)->6602K(8640K)
[204.563s][info][gc          ] GC(75) Pause Full (System.gc()) 171M->171M(4088M) 2234.388ms
[205.743s][info][gc,metaspace] GC(76) Metaspace: 43071K(46656K)->43071K(46656K) NonClass: 36468K(38016K)->36468K(38016K) Class: 6602K(8640K)->6602K(8640K)
[205.743s][info][gc          ] GC(76) Pause Full (System.gc()) 171M->171M(4088M) 1180.220ms
[206.940s][info][gc,metaspace] GC(77) Metaspace: 43071K(46656K)->43071K(46656K) NonClass: 36468K(38016K)->36468K(38016K) Class: 6602K(8640K)->6602K(8640K)
[206.940s][info][gc          ] GC(77) Pause Full (System.gc()) 171M->171M(4088M) 1196.271ms
[208.117s][info][gc,metaspace] GC(78) Metaspace: 43071K(46656K)->43071K(46656K) NonClass: 36468K(38016K)->36468K(38016K) Class: 6602K(8640K)->6602K(8640K)
[208.118s][info][gc          ] GC(78) Pause Full (System.gc()) 171M->171M(4088M) 1177.818ms
[210.427s][info][gc,metaspace] GC(79) Metaspace: 43071K(46656K)->43071K(46656K) NonClass: 36468K(38016K)->36468K(38016K) Class: 6602K(8640K)->6602K(8640K)
[210.427s][info][gc          ] GC(79) Pause Full (System.gc()) 171M->171M(4088M) 2308.662ms
[211.711s][info][gc,metaspace] GC(80) Metaspace: 43071K(46656K)->43071K(46656K) NonClass: 36468K(38016K)->36468K(38016K) Class: 6602K(8640K)->6602K(8640K)
[211.712s][info][gc          ] GC(80) Pause Full (System.gc()) 171M->171M(4088M) 1284.239ms
[212.911s][info][gc,metaspace] GC(81) Metaspace: 43071K(46656K)->43071K(46656K) NonClass: 36468K(38016K)->36468K(38016K) Class: 6602K(8640K)->6602K(8640K)
[212.912s][info][gc          ] GC(81) Pause Full (System.gc()) 171M->171M(4088M) 1199.697ms
[214.345s][info][gc,metaspace] GC(82) Metaspace: 43071K(46656K)->43071K(46656K) NonClass: 36468K(38016K)->36468K(38016K) Class: 6602K(8640K)->6602K(8640K)
[214.346s][info][gc          ] GC(82) Pause Full (System.gc()) 171M->171M(4088M) 1433.765ms
[216.590s][info][gc,metaspace] GC(83) Metaspace: 43071K(46656K)->43071K(46656K) NonClass: 36468K(38016K)->36468K(38016K) Class: 6602K(8640K)->6602K(8640K)
[216.590s][info][gc          ] GC(83) Pause Full (System.gc()) 171M->171M(4088M) 2243.462ms
[217.776s][info][gc,metaspace] GC(84) Metaspace: 43071K(46656K)->43071K(46656K) NonClass: 36468K(38016K)->36468K(38016K) Class: 6602K(8640K)->6602K(8640K)
[217.776s][info][gc          ] GC(84) Pause Full (System.gc()) 171M->171M(4088M) 1186.448ms
[218.991s][info][gc,metaspace] GC(85) Metaspace: 43071K(46656K)->43071K(46656K) NonClass: 36468K(38016K)->36468K(38016K) Class: 6602K(8640K)->6602K(8640K)
[218.991s][info][gc          ] GC(85) Pause Full (System.gc()) 171M->171M(4088M) 1214.030ms
[220.182s][info][gc,metaspace] GC(86) Metaspace: 43071K(46656K)->43071K(46656K) NonClass: 36468K(38016K)->36468K(38016K) Class: 6602K(8640K)->6602K(8640K)
[220.183s][info][gc          ] GC(86) Pause Full (System.gc()) 171M->171M(4088M) 1191.481ms
[221.387s][info][gc,metaspace] GC(87) Metaspace: 43071K(46656K)->43071K(46656K) NonClass: 36468K(38016K)->36468K(38016K) Class: 6602K(8640K)->6602K(8640K)
[221.387s][info][gc          ] GC(87) Pause Full (System.gc()) 171M->171M(4088M) 1204.180ms
[222.850s][info][gc,metaspace] GC(88) Metaspace: 43071K(46656K)->43071K(46656K) NonClass: 36468K(38016K)->36468K(38016K) Class: 6602K(8640K)->6602K(8640K)
[222.850s][info][gc          ] GC(88) Pause Full (System.gc()) 171M->171M(4088M) 1462.829ms
[225.056s][info][gc,metaspace] GC(89) Metaspace: 43071K(46656K)->43071K(46656K) NonClass: 36468K(38016K)->36468K(38016K) Class: 6602K(8640K)->6602K(8640K)
[225.056s][info][gc          ] GC(89) Pause Full (System.gc()) 171M->171M(4088M) 2205.634ms
[226.509s][info][gc,metaspace] GC(90) Metaspace: 43071K(46656K)->43071K(46656K) NonClass: 36468K(38016K)->36468K(38016K) Class: 6602K(8640K)->6602K(8640K)
[226.509s][info][gc          ] GC(90) Pause Full (System.gc()) 171M->171M(4088M) 1452.690ms
[228.686s][info][gc,metaspace] GC(91) Metaspace: 43071K(46656K)->43071K(46656K) NonClass: 36468K(38016K)->36468K(38016K) Class: 6602K(8640K)->6602K(8640K)
[228.686s][info][gc          ] GC(91) Pause Full (System.gc()) 171M->171M(4088M) 2176.429ms
[229.883s][info][gc,metaspace] GC(92) Metaspace: 43071K(46656K)->43071K(46656K) NonClass: 36468K(38016K)->36468K(38016K) Class: 6602K(8640K)->6602K(8640K)
[229.884s][info][gc          ] GC(92) Pause Full (System.gc()) 171M->171M(4088M) 1196.820ms
[231.093s][info][gc,metaspace] GC(93) Metaspace: 43071K(46656K)->43071K(46656K) NonClass: 36468K(38016K)->36468K(38016K) Class: 6602K(8640K)->6602K(8640K)
[231.093s][info][gc          ] GC(93) Pause Full (System.gc()) 171M->171M(4088M) 1208.982ms
[232.584s][info][gc,metaspace] GC(94) Metaspace: 43071K(46656K)->43071K(46656K) NonClass: 36468K(38016K)->36468K(38016K) Class: 6602K(8640K)->6602K(8640K)
[232.584s][info][gc          ] GC(94) Pause Full (System.gc()) 171M->171M(4088M) 1491.260ms
[234.720s][info][gc,metaspace] GC(95) Metaspace: 43071K(46656K)->43071K(46656K) NonClass: 36468K(38016K)->36468K(38016K) Class: 6602K(8640K)->6602K(8640K)
[234.720s][info][gc          ] GC(95) Pause Full (System.gc()) 171M->171M(4088M) 2135.131ms
[235.941s][info][gc,metaspace] GC(96) Metaspace: 43071K(46656K)->43071K(46656K) NonClass: 36468K(38016K)->36468K(38016K) Class: 6602K(8640K)->6602K(8640K)
[235.942s][info][gc          ] GC(96) Pause Full (System.gc()) 171M->171M(4088M) 1221.082ms
[237.139s][info][gc,metaspace] GC(97) Metaspace: 43071K(46656K)->43071K(46656K) NonClass: 36468K(38016K)->36468K(38016K) Class: 6602K(8640K)->6602K(8640K)
[237.139s][info][gc          ] GC(97) Pause Full (System.gc()) 171M->171M(4088M) 1197.261ms
[238.325s][info][gc,metaspace] GC(98) Metaspace: 43071K(46656K)->43071K(46656K) NonClass: 36468K(38016K)->36468K(38016K) Class: 6602K(8640K)->6602K(8640K)
[238.325s][info][gc          ] GC(98) Pause Full (System.gc()) 171M->171M(4088M) 1185.729ms
[239.563s][info][gc,metaspace] GC(99) Metaspace: 43071K(46656K)->43071K(46656K) NonClass: 36468K(38016K)->36468K(38016K) Class: 6602K(8640K)->6602K(8640K)
[239.563s][info][gc          ] GC(99) Pause Full (System.gc()) 171M->171M(4088M) 1237.354ms
[240.745s][info][gc,metaspace] GC(100) Metaspace: 43071K(46656K)->43071K(46656K) NonClass: 36468K(38016K)->36468K(38016K) Class: 6602K(8640K)->6602K(8640K)
[240.745s][info][gc          ] GC(100) Pause Full (System.gc()) 171M->171M(4088M) 1181.747ms
[241.962s][info][gc,metaspace] GC(101) Metaspace: 43071K(46656K)->43071K(46656K) NonClass: 36468K(38016K)->36468K(38016K) Class: 6602K(8640K)->6602K(8640K)
[241.962s][info][gc          ] GC(101) Pause Full (System.gc()) 171M->171M(4088M) 1217.253ms
[243.180s][info][gc,metaspace] GC(102) Metaspace: 43071K(46656K)->43071K(46656K) NonClass: 36468K(38016K)->36468K(38016K) Class: 6602K(8640K)->6602K(8640K)
[243.180s][info][gc          ] GC(102) Pause Full (System.gc()) 171M->171M(4088M) 1217.453ms
[244.376s][info][gc,metaspace] GC(103) Metaspace: 43071K(46656K)->43071K(46656K) NonClass: 36468K(38016K)->36468K(38016K) Class: 6602K(8640K)->6602K(8640K)
[244.376s][info][gc          ] GC(103) Pause Full (System.gc()) 171M->171M(4088M) 1195.545ms
[246.734s][info][gc,metaspace] GC(104) Metaspace: 43071K(46656K)->43071K(46656K) NonClass: 36468K(38016K)->36468K(38016K) Class: 6602K(8640K)->6602K(8640K)
[246.734s][info][gc          ] GC(104) Pause Full (System.gc()) 171M->171M(4088M) 2357.645ms
[248.381s][info][gc,metaspace] GC(105) Metaspace: 43071K(46656K)->43071K(46656K) NonClass: 36468K(38016K)->36468K(38016K) Class: 6602K(8640K)->6602K(8640K)
[248.381s][info][gc          ] GC(105) Pause Full (System.gc()) 171M->171M(4088M) 1646.380ms
[250.425s][info][gc,metaspace] GC(106) Metaspace: 43071K(46656K)->43071K(46656K) NonClass: 36468K(38016K)->36468K(38016K) Class: 6602K(8640K)->6602K(8640K)
[250.425s][info][gc          ] GC(106) Pause Full (System.gc()) 171M->171M(4088M) 2043.098ms
[251.621s][info][gc,metaspace] GC(107) Metaspace: 43071K(46656K)->43071K(46656K) NonClass: 36468K(38016K)->36468K(38016K) Class: 6602K(8640K)->6602K(8640K)
[251.621s][info][gc          ] GC(107) Pause Full (System.gc()) 171M->171M(4088M) 1195.729ms
[252.798s][info][gc,metaspace] GC(108) Metaspace: 43071K(46656K)->43071K(46656K) NonClass: 36468K(38016K)->36468K(38016K) Class: 6602K(8640K)->6602K(8640K)
[252.798s][info][gc          ] GC(108) Pause Full (System.gc()) 171M->171M(4088M) 1176.681ms
[253.976s][info][gc,metaspace] GC(109) Metaspace: 43071K(46656K)->43071K(46656K) NonClass: 36468K(38016K)->36468K(38016K) Class: 6602K(8640K)->6602K(8640K)
[253.977s][info][gc          ] GC(109) Pause Full (System.gc()) 171M->171M(4088M) 1178.586ms
[255.176s][info][gc,metaspace] GC(110) Metaspace: 43071K(46656K)->43071K(46656K) NonClass: 36468K(38016K)->36468K(38016K) Class: 6602K(8640K)->6602K(8640K)
[255.176s][info][gc          ] GC(110) Pause Full (System.gc()) 171M->171M(4088M) 1199.249ms
[256.722s][info][gc,metaspace] GC(111) Metaspace: 43071K(46656K)->43071K(46656K) NonClass: 36468K(38016K)->36468K(38016K) Class: 6602K(8640K)->6602K(8640K)
[256.722s][info][gc          ] GC(111) Pause Full (System.gc()) 171M->171M(4088M) 1545.663ms
[258.783s][info][gc,metaspace] GC(112) Metaspace: 43071K(46656K)->43071K(46656K) NonClass: 36468K(38016K)->36468K(38016K) Class: 6602K(8640K)->6602K(8640K)
[258.783s][info][gc          ] GC(112) Pause Full (System.gc()) 171M->171M(4088M) 2060.814ms
[259.993s][info][gc,metaspace] GC(113) Metaspace: 43071K(46656K)->43071K(46656K) NonClass: 36468K(38016K)->36468K(38016K) Class: 6602K(8640K)->6602K(8640K)
[259.993s][info][gc          ] GC(113) Pause Full (System.gc()) 171M->171M(4088M) 1209.725ms
After GCs... 
