[0.001s][info][metaspace]  - commit_granule_bytes: 65536.
[0.001s][info][metaspace]  - commit_granule_words: 8192.
[0.001s][info][metaspace]  - virtual_space_node_default_size: 8388608.
[0.001s][info][metaspace]  - enlarge_chunks_in_place: 1.
[0.001s][info][metaspace]  - use_allocation_guard: 0.
[0.006s][info][gc       ] Using Parallel
[0.382s][info][metaspace] Reserving compressed class space anywhere
[0.382s][info][gc,metaspace] CDS archive(s) not mapped
[0.382s][info][gc,metaspace] Compressed class space mapped at: 0x00007ffee7000000-0x00007fffa7000000, reserved size: 3221225472
[0.382s][info][gc,metaspace] UseCompressedClassPointers 1, UseCompactObjectHeaders 1, Use2c0 0narrow klass pointer bits 26, max shift 6
[0.382s][info][gc,metaspace] Narrow klass base: 0x00007ffee7000000, Narrow klass shift: 6, Narrow klass range: 0xc0000000
Num Classes: 4096
Num Objects per Class: 16384
Cycles: 100
Class association: random
Generate 4096 classes...[2.458s][info][gc,metaspace] GC(0) Metaspace: 22875K(23232K)->22875K(23232K) NonClass: 20469K(20672K)->20469K(20672K) Class: 2405K(2560K)->2405K(2560K)
[2.458s][info][gc          ] GC(0) Pause Young (Allocation Failure) 1536M->3M(5888M) 6.306ms
[3.702s][info][gc,metaspace] GC(1) Metaspace: 23715K(24064K)->23715K(24064K) NonClass: 21308K(21504K)->21308K(21504K) Class: 2406K(2560K)->2406K(2560K)
[3.702s][info][gc          ] GC(1) Pause Young (Allocation Failure) 1539M->5M(5888M) 4.860ms
[4.885s][info][gc,metaspace] GC(2) Metaspace: 23765K(24128K)->23765K(24128K) NonClass: 21358K(21568K)->21358K(21568K) Class: 2406K(2560K)->2406K(2560K)
[4.885s][info][gc          ] GC(2) Pause Young (Allocation Failure) 1541M->5M(5888M) 4.804ms
[6.019s][info][gc,metaspace] GC(3) Metaspace: 23843K(24192K)->23843K(24192K) NonClass: 21436K(21632K)->21436K(21632K) Class: 2406K(2560K)->2406K(2560K)
[6.019s][info][gc          ] GC(3) Pause Young (Allocation Failure) 1541M->5M(5888M) 3.974ms
[7.120s][info][gc,metaspace] GC(4) Metaspace: 23926K(24256K)->23926K(24256K) NonClass: 21518K(21696K)->21518K(21696K) Class: 2407K(2560K)->2407K(2560K)
[7.120s][info][gc          ] GC(4) Pause Young (Allocation Failure) 1541M->6M(5888M) 4.318ms
[8.258s][info][gc,metaspace] GC(5) Metaspace: 24008K(24384K)->24008K(24384K) NonClass: 21601K(21824K)->21601K(21824K) Class: 2407K(2560K)->2407K(2560K)
[8.258s][info][gc          ] GC(5) Pause Young (Allocation Failure) 1542M->5M(6136M) 4.823ms
[9.624s][info][gc,metaspace] GC(6) Metaspace: 24008K(24384K)->24008K(24384K) NonClass: 21601K(21824K)->21601K(21824K) Class: 2407K(2560K)->2407K(2560K)
[9.624s][info][gc          ] GC(6) Pause Young (Allocation Failure) 2038M->7M(6136M) 3.431ms
[10.976s][info][gc,metaspace] GC(7) Metaspace: 24008K(24384K)->24008K(24384K) NonClass: 21601K(21824K)->21601K(21824K) Class: 2407K(2560K)->2407K(2560K)
[10.976s][info][gc          ] GC(7) Pause Young (Allocation Failure) 2040M->7M(6136M) 1.029ms

Loading 4096...[12.250s][info][gc,metaspace] GC(8) Metaspace: 28189K(28544K)->28189K(28544K) NonClass: 23441K(23616K)->23441K(23616K) Class: 4748K(4928K)->4748K(4928K)
[12.250s][info][gc          ] GC(8) Pause Young (System.gc()) 1786M->7M(6131M) 1.464ms
[12.277s][info][gc,metaspace] GC(9) Metaspace: 28189K(28544K)->28189K(28544K) NonClass: 23441K(23616K)->23441K(23616K) Class: 4748K(4928K)->4748K(4928K)
[12.277s][info][gc          ] GC(9) Pause Full (System.gc()) 7M->7M(6131M) 27.565ms
Creating 16384 objects per class...
Done; will start GCs... 
[30.461s][info][gc,metaspace] GC(10) Metaspace: 42836K(46656K)->42836K(46656K) NonClass: 36008K(37632K)->36008K(37632K) Class: 6828K(9024K)->6828K(9024K)
[30.461s][info][gc          ] GC(10) Pause Young (System.gc()) 889M->778M(5569M) 1447.575ms
[32.861s][info][gc,metaspace] GC(11) Metaspace: 42836K(46656K)->42836K(46656K) NonClass: 36008K(37632K)->36008K(37632K) Class: 6828K(9024K)->6828K(9024K)
[32.861s][info][gc          ] GC(11) Pause Full (System.gc()) 778M->778M(5569M) 2399.518ms
[32.862s][info][gc,metaspace] GC(12) Metaspace: 42836K(46656K)->42836K(46656K) NonClass: 36008K(37632K)->36008K(37632K) Class: 6828K(9024K)->6828K(9024K)
[32.862s][info][gc          ] GC(12) Pause Young (System.gc()) 778M->778M(5852M) 1.156ms
[33.824s][info][gc,metaspace] GC(13) Metaspace: 42836K(46656K)->42836K(46656K) NonClass: 36008K(37632K)->36008K(37632K) Class: 6828K(9024K)->6828K(9024K)
[33.824s][info][gc          ] GC(13) Pause Full (System.gc()) 778M->778M(5852M) 962.076ms
[33.825s][info][gc,metaspace] GC(14) Metaspace: 42836K(46656K)->42836K(46656K) NonClass: 36008K(37632K)->36008K(37632K) Class: 6828K(9024K)->6828K(9024K)
[33.825s][info][gc          ] GC(14) Pause Young (System.gc()) 778M->778M(5868M) 0.840ms
[34.792s][info][gc,metaspace] GC(15) Metaspace: 42836K(46656K)->42836K(46656K) NonClass: 36008K(37632K)->36008K(37632K) Class: 6828K(9024K)->6828K(9024K)
[34.792s][info][gc          ] GC(15) Pause Full (System.gc()) 778M->778M(5868M) 966.342ms
[34.797s][info][gc,metaspace] GC(16) Metaspace: 42836K(46656K)->42836K(46656K) NonClass: 36008K(37632K)->36008K(37632K) Class: 6828K(9024K)->6828K(9024K)
[34.797s][info][gc          ] GC(16) Pause Young (System.gc()) 778M->778M(5860M) 0.800ms
[35.761s][info][gc,metaspace] GC(17) Metaspace: 42836K(46656K)->42836K(46656K) NonClass: 36008K(37632K)->36008K(37632K) Class: 6828K(9024K)->6828K(9024K)
[35.761s][info][gc          ] GC(17) Pause Full (System.gc()) 778M->778M(5860M) 964.376ms
[35.762s][info][gc,metaspace] GC(18) Metaspace: 42836K(46656K)->42836K(46656K) NonClass: 36008K(37632K)->36008K(37632K) Class: 6828K(9024K)->6828K(9024K)
[35.762s][info][gc          ] GC(18) Pause Young (System.gc()) 778M->778M(5889M) 0.984ms
[36.688s][info][gc,metaspace] GC(19) Metaspace: 42836K(46656K)->42836K(46656K) NonClass: 36008K(37632K)->36008K(37632K) Class: 6828K(9024K)->6828K(9024K)
[36.688s][info][gc          ] GC(19) Pause Full (System.gc()) 778M->778M(5889M) 925.390ms
[36.689s][info][gc,metaspace] GC(20) Metaspace: 42836K(46656K)->42836K(46656K) NonClass: 36008K(37632K)->36008K(37632K) Class: 6828K(9024K)->6828K(9024K)
[36.689s][info][gc          ] GC(20) Pause Young (System.gc()) 778M->778M(5878M) 1.024ms
[37.680s][info][gc,metaspace] GC(21) Metaspace: 42836K(46656K)->42836K(46656K) NonClass: 36008K(37632K)->36008K(37632K) Class: 6828K(9024K)->6828K(9024K)
[37.681s][info][gc          ] GC(21) Pause Full (System.gc()) 778M->778M(5878M) 991.456ms
[37.682s][info][gc,metaspace] GC(22) Metaspace: 42836K(46656K)->42836K(46656K) NonClass: 36008K(37632K)->36008K(37632K) Class: 6828K(9024K)->6828K(9024K)
[37.682s][info][gc          ] GC(22) Pause Young (System.gc()) 778M->778M(5911M) 1.074ms
[38.599s][info][gc,metaspace] GC(23) Metaspace: 42836K(46656K)->42836K(46656K) NonClass: 36008K(37632K)->36008K(37632K) Class: 6828K(9024K)->6828K(9024K)
[38.599s][info][gc          ] GC(23) Pause Full (System.gc()) 778M->778M(5911M) 917.718ms
[38.601s][info][gc,metaspace] GC(24) Metaspace: 42837K(46656K)->42837K(46656K) NonClass: 36009K(37632K)->36009K(37632K) Class: 6828K(9024K)->6828K(9024K)
[38.601s][info][gc          ] GC(24) Pause Young (System.gc()) 778M->778M(5900M) 0.919ms
[39.575s][info][gc,metaspace] GC(25) Metaspace: 42837K(46656K)->42837K(46656K) NonClass: 36009K(37632K)->36009K(37632K) Class: 6828K(9024K)->6828K(9024K)
[39.575s][info][gc          ] GC(25) Pause Full (System.gc()) 778M->778M(5900M) 974.050ms
[39.576s][info][gc,metaspace] GC(26) Metaspace: 42837K(46656K)->42837K(46656K) NonClass: 36009K(37632K)->36009K(37632K) Class: 6828K(9024K)->6828K(9024K)
[39.576s][info][gc          ] GC(26) Pause Young (System.gc()) 778M->778M(5934M) 0.903ms
[40.524s][info][gc,metaspace] GC(27) Metaspace: 42837K(46656K)->42837K(46656K) NonClass: 36009K(37632K)->36009K(37632K) Class: 6828K(9024K)->6828K(9024K)
[40.524s][info][gc          ] GC(27) Pause Full (System.gc()) 778M->778M(5934M) 948.483ms
[40.529s][info][gc,metaspace] GC(28) Metaspace: 42837K(46656K)->42837K(46656K) NonClass: 36009K(37632K)->36009K(37632K) Class: 6828K(9024K)->6828K(9024K)
[40.529s][info][gc          ] GC(28) Pause Young (System.gc()) 778M->778M(5923M) 0.773ms
[41.399s][info][gc,metaspace] GC(29) Metaspace: 42837K(46656K)->42837K(46656K) NonClass: 36009K(37632K)->36009K(37632K) Class: 6828K(9024K)->6828K(9024K)
[41.399s][info][gc          ] GC(29) Pause Full (System.gc()) 778M->778M(5923M) 869.415ms
[41.400s][info][gc,metaspace] GC(30) Metaspace: 42837K(46656K)->42837K(46656K) NonClass: 36009K(37632K)->36009K(37632K) Class: 6828K(9024K)->6828K(9024K)
[41.400s][info][gc          ] GC(30) Pause Young (System.gc()) 778M->778M(5957M) 0.929ms
[42.330s][info][gc,metaspace] GC(31) Metaspace: 42837K(46656K)->42837K(46656K) NonClass: 36009K(37632K)->36009K(37632K) Class: 6828K(9024K)->6828K(9024K)
[42.330s][info][gc          ] GC(31) Pause Full (System.gc()) 778M->778M(5957M) 930.068ms
[42.331s][info][gc,metaspace] GC(32) Metaspace: 42837K(46656K)->42837K(46656K) NonClass: 36009K(37632K)->36009K(37632K) Class: 6828K(9024K)->6828K(9024K)
[42.331s][info][gc          ] GC(32) Pause Young (System.gc()) 778M->778M(5946M) 0.838ms
[43.238s][info][gc,metaspace] GC(33) Metaspace: 42837K(46656K)->42837K(46656K) NonClass: 36009K(37632K)->36009K(37632K) Class: 6828K(9024K)->6828K(9024K)
[43.238s][info][gc          ] GC(33) Pause Full (System.gc()) 778M->778M(5946M) 907.468ms
[43.240s][info][gc,metaspace] GC(34) Metaspace: 42837K(46656K)->42837K(46656K) NonClass: 36009K(37632K)->36009K(37632K) Class: 6828K(9024K)->6828K(9024K)
[43.240s][info][gc          ] GC(34) Pause Young (System.gc()) 778M->778M(5979M) 0.961ms
[44.174s][info][gc,metaspace] GC(35) Metaspace: 42837K(46656K)->42837K(46656K) NonClass: 36009K(37632K)->36009K(37632K) Class: 6828K(9024K)->6828K(9024K)
[44.174s][info][gc          ] GC(35) Pause Full (System.gc()) 778M->778M(5979M) 934.095ms
[44.175s][info][gc,metaspace] GC(36) Metaspace: 42837K(46656K)->42837K(46656K) NonClass: 36009K(37632K)->36009K(37632K) Class: 6828K(9024K)->6828K(9024K)
[44.175s][info][gc          ] GC(36) Pause Young (System.gc()) 778M->778M(5968M) 0.805ms
[45.109s][info][gc,metaspace] GC(37) Metaspace: 42837K(46656K)->42837K(46656K) NonClass: 36009K(37632K)->36009K(37632K) Class: 6828K(9024K)->6828K(9024K)
[45.109s][info][gc          ] GC(37) Pause Full (System.gc()) 778M->778M(5968M) 933.895ms
[45.109s][info][gc,metaspace] GC(38) Metaspace: 42837K(46656K)->42837K(46656K) NonClass: 36009K(37632K)->36009K(37632K) Class: 6828K(9024K)->6828K(9024K)
[45.109s][info][gc          ] GC(38) Pause Young (System.gc()) 778M->778M(5999M) 0.609ms
[46.017s][info][gc,metaspace] GC(39) Metaspace: 42837K(46656K)->42837K(46656K) NonClass: 36009K(37632K)->36009K(37632K) Class: 6828K(9024K)->6828K(9024K)
[46.017s][info][gc          ] GC(39) Pause Full (System.gc()) 778M->778M(5999M) 908.070ms
[46.018s][info][gc,metaspace] GC(40) Metaspace: 42837K(46656K)->42837K(46656K) NonClass: 36009K(37632K)->36009K(37632K) Class: 6828K(9024K)->6828K(9024K)
[46.018s][info][gc          ] GC(40) Pause Young (System.gc()) 778M->778M(5989M) 0.512ms
[46.992s][info][gc,metaspace] GC(41) Metaspace: 42837K(46656K)->42837K(46656K) NonClass: 36009K(37632K)->36009K(37632K) Class: 6828K(9024K)->6828K(9024K)
[46.992s][info][gc          ] GC(41) Pause Full (System.gc()) 778M->778M(5989M) 973.428ms
[46.992s][info][gc,metaspace] GC(42) Metaspace: 42837K(46656K)->42837K(46656K) NonClass: 36009K(37632K)->36009K(37632K) Class: 6828K(9024K)->6828K(9024K)
[46.992s][info][gc          ] GC(42) Pause Young (System.gc()) 778M->778M(6017M) 0.582ms
[47.765s][info][gc,metaspace] GC(43) Metaspace: 42837K(46656K)->42837K(46656K) NonClass: 36009K(37632K)->36009K(37632K) Class: 6828K(9024K)->6828K(9024K)
[47.766s][info][gc          ] GC(43) Pause Full (System.gc()) 778M->778M(6017M) 773.197ms
[47.766s][info][gc,metaspace] GC(44) Metaspace: 42837K(46656K)->42837K(46656K) NonClass: 36009K(37632K)->36009K(37632K) Class: 6828K(9024K)->6828K(9024K)
[47.766s][info][gc          ] GC(44) Pause Young (System.gc()) 778M->778M(6008M) 0.430ms
[48.706s][info][gc,metaspace] GC(45) Metaspace: 42837K(46656K)->42837K(46656K) NonClass: 36009K(37632K)->36009K(37632K) Class: 6828K(9024K)->6828K(9024K)
[48.707s][info][gc          ] GC(45) Pause Full (System.gc()) 778M->778M(6008M) 940.470ms
[48.707s][info][gc,metaspace] GC(46) Metaspace: 42837K(46656K)->42837K(46656K) NonClass: 36009K(37632K)->36009K(37632K) Class: 6828K(9024K)->6828K(9024K)
[48.707s][info][gc          ] GC(46) Pause Young (System.gc()) 778M->778M(6034M) 0.603ms
[49.658s][info][gc,metaspace] GC(47) Metaspace: 42837K(46656K)->42837K(46656K) NonClass: 36009K(37632K)->36009K(37632K) Class: 6828K(9024K)->6828K(9024K)
[49.658s][info][gc          ] GC(47) Pause Full (System.gc()) 778M->778M(6034M) 950.543ms
[49.658s][info][gc,metaspace] GC(48) Metaspace: 42837K(46656K)->42837K(46656K) NonClass: 36009K(37632K)->36009K(37632K) Class: 6828K(9024K)->6828K(9024K)
[49.659s][info][gc          ] GC(48) Pause Young (System.gc()) 778M->778M(6026M) 0.486ms
[50.624s][info][gc,metaspace] GC(49) Metaspace: 42837K(46656K)->42837K(46656K) NonClass: 36009K(37632K)->36009K(37632K) Class: 6828K(9024K)->6828K(9024K)
[50.624s][info][gc          ] GC(49) Pause Full (System.gc()) 778M->778M(6026M) 965.069ms
[50.625s][info][gc,metaspace] GC(50) Metaspace: 42837K(46656K)->42837K(46656K) NonClass: 36009K(37632K)->36009K(37632K) Class: 6828K(9024K)->6828K(9024K)
[50.625s][info][gc          ] GC(50) Pause Young (System.gc()) 778M->778M(6049M) 0.904ms
[51.601s][info][gc,metaspace] GC(51) Metaspace: 42837K(46656K)->42837K(46656K) NonClass: 36009K(37632K)->36009K(37632K) Class: 6828K(9024K)->6828K(9024K)
[51.601s][info][gc          ] GC(51) Pause Full (System.gc()) 778M->778M(6049M) 975.988ms
[51.605s][info][gc,metaspace] GC(52) Metaspace: 42837K(46656K)->42837K(46656K) NonClass: 36009K(37632K)->36009K(37632K) Class: 6828K(9024K)->6828K(9024K)
[51.605s][info][gc          ] GC(52) Pause Young (System.gc()) 778M->778M(6042M) 0.468ms
[52.568s][info][gc,metaspace] GC(53) Metaspace: 42837K(46656K)->42837K(46656K) NonClass: 36009K(37632K)->36009K(37632K) Class: 6828K(9024K)->6828K(9024K)
[52.568s][info][gc          ] GC(53) Pause Full (System.gc()) 778M->778M(6042M) 962.062ms
[52.568s][info][gc,metaspace] GC(54) Metaspace: 42837K(46656K)->42837K(46656K) NonClass: 36009K(37632K)->36009K(37632K) Class: 6828K(9024K)->6828K(9024K)
[52.568s][info][gc          ] GC(54) Pause Young (System.gc()) 778M->778M(6062M) 0.495ms
[53.495s][info][gc,metaspace] GC(55) Metaspace: 42837K(46656K)->42837K(46656K) NonClass: 36009K(37632K)->36009K(37632K) Class: 6828K(9024K)->6828K(9024K)
[53.495s][info][gc          ] GC(55) Pause Full (System.gc()) 778M->778M(6062M) 927.069ms
[53.496s][info][gc,metaspace] GC(56) Metaspace: 42837K(46656K)->42837K(46656K) NonClass: 36009K(37632K)->36009K(37632K) Class: 6828K(9024K)->6828K(9024K)
[53.496s][info][gc          ] GC(56) Pause Young (System.gc()) 778M->778M(6056M) 0.849ms
[54.474s][info][gc,metaspace] GC(57) Metaspace: 42837K(46656K)->42837K(46656K) NonClass: 36009K(37632K)->36009K(37632K) Class: 6828K(9024K)->6828K(9024K)
[54.474s][info][gc          ] GC(57) Pause Full (System.gc()) 778M->778M(6056M) 978.025ms
[54.475s][info][gc,metaspace] GC(58) Metaspace: 42837K(46656K)->42837K(46656K) NonClass: 36009K(37632K)->36009K(37632K) Class: 6828K(9024K)->6828K(9024K)
[54.475s][info][gc          ] GC(58) Pause Young (System.gc()) 778M->778M(6074M) 0.958ms
[55.332s][info][gc,metaspace] GC(59) Metaspace: 42837K(46656K)->42837K(46656K) NonClass: 36009K(37632K)->36009K(37632K) Class: 6828K(9024K)->6828K(9024K)
[55.332s][info][gc          ] GC(59) Pause Full (System.gc()) 778M->778M(6074M) 857.073ms
[55.333s][info][gc,metaspace] GC(60) Metaspace: 42837K(46656K)->42837K(46656K) NonClass: 36009K(37632K)->36009K(37632K) Class: 6828K(9024K)->6828K(9024K)
[55.333s][info][gc          ] GC(60) Pause Young (System.gc()) 778M->778M(6068M) 0.712ms
[56.267s][info][gc,metaspace] GC(61) Metaspace: 42837K(46656K)->42837K(46656K) NonClass: 36009K(37632K)->36009K(37632K) Class: 6828K(9024K)->6828K(9024K)
[56.267s][info][gc          ] GC(61) Pause Full (System.gc()) 778M->778M(6068M) 933.390ms
[56.268s][info][gc,metaspace] GC(62) Metaspace: 42837K(46656K)->42837K(46656K) NonClass: 36009K(37632K)->36009K(37632K) Class: 6828K(9024K)->6828K(9024K)
[56.268s][info][gc          ] GC(62) Pause Young (System.gc()) 778M->778M(6084M) 0.909ms
[57.192s][info][gc,metaspace] GC(63) Metaspace: 42837K(46656K)->42837K(46656K) NonClass: 36009K(37632K)->36009K(37632K) Class: 6828K(9024K)->6828K(9024K)
[57.192s][info][gc          ] GC(63) Pause Full (System.gc()) 778M->778M(6084M) 924.661ms
[57.193s][info][gc,metaspace] GC(64) Metaspace: 42837K(46656K)->42837K(46656K) NonClass: 36009K(37632K)->36009K(37632K) Class: 6828K(9024K)->6828K(9024K)
[57.193s][info][gc          ] GC(64) Pause Young (System.gc()) 778M->778M(6079M) 0.787ms
[58.176s][info][gc,metaspace] GC(65) Metaspace: 42837K(46656K)->42837K(46656K) NonClass: 36009K(37632K)->36009K(37632K) Class: 6828K(9024K)->6828K(9024K)
[58.176s][info][gc          ] GC(65) Pause Full (System.gc()) 778M->778M(6079M) 982.942ms
[58.177s][info][gc,metaspace] GC(66) Metaspace: 42837K(46656K)->42837K(46656K) NonClass: 36009K(37632K)->36009K(37632K) Class: 6828K(9024K)->6828K(9024K)
[58.177s][info][gc          ] GC(66) Pause Young (System.gc()) 778M->778M(6093M) 0.969ms
[59.111s][info][gc,metaspace] GC(67) Metaspace: 42837K(46656K)->42837K(46656K) NonClass: 36009K(37632K)->36009K(37632K) Class: 6828K(9024K)->6828K(9024K)
[59.111s][info][gc          ] GC(67) Pause Full (System.gc()) 778M->778M(6093M) 933.189ms
[59.112s][info][gc,metaspace] GC(68) Metaspace: 42837K(46656K)->42837K(46656K) NonClass: 36009K(37632K)->36009K(37632K) Class: 6828K(9024K)->6828K(9024K)
[59.112s][info][gc          ] GC(68) Pause Young (System.gc()) 778M->778M(6088M) 0.827ms
[60.068s][info][gc,metaspace] GC(69) Metaspace: 42837K(46656K)->42837K(46656K) NonClass: 36009K(37632K)->36009K(37632K) Class: 6828K(9024K)->6828K(9024K)
[60.068s][info][gc          ] GC(69) Pause Full (System.gc()) 778M->778M(6088M) 956.903ms
[60.069s][info][gc,metaspace] GC(70) Metaspace: 42837K(46656K)->42837K(46656K) NonClass: 36009K(37632K)->36009K(37632K) Class: 6828K(9024K)->6828K(9024K)
[60.069s][info][gc          ] GC(70) Pause Young (System.gc()) 778M->778M(6100M) 0.548ms
[60.991s][info][gc,metaspace] GC(71) Metaspace: 42837K(46656K)->42837K(46656K) NonClass: 36009K(37632K)->36009K(37632K) Class: 6828K(9024K)->6828K(9024K)
[60.991s][info][gc          ] GC(71) Pause Full (System.gc()) 778M->778M(6100M) 921.922ms
[60.992s][info][gc,metaspace] GC(72) Metaspace: 42837K(46656K)->42837K(46656K) NonClass: 36009K(37632K)->36009K(37632K) Class: 6828K(9024K)->6828K(9024K)
[60.992s][info][gc          ] GC(72) Pause Young (System.gc()) 778M->778M(6097M) 0.828ms
[61.959s][info][gc,metaspace] GC(73) Metaspace: 42837K(46656K)->42837K(46656K) NonClass: 36009K(37632K)->36009K(37632K) Class: 6828K(9024K)->6828K(9024K)
[61.959s][info][gc          ] GC(73) Pause Full (System.gc()) 778M->778M(6097M) 966.824ms
[61.960s][info][gc,metaspace] GC(74) Metaspace: 42837K(46656K)->42837K(46656K) NonClass: 36009K(37632K)->36009K(37632K) Class: 6828K(9024K)->6828K(9024K)
[61.960s][info][gc          ] GC(74) Pause Young (System.gc()) 778M->778M(6107M) 0.911ms
[62.897s][info][gc,metaspace] GC(75) Metaspace: 42837K(46656K)->42837K(46656K) NonClass: 36009K(37632K)->36009K(37632K) Class: 6828K(9024K)->6828K(9024K)
[62.897s][info][gc          ] GC(75) Pause Full (System.gc()) 778M->778M(6107M) 936.893ms
[62.902s][info][gc,metaspace] GC(76) Metaspace: 42837K(46656K)->42837K(46656K) NonClass: 36009K(37632K)->36009K(37632K) Class: 6828K(9024K)->6828K(9024K)
[62.902s][info][gc          ] GC(76) Pause Young (System.gc()) 778M->778M(6104M) 0.850ms
[63.862s][info][gc,metaspace] GC(77) Metaspace: 42837K(46656K)->42837K(46656K) NonClass: 36009K(37632K)->36009K(37632K) Class: 6828K(9024K)->6828K(9024K)
[63.862s][info][gc          ] GC(77) Pause Full (System.gc()) 778M->778M(6104M) 959.883ms
[63.863s][info][gc,metaspace] GC(78) Metaspace: 42837K(46656K)->42837K(46656K) NonClass: 36009K(37632K)->36009K(37632K) Class: 6828K(9024K)->6828K(9024K)
[63.863s][info][gc          ] GC(78) Pause Young (System.gc()) 778M->778M(6112M) 0.823ms
[64.833s][info][gc,metaspace] GC(79) Metaspace: 42837K(46656K)->42837K(46656K) NonClass: 36009K(37632K)->36009K(37632K) Class: 6828K(9024K)->6828K(9024K)
[64.833s][info][gc          ] GC(79) Pause Full (System.gc()) 778M->778M(6112M) 970.086ms
[64.834s][info][gc,metaspace] GC(80) Metaspace: 42837K(46656K)->42837K(46656K) NonClass: 36009K(37632K)->36009K(37632K) Class: 6828K(9024K)->6828K(9024K)
[64.834s][info][gc          ] GC(80) Pause Young (System.gc()) 791M->778M(6110M) 0.886ms
[66.053s][info][gc,metaspace] GC(81) Metaspace: 42837K(46656K)->42837K(46656K) NonClass: 36009K(37632K)->36009K(37632K) Class: 6828K(9024K)->6828K(9024K)
[66.053s][info][gc          ] GC(81) Pause Full (System.gc()) 778M->778M(6110M) 1219.080ms
[66.054s][info][gc,metaspace] GC(82) Metaspace: 42837K(46656K)->42837K(46656K) NonClass: 36009K(37632K)->36009K(37632K) Class: 6828K(9024K)->6828K(9024K)
[66.054s][info][gc          ] GC(82) Pause Young (System.gc()) 778M->778M(6117M) 0.568ms
[66.964s][info][gc,metaspace] GC(83) Metaspace: 42837K(46656K)->42837K(46656K) NonClass: 36009K(37632K)->36009K(37632K) Class: 6828K(9024K)->6828K(9024K)
[66.964s][info][gc          ] GC(83) Pause Full (System.gc()) 778M->778M(6117M) 910.027ms
[66.965s][info][gc,metaspace] GC(84) Metaspace: 42837K(46656K)->42837K(46656K) NonClass: 36009K(37632K)->36009K(37632K) Class: 6828K(9024K)->6828K(9024K)
[66.965s][info][gc          ] GC(84) Pause Young (System.gc()) 778M->778M(6115M) 0.839ms
[67.908s][info][gc,metaspace] GC(85) Metaspace: 42837K(46656K)->42837K(46656K) NonClass: 36009K(37632K)->36009K(37632K) Class: 6828K(9024K)->6828K(9024K)
[67.908s][info][gc          ] GC(85) Pause Full (System.gc()) 778M->778M(6115M) 942.919ms
[67.913s][info][gc,metaspace] GC(86) Metaspace: 42837K(46656K)->42837K(46656K) NonClass: 36009K(37632K)->36009K(37632K) Class: 6828K(9024K)->6828K(9024K)
[67.913s][info][gc          ] GC(86) Pause Young (System.gc()) 778M->778M(6121M) 0.816ms
[68.881s][info][gc,metaspace] GC(87) Metaspace: 42837K(46656K)->42837K(46656K) NonClass: 36009K(37632K)->36009K(37632K) Class: 6828K(9024K)->6828K(9024K)
[68.881s][info][gc          ] GC(87) Pause Full (System.gc()) 778M->778M(6121M) 967.898ms
[68.882s][info][gc,metaspace] GC(88) Metaspace: 42837K(46656K)->42837K(46656K) NonClass: 36009K(37632K)->36009K(37632K) Class: 6828K(9024K)->6828K(9024K)
[68.882s][info][gc          ] GC(88) Pause Young (System.gc()) 778M->778M(6119M) 0.776ms
[69.797s][info][gc,metaspace] GC(89) Metaspace: 42837K(46656K)->42837K(46656K) NonClass: 36009K(37632K)->36009K(37632K) Class: 6828K(9024K)->6828K(9024K)
[69.797s][info][gc          ] GC(89) Pause Full (System.gc()) 778M->778M(6119M) 914.993ms
[69.798s][info][gc,metaspace] GC(90) Metaspace: 42837K(46656K)->42837K(46656K) NonClass: 36009K(37632K)->36009K(37632K) Class: 6828K(9024K)->6828K(9024K)
[69.798s][info][gc          ] GC(90) Pause Young (System.gc()) 778M->778M(6125M) 0.521ms
[70.739s][info][gc,metaspace] GC(91) Metaspace: 42837K(46656K)->42837K(46656K) NonClass: 36009K(37632K)->36009K(37632K) Class: 6828K(9024K)->6828K(9024K)
[70.739s][info][gc          ] GC(91) Pause Full (System.gc()) 778M->778M(6125M) 941.013ms
[70.740s][info][gc,metaspace] GC(92) Metaspace: 42837K(46656K)->42837K(46656K) NonClass: 36009K(37632K)->36009K(37632K) Class: 6828K(9024K)->6828K(9024K)
[70.740s][info][gc          ] GC(92) Pause Young (System.gc()) 778M->778M(6123M) 0.833ms
[71.677s][info][gc,metaspace] GC(93) Metaspace: 42837K(46656K)->42837K(46656K) NonClass: 36009K(37632K)->36009K(37632K) Class: 6828K(9024K)->6828K(9024K)
[71.678s][info][gc          ] GC(93) Pause Full (System.gc()) 778M->778M(6123M) 937.684ms
[71.678s][info][gc,metaspace] GC(94) Metaspace: 42837K(46656K)->42837K(46656K) NonClass: 36009K(37632K)->36009K(37632K) Class: 6828K(9024K)->6828K(9024K)
[71.678s][info][gc          ] GC(94) Pause Young (System.gc()) 778M->778M(6128M) 0.813ms
[72.609s][info][gc,metaspace] GC(95) Metaspace: 42837K(46656K)->42837K(46656K) NonClass: 36009K(37632K)->36009K(37632K) Class: 6828K(9024K)->6828K(9024K)
[72.609s][info][gc          ] GC(95) Pause Full (System.gc()) 778M->778M(6128M) 930.981ms
[72.610s][info][gc,metaspace] GC(96) Metaspace: 42837K(46656K)->42837K(46656K) NonClass: 36009K(37632K)->36009K(37632K) Class: 6828K(9024K)->6828K(9024K)
[72.610s][info][gc          ] GC(96) Pause Young (System.gc()) 778M->778M(6126M) 0.760ms
[73.545s][info][gc,metaspace] GC(97) Metaspace: 42837K(46656K)->42837K(46656K) NonClass: 36009K(37632K)->36009K(37632K) Class: 6828K(9024K)->6828K(9024K)
[73.545s][info][gc          ] GC(97) Pause Full (System.gc()) 778M->778M(6126M) 934.168ms
[73.550s][info][gc,metaspace] GC(98) Metaspace: 42837K(46656K)->42837K(46656K) NonClass: 36009K(37632K)->36009K(37632K) Class: 6828K(9024K)->6828K(9024K)
[73.550s][info][gc          ] GC(98) Pause Young (System.gc()) 778M->778M(6130M) 0.889ms
[74.605s][info][gc,metaspace] GC(99) Metaspace: 42837K(46656K)->42837K(46656K) NonClass: 36009K(37632K)->36009K(37632K) Class: 6828K(9024K)->6828K(9024K)
[74.605s][info][gc          ] GC(99) Pause Full (System.gc()) 778M->778M(6130M) 1055.119ms
[74.606s][info][gc,metaspace] GC(100) Metaspace: 42837K(46656K)->42837K(46656K) NonClass: 36009K(37632K)->36009K(37632K) Class: 6828K(9024K)->6828K(9024K)
[74.606s][info][gc          ] GC(100) Pause Young (System.gc()) 778M->778M(6129M) 0.837ms
[75.572s][info][gc,metaspace] GC(101) Metaspace: 42837K(46656K)->42837K(46656K) NonClass: 36009K(37632K)->36009K(37632K) Class: 6828K(9024K)->6828K(9024K)
[75.572s][info][gc          ] GC(101) Pause Full (System.gc()) 778M->778M(6129M) 965.823ms
[75.573s][info][gc,metaspace] GC(102) Metaspace: 42837K(46656K)->42837K(46656K) NonClass: 36009K(37632K)->36009K(37632K) Class: 6828K(9024K)->6828K(9024K)
[75.573s][info][gc          ] GC(102) Pause Young (System.gc()) 778M->778M(6132M) 0.803ms
[76.498s][info][gc,metaspace] GC(103) Metaspace: 42837K(46656K)->42837K(46656K) NonClass: 36009K(37632K)->36009K(37632K) Class: 6828K(9024K)->6828K(9024K)
[76.498s][info][gc          ] GC(103) Pause Full (System.gc()) 778M->778M(6132M) 925.555ms
[76.499s][info][gc,metaspace] GC(104) Metaspace: 42837K(46656K)->42837K(46656K) NonClass: 36009K(37632K)->36009K(37632K) Class: 6828K(9024K)->6828K(9024K)
[76.499s][info][gc          ] GC(104) Pause Young (System.gc()) 778M->778M(6131M) 0.872ms
[77.420s][info][gc,metaspace] GC(105) Metaspace: 42837K(46656K)->42837K(46656K) NonClass: 36009K(37632K)->36009K(37632K) Class: 6828K(9024K)->6828K(9024K)
[77.420s][info][gc          ] GC(105) Pause Full (System.gc()) 778M->778M(6131M) 920.542ms
[77.421s][info][gc,metaspace] GC(106) Metaspace: 42837K(46656K)->42837K(46656K) NonClass: 36009K(37632K)->36009K(37632K) Class: 6828K(9024K)->6828K(9024K)
[77.421s][info][gc          ] GC(106) Pause Young (System.gc()) 778M->778M(6134M) 0.970ms
[78.381s][info][gc,metaspace] GC(107) Metaspace: 42837K(46656K)->42837K(46656K) NonClass: 36009K(37632K)->36009K(37632K) Class: 6828K(9024K)->6828K(9024K)
[78.381s][info][gc          ] GC(107) Pause Full (System.gc()) 778M->778M(6134M) 960.252ms
[78.382s][info][gc,metaspace] GC(108) Metaspace: 42837K(46656K)->42837K(46656K) NonClass: 36009K(37632K)->36009K(37632K) Class: 6828K(9024K)->6828K(9024K)
[78.382s][info][gc          ] GC(108) Pause Young (System.gc()) 778M->778M(6133M) 0.771ms
[79.314s][info][gc,metaspace] GC(109) Metaspace: 42837K(46656K)->42837K(46656K) NonClass: 36009K(37632K)->36009K(37632K) Class: 6828K(9024K)->6828K(9024K)
[79.314s][info][gc          ] GC(109) Pause Full (System.gc()) 778M->778M(6133M) 932.064ms
[79.315s][info][gc,metaspace] GC(110) Metaspace: 42837K(46656K)->42837K(46656K) NonClass: 36009K(37632K)->36009K(37632K) Class: 6828K(9024K)->6828K(9024K)
[79.315s][info][gc          ] GC(110) Pause Young (System.gc()) 778M->778M(6136M) 0.861ms
[80.265s][info][gc,metaspace] GC(111) Metaspace: 42837K(46656K)->42837K(46656K) NonClass: 36009K(37632K)->36009K(37632K) Class: 6828K(9024K)->6828K(9024K)
[80.265s][info][gc          ] GC(111) Pause Full (System.gc()) 778M->778M(6136M) 949.439ms
[80.266s][info][gc,metaspace] GC(112) Metaspace: 42837K(46656K)->42837K(46656K) NonClass: 36009K(37632K)->36009K(37632K) Class: 6828K(9024K)->6828K(9024K)
[80.266s][info][gc          ] GC(112) Pause Young (System.gc()) 778M->778M(6135M) 0.830ms
[81.203s][info][gc,metaspace] GC(113) Metaspace: 42837K(46656K)->42837K(46656K) NonClass: 36009K(37632K)->36009K(37632K) Class: 6828K(9024K)->6828K(9024K)
[81.203s][info][gc          ] GC(113) Pause Full (System.gc()) 778M->778M(6135M) 937.603ms
[81.204s][info][gc,metaspace] GC(114) Metaspace: 42837K(46656K)->42837K(46656K) NonClass: 36009K(37632K)->36009K(37632K) Class: 6828K(9024K)->6828K(9024K)
[81.204s][info][gc          ] GC(114) Pause Young (System.gc()) 778M->778M(6137M) 0.852ms
[82.154s][info][gc,metaspace] GC(115) Metaspace: 42837K(46656K)->42837K(46656K) NonClass: 36009K(37632K)->36009K(37632K) Class: 6828K(9024K)->6828K(9024K)
[82.154s][info][gc          ] GC(115) Pause Full (System.gc()) 778M->778M(6137M) 950.113ms
[82.155s][info][gc,metaspace] GC(116) Metaspace: 42837K(46656K)->42837K(46656K) NonClass: 36009K(37632K)->36009K(37632K) Class: 6828K(9024K)->6828K(9024K)
[82.155s][info][gc          ] GC(116) Pause Young (System.gc()) 778M->778M(6136M) 0.437ms
[83.071s][info][gc,metaspace] GC(117) Metaspace: 42837K(46656K)->42837K(46656K) NonClass: 36009K(37632K)->36009K(37632K) Class: 6828K(9024K)->6828K(9024K)
[83.071s][info][gc          ] GC(117) Pause Full (System.gc()) 778M->778M(6136M) 915.630ms
[83.072s][info][gc,metaspace] GC(118) Metaspace: 42837K(46656K)->42837K(46656K) NonClass: 36009K(37632K)->36009K(37632K) Class: 6828K(9024K)->6828K(9024K)
[83.072s][info][gc          ] GC(118) Pause Young (System.gc()) 778M->778M(6138M) 0.826ms
[84.013s][info][gc,metaspace] GC(119) Metaspace: 42837K(46656K)->42837K(46656K) NonClass: 36009K(37632K)->36009K(37632K) Class: 6828K(9024K)->6828K(9024K)
[84.013s][info][gc          ] GC(119) Pause Full (System.gc()) 778M->778M(6138M) 941.644ms
[84.014s][info][gc,metaspace] GC(120) Metaspace: 42837K(46656K)->42837K(46656K) NonClass: 36009K(37632K)->36009K(37632K) Class: 6828K(9024K)->6828K(9024K)
[84.014s][info][gc          ] GC(120) Pause Young (System.gc()) 778M->778M(6138M) 0.831ms
[84.943s][info][gc,metaspace] GC(121) Metaspace: 42837K(46656K)->42837K(46656K) NonClass: 36009K(37632K)->36009K(37632K) Class: 6828K(9024K)->6828K(9024K)
[84.943s][info][gc          ] GC(121) Pause Full (System.gc()) 778M->778M(6138M) 928.760ms
[84.944s][info][gc,metaspace] GC(122) Metaspace: 42837K(46656K)->42837K(46656K) NonClass: 36009K(37632K)->36009K(37632K) Class: 6828K(9024K)->6828K(9024K)
[84.944s][info][gc          ] GC(122) Pause Young (System.gc()) 778M->778M(6139M) 0.874ms
[85.908s][info][gc,metaspace] GC(123) Metaspace: 42837K(46656K)->42837K(46656K) NonClass: 36009K(37632K)->36009K(37632K) Class: 6828K(9024K)->6828K(9024K)
[85.908s][info][gc          ] GC(123) Pause Full (System.gc()) 778M->778M(6139M) 963.975ms
[85.909s][info][gc,metaspace] GC(124) Metaspace: 42837K(46656K)->42837K(46656K) NonClass: 36009K(37632K)->36009K(37632K) Class: 6828K(9024K)->6828K(9024K)
[85.909s][info][gc          ] GC(124) Pause Young (System.gc()) 778M->778M(6139M) 0.830ms
[86.881s][info][gc,metaspace] GC(125) Metaspace: 42837K(46656K)->42837K(46656K) NonClass: 36009K(37632K)->36009K(37632K) Class: 6828K(9024K)->6828K(9024K)
[86.881s][info][gc          ] GC(125) Pause Full (System.gc()) 778M->778M(6139M) 972.021ms
[86.882s][info][gc,metaspace] GC(126) Metaspace: 42837K(46656K)->42837K(46656K) NonClass: 36009K(37632K)->36009K(37632K) Class: 6828K(9024K)->6828K(9024K)
[86.882s][info][gc          ] GC(126) Pause Young (System.gc()) 778M->778M(6140M) 0.802ms
[87.824s][info][gc,metaspace] GC(127) Metaspace: 42837K(46656K)->42837K(46656K) NonClass: 36009K(37632K)->36009K(37632K) Class: 6828K(9024K)->6828K(9024K)
[87.824s][info][gc          ] GC(127) Pause Full (System.gc()) 778M->778M(6140M) 942.089ms
[87.825s][info][gc,metaspace] GC(128) Metaspace: 42837K(46656K)->42837K(46656K) NonClass: 36009K(37632K)->36009K(37632K) Class: 6828K(9024K)->6828K(9024K)
[87.825s][info][gc          ] GC(128) Pause Young (System.gc()) 778M->778M(6139M) 0.818ms
[88.788s][info][gc,metaspace] GC(129) Metaspace: 42837K(46656K)->42837K(46656K) NonClass: 36009K(37632K)->36009K(37632K) Class: 6828K(9024K)->6828K(9024K)
[88.788s][info][gc          ] GC(129) Pause Full (System.gc()) 778M->778M(6139M) 962.780ms
[88.789s][info][gc,metaspace] GC(130) Metaspace: 42837K(46656K)->42837K(46656K) NonClass: 36009K(37632K)->36009K(37632K) Class: 6828K(9024K)->6828K(9024K)
[88.789s][info][gc          ] GC(130) Pause Young (System.gc()) 778M->778M(6140M) 0.915ms
[89.655s][info][gc,metaspace] GC(131) Metaspace: 42837K(46656K)->42837K(46656K) NonClass: 36009K(37632K)->36009K(37632K) Class: 6828K(9024K)->6828K(9024K)
[89.655s][info][gc          ] GC(131) Pause Full (System.gc()) 778M->778M(6140M) 866.244ms
[89.656s][info][gc,metaspace] GC(132) Metaspace: 42837K(46656K)->42837K(46656K) NonClass: 36009K(37632K)->36009K(37632K) Class: 6828K(9024K)->6828K(9024K)
[89.656s][info][gc          ] GC(132) Pause Young (System.gc()) 778M->778M(6140M) 0.852ms
[90.604s][info][gc,metaspace] GC(133) Metaspace: 42837K(46656K)->42837K(46656K) NonClass: 36009K(37632K)->36009K(37632K) Class: 6828K(9024K)->6828K(9024K)
[90.604s][info][gc          ] GC(133) Pause Full (System.gc()) 778M->778M(6140M) 947.749ms
[90.605s][info][gc,metaspace] GC(134) Metaspace: 42837K(46656K)->42837K(46656K) NonClass: 36009K(37632K)->36009K(37632K) Class: 6828K(9024K)->6828K(9024K)
[90.605s][info][gc          ] GC(134) Pause Young (System.gc()) 778M->778M(6141M) 0.820ms
[91.528s][info][gc,metaspace] GC(135) Metaspace: 42837K(46656K)->42837K(46656K) NonClass: 36009K(37632K)->36009K(37632K) Class: 6828K(9024K)->6828K(9024K)
[91.528s][info][gc          ] GC(135) Pause Full (System.gc()) 778M->778M(6141M) 923.362ms
[91.529s][info][gc,metaspace] GC(136) Metaspace: 42837K(46656K)->42837K(46656K) NonClass: 36009K(37632K)->36009K(37632K) Class: 6828K(9024K)->6828K(9024K)
[91.529s][info][gc          ] GC(136) Pause Young (System.gc()) 778M->778M(6141M) 0.465ms
[92.492s][info][gc,metaspace] GC(137) Metaspace: 42837K(46656K)->42837K(46656K) NonClass: 36009K(37632K)->36009K(37632K) Class: 6828K(9024K)->6828K(9024K)
[92.492s][info][gc          ] GC(137) Pause Full (System.gc()) 778M->778M(6141M) 962.760ms
[92.492s][info][gc,metaspace] GC(138) Metaspace: 42837K(46656K)->42837K(46656K) NonClass: 36009K(37632K)->36009K(37632K) Class: 6828K(9024K)->6828K(9024K)
[92.492s][info][gc          ] GC(138) Pause Young (System.gc()) 778M->778M(6141M) 0.779ms
[93.393s][info][gc,metaspace] GC(139) Metaspace: 42837K(46656K)->42837K(46656K) NonClass: 36009K(37632K)->36009K(37632K) Class: 6828K(9024K)->6828K(9024K)
[93.393s][info][gc          ] GC(139) Pause Full (System.gc()) 778M->778M(6141M) 900.782ms
[93.394s][info][gc,metaspace] GC(140) Metaspace: 42837K(46656K)->42837K(46656K) NonClass: 36009K(37632K)->36009K(37632K) Class: 6828K(9024K)->6828K(9024K)
[93.394s][info][gc          ] GC(140) Pause Young (System.gc()) 778M->778M(6141M) 0.503ms
[94.319s][info][gc,metaspace] GC(141) Metaspace: 42837K(46656K)->42837K(46656K) NonClass: 36009K(37632K)->36009K(37632K) Class: 6828K(9024K)->6828K(9024K)
[94.319s][info][gc          ] GC(141) Pause Full (System.gc()) 778M->778M(6141M) 925.044ms
[94.320s][info][gc,metaspace] GC(142) Metaspace: 42837K(46656K)->42837K(46656K) NonClass: 36009K(37632K)->36009K(37632K) Class: 6828K(9024K)->6828K(9024K)
[94.320s][info][gc          ] GC(142) Pause Young (System.gc()) 778M->778M(6142M) 0.547ms
[95.267s][info][gc,metaspace] GC(143) Metaspace: 42837K(46656K)->42837K(46656K) NonClass: 36009K(37632K)->36009K(37632K) Class: 6828K(9024K)->6828K(9024K)
[95.267s][info][gc          ] GC(143) Pause Full (System.gc()) 778M->778M(6142M) 947.135ms
[95.272s][info][gc,metaspace] GC(144) Metaspace: 42837K(46656K)->42837K(46656K) NonClass: 36009K(37632K)->36009K(37632K) Class: 6828K(9024K)->6828K(9024K)
[95.272s][info][gc          ] GC(144) Pause Young (System.gc()) 778M->778M(6142M) 0.738ms
[96.212s][info][gc,metaspace] GC(145) Metaspace: 42837K(46656K)->42837K(46656K) NonClass: 36009K(37632K)->36009K(37632K) Class: 6828K(9024K)->6828K(9024K)
[96.212s][info][gc          ] GC(145) Pause Full (System.gc()) 778M->778M(6142M) 940.379ms
[96.213s][info][gc,metaspace] GC(146) Metaspace: 42837K(46656K)->42837K(46656K) NonClass: 36009K(37632K)->36009K(37632K) Class: 6828K(9024K)->6828K(9024K)
[96.213s][info][gc          ] GC(146) Pause Young (System.gc()) 778M->778M(6142M) 0.874ms
[97.127s][info][gc,metaspace] GC(147) Metaspace: 42837K(46656K)->42837K(46656K) NonClass: 36009K(37632K)->36009K(37632K) Class: 6828K(9024K)->6828K(9024K)
[97.127s][info][gc          ] GC(147) Pause Full (System.gc()) 778M->778M(6142M) 914.075ms
[97.128s][info][gc,metaspace] GC(148) Metaspace: 42837K(46656K)->42837K(46656K) NonClass: 36009K(37632K)->36009K(37632K) Class: 6828K(9024K)->6828K(9024K)
[97.128s][info][gc          ] GC(148) Pause Young (System.gc()) 778M->778M(6142M) 0.869ms
[98.063s][info][gc,metaspace] GC(149) Metaspace: 42837K(46656K)->42837K(46656K) NonClass: 36009K(37632K)->36009K(37632K) Class: 6828K(9024K)->6828K(9024K)
[98.063s][info][gc          ] GC(149) Pause Full (System.gc()) 778M->778M(6142M) 934.343ms
[98.064s][info][gc,metaspace] GC(150) Metaspace: 42837K(46656K)->42837K(46656K) NonClass: 36009K(37632K)->36009K(37632K) Class: 6828K(9024K)->6828K(9024K)
[98.064s][info][gc          ] GC(150) Pause Young (System.gc()) 778M->778M(6142M) 0.924ms
[99.004s][info][gc,metaspace] GC(151) Metaspace: 42837K(46656K)->42837K(46656K) NonClass: 36009K(37632K)->36009K(37632K) Class: 6828K(9024K)->6828K(9024K)
[99.004s][info][gc          ] GC(151) Pause Full (System.gc()) 778M->778M(6142M) 940.586ms
[99.005s][info][gc,metaspace] GC(152) Metaspace: 42837K(46656K)->42837K(46656K) NonClass: 36009K(37632K)->36009K(37632K) Class: 6828K(9024K)->6828K(9024K)
[99.005s][info][gc          ] GC(152) Pause Young (System.gc()) 778M->778M(6142M) 0.787ms
[99.930s][info][gc,metaspace] GC(153) Metaspace: 42837K(46656K)->42837K(46656K) NonClass: 36009K(37632K)->36009K(37632K) Class: 6828K(9024K)->6828K(9024K)
[99.930s][info][gc          ] GC(153) Pause Full (System.gc()) 778M->778M(6142M) 924.429ms
[99.931s][info][gc,metaspace] GC(154) Metaspace: 42837K(46656K)->42837K(46656K) NonClass: 36009K(37632K)->36009K(37632K) Class: 6828K(9024K)->6828K(9024K)
[99.931s][info][gc          ] GC(154) Pause Young (System.gc()) 778M->778M(6142M) 0.790ms
[100.870s][info][gc,metaspace] GC(155) Metaspace: 42837K(46656K)->42837K(46656K) NonClass: 36009K(37632K)->36009K(37632K) Class: 6828K(9024K)->6828K(9024K)
[100.870s][info][gc          ] GC(155) Pause Full (System.gc()) 778M->778M(6142M) 939.406ms
[100.875s][info][gc,metaspace] GC(156) Metaspace: 42837K(46656K)->42837K(46656K) NonClass: 36009K(37632K)->36009K(37632K) Class: 6828K(9024K)->6828K(9024K)
[100.875s][info][gc          ] GC(156) Pause Young (System.gc()) 778M->778M(6142M) 0.800ms
[101.828s][info][gc,metaspace] GC(157) Metaspace: 42837K(46656K)->42837K(46656K) NonClass: 36009K(37632K)->36009K(37632K) Class: 6828K(9024K)->6828K(9024K)
[101.828s][info][gc          ] GC(157) Pause Full (System.gc()) 778M->778M(6142M) 952.369ms
[101.829s][info][gc,metaspace] GC(158) Metaspace: 42837K(46656K)->42837K(46656K) NonClass: 36009K(37632K)->36009K(37632K) Class: 6828K(9024K)->6828K(9024K)
[101.829s][info][gc          ] GC(158) Pause Young (System.gc()) 778M->778M(6143M) 0.885ms
[102.715s][info][gc,metaspace] GC(159) Metaspace: 42837K(46656K)->42837K(46656K) NonClass: 36009K(37632K)->36009K(37632K) Class: 6828K(9024K)->6828K(9024K)
[102.715s][info][gc          ] GC(159) Pause Full (System.gc()) 778M->778M(6143M) 886.419ms
[102.716s][info][gc,metaspace] GC(160) Metaspace: 42837K(46656K)->42837K(46656K) NonClass: 36009K(37632K)->36009K(37632K) Class: 6828K(9024K)->6828K(9024K)
[102.716s][info][gc          ] GC(160) Pause Young (System.gc()) 778M->778M(6143M) 0.786ms
[103.656s][info][gc,metaspace] GC(161) Metaspace: 42837K(46656K)->42837K(46656K) NonClass: 36009K(37632K)->36009K(37632K) Class: 6828K(9024K)->6828K(9024K)
[103.656s][info][gc          ] GC(161) Pause Full (System.gc()) 778M->778M(6143M) 939.810ms
[103.657s][info][gc,metaspace] GC(162) Metaspace: 42837K(46656K)->42837K(46656K) NonClass: 36009K(37632K)->36009K(37632K) Class: 6828K(9024K)->6828K(9024K)
[103.657s][info][gc          ] GC(162) Pause Young (System.gc()) 778M->778M(6143M) 0.798ms
[104.579s][info][gc,metaspace] GC(163) Metaspace: 42837K(46656K)->42837K(46656K) NonClass: 36009K(37632K)->36009K(37632K) Class: 6828K(9024K)->6828K(9024K)
[104.579s][info][gc          ] GC(163) Pause Full (System.gc()) 778M->778M(6143M) 921.878ms
[104.580s][info][gc,metaspace] GC(164) Metaspace: 42837K(46656K)->42837K(46656K) NonClass: 36009K(37632K)->36009K(37632K) Class: 6828K(9024K)->6828K(9024K)
[104.580s][info][gc          ] GC(164) Pause Young (System.gc()) 778M->778M(6143M) 0.849ms
[105.497s][info][gc,metaspace] GC(165) Metaspace: 42837K(46656K)->42837K(46656K) NonClass: 36009K(37632K)->36009K(37632K) Class: 6828K(9024K)->6828K(9024K)
[105.497s][info][gc          ] GC(165) Pause Full (System.gc()) 778M->778M(6143M) 917.571ms
[105.498s][info][gc,metaspace] GC(166) Metaspace: 42837K(46656K)->42837K(46656K) NonClass: 36009K(37632K)->36009K(37632K) Class: 6828K(9024K)->6828K(9024K)
[105.498s][info][gc          ] GC(166) Pause Young (System.gc()) 778M->778M(6143M) 0.714ms
[106.482s][info][gc,metaspace] GC(167) Metaspace: 42837K(46656K)->42837K(46656K) NonClass: 36009K(37632K)->36009K(37632K) Class: 6828K(9024K)->6828K(9024K)
[106.482s][info][gc          ] GC(167) Pause Full (System.gc()) 778M->778M(6143M) 984.064ms
[106.487s][info][gc,metaspace] GC(168) Metaspace: 42837K(46656K)->42837K(46656K) NonClass: 36009K(37632K)->36009K(37632K) Class: 6828K(9024K)->6828K(9024K)
[106.487s][info][gc          ] GC(168) Pause Young (System.gc()) 778M->778M(6143M) 0.865ms
[107.420s][info][gc,metaspace] GC(169) Metaspace: 42837K(46656K)->42837K(46656K) NonClass: 36009K(37632K)->36009K(37632K) Class: 6828K(9024K)->6828K(9024K)
[107.420s][info][gc          ] GC(169) Pause Full (System.gc()) 778M->778M(6143M) 932.133ms
[107.420s][info][gc,metaspace] GC(170) Metaspace: 42837K(46656K)->42837K(46656K) NonClass: 36009K(37632K)->36009K(37632K) Class: 6828K(9024K)->6828K(9024K)
[107.421s][info][gc          ] GC(170) Pause Young (System.gc()) 778M->778M(6143M) 0.824ms
[108.360s][info][gc,metaspace] GC(171) Metaspace: 42837K(46656K)->42837K(46656K) NonClass: 36009K(37632K)->36009K(37632K) Class: 6828K(9024K)->6828K(9024K)
[108.360s][info][gc          ] GC(171) Pause Full (System.gc()) 778M->778M(6143M) 939.497ms
[108.361s][info][gc,metaspace] GC(172) Metaspace: 42837K(46656K)->42837K(46656K) NonClass: 36009K(37632K)->36009K(37632K) Class: 6828K(9024K)->6828K(9024K)
[108.361s][info][gc          ] GC(172) Pause Young (System.gc()) 778M->778M(6143M) 0.887ms
[109.300s][info][gc,metaspace] GC(173) Metaspace: 42837K(46656K)->42837K(46656K) NonClass: 36009K(37632K)->36009K(37632K) Class: 6828K(9024K)->6828K(9024K)
[109.300s][info][gc          ] GC(173) Pause Full (System.gc()) 778M->778M(6143M) 939.328ms
[109.301s][info][gc,metaspace] GC(174) Metaspace: 42837K(46656K)->42837K(46656K) NonClass: 36009K(37632K)->36009K(37632K) Class: 6828K(9024K)->6828K(9024K)
[109.301s][info][gc          ] GC(174) Pause Young (System.gc()) 778M->778M(6143M) 0.498ms
[110.221s][info][gc,metaspace] GC(175) Metaspace: 42837K(46656K)->42837K(46656K) NonClass: 36009K(37632K)->36009K(37632K) Class: 6828K(9024K)->6828K(9024K)
[110.221s][info][gc          ] GC(175) Pause Full (System.gc()) 778M->778M(6143M) 919.820ms
[110.221s][info][gc,metaspace] GC(176) Metaspace: 42837K(46656K)->42837K(46656K) NonClass: 36009K(37632K)->36009K(37632K) Class: 6828K(9024K)->6828K(9024K)
[110.222s][info][gc          ] GC(176) Pause Young (System.gc()) 778M->778M(6143M) 0.515ms
[111.140s][info][gc,metaspace] GC(177) Metaspace: 42837K(46656K)->42837K(46656K) NonClass: 36009K(37632K)->36009K(37632K) Class: 6828K(9024K)->6828K(9024K)
[111.140s][info][gc          ] GC(177) Pause Full (System.gc()) 778M->778M(6143M) 918.275ms
[111.140s][info][gc,metaspace] GC(178) Metaspace: 42837K(46656K)->42837K(46656K) NonClass: 36009K(37632K)->36009K(37632K) Class: 6828K(9024K)->6828K(9024K)
[111.140s][info][gc          ] GC(178) Pause Young (System.gc()) 778M->778M(6143M) 0.491ms
[112.058s][info][gc,metaspace] GC(179) Metaspace: 42837K(46656K)->42837K(46656K) NonClass: 36009K(37632K)->36009K(37632K) Class: 6828K(9024K)->6828K(9024K)
[112.058s][info][gc          ] GC(179) Pause Full (System.gc()) 778M->778M(6143M) 918.033ms
[112.059s][info][gc,metaspace] GC(180) Metaspace: 42837K(46656K)->42837K(46656K) NonClass: 36009K(37632K)->36009K(37632K) Class: 6828K(9024K)->6828K(9024K)
[112.059s][info][gc          ] GC(180) Pause Young (System.gc()) 778M->778M(6143M) 0.500ms
[113.002s][info][gc,metaspace] GC(181) Metaspace: 42837K(46656K)->42837K(46656K) NonClass: 36009K(37632K)->36009K(37632K) Class: 6828K(9024K)->6828K(9024K)
[113.002s][info][gc          ] GC(181) Pause Full (System.gc()) 778M->778M(6143M) 942.718ms
[113.003s][info][gc,metaspace] GC(182) Metaspace: 42837K(46656K)->42837K(46656K) NonClass: 36009K(37632K)->36009K(37632K) Class: 6828K(9024K)->6828K(9024K)
[113.003s][info][gc          ] GC(182) Pause Young (System.gc()) 778M->778M(6143M) 0.826ms
[113.980s][info][gc,metaspace] GC(183) Metaspace: 42837K(46656K)->42837K(46656K) NonClass: 36009K(37632K)->36009K(37632K) Class: 6828K(9024K)->6828K(9024K)
[113.980s][info][gc          ] GC(183) Pause Full (System.gc()) 778M->778M(6143M) 976.815ms
[113.980s][info][gc,metaspace] GC(184) Metaspace: 42837K(46656K)->42837K(46656K) NonClass: 36009K(37632K)->36009K(37632K) Class: 6828K(9024K)->6828K(9024K)
[113.980s][info][gc          ] GC(184) Pause Young (System.gc()) 778M->778M(6143M) 0.496ms
[114.914s][info][gc,metaspace] GC(185) Metaspace: 42837K(46656K)->42837K(46656K) NonClass: 36009K(37632K)->36009K(37632K) Class: 6828K(9024K)->6828K(9024K)
[114.914s][info][gc          ] GC(185) Pause Full (System.gc()) 778M->778M(6143M) 934.230ms
[114.915s][info][gc,metaspace] GC(186) Metaspace: 42837K(46656K)->42837K(46656K) NonClass: 36009K(37632K)->36009K(37632K) Class: 6828K(9024K)->6828K(9024K)
[114.915s][info][gc          ] GC(186) Pause Young (System.gc()) 778M->778M(6143M) 0.824ms
[115.835s][info][gc,metaspace] GC(187) Metaspace: 42837K(46656K)->42837K(46656K) NonClass: 36009K(37632K)->36009K(37632K) Class: 6828K(9024K)->6828K(9024K)
[115.835s][info][gc          ] GC(187) Pause Full (System.gc()) 778M->778M(6143M) 919.393ms
[115.835s][info][gc,metaspace] GC(188) Metaspace: 42837K(46656K)->42837K(46656K) NonClass: 36009K(37632K)->36009K(37632K) Class: 6828K(9024K)->6828K(9024K)
[115.835s][info][gc          ] GC(188) Pause Young (System.gc()) 778M->778M(6143M) 0.467ms
[116.758s][info][gc,metaspace] GC(189) Metaspace: 42837K(46656K)->42837K(46656K) NonClass: 36009K(37632K)->36009K(37632K) Class: 6828K(9024K)->6828K(9024K)
[116.758s][info][gc          ] GC(189) Pause Full (System.gc()) 778M->778M(6143M) 922.612ms
[116.759s][info][gc,metaspace] GC(190) Metaspace: 42837K(46656K)->42837K(46656K) NonClass: 36009K(37632K)->36009K(37632K) Class: 6828K(9024K)->6828K(9024K)
[116.759s][info][gc          ] GC(190) Pause Young (System.gc()) 778M->778M(6143M) 0.807ms
[117.722s][info][gc,metaspace] GC(191) Metaspace: 42837K(46656K)->42837K(46656K) NonClass: 36009K(37632K)->36009K(37632K) Class: 6828K(9024K)->6828K(9024K)
[117.722s][info][gc          ] GC(191) Pause Full (System.gc()) 778M->778M(6143M) 962.871ms
[117.727s][info][gc,metaspace] GC(192) Metaspace: 42837K(46656K)->42837K(46656K) NonClass: 36009K(37632K)->36009K(37632K) Class: 6828K(9024K)->6828K(9024K)
[117.727s][info][gc          ] GC(192) Pause Young (System.gc()) 778M->778M(6143M) 0.819ms
[118.716s][info][gc,metaspace] GC(193) Metaspace: 42837K(46656K)->42837K(46656K) NonClass: 36009K(37632K)->36009K(37632K) Class: 6828K(9024K)->6828K(9024K)
[118.716s][info][gc          ] GC(193) Pause Full (System.gc()) 778M->778M(6143M) 988.531ms
[118.716s][info][gc,metaspace] GC(194) Metaspace: 42837K(46656K)->42837K(46656K) NonClass: 36009K(37632K)->36009K(37632K) Class: 6828K(9024K)->6828K(9024K)
[118.716s][info][gc          ] GC(194) Pause Young (System.gc()) 778M->778M(6143M) 0.717ms
[119.659s][info][gc,metaspace] GC(195) Metaspace: 42837K(46656K)->42837K(46656K) NonClass: 36009K(37632K)->36009K(37632K) Class: 6828K(9024K)->6828K(9024K)
[119.659s][info][gc          ] GC(195) Pause Full (System.gc()) 778M->778M(6143M) 942.485ms
[119.660s][info][gc,metaspace] GC(196) Metaspace: 42837K(46656K)->42837K(46656K) NonClass: 36009K(37632K)->36009K(37632K) Class: 6828K(9024K)->6828K(9024K)
[119.660s][info][gc          ] GC(196) Pause Young (System.gc()) 778M->778M(6143M) 0.772ms
[120.642s][info][gc,metaspace] GC(197) Metaspace: 42837K(46656K)->42837K(46656K) NonClass: 36009K(37632K)->36009K(37632K) Class: 6828K(9024K)->6828K(9024K)
[120.642s][info][gc          ] GC(197) Pause Full (System.gc()) 778M->778M(6143M) 981.970ms
[120.642s][info][gc,metaspace] GC(198) Metaspace: 42837K(46656K)->42837K(46656K) NonClass: 36009K(37632K)->36009K(37632K) Class: 6828K(9024K)->6828K(9024K)
[120.642s][info][gc          ] GC(198) Pause Young (System.gc()) 778M->778M(6143M) 0.488ms
[121.604s][info][gc,metaspace] GC(199) Metaspace: 42837K(46656K)->42837K(46656K) NonClass: 36009K(37632K)->36009K(37632K) Class: 6828K(9024K)->6828K(9024K)
[121.604s][info][gc          ] GC(199) Pause Full (System.gc()) 778M->778M(6143M) 961.441ms
[121.605s][info][gc,metaspace] GC(200) Metaspace: 42837K(46656K)->42837K(46656K) NonClass: 36009K(37632K)->36009K(37632K) Class: 6828K(9024K)->6828K(9024K)
[121.605s][info][gc          ] GC(200) Pause Young (System.gc()) 778M->778M(6143M) 0.873ms
[122.556s][info][gc,metaspace] GC(201) Metaspace: 42837K(46656K)->42837K(46656K) NonClass: 36009K(37632K)->36009K(37632K) Class: 6828K(9024K)->6828K(9024K)
[122.556s][info][gc          ] GC(201) Pause Full (System.gc()) 778M->778M(6143M) 951.001ms
[122.557s][info][gc,metaspace] GC(202) Metaspace: 42837K(46656K)->42837K(46656K) NonClass: 36009K(37632K)->36009K(37632K) Class: 6828K(9024K)->6828K(9024K)
[122.557s][info][gc          ] GC(202) Pause Young (System.gc()) 778M->778M(6143M) 0.468ms
[123.486s][info][gc,metaspace] GC(203) Metaspace: 42837K(46656K)->42837K(46656K) NonClass: 36009K(37632K)->36009K(37632K) Class: 6828K(9024K)->6828K(9024K)
[123.486s][info][gc          ] GC(203) Pause Full (System.gc()) 778M->778M(6143M) 929.505ms
[123.487s][info][gc,metaspace] GC(204) Metaspace: 42837K(46656K)->42837K(46656K) NonClass: 36009K(37632K)->36009K(37632K) Class: 6828K(9024K)->6828K(9024K)
[123.487s][info][gc          ] GC(204) Pause Young (System.gc()) 778M->778M(6143M) 0.454ms
[124.467s][info][gc,metaspace] GC(205) Metaspace: 42837K(46656K)->42837K(46656K) NonClass: 36009K(37632K)->36009K(37632K) Class: 6828K(9024K)->6828K(9024K)
[124.467s][info][gc          ] GC(205) Pause Full (System.gc()) 778M->778M(6143M) 980.262ms
[124.468s][info][gc,metaspace] GC(206) Metaspace: 42837K(46656K)->42837K(46656K) NonClass: 36009K(37632K)->36009K(37632K) Class: 6828K(9024K)->6828K(9024K)
[124.468s][info][gc          ] GC(206) Pause Young (System.gc()) 778M->778M(6143M) 0.835ms
[125.402s][info][gc,metaspace] GC(207) Metaspace: 42837K(46656K)->42837K(46656K) NonClass: 36009K(37632K)->36009K(37632K) Class: 6828K(9024K)->6828K(9024K)
[125.402s][info][gc          ] GC(207) Pause Full (System.gc()) 778M->778M(6143M) 933.887ms
[125.403s][info][gc,metaspace] GC(208) Metaspace: 42837K(46656K)->42837K(46656K) NonClass: 36009K(37632K)->36009K(37632K) Class: 6828K(9024K)->6828K(9024K)
[125.403s][info][gc          ] GC(208) Pause Young (System.gc()) 778M->778M(6143M) 0.876ms
[126.346s][info][gc,metaspace] GC(209) Metaspace: 42837K(46656K)->42837K(46656K) NonClass: 36009K(37632K)->36009K(37632K) Class: 6828K(9024K)->6828K(9024K)
[126.346s][info][gc          ] GC(209) Pause Full (System.gc()) 778M->778M(6143M) 942.896ms
After GCs... 
