Done; will start GCs... 
[65.994s][info][gc,metaspace] GC(20) Metaspace: 154420K(199424K)->154420K(199424K) NonClass: 50944K(54080K)->50944K(54080K) Class: 103475K(145344K)->103475K(145344K)
[65.995s][info][gc          ] GC(20) Pause Young (System.gc()) 1017M->991M(5812M) 117.529ms
[67.135s][info][gc,metaspace] GC(21) Metaspace: 154420K(199424K)->154420K(199424K) NonClass: 50944K(54080K)->50944K(54080K) Class: 103475K(145344K)->103475K(145344K)
[67.135s][info][gc          ] GC(21) Pause Full (System.gc()) 991M->785M(5812M) 1140.914ms
[67.136s][info][gc,metaspace] GC(22) Metaspace: 154420K(199424K)->154420K(199424K) NonClass: 50944K(54080K)->50944K(54080K) Class: 103475K(145344K)->103475K(145344K)
[67.136s][info][gc          ] GC(22) Pause Young (System.gc()) 785M->785M(5821M) 0.687ms
[67.893s][info][gc,metaspace] GC(23) Metaspace: 154420K(199424K)->154420K(199424K) NonClass: 50944K(54080K)->50944K(54080K) Class: 103475K(145344K)->103475K(145344K)
[67.893s][info][gc          ] GC(23) Pause Full (System.gc()) 785M->785M(5821M) 756.899ms
[67.895s][info][gc,metaspace] GC(24) Metaspace: 154420K(199424K)->154420K(199424K) NonClass: 50944K(54080K)->50944K(54080K) Class: 103475K(145344K)->103475K(145344K)
[67.895s][info][gc          ] GC(24) Pause Young (System.gc()) 785M->785M(5814M) 1.261ms
[68.788s][info][gc,metaspace] GC(25) Metaspace: 154420K(199424K)->154420K(199424K) NonClass: 50944K(54080K)->50944K(54080K) Class: 103475K(145344K)->103475K(145344K)
[68.788s][info][gc          ] GC(25) Pause Full (System.gc()) 785M->785M(5814M) 892.982ms
[68.789s][info][gc,metaspace] GC(26) Metaspace: 154420K(199424K)->154420K(199424K) NonClass: 50944K(54080K)->50944K(54080K) Class: 103475K(145344K)->103475K(145344K)
[68.789s][info][gc          ] GC(26) Pause Young (System.gc()) 785M->785M(5840M) 1.364ms
[69.721s][info][gc,metaspace] GC(27) Metaspace: 154420K(199424K)->154420K(199424K) NonClass: 50944K(54080K)->50944K(54080K) Class: 103475K(145344K)->103475K(145344K)
[69.721s][info][gc          ] GC(27) Pause Full (System.gc()) 785M->785M(5840M) 931.508ms
[69.722s][info][gc,metaspace] GC(28) Metaspace: 154420K(199424K)->154420K(199424K) NonClass: 50944K(54080K)->50944K(54080K) Class: 103475K(145344K)->103475K(145344K)
[69.722s][info][gc          ] GC(28) Pause Young (System.gc()) 785M->785M(5830M) 0.662ms
[70.648s][info][gc,metaspace] GC(29) Metaspace: 154420K(199424K)->154420K(199424K) NonClass: 50944K(54080K)->50944K(54080K) Class: 103475K(145344K)->103475K(145344K)
[70.648s][info][gc          ] GC(29) Pause Full (System.gc()) 785M->785M(5830M) 926.698ms
[70.650s][info][gc,metaspace] GC(30) Metaspace: 154420K(199424K)->154420K(199424K) NonClass: 50944K(54080K)->50944K(54080K) Class: 103475K(145344K)->103475K(145344K)
[70.650s][info][gc          ] GC(30) Pause Young (System.gc()) 785M->785M(5864M) 1.336ms
[71.557s][info][gc,metaspace] GC(31) Metaspace: 154420K(199424K)->154420K(199424K) NonClass: 50944K(54080K)->50944K(54080K) Class: 103475K(145344K)->103475K(145344K)
[71.557s][info][gc          ] GC(31) Pause Full (System.gc()) 785M->785M(5864M) 907.517ms
[71.559s][info][gc,metaspace] GC(32) Metaspace: 154420K(199424K)->154420K(199424K) NonClass: 50944K(54080K)->50944K(54080K) Class: 103475K(145344K)->103475K(145344K)
[71.559s][info][gc          ] GC(32) Pause Young (System.gc()) 785M->785M(5851M) 1.291ms
[72.479s][info][gc,metaspace] GC(33) Metaspace: 154420K(199424K)->154420K(199424K) NonClass: 50944K(54080K)->50944K(54080K) Class: 103475K(145344K)->103475K(145344K)
[72.479s][info][gc          ] GC(33) Pause Full (System.gc()) 785M->785M(5851M) 920.538ms
[72.480s][info][gc,metaspace] GC(34) Metaspace: 154420K(199424K)->154420K(199424K) NonClass: 50944K(54080K)->50944K(54080K) Class: 103475K(145344K)->103475K(145344K)
[72.480s][info][gc          ] GC(34) Pause Young (System.gc()) 785M->785M(5889M) 0.716ms
[73.362s][info][gc,metaspace] GC(35) Metaspace: 154420K(199424K)->154420K(199424K) NonClass: 50944K(54080K)->50944K(54080K) Class: 103475K(145344K)->103475K(145344K)
[73.363s][info][gc          ] GC(35) Pause Full (System.gc()) 785M->785M(5889M) 882.243ms
[73.364s][info][gc,metaspace] GC(36) Metaspace: 154420K(199424K)->154420K(199424K) NonClass: 50944K(54080K)->50944K(54080K) Class: 103475K(145344K)->103475K(145344K)
[73.364s][info][gc          ] GC(36) Pause Young (System.gc()) 785M->785M(5876M) 1.210ms
[74.297s][info][gc,metaspace] GC(37) Metaspace: 154420K(199424K)->154420K(199424K) NonClass: 50944K(54080K)->50944K(54080K) Class: 103475K(145344K)->103475K(145344K)
[74.297s][info][gc          ] GC(37) Pause Full (System.gc()) 785M->785M(5876M) 932.821ms
[74.298s][info][gc,metaspace] GC(38) Metaspace: 154420K(199424K)->154420K(199424K) NonClass: 50944K(54080K)->50944K(54080K) Class: 103475K(145344K)->103475K(145344K)
[74.298s][info][gc          ] GC(38) Pause Young (System.gc()) 785M->785M(5915M) 1.227ms
[75.230s][info][gc,metaspace] GC(39) Metaspace: 154420K(199424K)->154420K(199424K) NonClass: 50944K(54080K)->50944K(54080K) Class: 103475K(145344K)->103475K(145344K)
[75.230s][info][gc          ] GC(39) Pause Full (System.gc()) 785M->785M(5915M) 932.369ms
[75.232s][info][gc,metaspace] GC(40) Metaspace: 154420K(199424K)->154420K(199424K) NonClass: 50944K(54080K)->50944K(54080K) Class: 103475K(145344K)->103475K(145344K)
[75.232s][info][gc          ] GC(40) Pause Young (System.gc()) 785M->785M(5902M) 1.241ms
[76.167s][info][gc,metaspace] GC(41) Metaspace: 154420K(199424K)->154420K(199424K) NonClass: 50944K(54080K)->50944K(54080K) Class: 103475K(145344K)->103475K(145344K)
[76.167s][info][gc          ] GC(41) Pause Full (System.gc()) 785M->785M(5902M) 935.449ms
[76.169s][info][gc,metaspace] GC(42) Metaspace: 154420K(199424K)->154420K(199424K) NonClass: 50944K(54080K)->50944K(54080K) Class: 103475K(145344K)->103475K(145344K)
[76.169s][info][gc          ] GC(42) Pause Young (System.gc()) 785M->785M(5940M) 1.265ms
[77.076s][info][gc,metaspace] GC(43) Metaspace: 154420K(199424K)->154420K(199424K) NonClass: 50944K(54080K)->50944K(54080K) Class: 103475K(145344K)->103475K(145344K)
[77.076s][info][gc          ] GC(43) Pause Full (System.gc()) 785M->785M(5940M) 907.328ms
[77.081s][info][gc,metaspace] GC(44) Metaspace: 154420K(199424K)->154420K(199424K) NonClass: 50944K(54080K)->50944K(54080K) Class: 103475K(145344K)->103475K(145344K)
[77.081s][info][gc          ] GC(44) Pause Young (System.gc()) 785M->785M(5928M) 0.822ms
[78.025s][info][gc,metaspace] GC(45) Metaspace: 154420K(199424K)->154420K(199424K) NonClass: 50944K(54080K)->50944K(54080K) Class: 103475K(145344K)->103475K(145344K)
[78.025s][info][gc          ] GC(45) Pause Full (System.gc()) 785M->785M(5928M) 943.548ms
[78.026s][info][gc,metaspace] GC(46) Metaspace: 154420K(199424K)->154420K(199424K) NonClass: 50944K(54080K)->50944K(54080K) Class: 103475K(145344K)->103475K(145344K)
[78.026s][info][gc          ] GC(46) Pause Young (System.gc()) 785M->785M(5964M) 1.315ms
[78.936s][info][gc,metaspace] GC(47) Metaspace: 154420K(199424K)->154420K(199424K) NonClass: 50944K(54080K)->50944K(54080K) Class: 103475K(145344K)->103475K(145344K)
[78.936s][info][gc          ] GC(47) Pause Full (System.gc()) 785M->785M(5964M) 909.464ms
[78.937s][info][gc,metaspace] GC(48) Metaspace: 154420K(199424K)->154420K(199424K) NonClass: 50944K(54080K)->50944K(54080K) Class: 103475K(145344K)->103475K(145344K)
[78.937s][info][gc          ] GC(48) Pause Young (System.gc()) 785M->785M(5952M) 1.316ms
[79.733s][info][gc,metaspace] GC(49) Metaspace: 154420K(199424K)->154420K(199424K) NonClass: 50944K(54080K)->50944K(54080K) Class: 103475K(145344K)->103475K(145344K)
[79.733s][info][gc          ] GC(49) Pause Full (System.gc()) 785M->785M(5952M) 795.740ms
[79.734s][info][gc,metaspace] GC(50) Metaspace: 154420K(199424K)->154420K(199424K) NonClass: 50944K(54080K)->50944K(54080K) Class: 103475K(145344K)->103475K(145344K)
[79.734s][info][gc          ] GC(50) Pause Young (System.gc()) 785M->785M(5986M) 1.306ms
[80.680s][info][gc,metaspace] GC(51) Metaspace: 154420K(199424K)->154420K(199424K) NonClass: 50944K(54080K)->50944K(54080K) Class: 103475K(145344K)->103475K(145344K)
[80.681s][info][gc          ] GC(51) Pause Full (System.gc()) 785M->785M(5986M) 945.986ms
[80.681s][info][gc,metaspace] GC(52) Metaspace: 154420K(199424K)->154420K(199424K) NonClass: 50944K(54080K)->50944K(54080K) Class: 103475K(145344K)->103475K(145344K)
[80.681s][info][gc          ] GC(52) Pause Young (System.gc()) 785M->785M(5975M) 0.607ms
[81.595s][info][gc,metaspace] GC(53) Metaspace: 154420K(199424K)->154420K(199424K) NonClass: 50944K(54080K)->50944K(54080K) Class: 103475K(145344K)->103475K(145344K)
[81.595s][info][gc          ] GC(53) Pause Full (System.gc()) 785M->785M(5975M) 913.719ms
[81.596s][info][gc,metaspace] GC(54) Metaspace: 154420K(199424K)->154420K(199424K) NonClass: 50944K(54080K)->50944K(54080K) Class: 103475K(145344K)->103475K(145344K)
[81.596s][info][gc          ] GC(54) Pause Young (System.gc()) 785M->785M(6006M) 0.865ms
[82.549s][info][gc,metaspace] GC(55) Metaspace: 154420K(199424K)->154420K(199424K) NonClass: 50944K(54080K)->50944K(54080K) Class: 103475K(145344K)->103475K(145344K)
[82.549s][info][gc          ] GC(55) Pause Full (System.gc()) 785M->785M(6006M) 953.464ms
[82.551s][info][gc,metaspace] GC(56) Metaspace: 154420K(199424K)->154420K(199424K) NonClass: 50944K(54080K)->50944K(54080K) Class: 103475K(145344K)->103475K(145344K)
[82.551s][info][gc          ] GC(56) Pause Young (System.gc()) 785M->785M(5997M) 1.170ms
[83.483s][info][gc,metaspace] GC(57) Metaspace: 154420K(199424K)->154420K(199424K) NonClass: 50944K(54080K)->50944K(54080K) Class: 103475K(145344K)->103475K(145344K)
[83.483s][info][gc          ] GC(57) Pause Full (System.gc()) 785M->785M(5997M) 932.396ms
[83.484s][info][gc,metaspace] GC(58) Metaspace: 154420K(199424K)->154420K(199424K) NonClass: 50944K(54080K)->50944K(54080K) Class: 103475K(145344K)->103475K(145344K)
[83.484s][info][gc          ] GC(58) Pause Young (System.gc()) 785M->785M(6025M) 0.610ms
[84.437s][info][gc,metaspace] GC(59) Metaspace: 154420K(199424K)->154420K(199424K) NonClass: 50944K(54080K)->50944K(54080K) Class: 103475K(145344K)->103475K(145344K)
[84.437s][info][gc          ] GC(59) Pause Full (System.gc()) 785M->785M(6025M) 953.145ms
[84.438s][info][gc,metaspace] GC(60) Metaspace: 154420K(199424K)->154420K(199424K) NonClass: 50944K(54080K)->50944K(54080K) Class: 103475K(145344K)->103475K(145344K)
[84.438s][info][gc          ] GC(60) Pause Young (System.gc()) 785M->785M(6016M) 0.752ms
[85.361s][info][gc,metaspace] GC(61) Metaspace: 154420K(199424K)->154420K(199424K) NonClass: 50944K(54080K)->50944K(54080K) Class: 103475K(145344K)->103475K(145344K)
[85.361s][info][gc          ] GC(61) Pause Full (System.gc()) 785M->785M(6016M) 923.034ms
[85.362s][info][gc,metaspace] GC(62) Metaspace: 154420K(199424K)->154420K(199424K) NonClass: 50944K(54080K)->50944K(54080K) Class: 103475K(145344K)->103475K(145344K)
[85.362s][info][gc          ] GC(62) Pause Young (System.gc()) 785M->785M(6041M) 0.682ms
[86.261s][info][gc,metaspace] GC(63) Metaspace: 154420K(199424K)->154420K(199424K) NonClass: 50944K(54080K)->50944K(54080K) Class: 103475K(145344K)->103475K(145344K)
[86.261s][info][gc          ] GC(63) Pause Full (System.gc()) 785M->785M(6041M) 899.312ms
[86.262s][info][gc,metaspace] GC(64) Metaspace: 154420K(199424K)->154420K(199424K) NonClass: 50944K(54080K)->50944K(54080K) Class: 103475K(145344K)->103475K(145344K)
[86.262s][info][gc          ] GC(64) Pause Young (System.gc()) 785M->785M(6033M) 1.255ms
[87.185s][info][gc,metaspace] GC(65) Metaspace: 154420K(199424K)->154420K(199424K) NonClass: 50944K(54080K)->50944K(54080K) Class: 103475K(145344K)->103475K(145344K)
[87.185s][info][gc          ] GC(65) Pause Full (System.gc()) 785M->785M(6033M) 922.898ms
[87.186s][info][gc,metaspace] GC(66) Metaspace: 154420K(199424K)->154420K(199424K) NonClass: 50944K(54080K)->50944K(54080K) Class: 103475K(145344K)->103475K(145344K)
[87.186s][info][gc          ] GC(66) Pause Young (System.gc()) 785M->785M(6055M) 0.860ms
[88.076s][info][gc,metaspace] GC(67) Metaspace: 154420K(199424K)->154420K(199424K) NonClass: 50944K(54080K)->50944K(54080K) Class: 103475K(145344K)->103475K(145344K)
[88.076s][info][gc          ] GC(67) Pause Full (System.gc()) 785M->785M(6055M) 889.750ms
[88.081s][info][gc,metaspace] GC(68) Metaspace: 154420K(199424K)->154420K(199424K) NonClass: 50944K(54080K)->50944K(54080K) Class: 103475K(145344K)->103475K(145344K)
[88.081s][info][gc          ] GC(68) Pause Young (System.gc()) 785M->785M(6048M) 0.590ms
[89.043s][info][gc,metaspace] GC(69) Metaspace: 154420K(199424K)->154420K(199424K) NonClass: 50944K(54080K)->50944K(54080K) Class: 103475K(145344K)->103475K(145344K)
[89.043s][info][gc          ] GC(69) Pause Full (System.gc()) 785M->785M(6048M) 962.078ms
[89.045s][info][gc,metaspace] GC(70) Metaspace: 154420K(199424K)->154420K(199424K) NonClass: 50944K(54080K)->50944K(54080K) Class: 103475K(145344K)->103475K(145344K)
[89.045s][info][gc          ] GC(70) Pause Young (System.gc()) 785M->785M(6068M) 1.196ms
[89.963s][info][gc,metaspace] GC(71) Metaspace: 154420K(199424K)->154420K(199424K) NonClass: 50944K(54080K)->50944K(54080K) Class: 103475K(145344K)->103475K(145344K)
[89.963s][info][gc          ] GC(71) Pause Full (System.gc()) 785M->785M(6068M) 918.555ms
[89.964s][info][gc,metaspace] GC(72) Metaspace: 154420K(199424K)->154420K(199424K) NonClass: 50944K(54080K)->50944K(54080K) Class: 103475K(145344K)->103475K(145344K)
[89.964s][info][gc          ] GC(72) Pause Young (System.gc()) 785M->785M(6062M) 0.823ms
[90.877s][info][gc,metaspace] GC(73) Metaspace: 154420K(199424K)->154420K(199424K) NonClass: 50944K(54080K)->50944K(54080K) Class: 103475K(145344K)->103475K(145344K)
[90.877s][info][gc          ] GC(73) Pause Full (System.gc()) 785M->785M(6062M) 912.410ms
[90.878s][info][gc,metaspace] GC(74) Metaspace: 154420K(199424K)->154420K(199424K) NonClass: 50944K(54080K)->50944K(54080K) Class: 103475K(145344K)->103475K(145344K)
[90.878s][info][gc          ] GC(74) Pause Young (System.gc()) 785M->785M(6079M) 0.851ms
[91.715s][info][gc,metaspace] GC(75) Metaspace: 154420K(199424K)->154420K(199424K) NonClass: 50944K(54080K)->50944K(54080K) Class: 103475K(145344K)->103475K(145344K)
[91.715s][info][gc          ] GC(75) Pause Full (System.gc()) 785M->785M(6079M) 837.356ms
[91.716s][info][gc,metaspace] GC(76) Metaspace: 154420K(199424K)->154420K(199424K) NonClass: 50944K(54080K)->50944K(54080K) Class: 103475K(145344K)->103475K(145344K)
[91.716s][info][gc          ] GC(76) Pause Young (System.gc()) 785M->785M(6074M) 1.228ms
[92.614s][info][gc,metaspace] GC(77) Metaspace: 154420K(199424K)->154420K(199424K) NonClass: 50944K(54080K)->50944K(54080K) Class: 103475K(145344K)->103475K(145344K)
[92.614s][info][gc          ] GC(77) Pause Full (System.gc()) 785M->785M(6074M) 897.967ms
[92.616s][info][gc,metaspace] GC(78) Metaspace: 154420K(199424K)->154420K(199424K) NonClass: 50944K(54080K)->50944K(54080K) Class: 103475K(145344K)->103475K(145344K)
[92.616s][info][gc          ] GC(78) Pause Young (System.gc()) 785M->785M(6088M) 1.308ms
[93.525s][info][gc,metaspace] GC(79) Metaspace: 154420K(199424K)->154420K(199424K) NonClass: 50944K(54080K)->50944K(54080K) Class: 103475K(145344K)->103475K(145344K)
[93.525s][info][gc          ] GC(79) Pause Full (System.gc()) 785M->785M(6088M) 909.704ms
[93.527s][info][gc,metaspace] GC(80) Metaspace: 154420K(199424K)->154420K(199424K) NonClass: 50944K(54080K)->50944K(54080K) Class: 103475K(145344K)->103475K(145344K)
[93.527s][info][gc          ] GC(80) Pause Young (System.gc()) 785M->785M(6084M) 1.235ms
[94.445s][info][gc,metaspace] GC(81) Metaspace: 154420K(199424K)->154420K(199424K) NonClass: 50944K(54080K)->50944K(54080K) Class: 103475K(145344K)->103475K(145344K)
[94.445s][info][gc          ] GC(81) Pause Full (System.gc()) 785M->785M(6084M) 918.514ms
[94.447s][info][gc,metaspace] GC(82) Metaspace: 154420K(199424K)->154420K(199424K) NonClass: 50944K(54080K)->50944K(54080K) Class: 103475K(145344K)->103475K(145344K)
[94.447s][info][gc          ] GC(82) Pause Young (System.gc()) 785M->785M(6097M) 1.333ms
[95.362s][info][gc,metaspace] GC(83) Metaspace: 154420K(199424K)->154420K(199424K) NonClass: 50944K(54080K)->50944K(54080K) Class: 103475K(145344K)->103475K(145344K)
[95.362s][info][gc          ] GC(83) Pause Full (System.gc()) 785M->785M(6097M) 915.428ms
[95.364s][info][gc,metaspace] GC(84) Metaspace: 154420K(199424K)->154420K(199424K) NonClass: 50944K(54080K)->50944K(54080K) Class: 103475K(145344K)->103475K(145344K)
[95.364s][info][gc          ] GC(84) Pause Young (System.gc()) 785M->785M(6093M) 1.220ms
[96.202s][info][gc,metaspace] GC(85) Metaspace: 154420K(199424K)->154420K(199424K) NonClass: 50944K(54080K)->50944K(54080K) Class: 103475K(145344K)->103475K(145344K)
[96.202s][info][gc          ] GC(85) Pause Full (System.gc()) 785M->785M(6093M) 838.797ms
[96.204s][info][gc,metaspace] GC(86) Metaspace: 154420K(199424K)->154420K(199424K) NonClass: 50944K(54080K)->50944K(54080K) Class: 103475K(145344K)->103475K(145344K)
[96.204s][info][gc          ] GC(86) Pause Young (System.gc()) 785M->785M(6104M) 1.297ms
[96.928s][info][gc,metaspace] GC(87) Metaspace: 154420K(199424K)->154420K(199424K) NonClass: 50944K(54080K)->50944K(54080K) Class: 103475K(145344K)->103475K(145344K)
[96.928s][info][gc          ] GC(87) Pause Full (System.gc()) 785M->785M(6104M) 724.263ms
[96.929s][info][gc,metaspace] GC(88) Metaspace: 154420K(199424K)->154420K(199424K) NonClass: 50944K(54080K)->50944K(54080K) Class: 103475K(145344K)->103475K(145344K)
[96.929s][info][gc          ] GC(88) Pause Young (System.gc()) 785M->785M(6100M) 1.178ms
[97.810s][info][gc,metaspace] GC(89) Metaspace: 154420K(199424K)->154420K(199424K) NonClass: 50944K(54080K)->50944K(54080K) Class: 103475K(145344K)->103475K(145344K)
[97.810s][info][gc          ] GC(89) Pause Full (System.gc()) 785M->785M(6100M) 880.583ms
[97.812s][info][gc,metaspace] GC(90) Metaspace: 154420K(199424K)->154420K(199424K) NonClass: 50944K(54080K)->50944K(54080K) Class: 103475K(145344K)->103475K(145344K)
[97.812s][info][gc          ] GC(90) Pause Young (System.gc()) 785M->785M(6110M) 1.414ms
[98.745s][info][gc,metaspace] GC(91) Metaspace: 154420K(199424K)->154420K(199424K) NonClass: 50944K(54080K)->50944K(54080K) Class: 103475K(145344K)->103475K(145344K)
[98.745s][info][gc          ] GC(91) Pause Full (System.gc()) 785M->785M(6110M) 933.417ms
[98.747s][info][gc,metaspace] GC(92) Metaspace: 154420K(199424K)->154420K(199424K) NonClass: 50944K(54080K)->50944K(54080K) Class: 103475K(145344K)->103475K(145344K)
[98.747s][info][gc          ] GC(92) Pause Young (System.gc()) 785M->785M(6107M) 1.245ms
[99.667s][info][gc,metaspace] GC(93) Metaspace: 154420K(199424K)->154420K(199424K) NonClass: 50944K(54080K)->50944K(54080K) Class: 103475K(145344K)->103475K(145344K)
[99.667s][info][gc          ] GC(93) Pause Full (System.gc()) 785M->785M(6107M) 920.002ms
[99.668s][info][gc,metaspace] GC(94) Metaspace: 154420K(199424K)->154420K(199424K) NonClass: 50944K(54080K)->50944K(54080K) Class: 103475K(145344K)->103475K(145344K)
[99.668s][info][gc          ] GC(94) Pause Young (System.gc()) 785M->785M(6115M) 1.334ms
[100.562s][info][gc,metaspace] GC(95) Metaspace: 154420K(199424K)->154420K(199424K) NonClass: 50944K(54080K)->50944K(54080K) Class: 103475K(145344K)->103475K(145344K)
[100.562s][info][gc          ] GC(95) Pause Full (System.gc()) 785M->785M(6115M) 894.164ms
[100.563s][info][gc,metaspace] GC(96) Metaspace: 154420K(199424K)->154420K(199424K) NonClass: 50944K(54080K)->50944K(54080K) Class: 103475K(145344K)->103475K(145344K)
[100.563s][info][gc          ] GC(96) Pause Young (System.gc()) 785M->785M(6113M) 0.581ms
[101.487s][info][gc,metaspace] GC(97) Metaspace: 154420K(199424K)->154420K(199424K) NonClass: 50944K(54080K)->50944K(54080K) Class: 103475K(145344K)->103475K(145344K)
[101.487s][info][gc          ] GC(97) Pause Full (System.gc()) 785M->785M(6113M) 923.916ms
[101.488s][info][gc,metaspace] GC(98) Metaspace: 154420K(199424K)->154420K(199424K) NonClass: 50944K(54080K)->50944K(54080K) Class: 103475K(145344K)->103475K(145344K)
[101.488s][info][gc          ] GC(98) Pause Young (System.gc()) 785M->785M(6120M) 1.296ms
[102.431s][info][gc,metaspace] GC(99) Metaspace: 154420K(199424K)->154420K(199424K) NonClass: 50944K(54080K)->50944K(54080K) Class: 103475K(145344K)->103475K(145344K)
[102.431s][info][gc          ] GC(99) Pause Full (System.gc()) 785M->785M(6120M) 942.492ms
[102.431s][info][gc,metaspace] GC(100) Metaspace: 154420K(199424K)->154420K(199424K) NonClass: 50944K(54080K)->50944K(54080K) Class: 103475K(145344K)->103475K(145344K)
[102.432s][info][gc          ] GC(100) Pause Young (System.gc()) 785M->785M(6117M) 0.595ms
[103.368s][info][gc,metaspace] GC(101) Metaspace: 154420K(199424K)->154420K(199424K) NonClass: 50944K(54080K)->50944K(54080K) Class: 103475K(145344K)->103475K(145344K)
[103.368s][info][gc          ] GC(101) Pause Full (System.gc()) 785M->785M(6117M) 936.815ms
[103.369s][info][gc,metaspace] GC(102) Metaspace: 154420K(199424K)->154420K(199424K) NonClass: 50944K(54080K)->50944K(54080K) Class: 103475K(145344K)->103475K(145344K)
[103.369s][info][gc          ] GC(102) Pause Young (System.gc()) 785M->785M(6123M) 0.964ms
[104.279s][info][gc,metaspace] GC(103) Metaspace: 154420K(199424K)->154420K(199424K) NonClass: 50944K(54080K)->50944K(54080K) Class: 103475K(145344K)->103475K(145344K)
[104.279s][info][gc          ] GC(103) Pause Full (System.gc()) 785M->785M(6123M) 909.535ms
[104.280s][info][gc,metaspace] GC(104) Metaspace: 154420K(199424K)->154420K(199424K) NonClass: 50944K(54080K)->50944K(54080K) Class: 103475K(145344K)->103475K(145344K)
[104.280s][info][gc          ] GC(104) Pause Young (System.gc()) 785M->785M(6121M) 1.287ms
[105.207s][info][gc,metaspace] GC(105) Metaspace: 154420K(199424K)->154420K(199424K) NonClass: 50944K(54080K)->50944K(54080K) Class: 103475K(145344K)->103475K(145344K)
[105.208s][info][gc          ] GC(105) Pause Full (System.gc()) 785M->785M(6121M) 927.068ms
[105.208s][info][gc,metaspace] GC(106) Metaspace: 154420K(199424K)->154420K(199424K) NonClass: 50944K(54080K)->50944K(54080K) Class: 103475K(145344K)->103475K(145344K)
[105.208s][info][gc          ] GC(106) Pause Young (System.gc()) 785M->785M(6127M) 0.669ms
[106.138s][info][gc,metaspace] GC(107) Metaspace: 154420K(199424K)->154420K(199424K) NonClass: 50944K(54080K)->50944K(54080K) Class: 103475K(145344K)->103475K(145344K)
[106.138s][info][gc          ] GC(107) Pause Full (System.gc()) 785M->785M(6127M) 929.814ms
[106.139s][info][gc,metaspace] GC(108) Metaspace: 154420K(199424K)->154420K(199424K) NonClass: 50944K(54080K)->50944K(54080K) Class: 103475K(145344K)->103475K(145344K)
[106.139s][info][gc          ] GC(108) Pause Young (System.gc()) 785M->785M(6125M) 0.569ms
[107.051s][info][gc,metaspace] GC(109) Metaspace: 154420K(199424K)->154420K(199424K) NonClass: 50944K(54080K)->50944K(54080K) Class: 103475K(145344K)->103475K(145344K)
[107.051s][info][gc          ] GC(109) Pause Full (System.gc()) 785M->785M(6125M) 912.313ms
[107.052s][info][gc,metaspace] GC(110) Metaspace: 154420K(199424K)->154420K(199424K) NonClass: 50944K(54080K)->50944K(54080K) Class: 103475K(145344K)->103475K(145344K)
[107.052s][info][gc          ] GC(110) Pause Young (System.gc()) 785M->785M(6129M) 0.682ms
[107.964s][info][gc,metaspace] GC(111) Metaspace: 154420K(199424K)->154420K(199424K) NonClass: 50944K(54080K)->50944K(54080K) Class: 103475K(145344K)->103475K(145344K)
[107.964s][info][gc          ] GC(111) Pause Full (System.gc()) 785M->785M(6129M) 911.768ms
[107.965s][info][gc,metaspace] GC(112) Metaspace: 154420K(199424K)->154420K(199424K) NonClass: 50944K(54080K)->50944K(54080K) Class: 103475K(145344K)->103475K(145344K)
[107.965s][info][gc          ] GC(112) Pause Young (System.gc()) 785M->785M(6128M) 1.202ms
[108.828s][info][gc,metaspace] GC(113) Metaspace: 154420K(199424K)->154420K(199424K) NonClass: 50944K(54080K)->50944K(54080K) Class: 103475K(145344K)->103475K(145344K)
[108.828s][info][gc          ] GC(113) Pause Full (System.gc()) 785M->785M(6128M) 862.532ms
[108.829s][info][gc,metaspace] GC(114) Metaspace: 154420K(199424K)->154420K(199424K) NonClass: 50944K(54080K)->50944K(54080K) Class: 103475K(145344K)->103475K(145344K)
[108.829s][info][gc          ] GC(114) Pause Young (System.gc()) 785M->785M(6132M) 1.152ms
[109.731s][info][gc,metaspace] GC(115) Metaspace: 154420K(199424K)->154420K(199424K) NonClass: 50944K(54080K)->50944K(54080K) Class: 103475K(145344K)->103475K(145344K)
[109.731s][info][gc          ] GC(115) Pause Full (System.gc()) 785M->785M(6132M) 902.111ms
[109.732s][info][gc,metaspace] GC(116) Metaspace: 154420K(199424K)->154420K(199424K) NonClass: 50944K(54080K)->50944K(54080K) Class: 103475K(145344K)->103475K(145344K)
[109.732s][info][gc          ] GC(116) Pause Young (System.gc()) 785M->785M(6130M) 1.235ms
[110.647s][info][gc,metaspace] GC(117) Metaspace: 154420K(199424K)->154420K(199424K) NonClass: 50944K(54080K)->50944K(54080K) Class: 103475K(145344K)->103475K(145344K)
[110.647s][info][gc          ] GC(117) Pause Full (System.gc()) 785M->785M(6130M) 914.876ms
[110.649s][info][gc,metaspace] GC(118) Metaspace: 154420K(199424K)->154420K(199424K) NonClass: 50944K(54080K)->50944K(54080K) Class: 103475K(145344K)->103475K(145344K)
[110.649s][info][gc          ] GC(118) Pause Young (System.gc()) 785M->785M(6133M) 1.267ms
[111.545s][info][gc,metaspace] GC(119) Metaspace: 154420K(199424K)->154420K(199424K) NonClass: 50944K(54080K)->50944K(54080K) Class: 103475K(145344K)->103475K(145344K)
[111.545s][info][gc          ] GC(119) Pause Full (System.gc()) 785M->785M(6133M) 896.046ms
[111.546s][info][gc,metaspace] GC(120) Metaspace: 154420K(199424K)->154420K(199424K) NonClass: 50944K(54080K)->50944K(54080K) Class: 103475K(145344K)->103475K(145344K)
[111.546s][info][gc          ] GC(120) Pause Young (System.gc()) 785M->785M(6133M) 1.158ms
[112.448s][info][gc,metaspace] GC(121) Metaspace: 154420K(199424K)->154420K(199424K) NonClass: 50944K(54080K)->50944K(54080K) Class: 103475K(145344K)->103475K(145344K)
[112.448s][info][gc          ] GC(121) Pause Full (System.gc()) 785M->785M(6133M) 901.621ms
[112.448s][info][gc,metaspace] GC(122) Metaspace: 154420K(199424K)->154420K(199424K) NonClass: 50944K(54080K)->50944K(54080K) Class: 103475K(145344K)->103475K(145344K)
[112.449s][info][gc          ] GC(122) Pause Young (System.gc()) 785M->785M(6135M) 0.626ms
[113.380s][info][gc,metaspace] GC(123) Metaspace: 154420K(199424K)->154420K(199424K) NonClass: 50944K(54080K)->50944K(54080K) Class: 103475K(145344K)->103475K(145344K)
[113.380s][info][gc          ] GC(123) Pause Full (System.gc()) 785M->785M(6135M) 931.487ms
[113.381s][info][gc,metaspace] GC(124) Metaspace: 154420K(199424K)->154420K(199424K) NonClass: 50944K(54080K)->50944K(54080K) Class: 103475K(145344K)->103475K(145344K)
[113.381s][info][gc          ] GC(124) Pause Young (System.gc()) 785M->785M(6134M) 1.225ms
[114.324s][info][gc,metaspace] GC(125) Metaspace: 154420K(199424K)->154420K(199424K) NonClass: 50944K(54080K)->50944K(54080K) Class: 103475K(145344K)->103475K(145344K)
[114.324s][info][gc          ] GC(125) Pause Full (System.gc()) 785M->785M(6134M) 942.972ms
[114.326s][info][gc,metaspace] GC(126) Metaspace: 154420K(199424K)->154420K(199424K) NonClass: 50944K(54080K)->50944K(54080K) Class: 103475K(145344K)->103475K(145344K)
[114.326s][info][gc          ] GC(126) Pause Young (System.gc()) 785M->785M(6136M) 1.336ms
[115.235s][info][gc,metaspace] GC(127) Metaspace: 154420K(199424K)->154420K(199424K) NonClass: 50944K(54080K)->50944K(54080K) Class: 103475K(145344K)->103475K(145344K)
[115.235s][info][gc          ] GC(127) Pause Full (System.gc()) 785M->785M(6136M) 909.419ms
[115.237s][info][gc,metaspace] GC(128) Metaspace: 154420K(199424K)->154420K(199424K) NonClass: 50944K(54080K)->50944K(54080K) Class: 103475K(145344K)->103475K(145344K)
[115.237s][info][gc          ] GC(128) Pause Young (System.gc()) 785M->785M(6136M) 1.279ms
[116.185s][info][gc,metaspace] GC(129) Metaspace: 154420K(199424K)->154420K(199424K) NonClass: 50944K(54080K)->50944K(54080K) Class: 103475K(145344K)->103475K(145344K)
[116.185s][info][gc          ] GC(129) Pause Full (System.gc()) 785M->785M(6136M) 947.836ms
[116.186s][info][gc,metaspace] GC(130) Metaspace: 154420K(199424K)->154420K(199424K) NonClass: 50944K(54080K)->50944K(54080K) Class: 103475K(145344K)->103475K(145344K)
[116.186s][info][gc          ] GC(130) Pause Young (System.gc()) 785M->785M(6138M) 1.284ms
[117.126s][info][gc,metaspace] GC(131) Metaspace: 154420K(199424K)->154420K(199424K) NonClass: 50944K(54080K)->50944K(54080K) Class: 103475K(145344K)->103475K(145344K)
[117.127s][info][gc          ] GC(131) Pause Full (System.gc()) 785M->785M(6138M) 940.500ms
[117.128s][info][gc,metaspace] GC(132) Metaspace: 154420K(199424K)->154420K(199424K) NonClass: 50944K(54080K)->50944K(54080K) Class: 103475K(145344K)->103475K(145344K)
[117.128s][info][gc          ] GC(132) Pause Young (System.gc()) 785M->785M(6137M) 1.295ms
[118.049s][info][gc,metaspace] GC(133) Metaspace: 154420K(199424K)->154420K(199424K) NonClass: 50944K(54080K)->50944K(54080K) Class: 103475K(145344K)->103475K(145344K)
[118.049s][info][gc          ] GC(133) Pause Full (System.gc()) 785M->785M(6137M) 921.364ms
[118.050s][info][gc,metaspace] GC(134) Metaspace: 154420K(199424K)->154420K(199424K) NonClass: 50944K(54080K)->50944K(54080K) Class: 103475K(145344K)->103475K(145344K)
[118.050s][info][gc          ] GC(134) Pause Young (System.gc()) 785M->785M(6139M) 0.700ms
[118.940s][info][gc,metaspace] GC(135) Metaspace: 154420K(199424K)->154420K(199424K) NonClass: 50944K(54080K)->50944K(54080K) Class: 103475K(145344K)->103475K(145344K)
[118.940s][info][gc          ] GC(135) Pause Full (System.gc()) 785M->785M(6139M) 889.507ms
[118.941s][info][gc,metaspace] GC(136) Metaspace: 154420K(199424K)->154420K(199424K) NonClass: 50944K(54080K)->50944K(54080K) Class: 103475K(145344K)->103475K(145344K)
[118.941s][info][gc          ] GC(136) Pause Young (System.gc()) 785M->785M(6138M) 0.603ms
[119.850s][info][gc,metaspace] GC(137) Metaspace: 154420K(199424K)->154420K(199424K) NonClass: 50944K(54080K)->50944K(54080K) Class: 103475K(145344K)->103475K(145344K)
[119.850s][info][gc          ] GC(137) Pause Full (System.gc()) 785M->785M(6138M) 909.707ms
[119.852s][info][gc,metaspace] GC(138) Metaspace: 154420K(199424K)->154420K(199424K) NonClass: 50944K(54080K)->50944K(54080K) Class: 103475K(145344K)->103475K(145344K)
[119.852s][info][gc          ] GC(138) Pause Young (System.gc()) 785M->785M(6139M) 1.156ms
[120.669s][info][gc,metaspace] GC(139) Metaspace: 154420K(199424K)->154420K(199424K) NonClass: 50944K(54080K)->50944K(54080K) Class: 103475K(145344K)->103475K(145344K)
[120.669s][info][gc          ] GC(139) Pause Full (System.gc()) 785M->785M(6139M) 817.040ms
[120.670s][info][gc,metaspace] GC(140) Metaspace: 154420K(199424K)->154420K(199424K) NonClass: 50944K(54080K)->50944K(54080K) Class: 103475K(145344K)->103475K(145344K)
[120.670s][info][gc          ] GC(140) Pause Young (System.gc()) 785M->785M(6139M) 0.873ms
[121.615s][info][gc,metaspace] GC(141) Metaspace: 154420K(199424K)->154420K(199424K) NonClass: 50944K(54080K)->50944K(54080K) Class: 103475K(145344K)->103475K(145344K)
[121.615s][info][gc          ] GC(141) Pause Full (System.gc()) 785M->785M(6139M) 945.250ms
[121.616s][info][gc,metaspace] GC(142) Metaspace: 154420K(199424K)->154420K(199424K) NonClass: 50944K(54080K)->50944K(54080K) Class: 103475K(145344K)->103475K(145344K)
[121.616s][info][gc          ] GC(142) Pause Young (System.gc()) 785M->785M(6140M) 1.223ms
[122.456s][info][gc,metaspace] GC(143) Metaspace: 154420K(199424K)->154420K(199424K) NonClass: 50944K(54080K)->50944K(54080K) Class: 103475K(145344K)->103475K(145344K)
[122.456s][info][gc          ] GC(143) Pause Full (System.gc()) 785M->785M(6140M) 839.250ms
[122.457s][info][gc,metaspace] GC(144) Metaspace: 154420K(199424K)->154420K(199424K) NonClass: 50944K(54080K)->50944K(54080K) Class: 103475K(145344K)->103475K(145344K)
[122.457s][info][gc          ] GC(144) Pause Young (System.gc()) 785M->785M(6140M) 1.144ms
[123.298s][info][gc,metaspace] GC(145) Metaspace: 154420K(199424K)->154420K(199424K) NonClass: 50944K(54080K)->50944K(54080K) Class: 103475K(145344K)->103475K(145344K)
[123.298s][info][gc          ] GC(145) Pause Full (System.gc()) 785M->785M(6140M) 840.814ms
[123.299s][info][gc,metaspace] GC(146) Metaspace: 154420K(199424K)->154420K(199424K) NonClass: 50944K(54080K)->50944K(54080K) Class: 103475K(145344K)->103475K(145344K)
[123.299s][info][gc          ] GC(146) Pause Young (System.gc()) 785M->785M(6141M) 1.336ms
[124.118s][info][gc,metaspace] GC(147) Metaspace: 154420K(199424K)->154420K(199424K) NonClass: 50944K(54080K)->50944K(54080K) Class: 103475K(145344K)->103475K(145344K)
[124.118s][info][gc          ] GC(147) Pause Full (System.gc()) 785M->785M(6141M) 818.443ms
[124.118s][info][gc,metaspace] GC(148) Metaspace: 154420K(199424K)->154420K(199424K) NonClass: 50944K(54080K)->50944K(54080K) Class: 103475K(145344K)->103475K(145344K)
[124.118s][info][gc          ] GC(148) Pause Young (System.gc()) 798M->785M(6140M) 0.633ms
[125.012s][info][gc,metaspace] GC(149) Metaspace: 154420K(199424K)->154420K(199424K) NonClass: 50944K(54080K)->50944K(54080K) Class: 103475K(145344K)->103475K(145344K)
[125.012s][info][gc          ] GC(149) Pause Full (System.gc()) 785M->785M(6140M) 894.020ms
[125.014s][info][gc,metaspace] GC(150) Metaspace: 154420K(199424K)->154420K(199424K) NonClass: 50944K(54080K)->50944K(54080K) Class: 103475K(145344K)->103475K(145344K)
[125.014s][info][gc          ] GC(150) Pause Young (System.gc()) 785M->785M(6141M) 1.289ms
[125.923s][info][gc,metaspace] GC(151) Metaspace: 154420K(199424K)->154420K(199424K) NonClass: 50944K(54080K)->50944K(54080K) Class: 103475K(145344K)->103475K(145344K)
[125.923s][info][gc          ] GC(151) Pause Full (System.gc()) 785M->785M(6141M) 909.144ms
[125.924s][info][gc,metaspace] GC(152) Metaspace: 154420K(199424K)->154420K(199424K) NonClass: 50944K(54080K)->50944K(54080K) Class: 103475K(145344K)->103475K(145344K)
[125.924s][info][gc          ] GC(152) Pause Young (System.gc()) 785M->785M(6141M) 0.526ms
[126.838s][info][gc,metaspace] GC(153) Metaspace: 154420K(199424K)->154420K(199424K) NonClass: 50944K(54080K)->50944K(54080K) Class: 103475K(145344K)->103475K(145344K)
[126.839s][info][gc          ] GC(153) Pause Full (System.gc()) 785M->785M(6141M) 914.734ms
[126.840s][info][gc,metaspace] GC(154) Metaspace: 154420K(199424K)->154420K(199424K) NonClass: 50944K(54080K)->50944K(54080K) Class: 103475K(145344K)->103475K(145344K)
[126.840s][info][gc          ] GC(154) Pause Young (System.gc()) 785M->785M(6142M) 1.149ms
[127.770s][info][gc,metaspace] GC(155) Metaspace: 154420K(199424K)->154420K(199424K) NonClass: 50944K(54080K)->50944K(54080K) Class: 103475K(145344K)->103475K(145344K)
[127.770s][info][gc          ] GC(155) Pause Full (System.gc()) 785M->785M(6142M) 930.230ms
[127.771s][info][gc,metaspace] GC(156) Metaspace: 154420K(199424K)->154420K(199424K) NonClass: 50944K(54080K)->50944K(54080K) Class: 103475K(145344K)->103475K(145344K)
[127.771s][info][gc          ] GC(156) Pause Young (System.gc()) 785M->785M(6141M) 0.596ms
[128.669s][info][gc,metaspace] GC(157) Metaspace: 154420K(199424K)->154420K(199424K) NonClass: 50944K(54080K)->50944K(54080K) Class: 103475K(145344K)->103475K(145344K)
[128.670s][info][gc          ] GC(157) Pause Full (System.gc()) 785M->785M(6141M) 898.720ms
[128.671s][info][gc,metaspace] GC(158) Metaspace: 154420K(199424K)->154420K(199424K) NonClass: 50944K(54080K)->50944K(54080K) Class: 103475K(145344K)->103475K(145344K)
[128.671s][info][gc          ] GC(158) Pause Young (System.gc()) 785M->785M(6142M) 1.153ms
[129.565s][info][gc,metaspace] GC(159) Metaspace: 154420K(199424K)->154420K(199424K) NonClass: 50944K(54080K)->50944K(54080K) Class: 103475K(145344K)->103475K(145344K)
[129.565s][info][gc          ] GC(159) Pause Full (System.gc()) 785M->785M(6142M) 893.752ms
[129.566s][info][gc,metaspace] GC(160) Metaspace: 154420K(199424K)->154420K(199424K) NonClass: 50944K(54080K)->50944K(54080K) Class: 103475K(145344K)->103475K(145344K)
[129.566s][info][gc          ] GC(160) Pause Young (System.gc()) 785M->785M(6142M) 1.234ms
[130.464s][info][gc,metaspace] GC(161) Metaspace: 154420K(199424K)->154420K(199424K) NonClass: 50944K(54080K)->50944K(54080K) Class: 103475K(145344K)->103475K(145344K)
[130.464s][info][gc          ] GC(161) Pause Full (System.gc()) 785M->785M(6142M) 898.373ms
[130.465s][info][gc,metaspace] GC(162) Metaspace: 154420K(199424K)->154420K(199424K) NonClass: 50944K(54080K)->50944K(54080K) Class: 103475K(145344K)->103475K(145344K)
[130.465s][info][gc          ] GC(162) Pause Young (System.gc()) 785M->785M(6142M) 0.856ms
[131.276s][info][gc,metaspace] GC(163) Metaspace: 154420K(199424K)->154420K(199424K) NonClass: 50944K(54080K)->50944K(54080K) Class: 103475K(145344K)->103475K(145344K)
[131.276s][info][gc          ] GC(163) Pause Full (System.gc()) 785M->785M(6142M) 810.825ms
[131.277s][info][gc,metaspace] GC(164) Metaspace: 154420K(199424K)->154420K(199424K) NonClass: 50944K(54080K)->50944K(54080K) Class: 103475K(145344K)->103475K(145344K)
[131.277s][info][gc          ] GC(164) Pause Young (System.gc()) 785M->785M(6142M) 0.813ms
[132.183s][info][gc,metaspace] GC(165) Metaspace: 154420K(199424K)->154420K(199424K) NonClass: 50944K(54080K)->50944K(54080K) Class: 103475K(145344K)->103475K(145344K)
[132.184s][info][gc          ] GC(165) Pause Full (System.gc()) 785M->785M(6142M) 906.375ms
[132.184s][info][gc,metaspace] GC(166) Metaspace: 154420K(199424K)->154420K(199424K) NonClass: 50944K(54080K)->50944K(54080K) Class: 103475K(145344K)->103475K(145344K)
[132.184s][info][gc          ] GC(166) Pause Young (System.gc()) 785M->785M(6142M) 0.584ms
[133.130s][info][gc,metaspace] GC(167) Metaspace: 154420K(199424K)->154420K(199424K) NonClass: 50944K(54080K)->50944K(54080K) Class: 103475K(145344K)->103475K(145344K)
[133.130s][info][gc          ] GC(167) Pause Full (System.gc()) 785M->785M(6142M) 945.296ms
[133.131s][info][gc,metaspace] GC(168) Metaspace: 154420K(199424K)->154420K(199424K) NonClass: 50944K(54080K)->50944K(54080K) Class: 103475K(145344K)->103475K(145344K)
[133.131s][info][gc          ] GC(168) Pause Young (System.gc()) 785M->785M(6142M) 1.238ms
[133.962s][info][gc,metaspace] GC(169) Metaspace: 154420K(199424K)->154420K(199424K) NonClass: 50944K(54080K)->50944K(54080K) Class: 103475K(145344K)->103475K(145344K)
[133.962s][info][gc          ] GC(169) Pause Full (System.gc()) 785M->785M(6142M) 831.434ms
[133.964s][info][gc,metaspace] GC(170) Metaspace: 154420K(199424K)->154420K(199424K) NonClass: 50944K(54080K)->50944K(54080K) Class: 103475K(145344K)->103475K(145344K)
[133.964s][info][gc          ] GC(170) Pause Young (System.gc()) 785M->785M(6143M) 1.355ms
[134.883s][info][gc,metaspace] GC(171) Metaspace: 154420K(199424K)->154420K(199424K) NonClass: 50944K(54080K)->50944K(54080K) Class: 103475K(145344K)->103475K(145344K)
[134.883s][info][gc          ] GC(171) Pause Full (System.gc()) 785M->785M(6143M) 919.282ms
[134.884s][info][gc,metaspace] GC(172) Metaspace: 154420K(199424K)->154420K(199424K) NonClass: 50944K(54080K)->50944K(54080K) Class: 103475K(145344K)->103475K(145344K)
[134.884s][info][gc          ] GC(172) Pause Young (System.gc()) 785M->785M(6142M) 0.602ms
[135.791s][info][gc,metaspace] GC(173) Metaspace: 154420K(199424K)->154420K(199424K) NonClass: 50944K(54080K)->50944K(54080K) Class: 103475K(145344K)->103475K(145344K)
[135.791s][info][gc          ] GC(173) Pause Full (System.gc()) 785M->785M(6142M) 907.393ms
[135.796s][info][gc,metaspace] GC(174) Metaspace: 154420K(199424K)->154420K(199424K) NonClass: 50944K(54080K)->50944K(54080K) Class: 103475K(145344K)->103475K(145344K)
[135.796s][info][gc          ] GC(174) Pause Young (System.gc()) 785M->785M(6143M) 0.646ms
[136.721s][info][gc,metaspace] GC(175) Metaspace: 154420K(199424K)->154420K(199424K) NonClass: 50944K(54080K)->50944K(54080K) Class: 103475K(145344K)->103475K(145344K)
[136.721s][info][gc          ] GC(175) Pause Full (System.gc()) 785M->785M(6143M) 924.622ms
[136.722s][info][gc,metaspace] GC(176) Metaspace: 154420K(199424K)->154420K(199424K) NonClass: 50944K(54080K)->50944K(54080K) Class: 103475K(145344K)->103475K(145344K)
[136.722s][info][gc          ] GC(176) Pause Young (System.gc()) 785M->785M(6143M) 1.118ms
[137.617s][info][gc,metaspace] GC(177) Metaspace: 154420K(199424K)->154420K(199424K) NonClass: 50944K(54080K)->50944K(54080K) Class: 103475K(145344K)->103475K(145344K)
[137.617s][info][gc          ] GC(177) Pause Full (System.gc()) 785M->785M(6143M) 895.063ms
[137.618s][info][gc,metaspace] GC(178) Metaspace: 154420K(199424K)->154420K(199424K) NonClass: 50944K(54080K)->50944K(54080K) Class: 103475K(145344K)->103475K(145344K)
[137.618s][info][gc          ] GC(178) Pause Young (System.gc()) 785M->785M(6143M) 0.581ms
[138.412s][info][gc,metaspace] GC(179) Metaspace: 154420K(199424K)->154420K(199424K) NonClass: 50944K(54080K)->50944K(54080K) Class: 103475K(145344K)->103475K(145344K)
[138.412s][info][gc          ] GC(179) Pause Full (System.gc()) 785M->785M(6143M) 794.117ms
[138.414s][info][gc,metaspace] GC(180) Metaspace: 154420K(199424K)->154420K(199424K) NonClass: 50944K(54080K)->50944K(54080K) Class: 103475K(145344K)->103475K(145344K)
[138.414s][info][gc          ] GC(180) Pause Young (System.gc()) 785M->785M(6143M) 1.199ms
[139.345s][info][gc,metaspace] GC(181) Metaspace: 154420K(199424K)->154420K(199424K) NonClass: 50944K(54080K)->50944K(54080K) Class: 103475K(145344K)->103475K(145344K)
[139.345s][info][gc          ] GC(181) Pause Full (System.gc()) 785M->785M(6143M) 931.019ms
[139.345s][info][gc,metaspace] GC(182) Metaspace: 154420K(199424K)->154420K(199424K) NonClass: 50944K(54080K)->50944K(54080K) Class: 103475K(145344K)->103475K(145344K)
[139.345s][info][gc          ] GC(182) Pause Young (System.gc()) 785M->785M(6143M) 0.612ms
[140.244s][info][gc,metaspace] GC(183) Metaspace: 154420K(199424K)->154420K(199424K) NonClass: 50944K(54080K)->50944K(54080K) Class: 103475K(145344K)->103475K(145344K)
[140.244s][info][gc          ] GC(183) Pause Full (System.gc()) 785M->785M(6143M) 898.353ms
[140.245s][info][gc,metaspace] GC(184) Metaspace: 154420K(199424K)->154420K(199424K) NonClass: 50944K(54080K)->50944K(54080K) Class: 103475K(145344K)->103475K(145344K)
[140.245s][info][gc          ] GC(184) Pause Young (System.gc()) 785M->785M(6143M) 1.132ms
[141.154s][info][gc,metaspace] GC(185) Metaspace: 154420K(199424K)->154420K(199424K) NonClass: 50944K(54080K)->50944K(54080K) Class: 103475K(145344K)->103475K(145344K)
[141.154s][info][gc          ] GC(185) Pause Full (System.gc()) 785M->785M(6143M) 908.864ms
[141.155s][info][gc,metaspace] GC(186) Metaspace: 154420K(199424K)->154420K(199424K) NonClass: 50944K(54080K)->50944K(54080K) Class: 103475K(145344K)->103475K(145344K)
[141.155s][info][gc          ] GC(186) Pause Young (System.gc()) 785M->785M(6143M) 0.617ms
[142.075s][info][gc,metaspace] GC(187) Metaspace: 154420K(199424K)->154420K(199424K) NonClass: 50944K(54080K)->50944K(54080K) Class: 103475K(145344K)->103475K(145344K)
[142.075s][info][gc          ] GC(187) Pause Full (System.gc()) 785M->785M(6143M) 920.461ms
[142.076s][info][gc,metaspace] GC(188) Metaspace: 154420K(199424K)->154420K(199424K) NonClass: 50944K(54080K)->50944K(54080K) Class: 103475K(145344K)->103475K(145344K)
[142.076s][info][gc          ] GC(188) Pause Young (System.gc()) 785M->785M(6143M) 1.244ms
[142.974s][info][gc,metaspace] GC(189) Metaspace: 154420K(199424K)->154420K(199424K) NonClass: 50944K(54080K)->50944K(54080K) Class: 103475K(145344K)->103475K(145344K)
[142.974s][info][gc          ] GC(189) Pause Full (System.gc()) 785M->785M(6143M) 897.371ms
[142.975s][info][gc,metaspace] GC(190) Metaspace: 154420K(199424K)->154420K(199424K) NonClass: 50944K(54080K)->50944K(54080K) Class: 103475K(145344K)->103475K(145344K)
[142.975s][info][gc          ] GC(190) Pause Young (System.gc()) 785M->785M(6143M) 1.212ms
[143.916s][info][gc,metaspace] GC(191) Metaspace: 154420K(199424K)->154420K(199424K) NonClass: 50944K(54080K)->50944K(54080K) Class: 103475K(145344K)->103475K(145344K)
[143.916s][info][gc          ] GC(191) Pause Full (System.gc()) 785M->785M(6143M) 941.221ms
[143.917s][info][gc,metaspace] GC(192) Metaspace: 154420K(199424K)->154420K(199424K) NonClass: 50944K(54080K)->50944K(54080K) Class: 103475K(145344K)->103475K(145344K)
[143.917s][info][gc          ] GC(192) Pause Young (System.gc()) 785M->785M(6143M) 0.810ms
[144.854s][info][gc,metaspace] GC(193) Metaspace: 154420K(199424K)->154420K(199424K) NonClass: 50944K(54080K)->50944K(54080K) Class: 103475K(145344K)->103475K(145344K)
[144.854s][info][gc          ] GC(193) Pause Full (System.gc()) 785M->785M(6143M) 936.660ms
[144.855s][info][gc,metaspace] GC(194) Metaspace: 154420K(199424K)->154420K(199424K) NonClass: 50944K(54080K)->50944K(54080K) Class: 103475K(145344K)->103475K(145344K)
[144.855s][info][gc          ] GC(194) Pause Young (System.gc()) 785M->785M(6143M) 1.085ms
[145.679s][info][gc,metaspace] GC(195) Metaspace: 154420K(199424K)->154420K(199424K) NonClass: 50944K(54080K)->50944K(54080K) Class: 103475K(145344K)->103475K(145344K)
[145.679s][info][gc          ] GC(195) Pause Full (System.gc()) 785M->785M(6143M) 823.491ms
[145.679s][info][gc,metaspace] GC(196) Metaspace: 154420K(199424K)->154420K(199424K) NonClass: 50944K(54080K)->50944K(54080K) Class: 103475K(145344K)->103475K(145344K)
[145.680s][info][gc          ] GC(196) Pause Young (System.gc()) 785M->785M(6143M) 0.650ms
[146.490s][info][gc,metaspace] GC(197) Metaspace: 154420K(199424K)->154420K(199424K) NonClass: 50944K(54080K)->50944K(54080K) Class: 103475K(145344K)->103475K(145344K)
[146.490s][info][gc          ] GC(197) Pause Full (System.gc()) 785M->785M(6143M) 810.105ms
[146.495s][info][gc,metaspace] GC(198) Metaspace: 154420K(199424K)->154420K(199424K) NonClass: 50944K(54080K)->50944K(54080K) Class: 103475K(145344K)->103475K(145344K)
[146.495s][info][gc          ] GC(198) Pause Young (System.gc()) 785M->785M(6143M) 1.216ms
[147.450s][info][gc,metaspace] GC(199) Metaspace: 154420K(199424K)->154420K(199424K) NonClass: 50944K(54080K)->50944K(54080K) Class: 103475K(145344K)->103475K(145344K)
[147.450s][info][gc          ] GC(199) Pause Full (System.gc()) 785M->785M(6143M) 954.801ms
[147.451s][info][gc,metaspace] GC(200) Metaspace: 154420K(199424K)->154420K(199424K) NonClass: 50944K(54080K)->50944K(54080K) Class: 103475K(145344K)->103475K(145344K)
[147.451s][info][gc          ] GC(200) Pause Young (System.gc()) 785M->785M(6143M) 0.640ms
[148.349s][info][gc,metaspace] GC(201) Metaspace: 154420K(199424K)->154420K(199424K) NonClass: 50944K(54080K)->50944K(54080K) Class: 103475K(145344K)->103475K(145344K)
[148.349s][info][gc          ] GC(201) Pause Full (System.gc()) 785M->785M(6143M) 898.209ms
[148.350s][info][gc,metaspace] GC(202) Metaspace: 154420K(199424K)->154420K(199424K) NonClass: 50944K(54080K)->50944K(54080K) Class: 103475K(145344K)->103475K(145344K)
[148.350s][info][gc          ] GC(202) Pause Young (System.gc()) 785M->785M(6143M) 0.841ms
[149.184s][info][gc,metaspace] GC(203) Metaspace: 154420K(199424K)->154420K(199424K) NonClass: 50944K(54080K)->50944K(54080K) Class: 103475K(145344K)->103475K(145344K)
[149.185s][info][gc          ] GC(203) Pause Full (System.gc()) 785M->785M(6143M) 834.397ms
[149.185s][info][gc,metaspace] GC(204) Metaspace: 154420K(199424K)->154420K(199424K) NonClass: 50944K(54080K)->50944K(54080K) Class: 103475K(145344K)->103475K(145344K)
[149.185s][info][gc          ] GC(204) Pause Young (System.gc()) 785M->785M(6143M) 0.514ms
[150.063s][info][gc,metaspace] GC(205) Metaspace: 154420K(199424K)->154420K(199424K) NonClass: 50944K(54080K)->50944K(54080K) Class: 103475K(145344K)->103475K(145344K)
[150.063s][info][gc          ] GC(205) Pause Full (System.gc()) 785M->785M(6143M) 877.625ms
[150.064s][info][gc,metaspace] GC(206) Metaspace: 154420K(199424K)->154420K(199424K) NonClass: 50944K(54080K)->50944K(54080K) Class: 103475K(145344K)->103475K(145344K)
[150.064s][info][gc          ] GC(206) Pause Young (System.gc()) 785M->785M(6143M) 1.166ms
[150.804s][info][gc,metaspace] GC(207) Metaspace: 154420K(199424K)->154420K(199424K) NonClass: 50944K(54080K)->50944K(54080K) Class: 103475K(145344K)->103475K(145344K)
[150.804s][info][gc          ] GC(207) Pause Full (System.gc()) 785M->785M(6143M) 740.091ms
[150.806s][info][gc,metaspace] GC(208) Metaspace: 154420K(199424K)->154420K(199424K) NonClass: 50944K(54080K)->50944K(54080K) Class: 103475K(145344K)->103475K(145344K)
[150.806s][info][gc          ] GC(208) Pause Young (System.gc()) 785M->785M(6143M) 1.269ms
[151.709s][info][gc,metaspace] GC(209) Metaspace: 154420K(199424K)->154420K(199424K) NonClass: 50944K(54080K)->50944K(54080K) Class: 103475K(145344K)->103475K(145344K)
[151.709s][info][gc          ] GC(209) Pause Full (System.gc()) 785M->785M(6143M) 903.172ms
[151.714s][info][gc,metaspace] GC(210) Metaspace: 154420K(199424K)->154420K(199424K) NonClass: 50944K(54080K)->50944K(54080K) Class: 103475K(145344K)->103475K(145344K)
[151.714s][info][gc          ] GC(210) Pause Young (System.gc()) 785M->785M(6143M) 0.809ms
[152.648s][info][gc,metaspace] GC(211) Metaspace: 154420K(199424K)->154420K(199424K) NonClass: 50944K(54080K)->50944K(54080K) Class: 103475K(145344K)->103475K(145344K)
[152.648s][info][gc          ] GC(211) Pause Full (System.gc()) 785M->785M(6143M) 933.688ms
[152.648s][info][gc,metaspace] GC(212) Metaspace: 154420K(199424K)->154420K(199424K) NonClass: 50944K(54080K)->50944K(54080K) Class: 103475K(145344K)->103475K(145344K)
[152.649s][info][gc          ] GC(212) Pause Young (System.gc()) 785M->785M(6143M) 0.610ms
[153.540s][info][gc,metaspace] GC(213) Metaspace: 154420K(199424K)->154420K(199424K) NonClass: 50944K(54080K)->50944K(54080K) Class: 103475K(145344K)->103475K(145344K)
[153.540s][info][gc          ] GC(213) Pause Full (System.gc()) 785M->785M(6143M) 891.027ms
[153.541s][info][gc,metaspace] GC(214) Metaspace: 154420K(199424K)->154420K(199424K) NonClass: 50944K(54080K)->50944K(54080K) Class: 103475K(145344K)->103475K(145344K)
[153.541s][info][gc          ] GC(214) Pause Young (System.gc()) 785M->785M(6143M) 0.818ms
[154.452s][info][gc,metaspace] GC(215) Metaspace: 154420K(199424K)->154420K(199424K) NonClass: 50944K(54080K)->50944K(54080K) Class: 103475K(145344K)->103475K(145344K)
[154.452s][info][gc          ] GC(215) Pause Full (System.gc()) 785M->785M(6143M) 911.106ms
[154.453s][info][gc,metaspace] GC(216) Metaspace: 154420K(199424K)->154420K(199424K) NonClass: 50944K(54080K)->50944K(54080K) Class: 103475K(145344K)->103475K(145344K)
[154.453s][info][gc          ] GC(216) Pause Young (System.gc()) 785M->785M(6143M) 1.149ms
[155.373s][info][gc,metaspace] GC(217) Metaspace: 154420K(199424K)->154420K(199424K) NonClass: 50944K(54080K)->50944K(54080K) Class: 103475K(145344K)->103475K(145344K)
[155.373s][info][gc          ] GC(217) Pause Full (System.gc()) 785M->785M(6143M) 919.747ms
[155.374s][info][gc,metaspace] GC(218) Metaspace: 154420K(199424K)->154420K(199424K) NonClass: 50944K(54080K)->50944K(54080K) Class: 103475K(145344K)->103475K(145344K)
[155.374s][info][gc          ] GC(218) Pause Young (System.gc()) 785M->785M(6143M) 1.158ms
[156.273s][info][gc,metaspace] GC(219) Metaspace: 154420K(199424K)->154420K(199424K) NonClass: 50944K(54080K)->50944K(54080K) Class: 103475K(145344K)->103475K(145344K)
[156.273s][info][gc          ] GC(219) Pause Full (System.gc()) 785M->785M(6143M) 899.054ms
After GCs... 
