Done; will start GCs... 
[68.560s][info][gc,metaspace] GC(20) Metaspace: 57507K(60544K)->57507K(60544K) NonClass: 57507K(60544K)->57507K(60544K) Class: 0K(0K)->0K(0K)
[68.560s][info][gc          ] GC(20) Pause Young (System.gc()) 1015M->991M(5812M) 134.374ms
[69.647s][info][gc,metaspace] GC(21) Metaspace: 57507K(60544K)->57507K(60544K) NonClass: 57507K(60544K)->57507K(60544K) Class: 0K(0K)->0K(0K)
[69.647s][info][gc          ] GC(21) Pause Full (System.gc()) 991M->785M(5812M) 1087.178ms
[69.648s][info][gc,metaspace] GC(22) Metaspace: 57507K(60544K)->57507K(60544K) NonClass: 57507K(60544K)->57507K(60544K) Class: 0K(0K)->0K(0K)
[69.648s][info][gc          ] GC(22) Pause Young (System.gc()) 785M->785M(5821M) 1.207ms
[70.364s][info][gc,metaspace] GC(23) Metaspace: 57507K(60544K)->57507K(60544K) NonClass: 57507K(60544K)->57507K(60544K) Class: 0K(0K)->0K(0K)
[70.364s][info][gc          ] GC(23) Pause Full (System.gc()) 785M->785M(5821M) 715.791ms
[70.366s][info][gc,metaspace] GC(24) Metaspace: 57507K(60544K)->57507K(60544K) NonClass: 57507K(60544K)->57507K(60544K) Class: 0K(0K)->0K(0K)
[70.366s][info][gc          ] GC(24) Pause Young (System.gc()) 785M->785M(5814M) 1.272ms
[71.284s][info][gc,metaspace] GC(25) Metaspace: 57507K(60544K)->57507K(60544K) NonClass: 57507K(60544K)->57507K(60544K) Class: 0K(0K)->0K(0K)
[71.285s][info][gc          ] GC(25) Pause Full (System.gc()) 785M->785M(5814M) 918.956ms
[71.286s][info][gc,metaspace] GC(26) Metaspace: 57507K(60544K)->57507K(60544K) NonClass: 57507K(60544K)->57507K(60544K) Class: 0K(0K)->0K(0K)
[71.286s][info][gc          ] GC(26) Pause Young (System.gc()) 785M->785M(5840M) 1.256ms
[72.150s][info][gc,metaspace] GC(27) Metaspace: 57507K(60544K)->57507K(60544K) NonClass: 57507K(60544K)->57507K(60544K) Class: 0K(0K)->0K(0K)
[72.150s][info][gc          ] GC(27) Pause Full (System.gc()) 785M->785M(5840M) 864.381ms
[72.152s][info][gc,metaspace] GC(28) Metaspace: 57507K(60544K)->57507K(60544K) NonClass: 57507K(60544K)->57507K(60544K) Class: 0K(0K)->0K(0K)
[72.152s][info][gc          ] GC(28) Pause Young (System.gc()) 785M->785M(5830M) 1.127ms
[73.064s][info][gc,metaspace] GC(29) Metaspace: 57507K(60544K)->57507K(60544K) NonClass: 57507K(60544K)->57507K(60544K) Class: 0K(0K)->0K(0K)
[73.064s][info][gc          ] GC(29) Pause Full (System.gc()) 785M->785M(5830M) 912.393ms
[73.065s][info][gc,metaspace] GC(30) Metaspace: 57507K(60544K)->57507K(60544K) NonClass: 57507K(60544K)->57507K(60544K) Class: 0K(0K)->0K(0K)
[73.065s][info][gc          ] GC(30) Pause Young (System.gc()) 785M->785M(5863M) 1.217ms
[73.899s][info][gc,metaspace] GC(31) Metaspace: 57507K(60544K)->57507K(60544K) NonClass: 57507K(60544K)->57507K(60544K) Class: 0K(0K)->0K(0K)
[73.899s][info][gc          ] GC(31) Pause Full (System.gc()) 785M->785M(5863M) 833.791ms
[73.901s][info][gc,metaspace] GC(32) Metaspace: 57507K(60544K)->57507K(60544K) NonClass: 57507K(60544K)->57507K(60544K) Class: 0K(0K)->0K(0K)
[73.901s][info][gc          ] GC(32) Pause Young (System.gc()) 785M->785M(5851M) 1.300ms
[74.807s][info][gc,metaspace] GC(33) Metaspace: 57507K(60544K)->57507K(60544K) NonClass: 57507K(60544K)->57507K(60544K) Class: 0K(0K)->0K(0K)
[74.807s][info][gc          ] GC(33) Pause Full (System.gc()) 785M->785M(5851M) 906.163ms
[74.808s][info][gc,metaspace] GC(34) Metaspace: 57507K(60544K)->57507K(60544K) NonClass: 57507K(60544K)->57507K(60544K) Class: 0K(0K)->0K(0K)
[74.808s][info][gc          ] GC(34) Pause Young (System.gc()) 785M->785M(5889M) 1.223ms
[75.600s][info][gc,metaspace] GC(35) Metaspace: 57507K(60544K)->57507K(60544K) NonClass: 57507K(60544K)->57507K(60544K) Class: 0K(0K)->0K(0K)
[75.600s][info][gc          ] GC(35) Pause Full (System.gc()) 785M->785M(5889M) 791.847ms
[75.601s][info][gc,metaspace] GC(36) Metaspace: 57507K(60544K)->57507K(60544K) NonClass: 57507K(60544K)->57507K(60544K) Class: 0K(0K)->0K(0K)
[75.602s][info][gc          ] GC(36) Pause Young (System.gc()) 785M->785M(5876M) 1.255ms
[76.446s][info][gc,metaspace] GC(37) Metaspace: 57507K(60544K)->57507K(60544K) NonClass: 57507K(60544K)->57507K(60544K) Class: 0K(0K)->0K(0K)
[76.446s][info][gc          ] GC(37) Pause Full (System.gc()) 785M->785M(5876M) 844.443ms
[76.447s][info][gc,metaspace] GC(38) Metaspace: 57507K(60544K)->57507K(60544K) NonClass: 57507K(60544K)->57507K(60544K) Class: 0K(0K)->0K(0K)
[76.448s][info][gc          ] GC(38) Pause Young (System.gc()) 785M->785M(5915M) 1.397ms
[77.376s][info][gc,metaspace] GC(39) Metaspace: 57507K(60544K)->57507K(60544K) NonClass: 57507K(60544K)->57507K(60544K) Class: 0K(0K)->0K(0K)
[77.377s][info][gc          ] GC(39) Pause Full (System.gc()) 785M->785M(5915M) 928.967ms
[77.378s][info][gc,metaspace] GC(40) Metaspace: 57507K(60544K)->57507K(60544K) NonClass: 57507K(60544K)->57507K(60544K) Class: 0K(0K)->0K(0K)
[77.378s][info][gc          ] GC(40) Pause Young (System.gc()) 785M->785M(5902M) 1.223ms
[78.327s][info][gc,metaspace] GC(41) Metaspace: 57507K(60544K)->57507K(60544K) NonClass: 57507K(60544K)->57507K(60544K) Class: 0K(0K)->0K(0K)
[78.328s][info][gc          ] GC(41) Pause Full (System.gc()) 785M->785M(5902M) 949.641ms
[78.328s][info][gc,metaspace] GC(42) Metaspace: 57507K(60544K)->57507K(60544K) NonClass: 57507K(60544K)->57507K(60544K) Class: 0K(0K)->0K(0K)
[78.328s][info][gc          ] GC(42) Pause Young (System.gc()) 785M->785M(5940M) 0.731ms
[79.219s][info][gc,metaspace] GC(43) Metaspace: 57507K(60544K)->57507K(60544K) NonClass: 57507K(60544K)->57507K(60544K) Class: 0K(0K)->0K(0K)
[79.219s][info][gc          ] GC(43) Pause Full (System.gc()) 785M->785M(5940M) 890.333ms
[79.224s][info][gc,metaspace] GC(44) Metaspace: 57507K(60544K)->57507K(60544K) NonClass: 57507K(60544K)->57507K(60544K) Class: 0K(0K)->0K(0K)
[79.224s][info][gc          ] GC(44) Pause Young (System.gc()) 785M->785M(5927M) 1.178ms
[80.072s][info][gc,metaspace] GC(45) Metaspace: 57507K(60544K)->57507K(60544K) NonClass: 57507K(60544K)->57507K(60544K) Class: 0K(0K)->0K(0K)
[80.072s][info][gc          ] GC(45) Pause Full (System.gc()) 785M->785M(5927M) 847.517ms
[80.073s][info][gc,metaspace] GC(46) Metaspace: 57507K(60544K)->57507K(60544K) NonClass: 57507K(60544K)->57507K(60544K) Class: 0K(0K)->0K(0K)
[80.073s][info][gc          ] GC(46) Pause Young (System.gc()) 785M->785M(5964M) 0.710ms
[80.979s][info][gc,metaspace] GC(47) Metaspace: 57507K(60544K)->57507K(60544K) NonClass: 57507K(60544K)->57507K(60544K) Class: 0K(0K)->0K(0K)
[80.979s][info][gc          ] GC(47) Pause Full (System.gc()) 785M->785M(5964M) 906.101ms
[80.980s][info][gc,metaspace] GC(48) Metaspace: 57507K(60544K)->57507K(60544K) NonClass: 57507K(60544K)->57507K(60544K) Class: 0K(0K)->0K(0K)
[80.980s][info][gc          ] GC(48) Pause Young (System.gc()) 785M->785M(5952M) 0.625ms
[81.839s][info][gc,metaspace] GC(49) Metaspace: 57507K(60544K)->57507K(60544K) NonClass: 57507K(60544K)->57507K(60544K) Class: 0K(0K)->0K(0K)
[81.839s][info][gc          ] GC(49) Pause Full (System.gc()) 785M->785M(5952M) 859.794ms
[81.841s][info][gc,metaspace] GC(50) Metaspace: 57507K(60544K)->57507K(60544K) NonClass: 57507K(60544K)->57507K(60544K) Class: 0K(0K)->0K(0K)
[81.841s][info][gc          ] GC(50) Pause Young (System.gc()) 785M->785M(5986M) 1.236ms
[82.775s][info][gc,metaspace] GC(51) Metaspace: 57507K(60544K)->57507K(60544K) NonClass: 57507K(60544K)->57507K(60544K) Class: 0K(0K)->0K(0K)
[82.775s][info][gc          ] GC(51) Pause Full (System.gc()) 785M->785M(5986M) 934.633ms
[82.777s][info][gc,metaspace] GC(52) Metaspace: 57507K(60544K)->57507K(60544K) NonClass: 57507K(60544K)->57507K(60544K) Class: 0K(0K)->0K(0K)
[82.777s][info][gc          ] GC(52) Pause Young (System.gc()) 785M->785M(5975M) 1.321ms
[83.612s][info][gc,metaspace] GC(53) Metaspace: 57507K(60544K)->57507K(60544K) NonClass: 57507K(60544K)->57507K(60544K) Class: 0K(0K)->0K(0K)
[83.612s][info][gc          ] GC(53) Pause Full (System.gc()) 785M->785M(5975M) 835.152ms
[83.614s][info][gc,metaspace] GC(54) Metaspace: 57507K(60544K)->57507K(60544K) NonClass: 57507K(60544K)->57507K(60544K) Class: 0K(0K)->0K(0K)
[83.614s][info][gc          ] GC(54) Pause Young (System.gc()) 785M->785M(6006M) 1.275ms
[84.541s][info][gc,metaspace] GC(55) Metaspace: 57507K(60544K)->57507K(60544K) NonClass: 57507K(60544K)->57507K(60544K) Class: 0K(0K)->0K(0K)
[84.544s][info][gc          ] GC(55) Pause Full (System.gc()) 785M->785M(6006M) 930.737ms
[84.546s][info][gc,metaspace] GC(56) Metaspace: 57507K(60544K)->57507K(60544K) NonClass: 57507K(60544K)->57507K(60544K) Class: 0K(0K)->0K(0K)
[84.546s][info][gc          ] GC(56) Pause Young (System.gc()) 785M->785M(5996M) 1.163ms
[85.435s][info][gc,metaspace] GC(57) Metaspace: 57507K(60544K)->57507K(60544K) NonClass: 57507K(60544K)->57507K(60544K) Class: 0K(0K)->0K(0K)
[85.435s][info][gc          ] GC(57) Pause Full (System.gc()) 785M->785M(5996M) 889.743ms
[85.437s][info][gc,metaspace] GC(58) Metaspace: 57507K(60544K)->57507K(60544K) NonClass: 57507K(60544K)->57507K(60544K) Class: 0K(0K)->0K(0K)
[85.437s][info][gc          ] GC(58) Pause Young (System.gc()) 785M->785M(6025M) 1.415ms
[86.349s][info][gc,metaspace] GC(59) Metaspace: 57507K(60544K)->57507K(60544K) NonClass: 57507K(60544K)->57507K(60544K) Class: 0K(0K)->0K(0K)
[86.349s][info][gc          ] GC(59) Pause Full (System.gc()) 785M->785M(6025M) 911.924ms
[86.350s][info][gc,metaspace] GC(60) Metaspace: 57507K(60544K)->57507K(60544K) NonClass: 57507K(60544K)->57507K(60544K) Class: 0K(0K)->0K(0K)
[86.350s][info][gc          ] GC(60) Pause Young (System.gc()) 785M->785M(6016M) 1.216ms
[87.251s][info][gc,metaspace] GC(61) Metaspace: 57507K(60544K)->57507K(60544K) NonClass: 57507K(60544K)->57507K(60544K) Class: 0K(0K)->0K(0K)
[87.251s][info][gc          ] GC(61) Pause Full (System.gc()) 785M->785M(6016M) 900.454ms
[87.252s][info][gc,metaspace] GC(62) Metaspace: 57507K(60544K)->57507K(60544K) NonClass: 57507K(60544K)->57507K(60544K) Class: 0K(0K)->0K(0K)
[87.252s][info][gc          ] GC(62) Pause Young (System.gc()) 785M->785M(6041M) 1.356ms
[88.053s][info][gc,metaspace] GC(63) Metaspace: 57507K(60544K)->57507K(60544K) NonClass: 57507K(60544K)->57507K(60544K) Class: 0K(0K)->0K(0K)
[88.053s][info][gc          ] GC(63) Pause Full (System.gc()) 785M->785M(6041M) 801.055ms
[88.055s][info][gc,metaspace] GC(64) Metaspace: 57507K(60544K)->57507K(60544K) NonClass: 57507K(60544K)->57507K(60544K) Class: 0K(0K)->0K(0K)
[88.055s][info][gc          ] GC(64) Pause Young (System.gc()) 785M->785M(6033M) 1.288ms
[88.870s][info][gc,metaspace] GC(65) Metaspace: 57507K(60544K)->57507K(60544K) NonClass: 57507K(60544K)->57507K(60544K) Class: 0K(0K)->0K(0K)
[88.870s][info][gc          ] GC(65) Pause Full (System.gc()) 785M->785M(6033M) 814.848ms
[88.871s][info][gc,metaspace] GC(66) Metaspace: 57507K(60544K)->57507K(60544K) NonClass: 57507K(60544K)->57507K(60544K) Class: 0K(0K)->0K(0K)
[88.871s][info][gc          ] GC(66) Pause Young (System.gc()) 785M->785M(6055M) 0.697ms
[89.681s][info][gc,metaspace] GC(67) Metaspace: 57507K(60544K)->57507K(60544K) NonClass: 57507K(60544K)->57507K(60544K) Class: 0K(0K)->0K(0K)
[89.681s][info][gc          ] GC(67) Pause Full (System.gc()) 785M->785M(6055M) 810.357ms
[89.686s][info][gc,metaspace] GC(68) Metaspace: 57507K(60544K)->57507K(60544K) NonClass: 57507K(60544K)->57507K(60544K) Class: 0K(0K)->0K(0K)
[89.686s][info][gc          ] GC(68) Pause Young (System.gc()) 785M->785M(6048M) 1.189ms
[90.581s][info][gc,metaspace] GC(69) Metaspace: 57507K(60544K)->57507K(60544K) NonClass: 57507K(60544K)->57507K(60544K) Class: 0K(0K)->0K(0K)
[90.581s][info][gc          ] GC(69) Pause Full (System.gc()) 785M->785M(6048M) 894.146ms
[90.582s][info][gc,metaspace] GC(70) Metaspace: 57507K(60544K)->57507K(60544K) NonClass: 57507K(60544K)->57507K(60544K) Class: 0K(0K)->0K(0K)
[90.582s][info][gc          ] GC(70) Pause Young (System.gc()) 785M->785M(6068M) 1.328ms
[91.536s][info][gc,metaspace] GC(71) Metaspace: 57507K(60544K)->57507K(60544K) NonClass: 57507K(60544K)->57507K(60544K) Class: 0K(0K)->0K(0K)
[91.536s][info][gc          ] GC(71) Pause Full (System.gc()) 785M->785M(6068M) 954.067ms
[91.538s][info][gc,metaspace] GC(72) Metaspace: 57507K(60544K)->57507K(60544K) NonClass: 57507K(60544K)->57507K(60544K) Class: 0K(0K)->0K(0K)
[91.538s][info][gc          ] GC(72) Pause Young (System.gc()) 785M->785M(6062M) 1.285ms
[92.437s][info][gc,metaspace] GC(73) Metaspace: 57507K(60544K)->57507K(60544K) NonClass: 57507K(60544K)->57507K(60544K) Class: 0K(0K)->0K(0K)
[92.437s][info][gc          ] GC(73) Pause Full (System.gc()) 785M->785M(6062M) 899.423ms
[92.438s][info][gc,metaspace] GC(74) Metaspace: 57507K(60544K)->57507K(60544K) NonClass: 57507K(60544K)->57507K(60544K) Class: 0K(0K)->0K(0K)
[92.438s][info][gc          ] GC(74) Pause Young (System.gc()) 785M->785M(6079M) 0.660ms
[93.373s][info][gc,metaspace] GC(75) Metaspace: 57507K(60544K)->57507K(60544K) NonClass: 57507K(60544K)->57507K(60544K) Class: 0K(0K)->0K(0K)
[93.373s][info][gc          ] GC(75) Pause Full (System.gc()) 785M->785M(6079M) 934.686ms
[93.373s][info][gc,metaspace] GC(76) Metaspace: 57507K(60544K)->57507K(60544K) NonClass: 57507K(60544K)->57507K(60544K) Class: 0K(0K)->0K(0K)
[93.373s][info][gc          ] GC(76) Pause Young (System.gc()) 785M->785M(6073M) 0.655ms
[94.287s][info][gc,metaspace] GC(77) Metaspace: 57507K(60544K)->57507K(60544K) NonClass: 57507K(60544K)->57507K(60544K) Class: 0K(0K)->0K(0K)
[94.287s][info][gc          ] GC(77) Pause Full (System.gc()) 785M->785M(6073M) 913.627ms
[94.288s][info][gc,metaspace] GC(78) Metaspace: 57507K(60544K)->57507K(60544K) NonClass: 57507K(60544K)->57507K(60544K) Class: 0K(0K)->0K(0K)
[94.288s][info][gc          ] GC(78) Pause Young (System.gc()) 785M->785M(6088M) 0.642ms
[95.211s][info][gc,metaspace] GC(79) Metaspace: 57507K(60544K)->57507K(60544K) NonClass: 57507K(60544K)->57507K(60544K) Class: 0K(0K)->0K(0K)
[95.211s][info][gc          ] GC(79) Pause Full (System.gc()) 785M->785M(6088M) 923.186ms
[95.217s][info][gc,metaspace] GC(80) Metaspace: 57507K(60544K)->57507K(60544K) NonClass: 57507K(60544K)->57507K(60544K) Class: 0K(0K)->0K(0K)
[95.217s][info][gc          ] GC(80) Pause Young (System.gc()) 785M->785M(6084M) 1.211ms
[96.167s][info][gc,metaspace] GC(81) Metaspace: 57507K(60544K)->57507K(60544K) NonClass: 57507K(60544K)->57507K(60544K) Class: 0K(0K)->0K(0K)
[96.167s][info][gc          ] GC(81) Pause Full (System.gc()) 785M->785M(6084M) 950.751ms
[96.168s][info][gc,metaspace] GC(82) Metaspace: 57507K(60544K)->57507K(60544K) NonClass: 57507K(60544K)->57507K(60544K) Class: 0K(0K)->0K(0K)
[96.168s][info][gc          ] GC(82) Pause Young (System.gc()) 785M->785M(6097M) 0.687ms
[97.003s][info][gc,metaspace] GC(83) Metaspace: 57507K(60544K)->57507K(60544K) NonClass: 57507K(60544K)->57507K(60544K) Class: 0K(0K)->0K(0K)
[97.003s][info][gc          ] GC(83) Pause Full (System.gc()) 785M->785M(6097M) 834.637ms
[97.004s][info][gc,metaspace] GC(84) Metaspace: 57507K(60544K)->57507K(60544K) NonClass: 57507K(60544K)->57507K(60544K) Class: 0K(0K)->0K(0K)
[97.004s][info][gc          ] GC(84) Pause Young (System.gc()) 785M->785M(6093M) 1.174ms
[97.925s][info][gc,metaspace] GC(85) Metaspace: 57507K(60544K)->57507K(60544K) NonClass: 57507K(60544K)->57507K(60544K) Class: 0K(0K)->0K(0K)
[97.925s][info][gc          ] GC(85) Pause Full (System.gc()) 785M->785M(6093M) 920.877ms
[97.926s][info][gc,metaspace] GC(86) Metaspace: 57507K(60544K)->57507K(60544K) NonClass: 57507K(60544K)->57507K(60544K) Class: 0K(0K)->0K(0K)
[97.926s][info][gc          ] GC(86) Pause Young (System.gc()) 785M->785M(6104M) 0.700ms
[98.750s][info][gc,metaspace] GC(87) Metaspace: 57507K(60544K)->57507K(60544K) NonClass: 57507K(60544K)->57507K(60544K) Class: 0K(0K)->0K(0K)
[98.750s][info][gc          ] GC(87) Pause Full (System.gc()) 785M->785M(6104M) 824.083ms
[98.751s][info][gc,metaspace] GC(88) Metaspace: 57507K(60544K)->57507K(60544K) NonClass: 57507K(60544K)->57507K(60544K) Class: 0K(0K)->0K(0K)
[98.751s][info][gc          ] GC(88) Pause Young (System.gc()) 785M->785M(6100M) 0.657ms
[99.659s][info][gc,metaspace] GC(89) Metaspace: 57507K(60544K)->57507K(60544K) NonClass: 57507K(60544K)->57507K(60544K) Class: 0K(0K)->0K(0K)
[99.659s][info][gc          ] GC(89) Pause Full (System.gc()) 785M->785M(6100M) 907.691ms
[99.660s][info][gc,metaspace] GC(90) Metaspace: 57507K(60544K)->57507K(60544K) NonClass: 57507K(60544K)->57507K(60544K) Class: 0K(0K)->0K(0K)
[99.660s][info][gc          ] GC(90) Pause Young (System.gc()) 785M->785M(6110M) 1.203ms
[100.614s][info][gc,metaspace] GC(91) Metaspace: 57507K(60544K)->57507K(60544K) NonClass: 57507K(60544K)->57507K(60544K) Class: 0K(0K)->0K(0K)
[100.615s][info][gc          ] GC(91) Pause Full (System.gc()) 785M->785M(6110M) 954.574ms
[100.620s][info][gc,metaspace] GC(92) Metaspace: 57507K(60544K)->57507K(60544K) NonClass: 57507K(60544K)->57507K(60544K) Class: 0K(0K)->0K(0K)
[100.620s][info][gc          ] GC(92) Pause Young (System.gc()) 785M->785M(6107M) 1.132ms
[101.550s][info][gc,metaspace] GC(93) Metaspace: 57507K(60544K)->57507K(60544K) NonClass: 57507K(60544K)->57507K(60544K) Class: 0K(0K)->0K(0K)
[101.550s][info][gc          ] GC(93) Pause Full (System.gc()) 785M->785M(6107M) 929.785ms
[101.551s][info][gc,metaspace] GC(94) Metaspace: 57507K(60544K)->57507K(60544K) NonClass: 57507K(60544K)->57507K(60544K) Class: 0K(0K)->0K(0K)
[101.551s][info][gc          ] GC(94) Pause Young (System.gc()) 785M->785M(6115M) 1.318ms
[102.465s][info][gc,metaspace] GC(95) Metaspace: 57507K(60544K)->57507K(60544K) NonClass: 57507K(60544K)->57507K(60544K) Class: 0K(0K)->0K(0K)
[102.465s][info][gc          ] GC(95) Pause Full (System.gc()) 785M->785M(6115M) 913.604ms
[102.466s][info][gc,metaspace] GC(96) Metaspace: 57507K(60544K)->57507K(60544K) NonClass: 57507K(60544K)->57507K(60544K) Class: 0K(0K)->0K(0K)
[102.466s][info][gc          ] GC(96) Pause Young (System.gc()) 785M->785M(6113M) 1.274ms
[103.305s][info][gc,metaspace] GC(97) Metaspace: 57507K(60544K)->57507K(60544K) NonClass: 57507K(60544K)->57507K(60544K) Class: 0K(0K)->0K(0K)
[103.305s][info][gc          ] GC(97) Pause Full (System.gc()) 785M->785M(6113M) 838.789ms
[103.306s][info][gc,metaspace] GC(98) Metaspace: 57507K(60544K)->57507K(60544K) NonClass: 57507K(60544K)->57507K(60544K) Class: 0K(0K)->0K(0K)
[103.306s][info][gc          ] GC(98) Pause Young (System.gc()) 785M->785M(6120M) 0.663ms
[104.222s][info][gc,metaspace] GC(99) Metaspace: 57507K(60544K)->57507K(60544K) NonClass: 57507K(60544K)->57507K(60544K) Class: 0K(0K)->0K(0K)
[104.222s][info][gc          ] GC(99) Pause Full (System.gc()) 785M->785M(6120M) 916.366ms
[104.224s][info][gc,metaspace] GC(100) Metaspace: 57507K(60544K)->57507K(60544K) NonClass: 57507K(60544K)->57507K(60544K) Class: 0K(0K)->0K(0K)
[104.224s][info][gc          ] GC(100) Pause Young (System.gc()) 785M->785M(6117M) 1.205ms
[105.160s][info][gc,metaspace] GC(101) Metaspace: 57507K(60544K)->57507K(60544K) NonClass: 57507K(60544K)->57507K(60544K) Class: 0K(0K)->0K(0K)
[105.160s][info][gc          ] GC(101) Pause Full (System.gc()) 785M->785M(6117M) 936.227ms
[105.161s][info][gc,metaspace] GC(102) Metaspace: 57507K(60544K)->57507K(60544K) NonClass: 57507K(60544K)->57507K(60544K) Class: 0K(0K)->0K(0K)
[105.161s][info][gc          ] GC(102) Pause Young (System.gc()) 785M->785M(6123M) 0.658ms
[106.056s][info][gc,metaspace] GC(103) Metaspace: 57507K(60544K)->57507K(60544K) NonClass: 57507K(60544K)->57507K(60544K) Class: 0K(0K)->0K(0K)
[106.056s][info][gc          ] GC(103) Pause Full (System.gc()) 785M->785M(6123M) 895.523ms
[106.061s][info][gc,metaspace] GC(104) Metaspace: 57507K(60544K)->57507K(60544K) NonClass: 57507K(60544K)->57507K(60544K) Class: 0K(0K)->0K(0K)
[106.061s][info][gc          ] GC(104) Pause Young (System.gc()) 785M->785M(6121M) 0.597ms
[106.982s][info][gc,metaspace] GC(105) Metaspace: 57507K(60544K)->57507K(60544K) NonClass: 57507K(60544K)->57507K(60544K) Class: 0K(0K)->0K(0K)
[106.983s][info][gc          ] GC(105) Pause Full (System.gc()) 785M->785M(6121M) 921.279ms
[106.983s][info][gc,metaspace] GC(106) Metaspace: 57507K(60544K)->57507K(60544K) NonClass: 57507K(60544K)->57507K(60544K) Class: 0K(0K)->0K(0K)
[106.983s][info][gc          ] GC(106) Pause Young (System.gc()) 785M->785M(6127M) 0.656ms
[107.885s][info][gc,metaspace] GC(107) Metaspace: 57507K(60544K)->57507K(60544K) NonClass: 57507K(60544K)->57507K(60544K) Class: 0K(0K)->0K(0K)
[107.885s][info][gc          ] GC(107) Pause Full (System.gc()) 785M->785M(6127M) 901.249ms
[107.886s][info][gc,metaspace] GC(108) Metaspace: 57507K(60544K)->57507K(60544K) NonClass: 57507K(60544K)->57507K(60544K) Class: 0K(0K)->0K(0K)
[107.886s][info][gc          ] GC(108) Pause Young (System.gc()) 785M->785M(6125M) 1.267ms
[108.806s][info][gc,metaspace] GC(109) Metaspace: 57507K(60544K)->57507K(60544K) NonClass: 57507K(60544K)->57507K(60544K) Class: 0K(0K)->0K(0K)
[108.806s][info][gc          ] GC(109) Pause Full (System.gc()) 785M->785M(6125M) 920.385ms
[108.808s][info][gc,metaspace] GC(110) Metaspace: 57507K(60544K)->57507K(60544K) NonClass: 57507K(60544K)->57507K(60544K) Class: 0K(0K)->0K(0K)
[108.808s][info][gc          ] GC(110) Pause Young (System.gc()) 785M->785M(6129M) 1.158ms
[109.746s][info][gc,metaspace] GC(111) Metaspace: 57507K(60544K)->57507K(60544K) NonClass: 57507K(60544K)->57507K(60544K) Class: 0K(0K)->0K(0K)
[109.746s][info][gc          ] GC(111) Pause Full (System.gc()) 785M->785M(6129M) 938.518ms
[109.748s][info][gc,metaspace] GC(112) Metaspace: 57507K(60544K)->57507K(60544K) NonClass: 57507K(60544K)->57507K(60544K) Class: 0K(0K)->0K(0K)
[109.748s][info][gc          ] GC(112) Pause Young (System.gc()) 785M->785M(6128M) 1.208ms
[110.673s][info][gc,metaspace] GC(113) Metaspace: 57507K(60544K)->57507K(60544K) NonClass: 57507K(60544K)->57507K(60544K) Class: 0K(0K)->0K(0K)
[110.673s][info][gc          ] GC(113) Pause Full (System.gc()) 785M->785M(6128M) 925.887ms
[110.675s][info][gc,metaspace] GC(114) Metaspace: 57507K(60544K)->57507K(60544K) NonClass: 57507K(60544K)->57507K(60544K) Class: 0K(0K)->0K(0K)
[110.675s][info][gc          ] GC(114) Pause Young (System.gc()) 785M->785M(6132M) 1.302ms
[111.469s][info][gc,metaspace] GC(115) Metaspace: 57507K(60544K)->57507K(60544K) NonClass: 57507K(60544K)->57507K(60544K) Class: 0K(0K)->0K(0K)
[111.469s][info][gc          ] GC(115) Pause Full (System.gc()) 785M->785M(6132M) 794.129ms
[111.475s][info][gc,metaspace] GC(116) Metaspace: 57507K(60544K)->57507K(60544K) NonClass: 57507K(60544K)->57507K(60544K) Class: 0K(0K)->0K(0K)
[111.475s][info][gc          ] GC(116) Pause Young (System.gc()) 785M->785M(6130M) 1.126ms
[112.426s][info][gc,metaspace] GC(117) Metaspace: 57507K(60544K)->57507K(60544K) NonClass: 57507K(60544K)->57507K(60544K) Class: 0K(0K)->0K(0K)
[112.426s][info][gc          ] GC(117) Pause Full (System.gc()) 785M->785M(6130M) 951.047ms
[112.427s][info][gc,metaspace] GC(118) Metaspace: 57507K(60544K)->57507K(60544K) NonClass: 57507K(60544K)->57507K(60544K) Class: 0K(0K)->0K(0K)
[112.427s][info][gc          ] GC(118) Pause Young (System.gc()) 785M->785M(6133M) 1.311ms
[113.391s][info][gc,metaspace] GC(119) Metaspace: 57507K(60544K)->57507K(60544K) NonClass: 57507K(60544K)->57507K(60544K) Class: 0K(0K)->0K(0K)
[113.391s][info][gc          ] GC(119) Pause Full (System.gc()) 785M->785M(6133M) 964.068ms
[113.392s][info][gc,metaspace] GC(120) Metaspace: 57507K(60544K)->57507K(60544K) NonClass: 57507K(60544K)->57507K(60544K) Class: 0K(0K)->0K(0K)
[113.392s][info][gc          ] GC(120) Pause Young (System.gc()) 785M->785M(6133M) 0.517ms
[114.144s][info][gc,metaspace] GC(121) Metaspace: 57507K(60544K)->57507K(60544K) NonClass: 57507K(60544K)->57507K(60544K) Class: 0K(0K)->0K(0K)
[114.144s][info][gc          ] GC(121) Pause Full (System.gc()) 785M->785M(6133M) 752.254ms
[114.146s][info][gc,metaspace] GC(122) Metaspace: 57507K(60544K)->57507K(60544K) NonClass: 57507K(60544K)->57507K(60544K) Class: 0K(0K)->0K(0K)
[114.146s][info][gc          ] GC(122) Pause Young (System.gc()) 785M->785M(6135M) 1.328ms
[115.073s][info][gc,metaspace] GC(123) Metaspace: 57507K(60544K)->57507K(60544K) NonClass: 57507K(60544K)->57507K(60544K) Class: 0K(0K)->0K(0K)
[115.073s][info][gc          ] GC(123) Pause Full (System.gc()) 785M->785M(6135M) 927.074ms
[115.073s][info][gc,metaspace] GC(124) Metaspace: 57507K(60544K)->57507K(60544K) NonClass: 57507K(60544K)->57507K(60544K) Class: 0K(0K)->0K(0K)
[115.073s][info][gc          ] GC(124) Pause Young (System.gc()) 785M->785M(6134M) 0.646ms
[115.974s][info][gc,metaspace] GC(125) Metaspace: 57507K(60544K)->57507K(60544K) NonClass: 57507K(60544K)->57507K(60544K) Class: 0K(0K)->0K(0K)
[115.974s][info][gc          ] GC(125) Pause Full (System.gc()) 785M->785M(6134M) 900.447ms
[115.975s][info][gc,metaspace] GC(126) Metaspace: 57507K(60544K)->57507K(60544K) NonClass: 57507K(60544K)->57507K(60544K) Class: 0K(0K)->0K(0K)
[115.975s][info][gc          ] GC(126) Pause Young (System.gc()) 785M->785M(6136M) 0.585ms
[116.906s][info][gc,metaspace] GC(127) Metaspace: 57507K(60544K)->57507K(60544K) NonClass: 57507K(60544K)->57507K(60544K) Class: 0K(0K)->0K(0K)
[116.906s][info][gc          ] GC(127) Pause Full (System.gc()) 785M->785M(6136M) 931.559ms
[116.911s][info][gc,metaspace] GC(128) Metaspace: 57507K(60544K)->57507K(60544K) NonClass: 57507K(60544K)->57507K(60544K) Class: 0K(0K)->0K(0K)
[116.911s][info][gc          ] GC(128) Pause Young (System.gc()) 785M->785M(6136M) 0.613ms
[117.818s][info][gc,metaspace] GC(129) Metaspace: 57507K(60544K)->57507K(60544K) NonClass: 57507K(60544K)->57507K(60544K) Class: 0K(0K)->0K(0K)
[117.818s][info][gc          ] GC(129) Pause Full (System.gc()) 785M->785M(6136M) 907.150ms
[117.820s][info][gc,metaspace] GC(130) Metaspace: 57507K(60544K)->57507K(60544K) NonClass: 57507K(60544K)->57507K(60544K) Class: 0K(0K)->0K(0K)
[117.820s][info][gc          ] GC(130) Pause Young (System.gc()) 785M->785M(6138M) 1.262ms
[118.753s][info][gc,metaspace] GC(131) Metaspace: 57507K(60544K)->57507K(60544K) NonClass: 57507K(60544K)->57507K(60544K) Class: 0K(0K)->0K(0K)
[118.753s][info][gc          ] GC(131) Pause Full (System.gc()) 785M->785M(6138M) 933.031ms
[118.754s][info][gc,metaspace] GC(132) Metaspace: 57507K(60544K)->57507K(60544K) NonClass: 57507K(60544K)->57507K(60544K) Class: 0K(0K)->0K(0K)
[118.754s][info][gc          ] GC(132) Pause Young (System.gc()) 785M->785M(6137M) 1.245ms
[119.636s][info][gc,metaspace] GC(133) Metaspace: 57507K(60544K)->57507K(60544K) NonClass: 57507K(60544K)->57507K(60544K) Class: 0K(0K)->0K(0K)
[119.636s][info][gc          ] GC(133) Pause Full (System.gc()) 785M->785M(6137M) 882.031ms
[119.638s][info][gc,metaspace] GC(134) Metaspace: 57507K(60544K)->57507K(60544K) NonClass: 57507K(60544K)->57507K(60544K) Class: 0K(0K)->0K(0K)
[119.638s][info][gc          ] GC(134) Pause Young (System.gc()) 785M->785M(6139M) 1.298ms
[120.534s][info][gc,metaspace] GC(135) Metaspace: 57507K(60544K)->57507K(60544K) NonClass: 57507K(60544K)->57507K(60544K) Class: 0K(0K)->0K(0K)
[120.534s][info][gc          ] GC(135) Pause Full (System.gc()) 785M->785M(6139M) 896.711ms
[120.535s][info][gc,metaspace] GC(136) Metaspace: 57507K(60544K)->57507K(60544K) NonClass: 57507K(60544K)->57507K(60544K) Class: 0K(0K)->0K(0K)
[120.535s][info][gc          ] GC(136) Pause Young (System.gc()) 785M->785M(6138M) 0.600ms
[121.450s][info][gc,metaspace] GC(137) Metaspace: 57507K(60544K)->57507K(60544K) NonClass: 57507K(60544K)->57507K(60544K) Class: 0K(0K)->0K(0K)
[121.450s][info][gc          ] GC(137) Pause Full (System.gc()) 785M->785M(6138M) 914.649ms
[121.451s][info][gc,metaspace] GC(138) Metaspace: 57507K(60544K)->57507K(60544K) NonClass: 57507K(60544K)->57507K(60544K) Class: 0K(0K)->0K(0K)
[121.451s][info][gc          ] GC(138) Pause Young (System.gc()) 785M->785M(6139M) 1.344ms
[122.393s][info][gc,metaspace] GC(139) Metaspace: 57507K(60544K)->57507K(60544K) NonClass: 57507K(60544K)->57507K(60544K) Class: 0K(0K)->0K(0K)
[122.393s][info][gc          ] GC(139) Pause Full (System.gc()) 785M->785M(6139M) 941.507ms
[122.399s][info][gc,metaspace] GC(140) Metaspace: 57507K(60544K)->57507K(60544K) NonClass: 57507K(60544K)->57507K(60544K) Class: 0K(0K)->0K(0K)
[122.399s][info][gc          ] GC(140) Pause Young (System.gc()) 785M->785M(6139M) 1.256ms
[123.342s][info][gc,metaspace] GC(141) Metaspace: 57507K(60544K)->57507K(60544K) NonClass: 57507K(60544K)->57507K(60544K) Class: 0K(0K)->0K(0K)
[123.342s][info][gc          ] GC(141) Pause Full (System.gc()) 785M->785M(6139M) 943.598ms
[123.344s][info][gc,metaspace] GC(142) Metaspace: 57507K(60544K)->57507K(60544K) NonClass: 57507K(60544K)->57507K(60544K) Class: 0K(0K)->0K(0K)
[123.344s][info][gc          ] GC(142) Pause Young (System.gc()) 785M->785M(6140M) 1.299ms
[124.173s][info][gc,metaspace] GC(143) Metaspace: 57507K(60544K)->57507K(60544K) NonClass: 57507K(60544K)->57507K(60544K) Class: 0K(0K)->0K(0K)
[124.173s][info][gc          ] GC(143) Pause Full (System.gc()) 785M->785M(6140M) 829.746ms
[124.174s][info][gc,metaspace] GC(144) Metaspace: 57507K(60544K)->57507K(60544K) NonClass: 57507K(60544K)->57507K(60544K) Class: 0K(0K)->0K(0K)
[124.174s][info][gc          ] GC(144) Pause Young (System.gc()) 785M->785M(6140M) 0.583ms
[125.100s][info][gc,metaspace] GC(145) Metaspace: 57507K(60544K)->57507K(60544K) NonClass: 57507K(60544K)->57507K(60544K) Class: 0K(0K)->0K(0K)
[125.100s][info][gc          ] GC(145) Pause Full (System.gc()) 785M->785M(6140M) 926.291ms
[125.102s][info][gc,metaspace] GC(146) Metaspace: 57507K(60544K)->57507K(60544K) NonClass: 57507K(60544K)->57507K(60544K) Class: 0K(0K)->0K(0K)
[125.102s][info][gc          ] GC(146) Pause Young (System.gc()) 785M->785M(6141M) 1.350ms
[125.969s][info][gc,metaspace] GC(147) Metaspace: 57507K(60544K)->57507K(60544K) NonClass: 57507K(60544K)->57507K(60544K) Class: 0K(0K)->0K(0K)
[125.969s][info][gc          ] GC(147) Pause Full (System.gc()) 785M->785M(6141M) 867.113ms
[125.970s][info][gc,metaspace] GC(148) Metaspace: 57507K(60544K)->57507K(60544K) NonClass: 57507K(60544K)->57507K(60544K) Class: 0K(0K)->0K(0K)
[125.970s][info][gc          ] GC(148) Pause Young (System.gc()) 798M->785M(6140M) 1.186ms
[126.890s][info][gc,metaspace] GC(149) Metaspace: 57507K(60544K)->57507K(60544K) NonClass: 57507K(60544K)->57507K(60544K) Class: 0K(0K)->0K(0K)
[126.890s][info][gc          ] GC(149) Pause Full (System.gc()) 785M->785M(6140M) 919.860ms
[126.892s][info][gc,metaspace] GC(150) Metaspace: 57507K(60544K)->57507K(60544K) NonClass: 57507K(60544K)->57507K(60544K) Class: 0K(0K)->0K(0K)
[126.892s][info][gc          ] GC(150) Pause Young (System.gc()) 785M->785M(6141M) 1.325ms
[127.822s][info][gc,metaspace] GC(151) Metaspace: 57507K(60544K)->57507K(60544K) NonClass: 57507K(60544K)->57507K(60544K) Class: 0K(0K)->0K(0K)
[127.822s][info][gc          ] GC(151) Pause Full (System.gc()) 785M->785M(6141M) 930.483ms
[127.824s][info][gc,metaspace] GC(152) Metaspace: 57507K(60544K)->57507K(60544K) NonClass: 57507K(60544K)->57507K(60544K) Class: 0K(0K)->0K(0K)
[127.824s][info][gc          ] GC(152) Pause Young (System.gc()) 785M->785M(6141M) 1.251ms
[128.728s][info][gc,metaspace] GC(153) Metaspace: 57507K(60544K)->57507K(60544K) NonClass: 57507K(60544K)->57507K(60544K) Class: 0K(0K)->0K(0K)
[128.728s][info][gc          ] GC(153) Pause Full (System.gc()) 785M->785M(6141M) 904.474ms
[128.730s][info][gc,metaspace] GC(154) Metaspace: 57507K(60544K)->57507K(60544K) NonClass: 57507K(60544K)->57507K(60544K) Class: 0K(0K)->0K(0K)
[128.730s][info][gc          ] GC(154) Pause Young (System.gc()) 785M->785M(6142M) 1.291ms
[129.586s][info][gc,metaspace] GC(155) Metaspace: 57507K(60544K)->57507K(60544K) NonClass: 57507K(60544K)->57507K(60544K) Class: 0K(0K)->0K(0K)
[129.586s][info][gc          ] GC(155) Pause Full (System.gc()) 785M->785M(6142M) 856.340ms
[129.587s][info][gc,metaspace] GC(156) Metaspace: 57507K(60544K)->57507K(60544K) NonClass: 57507K(60544K)->57507K(60544K) Class: 0K(0K)->0K(0K)
[129.587s][info][gc          ] GC(156) Pause Young (System.gc()) 785M->785M(6141M) 1.166ms
[130.511s][info][gc,metaspace] GC(157) Metaspace: 57507K(60544K)->57507K(60544K) NonClass: 57507K(60544K)->57507K(60544K) Class: 0K(0K)->0K(0K)
[130.511s][info][gc          ] GC(157) Pause Full (System.gc()) 785M->785M(6141M) 923.610ms
[130.512s][info][gc,metaspace] GC(158) Metaspace: 57507K(60544K)->57507K(60544K) NonClass: 57507K(60544K)->57507K(60544K) Class: 0K(0K)->0K(0K)
[130.512s][info][gc          ] GC(158) Pause Young (System.gc()) 785M->785M(6142M) 1.167ms
[131.436s][info][gc,metaspace] GC(159) Metaspace: 57507K(60544K)->57507K(60544K) NonClass: 57507K(60544K)->57507K(60544K) Class: 0K(0K)->0K(0K)
[131.436s][info][gc          ] GC(159) Pause Full (System.gc()) 785M->785M(6142M) 924.282ms
[131.438s][info][gc,metaspace] GC(160) Metaspace: 57507K(60544K)->57507K(60544K) NonClass: 57507K(60544K)->57507K(60544K) Class: 0K(0K)->0K(0K)
[131.438s][info][gc          ] GC(160) Pause Young (System.gc()) 785M->785M(6142M) 1.157ms
[132.348s][info][gc,metaspace] GC(161) Metaspace: 57507K(60544K)->57507K(60544K) NonClass: 57507K(60544K)->57507K(60544K) Class: 0K(0K)->0K(0K)
[132.348s][info][gc          ] GC(161) Pause Full (System.gc()) 785M->785M(6142M) 910.752ms
[132.350s][info][gc,metaspace] GC(162) Metaspace: 57507K(60544K)->57507K(60544K) NonClass: 57507K(60544K)->57507K(60544K) Class: 0K(0K)->0K(0K)
[132.350s][info][gc          ] GC(162) Pause Young (System.gc()) 785M->785M(6142M) 1.320ms
[133.211s][info][gc,metaspace] GC(163) Metaspace: 57507K(60544K)->57507K(60544K) NonClass: 57507K(60544K)->57507K(60544K) Class: 0K(0K)->0K(0K)
[133.211s][info][gc          ] GC(163) Pause Full (System.gc()) 785M->785M(6142M) 861.024ms
[133.217s][info][gc,metaspace] GC(164) Metaspace: 57507K(60544K)->57507K(60544K) NonClass: 57507K(60544K)->57507K(60544K) Class: 0K(0K)->0K(0K)
[133.217s][info][gc          ] GC(164) Pause Young (System.gc()) 785M->785M(6142M) 1.168ms
[134.051s][info][gc,metaspace] GC(165) Metaspace: 57507K(60544K)->57507K(60544K) NonClass: 57507K(60544K)->57507K(60544K) Class: 0K(0K)->0K(0K)
[134.051s][info][gc          ] GC(165) Pause Full (System.gc()) 785M->785M(6142M) 834.531ms
[134.052s][info][gc,metaspace] GC(166) Metaspace: 57507K(60544K)->57507K(60544K) NonClass: 57507K(60544K)->57507K(60544K) Class: 0K(0K)->0K(0K)
[134.052s][info][gc          ] GC(166) Pause Young (System.gc()) 785M->785M(6142M) 1.142ms
[134.990s][info][gc,metaspace] GC(167) Metaspace: 57507K(60544K)->57507K(60544K) NonClass: 57507K(60544K)->57507K(60544K) Class: 0K(0K)->0K(0K)
[134.990s][info][gc          ] GC(167) Pause Full (System.gc()) 785M->785M(6142M) 937.336ms
[134.990s][info][gc,metaspace] GC(168) Metaspace: 57507K(60544K)->57507K(60544K) NonClass: 57507K(60544K)->57507K(60544K) Class: 0K(0K)->0K(0K)
[134.990s][info][gc          ] GC(168) Pause Young (System.gc()) 785M->785M(6142M) 0.554ms
[135.921s][info][gc,metaspace] GC(169) Metaspace: 57507K(60544K)->57507K(60544K) NonClass: 57507K(60544K)->57507K(60544K) Class: 0K(0K)->0K(0K)
[135.921s][info][gc          ] GC(169) Pause Full (System.gc()) 785M->785M(6142M) 931.059ms
[135.922s][info][gc,metaspace] GC(170) Metaspace: 57507K(60544K)->57507K(60544K) NonClass: 57507K(60544K)->57507K(60544K) Class: 0K(0K)->0K(0K)
[135.922s][info][gc          ] GC(170) Pause Young (System.gc()) 785M->785M(6143M) 0.586ms
[136.830s][info][gc,metaspace] GC(171) Metaspace: 57507K(60544K)->57507K(60544K) NonClass: 57507K(60544K)->57507K(60544K) Class: 0K(0K)->0K(0K)
[136.830s][info][gc          ] GC(171) Pause Full (System.gc()) 785M->785M(6143M) 907.790ms
[136.831s][info][gc,metaspace] GC(172) Metaspace: 57507K(60544K)->57507K(60544K) NonClass: 57507K(60544K)->57507K(60544K) Class: 0K(0K)->0K(0K)
[136.831s][info][gc          ] GC(172) Pause Young (System.gc()) 785M->785M(6142M) 1.248ms
[137.718s][info][gc,metaspace] GC(173) Metaspace: 57507K(60544K)->57507K(60544K) NonClass: 57507K(60544K)->57507K(60544K) Class: 0K(0K)->0K(0K)
[137.718s][info][gc          ] GC(173) Pause Full (System.gc()) 785M->785M(6142M) 886.199ms
[137.719s][info][gc,metaspace] GC(174) Metaspace: 57507K(60544K)->57507K(60544K) NonClass: 57507K(60544K)->57507K(60544K) Class: 0K(0K)->0K(0K)
[137.719s][info][gc          ] GC(174) Pause Young (System.gc()) 785M->785M(6143M) 1.164ms
[138.642s][info][gc,metaspace] GC(175) Metaspace: 57507K(60544K)->57507K(60544K) NonClass: 57507K(60544K)->57507K(60544K) Class: 0K(0K)->0K(0K)
[138.642s][info][gc          ] GC(175) Pause Full (System.gc()) 785M->785M(6143M) 922.839ms
[138.643s][info][gc,metaspace] GC(176) Metaspace: 57507K(60544K)->57507K(60544K) NonClass: 57507K(60544K)->57507K(60544K) Class: 0K(0K)->0K(0K)
[138.643s][info][gc          ] GC(176) Pause Young (System.gc()) 785M->785M(6143M) 1.116ms
[139.562s][info][gc,metaspace] GC(177) Metaspace: 57507K(60544K)->57507K(60544K) NonClass: 57507K(60544K)->57507K(60544K) Class: 0K(0K)->0K(0K)
[139.562s][info][gc          ] GC(177) Pause Full (System.gc()) 785M->785M(6143M) 918.691ms
[139.563s][info][gc,metaspace] GC(178) Metaspace: 57507K(60544K)->57507K(60544K) NonClass: 57507K(60544K)->57507K(60544K) Class: 0K(0K)->0K(0K)
[139.563s][info][gc          ] GC(178) Pause Young (System.gc()) 785M->785M(6143M) 1.294ms
[140.462s][info][gc,metaspace] GC(179) Metaspace: 57507K(60544K)->57507K(60544K) NonClass: 57507K(60544K)->57507K(60544K) Class: 0K(0K)->0K(0K)
[140.463s][info][gc          ] GC(179) Pause Full (System.gc()) 785M->785M(6143M) 899.296ms
[140.464s][info][gc,metaspace] GC(180) Metaspace: 57507K(60544K)->57507K(60544K) NonClass: 57507K(60544K)->57507K(60544K) Class: 0K(0K)->0K(0K)
[140.464s][info][gc          ] GC(180) Pause Young (System.gc()) 785M->785M(6143M) 1.326ms
[141.428s][info][gc,metaspace] GC(181) Metaspace: 57507K(60544K)->57507K(60544K) NonClass: 57507K(60544K)->57507K(60544K) Class: 0K(0K)->0K(0K)
[141.428s][info][gc          ] GC(181) Pause Full (System.gc()) 785M->785M(6143M) 963.827ms
[141.429s][info][gc,metaspace] GC(182) Metaspace: 57507K(60544K)->57507K(60544K) NonClass: 57507K(60544K)->57507K(60544K) Class: 0K(0K)->0K(0K)
[141.429s][info][gc          ] GC(182) Pause Young (System.gc()) 785M->785M(6143M) 1.270ms
[142.256s][info][gc,metaspace] GC(183) Metaspace: 57507K(60544K)->57507K(60544K) NonClass: 57507K(60544K)->57507K(60544K) Class: 0K(0K)->0K(0K)
[142.256s][info][gc          ] GC(183) Pause Full (System.gc()) 785M->785M(6143M) 826.993ms
[142.257s][info][gc,metaspace] GC(184) Metaspace: 57507K(60544K)->57507K(60544K) NonClass: 57507K(60544K)->57507K(60544K) Class: 0K(0K)->0K(0K)
[142.257s][info][gc          ] GC(184) Pause Young (System.gc()) 785M->785M(6143M) 0.631ms
[143.162s][info][gc,metaspace] GC(185) Metaspace: 57507K(60544K)->57507K(60544K) NonClass: 57507K(60544K)->57507K(60544K) Class: 0K(0K)->0K(0K)
[143.162s][info][gc          ] GC(185) Pause Full (System.gc()) 785M->785M(6143M) 904.674ms
[143.163s][info][gc,metaspace] GC(186) Metaspace: 57507K(60544K)->57507K(60544K) NonClass: 57507K(60544K)->57507K(60544K) Class: 0K(0K)->0K(0K)
[143.163s][info][gc          ] GC(186) Pause Young (System.gc()) 785M->785M(6143M) 0.637ms
[144.078s][info][gc,metaspace] GC(187) Metaspace: 57507K(60544K)->57507K(60544K) NonClass: 57507K(60544K)->57507K(60544K) Class: 0K(0K)->0K(0K)
[144.078s][info][gc          ] GC(187) Pause Full (System.gc()) 785M->785M(6143M) 915.312ms
[144.083s][info][gc,metaspace] GC(188) Metaspace: 57507K(60544K)->57507K(60544K) NonClass: 57507K(60544K)->57507K(60544K) Class: 0K(0K)->0K(0K)
[144.083s][info][gc          ] GC(188) Pause Young (System.gc()) 785M->785M(6143M) 1.142ms
[145.046s][info][gc,metaspace] GC(189) Metaspace: 57507K(60544K)->57507K(60544K) NonClass: 57507K(60544K)->57507K(60544K) Class: 0K(0K)->0K(0K)
[145.046s][info][gc          ] GC(189) Pause Full (System.gc()) 785M->785M(6143M) 962.306ms
[145.047s][info][gc,metaspace] GC(190) Metaspace: 57507K(60544K)->57507K(60544K) NonClass: 57507K(60544K)->57507K(60544K) Class: 0K(0K)->0K(0K)
[145.047s][info][gc          ] GC(190) Pause Young (System.gc()) 785M->785M(6143M) 1.267ms
[145.951s][info][gc,metaspace] GC(191) Metaspace: 57507K(60544K)->57507K(60544K) NonClass: 57507K(60544K)->57507K(60544K) Class: 0K(0K)->0K(0K)
[145.951s][info][gc          ] GC(191) Pause Full (System.gc()) 785M->785M(6143M) 903.436ms
[145.952s][info][gc,metaspace] GC(192) Metaspace: 57507K(60544K)->57507K(60544K) NonClass: 57507K(60544K)->57507K(60544K) Class: 0K(0K)->0K(0K)
[145.952s][info][gc          ] GC(192) Pause Young (System.gc()) 785M->785M(6143M) 1.136ms
[146.927s][info][gc,metaspace] GC(193) Metaspace: 57507K(60544K)->57507K(60544K) NonClass: 57507K(60544K)->57507K(60544K) Class: 0K(0K)->0K(0K)
[146.928s][info][gc          ] GC(193) Pause Full (System.gc()) 785M->785M(6143M) 975.635ms
[146.929s][info][gc,metaspace] GC(194) Metaspace: 57507K(60544K)->57507K(60544K) NonClass: 57507K(60544K)->57507K(60544K) Class: 0K(0K)->0K(0K)
[146.929s][info][gc          ] GC(194) Pause Young (System.gc()) 785M->785M(6143M) 1.275ms
[147.818s][info][gc,metaspace] GC(195) Metaspace: 57507K(60544K)->57507K(60544K) NonClass: 57507K(60544K)->57507K(60544K) Class: 0K(0K)->0K(0K)
[147.818s][info][gc          ] GC(195) Pause Full (System.gc()) 785M->785M(6143M) 888.623ms
[147.818s][info][gc,metaspace] GC(196) Metaspace: 57507K(60544K)->57507K(60544K) NonClass: 57507K(60544K)->57507K(60544K) Class: 0K(0K)->0K(0K)
[147.818s][info][gc          ] GC(196) Pause Young (System.gc()) 785M->785M(6143M) 0.653ms
[148.730s][info][gc,metaspace] GC(197) Metaspace: 57507K(60544K)->57507K(60544K) NonClass: 57507K(60544K)->57507K(60544K) Class: 0K(0K)->0K(0K)
[148.730s][info][gc          ] GC(197) Pause Full (System.gc()) 785M->785M(6143M) 911.588ms
[148.731s][info][gc,metaspace] GC(198) Metaspace: 57507K(60544K)->57507K(60544K) NonClass: 57507K(60544K)->57507K(60544K) Class: 0K(0K)->0K(0K)
[148.731s][info][gc          ] GC(198) Pause Young (System.gc()) 785M->785M(6143M) 1.248ms
[149.682s][info][gc,metaspace] GC(199) Metaspace: 57507K(60544K)->57507K(60544K) NonClass: 57507K(60544K)->57507K(60544K) Class: 0K(0K)->0K(0K)
[149.682s][info][gc          ] GC(199) Pause Full (System.gc()) 785M->785M(6143M) 951.014ms
[149.683s][info][gc,metaspace] GC(200) Metaspace: 57507K(60544K)->57507K(60544K) NonClass: 57507K(60544K)->57507K(60544K) Class: 0K(0K)->0K(0K)
[149.683s][info][gc          ] GC(200) Pause Young (System.gc()) 785M->785M(6143M) 0.626ms
[150.611s][info][gc,metaspace] GC(201) Metaspace: 57507K(60544K)->57507K(60544K) NonClass: 57507K(60544K)->57507K(60544K) Class: 0K(0K)->0K(0K)
[150.611s][info][gc          ] GC(201) Pause Full (System.gc()) 785M->785M(6143M) 927.601ms
[150.612s][info][gc,metaspace] GC(202) Metaspace: 57507K(60544K)->57507K(60544K) NonClass: 57507K(60544K)->57507K(60544K) Class: 0K(0K)->0K(0K)
[150.612s][info][gc          ] GC(202) Pause Young (System.gc()) 785M->785M(6143M) 0.645ms
[151.514s][info][gc,metaspace] GC(203) Metaspace: 57507K(60544K)->57507K(60544K) NonClass: 57507K(60544K)->57507K(60544K) Class: 0K(0K)->0K(0K)
[151.514s][info][gc          ] GC(203) Pause Full (System.gc()) 785M->785M(6143M) 902.236ms
[151.515s][info][gc,metaspace] GC(204) Metaspace: 57507K(60544K)->57507K(60544K) NonClass: 57507K(60544K)->57507K(60544K) Class: 0K(0K)->0K(0K)
[151.515s][info][gc          ] GC(204) Pause Young (System.gc()) 785M->785M(6143M) 1.241ms
[152.363s][info][gc,metaspace] GC(205) Metaspace: 57507K(60544K)->57507K(60544K) NonClass: 57507K(60544K)->57507K(60544K) Class: 0K(0K)->0K(0K)
[152.363s][info][gc          ] GC(205) Pause Full (System.gc()) 785M->785M(6143M) 847.825ms
[152.364s][info][gc,metaspace] GC(206) Metaspace: 57507K(60544K)->57507K(60544K) NonClass: 57507K(60544K)->57507K(60544K) Class: 0K(0K)->0K(0K)
[152.364s][info][gc          ] GC(206) Pause Young (System.gc()) 785M->785M(6143M) 0.602ms
[153.310s][info][gc,metaspace] GC(207) Metaspace: 57507K(60544K)->57507K(60544K) NonClass: 57507K(60544K)->57507K(60544K) Class: 0K(0K)->0K(0K)
[153.310s][info][gc          ] GC(207) Pause Full (System.gc()) 785M->785M(6143M) 946.367ms
[153.312s][info][gc,metaspace] GC(208) Metaspace: 57507K(60544K)->57507K(60544K) NonClass: 57507K(60544K)->57507K(60544K) Class: 0K(0K)->0K(0K)
[153.312s][info][gc          ] GC(208) Pause Young (System.gc()) 785M->785M(6143M) 1.181ms
[154.227s][info][gc,metaspace] GC(209) Metaspace: 57507K(60544K)->57507K(60544K) NonClass: 57507K(60544K)->57507K(60544K) Class: 0K(0K)->0K(0K)
[154.227s][info][gc          ] GC(209) Pause Full (System.gc()) 785M->785M(6143M) 915.790ms
[154.229s][info][gc,metaspace] GC(210) Metaspace: 57507K(60544K)->57507K(60544K) NonClass: 57507K(60544K)->57507K(60544K) Class: 0K(0K)->0K(0K)
[154.229s][info][gc          ] GC(210) Pause Young (System.gc()) 785M->785M(6143M) 1.308ms
[155.146s][info][gc,metaspace] GC(211) Metaspace: 57507K(60544K)->57507K(60544K) NonClass: 57507K(60544K)->57507K(60544K) Class: 0K(0K)->0K(0K)
[155.146s][info][gc          ] GC(211) Pause Full (System.gc()) 785M->785M(6143M) 917.033ms
[155.151s][info][gc,metaspace] GC(212) Metaspace: 57507K(60544K)->57507K(60544K) NonClass: 57507K(60544K)->57507K(60544K) Class: 0K(0K)->0K(0K)
[155.151s][info][gc          ] GC(212) Pause Young (System.gc()) 785M->785M(6143M) 1.111ms
[156.117s][info][gc,metaspace] GC(213) Metaspace: 57507K(60544K)->57507K(60544K) NonClass: 57507K(60544K)->57507K(60544K) Class: 0K(0K)->0K(0K)
[156.118s][info][gc          ] GC(213) Pause Full (System.gc()) 785M->785M(6143M) 966.093ms
[156.119s][info][gc,metaspace] GC(214) Metaspace: 57507K(60544K)->57507K(60544K) NonClass: 57507K(60544K)->57507K(60544K) Class: 0K(0K)->0K(0K)
[156.119s][info][gc          ] GC(214) Pause Young (System.gc()) 785M->785M(6143M) 1.226ms
[157.025s][info][gc,metaspace] GC(215) Metaspace: 57507K(60544K)->57507K(60544K) NonClass: 57507K(60544K)->57507K(60544K) Class: 0K(0K)->0K(0K)
[157.025s][info][gc          ] GC(215) Pause Full (System.gc()) 785M->785M(6143M) 905.888ms
[157.026s][info][gc,metaspace] GC(216) Metaspace: 57507K(60544K)->57507K(60544K) NonClass: 57507K(60544K)->57507K(60544K) Class: 0K(0K)->0K(0K)
[157.026s][info][gc          ] GC(216) Pause Young (System.gc()) 785M->785M(6143M) 0.619ms
[157.843s][info][gc,metaspace] GC(217) Metaspace: 57507K(60544K)->57507K(60544K) NonClass: 57507K(60544K)->57507K(60544K) Class: 0K(0K)->0K(0K)
[157.843s][info][gc          ] GC(217) Pause Full (System.gc()) 785M->785M(6143M) 817.638ms
[157.845s][info][gc,metaspace] GC(218) Metaspace: 57507K(60544K)->57507K(60544K) NonClass: 57507K(60544K)->57507K(60544K) Class: 0K(0K)->0K(0K)
[157.845s][info][gc          ] GC(218) Pause Young (System.gc()) 785M->785M(6143M) 1.207ms
[158.757s][info][gc,metaspace] GC(219) Metaspace: 57507K(60544K)->57507K(60544K) NonClass: 57507K(60544K)->57507K(60544K) Class: 0K(0K)->0K(0K)
[158.757s][info][gc          ] GC(219) Pause Full (System.gc()) 785M->785M(6143M) 912.595ms
After GCs... 
