Done; will start GCs... 
[70.333s][info][gc,metaspace] GC(20) Metaspace: 62644K(70016K)->62644K(70016K) NonClass: 46473K(49600K)->46473K(49600K) Class: 16170K(20416K)->16170K(20416K)
[70.333s][info][gc          ] GC(20) Pause Young (System.gc()) 1011M->991M(5640M) 148.509ms
[71.475s][info][gc,metaspace] GC(21) Metaspace: 62644K(70016K)->62644K(70016K) NonClass: 46473K(49600K)->46473K(49600K) Class: 16170K(20416K)->16170K(20416K)
[71.475s][info][gc          ] GC(21) Pause Full (System.gc()) 991M->785M(5640M) 1141.888ms
[71.487s][info][gc,metaspace] GC(22) Metaspace: 62644K(70016K)->62644K(70016K) NonClass: 46473K(49600K)->46473K(49600K) Class: 16170K(20416K)->16170K(20416K)
[71.487s][info][gc          ] GC(22) Pause Young (System.gc()) 785M->785M(5821M) 12.094ms
[72.193s][info][gc,metaspace] GC(23) Metaspace: 62644K(70016K)->62644K(70016K) NonClass: 46473K(49600K)->46473K(49600K) Class: 16170K(20416K)->16170K(20416K)
[72.193s][info][gc          ] GC(23) Pause Full (System.gc()) 785M->785M(5821M) 705.988ms
[72.195s][info][gc,metaspace] GC(24) Metaspace: 62644K(70016K)->62644K(70016K) NonClass: 46473K(49600K)->46473K(49600K) Class: 16170K(20416K)->16170K(20416K)
[72.195s][info][gc          ] GC(24) Pause Young (System.gc()) 785M->785M(5814M) 1.248ms
[73.106s][info][gc,metaspace] GC(25) Metaspace: 62644K(70016K)->62644K(70016K) NonClass: 46473K(49600K)->46473K(49600K) Class: 16170K(20416K)->16170K(20416K)
[73.106s][info][gc          ] GC(25) Pause Full (System.gc()) 785M->785M(5814M) 911.765ms
[73.108s][info][gc,metaspace] GC(26) Metaspace: 62644K(70016K)->62644K(70016K) NonClass: 46473K(49600K)->46473K(49600K) Class: 16170K(20416K)->16170K(20416K)
[73.108s][info][gc          ] GC(26) Pause Young (System.gc()) 785M->785M(5840M) 1.304ms
[74.056s][info][gc,metaspace] GC(27) Metaspace: 62644K(70016K)->62644K(70016K) NonClass: 46473K(49600K)->46473K(49600K) Class: 16170K(20416K)->16170K(20416K)
[74.056s][info][gc          ] GC(27) Pause Full (System.gc()) 785M->785M(5840M) 948.286ms
[74.058s][info][gc,metaspace] GC(28) Metaspace: 62644K(70016K)->62644K(70016K) NonClass: 46473K(49600K)->46473K(49600K) Class: 16170K(20416K)->16170K(20416K)
[74.058s][info][gc          ] GC(28) Pause Young (System.gc()) 785M->785M(5830M) 1.333ms
[74.970s][info][gc,metaspace] GC(29) Metaspace: 62644K(70016K)->62644K(70016K) NonClass: 46473K(49600K)->46473K(49600K) Class: 16170K(20416K)->16170K(20416K)
[74.970s][info][gc          ] GC(29) Pause Full (System.gc()) 785M->785M(5830M) 912.565ms
[74.972s][info][gc,metaspace] GC(30) Metaspace: 62644K(70016K)->62644K(70016K) NonClass: 46473K(49600K)->46473K(49600K) Class: 16170K(20416K)->16170K(20416K)
[74.972s][info][gc          ] GC(30) Pause Young (System.gc()) 785M->785M(5863M) 1.284ms
[75.882s][info][gc,metaspace] GC(31) Metaspace: 62644K(70016K)->62644K(70016K) NonClass: 46473K(49600K)->46473K(49600K) Class: 16170K(20416K)->16170K(20416K)
[75.882s][info][gc          ] GC(31) Pause Full (System.gc()) 785M->785M(5863M) 909.844ms
[75.887s][info][gc,metaspace] GC(32) Metaspace: 62644K(70016K)->62644K(70016K) NonClass: 46473K(49600K)->46473K(49600K) Class: 16170K(20416K)->16170K(20416K)
[75.887s][info][gc          ] GC(32) Pause Young (System.gc()) 785M->785M(5851M) 1.162ms
[76.688s][info][gc,metaspace] GC(33) Metaspace: 62644K(70016K)->62644K(70016K) NonClass: 46473K(49600K)->46473K(49600K) Class: 16170K(20416K)->16170K(20416K)
[76.688s][info][gc          ] GC(33) Pause Full (System.gc()) 785M->785M(5851M) 800.847ms
[76.690s][info][gc,metaspace] GC(34) Metaspace: 62644K(70016K)->62644K(70016K) NonClass: 46473K(49600K)->46473K(49600K) Class: 16170K(20416K)->16170K(20416K)
[76.690s][info][gc          ] GC(34) Pause Young (System.gc()) 785M->785M(5889M) 1.355ms
[77.612s][info][gc,metaspace] GC(35) Metaspace: 62644K(70016K)->62644K(70016K) NonClass: 46473K(49600K)->46473K(49600K) Class: 16170K(20416K)->16170K(20416K)
[77.613s][info][gc          ] GC(35) Pause Full (System.gc()) 785M->785M(5889M) 922.950ms
[77.614s][info][gc,metaspace] GC(36) Metaspace: 62644K(70016K)->62644K(70016K) NonClass: 46473K(49600K)->46473K(49600K) Class: 16170K(20416K)->16170K(20416K)
[77.614s][info][gc          ] GC(36) Pause Young (System.gc()) 785M->785M(5876M) 1.165ms
[78.512s][info][gc,metaspace] GC(37) Metaspace: 62644K(70016K)->62644K(70016K) NonClass: 46473K(49600K)->46473K(49600K) Class: 16170K(20416K)->16170K(20416K)
[78.512s][info][gc          ] GC(37) Pause Full (System.gc()) 785M->785M(5876M) 898.453ms
[78.514s][info][gc,metaspace] GC(38) Metaspace: 62644K(70016K)->62644K(70016K) NonClass: 46473K(49600K)->46473K(49600K) Class: 16170K(20416K)->16170K(20416K)
[78.514s][info][gc          ] GC(38) Pause Young (System.gc()) 785M->785M(5915M) 1.379ms
[79.463s][info][gc,metaspace] GC(39) Metaspace: 62644K(70016K)->62644K(70016K) NonClass: 46473K(49600K)->46473K(49600K) Class: 16170K(20416K)->16170K(20416K)
[79.463s][info][gc          ] GC(39) Pause Full (System.gc()) 785M->785M(5915M) 949.560ms
[79.487s][info][gc,metaspace] GC(40) Metaspace: 62644K(70016K)->62644K(70016K) NonClass: 46473K(49600K)->46473K(49600K) Class: 16170K(20416K)->16170K(20416K)
[79.487s][info][gc          ] GC(40) Pause Young (System.gc()) 785M->785M(5902M) 0.883ms
[80.387s][info][gc,metaspace] GC(41) Metaspace: 62644K(70016K)->62644K(70016K) NonClass: 46473K(49600K)->46473K(49600K) Class: 16170K(20416K)->16170K(20416K)
[80.387s][info][gc          ] GC(41) Pause Full (System.gc()) 785M->785M(5902M) 899.769ms
[80.388s][info][gc,metaspace] GC(42) Metaspace: 62644K(70016K)->62644K(70016K) NonClass: 46473K(49600K)->46473K(49600K) Class: 16170K(20416K)->16170K(20416K)
[80.388s][info][gc          ] GC(42) Pause Young (System.gc()) 785M->785M(5940M) 1.268ms
[81.309s][info][gc,metaspace] GC(43) Metaspace: 62644K(70016K)->62644K(70016K) NonClass: 46473K(49600K)->46473K(49600K) Class: 16170K(20416K)->16170K(20416K)
[81.309s][info][gc          ] GC(43) Pause Full (System.gc()) 785M->785M(5940M) 920.674ms
[81.310s][info][gc,metaspace] GC(44) Metaspace: 62644K(70016K)->62644K(70016K) NonClass: 46473K(49600K)->46473K(49600K) Class: 16170K(20416K)->16170K(20416K)
[81.310s][info][gc          ] GC(44) Pause Young (System.gc()) 785M->785M(5928M) 1.244ms
[82.226s][info][gc,metaspace] GC(45) Metaspace: 62644K(70016K)->62644K(70016K) NonClass: 46473K(49600K)->46473K(49600K) Class: 16170K(20416K)->16170K(20416K)
[82.226s][info][gc          ] GC(45) Pause Full (System.gc()) 785M->785M(5928M) 915.326ms
[82.227s][info][gc,metaspace] GC(46) Metaspace: 62644K(70016K)->62644K(70016K) NonClass: 46473K(49600K)->46473K(49600K) Class: 16170K(20416K)->16170K(20416K)
[82.227s][info][gc          ] GC(46) Pause Young (System.gc()) 785M->785M(5964M) 1.388ms
[83.122s][info][gc,metaspace] GC(47) Metaspace: 62644K(70016K)->62644K(70016K) NonClass: 46473K(49600K)->46473K(49600K) Class: 16170K(20416K)->16170K(20416K)
[83.122s][info][gc          ] GC(47) Pause Full (System.gc()) 785M->785M(5964M) 894.852ms
[83.123s][info][gc,metaspace] GC(48) Metaspace: 62644K(70016K)->62644K(70016K) NonClass: 46473K(49600K)->46473K(49600K) Class: 16170K(20416K)->16170K(20416K)
[83.123s][info][gc          ] GC(48) Pause Young (System.gc()) 785M->785M(5952M) 1.166ms
[84.053s][info][gc,metaspace] GC(49) Metaspace: 62644K(70016K)->62644K(70016K) NonClass: 46473K(49600K)->46473K(49600K) Class: 16170K(20416K)->16170K(20416K)
[84.053s][info][gc          ] GC(49) Pause Full (System.gc()) 785M->785M(5952M) 929.616ms
[84.054s][info][gc,metaspace] GC(50) Metaspace: 62644K(70016K)->62644K(70016K) NonClass: 46473K(49600K)->46473K(49600K) Class: 16170K(20416K)->16170K(20416K)
[84.054s][info][gc          ] GC(50) Pause Young (System.gc()) 785M->785M(5986M) 1.393ms
[84.988s][info][gc,metaspace] GC(51) Metaspace: 62644K(70016K)->62644K(70016K) NonClass: 46473K(49600K)->46473K(49600K) Class: 16170K(20416K)->16170K(20416K)
[84.988s][info][gc          ] GC(51) Pause Full (System.gc()) 785M->785M(5986M) 933.958ms
[84.990s][info][gc,metaspace] GC(52) Metaspace: 62644K(70016K)->62644K(70016K) NonClass: 46473K(49600K)->46473K(49600K) Class: 16170K(20416K)->16170K(20416K)
[84.990s][info][gc          ] GC(52) Pause Young (System.gc()) 785M->785M(5975M) 1.243ms
[85.723s][info][gc,metaspace] GC(53) Metaspace: 62644K(70016K)->62644K(70016K) NonClass: 46473K(49600K)->46473K(49600K) Class: 16170K(20416K)->16170K(20416K)
[85.723s][info][gc          ] GC(53) Pause Full (System.gc()) 785M->785M(5975M) 733.392ms
[85.725s][info][gc,metaspace] GC(54) Metaspace: 62644K(70016K)->62644K(70016K) NonClass: 46473K(49600K)->46473K(49600K) Class: 16170K(20416K)->16170K(20416K)
[85.725s][info][gc          ] GC(54) Pause Young (System.gc()) 785M->785M(6006M) 1.263ms
[86.449s][info][gc,metaspace] GC(55) Metaspace: 62644K(70016K)->62644K(70016K) NonClass: 46473K(49600K)->46473K(49600K) Class: 16170K(20416K)->16170K(20416K)
[86.449s][info][gc          ] GC(55) Pause Full (System.gc()) 785M->785M(6006M) 723.877ms
[86.454s][info][gc,metaspace] GC(56) Metaspace: 62644K(70016K)->62644K(70016K) NonClass: 46473K(49600K)->46473K(49600K) Class: 16170K(20416K)->16170K(20416K)
[86.454s][info][gc          ] GC(56) Pause Young (System.gc()) 785M->785M(5997M) 1.256ms
[87.352s][info][gc,metaspace] GC(57) Metaspace: 62644K(70016K)->62644K(70016K) NonClass: 46473K(49600K)->46473K(49600K) Class: 16170K(20416K)->16170K(20416K)
[87.352s][info][gc          ] GC(57) Pause Full (System.gc()) 785M->785M(5997M) 898.175ms
[87.354s][info][gc,metaspace] GC(58) Metaspace: 62644K(70016K)->62644K(70016K) NonClass: 46473K(49600K)->46473K(49600K) Class: 16170K(20416K)->16170K(20416K)
[87.354s][info][gc          ] GC(58) Pause Young (System.gc()) 785M->785M(6025M) 1.329ms
[88.281s][info][gc,metaspace] GC(59) Metaspace: 62644K(70016K)->62644K(70016K) NonClass: 46473K(49600K)->46473K(49600K) Class: 16170K(20416K)->16170K(20416K)
[88.281s][info][gc          ] GC(59) Pause Full (System.gc()) 785M->785M(6025M) 927.094ms
[88.282s][info][gc,metaspace] GC(60) Metaspace: 62644K(70016K)->62644K(70016K) NonClass: 46473K(49600K)->46473K(49600K) Class: 16170K(20416K)->16170K(20416K)
[88.282s][info][gc          ] GC(60) Pause Young (System.gc()) 785M->785M(6016M) 1.202ms
[89.217s][info][gc,metaspace] GC(61) Metaspace: 62644K(70016K)->62644K(70016K) NonClass: 46473K(49600K)->46473K(49600K) Class: 16170K(20416K)->16170K(20416K)
[89.217s][info][gc          ] GC(61) Pause Full (System.gc()) 785M->785M(6016M) 934.249ms
[89.218s][info][gc,metaspace] GC(62) Metaspace: 62644K(70016K)->62644K(70016K) NonClass: 46473K(49600K)->46473K(49600K) Class: 16170K(20416K)->16170K(20416K)
[89.218s][info][gc          ] GC(62) Pause Young (System.gc()) 785M->785M(6041M) 1.205ms
[90.134s][info][gc,metaspace] GC(63) Metaspace: 62644K(70016K)->62644K(70016K) NonClass: 46473K(49600K)->46473K(49600K) Class: 16170K(20416K)->16170K(20416K)
[90.134s][info][gc          ] GC(63) Pause Full (System.gc()) 785M->785M(6041M) 916.229ms
[90.135s][info][gc,metaspace] GC(64) Metaspace: 62644K(70016K)->62644K(70016K) NonClass: 46473K(49600K)->46473K(49600K) Class: 16170K(20416K)->16170K(20416K)
[90.135s][info][gc          ] GC(64) Pause Young (System.gc()) 785M->785M(6033M) 0.627ms
[91.053s][info][gc,metaspace] GC(65) Metaspace: 62644K(70016K)->62644K(70016K) NonClass: 46473K(49600K)->46473K(49600K) Class: 16170K(20416K)->16170K(20416K)
[91.053s][info][gc          ] GC(65) Pause Full (System.gc()) 785M->785M(6033M) 918.070ms
[91.054s][info][gc,metaspace] GC(66) Metaspace: 62644K(70016K)->62644K(70016K) NonClass: 46473K(49600K)->46473K(49600K) Class: 16170K(20416K)->16170K(20416K)
[91.054s][info][gc          ] GC(66) Pause Young (System.gc()) 785M->785M(6055M) 0.695ms
[91.955s][info][gc,metaspace] GC(67) Metaspace: 62644K(70016K)->62644K(70016K) NonClass: 46473K(49600K)->46473K(49600K) Class: 16170K(20416K)->16170K(20416K)
[91.955s][info][gc          ] GC(67) Pause Full (System.gc()) 785M->785M(6055M) 901.538ms
[91.961s][info][gc,metaspace] GC(68) Metaspace: 62644K(70016K)->62644K(70016K) NonClass: 46473K(49600K)->46473K(49600K) Class: 16170K(20416K)->16170K(20416K)
[91.961s][info][gc          ] GC(68) Pause Young (System.gc()) 785M->785M(6048M) 1.288ms
[92.837s][info][gc,metaspace] GC(69) Metaspace: 62644K(70016K)->62644K(70016K) NonClass: 46473K(49600K)->46473K(49600K) Class: 16170K(20416K)->16170K(20416K)
[92.837s][info][gc          ] GC(69) Pause Full (System.gc()) 785M->785M(6048M) 875.874ms
[92.838s][info][gc,metaspace] GC(70) Metaspace: 62644K(70016K)->62644K(70016K) NonClass: 46473K(49600K)->46473K(49600K) Class: 16170K(20416K)->16170K(20416K)
[92.838s][info][gc          ] GC(70) Pause Young (System.gc()) 785M->785M(6068M) 1.226ms
[93.761s][info][gc,metaspace] GC(71) Metaspace: 62644K(70016K)->62644K(70016K) NonClass: 46473K(49600K)->46473K(49600K) Class: 16170K(20416K)->16170K(20416K)
[93.761s][info][gc          ] GC(71) Pause Full (System.gc()) 785M->785M(6068M) 922.334ms
[93.762s][info][gc,metaspace] GC(72) Metaspace: 62644K(70016K)->62644K(70016K) NonClass: 46473K(49600K)->46473K(49600K) Class: 16170K(20416K)->16170K(20416K)
[93.762s][info][gc          ] GC(72) Pause Young (System.gc()) 785M->785M(6062M) 1.159ms
[94.663s][info][gc,metaspace] GC(73) Metaspace: 62644K(70016K)->62644K(70016K) NonClass: 46473K(49600K)->46473K(49600K) Class: 16170K(20416K)->16170K(20416K)
[94.663s][info][gc          ] GC(73) Pause Full (System.gc()) 785M->785M(6062M) 900.496ms
[94.664s][info][gc,metaspace] GC(74) Metaspace: 62644K(70016K)->62644K(70016K) NonClass: 46473K(49600K)->46473K(49600K) Class: 16170K(20416K)->16170K(20416K)
[94.664s][info][gc          ] GC(74) Pause Young (System.gc()) 785M->785M(6079M) 1.206ms
[95.586s][info][gc,metaspace] GC(75) Metaspace: 62644K(70016K)->62644K(70016K) NonClass: 46473K(49600K)->46473K(49600K) Class: 16170K(20416K)->16170K(20416K)
[95.586s][info][gc          ] GC(75) Pause Full (System.gc()) 785M->785M(6079M) 922.569ms
[95.587s][info][gc,metaspace] GC(76) Metaspace: 62644K(70016K)->62644K(70016K) NonClass: 46473K(49600K)->46473K(49600K) Class: 16170K(20416K)->16170K(20416K)
[95.587s][info][gc          ] GC(76) Pause Young (System.gc()) 785M->785M(6074M) 0.593ms
[96.554s][info][gc,metaspace] GC(77) Metaspace: 62644K(70016K)->62644K(70016K) NonClass: 46473K(49600K)->46473K(49600K) Class: 16170K(20416K)->16170K(20416K)
[96.554s][info][gc          ] GC(77) Pause Full (System.gc()) 785M->785M(6074M) 966.904ms
[96.555s][info][gc,metaspace] GC(78) Metaspace: 62644K(70016K)->62644K(70016K) NonClass: 46473K(49600K)->46473K(49600K) Class: 16170K(20416K)->16170K(20416K)
[96.555s][info][gc          ] GC(78) Pause Young (System.gc()) 785M->785M(6088M) 0.752ms
[97.368s][info][gc,metaspace] GC(79) Metaspace: 62644K(70016K)->62644K(70016K) NonClass: 46473K(49600K)->46473K(49600K) Class: 16170K(20416K)->16170K(20416K)
[97.368s][info][gc          ] GC(79) Pause Full (System.gc()) 785M->785M(6088M) 812.951ms
[97.369s][info][gc,metaspace] GC(80) Metaspace: 62644K(70016K)->62644K(70016K) NonClass: 46473K(49600K)->46473K(49600K) Class: 16170K(20416K)->16170K(20416K)
[97.369s][info][gc          ] GC(80) Pause Young (System.gc()) 785M->785M(6084M) 1.270ms
[98.193s][info][gc,metaspace] GC(81) Metaspace: 62644K(70016K)->62644K(70016K) NonClass: 46473K(49600K)->46473K(49600K) Class: 16170K(20416K)->16170K(20416K)
[98.193s][info][gc          ] GC(81) Pause Full (System.gc()) 785M->785M(6084M) 823.728ms
[98.194s][info][gc,metaspace] GC(82) Metaspace: 62644K(70016K)->62644K(70016K) NonClass: 46473K(49600K)->46473K(49600K) Class: 16170K(20416K)->16170K(20416K)
[98.194s][info][gc          ] GC(82) Pause Young (System.gc()) 785M->785M(6097M) 0.687ms
[99.106s][info][gc,metaspace] GC(83) Metaspace: 62644K(70016K)->62644K(70016K) NonClass: 46473K(49600K)->46473K(49600K) Class: 16170K(20416K)->16170K(20416K)
[99.106s][info][gc          ] GC(83) Pause Full (System.gc()) 785M->785M(6097M) 911.744ms
[99.107s][info][gc,metaspace] GC(84) Metaspace: 62644K(70016K)->62644K(70016K) NonClass: 46473K(49600K)->46473K(49600K) Class: 16170K(20416K)->16170K(20416K)
[99.107s][info][gc          ] GC(84) Pause Young (System.gc()) 785M->785M(6093M) 1.106ms
[100.028s][info][gc,metaspace] GC(85) Metaspace: 62644K(70016K)->62644K(70016K) NonClass: 46473K(49600K)->46473K(49600K) Class: 16170K(20416K)->16170K(20416K)
[100.028s][info][gc          ] GC(85) Pause Full (System.gc()) 785M->785M(6093M) 921.423ms
[100.030s][info][gc,metaspace] GC(86) Metaspace: 62644K(70016K)->62644K(70016K) NonClass: 46473K(49600K)->46473K(49600K) Class: 16170K(20416K)->16170K(20416K)
[100.030s][info][gc          ] GC(86) Pause Young (System.gc()) 785M->785M(6104M) 1.324ms
[100.957s][info][gc,metaspace] GC(87) Metaspace: 62644K(70016K)->62644K(70016K) NonClass: 46473K(49600K)->46473K(49600K) Class: 16170K(20416K)->16170K(20416K)
[100.957s][info][gc          ] GC(87) Pause Full (System.gc()) 785M->785M(6104M) 926.938ms
[100.958s][info][gc,metaspace] GC(88) Metaspace: 62644K(70016K)->62644K(70016K) NonClass: 46473K(49600K)->46473K(49600K) Class: 16170K(20416K)->16170K(20416K)
[100.958s][info][gc          ] GC(88) Pause Young (System.gc()) 785M->785M(6100M) 0.533ms
[101.874s][info][gc,metaspace] GC(89) Metaspace: 62644K(70016K)->62644K(70016K) NonClass: 46473K(49600K)->46473K(49600K) Class: 16170K(20416K)->16170K(20416K)
[101.874s][info][gc          ] GC(89) Pause Full (System.gc()) 785M->785M(6100M) 916.160ms
[101.874s][info][gc,metaspace] GC(90) Metaspace: 62644K(70016K)->62644K(70016K) NonClass: 46473K(49600K)->46473K(49600K) Class: 16170K(20416K)->16170K(20416K)
[101.875s][info][gc          ] GC(90) Pause Young (System.gc()) 785M->785M(6110M) 0.703ms
[102.781s][info][gc,metaspace] GC(91) Metaspace: 62644K(70016K)->62644K(70016K) NonClass: 46473K(49600K)->46473K(49600K) Class: 16170K(20416K)->16170K(20416K)
[102.781s][info][gc          ] GC(91) Pause Full (System.gc()) 785M->785M(6110M) 906.496ms
[102.787s][info][gc,metaspace] GC(92) Metaspace: 62644K(70016K)->62644K(70016K) NonClass: 46473K(49600K)->46473K(49600K) Class: 16170K(20416K)->16170K(20416K)
[102.787s][info][gc          ] GC(92) Pause Young (System.gc()) 785M->785M(6107M) 1.152ms
[103.712s][info][gc,metaspace] GC(93) Metaspace: 62644K(70016K)->62644K(70016K) NonClass: 46473K(49600K)->46473K(49600K) Class: 16170K(20416K)->16170K(20416K)
[103.712s][info][gc          ] GC(93) Pause Full (System.gc()) 785M->785M(6107M) 925.591ms
[103.714s][info][gc,metaspace] GC(94) Metaspace: 62644K(70016K)->62644K(70016K) NonClass: 46473K(49600K)->46473K(49600K) Class: 16170K(20416K)->16170K(20416K)
[103.714s][info][gc          ] GC(94) Pause Young (System.gc()) 785M->785M(6115M) 1.301ms
[104.598s][info][gc,metaspace] GC(95) Metaspace: 62644K(70016K)->62644K(70016K) NonClass: 46473K(49600K)->46473K(49600K) Class: 16170K(20416K)->16170K(20416K)
[104.599s][info][gc          ] GC(95) Pause Full (System.gc()) 785M->785M(6115M) 884.881ms
[104.600s][info][gc,metaspace] GC(96) Metaspace: 62644K(70016K)->62644K(70016K) NonClass: 46473K(49600K)->46473K(49600K) Class: 16170K(20416K)->16170K(20416K)
[104.600s][info][gc          ] GC(96) Pause Young (System.gc()) 785M->785M(6113M) 1.205ms
[105.506s][info][gc,metaspace] GC(97) Metaspace: 62644K(70016K)->62644K(70016K) NonClass: 46473K(49600K)->46473K(49600K) Class: 16170K(20416K)->16170K(20416K)
[105.506s][info][gc          ] GC(97) Pause Full (System.gc()) 785M->785M(6113M) 906.130ms
[105.507s][info][gc,metaspace] GC(98) Metaspace: 62644K(70016K)->62644K(70016K) NonClass: 46473K(49600K)->46473K(49600K) Class: 16170K(20416K)->16170K(20416K)
[105.507s][info][gc          ] GC(98) Pause Young (System.gc()) 785M->785M(6120M) 1.299ms
[106.413s][info][gc,metaspace] GC(99) Metaspace: 62644K(70016K)->62644K(70016K) NonClass: 46473K(49600K)->46473K(49600K) Class: 16170K(20416K)->16170K(20416K)
[106.413s][info][gc          ] GC(99) Pause Full (System.gc()) 785M->785M(6120M) 905.074ms
[106.414s][info][gc,metaspace] GC(100) Metaspace: 62644K(70016K)->62644K(70016K) NonClass: 46473K(49600K)->46473K(49600K) Class: 16170K(20416K)->16170K(20416K)
[106.414s][info][gc          ] GC(100) Pause Young (System.gc()) 785M->785M(6117M) 1.256ms
[107.342s][info][gc,metaspace] GC(101) Metaspace: 62644K(70016K)->62644K(70016K) NonClass: 46473K(49600K)->46473K(49600K) Class: 16170K(20416K)->16170K(20416K)
[107.342s][info][gc          ] GC(101) Pause Full (System.gc()) 785M->785M(6117M) 927.782ms
[107.343s][info][gc,metaspace] GC(102) Metaspace: 62644K(70016K)->62644K(70016K) NonClass: 46473K(49600K)->46473K(49600K) Class: 16170K(20416K)->16170K(20416K)
[107.343s][info][gc          ] GC(102) Pause Young (System.gc()) 785M->785M(6123M) 0.647ms
[108.236s][info][gc,metaspace] GC(103) Metaspace: 62644K(70016K)->62644K(70016K) NonClass: 46473K(49600K)->46473K(49600K) Class: 16170K(20416K)->16170K(20416K)
[108.236s][info][gc          ] GC(103) Pause Full (System.gc()) 785M->785M(6123M) 893.363ms
[108.237s][info][gc,metaspace] GC(104) Metaspace: 62644K(70016K)->62644K(70016K) NonClass: 46473K(49600K)->46473K(49600K) Class: 16170K(20416K)->16170K(20416K)
[108.237s][info][gc          ] GC(104) Pause Young (System.gc()) 785M->785M(6121M) 0.615ms
[109.192s][info][gc,metaspace] GC(105) Metaspace: 62644K(70016K)->62644K(70016K) NonClass: 46473K(49600K)->46473K(49600K) Class: 16170K(20416K)->16170K(20416K)
[109.192s][info][gc          ] GC(105) Pause Full (System.gc()) 785M->785M(6121M) 955.659ms
[109.194s][info][gc,metaspace] GC(106) Metaspace: 62644K(70016K)->62644K(70016K) NonClass: 46473K(49600K)->46473K(49600K) Class: 16170K(20416K)->16170K(20416K)
[109.194s][info][gc          ] GC(106) Pause Young (System.gc()) 785M->785M(6127M) 1.361ms
[110.093s][info][gc,metaspace] GC(107) Metaspace: 62644K(70016K)->62644K(70016K) NonClass: 46473K(49600K)->46473K(49600K) Class: 16170K(20416K)->16170K(20416K)
[110.093s][info][gc          ] GC(107) Pause Full (System.gc()) 785M->785M(6127M) 898.916ms
[110.093s][info][gc,metaspace] GC(108) Metaspace: 62644K(70016K)->62644K(70016K) NonClass: 46473K(49600K)->46473K(49600K) Class: 16170K(20416K)->16170K(20416K)
[110.093s][info][gc          ] GC(108) Pause Young (System.gc()) 785M->785M(6125M) 0.531ms
[111.037s][info][gc,metaspace] GC(109) Metaspace: 62644K(70016K)->62644K(70016K) NonClass: 46473K(49600K)->46473K(49600K) Class: 16170K(20416K)->16170K(20416K)
[111.037s][info][gc          ] GC(109) Pause Full (System.gc()) 785M->785M(6125M) 943.884ms
[111.038s][info][gc,metaspace] GC(110) Metaspace: 62644K(70016K)->62644K(70016K) NonClass: 46473K(49600K)->46473K(49600K) Class: 16170K(20416K)->16170K(20416K)
[111.038s][info][gc          ] GC(110) Pause Young (System.gc()) 785M->785M(6129M) 0.681ms
[111.960s][info][gc,metaspace] GC(111) Metaspace: 62644K(70016K)->62644K(70016K) NonClass: 46473K(49600K)->46473K(49600K) Class: 16170K(20416K)->16170K(20416K)
[111.960s][info][gc          ] GC(111) Pause Full (System.gc()) 785M->785M(6129M) 921.650ms
[111.961s][info][gc,metaspace] GC(112) Metaspace: 62644K(70016K)->62644K(70016K) NonClass: 46473K(49600K)->46473K(49600K) Class: 16170K(20416K)->16170K(20416K)
[111.961s][info][gc          ] GC(112) Pause Young (System.gc()) 785M->785M(6128M) 1.297ms
[112.714s][info][gc,metaspace] GC(113) Metaspace: 62644K(70016K)->62644K(70016K) NonClass: 46473K(49600K)->46473K(49600K) Class: 16170K(20416K)->16170K(20416K)
[112.714s][info][gc          ] GC(113) Pause Full (System.gc()) 785M->785M(6128M) 753.164ms
[112.715s][info][gc,metaspace] GC(114) Metaspace: 62644K(70016K)->62644K(70016K) NonClass: 46473K(49600K)->46473K(49600K) Class: 16170K(20416K)->16170K(20416K)
[112.715s][info][gc          ] GC(114) Pause Young (System.gc()) 785M->785M(6132M) 0.613ms
[113.620s][info][gc,metaspace] GC(115) Metaspace: 62644K(70016K)->62644K(70016K) NonClass: 46473K(49600K)->46473K(49600K) Class: 16170K(20416K)->16170K(20416K)
[113.620s][info][gc          ] GC(115) Pause Full (System.gc()) 785M->785M(6132M) 905.288ms
[113.626s][info][gc,metaspace] GC(116) Metaspace: 62644K(70016K)->62644K(70016K) NonClass: 46473K(49600K)->46473K(49600K) Class: 16170K(20416K)->16170K(20416K)
[113.626s][info][gc          ] GC(116) Pause Young (System.gc()) 785M->785M(6130M) 1.260ms
[114.546s][info][gc,metaspace] GC(117) Metaspace: 62644K(70016K)->62644K(70016K) NonClass: 46473K(49600K)->46473K(49600K) Class: 16170K(20416K)->16170K(20416K)
[114.546s][info][gc          ] GC(117) Pause Full (System.gc()) 785M->785M(6130M) 919.782ms
[114.547s][info][gc,metaspace] GC(118) Metaspace: 62644K(70016K)->62644K(70016K) NonClass: 46473K(49600K)->46473K(49600K) Class: 16170K(20416K)->16170K(20416K)
[114.547s][info][gc          ] GC(118) Pause Young (System.gc()) 785M->785M(6133M) 1.303ms
[115.501s][info][gc,metaspace] GC(119) Metaspace: 62644K(70016K)->62644K(70016K) NonClass: 46473K(49600K)->46473K(49600K) Class: 16170K(20416K)->16170K(20416K)
[115.501s][info][gc          ] GC(119) Pause Full (System.gc()) 785M->785M(6133M) 953.368ms
[115.501s][info][gc,metaspace] GC(120) Metaspace: 62644K(70016K)->62644K(70016K) NonClass: 46473K(49600K)->46473K(49600K) Class: 16170K(20416K)->16170K(20416K)
[115.501s][info][gc          ] GC(120) Pause Young (System.gc()) 785M->785M(6133M) 0.574ms
[116.361s][info][gc,metaspace] GC(121) Metaspace: 62644K(70016K)->62644K(70016K) NonClass: 46473K(49600K)->46473K(49600K) Class: 16170K(20416K)->16170K(20416K)
[116.361s][info][gc          ] GC(121) Pause Full (System.gc()) 785M->785M(6133M) 859.514ms
[116.362s][info][gc,metaspace] GC(122) Metaspace: 62644K(70016K)->62644K(70016K) NonClass: 46473K(49600K)->46473K(49600K) Class: 16170K(20416K)->16170K(20416K)
[116.362s][info][gc          ] GC(122) Pause Young (System.gc()) 785M->785M(6135M) 1.179ms
[117.287s][info][gc,metaspace] GC(123) Metaspace: 62644K(70016K)->62644K(70016K) NonClass: 46473K(49600K)->46473K(49600K) Class: 16170K(20416K)->16170K(20416K)
[117.287s][info][gc          ] GC(123) Pause Full (System.gc()) 785M->785M(6135M) 924.864ms
[117.289s][info][gc,metaspace] GC(124) Metaspace: 62644K(70016K)->62644K(70016K) NonClass: 46473K(49600K)->46473K(49600K) Class: 16170K(20416K)->16170K(20416K)
[117.289s][info][gc          ] GC(124) Pause Young (System.gc()) 785M->785M(6134M) 1.238ms
[118.124s][info][gc,metaspace] GC(125) Metaspace: 62644K(70016K)->62644K(70016K) NonClass: 46473K(49600K)->46473K(49600K) Class: 16170K(20416K)->16170K(20416K)
[118.124s][info][gc          ] GC(125) Pause Full (System.gc()) 785M->785M(6134M) 835.281ms
[118.125s][info][gc,metaspace] GC(126) Metaspace: 62644K(70016K)->62644K(70016K) NonClass: 46473K(49600K)->46473K(49600K) Class: 16170K(20416K)->16170K(20416K)
[118.125s][info][gc          ] GC(126) Pause Young (System.gc()) 785M->785M(6136M) 1.163ms
[119.094s][info][gc,metaspace] GC(127) Metaspace: 62644K(70016K)->62644K(70016K) NonClass: 46473K(49600K)->46473K(49600K) Class: 16170K(20416K)->16170K(20416K)
[119.094s][info][gc          ] GC(127) Pause Full (System.gc()) 785M->785M(6136M) 969.273ms
[119.096s][info][gc,metaspace] GC(128) Metaspace: 62644K(70016K)->62644K(70016K) NonClass: 46473K(49600K)->46473K(49600K) Class: 16170K(20416K)->16170K(20416K)
[119.096s][info][gc          ] GC(128) Pause Young (System.gc()) 785M->785M(6136M) 1.261ms
[120.026s][info][gc,metaspace] GC(129) Metaspace: 62644K(70016K)->62644K(70016K) NonClass: 46473K(49600K)->46473K(49600K) Class: 16170K(20416K)->16170K(20416K)
[120.026s][info][gc          ] GC(129) Pause Full (System.gc()) 785M->785M(6136M) 929.985ms
[120.027s][info][gc,metaspace] GC(130) Metaspace: 62644K(70016K)->62644K(70016K) NonClass: 46473K(49600K)->46473K(49600K) Class: 16170K(20416K)->16170K(20416K)
[120.027s][info][gc          ] GC(130) Pause Young (System.gc()) 785M->785M(6138M) 1.301ms
[120.979s][info][gc,metaspace] GC(131) Metaspace: 62644K(70016K)->62644K(70016K) NonClass: 46473K(49600K)->46473K(49600K) Class: 16170K(20416K)->16170K(20416K)
[120.979s][info][gc          ] GC(131) Pause Full (System.gc()) 785M->785M(6138M) 951.371ms
[120.980s][info][gc,metaspace] GC(132) Metaspace: 62644K(70016K)->62644K(70016K) NonClass: 46473K(49600K)->46473K(49600K) Class: 16170K(20416K)->16170K(20416K)
[120.980s][info][gc          ] GC(132) Pause Young (System.gc()) 785M->785M(6137M) 1.123ms
[121.927s][info][gc,metaspace] GC(133) Metaspace: 62644K(70016K)->62644K(70016K) NonClass: 46473K(49600K)->46473K(49600K) Class: 16170K(20416K)->16170K(20416K)
[121.927s][info][gc          ] GC(133) Pause Full (System.gc()) 785M->785M(6137M) 947.238ms
[121.928s][info][gc,metaspace] GC(134) Metaspace: 62644K(70016K)->62644K(70016K) NonClass: 46473K(49600K)->46473K(49600K) Class: 16170K(20416K)->16170K(20416K)
[121.928s][info][gc          ] GC(134) Pause Young (System.gc()) 785M->785M(6139M) 0.573ms
[122.845s][info][gc,metaspace] GC(135) Metaspace: 62644K(70016K)->62644K(70016K) NonClass: 46473K(49600K)->46473K(49600K) Class: 16170K(20416K)->16170K(20416K)
[122.845s][info][gc          ] GC(135) Pause Full (System.gc()) 785M->785M(6139M) 917.194ms
[122.846s][info][gc,metaspace] GC(136) Metaspace: 62644K(70016K)->62644K(70016K) NonClass: 46473K(49600K)->46473K(49600K) Class: 16170K(20416K)->16170K(20416K)
[122.846s][info][gc          ] GC(136) Pause Young (System.gc()) 785M->785M(6138M) 1.175ms
[123.768s][info][gc,metaspace] GC(137) Metaspace: 62644K(70016K)->62644K(70016K) NonClass: 46473K(49600K)->46473K(49600K) Class: 16170K(20416K)->16170K(20416K)
[123.768s][info][gc          ] GC(137) Pause Full (System.gc()) 785M->785M(6138M) 921.455ms
[123.769s][info][gc,metaspace] GC(138) Metaspace: 62644K(70016K)->62644K(70016K) NonClass: 46473K(49600K)->46473K(49600K) Class: 16170K(20416K)->16170K(20416K)
[123.769s][info][gc          ] GC(138) Pause Young (System.gc()) 785M->785M(6139M) 1.283ms
[124.731s][info][gc,metaspace] GC(139) Metaspace: 62644K(70016K)->62644K(70016K) NonClass: 46473K(49600K)->46473K(49600K) Class: 16170K(20416K)->16170K(20416K)
[124.731s][info][gc          ] GC(139) Pause Full (System.gc()) 785M->785M(6139M) 962.054ms
[124.737s][info][gc,metaspace] GC(140) Metaspace: 62644K(70016K)->62644K(70016K) NonClass: 46473K(49600K)->46473K(49600K) Class: 16170K(20416K)->16170K(20416K)
[124.737s][info][gc          ] GC(140) Pause Young (System.gc()) 785M->785M(6139M) 1.141ms
[125.664s][info][gc,metaspace] GC(141) Metaspace: 62644K(70016K)->62644K(70016K) NonClass: 46473K(49600K)->46473K(49600K) Class: 16170K(20416K)->16170K(20416K)
[125.665s][info][gc          ] GC(141) Pause Full (System.gc()) 785M->785M(6139M) 927.569ms
[125.666s][info][gc,metaspace] GC(142) Metaspace: 62644K(70016K)->62644K(70016K) NonClass: 46473K(49600K)->46473K(49600K) Class: 16170K(20416K)->16170K(20416K)
[125.666s][info][gc          ] GC(142) Pause Young (System.gc()) 798M->785M(6140M) 1.333ms
[126.581s][info][gc,metaspace] GC(143) Metaspace: 62644K(70016K)->62644K(70016K) NonClass: 46473K(49600K)->46473K(49600K) Class: 16170K(20416K)->16170K(20416K)
[126.581s][info][gc          ] GC(143) Pause Full (System.gc()) 785M->785M(6140M) 914.824ms
[126.582s][info][gc,metaspace] GC(144) Metaspace: 62644K(70016K)->62644K(70016K) NonClass: 46473K(49600K)->46473K(49600K) Class: 16170K(20416K)->16170K(20416K)
[126.582s][info][gc          ] GC(144) Pause Young (System.gc()) 785M->785M(6140M) 0.612ms
[127.499s][info][gc,metaspace] GC(145) Metaspace: 62644K(70016K)->62644K(70016K) NonClass: 46473K(49600K)->46473K(49600K) Class: 16170K(20416K)->16170K(20416K)
[127.499s][info][gc          ] GC(145) Pause Full (System.gc()) 785M->785M(6140M) 917.289ms
[127.500s][info][gc,metaspace] GC(146) Metaspace: 62644K(70016K)->62644K(70016K) NonClass: 46473K(49600K)->46473K(49600K) Class: 16170K(20416K)->16170K(20416K)
[127.500s][info][gc          ] GC(146) Pause Young (System.gc()) 785M->785M(6141M) 0.700ms
[128.311s][info][gc,metaspace] GC(147) Metaspace: 62644K(70016K)->62644K(70016K) NonClass: 46473K(49600K)->46473K(49600K) Class: 16170K(20416K)->16170K(20416K)
[128.311s][info][gc          ] GC(147) Pause Full (System.gc()) 785M->785M(6141M) 811.521ms
[128.313s][info][gc,metaspace] GC(148) Metaspace: 62644K(70016K)->62644K(70016K) NonClass: 46473K(49600K)->46473K(49600K) Class: 16170K(20416K)->16170K(20416K)
[128.313s][info][gc          ] GC(148) Pause Young (System.gc()) 785M->785M(6140M) 1.313ms
[129.254s][info][gc,metaspace] GC(149) Metaspace: 62644K(70016K)->62644K(70016K) NonClass: 46473K(49600K)->46473K(49600K) Class: 16170K(20416K)->16170K(20416K)
[129.255s][info][gc          ] GC(149) Pause Full (System.gc()) 785M->785M(6140M) 941.731ms
[129.255s][info][gc,metaspace] GC(150) Metaspace: 62644K(70016K)->62644K(70016K) NonClass: 46473K(49600K)->46473K(49600K) Class: 16170K(20416K)->16170K(20416K)
[129.255s][info][gc          ] GC(150) Pause Young (System.gc()) 785M->785M(6141M) 0.556ms
[130.173s][info][gc,metaspace] GC(151) Metaspace: 62644K(70016K)->62644K(70016K) NonClass: 46473K(49600K)->46473K(49600K) Class: 16170K(20416K)->16170K(20416K)
[130.173s][info][gc          ] GC(151) Pause Full (System.gc()) 785M->785M(6141M) 917.788ms
[130.174s][info][gc,metaspace] GC(152) Metaspace: 62644K(70016K)->62644K(70016K) NonClass: 46473K(49600K)->46473K(49600K) Class: 16170K(20416K)->16170K(20416K)
[130.174s][info][gc          ] GC(152) Pause Young (System.gc()) 785M->785M(6141M) 1.300ms
[131.081s][info][gc,metaspace] GC(153) Metaspace: 62644K(70016K)->62644K(70016K) NonClass: 46473K(49600K)->46473K(49600K) Class: 16170K(20416K)->16170K(20416K)
[131.081s][info][gc          ] GC(153) Pause Full (System.gc()) 785M->785M(6141M) 906.415ms
[131.082s][info][gc,metaspace] GC(154) Metaspace: 62644K(70016K)->62644K(70016K) NonClass: 46473K(49600K)->46473K(49600K) Class: 16170K(20416K)->16170K(20416K)
[131.082s][info][gc          ] GC(154) Pause Young (System.gc()) 785M->785M(6142M) 1.261ms
[132.031s][info][gc,metaspace] GC(155) Metaspace: 62644K(70016K)->62644K(70016K) NonClass: 46473K(49600K)->46473K(49600K) Class: 16170K(20416K)->16170K(20416K)
[132.031s][info][gc          ] GC(155) Pause Full (System.gc()) 785M->785M(6142M) 948.434ms
[132.032s][info][gc,metaspace] GC(156) Metaspace: 62644K(70016K)->62644K(70016K) NonClass: 46473K(49600K)->46473K(49600K) Class: 16170K(20416K)->16170K(20416K)
[132.032s][info][gc          ] GC(156) Pause Young (System.gc()) 785M->785M(6141M) 1.178ms
[132.854s][info][gc,metaspace] GC(157) Metaspace: 62644K(70016K)->62644K(70016K) NonClass: 46473K(49600K)->46473K(49600K) Class: 16170K(20416K)->16170K(20416K)
[132.854s][info][gc          ] GC(157) Pause Full (System.gc()) 785M->785M(6141M) 821.805ms
[132.855s][info][gc,metaspace] GC(158) Metaspace: 62644K(70016K)->62644K(70016K) NonClass: 46473K(49600K)->46473K(49600K) Class: 16170K(20416K)->16170K(20416K)
[132.855s][info][gc          ] GC(158) Pause Young (System.gc()) 785M->785M(6142M) 1.136ms
[133.804s][info][gc,metaspace] GC(159) Metaspace: 62644K(70016K)->62644K(70016K) NonClass: 46473K(49600K)->46473K(49600K) Class: 16170K(20416K)->16170K(20416K)
[133.804s][info][gc          ] GC(159) Pause Full (System.gc()) 785M->785M(6142M) 948.861ms
[133.805s][info][gc,metaspace] GC(160) Metaspace: 62644K(70016K)->62644K(70016K) NonClass: 46473K(49600K)->46473K(49600K) Class: 16170K(20416K)->16170K(20416K)
[133.805s][info][gc          ] GC(160) Pause Young (System.gc()) 785M->785M(6142M) 1.270ms
[134.644s][info][gc,metaspace] GC(161) Metaspace: 62644K(70016K)->62644K(70016K) NonClass: 46473K(49600K)->46473K(49600K) Class: 16170K(20416K)->16170K(20416K)
[134.644s][info][gc          ] GC(161) Pause Full (System.gc()) 785M->785M(6142M) 838.198ms
[134.645s][info][gc,metaspace] GC(162) Metaspace: 62644K(70016K)->62644K(70016K) NonClass: 46473K(49600K)->46473K(49600K) Class: 16170K(20416K)->16170K(20416K)
[134.645s][info][gc          ] GC(162) Pause Young (System.gc()) 785M->785M(6142M) 1.272ms
[135.596s][info][gc,metaspace] GC(163) Metaspace: 62644K(70016K)->62644K(70016K) NonClass: 46473K(49600K)->46473K(49600K) Class: 16170K(20416K)->16170K(20416K)
[135.596s][info][gc          ] GC(163) Pause Full (System.gc()) 785M->785M(6142M) 951.127ms
[135.602s][info][gc,metaspace] GC(164) Metaspace: 62644K(70016K)->62644K(70016K) NonClass: 46473K(49600K)->46473K(49600K) Class: 16170K(20416K)->16170K(20416K)
[135.602s][info][gc          ] GC(164) Pause Young (System.gc()) 785M->785M(6142M) 1.218ms
[136.571s][info][gc,metaspace] GC(165) Metaspace: 62644K(70016K)->62644K(70016K) NonClass: 46473K(49600K)->46473K(49600K) Class: 16170K(20416K)->16170K(20416K)
[136.571s][info][gc          ] GC(165) Pause Full (System.gc()) 785M->785M(6142M) 969.456ms
[136.572s][info][gc,metaspace] GC(166) Metaspace: 62644K(70016K)->62644K(70016K) NonClass: 46473K(49600K)->46473K(49600K) Class: 16170K(20416K)->16170K(20416K)
[136.572s][info][gc          ] GC(166) Pause Young (System.gc()) 785M->785M(6142M) 0.606ms
[137.486s][info][gc,metaspace] GC(167) Metaspace: 62644K(70016K)->62644K(70016K) NonClass: 46473K(49600K)->46473K(49600K) Class: 16170K(20416K)->16170K(20416K)
[137.486s][info][gc          ] GC(167) Pause Full (System.gc()) 785M->785M(6142M) 914.018ms
[137.487s][info][gc,metaspace] GC(168) Metaspace: 62644K(70016K)->62644K(70016K) NonClass: 46473K(49600K)->46473K(49600K) Class: 16170K(20416K)->16170K(20416K)
[137.487s][info][gc          ] GC(168) Pause Young (System.gc()) 785M->785M(6142M) 1.134ms
[138.382s][info][gc,metaspace] GC(169) Metaspace: 62644K(70016K)->62644K(70016K) NonClass: 46473K(49600K)->46473K(49600K) Class: 16170K(20416K)->16170K(20416K)
[138.382s][info][gc          ] GC(169) Pause Full (System.gc()) 785M->785M(6142M) 894.507ms
[138.383s][info][gc,metaspace] GC(170) Metaspace: 62644K(70016K)->62644K(70016K) NonClass: 46473K(49600K)->46473K(49600K) Class: 16170K(20416K)->16170K(20416K)
[138.383s][info][gc          ] GC(170) Pause Young (System.gc()) 785M->785M(6143M) 1.327ms
[139.284s][info][gc,metaspace] GC(171) Metaspace: 62644K(70016K)->62644K(70016K) NonClass: 46473K(49600K)->46473K(49600K) Class: 16170K(20416K)->16170K(20416K)
[139.284s][info][gc          ] GC(171) Pause Full (System.gc()) 785M->785M(6143M) 900.726ms
[139.285s][info][gc,metaspace] GC(172) Metaspace: 62644K(70016K)->62644K(70016K) NonClass: 46473K(49600K)->46473K(49600K) Class: 16170K(20416K)->16170K(20416K)
[139.285s][info][gc          ] GC(172) Pause Young (System.gc()) 785M->785M(6142M) 1.222ms
[140.251s][info][gc,metaspace] GC(173) Metaspace: 62644K(70016K)->62644K(70016K) NonClass: 46473K(49600K)->46473K(49600K) Class: 16170K(20416K)->16170K(20416K)
[140.251s][info][gc          ] GC(173) Pause Full (System.gc()) 785M->785M(6142M) 965.324ms
[140.252s][info][gc,metaspace] GC(174) Metaspace: 62644K(70016K)->62644K(70016K) NonClass: 46473K(49600K)->46473K(49600K) Class: 16170K(20416K)->16170K(20416K)
[140.252s][info][gc          ] GC(174) Pause Young (System.gc()) 785M->785M(6143M) 1.133ms
[141.175s][info][gc,metaspace] GC(175) Metaspace: 62644K(70016K)->62644K(70016K) NonClass: 46473K(49600K)->46473K(49600K) Class: 16170K(20416K)->16170K(20416K)
[141.175s][info][gc          ] GC(175) Pause Full (System.gc()) 785M->785M(6143M) 922.756ms
[141.180s][info][gc,metaspace] GC(176) Metaspace: 62644K(70016K)->62644K(70016K) NonClass: 46473K(49600K)->46473K(49600K) Class: 16170K(20416K)->16170K(20416K)
[141.180s][info][gc          ] GC(176) Pause Young (System.gc()) 785M->785M(6143M) 1.214ms
[142.135s][info][gc,metaspace] GC(177) Metaspace: 62644K(70016K)->62644K(70016K) NonClass: 46473K(49600K)->46473K(49600K) Class: 16170K(20416K)->16170K(20416K)
[142.135s][info][gc          ] GC(177) Pause Full (System.gc()) 785M->785M(6143M) 954.293ms
[142.136s][info][gc,metaspace] GC(178) Metaspace: 62644K(70016K)->62644K(70016K) NonClass: 46473K(49600K)->46473K(49600K) Class: 16170K(20416K)->16170K(20416K)
[142.136s][info][gc          ] GC(178) Pause Young (System.gc()) 785M->785M(6143M) 1.275ms
[143.056s][info][gc,metaspace] GC(179) Metaspace: 62644K(70016K)->62644K(70016K) NonClass: 46473K(49600K)->46473K(49600K) Class: 16170K(20416K)->16170K(20416K)
[143.056s][info][gc          ] GC(179) Pause Full (System.gc()) 785M->785M(6143M) 919.907ms
[143.057s][info][gc,metaspace] GC(180) Metaspace: 62644K(70016K)->62644K(70016K) NonClass: 46473K(49600K)->46473K(49600K) Class: 16170K(20416K)->16170K(20416K)
[143.057s][info][gc          ] GC(180) Pause Young (System.gc()) 785M->785M(6143M) 0.676ms
[144.022s][info][gc,metaspace] GC(181) Metaspace: 62644K(70016K)->62644K(70016K) NonClass: 46473K(49600K)->46473K(49600K) Class: 16170K(20416K)->16170K(20416K)
[144.022s][info][gc          ] GC(181) Pause Full (System.gc()) 785M->785M(6143M) 964.873ms
[144.023s][info][gc,metaspace] GC(182) Metaspace: 62644K(70016K)->62644K(70016K) NonClass: 46473K(49600K)->46473K(49600K) Class: 16170K(20416K)->16170K(20416K)
[144.023s][info][gc          ] GC(182) Pause Young (System.gc()) 785M->785M(6143M) 1.313ms
[144.986s][info][gc,metaspace] GC(183) Metaspace: 62644K(70016K)->62644K(70016K) NonClass: 46473K(49600K)->46473K(49600K) Class: 16170K(20416K)->16170K(20416K)
[144.986s][info][gc          ] GC(183) Pause Full (System.gc()) 785M->785M(6143M) 963.229ms
[144.987s][info][gc,metaspace] GC(184) Metaspace: 62644K(70016K)->62644K(70016K) NonClass: 46473K(49600K)->46473K(49600K) Class: 16170K(20416K)->16170K(20416K)
[144.987s][info][gc          ] GC(184) Pause Young (System.gc()) 785M->785M(6143M) 0.615ms
[145.888s][info][gc,metaspace] GC(185) Metaspace: 62644K(70016K)->62644K(70016K) NonClass: 46473K(49600K)->46473K(49600K) Class: 16170K(20416K)->16170K(20416K)
[145.888s][info][gc          ] GC(185) Pause Full (System.gc()) 785M->785M(6143M) 900.679ms
[145.889s][info][gc,metaspace] GC(186) Metaspace: 62644K(70016K)->62644K(70016K) NonClass: 46473K(49600K)->46473K(49600K) Class: 16170K(20416K)->16170K(20416K)
[145.889s][info][gc          ] GC(186) Pause Young (System.gc()) 785M->785M(6143M) 1.185ms
[146.796s][info][gc,metaspace] GC(187) Metaspace: 62644K(70016K)->62644K(70016K) NonClass: 46473K(49600K)->46473K(49600K) Class: 16170K(20416K)->16170K(20416K)
[146.796s][info][gc          ] GC(187) Pause Full (System.gc()) 785M->785M(6143M) 906.630ms
[146.801s][info][gc,metaspace] GC(188) Metaspace: 62644K(70016K)->62644K(70016K) NonClass: 46473K(49600K)->46473K(49600K) Class: 16170K(20416K)->16170K(20416K)
[146.801s][info][gc          ] GC(188) Pause Young (System.gc()) 785M->785M(6143M) 0.601ms
[147.758s][info][gc,metaspace] GC(189) Metaspace: 62644K(70016K)->62644K(70016K) NonClass: 46473K(49600K)->46473K(49600K) Class: 16170K(20416K)->16170K(20416K)
[147.758s][info][gc          ] GC(189) Pause Full (System.gc()) 785M->785M(6143M) 957.386ms
[147.760s][info][gc,metaspace] GC(190) Metaspace: 62644K(70016K)->62644K(70016K) NonClass: 46473K(49600K)->46473K(49600K) Class: 16170K(20416K)->16170K(20416K)
[147.760s][info][gc          ] GC(190) Pause Young (System.gc()) 785M->785M(6143M) 1.161ms
[148.696s][info][gc,metaspace] GC(191) Metaspace: 62644K(70016K)->62644K(70016K) NonClass: 46473K(49600K)->46473K(49600K) Class: 16170K(20416K)->16170K(20416K)
[148.696s][info][gc          ] GC(191) Pause Full (System.gc()) 785M->785M(6143M) 936.181ms
[148.697s][info][gc,metaspace] GC(192) Metaspace: 62644K(70016K)->62644K(70016K) NonClass: 46473K(49600K)->46473K(49600K) Class: 16170K(20416K)->16170K(20416K)
[148.697s][info][gc          ] GC(192) Pause Young (System.gc()) 785M->785M(6143M) 1.188ms
[149.659s][info][gc,metaspace] GC(193) Metaspace: 62644K(70016K)->62644K(70016K) NonClass: 46473K(49600K)->46473K(49600K) Class: 16170K(20416K)->16170K(20416K)
[149.659s][info][gc          ] GC(193) Pause Full (System.gc()) 785M->785M(6143M) 961.510ms
[149.660s][info][gc,metaspace] GC(194) Metaspace: 62644K(70016K)->62644K(70016K) NonClass: 46473K(49600K)->46473K(49600K) Class: 16170K(20416K)->16170K(20416K)
[149.660s][info][gc          ] GC(194) Pause Young (System.gc()) 785M->785M(6143M) 1.262ms
[150.561s][info][gc,metaspace] GC(195) Metaspace: 62644K(70016K)->62644K(70016K) NonClass: 46473K(49600K)->46473K(49600K) Class: 16170K(20416K)->16170K(20416K)
[150.561s][info][gc          ] GC(195) Pause Full (System.gc()) 785M->785M(6143M) 901.239ms
[150.562s][info][gc,metaspace] GC(196) Metaspace: 62644K(70016K)->62644K(70016K) NonClass: 46473K(49600K)->46473K(49600K) Class: 16170K(20416K)->16170K(20416K)
[150.562s][info][gc          ] GC(196) Pause Young (System.gc()) 785M->785M(6143M) 0.618ms
[151.496s][info][gc,metaspace] GC(197) Metaspace: 62644K(70016K)->62644K(70016K) NonClass: 46473K(49600K)->46473K(49600K) Class: 16170K(20416K)->16170K(20416K)
[151.496s][info][gc          ] GC(197) Pause Full (System.gc()) 785M->785M(6143M) 933.772ms
[151.497s][info][gc,metaspace] GC(198) Metaspace: 62644K(70016K)->62644K(70016K) NonClass: 46473K(49600K)->46473K(49600K) Class: 16170K(20416K)->16170K(20416K)
[151.497s][info][gc          ] GC(198) Pause Young (System.gc()) 785M->785M(6143M) 0.650ms
[152.418s][info][gc,metaspace] GC(199) Metaspace: 62644K(70016K)->62644K(70016K) NonClass: 46473K(49600K)->46473K(49600K) Class: 16170K(20416K)->16170K(20416K)
[152.418s][info][gc          ] GC(199) Pause Full (System.gc()) 785M->785M(6143M) 921.436ms
[152.419s][info][gc,metaspace] GC(200) Metaspace: 62644K(70016K)->62644K(70016K) NonClass: 46473K(49600K)->46473K(49600K) Class: 16170K(20416K)->16170K(20416K)
[152.419s][info][gc          ] GC(200) Pause Young (System.gc()) 785M->785M(6143M) 1.107ms
[153.326s][info][gc,metaspace] GC(201) Metaspace: 62644K(70016K)->62644K(70016K) NonClass: 46473K(49600K)->46473K(49600K) Class: 16170K(20416K)->16170K(20416K)
[153.326s][info][gc          ] GC(201) Pause Full (System.gc()) 785M->785M(6143M) 906.719ms
[153.327s][info][gc,metaspace] GC(202) Metaspace: 62644K(70016K)->62644K(70016K) NonClass: 46473K(49600K)->46473K(49600K) Class: 16170K(20416K)->16170K(20416K)
[153.328s][info][gc          ] GC(202) Pause Young (System.gc()) 785M->785M(6143M) 1.260ms
[154.219s][info][gc,metaspace] GC(203) Metaspace: 62644K(70016K)->62644K(70016K) NonClass: 46473K(49600K)->46473K(49600K) Class: 16170K(20416K)->16170K(20416K)
[154.219s][info][gc          ] GC(203) Pause Full (System.gc()) 785M->785M(6143M) 891.790ms
[154.221s][info][gc,metaspace] GC(204) Metaspace: 62644K(70016K)->62644K(70016K) NonClass: 46473K(49600K)->46473K(49600K) Class: 16170K(20416K)->16170K(20416K)
[154.221s][info][gc          ] GC(204) Pause Young (System.gc()) 785M->785M(6143M) 1.215ms
[155.144s][info][gc,metaspace] GC(205) Metaspace: 62644K(70016K)->62644K(70016K) NonClass: 46473K(49600K)->46473K(49600K) Class: 16170K(20416K)->16170K(20416K)
[155.144s][info][gc          ] GC(205) Pause Full (System.gc()) 785M->785M(6143M) 922.945ms
[155.145s][info][gc,metaspace] GC(206) Metaspace: 62644K(70016K)->62644K(70016K) NonClass: 46473K(49600K)->46473K(49600K) Class: 16170K(20416K)->16170K(20416K)
[155.145s][info][gc          ] GC(206) Pause Young (System.gc()) 785M->785M(6143M) 1.211ms
[156.084s][info][gc,metaspace] GC(207) Metaspace: 62644K(70016K)->62644K(70016K) NonClass: 46473K(49600K)->46473K(49600K) Class: 16170K(20416K)->16170K(20416K)
[156.084s][info][gc          ] GC(207) Pause Full (System.gc()) 785M->785M(6143M) 939.242ms
[156.086s][info][gc,metaspace] GC(208) Metaspace: 62644K(70016K)->62644K(70016K) NonClass: 46473K(49600K)->46473K(49600K) Class: 16170K(20416K)->16170K(20416K)
[156.086s][info][gc          ] GC(208) Pause Young (System.gc()) 785M->785M(6143M) 1.219ms
[157.020s][info][gc,metaspace] GC(209) Metaspace: 62644K(70016K)->62644K(70016K) NonClass: 46473K(49600K)->46473K(49600K) Class: 16170K(20416K)->16170K(20416K)
[157.020s][info][gc          ] GC(209) Pause Full (System.gc()) 785M->785M(6143M) 934.776ms
[157.022s][info][gc,metaspace] GC(210) Metaspace: 62644K(70016K)->62644K(70016K) NonClass: 46473K(49600K)->46473K(49600K) Class: 16170K(20416K)->16170K(20416K)
[157.022s][info][gc          ] GC(210) Pause Young (System.gc()) 785M->785M(6143M) 1.137ms
[157.956s][info][gc,metaspace] GC(211) Metaspace: 62644K(70016K)->62644K(70016K) NonClass: 46473K(49600K)->46473K(49600K) Class: 16170K(20416K)->16170K(20416K)
[157.956s][info][gc          ] GC(211) Pause Full (System.gc()) 785M->785M(6143M) 933.856ms
[157.960s][info][gc,metaspace] GC(212) Metaspace: 62644K(70016K)->62644K(70016K) NonClass: 46473K(49600K)->46473K(49600K) Class: 16170K(20416K)->16170K(20416K)
[157.961s][info][gc          ] GC(212) Pause Young (System.gc()) 785M->785M(6143M) 0.570ms
[158.863s][info][gc,metaspace] GC(213) Metaspace: 62644K(70016K)->62644K(70016K) NonClass: 46473K(49600K)->46473K(49600K) Class: 16170K(20416K)->16170K(20416K)
[158.863s][info][gc          ] GC(213) Pause Full (System.gc()) 785M->785M(6143M) 902.101ms
[158.863s][info][gc,metaspace] GC(214) Metaspace: 62644K(70016K)->62644K(70016K) NonClass: 46473K(49600K)->46473K(49600K) Class: 16170K(20416K)->16170K(20416K)
[158.863s][info][gc          ] GC(214) Pause Young (System.gc()) 785M->785M(6143M) 0.553ms
[159.771s][info][gc,metaspace] GC(215) Metaspace: 62644K(70016K)->62644K(70016K) NonClass: 46473K(49600K)->46473K(49600K) Class: 16170K(20416K)->16170K(20416K)
[159.771s][info][gc          ] GC(215) Pause Full (System.gc()) 785M->785M(6143M) 907.338ms
[159.772s][info][gc,metaspace] GC(216) Metaspace: 62644K(70016K)->62644K(70016K) NonClass: 46473K(49600K)->46473K(49600K) Class: 16170K(20416K)->16170K(20416K)
[159.772s][info][gc          ] GC(216) Pause Young (System.gc()) 785M->785M(6143M) 1.328ms
[160.718s][info][gc,metaspace] GC(217) Metaspace: 62644K(70016K)->62644K(70016K) NonClass: 46473K(49600K)->46473K(49600K) Class: 16170K(20416K)->16170K(20416K)
[160.718s][info][gc          ] GC(217) Pause Full (System.gc()) 785M->785M(6143M) 945.732ms
[160.719s][info][gc,metaspace] GC(218) Metaspace: 62644K(70016K)->62644K(70016K) NonClass: 46473K(49600K)->46473K(49600K) Class: 16170K(20416K)->16170K(20416K)
[160.719s][info][gc          ] GC(218) Pause Young (System.gc()) 785M->785M(6143M) 1.244ms
[161.656s][info][gc,metaspace] GC(219) Metaspace: 62644K(70016K)->62644K(70016K) NonClass: 46473K(49600K)->46473K(49600K) Class: 16170K(20416K)->16170K(20416K)
[161.656s][info][gc          ] GC(219) Pause Full (System.gc()) 785M->785M(6143M) 936.875ms
After GCs... 
