Done; will start GCs... 
[12.536s][info][gc,metaspace] GC(4) Metaspace: 43066K(49728K)->43066K(49728K) NonClass: 25214K(25792K)->25214K(25792K) Class: 17851K(23936K)->17851K(23936K)
[12.536s][info][gc          ] GC(4) Pause Young (System.gc()) 826M->773M(5888M) 2290.139ms
[14.618s][info][gc,metaspace] GC(5) Metaspace: 43066K(49728K)->43066K(49728K) NonClass: 25214K(25792K)->25214K(25792K) Class: 17851K(23936K)->17851K(23936K)
[14.618s][info][gc          ] GC(5) Pause Full (System.gc()) 773M->772M(5888M) 2081.837ms
[14.619s][info][gc,metaspace] GC(6) Metaspace: 43066K(49728K)->43066K(49728K) NonClass: 25214K(25792K)->25214K(25792K) Class: 17851K(23936K)->17851K(23936K)
[14.619s][info][gc          ] GC(6) Pause Young (System.gc()) 772M->772M(5888M) 0.558ms
[15.284s][info][gc,metaspace] GC(7) Metaspace: 43066K(49728K)->43066K(49728K) NonClass: 25214K(25792K)->25214K(25792K) Class: 17851K(23936K)->17851K(23936K)
[15.284s][info][gc          ] GC(7) Pause Full (System.gc()) 772M->772M(5888M) 665.141ms
[15.289s][info][gc,metaspace] GC(8) Metaspace: 43067K(49728K)->43067K(49728K) NonClass: 25215K(25792K)->25215K(25792K) Class: 17851K(23936K)->17851K(23936K)
[15.289s][info][gc          ] GC(8) Pause Young (System.gc()) 772M->772M(5888M) 0.598ms
[16.131s][info][gc,metaspace] GC(9) Metaspace: 43067K(49728K)->43067K(49728K) NonClass: 25215K(25792K)->25215K(25792K) Class: 17851K(23936K)->17851K(23936K)
[16.131s][info][gc          ] GC(9) Pause Full (System.gc()) 772M->772M(5888M) 841.746ms
[16.132s][info][gc,metaspace] GC(10) Metaspace: 43067K(49728K)->43067K(49728K) NonClass: 25215K(25792K)->25215K(25792K) Class: 17851K(23936K)->17851K(23936K)
[16.132s][info][gc          ] GC(10) Pause Young (System.gc()) 772M->772M(5888M) 0.457ms
[16.794s][info][gc,metaspace] GC(11) Metaspace: 43067K(49728K)->43067K(49728K) NonClass: 25215K(25792K)->25215K(25792K) Class: 17851K(23936K)->17851K(23936K)
[16.794s][info][gc          ] GC(11) Pause Full (System.gc()) 772M->772M(5888M) 662.798ms
[16.795s][info][gc,metaspace] GC(12) Metaspace: 43067K(49728K)->43067K(49728K) NonClass: 25215K(25792K)->25215K(25792K) Class: 17851K(23936K)->17851K(23936K)
[16.795s][info][gc          ] GC(12) Pause Young (System.gc()) 772M->772M(5888M) 0.507ms
[17.477s][info][gc,metaspace] GC(13) Metaspace: 43067K(49728K)->43067K(49728K) NonClass: 25215K(25792K)->25215K(25792K) Class: 17851K(23936K)->17851K(23936K)
[17.477s][info][gc          ] GC(13) Pause Full (System.gc()) 772M->772M(5888M) 681.484ms
[17.477s][info][gc,metaspace] GC(14) Metaspace: 43067K(49728K)->43067K(49728K) NonClass: 25215K(25792K)->25215K(25792K) Class: 17851K(23936K)->17851K(23936K)
[17.477s][info][gc          ] GC(14) Pause Young (System.gc()) 772M->772M(5888M) 0.481ms
[18.232s][info][gc,metaspace] GC(15) Metaspace: 43067K(49728K)->43067K(49728K) NonClass: 25215K(25792K)->25215K(25792K) Class: 17851K(23936K)->17851K(23936K)
[18.232s][info][gc          ] GC(15) Pause Full (System.gc()) 772M->772M(5888M) 754.411ms
[18.232s][info][gc,metaspace] GC(16) Metaspace: 43067K(49728K)->43067K(49728K) NonClass: 25215K(25792K)->25215K(25792K) Class: 17851K(23936K)->17851K(23936K)
[18.232s][info][gc          ] GC(16) Pause Young (System.gc()) 772M->772M(5888M) 0.534ms
[18.918s][info][gc,metaspace] GC(17) Metaspace: 43067K(49728K)->43067K(49728K) NonClass: 25215K(25792K)->25215K(25792K) Class: 17851K(23936K)->17851K(23936K)
[18.918s][info][gc          ] GC(17) Pause Full (System.gc()) 772M->772M(5888M) 685.552ms
[18.919s][info][gc,metaspace] GC(18) Metaspace: 43067K(49728K)->43067K(49728K) NonClass: 25215K(25792K)->25215K(25792K) Class: 17851K(23936K)->17851K(23936K)
[18.919s][info][gc          ] GC(18) Pause Young (System.gc()) 772M->772M(5888M) 0.540ms
[19.565s][info][gc,metaspace] GC(19) Metaspace: 43067K(49728K)->43067K(49728K) NonClass: 25215K(25792K)->25215K(25792K) Class: 17851K(23936K)->17851K(23936K)
[19.565s][info][gc          ] GC(19) Pause Full (System.gc()) 772M->772M(5888M) 646.148ms
[19.566s][info][gc,metaspace] GC(20) Metaspace: 43067K(49728K)->43067K(49728K) NonClass: 25215K(25792K)->25215K(25792K) Class: 17851K(23936K)->17851K(23936K)
[19.566s][info][gc          ] GC(20) Pause Young (System.gc()) 772M->772M(5888M) 0.525ms
[20.241s][info][gc,metaspace] GC(21) Metaspace: 43067K(49728K)->43067K(49728K) NonClass: 25215K(25792K)->25215K(25792K) Class: 17851K(23936K)->17851K(23936K)
[20.241s][info][gc          ] GC(21) Pause Full (System.gc()) 772M->772M(5888M) 675.555ms
[20.242s][info][gc,metaspace] GC(22) Metaspace: 43067K(49728K)->43067K(49728K) NonClass: 25215K(25792K)->25215K(25792K) Class: 17851K(23936K)->17851K(23936K)
[20.242s][info][gc          ] GC(22) Pause Young (System.gc()) 772M->772M(5888M) 0.474ms
[20.928s][info][gc,metaspace] GC(23) Metaspace: 43067K(49728K)->43067K(49728K) NonClass: 25215K(25792K)->25215K(25792K) Class: 17851K(23936K)->17851K(23936K)
[20.928s][info][gc          ] GC(23) Pause Full (System.gc()) 772M->772M(5888M) 686.236ms
[20.929s][info][gc,metaspace] GC(24) Metaspace: 43067K(49728K)->43067K(49728K) NonClass: 25215K(25792K)->25215K(25792K) Class: 17851K(23936K)->17851K(23936K)
[20.929s][info][gc          ] GC(24) Pause Young (System.gc()) 772M->772M(5888M) 0.447ms
[21.588s][info][gc,metaspace] GC(25) Metaspace: 43067K(49728K)->43067K(49728K) NonClass: 25215K(25792K)->25215K(25792K) Class: 17851K(23936K)->17851K(23936K)
[21.588s][info][gc          ] GC(25) Pause Full (System.gc()) 772M->772M(5888M) 659.483ms
[21.589s][info][gc,metaspace] GC(26) Metaspace: 43067K(49728K)->43067K(49728K) NonClass: 25215K(25792K)->25215K(25792K) Class: 17851K(23936K)->17851K(23936K)
[21.589s][info][gc          ] GC(26) Pause Young (System.gc()) 772M->772M(5888M) 0.509ms
[22.250s][info][gc,metaspace] GC(27) Metaspace: 43067K(49728K)->43067K(49728K) NonClass: 25215K(25792K)->25215K(25792K) Class: 17851K(23936K)->17851K(23936K)
[22.250s][info][gc          ] GC(27) Pause Full (System.gc()) 772M->772M(5888M) 660.676ms
[22.250s][info][gc,metaspace] GC(28) Metaspace: 43067K(49728K)->43067K(49728K) NonClass: 25215K(25792K)->25215K(25792K) Class: 17851K(23936K)->17851K(23936K)
[22.250s][info][gc          ] GC(28) Pause Young (System.gc()) 772M->772M(5888M) 0.527ms
[22.902s][info][gc,metaspace] GC(29) Metaspace: 43067K(49728K)->43067K(49728K) NonClass: 25215K(25792K)->25215K(25792K) Class: 17851K(23936K)->17851K(23936K)
[22.902s][info][gc          ] GC(29) Pause Full (System.gc()) 772M->772M(5888M) 651.435ms
[22.903s][info][gc,metaspace] GC(30) Metaspace: 43067K(49728K)->43067K(49728K) NonClass: 25215K(25792K)->25215K(25792K) Class: 17851K(23936K)->17851K(23936K)
[22.903s][info][gc          ] GC(30) Pause Young (System.gc()) 772M->772M(5888M) 0.755ms
[23.566s][info][gc,metaspace] GC(31) Metaspace: 43067K(49728K)->43067K(49728K) NonClass: 25215K(25792K)->25215K(25792K) Class: 17851K(23936K)->17851K(23936K)
[23.566s][info][gc          ] GC(31) Pause Full (System.gc()) 772M->772M(5888M) 663.132ms
[23.566s][info][gc,metaspace] GC(32) Metaspace: 43067K(49728K)->43067K(49728K) NonClass: 25215K(25792K)->25215K(25792K) Class: 17851K(23936K)->17851K(23936K)
[23.566s][info][gc          ] GC(32) Pause Young (System.gc()) 772M->772M(5888M) 0.457ms
[24.243s][info][gc,metaspace] GC(33) Metaspace: 43067K(49728K)->43067K(49728K) NonClass: 25215K(25792K)->25215K(25792K) Class: 17851K(23936K)->17851K(23936K)
[24.243s][info][gc          ] GC(33) Pause Full (System.gc()) 772M->772M(5888M) 676.599ms
[24.244s][info][gc,metaspace] GC(34) Metaspace: 43067K(49728K)->43067K(49728K) NonClass: 25215K(25792K)->25215K(25792K) Class: 17851K(23936K)->17851K(23936K)
[24.244s][info][gc          ] GC(34) Pause Young (System.gc()) 772M->772M(5888M) 0.410ms
[24.898s][info][gc,metaspace] GC(35) Metaspace: 43067K(49728K)->43067K(49728K) NonClass: 25215K(25792K)->25215K(25792K) Class: 17851K(23936K)->17851K(23936K)
[24.898s][info][gc          ] GC(35) Pause Full (System.gc()) 772M->772M(5888M) 654.234ms
[24.898s][info][gc,metaspace] GC(36) Metaspace: 43067K(49728K)->43067K(49728K) NonClass: 25215K(25792K)->25215K(25792K) Class: 17851K(23936K)->17851K(23936K)
[24.898s][info][gc          ] GC(36) Pause Young (System.gc()) 772M->772M(5888M) 0.534ms
[25.541s][info][gc,metaspace] GC(37) Metaspace: 43067K(49728K)->43067K(49728K) NonClass: 25215K(25792K)->25215K(25792K) Class: 17851K(23936K)->17851K(23936K)
[25.541s][info][gc          ] GC(37) Pause Full (System.gc()) 772M->772M(5888M) 642.101ms
[25.541s][info][gc,metaspace] GC(38) Metaspace: 43067K(49728K)->43067K(49728K) NonClass: 25215K(25792K)->25215K(25792K) Class: 17851K(23936K)->17851K(23936K)
[25.541s][info][gc          ] GC(38) Pause Young (System.gc()) 772M->772M(5888M) 0.597ms
[26.206s][info][gc,metaspace] GC(39) Metaspace: 43067K(49728K)->43067K(49728K) NonClass: 25215K(25792K)->25215K(25792K) Class: 17851K(23936K)->17851K(23936K)
[26.206s][info][gc          ] GC(39) Pause Full (System.gc()) 772M->772M(5888M) 664.677ms
[26.211s][info][gc,metaspace] GC(40) Metaspace: 43067K(49728K)->43067K(49728K) NonClass: 25215K(25792K)->25215K(25792K) Class: 17851K(23936K)->17851K(23936K)
[26.211s][info][gc          ] GC(40) Pause Young (System.gc()) 772M->772M(5888M) 0.535ms
[26.866s][info][gc,metaspace] GC(41) Metaspace: 43067K(49728K)->43067K(49728K) NonClass: 25215K(25792K)->25215K(25792K) Class: 17851K(23936K)->17851K(23936K)
[26.866s][info][gc          ] GC(41) Pause Full (System.gc()) 772M->772M(5888M) 655.431ms
[26.867s][info][gc,metaspace] GC(42) Metaspace: 43067K(49728K)->43067K(49728K) NonClass: 25215K(25792K)->25215K(25792K) Class: 17851K(23936K)->17851K(23936K)
[26.867s][info][gc          ] GC(42) Pause Young (System.gc()) 772M->772M(5888M) 0.738ms
[27.508s][info][gc,metaspace] GC(43) Metaspace: 43067K(49728K)->43067K(49728K) NonClass: 25215K(25792K)->25215K(25792K) Class: 17851K(23936K)->17851K(23936K)
[27.508s][info][gc          ] GC(43) Pause Full (System.gc()) 772M->772M(5888M) 641.009ms
[27.509s][info][gc,metaspace] GC(44) Metaspace: 43067K(49728K)->43067K(49728K) NonClass: 25215K(25792K)->25215K(25792K) Class: 17851K(23936K)->17851K(23936K)
[27.509s][info][gc          ] GC(44) Pause Young (System.gc()) 772M->772M(5888M) 0.660ms
[28.171s][info][gc,metaspace] GC(45) Metaspace: 43067K(49728K)->43067K(49728K) NonClass: 25215K(25792K)->25215K(25792K) Class: 17851K(23936K)->17851K(23936K)
[28.171s][info][gc          ] GC(45) Pause Full (System.gc()) 772M->772M(5888M) 662.229ms
[28.172s][info][gc,metaspace] GC(46) Metaspace: 43067K(49728K)->43067K(49728K) NonClass: 25215K(25792K)->25215K(25792K) Class: 17851K(23936K)->17851K(23936K)
[28.172s][info][gc          ] GC(46) Pause Young (System.gc()) 772M->772M(5888M) 0.552ms
[28.844s][info][gc,metaspace] GC(47) Metaspace: 43067K(49728K)->43067K(49728K) NonClass: 25215K(25792K)->25215K(25792K) Class: 17851K(23936K)->17851K(23936K)
[28.844s][info][gc          ] GC(47) Pause Full (System.gc()) 772M->772M(5888M) 671.563ms
[28.844s][info][gc,metaspace] GC(48) Metaspace: 43067K(49728K)->43067K(49728K) NonClass: 25215K(25792K)->25215K(25792K) Class: 17851K(23936K)->17851K(23936K)
[28.844s][info][gc          ] GC(48) Pause Young (System.gc()) 772M->772M(5888M) 0.493ms
[29.494s][info][gc,metaspace] GC(49) Metaspace: 43067K(49728K)->43067K(49728K) NonClass: 25215K(25792K)->25215K(25792K) Class: 17851K(23936K)->17851K(23936K)
[29.494s][info][gc          ] GC(49) Pause Full (System.gc()) 772M->772M(5888M) 649.652ms
[29.495s][info][gc,metaspace] GC(50) Metaspace: 43067K(49728K)->43067K(49728K) NonClass: 25215K(25792K)->25215K(25792K) Class: 17851K(23936K)->17851K(23936K)
[29.495s][info][gc          ] GC(50) Pause Young (System.gc()) 772M->772M(5888M) 0.455ms
[30.200s][info][gc,metaspace] GC(51) Metaspace: 43067K(49728K)->43067K(49728K) NonClass: 25215K(25792K)->25215K(25792K) Class: 17851K(23936K)->17851K(23936K)
[30.200s][info][gc          ] GC(51) Pause Full (System.gc()) 772M->772M(5888M) 705.062ms
[30.200s][info][gc,metaspace] GC(52) Metaspace: 43067K(49728K)->43067K(49728K) NonClass: 25215K(25792K)->25215K(25792K) Class: 17851K(23936K)->17851K(23936K)
[30.200s][info][gc          ] GC(52) Pause Young (System.gc()) 772M->772M(5888M) 0.531ms
[30.887s][info][gc,metaspace] GC(53) Metaspace: 43067K(49728K)->43067K(49728K) NonClass: 25215K(25792K)->25215K(25792K) Class: 17851K(23936K)->17851K(23936K)
[30.887s][info][gc          ] GC(53) Pause Full (System.gc()) 772M->772M(5888M) 686.931ms
[30.888s][info][gc,metaspace] GC(54) Metaspace: 43067K(49728K)->43067K(49728K) NonClass: 25215K(25792K)->25215K(25792K) Class: 17851K(23936K)->17851K(23936K)
[30.888s][info][gc          ] GC(54) Pause Young (System.gc()) 772M->772M(5888M) 0.797ms
[31.554s][info][gc,metaspace] GC(55) Metaspace: 43067K(49728K)->43067K(49728K) NonClass: 25215K(25792K)->25215K(25792K) Class: 17851K(23936K)->17851K(23936K)
[31.554s][info][gc          ] GC(55) Pause Full (System.gc()) 772M->772M(5888M) 665.951ms
[31.555s][info][gc,metaspace] GC(56) Metaspace: 43067K(49728K)->43067K(49728K) NonClass: 25215K(25792K)->25215K(25792K) Class: 17851K(23936K)->17851K(23936K)
[31.555s][info][gc          ] GC(56) Pause Young (System.gc()) 772M->772M(5888M) 0.776ms
[32.240s][info][gc,metaspace] GC(57) Metaspace: 43067K(49728K)->43067K(49728K) NonClass: 25215K(25792K)->25215K(25792K) Class: 17851K(23936K)->17851K(23936K)
[32.240s][info][gc          ] GC(57) Pause Full (System.gc()) 772M->772M(5888M) 684.521ms
[32.240s][info][gc,metaspace] GC(58) Metaspace: 43067K(49728K)->43067K(49728K) NonClass: 25215K(25792K)->25215K(25792K) Class: 17851K(23936K)->17851K(23936K)
[32.240s][info][gc          ] GC(58) Pause Young (System.gc()) 772M->772M(5888M) 0.418ms
[32.895s][info][gc,metaspace] GC(59) Metaspace: 43067K(49728K)->43067K(49728K) NonClass: 25215K(25792K)->25215K(25792K) Class: 17851K(23936K)->17851K(23936K)
[32.895s][info][gc          ] GC(59) Pause Full (System.gc()) 772M->772M(5888M) 655.265ms
[32.896s][info][gc,metaspace] GC(60) Metaspace: 43067K(49728K)->43067K(49728K) NonClass: 25215K(25792K)->25215K(25792K) Class: 17851K(23936K)->17851K(23936K)
[32.896s][info][gc          ] GC(60) Pause Young (System.gc()) 772M->772M(5888M) 0.600ms
[33.579s][info][gc,metaspace] GC(61) Metaspace: 43067K(49728K)->43067K(49728K) NonClass: 25215K(25792K)->25215K(25792K) Class: 17851K(23936K)->17851K(23936K)
[33.579s][info][gc          ] GC(61) Pause Full (System.gc()) 772M->772M(5888M) 682.459ms
[33.579s][info][gc,metaspace] GC(62) Metaspace: 43067K(49728K)->43067K(49728K) NonClass: 25215K(25792K)->25215K(25792K) Class: 17851K(23936K)->17851K(23936K)
[33.579s][info][gc          ] GC(62) Pause Young (System.gc()) 772M->772M(5888M) 0.573ms
[34.261s][info][gc,metaspace] GC(63) Metaspace: 43067K(49728K)->43067K(49728K) NonClass: 25215K(25792K)->25215K(25792K) Class: 17851K(23936K)->17851K(23936K)
[34.261s][info][gc          ] GC(63) Pause Full (System.gc()) 772M->772M(5888M) 681.421ms
[34.261s][info][gc,metaspace] GC(64) Metaspace: 43067K(49728K)->43067K(49728K) NonClass: 25215K(25792K)->25215K(25792K) Class: 17851K(23936K)->17851K(23936K)
[34.261s][info][gc          ] GC(64) Pause Young (System.gc()) 772M->772M(5888M) 0.437ms
[34.955s][info][gc,metaspace] GC(65) Metaspace: 43067K(49728K)->43067K(49728K) NonClass: 25215K(25792K)->25215K(25792K) Class: 17851K(23936K)->17851K(23936K)
[34.955s][info][gc          ] GC(65) Pause Full (System.gc()) 772M->772M(5888M) 693.656ms
[34.956s][info][gc,metaspace] GC(66) Metaspace: 43067K(49728K)->43067K(49728K) NonClass: 25215K(25792K)->25215K(25792K) Class: 17851K(23936K)->17851K(23936K)
[34.956s][info][gc          ] GC(66) Pause Young (System.gc()) 772M->772M(5888M) 0.715ms
[35.625s][info][gc,metaspace] GC(67) Metaspace: 43067K(49728K)->43067K(49728K) NonClass: 25215K(25792K)->25215K(25792K) Class: 17851K(23936K)->17851K(23936K)
[35.625s][info][gc          ] GC(67) Pause Full (System.gc()) 772M->772M(5888M) 669.109ms
[35.626s][info][gc,metaspace] GC(68) Metaspace: 43067K(49728K)->43067K(49728K) NonClass: 25215K(25792K)->25215K(25792K) Class: 17851K(23936K)->17851K(23936K)
[35.626s][info][gc          ] GC(68) Pause Young (System.gc()) 772M->772M(5888M) 0.508ms
[36.337s][info][gc,metaspace] GC(69) Metaspace: 43067K(49728K)->43067K(49728K) NonClass: 25215K(25792K)->25215K(25792K) Class: 17851K(23936K)->17851K(23936K)
[36.337s][info][gc          ] GC(69) Pause Full (System.gc()) 772M->772M(5888M) 711.051ms
[36.337s][info][gc,metaspace] GC(70) Metaspace: 43067K(49728K)->43067K(49728K) NonClass: 25215K(25792K)->25215K(25792K) Class: 17851K(23936K)->17851K(23936K)
[36.337s][info][gc          ] GC(70) Pause Young (System.gc()) 772M->772M(5888M) 0.584ms
[37.033s][info][gc,metaspace] GC(71) Metaspace: 43067K(49728K)->43067K(49728K) NonClass: 25215K(25792K)->25215K(25792K) Class: 17851K(23936K)->17851K(23936K)
[37.033s][info][gc          ] GC(71) Pause Full (System.gc()) 772M->772M(5888M) 695.919ms
[37.038s][info][gc,metaspace] GC(72) Metaspace: 43067K(49728K)->43067K(49728K) NonClass: 25215K(25792K)->25215K(25792K) Class: 17851K(23936K)->17851K(23936K)
[37.038s][info][gc          ] GC(72) Pause Young (System.gc()) 772M->772M(5888M) 0.463ms
[37.696s][info][gc,metaspace] GC(73) Metaspace: 43067K(49728K)->43067K(49728K) NonClass: 25215K(25792K)->25215K(25792K) Class: 17851K(23936K)->17851K(23936K)
[37.696s][info][gc          ] GC(73) Pause Full (System.gc()) 772M->772M(5888M) 657.660ms
[37.697s][info][gc,metaspace] GC(74) Metaspace: 43067K(49728K)->43067K(49728K) NonClass: 25215K(25792K)->25215K(25792K) Class: 17851K(23936K)->17851K(23936K)
[37.697s][info][gc          ] GC(74) Pause Young (System.gc()) 772M->772M(5888M) 0.795ms
[38.347s][info][gc,metaspace] GC(75) Metaspace: 43067K(49728K)->43067K(49728K) NonClass: 25215K(25792K)->25215K(25792K) Class: 17851K(23936K)->17851K(23936K)
[38.348s][info][gc          ] GC(75) Pause Full (System.gc()) 772M->772M(5888M) 650.686ms
[38.348s][info][gc,metaspace] GC(76) Metaspace: 43067K(49728K)->43067K(49728K) NonClass: 25215K(25792K)->25215K(25792K) Class: 17851K(23936K)->17851K(23936K)
[38.348s][info][gc          ] GC(76) Pause Young (System.gc()) 772M->772M(5888M) 0.759ms
[38.984s][info][gc,metaspace] GC(77) Metaspace: 43067K(49728K)->43067K(49728K) NonClass: 25215K(25792K)->25215K(25792K) Class: 17851K(23936K)->17851K(23936K)
[38.984s][info][gc          ] GC(77) Pause Full (System.gc()) 772M->772M(5888M) 635.531ms
[38.984s][info][gc,metaspace] GC(78) Metaspace: 43067K(49728K)->43067K(49728K) NonClass: 25215K(25792K)->25215K(25792K) Class: 17851K(23936K)->17851K(23936K)
[38.985s][info][gc          ] GC(78) Pause Young (System.gc()) 772M->772M(5888M) 0.481ms
[39.642s][info][gc,metaspace] GC(79) Metaspace: 43067K(49728K)->43067K(49728K) NonClass: 25215K(25792K)->25215K(25792K) Class: 17851K(23936K)->17851K(23936K)
[39.642s][info][gc          ] GC(79) Pause Full (System.gc()) 772M->772M(5888M) 657.362ms
[39.643s][info][gc,metaspace] GC(80) Metaspace: 43067K(49728K)->43067K(49728K) NonClass: 25215K(25792K)->25215K(25792K) Class: 17851K(23936K)->17851K(23936K)
[39.643s][info][gc          ] GC(80) Pause Young (System.gc()) 772M->772M(5888M) 0.531ms
[40.290s][info][gc,metaspace] GC(81) Metaspace: 43067K(49728K)->43067K(49728K) NonClass: 25215K(25792K)->25215K(25792K) Class: 17851K(23936K)->17851K(23936K)
[40.290s][info][gc          ] GC(81) Pause Full (System.gc()) 772M->772M(5888M) 646.981ms
[40.290s][info][gc,metaspace] GC(82) Metaspace: 43067K(49728K)->43067K(49728K) NonClass: 25215K(25792K)->25215K(25792K) Class: 17851K(23936K)->17851K(23936K)
[40.290s][info][gc          ] GC(82) Pause Young (System.gc()) 772M->772M(5888M) 0.447ms
[40.965s][info][gc,metaspace] GC(83) Metaspace: 43067K(49728K)->43067K(49728K) NonClass: 25215K(25792K)->25215K(25792K) Class: 17851K(23936K)->17851K(23936K)
[40.965s][info][gc          ] GC(83) Pause Full (System.gc()) 772M->772M(5888M) 674.614ms
[40.966s][info][gc,metaspace] GC(84) Metaspace: 43067K(49728K)->43067K(49728K) NonClass: 25215K(25792K)->25215K(25792K) Class: 17851K(23936K)->17851K(23936K)
[40.966s][info][gc          ] GC(84) Pause Young (System.gc()) 772M->772M(5888M) 0.738ms
[41.663s][info][gc,metaspace] GC(85) Metaspace: 43067K(49728K)->43067K(49728K) NonClass: 25215K(25792K)->25215K(25792K) Class: 17851K(23936K)->17851K(23936K)
[41.663s][info][gc          ] GC(85) Pause Full (System.gc()) 772M->772M(5888M) 697.786ms
[41.664s][info][gc,metaspace] GC(86) Metaspace: 43067K(49728K)->43067K(49728K) NonClass: 25215K(25792K)->25215K(25792K) Class: 17851K(23936K)->17851K(23936K)
[41.664s][info][gc          ] GC(86) Pause Young (System.gc()) 772M->772M(5888M) 0.495ms
[42.342s][info][gc,metaspace] GC(87) Metaspace: 43067K(49728K)->43067K(49728K) NonClass: 25215K(25792K)->25215K(25792K) Class: 17851K(23936K)->17851K(23936K)
[42.343s][info][gc          ] GC(87) Pause Full (System.gc()) 772M->772M(5888M) 678.526ms
[42.348s][info][gc,metaspace] GC(88) Metaspace: 43067K(49728K)->43067K(49728K) NonClass: 25215K(25792K)->25215K(25792K) Class: 17851K(23936K)->17851K(23936K)
[42.348s][info][gc          ] GC(88) Pause Young (System.gc()) 772M->772M(5888M) 0.623ms
[43.027s][info][gc,metaspace] GC(89) Metaspace: 43067K(49728K)->43067K(49728K) NonClass: 25215K(25792K)->25215K(25792K) Class: 17851K(23936K)->17851K(23936K)
[43.027s][info][gc          ] GC(89) Pause Full (System.gc()) 772M->772M(5888M) 679.917ms
[43.028s][info][gc,metaspace] GC(90) Metaspace: 43067K(49728K)->43067K(49728K) NonClass: 25215K(25792K)->25215K(25792K) Class: 17851K(23936K)->17851K(23936K)
[43.028s][info][gc          ] GC(90) Pause Young (System.gc()) 772M->772M(5888M) 0.539ms
[43.698s][info][gc,metaspace] GC(91) Metaspace: 43067K(49728K)->43067K(49728K) NonClass: 25215K(25792K)->25215K(25792K) Class: 17851K(23936K)->17851K(23936K)
[43.698s][info][gc          ] GC(91) Pause Full (System.gc()) 772M->772M(5888M) 669.522ms
[43.698s][info][gc,metaspace] GC(92) Metaspace: 43067K(49728K)->43067K(49728K) NonClass: 25215K(25792K)->25215K(25792K) Class: 17851K(23936K)->17851K(23936K)
[43.699s][info][gc          ] GC(92) Pause Young (System.gc()) 772M->772M(5888M) 0.757ms
[44.366s][info][gc,metaspace] GC(93) Metaspace: 43067K(49728K)->43067K(49728K) NonClass: 25215K(25792K)->25215K(25792K) Class: 17851K(23936K)->17851K(23936K)
[44.366s][info][gc          ] GC(93) Pause Full (System.gc()) 772M->772M(5888M) 667.936ms
[44.367s][info][gc,metaspace] GC(94) Metaspace: 43067K(49728K)->43067K(49728K) NonClass: 25215K(25792K)->25215K(25792K) Class: 17851K(23936K)->17851K(23936K)
[44.367s][info][gc          ] GC(94) Pause Young (System.gc()) 772M->772M(5888M) 0.481ms
[45.011s][info][gc,metaspace] GC(95) Metaspace: 43067K(49728K)->43067K(49728K) NonClass: 25215K(25792K)->25215K(25792K) Class: 17851K(23936K)->17851K(23936K)
[45.011s][info][gc          ] GC(95) Pause Full (System.gc()) 772M->772M(5888M) 643.519ms
[45.011s][info][gc,metaspace] GC(96) Metaspace: 43067K(49728K)->43067K(49728K) NonClass: 25215K(25792K)->25215K(25792K) Class: 17851K(23936K)->17851K(23936K)
[45.011s][info][gc          ] GC(96) Pause Young (System.gc()) 772M->772M(5888M) 0.566ms
[45.659s][info][gc,metaspace] GC(97) Metaspace: 43067K(49728K)->43067K(49728K) NonClass: 25215K(25792K)->25215K(25792K) Class: 17851K(23936K)->17851K(23936K)
[45.659s][info][gc          ] GC(97) Pause Full (System.gc()) 772M->772M(5888M) 647.942ms
[45.660s][info][gc,metaspace] GC(98) Metaspace: 43067K(49728K)->43067K(49728K) NonClass: 25215K(25792K)->25215K(25792K) Class: 17851K(23936K)->17851K(23936K)
[45.660s][info][gc          ] GC(98) Pause Young (System.gc()) 772M->772M(5888M) 0.533ms
[46.295s][info][gc,metaspace] GC(99) Metaspace: 43067K(49728K)->43067K(49728K) NonClass: 25215K(25792K)->25215K(25792K) Class: 17851K(23936K)->17851K(23936K)
[46.295s][info][gc          ] GC(99) Pause Full (System.gc()) 772M->772M(5888M) 634.816ms
[46.295s][info][gc,metaspace] GC(100) Metaspace: 43067K(49728K)->43067K(49728K) NonClass: 25215K(25792K)->25215K(25792K) Class: 17851K(23936K)->17851K(23936K)
[46.295s][info][gc          ] GC(100) Pause Young (System.gc()) 772M->772M(5888M) 0.556ms
[46.985s][info][gc,metaspace] GC(101) Metaspace: 43067K(49728K)->43067K(49728K) NonClass: 25215K(25792K)->25215K(25792K) Class: 17851K(23936K)->17851K(23936K)
[46.985s][info][gc          ] GC(101) Pause Full (System.gc()) 772M->772M(5888M) 689.379ms
[46.985s][info][gc,metaspace] GC(102) Metaspace: 43067K(49728K)->43067K(49728K) NonClass: 25215K(25792K)->25215K(25792K) Class: 17851K(23936K)->17851K(23936K)
[46.985s][info][gc          ] GC(102) Pause Young (System.gc()) 772M->772M(5888M) 0.510ms
[47.661s][info][gc,metaspace] GC(103) Metaspace: 43067K(49728K)->43067K(49728K) NonClass: 25215K(25792K)->25215K(25792K) Class: 17851K(23936K)->17851K(23936K)
[47.661s][info][gc          ] GC(103) Pause Full (System.gc()) 772M->772M(5888M) 675.878ms
[47.662s][info][gc,metaspace] GC(104) Metaspace: 43067K(49728K)->43067K(49728K) NonClass: 25215K(25792K)->25215K(25792K) Class: 17851K(23936K)->17851K(23936K)
[47.662s][info][gc          ] GC(104) Pause Young (System.gc()) 772M->772M(5888M) 0.495ms
[48.512s][info][gc,metaspace] GC(105) Metaspace: 43067K(49728K)->43067K(49728K) NonClass: 25215K(25792K)->25215K(25792K) Class: 17851K(23936K)->17851K(23936K)
[48.513s][info][gc          ] GC(105) Pause Full (System.gc()) 772M->772M(5888M) 850.510ms
[48.513s][info][gc,metaspace] GC(106) Metaspace: 43067K(49728K)->43067K(49728K) NonClass: 25215K(25792K)->25215K(25792K) Class: 17851K(23936K)->17851K(23936K)
[48.513s][info][gc          ] GC(106) Pause Young (System.gc()) 772M->772M(5888M) 0.431ms
[49.174s][info][gc,metaspace] GC(107) Metaspace: 43067K(49728K)->43067K(49728K) NonClass: 25215K(25792K)->25215K(25792K) Class: 17851K(23936K)->17851K(23936K)
[49.174s][info][gc          ] GC(107) Pause Full (System.gc()) 772M->772M(5888M) 660.550ms
[49.174s][info][gc,metaspace] GC(108) Metaspace: 43067K(49728K)->43067K(49728K) NonClass: 25215K(25792K)->25215K(25792K) Class: 17851K(23936K)->17851K(23936K)
[49.174s][info][gc          ] GC(108) Pause Young (System.gc()) 772M->772M(5888M) 0.490ms
[49.831s][info][gc,metaspace] GC(109) Metaspace: 43067K(49728K)->43067K(49728K) NonClass: 25215K(25792K)->25215K(25792K) Class: 17851K(23936K)->17851K(23936K)
[49.831s][info][gc          ] GC(109) Pause Full (System.gc()) 772M->772M(5888M) 656.902ms
[49.832s][info][gc,metaspace] GC(110) Metaspace: 43067K(49728K)->43067K(49728K) NonClass: 25215K(25792K)->25215K(25792K) Class: 17851K(23936K)->17851K(23936K)
[49.832s][info][gc          ] GC(110) Pause Young (System.gc()) 772M->772M(5888M) 0.549ms
[50.525s][info][gc,metaspace] GC(111) Metaspace: 43067K(49728K)->43067K(49728K) NonClass: 25215K(25792K)->25215K(25792K) Class: 17851K(23936K)->17851K(23936K)
[50.525s][info][gc          ] GC(111) Pause Full (System.gc()) 772M->772M(5888M) 693.528ms
[50.526s][info][gc,metaspace] GC(112) Metaspace: 43067K(49728K)->43067K(49728K) NonClass: 25215K(25792K)->25215K(25792K) Class: 17851K(23936K)->17851K(23936K)
[50.526s][info][gc          ] GC(112) Pause Young (System.gc()) 772M->772M(5888M) 0.486ms
[51.363s][info][gc,metaspace] GC(113) Metaspace: 43067K(49728K)->43067K(49728K) NonClass: 25215K(25792K)->25215K(25792K) Class: 17851K(23936K)->17851K(23936K)
[51.364s][info][gc          ] GC(113) Pause Full (System.gc()) 772M->772M(5888M) 837.586ms
[51.364s][info][gc,metaspace] GC(114) Metaspace: 43067K(49728K)->43067K(49728K) NonClass: 25215K(25792K)->25215K(25792K) Class: 17851K(23936K)->17851K(23936K)
[51.364s][info][gc          ] GC(114) Pause Young (System.gc()) 772M->772M(5888M) 0.770ms
[52.029s][info][gc,metaspace] GC(115) Metaspace: 43067K(49728K)->43067K(49728K) NonClass: 25215K(25792K)->25215K(25792K) Class: 17851K(23936K)->17851K(23936K)
[52.029s][info][gc          ] GC(115) Pause Full (System.gc()) 772M->772M(5888M) 664.411ms
[52.030s][info][gc,metaspace] GC(116) Metaspace: 43067K(49728K)->43067K(49728K) NonClass: 25215K(25792K)->25215K(25792K) Class: 17851K(23936K)->17851K(23936K)
[52.030s][info][gc          ] GC(116) Pause Young (System.gc()) 772M->772M(5888M) 0.559ms
[52.690s][info][gc,metaspace] GC(117) Metaspace: 43067K(49728K)->43067K(49728K) NonClass: 25215K(25792K)->25215K(25792K) Class: 17851K(23936K)->17851K(23936K)
[52.690s][info][gc          ] GC(117) Pause Full (System.gc()) 772M->772M(5888M) 660.538ms
[52.695s][info][gc,metaspace] GC(118) Metaspace: 43067K(49728K)->43067K(49728K) NonClass: 25215K(25792K)->25215K(25792K) Class: 17851K(23936K)->17851K(23936K)
[52.695s][info][gc          ] GC(118) Pause Young (System.gc()) 772M->772M(5888M) 0.470ms
[53.399s][info][gc,metaspace] GC(119) Metaspace: 43067K(49728K)->43067K(49728K) NonClass: 25215K(25792K)->25215K(25792K) Class: 17851K(23936K)->17851K(23936K)
[53.399s][info][gc          ] GC(119) Pause Full (System.gc()) 772M->772M(5888M) 703.736ms
[53.399s][info][gc,metaspace] GC(120) Metaspace: 43067K(49728K)->43067K(49728K) NonClass: 25215K(25792K)->25215K(25792K) Class: 17851K(23936K)->17851K(23936K)
[53.399s][info][gc          ] GC(120) Pause Young (System.gc()) 772M->772M(5888M) 0.571ms
[54.058s][info][gc,metaspace] GC(121) Metaspace: 43067K(49728K)->43067K(49728K) NonClass: 25215K(25792K)->25215K(25792K) Class: 17851K(23936K)->17851K(23936K)
[54.059s][info][gc          ] GC(121) Pause Full (System.gc()) 772M->772M(5888M) 659.139ms
[54.059s][info][gc,metaspace] GC(122) Metaspace: 43067K(49728K)->43067K(49728K) NonClass: 25215K(25792K)->25215K(25792K) Class: 17851K(23936K)->17851K(23936K)
[54.059s][info][gc          ] GC(122) Pause Young (System.gc()) 772M->772M(5888M) 0.430ms
[54.721s][info][gc,metaspace] GC(123) Metaspace: 43067K(49728K)->43067K(49728K) NonClass: 25215K(25792K)->25215K(25792K) Class: 17851K(23936K)->17851K(23936K)
[54.721s][info][gc          ] GC(123) Pause Full (System.gc()) 772M->772M(5888M) 661.964ms
[54.722s][info][gc,metaspace] GC(124) Metaspace: 43067K(49728K)->43067K(49728K) NonClass: 25215K(25792K)->25215K(25792K) Class: 17851K(23936K)->17851K(23936K)
[54.722s][info][gc          ] GC(124) Pause Young (System.gc()) 772M->772M(5888M) 0.603ms
[55.386s][info][gc,metaspace] GC(125) Metaspace: 43067K(49728K)->43067K(49728K) NonClass: 25215K(25792K)->25215K(25792K) Class: 17851K(23936K)->17851K(23936K)
[55.386s][info][gc          ] GC(125) Pause Full (System.gc()) 772M->772M(5888M) 664.637ms
[55.387s][info][gc,metaspace] GC(126) Metaspace: 43067K(49728K)->43067K(49728K) NonClass: 25215K(25792K)->25215K(25792K) Class: 17851K(23936K)->17851K(23936K)
[55.387s][info][gc          ] GC(126) Pause Young (System.gc()) 772M->772M(5888M) 0.456ms
[56.065s][info][gc,metaspace] GC(127) Metaspace: 43067K(49728K)->43067K(49728K) NonClass: 25215K(25792K)->25215K(25792K) Class: 17851K(23936K)->17851K(23936K)
[56.065s][info][gc          ] GC(127) Pause Full (System.gc()) 772M->772M(5888M) 678.381ms
[56.066s][info][gc,metaspace] GC(128) Metaspace: 43067K(49728K)->43067K(49728K) NonClass: 25215K(25792K)->25215K(25792K) Class: 17851K(23936K)->17851K(23936K)
[56.066s][info][gc          ] GC(128) Pause Young (System.gc()) 772M->772M(5888M) 0.452ms
[56.728s][info][gc,metaspace] GC(129) Metaspace: 43067K(49728K)->43067K(49728K) NonClass: 25215K(25792K)->25215K(25792K) Class: 17851K(23936K)->17851K(23936K)
[56.728s][info][gc          ] GC(129) Pause Full (System.gc()) 772M->772M(5888M) 662.518ms
[56.729s][info][gc,metaspace] GC(130) Metaspace: 43067K(49728K)->43067K(49728K) NonClass: 25215K(25792K)->25215K(25792K) Class: 17851K(23936K)->17851K(23936K)
[56.729s][info][gc          ] GC(130) Pause Young (System.gc()) 772M->772M(5888M) 0.525ms
[57.565s][info][gc,metaspace] GC(131) Metaspace: 43067K(49728K)->43067K(49728K) NonClass: 25215K(25792K)->25215K(25792K) Class: 17851K(23936K)->17851K(23936K)
[57.565s][info][gc          ] GC(131) Pause Full (System.gc()) 772M->772M(5888M) 835.526ms
[57.565s][info][gc,metaspace] GC(132) Metaspace: 43067K(49728K)->43067K(49728K) NonClass: 25215K(25792K)->25215K(25792K) Class: 17851K(23936K)->17851K(23936K)
[57.565s][info][gc          ] GC(132) Pause Young (System.gc()) 772M->772M(5888M) 0.423ms
[58.237s][info][gc,metaspace] GC(133) Metaspace: 43067K(49728K)->43067K(49728K) NonClass: 25215K(25792K)->25215K(25792K) Class: 17851K(23936K)->17851K(23936K)
[58.238s][info][gc          ] GC(133) Pause Full (System.gc()) 772M->772M(5888M) 672.396ms
[58.242s][info][gc,metaspace] GC(134) Metaspace: 43067K(49728K)->43067K(49728K) NonClass: 25215K(25792K)->25215K(25792K) Class: 17851K(23936K)->17851K(23936K)
[58.242s][info][gc          ] GC(134) Pause Young (System.gc()) 772M->772M(5888M) 0.501ms
[58.939s][info][gc,metaspace] GC(135) Metaspace: 43067K(49728K)->43067K(49728K) NonClass: 25215K(25792K)->25215K(25792K) Class: 17851K(23936K)->17851K(23936K)
[58.939s][info][gc          ] GC(135) Pause Full (System.gc()) 772M->772M(5888M) 696.765ms
[58.940s][info][gc,metaspace] GC(136) Metaspace: 43067K(49728K)->43067K(49728K) NonClass: 25215K(25792K)->25215K(25792K) Class: 17851K(23936K)->17851K(23936K)
[58.940s][info][gc          ] GC(136) Pause Young (System.gc()) 772M->772M(5888M) 0.433ms
[59.601s][info][gc,metaspace] GC(137) Metaspace: 43067K(49728K)->43067K(49728K) NonClass: 25215K(25792K)->25215K(25792K) Class: 17851K(23936K)->17851K(23936K)
[59.601s][info][gc          ] GC(137) Pause Full (System.gc()) 772M->772M(5888M) 660.776ms
[59.601s][info][gc,metaspace] GC(138) Metaspace: 43067K(49728K)->43067K(49728K) NonClass: 25215K(25792K)->25215K(25792K) Class: 17851K(23936K)->17851K(23936K)
[59.601s][info][gc          ] GC(138) Pause Young (System.gc()) 772M->772M(5888M) 0.560ms
[60.262s][info][gc,metaspace] GC(139) Metaspace: 43067K(49728K)->43067K(49728K) NonClass: 25215K(25792K)->25215K(25792K) Class: 17851K(23936K)->17851K(23936K)
[60.262s][info][gc          ] GC(139) Pause Full (System.gc()) 772M->772M(5888M) 660.974ms
[60.263s][info][gc,metaspace] GC(140) Metaspace: 43067K(49728K)->43067K(49728K) NonClass: 25215K(25792K)->25215K(25792K) Class: 17851K(23936K)->17851K(23936K)
[60.263s][info][gc          ] GC(140) Pause Young (System.gc()) 772M->772M(5888M) 0.483ms
[60.919s][info][gc,metaspace] GC(141) Metaspace: 43067K(49728K)->43067K(49728K) NonClass: 25215K(25792K)->25215K(25792K) Class: 17851K(23936K)->17851K(23936K)
[60.919s][info][gc          ] GC(141) Pause Full (System.gc()) 772M->772M(5888M) 655.818ms
[60.920s][info][gc,metaspace] GC(142) Metaspace: 43067K(49728K)->43067K(49728K) NonClass: 25215K(25792K)->25215K(25792K) Class: 17851K(23936K)->17851K(23936K)
[60.920s][info][gc          ] GC(142) Pause Young (System.gc()) 772M->772M(5888M) 0.819ms
[61.604s][info][gc,metaspace] GC(143) Metaspace: 43067K(49728K)->43067K(49728K) NonClass: 25215K(25792K)->25215K(25792K) Class: 17851K(23936K)->17851K(23936K)
[61.604s][info][gc          ] GC(143) Pause Full (System.gc()) 772M->772M(5888M) 684.730ms
[61.605s][info][gc,metaspace] GC(144) Metaspace: 43067K(49728K)->43067K(49728K) NonClass: 25215K(25792K)->25215K(25792K) Class: 17851K(23936K)->17851K(23936K)
[61.605s][info][gc          ] GC(144) Pause Young (System.gc()) 772M->772M(5888M) 0.530ms
[62.270s][info][gc,metaspace] GC(145) Metaspace: 43067K(49728K)->43067K(49728K) NonClass: 25215K(25792K)->25215K(25792K) Class: 17851K(23936K)->17851K(23936K)
[62.270s][info][gc          ] GC(145) Pause Full (System.gc()) 772M->772M(5888M) 664.666ms
[62.270s][info][gc,metaspace] GC(146) Metaspace: 43067K(49728K)->43067K(49728K) NonClass: 25215K(25792K)->25215K(25792K) Class: 17851K(23936K)->17851K(23936K)
[62.270s][info][gc          ] GC(146) Pause Young (System.gc()) 772M->772M(5888M) 0.521ms
[62.931s][info][gc,metaspace] GC(147) Metaspace: 43067K(49728K)->43067K(49728K) NonClass: 25215K(25792K)->25215K(25792K) Class: 17851K(23936K)->17851K(23936K)
[62.931s][info][gc          ] GC(147) Pause Full (System.gc()) 772M->772M(5888M) 661.098ms
[62.932s][info][gc,metaspace] GC(148) Metaspace: 43067K(49728K)->43067K(49728K) NonClass: 25215K(25792K)->25215K(25792K) Class: 17851K(23936K)->17851K(23936K)
[62.932s][info][gc          ] GC(148) Pause Young (System.gc()) 772M->772M(5888M) 0.444ms
[63.662s][info][gc,metaspace] GC(149) Metaspace: 43067K(49728K)->43067K(49728K) NonClass: 25215K(25792K)->25215K(25792K) Class: 17851K(23936K)->17851K(23936K)
[63.662s][info][gc          ] GC(149) Pause Full (System.gc()) 772M->772M(5888M) 729.976ms
[63.663s][info][gc,metaspace] GC(150) Metaspace: 43067K(49728K)->43067K(49728K) NonClass: 25215K(25792K)->25215K(25792K) Class: 17851K(23936K)->17851K(23936K)
[63.663s][info][gc          ] GC(150) Pause Young (System.gc()) 772M->772M(5888M) 0.471ms
[64.491s][info][gc,metaspace] GC(151) Metaspace: 43067K(49728K)->43067K(49728K) NonClass: 25215K(25792K)->25215K(25792K) Class: 17851K(23936K)->17851K(23936K)
[64.491s][info][gc          ] GC(151) Pause Full (System.gc()) 772M->772M(5888M) 828.682ms
[64.492s][info][gc,metaspace] GC(152) Metaspace: 43067K(49728K)->43067K(49728K) NonClass: 25215K(25792K)->25215K(25792K) Class: 17851K(23936K)->17851K(23936K)
[64.492s][info][gc          ] GC(152) Pause Young (System.gc()) 782M->772M(5888M) 0.486ms
[65.134s][info][gc,metaspace] GC(153) Metaspace: 43067K(49728K)->43067K(49728K) NonClass: 25215K(25792K)->25215K(25792K) Class: 17851K(23936K)->17851K(23936K)
[65.134s][info][gc          ] GC(153) Pause Full (System.gc()) 772M->772M(5888M) 641.665ms
[65.134s][info][gc,metaspace] GC(154) Metaspace: 43067K(49728K)->43067K(49728K) NonClass: 25215K(25792K)->25215K(25792K) Class: 17851K(23936K)->17851K(23936K)
[65.134s][info][gc          ] GC(154) Pause Young (System.gc()) 772M->772M(5888M) 0.779ms
[65.813s][info][gc,metaspace] GC(155) Metaspace: 43067K(49728K)->43067K(49728K) NonClass: 25215K(25792K)->25215K(25792K) Class: 17851K(23936K)->17851K(23936K)
[65.813s][info][gc          ] GC(155) Pause Full (System.gc()) 772M->772M(5888M) 678.648ms
[65.814s][info][gc,metaspace] GC(156) Metaspace: 43067K(49728K)->43067K(49728K) NonClass: 25215K(25792K)->25215K(25792K) Class: 17851K(23936K)->17851K(23936K)
[65.814s][info][gc          ] GC(156) Pause Young (System.gc()) 772M->772M(5888M) 0.605ms
[66.477s][info][gc,metaspace] GC(157) Metaspace: 43067K(49728K)->43067K(49728K) NonClass: 25215K(25792K)->25215K(25792K) Class: 17851K(23936K)->17851K(23936K)
[66.477s][info][gc          ] GC(157) Pause Full (System.gc()) 772M->772M(5888M) 663.323ms
[66.478s][info][gc,metaspace] GC(158) Metaspace: 43067K(49728K)->43067K(49728K) NonClass: 25215K(25792K)->25215K(25792K) Class: 17851K(23936K)->17851K(23936K)
[66.478s][info][gc          ] GC(158) Pause Young (System.gc()) 772M->772M(5888M) 0.548ms
[67.181s][info][gc,metaspace] GC(159) Metaspace: 43067K(49728K)->43067K(49728K) NonClass: 25215K(25792K)->25215K(25792K) Class: 17851K(23936K)->17851K(23936K)
[67.181s][info][gc          ] GC(159) Pause Full (System.gc()) 772M->772M(5888M) 703.297ms
[67.182s][info][gc,metaspace] GC(160) Metaspace: 43067K(49728K)->43067K(49728K) NonClass: 25215K(25792K)->25215K(25792K) Class: 17851K(23936K)->17851K(23936K)
[67.182s][info][gc          ] GC(160) Pause Young (System.gc()) 772M->772M(5888M) 0.525ms
[68.011s][info][gc,metaspace] GC(161) Metaspace: 43067K(49728K)->43067K(49728K) NonClass: 25215K(25792K)->25215K(25792K) Class: 17851K(23936K)->17851K(23936K)
[68.011s][info][gc          ] GC(161) Pause Full (System.gc()) 772M->772M(5888M) 828.858ms
[68.011s][info][gc,metaspace] GC(162) Metaspace: 43067K(49728K)->43067K(49728K) NonClass: 25215K(25792K)->25215K(25792K) Class: 17851K(23936K)->17851K(23936K)
[68.011s][info][gc          ] GC(162) Pause Young (System.gc()) 772M->772M(5888M) 0.504ms
[68.671s][info][gc,metaspace] GC(163) Metaspace: 43067K(49728K)->43067K(49728K) NonClass: 25215K(25792K)->25215K(25792K) Class: 17851K(23936K)->17851K(23936K)
[68.671s][info][gc          ] GC(163) Pause Full (System.gc()) 772M->772M(5888M) 659.949ms
[68.676s][info][gc,metaspace] GC(164) Metaspace: 43067K(49728K)->43067K(49728K) NonClass: 25215K(25792K)->25215K(25792K) Class: 17851K(23936K)->17851K(23936K)
[68.676s][info][gc          ] GC(164) Pause Young (System.gc()) 772M->772M(5888M) 0.464ms
[69.316s][info][gc,metaspace] GC(165) Metaspace: 43067K(49728K)->43067K(49728K) NonClass: 25215K(25792K)->25215K(25792K) Class: 17851K(23936K)->17851K(23936K)
[69.316s][info][gc          ] GC(165) Pause Full (System.gc()) 772M->772M(5888M) 639.742ms
[69.317s][info][gc,metaspace] GC(166) Metaspace: 43067K(49728K)->43067K(49728K) NonClass: 25215K(25792K)->25215K(25792K) Class: 17851K(23936K)->17851K(23936K)
[69.317s][info][gc          ] GC(166) Pause Young (System.gc()) 772M->772M(5888M) 0.715ms
[69.993s][info][gc,metaspace] GC(167) Metaspace: 43067K(49728K)->43067K(49728K) NonClass: 25215K(25792K)->25215K(25792K) Class: 17851K(23936K)->17851K(23936K)
[69.993s][info][gc          ] GC(167) Pause Full (System.gc()) 772M->772M(5888M) 675.971ms
[69.993s][info][gc,metaspace] GC(168) Metaspace: 43067K(49728K)->43067K(49728K) NonClass: 25215K(25792K)->25215K(25792K) Class: 17851K(23936K)->17851K(23936K)
[69.993s][info][gc          ] GC(168) Pause Young (System.gc()) 772M->772M(5888M) 0.413ms
[70.640s][info][gc,metaspace] GC(169) Metaspace: 43067K(49728K)->43067K(49728K) NonClass: 25215K(25792K)->25215K(25792K) Class: 17851K(23936K)->17851K(23936K)
[70.640s][info][gc          ] GC(169) Pause Full (System.gc()) 772M->772M(5888M) 646.682ms
[70.640s][info][gc,metaspace] GC(170) Metaspace: 43067K(49728K)->43067K(49728K) NonClass: 25215K(25792K)->25215K(25792K) Class: 17851K(23936K)->17851K(23936K)
[70.640s][info][gc          ] GC(170) Pause Young (System.gc()) 772M->772M(5888M) 0.437ms
[71.318s][info][gc,metaspace] GC(171) Metaspace: 43067K(49728K)->43067K(49728K) NonClass: 25215K(25792K)->25215K(25792K) Class: 17851K(23936K)->17851K(23936K)
[71.318s][info][gc          ] GC(171) Pause Full (System.gc()) 772M->772M(5888M) 677.610ms
[71.319s][info][gc,metaspace] GC(172) Metaspace: 43067K(49728K)->43067K(49728K) NonClass: 25215K(25792K)->25215K(25792K) Class: 17851K(23936K)->17851K(23936K)
[71.319s][info][gc          ] GC(172) Pause Young (System.gc()) 772M->772M(5888M) 0.546ms
[71.973s][info][gc,metaspace] GC(173) Metaspace: 43067K(49728K)->43067K(49728K) NonClass: 25215K(25792K)->25215K(25792K) Class: 17851K(23936K)->17851K(23936K)
[71.973s][info][gc          ] GC(173) Pause Full (System.gc()) 772M->772M(5888M) 653.821ms
[71.973s][info][gc,metaspace] GC(174) Metaspace: 43067K(49728K)->43067K(49728K) NonClass: 25215K(25792K)->25215K(25792K) Class: 17851K(23936K)->17851K(23936K)
[71.973s][info][gc          ] GC(174) Pause Young (System.gc()) 772M->772M(5888M) 0.431ms
[72.610s][info][gc,metaspace] GC(175) Metaspace: 43067K(49728K)->43067K(49728K) NonClass: 25215K(25792K)->25215K(25792K) Class: 17851K(23936K)->17851K(23936K)
[72.610s][info][gc          ] GC(175) Pause Full (System.gc()) 772M->772M(5888M) 637.011ms
[72.611s][info][gc,metaspace] GC(176) Metaspace: 43067K(49728K)->43067K(49728K) NonClass: 25215K(25792K)->25215K(25792K) Class: 17851K(23936K)->17851K(23936K)
[72.611s][info][gc          ] GC(176) Pause Young (System.gc()) 772M->772M(5888M) 0.523ms
[73.285s][info][gc,metaspace] GC(177) Metaspace: 43067K(49728K)->43067K(49728K) NonClass: 25215K(25792K)->25215K(25792K) Class: 17851K(23936K)->17851K(23936K)
[73.285s][info][gc          ] GC(177) Pause Full (System.gc()) 772M->772M(5888M) 673.690ms
[73.285s][info][gc,metaspace] GC(178) Metaspace: 43067K(49728K)->43067K(49728K) NonClass: 25215K(25792K)->25215K(25792K) Class: 17851K(23936K)->17851K(23936K)
[73.285s][info][gc          ] GC(178) Pause Young (System.gc()) 772M->772M(5888M) 0.499ms
[74.068s][info][gc,metaspace] GC(179) Metaspace: 43067K(49728K)->43067K(49728K) NonClass: 25215K(25792K)->25215K(25792K) Class: 17851K(23936K)->17851K(23936K)
[74.068s][info][gc          ] GC(179) Pause Full (System.gc()) 772M->772M(5888M) 783.145ms
[74.073s][info][gc,metaspace] GC(180) Metaspace: 43067K(49728K)->43067K(49728K) NonClass: 25215K(25792K)->25215K(25792K) Class: 17851K(23936K)->17851K(23936K)
[74.073s][info][gc          ] GC(180) Pause Young (System.gc()) 772M->772M(5888M) 0.483ms
[74.935s][info][gc,metaspace] GC(181) Metaspace: 43067K(49728K)->43067K(49728K) NonClass: 25215K(25792K)->25215K(25792K) Class: 17851K(23936K)->17851K(23936K)
[74.935s][info][gc          ] GC(181) Pause Full (System.gc()) 772M->772M(5888M) 862.156ms
[74.936s][info][gc,metaspace] GC(182) Metaspace: 43067K(49728K)->43067K(49728K) NonClass: 25215K(25792K)->25215K(25792K) Class: 17851K(23936K)->17851K(23936K)
[74.936s][info][gc          ] GC(182) Pause Young (System.gc()) 772M->772M(5888M) 0.476ms
[75.606s][info][gc,metaspace] GC(183) Metaspace: 43067K(49728K)->43067K(49728K) NonClass: 25215K(25792K)->25215K(25792K) Class: 17851K(23936K)->17851K(23936K)
[75.606s][info][gc          ] GC(183) Pause Full (System.gc()) 772M->772M(5888M) 670.073ms
[75.607s][info][gc,metaspace] GC(184) Metaspace: 43067K(49728K)->43067K(49728K) NonClass: 25215K(25792K)->25215K(25792K) Class: 17851K(23936K)->17851K(23936K)
[75.607s][info][gc          ] GC(184) Pause Young (System.gc()) 772M->772M(5888M) 0.493ms
[76.295s][info][gc,metaspace] GC(185) Metaspace: 43067K(49728K)->43067K(49728K) NonClass: 25215K(25792K)->25215K(25792K) Class: 17851K(23936K)->17851K(23936K)
[76.295s][info][gc          ] GC(185) Pause Full (System.gc()) 772M->772M(5888M) 687.886ms
[76.295s][info][gc,metaspace] GC(186) Metaspace: 43067K(49728K)->43067K(49728K) NonClass: 25215K(25792K)->25215K(25792K) Class: 17851K(23936K)->17851K(23936K)
[76.295s][info][gc          ] GC(186) Pause Young (System.gc()) 772M->772M(5888M) 0.508ms
[76.946s][info][gc,metaspace] GC(187) Metaspace: 43067K(49728K)->43067K(49728K) NonClass: 25215K(25792K)->25215K(25792K) Class: 17851K(23936K)->17851K(23936K)
[76.946s][info][gc          ] GC(187) Pause Full (System.gc()) 772M->772M(5888M) 650.937ms
[76.947s][info][gc,metaspace] GC(188) Metaspace: 43067K(49728K)->43067K(49728K) NonClass: 25215K(25792K)->25215K(25792K) Class: 17851K(23936K)->17851K(23936K)
[76.947s][info][gc          ] GC(188) Pause Young (System.gc()) 772M->772M(5888M) 0.613ms
[77.601s][info][gc,metaspace] GC(189) Metaspace: 43067K(49728K)->43067K(49728K) NonClass: 25215K(25792K)->25215K(25792K) Class: 17851K(23936K)->17851K(23936K)
[77.602s][info][gc          ] GC(189) Pause Full (System.gc()) 772M->772M(5888M) 654.512ms
[77.602s][info][gc,metaspace] GC(190) Metaspace: 43067K(49728K)->43067K(49728K) NonClass: 25215K(25792K)->25215K(25792K) Class: 17851K(23936K)->17851K(23936K)
[77.602s][info][gc          ] GC(190) Pause Young (System.gc()) 772M->772M(5888M) 0.515ms
[78.457s][info][gc,metaspace] GC(191) Metaspace: 43067K(49728K)->43067K(49728K) NonClass: 25215K(25792K)->25215K(25792K) Class: 17851K(23936K)->17851K(23936K)
[78.457s][info][gc          ] GC(191) Pause Full (System.gc()) 772M->772M(5888M) 854.680ms
[78.458s][info][gc,metaspace] GC(192) Metaspace: 43067K(49728K)->43067K(49728K) NonClass: 25215K(25792K)->25215K(25792K) Class: 17851K(23936K)->17851K(23936K)
[78.458s][info][gc          ] GC(192) Pause Young (System.gc()) 772M->772M(5888M) 0.752ms
[79.140s][info][gc,metaspace] GC(193) Metaspace: 43067K(49728K)->43067K(49728K) NonClass: 25215K(25792K)->25215K(25792K) Class: 17851K(23936K)->17851K(23936K)
[79.140s][info][gc          ] GC(193) Pause Full (System.gc()) 772M->772M(5888M) 681.895ms
[79.144s][info][gc,metaspace] GC(194) Metaspace: 43067K(49728K)->43067K(49728K) NonClass: 25215K(25792K)->25215K(25792K) Class: 17851K(23936K)->17851K(23936K)
[79.144s][info][gc          ] GC(194) Pause Young (System.gc()) 772M->772M(5888M) 0.487ms
[79.817s][info][gc,metaspace] GC(195) Metaspace: 43067K(49728K)->43067K(49728K) NonClass: 25215K(25792K)->25215K(25792K) Class: 17851K(23936K)->17851K(23936K)
[79.817s][info][gc          ] GC(195) Pause Full (System.gc()) 772M->772M(5888M) 672.501ms
[79.818s][info][gc,metaspace] GC(196) Metaspace: 43067K(49728K)->43067K(49728K) NonClass: 25215K(25792K)->25215K(25792K) Class: 17851K(23936K)->17851K(23936K)
[79.818s][info][gc          ] GC(196) Pause Young (System.gc()) 772M->772M(5888M) 0.548ms
[80.451s][info][gc,metaspace] GC(197) Metaspace: 43067K(49728K)->43067K(49728K) NonClass: 25215K(25792K)->25215K(25792K) Class: 17851K(23936K)->17851K(23936K)
[80.451s][info][gc          ] GC(197) Pause Full (System.gc()) 772M->772M(5888M) 633.131ms
[80.451s][info][gc,metaspace] GC(198) Metaspace: 43067K(49728K)->43067K(49728K) NonClass: 25215K(25792K)->25215K(25792K) Class: 17851K(23936K)->17851K(23936K)
[80.452s][info][gc          ] GC(198) Pause Young (System.gc()) 772M->772M(5888M) 0.608ms
[81.135s][info][gc,metaspace] GC(199) Metaspace: 43067K(49728K)->43067K(49728K) NonClass: 25215K(25792K)->25215K(25792K) Class: 17851K(23936K)->17851K(23936K)
[81.135s][info][gc          ] GC(199) Pause Full (System.gc()) 772M->772M(5888M) 683.864ms
[81.136s][info][gc,metaspace] GC(200) Metaspace: 43067K(49728K)->43067K(49728K) NonClass: 25215K(25792K)->25215K(25792K) Class: 17851K(23936K)->17851K(23936K)
[81.136s][info][gc          ] GC(200) Pause Young (System.gc()) 772M->772M(5888M) 0.545ms
[81.771s][info][gc,metaspace] GC(201) Metaspace: 43067K(49728K)->43067K(49728K) NonClass: 25215K(25792K)->25215K(25792K) Class: 17851K(23936K)->17851K(23936K)
[81.771s][info][gc          ] GC(201) Pause Full (System.gc()) 772M->772M(5888M) 634.696ms
[81.771s][info][gc,metaspace] GC(202) Metaspace: 43067K(49728K)->43067K(49728K) NonClass: 25215K(25792K)->25215K(25792K) Class: 17851K(23936K)->17851K(23936K)
[81.771s][info][gc          ] GC(202) Pause Young (System.gc()) 772M->772M(5888M) 0.426ms
[82.424s][info][gc,metaspace] GC(203) Metaspace: 43067K(49728K)->43067K(49728K) NonClass: 25215K(25792K)->25215K(25792K) Class: 17851K(23936K)->17851K(23936K)
[82.424s][info][gc          ] GC(203) Pause Full (System.gc()) 772M->772M(5888M) 652.810ms
After GCs... 
