Done; will start GCs... 
[12.506s][info][gc,metaspace] GC(4) Metaspace: 28061K(28544K)->28061K(28544K) NonClass: 28061K(28544K)->28061K(28544K) Class: 0K(0K)->0K(0K)
[12.506s][info][gc          ] GC(4) Pause Young (System.gc()) 828M->773M(5888M) 2309.773ms
[14.561s][info][gc,metaspace] GC(5) Metaspace: 28061K(28544K)->28061K(28544K) NonClass: 28061K(28544K)->28061K(28544K) Class: 0K(0K)->0K(0K)
[14.561s][info][gc          ] GC(5) Pause Full (System.gc()) 773M->772M(5888M) 2055.219ms
[14.562s][info][gc,metaspace] GC(6) Metaspace: 28061K(28544K)->28061K(28544K) NonClass: 28061K(28544K)->28061K(28544K) Class: 0K(0K)->0K(0K)
[14.562s][info][gc          ] GC(6) Pause Young (System.gc()) 772M->772M(5888M) 0.486ms
[15.185s][info][gc,metaspace] GC(7) Metaspace: 28061K(28544K)->28061K(28544K) NonClass: 28061K(28544K)->28061K(28544K) Class: 0K(0K)->0K(0K)
[15.185s][info][gc          ] GC(7) Pause Full (System.gc()) 772M->772M(5888M) 623.326ms
[15.186s][info][gc,metaspace] GC(8) Metaspace: 28061K(28544K)->28061K(28544K) NonClass: 28061K(28544K)->28061K(28544K) Class: 0K(0K)->0K(0K)
[15.186s][info][gc          ] GC(8) Pause Young (System.gc()) 772M->772M(5888M) 0.576ms
[15.832s][info][gc,metaspace] GC(9) Metaspace: 28061K(28544K)->28061K(28544K) NonClass: 28061K(28544K)->28061K(28544K) Class: 0K(0K)->0K(0K)
[15.832s][info][gc          ] GC(9) Pause Full (System.gc()) 772M->772M(5888M) 645.586ms
[15.832s][info][gc,metaspace] GC(10) Metaspace: 28061K(28544K)->28061K(28544K) NonClass: 28061K(28544K)->28061K(28544K) Class: 0K(0K)->0K(0K)
[15.832s][info][gc          ] GC(10) Pause Young (System.gc()) 772M->772M(5888M) 0.499ms
[16.456s][info][gc,metaspace] GC(11) Metaspace: 28061K(28544K)->28061K(28544K) NonClass: 28061K(28544K)->28061K(28544K) Class: 0K(0K)->0K(0K)
[16.456s][info][gc          ] GC(11) Pause Full (System.gc()) 772M->772M(5888M) 623.384ms
[16.456s][info][gc,metaspace] GC(12) Metaspace: 28061K(28544K)->28061K(28544K) NonClass: 28061K(28544K)->28061K(28544K) Class: 0K(0K)->0K(0K)
[16.456s][info][gc          ] GC(12) Pause Young (System.gc()) 772M->772M(5888M) 0.560ms
[17.095s][info][gc,metaspace] GC(13) Metaspace: 28061K(28544K)->28061K(28544K) NonClass: 28061K(28544K)->28061K(28544K) Class: 0K(0K)->0K(0K)
[17.095s][info][gc          ] GC(13) Pause Full (System.gc()) 772M->772M(5888M) 638.191ms
[17.095s][info][gc,metaspace] GC(14) Metaspace: 28061K(28544K)->28061K(28544K) NonClass: 28061K(28544K)->28061K(28544K) Class: 0K(0K)->0K(0K)
[17.095s][info][gc          ] GC(14) Pause Young (System.gc()) 772M->772M(5888M) 0.577ms
[17.741s][info][gc,metaspace] GC(15) Metaspace: 28061K(28544K)->28061K(28544K) NonClass: 28061K(28544K)->28061K(28544K) Class: 0K(0K)->0K(0K)
[17.742s][info][gc          ] GC(15) Pause Full (System.gc()) 772M->772M(5888M) 646.128ms
[17.742s][info][gc,metaspace] GC(16) Metaspace: 28061K(28544K)->28061K(28544K) NonClass: 28061K(28544K)->28061K(28544K) Class: 0K(0K)->0K(0K)
[17.742s][info][gc          ] GC(16) Pause Young (System.gc()) 772M->772M(5888M) 0.499ms
[18.407s][info][gc,metaspace] GC(17) Metaspace: 28061K(28544K)->28061K(28544K) NonClass: 28061K(28544K)->28061K(28544K) Class: 0K(0K)->0K(0K)
[18.408s][info][gc          ] GC(17) Pause Full (System.gc()) 772M->772M(5888M) 665.331ms
[18.408s][info][gc,metaspace] GC(18) Metaspace: 28061K(28544K)->28061K(28544K) NonClass: 28061K(28544K)->28061K(28544K) Class: 0K(0K)->0K(0K)
[18.408s][info][gc          ] GC(18) Pause Young (System.gc()) 772M->772M(5888M) 0.510ms
[19.028s][info][gc,metaspace] GC(19) Metaspace: 28061K(28544K)->28061K(28544K) NonClass: 28061K(28544K)->28061K(28544K) Class: 0K(0K)->0K(0K)
[19.028s][info][gc          ] GC(19) Pause Full (System.gc()) 772M->772M(5888M) 619.654ms
[19.029s][info][gc,metaspace] GC(20) Metaspace: 28061K(28544K)->28061K(28544K) NonClass: 28061K(28544K)->28061K(28544K) Class: 0K(0K)->0K(0K)
[19.029s][info][gc          ] GC(20) Pause Young (System.gc()) 772M->772M(5888M) 0.492ms
[19.648s][info][gc,metaspace] GC(21) Metaspace: 28061K(28544K)->28061K(28544K) NonClass: 28061K(28544K)->28061K(28544K) Class: 0K(0K)->0K(0K)
[19.648s][info][gc          ] GC(21) Pause Full (System.gc()) 772M->772M(5888M) 619.882ms
[19.649s][info][gc,metaspace] GC(22) Metaspace: 28061K(28544K)->28061K(28544K) NonClass: 28061K(28544K)->28061K(28544K) Class: 0K(0K)->0K(0K)
[19.649s][info][gc          ] GC(22) Pause Young (System.gc()) 772M->772M(5888M) 0.585ms
[20.294s][info][gc,metaspace] GC(23) Metaspace: 28061K(28544K)->28061K(28544K) NonClass: 28061K(28544K)->28061K(28544K) Class: 0K(0K)->0K(0K)
[20.294s][info][gc          ] GC(23) Pause Full (System.gc()) 772M->772M(5888M) 645.178ms
[20.295s][info][gc,metaspace] GC(24) Metaspace: 28061K(28544K)->28061K(28544K) NonClass: 28061K(28544K)->28061K(28544K) Class: 0K(0K)->0K(0K)
[20.295s][info][gc          ] GC(24) Pause Young (System.gc()) 772M->772M(5888M) 0.510ms
[20.934s][info][gc,metaspace] GC(25) Metaspace: 28061K(28544K)->28061K(28544K) NonClass: 28061K(28544K)->28061K(28544K) Class: 0K(0K)->0K(0K)
[20.935s][info][gc          ] GC(25) Pause Full (System.gc()) 772M->772M(5888M) 639.449ms
[20.939s][info][gc,metaspace] GC(26) Metaspace: 28061K(28544K)->28061K(28544K) NonClass: 28061K(28544K)->28061K(28544K) Class: 0K(0K)->0K(0K)
[20.939s][info][gc          ] GC(26) Pause Young (System.gc()) 772M->772M(5888M) 0.560ms
[21.741s][info][gc,metaspace] GC(27) Metaspace: 28061K(28544K)->28061K(28544K) NonClass: 28061K(28544K)->28061K(28544K) Class: 0K(0K)->0K(0K)
[21.741s][info][gc          ] GC(27) Pause Full (System.gc()) 772M->772M(5888M) 801.782ms
[21.742s][info][gc,metaspace] GC(28) Metaspace: 28061K(28544K)->28061K(28544K) NonClass: 28061K(28544K)->28061K(28544K) Class: 0K(0K)->0K(0K)
[21.742s][info][gc          ] GC(28) Pause Young (System.gc()) 772M->772M(5888M) 0.553ms
[22.390s][info][gc,metaspace] GC(29) Metaspace: 28061K(28544K)->28061K(28544K) NonClass: 28061K(28544K)->28061K(28544K) Class: 0K(0K)->0K(0K)
[22.390s][info][gc          ] GC(29) Pause Full (System.gc()) 772M->772M(5888M) 647.757ms
[22.390s][info][gc,metaspace] GC(30) Metaspace: 28061K(28544K)->28061K(28544K) NonClass: 28061K(28544K)->28061K(28544K) Class: 0K(0K)->0K(0K)
[22.390s][info][gc          ] GC(30) Pause Young (System.gc()) 772M->772M(5888M) 0.541ms
[23.034s][info][gc,metaspace] GC(31) Metaspace: 28061K(28544K)->28061K(28544K) NonClass: 28061K(28544K)->28061K(28544K) Class: 0K(0K)->0K(0K)
[23.034s][info][gc          ] GC(31) Pause Full (System.gc()) 772M->772M(5888M) 643.693ms
[23.035s][info][gc,metaspace] GC(32) Metaspace: 28061K(28544K)->28061K(28544K) NonClass: 28061K(28544K)->28061K(28544K) Class: 0K(0K)->0K(0K)
[23.035s][info][gc          ] GC(32) Pause Young (System.gc()) 772M->772M(5888M) 0.488ms
[23.674s][info][gc,metaspace] GC(33) Metaspace: 28061K(28544K)->28061K(28544K) NonClass: 28061K(28544K)->28061K(28544K) Class: 0K(0K)->0K(0K)
[23.674s][info][gc          ] GC(33) Pause Full (System.gc()) 772M->772M(5888M) 639.532ms
[23.675s][info][gc,metaspace] GC(34) Metaspace: 28061K(28544K)->28061K(28544K) NonClass: 28061K(28544K)->28061K(28544K) Class: 0K(0K)->0K(0K)
[23.675s][info][gc          ] GC(34) Pause Young (System.gc()) 772M->772M(5888M) 0.553ms
[24.297s][info][gc,metaspace] GC(35) Metaspace: 28061K(28544K)->28061K(28544K) NonClass: 28061K(28544K)->28061K(28544K) Class: 0K(0K)->0K(0K)
[24.297s][info][gc          ] GC(35) Pause Full (System.gc()) 772M->772M(5888M) 621.564ms
[24.297s][info][gc,metaspace] GC(36) Metaspace: 28061K(28544K)->28061K(28544K) NonClass: 28061K(28544K)->28061K(28544K) Class: 0K(0K)->0K(0K)
[24.297s][info][gc          ] GC(36) Pause Young (System.gc()) 772M->772M(5888M) 0.561ms
[24.906s][info][gc,metaspace] GC(37) Metaspace: 28061K(28544K)->28061K(28544K) NonClass: 28061K(28544K)->28061K(28544K) Class: 0K(0K)->0K(0K)
[24.906s][info][gc          ] GC(37) Pause Full (System.gc()) 772M->772M(5888M) 608.894ms
[24.907s][info][gc,metaspace] GC(38) Metaspace: 28061K(28544K)->28061K(28544K) NonClass: 28061K(28544K)->28061K(28544K) Class: 0K(0K)->0K(0K)
[24.907s][info][gc          ] GC(38) Pause Young (System.gc()) 772M->772M(5888M) 0.508ms
[25.520s][info][gc,metaspace] GC(39) Metaspace: 28061K(28544K)->28061K(28544K) NonClass: 28061K(28544K)->28061K(28544K) Class: 0K(0K)->0K(0K)
[25.520s][info][gc          ] GC(39) Pause Full (System.gc()) 772M->772M(5888M) 612.862ms
[25.520s][info][gc,metaspace] GC(40) Metaspace: 28061K(28544K)->28061K(28544K) NonClass: 28061K(28544K)->28061K(28544K) Class: 0K(0K)->0K(0K)
[25.520s][info][gc          ] GC(40) Pause Young (System.gc()) 772M->772M(5888M) 0.567ms
[26.156s][info][gc,metaspace] GC(41) Metaspace: 28061K(28544K)->28061K(28544K) NonClass: 28061K(28544K)->28061K(28544K) Class: 0K(0K)->0K(0K)
[26.156s][info][gc          ] GC(41) Pause Full (System.gc()) 772M->772M(5888M) 635.537ms
[26.161s][info][gc,metaspace] GC(42) Metaspace: 28061K(28544K)->28061K(28544K) NonClass: 28061K(28544K)->28061K(28544K) Class: 0K(0K)->0K(0K)
[26.161s][info][gc          ] GC(42) Pause Young (System.gc()) 772M->772M(5888M) 0.547ms
[26.813s][info][gc,metaspace] GC(43) Metaspace: 28061K(28544K)->28061K(28544K) NonClass: 28061K(28544K)->28061K(28544K) Class: 0K(0K)->0K(0K)
[26.813s][info][gc          ] GC(43) Pause Full (System.gc()) 772M->772M(5888M) 652.350ms
[26.814s][info][gc,metaspace] GC(44) Metaspace: 28061K(28544K)->28061K(28544K) NonClass: 28061K(28544K)->28061K(28544K) Class: 0K(0K)->0K(0K)
[26.814s][info][gc          ] GC(44) Pause Young (System.gc()) 772M->772M(5888M) 0.609ms
[27.452s][info][gc,metaspace] GC(45) Metaspace: 28061K(28544K)->28061K(28544K) NonClass: 28061K(28544K)->28061K(28544K) Class: 0K(0K)->0K(0K)
[27.452s][info][gc          ] GC(45) Pause Full (System.gc()) 772M->772M(5888M) 637.874ms
[27.452s][info][gc,metaspace] GC(46) Metaspace: 28061K(28544K)->28061K(28544K) NonClass: 28061K(28544K)->28061K(28544K) Class: 0K(0K)->0K(0K)
[27.452s][info][gc          ] GC(46) Pause Young (System.gc()) 772M->772M(5888M) 0.474ms
[28.130s][info][gc,metaspace] GC(47) Metaspace: 28061K(28544K)->28061K(28544K) NonClass: 28061K(28544K)->28061K(28544K) Class: 0K(0K)->0K(0K)
[28.130s][info][gc          ] GC(47) Pause Full (System.gc()) 772M->772M(5888M) 677.774ms
[28.131s][info][gc,metaspace] GC(48) Metaspace: 28061K(28544K)->28061K(28544K) NonClass: 28061K(28544K)->28061K(28544K) Class: 0K(0K)->0K(0K)
[28.131s][info][gc          ] GC(48) Pause Young (System.gc()) 772M->772M(5888M) 0.560ms
[28.765s][info][gc,metaspace] GC(49) Metaspace: 28061K(28544K)->28061K(28544K) NonClass: 28061K(28544K)->28061K(28544K) Class: 0K(0K)->0K(0K)
[28.766s][info][gc          ] GC(49) Pause Full (System.gc()) 772M->772M(5888M) 634.498ms
[28.766s][info][gc,metaspace] GC(50) Metaspace: 28061K(28544K)->28061K(28544K) NonClass: 28061K(28544K)->28061K(28544K) Class: 0K(0K)->0K(0K)
[28.766s][info][gc          ] GC(50) Pause Young (System.gc()) 772M->772M(5888M) 0.467ms
[29.415s][info][gc,metaspace] GC(51) Metaspace: 28061K(28544K)->28061K(28544K) NonClass: 28061K(28544K)->28061K(28544K) Class: 0K(0K)->0K(0K)
[29.415s][info][gc          ] GC(51) Pause Full (System.gc()) 772M->772M(5888M) 649.245ms
[29.416s][info][gc,metaspace] GC(52) Metaspace: 28061K(28544K)->28061K(28544K) NonClass: 28061K(28544K)->28061K(28544K) Class: 0K(0K)->0K(0K)
[29.416s][info][gc          ] GC(52) Pause Young (System.gc()) 772M->772M(5888M) 0.457ms
[30.050s][info][gc,metaspace] GC(53) Metaspace: 28061K(28544K)->28061K(28544K) NonClass: 28061K(28544K)->28061K(28544K) Class: 0K(0K)->0K(0K)
[30.050s][info][gc          ] GC(53) Pause Full (System.gc()) 772M->772M(5888M) 633.944ms
[30.051s][info][gc,metaspace] GC(54) Metaspace: 28061K(28544K)->28061K(28544K) NonClass: 28061K(28544K)->28061K(28544K) Class: 0K(0K)->0K(0K)
[30.051s][info][gc          ] GC(54) Pause Young (System.gc()) 772M->772M(5888M) 0.515ms
[30.727s][info][gc,metaspace] GC(55) Metaspace: 28061K(28544K)->28061K(28544K) NonClass: 28061K(28544K)->28061K(28544K) Class: 0K(0K)->0K(0K)
[30.727s][info][gc          ] GC(55) Pause Full (System.gc()) 772M->772M(5888M) 676.395ms
[30.728s][info][gc,metaspace] GC(56) Metaspace: 28061K(28544K)->28061K(28544K) NonClass: 28061K(28544K)->28061K(28544K) Class: 0K(0K)->0K(0K)
[30.728s][info][gc          ] GC(56) Pause Young (System.gc()) 772M->772M(5888M) 0.563ms
[31.362s][info][gc,metaspace] GC(57) Metaspace: 28061K(28544K)->28061K(28544K) NonClass: 28061K(28544K)->28061K(28544K) Class: 0K(0K)->0K(0K)
[31.362s][info][gc          ] GC(57) Pause Full (System.gc()) 772M->772M(5888M) 634.160ms
[31.367s][info][gc,metaspace] GC(58) Metaspace: 28061K(28544K)->28061K(28544K) NonClass: 28061K(28544K)->28061K(28544K) Class: 0K(0K)->0K(0K)
[31.367s][info][gc          ] GC(58) Pause Young (System.gc()) 772M->772M(5888M) 0.457ms
[32.084s][info][gc,metaspace] GC(59) Metaspace: 28061K(28544K)->28061K(28544K) NonClass: 28061K(28544K)->28061K(28544K) Class: 0K(0K)->0K(0K)
[32.084s][info][gc          ] GC(59) Pause Full (System.gc()) 772M->772M(5888M) 716.981ms
[32.084s][info][gc,metaspace] GC(60) Metaspace: 28061K(28544K)->28061K(28544K) NonClass: 28061K(28544K)->28061K(28544K) Class: 0K(0K)->0K(0K)
[32.084s][info][gc          ] GC(60) Pause Young (System.gc()) 772M->772M(5888M) 0.522ms
[32.715s][info][gc,metaspace] GC(61) Metaspace: 28061K(28544K)->28061K(28544K) NonClass: 28061K(28544K)->28061K(28544K) Class: 0K(0K)->0K(0K)
[32.715s][info][gc          ] GC(61) Pause Full (System.gc()) 772M->772M(5888M) 631.045ms
[32.716s][info][gc,metaspace] GC(62) Metaspace: 28061K(28544K)->28061K(28544K) NonClass: 28061K(28544K)->28061K(28544K) Class: 0K(0K)->0K(0K)
[32.716s][info][gc          ] GC(62) Pause Young (System.gc()) 772M->772M(5888M) 0.571ms
[33.357s][info][gc,metaspace] GC(63) Metaspace: 28061K(28544K)->28061K(28544K) NonClass: 28061K(28544K)->28061K(28544K) Class: 0K(0K)->0K(0K)
[33.357s][info][gc          ] GC(63) Pause Full (System.gc()) 772M->772M(5888M) 641.282ms
[33.358s][info][gc,metaspace] GC(64) Metaspace: 28061K(28544K)->28061K(28544K) NonClass: 28061K(28544K)->28061K(28544K) Class: 0K(0K)->0K(0K)
[33.358s][info][gc          ] GC(64) Pause Young (System.gc()) 772M->772M(5888M) 0.603ms
[34.002s][info][gc,metaspace] GC(65) Metaspace: 28061K(28544K)->28061K(28544K) NonClass: 28061K(28544K)->28061K(28544K) Class: 0K(0K)->0K(0K)
[34.002s][info][gc          ] GC(65) Pause Full (System.gc()) 772M->772M(5888M) 643.773ms
[34.002s][info][gc,metaspace] GC(66) Metaspace: 28061K(28544K)->28061K(28544K) NonClass: 28061K(28544K)->28061K(28544K) Class: 0K(0K)->0K(0K)
[34.002s][info][gc          ] GC(66) Pause Young (System.gc()) 772M->772M(5888M) 0.489ms
[34.627s][info][gc,metaspace] GC(67) Metaspace: 28061K(28544K)->28061K(28544K) NonClass: 28061K(28544K)->28061K(28544K) Class: 0K(0K)->0K(0K)
[34.627s][info][gc          ] GC(67) Pause Full (System.gc()) 772M->772M(5888M) 624.231ms
[34.627s][info][gc,metaspace] GC(68) Metaspace: 28061K(28544K)->28061K(28544K) NonClass: 28061K(28544K)->28061K(28544K) Class: 0K(0K)->0K(0K)
[34.627s][info][gc          ] GC(68) Pause Young (System.gc()) 772M->772M(5888M) 0.508ms
[35.247s][info][gc,metaspace] GC(69) Metaspace: 28061K(28544K)->28061K(28544K) NonClass: 28061K(28544K)->28061K(28544K) Class: 0K(0K)->0K(0K)
[35.247s][info][gc          ] GC(69) Pause Full (System.gc()) 772M->772M(5888M) 619.866ms
[35.248s][info][gc,metaspace] GC(70) Metaspace: 28061K(28544K)->28061K(28544K) NonClass: 28061K(28544K)->28061K(28544K) Class: 0K(0K)->0K(0K)
[35.248s][info][gc          ] GC(70) Pause Young (System.gc()) 772M->772M(5888M) 0.569ms
[35.889s][info][gc,metaspace] GC(71) Metaspace: 28061K(28544K)->28061K(28544K) NonClass: 28061K(28544K)->28061K(28544K) Class: 0K(0K)->0K(0K)
[35.889s][info][gc          ] GC(71) Pause Full (System.gc()) 772M->772M(5888M) 641.037ms
[35.890s][info][gc,metaspace] GC(72) Metaspace: 28061K(28544K)->28061K(28544K) NonClass: 28061K(28544K)->28061K(28544K) Class: 0K(0K)->0K(0K)
[35.890s][info][gc          ] GC(72) Pause Young (System.gc()) 772M->772M(5888M) 0.583ms
[36.503s][info][gc,metaspace] GC(73) Metaspace: 28061K(28544K)->28061K(28544K) NonClass: 28061K(28544K)->28061K(28544K) Class: 0K(0K)->0K(0K)
[36.503s][info][gc          ] GC(73) Pause Full (System.gc()) 772M->772M(5888M) 613.464ms
[36.504s][info][gc,metaspace] GC(74) Metaspace: 28061K(28544K)->28061K(28544K) NonClass: 28061K(28544K)->28061K(28544K) Class: 0K(0K)->0K(0K)
[36.504s][info][gc          ] GC(74) Pause Young (System.gc()) 772M->772M(5888M) 0.552ms
[37.333s][info][gc,metaspace] GC(75) Metaspace: 28061K(28544K)->28061K(28544K) NonClass: 28061K(28544K)->28061K(28544K) Class: 0K(0K)->0K(0K)
[37.333s][info][gc          ] GC(75) Pause Full (System.gc()) 772M->772M(5888M) 828.980ms
[37.334s][info][gc,metaspace] GC(76) Metaspace: 28061K(28544K)->28061K(28544K) NonClass: 28061K(28544K)->28061K(28544K) Class: 0K(0K)->0K(0K)
[37.334s][info][gc          ] GC(76) Pause Young (System.gc()) 772M->772M(5888M) 0.580ms
[37.976s][info][gc,metaspace] GC(77) Metaspace: 28061K(28544K)->28061K(28544K) NonClass: 28061K(28544K)->28061K(28544K) Class: 0K(0K)->0K(0K)
[37.976s][info][gc          ] GC(77) Pause Full (System.gc()) 772M->772M(5888M) 642.655ms
[37.977s][info][gc,metaspace] GC(78) Metaspace: 28061K(28544K)->28061K(28544K) NonClass: 28061K(28544K)->28061K(28544K) Class: 0K(0K)->0K(0K)
[37.977s][info][gc          ] GC(78) Pause Young (System.gc()) 772M->772M(5888M) 0.455ms
[38.609s][info][gc,metaspace] GC(79) Metaspace: 28061K(28544K)->28061K(28544K) NonClass: 28061K(28544K)->28061K(28544K) Class: 0K(0K)->0K(0K)
[38.609s][info][gc          ] GC(79) Pause Full (System.gc()) 772M->772M(5888M) 631.917ms
[38.609s][info][gc,metaspace] GC(80) Metaspace: 28061K(28544K)->28061K(28544K) NonClass: 28061K(28544K)->28061K(28544K) Class: 0K(0K)->0K(0K)
[38.609s][info][gc          ] GC(80) Pause Young (System.gc()) 772M->772M(5888M) 0.498ms
[39.259s][info][gc,metaspace] GC(81) Metaspace: 28061K(28544K)->28061K(28544K) NonClass: 28061K(28544K)->28061K(28544K) Class: 0K(0K)->0K(0K)
[39.259s][info][gc          ] GC(81) Pause Full (System.gc()) 772M->772M(5888M) 649.478ms
[39.259s][info][gc,metaspace] GC(82) Metaspace: 28061K(28544K)->28061K(28544K) NonClass: 28061K(28544K)->28061K(28544K) Class: 0K(0K)->0K(0K)
[39.260s][info][gc          ] GC(82) Pause Young (System.gc()) 772M->772M(5888M) 0.620ms
[40.060s][info][gc,metaspace] GC(83) Metaspace: 28061K(28544K)->28061K(28544K) NonClass: 28061K(28544K)->28061K(28544K) Class: 0K(0K)->0K(0K)
[40.061s][info][gc          ] GC(83) Pause Full (System.gc()) 772M->772M(5888M) 800.934ms
[40.061s][info][gc,metaspace] GC(84) Metaspace: 28061K(28544K)->28061K(28544K) NonClass: 28061K(28544K)->28061K(28544K) Class: 0K(0K)->0K(0K)
[40.061s][info][gc          ] GC(84) Pause Young (System.gc()) 772M->772M(5888M) 0.494ms
[40.688s][info][gc,metaspace] GC(85) Metaspace: 28061K(28544K)->28061K(28544K) NonClass: 28061K(28544K)->28061K(28544K) Class: 0K(0K)->0K(0K)
[40.688s][info][gc          ] GC(85) Pause Full (System.gc()) 772M->772M(5888M) 626.737ms
[40.688s][info][gc,metaspace] GC(86) Metaspace: 28061K(28544K)->28061K(28544K) NonClass: 28061K(28544K)->28061K(28544K) Class: 0K(0K)->0K(0K)
[40.688s][info][gc          ] GC(86) Pause Young (System.gc()) 772M->772M(5888M) 0.472ms
[41.318s][info][gc,metaspace] GC(87) Metaspace: 28061K(28544K)->28061K(28544K) NonClass: 28061K(28544K)->28061K(28544K) Class: 0K(0K)->0K(0K)
[41.318s][info][gc          ] GC(87) Pause Full (System.gc()) 772M->772M(5888M) 629.200ms
[41.318s][info][gc,metaspace] GC(88) Metaspace: 28061K(28544K)->28061K(28544K) NonClass: 28061K(28544K)->28061K(28544K) Class: 0K(0K)->0K(0K)
[41.318s][info][gc          ] GC(88) Pause Young (System.gc()) 772M->772M(5888M) 0.553ms
[41.974s][info][gc,metaspace] GC(89) Metaspace: 28061K(28544K)->28061K(28544K) NonClass: 28061K(28544K)->28061K(28544K) Class: 0K(0K)->0K(0K)
[41.974s][info][gc          ] GC(89) Pause Full (System.gc()) 772M->772M(5888M) 655.534ms
[41.979s][info][gc,metaspace] GC(90) Metaspace: 28061K(28544K)->28061K(28544K) NonClass: 28061K(28544K)->28061K(28544K) Class: 0K(0K)->0K(0K)
[41.979s][info][gc          ] GC(90) Pause Young (System.gc()) 772M->772M(5888M) 0.622ms
[42.622s][info][gc,metaspace] GC(91) Metaspace: 28061K(28544K)->28061K(28544K) NonClass: 28061K(28544K)->28061K(28544K) Class: 0K(0K)->0K(0K)
[42.622s][info][gc          ] GC(91) Pause Full (System.gc()) 772M->772M(5888M) 642.902ms
[42.623s][info][gc,metaspace] GC(92) Metaspace: 28061K(28544K)->28061K(28544K) NonClass: 28061K(28544K)->28061K(28544K) Class: 0K(0K)->0K(0K)
[42.623s][info][gc          ] GC(92) Pause Young (System.gc()) 772M->772M(5888M) 0.578ms
[43.243s][info][gc,metaspace] GC(93) Metaspace: 28061K(28544K)->28061K(28544K) NonClass: 28061K(28544K)->28061K(28544K) Class: 0K(0K)->0K(0K)
[43.244s][info][gc          ] GC(93) Pause Full (System.gc()) 772M->772M(5888M) 620.969ms
[43.244s][info][gc,metaspace] GC(94) Metaspace: 28061K(28544K)->28061K(28544K) NonClass: 28061K(28544K)->28061K(28544K) Class: 0K(0K)->0K(0K)
[43.244s][info][gc          ] GC(94) Pause Young (System.gc()) 772M->772M(5888M) 0.576ms
[43.890s][info][gc,metaspace] GC(95) Metaspace: 28061K(28544K)->28061K(28544K) NonClass: 28061K(28544K)->28061K(28544K) Class: 0K(0K)->0K(0K)
[43.890s][info][gc          ] GC(95) Pause Full (System.gc()) 772M->772M(5888M) 645.666ms
[43.890s][info][gc,metaspace] GC(96) Metaspace: 28061K(28544K)->28061K(28544K) NonClass: 28061K(28544K)->28061K(28544K) Class: 0K(0K)->0K(0K)
[43.890s][info][gc          ] GC(96) Pause Young (System.gc()) 772M->772M(5888M) 0.477ms
[44.517s][info][gc,metaspace] GC(97) Metaspace: 28061K(28544K)->28061K(28544K) NonClass: 28061K(28544K)->28061K(28544K) Class: 0K(0K)->0K(0K)
[44.517s][info][gc          ] GC(97) Pause Full (System.gc()) 772M->772M(5888M) 626.222ms
[44.517s][info][gc,metaspace] GC(98) Metaspace: 28061K(28544K)->28061K(28544K) NonClass: 28061K(28544K)->28061K(28544K) Class: 0K(0K)->0K(0K)
[44.517s][info][gc          ] GC(98) Pause Young (System.gc()) 772M->772M(5888M) 0.571ms
[45.174s][info][gc,metaspace] GC(99) Metaspace: 28061K(28544K)->28061K(28544K) NonClass: 28061K(28544K)->28061K(28544K) Class: 0K(0K)->0K(0K)
[45.174s][info][gc          ] GC(99) Pause Full (System.gc()) 772M->772M(5888M) 656.208ms
[45.174s][info][gc,metaspace] GC(100) Metaspace: 28061K(28544K)->28061K(28544K) NonClass: 28061K(28544K)->28061K(28544K) Class: 0K(0K)->0K(0K)
[45.174s][info][gc          ] GC(100) Pause Young (System.gc()) 772M->772M(5888M) 0.436ms
[45.978s][info][gc,metaspace] GC(101) Metaspace: 28061K(28544K)->28061K(28544K) NonClass: 28061K(28544K)->28061K(28544K) Class: 0K(0K)->0K(0K)
[45.978s][info][gc          ] GC(101) Pause Full (System.gc()) 772M->772M(5888M) 803.364ms
[45.978s][info][gc,metaspace] GC(102) Metaspace: 28061K(28544K)->28061K(28544K) NonClass: 28061K(28544K)->28061K(28544K) Class: 0K(0K)->0K(0K)
[45.978s][info][gc          ] GC(102) Pause Young (System.gc()) 772M->772M(5888M) 0.572ms
[46.815s][info][gc,metaspace] GC(103) Metaspace: 28061K(28544K)->28061K(28544K) NonClass: 28061K(28544K)->28061K(28544K) Class: 0K(0K)->0K(0K)
[46.815s][info][gc          ] GC(103) Pause Full (System.gc()) 772M->772M(5888M) 836.777ms
[46.816s][info][gc,metaspace] GC(104) Metaspace: 28061K(28544K)->28061K(28544K) NonClass: 28061K(28544K)->28061K(28544K) Class: 0K(0K)->0K(0K)
[46.816s][info][gc          ] GC(104) Pause Young (System.gc()) 772M->772M(5888M) 0.480ms
[47.486s][info][gc,metaspace] GC(105) Metaspace: 28061K(28544K)->28061K(28544K) NonClass: 28061K(28544K)->28061K(28544K) Class: 0K(0K)->0K(0K)
[47.486s][info][gc          ] GC(105) Pause Full (System.gc()) 772M->772M(5888M) 670.574ms
[47.491s][info][gc,metaspace] GC(106) Metaspace: 28061K(28544K)->28061K(28544K) NonClass: 28061K(28544K)->28061K(28544K) Class: 0K(0K)->0K(0K)
[47.491s][info][gc          ] GC(106) Pause Young (System.gc()) 772M->772M(5888M) 0.579ms
[48.359s][info][gc,metaspace] GC(107) Metaspace: 28061K(28544K)->28061K(28544K) NonClass: 28061K(28544K)->28061K(28544K) Class: 0K(0K)->0K(0K)
[48.359s][info][gc          ] GC(107) Pause Full (System.gc()) 772M->772M(5888M) 868.179ms
[48.360s][info][gc,metaspace] GC(108) Metaspace: 28061K(28544K)->28061K(28544K) NonClass: 28061K(28544K)->28061K(28544K) Class: 0K(0K)->0K(0K)
[48.360s][info][gc          ] GC(108) Pause Young (System.gc()) 772M->772M(5888M) 0.584ms
[49.006s][info][gc,metaspace] GC(109) Metaspace: 28061K(28544K)->28061K(28544K) NonClass: 28061K(28544K)->28061K(28544K) Class: 0K(0K)->0K(0K)
[49.006s][info][gc          ] GC(109) Pause Full (System.gc()) 772M->772M(5888M) 646.121ms
[49.007s][info][gc,metaspace] GC(110) Metaspace: 28061K(28544K)->28061K(28544K) NonClass: 28061K(28544K)->28061K(28544K) Class: 0K(0K)->0K(0K)
[49.007s][info][gc          ] GC(110) Pause Young (System.gc()) 772M->772M(5888M) 0.524ms
[49.645s][info][gc,metaspace] GC(111) Metaspace: 28061K(28544K)->28061K(28544K) NonClass: 28061K(28544K)->28061K(28544K) Class: 0K(0K)->0K(0K)
[49.645s][info][gc          ] GC(111) Pause Full (System.gc()) 772M->772M(5888M) 638.453ms
[49.646s][info][gc,metaspace] GC(112) Metaspace: 28061K(28544K)->28061K(28544K) NonClass: 28061K(28544K)->28061K(28544K) Class: 0K(0K)->0K(0K)
[49.646s][info][gc          ] GC(112) Pause Young (System.gc()) 772M->772M(5888M) 0.510ms
[50.475s][info][gc,metaspace] GC(113) Metaspace: 28061K(28544K)->28061K(28544K) NonClass: 28061K(28544K)->28061K(28544K) Class: 0K(0K)->0K(0K)
[50.475s][info][gc          ] GC(113) Pause Full (System.gc()) 772M->772M(5888M) 829.022ms
[50.476s][info][gc,metaspace] GC(114) Metaspace: 28061K(28544K)->28061K(28544K) NonClass: 28061K(28544K)->28061K(28544K) Class: 0K(0K)->0K(0K)
[50.476s][info][gc          ] GC(114) Pause Young (System.gc()) 772M->772M(5888M) 0.532ms
[51.157s][info][gc,metaspace] GC(115) Metaspace: 28061K(28544K)->28061K(28544K) NonClass: 28061K(28544K)->28061K(28544K) Class: 0K(0K)->0K(0K)
[51.157s][info][gc          ] GC(115) Pause Full (System.gc()) 772M->772M(5888M) 681.146ms
[51.157s][info][gc,metaspace] GC(116) Metaspace: 28061K(28544K)->28061K(28544K) NonClass: 28061K(28544K)->28061K(28544K) Class: 0K(0K)->0K(0K)
[51.157s][info][gc          ] GC(116) Pause Young (System.gc()) 772M->772M(5888M) 0.505ms
[51.812s][info][gc,metaspace] GC(117) Metaspace: 28061K(28544K)->28061K(28544K) NonClass: 28061K(28544K)->28061K(28544K) Class: 0K(0K)->0K(0K)
[51.812s][info][gc          ] GC(117) Pause Full (System.gc()) 772M->772M(5888M) 654.544ms
[51.813s][info][gc,metaspace] GC(118) Metaspace: 28061K(28544K)->28061K(28544K) NonClass: 28061K(28544K)->28061K(28544K) Class: 0K(0K)->0K(0K)
[51.813s][info][gc          ] GC(118) Pause Young (System.gc()) 772M->772M(5888M) 0.498ms
[52.462s][info][gc,metaspace] GC(119) Metaspace: 28061K(28544K)->28061K(28544K) NonClass: 28061K(28544K)->28061K(28544K) Class: 0K(0K)->0K(0K)
[52.462s][info][gc          ] GC(119) Pause Full (System.gc()) 772M->772M(5888M) 649.044ms
[52.462s][info][gc,metaspace] GC(120) Metaspace: 28061K(28544K)->28061K(28544K) NonClass: 28061K(28544K)->28061K(28544K) Class: 0K(0K)->0K(0K)
[52.462s][info][gc          ] GC(120) Pause Young (System.gc()) 772M->772M(5888M) 0.569ms
[53.131s][info][gc,metaspace] GC(121) Metaspace: 28061K(28544K)->28061K(28544K) NonClass: 28061K(28544K)->28061K(28544K) Class: 0K(0K)->0K(0K)
[53.131s][info][gc          ] GC(121) Pause Full (System.gc()) 772M->772M(5888M) 668.266ms
[53.131s][info][gc,metaspace] GC(122) Metaspace: 28061K(28544K)->28061K(28544K) NonClass: 28061K(28544K)->28061K(28544K) Class: 0K(0K)->0K(0K)
[53.131s][info][gc          ] GC(122) Pause Young (System.gc()) 772M->772M(5888M) 0.615ms
[53.761s][info][gc,metaspace] GC(123) Metaspace: 28061K(28544K)->28061K(28544K) NonClass: 28061K(28544K)->28061K(28544K) Class: 0K(0K)->0K(0K)
[53.761s][info][gc          ] GC(123) Pause Full (System.gc()) 772M->772M(5888M) 629.679ms
[53.762s][info][gc,metaspace] GC(124) Metaspace: 28061K(28544K)->28061K(28544K) NonClass: 28061K(28544K)->28061K(28544K) Class: 0K(0K)->0K(0K)
[53.762s][info][gc          ] GC(124) Pause Young (System.gc()) 772M->772M(5888M) 0.579ms
[54.387s][info][gc,metaspace] GC(125) Metaspace: 28061K(28544K)->28061K(28544K) NonClass: 28061K(28544K)->28061K(28544K) Class: 0K(0K)->0K(0K)
[54.387s][info][gc          ] GC(125) Pause Full (System.gc()) 772M->772M(5888M) 625.497ms
[54.388s][info][gc,metaspace] GC(126) Metaspace: 28061K(28544K)->28061K(28544K) NonClass: 28061K(28544K)->28061K(28544K) Class: 0K(0K)->0K(0K)
[54.388s][info][gc          ] GC(126) Pause Young (System.gc()) 772M->772M(5888M) 0.493ms
[55.114s][info][gc,metaspace] GC(127) Metaspace: 28061K(28544K)->28061K(28544K) NonClass: 28061K(28544K)->28061K(28544K) Class: 0K(0K)->0K(0K)
[55.114s][info][gc          ] GC(127) Pause Full (System.gc()) 772M->772M(5888M) 726.134ms
[55.115s][info][gc,metaspace] GC(128) Metaspace: 28061K(28544K)->28061K(28544K) NonClass: 28061K(28544K)->28061K(28544K) Class: 0K(0K)->0K(0K)
[55.115s][info][gc          ] GC(128) Pause Young (System.gc()) 772M->772M(5888M) 0.570ms
[55.755s][info][gc,metaspace] GC(129) Metaspace: 28061K(28544K)->28061K(28544K) NonClass: 28061K(28544K)->28061K(28544K) Class: 0K(0K)->0K(0K)
[55.755s][info][gc          ] GC(129) Pause Full (System.gc()) 772M->772M(5888M) 639.837ms
[55.755s][info][gc,metaspace] GC(130) Metaspace: 28061K(28544K)->28061K(28544K) NonClass: 28061K(28544K)->28061K(28544K) Class: 0K(0K)->0K(0K)
[55.755s][info][gc          ] GC(130) Pause Young (System.gc()) 772M->772M(5888M) 0.454ms
[56.367s][info][gc,metaspace] GC(131) Metaspace: 28061K(28544K)->28061K(28544K) NonClass: 28061K(28544K)->28061K(28544K) Class: 0K(0K)->0K(0K)
[56.367s][info][gc          ] GC(131) Pause Full (System.gc()) 772M->772M(5888M) 611.699ms
[56.367s][info][gc,metaspace] GC(132) Metaspace: 28061K(28544K)->28061K(28544K) NonClass: 28061K(28544K)->28061K(28544K) Class: 0K(0K)->0K(0K)
[56.367s][info][gc          ] GC(132) Pause Young (System.gc()) 772M->772M(5888M) 0.495ms
[57.007s][info][gc,metaspace] GC(133) Metaspace: 28061K(28544K)->28061K(28544K) NonClass: 28061K(28544K)->28061K(28544K) Class: 0K(0K)->0K(0K)
[57.007s][info][gc          ] GC(133) Pause Full (System.gc()) 772M->772M(5888M) 639.836ms
[57.008s][info][gc,metaspace] GC(134) Metaspace: 28061K(28544K)->28061K(28544K) NonClass: 28061K(28544K)->28061K(28544K) Class: 0K(0K)->0K(0K)
[57.008s][info][gc          ] GC(134) Pause Young (System.gc()) 772M->772M(5888M) 0.621ms
[57.639s][info][gc,metaspace] GC(135) Metaspace: 28061K(28544K)->28061K(28544K) NonClass: 28061K(28544K)->28061K(28544K) Class: 0K(0K)->0K(0K)
[57.639s][info][gc          ] GC(135) Pause Full (System.gc()) 772M->772M(5888M) 630.975ms
[57.640s][info][gc,metaspace] GC(136) Metaspace: 28061K(28544K)->28061K(28544K) NonClass: 28061K(28544K)->28061K(28544K) Class: 0K(0K)->0K(0K)
[57.640s][info][gc          ] GC(136) Pause Young (System.gc()) 772M->772M(5888M) 0.580ms
[58.268s][info][gc,metaspace] GC(137) Metaspace: 28061K(28544K)->28061K(28544K) NonClass: 28061K(28544K)->28061K(28544K) Class: 0K(0K)->0K(0K)
[58.268s][info][gc          ] GC(137) Pause Full (System.gc()) 772M->772M(5888M) 628.026ms
[58.273s][info][gc,metaspace] GC(138) Metaspace: 28061K(28544K)->28061K(28544K) NonClass: 28061K(28544K)->28061K(28544K) Class: 0K(0K)->0K(0K)
[58.273s][info][gc          ] GC(138) Pause Young (System.gc()) 772M->772M(5888M) 0.625ms
[58.919s][info][gc,metaspace] GC(139) Metaspace: 28061K(28544K)->28061K(28544K) NonClass: 28061K(28544K)->28061K(28544K) Class: 0K(0K)->0K(0K)
[58.919s][info][gc          ] GC(139) Pause Full (System.gc()) 772M->772M(5888M) 646.558ms
[58.920s][info][gc,metaspace] GC(140) Metaspace: 28061K(28544K)->28061K(28544K) NonClass: 28061K(28544K)->28061K(28544K) Class: 0K(0K)->0K(0K)
[58.920s][info][gc          ] GC(140) Pause Young (System.gc()) 772M->772M(5888M) 0.587ms
[59.548s][info][gc,metaspace] GC(141) Metaspace: 28061K(28544K)->28061K(28544K) NonClass: 28061K(28544K)->28061K(28544K) Class: 0K(0K)->0K(0K)
[59.548s][info][gc          ] GC(141) Pause Full (System.gc()) 772M->772M(5888M) 627.421ms
[59.548s][info][gc,metaspace] GC(142) Metaspace: 28061K(28544K)->28061K(28544K) NonClass: 28061K(28544K)->28061K(28544K) Class: 0K(0K)->0K(0K)
[59.548s][info][gc          ] GC(142) Pause Young (System.gc()) 772M->772M(5888M) 0.530ms
[60.178s][info][gc,metaspace] GC(143) Metaspace: 28061K(28544K)->28061K(28544K) NonClass: 28061K(28544K)->28061K(28544K) Class: 0K(0K)->0K(0K)
[60.178s][info][gc          ] GC(143) Pause Full (System.gc()) 772M->772M(5888M) 630.086ms
[60.179s][info][gc,metaspace] GC(144) Metaspace: 28061K(28544K)->28061K(28544K) NonClass: 28061K(28544K)->28061K(28544K) Class: 0K(0K)->0K(0K)
[60.179s][info][gc          ] GC(144) Pause Young (System.gc()) 772M->772M(5888M) 0.450ms
[60.804s][info][gc,metaspace] GC(145) Metaspace: 28061K(28544K)->28061K(28544K) NonClass: 28061K(28544K)->28061K(28544K) Class: 0K(0K)->0K(0K)
[60.804s][info][gc          ] GC(145) Pause Full (System.gc()) 772M->772M(5888M) 624.749ms
[60.804s][info][gc,metaspace] GC(146) Metaspace: 28061K(28544K)->28061K(28544K) NonClass: 28061K(28544K)->28061K(28544K) Class: 0K(0K)->0K(0K)
[60.804s][info][gc          ] GC(146) Pause Young (System.gc()) 772M->772M(5888M) 0.575ms
[61.465s][info][gc,metaspace] GC(147) Metaspace: 28061K(28544K)->28061K(28544K) NonClass: 28061K(28544K)->28061K(28544K) Class: 0K(0K)->0K(0K)
[61.465s][info][gc          ] GC(147) Pause Full (System.gc()) 772M->772M(5888M) 660.582ms
[61.466s][info][gc,metaspace] GC(148) Metaspace: 28061K(28544K)->28061K(28544K) NonClass: 28061K(28544K)->28061K(28544K) Class: 0K(0K)->0K(0K)
[61.466s][info][gc          ] GC(148) Pause Young (System.gc()) 772M->772M(5888M) 0.522ms
[62.090s][info][gc,metaspace] GC(149) Metaspace: 28061K(28544K)->28061K(28544K) NonClass: 28061K(28544K)->28061K(28544K) Class: 0K(0K)->0K(0K)
[62.090s][info][gc          ] GC(149) Pause Full (System.gc()) 772M->772M(5888M) 624.464ms
[62.091s][info][gc,metaspace] GC(150) Metaspace: 28061K(28544K)->28061K(28544K) NonClass: 28061K(28544K)->28061K(28544K) Class: 0K(0K)->0K(0K)
[62.091s][info][gc          ] GC(150) Pause Young (System.gc()) 772M->772M(5888M) 0.547ms
[62.889s][info][gc,metaspace] GC(151) Metaspace: 28061K(28544K)->28061K(28544K) NonClass: 28061K(28544K)->28061K(28544K) Class: 0K(0K)->0K(0K)
[62.889s][info][gc          ] GC(151) Pause Full (System.gc()) 772M->772M(5888M) 798.148ms
[62.890s][info][gc,metaspace] GC(152) Metaspace: 28061K(28544K)->28061K(28544K) NonClass: 28061K(28544K)->28061K(28544K) Class: 0K(0K)->0K(0K)
[62.890s][info][gc          ] GC(152) Pause Young (System.gc()) 772M->772M(5888M) 0.548ms
[63.534s][info][gc,metaspace] GC(153) Metaspace: 28061K(28544K)->28061K(28544K) NonClass: 28061K(28544K)->28061K(28544K) Class: 0K(0K)->0K(0K)
[63.534s][info][gc          ] GC(153) Pause Full (System.gc()) 772M->772M(5888M) 644.820ms
[63.539s][info][gc,metaspace] GC(154) Metaspace: 28061K(28544K)->28061K(28544K) NonClass: 28061K(28544K)->28061K(28544K) Class: 0K(0K)->0K(0K)
[63.539s][info][gc          ] GC(154) Pause Young (System.gc()) 772M->772M(5888M) 0.555ms
[64.379s][info][gc,metaspace] GC(155) Metaspace: 28061K(28544K)->28061K(28544K) NonClass: 28061K(28544K)->28061K(28544K) Class: 0K(0K)->0K(0K)
[64.380s][info][gc          ] GC(155) Pause Full (System.gc()) 772M->772M(5888M) 840.125ms
[64.380s][info][gc,metaspace] GC(156) Metaspace: 28061K(28544K)->28061K(28544K) NonClass: 28061K(28544K)->28061K(28544K) Class: 0K(0K)->0K(0K)
[64.380s][info][gc          ] GC(156) Pause Young (System.gc()) 782M->772M(5888M) 0.511ms
[64.986s][info][gc,metaspace] GC(157) Metaspace: 28061K(28544K)->28061K(28544K) NonClass: 28061K(28544K)->28061K(28544K) Class: 0K(0K)->0K(0K)
[64.986s][info][gc          ] GC(157) Pause Full (System.gc()) 772M->772M(5888M) 605.632ms
[64.986s][info][gc,metaspace] GC(158) Metaspace: 28061K(28544K)->28061K(28544K) NonClass: 28061K(28544K)->28061K(28544K) Class: 0K(0K)->0K(0K)
[64.986s][info][gc          ] GC(158) Pause Young (System.gc()) 772M->772M(5888M) 0.461ms
[65.631s][info][gc,metaspace] GC(159) Metaspace: 28061K(28544K)->28061K(28544K) NonClass: 28061K(28544K)->28061K(28544K) Class: 0K(0K)->0K(0K)
[65.631s][info][gc          ] GC(159) Pause Full (System.gc()) 772M->772M(5888M) 644.711ms
[65.632s][info][gc,metaspace] GC(160) Metaspace: 28061K(28544K)->28061K(28544K) NonClass: 28061K(28544K)->28061K(28544K) Class: 0K(0K)->0K(0K)
[65.632s][info][gc          ] GC(160) Pause Young (System.gc()) 772M->772M(5888M) 0.457ms
[66.263s][info][gc,metaspace] GC(161) Metaspace: 28061K(28544K)->28061K(28544K) NonClass: 28061K(28544K)->28061K(28544K) Class: 0K(0K)->0K(0K)
[66.263s][info][gc          ] GC(161) Pause Full (System.gc()) 772M->772M(5888M) 631.327ms
[66.264s][info][gc,metaspace] GC(162) Metaspace: 28061K(28544K)->28061K(28544K) NonClass: 28061K(28544K)->28061K(28544K) Class: 0K(0K)->0K(0K)
[66.264s][info][gc          ] GC(162) Pause Young (System.gc()) 772M->772M(5888M) 0.485ms
[66.876s][info][gc,metaspace] GC(163) Metaspace: 28061K(28544K)->28061K(28544K) NonClass: 28061K(28544K)->28061K(28544K) Class: 0K(0K)->0K(0K)
[66.876s][info][gc          ] GC(163) Pause Full (System.gc()) 772M->772M(5888M) 612.216ms
[66.876s][info][gc,metaspace] GC(164) Metaspace: 28061K(28544K)->28061K(28544K) NonClass: 28061K(28544K)->28061K(28544K) Class: 0K(0K)->0K(0K)
[66.876s][info][gc          ] GC(164) Pause Young (System.gc()) 772M->772M(5888M) 0.459ms
[67.507s][info][gc,metaspace] GC(165) Metaspace: 28061K(28544K)->28061K(28544K) NonClass: 28061K(28544K)->28061K(28544K) Class: 0K(0K)->0K(0K)
[67.507s][info][gc          ] GC(165) Pause Full (System.gc()) 772M->772M(5888M) 631.051ms
[67.508s][info][gc,metaspace] GC(166) Metaspace: 28061K(28544K)->28061K(28544K) NonClass: 28061K(28544K)->28061K(28544K) Class: 0K(0K)->0K(0K)
[67.508s][info][gc          ] GC(166) Pause Young (System.gc()) 772M->772M(5888M) 0.519ms
[68.358s][info][gc,metaspace] GC(167) Metaspace: 28061K(28544K)->28061K(28544K) NonClass: 28061K(28544K)->28061K(28544K) Class: 0K(0K)->0K(0K)
[68.358s][info][gc          ] GC(167) Pause Full (System.gc()) 772M->772M(5888M) 849.584ms
[68.358s][info][gc,metaspace] GC(168) Metaspace: 28061K(28544K)->28061K(28544K) NonClass: 28061K(28544K)->28061K(28544K) Class: 0K(0K)->0K(0K)
[68.358s][info][gc          ] GC(168) Pause Young (System.gc()) 772M->772M(5888M) 0.591ms
[68.999s][info][gc,metaspace] GC(169) Metaspace: 28061K(28544K)->28061K(28544K) NonClass: 28061K(28544K)->28061K(28544K) Class: 0K(0K)->0K(0K)
[68.999s][info][gc          ] GC(169) Pause Full (System.gc()) 772M->772M(5888M) 640.252ms
[69.004s][info][gc,metaspace] GC(170) Metaspace: 28061K(28544K)->28061K(28544K) NonClass: 28061K(28544K)->28061K(28544K) Class: 0K(0K)->0K(0K)
[69.004s][info][gc          ] GC(170) Pause Young (System.gc()) 772M->772M(5888M) 0.567ms
[69.637s][info][gc,metaspace] GC(171) Metaspace: 28061K(28544K)->28061K(28544K) NonClass: 28061K(28544K)->28061K(28544K) Class: 0K(0K)->0K(0K)
[69.637s][info][gc          ] GC(171) Pause Full (System.gc()) 772M->772M(5888M) 633.317ms
[69.638s][info][gc,metaspace] GC(172) Metaspace: 28061K(28544K)->28061K(28544K) NonClass: 28061K(28544K)->28061K(28544K) Class: 0K(0K)->0K(0K)
[69.638s][info][gc          ] GC(172) Pause Young (System.gc()) 772M->772M(5888M) 0.567ms
[70.273s][info][gc,metaspace] GC(173) Metaspace: 28061K(28544K)->28061K(28544K) NonClass: 28061K(28544K)->28061K(28544K) Class: 0K(0K)->0K(0K)
[70.273s][info][gc          ] GC(173) Pause Full (System.gc()) 772M->772M(5888M) 635.237ms
[70.274s][info][gc,metaspace] GC(174) Metaspace: 28061K(28544K)->28061K(28544K) NonClass: 28061K(28544K)->28061K(28544K) Class: 0K(0K)->0K(0K)
[70.274s][info][gc          ] GC(174) Pause Young (System.gc()) 772M->772M(5888M) 0.611ms
[70.925s][info][gc,metaspace] GC(175) Metaspace: 28061K(28544K)->28061K(28544K) NonClass: 28061K(28544K)->28061K(28544K) Class: 0K(0K)->0K(0K)
[70.925s][info][gc          ] GC(175) Pause Full (System.gc()) 772M->772M(5888M) 651.284ms
[70.926s][info][gc,metaspace] GC(176) Metaspace: 28061K(28544K)->28061K(28544K) NonClass: 28061K(28544K)->28061K(28544K) Class: 0K(0K)->0K(0K)
[70.926s][info][gc          ] GC(176) Pause Young (System.gc()) 772M->772M(5888M) 0.551ms
[71.567s][info][gc,metaspace] GC(177) Metaspace: 28061K(28544K)->28061K(28544K) NonClass: 28061K(28544K)->28061K(28544K) Class: 0K(0K)->0K(0K)
[71.567s][info][gc          ] GC(177) Pause Full (System.gc()) 772M->772M(5888M) 640.926ms
[71.567s][info][gc,metaspace] GC(178) Metaspace: 28061K(28544K)->28061K(28544K) NonClass: 28061K(28544K)->28061K(28544K) Class: 0K(0K)->0K(0K)
[71.567s][info][gc          ] GC(178) Pause Young (System.gc()) 772M->772M(5888M) 0.450ms
[72.399s][info][gc,metaspace] GC(179) Metaspace: 28061K(28544K)->28061K(28544K) NonClass: 28061K(28544K)->28061K(28544K) Class: 0K(0K)->0K(0K)
[72.399s][info][gc          ] GC(179) Pause Full (System.gc()) 772M->772M(5888M) 831.903ms
[72.400s][info][gc,metaspace] GC(180) Metaspace: 28061K(28544K)->28061K(28544K) NonClass: 28061K(28544K)->28061K(28544K) Class: 0K(0K)->0K(0K)
[72.400s][info][gc          ] GC(180) Pause Young (System.gc()) 772M->772M(5888M) 0.513ms
[73.172s][info][gc,metaspace] GC(181) Metaspace: 28061K(28544K)->28061K(28544K) NonClass: 28061K(28544K)->28061K(28544K) Class: 0K(0K)->0K(0K)
[73.172s][info][gc          ] GC(181) Pause Full (System.gc()) 772M->772M(5888M) 772.101ms
[73.172s][info][gc,metaspace] GC(182) Metaspace: 28061K(28544K)->28061K(28544K) NonClass: 28061K(28544K)->28061K(28544K) Class: 0K(0K)->0K(0K)
[73.172s][info][gc          ] GC(182) Pause Young (System.gc()) 772M->772M(5888M) 0.598ms
[73.898s][info][gc,metaspace] GC(183) Metaspace: 28061K(28544K)->28061K(28544K) NonClass: 28061K(28544K)->28061K(28544K) Class: 0K(0K)->0K(0K)
[73.898s][info][gc          ] GC(183) Pause Full (System.gc()) 772M->772M(5888M) 725.972ms
[73.899s][info][gc,metaspace] GC(184) Metaspace: 28061K(28544K)->28061K(28544K) NonClass: 28061K(28544K)->28061K(28544K) Class: 0K(0K)->0K(0K)
[73.899s][info][gc          ] GC(184) Pause Young (System.gc()) 772M->772M(5888M) 0.532ms
[74.528s][info][gc,metaspace] GC(185) Metaspace: 28061K(28544K)->28061K(28544K) NonClass: 28061K(28544K)->28061K(28544K) Class: 0K(0K)->0K(0K)
[74.528s][info][gc          ] GC(185) Pause Full (System.gc()) 772M->772M(5888M) 629.330ms
[74.533s][info][gc,metaspace] GC(186) Metaspace: 28061K(28544K)->28061K(28544K) NonClass: 28061K(28544K)->28061K(28544K) Class: 0K(0K)->0K(0K)
[74.533s][info][gc          ] GC(186) Pause Young (System.gc()) 772M->772M(5888M) 0.589ms
[75.181s][info][gc,metaspace] GC(187) Metaspace: 28061K(28544K)->28061K(28544K) NonClass: 28061K(28544K)->28061K(28544K) Class: 0K(0K)->0K(0K)
[75.182s][info][gc          ] GC(187) Pause Full (System.gc()) 772M->772M(5888M) 648.009ms
[75.182s][info][gc,metaspace] GC(188) Metaspace: 28061K(28544K)->28061K(28544K) NonClass: 28061K(28544K)->28061K(28544K) Class: 0K(0K)->0K(0K)
[75.182s][info][gc          ] GC(188) Pause Young (System.gc()) 772M->772M(5888M) 0.580ms
[75.808s][info][gc,metaspace] GC(189) Metaspace: 28061K(28544K)->28061K(28544K) NonClass: 28061K(28544K)->28061K(28544K) Class: 0K(0K)->0K(0K)
[75.808s][info][gc          ] GC(189) Pause Full (System.gc()) 772M->772M(5888M) 626.220ms
[75.809s][info][gc,metaspace] GC(190) Metaspace: 28061K(28544K)->28061K(28544K) NonClass: 28061K(28544K)->28061K(28544K) Class: 0K(0K)->0K(0K)
[75.809s][info][gc          ] GC(190) Pause Young (System.gc()) 772M->772M(5888M) 0.473ms
[76.455s][info][gc,metaspace] GC(191) Metaspace: 28061K(28544K)->28061K(28544K) NonClass: 28061K(28544K)->28061K(28544K) Class: 0K(0K)->0K(0K)
[76.455s][info][gc          ] GC(191) Pause Full (System.gc()) 772M->772M(5888M) 645.516ms
[76.455s][info][gc,metaspace] GC(192) Metaspace: 28061K(28544K)->28061K(28544K) NonClass: 28061K(28544K)->28061K(28544K) Class: 0K(0K)->0K(0K)
[76.455s][info][gc          ] GC(192) Pause Young (System.gc()) 772M->772M(5888M) 0.620ms
[77.332s][info][gc,metaspace] GC(193) Metaspace: 28061K(28544K)->28061K(28544K) NonClass: 28061K(28544K)->28061K(28544K) Class: 0K(0K)->0K(0K)
[77.332s][info][gc          ] GC(193) Pause Full (System.gc()) 772M->772M(5888M) 876.538ms
[77.332s][info][gc,metaspace] GC(194) Metaspace: 28061K(28544K)->28061K(28544K) NonClass: 28061K(28544K)->28061K(28544K) Class: 0K(0K)->0K(0K)
[77.333s][info][gc          ] GC(194) Pause Young (System.gc()) 772M->772M(5888M) 0.551ms
[77.974s][info][gc,metaspace] GC(195) Metaspace: 28061K(28544K)->28061K(28544K) NonClass: 28061K(28544K)->28061K(28544K) Class: 0K(0K)->0K(0K)
[77.974s][info][gc          ] GC(195) Pause Full (System.gc()) 772M->772M(5888M) 641.902ms
[77.975s][info][gc,metaspace] GC(196) Metaspace: 28061K(28544K)->28061K(28544K) NonClass: 28061K(28544K)->28061K(28544K) Class: 0K(0K)->0K(0K)
[77.975s][info][gc          ] GC(196) Pause Young (System.gc()) 772M->772M(5888M) 0.506ms
[78.608s][info][gc,metaspace] GC(197) Metaspace: 28061K(28544K)->28061K(28544K) NonClass: 28061K(28544K)->28061K(28544K) Class: 0K(0K)->0K(0K)
[78.608s][info][gc          ] GC(197) Pause Full (System.gc()) 772M->772M(5888M) 632.481ms
[78.608s][info][gc,metaspace] GC(198) Metaspace: 28061K(28544K)->28061K(28544K) NonClass: 28061K(28544K)->28061K(28544K) Class: 0K(0K)->0K(0K)
[78.608s][info][gc          ] GC(198) Pause Young (System.gc()) 772M->772M(5888M) 0.475ms
[79.253s][info][gc,metaspace] GC(199) Metaspace: 28061K(28544K)->28061K(28544K) NonClass: 28061K(28544K)->28061K(28544K) Class: 0K(0K)->0K(0K)
[79.253s][info][gc          ] GC(199) Pause Full (System.gc()) 772M->772M(5888M) 644.899ms
[79.254s][info][gc,metaspace] GC(200) Metaspace: 28061K(28544K)->28061K(28544K) NonClass: 28061K(28544K)->28061K(28544K) Class: 0K(0K)->0K(0K)
[79.254s][info][gc          ] GC(200) Pause Young (System.gc()) 772M->772M(5888M) 0.479ms
[79.867s][info][gc,metaspace] GC(201) Metaspace: 28061K(28544K)->28061K(28544K) NonClass: 28061K(28544K)->28061K(28544K) Class: 0K(0K)->0K(0K)
[79.867s][info][gc          ] GC(201) Pause Full (System.gc()) 772M->772M(5888M) 612.988ms
[79.867s][info][gc,metaspace] GC(202) Metaspace: 28061K(28544K)->28061K(28544K) NonClass: 28061K(28544K)->28061K(28544K) Class: 0K(0K)->0K(0K)
[79.867s][info][gc          ] GC(202) Pause Young (System.gc()) 772M->772M(5888M) 0.513ms
[80.665s][info][gc,metaspace] GC(203) Metaspace: 28061K(28544K)->28061K(28544K) NonClass: 28061K(28544K)->28061K(28544K) Class: 0K(0K)->0K(0K)
[80.665s][info][gc          ] GC(203) Pause Full (System.gc()) 772M->772M(5888M) 797.546ms
After GCs... 
