Done; will start GCs... 
[12.508s][info][gc,metaspace] GC(4) Metaspace: 28670K(29952K)->28670K(29952K) NonClass: 23310K(23872K)->23310K(23872K) Class: 5360K(6080K)->5360K(6080K)
[12.508s][info][gc          ] GC(4) Pause Young (System.gc()) 827M->773M(5888M) 2177.767ms
[14.854s][info][gc,metaspace] GC(5) Metaspace: 28670K(29952K)->28670K(29952K) NonClass: 23310K(23872K)->23310K(23872K) Class: 5360K(6080K)->5360K(6080K)
[14.854s][info][gc          ] GC(5) Pause Full (System.gc()) 773M->772M(5888M) 2345.454ms
[14.855s][info][gc,metaspace] GC(6) Metaspace: 28670K(29952K)->28670K(29952K) NonClass: 23310K(23872K)->23310K(23872K) Class: 5360K(6080K)->5360K(6080K)
[14.855s][info][gc          ] GC(6) Pause Young (System.gc()) 772M->772M(5888M) 0.498ms
[15.565s][info][gc,metaspace] GC(7) Metaspace: 28670K(29952K)->28670K(29952K) NonClass: 23310K(23872K)->23310K(23872K) Class: 5360K(6080K)->5360K(6080K)
[15.565s][info][gc          ] GC(7) Pause Full (System.gc()) 772M->772M(5888M) 710.664ms
[15.570s][info][gc,metaspace] GC(8) Metaspace: 28670K(29952K)->28670K(29952K) NonClass: 23310K(23872K)->23310K(23872K) Class: 5360K(6080K)->5360K(6080K)
[15.570s][info][gc          ] GC(8) Pause Young (System.gc()) 772M->772M(5888M) 0.537ms
[16.299s][info][gc,metaspace] GC(9) Metaspace: 28670K(29952K)->28670K(29952K) NonClass: 23310K(23872K)->23310K(23872K) Class: 5360K(6080K)->5360K(6080K)
[16.299s][info][gc          ] GC(9) Pause Full (System.gc()) 772M->772M(5888M) 728.978ms
[16.300s][info][gc,metaspace] GC(10) Metaspace: 28671K(29952K)->28671K(29952K) NonClass: 23310K(23872K)->23310K(23872K) Class: 5360K(6080K)->5360K(6080K)
[16.300s][info][gc          ] GC(10) Pause Young (System.gc()) 772M->772M(5888M) 0.547ms
[17.048s][info][gc,metaspace] GC(11) Metaspace: 28671K(29952K)->28671K(29952K) NonClass: 23310K(23872K)->23310K(23872K) Class: 5360K(6080K)->5360K(6080K)
[17.048s][info][gc          ] GC(11) Pause Full (System.gc()) 772M->772M(5888M) 748.142ms
[17.049s][info][gc,metaspace] GC(12) Metaspace: 28671K(29952K)->28671K(29952K) NonClass: 23310K(23872K)->23310K(23872K) Class: 5360K(6080K)->5360K(6080K)
[17.049s][info][gc          ] GC(12) Pause Young (System.gc()) 772M->772M(5888M) 0.476ms
[17.888s][info][gc,metaspace] GC(13) Metaspace: 28671K(29952K)->28671K(29952K) NonClass: 23310K(23872K)->23310K(23872K) Class: 5360K(6080K)->5360K(6080K)
[17.888s][info][gc          ] GC(13) Pause Full (System.gc()) 772M->772M(5888M) 839.084ms
[17.889s][info][gc,metaspace] GC(14) Metaspace: 28671K(29952K)->28671K(29952K) NonClass: 23310K(23872K)->23310K(23872K) Class: 5360K(6080K)->5360K(6080K)
[17.889s][info][gc          ] GC(14) Pause Young (System.gc()) 772M->772M(5888M) 0.556ms
[18.656s][info][gc,metaspace] GC(15) Metaspace: 28671K(29952K)->28671K(29952K) NonClass: 23310K(23872K)->23310K(23872K) Class: 5360K(6080K)->5360K(6080K)
[18.656s][info][gc          ] GC(15) Pause Full (System.gc()) 772M->772M(5888M) 767.649ms
[18.657s][info][gc,metaspace] GC(16) Metaspace: 28671K(29952K)->28671K(29952K) NonClass: 23310K(23872K)->23310K(23872K) Class: 5360K(6080K)->5360K(6080K)
[18.657s][info][gc          ] GC(16) Pause Young (System.gc()) 772M->772M(5888M) 0.504ms
[19.393s][info][gc,metaspace] GC(17) Metaspace: 28671K(29952K)->28671K(29952K) NonClass: 23310K(23872K)->23310K(23872K) Class: 5360K(6080K)->5360K(6080K)
[19.393s][info][gc          ] GC(17) Pause Full (System.gc()) 772M->772M(5888M) 736.006ms
[19.394s][info][gc,metaspace] GC(18) Metaspace: 28671K(29952K)->28671K(29952K) NonClass: 23310K(23872K)->23310K(23872K) Class: 5360K(6080K)->5360K(6080K)
[19.394s][info][gc          ] GC(18) Pause Young (System.gc()) 772M->772M(5888M) 0.501ms
[20.104s][info][gc,metaspace] GC(19) Metaspace: 28671K(29952K)->28671K(29952K) NonClass: 23310K(23872K)->23310K(23872K) Class: 5360K(6080K)->5360K(6080K)
[20.104s][info][gc          ] GC(19) Pause Full (System.gc()) 772M->772M(5888M) 710.407ms
[20.105s][info][gc,metaspace] GC(20) Metaspace: 28671K(29952K)->28671K(29952K) NonClass: 23310K(23872K)->23310K(23872K) Class: 5360K(6080K)->5360K(6080K)
[20.105s][info][gc          ] GC(20) Pause Young (System.gc()) 772M->772M(5888M) 0.438ms
[21.024s][info][gc,metaspace] GC(21) Metaspace: 28671K(29952K)->28671K(29952K) NonClass: 23310K(23872K)->23310K(23872K) Class: 5360K(6080K)->5360K(6080K)
[21.024s][info][gc          ] GC(21) Pause Full (System.gc()) 772M->772M(5888M) 919.476ms
[21.025s][info][gc,metaspace] GC(22) Metaspace: 28671K(29952K)->28671K(29952K) NonClass: 23310K(23872K)->23310K(23872K) Class: 5360K(6080K)->5360K(6080K)
[21.025s][info][gc          ] GC(22) Pause Young (System.gc()) 772M->772M(5888M) 0.444ms
[21.765s][info][gc,metaspace] GC(23) Metaspace: 28671K(29952K)->28671K(29952K) NonClass: 23310K(23872K)->23310K(23872K) Class: 5360K(6080K)->5360K(6080K)
[21.765s][info][gc          ] GC(23) Pause Full (System.gc()) 772M->772M(5888M) 739.996ms
[21.765s][info][gc,metaspace] GC(24) Metaspace: 28671K(29952K)->28671K(29952K) NonClass: 23310K(23872K)->23310K(23872K) Class: 5360K(6080K)->5360K(6080K)
[21.765s][info][gc          ] GC(24) Pause Young (System.gc()) 772M->772M(5888M) 0.530ms
[22.486s][info][gc,metaspace] GC(25) Metaspace: 28671K(29952K)->28671K(29952K) NonClass: 23310K(23872K)->23310K(23872K) Class: 5360K(6080K)->5360K(6080K)
[22.486s][info][gc          ] GC(25) Pause Full (System.gc()) 772M->772M(5888M) 720.248ms
[22.486s][info][gc,metaspace] GC(26) Metaspace: 28671K(29952K)->28671K(29952K) NonClass: 23310K(23872K)->23310K(23872K) Class: 5360K(6080K)->5360K(6080K)
[22.486s][info][gc          ] GC(26) Pause Young (System.gc()) 772M->772M(5888M) 0.526ms
[23.224s][info][gc,metaspace] GC(27) Metaspace: 28671K(29952K)->28671K(29952K) NonClass: 23310K(23872K)->23310K(23872K) Class: 5360K(6080K)->5360K(6080K)
[23.224s][info][gc          ] GC(27) Pause Full (System.gc()) 772M->772M(5888M) 737.421ms
[23.224s][info][gc,metaspace] GC(28) Metaspace: 28671K(29952K)->28671K(29952K) NonClass: 23310K(23872K)->23310K(23872K) Class: 5360K(6080K)->5360K(6080K)
[23.224s][info][gc          ] GC(28) Pause Young (System.gc()) 772M->772M(5888M) 0.461ms
[23.962s][info][gc,metaspace] GC(29) Metaspace: 28671K(29952K)->28671K(29952K) NonClass: 23310K(23872K)->23310K(23872K) Class: 5360K(6080K)->5360K(6080K)
[23.962s][info][gc          ] GC(29) Pause Full (System.gc()) 772M->772M(5888M) 737.564ms
[23.963s][info][gc,metaspace] GC(30) Metaspace: 28671K(29952K)->28671K(29952K) NonClass: 23310K(23872K)->23310K(23872K) Class: 5360K(6080K)->5360K(6080K)
[23.963s][info][gc          ] GC(30) Pause Young (System.gc()) 772M->772M(5888M) 0.541ms
[24.703s][info][gc,metaspace] GC(31) Metaspace: 28671K(29952K)->28671K(29952K) NonClass: 23310K(23872K)->23310K(23872K) Class: 5360K(6080K)->5360K(6080K)
[24.704s][info][gc          ] GC(31) Pause Full (System.gc()) 772M->772M(5888M) 740.742ms
[24.704s][info][gc,metaspace] GC(32) Metaspace: 28671K(29952K)->28671K(29952K) NonClass: 23310K(23872K)->23310K(23872K) Class: 5360K(6080K)->5360K(6080K)
[24.704s][info][gc          ] GC(32) Pause Young (System.gc()) 772M->772M(5888M) 0.455ms
[25.437s][info][gc,metaspace] GC(33) Metaspace: 28671K(29952K)->28671K(29952K) NonClass: 23310K(23872K)->23310K(23872K) Class: 5360K(6080K)->5360K(6080K)
[25.437s][info][gc          ] GC(33) Pause Full (System.gc()) 772M->772M(5888M) 732.977ms
[25.438s][info][gc,metaspace] GC(34) Metaspace: 28671K(29952K)->28671K(29952K) NonClass: 23310K(23872K)->23310K(23872K) Class: 5360K(6080K)->5360K(6080K)
[25.438s][info][gc          ] GC(34) Pause Young (System.gc()) 772M->772M(5888M) 0.555ms
[26.177s][info][gc,metaspace] GC(35) Metaspace: 28671K(29952K)->28671K(29952K) NonClass: 23310K(23872K)->23310K(23872K) Class: 5360K(6080K)->5360K(6080K)
[26.177s][info][gc          ] GC(35) Pause Full (System.gc()) 772M->772M(5888M) 739.201ms
[26.182s][info][gc,metaspace] GC(36) Metaspace: 28671K(29952K)->28671K(29952K) NonClass: 23310K(23872K)->23310K(23872K) Class: 5360K(6080K)->5360K(6080K)
[26.182s][info][gc          ] GC(36) Pause Young (System.gc()) 772M->772M(5888M) 0.518ms
[26.898s][info][gc,metaspace] GC(37) Metaspace: 28671K(29952K)->28671K(29952K) NonClass: 23310K(23872K)->23310K(23872K) Class: 5360K(6080K)->5360K(6080K)
[26.898s][info][gc          ] GC(37) Pause Full (System.gc()) 772M->772M(5888M) 715.837ms
[26.898s][info][gc,metaspace] GC(38) Metaspace: 28671K(29952K)->28671K(29952K) NonClass: 23310K(23872K)->23310K(23872K) Class: 5360K(6080K)->5360K(6080K)
[26.898s][info][gc          ] GC(38) Pause Young (System.gc()) 772M->772M(5888M) 0.499ms
[27.639s][info][gc,metaspace] GC(39) Metaspace: 28671K(29952K)->28671K(29952K) NonClass: 23310K(23872K)->23310K(23872K) Class: 5360K(6080K)->5360K(6080K)
[27.639s][info][gc          ] GC(39) Pause Full (System.gc()) 772M->772M(5888M) 740.306ms
[27.639s][info][gc,metaspace] GC(40) Metaspace: 28671K(29952K)->28671K(29952K) NonClass: 23310K(23872K)->23310K(23872K) Class: 5360K(6080K)->5360K(6080K)
[27.639s][info][gc          ] GC(40) Pause Young (System.gc()) 772M->772M(5888M) 0.418ms
[28.375s][info][gc,metaspace] GC(41) Metaspace: 28671K(29952K)->28671K(29952K) NonClass: 23310K(23872K)->23310K(23872K) Class: 5360K(6080K)->5360K(6080K)
[28.375s][info][gc          ] GC(41) Pause Full (System.gc()) 772M->772M(5888M) 735.518ms
[28.375s][info][gc,metaspace] GC(42) Metaspace: 28671K(29952K)->28671K(29952K) NonClass: 23310K(23872K)->23310K(23872K) Class: 5360K(6080K)->5360K(6080K)
[28.375s][info][gc          ] GC(42) Pause Young (System.gc()) 772M->772M(5888M) 0.464ms
[29.211s][info][gc,metaspace] GC(43) Metaspace: 28671K(29952K)->28671K(29952K) NonClass: 23310K(23872K)->23310K(23872K) Class: 5360K(6080K)->5360K(6080K)
[29.211s][info][gc          ] GC(43) Pause Full (System.gc()) 772M->772M(5888M) 835.475ms
[29.211s][info][gc,metaspace] GC(44) Metaspace: 28671K(29952K)->28671K(29952K) NonClass: 23310K(23872K)->23310K(23872K) Class: 5360K(6080K)->5360K(6080K)
[29.211s][info][gc          ] GC(44) Pause Young (System.gc()) 772M->772M(5888M) 0.462ms
[29.956s][info][gc,metaspace] GC(45) Metaspace: 28671K(29952K)->28671K(29952K) NonClass: 23310K(23872K)->23310K(23872K) Class: 5360K(6080K)->5360K(6080K)
[29.956s][info][gc          ] GC(45) Pause Full (System.gc()) 772M->772M(5888M) 744.273ms
[29.956s][info][gc,metaspace] GC(46) Metaspace: 28671K(29952K)->28671K(29952K) NonClass: 23310K(23872K)->23310K(23872K) Class: 5360K(6080K)->5360K(6080K)
[29.956s][info][gc          ] GC(46) Pause Young (System.gc()) 772M->772M(5888M) 0.414ms
[30.707s][info][gc,metaspace] GC(47) Metaspace: 28671K(29952K)->28671K(29952K) NonClass: 23310K(23872K)->23310K(23872K) Class: 5360K(6080K)->5360K(6080K)
[30.707s][info][gc          ] GC(47) Pause Full (System.gc()) 772M->772M(5888M) 750.487ms
[30.707s][info][gc,metaspace] GC(48) Metaspace: 28671K(29952K)->28671K(29952K) NonClass: 23310K(23872K)->23310K(23872K) Class: 5360K(6080K)->5360K(6080K)
[30.707s][info][gc          ] GC(48) Pause Young (System.gc()) 772M->772M(5888M) 0.461ms
[31.422s][info][gc,metaspace] GC(49) Metaspace: 28671K(29952K)->28671K(29952K) NonClass: 23310K(23872K)->23310K(23872K) Class: 5360K(6080K)->5360K(6080K)
[31.422s][info][gc          ] GC(49) Pause Full (System.gc()) 772M->772M(5888M) 714.571ms
[31.423s][info][gc,metaspace] GC(50) Metaspace: 28671K(29952K)->28671K(29952K) NonClass: 23310K(23872K)->23310K(23872K) Class: 5360K(6080K)->5360K(6080K)
[31.423s][info][gc          ] GC(50) Pause Young (System.gc()) 772M->772M(5888M) 0.442ms
[32.151s][info][gc,metaspace] GC(51) Metaspace: 28671K(29952K)->28671K(29952K) NonClass: 23310K(23872K)->23310K(23872K) Class: 5360K(6080K)->5360K(6080K)
[32.151s][info][gc          ] GC(51) Pause Full (System.gc()) 772M->772M(5888M) 728.644ms
[32.152s][info][gc,metaspace] GC(52) Metaspace: 28671K(29952K)->28671K(29952K) NonClass: 23310K(23872K)->23310K(23872K) Class: 5360K(6080K)->5360K(6080K)
[32.152s][info][gc          ] GC(52) Pause Young (System.gc()) 772M->772M(5888M) 0.599ms
[32.987s][info][gc,metaspace] GC(53) Metaspace: 28671K(29952K)->28671K(29952K) NonClass: 23310K(23872K)->23310K(23872K) Class: 5360K(6080K)->5360K(6080K)
[32.987s][info][gc          ] GC(53) Pause Full (System.gc()) 772M->772M(5888M) 834.732ms
[32.987s][info][gc,metaspace] GC(54) Metaspace: 28671K(29952K)->28671K(29952K) NonClass: 23310K(23872K)->23310K(23872K) Class: 5360K(6080K)->5360K(6080K)
[32.987s][info][gc          ] GC(54) Pause Young (System.gc()) 772M->772M(5888M) 0.534ms
[33.705s][info][gc,metaspace] GC(55) Metaspace: 28671K(29952K)->28671K(29952K) NonClass: 23310K(23872K)->23310K(23872K) Class: 5360K(6080K)->5360K(6080K)
[33.705s][info][gc          ] GC(55) Pause Full (System.gc()) 772M->772M(5888M) 717.195ms
[33.705s][info][gc,metaspace] GC(56) Metaspace: 28671K(29952K)->28671K(29952K) NonClass: 23310K(23872K)->23310K(23872K) Class: 5360K(6080K)->5360K(6080K)
[33.705s][info][gc          ] GC(56) Pause Young (System.gc()) 772M->772M(5888M) 0.496ms
[34.621s][info][gc,metaspace] GC(57) Metaspace: 28671K(29952K)->28671K(29952K) NonClass: 23310K(23872K)->23310K(23872K) Class: 5360K(6080K)->5360K(6080K)
[34.621s][info][gc          ] GC(57) Pause Full (System.gc()) 772M->772M(5888M) 915.624ms
[34.621s][info][gc,metaspace] GC(58) Metaspace: 28671K(29952K)->28671K(29952K) NonClass: 23310K(23872K)->23310K(23872K) Class: 5360K(6080K)->5360K(6080K)
[34.622s][info][gc          ] GC(58) Pause Young (System.gc()) 772M->772M(5888M) 0.510ms
[35.321s][info][gc,metaspace] GC(59) Metaspace: 28671K(29952K)->28671K(29952K) NonClass: 23310K(23872K)->23310K(23872K) Class: 5360K(6080K)->5360K(6080K)
[35.321s][info][gc          ] GC(59) Pause Full (System.gc()) 772M->772M(5888M) 699.515ms
[35.322s][info][gc,metaspace] GC(60) Metaspace: 28671K(29952K)->28671K(29952K) NonClass: 23310K(23872K)->23310K(23872K) Class: 5360K(6080K)->5360K(6080K)
[35.322s][info][gc          ] GC(60) Pause Young (System.gc()) 772M->772M(5888M) 0.511ms
[36.036s][info][gc,metaspace] GC(61) Metaspace: 28671K(29952K)->28671K(29952K) NonClass: 23310K(23872K)->23310K(23872K) Class: 5360K(6080K)->5360K(6080K)
[36.036s][info][gc          ] GC(61) Pause Full (System.gc()) 772M->772M(5888M) 713.914ms
[36.036s][info][gc,metaspace] GC(62) Metaspace: 28671K(29952K)->28671K(29952K) NonClass: 23310K(23872K)->23310K(23872K) Class: 5360K(6080K)->5360K(6080K)
[36.036s][info][gc          ] GC(62) Pause Young (System.gc()) 772M->772M(5888M) 0.429ms
[36.747s][info][gc,metaspace] GC(63) Metaspace: 28671K(29952K)->28671K(29952K) NonClass: 23310K(23872K)->23310K(23872K) Class: 5360K(6080K)->5360K(6080K)
[36.747s][info][gc          ] GC(63) Pause Full (System.gc()) 772M->772M(5888M) 710.631ms
[36.747s][info][gc,metaspace] GC(64) Metaspace: 28671K(29952K)->28671K(29952K) NonClass: 23310K(23872K)->23310K(23872K) Class: 5360K(6080K)->5360K(6080K)
[36.747s][info][gc          ] GC(64) Pause Young (System.gc()) 772M->772M(5888M) 0.488ms
[37.475s][info][gc,metaspace] GC(65) Metaspace: 28671K(29952K)->28671K(29952K) NonClass: 23310K(23872K)->23310K(23872K) Class: 5360K(6080K)->5360K(6080K)
[37.475s][info][gc          ] GC(65) Pause Full (System.gc()) 772M->772M(5888M) 727.420ms
[37.475s][info][gc,metaspace] GC(66) Metaspace: 28671K(29952K)->28671K(29952K) NonClass: 23310K(23872K)->23310K(23872K) Class: 5360K(6080K)->5360K(6080K)
[37.475s][info][gc          ] GC(66) Pause Young (System.gc()) 772M->772M(5888M) 0.463ms
[38.206s][info][gc,metaspace] GC(67) Metaspace: 28671K(29952K)->28671K(29952K) NonClass: 23310K(23872K)->23310K(23872K) Class: 5360K(6080K)->5360K(6080K)
[38.206s][info][gc          ] GC(67) Pause Full (System.gc()) 772M->772M(5888M) 731.032ms
[38.207s][info][gc,metaspace] GC(68) Metaspace: 28671K(29952K)->28671K(29952K) NonClass: 23310K(23872K)->23310K(23872K) Class: 5360K(6080K)->5360K(6080K)
[38.207s][info][gc          ] GC(68) Pause Young (System.gc()) 772M->772M(5888M) 0.480ms
[38.921s][info][gc,metaspace] GC(69) Metaspace: 28671K(29952K)->28671K(29952K) NonClass: 23310K(23872K)->23310K(23872K) Class: 5360K(6080K)->5360K(6080K)
[38.921s][info][gc          ] GC(69) Pause Full (System.gc()) 772M->772M(5888M) 713.481ms
[38.921s][info][gc,metaspace] GC(70) Metaspace: 28671K(29952K)->28671K(29952K) NonClass: 23310K(23872K)->23310K(23872K) Class: 5360K(6080K)->5360K(6080K)
[38.921s][info][gc          ] GC(70) Pause Young (System.gc()) 772M->772M(5888M) 0.457ms
[39.678s][info][gc,metaspace] GC(71) Metaspace: 28671K(29952K)->28671K(29952K) NonClass: 23310K(23872K)->23310K(23872K) Class: 5360K(6080K)->5360K(6080K)
[39.678s][info][gc          ] GC(71) Pause Full (System.gc()) 772M->772M(5888M) 756.806ms
[39.679s][info][gc,metaspace] GC(72) Metaspace: 28671K(29952K)->28671K(29952K) NonClass: 23310K(23872K)->23310K(23872K) Class: 5360K(6080K)->5360K(6080K)
[39.679s][info][gc          ] GC(72) Pause Young (System.gc()) 772M->772M(5888M) 0.475ms
[40.385s][info][gc,metaspace] GC(73) Metaspace: 28671K(29952K)->28671K(29952K) NonClass: 23310K(23872K)->23310K(23872K) Class: 5360K(6080K)->5360K(6080K)
[40.385s][info][gc          ] GC(73) Pause Full (System.gc()) 772M->772M(5888M) 706.225ms
[40.385s][info][gc,metaspace] GC(74) Metaspace: 28671K(29952K)->28671K(29952K) NonClass: 23310K(23872K)->23310K(23872K) Class: 5360K(6080K)->5360K(6080K)
[40.385s][info][gc          ] GC(74) Pause Young (System.gc()) 772M->772M(5888M) 0.550ms
[41.094s][info][gc,metaspace] GC(75) Metaspace: 28671K(29952K)->28671K(29952K) NonClass: 23310K(23872K)->23310K(23872K) Class: 5360K(6080K)->5360K(6080K)
[41.094s][info][gc          ] GC(75) Pause Full (System.gc()) 772M->772M(5888M) 708.487ms
[41.095s][info][gc,metaspace] GC(76) Metaspace: 28671K(29952K)->28671K(29952K) NonClass: 23310K(23872K)->23310K(23872K) Class: 5360K(6080K)->5360K(6080K)
[41.095s][info][gc          ] GC(76) Pause Young (System.gc()) 772M->772M(5888M) 0.556ms
[41.868s][info][gc,metaspace] GC(77) Metaspace: 28671K(29952K)->28671K(29952K) NonClass: 23310K(23872K)->23310K(23872K) Class: 5360K(6080K)->5360K(6080K)
[41.868s][info][gc          ] GC(77) Pause Full (System.gc()) 772M->772M(5888M) 773.025ms
[41.873s][info][gc,metaspace] GC(78) Metaspace: 28671K(29952K)->28671K(29952K) NonClass: 23310K(23872K)->23310K(23872K) Class: 5360K(6080K)->5360K(6080K)
[41.873s][info][gc          ] GC(78) Pause Young (System.gc()) 772M->772M(5888M) 0.525ms
[42.590s][info][gc,metaspace] GC(79) Metaspace: 28671K(29952K)->28671K(29952K) NonClass: 23310K(23872K)->23310K(23872K) Class: 5360K(6080K)->5360K(6080K)
[42.590s][info][gc          ] GC(79) Pause Full (System.gc()) 772M->772M(5888M) 717.509ms
[42.591s][info][gc,metaspace] GC(80) Metaspace: 28671K(29952K)->28671K(29952K) NonClass: 23310K(23872K)->23310K(23872K) Class: 5360K(6080K)->5360K(6080K)
[42.591s][info][gc          ] GC(80) Pause Young (System.gc()) 772M->772M(5888M) 0.506ms
[43.319s][info][gc,metaspace] GC(81) Metaspace: 28671K(29952K)->28671K(29952K) NonClass: 23310K(23872K)->23310K(23872K) Class: 5360K(6080K)->5360K(6080K)
[43.319s][info][gc          ] GC(81) Pause Full (System.gc()) 772M->772M(5888M) 727.812ms
[43.319s][info][gc,metaspace] GC(82) Metaspace: 28671K(29952K)->28671K(29952K) NonClass: 23310K(23872K)->23310K(23872K) Class: 5360K(6080K)->5360K(6080K)
[43.319s][info][gc          ] GC(82) Pause Young (System.gc()) 772M->772M(5888M) 0.513ms
[44.041s][info][gc,metaspace] GC(83) Metaspace: 28671K(29952K)->28671K(29952K) NonClass: 23310K(23872K)->23310K(23872K) Class: 5360K(6080K)->5360K(6080K)
[44.041s][info][gc          ] GC(83) Pause Full (System.gc()) 772M->772M(5888M) 721.889ms
[44.042s][info][gc,metaspace] GC(84) Metaspace: 28671K(29952K)->28671K(29952K) NonClass: 23310K(23872K)->23310K(23872K) Class: 5360K(6080K)->5360K(6080K)
[44.042s][info][gc          ] GC(84) Pause Young (System.gc()) 772M->772M(5888M) 0.525ms
[44.798s][info][gc,metaspace] GC(85) Metaspace: 28671K(29952K)->28671K(29952K) NonClass: 23310K(23872K)->23310K(23872K) Class: 5360K(6080K)->5360K(6080K)
[44.798s][info][gc          ] GC(85) Pause Full (System.gc()) 772M->772M(5888M) 755.976ms
[44.798s][info][gc,metaspace] GC(86) Metaspace: 28671K(29952K)->28671K(29952K) NonClass: 23310K(23872K)->23310K(23872K) Class: 5360K(6080K)->5360K(6080K)
[44.798s][info][gc          ] GC(86) Pause Young (System.gc()) 772M->772M(5888M) 0.547ms
[45.556s][info][gc,metaspace] GC(87) Metaspace: 28671K(29952K)->28671K(29952K) NonClass: 23310K(23872K)->23310K(23872K) Class: 5360K(6080K)->5360K(6080K)
[45.556s][info][gc          ] GC(87) Pause Full (System.gc()) 772M->772M(5888M) 757.302ms
[45.556s][info][gc,metaspace] GC(88) Metaspace: 28671K(29952K)->28671K(29952K) NonClass: 23310K(23872K)->23310K(23872K) Class: 5360K(6080K)->5360K(6080K)
[45.556s][info][gc          ] GC(88) Pause Young (System.gc()) 772M->772M(5888M) 0.498ms
[46.263s][info][gc,metaspace] GC(89) Metaspace: 28671K(29952K)->28671K(29952K) NonClass: 23310K(23872K)->23310K(23872K) Class: 5360K(6080K)->5360K(6080K)
[46.263s][info][gc          ] GC(89) Pause Full (System.gc()) 772M->772M(5888M) 706.445ms
[46.263s][info][gc,metaspace] GC(90) Metaspace: 28671K(29952K)->28671K(29952K) NonClass: 23310K(23872K)->23310K(23872K) Class: 5360K(6080K)->5360K(6080K)
[46.263s][info][gc          ] GC(90) Pause Young (System.gc()) 772M->772M(5888M) 0.519ms
[47.036s][info][gc,metaspace] GC(91) Metaspace: 28671K(29952K)->28671K(29952K) NonClass: 23310K(23872K)->23310K(23872K) Class: 5360K(6080K)->5360K(6080K)
[47.036s][info][gc          ] GC(91) Pause Full (System.gc()) 772M->772M(5888M) 772.358ms
[47.041s][info][gc,metaspace] GC(92) Metaspace: 28671K(29952K)->28671K(29952K) NonClass: 23310K(23872K)->23310K(23872K) Class: 5360K(6080K)->5360K(6080K)
[47.041s][info][gc          ] GC(92) Pause Young (System.gc()) 772M->772M(5888M) 0.522ms
[47.773s][info][gc,metaspace] GC(93) Metaspace: 28671K(29952K)->28671K(29952K) NonClass: 23310K(23872K)->23310K(23872K) Class: 5360K(6080K)->5360K(6080K)
[47.773s][info][gc          ] GC(93) Pause Full (System.gc()) 772M->772M(5888M) 732.535ms
[47.774s][info][gc,metaspace] GC(94) Metaspace: 28671K(29952K)->28671K(29952K) NonClass: 23310K(23872K)->23310K(23872K) Class: 5360K(6080K)->5360K(6080K)
[47.774s][info][gc          ] GC(94) Pause Young (System.gc()) 772M->772M(5888M) 0.505ms
[48.660s][info][gc,metaspace] GC(95) Metaspace: 28671K(29952K)->28671K(29952K) NonClass: 23310K(23872K)->23310K(23872K) Class: 5360K(6080K)->5360K(6080K)
[48.660s][info][gc          ] GC(95) Pause Full (System.gc()) 772M->772M(5888M) 885.704ms
[48.660s][info][gc,metaspace] GC(96) Metaspace: 28671K(29952K)->28671K(29952K) NonClass: 23310K(23872K)->23310K(23872K) Class: 5360K(6080K)->5360K(6080K)
[48.660s][info][gc          ] GC(96) Pause Young (System.gc()) 772M->772M(5888M) 0.529ms
[49.380s][info][gc,metaspace] GC(97) Metaspace: 28671K(29952K)->28671K(29952K) NonClass: 23310K(23872K)->23310K(23872K) Class: 5360K(6080K)->5360K(6080K)
[49.380s][info][gc          ] GC(97) Pause Full (System.gc()) 772M->772M(5888M) 719.616ms
[49.381s][info][gc,metaspace] GC(98) Metaspace: 28671K(29952K)->28671K(29952K) NonClass: 23310K(23872K)->23310K(23872K) Class: 5360K(6080K)->5360K(6080K)
[49.381s][info][gc          ] GC(98) Pause Young (System.gc()) 772M->772M(5888M) 0.562ms
[50.144s][info][gc,metaspace] GC(99) Metaspace: 28671K(29952K)->28671K(29952K) NonClass: 23310K(23872K)->23310K(23872K) Class: 5360K(6080K)->5360K(6080K)
[50.144s][info][gc          ] GC(99) Pause Full (System.gc()) 772M->772M(5888M) 763.745ms
[50.145s][info][gc,metaspace] GC(100) Metaspace: 28671K(29952K)->28671K(29952K) NonClass: 23310K(23872K)->23310K(23872K) Class: 5360K(6080K)->5360K(6080K)
[50.145s][info][gc          ] GC(100) Pause Young (System.gc()) 772M->772M(5888M) 0.562ms
[50.988s][info][gc,metaspace] GC(101) Metaspace: 28671K(29952K)->28671K(29952K) NonClass: 23310K(23872K)->23310K(23872K) Class: 5360K(6080K)->5360K(6080K)
[50.988s][info][gc          ] GC(101) Pause Full (System.gc()) 772M->772M(5888M) 843.013ms
[50.989s][info][gc,metaspace] GC(102) Metaspace: 28671K(29952K)->28671K(29952K) NonClass: 23310K(23872K)->23310K(23872K) Class: 5360K(6080K)->5360K(6080K)
[50.989s][info][gc          ] GC(102) Pause Young (System.gc()) 772M->772M(5888M) 0.517ms
[51.716s][info][gc,metaspace] GC(103) Metaspace: 28671K(29952K)->28671K(29952K) NonClass: 23310K(23872K)->23310K(23872K) Class: 5360K(6080K)->5360K(6080K)
[51.716s][info][gc          ] GC(103) Pause Full (System.gc()) 772M->772M(5888M) 727.034ms
[51.716s][info][gc,metaspace] GC(104) Metaspace: 28671K(29952K)->28671K(29952K) NonClass: 23310K(23872K)->23310K(23872K) Class: 5360K(6080K)->5360K(6080K)
[51.716s][info][gc          ] GC(104) Pause Young (System.gc()) 772M->772M(5888M) 0.488ms
[52.504s][info][gc,metaspace] GC(105) Metaspace: 28671K(29952K)->28671K(29952K) NonClass: 23310K(23872K)->23310K(23872K) Class: 5360K(6080K)->5360K(6080K)
[52.504s][info][gc          ] GC(105) Pause Full (System.gc()) 772M->772M(5888M) 787.457ms
[52.504s][info][gc,metaspace] GC(106) Metaspace: 28671K(29952K)->28671K(29952K) NonClass: 23310K(23872K)->23310K(23872K) Class: 5360K(6080K)->5360K(6080K)
[52.504s][info][gc          ] GC(106) Pause Young (System.gc()) 772M->772M(5888M) 0.474ms
[53.230s][info][gc,metaspace] GC(107) Metaspace: 28671K(29952K)->28671K(29952K) NonClass: 23310K(23872K)->23310K(23872K) Class: 5360K(6080K)->5360K(6080K)
[53.230s][info][gc          ] GC(107) Pause Full (System.gc()) 772M->772M(5888M) 725.566ms
[53.231s][info][gc,metaspace] GC(108) Metaspace: 28671K(29952K)->28671K(29952K) NonClass: 23310K(23872K)->23310K(23872K) Class: 5360K(6080K)->5360K(6080K)
[53.231s][info][gc          ] GC(108) Pause Young (System.gc()) 772M->772M(5888M) 0.435ms
[54.031s][info][gc,metaspace] GC(109) Metaspace: 28671K(29952K)->28671K(29952K) NonClass: 23310K(23872K)->23310K(23872K) Class: 5360K(6080K)->5360K(6080K)
[54.031s][info][gc          ] GC(109) Pause Full (System.gc()) 772M->772M(5888M) 800.409ms
[54.032s][info][gc,metaspace] GC(110) Metaspace: 28671K(29952K)->28671K(29952K) NonClass: 23310K(23872K)->23310K(23872K) Class: 5360K(6080K)->5360K(6080K)
[54.032s][info][gc          ] GC(110) Pause Young (System.gc()) 772M->772M(5888M) 0.442ms
[54.744s][info][gc,metaspace] GC(111) Metaspace: 28671K(29952K)->28671K(29952K) NonClass: 23310K(23872K)->23310K(23872K) Class: 5360K(6080K)->5360K(6080K)
[54.745s][info][gc          ] GC(111) Pause Full (System.gc()) 772M->772M(5888M) 712.914ms
[54.745s][info][gc,metaspace] GC(112) Metaspace: 28671K(29952K)->28671K(29952K) NonClass: 23310K(23872K)->23310K(23872K) Class: 5360K(6080K)->5360K(6080K)
[54.745s][info][gc          ] GC(112) Pause Young (System.gc()) 772M->772M(5888M) 0.551ms
[55.458s][info][gc,metaspace] GC(113) Metaspace: 28671K(29952K)->28671K(29952K) NonClass: 23310K(23872K)->23310K(23872K) Class: 5360K(6080K)->5360K(6080K)
[55.458s][info][gc          ] GC(113) Pause Full (System.gc()) 772M->772M(5888M) 713.101ms
[55.459s][info][gc,metaspace] GC(114) Metaspace: 28671K(29952K)->28671K(29952K) NonClass: 23310K(23872K)->23310K(23872K) Class: 5360K(6080K)->5360K(6080K)
[55.459s][info][gc          ] GC(114) Pause Young (System.gc()) 772M->772M(5888M) 0.511ms
[56.186s][info][gc,metaspace] GC(115) Metaspace: 28671K(29952K)->28671K(29952K) NonClass: 23310K(23872K)->23310K(23872K) Class: 5360K(6080K)->5360K(6080K)
[56.186s][info][gc          ] GC(115) Pause Full (System.gc()) 772M->772M(5888M) 727.044ms
[56.187s][info][gc,metaspace] GC(116) Metaspace: 28671K(29952K)->28671K(29952K) NonClass: 23310K(23872K)->23310K(23872K) Class: 5360K(6080K)->5360K(6080K)
[56.187s][info][gc          ] GC(116) Pause Young (System.gc()) 772M->772M(5888M) 0.466ms
[57.079s][info][gc,metaspace] GC(117) Metaspace: 28671K(29952K)->28671K(29952K) NonClass: 23310K(23872K)->23310K(23872K) Class: 5360K(6080K)->5360K(6080K)
[57.080s][info][gc          ] GC(117) Pause Full (System.gc()) 772M->772M(5888M) 892.880ms
[57.080s][info][gc,metaspace] GC(118) Metaspace: 28671K(29952K)->28671K(29952K) NonClass: 23310K(23872K)->23310K(23872K) Class: 5360K(6080K)->5360K(6080K)
[57.080s][info][gc          ] GC(118) Pause Young (System.gc()) 772M->772M(5888M) 0.621ms
[57.795s][info][gc,metaspace] GC(119) Metaspace: 28671K(29952K)->28671K(29952K) NonClass: 23310K(23872K)->23310K(23872K) Class: 5360K(6080K)->5360K(6080K)
[57.795s][info][gc          ] GC(119) Pause Full (System.gc()) 772M->772M(5888M) 715.176ms
[57.800s][info][gc,metaspace] GC(120) Metaspace: 28671K(29952K)->28671K(29952K) NonClass: 23310K(23872K)->23310K(23872K) Class: 5360K(6080K)->5360K(6080K)
[57.800s][info][gc          ] GC(120) Pause Young (System.gc()) 772M->772M(5888M) 0.512ms
[58.549s][info][gc,metaspace] GC(121) Metaspace: 28671K(29952K)->28671K(29952K) NonClass: 23310K(23872K)->23310K(23872K) Class: 5360K(6080K)->5360K(6080K)
[58.549s][info][gc          ] GC(121) Pause Full (System.gc()) 772M->772M(5888M) 748.974ms
[58.550s][info][gc,metaspace] GC(122) Metaspace: 28671K(29952K)->28671K(29952K) NonClass: 23310K(23872K)->23310K(23872K) Class: 5360K(6080K)->5360K(6080K)
[58.550s][info][gc          ] GC(122) Pause Young (System.gc()) 772M->772M(5888M) 0.515ms
[59.391s][info][gc,metaspace] GC(123) Metaspace: 28671K(29952K)->28671K(29952K) NonClass: 23310K(23872K)->23310K(23872K) Class: 5360K(6080K)->5360K(6080K)
[59.391s][info][gc          ] GC(123) Pause Full (System.gc()) 772M->772M(5888M) 840.716ms
[59.391s][info][gc,metaspace] GC(124) Metaspace: 28671K(29952K)->28671K(29952K) NonClass: 23310K(23872K)->23310K(23872K) Class: 5360K(6080K)->5360K(6080K)
[59.391s][info][gc          ] GC(124) Pause Young (System.gc()) 772M->772M(5888M) 0.512ms
[60.097s][info][gc,metaspace] GC(125) Metaspace: 28671K(29952K)->28671K(29952K) NonClass: 23310K(23872K)->23310K(23872K) Class: 5360K(6080K)->5360K(6080K)
[60.097s][info][gc          ] GC(125) Pause Full (System.gc()) 772M->772M(5888M) 705.498ms
[60.097s][info][gc,metaspace] GC(126) Metaspace: 28671K(29952K)->28671K(29952K) NonClass: 23310K(23872K)->23310K(23872K) Class: 5360K(6080K)->5360K(6080K)
[60.098s][info][gc          ] GC(126) Pause Young (System.gc()) 772M->772M(5888M) 0.509ms
[60.881s][info][gc,metaspace] GC(127) Metaspace: 28671K(29952K)->28671K(29952K) NonClass: 23310K(23872K)->23310K(23872K) Class: 5360K(6080K)->5360K(6080K)
[60.881s][info][gc          ] GC(127) Pause Full (System.gc()) 772M->772M(5888M) 783.243ms
[60.881s][info][gc,metaspace] GC(128) Metaspace: 28671K(29952K)->28671K(29952K) NonClass: 23310K(23872K)->23310K(23872K) Class: 5360K(6080K)->5360K(6080K)
[60.881s][info][gc          ] GC(128) Pause Young (System.gc()) 772M->772M(5888M) 0.548ms
[61.630s][info][gc,metaspace] GC(129) Metaspace: 28671K(29952K)->28671K(29952K) NonClass: 23310K(23872K)->23310K(23872K) Class: 5360K(6080K)->5360K(6080K)
[61.630s][info][gc          ] GC(129) Pause Full (System.gc()) 772M->772M(5888M) 748.507ms
[61.630s][info][gc,metaspace] GC(130) Metaspace: 28671K(29952K)->28671K(29952K) NonClass: 23310K(23872K)->23310K(23872K) Class: 5360K(6080K)->5360K(6080K)
[61.630s][info][gc          ] GC(130) Pause Young (System.gc()) 772M->772M(5888M) 0.425ms
[62.355s][info][gc,metaspace] GC(131) Metaspace: 28671K(29952K)->28671K(29952K) NonClass: 23310K(23872K)->23310K(23872K) Class: 5360K(6080K)->5360K(6080K)
[62.356s][info][gc          ] GC(131) Pause Full (System.gc()) 772M->772M(5888M) 725.011ms
[62.356s][info][gc,metaspace] GC(132) Metaspace: 28671K(29952K)->28671K(29952K) NonClass: 23310K(23872K)->23310K(23872K) Class: 5360K(6080K)->5360K(6080K)
[62.356s][info][gc          ] GC(132) Pause Young (System.gc()) 772M->772M(5888M) 0.437ms
[63.109s][info][gc,metaspace] GC(133) Metaspace: 28671K(29952K)->28671K(29952K) NonClass: 23310K(23872K)->23310K(23872K) Class: 5360K(6080K)->5360K(6080K)
[63.109s][info][gc          ] GC(133) Pause Full (System.gc()) 772M->772M(5888M) 753.140ms
[63.110s][info][gc,metaspace] GC(134) Metaspace: 28671K(29952K)->28671K(29952K) NonClass: 23310K(23872K)->23310K(23872K) Class: 5360K(6080K)->5360K(6080K)
[63.110s][info][gc          ] GC(134) Pause Young (System.gc()) 772M->772M(5888M) 0.582ms
[63.851s][info][gc,metaspace] GC(135) Metaspace: 28671K(29952K)->28671K(29952K) NonClass: 23310K(23872K)->23310K(23872K) Class: 5360K(6080K)->5360K(6080K)
[63.851s][info][gc          ] GC(135) Pause Full (System.gc()) 772M->772M(5888M) 740.914ms
[63.852s][info][gc,metaspace] GC(136) Metaspace: 28671K(29952K)->28671K(29952K) NonClass: 23310K(23872K)->23310K(23872K) Class: 5360K(6080K)->5360K(6080K)
[63.852s][info][gc          ] GC(136) Pause Young (System.gc()) 782M->772M(5888M) 0.534ms
[64.768s][info][gc,metaspace] GC(137) Metaspace: 28671K(29952K)->28671K(29952K) NonClass: 23310K(23872K)->23310K(23872K) Class: 5360K(6080K)->5360K(6080K)
[64.768s][info][gc          ] GC(137) Pause Full (System.gc()) 772M->772M(5888M) 916.267ms
[64.769s][info][gc,metaspace] GC(138) Metaspace: 28671K(29952K)->28671K(29952K) NonClass: 23310K(23872K)->23310K(23872K) Class: 5360K(6080K)->5360K(6080K)
[64.769s][info][gc          ] GC(138) Pause Young (System.gc()) 772M->772M(5888M) 0.579ms
[65.515s][info][gc,metaspace] GC(139) Metaspace: 28671K(29952K)->28671K(29952K) NonClass: 23310K(23872K)->23310K(23872K) Class: 5360K(6080K)->5360K(6080K)
[65.515s][info][gc          ] GC(139) Pause Full (System.gc()) 772M->772M(5888M) 746.302ms
[65.515s][info][gc,metaspace] GC(140) Metaspace: 28671K(29952K)->28671K(29952K) NonClass: 23310K(23872K)->23310K(23872K) Class: 5360K(6080K)->5360K(6080K)
[65.515s][info][gc          ] GC(140) Pause Young (System.gc()) 772M->772M(5888M) 0.529ms
[66.265s][info][gc,metaspace] GC(141) Metaspace: 28671K(29952K)->28671K(29952K) NonClass: 23310K(23872K)->23310K(23872K) Class: 5360K(6080K)->5360K(6080K)
[66.265s][info][gc          ] GC(141) Pause Full (System.gc()) 772M->772M(5888M) 749.724ms
[66.266s][info][gc,metaspace] GC(142) Metaspace: 28671K(29952K)->28671K(29952K) NonClass: 23310K(23872K)->23310K(23872K) Class: 5360K(6080K)->5360K(6080K)
[66.266s][info][gc          ] GC(142) Pause Young (System.gc()) 772M->772M(5888M) 0.562ms
[66.998s][info][gc,metaspace] GC(143) Metaspace: 28671K(29952K)->28671K(29952K) NonClass: 23310K(23872K)->23310K(23872K) Class: 5360K(6080K)->5360K(6080K)
[66.998s][info][gc          ] GC(143) Pause Full (System.gc()) 772M->772M(5888M) 732.221ms
[66.999s][info][gc,metaspace] GC(144) Metaspace: 28671K(29952K)->28671K(29952K) NonClass: 23310K(23872K)->23310K(23872K) Class: 5360K(6080K)->5360K(6080K)
[66.999s][info][gc          ] GC(144) Pause Young (System.gc()) 772M->772M(5888M) 0.510ms
[67.732s][info][gc,metaspace] GC(145) Metaspace: 28671K(29952K)->28671K(29952K) NonClass: 23310K(23872K)->23310K(23872K) Class: 5360K(6080K)->5360K(6080K)
[67.732s][info][gc          ] GC(145) Pause Full (System.gc()) 772M->772M(5888M) 732.823ms
[67.732s][info][gc,metaspace] GC(146) Metaspace: 28671K(29952K)->28671K(29952K) NonClass: 23310K(23872K)->23310K(23872K) Class: 5360K(6080K)->5360K(6080K)
[67.732s][info][gc          ] GC(146) Pause Young (System.gc()) 772M->772M(5888M) 0.521ms
[68.455s][info][gc,metaspace] GC(147) Metaspace: 28671K(29952K)->28671K(29952K) NonClass: 23310K(23872K)->23310K(23872K) Class: 5360K(6080K)->5360K(6080K)
[68.455s][info][gc          ] GC(147) Pause Full (System.gc()) 772M->772M(5888M) 723.093ms
[68.456s][info][gc,metaspace] GC(148) Metaspace: 28671K(29952K)->28671K(29952K) NonClass: 23310K(23872K)->23310K(23872K) Class: 5360K(6080K)->5360K(6080K)
[68.456s][info][gc          ] GC(148) Pause Young (System.gc()) 772M->772M(5888M) 0.484ms
[69.187s][info][gc,metaspace] GC(149) Metaspace: 28671K(29952K)->28671K(29952K) NonClass: 23310K(23872K)->23310K(23872K) Class: 5360K(6080K)->5360K(6080K)
[69.187s][info][gc          ] GC(149) Pause Full (System.gc()) 772M->772M(5888M) 731.414ms
[69.188s][info][gc,metaspace] GC(150) Metaspace: 28671K(29952K)->28671K(29952K) NonClass: 23310K(23872K)->23310K(23872K) Class: 5360K(6080K)->5360K(6080K)
[69.188s][info][gc          ] GC(150) Pause Young (System.gc()) 772M->772M(5888M) 0.542ms
[69.936s][info][gc,metaspace] GC(151) Metaspace: 28671K(29952K)->28671K(29952K) NonClass: 23310K(23872K)->23310K(23872K) Class: 5360K(6080K)->5360K(6080K)
[69.936s][info][gc          ] GC(151) Pause Full (System.gc()) 772M->772M(5888M) 747.837ms
[69.937s][info][gc,metaspace] GC(152) Metaspace: 28671K(29952K)->28671K(29952K) NonClass: 23310K(23872K)->23310K(23872K) Class: 5360K(6080K)->5360K(6080K)
[69.937s][info][gc          ] GC(152) Pause Young (System.gc()) 772M->772M(5888M) 0.553ms
[70.681s][info][gc,metaspace] GC(153) Metaspace: 28671K(29952K)->28671K(29952K) NonClass: 23310K(23872K)->23310K(23872K) Class: 5360K(6080K)->5360K(6080K)
[70.681s][info][gc          ] GC(153) Pause Full (System.gc()) 772M->772M(5888M) 743.887ms
[70.681s][info][gc,metaspace] GC(154) Metaspace: 28671K(29952K)->28671K(29952K) NonClass: 23310K(23872K)->23310K(23872K) Class: 5360K(6080K)->5360K(6080K)
[70.681s][info][gc          ] GC(154) Pause Young (System.gc()) 772M->772M(5888M) 0.562ms
[71.487s][info][gc,metaspace] GC(155) Metaspace: 28671K(29952K)->28671K(29952K) NonClass: 23310K(23872K)->23310K(23872K) Class: 5360K(6080K)->5360K(6080K)
[71.487s][info][gc          ] GC(155) Pause Full (System.gc()) 772M->772M(5888M) 806.194ms
[71.488s][info][gc,metaspace] GC(156) Metaspace: 28671K(29952K)->28671K(29952K) NonClass: 23310K(23872K)->23310K(23872K) Class: 5360K(6080K)->5360K(6080K)
[71.488s][info][gc          ] GC(156) Pause Young (System.gc()) 772M->772M(5888M) 0.524ms
[72.409s][info][gc,metaspace] GC(157) Metaspace: 28671K(29952K)->28671K(29952K) NonClass: 23310K(23872K)->23310K(23872K) Class: 5360K(6080K)->5360K(6080K)
[72.409s][info][gc          ] GC(157) Pause Full (System.gc()) 772M->772M(5888M) 920.557ms
[72.409s][info][gc,metaspace] GC(158) Metaspace: 28671K(29952K)->28671K(29952K) NonClass: 23310K(23872K)->23310K(23872K) Class: 5360K(6080K)->5360K(6080K)
[72.409s][info][gc          ] GC(158) Pause Young (System.gc()) 772M->772M(5888M) 0.560ms
[73.169s][info][gc,metaspace] GC(159) Metaspace: 28671K(29952K)->28671K(29952K) NonClass: 23310K(23872K)->23310K(23872K) Class: 5360K(6080K)->5360K(6080K)
[73.169s][info][gc          ] GC(159) Pause Full (System.gc()) 772M->772M(5888M) 759.802ms
[73.174s][info][gc,metaspace] GC(160) Metaspace: 28671K(29952K)->28671K(29952K) NonClass: 23310K(23872K)->23310K(23872K) Class: 5360K(6080K)->5360K(6080K)
[73.174s][info][gc          ] GC(160) Pause Young (System.gc()) 772M->772M(5888M) 0.424ms
[73.910s][info][gc,metaspace] GC(161) Metaspace: 28671K(29952K)->28671K(29952K) NonClass: 23310K(23872K)->23310K(23872K) Class: 5360K(6080K)->5360K(6080K)
[73.910s][info][gc          ] GC(161) Pause Full (System.gc()) 772M->772M(5888M) 735.663ms
[73.910s][info][gc,metaspace] GC(162) Metaspace: 28671K(29952K)->28671K(29952K) NonClass: 23310K(23872K)->23310K(23872K) Class: 5360K(6080K)->5360K(6080K)
[73.910s][info][gc          ] GC(162) Pause Young (System.gc()) 772M->772M(5888M) 0.563ms
[74.662s][info][gc,metaspace] GC(163) Metaspace: 28671K(29952K)->28671K(29952K) NonClass: 23310K(23872K)->23310K(23872K) Class: 5360K(6080K)->5360K(6080K)
[74.662s][info][gc          ] GC(163) Pause Full (System.gc()) 772M->772M(5888M) 752.003ms
[74.663s][info][gc,metaspace] GC(164) Metaspace: 28671K(29952K)->28671K(29952K) NonClass: 23310K(23872K)->23310K(23872K) Class: 5360K(6080K)->5360K(6080K)
[74.663s][info][gc          ] GC(164) Pause Young (System.gc()) 772M->772M(5888M) 0.491ms
[75.383s][info][gc,metaspace] GC(165) Metaspace: 28671K(29952K)->28671K(29952K) NonClass: 23310K(23872K)->23310K(23872K) Class: 5360K(6080K)->5360K(6080K)
[75.383s][info][gc          ] GC(165) Pause Full (System.gc()) 772M->772M(5888M) 720.141ms
[75.384s][info][gc,metaspace] GC(166) Metaspace: 28671K(29952K)->28671K(29952K) NonClass: 23310K(23872K)->23310K(23872K) Class: 5360K(6080K)->5360K(6080K)
[75.384s][info][gc          ] GC(166) Pause Young (System.gc()) 772M->772M(5888M) 0.443ms
[76.115s][info][gc,metaspace] GC(167) Metaspace: 28671K(29952K)->28671K(29952K) NonClass: 23310K(23872K)->23310K(23872K) Class: 5360K(6080K)->5360K(6080K)
[76.115s][info][gc          ] GC(167) Pause Full (System.gc()) 772M->772M(5888M) 731.159ms
[76.115s][info][gc,metaspace] GC(168) Metaspace: 28671K(29952K)->28671K(29952K) NonClass: 23310K(23872K)->23310K(23872K) Class: 5360K(6080K)->5360K(6080K)
[76.116s][info][gc          ] GC(168) Pause Young (System.gc()) 772M->772M(5888M) 0.564ms
[77.026s][info][gc,metaspace] GC(169) Metaspace: 28671K(29952K)->28671K(29952K) NonClass: 23310K(23872K)->23310K(23872K) Class: 5360K(6080K)->5360K(6080K)
[77.026s][info][gc          ] GC(169) Pause Full (System.gc()) 772M->772M(5888M) 910.629ms
[77.027s][info][gc,metaspace] GC(170) Metaspace: 28671K(29952K)->28671K(29952K) NonClass: 23310K(23872K)->23310K(23872K) Class: 5360K(6080K)->5360K(6080K)
[77.027s][info][gc          ] GC(170) Pause Young (System.gc()) 772M->772M(5888M) 0.479ms
[77.760s][info][gc,metaspace] GC(171) Metaspace: 28671K(29952K)->28671K(29952K) NonClass: 23310K(23872K)->23310K(23872K) Class: 5360K(6080K)->5360K(6080K)
[77.760s][info][gc          ] GC(171) Pause Full (System.gc()) 772M->772M(5888M) 732.835ms
[77.760s][info][gc,metaspace] GC(172) Metaspace: 28671K(29952K)->28671K(29952K) NonClass: 23310K(23872K)->23310K(23872K) Class: 5360K(6080K)->5360K(6080K)
[77.760s][info][gc          ] GC(172) Pause Young (System.gc()) 772M->772M(5888M) 0.492ms
[78.466s][info][gc,metaspace] GC(173) Metaspace: 28671K(29952K)->28671K(29952K) NonClass: 23310K(23872K)->23310K(23872K) Class: 5360K(6080K)->5360K(6080K)
[78.466s][info][gc          ] GC(173) Pause Full (System.gc()) 772M->772M(5888M) 706.192ms
[78.467s][info][gc,metaspace] GC(174) Metaspace: 28671K(29952K)->28671K(29952K) NonClass: 23310K(23872K)->23310K(23872K) Class: 5360K(6080K)->5360K(6080K)
[78.467s][info][gc          ] GC(174) Pause Young (System.gc()) 772M->772M(5888M) 0.559ms
[79.201s][info][gc,metaspace] GC(175) Metaspace: 28671K(29952K)->28671K(29952K) NonClass: 23310K(23872K)->23310K(23872K) Class: 5360K(6080K)->5360K(6080K)
[79.201s][info][gc          ] GC(175) Pause Full (System.gc()) 772M->772M(5888M) 733.797ms
[79.202s][info][gc,metaspace] GC(176) Metaspace: 28671K(29952K)->28671K(29952K) NonClass: 23310K(23872K)->23310K(23872K) Class: 5360K(6080K)->5360K(6080K)
[79.202s][info][gc          ] GC(176) Pause Young (System.gc()) 772M->772M(5888M) 0.555ms
[79.934s][info][gc,metaspace] GC(177) Metaspace: 28671K(29952K)->28671K(29952K) NonClass: 23310K(23872K)->23310K(23872K) Class: 5360K(6080K)->5360K(6080K)
[79.934s][info][gc          ] GC(177) Pause Full (System.gc()) 772M->772M(5888M) 732.729ms
[79.935s][info][gc,metaspace] GC(178) Metaspace: 28671K(29952K)->28671K(29952K) NonClass: 23310K(23872K)->23310K(23872K) Class: 5360K(6080K)->5360K(6080K)
[79.935s][info][gc          ] GC(178) Pause Young (System.gc()) 772M->772M(5888M) 0.519ms
[80.653s][info][gc,metaspace] GC(179) Metaspace: 28671K(29952K)->28671K(29952K) NonClass: 23310K(23872K)->23310K(23872K) Class: 5360K(6080K)->5360K(6080K)
[80.653s][info][gc          ] GC(179) Pause Full (System.gc()) 772M->772M(5888M) 718.412ms
[80.654s][info][gc,metaspace] GC(180) Metaspace: 28671K(29952K)->28671K(29952K) NonClass: 23310K(23872K)->23310K(23872K) Class: 5360K(6080K)->5360K(6080K)
[80.654s][info][gc          ] GC(180) Pause Young (System.gc()) 772M->772M(5888M) 0.519ms
[81.383s][info][gc,metaspace] GC(181) Metaspace: 28671K(29952K)->28671K(29952K) NonClass: 23310K(23872K)->23310K(23872K) Class: 5360K(6080K)->5360K(6080K)
[81.383s][info][gc          ] GC(181) Pause Full (System.gc()) 772M->772M(5888M) 729.276ms
[81.384s][info][gc,metaspace] GC(182) Metaspace: 28671K(29952K)->28671K(29952K) NonClass: 23310K(23872K)->23310K(23872K) Class: 5360K(6080K)->5360K(6080K)
[81.384s][info][gc          ] GC(182) Pause Young (System.gc()) 772M->772M(5888M) 0.472ms
[82.123s][info][gc,metaspace] GC(183) Metaspace: 28671K(29952K)->28671K(29952K) NonClass: 23310K(23872K)->23310K(23872K) Class: 5360K(6080K)->5360K(6080K)
[82.123s][info][gc          ] GC(183) Pause Full (System.gc()) 772M->772M(5888M) 738.822ms
[82.123s][info][gc,metaspace] GC(184) Metaspace: 28671K(29952K)->28671K(29952K) NonClass: 23310K(23872K)->23310K(23872K) Class: 5360K(6080K)->5360K(6080K)
[82.123s][info][gc          ] GC(184) Pause Young (System.gc()) 772M->772M(5888M) 0.532ms
[82.864s][info][gc,metaspace] GC(185) Metaspace: 28671K(29952K)->28671K(29952K) NonClass: 23310K(23872K)->23310K(23872K) Class: 5360K(6080K)->5360K(6080K)
[82.864s][info][gc          ] GC(185) Pause Full (System.gc()) 772M->772M(5888M) 740.390ms
[82.864s][info][gc,metaspace] GC(186) Metaspace: 28671K(29952K)->28671K(29952K) NonClass: 23310K(23872K)->23310K(23872K) Class: 5360K(6080K)->5360K(6080K)
[82.864s][info][gc          ] GC(186) Pause Young (System.gc()) 772M->772M(5888M) 0.469ms
[83.789s][info][gc,metaspace] GC(187) Metaspace: 28671K(29952K)->28671K(29952K) NonClass: 23310K(23872K)->23310K(23872K) Class: 5360K(6080K)->5360K(6080K)
[83.789s][info][gc          ] GC(187) Pause Full (System.gc()) 772M->772M(5888M) 924.273ms
[83.789s][info][gc,metaspace] GC(188) Metaspace: 28671K(29952K)->28671K(29952K) NonClass: 23310K(23872K)->23310K(23872K) Class: 5360K(6080K)->5360K(6080K)
[83.789s][info][gc          ] GC(188) Pause Young (System.gc()) 772M->772M(5888M) 0.444ms
[84.515s][info][gc,metaspace] GC(189) Metaspace: 28671K(29952K)->28671K(29952K) NonClass: 23310K(23872K)->23310K(23872K) Class: 5360K(6080K)->5360K(6080K)
[84.515s][info][gc          ] GC(189) Pause Full (System.gc()) 772M->772M(5888M) 725.464ms
[84.515s][info][gc,metaspace] GC(190) Metaspace: 28671K(29952K)->28671K(29952K) NonClass: 23310K(23872K)->23310K(23872K) Class: 5360K(6080K)->5360K(6080K)
[84.515s][info][gc          ] GC(190) Pause Young (System.gc()) 772M->772M(5888M) 0.586ms
[85.265s][info][gc,metaspace] GC(191) Metaspace: 28671K(29952K)->28671K(29952K) NonClass: 23310K(23872K)->23310K(23872K) Class: 5360K(6080K)->5360K(6080K)
[85.265s][info][gc          ] GC(191) Pause Full (System.gc()) 772M->772M(5888M) 749.666ms
[85.266s][info][gc,metaspace] GC(192) Metaspace: 28671K(29952K)->28671K(29952K) NonClass: 23310K(23872K)->23310K(23872K) Class: 5360K(6080K)->5360K(6080K)
[85.266s][info][gc          ] GC(192) Pause Young (System.gc()) 772M->772M(5888M) 0.518ms
[86.010s][info][gc,metaspace] GC(193) Metaspace: 28671K(29952K)->28671K(29952K) NonClass: 23310K(23872K)->23310K(23872K) Class: 5360K(6080K)->5360K(6080K)
[86.010s][info][gc          ] GC(193) Pause Full (System.gc()) 772M->772M(5888M) 744.216ms
[86.010s][info][gc,metaspace] GC(194) Metaspace: 28671K(29952K)->28671K(29952K) NonClass: 23310K(23872K)->23310K(23872K) Class: 5360K(6080K)->5360K(6080K)
[86.010s][info][gc          ] GC(194) Pause Young (System.gc()) 772M->772M(5888M) 0.415ms
[86.732s][info][gc,metaspace] GC(195) Metaspace: 28671K(29952K)->28671K(29952K) NonClass: 23310K(23872K)->23310K(23872K) Class: 5360K(6080K)->5360K(6080K)
[86.732s][info][gc          ] GC(195) Pause Full (System.gc()) 772M->772M(5888M) 721.621ms
[86.733s][info][gc,metaspace] GC(196) Metaspace: 28671K(29952K)->28671K(29952K) NonClass: 23310K(23872K)->23310K(23872K) Class: 5360K(6080K)->5360K(6080K)
[86.733s][info][gc          ] GC(196) Pause Young (System.gc()) 772M->772M(5888M) 0.557ms
[87.479s][info][gc,metaspace] GC(197) Metaspace: 28671K(29952K)->28671K(29952K) NonClass: 23310K(23872K)->23310K(23872K) Class: 5360K(6080K)->5360K(6080K)
[87.479s][info][gc          ] GC(197) Pause Full (System.gc()) 772M->772M(5888M) 746.191ms
[87.480s][info][gc,metaspace] GC(198) Metaspace: 28671K(29952K)->28671K(29952K) NonClass: 23310K(23872K)->23310K(23872K) Class: 5360K(6080K)->5360K(6080K)
[87.480s][info][gc          ] GC(198) Pause Young (System.gc()) 772M->772M(5888M) 0.550ms
[88.205s][info][gc,metaspace] GC(199) Metaspace: 28671K(29952K)->28671K(29952K) NonClass: 23310K(23872K)->23310K(23872K) Class: 5360K(6080K)->5360K(6080K)
[88.205s][info][gc          ] GC(199) Pause Full (System.gc()) 772M->772M(5888M) 725.722ms
[88.206s][info][gc,metaspace] GC(200) Metaspace: 28671K(29952K)->28671K(29952K) NonClass: 23310K(23872K)->23310K(23872K) Class: 5360K(6080K)->5360K(6080K)
[88.206s][info][gc          ] GC(200) Pause Young (System.gc()) 772M->772M(5888M) 0.548ms
[88.955s][info][gc,metaspace] GC(201) Metaspace: 28671K(29952K)->28671K(29952K) NonClass: 23310K(23872K)->23310K(23872K) Class: 5360K(6080K)->5360K(6080K)
[88.955s][info][gc          ] GC(201) Pause Full (System.gc()) 772M->772M(5888M) 749.099ms
[88.956s][info][gc,metaspace] GC(202) Metaspace: 28671K(29952K)->28671K(29952K) NonClass: 23310K(23872K)->23310K(23872K) Class: 5360K(6080K)->5360K(6080K)
[88.956s][info][gc          ] GC(202) Pause Young (System.gc()) 772M->772M(5888M) 0.434ms
[89.663s][info][gc,metaspace] GC(203) Metaspace: 28671K(29952K)->28671K(29952K) NonClass: 23310K(23872K)->23310K(23872K) Class: 5360K(6080K)->5360K(6080K)
[89.663s][info][gc          ] GC(203) Pause Full (System.gc()) 772M->772M(5888M) 706.976ms
After GCs... 
