[0.002s][info][metaspace]  - commit_granule_bytes: 65536.
[0.002s][info][metaspace]  - commit_granule_words: 8192.
[0.002s][info][metaspace]  - virtual_space_node_default_size: 8388608.
[0.002s][info][metaspace]  - enlarge_chunks_in_place: 1.
[0.002s][info][metaspace]  - use_allocation_guard: 0.
[0.003s][info][gc,init  ] CardTable entry size: 512
[0.003s][info][gc       ] Using G1
[0.009s][info][gc,init  ] Version: 23-internal-adhoc.thomas.source (release)
[0.009s][info][gc,init  ] CPUs: 8 total, 8 available
[0.009s][info][gc,init  ] Memory: 15662M
[0.009s][info][gc,init  ] Large Page Support: Disabled
[0.009s][info][gc,init  ] NUMA Support: Disabled
[0.009s][info][gc,init  ] Compressed Oops: Enabled (Zero based)
[0.009s][info][gc,init  ] Heap Region Size: 8M
[0.009s][info][gc,init  ] Heap Min Capacity: 10G
[0.009s][info][gc,init  ] Heap Initial Capacity: 10G
[0.009s][info][gc,init  ] Heap Max Capacity: 10G
[0.009s][info][gc,init  ] Pre-touch: Disabled
[0.009s][info][gc,init  ] Parallel Workers: 8
[0.009s][info][gc,init  ] Concurrent Workers: 2
[0.009s][info][gc,init  ] Concurrent Refinement Workers: 8
[0.009s][info][gc,init  ] Periodic GC: Disabled
[0.009s][info][metaspace] Reserving compressed class space anywhere
[0.009s][info][gc,metaspace] CDS archive(s) not mapped
[0.009s][info][gc,metaspace] Compressed class space mapped at: 0x00007f1277000000-0x00007f12b7000000, reserved size: 1073741824
[0.009s][info][gc,metaspace] UseCompressedClassPointers 1, UseCompactObjectHeaders 1, Use2c0 1narrow klass pointer bits 22, max shift 6
[0.009s][info][gc,metaspace] Narrow klass base: 0x00007f1277000000, Narrow klass shift: 6, Narrow klass range: 0x40000000

SPECjbb2015 Java Business Benchmark
 (c) Standard Performance Evaluation Corporation, 2015

Preparing to launch All-in-one SPECjbb2015.

Reading property file: /shared/projects/openjdk/benchmarks/test-hyperaligning-lilliput/SPECjbb2015_1.00-jdk16+/jdk-22bit-staggered-klass-ON-24-05-22_151837/./config/specjbb2015.props

     0s: Enumerating plugins...
     0s:    Connectivity:
     0s:             HTTP_Grizzly: Grizzly HTTP server, JDK HTTP client
     0s:              NIO_Grizzly: Grizzly NIO server, Grizzly NIO client
     0s:               HTTP_Jetty: Jetty HTTP server, JDK HTTP client
     0s:    Snapshot:
     0s:                 InMemory: Stores snapshots in heap memory
     0s:    Data Writers:
     0s:                     Demo: Send all frame to listener
     0s:                   InFile: Writing Data into file
     0s:                   Silent: Drop all frames
     0s: 
     0s: Kit validation is skipped.
     0s: Tests are skipped.
     0s: 
     0s: [0.687s][info][metaspace   ] ChkMgr @0x00007f12f85410b0 (non-class-space): failed to commit 465 words on chunk @0x00007f12f8b1c4f0, f, base 0x00007f1273fc0000, top 0x00007f1273fc0000, level lv10.
[0.687s][info][metaspace   ] Arena @0x00007f12f87121b0 (non-class arena): failed to allocate new chunk for requested word size 465.
[0.687s][info][metaspace   ] Arena @0x00007f12f87121b0 (non-class arena): allocation failed, returned null.
[0.687s][info][metaspace   ] ChkMgr @0x00007f12f85410b0 (non-class-space): failed to commit 465 words on chunk @0x00007f12f8b1c4f0, f, base 0x00007f1273fc0000, top 0x00007f1273fc0000, level lv10.
[0.687s][info][metaspace   ] Arena @0x00007f12f87121b0 (non-class arena): failed to allocate new chunk for requested word size 465.
[0.687s][info][metaspace   ] Arena @0x00007f12f87121b0 (non-class arena): allocation failed, returned null.
[0.687s][info][metaspace   ] ChkMgr @0x00007f12f85410b0 (non-class-space): failed to commit 465 words on chunk @0x00007f12f8b1c4f0, f, base 0x00007f1273fc0000, top 0x00007f1273fc0000, level lv10.
[0.687s][info][metaspace   ] Arena @0x00007f12f87121b0 (non-class arena): failed to allocate new chunk for requested word size 465.
[0.687s][info][metaspace   ] Arena @0x00007f12f87121b0 (non-class arena): allocation failed, returned null.
[0.687s][info][gc,start    ] GC(0) Pause Young (Concurrent Start) (Metadata GC Threshold)
[0.688s][info][gc,task     ] GC(0) Using 8 workers of 8 for evacuation
[0.692s][info][gc,phases   ] GC(0)   Pre Evacuate Collection Set: 0.21ms
[0.692s][info][gc,phases   ] GC(0)   Merge Heap Roots: 0.08ms
[0.692s][info][gc,phases   ] GC(0)   Evacuate Collection Set: 3.54ms
[0.692s][info][gc,phases   ] GC(0)   Post Evacuate Collection Set: 0.38ms
[0.692s][info][gc,phases   ] GC(0)   Other: 0.51ms
[0.692s][info][gc,heap     ] GC(0) Eden regions: 18->0(63)
[0.692s][info][gc,heap     ] GC(0) Survivor regions: 0->1(8)
[0.692s][info][gc,heap     ] GC(0) Old regions: 0->0
[0.692s][info][gc,heap     ] GC(0) Humongous regions: 0->0
[0.692s][info][gc,metaspace] GC(0) Metaspace: 20636K(21504K)->20636K(21504K) NonClass: 15889K(16000K)->15889K(16000K) Class: 4746K(5504K)->4746K(5504K)
[0.692s][info][gc          ] GC(0) Pause Young (Concurrent Start) (Metadata GC Threshold) 140M->3M(10240M) 4.862ms
[0.692s][info][gc,cpu      ] GC(0) User=0.02s Sys=0.01s Real=0.01s
[0.692s][info][gc          ] GC(1) Concurrent Mark Cycle
[0.692s][info][gc,marking  ] GC(1) Concurrent Scan Root Regions
[0.692s][info][metaspace   ] CLMS @0x00007f12f8713d10 : GC threshold increased: 22020096->22347776.
[0.694s][info][gc,marking  ] GC(1) Concurrent Scan Root Regions 1.916ms
[0.694s][info][gc,marking  ] GC(1) Concurrent Mark
[0.694s][info][gc,marking  ] GC(1) Concurrent Mark From Roots
[0.694s][info][gc,task     ] GC(1) Using 2 workers of 2 for marking
[0.695s][info][gc,marking  ] GC(1) Concurrent Mark From Roots 0.596ms
[0.695s][info][gc,marking  ] GC(1) Concurrent Preclean
[0.695s][info][gc,marking  ] GC(1) Concurrent Preclean 0.006ms
[0.695s][info][gc,start    ] GC(1) Pause Remark
[0.696s][info][gc          ] GC(1) Pause Remark 11M->11M(10240M) 0.694ms
[0.696s][info][gc,cpu      ] GC(1) User=0.00s Sys=0.00s Real=0.00s
[0.696s][info][gc,marking  ] GC(1) Concurrent Mark 1.394ms
[0.696s][info][gc,marking  ] GC(1) Concurrent Rebuild Remembered Sets and Scrub Regions
[0.696s][info][gc,marking  ] GC(1) Concurrent Rebuild Remembered Sets and Scrub Regions 0.064ms
[0.696s][info][gc,start    ] GC(1) Pause Cleanup
[0.696s][info][gc          ] GC(1) Pause Cleanup 11M->11M(10240M) 0.013ms
[0.696s][info][gc,cpu      ] GC(1) User=0.00s Sys=0.00s Real=0.00s
[0.696s][info][gc,marking  ] GC(1) Concurrent Clear Claimed Marks
[0.696s][info][gc,marking  ] GC(1) Concurrent Clear Claimed Marks 0.007ms
[0.696s][info][gc,marking  ] GC(1) Concurrent Cleanup for Next Mark
[0.709s][info][gc,marking  ] GC(1) Concurrent Cleanup for Next Mark 13.364ms
[0.709s][info][gc          ] GC(1) Concurrent Mark Cycle 17.036ms
Ladies and gentlemen, this is your Controller speaking.
     1s: We are delighted in having you for benchmark run today.
     1s: 
     1s: Binary log file is ./specjbb2015-C-20240522-00001.data.gz
     1s: 
     1s: Performing handshake with all agents ...
     1s: 
     1s:  Agent Group1.TxInjector.CompositeTxInjector has attached to Controller
     1s:  Agent Group1.Backend.CompositeBackend has attached to Controller
     1s: 
     1s: All agents have connected.
     1s: 
     1s: Attached agents info:

Group "Group1"
    TxInjectors:
        CompositeTxInjector, includes { Driver } @ [local in-Java link]
    Backends:
        CompositeBackend, includes { SM(2),SP(2) } @ [local in-Java link]

     1s: Initializing... (init[1.519s][info][gc,start    ] GC(2) Pause Young (Normal) (G1 Evacuation Pause)
[1.519s][info][gc,task     ] GC(2) Using 8 workers of 8 for evacuation
[1.595s][info][gc,phases   ] GC(2)   Pre Evacuate Collection Set: 0.21ms
[1.595s][info][gc,phases   ] GC(2)   Merge Heap Roots: 0.04ms
[1.595s][info][gc,phases   ] GC(2)   Evacuate Collection Set: 75.29ms
[1.595s][info][gc,phases   ] GC(2)   Post Evacuate Collection Set: 0.70ms
[1.595s][info][gc,phases   ] GC(2)   Other: 0.06ms
[1.595s][info][gc,heap     ] GC(2) Eden regions: 63->0(56)
[1.595s][info][gc,heap     ] GC(2) Survivor regions: 1->8(8)
[1.595s][info][gc,heap     ] GC(2) Old regions: 0->11
[1.595s][info][gc,heap     ] GC(2) Humongous regions: 3->3
[1.595s][info][gc,metaspace] GC(2) Metaspace: 27074K(28160K)->27074K(28160K) NonClass: 20814K(20992K)->20814K(20992K) Class: 6259K(7168K)->6259K(7168K)
[1.595s][info][gc          ] GC(2) Pause Young (Normal) (G1 Evacuation Pause) 531M->170M(10240M) 76.428ms
[1.595s][info][gc,cpu      ] GC(2) User=0.40s Sys=0.17s Real=0.08s
[1.804s][info][gc,start    ] GC(3) Pause Young (Normal) (G1 Evacuation Pause)
[1.804s][info][gc,task     ] GC(3) Using 8 workers of 8 for evacuation
[1.951s][info][gc,phases   ] GC(3)   Pre Evacuate Collection Set: 0.22ms
[1.951s][info][gc,phases   ] GC(3)   Merge Heap Roots: 0.11ms
[1.951s][info][gc,phases   ] GC(3)   Evacuate Collection Set: 146.75ms
[1.951s][info][gc,phases   ] GC(3)   Post Evacuate Collection Set: 0.48ms
[1.951s][info][gc,phases   ] GC(3)   Other: 0.05ms
[1.951s][info][gc,heap     ] GC(3) Eden regions: 56->0(56)
[1.951s][info][gc,heap     ] GC(3) Survivor regions: 8->8(8)
[1.951s][info][gc,heap     ] GC(3) Old regions: 11->55
[1.951s][info][gc,heap     ] GC(3) Humongous regions: 3->3
[1.951s][info][gc,metaspace] GC(3) Metaspace: 27106K(28224K)->27106K(28224K) NonClass: 20846K(21056K)->20846K(21056K) Class: 6259K(7168K)->6259K(7168K)
[1.951s][info][gc          ] GC(3) Pause Young (Normal) (G1 Evacuation Pause) 618M->524M(10240M) 147.739ms
[1.951s][info][gc,cpu      ] GC(3) User=1.10s Sys=0.06s Real=0.14s
[2.333s][info][gc,start    ] GC(4) Pause Young (Normal) (G1 Evacuation Pause)
[2.333s][info][gc,task     ] GC(4) Using 8 workers of 8 for evacuation
[2.476s][info][gc,phases   ] GC(4)   Pre Evacuate Collection Set: 0.20ms
[2.476s][info][gc,phases   ] GC(4)   Merge Heap Roots: 0.05ms
[2.476s][info][gc,phases   ] GC(4)   Evacuate Collection Set: 141.99ms
[2.476s][info][gc,phases   ] GC(4)   Post Evacuate Collection Set: 0.21ms
[2.476s][info][gc,phases   ] GC(4)   Other: 0.05ms
[2.476s][info][gc,heap     ] GC(4) Eden regions: 56->0(56)
[2.476s][info][gc,heap     ] GC(4) Survivor regions: 8->8(8)
[2.476s][info][gc,heap     ] GC(4) Old regions: 55->95
[2.476s][info][gc,heap     ] GC(4) Humongous regions: 3->3
[2.476s][info][gc,metaspace] GC(4) Metaspace: 27162K(28224K)->27162K(28224K) NonClass: 20900K(21056K)->20900K(21056K) Class: 6262K(7168K)->6262K(7168K)
[2.476s][info][gc          ] GC(4) Pause Young (Normal) (G1 Evacuation Pause) 972M->844M(10240M) 142.648ms
[2.476s][info][gc,cpu      ] GC(4) User=1.06s Sys=0.06s Real=0.14s
) OK
     2s: 
     2s: Check whether properties are compliant
     2s: (validation=PASSED) Property settings are COMPLIANT.
     2s: 
     2s: Searching for high-bound for max-jOPS possible for this system
     2s: Searching from base IR = 100
     2s:       rampup IR =      0 [reconfig (term) [2.921s][info][gc,start    ] GC(5) Pause Full (System.gc())
[2.921s][info][gc,task     ] GC(5) Using 8 workers of 8 for full compaction
[2.921s][info][gc,phases,start] GC(5) Phase 1: Mark live objects
[2.935s][info][gc,phases      ] GC(5) Phase 1: Mark live objects 14.427ms
[2.935s][info][gc,phases,start] GC(5) Phase 2: Prepare compaction
[2.940s][info][gc,phases      ] GC(5) Phase 2: Prepare compaction 4.766ms
[2.940s][info][gc,phases,start] GC(5) Phase 3: Adjust pointers
[2.949s][info][gc,phases      ] GC(5) Phase 3: Adjust pointers 9.112ms
[2.949s][info][gc,phases,start] GC(5) Phase 4: Compact heap
[2.955s][info][gc,phases      ] GC(5) Phase 4: Compact heap 6.055ms
[2.955s][info][gc,phases,start] GC(5) Phase 5: Reset Metadata
[2.959s][info][gc,phases      ] GC(5) Phase 5: Reset Metadata 3.680ms
[2.969s][info][gc,heap        ] GC(5) Eden regions: 40->0(64)
[2.969s][info][gc,heap        ] GC(5) Survivor regions: 8->0(8)
[2.969s][info][gc,heap        ] GC(5) Old regions: 95->12
[2.969s][info][gc,heap        ] GC(5) Humongous regions: 3->3
[2.969s][info][gc,metaspace   ] GC(5) Metaspace: 27766K(29056K)->27766K(29056K) NonClass: 21151K(21376K)->21151K(21376K) Class: 6614K(7680K)->6614K(7680K)
[2.969s][info][gc             ] GC(5) Pause Full (System.gc()) 1159M->89M(10240M) 48.444ms
[2.969s][info][gc,cpu         ] GC(5) User=0.30s Sys=0.01s Real=0.05s
(init[3.304s][info][gc,start       ] GC(6) Pause Young (Normal) (G1 Evacuation Pause)
[3.304s][info][gc,task        ] GC(6) Using 8 workers of 8 for evacuation
[3.432s][info][gc,phases      ] GC(6)   Pre Evacuate Collection Set: 0.22ms
[3.432s][info][gc,phases      ] GC(6)   Merge Heap Roots: 0.05ms
[3.432s][info][gc,phases      ] GC(6)   Evacuate Collection Set: 126.84ms
[3.432s][info][gc,phases      ] GC(6)   Post Evacuate Collection Set: 0.46ms
[3.432s][info][gc,phases      ] GC(6)   Other: 0.06ms
[3.432s][info][gc,heap        ] GC(6) Eden regions: 64->0(56)
[3.432s][info][gc,heap        ] GC(6) Survivor regions: 0->8(8)
[3.432s][info][gc,heap        ] GC(6) Old regions: 12->55
[3.432s][info][gc,heap        ] GC(6) Humongous regions: 3->3
[3.432s][info][gc,metaspace   ] GC(6) Metaspace: 27767K(29056K)->27767K(29056K) NonClass: 21152K(21376K)->21152K(21376K) Class: 6614K(7680K)->6614K(7680K)
[3.432s][info][gc             ] GC(6) Pause Young (Normal) (G1 Evacuation Pause) 601M->497M(10240M) 127.752ms
[3.432s][info][gc,cpu         ] GC(6) User=1.00s Sys=0.00s Real=0.13s
[3.664s][info][gc,start       ] GC(7) Pause Young (Normal) (G1 Evacuation Pause)
[3.664s][info][gc,task        ] GC(7) Using 8 workers of 8 for evacuation
[3.764s][info][gc,phases      ] GC(7)   Pre Evacuate Collection Set: 0.20ms
[3.764s][info][gc,phases      ] GC(7)   Merge Heap Roots: 0.25ms
[3.764s][info][gc,phases      ] GC(7)   Evacuate Collection Set: 99.94ms
[3.764s][info][gc,phases      ] GC(7)   Post Evacuate Collection Set: 0.31ms
[3.764s][info][gc,phases      ] GC(7)   Other: 0.06ms
[3.764s][info][gc,heap        ] GC(7) Eden regions: 56->0(56)
[3.764s][info][gc,heap        ] GC(7) Survivor regions: 8->8(8)
[3.764s][info][gc,heap        ] GC(7) Old regions: 55->84
[3.764s][info][gc,heap        ] GC(7) Humongous regions: 3->3
[3.764s][info][gc,metaspace   ] GC(7) Metaspace: 27776K(29056K)->27776K(29056K) NonClass: 21161K(21376K)->21161K(21376K) Class: 6614K(7680K)->6614K(7680K)
[3.765s][info][gc             ] GC(7) Pause Young (Normal) (G1 Evacuation Pause) 945M->725M(10240M) 100.902ms
[3.765s][info][gc,cpu         ] GC(7) User=0.79s Sys=0.00s Real=0.10s
) ] ... (rIR:aIR:PR = 0:0:0) (tPR = 0) [OK] 
     6s:       rampup IR =     10 ..[9.147s][info][gc,start       ] GC(8) Pause Young (Normal) (G1 Evacuation Pause)
[9.147s][info][gc,task        ] GC(8) Using 8 workers of 8 for evacuation
[9.237s][info][gc,phases      ] GC(8)   Pre Evacuate Collection Set: 0.23ms
[9.237s][info][gc,phases      ] GC(8)   Merge Heap Roots: 0.12ms
[9.238s][info][gc,phases      ] GC(8)   Evacuate Collection Set: 89.26ms
[9.238s][info][gc,phases      ] GC(8)   Post Evacuate Collection Set: 0.43ms
[9.238s][info][gc,phases      ] GC(8)   Other: 0.05ms
[9.238s][info][gc,heap        ] GC(8) Eden regions: 56->0(56)
[9.238s][info][gc,heap        ] GC(8) Survivor regions: 8->8(8)
[9.238s][info][gc,heap        ] GC(8) Old regions: 84->103
[9.238s][info][gc,heap        ] GC(8) Humongous regions: 3->3
[9.238s][info][gc,metaspace   ] GC(8) Metaspace: 29048K(30336K)->29048K(30336K) NonClass: 22267K(22464K)->22267K(22464K) Class: 6780K(7872K)->6780K(7872K)
[9.238s][info][gc             ] GC(8) Pause Young (Normal) (G1 Evacuation Pause) 1173M->881M(10240M) 90.216ms
[9.238s][info][gc,cpu         ] GC(8) User=0.70s Sys=0.01s Real=0.09s
. (rIR:aIR:PR = 10:11:11) (tPR = 850) [OK] 
     9s:       rampup IR =     20 ... (rIR:aIR:PR = 20:21:21) (tPR = 1553) [OK] 
    12s:       rampup IR =     30 .... (rIR:aIR:PR = 30:27:27) (tPR = 1942) [OK] 
    16s:       rampup IR =     40 .... (rIR:aIR:PR = 40:41:41) (tPR = 2951) [OK] 
    20s:       rampup IR =     50 .... (rIR:aIR:PR = 50:51:50) (tPR = 3159) [OK] 
    24s:       rampup IR =     60 .... (rIR:aIR:PR = 60:65:63) (tPR = 4053) [OK] 
    28s:       rampup IR =     70 .... (rIR:aIR:PR = 70:73:71) (tPR = 4149) [OK] 
    32s:       rampup IR =     80 .... (rIR:aIR:PR = 80:82:81) (tPR = 4313) [OK] 
    36s:       rampup IR =     90 .... (rIR:aIR:PR = 90:90:88) (tPR = 4585) [OK] 
    40s:       rampup IR =    100 .... (rIR:aIR:PR = 100:102:100) (tPR = 4229) [OK] 
    44s:    snapshot, IR =    100 ..[47.474s][info][gc,start       ] GC(9) Pause Young (Normal) (G1 Evacuation Pause)
[47.474s][info][gc,task        ] GC(9) Using 8 workers of 8 for evacuation
[47.520s][info][gc,phases      ] GC(9)   Pre Evacuate Collection Set: 0.29ms
[47.520s][info][gc,phases      ] GC(9)   Merge Heap Roots: 0.34ms
[47.520s][info][gc,phases      ] GC(9)   Evacuate Collection Set: 44.70ms
[47.520s][info][gc,phases      ] GC(9)   Post Evacuate Collection Set: 0.42ms
[47.520s][info][gc,phases      ] GC(9)   Other: 0.06ms
[47.520s][info][gc,heap        ] GC(9) Eden regions: 56->0(59)
[47.520s][info][gc,heap        ] GC(9) Survivor regions: 8->5(8)
[47.520s][info][gc,heap        ] GC(9) Old regions: 103->114
[47.520s][info][gc,heap        ] GC(9) Humongous regions: 3->3
[47.520s][info][gc,metaspace   ] GC(9) Metaspace: 30298K(31744K)->30298K(31744K) NonClass: 23113K(23296K)->23113K(23296K) Class: 7184K(8448K)->7184K(8448K)
[47.520s][info][gc             ] GC(9) Pause Young (Normal) (G1 Evacuation Pause) 1329M->936M(10240M) 45.973ms
[47.520s][info][gc,cpu         ] GC(9) User=0.34s Sys=0.01s Real=0.04s
..|.......................[73.064s][info][gc,start       ] GC(10) Pause Young (Normal) (G1 Evacuation Pause)
[73.064s][info][gc,task        ] GC(10) Using 8 workers of 8 for evacuation
[73.089s][info][gc,phases      ] GC(10)   Pre Evacuate Collection Set: 0.26ms
[73.089s][info][gc,phases      ] GC(10)   Merge Heap Roots: 0.20ms
[73.089s][info][gc,phases      ] GC(10)   Evacuate Collection Set: 23.80ms
[73.089s][info][gc,phases      ] GC(10)   Post Evacuate Collection Set: 0.42ms
[73.089s][info][gc,phases      ] GC(10)   Other: 0.06ms
[73.089s][info][gc,heap        ] GC(10) Eden regions: 59->0(56)
[73.089s][info][gc,heap        ] GC(10) Survivor regions: 5->8(8)
[73.089s][info][gc,heap        ] GC(10) Old regions: 114->114
[73.089s][info][gc,heap        ] GC(10) Humongous regions: 3->3
[73.089s][info][gc,metaspace   ] GC(10) Metaspace: 32583K(34240K)->32583K(34240K) NonClass: 24901K(25152K)->24901K(25152K) Class: 7681K(9088K)->7681K(9088K)
[73.089s][info][gc             ] GC(10) Pause Young (Normal) (G1 Evacuation Pause) 1408M->962M(10240M) 24.865ms
[73.089s][info][gc,cpu         ] GC(10) User=0.19s Sys=0.00s Real=0.02s
....... (rIR:aIR:PR = 100:100:98) (tPR = 3221) [OK] 
    79s: Performing snapshot: (quiescence.....) (stop TxI) (stop BE) (saving... 103296 Kb) (term) [86.292s][info][gc,start       ] GC(11) Pause Full (System.gc())
[86.292s][info][gc,task        ] GC(11) Using 8 workers of 8 for full compaction
[86.292s][info][gc,phases,start] GC(11) Phase 1: Mark live objects
[86.307s][info][gc,phases      ] GC(11) Phase 1: Mark live objects 15.032ms
[86.307s][info][gc,phases,start] GC(11) Phase 2: Prepare compaction
[86.311s][info][gc,phases      ] GC(11) Phase 2: Prepare compaction 3.913ms
[86.311s][info][gc,phases,start] GC(11) Phase 3: Adjust pointers
[86.319s][info][gc,phases      ] GC(11) Phase 3: Adjust pointers 8.218ms
[86.319s][info][gc,phases,start] GC(11) Phase 4: Compact heap
[86.324s][info][gc,phases      ] GC(11) Phase 4: Compact heap 4.233ms
[86.324s][info][gc,phases,start] GC(11) Phase 5: Reset Metadata
[86.327s][info][gc,phases      ] GC(11) Phase 5: Reset Metadata 3.657ms
[86.338s][info][gc,heap        ] GC(11) Eden regions: 39->0(64)
[86.338s][info][gc,heap        ] GC(11) Survivor regions: 8->0(8)
[86.338s][info][gc,heap        ] GC(11) Old regions: 114->12
[86.338s][info][gc,heap        ] GC(11) Humongous regions: 77->18
[86.339s][info][gc,metaspace   ] GC(11) Metaspace: 32810K(34432K)->32810K(34432K) NonClass: 25089K(25344K)->25089K(25344K) Class: 7720K(9088K)->7720K(9088K)
[86.339s][info][gc             ] GC(11) Pause Full (System.gc()) 1865M->211M(10240M) 46.741ms
[86.339s][info][gc,cpu         ] GC(11) User=0.29s Sys=0.00s Real=0.04s
(init[86.945s][info][gc,start       ] GC(12) Pause Young (Normal) (G1 Evacuation Pause)
[86.945s][info][gc,task        ] GC(12) Using 8 workers of 8 for evacuation
[87.050s][info][gc,phases      ] GC(12)   Pre Evacuate Collection Set: 0.22ms
[87.050s][info][gc,phases      ] GC(12)   Merge Heap Roots: 0.14ms
[87.050s][info][gc,phases      ] GC(12)   Evacuate Collection Set: 104.36ms
[87.050s][info][gc,phases      ] GC(12)   Post Evacuate Collection Set: 0.32ms
[87.050s][info][gc,phases      ] GC(12)   Other: 0.05ms
[87.050s][info][gc,heap        ] GC(12) Eden regions: 64->0(56)
[87.050s][info][gc,heap        ] GC(12) Survivor regions: 0->8(8)
[87.050s][info][gc,heap        ] GC(12) Old regions: 12->24
[87.050s][info][gc,heap        ] GC(12) Humongous regions: 24->24
[87.050s][info][gc,metaspace   ] GC(12) Metaspace: 33056K(34752K)->33056K(34752K) NonClass: 25159K(25408K)->25159K(25408K) Class: 7896K(9344K)->7896K(9344K)
[87.050s][info][gc             ] GC(12) Pause Young (Normal) (G1 Evacuation Pause) 771M->419M(10240M) 105.243ms
[87.050s][info][gc,cpu         ] GC(12) User=0.81s Sys=0.01s Real=0.10s
[87.323s][info][gc,start       ] GC(13) Pause Young (Normal) (G1 Evacuation Pause)
[87.323s][info][gc,task        ] GC(13) Using 8 workers of 8 for evacuation
[87.472s][info][gc,phases      ] GC(13)   Pre Evacuate Collection Set: 0.23ms
[87.473s][info][gc,phases      ] GC(13)   Merge Heap Roots: 0.30ms
[87.473s][info][gc,phases      ] GC(13)   Evacuate Collection Set: 147.69ms
[87.473s][info][gc,phases      ] GC(13)   Post Evacuate Collection Set: 0.30ms
[87.473s][info][gc,phases      ] GC(13)   Other: 0.76ms
[87.473s][info][gc,heap        ] GC(13) Eden regions: 56->0(56)
[87.473s][info][gc,heap        ] GC(13) Survivor regions: 8->8(8)
[87.473s][info][gc,heap        ] GC(13) Old regions: 24->57
[87.473s][info][gc,heap        ] GC(13) Humongous regions: 28->28
[87.473s][info][gc,metaspace   ] GC(13) Metaspace: 33126K(34880K)->33126K(34880K) NonClass: 25174K(25408K)->25174K(25408K) Class: 7951K(9472K)->7951K(9472K)
[87.473s][info][gc             ] GC(13) Pause Young (Normal) (G1 Evacuation Pause) 899M->715M(10240M) 149.409ms
[87.473s][info][gc,cpu         ] GC(13) User=1.17s Sys=0.00s Real=0.15s
[88.070s][info][gc,start       ] GC(14) Pause Young (Normal) (G1 Evacuation Pause)
[88.070s][info][gc,task        ] GC(14) Using 8 workers of 8 for evacuation
[88.193s][info][gc,phases      ] GC(14)   Pre Evacuate Collection Set: 0.24ms
[88.193s][info][gc,phases      ] GC(14)   Merge Heap Roots: 0.32ms
[88.193s][info][gc,phases      ] GC(14)   Evacuate Collection Set: 121.65ms
[88.193s][info][gc,phases      ] GC(14)   Post Evacuate Collection Set: 0.36ms
[88.193s][info][gc,phases      ] GC(14)   Other: 0.05ms
[88.193s][info][gc,heap        ] GC(14) Eden regions: 56->0(56)
[88.193s][info][gc,heap        ] GC(14) Survivor regions: 8->8(8)
[88.193s][info][gc,heap        ] GC(14) Old regions: 57->81
[88.193s][info][gc,heap        ] GC(14) Humongous regions: 35->35
[88.193s][info][gc,metaspace   ] GC(14) Metaspace: 33157K(34880K)->33157K(34880K) NonClass: 25183K(25408K)->25183K(25408K) Class: 7973K(9472K)->7973K(9472K)
[88.193s][info][gc             ] GC(14) Pause Young (Normal) (G1 Evacuation Pause) 1219M->959M(10240M) 122.746ms
[88.193s][info][gc,cpu         ] GC(14) User=0.96s Sys=0.00s Real=0.13s
[88.249s][info][gc,start       ] GC(15) Pause Young (Normal) (G1 Evacuation Pause)
[88.249s][info][gc,task        ] GC(15) Using 8 workers of 8 for evacuation
[88.405s][info][gc,phases      ] GC(15)   Pre Evacuate Collection Set: 0.25ms
[88.405s][info][gc,phases      ] GC(15)   Merge Heap Roots: 0.20ms
[88.405s][info][gc,phases      ] GC(15)   Evacuate Collection Set: 155.03ms
[88.405s][info][gc,phases      ] GC(15)   Post Evacuate Collection Set: 0.22ms
[88.405s][info][gc,phases      ] GC(15)   Other: 0.06ms
[88.405s][info][gc,heap        ] GC(15) Eden regions: 56->0(56)
[88.405s][info][gc,heap        ] GC(15) Survivor regions: 8->8(8)
[88.405s][info][gc,heap        ] GC(15) Old regions: 81->131
[88.405s][info][gc,heap        ] GC(15) Humongous regions: 35->35
[88.405s][info][gc,metaspace   ] GC(15) Metaspace: 33157K(34880K)->33157K(34880K) NonClass: 25183K(25408K)->25183K(25408K) Class: 7973K(9472K)->7973K(9472K)
[88.405s][info][gc             ] GC(15) Pause Young (Normal) (G1 Evacuation Pause) 1407M->1359M(10240M) 155.901ms
[88.405s][info][gc,cpu         ] GC(15) User=1.21s Sys=0.02s Real=0.16s
) ...
    91s:       rampup IR =      0 ... (rIR:aIR:PR = 0:0:0) (tPR = 0) [OK] 
    94s:       rampup IR =     10 ... (rIR:aIR:PR = 10:11:11) (tPR = 232) [OK] 
    97s:       rampup IR =     20 ... (rIR:aIR:PR = 20:19:19) (tPR = 390) [OK] 
   100s:       rampup IR =     30 .... (rIR:aIR:PR = 30:31:31) (tPR = 747) [OK] 
   104s:       rampup IR =     40 .... (rIR:aIR:PR = 40:37:37) (tPR = 1036) [OK] 
   108s:       rampup IR =     50 .... (rIR:aIR:PR = 50:47:47) (tPR = 1135) [OK] 
   112s:       rampup IR =     60 .... (rIR:aIR:PR = 60:61:59) (tPR = 1486) [OK] 
   116s:       rampup IR =     70 .... (rIR:aIR:PR = 70:75:74) (tPR = 1666) [OK] 
   120s:       rampup IR =     80 .... (rIR:aIR:PR = 80:80:78) (tPR = 1593) [OK] 
   124s:       rampup IR =     90 .... (rIR:aIR:PR = 90:91:89) (tPR = 1908) [OK] 
   128s:       rampup IR =    100 .... (rIR:aIR:PR = 100:103:100) (tPR = 1782) [OK] 
   132s:       trying IR =    200 .... (rIR:aIR:PR = 200:202:197) (tPR = 4313) [OK] 
   136s:       trying IR =    220 [136.944s][info][gc,start       ] GC(16) Pause Young (Normal) (G1 Evacuation Pause)
[136.944s][info][gc,task        ] GC(16) Using 8 workers of 8 for evacuation
[137.011s][info][gc,phases      ] GC(16)   Pre Evacuate Collection Set: 0.26ms
[137.011s][info][gc,phases      ] GC(16)   Merge Heap Roots: 0.41ms
[137.011s][info][gc,phases      ] GC(16)   Evacuate Collection Set: 66.31ms
[137.011s][info][gc,phases      ] GC(16)   Post Evacuate Collection Set: 0.42ms
[137.011s][info][gc,phases      ] GC(16)   Other: 0.06ms
[137.011s][info][gc,heap        ] GC(16) Eden regions: 56->0(56)
[137.011s][info][gc,heap        ] GC(16) Survivor regions: 8->8(8)
[137.011s][info][gc,heap        ] GC(16) Old regions: 131->147
[137.011s][info][gc,heap        ] GC(16) Humongous regions: 35->35
[137.011s][info][gc,metaspace   ] GC(16) Metaspace: 33311K(35072K)->33311K(35072K) NonClass: 25337K(25600K)->25337K(25600K) Class: 7973K(9472K)->7973K(9472K)
[137.011s][info][gc             ] GC(16) Pause Young (Normal) (G1 Evacuation Pause) 1807M->1491M(10240M) 67.591ms
[137.011s][info][gc,cpu         ] GC(16) User=0.53s Sys=0.00s Real=0.06s
..... (rIR:aIR:PR = 220:227:222) (tPR = 4273) [OK] 
   141s:       trying IR =    244 .... (rIR:aIR:PR = 244:245:240) (tPR = 4430) [OK] 
   145s:       trying IR =    273 .... (rIR:aIR:PR = 273:271:267) (tPR = 5347) [OK] 
   149s:       trying IR =    307 .[151.029s][info][gc,start       ] GC(17) Pause Young (Normal) (G1 Evacuation Pause)
[151.029s][info][gc,task        ] GC(17) Using 8 workers of 8 for evacuation
[151.072s][info][gc,phases      ] GC(17)   Pre Evacuate Collection Set: 0.25ms
[151.072s][info][gc,phases      ] GC(17)   Merge Heap Roots: 0.44ms
[151.072s][info][gc,phases      ] GC(17)   Evacuate Collection Set: 41.68ms
[151.072s][info][gc,phases      ] GC(17)   Post Evacuate Collection Set: 0.40ms
[151.072s][info][gc,phases      ] GC(17)   Other: 0.05ms
[151.072s][info][gc,heap        ] GC(17) Eden regions: 56->0(59)
[151.072s][info][gc,heap        ] GC(17) Survivor regions: 8->5(8)
[151.072s][info][gc,heap        ] GC(17) Old regions: 147->157
[151.072s][info][gc,heap        ] GC(17) Humongous regions: 35->35
[151.072s][info][gc,metaspace   ] GC(17) Metaspace: 33407K(35136K)->33407K(35136K) NonClass: 25431K(25664K)->25431K(25664K) Class: 7975K(9472K)->7975K(9472K)
[151.072s][info][gc             ] GC(17) Pause Young (Normal) (G1 Evacuation Pause) 1939M->1542M(10240M) 42.947ms
[151.072s][info][gc,cpu         ] GC(17) User=0.33s Sys=0.00s Real=0.05s
... (rIR:aIR:PR = 307:308:302) (tPR = 5743) [OK] 
   153s:       trying IR =    349 .... (rIR:aIR:PR = 349:341:333) (tPR = 6576) [OK] 
   157s:       trying IR =    399 .[159.487s][info][gc,start       ] GC(18) Pause Young (Normal) (G1 Evacuation Pause)
[159.487s][info][gc,task        ] GC(18) Using 8 workers of 8 for evacuation
[159.517s][info][gc,phases      ] GC(18)   Pre Evacuate Collection Set: 0.26ms
[159.517s][info][gc,phases      ] GC(18)   Merge Heap Roots: 0.37ms
[159.517s][info][gc,phases      ] GC(18)   Evacuate Collection Set: 28.57ms
[159.517s][info][gc,phases      ] GC(18)   Post Evacuate Collection Set: 0.41ms
[159.517s][info][gc,phases      ] GC(18)   Other: 0.05ms
[159.517s][info][gc,heap        ] GC(18) Eden regions: 59->0(56)
[159.517s][info][gc,heap        ] GC(18) Survivor regions: 5->8(8)
[159.517s][info][gc,heap        ] GC(18) Old regions: 157->157
[159.517s][info][gc,heap        ] GC(18) Humongous regions: 35->35
[159.517s][info][gc,metaspace   ] GC(18) Metaspace: 33433K(35136K)->33433K(35136K) NonClass: 25458K(25664K)->25458K(25664K) Class: 7975K(9472K)->7975K(9472K)
[159.517s][info][gc             ] GC(18) Pause Young (Normal) (G1 Evacuation Pause) 2014M->1568M(10240M) 29.787ms
[159.517s][info][gc,cpu         ] GC(18) User=0.23s Sys=0.00s Real=0.03s
... (rIR:aIR:PR = 399:401:393) (tPR = 7268) [OK] 
   161s:       trying IR =    458 ...[165.442s][info][gc,start       ] GC(19) Pause Young (Normal) (G1 Evacuation Pause)
[165.442s][info][gc,task        ] GC(19) Using 8 workers of 8 for evacuation
[165.481s][info][gc,phases      ] GC(19)   Pre Evacuate Collection Set: 0.26ms
[165.481s][info][gc,phases      ] GC(19)   Merge Heap Roots: 0.36ms
[165.481s][info][gc,phases      ] GC(19)   Evacuate Collection Set: 37.70ms
[165.481s][info][gc,phases      ] GC(19)   Post Evacuate Collection Set: 0.40ms
[165.481s][info][gc,phases      ] GC(19)   Other: 0.05ms
[165.481s][info][gc,heap        ] GC(19) Eden regions: 56->0(73)
[165.481s][info][gc,heap        ] GC(19) Survivor regions: 8->7(8)
[165.481s][info][gc,heap        ] GC(19) Old regions: 157->161
[165.481s][info][gc,heap        ] GC(19) Humongous regions: 35->35
[165.481s][info][gc,metaspace   ] GC(19) Metaspace: 33532K(35328K)->33532K(35328K) NonClass: 25501K(25792K)->25501K(25792K) Class: 8030K(9536K)->8030K(9536K)
[165.481s][info][gc             ] GC(19) Pause Young (Normal) (G1 Evacuation Pause) 2016M->1593M(10240M) 38.904ms
[165.481s][info][gc,cpu         ] GC(19) User=0.29s Sys=0.01s Real=0.03s
. (rIR:aIR:PR = 458:462:453) (tPR = 8986) [OK] 
   165s:       trying IR =    530 ..... (rIR:aIR:PR = 530:533:520) (tPR = 9260) [OK] 
   170s:       trying IR =    616 .[172.170s][info][gc,start       ] GC(20) Pause Young (Normal) (G1 Evacuation Pause)
[172.170s][info][gc,task        ] GC(20) Using 8 workers of 8 for evacuation
[172.211s][info][gc,phases      ] GC(20)   Pre Evacuate Collection Set: 0.29ms
[172.211s][info][gc,phases      ] GC(20)   Merge Heap Roots: 0.28ms
[172.211s][info][gc,phases      ] GC(20)   Evacuate Collection Set: 39.80ms
[172.211s][info][gc,phases      ] GC(20)   Post Evacuate Collection Set: 0.45ms
[172.211s][info][gc,phases      ] GC(20)   Other: 0.06ms
[172.211s][info][gc,heap        ] GC(20) Eden regions: 79->0(167)
[172.211s][info][gc,heap        ] GC(20) Survivor regions: 7->8(11)
[172.211s][info][gc,heap        ] GC(20) Old regions: 161->165
[172.211s][info][gc,heap        ] GC(20) Humongous regions: 35->35
[172.211s][info][gc,metaspace   ] GC(20) Metaspace: 33565K(35328K)->33565K(35328K) NonClass: 25535K(25792K)->25535K(25792K) Class: 8030K(9536K)->8030K(9536K)
[172.211s][info][gc             ] GC(20) Pause Young (Normal) (G1 Evacuation Pause) 2225M->1625M(10240M) 41.008ms
[172.211s][info][gc,cpu         ] GC(20) User=0.29s Sys=0.03s Real=0.04s
... (rIR:aIR:PR = 616:622:609) (tPR = 11284) [OK] 
   174s:       trying IR =    719 .... (rIR:aIR:PR = 719:714:698) (tPR = 12281) [OK] 
   178s:       trying IR =    843 .... (rIR:aIR:PR = 843:844:826) (tPR = 13847) [OK] 
   182s:       trying IR =    992 .[183.813s][info][gc,start       ] GC(21) Pause Young (Normal) (G1 Evacuation Pause)
[183.813s][info][gc,task        ] GC(21) Using 8 workers of 8 for evacuation
[183.873s][info][gc,phases      ] GC(21)   Pre Evacuate Collection Set: 0.28ms
[183.873s][info][gc,phases      ] GC(21)   Merge Heap Roots: 0.31ms
[183.873s][info][gc,phases      ] GC(21)   Evacuate Collection Set: 58.89ms
[183.873s][info][gc,phases      ] GC(21)   Post Evacuate Collection Set: 0.62ms
[183.873s][info][gc,phases      ] GC(21)   Other: 0.07ms
[183.873s][info][gc,heap        ] GC(21) Eden regions: 185->0(229)
[183.873s][info][gc,heap        ] GC(21) Survivor regions: 8->17(25)
[183.873s][info][gc,heap        ] GC(21) Old regions: 165->165
[183.873s][info][gc,heap        ] GC(21) Humongous regions: 35->35
[183.873s][info][gc,metaspace   ] GC(21) Metaspace: 33669K(35520K)->33669K(35520K) NonClass: 25583K(25856K)->25583K(25856K) Class: 8085K(9664K)->8085K(9664K)
[183.873s][info][gc             ] GC(21) Pause Young (Normal) (G1 Evacuation Pause) 3105M->1700M(10240M) 60.313ms
[183.873s][info][gc,cpu         ] GC(21) User=0.44s Sys=0.03s Real=0.06s
... (rIR:aIR:PR = 992:1009:989) (tPR = 17932) [OK] 
   186s:       trying IR =   1170 .... (rIR:aIR:PR = 1170:1170:1158) (tPR = 19004) [OK] 
   190s:       trying IR =   1384 ..[193.434s][info][gc,start       ] GC(22) Pause Young (Normal) (G1 Evacuation Pause)
[193.434s][info][gc,task        ] GC(22) Using 8 workers of 8 for evacuation
[193.521s][info][gc,phases      ] GC(22)   Pre Evacuate Collection Set: 0.26ms
[193.521s][info][gc,phases      ] GC(22)   Merge Heap Roots: 0.31ms
[193.521s][info][gc,phases      ] GC(22)   Evacuate Collection Set: 85.76ms
[193.521s][info][gc,phases      ] GC(22)   Post Evacuate Collection Set: 0.63ms
[193.521s][info][gc,phases      ] GC(22)   Other: 0.07ms
[193.521s][info][gc,heap        ] GC(22) Eden regions: 237->0(218)
[193.521s][info][gc,heap        ] GC(22) Survivor regions: 17->27(32)
[193.521s][info][gc,heap        ] GC(22) Old regions: 165->165
[193.521s][info][gc,heap        ] GC(22) Humongous regions: 35->35
[193.521s][info][gc,metaspace   ] GC(22) Metaspace: 34102K(36096K)->34102K(36096K) NonClass: 25676K(25984K)->25676K(25984K) Class: 8426K(10112K)->8426K(10112K)
[193.521s][info][gc             ] GC(22) Pause Young (Normal) (G1 Evacuation Pause) 3596M->1776M(10240M) 87.151ms
[193.521s][info][gc,cpu         ] GC(22) User=0.66s Sys=0.03s Real=0.08s
.. (rIR:aIR:PR = 1384:1393:1379) (tPR = 23289) [OK] 
   194s:       trying IR =   1641 .... (rIR:aIR:PR = 1641:1623:1622) (tPR = 27322) [OK] 
   198s:       trying IR =   1949 .[199.972s][info][gc,start       ] GC(23) Pause Young (Normal) (G1 Evacuation Pause)
[199.972s][info][gc,task        ] GC(23) Using 8 workers of 8 for evacuation
[200.075s][info][gc,phases      ] GC(23)   Pre Evacuate Collection Set: 0.25ms
[200.075s][info][gc,phases      ] GC(23)   Merge Heap Roots: 0.32ms
[200.075s][info][gc,phases      ] GC(23)   Evacuate Collection Set: 102.12ms
[200.075s][info][gc,phases      ] GC(23)   Post Evacuate Collection Set: 0.60ms
[200.075s][info][gc,phases      ] GC(23)   Other: 0.06ms
[200.075s][info][gc,heap        ] GC(23) Eden regions: 224->0(224)
[200.075s][info][gc,heap        ] GC(23) Survivor regions: 27->24(32)
[200.075s][info][gc,heap        ] GC(23) Old regions: 165->176
[200.075s][info][gc,heap        ] GC(23) Humongous regions: 35->35
[200.075s][info][gc,metaspace   ] GC(23) Metaspace: 34142K(36096K)->34142K(36096K) NonClass: 25716K(25984K)->25716K(25984K) Class: 8426K(10112K)->8426K(10112K)
[200.075s][info][gc             ] GC(23) Pause Young (Normal) (G1 Evacuation Pause) 3568M->1842M(10240M) 103.466ms
[200.076s][info][gc,cpu         ] GC(23) User=0.79s Sys=0.02s Real=0.10s
... (rIR:aIR:PR = 1949:1905:1905) (tPR = 31794) [OK] 
   202s:       trying IR =   2319 ...[205.680s][info][gc,start       ] GC(24) Pause Young (Normal) (G1 Evacuation Pause)
[205.680s][info][gc,task        ] GC(24) Using 8 workers of 8 for evacuation
[205.778s][info][gc,phases      ] GC(24)   Pre Evacuate Collection Set: 0.32ms
[205.778s][info][gc,phases      ] GC(24)   Merge Heap Roots: 0.29ms
[205.778s][info][gc,phases      ] GC(24)   Evacuate Collection Set: 96.51ms
[205.778s][info][gc,phases      ] GC(24)   Post Evacuate Collection Set: 0.66ms
[205.778s][info][gc,phases      ] GC(24)   Other: 0.06ms
[205.778s][info][gc,heap        ] GC(24) Eden regions: 241->0(321)
[205.778s][info][gc,heap        ] GC(24) Survivor regions: 24->25(34)
[205.778s][info][gc,heap        ] GC(24) Old regions: 176->185
[205.778s][info][gc,heap        ] GC(24) Humongous regions: 35->35
[205.778s][info][gc,metaspace   ] GC(24) Metaspace: 34176K(36096K)->34176K(36096K) NonClass: 25749K(25984K)->25749K(25984K) Class: 8426K(10112K)->8426K(10112K)
[205.778s][info][gc             ] GC(24) Pause Young (Normal) (G1 Evacuation Pause) 3770M->1922M(10240M) 97.968ms
[205.778s][info][gc,cpu         ] GC(24) User=0.75s Sys=0.03s Real=0.10s
. (rIR:aIR:PR = 2319:2292:2292) (tPR = 37841) [OK] 
   206s:       trying IR =   2762 .... (rIR:aIR:PR = 2762:2775:2775) (tPR = 45192) [OK] 
   210s:       trying IR =   3295 .[212.207s][info][gc,start       ] GC(25) Pause Young (Normal) (G1 Evacuation Pause)
[212.207s][info][gc,task        ] GC(25) Using 8 workers of 8 for evacuation
[212.321s][info][gc,phases      ] GC(25)   Pre Evacuate Collection Set: 0.27ms
[212.321s][info][gc,phases      ] GC(25)   Merge Heap Roots: 0.33ms
[212.321s][info][gc,phases      ] GC(25)   Evacuate Collection Set: 112.56ms
[212.321s][info][gc,phases      ] GC(25)   Post Evacuate Collection Set: 0.80ms
[212.321s][info][gc,phases      ] GC(25)   Other: 0.08ms
[212.321s][info][gc,heap        ] GC(25) Eden regions: 327->0(323)
[212.321s][info][gc,heap        ] GC(25) Survivor regions: 25->29(44)
[212.321s][info][gc,heap        ] GC(25) Old regions: 185->193
[212.321s][info][gc,heap        ] GC(25) Humongous regions: 35->35
[212.321s][info][gc,metaspace   ] GC(25) Metaspace: 34714K(36864K)->34714K(36864K) NonClass: 25942K(26240K)->25942K(26240K) Class: 8772K(10624K)->8772K(10624K)
[212.321s][info][gc             ] GC(25) Pause Young (Normal) (G1 Evacuation Pause) 4538M->2022M(10240M) 114.162ms
[212.321s][info][gc,cpu         ] GC(25) User=0.85s Sys=0.05s Real=0.11s
... (rIR:aIR:PR = 3295:3282:3282) (tPR = 49852) [OK] 
   214s:       trying IR =   3934 ...[217.687s][info][gc,start       ] GC(26) Pause Young (Normal) (G1 Evacuation Pause)
[217.687s][info][gc,task        ] GC(26) Using 8 workers of 8 for evacuation
[217.801s][info][gc,phases      ] GC(26)   Pre Evacuate Collection Set: 0.26ms
[217.801s][info][gc,phases      ] GC(26)   Merge Heap Roots: 0.30ms
[217.801s][info][gc,phases      ] GC(26)   Evacuate Collection Set: 113.06ms
[217.801s][info][gc,phases      ] GC(26)   Post Evacuate Collection Set: 0.83ms
[217.801s][info][gc,phases      ] GC(26)   Other: 0.06ms
[217.801s][info][gc,heap        ] GC(26) Eden regions: 325->0(373)
[217.801s][info][gc,heap        ] GC(26) Survivor regions: 29->32(45)
[217.801s][info][gc,heap        ] GC(26) Old regions: 193->201
[217.801s][info][gc,heap        ] GC(26) Humongous regions: 35->35
[217.801s][info][gc,metaspace   ] GC(26) Metaspace: 35104K(37312K)->35104K(37312K) NonClass: 26211K(26496K)->26211K(26496K) Class: 8893K(10816K)->8893K(10816K)
[217.801s][info][gc             ] GC(26) Pause Young (Normal) (G1 Evacuation Pause) 4622M->2110M(10240M) 114.616ms
[217.801s][info][gc,cpu         ] GC(26) User=0.87s Sys=0.02s Real=0.11s
. (rIR:aIR:PR = 3934:3945:3944) (tPR = 59766) [OK] 
   218s:       trying IR =   4701 .... (rIR:aIR:PR = 4701:4713:4713) (tPR = 71132) [OK] 
   222s:       trying IR =   5621 [222.747s][info][gc,start       ] GC(27) Pause Young (Normal) (G1 Evacuation Pause)
[222.747s][info][gc,task        ] GC(27) Using 8 workers of 8 for evacuation
[222.878s][info][gc,phases      ] GC(27)   Pre Evacuate Collection Set: 0.27ms
[222.878s][info][gc,phases      ] GC(27)   Merge Heap Roots: 0.36ms
[222.878s][info][gc,phases      ] GC(27)   Evacuate Collection Set: 128.97ms
[222.878s][info][gc,phases      ] GC(27)   Post Evacuate Collection Set: 0.84ms
[222.878s][info][gc,phases      ] GC(27)   Other: 0.08ms
[222.878s][info][gc,heap        ] GC(27) Eden regions: 355->0(394)
[222.878s][info][gc,heap        ] GC(27) Survivor regions: 32->33(49)
[222.878s][info][gc,heap        ] GC(27) Old regions: 201->210
[222.878s][info][gc,heap        ] GC(27) Humongous regions: 35->35
[222.878s][info][gc,metaspace   ] GC(27) Metaspace: 35138K(37312K)->35138K(37312K) NonClass: 26244K(26496K)->26244K(26496K) Class: 8894K(10816K)->8894K(10816K)
[222.878s][info][gc             ] GC(27) Pause Young (Normal) (G1 Evacuation Pause) 4950M->2187M(10240M) 130.645ms
[222.878s][info][gc,cpu         ] GC(27) User=0.97s Sys=0.05s Real=0.13s
.... (rIR:aIR:PR = 5621:5630:5630) (tPR = 82532) [OK] 
   226s:       trying IR =   6725 [227.162s][info][gc,start       ] GC(28) Pause Young (Normal) (G1 Evacuation Pause)
[227.163s][info][gc,task        ] GC(28) Using 8 workers of 8 for evacuation
[227.300s][info][gc,phases      ] GC(28)   Pre Evacuate Collection Set: 0.27ms
[227.300s][info][gc,phases      ] GC(28)   Merge Heap Roots: 0.35ms
[227.300s][info][gc,phases      ] GC(28)   Evacuate Collection Set: 136.01ms
[227.300s][info][gc,phases      ] GC(28)   Post Evacuate Collection Set: 0.90ms
[227.300s][info][gc,phases      ] GC(28)   Other: 0.06ms
[227.300s][info][gc,heap        ] GC(28) Eden regions: 387->0(404)
[227.300s][info][gc,heap        ] GC(28) Survivor regions: 33->36(53)
[227.300s][info][gc,heap        ] GC(28) Old regions: 210->218
[227.300s][info][gc,heap        ] GC(28) Humongous regions: 35->35
[227.300s][info][gc,metaspace   ] GC(28) Metaspace: 35156K(37312K)->35156K(37312K) NonClass: 26262K(26496K)->26262K(26496K) Class: 8894K(10816K)->8894K(10816K)
[227.300s][info][gc             ] GC(28) Pause Young (Normal) (G1 Evacuation Pause) 5283M->2283M(10240M) 137.714ms
[227.300s][info][gc,cpu         ] GC(28) User=1.03s Sys=0.05s Real=0.13s
.... (rIR:aIR:PR = 6725:6700:6700) (tPR = 100012) [OK] 
   230s:       trying IR =   8050 [230.986s][info][gc,start       ] GC(29) Pause Young (Normal) (G1 Evacuation Pause)
[230.986s][info][gc,task        ] GC(29) Using 8 workers of 8 for evacuation
[231.119s][info][gc,phases      ] GC(29)   Pre Evacuate Collection Set: 0.29ms
[231.119s][info][gc,phases      ] GC(29)   Merge Heap Roots: 0.36ms
[231.119s][info][gc,phases      ] GC(29)   Evacuate Collection Set: 131.88ms
[231.119s][info][gc,phases      ] GC(29)   Post Evacuate Collection Set: 0.86ms
[231.119s][info][gc,phases      ] GC(29)   Other: 0.07ms
[231.119s][info][gc,heap        ] GC(29) Eden regions: 401->0(420)
[231.119s][info][gc,heap        ] GC(29) Survivor regions: 36->37(55)
[231.119s][info][gc,heap        ] GC(29) Old regions: 218->227
[231.119s][info][gc,heap        ] GC(29) Humongous regions: 35->35
[231.119s][info][gc,metaspace   ] GC(29) Metaspace: 35194K(37376K)->35194K(37376K) NonClass: 26300K(26560K)->26300K(26560K) Class: 8894K(10816K)->8894K(10816K)
[231.119s][info][gc             ] GC(29) Pause Young (Normal) (G1 Evacuation Pause) 5491M->2356M(10240M) 133.571ms
[231.119s][info][gc,cpu         ] GC(29) User=1.01s Sys=0.04s Real=0.13s
...[234.479s][info][gc,start       ] GC(30) Pause Young (Normal) (G1 Evacuation Pause)
[234.479s][info][gc,task        ] GC(30) Using 8 workers of 8 for evacuation
[234.614s][info][gc,phases      ] GC(30)   Pre Evacuate Collection Set: 0.28ms
[234.614s][info][gc,phases      ] GC(30)   Merge Heap Roots: 0.37ms
[234.614s][info][gc,phases      ] GC(30)   Evacuate Collection Set: 133.60ms
[234.614s][info][gc,phases      ] GC(30)   Post Evacuate Collection Set: 0.87ms
[234.614s][info][gc,phases      ] GC(30)   Other: 0.06ms
[234.614s][info][gc,heap        ] GC(30) Eden regions: 419->0(495)
[234.614s][info][gc,heap        ] GC(30) Survivor regions: 37->37(57)
[234.614s][info][gc,heap        ] GC(30) Old regions: 227->235
[234.614s][info][gc,heap        ] GC(30) Humongous regions: 35->35
[234.614s][info][gc,metaspace   ] GC(30) Metaspace: 35204K(37376K)->35204K(37376K) NonClass: 26310K(26560K)->26310K(26560K) Class: 8894K(10816K)->8894K(10816K)
[234.614s][info][gc             ] GC(30) Pause Young (Normal) (G1 Evacuation Pause) 5708M->2421M(10240M) 135.297ms
[234.614s][info][gc,cpu         ] GC(30) User=1.03s Sys=0.03s Real=0.14s
.... (rIR:aIR:PR = 8050:8056:8058) (tPR = 119823) [OK] 
   237s:       trying IR =   9640 [238.424s][info][gc,start       ] GC(31) Pause Young (Normal) (G1 Evacuation Pause)
[238.424s][info][gc,task        ] GC(31) Using 8 workers of 8 for evacuation
[238.579s][info][gc,phases      ] GC(31)   Pre Evacuate Collection Set: 0.28ms
[238.579s][info][gc,phases      ] GC(31)   Merge Heap Roots: 0.37ms
[238.579s][info][gc,phases      ] GC(31)   Evacuate Collection Set: 152.97ms
[238.579s][info][gc,phases      ] GC(31)   Post Evacuate Collection Set: 0.94ms
[238.579s][info][gc,phases      ] GC(31)   Other: 0.07ms
[238.579s][info][gc,heap        ] GC(31) Eden regions: 491->0(494)
[238.579s][info][gc,heap        ] GC(31) Survivor regions: 37->41(66)
[238.579s][info][gc,heap        ] GC(31) Old regions: 235->243
[238.579s][info][gc,heap        ] GC(31) Humongous regions: 35->35
[238.579s][info][gc,metaspace   ] GC(31) Metaspace: 35205K(37376K)->35205K(37376K) NonClass: 26311K(26560K)->26311K(26560K) Class: 8894K(10816K)->8894K(10816K)
[238.579s][info][gc             ] GC(31) Pause Young (Normal) (G1 Evacuation Pause) 6349M->2517M(10240M) 154.776ms
[238.579s][info][gc,cpu         ] GC(31) User=1.15s Sys=0.07s Real=0.15s
....[241.873s][info][gc,start       ] GC(32) Pause Young (Normal) (G1 Evacuation Pause)
[241.873s][info][gc,task        ] GC(32) Using 8 workers of 8 for evacuation
[242.019s][info][gc,phases      ] GC(32)   Pre Evacuate Collection Set: 0.27ms
[242.019s][info][gc,phases      ] GC(32)   Merge Heap Roots: 0.39ms
[242.019s][info][gc,phases      ] GC(32)   Evacuate Collection Set: 144.66ms
[242.019s][info][gc,phases      ] GC(32)   Post Evacuate Collection Set: 0.97ms
[242.019s][info][gc,phases      ] GC(32)   Other: 0.06ms
[242.019s][info][gc,heap        ] GC(32) Eden regions: 490->0(504)
[242.019s][info][gc,heap        ] GC(32) Survivor regions: 41->42(67)
[242.019s][info][gc,heap        ] GC(32) Old regions: 243->250
[242.019s][info][gc,heap        ] GC(32) Humongous regions: 35->35
[242.019s][info][gc,metaspace   ] GC(32) Metaspace: 35253K(37440K)->35253K(37440K) NonClass: 26348K(26624K)->26348K(26624K) Class: 8905K(10816K)->8905K(10816K)
[242.019s][info][gc             ] GC(32) Pause Young (Normal) (G1 Evacuation Pause) 6437M->2582M(10240M) 146.480ms
[242.019s][info][gc,cpu         ] GC(32) User=1.13s Sys=0.02s Real=0.14s
.. (rIR:aIR:PR = 9640:9772:9788) (tPR = 146821) [OK] 
   243s:       trying IR =  11548 .[245.112s][info][gc,start       ] GC(33) Pause Young (Normal) (G1 Evacuation Pause)
[245.112s][info][gc,task        ] GC(33) Using 8 workers of 8 for evacuation
[245.259s][info][gc,phases      ] GC(33)   Pre Evacuate Collection Set: 0.28ms
[245.259s][info][gc,phases      ] GC(33)   Merge Heap Roots: 0.40ms
[245.259s][info][gc,phases      ] GC(33)   Evacuate Collection Set: 146.13ms
[245.259s][info][gc,phases      ] GC(33)   Post Evacuate Collection Set: 0.95ms
[245.259s][info][gc,phases      ] GC(33)   Other: 0.07ms
[245.259s][info][gc,heap        ] GC(33) Eden regions: 498->0(540)
[245.259s][info][gc,heap        ] GC(33) Survivor regions: 42->42(68)
[245.259s][info][gc,heap        ] GC(33) Old regions: 250->258
[245.259s][info][gc,heap        ] GC(33) Humongous regions: 35->35
[245.259s][info][gc,metaspace   ] GC(33) Metaspace: 35256K(37440K)->35256K(37440K) NonClass: 26351K(26624K)->26351K(26624K) Class: 8905K(10816K)->8905K(10816K)
[245.259s][info][gc             ] GC(33) Pause Young (Normal) (G1 Evacuation Pause) 6566M->2644M(10240M) 147.958ms
[245.260s][info][gc,cpu         ] GC(33) User=1.14s Sys=0.03s Real=0.15s
...[248.244s][info][gc,start       ] GC(34) Pause Young (Normal) (G1 Evacuation Pause)
[248.244s][info][gc,task        ] GC(34) Using 8 workers of 8 for evacuation
[248.407s][info][gc,phases      ] GC(34)   Pre Evacuate Collection Set: 0.28ms
[248.407s][info][gc,phases      ] GC(34)   Merge Heap Roots: 0.40ms
[248.407s][info][gc,phases      ] GC(34)   Evacuate Collection Set: 161.84ms
[248.407s][info][gc,phases      ] GC(34)   Post Evacuate Collection Set: 1.02ms
[248.407s][info][gc,phases      ] GC(34)   Other: 0.06ms
[248.407s][info][gc,heap        ] GC(34) Eden regions: 537->0(544)
[248.407s][info][gc,heap        ] GC(34) Survivor regions: 42->43(73)
[248.407s][info][gc,heap        ] GC(34) Old regions: 258->265
[248.407s][info][gc,heap        ] GC(34) Humongous regions: 35->35
[248.407s][info][gc,metaspace   ] GC(34) Metaspace: 35262K(37440K)->35262K(37440K) NonClass: 26357K(26624K)->26357K(26624K) Class: 8905K(10816K)->8905K(10816K)
[248.407s][info][gc             ] GC(34) Pause Young (Normal) (G1 Evacuation Pause) 6940M->2715M(10240M) 163.734ms
[248.407s][info][gc,cpu         ] GC(34) User=1.22s Sys=0.07s Real=0.16s
. (rIR:aIR:PR = 11548:11132:11003) (tPR = 163374) [OK] 
   248s:       trying IR =  13837 ..[251.285s][info][gc,start       ] GC(35) Pause Young (Normal) (G1 Evacuation Pause)
[251.285s][info][gc,task        ] GC(35) Using 8 workers of 8 for evacuation
[251.438s][info][gc,phases      ] GC(35)   Pre Evacuate Collection Set: 0.26ms
[251.438s][info][gc,phases      ] GC(35)   Merge Heap Roots: 0.40ms
[251.438s][info][gc,phases      ] GC(35)   Evacuate Collection Set: 151.15ms
[251.438s][info][gc,phases      ] GC(35)   Post Evacuate Collection Set: 1.02ms
[251.438s][info][gc,phases      ] GC(35)   Other: 0.06ms
[251.438s][info][gc,heap        ] GC(35) Eden regions: 543->0(584)
[251.438s][info][gc,heap        ] GC(35) Survivor regions: 43->45(74)
[251.438s][info][gc,heap        ] GC(35) Old regions: 265->272
[251.438s][info][gc,heap        ] GC(35) Humongous regions: 35->35
[251.438s][info][gc,metaspace   ] GC(35) Metaspace: 35263K(37440K)->35263K(37440K) NonClass: 26358K(26624K)->26358K(26624K) Class: 8905K(10816K)->8905K(10816K)
[251.438s][info][gc             ] GC(35) Pause Young (Normal) (G1 Evacuation Pause) 7059M->2783M(10240M) 153.032ms
[251.438s][info][gc,cpu         ] GC(35) User=1.17s Sys=0.03s Real=0.15s
...[254.616s][info][gc,start       ] GC(36) Pause Young (Normal) (G1 Evacuation Pause)
[254.616s][info][gc,task        ] GC(36) Using 8 workers of 8 for evacuation
[254.783s][info][gc,phases      ] GC(36)   Pre Evacuate Collection Set: 0.26ms
[254.783s][info][gc,phases      ] GC(36)   Merge Heap Roots: 0.43ms
[254.783s][info][gc,phases      ] GC(36)   Evacuate Collection Set: 165.10ms
[254.783s][info][gc,phases      ] GC(36)   Post Evacuate Collection Set: 1.06ms
[254.783s][info][gc,phases      ] GC(36)   Other: 0.07ms
[254.783s][info][gc,heap        ] GC(36) Eden regions: 582->0(573)
[254.783s][info][gc,heap        ] GC(36) Survivor regions: 45->44(79)
[254.783s][info][gc,heap        ] GC(36) Old regions: 272->280
[254.783s][info][gc,heap        ] GC(36) Humongous regions: 35->35
[254.783s][info][gc,metaspace   ] GC(36) Metaspace: 35263K(37440K)->35263K(37440K) NonClass: 26358K(26624K)->26358K(26624K) Class: 8905K(10816K)->8905K(10816K)
[254.783s][info][gc             ] GC(36) Pause Young (Normal) (G1 Evacuation Pause) 7439M->2832M(10240M) 167.055ms
[254.783s][info][gc,cpu         ] GC(36) User=1.25s Sys=0.06s Real=0.17s
...[257.768s][info][gc,start       ] GC(37) Pause Young (Normal) (G1 Evacuation Pause)
[257.768s][info][gc,task        ] GC(37) Using 8 workers of 8 for evacuation
[257.925s][info][gc,phases      ] GC(37)   Pre Evacuate Collection Set: 0.29ms
[257.925s][info][gc,phases      ] GC(37)   Merge Heap Roots: 0.46ms
[257.925s][info][gc,phases      ] GC(37)   Evacuate Collection Set: 154.28ms
[257.925s][info][gc,phases      ] GC(37)   Post Evacuate Collection Set: 1.02ms
[257.925s][info][gc,phases      ] GC(37)   Other: 0.78ms
[257.925s][info][gc,heap        ] GC(37) Eden regions: 571->0(586)
[257.925s][info][gc,heap        ] GC(37) Survivor regions: 44->45(77)
[257.925s][info][gc,heap        ] GC(37) Old regions: 280->287
[257.925s][info][gc,heap        ] GC(37) Humongous regions: 35->35
[257.925s][info][gc,metaspace   ] GC(37) Metaspace: 35265K(37440K)->35265K(37440K) NonClass: 26360K(26624K)->26360K(26624K) Class: 8905K(10816K)->8905K(10816K)
[257.925s][info][gc             ] GC(37) Pause Young (Normal) (G1 Evacuation Pause) 7400M->2902M(10240M) 156.988ms
[257.925s][info][gc,cpu         ] GC(37) User=1.21s Sys=0.02s Real=0.16s
....[261.032s][info][gc,start       ] GC(38) Pause Young (Normal) (G1 Evacuation Pause)
[261.033s][info][gc,task        ] GC(38) Using 8 workers of 8 for evacuation
[261.186s][info][gc,phases      ] GC(38)   Pre Evacuate Collection Set: 0.26ms
[261.186s][info][gc,phases      ] GC(38)   Merge Heap Roots: 0.41ms
[261.186s][info][gc,phases      ] GC(38)   Evacuate Collection Set: 152.04ms
[261.186s][info][gc,phases      ] GC(38)   Post Evacuate Collection Set: 1.04ms
[261.186s][info][gc,phases      ] GC(38)   Other: 0.06ms
[261.186s][info][gc,heap        ] GC(38) Eden regions: 585->0(616)
[261.186s][info][gc,heap        ] GC(38) Survivor regions: 45->45(79)
[261.186s][info][gc,heap        ] GC(38) Old regions: 287->294
[261.186s][info][gc,heap        ] GC(38) Humongous regions: 35->35
[261.186s][info][gc,metaspace   ] GC(38) Metaspace: 35273K(37440K)->35273K(37440K) NonClass: 26368K(26624K)->26368K(26624K) Class: 8905K(10816K)->8905K(10816K)
[261.186s][info][gc             ] GC(38) Pause Young (Normal) (G1 Evacuation Pause) 7582M->2952M(10240M) 153.955ms
[261.186s][info][gc,cpu         ] GC(38) User=1.19s Sys=0.02s Real=0.15s
...[264.461s][info][gc,start       ] GC(39) Pause Young (Normal) (G1 Evacuation Pause)
[264.461s][info][gc,task        ] GC(39) Using 8 workers of 8 for evacuation
[264.624s][info][gc,phases      ] GC(39)   Pre Evacuate Collection Set: 0.27ms
[264.624s][info][gc,phases      ] GC(39)   Merge Heap Roots: 0.47ms
[264.624s][info][gc,phases      ] GC(39)   Evacuate Collection Set: 161.11ms
[264.624s][info][gc,phases      ] GC(39)   Post Evacuate Collection Set: 1.07ms
[264.624s][info][gc,phases      ] GC(39)   Other: 0.07ms
[264.624s][info][gc,heap        ] GC(39) Eden regions: 615->0(648)
[264.624s][info][gc,heap        ] GC(39) Survivor regions: 45->45(83)
[264.624s][info][gc,heap        ] GC(39) Old regions: 294->300
[264.624s][info][gc,heap        ] GC(39) Humongous regions: 35->35
[264.624s][info][gc,metaspace   ] GC(39) Metaspace: 35275K(37440K)->35275K(37440K) NonClass: 26370K(26624K)->26370K(26624K) Class: 8905K(10816K)->8905K(10816K)
[264.624s][info][gc             ] GC(39) Pause Young (Normal) (G1 Evacuation Pause) 7872M->3005M(10240M) 163.127ms
[264.624s][info][gc,cpu         ] GC(39) User=1.24s Sys=0.04s Real=0.17s
....[268.052s][info][gc,start       ] GC(40) Pause Young (Normal) (G1 Evacuation Pause)
[268.052s][info][gc,task        ] GC(40) Using 8 workers of 8 for evacuation
[268.215s][info][gc,phases      ] GC(40)   Pre Evacuate Collection Set: 0.28ms
[268.216s][info][gc,phases      ] GC(40)   Merge Heap Roots: 0.49ms
[268.216s][info][gc,phases      ] GC(40)   Evacuate Collection Set: 161.14ms
[268.216s][info][gc,phases      ] GC(40)   Post Evacuate Collection Set: 1.14ms
[268.216s][info][gc,phases      ] GC(40)   Other: 0.07ms
[268.216s][info][gc,heap        ] GC(40) Eden regions: 644->0(673)
[268.216s][info][gc,heap        ] GC(40) Survivor regions: 45->52(87)
[268.216s][info][gc,heap        ] GC(40) Old regions: 300->300
[268.216s][info][gc,heap        ] GC(40) Humongous regions: 35->35
[268.216s][info][gc,metaspace   ] GC(40) Metaspace: 35278K(37440K)->35278K(37440K) NonClass: 26373K(26624K)->26373K(26624K) Class: 8905K(10816K)->8905K(10816K)
[268.216s][info][gc             ] GC(40) Pause Young (Normal) (G1 Evacuation Pause) 8157M->3061M(10240M) 163.250ms
[268.216s][info][gc,cpu         ] GC(40) User=1.24s Sys=0.04s Real=0.16s
...[271.670s][info][gc,start       ] GC(41) Pause Young (Normal) (G1 Evacuation Pause)
[271.670s][info][gc,task        ] GC(41) Using 8 workers of 8 for evacuation
[271.838s][info][gc,phases      ] GC(41)   Pre Evacuate Collection Set: 0.28ms
[271.838s][info][gc,phases      ] GC(41)   Merge Heap Roots: 0.46ms
[271.838s][info][gc,phases      ] GC(41)   Evacuate Collection Set: 166.03ms
[271.838s][info][gc,phases      ] GC(41)   Post Evacuate Collection Set: 1.14ms
[271.838s][info][gc,phases      ] GC(41)   Other: 0.07ms
[271.838s][info][gc,heap        ] GC(41) Eden regions: 664->0(609)
[271.838s][info][gc,heap        ] GC(41) Survivor regions: 52->51(90)
[271.838s][info][gc,heap        ] GC(41) Old regions: 300->303
[271.838s][info][gc,heap        ] GC(41) Humongous regions: 35->35
[271.838s][info][gc,metaspace   ] GC(41) Metaspace: 35281K(37440K)->35281K(37440K) NonClass: 26376K(26624K)->26376K(26624K) Class: 8905K(10816K)->8905K(10816K)
[271.838s][info][gc             ] GC(41) Pause Young (Normal) (G1 Evacuation Pause) 8373M->3080M(10240M) 168.107ms
[271.838s][info][gc,cpu         ] GC(41) User=1.28s Sys=0.03s Real=0.17s
....[275.107s][info][gc,start       ] GC(42) Pause Young (Normal) (G1 Evacuation Pause)
[275.107s][info][gc,task        ] GC(42) Using 8 workers of 8 for evacuation
[275.272s][info][gc,phases      ] GC(42)   Pre Evacuate Collection Set: 0.28ms
[275.272s][info][gc,phases      ] GC(42)   Merge Heap Roots: 0.45ms
[275.272s][info][gc,phases      ] GC(42)   Evacuate Collection Set: 163.44ms
[275.272s][info][gc,phases      ] GC(42)   Post Evacuate Collection Set: 1.05ms
[275.272s][info][gc,phases      ] GC(42)   Other: 0.07ms
[275.272s][info][gc,heap        ] GC(42) Eden regions: 604->0(722)
[275.272s][info][gc,heap        ] GC(42) Survivor regions: 51->46(82)
[275.272s][info][gc,heap        ] GC(42) Old regions: 303->312
[275.272s][info][gc,heap        ] GC(42) Humongous regions: 35->35
[275.272s][info][gc,metaspace   ] GC(42) Metaspace: 35285K(37440K)->35285K(37440K) NonClass: 26380K(26624K)->26380K(26624K) Class: 8905K(10816K)->8905K(10816K)
[275.272s][info][gc             ] GC(42) Pause Young (Normal) (G1 Evacuation Pause) 7912M->3114M(10240M) 165.407ms
[275.272s][info][gc,cpu         ] GC(42) User=1.30s Sys=0.01s Real=0.17s
.... (rIR:aIR:PR = 13837:13920:12289) (tPR = 181903) [PR is under limit] 
   278s: Re-initializing (term) [279.059s][info][gc,start       ] GC(43) Pause Full (System.gc())
[279.059s][info][gc,task        ] GC(43) Using 8 workers of 8 for full compaction
[279.059s][info][gc,phases,start] GC(43) Phase 1: Mark live objects
[279.076s][info][gc,phases      ] GC(43) Phase 1: Mark live objects 16.772ms
[279.076s][info][gc,phases,start] GC(43) Phase 2: Prepare compaction
[279.085s][info][gc,phases      ] GC(43) Phase 2: Prepare compaction 9.213ms
[279.085s][info][gc,phases,start] GC(43) Phase 3: Adjust pointers
[279.099s][info][gc,phases      ] GC(43) Phase 3: Adjust pointers 13.912ms
[279.099s][info][gc,phases,start] GC(43) Phase 4: Compact heap
[279.109s][info][gc,phases      ] GC(43) Phase 4: Compact heap 9.172ms
[279.109s][info][gc,phases,start] GC(43) Phase 5: Reset Metadata
[279.113s][info][gc,phases      ] GC(43) Phase 5: Reset Metadata 3.951ms
[279.125s][info][gc,heap        ] GC(43) Eden regions: 719->0(768)
[279.125s][info][gc,heap        ] GC(43) Survivor regions: 46->0(82)
[279.125s][info][gc,heap        ] GC(43) Old regions: 312->13
[279.125s][info][gc,heap        ] GC(43) Humongous regions: 35->18
[279.125s][info][gc,metaspace   ] GC(43) Metaspace: 35297K(37440K)->35297K(37440K) NonClass: 26392K(26624K)->26392K(26624K) Class: 8905K(10816K)->8905K(10816K)
[279.125s][info][gc             ] GC(43) Pause Full (System.gc()) 8863M->212M(10240M) 66.007ms
[279.125s][info][gc,cpu         ] GC(43) User=0.45s Sys=0.00s Real=0.07s
(init) ... OK
   283s: Searching from base IR = 11548
   283s:       rampup IR =      0 ... (rIR:aIR:PR = 0:0:0) (tPR = 0) [OK] 
   286s:       rampup IR =   1155 .... (rIR:aIR:PR = 1155:1157:1132) (tPR = 23083) [OK] 
   290s:       rampup IR =   2310 .... (rIR:aIR:PR = 2310:2314:2266) (tPR = 42099) [OK] 
   294s:       rampup IR =   3464 ...[298.167s][info][gc,start       ] GC(44) Pause Young (Normal) (G1 Evacuation Pause)
[298.167s][info][gc,task        ] GC(44) Using 8 workers of 8 for evacuation
[298.650s][info][gc,mmu         ] GC(44) MMU target violated: 201.0ms (200.0ms/201.0ms)
[298.650s][info][gc,phases      ] GC(44)   Pre Evacuate Collection Set: 0.29ms
[298.650s][info][gc,phases      ] GC(44)   Merge Heap Roots: 0.49ms
[298.650s][info][gc,phases      ] GC(44)   Evacuate Collection Set: 480.53ms
[298.650s][info][gc,phases      ] GC(44)   Post Evacuate Collection Set: 1.29ms
[298.650s][info][gc,phases      ] GC(44)   Other: 0.15ms
[298.650s][info][gc,heap        ] GC(44) Eden regions: 768->0(585)
[298.650s][info][gc,heap        ] GC(44) Survivor regions: 0->96(96)
[298.650s][info][gc,heap        ] GC(44) Old regions: 13->31
[298.650s][info][gc,heap        ] GC(44) Humongous regions: 35->34
[298.650s][info][gc,metaspace   ] GC(44) Metaspace: 35332K(37504K)->35332K(37504K) NonClass: 26416K(26688K)->26416K(26688K) Class: 8916K(10816K)->8916K(10816K)
[298.650s][info][gc             ] GC(44) Pause Young (Normal) (G1 Evacuation Pause) 6492M->1252M(10240M) 482.854ms
[298.650s][info][gc,cpu         ] GC(44) User=3.68s Sys=0.13s Real=0.48s
.... (rIR:aIR:PR = 3464:3462:3396) (tPR = 57779) [OK] 
   301s:       rampup IR =   4619 ...[305.127s][info][gc,start       ] GC(45) Pause Young (Normal) (G1 Evacuation Pause)
[305.127s][info][gc,task        ] GC(45) Using 8 workers of 8 for evacuation
[305.468s][info][gc,mmu         ] GC(45) MMU target violated: 201.0ms (200.0ms/201.0ms)
[305.468s][info][gc,phases      ] GC(45)   Pre Evacuate Collection Set: 0.29ms
[305.468s][info][gc,phases      ] GC(45)   Merge Heap Roots: 0.30ms
[305.468s][info][gc,phases      ] GC(45)   Evacuate Collection Set: 338.92ms
[305.468s][info][gc,phases      ] GC(45)   Post Evacuate Collection Set: 0.98ms
[305.468s][info][gc,phases      ] GC(45)   Other: 0.11ms
[305.468s][info][gc,heap        ] GC(45) Eden regions: 597->0(314)
[305.468s][info][gc,heap        ] GC(45) Survivor regions: 96->30(87)
[305.468s][info][gc,heap        ] GC(45) Old regions: 31->111
[305.468s][info][gc,heap        ] GC(45) Humongous regions: 34->34
[305.468s][info][gc,metaspace   ] GC(45) Metaspace: 35333K(37504K)->35333K(37504K) NonClass: 26417K(26688K)->26417K(26688K) Class: 8916K(10816K)->8916K(10816K)
[305.468s][info][gc             ] GC(45) Pause Young (Normal) (G1 Evacuation Pause) 6028M->1364M(10240M) 340.701ms
[305.468s][info][gc,cpu         ] GC(45) User=2.69s Sys=0.00s Real=0.34s
. (rIR:aIR:PR = 4619:4592:4558) (tPR = 76012) [OK] 
   305s:       rampup IR =   5774 ...[309.006s][info][gc,start       ] GC(46) Pause Young (Normal) (G1 Evacuation Pause)
[309.006s][info][gc,task        ] GC(46) Using 8 workers of 8 for evacuation
[309.122s][info][gc,phases      ] GC(46)   Pre Evacuate Collection Set: 0.28ms
[309.122s][info][gc,phases      ] GC(46)   Merge Heap Roots: 0.32ms
[309.122s][info][gc,phases      ] GC(46)   Evacuate Collection Set: 114.67ms
[309.122s][info][gc,phases      ] GC(46)   Post Evacuate Collection Set: 0.85ms
[309.122s][info][gc,phases      ] GC(46)   Other: 0.08ms
[309.122s][info][gc,heap        ] GC(46) Eden regions: 397->0(545)
[309.122s][info][gc,heap        ] GC(46) Survivor regions: 30->22(54)
[309.122s][info][gc,heap        ] GC(46) Old regions: 111->132
[309.122s][info][gc,heap        ] GC(46) Humongous regions: 34->34
[309.122s][info][gc,metaspace   ] GC(46) Metaspace: 35343K(37504K)->35343K(37504K) NonClass: 26427K(26688K)->26427K(26688K) Class: 8916K(10816K)->8916K(10816K)
[309.122s][info][gc             ] GC(46) Pause Young (Normal) (G1 Evacuation Pause) 4540M->1464M(10240M) 116.324ms
[309.122s][info][gc,cpu         ] GC(46) User=0.91s Sys=0.01s Real=0.12s
. (rIR:aIR:PR = 5774:5742:5742) (tPR = 89641) [OK] 
   309s:       rampup IR =   6929 .... (rIR:aIR:PR = 6929:6914:6921) (tPR = 105134) [OK] 
   313s:       rampup IR =   8084 [314.110s][info][gc,start       ] GC(47) Pause Young (Normal) (G1 Evacuation Pause)
[314.110s][info][gc,task        ] GC(47) Using 8 workers of 8 for evacuation
[314.231s][info][gc,phases      ] GC(47)   Pre Evacuate Collection Set: 0.29ms
[314.231s][info][gc,phases      ] GC(47)   Merge Heap Roots: 0.37ms
[314.231s][info][gc,phases      ] GC(47)   Evacuate Collection Set: 119.18ms
[314.231s][info][gc,phases      ] GC(47)   Post Evacuate Collection Set: 1.10ms
[314.231s][info][gc,phases      ] GC(47)   Other: 0.06ms
[314.231s][info][gc,heap        ] GC(47) Eden regions: 550->0(303)
[314.231s][info][gc,heap        ] GC(47) Survivor regions: 22->42(72)
[314.231s][info][gc,heap        ] GC(47) Old regions: 132->132
[314.231s][info][gc,heap        ] GC(47) Humongous regions: 34->34
[314.231s][info][gc,metaspace   ] GC(47) Metaspace: 35343K(37504K)->35343K(37504K) NonClass: 26427K(26688K)->26427K(26688K) Class: 8916K(10816K)->8916K(10816K)
[314.231s][info][gc             ] GC(47) Pause Young (Normal) (G1 Evacuation Pause) 5864M->1624M(10240M) 121.128ms
[314.231s][info][gc,cpu         ] GC(47) User=0.95s Sys=0.00s Real=0.12s
...[316.791s][info][gc,start       ] GC(48) Pause Young (Normal) (G1 Evacuation Pause)
[316.791s][info][gc,task        ] GC(48) Using 8 workers of 8 for evacuation
[316.923s][info][gc,phases      ] GC(48)   Pre Evacuate Collection Set: 0.27ms
[316.923s][info][gc,phases      ] GC(48)   Merge Heap Roots: 0.32ms
[316.923s][info][gc,phases      ] GC(48)   Evacuate Collection Set: 130.20ms
[316.923s][info][gc,phases      ] GC(48)   Post Evacuate Collection Set: 0.77ms
[316.923s][info][gc,phases      ] GC(48)   Other: 0.06ms
[316.923s][info][gc,heap        ] GC(48) Eden regions: 330->0(651)
[316.923s][info][gc,heap        ] GC(48) Survivor regions: 42->20(47)
[316.923s][info][gc,heap        ] GC(48) Old regions: 132->160
[316.923s][info][gc,heap        ] GC(48) Humongous regions: 34->34
[316.923s][info][gc,metaspace   ] GC(48) Metaspace: 35344K(37504K)->35344K(37504K) NonClass: 26428K(26688K)->26428K(26688K) Class: 8916K(10816K)->8916K(10816K)
[316.923s][info][gc             ] GC(48) Pause Young (Normal) (G1 Evacuation Pause) 4264M->1676M(10240M) 131.756ms
[316.923s][info][gc,cpu         ] GC(48) User=1.03s Sys=0.01s Real=0.14s
.. (rIR:aIR:PR = 8084:7838:7845) (tPR = 118402) [OK] 
   318s:       rampup IR =   9238 ...[321.971s][info][gc,start       ] GC(49) Pause Young (Normal) (G1 Evacuation Pause)
[321.971s][info][gc,task        ] GC(49) Using 8 workers of 8 for evacuation
[322.094s][info][gc,phases      ] GC(49)   Pre Evacuate Collection Set: 0.30ms
[322.094s][info][gc,phases      ] GC(49)   Merge Heap Roots: 0.42ms
[322.094s][info][gc,phases      ] GC(49)   Evacuate Collection Set: 121.76ms
[322.094s][info][gc,phases      ] GC(49)   Post Evacuate Collection Set: 1.12ms
[322.094s][info][gc,phases      ] GC(49)   Other: 0.07ms
[322.094s][info][gc,heap        ] GC(49) Eden regions: 655->0(571)
[322.094s][info][gc,heap        ] GC(49) Survivor regions: 20->40(85)
[322.094s][info][gc,heap        ] GC(49) Old regions: 160->160
[322.094s][info][gc,heap        ] GC(49) Humongous regions: 34->34
[322.094s][info][gc,metaspace   ] GC(49) Metaspace: 35345K(37504K)->35345K(37504K) NonClass: 26429K(26688K)->26429K(26688K) Class: 8916K(10816K)->8916K(10816K)
[322.094s][info][gc             ] GC(49) Pause Young (Normal) (G1 Evacuation Pause) 6916M->1836M(10240M) 123.797ms
[322.094s][info][gc,cpu         ] GC(49) User=0.98s Sys=0.00s Real=0.13s
. (rIR:aIR:PR = 9238:8910:8910) (tPR = 137430) [OK] 
   322s:       rampup IR =  10393 ...[325.725s][info][gc,start       ] GC(50) Pause Young (Normal) (G1 Evacuation Pause)
[325.725s][info][gc,task        ] GC(50) Using 8 workers of 8 for evacuation
[325.868s][info][gc,phases      ] GC(50)   Pre Evacuate Collection Set: 0.30ms
[325.868s][info][gc,phases      ] GC(50)   Merge Heap Roots: 0.47ms
[325.868s][info][gc,phases      ] GC(50)   Evacuate Collection Set: 140.46ms
[325.868s][info][gc,phases      ] GC(50)   Post Evacuate Collection Set: 1.11ms
[325.868s][info][gc,phases      ] GC(50)   Other: 0.06ms
[325.868s][info][gc,heap        ] GC(50) Eden regions: 572->0(571)
[325.868s][info][gc,heap        ] GC(50) Survivor regions: 40->45(77)
[325.868s][info][gc,heap        ] GC(50) Old regions: 160->165
[325.868s][info][gc,heap        ] GC(50) Humongous regions: 34->34
[325.868s][info][gc,metaspace   ] GC(50) Metaspace: 35345K(37504K)->35345K(37504K) NonClass: 26429K(26688K)->26429K(26688K) Class: 8916K(10816K)->8916K(10816K)
[325.868s][info][gc             ] GC(50) Pause Young (Normal) (G1 Evacuation Pause) 6412M->1912M(10240M) 142.532ms
[325.868s][info][gc,cpu         ] GC(50) User=1.11s Sys=0.00s Real=0.14s
. (rIR:aIR:PR = 10393:10392:10438) (tPR = 152772) [OK] 
   326s:       rampup IR =  11548 ..[329.090s][info][gc,start       ] GC(51) Pause Young (Normal) (G1 Evacuation Pause)
[329.090s][info][gc,task        ] GC(51) Using 8 workers of 8 for evacuation
[329.246s][info][gc,phases      ] GC(51)   Pre Evacuate Collection Set: 0.29ms
[329.246s][info][gc,phases      ] GC(51)   Merge Heap Roots: 0.42ms
[329.246s][info][gc,phases      ] GC(51)   Evacuate Collection Set: 154.56ms
[329.246s][info][gc,phases      ] GC(51)   Post Evacuate Collection Set: 1.11ms
[329.246s][info][gc,phases      ] GC(51)   Other: 0.08ms
[329.246s][info][gc,heap        ] GC(51) Eden regions: 569->0(583)
[329.246s][info][gc,heap        ] GC(51) Survivor regions: 45->46(77)
[329.246s][info][gc,heap        ] GC(51) Old regions: 165->174
[329.246s][info][gc,heap        ] GC(51) Humongous regions: 34->34
[329.246s][info][gc,metaspace   ] GC(51) Metaspace: 35349K(37504K)->35349K(37504K) NonClass: 26433K(26688K)->26433K(26688K) Class: 8916K(10816K)->8916K(10816K)
[329.246s][info][gc             ] GC(51) Pause Young (Normal) (G1 Evacuation Pause) 6464M->1991M(10240M) 156.614ms
[329.246s][info][gc,cpu         ] GC(51) User=1.23s Sys=0.00s Real=0.16s
...[332.441s][info][gc,start       ] GC(52) Pause Young (Normal) (G1 Evacuation Pause)
[332.441s][info][gc,task        ] GC(52) Using 8 workers of 8 for evacuation
[332.593s][info][gc,phases      ] GC(52)   Pre Evacuate Collection Set: 0.29ms
[332.593s][info][gc,phases      ] GC(52)   Merge Heap Roots: 0.43ms
[332.593s][info][gc,phases      ] GC(52)   Evacuate Collection Set: 150.47ms
[332.593s][info][gc,phases      ] GC(52)   Post Evacuate Collection Set: 1.05ms
[332.593s][info][gc,phases      ] GC(52)   Other: 0.06ms
[332.593s][info][gc,heap        ] GC(52) Eden regions: 581->0(632)
[332.593s][info][gc,heap        ] GC(52) Survivor regions: 46->45(79)
[332.593s][info][gc,heap        ] GC(52) Old regions: 174->182
[332.593s][info][gc,heap        ] GC(52) Humongous regions: 34->34
[332.593s][info][gc,metaspace   ] GC(52) Metaspace: 35353K(37504K)->35353K(37504K) NonClass: 26437K(26688K)->26437K(26688K) Class: 8916K(10816K)->8916K(10816K)
[332.593s][info][gc             ] GC(52) Pause Young (Normal) (G1 Evacuation Pause) 6639M->2047M(10240M) 152.427ms
[332.593s][info][gc,cpu         ] GC(52) User=1.20s Sys=0.00s Real=0.16s
. (rIR:aIR:PR = 11548:11333:11313) (tPR = 171058) [OK] 
   332s:    snapshot, IR =  11548 ...[336.180s][info][gc,start       ] GC(53) Pause Young (Normal) (G1 Evacuation Pause)
[336.180s][info][gc,task        ] GC(53) Using 8 workers of 8 for evacuation
[336.337s][info][gc,phases      ] GC(53)   Pre Evacuate Collection Set: 0.27ms
[336.337s][info][gc,phases      ] GC(53)   Merge Heap Roots: 0.44ms
[336.337s][info][gc,phases      ] GC(53)   Evacuate Collection Set: 154.99ms
[336.337s][info][gc,phases      ] GC(53)   Post Evacuate Collection Set: 1.13ms
[336.337s][info][gc,phases      ] GC(53)   Other: 0.06ms
[336.337s][info][gc,heap        ] GC(53) Eden regions: 629->0(651)
[336.337s][info][gc,heap        ] GC(53) Survivor regions: 45->46(85)
[336.337s][info][gc,heap        ] GC(53) Old regions: 182->189
[336.337s][info][gc,heap        ] GC(53) Humongous regions: 34->34
[336.337s][info][gc,metaspace   ] GC(53) Metaspace: 35354K(37504K)->35354K(37504K) NonClass: 26438K(26688K)->26438K(26688K) Class: 8916K(10816K)->8916K(10816K)
[336.337s][info][gc             ] GC(53) Pause Young (Normal) (G1 Evacuation Pause) 7079M->2112M(10240M) 157.030ms
[336.337s][info][gc,cpu         ] GC(53) User=1.23s Sys=0.00s Real=0.16s
.|...[340.044s][info][gc,start       ] GC(54) Pause Young (Normal) (G1 Evacuation Pause)
[340.044s][info][gc,task        ] GC(54) Using 8 workers of 8 for evacuation
[340.197s][info][gc,phases      ] GC(54)   Pre Evacuate Collection Set: 0.28ms
[340.197s][info][gc,phases      ] GC(54)   Merge Heap Roots: 0.43ms
[340.197s][info][gc,phases      ] GC(54)   Evacuate Collection Set: 150.87ms
[340.197s][info][gc,phases      ] GC(54)   Post Evacuate Collection Set: 1.16ms
[340.197s][info][gc,phases      ] GC(54)   Other: 0.07ms
[340.197s][info][gc,heap        ] GC(54) Eden regions: 648->0(687)
[340.197s][info][gc,heap        ] GC(54) Survivor regions: 46->47(87)
[340.197s][info][gc,heap        ] GC(54) Old regions: 189->195
[340.197s][info][gc,heap        ] GC(54) Humongous regions: 34->34
[340.197s][info][gc,metaspace   ] GC(54) Metaspace: 35357K(37504K)->35357K(37504K) NonClass: 26441K(26688K)->26441K(26688K) Class: 8916K(10816K)->8916K(10816K)
[340.197s][info][gc             ] GC(54) Pause Young (Normal) (G1 Evacuation Pause) 7296M->2165M(10240M) 152.930ms
[340.197s][info][gc,cpu         ] GC(54) User=1.19s Sys=0.01s Real=0.15s
....[344.183s][info][gc,start       ] GC(55) Pause Young (Normal) (G1 Evacuation Pause)
[344.183s][info][gc,task        ] GC(55) Using 8 workers of 8 for evacuation
[344.337s][info][gc,phases      ] GC(55)   Pre Evacuate Collection Set: 0.29ms
[344.337s][info][gc,phases      ] GC(55)   Merge Heap Roots: 0.47ms
[344.337s][info][gc,phases      ] GC(55)   Evacuate Collection Set: 151.48ms
[344.337s][info][gc,phases      ] GC(55)   Post Evacuate Collection Set: 1.20ms
[344.337s][info][gc,phases      ] GC(55)   Other: 0.07ms
[344.337s][info][gc,heap        ] GC(55) Eden regions: 684->0(666)
[344.337s][info][gc,heap        ] GC(55) Survivor regions: 47->52(92)
[344.337s][info][gc,heap        ] GC(55) Old regions: 195->195
[344.337s][info][gc,heap        ] GC(55) Humongous regions: 34->34
[344.337s][info][gc,metaspace   ] GC(55) Metaspace: 35357K(37504K)->35357K(37504K) NonClass: 26441K(26688K)->26441K(26688K) Class: 8916K(10816K)->8916K(10816K)
[344.337s][info][gc             ] GC(55) Pause Young (Normal) (G1 Evacuation Pause) 7637M->2209M(10240M) 153.643ms
[344.337s][info][gc,cpu         ] GC(55) User=1.21s Sys=0.01s Real=0.15s
....[348.170s][info][gc,start       ] GC(56) Pause Young (Normal) (G1 Evacuation Pause)
[348.170s][info][gc,task        ] GC(56) Using 8 workers of 8 for evacuation
[348.331s][info][gc,phases      ] GC(56)   Pre Evacuate Collection Set: 0.29ms
[348.331s][info][gc,phases      ] GC(56)   Merge Heap Roots: 0.44ms
[348.331s][info][gc,phases      ] GC(56)   Evacuate Collection Set: 158.90ms
[348.331s][info][gc,phases      ] GC(56)   Post Evacuate Collection Set: 1.21ms
[348.331s][info][gc,phases      ] GC(56)   Other: 0.06ms
[348.331s][info][gc,heap        ] GC(56) Eden regions: 660->0(721)
[348.331s][info][gc,heap        ] GC(56) Survivor regions: 52->47(89)
[348.331s][info][gc,heap        ] GC(56) Old regions: 195->204
[348.331s][info][gc,heap        ] GC(56) Humongous regions: 34->34
[348.331s][info][gc,metaspace   ] GC(56) Metaspace: 35358K(37504K)->35358K(37504K) NonClass: 26442K(26688K)->26442K(26688K) Class: 8916K(10816K)->8916K(10816K)
[348.331s][info][gc             ] GC(56) Pause Young (Normal) (G1 Evacuation Pause) 7489M->2239M(10240M) 161.033ms
[348.331s][info][gc,cpu         ] GC(56) User=1.27s Sys=0.00s Real=0.16s
....[352.496s][info][gc,start       ] GC(57) Pause Young (Normal) (G1 Evacuation Pause)
[352.496s][info][gc,task        ] GC(57) Using 8 workers of 8 for evacuation
[352.659s][info][gc,phases      ] GC(57)   Pre Evacuate Collection Set: 0.29ms
[352.659s][info][gc,phases      ] GC(57)   Merge Heap Roots: 0.58ms
[352.659s][info][gc,phases      ] GC(57)   Evacuate Collection Set: 161.02ms
[352.659s][info][gc,phases      ] GC(57)   Post Evacuate Collection Set: 1.24ms
[352.659s][info][gc,phases      ] GC(57)   Other: 0.07ms
[352.659s][info][gc,heap        ] GC(57) Eden regions: 721->0(688)
[352.659s][info][gc,heap        ] GC(57) Survivor regions: 47->54(96)
[352.659s][info][gc,heap        ] GC(57) Old regions: 204->204
[352.659s][info][gc,heap        ] GC(57) Humongous regions: 34->34
[352.659s][info][gc,metaspace   ] GC(57) Metaspace: 35358K(37504K)->35358K(37504K) NonClass: 26442K(26688K)->26442K(26688K) Class: 8916K(10816K)->8916K(10816K)
[352.659s][info][gc             ] GC(57) Pause Young (Normal) (G1 Evacuation Pause) 8007M->2299M(10240M) 163.334ms
[352.659s][info][gc,cpu         ] GC(57) User=1.28s Sys=0.00s Real=0.16s
....[356.596s][info][gc,start       ] GC(58) Pause Young (Normal) (G1 Evacuation Pause)
[356.596s][info][gc,task        ] GC(58) Using 8 workers of 8 for evacuation
[356.756s][info][gc,phases      ] GC(58)   Pre Evacuate Collection Set: 0.27ms
[356.756s][info][gc,phases      ] GC(58)   Merge Heap Roots: 0.48ms
[356.756s][info][gc,phases      ] GC(58)   Evacuate Collection Set: 158.34ms
[356.756s][info][gc,phases      ] GC(58)   Post Evacuate Collection Set: 1.19ms
[356.756s][info][gc,phases      ] GC(58)   Other: 0.07ms
[356.756s][info][gc,heap        ] GC(58) Eden regions: 684->0(721)
[356.756s][info][gc,heap        ] GC(58) Survivor regions: 54->47(93)
[356.756s][info][gc,heap        ] GC(58) Old regions: 204->212
[356.756s][info][gc,heap        ] GC(58) Humongous regions: 34->34
[356.756s][info][gc,metaspace   ] GC(58) Metaspace: 35364K(37504K)->35364K(37504K) NonClass: 26448K(26688K)->26448K(26688K) Class: 8916K(10816K)->8916K(10816K)
[356.756s][info][gc             ] GC(58) Pause Young (Normal) (G1 Evacuation Pause) 7771M->2304M(10240M) 160.504ms
[356.756s][info][gc,cpu         ] GC(58) User=1.27s Sys=0.00s Real=0.16s
.....[360.955s][info][gc,start       ] GC(59) Pause Young (Normal) (G1 Evacuation Pause)
[360.955s][info][gc,task        ] GC(59) Using 8 workers of 8 for evacuation
[361.113s][info][gc,phases      ] GC(59)   Pre Evacuate Collection Set: 0.27ms
[361.113s][info][gc,phases      ] GC(59)   Merge Heap Roots: 0.48ms
[361.113s][info][gc,phases      ] GC(59)   Evacuate Collection Set: 155.49ms
[361.113s][info][gc,phases      ] GC(59)   Post Evacuate Collection Set: 1.17ms
[361.113s][info][gc,phases      ] GC(59)   Other: 0.07ms
[361.113s][info][gc,heap        ] GC(59) Eden regions: 721->0(715)
[361.113s][info][gc,heap        ] GC(59) Survivor regions: 47->53(96)
[361.113s][info][gc,heap        ] GC(59) Old regions: 212->212
[361.113s][info][gc,heap        ] GC(59) Humongous regions: 34->34
[361.113s][info][gc,metaspace   ] GC(59) Metaspace: 35364K(37504K)->35364K(37504K) NonClass: 26448K(26688K)->26448K(26688K) Class: 8916K(10816K)->8916K(10816K)
[361.113s][info][gc             ] GC(59) Pause Young (Normal) (G1 Evacuation Pause) 8072M->2356M(10240M) 157.622ms
[361.113s][info][gc,cpu         ] GC(59) User=1.24s Sys=0.00s Real=0.16s
....[365.081s][info][gc,start       ] GC(60) Pause Young (Normal) (G1 Evacuation Pause)
[365.081s][info][gc,task        ] GC(60) Using 8 workers of 8 for evacuation
[365.246s][info][gc,phases      ] GC(60)   Pre Evacuate Collection Set: 0.29ms
[365.246s][info][gc,phases      ] GC(60)   Merge Heap Roots: 0.50ms
[365.246s][info][gc,phases      ] GC(60)   Evacuate Collection Set: 162.56ms
[365.246s][info][gc,phases      ] GC(60)   Post Evacuate Collection Set: 1.21ms
[365.246s][info][gc,phases      ] GC(60)   Other: 0.06ms
[365.246s][info][gc,heap        ] GC(60) Eden regions: 715->0(714)
[365.246s][info][gc,heap        ] GC(60) Survivor regions: 53->54(96)
[365.246s][info][gc,heap        ] GC(60) Old regions: 212->215
[365.246s][info][gc,heap        ] GC(60) Humongous regions: 34->34
[365.246s][info][gc,metaspace   ] GC(60) Metaspace: 35364K(37504K)->35364K(37504K) NonClass: 26448K(26688K)->26448K(26688K) Class: 8916K(10816K)->8916K(10816K)
[365.246s][info][gc             ] GC(60) Pause Young (Normal) (G1 Evacuation Pause) 8076M->2383M(10240M) 164.745ms
[365.246s][info][gc,cpu         ] GC(60) User=1.30s Sys=0.00s Real=0.17s
.. (rIR:aIR:PR = 11548:11527:11573) (tPR = 172282) [OK] 
   366s: Performing snapshot: (quiescence.....) (stop TxI) (stop BE) (saving... 226164 Kb) (term) [376.533s][info][gc,start       ] GC(61) Pause Full (System.gc())
[376.533s][info][gc,task        ] GC(61) Using 8 workers of 8 for full compaction
[376.534s][info][gc,phases,start] GC(61) Phase 1: Mark live objects
[376.551s][info][gc,phases      ] GC(61) Phase 1: Mark live objects 16.923ms
[376.551s][info][gc,phases,start] GC(61) Phase 2: Prepare compaction
[376.557s][info][gc,phases      ] GC(61) Phase 2: Prepare compaction 6.267ms
[376.557s][info][gc,phases,start] GC(61) Phase 3: Adjust pointers
[376.567s][info][gc,phases      ] GC(61) Phase 3: Adjust pointers 10.556ms
[376.567s][info][gc,phases,start] GC(61) Phase 4: Compact heap
[376.574s][info][gc,phases      ] GC(61) Phase 4: Compact heap 6.207ms
[376.574s][info][gc,phases,start] GC(61) Phase 5: Reset Metadata
[376.578s][info][gc,phases      ] GC(61) Phase 5: Reset Metadata 3.988ms
[376.589s][info][gc,heap        ] GC(61) Eden regions: 360->0(768)
[376.589s][info][gc,heap        ] GC(61) Survivor regions: 54->0(96)
[376.589s][info][gc,heap        ] GC(61) Old regions: 215->13
[376.589s][info][gc,heap        ] GC(61) Humongous regions: 195->33
[376.589s][info][gc,metaspace   ] GC(61) Metaspace: 35368K(37568K)->35368K(37568K) NonClass: 26452K(26752K)->26452K(26752K) Class: 8916K(10816K)->8916K(10816K)
[376.589s][info][gc             ] GC(61) Pause Full (System.gc()) 6548M->333M(10240M) 55.709ms
[376.589s][info][gc,cpu         ] GC(61) User=0.38s Sys=0.01s Real=0.05s
(init) ...
   381s:       rampup IR =      0 ... (rIR:aIR:PR = 0:0:0) (tPR = 0) [OK] 
   384s:       rampup IR =   1155 .... (rIR:aIR:PR = 1155:1157:1157) (tPR = 16127) [OK] 
   388s:       rampup IR =   2310 .... (rIR:aIR:PR = 2310:2300:2300) (tPR = 33829) [OK] 
   392s:       rampup IR =   3464 .[394.946s][info][gc,start       ] GC(62) Pause Young (Normal) (G1 Evacuation Pause)
[394.946s][info][gc,task        ] GC(62) Using 8 workers of 8 for evacuation
[395.675s][info][gc,mmu         ] GC(62) MMU target violated: 201.0ms (200.0ms/201.0ms)
[395.675s][info][gc,phases      ] GC(62)   Pre Evacuate Collection Set: 0.28ms
[395.675s][info][gc,phases      ] GC(62)   Merge Heap Roots: 0.89ms
[395.675s][info][gc,phases      ] GC(62)   Evacuate Collection Set: 726.46ms
[395.675s][info][gc,phases      ] GC(62)   Post Evacuate Collection Set: 1.58ms
[395.675s][info][gc,phases      ] GC(62)   Other: 0.10ms
[395.675s][info][gc,heap        ] GC(62) Eden regions: 768->0(375)
[395.675s][info][gc,heap        ] GC(62) Survivor regions: 0->96(96)
[395.675s][info][gc,heap        ] GC(62) Old regions: 13->66
[395.675s][info][gc,heap        ] GC(62) Humongous regions: 86->81
[395.675s][info][gc,metaspace   ] GC(62) Metaspace: 35485K(37696K)->35485K(37696K) NonClass: 26503K(26752K)->26503K(26752K) Class: 8982K(10944K)->8982K(10944K)
[395.675s][info][gc             ] GC(62) Pause Young (Normal) (G1 Evacuation Pause) 6901M->1909M(10240M) 729.419ms
[395.675s][info][gc,cpu         ] GC(62) User=5.74s Sys=0.00s Real=0.73s
.... (rIR:aIR:PR = 3464:3449:3449) (tPR = 51816) [OK] 
   398s:       rampup IR =   4619 ..[401.242s][info][gc,start       ] GC(63) Pause Young (Normal) (G1 Evacuation Pause)
[401.242s][info][gc,task        ] GC(63) Using 8 workers of 8 for evacuation
[401.662s][info][gc,mmu         ] GC(63) MMU target violated: 201.0ms (200.0ms/201.0ms)
[401.662s][info][gc,phases      ] GC(63)   Pre Evacuate Collection Set: 0.27ms
[401.662s][info][gc,phases      ] GC(63)   Merge Heap Roots: 0.79ms
[401.662s][info][gc,phases      ] GC(63)   Evacuate Collection Set: 417.63ms
[401.662s][info][gc,phases      ] GC(63)   Post Evacuate Collection Set: 0.83ms
[401.662s][info][gc,phases      ] GC(63)   Other: 0.11ms
[401.662s][info][gc,heap        ] GC(63) Eden regions: 366->0(274)
[401.662s][info][gc,heap        ] GC(63) Survivor regions: 96->23(58)
[401.662s][info][gc,heap        ] GC(63) Old regions: 66->160
[401.662s][info][gc,heap        ] GC(63) Humongous regions: 81->81
[401.662s][info][gc,metaspace   ] GC(63) Metaspace: 35500K(37696K)->35500K(37696K) NonClass: 26518K(26752K)->26518K(26752K) Class: 8982K(10944K)->8982K(10944K)
[401.662s][info][gc             ] GC(63) Pause Young (Normal) (G1 Evacuation Pause) 4837M->2073M(10240M) 419.739ms
[401.662s][info][gc,cpu         ] GC(63) User=3.30s Sys=0.00s Real=0.42s
.... (rIR:aIR:PR = 4619:4643:4643) (tPR = 69432) [OK] 
   404s:       rampup IR =   5774 .[405.861s][info][gc,start       ] GC(64) Pause Young (Normal) (G1 Evacuation Pause)
[405.861s][info][gc,task        ] GC(64) Using 8 workers of 8 for evacuation
[405.964s][info][gc,phases      ] GC(64)   Pre Evacuate Collection Set: 0.28ms
[405.964s][info][gc,phases      ] GC(64)   Merge Heap Roots: 0.39ms
[405.964s][info][gc,phases      ] GC(64)   Evacuate Collection Set: 100.73ms
[405.964s][info][gc,phases      ] GC(64)   Post Evacuate Collection Set: 0.84ms
[405.964s][info][gc,phases      ] GC(64)   Other: 0.06ms
[405.964s][info][gc,heap        ] GC(64) Eden regions: 331->0(174)
[405.964s][info][gc,heap        ] GC(64) Survivor regions: 23->35(45)
[405.964s][info][gc,heap        ] GC(64) Old regions: 160->160
[405.964s][info][gc,heap        ] GC(64) Humongous regions: 81->81
[405.964s][info][gc,metaspace   ] GC(64) Metaspace: 35505K(37696K)->35505K(37696K) NonClass: 26523K(26752K)->26523K(26752K) Class: 8982K(10944K)->8982K(10944K)
[405.964s][info][gc             ] GC(64) Pause Young (Normal) (G1 Evacuation Pause) 4721M->2173M(10240M) 102.430ms
[405.964s][info][gc,cpu         ] GC(64) User=0.80s Sys=0.00s Real=0.11s
... (rIR:aIR:PR = 5774:5755:5754) (tPR = 85669) [OK] 
   408s:       rampup IR =   6929 [408.800s][info][gc,start       ] GC(65) Pause Young (Normal) (G1 Evacuation Pause)
[408.800s][info][gc,task        ] GC(65) Using 8 workers of 8 for evacuation
[408.916s][info][gc,phases      ] GC(65)   Pre Evacuate Collection Set: 0.25ms
[408.916s][info][gc,phases      ] GC(65)   Merge Heap Roots: 0.39ms
[408.916s][info][gc,phases      ] GC(65)   Evacuate Collection Set: 114.09ms
[408.916s][info][gc,phases      ] GC(65)   Post Evacuate Collection Set: 0.71ms
[408.916s][info][gc,phases      ] GC(65)   Other: 0.06ms
[408.916s][info][gc,heap        ] GC(65) Eden regions: 253->0(430)
[408.916s][info][gc,heap        ] GC(65) Survivor regions: 35->17(36)
[408.916s][info][gc,heap        ] GC(65) Old regions: 160->185
[408.916s][info][gc,heap        ] GC(65) Humongous regions: 81->81
[408.916s][info][gc,metaspace   ] GC(65) Metaspace: 35507K(37696K)->35507K(37696K) NonClass: 26525K(26752K)->26525K(26752K) Class: 8982K(10944K)->8982K(10944K)
[408.916s][info][gc             ] GC(65) Pause Young (Normal) (G1 Evacuation Pause) 4197M->2225M(10240M) 115.640ms
[408.916s][info][gc,cpu         ] GC(65) User=0.91s Sys=0.00s Real=0.12s
.... (rIR:aIR:PR = 6929:7042:7042) (tPR = 105965) [OK] 
   412s:       rampup IR =   8084 [413.386s][info][gc,start       ] GC(66) Pause Young (Normal) (G1 Evacuation Pause)
[413.386s][info][gc,task        ] GC(66) Using 8 workers of 8 for evacuation
[413.492s][info][gc,phases      ] GC(66)   Pre Evacuate Collection Set: 0.27ms
[413.492s][info][gc,phases      ] GC(66)   Merge Heap Roots: 0.41ms
[413.492s][info][gc,phases      ] GC(66)   Evacuate Collection Set: 104.21ms
[413.492s][info][gc,phases      ] GC(66)   Post Evacuate Collection Set: 0.94ms
[413.492s][info][gc,phases      ] GC(66)   Other: 0.06ms
[413.492s][info][gc,heap        ] GC(66) Eden regions: 473->0(346)
[413.492s][info][gc,heap        ] GC(66) Survivor regions: 17->35(62)
[413.492s][info][gc,heap        ] GC(66) Old regions: 185->185
[413.492s][info][gc,heap        ] GC(66) Humongous regions: 81->81
[413.492s][info][gc,metaspace   ] GC(66) Metaspace: 35511K(37696K)->35511K(37696K) NonClass: 26529K(26752K)->26529K(26752K) Class: 8982K(10944K)->8982K(10944K)
[413.492s][info][gc             ] GC(66) Pause Young (Normal) (G1 Evacuation Pause) 6009M->2365M(10240M) 106.023ms
[413.492s][info][gc,cpu         ] GC(66) User=0.83s Sys=0.00s Real=0.11s
...[416.449s][info][gc,start       ] GC(67) Pause Young (Normal) (G1 Evacuation Pause)
[416.449s][info][gc,task        ] GC(67) Using 8 workers of 8 for evacuation
[416.569s][info][gc,phases      ] GC(67)   Pre Evacuate Collection Set: 0.30ms
[416.569s][info][gc,phases      ] GC(67)   Merge Heap Roots: 0.46ms
[416.569s][info][gc,phases      ] GC(67)   Evacuate Collection Set: 119.28ms
[416.569s][info][gc,phases      ] GC(67)   Post Evacuate Collection Set: 0.72ms
[416.569s][info][gc,phases      ] GC(67)   Other: 0.06ms
[416.569s][info][gc,heap        ] GC(67) Eden regions: 361->0(591)
[416.570s][info][gc,heap        ] GC(67) Survivor regions: 35->23(50)
[416.570s][info][gc,heap        ] GC(67) Old regions: 185->206
[416.570s][info][gc,heap        ] GC(67) Humongous regions: 81->81
[416.570s][info][gc,metaspace   ] GC(67) Metaspace: 35511K(37696K)->35511K(37696K) NonClass: 26529K(26752K)->26529K(26752K) Class: 8982K(10944K)->8982K(10944K)
[416.570s][info][gc             ] GC(67) Pause Young (Normal) (G1 Evacuation Pause) 5253M->2441M(10240M) 120.945ms
[416.570s][info][gc,cpu         ] GC(67) User=0.95s Sys=0.00s Real=0.12s
. (rIR:aIR:PR = 8084:8015:7991) (tPR = 122466) [OK] 
   416s:       rampup IR =   9238 ....[421.159s][info][gc,start       ] GC(68) Pause Young (Normal) (G1 Evacuation Pause)
[421.159s][info][gc,task        ] GC(68) Using 8 workers of 8 for evacuation
[421.278s][info][gc,phases      ] GC(68)   Pre Evacuate Collection Set: 0.27ms
[421.278s][info][gc,phases      ] GC(68)   Merge Heap Roots: 0.43ms
[421.278s][info][gc,phases      ] GC(68)   Evacuate Collection Set: 116.89ms
[421.278s][info][gc,phases      ] GC(68)   Post Evacuate Collection Set: 1.02ms
[421.278s][info][gc,phases      ] GC(68)   Other: 0.07ms
[421.278s][info][gc,heap        ] GC(68) Eden regions: 611->0(477)
[421.278s][info][gc,heap        ] GC(68) Survivor regions: 23->40(80)
[421.278s][info][gc,heap        ] GC(68) Old regions: 206->206
[421.278s][info][gc,heap        ] GC(68) Humongous regions: 81->81
[421.278s][info][gc,metaspace   ] GC(68) Metaspace: 35512K(37696K)->35512K(37696K) NonClass: 26530K(26752K)->26530K(26752K) Class: 8982K(10944K)->8982K(10944K)
[421.278s][info][gc             ] GC(68) Pause Young (Normal) (G1 Evacuation Pause) 7329M->2577M(10240M) 118.823ms
[421.278s][info][gc,cpu         ] GC(68) User=0.93s Sys=0.00s Real=0.12s
. (rIR:aIR:PR = 9238:8988:8988) (tPR = 133341) [OK] 
   421s:       rampup IR =  10393 ..[424.581s][info][gc,start       ] GC(69) Pause Young (Normal) (G1 Evacuation Pause)
[424.581s][info][gc,task        ] GC(69) Using 8 workers of 8 for evacuation
[424.723s][info][gc,phases      ] GC(69)   Pre Evacuate Collection Set: 0.28ms
[424.723s][info][gc,phases      ] GC(69)   Merge Heap Roots: 0.44ms
[424.723s][info][gc,phases      ] GC(69)   Evacuate Collection Set: 140.27ms
[424.723s][info][gc,phases      ] GC(69)   Post Evacuate Collection Set: 0.99ms
[424.723s][info][gc,phases      ] GC(69)   Other: 0.06ms
[424.723s][info][gc,heap        ] GC(69) Eden regions: 486->0(483)
[424.723s][info][gc,heap        ] GC(69) Survivor regions: 40->44(66)
[424.723s][info][gc,heap        ] GC(69) Old regions: 206->212
[424.723s][info][gc,heap        ] GC(69) Humongous regions: 81->81
[424.723s][info][gc,metaspace   ] GC(69) Metaspace: 35513K(37696K)->35513K(37696K) NonClass: 26531K(26752K)->26531K(26752K) Class: 8982K(10944K)->8982K(10944K)
[424.723s][info][gc             ] GC(69) Pause Young (Normal) (G1 Evacuation Pause) 6465M->2651M(10240M) 142.172ms
[424.723s][info][gc,cpu         ] GC(69) User=1.12s Sys=0.00s Real=0.15s
...[427.732s][info][gc,start       ] GC(70) Pause Young (Normal) (G1 Evacuation Pause)
[427.732s][info][gc,task        ] GC(70) Using 8 workers of 8 for evacuation
[427.877s][info][gc,phases      ] GC(70)   Pre Evacuate Collection Set: 0.30ms
[427.877s][info][gc,phases      ] GC(70)   Merge Heap Roots: 0.47ms
[427.877s][info][gc,phases      ] GC(70)   Evacuate Collection Set: 142.55ms
[427.877s][info][gc,phases      ] GC(70)   Post Evacuate Collection Set: 0.98ms
[427.877s][info][gc,phases      ] GC(70)   Other: 0.80ms
[427.877s][info][gc,heap        ] GC(70) Eden regions: 489->0(584)
[427.877s][info][gc,heap        ] GC(70) Survivor regions: 44->42(67)
[427.877s][info][gc,heap        ] GC(70) Old regions: 212->221
[427.877s][info][gc,heap        ] GC(70) Humongous regions: 81->81
[427.877s][info][gc,metaspace   ] GC(70) Metaspace: 35514K(37696K)->35514K(37696K) NonClass: 26532K(26752K)->26532K(26752K) Class: 8982K(10944K)->8982K(10944K)
[427.877s][info][gc             ] GC(70) Pause Young (Normal) (G1 Evacuation Pause) 6563M->2710M(10240M) 145.241ms
[427.877s][info][gc,cpu         ] GC(70) User=1.13s Sys=0.01s Real=0.15s
. (rIR:aIR:PR = 10393:10145:9976) (tPR = 145611) [OK] 
   427s:       rampup IR =  11548 ...[431.373s][info][gc,start       ] GC(71) Pause Young (Normal) (G1 Evacuation Pause)
[431.373s][info][gc,task        ] GC(71) Using 8 workers of 8 for evacuation
[431.521s][info][gc,phases      ] GC(71)   Pre Evacuate Collection Set: 0.30ms
[431.521s][info][gc,phases      ] GC(71)   Merge Heap Roots: 0.47ms
[431.521s][info][gc,phases      ] GC(71)   Evacuate Collection Set: 145.11ms
[431.521s][info][gc,phases      ] GC(71)   Post Evacuate Collection Set: 1.12ms
[431.521s][info][gc,phases      ] GC(71)   Other: 0.06ms
[431.521s][info][gc,heap        ] GC(71) Eden regions: 585->0(530)
[431.521s][info][gc,heap        ] GC(71) Survivor regions: 42->50(79)
[431.521s][info][gc,heap        ] GC(71) Old regions: 221->221
[431.521s][info][gc,heap        ] GC(71) Humongous regions: 81->81
[431.521s][info][gc,metaspace   ] GC(71) Metaspace: 35516K(37696K)->35516K(37696K) NonClass: 26534K(26752K)->26534K(26752K) Class: 8982K(10944K)->8982K(10944K)
[431.521s][info][gc             ] GC(71) Pause Young (Normal) (G1 Evacuation Pause) 7390M->2774M(10240M) 147.210ms
[431.521s][info][gc,cpu         ] GC(71) User=1.16s Sys=0.00s Real=0.14s
.. (rIR:aIR:PR = 11548:11480:11449) (tPR = 166568) [OK] 
   432s:       trying IR =  11648 .[434.620s][info][gc,start       ] GC(72) Pause Young (Normal) (G1 Evacuation Pause)
[434.620s][info][gc,task        ] GC(72) Using 8 workers of 8 for evacuation
[434.772s][info][gc,phases      ] GC(72)   Pre Evacuate Collection Set: 0.30ms
[434.772s][info][gc,phases      ] GC(72)   Merge Heap Roots: 0.47ms
[434.772s][info][gc,phases      ] GC(72)   Evacuate Collection Set: 150.77ms
[434.772s][info][gc,phases      ] GC(72)   Post Evacuate Collection Set: 1.02ms
[434.772s][info][gc,phases      ] GC(72)   Other: 0.06ms
[434.772s][info][gc,heap        ] GC(72) Eden regions: 526->0(724)
[434.772s][info][gc,heap        ] GC(72) Survivor regions: 50->43(72)
[434.772s][info][gc,heap        ] GC(72) Old regions: 221->231
[434.772s][info][gc,heap        ] GC(72) Humongous regions: 81->81
[434.772s][info][gc,metaspace   ] GC(72) Metaspace: 35526K(37696K)->35526K(37696K) NonClass: 26544K(26752K)->26544K(26752K) Class: 8982K(10944K)->8982K(10944K)
[434.772s][info][gc             ] GC(72) Pause Young (Normal) (G1 Evacuation Pause) 6982M->2803M(10240M) 152.751ms
[434.772s][info][gc,cpu         ] GC(72) User=1.20s Sys=0.00s Real=0.16s
.... (rIR:aIR:PR = 11648:11644:11619) (tPR = 175803) [OK] 
   437s:       trying IR =  11668 [438.835s][info][gc,start       ] GC(73) Pause Young (Normal) (G1 Evacuation Pause)
[438.835s][info][gc,task        ] GC(73) Using 8 workers of 8 for evacuation
[438.992s][info][gc,phases      ] GC(73)   Pre Evacuate Collection Set: 0.30ms
[438.992s][info][gc,phases      ] GC(73)   Merge Heap Roots: 0.51ms
[438.992s][info][gc,phases      ] GC(73)   Evacuate Collection Set: 154.40ms
[438.992s][info][gc,phases      ] GC(73)   Post Evacuate Collection Set: 1.36ms
[438.992s][info][gc,phases      ] GC(73)   Other: 0.07ms
[438.992s][info][gc,heap        ] GC(73) Eden regions: 719->0(578)
[438.992s][info][gc,heap        ] GC(73) Survivor regions: 43->53(96)
[438.992s][info][gc,heap        ] GC(73) Old regions: 231->231
[438.992s][info][gc,heap        ] GC(73) Humongous regions: 81->81
[438.992s][info][gc,metaspace   ] GC(73) Metaspace: 35526K(37696K)->35526K(37696K) NonClass: 26544K(26752K)->26544K(26752K) Class: 8982K(10944K)->8982K(10944K)
[438.992s][info][gc             ] GC(73) Pause Young (Normal) (G1 Evacuation Pause) 8555M->2879M(10240M) 156.794ms
[438.992s][info][gc,cpu         ] GC(73) User=1.23s Sys=0.00s Real=0.16s
....[442.195s][info][gc,start       ] GC(74) Pause Young (Normal) (G1 Evacuation Pause)
[442.195s][info][gc,task        ] GC(74) Using 8 workers of 8 for evacuation
[442.352s][info][gc,phases      ] GC(74)   Pre Evacuate Collection Set: 0.31ms
[442.352s][info][gc,phases      ] GC(74)   Merge Heap Roots: 0.50ms
[442.352s][info][gc,phases      ] GC(74)   Evacuate Collection Set: 155.54ms
[442.352s][info][gc,phases      ] GC(74)   Post Evacuate Collection Set: 1.15ms
[442.352s][info][gc,phases      ] GC(74)   Other: 0.06ms
[442.352s][info][gc,heap        ] GC(74) Eden regions: 572->0(723)
[442.352s][info][gc,heap        ] GC(74) Survivor regions: 53->45(79)
[442.352s][info][gc,heap        ] GC(74) Old regions: 231->240
[442.352s][info][gc,heap        ] GC(74) Humongous regions: 81->81
[442.352s][info][gc,metaspace   ] GC(74) Metaspace: 35527K(37696K)->35527K(37696K) NonClass: 26545K(26752K)->26545K(26752K) Class: 8982K(10944K)->8982K(10944K)
[442.352s][info][gc             ] GC(74) Pause Young (Normal) (G1 Evacuation Pause) 7455M->2890M(10240M) 157.690ms
[442.352s][info][gc,cpu         ] GC(74) User=1.24s Sys=0.00s Real=0.16s
... (rIR:aIR:PR = 11668:11758:11935) (tPR = 178608) [OK] 
   444s:       trying IR =  11692 .[446.432s][info][gc,start       ] GC(75) Pause Young (Normal) (G1 Evacuation Pause)
[446.432s][info][gc,task        ] GC(75) Using 8 workers of 8 for evacuation
[446.590s][info][gc,phases      ] GC(75)   Pre Evacuate Collection Set: 0.31ms
[446.590s][info][gc,phases      ] GC(75)   Merge Heap Roots: 0.52ms
[446.590s][info][gc,phases      ] GC(75)   Evacuate Collection Set: 155.63ms
[446.590s][info][gc,phases      ] GC(75)   Post Evacuate Collection Set: 1.42ms
[446.590s][info][gc,phases      ] GC(75)   Other: 0.07ms
[446.590s][info][gc,heap        ] GC(75) Eden regions: 723->0(670)
[446.590s][info][gc,heap        ] GC(75) Survivor regions: 45->53(96)
[446.590s][info][gc,heap        ] GC(75) Old regions: 240->240
[446.590s][info][gc,heap        ] GC(75) Humongous regions: 81->81
[446.590s][info][gc,metaspace   ] GC(75) Metaspace: 35527K(37696K)->35527K(37696K) NonClass: 26545K(26752K)->26545K(26752K) Class: 8982K(10944K)->8982K(10944K)
[446.590s][info][gc             ] GC(75) Pause Young (Normal) (G1 Evacuation Pause) 8674M->2950M(10240M) 158.082ms
[446.590s][info][gc,cpu         ] GC(75) User=1.24s Sys=0.00s Real=0.15s
.... (rIR:aIR:PR = 11692:11857:11903) (tPR = 179740) [OK] 
   449s:       trying IR =  11721 [450.323s][info][gc,start       ] GC(76) Pause Young (Normal) (G1 Evacuation Pause)
[450.323s][info][gc,task        ] GC(76) Using 8 workers of 8 for evacuation
[450.489s][info][gc,phases      ] GC(76)   Pre Evacuate Collection Set: 0.29ms
[450.489s][info][gc,phases      ] GC(76)   Merge Heap Roots: 0.50ms
[450.489s][info][gc,phases      ] GC(76)   Evacuate Collection Set: 164.21ms
[450.489s][info][gc,phases      ] GC(76)   Post Evacuate Collection Set: 1.28ms
[450.489s][info][gc,phases      ] GC(76)   Other: 0.06ms
[450.490s][info][gc,heap        ] GC(76) Eden regions: 661->0(707)
[450.490s][info][gc,heap        ] GC(76) Survivor regions: 53->53(90)
[450.490s][info][gc,heap        ] GC(76) Old regions: 240->243
[450.490s][info][gc,heap        ] GC(76) Humongous regions: 81->81
[450.490s][info][gc,metaspace   ] GC(76) Metaspace: 35527K(37696K)->35527K(37696K) NonClass: 26545K(26752K)->26545K(26752K) Class: 8982K(10944K)->8982K(10944K)
[450.490s][info][gc             ] GC(76) Pause Young (Normal) (G1 Evacuation Pause) 8238M->2977M(10240M) 166.480ms
[450.490s][info][gc,cpu         ] GC(76) User=1.32s Sys=0.00s Real=0.16s
....[454.459s][info][gc,start       ] GC(77) Pause Young (Normal) (G1 Evacuation Pause)
[454.459s][info][gc,task        ] GC(77) Using 8 workers of 8 for evacuation
[454.626s][info][gc,phases      ] GC(77)   Pre Evacuate Collection Set: 0.31ms
[454.626s][info][gc,phases      ] GC(77)   Merge Heap Roots: 0.54ms
[454.626s][info][gc,phases      ] GC(77)   Evacuate Collection Set: 164.74ms
[454.626s][info][gc,phases      ] GC(77)   Post Evacuate Collection Set: 1.23ms
[454.626s][info][gc,phases      ] GC(77)   Other: 0.06ms
[454.626s][info][gc,heap        ] GC(77) Eden regions: 699->0(715)
[454.626s][info][gc,heap        ] GC(77) Survivor regions: 53->53(94)
[454.626s][info][gc,heap        ] GC(77) Old regions: 243->246
[454.626s][info][gc,heap        ] GC(77) Humongous regions: 81->81
[454.626s][info][gc,metaspace   ] GC(77) Metaspace: 35527K(37696K)->35527K(37696K) NonClass: 26545K(26752K)->26545K(26752K) Class: 8982K(10944K)->8982K(10944K)
[454.626s][info][gc             ] GC(77) Pause Young (Normal) (G1 Evacuation Pause) 8569M->3001M(10240M) 167.030ms
[454.626s][info][gc,cpu         ] GC(77) User=1.31s Sys=0.00s Real=0.17s
.. (rIR:aIR:PR = 11721:11820:12131) (tPR = 184549) [OK] 
   455s:       trying IR =  11755 ..[458.655s][info][gc,start       ] GC(78) Pause Young (Normal) (G1 Evacuation Pause)
[458.656s][info][gc,task        ] GC(78) Using 8 workers of 8 for evacuation
[458.820s][info][gc,phases      ] GC(78)   Pre Evacuate Collection Set: 0.30ms
[458.821s][info][gc,phases      ] GC(78)   Merge Heap Roots: 0.54ms
[458.821s][info][gc,phases      ] GC(78)   Evacuate Collection Set: 162.78ms
[458.821s][info][gc,phases      ] GC(78)   Post Evacuate Collection Set: 1.29ms
[458.821s][info][gc,phases      ] GC(78)   Other: 0.06ms
[458.821s][info][gc,heap        ] GC(78) Eden regions: 715->0(715)
[458.821s][info][gc,heap        ] GC(78) Survivor regions: 53->53(96)
[458.821s][info][gc,heap        ] GC(78) Old regions: 246->249
[458.821s][info][gc,heap        ] GC(78) Humongous regions: 81->81
[458.821s][info][gc,metaspace   ] GC(78) Metaspace: 35528K(37696K)->35528K(37696K) NonClass: 26546K(26752K)->26546K(26752K) Class: 8982K(10944K)->8982K(10944K)
[458.821s][info][gc             ] GC(78) Pause Young (Normal) (G1 Evacuation Pause) 8721M->3020M(10240M) 165.123ms
[458.821s][info][gc,cpu         ] GC(78) User=1.30s Sys=0.00s Real=0.16s
.... (rIR:aIR:PR = 11755:11879:11827) (tPR = 170638) [OK] 
   461s:       trying IR =  11797 [462.858s][info][gc,start       ] GC(79) Pause Young (Normal) (G1 Evacuation Pause)
[462.858s][info][gc,task        ] GC(79) Using 8 workers of 8 for evacuation
[463.024s][info][gc,phases      ] GC(79)   Pre Evacuate Collection Set: 0.29ms
[463.024s][info][gc,phases      ] GC(79)   Merge Heap Roots: 0.55ms
[463.024s][info][gc,phases      ] GC(79)   Evacuate Collection Set: 164.41ms
[463.024s][info][gc,phases      ] GC(79)   Post Evacuate Collection Set: 1.28ms
[463.024s][info][gc,phases      ] GC(79)   Other: 0.07ms
[463.024s][info][gc,heap        ] GC(79) Eden regions: 715->0(715)
[463.024s][info][gc,heap        ] GC(79) Survivor regions: 53->53(96)
[463.024s][info][gc,heap        ] GC(79) Old regions: 249->251
[463.024s][info][gc,heap        ] GC(79) Humongous regions: 81->81
[463.024s][info][gc,metaspace   ] GC(79) Metaspace: 35528K(37696K)->35528K(37696K) NonClass: 26546K(26752K)->26546K(26752K) Class: 8982K(10944K)->8982K(10944K)
[463.024s][info][gc             ] GC(79) Pause Young (Normal) (G1 Evacuation Pause) 8740M->3045M(10240M) 166.712ms
[463.024s][info][gc,cpu         ] GC(79) User=1.32s Sys=0.00s Real=0.17s
....[466.989s][info][gc,start       ] GC(80) Pause Young (Normal) (G1 Evacuation Pause)
[466.990s][info][gc,task        ] GC(80) Using 8 workers of 8 for evacuation
[467.159s][info][gc,phases      ] GC(80)   Pre Evacuate Collection Set: 0.31ms
[467.159s][info][gc,phases      ] GC(80)   Merge Heap Roots: 0.54ms
[467.159s][info][gc,phases      ] GC(80)   Evacuate Collection Set: 167.38ms
[467.159s][info][gc,phases      ] GC(80)   Post Evacuate Collection Set: 1.32ms
[467.159s][info][gc,phases      ] GC(80)   Other: 0.07ms
[467.159s][info][gc,heap        ] GC(80) Eden regions: 715->0(713)
[467.159s][info][gc,heap        ] GC(80) Survivor regions: 53->55(96)
[467.159s][info][gc,heap        ] GC(80) Old regions: 251->254
[467.159s][info][gc,heap        ] GC(80) Humongous regions: 81->81
[467.159s][info][gc,metaspace   ] GC(80) Metaspace: 35528K(37696K)->35528K(37696K) NonClass: 26546K(26752K)->26546K(26752K) Class: 8982K(10944K)->8982K(10944K)
[467.159s][info][gc             ] GC(80) Pause Young (Normal) (G1 Evacuation Pause) 8765M->3077M(10240M) 169.752ms
[467.159s][info][gc,cpu         ] GC(80) User=1.33s Sys=0.01s Real=0.17s
... (rIR:aIR:PR = 11797:11983:12150) (tPR = 177785) [OK] 
   468s:       trying IR =  11847 ..[471.254s][info][gc,start       ] GC(81) Pause Young (Normal) (G1 Evacuation Pause)
[471.254s][info][gc,task        ] GC(81) Using 8 workers of 8 for evacuation
[471.419s][info][gc,phases      ] GC(81)   Pre Evacuate Collection Set: 0.29ms
[471.419s][info][gc,phases      ] GC(81)   Merge Heap Roots: 0.58ms
[471.419s][info][gc,phases      ] GC(81)   Evacuate Collection Set: 162.84ms
[471.419s][info][gc,phases      ] GC(81)   Post Evacuate Collection Set: 1.39ms
[471.419s][info][gc,phases      ] GC(81)   Other: 0.07ms
[471.419s][info][gc,heap        ] GC(81) Eden regions: 713->0(715)
[471.419s][info][gc,heap        ] GC(81) Survivor regions: 55->53(96)
[471.419s][info][gc,heap        ] GC(81) Old regions: 254->257
[471.419s][info][gc,heap        ] GC(81) Humongous regions: 81->81
[471.419s][info][gc,metaspace   ] GC(81) Metaspace: 35528K(37696K)->35528K(37696K) NonClass: 26546K(26752K)->26546K(26752K) Class: 8982K(10944K)->8982K(10944K)
[471.419s][info][gc             ] GC(81) Pause Young (Normal) (G1 Evacuation Pause) 8781M->3082M(10240M) 165.309ms
[471.419s][info][gc,cpu         ] GC(81) User=1.30s Sys=0.00s Real=0.16s
.. (rIR:aIR:PR = 11847:11385:11448) (tPR = 172962) [OK] 
   472s:       trying IR =  11906 ..[475.507s][info][gc,start       ] GC(82) Pause Young (Normal) (G1 Evacuation Pause)
[475.507s][info][gc,task        ] GC(82) Using 8 workers of 8 for evacuation
[475.678s][info][gc,phases      ] GC(82)   Pre Evacuate Collection Set: 0.28ms
[475.678s][info][gc,phases      ] GC(82)   Merge Heap Roots: 0.55ms
[475.678s][info][gc,phases      ] GC(82)   Evacuate Collection Set: 168.79ms
[475.678s][info][gc,phases      ] GC(82)   Post Evacuate Collection Set: 1.37ms
[475.678s][info][gc,phases      ] GC(82)   Other: 0.07ms
[475.678s][info][gc,heap        ] GC(82) Eden regions: 715->0(714)
[475.678s][info][gc,heap        ] GC(82) Survivor regions: 53->54(96)
[475.678s][info][gc,heap        ] GC(82) Old regions: 257->259
[475.678s][info][gc,heap        ] GC(82) Humongous regions: 81->81
[475.678s][info][gc,metaspace   ] GC(82) Metaspace: 35528K(37696K)->35528K(37696K) NonClass: 26546K(26752K)->26546K(26752K) Class: 8982K(10944K)->8982K(10944K)
[475.679s][info][gc             ] GC(82) Pause Young (Normal) (G1 Evacuation Pause) 8802M->3113M(10240M) 171.201ms
[475.679s][info][gc,cpu         ] GC(82) User=1.35s Sys=0.00s Real=0.17s
.... (rIR:aIR:PR = 11906:11668:11484) (tPR = 171534) [OK] 
   478s:       trying IR =  11978 [479.677s][info][gc,start       ] GC(83) Pause Young (Normal) (G1 Evacuation Pause)
[479.677s][info][gc,task        ] GC(83) Using 8 workers of 8 for evacuation
[479.845s][info][gc,phases      ] GC(83)   Pre Evacuate Collection Set: 0.32ms
[479.845s][info][gc,phases      ] GC(83)   Merge Heap Roots: 0.57ms
[479.845s][info][gc,phases      ] GC(83)   Evacuate Collection Set: 166.18ms
[479.845s][info][gc,phases      ] GC(83)   Post Evacuate Collection Set: 1.34ms
[479.845s][info][gc,phases      ] GC(83)   Other: 0.06ms
[479.845s][info][gc,heap        ] GC(83) Eden regions: 714->0(715)
[479.845s][info][gc,heap        ] GC(83) Survivor regions: 54->53(96)
[479.845s][info][gc,heap        ] GC(83) Old regions: 259->262
[479.845s][info][gc,heap        ] GC(83) Humongous regions: 81->81
[479.845s][info][gc,metaspace   ] GC(83) Metaspace: 35528K(37696K)->35528K(37696K) NonClass: 26546K(26752K)->26546K(26752K) Class: 8982K(10944K)->8982K(10944K)
[479.845s][info][gc             ] GC(83) Pause Young (Normal) (G1 Evacuation Pause) 8825M->3130M(10240M) 168.617ms
[479.845s][info][gc,cpu         ] GC(83) User=1.33s Sys=0.01s Real=0.17s
....[483.844s][info][gc,start       ] GC(84) Pause Young (Normal) (G1 Evacuation Pause)
[483.844s][info][gc,task        ] GC(84) Using 8 workers of 8 for evacuation
[484.013s][info][gc,phases      ] GC(84)   Pre Evacuate Collection Set: 0.26ms
[484.013s][info][gc,phases      ] GC(84)   Merge Heap Roots: 0.54ms
[484.013s][info][gc,phases      ] GC(84)   Evacuate Collection Set: 166.93ms
[484.013s][info][gc,phases      ] GC(84)   Post Evacuate Collection Set: 1.31ms
[484.013s][info][gc,phases      ] GC(84)   Other: 0.06ms
[484.013s][info][gc,heap        ] GC(84) Eden regions: 715->0(713)
[484.013s][info][gc,heap        ] GC(84) Survivor regions: 53->55(96)
[484.013s][info][gc,heap        ] GC(84) Old regions: 262->265
[484.013s][info][gc,heap        ] GC(84) Humongous regions: 81->81
[484.013s][info][gc,metaspace   ] GC(84) Metaspace: 35529K(37696K)->35529K(37696K) NonClass: 26547K(26752K)->26547K(26752K) Class: 8982K(10944K)->8982K(10944K)
[484.013s][info][gc             ] GC(84) Pause Young (Normal) (G1 Evacuation Pause) 8850M->3165M(10240M) 169.231ms
[484.013s][info][gc,cpu         ] GC(84) User=1.33s Sys=0.00s Real=0.17s
. (rIR:aIR:PR = 11978:11587:11650) (tPR = 179482) [OK] 
   483s:       trying IR =  12064 ...[488.065s][info][gc,start       ] GC(85) Pause Young (Normal) (G1 Evacuation Pause)
[488.065s][info][gc,task        ] GC(85) Using 8 workers of 8 for evacuation
[488.234s][info][gc,phases      ] GC(85)   Pre Evacuate Collection Set: 0.31ms
[488.234s][info][gc,phases      ] GC(85)   Merge Heap Roots: 0.59ms
[488.234s][info][gc,phases      ] GC(85)   Evacuate Collection Set: 167.01ms
[488.234s][info][gc,phases      ] GC(85)   Post Evacuate Collection Set: 1.35ms
[488.234s][info][gc,phases      ] GC(85)   Other: 0.07ms
[488.234s][info][gc,heap        ] GC(85) Eden regions: 713->0(715)
[488.234s][info][gc,heap        ] GC(85) Survivor regions: 55->53(96)
[488.234s][info][gc,heap        ] GC(85) Old regions: 265->268
[488.234s][info][gc,heap        ] GC(85) Humongous regions: 81->81
[488.234s][info][gc,metaspace   ] GC(85) Metaspace: 35529K(37696K)->35529K(37696K) NonClass: 26547K(26752K)->26547K(26752K) Class: 8982K(10944K)->8982K(10944K)
[488.234s][info][gc             ] GC(85) Pause Young (Normal) (G1 Evacuation Pause) 8869M->3174M(10240M) 169.494ms
[488.234s][info][gc,cpu         ] GC(85) User=1.33s Sys=0.00s Real=0.17s
....[492.138s][info][gc,start       ] GC(86) Pause Young (Normal) (G1 Evacuation Pause)
[492.138s][info][gc,task        ] GC(86) Using 8 workers of 8 for evacuation
[492.309s][info][gc,phases      ] GC(86)   Pre Evacuate Collection Set: 0.29ms
[492.309s][info][gc,phases      ] GC(86)   Merge Heap Roots: 0.56ms
[492.309s][info][gc,phases      ] GC(86)   Evacuate Collection Set: 168.22ms
[492.309s][info][gc,phases      ] GC(86)   Post Evacuate Collection Set: 1.33ms
[492.309s][info][gc,phases      ] GC(86)   Other: 0.08ms
[492.309s][info][gc,heap        ] GC(86) Eden regions: 715->0(714)
[492.309s][info][gc,heap        ] GC(86) Survivor regions: 53->54(96)
[492.309s][info][gc,heap        ] GC(86) Old regions: 268->270
[492.309s][info][gc,heap        ] GC(86) Humongous regions: 81->81
[492.309s][info][gc,metaspace   ] GC(86) Metaspace: 35529K(37696K)->35529K(37696K) NonClass: 26547K(26752K)->26547K(26752K) Class: 8982K(10944K)->8982K(10944K)
[492.309s][info][gc             ] GC(86) Pause Young (Normal) (G1 Evacuation Pause) 8894M->3200M(10240M) 170.623ms
[492.309s][info][gc,cpu         ] GC(86) User=1.35s Sys=0.00s Real=0.17s
. (rIR:aIR:PR = 12064:11832:11643) (tPR = 169450) [OK] 
   492s:       trying IR =  12167 ...[496.316s][info][gc,start       ] GC(87) Pause Young (Normal) (G1 Evacuation Pause)
[496.316s][info][gc,task        ] GC(87) Using 8 workers of 8 for evacuation
[496.485s][info][gc,phases      ] GC(87)   Pre Evacuate Collection Set: 0.29ms
[496.485s][info][gc,phases      ] GC(87)   Merge Heap Roots: 0.60ms
[496.485s][info][gc,phases      ] GC(87)   Evacuate Collection Set: 167.18ms
[496.485s][info][gc,phases      ] GC(87)   Post Evacuate Collection Set: 1.39ms
[496.485s][info][gc,phases      ] GC(87)   Other: 0.08ms
[496.485s][info][gc,heap        ] GC(87) Eden regions: 714->0(715)
[496.485s][info][gc,heap        ] GC(87) Survivor regions: 54->53(96)
[496.485s][info][gc,heap        ] GC(87) Old regions: 270->273
[496.485s][info][gc,heap        ] GC(87) Humongous regions: 81->81
[496.485s][info][gc,metaspace   ] GC(87) Metaspace: 35529K(37696K)->35529K(37696K) NonClass: 26547K(26752K)->26547K(26752K) Class: 8982K(10944K)->8982K(10944K)
[496.485s][info][gc             ] GC(87) Pause Young (Normal) (G1 Evacuation Pause) 8912M->3217M(10240M) 169.675ms
[496.485s][info][gc,cpu         ] GC(87) User=1.34s Sys=0.00s Real=0.17s
.... (rIR:aIR:PR = 12167:11890:11843) (tPR = 178106) [OK] 
   499s:       trying IR =  12291 [500.375s][info][gc,start       ] GC(88) Pause Young (Normal) (G1 Evacuation Pause)
[500.375s][info][gc,task        ] GC(88) Using 8 workers of 8 for evacuation
[500.546s][info][gc,phases      ] GC(88)   Pre Evacuate Collection Set: 0.31ms
[500.546s][info][gc,phases      ] GC(88)   Merge Heap Roots: 0.65ms
[500.546s][info][gc,phases      ] GC(88)   Evacuate Collection Set: 168.28ms
[500.546s][info][gc,phases      ] GC(88)   Post Evacuate Collection Set: 1.37ms
[500.546s][info][gc,phases      ] GC(88)   Other: 0.07ms
[500.546s][info][gc,heap        ] GC(88) Eden regions: 715->0(714)
[500.546s][info][gc,heap        ] GC(88) Survivor regions: 53->54(96)
[500.546s][info][gc,heap        ] GC(88) Old regions: 273->276
[500.546s][info][gc,heap        ] GC(88) Humongous regions: 81->81
[500.546s][info][gc,metaspace   ] GC(88) Metaspace: 35529K(37696K)->35529K(37696K) NonClass: 26547K(26752K)->26547K(26752K) Class: 8982K(10944K)->8982K(10944K)
[500.546s][info][gc             ] GC(88) Pause Young (Normal) (G1 Evacuation Pause) 8937M->3243M(10240M) 170.830ms
[500.546s][info][gc,cpu         ] GC(88) User=1.35s Sys=0.00s Real=0.17s
....[504.402s][info][gc,start       ] GC(89) Pause Young (Normal) (G1 Evacuation Pause)
[504.402s][info][gc,task        ] GC(89) Using 8 workers of 8 for evacuation
[504.572s][info][gc,phases      ] GC(89)   Pre Evacuate Collection Set: 0.32ms
[504.573s][info][gc,phases      ] GC(89)   Merge Heap Roots: 0.63ms
[504.573s][info][gc,phases      ] GC(89)   Evacuate Collection Set: 167.72ms
[504.573s][info][gc,phases      ] GC(89)   Post Evacuate Collection Set: 1.36ms
[504.573s][info][gc,phases      ] GC(89)   Other: 0.06ms
[504.573s][info][gc,heap        ] GC(89) Eden regions: 714->0(714)
[504.573s][info][gc,heap        ] GC(89) Survivor regions: 54->54(96)
[504.573s][info][gc,heap        ] GC(89) Old regions: 276->278
[504.573s][info][gc,heap        ] GC(89) Humongous regions: 81->81
[504.573s][info][gc,metaspace   ] GC(89) Metaspace: 35529K(37696K)->35529K(37696K) NonClass: 26547K(26752K)->26547K(26752K) Class: 8982K(10944K)->8982K(10944K)
[504.573s][info][gc             ] GC(89) Pause Young (Normal) (G1 Evacuation Pause) 8955M->3269M(10240M) 170.230ms
[504.573s][info][gc,cpu         ] GC(89) User=1.33s Sys=0.00s Real=0.17s
... (rIR:aIR:PR = 12291:12316:12529) (tPR = 189185) [OK] 
   506s:       trying IR =  12440 .[508.463s][info][gc,start       ] GC(90) Pause Young (Normal) (G1 Evacuation Pause)
[508.463s][info][gc,task        ] GC(90) Using 8 workers of 8 for evacuation
[508.632s][info][gc,phases      ] GC(90)   Pre Evacuate Collection Set: 0.31ms
[508.632s][info][gc,phases      ] GC(90)   Merge Heap Roots: 0.57ms
[508.632s][info][gc,phases      ] GC(90)   Evacuate Collection Set: 166.13ms
[508.632s][info][gc,phases      ] GC(90)   Post Evacuate Collection Set: 1.42ms
[508.632s][info][gc,phases      ] GC(90)   Other: 0.06ms
[508.632s][info][gc,heap        ] GC(90) Eden regions: 714->0(715)
[508.632s][info][gc,heap        ] GC(90) Survivor regions: 54->53(96)
[508.632s][info][gc,heap        ] GC(90) Old regions: 278->281
[508.632s][info][gc,heap        ] GC(90) Humongous regions: 81->81
[508.632s][info][gc,metaspace   ] GC(90) Metaspace: 35530K(37696K)->35530K(37696K) NonClass: 26548K(26752K)->26548K(26752K) Class: 8982K(10944K)->8982K(10944K)
[508.632s][info][gc             ] GC(90) Pause Young (Normal) (G1 Evacuation Pause) 8981M->3283M(10240M) 168.642ms
[508.632s][info][gc,cpu         ] GC(90) User=1.32s Sys=0.00s Real=0.17s
....[512.471s][info][gc,start       ] GC(91) Pause Young (Normal) (G1 Evacuation Pause)
[512.471s][info][gc,task        ] GC(91) Using 8 workers of 8 for evacuation
[512.648s][info][gc,phases      ] GC(91)   Pre Evacuate Collection Set: 0.29ms
[512.648s][info][gc,phases      ] GC(91)   Merge Heap Roots: 0.64ms
[512.648s][info][gc,phases      ] GC(91)   Evacuate Collection Set: 174.65ms
[512.648s][info][gc,phases      ] GC(91)   Post Evacuate Collection Set: 1.19ms
[512.648s][info][gc,phases      ] GC(91)   Other: 0.06ms
[512.648s][info][gc,heap        ] GC(91) Eden regions: 715->0(713)
[512.648s][info][gc,heap        ] GC(91) Survivor regions: 53->55(96)
[512.648s][info][gc,heap        ] GC(91) Old regions: 281->284
[512.648s][info][gc,heap        ] GC(91) Humongous regions: 81->81
[512.648s][info][gc,metaspace   ] GC(91) Metaspace: 35530K(37696K)->35530K(37696K) NonClass: 26548K(26752K)->26548K(26752K) Class: 8982K(10944K)->8982K(10944K)
[512.648s][info][gc             ] GC(91) Pause Young (Normal) (G1 Evacuation Pause) 9003M->3320M(10240M) 176.967ms
[512.648s][info][gc,cpu         ] GC(91) User=1.39s Sys=0.00s Real=0.18s
.... (rIR:aIR:PR = 12440:12627:12263) (tPR = 181049) [OK] 
   515s:       trying IR =  12618 [516.384s][info][gc,start       ] GC(92) Pause Young (Normal) (G1 Evacuation Pause)
[516.384s][info][gc,task        ] GC(92) Using 8 workers of 8 for evacuation
[516.553s][info][gc,phases      ] GC(92)   Pre Evacuate Collection Set: 0.27ms
[516.553s][info][gc,phases      ] GC(92)   Merge Heap Roots: 0.56ms
[516.553s][info][gc,phases      ] GC(92)   Evacuate Collection Set: 166.28ms
[516.553s][info][gc,phases      ] GC(92)   Post Evacuate Collection Set: 1.36ms
[516.553s][info][gc,phases      ] GC(92)   Other: 0.07ms
[516.553s][info][gc,heap        ] GC(92) Eden regions: 713->0(715)
[516.553s][info][gc,heap        ] GC(92) Survivor regions: 55->53(96)
[516.553s][info][gc,heap        ] GC(92) Old regions: 284->287
[516.553s][info][gc,heap        ] GC(92) Humongous regions: 81->81
[516.553s][info][gc,metaspace   ] GC(92) Metaspace: 35530K(37696K)->35530K(37696K) NonClass: 26548K(26752K)->26548K(26752K) Class: 8982K(10944K)->8982K(10944K)
[516.553s][info][gc             ] GC(92) Pause Young (Normal) (G1 Evacuation Pause) 9024M->3329M(10240M) 168.679ms
[516.553s][info][gc,cpu         ] GC(92) User=1.32s Sys=0.01s Real=0.17s
....[520.308s][info][gc,start       ] GC(93) Pause Young (Normal) (G1 Evacuation Pause)
[520.308s][info][gc,task        ] GC(93) Using 8 workers of 8 for evacuation
[520.480s][info][gc,phases      ] GC(93)   Pre Evacuate Collection Set: 0.27ms
[520.480s][info][gc,phases      ] GC(93)   Merge Heap Roots: 0.57ms
[520.480s][info][gc,phases      ] GC(93)   Evacuate Collection Set: 170.00ms
[520.480s][info][gc,phases      ] GC(93)   Post Evacuate Collection Set: 1.30ms
[520.480s][info][gc,phases      ] GC(93)   Other: 0.06ms
[520.480s][info][gc,heap        ] GC(93) Eden regions: 715->0(715)
[520.480s][info][gc,heap        ] GC(93) Survivor regions: 53->53(96)
[520.480s][info][gc,heap        ] GC(93) Old regions: 287->290
[520.480s][info][gc,heap        ] GC(93) Humongous regions: 81->81
[520.480s][info][gc,metaspace   ] GC(93) Metaspace: 35534K(37696K)->35534K(37696K) NonClass: 26552K(26752K)->26552K(26752K) Class: 8982K(10944K)->8982K(10944K)
[520.480s][info][gc             ] GC(93) Pause Young (Normal) (G1 Evacuation Pause) 9049M->3350M(10240M) 172.341ms
[520.480s][info][gc,cpu         ] GC(93) User=1.36s Sys=0.00s Real=0.17s
... (rIR:aIR:PR = 12618:12776:12594) (tPR = 188901) [OK] 
   522s:       trying IR =  12832 .[524.207s][info][gc,start       ] GC(94) Pause Young (Normal) (G1 Evacuation Pause)
[524.207s][info][gc,task        ] GC(94) Using 8 workers of 8 for evacuation
[524.378s][info][gc,phases      ] GC(94)   Pre Evacuate Collection Set: 0.28ms
[524.378s][info][gc,phases      ] GC(94)   Merge Heap Roots: 0.60ms
[524.378s][info][gc,phases      ] GC(94)   Evacuate Collection Set: 169.39ms
[524.378s][info][gc,phases      ] GC(94)   Post Evacuate Collection Set: 1.30ms
[524.378s][info][gc,phases      ] GC(94)   Other: 0.07ms
[524.378s][info][gc,heap        ] GC(94) Eden regions: 715->0(713)
[524.378s][info][gc,heap        ] GC(94) Survivor regions: 53->55(96)
[524.378s][info][gc,heap        ] GC(94) Old regions: 290->292
[524.378s][info][gc,heap        ] GC(94) Humongous regions: 81->81
[524.378s][info][gc,metaspace   ] GC(94) Metaspace: 35536K(37696K)->35536K(37696K) NonClass: 26554K(26752K)->26554K(26752K) Class: 8982K(10944K)->8982K(10944K)
[524.378s][info][gc             ] GC(94) Pause Young (Normal) (G1 Evacuation Pause) 9070M->3384M(10240M) 171.771ms
[524.378s][info][gc,cpu         ] GC(94) User=1.35s Sys=0.00s Real=0.17s
....[528.175s][info][gc,start       ] GC(95) Pause Young (Normal) (G1 Evacuation Pause)
[528.175s][info][gc,task        ] GC(95) Using 8 workers of 8 for evacuation
[528.346s][info][gc,phases      ] GC(95)   Pre Evacuate Collection Set: 0.28ms
[528.346s][info][gc,phases      ] GC(95)   Merge Heap Roots: 0.58ms
[528.346s][info][gc,phases      ] GC(95)   Evacuate Collection Set: 168.69ms
[528.346s][info][gc,phases      ] GC(95)   Post Evacuate Collection Set: 1.31ms
[528.346s][info][gc,phases      ] GC(95)   Other: 0.06ms
[528.346s][info][gc,heap        ] GC(95) Eden regions: 713->0(714)
[528.346s][info][gc,heap        ] GC(95) Survivor regions: 55->54(96)
[528.346s][info][gc,heap        ] GC(95) Old regions: 292->295
[528.346s][info][gc,heap        ] GC(95) Humongous regions: 81->81
[528.346s][info][gc,metaspace   ] GC(95) Metaspace: 35540K(37696K)->35540K(37696K) NonClass: 26558K(26752K)->26558K(26752K) Class: 8982K(10944K)->8982K(10944K)
[528.346s][info][gc             ] GC(95) Pause Young (Normal) (G1 Evacuation Pause) 9088M->3402M(10240M) 171.063ms
[528.346s][info][gc,cpu         ] GC(95) User=1.35s Sys=0.00s Real=0.17s
. (rIR:aIR:PR = 12832:12285:12286) (tPR = 182909) [OK] 
   528s:       trying IR =  13089 ...[532.105s][info][gc,start       ] GC(96) Pause Young (Normal) (G1 Evacuation Pause)
[532.105s][info][gc,task        ] GC(96) Using 8 workers of 8 for evacuation
[532.276s][info][gc,phases      ] GC(96)   Pre Evacuate Collection Set: 0.29ms
[532.276s][info][gc,phases      ] GC(96)   Merge Heap Roots: 0.60ms
[532.276s][info][gc,phases      ] GC(96)   Evacuate Collection Set: 169.17ms
[532.276s][info][gc,phases      ] GC(96)   Post Evacuate Collection Set: 1.36ms
[532.276s][info][gc,phases      ] GC(96)   Other: 0.06ms
[532.276s][info][gc,heap        ] GC(96) Eden regions: 714->0(714)
[532.276s][info][gc,heap        ] GC(96) Survivor regions: 54->54(96)
[532.276s][info][gc,heap        ] GC(96) Old regions: 295->298
[532.276s][info][gc,heap        ] GC(96) Humongous regions: 81->81
[532.276s][info][gc,metaspace   ] GC(96) Metaspace: 35540K(37696K)->35540K(37696K) NonClass: 26558K(26752K)->26558K(26752K) Class: 8982K(10944K)->8982K(10944K)
[532.276s][info][gc             ] GC(96) Pause Young (Normal) (G1 Evacuation Pause) 9114M->3425M(10240M) 171.622ms
[532.276s][info][gc,cpu         ] GC(96) User=1.35s Sys=0.00s Real=0.17s
....[536.041s][info][gc,start       ] GC(97) Pause Young (Normal) (G1 Evacuation Pause)
[536.041s][info][gc,task        ] GC(97) Using 8 workers of 8 for evacuation
[536.209s][info][gc,phases      ] GC(97)   Pre Evacuate Collection Set: 0.28ms
[536.209s][info][gc,phases      ] GC(97)   Merge Heap Roots: 0.56ms
[536.209s][info][gc,phases      ] GC(97)   Evacuate Collection Set: 166.50ms
[536.209s][info][gc,phases      ] GC(97)   Post Evacuate Collection Set: 1.34ms
[536.209s][info][gc,phases      ] GC(97)   Other: 0.06ms
[536.209s][info][gc,heap        ] GC(97) Eden regions: 714->0(715)
[536.209s][info][gc,heap        ] GC(97) Survivor regions: 54->53(96)
[536.209s][info][gc,heap        ] GC(97) Old regions: 298->301
[536.209s][info][gc,heap        ] GC(97) Humongous regions: 81->81
[536.209s][info][gc,metaspace   ] GC(97) Metaspace: 35540K(37696K)->35540K(37696K) NonClass: 26558K(26752K)->26558K(26752K) Class: 8982K(10944K)->8982K(10944K)
[536.209s][info][gc             ] GC(97) Pause Young (Normal) (G1 Evacuation Pause) 9137M->3438M(10240M) 168.879ms
[536.210s][info][gc,cpu         ] GC(97) User=1.33s Sys=0.01s Real=0.17s
....[540.095s][info][gc,start       ] GC(98) Pause Young (Normal) (G1 Evacuation Pause)
[540.095s][info][gc,task        ] GC(98) Using 8 workers of 8 for evacuation
[540.273s][info][gc,phases      ] GC(98)   Pre Evacuate Collection Set: 0.25ms
[540.273s][info][gc,phases      ] GC(98)   Merge Heap Roots: 0.59ms
[540.273s][info][gc,phases      ] GC(98)   Evacuate Collection Set: 175.95ms
[540.273s][info][gc,phases      ] GC(98)   Post Evacuate Collection Set: 1.28ms
[540.273s][info][gc,phases      ] GC(98)   Other: 0.06ms
[540.273s][info][gc,heap        ] GC(98) Eden regions: 715->0(713)
[540.273s][info][gc,heap        ] GC(98) Survivor regions: 53->55(96)
[540.273s][info][gc,heap        ] GC(98) Old regions: 301->303
[540.273s][info][gc,heap        ] GC(98) Humongous regions: 81->81
[540.273s][info][gc,metaspace   ] GC(98) Metaspace: 35540K(37696K)->35540K(37696K) NonClass: 26558K(26752K)->26558K(26752K) Class: 8982K(10944K)->8982K(10944K)
[540.273s][info][gc             ] GC(98) Pause Young (Normal) (G1 Evacuation Pause) 9158M->3476M(10240M) 178.263ms
[540.273s][info][gc,cpu         ] GC(98) User=1.41s Sys=0.00s Real=0.18s
....[543.980s][info][gc,start       ] GC(99) Pause Young (Normal) (G1 Evacuation Pause)
[543.980s][info][gc,task        ] GC(99) Using 8 workers of 8 for evacuation
[544.151s][info][gc,phases      ] GC(99)   Pre Evacuate Collection Set: 0.27ms
[544.151s][info][gc,phases      ] GC(99)   Merge Heap Roots: 0.62ms
[544.151s][info][gc,phases      ] GC(99)   Evacuate Collection Set: 168.82ms
[544.151s][info][gc,phases      ] GC(99)   Post Evacuate Collection Set: 1.23ms
[544.151s][info][gc,phases      ] GC(99)   Other: 0.07ms
[544.151s][info][gc,heap        ] GC(99) Eden regions: 713->0(720)
[544.151s][info][gc,heap        ] GC(99) Survivor regions: 55->48(96)
[544.151s][info][gc,heap        ] GC(99) Old regions: 303->312
[544.151s][info][gc,heap        ] GC(99) Humongous regions: 81->81
[544.151s][info][gc,metaspace   ] GC(99) Metaspace: 35540K(37696K)->35540K(37696K) NonClass: 26558K(26752K)->26558K(26752K) Class: 8982K(10944K)->8982K(10944K)
[544.151s][info][gc             ] GC(99) Pause Young (Normal) (G1 Evacuation Pause) 9180M->3486M(10240M) 171.140ms
[544.151s][info][gc,cpu         ] GC(99) User=1.34s Sys=0.01s Real=0.17s
....[548.002s][info][gc,start       ] GC(100) Pause Young (Normal) (G1 Evacuation Pause)
[548.003s][info][gc,task        ] GC(100) Using 8 workers of 8 for evacuation
[548.172s][info][gc,phases      ] GC(100)   Pre Evacuate Collection Set: 0.28ms
[548.172s][info][gc,phases      ] GC(100)   Merge Heap Roots: 0.56ms
[548.172s][info][gc,phases      ] GC(100)   Evacuate Collection Set: 167.22ms
[548.172s][info][gc,phases      ] GC(100)   Post Evacuate Collection Set: 1.33ms
[548.172s][info][gc,phases      ] GC(100)   Other: 0.07ms
[548.172s][info][gc,heap        ] GC(100) Eden regions: 720->0(713)
[548.172s][info][gc,heap        ] GC(100) Survivor regions: 48->55(96)
[548.172s][info][gc,heap        ] GC(100) Old regions: 312->312
[548.172s][info][gc,heap        ] GC(100) Humongous regions: 81->81
[548.172s][info][gc,metaspace   ] GC(100) Metaspace: 35540K(37696K)->35540K(37696K) NonClass: 26558K(26752K)->26558K(26752K) Class: 8982K(10944K)->8982K(10944K)
[548.172s][info][gc             ] GC(100) Pause Young (Normal) (G1 Evacuation Pause) 9246M->3546M(10240M) 169.578ms
[548.172s][info][gc,cpu         ] GC(100) User=1.34s Sys=0.00s Real=0.17s
....[551.945s][info][gc,start       ] GC(101) Pause Young (Normal) (G1 Evacuation Pause)
[551.945s][info][gc,task        ] GC(101) Using 8 workers of 8 for evacuation
[552.118s][info][gc,phases      ] GC(101)   Pre Evacuate Collection Set: 0.28ms
[552.118s][info][gc,phases      ] GC(101)   Merge Heap Roots: 0.57ms
[552.118s][info][gc,phases      ] GC(101)   Evacuate Collection Set: 171.15ms
[552.118s][info][gc,phases      ] GC(101)   Post Evacuate Collection Set: 1.24ms
[552.118s][info][gc,phases      ] GC(101)   Other: 0.06ms
[552.118s][info][gc,heap        ] GC(101) Eden regions: 713->0(718)
[552.118s][info][gc,heap        ] GC(101) Survivor regions: 55->48(96)
[552.118s][info][gc,heap        ] GC(101) Old regions: 312->321
[552.118s][info][gc,heap        ] GC(101) Humongous regions: 81->81
[552.118s][info][gc,metaspace   ] GC(101) Metaspace: 35540K(37696K)->35540K(37696K) NonClass: 26558K(26752K)->26558K(26752K) Class: 8982K(10944K)->8982K(10944K)
[552.118s][info][gc             ] GC(101) Pause Young (Normal) (G1 Evacuation Pause) 9250M->3558M(10240M) 173.437ms
[552.118s][info][gc,cpu         ] GC(101) User=1.36s Sys=0.00s Real=0.17s
....[555.897s][info][gc,start       ] GC(102) Pause Young (Normal) (G1 Evacuation Pause)
[555.897s][info][gc,task        ] GC(102) Using 8 workers of 8 for evacuation
[556.061s][info][gc,phases      ] GC(102)   Pre Evacuate Collection Set: 0.30ms
[556.061s][info][gc,phases      ] GC(102)   Merge Heap Roots: 0.59ms
[556.061s][info][gc,phases      ] GC(102)   Evacuate Collection Set: 161.54ms
[556.061s][info][gc,phases      ] GC(102)   Post Evacuate Collection Set: 1.29ms
[556.061s][info][gc,phases      ] GC(102)   Other: 0.07ms
[556.061s][info][gc,heap        ] GC(102) Eden regions: 718->0(708)
[556.061s][info][gc,heap        ] GC(102) Survivor regions: 48->53(96)
[556.061s][info][gc,heap        ] GC(102) Old regions: 321->321
[556.061s][info][gc,heap        ] GC(102) Humongous regions: 81->81
[556.061s][info][gc,metaspace   ] GC(102) Metaspace: 35540K(37696K)->35540K(37696K) NonClass: 26558K(26752K)->26558K(26752K) Class: 8982K(10944K)->8982K(10944K)
[556.061s][info][gc             ] GC(102) Pause Young (Normal) (G1 Evacuation Pause) 9302M->3598M(10240M) 163.935ms
[556.061s][info][gc,cpu         ] GC(102) User=1.29s Sys=0.00s Real=0.16s
... (rIR:aIR:PR = 13089:13001:12474) (tPR = 184244) [OK] 
   558s:       trying IR =  13397 .[559.810s][info][gc,start       ] GC(103) Pause Young (Normal) (G1 Evacuation Pause)
[559.810s][info][gc,task        ] GC(103) Using 8 workers of 8 for evacuation
[559.987s][info][gc,phases      ] GC(103)   Pre Evacuate Collection Set: 0.28ms
[559.987s][info][gc,phases      ] GC(103)   Merge Heap Roots: 0.65ms
[559.987s][info][gc,phases      ] GC(103)   Evacuate Collection Set: 174.38ms
[559.987s][info][gc,phases      ] GC(103)   Post Evacuate Collection Set: 1.31ms
[559.987s][info][gc,phases      ] GC(103)   Other: 0.07ms
[559.987s][info][gc,heap        ] GC(103) Eden regions: 708->0(702)
[559.987s][info][gc,heap        ] GC(103) Survivor regions: 53->55(96)
[559.987s][info][gc,heap        ] GC(103) Old regions: 321->323
[559.987s][info][gc,heap        ] GC(103) Humongous regions: 81->81
[559.987s][info][gc,metaspace   ] GC(103) Metaspace: 35540K(37696K)->35540K(37696K) NonClass: 26558K(26752K)->26558K(26752K) Class: 8982K(10944K)->8982K(10944K)
[559.987s][info][gc             ] GC(103) Pause Young (Normal) (G1 Evacuation Pause) 9262M->3636M(10240M) 176.825ms
[559.987s][info][gc,cpu         ] GC(103) User=1.39s Sys=0.00s Real=0.18s
...[563.790s][info][gc,start       ] GC(104) Pause Young (Normal) (G1 Evacuation Pause)
[563.790s][info][gc,task        ] GC(104) Using 8 workers of 8 for evacuation
[563.960s][info][gc,phases      ] GC(104)   Pre Evacuate Collection Set: 0.30ms
[563.960s][info][gc,phases      ] GC(104)   Merge Heap Roots: 0.72ms
[563.960s][info][gc,phases      ] GC(104)   Evacuate Collection Set: 166.47ms
[563.960s][info][gc,phases      ] GC(104)   Post Evacuate Collection Set: 1.28ms
[563.960s][info][gc,phases      ] GC(104)   Other: 0.83ms
[563.960s][info][gc,heap        ] GC(104) Eden regions: 702->0(703)
[563.960s][info][gc,heap        ] GC(104) Survivor regions: 55->53(95)
[563.960s][info][gc,heap        ] GC(104) Old regions: 323->326
[563.960s][info][gc,heap        ] GC(104) Humongous regions: 81->81
[563.960s][info][gc,metaspace   ] GC(104) Metaspace: 35541K(37696K)->35541K(37696K) NonClass: 26559K(26752K)->26559K(26752K) Class: 8982K(10944K)->8982K(10944K)
[563.960s][info][gc             ] GC(104) Pause Young (Normal) (G1 Evacuation Pause) 9252M->3642M(10240M) 169.721ms
[563.960s][info][gc,cpu         ] GC(104) User=1.32s Sys=0.01s Real=0.17s
....[567.613s][info][gc,start       ] GC(105) Pause Young (Normal) (G1 Evacuation Pause)
[567.613s][info][gc,task        ] GC(105) Using 8 workers of 8 for evacuation
[567.778s][info][gc,phases      ] GC(105)   Pre Evacuate Collection Set: 0.27ms
[567.778s][info][gc,phases      ] GC(105)   Merge Heap Roots: 0.62ms
[567.778s][info][gc,phases      ] GC(105)   Evacuate Collection Set: 163.12ms
[567.778s][info][gc,phases      ] GC(105)   Post Evacuate Collection Set: 1.28ms
[567.778s][info][gc,phases      ] GC(105)   Other: 0.06ms
[567.778s][info][gc,heap        ] GC(105) Eden regions: 703->0(700)
[567.778s][info][gc,heap        ] GC(105) Survivor regions: 53->53(95)
[567.778s][info][gc,heap        ] GC(105) Old regions: 326->329
[567.778s][info][gc,heap        ] GC(105) Humongous regions: 81->81
[567.778s][info][gc,metaspace   ] GC(105) Metaspace: 35541K(37696K)->35541K(37696K) NonClass: 26559K(26752K)->26559K(26752K) Class: 8982K(10944K)->8982K(10944K)
[567.778s][info][gc             ] GC(105) Pause Young (Normal) (G1 Evacuation Pause) 9266M->3661M(10240M) 165.487ms
[567.778s][info][gc,cpu         ] GC(105) User=1.31s Sys=0.00s Real=0.16s
....[571.175s][info][gc,start       ] GC(106) Pause Young (Normal) (G1 Evacuation Pause)
[571.175s][info][gc,task        ] GC(106) Using 8 workers of 8 for evacuation
[571.349s][info][gc,phases      ] GC(106)   Pre Evacuate Collection Set: 0.29ms
[571.349s][info][gc,phases      ] GC(106)   Merge Heap Roots: 0.61ms
[571.349s][info][gc,phases      ] GC(106)   Evacuate Collection Set: 171.49ms
[571.349s][info][gc,phases      ] GC(106)   Post Evacuate Collection Set: 1.25ms
[571.349s][info][gc,phases      ] GC(106)   Other: 0.06ms
[571.349s][info][gc,heap        ] GC(106) Eden regions: 700->0(693)
[571.349s][info][gc,heap        ] GC(106) Survivor regions: 53->55(95)
[571.349s][info][gc,heap        ] GC(106) Old regions: 329->332
[571.349s][info][gc,heap        ] GC(106) Humongous regions: 81->81
[571.349s][info][gc,metaspace   ] GC(106) Metaspace: 35541K(37696K)->35541K(37696K) NonClass: 26559K(26752K)->26559K(26752K) Class: 8982K(10944K)->8982K(10944K)
[571.349s][info][gc             ] GC(106) Pause Young (Normal) (G1 Evacuation Pause) 9261M->3699M(10240M) 173.841ms
[571.349s][info][gc,cpu         ] GC(106) User=1.37s Sys=0.01s Real=0.17s
....[575.065s][info][gc,start       ] GC(107) Pause Young (Normal) (G1 Evacuation Pause)
[575.065s][info][gc,task        ] GC(107) Using 8 workers of 8 for evacuation
[575.237s][info][gc,phases      ] GC(107)   Pre Evacuate Collection Set: 0.29ms
[575.238s][info][gc,phases      ] GC(107)   Merge Heap Roots: 0.61ms
[575.238s][info][gc,phases      ] GC(107)   Evacuate Collection Set: 169.92ms
[575.238s][info][gc,phases      ] GC(107)   Post Evacuate Collection Set: 1.22ms
[575.238s][info][gc,phases      ] GC(107)   Other: 0.06ms
[575.238s][info][gc,heap        ] GC(107) Eden regions: 693->0(697)
[575.238s][info][gc,heap        ] GC(107) Survivor regions: 55->49(94)
[575.238s][info][gc,heap        ] GC(107) Old regions: 332->340
[575.238s][info][gc,heap        ] GC(107) Humongous regions: 81->81
[575.238s][info][gc,metaspace   ] GC(107) Metaspace: 35541K(37696K)->35541K(37696K) NonClass: 26559K(26752K)->26559K(26752K) Class: 8982K(10944K)->8982K(10944K)
[575.238s][info][gc             ] GC(107) Pause Young (Normal) (G1 Evacuation Pause) 9243M->3717M(10240M) 172.247ms
[575.238s][info][gc,cpu         ] GC(107) User=1.34s Sys=0.02s Real=0.17s
...[578.743s][info][gc,start       ] GC(108) Pause Young (Normal) (G1 Evacuation Pause)
[578.743s][info][gc,task        ] GC(108) Using 8 workers of 8 for evacuation
[578.915s][info][gc,phases      ] GC(108)   Pre Evacuate Collection Set: 0.29ms
[578.915s][info][gc,phases      ] GC(108)   Merge Heap Roots: 0.57ms
[578.915s][info][gc,phases      ] GC(108)   Evacuate Collection Set: 169.68ms
[578.915s][info][gc,phases      ] GC(108)   Post Evacuate Collection Set: 1.26ms
[578.915s][info][gc,phases      ] GC(108)   Other: 0.06ms
[578.915s][info][gc,heap        ] GC(108) Eden regions: 697->0(681)
[578.915s][info][gc,heap        ] GC(108) Survivor regions: 49->57(94)
[578.915s][info][gc,heap        ] GC(108) Old regions: 340->340
[578.915s][info][gc,heap        ] GC(108) Humongous regions: 81->81
[578.915s][info][gc,metaspace   ] GC(108) Metaspace: 35541K(37696K)->35541K(37696K) NonClass: 26559K(26752K)->26559K(26752K) Class: 8982K(10944K)->8982K(10944K)
[578.915s][info][gc             ] GC(108) Pause Young (Normal) (G1 Evacuation Pause) 9293M->3781M(10240M) 171.985ms
[578.915s][info][gc,cpu         ] GC(108) User=1.35s Sys=0.00s Real=0.17s
....[582.402s][info][gc,start       ] GC(109) Pause Young (Normal) (G1 Evacuation Pause)
[582.402s][info][gc,task        ] GC(109) Using 8 workers of 8 for evacuation
[582.572s][info][gc,phases      ] GC(109)   Pre Evacuate Collection Set: 0.29ms
[582.572s][info][gc,phases      ] GC(109)   Merge Heap Roots: 0.59ms
[582.572s][info][gc,phases      ] GC(109)   Evacuate Collection Set: 168.15ms
[582.572s][info][gc,phases      ] GC(109)   Post Evacuate Collection Set: 1.21ms
[582.572s][info][gc,phases      ] GC(109)   Other: 0.06ms
[582.572s][info][gc,heap        ] GC(109) Eden regions: 681->0(691)
[582.572s][info][gc,heap        ] GC(109) Survivor regions: 57->48(93)
[582.572s][info][gc,heap        ] GC(109) Old regions: 340->348
[582.572s][info][gc,heap        ] GC(109) Humongous regions: 81->81
[582.572s][info][gc,metaspace   ] GC(109) Metaspace: 35541K(37696K)->35541K(37696K) NonClass: 26559K(26752K)->26559K(26752K) Class: 8982K(10944K)->8982K(10944K)
[582.572s][info][gc             ] GC(109) Pause Young (Normal) (G1 Evacuation Pause) 9229M->3777M(10240M) 170.468ms
[582.572s][info][gc,cpu         ] GC(109) User=1.34s Sys=0.00s Real=0.18s
. (rIR:aIR:PR = 13397:12915:12831) (tPR = 190188) [OK] 
   582s:       trying IR =  13767 ...[586.304s][info][gc,start       ] GC(110) Pause Young (Normal) (G1 Evacuation Pause)
[586.304s][info][gc,task        ] GC(110) Using 8 workers of 8 for evacuation
[586.465s][info][gc,phases      ] GC(110)   Pre Evacuate Collection Set: 0.29ms
[586.466s][info][gc,phases      ] GC(110)   Merge Heap Roots: 0.59ms
[586.466s][info][gc,phases      ] GC(110)   Evacuate Collection Set: 158.96ms
[586.466s][info][gc,phases      ] GC(110)   Post Evacuate Collection Set: 1.24ms
[586.466s][info][gc,phases      ] GC(110)   Other: 0.07ms
[586.466s][info][gc,heap        ] GC(110) Eden regions: 691->0(681)
[586.466s][info][gc,heap        ] GC(110) Survivor regions: 48->53(93)
[586.466s][info][gc,heap        ] GC(110) Old regions: 348->348
[586.466s][info][gc,heap        ] GC(110) Humongous regions: 81->81
[586.466s][info][gc,metaspace   ] GC(110) Metaspace: 35541K(37696K)->35541K(37696K) NonClass: 26559K(26752K)->26559K(26752K) Class: 8982K(10944K)->8982K(10944K)
[586.466s][info][gc             ] GC(110) Pause Young (Normal) (G1 Evacuation Pause) 9305M->3821M(10240M) 161.273ms
[586.466s][info][gc,cpu         ] GC(110) User=1.27s Sys=0.00s Real=0.16s
...[589.892s][info][gc,start       ] GC(111) Pause Young (Normal) (G1 Evacuation Pause)
[589.892s][info][gc,task        ] GC(111) Using 8 workers of 8 for evacuation
[590.065s][info][gc,phases      ] GC(111)   Pre Evacuate Collection Set: 0.28ms
[590.065s][info][gc,phases      ] GC(111)   Merge Heap Roots: 0.58ms
[590.065s][info][gc,phases      ] GC(111)   Evacuate Collection Set: 171.52ms
[590.065s][info][gc,phases      ] GC(111)   Post Evacuate Collection Set: 1.28ms
[590.065s][info][gc,phases      ] GC(111)   Other: 0.08ms
[590.065s][info][gc,heap        ] GC(111) Eden regions: 681->0(674)
[590.065s][info][gc,heap        ] GC(111) Survivor regions: 53->55(92)
[590.065s][info][gc,heap        ] GC(111) Old regions: 348->351
[590.065s][info][gc,heap        ] GC(111) Humongous regions: 81->81
[590.065s][info][gc,metaspace   ] GC(111) Metaspace: 35543K(37760K)->35543K(37760K) NonClass: 26561K(26816K)->26561K(26816K) Class: 8982K(10944K)->8982K(10944K)
[590.065s][info][gc             ] GC(111) Pause Young (Normal) (G1 Evacuation Pause) 9269M->3861M(10240M) 173.870ms
[590.066s][info][gc,cpu         ] GC(111) User=1.37s Sys=0.00s Real=0.18s
....[593.647s][info][gc,start       ] GC(112) Pause Young (Normal) (G1 Evacuation Pause)
[593.647s][info][gc,task        ] GC(112) Using 8 workers of 8 for evacuation
[593.816s][info][gc,phases      ] GC(112)   Pre Evacuate Collection Set: 0.26ms
[593.816s][info][gc,phases      ] GC(112)   Merge Heap Roots: 0.57ms
[593.816s][info][gc,phases      ] GC(112)   Evacuate Collection Set: 167.14ms
[593.816s][info][gc,phases      ] GC(112)   Post Evacuate Collection Set: 1.21ms
[593.816s][info][gc,phases      ] GC(112)   Other: 0.07ms
[593.816s][info][gc,heap        ] GC(112) Eden regions: 674->0(677)
[593.816s][info][gc,heap        ] GC(112) Survivor regions: 55->49(92)
[593.816s][info][gc,heap        ] GC(112) Old regions: 351->360
[593.816s][info][gc,heap        ] GC(112) Humongous regions: 81->81
[593.816s][info][gc,metaspace   ] GC(112) Metaspace: 35544K(37760K)->35544K(37760K) NonClass: 26562K(26816K)->26562K(26816K) Class: 8982K(10944K)->8982K(10944K)
[593.816s][info][gc             ] GC(112) Pause Young (Normal) (G1 Evacuation Pause) 9253M->3880M(10240M) 169.387ms
[593.816s][info][gc,cpu         ] GC(112) User=1.33s Sys=0.00s Real=0.17s
....[597.378s][info][gc,start       ] GC(113) Pause Young (Normal) (G1 Evacuation Pause)
[597.378s][info][gc,task        ] GC(113) Using 8 workers of 8 for evacuation
[597.544s][info][gc,phases      ] GC(113)   Pre Evacuate Collection Set: 0.29ms
[597.544s][info][gc,phases      ] GC(113)   Merge Heap Roots: 0.59ms
[597.544s][info][gc,phases      ] GC(113)   Evacuate Collection Set: 163.84ms
[597.544s][info][gc,phases      ] GC(113)   Post Evacuate Collection Set: 1.20ms
[597.544s][info][gc,phases      ] GC(113)   Other: 0.07ms
[597.544s][info][gc,heap        ] GC(113) Eden regions: 677->0(672)
[597.544s][info][gc,heap        ] GC(113) Survivor regions: 49->48(91)
[597.544s][info][gc,heap        ] GC(113) Old regions: 360->367
[597.544s][info][gc,heap        ] GC(113) Humongous regions: 81->81
[597.544s][info][gc,metaspace   ] GC(113) Metaspace: 35544K(37760K)->35544K(37760K) NonClass: 26562K(26816K)->26562K(26816K) Class: 8982K(10944K)->8982K(10944K)
[597.544s][info][gc             ] GC(113) Pause Young (Normal) (G1 Evacuation Pause) 9296M->3929M(10240M) 166.133ms
[597.544s][info][gc,cpu         ] GC(113) User=1.31s Sys=0.00s Real=0.17s
...[601.057s][info][gc,start       ] GC(114) Pause Young (Normal) (G1 Evacuation Pause)
[601.057s][info][gc,task        ] GC(114) Using 8 workers of 8 for evacuation
[601.216s][info][gc,phases      ] GC(114)   Pre Evacuate Collection Set: 0.27ms
[601.216s][info][gc,phases      ] GC(114)   Merge Heap Roots: 0.60ms
[601.216s][info][gc,phases      ] GC(114)   Evacuate Collection Set: 156.78ms
[601.216s][info][gc,phases      ] GC(114)   Post Evacuate Collection Set: 1.21ms
[601.216s][info][gc,phases      ] GC(114)   Other: 0.08ms
[601.216s][info][gc,heap        ] GC(114) Eden regions: 672->0(668)
[601.216s][info][gc,heap        ] GC(114) Survivor regions: 48->47(90)
[601.216s][info][gc,heap        ] GC(114) Old regions: 367->373
[601.216s][info][gc,heap        ] GC(114) Humongous regions: 81->81
[601.216s][info][gc,metaspace   ] GC(114) Metaspace: 35544K(37760K)->35544K(37760K) NonClass: 26562K(26816K)->26562K(26816K) Class: 8982K(10944K)->8982K(10944K)
[601.216s][info][gc             ] GC(114) Pause Young (Normal) (G1 Evacuation Pause) 9305M->3966M(10240M) 159.067ms
[601.216s][info][gc,cpu         ] GC(114) User=1.25s Sys=0.00s Real=0.16s
....[604.626s][info][gc,start       ] GC(115) Pause Young (Normal) (G1 Evacuation Pause)
[604.626s][info][gc,task        ] GC(115) Using 8 workers of 8 for evacuation
[604.789s][info][gc,phases      ] GC(115)   Pre Evacuate Collection Set: 0.28ms
[604.789s][info][gc,phases      ] GC(115)   Merge Heap Roots: 0.60ms
[604.789s][info][gc,phases      ] GC(115)   Evacuate Collection Set: 161.11ms
[604.789s][info][gc,phases      ] GC(115)   Post Evacuate Collection Set: 1.28ms
[604.789s][info][gc,phases      ] GC(115)   Other: 0.07ms
[604.789s][info][gc,heap        ] GC(115) Eden regions: 668->0(660)
[604.789s][info][gc,heap        ] GC(115) Survivor regions: 47->48(90)
[604.789s][info][gc,heap        ] GC(115) Old regions: 373->379
[604.789s][info][gc,heap        ] GC(115) Humongous regions: 81->81
[604.789s][info][gc,metaspace   ] GC(115) Metaspace: 35545K(37760K)->35545K(37760K) NonClass: 26563K(26816K)->26563K(26816K) Class: 8982K(10944K)->8982K(10944K)
[604.789s][info][gc             ] GC(115) Pause Young (Normal) (G1 Evacuation Pause) 9310M->4024M(10240M) 163.461ms
[604.789s][info][gc,cpu         ] GC(115) User=1.28s Sys=0.00s Real=0.16s
...[608.112s][info][gc,start       ] GC(116) Pause Young (Normal) (G1 Evacuation Pause)
[608.112s][info][gc,task        ] GC(116) Using 8 workers of 8 for evacuation
[608.274s][info][gc,phases      ] GC(116)   Pre Evacuate Collection Set: 0.29ms
[608.274s][info][gc,phases      ] GC(116)   Merge Heap Roots: 0.56ms
[608.274s][info][gc,phases      ] GC(116)   Evacuate Collection Set: 160.40ms
[608.274s][info][gc,phases      ] GC(116)   Post Evacuate Collection Set: 1.15ms
[608.274s][info][gc,phases      ] GC(116)   Other: 0.07ms
[608.274s][info][gc,heap        ] GC(116) Eden regions: 660->0(656)
[608.274s][info][gc,heap        ] GC(116) Survivor regions: 48->47(89)
[608.274s][info][gc,heap        ] GC(116) Old regions: 379->385
[608.274s][info][gc,heap        ] GC(116) Humongous regions: 81->81
[608.274s][info][gc,metaspace   ] GC(116) Metaspace: 35546K(37760K)->35546K(37760K) NonClass: 26564K(26816K)->26564K(26816K) Class: 8982K(10944K)->8982K(10944K)
[608.274s][info][gc             ] GC(116) Pause Young (Normal) (G1 Evacuation Pause) 9304M->4068M(10240M) 162.605ms
[608.274s][info][gc,cpu         ] GC(116) User=1.28s Sys=0.00s Real=0.17s
....[611.720s][info][gc,start       ] GC(117) Pause Young (Normal) (G1 Evacuation Pause)
[611.720s][info][gc,task        ] GC(117) Using 8 workers of 8 for evacuation
[611.883s][info][gc,phases      ] GC(117)   Pre Evacuate Collection Set: 0.28ms
[611.883s][info][gc,phases      ] GC(117)   Merge Heap Roots: 0.66ms
[611.883s][info][gc,phases      ] GC(117)   Evacuate Collection Set: 160.59ms
[611.883s][info][gc,phases      ] GC(117)   Post Evacuate Collection Set: 1.15ms
[611.883s][info][gc,phases      ] GC(117)   Other: 0.07ms
[611.883s][info][gc,heap        ] GC(117) Eden regions: 656->0(650)
[611.883s][info][gc,heap        ] GC(117) Survivor regions: 47->47(88)
[611.883s][info][gc,heap        ] GC(117) Old regions: 385->391
[611.883s][info][gc,heap        ] GC(117) Humongous regions: 81->81
[611.883s][info][gc,metaspace   ] GC(117) Metaspace: 35546K(37760K)->35546K(37760K) NonClass: 26564K(26816K)->26564K(26816K) Class: 8982K(10944K)->8982K(10944K)
[611.883s][info][gc             ] GC(117) Pause Young (Normal) (G1 Evacuation Pause) 9316M->4117M(10240M) 162.901ms
[611.883s][info][gc,cpu         ] GC(117) User=1.28s Sys=0.00s Real=0.17s
.. (rIR:aIR:PR = 13767:13925:12715) (tPR = 187257) [PR is under limit] 
   613s: Re-initializing (term) [613.436s][info][gc,start       ] GC(118) Pause Full (System.gc())
[613.436s][info][gc,task        ] GC(118) Using 8 workers of 8 for full compaction
[613.436s][info][gc,phases,start] GC(118) Phase 1: Mark live objects
[613.452s][info][gc,phases      ] GC(118) Phase 1: Mark live objects 15.744ms
[613.452s][info][gc,phases,start] GC(118) Phase 2: Prepare compaction
[613.459s][info][gc,phases      ] GC(118) Phase 2: Prepare compaction 6.815ms
[613.459s][info][gc,phases,start] GC(118) Phase 3: Adjust pointers
[613.470s][info][gc,phases      ] GC(118) Phase 3: Adjust pointers 11.430ms
[613.470s][info][gc,phases,start] GC(118) Phase 4: Compact heap
[613.477s][info][gc,phases      ] GC(118) Phase 4: Compact heap 6.783ms
[613.477s][info][gc,phases,start] GC(118) Phase 5: Reset Metadata
[613.481s][info][gc,phases      ] GC(118) Phase 5: Reset Metadata 3.964ms
[613.492s][info][gc,heap        ] GC(118) Eden regions: 293->0(768)
[613.492s][info][gc,heap        ] GC(118) Survivor regions: 47->0(88)
[613.492s][info][gc,heap        ] GC(118) Old regions: 391->13
[613.492s][info][gc,heap        ] GC(118) Humongous regions: 81->33
[613.492s][info][gc,metaspace   ] GC(118) Metaspace: 35546K(37760K)->35546K(37760K) NonClass: 26564K(26816K)->26564K(26816K) Class: 8982K(10944K)->8982K(10944K)
[613.492s][info][gc             ] GC(118) Pause Full (System.gc()) 6457M->333M(10240M) 56.700ms
[613.492s][info][gc,cpu         ] GC(118) User=0.38s Sys=0.01s Real=0.06s
(init) ... OK
   618s: Searching from base IR = 13397
   618s:       rampup IR =      0 ... (rIR:aIR:PR = 0:0:0) (tPR = 0) [OK] 
   621s:       rampup IR =   1340 .... (rIR:aIR:PR = 1340:1316:1316) (tPR = 17985) [OK] 
   625s:       rampup IR =   2679 .... (rIR:aIR:PR = 2679:2650:2650) (tPR = 39347) [OK] 
   629s:       rampup IR =   4019 .[631.097s][info][gc,start       ] GC(119) Pause Young (Normal) (G1 Evacuation Pause)
[631.097s][info][gc,task        ] GC(119) Using 8 workers of 8 for evacuation
[631.816s][info][gc,mmu         ] GC(119) MMU target violated: 201.0ms (200.0ms/201.0ms)
[631.816s][info][gc,phases      ] GC(119)   Pre Evacuate Collection Set: 0.30ms
[631.816s][info][gc,phases      ] GC(119)   Merge Heap Roots: 0.89ms
[631.816s][info][gc,phases      ] GC(119)   Evacuate Collection Set: 716.28ms
[631.816s][info][gc,phases      ] GC(119)   Post Evacuate Collection Set: 1.59ms
[631.816s][info][gc,phases      ] GC(119)   Other: 0.11ms
[631.816s][info][gc,heap        ] GC(119) Eden regions: 768->0(372)
[631.816s][info][gc,heap        ] GC(119) Survivor regions: 0->96(96)
[631.816s][info][gc,heap        ] GC(119) Old regions: 13->66
[631.816s][info][gc,heap        ] GC(119) Humongous regions: 86->81
[631.816s][info][gc,metaspace   ] GC(119) Metaspace: 35593K(37824K)->35593K(37824K) NonClass: 26589K(26880K)->26589K(26880K) Class: 9004K(10944K)->9004K(10944K)
[631.816s][info][gc             ] GC(119) Pause Young (Normal) (G1 Evacuation Pause) 6901M->1905M(10240M) 719.295ms
[631.816s][info][gc,cpu         ] GC(119) User=5.68s Sys=0.01s Real=0.72s
.... (rIR:aIR:PR = 4019:3984:3984) (tPR = 60182) [OK] 
   634s:       rampup IR =   5359 .[636.639s][info][gc,start       ] GC(120) Pause Young (Normal) (G1 Evacuation Pause)
[636.639s][info][gc,task        ] GC(120) Using 8 workers of 8 for evacuation
[637.050s][info][gc,mmu         ] GC(120) MMU target violated: 201.0ms (200.0ms/201.0ms)
[637.050s][info][gc,phases      ] GC(120)   Pre Evacuate Collection Set: 0.27ms
[637.050s][info][gc,phases      ] GC(120)   Merge Heap Roots: 0.74ms
[637.050s][info][gc,phases      ] GC(120)   Evacuate Collection Set: 409.41ms
[637.050s][info][gc,phases      ] GC(120)   Post Evacuate Collection Set: 0.82ms
[637.050s][info][gc,phases      ] GC(120)   Other: 0.10ms
[637.050s][info][gc,heap        ] GC(120) Eden regions: 362->0(256)
[637.050s][info][gc,heap        ] GC(120) Survivor regions: 96->23(58)
[637.050s][info][gc,heap        ] GC(120) Old regions: 66->161
[637.050s][info][gc,heap        ] GC(120) Humongous regions: 81->81
[637.050s][info][gc,metaspace   ] GC(120) Metaspace: 35604K(37824K)->35604K(37824K) NonClass: 26600K(26880K)->26600K(26880K) Class: 9004K(10944K)->9004K(10944K)
[637.050s][info][gc             ] GC(120) Pause Young (Normal) (G1 Evacuation Pause) 4801M->2077M(10240M) 411.441ms
[637.050s][info][gc,cpu         ] GC(120) User=3.23s Sys=0.01s Real=0.41s
.... (rIR:aIR:PR = 5359:5355:5355) (tPR = 79763) [OK] 
   639s:       rampup IR =   6699 [640.646s][info][gc,start       ] GC(121) Pause Young (Normal) (G1 Evacuation Pause)
[640.646s][info][gc,task        ] GC(121) Using 8 workers of 8 for evacuation
[640.746s][info][gc,phases      ] GC(121)   Pre Evacuate Collection Set: 0.27ms
[640.746s][info][gc,phases      ] GC(121)   Merge Heap Roots: 0.53ms
[640.746s][info][gc,phases      ] GC(121)   Evacuate Collection Set: 98.58ms
[640.746s][info][gc,phases      ] GC(121)   Post Evacuate Collection Set: 0.94ms
[640.746s][info][gc,phases      ] GC(121)   Other: 0.06ms
[640.746s][info][gc,heap        ] GC(121) Eden regions: 327->0(196)
[640.746s][info][gc,heap        ] GC(121) Survivor regions: 23->33(44)
[640.746s][info][gc,heap        ] GC(121) Old regions: 161->161
[640.746s][info][gc,heap        ] GC(121) Humongous regions: 81->81
[640.746s][info][gc,metaspace   ] GC(121) Metaspace: 35604K(37824K)->35604K(37824K) NonClass: 26600K(26880K)->26600K(26880K) Class: 9004K(10944K)->9004K(10944K)
[640.746s][info][gc             ] GC(121) Pause Young (Normal) (G1 Evacuation Pause) 4693M->2161M(10240M) 100.503ms
[640.746s][info][gc,cpu         ] GC(121) User=0.79s Sys=0.00s Real=0.10s
...[643.525s][info][gc,start       ] GC(122) Pause Young (Normal) (G1 Evacuation Pause)
[643.525s][info][gc,task        ] GC(122) Using 8 workers of 8 for evacuation
[643.644s][info][gc,phases      ] GC(122)   Pre Evacuate Collection Set: 0.25ms
[643.645s][info][gc,phases      ] GC(122)   Merge Heap Roots: 0.39ms
[643.645s][info][gc,phases      ] GC(122)   Evacuate Collection Set: 118.03ms
[643.645s][info][gc,phases      ] GC(122)   Post Evacuate Collection Set: 0.75ms
[643.645s][info][gc,phases      ] GC(122)   Other: 0.06ms
[643.645s][info][gc,heap        ] GC(122) Eden regions: 275->0(285)
[643.645s][info][gc,heap        ] GC(122) Survivor regions: 33->33(39)
[643.645s][info][gc,heap        ] GC(122) Old regions: 161->172
[643.645s][info][gc,heap        ] GC(122) Humongous regions: 81->81
[643.645s][info][gc,metaspace   ] GC(122) Metaspace: 35604K(37824K)->35604K(37824K) NonClass: 26600K(26880K)->26600K(26880K) Class: 9004K(10944K)->9004K(10944K)
[643.645s][info][gc             ] GC(122) Pause Young (Normal) (G1 Evacuation Pause) 4361M->2249M(10240M) 119.626ms
[643.645s][info][gc,cpu         ] GC(122) User=0.94s Sys=0.00s Real=0.12s
. (rIR:aIR:PR = 6699:6686:6686) (tPR = 98145) [OK] 
   643s:       rampup IR =   8038 ..[646.381s][info][gc,start       ] GC(123) Pause Young (Normal) (G1 Evacuation Pause)
[646.381s][info][gc,task        ] GC(123) Using 8 workers of 8 for evacuation
[646.494s][info][gc,phases      ] GC(123)   Pre Evacuate Collection Set: 0.26ms
[646.494s][info][gc,phases      ] GC(123)   Merge Heap Roots: 0.39ms
[646.494s][info][gc,phases      ] GC(123)   Evacuate Collection Set: 111.98ms
[646.494s][info][gc,phases      ] GC(123)   Post Evacuate Collection Set: 0.80ms
[646.494s][info][gc,phases      ] GC(123)   Other: 0.07ms
[646.494s][info][gc,heap        ] GC(123) Eden regions: 321->0(350)
[646.494s][info][gc,heap        ] GC(123) Survivor regions: 33->32(45)
[646.494s][info][gc,heap        ] GC(123) Old regions: 172->182
[646.494s][info][gc,heap        ] GC(123) Humongous regions: 81->81
[646.494s][info][gc,metaspace   ] GC(123) Metaspace: 35604K(37824K)->35604K(37824K) NonClass: 26600K(26880K)->26600K(26880K) Class: 9004K(10944K)->9004K(10944K)
[646.494s][info][gc             ] GC(123) Pause Young (Normal) (G1 Evacuation Pause) 4817M->2318M(10240M) 113.642ms
[646.494s][info][gc,cpu         ] GC(123) User=0.89s Sys=0.00s Real=0.12s
.. (rIR:aIR:PR = 8038:8044:8044) (tPR = 120434) [OK] 
   647s:       rampup IR =   9378 .[649.375s][info][gc,start       ] GC(124) Pause Young (Normal) (G1 Evacuation Pause)
[649.375s][info][gc,task        ] GC(124) Using 8 workers of 8 for evacuation
[649.491s][info][gc,phases      ] GC(124)   Pre Evacuate Collection Set: 0.28ms
[649.491s][info][gc,phases      ] GC(124)   Merge Heap Roots: 0.40ms
[649.491s][info][gc,phases      ] GC(124)   Evacuate Collection Set: 115.24ms
[649.491s][info][gc,phases      ] GC(124)   Post Evacuate Collection Set: 0.84ms
[649.491s][info][gc,phases      ] GC(124)   Other: 0.07ms
[649.491s][info][gc,heap        ] GC(124) Eden regions: 363->0(434)
[649.491s][info][gc,heap        ] GC(124) Survivor regions: 32->33(50)
[649.491s][info][gc,heap        ] GC(124) Old regions: 182->190
[649.491s][info][gc,heap        ] GC(124) Humongous regions: 81->81
[649.491s][info][gc,metaspace   ] GC(124) Metaspace: 35604K(37824K)->35604K(37824K) NonClass: 26600K(26880K)->26600K(26880K) Class: 9004K(10944K)->9004K(10944K)
[649.492s][info][gc             ] GC(124) Pause Young (Normal) (G1 Evacuation Pause) 5222M->2391M(10240M) 116.954ms
[649.492s][info][gc,cpu         ] GC(124) User=0.91s Sys=0.00s Real=0.11s
...[652.594s][info][gc,start       ] GC(125) Pause Young (Normal) (G1 Evacuation Pause)
[652.595s][info][gc,task        ] GC(125) Using 8 workers of 8 for evacuation
[652.722s][info][gc,phases      ] GC(125)   Pre Evacuate Collection Set: 0.28ms
[652.722s][info][gc,phases      ] GC(125)   Merge Heap Roots: 0.50ms
[652.722s][info][gc,phases      ] GC(125)   Evacuate Collection Set: 125.26ms
[652.722s][info][gc,phases      ] GC(125)   Post Evacuate Collection Set: 1.00ms
[652.722s][info][gc,phases      ] GC(125)   Other: 0.06ms
[652.722s][info][gc,heap        ] GC(125) Eden regions: 454->0(466)
[652.722s][info][gc,heap        ] GC(125) Survivor regions: 33->37(61)
[652.722s][info][gc,heap        ] GC(125) Old regions: 190->196
[652.722s][info][gc,heap        ] GC(125) Humongous regions: 81->81
[652.722s][info][gc,metaspace   ] GC(125) Metaspace: 35604K(37824K)->35604K(37824K) NonClass: 26600K(26880K)->26600K(26880K) Class: 9004K(10944K)->9004K(10944K)
[652.722s][info][gc             ] GC(125) Pause Young (Normal) (G1 Evacuation Pause) 6023M->2473M(10240M) 127.233ms
[652.722s][info][gc,cpu         ] GC(125) User=1.00s Sys=0.00s Real=0.13s
.. (rIR:aIR:PR = 9378:9648:9647) (tPR = 141004) [OK] 
   653s:       rampup IR =  10718 .[655.803s][info][gc,start       ] GC(126) Pause Young (Normal) (G1 Evacuation Pause)
[655.803s][info][gc,task        ] GC(126) Using 8 workers of 8 for evacuation
[655.938s][info][gc,phases      ] GC(126)   Pre Evacuate Collection Set: 0.31ms
[655.938s][info][gc,phases      ] GC(126)   Merge Heap Roots: 0.46ms
[655.938s][info][gc,phases      ] GC(126)   Evacuate Collection Set: 132.98ms
[655.938s][info][gc,phases      ] GC(126)   Post Evacuate Collection Set: 0.95ms
[655.938s][info][gc,phases      ] GC(126)   Other: 0.07ms
[655.938s][info][gc,heap        ] GC(126) Eden regions: 472->0(493)
[655.938s][info][gc,heap        ] GC(126) Survivor regions: 37->40(64)
[655.938s][info][gc,heap        ] GC(126) Old regions: 196->203
[655.938s][info][gc,heap        ] GC(126) Humongous regions: 81->81
[655.938s][info][gc,metaspace   ] GC(126) Metaspace: 35604K(37824K)->35604K(37824K) NonClass: 26600K(26880K)->26600K(26880K) Class: 9004K(10944K)->9004K(10944K)
[655.938s][info][gc             ] GC(126) Pause Young (Normal) (G1 Evacuation Pause) 6249M->2553M(10240M) 134.901ms
[655.938s][info][gc,cpu         ] GC(126) User=1.06s Sys=0.00s Real=0.13s
...[659.053s][info][gc,start       ] GC(127) Pause Young (Normal) (G1 Evacuation Pause)
[659.053s][info][gc,task        ] GC(127) Using 8 workers of 8 for evacuation
[659.197s][info][gc,phases      ] GC(127)   Pre Evacuate Collection Set: 0.27ms
[659.197s][info][gc,phases      ] GC(127)   Merge Heap Roots: 0.50ms
[659.197s][info][gc,phases      ] GC(127)   Evacuate Collection Set: 142.31ms
[659.197s][info][gc,phases      ] GC(127)   Post Evacuate Collection Set: 1.00ms
[659.197s][info][gc,phases      ] GC(127)   Other: 0.06ms
[659.197s][info][gc,heap        ] GC(127) Eden regions: 498->0(531)
[659.197s][info][gc,heap        ] GC(127) Survivor regions: 40->42(68)
[659.197s][info][gc,heap        ] GC(127) Old regions: 203->211
[659.197s][info][gc,heap        ] GC(127) Humongous regions: 81->81
[659.197s][info][gc,metaspace   ] GC(127) Metaspace: 35604K(37824K)->35604K(37824K) NonClass: 26600K(26880K)->26600K(26880K) Class: 9004K(10944K)->9004K(10944K)
[659.197s][info][gc             ] GC(127) Pause Young (Normal) (G1 Evacuation Pause) 6537M->2627M(10240M) 144.273ms
[659.197s][info][gc,cpu         ] GC(127) User=1.13s Sys=0.00s Real=0.14s
.... (rIR:aIR:PR = 10718:10723:10723) (tPR = 159462) [OK] 
   661s:       rampup IR =  12057 [662.346s][info][gc,start       ] GC(128) Pause Young (Normal) (G1 Evacuation Pause)
[662.346s][info][gc,task        ] GC(128) Using 8 workers of 8 for evacuation
[662.489s][info][gc,phases      ] GC(128)   Pre Evacuate Collection Set: 0.29ms
[662.489s][info][gc,phases      ] GC(128)   Merge Heap Roots: 0.48ms
[662.489s][info][gc,phases      ] GC(128)   Evacuate Collection Set: 140.75ms
[662.489s][info][gc,phases      ] GC(128)   Post Evacuate Collection Set: 1.07ms
[662.489s][info][gc,phases      ] GC(128)   Other: 0.07ms
[662.489s][info][gc,heap        ] GC(128) Eden regions: 532->0(597)
[662.489s][info][gc,heap        ] GC(128) Survivor regions: 42->42(72)
[662.489s][info][gc,heap        ] GC(128) Old regions: 211->218
[662.489s][info][gc,heap        ] GC(128) Humongous regions: 81->81
[662.489s][info][gc,metaspace   ] GC(128) Metaspace: 35604K(37824K)->35604K(37824K) NonClass: 26600K(26880K)->26600K(26880K) Class: 9004K(10944K)->9004K(10944K)
[662.489s][info][gc             ] GC(128) Pause Young (Normal) (G1 Evacuation Pause) 6883M->2684M(10240M) 142.796ms
[662.489s][info][gc,cpu         ] GC(128) User=1.12s Sys=0.01s Real=0.14s
...[665.660s][info][gc,start       ] GC(129) Pause Young (Normal) (G1 Evacuation Pause)
[665.660s][info][gc,task        ] GC(129) Using 8 workers of 8 for evacuation
[665.809s][info][gc,phases      ] GC(129)   Pre Evacuate Collection Set: 0.26ms
[665.809s][info][gc,phases      ] GC(129)   Merge Heap Roots: 0.48ms
[665.809s][info][gc,phases      ] GC(129)   Evacuate Collection Set: 146.89ms
[665.809s][info][gc,phases      ] GC(129)   Post Evacuate Collection Set: 1.13ms
[665.809s][info][gc,phases      ] GC(129)   Other: 0.06ms
[665.809s][info][gc,heap        ] GC(129) Eden regions: 594->0(556)
[665.809s][info][gc,heap        ] GC(129) Survivor regions: 42->50(80)
[665.809s][info][gc,heap        ] GC(129) Old regions: 218->218
[665.809s][info][gc,heap        ] GC(129) Humongous regions: 81->81
[665.809s][info][gc,metaspace   ] GC(129) Metaspace: 35604K(37824K)->35604K(37824K) NonClass: 26600K(26880K)->26600K(26880K) Class: 9004K(10944K)->9004K(10944K)
[665.809s][info][gc             ] GC(129) Pause Young (Normal) (G1 Evacuation Pause) 7436M->2752M(10240M) 148.962ms
[665.809s][info][gc,cpu         ] GC(129) User=1.17s Sys=0.00s Real=0.15s
. (rIR:aIR:PR = 12057:12239:12111) (tPR = 180143) [OK] 
   665s:       rampup IR =  13397 ..[668.670s][info][gc,start       ] GC(130) Pause Young (Normal) (G1 Evacuation Pause)
[668.670s][info][gc,task        ] GC(130) Using 8 workers of 8 for evacuation
[668.832s][info][gc,phases      ] GC(130)   Pre Evacuate Collection Set: 0.28ms
[668.832s][info][gc,phases      ] GC(130)   Merge Heap Roots: 0.50ms
[668.832s][info][gc,phases      ] GC(130)   Evacuate Collection Set: 159.53ms
[668.832s][info][gc,phases      ] GC(130)   Post Evacuate Collection Set: 1.08ms
[668.832s][info][gc,phases      ] GC(130)   Other: 0.06ms
[668.832s][info][gc,heap        ] GC(130) Eden regions: 549->0(639)
[668.832s][info][gc,heap        ] GC(130) Survivor regions: 50->45(75)
[668.832s][info][gc,heap        ] GC(130) Old regions: 218->228
[668.832s][info][gc,heap        ] GC(130) Humongous regions: 81->81
[668.832s][info][gc,metaspace   ] GC(130) Metaspace: 35604K(37824K)->35604K(37824K) NonClass: 26600K(26880K)->26600K(26880K) Class: 9004K(10944K)->9004K(10944K)
[668.832s][info][gc             ] GC(130) Pause Young (Normal) (G1 Evacuation Pause) 7144M->2796M(10240M) 161.589ms
[668.832s][info][gc,cpu         ] GC(130) User=1.27s Sys=0.00s Real=0.17s
...[672.115s][info][gc,start       ] GC(131) Pause Young (Normal) (G1 Evacuation Pause)
[672.115s][info][gc,task        ] GC(131) Using 8 workers of 8 for evacuation
[672.264s][info][gc,phases      ] GC(131)   Pre Evacuate Collection Set: 0.28ms
[672.264s][info][gc,phases      ] GC(131)   Merge Heap Roots: 0.51ms
[672.264s][info][gc,phases      ] GC(131)   Evacuate Collection Set: 146.52ms
[672.264s][info][gc,phases      ] GC(131)   Post Evacuate Collection Set: 1.13ms
[672.264s][info][gc,phases      ] GC(131)   Other: 0.07ms
[672.264s][info][gc,heap        ] GC(131) Eden regions: 636->0(640)
[672.264s][info][gc,heap        ] GC(131) Survivor regions: 45->50(86)
[672.264s][info][gc,heap        ] GC(131) Old regions: 228->228
[672.264s][info][gc,heap        ] GC(131) Humongous regions: 81->81
[672.264s][info][gc,metaspace   ] GC(131) Metaspace: 35604K(37824K)->35604K(37824K) NonClass: 26600K(26880K)->26600K(26880K) Class: 9004K(10944K)->9004K(10944K)
[672.264s][info][gc             ] GC(131) Pause Young (Normal) (G1 Evacuation Pause) 7884M->2836M(10240M) 148.656ms
[672.264s][info][gc,cpu         ] GC(131) User=1.17s Sys=0.00s Real=0.15s
....[675.694s][info][gc,start       ] GC(132) Pause Young (Normal) (G1 Evacuation Pause)
[675.694s][info][gc,task        ] GC(132) Using 8 workers of 8 for evacuation
[675.854s][info][gc,phases      ] GC(132)   Pre Evacuate Collection Set: 0.28ms
[675.854s][info][gc,phases      ] GC(132)   Merge Heap Roots: 0.50ms
[675.854s][info][gc,phases      ] GC(132)   Evacuate Collection Set: 157.11ms
[675.854s][info][gc,phases      ] GC(132)   Post Evacuate Collection Set: 1.18ms
[675.854s][info][gc,phases      ] GC(132)   Other: 0.06ms
[675.854s][info][gc,heap        ] GC(132) Eden regions: 634->0(656)
[675.854s][info][gc,heap        ] GC(132) Survivor regions: 50->52(86)
[675.854s][info][gc,heap        ] GC(132) Old regions: 228->232
[675.854s][info][gc,heap        ] GC(132) Humongous regions: 81->81
[675.854s][info][gc,metaspace   ] GC(132) Metaspace: 35604K(37824K)->35604K(37824K) NonClass: 26600K(26880K)->26600K(26880K) Class: 9004K(10944K)->9004K(10944K)
[675.854s][info][gc             ] GC(132) Pause Young (Normal) (G1 Evacuation Pause) 7908M->2880M(10240M) 159.263ms
[675.854s][info][gc,cpu         ] GC(132) User=1.25s Sys=0.00s Real=0.16s
...[679.177s][info][gc,start       ] GC(133) Pause Young (Normal) (G1 Evacuation Pause)
[679.177s][info][gc,task        ] GC(133) Using 8 workers of 8 for evacuation
[679.341s][info][gc,phases      ] GC(133)   Pre Evacuate Collection Set: 0.29ms
[679.341s][info][gc,phases      ] GC(133)   Merge Heap Roots: 0.54ms
[679.341s][info][gc,phases      ] GC(133)   Evacuate Collection Set: 162.26ms
[679.341s][info][gc,phases      ] GC(133)   Post Evacuate Collection Set: 1.20ms
[679.341s][info][gc,phases      ] GC(133)   Other: 0.07ms
[679.341s][info][gc,heap        ] GC(133) Eden regions: 648->0(670)
[679.341s][info][gc,heap        ] GC(133) Survivor regions: 52->53(88)
[679.341s][info][gc,heap        ] GC(133) Old regions: 232->235
[679.341s][info][gc,heap        ] GC(133) Humongous regions: 81->81
[679.341s][info][gc,metaspace   ] GC(133) Metaspace: 35604K(37824K)->35604K(37824K) NonClass: 26600K(26880K)->26600K(26880K) Class: 9004K(10944K)->9004K(10944K)
[679.341s][info][gc             ] GC(133) Pause Young (Normal) (G1 Evacuation Pause) 8064M->2912M(10240M) 164.483ms
[679.341s][info][gc,cpu         ] GC(133) User=1.30s Sys=0.00s Real=0.16s
....[682.840s][info][gc,start       ] GC(134) Pause Young (Normal) (G1 Evacuation Pause)
[682.840s][info][gc,task        ] GC(134) Using 8 workers of 8 for evacuation
[683.010s][info][gc,phases      ] GC(134)   Pre Evacuate Collection Set: 0.27ms
[683.010s][info][gc,phases      ] GC(134)   Merge Heap Roots: 0.54ms
[683.010s][info][gc,phases      ] GC(134)   Evacuate Collection Set: 168.26ms
[683.010s][info][gc,phases      ] GC(134)   Post Evacuate Collection Set: 1.20ms
[683.010s][info][gc,phases      ] GC(134)   Other: 0.07ms
[683.010s][info][gc,heap        ] GC(134) Eden regions: 664->0(672)
[683.010s][info][gc,heap        ] GC(134) Survivor regions: 53->54(90)
[683.010s][info][gc,heap        ] GC(134) Old regions: 235->238
[683.010s][info][gc,heap        ] GC(134) Humongous regions: 81->81
[683.010s][info][gc,metaspace   ] GC(134) Metaspace: 35604K(37824K)->35604K(37824K) NonClass: 26600K(26880K)->26600K(26880K) Class: 9004K(10944K)->9004K(10944K)
[683.010s][info][gc             ] GC(134) Pause Young (Normal) (G1 Evacuation Pause) 8224M->2945M(10240M) 170.471ms
[683.011s][info][gc,cpu         ] GC(134) User=1.34s Sys=0.00s Real=0.17s
....[686.563s][info][gc,start       ] GC(135) Pause Young (Normal) (G1 Evacuation Pause)
[686.563s][info][gc,task        ] GC(135) Using 8 workers of 8 for evacuation
[686.727s][info][gc,phases      ] GC(135)   Pre Evacuate Collection Set: 0.25ms
[686.727s][info][gc,phases      ] GC(135)   Merge Heap Roots: 0.52ms
[686.727s][info][gc,phases      ] GC(135)   Evacuate Collection Set: 162.30ms
[686.727s][info][gc,phases      ] GC(135)   Post Evacuate Collection Set: 1.17ms
[686.727s][info][gc,phases      ] GC(135)   Other: 0.06ms
[686.727s][info][gc,heap        ] GC(135) Eden regions: 668->0(721)
[686.727s][info][gc,heap        ] GC(135) Survivor regions: 54->47(91)
[686.727s][info][gc,heap        ] GC(135) Old regions: 238->247
[686.727s][info][gc,heap        ] GC(135) Humongous regions: 81->81
[686.727s][info][gc,metaspace   ] GC(135) Metaspace: 35604K(37824K)->35604K(37824K) NonClass: 26600K(26880K)->26600K(26880K) Class: 9004K(10944K)->9004K(10944K)
[686.727s][info][gc             ] GC(135) Pause Young (Normal) (G1 Evacuation Pause) 8289M->2962M(10240M) 164.443ms
[686.727s][info][gc,cpu         ] GC(135) User=1.30s Sys=0.00s Real=0.16s
....[690.497s][info][gc,start       ] GC(136) Pause Young (Normal) (G1 Evacuation Pause)
[690.497s][info][gc,task        ] GC(136) Using 8 workers of 8 for evacuation
[690.655s][info][gc,phases      ] GC(136)   Pre Evacuate Collection Set: 0.28ms
[690.656s][info][gc,phases      ] GC(136)   Merge Heap Roots: 0.53ms
[690.656s][info][gc,phases      ] GC(136)   Evacuate Collection Set: 156.04ms
[690.656s][info][gc,phases      ] GC(136)   Post Evacuate Collection Set: 1.28ms
[690.656s][info][gc,phases      ] GC(136)   Other: 0.07ms
[690.656s][info][gc,heap        ] GC(136) Eden regions: 721->0(715)
[690.656s][info][gc,heap        ] GC(136) Survivor regions: 47->53(96)
[690.656s][info][gc,heap        ] GC(136) Old regions: 247->247
[690.656s][info][gc,heap        ] GC(136) Humongous regions: 81->81
[690.656s][info][gc,metaspace   ] GC(136) Metaspace: 35604K(37824K)->35604K(37824K) NonClass: 26600K(26880K)->26600K(26880K) Class: 9004K(10944K)->9004K(10944K)
[690.656s][info][gc             ] GC(136) Pause Young (Normal) (G1 Evacuation Pause) 8730M->3010M(10240M) 158.335ms
[690.656s][info][gc,cpu         ] GC(136) User=1.24s Sys=0.00s Real=0.16s
...[694.244s][info][gc,start       ] GC(137) Pause Young (Normal) (G1 Evacuation Pause)
[694.244s][info][gc,task        ] GC(137) Using 8 workers of 8 for evacuation
[694.422s][info][gc,phases      ] GC(137)   Pre Evacuate Collection Set: 0.28ms
[694.422s][info][gc,phases      ] GC(137)   Merge Heap Roots: 0.59ms
[694.422s][info][gc,phases      ] GC(137)   Evacuate Collection Set: 175.22ms
[694.422s][info][gc,phases      ] GC(137)   Post Evacuate Collection Set: 1.29ms
[694.422s][info][gc,phases      ] GC(137)   Other: 0.07ms
[694.422s][info][gc,heap        ] GC(137) Eden regions: 715->0(695)
[694.422s][info][gc,heap        ] GC(137) Survivor regions: 53->56(96)
[694.422s][info][gc,heap        ] GC(137) Old regions: 247->250
[694.422s][info][gc,heap        ] GC(137) Humongous regions: 81->81
[694.422s][info][gc,metaspace   ] GC(137) Metaspace: 35604K(37824K)->35604K(37824K) NonClass: 26600K(26880K)->26600K(26880K) Class: 9004K(10944K)->9004K(10944K)
[694.422s][info][gc             ] GC(137) Pause Young (Normal) (G1 Evacuation Pause) 8730M->3050M(10240M) 177.587ms
[694.422s][info][gc,cpu         ] GC(137) User=1.40s Sys=0.00s Real=0.18s
... (rIR:aIR:PR = 13397:13334:12620) (tPR = 187774) [PR is under limit] 
   696s: Re-initializing (term) [696.548s][info][gc,start       ] GC(138) Pause Full (System.gc())
[696.548s][info][gc,task        ] GC(138) Using 8 workers of 8 for full compaction
[696.548s][info][gc,phases,start] GC(138) Phase 1: Mark live objects
[696.566s][info][gc,phases      ] GC(138) Phase 1: Mark live objects 17.118ms
[696.566s][info][gc,phases,start] GC(138) Phase 2: Prepare compaction
[696.572s][info][gc,phases      ] GC(138) Phase 2: Prepare compaction 6.646ms
[696.572s][info][gc,phases,start] GC(138) Phase 3: Adjust pointers
[696.584s][info][gc,phases      ] GC(138) Phase 3: Adjust pointers 11.220ms
[696.584s][info][gc,phases,start] GC(138) Phase 4: Compact heap
[696.590s][info][gc,phases      ] GC(138) Phase 4: Compact heap 6.609ms
[696.590s][info][gc,phases,start] GC(138) Phase 5: Reset Metadata
[696.594s][info][gc,phases      ] GC(138) Phase 5: Reset Metadata 3.954ms
[696.605s][info][gc,heap        ] GC(138) Eden regions: 399->0(768)
[696.605s][info][gc,heap        ] GC(138) Survivor regions: 56->0(96)
[696.605s][info][gc,heap        ] GC(138) Old regions: 250->13
[696.605s][info][gc,heap        ] GC(138) Humongous regions: 81->33
[696.605s][info][gc,metaspace   ] GC(138) Metaspace: 35604K(37824K)->35604K(37824K) NonClass: 26600K(26880K)->26600K(26880K) Class: 9004K(10944K)->9004K(10944K)
[696.605s][info][gc             ] GC(138) Pause Full (System.gc()) 6239M->333M(10240M) 56.762ms
[696.605s][info][gc,cpu         ] GC(138) User=0.38s Sys=0.00s Real=0.06s
(init) ... OK
   701s: high-bound for max-jOPS is measured to be 13837
   701s: 
   701s: Restarting (term) [702.132s][info][gc,start       ] GC(139) Pause Full (System.gc())
[702.132s][info][gc,task        ] GC(139) Using 8 workers of 8 for full compaction
[702.132s][info][gc,phases,start] GC(139) Phase 1: Mark live objects
[702.147s][info][gc,phases      ] GC(139) Phase 1: Mark live objects 14.417ms
[702.147s][info][gc,phases,start] GC(139) Phase 2: Prepare compaction
[702.152s][info][gc,phases      ] GC(139) Phase 2: Prepare compaction 4.827ms
[702.152s][info][gc,phases,start] GC(139) Phase 3: Adjust pointers
[702.161s][info][gc,phases      ] GC(139) Phase 3: Adjust pointers 9.693ms
[702.161s][info][gc,phases,start] GC(139) Phase 4: Compact heap
[702.166s][info][gc,phases      ] GC(139) Phase 4: Compact heap 4.730ms
[702.166s][info][gc,phases,start] GC(139) Phase 5: Reset Metadata
[702.170s][info][gc,phases      ] GC(139) Phase 5: Reset Metadata 3.976ms
[702.181s][info][gc,heap        ] GC(139) Eden regions: 458->0(768)
[702.181s][info][gc,heap        ] GC(139) Survivor regions: 0->0(96)
[702.181s][info][gc,heap        ] GC(139) Old regions: 13->13
[702.181s][info][gc,heap        ] GC(139) Humongous regions: 86->33
[702.181s][info][gc,metaspace   ] GC(139) Metaspace: 35614K(37824K)->35614K(37824K) NonClass: 26610K(26880K)->26610K(26880K) Class: 9004K(10944K)->9004K(10944K)
[702.181s][info][gc             ] GC(139) Pause Full (System.gc()) 4417M->332M(10240M) 48.924ms
[702.181s][info][gc,cpu         ] GC(139) User=0.33s Sys=0.00s Real=0.04s
(init) ... OK
   707s: 
   707s: Warmup for building throughput-responsetime curve
   707s: (10%)   IR =   1384 .............[721.241s][info][gc,start       ] GC(140) Pause Young (Normal) (G1 Evacuation Pause)
[721.241s][info][gc,task        ] GC(140) Using 8 workers of 8 for evacuation
[721.976s][info][gc,mmu         ] GC(140) MMU target violated: 201.0ms (200.0ms/201.0ms)
[721.976s][info][gc,phases      ] GC(140)   Pre Evacuate Collection Set: 0.29ms
[721.976s][info][gc,phases      ] GC(140)   Merge Heap Roots: 0.95ms
[721.976s][info][gc,phases      ] GC(140)   Evacuate Collection Set: 731.43ms
[721.976s][info][gc,phases      ] GC(140)   Post Evacuate Collection Set: 1.63ms
[721.976s][info][gc,phases      ] GC(140)   Other: 0.13ms
[721.976s][info][gc,heap        ] GC(140) Eden regions: 768->0(369)
[721.976s][info][gc,heap        ] GC(140) Survivor regions: 0->96(96)
[721.976s][info][gc,heap        ] GC(140) Old regions: 13->66
[721.976s][info][gc,heap        ] GC(140) Humongous regions: 86->81
[721.976s][info][gc,metaspace   ] GC(140) Metaspace: 35629K(37824K)->35629K(37824K) NonClass: 26625K(26880K)->26625K(26880K) Class: 9004K(10944K)->9004K(10944K)
[721.976s][info][gc             ] GC(140) Pause Young (Normal) (G1 Evacuation Pause) 6900M->1904M(10240M) 734.532ms
[721.976s][info][gc,cpu         ] GC(140) User=5.79s Sys=0.00s Real=0.74s
.................[738.605s][info][gc,start       ] GC(141) Pause Young (Normal) (G1 Evacuation Pause)
[738.605s][info][gc,task        ] GC(141) Using 8 workers of 8 for evacuation
[739.021s][info][gc,mmu         ] GC(141) MMU target violated: 201.0ms (200.0ms/201.0ms)
[739.021s][info][gc,phases      ] GC(141)   Pre Evacuate Collection Set: 0.32ms
[739.021s][info][gc,phases      ] GC(141)   Merge Heap Roots: 0.88ms
[739.021s][info][gc,phases      ] GC(141)   Evacuate Collection Set: 413.23ms
[739.021s][info][gc,phases      ] GC(141)   Post Evacuate Collection Set: 0.77ms
[739.021s][info][gc,phases      ] GC(141)   Other: 0.10ms
[739.021s][info][gc,heap        ] GC(141) Eden regions: 360->0(280)
[739.021s][info][gc,heap        ] GC(141) Survivor regions: 96->21(57)
[739.021s][info][gc,heap        ] GC(141) Old regions: 66->161
[739.021s][info][gc,heap        ] GC(141) Humongous regions: 81->81
[739.021s][info][gc,metaspace   ] GC(141) Metaspace: 35629K(37824K)->35629K(37824K) NonClass: 26625K(26880K)->26625K(26880K) Class: 9004K(10944K)->9004K(10944K)
[739.021s][info][gc             ] GC(141) Pause Young (Normal) (G1 Evacuation Pause) 4784M->2064M(10240M) 415.429ms
[739.021s][info][gc,cpu         ] GC(141) User=3.28s Sys=0.01s Real=0.41s
................[754.751s][info][gc,start       ] GC(142) Pause Young (Normal) (G1 Evacuation Pause)
[754.751s][info][gc,task        ] GC(142) Using 8 workers of 8 for evacuation
[754.850s][info][gc,phases      ] GC(142)   Pre Evacuate Collection Set: 0.29ms
[754.850s][info][gc,phases      ] GC(142)   Merge Heap Roots: 0.47ms
[754.850s][info][gc,phases      ] GC(142)   Evacuate Collection Set: 97.68ms
[754.850s][info][gc,phases      ] GC(142)   Post Evacuate Collection Set: 0.79ms
[754.850s][info][gc,phases      ] GC(142)   Other: 0.06ms
[754.850s][info][gc,heap        ] GC(142) Eden regions: 334->0(181)
[754.850s][info][gc,heap        ] GC(142) Survivor regions: 21->34(45)
[754.850s][info][gc,heap        ] GC(142) Old regions: 161->161
[754.850s][info][gc,heap        ] GC(142) Humongous regions: 81->81
[754.850s][info][gc,metaspace   ] GC(142) Metaspace: 35636K(37824K)->35636K(37824K) NonClass: 26632K(26880K)->26632K(26880K) Class: 9004K(10944K)->9004K(10944K)
[754.850s][info][gc             ] GC(142) Pause Young (Normal) (G1 Evacuation Pause) 4736M->2164M(10240M) 99.452ms
[754.850s][info][gc,cpu         ] GC(142) User=0.77s Sys=0.00s Real=0.10s
.............[767.866s][info][gc,start       ] GC(143) Pause Young (Normal) (G1 Evacuation Pause)
[767.866s][info][gc,task        ] GC(143) Using 8 workers of 8 for evacuation
[767.978s][info][gc,phases      ] GC(143)   Pre Evacuate Collection Set: 0.25ms
[767.978s][info][gc,phases      ] GC(143)   Merge Heap Roots: 0.42ms
[767.978s][info][gc,phases      ] GC(143)   Evacuate Collection Set: 111.33ms
[767.978s][info][gc,phases      ] GC(143)   Post Evacuate Collection Set: 0.72ms
[767.978s][info][gc,phases      ] GC(143)   Other: 0.07ms
[767.978s][info][gc,heap        ] GC(143) Eden regions: 269->0(324)
[767.978s][info][gc,heap        ] GC(143) Survivor regions: 34->30(38)
[767.978s][info][gc,heap        ] GC(143) Old regions: 161->171
[767.978s][info][gc,heap        ] GC(143) Humongous regions: 81->81
[767.978s][info][gc,metaspace   ] GC(143) Metaspace: 35636K(37824K)->35636K(37824K) NonClass: 26632K(26880K)->26632K(26880K) Class: 9004K(10944K)->9004K(10944K)
[767.978s][info][gc             ] GC(143) Pause Young (Normal) (G1 Evacuation Pause) 4316M->2219M(10240M) 112.907ms
[767.979s][info][gc,cpu         ] GC(143) User=0.89s Sys=0.00s Real=0.11s
.................[784.971s][info][gc,start       ] GC(144) Pause Young (Normal) (G1 Evacuation Pause)
[784.971s][info][gc,task        ] GC(144) Using 8 workers of 8 for evacuation
[785.084s][info][gc,phases      ] GC(144)   Pre Evacuate Collection Set: 0.25ms
[785.084s][info][gc,phases      ] GC(144)   Merge Heap Roots: 0.44ms
[785.084s][info][gc,phases      ] GC(144)   Evacuate Collection Set: 110.98ms
[785.084s][info][gc,phases      ] GC(144)   Post Evacuate Collection Set: 0.74ms
[785.084s][info][gc,phases      ] GC(144)   Other: 0.07ms
[785.084s][info][gc,heap        ] GC(144) Eden regions: 346->0(358)
[785.084s][info][gc,heap        ] GC(144) Survivor regions: 30->31(47)
[785.084s][info][gc,heap        ] GC(144) Old regions: 171->181
[785.084s][info][gc,heap        ] GC(144) Humongous regions: 81->81
[785.084s][info][gc,metaspace   ] GC(144) Metaspace: 35636K(37824K)->35636K(37824K) NonClass: 26632K(26880K)->26632K(26880K) Class: 9004K(10944K)->9004K(10944K)
[785.084s][info][gc             ] GC(144) Pause Young (Normal) (G1 Evacuation Pause) 4987M->2307M(10240M) 112.632ms
[785.084s][info][gc,cpu         ] GC(144) User=0.88s Sys=0.00s Real=0.12s
...................[803.440s][info][gc,start       ] GC(145) Pause Young (Normal) (G1 Evacuation Pause)
[803.440s][info][gc,task        ] GC(145) Using 8 workers of 8 for evacuation
[803.555s][info][gc,phases      ] GC(145)   Pre Evacuate Collection Set: 0.29ms
[803.555s][info][gc,phases      ] GC(145)   Merge Heap Roots: 0.42ms
[803.555s][info][gc,phases      ] GC(145)   Evacuate Collection Set: 113.12ms
[803.555s][info][gc,phases      ] GC(145)   Post Evacuate Collection Set: 0.77ms
[803.555s][info][gc,phases      ] GC(145)   Other: 0.07ms
[803.555s][info][gc,heap        ] GC(145) Eden regions: 375->0(450)
[803.555s][info][gc,heap        ] GC(145) Survivor regions: 31->33(51)
[803.555s][info][gc,heap        ] GC(145) Old regions: 181->188
[803.555s][info][gc,heap        ] GC(145) Humongous regions: 81->81
[803.555s][info][gc,metaspace   ] GC(145) Metaspace: 35636K(37824K)->35636K(37824K) NonClass: 26632K(26880K)->26632K(26880K) Class: 9004K(10944K)->9004K(10944K)
[803.555s][info][gc             ] GC(145) Pause Young (Normal) (G1 Evacuation Pause) 5307M->2379M(10240M) 114.795ms
[803.555s][info][gc,cpu         ] GC(145) User=0.90s Sys=0.00s Real=0.12s
.......................[826.472s][info][gc,start       ] GC(146) Pause Young (Normal) (G1 Evacuation Pause)
[826.472s][info][gc,task        ] GC(146) Using 8 workers of 8 for evacuation
[826.597s][info][gc,phases      ] GC(146)   Pre Evacuate Collection Set: 0.29ms
[826.597s][info][gc,phases      ] GC(146)   Merge Heap Roots: 0.42ms
[826.597s][info][gc,phases      ] GC(146)   Evacuate Collection Set: 123.56ms
[826.597s][info][gc,phases      ] GC(146)   Post Evacuate Collection Set: 0.86ms
[826.597s][info][gc,phases      ] GC(146)   Other: 0.08ms
[826.597s][info][gc,heap        ] GC(146) Eden regions: 467->0(486)
[826.597s][info][gc,heap        ] GC(146) Survivor regions: 33->36(63)
[826.597s][info][gc,heap        ] GC(146) Old regions: 188->195
[826.597s][info][gc,heap        ] GC(146) Humongous regions: 81->81
[826.597s][info][gc,metaspace   ] GC(146) Metaspace: 35638K(37824K)->35638K(37824K) NonClass: 26634K(26880K)->26634K(26880K) Class: 9004K(10944K)->9004K(10944K)
[826.597s][info][gc             ] GC(146) Pause Young (Normal) (G1 Evacuation Pause) 6115M->2458M(10240M) 125.349ms
[826.597s][info][gc,cpu         ] GC(146) User=0.99s Sys=0.00s Real=0.12s
.........................[851.305s][info][gc,start       ] GC(147) Pause Young (Normal) (G1 Evacuation Pause)
[851.305s][info][gc,task        ] GC(147) Using 8 workers of 8 for evacuation
[851.438s][info][gc,phases      ] GC(147)   Pre Evacuate Collection Set: 0.31ms
[851.438s][info][gc,phases      ] GC(147)   Merge Heap Roots: 0.49ms
[851.438s][info][gc,phases      ] GC(147)   Evacuate Collection Set: 131.72ms
[851.438s][info][gc,phases      ] GC(147)   Post Evacuate Collection Set: 0.92ms
[851.438s][info][gc,phases      ] GC(147)   Other: 0.06ms
[851.438s][info][gc,heap        ] GC(147) Eden regions: 501->0(511)
[851.438s][info][gc,heap        ] GC(147) Survivor regions: 36->40(68)
[851.438s][info][gc,heap        ] GC(147) Old regions: 195->202
[851.438s][info][gc,heap        ] GC(147) Humongous regions: 81->81
[851.438s][info][gc,metaspace   ] GC(147) Metaspace: 35638K(37824K)->35638K(37824K) NonClass: 26634K(26880K)->26634K(26880K) Class: 9004K(10944K)->9004K(10944K)
[851.438s][info][gc             ] GC(147) Pause Young (Normal) (G1 Evacuation Pause) 6466M->2538M(10240M) 133.649ms
[851.438s][info][gc,cpu         ] GC(147) User=1.05s Sys=0.00s Real=0.13s
..........................[877.186s][info][gc,start       ] GC(148) Pause Young (Normal) (G1 Evacuation Pause)
[877.186s][info][gc,task        ] GC(148) Using 8 workers of 8 for evacuation
[877.320s][info][gc,phases      ] GC(148)   Pre Evacuate Collection Set: 0.29ms
[877.320s][info][gc,phases      ] GC(148)   Merge Heap Roots: 0.54ms
[877.320s][info][gc,phases      ] GC(148)   Evacuate Collection Set: 132.50ms
[877.320s][info][gc,phases      ] GC(148)   Post Evacuate Collection Set: 0.96ms
[877.320s][info][gc,phases      ] GC(148)   Other: 0.07ms
[877.320s][info][gc,heap        ] GC(148) Eden regions: 521->0(578)
[877.320s][info][gc,heap        ] GC(148) Survivor regions: 40->41(71)
[877.320s][info][gc,heap        ] GC(148) Old regions: 202->209
[877.320s][info][gc,heap        ] GC(148) Humongous regions: 81->81
[877.320s][info][gc,metaspace   ] GC(148) Metaspace: 35638K(37824K)->35638K(37824K) NonClass: 26634K(26880K)->26634K(26880K) Class: 9004K(10944K)->9004K(10944K)
[877.320s][info][gc             ] GC(148) Pause Young (Normal) (G1 Evacuation Pause) 6706M->2603M(10240M) 134.478ms
[877.320s][info][gc,cpu         ] GC(148) User=1.05s Sys=0.00s Real=0.13s
........... (rIR:aIR:PR = 1384:1384:1384) (tPR = 20531) [OK] 
   887s: 
   887s: Building throughput-responsetime curve
   887s: ( 0%)   IR =      0 ...|............................................................ (rIR:aIR:PR = 0:0:0) (tPR = 0) [OK] 
   950s: Performance info:
         Transaction,    Success,    Partial,     Failed,   Receipts, AvgBarcode, 
         Response times:
             Request,    Success,    Partial,     Failed,   SkipFail,     Probes,    Samples,      min,      p50,      p90,      p95,      p99,      max, 

   950s: ( 1%)   IR =    138 ....|............................................................ (rIR:aIR:PR = 138:138:138) (tPR = 2157) [OK] 
  1015s: Performance info:
         Transaction,    Success,    Partial,     Failed,   Receipts, AvgBarcode, 
             Overall,       8271,          0,          0,       7852,      59.44, 
         Response times:
             Request,    Success,    Partial,     Failed,   SkipFail,     Probes,    Samples,      min,      p50,      p90,      p95,      p99,      max, 
       TotalPurchase,       7852,          0,          0,          0,       7266,       8347,      300,      400,      500,      600,      700,     1100,
     InStorePurchase,       4133,          0,          0,          0,       3856,       4361,      300,      400,      500,      500,      700,      900,
      OnlinePurchase,       2892,          0,          0,          0,       2692,       3123,      300,      400,      500,      600,      700,     1100,
        InstPurchase,        827,          0,          0,          0,        718,        863,      400,      500,      600,      600,      800,      900,
          AssocOfCat,          9,          0,          0,          0,          7,          8,    22000,    22500,    28000,    28000,    28000,    28000,
      AssocOfProduct,         85,          0,          0,          0,         80,         86,      500,      600,      700,      700,      800,      800,
      BusinessReport,         23,          0,          0,          0,         18,         21,    24000,    26000,    29000,    29900,    30000,    30000,
          CustBuyBeh,         82,          0,          0,          0,         80,         88,      200,      300,      400,      400,      400,      400,
       ProductReturn,        220,          0,          0,          0,        164,        234,      200,      300,      300,      400,      400,      500,

  1015s: ( 2%)   IR =    277 ....|...................................................[1070.900s][info][gc,start       ] GC(149) Pause Young (Normal) (G1 Evacuation Pause)
[1070.900s][info][gc,task        ] GC(149) Using 8 workers of 8 for evacuation
[1071.040s][info][gc,phases      ] GC(149)   Pre Evacuate Collection Set: 0.31ms
[1071.040s][info][gc,phases      ] GC(149)   Merge Heap Roots: 0.55ms
[1071.040s][info][gc,phases      ] GC(149)   Evacuate Collection Set: 138.36ms
[1071.040s][info][gc,phases      ] GC(149)   Post Evacuate Collection Set: 1.03ms
[1071.040s][info][gc,phases      ] GC(149)   Other: 0.10ms
[1071.040s][info][gc,heap        ] GC(149) Eden regions: 582->0(557)
[1071.040s][info][gc,heap        ] GC(149) Survivor regions: 41->48(78)
[1071.040s][info][gc,heap        ] GC(149) Old regions: 209->209
[1071.040s][info][gc,heap        ] GC(149) Humongous regions: 81->81
[1071.040s][info][gc,metaspace   ] GC(149) Metaspace: 35650K(37824K)->35650K(37824K) NonClass: 26646K(26880K)->26646K(26880K) Class: 9004K(10944K)->9004K(10944K)
[1071.040s][info][gc             ] GC(149) Pause Young (Normal) (G1 Evacuation Pause) 7259M->2659M(10240M) 140.488ms
[1071.040s][info][gc,cpu         ] GC(149) User=1.11s Sys=0.00s Real=0.14s
......... (rIR:aIR:PR = 277:278:278) (tPR = 4128) [OK] 
  1079s: Performance info:
         Transaction,    Success,    Partial,     Failed,   Receipts, AvgBarcode, 
             Overall,      16660,          0,          0,      15829,      59.47, 
         Response times:
             Request,    Success,    Partial,     Failed,   SkipFail,     Probes,    Samples,      min,      p50,      p90,      p95,      p99,      max, 
       TotalPurchase,      15829,          0,          0,          0,      14949,      16687,      300,      500,      700,      800,      900,   144000,
     InStorePurchase,       8337,          0,          0,          0,       7952,       8817,      300,      500,      700,      700,      900,   144000,
      OnlinePurchase,       5824,          0,          0,          0,       5494,       6068,      300,      500,      700,      800,      900,   144000,
        InstPurchase,       1668,          0,          0,          0,       1503,       1802,      400,      600,      800,      800,     1000,     2600,
          AssocOfCat,         16,          0,          0,          0,         14,         16,    17800,    24000,    27500,    31000,    31000,    31000,
      AssocOfProduct,        167,          0,          0,          0,        108,        158,      500,      700,      800,      900,     1774,     2600,
      BusinessReport,         42,          0,          0,          0,         41,         44,    19900,    29000,    32500,    35000,    40000,    40000,
          CustBuyBeh,        168,          0,          0,          0,        126,        171,      200,      300,      500,      600,     1276,     2500,
       ProductReturn,        438,          0,          0,          0,        336,        445,      200,      300,      500,      600,      754,     2400,

  1079s: ( 3%)   IR =    415 ....|............................................................ (rIR:aIR:PR = 415:415:415) (tPR = 6220) [OK] 
  1143s: Performance info:
         Transaction,    Success,    Partial,     Failed,   Receipts, AvgBarcode, 
             Overall,      24934,          0,          0,      23680,      59.49, 
         Response times:
             Request,    Success,    Partial,     Failed,   SkipFail,     Probes,    Samples,      min,      p50,      p90,      p95,      p99,      max, 
       TotalPurchase,      23680,          0,          0,          0,      22412,      24800,      300,      600,      800,      900,     1100,     1700,
     InStorePurchase,      12471,          0,          0,          0,      11931,      13091,      300,      500,      800,      900,     1100,     1700,
      OnlinePurchase,       8709,          0,          0,          0,       8197,       9060,      300,      600,      900,      900,     1100,     1500,
        InstPurchase,       2500,          0,          0,          0,       2284,       2649,      400,      600,      900,     1000,     1200,     1500,
          AssocOfCat,         28,          0,          0,          0,         26,         26,    22000,    24000,    29400,    35000,    35000,    35000,
      AssocOfProduct,        251,          0,          0,          0,        188,        238,      500,      800,      910,     1005,     1261,     1300,
      BusinessReport,         63,          0,          0,          0,         60,         66,    21000,    28000,    29000,    29650,    32000,    32000,
          CustBuyBeh,        252,          0,          0,          0,        190,        252,      200,      400,      700,      800,      900,      900,
       ProductReturn,        660,          0,          0,          0,        544,        665,      200,      500,      800,      800,     1000,     1100,

  1143s: ( 4%)   IR =    553 ....|............[1159.861s][info][gc,start       ] GC(150) Pause Young (Normal) (G1 Evacuation Pause)
[1159.861s][info][gc,task        ] GC(150) Using 8 workers of 8 for evacuation
[1160.010s][info][gc,phases      ] GC(150)   Pre Evacuate Collection Set: 0.30ms
[1160.010s][info][gc,phases      ] GC(150)   Merge Heap Roots: 0.57ms
[1160.010s][info][gc,phases      ] GC(150)   Evacuate Collection Set: 146.84ms
[1160.010s][info][gc,phases      ] GC(150)   Post Evacuate Collection Set: 1.02ms
[1160.010s][info][gc,phases      ] GC(150)   Other: 0.07ms
[1160.010s][info][gc,heap        ] GC(150) Eden regions: 558->0(684)
[1160.010s][info][gc,heap        ] GC(150) Survivor regions: 48->42(76)
[1160.010s][info][gc,heap        ] GC(150) Old regions: 209->218
[1160.010s][info][gc,heap        ] GC(150) Humongous regions: 81->81
[1160.010s][info][gc,metaspace   ] GC(150) Metaspace: 35651K(37824K)->35651K(37824K) NonClass: 26647K(26880K)->26647K(26880K) Class: 9004K(10944K)->9004K(10944K)
[1160.010s][info][gc             ] GC(150) Pause Young (Normal) (G1 Evacuation Pause) 7123M->2691M(10240M) 148.955ms
[1160.010s][info][gc,cpu         ] GC(150) User=1.16s Sys=0.00s Real=0.15s
................................................ (rIR:aIR:PR = 553:553:553) (tPR = 8132) [OK] 
  1207s: Performance info:
         Transaction,    Success,    Partial,     Failed,   Receipts, AvgBarcode, 
             Overall,      33180,          0,          0,      31527,      59.48, 
         Response times:
             Request,    Success,    Partial,     Failed,   SkipFail,     Probes,    Samples,      min,      p50,      p90,      p95,      p99,      max, 
       TotalPurchase,      31527,          0,          0,          0,      29953,      32940,      300,      700,     1000,     1100,     1300,   151000,
     InStorePurchase,      16594,          0,          0,          0,      15837,      17347,      300,      700,     1000,     1100,     1400,   151000,
      OnlinePurchase,      11617,          0,          0,          0,      11037,      12133,      300,      600,     1000,     1100,     1300,   151000,
        InstPurchase,       3316,          0,          0,          0,       3079,       3460,      400,      800,     1100,     1200,     1400,   151000,
          AssocOfCat,         32,          0,          0,          0,         29,         34,    18100,    24000,    26000,    29000,    32000,    32000,
      AssocOfProduct,        330,          0,          0,          0,        267,        352,      400,      800,     1000,     1100,     1535,   151000,
      BusinessReport,         83,          0,          0,          0,         81,         88,    19500,    28000,    31000,    31000,    38000,    38000,
          CustBuyBeh,        330,          0,          0,          0,        254,        378,      200,      300,      400,      500,      800,     1200,
       ProductReturn,        878,          0,          0,          0,        769,        942,      200,      400,      800,     1000,     1200,   151000,

  1207s: ( 5%)   IR =    692 ........|.....................[1236.985s][info][gc,start       ] GC(151) Pause Young (Normal) (G1 Evacuation Pause)
[1236.985s][info][gc,task        ] GC(151) Using 8 workers of 8 for evacuation
[1237.131s][info][gc,phases      ] GC(151)   Pre Evacuate Collection Set: 0.30ms
[1237.131s][info][gc,phases      ] GC(151)   Merge Heap Roots: 0.57ms
[1237.131s][info][gc,phases      ] GC(151)   Evacuate Collection Set: 143.89ms
[1237.131s][info][gc,phases      ] GC(151)   Post Evacuate Collection Set: 1.22ms
[1237.131s][info][gc,phases      ] GC(151)   Other: 0.08ms
[1237.131s][info][gc,heap        ] GC(151) Eden regions: 683->0(645)
[1237.131s][info][gc,heap        ] GC(151) Survivor regions: 42->50(91)
[1237.131s][info][gc,heap        ] GC(151) Old regions: 218->218
[1237.131s][info][gc,heap        ] GC(151) Humongous regions: 81->81
[1237.131s][info][gc,metaspace   ] GC(151) Metaspace: 35653K(37824K)->35653K(37824K) NonClass: 26649K(26880K)->26649K(26880K) Class: 9004K(10944K)->9004K(10944K)
[1237.131s][info][gc             ] GC(151) Pause Young (Normal) (G1 Evacuation Pause) 8155M->2751M(10240M) 146.178ms
[1237.131s][info][gc,cpu         ] GC(151) User=1.14s Sys=0.00s Real=0.14s
....................................... (rIR:aIR:PR = 692:692:692) (tPR = 10116) [OK] 
  1275s: Performance info:
         Transaction,    Success,    Partial,     Failed,   Receipts, AvgBarcode, 
             Overall,      41511,          0,          0,      39437,      59.47, 
         Response times:
             Request,    Success,    Partial,     Failed,   SkipFail,     Probes,    Samples,      min,      p50,      p90,      p95,      p99,      max, 
       TotalPurchase,      39437,          0,          0,          0,      37889,      44320,      300,      800,     1100,     1300,     1500,     4300,
     InStorePurchase,      20755,          0,          0,          0,      20056,      23274,      300,      700,     1100,     1200,     1500,     4300,
      OnlinePurchase,      14525,          0,          0,          0,      14006,      16470,      300,      800,     1200,     1300,     1600,     4200,
        InstPurchase,       4157,          0,          0,          0,       3827,       4576,      400,      900,     1200,     1300,     1600,     4200,
          AssocOfCat,         41,          0,          0,          0,         41,         46,    18300,    24000,    26000,    27000,    28000,    28000,
      AssocOfProduct,        415,          0,          0,          0,        341,        496,      600,      900,     1300,     1400,     1800,     2200,
      BusinessReport,        103,          0,          0,          0,         98,        116,    19600,    27000,    31000,    31000,    38320,    39000,
          CustBuyBeh,        418,          0,          0,          0,        344,        451,      200,      400,      900,     1000,     1200,     1400,
       ProductReturn,       1097,          0,          0,          0,        981,       1238,      200,      700,     1100,     1200,     1500,     4200,

  1275s: ( 6%)   IR =    830 .....|...............[1296.353s][info][gc,start       ] GC(152) Pause Young (Normal) (G1 Evacuation Pause)
[1296.353s][info][gc,task        ] GC(152) Using 8 workers of 8 for evacuation
[1296.504s][info][gc,phases      ] GC(152)   Pre Evacuate Collection Set: 0.35ms
[1296.504s][info][gc,phases      ] GC(152)   Merge Heap Roots: 0.60ms
[1296.504s][info][gc,phases      ] GC(152)   Evacuate Collection Set: 148.85ms
[1296.504s][info][gc,phases      ] GC(152)   Post Evacuate Collection Set: 1.16ms
[1296.504s][info][gc,phases      ] GC(152)   Other: 0.07ms
[1296.504s][info][gc,heap        ] GC(152) Eden regions: 642->0(704)
[1296.504s][info][gc,heap        ] GC(152) Survivor regions: 50->50(87)
[1296.504s][info][gc,heap        ] GC(152) Old regions: 218->221
[1296.504s][info][gc,heap        ] GC(152) Humongous regions: 81->81
[1296.504s][info][gc,metaspace   ] GC(152) Metaspace: 35654K(37824K)->35654K(37824K) NonClass: 26650K(26880K)->26650K(26880K) Class: 9004K(10944K)->9004K(10944K)
[1296.504s][info][gc             ] GC(152) Pause Young (Normal) (G1 Evacuation Pause) 7887M->2774M(10240M) 151.163ms
[1296.504s][info][gc,cpu         ] GC(152) User=1.19s Sys=0.00s Real=0.15s
............................................. (rIR:aIR:PR = 830:830:830) (tPR = 12081) [OK] 
  1340s: Performance info:
         Transaction,    Success,    Partial,     Failed,   Receipts, AvgBarcode, 
             Overall,      49888,          0,          0,      47398,      59.47, 
         Response times:
             Request,    Success,    Partial,     Failed,   SkipFail,     Probes,    Samples,      min,      p50,      p90,      p95,      p99,      max, 
       TotalPurchase,      47398,          0,          0,          0,      45530,      50565,      300,      800,     1300,     1400,     1700,   156000,
     InStorePurchase,      24936,          0,          0,          0,      24135,      26655,      300,      800,     1200,     1400,     1700,   156000,
      OnlinePurchase,      17472,          0,          0,          0,      16771,      18667,      400,      900,     1300,     1500,     1700,   156000,
        InstPurchase,       4990,          0,          0,          0,       4624,       5243,      500,      900,     1400,     1500,     1800,   153000,
          AssocOfCat,         49,          0,          0,          0,         47,         54,    17300,    25000,    26500,    28250,    29000,    29000,
      AssocOfProduct,        499,          0,          0,          0,        421,        544,      500,     1000,     1400,     1575,     2000,     3800,
      BusinessReport,        122,          0,          0,          0,         87,        135,    19700,    27000,    30000,    32000,    33000,    33000,
          CustBuyBeh,        497,          0,          0,          0,        398,        497,      300,      700,     1000,     1200,     1500,     1800,
       ProductReturn,       1323,          0,          0,          0,       1187,       1431,      200,      800,     1200,     1300,     1600,     6800,

  1340s: ( 7%)   IR =    969 .......|....[1352.254s][info][gc,start       ] GC(153) Pause Young (Normal) (G1 Evacuation Pause)
[1352.254s][info][gc,task        ] GC(153) Using 8 workers of 8 for evacuation
[1352.409s][info][gc,phases      ] GC(153)   Pre Evacuate Collection Set: 0.32ms
[1352.409s][info][gc,phases      ] GC(153)   Merge Heap Roots: 0.60ms
[1352.409s][info][gc,phases      ] GC(153)   Evacuate Collection Set: 152.72ms
[1352.409s][info][gc,phases      ] GC(153)   Post Evacuate Collection Set: 1.20ms
[1352.409s][info][gc,phases      ] GC(153)   Other: 0.08ms
[1352.409s][info][gc,heap        ] GC(153) Eden regions: 700->0(718)
[1352.409s][info][gc,heap        ] GC(153) Survivor regions: 50->50(94)
[1352.409s][info][gc,heap        ] GC(153) Old regions: 221->224
[1352.409s][info][gc,heap        ] GC(153) Humongous regions: 81->81
[1352.409s][info][gc,metaspace   ] GC(153) Metaspace: 35656K(37824K)->35656K(37824K) NonClass: 26652K(26880K)->26652K(26880K) Class: 9004K(10944K)->9004K(10944K)
[1352.409s][info][gc             ] GC(153) Pause Young (Normal) (G1 Evacuation Pause) 8374M->2797M(10240M) 155.068ms
[1352.409s][info][gc,cpu         ] GC(153) User=1.21s Sys=0.00s Real=0.15s
...................................................[1402.716s][info][gc,start       ] GC(154) Pause Young (Normal) (G1 Evacuation Pause)
[1402.716s][info][gc,task        ] GC(154) Using 8 workers of 8 for evacuation
[1402.873s][info][gc,phases      ] GC(154)   Pre Evacuate Collection Set: 0.30ms
[1402.873s][info][gc,phases      ] GC(154)   Merge Heap Roots: 0.57ms
[1402.873s][info][gc,phases      ] GC(154)   Evacuate Collection Set: 154.26ms
[1402.873s][info][gc,phases      ] GC(154)   Post Evacuate Collection Set: 1.20ms
[1402.873s][info][gc,phases      ] GC(154)   Other: 0.09ms
[1402.873s][info][gc,heap        ] GC(154) Eden regions: 718->0(717)
[1402.873s][info][gc,heap        ] GC(154) Survivor regions: 50->51(96)
[1402.873s][info][gc,heap        ] GC(154) Old regions: 224->226
[1402.873s][info][gc,heap        ] GC(154) Humongous regions: 81->81
[1402.873s][info][gc,metaspace   ] GC(154) Metaspace: 35656K(37824K)->35656K(37824K) NonClass: 26652K(26880K)->26652K(26880K) Class: 9004K(10944K)->9004K(10944K)
[1402.873s][info][gc             ] GC(154) Pause Young (Normal) (G1 Evacuation Pause) 8541M->2821M(10240M) 156.550ms
[1402.873s][info][gc,cpu         ] GC(154) User=1.23s Sys=0.00s Real=0.16s
..... (rIR:aIR:PR = 969:969:969) (tPR = 14468) [OK] 
  1407s: Performance info:
         Transaction,    Success,    Partial,     Failed,   Receipts, AvgBarcode, 
             Overall,      58191,          0,          0,      55289,      59.45, 
         Response times:
             Request,    Success,    Partial,     Failed,   SkipFail,     Probes,    Samples,      min,      p50,      p90,      p95,      p99,      max, 
       TotalPurchase,      55289,          0,          0,          0,      53524,      60995,      300,      900,     1500,     1600,     1900,   160000,
     InStorePurchase,      29119,          0,          0,          0,      28276,      31990,      400,      900,     1400,     1600,     1900,   160000,
      OnlinePurchase,      20365,          0,          0,          0,      19777,      22655,      300,     1000,     1500,     1600,     2000,   159000,
        InstPurchase,       5805,          0,          0,          0,       5471,       6350,      400,     1000,     1500,     1600,     2000,   159000,
          AssocOfCat,         57,          0,          0,          0,         55,         64,    18000,    25000,    27500,    31500,    33000,    33000,
      AssocOfProduct,        580,          0,          0,          0,        478,        645,      500,     1000,     1500,     1700,     2000,   159000,
      BusinessReport,        144,          0,          0,          0,        109,        162,    21000,    28000,    31000,    32000,    41220,    45000,
          CustBuyBeh,        578,          0,          0,          0,        479,        630,      200,     1000,     1400,     1600,     1869,    10600,
       ProductReturn,       1543,          0,          0,          0,       1366,       1649,      200,      400,     1200,     1300,     1650,    12600,

  1407s: ( 8%)   IR =   1107 ....|...................................[1447.518s][info][gc,start       ] GC(155) Pause Young (Normal) (G1 Evacuation Pause)
[1447.518s][info][gc,task        ] GC(155) Using 8 workers of 8 for evacuation
[1447.674s][info][gc,phases      ] GC(155)   Pre Evacuate Collection Set: 0.28ms
[1447.674s][info][gc,phases      ] GC(155)   Merge Heap Roots: 0.58ms
[1447.674s][info][gc,phases      ] GC(155)   Evacuate Collection Set: 154.33ms
[1447.674s][info][gc,phases      ] GC(155)   Post Evacuate Collection Set: 1.19ms
[1447.674s][info][gc,phases      ] GC(155)   Other: 0.09ms
[1447.674s][info][gc,heap        ] GC(155) Eden regions: 717->0(717)
[1447.674s][info][gc,heap        ] GC(155) Survivor regions: 51->51(96)
[1447.674s][info][gc,heap        ] GC(155) Old regions: 226->228
[1447.674s][info][gc,heap        ] GC(155) Humongous regions: 81->81
[1447.674s][info][gc,metaspace   ] GC(155) Metaspace: 35658K(37824K)->35658K(37824K) NonClass: 26654K(26880K)->26654K(26880K) Class: 9004K(10944K)->9004K(10944K)
[1447.674s][info][gc             ] GC(155) Pause Young (Normal) (G1 Evacuation Pause) 8557M->2839M(10240M) 156.621ms
[1447.674s][info][gc,cpu         ] GC(155) User=1.23s Sys=0.00s Real=0.16s
......................... (rIR:aIR:PR = 1107:1107:1107) (tPR = 16461) [OK] 
  1471s: Performance info:
         Transaction,    Success,    Partial,     Failed,   Receipts, AvgBarcode, 
             Overall,      66542,          0,          0,      63218,      59.47, 
         Response times:
             Request,    Success,    Partial,     Failed,   SkipFail,     Probes,    Samples,      min,      p50,      p90,      p95,      p99,      max, 
       TotalPurchase,      63218,          0,          0,          0,      60868,      66262,      300,     1000,     1600,     1700,     2100,   159000,
     InStorePurchase,      33281,          0,          0,          0,      32201,      34897,      300,     1000,     1600,     1700,     2100,   159000,
      OnlinePurchase,      23279,          0,          0,          0,      22435,      24391,      300,     1000,     1600,     1700,     2100,     3800,
        InstPurchase,       6658,          0,          0,          0,       6232,       6974,      400,     1100,     1600,     1800,     2200,     3800,
          AssocOfCat,         68,          0,          0,          0,         63,         70,    19100,    25000,    30800,    34000,    39000,    39000,
      AssocOfProduct,        667,          0,          0,          0,        568,        703,      600,     1400,     1900,     2000,     2496,     3600,
      BusinessReport,        165,          0,          0,          0,        121,        182,    21000,    29000,    32000,    33850,    46680,    50000,
          CustBuyBeh,        661,          0,          0,          0,        551,        692,      200,     1000,     1400,     1600,     2100,     2900,
       ProductReturn,       1763,          0,          0,          0,       1559,       1821,      200,      600,     1400,     1500,     1900,     3400,

  1471s: ( 9%)   IR =   1245 ......|............[1489.788s][info][gc,start       ] GC(156) Pause Young (Normal) (G1 Evacuation Pause)
[1489.789s][info][gc,task        ] GC(156) Using 8 workers of 8 for evacuation
[1489.947s][info][gc,phases      ] GC(156)   Pre Evacuate Collection Set: 0.32ms
[1489.947s][info][gc,phases      ] GC(156)   Merge Heap Roots: 0.68ms
[1489.947s][info][gc,phases      ] GC(156)   Evacuate Collection Set: 156.24ms
[1489.947s][info][gc,phases      ] GC(156)   Post Evacuate Collection Set: 1.25ms
[1489.947s][info][gc,phases      ] GC(156)   Other: 0.07ms
[1489.947s][info][gc,heap        ] GC(156) Eden regions: 717->0(717)
[1489.947s][info][gc,heap        ] GC(156) Survivor regions: 51->51(96)
[1489.947s][info][gc,heap        ] GC(156) Old regions: 228->231
[1489.947s][info][gc,heap        ] GC(156) Humongous regions: 81->81
[1489.947s][info][gc,metaspace   ] GC(156) Metaspace: 35661K(37824K)->35661K(37824K) NonClass: 26657K(26880K)->26657K(26880K) Class: 9004K(10944K)->9004K(10944K)
[1489.947s][info][gc             ] GC(156) Pause Young (Normal) (G1 Evacuation Pause) 8575M->2856M(10240M) 158.709ms
[1489.947s][info][gc,cpu         ] GC(156) User=1.24s Sys=0.00s Real=0.16s
.......................................[1528.970s][info][gc,start       ] GC(157) Pause Young (Normal) (G1 Evacuation Pause)
[1528.970s][info][gc,task        ] GC(157) Using 8 workers of 8 for evacuation
[1529.126s][info][gc,phases      ] GC(157)   Pre Evacuate Collection Set: 0.33ms
[1529.126s][info][gc,phases      ] GC(157)   Merge Heap Roots: 0.54ms
[1529.126s][info][gc,phases      ] GC(157)   Evacuate Collection Set: 153.90ms
[1529.126s][info][gc,phases      ] GC(157)   Post Evacuate Collection Set: 1.24ms
[1529.126s][info][gc,phases      ] GC(157)   Other: 0.09ms
[1529.126s][info][gc,heap        ] GC(157) Eden regions: 717->0(717)
[1529.126s][info][gc,heap        ] GC(157) Survivor regions: 51->51(96)
[1529.126s][info][gc,heap        ] GC(157) Old regions: 231->233
[1529.126s][info][gc,heap        ] GC(157) Humongous regions: 81->81
[1529.126s][info][gc,metaspace   ] GC(157) Metaspace: 35661K(37824K)->35661K(37824K) NonClass: 26657K(26880K)->26657K(26880K) Class: 9004K(10944K)->9004K(10944K)
[1529.126s][info][gc             ] GC(157) Pause Young (Normal) (G1 Evacuation Pause) 8592M->2880M(10240M) 156.247ms
[1529.126s][info][gc,cpu         ] GC(157) User=1.22s Sys=0.00s Real=0.16s
......... (rIR:aIR:PR = 1245:1245:1245) (tPR = 18486) [OK] 
  1537s: Performance info:
         Transaction,    Success,    Partial,     Failed,   Receipts, AvgBarcode, 
             Overall,      74725,          0,          0,      70991,      59.47, 
         Response times:
             Request,    Success,    Partial,     Failed,   SkipFail,     Probes,    Samples,      min,      p50,      p90,      p95,      p99,      max, 
       TotalPurchase,      70991,          0,          0,          0,      68634,      77047,      300,     1100,     1700,     1900,     2300,   169000,
     InStorePurchase,      37358,          0,          0,          0,      36291,      40571,      300,     1100,     1700,     1900,     2300,   163000,
      OnlinePurchase,      26159,          0,          0,          0,      25291,      28390,      300,     1100,     1700,     1900,     2400,   169000,
        InstPurchase,       7474,          0,          0,          0,       7052,       8086,      400,     1200,     1800,     1900,     2300,   161000,
          AssocOfCat,         76,          0,          0,          0,         69,         81,    17500,    25000,    27000,    28000,    31000,    31000,
      AssocOfProduct,        750,          0,          0,          0,        630,        795,      800,     1500,     2000,     2100,     2608,   161000,
      BusinessReport,        185,          0,          0,          0,        144,        210,    19500,    27000,    32000,    33000,    40890,    43000,
          CustBuyBeh,        744,          0,          0,          0,        643,        810,      300,     1100,     1600,     1800,     2300,     9400,
       ProductReturn,       1979,          0,          0,          0,       1776,       2149,      200,      800,     1500,     1700,     2350,    11200,

  1537s: (10%)   IR =   1384 .....|......................[1565.124s][info][gc,start       ] GC(158) Pause Young (Normal) (G1 Evacuation Pause)
[1565.124s][info][gc,task        ] GC(158) Using 8 workers of 8 for evacuation
[1565.284s][info][gc,phases      ] GC(158)   Pre Evacuate Collection Set: 0.30ms
[1565.284s][info][gc,phases      ] GC(158)   Merge Heap Roots: 0.64ms
[1565.284s][info][gc,phases      ] GC(158)   Evacuate Collection Set: 156.93ms
[1565.284s][info][gc,phases      ] GC(158)   Post Evacuate Collection Set: 1.19ms
[1565.284s][info][gc,phases      ] GC(158)   Other: 0.07ms
[1565.284s][info][gc,heap        ] GC(158) Eden regions: 717->0(717)
[1565.284s][info][gc,heap        ] GC(158) Survivor regions: 51->51(96)
[1565.284s][info][gc,heap        ] GC(158) Old regions: 233->235
[1565.284s][info][gc,heap        ] GC(158) Humongous regions: 81->81
[1565.284s][info][gc,metaspace   ] GC(158) Metaspace: 35661K(37824K)->35661K(37824K) NonClass: 26657K(26880K)->26657K(26880K) Class: 9004K(10944K)->9004K(10944K)
[1565.284s][info][gc             ] GC(158) Pause Young (Normal) (G1 Evacuation Pause) 8616M->2899M(10240M) 159.289ms
[1565.284s][info][gc,cpu         ] GC(158) User=1.25s Sys=0.00s Real=0.16s
...................................[1600.572s][info][gc,start       ] GC(159) Pause Young (Normal) (G1 Evacuation Pause)
[1600.572s][info][gc,task        ] GC(159) Using 8 workers of 8 for evacuation
[1600.728s][info][gc,phases      ] GC(159)   Pre Evacuate Collection Set: 0.31ms
[1600.728s][info][gc,phases      ] GC(159)   Merge Heap Roots: 0.50ms
[1600.728s][info][gc,phases      ] GC(159)   Evacuate Collection Set: 154.09ms
[1600.728s][info][gc,phases      ] GC(159)   Post Evacuate Collection Set: 1.25ms
[1600.728s][info][gc,phases      ] GC(159)   Other: 0.07ms
[1600.728s][info][gc,heap        ] GC(159) Eden regions: 717->0(717)
[1600.728s][info][gc,heap        ] GC(159) Survivor regions: 51->51(96)
[1600.728s][info][gc,heap        ] GC(159) Old regions: 235->238
[1600.728s][info][gc,heap        ] GC(159) Humongous regions: 81->81
[1600.728s][info][gc,metaspace   ] GC(159) Metaspace: 35661K(37824K)->35661K(37824K) NonClass: 26657K(26880K)->26657K(26880K) Class: 9004K(10944K)->9004K(10944K)
[1600.728s][info][gc             ] GC(159) Pause Young (Normal) (G1 Evacuation Pause) 8635M->2915M(10240M) 156.361ms
[1600.728s][info][gc,cpu         ] GC(159) User=1.23s Sys=0.00s Real=0.16s
... (rIR:aIR:PR = 1384:1383:1383) (tPR = 20500) [OK] 
  1602s: Performance info:
         Transaction,    Success,    Partial,     Failed,   Receipts, AvgBarcode, 
             Overall,      83054,          0,          0,      78909,      59.46, 
         Response times:
             Request,    Success,    Partial,     Failed,   SkipFail,     Probes,    Samples,      min,      p50,      p90,      p95,      p99,      max, 
       TotalPurchase,      78909,          0,          0,          0,      76876,      84685,      400,     1200,     1900,     2000,     2500,   161000,
     InStorePurchase,      41538,          0,          0,          0,      40534,      44511,      400,     1200,     1900,     2000,     2500,   161000,
      OnlinePurchase,      29064,          0,          0,          0,      28339,      31136,      400,     1200,     1900,     2100,     2500,   159000,
        InstPurchase,       8307,          0,          0,          0,       8003,       9038,      400,     1200,     1900,     2100,     2600,   159000,
          AssocOfCat,         83,          0,          0,          0,         78,         89,    19300,    26000,    31000,    33000,   195000,   195000,
      AssocOfProduct,        831,          0,          0,          0,        699,        862,      500,     1100,     1800,     2000,     3633,     8800,
      BusinessReport,        206,          0,          0,          0,        134,        226,    22000,    30000,    34000,    37000,   106230,   190000,
          CustBuyBeh,        828,          0,          0,          0,        667,        847,      200,      500,     1400,     1600,     2552,     9100,
       ProductReturn,       2197,          0,          0,          0,       2045,       2425,      300,     1200,     1800,     2000,     2500,    15400,

  1602s: (11%)   IR =   1522 .....|.........................[1632.842s][info][gc,start       ] GC(160) Pause Young (Normal) (G1 Evacuation Pause)
[1632.842s][info][gc,task        ] GC(160) Using 8 workers of 8 for evacuation
[1633.000s][info][gc,phases      ] GC(160)   Pre Evacuate Collection Set: 0.30ms
[1633.000s][info][gc,phases      ] GC(160)   Merge Heap Roots: 0.66ms
[1633.000s][info][gc,phases      ] GC(160)   Evacuate Collection Set: 155.80ms
[1633.000s][info][gc,phases      ] GC(160)   Post Evacuate Collection Set: 1.24ms
[1633.000s][info][gc,phases      ] GC(160)   Other: 0.08ms
[1633.000s][info][gc,heap        ] GC(160) Eden regions: 717->0(717)
[1633.000s][info][gc,heap        ] GC(160) Survivor regions: 51->51(96)
[1633.000s][info][gc,heap        ] GC(160) Old regions: 238->240
[1633.000s][info][gc,heap        ] GC(160) Humongous regions: 81->81
[1633.000s][info][gc,metaspace   ] GC(160) Metaspace: 35661K(37824K)->35661K(37824K) NonClass: 26657K(26880K)->26657K(26880K) Class: 9004K(10944K)->9004K(10944K)
[1633.000s][info][gc             ] GC(160) Pause Young (Normal) (G1 Evacuation Pause) 8651M->2938M(10240M) 158.206ms
[1633.000s][info][gc,cpu         ] GC(160) User=1.24s Sys=0.00s Real=0.15s
................................[1664.914s][info][gc,start       ] GC(161) Pause Young (Normal) (G1 Evacuation Pause)
[1664.914s][info][gc,task        ] GC(161) Using 8 workers of 8 for evacuation
[1665.072s][info][gc,phases      ] GC(161)   Pre Evacuate Collection Set: 0.31ms
[1665.072s][info][gc,phases      ] GC(161)   Merge Heap Roots: 0.57ms
[1665.072s][info][gc,phases      ] GC(161)   Evacuate Collection Set: 156.00ms
[1665.072s][info][gc,phases      ] GC(161)   Post Evacuate Collection Set: 1.22ms
[1665.072s][info][gc,phases      ] GC(161)   Other: 0.08ms
[1665.072s][info][gc,heap        ] GC(161) Eden regions: 717->0(716)
[1665.072s][info][gc,heap        ] GC(161) Survivor regions: 51->52(96)
[1665.072s][info][gc,heap        ] GC(161) Old regions: 240->243
[1665.072s][info][gc,heap        ] GC(161) Humongous regions: 81->81
[1665.072s][info][gc,metaspace   ] GC(161) Metaspace: 35661K(37824K)->35661K(37824K) NonClass: 26657K(26880K)->26657K(26880K) Class: 9004K(10944K)->9004K(10944K)
[1665.072s][info][gc             ] GC(161) Pause Young (Normal) (G1 Evacuation Pause) 8674M->2960M(10240M) 158.306ms
[1665.072s][info][gc,cpu         ] GC(161) User=1.24s Sys=0.00s Real=0.16s
... (rIR:aIR:PR = 1522:1522:1522) (tPR = 22587) [OK] 
  1667s: Performance info:
         Transaction,    Success,    Partial,     Failed,   Receipts, AvgBarcode, 
             Overall,      91352,          0,          0,      86771,      59.48, 
         Response times:
             Request,    Success,    Partial,     Failed,   SkipFail,     Probes,    Samples,      min,      p50,      p90,      p95,      p99,      max, 
       TotalPurchase,      86772,          0,          0,          0,      83819,      92063,      300,     1300,     2000,     2200,     2700,   166000,
     InStorePurchase,      45694,          0,          0,          0,      44370,      48480,      300,     1300,     2000,     2200,     2700,   166000,
      OnlinePurchase,      31944,          0,          0,          0,      30817,      33890,      400,     1300,     2000,     2200,     2700,   165000,
        InstPurchase,       9134,          0,          0,          0,       8632,       9693,      500,     1200,     2000,     2200,     2700,   166000,
          AssocOfCat,         92,          0,          0,          0,         92,         98,    22000,    26000,    30000,    32000,    34000,    34000,
      AssocOfProduct,        917,          0,          0,          0,        779,        964,      600,     1700,     2300,     2500,     3370,     8900,
      BusinessReport,        230,          0,          0,          0,        170,        245,    21000,    31000,    35000,    37700,    45540,    51000,
          CustBuyBeh,        918,          0,          0,          0,        806,       1019,      300,     1300,     1900,     2100,     2760,     9700,
       ProductReturn,       2424,          0,          0,          0,       2193,       2533,      200,     1300,     2000,     2130,     2800,   163000,

  1667s: (12%)   IR =   1660 .......|...................[1694.596s][info][gc,start       ] GC(162) Pause Young (Normal) (G1 Evacuation Pause)
[1694.596s][info][gc,task        ] GC(162) Using 8 workers of 8 for evacuation
[1694.754s][info][gc,phases      ] GC(162)   Pre Evacuate Collection Set: 0.31ms
[1694.754s][info][gc,phases      ] GC(162)   Merge Heap Roots: 0.66ms
[1694.754s][info][gc,phases      ] GC(162)   Evacuate Collection Set: 155.71ms
[1694.754s][info][gc,phases      ] GC(162)   Post Evacuate Collection Set: 1.26ms
[1694.754s][info][gc,phases      ] GC(162)   Other: 0.08ms
[1694.754s][info][gc,heap        ] GC(162) Eden regions: 716->0(717)
[1694.754s][info][gc,heap        ] GC(162) Survivor regions: 52->51(96)
[1694.754s][info][gc,heap        ] GC(162) Old regions: 243->245
[1694.754s][info][gc,heap        ] GC(162) Humongous regions: 81->81
[1694.754s][info][gc,metaspace   ] GC(162) Metaspace: 35666K(37824K)->35666K(37824K) NonClass: 26662K(26880K)->26662K(26880K) Class: 9004K(10944K)->9004K(10944K)
[1694.754s][info][gc             ] GC(162) Pause Young (Normal) (G1 Evacuation Pause) 8688M->2975M(10240M) 158.155ms
[1694.754s][info][gc,cpu         ] GC(162) User=1.25s Sys=0.00s Real=0.16s
..............................[1724.018s][info][gc,start       ] GC(163) Pause Young (Normal) (G1 Evacuation Pause)
[1724.018s][info][gc,task        ] GC(163) Using 8 workers of 8 for evacuation
[1724.177s][info][gc,phases      ] GC(163)   Pre Evacuate Collection Set: 0.33ms
[1724.177s][info][gc,phases      ] GC(163)   Merge Heap Roots: 0.58ms
[1724.177s][info][gc,phases      ] GC(163)   Evacuate Collection Set: 157.06ms
[1724.177s][info][gc,phases      ] GC(163)   Post Evacuate Collection Set: 1.24ms
[1724.177s][info][gc,phases      ] GC(163)   Other: 0.07ms
[1724.177s][info][gc,heap        ] GC(163) Eden regions: 717->0(717)
[1724.177s][info][gc,heap        ] GC(163) Survivor regions: 51->51(96)
[1724.177s][info][gc,heap        ] GC(163) Old regions: 245->247
[1724.177s][info][gc,heap        ] GC(163) Humongous regions: 81->81
[1724.177s][info][gc,metaspace   ] GC(163) Metaspace: 35666K(37824K)->35666K(37824K) NonClass: 26662K(26880K)->26662K(26880K) Class: 9004K(10944K)->9004K(10944K)
[1724.177s][info][gc             ] GC(163) Pause Young (Normal) (G1 Evacuation Pause) 8711M->2995M(10240M) 159.419ms
[1724.177s][info][gc,cpu         ] GC(163) User=1.26s Sys=0.00s Real=0.16s
........... (rIR:aIR:PR = 1660:1660:1660) (tPR = 24479) [OK] 
  1734s: Performance info:
         Transaction,    Success,    Partial,     Failed,   Receipts, AvgBarcode, 
             Overall,      99620,          0,          0,      94638,      59.47, 
         Response times:
             Request,    Success,    Partial,     Failed,   SkipFail,     Probes,    Samples,      min,      p50,      p90,      p95,      p99,      max, 
       TotalPurchase,      94638,          0,          0,          0,      91363,     103710,      300,     1400,     2100,     2300,     2900,   167000,
     InStorePurchase,      49805,          0,          0,          0,      48364,      54766,      300,     1300,     2100,     2300,     2800,   167000,
      OnlinePurchase,      34868,          0,          0,          0,      33534,      38010,      300,     1400,     2100,     2300,     2900,   162000,
        InstPurchase,       9965,          0,          0,          0,       9465,      10934,      500,     1400,     2200,     2400,     2900,   162000,
          AssocOfCat,         99,          0,          0,          0,         98,        110,    18100,    26000,    28900,    31450,    34890,    35000,
      AssocOfProduct,        999,          0,          0,          0,        862,       1085,      500,     1500,     2400,     2600,     2900,     4200,
      BusinessReport,        248,          0,          0,          0,        189,        278,    21000,    29000,    33000,    34050,    38000,    41000,
          CustBuyBeh,        991,          0,          0,          0,        851,       1087,      200,     1300,     2000,     2200,     3124,     8700,
       ProductReturn,       2645,          0,          0,          0,       2419,       2890,      200,     1100,     2000,     2200,     2900,   162000,

  1734s: (13%)   IR =   1799 ......|...........[1752.137s][info][gc,start       ] GC(164) Pause Young (Normal) (G1 Evacuation Pause)
[1752.137s][info][gc,task        ] GC(164) Using 8 workers of 8 for evacuation
[1752.295s][info][gc,phases      ] GC(164)   Pre Evacuate Collection Set: 0.29ms
[1752.295s][info][gc,phases      ] GC(164)   Merge Heap Roots: 0.61ms
[1752.295s][info][gc,phases      ] GC(164)   Evacuate Collection Set: 155.97ms
[1752.295s][info][gc,phases      ] GC(164)   Post Evacuate Collection Set: 1.24ms
[1752.295s][info][gc,phases      ] GC(164)   Other: 0.06ms
[1752.295s][info][gc,heap        ] GC(164) Eden regions: 717->0(716)
[1752.295s][info][gc,heap        ] GC(164) Survivor regions: 51->52(96)
[1752.295s][info][gc,heap        ] GC(164) Old regions: 247->250
[1752.295s][info][gc,heap        ] GC(164) Humongous regions: 81->81
[1752.295s][info][gc,metaspace   ] GC(164) Metaspace: 35668K(37824K)->35668K(37824K) NonClass: 26664K(26880K)->26664K(26880K) Class: 9004K(10944K)->9004K(10944K)
[1752.295s][info][gc             ] GC(164) Pause Young (Normal) (G1 Evacuation Pause) 8731M->3017M(10240M) 158.332ms
[1752.295s][info][gc,cpu         ] GC(164) User=1.24s Sys=0.00s Real=0.16s
...........................[1779.176s][info][gc,start       ] GC(165) Pause Young (Normal) (G1 Evacuation Pause)
[1779.176s][info][gc,task        ] GC(165) Using 8 workers of 8 for evacuation
[1779.341s][info][gc,phases      ] GC(165)   Pre Evacuate Collection Set: 0.31ms
[1779.341s][info][gc,phases      ] GC(165)   Merge Heap Roots: 0.60ms
[1779.341s][info][gc,phases      ] GC(165)   Evacuate Collection Set: 162.00ms
[1779.341s][info][gc,phases      ] GC(165)   Post Evacuate Collection Set: 1.24ms
[1779.341s][info][gc,phases      ] GC(165)   Other: 0.08ms
[1779.341s][info][gc,heap        ] GC(165) Eden regions: 716->0(716)
[1779.341s][info][gc,heap        ] GC(165) Survivor regions: 52->52(96)
[1779.341s][info][gc,heap        ] GC(165) Old regions: 250->252
[1779.341s][info][gc,heap        ] GC(165) Humongous regions: 81->81
[1779.341s][info][gc,metaspace   ] GC(165) Metaspace: 35668K(37824K)->35668K(37824K) NonClass: 26664K(26880K)->26664K(26880K) Class: 9004K(10944K)->9004K(10944K)
[1779.341s][info][gc             ] GC(165) Pause Young (Normal) (G1 Evacuation Pause) 8745M->3040M(10240M) 164.367ms
[1779.341s][info][gc,cpu         ] GC(165) User=1.29s Sys=0.00s Real=0.16s
...................... (rIR:aIR:PR = 1799:1801:1801) (tPR = 26783) [OK] 
  1800s: Performance info:
         Transaction,    Success,    Partial,     Failed,   Receipts, AvgBarcode, 
             Overall,     108106,          0,          0,     102708,      59.47, 
         Response times:
             Request,    Success,    Partial,     Failed,   SkipFail,     Probes,    Samples,      min,      p50,      p90,      p95,      p99,      max, 
       TotalPurchase,     102708,          0,          0,          0,     100315,     111489,      300,     1500,     2300,     2500,     3100,   162000,
     InStorePurchase,      54105,          0,          0,          0,      53026,      58600,      400,     1400,     2300,     2500,     3100,   162000,
      OnlinePurchase,      37780,          0,          0,          0,      36989,      41243,      300,     1500,     2300,     2500,     3100,   162000,
        InstPurchase,      10823,          0,          0,          0,      10300,      11646,      500,     1500,     2300,     2600,     3100,    27000,
          AssocOfCat,        109,          0,          0,          0,        105,        118,    18200,    26000,    32100,    34050,    43810,    44000,
      AssocOfProduct,       1076,          0,          0,          0,        941,       1177,      800,     2100,     2620,     2900,     4444,    24000,
      BusinessReport,        268,          0,          0,          0,        219,        306,    21000,    30000,    37000,    44000,    61580,   198000,
          CustBuyBeh,       1082,          0,          0,          0,        941,       1146,      100,      500,     1400,     1800,     2453,    31000,
       ProductReturn,       2863,          0,          0,          0,       2650,       3117,      200,      700,     1900,     2200,     2800,    16000,

  1800s: (14%)   IR =   1937 ....|[1805.894s][info][gc,start       ] GC(166) Pause Young (Normal) (G1 Evacuation Pause)
[1805.894s][info][gc,task        ] GC(166) Using 8 workers of 8 for evacuation
[1806.057s][info][gc,phases      ] GC(166)   Pre Evacuate Collection Set: 0.32ms
[1806.057s][info][gc,phases      ] GC(166)   Merge Heap Roots: 0.53ms
[1806.057s][info][gc,phases      ] GC(166)   Evacuate Collection Set: 161.43ms
[1806.057s][info][gc,phases      ] GC(166)   Post Evacuate Collection Set: 1.21ms
[1806.057s][info][gc,phases      ] GC(166)   Other: 0.08ms
[1806.057s][info][gc,heap        ] GC(166) Eden regions: 716->0(716)
[1806.057s][info][gc,heap        ] GC(166) Survivor regions: 52->52(96)
[1806.057s][info][gc,heap        ] GC(166) Old regions: 252->254
[1806.057s][info][gc,heap        ] GC(166) Humongous regions: 81->81
[1806.057s][info][gc,metaspace   ] GC(166) Metaspace: 35670K(37824K)->35670K(37824K) NonClass: 26666K(26880K)->26666K(26880K) Class: 9004K(10944K)->9004K(10944K)
[1806.057s][info][gc             ] GC(166) Pause Young (Normal) (G1 Evacuation Pause) 8768M->3058M(10240M) 163.713ms
[1806.057s][info][gc,cpu         ] GC(166) User=1.28s Sys=0.00s Real=0.16s
.........................[1830.962s][info][gc,start       ] GC(167) Pause Young (Normal) (G1 Evacuation Pause)
[1830.962s][info][gc,task        ] GC(167) Using 8 workers of 8 for evacuation
[1831.124s][info][gc,phases      ] GC(167)   Pre Evacuate Collection Set: 0.30ms
[1831.124s][info][gc,phases      ] GC(167)   Merge Heap Roots: 0.65ms
[1831.124s][info][gc,phases      ] GC(167)   Evacuate Collection Set: 159.56ms
[1831.124s][info][gc,phases      ] GC(167)   Post Evacuate Collection Set: 1.31ms
[1831.124s][info][gc,phases      ] GC(167)   Other: 0.07ms
[1831.124s][info][gc,heap        ] GC(167) Eden regions: 716->0(716)
[1831.124s][info][gc,heap        ] GC(167) Survivor regions: 52->52(96)
[1831.124s][info][gc,heap        ] GC(167) Old regions: 254->257
[1831.124s][info][gc,heap        ] GC(167) Humongous regions: 81->81
[1831.124s][info][gc,metaspace   ] GC(167) Metaspace: 35673K(37824K)->35673K(37824K) NonClass: 26669K(26880K)->26669K(26880K) Class: 9004K(10944K)->9004K(10944K)
[1831.124s][info][gc             ] GC(167) Pause Young (Normal) (G1 Evacuation Pause) 8786M->3074M(10240M) 162.022ms
[1831.124s][info][gc,cpu         ] GC(167) User=1.28s Sys=0.00s Real=0.16s
.........................[1856.010s][info][gc,start       ] GC(168) Pause Young (Normal) (G1 Evacuation Pause)
[1856.010s][info][gc,task        ] GC(168) Using 8 workers of 8 for evacuation
[1856.172s][info][gc,phases      ] GC(168)   Pre Evacuate Collection Set: 0.31ms
[1856.172s][info][gc,phases      ] GC(168)   Merge Heap Roots: 0.60ms
[1856.172s][info][gc,phases      ] GC(168)   Evacuate Collection Set: 159.16ms
[1856.172s][info][gc,phases      ] GC(168)   Post Evacuate Collection Set: 1.25ms
[1856.172s][info][gc,phases      ] GC(168)   Other: 0.07ms
[1856.172s][info][gc,heap        ] GC(168) Eden regions: 716->0(715)
[1856.172s][info][gc,heap        ] GC(168) Survivor regions: 52->53(96)
[1856.172s][info][gc,heap        ] GC(168) Old regions: 257->259
[1856.172s][info][gc,heap        ] GC(168) Humongous regions: 81->81
[1856.172s][info][gc,metaspace   ] GC(168) Metaspace: 35673K(37824K)->35673K(37824K) NonClass: 26669K(26880K)->26669K(26880K) Class: 9004K(10944K)->9004K(10944K)
[1856.172s][info][gc             ] GC(168) Pause Young (Normal) (G1 Evacuation Pause) 8802M->3101M(10240M) 161.528ms
[1856.172s][info][gc,cpu         ] GC(168) User=1.27s Sys=0.00s Real=0.17s
.......... (rIR:aIR:PR = 1937:1936:1936) (tPR = 28780) [OK] 
  1864s: Performance info:
         Transaction,    Success,    Partial,     Failed,   Receipts, AvgBarcode, 
             Overall,     116654,          0,          0,     110804,      59.47, 
         Response times:
             Request,    Success,    Partial,     Failed,   SkipFail,     Probes,    Samples,      min,      p50,      p90,      p95,      p99,      max, 
       TotalPurchase,     110806,          0,          0,          0,     107605,     116344,      300,     1500,     2400,     2700,     3600,   169000,
     InStorePurchase,      58312,          0,          0,          0,      56942,      61534,      400,     1500,     2400,     2600,     3600,   168000,
      OnlinePurchase,      40809,          0,          0,          0,      39572,      42632,      300,     1500,     2400,     2700,     3500,   169000,
        InstPurchase,      11685,          0,          0,          0,      11091,      12178,      400,     1600,     2500,     2800,     3521,   168000,
          AssocOfCat,        117,          0,          0,          0,        115,        121,    18300,    27000,    33000,    36000,    62020,    64000,
      AssocOfProduct,       1168,          0,          0,          0,       1011,       1214,      500,     1600,     2600,     2800,     3200,    10500,
      BusinessReport,        294,          0,          0,          0,        217,        290,    22000,    32000,    36000,    40000,    49810,   201000,
          CustBuyBeh,       1166,          0,          0,          0,       1034,       1236,      300,     1600,     2300,     2500,     3263,   164000,
       ProductReturn,       3104,          0,          0,          0,       2864,       3268,      200,      900,     2100,     2400,     3100,   165000,

  1864s: (15%)   IR =   2076 ......|.........[1880.234s][info][gc,start       ] GC(169) Pause Young (Normal) (G1 Evacuation Pause)
[1880.234s][info][gc,task        ] GC(169) Using 8 workers of 8 for evacuation
[1880.393s][info][gc,phases      ] GC(169)   Pre Evacuate Collection Set: 0.30ms
[1880.393s][info][gc,phases      ] GC(169)   Merge Heap Roots: 0.61ms
[1880.393s][info][gc,phases      ] GC(169)   Evacuate Collection Set: 156.18ms
[1880.393s][info][gc,phases      ] GC(169)   Post Evacuate Collection Set: 1.26ms
[1880.393s][info][gc,phases      ] GC(169)   Other: 0.07ms
[1880.393s][info][gc,heap        ] GC(169) Eden regions: 715->0(716)
[1880.393s][info][gc,heap        ] GC(169) Survivor regions: 53->52(96)
[1880.393s][info][gc,heap        ] GC(169) Old regions: 259->262
[1880.393s][info][gc,heap        ] GC(169) Humongous regions: 81->81
[1880.393s][info][gc,metaspace   ] GC(169) Metaspace: 35678K(37824K)->35678K(37824K) NonClass: 26674K(26880K)->26674K(26880K) Class: 9004K(10944K)->9004K(10944K)
[1880.393s][info][gc             ] GC(169) Pause Young (Normal) (G1 Evacuation Pause) 8821M->3117M(10240M) 158.543ms
[1880.393s][info][gc,cpu         ] GC(169) User=1.25s Sys=0.00s Real=0.16s
.......................[1903.610s][info][gc,start       ] GC(170) Pause Young (Normal) (G1 Evacuation Pause)
[1903.610s][info][gc,task        ] GC(170) Using 8 workers of 8 for evacuation
[1903.769s][info][gc,phases      ] GC(170)   Pre Evacuate Collection Set: 0.35ms
[1903.769s][info][gc,phases      ] GC(170)   Merge Heap Roots: 0.68ms
[1903.769s][info][gc,phases      ] GC(170)   Evacuate Collection Set: 156.00ms
[1903.769s][info][gc,phases      ] GC(170)   Post Evacuate Collection Set: 1.23ms
[1903.769s][info][gc,phases      ] GC(170)   Other: 0.08ms
[1903.769s][info][gc,heap        ] GC(170) Eden regions: 716->0(717)
[1903.769s][info][gc,heap        ] GC(170) Survivor regions: 52->51(96)
[1903.769s][info][gc,heap        ] GC(170) Old regions: 262->264
[1903.769s][info][gc,heap        ] GC(170) Humongous regions: 81->81
[1903.769s][info][gc,metaspace   ] GC(170) Metaspace: 35678K(37824K)->35678K(37824K) NonClass: 26674K(26880K)->26674K(26880K) Class: 9004K(10944K)->9004K(10944K)
[1903.769s][info][gc             ] GC(170) Pause Young (Normal) (G1 Evacuation Pause) 8845M->3128M(10240M) 158.472ms
[1903.769s][info][gc,cpu         ] GC(170) User=1.24s Sys=0.00s Real=0.16s
.......................[1927.188s][info][gc,start       ] GC(171) Pause Young (Normal) (G1 Evacuation Pause)
[1927.188s][info][gc,task        ] GC(171) Using 8 workers of 8 for evacuation
[1927.347s][info][gc,phases      ] GC(171)   Pre Evacuate Collection Set: 0.32ms
[1927.348s][info][gc,phases      ] GC(171)   Merge Heap Roots: 0.63ms
[1927.348s][info][gc,phases      ] GC(171)   Evacuate Collection Set: 156.95ms
[1927.348s][info][gc,phases      ] GC(171)   Post Evacuate Collection Set: 1.24ms
[1927.348s][info][gc,phases      ] GC(171)   Other: 0.08ms
[1927.348s][info][gc,heap        ] GC(171) Eden regions: 717->0(716)
[1927.348s][info][gc,heap        ] GC(171) Survivor regions: 51->52(96)
[1927.348s][info][gc,heap        ] GC(171) Old regions: 264->267
[1927.348s][info][gc,heap        ] GC(171) Humongous regions: 81->81
[1927.348s][info][gc,metaspace   ] GC(171) Metaspace: 35678K(37824K)->35678K(37824K) NonClass: 26674K(26880K)->26674K(26880K) Class: 9004K(10944K)->9004K(10944K)
[1927.348s][info][gc             ] GC(171) Pause Young (Normal) (G1 Evacuation Pause) 8864M->3154M(10240M) 159.356ms
[1927.348s][info][gc,cpu         ] GC(171) User=1.26s Sys=0.00s Real=0.16s
..... (rIR:aIR:PR = 2076:2076:2076) (tPR = 30791) [OK] 
  1931s: Performance info:
         Transaction,    Success,    Partial,     Failed,   Receipts, AvgBarcode, 
             Overall,     124898,          0,          0,     118642,      59.47, 
         Response times:
             Request,    Success,    Partial,     Failed,   SkipFail,     Probes,    Samples,      min,      p50,      p90,      p95,      p99,      max, 
       TotalPurchase,     118642,          0,          0,          0,     115606,     128570,      300,     1600,     2600,     2800,     3600,   168000,
     InStorePurchase,      62488,          0,          0,          0,      61101,      67756,      300,     1500,     2500,     2800,     3500,   166000,
      OnlinePurchase,      43659,          0,          0,          0,      42589,      47405,      400,     1700,     2600,     2800,     3800,   168000,
        InstPurchase,      12495,          0,          0,          0,      11916,      13409,      500,     1700,     2600,     2900,     3500,   163000,
          AssocOfCat,        125,          0,          0,          0,         82,        124,    21000,    27000,    30000,    33000,    36750,    37000,
      AssocOfProduct,       1258,          0,          0,          0,       1131,       1357,      600,     1800,     2800,     3000,     3700,    21000,
      BusinessReport,        315,          0,          0,          0,        241,        327,    22000,    31000,    37000,    41000,    49440,    58000,
          CustBuyBeh,       1248,          0,          0,          0,       1107,       1328,      300,     1600,     2400,     2700,     3300,    14400,
       ProductReturn,       3310,          0,          0,          0,       3015,       3442,      400,     1800,     2600,     2800,     3657,    17600,

  1931s: (16%)   IR =   2214 .....|.............[1949.483s][info][gc,start       ] GC(172) Pause Young (Normal) (G1 Evacuation Pause)
[1949.483s][info][gc,task        ] GC(172) Using 8 workers of 8 for evacuation
[1949.642s][info][gc,phases      ] GC(172)   Pre Evacuate Collection Set: 0.29ms
[1949.642s][info][gc,phases      ] GC(172)   Merge Heap Roots: 0.52ms
[1949.642s][info][gc,phases      ] GC(172)   Evacuate Collection Set: 157.14ms
[1949.642s][info][gc,phases      ] GC(172)   Post Evacuate Collection Set: 1.19ms
[1949.642s][info][gc,phases      ] GC(172)   Other: 0.06ms
[1949.642s][info][gc,heap        ] GC(172) Eden regions: 716->0(717)
[1949.642s][info][gc,heap        ] GC(172) Survivor regions: 52->51(96)
[1949.642s][info][gc,heap        ] GC(172) Old regions: 267->269
[1949.642s][info][gc,heap        ] GC(172) Humongous regions: 81->81
[1949.642s][info][gc,metaspace   ] GC(172) Metaspace: 35680K(37824K)->35680K(37824K) NonClass: 26676K(26880K)->26676K(26880K) Class: 9004K(10944K)->9004K(10944K)
[1949.642s][info][gc             ] GC(172) Pause Young (Normal) (G1 Evacuation Pause) 8882M->3164M(10240M) 159.321ms
[1949.642s][info][gc,cpu         ] GC(172) User=1.26s Sys=0.00s Real=0.16s
......................[1971.454s][info][gc,start       ] GC(173) Pause Young (Normal) (G1 Evacuation Pause)
[1971.454s][info][gc,task        ] GC(173) Using 8 workers of 8 for evacuation
[1971.612s][info][gc,phases      ] GC(173)   Pre Evacuate Collection Set: 0.31ms
[1971.612s][info][gc,phases      ] GC(173)   Merge Heap Roots: 0.69ms
[1971.612s][info][gc,phases      ] GC(173)   Evacuate Collection Set: 155.55ms
[1971.612s][info][gc,phases      ] GC(173)   Post Evacuate Collection Set: 1.21ms
[1971.612s][info][gc,phases      ] GC(173)   Other: 0.08ms
[1971.612s][info][gc,heap        ] GC(173) Eden regions: 717->0(717)
[1971.612s][info][gc,heap        ] GC(173) Survivor regions: 51->51(96)
[1971.612s][info][gc,heap        ] GC(173) Old regions: 269->271
[1971.612s][info][gc,heap        ] GC(173) Humongous regions: 81->81
[1971.612s][info][gc,metaspace   ] GC(173) Metaspace: 35680K(37824K)->35680K(37824K) NonClass: 26676K(26880K)->26676K(26880K) Class: 9004K(10944K)->9004K(10944K)
[1971.612s][info][gc             ] GC(173) Pause Young (Normal) (G1 Evacuation Pause) 8900M->3186M(10240M) 157.979ms
[1971.612s][info][gc,cpu         ] GC(173) User=1.24s Sys=0.00s Real=0.16s
.....................[1993.344s][info][gc,start       ] GC(174) Pause Young (Normal) (G1 Evacuation Pause)
[1993.344s][info][gc,task        ] GC(174) Using 8 workers of 8 for evacuation
[1993.502s][info][gc,phases      ] GC(174)   Pre Evacuate Collection Set: 0.32ms
[1993.503s][info][gc,phases      ] GC(174)   Merge Heap Roots: 0.54ms
[1993.503s][info][gc,phases      ] GC(174)   Evacuate Collection Set: 156.07ms
[1993.503s][info][gc,phases      ] GC(174)   Post Evacuate Collection Set: 1.24ms
[1993.503s][info][gc,phases      ] GC(174)   Other: 0.07ms
[1993.503s][info][gc,heap        ] GC(174) Eden regions: 717->0(717)
[1993.503s][info][gc,heap        ] GC(174) Survivor regions: 51->51(96)
[1993.503s][info][gc,heap        ] GC(174) Old regions: 271->274
[1993.503s][info][gc,heap        ] GC(174) Humongous regions: 81->81
[1993.503s][info][gc,metaspace   ] GC(174) Metaspace: 35680K(37824K)->35680K(37824K) NonClass: 26676K(26880K)->26676K(26880K) Class: 9004K(10944K)->9004K(10944K)
[1993.503s][info][gc             ] GC(174) Pause Young (Normal) (G1 Evacuation Pause) 8922M->3204M(10240M) 158.377ms
[1993.503s][info][gc,cpu         ] GC(174) User=1.25s Sys=0.00s Real=0.16s
.... (rIR:aIR:PR = 2214:2213:2213) (tPR = 33038) [OK] 
  1996s: Performance info:
         Transaction,    Success,    Partial,     Failed,   Receipts, AvgBarcode, 
             Overall,     133059,          0,          0,     126412,      59.47, 
         Response times:
             Request,    Success,    Partial,     Failed,   SkipFail,     Probes,    Samples,      min,      p50,      p90,      p95,      p99,      max, 
       TotalPurchase,     126412,          0,          0,          0,     122855,     134776,      300,     1700,     2700,     3000,     4200,   165000,
     InStorePurchase,      66510,          0,          0,          0,      64665,      70634,      400,     1700,     2700,     3000,     4100,   165000,
      OnlinePurchase,      46595,          0,          0,          0,      45477,      50010,      300,     1700,     2700,     3000,     4300,   165000,
        InstPurchase,      13307,          0,          0,          0,      12713,      14132,      500,     1800,     2800,     3000,     4100,   164000,
          AssocOfCat,        134,          0,          0,          0,         88,        124,    19700,    27000,    33000,    36750,    50500,    51000,
      AssocOfProduct,       1328,          0,          0,          0,       1193,       1426,      600,     2200,     3000,     3300,     4765,   163000,
      BusinessReport,        332,          0,          0,          0,        263,        359,    21000,    31000,    38000,    44000,    52800,   187000,
          CustBuyBeh,       1330,          0,          0,          0,       1144,       1350,      200,     1800,     2600,     2800,     4398,   162000,
       ProductReturn,       3523,          0,          0,          0,       3293,       3805,      200,     1500,     2600,     2900,     4000,   165000,

  1996s: (17%)   IR =   2352 .....|............[2014.333s][info][gc,start       ] GC(175) Pause Young (Normal) (G1 Evacuation Pause)
[2014.334s][info][gc,task        ] GC(175) Using 8 workers of 8 for evacuation
[2014.491s][info][gc,phases      ] GC(175)   Pre Evacuate Collection Set: 0.29ms
[2014.491s][info][gc,phases      ] GC(175)   Merge Heap Roots: 0.62ms
[2014.491s][info][gc,phases      ] GC(175)   Evacuate Collection Set: 155.29ms
[2014.491s][info][gc,phases      ] GC(175)   Post Evacuate Collection Set: 1.26ms
[2014.491s][info][gc,phases      ] GC(175)   Other: 0.06ms
[2014.491s][info][gc,heap        ] GC(175) Eden regions: 717->0(717)
[2014.491s][info][gc,heap        ] GC(175) Survivor regions: 51->51(96)
[2014.491s][info][gc,heap        ] GC(175) Old regions: 274->276
[2014.491s][info][gc,heap        ] GC(175) Humongous regions: 81->81
[2014.491s][info][gc,metaspace   ] GC(175) Metaspace: 35681K(37824K)->35681K(37824K) NonClass: 26677K(26880K)->26677K(26880K) Class: 9004K(10944K)->9004K(10944K)
[2014.491s][info][gc             ] GC(175) Pause Young (Normal) (G1 Evacuation Pause) 8940M->3219M(10240M) 157.676ms
[2014.491s][info][gc,cpu         ] GC(175) User=1.24s Sys=0.00s Real=0.15s
.....................[2035.069s][info][gc,start       ] GC(176) Pause Young (Normal) (G1 Evacuation Pause)
[2035.069s][info][gc,task        ] GC(176) Using 8 workers of 8 for evacuation
[2035.228s][info][gc,phases      ] GC(176)   Pre Evacuate Collection Set: 0.30ms
[2035.229s][info][gc,phases      ] GC(176)   Merge Heap Roots: 0.65ms
[2035.229s][info][gc,phases      ] GC(176)   Evacuate Collection Set: 156.87ms
[2035.229s][info][gc,phases      ] GC(176)   Post Evacuate Collection Set: 1.25ms
[2035.229s][info][gc,phases      ] GC(176)   Other: 0.07ms
[2035.229s][info][gc,heap        ] GC(176) Eden regions: 717->0(717)
[2035.229s][info][gc,heap        ] GC(176) Survivor regions: 51->51(96)
[2035.229s][info][gc,heap        ] GC(176) Old regions: 276->278
[2035.229s][info][gc,heap        ] GC(176) Humongous regions: 81->81
[2035.229s][info][gc,metaspace   ] GC(176) Metaspace: 35681K(37824K)->35681K(37824K) NonClass: 26677K(26880K)->26677K(26880K) Class: 9004K(10944K)->9004K(10944K)
[2035.229s][info][gc             ] GC(176) Pause Young (Normal) (G1 Evacuation Pause) 8955M->3243M(10240M) 159.278ms
[2035.229s][info][gc,cpu         ] GC(176) User=1.25s Sys=0.00s Real=0.16s
.....................[2055.798s][info][gc,start       ] GC(177) Pause Young (Normal) (G1 Evacuation Pause)
[2055.798s][info][gc,task        ] GC(177) Using 8 workers of 8 for evacuation
[2055.955s][info][gc,phases      ] GC(177)   Pre Evacuate Collection Set: 0.32ms
[2055.955s][info][gc,phases      ] GC(177)   Merge Heap Roots: 0.52ms
[2055.955s][info][gc,phases      ] GC(177)   Evacuate Collection Set: 154.79ms
[2055.955s][info][gc,phases      ] GC(177)   Post Evacuate Collection Set: 1.22ms
[2055.955s][info][gc,phases      ] GC(177)   Other: 0.08ms
[2055.955s][info][gc,heap        ] GC(177) Eden regions: 717->0(717)
[2055.955s][info][gc,heap        ] GC(177) Survivor regions: 51->51(96)
[2055.955s][info][gc,heap        ] GC(177) Old regions: 278->281
[2055.955s][info][gc,heap        ] GC(177) Humongous regions: 81->81
[2055.955s][info][gc,metaspace   ] GC(177) Metaspace: 35681K(37824K)->35681K(37824K) NonClass: 26677K(26880K)->26677K(26880K) Class: 9004K(10944K)->9004K(10944K)
[2055.955s][info][gc             ] GC(177) Pause Young (Normal) (G1 Evacuation Pause) 8979M->3258M(10240M) 157.060ms
[2055.955s][info][gc,cpu         ] GC(177) User=1.24s Sys=0.00s Real=0.16s
...... (rIR:aIR:PR = 2352:2351:2351) (tPR = 34841) [OK] 
  2061s: Performance info:
         Transaction,    Success,    Partial,     Failed,   Receipts, AvgBarcode, 
             Overall,     141149,          0,          0,     134096,      59.47, 
         Response times:
             Request,    Success,    Partial,     Failed,   SkipFail,     Probes,    Samples,      min,      p50,      p90,      p95,      p99,      max, 
       TotalPurchase,     134099,          0,          0,          0,     130606,     142969,      400,     1700,     2800,     3100,     4100,   168000,
     InStorePurchase,      70583,          0,          0,          0,      68915,      75173,      400,     1800,     2800,     3100,     4100,   166000,
      OnlinePurchase,      49415,          0,          0,          0,      47956,      52471,      400,     1700,     2800,     3100,     4200,   168000,
        InstPurchase,      14101,          0,          0,          0,      13735,      15325,      500,     1700,     2800,     3100,     4200,   164000,
          AssocOfCat,        142,          0,          0,          0,        110,        158,    18600,    28000,    32000,    33050,    39000,    39000,
      AssocOfProduct,       1412,          0,          0,          0,       1250,       1487,      700,     2400,     3200,     3400,     4372,   164000,
      BusinessReport,        349,          0,          0,          0,        261,        358,    24000,    30000,    37000,    41100,    54000,   192000,
          CustBuyBeh,       1405,          0,          0,          0,       1256,       1498,      300,     1600,     2700,     2900,     3802,    17600,
       ProductReturn,       3745,          0,          0,          0,       3528,       4112,      200,     1200,     2600,     2900,     4100,    24000,

  2061s: (18%)   IR =   2491 ........|......[2075.767s][info][gc,start       ] GC(178) Pause Young (Normal) (G1 Evacuation Pause)
[2075.767s][info][gc,task        ] GC(178) Using 8 workers of 8 for evacuation
[2075.923s][info][gc,phases      ] GC(178)   Pre Evacuate Collection Set: 0.30ms
[2075.924s][info][gc,phases      ] GC(178)   Merge Heap Roots: 0.65ms
[2075.924s][info][gc,phases      ] GC(178)   Evacuate Collection Set: 154.42ms
[2075.924s][info][gc,phases      ] GC(178)   Post Evacuate Collection Set: 1.24ms
[2075.924s][info][gc,phases      ] GC(178)   Other: 0.06ms
[2075.924s][info][gc,heap        ] GC(178) Eden regions: 717->0(717)
[2075.924s][info][gc,heap        ] GC(178) Survivor regions: 51->51(96)
[2075.924s][info][gc,heap        ] GC(178) Old regions: 281->283
[2075.924s][info][gc,heap        ] GC(178) Humongous regions: 81->81
[2075.924s][info][gc,metaspace   ] GC(178) Metaspace: 35681K(37824K)->35681K(37824K) NonClass: 26677K(26880K)->26677K(26880K) Class: 9004K(10944K)->9004K(10944K)
[2075.924s][info][gc             ] GC(178) Pause Young (Normal) (G1 Evacuation Pause) 8994M->3280M(10240M) 156.803ms
[2075.924s][info][gc,cpu         ] GC(178) User=1.23s Sys=0.00s Real=0.16s
...................[2095.267s][info][gc,start       ] GC(179) Pause Young (Normal) (G1 Evacuation Pause)
[2095.267s][info][gc,task        ] GC(179) Using 8 workers of 8 for evacuation
[2095.424s][info][gc,phases      ] GC(179)   Pre Evacuate Collection Set: 0.29ms
[2095.424s][info][gc,phases      ] GC(179)   Merge Heap Roots: 0.62ms
[2095.424s][info][gc,phases      ] GC(179)   Evacuate Collection Set: 155.07ms
[2095.424s][info][gc,phases      ] GC(179)   Post Evacuate Collection Set: 1.25ms
[2095.424s][info][gc,phases      ] GC(179)   Other: 0.08ms
[2095.424s][info][gc,heap        ] GC(179) Eden regions: 717->0(717)
[2095.424s][info][gc,heap        ] GC(179) Survivor regions: 51->51(96)
[2095.424s][info][gc,heap        ] GC(179) Old regions: 283->285
[2095.424s][info][gc,heap        ] GC(179) Humongous regions: 81->81
[2095.424s][info][gc,metaspace   ] GC(179) Metaspace: 35681K(37824K)->35681K(37824K) NonClass: 26677K(26880K)->26677K(26880K) Class: 9004K(10944K)->9004K(10944K)
[2095.424s][info][gc             ] GC(179) Pause Young (Normal) (G1 Evacuation Pause) 9016M->3298M(10240M) 157.442ms
[2095.424s][info][gc,cpu         ] GC(179) User=1.23s Sys=0.00s Real=0.16s
....................[2114.848s][info][gc,start       ] GC(180) Pause Young (Normal) (G1 Evacuation Pause)
[2114.848s][info][gc,task        ] GC(180) Using 8 workers of 8 for evacuation
[2115.010s][info][gc,phases      ] GC(180)   Pre Evacuate Collection Set: 0.29ms
[2115.010s][info][gc,phases      ] GC(180)   Merge Heap Roots: 0.60ms
[2115.010s][info][gc,phases      ] GC(180)   Evacuate Collection Set: 159.24ms
[2115.010s][info][gc,phases      ] GC(180)   Post Evacuate Collection Set: 1.21ms
[2115.010s][info][gc,phases      ] GC(180)   Other: 0.06ms
[2115.010s][info][gc,heap        ] GC(180) Eden regions: 717->0(717)
[2115.010s][info][gc,heap        ] GC(180) Survivor regions: 51->51(96)
[2115.010s][info][gc,heap        ] GC(180) Old regions: 285->288
[2115.010s][info][gc,heap        ] GC(180) Humongous regions: 81->81
[2115.010s][info][gc,metaspace   ] GC(180) Metaspace: 35681K(37824K)->35681K(37824K) NonClass: 26677K(26880K)->26677K(26880K) Class: 9004K(10944K)->9004K(10944K)
[2115.010s][info][gc             ] GC(180) Pause Young (Normal) (G1 Evacuation Pause) 9034M->3318M(10240M) 161.534ms
[2115.010s][info][gc,cpu         ] GC(180) User=1.27s Sys=0.00s Real=0.16s
............... (rIR:aIR:PR = 2491:2490:2490) (tPR = 36957) [OK] 
  2129s: Performance info:
         Transaction,    Success,    Partial,     Failed,   Receipts, AvgBarcode, 
             Overall,     149493,          0,          0,     142011,      59.47, 
         Response times:
             Request,    Success,    Partial,     Failed,   SkipFail,     Probes,    Samples,      min,      p50,      p90,      p95,      p99,      max, 
       TotalPurchase,     142011,          0,          0,          0,     138110,     158496,      300,     1800,     3000,     3300,     4500,   170000,
     InStorePurchase,      74805,          0,          0,          0,      72939,      83364,      400,     1800,     3000,     3200,     4500,   170000,
      OnlinePurchase,      52264,          0,          0,          0,      50836,      58471,      300,     1800,     3000,     3300,     4500,   169000,
        InstPurchase,      14942,          0,          0,          0,      14335,      16661,      500,     2000,     3100,     3400,     4300,   169000,
          AssocOfCat,        151,          0,          0,          0,        109,        154,    19300,    28000,    32000,    35250,    43500,    49000,
      AssocOfProduct,       1496,          0,          0,          0,       1335,       1668,      500,     1500,     3000,     3300,     5434,   164000,
      BusinessReport,        373,          0,          0,          0,        311,        428,    22000,    31000,    37100,    43000,   105000,   194000,
          CustBuyBeh,       1498,          0,          0,          0,       1364,       1685,      200,     1300,     2700,     3000,     4428,    19300,
       ProductReturn,       3964,          0,          0,          0,       3675,       4390,      200,     1600,     2800,     3100,     3909,   165000,

  2129s: (19%)   IR =   2629 ....[2134.252s][info][gc,start       ] GC(181) Pause Young (Normal) (G1 Evacuation Pause)
[2134.252s][info][gc,task        ] GC(181) Using 8 workers of 8 for evacuation
[2134.410s][info][gc,phases      ] GC(181)   Pre Evacuate Collection Set: 0.29ms
[2134.410s][info][gc,phases      ] GC(181)   Merge Heap Roots: 0.61ms
[2134.410s][info][gc,phases      ] GC(181)   Evacuate Collection Set: 155.86ms
[2134.410s][info][gc,phases      ] GC(181)   Post Evacuate Collection Set: 1.25ms
[2134.410s][info][gc,phases      ] GC(181)   Other: 0.07ms
[2134.410s][info][gc,heap        ] GC(181) Eden regions: 717->0(717)
[2134.410s][info][gc,heap        ] GC(181) Survivor regions: 51->51(96)
[2134.410s][info][gc,heap        ] GC(181) Old regions: 288->290
[2134.410s][info][gc,heap        ] GC(181) Humongous regions: 81->81
[2134.410s][info][gc,metaspace   ] GC(181) Metaspace: 35681K(37824K)->35681K(37824K) NonClass: 26677K(26880K)->26677K(26880K) Class: 9004K(10944K)->9004K(10944K)
[2134.410s][info][gc             ] GC(181) Pause Young (Normal) (G1 Evacuation Pause) 9054M->3332M(10240M) 158.217ms
[2134.410s][info][gc,cpu         ] GC(181) User=1.24s Sys=0.00s Real=0.15s
.|..................[2152.791s][info][gc,start       ] GC(182) Pause Young (Normal) (G1 Evacuation Pause)
[2152.791s][info][gc,task        ] GC(182) Using 8 workers of 8 for evacuation
[2152.950s][info][gc,phases      ] GC(182)   Pre Evacuate Collection Set: 0.29ms
[2152.950s][info][gc,phases      ] GC(182)   Merge Heap Roots: 0.62ms
[2152.950s][info][gc,phases      ] GC(182)   Evacuate Collection Set: 157.11ms
[2152.950s][info][gc,phases      ] GC(182)   Post Evacuate Collection Set: 1.22ms
[2152.950s][info][gc,phases      ] GC(182)   Other: 0.08ms
[2152.950s][info][gc,heap        ] GC(182) Eden regions: 717->0(717)
[2152.950s][info][gc,heap        ] GC(182) Survivor regions: 51->51(96)
[2152.950s][info][gc,heap        ] GC(182) Old regions: 290->292
[2152.950s][info][gc,heap        ] GC(182) Humongous regions: 81->81
[2152.950s][info][gc,metaspace   ] GC(182) Metaspace: 35681K(37824K)->35681K(37824K) NonClass: 26677K(26880K)->26677K(26880K) Class: 9004K(10944K)->9004K(10944K)
[2152.950s][info][gc             ] GC(182) Pause Young (Normal) (G1 Evacuation Pause) 9068M->3351M(10240M) 159.456ms
[2152.950s][info][gc,cpu         ] GC(182) User=1.25s Sys=0.00s Real=0.16s
..................[2171.288s][info][gc,start       ] GC(183) Pause Young (Normal) (G1 Evacuation Pause)
[2171.288s][info][gc,task        ] GC(183) Using 8 workers of 8 for evacuation
[2171.445s][info][gc,phases      ] GC(183)   Pre Evacuate Collection Set: 0.35ms
[2171.445s][info][gc,phases      ] GC(183)   Merge Heap Roots: 0.66ms
[2171.445s][info][gc,phases      ] GC(183)   Evacuate Collection Set: 154.84ms
[2171.445s][info][gc,phases      ] GC(183)   Post Evacuate Collection Set: 1.24ms
[2171.445s][info][gc,phases      ] GC(183)   Other: 0.08ms
[2171.445s][info][gc,heap        ] GC(183) Eden regions: 717->0(716)
[2171.445s][info][gc,heap        ] GC(183) Survivor regions: 51->52(96)
[2171.445s][info][gc,heap        ] GC(183) Old regions: 292->295
[2171.445s][info][gc,heap        ] GC(183) Humongous regions: 81->81
[2171.446s][info][gc,metaspace   ] GC(183) Metaspace: 35681K(37824K)->35681K(37824K) NonClass: 26677K(26880K)->26677K(26880K) Class: 9004K(10944K)->9004K(10944K)
[2171.446s][info][gc             ] GC(183) Pause Young (Normal) (G1 Evacuation Pause) 9087M->3377M(10240M) 157.308ms
[2171.446s][info][gc,cpu         ] GC(183) User=1.23s Sys=0.00s Real=0.16s
...................[2189.795s][info][gc,start       ] GC(184) Pause Young (Normal) (G1 Evacuation Pause)
[2189.795s][info][gc,task        ] GC(184) Using 8 workers of 8 for evacuation
[2189.955s][info][gc,phases      ] GC(184)   Pre Evacuate Collection Set: 0.34ms
[2189.955s][info][gc,phases      ] GC(184)   Merge Heap Roots: 0.72ms
[2189.955s][info][gc,phases      ] GC(184)   Evacuate Collection Set: 157.75ms
[2189.955s][info][gc,phases      ] GC(184)   Post Evacuate Collection Set: 1.23ms
[2189.955s][info][gc,phases      ] GC(184)   Other: 0.08ms
[2189.955s][info][gc,heap        ] GC(184) Eden regions: 716->0(717)
[2189.955s][info][gc,heap        ] GC(184) Survivor regions: 52->51(96)
[2189.955s][info][gc,heap        ] GC(184) Old regions: 295->297
[2189.955s][info][gc,heap        ] GC(184) Humongous regions: 81->81
[2189.955s][info][gc,metaspace   ] GC(184) Metaspace: 35681K(37824K)->35681K(37824K) NonClass: 26677K(26880K)->26677K(26880K) Class: 9004K(10944K)->9004K(10944K)
[2189.955s][info][gc             ] GC(184) Pause Young (Normal) (G1 Evacuation Pause) 9105M->3392M(10240M) 160.279ms
[2189.955s][info][gc,cpu         ] GC(184) User=1.26s Sys=0.01s Real=0.16s
..... (rIR:aIR:PR = 2629:2628:2628) (tPR = 38515) [OK] 
  2194s: Performance info:
         Transaction,    Success,    Partial,     Failed,   Receipts, AvgBarcode, 
             Overall,     157790,          0,          0,     149908,      59.47, 
         Response times:
             Request,    Success,    Partial,     Failed,   SkipFail,     Probes,    Samples,      min,      p50,      p90,      p95,      p99,      max, 
       TotalPurchase,     149908,          0,          0,          0,     146190,     160132,      400,     1900,     3200,     3500,     5500,   165000,
     InStorePurchase,      78953,          0,          0,          0,      77189,      84326,      400,     1900,     3100,     3500,     5400,   165000,
      OnlinePurchase,      55190,          0,          0,          0,      53843,      59045,      400,     2000,     3200,     3500,     5600,   163000,
        InstPurchase,      15765,          0,          0,          0,      15158,      16761,      400,     1900,     3200,     3500,     5100,   163000,
          AssocOfCat,        157,          0,          0,          0,        116,        183,    19500,    28000,    34000,    40600,    47800,    52000,
      AssocOfProduct,       1572,          0,          0,          0,       1417,       1691,      600,     2500,     3400,     3800,     9600,   163000,
      BusinessReport,        394,          0,          0,          0,        292,        369,    23000,    32000,    39000,    45000,    56300,   194000,
          CustBuyBeh,       1567,          0,          0,          0,       1410,       1719,      200,      700,     1900,     2500,     3600,     5600,
       ProductReturn,       4191,          0,          0,          0,       3871,       4453,      200,     1800,     3000,     3300,     5346,   161000,

  2194s: (20%)   IR =   2767 ....|........[2207.592s][info][gc,start       ] GC(185) Pause Young (Normal) (G1 Evacuation Pause)
[2207.592s][info][gc,task        ] GC(185) Using 8 workers of 8 for evacuation
[2207.751s][info][gc,phases      ] GC(185)   Pre Evacuate Collection Set: 0.31ms
[2207.751s][info][gc,phases      ] GC(185)   Merge Heap Roots: 0.57ms
[2207.751s][info][gc,phases      ] GC(185)   Evacuate Collection Set: 156.74ms
[2207.751s][info][gc,phases      ] GC(185)   Post Evacuate Collection Set: 1.27ms
[2207.751s][info][gc,phases      ] GC(185)   Other: 0.08ms
[2207.751s][info][gc,heap        ] GC(185) Eden regions: 717->0(716)
[2207.751s][info][gc,heap        ] GC(185) Survivor regions: 51->52(96)
[2207.751s][info][gc,heap        ] GC(185) Old regions: 297->299
[2207.751s][info][gc,heap        ] GC(185) Humongous regions: 81->81
[2207.751s][info][gc,metaspace   ] GC(185) Metaspace: 35681K(37824K)->35681K(37824K) NonClass: 26677K(26880K)->26677K(26880K) Class: 9004K(10944K)->9004K(10944K)
[2207.751s][info][gc             ] GC(185) Pause Young (Normal) (G1 Evacuation Pause) 9128M->3415M(10240M) 159.095ms
[2207.751s][info][gc,cpu         ] GC(185) User=1.24s Sys=0.01s Real=0.15s
..................[2225.185s][info][gc,start       ] GC(186) Pause Young (Normal) (G1 Evacuation Pause)
[2225.185s][info][gc,task        ] GC(186) Using 8 workers of 8 for evacuation
[2225.344s][info][gc,phases      ] GC(186)   Pre Evacuate Collection Set: 0.32ms
[2225.344s][info][gc,phases      ] GC(186)   Merge Heap Roots: 0.52ms
[2225.344s][info][gc,phases      ] GC(186)   Evacuate Collection Set: 157.42ms
[2225.344s][info][gc,phases      ] GC(186)   Post Evacuate Collection Set: 1.22ms
[2225.344s][info][gc,phases      ] GC(186)   Other: 0.08ms
[2225.344s][info][gc,heap        ] GC(186) Eden regions: 716->0(716)
[2225.344s][info][gc,heap        ] GC(186) Survivor regions: 52->52(96)
[2225.344s][info][gc,heap        ] GC(186) Old regions: 299->302
[2225.344s][info][gc,heap        ] GC(186) Humongous regions: 81->81
[2225.344s][info][gc,metaspace   ] GC(186) Metaspace: 35681K(37824K)->35681K(37824K) NonClass: 26677K(26880K)->26677K(26880K) Class: 9004K(10944K)->9004K(10944K)
[2225.344s][info][gc             ] GC(186) Pause Young (Normal) (G1 Evacuation Pause) 9143M->3434M(10240M) 159.694ms
[2225.344s][info][gc,cpu         ] GC(186) User=1.25s Sys=0.00s Real=0.16s
.................[2242.731s][info][gc,start       ] GC(187) Pause Young (Normal) (G1 Evacuation Pause)
[2242.731s][info][gc,task        ] GC(187) Using 8 workers of 8 for evacuation
[2242.890s][info][gc,phases      ] GC(187)   Pre Evacuate Collection Set: 0.30ms
[2242.890s][info][gc,phases      ] GC(187)   Merge Heap Roots: 0.63ms
[2242.890s][info][gc,phases      ] GC(187)   Evacuate Collection Set: 157.15ms
[2242.890s][info][gc,phases      ] GC(187)   Post Evacuate Collection Set: 1.23ms
[2242.890s][info][gc,phases      ] GC(187)   Other: 0.06ms
[2242.890s][info][gc,heap        ] GC(187) Eden regions: 716->0(716)
[2242.890s][info][gc,heap        ] GC(187) Survivor regions: 52->52(96)
[2242.890s][info][gc,heap        ] GC(187) Old regions: 302->304
[2242.890s][info][gc,heap        ] GC(187) Humongous regions: 81->81
[2242.890s][info][gc,metaspace   ] GC(187) Metaspace: 35684K(37824K)->35684K(37824K) NonClass: 26680K(26880K)->26680K(26880K) Class: 9004K(10944K)->9004K(10944K)
[2242.890s][info][gc             ] GC(187) Pause Young (Normal) (G1 Evacuation Pause) 9162M->3451M(10240M) 159.514ms
[2242.890s][info][gc,cpu         ] GC(187) User=1.26s Sys=0.00s Real=0.16s
................. (rIR:aIR:PR = 2767:2767:2767) (tPR = 41018) [OK] 
  2258s: Performance info:
         Transaction,    Success,    Partial,     Failed,   Receipts, AvgBarcode, 
             Overall,     166601,          0,          0,     158241,      59.47, 
         Response times:
             Request,    Success,    Partial,     Failed,   SkipFail,     Probes,    Samples,      min,      p50,      p90,      p95,      p99,      max, 
       TotalPurchase,     158236,          0,          0,          0,     154418,     166170,      400,     2000,     3300,     3600,     4600,   173000,
     InStorePurchase,      83350,          0,          0,          0,      81530,      87433,      400,     1900,     3200,     3600,     4600,   173000,
      OnlinePurchase,      58231,          0,          0,          0,      56789,      61047,      400,     2000,     3300,     3600,     4700,   165000,
        InstPurchase,      16655,          0,          0,          0,      16099,      17690,      500,     2000,     3300,     3600,     4509,   165000,
          AssocOfCat,        167,          0,          0,          0,        123,        175,    19100,    28000,    34000,    36000,    43720,    46000,
      AssocOfProduct,       1669,          0,          0,          0,       1485,       1732,      700,     2600,     3600,     3900,     4800,    36000,
      BusinessReport,        421,          0,          0,          0,        349,        458,    22000,    31000,    39000,    46000,    57410,   195000,
          CustBuyBeh,       1664,          0,          0,          0,       1434,       1664,      200,     1500,     3100,     3400,     4235,    41000,
       ProductReturn,       4440,          0,          0,          0,       4186,       4663,      200,     2000,     3200,     3500,     4500,    35000,

  2258s: (21%)   IR =   2906 .[2260.204s][info][gc,start       ] GC(188) Pause Young (Normal) (G1 Evacuation Pause)
[2260.204s][info][gc,task        ] GC(188) Using 8 workers of 8 for evacuation
[2260.362s][info][gc,phases      ] GC(188)   Pre Evacuate Collection Set: 0.34ms
[2260.362s][info][gc,phases      ] GC(188)   Merge Heap Roots: 0.59ms
[2260.362s][info][gc,phases      ] GC(188)   Evacuate Collection Set: 155.56ms
[2260.362s][info][gc,phases      ] GC(188)   Post Evacuate Collection Set: 1.29ms
[2260.362s][info][gc,phases      ] GC(188)   Other: 0.08ms
[2260.362s][info][gc,heap        ] GC(188) Eden regions: 716->0(717)
[2260.362s][info][gc,heap        ] GC(188) Survivor regions: 52->51(96)
[2260.362s][info][gc,heap        ] GC(188) Old regions: 304->306
[2260.362s][info][gc,heap        ] GC(188) Humongous regions: 81->81
[2260.362s][info][gc,metaspace   ] GC(188) Metaspace: 35684K(37824K)->35684K(37824K) NonClass: 26680K(26880K)->26680K(26880K) Class: 9004K(10944K)->9004K(10944K)
[2260.362s][info][gc             ] GC(188) Pause Young (Normal) (G1 Evacuation Pause) 9179M->3463M(10240M) 158.001ms
[2260.362s][info][gc,cpu         ] GC(188) User=1.24s Sys=0.00s Real=0.16s
...|..............[2276.975s][info][gc,start       ] GC(189) Pause Young (Normal) (G1 Evacuation Pause)
[2276.975s][info][gc,task        ] GC(189) Using 8 workers of 8 for evacuation
[2277.135s][info][gc,phases      ] GC(189)   Pre Evacuate Collection Set: 0.30ms
[2277.135s][info][gc,phases      ] GC(189)   Merge Heap Roots: 0.63ms
[2277.135s][info][gc,phases      ] GC(189)   Evacuate Collection Set: 157.34ms
[2277.135s][info][gc,phases      ] GC(189)   Post Evacuate Collection Set: 1.26ms
[2277.135s][info][gc,phases      ] GC(189)   Other: 0.08ms
[2277.135s][info][gc,heap        ] GC(189) Eden regions: 717->0(717)
[2277.135s][info][gc,heap        ] GC(189) Survivor regions: 51->51(96)
[2277.135s][info][gc,heap        ] GC(189) Old regions: 306->309
[2277.135s][info][gc,heap        ] GC(189) Humongous regions: 81->81
[2277.135s][info][gc,metaspace   ] GC(189) Metaspace: 35684K(37824K)->35684K(37824K) NonClass: 26680K(26880K)->26680K(26880K) Class: 9004K(10944K)->9004K(10944K)
[2277.135s][info][gc             ] GC(189) Pause Young (Normal) (G1 Evacuation Pause) 9199M->3485M(10240M) 159.761ms
[2277.135s][info][gc,cpu         ] GC(189) User=1.25s Sys=0.00s Real=0.16s
................[2293.585s][info][gc,start       ] GC(190) Pause Young (Normal) (G1 Evacuation Pause)
[2293.585s][info][gc,task        ] GC(190) Using 8 workers of 8 for evacuation
[2293.745s][info][gc,phases      ] GC(190)   Pre Evacuate Collection Set: 0.27ms
[2293.745s][info][gc,phases      ] GC(190)   Merge Heap Roots: 0.58ms
[2293.745s][info][gc,phases      ] GC(190)   Evacuate Collection Set: 157.82ms
[2293.745s][info][gc,phases      ] GC(190)   Post Evacuate Collection Set: 1.23ms
[2293.745s][info][gc,phases      ] GC(190)   Other: 0.08ms
[2293.745s][info][gc,heap        ] GC(190) Eden regions: 717->0(715)
[2293.745s][info][gc,heap        ] GC(190) Survivor regions: 51->53(96)
[2293.745s][info][gc,heap        ] GC(190) Old regions: 309->311
[2293.745s][info][gc,heap        ] GC(190) Humongous regions: 81->81
[2293.745s][info][gc,metaspace   ] GC(190) Metaspace: 35684K(37824K)->35684K(37824K) NonClass: 26680K(26880K)->26680K(26880K) Class: 9004K(10944K)->9004K(10944K)
[2293.745s][info][gc             ] GC(190) Pause Young (Normal) (G1 Evacuation Pause) 9221M->3516M(10240M) 160.123ms
[2293.745s][info][gc,cpu         ] GC(190) User=1.26s Sys=0.00s Real=0.16s
.................[2310.295s][info][gc,start       ] GC(191) Pause Young (Normal) (G1 Evacuation Pause)
[2310.295s][info][gc,task        ] GC(191) Using 8 workers of 8 for evacuation
[2310.453s][info][gc,phases      ] GC(191)   Pre Evacuate Collection Set: 0.27ms
[2310.453s][info][gc,phases      ] GC(191)   Merge Heap Roots: 0.59ms
[2310.453s][info][gc,phases      ] GC(191)   Evacuate Collection Set: 156.11ms
[2310.453s][info][gc,phases      ] GC(191)   Post Evacuate Collection Set: 1.26ms
[2310.453s][info][gc,phases      ] GC(191)   Other: 0.08ms
[2310.453s][info][gc,heap        ] GC(191) Eden regions: 715->0(716)
[2310.454s][info][gc,heap        ] GC(191) Survivor regions: 53->52(96)
[2310.454s][info][gc,heap        ] GC(191) Old regions: 311->313
[2310.454s][info][gc,heap        ] GC(191) Humongous regions: 81->81
[2310.454s][info][gc,metaspace   ] GC(191) Metaspace: 35684K(37824K)->35684K(37824K) NonClass: 26680K(26880K)->26680K(26880K) Class: 9004K(10944K)->9004K(10944K)
[2310.454s][info][gc             ] GC(191) Pause Young (Normal) (G1 Evacuation Pause) 9236M->3530M(10240M) 158.423ms
[2310.454s][info][gc,cpu         ] GC(191) User=1.25s Sys=0.00s Real=0.16s
............. (rIR:aIR:PR = 2906:2905:2905) (tPR = 43264) [OK] 
  2322s: Performance info:
         Transaction,    Success,    Partial,     Failed,   Receipts, AvgBarcode, 
             Overall,     174358,          0,          0,     165646,      59.47, 
         Response times:
             Request,    Success,    Partial,     Failed,   SkipFail,     Probes,    Samples,      min,      p50,      p90,      p95,      p99,      max, 
       TotalPurchase,     165645,          0,          0,          0,     161445,     173787,      400,     2100,     3400,     3800,     6700,   198000,
     InStorePurchase,      87202,          0,          0,          0,      85026,      91234,      400,     2100,     3400,     3800,     6800,   198000,
      OnlinePurchase,      61013,          0,          0,          0,      59695,      64331,      400,     2100,     3400,     3800,     6600,   198000,
        InstPurchase,      17430,          0,          0,          0,      16724,      18222,      500,     2200,     3500,     3800,     6800,   198000,
          AssocOfCat,        173,          0,          0,          0,        123,        186,    19500,    28000,    35300,    37650,    81200,   203000,
      AssocOfProduct,       1739,          0,          0,          0,       1550,       1767,      500,     2500,     3700,     4000,     5100,   163000,
      BusinessReport,        438,          0,          0,          0,        359,        468,    24000,    31000,    40000,    46000,    78580,   197000,
          CustBuyBeh,       1747,          0,          0,          0,       1568,       1821,      200,     1400,     3000,     3400,     9034,   163000,
       ProductReturn,       4616,          0,          0,          0,       4321,       4869,      200,     1300,     3100,     3500,     5000,   163000,

  2322s: (22%)   IR =   3044 ...[2326.844s][info][gc,start       ] GC(192) Pause Young (Normal) (G1 Evacuation Pause)
[2326.844s][info][gc,task        ] GC(192) Using 8 workers of 8 for evacuation
[2327.003s][info][gc,phases      ] GC(192)   Pre Evacuate Collection Set: 0.30ms
[2327.003s][info][gc,phases      ] GC(192)   Merge Heap Roots: 0.61ms
[2327.003s][info][gc,phases      ] GC(192)   Evacuate Collection Set: 156.29ms
[2327.003s][info][gc,phases      ] GC(192)   Post Evacuate Collection Set: 1.24ms
[2327.003s][info][gc,phases      ] GC(192)   Other: 0.08ms
[2327.003s][info][gc,heap        ] GC(192) Eden regions: 716->0(715)
[2327.003s][info][gc,heap        ] GC(192) Survivor regions: 52->52(96)
[2327.003s][info][gc,heap        ] GC(192) Old regions: 313->316
[2327.003s][info][gc,heap        ] GC(192) Humongous regions: 81->81
[2327.003s][info][gc,metaspace   ] GC(192) Metaspace: 35684K(37824K)->35684K(37824K) NonClass: 26680K(26880K)->26680K(26880K) Class: 9004K(10944K)->9004K(10944K)
[2327.003s][info][gc             ] GC(192) Pause Young (Normal) (G1 Evacuation Pause) 9258M->3546M(10240M) 158.667ms
[2327.003s][info][gc,cpu         ] GC(192) User=1.25s Sys=0.00s Real=0.16s
....|............[2342.752s][info][gc,start       ] GC(193) Pause Young (Normal) (G1 Evacuation Pause)
[2342.752s][info][gc,task        ] GC(193) Using 8 workers of 8 for evacuation
[2342.912s][info][gc,phases      ] GC(193)   Pre Evacuate Collection Set: 0.29ms
[2342.912s][info][gc,phases      ] GC(193)   Merge Heap Roots: 0.57ms
[2342.912s][info][gc,phases      ] GC(193)   Evacuate Collection Set: 157.89ms
[2342.912s][info][gc,phases      ] GC(193)   Post Evacuate Collection Set: 1.27ms
[2342.912s][info][gc,phases      ] GC(193)   Other: 0.07ms
[2342.912s][info][gc,heap        ] GC(193) Eden regions: 715->0(713)
[2342.912s][info][gc,heap        ] GC(193) Survivor regions: 52->52(96)
[2342.912s][info][gc,heap        ] GC(193) Old regions: 316->318
[2342.912s][info][gc,heap        ] GC(193) Humongous regions: 81->81
[2342.912s][info][gc,metaspace   ] GC(193) Metaspace: 35684K(37824K)->35684K(37824K) NonClass: 26680K(26880K)->26680K(26880K) Class: 9004K(10944K)->9004K(10944K)
[2342.912s][info][gc             ] GC(193) Pause Young (Normal) (G1 Evacuation Pause) 9266M->3565M(10240M) 160.215ms
[2342.912s][info][gc,cpu         ] GC(193) User=1.26s Sys=0.00s Real=0.16s
................[2358.598s][info][gc,start       ] GC(194) Pause Young (Normal) (G1 Evacuation Pause)
[2358.598s][info][gc,task        ] GC(194) Using 8 workers of 8 for evacuation
[2358.756s][info][gc,phases      ] GC(194)   Pre Evacuate Collection Set: 0.32ms
[2358.756s][info][gc,phases      ] GC(194)   Merge Heap Roots: 0.58ms
[2358.756s][info][gc,phases      ] GC(194)   Evacuate Collection Set: 155.17ms
[2358.756s][info][gc,phases      ] GC(194)   Post Evacuate Collection Set: 1.21ms
[2358.756s][info][gc,phases      ] GC(194)   Other: 0.07ms
[2358.756s][info][gc,heap        ] GC(194) Eden regions: 713->0(715)
[2358.756s][info][gc,heap        ] GC(194) Survivor regions: 52->50(96)
[2358.756s][info][gc,heap        ] GC(194) Old regions: 318->320
[2358.756s][info][gc,heap        ] GC(194) Humongous regions: 81->81
[2358.756s][info][gc,metaspace   ] GC(194) Metaspace: 35684K(37824K)->35684K(37824K) NonClass: 26680K(26880K)->26680K(26880K) Class: 9004K(10944K)->9004K(10944K)
[2358.756s][info][gc             ] GC(194) Pause Young (Normal) (G1 Evacuation Pause) 9269M->3571M(10240M) 157.485ms
[2358.756s][info][gc,cpu         ] GC(194) User=1.24s Sys=0.00s Real=0.16s
................[2374.526s][info][gc,start       ] GC(195) Pause Young (Normal) (G1 Evacuation Pause)
[2374.526s][info][gc,task        ] GC(195) Using 8 workers of 8 for evacuation
[2374.686s][info][gc,phases      ] GC(195)   Pre Evacuate Collection Set: 0.29ms
[2374.687s][info][gc,phases      ] GC(195)   Merge Heap Roots: 0.58ms
[2374.687s][info][gc,phases      ] GC(195)   Evacuate Collection Set: 158.19ms
[2374.687s][info][gc,phases      ] GC(195)   Post Evacuate Collection Set: 1.23ms
[2374.687s][info][gc,phases      ] GC(195)   Other: 0.07ms
[2374.687s][info][gc,heap        ] GC(195) Eden regions: 715->0(710)
[2374.687s][info][gc,heap        ] GC(195) Survivor regions: 50->51(96)
[2374.687s][info][gc,heap        ] GC(195) Old regions: 320->323
[2374.687s][info][gc,heap        ] GC(195) Humongous regions: 81->81
[2374.687s][info][gc,metaspace   ] GC(195) Metaspace: 35684K(37824K)->35684K(37824K) NonClass: 26680K(26880K)->26680K(26880K) Class: 9004K(10944K)->9004K(10944K)
[2374.687s][info][gc             ] GC(195) Pause Young (Normal) (G1 Evacuation Pause) 9291M->3599M(10240M) 160.507ms
[2374.687s][info][gc,cpu         ] GC(195) User=1.26s Sys=0.00s Real=0.16s
................ (rIR:aIR:PR = 3044:3043:3043) (tPR = 45138) [OK] 
  2389s: Performance info:
         Transaction,    Success,    Partial,     Failed,   Receipts, AvgBarcode, 
             Overall,     182698,          0,          0,     173572,      59.48, 
         Response times:
             Request,    Success,    Partial,     Failed,   SkipFail,     Probes,    Samples,      min,      p50,      p90,      p95,      p99,      max, 
       TotalPurchase,     173572,          0,          0,          0,     169546,     191277,      300,     2100,     3600,     3900,     7300,   229000,
     InStorePurchase,      91374,          0,          0,          0,      89445,     100743,      400,     2100,     3600,     3900,     7800,   169000,
      OnlinePurchase,      63913,          0,          0,          0,      62537,      70527,      300,     2100,     3600,     3900,     6800,   229000,
        InstPurchase,      18285,          0,          0,          0,      17564,      20007,      500,     2200,     3600,     4000,     6500,   167000,
          AssocOfCat,        180,          0,          0,          0,        117,        172,    21000,    29000,    37000,    45000,    68540,    70000,
      AssocOfProduct,       1821,          0,          0,          0,       1634,       1982,      400,     3000,     4000,     4300,    19451,    51000,
      BusinessReport,        456,          0,          0,          0,        353,        477,    23000,    32000,    40000,    47100,    59860,   192000,
          CustBuyBeh,       1837,          0,          0,          0,       1674,       2047,      200,     1700,     3400,     3800,     6152,    36000,
       ProductReturn,       4832,          0,          0,          0,       4547,       5332,      200,     2300,     3500,     3900,     8769,   165000,

  2389s: (23%)   IR =   3183 [2390.266s][info][gc,start       ] GC(196) Pause Young (Normal) (G1 Evacuation Pause)
[2390.266s][info][gc,task        ] GC(196) Using 8 workers of 8 for evacuation
[2390.426s][info][gc,phases      ] GC(196)   Pre Evacuate Collection Set: 0.29ms
[2390.426s][info][gc,phases      ] GC(196)   Merge Heap Roots: 0.61ms
[2390.426s][info][gc,phases      ] GC(196)   Evacuate Collection Set: 157.39ms
[2390.426s][info][gc,phases      ] GC(196)   Post Evacuate Collection Set: 1.23ms
[2390.426s][info][gc,phases      ] GC(196)   Other: 0.07ms
[2390.426s][info][gc,heap        ] GC(196) Eden regions: 710->0(708)
[2390.426s][info][gc,heap        ] GC(196) Survivor regions: 51->51(96)
[2390.426s][info][gc,heap        ] GC(196) Old regions: 323->325
[2390.426s][info][gc,heap        ] GC(196) Humongous regions: 81->81
[2390.426s][info][gc,metaspace   ] GC(196) Metaspace: 35685K(37888K)->35685K(37888K) NonClass: 26681K(26944K)->26681K(26944K) Class: 9004K(10944K)->9004K(10944K)
[2390.426s][info][gc             ] GC(196) Pause Young (Normal) (G1 Evacuation Pause) 9279M->3618M(10240M) 159.735ms
[2390.426s][info][gc,cpu         ] GC(196) User=1.26s Sys=0.00s Real=0.16s
.....|..........[2405.330s][info][gc,start       ] GC(197) Pause Young (Normal) (G1 Evacuation Pause)
[2405.330s][info][gc,task        ] GC(197) Using 8 workers of 8 for evacuation
[2405.487s][info][gc,phases      ] GC(197)   Pre Evacuate Collection Set: 0.32ms
[2405.487s][info][gc,phases      ] GC(197)   Merge Heap Roots: 0.62ms
[2405.487s][info][gc,phases      ] GC(197)   Evacuate Collection Set: 154.62ms
[2405.487s][info][gc,phases      ] GC(197)   Post Evacuate Collection Set: 1.24ms
[2405.487s][info][gc,phases      ] GC(197)   Other: 0.07ms
[2405.487s][info][gc,heap        ] GC(197) Eden regions: 708->0(707)
[2405.487s][info][gc,heap        ] GC(197) Survivor regions: 51->50(95)
[2405.487s][info][gc,heap        ] GC(197) Old regions: 325->328
[2405.487s][info][gc,heap        ] GC(197) Humongous regions: 81->81
[2405.487s][info][gc,metaspace   ] GC(197) Metaspace: 35685K(37888K)->35685K(37888K) NonClass: 26681K(26944K)->26681K(26944K) Class: 9004K(10944K)->9004K(10944K)
[2405.487s][info][gc             ] GC(197) Pause Young (Normal) (G1 Evacuation Pause) 9282M->3630M(10240M) 157.019ms
[2405.487s][info][gc,cpu         ] GC(197) User=1.23s Sys=0.00s Real=0.16s
...............[2420.330s][info][gc,start       ] GC(198) Pause Young (Normal) (G1 Evacuation Pause)
[2420.330s][info][gc,task        ] GC(198) Using 8 workers of 8 for evacuation
[2420.492s][info][gc,phases      ] GC(198)   Pre Evacuate Collection Set: 0.30ms
[2420.492s][info][gc,phases      ] GC(198)   Merge Heap Roots: 0.59ms
[2420.492s][info][gc,phases      ] GC(198)   Evacuate Collection Set: 159.93ms
[2420.492s][info][gc,phases      ] GC(198)   Post Evacuate Collection Set: 1.23ms
[2420.492s][info][gc,phases      ] GC(198)   Other: 0.07ms
[2420.492s][info][gc,heap        ] GC(198) Eden regions: 707->0(701)
[2420.492s][info][gc,heap        ] GC(198) Survivor regions: 50->52(95)
[2420.492s][info][gc,heap        ] GC(198) Old regions: 328->330
[2420.492s][info][gc,heap        ] GC(198) Humongous regions: 81->81
[2420.492s][info][gc,metaspace   ] GC(198) Metaspace: 35685K(37888K)->35685K(37888K) NonClass: 26681K(26944K)->26681K(26944K) Class: 9004K(10944K)->9004K(10944K)
[2420.492s][info][gc             ] GC(198) Pause Young (Normal) (G1 Evacuation Pause) 9286M->3661M(10240M) 162.247ms
[2420.492s][info][gc,cpu         ] GC(198) User=1.28s Sys=0.00s Real=0.17s
...............[2435.399s][info][gc,start       ] GC(199) Pause Young (Normal) (G1 Evacuation Pause)
[2435.399s][info][gc,task        ] GC(199) Using 8 workers of 8 for evacuation
[2435.556s][info][gc,phases      ] GC(199)   Pre Evacuate Collection Set: 0.32ms
[2435.556s][info][gc,phases      ] GC(199)   Merge Heap Roots: 0.67ms
[2435.556s][info][gc,phases      ] GC(199)   Evacuate Collection Set: 154.13ms
[2435.556s][info][gc,phases      ] GC(199)   Post Evacuate Collection Set: 1.20ms
[2435.556s][info][gc,phases      ] GC(199)   Other: 0.10ms
[2435.556s][info][gc,heap        ] GC(199) Eden regions: 701->0(700)
[2435.556s][info][gc,heap        ] GC(199) Survivor regions: 52->51(95)
[2435.556s][info][gc,heap        ] GC(199) Old regions: 330->333
[2435.556s][info][gc,heap        ] GC(199) Humongous regions: 81->81
[2435.556s][info][gc,metaspace   ] GC(199) Metaspace: 35685K(37888K)->35685K(37888K) NonClass: 26681K(26944K)->26681K(26944K) Class: 9004K(10944K)->9004K(10944K)
[2435.556s][info][gc             ] GC(199) Pause Young (Normal) (G1 Evacuation Pause) 9269M->3676M(10240M) 156.555ms
[2435.556s][info][gc,cpu         ] GC(199) User=1.23s Sys=0.00s Real=0.16s
...............[2450.279s][info][gc,start       ] GC(200) Pause Young (Normal) (G1 Evacuation Pause)
[2450.279s][info][gc,task        ] GC(200) Using 8 workers of 8 for evacuation
[2450.439s][info][gc,phases      ] GC(200)   Pre Evacuate Collection Set: 0.30ms
[2450.439s][info][gc,phases      ] GC(200)   Merge Heap Roots: 0.55ms
[2450.439s][info][gc,phases      ] GC(200)   Evacuate Collection Set: 157.08ms
[2450.439s][info][gc,phases      ] GC(200)   Post Evacuate Collection Set: 1.24ms
[2450.439s][info][gc,phases      ] GC(200)   Other: 0.06ms
[2450.439s][info][gc,heap        ] GC(200) Eden regions: 700->0(700)
[2450.439s][info][gc,heap        ] GC(200) Survivor regions: 51->50(94)
[2450.439s][info][gc,heap        ] GC(200) Old regions: 333->335
[2450.439s][info][gc,heap        ] GC(200) Humongous regions: 81->81
[2450.439s][info][gc,metaspace   ] GC(200) Metaspace: 35685K(37888K)->35685K(37888K) NonClass: 26681K(26944K)->26681K(26944K) Class: 9004K(10944K)->9004K(10944K)
[2450.439s][info][gc             ] GC(200) Pause Young (Normal) (G1 Evacuation Pause) 9276M->3688M(10240M) 159.369ms
[2450.439s][info][gc,cpu         ] GC(200) User=1.25s Sys=0.00s Real=0.16s
..... (rIR:aIR:PR = 3183:3182:3182) (tPR = 47391) [OK] 
  2454s: Performance info:
         Transaction,    Success,    Partial,     Failed,   Receipts, AvgBarcode, 
             Overall,     191037,          0,          0,     181475,      59.48, 
         Response times:
             Request,    Success,    Partial,     Failed,   SkipFail,     Probes,    Samples,      min,      p50,      p90,      p95,      p99,      max, 
       TotalPurchase,     181475,          0,          0,          0,     177207,     193818,      400,     2200,     3700,     4100,    10000,   171000,
     InStorePurchase,      95506,          0,          0,          0,      93403,     101940,      400,     2100,     3700,     4100,     9900,   170000,
      OnlinePurchase,      66865,          0,          0,          0,      65386,      71471,      400,     2300,     3700,     4100,    10700,   171000,
        InstPurchase,      19104,          0,          0,          0,      18418,      20407,      500,     2400,     3800,     4200,     9892,   169000,
          AssocOfCat,        189,          0,          0,          0,        143,        206,    19800,    30000,    37300,    43300,   165680,   192000,
      AssocOfProduct,       1905,          0,          0,          0,       1714,       2028,      800,     2700,     4000,     4400,     9884,   162000,
      BusinessReport,        480,          0,          0,          0,        376,        485,    24000,    32000,    40000,    47700,    84140,   221000,
          CustBuyBeh,       1919,          0,          0,          0,       1733,       2044,      200,     2100,     3500,     3900,    14310,   167000,
       ProductReturn,       5069,          0,          0,          0,       4773,       5474,      200,     2200,     3600,     4100,    13725,   162000,

  2454s: (24%)   IR =   3321 ......|...[2464.733s][info][gc,start       ] GC(201) Pause Young (Normal) (G1 Evacuation Pause)
[2464.733s][info][gc,task        ] GC(201) Using 8 workers of 8 for evacuation
[2464.897s][info][gc,phases      ] GC(201)   Pre Evacuate Collection Set: 0.34ms
[2464.897s][info][gc,phases      ] GC(201)   Merge Heap Roots: 0.68ms
[2464.897s][info][gc,phases      ] GC(201)   Evacuate Collection Set: 161.54ms
[2464.897s][info][gc,phases      ] GC(201)   Post Evacuate Collection Set: 1.29ms
[2464.897s][info][gc,phases      ] GC(201)   Other: 0.07ms
[2464.897s][info][gc,heap        ] GC(201) Eden regions: 700->0(696)
[2464.897s][info][gc,heap        ] GC(201) Survivor regions: 50->51(94)
[2464.897s][info][gc,heap        ] GC(201) Old regions: 335->337
[2464.897s][info][gc,heap        ] GC(201) Humongous regions: 81->81
[2464.897s][info][gc,metaspace   ] GC(201) Metaspace: 35686K(37888K)->35686K(37888K) NonClass: 26682K(26944K)->26682K(26944K) Class: 9004K(10944K)->9004K(10944K)
[2464.897s][info][gc             ] GC(201) Pause Young (Normal) (G1 Evacuation Pause) 9288M->3715M(10240M) 164.049ms
[2464.897s][info][gc,cpu         ] GC(201) User=1.28s Sys=0.00s Real=0.16s
..............[2478.980s][info][gc,start       ] GC(202) Pause Young (Normal) (G1 Evacuation Pause)
[2478.980s][info][gc,task        ] GC(202) Using 8 workers of 8 for evacuation
[2479.137s][info][gc,phases      ] GC(202)   Pre Evacuate Collection Set: 0.30ms
[2479.137s][info][gc,phases      ] GC(202)   Merge Heap Roots: 0.57ms
[2479.137s][info][gc,phases      ] GC(202)   Evacuate Collection Set: 155.63ms
[2479.137s][info][gc,phases      ] GC(202)   Post Evacuate Collection Set: 1.23ms
[2479.137s][info][gc,phases      ] GC(202)   Other: 0.08ms
[2479.137s][info][gc,heap        ] GC(202) Eden regions: 696->0(693)
[2479.137s][info][gc,heap        ] GC(202) Survivor regions: 51->51(94)
[2479.137s][info][gc,heap        ] GC(202) Old regions: 337->340
[2479.137s][info][gc,heap        ] GC(202) Humongous regions: 81->81
[2479.137s][info][gc,metaspace   ] GC(202) Metaspace: 35686K(37888K)->35686K(37888K) NonClass: 26682K(26944K)->26682K(26944K) Class: 9004K(10944K)->9004K(10944K)
[2479.137s][info][gc             ] GC(202) Pause Young (Normal) (G1 Evacuation Pause) 9283M->3730M(10240M) 157.959ms
[2479.138s][info][gc,cpu         ] GC(202) User=1.24s Sys=0.00s Real=0.16s
..............[2493.098s][info][gc,start       ] GC(203) Pause Young (Normal) (G1 Evacuation Pause)
[2493.098s][info][gc,task        ] GC(203) Using 8 workers of 8 for evacuation
[2493.256s][info][gc,phases      ] GC(203)   Pre Evacuate Collection Set: 0.29ms
[2493.256s][info][gc,phases      ] GC(203)   Merge Heap Roots: 0.62ms
[2493.256s][info][gc,phases      ] GC(203)   Evacuate Collection Set: 156.41ms
[2493.257s][info][gc,phases      ] GC(203)   Post Evacuate Collection Set: 1.24ms
[2493.257s][info][gc,phases      ] GC(203)   Other: 0.07ms
[2493.257s][info][gc,heap        ] GC(203) Eden regions: 693->0(691)
[2493.257s][info][gc,heap        ] GC(203) Survivor regions: 51->51(93)
[2493.257s][info][gc,heap        ] GC(203) Old regions: 340->342
[2493.257s][info][gc,heap        ] GC(203) Humongous regions: 81->81
[2493.257s][info][gc,metaspace   ] GC(203) Metaspace: 35686K(37888K)->35686K(37888K) NonClass: 26682K(26944K)->26682K(26944K) Class: 9004K(10944K)->9004K(10944K)
[2493.257s][info][gc             ] GC(203) Pause Young (Normal) (G1 Evacuation Pause) 9274M->3750M(10240M) 158.753ms
[2493.257s][info][gc,cpu         ] GC(203) User=1.25s Sys=0.00s Real=0.16s
..............[2507.157s][info][gc,start       ] GC(204) Pause Young (Normal) (G1 Evacuation Pause)
[2507.157s][info][gc,task        ] GC(204) Using 8 workers of 8 for evacuation
[2507.317s][info][gc,phases      ] GC(204)   Pre Evacuate Collection Set: 0.28ms
[2507.317s][info][gc,phases      ] GC(204)   Merge Heap Roots: 0.62ms
[2507.317s][info][gc,phases      ] GC(204)   Evacuate Collection Set: 157.75ms
[2507.317s][info][gc,phases      ] GC(204)   Post Evacuate Collection Set: 1.24ms
[2507.317s][info][gc,phases      ] GC(204)   Other: 0.06ms
[2507.317s][info][gc,heap        ] GC(204) Eden regions: 691->0(688)
[2507.317s][info][gc,heap        ] GC(204) Survivor regions: 51->51(93)
[2507.317s][info][gc,heap        ] GC(204) Old regions: 342->345
[2507.317s][info][gc,heap        ] GC(204) Humongous regions: 81->81
[2507.317s][info][gc,metaspace   ] GC(204) Metaspace: 35686K(37888K)->35686K(37888K) NonClass: 26682K(26944K)->26682K(26944K) Class: 9004K(10944K)->9004K(10944K)
[2507.317s][info][gc             ] GC(204) Pause Young (Normal) (G1 Evacuation Pause) 9278M->3774M(10240M) 160.083ms
[2507.317s][info][gc,cpu         ] GC(204) User=1.26s Sys=0.00s Real=0.16s
..............[2521.196s][info][gc,start       ] GC(205) Pause Young (Normal) (G1 Evacuation Pause)
[2521.196s][info][gc,task        ] GC(205) Using 8 workers of 8 for evacuation
[2521.359s][info][gc,phases      ] GC(205)   Pre Evacuate Collection Set: 0.30ms
[2521.359s][info][gc,phases      ] GC(205)   Merge Heap Roots: 0.67ms
[2521.359s][info][gc,phases      ] GC(205)   Evacuate Collection Set: 160.32ms
[2521.359s][info][gc,phases      ] GC(205)   Post Evacuate Collection Set: 1.22ms
[2521.359s][info][gc,phases      ] GC(205)   Other: 0.07ms
[2521.359s][info][gc,heap        ] GC(205) Eden regions: 688->0(684)
[2521.359s][info][gc,heap        ] GC(205) Survivor regions: 51->52(93)
[2521.359s][info][gc,heap        ] GC(205) Old regions: 345->347
[2521.359s][info][gc,heap        ] GC(205) Humongous regions: 81->81
[2521.359s][info][gc,metaspace   ] GC(205) Metaspace: 35686K(37888K)->35686K(37888K) NonClass: 26682K(26944K)->26682K(26944K) Class: 9004K(10944K)->9004K(10944K)
[2521.359s][info][gc             ] GC(205) Pause Young (Normal) (G1 Evacuation Pause) 9278M->3803M(10240M) 162.717ms
[2521.359s][info][gc,cpu         ] GC(205) User=1.27s Sys=0.00s Real=0.16s
. (rIR:aIR:PR = 3321:3312:3312) (tPR = 49176) [OK] 
  2521s: Performance info:
         Transaction,    Success,    Partial,     Failed,   Receipts, AvgBarcode, 
             Overall,     199480,          0,          0,     189518,      59.48, 
         Response times:
             Request,    Success,    Partial,     Failed,   SkipFail,     Probes,    Samples,      min,      p50,      p90,      p95,      p99,      max, 
       TotalPurchase,     189524,          0,          0,          0,     184547,     205187,      400,     2300,     3800,     4200,     6700,   170000,
     InStorePurchase,      99685,          0,          0,          0,      97411,     108183,      400,     2200,     3800,     4200,     6400,   168000,
      OnlinePurchase,      69908,          0,          0,          0,      67993,      75599,      400,     2400,     3900,     4300,     7200,   170000,
        InstPurchase,      19931,          0,          0,          0,      19143,      21405,      500,     2400,     3900,     4300,     7100,   168000,
          AssocOfCat,        198,          0,          0,          0,        153,        224,    19900,    29000,    35000,    37000,    41000,   210000,
      AssocOfProduct,       1995,          0,          0,          0,       1813,       2210,      700,     2900,     4200,     4500,     7089,   168000,
      BusinessReport,        497,          0,          0,          0,        412,        540,    25000,    32000,    40000,    47000,   123240,   221000,
          CustBuyBeh,       1992,          0,          0,          0,       1787,       2143,      200,     2100,     3600,     4100,     7456,    44000,
       ProductReturn,       5279,          0,          0,          0,       4895,       5605,      200,     2000,     3700,     4200,     7594,   168000,

  2521s: (25%)   IR =   3459 ....|.........[2534.636s][info][gc,start       ] GC(206) Pause Young (Normal) (G1 Evacuation Pause)
[2534.636s][info][gc,task        ] GC(206) Using 8 workers of 8 for evacuation
[2534.793s][info][gc,phases      ] GC(206)   Pre Evacuate Collection Set: 0.27ms
[2534.793s][info][gc,phases      ] GC(206)   Merge Heap Roots: 0.59ms
[2534.793s][info][gc,phases      ] GC(206)   Evacuate Collection Set: 155.07ms
[2534.793s][info][gc,phases      ] GC(206)   Post Evacuate Collection Set: 1.20ms
[2534.793s][info][gc,phases      ] GC(206)   Other: 0.08ms
[2534.793s][info][gc,heap        ] GC(206) Eden regions: 684->0(683)
[2534.793s][info][gc,heap        ] GC(206) Survivor regions: 52->51(92)
[2534.793s][info][gc,heap        ] GC(206) Old regions: 347->350
[2534.793s][info][gc,heap        ] GC(206) Humongous regions: 81->81
[2534.793s][info][gc,metaspace   ] GC(206) Metaspace: 35686K(37888K)->35686K(37888K) NonClass: 26682K(26944K)->26682K(26944K) Class: 9004K(10944K)->9004K(10944K)
[2534.793s][info][gc             ] GC(206) Pause Young (Normal) (G1 Evacuation Pause) 9275M->3811M(10240M) 157.353ms
[2534.793s][info][gc,cpu         ] GC(206) User=1.24s Sys=0.00s Real=0.16s
.............[2547.889s][info][gc,start       ] GC(207) Pause Young (Normal) (G1 Evacuation Pause)
[2547.889s][info][gc,task        ] GC(207) Using 8 workers of 8 for evacuation
[2548.048s][info][gc,phases      ] GC(207)   Pre Evacuate Collection Set: 0.31ms
[2548.048s][info][gc,phases      ] GC(207)   Merge Heap Roots: 0.67ms
[2548.048s][info][gc,phases      ] GC(207)   Evacuate Collection Set: 155.76ms
[2548.048s][info][gc,phases      ] GC(207)   Post Evacuate Collection Set: 1.49ms
[2548.048s][info][gc,phases      ] GC(207)   Other: 0.08ms
[2548.048s][info][gc,heap        ] GC(207) Eden regions: 683->0(681)
[2548.048s][info][gc,heap        ] GC(207) Survivor regions: 51->51(92)
[2548.048s][info][gc,heap        ] GC(207) Old regions: 350->352
[2548.048s][info][gc,heap        ] GC(207) Humongous regions: 81->81
[2548.048s][info][gc,metaspace   ] GC(207) Metaspace: 35686K(37888K)->35686K(37888K) NonClass: 26682K(26944K)->26682K(26944K) Class: 9004K(10944K)->9004K(10944K)
[2548.048s][info][gc             ] GC(207) Pause Young (Normal) (G1 Evacuation Pause) 9275M->3836M(10240M) 158.455ms
[2548.048s][info][gc,cpu         ] GC(207) User=1.25s Sys=0.00s Real=0.16s
.............[2561.217s][info][gc,start       ] GC(208) Pause Young (Normal) (G1 Evacuation Pause)
[2561.217s][info][gc,task        ] GC(208) Using 8 workers of 8 for evacuation
[2561.377s][info][gc,phases      ] GC(208)   Pre Evacuate Collection Set: 0.29ms
[2561.377s][info][gc,phases      ] GC(208)   Merge Heap Roots: 0.74ms
[2561.377s][info][gc,phases      ] GC(208)   Evacuate Collection Set: 158.12ms
[2561.377s][info][gc,phases      ] GC(208)   Post Evacuate Collection Set: 1.21ms
[2561.377s][info][gc,phases      ] GC(208)   Other: 0.08ms
[2561.378s][info][gc,heap        ] GC(208) Eden regions: 681->0(676)
[2561.378s][info][gc,heap        ] GC(208) Survivor regions: 51->52(92)
[2561.378s][info][gc,heap        ] GC(208) Old regions: 352->355
[2561.378s][info][gc,heap        ] GC(208) Humongous regions: 81->81
[2561.378s][info][gc,metaspace   ] GC(208) Metaspace: 35686K(37888K)->35686K(37888K) NonClass: 26682K(26944K)->26682K(26944K) Class: 9004K(10944K)->9004K(10944K)
[2561.378s][info][gc             ] GC(208) Pause Young (Normal) (G1 Evacuation Pause) 9284M->3860M(10240M) 160.598ms
[2561.378s][info][gc,cpu         ] GC(208) User=1.26s Sys=0.00s Real=0.16s
..............[2574.533s][info][gc,start       ] GC(209) Pause Young (Normal) (G1 Evacuation Pause)
[2574.533s][info][gc,task        ] GC(209) Using 8 workers of 8 for evacuation
[2574.694s][info][gc,phases      ] GC(209)   Pre Evacuate Collection Set: 0.31ms
[2574.694s][info][gc,phases      ] GC(209)   Merge Heap Roots: 0.62ms
[2574.694s][info][gc,phases      ] GC(209)   Evacuate Collection Set: 158.41ms
[2574.694s][info][gc,phases      ] GC(209)   Post Evacuate Collection Set: 1.18ms
[2574.694s][info][gc,phases      ] GC(209)   Other: 0.07ms
[2574.694s][info][gc,heap        ] GC(209) Eden regions: 676->0(673)
[2574.694s][info][gc,heap        ] GC(209) Survivor regions: 52->52(91)
[2574.694s][info][gc,heap        ] GC(209) Old regions: 355->358
[2574.694s][info][gc,heap        ] GC(209) Humongous regions: 81->81
[2574.694s][info][gc,metaspace   ] GC(209) Metaspace: 35686K(37888K)->35686K(37888K) NonClass: 26682K(26944K)->26682K(26944K) Class: 9004K(10944K)->9004K(10944K)
[2574.694s][info][gc             ] GC(209) Pause Young (Normal) (G1 Evacuation Pause) 9268M->3885M(10240M) 160.723ms
[2574.694s][info][gc,cpu         ] GC(209) User=1.26s Sys=0.00s Real=0.16s
........... (rIR:aIR:PR = 3459:3456:3456) (tPR = 51179) [OK] 
  2585s: Performance info:
         Transaction,    Success,    Partial,     Failed,   Receipts, AvgBarcode, 
             Overall,     207485,          0,          0,     197100,      59.48, 
         Response times:
             Request,    Success,    Partial,     Failed,   SkipFail,     Probes,    Samples,      min,      p50,      p90,      p95,      p99,      max, 
       TotalPurchase,     197100,          0,          0,          0,     192719,     207013,      400,     2400,     4000,     4500,    12600,   175000,
     InStorePurchase,     103742,          0,          0,          0,     101764,     109041,      400,     2400,     4000,     4400,    12400,   170000,
      OnlinePurchase,      72583,          0,          0,          0,      70911,      76160,      400,     2300,     4000,     4400,    12600,   175000,
        InstPurchase,      20775,          0,          0,          0,      20044,      21812,      500,     2600,     4100,     4500,    13974,   167000,
          AssocOfCat,        209,          0,          0,          0,        152,        222,    21000,    30000,    35000,    38000,    55930,    58000,
      AssocOfProduct,       2077,          0,          0,          0,       1892,       2199,      500,     2800,     4300,     4700,    25000,   167000,
      BusinessReport,        516,          0,          0,          0,        421,        534,    25000,    34000,    44000,    51250,   198500,   223000,
          CustBuyBeh,       2065,          0,          0,          0,       1871,       2207,      200,     2500,     3900,     4300,     6884,   163000,
       ProductReturn,       5518,          0,          0,          0,       5176,       5784,      200,     1900,     3700,     4200,     9125,   163000,

  2585s: (26%)   IR =   3598 ..[2587.650s][info][gc,start       ] GC(210) Pause Young (Normal) (G1 Evacuation Pause)
[2587.650s][info][gc,task        ] GC(210) Using 8 workers of 8 for evacuation
[2587.808s][info][gc,phases      ] GC(210)   Pre Evacuate Collection Set: 0.30ms
[2587.808s][info][gc,phases      ] GC(210)   Merge Heap Roots: 0.59ms
[2587.808s][info][gc,phases      ] GC(210)   Evacuate Collection Set: 155.42ms
[2587.808s][info][gc,phases      ] GC(210)   Post Evacuate Collection Set: 1.20ms
[2587.808s][info][gc,phases      ] GC(210)   Other: 0.09ms
[2587.808s][info][gc,heap        ] GC(210) Eden regions: 673->0(675)
[2587.808s][info][gc,heap        ] GC(210) Survivor regions: 52->50(91)
[2587.808s][info][gc,heap        ] GC(210) Old regions: 358->360
[2587.808s][info][gc,heap        ] GC(210) Humongous regions: 81->81
[2587.808s][info][gc,metaspace   ] GC(210) Metaspace: 35686K(37888K)->35686K(37888K) NonClass: 26682K(26944K)->26682K(26944K) Class: 9004K(10944K)->9004K(10944K)
[2587.808s][info][gc             ] GC(210) Pause Young (Normal) (G1 Evacuation Pause) 9269M->3891M(10240M) 157.742ms
[2587.808s][info][gc,cpu         ] GC(210) User=1.24s Sys=0.00s Real=0.16s
.....|.......[2600.330s][info][gc,start       ] GC(211) Pause Young (Normal) (G1 Evacuation Pause)
[2600.330s][info][gc,task        ] GC(211) Using 8 workers of 8 for evacuation
[2600.488s][info][gc,phases      ] GC(211)   Pre Evacuate Collection Set: 0.29ms
[2600.488s][info][gc,phases      ] GC(211)   Merge Heap Roots: 0.55ms
[2600.488s][info][gc,phases      ] GC(211)   Evacuate Collection Set: 155.67ms
[2600.488s][info][gc,phases      ] GC(211)   Post Evacuate Collection Set: 1.16ms
[2600.488s][info][gc,phases      ] GC(211)   Other: 0.06ms
[2600.488s][info][gc,heap        ] GC(211) Eden regions: 675->0(670)
[2600.488s][info][gc,heap        ] GC(211) Survivor regions: 50->51(91)
[2600.488s][info][gc,heap        ] GC(211) Old regions: 360->363
[2600.488s][info][gc,heap        ] GC(211) Humongous regions: 81->81
[2600.488s][info][gc,metaspace   ] GC(211) Metaspace: 35686K(37888K)->35686K(37888K) NonClass: 26682K(26944K)->26682K(26944K) Class: 9004K(10944K)->9004K(10944K)
[2600.488s][info][gc             ] GC(211) Pause Young (Normal) (G1 Evacuation Pause) 9291M->3920M(10240M) 157.890ms
[2600.488s][info][gc,cpu         ] GC(211) User=1.24s Sys=0.00s Real=0.16s
.............[2613.018s][info][gc,start       ] GC(212) Pause Young (Normal) (G1 Evacuation Pause)
[2613.018s][info][gc,task        ] GC(212) Using 8 workers of 8 for evacuation
[2613.178s][info][gc,phases      ] GC(212)   Pre Evacuate Collection Set: 0.32ms
[2613.178s][info][gc,phases      ] GC(212)   Merge Heap Roots: 0.68ms
[2613.178s][info][gc,phases      ] GC(212)   Evacuate Collection Set: 158.16ms
[2613.178s][info][gc,phases      ] GC(212)   Post Evacuate Collection Set: 1.21ms
[2613.178s][info][gc,phases      ] GC(212)   Other: 0.09ms
[2613.178s][info][gc,heap        ] GC(212) Eden regions: 670->0(665)
[2613.178s][info][gc,heap        ] GC(212) Survivor regions: 51->52(91)
[2613.178s][info][gc,heap        ] GC(212) Old regions: 363->366
[2613.178s][info][gc,heap        ] GC(212) Humongous regions: 81->81
[2613.178s][info][gc,metaspace   ] GC(212) Metaspace: 35686K(37888K)->35686K(37888K) NonClass: 26682K(26944K)->26682K(26944K) Class: 9004K(10944K)->9004K(10944K)
[2613.178s][info][gc             ] GC(212) Pause Young (Normal) (G1 Evacuation Pause) 9280M->3945M(10240M) 160.587ms
[2613.178s][info][gc,cpu         ] GC(212) User=1.26s Sys=0.00s Real=0.16s
............[2625.486s][info][gc,start       ] GC(213) Pause Young (Normal) (G1 Evacuation Pause)
[2625.487s][info][gc,task        ] GC(213) Using 8 workers of 8 for evacuation
[2625.647s][info][gc,phases      ] GC(213)   Pre Evacuate Collection Set: 0.34ms
[2625.647s][info][gc,phases      ] GC(213)   Merge Heap Roots: 0.74ms
[2625.647s][info][gc,phases      ] GC(213)   Evacuate Collection Set: 157.99ms
[2625.647s][info][gc,phases      ] GC(213)   Post Evacuate Collection Set: 1.19ms
[2625.647s][info][gc,phases      ] GC(213)   Other: 0.08ms
[2625.647s][info][gc,heap        ] GC(213) Eden regions: 665->0(665)
[2625.647s][info][gc,heap        ] GC(213) Survivor regions: 52->51(90)
[2625.647s][info][gc,heap        ] GC(213) Old regions: 366->368
[2625.647s][info][gc,heap        ] GC(213) Humongous regions: 81->81
[2625.647s][info][gc,metaspace   ] GC(213) Metaspace: 35686K(37888K)->35686K(37888K) NonClass: 26682K(26944K)->26682K(26944K) Class: 9004K(10944K)->9004K(10944K)
[2625.647s][info][gc             ] GC(213) Pause Young (Normal) (G1 Evacuation Pause) 9265M->3962M(10240M) 160.502ms
[2625.647s][info][gc,cpu         ] GC(213) User=1.26s Sys=0.01s Real=0.16s
.............[2638.019s][info][gc,start       ] GC(214) Pause Young (Normal) (G1 Evacuation Pause)
[2638.019s][info][gc,task        ] GC(214) Using 8 workers of 8 for evacuation
[2638.180s][info][gc,phases      ] GC(214)   Pre Evacuate Collection Set: 0.32ms
[2638.180s][info][gc,phases      ] GC(214)   Merge Heap Roots: 0.74ms
[2638.180s][info][gc,phases      ] GC(214)   Evacuate Collection Set: 158.83ms
[2638.180s][info][gc,phases      ] GC(214)   Post Evacuate Collection Set: 1.17ms
[2638.180s][info][gc,phases      ] GC(214)   Other: 0.07ms
[2638.180s][info][gc,heap        ] GC(214) Eden regions: 665->0(660)
[2638.180s][info][gc,heap        ] GC(214) Survivor regions: 51->52(90)
[2638.180s][info][gc,heap        ] GC(214) Old regions: 368->371
[2638.180s][info][gc,heap        ] GC(214) Humongous regions: 81->81
[2638.180s][info][gc,metaspace   ] GC(214) Metaspace: 35686K(37888K)->35686K(37888K) NonClass: 26682K(26944K)->26682K(26944K) Class: 9004K(10944K)->9004K(10944K)
[2638.180s][info][gc             ] GC(214) Pause Young (Normal) (G1 Evacuation Pause) 9282M->3987M(10240M) 161.277ms
[2638.180s][info][gc,cpu         ] GC(214) User=1.27s Sys=0.00s Real=0.16s
............[2650.432s][info][gc,start       ] GC(215) Pause Young (Normal) (G1 Evacuation Pause)
[2650.432s][info][gc,task        ] GC(215) Using 8 workers of 8 for evacuation
[2650.591s][info][gc,phases      ] GC(215)   Pre Evacuate Collection Set: 0.28ms
[2650.591s][info][gc,phases      ] GC(215)   Merge Heap Roots: 0.58ms
[2650.591s][info][gc,phases      ] GC(215)   Evacuate Collection Set: 156.99ms
[2650.591s][info][gc,phases      ] GC(215)   Post Evacuate Collection Set: 1.20ms
[2650.591s][info][gc,phases      ] GC(215)   Other: 0.10ms
[2650.591s][info][gc,heap        ] GC(215) Eden regions: 660->0(659)
[2650.591s][info][gc,heap        ] GC(215) Survivor regions: 52->51(89)
[2650.591s][info][gc,heap        ] GC(215) Old regions: 371->374
[2650.591s][info][gc,heap        ] GC(215) Humongous regions: 81->81
[2650.591s][info][gc,metaspace   ] GC(215) Metaspace: 35686K(37888K)->35686K(37888K) NonClass: 26682K(26944K)->26682K(26944K) Class: 9004K(10944K)->9004K(10944K)
[2650.591s][info][gc             ] GC(215) Pause Young (Normal) (G1 Evacuation Pause) 9267M->4006M(10240M) 159.291ms
[2650.592s][info][gc,cpu         ] GC(215) User=1.25s Sys=0.00s Real=0.15s
... (rIR:aIR:PR = 3598:3597:3597) (tPR = 53525) [OK] 
  2652s: Performance info:
         Transaction,    Success,    Partial,     Failed,   Receipts, AvgBarcode, 
             Overall,     216418,          0,          0,     205609,      59.48, 
         Response times:
             Request,    Success,    Partial,     Failed,   SkipFail,     Probes,    Samples,      min,      p50,      p90,      p95,      p99,      max, 
       TotalPurchase,     205616,          0,          0,          0,     200145,     226331,      300,     2500,     4200,     4700,    19600,   166000,
     InStorePurchase,     108213,          0,          0,          0,     105408,     119237,      400,     2400,     4100,     4700,    20000,   165000,
      OnlinePurchase,      75720,          0,          0,          0,      73836,      83306,      300,     2400,     4200,     4700,    19600,   166000,
        InstPurchase,      21683,          0,          0,          0,      20901,      23788,      400,     2700,     4300,     4900,    20000,   165000,
          AssocOfCat,        217,          0,          0,          0,        159,        248,    21000,    30000,    38000,    44000,    94040,   196000,
      AssocOfProduct,       2171,          0,          0,          0,       1937,       2335,      600,     3000,     4600,     5200,    25000,   164000,
      BusinessReport,        540,          0,          0,          0,        443,        579,    25000,    33000,    45000,    51000,   192600,   215000,
          CustBuyBeh,       2165,          0,          0,          0,       1938,       2357,      200,     2500,     4100,     4500,    25420,   162000,
       ProductReturn,       5726,          0,          0,          0,       5385,       6297,      200,     2000,     4000,     4500,    18802,   165000,

  2652s: (27%)   IR =   3736 .......|..[2662.562s][info][gc,start       ] GC(216) Pause Young (Normal) (G1 Evacuation Pause)
[2662.563s][info][gc,task        ] GC(216) Using 8 workers of 8 for evacuation
[2662.721s][info][gc,phases      ] GC(216)   Pre Evacuate Collection Set: 0.30ms
[2662.721s][info][gc,phases      ] GC(216)   Merge Heap Roots: 0.59ms
[2662.721s][info][gc,phases      ] GC(216)   Evacuate Collection Set: 155.93ms
[2662.721s][info][gc,phases      ] GC(216)   Post Evacuate Collection Set: 1.24ms
[2662.721s][info][gc,phases      ] GC(216)   Other: 0.06ms
[2662.721s][info][gc,heap        ] GC(216) Eden regions: 659->0(657)
[2662.721s][info][gc,heap        ] GC(216) Survivor regions: 51->51(89)
[2662.721s][info][gc,heap        ] GC(216) Old regions: 374->376
[2662.721s][info][gc,heap        ] GC(216) Humongous regions: 81->81
[2662.721s][info][gc,metaspace   ] GC(216) Metaspace: 35691K(37888K)->35691K(37888K) NonClass: 26687K(26944K)->26687K(26944K) Class: 9004K(10944K)->9004K(10944K)
[2662.721s][info][gc             ] GC(216) Pause Young (Normal) (G1 Evacuation Pause) 9278M->4024M(10240M) 158.260ms
[2662.721s][info][gc,cpu         ] GC(216) User=1.25s Sys=0.00s Real=0.15s
............[2674.396s][info][gc,start       ] GC(217) Pause Young (Normal) (G1 Evacuation Pause)
[2674.397s][info][gc,task        ] GC(217) Using 8 workers of 8 for evacuation
[2674.553s][info][gc,phases      ] GC(217)   Pre Evacuate Collection Set: 0.32ms
[2674.553s][info][gc,phases      ] GC(217)   Merge Heap Roots: 0.60ms
[2674.553s][info][gc,phases      ] GC(217)   Evacuate Collection Set: 154.72ms
[2674.553s][info][gc,phases      ] GC(217)   Post Evacuate Collection Set: 1.14ms
[2674.553s][info][gc,phases      ] GC(217)   Other: 0.09ms
[2674.553s][info][gc,heap        ] GC(217) Eden regions: 657->0(656)
[2674.553s][info][gc,heap        ] GC(217) Survivor regions: 51->50(89)
[2674.553s][info][gc,heap        ] GC(217) Old regions: 376->379
[2674.553s][info][gc,heap        ] GC(217) Humongous regions: 81->81
[2674.553s][info][gc,metaspace   ] GC(217) Metaspace: 35691K(37888K)->35691K(37888K) NonClass: 26687K(26944K)->26687K(26944K) Class: 9004K(10944K)->9004K(10944K)
[2674.553s][info][gc             ] GC(217) Pause Young (Normal) (G1 Evacuation Pause) 9280M->4041M(10240M) 157.006ms
[2674.553s][info][gc,cpu         ] GC(217) User=1.24s Sys=0.00s Real=0.16s
............[2686.323s][info][gc,start       ] GC(218) Pause Young (Normal) (G1 Evacuation Pause)
[2686.323s][info][gc,task        ] GC(218) Using 8 workers of 8 for evacuation
[2686.482s][info][gc,phases      ] GC(218)   Pre Evacuate Collection Set: 0.29ms
[2686.482s][info][gc,phases      ] GC(218)   Merge Heap Roots: 0.60ms
[2686.482s][info][gc,phases      ] GC(218)   Evacuate Collection Set: 156.84ms
[2686.482s][info][gc,phases      ] GC(218)   Post Evacuate Collection Set: 1.22ms
[2686.482s][info][gc,phases      ] GC(218)   Other: 0.07ms
[2686.482s][info][gc,heap        ] GC(218) Eden regions: 656->0(651)
[2686.482s][info][gc,heap        ] GC(218) Survivor regions: 50->51(89)
[2686.482s][info][gc,heap        ] GC(218) Old regions: 379->382
[2686.482s][info][gc,heap        ] GC(218) Humongous regions: 81->81
[2686.482s][info][gc,metaspace   ] GC(218) Metaspace: 35691K(37888K)->35691K(37888K) NonClass: 26687K(26944K)->26687K(26944K) Class: 9004K(10944K)->9004K(10944K)
[2686.482s][info][gc             ] GC(218) Pause Young (Normal) (G1 Evacuation Pause) 9289M->4068M(10240M) 159.150ms
[2686.483s][info][gc,cpu         ] GC(218) User=1.25s Sys=0.00s Real=0.16s
............[2698.092s][info][gc,start       ] GC(219) Pause Young (Normal) (G1 Evacuation Pause)
[2698.092s][info][gc,task        ] GC(219) Using 8 workers of 8 for evacuation
[2698.247s][info][gc,phases      ] GC(219)   Pre Evacuate Collection Set: 0.28ms
[2698.247s][info][gc,phases      ] GC(219)   Merge Heap Roots: 0.63ms
[2698.247s][info][gc,phases      ] GC(219)   Evacuate Collection Set: 153.24ms
[2698.247s][info][gc,phases      ] GC(219)   Post Evacuate Collection Set: 1.20ms
[2698.247s][info][gc,phases      ] GC(219)   Other: 0.06ms
[2698.247s][info][gc,heap        ] GC(219) Eden regions: 651->0(650)
[2698.247s][info][gc,heap        ] GC(219) Survivor regions: 51->50(88)
[2698.247s][info][gc,heap        ] GC(219) Old regions: 382->385
[2698.247s][info][gc,heap        ] GC(219) Humongous regions: 81->81
[2698.247s][info][gc,metaspace   ] GC(219) Metaspace: 35691K(37888K)->35691K(37888K) NonClass: 26687K(26944K)->26687K(26944K) Class: 9004K(10944K)->9004K(10944K)
[2698.247s][info][gc             ] GC(219) Pause Young (Normal) (G1 Evacuation Pause) 9276M->4087M(10240M) 155.560ms
[2698.247s][info][gc,cpu         ] GC(219) User=1.22s Sys=0.01s Real=0.15s
............[2709.862s][info][gc,start       ] GC(220) Pause Young (Normal) (G1 Evacuation Pause)
[2709.862s][info][gc,task        ] GC(220) Using 8 workers of 8 for evacuation
[2710.020s][info][gc,phases      ] GC(220)   Pre Evacuate Collection Set: 0.29ms
[2710.020s][info][gc,phases      ] GC(220)   Merge Heap Roots: 0.53ms
[2710.020s][info][gc,phases      ] GC(220)   Evacuate Collection Set: 155.62ms
[2710.020s][info][gc,phases      ] GC(220)   Post Evacuate Collection Set: 1.17ms
[2710.020s][info][gc,phases      ] GC(220)   Other: 0.07ms
[2710.020s][info][gc,heap        ] GC(220) Eden regions: 650->0(645)
[2710.020s][info][gc,heap        ] GC(220) Survivor regions: 50->51(88)
[2710.020s][info][gc,heap        ] GC(220) Old regions: 385->388
[2710.020s][info][gc,heap        ] GC(220) Humongous regions: 81->81
[2710.020s][info][gc,metaspace   ] GC(220) Metaspace: 35692K(37888K)->35692K(37888K) NonClass: 26688K(26944K)->26688K(26944K) Class: 9004K(10944K)->9004K(10944K)
[2710.020s][info][gc             ] GC(220) Pause Young (Normal) (G1 Evacuation Pause) 9287M->4116M(10240M) 157.819ms
[2710.020s][info][gc,cpu         ] GC(220) User=1.25s Sys=0.00s Real=0.15s
.......... (rIR:aIR:PR = 3736:3735:3735) (tPR = 55449) [OK] 
  2719s: Performance info:
         Transaction,    Success,    Partial,     Failed,   Receipts, AvgBarcode, 
             Overall,     224346,          0,          0,     213127,      59.48, 
         Response times:
             Request,    Success,    Partial,     Failed,   SkipFail,     Probes,    Samples,      min,      p50,      p90,      p95,      p99,      max, 
       TotalPurchase,     213127,          0,          0,          0,     208271,     234973,      400,     2500,     4300,     4800,    11400,   172000,
     InStorePurchase,     112163,          0,          0,          0,     109894,     123828,      400,     2500,     4300,     4800,    11400,   172000,
      OnlinePurchase,      78515,          0,          0,          0,      76625,      86478,      400,     2500,     4300,     4800,    10621,   168000,
        InstPurchase,      22449,          0,          0,          0,      21752,      24667,      500,     2600,     4300,     4800,     7900,   165000,
          AssocOfCat,        226,          0,          0,          0,        161,        239,    19900,    31000,    38000,    47000,   131200,   189000,
      AssocOfProduct,       2243,          0,          0,          0,       2027,       2450,      700,     3500,     4800,     5200,    23980,   165000,
      BusinessReport,        564,          0,          0,          0,        468,        643,    26000,    34000,    46000,    50800,    87240,   219000,
          CustBuyBeh,       2244,          0,          0,          0,       1985,       2378,      200,     1700,     3900,     4500,     8715,   165000,
       ProductReturn,       5942,          0,          0,          0,       5565,       6511,      200,     2700,     4300,     4800,    10268,   161000,

  2719s: (28%)   IR =   3874 .[2721.496s][info][gc,start       ] GC(221) Pause Young (Normal) (G1 Evacuation Pause)
[2721.496s][info][gc,task        ] GC(221) Using 8 workers of 8 for evacuation
[2721.656s][info][gc,phases      ] GC(221)   Pre Evacuate Collection Set: 0.30ms
[2721.656s][info][gc,phases      ] GC(221)   Merge Heap Roots: 0.54ms
[2721.656s][info][gc,phases      ] GC(221)   Evacuate Collection Set: 157.93ms
[2721.656s][info][gc,phases      ] GC(221)   Post Evacuate Collection Set: 1.19ms
[2721.656s][info][gc,phases      ] GC(221)   Other: 0.06ms
[2721.656s][info][gc,heap        ] GC(221) Eden regions: 645->0(643)
[2721.656s][info][gc,heap        ] GC(221) Survivor regions: 51->51(87)
[2721.656s][info][gc,heap        ] GC(221) Old regions: 388->390
[2721.656s][info][gc,heap        ] GC(221) Humongous regions: 81->81
[2721.656s][info][gc,metaspace   ] GC(221) Metaspace: 35692K(37888K)->35692K(37888K) NonClass: 26688K(26944K)->26688K(26944K) Class: 9004K(10944K)->9004K(10944K)
[2721.656s][info][gc             ] GC(221) Pause Young (Normal) (G1 Evacuation Pause) 9276M->4139M(10240M) 160.173ms
[2721.656s][info][gc,cpu         ] GC(221) User=1.26s Sys=0.01s Real=0.16s
...|........[2732.718s][info][gc,start       ] GC(222) Pause Young (Normal) (G1 Evacuation Pause)
[2732.718s][info][gc,task        ] GC(222) Using 8 workers of 8 for evacuation
[2732.875s][info][gc,phases      ] GC(222)   Pre Evacuate Collection Set: 0.31ms
[2732.875s][info][gc,phases      ] GC(222)   Merge Heap Roots: 0.63ms
[2732.875s][info][gc,phases      ] GC(222)   Evacuate Collection Set: 154.64ms
[2732.875s][info][gc,phases      ] GC(222)   Post Evacuate Collection Set: 1.18ms
[2732.875s][info][gc,phases      ] GC(222)   Other: 0.07ms
[2732.875s][info][gc,heap        ] GC(222) Eden regions: 643->0(646)
[2732.875s][info][gc,heap        ] GC(222) Survivor regions: 51->45(87)
[2732.875s][info][gc,heap        ] GC(222) Old regions: 390->399
[2732.875s][info][gc,heap        ] GC(222) Humongous regions: 81->81
[2732.875s][info][gc,metaspace   ] GC(222) Metaspace: 35692K(37888K)->35692K(37888K) NonClass: 26688K(26944K)->26688K(26944K) Class: 9004K(10944K)->9004K(10944K)
[2732.875s][info][gc             ] GC(222) Pause Young (Normal) (G1 Evacuation Pause) 9283M->4158M(10240M) 156.987ms
[2732.875s][info][gc,cpu         ] GC(222) User=1.23s Sys=0.00s Real=0.16s
............[2744.085s][info][gc,start       ] GC(223) Pause Young (Normal) (G1 Evacuation Pause)
[2744.086s][info][gc,task        ] GC(223) Using 8 workers of 8 for evacuation
[2744.236s][info][gc,phases      ] GC(223)   Pre Evacuate Collection Set: 0.30ms
[2744.236s][info][gc,phases      ] GC(223)   Merge Heap Roots: 0.61ms
[2744.236s][info][gc,phases      ] GC(223)   Evacuate Collection Set: 148.74ms
[2744.236s][info][gc,phases      ] GC(223)   Post Evacuate Collection Set: 1.19ms
[2744.237s][info][gc,phases      ] GC(223)   Other: 0.08ms
[2744.237s][info][gc,heap        ] GC(223) Eden regions: 646->0(636)
[2744.237s][info][gc,heap        ] GC(223) Survivor regions: 45->50(87)
[2744.237s][info][gc,heap        ] GC(223) Old regions: 399->399
[2744.237s][info][gc,heap        ] GC(223) Humongous regions: 81->81
[2744.237s][info][gc,metaspace   ] GC(223) Metaspace: 35692K(37888K)->35692K(37888K) NonClass: 26688K(26944K)->26688K(26944K) Class: 9004K(10944K)->9004K(10944K)
[2744.237s][info][gc             ] GC(223) Pause Young (Normal) (G1 Evacuation Pause) 9326M->4202M(10240M) 151.065ms
[2744.237s][info][gc,cpu         ] GC(223) User=1.18s Sys=0.00s Real=0.15s
...........[2755.146s][info][gc,start       ] GC(224) Pause Young (Normal) (G1 Evacuation Pause)
[2755.146s][info][gc,task        ] GC(224) Using 8 workers of 8 for evacuation
[2755.306s][info][gc,phases      ] GC(224)   Pre Evacuate Collection Set: 0.29ms
[2755.306s][info][gc,phases      ] GC(224)   Merge Heap Roots: 0.65ms
[2755.306s][info][gc,phases      ] GC(224)   Evacuate Collection Set: 157.60ms
[2755.306s][info][gc,phases      ] GC(224)   Post Evacuate Collection Set: 1.18ms
[2755.306s][info][gc,phases      ] GC(224)   Other: 0.06ms
[2755.306s][info][gc,heap        ] GC(224) Eden regions: 636->0(631)
[2755.306s][info][gc,heap        ] GC(224) Survivor regions: 50->51(86)
[2755.306s][info][gc,heap        ] GC(224) Old regions: 399->402
[2755.306s][info][gc,heap        ] GC(224) Humongous regions: 81->81
[2755.306s][info][gc,metaspace   ] GC(224) Metaspace: 35692K(37888K)->35692K(37888K) NonClass: 26688K(26944K)->26688K(26944K) Class: 9004K(10944K)->9004K(10944K)
[2755.306s][info][gc             ] GC(224) Pause Young (Normal) (G1 Evacuation Pause) 9290M->4232M(10240M) 159.937ms
[2755.306s][info][gc,cpu         ] GC(224) User=1.26s Sys=0.00s Real=0.16s
...........[2766.156s][info][gc,start       ] GC(225) Pause Young (Normal) (G1 Evacuation Pause)
[2766.156s][info][gc,task        ] GC(225) Using 8 workers of 8 for evacuation
[2766.311s][info][gc,phases      ] GC(225)   Pre Evacuate Collection Set: 0.28ms
[2766.311s][info][gc,phases      ] GC(225)   Merge Heap Roots: 0.56ms
[2766.311s][info][gc,phases      ] GC(225)   Evacuate Collection Set: 152.89ms
[2766.311s][info][gc,phases      ] GC(225)   Post Evacuate Collection Set: 1.17ms
[2766.311s][info][gc,phases      ] GC(225)   Other: 0.07ms
[2766.311s][info][gc,heap        ] GC(225) Eden regions: 631->0(632)
[2766.311s][info][gc,heap        ] GC(225) Survivor regions: 51->49(86)
[2766.311s][info][gc,heap        ] GC(225) Old regions: 402->405
[2766.311s][info][gc,heap        ] GC(225) Humongous regions: 81->81
[2766.311s][info][gc,metaspace   ] GC(225) Metaspace: 35692K(37888K)->35692K(37888K) NonClass: 26688K(26944K)->26688K(26944K) Class: 9004K(10944K)->9004K(10944K)
[2766.311s][info][gc             ] GC(225) Pause Young (Normal) (G1 Evacuation Pause) 9280M->4239M(10240M) 155.085ms
[2766.311s][info][gc,cpu         ] GC(225) User=1.22s Sys=0.00s Real=0.15s
...........[2777.217s][info][gc,start       ] GC(226) Pause Young (Normal) (G1 Evacuation Pause)
[2777.217s][info][gc,task        ] GC(226) Using 8 workers of 8 for evacuation
[2777.373s][info][gc,phases      ] GC(226)   Pre Evacuate Collection Set: 0.31ms
[2777.373s][info][gc,phases      ] GC(226)   Merge Heap Roots: 0.61ms
[2777.373s][info][gc,phases      ] GC(226)   Evacuate Collection Set: 153.70ms
[2777.373s][info][gc,phases      ] GC(226)   Post Evacuate Collection Set: 1.13ms
[2777.373s][info][gc,phases      ] GC(226)   Other: 0.07ms
[2777.373s][info][gc,heap        ] GC(226) Eden regions: 632->0(627)
[2777.373s][info][gc,heap        ] GC(226) Survivor regions: 49->50(86)
[2777.373s][info][gc,heap        ] GC(226) Old regions: 405->408
[2777.373s][info][gc,heap        ] GC(226) Humongous regions: 81->81
[2777.373s][info][gc,metaspace   ] GC(226) Metaspace: 35693K(37888K)->35693K(37888K) NonClass: 26689K(26944K)->26689K(26944K) Class: 9004K(10944K)->9004K(10944K)
[2777.373s][info][gc             ] GC(226) Pause Young (Normal) (G1 Evacuation Pause) 9295M->4271M(10240M) 155.945ms
[2777.373s][info][gc,cpu         ] GC(226) User=1.23s Sys=0.00s Real=0.16s
....... (rIR:aIR:PR = 3874:3874:3874) (tPR = 57905) [OK] 
  2783s: Performance info:
         Transaction,    Success,    Partial,     Failed,   Receipts, AvgBarcode, 
             Overall,     232773,          0,          0,     221129,      59.48, 
         Response times:
             Request,    Success,    Partial,     Failed,   SkipFail,     Probes,    Samples,      min,      p50,      p90,      p95,      p99,      max, 
       TotalPurchase,     221129,          0,          0,          0,     215554,     231324,      400,     2600,     4400,     5000,    21000,   213000,
     InStorePurchase,     116333,          0,          0,          0,     113598,     121518,      400,     2600,     4400,     5000,    21000,   212000,
      OnlinePurchase,      81517,          0,          0,          0,      79448,      85381,      400,     2600,     4500,     5000,    21000,   213000,
        InstPurchase,      23279,          0,          0,          0,      22508,      24425,      500,     2500,     4400,     5000,    16400,   167000,
          AssocOfCat,        233,          0,          0,          0,        182,        260,    21000,    32000,    39000,    45950,   186240,   216000,
      AssocOfProduct,       2333,          0,          0,          0,       2133,       2474,      400,     3150,     4800,     5300,    25000,   167000,
      BusinessReport,        580,          0,          0,          0,        487,        620,    23000,    35000,    48000,    53950,    87000,   225000,
          CustBuyBeh,       2334,          0,          0,          0,       2134,       2436,      300,     2700,     4300,     4900,    24000,    53000,
       ProductReturn,       6165,          0,          0,          0,       5818,       6458,      200,     2200,     4200,     4700,    22000,   167000,

  2783s: (29%)   IR =   4013 ....|[2787.958s][info][gc,start       ] GC(227) Pause Young (Normal) (G1 Evacuation Pause)
[2787.958s][info][gc,task        ] GC(227) Using 8 workers of 8 for evacuation
[2788.117s][info][gc,phases      ] GC(227)   Pre Evacuate Collection Set: 0.26ms
[2788.117s][info][gc,phases      ] GC(227)   Merge Heap Roots: 0.55ms
[2788.117s][info][gc,phases      ] GC(227)   Evacuate Collection Set: 156.57ms
[2788.117s][info][gc,phases      ] GC(227)   Post Evacuate Collection Set: 1.16ms
[2788.117s][info][gc,phases      ] GC(227)   Other: 0.06ms
[2788.117s][info][gc,heap        ] GC(227) Eden regions: 627->0(624)
[2788.117s][info][gc,heap        ] GC(227) Survivor regions: 50->50(85)
[2788.117s][info][gc,heap        ] GC(227) Old regions: 408->411
[2788.117s][info][gc,heap        ] GC(227) Humongous regions: 81->81
[2788.117s][info][gc,metaspace   ] GC(227) Metaspace: 35693K(37888K)->35693K(37888K) NonClass: 26689K(26944K)->26689K(26944K) Class: 9004K(10944K)->9004K(10944K)
[2788.117s][info][gc             ] GC(227) Pause Young (Normal) (G1 Evacuation Pause) 9287M->4295M(10240M) 158.734ms
[2788.117s][info][gc,cpu         ] GC(227) User=1.25s Sys=0.00s Real=0.16s
..........[2798.542s][info][gc,start       ] GC(228) Pause Young (Normal) (G1 Evacuation Pause)
[2798.542s][info][gc,task        ] GC(228) Using 8 workers of 8 for evacuation
[2798.697s][info][gc,phases      ] GC(228)   Pre Evacuate Collection Set: 0.30ms
[2798.697s][info][gc,phases      ] GC(228)   Merge Heap Roots: 0.54ms
[2798.697s][info][gc,phases      ] GC(228)   Evacuate Collection Set: 153.06ms
[2798.697s][info][gc,phases      ] GC(228)   Post Evacuate Collection Set: 1.13ms
[2798.697s][info][gc,phases      ] GC(228)   Other: 0.07ms
[2798.697s][info][gc,heap        ] GC(228) Eden regions: 624->0(629)
[2798.697s][info][gc,heap        ] GC(228) Survivor regions: 50->43(85)
[2798.697s][info][gc,heap        ] GC(228) Old regions: 411->420
[2798.697s][info][gc,heap        ] GC(228) Humongous regions: 81->81
[2798.697s][info][gc,metaspace   ] GC(228) Metaspace: 35693K(37888K)->35693K(37888K) NonClass: 26689K(26944K)->26689K(26944K) Class: 9004K(10944K)->9004K(10944K)
[2798.697s][info][gc             ] GC(228) Pause Young (Normal) (G1 Evacuation Pause) 9287M->4312M(10240M) 155.236ms
[2798.697s][info][gc,cpu         ] GC(228) User=1.22s Sys=0.00s Real=0.15s
...........[2809.183s][info][gc,start       ] GC(229) Pause Young (Normal) (G1 Evacuation Pause)
[2809.183s][info][gc,task        ] GC(229) Using 8 workers of 8 for evacuation
[2809.332s][info][gc,phases      ] GC(229)   Pre Evacuate Collection Set: 0.32ms
[2809.332s][info][gc,phases      ] GC(229)   Merge Heap Roots: 0.60ms
[2809.332s][info][gc,phases      ] GC(229)   Evacuate Collection Set: 147.14ms
[2809.332s][info][gc,phases      ] GC(229)   Post Evacuate Collection Set: 1.16ms
[2809.332s][info][gc,phases      ] GC(229)   Other: 0.07ms
[2809.332s][info][gc,heap        ] GC(229) Eden regions: 629->0(615)
[2809.332s][info][gc,heap        ] GC(229) Survivor regions: 43->50(84)
[2809.332s][info][gc,heap        ] GC(229) Old regions: 420->420
[2809.332s][info][gc,heap        ] GC(229) Humongous regions: 81->81
[2809.332s][info][gc,metaspace   ] GC(229) Metaspace: 35693K(37888K)->35693K(37888K) NonClass: 26689K(26944K)->26689K(26944K) Class: 9004K(10944K)->9004K(10944K)
[2809.332s][info][gc             ] GC(229) Pause Young (Normal) (G1 Evacuation Pause) 9344M->4368M(10240M) 149.414ms
[2809.332s][info][gc,cpu         ] GC(229) User=1.17s Sys=0.01s Real=0.15s
..........[2819.539s][info][gc,start       ] GC(230) Pause Young (Normal) (G1 Evacuation Pause)
[2819.539s][info][gc,task        ] GC(230) Using 8 workers of 8 for evacuation
[2819.694s][info][gc,phases      ] GC(230)   Pre Evacuate Collection Set: 0.28ms
[2819.694s][info][gc,phases      ] GC(230)   Merge Heap Roots: 0.60ms
[2819.694s][info][gc,phases      ] GC(230)   Evacuate Collection Set: 152.45ms
[2819.694s][info][gc,phases      ] GC(230)   Post Evacuate Collection Set: 1.12ms
[2819.694s][info][gc,phases      ] GC(230)   Other: 0.07ms
[2819.694s][info][gc,heap        ] GC(230) Eden regions: 615->0(620)
[2819.694s][info][gc,heap        ] GC(230) Survivor regions: 50->43(84)
[2819.694s][info][gc,heap        ] GC(230) Old regions: 420->429
[2819.694s][info][gc,heap        ] GC(230) Humongous regions: 81->81
[2819.694s][info][gc,metaspace   ] GC(230) Metaspace: 35693K(37888K)->35693K(37888K) NonClass: 26689K(26944K)->26689K(26944K) Class: 9004K(10944K)->9004K(10944K)
[2819.694s][info][gc             ] GC(230) Pause Young (Normal) (G1 Evacuation Pause) 9288M->4386M(10240M) 154.658ms
[2819.694s][info][gc,cpu         ] GC(230) User=1.22s Sys=0.00s Real=0.16s
..........[2829.910s][info][gc,start       ] GC(231) Pause Young (Normal) (G1 Evacuation Pause)
[2829.910s][info][gc,task        ] GC(231) Using 8 workers of 8 for evacuation
[2830.059s][info][gc,phases      ] GC(231)   Pre Evacuate Collection Set: 0.30ms
[2830.059s][info][gc,phases      ] GC(231)   Merge Heap Roots: 0.56ms
[2830.059s][info][gc,phases      ] GC(231)   Evacuate Collection Set: 147.09ms
[2830.059s][info][gc,phases      ] GC(231)   Post Evacuate Collection Set: 1.11ms
[2830.059s][info][gc,phases      ] GC(231)   Other: 0.08ms
[2830.059s][info][gc,heap        ] GC(231) Eden regions: 620->0(607)
[2830.059s][info][gc,heap        ] GC(231) Survivor regions: 43->46(83)
[2830.059s][info][gc,heap        ] GC(231) Old regions: 429->436
[2830.059s][info][gc,heap        ] GC(231) Humongous regions: 81->81
[2830.059s][info][gc,metaspace   ] GC(231) Metaspace: 35693K(37888K)->35693K(37888K) NonClass: 26689K(26944K)->26689K(26944K) Class: 9004K(10944K)->9004K(10944K)
[2830.059s][info][gc             ] GC(231) Pause Young (Normal) (G1 Evacuation Pause) 9346M->4460M(10240M) 149.278ms
[2830.059s][info][gc,cpu         ] GC(231) User=1.17s Sys=0.00s Real=0.15s
...........[2840.223s][info][gc,start       ] GC(232) Pause Young (Normal) (G1 Evacuation Pause)
[2840.223s][info][gc,task        ] GC(232) Using 8 workers of 8 for evacuation
[2840.368s][info][gc,phases      ] GC(232)   Pre Evacuate Collection Set: 0.31ms
[2840.368s][info][gc,phases      ] GC(232)   Merge Heap Roots: 0.62ms
[2840.368s][info][gc,phases      ] GC(232)   Evacuate Collection Set: 143.10ms
[2840.368s][info][gc,phases      ] GC(232)   Post Evacuate Collection Set: 1.13ms
[2840.368s][info][gc,phases      ] GC(232)   Other: 0.07ms
[2840.368s][info][gc,heap        ] GC(232) Eden regions: 607->0(604)
[2840.368s][info][gc,heap        ] GC(232) Survivor regions: 46->44(82)
[2840.368s][info][gc,heap        ] GC(232) Old regions: 436->443
[2840.368s][info][gc,heap        ] GC(232) Humongous regions: 81->81
[2840.368s][info][gc,metaspace   ] GC(232) Metaspace: 35693K(37888K)->35693K(37888K) NonClass: 26689K(26944K)->26689K(26944K) Class: 9004K(10944K)->9004K(10944K)
[2840.368s][info][gc             ] GC(232) Pause Young (Normal) (G1 Evacuation Pause) 9316M->4497M(10240M) 145.357ms
[2840.368s][info][gc,cpu         ] GC(232) User=1.14s Sys=0.00s Real=0.14s
........ (rIR:aIR:PR = 4013:4011:4011) (tPR = 59765) [OK] 
  2847s: Performance info:
         Transaction,    Success,    Partial,     Failed,   Receipts, AvgBarcode, 
             Overall,     241222,          0,          0,     229149,      59.48, 
         Response times:
             Request,    Success,    Partial,     Failed,   SkipFail,     Probes,    Samples,      min,      p50,      p90,      p95,      p99,      max, 
       TotalPurchase,     229149,          0,          0,          0,     224001,     240338,      300,     2700,     4600,     5200,    21000,   164000,
     InStorePurchase,     120643,          0,          0,          0,     118442,     126809,      400,     2700,     4600,     5200,    19600,   164000,
      OnlinePurchase,      84379,          0,          0,          0,      82254,      88246,      300,     2700,     4700,     5200,    21000,   164000,
        InstPurchase,      24127,          0,          0,          0,      23305,      25283,      500,     2900,     4700,     5200,    23000,   161000,
          AssocOfCat,        244,          0,          0,          0,        180,        237,    19900,    31000,    39000,    41000,    59620,   198000,
      AssocOfProduct,       2411,          0,          0,          0,       2199,       2535,      500,     3400,     5100,     5600,    16024,   149000,
      BusinessReport,        603,          0,          0,          0,        517,        643,    26000,    35000,    46000,    51000,    68000,   199000,
          CustBuyBeh,       2419,          0,          0,          0,       2217,       2529,      200,     2600,     4200,     4700,    23700,   151000,
       ProductReturn,       6396,          0,          0,          0,       6073,       6729,      200,     2800,     4600,     5150,    23000,   160000,

  2847s: (30%)   IR =   4151 ..[2850.308s][info][gc,start       ] GC(233) Pause Young (Normal) (G1 Evacuation Pause)
[2850.308s][info][gc,task        ] GC(233) Using 8 workers of 8 for evacuation
[2850.455s][info][gc,phases      ] GC(233)   Pre Evacuate Collection Set: 0.30ms
[2850.455s][info][gc,phases      ] GC(233)   Merge Heap Roots: 0.58ms
[2850.455s][info][gc,phases      ] GC(233)   Evacuate Collection Set: 144.99ms
[2850.455s][info][gc,phases      ] GC(233)   Post Evacuate Collection Set: 1.09ms
[2850.455s][info][gc,phases      ] GC(233)   Other: 0.06ms
[2850.455s][info][gc,heap        ] GC(233) Eden regions: 604->0(598)
[2850.455s][info][gc,heap        ] GC(233) Survivor regions: 44->44(81)
[2850.455s][info][gc,heap        ] GC(233) Old regions: 443->449
[2850.455s][info][gc,heap        ] GC(233) Humongous regions: 81->81
[2850.455s][info][gc,metaspace   ] GC(233) Metaspace: 35693K(37888K)->35693K(37888K) NonClass: 26689K(26944K)->26689K(26944K) Class: 9004K(10944K)->9004K(10944K)
[2850.455s][info][gc             ] GC(233) Pause Young (Normal) (G1 Evacuation Pause) 9329M->4548M(10240M) 147.162ms
[2850.455s][info][gc,cpu         ] GC(233) User=1.16s Sys=0.00s Real=0.15s
..|.......[2860.040s][info][gc,start       ] GC(234) Pause Young (Normal) (G1 Evacuation Pause)
[2860.040s][info][gc,task        ] GC(234) Using 8 workers of 8 for evacuation
[2860.186s][info][gc,phases      ] GC(234)   Pre Evacuate Collection Set: 0.31ms
[2860.186s][info][gc,phases      ] GC(234)   Merge Heap Roots: 0.59ms
[2860.187s][info][gc,phases      ] GC(234)   Evacuate Collection Set: 143.88ms
[2860.187s][info][gc,phases      ] GC(234)   Post Evacuate Collection Set: 1.13ms
[2860.187s][info][gc,phases      ] GC(234)   Other: 0.07ms
[2860.187s][info][gc,heap        ] GC(234) Eden regions: 598->0(591)
[2860.187s][info][gc,heap        ] GC(234) Survivor regions: 44->44(81)
[2860.187s][info][gc,heap        ] GC(234) Old regions: 449->456
[2860.187s][info][gc,heap        ] GC(234) Humongous regions: 81->81
[2860.187s][info][gc,metaspace   ] GC(234) Metaspace: 35693K(37888K)->35693K(37888K) NonClass: 26689K(26944K)->26689K(26944K) Class: 9004K(10944K)->9004K(10944K)
[2860.187s][info][gc             ] GC(234) Pause Young (Normal) (G1 Evacuation Pause) 9332M->4602M(10240M) 146.096ms
[2860.187s][info][gc,cpu         ] GC(234) User=1.14s Sys=0.00s Real=0.15s
..........[2869.668s][info][gc,start       ] GC(235) Pause Young (Normal) (G1 Evacuation Pause)
[2869.668s][info][gc,task        ] GC(235) Using 8 workers of 8 for evacuation
[2869.813s][info][gc,phases      ] GC(235)   Pre Evacuate Collection Set: 0.29ms
[2869.813s][info][gc,phases      ] GC(235)   Merge Heap Roots: 0.54ms
[2869.813s][info][gc,phases      ] GC(235)   Evacuate Collection Set: 142.17ms
[2869.813s][info][gc,phases      ] GC(235)   Post Evacuate Collection Set: 1.08ms
[2869.813s][info][gc,phases      ] GC(235)   Other: 0.07ms
[2869.813s][info][gc,heap        ] GC(235) Eden regions: 591->0(584)
[2869.813s][info][gc,heap        ] GC(235) Survivor regions: 44->44(80)
[2869.813s][info][gc,heap        ] GC(235) Old regions: 456->463
[2869.813s][info][gc,heap        ] GC(235) Humongous regions: 81->81
[2869.813s][info][gc,metaspace   ] GC(235) Metaspace: 35693K(37888K)->35693K(37888K) NonClass: 26689K(26944K)->26689K(26944K) Class: 9004K(10944K)->9004K(10944K)
[2869.813s][info][gc             ] GC(235) Pause Young (Normal) (G1 Evacuation Pause) 9330M->4657M(10240M) 144.300ms
[2869.813s][info][gc,cpu         ] GC(235) User=1.14s Sys=0.00s Real=0.15s
..........[2879.234s][info][gc,start       ] GC(236) Pause Young (Normal) (G1 Evacuation Pause)
[2879.234s][info][gc,task        ] GC(236) Using 8 workers of 8 for evacuation
[2879.378s][info][gc,phases      ] GC(236)   Pre Evacuate Collection Set: 0.30ms
[2879.378s][info][gc,phases      ] GC(236)   Merge Heap Roots: 0.53ms
[2879.378s][info][gc,phases      ] GC(236)   Evacuate Collection Set: 142.29ms
[2879.378s][info][gc,phases      ] GC(236)   Post Evacuate Collection Set: 1.09ms
[2879.378s][info][gc,phases      ] GC(236)   Other: 0.06ms
[2879.378s][info][gc,heap        ] GC(236) Eden regions: 584->0(579)
[2879.378s][info][gc,heap        ] GC(236) Survivor regions: 44->43(79)
[2879.378s][info][gc,heap        ] GC(236) Old regions: 463->470
[2879.378s][info][gc,heap        ] GC(236) Humongous regions: 81->81
[2879.378s][info][gc,metaspace   ] GC(236) Metaspace: 35693K(37888K)->35693K(37888K) NonClass: 26689K(26944K)->26689K(26944K) Class: 9004K(10944K)->9004K(10944K)
[2879.378s][info][gc             ] GC(236) Pause Young (Normal) (G1 Evacuation Pause) 9329M->4710M(10240M) 144.413ms
[2879.378s][info][gc,cpu         ] GC(236) User=1.13s Sys=0.01s Real=0.14s
.........[2888.684s][info][gc,start       ] GC(237) Pause Young (Normal) (G1 Evacuation Pause)
[2888.684s][info][gc,task        ] GC(237) Using 8 workers of 8 for evacuation
[2888.835s][info][gc,phases      ] GC(237)   Pre Evacuate Collection Set: 0.29ms
[2888.835s][info][gc,phases      ] GC(237)   Merge Heap Roots: 0.59ms
[2888.835s][info][gc,phases      ] GC(237)   Evacuate Collection Set: 148.67ms
[2888.835s][info][gc,phases      ] GC(237)   Post Evacuate Collection Set: 1.05ms
[2888.835s][info][gc,phases      ] GC(237)   Other: 0.07ms
[2888.835s][info][gc,heap        ] GC(237) Eden regions: 579->0(570)
[2888.835s][info][gc,heap        ] GC(237) Survivor regions: 43->44(78)
[2888.835s][info][gc,heap        ] GC(237) Old regions: 470->477
[2888.835s][info][gc,heap        ] GC(237) Humongous regions: 81->81
[2888.835s][info][gc,metaspace   ] GC(237) Metaspace: 35693K(37888K)->35693K(37888K) NonClass: 26689K(26944K)->26689K(26944K) Class: 9004K(10944K)->9004K(10944K)
[2888.835s][info][gc             ] GC(237) Pause Young (Normal) (G1 Evacuation Pause) 9342M->4773M(10240M) 150.809ms
[2888.835s][info][gc,cpu         ] GC(237) User=1.18s Sys=0.00s Real=0.15s
.........[2897.916s][info][gc,start       ] GC(238) Pause Young (Normal) (G1 Evacuation Pause)
[2897.916s][info][gc,task        ] GC(238) Using 8 workers of 8 for evacuation
[2898.062s][info][gc,phases      ] GC(238)   Pre Evacuate Collection Set: 0.28ms
[2898.062s][info][gc,phases      ] GC(238)   Merge Heap Roots: 0.53ms
[2898.062s][info][gc,phases      ] GC(238)   Evacuate Collection Set: 144.08ms
[2898.062s][info][gc,phases      ] GC(238)   Post Evacuate Collection Set: 1.06ms
[2898.062s][info][gc,phases      ] GC(238)   Other: 0.07ms
[2898.062s][info][gc,heap        ] GC(238) Eden regions: 570->0(565)
[2898.062s][info][gc,heap        ] GC(238) Survivor regions: 44->43(77)
[2898.062s][info][gc,heap        ] GC(238) Old regions: 477->484
[2898.062s][info][gc,heap        ] GC(238) Humongous regions: 81->81
[2898.062s][info][gc,metaspace   ] GC(238) Metaspace: 35693K(37888K)->35693K(37888K) NonClass: 26689K(26944K)->26689K(26944K) Class: 9004K(10944K)->9004K(10944K)
[2898.062s][info][gc             ] GC(238) Pause Young (Normal) (G1 Evacuation Pause) 9333M->4821M(10240M) 146.171ms
[2898.062s][info][gc,cpu         ] GC(238) User=1.15s Sys=0.00s Real=0.15s
.........[2907.161s][info][gc,start       ] GC(239) Pause Young (Normal) (G1 Evacuation Pause)
[2907.161s][info][gc,task        ] GC(239) Using 8 workers of 8 for evacuation
[2907.303s][info][gc,phases      ] GC(239)   Pre Evacuate Collection Set: 0.30ms
[2907.303s][info][gc,phases      ] GC(239)   Merge Heap Roots: 0.55ms
[2907.303s][info][gc,phases      ] GC(239)   Evacuate Collection Set: 140.47ms
[2907.303s][info][gc,phases      ] GC(239)   Post Evacuate Collection Set: 1.03ms
[2907.303s][info][gc,phases      ] GC(239)   Other: 0.07ms
[2907.303s][info][gc,heap        ] GC(239) Eden regions: 565->0(560)
[2907.303s][info][gc,heap        ] GC(239) Survivor regions: 43->42(76)
[2907.303s][info][gc,heap        ] GC(239) Old regions: 484->491
[2907.303s][info][gc,heap        ] GC(239) Humongous regions: 81->81
[2907.303s][info][gc,metaspace   ] GC(239) Metaspace: 35693K(37888K)->35693K(37888K) NonClass: 26689K(26944K)->26689K(26944K) Class: 9004K(10944K)->9004K(10944K)
[2907.303s][info][gc             ] GC(239) Pause Young (Normal) (G1 Evacuation Pause) 9341M->4870M(10240M) 142.565ms
[2907.303s][info][gc,cpu         ] GC(239) User=1.12s Sys=0.00s Real=0.15s
...... (rIR:aIR:PR = 4151:4149:4149) (tPR = 61624) [OK] 
  2912s: Performance info:
         Transaction,    Success,    Partial,     Failed,   Receipts, AvgBarcode, 
             Overall,     249703,          0,          0,     237217,      59.48, 
         Response times:
             Request,    Success,    Partial,     Failed,   SkipFail,     Probes,    Samples,      min,      p50,      p90,      p95,      p99,      max, 
       TotalPurchase,     237217,          0,          0,          0,     231786,     249333,      300,     2800,     4800,     5500,    32000,   267000,
     InStorePurchase,     124904,          0,          0,          0,     122450,     131525,      300,     2800,     4800,     5500,    32000,   267000,
      OnlinePurchase,      87341,          0,          0,          0,      85328,      91775,      300,     2800,     4800,     5400,    33000,   267000,
        InstPurchase,      24972,          0,          0,          0,      24008,      26033,      500,     2900,     4900,     5500,    31000,   165000,
          AssocOfCat,        252,          0,          0,          0,        197,        269,    22000,    32000,    39000,    43000,    91100,   202000,
      AssocOfProduct,       2498,          0,          0,          0,       2256,       2563,      400,     2900,     5100,     5800,    35360,   150000,
      BusinessReport,        622,          0,          0,          0,        511,        618,    26000,    34000,    48000,    53000,    78050,   189000,
          CustBuyBeh,       2497,          0,          0,          0,       2265,       2581,      300,     3100,     4900,     5590,    39000,   151000,
       ProductReturn,       6618,          0,          0,          0,       6125,       6824,      200,     2700,     4700,     5300,    27750,   161000,

  2912s: (31%)   IR =   4289 ...[2916.201s][info][gc,start       ] GC(240) Pause Young (Normal) (G1 Evacuation Pause)
[2916.201s][info][gc,task        ] GC(240) Using 8 workers of 8 for evacuation
[2916.350s][info][gc,phases      ] GC(240)   Pre Evacuate Collection Set: 0.31ms
[2916.350s][info][gc,phases      ] GC(240)   Merge Heap Roots: 0.64ms
[2916.350s][info][gc,phases      ] GC(240)   Evacuate Collection Set: 146.30ms
[2916.350s][info][gc,phases      ] GC(240)   Post Evacuate Collection Set: 1.04ms
[2916.350s][info][gc,phases      ] GC(240)   Other: 0.07ms
[2916.350s][info][gc,heap        ] GC(240) Eden regions: 560->0(551)
[2916.350s][info][gc,heap        ] GC(240) Survivor regions: 42->43(76)
[2916.350s][info][gc,heap        ] GC(240) Old regions: 491->498
[2916.350s][info][gc,heap        ] GC(240) Humongous regions: 81->81
[2916.350s][info][gc,metaspace   ] GC(240) Metaspace: 35693K(37888K)->35693K(37888K) NonClass: 26689K(26944K)->26689K(26944K) Class: 9004K(10944K)->9004K(10944K)
[2916.350s][info][gc             ] GC(240) Pause Young (Normal) (G1 Evacuation Pause) 9350M->4934M(10240M) 148.505ms
[2916.350s][info][gc,cpu         ] GC(240) User=1.16s Sys=0.00s Real=0.15s
....|.....[2924.912s][info][gc,start       ] GC(241) Pause Young (Concurrent Start) (G1 Evacuation Pause)
[2924.912s][info][gc,task        ] GC(241) Using 8 workers of 8 for evacuation
[2925.057s][info][gc,phases      ] GC(241)   Pre Evacuate Collection Set: 0.34ms
[2925.057s][info][gc,phases      ] GC(241)   Merge Heap Roots: 0.56ms
[2925.057s][info][gc,phases      ] GC(241)   Evacuate Collection Set: 143.21ms
[2925.057s][info][gc,phases      ] GC(241)   Post Evacuate Collection Set: 1.01ms
[2925.057s][info][gc,phases      ] GC(241)   Other: 0.12ms
[2925.057s][info][gc,heap        ] GC(241) Eden regions: 551->0(546)
[2925.057s][info][gc,heap        ] GC(241) Survivor regions: 43->42(75)
[2925.057s][info][gc,heap        ] GC(241) Old regions: 498->505
[2925.057s][info][gc,heap        ] GC(241) Humongous regions: 81->81
[2925.057s][info][gc,metaspace   ] GC(241) Metaspace: 35693K(37888K)->35693K(37888K) NonClass: 26689K(26944K)->26689K(26944K) Class: 9004K(10944K)->9004K(10944K)
[2925.057s][info][gc             ] GC(241) Pause Young (Concurrent Start) (G1 Evacuation Pause) 9342M->4983M(10240M) 145.363ms
[2925.057s][info][gc             ] GC(242) Concurrent Mark Cycle
[2925.057s][info][gc,marking     ] GC(242) Concurrent Scan Root Regions
[2925.057s][info][gc,cpu         ] GC(241) User=1.15s Sys=0.00s Real=0.15s
[2925.310s][info][gc,marking     ] GC(242) Concurrent Scan Root Regions 252.517ms
[2925.310s][info][gc,marking     ] GC(242) Concurrent Mark
[2925.310s][info][gc,marking     ] GC(242) Concurrent Mark From Roots
[2925.310s][info][gc,task        ] GC(242) Using 2 workers of 2 for marking
.[2925.879s][info][gc,marking     ] GC(242) Concurrent Mark From Roots 568.948ms
[2925.879s][info][gc,marking     ] GC(242) Concurrent Preclean
[2925.879s][info][gc,marking     ] GC(242) Concurrent Preclean 0.284ms
[2925.879s][info][gc,start       ] GC(242) Pause Remark
[2925.882s][info][gc             ] GC(242) Pause Remark 5480M->3912M(10240M) 2.540ms
[2925.882s][info][gc,cpu         ] GC(242) User=0.02s Sys=0.00s Real=0.00s
[2925.882s][info][gc,marking     ] GC(242) Concurrent Mark 572.054ms
[2925.882s][info][gc,marking     ] GC(242) Concurrent Rebuild Remembered Sets and Scrub Regions
[2926.349s][info][gc,marking     ] GC(242) Concurrent Rebuild Remembered Sets and Scrub Regions 467.751ms
[2926.350s][info][gc,start       ] GC(242) Pause Cleanup
[2926.350s][info][gc             ] GC(242) Pause Cleanup 4151M->4151M(10240M) 0.354ms
[2926.350s][info][gc,cpu         ] GC(242) User=0.00s Sys=0.00s Real=0.00s
[2926.350s][info][gc,marking     ] GC(242) Concurrent Clear Claimed Marks
[2926.350s][info][gc,marking     ] GC(242) Concurrent Clear Claimed Marks 0.043ms
[2926.350s][info][gc,marking     ] GC(242) Concurrent Cleanup for Next Mark
.[2926.359s][info][gc,marking     ] GC(242) Concurrent Cleanup for Next Mark 8.791ms
[2926.359s][info][gc             ] GC(242) Concurrent Mark Cycle 1301.852ms
.......[2933.499s][info][gc,start       ] GC(243) Pause Young (Prepare Mixed) (G1 Evacuation Pause)
[2933.499s][info][gc,task        ] GC(243) Using 8 workers of 8 for evacuation
[2933.638s][info][gc,phases      ] GC(243)   Pre Evacuate Collection Set: 0.28ms
[2933.638s][info][gc,phases      ] GC(243)   Merge Heap Roots: 0.62ms
[2933.638s][info][gc,phases      ] GC(243)   Evacuate Collection Set: 136.54ms
[2933.638s][info][gc,phases      ] GC(243)   Post Evacuate Collection Set: 1.15ms
[2933.638s][info][gc,phases      ] GC(243)   Other: 0.07ms
[2933.638s][info][gc,heap        ] GC(243) Eden regions: 546->0(726)
[2933.638s][info][gc,heap        ] GC(243) Survivor regions: 42->42(74)
[2933.638s][info][gc,heap        ] GC(243) Old regions: 357->365
[2933.638s][info][gc,heap        ] GC(243) Humongous regions: 33->33
[2933.638s][info][gc,metaspace   ] GC(243) Metaspace: 35693K(37888K)->35693K(37888K) NonClass: 26689K(26944K)->26689K(26944K) Class: 9004K(10944K)->9004K(10944K)
[2933.638s][info][gc             ] GC(243) Pause Young (Prepare Mixed) (G1 Evacuation Pause) 7783M->3474M(10240M) 138.804ms
[2933.638s][info][gc,cpu         ] GC(243) User=1.08s Sys=0.01s Real=0.14s
...........[2944.909s][info][gc,start       ] GC(244) Pause Young (Mixed) (G1 Evacuation Pause)
[2944.909s][info][gc,task        ] GC(244) Using 8 workers of 8 for evacuation
[2945.057s][info][gc,phases      ] GC(244)   Pre Evacuate Collection Set: 0.33ms
[2945.057s][info][gc,phases      ] GC(244)   Merge Heap Roots: 0.68ms
[2945.057s][info][gc,phases      ] GC(244)   Evacuate Collection Set: 145.17ms
[2945.057s][info][gc,phases      ] GC(244)   Merge Optional Heap Roots: 0.03ms
[2945.057s][info][gc,phases      ] GC(244)   Evacuate Optional Collection Set: 0.13ms
[2945.057s][info][gc,phases      ] GC(244)   Post Evacuate Collection Set: 1.60ms
[2945.057s][info][gc,phases      ] GC(244)   Other: 0.09ms
[2945.057s][info][gc,heap        ] GC(244) Eden regions: 726->0(719)
[2945.057s][info][gc,heap        ] GC(244) Survivor regions: 42->49(96)
[2945.057s][info][gc,heap        ] GC(244) Old regions: 365->332
[2945.057s][info][gc,heap        ] GC(244) Humongous regions: 33->33
[2945.057s][info][gc,metaspace   ] GC(244) Metaspace: 35693K(37888K)->35693K(37888K) NonClass: 26689K(26944K)->26689K(26944K) Class: 9004K(10944K)->9004K(10944K)
[2945.057s][info][gc             ] GC(244) Pause Young (Mixed) (G1 Evacuation Pause) 9282M->3272M(10240M) 148.160ms
[2945.057s][info][gc,cpu         ] GC(244) User=1.17s Sys=0.00s Real=0.15s
...........[2956.088s][info][gc,start       ] GC(245) Pause Young (Mixed) (G1 Evacuation Pause)
[2956.088s][info][gc,task        ] GC(245) Using 8 workers of 8 for evacuation
[2956.246s][info][gc,phases      ] GC(245)   Pre Evacuate Collection Set: 0.30ms
[2956.246s][info][gc,phases      ] GC(245)   Merge Heap Roots: 0.67ms
[2956.246s][info][gc,phases      ] GC(245)   Evacuate Collection Set: 155.38ms
[2956.246s][info][gc,phases      ] GC(245)   Post Evacuate Collection Set: 1.44ms
[2956.246s][info][gc,phases      ] GC(245)   Other: 0.09ms
[2956.246s][info][gc,heap        ] GC(245) Eden regions: 707->0(716)
[2956.246s][info][gc,heap        ] GC(245) Survivor regions: 49->52(95)
[2956.246s][info][gc,heap        ] GC(245) Old regions: 332->305
[2956.246s][info][gc,heap        ] GC(245) Humongous regions: 33->33
[2956.246s][info][gc,metaspace   ] GC(245) Metaspace: 35693K(37888K)->35693K(37888K) NonClass: 26689K(26944K)->26689K(26944K) Class: 9004K(10944K)->9004K(10944K)
[2956.246s][info][gc             ] GC(245) Pause Young (Mixed) (G1 Evacuation Pause) 8928M->3079M(10240M) 158.004ms
[2956.246s][info][gc,cpu         ] GC(245) User=1.24s Sys=0.00s Real=0.16s
...........[2967.370s][info][gc,start       ] GC(246) Pause Young (Mixed) (G1 Evacuation Pause)
[2967.370s][info][gc,task        ] GC(246) Using 8 workers of 8 for evacuation
[2967.530s][info][gc,phases      ] GC(246)   Pre Evacuate Collection Set: 0.35ms
[2967.530s][info][gc,phases      ] GC(246)   Merge Heap Roots: 0.74ms
[2967.530s][info][gc,phases      ] GC(246)   Evacuate Collection Set: 157.85ms
[2967.530s][info][gc,phases      ] GC(246)   Post Evacuate Collection Set: 1.39ms
[2967.530s][info][gc,phases      ] GC(246)   Other: 0.08ms
[2967.530s][info][gc,heap        ] GC(246) Eden regions: 712->0(183)
[2967.530s][info][gc,heap        ] GC(246) Survivor regions: 52->51(96)
[2967.530s][info][gc,heap        ] GC(246) Old regions: 305->278
[2967.530s][info][gc,heap        ] GC(246) Humongous regions: 33->33
[2967.530s][info][gc,metaspace   ] GC(246) Metaspace: 35693K(37888K)->35693K(37888K) NonClass: 26689K(26944K)->26689K(26944K) Class: 9004K(10944K)->9004K(10944K)
[2967.530s][info][gc             ] GC(246) Pause Young (Mixed) (G1 Evacuation Pause) 8775M->2868M(10240M) 160.537ms
[2967.530s][info][gc,cpu         ] GC(246) User=1.26s Sys=0.00s Real=0.16s
....[2971.109s][info][gc,start       ] GC(247) Pause Young (Mixed) (G1 Evacuation Pause)
[2971.109s][info][gc,task        ] GC(247) Using 8 workers of 8 for evacuation
[2971.255s][info][gc,phases      ] GC(247)   Pre Evacuate Collection Set: 0.27ms
[2971.255s][info][gc,phases      ] GC(247)   Merge Heap Roots: 0.64ms
[2971.255s][info][gc,phases      ] GC(247)   Evacuate Collection Set: 143.89ms
[2971.255s][info][gc,phases      ] GC(247)   Post Evacuate Collection Set: 0.81ms
[2971.255s][info][gc,phases      ] GC(247)   Other: 0.06ms
[2971.255s][info][gc,heap        ] GC(247) Eden regions: 236->0(750)
[2971.255s][info][gc,heap        ] GC(247) Survivor regions: 51->18(36)
[2971.255s][info][gc,heap        ] GC(247) Old regions: 278->287
[2971.255s][info][gc,heap        ] GC(247) Humongous regions: 33->33
[2971.255s][info][gc,metaspace   ] GC(247) Metaspace: 35693K(37888K)->35693K(37888K) NonClass: 26689K(26944K)->26689K(26944K) Class: 9004K(10944K)->9004K(10944K)
[2971.255s][info][gc             ] GC(247) Pause Young (Mixed) (G1 Evacuation Pause) 4756M->2671M(10240M) 145.808ms
[2971.255s][info][gc,cpu         ] GC(247) User=1.15s Sys=0.00s Real=0.15s
......... (rIR:aIR:PR = 4289:4292:4292) (tPR = 63362) [OK] 
  2979s: Performance info:
         Transaction,    Success,    Partial,     Failed,   Receipts, AvgBarcode, 
             Overall,     258339,          0,          0,     245429,      59.47, 
         Response times:
             Request,    Success,    Partial,     Failed,   SkipFail,     Probes,    Samples,      min,      p50,      p90,      p95,      p99,      max, 
       TotalPurchase,     245429,          0,          0,          0,     240175,     269687,      400,     2900,     5000,     5700,    25000,   167000,
     InStorePurchase,     129130,          0,          0,          0,     126521,     142007,      400,     2900,     5000,     5700,    25000,   165000,
      OnlinePurchase,      90503,          0,          0,          0,      88609,      99116,      400,     2900,     5000,     5700,    25000,   167000,
        InstPurchase,      25796,          0,          0,          0,      25045,      28564,      500,     3000,     5100,     5800,    26000,   165000,
          AssocOfCat,        259,          0,          0,          0,        207,        315,    21000,    31000,    39000,    48200,   177520,   186000,
      AssocOfProduct,       2585,          0,          0,          0,       2373,       2838,      700,     3100,     5500,     6400,    18161,   155000,
      BusinessReport,        645,          0,          0,          0,        542,        706,    26000,    35000,    50300,    56000,   115580,   231000,
          CustBuyBeh,       2583,          0,          0,          0,       2379,       2836,      300,     3100,     4900,     5700,    33630,    47000,
       ProductReturn,       6837,          0,          0,          0,       6466,       7559,      200,     2800,     4700,     5400,    26000,   157000,

  2979s: (32%)   IR =   4428 ...[2982.845s][info][gc,start       ] GC(248) Pause Young (Mixed) (G1 Evacuation Pause)
[2982.845s][info][gc,task        ] GC(248) Using 8 workers of 8 for evacuation
[2982.979s][info][gc,phases      ] GC(248)   Pre Evacuate Collection Set: 0.32ms
[2982.979s][info][gc,phases      ] GC(248)   Merge Heap Roots: 0.80ms
[2982.979s][info][gc,phases      ] GC(248)   Evacuate Collection Set: 128.59ms
[2982.979s][info][gc,phases      ] GC(248)   Merge Optional Heap Roots: 0.10ms
[2982.979s][info][gc,phases      ] GC(248)   Evacuate Optional Collection Set: 2.22ms
[2982.979s][info][gc,phases      ] GC(248)   Post Evacuate Collection Set: 1.61ms
[2982.979s][info][gc,phases      ] GC(248)   Other: 0.09ms
[2982.979s][info][gc,heap        ] GC(248) Eden regions: 750->0(728)
[2982.979s][info][gc,heap        ] GC(248) Survivor regions: 18->40(96)
[2982.979s][info][gc,heap        ] GC(248) Old regions: 287->213
[2982.979s][info][gc,heap        ] GC(248) Humongous regions: 33->33
[2982.979s][info][gc,metaspace   ] GC(248) Metaspace: 35693K(37888K)->35693K(37888K) NonClass: 26689K(26944K)->26689K(26944K) Class: 9004K(10944K)->9004K(10944K)
[2982.979s][info][gc             ] GC(248) Pause Young (Mixed) (G1 Evacuation Pause) 8671M->2260M(10240M) 133.879ms
[2982.979s][info][gc,cpu         ] GC(248) User=1.05s Sys=0.00s Real=0.13s
..|.........[2993.906s][info][gc,start       ] GC(249) Pause Young (Mixed) (G1 Evacuation Pause)
[2993.906s][info][gc,task        ] GC(249) Using 8 workers of 8 for evacuation
[2994.059s][info][gc,phases      ] GC(249)   Pre Evacuate Collection Set: 0.29ms
[2994.059s][info][gc,phases      ] GC(249)   Merge Heap Roots: 0.82ms
[2994.059s][info][gc,phases      ] GC(249)   Evacuate Collection Set: 150.53ms
[2994.059s][info][gc,phases      ] GC(249)   Post Evacuate Collection Set: 1.32ms
[2994.059s][info][gc,phases      ] GC(249)   Other: 0.07ms
[2994.059s][info][gc,heap        ] GC(249) Eden regions: 728->0(718)
[2994.059s][info][gc,heap        ] GC(249) Survivor regions: 40->50(96)
[2994.059s][info][gc,heap        ] GC(249) Old regions: 213->187
[2994.059s][info][gc,heap        ] GC(249) Humongous regions: 33->33
[2994.059s][info][gc,metaspace   ] GC(249) Metaspace: 35693K(37888K)->35693K(37888K) NonClass: 26689K(26944K)->26689K(26944K) Class: 9004K(10944K)->9004K(10944K)
[2994.059s][info][gc             ] GC(249) Pause Young (Mixed) (G1 Evacuation Pause) 8084M->2126M(10240M) 153.175ms
[2994.059s][info][gc,cpu         ] GC(249) User=1.20s Sys=0.00s Real=0.15s
...........[3004.846s][info][gc,start       ] GC(250) Pause Young (Normal) (G1 Evacuation Pause)
[3004.846s][info][gc,task        ] GC(250) Using 8 workers of 8 for evacuation
[3005.001s][info][gc,phases      ] GC(250)   Pre Evacuate Collection Set: 0.32ms
[3005.001s][info][gc,phases      ] GC(250)   Merge Heap Roots: 0.60ms
[3005.001s][info][gc,phases      ] GC(250)   Evacuate Collection Set: 152.59ms
[3005.001s][info][gc,phases      ] GC(250)   Post Evacuate Collection Set: 1.30ms
[3005.001s][info][gc,phases      ] GC(250)   Other: 0.08ms
[3005.001s][info][gc,heap        ] GC(250) Eden regions: 718->0(715)
[3005.001s][info][gc,heap        ] GC(250) Survivor regions: 50->53(96)
[3005.001s][info][gc,heap        ] GC(250) Old regions: 187->187
[3005.001s][info][gc,heap        ] GC(250) Humongous regions: 33->33
[3005.001s][info][gc,metaspace   ] GC(250) Metaspace: 35693K(37888K)->35693K(37888K) NonClass: 26689K(26944K)->26689K(26944K) Class: 9004K(10944K)->9004K(10944K)
[3005.001s][info][gc             ] GC(250) Pause Young (Normal) (G1 Evacuation Pause) 7870M->2150M(10240M) 155.028ms
[3005.001s][info][gc,cpu         ] GC(250) User=1.22s Sys=0.00s Real=0.15s
...........[3015.808s][info][gc,start       ] GC(251) Pause Young (Normal) (G1 Evacuation Pause)
[3015.808s][info][gc,task        ] GC(251) Using 8 workers of 8 for evacuation
[3015.967s][info][gc,phases      ] GC(251)   Pre Evacuate Collection Set: 0.30ms
[3015.967s][info][gc,phases      ] GC(251)   Merge Heap Roots: 0.56ms
[3015.967s][info][gc,phases      ] GC(251)   Evacuate Collection Set: 156.05ms
[3015.967s][info][gc,phases      ] GC(251)   Post Evacuate Collection Set: 1.23ms
[3015.967s][info][gc,phases      ] GC(251)   Other: 0.08ms
[3015.967s][info][gc,heap        ] GC(251) Eden regions: 715->0(717)
[3015.967s][info][gc,heap        ] GC(251) Survivor regions: 53->51(96)
[3015.967s][info][gc,heap        ] GC(251) Old regions: 187->190
[3015.967s][info][gc,heap        ] GC(251) Humongous regions: 33->33
[3015.967s][info][gc,metaspace   ] GC(251) Metaspace: 35693K(37888K)->35693K(37888K) NonClass: 26689K(26944K)->26689K(26944K) Class: 9004K(10944K)->9004K(10944K)
[3015.967s][info][gc             ] GC(251) Pause Young (Normal) (G1 Evacuation Pause) 7870M->2156M(10240M) 158.356ms
[3015.967s][info][gc,cpu         ] GC(251) User=1.25s Sys=0.00s Real=0.16s
...........[3026.778s][info][gc,start       ] GC(252) Pause Young (Normal) (G1 Evacuation Pause)
[3026.778s][info][gc,task        ] GC(252) Using 8 workers of 8 for evacuation
[3026.933s][info][gc,phases      ] GC(252)   Pre Evacuate Collection Set: 0.30ms
[3026.933s][info][gc,phases      ] GC(252)   Merge Heap Roots: 0.50ms
[3026.933s][info][gc,phases      ] GC(252)   Evacuate Collection Set: 153.09ms
[3026.933s][info][gc,phases      ] GC(252)   Post Evacuate Collection Set: 1.27ms
[3026.933s][info][gc,phases      ] GC(252)   Other: 0.07ms
[3026.933s][info][gc,heap        ] GC(252) Eden regions: 717->0(717)
[3026.933s][info][gc,heap        ] GC(252) Survivor regions: 51->51(96)
[3026.933s][info][gc,heap        ] GC(252) Old regions: 190->192
[3026.933s][info][gc,heap        ] GC(252) Humongous regions: 33->33
[3026.933s][info][gc,metaspace   ] GC(252) Metaspace: 35693K(37888K)->35693K(37888K) NonClass: 26689K(26944K)->26689K(26944K) Class: 9004K(10944K)->9004K(10944K)
[3026.933s][info][gc             ] GC(252) Pause Young (Normal) (G1 Evacuation Pause) 7892M->2178M(10240M) 155.387ms
[3026.933s][info][gc,cpu         ] GC(252) User=1.22s Sys=0.00s Real=0.16s
...........[3037.763s][info][gc,start       ] GC(253) Pause Young (Normal) (G1 Evacuation Pause)
[3037.763s][info][gc,task        ] GC(253) Using 8 workers of 8 for evacuation
[3037.920s][info][gc,phases      ] GC(253)   Pre Evacuate Collection Set: 0.29ms
[3037.920s][info][gc,phases      ] GC(253)   Merge Heap Roots: 0.52ms
[3037.920s][info][gc,phases      ] GC(253)   Evacuate Collection Set: 155.15ms
[3037.920s][info][gc,phases      ] GC(253)   Post Evacuate Collection Set: 1.24ms
[3037.920s][info][gc,phases      ] GC(253)   Other: 0.06ms
[3037.920s][info][gc,heap        ] GC(253) Eden regions: 717->0(716)
[3037.920s][info][gc,heap        ] GC(253) Survivor regions: 51->52(96)
[3037.920s][info][gc,heap        ] GC(253) Old regions: 192->195
[3037.920s][info][gc,heap        ] GC(253) Humongous regions: 33->33
[3037.920s][info][gc,metaspace   ] GC(253) Metaspace: 35693K(37888K)->35693K(37888K) NonClass: 26689K(26944K)->26689K(26944K) Class: 9004K(10944K)->9004K(10944K)
[3037.920s][info][gc             ] GC(253) Pause Young (Normal) (G1 Evacuation Pause) 7914M->2200M(10240M) 157.382ms
[3037.920s][info][gc,cpu         ] GC(253) User=1.24s Sys=0.00s Real=0.15s
....... (rIR:aIR:PR = 4428:4426:4426) (tPR = 65730) [OK] 
  3044s: Performance info:
         Transaction,    Success,    Partial,     Failed,   Receipts, AvgBarcode, 
             Overall,     265700,          0,          0,     252395,      59.48, 
         Response times:
             Request,    Success,    Partial,     Failed,   SkipFail,     Probes,    Samples,      min,      p50,      p90,      p95,      p99,      max, 
       TotalPurchase,     252393,          0,          0,          0,     247180,     269223,      400,     3000,     5100,     5800,    24000,   183000,
     InStorePurchase,     132837,          0,          0,          0,     130376,     141817,      400,     3000,     5100,     5700,    23000,   183000,
      OnlinePurchase,      92970,          0,          0,          0,      91097,      99109,      400,     3000,     5100,     5800,    24000,   183000,
        InstPurchase,      26586,          0,          0,          0,      25707,      28297,      500,     3000,     5200,     5900,    24020,   182000,
          AssocOfCat,        267,          0,          0,          0,        212,        289,    23000,    32000,    40000,    41000,    56300,    81000,
      AssocOfProduct,       2655,          0,          0,          0,       2420,       2822,      500,     1800,     4800,     5600,    11662,   159000,
      BusinessReport,        664,          0,          0,          0,        570,        727,    25000,    35000,    47200,    52600,    70000,   202000,
          CustBuyBeh,       2664,          0,          0,          0,       2451,       2882,      200,     2600,     4800,     5500,    22000,    51000,
       ProductReturn,       7057,          0,          0,          0,       6682,       7536,      200,     1800,     4600,     5200,    13841,   165000,

  3044s: (33%)   IR =   4566 ...[3048.587s][info][gc,start       ] GC(254) Pause Young (Normal) (G1 Evacuation Pause)
[3048.587s][info][gc,task        ] GC(254) Using 8 workers of 8 for evacuation
[3048.747s][info][gc,phases      ] GC(254)   Pre Evacuate Collection Set: 0.29ms
[3048.747s][info][gc,phases      ] GC(254)   Merge Heap Roots: 0.65ms
[3048.747s][info][gc,phases      ] GC(254)   Evacuate Collection Set: 157.40ms
[3048.747s][info][gc,phases      ] GC(254)   Post Evacuate Collection Set: 1.27ms
[3048.747s][info][gc,phases      ] GC(254)   Other: 0.07ms
[3048.747s][info][gc,heap        ] GC(254) Eden regions: 716->0(717)
[3048.747s][info][gc,heap        ] GC(254) Survivor regions: 52->51(96)
[3048.747s][info][gc,heap        ] GC(254) Old regions: 195->197
[3048.747s][info][gc,heap        ] GC(254) Humongous regions: 33->33
[3048.747s][info][gc,metaspace   ] GC(254) Metaspace: 35693K(37888K)->35693K(37888K) NonClass: 26689K(26944K)->26689K(26944K) Class: 9004K(10944K)->9004K(10944K)
[3048.747s][info][gc             ] GC(254) Pause Young (Normal) (G1 Evacuation Pause) 7928M->2216M(10240M) 159.814ms
[3048.747s][info][gc,cpu         ] GC(254) User=1.25s Sys=0.00s Real=0.16s
....|.......[3059.195s][info][gc,start       ] GC(255) Pause Young (Normal) (G1 Evacuation Pause)
[3059.195s][info][gc,task        ] GC(255) Using 8 workers of 8 for evacuation
[3059.353s][info][gc,phases      ] GC(255)   Pre Evacuate Collection Set: 0.29ms
[3059.353s][info][gc,phases      ] GC(255)   Merge Heap Roots: 0.51ms
[3059.353s][info][gc,phases      ] GC(255)   Evacuate Collection Set: 155.84ms
[3059.353s][info][gc,phases      ] GC(255)   Post Evacuate Collection Set: 1.28ms
[3059.353s][info][gc,phases      ] GC(255)   Other: 0.06ms
[3059.353s][info][gc,heap        ] GC(255) Eden regions: 717->0(717)
[3059.353s][info][gc,heap        ] GC(255) Survivor regions: 51->51(96)
[3059.353s][info][gc,heap        ] GC(255) Old regions: 197->199
[3059.353s][info][gc,heap        ] GC(255) Humongous regions: 33->33
[3059.353s][info][gc,metaspace   ] GC(255) Metaspace: 35693K(37888K)->35693K(37888K) NonClass: 26689K(26944K)->26689K(26944K) Class: 9004K(10944K)->9004K(10944K)
[3059.353s][info][gc             ] GC(255) Pause Young (Normal) (G1 Evacuation Pause) 7952M->2231M(10240M) 158.110ms
[3059.353s][info][gc,cpu         ] GC(255) User=1.25s Sys=0.00s Real=0.16s
...........[3069.861s][info][gc,start       ] GC(256) Pause Young (Normal) (G1 Evacuation Pause)
[3069.861s][info][gc,task        ] GC(256) Using 8 workers of 8 for evacuation
[3070.017s][info][gc,phases      ] GC(256)   Pre Evacuate Collection Set: 0.29ms
[3070.017s][info][gc,phases      ] GC(256)   Merge Heap Roots: 0.55ms
[3070.017s][info][gc,phases      ] GC(256)   Evacuate Collection Set: 153.63ms
[3070.017s][info][gc,phases      ] GC(256)   Post Evacuate Collection Set: 1.26ms
[3070.017s][info][gc,phases      ] GC(256)   Other: 0.07ms
[3070.017s][info][gc,heap        ] GC(256) Eden regions: 717->0(717)
[3070.017s][info][gc,heap        ] GC(256) Survivor regions: 51->51(96)
[3070.017s][info][gc,heap        ] GC(256) Old regions: 199->202
[3070.017s][info][gc,heap        ] GC(256) Humongous regions: 33->33
[3070.017s][info][gc,metaspace   ] GC(256) Metaspace: 35693K(37888K)->35693K(37888K) NonClass: 26689K(26944K)->26689K(26944K) Class: 9004K(10944K)->9004K(10944K)
[3070.017s][info][gc             ] GC(256) Pause Young (Normal) (G1 Evacuation Pause) 7967M->2253M(10240M) 155.940ms
[3070.017s][info][gc,cpu         ] GC(256) User=1.22s Sys=0.00s Real=0.16s
..........[3080.522s][info][gc,start       ] GC(257) Pause Young (Normal) (G1 Evacuation Pause)
[3080.522s][info][gc,task        ] GC(257) Using 8 workers of 8 for evacuation
[3080.681s][info][gc,phases      ] GC(257)   Pre Evacuate Collection Set: 0.26ms
[3080.681s][info][gc,phases      ] GC(257)   Merge Heap Roots: 0.52ms
[3080.681s][info][gc,phases      ] GC(257)   Evacuate Collection Set: 156.45ms
[3080.681s][info][gc,phases      ] GC(257)   Post Evacuate Collection Set: 1.23ms
[3080.681s][info][gc,phases      ] GC(257)   Other: 0.09ms
[3080.681s][info][gc,heap        ] GC(257) Eden regions: 717->0(716)
[3080.681s][info][gc,heap        ] GC(257) Survivor regions: 51->52(96)
[3080.681s][info][gc,heap        ] GC(257) Old regions: 202->204
[3080.681s][info][gc,heap        ] GC(257) Humongous regions: 33->33
[3080.681s][info][gc,metaspace   ] GC(257) Metaspace: 35693K(37888K)->35693K(37888K) NonClass: 26689K(26944K)->26689K(26944K) Class: 9004K(10944K)->9004K(10944K)
[3080.681s][info][gc             ] GC(257) Pause Young (Normal) (G1 Evacuation Pause) 7989M->2276M(10240M) 158.700ms
[3080.681s][info][gc,cpu         ] GC(257) User=1.25s Sys=0.00s Real=0.15s
...........[3091.035s][info][gc,start       ] GC(258) Pause Young (Normal) (G1 Evacuation Pause)
[3091.035s][info][gc,task        ] GC(258) Using 8 workers of 8 for evacuation
[3091.194s][info][gc,phases      ] GC(258)   Pre Evacuate Collection Set: 0.30ms
[3091.194s][info][gc,phases      ] GC(258)   Merge Heap Roots: 0.60ms
[3091.194s][info][gc,phases      ] GC(258)   Evacuate Collection Set: 156.45ms
[3091.194s][info][gc,phases      ] GC(258)   Post Evacuate Collection Set: 1.26ms
[3091.194s][info][gc,phases      ] GC(258)   Other: 0.06ms
[3091.194s][info][gc,heap        ] GC(258) Eden regions: 716->0(716)
[3091.194s][info][gc,heap        ] GC(258) Survivor regions: 52->52(96)
[3091.194s][info][gc,heap        ] GC(258) Old regions: 204->206
[3091.194s][info][gc,heap        ] GC(258) Humongous regions: 33->33
[3091.194s][info][gc,metaspace   ] GC(258) Metaspace: 35693K(37888K)->35693K(37888K) NonClass: 26689K(26944K)->26689K(26944K) Class: 9004K(10944K)->9004K(10944K)
[3091.194s][info][gc             ] GC(258) Pause Young (Normal) (G1 Evacuation Pause) 8004M->2298M(10240M) 158.826ms
[3091.194s][info][gc,cpu         ] GC(258) User=1.25s Sys=0.00s Real=0.16s
..........[3101.678s][info][gc,start       ] GC(259) Pause Young (Normal) (G1 Evacuation Pause)
[3101.678s][info][gc,task        ] GC(259) Using 8 workers of 8 for evacuation
[3101.839s][info][gc,phases      ] GC(259)   Pre Evacuate Collection Set: 0.29ms
[3101.839s][info][gc,phases      ] GC(259)   Merge Heap Roots: 0.55ms
[3101.839s][info][gc,phases      ] GC(259)   Evacuate Collection Set: 158.38ms
[3101.839s][info][gc,phases      ] GC(259)   Post Evacuate Collection Set: 1.22ms
[3101.839s][info][gc,phases      ] GC(259)   Other: 0.08ms
[3101.839s][info][gc,heap        ] GC(259) Eden regions: 716->0(716)
[3101.839s][info][gc,heap        ] GC(259) Survivor regions: 52->52(96)
[3101.839s][info][gc,heap        ] GC(259) Old regions: 206->209
[3101.839s][info][gc,heap        ] GC(259) Humongous regions: 33->33
[3101.839s][info][gc,metaspace   ] GC(259) Metaspace: 35693K(37888K)->35693K(37888K) NonClass: 26689K(26944K)->26689K(26944K) Class: 9004K(10944K)->9004K(10944K)
[3101.839s][info][gc             ] GC(259) Pause Young (Normal) (G1 Evacuation Pause) 8026M->2313M(10240M) 160.690ms
[3101.839s][info][gc,cpu         ] GC(259) User=1.26s Sys=0.01s Real=0.16s
........... (rIR:aIR:PR = 4566:4565:4565) (tPR = 67699) [OK] 
  3111s: Performance info:
         Transaction,    Success,    Partial,     Failed,   Receipts, AvgBarcode, 
             Overall,     274353,          0,          0,     260616,      59.48, 
         Response times:
             Request,    Success,    Partial,     Failed,   SkipFail,     Probes,    Samples,      min,      p50,      p90,      p95,      p99,      max, 
       TotalPurchase,     260616,          0,          0,          0,     254652,     287033,      300,     3000,     5200,     6000,    22000,   203000,
     InStorePurchase,     137178,          0,          0,          0,     134412,     151359,      400,     2900,     5200,     5900,    23400,   171000,
      OnlinePurchase,      95978,          0,          0,          0,      93829,     105615,      300,     3200,     5300,     6000,    22000,   203000,
        InstPurchase,      27460,          0,          0,          0,      26411,      30059,      500,     3000,     5300,     6100,    22000,   178000,
          AssocOfCat,        275,          0,          0,          0,        216,        314,    23000,    32000,    38000,    40250,    96350,   191000,
      AssocOfProduct,       2753,          0,          0,          0,       2516,       2999,      700,     3500,     5500,     6100,    32000,   168000,
      BusinessReport,        682,          0,          0,          0,        586,        775,    27000,    37000,    49000,    53200,    92720,   217000,
          CustBuyBeh,       2744,          0,          0,          0,       2493,       2953,      200,     3100,     5100,     5800,    15800,   168000,
       ProductReturn,       7283,          0,          0,          0,       6903,       8018,      200,     3400,     5300,     6100,    26000,   167000,

  3111s: (34%)   IR =   4705 [3112.300s][info][gc,start       ] GC(260) Pause Young (Normal) (G1 Evacuation Pause)
[3112.300s][info][gc,task        ] GC(260) Using 8 workers of 8 for evacuation
[3112.457s][info][gc,phases      ] GC(260)   Pre Evacuate Collection Set: 0.31ms
[3112.457s][info][gc,phases      ] GC(260)   Merge Heap Roots: 0.57ms
[3112.457s][info][gc,phases      ] GC(260)   Evacuate Collection Set: 154.21ms
[3112.457s][info][gc,phases      ] GC(260)   Post Evacuate Collection Set: 1.24ms
[3112.457s][info][gc,phases      ] GC(260)   Other: 0.08ms
[3112.457s][info][gc,heap        ] GC(260) Eden regions: 716->0(716)
[3112.457s][info][gc,heap        ] GC(260) Survivor regions: 52->52(96)
[3112.457s][info][gc,heap        ] GC(260) Old regions: 209->211
[3112.457s][info][gc,heap        ] GC(260) Humongous regions: 33->33
[3112.457s][info][gc,metaspace   ] GC(260) Metaspace: 35693K(37888K)->35693K(37888K) NonClass: 26689K(26944K)->26689K(26944K) Class: 9004K(10944K)->9004K(10944K)
[3112.457s][info][gc             ] GC(260) Pause Young (Normal) (G1 Evacuation Pause) 8041M->2332M(10240M) 156.549ms
[3112.457s][info][gc,cpu         ] GC(260) User=1.23s Sys=0.00s Real=0.16s
......|....[3122.640s][info][gc,start       ] GC(261) Pause Young (Normal) (G1 Evacuation Pause)
[3122.640s][info][gc,task        ] GC(261) Using 8 workers of 8 for evacuation
[3122.797s][info][gc,phases      ] GC(261)   Pre Evacuate Collection Set: 0.31ms
[3122.797s][info][gc,phases      ] GC(261)   Merge Heap Roots: 0.58ms
[3122.797s][info][gc,phases      ] GC(261)   Evacuate Collection Set: 153.92ms
[3122.797s][info][gc,phases      ] GC(261)   Post Evacuate Collection Set: 1.31ms
[3122.797s][info][gc,phases      ] GC(261)   Other: 0.08ms
[3122.797s][info][gc,heap        ] GC(261) Eden regions: 716->0(717)
[3122.797s][info][gc,heap        ] GC(261) Survivor regions: 52->51(96)
[3122.797s][info][gc,heap        ] GC(261) Old regions: 211->213
[3122.797s][info][gc,heap        ] GC(261) Humongous regions: 33->33
[3122.797s][info][gc,metaspace   ] GC(261) Metaspace: 35693K(37888K)->35693K(37888K) NonClass: 26689K(26944K)->26689K(26944K) Class: 9004K(10944K)->9004K(10944K)
[3122.797s][info][gc             ] GC(261) Pause Young (Normal) (G1 Evacuation Pause) 8060M->2347M(10240M) 156.320ms
[3122.797s][info][gc,cpu         ] GC(261) User=1.23s Sys=0.00s Real=0.16s
..........[3132.907s][info][gc,start       ] GC(262) Pause Young (Normal) (G1 Evacuation Pause)
[3132.907s][info][gc,task        ] GC(262) Using 8 workers of 8 for evacuation
[3133.064s][info][gc,phases      ] GC(262)   Pre Evacuate Collection Set: 0.33ms
[3133.064s][info][gc,phases      ] GC(262)   Merge Heap Roots: 0.58ms
[3133.064s][info][gc,phases      ] GC(262)   Evacuate Collection Set: 154.76ms
[3133.064s][info][gc,phases      ] GC(262)   Post Evacuate Collection Set: 1.22ms
[3133.064s][info][gc,phases      ] GC(262)   Other: 0.07ms
[3133.064s][info][gc,heap        ] GC(262) Eden regions: 717->0(717)
[3133.064s][info][gc,heap        ] GC(262) Survivor regions: 51->51(96)
[3133.064s][info][gc,heap        ] GC(262) Old regions: 213->216
[3133.064s][info][gc,heap        ] GC(262) Humongous regions: 33->33
[3133.064s][info][gc,metaspace   ] GC(262) Metaspace: 35693K(37888K)->35693K(37888K) NonClass: 26689K(26944K)->26689K(26944K) Class: 9004K(10944K)->9004K(10944K)
[3133.064s][info][gc             ] GC(262) Pause Young (Normal) (G1 Evacuation Pause) 8083M->2362M(10240M) 157.120ms
[3133.064s][info][gc,cpu         ] GC(262) User=1.23s Sys=0.00s Real=0.16s
...........[3143.228s][info][gc,start       ] GC(263) Pause Young (Normal) (G1 Evacuation Pause)
[3143.228s][info][gc,task        ] GC(263) Using 8 workers of 8 for evacuation
[3143.383s][info][gc,phases      ] GC(263)   Pre Evacuate Collection Set: 0.30ms
[3143.383s][info][gc,phases      ] GC(263)   Merge Heap Roots: 0.51ms
[3143.383s][info][gc,phases      ] GC(263)   Evacuate Collection Set: 152.85ms
[3143.383s][info][gc,phases      ] GC(263)   Post Evacuate Collection Set: 1.23ms
[3143.383s][info][gc,phases      ] GC(263)   Other: 0.09ms
[3143.383s][info][gc,heap        ] GC(263) Eden regions: 717->0(717)
[3143.383s][info][gc,heap        ] GC(263) Survivor regions: 51->51(96)
[3143.383s][info][gc,heap        ] GC(263) Old regions: 216->218
[3143.383s][info][gc,heap        ] GC(263) Humongous regions: 33->33
[3143.383s][info][gc,metaspace   ] GC(263) Metaspace: 35693K(37888K)->35693K(37888K) NonClass: 26689K(26944K)->26689K(26944K) Class: 9004K(10944K)->9004K(10944K)
[3143.384s][info][gc             ] GC(263) Pause Young (Normal) (G1 Evacuation Pause) 8098M->2384M(10240M) 155.097ms
[3143.384s][info][gc,cpu         ] GC(263) User=1.22s Sys=0.00s Real=0.16s
..........[3153.567s][info][gc,start       ] GC(264) Pause Young (Normal) (G1 Evacuation Pause)
[3153.567s][info][gc,task        ] GC(264) Using 8 workers of 8 for evacuation
[3153.725s][info][gc,phases      ] GC(264)   Pre Evacuate Collection Set: 0.34ms
[3153.725s][info][gc,phases      ] GC(264)   Merge Heap Roots: 0.60ms
[3153.725s][info][gc,phases      ] GC(264)   Evacuate Collection Set: 154.98ms
[3153.725s][info][gc,phases      ] GC(264)   Post Evacuate Collection Set: 1.25ms
[3153.725s][info][gc,phases      ] GC(264)   Other: 0.07ms
[3153.725s][info][gc,heap        ] GC(264) Eden regions: 717->0(717)
[3153.725s][info][gc,heap        ] GC(264) Survivor regions: 51->51(96)
[3153.725s][info][gc,heap        ] GC(264) Old regions: 218->220
[3153.725s][info][gc,heap        ] GC(264) Humongous regions: 33->33
[3153.725s][info][gc,metaspace   ] GC(264) Metaspace: 35693K(37888K)->35693K(37888K) NonClass: 26689K(26944K)->26689K(26944K) Class: 9004K(10944K)->9004K(10944K)
[3153.725s][info][gc             ] GC(264) Pause Young (Normal) (G1 Evacuation Pause) 8120M->2402M(10240M) 157.380ms
[3153.725s][info][gc,cpu         ] GC(264) User=1.23s Sys=0.00s Real=0.16s
..........[3163.788s][info][gc,start       ] GC(265) Pause Young (Normal) (G1 Evacuation Pause)
[3163.788s][info][gc,task        ] GC(265) Using 8 workers of 8 for evacuation
[3163.944s][info][gc,phases      ] GC(265)   Pre Evacuate Collection Set: 0.31ms
[3163.944s][info][gc,phases      ] GC(265)   Merge Heap Roots: 0.51ms
[3163.944s][info][gc,phases      ] GC(265)   Evacuate Collection Set: 154.44ms
[3163.944s][info][gc,phases      ] GC(265)   Post Evacuate Collection Set: 1.24ms
[3163.944s][info][gc,phases      ] GC(265)   Other: 0.07ms
[3163.944s][info][gc,heap        ] GC(265) Eden regions: 717->0(717)
[3163.944s][info][gc,heap        ] GC(265) Survivor regions: 51->51(96)
[3163.944s][info][gc,heap        ] GC(265) Old regions: 220->223
[3163.944s][info][gc,heap        ] GC(265) Humongous regions: 33->33
[3163.944s][info][gc,metaspace   ] GC(265) Metaspace: 35693K(37888K)->35693K(37888K) NonClass: 26689K(26944K)->26689K(26944K) Class: 9004K(10944K)->9004K(10944K)
[3163.944s][info][gc             ] GC(265) Pause Young (Normal) (G1 Evacuation Pause) 8138M->2417M(10240M) 156.709ms
[3163.944s][info][gc,cpu         ] GC(265) User=1.23s Sys=0.00s Real=0.16s
..........[3174.089s][info][gc,start       ] GC(266) Pause Young (Normal) (G1 Evacuation Pause)
[3174.089s][info][gc,task        ] GC(266) Using 8 workers of 8 for evacuation
[3174.247s][info][gc,phases      ] GC(266)   Pre Evacuate Collection Set: 0.30ms
[3174.247s][info][gc,phases      ] GC(266)   Merge Heap Roots: 0.53ms
[3174.247s][info][gc,phases      ] GC(266)   Evacuate Collection Set: 155.17ms
[3174.247s][info][gc,phases      ] GC(266)   Post Evacuate Collection Set: 1.27ms
[3174.247s][info][gc,phases      ] GC(266)   Other: 0.07ms
[3174.247s][info][gc,heap        ] GC(266) Eden regions: 717->0(716)
[3174.247s][info][gc,heap        ] GC(266) Survivor regions: 51->52(96)
[3174.247s][info][gc,heap        ] GC(266) Old regions: 223->225
[3174.247s][info][gc,heap        ] GC(266) Humongous regions: 33->33
[3174.247s][info][gc,metaspace   ] GC(266) Metaspace: 35693K(37888K)->35693K(37888K) NonClass: 26689K(26944K)->26689K(26944K) Class: 9004K(10944K)->9004K(10944K)
[3174.247s][info][gc             ] GC(266) Pause Young (Normal) (G1 Evacuation Pause) 8153M->2444M(10240M) 157.488ms
[3174.247s][info][gc,cpu         ] GC(266) User=1.24s Sys=0.00s Real=0.16s
..... (rIR:aIR:PR = 4705:4704:4704) (tPR = 70361) [OK] 
  3178s: Performance info:
         Transaction,    Success,    Partial,     Failed,   Receipts, AvgBarcode, 
             Overall,     283887,          0,          0,     269675,      59.48, 
         Response times:
             Request,    Success,    Partial,     Failed,   SkipFail,     Probes,    Samples,      min,      p50,      p90,      p95,      p99,      max, 
       TotalPurchase,     269675,          0,          0,          0,     263448,     291949,      400,     3100,     5400,     6100,    22000,   172000,
     InStorePurchase,     141933,          0,          0,          0,     139013,     153750,      400,     3100,     5400,     6100,    23000,   172000,
      OnlinePurchase,      99374,          0,          0,          0,      97057,     107542,      400,     3200,     5400,     6200,    23000,   169000,
        InstPurchase,      28368,          0,          0,          0,      27378,      30657,      500,     3100,     5500,     6200,    16242,   172000,
          AssocOfCat,        284,          0,          0,          0,        214,        298,    23000,    34000,    40000,    45050,    63070,    78000,
      AssocOfProduct,       2846,          0,          0,          0,       2595,       3079,      300,     3400,     6000,     6600,    12800,   160000,
      BusinessReport,        712,          0,          0,          0,        596,        791,    28000,    36000,    49000,    54000,    68080,    96000,
          CustBuyBeh,       2838,          0,          0,          0,       2561,       3030,      200,     3500,     5300,     6000,    30000,   163000,
       ProductReturn,       7532,          0,          0,          0,       7153,       8266,      200,     2700,     5300,     6000,    19299,   166000,

  3178s: (35%)   IR =   4843 .....[3184.224s][info][gc,start       ] GC(267) Pause Young (Normal) (G1 Evacuation Pause)
[3184.224s][info][gc,task        ] GC(267) Using 8 workers of 8 for evacuation
[3184.382s][info][gc,phases      ] GC(267)   Pre Evacuate Collection Set: 0.31ms
[3184.382s][info][gc,phases      ] GC(267)   Merge Heap Roots: 0.67ms
[3184.382s][info][gc,phases      ] GC(267)   Evacuate Collection Set: 156.38ms
[3184.382s][info][gc,phases      ] GC(267)   Post Evacuate Collection Set: 1.31ms
[3184.382s][info][gc,phases      ] GC(267)   Other: 0.08ms
[3184.382s][info][gc,heap        ] GC(267) Eden regions: 716->0(716)
[3184.382s][info][gc,heap        ] GC(267) Survivor regions: 52->52(96)
[3184.382s][info][gc,heap        ] GC(267) Old regions: 225->227
[3184.382s][info][gc,heap        ] GC(267) Humongous regions: 33->33
[3184.382s][info][gc,metaspace   ] GC(267) Metaspace: 35693K(37888K)->35693K(37888K) NonClass: 26689K(26944K)->26689K(26944K) Class: 9004K(10944K)->9004K(10944K)
[3184.382s][info][gc             ] GC(267) Pause Young (Normal) (G1 Evacuation Pause) 8172M->2463M(10240M) 158.895ms
[3184.383s][info][gc,cpu         ] GC(267) User=1.24s Sys=0.00s Real=0.16s
....|......[3194.209s][info][gc,start       ] GC(268) Pause Young (Normal) (G1 Evacuation Pause)
[3194.209s][info][gc,task        ] GC(268) Using 8 workers of 8 for evacuation
[3194.366s][info][gc,phases      ] GC(268)   Pre Evacuate Collection Set: 0.30ms
[3194.366s][info][gc,phases      ] GC(268)   Merge Heap Roots: 0.54ms
[3194.366s][info][gc,phases      ] GC(268)   Evacuate Collection Set: 154.62ms
[3194.366s][info][gc,phases      ] GC(268)   Post Evacuate Collection Set: 1.28ms
[3194.366s][info][gc,phases      ] GC(268)   Other: 0.07ms
[3194.366s][info][gc,heap        ] GC(268) Eden regions: 716->0(717)
[3194.366s][info][gc,heap        ] GC(268) Survivor regions: 52->51(96)
[3194.366s][info][gc,heap        ] GC(268) Old regions: 227->230
[3194.366s][info][gc,heap        ] GC(268) Humongous regions: 33->33
[3194.366s][info][gc,metaspace   ] GC(268) Metaspace: 35693K(37888K)->35693K(37888K) NonClass: 26689K(26944K)->26689K(26944K) Class: 9004K(10944K)->9004K(10944K)
[3194.366s][info][gc             ] GC(268) Pause Young (Normal) (G1 Evacuation Pause) 8191M->2478M(10240M) 156.981ms
[3194.366s][info][gc,cpu         ] GC(268) User=1.23s Sys=0.00s Real=0.16s
..........[3204.288s][info][gc,start       ] GC(269) Pause Young (Normal) (G1 Evacuation Pause)
[3204.288s][info][gc,task        ] GC(269) Using 8 workers of 8 for evacuation
[3204.452s][info][gc,phases      ] GC(269)   Pre Evacuate Collection Set: 0.30ms
[3204.452s][info][gc,phases      ] GC(269)   Merge Heap Roots: 0.63ms
[3204.452s][info][gc,phases      ] GC(269)   Evacuate Collection Set: 161.83ms
[3204.452s][info][gc,phases      ] GC(269)   Post Evacuate Collection Set: 1.30ms
[3204.452s][info][gc,phases      ] GC(269)   Other: 0.08ms
[3204.452s][info][gc,heap        ] GC(269) Eden regions: 717->0(717)
[3204.452s][info][gc,heap        ] GC(269) Survivor regions: 51->51(96)
[3204.452s][info][gc,heap        ] GC(269) Old regions: 230->232
[3204.452s][info][gc,heap        ] GC(269) Humongous regions: 33->33
[3204.452s][info][gc,metaspace   ] GC(269) Metaspace: 35693K(37888K)->35693K(37888K) NonClass: 26689K(26944K)->26689K(26944K) Class: 9004K(10944K)->9004K(10944K)
[3204.452s][info][gc             ] GC(269) Pause Young (Normal) (G1 Evacuation Pause) 8214M->2498M(10240M) 164.279ms
[3204.452s][info][gc,cpu         ] GC(269) User=1.29s Sys=0.00s Real=0.17s
..........[3214.253s][info][gc,start       ] GC(270) Pause Young (Normal) (G1 Evacuation Pause)
[3214.253s][info][gc,task        ] GC(270) Using 8 workers of 8 for evacuation
[3214.411s][info][gc,phases      ] GC(270)   Pre Evacuate Collection Set: 0.32ms
[3214.411s][info][gc,phases      ] GC(270)   Merge Heap Roots: 0.67ms
[3214.411s][info][gc,phases      ] GC(270)   Evacuate Collection Set: 155.79ms
[3214.411s][info][gc,phases      ] GC(270)   Post Evacuate Collection Set: 1.24ms
[3214.411s][info][gc,phases      ] GC(270)   Other: 0.07ms
[3214.411s][info][gc,heap        ] GC(270) Eden regions: 717->0(716)
[3214.411s][info][gc,heap        ] GC(270) Survivor regions: 51->52(96)
[3214.411s][info][gc,heap        ] GC(270) Old regions: 232->235
[3214.411s][info][gc,heap        ] GC(270) Humongous regions: 33->33
[3214.411s][info][gc,metaspace   ] GC(270) Metaspace: 35693K(37888K)->35693K(37888K) NonClass: 26689K(26944K)->26689K(26944K) Class: 9004K(10944K)->9004K(10944K)
[3214.411s][info][gc             ] GC(270) Pause Young (Normal) (G1 Evacuation Pause) 8234M->2525M(10240M) 158.259ms
[3214.411s][info][gc,cpu         ] GC(270) User=1.24s Sys=0.00s Real=0.15s
..........[3224.225s][info][gc,start       ] GC(271) Pause Young (Normal) (G1 Evacuation Pause)
[3224.225s][info][gc,task        ] GC(271) Using 8 workers of 8 for evacuation
[3224.385s][info][gc,phases      ] GC(271)   Pre Evacuate Collection Set: 0.30ms
[3224.385s][info][gc,phases      ] GC(271)   Merge Heap Roots: 0.59ms
[3224.385s][info][gc,phases      ] GC(271)   Evacuate Collection Set: 157.55ms
[3224.385s][info][gc,phases      ] GC(271)   Post Evacuate Collection Set: 1.28ms
[3224.385s][info][gc,phases      ] GC(271)   Other: 0.08ms
[3224.385s][info][gc,heap        ] GC(271) Eden regions: 716->0(716)
[3224.385s][info][gc,heap        ] GC(271) Survivor regions: 52->52(96)
[3224.385s][info][gc,heap        ] GC(271) Old regions: 235->237
[3224.385s][info][gc,heap        ] GC(271) Humongous regions: 33->33
[3224.385s][info][gc,metaspace   ] GC(271) Metaspace: 35693K(37888K)->35693K(37888K) NonClass: 26689K(26944K)->26689K(26944K) Class: 9004K(10944K)->9004K(10944K)
[3224.385s][info][gc             ] GC(271) Pause Young (Normal) (G1 Evacuation Pause) 8253M->2544M(10240M) 159.924ms
[3224.385s][info][gc,cpu         ] GC(271) User=1.26s Sys=0.00s Real=0.16s
..........[3234.270s][info][gc,start       ] GC(272) Pause Young (Normal) (G1 Evacuation Pause)
[3234.270s][info][gc,task        ] GC(272) Using 8 workers of 8 for evacuation
[3234.426s][info][gc,phases      ] GC(272)   Pre Evacuate Collection Set: 0.31ms
[3234.426s][info][gc,phases      ] GC(272)   Merge Heap Roots: 0.55ms
[3234.426s][info][gc,phases      ] GC(272)   Evacuate Collection Set: 154.27ms
[3234.426s][info][gc,phases      ] GC(272)   Post Evacuate Collection Set: 1.24ms
[3234.426s][info][gc,phases      ] GC(272)   Other: 0.09ms
[3234.426s][info][gc,heap        ] GC(272) Eden regions: 716->0(717)
[3234.426s][info][gc,heap        ] GC(272) Survivor regions: 52->51(96)
[3234.426s][info][gc,heap        ] GC(272) Old regions: 237->239
[3234.426s][info][gc,heap        ] GC(272) Humongous regions: 33->33
[3234.426s][info][gc,metaspace   ] GC(272) Metaspace: 35693K(37888K)->35693K(37888K) NonClass: 26689K(26944K)->26689K(26944K) Class: 9004K(10944K)->9004K(10944K)
[3234.426s][info][gc             ] GC(272) Pause Young (Normal) (G1 Evacuation Pause) 8272M->2554M(10240M) 156.582ms
[3234.426s][info][gc,cpu         ] GC(272) User=1.22s Sys=0.00s Real=0.16s
..........[3244.328s][info][gc,start       ] GC(273) Pause Young (Normal) (G1 Evacuation Pause)
[3244.329s][info][gc,task        ] GC(273) Using 8 workers of 8 for evacuation
[3244.487s][info][gc,phases      ] GC(273)   Pre Evacuate Collection Set: 0.28ms
[3244.487s][info][gc,phases      ] GC(273)   Merge Heap Roots: 0.57ms
[3244.487s][info][gc,phases      ] GC(273)   Evacuate Collection Set: 155.94ms
[3244.487s][info][gc,phases      ] GC(273)   Post Evacuate Collection Set: 1.23ms
[3244.487s][info][gc,phases      ] GC(273)   Other: 0.07ms
[3244.487s][info][gc,heap        ] GC(273) Eden regions: 717->0(716)
[3244.487s][info][gc,heap        ] GC(273) Survivor regions: 51->52(96)
[3244.487s][info][gc,heap        ] GC(273) Old regions: 239->242
[3244.487s][info][gc,heap        ] GC(273) Humongous regions: 33->33
[3244.487s][info][gc,metaspace   ] GC(273) Metaspace: 35693K(37888K)->35693K(37888K) NonClass: 26689K(26944K)->26689K(26944K) Class: 9004K(10944K)->9004K(10944K)
[3244.487s][info][gc             ] GC(273) Pause Young (Normal) (G1 Evacuation Pause) 8290M->2577M(10240M) 158.224ms
[3244.487s][info][gc,cpu         ] GC(273) User=1.25s Sys=0.01s Real=0.16s
.... (rIR:aIR:PR = 4843:4846:4846) (tPR = 71886) [OK] 
  3247s: Performance info:
         Transaction,    Success,    Partial,     Failed,   Receipts, AvgBarcode, 
             Overall,     291268,          0,          0,     276729,      59.47, 
         Response times:
             Request,    Success,    Partial,     Failed,   SkipFail,     Probes,    Samples,      min,      p50,      p90,      p95,      p99,      max, 
       TotalPurchase,     276729,          0,          0,          0,     269218,     313401,      300,     3200,     5600,     6400,    30000,   172000,
     InStorePurchase,     145662,          0,          0,          0,     141889,     164916,      400,     3100,     5600,     6400,    29000,   172000,
      OnlinePurchase,     101935,          0,          0,          0,      99190,     115405,      300,     3200,     5600,     6400,    31000,   172000,
        InstPurchase,      29132,          0,          0,          0,      28139,      33080,      500,     3400,     5800,     6600,    26000,   171000,
          AssocOfCat,        288,          0,          0,          0,        210,        306,    25000,    34000,    48000,    52650,   138000,   217000,
      AssocOfProduct,       2902,          0,          0,          0,       2636,       3270,      600,     3600,     6000,     6800,    26580,   171000,
      BusinessReport,        723,          0,          0,          0,        633,        847,    22000,    37000,    53000,    61600,   123120,   221000,
          CustBuyBeh,       2909,          0,          0,          0,       2695,       3349,      200,     3200,     5400,     6200,    27000,   178000,
       ProductReturn,       7717,          0,          0,          0,       7294,       8778,      200,     3200,     5600,     6305,    31000,   178000,

  3247s: (36%)   IR =   4981 .....|.[3254.148s][info][gc,start       ] GC(274) Pause Young (Normal) (G1 Evacuation Pause)
[3254.148s][info][gc,task        ] GC(274) Using 8 workers of 8 for evacuation
[3254.310s][info][gc,phases      ] GC(274)   Pre Evacuate Collection Set: 0.28ms
[3254.310s][info][gc,phases      ] GC(274)   Merge Heap Roots: 0.54ms
[3254.310s][info][gc,phases      ] GC(274)   Evacuate Collection Set: 159.06ms
[3254.310s][info][gc,phases      ] GC(274)   Post Evacuate Collection Set: 1.25ms
[3254.310s][info][gc,phases      ] GC(274)   Other: 0.06ms
[3254.310s][info][gc,heap        ] GC(274) Eden regions: 716->0(716)
[3254.310s][info][gc,heap        ] GC(274) Survivor regions: 52->52(96)
[3254.310s][info][gc,heap        ] GC(274) Old regions: 242->244
[3254.310s][info][gc,heap        ] GC(274) Humongous regions: 33->33
[3254.310s][info][gc,metaspace   ] GC(274) Metaspace: 35693K(37888K)->35693K(37888K) NonClass: 26689K(26944K)->26689K(26944K) Class: 9004K(10944K)->9004K(10944K)
[3254.310s][info][gc             ] GC(274) Pause Young (Normal) (G1 Evacuation Pause) 8305M->2599M(10240M) 161.336ms
[3254.310s][info][gc,cpu         ] GC(274) User=1.27s Sys=0.00s Real=0.16s
..........[3263.751s][info][gc,start       ] GC(275) Pause Young (Normal) (G1 Evacuation Pause)
[3263.751s][info][gc,task        ] GC(275) Using 8 workers of 8 for evacuation
[3263.906s][info][gc,phases      ] GC(275)   Pre Evacuate Collection Set: 0.31ms
[3263.906s][info][gc,phases      ] GC(275)   Merge Heap Roots: 0.51ms
[3263.906s][info][gc,phases      ] GC(275)   Evacuate Collection Set: 153.56ms
[3263.906s][info][gc,phases      ] GC(275)   Post Evacuate Collection Set: 1.26ms
[3263.906s][info][gc,phases      ] GC(275)   Other: 0.08ms
[3263.906s][info][gc,heap        ] GC(275) Eden regions: 716->0(717)
[3263.906s][info][gc,heap        ] GC(275) Survivor regions: 52->51(96)
[3263.906s][info][gc,heap        ] GC(275) Old regions: 244->246
[3263.906s][info][gc,heap        ] GC(275) Humongous regions: 33->33
[3263.906s][info][gc,metaspace   ] GC(275) Metaspace: 35693K(37888K)->35693K(37888K) NonClass: 26689K(26944K)->26689K(26944K) Class: 9004K(10944K)->9004K(10944K)
[3263.907s][info][gc             ] GC(275) Pause Young (Normal) (G1 Evacuation Pause) 8327M->2606M(10240M) 155.851ms
[3263.907s][info][gc,cpu         ] GC(275) User=1.22s Sys=0.01s Real=0.16s
.........[3273.508s][info][gc,start       ] GC(276) Pause Young (Normal) (G1 Evacuation Pause)
[3273.508s][info][gc,task        ] GC(276) Using 8 workers of 8 for evacuation
[3273.669s][info][gc,phases      ] GC(276)   Pre Evacuate Collection Set: 0.31ms
[3273.669s][info][gc,phases      ] GC(276)   Merge Heap Roots: 0.53ms
[3273.669s][info][gc,phases      ] GC(276)   Evacuate Collection Set: 159.64ms
[3273.669s][info][gc,phases      ] GC(276)   Post Evacuate Collection Set: 1.26ms
[3273.669s][info][gc,phases      ] GC(276)   Other: 0.07ms
[3273.669s][info][gc,heap        ] GC(276) Eden regions: 717->0(715)
[3273.669s][info][gc,heap        ] GC(276) Survivor regions: 51->53(96)
[3273.669s][info][gc,heap        ] GC(276) Old regions: 246->249
[3273.669s][info][gc,heap        ] GC(276) Humongous regions: 33->33
[3273.669s][info][gc,metaspace   ] GC(276) Metaspace: 35693K(37888K)->35693K(37888K) NonClass: 26689K(26944K)->26689K(26944K) Class: 9004K(10944K)->9004K(10944K)
[3273.669s][info][gc             ] GC(276) Pause Young (Normal) (G1 Evacuation Pause) 8342M->2642M(10240M) 161.945ms
[3273.670s][info][gc,cpu         ] GC(276) User=1.27s Sys=0.00s Real=0.16s
..........[3283.135s][info][gc,start       ] GC(277) Pause Young (Normal) (G1 Evacuation Pause)
[3283.135s][info][gc,task        ] GC(277) Using 8 workers of 8 for evacuation
[3283.293s][info][gc,phases      ] GC(277)   Pre Evacuate Collection Set: 0.29ms
[3283.293s][info][gc,phases      ] GC(277)   Merge Heap Roots: 0.53ms
[3283.293s][info][gc,phases      ] GC(277)   Evacuate Collection Set: 155.71ms
[3283.293s][info][gc,phases      ] GC(277)   Post Evacuate Collection Set: 1.20ms
[3283.293s][info][gc,phases      ] GC(277)   Other: 0.07ms
[3283.293s][info][gc,heap        ] GC(277) Eden regions: 715->0(716)
[3283.293s][info][gc,heap        ] GC(277) Survivor regions: 53->52(96)
[3283.293s][info][gc,heap        ] GC(277) Old regions: 249->251
[3283.293s][info][gc,heap        ] GC(277) Humongous regions: 33->33
[3283.293s][info][gc,metaspace   ] GC(277) Metaspace: 35693K(37888K)->35693K(37888K) NonClass: 26689K(26944K)->26689K(26944K) Class: 9004K(10944K)->9004K(10944K)
[3283.293s][info][gc             ] GC(277) Pause Young (Normal) (G1 Evacuation Pause) 8362M->2654M(10240M) 157.954ms
[3283.293s][info][gc,cpu         ] GC(277) User=1.25s Sys=0.00s Real=0.16s
..........[3292.817s][info][gc,start       ] GC(278) Pause Young (Normal) (G1 Evacuation Pause)
[3292.817s][info][gc,task        ] GC(278) Using 8 workers of 8 for evacuation
[3292.973s][info][gc,phases      ] GC(278)   Pre Evacuate Collection Set: 0.30ms
[3292.973s][info][gc,phases      ] GC(278)   Merge Heap Roots: 0.55ms
[3292.973s][info][gc,phases      ] GC(278)   Evacuate Collection Set: 153.81ms
[3292.973s][info][gc,phases      ] GC(278)   Post Evacuate Collection Set: 1.24ms
[3292.973s][info][gc,phases      ] GC(278)   Other: 0.08ms
[3292.973s][info][gc,heap        ] GC(278) Eden regions: 716->0(716)
[3292.973s][info][gc,heap        ] GC(278) Survivor regions: 52->52(96)
[3292.973s][info][gc,heap        ] GC(278) Old regions: 251->254
[3292.973s][info][gc,heap        ] GC(278) Humongous regions: 33->33
[3292.973s][info][gc,metaspace   ] GC(278) Metaspace: 35693K(37888K)->35693K(37888K) NonClass: 26689K(26944K)->26689K(26944K) Class: 9004K(10944K)->9004K(10944K)
[3292.973s][info][gc             ] GC(278) Pause Young (Normal) (G1 Evacuation Pause) 8382M->2673M(10240M) 156.117ms
[3292.973s][info][gc,cpu         ] GC(278) User=1.22s Sys=0.00s Real=0.16s
.........[3302.414s][info][gc,start       ] GC(279) Pause Young (Normal) (G1 Evacuation Pause)
[3302.414s][info][gc,task        ] GC(279) Using 8 workers of 8 for evacuation
[3302.569s][info][gc,phases      ] GC(279)   Pre Evacuate Collection Set: 0.32ms
[3302.569s][info][gc,phases      ] GC(279)   Merge Heap Roots: 0.56ms
[3302.569s][info][gc,phases      ] GC(279)   Evacuate Collection Set: 152.58ms
[3302.569s][info][gc,phases      ] GC(279)   Post Evacuate Collection Set: 1.25ms
[3302.569s][info][gc,phases      ] GC(279)   Other: 0.08ms
[3302.569s][info][gc,heap        ] GC(279) Eden regions: 716->0(716)
[3302.569s][info][gc,heap        ] GC(279) Survivor regions: 52->52(96)
[3302.569s][info][gc,heap        ] GC(279) Old regions: 254->256
[3302.569s][info][gc,heap        ] GC(279) Humongous regions: 33->33
[3302.569s][info][gc,metaspace   ] GC(279) Metaspace: 35693K(37888K)->35693K(37888K) NonClass: 26689K(26944K)->26689K(26944K) Class: 9004K(10944K)->9004K(10944K)
[3302.569s][info][gc             ] GC(279) Pause Young (Normal) (G1 Evacuation Pause) 8401M->2692M(10240M) 154.925ms
[3302.569s][info][gc,cpu         ] GC(279) User=1.22s Sys=0.00s Real=0.15s
..........[3312.191s][info][gc,start       ] GC(280) Pause Young (Normal) (G1 Evacuation Pause)
[3312.191s][info][gc,task        ] GC(280) Using 8 workers of 8 for evacuation
[3312.349s][info][gc,phases      ] GC(280)   Pre Evacuate Collection Set: 0.30ms
[3312.349s][info][gc,phases      ] GC(280)   Merge Heap Roots: 0.70ms
[3312.349s][info][gc,phases      ] GC(280)   Evacuate Collection Set: 155.92ms
[3312.349s][info][gc,phases      ] GC(280)   Post Evacuate Collection Set: 1.24ms
[3312.349s][info][gc,phases      ] GC(280)   Other: 0.07ms
[3312.349s][info][gc,heap        ] GC(280) Eden regions: 716->0(716)
[3312.349s][info][gc,heap        ] GC(280) Survivor regions: 52->52(96)
[3312.349s][info][gc,heap        ] GC(280) Old regions: 256->258
[3312.349s][info][gc,heap        ] GC(280) Humongous regions: 33->33
[3312.349s][info][gc,metaspace   ] GC(280) Metaspace: 35693K(37888K)->35693K(37888K) NonClass: 26689K(26944K)->26689K(26944K) Class: 9004K(10944K)->9004K(10944K)
[3312.349s][info][gc             ] GC(280) Pause Young (Normal) (G1 Evacuation Pause) 8420M->2711M(10240M) 158.373ms
[3312.349s][info][gc,cpu         ] GC(280) User=1.24s Sys=0.00s Real=0.16s
. (rIR:aIR:PR = 4981:4981:4981) (tPR = 73997) [OK] 
  3312s: Performance info:
         Transaction,    Success,    Partial,     Failed,   Receipts, AvgBarcode, 
             Overall,     299568,          0,          0,     284594,      59.47, 
         Response times:
             Request,    Success,    Partial,     Failed,   SkipFail,     Probes,    Samples,      min,      p50,      p90,      p95,      p99,      max, 
       TotalPurchase,     284593,          0,          0,          0,     278001,     302877,      400,     3300,     5800,     6700,    32000,   260000,
     InStorePurchase,     149774,          0,          0,          0,     146619,     159440,      400,     3200,     5800,     6700,    31000,   260000,
      OnlinePurchase,     104855,          0,          0,          0,     102379,     111581,      400,     3300,     5800,     6700,    33000,   259000,
        InstPurchase,      29964,          0,          0,          0,      29003,      31856,      500,     3600,     5900,     6815,    32000,   258000,
          AssocOfCat,        303,          0,          0,          0,        210,        272,    24000,    34000,    44000,    48350,    93710,   200000,
      AssocOfProduct,       2987,          0,          0,          0,       2717,       3151,      600,     2800,     5800,     6600,    26000,   163000,
      BusinessReport,        747,          0,          0,          0,        648,        809,    28000,    38000,    54000,    60000,    90900,   222000,
          CustBuyBeh,       2993,          0,          0,          0,       2781,       3309,      300,     3800,     5900,     6950,    36000,   166000,
       ProductReturn,       7945,          0,          0,          0,       7475,       8434,      200,     2700,     5700,     6700,    25000,   177000,

  3312s: (37%)   IR =   5120 ......|..[3321.645s][info][gc,start       ] GC(281) Pause Young (Normal) (G1 Evacuation Pause)
[3321.645s][info][gc,task        ] GC(281) Using 8 workers of 8 for evacuation
[3321.806s][info][gc,phases      ] GC(281)   Pre Evacuate Collection Set: 0.31ms
[3321.806s][info][gc,phases      ] GC(281)   Merge Heap Roots: 0.66ms
[3321.806s][info][gc,phases      ] GC(281)   Evacuate Collection Set: 158.44ms
[3321.806s][info][gc,phases      ] GC(281)   Post Evacuate Collection Set: 1.24ms
[3321.806s][info][gc,phases      ] GC(281)   Other: 0.08ms
[3321.806s][info][gc,heap        ] GC(281) Eden regions: 716->0(716)
[3321.806s][info][gc,heap        ] GC(281) Survivor regions: 52->52(96)
[3321.806s][info][gc,heap        ] GC(281) Old regions: 258->261
[3321.806s][info][gc,heap        ] GC(281) Humongous regions: 33->33
[3321.806s][info][gc,metaspace   ] GC(281) Metaspace: 35693K(37888K)->35693K(37888K) NonClass: 26689K(26944K)->26689K(26944K) Class: 9004K(10944K)->9004K(10944K)
[3321.806s][info][gc             ] GC(281) Pause Young (Normal) (G1 Evacuation Pause) 8439M->2730M(10240M) 160.885ms
[3321.806s][info][gc,cpu         ] GC(281) User=1.26s Sys=0.00s Real=0.16s
..........[3331.050s][info][gc,start       ] GC(282) Pause Young (Normal) (G1 Evacuation Pause)
[3331.050s][info][gc,task        ] GC(282) Using 8 workers of 8 for evacuation
[3331.211s][info][gc,phases      ] GC(282)   Pre Evacuate Collection Set: 0.28ms
[3331.211s][info][gc,phases      ] GC(282)   Merge Heap Roots: 0.57ms
[3331.211s][info][gc,phases      ] GC(282)   Evacuate Collection Set: 158.79ms
[3331.211s][info][gc,phases      ] GC(282)   Post Evacuate Collection Set: 1.31ms
[3331.211s][info][gc,phases      ] GC(282)   Other: 0.08ms
[3331.211s][info][gc,heap        ] GC(282) Eden regions: 716->0(717)
[3331.211s][info][gc,heap        ] GC(282) Survivor regions: 52->51(96)
[3331.211s][info][gc,heap        ] GC(282) Old regions: 261->263
[3331.211s][info][gc,heap        ] GC(282) Humongous regions: 33->33
[3331.211s][info][gc,metaspace   ] GC(282) Metaspace: 35693K(37888K)->35693K(37888K) NonClass: 26689K(26944K)->26689K(26944K) Class: 9004K(10944K)->9004K(10944K)
[3331.211s][info][gc             ] GC(282) Pause Young (Normal) (G1 Evacuation Pause) 8458M->2744M(10240M) 161.181ms
[3331.211s][info][gc,cpu         ] GC(282) User=1.26s Sys=0.01s Real=0.16s
.........[3340.436s][info][gc,start       ] GC(283) Pause Young (Normal) (G1 Evacuation Pause)
[3340.436s][info][gc,task        ] GC(283) Using 8 workers of 8 for evacuation
[3340.594s][info][gc,phases      ] GC(283)   Pre Evacuate Collection Set: 0.29ms
[3340.594s][info][gc,phases      ] GC(283)   Merge Heap Roots: 0.67ms
[3340.594s][info][gc,phases      ] GC(283)   Evacuate Collection Set: 155.30ms
[3340.594s][info][gc,phases      ] GC(283)   Post Evacuate Collection Set: 1.31ms
[3340.594s][info][gc,phases      ] GC(283)   Other: 0.07ms
[3340.594s][info][gc,heap        ] GC(283) Eden regions: 717->0(718)
[3340.594s][info][gc,heap        ] GC(283) Survivor regions: 51->50(96)
[3340.594s][info][gc,heap        ] GC(283) Old regions: 263->265
[3340.594s][info][gc,heap        ] GC(283) Humongous regions: 33->33
[3340.594s][info][gc,metaspace   ] GC(283) Metaspace: 35693K(37888K)->35693K(37888K) NonClass: 26689K(26944K)->26689K(26944K) Class: 9004K(10944K)->9004K(10944K)
[3340.594s][info][gc             ] GC(283) Pause Young (Normal) (G1 Evacuation Pause) 8480M->2755M(10240M) 157.770ms
[3340.594s][info][gc,cpu         ] GC(283) User=1.24s Sys=0.00s Real=0.16s
..........[3349.893s][info][gc,start       ] GC(284) Pause Young (Normal) (G1 Evacuation Pause)
[3349.894s][info][gc,task        ] GC(284) Using 8 workers of 8 for evacuation
[3350.052s][info][gc,phases      ] GC(284)   Pre Evacuate Collection Set: 0.31ms
[3350.052s][info][gc,phases      ] GC(284)   Merge Heap Roots: 0.72ms
[3350.052s][info][gc,phases      ] GC(284)   Evacuate Collection Set: 156.28ms
[3350.052s][info][gc,phases      ] GC(284)   Post Evacuate Collection Set: 1.24ms
[3350.052s][info][gc,phases      ] GC(284)   Other: 0.08ms
[3350.052s][info][gc,heap        ] GC(284) Eden regions: 718->0(717)
[3350.052s][info][gc,heap        ] GC(284) Survivor regions: 50->51(96)
[3350.052s][info][gc,heap        ] GC(284) Old regions: 265->268
[3350.052s][info][gc,heap        ] GC(284) Humongous regions: 33->33
[3350.052s][info][gc,metaspace   ] GC(284) Metaspace: 35693K(37888K)->35693K(37888K) NonClass: 26689K(26944K)->26689K(26944K) Class: 9004K(10944K)->9004K(10944K)
[3350.052s][info][gc             ] GC(284) Pause Young (Normal) (G1 Evacuation Pause) 8499M->2779M(10240M) 158.769ms
[3350.052s][info][gc,cpu         ] GC(284) User=1.25s Sys=0.00s Real=0.16s
.........[3359.333s][info][gc,start       ] GC(285) Pause Young (Normal) (G1 Evacuation Pause)
[3359.333s][info][gc,task        ] GC(285) Using 8 workers of 8 for evacuation
[3359.489s][info][gc,phases      ] GC(285)   Pre Evacuate Collection Set: 0.30ms
[3359.489s][info][gc,phases      ] GC(285)   Merge Heap Roots: 0.58ms
[3359.489s][info][gc,phases      ] GC(285)   Evacuate Collection Set: 153.77ms
[3359.489s][info][gc,phases      ] GC(285)   Post Evacuate Collection Set: 1.24ms
[3359.489s][info][gc,phases      ] GC(285)   Other: 0.08ms
[3359.489s][info][gc,heap        ] GC(285) Eden regions: 717->0(717)
[3359.489s][info][gc,heap        ] GC(285) Survivor regions: 51->51(96)
[3359.489s][info][gc,heap        ] GC(285) Old regions: 268->270
[3359.489s][info][gc,heap        ] GC(285) Humongous regions: 33->33
[3359.489s][info][gc,metaspace   ] GC(285) Metaspace: 35693K(37888K)->35693K(37888K) NonClass: 26689K(26944K)->26689K(26944K) Class: 9004K(10944K)->9004K(10944K)
[3359.489s][info][gc             ] GC(285) Pause Young (Normal) (G1 Evacuation Pause) 8515M->2798M(10240M) 156.104ms
[3359.489s][info][gc,cpu         ] GC(285) User=1.23s Sys=0.00s Real=0.15s
.........[3368.734s][info][gc,start       ] GC(286) Pause Young (Normal) (G1 Evacuation Pause)
[3368.734s][info][gc,task        ] GC(286) Using 8 workers of 8 for evacuation
[3368.892s][info][gc,phases      ] GC(286)   Pre Evacuate Collection Set: 0.31ms
[3368.892s][info][gc,phases      ] GC(286)   Merge Heap Roots: 0.58ms
[3368.892s][info][gc,phases      ] GC(286)   Evacuate Collection Set: 156.37ms
[3368.892s][info][gc,phases      ] GC(286)   Post Evacuate Collection Set: 1.24ms
[3368.892s][info][gc,phases      ] GC(286)   Other: 0.08ms
[3368.892s][info][gc,heap        ] GC(286) Eden regions: 717->0(717)
[3368.892s][info][gc,heap        ] GC(286) Survivor regions: 51->51(96)
[3368.892s][info][gc,heap        ] GC(286) Old regions: 270->273
[3368.892s][info][gc,heap        ] GC(286) Humongous regions: 33->33
[3368.892s][info][gc,metaspace   ] GC(286) Metaspace: 35693K(37888K)->35693K(37888K) NonClass: 26689K(26944K)->26689K(26944K) Class: 9004K(10944K)->9004K(10944K)
[3368.892s][info][gc             ] GC(286) Pause Young (Normal) (G1 Evacuation Pause) 8534M->2821M(10240M) 158.735ms
[3368.893s][info][gc,cpu         ] GC(286) User=1.25s Sys=0.01s Real=0.16s
..........[3378.173s][info][gc,start       ] GC(287) Pause Young (Normal) (G1 Evacuation Pause)
[3378.173s][info][gc,task        ] GC(287) Using 8 workers of 8 for evacuation
[3378.332s][info][gc,phases      ] GC(287)   Pre Evacuate Collection Set: 0.28ms
[3378.332s][info][gc,phases      ] GC(287)   Merge Heap Roots: 0.58ms
[3378.332s][info][gc,phases      ] GC(287)   Evacuate Collection Set: 156.31ms
[3378.332s][info][gc,phases      ] GC(287)   Post Evacuate Collection Set: 1.22ms
[3378.332s][info][gc,phases      ] GC(287)   Other: 0.06ms
[3378.332s][info][gc,heap        ] GC(287) Eden regions: 717->0(716)
[3378.332s][info][gc,heap        ] GC(287) Survivor regions: 51->52(96)
[3378.332s][info][gc,heap        ] GC(287) Old regions: 273->275
[3378.332s][info][gc,heap        ] GC(287) Humongous regions: 33->33
[3378.332s][info][gc,metaspace   ] GC(287) Metaspace: 35693K(37888K)->35693K(37888K) NonClass: 26689K(26944K)->26689K(26944K) Class: 9004K(10944K)->9004K(10944K)
[3378.332s][info][gc             ] GC(287) Pause Young (Normal) (G1 Evacuation Pause) 8557M->2845M(10240M) 158.571ms
[3378.332s][info][gc,cpu         ] GC(287) User=1.25s Sys=0.01s Real=0.16s
. (rIR:aIR:PR = 5120:5119:5119) (tPR = 76087) [OK] 
  3378s: Performance info:
         Transaction,    Success,    Partial,     Failed,   Receipts, AvgBarcode, 
             Overall,     308022,          0,          0,     292649,      59.47, 
         Response times:
             Request,    Success,    Partial,     Failed,   SkipFail,     Probes,    Samples,      min,      p50,      p90,      p95,      p99,      max, 
       TotalPurchase,     292650,          0,          0,          0,     286259,     317302,      300,     3500,     6100,     7000,    29000,   214000,
     InStorePurchase,     154059,          0,          0,          0,     150807,     166824,      400,     3400,     6100,     7000,    27000,   214000,
      OnlinePurchase,     107785,          0,          0,          0,     105528,     116915,      300,     3600,     6100,     7000,    30000,   214000,
        InstPurchase,      30806,          0,          0,          0,      29924,      33563,      500,     3600,     6200,     7100,    31000,   214000,
          AssocOfCat,        309,          0,          0,          0,        242,        346,    26000,    35000,    45000,    52000,    76590,   205000,
      AssocOfProduct,       3075,          0,          0,          0,       2815,       3334,      600,     3300,     6200,     7100,    18765,   168000,
      BusinessReport,        772,          0,          0,          0,        658,        839,    29000,    39000,    53000,    58000,    72400,   194000,
          CustBuyBeh,       3072,          0,          0,          0,       2818,       3336,      200,     2800,     5700,     6600,    30000,   163000,
       ProductReturn,       8145,          0,          0,          0,       7696,       8767,      200,     3100,     5900,     6800,    29000,   171000,

  3378s: (38%)   IR =   5258 ....|....[3387.335s][info][gc,start       ] GC(288) Pause Young (Normal) (G1 Evacuation Pause)
[3387.335s][info][gc,task        ] GC(288) Using 8 workers of 8 for evacuation
[3387.494s][info][gc,phases      ] GC(288)   Pre Evacuate Collection Set: 0.29ms
[3387.494s][info][gc,phases      ] GC(288)   Merge Heap Roots: 0.57ms
[3387.494s][info][gc,phases      ] GC(288)   Evacuate Collection Set: 156.50ms
[3387.494s][info][gc,phases      ] GC(288)   Post Evacuate Collection Set: 1.23ms
[3387.494s][info][gc,phases      ] GC(288)   Other: 0.08ms
[3387.494s][info][gc,heap        ] GC(288) Eden regions: 716->0(716)
[3387.494s][info][gc,heap        ] GC(288) Survivor regions: 52->52(96)
[3387.494s][info][gc,heap        ] GC(288) Old regions: 275->278
[3387.494s][info][gc,heap        ] GC(288) Humongous regions: 33->33
[3387.494s][info][gc,metaspace   ] GC(288) Metaspace: 35694K(37888K)->35694K(37888K) NonClass: 26690K(26944K)->26690K(26944K) Class: 9004K(10944K)->9004K(10944K)
[3387.494s][info][gc             ] GC(288) Pause Young (Normal) (G1 Evacuation Pause) 8573M->2864M(10240M) 158.828ms
[3387.494s][info][gc,cpu         ] GC(288) User=1.25s Sys=0.00s Real=0.16s
.........[3396.514s][info][gc,start       ] GC(289) Pause Young (Normal) (G1 Evacuation Pause)
[3396.514s][info][gc,task        ] GC(289) Using 8 workers of 8 for evacuation
[3396.670s][info][gc,phases      ] GC(289)   Pre Evacuate Collection Set: 0.29ms
[3396.670s][info][gc,phases      ] GC(289)   Merge Heap Roots: 0.55ms
[3396.670s][info][gc,phases      ] GC(289)   Evacuate Collection Set: 153.74ms
[3396.670s][info][gc,phases      ] GC(289)   Post Evacuate Collection Set: 1.26ms
[3396.670s][info][gc,phases      ] GC(289)   Other: 0.06ms
[3396.670s][info][gc,heap        ] GC(289) Eden regions: 716->0(716)
[3396.670s][info][gc,heap        ] GC(289) Survivor regions: 52->52(96)
[3396.670s][info][gc,heap        ] GC(289) Old regions: 278->280
[3396.670s][info][gc,heap        ] GC(289) Humongous regions: 33->33
[3396.670s][info][gc,metaspace   ] GC(289) Metaspace: 35694K(37888K)->35694K(37888K) NonClass: 26690K(26944K)->26690K(26944K) Class: 9004K(10944K)->9004K(10944K)
[3396.670s][info][gc             ] GC(289) Pause Young (Normal) (G1 Evacuation Pause) 8592M->2883M(10240M) 156.068ms
[3396.670s][info][gc,cpu         ] GC(289) User=1.23s Sys=0.00s Real=0.15s
.........[3405.712s][info][gc,start       ] GC(290) Pause Young (Normal) (G1 Evacuation Pause)
[3405.712s][info][gc,task        ] GC(290) Using 8 workers of 8 for evacuation
[3405.872s][info][gc,phases      ] GC(290)   Pre Evacuate Collection Set: 0.31ms
[3405.872s][info][gc,phases      ] GC(290)   Merge Heap Roots: 0.56ms
[3405.872s][info][gc,phases      ] GC(290)   Evacuate Collection Set: 158.28ms
[3405.872s][info][gc,phases      ] GC(290)   Post Evacuate Collection Set: 1.26ms
[3405.872s][info][gc,phases      ] GC(290)   Other: 0.07ms
[3405.872s][info][gc,heap        ] GC(290) Eden regions: 716->0(717)
[3405.872s][info][gc,heap        ] GC(290) Survivor regions: 52->51(96)
[3405.872s][info][gc,heap        ] GC(290) Old regions: 280->282
[3405.872s][info][gc,heap        ] GC(290) Humongous regions: 33->33
[3405.872s][info][gc,metaspace   ] GC(290) Metaspace: 35694K(37888K)->35694K(37888K) NonClass: 26690K(26944K)->26690K(26944K) Class: 9004K(10944K)->9004K(10944K)
[3405.872s][info][gc             ] GC(290) Pause Young (Normal) (G1 Evacuation Pause) 8611M->2898M(10240M) 160.611ms
[3405.872s][info][gc,cpu         ] GC(290) User=1.26s Sys=0.00s Real=0.17s
.........[3414.851s][info][gc,start       ] GC(291) Pause Young (Normal) (G1 Evacuation Pause)
[3414.851s][info][gc,task        ] GC(291) Using 8 workers of 8 for evacuation
[3415.009s][info][gc,phases      ] GC(291)   Pre Evacuate Collection Set: 0.35ms
[3415.009s][info][gc,phases      ] GC(291)   Merge Heap Roots: 0.59ms
[3415.009s][info][gc,phases      ] GC(291)   Evacuate Collection Set: 156.04ms
[3415.009s][info][gc,phases      ] GC(291)   Post Evacuate Collection Set: 1.21ms
[3415.009s][info][gc,phases      ] GC(291)   Other: 0.08ms
[3415.009s][info][gc,heap        ] GC(291) Eden regions: 717->0(716)
[3415.009s][info][gc,heap        ] GC(291) Survivor regions: 51->52(96)
[3415.009s][info][gc,heap        ] GC(291) Old regions: 282->285
[3415.009s][info][gc,heap        ] GC(291) Humongous regions: 33->33
[3415.009s][info][gc,metaspace   ] GC(291) Metaspace: 35694K(37888K)->35694K(37888K) NonClass: 26690K(26944K)->26690K(26944K) Class: 9004K(10944K)->9004K(10944K)
[3415.009s][info][gc             ] GC(291) Pause Young (Normal) (G1 Evacuation Pause) 8634M->2922M(10240M) 158.422ms
[3415.009s][info][gc,cpu         ] GC(291) User=1.25s Sys=0.00s Real=0.16s
.........[3423.968s][info][gc,start       ] GC(292) Pause Young (Normal) (G1 Evacuation Pause)
[3423.968s][info][gc,task        ] GC(292) Using 8 workers of 8 for evacuation
[3424.128s][info][gc,phases      ] GC(292)   Pre Evacuate Collection Set: 0.28ms
[3424.128s][info][gc,phases      ] GC(292)   Merge Heap Roots: 0.56ms
[3424.128s][info][gc,phases      ] GC(292)   Evacuate Collection Set: 158.53ms
[3424.128s][info][gc,phases      ] GC(292)   Post Evacuate Collection Set: 1.25ms
[3424.128s][info][gc,phases      ] GC(292)   Other: 0.07ms
[3424.128s][info][gc,heap        ] GC(292) Eden regions: 716->0(716)
[3424.128s][info][gc,heap        ] GC(292) Survivor regions: 52->52(96)
[3424.128s][info][gc,heap        ] GC(292) Old regions: 285->287
[3424.128s][info][gc,heap        ] GC(292) Humongous regions: 33->33
[3424.128s][info][gc,metaspace   ] GC(292) Metaspace: 35694K(37888K)->35694K(37888K) NonClass: 26690K(26944K)->26690K(26944K) Class: 9004K(10944K)->9004K(10944K)
[3424.128s][info][gc             ] GC(292) Pause Young (Normal) (G1 Evacuation Pause) 8650M->2941M(10240M) 160.833ms
[3424.128s][info][gc,cpu         ] GC(292) User=1.27s Sys=0.00s Real=0.16s
..........[3433.147s][info][gc,start       ] GC(293) Pause Young (Normal) (G1 Evacuation Pause)
[3433.148s][info][gc,task        ] GC(293) Using 8 workers of 8 for evacuation
[3433.306s][info][gc,phases      ] GC(293)   Pre Evacuate Collection Set: 0.32ms
[3433.306s][info][gc,phases      ] GC(293)   Merge Heap Roots: 0.58ms
[3433.306s][info][gc,phases      ] GC(293)   Evacuate Collection Set: 156.70ms
[3433.306s][info][gc,phases      ] GC(293)   Post Evacuate Collection Set: 1.25ms
[3433.306s][info][gc,phases      ] GC(293)   Other: 0.08ms
[3433.307s][info][gc,heap        ] GC(293) Eden regions: 716->0(717)
[3433.307s][info][gc,heap        ] GC(293) Survivor regions: 52->51(96)
[3433.307s][info][gc,heap        ] GC(293) Old regions: 287->290
[3433.307s][info][gc,heap        ] GC(293) Humongous regions: 33->33
[3433.307s][info][gc,metaspace   ] GC(293) Metaspace: 35694K(37888K)->35694K(37888K) NonClass: 26690K(26944K)->26690K(26944K) Class: 9004K(10944K)->9004K(10944K)
[3433.307s][info][gc             ] GC(293) Pause Young (Normal) (G1 Evacuation Pause) 8669M->2957M(10240M) 159.058ms
[3433.307s][info][gc,cpu         ] GC(293) User=1.25s Sys=0.01s Real=0.16s
.........[3442.323s][info][gc,start       ] GC(294) Pause Young (Normal) (G1 Evacuation Pause)
[3442.323s][info][gc,task        ] GC(294) Using 8 workers of 8 for evacuation
[3442.481s][info][gc,phases      ] GC(294)   Pre Evacuate Collection Set: 0.30ms
[3442.481s][info][gc,phases      ] GC(294)   Merge Heap Roots: 0.59ms
[3442.481s][info][gc,phases      ] GC(294)   Evacuate Collection Set: 155.83ms
[3442.481s][info][gc,phases      ] GC(294)   Post Evacuate Collection Set: 1.24ms
[3442.481s][info][gc,phases      ] GC(294)   Other: 0.06ms
[3442.481s][info][gc,heap        ] GC(294) Eden regions: 717->0(717)
[3442.481s][info][gc,heap        ] GC(294) Survivor regions: 51->51(96)
[3442.481s][info][gc,heap        ] GC(294) Old regions: 290->292
[3442.481s][info][gc,heap        ] GC(294) Humongous regions: 33->33
[3442.481s][info][gc,metaspace   ] GC(294) Metaspace: 35694K(37888K)->35694K(37888K) NonClass: 26690K(26944K)->26690K(26944K) Class: 9004K(10944K)->9004K(10944K)
[3442.481s][info][gc             ] GC(294) Pause Young (Normal) (G1 Evacuation Pause) 8693M->2973M(10240M) 158.181ms
[3442.481s][info][gc,cpu         ] GC(294) User=1.24s Sys=0.01s Real=0.15s
. (rIR:aIR:PR = 5258:5259:5258) (tPR = 77342) [OK] 
  3442s: Performance info:
         Transaction,    Success,    Partial,     Failed,   Receipts, AvgBarcode, 
             Overall,     316386,          0,          0,     300539,      59.48, 
         Response times:
             Request,    Success,    Partial,     Failed,   SkipFail,     Probes,    Samples,      min,      p50,      p90,      p95,      p99,      max, 
       TotalPurchase,     300575,          0,          0,          0,     294365,     315319,      400,     3500,     6200,     7300,    34000,   281000,
     InStorePurchase,     158198,          0,          0,          0,     155233,     166078,      400,     3500,     6200,     7300,    34000,   281000,
      OnlinePurchase,     110759,          0,          0,          0,     108451,     116111,      400,     3400,     6200,     7300,    34000,   281000,
        InstPurchase,      31618,          0,          0,          0,      30681,      33130,      500,     3500,     6300,     7300,    35000,   281000,
          AssocOfCat,        316,          0,          0,          0,        249,        351,    26000,    35000,    49000,    55000,    97880,   105000,
      AssocOfProduct,       3162,          0,          0,          0,       2891,       3364,      400,     4300,     6500,     7400,    49000,   169000,
      BusinessReport,        801,          0,          0,          0,        704,        862,    29000,    40000,    54000,    59850,   109110,   198000,
          CustBuyBeh,       3164,          0,          0,          0,       2911,       3306,      300,     3600,     5900,     6900,    40000,   204000,
       ProductReturn,       8406,          0,          0,          0,       7964,       8879,      200,     3200,     6000,     7100,    34000,   170000,

  3442s: (39%)   IR =   5396 ....|....[3451.344s][info][gc,start       ] GC(295) Pause Young (Normal) (G1 Evacuation Pause)
[3451.344s][info][gc,task        ] GC(295) Using 8 workers of 8 for evacuation
[3451.501s][info][gc,phases      ] GC(295)   Pre Evacuate Collection Set: 0.28ms
[3451.501s][info][gc,phases      ] GC(295)   Merge Heap Roots: 0.55ms
[3451.501s][info][gc,phases      ] GC(295)   Evacuate Collection Set: 153.99ms
[3451.501s][info][gc,phases      ] GC(295)   Post Evacuate Collection Set: 1.27ms
[3451.501s][info][gc,phases      ] GC(295)   Other: 0.08ms
[3451.501s][info][gc,heap        ] GC(295) Eden regions: 717->0(716)
[3451.501s][info][gc,heap        ] GC(295) Survivor regions: 51->52(96)
[3451.501s][info][gc,heap        ] GC(295) Old regions: 292->295
[3451.501s][info][gc,heap        ] GC(295) Humongous regions: 33->33
[3451.501s][info][gc,metaspace   ] GC(295) Metaspace: 35694K(37888K)->35694K(37888K) NonClass: 26690K(26944K)->26690K(26944K) Class: 9004K(10944K)->9004K(10944K)
[3451.501s][info][gc             ] GC(295) Pause Young (Normal) (G1 Evacuation Pause) 8709M->3000M(10240M) 156.325ms
[3451.501s][info][gc,cpu         ] GC(295) User=1.22s Sys=0.00s Real=0.15s
.........[3460.246s][info][gc,start       ] GC(296) Pause Young (Normal) (G1 Evacuation Pause)
[3460.246s][info][gc,task        ] GC(296) Using 8 workers of 8 for evacuation
[3460.406s][info][gc,phases      ] GC(296)   Pre Evacuate Collection Set: 0.29ms
[3460.406s][info][gc,phases      ] GC(296)   Merge Heap Roots: 0.64ms
[3460.406s][info][gc,phases      ] GC(296)   Evacuate Collection Set: 157.20ms
[3460.406s][info][gc,phases      ] GC(296)   Post Evacuate Collection Set: 1.28ms
[3460.406s][info][gc,phases      ] GC(296)   Other: 0.07ms
[3460.406s][info][gc,heap        ] GC(296) Eden regions: 716->0(716)
[3460.406s][info][gc,heap        ] GC(296) Survivor regions: 52->52(96)
[3460.406s][info][gc,heap        ] GC(296) Old regions: 295->297
[3460.406s][info][gc,heap        ] GC(296) Humongous regions: 33->33
[3460.406s][info][gc,metaspace   ] GC(296) Metaspace: 35694K(37888K)->35694K(37888K) NonClass: 26690K(26944K)->26690K(26944K) Class: 9004K(10944K)->9004K(10944K)
[3460.406s][info][gc             ] GC(296) Pause Young (Normal) (G1 Evacuation Pause) 8728M->3019M(10240M) 159.622ms
[3460.406s][info][gc,cpu         ] GC(296) User=1.26s Sys=0.00s Real=0.16s
........[3469.108s][info][gc,start       ] GC(297) Pause Young (Normal) (G1 Evacuation Pause)
[3469.108s][info][gc,task        ] GC(297) Using 8 workers of 8 for evacuation
[3469.266s][info][gc,phases      ] GC(297)   Pre Evacuate Collection Set: 0.29ms
[3469.267s][info][gc,phases      ] GC(297)   Merge Heap Roots: 0.51ms
[3469.267s][info][gc,phases      ] GC(297)   Evacuate Collection Set: 156.78ms
[3469.267s][info][gc,phases      ] GC(297)   Post Evacuate Collection Set: 1.28ms
[3469.267s][info][gc,phases      ] GC(297)   Other: 0.08ms
[3469.267s][info][gc,heap        ] GC(297) Eden regions: 716->0(716)
[3469.267s][info][gc,heap        ] GC(297) Survivor regions: 52->52(96)
[3469.267s][info][gc,heap        ] GC(297) Old regions: 297->299
[3469.267s][info][gc,heap        ] GC(297) Humongous regions: 33->33
[3469.267s][info][gc,metaspace   ] GC(297) Metaspace: 35694K(37888K)->35694K(37888K) NonClass: 26690K(26944K)->26690K(26944K) Class: 9004K(10944K)->9004K(10944K)
[3469.267s][info][gc             ] GC(297) Pause Young (Normal) (G1 Evacuation Pause) 8747M->3038M(10240M) 159.063ms
[3469.267s][info][gc,cpu         ] GC(297) User=1.24s Sys=0.01s Real=0.16s
.........[3478.030s][info][gc,start       ] GC(298) Pause Young (Normal) (G1 Evacuation Pause)
[3478.030s][info][gc,task        ] GC(298) Using 8 workers of 8 for evacuation
[3478.189s][info][gc,phases      ] GC(298)   Pre Evacuate Collection Set: 0.31ms
[3478.189s][info][gc,phases      ] GC(298)   Merge Heap Roots: 0.53ms
[3478.189s][info][gc,phases      ] GC(298)   Evacuate Collection Set: 157.32ms
[3478.189s][info][gc,phases      ] GC(298)   Post Evacuate Collection Set: 1.28ms
[3478.189s][info][gc,phases      ] GC(298)   Other: 0.08ms
[3478.189s][info][gc,heap        ] GC(298) Eden regions: 716->0(716)
[3478.189s][info][gc,heap        ] GC(298) Survivor regions: 52->52(96)
[3478.189s][info][gc,heap        ] GC(298) Old regions: 299->302
[3478.189s][info][gc,heap        ] GC(298) Humongous regions: 33->33
[3478.189s][info][gc,metaspace   ] GC(298) Metaspace: 35694K(37888K)->35694K(37888K) NonClass: 26690K(26944K)->26690K(26944K) Class: 9004K(10944K)->9004K(10944K)
[3478.189s][info][gc             ] GC(298) Pause Young (Normal) (G1 Evacuation Pause) 8766M->3057M(10240M) 159.651ms
[3478.189s][info][gc,cpu         ] GC(298) User=1.26s Sys=0.00s Real=0.16s
.........[3486.978s][info][gc,start       ] GC(299) Pause Young (Normal) (G1 Evacuation Pause)
[3486.978s][info][gc,task        ] GC(299) Using 8 workers of 8 for evacuation
[3487.142s][info][gc,phases      ] GC(299)   Pre Evacuate Collection Set: 0.32ms
[3487.142s][info][gc,phases      ] GC(299)   Merge Heap Roots: 0.69ms
[3487.142s][info][gc,phases      ] GC(299)   Evacuate Collection Set: 161.81ms
[3487.142s][info][gc,phases      ] GC(299)   Post Evacuate Collection Set: 1.24ms
[3487.142s][info][gc,phases      ] GC(299)   Other: 0.06ms
[3487.142s][info][gc,heap        ] GC(299) Eden regions: 716->0(715)
[3487.142s][info][gc,heap        ] GC(299) Survivor regions: 52->53(96)
[3487.142s][info][gc,heap        ] GC(299) Old regions: 302->304
[3487.142s][info][gc,heap        ] GC(299) Humongous regions: 33->33
[3487.142s][info][gc,metaspace   ] GC(299) Metaspace: 35694K(37888K)->35694K(37888K) NonClass: 26690K(26944K)->26690K(26944K) Class: 9004K(10944K)->9004K(10944K)
[3487.142s][info][gc             ] GC(299) Pause Young (Normal) (G1 Evacuation Pause) 8785M->3084M(10240M) 164.266ms
[3487.142s][info][gc,cpu         ] GC(299) User=1.28s Sys=0.00s Real=0.17s
.........[3495.903s][info][gc,start       ] GC(300) Pause Young (Normal) (G1 Evacuation Pause)
[3495.903s][info][gc,task        ] GC(300) Using 8 workers of 8 for evacuation
[3496.061s][info][gc,phases      ] GC(300)   Pre Evacuate Collection Set: 0.30ms
[3496.061s][info][gc,phases      ] GC(300)   Merge Heap Roots: 0.56ms
[3496.061s][info][gc,phases      ] GC(300)   Evacuate Collection Set: 155.93ms
[3496.061s][info][gc,phases      ] GC(300)   Post Evacuate Collection Set: 1.29ms
[3496.061s][info][gc,phases      ] GC(300)   Other: 0.07ms
[3496.061s][info][gc,heap        ] GC(300) Eden regions: 715->0(717)
[3496.061s][info][gc,heap        ] GC(300) Survivor regions: 53->51(96)
[3496.061s][info][gc,heap        ] GC(300) Old regions: 304->306
[3496.061s][info][gc,heap        ] GC(300) Humongous regions: 33->33
[3496.061s][info][gc,metaspace   ] GC(300) Metaspace: 35694K(37888K)->35694K(37888K) NonClass: 26690K(26944K)->26690K(26944K) Class: 9004K(10944K)->9004K(10944K)
[3496.061s][info][gc             ] GC(300) Pause Young (Normal) (G1 Evacuation Pause) 8804M->3091M(10240M) 158.293ms
[3496.061s][info][gc,cpu         ] GC(300) User=1.24s Sys=0.00s Real=0.15s
.........[3504.839s][info][gc,start       ] GC(301) Pause Young (Normal) (G1 Evacuation Pause)
[3504.839s][info][gc,task        ] GC(301) Using 8 workers of 8 for evacuation
[3505.001s][info][gc,phases      ] GC(301)   Pre Evacuate Collection Set: 0.28ms
[3505.001s][info][gc,phases      ] GC(301)   Merge Heap Roots: 0.53ms
[3505.001s][info][gc,phases      ] GC(301)   Evacuate Collection Set: 159.00ms
[3505.001s][info][gc,phases      ] GC(301)   Post Evacuate Collection Set: 1.24ms
[3505.001s][info][gc,phases      ] GC(301)   Other: 0.06ms
[3505.001s][info][gc,heap        ] GC(301) Eden regions: 717->0(715)
[3505.001s][info][gc,heap        ] GC(301) Survivor regions: 51->53(96)
[3505.001s][info][gc,heap        ] GC(301) Old regions: 306->309
[3505.001s][info][gc,heap        ] GC(301) Humongous regions: 33->33
[3505.001s][info][gc,metaspace   ] GC(301) Metaspace: 35696K(37888K)->35696K(37888K) NonClass: 26692K(26944K)->26692K(26944K) Class: 9004K(10944K)->9004K(10944K)
[3505.001s][info][gc             ] GC(301) Pause Young (Normal) (G1 Evacuation Pause) 8827M->3123M(10240M) 161.251ms
[3505.001s][info][gc,cpu         ] GC(301) User=1.27s Sys=0.00s Real=0.16s
... (rIR:aIR:PR = 5396:5397:5397) (tPR = 80053) [OK] 
  3507s: Performance info:
         Transaction,    Success,    Partial,     Failed,   Receipts, AvgBarcode, 
             Overall,     324286,          0,          0,     308061,      59.47, 
         Response times:
             Request,    Success,    Partial,     Failed,   SkipFail,     Probes,    Samples,      min,      p50,      p90,      p95,      p99,      max, 
       TotalPurchase,     308061,          0,          0,          0,     300897,     322411,      400,     3600,     6400,     7500,    36000,   285000,
     InStorePurchase,     162181,          0,          0,          0,     158339,     169172,      400,     3600,     6400,     7500,    34000,   285000,
      OnlinePurchase,     113445,          0,          0,          0,     111021,     119206,      400,     3600,     6400,     7500,    38000,   285000,
        InstPurchase,      32435,          0,          0,          0,      31537,      34033,      500,     3600,     6400,     7600,    36000,   285000,
          AssocOfCat,        321,          0,          0,          0,        246,        332,    26000,    35000,    48000,    52350,   189670,   212000,
      AssocOfProduct,       3247,          0,          0,          0,       2989,       3443,      600,     2700,     6700,     7900,    22000,   113000,
      BusinessReport,        810,          0,          0,          0,        684,        854,    29000,    40000,    55000,    59000,   101150,   228000,
          CustBuyBeh,       3240,          0,          0,          0,       2983,       3382,      200,     3000,     6100,     7200,    30170,   169000,
       ProductReturn,       8607,          0,          0,          0,       8159,       8999,      200,     3500,     6100,     7000,    44000,   231000,

  3507s: (40%)   IR =   5535 .....|.[3513.642s][info][gc,start       ] GC(302) Pause Young (Normal) (G1 Evacuation Pause)
[3513.642s][info][gc,task        ] GC(302) Using 8 workers of 8 for evacuation
[3513.801s][info][gc,phases      ] GC(302)   Pre Evacuate Collection Set: 0.29ms
[3513.801s][info][gc,phases      ] GC(302)   Merge Heap Roots: 0.62ms
[3513.801s][info][gc,phases      ] GC(302)   Evacuate Collection Set: 156.77ms
[3513.801s][info][gc,phases      ] GC(302)   Post Evacuate Collection Set: 1.26ms
[3513.801s][info][gc,phases      ] GC(302)   Other: 0.07ms
[3513.801s][info][gc,heap        ] GC(302) Eden regions: 715->0(717)
[3513.801s][info][gc,heap        ] GC(302) Survivor regions: 53->51(96)
[3513.801s][info][gc,heap        ] GC(302) Old regions: 309->311
[3513.801s][info][gc,heap        ] GC(302) Humongous regions: 33->33
[3513.801s][info][gc,metaspace   ] GC(302) Metaspace: 35696K(37888K)->35696K(37888K) NonClass: 26692K(26944K)->26692K(26944K) Class: 9004K(10944K)->9004K(10944K)
[3513.801s][info][gc             ] GC(302) Pause Young (Normal) (G1 Evacuation Pause) 8843M->3130M(10240M) 159.165ms
[3513.801s][info][gc,cpu         ] GC(302) User=1.25s Sys=0.01s Real=0.16s
........[3522.344s][info][gc,start       ] GC(303) Pause Young (Normal) (G1 Evacuation Pause)
[3522.344s][info][gc,task        ] GC(303) Using 8 workers of 8 for evacuation
[3522.503s][info][gc,phases      ] GC(303)   Pre Evacuate Collection Set: 0.30ms
[3522.503s][info][gc,phases      ] GC(303)   Merge Heap Roots: 0.69ms
[3522.503s][info][gc,phases      ] GC(303)   Evacuate Collection Set: 156.51ms
[3522.503s][info][gc,phases      ] GC(303)   Post Evacuate Collection Set: 1.24ms
[3522.503s][info][gc,phases      ] GC(303)   Other: 0.06ms
[3522.503s][info][gc,heap        ] GC(303) Eden regions: 717->0(716)
[3522.503s][info][gc,heap        ] GC(303) Survivor regions: 51->52(96)
[3522.503s][info][gc,heap        ] GC(303) Old regions: 311->314
[3522.503s][info][gc,heap        ] GC(303) Humongous regions: 33->33
[3522.503s][info][gc,metaspace   ] GC(303) Metaspace: 35696K(37888K)->35696K(37888K) NonClass: 26692K(26944K)->26692K(26944K) Class: 9004K(10944K)->9004K(10944K)
[3522.503s][info][gc             ] GC(303) Pause Young (Normal) (G1 Evacuation Pause) 8866M->3154M(10240M) 158.969ms
[3522.503s][info][gc,cpu         ] GC(303) User=1.25s Sys=0.00s Real=0.16s
.........[3531.003s][info][gc,start       ] GC(304) Pause Young (Normal) (G1 Evacuation Pause)
[3531.003s][info][gc,task        ] GC(304) Using 8 workers of 8 for evacuation
[3531.161s][info][gc,phases      ] GC(304)   Pre Evacuate Collection Set: 0.29ms
[3531.161s][info][gc,phases      ] GC(304)   Merge Heap Roots: 0.56ms
[3531.161s][info][gc,phases      ] GC(304)   Evacuate Collection Set: 155.39ms
[3531.161s][info][gc,phases      ] GC(304)   Post Evacuate Collection Set: 1.24ms
[3531.161s][info][gc,phases      ] GC(304)   Other: 0.07ms
[3531.161s][info][gc,heap        ] GC(304) Eden regions: 716->0(717)
[3531.161s][info][gc,heap        ] GC(304) Survivor regions: 52->51(96)
[3531.161s][info][gc,heap        ] GC(304) Old regions: 314->316
[3531.161s][info][gc,heap        ] GC(304) Humongous regions: 33->33
[3531.161s][info][gc,metaspace   ] GC(304) Metaspace: 35696K(37888K)->35696K(37888K) NonClass: 26692K(26944K)->26692K(26944K) Class: 9004K(10944K)->9004K(10944K)
[3531.161s][info][gc             ] GC(304) Pause Young (Normal) (G1 Evacuation Pause) 8882M->3170M(10240M) 157.685ms
[3531.161s][info][gc,cpu         ] GC(304) User=1.24s Sys=0.00s Real=0.15s
.........[3539.779s][info][gc,start       ] GC(305) Pause Young (Normal) (G1 Evacuation Pause)
[3539.779s][info][gc,task        ] GC(305) Using 8 workers of 8 for evacuation
[3539.941s][info][gc,phases      ] GC(305)   Pre Evacuate Collection Set: 0.29ms
[3539.941s][info][gc,phases      ] GC(305)   Merge Heap Roots: 0.63ms
[3539.941s][info][gc,phases      ] GC(305)   Evacuate Collection Set: 159.50ms
[3539.941s][info][gc,phases      ] GC(305)   Post Evacuate Collection Set: 1.26ms
[3539.941s][info][gc,phases      ] GC(305)   Other: 0.08ms
[3539.941s][info][gc,heap        ] GC(305) Eden regions: 717->0(716)
[3539.941s][info][gc,heap        ] GC(305) Survivor regions: 51->52(96)
[3539.941s][info][gc,heap        ] GC(305) Old regions: 316->319
[3539.941s][info][gc,heap        ] GC(305) Humongous regions: 33->33
[3539.941s][info][gc,metaspace   ] GC(305) Metaspace: 35696K(37888K)->35696K(37888K) NonClass: 26692K(26944K)->26692K(26944K) Class: 9004K(10944K)->9004K(10944K)
[3539.941s][info][gc             ] GC(305) Pause Young (Normal) (G1 Evacuation Pause) 8906M->3197M(10240M) 161.899ms
[3539.941s][info][gc,cpu         ] GC(305) User=1.28s Sys=0.00s Real=0.16s
........[3548.422s][info][gc,start       ] GC(306) Pause Young (Normal) (G1 Evacuation Pause)
[3548.422s][info][gc,task        ] GC(306) Using 8 workers of 8 for evacuation
[3548.581s][info][gc,phases      ] GC(306)   Pre Evacuate Collection Set: 0.30ms
[3548.581s][info][gc,phases      ] GC(306)   Merge Heap Roots: 0.53ms
[3548.581s][info][gc,phases      ] GC(306)   Evacuate Collection Set: 156.84ms
[3548.581s][info][gc,phases      ] GC(306)   Post Evacuate Collection Set: 1.27ms
[3548.581s][info][gc,phases      ] GC(306)   Other: 0.07ms
[3548.581s][info][gc,heap        ] GC(306) Eden regions: 716->0(716)
[3548.581s][info][gc,heap        ] GC(306) Survivor regions: 52->52(96)
[3548.581s][info][gc,heap        ] GC(306) Old regions: 319->321
[3548.581s][info][gc,heap        ] GC(306) Humongous regions: 33->33
[3548.581s][info][gc,metaspace   ] GC(306) Metaspace: 35696K(37888K)->35696K(37888K) NonClass: 26692K(26944K)->26692K(26944K) Class: 9004K(10944K)->9004K(10944K)
[3548.581s][info][gc             ] GC(306) Pause Young (Normal) (G1 Evacuation Pause) 8925M->3212M(10240M) 159.186ms
[3548.581s][info][gc,cpu         ] GC(306) User=1.25s Sys=0.00s Real=0.15s
.........[3557.199s][info][gc,start       ] GC(307) Pause Young (Normal) (G1 Evacuation Pause)
[3557.199s][info][gc,task        ] GC(307) Using 8 workers of 8 for evacuation
[3557.356s][info][gc,phases      ] GC(307)   Pre Evacuate Collection Set: 0.30ms
[3557.356s][info][gc,phases      ] GC(307)   Merge Heap Roots: 0.53ms
[3557.356s][info][gc,phases      ] GC(307)   Evacuate Collection Set: 155.60ms
[3557.356s][info][gc,phases      ] GC(307)   Post Evacuate Collection Set: 1.25ms
[3557.356s][info][gc,phases      ] GC(307)   Other: 0.07ms
[3557.356s][info][gc,heap        ] GC(307) Eden regions: 716->0(716)
[3557.356s][info][gc,heap        ] GC(307) Survivor regions: 52->52(96)
[3557.356s][info][gc,heap        ] GC(307) Old regions: 321->323
[3557.356s][info][gc,heap        ] GC(307) Humongous regions: 33->33
[3557.356s][info][gc,metaspace   ] GC(307) Metaspace: 35696K(37888K)->35696K(37888K) NonClass: 26692K(26944K)->26692K(26944K) Class: 9004K(10944K)->9004K(10944K)
[3557.356s][info][gc             ] GC(307) Pause Young (Normal) (G1 Evacuation Pause) 8940M->3236M(10240M) 157.890ms
[3557.356s][info][gc,cpu         ] GC(307) User=1.24s Sys=0.00s Real=0.16s
.........[3565.835s][info][gc,start       ] GC(308) Pause Young (Normal) (G1 Evacuation Pause)
[3565.835s][info][gc,task        ] GC(308) Using 8 workers of 8 for evacuation
[3565.993s][info][gc,phases      ] GC(308)   Pre Evacuate Collection Set: 0.31ms
[3565.993s][info][gc,phases      ] GC(308)   Merge Heap Roots: 0.56ms
[3565.993s][info][gc,phases      ] GC(308)   Evacuate Collection Set: 156.27ms
[3565.993s][info][gc,phases      ] GC(308)   Post Evacuate Collection Set: 1.30ms
[3565.993s][info][gc,phases      ] GC(308)   Other: 0.07ms
[3565.993s][info][gc,heap        ] GC(308) Eden regions: 716->0(717)
[3565.993s][info][gc,heap        ] GC(308) Survivor regions: 52->51(96)
[3565.993s][info][gc,heap        ] GC(308) Old regions: 323->326
[3565.993s][info][gc,heap        ] GC(308) Humongous regions: 33->33
[3565.993s][info][gc,metaspace   ] GC(308) Metaspace: 35696K(37888K)->35696K(37888K) NonClass: 26692K(26944K)->26692K(26944K) Class: 9004K(10944K)->9004K(10944K)
[3565.993s][info][gc             ] GC(308) Pause Young (Normal) (G1 Evacuation Pause) 8964M->3247M(10240M) 158.654ms
[3565.993s][info][gc,cpu         ] GC(308) User=1.25s Sys=0.01s Real=0.16s
....... (rIR:aIR:PR = 5535:5534:5534) (tPR = 82146) [OK] 
  3572s: Performance info:
         Transaction,    Success,    Partial,     Failed,   Receipts, AvgBarcode, 
             Overall,     333323,          0,          0,     316661,      59.48, 
         Response times:
             Request,    Success,    Partial,     Failed,   SkipFail,     Probes,    Samples,      min,      p50,      p90,      p95,      p99,      max, 
       TotalPurchase,     316661,          0,          0,          0,     311130,     338630,      300,     3700,     6600,     7600,    29000,   242000,
     InStorePurchase,     166697,          0,          0,          0,     164067,     178445,      400,     3600,     6600,     7600,    27000,   241000,
      OnlinePurchase,     116639,          0,          0,          0,     114540,     124518,      300,     3700,     6600,     7600,    31000,   242000,
        InstPurchase,      33325,          0,          0,          0,      32523,      35667,      500,     3800,     6600,     7700,    32000,   177000,
          AssocOfCat,        335,          0,          0,          0,        258,        341,    23000,    35000,    44800,    50000,    58580,   219000,
      AssocOfProduct,       3336,          0,          0,          0,       3105,       3611,      700,     4300,     7000,     8000,    27000,   169000,
      BusinessReport,        837,          0,          0,          0,        734,        919,    30000,    41000,    57000,    64000,   109000,   221000,
          CustBuyBeh,       3341,          0,          0,          0,       3088,       3542,      200,     3900,     6200,     7385,    37000,   207000,
       ProductReturn,       8813,          0,          0,          0,       8401,       9485,      200,     3400,     6500,     7800,    30000,   169000,

  3572s: (41%)   IR =   5673 .[3574.515s][info][gc,start       ] GC(309) Pause Young (Normal) (G1 Evacuation Pause)
[3574.515s][info][gc,task        ] GC(309) Using 8 workers of 8 for evacuation
[3574.672s][info][gc,phases      ] GC(309)   Pre Evacuate Collection Set: 0.32ms
[3574.672s][info][gc,phases      ] GC(309)   Merge Heap Roots: 0.56ms
[3574.672s][info][gc,phases      ] GC(309)   Evacuate Collection Set: 155.14ms
[3574.672s][info][gc,phases      ] GC(309)   Post Evacuate Collection Set: 1.30ms
[3574.672s][info][gc,phases      ] GC(309)   Other: 0.07ms
[3574.672s][info][gc,heap        ] GC(309) Eden regions: 717->0(716)
[3574.672s][info][gc,heap        ] GC(309) Survivor regions: 51->52(96)
[3574.672s][info][gc,heap        ] GC(309) Old regions: 326->328
[3574.672s][info][gc,heap        ] GC(309) Humongous regions: 33->33
[3574.672s][info][gc,metaspace   ] GC(309) Metaspace: 35696K(37888K)->35696K(37888K) NonClass: 26692K(26944K)->26692K(26944K) Class: 9004K(10944K)->9004K(10944K)
[3574.672s][info][gc             ] GC(309) Pause Young (Normal) (G1 Evacuation Pause) 8983M->3270M(10240M) 157.523ms
[3574.672s][info][gc,cpu         ] GC(309) User=1.24s Sys=0.00s Real=0.16s
....|.....[3583.048s][info][gc,start       ] GC(310) Pause Young (Normal) (G1 Evacuation Pause)
[3583.048s][info][gc,task        ] GC(310) Using 8 workers of 8 for evacuation
[3583.207s][info][gc,phases      ] GC(310)   Pre Evacuate Collection Set: 0.31ms
[3583.207s][info][gc,phases      ] GC(310)   Merge Heap Roots: 0.60ms
[3583.207s][info][gc,phases      ] GC(310)   Evacuate Collection Set: 156.59ms
[3583.207s][info][gc,phases      ] GC(310)   Post Evacuate Collection Set: 1.29ms
[3583.207s][info][gc,phases      ] GC(310)   Other: 0.07ms
[3583.207s][info][gc,heap        ] GC(310) Eden regions: 716->0(716)
[3583.207s][info][gc,heap        ] GC(310) Survivor regions: 52->52(96)
[3583.207s][info][gc,heap        ] GC(310) Old regions: 328->331
[3583.207s][info][gc,heap        ] GC(310) Humongous regions: 33->33
[3583.207s][info][gc,metaspace   ] GC(310) Metaspace: 35696K(37888K)->35696K(37888K) NonClass: 26692K(26944K)->26692K(26944K) Class: 9004K(10944K)->9004K(10944K)
[3583.207s][info][gc             ] GC(310) Pause Young (Normal) (G1 Evacuation Pause) 8998M->3289M(10240M) 158.995ms
[3583.207s][info][gc,cpu         ] GC(310) User=1.26s Sys=0.00s Real=0.16s
........[3591.489s][info][gc,start       ] GC(311) Pause Young (Normal) (G1 Evacuation Pause)
[3591.489s][info][gc,task        ] GC(311) Using 8 workers of 8 for evacuation
[3591.648s][info][gc,phases      ] GC(311)   Pre Evacuate Collection Set: 0.29ms
[3591.648s][info][gc,phases      ] GC(311)   Merge Heap Roots: 0.56ms
[3591.648s][info][gc,phases      ] GC(311)   Evacuate Collection Set: 156.90ms
[3591.648s][info][gc,phases      ] GC(311)   Post Evacuate Collection Set: 1.30ms
[3591.648s][info][gc,phases      ] GC(311)   Other: 0.07ms
[3591.648s][info][gc,heap        ] GC(311) Eden regions: 716->0(716)
[3591.648s][info][gc,heap        ] GC(311) Survivor regions: 52->52(96)
[3591.648s][info][gc,heap        ] GC(311) Old regions: 331->333
[3591.648s][info][gc,heap        ] GC(311) Humongous regions: 33->33
[3591.648s][info][gc,metaspace   ] GC(311) Metaspace: 35696K(37888K)->35696K(37888K) NonClass: 26692K(26944K)->26692K(26944K) Class: 9004K(10944K)->9004K(10944K)
[3591.648s][info][gc             ] GC(311) Pause Young (Normal) (G1 Evacuation Pause) 9017M->3312M(10240M) 159.272ms
[3591.648s][info][gc,cpu         ] GC(311) User=1.25s Sys=0.01s Real=0.16s
.........[3600.020s][info][gc,start       ] GC(312) Pause Young (Normal) (G1 Evacuation Pause)
[3600.020s][info][gc,task        ] GC(312) Using 8 workers of 8 for evacuation
[3600.182s][info][gc,phases      ] GC(312)   Pre Evacuate Collection Set: 0.30ms
[3600.182s][info][gc,phases      ] GC(312)   Merge Heap Roots: 0.58ms
[3600.182s][info][gc,phases      ] GC(312)   Evacuate Collection Set: 159.13ms
[3600.182s][info][gc,phases      ] GC(312)   Post Evacuate Collection Set: 1.24ms
[3600.182s][info][gc,phases      ] GC(312)   Other: 0.07ms
[3600.182s][info][gc,heap        ] GC(312) Eden regions: 716->0(715)
[3600.182s][info][gc,heap        ] GC(312) Survivor regions: 52->53(96)
[3600.182s][info][gc,heap        ] GC(312) Old regions: 333->335
[3600.182s][info][gc,heap        ] GC(312) Humongous regions: 33->33
[3600.182s][info][gc,metaspace   ] GC(312) Metaspace: 35696K(37888K)->35696K(37888K) NonClass: 26692K(26944K)->26692K(26944K) Class: 9004K(10944K)->9004K(10944K)
[3600.182s][info][gc             ] GC(312) Pause Young (Normal) (G1 Evacuation Pause) 9040M->3335M(10240M) 161.435ms
[3600.182s][info][gc,cpu         ] GC(312) User=1.28s Sys=0.00s Real=0.16s
........[3608.482s][info][gc,start       ] GC(313) Pause Young (Normal) (G1 Evacuation Pause)
[3608.482s][info][gc,task        ] GC(313) Using 8 workers of 8 for evacuation
[3608.642s][info][gc,phases      ] GC(313)   Pre Evacuate Collection Set: 0.30ms
[3608.642s][info][gc,phases      ] GC(313)   Merge Heap Roots: 0.57ms
[3608.642s][info][gc,phases      ] GC(313)   Evacuate Collection Set: 157.11ms
[3608.642s][info][gc,phases      ] GC(313)   Post Evacuate Collection Set: 1.26ms
[3608.642s][info][gc,phases      ] GC(313)   Other: 0.07ms
[3608.642s][info][gc,heap        ] GC(313) Eden regions: 715->0(716)
[3608.642s][info][gc,heap        ] GC(313) Survivor regions: 53->52(96)
[3608.642s][info][gc,heap        ] GC(313) Old regions: 335->338
[3608.642s][info][gc,heap        ] GC(313) Humongous regions: 33->33
[3608.642s][info][gc,metaspace   ] GC(313) Metaspace: 35696K(37888K)->35696K(37888K) NonClass: 26692K(26944K)->26692K(26944K) Class: 9004K(10944K)->9004K(10944K)
[3608.642s][info][gc             ] GC(313) Pause Young (Normal) (G1 Evacuation Pause) 9055M->3347M(10240M) 159.462ms
[3608.642s][info][gc,cpu         ] GC(313) User=1.26s Sys=0.00s Real=0.16s
.........[3616.962s][info][gc,start       ] GC(314) Pause Young (Normal) (G1 Evacuation Pause)
[3616.962s][info][gc,task        ] GC(314) Using 8 workers of 8 for evacuation
[3617.121s][info][gc,phases      ] GC(314)   Pre Evacuate Collection Set: 0.29ms
[3617.121s][info][gc,phases      ] GC(314)   Merge Heap Roots: 0.54ms
[3617.121s][info][gc,phases      ] GC(314)   Evacuate Collection Set: 157.09ms
[3617.121s][info][gc,phases      ] GC(314)   Post Evacuate Collection Set: 1.23ms
[3617.121s][info][gc,phases      ] GC(314)   Other: 0.07ms
[3617.121s][info][gc,heap        ] GC(314) Eden regions: 716->0(716)
[3617.121s][info][gc,heap        ] GC(314) Survivor regions: 52->52(96)
[3617.121s][info][gc,heap        ] GC(314) Old regions: 338->340
[3617.121s][info][gc,heap        ] GC(314) Humongous regions: 33->33
[3617.121s][info][gc,metaspace   ] GC(314) Metaspace: 35696K(37888K)->35696K(37888K) NonClass: 26692K(26944K)->26692K(26944K) Class: 9004K(10944K)->9004K(10944K)
[3617.121s][info][gc             ] GC(314) Pause Young (Normal) (G1 Evacuation Pause) 9075M->3370M(10240M) 159.344ms
[3617.121s][info][gc,cpu         ] GC(314) User=1.24s Sys=0.01s Real=0.15s
........[3625.477s][info][gc,start       ] GC(315) Pause Young (Normal) (G1 Evacuation Pause)
[3625.477s][info][gc,task        ] GC(315) Using 8 workers of 8 for evacuation
[3625.633s][info][gc,phases      ] GC(315)   Pre Evacuate Collection Set: 0.32ms
[3625.633s][info][gc,phases      ] GC(315)   Merge Heap Roots: 0.68ms
[3625.633s][info][gc,phases      ] GC(315)   Evacuate Collection Set: 153.83ms
[3625.633s][info][gc,phases      ] GC(315)   Post Evacuate Collection Set: 1.28ms
[3625.633s][info][gc,phases      ] GC(315)   Other: 0.07ms
[3625.633s][info][gc,heap        ] GC(315) Eden regions: 716->0(716)
[3625.633s][info][gc,heap        ] GC(315) Survivor regions: 52->52(96)
[3625.633s][info][gc,heap        ] GC(315) Old regions: 340->343
[3625.633s][info][gc,heap        ] GC(315) Humongous regions: 33->33
[3625.633s][info][gc,metaspace   ] GC(315) Metaspace: 35696K(37888K)->35696K(37888K) NonClass: 26692K(26944K)->26692K(26944K) Class: 9004K(10944K)->9004K(10944K)
[3625.633s][info][gc             ] GC(315) Pause Young (Normal) (G1 Evacuation Pause) 9098M->3385M(10240M) 156.317ms
[3625.633s][info][gc,cpu         ] GC(315) User=1.22s Sys=0.01s Real=0.16s
.........[3633.924s][info][gc,start       ] GC(316) Pause Young (Normal) (G1 Evacuation Pause)
[3633.924s][info][gc,task        ] GC(316) Using 8 workers of 8 for evacuation
[3634.085s][info][gc,phases      ] GC(316)   Pre Evacuate Collection Set: 0.29ms
[3634.085s][info][gc,phases      ] GC(316)   Merge Heap Roots: 0.63ms
[3634.085s][info][gc,phases      ] GC(316)   Evacuate Collection Set: 158.50ms
[3634.085s][info][gc,phases      ] GC(316)   Post Evacuate Collection Set: 1.26ms
[3634.085s][info][gc,phases      ] GC(316)   Other: 0.07ms
[3634.085s][info][gc,heap        ] GC(316) Eden regions: 716->0(717)
[3634.085s][info][gc,heap        ] GC(316) Survivor regions: 52->51(96)
[3634.085s][info][gc,heap        ] GC(316) Old regions: 343->345
[3634.085s][info][gc,heap        ] GC(316) Humongous regions: 33->33
[3634.085s][info][gc,metaspace   ] GC(316) Metaspace: 35696K(37888K)->35696K(37888K) NonClass: 26692K(26944K)->26692K(26944K) Class: 9004K(10944K)->9004K(10944K)
[3634.085s][info][gc             ] GC(316) Pause Young (Normal) (G1 Evacuation Pause) 9113M->3401M(10240M) 160.896ms
[3634.085s][info][gc,cpu         ] GC(316) User=1.26s Sys=0.00s Real=0.16s
.... (rIR:aIR:PR = 5673:5671:5671) (tPR = 84561) [OK] 
  3637s: Performance info:
         Transaction,    Success,    Partial,     Failed,   Receipts, AvgBarcode, 
             Overall,     340410,          0,          0,     323364,      59.47, 
         Response times:
             Request,    Success,    Partial,     Failed,   SkipFail,     Probes,    Samples,      min,      p50,      p90,      p95,      p99,      max, 
       TotalPurchase,     323364,          0,          0,          0,     316460,     345270,      400,     3800,     6800,     8100,    39000,   234000,
     InStorePurchase,     170210,          0,          0,          0,     166905,     181754,      400,     3700,     6700,     8000,    39000,   233000,
      OnlinePurchase,     119112,          0,          0,          0,     116548,     127331,      400,     3900,     6800,     8100,    40000,   234000,
        InstPurchase,      34042,          0,          0,          0,      33007,      36185,      500,     3700,     6900,     8100,    38000,   233000,
          AssocOfCat,        338,          0,          0,          0,        284,        389,    22000,    36000,    48000,    53000,    84700,   102000,
      AssocOfProduct,       3405,          0,          0,          0,       3138,       3584,      600,     4200,     7200,     8500,    32000,   163000,
      BusinessReport,        851,          0,          0,          0,        737,        900,    30000,    41000,    56000,    63000,   139970,   212000,
          CustBuyBeh,       3418,          0,          0,          0,       3176,       3611,      300,     4200,     6800,     8300,    39000,   169000,
       ProductReturn,       9034,          0,          0,          0,       8538,       9565,      300,     3700,     6600,     7800,    38000,   169000,

  3637s: (42%)   IR =   5812 ....[3642.380s][info][gc,start       ] GC(317) Pause Young (Normal) (G1 Evacuation Pause)
[3642.380s][info][gc,task        ] GC(317) Using 8 workers of 8 for evacuation
[3642.538s][info][gc,phases      ] GC(317)   Pre Evacuate Collection Set: 0.29ms
[3642.538s][info][gc,phases      ] GC(317)   Merge Heap Roots: 0.52ms
[3642.538s][info][gc,phases      ] GC(317)   Evacuate Collection Set: 155.60ms
[3642.538s][info][gc,phases      ] GC(317)   Post Evacuate Collection Set: 1.27ms
[3642.538s][info][gc,phases      ] GC(317)   Other: 0.07ms
[3642.538s][info][gc,heap        ] GC(317) Eden regions: 717->0(716)
[3642.538s][info][gc,heap        ] GC(317) Survivor regions: 51->52(96)
[3642.538s][info][gc,heap        ] GC(317) Old regions: 345->348
[3642.538s][info][gc,heap        ] GC(317) Humongous regions: 33->33
[3642.538s][info][gc,metaspace   ] GC(317) Metaspace: 35696K(37888K)->35696K(37888K) NonClass: 26692K(26944K)->26692K(26944K) Class: 9004K(10944K)->9004K(10944K)
[3642.538s][info][gc             ] GC(317) Pause Young (Normal) (G1 Evacuation Pause) 9137M->3424M(10240M) 157.884ms
[3642.538s][info][gc,cpu         ] GC(317) User=1.24s Sys=0.00s Real=0.16s
..|......[3650.693s][info][gc,start       ] GC(318) Pause Young (Normal) (G1 Evacuation Pause)
[3650.693s][info][gc,task        ] GC(318) Using 8 workers of 8 for evacuation
[3650.852s][info][gc,phases      ] GC(318)   Pre Evacuate Collection Set: 0.29ms
[3650.852s][info][gc,phases      ] GC(318)   Merge Heap Roots: 0.55ms
[3650.852s][info][gc,phases      ] GC(318)   Evacuate Collection Set: 156.79ms
[3650.852s][info][gc,phases      ] GC(318)   Post Evacuate Collection Set: 1.32ms
[3650.852s][info][gc,phases      ] GC(318)   Other: 0.07ms
[3650.852s][info][gc,heap        ] GC(318) Eden regions: 716->0(717)
[3650.852s][info][gc,heap        ] GC(318) Survivor regions: 52->51(96)
[3650.852s][info][gc,heap        ] GC(318) Old regions: 348->350
[3650.852s][info][gc,heap        ] GC(318) Humongous regions: 33->33
[3650.852s][info][gc,metaspace   ] GC(318) Metaspace: 35696K(37888K)->35696K(37888K) NonClass: 26692K(26944K)->26692K(26944K) Class: 9004K(10944K)->9004K(10944K)
[3650.852s][info][gc             ] GC(318) Pause Young (Normal) (G1 Evacuation Pause) 9152M->3439M(10240M) 159.154ms
[3650.852s][info][gc,cpu         ] GC(318) User=1.25s Sys=0.01s Real=0.16s
.........[3658.933s][info][gc,start       ] GC(319) Pause Young (Normal) (G1 Evacuation Pause)
[3658.933s][info][gc,task        ] GC(319) Using 8 workers of 8 for evacuation
[3659.096s][info][gc,phases      ] GC(319)   Pre Evacuate Collection Set: 0.30ms
[3659.096s][info][gc,phases      ] GC(319)   Merge Heap Roots: 0.55ms
[3659.096s][info][gc,phases      ] GC(319)   Evacuate Collection Set: 160.88ms
[3659.096s][info][gc,phases      ] GC(319)   Post Evacuate Collection Set: 1.26ms
[3659.096s][info][gc,phases      ] GC(319)   Other: 0.07ms
[3659.096s][info][gc,heap        ] GC(319) Eden regions: 717->0(716)
[3659.096s][info][gc,heap        ] GC(319) Survivor regions: 51->52(96)
[3659.096s][info][gc,heap        ] GC(319) Old regions: 350->352
[3659.096s][info][gc,heap        ] GC(319) Humongous regions: 33->33
[3659.096s][info][gc,metaspace   ] GC(319) Metaspace: 35696K(37888K)->35696K(37888K) NonClass: 26692K(26944K)->26692K(26944K) Class: 9004K(10944K)->9004K(10944K)
[3659.096s][info][gc             ] GC(319) Pause Young (Normal) (G1 Evacuation Pause) 9175M->3463M(10240M) 163.191ms
[3659.096s][info][gc,cpu         ] GC(319) User=1.28s Sys=0.00s Real=0.16s
........[3667.255s][info][gc,start       ] GC(320) Pause Young (Normal) (G1 Evacuation Pause)
[3667.255s][info][gc,task        ] GC(320) Using 8 workers of 8 for evacuation
[3667.416s][info][gc,phases      ] GC(320)   Pre Evacuate Collection Set: 0.30ms
[3667.416s][info][gc,phases      ] GC(320)   Merge Heap Roots: 0.56ms
[3667.416s][info][gc,phases      ] GC(320)   Evacuate Collection Set: 158.67ms
[3667.416s][info][gc,phases      ] GC(320)   Post Evacuate Collection Set: 1.25ms
[3667.416s][info][gc,phases      ] GC(320)   Other: 0.06ms
[3667.416s][info][gc,heap        ] GC(320) Eden regions: 716->0(716)
[3667.416s][info][gc,heap        ] GC(320) Survivor regions: 52->52(96)
[3667.416s][info][gc,heap        ] GC(320) Old regions: 352->355
[3667.416s][info][gc,heap        ] GC(320) Humongous regions: 33->33
[3667.416s][info][gc,metaspace   ] GC(320) Metaspace: 35696K(37888K)->35696K(37888K) NonClass: 26692K(26944K)->26692K(26944K) Class: 9004K(10944K)->9004K(10944K)
[3667.416s][info][gc             ] GC(320) Pause Young (Normal) (G1 Evacuation Pause) 9191M->3482M(10240M) 160.995ms
[3667.416s][info][gc,cpu         ] GC(320) User=1.26s Sys=0.00s Real=0.16s
........[3675.571s][info][gc,start       ] GC(321) Pause Young (Normal) (G1 Evacuation Pause)
[3675.571s][info][gc,task        ] GC(321) Using 8 workers of 8 for evacuation
[3675.734s][info][gc,phases      ] GC(321)   Pre Evacuate Collection Set: 0.30ms
[3675.734s][info][gc,phases      ] GC(321)   Merge Heap Roots: 0.56ms
[3675.734s][info][gc,phases      ] GC(321)   Evacuate Collection Set: 160.13ms
[3675.734s][info][gc,phases      ] GC(321)   Post Evacuate Collection Set: 1.23ms
[3675.734s][info][gc,phases      ] GC(321)   Other: 0.08ms
[3675.734s][info][gc,heap        ] GC(321) Eden regions: 716->0(715)
[3675.734s][info][gc,heap        ] GC(321) Survivor regions: 52->53(96)
[3675.734s][info][gc,heap        ] GC(321) Old regions: 355->357
[3675.734s][info][gc,heap        ] GC(321) Humongous regions: 33->33
[3675.734s][info][gc,metaspace   ] GC(321) Metaspace: 35696K(37888K)->35696K(37888K) NonClass: 26692K(26944K)->26692K(26944K) Class: 9004K(10944K)->9004K(10944K)
[3675.734s][info][gc             ] GC(321) Pause Young (Normal) (G1 Evacuation Pause) 9210M->3510M(10240M) 162.451ms
[3675.734s][info][gc,cpu         ] GC(321) User=1.28s Sys=0.00s Real=0.17s
........[3683.827s][info][gc,start       ] GC(322) Pause Young (Normal) (G1 Evacuation Pause)
[3683.827s][info][gc,task        ] GC(322) Using 8 workers of 8 for evacuation
[3683.988s][info][gc,phases      ] GC(322)   Pre Evacuate Collection Set: 0.33ms
[3683.988s][info][gc,phases      ] GC(322)   Merge Heap Roots: 0.71ms
[3683.988s][info][gc,phases      ] GC(322)   Evacuate Collection Set: 157.80ms
[3683.988s][info][gc,phases      ] GC(322)   Post Evacuate Collection Set: 1.28ms
[3683.988s][info][gc,phases      ] GC(322)   Other: 0.07ms
[3683.988s][info][gc,heap        ] GC(322) Eden regions: 715->0(716)
[3683.988s][info][gc,heap        ] GC(322) Survivor regions: 53->52(96)
[3683.988s][info][gc,heap        ] GC(322) Old regions: 357->360
[3683.988s][info][gc,heap        ] GC(322) Humongous regions: 33->33
[3683.988s][info][gc,metaspace   ] GC(322) Metaspace: 35696K(37888K)->35696K(37888K) NonClass: 26692K(26944K)->26692K(26944K) Class: 9004K(10944K)->9004K(10944K)
[3683.988s][info][gc             ] GC(322) Pause Young (Normal) (G1 Evacuation Pause) 9230M->3525M(10240M) 160.335ms
[3683.988s][info][gc,cpu         ] GC(322) User=1.26s Sys=0.00s Real=0.16s
.........[3692.108s][info][gc,start       ] GC(323) Pause Young (Normal) (G1 Evacuation Pause)
[3692.108s][info][gc,task        ] GC(323) Using 8 workers of 8 for evacuation
[3692.268s][info][gc,phases      ] GC(323)   Pre Evacuate Collection Set: 0.27ms
[3692.268s][info][gc,phases      ] GC(323)   Merge Heap Roots: 0.55ms
[3692.268s][info][gc,phases      ] GC(323)   Evacuate Collection Set: 158.07ms
[3692.268s][info][gc,phases      ] GC(323)   Post Evacuate Collection Set: 1.25ms
[3692.268s][info][gc,phases      ] GC(323)   Other: 0.09ms
[3692.268s][info][gc,heap        ] GC(323) Eden regions: 716->0(716)
[3692.268s][info][gc,heap        ] GC(323) Survivor regions: 52->52(96)
[3692.268s][info][gc,heap        ] GC(323) Old regions: 360->362
[3692.268s][info][gc,heap        ] GC(323) Humongous regions: 33->33
[3692.268s][info][gc,metaspace   ] GC(323) Metaspace: 35696K(37888K)->35696K(37888K) NonClass: 26692K(26944K)->26692K(26944K) Class: 9004K(10944K)->9004K(10944K)
[3692.268s][info][gc             ] GC(323) Pause Young (Normal) (G1 Evacuation Pause) 9253M->3544M(10240M) 160.379ms
[3692.269s][info][gc,cpu         ] GC(323) User=1.26s Sys=0.00s Real=0.16s
........[3700.338s][info][gc,start       ] GC(324) Pause Young (Normal) (G1 Evacuation Pause)
[3700.338s][info][gc,task        ] GC(324) Using 8 workers of 8 for evacuation
[3700.496s][info][gc,phases      ] GC(324)   Pre Evacuate Collection Set: 0.31ms
[3700.496s][info][gc,phases      ] GC(324)   Merge Heap Roots: 0.58ms
[3700.496s][info][gc,phases      ] GC(324)   Evacuate Collection Set: 155.73ms
[3700.496s][info][gc,phases      ] GC(324)   Post Evacuate Collection Set: 1.28ms
[3700.496s][info][gc,phases      ] GC(324)   Other: 0.07ms
[3700.496s][info][gc,heap        ] GC(324) Eden regions: 716->0(717)
[3700.496s][info][gc,heap        ] GC(324) Survivor regions: 52->51(96)
[3700.496s][info][gc,heap        ] GC(324) Old regions: 362->364
[3700.496s][info][gc,heap        ] GC(324) Humongous regions: 33->33
[3700.496s][info][gc,metaspace   ] GC(324) Metaspace: 35696K(37888K)->35696K(37888K) NonClass: 26692K(26944K)->26692K(26944K) Class: 9004K(10944K)->9004K(10944K)
[3700.496s][info][gc             ] GC(324) Pause Young (Normal) (G1 Evacuation Pause) 9272M->3555M(10240M) 158.112ms
[3700.496s][info][gc,cpu         ] GC(324) User=1.24s Sys=0.00s Real=0.16s
.... (rIR:aIR:PR = 5812:5812:5812) (tPR = 86609) [OK] 
  3703s: Performance info:
         Transaction,    Success,    Partial,     Failed,   Receipts, AvgBarcode, 
             Overall,     350109,          0,          0,     332584,      59.47, 
         Response times:
             Request,    Success,    Partial,     Failed,   SkipFail,     Probes,    Samples,      min,      p50,      p90,      p95,      p99,      max, 
       TotalPurchase,     332584,          0,          0,          0,     325839,     360873,      400,     3900,     7000,     8400,    41000,   257000,
     InStorePurchase,     175076,          0,          0,          0,     171309,     189467,      400,     3900,     7000,     8400,    41000,   257000,
      OnlinePurchase,     122495,          0,          0,          0,     120451,     133385,      400,     3800,     7000,     8400,    40000,   256000,
        InstPurchase,      35013,          0,          0,          0,      34079,      38021,      500,     3800,     6900,     8300,    42000,   177000,
          AssocOfCat,        348,          0,          0,          0,        276,        382,    25000,    36000,    48000,    53000,   201020,   209000,
      AssocOfProduct,       3508,          0,          0,          0,       3250,       3752,      600,     4000,     7470,     8800,    38470,   256000,
      BusinessReport,        877,          0,          0,          0,        762,        973,    27000,    41000,    56000,    67000,   125040,   231000,
          CustBuyBeh,       3508,          0,          0,          0,       3253,       3777,      300,     4200,     7000,     8210,    42220,   169000,
       ProductReturn,       9285,          0,          0,          0,       8785,       9979,      200,     4000,     7000,     8300,    41000,   173000,

  3703s: (43%)   IR =   5950 ....[3708.551s][info][gc,start       ] GC(325) Pause Young (Normal) (G1 Evacuation Pause)
[3708.551s][info][gc,task        ] GC(325) Using 8 workers of 8 for evacuation
[3708.711s][info][gc,phases      ] GC(325)   Pre Evacuate Collection Set: 0.28ms
[3708.711s][info][gc,phases      ] GC(325)   Merge Heap Roots: 0.59ms
[3708.711s][info][gc,phases      ] GC(325)   Evacuate Collection Set: 158.02ms
[3708.711s][info][gc,phases      ] GC(325)   Post Evacuate Collection Set: 1.35ms
[3708.711s][info][gc,phases      ] GC(325)   Other: 0.08ms
[3708.711s][info][gc,heap        ] GC(325) Eden regions: 717->0(714)
[3708.711s][info][gc,heap        ] GC(325) Survivor regions: 51->51(96)
[3708.711s][info][gc,heap        ] GC(325) Old regions: 364->367
[3708.711s][info][gc,heap        ] GC(325) Humongous regions: 33->33
[3708.711s][info][gc,metaspace   ] GC(325) Metaspace: 35696K(37888K)->35696K(37888K) NonClass: 26692K(26944K)->26692K(26944K) Class: 9004K(10944K)->9004K(10944K)
[3708.711s][info][gc             ] GC(325) Pause Young (Normal) (G1 Evacuation Pause) 9291M->3575M(10240M) 160.467ms
[3708.711s][info][gc,cpu         ] GC(325) User=1.26s Sys=0.00s Real=0.16s
..|......[3716.649s][info][gc,start       ] GC(326) Pause Young (Normal) (G1 Evacuation Pause)
[3716.649s][info][gc,task        ] GC(326) Using 8 workers of 8 for evacuation
[3716.808s][info][gc,phases      ] GC(326)   Pre Evacuate Collection Set: 0.29ms
[3716.808s][info][gc,phases      ] GC(326)   Merge Heap Roots: 0.66ms
[3716.808s][info][gc,phases      ] GC(326)   Evacuate Collection Set: 157.02ms
[3716.808s][info][gc,phases      ] GC(326)   Post Evacuate Collection Set: 1.32ms
[3716.808s][info][gc,phases      ] GC(326)   Other: 0.07ms
[3716.808s][info][gc,heap        ] GC(326) Eden regions: 714->0(710)
[3716.808s][info][gc,heap        ] GC(326) Survivor regions: 51->52(96)
[3716.808s][info][gc,heap        ] GC(326) Old regions: 367->369
[3716.808s][info][gc,heap        ] GC(326) Humongous regions: 33->33
[3716.808s][info][gc,metaspace   ] GC(326) Metaspace: 35696K(37888K)->35696K(37888K) NonClass: 26692K(26944K)->26692K(26944K) Class: 9004K(10944K)->9004K(10944K)
[3716.808s][info][gc             ] GC(326) Pause Young (Normal) (G1 Evacuation Pause) 9287M->3598M(10240M) 159.517ms
[3716.808s][info][gc,cpu         ] GC(326) User=1.25s Sys=0.00s Real=0.16s
........[3724.625s][info][gc,start       ] GC(327) Pause Young (Normal) (G1 Evacuation Pause)
[3724.625s][info][gc,task        ] GC(327) Using 8 workers of 8 for evacuation
[3724.788s][info][gc,phases      ] GC(327)   Pre Evacuate Collection Set: 0.31ms
[3724.788s][info][gc,phases      ] GC(327)   Merge Heap Roots: 0.55ms
[3724.788s][info][gc,phases      ] GC(327)   Evacuate Collection Set: 160.17ms
[3724.788s][info][gc,phases      ] GC(327)   Post Evacuate Collection Set: 1.27ms
[3724.788s][info][gc,phases      ] GC(327)   Other: 0.07ms
[3724.788s][info][gc,heap        ] GC(327) Eden regions: 710->0(707)
[3724.788s][info][gc,heap        ] GC(327) Survivor regions: 52->52(96)
[3724.788s][info][gc,heap        ] GC(327) Old regions: 369->372
[3724.788s][info][gc,heap        ] GC(327) Humongous regions: 33->33
[3724.788s][info][gc,metaspace   ] GC(327) Metaspace: 35696K(37888K)->35696K(37888K) NonClass: 26692K(26944K)->26692K(26944K) Class: 9004K(10944K)->9004K(10944K)
[3724.788s][info][gc             ] GC(327) Pause Young (Normal) (G1 Evacuation Pause) 9278M->3621M(10240M) 162.495ms
[3724.788s][info][gc,cpu         ] GC(327) User=1.28s Sys=0.00s Real=0.16s
........[3732.623s][info][gc,start       ] GC(328) Pause Young (Normal) (G1 Evacuation Pause)
[3732.623s][info][gc,task        ] GC(328) Using 8 workers of 8 for evacuation
[3732.785s][info][gc,phases      ] GC(328)   Pre Evacuate Collection Set: 0.28ms
[3732.785s][info][gc,phases      ] GC(328)   Merge Heap Roots: 0.59ms
[3732.785s][info][gc,phases      ] GC(328)   Evacuate Collection Set: 159.98ms
[3732.785s][info][gc,phases      ] GC(328)   Post Evacuate Collection Set: 1.27ms
[3732.785s][info][gc,phases      ] GC(328)   Other: 0.06ms
[3732.785s][info][gc,heap        ] GC(328) Eden regions: 707->0(705)
[3732.785s][info][gc,heap        ] GC(328) Survivor regions: 52->52(95)
[3732.785s][info][gc,heap        ] GC(328) Old regions: 372->374
[3732.785s][info][gc,heap        ] GC(328) Humongous regions: 33->33
[3732.785s][info][gc,metaspace   ] GC(328) Metaspace: 35696K(37888K)->35696K(37888K) NonClass: 26692K(26944K)->26692K(26944K) Class: 9004K(10944K)->9004K(10944K)
[3732.785s][info][gc             ] GC(328) Pause Young (Normal) (G1 Evacuation Pause) 9277M->3638M(10240M) 162.326ms
[3732.785s][info][gc,cpu         ] GC(328) User=1.28s Sys=0.00s Real=0.16s
........[3740.606s][info][gc,start       ] GC(329) Pause Young (Normal) (G1 Evacuation Pause)
[3740.606s][info][gc,task        ] GC(329) Using 8 workers of 8 for evacuation
[3740.766s][info][gc,phases      ] GC(329)   Pre Evacuate Collection Set: 0.28ms
[3740.766s][info][gc,phases      ] GC(329)   Merge Heap Roots: 0.59ms
[3740.766s][info][gc,phases      ] GC(329)   Evacuate Collection Set: 157.95ms
[3740.766s][info][gc,phases      ] GC(329)   Post Evacuate Collection Set: 1.23ms
[3740.766s][info][gc,phases      ] GC(329)   Other: 0.06ms
[3740.766s][info][gc,heap        ] GC(329) Eden regions: 705->0(702)
[3740.766s][info][gc,heap        ] GC(329) Survivor regions: 52->52(95)
[3740.766s][info][gc,heap        ] GC(329) Old regions: 374->377
[3740.766s][info][gc,heap        ] GC(329) Humongous regions: 33->33
[3740.766s][info][gc,metaspace   ] GC(329) Metaspace: 35696K(37888K)->35696K(37888K) NonClass: 26692K(26944K)->26692K(26944K) Class: 9004K(10944K)->9004K(10944K)
[3740.766s][info][gc             ] GC(329) Pause Young (Normal) (G1 Evacuation Pause) 9278M->3657M(10240M) 160.270ms
[3740.766s][info][gc,cpu         ] GC(329) User=1.27s Sys=0.00s Real=0.16s
........[3748.460s][info][gc,start       ] GC(330) Pause Young (Normal) (G1 Evacuation Pause)
[3748.460s][info][gc,task        ] GC(330) Using 8 workers of 8 for evacuation
[3748.619s][info][gc,phases      ] GC(330)   Pre Evacuate Collection Set: 0.27ms
[3748.619s][info][gc,phases      ] GC(330)   Merge Heap Roots: 0.52ms
[3748.619s][info][gc,phases      ] GC(330)   Evacuate Collection Set: 156.58ms
[3748.619s][info][gc,phases      ] GC(330)   Post Evacuate Collection Set: 1.26ms
[3748.619s][info][gc,phases      ] GC(330)   Other: 0.06ms
[3748.619s][info][gc,heap        ] GC(330) Eden regions: 702->0(700)
[3748.619s][info][gc,heap        ] GC(330) Survivor regions: 52->52(95)
[3748.619s][info][gc,heap        ] GC(330) Old regions: 377->379
[3748.619s][info][gc,heap        ] GC(330) Humongous regions: 33->33
[3748.619s][info][gc,metaspace   ] GC(330) Metaspace: 35696K(37888K)->35696K(37888K) NonClass: 26692K(26944K)->26692K(26944K) Class: 9004K(10944K)->9004K(10944K)
[3748.619s][info][gc             ] GC(330) Pause Young (Normal) (G1 Evacuation Pause) 9273M->3681M(10240M) 158.829ms
[3748.619s][info][gc,cpu         ] GC(330) User=1.25s Sys=0.00s Real=0.16s
........[3756.395s][info][gc,start       ] GC(331) Pause Young (Normal) (G1 Evacuation Pause)
[3756.395s][info][gc,task        ] GC(331) Using 8 workers of 8 for evacuation
[3756.553s][info][gc,phases      ] GC(331)   Pre Evacuate Collection Set: 0.30ms
[3756.553s][info][gc,phases      ] GC(331)   Merge Heap Roots: 0.57ms
[3756.553s][info][gc,phases      ] GC(331)   Evacuate Collection Set: 155.66ms
[3756.553s][info][gc,phases      ] GC(331)   Post Evacuate Collection Set: 1.26ms
[3756.553s][info][gc,phases      ] GC(331)   Other: 0.08ms
[3756.553s][info][gc,heap        ] GC(331) Eden regions: 700->0(697)
[3756.553s][info][gc,heap        ] GC(331) Survivor regions: 52->52(94)
[3756.553s][info][gc,heap        ] GC(331) Old regions: 379->382
[3756.553s][info][gc,heap        ] GC(331) Humongous regions: 33->33
[3756.553s][info][gc,metaspace   ] GC(331) Metaspace: 35696K(37888K)->35696K(37888K) NonClass: 26692K(26944K)->26692K(26944K) Class: 9004K(10944K)->9004K(10944K)
[3756.553s][info][gc             ] GC(331) Pause Young (Normal) (G1 Evacuation Pause) 9281M->3698M(10240M) 157.998ms
[3756.553s][info][gc,cpu         ] GC(331) User=1.24s Sys=0.00s Real=0.16s
........[3764.268s][info][gc,start       ] GC(332) Pause Young (Normal) (G1 Evacuation Pause)
[3764.268s][info][gc,task        ] GC(332) Using 8 workers of 8 for evacuation
[3764.429s][info][gc,phases      ] GC(332)   Pre Evacuate Collection Set: 0.30ms
[3764.429s][info][gc,phases      ] GC(332)   Merge Heap Roots: 0.61ms
[3764.429s][info][gc,phases      ] GC(332)   Evacuate Collection Set: 159.38ms
[3764.429s][info][gc,phases      ] GC(332)   Post Evacuate Collection Set: 1.23ms
[3764.429s][info][gc,phases      ] GC(332)   Other: 0.07ms
[3764.429s][info][gc,heap        ] GC(332) Eden regions: 697->0(697)
[3764.429s][info][gc,heap        ] GC(332) Survivor regions: 52->51(94)
[3764.429s][info][gc,heap        ] GC(332) Old regions: 382->384
[3764.429s][info][gc,heap        ] GC(332) Humongous regions: 33->33
[3764.429s][info][gc,metaspace   ] GC(332) Metaspace: 35696K(37888K)->35696K(37888K) NonClass: 26692K(26944K)->26692K(26944K) Class: 9004K(10944K)->9004K(10944K)
[3764.429s][info][gc             ] GC(332) Pause Young (Normal) (G1 Evacuation Pause) 9274M->3715M(10240M) 161.736ms
[3764.429s][info][gc,cpu         ] GC(332) User=1.27s Sys=0.00s Real=0.16s
...... (rIR:aIR:PR = 5950:5951:5951) (tPR = 88470) [OK] 
  3769s: Performance info:
         Transaction,    Success,    Partial,     Failed,   Receipts, AvgBarcode, 
             Overall,     357232,          0,          0,     339341,      59.48, 
         Response times:
             Request,    Success,    Partial,     Failed,   SkipFail,     Probes,    Samples,      min,      p50,      p90,      p95,      p99,      max, 
       TotalPurchase,     339342,          0,          0,          0,     333462,     368353,      300,     4000,     7200,     8800,    56000,   333000,
     InStorePurchase,     178573,          0,          0,          0,     175973,     193981,      400,     4000,     7100,     8700,    58000,   333000,
      OnlinePurchase,     125045,          0,          0,          0,     122832,     135750,      300,     3900,     7300,     8900,    53000,   333000,
        InstPurchase,      35724,          0,          0,          0,      34657,      38622,      500,     4100,     7400,     8900,    56770,   277000,
          AssocOfCat,        358,          0,          0,          0,        276,        376,    28000,    37000,    52000,    57000,   100900,   223000,
      AssocOfProduct,       3571,          0,          0,          0,       3310,       3903,      800,     4700,     7900,     9700,    47920,   171000,
      BusinessReport,        897,          0,          0,          0,        784,        967,    30000,    43000,    59000,    68800,   196240,   239000,
          CustBuyBeh,       3573,          0,          0,          0,       3326,       3891,      200,     2900,     7000,     8500,    53080,   171000,
       ProductReturn,       9491,          0,          0,          0,       9074,      10295,      200,     3400,     6700,     8220,    59000,   333000,

  3769s: (44%)   IR =   6088 .[3772.108s][info][gc,start       ] GC(333) Pause Young (Normal) (G1 Evacuation Pause)
[3772.108s][info][gc,task        ] GC(333) Using 8 workers of 8 for evacuation
[3772.270s][info][gc,phases      ] GC(333)   Pre Evacuate Collection Set: 0.29ms
[3772.270s][info][gc,phases      ] GC(333)   Merge Heap Roots: 0.61ms
[3772.270s][info][gc,phases      ] GC(333)   Evacuate Collection Set: 159.39ms
[3772.270s][info][gc,phases      ] GC(333)   Post Evacuate Collection Set: 1.25ms
[3772.270s][info][gc,phases      ] GC(333)   Other: 0.06ms
[3772.270s][info][gc,heap        ] GC(333) Eden regions: 697->0(692)
[3772.270s][info][gc,heap        ] GC(333) Survivor regions: 51->52(94)
[3772.270s][info][gc,heap        ] GC(333) Old regions: 384->387
[3772.270s][info][gc,heap        ] GC(333) Humongous regions: 33->33
[3772.270s][info][gc,metaspace   ] GC(333) Metaspace: 35696K(37888K)->35696K(37888K) NonClass: 26692K(26944K)->26692K(26944K) Class: 9004K(10944K)->9004K(10944K)
[3772.270s][info][gc             ] GC(333) Pause Young (Normal) (G1 Evacuation Pause) 9291M->3739M(10240M) 161.747ms
[3772.270s][info][gc,cpu         ] GC(333) User=1.27s Sys=0.00s Real=0.16s
......|..[3779.728s][info][gc,start       ] GC(334) Pause Young (Normal) (G1 Evacuation Pause)
[3779.728s][info][gc,task        ] GC(334) Using 8 workers of 8 for evacuation
[3779.887s][info][gc,phases      ] GC(334)   Pre Evacuate Collection Set: 0.29ms
[3779.887s][info][gc,phases      ] GC(334)   Merge Heap Roots: 0.56ms
[3779.887s][info][gc,phases      ] GC(334)   Evacuate Collection Set: 156.56ms
[3779.887s][info][gc,phases      ] GC(334)   Post Evacuate Collection Set: 1.28ms
[3779.887s][info][gc,phases      ] GC(334)   Other: 0.07ms
[3779.887s][info][gc,heap        ] GC(334) Eden regions: 692->0(690)
[3779.887s][info][gc,heap        ] GC(334) Survivor regions: 52->52(93)
[3779.887s][info][gc,heap        ] GC(334) Old regions: 387->389
[3779.887s][info][gc,heap        ] GC(334) Humongous regions: 33->33
[3779.887s][info][gc,metaspace   ] GC(334) Metaspace: 35696K(37888K)->35696K(37888K) NonClass: 26692K(26944K)->26692K(26944K) Class: 9004K(10944K)->9004K(10944K)
[3779.887s][info][gc             ] GC(334) Pause Young (Normal) (G1 Evacuation Pause) 9275M->3763M(10240M) 158.898ms
[3779.887s][info][gc,cpu         ] GC(334) User=1.25s Sys=0.00s Real=0.16s
........[3787.361s][info][gc,start       ] GC(335) Pause Young (Normal) (G1 Evacuation Pause)
[3787.361s][info][gc,task        ] GC(335) Using 8 workers of 8 for evacuation
[3787.522s][info][gc,phases      ] GC(335)   Pre Evacuate Collection Set: 0.30ms
[3787.522s][info][gc,phases      ] GC(335)   Merge Heap Roots: 0.54ms
[3787.522s][info][gc,phases      ] GC(335)   Evacuate Collection Set: 158.92ms
[3787.522s][info][gc,phases      ] GC(335)   Post Evacuate Collection Set: 1.23ms
[3787.522s][info][gc,phases      ] GC(335)   Other: 0.07ms
[3787.522s][info][gc,heap        ] GC(335) Eden regions: 690->0(687)
[3787.522s][info][gc,heap        ] GC(335) Survivor regions: 52->52(93)
[3787.522s][info][gc,heap        ] GC(335) Old regions: 389->392
[3787.522s][info][gc,heap        ] GC(335) Humongous regions: 33->33
[3787.522s][info][gc,metaspace   ] GC(335) Metaspace: 35696K(37888K)->35696K(37888K) NonClass: 26692K(26944K)->26692K(26944K) Class: 9004K(10944K)->9004K(10944K)
[3787.522s][info][gc             ] GC(335) Pause Young (Normal) (G1 Evacuation Pause) 9283M->3785M(10240M) 161.208ms
[3787.522s][info][gc,cpu         ] GC(335) User=1.27s Sys=0.00s Real=0.17s
.......[3794.942s][info][gc,start       ] GC(336) Pause Young (Normal) (G1 Evacuation Pause)
[3794.942s][info][gc,task        ] GC(336) Using 8 workers of 8 for evacuation
[3795.101s][info][gc,phases      ] GC(336)   Pre Evacuate Collection Set: 0.32ms
[3795.101s][info][gc,phases      ] GC(336)   Merge Heap Roots: 0.64ms
[3795.101s][info][gc,phases      ] GC(336)   Evacuate Collection Set: 156.31ms
[3795.101s][info][gc,phases      ] GC(336)   Post Evacuate Collection Set: 1.23ms
[3795.101s][info][gc,phases      ] GC(336)   Other: 0.06ms
[3795.101s][info][gc,heap        ] GC(336) Eden regions: 687->0(686)
[3795.101s][info][gc,heap        ] GC(336) Survivor regions: 52->51(93)
[3795.101s][info][gc,heap        ] GC(336) Old regions: 392->395
[3795.101s][info][gc,heap        ] GC(336) Humongous regions: 33->33
[3795.101s][info][gc,metaspace   ] GC(336) Metaspace: 35696K(37888K)->35696K(37888K) NonClass: 26692K(26944K)->26692K(26944K) Class: 9004K(10944K)->9004K(10944K)
[3795.101s][info][gc             ] GC(336) Pause Young (Normal) (G1 Evacuation Pause) 9281M->3798M(10240M) 158.712ms
[3795.101s][info][gc,cpu         ] GC(336) User=1.24s Sys=0.01s Real=0.15s
........[3802.453s][info][gc,start       ] GC(337) Pause Young (Normal) (G1 Evacuation Pause)
[3802.453s][info][gc,task        ] GC(337) Using 8 workers of 8 for evacuation
[3802.611s][info][gc,phases      ] GC(337)   Pre Evacuate Collection Set: 0.29ms
[3802.611s][info][gc,phases      ] GC(337)   Merge Heap Roots: 0.56ms
[3802.611s][info][gc,phases      ] GC(337)   Evacuate Collection Set: 155.85ms
[3802.611s][info][gc,phases      ] GC(337)   Post Evacuate Collection Set: 1.22ms
[3802.611s][info][gc,phases      ] GC(337)   Other: 0.07ms
[3802.611s][info][gc,heap        ] GC(337) Eden regions: 686->0(685)
[3802.611s][info][gc,heap        ] GC(337) Survivor regions: 51->50(93)
[3802.611s][info][gc,heap        ] GC(337) Old regions: 395->398
[3802.611s][info][gc,heap        ] GC(337) Humongous regions: 33->33
[3802.611s][info][gc,metaspace   ] GC(337) Metaspace: 35696K(37888K)->35696K(37888K) NonClass: 26692K(26944K)->26692K(26944K) Class: 9004K(10944K)->9004K(10944K)
[3802.611s][info][gc             ] GC(337) Pause Young (Normal) (G1 Evacuation Pause) 9286M->3812M(10240M) 158.130ms
[3802.611s][info][gc,cpu         ] GC(337) User=1.24s Sys=0.01s Real=0.15s
.......[3810.025s][info][gc,start       ] GC(338) Pause Young (Normal) (G1 Evacuation Pause)
[3810.025s][info][gc,task        ] GC(338) Using 8 workers of 8 for evacuation
[3810.185s][info][gc,phases      ] GC(338)   Pre Evacuate Collection Set: 0.29ms
[3810.185s][info][gc,phases      ] GC(338)   Merge Heap Roots: 0.57ms
[3810.185s][info][gc,phases      ] GC(338)   Evacuate Collection Set: 158.37ms
[3810.185s][info][gc,phases      ] GC(338)   Post Evacuate Collection Set: 1.20ms
[3810.185s][info][gc,phases      ] GC(338)   Other: 0.09ms
[3810.185s][info][gc,heap        ] GC(338) Eden regions: 685->0(679)
[3810.185s][info][gc,heap        ] GC(338) Survivor regions: 50->52(92)
[3810.185s][info][gc,heap        ] GC(338) Old regions: 398->400
[3810.185s][info][gc,heap        ] GC(338) Humongous regions: 33->33
[3810.185s][info][gc,metaspace   ] GC(338) Metaspace: 35696K(37888K)->35696K(37888K) NonClass: 26692K(26944K)->26692K(26944K) Class: 9004K(10944K)->9004K(10944K)
[3810.185s][info][gc             ] GC(338) Pause Young (Normal) (G1 Evacuation Pause) 9292M->3850M(10240M) 160.642ms
[3810.186s][info][gc,cpu         ] GC(338) User=1.27s Sys=0.00s Real=0.16s
........[3817.556s][info][gc,start       ] GC(339) Pause Young (Normal) (G1 Evacuation Pause)
[3817.557s][info][gc,task        ] GC(339) Using 8 workers of 8 for evacuation
[3817.714s][info][gc,phases      ] GC(339)   Pre Evacuate Collection Set: 0.35ms
[3817.714s][info][gc,phases      ] GC(339)   Merge Heap Roots: 0.73ms
[3817.714s][info][gc,phases      ] GC(339)   Evacuate Collection Set: 155.15ms
[3817.714s][info][gc,phases      ] GC(339)   Post Evacuate Collection Set: 1.22ms
[3817.714s][info][gc,phases      ] GC(339)   Other: 0.09ms
[3817.714s][info][gc,heap        ] GC(339) Eden regions: 679->0(678)
[3817.714s][info][gc,heap        ] GC(339) Survivor regions: 52->51(92)
[3817.714s][info][gc,heap        ] GC(339) Old regions: 400->403
[3817.714s][info][gc,heap        ] GC(339) Humongous regions: 33->33
[3817.714s][info][gc,metaspace   ] GC(339) Metaspace: 35696K(37888K)->35696K(37888K) NonClass: 26692K(26944K)->26692K(26944K) Class: 9004K(10944K)->9004K(10944K)
[3817.714s][info][gc             ] GC(339) Pause Young (Normal) (G1 Evacuation Pause) 9282M->3859M(10240M) 157.688ms
[3817.714s][info][gc,cpu         ] GC(339) User=1.23s Sys=0.00s Real=0.16s
.......[3825.036s][info][gc,start       ] GC(340) Pause Young (Normal) (G1 Evacuation Pause)
[3825.036s][info][gc,task        ] GC(340) Using 8 workers of 8 for evacuation
[3825.203s][info][gc,phases      ] GC(340)   Pre Evacuate Collection Set: 0.29ms
[3825.203s][info][gc,phases      ] GC(340)   Merge Heap Roots: 0.60ms
[3825.203s][info][gc,phases      ] GC(340)   Evacuate Collection Set: 165.35ms
[3825.203s][info][gc,phases      ] GC(340)   Post Evacuate Collection Set: 1.21ms
[3825.203s][info][gc,phases      ] GC(340)   Other: 0.07ms
[3825.203s][info][gc,heap        ] GC(340) Eden regions: 678->0(671)
[3825.203s][info][gc,heap        ] GC(340) Survivor regions: 51->53(92)
[3825.203s][info][gc,heap        ] GC(340) Old regions: 403->406
[3825.203s][info][gc,heap        ] GC(340) Humongous regions: 33->33
[3825.203s][info][gc,metaspace   ] GC(340) Metaspace: 35696K(37888K)->35696K(37888K) NonClass: 26692K(26944K)->26692K(26944K) Class: 9004K(10944K)->9004K(10944K)
[3825.203s][info][gc             ] GC(340) Pause Young (Normal) (G1 Evacuation Pause) 9283M->3896M(10240M) 167.665ms
[3825.203s][info][gc,cpu         ] GC(340) User=1.32s Sys=0.00s Real=0.17s
........[3832.461s][info][gc,start       ] GC(341) Pause Young (Normal) (G1 Evacuation Pause)
[3832.461s][info][gc,task        ] GC(341) Using 8 workers of 8 for evacuation
[3832.620s][info][gc,phases      ] GC(341)   Pre Evacuate Collection Set: 0.31ms
[3832.620s][info][gc,phases      ] GC(341)   Merge Heap Roots: 0.62ms
[3832.620s][info][gc,phases      ] GC(341)   Evacuate Collection Set: 156.43ms
[3832.620s][info][gc,phases      ] GC(341)   Post Evacuate Collection Set: 1.23ms
[3832.620s][info][gc,phases      ] GC(341)   Other: 0.07ms
[3832.620s][info][gc,heap        ] GC(341) Eden regions: 671->0(673)
[3832.620s][info][gc,heap        ] GC(341) Survivor regions: 53->51(91)
[3832.620s][info][gc,heap        ] GC(341) Old regions: 406->408
[3832.620s][info][gc,heap        ] GC(341) Humongous regions: 33->33
[3832.620s][info][gc,metaspace   ] GC(341) Metaspace: 35698K(37888K)->35698K(37888K) NonClass: 26694K(26944K)->26694K(26944K) Class: 9004K(10944K)->9004K(10944K)
[3832.620s][info][gc             ] GC(341) Pause Young (Normal) (G1 Evacuation Pause) 9264M->3906M(10240M) 158.812ms
[3832.620s][info][gc,cpu         ] GC(341) User=1.24s Sys=0.00s Real=0.16s
..... (rIR:aIR:PR = 6088:6088:6088) (tPR = 90718) [OK] 
  3837s: Performance info:
         Transaction,    Success,    Partial,     Failed,   Receipts, AvgBarcode, 
             Overall,     365453,          0,          0,     347183,      59.47, 
         Response times:
             Request,    Success,    Partial,     Failed,   SkipFail,     Probes,    Samples,      min,      p50,      p90,      p95,      p99,      max, 
       TotalPurchase,     347182,          0,          0,          0,     339491,     381717,      300,     4100,     7400,     9100,    55000,   293000,
     InStorePurchase,     182678,          0,          0,          0,     178893,     200892,      300,     4100,     7400,     9100,    56000,   293000,
      OnlinePurchase,     127931,          0,          0,          0,     125289,     141038,      300,     4000,     7400,     9100,    52000,   293000,
        InstPurchase,      36573,          0,          0,          0,      35309,      39787,      500,     4200,     7400,     9300,    57000,   293000,
          AssocOfCat,        366,          0,          0,          0,        302,        422,    28000,    37000,    51700,    59000,   146620,   220000,
      AssocOfProduct,       3654,          0,          0,          0,       3356,       3950,      400,     4200,     7800,     9700,    59000,   169000,
      BusinessReport,        916,          0,          0,          0,        799,       1014,    28000,    42000,    59000,    69250,   214350,   237000,
          CustBuyBeh,       3664,          0,          0,          0,       3376,       3943,      200,     4200,     7500,     9400,    57120,   171000,
       ProductReturn,       9670,          0,          0,          0,       9193,      10553,      200,     4000,     7200,     8900,    58000,   255000,

  3837s: (45%)   IR =   6227 ..[3839.871s][info][gc,start       ] GC(342) Pause Young (Normal) (G1 Evacuation Pause)
[3839.871s][info][gc,task        ] GC(342) Using 8 workers of 8 for evacuation
[3840.028s][info][gc,phases      ] GC(342)   Pre Evacuate Collection Set: 0.26ms
[3840.028s][info][gc,phases      ] GC(342)   Merge Heap Roots: 0.56ms
[3840.028s][info][gc,phases      ] GC(342)   Evacuate Collection Set: 155.19ms
[3840.028s][info][gc,phases      ] GC(342)   Post Evacuate Collection Set: 1.27ms
[3840.028s][info][gc,phases      ] GC(342)   Other: 0.07ms
[3840.028s][info][gc,heap        ] GC(342) Eden regions: 673->0(670)
[3840.028s][info][gc,heap        ] GC(342) Survivor regions: 51->51(91)
[3840.028s][info][gc,heap        ] GC(342) Old regions: 408->411
[3840.028s][info][gc,heap        ] GC(342) Humongous regions: 33->33
[3840.028s][info][gc,metaspace   ] GC(342) Metaspace: 35698K(37888K)->35698K(37888K) NonClass: 26694K(26944K)->26694K(26944K) Class: 9004K(10944K)->9004K(10944K)
[3840.028s][info][gc             ] GC(342) Pause Young (Normal) (G1 Evacuation Pause) 9290M->3924M(10240M) 157.492ms
[3840.028s][info][gc,cpu         ] GC(342) User=1.24s Sys=0.00s Real=0.16s
...|....[3847.104s][info][gc,start       ] GC(343) Pause Young (Normal) (G1 Evacuation Pause)
[3847.104s][info][gc,task        ] GC(343) Using 8 workers of 8 for evacuation
[3847.265s][info][gc,phases      ] GC(343)   Pre Evacuate Collection Set: 0.29ms
[3847.265s][info][gc,phases      ] GC(343)   Merge Heap Roots: 0.56ms
[3847.265s][info][gc,phases      ] GC(343)   Evacuate Collection Set: 158.63ms
[3847.265s][info][gc,phases      ] GC(343)   Post Evacuate Collection Set: 1.22ms
[3847.265s][info][gc,phases      ] GC(343)   Other: 0.08ms
[3847.265s][info][gc,heap        ] GC(343) Eden regions: 670->0(667)
[3847.265s][info][gc,heap        ] GC(343) Survivor regions: 51->51(91)
[3847.265s][info][gc,heap        ] GC(343) Old regions: 411->414
[3847.265s][info][gc,heap        ] GC(343) Humongous regions: 33->33
[3847.265s][info][gc,metaspace   ] GC(343) Metaspace: 35698K(37888K)->35698K(37888K) NonClass: 26694K(26944K)->26694K(26944K) Class: 9004K(10944K)->9004K(10944K)
[3847.265s][info][gc             ] GC(343) Pause Young (Normal) (G1 Evacuation Pause) 9284M->3950M(10240M) 160.913ms
[3847.265s][info][gc,cpu         ] GC(343) User=1.26s Sys=0.00s Real=0.16s
.......[3854.284s][info][gc,start       ] GC(344) Pause Young (Normal) (G1 Evacuation Pause)
[3854.285s][info][gc,task        ] GC(344) Using 8 workers of 8 for evacuation
[3854.448s][info][gc,phases      ] GC(344)   Pre Evacuate Collection Set: 0.30ms
[3854.449s][info][gc,phases      ] GC(344)   Merge Heap Roots: 0.60ms
[3854.449s][info][gc,phases      ] GC(344)   Evacuate Collection Set: 161.75ms
[3854.449s][info][gc,phases      ] GC(344)   Post Evacuate Collection Set: 1.25ms
[3854.449s][info][gc,phases      ] GC(344)   Other: 0.07ms
[3854.449s][info][gc,heap        ] GC(344) Eden regions: 667->0(662)
[3854.449s][info][gc,heap        ] GC(344) Survivor regions: 51->52(90)
[3854.449s][info][gc,heap        ] GC(344) Old regions: 414->417
[3854.449s][info][gc,heap        ] GC(344) Humongous regions: 33->33
[3854.449s][info][gc,metaspace   ] GC(344) Metaspace: 35698K(37888K)->35698K(37888K) NonClass: 26694K(26944K)->26694K(26944K) Class: 9004K(10944K)->9004K(10944K)
[3854.449s][info][gc             ] GC(344) Pause Young (Normal) (G1 Evacuation Pause) 9286M->3977M(10240M) 164.867ms
[3854.449s][info][gc,cpu         ] GC(344) User=1.29s Sys=0.00s Real=0.16s
.......[3861.423s][info][gc,start       ] GC(345) Pause Young (Normal) (G1 Evacuation Pause)
[3861.423s][info][gc,task        ] GC(345) Using 8 workers of 8 for evacuation
[3861.584s][info][gc,phases      ] GC(345)   Pre Evacuate Collection Set: 0.29ms
[3861.584s][info][gc,phases      ] GC(345)   Merge Heap Roots: 0.61ms
[3861.584s][info][gc,phases      ] GC(345)   Evacuate Collection Set: 158.38ms
[3861.584s][info][gc,phases      ] GC(345)   Post Evacuate Collection Set: 1.20ms
[3861.584s][info][gc,phases      ] GC(345)   Other: 0.06ms
[3861.584s][info][gc,heap        ] GC(345) Eden regions: 662->0(662)
[3861.584s][info][gc,heap        ] GC(345) Survivor regions: 52->51(90)
[3861.584s][info][gc,heap        ] GC(345) Old regions: 417->419
[3861.584s][info][gc,heap        ] GC(345) Humongous regions: 33->33
[3861.584s][info][gc,metaspace   ] GC(345) Metaspace: 35698K(37888K)->35698K(37888K) NonClass: 26694K(26944K)->26694K(26944K) Class: 9004K(10944K)->9004K(10944K)
[3861.584s][info][gc             ] GC(345) Pause Young (Normal) (G1 Evacuation Pause) 9273M->3996M(10240M) 160.678ms
[3861.584s][info][gc,cpu         ] GC(345) User=1.27s Sys=0.00s Real=0.16s
........[3868.639s][info][gc,start       ] GC(346) Pause Young (Normal) (G1 Evacuation Pause)
[3868.639s][info][gc,task        ] GC(346) Using 8 workers of 8 for evacuation
[3868.796s][info][gc,phases      ] GC(346)   Pre Evacuate Collection Set: 0.29ms
[3868.796s][info][gc,phases      ] GC(346)   Merge Heap Roots: 0.59ms
[3868.796s][info][gc,phases      ] GC(346)   Evacuate Collection Set: 155.42ms
[3868.796s][info][gc,phases      ] GC(346)   Post Evacuate Collection Set: 1.20ms
[3868.796s][info][gc,phases      ] GC(346)   Other: 0.07ms
[3868.796s][info][gc,heap        ] GC(346) Eden regions: 662->0(659)
[3868.796s][info][gc,heap        ] GC(346) Survivor regions: 51->51(90)
[3868.796s][info][gc,heap        ] GC(346) Old regions: 419->422
[3868.796s][info][gc,heap        ] GC(346) Humongous regions: 33->33
[3868.796s][info][gc,metaspace   ] GC(346) Metaspace: 35698K(37888K)->35698K(37888K) NonClass: 26694K(26944K)->26694K(26944K) Class: 9004K(10944K)->9004K(10944K)
[3868.796s][info][gc             ] GC(346) Pause Young (Normal) (G1 Evacuation Pause) 9292M->4014M(10240M) 157.703ms
[3868.796s][info][gc,cpu         ] GC(346) User=1.24s Sys=0.00s Real=0.16s
.......[3875.706s][info][gc,start       ] GC(347) Pause Young (Normal) (G1 Evacuation Pause)
[3875.706s][info][gc,task        ] GC(347) Using 8 workers of 8 for evacuation
[3875.866s][info][gc,phases      ] GC(347)   Pre Evacuate Collection Set: 0.29ms
[3875.866s][info][gc,phases      ] GC(347)   Merge Heap Roots: 0.57ms
[3875.866s][info][gc,phases      ] GC(347)   Evacuate Collection Set: 157.86ms
[3875.866s][info][gc,phases      ] GC(347)   Post Evacuate Collection Set: 1.23ms
[3875.866s][info][gc,phases      ] GC(347)   Other: 0.09ms
[3875.866s][info][gc,heap        ] GC(347) Eden regions: 659->0(656)
[3875.866s][info][gc,heap        ] GC(347) Survivor regions: 51->51(89)
[3875.866s][info][gc,heap        ] GC(347) Old regions: 422->425
[3875.866s][info][gc,heap        ] GC(347) Humongous regions: 33->33
[3875.866s][info][gc,metaspace   ] GC(347) Metaspace: 35698K(37888K)->35698K(37888K) NonClass: 26694K(26944K)->26694K(26944K) Class: 9004K(10944K)->9004K(10944K)
[3875.866s][info][gc             ] GC(347) Pause Young (Normal) (G1 Evacuation Pause) 9286M->4040M(10240M) 160.167ms
[3875.866s][info][gc,cpu         ] GC(347) User=1.26s Sys=0.00s Real=0.16s
.......[3882.818s][info][gc,start       ] GC(348) Pause Young (Normal) (G1 Evacuation Pause)
[3882.818s][info][gc,task        ] GC(348) Using 8 workers of 8 for evacuation
[3882.976s][info][gc,phases      ] GC(348)   Pre Evacuate Collection Set: 0.28ms
[3882.976s][info][gc,phases      ] GC(348)   Merge Heap Roots: 0.59ms
[3882.976s][info][gc,phases      ] GC(348)   Evacuate Collection Set: 155.77ms
[3882.976s][info][gc,phases      ] GC(348)   Post Evacuate Collection Set: 1.21ms
[3882.976s][info][gc,phases      ] GC(348)   Other: 0.06ms
[3882.976s][info][gc,heap        ] GC(348) Eden regions: 656->0(653)
[3882.976s][info][gc,heap        ] GC(348) Survivor regions: 51->51(89)
[3882.976s][info][gc,heap        ] GC(348) Old regions: 425->428
[3882.976s][info][gc,heap        ] GC(348) Humongous regions: 33->33
[3882.976s][info][gc,metaspace   ] GC(348) Metaspace: 35698K(37888K)->35698K(37888K) NonClass: 26694K(26944K)->26694K(26944K) Class: 9004K(10944K)->9004K(10944K)
[3882.976s][info][gc             ] GC(348) Pause Young (Normal) (G1 Evacuation Pause) 9288M->4062M(10240M) 158.066ms
[3882.976s][info][gc,cpu         ] GC(348) User=1.24s Sys=0.00s Real=0.16s
.......[3889.845s][info][gc,start       ] GC(349) Pause Young (Normal) (G1 Evacuation Pause)
[3889.845s][info][gc,task        ] GC(349) Using 8 workers of 8 for evacuation
[3890.008s][info][gc,phases      ] GC(349)   Pre Evacuate Collection Set: 0.29ms
[3890.008s][info][gc,phases      ] GC(349)   Merge Heap Roots: 0.61ms
[3890.008s][info][gc,phases      ] GC(349)   Evacuate Collection Set: 160.73ms
[3890.008s][info][gc,phases      ] GC(349)   Post Evacuate Collection Set: 1.19ms
[3890.008s][info][gc,phases      ] GC(349)   Other: 0.07ms
[3890.008s][info][gc,heap        ] GC(349) Eden regions: 653->0(648)
[3890.008s][info][gc,heap        ] GC(349) Survivor regions: 51->52(88)
[3890.008s][info][gc,heap        ] GC(349) Old regions: 428->431
[3890.008s][info][gc,heap        ] GC(349) Humongous regions: 33->33
[3890.008s][info][gc,metaspace   ] GC(349) Metaspace: 35698K(37888K)->35698K(37888K) NonClass: 26694K(26944K)->26694K(26944K) Class: 9004K(10944K)->9004K(10944K)
[3890.008s][info][gc             ] GC(349) Pause Young (Normal) (G1 Evacuation Pause) 9286M->4093M(10240M) 163.044ms
[3890.008s][info][gc,cpu         ] GC(349) User=1.29s Sys=0.00s Real=0.16s
.......[3896.900s][info][gc,start       ] GC(350) Pause Young (Normal) (G1 Evacuation Pause)
[3896.900s][info][gc,task        ] GC(350) Using 8 workers of 8 for evacuation
[3897.059s][info][gc,phases      ] GC(350)   Pre Evacuate Collection Set: 0.27ms
[3897.059s][info][gc,phases      ] GC(350)   Merge Heap Roots: 0.53ms
[3897.059s][info][gc,phases      ] GC(350)   Evacuate Collection Set: 156.79ms
[3897.059s][info][gc,phases      ] GC(350)   Post Evacuate Collection Set: 1.17ms
[3897.059s][info][gc,phases      ] GC(350)   Other: 0.07ms
[3897.059s][info][gc,heap        ] GC(350) Eden regions: 648->0(654)
[3897.059s][info][gc,heap        ] GC(350) Survivor regions: 52->45(88)
[3897.059s][info][gc,heap        ] GC(350) Old regions: 431->439
[3897.059s][info][gc,heap        ] GC(350) Humongous regions: 33->33
[3897.059s][info][gc,metaspace   ] GC(350) Metaspace: 35699K(37888K)->35699K(37888K) NonClass: 26695K(26944K)->26695K(26944K) Class: 9004K(10944K)->9004K(10944K)
[3897.059s][info][gc             ] GC(350) Pause Young (Normal) (G1 Evacuation Pause) 9277M->4108M(10240M) 158.985ms
[3897.059s][info][gc,cpu         ] GC(350) User=1.25s Sys=0.00s Real=0.16s
...... (rIR:aIR:PR = 6227:6229:6229) (tPR = 92215) [OK] 
  3902s: Performance info:
         Transaction,    Success,    Partial,     Failed,   Receipts, AvgBarcode, 
             Overall,     375192,          0,          0,     356423,      59.48, 
         Response times:
             Request,    Success,    Partial,     Failed,   SkipFail,     Probes,    Samples,      min,      p50,      p90,      p95,      p99,      max, 
       TotalPurchase,     356423,          0,          0,          0,     349505,     380069,      400,     4200,     7700,     9600,    64000,   313000,
     InStorePurchase,     187599,          0,          0,          0,     183905,     199366,      400,     4100,     7600,     9500,    63000,   313000,
      OnlinePurchase,     131325,          0,          0,          0,     129183,     140709,      400,     4300,     7700,     9600,    66000,   313000,
        InstPurchase,      37499,          0,          0,          0,      36417,      39994,      500,     4600,     7800,     9700,    66000,   313000,
          AssocOfCat,        374,          0,          0,          0,        305,        397,    22000,    37000,    49200,    59100,   197160,   228000,
      AssocOfProduct,       3751,          0,          0,          0,       3495,       4010,      600,     4300,     8090,     9800,    53000,   169000,
      BusinessReport,        929,          0,          0,          0,        790,        986,    29000,    42000,    59000,    70000,   145670,   248000,
          CustBuyBeh,       3749,          0,          0,          0,       3488,       3944,      200,     3400,     7000,     8700,    65000,   171000,
       ProductReturn,       9967,          0,          0,          0,       9444,      10603,      200,     3800,     7300,     9000,    61000,   278000,

  3902s: (46%)   IR =   6365 .[3903.914s][info][gc,start       ] GC(351) Pause Young (Normal) (G1 Evacuation Pause)
[3903.914s][info][gc,task        ] GC(351) Using 8 workers of 8 for evacuation
[3904.065s][info][gc,phases      ] GC(351)   Pre Evacuate Collection Set: 0.29ms
[3904.065s][info][gc,phases      ] GC(351)   Merge Heap Roots: 0.60ms
[3904.065s][info][gc,phases      ] GC(351)   Evacuate Collection Set: 149.07ms
[3904.065s][info][gc,phases      ] GC(351)   Post Evacuate Collection Set: 1.23ms
[3904.065s][info][gc,phases      ] GC(351)   Other: 0.08ms
[3904.065s][info][gc,heap        ] GC(351) Eden regions: 654->0(642)
[3904.065s][info][gc,heap        ] GC(351) Survivor regions: 45->51(88)
[3904.065s][info][gc,heap        ] GC(351) Old regions: 439->439
[3904.065s][info][gc,heap        ] GC(351) Humongous regions: 33->33
[3904.065s][info][gc,metaspace   ] GC(351) Metaspace: 35699K(37888K)->35699K(37888K) NonClass: 26695K(26944K)->26695K(26944K) Class: 9004K(10944K)->9004K(10944K)
[3904.065s][info][gc             ] GC(351) Pause Young (Normal) (G1 Evacuation Pause) 9340M->4156M(10240M) 151.403ms
[3904.065s][info][gc,cpu         ] GC(351) User=1.19s Sys=0.00s Real=0.15s
...|....[3910.718s][info][gc,start       ] GC(352) Pause Young (Normal) (G1 Evacuation Pause)
[3910.718s][info][gc,task        ] GC(352) Using 8 workers of 8 for evacuation
[3910.875s][info][gc,phases      ] GC(352)   Pre Evacuate Collection Set: 0.31ms
[3910.875s][info][gc,phases      ] GC(352)   Merge Heap Roots: 0.53ms
[3910.875s][info][gc,phases      ] GC(352)   Evacuate Collection Set: 154.08ms
[3910.875s][info][gc,phases      ] GC(352)   Post Evacuate Collection Set: 1.18ms
[3910.875s][info][gc,phases      ] GC(352)   Other: 0.06ms
[3910.875s][info][gc,heap        ] GC(352) Eden regions: 642->0(638)
[3910.875s][info][gc,heap        ] GC(352) Survivor regions: 51->51(87)
[3910.875s][info][gc,heap        ] GC(352) Old regions: 439->443
[3910.875s][info][gc,heap        ] GC(352) Humongous regions: 33->33
[3910.875s][info][gc,metaspace   ] GC(352) Metaspace: 35699K(37888K)->35699K(37888K) NonClass: 26695K(26944K)->26695K(26944K) Class: 9004K(10944K)->9004K(10944K)
[3910.875s][info][gc             ] GC(352) Pause Young (Normal) (G1 Evacuation Pause) 9292M->4176M(10240M) 156.318ms
[3910.875s][info][gc,cpu         ] GC(352) User=1.23s Sys=0.00s Real=0.16s
......[3917.448s][info][gc,start       ] GC(353) Pause Young (Normal) (G1 Evacuation Pause)
[3917.448s][info][gc,task        ] GC(353) Using 8 workers of 8 for evacuation
[3917.604s][info][gc,phases      ] GC(353)   Pre Evacuate Collection Set: 0.29ms
[3917.604s][info][gc,phases      ] GC(353)   Merge Heap Roots: 0.58ms
[3917.604s][info][gc,phases      ] GC(353)   Evacuate Collection Set: 154.39ms
[3917.604s][info][gc,phases      ] GC(353)   Post Evacuate Collection Set: 1.22ms
[3917.604s][info][gc,phases      ] GC(353)   Other: 0.06ms
[3917.604s][info][gc,heap        ] GC(353) Eden regions: 638->0(638)
[3917.604s][info][gc,heap        ] GC(353) Survivor regions: 51->50(87)
[3917.604s][info][gc,heap        ] GC(353) Old regions: 443->445
[3917.605s][info][gc,heap        ] GC(353) Humongous regions: 33->33
[3917.605s][info][gc,metaspace   ] GC(353) Metaspace: 35699K(37888K)->35699K(37888K) NonClass: 26695K(26944K)->26695K(26944K) Class: 9004K(10944K)->9004K(10944K)
[3917.605s][info][gc             ] GC(353) Pause Young (Normal) (G1 Evacuation Pause) 9280M->4195M(10240M) 156.669ms
[3917.605s][info][gc,cpu         ] GC(353) User=1.23s Sys=0.00s Real=0.16s
.......[3924.201s][info][gc,start       ] GC(354) Pause Young (Normal) (G1 Evacuation Pause)
[3924.201s][info][gc,task        ] GC(354) Using 8 workers of 8 for evacuation
[3924.360s][info][gc,phases      ] GC(354)   Pre Evacuate Collection Set: 0.27ms
[3924.360s][info][gc,phases      ] GC(354)   Merge Heap Roots: 0.52ms
[3924.360s][info][gc,phases      ] GC(354)   Evacuate Collection Set: 156.31ms
[3924.360s][info][gc,phases      ] GC(354)   Post Evacuate Collection Set: 1.16ms
[3924.360s][info][gc,phases      ] GC(354)   Other: 0.06ms
[3924.360s][info][gc,heap        ] GC(354) Eden regions: 638->0(631)
[3924.360s][info][gc,heap        ] GC(354) Survivor regions: 50->52(86)
[3924.360s][info][gc,heap        ] GC(354) Old regions: 445->448
[3924.360s][info][gc,heap        ] GC(354) Humongous regions: 33->33
[3924.360s][info][gc,metaspace   ] GC(354) Metaspace: 35699K(37888K)->35699K(37888K) NonClass: 26695K(26944K)->26695K(26944K) Class: 9004K(10944K)->9004K(10944K)
[3924.360s][info][gc             ] GC(354) Pause Young (Normal) (G1 Evacuation Pause) 9299M->4231M(10240M) 158.458ms
[3924.360s][info][gc,cpu         ] GC(354) User=1.25s Sys=0.00s Real=0.16s
.......[3930.929s][info][gc,start       ] GC(355) Pause Young (Normal) (G1 Evacuation Pause)
[3930.929s][info][gc,task        ] GC(355) Using 8 workers of 8 for evacuation
[3931.090s][info][gc,phases      ] GC(355)   Pre Evacuate Collection Set: 0.27ms
[3931.090s][info][gc,phases      ] GC(355)   Merge Heap Roots: 0.55ms
[3931.090s][info][gc,phases      ] GC(355)   Evacuate Collection Set: 158.25ms
[3931.090s][info][gc,phases      ] GC(355)   Post Evacuate Collection Set: 1.18ms
[3931.090s][info][gc,phases      ] GC(355)   Other: 0.07ms
[3931.090s][info][gc,heap        ] GC(355) Eden regions: 631->0(633)
[3931.090s][info][gc,heap        ] GC(355) Survivor regions: 52->46(86)
[3931.090s][info][gc,heap        ] GC(355) Old regions: 448->458
[3931.090s][info][gc,heap        ] GC(355) Humongous regions: 33->33
[3931.090s][info][gc,metaspace   ] GC(355) Metaspace: 35699K(37888K)->35699K(37888K) NonClass: 26695K(26944K)->26695K(26944K) Class: 9004K(10944K)->9004K(10944K)
[3931.090s][info][gc             ] GC(355) Pause Young (Normal) (G1 Evacuation Pause) 9279M->4262M(10240M) 160.461ms
[3931.090s][info][gc,cpu         ] GC(355) User=1.26s Sys=0.00s Real=0.16s
......[3937.556s][info][gc,start       ] GC(356) Pause Young (Normal) (G1 Evacuation Pause)
[3937.557s][info][gc,task        ] GC(356) Using 8 workers of 8 for evacuation
[3937.712s][info][gc,phases      ] GC(356)   Pre Evacuate Collection Set: 0.30ms
[3937.712s][info][gc,phases      ] GC(356)   Merge Heap Roots: 0.60ms
[3937.712s][info][gc,phases      ] GC(356)   Evacuate Collection Set: 153.71ms
[3937.712s][info][gc,phases      ] GC(356)   Post Evacuate Collection Set: 1.13ms
[3937.712s][info][gc,phases      ] GC(356)   Other: 0.08ms
[3937.712s][info][gc,heap        ] GC(356) Eden regions: 633->0(627)
[3937.712s][info][gc,heap        ] GC(356) Survivor regions: 46->46(85)
[3937.712s][info][gc,heap        ] GC(356) Old regions: 458->464
[3937.712s][info][gc,heap        ] GC(356) Humongous regions: 33->33
[3937.712s][info][gc,metaspace   ] GC(356) Metaspace: 35699K(37888K)->35699K(37888K) NonClass: 26695K(26944K)->26695K(26944K) Class: 9004K(10944K)->9004K(10944K)
[3937.712s][info][gc             ] GC(356) Pause Young (Normal) (G1 Evacuation Pause) 9326M->4316M(10240M) 155.955ms
[3937.712s][info][gc,cpu         ] GC(356) User=1.22s Sys=0.00s Real=0.16s
.......[3944.185s][info][gc,start       ] GC(357) Pause Young (Normal) (G1 Evacuation Pause)
[3944.185s][info][gc,task        ] GC(357) Using 8 workers of 8 for evacuation
[3944.335s][info][gc,phases      ] GC(357)   Pre Evacuate Collection Set: 0.30ms
[3944.335s][info][gc,phases      ] GC(357)   Merge Heap Roots: 0.52ms
[3944.335s][info][gc,phases      ] GC(357)   Evacuate Collection Set: 148.09ms
[3944.335s][info][gc,phases      ] GC(357)   Post Evacuate Collection Set: 1.13ms
[3944.335s][info][gc,phases      ] GC(357)   Other: 0.07ms
[3944.335s][info][gc,heap        ] GC(357) Eden regions: 627->0(622)
[3944.335s][info][gc,heap        ] GC(357) Survivor regions: 46->45(85)
[3944.335s][info][gc,heap        ] GC(357) Old regions: 464->471
[3944.335s][info][gc,heap        ] GC(357) Humongous regions: 33->33
[3944.335s][info][gc,metaspace   ] GC(357) Metaspace: 35699K(37888K)->35699K(37888K) NonClass: 26695K(26944K)->26695K(26944K) Class: 9004K(10944K)->9004K(10944K)
[3944.335s][info][gc             ] GC(357) Pause Young (Normal) (G1 Evacuation Pause) 9332M->4361M(10240M) 150.253ms
[3944.335s][info][gc,cpu         ] GC(357) User=1.18s Sys=0.00s Real=0.15s
.......[3950.731s][info][gc,start       ] GC(358) Pause Young (Normal) (G1 Evacuation Pause)
[3950.731s][info][gc,task        ] GC(358) Using 8 workers of 8 for evacuation
[3950.877s][info][gc,phases      ] GC(358)   Pre Evacuate Collection Set: 0.29ms
[3950.877s][info][gc,phases      ] GC(358)   Merge Heap Roots: 0.53ms
[3950.877s][info][gc,phases      ] GC(358)   Evacuate Collection Set: 143.87ms
[3950.877s][info][gc,phases      ] GC(358)   Post Evacuate Collection Set: 1.12ms
[3950.877s][info][gc,phases      ] GC(358)   Other: 0.06ms
[3950.877s][info][gc,heap        ] GC(358) Eden regions: 622->0(617)
[3950.877s][info][gc,heap        ] GC(358) Survivor regions: 45->44(84)
[3950.877s][info][gc,heap        ] GC(358) Old regions: 471->478
[3950.877s][info][gc,heap        ] GC(358) Humongous regions: 33->33
[3950.877s][info][gc,metaspace   ] GC(358) Metaspace: 35699K(37888K)->35699K(37888K) NonClass: 26695K(26944K)->26695K(26944K) Class: 9004K(10944K)->9004K(10944K)
[3950.877s][info][gc             ] GC(358) Pause Young (Normal) (G1 Evacuation Pause) 9337M->4403M(10240M) 145.996ms
[3950.877s][info][gc,cpu         ] GC(358) User=1.15s Sys=0.00s Real=0.15s
......[3957.227s][info][gc,start       ] GC(359) Pause Young (Normal) (G1 Evacuation Pause)
[3957.227s][info][gc,task        ] GC(359) Using 8 workers of 8 for evacuation
[3957.375s][info][gc,phases      ] GC(359)   Pre Evacuate Collection Set: 0.27ms
[3957.375s][info][gc,phases      ] GC(359)   Merge Heap Roots: 0.52ms
[3957.375s][info][gc,phases      ] GC(359)   Evacuate Collection Set: 145.88ms
[3957.375s][info][gc,phases      ] GC(359)   Post Evacuate Collection Set: 1.12ms
[3957.375s][info][gc,phases      ] GC(359)   Other: 0.06ms
[3957.375s][info][gc,heap        ] GC(359) Eden regions: 617->0(610)
[3957.375s][info][gc,heap        ] GC(359) Survivor regions: 44->44(83)
[3957.375s][info][gc,heap        ] GC(359) Old regions: 478->485
[3957.375s][info][gc,heap        ] GC(359) Humongous regions: 33->33
[3957.375s][info][gc,metaspace   ] GC(359) Metaspace: 35699K(37888K)->35699K(37888K) NonClass: 26695K(26944K)->26695K(26944K) Class: 9004K(10944K)->9004K(10944K)
[3957.375s][info][gc             ] GC(359) Pause Young (Normal) (G1 Evacuation Pause) 9339M->4457M(10240M) 148.001ms
[3957.375s][info][gc,cpu         ] GC(359) User=1.16s Sys=0.00s Real=0.15s
......[3963.621s][info][gc,start       ] GC(360) Pause Young (Normal) (G1 Evacuation Pause)
[3963.622s][info][gc,task        ] GC(360) Using 8 workers of 8 for evacuation
[3963.770s][info][gc,phases      ] GC(360)   Pre Evacuate Collection Set: 0.30ms
[3963.770s][info][gc,phases      ] GC(360)   Merge Heap Roots: 0.59ms
[3963.770s][info][gc,phases      ] GC(360)   Evacuate Collection Set: 146.59ms
[3963.770s][info][gc,phases      ] GC(360)   Post Evacuate Collection Set: 1.07ms
[3963.770s][info][gc,phases      ] GC(360)   Other: 0.08ms
[3963.770s][info][gc,heap        ] GC(360) Eden regions: 610->0(604)
[3963.770s][info][gc,heap        ] GC(360) Survivor regions: 44->44(82)
[3963.770s][info][gc,heap        ] GC(360) Old regions: 485->491
[3963.770s][info][gc,heap        ] GC(360) Humongous regions: 33->33
[3963.770s][info][gc,metaspace   ] GC(360) Metaspace: 35699K(37888K)->35699K(37888K) NonClass: 26695K(26944K)->26695K(26944K) Class: 9004K(10944K)->9004K(10944K)
[3963.770s][info][gc             ] GC(360) Pause Young (Normal) (G1 Evacuation Pause) 9337M->4512M(10240M) 148.748ms
[3963.770s][info][gc,cpu         ] GC(360) User=1.17s Sys=0.00s Real=0.15s
.... (rIR:aIR:PR = 6365:6366:6366) (tPR = 95192) [OK] 
  3966s: Performance info:
         Transaction,    Success,    Partial,     Failed,   Receipts, AvgBarcode, 
             Overall,     382592,          0,          0,     363446,      59.47, 
         Response times:
             Request,    Success,    Partial,     Failed,   SkipFail,     Probes,    Samples,      min,      p50,      p90,      p95,      p99,      max, 
       TotalPurchase,     363446,          0,          0,          0,     355996,     381559,      400,     4200,     7800,     9900,    50000,   417000,
     InStorePurchase,     191261,          0,          0,          0,     187848,     201238,      400,     4100,     7800,    10000,    50000,   405000,
      OnlinePurchase,     133918,          0,          0,          0,     130973,     140344,      400,     4300,     7800,     9900,    49000,   417000,
        InstPurchase,      38267,          0,          0,          0,      37175,      39977,      400,     4200,     7800,     9700,    49000,   405000,
          AssocOfCat,        384,          0,          0,          0,        320,        414,    29000,    37000,    54500,    63250,   107650,   450000,
      AssocOfProduct,       3827,          0,          0,          0,       3565,       4061,      600,     5500,     8200,     9900,    59000,   403000,
      BusinessReport,        957,          0,          0,          0,        809,        980,    31000,    43000,    62000,    73950,   198330,   252000,
          CustBuyBeh,       3835,          0,          0,          0,       3579,       4086,      300,     4600,     7800,    10000,    60000,   405000,
       ProductReturn,      10143,          0,          0,          0,       9646,      10646,      200,     4000,     7800,     9900,    46000,   403000,

  3966s: (47%)   IR =   6503 ...[3969.984s][info][gc,start       ] GC(361) Pause Young (Normal) (G1 Evacuation Pause)
[3969.984s][info][gc,task        ] GC(361) Using 8 workers of 8 for evacuation
[3970.131s][info][gc,phases      ] GC(361)   Pre Evacuate Collection Set: 0.30ms
[3970.131s][info][gc,phases      ] GC(361)   Merge Heap Roots: 0.56ms
[3970.131s][info][gc,phases      ] GC(361)   Evacuate Collection Set: 145.45ms
[3970.131s][info][gc,phases      ] GC(361)   Post Evacuate Collection Set: 1.09ms
[3970.131s][info][gc,phases      ] GC(361)   Other: 0.06ms
[3970.131s][info][gc,heap        ] GC(361) Eden regions: 604->0(597)
[3970.131s][info][gc,heap        ] GC(361) Survivor regions: 44->44(81)
[3970.131s][info][gc,heap        ] GC(361) Old regions: 491->498
[3970.131s][info][gc,heap        ] GC(361) Humongous regions: 33->33
[3970.131s][info][gc,metaspace   ] GC(361) Metaspace: 35699K(37888K)->35699K(37888K) NonClass: 26695K(26944K)->26695K(26944K) Class: 9004K(10944K)->9004K(10944K)
[3970.131s][info][gc             ] GC(361) Pause Young (Normal) (G1 Evacuation Pause) 9344M->4571M(10240M) 147.624ms
[3970.131s][info][gc,cpu         ] GC(361) User=1.16s Sys=0.00s Real=0.14s
....|..[3976.122s][info][gc,start       ] GC(362) Pause Young (Normal) (G1 Evacuation Pause)
[3976.122s][info][gc,task        ] GC(362) Using 8 workers of 8 for evacuation
[3976.269s][info][gc,phases      ] GC(362)   Pre Evacuate Collection Set: 0.30ms
[3976.269s][info][gc,phases      ] GC(362)   Merge Heap Roots: 0.53ms
[3976.269s][info][gc,phases      ] GC(362)   Evacuate Collection Set: 145.27ms
[3976.269s][info][gc,phases      ] GC(362)   Post Evacuate Collection Set: 1.11ms
[3976.269s][info][gc,phases      ] GC(362)   Other: 0.07ms
[3976.269s][info][gc,heap        ] GC(362) Eden regions: 597->0(590)
[3976.269s][info][gc,heap        ] GC(362) Survivor regions: 44->44(81)
[3976.269s][info][gc,heap        ] GC(362) Old regions: 498->505
[3976.269s][info][gc,heap        ] GC(362) Humongous regions: 33->33
[3976.269s][info][gc,metaspace   ] GC(362) Metaspace: 35699K(37888K)->35699K(37888K) NonClass: 26695K(26944K)->26695K(26944K) Class: 9004K(10944K)->9004K(10944K)
[3976.269s][info][gc             ] GC(362) Pause Young (Normal) (G1 Evacuation Pause) 9347M->4627M(10240M) 147.414ms
[3976.269s][info][gc,cpu         ] GC(362) User=1.16s Sys=0.00s Real=0.15s
......[3982.244s][info][gc,start       ] GC(363) Pause Young (Normal) (G1 Evacuation Pause)
[3982.244s][info][gc,task        ] GC(363) Using 8 workers of 8 for evacuation
[3982.393s][info][gc,phases      ] GC(363)   Pre Evacuate Collection Set: 0.29ms
[3982.393s][info][gc,phases      ] GC(363)   Merge Heap Roots: 0.55ms
[3982.393s][info][gc,phases      ] GC(363)   Evacuate Collection Set: 147.74ms
[3982.393s][info][gc,phases      ] GC(363)   Post Evacuate Collection Set: 1.09ms
[3982.393s][info][gc,phases      ] GC(363)   Other: 0.08ms
[3982.394s][info][gc,heap        ] GC(363) Eden regions: 590->0(583)
[3982.394s][info][gc,heap        ] GC(363) Survivor regions: 44->44(80)
[3982.394s][info][gc,heap        ] GC(363) Old regions: 505->512
[3982.394s][info][gc,heap        ] GC(363) Humongous regions: 33->33
[3982.394s][info][gc,metaspace   ] GC(363) Metaspace: 35699K(37888K)->35699K(37888K) NonClass: 26695K(26944K)->26695K(26944K) Class: 9004K(10944K)->9004K(10944K)
[3982.394s][info][gc             ] GC(363) Pause Young (Normal) (G1 Evacuation Pause) 9347M->4680M(10240M) 149.877ms
[3982.394s][info][gc,cpu         ] GC(363) User=1.18s Sys=0.00s Real=0.15s
......[3988.234s][info][gc,start       ] GC(364) Pause Young (Normal) (G1 Evacuation Pause)
[3988.234s][info][gc,task        ] GC(364) Using 8 workers of 8 for evacuation
[3988.380s][info][gc,phases      ] GC(364)   Pre Evacuate Collection Set: 0.30ms
[3988.380s][info][gc,phases      ] GC(364)   Merge Heap Roots: 0.57ms
[3988.380s][info][gc,phases      ] GC(364)   Evacuate Collection Set: 143.99ms
[3988.380s][info][gc,phases      ] GC(364)   Post Evacuate Collection Set: 1.09ms
[3988.380s][info][gc,phases      ] GC(364)   Other: 0.07ms
[3988.380s][info][gc,heap        ] GC(364) Eden regions: 583->0(577)
[3988.380s][info][gc,heap        ] GC(364) Survivor regions: 44->43(79)
[3988.380s][info][gc,heap        ] GC(364) Old regions: 512->520
[3988.380s][info][gc,heap        ] GC(364) Humongous regions: 33->33
[3988.380s][info][gc,metaspace   ] GC(364) Metaspace: 35699K(37888K)->35699K(37888K) NonClass: 26695K(26944K)->26695K(26944K) Class: 9004K(10944K)->9004K(10944K)
[3988.380s][info][gc             ] GC(364) Pause Young (Normal) (G1 Evacuation Pause) 9344M->4733M(10240M) 146.169ms
[3988.380s][info][gc,cpu         ] GC(364) User=1.15s Sys=0.00s Real=0.14s
......[3994.187s][info][gc,start       ] GC(365) Pause Young (Normal) (G1 Evacuation Pause)
[3994.188s][info][gc,task        ] GC(365) Using 8 workers of 8 for evacuation
[3994.331s][info][gc,phases      ] GC(365)   Pre Evacuate Collection Set: 0.30ms
[3994.331s][info][gc,phases      ] GC(365)   Merge Heap Roots: 0.53ms
[3994.331s][info][gc,phases      ] GC(365)   Evacuate Collection Set: 141.73ms
[3994.331s][info][gc,phases      ] GC(365)   Post Evacuate Collection Set: 1.04ms
[3994.331s][info][gc,phases      ] GC(365)   Other: 0.07ms
[3994.331s][info][gc,heap        ] GC(365) Eden regions: 577->0(570)
[3994.331s][info][gc,heap        ] GC(365) Survivor regions: 43->43(78)
[3994.331s][info][gc,heap        ] GC(365) Old regions: 520->527
[3994.331s][info][gc,heap        ] GC(365) Humongous regions: 33->33
[3994.331s][info][gc,metaspace   ] GC(365) Metaspace: 35699K(37888K)->35699K(37888K) NonClass: 26695K(26944K)->26695K(26944K) Class: 9004K(10944K)->9004K(10944K)
[3994.331s][info][gc             ] GC(365) Pause Young (Normal) (G1 Evacuation Pause) 9349M->4790M(10240M) 143.790ms
[3994.331s][info][gc,cpu         ] GC(365) User=1.13s Sys=0.00s Real=0.14s
......[4000.157s][info][gc,start       ] GC(366) Pause Young (Normal) (G1 Evacuation Pause)
[4000.157s][info][gc,task        ] GC(366) Using 8 workers of 8 for evacuation
[4000.300s][info][gc,phases      ] GC(366)   Pre Evacuate Collection Set: 0.29ms
[4000.300s][info][gc,phases      ] GC(366)   Merge Heap Roots: 0.55ms
[4000.300s][info][gc,phases      ] GC(366)   Evacuate Collection Set: 141.40ms
[4000.300s][info][gc,phases      ] GC(366)   Post Evacuate Collection Set: 1.04ms
[4000.300s][info][gc,phases      ] GC(366)   Other: 0.07ms
[4000.300s][info][gc,heap        ] GC(366) Eden regions: 570->0(561)
[4000.300s][info][gc,heap        ] GC(366) Survivor regions: 43->44(77)
[4000.300s][info][gc,heap        ] GC(366) Old regions: 527->534
[4000.300s][info][gc,heap        ] GC(366) Humongous regions: 33->33
[4000.300s][info][gc,metaspace   ] GC(366) Metaspace: 35699K(37888K)->35699K(37888K) NonClass: 26695K(26944K)->26695K(26944K) Class: 9004K(10944K)->9004K(10944K)
[4000.300s][info][gc             ] GC(366) Pause Young (Normal) (G1 Evacuation Pause) 9350M->4850M(10240M) 143.490ms
[4000.301s][info][gc,cpu         ] GC(366) User=1.13s Sys=0.00s Real=0.14s
......[4005.944s][info][gc,start       ] GC(367) Pause Young (Normal) (G1 Evacuation Pause)
[4005.944s][info][gc,task        ] GC(367) Using 8 workers of 8 for evacuation
[4006.090s][info][gc,phases      ] GC(367)   Pre Evacuate Collection Set: 0.26ms
[4006.090s][info][gc,phases      ] GC(367)   Merge Heap Roots: 0.58ms
[4006.090s][info][gc,phases      ] GC(367)   Evacuate Collection Set: 144.08ms
[4006.090s][info][gc,phases      ] GC(367)   Post Evacuate Collection Set: 1.03ms
[4006.090s][info][gc,phases      ] GC(367)   Other: 0.06ms
[4006.090s][info][gc,heap        ] GC(367) Eden regions: 561->0(554)
[4006.090s][info][gc,heap        ] GC(367) Survivor regions: 44->44(76)
[4006.090s][info][gc,heap        ] GC(367) Old regions: 534->541
[4006.090s][info][gc,heap        ] GC(367) Humongous regions: 33->33
[4006.090s][info][gc,metaspace   ] GC(367) Metaspace: 35699K(37888K)->35699K(37888K) NonClass: 26695K(26944K)->26695K(26944K) Class: 9004K(10944K)->9004K(10944K)
[4006.090s][info][gc             ] GC(367) Pause Young (Normal) (G1 Evacuation Pause) 9338M->4909M(10240M) 146.147ms
[4006.090s][info][gc,cpu         ] GC(367) User=1.15s Sys=0.00s Real=0.14s
.....[4011.619s][info][gc,start       ] GC(368) Pause Young (Normal) (G1 Evacuation Pause)
[4011.619s][info][gc,task        ] GC(368) Using 8 workers of 8 for evacuation
[4011.759s][info][gc,phases      ] GC(368)   Pre Evacuate Collection Set: 0.27ms
[4011.759s][info][gc,phases      ] GC(368)   Merge Heap Roots: 0.53ms
[4011.759s][info][gc,phases      ] GC(368)   Evacuate Collection Set: 138.36ms
[4011.759s][info][gc,phases      ] GC(368)   Post Evacuate Collection Set: 1.05ms
[4011.759s][info][gc,phases      ] GC(368)   Other: 0.06ms
[4011.759s][info][gc,heap        ] GC(368) Eden regions: 554->0(548)
[4011.759s][info][gc,heap        ] GC(368) Survivor regions: 44->43(75)
[4011.759s][info][gc,heap        ] GC(368) Old regions: 541->549
[4011.759s][info][gc,heap        ] GC(368) Humongous regions: 33->33
[4011.759s][info][gc,metaspace   ] GC(368) Metaspace: 35699K(37888K)->35699K(37888K) NonClass: 26695K(26944K)->26695K(26944K) Class: 9004K(10944K)->9004K(10944K)
[4011.759s][info][gc             ] GC(368) Pause Young (Normal) (G1 Evacuation Pause) 9341M->4962M(10240M) 140.405ms
[4011.759s][info][gc,cpu         ] GC(368) User=1.10s Sys=0.00s Real=0.14s
......[4017.302s][info][gc,start       ] GC(369) Pause Young (Concurrent Start) (G1 Evacuation Pause)
[4017.302s][info][gc,task        ] GC(369) Using 8 workers of 8 for evacuation
[4017.449s][info][gc,phases      ] GC(369)   Pre Evacuate Collection Set: 0.34ms
[4017.449s][info][gc,phases      ] GC(369)   Merge Heap Roots: 0.55ms
[4017.449s][info][gc,phases      ] GC(369)   Evacuate Collection Set: 144.22ms
[4017.449s][info][gc,phases      ] GC(369)   Post Evacuate Collection Set: 1.00ms
[4017.449s][info][gc,phases      ] GC(369)   Other: 0.10ms
[4017.449s][info][gc,heap        ] GC(369) Eden regions: 548->0(541)
[4017.449s][info][gc,heap        ] GC(369) Survivor regions: 43->43(74)
[4017.449s][info][gc,heap        ] GC(369) Old regions: 549->556
[4017.449s][info][gc,heap        ] GC(369) Humongous regions: 33->33
[4017.449s][info][gc,metaspace   ] GC(369) Metaspace: 35699K(37888K)->35699K(37888K) NonClass: 26695K(26944K)->26695K(26944K) Class: 9004K(10944K)->9004K(10944K)
[4017.449s][info][gc             ] GC(369) Pause Young (Concurrent Start) (G1 Evacuation Pause) 9346M->5022M(10240M) 146.337ms
[4017.449s][info][gc             ] GC(370) Concurrent Mark Cycle
[4017.449s][info][gc,marking     ] GC(370) Concurrent Scan Root Regions
[4017.449s][info][gc,cpu         ] GC(369) User=1.15s Sys=0.00s Real=0.14s
[4017.757s][info][gc,marking     ] GC(370) Concurrent Scan Root Regions 308.056ms
[4017.757s][info][gc,marking     ] GC(370) Concurrent Mark
[4017.757s][info][gc,marking     ] GC(370) Concurrent Mark From Roots
[4017.757s][info][gc,task        ] GC(370) Using 2 workers of 2 for marking
.[4018.546s][info][gc,marking     ] GC(370) Concurrent Mark From Roots 788.799ms
[4018.546s][info][gc,marking     ] GC(370) Concurrent Preclean
[4018.546s][info][gc,marking     ] GC(370) Concurrent Preclean 0.377ms
[4018.546s][info][gc,start       ] GC(370) Pause Remark
[4018.549s][info][gc             ] GC(370) Pause Remark 5994M->5010M(10240M) 2.669ms
[4018.549s][info][gc,cpu         ] GC(370) User=0.02s Sys=0.00s Real=0.00s
[4018.549s][info][gc,marking     ] GC(370) Concurrent Mark 792.143ms
[4018.549s][info][gc,marking     ] GC(370) Concurrent Rebuild Remembered Sets and Scrub Regions
.[4018.980s][info][gc,marking     ] GC(370) Concurrent Rebuild Remembered Sets and Scrub Regions 430.846ms
[4018.980s][info][gc,start       ] GC(370) Pause Cleanup
[4018.980s][info][gc             ] GC(370) Pause Cleanup 5342M->5342M(10240M) 0.386ms
[4018.980s][info][gc,cpu         ] GC(370) User=0.00s Sys=0.00s Real=0.00s
[4018.980s][info][gc,marking     ] GC(370) Concurrent Clear Claimed Marks
[4018.981s][info][gc,marking     ] GC(370) Concurrent Clear Claimed Marks 0.049ms
[4018.981s][info][gc,marking     ] GC(370) Concurrent Cleanup for Next Mark
[4018.994s][info][gc,marking     ] GC(370) Concurrent Cleanup for Next Mark 13.398ms
[4018.994s][info][gc             ] GC(370) Concurrent Mark Cycle 1545.348ms
...[4022.857s][info][gc,start       ] GC(371) Pause Young (Prepare Mixed) (G1 Evacuation Pause)
[4022.857s][info][gc,task        ] GC(371) Using 8 workers of 8 for evacuation
[4023.004s][info][gc,phases      ] GC(371)   Pre Evacuate Collection Set: 0.27ms
[4023.004s][info][gc,phases      ] GC(371)   Merge Heap Roots: 0.69ms
[4023.004s][info][gc,phases      ] GC(371)   Evacuate Collection Set: 144.88ms
[4023.004s][info][gc,phases      ] GC(371)   Post Evacuate Collection Set: 1.15ms
[4023.004s][info][gc,phases      ] GC(371)   Other: 0.09ms
[4023.004s][info][gc,heap        ] GC(371) Eden regions: 541->0(656)
[4023.004s][info][gc,heap        ] GC(371) Survivor regions: 43->43(73)
[4023.004s][info][gc,heap        ] GC(371) Old regions: 433->441
[4023.004s][info][gc,heap        ] GC(371) Humongous regions: 33->33
[4023.004s][info][gc,metaspace   ] GC(371) Metaspace: 35699K(37888K)->35699K(37888K) NonClass: 26695K(26944K)->26695K(26944K) Class: 9004K(10944K)->9004K(10944K)
[4023.004s][info][gc             ] GC(371) Pause Young (Prepare Mixed) (G1 Evacuation Pause) 8366M->4102M(10240M) 147.225ms
[4023.004s][info][gc,cpu         ] GC(371) User=1.16s Sys=0.00s Real=0.15s
.......[4029.620s][info][gc,start       ] GC(372) Pause Young (Mixed) (G1 Evacuation Pause)
[4029.620s][info][gc,task        ] GC(372) Using 8 workers of 8 for evacuation
[4029.769s][info][gc,phases      ] GC(372)   Pre Evacuate Collection Set: 0.34ms
[4029.769s][info][gc,phases      ] GC(372)   Merge Heap Roots: 0.68ms
[4029.769s][info][gc,phases      ] GC(372)   Evacuate Collection Set: 146.93ms
[4029.769s][info][gc,phases      ] GC(372)   Post Evacuate Collection Set: 1.41ms
[4029.769s][info][gc,phases      ] GC(372)   Other: 0.09ms
[4029.769s][info][gc,heap        ] GC(372) Eden regions: 656->0(715)
[4029.769s][info][gc,heap        ] GC(372) Survivor regions: 43->50(88)
[4029.769s][info][gc,heap        ] GC(372) Old regions: 441->314
[4029.769s][info][gc,heap        ] GC(372) Humongous regions: 33->33
[4029.769s][info][gc,metaspace   ] GC(372) Metaspace: 35699K(37888K)->35699K(37888K) NonClass: 26695K(26944K)->26695K(26944K) Class: 9004K(10944K)->9004K(10944K)
[4029.769s][info][gc             ] GC(372) Pause Young (Mixed) (G1 Evacuation Pause) 9350M->3137M(10240M) 149.593ms
[4029.769s][info][gc,cpu         ] GC(372) User=1.18s Sys=0.00s Real=0.15s
..... (rIR:aIR:PR = 6503:6505:6505) (tPR = 95911) [OK] 
  4033s: Performance info:
         Transaction,    Success,    Partial,     Failed,   Receipts, AvgBarcode, 
             Overall,     391426,          0,          0,     371845,      59.47, 
         Response times:
             Request,    Success,    Partial,     Failed,   SkipFail,     Probes,    Samples,      min,      p50,      p90,      p95,      p99,      max, 
       TotalPurchase,     371845,          0,          0,          0,     359983,     404364,      400,     4400,     8500,    12300,    74000,   489000,
     InStorePurchase,     195649,          0,          0,          0,     189346,     212397,      400,     4400,     8500,    12400,    73000,   489000,
      OnlinePurchase,     137069,          0,          0,          0,     132476,     148835,      400,     4500,     8500,    11900,    74000,   488000,
        InstPurchase,      39127,          0,          0,          0,      38161,      43132,      500,     4500,     8500,    12400,    75000,   253000,
          AssocOfCat,        392,          0,          0,          0,        319,        414,    25000,    38000,    52000,    58250,   176350,   197000,
      AssocOfProduct,       3924,          0,          0,          0,       3703,       4356,      800,     5400,     9200,    13545,    84430,   167000,
      BusinessReport,        973,          0,          0,          0,        869,       1085,    32000,    45000,    63000,    78000,   189840,   236000,
          CustBuyBeh,       3907,          0,          0,          0,       3636,       4325,      200,     4900,     8500,    11770,    77740,   240000,
       ProductReturn,      10383,          0,          0,          0,       9896,      11397,      200,     4700,     8400,    12200,    84000,   162000,

  4033s: (48%)   IR =   6642 ..[4036.927s][info][gc,start       ] GC(373) Pause Young (Mixed) (G1 Evacuation Pause)
[4036.927s][info][gc,task        ] GC(373) Using 8 workers of 8 for evacuation
[4037.087s][info][gc,phases      ] GC(373)   Pre Evacuate Collection Set: 0.33ms
[4037.087s][info][gc,phases      ] GC(373)   Merge Heap Roots: 0.69ms
[4037.087s][info][gc,phases      ] GC(373)   Evacuate Collection Set: 157.80ms
[4037.087s][info][gc,phases      ] GC(373)   Post Evacuate Collection Set: 1.47ms
[4037.087s][info][gc,phases      ] GC(373)   Other: 0.08ms
[4037.087s][info][gc,heap        ] GC(373) Eden regions: 711->0(701)
[4037.087s][info][gc,heap        ] GC(373) Survivor regions: 50->53(96)
[4037.087s][info][gc,heap        ] GC(373) Old regions: 314->276
[4037.087s][info][gc,heap        ] GC(373) Humongous regions: 33->33
[4037.087s][info][gc,metaspace   ] GC(373) Metaspace: 35699K(37888K)->35699K(37888K) NonClass: 26695K(26944K)->26695K(26944K) Class: 9004K(10944K)->9004K(10944K)
[4037.087s][info][gc             ] GC(373) Pause Young (Mixed) (G1 Evacuation Pause) 8825M->2863M(10240M) 160.515ms
[4037.087s][info][gc,cpu         ] GC(373) User=1.26s Sys=0.01s Real=0.16s
....|...[4043.963s][info][gc,start       ] GC(374) Pause Young (Mixed) (G1 Evacuation Pause)
[4043.964s][info][gc,task        ] GC(374) Using 8 workers of 8 for evacuation
[4044.124s][info][gc,phases      ] GC(374)   Pre Evacuate Collection Set: 0.30ms
[4044.124s][info][gc,phases      ] GC(374)   Merge Heap Roots: 0.78ms
[4044.124s][info][gc,phases      ] GC(374)   Evacuate Collection Set: 158.15ms
[4044.124s][info][gc,phases      ] GC(374)   Post Evacuate Collection Set: 1.37ms
[4044.124s][info][gc,phases      ] GC(374)   Other: 0.08ms
[4044.124s][info][gc,heap        ] GC(374) Eden regions: 695->0(716)
[4044.124s][info][gc,heap        ] GC(374) Survivor regions: 53->52(94)
[4044.124s][info][gc,heap        ] GC(374) Old regions: 276->241
[4044.124s][info][gc,heap        ] GC(374) Humongous regions: 33->33
[4044.124s][info][gc,metaspace   ] GC(374) Metaspace: 35699K(37888K)->35699K(37888K) NonClass: 26695K(26944K)->26695K(26944K) Class: 9004K(10944K)->9004K(10944K)
[4044.124s][info][gc             ] GC(374) Pause Young (Mixed) (G1 Evacuation Pause) 8423M->2576M(10240M) 160.823ms
[4044.124s][info][gc,cpu         ] GC(374) User=1.26s Sys=0.00s Real=0.16s
........[4051.254s][info][gc,start       ] GC(375) Pause Young (Mixed) (G1 Evacuation Pause)
[4051.254s][info][gc,task        ] GC(375) Using 8 workers of 8 for evacuation
[4051.417s][info][gc,phases      ] GC(375)   Pre Evacuate Collection Set: 0.35ms
[4051.417s][info][gc,phases      ] GC(375)   Merge Heap Roots: 0.79ms
[4051.417s][info][gc,phases      ] GC(375)   Evacuate Collection Set: 157.39ms
[4051.417s][info][gc,phases      ] GC(375)   Merge Optional Heap Roots: 0.09ms
[4051.417s][info][gc,phases      ] GC(375)   Evacuate Optional Collection Set: 2.30ms
[4051.417s][info][gc,phases      ] GC(375)   Post Evacuate Collection Set: 1.54ms
[4051.417s][info][gc,phases      ] GC(375)   Other: 0.09ms
[4051.417s][info][gc,heap        ] GC(375) Eden regions: 716->0(717)
[4051.417s][info][gc,heap        ] GC(375) Survivor regions: 52->51(96)
[4051.417s][info][gc,heap        ] GC(375) Old regions: 241->169
[4051.417s][info][gc,heap        ] GC(375) Humongous regions: 33->33
[4051.417s][info][gc,metaspace   ] GC(375) Metaspace: 35699K(37888K)->35699K(37888K) NonClass: 26695K(26944K)->26695K(26944K) Class: 9004K(10944K)->9004K(10944K)
[4051.417s][info][gc             ] GC(375) Pause Young (Mixed) (G1 Evacuation Pause) 8304M->1989M(10240M) 162.697ms
[4051.417s][info][gc,cpu         ] GC(375) User=1.28s Sys=0.00s Real=0.16s
.......[4058.529s][info][gc,start       ] GC(376) Pause Young (Mixed) (G1 Evacuation Pause)
[4058.529s][info][gc,task        ] GC(376) Using 8 workers of 8 for evacuation
[4058.693s][info][gc,phases      ] GC(376)   Pre Evacuate Collection Set: 0.29ms
[4058.693s][info][gc,phases      ] GC(376)   Merge Heap Roots: 0.75ms
[4058.693s][info][gc,phases      ] GC(376)   Evacuate Collection Set: 161.33ms
[4058.693s][info][gc,phases      ] GC(376)   Post Evacuate Collection Set: 1.31ms
[4058.693s][info][gc,phases      ] GC(376)   Other: 0.08ms
[4058.693s][info][gc,heap        ] GC(376) Eden regions: 717->0(716)
[4058.693s][info][gc,heap        ] GC(376) Survivor regions: 51->52(96)
[4058.693s][info][gc,heap        ] GC(376) Old regions: 169->150
[4058.693s][info][gc,heap        ] GC(376) Humongous regions: 33->33
[4058.693s][info][gc,metaspace   ] GC(376) Metaspace: 35699K(37888K)->35699K(37888K) NonClass: 26695K(26944K)->26695K(26944K) Class: 9004K(10944K)->9004K(10944K)
[4058.693s][info][gc             ] GC(376) Pause Young (Mixed) (G1 Evacuation Pause) 7725M->1845M(10240M) 163.891ms
[4058.693s][info][gc,cpu         ] GC(376) User=1.29s Sys=0.00s Real=0.17s
.......[4065.759s][info][gc,start       ] GC(377) Pause Young (Normal) (G1 Evacuation Pause)
[4065.759s][info][gc,task        ] GC(377) Using 8 workers of 8 for evacuation
[4065.924s][info][gc,phases      ] GC(377)   Pre Evacuate Collection Set: 0.29ms
[4065.924s][info][gc,phases      ] GC(377)   Merge Heap Roots: 0.56ms
[4065.924s][info][gc,phases      ] GC(377)   Evacuate Collection Set: 162.91ms
[4065.924s][info][gc,phases      ] GC(377)   Post Evacuate Collection Set: 1.22ms
[4065.924s][info][gc,phases      ] GC(377)   Other: 0.06ms
[4065.924s][info][gc,heap        ] GC(377) Eden regions: 716->0(715)
[4065.924s][info][gc,heap        ] GC(377) Survivor regions: 52->53(96)
[4065.924s][info][gc,heap        ] GC(377) Old regions: 150->153
[4065.924s][info][gc,heap        ] GC(377) Humongous regions: 33->33
[4065.924s][info][gc,metaspace   ] GC(377) Metaspace: 35699K(37888K)->35699K(37888K) NonClass: 26695K(26944K)->26695K(26944K) Class: 9004K(10944K)->9004K(10944K)
[4065.924s][info][gc             ] GC(377) Pause Young (Normal) (G1 Evacuation Pause) 7573M->1876M(10240M) 165.170ms
[4065.924s][info][gc,cpu         ] GC(377) User=1.30s Sys=0.00s Real=0.17s
.......[4072.997s][info][gc,start       ] GC(378) Pause Young (Normal) (G1 Evacuation Pause)
[4072.997s][info][gc,task        ] GC(378) Using 8 workers of 8 for evacuation
[4073.155s][info][gc,phases      ] GC(378)   Pre Evacuate Collection Set: 0.28ms
[4073.155s][info][gc,phases      ] GC(378)   Merge Heap Roots: 0.53ms
[4073.155s][info][gc,phases      ] GC(378)   Evacuate Collection Set: 156.42ms
[4073.155s][info][gc,phases      ] GC(378)   Post Evacuate Collection Set: 1.22ms
[4073.155s][info][gc,phases      ] GC(378)   Other: 0.07ms
[4073.155s][info][gc,heap        ] GC(378) Eden regions: 715->0(717)
[4073.155s][info][gc,heap        ] GC(378) Survivor regions: 53->51(96)
[4073.155s][info][gc,heap        ] GC(378) Old regions: 153->155
[4073.155s][info][gc,heap        ] GC(378) Humongous regions: 33->33
[4073.155s][info][gc,metaspace   ] GC(378) Metaspace: 35699K(37888K)->35699K(37888K) NonClass: 26695K(26944K)->26695K(26944K) Class: 9004K(10944K)->9004K(10944K)
[4073.155s][info][gc             ] GC(378) Pause Young (Normal) (G1 Evacuation Pause) 7596M->1880M(10240M) 158.646ms
[4073.156s][info][gc,cpu         ] GC(378) User=1.25s Sys=0.00s Real=0.16s
........[4080.260s][info][gc,start       ] GC(379) Pause Young (Normal) (G1 Evacuation Pause)
[4080.260s][info][gc,task        ] GC(379) Using 8 workers of 8 for evacuation
[4080.417s][info][gc,phases      ] GC(379)   Pre Evacuate Collection Set: 0.32ms
[4080.417s][info][gc,phases      ] GC(379)   Merge Heap Roots: 0.62ms
[4080.417s][info][gc,phases      ] GC(379)   Evacuate Collection Set: 154.88ms
[4080.417s][info][gc,phases      ] GC(379)   Post Evacuate Collection Set: 1.25ms
[4080.417s][info][gc,phases      ] GC(379)   Other: 0.07ms
[4080.417s][info][gc,heap        ] GC(379) Eden regions: 717->0(716)
[4080.417s][info][gc,heap        ] GC(379) Survivor regions: 51->52(96)
[4080.417s][info][gc,heap        ] GC(379) Old regions: 155->157
[4080.417s][info][gc,heap        ] GC(379) Humongous regions: 33->33
[4080.417s][info][gc,metaspace   ] GC(379) Metaspace: 35699K(37888K)->35699K(37888K) NonClass: 26695K(26944K)->26695K(26944K) Class: 9004K(10944K)->9004K(10944K)
[4080.417s][info][gc             ] GC(379) Pause Young (Normal) (G1 Evacuation Pause) 7616M->1908M(10240M) 157.298ms
[4080.417s][info][gc,cpu         ] GC(379) User=1.23s Sys=0.00s Real=0.16s
.......[4087.486s][info][gc,start       ] GC(380) Pause Young (Normal) (G1 Evacuation Pause)
[4087.486s][info][gc,task        ] GC(380) Using 8 workers of 8 for evacuation
[4087.649s][info][gc,phases      ] GC(380)   Pre Evacuate Collection Set: 0.30ms
[4087.649s][info][gc,phases      ] GC(380)   Merge Heap Roots: 0.51ms
[4087.649s][info][gc,phases      ] GC(380)   Evacuate Collection Set: 160.72ms
[4087.649s][info][gc,phases      ] GC(380)   Post Evacuate Collection Set: 1.23ms
[4087.649s][info][gc,phases      ] GC(380)   Other: 0.07ms
[4087.649s][info][gc,heap        ] GC(380) Eden regions: 716->0(716)
[4087.649s][info][gc,heap        ] GC(380) Survivor regions: 52->52(96)
[4087.649s][info][gc,heap        ] GC(380) Old regions: 157->160
[4087.649s][info][gc,heap        ] GC(380) Humongous regions: 33->33
[4087.649s][info][gc,metaspace   ] GC(380) Metaspace: 35699K(37888K)->35699K(37888K) NonClass: 26695K(26944K)->26695K(26944K) Class: 9004K(10944K)->9004K(10944K)
[4087.649s][info][gc             ] GC(380) Pause Young (Normal) (G1 Evacuation Pause) 7636M->1927M(10240M) 162.990ms
[4087.649s][info][gc,cpu         ] GC(380) User=1.28s Sys=0.00s Real=0.16s
.......[4094.786s][info][gc,start       ] GC(381) Pause Young (Normal) (G1 Evacuation Pause)
[4094.786s][info][gc,task        ] GC(381) Using 8 workers of 8 for evacuation
[4094.945s][info][gc,phases      ] GC(381)   Pre Evacuate Collection Set: 0.30ms
[4094.945s][info][gc,phases      ] GC(381)   Merge Heap Roots: 0.55ms
[4094.945s][info][gc,phases      ] GC(381)   Evacuate Collection Set: 156.67ms
[4094.945s][info][gc,phases      ] GC(381)   Post Evacuate Collection Set: 1.25ms
[4094.945s][info][gc,phases      ] GC(381)   Other: 0.08ms
[4094.945s][info][gc,heap        ] GC(381) Eden regions: 716->0(715)
[4094.945s][info][gc,heap        ] GC(381) Survivor regions: 52->53(96)
[4094.945s][info][gc,heap        ] GC(381) Old regions: 160->162
[4094.945s][info][gc,heap        ] GC(381) Humongous regions: 33->33
[4094.945s][info][gc,metaspace   ] GC(381) Metaspace: 35699K(37888K)->35699K(37888K) NonClass: 26695K(26944K)->26695K(26944K) Class: 9004K(10944K)->9004K(10944K)
[4094.945s][info][gc             ] GC(381) Pause Young (Normal) (G1 Evacuation Pause) 7655M->1951M(10240M) 158.979ms
[4094.945s][info][gc,cpu         ] GC(381) User=1.25s Sys=0.00s Real=0.16s
...... (rIR:aIR:PR = 6642:6644:6644) (tPR = 98160) [OK] 
  4100s: Performance info:
         Transaction,    Success,    Partial,     Failed,   Receipts, AvgBarcode, 
             Overall,     399067,          0,          0,     379103,      59.47, 
         Response times:
             Request,    Success,    Partial,     Failed,   SkipFail,     Probes,    Samples,      min,      p50,      p90,      p95,      p99,      max, 
       TotalPurchase,     379102,          0,          0,          0,     358031,     396589,      300,     4600,     8400,    10600,    70000,   359000,
     InStorePurchase,     199554,          0,          0,          0,     188233,     208860,      300,     4600,     8400,    10600,    70000,   359000,
      OnlinePurchase,     139673,          0,          0,          0,     132002,     145744,      400,     4600,     8400,    10600,    70000,   344000,
        InstPurchase,      39875,          0,          0,          0,      37796,      41985,      500,     4600,     8500,    10900,    70000,   343000,
          AssocOfCat,        396,          0,          0,          0,        327,        420,    28000,    39000,    55900,    64900,   207270,   222000,
      AssocOfProduct,       3986,          0,          0,          0,       3710,       4306,      900,     5000,     7900,    10100,    71930,   170000,
      BusinessReport,        998,          0,          0,          0,        870,       1074,    32000,    46000,    62500,    72000,   186250,   388000,
          CustBuyBeh,       3981,          0,          0,          0,       3680,       4240,      300,     4300,     8100,    10300,    64590,   172000,
       ProductReturn,      10604,          0,          0,          0,      10054,      11364,      300,     4300,     8500,    10900,    58000,   230000,

  4100s: (49%)   IR =   6780 .[4101.955s][info][gc,start       ] GC(382) Pause Young (Normal) (G1 Evacuation Pause)
[4101.955s][info][gc,task        ] GC(382) Using 8 workers of 8 for evacuation
[4102.116s][info][gc,phases      ] GC(382)   Pre Evacuate Collection Set: 0.29ms
[4102.116s][info][gc,phases      ] GC(382)   Merge Heap Roots: 0.51ms
[4102.116s][info][gc,phases      ] GC(382)   Evacuate Collection Set: 158.69ms
[4102.116s][info][gc,phases      ] GC(382)   Post Evacuate Collection Set: 1.24ms
[4102.116s][info][gc,phases      ] GC(382)   Other: 0.06ms
[4102.116s][info][gc,heap        ] GC(382) Eden regions: 715->0(716)
[4102.116s][info][gc,heap        ] GC(382) Survivor regions: 53->52(96)
[4102.116s][info][gc,heap        ] GC(382) Old regions: 162->165
[4102.116s][info][gc,heap        ] GC(382) Humongous regions: 33->33
[4102.116s][info][gc,metaspace   ] GC(382) Metaspace: 35699K(37888K)->35699K(37888K) NonClass: 26695K(26944K)->26695K(26944K) Class: 9004K(10944K)->9004K(10944K)
[4102.116s][info][gc             ] GC(382) Pause Young (Normal) (G1 Evacuation Pause) 7671M->1963M(10240M) 160.948ms
[4102.116s][info][gc,cpu         ] GC(382) User=1.27s Sys=0.00s Real=0.16s
......|.[4109.090s][info][gc,start       ] GC(383) Pause Young (Normal) (G1 Evacuation Pause)
[4109.090s][info][gc,task        ] GC(383) Using 8 workers of 8 for evacuation
[4109.252s][info][gc,phases      ] GC(383)   Pre Evacuate Collection Set: 0.29ms
[4109.252s][info][gc,phases      ] GC(383)   Merge Heap Roots: 0.51ms
[4109.252s][info][gc,phases      ] GC(383)   Evacuate Collection Set: 159.63ms
[4109.252s][info][gc,phases      ] GC(383)   Post Evacuate Collection Set: 1.24ms
[4109.252s][info][gc,phases      ] GC(383)   Other: 0.07ms
[4109.252s][info][gc,heap        ] GC(383) Eden regions: 716->0(715)
[4109.252s][info][gc,heap        ] GC(383) Survivor regions: 52->53(96)
[4109.252s][info][gc,heap        ] GC(383) Old regions: 165->167
[4109.252s][info][gc,heap        ] GC(383) Humongous regions: 33->33
[4109.252s][info][gc,metaspace   ] GC(383) Metaspace: 35699K(37888K)->35699K(37888K) NonClass: 26695K(26944K)->26695K(26944K) Class: 9004K(10944K)->9004K(10944K)
[4109.252s][info][gc             ] GC(383) Pause Young (Normal) (G1 Evacuation Pause) 7691M->1990M(10240M) 161.874ms
[4109.252s][info][gc,cpu         ] GC(383) User=1.27s Sys=0.00s Real=0.17s
.......[4116.157s][info][gc,start       ] GC(384) Pause Young (Normal) (G1 Evacuation Pause)
[4116.157s][info][gc,task        ] GC(384) Using 8 workers of 8 for evacuation
[4116.319s][info][gc,phases      ] GC(384)   Pre Evacuate Collection Set: 0.28ms
[4116.319s][info][gc,phases      ] GC(384)   Merge Heap Roots: 0.56ms
[4116.319s][info][gc,phases      ] GC(384)   Evacuate Collection Set: 159.90ms
[4116.319s][info][gc,phases      ] GC(384)   Post Evacuate Collection Set: 1.26ms
[4116.319s][info][gc,phases      ] GC(384)   Other: 0.06ms
[4116.319s][info][gc,heap        ] GC(384) Eden regions: 715->0(715)
[4116.319s][info][gc,heap        ] GC(384) Survivor regions: 53->53(96)
[4116.319s][info][gc,heap        ] GC(384) Old regions: 167->170
[4116.319s][info][gc,heap        ] GC(384) Humongous regions: 33->33
[4116.319s][info][gc,metaspace   ] GC(384) Metaspace: 35699K(37888K)->35699K(37888K) NonClass: 26695K(26944K)->26695K(26944K) Class: 9004K(10944K)->9004K(10944K)
[4116.319s][info][gc             ] GC(384) Pause Young (Normal) (G1 Evacuation Pause) 7710M->2015M(10240M) 162.201ms
[4116.319s][info][gc,cpu         ] GC(384) User=1.28s Sys=0.00s Real=0.16s
.......[4123.189s][info][gc,start       ] GC(385) Pause Young (Normal) (G1 Evacuation Pause)
[4123.189s][info][gc,task        ] GC(385) Using 8 workers of 8 for evacuation
[4123.348s][info][gc,phases      ] GC(385)   Pre Evacuate Collection Set: 0.28ms
[4123.348s][info][gc,phases      ] GC(385)   Merge Heap Roots: 0.50ms
[4123.348s][info][gc,phases      ] GC(385)   Evacuate Collection Set: 156.10ms
[4123.348s][info][gc,phases      ] GC(385)   Post Evacuate Collection Set: 1.24ms
[4123.348s][info][gc,phases      ] GC(385)   Other: 0.08ms
[4123.348s][info][gc,heap        ] GC(385) Eden regions: 715->0(716)
[4123.348s][info][gc,heap        ] GC(385) Survivor regions: 53->52(96)
[4123.348s][info][gc,heap        ] GC(385) Old regions: 170->172
[4123.348s][info][gc,heap        ] GC(385) Humongous regions: 33->33
[4123.348s][info][gc,metaspace   ] GC(385) Metaspace: 35699K(37888K)->35699K(37888K) NonClass: 26695K(26944K)->26695K(26944K) Class: 9004K(10944K)->9004K(10944K)
[4123.348s][info][gc             ] GC(385) Pause Young (Normal) (G1 Evacuation Pause) 7735M->2023M(10240M) 158.338ms
[4123.348s][info][gc,cpu         ] GC(385) User=1.25s Sys=0.00s Real=0.16s
.......[4130.340s][info][gc,start       ] GC(386) Pause Young (Normal) (G1 Evacuation Pause)
[4130.340s][info][gc,task        ] GC(386) Using 8 workers of 8 for evacuation
[4130.499s][info][gc,phases      ] GC(386)   Pre Evacuate Collection Set: 0.28ms
[4130.499s][info][gc,phases      ] GC(386)   Merge Heap Roots: 0.53ms
[4130.499s][info][gc,phases      ] GC(386)   Evacuate Collection Set: 157.00ms
[4130.499s][info][gc,phases      ] GC(386)   Post Evacuate Collection Set: 1.25ms
[4130.499s][info][gc,phases      ] GC(386)   Other: 0.06ms
[4130.499s][info][gc,heap        ] GC(386) Eden regions: 716->0(716)
[4130.499s][info][gc,heap        ] GC(386) Survivor regions: 52->52(96)
[4130.499s][info][gc,heap        ] GC(386) Old regions: 172->175
[4130.499s][info][gc,heap        ] GC(386) Humongous regions: 33->33
[4130.499s][info][gc,metaspace   ] GC(386) Metaspace: 35699K(37888K)->35699K(37888K) NonClass: 26695K(26944K)->26695K(26944K) Class: 9004K(10944K)->9004K(10944K)
[4130.499s][info][gc             ] GC(386) Pause Young (Normal) (G1 Evacuation Pause) 7751M->2047M(10240M) 159.285ms
[4130.499s][info][gc,cpu         ] GC(386) User=1.25s Sys=0.00s Real=0.16s
.......[4137.472s][info][gc,start       ] GC(387) Pause Young (Normal) (G1 Evacuation Pause)
[4137.472s][info][gc,task        ] GC(387) Using 8 workers of 8 for evacuation
[4137.627s][info][gc,phases      ] GC(387)   Pre Evacuate Collection Set: 0.30ms
[4137.627s][info][gc,phases      ] GC(387)   Merge Heap Roots: 0.50ms
[4137.627s][info][gc,phases      ] GC(387)   Evacuate Collection Set: 152.93ms
[4137.627s][info][gc,phases      ] GC(387)   Post Evacuate Collection Set: 1.27ms
[4137.627s][info][gc,phases      ] GC(387)   Other: 0.06ms
[4137.627s][info][gc,heap        ] GC(387) Eden regions: 716->0(717)
[4137.627s][info][gc,heap        ] GC(387) Survivor regions: 52->51(96)
[4137.627s][info][gc,heap        ] GC(387) Old regions: 175->177
[4137.627s][info][gc,heap        ] GC(387) Humongous regions: 33->33
[4137.627s][info][gc,metaspace   ] GC(387) Metaspace: 35699K(37888K)->35699K(37888K) NonClass: 26695K(26944K)->26695K(26944K) Class: 9004K(10944K)->9004K(10944K)
[4137.627s][info][gc             ] GC(387) Pause Young (Normal) (G1 Evacuation Pause) 7775M->2058M(10240M) 155.205ms
[4137.627s][info][gc,cpu         ] GC(387) User=1.22s Sys=0.00s Real=0.15s
.......[4144.542s][info][gc,start       ] GC(388) Pause Young (Normal) (G1 Evacuation Pause)
[4144.542s][info][gc,task        ] GC(388) Using 8 workers of 8 for evacuation
[4144.699s][info][gc,phases      ] GC(388)   Pre Evacuate Collection Set: 0.29ms
[4144.699s][info][gc,phases      ] GC(388)   Merge Heap Roots: 0.51ms
[4144.699s][info][gc,phases      ] GC(388)   Evacuate Collection Set: 155.43ms
[4144.699s][info][gc,phases      ] GC(388)   Post Evacuate Collection Set: 1.18ms
[4144.699s][info][gc,phases      ] GC(388)   Other: 0.09ms
[4144.699s][info][gc,heap        ] GC(388) Eden regions: 717->0(716)
[4144.699s][info][gc,heap        ] GC(388) Survivor regions: 51->52(96)
[4144.699s][info][gc,heap        ] GC(388) Old regions: 177->180
[4144.699s][info][gc,heap        ] GC(388) Humongous regions: 33->33
[4144.699s][info][gc,metaspace   ] GC(388) Metaspace: 35699K(37888K)->35699K(37888K) NonClass: 26695K(26944K)->26695K(26944K) Class: 9004K(10944K)->9004K(10944K)
[4144.699s][info][gc             ] GC(388) Pause Young (Normal) (G1 Evacuation Pause) 7794M->2082M(10240M) 157.629ms
[4144.699s][info][gc,cpu         ] GC(388) User=1.24s Sys=0.00s Real=0.16s
.......[4151.691s][info][gc,start       ] GC(389) Pause Young (Normal) (G1 Evacuation Pause)
[4151.691s][info][gc,task        ] GC(389) Using 8 workers of 8 for evacuation
[4151.848s][info][gc,phases      ] GC(389)   Pre Evacuate Collection Set: 0.28ms
[4151.848s][info][gc,phases      ] GC(389)   Merge Heap Roots: 0.55ms
[4151.848s][info][gc,phases      ] GC(389)   Evacuate Collection Set: 155.09ms
[4151.848s][info][gc,phases      ] GC(389)   Post Evacuate Collection Set: 1.27ms
[4151.848s][info][gc,phases      ] GC(389)   Other: 0.08ms
[4151.848s][info][gc,heap        ] GC(389) Eden regions: 716->0(716)
[4151.848s][info][gc,heap        ] GC(389) Survivor regions: 52->52(96)
[4151.848s][info][gc,heap        ] GC(389) Old regions: 180->182
[4151.848s][info][gc,heap        ] GC(389) Humongous regions: 33->33
[4151.848s][info][gc,metaspace   ] GC(389) Metaspace: 35699K(37888K)->35699K(37888K) NonClass: 26695K(26944K)->26695K(26944K) Class: 9004K(10944K)->9004K(10944K)
[4151.848s][info][gc             ] GC(389) Pause Young (Normal) (G1 Evacuation Pause) 7810M->2106M(10240M) 157.407ms
[4151.848s][info][gc,cpu         ] GC(389) User=1.23s Sys=0.00s Real=0.16s
.......[4158.784s][info][gc,start       ] GC(390) Pause Young (Normal) (G1 Evacuation Pause)
[4158.784s][info][gc,task        ] GC(390) Using 8 workers of 8 for evacuation
[4158.941s][info][gc,phases      ] GC(390)   Pre Evacuate Collection Set: 0.27ms
[4158.941s][info][gc,phases      ] GC(390)   Merge Heap Roots: 0.52ms
[4158.941s][info][gc,phases      ] GC(390)   Evacuate Collection Set: 154.93ms
[4158.941s][info][gc,phases      ] GC(390)   Post Evacuate Collection Set: 1.20ms
[4158.941s][info][gc,phases      ] GC(390)   Other: 0.07ms
[4158.941s][info][gc,heap        ] GC(390) Eden regions: 716->0(716)
[4158.941s][info][gc,heap        ] GC(390) Survivor regions: 52->52(96)
[4158.941s][info][gc,heap        ] GC(390) Old regions: 182->185
[4158.941s][info][gc,heap        ] GC(390) Humongous regions: 33->33
[4158.941s][info][gc,metaspace   ] GC(390) Metaspace: 35699K(37888K)->35699K(37888K) NonClass: 26695K(26944K)->26695K(26944K) Class: 9004K(10944K)->9004K(10944K)
[4158.941s][info][gc             ] GC(390) Pause Young (Normal) (G1 Evacuation Pause) 7834M->2126M(10240M) 157.128ms
[4158.941s][info][gc,cpu         ] GC(390) User=1.23s Sys=0.00s Real=0.15s
.......[4165.876s][info][gc,start       ] GC(391) Pause Young (Normal) (G1 Evacuation Pause)
[4165.876s][info][gc,task        ] GC(391) Using 8 workers of 8 for evacuation
[4166.032s][info][gc,phases      ] GC(391)   Pre Evacuate Collection Set: 0.32ms
[4166.033s][info][gc,phases      ] GC(391)   Merge Heap Roots: 0.51ms
[4166.033s][info][gc,phases      ] GC(391)   Evacuate Collection Set: 154.18ms
[4166.033s][info][gc,phases      ] GC(391)   Post Evacuate Collection Set: 1.22ms
[4166.033s][info][gc,phases      ] GC(391)   Other: 0.07ms
[4166.033s][info][gc,heap        ] GC(391) Eden regions: 716->0(716)
[4166.033s][info][gc,heap        ] GC(391) Survivor regions: 52->52(96)
[4166.033s][info][gc,heap        ] GC(391) Old regions: 185->187
[4166.033s][info][gc,heap        ] GC(391) Humongous regions: 33->33
[4166.033s][info][gc,metaspace   ] GC(391) Metaspace: 35699K(37888K)->35699K(37888K) NonClass: 26695K(26944K)->26695K(26944K) Class: 9004K(10944K)->9004K(10944K)
[4166.033s][info][gc             ] GC(391) Pause Young (Normal) (G1 Evacuation Pause) 7854M->2142M(10240M) 157.203ms
[4166.033s][info][gc,cpu         ] GC(391) User=1.22s Sys=0.00s Real=0.16s
... (rIR:aIR:PR = 6780:6776:6776) (tPR = 100330) [OK] 
  4167s: Performance info:
         Transaction,    Success,    Partial,     Failed,   Receipts, AvgBarcode, 
             Overall,     411903,          0,          0,     391295,      59.47, 
         Response times:
             Request,    Success,    Partial,     Failed,   SkipFail,     Probes,    Samples,      min,      p50,      p90,      p95,      p99,      max, 
       TotalPurchase,     391295,          0,          0,          0,     364495,     409002,      400,     4800,     8700,    11700,    69000,   360000,
     InStorePurchase,     205760,          0,          0,          0,     191225,     214082,      400,     4800,     8700,    11800,    70000,   359000,
      OnlinePurchase,     144336,          0,          0,          0,     134246,     150768,      400,     4600,     8600,    11500,    67000,   360000,
        InstPurchase,      41199,          0,          0,          0,      39024,      44152,      500,     5000,     9000,    12100,    75000,   232000,
          AssocOfCat,        414,          0,          0,          0,        325,        460,    25000,    39000,    53000,    58950,    93510,   213000,
      AssocOfProduct,       4137,          0,          0,          0,       3878,       4541,      400,     5400,     9100,    13580,    86580,   319000,
      BusinessReport,       1028,          0,          0,          0,        907,       1157,    33000,    47000,    67000,    81200,   144940,   230000,
          CustBuyBeh,       4121,          0,          0,          0,       3868,       4521,      200,     4500,     8200,    10290,    61000,   178000,
       ProductReturn,      10908,          0,          0,          0,      10407,      12032,      300,     5100,     9000,    11600,    65000,   177000,

  4167s: (50%)   IR =   6918 ....[4172.887s][info][gc,start       ] GC(392) Pause Young (Normal) (G1 Evacuation Pause)
[4172.887s][info][gc,task        ] GC(392) Using 8 workers of 8 for evacuation
[4173.050s][info][gc,phases      ] GC(392)   Pre Evacuate Collection Set: 0.28ms
[4173.050s][info][gc,phases      ] GC(392)   Merge Heap Roots: 0.61ms
[4173.050s][info][gc,phases      ] GC(392)   Evacuate Collection Set: 160.71ms
[4173.050s][info][gc,phases      ] GC(392)   Post Evacuate Collection Set: 1.25ms
[4173.050s][info][gc,phases      ] GC(392)   Other: 0.07ms
[4173.050s][info][gc,heap        ] GC(392) Eden regions: 716->0(715)
[4173.050s][info][gc,heap        ] GC(392) Survivor regions: 52->53(96)
[4173.050s][info][gc,heap        ] GC(392) Old regions: 187->190
[4173.050s][info][gc,heap        ] GC(392) Humongous regions: 33->33
[4173.050s][info][gc,metaspace   ] GC(392) Metaspace: 35699K(37888K)->35699K(37888K) NonClass: 26695K(26944K)->26695K(26944K) Class: 9004K(10944K)->9004K(10944K)
[4173.050s][info][gc             ] GC(392) Pause Young (Normal) (G1 Evacuation Pause) 7870M->2170M(10240M) 163.041ms
[4173.050s][info][gc,cpu         ] GC(392) User=1.29s Sys=0.00s Real=0.16s
....|...[4179.906s][info][gc,start       ] GC(393) Pause Young (Normal) (G1 Evacuation Pause)
[4179.906s][info][gc,task        ] GC(393) Using 8 workers of 8 for evacuation
[4180.064s][info][gc,phases      ] GC(393)   Pre Evacuate Collection Set: 0.29ms
[4180.064s][info][gc,phases      ] GC(393)   Merge Heap Roots: 0.54ms
[4180.064s][info][gc,phases      ] GC(393)   Evacuate Collection Set: 155.94ms
[4180.064s][info][gc,phases      ] GC(393)   Post Evacuate Collection Set: 1.26ms
[4180.064s][info][gc,phases      ] GC(393)   Other: 0.07ms
[4180.064s][info][gc,heap        ] GC(393) Eden regions: 715->0(716)
[4180.064s][info][gc,heap        ] GC(393) Survivor regions: 53->52(96)
[4180.064s][info][gc,heap        ] GC(393) Old regions: 190->192
[4180.064s][info][gc,heap        ] GC(393) Humongous regions: 33->33
[4180.064s][info][gc,metaspace   ] GC(393) Metaspace: 35699K(37888K)->35699K(37888K) NonClass: 26695K(26944K)->26695K(26944K) Class: 9004K(10944K)->9004K(10944K)
[4180.064s][info][gc             ] GC(393) Pause Young (Normal) (G1 Evacuation Pause) 7890M->2186M(10240M) 158.232ms
[4180.064s][info][gc,cpu         ] GC(393) User=1.24s Sys=0.00s Real=0.16s
.......[4186.877s][info][gc,start       ] GC(394) Pause Young (Normal) (G1 Evacuation Pause)
[4186.877s][info][gc,task        ] GC(394) Using 8 workers of 8 for evacuation
[4187.039s][info][gc,phases      ] GC(394)   Pre Evacuate Collection Set: 0.26ms
[4187.039s][info][gc,phases      ] GC(394)   Merge Heap Roots: 0.52ms
[4187.039s][info][gc,phases      ] GC(394)   Evacuate Collection Set: 159.86ms
[4187.039s][info][gc,phases      ] GC(394)   Post Evacuate Collection Set: 1.24ms
[4187.039s][info][gc,phases      ] GC(394)   Other: 0.06ms
[4187.039s][info][gc,heap        ] GC(394) Eden regions: 716->0(714)
[4187.039s][info][gc,heap        ] GC(394) Survivor regions: 52->54(96)
[4187.039s][info][gc,heap        ] GC(394) Old regions: 192->195
[4187.039s][info][gc,heap        ] GC(394) Humongous regions: 33->33
[4187.039s][info][gc,metaspace   ] GC(394) Metaspace: 35699K(37888K)->35699K(37888K) NonClass: 26695K(26944K)->26695K(26944K) Class: 9004K(10944K)->9004K(10944K)
[4187.039s][info][gc             ] GC(394) Pause Young (Normal) (G1 Evacuation Pause) 7914M->2218M(10240M) 162.079ms
[4187.039s][info][gc,cpu         ] GC(394) User=1.27s Sys=0.00s Real=0.16s
.......[4193.715s][info][gc,start       ] GC(395) Pause Young (Normal) (G1 Evacuation Pause)
[4193.715s][info][gc,task        ] GC(395) Using 8 workers of 8 for evacuation
[4193.875s][info][gc,phases      ] GC(395)   Pre Evacuate Collection Set: 0.31ms
[4193.875s][info][gc,phases      ] GC(395)   Merge Heap Roots: 0.55ms
[4193.875s][info][gc,phases      ] GC(395)   Evacuate Collection Set: 157.88ms
[4193.875s][info][gc,phases      ] GC(395)   Post Evacuate Collection Set: 1.22ms
[4193.875s][info][gc,phases      ] GC(395)   Other: 0.07ms
[4193.875s][info][gc,heap        ] GC(395) Eden regions: 714->0(715)
[4193.875s][info][gc,heap        ] GC(395) Survivor regions: 54->53(96)
[4193.875s][info][gc,heap        ] GC(395) Old regions: 195->197
[4193.875s][info][gc,heap        ] GC(395) Humongous regions: 33->33
[4193.875s][info][gc,metaspace   ] GC(395) Metaspace: 35699K(37888K)->35699K(37888K) NonClass: 26695K(26944K)->26695K(26944K) Class: 9004K(10944K)->9004K(10944K)
[4193.875s][info][gc             ] GC(395) Pause Young (Normal) (G1 Evacuation Pause) 7930M->2231M(10240M) 160.158ms
[4193.875s][info][gc,cpu         ] GC(395) User=1.26s Sys=0.00s Real=0.16s
.......[4200.667s][info][gc,start       ] GC(396) Pause Young (Normal) (G1 Evacuation Pause)
[4200.667s][info][gc,task        ] GC(396) Using 8 workers of 8 for evacuation
[4200.825s][info][gc,phases      ] GC(396)   Pre Evacuate Collection Set: 0.29ms
[4200.825s][info][gc,phases      ] GC(396)   Merge Heap Roots: 0.51ms
[4200.825s][info][gc,phases      ] GC(396)   Evacuate Collection Set: 156.08ms
[4200.825s][info][gc,phases      ] GC(396)   Post Evacuate Collection Set: 1.27ms
[4200.825s][info][gc,phases      ] GC(396)   Other: 0.06ms
[4200.825s][info][gc,heap        ] GC(396) Eden regions: 715->0(716)
[4200.825s][info][gc,heap        ] GC(396) Survivor regions: 53->52(96)
[4200.825s][info][gc,heap        ] GC(396) Old regions: 197->200
[4200.825s][info][gc,heap        ] GC(396) Humongous regions: 33->33
[4200.825s][info][gc,metaspace   ] GC(396) Metaspace: 35699K(37888K)->35699K(37888K) NonClass: 26695K(26944K)->26695K(26944K) Class: 9004K(10944K)->9004K(10944K)
[4200.825s][info][gc             ] GC(396) Pause Young (Normal) (G1 Evacuation Pause) 7951M->2243M(10240M) 158.354ms
[4200.825s][info][gc,cpu         ] GC(396) User=1.25s Sys=0.00s Real=0.16s
.......[4207.622s][info][gc,start       ] GC(397) Pause Young (Normal) (G1 Evacuation Pause)
[4207.622s][info][gc,task        ] GC(397) Using 8 workers of 8 for evacuation
[4207.783s][info][gc,phases      ] GC(397)   Pre Evacuate Collection Set: 0.31ms
[4207.783s][info][gc,phases      ] GC(397)   Merge Heap Roots: 0.57ms
[4207.783s][info][gc,phases      ] GC(397)   Evacuate Collection Set: 158.64ms
[4207.783s][info][gc,phases      ] GC(397)   Post Evacuate Collection Set: 1.26ms
[4207.783s][info][gc,phases      ] GC(397)   Other: 0.07ms
[4207.783s][info][gc,heap        ] GC(397) Eden regions: 716->0(716)
[4207.783s][info][gc,heap        ] GC(397) Survivor regions: 52->52(96)
[4207.783s][info][gc,heap        ] GC(397) Old regions: 200->202
[4207.783s][info][gc,heap        ] GC(397) Humongous regions: 33->33
[4207.783s][info][gc,metaspace   ] GC(397) Metaspace: 35699K(37888K)->35699K(37888K) NonClass: 26695K(26944K)->26695K(26944K) Class: 9004K(10944K)->9004K(10944K)
[4207.783s][info][gc             ] GC(397) Pause Young (Normal) (G1 Evacuation Pause) 7971M->2263M(10240M) 160.993ms
[4207.783s][info][gc,cpu         ] GC(397) User=1.27s Sys=0.00s Real=0.17s
.......[4214.532s][info][gc,start       ] GC(398) Pause Young (Normal) (G1 Evacuation Pause)
[4214.532s][info][gc,task        ] GC(398) Using 8 workers of 8 for evacuation
[4214.692s][info][gc,phases      ] GC(398)   Pre Evacuate Collection Set: 0.28ms
[4214.692s][info][gc,phases      ] GC(398)   Merge Heap Roots: 0.52ms
[4214.692s][info][gc,phases      ] GC(398)   Evacuate Collection Set: 157.20ms
[4214.692s][info][gc,phases      ] GC(398)   Post Evacuate Collection Set: 1.26ms
[4214.692s][info][gc,phases      ] GC(398)   Other: 0.07ms
[4214.692s][info][gc,heap        ] GC(398) Eden regions: 716->0(716)
[4214.692s][info][gc,heap        ] GC(398) Survivor regions: 52->52(96)
[4214.692s][info][gc,heap        ] GC(398) Old regions: 202->205
[4214.692s][info][gc,heap        ] GC(398) Humongous regions: 33->33
[4214.692s][info][gc,metaspace   ] GC(398) Metaspace: 35699K(37888K)->35699K(37888K) NonClass: 26695K(26944K)->26695K(26944K) Class: 9004K(10944K)->9004K(10944K)
[4214.692s][info][gc             ] GC(398) Pause Young (Normal) (G1 Evacuation Pause) 7991M->2283M(10240M) 159.439ms
[4214.692s][info][gc,cpu         ] GC(398) User=1.25s Sys=0.00s Real=0.15s
.......[4221.568s][info][gc,start       ] GC(399) Pause Young (Normal) (G1 Evacuation Pause)
[4221.568s][info][gc,task        ] GC(399) Using 8 workers of 8 for evacuation
[4221.726s][info][gc,phases      ] GC(399)   Pre Evacuate Collection Set: 0.29ms
[4221.726s][info][gc,phases      ] GC(399)   Merge Heap Roots: 0.61ms
[4221.726s][info][gc,phases      ] GC(399)   Evacuate Collection Set: 155.91ms
[4221.726s][info][gc,phases      ] GC(399)   Post Evacuate Collection Set: 1.24ms
[4221.726s][info][gc,phases      ] GC(399)   Other: 0.06ms
[4221.726s][info][gc,heap        ] GC(399) Eden regions: 716->0(716)
[4221.726s][info][gc,heap        ] GC(399) Survivor regions: 52->52(96)
[4221.726s][info][gc,heap        ] GC(399) Old regions: 205->207
[4221.726s][info][gc,heap        ] GC(399) Humongous regions: 33->33
[4221.726s][info][gc,metaspace   ] GC(399) Metaspace: 35699K(37888K)->35699K(37888K) NonClass: 26695K(26944K)->26695K(26944K) Class: 9004K(10944K)->9004K(10944K)
[4221.726s][info][gc             ] GC(399) Pause Young (Normal) (G1 Evacuation Pause) 8011M->2307M(10240M) 158.236ms
[4221.726s][info][gc,cpu         ] GC(399) User=1.25s Sys=0.00s Real=0.16s
.......[4228.474s][info][gc,start       ] GC(400) Pause Young (Normal) (G1 Evacuation Pause)
[4228.474s][info][gc,task        ] GC(400) Using 8 workers of 8 for evacuation
[4228.632s][info][gc,phases      ] GC(400)   Pre Evacuate Collection Set: 0.32ms
[4228.632s][info][gc,phases      ] GC(400)   Merge Heap Roots: 0.65ms
[4228.632s][info][gc,phases      ] GC(400)   Evacuate Collection Set: 156.03ms
[4228.632s][info][gc,phases      ] GC(400)   Post Evacuate Collection Set: 1.24ms
[4228.632s][info][gc,phases      ] GC(400)   Other: 0.07ms
[4228.632s][info][gc,heap        ] GC(400) Eden regions: 716->0(717)
[4228.632s][info][gc,heap        ] GC(400) Survivor regions: 52->51(96)
[4228.632s][info][gc,heap        ] GC(400) Old regions: 207->210
[4228.632s][info][gc,heap        ] GC(400) Humongous regions: 33->33
[4228.632s][info][gc,metaspace   ] GC(400) Metaspace: 35699K(37888K)->35699K(37888K) NonClass: 26695K(26944K)->26695K(26944K) Class: 9004K(10944K)->9004K(10944K)
[4228.632s][info][gc             ] GC(400) Pause Young (Normal) (G1 Evacuation Pause) 8035M->2315M(10240M) 158.441ms
[4228.632s][info][gc,cpu         ] GC(400) User=1.24s Sys=0.01s Real=0.16s
.......[4235.325s][info][gc,start       ] GC(401) Pause Young (Normal) (G1 Evacuation Pause)
[4235.325s][info][gc,task        ] GC(401) Using 8 workers of 8 for evacuation
[4235.486s][info][gc,phases      ] GC(401)   Pre Evacuate Collection Set: 0.29ms
[4235.486s][info][gc,phases      ] GC(401)   Merge Heap Roots: 0.59ms
[4235.486s][info][gc,phases      ] GC(401)   Evacuate Collection Set: 158.08ms
[4235.486s][info][gc,phases      ] GC(401)   Post Evacuate Collection Set: 1.28ms
[4235.486s][info][gc,phases      ] GC(401)   Other: 0.08ms
[4235.486s][info][gc,heap        ] GC(401) Eden regions: 717->0(715)
[4235.486s][info][gc,heap        ] GC(401) Survivor regions: 51->53(96)
[4235.486s][info][gc,heap        ] GC(401) Old regions: 210->212
[4235.486s][info][gc,heap        ] GC(401) Humongous regions: 33->33
[4235.486s][info][gc,metaspace   ] GC(401) Metaspace: 35699K(37888K)->35699K(37888K) NonClass: 26695K(26944K)->26695K(26944K) Class: 9004K(10944K)->9004K(10944K)
[4235.486s][info][gc             ] GC(401) Pause Young (Normal) (G1 Evacuation Pause) 8051M->2351M(10240M) 160.466ms
[4235.486s][info][gc,cpu         ] GC(401) User=1.26s Sys=0.00s Real=0.16s
. (rIR:aIR:PR = 6918:6933:6933) (tPR = 102788) [OK] 
  4236s: Performance info:
         Transaction,    Success,    Partial,     Failed,   Receipts, AvgBarcode, 
             Overall,     416169,          0,          0,     395415,      59.47, 
         Response times:
             Request,    Success,    Partial,     Failed,   SkipFail,     Probes,    Samples,      min,      p50,      p90,      p95,      p99,      max, 
       TotalPurchase,     395415,          0,          0,          0,     359069,     409721,      400,     5000,     9300,    12800,    84000,   326000,
     InStorePurchase,     208142,          0,          0,          0,     189750,     216505,      400,     4900,     9300,    12800,    85000,   326000,
      OnlinePurchase,     145715,          0,          0,          0,     131407,     149568,      400,     5000,     9300,    12700,    84000,   326000,
        InstPurchase,      41558,          0,          0,          0,      37912,      43648,      400,     5000,     9500,    13000,    83000,   325000,
          AssocOfCat,        418,          0,          0,          0,        332,        446,    28000,    39000,    55000,    61000,   202650,   225000,
      AssocOfProduct,       4149,          0,          0,          0,       3869,       4681,      600,     5300,     9300,    12300,    84180,   256000,
      BusinessReport,       1041,          0,          0,          0,        908,       1181,    32000,    49000,    65000,    76000,   198880,   229000,
          CustBuyBeh,       4148,          0,          0,          0,       3872,       4616,      200,     5100,     8900,    12200,    87000,   175000,
       ProductReturn,      10998,          0,          0,          0,       9334,      11019,      200,     5800,     9500,    12800,    91000,   320000,

  4236s: (51%)   IR =   7057 ......|[4242.274s][info][gc,start       ] GC(402) Pause Young (Normal) (G1 Evacuation Pause)
[4242.275s][info][gc,task        ] GC(402) Using 8 workers of 8 for evacuation
[4242.432s][info][gc,phases      ] GC(402)   Pre Evacuate Collection Set: 0.29ms
[4242.432s][info][gc,phases      ] GC(402)   Merge Heap Roots: 0.53ms
[4242.432s][info][gc,phases      ] GC(402)   Evacuate Collection Set: 155.39ms
[4242.432s][info][gc,phases      ] GC(402)   Post Evacuate Collection Set: 1.26ms
[4242.432s][info][gc,phases      ] GC(402)   Other: 0.08ms
[4242.432s][info][gc,heap        ] GC(402) Eden regions: 715->0(717)
[4242.432s][info][gc,heap        ] GC(402) Survivor regions: 53->51(96)
[4242.432s][info][gc,heap        ] GC(402) Old regions: 212->215
[4242.432s][info][gc,heap        ] GC(402) Humongous regions: 33->33
[4242.432s][info][gc,metaspace   ] GC(402) Metaspace: 35700K(37888K)->35700K(37888K) NonClass: 26696K(26944K)->26696K(26944K) Class: 9004K(10944K)->9004K(10944K)
[4242.432s][info][gc             ] GC(402) Pause Young (Normal) (G1 Evacuation Pause) 8071M->2359M(10240M) 157.684ms
[4242.432s][info][gc,cpu         ] GC(402) User=1.23s Sys=0.01s Real=0.16s
......[4249.083s][info][gc,start       ] GC(403) Pause Young (Normal) (G1 Evacuation Pause)
[4249.083s][info][gc,task        ] GC(403) Using 8 workers of 8 for evacuation
[4249.249s][info][gc,phases      ] GC(403)   Pre Evacuate Collection Set: 0.30ms
[4249.249s][info][gc,phases      ] GC(403)   Merge Heap Roots: 0.59ms
[4249.249s][info][gc,phases      ] GC(403)   Evacuate Collection Set: 163.60ms
[4249.249s][info][gc,phases      ] GC(403)   Post Evacuate Collection Set: 1.21ms
[4249.249s][info][gc,phases      ] GC(403)   Other: 0.07ms
[4249.249s][info][gc,heap        ] GC(403) Eden regions: 717->0(714)
[4249.249s][info][gc,heap        ] GC(403) Survivor regions: 51->54(96)
[4249.249s][info][gc,heap        ] GC(403) Old regions: 215->217
[4249.249s][info][gc,heap        ] GC(403) Humongous regions: 33->33
[4249.249s][info][gc,metaspace   ] GC(403) Metaspace: 35700K(37888K)->35700K(37888K) NonClass: 26696K(26944K)->26696K(26944K) Class: 9004K(10944K)->9004K(10944K)
[4249.249s][info][gc             ] GC(403) Pause Young (Normal) (G1 Evacuation Pause) 8095M->2398M(10240M) 165.918ms
[4249.249s][info][gc,cpu         ] GC(403) User=1.30s Sys=0.00s Real=0.16s
.......[4255.857s][info][gc,start       ] GC(404) Pause Young (Normal) (G1 Evacuation Pause)
[4255.857s][info][gc,task        ] GC(404) Using 8 workers of 8 for evacuation
[4256.018s][info][gc,phases      ] GC(404)   Pre Evacuate Collection Set: 0.32ms
[4256.018s][info][gc,phases      ] GC(404)   Merge Heap Roots: 0.52ms
[4256.018s][info][gc,phases      ] GC(404)   Evacuate Collection Set: 158.39ms
[4256.018s][info][gc,phases      ] GC(404)   Post Evacuate Collection Set: 1.27ms
[4256.018s][info][gc,phases      ] GC(404)   Other: 0.07ms
[4256.018s][info][gc,heap        ] GC(404) Eden regions: 714->0(716)
[4256.018s][info][gc,heap        ] GC(404) Survivor regions: 54->52(96)
[4256.018s][info][gc,heap        ] GC(404) Old regions: 217->220
[4256.018s][info][gc,heap        ] GC(404) Humongous regions: 33->33
[4256.018s][info][gc,metaspace   ] GC(404) Metaspace: 35700K(37888K)->35700K(37888K) NonClass: 26696K(26944K)->26696K(26944K) Class: 9004K(10944K)->9004K(10944K)
[4256.018s][info][gc             ] GC(404) Pause Young (Normal) (G1 Evacuation Pause) 8110M->2406M(10240M) 160.722ms
[4256.018s][info][gc,cpu         ] GC(404) User=1.27s Sys=0.00s Real=0.16s
.......[4262.690s][info][gc,start       ] GC(405) Pause Young (Normal) (G1 Evacuation Pause)
[4262.690s][info][gc,task        ] GC(405) Using 8 workers of 8 for evacuation
[4262.849s][info][gc,phases      ] GC(405)   Pre Evacuate Collection Set: 0.30ms
[4262.849s][info][gc,phases      ] GC(405)   Merge Heap Roots: 0.53ms
[4262.849s][info][gc,phases      ] GC(405)   Evacuate Collection Set: 156.35ms
[4262.849s][info][gc,phases      ] GC(405)   Post Evacuate Collection Set: 1.27ms
[4262.849s][info][gc,phases      ] GC(405)   Other: 0.07ms
[4262.849s][info][gc,heap        ] GC(405) Eden regions: 716->0(715)
[4262.849s][info][gc,heap        ] GC(405) Survivor regions: 52->53(96)
[4262.849s][info][gc,heap        ] GC(405) Old regions: 220->222
[4262.849s][info][gc,heap        ] GC(405) Humongous regions: 33->33
[4262.849s][info][gc,metaspace   ] GC(405) Metaspace: 35700K(37888K)->35700K(37888K) NonClass: 26696K(26944K)->26696K(26944K) Class: 9004K(10944K)->9004K(10944K)
[4262.849s][info][gc             ] GC(405) Pause Young (Normal) (G1 Evacuation Pause) 8134M->2431M(10240M) 158.650ms
[4262.849s][info][gc,cpu         ] GC(405) User=1.24s Sys=0.00s Real=0.16s
.......[4269.677s][info][gc,start       ] GC(406) Pause Young (Normal) (G1 Evacuation Pause)
[4269.677s][info][gc,task        ] GC(406) Using 8 workers of 8 for evacuation
[4269.837s][info][gc,phases      ] GC(406)   Pre Evacuate Collection Set: 0.33ms
[4269.837s][info][gc,phases      ] GC(406)   Merge Heap Roots: 0.71ms
[4269.837s][info][gc,phases      ] GC(406)   Evacuate Collection Set: 157.75ms
[4269.837s][info][gc,phases      ] GC(406)   Post Evacuate Collection Set: 1.25ms
[4269.837s][info][gc,phases      ] GC(406)   Other: 0.07ms
[4269.837s][info][gc,heap        ] GC(406) Eden regions: 715->0(717)
[4269.837s][info][gc,heap        ] GC(406) Survivor regions: 53->51(96)
[4269.837s][info][gc,heap        ] GC(406) Old regions: 222->225
[4269.837s][info][gc,heap        ] GC(406) Humongous regions: 33->33
[4269.837s][info][gc,metaspace   ] GC(406) Metaspace: 35700K(37888K)->35700K(37888K) NonClass: 26696K(26944K)->26696K(26944K) Class: 9004K(10944K)->9004K(10944K)
[4269.837s][info][gc             ] GC(406) Pause Young (Normal) (G1 Evacuation Pause) 8151M->2439M(10240M) 160.255ms
[4269.837s][info][gc,cpu         ] GC(406) User=1.25s Sys=0.00s Real=0.16s
.......[4276.372s][info][gc,start       ] GC(407) Pause Young (Normal) (G1 Evacuation Pause)
[4276.372s][info][gc,task        ] GC(407) Using 8 workers of 8 for evacuation
[4276.527s][info][gc,phases      ] GC(407)   Pre Evacuate Collection Set: 0.31ms
[4276.528s][info][gc,phases      ] GC(407)   Merge Heap Roots: 0.56ms
[4276.528s][info][gc,phases      ] GC(407)   Evacuate Collection Set: 153.66ms
[4276.528s][info][gc,phases      ] GC(407)   Post Evacuate Collection Set: 1.24ms
[4276.528s][info][gc,phases      ] GC(407)   Other: 0.08ms
[4276.528s][info][gc,heap        ] GC(407) Eden regions: 717->0(716)
[4276.528s][info][gc,heap        ] GC(407) Survivor regions: 51->52(96)
[4276.528s][info][gc,heap        ] GC(407) Old regions: 225->227
[4276.528s][info][gc,heap        ] GC(407) Humongous regions: 33->33
[4276.528s][info][gc,metaspace   ] GC(407) Metaspace: 35700K(37888K)->35700K(37888K) NonClass: 26696K(26944K)->26696K(26944K) Class: 9004K(10944K)->9004K(10944K)
[4276.528s][info][gc             ] GC(407) Pause Young (Normal) (G1 Evacuation Pause) 8175M->2464M(10240M) 155.984ms
[4276.528s][info][gc,cpu         ] GC(407) User=1.22s Sys=0.00s Real=0.16s
......[4283.256s][info][gc,start       ] GC(408) Pause Young (Normal) (G1 Evacuation Pause)
[4283.256s][info][gc,task        ] GC(408) Using 8 workers of 8 for evacuation
[4283.421s][info][gc,phases      ] GC(408)   Pre Evacuate Collection Set: 0.27ms
[4283.421s][info][gc,phases      ] GC(408)   Merge Heap Roots: 0.54ms
[4283.421s][info][gc,phases      ] GC(408)   Evacuate Collection Set: 163.00ms
[4283.421s][info][gc,phases      ] GC(408)   Post Evacuate Collection Set: 1.27ms
[4283.421s][info][gc,phases      ] GC(408)   Other: 0.06ms
[4283.421s][info][gc,heap        ] GC(408) Eden regions: 716->0(714)
[4283.421s][info][gc,heap        ] GC(408) Survivor regions: 52->54(96)
[4283.421s][info][gc,heap        ] GC(408) Old regions: 227->230
[4283.421s][info][gc,heap        ] GC(408) Humongous regions: 33->33
[4283.421s][info][gc,metaspace   ] GC(408) Metaspace: 35700K(37888K)->35700K(37888K) NonClass: 26696K(26944K)->26696K(26944K) Class: 9004K(10944K)->9004K(10944K)
[4283.421s][info][gc             ] GC(408) Pause Young (Normal) (G1 Evacuation Pause) 8192M->2500M(10240M) 165.286ms
[4283.421s][info][gc,cpu         ] GC(408) User=1.30s Sys=0.00s Real=0.16s
.......[4290.017s][info][gc,start       ] GC(409) Pause Young (Normal) (G1 Evacuation Pause)
[4290.017s][info][gc,task        ] GC(409) Using 8 workers of 8 for evacuation
[4290.181s][info][gc,phases      ] GC(409)   Pre Evacuate Collection Set: 0.29ms
[4290.181s][info][gc,phases      ] GC(409)   Merge Heap Roots: 0.61ms
[4290.181s][info][gc,phases      ] GC(409)   Evacuate Collection Set: 161.71ms
[4290.181s][info][gc,phases      ] GC(409)   Post Evacuate Collection Set: 1.25ms
[4290.181s][info][gc,phases      ] GC(409)   Other: 0.06ms
[4290.181s][info][gc,heap        ] GC(409) Eden regions: 714->0(715)
[4290.181s][info][gc,heap        ] GC(409) Survivor regions: 54->53(96)
[4290.181s][info][gc,heap        ] GC(409) Old regions: 230->232
[4290.181s][info][gc,heap        ] GC(409) Humongous regions: 33->33
[4290.181s][info][gc,metaspace   ] GC(409) Metaspace: 35700K(37888K)->35700K(37888K) NonClass: 26696K(26944K)->26696K(26944K) Class: 9004K(10944K)->9004K(10944K)
[4290.181s][info][gc             ] GC(409) Pause Young (Normal) (G1 Evacuation Pause) 8212M->2516M(10240M) 164.055ms
[4290.181s][info][gc,cpu         ] GC(409) User=1.29s Sys=0.00s Real=0.16s
.......[4296.815s][info][gc,start       ] GC(410) Pause Young (Normal) (G1 Evacuation Pause)
[4296.815s][info][gc,task        ] GC(410) Using 8 workers of 8 for evacuation
[4296.976s][info][gc,phases      ] GC(410)   Pre Evacuate Collection Set: 0.29ms
[4296.976s][info][gc,phases      ] GC(410)   Merge Heap Roots: 0.54ms
[4296.976s][info][gc,phases      ] GC(410)   Evacuate Collection Set: 159.11ms
[4296.976s][info][gc,phases      ] GC(410)   Post Evacuate Collection Set: 1.24ms
[4296.976s][info][gc,phases      ] GC(410)   Other: 0.06ms
[4296.976s][info][gc,heap        ] GC(410) Eden regions: 715->0(716)
[4296.976s][info][gc,heap        ] GC(410) Survivor regions: 53->52(96)
[4296.976s][info][gc,heap        ] GC(410) Old regions: 232->235
[4296.976s][info][gc,heap        ] GC(410) Humongous regions: 33->33
[4296.976s][info][gc,metaspace   ] GC(410) Metaspace: 35701K(37888K)->35701K(37888K) NonClass: 26697K(26944K)->26697K(26944K) Class: 9004K(10944K)->9004K(10944K)
[4296.976s][info][gc             ] GC(410) Pause Young (Normal) (G1 Evacuation Pause) 8236M->2523M(10240M) 161.386ms
[4296.976s][info][gc,cpu         ] GC(410) User=1.27s Sys=0.00s Real=0.16s
...... (rIR:aIR:PR = 7057:7045:7045) (tPR = 104930) [OK] 
  4302s: Performance info:
         Transaction,    Success,    Partial,     Failed,   Receipts, AvgBarcode, 
             Overall,     423927,          0,          0,     402715,      59.47, 
         Response times:
             Request,    Success,    Partial,     Failed,   SkipFail,     Probes,    Samples,      min,      p50,      p90,      p95,      p99,      max, 
       TotalPurchase,     402715,          0,          0,          0,     359555,     397260,      400,     5000,     9300,    12800,    76000,   381000,
     InStorePurchase,     212003,          0,          0,          0,     189332,     208986,      400,     5000,     9400,    13000,    77000,   381000,
      OnlinePurchase,     148327,          0,          0,          0,     132649,     146308,      400,     4900,     9200,    12600,    77000,   359000,
        InstPurchase,      42385,          0,          0,          0,      37574,      41966,      500,     4900,     9500,    12800,    70000,   338000,
          AssocOfCat,        426,          0,          0,          0,        349,        478,    25000,    40000,    57000,    68000,   204210,   230000,
      AssocOfProduct,       4249,          0,          0,          0,       3945,       4525,      800,     5300,     9100,    12700,    72000,   176000,
      BusinessReport,       1065,          0,          0,          0,        925,       1127,    32000,    49000,    70000,    92200,   195080,   269000,
          CustBuyBeh,       4258,          0,          0,          0,       3999,       4625,      300,     5400,     8800,    11300,    89000,   357000,
       ProductReturn,      11214,          0,          0,          0,       9662,      10903,      200,     4600,     9000,    12580,    75960,   358000,

  4302s: (52%)   IR =   7195 .[4303.668s][info][gc,start       ] GC(411) Pause Young (Normal) (G1 Evacuation Pause)
[4303.668s][info][gc,task        ] GC(411) Using 8 workers of 8 for evacuation
[4303.829s][info][gc,phases      ] GC(411)   Pre Evacuate Collection Set: 0.30ms
[4303.829s][info][gc,phases      ] GC(411)   Merge Heap Roots: 0.54ms
[4303.829s][info][gc,phases      ] GC(411)   Evacuate Collection Set: 158.09ms
[4303.829s][info][gc,phases      ] GC(411)   Post Evacuate Collection Set: 1.26ms
[4303.829s][info][gc,phases      ] GC(411)   Other: 0.07ms
[4303.829s][info][gc,heap        ] GC(411) Eden regions: 716->0(715)
[4303.829s][info][gc,heap        ] GC(411) Survivor regions: 52->53(96)
[4303.829s][info][gc,heap        ] GC(411) Old regions: 235->237
[4303.829s][info][gc,heap        ] GC(411) Humongous regions: 33->33
[4303.829s][info][gc,metaspace   ] GC(411) Metaspace: 35701K(37888K)->35701K(37888K) NonClass: 26697K(26944K)->26697K(26944K) Class: 9004K(10944K)->9004K(10944K)
[4303.829s][info][gc             ] GC(411) Pause Young (Normal) (G1 Evacuation Pause) 8251M->2551M(10240M) 160.400ms
[4303.829s][info][gc,cpu         ] GC(411) User=1.26s Sys=0.00s Real=0.16s
....|..[4310.304s][info][gc,start       ] GC(412) Pause Young (Normal) (G1 Evacuation Pause)
[4310.304s][info][gc,task        ] GC(412) Using 8 workers of 8 for evacuation
[4310.462s][info][gc,phases      ] GC(412)   Pre Evacuate Collection Set: 0.30ms
[4310.462s][info][gc,phases      ] GC(412)   Merge Heap Roots: 0.51ms
[4310.462s][info][gc,phases      ] GC(412)   Evacuate Collection Set: 156.23ms
[4310.462s][info][gc,phases      ] GC(412)   Post Evacuate Collection Set: 1.27ms
[4310.462s][info][gc,phases      ] GC(412)   Other: 0.07ms
[4310.462s][info][gc,heap        ] GC(412) Eden regions: 715->0(716)
[4310.462s][info][gc,heap        ] GC(412) Survivor regions: 53->52(96)
[4310.462s][info][gc,heap        ] GC(412) Old regions: 237->240
[4310.462s][info][gc,heap        ] GC(412) Humongous regions: 33->33
[4310.462s][info][gc,metaspace   ] GC(412) Metaspace: 35701K(37888K)->35701K(37888K) NonClass: 26697K(26944K)->26697K(26944K) Class: 9004K(10944K)->9004K(10944K)
[4310.462s][info][gc             ] GC(412) Pause Young (Normal) (G1 Evacuation Pause) 8271M->2567M(10240M) 158.540ms
[4310.462s][info][gc,cpu         ] GC(412) User=1.24s Sys=0.00s Real=0.16s
.......[4316.953s][info][gc,start       ] GC(413) Pause Young (Normal) (G1 Evacuation Pause)
[4316.953s][info][gc,task        ] GC(413) Using 8 workers of 8 for evacuation
[4317.113s][info][gc,phases      ] GC(413)   Pre Evacuate Collection Set: 0.29ms
[4317.113s][info][gc,phases      ] GC(413)   Merge Heap Roots: 0.50ms
[4317.113s][info][gc,phases      ] GC(413)   Evacuate Collection Set: 157.04ms
[4317.113s][info][gc,phases      ] GC(413)   Post Evacuate Collection Set: 1.25ms
[4317.113s][info][gc,phases      ] GC(413)   Other: 0.06ms
[4317.113s][info][gc,heap        ] GC(413) Eden regions: 716->0(716)
[4317.113s][info][gc,heap        ] GC(413) Survivor regions: 52->52(96)
[4317.113s][info][gc,heap        ] GC(413) Old regions: 240->242
[4317.113s][info][gc,heap        ] GC(413) Humongous regions: 33->33
[4317.113s][info][gc,metaspace   ] GC(413) Metaspace: 35701K(37888K)->35701K(37888K) NonClass: 26697K(26944K)->26697K(26944K) Class: 9004K(10944K)->9004K(10944K)
[4317.113s][info][gc             ] GC(413) Pause Young (Normal) (G1 Evacuation Pause) 8295M->2583M(10240M) 159.281ms
[4317.113s][info][gc,cpu         ] GC(413) User=1.26s Sys=0.00s Real=0.16s
.......[4323.703s][info][gc,start       ] GC(414) Pause Young (Normal) (G1 Evacuation Pause)
[4323.703s][info][gc,task        ] GC(414) Using 8 workers of 8 for evacuation
[4323.863s][info][gc,phases      ] GC(414)   Pre Evacuate Collection Set: 0.30ms
[4323.863s][info][gc,phases      ] GC(414)   Merge Heap Roots: 0.56ms
[4323.863s][info][gc,phases      ] GC(414)   Evacuate Collection Set: 158.26ms
[4323.863s][info][gc,phases      ] GC(414)   Post Evacuate Collection Set: 1.27ms
[4323.863s][info][gc,phases      ] GC(414)   Other: 0.09ms
[4323.863s][info][gc,heap        ] GC(414) Eden regions: 716->0(716)
[4323.863s][info][gc,heap        ] GC(414) Survivor regions: 52->52(96)
[4323.863s][info][gc,heap        ] GC(414) Old regions: 242->245
[4323.863s][info][gc,heap        ] GC(414) Humongous regions: 33->33
[4323.863s][info][gc,metaspace   ] GC(414) Metaspace: 35701K(37888K)->35701K(37888K) NonClass: 26697K(26944K)->26697K(26944K) Class: 9004K(10944K)->9004K(10944K)
[4323.863s][info][gc             ] GC(414) Pause Young (Normal) (G1 Evacuation Pause) 8311M->2604M(10240M) 160.622ms
[4323.863s][info][gc,cpu         ] GC(414) User=1.26s Sys=0.00s Real=0.16s
......[4330.316s][info][gc,start       ] GC(415) Pause Young (Normal) (G1 Evacuation Pause)
[4330.316s][info][gc,task        ] GC(415) Using 8 workers of 8 for evacuation
[4330.476s][info][gc,phases      ] GC(415)   Pre Evacuate Collection Set: 0.30ms
[4330.476s][info][gc,phases      ] GC(415)   Merge Heap Roots: 0.58ms
[4330.476s][info][gc,phases      ] GC(415)   Evacuate Collection Set: 157.41ms
[4330.476s][info][gc,phases      ] GC(415)   Post Evacuate Collection Set: 1.28ms
[4330.476s][info][gc,phases      ] GC(415)   Other: 0.07ms
[4330.476s][info][gc,heap        ] GC(415) Eden regions: 716->0(716)
[4330.476s][info][gc,heap        ] GC(415) Survivor regions: 52->52(96)
[4330.476s][info][gc,heap        ] GC(415) Old regions: 245->247
[4330.476s][info][gc,heap        ] GC(415) Humongous regions: 33->33
[4330.476s][info][gc,metaspace   ] GC(415) Metaspace: 35701K(37888K)->35701K(37888K) NonClass: 26697K(26944K)->26697K(26944K) Class: 9004K(10944K)->9004K(10944K)
[4330.476s][info][gc             ] GC(415) Pause Young (Normal) (G1 Evacuation Pause) 8332M->2624M(10240M) 159.772ms
[4330.476s][info][gc,cpu         ] GC(415) User=1.25s Sys=0.00s Real=0.16s
.......[4337.069s][info][gc,start       ] GC(416) Pause Young (Normal) (G1 Evacuation Pause)
[4337.069s][info][gc,task        ] GC(416) Using 8 workers of 8 for evacuation
[4337.233s][info][gc,phases      ] GC(416)   Pre Evacuate Collection Set: 0.28ms
[4337.233s][info][gc,phases      ] GC(416)   Merge Heap Roots: 0.60ms
[4337.233s][info][gc,phases      ] GC(416)   Evacuate Collection Set: 161.91ms
[4337.233s][info][gc,phases      ] GC(416)   Post Evacuate Collection Set: 1.27ms
[4337.233s][info][gc,phases      ] GC(416)   Other: 0.07ms
[4337.233s][info][gc,heap        ] GC(416) Eden regions: 716->0(716)
[4337.233s][info][gc,heap        ] GC(416) Survivor regions: 52->52(96)
[4337.233s][info][gc,heap        ] GC(416) Old regions: 247->250
[4337.233s][info][gc,heap        ] GC(416) Humongous regions: 33->33
[4337.233s][info][gc,metaspace   ] GC(416) Metaspace: 35701K(37888K)->35701K(37888K) NonClass: 26697K(26944K)->26697K(26944K) Class: 9004K(10944K)->9004K(10944K)
[4337.233s][info][gc             ] GC(416) Pause Young (Normal) (G1 Evacuation Pause) 8352M->2647M(10240M) 164.257ms
[4337.233s][info][gc,cpu         ] GC(416) User=1.29s Sys=0.00s Real=0.17s
.......[4343.787s][info][gc,start       ] GC(417) Pause Young (Normal) (G1 Evacuation Pause)
[4343.787s][info][gc,task        ] GC(417) Using 8 workers of 8 for evacuation
[4343.946s][info][gc,phases      ] GC(417)   Pre Evacuate Collection Set: 0.26ms
[4343.946s][info][gc,phases      ] GC(417)   Merge Heap Roots: 0.53ms
[4343.946s][info][gc,phases      ] GC(417)   Evacuate Collection Set: 157.36ms
[4343.946s][info][gc,phases      ] GC(417)   Post Evacuate Collection Set: 1.26ms
[4343.946s][info][gc,phases      ] GC(417)   Other: 0.06ms
[4343.946s][info][gc,heap        ] GC(417) Eden regions: 716->0(716)
[4343.946s][info][gc,heap        ] GC(417) Survivor regions: 52->52(96)
[4343.946s][info][gc,heap        ] GC(417) Old regions: 250->252
[4343.946s][info][gc,heap        ] GC(417) Humongous regions: 33->33
[4343.946s][info][gc,metaspace   ] GC(417) Metaspace: 35701K(37888K)->35701K(37888K) NonClass: 26697K(26944K)->26697K(26944K) Class: 9004K(10944K)->9004K(10944K)
[4343.946s][info][gc             ] GC(417) Pause Young (Normal) (G1 Evacuation Pause) 8375M->2667M(10240M) 159.595ms
[4343.946s][info][gc,cpu         ] GC(417) User=1.25s Sys=0.00s Real=0.16s
......[4350.513s][info][gc,start       ] GC(418) Pause Young (Normal) (G1 Evacuation Pause)
[4350.514s][info][gc,task        ] GC(418) Using 8 workers of 8 for evacuation
[4350.672s][info][gc,phases      ] GC(418)   Pre Evacuate Collection Set: 0.30ms
[4350.672s][info][gc,phases      ] GC(418)   Merge Heap Roots: 0.59ms
[4350.672s][info][gc,phases      ] GC(418)   Evacuate Collection Set: 155.98ms
[4350.672s][info][gc,phases      ] GC(418)   Post Evacuate Collection Set: 1.27ms
[4350.672s][info][gc,phases      ] GC(418)   Other: 0.07ms
[4350.672s][info][gc,heap        ] GC(418) Eden regions: 716->0(716)
[4350.672s][info][gc,heap        ] GC(418) Survivor regions: 52->52(96)
[4350.672s][info][gc,heap        ] GC(418) Old regions: 252->255
[4350.672s][info][gc,heap        ] GC(418) Humongous regions: 33->33
[4350.672s][info][gc,metaspace   ] GC(418) Metaspace: 35701K(37888K)->35701K(37888K) NonClass: 26697K(26944K)->26697K(26944K) Class: 9004K(10944K)->9004K(10944K)
[4350.672s][info][gc             ] GC(418) Pause Young (Normal) (G1 Evacuation Pause) 8395M->2683M(10240M) 158.344ms
[4350.672s][info][gc,cpu         ] GC(418) User=1.24s Sys=0.00s Real=0.16s
.......[4357.166s][info][gc,start       ] GC(419) Pause Young (Normal) (G1 Evacuation Pause)
[4357.166s][info][gc,task        ] GC(419) Using 8 workers of 8 for evacuation
[4357.334s][info][gc,phases      ] GC(419)   Pre Evacuate Collection Set: 0.31ms
[4357.334s][info][gc,phases      ] GC(419)   Merge Heap Roots: 0.56ms
[4357.334s][info][gc,phases      ] GC(419)   Evacuate Collection Set: 165.94ms
[4357.334s][info][gc,phases      ] GC(419)   Post Evacuate Collection Set: 1.23ms
[4357.334s][info][gc,phases      ] GC(419)   Other: 0.07ms
[4357.334s][info][gc,heap        ] GC(419) Eden regions: 716->0(714)
[4357.334s][info][gc,heap        ] GC(419) Survivor regions: 52->54(96)
[4357.334s][info][gc,heap        ] GC(419) Old regions: 255->257
[4357.334s][info][gc,heap        ] GC(419) Humongous regions: 33->33
[4357.334s][info][gc,metaspace   ] GC(419) Metaspace: 35701K(37888K)->35701K(37888K) NonClass: 26697K(26944K)->26697K(26944K) Class: 9004K(10944K)->9004K(10944K)
[4357.334s][info][gc             ] GC(419) Pause Young (Normal) (G1 Evacuation Pause) 8411M->2723M(10240M) 168.250ms
[4357.334s][info][gc,cpu         ] GC(419) User=1.33s Sys=0.00s Real=0.17s
.......[4363.781s][info][gc,start       ] GC(420) Pause Young (Normal) (G1 Evacuation Pause)
[4363.781s][info][gc,task        ] GC(420) Using 8 workers of 8 for evacuation
[4363.942s][info][gc,phases      ] GC(420)   Pre Evacuate Collection Set: 0.27ms
[4363.942s][info][gc,phases      ] GC(420)   Merge Heap Roots: 0.57ms
[4363.942s][info][gc,phases      ] GC(420)   Evacuate Collection Set: 158.78ms
[4363.942s][info][gc,phases      ] GC(420)   Post Evacuate Collection Set: 1.21ms
[4363.942s][info][gc,phases      ] GC(420)   Other: 0.06ms
[4363.942s][info][gc,heap        ] GC(420) Eden regions: 714->0(716)
[4363.942s][info][gc,heap        ] GC(420) Survivor regions: 54->52(96)
[4363.942s][info][gc,heap        ] GC(420) Old regions: 257->260
[4363.942s][info][gc,heap        ] GC(420) Humongous regions: 33->33
[4363.942s][info][gc,metaspace   ] GC(420) Metaspace: 35701K(37888K)->35701K(37888K) NonClass: 26697K(26944K)->26697K(26944K) Class: 9004K(10944K)->9004K(10944K)
[4363.942s][info][gc             ] GC(420) Pause Young (Normal) (G1 Evacuation Pause) 8435M->2727M(10240M) 161.048ms
[4363.942s][info][gc,cpu         ] GC(420) User=1.26s Sys=0.00s Real=0.17s
.... (rIR:aIR:PR = 7195:7190:7190) (tPR = 107019) [OK] 
  4367s: Performance info:
         Transaction,    Success,    Partial,     Failed,   Receipts, AvgBarcode, 
             Overall,     432601,          0,          0,     410937,      59.48, 
         Response times:
             Request,    Success,    Partial,     Failed,   SkipFail,     Probes,    Samples,      min,      p50,      p90,      p95,      p99,      max, 
       TotalPurchase,     410937,          0,          0,          0,     361799,     393304,      300,     5100,     9800,    15700,    78000,   486000,
     InStorePurchase,     215801,          0,          0,          0,     189870,     206437,      400,     5000,     9800,    15300,    77000,   486000,
      OnlinePurchase,     151994,          0,          0,          0,     133470,     144767,      300,     5200,     9700,    15800,    79000,   486000,
        InstPurchase,      43142,          0,          0,          0,      38459,      42100,      500,     5000,     9900,    17100,    79000,   431000,
          AssocOfCat,        437,          0,          0,          0,        347,        445,    29000,    41000,    58000,    76000,   217160,   231000,
      AssocOfProduct,       4324,          0,          0,          0,       4008,       4597,      500,     4500,     9300,    13500,    76020,   386000,
      BusinessReport,       1081,          0,          0,          0,        995,       1210,    32000,    50000,    70000,    88450,   159900,   387000,
          CustBuyBeh,       4330,          0,          0,          0,       4093,       4645,      200,     4100,     9600,    14000,    71000,   220000,
       ProductReturn,      11492,          0,          0,          0,       9846,      11078,      200,     5200,     9600,    15000,    90000,   426000,

  4367s: (53%)   IR =   7334 ..[4370.423s][info][gc,start       ] GC(421) Pause Young (Normal) (G1 Evacuation Pause)
[4370.423s][info][gc,task        ] GC(421) Using 8 workers of 8 for evacuation
[4370.583s][info][gc,phases      ] GC(421)   Pre Evacuate Collection Set: 0.30ms
[4370.583s][info][gc,phases      ] GC(421)   Merge Heap Roots: 0.57ms
[4370.583s][info][gc,phases      ] GC(421)   Evacuate Collection Set: 157.39ms
[4370.583s][info][gc,phases      ] GC(421)   Post Evacuate Collection Set: 1.35ms
[4370.583s][info][gc,phases      ] GC(421)   Other: 0.07ms
[4370.583s][info][gc,heap        ] GC(421) Eden regions: 716->0(716)
[4370.583s][info][gc,heap        ] GC(421) Survivor regions: 52->52(96)
[4370.583s][info][gc,heap        ] GC(421) Old regions: 260->262
[4370.583s][info][gc,heap        ] GC(421) Humongous regions: 33->33
[4370.583s][info][gc,metaspace   ] GC(421) Metaspace: 35701K(37888K)->35701K(37888K) NonClass: 26697K(26944K)->26697K(26944K) Class: 9004K(10944K)->9004K(10944K)
[4370.583s][info][gc             ] GC(421) Pause Young (Normal) (G1 Evacuation Pause) 8455M->2746M(10240M) 159.826ms
[4370.583s][info][gc,cpu         ] GC(421) User=1.26s Sys=0.00s Real=0.16s
...|....[4376.969s][info][gc,start       ] GC(422) Pause Young (Normal) (G1 Evacuation Pause)
[4376.969s][info][gc,task        ] GC(422) Using 8 workers of 8 for evacuation
[4377.132s][info][gc,phases      ] GC(422)   Pre Evacuate Collection Set: 0.32ms
[4377.132s][info][gc,phases      ] GC(422)   Merge Heap Roots: 0.55ms
[4377.132s][info][gc,phases      ] GC(422)   Evacuate Collection Set: 160.76ms
[4377.133s][info][gc,phases      ] GC(422)   Post Evacuate Collection Set: 1.31ms
[4377.133s][info][gc,phases      ] GC(422)   Other: 0.07ms
[4377.133s][info][gc,heap        ] GC(422) Eden regions: 716->0(715)
[4377.133s][info][gc,heap        ] GC(422) Survivor regions: 52->53(96)
[4377.133s][info][gc,heap        ] GC(422) Old regions: 262->265
[4377.133s][info][gc,heap        ] GC(422) Humongous regions: 33->33
[4377.133s][info][gc,metaspace   ] GC(422) Metaspace: 35701K(37888K)->35701K(37888K) NonClass: 26697K(26944K)->26697K(26944K) Class: 9004K(10944K)->9004K(10944K)
[4377.133s][info][gc             ] GC(422) Pause Young (Normal) (G1 Evacuation Pause) 8474M->2775M(10240M) 163.147ms
[4377.133s][info][gc,cpu         ] GC(422) User=1.28s Sys=0.00s Real=0.17s
......[4383.565s][info][gc,start       ] GC(423) Pause Young (Normal) (G1 Evacuation Pause)
[4383.565s][info][gc,task        ] GC(423) Using 8 workers of 8 for evacuation
[4383.725s][info][gc,phases      ] GC(423)   Pre Evacuate Collection Set: 0.30ms
[4383.725s][info][gc,phases      ] GC(423)   Merge Heap Roots: 0.54ms
[4383.725s][info][gc,phases      ] GC(423)   Evacuate Collection Set: 157.88ms
[4383.725s][info][gc,phases      ] GC(423)   Post Evacuate Collection Set: 1.27ms
[4383.725s][info][gc,phases      ] GC(423)   Other: 0.09ms
[4383.725s][info][gc,heap        ] GC(423) Eden regions: 715->0(716)
[4383.725s][info][gc,heap        ] GC(423) Survivor regions: 53->52(96)
[4383.725s][info][gc,heap        ] GC(423) Old regions: 265->267
[4383.725s][info][gc,heap        ] GC(423) Humongous regions: 33->33
[4383.725s][info][gc,metaspace   ] GC(423) Metaspace: 35701K(37888K)->35701K(37888K) NonClass: 26697K(26944K)->26697K(26944K) Class: 9004K(10944K)->9004K(10944K)
[4383.725s][info][gc             ] GC(423) Pause Young (Normal) (G1 Evacuation Pause) 8495M->2787M(10240M) 160.213ms
[4383.725s][info][gc,cpu         ] GC(423) User=1.25s Sys=0.00s Real=0.16s
.......[4390.112s][info][gc,start       ] GC(424) Pause Young (Normal) (G1 Evacuation Pause)
[4390.113s][info][gc,task        ] GC(424) Using 8 workers of 8 for evacuation
[4390.273s][info][gc,phases      ] GC(424)   Pre Evacuate Collection Set: 0.33ms
[4390.273s][info][gc,phases      ] GC(424)   Merge Heap Roots: 0.64ms
[4390.273s][info][gc,phases      ] GC(424)   Evacuate Collection Set: 158.03ms
[4390.273s][info][gc,phases      ] GC(424)   Post Evacuate Collection Set: 1.27ms
[4390.273s][info][gc,phases      ] GC(424)   Other: 0.08ms
[4390.273s][info][gc,heap        ] GC(424) Eden regions: 716->0(716)
[4390.273s][info][gc,heap        ] GC(424) Survivor regions: 52->52(96)
[4390.273s][info][gc,heap        ] GC(424) Old regions: 267->270
[4390.273s][info][gc,heap        ] GC(424) Humongous regions: 33->33
[4390.273s][info][gc,metaspace   ] GC(424) Metaspace: 35701K(37888K)->35701K(37888K) NonClass: 26697K(26944K)->26697K(26944K) Class: 9004K(10944K)->9004K(10944K)
[4390.273s][info][gc             ] GC(424) Pause Young (Normal) (G1 Evacuation Pause) 8515M->2803M(10240M) 160.490ms
[4390.273s][info][gc,cpu         ] GC(424) User=1.25s Sys=0.01s Real=0.16s
......[4396.661s][info][gc,start       ] GC(425) Pause Young (Normal) (G1 Evacuation Pause)
[4396.661s][info][gc,task        ] GC(425) Using 8 workers of 8 for evacuation
[4396.819s][info][gc,phases      ] GC(425)   Pre Evacuate Collection Set: 0.30ms
[4396.819s][info][gc,phases      ] GC(425)   Merge Heap Roots: 0.56ms
[4396.819s][info][gc,phases      ] GC(425)   Evacuate Collection Set: 155.97ms
[4396.819s][info][gc,phases      ] GC(425)   Post Evacuate Collection Set: 1.20ms
[4396.820s][info][gc,phases      ] GC(425)   Other: 0.07ms
[4396.820s][info][gc,heap        ] GC(425) Eden regions: 716->0(715)
[4396.820s][info][gc,heap        ] GC(425) Survivor regions: 52->53(96)
[4396.820s][info][gc,heap        ] GC(425) Old regions: 270->272
[4396.820s][info][gc,heap        ] GC(425) Humongous regions: 33->33
[4396.820s][info][gc,metaspace   ] GC(425) Metaspace: 35701K(37888K)->35701K(37888K) NonClass: 26697K(26944K)->26697K(26944K) Class: 9004K(10944K)->9004K(10944K)
[4396.820s][info][gc             ] GC(425) Pause Young (Normal) (G1 Evacuation Pause) 8531M->2831M(10240M) 158.239ms
[4396.820s][info][gc,cpu         ] GC(425) User=1.24s Sys=0.00s Real=0.16s
.......[4403.176s][info][gc,start       ] GC(426) Pause Young (Normal) (G1 Evacuation Pause)
[4403.176s][info][gc,task        ] GC(426) Using 8 workers of 8 for evacuation
[4403.339s][info][gc,phases      ] GC(426)   Pre Evacuate Collection Set: 0.32ms
[4403.339s][info][gc,phases      ] GC(426)   Merge Heap Roots: 0.65ms
[4403.339s][info][gc,phases      ] GC(426)   Evacuate Collection Set: 160.42ms
[4403.339s][info][gc,phases      ] GC(426)   Post Evacuate Collection Set: 1.25ms
[4403.339s][info][gc,phases      ] GC(426)   Other: 0.07ms
[4403.339s][info][gc,heap        ] GC(426) Eden regions: 715->0(715)
[4403.339s][info][gc,heap        ] GC(426) Survivor regions: 53->53(96)
[4403.339s][info][gc,heap        ] GC(426) Old regions: 272->275
[4403.339s][info][gc,heap        ] GC(426) Humongous regions: 33->33
[4403.339s][info][gc,metaspace   ] GC(426) Metaspace: 35701K(37888K)->35701K(37888K) NonClass: 26697K(26944K)->26697K(26944K) Class: 9004K(10944K)->9004K(10944K)
[4403.339s][info][gc             ] GC(426) Pause Young (Normal) (G1 Evacuation Pause) 8551M->2851M(10240M) 162.856ms
[4403.339s][info][gc,cpu         ] GC(426) User=1.27s Sys=0.00s Real=0.16s
......[4409.768s][info][gc,start       ] GC(427) Pause Young (Normal) (G1 Evacuation Pause)
[4409.768s][info][gc,task        ] GC(427) Using 8 workers of 8 for evacuation
[4409.929s][info][gc,phases      ] GC(427)   Pre Evacuate Collection Set: 0.29ms
[4409.929s][info][gc,phases      ] GC(427)   Merge Heap Roots: 0.55ms
[4409.929s][info][gc,phases      ] GC(427)   Evacuate Collection Set: 159.08ms
[4409.929s][info][gc,phases      ] GC(427)   Post Evacuate Collection Set: 1.25ms
[4409.929s][info][gc,phases      ] GC(427)   Other: 0.08ms
[4409.929s][info][gc,heap        ] GC(427) Eden regions: 715->0(716)
[4409.929s][info][gc,heap        ] GC(427) Survivor regions: 53->52(96)
[4409.929s][info][gc,heap        ] GC(427) Old regions: 275->277
[4409.929s][info][gc,heap        ] GC(427) Humongous regions: 33->33
[4409.929s][info][gc,metaspace   ] GC(427) Metaspace: 35701K(37888K)->35701K(37888K) NonClass: 26697K(26944K)->26697K(26944K) Class: 9004K(10944K)->9004K(10944K)
[4409.929s][info][gc             ] GC(427) Pause Young (Normal) (G1 Evacuation Pause) 8571M->2867M(10240M) 161.377ms
[4409.930s][info][gc,cpu         ] GC(427) User=1.27s Sys=0.00s Real=0.16s
.......[4416.399s][info][gc,start       ] GC(428) Pause Young (Normal) (G1 Evacuation Pause)
[4416.399s][info][gc,task        ] GC(428) Using 8 workers of 8 for evacuation
[4416.557s][info][gc,phases      ] GC(428)   Pre Evacuate Collection Set: 0.31ms
[4416.557s][info][gc,phases      ] GC(428)   Merge Heap Roots: 0.53ms
[4416.557s][info][gc,phases      ] GC(428)   Evacuate Collection Set: 155.59ms
[4416.557s][info][gc,phases      ] GC(428)   Post Evacuate Collection Set: 1.31ms
[4416.557s][info][gc,phases      ] GC(428)   Other: 0.06ms
[4416.557s][info][gc,heap        ] GC(428) Eden regions: 716->0(717)
[4416.557s][info][gc,heap        ] GC(428) Survivor regions: 52->51(96)
[4416.557s][info][gc,heap        ] GC(428) Old regions: 277->280
[4416.557s][info][gc,heap        ] GC(428) Humongous regions: 33->33
[4416.557s][info][gc,metaspace   ] GC(428) Metaspace: 35701K(37888K)->35701K(37888K) NonClass: 26697K(26944K)->26697K(26944K) Class: 9004K(10944K)->9004K(10944K)
[4416.557s][info][gc             ] GC(428) Pause Young (Normal) (G1 Evacuation Pause) 8595M->2879M(10240M) 157.965ms
[4416.557s][info][gc,cpu         ] GC(428) User=1.24s Sys=0.00s Real=0.16s
......[4422.908s][info][gc,start       ] GC(429) Pause Young (Normal) (G1 Evacuation Pause)
[4422.908s][info][gc,task        ] GC(429) Using 8 workers of 8 for evacuation
[4423.067s][info][gc,phases      ] GC(429)   Pre Evacuate Collection Set: 0.32ms
[4423.067s][info][gc,phases      ] GC(429)   Merge Heap Roots: 0.53ms
[4423.067s][info][gc,phases      ] GC(429)   Evacuate Collection Set: 156.10ms
[4423.067s][info][gc,phases      ] GC(429)   Post Evacuate Collection Set: 1.24ms
[4423.067s][info][gc,phases      ] GC(429)   Other: 0.07ms
[4423.067s][info][gc,heap        ] GC(429) Eden regions: 717->0(716)
[4423.067s][info][gc,heap        ] GC(429) Survivor regions: 51->52(96)
[4423.067s][info][gc,heap        ] GC(429) Old regions: 280->282
[4423.067s][info][gc,heap        ] GC(429) Humongous regions: 33->33
[4423.067s][info][gc,metaspace   ] GC(429) Metaspace: 35701K(37888K)->35701K(37888K) NonClass: 26697K(26944K)->26697K(26944K) Class: 9004K(10944K)->9004K(10944K)
[4423.067s][info][gc             ] GC(429) Pause Young (Normal) (G1 Evacuation Pause) 8615M->2903M(10240M) 158.392ms
[4423.067s][info][gc,cpu         ] GC(429) User=1.24s Sys=0.00s Real=0.16s
.......[4429.378s][info][gc,start       ] GC(430) Pause Young (Normal) (G1 Evacuation Pause)
[4429.378s][info][gc,task        ] GC(430) Using 8 workers of 8 for evacuation
[4429.537s][info][gc,phases      ] GC(430)   Pre Evacuate Collection Set: 0.29ms
[4429.537s][info][gc,phases      ] GC(430)   Merge Heap Roots: 0.51ms
[4429.537s][info][gc,phases      ] GC(430)   Evacuate Collection Set: 156.42ms
[4429.537s][info][gc,phases      ] GC(430)   Post Evacuate Collection Set: 1.26ms
[4429.537s][info][gc,phases      ] GC(430)   Other: 0.07ms
[4429.537s][info][gc,heap        ] GC(430) Eden regions: 716->0(716)
[4429.537s][info][gc,heap        ] GC(430) Survivor regions: 52->52(96)
[4429.537s][info][gc,heap        ] GC(430) Old regions: 282->285
[4429.537s][info][gc,heap        ] GC(430) Humongous regions: 33->33
[4429.537s][info][gc,metaspace   ] GC(430) Metaspace: 35701K(37888K)->35701K(37888K) NonClass: 26697K(26944K)->26697K(26944K) Class: 9004K(10944K)->9004K(10944K)
[4429.537s][info][gc             ] GC(430) Pause Young (Normal) (G1 Evacuation Pause) 8631M->2928M(10240M) 158.689ms
[4429.537s][info][gc,cpu         ] GC(430) User=1.24s Sys=0.00s Real=0.16s
.... (rIR:aIR:PR = 7334:7328:7328) (tPR = 109286) [OK] 
  4432s: Performance info:
         Transaction,    Success,    Partial,     Failed,   Receipts, AvgBarcode, 
             Overall,     441827,          0,          0,     419730,      59.47, 
         Response times:
             Request,    Success,    Partial,     Failed,   SkipFail,     Probes,    Samples,      min,      p50,      p90,      p95,      p99,      max, 
       TotalPurchase,     419734,          0,          0,          0,     360274,     393228,      400,     5200,    10100,    15400,    66000,   417000,
     InStorePurchase,     220572,          0,          0,          0,     189169,     205970,      400,     5200,    10000,    15200,    66000,   416000,
      OnlinePurchase,     155073,          0,          0,          0,     132711,     144954,      400,     5200,    10100,    15700,    65000,   416000,
        InstPurchase,      44089,          0,          0,          0,      38394,      42304,      500,     5300,    10100,    15300,    66000,   417000,
          AssocOfCat,        438,          0,          0,          0,        352,        498,    24000,    41000,    64100,    97000,   121050,   224000,
      AssocOfProduct,       4433,          0,          0,          0,       4160,       4737,      800,     4900,    10200,    13800,    55240,   197000,
      BusinessReport,       1099,          0,          0,          0,        976,       1189,    32000,    50000,    71000,    87000,   151100,   229000,
          CustBuyBeh,       4425,          0,          0,          0,       4191,       4823,      200,     4200,     9700,    14780,    53760,   217000,
       ProductReturn,      11698,          0,          0,          0,      10073,      11257,      200,     5400,     9700,    17000,    72000,   321000,

  4432s: (54%)   IR =   7472 ..[4435.988s][info][gc,start       ] GC(431) Pause Young (Normal) (G1 Evacuation Pause)
[4435.988s][info][gc,task        ] GC(431) Using 8 workers of 8 for evacuation
[4436.151s][info][gc,phases      ] GC(431)   Pre Evacuate Collection Set: 0.28ms
[4436.151s][info][gc,phases      ] GC(431)   Merge Heap Roots: 0.53ms
[4436.151s][info][gc,phases      ] GC(431)   Evacuate Collection Set: 160.92ms
[4436.151s][info][gc,phases      ] GC(431)   Post Evacuate Collection Set: 1.29ms
[4436.151s][info][gc,phases      ] GC(431)   Other: 0.07ms
[4436.151s][info][gc,heap        ] GC(431) Eden regions: 716->0(714)
[4436.151s][info][gc,heap        ] GC(431) Survivor regions: 52->54(96)
[4436.151s][info][gc,heap        ] GC(431) Old regions: 285->287
[4436.151s][info][gc,heap        ] GC(431) Humongous regions: 33->33
[4436.151s][info][gc,metaspace   ] GC(431) Metaspace: 35701K(37888K)->35701K(37888K) NonClass: 26697K(26944K)->26697K(26944K) Class: 9004K(10944K)->9004K(10944K)
[4436.151s][info][gc             ] GC(431) Pause Young (Normal) (G1 Evacuation Pause) 8656M->2960M(10240M) 163.232ms
[4436.151s][info][gc,cpu         ] GC(431) User=1.28s Sys=0.00s Real=0.16s
....|...[4442.519s][info][gc,start       ] GC(432) Pause Young (Normal) (G1 Evacuation Pause)
[4442.519s][info][gc,task        ] GC(432) Using 8 workers of 8 for evacuation
[4442.675s][info][gc,phases      ] GC(432)   Pre Evacuate Collection Set: 0.32ms
[4442.675s][info][gc,phases      ] GC(432)   Merge Heap Roots: 0.53ms
[4442.675s][info][gc,phases      ] GC(432)   Evacuate Collection Set: 153.68ms
[4442.675s][info][gc,phases      ] GC(432)   Post Evacuate Collection Set: 1.27ms
[4442.675s][info][gc,phases      ] GC(432)   Other: 0.07ms
[4442.675s][info][gc,heap        ] GC(432) Eden regions: 714->0(717)
[4442.675s][info][gc,heap        ] GC(432) Survivor regions: 54->51(96)
[4442.675s][info][gc,heap        ] GC(432) Old regions: 287->290
[4442.675s][info][gc,heap        ] GC(432) Humongous regions: 33->33
[4442.675s][info][gc,metaspace   ] GC(432) Metaspace: 35701K(37888K)->35701K(37888K) NonClass: 26697K(26944K)->26697K(26944K) Class: 9004K(10944K)->9004K(10944K)
[4442.675s][info][gc             ] GC(432) Pause Young (Normal) (G1 Evacuation Pause) 8672M->2959M(10240M) 156.013ms
[4442.675s][info][gc,cpu         ] GC(432) User=1.23s Sys=0.00s Real=0.16s
......[4448.946s][info][gc,start       ] GC(433) Pause Young (Normal) (G1 Evacuation Pause)
[4448.947s][info][gc,task        ] GC(433) Using 8 workers of 8 for evacuation
[4449.105s][info][gc,phases      ] GC(433)   Pre Evacuate Collection Set: 0.30ms
[4449.105s][info][gc,phases      ] GC(433)   Merge Heap Roots: 0.54ms
[4449.105s][info][gc,phases      ] GC(433)   Evacuate Collection Set: 156.01ms
[4449.105s][info][gc,phases      ] GC(433)   Post Evacuate Collection Set: 1.25ms
[4449.105s][info][gc,phases      ] GC(433)   Other: 0.07ms
[4449.105s][info][gc,heap        ] GC(433) Eden regions: 717->0(716)
[4449.105s][info][gc,heap        ] GC(433) Survivor regions: 51->52(96)
[4449.105s][info][gc,heap        ] GC(433) Old regions: 290->292
[4449.105s][info][gc,heap        ] GC(433) Humongous regions: 33->33
[4449.105s][info][gc,metaspace   ] GC(433) Metaspace: 35701K(37888K)->35701K(37888K) NonClass: 26697K(26944K)->26697K(26944K) Class: 9004K(10944K)->9004K(10944K)
[4449.105s][info][gc             ] GC(433) Pause Young (Normal) (G1 Evacuation Pause) 8695M->2987M(10240M) 158.329ms
[4449.105s][info][gc,cpu         ] GC(433) User=1.24s Sys=0.01s Real=0.16s
.......[4455.435s][info][gc,start       ] GC(434) Pause Young (Normal) (G1 Evacuation Pause)
[4455.435s][info][gc,task        ] GC(434) Using 8 workers of 8 for evacuation
[4455.592s][info][gc,phases      ] GC(434)   Pre Evacuate Collection Set: 0.29ms
[4455.592s][info][gc,phases      ] GC(434)   Merge Heap Roots: 0.63ms
[4455.592s][info][gc,phases      ] GC(434)   Evacuate Collection Set: 154.93ms
[4455.592s][info][gc,phases      ] GC(434)   Post Evacuate Collection Set: 1.27ms
[4455.592s][info][gc,phases      ] GC(434)   Other: 0.07ms
[4455.592s][info][gc,heap        ] GC(434) Eden regions: 716->0(717)
[4455.592s][info][gc,heap        ] GC(434) Survivor regions: 52->51(96)
[4455.592s][info][gc,heap        ] GC(434) Old regions: 292->295
[4455.592s][info][gc,heap        ] GC(434) Humongous regions: 33->33
[4455.592s][info][gc,metaspace   ] GC(434) Metaspace: 35701K(37888K)->35701K(37888K) NonClass: 26697K(26944K)->26697K(26944K) Class: 9004K(10944K)->9004K(10944K)
[4455.592s][info][gc             ] GC(434) Pause Young (Normal) (G1 Evacuation Pause) 8715M->3000M(10240M) 157.343ms
[4455.592s][info][gc,cpu         ] GC(434) User=1.24s Sys=0.01s Real=0.16s
......[4461.942s][info][gc,start       ] GC(435) Pause Young (Normal) (G1 Evacuation Pause)
[4461.942s][info][gc,task        ] GC(435) Using 8 workers of 8 for evacuation
[4462.103s][info][gc,phases      ] GC(435)   Pre Evacuate Collection Set: 0.29ms
[4462.103s][info][gc,phases      ] GC(435)   Merge Heap Roots: 0.54ms
[4462.103s][info][gc,phases      ] GC(435)   Evacuate Collection Set: 158.48ms
[4462.103s][info][gc,phases      ] GC(435)   Post Evacuate Collection Set: 1.24ms
[4462.103s][info][gc,phases      ] GC(435)   Other: 0.07ms
[4462.103s][info][gc,heap        ] GC(435) Eden regions: 717->0(716)
[4462.103s][info][gc,heap        ] GC(435) Survivor regions: 51->52(96)
[4462.103s][info][gc,heap        ] GC(435) Old regions: 295->297
[4462.103s][info][gc,heap        ] GC(435) Humongous regions: 33->33
[4462.103s][info][gc,metaspace   ] GC(435) Metaspace: 35701K(37888K)->35701K(37888K) NonClass: 26697K(26944K)->26697K(26944K) Class: 9004K(10944K)->9004K(10944K)
[4462.103s][info][gc             ] GC(435) Pause Young (Normal) (G1 Evacuation Pause) 8736M->3027M(10240M) 160.754ms
[4462.103s][info][gc,cpu         ] GC(435) User=1.27s Sys=0.00s Real=0.16s
.......[4468.330s][info][gc,start       ] GC(436) Pause Young (Normal) (G1 Evacuation Pause)
[4468.330s][info][gc,task        ] GC(436) Using 8 workers of 8 for evacuation
[4468.485s][info][gc,phases      ] GC(436)   Pre Evacuate Collection Set: 0.30ms
[4468.485s][info][gc,phases      ] GC(436)   Merge Heap Roots: 0.52ms
[4468.485s][info][gc,phases      ] GC(436)   Evacuate Collection Set: 152.68ms
[4468.485s][info][gc,phases      ] GC(436)   Post Evacuate Collection Set: 1.24ms
[4468.485s][info][gc,phases      ] GC(436)   Other: 0.07ms
[4468.485s][info][gc,heap        ] GC(436) Eden regions: 716->0(717)
[4468.485s][info][gc,heap        ] GC(436) Survivor regions: 52->51(96)
[4468.485s][info][gc,heap        ] GC(436) Old regions: 297->300
[4468.485s][info][gc,heap        ] GC(436) Humongous regions: 33->33
[4468.485s][info][gc,metaspace   ] GC(436) Metaspace: 35701K(37888K)->35701K(37888K) NonClass: 26697K(26944K)->26697K(26944K) Class: 9004K(10944K)->9004K(10944K)
[4468.485s][info][gc             ] GC(436) Pause Young (Normal) (G1 Evacuation Pause) 8755M->3035M(10240M) 154.955ms
[4468.485s][info][gc,cpu         ] GC(436) User=1.22s Sys=0.00s Real=0.16s
......[4474.734s][info][gc,start       ] GC(437) Pause Young (Normal) (G1 Evacuation Pause)
[4474.734s][info][gc,task        ] GC(437) Using 8 workers of 8 for evacuation
[4474.891s][info][gc,phases      ] GC(437)   Pre Evacuate Collection Set: 0.33ms
[4474.891s][info][gc,phases      ] GC(437)   Merge Heap Roots: 0.63ms
[4474.891s][info][gc,phases      ] GC(437)   Evacuate Collection Set: 154.63ms
[4474.891s][info][gc,phases      ] GC(437)   Post Evacuate Collection Set: 1.24ms
[4474.891s][info][gc,phases      ] GC(437)   Other: 0.08ms
[4474.891s][info][gc,heap        ] GC(437) Eden regions: 717->0(716)
[4474.891s][info][gc,heap        ] GC(437) Survivor regions: 51->52(96)
[4474.891s][info][gc,heap        ] GC(437) Old regions: 300->302
[4474.891s][info][gc,heap        ] GC(437) Humongous regions: 33->33
[4474.891s][info][gc,metaspace   ] GC(437) Metaspace: 35701K(37888K)->35701K(37888K) NonClass: 26697K(26944K)->26697K(26944K) Class: 9004K(10944K)->9004K(10944K)
[4474.891s][info][gc             ] GC(437) Pause Young (Normal) (G1 Evacuation Pause) 8771M->3064M(10240M) 157.030ms
[4474.891s][info][gc,cpu         ] GC(437) User=1.23s Sys=0.00s Real=0.15s
......[4481.062s][info][gc,start       ] GC(438) Pause Young (Normal) (G1 Evacuation Pause)
[4481.062s][info][gc,task        ] GC(438) Using 8 workers of 8 for evacuation
[4481.222s][info][gc,phases      ] GC(438)   Pre Evacuate Collection Set: 0.28ms
[4481.222s][info][gc,phases      ] GC(438)   Merge Heap Roots: 0.53ms
[4481.222s][info][gc,phases      ] GC(438)   Evacuate Collection Set: 157.77ms
[4481.222s][info][gc,phases      ] GC(438)   Post Evacuate Collection Set: 1.29ms
[4481.222s][info][gc,phases      ] GC(438)   Other: 0.07ms
[4481.222s][info][gc,heap        ] GC(438) Eden regions: 716->0(715)
[4481.222s][info][gc,heap        ] GC(438) Survivor regions: 52->53(96)
[4481.222s][info][gc,heap        ] GC(438) Old regions: 302->305
[4481.222s][info][gc,heap        ] GC(438) Humongous regions: 33->33
[4481.222s][info][gc,metaspace   ] GC(438) Metaspace: 35701K(37888K)->35701K(37888K) NonClass: 26697K(26944K)->26697K(26944K) Class: 9004K(10944K)->9004K(10944K)
[4481.222s][info][gc             ] GC(438) Pause Young (Normal) (G1 Evacuation Pause) 8792M->3092M(10240M) 160.097ms
[4481.222s][info][gc,cpu         ] GC(438) User=1.26s Sys=0.00s Real=0.17s
.......[4487.515s][info][gc,start       ] GC(439) Pause Young (Normal) (G1 Evacuation Pause)
[4487.515s][info][gc,task        ] GC(439) Using 8 workers of 8 for evacuation
[4487.672s][info][gc,phases      ] GC(439)   Pre Evacuate Collection Set: 0.28ms
[4487.672s][info][gc,phases      ] GC(439)   Merge Heap Roots: 0.55ms
[4487.672s][info][gc,phases      ] GC(439)   Evacuate Collection Set: 155.56ms
[4487.672s][info][gc,phases      ] GC(439)   Post Evacuate Collection Set: 1.24ms
[4487.672s][info][gc,phases      ] GC(439)   Other: 0.08ms
[4487.672s][info][gc,heap        ] GC(439) Eden regions: 715->0(716)
[4487.672s][info][gc,heap        ] GC(439) Survivor regions: 53->52(96)
[4487.672s][info][gc,heap        ] GC(439) Old regions: 305->307
[4487.672s][info][gc,heap        ] GC(439) Humongous regions: 33->33
[4487.672s][info][gc,metaspace   ] GC(439) Metaspace: 35701K(37888K)->35701K(37888K) NonClass: 26697K(26944K)->26697K(26944K) Class: 9004K(10944K)->9004K(10944K)
[4487.672s][info][gc             ] GC(439) Pause Young (Normal) (G1 Evacuation Pause) 8812M->3104M(10240M) 157.838ms
[4487.673s][info][gc,cpu         ] GC(439) User=1.24s Sys=0.00s Real=0.16s
......[4493.898s][info][gc,start       ] GC(440) Pause Young (Normal) (G1 Evacuation Pause)
[4493.898s][info][gc,task        ] GC(440) Using 8 workers of 8 for evacuation
[4494.055s][info][gc,phases      ] GC(440)   Pre Evacuate Collection Set: 0.31ms
[4494.055s][info][gc,phases      ] GC(440)   Merge Heap Roots: 0.63ms
[4494.055s][info][gc,phases      ] GC(440)   Evacuate Collection Set: 155.17ms
[4494.055s][info][gc,phases      ] GC(440)   Post Evacuate Collection Set: 1.25ms
[4494.055s][info][gc,phases      ] GC(440)   Other: 0.07ms
[4494.055s][info][gc,heap        ] GC(440) Eden regions: 716->0(717)
[4494.055s][info][gc,heap        ] GC(440) Survivor regions: 52->51(96)
[4494.055s][info][gc,heap        ] GC(440) Old regions: 307->310
[4494.056s][info][gc,heap        ] GC(440) Humongous regions: 33->33
[4494.056s][info][gc,metaspace   ] GC(440) Metaspace: 35701K(37888K)->35701K(37888K) NonClass: 26697K(26944K)->26697K(26944K) Class: 9004K(10944K)->9004K(10944K)
[4494.056s][info][gc             ] GC(440) Pause Young (Normal) (G1 Evacuation Pause) 8832M->3120M(10240M) 157.581ms
[4494.056s][info][gc,cpu         ] GC(440) User=1.24s Sys=0.01s Real=0.16s
...... (rIR:aIR:PR = 7472:7472:7472) (tPR = 111483) [OK] 
  4499s: Performance info:
         Transaction,    Success,    Partial,     Failed,   Receipts, AvgBarcode, 
             Overall,     448964,          0,          0,     426514,      59.47, 
         Response times:
             Request,    Success,    Partial,     Failed,   SkipFail,     Probes,    Samples,      min,      p50,      p90,      p95,      p99,      max, 
       TotalPurchase,     426514,          0,          0,          0,     359858,     398093,      400,     5400,    10600,    15300,    61000,   381000,
     InStorePurchase,     224327,          0,          0,          0,     189102,     208731,      400,     5300,    10500,    15100,    61000,   380000,
      OnlinePurchase,     157236,          0,          0,          0,     132935,     147182,      400,     5500,    10700,    15700,    61000,   381000,
        InstPurchase,      44951,          0,          0,          0,      37821,      42180,      500,     5400,    10400,    15200,    64000,   271000,
          AssocOfCat,        448,          0,          0,          0,        358,        501,    28000,    41000,    58000,    65900,    88940,   122000,
      AssocOfProduct,       4494,          0,          0,          0,       4142,       4877,      500,     5700,    11000,    14800,    56000,   170000,
      BusinessReport,       1126,          0,          0,          0,       1006,       1247,    32000,    52000,    72000,    83600,   135000,   292000,
          CustBuyBeh,       4489,          0,          0,          0,       4212,       4868,      200,     5200,    10900,    15855,    63620,   271000,
       ProductReturn,      11893,          0,          0,          0,      10123,      11415,      300,     5500,    10700,    15700,    54000,   258000,

  4499s: (55%)   IR =   7610 .[4500.397s][info][gc,start       ] GC(441) Pause Young (Normal) (G1 Evacuation Pause)
[4500.397s][info][gc,task        ] GC(441) Using 8 workers of 8 for evacuation
[4500.557s][info][gc,phases      ] GC(441)   Pre Evacuate Collection Set: 0.31ms
[4500.557s][info][gc,phases      ] GC(441)   Merge Heap Roots: 0.56ms
[4500.557s][info][gc,phases      ] GC(441)   Evacuate Collection Set: 158.23ms
[4500.557s][info][gc,phases      ] GC(441)   Post Evacuate Collection Set: 1.23ms
[4500.557s][info][gc,phases      ] GC(441)   Other: 0.07ms
[4500.557s][info][gc,heap        ] GC(441) Eden regions: 717->0(716)
[4500.557s][info][gc,heap        ] GC(441) Survivor regions: 51->52(96)
[4500.557s][info][gc,heap        ] GC(441) Old regions: 310->312
[4500.557s][info][gc,heap        ] GC(441) Humongous regions: 33->33
[4500.557s][info][gc,metaspace   ] GC(441) Metaspace: 35701K(37888K)->35701K(37888K) NonClass: 26697K(26944K)->26697K(26944K) Class: 9004K(10944K)->9004K(10944K)
[4500.557s][info][gc             ] GC(441) Pause Young (Normal) (G1 Evacuation Pause) 8856M->3143M(10240M) 160.538ms
[4500.557s][info][gc,cpu         ] GC(441) User=1.26s Sys=0.00s Real=0.16s
......[4506.650s][info][gc,start       ] GC(442) Pause Young (Normal) (G1 Evacuation Pause)
[4506.650s][info][gc,task        ] GC(442) Using 8 workers of 8 for evacuation
[4506.808s][info][gc,phases      ] GC(442)   Pre Evacuate Collection Set: 0.30ms
[4506.808s][info][gc,phases      ] GC(442)   Merge Heap Roots: 0.56ms
[4506.808s][info][gc,phases      ] GC(442)   Evacuate Collection Set: 156.48ms
[4506.808s][info][gc,phases      ] GC(442)   Post Evacuate Collection Set: 1.28ms
[4506.808s][info][gc,phases      ] GC(442)   Other: 0.07ms
[4506.808s][info][gc,heap        ] GC(442) Eden regions: 716->0(716)
[4506.808s][info][gc,heap        ] GC(442) Survivor regions: 52->52(96)
[4506.808s][info][gc,heap        ] GC(442) Old regions: 312->315
[4506.808s][info][gc,heap        ] GC(442) Humongous regions: 33->33
[4506.808s][info][gc,metaspace   ] GC(442) Metaspace: 35701K(37888K)->35701K(37888K) NonClass: 26697K(26944K)->26697K(26944K) Class: 9004K(10944K)->9004K(10944K)
[4506.808s][info][gc             ] GC(442) Pause Young (Normal) (G1 Evacuation Pause) 8871M->3167M(10240M) 158.818ms
[4506.809s][info][gc,cpu         ] GC(442) User=1.25s Sys=0.00s Real=0.16s
....|..[4513.067s][info][gc,start       ] GC(443) Pause Young (Normal) (G1 Evacuation Pause)
[4513.067s][info][gc,task        ] GC(443) Using 8 workers of 8 for evacuation
[4513.231s][info][gc,phases      ] GC(443)   Pre Evacuate Collection Set: 0.30ms
[4513.231s][info][gc,phases      ] GC(443)   Merge Heap Roots: 0.56ms
[4513.231s][info][gc,phases      ] GC(443)   Evacuate Collection Set: 162.29ms
[4513.231s][info][gc,phases      ] GC(443)   Post Evacuate Collection Set: 1.23ms
[4513.231s][info][gc,phases      ] GC(443)   Other: 0.07ms
[4513.231s][info][gc,heap        ] GC(443) Eden regions: 716->0(715)
[4513.231s][info][gc,heap        ] GC(443) Survivor regions: 52->53(96)
[4513.231s][info][gc,heap        ] GC(443) Old regions: 315->317
[4513.231s][info][gc,heap        ] GC(443) Humongous regions: 33->33
[4513.231s][info][gc,metaspace   ] GC(443) Metaspace: 35701K(37888K)->35701K(37888K) NonClass: 26697K(26944K)->26697K(26944K) Class: 9004K(10944K)->9004K(10944K)
[4513.231s][info][gc             ] GC(443) Pause Young (Normal) (G1 Evacuation Pause) 8895M->3195M(10240M) 164.593ms
[4513.231s][info][gc,cpu         ] GC(443) User=1.29s Sys=0.00s Real=0.16s
.......[4519.380s][info][gc,start       ] GC(444) Pause Young (Normal) (G1 Evacuation Pause)
[4519.380s][info][gc,task        ] GC(444) Using 8 workers of 8 for evacuation
[4519.543s][info][gc,phases      ] GC(444)   Pre Evacuate Collection Set: 0.29ms
[4519.543s][info][gc,phases      ] GC(444)   Merge Heap Roots: 0.58ms
[4519.543s][info][gc,phases      ] GC(444)   Evacuate Collection Set: 161.17ms
[4519.543s][info][gc,phases      ] GC(444)   Post Evacuate Collection Set: 1.26ms
[4519.543s][info][gc,phases      ] GC(444)   Other: 0.09ms
[4519.543s][info][gc,heap        ] GC(444) Eden regions: 715->0(715)
[4519.543s][info][gc,heap        ] GC(444) Survivor regions: 53->53(96)
[4519.543s][info][gc,heap        ] GC(444) Old regions: 317->320
[4519.543s][info][gc,heap        ] GC(444) Humongous regions: 33->33
[4519.543s][info][gc,metaspace   ] GC(444) Metaspace: 35701K(37888K)->35701K(37888K) NonClass: 26697K(26944K)->26697K(26944K) Class: 9004K(10944K)->9004K(10944K)
[4519.543s][info][gc             ] GC(444) Pause Young (Normal) (G1 Evacuation Pause) 8915M->3211M(10240M) 163.524ms
[4519.543s][info][gc,cpu         ] GC(444) User=1.28s Sys=0.00s Real=0.17s
......[4525.718s][info][gc,start       ] GC(445) Pause Young (Normal) (G1 Evacuation Pause)
[4525.718s][info][gc,task        ] GC(445) Using 8 workers of 8 for evacuation
[4525.878s][info][gc,phases      ] GC(445)   Pre Evacuate Collection Set: 0.28ms
[4525.878s][info][gc,phases      ] GC(445)   Merge Heap Roots: 0.53ms
[4525.878s][info][gc,phases      ] GC(445)   Evacuate Collection Set: 157.59ms
[4525.878s][info][gc,phases      ] GC(445)   Post Evacuate Collection Set: 1.28ms
[4525.878s][info][gc,phases      ] GC(445)   Other: 0.09ms
[4525.878s][info][gc,heap        ] GC(445) Eden regions: 715->0(716)
[4525.878s][info][gc,heap        ] GC(445) Survivor regions: 53->52(96)
[4525.878s][info][gc,heap        ] GC(445) Old regions: 320->322
[4525.878s][info][gc,heap        ] GC(445) Humongous regions: 33->33
[4525.878s][info][gc,metaspace   ] GC(445) Metaspace: 35701K(37888K)->35701K(37888K) NonClass: 26697K(26944K)->26697K(26944K) Class: 9004K(10944K)->9004K(10944K)
[4525.878s][info][gc             ] GC(445) Pause Young (Normal) (G1 Evacuation Pause) 8931M->3227M(10240M) 159.899ms
[4525.878s][info][gc,cpu         ] GC(445) User=1.26s Sys=0.00s Real=0.16s
......[4532.021s][info][gc,start       ] GC(446) Pause Young (Normal) (G1 Evacuation Pause)
[4532.021s][info][gc,task        ] GC(446) Using 8 workers of 8 for evacuation
[4532.180s][info][gc,phases      ] GC(446)   Pre Evacuate Collection Set: 0.29ms
[4532.180s][info][gc,phases      ] GC(446)   Merge Heap Roots: 0.53ms
[4532.180s][info][gc,phases      ] GC(446)   Evacuate Collection Set: 157.26ms
[4532.180s][info][gc,phases      ] GC(446)   Post Evacuate Collection Set: 1.27ms
[4532.180s][info][gc,phases      ] GC(446)   Other: 0.06ms
[4532.180s][info][gc,heap        ] GC(446) Eden regions: 716->0(716)
[4532.180s][info][gc,heap        ] GC(446) Survivor regions: 52->52(96)
[4532.180s][info][gc,heap        ] GC(446) Old regions: 322->325
[4532.180s][info][gc,heap        ] GC(446) Humongous regions: 33->33
[4532.180s][info][gc,metaspace   ] GC(446) Metaspace: 35701K(37888K)->35701K(37888K) NonClass: 26697K(26944K)->26697K(26944K) Class: 9004K(10944K)->9004K(10944K)
[4532.180s][info][gc             ] GC(446) Pause Young (Normal) (G1 Evacuation Pause) 8955M->3248M(10240M) 159.563ms
[4532.180s][info][gc,cpu         ] GC(446) User=1.25s Sys=0.00s Real=0.16s
.......[4538.349s][info][gc,start       ] GC(447) Pause Young (Normal) (G1 Evacuation Pause)
[4538.349s][info][gc,task        ] GC(447) Using 8 workers of 8 for evacuation
[4538.507s][info][gc,phases      ] GC(447)   Pre Evacuate Collection Set: 0.30ms
[4538.507s][info][gc,phases      ] GC(447)   Merge Heap Roots: 0.62ms
[4538.507s][info][gc,phases      ] GC(447)   Evacuate Collection Set: 156.21ms
[4538.507s][info][gc,phases      ] GC(447)   Post Evacuate Collection Set: 1.25ms
[4538.507s][info][gc,phases      ] GC(447)   Other: 0.08ms
[4538.507s][info][gc,heap        ] GC(447) Eden regions: 716->0(717)
[4538.507s][info][gc,heap        ] GC(447) Survivor regions: 52->51(96)
[4538.507s][info][gc,heap        ] GC(447) Old regions: 325->327
[4538.507s][info][gc,heap        ] GC(447) Humongous regions: 33->33
[4538.507s][info][gc,metaspace   ] GC(447) Metaspace: 35701K(37888K)->35701K(37888K) NonClass: 26697K(26944K)->26697K(26944K) Class: 9004K(10944K)->9004K(10944K)
[4538.507s][info][gc             ] GC(447) Pause Young (Normal) (G1 Evacuation Pause) 8976M->3260M(10240M) 158.589ms
[4538.507s][info][gc,cpu         ] GC(447) User=1.25s Sys=0.00s Real=0.16s
......[4544.662s][info][gc,start       ] GC(448) Pause Young (Normal) (G1 Evacuation Pause)
[4544.662s][info][gc,task        ] GC(448) Using 8 workers of 8 for evacuation
[4544.822s][info][gc,phases      ] GC(448)   Pre Evacuate Collection Set: 0.29ms
[4544.822s][info][gc,phases      ] GC(448)   Merge Heap Roots: 0.64ms
[4544.822s][info][gc,phases      ] GC(448)   Evacuate Collection Set: 158.00ms
[4544.822s][info][gc,phases      ] GC(448)   Post Evacuate Collection Set: 1.27ms
[4544.822s][info][gc,phases      ] GC(448)   Other: 0.07ms
[4544.822s][info][gc,heap        ] GC(448) Eden regions: 717->0(716)
[4544.822s][info][gc,heap        ] GC(448) Survivor regions: 51->52(96)
[4544.822s][info][gc,heap        ] GC(448) Old regions: 327->330
[4544.822s][info][gc,heap        ] GC(448) Humongous regions: 33->33
[4544.822s][info][gc,metaspace   ] GC(448) Metaspace: 35701K(37888K)->35701K(37888K) NonClass: 26697K(26944K)->26697K(26944K) Class: 9004K(10944K)->9004K(10944K)
[4544.822s][info][gc             ] GC(448) Pause Young (Normal) (G1 Evacuation Pause) 8996M->3284M(10240M) 160.409ms
[4544.822s][info][gc,cpu         ] GC(448) User=1.26s Sys=0.00s Real=0.16s
......[4550.991s][info][gc,start       ] GC(449) Pause Young (Normal) (G1 Evacuation Pause)
[4550.991s][info][gc,task        ] GC(449) Using 8 workers of 8 for evacuation
[4551.153s][info][gc,phases      ] GC(449)   Pre Evacuate Collection Set: 0.32ms
[4551.153s][info][gc,phases      ] GC(449)   Merge Heap Roots: 0.56ms
[4551.153s][info][gc,phases      ] GC(449)   Evacuate Collection Set: 159.97ms
[4551.153s][info][gc,phases      ] GC(449)   Post Evacuate Collection Set: 1.29ms
[4551.153s][info][gc,phases      ] GC(449)   Other: 0.08ms
[4551.153s][info][gc,heap        ] GC(449) Eden regions: 716->0(716)
[4551.153s][info][gc,heap        ] GC(449) Survivor regions: 52->52(96)
[4551.153s][info][gc,heap        ] GC(449) Old regions: 330->332
[4551.153s][info][gc,heap        ] GC(449) Humongous regions: 33->33
[4551.153s][info][gc,metaspace   ] GC(449) Metaspace: 35701K(37888K)->35701K(37888K) NonClass: 26697K(26944K)->26697K(26944K) Class: 9004K(10944K)->9004K(10944K)
[4551.153s][info][gc             ] GC(449) Pause Young (Normal) (G1 Evacuation Pause) 9012M->3303M(10240M) 162.342ms
[4551.153s][info][gc,cpu         ] GC(449) User=1.27s Sys=0.00s Real=0.17s
......[4557.325s][info][gc,start       ] GC(450) Pause Young (Normal) (G1 Evacuation Pause)
[4557.325s][info][gc,task        ] GC(450) Using 8 workers of 8 for evacuation
[4557.484s][info][gc,phases      ] GC(450)   Pre Evacuate Collection Set: 0.29ms
[4557.484s][info][gc,phases      ] GC(450)   Merge Heap Roots: 0.58ms
[4557.484s][info][gc,phases      ] GC(450)   Evacuate Collection Set: 157.29ms
[4557.484s][info][gc,phases      ] GC(450)   Post Evacuate Collection Set: 1.25ms
[4557.484s][info][gc,phases      ] GC(450)   Other: 0.07ms
[4557.484s][info][gc,heap        ] GC(450) Eden regions: 716->0(717)
[4557.484s][info][gc,heap        ] GC(450) Survivor regions: 52->51(96)
[4557.484s][info][gc,heap        ] GC(450) Old regions: 332->335
[4557.484s][info][gc,heap        ] GC(450) Humongous regions: 33->33
[4557.484s][info][gc,metaspace   ] GC(450) Metaspace: 35701K(37888K)->35701K(37888K) NonClass: 26697K(26944K)->26697K(26944K) Class: 9004K(10944K)->9004K(10944K)
[4557.484s][info][gc             ] GC(450) Pause Young (Normal) (G1 Evacuation Pause) 9031M->3316M(10240M) 159.645ms
[4557.484s][info][gc,cpu         ] GC(450) User=1.25s Sys=0.01s Real=0.16s
.......[4563.672s][info][gc,start       ] GC(451) Pause Young (Normal) (G1 Evacuation Pause)
[4563.672s][info][gc,task        ] GC(451) Using 8 workers of 8 for evacuation
[4563.829s][info][gc,phases      ] GC(451)   Pre Evacuate Collection Set: 0.30ms
[4563.829s][info][gc,phases      ] GC(451)   Merge Heap Roots: 0.54ms
[4563.829s][info][gc,phases      ] GC(451)   Evacuate Collection Set: 155.19ms
[4563.829s][info][gc,phases      ] GC(451)   Post Evacuate Collection Set: 1.26ms
[4563.829s][info][gc,phases      ] GC(451)   Other: 0.09ms
[4563.829s][info][gc,heap        ] GC(451) Eden regions: 717->0(717)
[4563.829s][info][gc,heap        ] GC(451) Survivor regions: 51->51(96)
[4563.829s][info][gc,heap        ] GC(451) Old regions: 335->338
[4563.829s][info][gc,heap        ] GC(451) Humongous regions: 33->33
[4563.829s][info][gc,metaspace   ] GC(451) Metaspace: 35701K(37888K)->35701K(37888K) NonClass: 26697K(26944K)->26697K(26944K) Class: 9004K(10944K)->9004K(10944K)
[4563.829s][info][gc             ] GC(451) Pause Young (Normal) (G1 Evacuation Pause) 9052M->3340M(10240M) 157.528ms
[4563.829s][info][gc,cpu         ] GC(451) User=1.24s Sys=0.00s Real=0.15s
......[4570.079s][info][gc,start       ] GC(452) Pause Young (Normal) (G1 Evacuation Pause)
[4570.079s][info][gc,task        ] GC(452) Using 8 workers of 8 for evacuation
[4570.242s][info][gc,phases      ] GC(452)   Pre Evacuate Collection Set: 0.32ms
[4570.242s][info][gc,phases      ] GC(452)   Merge Heap Roots: 0.53ms
[4570.242s][info][gc,phases      ] GC(452)   Evacuate Collection Set: 160.73ms
[4570.242s][info][gc,phases      ] GC(452)   Post Evacuate Collection Set: 1.26ms
[4570.242s][info][gc,phases      ] GC(452)   Other: 0.06ms
[4570.242s][info][gc,heap        ] GC(452) Eden regions: 717->0(715)
[4570.242s][info][gc,heap        ] GC(452) Survivor regions: 51->53(96)
[4570.242s][info][gc,heap        ] GC(452) Old regions: 338->340
[4570.242s][info][gc,heap        ] GC(452) Humongous regions: 33->33
[4570.242s][info][gc,metaspace   ] GC(452) Metaspace: 35701K(37888K)->35701K(37888K) NonClass: 26697K(26944K)->26697K(26944K) Class: 9004K(10944K)->9004K(10944K)
[4570.242s][info][gc             ] GC(452) Pause Young (Normal) (G1 Evacuation Pause) 9076M->3377M(10240M) 163.035ms
[4570.242s][info][gc,cpu         ] GC(452) User=1.28s Sys=0.00s Real=0.17s
. (rIR:aIR:PR = 7610:7581:7581) (tPR = 112520) [OK] 
  4570s: Performance info:
         Transaction,    Success,    Partial,     Failed,   Receipts, AvgBarcode, 
             Overall,     456166,          0,          0,     433201,      59.48, 
         Response times:
             Request,    Success,    Partial,     Failed,   SkipFail,     Probes,    Samples,      min,      p50,      p90,      p95,      p99,      max, 
       TotalPurchase,     433202,          0,          0,          0,     359796,     428092,      400,     5400,    11400,    32000,    94000,   439000,
     InStorePurchase,     228657,          0,          0,          0,     189878,     225512,      400,     5400,    11400,    31000,    93000,   439000,
      OnlinePurchase,     159037,          0,          0,          0,     132450,     157568,      400,     5400,    11200,    33000,    95000,   439000,
        InstPurchase,      45508,          0,          0,          0,      37468,      45012,      500,     5600,    11770,    34000,    95000,   322000,
          AssocOfCat,        457,          0,          0,          0,        368,        534,    28000,    43000,    65500,    83000,   211250,   232000,
      AssocOfProduct,       4581,          0,          0,          0,       4281,       5285,      600,     5900,    11600,    32000,    97000,   333000,
      BusinessReport,       1146,          0,          0,          0,       1012,       1310,    32000,    53000,    79000,   132900,   204780,   239000,
          CustBuyBeh,       4586,          0,          0,          0,       4243,       5309,      300,     5700,    11400,    40500,   102000,   321000,
       ProductReturn,      12195,          0,          0,          0,       9306,      11450,      300,     5000,    11000,    35000,    94000,   294000,

  4570s: (56%)   IR =   7749 .....[4576.355s][info][gc,start       ] GC(453) Pause Young (Normal) (G1 Evacuation Pause)
[4576.355s][info][gc,task        ] GC(453) Using 8 workers of 8 for evacuation
[4576.514s][info][gc,phases      ] GC(453)   Pre Evacuate Collection Set: 0.29ms
[4576.514s][info][gc,phases      ] GC(453)   Merge Heap Roots: 0.55ms
[4576.514s][info][gc,phases      ] GC(453)   Evacuate Collection Set: 157.06ms
[4576.514s][info][gc,phases      ] GC(453)   Post Evacuate Collection Set: 1.27ms
[4576.514s][info][gc,phases      ] GC(453)   Other: 0.06ms
[4576.514s][info][gc,heap        ] GC(453) Eden regions: 715->0(716)
[4576.514s][info][gc,heap        ] GC(453) Survivor regions: 53->52(96)
[4576.514s][info][gc,heap        ] GC(453) Old regions: 340->343
[4576.514s][info][gc,heap        ] GC(453) Humongous regions: 33->33
[4576.514s][info][gc,metaspace   ] GC(453) Metaspace: 35701K(37888K)->35701K(37888K) NonClass: 26697K(26944K)->26697K(26944K) Class: 9004K(10944K)->9004K(10944K)
[4576.514s][info][gc             ] GC(453) Pause Young (Normal) (G1 Evacuation Pause) 9097M->3384M(10240M) 159.369ms
[4576.514s][info][gc,cpu         ] GC(453) User=1.25s Sys=0.01s Real=0.16s
.......[4582.645s][info][gc,start       ] GC(454) Pause Young (Normal) (G1 Evacuation Pause)
[4582.645s][info][gc,task        ] GC(454) Using 8 workers of 8 for evacuation
[4582.803s][info][gc,phases      ] GC(454)   Pre Evacuate Collection Set: 0.26ms
[4582.803s][info][gc,phases      ] GC(454)   Merge Heap Roots: 0.51ms
[4582.803s][info][gc,phases      ] GC(454)   Evacuate Collection Set: 156.07ms
[4582.803s][info][gc,phases      ] GC(454)   Post Evacuate Collection Set: 1.24ms
[4582.803s][info][gc,phases      ] GC(454)   Other: 0.07ms
[4582.803s][info][gc,heap        ] GC(454) Eden regions: 716->0(716)
[4582.803s][info][gc,heap        ] GC(454) Survivor regions: 52->52(96)
[4582.803s][info][gc,heap        ] GC(454) Old regions: 343->345
[4582.803s][info][gc,heap        ] GC(454) Humongous regions: 33->33
[4582.803s][info][gc,metaspace   ] GC(454) Metaspace: 35701K(37888K)->35701K(37888K) NonClass: 26697K(26944K)->26697K(26944K) Class: 9004K(10944K)->9004K(10944K)
[4582.803s][info][gc             ] GC(454) Pause Young (Normal) (G1 Evacuation Pause) 9112M->3404M(10240M) 158.304ms
[4582.803s][info][gc,cpu         ] GC(454) User=1.24s Sys=0.00s Real=0.16s
....|..[4588.852s][info][gc,start       ] GC(455) Pause Young (Normal) (G1 Evacuation Pause)
[4588.852s][info][gc,task        ] GC(455) Using 8 workers of 8 for evacuation
[4589.017s][info][gc,phases      ] GC(455)   Pre Evacuate Collection Set: 0.29ms
[4589.017s][info][gc,phases      ] GC(455)   Merge Heap Roots: 0.60ms
[4589.017s][info][gc,phases      ] GC(455)   Evacuate Collection Set: 162.65ms
[4589.017s][info][gc,phases      ] GC(455)   Post Evacuate Collection Set: 1.23ms
[4589.017s][info][gc,phases      ] GC(455)   Other: 0.06ms
[4589.017s][info][gc,heap        ] GC(455) Eden regions: 716->0(715)
[4589.017s][info][gc,heap        ] GC(455) Survivor regions: 52->53(96)
[4589.017s][info][gc,heap        ] GC(455) Old regions: 345->348
[4589.017s][info][gc,heap        ] GC(455) Humongous regions: 33->33
[4589.017s][info][gc,metaspace   ] GC(455) Metaspace: 35701K(37888K)->35701K(37888K) NonClass: 26697K(26944K)->26697K(26944K) Class: 9004K(10944K)->9004K(10944K)
[4589.017s][info][gc             ] GC(455) Pause Young (Normal) (G1 Evacuation Pause) 9132M->3432M(10240M) 164.964ms
[4589.017s][info][gc,cpu         ] GC(455) User=1.30s Sys=0.00s Real=0.16s
......[4595.070s][info][gc,start       ] GC(456) Pause Young (Normal) (G1 Evacuation Pause)
[4595.070s][info][gc,task        ] GC(456) Using 8 workers of 8 for evacuation
[4595.229s][info][gc,phases      ] GC(456)   Pre Evacuate Collection Set: 0.28ms
[4595.229s][info][gc,phases      ] GC(456)   Merge Heap Roots: 0.51ms
[4595.229s][info][gc,phases      ] GC(456)   Evacuate Collection Set: 156.60ms
[4595.229s][info][gc,phases      ] GC(456)   Post Evacuate Collection Set: 1.24ms
[4595.229s][info][gc,phases      ] GC(456)   Other: 0.07ms
[4595.229s][info][gc,heap        ] GC(456) Eden regions: 715->0(715)
[4595.229s][info][gc,heap        ] GC(456) Survivor regions: 53->53(96)
[4595.229s][info][gc,heap        ] GC(456) Old regions: 348->350
[4595.229s][info][gc,heap        ] GC(456) Humongous regions: 33->33
[4595.229s][info][gc,metaspace   ] GC(456) Metaspace: 35701K(37888K)->35701K(37888K) NonClass: 26697K(26944K)->26697K(26944K) Class: 9004K(10944K)->9004K(10944K)
[4595.229s][info][gc             ] GC(456) Pause Young (Normal) (G1 Evacuation Pause) 9152M->3453M(10240M) 158.836ms
[4595.229s][info][gc,cpu         ] GC(456) User=1.25s Sys=0.00s Real=0.16s
......[4601.259s][info][gc,start       ] GC(457) Pause Young (Normal) (G1 Evacuation Pause)
[4601.259s][info][gc,task        ] GC(457) Using 8 workers of 8 for evacuation
[4601.416s][info][gc,phases      ] GC(457)   Pre Evacuate Collection Set: 0.28ms
[4601.416s][info][gc,phases      ] GC(457)   Merge Heap Roots: 0.55ms
[4601.416s][info][gc,phases      ] GC(457)   Evacuate Collection Set: 154.72ms
[4601.416s][info][gc,phases      ] GC(457)   Post Evacuate Collection Set: 1.24ms
[4601.416s][info][gc,phases      ] GC(457)   Other: 0.07ms
[4601.416s][info][gc,heap        ] GC(457) Eden regions: 715->0(716)
[4601.416s][info][gc,heap        ] GC(457) Survivor regions: 53->52(96)
[4601.416s][info][gc,heap        ] GC(457) Old regions: 350->353
[4601.416s][info][gc,heap        ] GC(457) Humongous regions: 33->33
[4601.416s][info][gc,metaspace   ] GC(457) Metaspace: 35701K(37888K)->35701K(37888K) NonClass: 26697K(26944K)->26697K(26944K) Class: 9004K(10944K)->9004K(10944K)
[4601.416s][info][gc             ] GC(457) Pause Young (Normal) (G1 Evacuation Pause) 9173M->3468M(10240M) 156.992ms
[4601.416s][info][gc,cpu         ] GC(457) User=1.24s Sys=0.00s Real=0.16s
......[4607.444s][info][gc,start       ] GC(458) Pause Young (Normal) (G1 Evacuation Pause)
[4607.444s][info][gc,task        ] GC(458) Using 8 workers of 8 for evacuation
[4607.604s][info][gc,phases      ] GC(458)   Pre Evacuate Collection Set: 0.33ms
[4607.604s][info][gc,phases      ] GC(458)   Merge Heap Roots: 0.57ms
[4607.604s][info][gc,phases      ] GC(458)   Evacuate Collection Set: 157.93ms
[4607.604s][info][gc,phases      ] GC(458)   Post Evacuate Collection Set: 1.24ms
[4607.604s][info][gc,phases      ] GC(458)   Other: 0.06ms
[4607.604s][info][gc,heap        ] GC(458) Eden regions: 716->0(716)
[4607.604s][info][gc,heap        ] GC(458) Survivor regions: 52->52(96)
[4607.604s][info][gc,heap        ] GC(458) Old regions: 353->355
[4607.604s][info][gc,heap        ] GC(458) Humongous regions: 33->33
[4607.604s][info][gc,metaspace   ] GC(458) Metaspace: 35701K(37888K)->35701K(37888K) NonClass: 26697K(26944K)->26697K(26944K) Class: 9004K(10944K)->9004K(10944K)
[4607.604s][info][gc             ] GC(458) Pause Young (Normal) (G1 Evacuation Pause) 9196M->3485M(10240M) 160.281ms
[4607.604s][info][gc,cpu         ] GC(458) User=1.26s Sys=0.01s Real=0.16s
.......[4613.669s][info][gc,start       ] GC(459) Pause Young (Normal) (G1 Evacuation Pause)
[4613.669s][info][gc,task        ] GC(459) Using 8 workers of 8 for evacuation
[4613.829s][info][gc,phases      ] GC(459)   Pre Evacuate Collection Set: 0.27ms
[4613.829s][info][gc,phases      ] GC(459)   Merge Heap Roots: 0.65ms
[4613.829s][info][gc,phases      ] GC(459)   Evacuate Collection Set: 157.27ms
[4613.829s][info][gc,phases      ] GC(459)   Post Evacuate Collection Set: 1.30ms
[4613.829s][info][gc,phases      ] GC(459)   Other: 0.08ms
[4613.829s][info][gc,heap        ] GC(459) Eden regions: 716->0(716)
[4613.829s][info][gc,heap        ] GC(459) Survivor regions: 52->52(96)
[4613.829s][info][gc,heap        ] GC(459) Old regions: 355->358
[4613.829s][info][gc,heap        ] GC(459) Humongous regions: 33->33
[4613.829s][info][gc,metaspace   ] GC(459) Metaspace: 35701K(37888K)->35701K(37888K) NonClass: 26697K(26944K)->26697K(26944K) Class: 9004K(10944K)->9004K(10944K)
[4613.829s][info][gc             ] GC(459) Pause Young (Normal) (G1 Evacuation Pause) 9213M->3508M(10240M) 159.699ms
[4613.829s][info][gc,cpu         ] GC(459) User=1.26s Sys=0.00s Real=0.16s
......[4619.893s][info][gc,start       ] GC(460) Pause Young (Normal) (G1 Evacuation Pause)
[4619.893s][info][gc,task        ] GC(460) Using 8 workers of 8 for evacuation
[4620.052s][info][gc,phases      ] GC(460)   Pre Evacuate Collection Set: 0.36ms
[4620.052s][info][gc,phases      ] GC(460)   Merge Heap Roots: 0.68ms
[4620.052s][info][gc,phases      ] GC(460)   Evacuate Collection Set: 156.34ms
[4620.052s][info][gc,phases      ] GC(460)   Post Evacuate Collection Set: 1.28ms
[4620.052s][info][gc,phases      ] GC(460)   Other: 0.07ms
[4620.052s][info][gc,heap        ] GC(460) Eden regions: 716->0(716)
[4620.052s][info][gc,heap        ] GC(460) Survivor regions: 52->52(96)
[4620.052s][info][gc,heap        ] GC(460) Old regions: 358->360
[4620.052s][info][gc,heap        ] GC(460) Humongous regions: 33->33
[4620.052s][info][gc,metaspace   ] GC(460) Metaspace: 35701K(37888K)->35701K(37888K) NonClass: 26697K(26944K)->26697K(26944K) Class: 9004K(10944K)->9004K(10944K)
[4620.052s][info][gc             ] GC(460) Pause Young (Normal) (G1 Evacuation Pause) 9236M->3524M(10240M) 158.902ms
[4620.052s][info][gc,cpu         ] GC(460) User=1.25s Sys=0.00s Real=0.16s
......[4626.044s][info][gc,start       ] GC(461) Pause Young (Normal) (G1 Evacuation Pause)
[4626.044s][info][gc,task        ] GC(461) Using 8 workers of 8 for evacuation
[4626.205s][info][gc,phases      ] GC(461)   Pre Evacuate Collection Set: 0.30ms
[4626.205s][info][gc,phases      ] GC(461)   Merge Heap Roots: 0.57ms
[4626.205s][info][gc,phases      ] GC(461)   Evacuate Collection Set: 158.72ms
[4626.205s][info][gc,phases      ] GC(461)   Post Evacuate Collection Set: 1.30ms
[4626.205s][info][gc,phases      ] GC(461)   Other: 0.07ms
[4626.205s][info][gc,heap        ] GC(461) Eden regions: 716->0(716)
[4626.205s][info][gc,heap        ] GC(461) Survivor regions: 52->52(96)
[4626.205s][info][gc,heap        ] GC(461) Old regions: 360->363
[4626.205s][info][gc,heap        ] GC(461) Humongous regions: 33->33
[4626.205s][info][gc,metaspace   ] GC(461) Metaspace: 35701K(37888K)->35701K(37888K) NonClass: 26697K(26944K)->26697K(26944K) Class: 9004K(10944K)->9004K(10944K)
[4626.205s][info][gc             ] GC(461) Pause Young (Normal) (G1 Evacuation Pause) 9252M->3548M(10240M) 161.103ms
[4626.205s][info][gc,cpu         ] GC(461) User=1.27s Sys=0.00s Real=0.16s
......[4632.133s][info][gc,start       ] GC(462) Pause Young (Normal) (G1 Evacuation Pause)
[4632.133s][info][gc,task        ] GC(462) Using 8 workers of 8 for evacuation
[4632.296s][info][gc,phases      ] GC(462)   Pre Evacuate Collection Set: 0.29ms
[4632.296s][info][gc,phases      ] GC(462)   Merge Heap Roots: 0.54ms
[4632.296s][info][gc,phases      ] GC(462)   Evacuate Collection Set: 160.81ms
[4632.296s][info][gc,phases      ] GC(462)   Post Evacuate Collection Set: 1.28ms
[4632.296s][info][gc,phases      ] GC(462)   Other: 0.06ms
[4632.296s][info][gc,heap        ] GC(462) Eden regions: 716->0(712)
[4632.296s][info][gc,heap        ] GC(462) Survivor regions: 52->53(96)
[4632.296s][info][gc,heap        ] GC(462) Old regions: 363->365
[4632.296s][info][gc,heap        ] GC(462) Humongous regions: 33->33
[4632.296s][info][gc,metaspace   ] GC(462) Metaspace: 35701K(37888K)->35701K(37888K) NonClass: 26697K(26944K)->26697K(26944K) Class: 9004K(10944K)->9004K(10944K)
[4632.296s][info][gc             ] GC(462) Pause Young (Normal) (G1 Evacuation Pause) 9276M->3576M(10240M) 163.131ms
[4632.296s][info][gc,cpu         ] GC(462) User=1.28s Sys=0.00s Real=0.16s
......[4638.247s][info][gc,start       ] GC(463) Pause Young (Normal) (G1 Evacuation Pause)
[4638.247s][info][gc,task        ] GC(463) Using 8 workers of 8 for evacuation
[4638.405s][info][gc,phases      ] GC(463)   Pre Evacuate Collection Set: 0.31ms
[4638.405s][info][gc,phases      ] GC(463)   Merge Heap Roots: 0.54ms
[4638.405s][info][gc,phases      ] GC(463)   Evacuate Collection Set: 155.98ms
[4638.405s][info][gc,phases      ] GC(463)   Post Evacuate Collection Set: 1.25ms
[4638.405s][info][gc,phases      ] GC(463)   Other: 0.07ms
[4638.405s][info][gc,heap        ] GC(463) Eden regions: 712->0(713)
[4638.405s][info][gc,heap        ] GC(463) Survivor regions: 53->51(96)
[4638.405s][info][gc,heap        ] GC(463) Old regions: 365->368
[4638.405s][info][gc,heap        ] GC(463) Humongous regions: 33->33
[4638.405s][info][gc,metaspace   ] GC(463) Metaspace: 35701K(37888K)->35701K(37888K) NonClass: 26697K(26944K)->26697K(26944K) Class: 9004K(10944K)->9004K(10944K)
[4638.405s][info][gc             ] GC(463) Pause Young (Normal) (G1 Evacuation Pause) 9272M->3580M(10240M) 158.298ms
[4638.405s][info][gc,cpu         ] GC(463) User=1.24s Sys=0.00s Real=0.16s
......[4644.470s][info][gc,start       ] GC(464) Pause Young (Normal) (G1 Evacuation Pause)
[4644.470s][info][gc,task        ] GC(464) Using 8 workers of 8 for evacuation
[4644.627s][info][gc,phases      ] GC(464)   Pre Evacuate Collection Set: 0.31ms
[4644.627s][info][gc,phases      ] GC(464)   Merge Heap Roots: 0.61ms
[4644.627s][info][gc,phases      ] GC(464)   Evacuate Collection Set: 154.98ms
[4644.627s][info][gc,phases      ] GC(464)   Post Evacuate Collection Set: 1.26ms
[4644.627s][info][gc,phases      ] GC(464)   Other: 0.09ms
[4644.627s][info][gc,heap        ] GC(464) Eden regions: 713->0(711)
[4644.627s][info][gc,heap        ] GC(464) Survivor regions: 51->51(96)
[4644.627s][info][gc,heap        ] GC(464) Old regions: 368->370
[4644.627s][info][gc,heap        ] GC(464) Humongous regions: 33->33
[4644.627s][info][gc,metaspace   ] GC(464) Metaspace: 35701K(37888K)->35701K(37888K) NonClass: 26697K(26944K)->26697K(26944K) Class: 9004K(10944K)->9004K(10944K)
[4644.627s][info][gc             ] GC(464) Pause Young (Normal) (G1 Evacuation Pause) 9284M->3596M(10240M) 157.384ms
[4644.628s][info][gc,cpu         ] GC(464) User=1.24s Sys=0.00s Real=0.16s
... (rIR:aIR:PR = 7749:7781:7780) (tPR = 116018) [OK] 
  4646s: Performance info:
         Transaction,    Success,    Partial,     Failed,   Receipts, AvgBarcode, 
             Overall,     467279,          0,          0,     443988,      59.47, 
         Response times:
             Request,    Success,    Partial,     Failed,   SkipFail,     Probes,    Samples,      min,      p50,      p90,      p95,      p99,      max, 
       TotalPurchase,     444059,          0,          0,          0,     358911,     458874,      300,     5600,    11600,    22000,    82000,   325000,
     InStorePurchase,     234268,          0,          0,          0,     188920,     241369,      300,     5500,    11600,    22000,    83000,   321000,
      OnlinePurchase,     163446,          0,          0,          0,     131906,     168415,      300,     5500,    11500,    21000,    82000,   321000,
        InstPurchase,      46345,          0,          0,          0,      38085,      49090,      500,     5800,    11700,    24000,    80000,   325000,
          AssocOfCat,        469,          0,          0,          0,        364,        539,    24000,    45000,    61000,    88000,   206600,   217000,
      AssocOfProduct,       4654,          0,          0,          0,       4398,       5841,      700,     6500,    12000,    25900,    92000,   325000,
      BusinessReport,       1164,          0,          0,          0,       1026,       1483,    27000,    53000,    74000,    89000,   177000,   233000,
          CustBuyBeh,       4652,          0,          0,          0,       4394,       5904,      200,     6000,    11400,    23750,    94900,   324000,
       ProductReturn,      12357,          0,          0,          0,       9457,      12338,      200,     4700,    10900,    17900,    84000,   225000,

  4646s: (57%)   IR =   7887 ...[4650.477s][info][gc,start       ] GC(465) Pause Young (Normal) (G1 Evacuation Pause)
[4650.477s][info][gc,task        ] GC(465) Using 8 workers of 8 for evacuation
[4650.635s][info][gc,phases      ] GC(465)   Pre Evacuate Collection Set: 0.30ms
[4650.635s][info][gc,phases      ] GC(465)   Merge Heap Roots: 0.54ms
[4650.635s][info][gc,phases      ] GC(465)   Evacuate Collection Set: 156.50ms
[4650.635s][info][gc,phases      ] GC(465)   Post Evacuate Collection Set: 1.25ms
[4650.635s][info][gc,phases      ] GC(465)   Other: 0.07ms
[4650.635s][info][gc,heap        ] GC(465) Eden regions: 711->0(706)
[4650.635s][info][gc,heap        ] GC(465) Survivor regions: 51->52(96)
[4650.635s][info][gc,heap        ] GC(465) Old regions: 370->373
[4650.635s][info][gc,heap        ] GC(465) Humongous regions: 33->33
[4650.635s][info][gc,metaspace   ] GC(465) Metaspace: 35701K(37888K)->35701K(37888K) NonClass: 26697K(26944K)->26697K(26944K) Class: 9004K(10944K)->9004K(10944K)
[4650.635s][info][gc             ] GC(465) Pause Young (Normal) (G1 Evacuation Pause) 9284M->3624M(10240M) 158.803ms
[4650.636s][info][gc,cpu         ] GC(465) User=1.25s Sys=0.00s Real=0.16s
......[4656.468s][info][gc,start       ] GC(466) Pause Young (Normal) (G1 Evacuation Pause)
[4656.468s][info][gc,task        ] GC(466) Using 8 workers of 8 for evacuation
[4656.628s][info][gc,phases      ] GC(466)   Pre Evacuate Collection Set: 0.31ms
[4656.628s][info][gc,phases      ] GC(466)   Merge Heap Roots: 0.57ms
[4656.628s][info][gc,phases      ] GC(466)   Evacuate Collection Set: 157.17ms
[4656.628s][info][gc,phases      ] GC(466)   Post Evacuate Collection Set: 1.25ms
[4656.628s][info][gc,phases      ] GC(466)   Other: 0.08ms
[4656.628s][info][gc,heap        ] GC(466) Eden regions: 706->0(704)
[4656.628s][info][gc,heap        ] GC(466) Survivor regions: 52->52(95)
[4656.628s][info][gc,heap        ] GC(466) Old regions: 373->375
[4656.628s][info][gc,heap        ] GC(466) Humongous regions: 33->33
[4656.628s][info][gc,metaspace   ] GC(466) Metaspace: 35701K(37888K)->35701K(37888K) NonClass: 26697K(26944K)->26697K(26944K) Class: 9004K(10944K)->9004K(10944K)
[4656.628s][info][gc             ] GC(466) Pause Young (Normal) (G1 Evacuation Pause) 9272M->3649M(10240M) 159.524ms
[4656.628s][info][gc,cpu         ] GC(466) User=1.25s Sys=0.00s Real=0.16s
.....|.[4662.437s][info][gc,start       ] GC(467) Pause Young (Normal) (G1 Evacuation Pause)
[4662.437s][info][gc,task        ] GC(467) Using 8 workers of 8 for evacuation
[4662.595s][info][gc,phases      ] GC(467)   Pre Evacuate Collection Set: 0.29ms
[4662.595s][info][gc,phases      ] GC(467)   Merge Heap Roots: 0.55ms
[4662.595s][info][gc,phases      ] GC(467)   Evacuate Collection Set: 155.55ms
[4662.595s][info][gc,phases      ] GC(467)   Post Evacuate Collection Set: 1.25ms
[4662.595s][info][gc,phases      ] GC(467)   Other: 0.08ms
[4662.595s][info][gc,heap        ] GC(467) Eden regions: 704->0(701)
[4662.595s][info][gc,heap        ] GC(467) Survivor regions: 52->52(95)
[4662.595s][info][gc,heap        ] GC(467) Old regions: 375->378
[4662.595s][info][gc,heap        ] GC(467) Humongous regions: 33->33
[4662.595s][info][gc,metaspace   ] GC(467) Metaspace: 35701K(37888K)->35701K(37888K) NonClass: 26697K(26944K)->26697K(26944K) Class: 9004K(10944K)->9004K(10944K)
[4662.595s][info][gc             ] GC(467) Pause Young (Normal) (G1 Evacuation Pause) 9281M->3666M(10240M) 157.858ms
[4662.595s][info][gc,cpu         ] GC(467) User=1.24s Sys=0.00s Real=0.16s
......[4668.449s][info][gc,start       ] GC(468) Pause Young (Normal) (G1 Evacuation Pause)
[4668.449s][info][gc,task        ] GC(468) Using 8 workers of 8 for evacuation
[4668.612s][info][gc,phases      ] GC(468)   Pre Evacuate Collection Set: 0.30ms
[4668.612s][info][gc,phases      ] GC(468)   Merge Heap Roots: 0.57ms
[4668.612s][info][gc,phases      ] GC(468)   Evacuate Collection Set: 160.42ms
[4668.612s][info][gc,phases      ] GC(468)   Post Evacuate Collection Set: 1.25ms
[4668.612s][info][gc,phases      ] GC(468)   Other: 0.06ms
[4668.612s][info][gc,heap        ] GC(468) Eden regions: 701->0(697)
[4668.612s][info][gc,heap        ] GC(468) Survivor regions: 52->53(95)
[4668.612s][info][gc,heap        ] GC(468) Old regions: 378->380
[4668.612s][info][gc,heap        ] GC(468) Humongous regions: 33->33
[4668.612s][info][gc,metaspace   ] GC(468) Metaspace: 35701K(37888K)->35701K(37888K) NonClass: 26697K(26944K)->26697K(26944K) Class: 9004K(10944K)->9004K(10944K)
[4668.612s][info][gc             ] GC(468) Pause Young (Normal) (G1 Evacuation Pause) 9274M->3695M(10240M) 162.738ms
[4668.612s][info][gc,cpu         ] GC(468) User=1.28s Sys=0.00s Real=0.16s
......[4674.403s][info][gc,start       ] GC(469) Pause Young (Normal) (G1 Evacuation Pause)
[4674.403s][info][gc,task        ] GC(469) Using 8 workers of 8 for evacuation
[4674.562s][info][gc,phases      ] GC(469)   Pre Evacuate Collection Set: 0.31ms
[4674.562s][info][gc,phases      ] GC(469)   Merge Heap Roots: 0.53ms
[4674.562s][info][gc,phases      ] GC(469)   Evacuate Collection Set: 156.87ms
[4674.562s][info][gc,phases      ] GC(469)   Post Evacuate Collection Set: 1.24ms
[4674.562s][info][gc,phases      ] GC(469)   Other: 0.08ms
[4674.562s][info][gc,heap        ] GC(469) Eden regions: 697->0(696)
[4674.562s][info][gc,heap        ] GC(469) Survivor regions: 53->52(94)
[4674.563s][info][gc,heap        ] GC(469) Old regions: 380->383
[4674.563s][info][gc,heap        ] GC(469) Humongous regions: 33->33
[4674.563s][info][gc,metaspace   ] GC(469) Metaspace: 35701K(37888K)->35701K(37888K) NonClass: 26697K(26944K)->26697K(26944K) Class: 9004K(10944K)->9004K(10944K)
[4674.563s][info][gc             ] GC(469) Pause Young (Normal) (G1 Evacuation Pause) 9271M->3708M(10240M) 159.181ms
[4674.563s][info][gc,cpu         ] GC(469) User=1.26s Sys=0.00s Real=0.16s
......[4680.390s][info][gc,start       ] GC(470) Pause Young (Normal) (G1 Evacuation Pause)
[4680.391s][info][gc,task        ] GC(470) Using 8 workers of 8 for evacuation
[4680.546s][info][gc,phases      ] GC(470)   Pre Evacuate Collection Set: 0.29ms
[4680.546s][info][gc,phases      ] GC(470)   Merge Heap Roots: 0.53ms
[4680.546s][info][gc,phases      ] GC(470)   Evacuate Collection Set: 153.27ms
[4680.546s][info][gc,phases      ] GC(470)   Post Evacuate Collection Set: 1.27ms
[4680.546s][info][gc,phases      ] GC(470)   Other: 0.07ms
[4680.546s][info][gc,heap        ] GC(470) Eden regions: 696->0(695)
[4680.546s][info][gc,heap        ] GC(470) Survivor regions: 52->51(94)
[4680.546s][info][gc,heap        ] GC(470) Old regions: 383->386
[4680.546s][info][gc,heap        ] GC(470) Humongous regions: 33->33
[4680.546s][info][gc,metaspace   ] GC(470) Metaspace: 35701K(37888K)->35701K(37888K) NonClass: 26697K(26944K)->26697K(26944K) Class: 9004K(10944K)->9004K(10944K)
[4680.546s][info][gc             ] GC(470) Pause Young (Normal) (G1 Evacuation Pause) 9276M->3726M(10240M) 155.559ms
[4680.546s][info][gc,cpu         ] GC(470) User=1.22s Sys=0.01s Real=0.16s
......[4686.393s][info][gc,start       ] GC(471) Pause Young (Normal) (G1 Evacuation Pause)
[4686.393s][info][gc,task        ] GC(471) Using 8 workers of 8 for evacuation
[4686.552s][info][gc,phases      ] GC(471)   Pre Evacuate Collection Set: 0.28ms
[4686.552s][info][gc,phases      ] GC(471)   Merge Heap Roots: 0.62ms
[4686.552s][info][gc,phases      ] GC(471)   Evacuate Collection Set: 156.83ms
[4686.552s][info][gc,phases      ] GC(471)   Post Evacuate Collection Set: 1.28ms
[4686.552s][info][gc,phases      ] GC(471)   Other: 0.09ms
[4686.552s][info][gc,heap        ] GC(471) Eden regions: 695->0(691)
[4686.552s][info][gc,heap        ] GC(471) Survivor regions: 51->52(94)
[4686.552s][info][gc,heap        ] GC(471) Old regions: 386->388
[4686.552s][info][gc,heap        ] GC(471) Humongous regions: 33->33
[4686.552s][info][gc,metaspace   ] GC(471) Metaspace: 35701K(37888K)->35701K(37888K) NonClass: 26697K(26944K)->26697K(26944K) Class: 9004K(10944K)->9004K(10944K)
[4686.552s][info][gc             ] GC(471) Pause Young (Normal) (G1 Evacuation Pause) 9286M->3751M(10240M) 159.241ms
[4686.552s][info][gc,cpu         ] GC(471) User=1.25s Sys=0.00s Real=0.16s
......[4692.238s][info][gc,start       ] GC(472) Pause Young (Normal) (G1 Evacuation Pause)
[4692.238s][info][gc,task        ] GC(472) Using 8 workers of 8 for evacuation
[4692.393s][info][gc,phases      ] GC(472)   Pre Evacuate Collection Set: 0.29ms
[4692.393s][info][gc,phases      ] GC(472)   Merge Heap Roots: 0.54ms
[4692.393s][info][gc,phases      ] GC(472)   Evacuate Collection Set: 152.52ms
[4692.393s][info][gc,phases      ] GC(472)   Post Evacuate Collection Set: 1.28ms
[4692.393s][info][gc,phases      ] GC(472)   Other: 0.08ms
[4692.393s][info][gc,heap        ] GC(472) Eden regions: 691->0(690)
[4692.393s][info][gc,heap        ] GC(472) Survivor regions: 52->51(93)
[4692.393s][info][gc,heap        ] GC(472) Old regions: 388->391
[4692.393s][info][gc,heap        ] GC(472) Humongous regions: 33->33
[4692.393s][info][gc,metaspace   ] GC(472) Metaspace: 35701K(37888K)->35701K(37888K) NonClass: 26697K(26944K)->26697K(26944K) Class: 9004K(10944K)->9004K(10944K)
[4692.393s][info][gc             ] GC(472) Pause Young (Normal) (G1 Evacuation Pause) 9279M->3764M(10240M) 154.847ms
[4692.393s][info][gc,cpu         ] GC(472) User=1.21s Sys=0.00s Real=0.16s
......[4698.053s][info][gc,start       ] GC(473) Pause Young (Normal) (G1 Evacuation Pause)
[4698.053s][info][gc,task        ] GC(473) Using 8 workers of 8 for evacuation
[4698.213s][info][gc,phases      ] GC(473)   Pre Evacuate Collection Set: 0.31ms
[4698.213s][info][gc,phases      ] GC(473)   Merge Heap Roots: 0.63ms
[4698.213s][info][gc,phases      ] GC(473)   Evacuate Collection Set: 157.93ms
[4698.213s][info][gc,phases      ] GC(473)   Post Evacuate Collection Set: 1.17ms
[4698.213s][info][gc,phases      ] GC(473)   Other: 0.06ms
[4698.213s][info][gc,heap        ] GC(473) Eden regions: 690->0(685)
[4698.213s][info][gc,heap        ] GC(473) Survivor regions: 51->52(93)
[4698.213s][info][gc,heap        ] GC(473) Old regions: 391->394
[4698.213s][info][gc,heap        ] GC(473) Humongous regions: 33->33
[4698.213s][info][gc,metaspace   ] GC(473) Metaspace: 35701K(37888K)->35701K(37888K) NonClass: 26697K(26944K)->26697K(26944K) Class: 9004K(10944K)->9004K(10944K)
[4698.213s][info][gc             ] GC(473) Pause Young (Normal) (G1 Evacuation Pause) 9284M->3799M(10240M) 160.251ms
[4698.214s][info][gc,cpu         ] GC(473) User=1.26s Sys=0.00s Real=0.16s
......[4703.968s][info][gc,start       ] GC(474) Pause Young (Normal) (G1 Evacuation Pause)
[4703.968s][info][gc,task        ] GC(474) Using 8 workers of 8 for evacuation
[4704.130s][info][gc,phases      ] GC(474)   Pre Evacuate Collection Set: 0.28ms
[4704.131s][info][gc,phases      ] GC(474)   Merge Heap Roots: 0.55ms
[4704.131s][info][gc,phases      ] GC(474)   Evacuate Collection Set: 160.37ms
[4704.131s][info][gc,phases      ] GC(474)   Post Evacuate Collection Set: 1.25ms
[4704.131s][info][gc,phases      ] GC(474)   Other: 0.08ms
[4704.131s][info][gc,heap        ] GC(474) Eden regions: 685->0(680)
[4704.131s][info][gc,heap        ] GC(474) Survivor regions: 52->53(93)
[4704.131s][info][gc,heap        ] GC(474) Old regions: 394->397
[4704.131s][info][gc,heap        ] GC(474) Humongous regions: 33->33
[4704.131s][info][gc,metaspace   ] GC(474) Metaspace: 35701K(37888K)->35701K(37888K) NonClass: 26697K(26944K)->26697K(26944K) Class: 9004K(10944K)->9004K(10944K)
[4704.131s][info][gc             ] GC(474) Pause Young (Normal) (G1 Evacuation Pause) 9279M->3830M(10240M) 162.679ms
[4704.131s][info][gc,cpu         ] GC(474) User=1.28s Sys=0.00s Real=0.16s
.....[4709.758s][info][gc,start       ] GC(475) Pause Young (Normal) (G1 Evacuation Pause)
[4709.758s][info][gc,task        ] GC(475) Using 8 workers of 8 for evacuation
[4709.917s][info][gc,phases      ] GC(475)   Pre Evacuate Collection Set: 0.31ms
[4709.917s][info][gc,phases      ] GC(475)   Merge Heap Roots: 0.63ms
[4709.917s][info][gc,phases      ] GC(475)   Evacuate Collection Set: 155.93ms
[4709.917s][info][gc,phases      ] GC(475)   Post Evacuate Collection Set: 1.21ms
[4709.917s][info][gc,phases      ] GC(475)   Other: 0.07ms
[4709.917s][info][gc,heap        ] GC(475) Eden regions: 680->0(682)
[4709.917s][info][gc,heap        ] GC(475) Survivor regions: 53->51(92)
[4709.917s][info][gc,heap        ] GC(475) Old regions: 397->399
[4709.917s][info][gc,heap        ] GC(475) Humongous regions: 33->33
[4709.917s][info][gc,metaspace   ] GC(475) Metaspace: 35701K(37888K)->35701K(37888K) NonClass: 26697K(26944K)->26697K(26944K) Class: 9004K(10944K)->9004K(10944K)
[4709.917s][info][gc             ] GC(475) Pause Young (Normal) (G1 Evacuation Pause) 9270M->3834M(10240M) 158.289ms
[4709.917s][info][gc,cpu         ] GC(475) User=1.24s Sys=0.00s Real=0.16s
......[4715.680s][info][gc,start       ] GC(476) Pause Young (Normal) (G1 Evacuation Pause)
[4715.680s][info][gc,task        ] GC(476) Using 8 workers of 8 for evacuation
[4715.840s][info][gc,phases      ] GC(476)   Pre Evacuate Collection Set: 0.35ms
[4715.840s][info][gc,phases      ] GC(476)   Merge Heap Roots: 0.58ms
[4715.840s][info][gc,phases      ] GC(476)   Evacuate Collection Set: 157.54ms
[4715.840s][info][gc,phases      ] GC(476)   Post Evacuate Collection Set: 1.24ms
[4715.840s][info][gc,phases      ] GC(476)   Other: 0.07ms
[4715.840s][info][gc,heap        ] GC(476) Eden regions: 682->0(675)
[4715.840s][info][gc,heap        ] GC(476) Survivor regions: 51->53(92)
[4715.840s][info][gc,heap        ] GC(476) Old regions: 399->402
[4715.840s][info][gc,heap        ] GC(476) Humongous regions: 33->33
[4715.840s][info][gc,metaspace   ] GC(476) Metaspace: 35701K(37888K)->35701K(37888K) NonClass: 26697K(26944K)->26697K(26944K) Class: 9004K(10944K)->9004K(10944K)
[4715.840s][info][gc             ] GC(476) Pause Young (Normal) (G1 Evacuation Pause) 9290M->3868M(10240M) 159.912ms
[4715.840s][info][gc,cpu         ] GC(476) User=1.26s Sys=0.01s Real=0.16s
...... (rIR:aIR:PR = 7887:7844:7843) (tPR = 115801) [OK] 
  4720s: Performance info:
         Transaction,    Success,    Partial,     Failed,   Receipts, AvgBarcode, 
             Overall,     472032,          0,          0,     448292,      59.48, 
         Response times:
             Request,    Success,    Partial,     Failed,   SkipFail,     Probes,    Samples,      min,      p50,      p90,      p95,      p99,      max, 
       TotalPurchase,     448336,          0,          0,          0,     359061,     446388,      300,     5600,    11300,    18000,    69000,   466000,
     InStorePurchase,     236290,          0,          0,          0,     189027,     234454,      300,     5500,    11300,    18100,    69000,   466000,
      OnlinePurchase,     164763,          0,          0,          0,     132196,     164744,      300,     5700,    11400,    17800,    68000,   466000,
        InstPurchase,      47283,          0,          0,          0,      37838,      47190,      400,     5400,    11400,    17700,    72000,   359000,
          AssocOfCat,        476,          0,          0,          0,        405,        595,    27000,    46000,    65000,    82000,   177840,   465000,
      AssocOfProduct,       4756,          0,          0,          0,       4407,       5768,      700,     5300,    11200,    15455,    54000,   168000,
      BusinessReport,       1185,          0,          0,          0,       1019,       1391,    32000,    54000,    75000,    99000,   211080,   230000,
          CustBuyBeh,       4738,          0,          0,          0,       4457,       5784,      300,     5600,    11700,    21000,    65000,   205000,
       ProductReturn,      12586,          0,          0,          0,       9669,      12342,      200,     6400,    11600,    19600,    81000,   257000,

  4720s: (58%)   IR =   8025 [4721.429s][info][gc,start       ] GC(477) Pause Young (Normal) (G1 Evacuation Pause)
[4721.429s][info][gc,task        ] GC(477) Using 8 workers of 8 for evacuation
[4721.587s][info][gc,phases      ] GC(477)   Pre Evacuate Collection Set: 0.30ms
[4721.587s][info][gc,phases      ] GC(477)   Merge Heap Roots: 0.59ms
[4721.587s][info][gc,phases      ] GC(477)   Evacuate Collection Set: 155.70ms
[4721.587s][info][gc,phases      ] GC(477)   Post Evacuate Collection Set: 1.25ms
[4721.587s][info][gc,phases      ] GC(477)   Other: 0.06ms
[4721.587s][info][gc,heap        ] GC(477) Eden regions: 675->0(676)
[4721.587s][info][gc,heap        ] GC(477) Survivor regions: 53->51(91)
[4721.587s][info][gc,heap        ] GC(477) Old regions: 402->405
[4721.587s][info][gc,heap        ] GC(477) Humongous regions: 33->33
[4721.587s][info][gc,metaspace   ] GC(477) Metaspace: 35701K(37888K)->35701K(37888K) NonClass: 26697K(26944K)->26697K(26944K) Class: 9004K(10944K)->9004K(10944K)
[4721.587s][info][gc             ] GC(477) Pause Young (Normal) (G1 Evacuation Pause) 9268M->3878M(10240M) 158.038ms
[4721.587s][info][gc,cpu         ] GC(477) User=1.24s Sys=0.00s Real=0.16s
......[4727.076s][info][gc,start       ] GC(478) Pause Young (Normal) (G1 Evacuation Pause)
[4727.076s][info][gc,task        ] GC(478) Using 8 workers of 8 for evacuation
[4727.237s][info][gc,phases      ] GC(478)   Pre Evacuate Collection Set: 0.28ms
[4727.237s][info][gc,phases      ] GC(478)   Merge Heap Roots: 0.55ms
[4727.237s][info][gc,phases      ] GC(478)   Evacuate Collection Set: 158.49ms
[4727.237s][info][gc,phases      ] GC(478)   Post Evacuate Collection Set: 1.19ms
[4727.237s][info][gc,phases      ] GC(478)   Other: 0.07ms
[4727.237s][info][gc,heap        ] GC(478) Eden regions: 676->0(671)
[4727.237s][info][gc,heap        ] GC(478) Survivor regions: 51->52(91)
[4727.237s][info][gc,heap        ] GC(478) Old regions: 405->408
[4727.237s][info][gc,heap        ] GC(478) Humongous regions: 33->33
[4727.237s][info][gc,metaspace   ] GC(478) Metaspace: 35701K(37888K)->35701K(37888K) NonClass: 26697K(26944K)->26697K(26944K) Class: 9004K(10944K)->9004K(10944K)
[4727.237s][info][gc             ] GC(478) Pause Young (Normal) (G1 Evacuation Pause) 9286M->3909M(10240M) 160.709ms
[4727.237s][info][gc,cpu         ] GC(478) User=1.27s Sys=0.00s Real=0.16s
.|....[4732.679s][info][gc,start       ] GC(479) Pause Young (Normal) (G1 Evacuation Pause)
[4732.679s][info][gc,task        ] GC(479) Using 8 workers of 8 for evacuation
[4732.839s][info][gc,phases      ] GC(479)   Pre Evacuate Collection Set: 0.27ms
[4732.839s][info][gc,phases      ] GC(479)   Merge Heap Roots: 0.55ms
[4732.839s][info][gc,phases      ] GC(479)   Evacuate Collection Set: 157.84ms
[4732.839s][info][gc,phases      ] GC(479)   Post Evacuate Collection Set: 1.18ms
[4732.839s][info][gc,phases      ] GC(479)   Other: 0.09ms
[4732.839s][info][gc,heap        ] GC(479) Eden regions: 671->0(671)
[4732.839s][info][gc,heap        ] GC(479) Survivor regions: 52->51(91)
[4732.839s][info][gc,heap        ] GC(479) Old regions: 408->410
[4732.839s][info][gc,heap        ] GC(479) Humongous regions: 33->33
[4732.839s][info][gc,metaspace   ] GC(479) Metaspace: 35701K(37888K)->35701K(37888K) NonClass: 26697K(26944K)->26697K(26944K) Class: 9004K(10944K)->9004K(10944K)
[4732.839s][info][gc             ] GC(479) Pause Young (Normal) (G1 Evacuation Pause) 9277M->3924M(10240M) 160.074ms
[4732.839s][info][gc,cpu         ] GC(479) User=1.26s Sys=0.00s Real=0.16s
......[4738.248s][info][gc,start       ] GC(480) Pause Young (Normal) (G1 Evacuation Pause)
[4738.248s][info][gc,task        ] GC(480) Using 8 workers of 8 for evacuation
[4738.405s][info][gc,phases      ] GC(480)   Pre Evacuate Collection Set: 0.29ms
[4738.405s][info][gc,phases      ] GC(480)   Merge Heap Roots: 0.56ms
[4738.405s][info][gc,phases      ] GC(480)   Evacuate Collection Set: 154.55ms
[4738.405s][info][gc,phases      ] GC(480)   Post Evacuate Collection Set: 1.20ms
[4738.405s][info][gc,phases      ] GC(480)   Other: 0.06ms
[4738.405s][info][gc,heap        ] GC(480) Eden regions: 671->0(668)
[4738.405s][info][gc,heap        ] GC(480) Survivor regions: 51->51(91)
[4738.405s][info][gc,heap        ] GC(480) Old regions: 410->413
[4738.405s][info][gc,heap        ] GC(480) Humongous regions: 33->33
[4738.405s][info][gc,metaspace   ] GC(480) Metaspace: 35701K(37888K)->35701K(37888K) NonClass: 26697K(26944K)->26697K(26944K) Class: 9004K(10944K)->9004K(10944K)
[4738.405s][info][gc             ] GC(480) Pause Young (Normal) (G1 Evacuation Pause) 9292M->3943M(10240M) 156.793ms
[4738.405s][info][gc,cpu         ] GC(480) User=1.24s Sys=0.00s Real=0.16s
.....[4743.827s][info][gc,start       ] GC(481) Pause Young (Normal) (G1 Evacuation Pause)
[4743.827s][info][gc,task        ] GC(481) Using 8 workers of 8 for evacuation
[4743.985s][info][gc,phases      ] GC(481)   Pre Evacuate Collection Set: 0.30ms
[4743.985s][info][gc,phases      ] GC(481)   Merge Heap Roots: 0.59ms
[4743.985s][info][gc,phases      ] GC(481)   Evacuate Collection Set: 156.06ms
[4743.985s][info][gc,phases      ] GC(481)   Post Evacuate Collection Set: 1.19ms
[4743.985s][info][gc,phases      ] GC(481)   Other: 0.07ms
[4743.985s][info][gc,heap        ] GC(481) Eden regions: 668->0(665)
[4743.985s][info][gc,heap        ] GC(481) Survivor regions: 51->51(90)
[4743.985s][info][gc,heap        ] GC(481) Old regions: 413->416
[4743.985s][info][gc,heap        ] GC(481) Humongous regions: 33->33
[4743.985s][info][gc,metaspace   ] GC(481) Metaspace: 35701K(37888K)->35701K(37888K) NonClass: 26697K(26944K)->26697K(26944K) Class: 9004K(10944K)->9004K(10944K)
[4743.985s][info][gc             ] GC(481) Pause Young (Normal) (G1 Evacuation Pause) 9287M->3971M(10240M) 158.340ms
[4743.985s][info][gc,cpu         ] GC(481) User=1.25s Sys=0.00s Real=0.16s
......[4749.536s][info][gc,start       ] GC(482) Pause Young (Normal) (G1 Evacuation Pause)
[4749.536s][info][gc,task        ] GC(482) Using 8 workers of 8 for evacuation
[4749.692s][info][gc,phases      ] GC(482)   Pre Evacuate Collection Set: 0.31ms
[4749.692s][info][gc,phases      ] GC(482)   Merge Heap Roots: 0.60ms
[4749.692s][info][gc,phases      ] GC(482)   Evacuate Collection Set: 154.39ms
[4749.692s][info][gc,phases      ] GC(482)   Post Evacuate Collection Set: 1.21ms
[4749.692s][info][gc,phases      ] GC(482)   Other: 0.06ms
[4749.692s][info][gc,heap        ] GC(482) Eden regions: 665->0(662)
[4749.692s][info][gc,heap        ] GC(482) Survivor regions: 51->51(90)
[4749.692s][info][gc,heap        ] GC(482) Old regions: 416->419
[4749.692s][info][gc,heap        ] GC(482) Humongous regions: 33->33
[4749.692s][info][gc,metaspace   ] GC(482) Metaspace: 35701K(37888K)->35701K(37888K) NonClass: 26697K(26944K)->26697K(26944K) Class: 9004K(10944K)->9004K(10944K)
[4749.692s][info][gc             ] GC(482) Pause Young (Normal) (G1 Evacuation Pause) 9291M->3990M(10240M) 156.701ms
[4749.692s][info][gc,cpu         ] GC(482) User=1.23s Sys=0.00s Real=0.16s
......[4755.178s][info][gc,start       ] GC(483) Pause Young (Normal) (G1 Evacuation Pause)
[4755.178s][info][gc,task        ] GC(483) Using 8 workers of 8 for evacuation
[4755.336s][info][gc,phases      ] GC(483)   Pre Evacuate Collection Set: 0.28ms
[4755.336s][info][gc,phases      ] GC(483)   Merge Heap Roots: 0.52ms
[4755.336s][info][gc,phases      ] GC(483)   Evacuate Collection Set: 156.14ms
[4755.336s][info][gc,phases      ] GC(483)   Post Evacuate Collection Set: 1.19ms
[4755.336s][info][gc,phases      ] GC(483)   Other: 0.06ms
[4755.336s][info][gc,heap        ] GC(483) Eden regions: 662->0(657)
[4755.336s][info][gc,heap        ] GC(483) Survivor regions: 51->52(90)
[4755.336s][info][gc,heap        ] GC(483) Old regions: 419->422
[4755.336s][info][gc,heap        ] GC(483) Humongous regions: 33->33
[4755.336s][info][gc,metaspace   ] GC(483) Metaspace: 35701K(37888K)->35701K(37888K) NonClass: 26697K(26944K)->26697K(26944K) Class: 9004K(10944K)->9004K(10944K)
[4755.336s][info][gc             ] GC(483) Pause Young (Normal) (G1 Evacuation Pause) 9286M->4025M(10240M) 158.342ms
[4755.336s][info][gc,cpu         ] GC(483) User=1.24s Sys=0.00s Real=0.16s
.....[4760.679s][info][gc,start       ] GC(484) Pause Young (Normal) (G1 Evacuation Pause)
[4760.679s][info][gc,task        ] GC(484) Using 8 workers of 8 for evacuation
[4760.837s][info][gc,phases      ] GC(484)   Pre Evacuate Collection Set: 0.29ms
[4760.837s][info][gc,phases      ] GC(484)   Merge Heap Roots: 0.59ms
[4760.837s][info][gc,phases      ] GC(484)   Evacuate Collection Set: 155.65ms
[4760.837s][info][gc,phases      ] GC(484)   Post Evacuate Collection Set: 1.20ms
[4760.837s][info][gc,phases      ] GC(484)   Other: 0.07ms
[4760.837s][info][gc,heap        ] GC(484) Eden regions: 657->0(656)
[4760.837s][info][gc,heap        ] GC(484) Survivor regions: 52->51(89)
[4760.837s][info][gc,heap        ] GC(484) Old regions: 422->425
[4760.837s][info][gc,heap        ] GC(484) Humongous regions: 33->33
[4760.837s][info][gc,metaspace   ] GC(484) Metaspace: 35701K(37888K)->35701K(37888K) NonClass: 26697K(26944K)->26697K(26944K) Class: 9004K(10944K)->9004K(10944K)
[4760.837s][info][gc             ] GC(484) Pause Young (Normal) (G1 Evacuation Pause) 9281M->4040M(10240M) 157.942ms
[4760.837s][info][gc,cpu         ] GC(484) User=1.24s Sys=0.00s Real=0.16s
......[4766.166s][info][gc,start       ] GC(485) Pause Young (Normal) (G1 Evacuation Pause)
[4766.166s][info][gc,task        ] GC(485) Using 8 workers of 8 for evacuation
[4766.330s][info][gc,phases      ] GC(485)   Pre Evacuate Collection Set: 0.29ms
[4766.330s][info][gc,phases      ] GC(485)   Merge Heap Roots: 0.54ms
[4766.330s][info][gc,phases      ] GC(485)   Evacuate Collection Set: 161.90ms
[4766.330s][info][gc,phases      ] GC(485)   Post Evacuate Collection Set: 1.21ms
[4766.330s][info][gc,phases      ] GC(485)   Other: 0.07ms
[4766.330s][info][gc,heap        ] GC(485) Eden regions: 656->0(651)
[4766.330s][info][gc,heap        ] GC(485) Survivor regions: 51->52(89)
[4766.330s][info][gc,heap        ] GC(485) Old regions: 425->428
[4766.330s][info][gc,heap        ] GC(485) Humongous regions: 33->33
[4766.330s][info][gc,metaspace   ] GC(485) Metaspace: 35701K(37888K)->35701K(37888K) NonClass: 26697K(26944K)->26697K(26944K) Class: 9004K(10944K)->9004K(10944K)
[4766.330s][info][gc             ] GC(485) Pause Young (Normal) (G1 Evacuation Pause) 9288M->4072M(10240M) 164.151ms
[4766.330s][info][gc,cpu         ] GC(485) User=1.29s Sys=0.00s Real=0.16s
.....[4771.608s][info][gc,start       ] GC(486) Pause Young (Normal) (G1 Evacuation Pause)
[4771.608s][info][gc,task        ] GC(486) Using 8 workers of 8 for evacuation
[4771.771s][info][gc,phases      ] GC(486)   Pre Evacuate Collection Set: 0.34ms
[4771.771s][info][gc,phases      ] GC(486)   Merge Heap Roots: 0.71ms
[4771.771s][info][gc,phases      ] GC(486)   Evacuate Collection Set: 160.44ms
[4771.771s][info][gc,phases      ] GC(486)   Post Evacuate Collection Set: 1.12ms
[4771.771s][info][gc,phases      ] GC(486)   Other: 0.07ms
[4771.771s][info][gc,heap        ] GC(486) Eden regions: 651->0(654)
[4771.771s][info][gc,heap        ] GC(486) Survivor regions: 52->46(88)
[4771.771s][info][gc,heap        ] GC(486) Old regions: 428->437
[4771.771s][info][gc,heap        ] GC(486) Humongous regions: 33->33
[4771.771s][info][gc,metaspace   ] GC(486) Metaspace: 35701K(37888K)->35701K(37888K) NonClass: 26697K(26944K)->26697K(26944K) Class: 9004K(10944K)->9004K(10944K)
[4771.771s][info][gc             ] GC(486) Pause Young (Normal) (G1 Evacuation Pause) 9280M->4098M(10240M) 162.829ms
[4771.771s][info][gc,cpu         ] GC(486) User=1.28s Sys=0.00s Real=0.16s
.....[4777.053s][info][gc,start       ] GC(487) Pause Young (Normal) (G1 Evacuation Pause)
[4777.053s][info][gc,task        ] GC(487) Using 8 workers of 8 for evacuation
[4777.203s][info][gc,phases      ] GC(487)   Pre Evacuate Collection Set: 0.32ms
[4777.203s][info][gc,phases      ] GC(487)   Merge Heap Roots: 0.59ms
[4777.203s][info][gc,phases      ] GC(487)   Evacuate Collection Set: 148.17ms
[4777.203s][info][gc,phases      ] GC(487)   Post Evacuate Collection Set: 1.20ms
[4777.203s][info][gc,phases      ] GC(487)   Other: 0.08ms
[4777.203s][info][gc,heap        ] GC(487) Eden regions: 654->0(644)
[4777.203s][info][gc,heap        ] GC(487) Survivor regions: 46->51(88)
[4777.203s][info][gc,heap        ] GC(487) Old regions: 437->437
[4777.203s][info][gc,heap        ] GC(487) Humongous regions: 33->33
[4777.203s][info][gc,metaspace   ] GC(487) Metaspace: 35701K(37888K)->35701K(37888K) NonClass: 26697K(26944K)->26697K(26944K) Class: 9004K(10944K)->9004K(10944K)
[4777.203s][info][gc             ] GC(487) Pause Young (Normal) (G1 Evacuation Pause) 9330M->4138M(10240M) 150.492ms
[4777.203s][info][gc,cpu         ] GC(487) User=1.19s Sys=0.00s Real=0.15s
......[4782.509s][info][gc,start       ] GC(488) Pause Young (Normal) (G1 Evacuation Pause)
[4782.509s][info][gc,task        ] GC(488) Using 8 workers of 8 for evacuation
[4782.668s][info][gc,phases      ] GC(488)   Pre Evacuate Collection Set: 0.29ms
[4782.668s][info][gc,phases      ] GC(488)   Merge Heap Roots: 0.55ms
[4782.668s][info][gc,phases      ] GC(488)   Evacuate Collection Set: 156.59ms
[4782.668s][info][gc,phases      ] GC(488)   Post Evacuate Collection Set: 1.17ms
[4782.668s][info][gc,phases      ] GC(488)   Other: 0.06ms
[4782.668s][info][gc,heap        ] GC(488) Eden regions: 644->0(641)
[4782.668s][info][gc,heap        ] GC(488) Survivor regions: 51->51(87)
[4782.668s][info][gc,heap        ] GC(488) Old regions: 437->440
[4782.668s][info][gc,heap        ] GC(488) Humongous regions: 33->33
[4782.668s][info][gc,metaspace   ] GC(488) Metaspace: 35701K(37888K)->35701K(37888K) NonClass: 26697K(26944K)->26697K(26944K) Class: 9004K(10944K)->9004K(10944K)
[4782.668s][info][gc             ] GC(488) Pause Young (Normal) (G1 Evacuation Pause) 9290M->4162M(10240M) 158.804ms
[4782.668s][info][gc,cpu         ] GC(488) User=1.24s Sys=0.00s Real=0.16s
.....[4788.004s][info][gc,start       ] GC(489) Pause Young (Normal) (G1 Evacuation Pause)
[4788.004s][info][gc,task        ] GC(489) Using 8 workers of 8 for evacuation
[4788.168s][info][gc,phases      ] GC(489)   Pre Evacuate Collection Set: 0.32ms
[4788.168s][info][gc,phases      ] GC(489)   Merge Heap Roots: 0.64ms
[4788.168s][info][gc,phases      ] GC(489)   Evacuate Collection Set: 161.08ms
[4788.168s][info][gc,phases      ] GC(489)   Post Evacuate Collection Set: 1.20ms
[4788.168s][info][gc,phases      ] GC(489)   Other: 0.06ms
[4788.168s][info][gc,heap        ] GC(489) Eden regions: 641->0(636)
[4788.168s][info][gc,heap        ] GC(489) Survivor regions: 51->52(87)
[4788.168s][info][gc,heap        ] GC(489) Old regions: 440->443
[4788.168s][info][gc,heap        ] GC(489) Humongous regions: 33->33
[4788.168s][info][gc,metaspace   ] GC(489) Metaspace: 35701K(37888K)->35701K(37888K) NonClass: 26697K(26944K)->26697K(26944K) Class: 9004K(10944K)->9004K(10944K)
[4788.168s][info][gc             ] GC(489) Pause Young (Normal) (G1 Evacuation Pause) 9290M->4195M(10240M) 163.439ms
[4788.168s][info][gc,cpu         ] GC(489) User=1.28s Sys=0.00s Real=0.16s
. (rIR:aIR:PR = 8025:7963:7957) (tPR = 117664) [OK] 
  4788s: Performance info:
         Transaction,    Success,    Partial,     Failed,   Receipts, AvgBarcode, 
             Overall,     478803,          0,          0,     454927,      59.47, 
         Response times:
             Request,    Success,    Partial,     Failed,   SkipFail,     Probes,    Samples,      min,      p50,      p90,      p95,      p99,      max, 
       TotalPurchase,     455202,          0,          0,          0,     357021,     402234,      400,     5700,    12400,    26000,    90000,   401000,
     InStorePurchase,     239171,          0,          0,          0,     188507,     212105,      400,     5700,    12400,    26000,    89000,   401000,
      OnlinePurchase,     167797,          0,          0,          0,     131314,     148083,      400,     5600,    12400,    26000,    91000,   391000,
        InstPurchase,      48234,          0,          0,          0,      37200,      42046,      500,     5700,    12300,    24000,    90000,   386000,
          AssocOfCat,        474,          0,          0,          0,        386,        539,    27000,    46000,    70000,    92000,   202600,   435000,
      AssocOfProduct,       4798,          0,          0,          0,       3379,       4011,      600,     5700,    12200,    19700,   100000,   277000,
      BusinessReport,       1202,          0,          0,          0,       1084,       1367,    32000,    54000,    78000,   104600,   169280,   451000,
          CustBuyBeh,       4739,          0,          0,          0,       3358,       3930,      500,     5500,    11500,    20340,    82000,   190000,
       ProductReturn,      12793,          0,          0,          0,       9798,      11298,      200,     5500,    12500,    22000,    85010,   391000,

  4788s: (59%)   IR =   8164 ....[4793.244s][info][gc,start       ] GC(490) Pause Young (Normal) (G1 Evacuation Pause)
[4793.244s][info][gc,task        ] GC(490) Using 8 workers of 8 for evacuation
[4793.407s][info][gc,phases      ] GC(490)   Pre Evacuate Collection Set: 0.32ms
[4793.407s][info][gc,phases      ] GC(490)   Merge Heap Roots: 0.64ms
[4793.407s][info][gc,phases      ] GC(490)   Evacuate Collection Set: 159.87ms
[4793.407s][info][gc,phases      ] GC(490)   Post Evacuate Collection Set: 1.16ms
[4793.407s][info][gc,phases      ] GC(490)   Other: 0.80ms
[4793.407s][info][gc,heap        ] GC(490) Eden regions: 636->0(639)
[4793.407s][info][gc,heap        ] GC(490) Survivor regions: 52->46(86)
[4793.407s][info][gc,heap        ] GC(490) Old regions: 443->452
[4793.407s][info][gc,heap        ] GC(490) Humongous regions: 33->33
[4793.407s][info][gc,metaspace   ] GC(490) Metaspace: 35701K(37888K)->35701K(37888K) NonClass: 26697K(26944K)->26697K(26944K) Class: 9004K(10944K)->9004K(10944K)
[4793.407s][info][gc             ] GC(490) Pause Young (Normal) (G1 Evacuation Pause) 9283M->4220M(10240M) 162.918ms
[4793.407s][info][gc,cpu         ] GC(490) User=1.28s Sys=0.00s Real=0.16s
....|..[4798.477s][info][gc,start       ] GC(491) Pause Young (Normal) (G1 Evacuation Pause)
[4798.477s][info][gc,task        ] GC(491) Using 8 workers of 8 for evacuation
[4798.627s][info][gc,phases      ] GC(491)   Pre Evacuate Collection Set: 0.28ms
[4798.627s][info][gc,phases      ] GC(491)   Merge Heap Roots: 0.52ms
[4798.627s][info][gc,phases      ] GC(491)   Evacuate Collection Set: 147.75ms
[4798.627s][info][gc,phases      ] GC(491)   Post Evacuate Collection Set: 1.14ms
[4798.627s][info][gc,phases      ] GC(491)   Other: 0.07ms
[4798.627s][info][gc,heap        ] GC(491) Eden regions: 639->0(632)
[4798.627s][info][gc,heap        ] GC(491) Survivor regions: 46->46(86)
[4798.627s][info][gc,heap        ] GC(491) Old regions: 452->459
[4798.627s][info][gc,heap        ] GC(491) Humongous regions: 33->33
[4798.627s][info][gc,metaspace   ] GC(491) Metaspace: 35701K(37888K)->35701K(37888K) NonClass: 26697K(26944K)->26697K(26944K) Class: 9004K(10944K)->9004K(10944K)
[4798.627s][info][gc             ] GC(491) Pause Young (Normal) (G1 Evacuation Pause) 9332M->4271M(10240M) 149.888ms
[4798.627s][info][gc,cpu         ] GC(491) User=1.18s Sys=0.01s Real=0.15s
.....[4803.695s][info][gc,start       ] GC(492) Pause Young (Normal) (G1 Evacuation Pause)
[4803.695s][info][gc,task        ] GC(492) Using 8 workers of 8 for evacuation
[4803.841s][info][gc,phases      ] GC(492)   Pre Evacuate Collection Set: 0.28ms
[4803.841s][info][gc,phases      ] GC(492)   Merge Heap Roots: 0.52ms
[4803.841s][info][gc,phases      ] GC(492)   Evacuate Collection Set: 144.06ms
[4803.841s][info][gc,phases      ] GC(492)   Post Evacuate Collection Set: 1.14ms
[4803.841s][info][gc,phases      ] GC(492)   Other: 0.09ms
[4803.841s][info][gc,heap        ] GC(492) Eden regions: 632->0(629)
[4803.841s][info][gc,heap        ] GC(492) Survivor regions: 46->44(85)
[4803.841s][info][gc,heap        ] GC(492) Old regions: 459->466
[4803.841s][info][gc,heap        ] GC(492) Humongous regions: 33->33
[4803.841s][info][gc,metaspace   ] GC(492) Metaspace: 35701K(37888K)->35701K(37888K) NonClass: 26697K(26944K)->26697K(26944K) Class: 9004K(10944K)->9004K(10944K)
[4803.841s][info][gc             ] GC(492) Pause Young (Normal) (G1 Evacuation Pause) 9327M->4313M(10240M) 146.238ms
[4803.841s][info][gc,cpu         ] GC(492) User=1.15s Sys=0.01s Real=0.14s
.....[4808.818s][info][gc,start       ] GC(493) Pause Young (Normal) (G1 Evacuation Pause)
[4808.818s][info][gc,task        ] GC(493) Using 8 workers of 8 for evacuation
[4808.970s][info][gc,phases      ] GC(493)   Pre Evacuate Collection Set: 0.30ms
[4808.970s][info][gc,phases      ] GC(493)   Merge Heap Roots: 0.57ms
[4808.970s][info][gc,phases      ] GC(493)   Evacuate Collection Set: 150.39ms
[4808.970s][info][gc,phases      ] GC(493)   Post Evacuate Collection Set: 1.14ms
[4808.970s][info][gc,phases      ] GC(493)   Other: 0.06ms
[4808.970s][info][gc,heap        ] GC(493) Eden regions: 629->0(615)
[4808.970s][info][gc,heap        ] GC(493) Survivor regions: 44->51(85)
[4808.970s][info][gc,heap        ] GC(493) Old regions: 466->466
[4808.970s][info][gc,heap        ] GC(493) Humongous regions: 33->33
[4808.970s][info][gc,metaspace   ] GC(493) Metaspace: 35701K(37888K)->35701K(37888K) NonClass: 26697K(26944K)->26697K(26944K) Class: 9004K(10944K)->9004K(10944K)
[4808.970s][info][gc             ] GC(493) Pause Young (Normal) (G1 Evacuation Pause) 9345M->4365M(10240M) 152.597ms
[4808.970s][info][gc,cpu         ] GC(493) User=1.20s Sys=0.00s Real=0.15s
.....[4813.772s][info][gc,start       ] GC(494) Pause Young (Normal) (G1 Evacuation Pause)
[4813.772s][info][gc,task        ] GC(494) Using 8 workers of 8 for evacuation
[4813.929s][info][gc,phases      ] GC(494)   Pre Evacuate Collection Set: 0.28ms
[4813.929s][info][gc,phases      ] GC(494)   Merge Heap Roots: 0.52ms
[4813.929s][info][gc,phases      ] GC(494)   Evacuate Collection Set: 154.63ms
[4813.929s][info][gc,phases      ] GC(494)   Post Evacuate Collection Set: 1.12ms
[4813.929s][info][gc,phases      ] GC(494)   Other: 0.06ms
[4813.929s][info][gc,heap        ] GC(494) Eden regions: 615->0(619)
[4813.929s][info][gc,heap        ] GC(494) Survivor regions: 51->44(84)
[4813.929s][info][gc,heap        ] GC(494) Old regions: 466->476
[4813.929s][info][gc,heap        ] GC(494) Humongous regions: 33->33
[4813.929s][info][gc,metaspace   ] GC(494) Metaspace: 35701K(37888K)->35701K(37888K) NonClass: 26697K(26944K)->26697K(26944K) Class: 9004K(10944K)->9004K(10944K)
[4813.929s][info][gc             ] GC(494) Pause Young (Normal) (G1 Evacuation Pause) 9285M->4389M(10240M) 156.759ms
[4813.929s][info][gc,cpu         ] GC(494) User=1.23s Sys=0.00s Real=0.15s
.....[4818.916s][info][gc,start       ] GC(495) Pause Young (Normal) (G1 Evacuation Pause)
[4818.916s][info][gc,task        ] GC(495) Using 8 workers of 8 for evacuation
[4819.067s][info][gc,phases      ] GC(495)   Pre Evacuate Collection Set: 0.27ms
[4819.067s][info][gc,phases      ] GC(495)   Merge Heap Roots: 0.52ms
[4819.067s][info][gc,phases      ] GC(495)   Evacuate Collection Set: 148.81ms
[4819.067s][info][gc,phases      ] GC(495)   Post Evacuate Collection Set: 1.09ms
[4819.067s][info][gc,phases      ] GC(495)   Other: 0.07ms
[4819.067s][info][gc,heap        ] GC(495) Eden regions: 619->0(611)
[4819.067s][info][gc,heap        ] GC(495) Survivor regions: 44->45(83)
[4819.067s][info][gc,heap        ] GC(495) Old regions: 476->482
[4819.067s][info][gc,heap        ] GC(495) Humongous regions: 33->33
[4819.067s][info][gc,metaspace   ] GC(495) Metaspace: 35701K(37888K)->35701K(37888K) NonClass: 26697K(26944K)->26697K(26944K) Class: 9004K(10944K)->9004K(10944K)
[4819.067s][info][gc             ] GC(495) Pause Young (Normal) (G1 Evacuation Pause) 9341M->4448M(10240M) 150.893ms
[4819.067s][info][gc,cpu         ] GC(495) User=1.19s Sys=0.00s Real=0.15s
.....[4824.072s][info][gc,start       ] GC(496) Pause Young (Normal) (G1 Evacuation Pause)
[4824.072s][info][gc,task        ] GC(496) Using 8 workers of 8 for evacuation
[4824.222s][info][gc,phases      ] GC(496)   Pre Evacuate Collection Set: 0.28ms
[4824.222s][info][gc,phases      ] GC(496)   Merge Heap Roots: 0.56ms
[4824.222s][info][gc,phases      ] GC(496)   Evacuate Collection Set: 148.16ms
[4824.222s][info][gc,phases      ] GC(496)   Post Evacuate Collection Set: 1.08ms
[4824.222s][info][gc,phases      ] GC(496)   Other: 0.06ms
[4824.222s][info][gc,heap        ] GC(496) Eden regions: 611->0(602)
[4824.222s][info][gc,heap        ] GC(496) Survivor regions: 45->46(82)
[4824.222s][info][gc,heap        ] GC(496) Old regions: 482->489
[4824.222s][info][gc,heap        ] GC(496) Humongous regions: 33->33
[4824.222s][info][gc,metaspace   ] GC(496) Metaspace: 35701K(37888K)->35701K(37888K) NonClass: 26697K(26944K)->26697K(26944K) Class: 9004K(10944K)->9004K(10944K)
[4824.222s][info][gc             ] GC(496) Pause Young (Normal) (G1 Evacuation Pause) 9336M->4510M(10240M) 150.266ms
[4824.222s][info][gc,cpu         ] GC(496) User=1.18s Sys=0.00s Real=0.15s
.....[4828.969s][info][gc,start       ] GC(497) Pause Young (Normal) (G1 Evacuation Pause)
[4828.969s][info][gc,task        ] GC(497) Using 8 workers of 8 for evacuation
[4829.121s][info][gc,phases      ] GC(497)   Pre Evacuate Collection Set: 0.29ms
[4829.121s][info][gc,phases      ] GC(497)   Merge Heap Roots: 0.55ms
[4829.121s][info][gc,phases      ] GC(497)   Evacuate Collection Set: 149.95ms
[4829.121s][info][gc,phases      ] GC(497)   Post Evacuate Collection Set: 1.10ms
[4829.121s][info][gc,phases      ] GC(497)   Other: 0.07ms
[4829.121s][info][gc,heap        ] GC(497) Eden regions: 602->0(597)
[4829.121s][info][gc,heap        ] GC(497) Survivor regions: 46->45(81)
[4829.121s][info][gc,heap        ] GC(497) Old regions: 489->496
[4829.121s][info][gc,heap        ] GC(497) Humongous regions: 33->33
[4829.121s][info][gc,metaspace   ] GC(497) Metaspace: 35701K(37888K)->35701K(37888K) NonClass: 26697K(26944K)->26697K(26944K) Class: 9004K(10944K)->9004K(10944K)
[4829.121s][info][gc             ] GC(497) Pause Young (Normal) (G1 Evacuation Pause) 9326M->4562M(10240M) 152.094ms
[4829.121s][info][gc,cpu         ] GC(497) User=1.19s Sys=0.00s Real=0.15s
.....[4834.004s][info][gc,start       ] GC(498) Pause Young (Normal) (G1 Evacuation Pause)
[4834.004s][info][gc,task        ] GC(498) Using 8 workers of 8 for evacuation
[4834.153s][info][gc,phases      ] GC(498)   Pre Evacuate Collection Set: 0.30ms
[4834.153s][info][gc,phases      ] GC(498)   Merge Heap Roots: 0.53ms
[4834.153s][info][gc,phases      ] GC(498)   Evacuate Collection Set: 147.35ms
[4834.153s][info][gc,phases      ] GC(498)   Post Evacuate Collection Set: 1.11ms
[4834.153s][info][gc,phases      ] GC(498)   Other: 0.06ms
[4834.153s][info][gc,heap        ] GC(498) Eden regions: 597->0(592)
[4834.153s][info][gc,heap        ] GC(498) Survivor regions: 45->44(81)
[4834.153s][info][gc,heap        ] GC(498) Old regions: 496->503
[4834.153s][info][gc,heap        ] GC(498) Humongous regions: 33->33
[4834.153s][info][gc,metaspace   ] GC(498) Metaspace: 35701K(37888K)->35701K(37888K) NonClass: 26697K(26944K)->26697K(26944K) Class: 9004K(10944K)->9004K(10944K)
[4834.153s][info][gc             ] GC(498) Pause Young (Normal) (G1 Evacuation Pause) 9338M->4611M(10240M) 149.480ms
[4834.153s][info][gc,cpu         ] GC(498) User=1.17s Sys=0.00s Real=0.15s
.....[4838.813s][info][gc,start       ] GC(499) Pause Young (Normal) (G1 Evacuation Pause)
[4838.813s][info][gc,task        ] GC(499) Using 8 workers of 8 for evacuation
[4838.962s][info][gc,phases      ] GC(499)   Pre Evacuate Collection Set: 0.29ms
[4838.962s][info][gc,phases      ] GC(499)   Merge Heap Roots: 0.64ms
[4838.962s][info][gc,phases      ] GC(499)   Evacuate Collection Set: 146.52ms
[4838.962s][info][gc,phases      ] GC(499)   Post Evacuate Collection Set: 1.07ms
[4838.962s][info][gc,phases      ] GC(499)   Other: 0.07ms
[4838.962s][info][gc,heap        ] GC(499) Eden regions: 592->0(583)
[4838.962s][info][gc,heap        ] GC(499) Survivor regions: 44->45(80)
[4838.962s][info][gc,heap        ] GC(499) Old regions: 503->510
[4838.962s][info][gc,heap        ] GC(499) Humongous regions: 33->33
[4838.962s][info][gc,metaspace   ] GC(499) Metaspace: 35701K(37888K)->35701K(37888K) NonClass: 26697K(26944K)->26697K(26944K) Class: 9004K(10944K)->9004K(10944K)
[4838.962s][info][gc             ] GC(499) Pause Young (Normal) (G1 Evacuation Pause) 9347M->4670M(10240M) 148.747ms
[4838.962s][info][gc,cpu         ] GC(499) User=1.17s Sys=0.01s Real=0.15s
.....[4843.629s][info][gc,start       ] GC(500) Pause Young (Normal) (G1 Evacuation Pause)
[4843.629s][info][gc,task        ] GC(500) Using 8 workers of 8 for evacuation
[4843.779s][info][gc,phases      ] GC(500)   Pre Evacuate Collection Set: 0.28ms
[4843.779s][info][gc,phases      ] GC(500)   Merge Heap Roots: 0.53ms
[4843.779s][info][gc,phases      ] GC(500)   Evacuate Collection Set: 148.42ms
[4843.779s][info][gc,phases      ] GC(500)   Post Evacuate Collection Set: 1.07ms
[4843.779s][info][gc,phases      ] GC(500)   Other: 0.07ms
[4843.779s][info][gc,heap        ] GC(500) Eden regions: 583->0(576)
[4843.779s][info][gc,heap        ] GC(500) Survivor regions: 45->45(79)
[4843.779s][info][gc,heap        ] GC(500) Old regions: 510->517
[4843.779s][info][gc,heap        ] GC(500) Humongous regions: 33->33
[4843.779s][info][gc,metaspace   ] GC(500) Metaspace: 35701K(37888K)->35701K(37888K) NonClass: 26697K(26944K)->26697K(26944K) Class: 9004K(10944K)->9004K(10944K)
[4843.779s][info][gc             ] GC(500) Pause Young (Normal) (G1 Evacuation Pause) 9334M->4725M(10240M) 150.504ms
[4843.779s][info][gc,cpu         ] GC(500) User=1.19s Sys=0.00s Real=0.15s
....[4848.257s][info][gc,start       ] GC(501) Pause Young (Normal) (G1 Evacuation Pause)
[4848.257s][info][gc,task        ] GC(501) Using 8 workers of 8 for evacuation
[4848.400s][info][gc,phases      ] GC(501)   Pre Evacuate Collection Set: 0.29ms
[4848.400s][info][gc,phases      ] GC(501)   Merge Heap Roots: 0.51ms
[4848.400s][info][gc,phases      ] GC(501)   Evacuate Collection Set: 141.49ms
[4848.400s][info][gc,phases      ] GC(501)   Post Evacuate Collection Set: 1.05ms
[4848.400s][info][gc,phases      ] GC(501)   Other: 0.07ms
[4848.400s][info][gc,heap        ] GC(501) Eden regions: 576->0(571)
[4848.400s][info][gc,heap        ] GC(501) Survivor regions: 45->44(78)
[4848.400s][info][gc,heap        ] GC(501) Old regions: 517->524
[4848.400s][info][gc,heap        ] GC(501) Humongous regions: 33->33
[4848.400s][info][gc,metaspace   ] GC(501) Metaspace: 35701K(37888K)->35701K(37888K) NonClass: 26697K(26944K)->26697K(26944K) Class: 9004K(10944K)->9004K(10944K)
[4848.400s][info][gc             ] GC(501) Pause Young (Normal) (G1 Evacuation Pause) 9333M->4775M(10240M) 143.525ms
[4848.400s][info][gc,cpu         ] GC(501) User=1.13s Sys=0.00s Real=0.14s
.....[4852.878s][info][gc,start       ] GC(502) Pause Young (Normal) (G1 Evacuation Pause)
[4852.878s][info][gc,task        ] GC(502) Using 8 workers of 8 for evacuation
[4853.025s][info][gc,phases      ] GC(502)   Pre Evacuate Collection Set: 0.28ms
[4853.025s][info][gc,phases      ] GC(502)   Merge Heap Roots: 0.52ms
[4853.025s][info][gc,phases      ] GC(502)   Evacuate Collection Set: 144.57ms
[4853.025s][info][gc,phases      ] GC(502)   Post Evacuate Collection Set: 1.07ms
[4853.025s][info][gc,phases      ] GC(502)   Other: 0.06ms
[4853.025s][info][gc,heap        ] GC(502) Eden regions: 571->0(564)
[4853.025s][info][gc,heap        ] GC(502) Survivor regions: 44->44(77)
[4853.025s][info][gc,heap        ] GC(502) Old regions: 524->531
[4853.025s][info][gc,heap        ] GC(502) Humongous regions: 33->33
[4853.025s][info][gc,metaspace   ] GC(502) Metaspace: 35701K(37888K)->35701K(37888K) NonClass: 26697K(26944K)->26697K(26944K) Class: 9004K(10944K)->9004K(10944K)
[4853.025s][info][gc             ] GC(502) Pause Young (Normal) (G1 Evacuation Pause) 9343M->4832M(10240M) 146.653ms
[4853.025s][info][gc,cpu         ] GC(502) User=1.15s Sys=0.01s Real=0.15s
.... (rIR:aIR:PR = 8164:8196:8196) (tPR = 121043) [OK] 
  4856s: Performance info:
         Transaction,    Success,    Partial,     Failed,   Receipts, AvgBarcode, 
             Overall,     491989,          0,          0,     467545,      59.47, 
         Response times:
             Request,    Success,    Partial,     Failed,   SkipFail,     Probes,    Samples,      min,      p50,      p90,      p95,      p99,      max, 
       TotalPurchase,     467577,          0,          0,          0,     359447,     409689,      300,     5900,    13200,    28000,    84000,   387000,
     InStorePurchase,     246725,          0,          0,          0,     188171,     213999,      300,     5900,    13200,    28000,    84000,   387000,
      OnlinePurchase,     171899,          0,          0,          0,     132817,     151632,      400,     5900,    13300,    27000,    83000,   387000,
        InstPurchase,      48953,          0,          0,          0,      38459,      44058,      500,     5900,    13100,    29000,    84000,   386000,
          AssocOfCat,        493,          0,          0,          0,        409,        562,    32000,    47000,    72000,   100850,   184740,   206000,
      AssocOfProduct,       4891,          0,          0,          0,       3458,       4141,      600,     6200,    13280,    32000,    84160,   186000,
      BusinessReport,       1229,          0,          0,          0,       1067,       1351,    29000,    54000,    78000,   120800,   221000,   374000,
          CustBuyBeh,       4910,          0,          0,          0,       3448,       4163,      300,     6300,    12960,    33000,    93000,   212000,
       ProductReturn,      12915,          0,          0,          0,      10049,      11750,      200,     5400,    12900,    29000,    82000,   345000,

  4856s: (60%)   IR =   8302 [4857.509s][info][gc,start       ] GC(503) Pause Young (Normal) (G1 Evacuation Pause)
[4857.509s][info][gc,task        ] GC(503) Using 8 workers of 8 for evacuation
[4857.651s][info][gc,phases      ] GC(503)   Pre Evacuate Collection Set: 0.28ms
[4857.651s][info][gc,phases      ] GC(503)   Merge Heap Roots: 0.52ms
[4857.651s][info][gc,phases      ] GC(503)   Evacuate Collection Set: 139.95ms
[4857.651s][info][gc,phases      ] GC(503)   Post Evacuate Collection Set: 1.05ms
[4857.651s][info][gc,phases      ] GC(503)   Other: 0.07ms
[4857.651s][info][gc,heap        ] GC(503) Eden regions: 564->0(559)
[4857.651s][info][gc,heap        ] GC(503) Survivor regions: 44->43(76)
[4857.651s][info][gc,heap        ] GC(503) Old regions: 531->538
[4857.651s][info][gc,heap        ] GC(503) Humongous regions: 33->33
[4857.651s][info][gc,metaspace   ] GC(503) Metaspace: 35701K(37888K)->35701K(37888K) NonClass: 26697K(26944K)->26697K(26944K) Class: 9004K(10944K)->9004K(10944K)
[4857.651s][info][gc             ] GC(503) Pause Young (Normal) (G1 Evacuation Pause) 9344M->4879M(10240M) 141.999ms
[4857.651s][info][gc,cpu         ] GC(503) User=1.12s Sys=0.00s Real=0.14s
.....[4862.009s][info][gc,start       ] GC(504) Pause Young (Normal) (G1 Evacuation Pause)
[4862.009s][info][gc,task        ] GC(504) Using 8 workers of 8 for evacuation
[4862.157s][info][gc,phases      ] GC(504)   Pre Evacuate Collection Set: 0.26ms
[4862.157s][info][gc,phases      ] GC(504)   Merge Heap Roots: 0.51ms
[4862.157s][info][gc,phases      ] GC(504)   Evacuate Collection Set: 146.08ms
[4862.157s][info][gc,phases      ] GC(504)   Post Evacuate Collection Set: 1.01ms
[4862.157s][info][gc,phases      ] GC(504)   Other: 0.08ms
[4862.157s][info][gc,heap        ] GC(504) Eden regions: 559->0(549)
[4862.157s][info][gc,heap        ] GC(504) Survivor regions: 43->44(76)
[4862.157s][info][gc,heap        ] GC(504) Old regions: 538->546
[4862.157s][info][gc,heap        ] GC(504) Humongous regions: 33->33
[4862.157s][info][gc,metaspace   ] GC(504) Metaspace: 35701K(37888K)->35701K(37888K) NonClass: 26697K(26944K)->26697K(26944K) Class: 9004K(10944K)->9004K(10944K)
[4862.157s][info][gc             ] GC(504) Pause Young (Normal) (G1 Evacuation Pause) 9351M->4953M(10240M) 148.088ms
[4862.157s][info][gc,cpu         ] GC(504) User=1.17s Sys=0.00s Real=0.15s
....[4866.494s][info][gc,start       ] GC(505) Pause Young (Concurrent Start) (G1 Evacuation Pause)
[4866.494s][info][gc,task        ] GC(505) Using 8 workers of 8 for evacuation
[4866.639s][info][gc,phases      ] GC(505)   Pre Evacuate Collection Set: 0.33ms
[4866.639s][info][gc,phases      ] GC(505)   Merge Heap Roots: 0.49ms
[4866.639s][info][gc,phases      ] GC(505)   Evacuate Collection Set: 143.45ms
[4866.639s][info][gc,phases      ] GC(505)   Post Evacuate Collection Set: 1.03ms
[4866.640s][info][gc,phases      ] GC(505)   Other: 0.09ms
[4866.640s][info][gc,heap        ] GC(505) Eden regions: 549->0(543)
[4866.640s][info][gc,heap        ] GC(505) Survivor regions: 44->43(75)
[4866.640s][info][gc,heap        ] GC(505) Old regions: 546->554
[4866.640s][info][gc,heap        ] GC(505) Humongous regions: 33->33
[4866.640s][info][gc,metaspace   ] GC(505) Metaspace: 35701K(37888K)->35701K(37888K) NonClass: 26697K(26944K)->26697K(26944K) Class: 9004K(10944K)->9004K(10944K)
[4866.640s][info][gc             ] GC(505) Pause Young (Concurrent Start) (G1 Evacuation Pause) 9345M->5002M(10240M) 145.513ms
[4866.640s][info][gc             ] GC(506) Concurrent Mark Cycle
[4866.640s][info][gc,marking     ] GC(506) Concurrent Scan Root Regions
[4866.640s][info][gc,cpu         ] GC(505) User=1.14s Sys=0.00s Real=0.14s
.[4867.022s][info][gc,marking     ] GC(506) Concurrent Scan Root Regions 382.178ms
[4867.022s][info][gc,marking     ] GC(506) Concurrent Mark
[4867.022s][info][gc,marking     ] GC(506) Concurrent Mark From Roots
[4867.022s][info][gc,task        ] GC(506) Using 2 workers of 2 for marking
.[4868.230s][info][gc,marking     ] GC(506) Concurrent Mark From Roots 1207.815ms
[4868.230s][info][gc,marking     ] GC(506) Concurrent Preclean
[4868.230s][info][gc,marking     ] GC(506) Concurrent Preclean 0.408ms
[4868.230s][info][gc,start       ] GC(506) Pause Remark
[4868.233s][info][gc             ] GC(506) Pause Remark 6699M->5907M(10240M) 3.011ms
[4868.233s][info][gc,cpu         ] GC(506) User=0.02s Sys=0.00s Real=0.01s
[4868.233s][info][gc,marking     ] GC(506) Concurrent Mark 1211.562ms
[4868.233s][info][gc,marking     ] GC(506) Concurrent Rebuild Remembered Sets and Scrub Regions
.|[4868.740s][info][gc,marking     ] GC(506) Concurrent Rebuild Remembered Sets and Scrub Regions 506.973ms
[4868.741s][info][gc,start       ] GC(506) Pause Cleanup
[4868.741s][info][gc             ] GC(506) Pause Cleanup 6395M->6395M(10240M) 0.415ms
[4868.741s][info][gc,cpu         ] GC(506) User=0.00s Sys=0.01s Real=0.00s
[4868.741s][info][gc,marking     ] GC(506) Concurrent Clear Claimed Marks
[4868.741s][info][gc,marking     ] GC(506) Concurrent Clear Claimed Marks 0.051ms
[4868.741s][info][gc,marking     ] GC(506) Concurrent Cleanup for Next Mark
[4868.754s][info][gc,marking     ] GC(506) Concurrent Cleanup for Next Mark 13.208ms
[4868.754s][info][gc             ] GC(506) Concurrent Mark Cycle 2114.856ms
..[4870.891s][info][gc,start       ] GC(507) Pause Young (Prepare Mixed) (G1 Evacuation Pause)
[4870.891s][info][gc,task        ] GC(507) Using 8 workers of 8 for evacuation
[4871.034s][info][gc,phases      ] GC(507)   Pre Evacuate Collection Set: 0.29ms
[4871.034s][info][gc,phases      ] GC(507)   Merge Heap Roots: 0.70ms
[4871.034s][info][gc,phases      ] GC(507)   Evacuate Collection Set: 140.26ms
[4871.034s][info][gc,phases      ] GC(507)   Post Evacuate Collection Set: 1.13ms
[4871.034s][info][gc,phases      ] GC(507)   Other: 0.07ms
[4871.034s][info][gc,heap        ] GC(507) Eden regions: 543->0(637)
[4871.034s][info][gc,heap        ] GC(507) Survivor regions: 43->42(74)
[4871.034s][info][gc,heap        ] GC(507) Old regions: 455->462
[4871.034s][info][gc,heap        ] GC(507) Humongous regions: 33->33
[4871.034s][info][gc,metaspace   ] GC(507) Metaspace: 35701K(37888K)->35701K(37888K) NonClass: 26697K(26944K)->26697K(26944K) Class: 9004K(10944K)->9004K(10944K)
[4871.034s][info][gc             ] GC(507) Pause Young (Prepare Mixed) (G1 Evacuation Pause) 8554M->4265M(10240M) 142.566ms
[4871.034s][info][gc,cpu         ] GC(507) User=1.12s Sys=0.00s Real=0.15s
.....[4876.040s][info][gc,start       ] GC(508) Pause Young (Mixed) (G1 Evacuation Pause)
[4876.040s][info][gc,task        ] GC(508) Using 8 workers of 8 for evacuation
[4876.190s][info][gc,phases      ] GC(508)   Pre Evacuate Collection Set: 0.34ms
[4876.190s][info][gc,phases      ] GC(508)   Merge Heap Roots: 0.71ms
[4876.190s][info][gc,phases      ] GC(508)   Evacuate Collection Set: 147.05ms
[4876.190s][info][gc,phases      ] GC(508)   Post Evacuate Collection Set: 1.40ms
[4876.190s][info][gc,phases      ] GC(508)   Other: 0.09ms
[4876.190s][info][gc,heap        ] GC(508) Eden regions: 637->0(718)
[4876.190s][info][gc,heap        ] GC(508) Survivor regions: 42->50(85)
[4876.190s][info][gc,heap        ] GC(508) Old regions: 462->335
[4876.190s][info][gc,heap        ] GC(508) Humongous regions: 33->33
[4876.190s][info][gc,metaspace   ] GC(508) Metaspace: 35701K(37888K)->35701K(37888K) NonClass: 26697K(26944K)->26697K(26944K) Class: 9004K(10944K)->9004K(10944K)
[4876.190s][info][gc             ] GC(508) Pause Young (Mixed) (G1 Evacuation Pause) 9361M->3316M(10240M) 149.722ms
[4876.190s][info][gc,cpu         ] GC(508) User=1.18s Sys=0.00s Real=0.15s
......[4881.898s][info][gc,start       ] GC(509) Pause Young (Mixed) (G1 Evacuation Pause)
[4881.898s][info][gc,task        ] GC(509) Using 8 workers of 8 for evacuation
[4882.061s][info][gc,phases      ] GC(509)   Pre Evacuate Collection Set: 0.31ms
[4882.061s][info][gc,phases      ] GC(509)   Merge Heap Roots: 0.73ms
[4882.061s][info][gc,phases      ] GC(509)   Evacuate Collection Set: 159.36ms
[4882.061s][info][gc,phases      ] GC(509)   Merge Optional Heap Roots: 0.06ms
[4882.061s][info][gc,phases      ] GC(509)   Evacuate Optional Collection Set: 0.73ms
[4882.061s][info][gc,phases      ] GC(509)   Post Evacuate Collection Set: 1.64ms
[4882.061s][info][gc,phases      ] GC(509)   Other: 0.10ms
[4882.061s][info][gc,heap        ] GC(509) Eden regions: 718->0(693)
[4882.061s][info][gc,heap        ] GC(509) Survivor regions: 50->54(96)
[4882.061s][info][gc,heap        ] GC(509) Old regions: 335->208
[4882.061s][info][gc,heap        ] GC(509) Humongous regions: 33->33
[4882.061s][info][gc,metaspace   ] GC(509) Metaspace: 35701K(37888K)->35701K(37888K) NonClass: 26697K(26944K)->26697K(26944K) Class: 9004K(10944K)->9004K(10944K)
[4882.061s][info][gc             ] GC(509) Pause Young (Mixed) (G1 Evacuation Pause) 9060M->2325M(10240M) 163.080ms
[4882.061s][info][gc,cpu         ] GC(509) User=1.28s Sys=0.00s Real=0.16s
.....[4887.411s][info][gc,start       ] GC(510) Pause Young (Mixed) (G1 Evacuation Pause)
[4887.412s][info][gc,task        ] GC(510) Using 8 workers of 8 for evacuation
[4887.585s][info][gc,phases      ] GC(510)   Pre Evacuate Collection Set: 0.30ms
[4887.585s][info][gc,phases      ] GC(510)   Merge Heap Roots: 0.86ms
[4887.585s][info][gc,phases      ] GC(510)   Evacuate Collection Set: 170.84ms
[4887.585s][info][gc,phases      ] GC(510)   Post Evacuate Collection Set: 1.33ms
[4887.585s][info][gc,phases      ] GC(510)   Other: 0.10ms
[4887.585s][info][gc,heap        ] GC(510) Eden regions: 682->0(679)
[4887.585s][info][gc,heap        ] GC(510) Survivor regions: 54->53(92)
[4887.585s][info][gc,heap        ] GC(510) Old regions: 208->171
[4887.585s][info][gc,heap        ] GC(510) Humongous regions: 33->33
[4887.585s][info][gc,metaspace   ] GC(510) Metaspace: 35701K(37888K)->35701K(37888K) NonClass: 26697K(26944K)->26697K(26944K) Class: 9004K(10944K)->9004K(10944K)
[4887.585s][info][gc             ] GC(510) Pause Young (Mixed) (G1 Evacuation Pause) 7781M->2027M(10240M) 173.565ms
[4887.585s][info][gc,cpu         ] GC(510) User=1.36s Sys=0.00s Real=0.18s
......[4893.051s][info][gc,start       ] GC(511) Pause Young (Mixed) (G1 Evacuation Pause)
[4893.051s][info][gc,task        ] GC(511) Using 8 workers of 8 for evacuation
[4893.216s][info][gc,phases      ] GC(511)   Pre Evacuate Collection Set: 0.30ms
[4893.216s][info][gc,phases      ] GC(511)   Merge Heap Roots: 0.84ms
[4893.216s][info][gc,phases      ] GC(511)   Evacuate Collection Set: 162.78ms
[4893.216s][info][gc,phases      ] GC(511)   Post Evacuate Collection Set: 1.24ms
[4893.216s][info][gc,phases      ] GC(511)   Other: 0.07ms
[4893.216s][info][gc,heap        ] GC(511) Eden regions: 692->0(716)
[4893.216s][info][gc,heap        ] GC(511) Survivor regions: 53->52(94)
[4893.216s][info][gc,heap        ] GC(511) Old regions: 171->149
[4893.216s][info][gc,heap        ] GC(511) Humongous regions: 33->33
[4893.216s][info][gc,metaspace   ] GC(511) Metaspace: 35701K(37888K)->35701K(37888K) NonClass: 26697K(26944K)->26697K(26944K) Class: 9004K(10944K)->9004K(10944K)
[4893.216s][info][gc             ] GC(511) Pause Young (Mixed) (G1 Evacuation Pause) 7563M->1833M(10240M) 165.374ms
[4893.216s][info][gc,cpu         ] GC(511) User=1.30s Sys=0.00s Real=0.17s
......[4898.776s][info][gc,start       ] GC(512) Pause Young (Normal) (G1 Evacuation Pause)
[4898.776s][info][gc,task        ] GC(512) Using 8 workers of 8 for evacuation
[4898.938s][info][gc,phases      ] GC(512)   Pre Evacuate Collection Set: 0.29ms
[4898.938s][info][gc,phases      ] GC(512)   Merge Heap Roots: 0.68ms
[4898.938s][info][gc,phases      ] GC(512)   Evacuate Collection Set: 159.66ms
[4898.938s][info][gc,phases      ] GC(512)   Post Evacuate Collection Set: 1.13ms
[4898.938s][info][gc,phases      ] GC(512)   Other: 0.07ms
[4898.938s][info][gc,heap        ] GC(512) Eden regions: 716->0(716)
[4898.938s][info][gc,heap        ] GC(512) Survivor regions: 52->52(96)
[4898.938s][info][gc,heap        ] GC(512) Old regions: 149->152
[4898.938s][info][gc,heap        ] GC(512) Humongous regions: 33->33
[4898.938s][info][gc,metaspace   ] GC(512) Metaspace: 35701K(37888K)->35701K(37888K) NonClass: 26697K(26944K)->26697K(26944K) Class: 9004K(10944K)->9004K(10944K)
[4898.938s][info][gc             ] GC(512) Pause Young (Normal) (G1 Evacuation Pause) 7561M->1860M(10240M) 161.963ms
[4898.938s][info][gc,cpu         ] GC(512) User=1.27s Sys=0.01s Real=0.16s
.....[4904.625s][info][gc,start       ] GC(513) Pause Young (Normal) (G1 Evacuation Pause)
[4904.625s][info][gc,task        ] GC(513) Using 8 workers of 8 for evacuation
[4904.785s][info][gc,phases      ] GC(513)   Pre Evacuate Collection Set: 0.28ms
[4904.785s][info][gc,phases      ] GC(513)   Merge Heap Roots: 0.57ms
[4904.785s][info][gc,phases      ] GC(513)   Evacuate Collection Set: 157.91ms
[4904.785s][info][gc,phases      ] GC(513)   Post Evacuate Collection Set: 1.25ms
[4904.785s][info][gc,phases      ] GC(513)   Other: 0.07ms
[4904.785s][info][gc,heap        ] GC(513) Eden regions: 716->0(716)
[4904.785s][info][gc,heap        ] GC(513) Survivor regions: 52->52(96)
[4904.785s][info][gc,heap        ] GC(513) Old regions: 152->154
[4904.785s][info][gc,heap        ] GC(513) Humongous regions: 33->33
[4904.785s][info][gc,metaspace   ] GC(513) Metaspace: 35701K(37888K)->35701K(37888K) NonClass: 26697K(26944K)->26697K(26944K) Class: 9004K(10944K)->9004K(10944K)
[4904.785s][info][gc             ] GC(513) Pause Young (Normal) (G1 Evacuation Pause) 7588M->1881M(10240M) 160.224ms
[4904.785s][info][gc,cpu         ] GC(513) User=1.26s Sys=0.00s Real=0.16s
......[4910.511s][info][gc,start       ] GC(514) Pause Young (Normal) (G1 Evacuation Pause)
[4910.511s][info][gc,task        ] GC(514) Using 8 workers of 8 for evacuation
[4910.674s][info][gc,phases      ] GC(514)   Pre Evacuate Collection Set: 0.29ms
[4910.674s][info][gc,phases      ] GC(514)   Merge Heap Roots: 0.55ms
[4910.674s][info][gc,phases      ] GC(514)   Evacuate Collection Set: 160.68ms
[4910.674s][info][gc,phases      ] GC(514)   Post Evacuate Collection Set: 1.22ms
[4910.674s][info][gc,phases      ] GC(514)   Other: 0.06ms
[4910.674s][info][gc,heap        ] GC(514) Eden regions: 716->0(716)
[4910.674s][info][gc,heap        ] GC(514) Survivor regions: 52->52(96)
[4910.674s][info][gc,heap        ] GC(514) Old regions: 154->157
[4910.674s][info][gc,heap        ] GC(514) Humongous regions: 33->33
[4910.674s][info][gc,metaspace   ] GC(514) Metaspace: 35701K(37888K)->35701K(37888K) NonClass: 26697K(26944K)->26697K(26944K) Class: 9004K(10944K)->9004K(10944K)
[4910.674s][info][gc             ] GC(514) Pause Young (Normal) (G1 Evacuation Pause) 7609M->1897M(10240M) 162.940ms
[4910.674s][info][gc,cpu         ] GC(514) User=1.28s Sys=0.00s Real=0.17s
......[4916.344s][info][gc,start       ] GC(515) Pause Young (Normal) (G1 Evacuation Pause)
[4916.344s][info][gc,task        ] GC(515) Using 8 workers of 8 for evacuation
[4916.505s][info][gc,phases      ] GC(515)   Pre Evacuate Collection Set: 0.29ms
[4916.505s][info][gc,phases      ] GC(515)   Merge Heap Roots: 0.55ms
[4916.505s][info][gc,phases      ] GC(515)   Evacuate Collection Set: 158.80ms
[4916.505s][info][gc,phases      ] GC(515)   Post Evacuate Collection Set: 1.22ms
[4916.505s][info][gc,phases      ] GC(515)   Other: 0.07ms
[4916.505s][info][gc,heap        ] GC(515) Eden regions: 716->0(716)
[4916.505s][info][gc,heap        ] GC(515) Survivor regions: 52->52(96)
[4916.505s][info][gc,heap        ] GC(515) Old regions: 157->159
[4916.505s][info][gc,heap        ] GC(515) Humongous regions: 33->33
[4916.505s][info][gc,metaspace   ] GC(515) Metaspace: 35701K(37888K)->35701K(37888K) NonClass: 26697K(26944K)->26697K(26944K) Class: 9004K(10944K)->9004K(10944K)
[4916.505s][info][gc             ] GC(515) Pause Young (Normal) (G1 Evacuation Pause) 7625M->1922M(10240M) 161.067ms
[4916.505s][info][gc,cpu         ] GC(515) User=1.27s Sys=0.00s Real=0.16s
......[4922.074s][info][gc,start       ] GC(516) Pause Young (Normal) (G1 Evacuation Pause)
[4922.074s][info][gc,task        ] GC(516) Using 8 workers of 8 for evacuation
[4922.237s][info][gc,phases      ] GC(516)   Pre Evacuate Collection Set: 0.29ms
[4922.237s][info][gc,phases      ] GC(516)   Merge Heap Roots: 0.58ms
[4922.237s][info][gc,phases      ] GC(516)   Evacuate Collection Set: 160.44ms
[4922.237s][info][gc,phases      ] GC(516)   Post Evacuate Collection Set: 1.25ms
[4922.237s][info][gc,phases      ] GC(516)   Other: 0.09ms
[4922.237s][info][gc,heap        ] GC(516) Eden regions: 716->0(715)
[4922.237s][info][gc,heap        ] GC(516) Survivor regions: 52->53(96)
[4922.237s][info][gc,heap        ] GC(516) Old regions: 159->162
[4922.237s][info][gc,heap        ] GC(516) Humongous regions: 33->33
[4922.237s][info][gc,metaspace   ] GC(516) Metaspace: 35701K(37888K)->35701K(37888K) NonClass: 26697K(26944K)->26697K(26944K) Class: 9004K(10944K)->9004K(10944K)
[4922.237s][info][gc             ] GC(516) Pause Young (Normal) (G1 Evacuation Pause) 7650M->1947M(10240M) 162.813ms
[4922.237s][info][gc,cpu         ] GC(516) User=1.28s Sys=0.00s Real=0.16s
......[4927.824s][info][gc,start       ] GC(517) Pause Young (Normal) (G1 Evacuation Pause)
[4927.824s][info][gc,task        ] GC(517) Using 8 workers of 8 for evacuation
[4927.986s][info][gc,phases      ] GC(517)   Pre Evacuate Collection Set: 0.30ms
[4927.986s][info][gc,phases      ] GC(517)   Merge Heap Roots: 0.61ms
[4927.986s][info][gc,phases      ] GC(517)   Evacuate Collection Set: 160.09ms
[4927.986s][info][gc,phases      ] GC(517)   Post Evacuate Collection Set: 1.21ms
[4927.986s][info][gc,phases      ] GC(517)   Other: 0.07ms
[4927.986s][info][gc,heap        ] GC(517) Eden regions: 715->0(715)
[4927.986s][info][gc,heap        ] GC(517) Survivor regions: 53->53(96)
[4927.986s][info][gc,heap        ] GC(517) Old regions: 162->164
[4927.986s][info][gc,heap        ] GC(517) Humongous regions: 33->33
[4927.986s][info][gc,metaspace   ] GC(517) Metaspace: 35701K(37888K)->35701K(37888K) NonClass: 26697K(26944K)->26697K(26944K) Class: 9004K(10944K)->9004K(10944K)
[4927.986s][info][gc             ] GC(517) Pause Young (Normal) (G1 Evacuation Pause) 7667M->1967M(10240M) 162.410ms
[4927.986s][info][gc,cpu         ] GC(517) User=1.27s Sys=0.00s Real=0.16s
. (rIR:aIR:PR = 8302:8286:8283) (tPR = 123876) [OK] 
  4928s: Performance info:
         Transaction,    Success,    Partial,     Failed,   Receipts, AvgBarcode, 
             Overall,     498162,          0,          0,     473229,      59.48, 
         Response times:
             Request,    Success,    Partial,     Failed,   SkipFail,     Probes,    Samples,      min,      p50,      p90,      p95,      p99,      max, 
       TotalPurchase,     473316,          0,          0,          0,     357818,     435178,      300,     6000,    15000,    37000,    98000,   487000,
     InStorePurchase,     248154,          0,          0,          0,     188233,     228446,      300,     6000,    15200,    38000,   104000,   487000,
      OnlinePurchase,     174995,          0,          0,          0,     131714,     160353,      300,     5900,    14800,    36000,    91000,   486000,
        InstPurchase,      50167,          0,          0,          0,      37871,      46379,      500,     6100,    14900,    36000,    95000,   485000,
          AssocOfCat,        498,          0,          0,          0,        420,        594,    30000,    49000,    76000,   123000,   201050,   247000,
      AssocOfProduct,       5014,          0,          0,          0,       3557,       4524,      800,     6600,    15400,    37000,   100750,   501000,
      BusinessReport,       1248,          0,          0,          0,       1085,       1460,    33000,    57000,    91000,   129000,   208390,   324000,
          CustBuyBeh,       4996,          0,          0,          0,       3526,       4492,      200,     5500,    13500,    35000,    94000,   344000,
       ProductReturn,      13221,          0,          0,          0,       9091,      11409,      200,     6000,    14800,    39000,    98900,   499000,

  4928s: (61%)   IR =   8441 ....[4933.578s][info][gc,start       ] GC(518) Pause Young (Normal) (G1 Evacuation Pause)
[4933.578s][info][gc,task        ] GC(518) Using 8 workers of 8 for evacuation
[4933.737s][info][gc,phases      ] GC(518)   Pre Evacuate Collection Set: 0.32ms
[4933.737s][info][gc,phases      ] GC(518)   Merge Heap Roots: 0.63ms
[4933.737s][info][gc,phases      ] GC(518)   Evacuate Collection Set: 156.28ms
[4933.737s][info][gc,phases      ] GC(518)   Post Evacuate Collection Set: 1.23ms
[4933.737s][info][gc,phases      ] GC(518)   Other: 0.06ms
[4933.737s][info][gc,heap        ] GC(518) Eden regions: 715->0(716)
[4933.737s][info][gc,heap        ] GC(518) Survivor regions: 53->52(96)
[4933.737s][info][gc,heap        ] GC(518) Old regions: 164->167
[4933.737s][info][gc,heap        ] GC(518) Humongous regions: 33->33
[4933.737s][info][gc,metaspace   ] GC(518) Metaspace: 35701K(37888K)->35701K(37888K) NonClass: 26697K(26944K)->26697K(26944K) Class: 9004K(10944K)->9004K(10944K)
[4933.737s][info][gc             ] GC(518) Pause Young (Normal) (G1 Evacuation Pause) 7687M->1979M(10240M) 158.666ms
[4933.737s][info][gc,cpu         ] GC(518) User=1.24s Sys=0.00s Real=0.16s
......[4939.323s][info][gc,start       ] GC(519) Pause Young (Normal) (G1 Evacuation Pause)
[4939.323s][info][gc,task        ] GC(519) Using 8 workers of 8 for evacuation
[4939.484s][info][gc,phases      ] GC(519)   Pre Evacuate Collection Set: 0.28ms
[4939.484s][info][gc,phases      ] GC(519)   Merge Heap Roots: 0.54ms
[4939.484s][info][gc,phases      ] GC(519)   Evacuate Collection Set: 158.33ms
[4939.484s][info][gc,phases      ] GC(519)   Post Evacuate Collection Set: 1.30ms
[4939.484s][info][gc,phases      ] GC(519)   Other: 0.07ms
[4939.484s][info][gc,heap        ] GC(519) Eden regions: 716->0(717)
[4939.484s][info][gc,heap        ] GC(519) Survivor regions: 52->51(96)
[4939.484s][info][gc,heap        ] GC(519) Old regions: 167->170
[4939.484s][info][gc,heap        ] GC(519) Humongous regions: 33->33
[4939.484s][info][gc,metaspace   ] GC(519) Metaspace: 35701K(37888K)->35701K(37888K) NonClass: 26697K(26944K)->26697K(26944K) Class: 9004K(10944K)->9004K(10944K)
[4939.484s][info][gc             ] GC(519) Pause Young (Normal) (G1 Evacuation Pause) 7707M->1996M(10240M) 160.652ms
[4939.484s][info][gc,cpu         ] GC(519) User=1.27s Sys=0.00s Real=0.16s
......[4945.050s][info][gc,start       ] GC(520) Pause Young (Normal) (G1 Evacuation Pause)
[4945.050s][info][gc,task        ] GC(520) Using 8 workers of 8 for evacuation
[4945.211s][info][gc,phases      ] GC(520)   Pre Evacuate Collection Set: 0.31ms
[4945.211s][info][gc,phases      ] GC(520)   Merge Heap Roots: 0.53ms
[4945.211s][info][gc,phases      ] GC(520)   Evacuate Collection Set: 158.59ms
[4945.211s][info][gc,phases      ] GC(520)   Post Evacuate Collection Set: 1.23ms
[4945.211s][info][gc,phases      ] GC(520)   Other: 0.06ms
[4945.211s][info][gc,heap        ] GC(520) Eden regions: 717->0(715)
[4945.211s][info][gc,heap        ] GC(520) Survivor regions: 51->53(96)
[4945.211s][info][gc,heap        ] GC(520) Old regions: 170->172
[4945.211s][info][gc,heap        ] GC(520) Humongous regions: 33->33
[4945.211s][info][gc,metaspace   ] GC(520) Metaspace: 35701K(37888K)->35701K(37888K) NonClass: 26697K(26944K)->26697K(26944K) Class: 9004K(10944K)->9004K(10944K)
[4945.211s][info][gc             ] GC(520) Pause Young (Normal) (G1 Evacuation Pause) 7732M->2033M(10240M) 160.847ms
[4945.211s][info][gc,cpu         ] GC(520) User=1.26s Sys=0.00s Real=0.16s
.....[4950.771s][info][gc,start       ] GC(521) Pause Young (Normal) (G1 Evacuation Pause)
[4950.771s][info][gc,task        ] GC(521) Using 8 workers of 8 for evacuation
[4950.932s][info][gc,phases      ] GC(521)   Pre Evacuate Collection Set: 0.31ms
[4950.932s][info][gc,phases      ] GC(521)   Merge Heap Roots: 0.60ms
[4950.932s][info][gc,phases      ] GC(521)   Evacuate Collection Set: 159.13ms
[4950.932s][info][gc,phases      ] GC(521)   Post Evacuate Collection Set: 1.22ms
[4950.932s][info][gc,phases      ] GC(521)   Other: 0.08ms
[4950.932s][info][gc,heap        ] GC(521) Eden regions: 715->0(715)
[4950.932s][info][gc,heap        ] GC(521) Survivor regions: 53->53(96)
[4950.932s][info][gc,heap        ] GC(521) Old regions: 172->175
[4950.932s][info][gc,heap        ] GC(521) Humongous regions: 33->33
[4950.932s][info][gc,metaspace   ] GC(521) Metaspace: 35701K(37888K)->35701K(37888K) NonClass: 26697K(26944K)->26697K(26944K) Class: 9004K(10944K)->9004K(10944K)
[4950.932s][info][gc             ] GC(521) Pause Young (Normal) (G1 Evacuation Pause) 7753M->2050M(10240M) 161.471ms
[4950.932s][info][gc,cpu         ] GC(521) User=1.27s Sys=0.00s Real=0.17s
.....|.[4956.457s][info][gc,start       ] GC(522) Pause Young (Normal) (G1 Evacuation Pause)
[4956.457s][info][gc,task        ] GC(522) Using 8 workers of 8 for evacuation
[4956.614s][info][gc,phases      ] GC(522)   Pre Evacuate Collection Set: 0.30ms
[4956.614s][info][gc,phases      ] GC(522)   Merge Heap Roots: 0.57ms
[4956.614s][info][gc,phases      ] GC(522)   Evacuate Collection Set: 155.47ms
[4956.614s][info][gc,phases      ] GC(522)   Post Evacuate Collection Set: 1.24ms
[4956.614s][info][gc,phases      ] GC(522)   Other: 0.06ms
[4956.614s][info][gc,heap        ] GC(522) Eden regions: 715->0(716)
[4956.614s][info][gc,heap        ] GC(522) Survivor regions: 53->52(96)
[4956.614s][info][gc,heap        ] GC(522) Old regions: 175->177
[4956.614s][info][gc,heap        ] GC(522) Humongous regions: 33->33
[4956.614s][info][gc,metaspace   ] GC(522) Metaspace: 35701K(37888K)->35701K(37888K) NonClass: 26697K(26944K)->26697K(26944K) Class: 9004K(10944K)->9004K(10944K)
[4956.614s][info][gc             ] GC(522) Pause Young (Normal) (G1 Evacuation Pause) 7770M->2064M(10240M) 157.786ms
[4956.614s][info][gc,cpu         ] GC(522) User=1.24s Sys=0.00s Real=0.16s
......[4962.116s][info][gc,start       ] GC(523) Pause Young (Normal) (G1 Evacuation Pause)
[4962.116s][info][gc,task        ] GC(523) Using 8 workers of 8 for evacuation
[4962.276s][info][gc,phases      ] GC(523)   Pre Evacuate Collection Set: 0.30ms
[4962.276s][info][gc,phases      ] GC(523)   Merge Heap Roots: 0.60ms
[4962.276s][info][gc,phases      ] GC(523)   Evacuate Collection Set: 157.83ms
[4962.276s][info][gc,phases      ] GC(523)   Post Evacuate Collection Set: 1.25ms
[4962.276s][info][gc,phases      ] GC(523)   Other: 0.07ms
[4962.276s][info][gc,heap        ] GC(523) Eden regions: 716->0(716)
[4962.276s][info][gc,heap        ] GC(523) Survivor regions: 52->52(96)
[4962.276s][info][gc,heap        ] GC(523) Old regions: 177->180
[4962.276s][info][gc,heap        ] GC(523) Humongous regions: 33->33
[4962.276s][info][gc,metaspace   ] GC(523) Metaspace: 35701K(37888K)->35701K(37888K) NonClass: 26697K(26944K)->26697K(26944K) Class: 9004K(10944K)->9004K(10944K)
[4962.276s][info][gc             ] GC(523) Pause Young (Normal) (G1 Evacuation Pause) 7792M->2088M(10240M) 160.201ms
[4962.276s][info][gc,cpu         ] GC(523) User=1.26s Sys=0.00s Real=0.16s
......[4967.961s][info][gc,start       ] GC(524) Pause Young (Normal) (G1 Evacuation Pause)
[4967.961s][info][gc,task        ] GC(524) Using 8 workers of 8 for evacuation
[4968.124s][info][gc,phases      ] GC(524)   Pre Evacuate Collection Set: 0.28ms
[4968.124s][info][gc,phases      ] GC(524)   Merge Heap Roots: 0.65ms
[4968.124s][info][gc,phases      ] GC(524)   Evacuate Collection Set: 161.37ms
[4968.124s][info][gc,phases      ] GC(524)   Post Evacuate Collection Set: 1.23ms
[4968.124s][info][gc,phases      ] GC(524)   Other: 0.07ms
[4968.124s][info][gc,heap        ] GC(524) Eden regions: 716->0(715)
[4968.124s][info][gc,heap        ] GC(524) Survivor regions: 52->53(96)
[4968.124s][info][gc,heap        ] GC(524) Old regions: 180->183
[4968.124s][info][gc,heap        ] GC(524) Humongous regions: 33->33
[4968.124s][info][gc,metaspace   ] GC(524) Metaspace: 35701K(37888K)->35701K(37888K) NonClass: 26697K(26944K)->26697K(26944K) Class: 9004K(10944K)->9004K(10944K)
[4968.124s][info][gc             ] GC(524) Pause Young (Normal) (G1 Evacuation Pause) 7816M->2116M(10240M) 163.758ms
[4968.125s][info][gc,cpu         ] GC(524) User=1.28s Sys=0.00s Real=0.17s
.....[4973.691s][info][gc,start       ] GC(525) Pause Young (Normal) (G1 Evacuation Pause)
[4973.691s][info][gc,task        ] GC(525) Using 8 workers of 8 for evacuation
[4973.852s][info][gc,phases      ] GC(525)   Pre Evacuate Collection Set: 0.28ms
[4973.852s][info][gc,phases      ] GC(525)   Merge Heap Roots: 0.54ms
[4973.852s][info][gc,phases      ] GC(525)   Evacuate Collection Set: 158.34ms
[4973.852s][info][gc,phases      ] GC(525)   Post Evacuate Collection Set: 1.29ms
[4973.852s][info][gc,phases      ] GC(525)   Other: 0.06ms
[4973.852s][info][gc,heap        ] GC(525) Eden regions: 715->0(715)
[4973.852s][info][gc,heap        ] GC(525) Survivor regions: 53->53(96)
[4973.852s][info][gc,heap        ] GC(525) Old regions: 183->185
[4973.852s][info][gc,heap        ] GC(525) Humongous regions: 33->33
[4973.852s][info][gc,metaspace   ] GC(525) Metaspace: 35703K(37888K)->35703K(37888K) NonClass: 26699K(26944K)->26699K(26944K) Class: 9004K(10944K)->9004K(10944K)
[4973.852s][info][gc             ] GC(525) Pause Young (Normal) (G1 Evacuation Pause) 7836M->2133M(10240M) 160.658ms
[4973.852s][info][gc,cpu         ] GC(525) User=1.27s Sys=0.00s Real=0.17s
......[4979.405s][info][gc,start       ] GC(526) Pause Young (Normal) (G1 Evacuation Pause)
[4979.405s][info][gc,task        ] GC(526) Using 8 workers of 8 for evacuation
[4979.563s][info][gc,phases      ] GC(526)   Pre Evacuate Collection Set: 0.31ms
[4979.563s][info][gc,phases      ] GC(526)   Merge Heap Roots: 0.58ms
[4979.563s][info][gc,phases      ] GC(526)   Evacuate Collection Set: 156.35ms
[4979.563s][info][gc,phases      ] GC(526)   Post Evacuate Collection Set: 1.26ms
[4979.563s][info][gc,phases      ] GC(526)   Other: 0.07ms
[4979.563s][info][gc,heap        ] GC(526) Eden regions: 715->0(717)
[4979.563s][info][gc,heap        ] GC(526) Survivor regions: 53->51(96)
[4979.563s][info][gc,heap        ] GC(526) Old regions: 185->188
[4979.563s][info][gc,heap        ] GC(526) Humongous regions: 33->33
[4979.563s][info][gc,metaspace   ] GC(526) Metaspace: 35703K(37888K)->35703K(37888K) NonClass: 26699K(26944K)->26699K(26944K) Class: 9004K(10944K)->9004K(10944K)
[4979.563s][info][gc             ] GC(526) Pause Young (Normal) (G1 Evacuation Pause) 7853M->2141M(10240M) 158.701ms
[4979.563s][info][gc,cpu         ] GC(526) User=1.25s Sys=0.00s Real=0.16s
......[4985.073s][info][gc,start       ] GC(527) Pause Young (Normal) (G1 Evacuation Pause)
[4985.073s][info][gc,task        ] GC(527) Using 8 workers of 8 for evacuation
[4985.234s][info][gc,phases      ] GC(527)   Pre Evacuate Collection Set: 0.30ms
[4985.234s][info][gc,phases      ] GC(527)   Merge Heap Roots: 0.61ms
[4985.234s][info][gc,phases      ] GC(527)   Evacuate Collection Set: 158.29ms
[4985.234s][info][gc,phases      ] GC(527)   Post Evacuate Collection Set: 1.22ms
[4985.234s][info][gc,phases      ] GC(527)   Other: 0.09ms
[4985.234s][info][gc,heap        ] GC(527) Eden regions: 717->0(715)
[4985.234s][info][gc,heap        ] GC(527) Survivor regions: 51->53(96)
[4985.234s][info][gc,heap        ] GC(527) Old regions: 188->190
[4985.234s][info][gc,heap        ] GC(527) Humongous regions: 33->33
[4985.234s][info][gc,metaspace   ] GC(527) Metaspace: 35703K(37888K)->35703K(37888K) NonClass: 26699K(26944K)->26699K(26944K) Class: 9004K(10944K)->9004K(10944K)
[4985.234s][info][gc             ] GC(527) Pause Young (Normal) (G1 Evacuation Pause) 7877M->2173M(10240M) 160.646ms
[4985.234s][info][gc,cpu         ] GC(527) User=1.27s Sys=0.00s Real=0.16s
.....[4990.763s][info][gc,start       ] GC(528) Pause Young (Normal) (G1 Evacuation Pause)
[4990.763s][info][gc,task        ] GC(528) Using 8 workers of 8 for evacuation
[4990.922s][info][gc,phases      ] GC(528)   Pre Evacuate Collection Set: 0.30ms
[4990.922s][info][gc,phases      ] GC(528)   Merge Heap Roots: 0.59ms
[4990.922s][info][gc,phases      ] GC(528)   Evacuate Collection Set: 156.45ms
[4990.922s][info][gc,phases      ] GC(528)   Post Evacuate Collection Set: 1.28ms
[4990.922s][info][gc,phases      ] GC(528)   Other: 0.07ms
[4990.922s][info][gc,heap        ] GC(528) Eden regions: 715->0(716)
[4990.922s][info][gc,heap        ] GC(528) Survivor regions: 53->52(96)
[4990.922s][info][gc,heap        ] GC(528) Old regions: 190->193
[4990.922s][info][gc,heap        ] GC(528) Humongous regions: 33->33
[4990.922s][info][gc,metaspace   ] GC(528) Metaspace: 35703K(37888K)->35703K(37888K) NonClass: 26699K(26944K)->26699K(26944K) Class: 9004K(10944K)->9004K(10944K)
[4990.922s][info][gc             ] GC(528) Pause Young (Normal) (G1 Evacuation Pause) 7893M->2187M(10240M) 158.831ms
[4990.922s][info][gc,cpu         ] GC(528) User=1.25s Sys=0.00s Real=0.16s
......[4996.368s][info][gc,start       ] GC(529) Pause Young (Normal) (G1 Evacuation Pause)
[4996.368s][info][gc,task        ] GC(529) Using 8 workers of 8 for evacuation
[4996.525s][info][gc,phases      ] GC(529)   Pre Evacuate Collection Set: 0.29ms
[4996.525s][info][gc,phases      ] GC(529)   Merge Heap Roots: 0.56ms
[4996.525s][info][gc,phases      ] GC(529)   Evacuate Collection Set: 155.26ms
[4996.525s][info][gc,phases      ] GC(529)   Post Evacuate Collection Set: 1.22ms
[4996.525s][info][gc,phases      ] GC(529)   Other: 0.07ms
[4996.525s][info][gc,heap        ] GC(529) Eden regions: 716->0(716)
[4996.525s][info][gc,heap        ] GC(529) Survivor regions: 52->52(96)
[4996.525s][info][gc,heap        ] GC(529) Old regions: 193->196
[4996.525s][info][gc,heap        ] GC(529) Humongous regions: 33->33
[4996.525s][info][gc,metaspace   ] GC(529) Metaspace: 35703K(37888K)->35703K(37888K) NonClass: 26699K(26944K)->26699K(26944K) Class: 9004K(10944K)->9004K(10944K)
[4996.525s][info][gc             ] GC(529) Pause Young (Normal) (G1 Evacuation Pause) 7915M->2208M(10240M) 157.530ms
[4996.525s][info][gc,cpu         ] GC(529) User=1.24s Sys=0.00s Real=0.16s
......[5002.068s][info][gc,start       ] GC(530) Pause Young (Normal) (G1 Evacuation Pause)
[5002.068s][info][gc,task        ] GC(530) Using 8 workers of 8 for evacuation
[5002.230s][info][gc,phases      ] GC(530)   Pre Evacuate Collection Set: 0.30ms
[5002.230s][info][gc,phases      ] GC(530)   Merge Heap Roots: 0.55ms
[5002.230s][info][gc,phases      ] GC(530)   Evacuate Collection Set: 160.33ms
[5002.230s][info][gc,phases      ] GC(530)   Post Evacuate Collection Set: 1.22ms
[5002.230s][info][gc,phases      ] GC(530)   Other: 0.06ms
[5002.230s][info][gc,heap        ] GC(530) Eden regions: 716->0(714)
[5002.230s][info][gc,heap        ] GC(530) Survivor regions: 52->54(96)
[5002.230s][info][gc,heap        ] GC(530) Old regions: 196->198
[5002.230s][info][gc,heap        ] GC(530) Humongous regions: 33->33
[5002.230s][info][gc,metaspace   ] GC(530) Metaspace: 35703K(37888K)->35703K(37888K) NonClass: 26699K(26944K)->26699K(26944K) Class: 9004K(10944K)->9004K(10944K)
[5002.230s][info][gc             ] GC(530) Pause Young (Normal) (G1 Evacuation Pause) 7936M->2245M(10240M) 162.593ms
[5002.230s][info][gc,cpu         ] GC(530) User=1.28s Sys=0.00s Real=0.16s
.....[5007.728s][info][gc,start       ] GC(531) Pause Young (Normal) (G1 Evacuation Pause)
[5007.729s][info][gc,task        ] GC(531) Using 8 workers of 8 for evacuation
[5007.890s][info][gc,phases      ] GC(531)   Pre Evacuate Collection Set: 0.29ms
[5007.890s][info][gc,phases      ] GC(531)   Merge Heap Roots: 0.62ms
[5007.890s][info][gc,phases      ] GC(531)   Evacuate Collection Set: 159.13ms
[5007.890s][info][gc,phases      ] GC(531)   Post Evacuate Collection Set: 1.25ms
[5007.890s][info][gc,phases      ] GC(531)   Other: 0.06ms
[5007.890s][info][gc,heap        ] GC(531) Eden regions: 714->0(716)
[5007.890s][info][gc,heap        ] GC(531) Survivor regions: 54->52(96)
[5007.890s][info][gc,heap        ] GC(531) Old regions: 198->201
[5007.890s][info][gc,heap        ] GC(531) Humongous regions: 33->33
[5007.890s][info][gc,metaspace   ] GC(531) Metaspace: 35703K(37888K)->35703K(37888K) NonClass: 26699K(26944K)->26699K(26944K) Class: 9004K(10944K)->9004K(10944K)
[5007.890s][info][gc             ] GC(531) Pause Young (Normal) (G1 Evacuation Pause) 7957M->2250M(10240M) 161.506ms
[5007.890s][info][gc,cpu         ] GC(531) User=1.27s Sys=0.00s Real=0.16s
......[5013.576s][info][gc,start       ] GC(532) Pause Young (Normal) (G1 Evacuation Pause)
[5013.576s][info][gc,task        ] GC(532) Using 8 workers of 8 for evacuation
[5013.736s][info][gc,phases      ] GC(532)   Pre Evacuate Collection Set: 0.30ms
[5013.736s][info][gc,phases      ] GC(532)   Merge Heap Roots: 0.57ms
[5013.736s][info][gc,phases      ] GC(532)   Evacuate Collection Set: 157.49ms
[5013.736s][info][gc,phases      ] GC(532)   Post Evacuate Collection Set: 1.26ms
[5013.736s][info][gc,phases      ] GC(532)   Other: 0.08ms
[5013.736s][info][gc,heap        ] GC(532) Eden regions: 716->0(716)
[5013.736s][info][gc,heap        ] GC(532) Survivor regions: 52->52(96)
[5013.736s][info][gc,heap        ] GC(532) Old regions: 201->203
[5013.736s][info][gc,heap        ] GC(532) Humongous regions: 33->33
[5013.736s][info][gc,metaspace   ] GC(532) Metaspace: 35703K(37888K)->35703K(37888K) NonClass: 26699K(26944K)->26699K(26944K) Class: 9004K(10944K)->9004K(10944K)
[5013.736s][info][gc             ] GC(532) Pause Young (Normal) (G1 Evacuation Pause) 7978M->2272M(10240M) 159.860ms
[5013.736s][info][gc,cpu         ] GC(532) User=1.25s Sys=0.00s Real=0.16s
.. (rIR:aIR:PR = 8441:8405:8405) (tPR = 124904) [OK] 
  5014s: Performance info:
         Transaction,    Success,    Partial,     Failed,   Receipts, AvgBarcode, 
             Overall,     504561,          0,          0,     479012,      59.47, 
         Response times:
             Request,    Success,    Partial,     Failed,   SkipFail,     Probes,    Samples,      min,      p50,      p90,      p95,      p99,      max, 
       TotalPurchase,     479012,          0,          0,          0,     357894,     518272,      300,     5800,    13700,    33000,    89000,   486000,
     InStorePurchase,     251398,          0,          0,          0,     187958,     272097,      300,     5800,    13800,    33000,    88000,   486000,
      OnlinePurchase,     177039,          0,          0,          0,     132241,     191450,      300,     5800,    13700,    33000,    89000,   486000,
        InstPurchase,      50575,          0,          0,          0,      37695,      54725,      500,     5900,    13700,    33000,    91000,   483000,
          AssocOfCat,        507,          0,          0,          0,        441,        720,    28000,    51000,    70000,    96900,   192060,   215000,
      AssocOfProduct,       5096,          0,          0,          0,       3571,       5506,      700,     7000,    14500,    31000,    87930,   482000,
      BusinessReport,       1269,          0,          0,          0,       1123,       1779,    35000,    58000,    82000,   104000,   173000,   249000,
          CustBuyBeh,       5060,          0,          0,          0,       3652,       5617,      300,     5100,    13300,    31000,    80000,   241000,
       ProductReturn,      13617,          0,          0,          0,       9304,      13860,      300,     6100,    14500,    33000,    81390,   454000,

  5014s: (62%)   IR =   8579 ....[5019.247s][info][gc,start       ] GC(533) Pause Young (Normal) (G1 Evacuation Pause)
[5019.247s][info][gc,task        ] GC(533) Using 8 workers of 8 for evacuation
[5019.405s][info][gc,phases      ] GC(533)   Pre Evacuate Collection Set: 0.30ms
[5019.405s][info][gc,phases      ] GC(533)   Merge Heap Roots: 0.59ms
[5019.405s][info][gc,phases      ] GC(533)   Evacuate Collection Set: 156.14ms
[5019.405s][info][gc,phases      ] GC(533)   Post Evacuate Collection Set: 1.26ms
[5019.405s][info][gc,phases      ] GC(533)   Other: 0.06ms
[5019.405s][info][gc,heap        ] GC(533) Eden regions: 716->0(716)
[5019.405s][info][gc,heap        ] GC(533) Survivor regions: 52->52(96)
[5019.405s][info][gc,heap        ] GC(533) Old regions: 203->206
[5019.405s][info][gc,heap        ] GC(533) Humongous regions: 33->33
[5019.405s][info][gc,metaspace   ] GC(533) Metaspace: 35703K(37888K)->35703K(37888K) NonClass: 26699K(26944K)->26699K(26944K) Class: 9004K(10944K)->9004K(10944K)
[5019.405s][info][gc             ] GC(533) Pause Young (Normal) (G1 Evacuation Pause) 8000M->2292M(10240M) 158.488ms
[5019.405s][info][gc,cpu         ] GC(533) User=1.25s Sys=0.00s Real=0.16s
.....[5025.009s][info][gc,start       ] GC(534) Pause Young (Normal) (G1 Evacuation Pause)
[5025.009s][info][gc,task        ] GC(534) Using 8 workers of 8 for evacuation
[5025.168s][info][gc,phases      ] GC(534)   Pre Evacuate Collection Set: 0.33ms
[5025.169s][info][gc,phases      ] GC(534)   Merge Heap Roots: 0.61ms
[5025.169s][info][gc,phases      ] GC(534)   Evacuate Collection Set: 157.68ms
[5025.169s][info][gc,phases      ] GC(534)   Post Evacuate Collection Set: 1.23ms
[5025.169s][info][gc,phases      ] GC(534)   Other: 0.08ms
[5025.169s][info][gc,heap        ] GC(534) Eden regions: 716->0(716)
[5025.169s][info][gc,heap        ] GC(534) Survivor regions: 52->52(96)
[5025.169s][info][gc,heap        ] GC(534) Old regions: 206->209
[5025.169s][info][gc,heap        ] GC(534) Humongous regions: 33->33
[5025.169s][info][gc,metaspace   ] GC(534) Metaspace: 35703K(37888K)->35703K(37888K) NonClass: 26699K(26944K)->26699K(26944K) Class: 9004K(10944K)->9004K(10944K)
[5025.169s][info][gc             ] GC(534) Pause Young (Normal) (G1 Evacuation Pause) 8020M->2312M(10240M) 160.059ms
[5025.169s][info][gc,cpu         ] GC(534) User=1.26s Sys=0.00s Real=0.16s
......[5030.534s][info][gc,start       ] GC(535) Pause Young (Normal) (G1 Evacuation Pause)
[5030.534s][info][gc,task        ] GC(535) Using 8 workers of 8 for evacuation
[5030.695s][info][gc,phases      ] GC(535)   Pre Evacuate Collection Set: 0.29ms
[5030.695s][info][gc,phases      ] GC(535)   Merge Heap Roots: 0.57ms
[5030.695s][info][gc,phases      ] GC(535)   Evacuate Collection Set: 158.34ms
[5030.695s][info][gc,phases      ] GC(535)   Post Evacuate Collection Set: 1.25ms
[5030.695s][info][gc,phases      ] GC(535)   Other: 0.07ms
[5030.695s][info][gc,heap        ] GC(535) Eden regions: 716->0(716)
[5030.695s][info][gc,heap        ] GC(535) Survivor regions: 52->52(96)
[5030.695s][info][gc,heap        ] GC(535) Old regions: 209->211
[5030.695s][info][gc,heap        ] GC(535) Humongous regions: 33->33
[5030.695s][info][gc,metaspace   ] GC(535) Metaspace: 35703K(37888K)->35703K(37888K) NonClass: 26699K(26944K)->26699K(26944K) Class: 9004K(10944K)->9004K(10944K)
[5030.695s][info][gc             ] GC(535) Pause Young (Normal) (G1 Evacuation Pause) 8040M->2337M(10240M) 160.654ms
[5030.695s][info][gc,cpu         ] GC(535) User=1.27s Sys=0.00s Real=0.16s
.|.....[5036.199s][info][gc,start       ] GC(536) Pause Young (Normal) (G1 Evacuation Pause)
[5036.199s][info][gc,task        ] GC(536) Using 8 workers of 8 for evacuation
[5036.361s][info][gc,phases      ] GC(536)   Pre Evacuate Collection Set: 0.28ms
[5036.361s][info][gc,phases      ] GC(536)   Merge Heap Roots: 0.55ms
[5036.361s][info][gc,phases      ] GC(536)   Evacuate Collection Set: 159.96ms
[5036.361s][info][gc,phases      ] GC(536)   Post Evacuate Collection Set: 1.25ms
[5036.361s][info][gc,phases      ] GC(536)   Other: 0.06ms
[5036.361s][info][gc,heap        ] GC(536) Eden regions: 716->0(715)
[5036.361s][info][gc,heap        ] GC(536) Survivor regions: 52->53(96)
[5036.361s][info][gc,heap        ] GC(536) Old regions: 211->214
[5036.361s][info][gc,heap        ] GC(536) Humongous regions: 33->33
[5036.361s][info][gc,metaspace   ] GC(536) Metaspace: 35703K(37888K)->35703K(37888K) NonClass: 26699K(26944K)->26699K(26944K) Class: 9004K(10944K)->9004K(10944K)
[5036.361s][info][gc             ] GC(536) Pause Young (Normal) (G1 Evacuation Pause) 8065M->2362M(10240M) 162.237ms
[5036.361s][info][gc,cpu         ] GC(536) User=1.28s Sys=0.00s Real=0.16s
.....[5041.854s][info][gc,start       ] GC(537) Pause Young (Normal) (G1 Evacuation Pause)
[5041.854s][info][gc,task        ] GC(537) Using 8 workers of 8 for evacuation
[5042.018s][info][gc,phases      ] GC(537)   Pre Evacuate Collection Set: 0.29ms
[5042.018s][info][gc,phases      ] GC(537)   Merge Heap Roots: 0.60ms
[5042.018s][info][gc,phases      ] GC(537)   Evacuate Collection Set: 162.42ms
[5042.018s][info][gc,phases      ] GC(537)   Post Evacuate Collection Set: 1.20ms
[5042.018s][info][gc,phases      ] GC(537)   Other: 0.09ms
[5042.018s][info][gc,heap        ] GC(537) Eden regions: 715->0(714)
[5042.018s][info][gc,heap        ] GC(537) Survivor regions: 53->54(96)
[5042.018s][info][gc,heap        ] GC(537) Old regions: 214->216
[5042.018s][info][gc,heap        ] GC(537) Humongous regions: 33->33
[5042.018s][info][gc,metaspace   ] GC(537) Metaspace: 35703K(37888K)->35703K(37888K) NonClass: 26699K(26944K)->26699K(26944K) Class: 9004K(10944K)->9004K(10944K)
[5042.018s][info][gc             ] GC(537) Pause Young (Normal) (G1 Evacuation Pause) 8082M->2391M(10240M) 164.738ms
[5042.018s][info][gc,cpu         ] GC(537) User=1.30s Sys=0.00s Real=0.16s
......[5047.484s][info][gc,start       ] GC(538) Pause Young (Normal) (G1 Evacuation Pause)
[5047.485s][info][gc,task        ] GC(538) Using 8 workers of 8 for evacuation
[5047.644s][info][gc,phases      ] GC(538)   Pre Evacuate Collection Set: 0.31ms
[5047.644s][info][gc,phases      ] GC(538)   Merge Heap Roots: 0.57ms
[5047.644s][info][gc,phases      ] GC(538)   Evacuate Collection Set: 156.90ms
[5047.644s][info][gc,phases      ] GC(538)   Post Evacuate Collection Set: 1.24ms
[5047.644s][info][gc,phases      ] GC(538)   Other: 0.06ms
[5047.644s][info][gc,heap        ] GC(538) Eden regions: 714->0(717)
[5047.644s][info][gc,heap        ] GC(538) Survivor regions: 54->51(96)
[5047.644s][info][gc,heap        ] GC(538) Old regions: 216->219
[5047.644s][info][gc,heap        ] GC(538) Humongous regions: 33->33
[5047.644s][info][gc,metaspace   ] GC(538) Metaspace: 35703K(37888K)->35703K(37888K) NonClass: 26699K(26944K)->26699K(26944K) Class: 9004K(10944K)->9004K(10944K)
[5047.644s][info][gc             ] GC(538) Pause Young (Normal) (G1 Evacuation Pause) 8103M->2392M(10240M) 159.208ms
[5047.644s][info][gc,cpu         ] GC(538) User=1.25s Sys=0.00s Real=0.16s
.....[5053.030s][info][gc,start       ] GC(539) Pause Young (Normal) (G1 Evacuation Pause)
[5053.030s][info][gc,task        ] GC(539) Using 8 workers of 8 for evacuation
[5053.189s][info][gc,phases      ] GC(539)   Pre Evacuate Collection Set: 0.27ms
[5053.189s][info][gc,phases      ] GC(539)   Merge Heap Roots: 0.65ms
[5053.189s][info][gc,phases      ] GC(539)   Evacuate Collection Set: 157.15ms
[5053.189s][info][gc,phases      ] GC(539)   Post Evacuate Collection Set: 1.24ms
[5053.189s][info][gc,phases      ] GC(539)   Other: 0.07ms
[5053.190s][info][gc,heap        ] GC(539) Eden regions: 717->0(716)
[5053.190s][info][gc,heap        ] GC(539) Survivor regions: 51->52(96)
[5053.190s][info][gc,heap        ] GC(539) Old regions: 219->221
[5053.190s][info][gc,heap        ] GC(539) Humongous regions: 33->33
[5053.190s][info][gc,metaspace   ] GC(539) Metaspace: 35703K(37888K)->35703K(37888K) NonClass: 26699K(26944K)->26699K(26944K) Class: 9004K(10944K)->9004K(10944K)
[5053.190s][info][gc             ] GC(539) Pause Young (Normal) (G1 Evacuation Pause) 8128M->2420M(10240M) 159.542ms
[5053.190s][info][gc,cpu         ] GC(539) User=1.25s Sys=0.00s Real=0.16s
......[5058.555s][info][gc,start       ] GC(540) Pause Young (Normal) (G1 Evacuation Pause)
[5058.555s][info][gc,task        ] GC(540) Using 8 workers of 8 for evacuation
[5058.713s][info][gc,phases      ] GC(540)   Pre Evacuate Collection Set: 0.30ms
[5058.713s][info][gc,phases      ] GC(540)   Merge Heap Roots: 0.54ms
[5058.713s][info][gc,phases      ] GC(540)   Evacuate Collection Set: 156.20ms
[5058.713s][info][gc,phases      ] GC(540)   Post Evacuate Collection Set: 1.24ms
[5058.713s][info][gc,phases      ] GC(540)   Other: 0.07ms
[5058.713s][info][gc,heap        ] GC(540) Eden regions: 716->0(716)
[5058.713s][info][gc,heap        ] GC(540) Survivor regions: 52->52(96)
[5058.713s][info][gc,heap        ] GC(540) Old regions: 221->224
[5058.713s][info][gc,heap        ] GC(540) Humongous regions: 33->33
[5058.713s][info][gc,metaspace   ] GC(540) Metaspace: 35703K(37888K)->35703K(37888K) NonClass: 26699K(26944K)->26699K(26944K) Class: 9004K(10944K)->9004K(10944K)
[5058.713s][info][gc             ] GC(540) Pause Young (Normal) (G1 Evacuation Pause) 8148M->2440M(10240M) 158.469ms
[5058.713s][info][gc,cpu         ] GC(540) User=1.25s Sys=0.00s Real=0.16s
......[5064.236s][info][gc,start       ] GC(541) Pause Young (Normal) (G1 Evacuation Pause)
[5064.236s][info][gc,task        ] GC(541) Using 8 workers of 8 for evacuation
[5064.394s][info][gc,phases      ] GC(541)   Pre Evacuate Collection Set: 0.29ms
[5064.394s][info][gc,phases      ] GC(541)   Merge Heap Roots: 0.54ms
[5064.394s][info][gc,phases      ] GC(541)   Evacuate Collection Set: 156.23ms
[5064.394s][info][gc,phases      ] GC(541)   Post Evacuate Collection Set: 1.25ms
[5064.394s][info][gc,phases      ] GC(541)   Other: 0.07ms
[5064.394s][info][gc,heap        ] GC(541) Eden regions: 716->0(716)
[5064.394s][info][gc,heap        ] GC(541) Survivor regions: 52->52(96)
[5064.394s][info][gc,heap        ] GC(541) Old regions: 224->227
[5064.394s][info][gc,heap        ] GC(541) Humongous regions: 33->33
[5064.394s][info][gc,metaspace   ] GC(541) Metaspace: 35703K(37888K)->35703K(37888K) NonClass: 26699K(26944K)->26699K(26944K) Class: 9004K(10944K)->9004K(10944K)
[5064.394s][info][gc             ] GC(541) Pause Young (Normal) (G1 Evacuation Pause) 8168M->2456M(10240M) 158.507ms
[5064.394s][info][gc,cpu         ] GC(541) User=1.24s Sys=0.00s Real=0.16s
.....[5069.778s][info][gc,start       ] GC(542) Pause Young (Normal) (G1 Evacuation Pause)
[5069.778s][info][gc,task        ] GC(542) Using 8 workers of 8 for evacuation
[5069.936s][info][gc,phases      ] GC(542)   Pre Evacuate Collection Set: 0.31ms
[5069.936s][info][gc,phases      ] GC(542)   Merge Heap Roots: 0.52ms
[5069.936s][info][gc,phases      ] GC(542)   Evacuate Collection Set: 155.75ms
[5069.936s][info][gc,phases      ] GC(542)   Post Evacuate Collection Set: 1.21ms
[5069.936s][info][gc,phases      ] GC(542)   Other: 0.06ms
[5069.936s][info][gc,heap        ] GC(542) Eden regions: 716->0(716)
[5069.936s][info][gc,heap        ] GC(542) Survivor regions: 52->52(96)
[5069.936s][info][gc,heap        ] GC(542) Old regions: 227->229
[5069.936s][info][gc,heap        ] GC(542) Humongous regions: 33->33
[5069.936s][info][gc,metaspace   ] GC(542) Metaspace: 35703K(37888K)->35703K(37888K) NonClass: 26699K(26944K)->26699K(26944K) Class: 9004K(10944K)->9004K(10944K)
[5069.936s][info][gc             ] GC(542) Pause Young (Normal) (G1 Evacuation Pause) 8184M->2477M(10240M) 157.978ms
[5069.936s][info][gc,cpu         ] GC(542) User=1.25s Sys=0.00s Real=0.16s
......[5075.352s][info][gc,start       ] GC(543) Pause Young (Normal) (G1 Evacuation Pause)
[5075.352s][info][gc,task        ] GC(543) Using 8 workers of 8 for evacuation
[5075.512s][info][gc,phases      ] GC(543)   Pre Evacuate Collection Set: 0.30ms
[5075.512s][info][gc,phases      ] GC(543)   Merge Heap Roots: 0.62ms
[5075.512s][info][gc,phases      ] GC(543)   Evacuate Collection Set: 156.87ms
[5075.512s][info][gc,phases      ] GC(543)   Post Evacuate Collection Set: 1.25ms
[5075.512s][info][gc,phases      ] GC(543)   Other: 0.07ms
[5075.512s][info][gc,heap        ] GC(543) Eden regions: 716->0(717)
[5075.512s][info][gc,heap        ] GC(543) Survivor regions: 52->51(96)
[5075.512s][info][gc,heap        ] GC(543) Old regions: 229->232
[5075.512s][info][gc,heap        ] GC(543) Humongous regions: 33->33
[5075.512s][info][gc,metaspace   ] GC(543) Metaspace: 35703K(37888K)->35703K(37888K) NonClass: 26699K(26944K)->26699K(26944K) Class: 9004K(10944K)->9004K(10944K)
[5075.512s][info][gc             ] GC(543) Pause Young (Normal) (G1 Evacuation Pause) 8205M->2494M(10240M) 159.251ms
[5075.512s][info][gc,cpu         ] GC(543) User=1.25s Sys=0.00s Real=0.16s
.....[5081.029s][info][gc,start       ] GC(544) Pause Young (Normal) (G1 Evacuation Pause)
[5081.029s][info][gc,task        ] GC(544) Using 8 workers of 8 for evacuation
[5081.194s][info][gc,phases      ] GC(544)   Pre Evacuate Collection Set: 0.30ms
[5081.194s][info][gc,phases      ] GC(544)   Merge Heap Roots: 0.55ms
[5081.194s][info][gc,phases      ] GC(544)   Evacuate Collection Set: 162.48ms
[5081.194s][info][gc,phases      ] GC(544)   Post Evacuate Collection Set: 1.25ms
[5081.194s][info][gc,phases      ] GC(544)   Other: 0.08ms
[5081.194s][info][gc,heap        ] GC(544) Eden regions: 717->0(715)
[5081.194s][info][gc,heap        ] GC(544) Survivor regions: 51->53(96)
[5081.194s][info][gc,heap        ] GC(544) Old regions: 232->234
[5081.194s][info][gc,heap        ] GC(544) Humongous regions: 33->33
[5081.194s][info][gc,metaspace   ] GC(544) Metaspace: 35703K(37888K)->35703K(37888K) NonClass: 26699K(26944K)->26699K(26944K) Class: 9004K(10944K)->9004K(10944K)
[5081.194s][info][gc             ] GC(544) Pause Young (Normal) (G1 Evacuation Pause) 8230M->2526M(10240M) 164.801ms
[5081.194s][info][gc,cpu         ] GC(544) User=1.30s Sys=0.00s Real=0.17s
......[5086.582s][info][gc,start       ] GC(545) Pause Young (Normal) (G1 Evacuation Pause)
[5086.582s][info][gc,task        ] GC(545) Using 8 workers of 8 for evacuation
[5086.743s][info][gc,phases      ] GC(545)   Pre Evacuate Collection Set: 0.29ms
[5086.743s][info][gc,phases      ] GC(545)   Merge Heap Roots: 0.56ms
[5086.743s][info][gc,phases      ] GC(545)   Evacuate Collection Set: 158.78ms
[5086.743s][info][gc,phases      ] GC(545)   Post Evacuate Collection Set: 1.26ms
[5086.743s][info][gc,phases      ] GC(545)   Other: 0.06ms
[5086.743s][info][gc,heap        ] GC(545) Eden regions: 715->0(716)
[5086.743s][info][gc,heap        ] GC(545) Survivor regions: 53->52(96)
[5086.743s][info][gc,heap        ] GC(545) Old regions: 234->237
[5086.743s][info][gc,heap        ] GC(545) Humongous regions: 33->33
[5086.743s][info][gc,metaspace   ] GC(545) Metaspace: 35703K(37888K)->35703K(37888K) NonClass: 26699K(26944K)->26699K(26944K) Class: 9004K(10944K)->9004K(10944K)
[5086.743s][info][gc             ] GC(545) Pause Young (Normal) (G1 Evacuation Pause) 8246M->2543M(10240M) 161.077ms
[5086.743s][info][gc,cpu         ] GC(545) User=1.27s Sys=0.00s Real=0.16s
..... (rIR:aIR:PR = 8579:8569:8569) (tPR = 127722) [OK] 
  5091s: Performance info:
         Transaction,    Success,    Partial,     Failed,   Receipts, AvgBarcode, 
             Overall,     514465,          0,          0,     488719,      59.47, 
         Response times:
             Request,    Success,    Partial,     Failed,   SkipFail,     Probes,    Samples,      min,      p50,      p90,      p95,      p99,      max, 
       TotalPurchase,     488719,          0,          0,          0,     358474,     459246,      300,     6100,    14800,    42000,   119000,   573000,
     InStorePurchase,     256239,          0,          0,          0,     188576,     241367,      300,     6100,    15000,    44000,   118000,   573000,
      OnlinePurchase,     181254,          0,          0,          0,     131627,     168524,      300,     6100,    14600,    39000,   120000,   571000,
        InstPurchase,      51226,          0,          0,          0,      38271,      49355,      500,     6000,    15000,    42000,   124440,   572000,
          AssocOfCat,        514,          0,          0,          0,        409,        632,    27000,    50000,    79700,   120050,   220680,   343000,
      AssocOfProduct,       5118,          0,          0,          0,       3673,       4986,      400,     6800,    15000,    40000,   108260,   266000,
      BusinessReport,       1288,          0,          0,          0,       1137,       1618,    30000,    58000,    85000,   109000,   208620,   294000,
          CustBuyBeh,       5193,          0,          0,          0,       3627,       4846,      200,     6200,    14800,    30000,   109530,   319000,
       ProductReturn,      13633,          0,          0,          0,       9616,      12575,      200,     5900,    15200,    40000,   114480,   341000,

  5091s: (63%)   IR =   8717 .[5092.366s][info][gc,start       ] GC(546) Pause Young (Normal) (G1 Evacuation Pause)
[5092.366s][info][gc,task        ] GC(546) Using 8 workers of 8 for evacuation
[5092.526s][info][gc,phases      ] GC(546)   Pre Evacuate Collection Set: 0.29ms
[5092.526s][info][gc,phases      ] GC(546)   Merge Heap Roots: 0.57ms
[5092.526s][info][gc,phases      ] GC(546)   Evacuate Collection Set: 157.21ms
[5092.526s][info][gc,phases      ] GC(546)   Post Evacuate Collection Set: 1.24ms
[5092.526s][info][gc,phases      ] GC(546)   Other: 0.06ms
[5092.526s][info][gc,heap        ] GC(546) Eden regions: 716->0(716)
[5092.526s][info][gc,heap        ] GC(546) Survivor regions: 52->52(96)
[5092.526s][info][gc,heap        ] GC(546) Old regions: 237->239
[5092.526s][info][gc,heap        ] GC(546) Humongous regions: 33->33
[5092.526s][info][gc,metaspace   ] GC(546) Metaspace: 35703K(37888K)->35703K(37888K) NonClass: 26699K(26944K)->26699K(26944K) Class: 9004K(10944K)->9004K(10944K)
[5092.526s][info][gc             ] GC(546) Pause Young (Normal) (G1 Evacuation Pause) 8271M->2560M(10240M) 159.507ms
[5092.526s][info][gc,cpu         ] GC(546) User=1.25s Sys=0.00s Real=0.16s
.....[5097.889s][info][gc,start       ] GC(547) Pause Young (Normal) (G1 Evacuation Pause)
[5097.889s][info][gc,task        ] GC(547) Using 8 workers of 8 for evacuation
[5098.051s][info][gc,phases      ] GC(547)   Pre Evacuate Collection Set: 0.27ms
[5098.051s][info][gc,phases      ] GC(547)   Merge Heap Roots: 0.54ms
[5098.051s][info][gc,phases      ] GC(547)   Evacuate Collection Set: 159.46ms
[5098.051s][info][gc,phases      ] GC(547)   Post Evacuate Collection Set: 1.28ms
[5098.051s][info][gc,phases      ] GC(547)   Other: 0.07ms
[5098.051s][info][gc,heap        ] GC(547) Eden regions: 716->0(716)
[5098.051s][info][gc,heap        ] GC(547) Survivor regions: 52->52(96)
[5098.051s][info][gc,heap        ] GC(547) Old regions: 239->242
[5098.051s][info][gc,heap        ] GC(547) Humongous regions: 33->33
[5098.051s][info][gc,metaspace   ] GC(547) Metaspace: 35703K(37888K)->35703K(37888K) NonClass: 26699K(26944K)->26699K(26944K) Class: 9004K(10944K)->9004K(10944K)
[5098.051s][info][gc             ] GC(547) Pause Young (Normal) (G1 Evacuation Pause) 8288M->2585M(10240M) 161.747ms
[5098.051s][info][gc,cpu         ] GC(547) User=1.28s Sys=0.00s Real=0.16s
......[5103.438s][info][gc,start       ] GC(548) Pause Young (Normal) (G1 Evacuation Pause)
[5103.438s][info][gc,task        ] GC(548) Using 8 workers of 8 for evacuation
[5103.598s][info][gc,phases      ] GC(548)   Pre Evacuate Collection Set: 0.29ms
[5103.598s][info][gc,phases      ] GC(548)   Merge Heap Roots: 0.52ms
[5103.598s][info][gc,phases      ] GC(548)   Evacuate Collection Set: 158.27ms
[5103.598s][info][gc,phases      ] GC(548)   Post Evacuate Collection Set: 1.26ms
[5103.598s][info][gc,phases      ] GC(548)   Other: 0.08ms
[5103.598s][info][gc,heap        ] GC(548) Eden regions: 716->0(716)
[5103.598s][info][gc,heap        ] GC(548) Survivor regions: 52->52(96)
[5103.598s][info][gc,heap        ] GC(548) Old regions: 242->245
[5103.598s][info][gc,heap        ] GC(548) Humongous regions: 33->33
[5103.598s][info][gc,metaspace   ] GC(548) Metaspace: 35703K(37888K)->35703K(37888K) NonClass: 26699K(26944K)->26699K(26944K) Class: 9004K(10944K)->9004K(10944K)
[5103.598s][info][gc             ] GC(548) Pause Young (Normal) (G1 Evacuation Pause) 8313M->2605M(10240M) 160.564ms
[5103.598s][info][gc,cpu         ] GC(548) User=1.26s Sys=0.01s Real=0.16s
.....[5109.076s][info][gc,start       ] GC(549) Pause Young (Normal) (G1 Evacuation Pause)
[5109.076s][info][gc,task        ] GC(549) Using 8 workers of 8 for evacuation
[5109.240s][info][gc,phases      ] GC(549)   Pre Evacuate Collection Set: 0.31ms
[5109.240s][info][gc,phases      ] GC(549)   Merge Heap Roots: 0.57ms
[5109.240s][info][gc,phases      ] GC(549)   Evacuate Collection Set: 162.19ms
[5109.240s][info][gc,phases      ] GC(549)   Post Evacuate Collection Set: 1.28ms
[5109.240s][info][gc,phases      ] GC(549)   Other: 0.07ms
[5109.240s][info][gc,heap        ] GC(549) Eden regions: 716->0(716)
[5109.240s][info][gc,heap        ] GC(549) Survivor regions: 52->52(96)
[5109.240s][info][gc,heap        ] GC(549) Old regions: 245->247
[5109.240s][info][gc,heap        ] GC(549) Humongous regions: 33->33
[5109.240s][info][gc,metaspace   ] GC(549) Metaspace: 35703K(37888K)->35703K(37888K) NonClass: 26699K(26944K)->26699K(26944K) Class: 9004K(10944K)->9004K(10944K)
[5109.240s][info][gc             ] GC(549) Pause Young (Normal) (G1 Evacuation Pause) 8333M->2628M(10240M) 164.565ms
[5109.240s][info][gc,cpu         ] GC(549) User=1.29s Sys=0.00s Real=0.16s
......[5114.513s][info][gc,start       ] GC(550) Pause Young (Normal) (G1 Evacuation Pause)
[5114.513s][info][gc,task        ] GC(550) Using 8 workers of 8 for evacuation
[5114.675s][info][gc,phases      ] GC(550)   Pre Evacuate Collection Set: 0.30ms
[5114.675s][info][gc,phases      ] GC(550)   Merge Heap Roots: 0.55ms
[5114.675s][info][gc,phases      ] GC(550)   Evacuate Collection Set: 159.72ms
[5114.675s][info][gc,phases      ] GC(550)   Post Evacuate Collection Set: 1.25ms
[5114.675s][info][gc,phases      ] GC(550)   Other: 0.08ms
[5114.675s][info][gc,heap        ] GC(550) Eden regions: 716->0(716)
[5114.675s][info][gc,heap        ] GC(550) Survivor regions: 52->52(96)
[5114.675s][info][gc,heap        ] GC(550) Old regions: 247->250
[5114.675s][info][gc,heap        ] GC(550) Humongous regions: 33->33
[5114.675s][info][gc,metaspace   ] GC(550) Metaspace: 35703K(37888K)->35703K(37888K) NonClass: 26699K(26944K)->26699K(26944K) Class: 9004K(10944K)->9004K(10944K)
[5114.675s][info][gc             ] GC(550) Pause Young (Normal) (G1 Evacuation Pause) 8356M->2643M(10240M) 162.025ms
[5114.676s][info][gc,cpu         ] GC(550) User=1.28s Sys=0.00s Real=0.16s
.|....[5120.158s][info][gc,start       ] GC(551) Pause Young (Normal) (G1 Evacuation Pause)
[5120.158s][info][gc,task        ] GC(551) Using 8 workers of 8 for evacuation
[5120.319s][info][gc,phases      ] GC(551)   Pre Evacuate Collection Set: 0.27ms
[5120.319s][info][gc,phases      ] GC(551)   Merge Heap Roots: 0.58ms
[5120.319s][info][gc,phases      ] GC(551)   Evacuate Collection Set: 158.46ms
[5120.319s][info][gc,phases      ] GC(551)   Post Evacuate Collection Set: 1.29ms
[5120.319s][info][gc,phases      ] GC(551)   Other: 0.07ms
[5120.319s][info][gc,heap        ] GC(551) Eden regions: 716->0(715)
[5120.319s][info][gc,heap        ] GC(551) Survivor regions: 52->53(96)
[5120.319s][info][gc,heap        ] GC(551) Old regions: 250->253
[5120.319s][info][gc,heap        ] GC(551) Humongous regions: 33->33
[5120.319s][info][gc,metaspace   ] GC(551) Metaspace: 35703K(37888K)->35703K(37888K) NonClass: 26699K(26944K)->26699K(26944K) Class: 9004K(10944K)->9004K(10944K)
[5120.319s][info][gc             ] GC(551) Pause Young (Normal) (G1 Evacuation Pause) 8371M->2676M(10240M) 160.827ms
[5120.319s][info][gc,cpu         ] GC(551) User=1.26s Sys=0.00s Real=0.16s
......[5125.765s][info][gc,start       ] GC(552) Pause Young (Normal) (G1 Evacuation Pause)
[5125.765s][info][gc,task        ] GC(552) Using 8 workers of 8 for evacuation
[5125.924s][info][gc,phases      ] GC(552)   Pre Evacuate Collection Set: 0.28ms
[5125.924s][info][gc,phases      ] GC(552)   Merge Heap Roots: 0.66ms
[5125.924s][info][gc,phases      ] GC(552)   Evacuate Collection Set: 156.31ms
[5125.924s][info][gc,phases      ] GC(552)   Post Evacuate Collection Set: 1.31ms
[5125.924s][info][gc,phases      ] GC(552)   Other: 0.07ms
[5125.924s][info][gc,heap        ] GC(552) Eden regions: 715->0(717)
[5125.924s][info][gc,heap        ] GC(552) Survivor regions: 53->51(96)
[5125.924s][info][gc,heap        ] GC(552) Old regions: 253->255
[5125.924s][info][gc,heap        ] GC(552) Humongous regions: 33->33
[5125.924s][info][gc,metaspace   ] GC(552) Metaspace: 35703K(37888K)->35703K(37888K) NonClass: 26699K(26944K)->26699K(26944K) Class: 9004K(10944K)->9004K(10944K)
[5125.924s][info][gc             ] GC(552) Pause Young (Normal) (G1 Evacuation Pause) 8396M->2682M(10240M) 158.757ms
[5125.924s][info][gc,cpu         ] GC(552) User=1.25s Sys=0.00s Real=0.16s
.....[5131.213s][info][gc,start       ] GC(553) Pause Young (Normal) (G1 Evacuation Pause)
[5131.213s][info][gc,task        ] GC(553) Using 8 workers of 8 for evacuation
[5131.373s][info][gc,phases      ] GC(553)   Pre Evacuate Collection Set: 0.29ms
[5131.373s][info][gc,phases      ] GC(553)   Merge Heap Roots: 0.56ms
[5131.373s][info][gc,phases      ] GC(553)   Evacuate Collection Set: 157.13ms
[5131.373s][info][gc,phases      ] GC(553)   Post Evacuate Collection Set: 1.25ms
[5131.373s][info][gc,phases      ] GC(553)   Other: 0.06ms
[5131.373s][info][gc,heap        ] GC(553) Eden regions: 717->0(716)
[5131.373s][info][gc,heap        ] GC(553) Survivor regions: 51->52(96)
[5131.373s][info][gc,heap        ] GC(553) Old regions: 255->258
[5131.373s][info][gc,heap        ] GC(553) Humongous regions: 33->33
[5131.373s][info][gc,metaspace   ] GC(553) Metaspace: 35703K(37888K)->35703K(37888K) NonClass: 26699K(26944K)->26699K(26944K) Class: 9004K(10944K)->9004K(10944K)
[5131.373s][info][gc             ] GC(553) Pause Young (Normal) (G1 Evacuation Pause) 8418M->2710M(10240M) 159.430ms
[5131.373s][info][gc,cpu         ] GC(553) User=1.25s Sys=0.00s Real=0.16s
......[5136.734s][info][gc,start       ] GC(554) Pause Young (Normal) (G1 Evacuation Pause)
[5136.734s][info][gc,task        ] GC(554) Using 8 workers of 8 for evacuation
[5136.893s][info][gc,phases      ] GC(554)   Pre Evacuate Collection Set: 0.30ms
[5136.893s][info][gc,phases      ] GC(554)   Merge Heap Roots: 0.63ms
[5136.893s][info][gc,phases      ] GC(554)   Evacuate Collection Set: 156.62ms
[5136.893s][info][gc,phases      ] GC(554)   Post Evacuate Collection Set: 1.28ms
[5136.893s][info][gc,phases      ] GC(554)   Other: 0.07ms
[5136.893s][info][gc,heap        ] GC(554) Eden regions: 716->0(716)
[5136.893s][info][gc,heap        ] GC(554) Survivor regions: 52->52(96)
[5136.893s][info][gc,heap        ] GC(554) Old regions: 258->260
[5136.893s][info][gc,heap        ] GC(554) Humongous regions: 33->33
[5136.893s][info][gc,metaspace   ] GC(554) Metaspace: 35703K(37888K)->35703K(37888K) NonClass: 26699K(26944K)->26699K(26944K) Class: 9004K(10944K)->9004K(10944K)
[5136.893s][info][gc             ] GC(554) Pause Young (Normal) (G1 Evacuation Pause) 8438M->2728M(10240M) 159.040ms
[5136.893s][info][gc,cpu         ] GC(554) User=1.25s Sys=0.00s Real=0.16s
.....[5142.261s][info][gc,start       ] GC(555) Pause Young (Normal) (G1 Evacuation Pause)
[5142.261s][info][gc,task        ] GC(555) Using 8 workers of 8 for evacuation
[5142.423s][info][gc,phases      ] GC(555)   Pre Evacuate Collection Set: 0.30ms
[5142.423s][info][gc,phases      ] GC(555)   Merge Heap Roots: 0.59ms
[5142.423s][info][gc,phases      ] GC(555)   Evacuate Collection Set: 159.51ms
[5142.423s][info][gc,phases      ] GC(555)   Post Evacuate Collection Set: 1.24ms
[5142.423s][info][gc,phases      ] GC(555)   Other: 0.06ms
[5142.423s][info][gc,heap        ] GC(555) Eden regions: 716->0(715)
[5142.423s][info][gc,heap        ] GC(555) Survivor regions: 52->53(96)
[5142.423s][info][gc,heap        ] GC(555) Old regions: 260->263
[5142.423s][info][gc,heap        ] GC(555) Humongous regions: 33->33
[5142.423s][info][gc,metaspace   ] GC(555) Metaspace: 35703K(37888K)->35703K(37888K) NonClass: 26699K(26944K)->26699K(26944K) Class: 9004K(10944K)->9004K(10944K)
[5142.423s][info][gc             ] GC(555) Pause Young (Normal) (G1 Evacuation Pause) 8456M->2756M(10240M) 161.849ms
[5142.423s][info][gc,cpu         ] GC(555) User=1.28s Sys=0.00s Real=0.17s
......[5147.857s][info][gc,start       ] GC(556) Pause Young (Normal) (G1 Evacuation Pause)
[5147.857s][info][gc,task        ] GC(556) Using 8 workers of 8 for evacuation
[5148.017s][info][gc,phases      ] GC(556)   Pre Evacuate Collection Set: 0.28ms
[5148.017s][info][gc,phases      ] GC(556)   Merge Heap Roots: 0.57ms
[5148.017s][info][gc,phases      ] GC(556)   Evacuate Collection Set: 158.18ms
[5148.017s][info][gc,phases      ] GC(556)   Post Evacuate Collection Set: 1.24ms
[5148.017s][info][gc,phases      ] GC(556)   Other: 0.06ms
[5148.017s][info][gc,heap        ] GC(556) Eden regions: 715->0(715)
[5148.017s][info][gc,heap        ] GC(556) Survivor regions: 53->53(96)
[5148.017s][info][gc,heap        ] GC(556) Old regions: 263->266
[5148.017s][info][gc,heap        ] GC(556) Humongous regions: 33->33
[5148.017s][info][gc,metaspace   ] GC(556) Metaspace: 35703K(37888K)->35703K(37888K) NonClass: 26699K(26944K)->26699K(26944K) Class: 9004K(10944K)->9004K(10944K)
[5148.017s][info][gc             ] GC(556) Pause Young (Normal) (G1 Evacuation Pause) 8476M->2776M(10240M) 160.467ms
[5148.017s][info][gc,cpu         ] GC(556) User=1.26s Sys=0.00s Real=0.16s
.....[5153.369s][info][gc,start       ] GC(557) Pause Young (Normal) (G1 Evacuation Pause)
[5153.369s][info][gc,task        ] GC(557) Using 8 workers of 8 for evacuation
[5153.532s][info][gc,phases      ] GC(557)   Pre Evacuate Collection Set: 0.29ms
[5153.532s][info][gc,phases      ] GC(557)   Merge Heap Roots: 0.53ms
[5153.532s][info][gc,phases      ] GC(557)   Evacuate Collection Set: 160.27ms
[5153.532s][info][gc,phases      ] GC(557)   Post Evacuate Collection Set: 1.26ms
[5153.532s][info][gc,phases      ] GC(557)   Other: 0.07ms
[5153.532s][info][gc,heap        ] GC(557) Eden regions: 715->0(715)
[5153.532s][info][gc,heap        ] GC(557) Survivor regions: 53->53(96)
[5153.532s][info][gc,heap        ] GC(557) Old regions: 266->268
[5153.532s][info][gc,heap        ] GC(557) Humongous regions: 33->33
[5153.532s][info][gc,metaspace   ] GC(557) Metaspace: 35703K(37888K)->35703K(37888K) NonClass: 26699K(26944K)->26699K(26944K) Class: 9004K(10944K)->9004K(10944K)
[5153.532s][info][gc             ] GC(557) Pause Young (Normal) (G1 Evacuation Pause) 8496M->2801M(10240M) 162.558ms
[5153.532s][info][gc,cpu         ] GC(557) User=1.28s Sys=0.00s Real=0.17s
......[5158.914s][info][gc,start       ] GC(558) Pause Young (Normal) (G1 Evacuation Pause)
[5158.914s][info][gc,task        ] GC(558) Using 8 workers of 8 for evacuation
[5159.073s][info][gc,phases      ] GC(558)   Pre Evacuate Collection Set: 0.31ms
[5159.073s][info][gc,phases      ] GC(558)   Merge Heap Roots: 0.64ms
[5159.073s][info][gc,phases      ] GC(558)   Evacuate Collection Set: 156.57ms
[5159.073s][info][gc,phases      ] GC(558)   Post Evacuate Collection Set: 1.26ms
[5159.073s][info][gc,phases      ] GC(558)   Other: 0.07ms
[5159.073s][info][gc,heap        ] GC(558) Eden regions: 715->0(715)
[5159.073s][info][gc,heap        ] GC(558) Survivor regions: 53->53(96)
[5159.073s][info][gc,heap        ] GC(558) Old regions: 268->271
[5159.073s][info][gc,heap        ] GC(558) Humongous regions: 33->33
[5159.073s][info][gc,metaspace   ] GC(558) Metaspace: 35703K(37888K)->35703K(37888K) NonClass: 26699K(26944K)->26699K(26944K) Class: 9004K(10944K)->9004K(10944K)
[5159.073s][info][gc             ] GC(558) Pause Young (Normal) (G1 Evacuation Pause) 8521M->2819M(10240M) 159.014ms
[5159.073s][info][gc,cpu         ] GC(558) User=1.25s Sys=0.00s Real=0.16s
......[5164.552s][info][gc,start       ] GC(559) Pause Young (Concurrent Start) (G1 Evacuation Pause)
[5164.552s][info][gc,task        ] GC(559) Using 8 workers of 8 for evacuation
[5164.713s][info][gc,phases      ] GC(559)   Pre Evacuate Collection Set: 0.35ms
[5164.713s][info][gc,phases      ] GC(559)   Merge Heap Roots: 0.56ms
[5164.713s][info][gc,phases      ] GC(559)   Evacuate Collection Set: 158.58ms
[5164.713s][info][gc,phases      ] GC(559)   Post Evacuate Collection Set: 1.26ms
[5164.713s][info][gc,phases      ] GC(559)   Other: 0.13ms
[5164.713s][info][gc,heap        ] GC(559) Eden regions: 715->0(716)
[5164.713s][info][gc,heap        ] GC(559) Survivor regions: 53->52(96)
[5164.713s][info][gc,heap        ] GC(559) Old regions: 271->273
[5164.713s][info][gc,heap        ] GC(559) Humongous regions: 33->33
[5164.713s][info][gc,metaspace   ] GC(559) Metaspace: 35703K(37888K)->35703K(37888K) NonClass: 26699K(26944K)->26699K(26944K) Class: 9004K(10944K)->9004K(10944K)
[5164.713s][info][gc             ] GC(559) Pause Young (Concurrent Start) (G1 Evacuation Pause) 8539M->2836M(10240M) 161.006ms
[5164.713s][info][gc             ] GC(560) Concurrent Mark Cycle
[5164.713s][info][gc,marking     ] GC(560) Concurrent Scan Root Regions
[5164.713s][info][gc,cpu         ] GC(559) User=1.27s Sys=0.00s Real=0.17s
[5165.140s][info][gc,marking     ] GC(560) Concurrent Scan Root Regions 427.640ms
[5165.140s][info][gc,marking     ] GC(560) Concurrent Mark
[5165.140s][info][gc,marking     ] GC(560) Concurrent Mark From Roots
[5165.140s][info][gc,task        ] GC(560) Using 2 workers of 2 for marking
.[5166.424s][info][gc,marking     ] GC(560) Concurrent Mark From Roots 1283.784ms
[5166.424s][info][gc,marking     ] GC(560) Concurrent Preclean
[5166.424s][info][gc,marking     ] GC(560) Concurrent Preclean 0.182ms
[5166.425s][info][gc,start       ] GC(560) Pause Remark
[5166.427s][info][gc             ] GC(560) Pause Remark 4684M->4388M(10240M) 2.039ms
[5166.427s][info][gc,cpu         ] GC(560) User=0.02s Sys=0.00s Real=0.00s
[5166.427s][info][gc,marking     ] GC(560) Concurrent Mark 1286.307ms
[5166.427s][info][gc,marking     ] GC(560) Concurrent Rebuild Remembered Sets and Scrub Regions
.[5167.003s][info][gc,marking     ] GC(560) Concurrent Rebuild Remembered Sets and Scrub Regions 576.098ms
[5167.003s][info][gc,start       ] GC(560) Pause Cleanup
[5167.003s][info][gc             ] GC(560) Pause Cleanup 5092M->5092M(10240M) 0.288ms
[5167.003s][info][gc,cpu         ] GC(560) User=0.00s Sys=0.00s Real=0.00s
[5167.003s][info][gc,marking     ] GC(560) Concurrent Clear Claimed Marks
[5167.003s][info][gc,marking     ] GC(560) Concurrent Clear Claimed Marks 0.043ms
[5167.003s][info][gc,marking     ] GC(560) Concurrent Cleanup for Next Mark
[5167.015s][info][gc,marking     ] GC(560) Concurrent Cleanup for Next Mark 12.027ms
[5167.015s][info][gc             ] GC(560) Concurrent Mark Cycle 2302.769ms
...[5170.053s][info][gc,start       ] GC(561) Pause Young (Prepare Mixed) (G1 Evacuation Pause)
[5170.053s][info][gc,task        ] GC(561) Using 8 workers of 8 for evacuation
[5170.216s][info][gc,phases      ] GC(561)   Pre Evacuate Collection Set: 0.27ms
[5170.216s][info][gc,phases      ] GC(561)   Merge Heap Roots: 0.78ms
[5170.216s][info][gc,phases      ] GC(561)   Evacuate Collection Set: 160.25ms
[5170.216s][info][gc,phases      ] GC(561)   Post Evacuate Collection Set: 1.38ms
[5170.216s][info][gc,phases      ] GC(561)   Other: 0.09ms
[5170.216s][info][gc,heap        ] GC(561) Eden regions: 716->0(715)
[5170.216s][info][gc,heap        ] GC(561) Survivor regions: 52->53(96)
[5170.216s][info][gc,heap        ] GC(561) Old regions: 236->239
[5170.216s][info][gc,heap        ] GC(561) Humongous regions: 33->33
[5170.216s][info][gc,metaspace   ] GC(561) Metaspace: 35708K(37952K)->35708K(37952K) NonClass: 26704K(27008K)->26704K(27008K) Class: 9004K(10944K)->9004K(10944K)
[5170.216s][info][gc             ] GC(561) Pause Young (Prepare Mixed) (G1 Evacuation Pause) 8268M->2563M(10240M) 162.915ms
[5170.216s][info][gc,cpu         ] GC(561) User=1.28s Sys=0.01s Real=0.16s
.....[5175.401s][info][gc,start       ] GC(562) Pause Young (Mixed) (G1 Evacuation Pause)
[5175.402s][info][gc,task        ] GC(562) Using 8 workers of 8 for evacuation
[5175.564s][info][gc,phases      ] GC(562)   Pre Evacuate Collection Set: 0.31ms
[5175.564s][info][gc,phases      ] GC(562)   Merge Heap Roots: 0.75ms
[5175.564s][info][gc,phases      ] GC(562)   Evacuate Collection Set: 159.45ms
[5175.564s][info][gc,phases      ] GC(562)   Post Evacuate Collection Set: 1.48ms
[5175.564s][info][gc,phases      ] GC(562)   Other: 0.08ms
[5175.564s][info][gc,heap        ] GC(562) Eden regions: 715->0(717)
[5175.564s][info][gc,heap        ] GC(562) Survivor regions: 53->51(96)
[5175.564s][info][gc,heap        ] GC(562) Old regions: 239->130
[5175.564s][info][gc,heap        ] GC(562) Humongous regions: 33->33
[5175.564s][info][gc,metaspace   ] GC(562) Metaspace: 35708K(37952K)->35708K(37952K) NonClass: 26704K(27008K)->26704K(27008K) Class: 9004K(10944K)->9004K(10944K)
[5175.564s][info][gc             ] GC(562) Pause Young (Mixed) (G1 Evacuation Pause) 8283M->1676M(10240M) 162.200ms
[5175.564s][info][gc,cpu         ] GC(562) User=1.28s Sys=0.00s Real=0.17s
. (rIR:aIR:PR = 8717:8667:8658) (tPR = 128663) [OK] 
  5175s: Performance info:
         Transaction,    Success,    Partial,     Failed,   Receipts, AvgBarcode, 
             Overall,     521620,          0,          0,     495433,      59.47, 
         Response times:
             Request,    Success,    Partial,     Failed,   SkipFail,     Probes,    Samples,      min,      p50,      p90,      p95,      p99,      max, 
       TotalPurchase,     495842,          0,          0,          0,     358896,     508182,      300,     6300,    18300,    48000,   101000,   810000,
     InStorePurchase,     261358,          0,          0,          0,     188615,     266969,      300,     6400,    18200,    48000,   102000,   810000,
      OnlinePurchase,     182354,          0,          0,          0,     132251,     187131,      300,     6200,    18300,    49000,    99000,   610000,
        InstPurchase,      52130,          0,          0,          0,      38030,      54082,      400,     6500,    18400,    48000,   100000,   810000,
          AssocOfCat,        527,          0,          0,          0,        441,        740,    30000,    50000,    72900,    96950,   141180,   228000,
      AssocOfProduct,       5189,          0,          0,          0,       3843,       5681,      400,     5800,    17800,    53000,   109540,   610000,
      BusinessReport,       1310,          0,          0,          0,       1185,       1833,    28000,    60000,    97000,   144000,   215000,   490000,
          CustBuyBeh,       5274,          0,          0,          0,       3775,       5599,      300,     5900,    17400,    45000,    92000,   236000,
       ProductReturn,      13972,          0,          0,          0,       9698,      14096,      200,     6300,    18000,    48000,    97030,   483000,

  5175s: (64%)   IR =   8856 .....[5180.935s][info][gc,start       ] GC(563) Pause Young (Normal) (G1 Evacuation Pause)
[5180.935s][info][gc,task        ] GC(563) Using 8 workers of 8 for evacuation
[5181.100s][info][gc,phases      ] GC(563)   Pre Evacuate Collection Set: 0.28ms
[5181.100s][info][gc,phases      ] GC(563)   Merge Heap Roots: 0.52ms
[5181.100s][info][gc,phases      ] GC(563)   Evacuate Collection Set: 162.95ms
[5181.100s][info][gc,phases      ] GC(563)   Post Evacuate Collection Set: 1.32ms
[5181.100s][info][gc,phases      ] GC(563)   Other: 0.07ms
[5181.100s][info][gc,heap        ] GC(563) Eden regions: 717->0(715)
[5181.100s][info][gc,heap        ] GC(563) Survivor regions: 51->53(96)
[5181.100s][info][gc,heap        ] GC(563) Old regions: 130->132
[5181.100s][info][gc,heap        ] GC(563) Humongous regions: 33->33
[5181.100s][info][gc,metaspace   ] GC(563) Metaspace: 35708K(37952K)->35708K(37952K) NonClass: 26704K(27008K)->26704K(27008K) Class: 9004K(10944K)->9004K(10944K)
[5181.100s][info][gc             ] GC(563) Pause Young (Normal) (G1 Evacuation Pause) 7412M->1709M(10240M) 165.285ms
[5181.100s][info][gc,cpu         ] GC(563) User=1.30s Sys=0.00s Real=0.16s
...|..[5186.248s][info][gc,start       ] GC(564) Pause Young (Normal) (G1 Evacuation Pause)
[5186.248s][info][gc,task        ] GC(564) Using 8 workers of 8 for evacuation
[5186.407s][info][gc,phases      ] GC(564)   Pre Evacuate Collection Set: 0.29ms
[5186.408s][info][gc,phases      ] GC(564)   Merge Heap Roots: 0.51ms
[5186.408s][info][gc,phases      ] GC(564)   Evacuate Collection Set: 157.28ms
[5186.408s][info][gc,phases      ] GC(564)   Post Evacuate Collection Set: 1.26ms
[5186.408s][info][gc,phases      ] GC(564)   Other: 0.07ms
[5186.408s][info][gc,heap        ] GC(564) Eden regions: 715->0(715)
[5186.408s][info][gc,heap        ] GC(564) Survivor regions: 53->53(96)
[5186.408s][info][gc,heap        ] GC(564) Old regions: 132->135
[5186.408s][info][gc,heap        ] GC(564) Humongous regions: 33->33
[5186.408s][info][gc,metaspace   ] GC(564) Metaspace: 35708K(37952K)->35708K(37952K) NonClass: 26704K(27008K)->26704K(27008K) Class: 9004K(10944K)->9004K(10944K)
[5186.408s][info][gc             ] GC(564) Pause Young (Normal) (G1 Evacuation Pause) 7429M->1733M(10240M) 159.551ms
[5186.408s][info][gc,cpu         ] GC(564) User=1.25s Sys=0.00s Real=0.16s
.....[5191.878s][info][gc,start       ] GC(565) Pause Young (Normal) (G1 Evacuation Pause)
[5191.878s][info][gc,task        ] GC(565) Using 8 workers of 8 for evacuation
[5192.043s][info][gc,phases      ] GC(565)   Pre Evacuate Collection Set: 0.28ms
[5192.043s][info][gc,phases      ] GC(565)   Merge Heap Roots: 0.60ms
[5192.043s][info][gc,phases      ] GC(565)   Evacuate Collection Set: 162.19ms
[5192.043s][info][gc,phases      ] GC(565)   Post Evacuate Collection Set: 1.25ms
[5192.043s][info][gc,phases      ] GC(565)   Other: 0.06ms
[5192.043s][info][gc,heap        ] GC(565) Eden regions: 715->0(714)
[5192.043s][info][gc,heap        ] GC(565) Survivor regions: 53->54(96)
[5192.043s][info][gc,heap        ] GC(565) Old regions: 135->137
[5192.043s][info][gc,heap        ] GC(565) Humongous regions: 33->33
[5192.043s][info][gc,metaspace   ] GC(565) Metaspace: 35708K(37952K)->35708K(37952K) NonClass: 26704K(27008K)->26704K(27008K) Class: 9004K(10944K)->9004K(10944K)
[5192.043s][info][gc             ] GC(565) Pause Young (Normal) (G1 Evacuation Pause) 7453M->1758M(10240M) 164.523ms
[5192.043s][info][gc,cpu         ] GC(565) User=1.29s Sys=0.00s Real=0.17s
......[5197.258s][info][gc,start       ] GC(566) Pause Young (Normal) (G1 Evacuation Pause)
[5197.258s][info][gc,task        ] GC(566) Using 8 workers of 8 for evacuation
[5197.418s][info][gc,phases      ] GC(566)   Pre Evacuate Collection Set: 0.31ms
[5197.418s][info][gc,phases      ] GC(566)   Merge Heap Roots: 0.62ms
[5197.418s][info][gc,phases      ] GC(566)   Evacuate Collection Set: 157.59ms
[5197.418s][info][gc,phases      ] GC(566)   Post Evacuate Collection Set: 1.24ms
[5197.418s][info][gc,phases      ] GC(566)   Other: 0.09ms
[5197.418s][info][gc,heap        ] GC(566) Eden regions: 714->0(716)
[5197.418s][info][gc,heap        ] GC(566) Survivor regions: 54->52(96)
[5197.418s][info][gc,heap        ] GC(566) Old regions: 137->140
[5197.418s][info][gc,heap        ] GC(566) Humongous regions: 33->33
[5197.418s][info][gc,metaspace   ] GC(566) Metaspace: 35708K(37952K)->35708K(37952K) NonClass: 26704K(27008K)->26704K(27008K) Class: 9004K(10944K)->9004K(10944K)
[5197.418s][info][gc             ] GC(566) Pause Young (Normal) (G1 Evacuation Pause) 7470M->1767M(10240M) 160.004ms
[5197.418s][info][gc,cpu         ] GC(566) User=1.26s Sys=0.01s Real=0.16s
.....[5202.647s][info][gc,start       ] GC(567) Pause Young (Normal) (G1 Evacuation Pause)
[5202.647s][info][gc,task        ] GC(567) Using 8 workers of 8 for evacuation
[5202.805s][info][gc,phases      ] GC(567)   Pre Evacuate Collection Set: 0.30ms
[5202.805s][info][gc,phases      ] GC(567)   Merge Heap Roots: 0.53ms
[5202.805s][info][gc,phases      ] GC(567)   Evacuate Collection Set: 155.78ms
[5202.805s][info][gc,phases      ] GC(567)   Post Evacuate Collection Set: 1.29ms
[5202.805s][info][gc,phases      ] GC(567)   Other: 0.08ms
[5202.805s][info][gc,heap        ] GC(567) Eden regions: 716->0(716)
[5202.805s][info][gc,heap        ] GC(567) Survivor regions: 52->52(96)
[5202.805s][info][gc,heap        ] GC(567) Old regions: 140->142
[5202.805s][info][gc,heap        ] GC(567) Humongous regions: 33->33
[5202.805s][info][gc,metaspace   ] GC(567) Metaspace: 35708K(37952K)->35708K(37952K) NonClass: 26704K(27008K)->26704K(27008K) Class: 9004K(10944K)->9004K(10944K)
[5202.805s][info][gc             ] GC(567) Pause Young (Normal) (G1 Evacuation Pause) 7495M->1787M(10240M) 158.120ms
[5202.806s][info][gc,cpu         ] GC(567) User=1.25s Sys=0.00s Real=0.16s
......[5208.175s][info][gc,start       ] GC(568) Pause Young (Normal) (G1 Evacuation Pause)
[5208.175s][info][gc,task        ] GC(568) Using 8 workers of 8 for evacuation
[5208.340s][info][gc,phases      ] GC(568)   Pre Evacuate Collection Set: 0.28ms
[5208.340s][info][gc,phases      ] GC(568)   Merge Heap Roots: 0.55ms
[5208.340s][info][gc,phases      ] GC(568)   Evacuate Collection Set: 163.10ms
[5208.340s][info][gc,phases      ] GC(568)   Post Evacuate Collection Set: 1.24ms
[5208.340s][info][gc,phases      ] GC(568)   Other: 0.07ms
[5208.340s][info][gc,heap        ] GC(568) Eden regions: 716->0(715)
[5208.340s][info][gc,heap        ] GC(568) Survivor regions: 52->53(96)
[5208.340s][info][gc,heap        ] GC(568) Old regions: 142->145
[5208.340s][info][gc,heap        ] GC(568) Humongous regions: 33->33
[5208.340s][info][gc,metaspace   ] GC(568) Metaspace: 35708K(37952K)->35708K(37952K) NonClass: 26704K(27008K)->26704K(27008K) Class: 9004K(10944K)->9004K(10944K)
[5208.340s][info][gc             ] GC(568) Pause Young (Normal) (G1 Evacuation Pause) 7515M->1816M(10240M) 165.371ms
[5208.340s][info][gc,cpu         ] GC(568) User=1.30s Sys=0.00s Real=0.16s
.....[5213.487s][info][gc,start       ] GC(569) Pause Young (Normal) (G1 Evacuation Pause)
[5213.487s][info][gc,task        ] GC(569) Using 8 workers of 8 for evacuation
[5213.649s][info][gc,phases      ] GC(569)   Pre Evacuate Collection Set: 0.29ms
[5213.649s][info][gc,phases      ] GC(569)   Merge Heap Roots: 0.55ms
[5213.649s][info][gc,phases      ] GC(569)   Evacuate Collection Set: 160.20ms
[5213.649s][info][gc,phases      ] GC(569)   Post Evacuate Collection Set: 1.21ms
[5213.649s][info][gc,phases      ] GC(569)   Other: 0.07ms
[5213.649s][info][gc,heap        ] GC(569) Eden regions: 715->0(716)
[5213.649s][info][gc,heap        ] GC(569) Survivor regions: 53->52(96)
[5213.649s][info][gc,heap        ] GC(569) Old regions: 145->148
[5213.649s][info][gc,heap        ] GC(569) Humongous regions: 33->33
[5213.649s][info][gc,metaspace   ] GC(569) Metaspace: 35708K(37952K)->35708K(37952K) NonClass: 26704K(27008K)->26704K(27008K) Class: 9004K(10944K)->9004K(10944K)
[5213.649s][info][gc             ] GC(569) Pause Young (Normal) (G1 Evacuation Pause) 7536M->1826M(10240M) 162.449ms
[5213.649s][info][gc,cpu         ] GC(569) User=1.28s Sys=0.00s Real=0.16s
.....[5218.859s][info][gc,start       ] GC(570) Pause Young (Normal) (G1 Evacuation Pause)
[5218.859s][info][gc,task        ] GC(570) Using 8 workers of 8 for evacuation
[5219.021s][info][gc,phases      ] GC(570)   Pre Evacuate Collection Set: 0.32ms
[5219.021s][info][gc,phases      ] GC(570)   Merge Heap Roots: 0.55ms
[5219.021s][info][gc,phases      ] GC(570)   Evacuate Collection Set: 159.19ms
[5219.021s][info][gc,phases      ] GC(570)   Post Evacuate Collection Set: 1.24ms
[5219.021s][info][gc,phases      ] GC(570)   Other: 0.06ms
[5219.021s][info][gc,heap        ] GC(570) Eden regions: 716->0(715)
[5219.021s][info][gc,heap        ] GC(570) Survivor regions: 52->53(96)
[5219.021s][info][gc,heap        ] GC(570) Old regions: 148->150
[5219.021s][info][gc,heap        ] GC(570) Humongous regions: 33->33
[5219.021s][info][gc,metaspace   ] GC(570) Metaspace: 35708K(37952K)->35708K(37952K) NonClass: 26704K(27008K)->26704K(27008K) Class: 9004K(10944K)->9004K(10944K)
[5219.021s][info][gc             ] GC(570) Pause Young (Normal) (G1 Evacuation Pause) 7554M->1854M(10240M) 161.525ms
[5219.021s][info][gc,cpu         ] GC(570) User=1.27s Sys=0.01s Real=0.16s
......[5224.313s][info][gc,start       ] GC(571) Pause Young (Normal) (G1 Evacuation Pause)
[5224.313s][info][gc,task        ] GC(571) Using 8 workers of 8 for evacuation
[5224.474s][info][gc,phases      ] GC(571)   Pre Evacuate Collection Set: 0.29ms
[5224.474s][info][gc,phases      ] GC(571)   Merge Heap Roots: 0.63ms
[5224.474s][info][gc,phases      ] GC(571)   Evacuate Collection Set: 158.18ms
[5224.474s][info][gc,phases      ] GC(571)   Post Evacuate Collection Set: 1.22ms
[5224.474s][info][gc,phases      ] GC(571)   Other: 0.09ms
[5224.474s][info][gc,heap        ] GC(571) Eden regions: 715->0(715)
[5224.474s][info][gc,heap        ] GC(571) Survivor regions: 53->53(96)
[5224.474s][info][gc,heap        ] GC(571) Old regions: 150->153
[5224.474s][info][gc,heap        ] GC(571) Humongous regions: 33->33
[5224.474s][info][gc,metaspace   ] GC(571) Metaspace: 35708K(37952K)->35708K(37952K) NonClass: 26704K(27008K)->26704K(27008K) Class: 9004K(10944K)->9004K(10944K)
[5224.474s][info][gc             ] GC(571) Pause Young (Normal) (G1 Evacuation Pause) 7574M->1874M(10240M) 160.546ms
[5224.474s][info][gc,cpu         ] GC(571) User=1.26s Sys=0.00s Real=0.16s
.....[5229.711s][info][gc,start       ] GC(572) Pause Young (Normal) (G1 Evacuation Pause)
[5229.711s][info][gc,task        ] GC(572) Using 8 workers of 8 for evacuation
[5229.876s][info][gc,phases      ] GC(572)   Pre Evacuate Collection Set: 0.32ms
[5229.876s][info][gc,phases      ] GC(572)   Merge Heap Roots: 0.55ms
[5229.876s][info][gc,phases      ] GC(572)   Evacuate Collection Set: 162.27ms
[5229.876s][info][gc,phases      ] GC(572)   Post Evacuate Collection Set: 1.25ms
[5229.876s][info][gc,phases      ] GC(572)   Other: 0.06ms
[5229.876s][info][gc,heap        ] GC(572) Eden regions: 715->0(715)
[5229.876s][info][gc,heap        ] GC(572) Survivor regions: 53->53(96)
[5229.876s][info][gc,heap        ] GC(572) Old regions: 153->155
[5229.876s][info][gc,heap        ] GC(572) Humongous regions: 33->33
[5229.876s][info][gc,metaspace   ] GC(572) Metaspace: 35708K(37952K)->35708K(37952K) NonClass: 26704K(27008K)->26704K(27008K) Class: 9004K(10944K)->9004K(10944K)
[5229.876s][info][gc             ] GC(572) Pause Young (Normal) (G1 Evacuation Pause) 7594M->1899M(10240M) 164.599ms
[5229.876s][info][gc,cpu         ] GC(572) User=1.30s Sys=0.00s Real=0.17s
......[5235.219s][info][gc,start       ] GC(573) Pause Young (Normal) (G1 Evacuation Pause)
[5235.219s][info][gc,task        ] GC(573) Using 8 workers of 8 for evacuation
[5235.383s][info][gc,phases      ] GC(573)   Pre Evacuate Collection Set: 0.31ms
[5235.383s][info][gc,phases      ] GC(573)   Merge Heap Roots: 0.56ms
[5235.383s][info][gc,phases      ] GC(573)   Evacuate Collection Set: 161.82ms
[5235.383s][info][gc,phases      ] GC(573)   Post Evacuate Collection Set: 1.28ms
[5235.383s][info][gc,phases      ] GC(573)   Other: 0.07ms
[5235.383s][info][gc,heap        ] GC(573) Eden regions: 715->0(715)
[5235.383s][info][gc,heap        ] GC(573) Survivor regions: 53->53(96)
[5235.383s][info][gc,heap        ] GC(573) Old regions: 155->158
[5235.383s][info][gc,heap        ] GC(573) Humongous regions: 33->33
[5235.383s][info][gc,metaspace   ] GC(573) Metaspace: 35708K(37952K)->35708K(37952K) NonClass: 26704K(27008K)->26704K(27008K) Class: 9004K(10944K)->9004K(10944K)
[5235.383s][info][gc             ] GC(573) Pause Young (Normal) (G1 Evacuation Pause) 7619M->1920M(10240M) 164.181ms
[5235.383s][info][gc,cpu         ] GC(573) User=1.30s Sys=0.01s Real=0.17s
.....[5240.545s][info][gc,start       ] GC(574) Pause Young (Normal) (G1 Evacuation Pause)
[5240.545s][info][gc,task        ] GC(574) Using 8 workers of 8 for evacuation
[5240.705s][info][gc,phases      ] GC(574)   Pre Evacuate Collection Set: 0.29ms
[5240.705s][info][gc,phases      ] GC(574)   Merge Heap Roots: 0.53ms
[5240.705s][info][gc,phases      ] GC(574)   Evacuate Collection Set: 157.86ms
[5240.705s][info][gc,phases      ] GC(574)   Post Evacuate Collection Set: 1.26ms
[5240.705s][info][gc,phases      ] GC(574)   Other: 0.06ms
[5240.705s][info][gc,heap        ] GC(574) Eden regions: 715->0(716)
[5240.705s][info][gc,heap        ] GC(574) Survivor regions: 53->52(96)
[5240.705s][info][gc,heap        ] GC(574) Old regions: 158->161
[5240.705s][info][gc,heap        ] GC(574) Humongous regions: 33->33
[5240.705s][info][gc,metaspace   ] GC(574) Metaspace: 35708K(37952K)->35708K(37952K) NonClass: 26704K(27008K)->26704K(27008K) Class: 9004K(10944K)->9004K(10944K)
[5240.705s][info][gc             ] GC(574) Pause Young (Normal) (G1 Evacuation Pause) 7640M->1929M(10240M) 160.156ms
[5240.705s][info][gc,cpu         ] GC(574) User=1.26s Sys=0.00s Real=0.16s
.... (rIR:aIR:PR = 8856:8874:8871) (tPR = 130327) [OK] 
  5243s: Performance info:
         Transaction,    Success,    Partial,     Failed,   Receipts, AvgBarcode, 
             Overall,     533965,          0,          0,     507436,      59.47, 
         Response times:
             Request,    Success,    Partial,     Failed,   SkipFail,     Probes,    Samples,      min,      p50,      p90,      p95,      p99,      max, 
       TotalPurchase,     507561,          0,          0,          0,     360003,     411132,      300,     6300,    15900,    35000,    94000,   478000,
     InStorePurchase,     269178,          0,          0,          0,     189207,     215657,      400,     6300,    16000,    35000,    95000,   478000,
      OnlinePurchase,     185107,          0,          0,          0,     133041,     152126,      300,     6200,    15800,    35000,    94000,   478000,
        InstPurchase,      53276,          0,          0,          0,      37755,      43349,      500,     6100,    15800,    35000,    92000,   442000,
          AssocOfCat,        534,          0,          0,          0,        461,        616,    32000,    52000,    74300,    94000,   151490,   230000,
      AssocOfProduct,       5350,          0,          0,          0,       3846,       4594,      500,     6700,    16300,    29250,    83050,   197000,
      BusinessReport,       1334,          0,          0,          0,       1191,       1512,    34000,    60000,    87700,   120000,   217000,   282000,
          CustBuyBeh,       5328,          0,          0,          0,       3870,       4595,      700,     6700,    14500,    39000,    91040,   213000,
       ProductReturn,      14037,          0,          0,          0,      10016,      11741,      300,     6200,    15100,    34000,    94160,   400000,

  5243s: (65%)   IR =   8994 .[5245.966s][info][gc,start       ] GC(575) Pause Young (Normal) (G1 Evacuation Pause)
[5245.966s][info][gc,task        ] GC(575) Using 8 workers of 8 for evacuation
[5246.130s][info][gc,phases      ] GC(575)   Pre Evacuate Collection Set: 0.29ms
[5246.130s][info][gc,phases      ] GC(575)   Merge Heap Roots: 0.65ms
[5246.130s][info][gc,phases      ] GC(575)   Evacuate Collection Set: 161.69ms
[5246.130s][info][gc,phases      ] GC(575)   Post Evacuate Collection Set: 1.23ms
[5246.130s][info][gc,phases      ] GC(575)   Other: 0.06ms
[5246.130s][info][gc,heap        ] GC(575) Eden regions: 716->0(716)
[5246.130s][info][gc,heap        ] GC(575) Survivor regions: 52->52(96)
[5246.130s][info][gc,heap        ] GC(575) Old regions: 161->163
[5246.130s][info][gc,heap        ] GC(575) Humongous regions: 33->33
[5246.130s][info][gc,metaspace   ] GC(575) Metaspace: 35708K(37952K)->35708K(37952K) NonClass: 26704K(27008K)->26704K(27008K) Class: 9004K(10944K)->9004K(10944K)
[5246.130s][info][gc             ] GC(575) Pause Young (Normal) (G1 Evacuation Pause) 7657M->1954M(10240M) 164.045ms
[5246.130s][info][gc,cpu         ] GC(575) User=1.29s Sys=0.00s Real=0.16s
......[5251.270s][info][gc,start       ] GC(576) Pause Young (Normal) (G1 Evacuation Pause)
[5251.270s][info][gc,task        ] GC(576) Using 8 workers of 8 for evacuation
[5251.430s][info][gc,phases      ] GC(576)   Pre Evacuate Collection Set: 0.33ms
[5251.430s][info][gc,phases      ] GC(576)   Merge Heap Roots: 0.56ms
[5251.430s][info][gc,phases      ] GC(576)   Evacuate Collection Set: 157.00ms
[5251.430s][info][gc,phases      ] GC(576)   Post Evacuate Collection Set: 1.26ms
[5251.430s][info][gc,phases      ] GC(576)   Other: 0.08ms
[5251.430s][info][gc,heap        ] GC(576) Eden regions: 716->0(716)
[5251.430s][info][gc,heap        ] GC(576) Survivor regions: 52->52(96)
[5251.430s][info][gc,heap        ] GC(576) Old regions: 163->166
[5251.430s][info][gc,heap        ] GC(576) Humongous regions: 33->33
[5251.430s][info][gc,metaspace   ] GC(576) Metaspace: 35708K(37952K)->35708K(37952K) NonClass: 26704K(27008K)->26704K(27008K) Class: 9004K(10944K)->9004K(10944K)
[5251.430s][info][gc             ] GC(576) Pause Young (Normal) (G1 Evacuation Pause) 7682M->1971M(10240M) 159.364ms
[5251.430s][info][gc,cpu         ] GC(576) User=1.26s Sys=0.00s Real=0.16s
...|..[5256.651s][info][gc,start       ] GC(577) Pause Young (Normal) (G1 Evacuation Pause)
[5256.651s][info][gc,task        ] GC(577) Using 8 workers of 8 for evacuation
[5256.813s][info][gc,phases      ] GC(577)   Pre Evacuate Collection Set: 0.30ms
[5256.813s][info][gc,phases      ] GC(577)   Merge Heap Roots: 0.55ms
[5256.813s][info][gc,phases      ] GC(577)   Evacuate Collection Set: 159.38ms
[5256.813s][info][gc,phases      ] GC(577)   Post Evacuate Collection Set: 1.27ms
[5256.813s][info][gc,phases      ] GC(577)   Other: 0.07ms
[5256.813s][info][gc,heap        ] GC(577) Eden regions: 716->0(716)
[5256.813s][info][gc,heap        ] GC(577) Survivor regions: 52->52(96)
[5256.813s][info][gc,heap        ] GC(577) Old regions: 166->168
[5256.813s][info][gc,heap        ] GC(577) Humongous regions: 33->33
[5256.813s][info][gc,metaspace   ] GC(577) Metaspace: 35708K(37952K)->35708K(37952K) NonClass: 26704K(27008K)->26704K(27008K) Class: 9004K(10944K)->9004K(10944K)
[5256.813s][info][gc             ] GC(577) Pause Young (Normal) (G1 Evacuation Pause) 7699M->1996M(10240M) 161.708ms
[5256.813s][info][gc,cpu         ] GC(577) User=1.27s Sys=0.00s Real=0.17s
.....[5261.913s][info][gc,start       ] GC(578) Pause Young (Normal) (G1 Evacuation Pause)
[5261.913s][info][gc,task        ] GC(578) Using 8 workers of 8 for evacuation
[5262.077s][info][gc,phases      ] GC(578)   Pre Evacuate Collection Set: 0.27ms
[5262.077s][info][gc,phases      ] GC(578)   Merge Heap Roots: 0.52ms
[5262.077s][info][gc,phases      ] GC(578)   Evacuate Collection Set: 161.18ms
[5262.077s][info][gc,phases      ] GC(578)   Post Evacuate Collection Set: 1.25ms
[5262.077s][info][gc,phases      ] GC(578)   Other: 0.06ms
[5262.077s][info][gc,heap        ] GC(578) Eden regions: 716->0(715)
[5262.077s][info][gc,heap        ] GC(578) Survivor regions: 52->53(96)
[5262.077s][info][gc,heap        ] GC(578) Old regions: 168->171
[5262.077s][info][gc,heap        ] GC(578) Humongous regions: 33->33
[5262.077s][info][gc,metaspace   ] GC(578) Metaspace: 35708K(37952K)->35708K(37952K) NonClass: 26704K(27008K)->26704K(27008K) Class: 9004K(10944K)->9004K(10944K)
[5262.077s][info][gc             ] GC(578) Pause Young (Normal) (G1 Evacuation Pause) 7724M->2025M(10240M) 163.429ms
[5262.077s][info][gc,cpu         ] GC(578) User=1.29s Sys=0.00s Real=0.16s
......[5267.254s][info][gc,start       ] GC(579) Pause Young (Normal) (G1 Evacuation Pause)
[5267.254s][info][gc,task        ] GC(579) Using 8 workers of 8 for evacuation
[5267.416s][info][gc,phases      ] GC(579)   Pre Evacuate Collection Set: 0.29ms
[5267.416s][info][gc,phases      ] GC(579)   Merge Heap Roots: 0.54ms
[5267.416s][info][gc,phases      ] GC(579)   Evacuate Collection Set: 159.41ms
[5267.416s][info][gc,phases      ] GC(579)   Post Evacuate Collection Set: 1.22ms
[5267.416s][info][gc,phases      ] GC(579)   Other: 0.06ms
[5267.416s][info][gc,heap        ] GC(579) Eden regions: 715->0(715)
[5267.416s][info][gc,heap        ] GC(579) Survivor regions: 53->53(96)
[5267.416s][info][gc,heap        ] GC(579) Old regions: 171->174
[5267.416s][info][gc,heap        ] GC(579) Humongous regions: 33->33
[5267.416s][info][gc,metaspace   ] GC(579) Metaspace: 35708K(37952K)->35708K(37952K) NonClass: 26704K(27008K)->26704K(27008K) Class: 9004K(10944K)->9004K(10944K)
[5267.416s][info][gc             ] GC(579) Pause Young (Normal) (G1 Evacuation Pause) 7745M->2041M(10240M) 161.688ms
[5267.416s][info][gc,cpu         ] GC(579) User=1.28s Sys=0.00s Real=0.16s
.....[5272.678s][info][gc,start       ] GC(580) Pause Young (Normal) (G1 Evacuation Pause)
[5272.678s][info][gc,task        ] GC(580) Using 8 workers of 8 for evacuation
[5272.840s][info][gc,phases      ] GC(580)   Pre Evacuate Collection Set: 0.31ms
[5272.840s][info][gc,phases      ] GC(580)   Merge Heap Roots: 0.56ms
[5272.840s][info][gc,phases      ] GC(580)   Evacuate Collection Set: 160.17ms
[5272.840s][info][gc,phases      ] GC(580)   Post Evacuate Collection Set: 1.24ms
[5272.840s][info][gc,phases      ] GC(580)   Other: 0.07ms
[5272.840s][info][gc,heap        ] GC(580) Eden regions: 715->0(715)
[5272.840s][info][gc,heap        ] GC(580) Survivor regions: 53->53(96)
[5272.840s][info][gc,heap        ] GC(580) Old regions: 174->176
[5272.840s][info][gc,heap        ] GC(580) Humongous regions: 33->33
[5272.840s][info][gc,metaspace   ] GC(580) Metaspace: 35708K(37952K)->35708K(37952K) NonClass: 26704K(27008K)->26704K(27008K) Class: 9004K(10944K)->9004K(10944K)
[5272.841s][info][gc             ] GC(580) Pause Young (Normal) (G1 Evacuation Pause) 7761M->2063M(10240M) 162.486ms
[5272.841s][info][gc,cpu         ] GC(580) User=1.28s Sys=0.00s Real=0.16s
.....[5278.031s][info][gc,start       ] GC(581) Pause Young (Normal) (G1 Evacuation Pause)
[5278.032s][info][gc,task        ] GC(581) Using 8 workers of 8 for evacuation
[5278.192s][info][gc,phases      ] GC(581)   Pre Evacuate Collection Set: 0.32ms
[5278.192s][info][gc,phases      ] GC(581)   Merge Heap Roots: 0.63ms
[5278.192s][info][gc,phases      ] GC(581)   Evacuate Collection Set: 157.86ms
[5278.192s][info][gc,phases      ] GC(581)   Post Evacuate Collection Set: 1.24ms
[5278.192s][info][gc,phases      ] GC(581)   Other: 0.07ms
[5278.192s][info][gc,heap        ] GC(581) Eden regions: 715->0(715)
[5278.192s][info][gc,heap        ] GC(581) Survivor regions: 53->53(96)
[5278.192s][info][gc,heap        ] GC(581) Old regions: 176->179
[5278.192s][info][gc,heap        ] GC(581) Humongous regions: 33->33
[5278.192s][info][gc,metaspace   ] GC(581) Metaspace: 35708K(37952K)->35708K(37952K) NonClass: 26704K(27008K)->26704K(27008K) Class: 9004K(10944K)->9004K(10944K)
[5278.192s][info][gc             ] GC(581) Pause Young (Normal) (G1 Evacuation Pause) 7783M->2084M(10240M) 160.266ms
[5278.192s][info][gc,cpu         ] GC(581) User=1.25s Sys=0.00s Real=0.17s
......[5283.553s][info][gc,start       ] GC(582) Pause Young (Normal) (G1 Evacuation Pause)
[5283.553s][info][gc,task        ] GC(582) Using 8 workers of 8 for evacuation
[5283.712s][info][gc,phases      ] GC(582)   Pre Evacuate Collection Set: 0.30ms
[5283.712s][info][gc,phases      ] GC(582)   Merge Heap Roots: 0.60ms
[5283.712s][info][gc,phases      ] GC(582)   Evacuate Collection Set: 156.23ms
[5283.712s][info][gc,phases      ] GC(582)   Post Evacuate Collection Set: 1.24ms
[5283.712s][info][gc,phases      ] GC(582)   Other: 0.08ms
[5283.712s][info][gc,heap        ] GC(582) Eden regions: 715->0(717)
[5283.712s][info][gc,heap        ] GC(582) Survivor regions: 53->51(96)
[5283.712s][info][gc,heap        ] GC(582) Old regions: 179->182
[5283.712s][info][gc,heap        ] GC(582) Humongous regions: 33->33
[5283.712s][info][gc,metaspace   ] GC(582) Metaspace: 35708K(37952K)->35708K(37952K) NonClass: 26704K(27008K)->26704K(27008K) Class: 9004K(10944K)->9004K(10944K)
[5283.712s][info][gc             ] GC(582) Pause Young (Normal) (G1 Evacuation Pause) 7804M->2093M(10240M) 158.590ms
[5283.712s][info][gc,cpu         ] GC(582) User=1.25s Sys=0.00s Real=0.16s
.....[5288.859s][info][gc,start       ] GC(583) Pause Young (Normal) (G1 Evacuation Pause)
[5288.859s][info][gc,task        ] GC(583) Using 8 workers of 8 for evacuation
[5289.021s][info][gc,phases      ] GC(583)   Pre Evacuate Collection Set: 0.30ms
[5289.021s][info][gc,phases      ] GC(583)   Merge Heap Roots: 0.59ms
[5289.021s][info][gc,phases      ] GC(583)   Evacuate Collection Set: 160.05ms
[5289.021s][info][gc,phases      ] GC(583)   Post Evacuate Collection Set: 1.23ms
[5289.021s][info][gc,phases      ] GC(583)   Other: 0.09ms
[5289.021s][info][gc,heap        ] GC(583) Eden regions: 717->0(715)
[5289.021s][info][gc,heap        ] GC(583) Survivor regions: 51->53(96)
[5289.021s][info][gc,heap        ] GC(583) Old regions: 182->184
[5289.021s][info][gc,heap        ] GC(583) Humongous regions: 33->33
[5289.021s][info][gc,metaspace   ] GC(583) Metaspace: 35708K(37952K)->35708K(37952K) NonClass: 26704K(27008K)->26704K(27008K) Class: 9004K(10944K)->9004K(10944K)
[5289.021s][info][gc             ] GC(583) Pause Young (Normal) (G1 Evacuation Pause) 7829M->2126M(10240M) 162.396ms
[5289.022s][info][gc,cpu         ] GC(583) User=1.28s Sys=0.00s Real=0.16s
......[5294.331s][info][gc,start       ] GC(584) Pause Young (Normal) (G1 Evacuation Pause)
[5294.331s][info][gc,task        ] GC(584) Using 8 workers of 8 for evacuation
[5294.492s][info][gc,phases      ] GC(584)   Pre Evacuate Collection Set: 0.28ms
[5294.492s][info][gc,phases      ] GC(584)   Merge Heap Roots: 0.54ms
[5294.492s][info][gc,phases      ] GC(584)   Evacuate Collection Set: 159.08ms
[5294.492s][info][gc,phases      ] GC(584)   Post Evacuate Collection Set: 1.25ms
[5294.492s][info][gc,phases      ] GC(584)   Other: 0.07ms
[5294.492s][info][gc,heap        ] GC(584) Eden regions: 715->0(716)
[5294.492s][info][gc,heap        ] GC(584) Survivor regions: 53->52(96)
[5294.492s][info][gc,heap        ] GC(584) Old regions: 184->187
[5294.492s][info][gc,heap        ] GC(584) Humongous regions: 33->33
[5294.492s][info][gc,metaspace   ] GC(584) Metaspace: 35708K(37952K)->35708K(37952K) NonClass: 26704K(27008K)->26704K(27008K) Class: 9004K(10944K)->9004K(10944K)
[5294.492s][info][gc             ] GC(584) Pause Young (Normal) (G1 Evacuation Pause) 7846M->2143M(10240M) 161.368ms
[5294.492s][info][gc,cpu         ] GC(584) User=1.27s Sys=0.00s Real=0.17s
.....[5299.618s][info][gc,start       ] GC(585) Pause Young (Normal) (G1 Evacuation Pause)
[5299.618s][info][gc,task        ] GC(585) Using 8 workers of 8 for evacuation
[5299.781s][info][gc,phases      ] GC(585)   Pre Evacuate Collection Set: 0.29ms
[5299.781s][info][gc,phases      ] GC(585)   Merge Heap Roots: 0.51ms
[5299.781s][info][gc,phases      ] GC(585)   Evacuate Collection Set: 160.53ms
[5299.781s][info][gc,phases      ] GC(585)   Post Evacuate Collection Set: 1.25ms
[5299.781s][info][gc,phases      ] GC(585)   Other: 0.07ms
[5299.781s][info][gc,heap        ] GC(585) Eden regions: 716->0(715)
[5299.781s][info][gc,heap        ] GC(585) Survivor regions: 52->53(96)
[5299.781s][info][gc,heap        ] GC(585) Old regions: 187->189
[5299.781s][info][gc,heap        ] GC(585) Humongous regions: 33->33
[5299.781s][info][gc,metaspace   ] GC(585) Metaspace: 35708K(37952K)->35708K(37952K) NonClass: 26704K(27008K)->26704K(27008K) Class: 9004K(10944K)->9004K(10944K)
[5299.781s][info][gc             ] GC(585) Pause Young (Normal) (G1 Evacuation Pause) 7871M->2167M(10240M) 162.788ms
[5299.781s][info][gc,cpu         ] GC(585) User=1.27s Sys=0.01s Real=0.16s
.....[5305.049s][info][gc,start       ] GC(586) Pause Young (Normal) (G1 Evacuation Pause)
[5305.049s][info][gc,task        ] GC(586) Using 8 workers of 8 for evacuation
[5305.212s][info][gc,phases      ] GC(586)   Pre Evacuate Collection Set: 0.28ms
[5305.212s][info][gc,phases      ] GC(586)   Merge Heap Roots: 0.53ms
[5305.212s][info][gc,phases      ] GC(586)   Evacuate Collection Set: 161.14ms
[5305.212s][info][gc,phases      ] GC(586)   Post Evacuate Collection Set: 1.26ms
[5305.212s][info][gc,phases      ] GC(586)   Other: 0.08ms
[5305.212s][info][gc,heap        ] GC(586) Eden regions: 715->0(715)
[5305.212s][info][gc,heap        ] GC(586) Survivor regions: 53->53(96)
[5305.212s][info][gc,heap        ] GC(586) Old regions: 189->192
[5305.212s][info][gc,heap        ] GC(586) Humongous regions: 33->33
[5305.212s][info][gc,metaspace   ] GC(586) Metaspace: 35708K(37952K)->35708K(37952K) NonClass: 26704K(27008K)->26704K(27008K) Class: 9004K(10944K)->9004K(10944K)
[5305.212s][info][gc             ] GC(586) Pause Young (Normal) (G1 Evacuation Pause) 7887M->2191M(10240M) 163.445ms
[5305.212s][info][gc,cpu         ] GC(586) User=1.29s Sys=0.00s Real=0.17s
......[5310.462s][info][gc,start       ] GC(587) Pause Young (Normal) (G1 Evacuation Pause)
[5310.462s][info][gc,task        ] GC(587) Using 8 workers of 8 for evacuation
[5310.619s][info][gc,phases      ] GC(587)   Pre Evacuate Collection Set: 0.30ms
[5310.619s][info][gc,phases      ] GC(587)   Merge Heap Roots: 0.51ms
[5310.619s][info][gc,phases      ] GC(587)   Evacuate Collection Set: 154.99ms
[5310.619s][info][gc,phases      ] GC(587)   Post Evacuate Collection Set: 1.31ms
[5310.619s][info][gc,phases      ] GC(587)   Other: 0.06ms
[5310.619s][info][gc,heap        ] GC(587) Eden regions: 715->0(716)
[5310.619s][info][gc,heap        ] GC(587) Survivor regions: 53->52(96)
[5310.619s][info][gc,heap        ] GC(587) Old regions: 192->194
[5310.619s][info][gc,heap        ] GC(587) Humongous regions: 33->33
[5310.619s][info][gc,metaspace   ] GC(587) Metaspace: 35708K(37952K)->35708K(37952K) NonClass: 26704K(27008K)->26704K(27008K) Class: 9004K(10944K)->9004K(10944K)
[5310.619s][info][gc             ] GC(587) Pause Young (Normal) (G1 Evacuation Pause) 7911M->2204M(10240M) 157.300ms
[5310.619s][info][gc,cpu         ] GC(587) User=1.23s Sys=0.00s Real=0.15s
.... (rIR:aIR:PR = 8994:8922:8922) (tPR = 131866) [OK] 
  5314s: Performance info:
         Transaction,    Success,    Partial,     Failed,   Receipts, AvgBarcode, 
             Overall,     535711,          0,          0,     508601,      59.47, 
         Response times:
             Request,    Success,    Partial,     Failed,   SkipFail,     Probes,    Samples,      min,      p50,      p90,      p95,      p99,      max, 
       TotalPurchase,     508601,          0,          0,          0,     359680,     423466,      300,     6100,    16400,    38000,    89000,   516000,
     InStorePurchase,     268019,          0,          0,          0,     188788,     222041,      300,     5900,    16300,    38000,    88000,   513000,
      OnlinePurchase,     186710,          0,          0,          0,     132371,     155933,      300,     6200,    16300,    38000,    89000,   516000,
        InstPurchase,      53872,          0,          0,          0,      38521,      45492,      500,     6600,    17200,    41000,    98000,   516000,
          AssocOfCat,        537,          0,          0,          0,        424,        595,    30000,    52000,    74400,   109000,   204080,   255000,
      AssocOfProduct,       5446,          0,          0,          0,       4002,       4994,      700,     6400,    18100,    37000,    88000,   242000,
      BusinessReport,       1346,          0,          0,          0,       1204,       1525,    34000,    59000,    87000,   115700,   208620,   251000,
          CustBuyBeh,       5382,          0,          0,          0,       3850,       4724,      200,     6000,    16700,    38000,    93000,   423000,
       ProductReturn,      14399,          0,          0,          0,      10121,      12233,      200,     6000,    16200,    36000,    96000,   514000,

  5314s: (66%)   IR =   9132 .[5315.825s][info][gc,start       ] GC(588) Pause Young (Normal) (G1 Evacuation Pause)
[5315.825s][info][gc,task        ] GC(588) Using 8 workers of 8 for evacuation
[5315.989s][info][gc,phases      ] GC(588)   Pre Evacuate Collection Set: 0.30ms
[5315.989s][info][gc,phases      ] GC(588)   Merge Heap Roots: 0.60ms
[5315.989s][info][gc,phases      ] GC(588)   Evacuate Collection Set: 161.56ms
[5315.989s][info][gc,phases      ] GC(588)   Post Evacuate Collection Set: 1.25ms
[5315.989s][info][gc,phases      ] GC(588)   Other: 0.07ms
[5315.989s][info][gc,heap        ] GC(588) Eden regions: 716->0(716)
[5315.989s][info][gc,heap        ] GC(588) Survivor regions: 52->52(96)
[5315.989s][info][gc,heap        ] GC(588) Old regions: 194->197
[5315.989s][info][gc,heap        ] GC(588) Humongous regions: 33->33
[5315.989s][info][gc,metaspace   ] GC(588) Metaspace: 35708K(37952K)->35708K(37952K) NonClass: 26704K(27008K)->26704K(27008K) Class: 9004K(10944K)->9004K(10944K)
[5315.989s][info][gc             ] GC(588) Pause Young (Normal) (G1 Evacuation Pause) 7932M->2222M(10240M) 163.936ms
[5315.989s][info][gc,cpu         ] GC(588) User=1.29s Sys=0.00s Real=0.16s
.....[5321.138s][info][gc,start       ] GC(589) Pause Young (Normal) (G1 Evacuation Pause)
[5321.138s][info][gc,task        ] GC(589) Using 8 workers of 8 for evacuation
[5321.304s][info][gc,phases      ] GC(589)   Pre Evacuate Collection Set: 0.28ms
[5321.304s][info][gc,phases      ] GC(589)   Merge Heap Roots: 0.56ms
[5321.304s][info][gc,phases      ] GC(589)   Evacuate Collection Set: 163.72ms
[5321.304s][info][gc,phases      ] GC(589)   Post Evacuate Collection Set: 1.24ms
[5321.304s][info][gc,phases      ] GC(589)   Other: 0.09ms
[5321.304s][info][gc,heap        ] GC(589) Eden regions: 716->0(715)
[5321.304s][info][gc,heap        ] GC(589) Survivor regions: 52->53(96)
[5321.304s][info][gc,heap        ] GC(589) Old regions: 197->200
[5321.304s][info][gc,heap        ] GC(589) Humongous regions: 33->33
[5321.304s][info][gc,metaspace   ] GC(589) Metaspace: 35708K(37952K)->35708K(37952K) NonClass: 26704K(27008K)->26704K(27008K) Class: 9004K(10944K)->9004K(10944K)
[5321.304s][info][gc             ] GC(589) Pause Young (Normal) (G1 Evacuation Pause) 7950M->2255M(10240M) 166.027ms
[5321.304s][info][gc,cpu         ] GC(589) User=1.31s Sys=0.00s Real=0.17s
....|.[5326.340s][info][gc,start       ] GC(590) Pause Young (Normal) (G1 Evacuation Pause)
[5326.340s][info][gc,task        ] GC(590) Using 8 workers of 8 for evacuation
[5326.503s][info][gc,phases      ] GC(590)   Pre Evacuate Collection Set: 0.29ms
[5326.503s][info][gc,phases      ] GC(590)   Merge Heap Roots: 0.55ms
[5326.503s][info][gc,phases      ] GC(590)   Evacuate Collection Set: 161.20ms
[5326.503s][info][gc,phases      ] GC(590)   Post Evacuate Collection Set: 1.27ms
[5326.503s][info][gc,phases      ] GC(590)   Other: 0.06ms
[5326.503s][info][gc,heap        ] GC(590) Eden regions: 715->0(715)
[5326.503s][info][gc,heap        ] GC(590) Survivor regions: 53->53(96)
[5326.503s][info][gc,heap        ] GC(590) Old regions: 200->202
[5326.503s][info][gc,heap        ] GC(590) Humongous regions: 33->33
[5326.503s][info][gc,metaspace   ] GC(590) Metaspace: 35708K(37952K)->35708K(37952K) NonClass: 26704K(27008K)->26704K(27008K) Class: 9004K(10944K)->9004K(10944K)
[5326.503s][info][gc             ] GC(590) Pause Young (Normal) (G1 Evacuation Pause) 7975M->2276M(10240M) 163.492ms
[5326.503s][info][gc,cpu         ] GC(590) User=1.28s Sys=0.00s Real=0.17s
......[5331.548s][info][gc,start       ] GC(591) Pause Young (Normal) (G1 Evacuation Pause)
[5331.548s][info][gc,task        ] GC(591) Using 8 workers of 8 for evacuation
[5331.709s][info][gc,phases      ] GC(591)   Pre Evacuate Collection Set: 0.30ms
[5331.709s][info][gc,phases      ] GC(591)   Merge Heap Roots: 0.57ms
[5331.709s][info][gc,phases      ] GC(591)   Evacuate Collection Set: 158.71ms
[5331.709s][info][gc,phases      ] GC(591)   Post Evacuate Collection Set: 1.29ms
[5331.709s][info][gc,phases      ] GC(591)   Other: 0.08ms
[5331.709s][info][gc,heap        ] GC(591) Eden regions: 715->0(715)
[5331.709s][info][gc,heap        ] GC(591) Survivor regions: 53->53(96)
[5331.709s][info][gc,heap        ] GC(591) Old regions: 202->205
[5331.709s][info][gc,heap        ] GC(591) Humongous regions: 33->33
[5331.709s][info][gc,metaspace   ] GC(591) Metaspace: 35708K(37952K)->35708K(37952K) NonClass: 26704K(27008K)->26704K(27008K) Class: 9004K(10944K)->9004K(10944K)
[5331.709s][info][gc             ] GC(591) Pause Young (Normal) (G1 Evacuation Pause) 7996M->2293M(10240M) 161.093ms
[5331.709s][info][gc,cpu         ] GC(591) User=1.26s Sys=0.00s Real=0.16s
.....[5336.856s][info][gc,start       ] GC(592) Pause Young (Normal) (G1 Evacuation Pause)
[5336.856s][info][gc,task        ] GC(592) Using 8 workers of 8 for evacuation
[5337.015s][info][gc,phases      ] GC(592)   Pre Evacuate Collection Set: 0.30ms
[5337.015s][info][gc,phases      ] GC(592)   Merge Heap Roots: 0.56ms
[5337.015s][info][gc,phases      ] GC(592)   Evacuate Collection Set: 157.42ms
[5337.015s][info][gc,phases      ] GC(592)   Post Evacuate Collection Set: 1.24ms
[5337.015s][info][gc,phases      ] GC(592)   Other: 0.07ms
[5337.015s][info][gc,heap        ] GC(592) Eden regions: 715->0(716)
[5337.015s][info][gc,heap        ] GC(592) Survivor regions: 53->52(96)
[5337.015s][info][gc,heap        ] GC(592) Old regions: 205->208
[5337.015s][info][gc,heap        ] GC(592) Humongous regions: 33->33
[5337.015s][info][gc,metaspace   ] GC(592) Metaspace: 35708K(37952K)->35708K(37952K) NonClass: 26704K(27008K)->26704K(27008K) Class: 9004K(10944K)->9004K(10944K)
[5337.015s][info][gc             ] GC(592) Pause Young (Normal) (G1 Evacuation Pause) 8013M->2310M(10240M) 159.727ms
[5337.015s][info][gc,cpu         ] GC(592) User=1.26s Sys=0.00s Real=0.16s
.....[5342.107s][info][gc,start       ] GC(593) Pause Young (Normal) (G1 Evacuation Pause)
[5342.107s][info][gc,task        ] GC(593) Using 8 workers of 8 for evacuation
[5342.270s][info][gc,phases      ] GC(593)   Pre Evacuate Collection Set: 0.28ms
[5342.270s][info][gc,phases      ] GC(593)   Merge Heap Roots: 0.57ms
[5342.270s][info][gc,phases      ] GC(593)   Evacuate Collection Set: 160.77ms
[5342.270s][info][gc,phases      ] GC(593)   Post Evacuate Collection Set: 1.30ms
[5342.270s][info][gc,phases      ] GC(593)   Other: 0.09ms
[5342.270s][info][gc,heap        ] GC(593) Eden regions: 716->0(715)
[5342.270s][info][gc,heap        ] GC(593) Survivor regions: 52->53(96)
[5342.270s][info][gc,heap        ] GC(593) Old regions: 208->210
[5342.270s][info][gc,heap        ] GC(593) Humongous regions: 33->33
[5342.270s][info][gc,metaspace   ] GC(593) Metaspace: 35708K(37952K)->35708K(37952K) NonClass: 26704K(27008K)->26704K(27008K) Class: 9004K(10944K)->9004K(10944K)
[5342.270s][info][gc             ] GC(593) Pause Young (Normal) (G1 Evacuation Pause) 8038M->2339M(10240M) 163.149ms
[5342.270s][info][gc,cpu         ] GC(593) User=1.28s Sys=0.00s Real=0.16s
.....[5347.320s][info][gc,start       ] GC(594) Pause Young (Normal) (G1 Evacuation Pause)
[5347.320s][info][gc,task        ] GC(594) Using 8 workers of 8 for evacuation
[5347.481s][info][gc,phases      ] GC(594)   Pre Evacuate Collection Set: 0.29ms
[5347.481s][info][gc,phases      ] GC(594)   Merge Heap Roots: 0.54ms
[5347.481s][info][gc,phases      ] GC(594)   Evacuate Collection Set: 157.91ms
[5347.481s][info][gc,phases      ] GC(594)   Post Evacuate Collection Set: 1.28ms
[5347.481s][info][gc,phases      ] GC(594)   Other: 0.06ms
[5347.481s][info][gc,heap        ] GC(594) Eden regions: 715->0(716)
[5347.481s][info][gc,heap        ] GC(594) Survivor regions: 53->52(96)
[5347.481s][info][gc,heap        ] GC(594) Old regions: 210->213
[5347.481s][info][gc,heap        ] GC(594) Humongous regions: 33->33
[5347.481s][info][gc,metaspace   ] GC(594) Metaspace: 35708K(37952K)->35708K(37952K) NonClass: 26704K(27008K)->26704K(27008K) Class: 9004K(10944K)->9004K(10944K)
[5347.481s][info][gc             ] GC(594) Pause Young (Normal) (G1 Evacuation Pause) 8059M->2347M(10240M) 160.209ms
[5347.481s][info][gc,cpu         ] GC(594) User=1.26s Sys=0.00s Real=0.16s
......[5352.683s][info][gc,start       ] GC(595) Pause Young (Normal) (G1 Evacuation Pause)
[5352.683s][info][gc,task        ] GC(595) Using 8 workers of 8 for evacuation
[5352.846s][info][gc,phases      ] GC(595)   Pre Evacuate Collection Set: 0.28ms
[5352.846s][info][gc,phases      ] GC(595)   Merge Heap Roots: 0.55ms
[5352.846s][info][gc,phases      ] GC(595)   Evacuate Collection Set: 161.07ms
[5352.846s][info][gc,phases      ] GC(595)   Post Evacuate Collection Set: 1.26ms
[5352.846s][info][gc,phases      ] GC(595)   Other: 0.06ms
[5352.846s][info][gc,heap        ] GC(595) Eden regions: 716->0(715)
[5352.846s][info][gc,heap        ] GC(595) Survivor regions: 52->53(96)
[5352.846s][info][gc,heap        ] GC(595) Old regions: 213->216
[5352.846s][info][gc,heap        ] GC(595) Humongous regions: 33->33
[5352.846s][info][gc,metaspace   ] GC(595) Metaspace: 35708K(37952K)->35708K(37952K) NonClass: 26704K(27008K)->26704K(27008K) Class: 9004K(10944K)->9004K(10944K)
[5352.846s][info][gc             ] GC(595) Pause Young (Normal) (G1 Evacuation Pause) 8075M->2380M(10240M) 163.382ms
[5352.846s][info][gc,cpu         ] GC(595) User=1.29s Sys=0.00s Real=0.16s
.....[5357.953s][info][gc,start       ] GC(596) Pause Young (Normal) (G1 Evacuation Pause)
[5357.953s][info][gc,task        ] GC(596) Using 8 workers of 8 for evacuation
[5358.117s][info][gc,phases      ] GC(596)   Pre Evacuate Collection Set: 0.28ms
[5358.117s][info][gc,phases      ] GC(596)   Merge Heap Roots: 0.58ms
[5358.117s][info][gc,phases      ] GC(596)   Evacuate Collection Set: 161.28ms
[5358.117s][info][gc,phases      ] GC(596)   Post Evacuate Collection Set: 1.22ms
[5358.117s][info][gc,phases      ] GC(596)   Other: 0.06ms
[5358.117s][info][gc,heap        ] GC(596) Eden regions: 715->0(714)
[5358.117s][info][gc,heap        ] GC(596) Survivor regions: 53->54(96)
[5358.117s][info][gc,heap        ] GC(596) Old regions: 216->218
[5358.117s][info][gc,heap        ] GC(596) Humongous regions: 33->33
[5358.117s][info][gc,metaspace   ] GC(596) Metaspace: 35708K(37952K)->35708K(37952K) NonClass: 26704K(27008K)->26704K(27008K) Class: 9004K(10944K)->9004K(10944K)
[5358.117s][info][gc             ] GC(596) Pause Young (Normal) (G1 Evacuation Pause) 8100M->2405M(10240M) 163.549ms
[5358.117s][info][gc,cpu         ] GC(596) User=1.29s Sys=0.00s Real=0.16s
.....[5363.163s][info][gc,start       ] GC(597) Pause Young (Normal) (G1 Evacuation Pause)
[5363.163s][info][gc,task        ] GC(597) Using 8 workers of 8 for evacuation
[5363.325s][info][gc,phases      ] GC(597)   Pre Evacuate Collection Set: 0.32ms
[5363.325s][info][gc,phases      ] GC(597)   Merge Heap Roots: 0.54ms
[5363.325s][info][gc,phases      ] GC(597)   Evacuate Collection Set: 159.89ms
[5363.325s][info][gc,phases      ] GC(597)   Post Evacuate Collection Set: 1.23ms
[5363.325s][info][gc,phases      ] GC(597)   Other: 0.06ms
[5363.325s][info][gc,heap        ] GC(597) Eden regions: 714->0(715)
[5363.325s][info][gc,heap        ] GC(597) Survivor regions: 54->53(96)
[5363.325s][info][gc,heap        ] GC(597) Old regions: 218->221
[5363.325s][info][gc,heap        ] GC(597) Humongous regions: 33->33
[5363.325s][info][gc,metaspace   ] GC(597) Metaspace: 35708K(37952K)->35708K(37952K) NonClass: 26704K(27008K)->26704K(27008K) Class: 9004K(10944K)->9004K(10944K)
[5363.325s][info][gc             ] GC(597) Pause Young (Normal) (G1 Evacuation Pause) 8117M->2417M(10240M) 162.178ms
[5363.325s][info][gc,cpu         ] GC(597) User=1.27s Sys=0.00s Real=0.16s
.....[5368.436s][info][gc,start       ] GC(598) Pause Young (Normal) (G1 Evacuation Pause)
[5368.436s][info][gc,task        ] GC(598) Using 8 workers of 8 for evacuation
[5368.597s][info][gc,phases      ] GC(598)   Pre Evacuate Collection Set: 0.29ms
[5368.597s][info][gc,phases      ] GC(598)   Merge Heap Roots: 0.60ms
[5368.597s][info][gc,phases      ] GC(598)   Evacuate Collection Set: 159.31ms
[5368.597s][info][gc,phases      ] GC(598)   Post Evacuate Collection Set: 1.22ms
[5368.597s][info][gc,phases      ] GC(598)   Other: 0.07ms
[5368.597s][info][gc,heap        ] GC(598) Eden regions: 715->0(716)
[5368.597s][info][gc,heap        ] GC(598) Survivor regions: 53->52(96)
[5368.597s][info][gc,heap        ] GC(598) Old regions: 221->223
[5368.597s][info][gc,heap        ] GC(598) Humongous regions: 33->33
[5368.597s][info][gc,metaspace   ] GC(598) Metaspace: 35708K(37952K)->35708K(37952K) NonClass: 26704K(27008K)->26704K(27008K) Class: 9004K(10944K)->9004K(10944K)
[5368.597s][info][gc             ] GC(598) Pause Young (Normal) (G1 Evacuation Pause) 8137M->2430M(10240M) 161.612ms
[5368.597s][info][gc,cpu         ] GC(598) User=1.27s Sys=0.00s Real=0.16s
......[5373.682s][info][gc,start       ] GC(599) Pause Young (Normal) (G1 Evacuation Pause)
[5373.683s][info][gc,task        ] GC(599) Using 8 workers of 8 for evacuation
[5373.848s][info][gc,phases      ] GC(599)   Pre Evacuate Collection Set: 0.30ms
[5373.848s][info][gc,phases      ] GC(599)   Merge Heap Roots: 0.54ms
[5373.848s][info][gc,phases      ] GC(599)   Evacuate Collection Set: 163.09ms
[5373.848s][info][gc,phases      ] GC(599)   Post Evacuate Collection Set: 1.24ms
[5373.848s][info][gc,phases      ] GC(599)   Other: 0.08ms
[5373.848s][info][gc,heap        ] GC(599) Eden regions: 716->0(715)
[5373.848s][info][gc,heap        ] GC(599) Survivor regions: 52->53(96)
[5373.848s][info][gc,heap        ] GC(599) Old regions: 223->226
[5373.848s][info][gc,heap        ] GC(599) Humongous regions: 33->33
[5373.848s][info][gc,metaspace   ] GC(599) Metaspace: 35708K(37952K)->35708K(37952K) NonClass: 26704K(27008K)->26704K(27008K) Class: 9004K(10944K)->9004K(10944K)
[5373.848s][info][gc             ] GC(599) Pause Young (Normal) (G1 Evacuation Pause) 8158M->2458M(10240M) 165.383ms
[5373.848s][info][gc,cpu         ] GC(599) User=1.30s Sys=0.00s Real=0.16s
.....[5379.075s][info][gc,start       ] GC(600) Pause Young (Normal) (G1 Evacuation Pause)
[5379.075s][info][gc,task        ] GC(600) Using 8 workers of 8 for evacuation
[5379.238s][info][gc,phases      ] GC(600)   Pre Evacuate Collection Set: 0.29ms
[5379.238s][info][gc,phases      ] GC(600)   Merge Heap Roots: 0.56ms
[5379.238s][info][gc,phases      ] GC(600)   Evacuate Collection Set: 160.90ms
[5379.238s][info][gc,phases      ] GC(600)   Post Evacuate Collection Set: 1.23ms
[5379.238s][info][gc,phases      ] GC(600)   Other: 0.09ms
[5379.238s][info][gc,heap        ] GC(600) Eden regions: 715->0(715)
[5379.238s][info][gc,heap        ] GC(600) Survivor regions: 53->53(96)
[5379.238s][info][gc,heap        ] GC(600) Old regions: 226->228
[5379.238s][info][gc,heap        ] GC(600) Humongous regions: 33->33
[5379.238s][info][gc,metaspace   ] GC(600) Metaspace: 35708K(37952K)->35708K(37952K) NonClass: 26704K(27008K)->26704K(27008K) Class: 9004K(10944K)->9004K(10944K)
[5379.238s][info][gc             ] GC(600) Pause Young (Normal) (G1 Evacuation Pause) 8178M->2479M(10240M) 163.206ms
[5379.238s][info][gc,cpu         ] GC(600) User=1.29s Sys=0.00s Real=0.16s
.....[5384.322s][info][gc,start       ] GC(601) Pause Young (Normal) (G1 Evacuation Pause)
[5384.322s][info][gc,task        ] GC(601) Using 8 workers of 8 for evacuation
[5384.480s][info][gc,phases      ] GC(601)   Pre Evacuate Collection Set: 0.30ms
[5384.480s][info][gc,phases      ] GC(601)   Merge Heap Roots: 0.58ms
[5384.480s][info][gc,phases      ] GC(601)   Evacuate Collection Set: 156.07ms
[5384.480s][info][gc,phases      ] GC(601)   Post Evacuate Collection Set: 1.24ms
[5384.480s][info][gc,phases      ] GC(601)   Other: 0.07ms
[5384.480s][info][gc,heap        ] GC(601) Eden regions: 715->0(716)
[5384.480s][info][gc,heap        ] GC(601) Survivor regions: 53->52(96)
[5384.480s][info][gc,heap        ] GC(601) Old regions: 228->231
[5384.480s][info][gc,heap        ] GC(601) Humongous regions: 33->33
[5384.480s][info][gc,metaspace   ] GC(601) Metaspace: 35708K(37952K)->35708K(37952K) NonClass: 26704K(27008K)->26704K(27008K) Class: 9004K(10944K)->9004K(10944K)
[5384.480s][info][gc             ] GC(601) Pause Young (Normal) (G1 Evacuation Pause) 8199M->2492M(10240M) 158.400ms
[5384.480s][info][gc,cpu         ] GC(601) User=1.25s Sys=0.00s Real=0.15s
. (rIR:aIR:PR = 9132:9088:9088) (tPR = 136099) [OK] 
  5384s: Performance info:
         Transaction,    Success,    Partial,     Failed,   Receipts, AvgBarcode, 
             Overall,     547767,          0,          0,     520188,      59.48, 
         Response times:
             Request,    Success,    Partial,     Failed,   SkipFail,     Probes,    Samples,      min,      p50,      p90,      p95,      p99,      max, 
       TotalPurchase,     520131,          0,          0,          0,     359773,     424062,      300,     6800,    18100,    51000,   124000,   610000,
     InStorePurchase,     272257,          0,          0,          0,     188877,     222475,      300,     6900,    18400,    50000,   122000,   610000,
      OnlinePurchase,     193112,          0,          0,          0,     132666,     156295,      300,     6800,    17900,    52000,   125000,   610000,
        InstPurchase,      54762,          0,          0,          0,      38230,      45292,      400,     6700,    17700,    53000,   120000,   600000,
          AssocOfCat,        550,          0,          0,          0,        471,        675,    30000,    51000,    79400,   129800,   208240,   348000,
      AssocOfProduct,       5486,          0,          0,          0,       4047,       5123,      700,     6500,    17000,    46000,   116000,   271000,
      BusinessReport,       1377,          0,          0,          0,       1227,       1539,    32000,    62000,    89000,   121000,   222600,   258000,
          CustBuyBeh,       5529,          0,          0,          0,       3898,       4776,      300,     6400,    17100,    53000,   113000,   220000,
       ProductReturn,      14669,          0,          0,          0,       9263,      11248,      200,     6700,    17300,    42000,   125000,   392000,

  5384s: (67%)   IR =   9271 ....[5389.601s][info][gc,start       ] GC(602) Pause Young (Normal) (G1 Evacuation Pause)
[5389.601s][info][gc,task        ] GC(602) Using 8 workers of 8 for evacuation
[5389.767s][info][gc,phases      ] GC(602)   Pre Evacuate Collection Set: 0.29ms
[5389.767s][info][gc,phases      ] GC(602)   Merge Heap Roots: 0.55ms
[5389.767s][info][gc,phases      ] GC(602)   Evacuate Collection Set: 164.51ms
[5389.767s][info][gc,phases      ] GC(602)   Post Evacuate Collection Set: 1.24ms
[5389.767s][info][gc,phases      ] GC(602)   Other: 0.07ms
[5389.767s][info][gc,heap        ] GC(602) Eden regions: 716->0(715)
[5389.767s][info][gc,heap        ] GC(602) Survivor regions: 52->53(96)
[5389.767s][info][gc,heap        ] GC(602) Old regions: 231->234
[5389.767s][info][gc,heap        ] GC(602) Humongous regions: 33->33
[5389.767s][info][gc,metaspace   ] GC(602) Metaspace: 35708K(37952K)->35708K(37952K) NonClass: 26704K(27008K)->26704K(27008K) Class: 9004K(10944K)->9004K(10944K)
[5389.767s][info][gc             ] GC(602) Pause Young (Normal) (G1 Evacuation Pause) 8220M->2526M(10240M) 166.795ms
[5389.767s][info][gc,cpu         ] GC(602) User=1.31s Sys=0.00s Real=0.17s
.....|.[5394.818s][info][gc,start       ] GC(603) Pause Young (Normal) (G1 Evacuation Pause)
[5394.818s][info][gc,task        ] GC(603) Using 8 workers of 8 for evacuation
[5394.979s][info][gc,phases      ] GC(603)   Pre Evacuate Collection Set: 0.29ms
[5394.979s][info][gc,phases      ] GC(603)   Merge Heap Roots: 0.56ms
[5394.979s][info][gc,phases      ] GC(603)   Evacuate Collection Set: 158.77ms
[5394.979s][info][gc,phases      ] GC(603)   Post Evacuate Collection Set: 1.31ms
[5394.979s][info][gc,phases      ] GC(603)   Other: 0.07ms
[5394.979s][info][gc,heap        ] GC(603) Eden regions: 715->0(716)
[5394.979s][info][gc,heap        ] GC(603) Survivor regions: 53->52(96)
[5394.979s][info][gc,heap        ] GC(603) Old regions: 234->236
[5394.979s][info][gc,heap        ] GC(603) Humongous regions: 33->33
[5394.979s][info][gc,metaspace   ] GC(603) Metaspace: 35708K(37952K)->35708K(37952K) NonClass: 26704K(27008K)->26704K(27008K) Class: 9004K(10944K)->9004K(10944K)
[5394.979s][info][gc             ] GC(603) Pause Young (Normal) (G1 Evacuation Pause) 8246M->2539M(10240M) 161.138ms
[5394.979s][info][gc,cpu         ] GC(603) User=1.27s Sys=0.00s Real=0.16s
.....[5399.975s][info][gc,start       ] GC(604) Pause Young (Normal) (G1 Evacuation Pause)
[5399.975s][info][gc,task        ] GC(604) Using 8 workers of 8 for evacuation
[5400.142s][info][gc,phases      ] GC(604)   Pre Evacuate Collection Set: 0.28ms
[5400.142s][info][gc,phases      ] GC(604)   Merge Heap Roots: 0.59ms
[5400.142s][info][gc,phases      ] GC(604)   Evacuate Collection Set: 164.99ms
[5400.142s][info][gc,phases      ] GC(604)   Post Evacuate Collection Set: 1.34ms
[5400.142s][info][gc,phases      ] GC(604)   Other: 0.07ms
[5400.142s][info][gc,heap        ] GC(604) Eden regions: 716->0(714)
[5400.142s][info][gc,heap        ] GC(604) Survivor regions: 52->54(96)
[5400.142s][info][gc,heap        ] GC(604) Old regions: 236->239
[5400.142s][info][gc,heap        ] GC(604) Humongous regions: 33->33
[5400.142s][info][gc,metaspace   ] GC(604) Metaspace: 35708K(37952K)->35708K(37952K) NonClass: 26704K(27008K)->26704K(27008K) Class: 9004K(10944K)->9004K(10944K)
[5400.142s][info][gc             ] GC(604) Pause Young (Normal) (G1 Evacuation Pause) 8267M->2571M(10240M) 167.425ms
[5400.142s][info][gc,cpu         ] GC(604) User=1.32s Sys=0.00s Real=0.17s
.....[5405.130s][info][gc,start       ] GC(605) Pause Young (Normal) (G1 Evacuation Pause)
[5405.130s][info][gc,task        ] GC(605) Using 8 workers of 8 for evacuation
[5405.296s][info][gc,phases      ] GC(605)   Pre Evacuate Collection Set: 0.31ms
[5405.296s][info][gc,phases      ] GC(605)   Merge Heap Roots: 0.60ms
[5405.296s][info][gc,phases      ] GC(605)   Evacuate Collection Set: 163.05ms
[5405.296s][info][gc,phases      ] GC(605)   Post Evacuate Collection Set: 1.25ms
[5405.296s][info][gc,phases      ] GC(605)   Other: 0.07ms
[5405.296s][info][gc,heap        ] GC(605) Eden regions: 714->0(714)
[5405.296s][info][gc,heap        ] GC(605) Survivor regions: 54->54(96)
[5405.296s][info][gc,heap        ] GC(605) Old regions: 239->242
[5405.296s][info][gc,heap        ] GC(605) Humongous regions: 33->33
[5405.296s][info][gc,metaspace   ] GC(605) Metaspace: 35708K(37952K)->35708K(37952K) NonClass: 26704K(27008K)->26704K(27008K) Class: 9004K(10944K)->9004K(10944K)
[5405.296s][info][gc             ] GC(605) Pause Young (Normal) (G1 Evacuation Pause) 8283M->2592M(10240M) 165.405ms
[5405.296s][info][gc,cpu         ] GC(605) User=1.30s Sys=0.00s Real=0.17s
.....[5410.234s][info][gc,start       ] GC(606) Pause Young (Normal) (G1 Evacuation Pause)
[5410.234s][info][gc,task        ] GC(606) Using 8 workers of 8 for evacuation
[5410.397s][info][gc,phases      ] GC(606)   Pre Evacuate Collection Set: 0.32ms
[5410.397s][info][gc,phases      ] GC(606)   Merge Heap Roots: 0.63ms
[5410.397s][info][gc,phases      ] GC(606)   Evacuate Collection Set: 160.27ms
[5410.397s][info][gc,phases      ] GC(606)   Post Evacuate Collection Set: 1.23ms
[5410.397s][info][gc,phases      ] GC(606)   Other: 0.06ms
[5410.397s][info][gc,heap        ] GC(606) Eden regions: 714->0(715)
[5410.397s][info][gc,heap        ] GC(606) Survivor regions: 54->53(96)
[5410.397s][info][gc,heap        ] GC(606) Old regions: 242->244
[5410.397s][info][gc,heap        ] GC(606) Humongous regions: 33->33
[5410.397s][info][gc,metaspace   ] GC(606) Metaspace: 35708K(37952K)->35708K(37952K) NonClass: 26704K(27008K)->26704K(27008K) Class: 9004K(10944K)->9004K(10944K)
[5410.397s][info][gc             ] GC(606) Pause Young (Normal) (G1 Evacuation Pause) 8304M->2606M(10240M) 162.658ms
[5410.397s][info][gc,cpu         ] GC(606) User=1.28s Sys=0.01s Real=0.16s
.....[5415.404s][info][gc,start       ] GC(607) Pause Young (Normal) (G1 Evacuation Pause)
[5415.404s][info][gc,task        ] GC(607) Using 8 workers of 8 for evacuation
[5415.568s][info][gc,phases      ] GC(607)   Pre Evacuate Collection Set: 0.29ms
[5415.568s][info][gc,phases      ] GC(607)   Merge Heap Roots: 0.60ms
[5415.568s][info][gc,phases      ] GC(607)   Evacuate Collection Set: 161.78ms
[5415.568s][info][gc,phases      ] GC(607)   Post Evacuate Collection Set: 1.24ms
[5415.568s][info][gc,phases      ] GC(607)   Other: 0.07ms
[5415.568s][info][gc,heap        ] GC(607) Eden regions: 715->0(716)
[5415.568s][info][gc,heap        ] GC(607) Survivor regions: 53->52(96)
[5415.568s][info][gc,heap        ] GC(607) Old regions: 244->247
[5415.568s][info][gc,heap        ] GC(607) Humongous regions: 33->33
[5415.568s][info][gc,metaspace   ] GC(607) Metaspace: 35708K(37952K)->35708K(37952K) NonClass: 26704K(27008K)->26704K(27008K) Class: 9004K(10944K)->9004K(10944K)
[5415.568s][info][gc             ] GC(607) Pause Young (Normal) (G1 Evacuation Pause) 8326M->2623M(10240M) 164.117ms
[5415.568s][info][gc,cpu         ] GC(607) User=1.30s Sys=0.00s Real=0.16s
.....[5420.534s][info][gc,start       ] GC(608) Pause Young (Normal) (G1 Evacuation Pause)
[5420.534s][info][gc,task        ] GC(608) Using 8 workers of 8 for evacuation
[5420.701s][info][gc,phases      ] GC(608)   Pre Evacuate Collection Set: 0.29ms
[5420.701s][info][gc,phases      ] GC(608)   Merge Heap Roots: 0.60ms
[5420.701s][info][gc,phases      ] GC(608)   Evacuate Collection Set: 164.64ms
[5420.701s][info][gc,phases      ] GC(608)   Post Evacuate Collection Set: 1.26ms
[5420.701s][info][gc,phases      ] GC(608)   Other: 0.07ms
[5420.701s][info][gc,heap        ] GC(608) Eden regions: 716->0(715)
[5420.701s][info][gc,heap        ] GC(608) Survivor regions: 52->53(96)
[5420.701s][info][gc,heap        ] GC(608) Old regions: 247->250
[5420.701s][info][gc,heap        ] GC(608) Humongous regions: 33->33
[5420.701s][info][gc,metaspace   ] GC(608) Metaspace: 35708K(37952K)->35708K(37952K) NonClass: 26704K(27008K)->26704K(27008K) Class: 9004K(10944K)->9004K(10944K)
[5420.701s][info][gc             ] GC(608) Pause Young (Normal) (G1 Evacuation Pause) 8351M->2652M(10240M) 166.989ms
[5420.701s][info][gc,cpu         ] GC(608) User=1.31s Sys=0.00s Real=0.16s
.....[5425.719s][info][gc,start       ] GC(609) Pause Young (Normal) (G1 Evacuation Pause)
[5425.719s][info][gc,task        ] GC(609) Using 8 workers of 8 for evacuation
[5425.886s][info][gc,phases      ] GC(609)   Pre Evacuate Collection Set: 0.29ms
[5425.886s][info][gc,phases      ] GC(609)   Merge Heap Roots: 0.59ms
[5425.886s][info][gc,phases      ] GC(609)   Evacuate Collection Set: 164.35ms
[5425.886s][info][gc,phases      ] GC(609)   Post Evacuate Collection Set: 1.29ms
[5425.886s][info][gc,phases      ] GC(609)   Other: 0.07ms
[5425.886s][info][gc,heap        ] GC(609) Eden regions: 715->0(715)
[5425.886s][info][gc,heap        ] GC(609) Survivor regions: 53->53(96)
[5425.886s][info][gc,heap        ] GC(609) Old regions: 250->252
[5425.886s][info][gc,heap        ] GC(609) Humongous regions: 33->33
[5425.886s][info][gc,metaspace   ] GC(609) Metaspace: 35708K(37952K)->35708K(37952K) NonClass: 26704K(27008K)->26704K(27008K) Class: 9004K(10944K)->9004K(10944K)
[5425.886s][info][gc             ] GC(609) Pause Young (Normal) (G1 Evacuation Pause) 8372M->2673M(10240M) 166.750ms
[5425.886s][info][gc,cpu         ] GC(609) User=1.31s Sys=0.00s Real=0.17s
......[5430.970s][info][gc,start       ] GC(610) Pause Young (Normal) (G1 Evacuation Pause)
[5430.970s][info][gc,task        ] GC(610) Using 8 workers of 8 for evacuation
[5431.140s][info][gc,phases      ] GC(610)   Pre Evacuate Collection Set: 0.28ms
[5431.140s][info][gc,phases      ] GC(610)   Merge Heap Roots: 0.58ms
[5431.140s][info][gc,phases      ] GC(610)   Evacuate Collection Set: 168.17ms
[5431.140s][info][gc,phases      ] GC(610)   Post Evacuate Collection Set: 1.23ms
[5431.140s][info][gc,phases      ] GC(610)   Other: 0.07ms
[5431.140s][info][gc,heap        ] GC(610) Eden regions: 715->0(714)
[5431.140s][info][gc,heap        ] GC(610) Survivor regions: 53->54(96)
[5431.140s][info][gc,heap        ] GC(610) Old regions: 252->255
[5431.140s][info][gc,heap        ] GC(610) Humongous regions: 33->33
[5431.140s][info][gc,metaspace   ] GC(610) Metaspace: 35708K(37952K)->35708K(37952K) NonClass: 26704K(27008K)->26704K(27008K) Class: 9004K(10944K)->9004K(10944K)
[5431.140s][info][gc             ] GC(610) Pause Young (Normal) (G1 Evacuation Pause) 8393M->2698M(10240M) 170.465ms
[5431.140s][info][gc,cpu         ] GC(610) User=1.35s Sys=0.00s Real=0.17s
.....[5436.225s][info][gc,start       ] GC(611) Pause Young (Normal) (G1 Evacuation Pause)
[5436.225s][info][gc,task        ] GC(611) Using 8 workers of 8 for evacuation
[5436.385s][info][gc,phases      ] GC(611)   Pre Evacuate Collection Set: 0.29ms
[5436.385s][info][gc,phases      ] GC(611)   Merge Heap Roots: 0.62ms
[5436.385s][info][gc,phases      ] GC(611)   Evacuate Collection Set: 157.69ms
[5436.385s][info][gc,phases      ] GC(611)   Post Evacuate Collection Set: 1.26ms
[5436.385s][info][gc,phases      ] GC(611)   Other: 0.07ms
[5436.385s][info][gc,heap        ] GC(611) Eden regions: 714->0(716)
[5436.385s][info][gc,heap        ] GC(611) Survivor regions: 54->52(96)
[5436.385s][info][gc,heap        ] GC(611) Old regions: 255->257
[5436.385s][info][gc,heap        ] GC(611) Humongous regions: 33->33
[5436.385s][info][gc,metaspace   ] GC(611) Metaspace: 35708K(37952K)->35708K(37952K) NonClass: 26704K(27008K)->26704K(27008K) Class: 9004K(10944K)->9004K(10944K)
[5436.385s][info][gc             ] GC(611) Pause Young (Normal) (G1 Evacuation Pause) 8410M->2707M(10240M) 160.068ms
[5436.385s][info][gc,cpu         ] GC(611) User=1.25s Sys=0.01s Real=0.16s
.....[5441.387s][info][gc,start       ] GC(612) Pause Young (Normal) (G1 Evacuation Pause)
[5441.387s][info][gc,task        ] GC(612) Using 8 workers of 8 for evacuation
[5441.546s][info][gc,phases      ] GC(612)   Pre Evacuate Collection Set: 0.29ms
[5441.546s][info][gc,phases      ] GC(612)   Merge Heap Roots: 0.56ms
[5441.546s][info][gc,phases      ] GC(612)   Evacuate Collection Set: 156.98ms
[5441.546s][info][gc,phases      ] GC(612)   Post Evacuate Collection Set: 1.31ms
[5441.546s][info][gc,phases      ] GC(612)   Other: 0.08ms
[5441.546s][info][gc,heap        ] GC(612) Eden regions: 716->0(717)
[5441.546s][info][gc,heap        ] GC(612) Survivor regions: 52->51(96)
[5441.546s][info][gc,heap        ] GC(612) Old regions: 257->260
[5441.546s][info][gc,heap        ] GC(612) Humongous regions: 33->33
[5441.546s][info][gc,metaspace   ] GC(612) Metaspace: 35708K(37952K)->35708K(37952K) NonClass: 26704K(27008K)->26704K(27008K) Class: 9004K(10944K)->9004K(10944K)
[5441.546s][info][gc             ] GC(612) Pause Young (Normal) (G1 Evacuation Pause) 8435M->2721M(10240M) 159.341ms
[5441.547s][info][gc,cpu         ] GC(612) User=1.25s Sys=0.00s Real=0.16s
.....[5446.689s][info][gc,start       ] GC(613) Pause Young (Normal) (G1 Evacuation Pause)
[5446.689s][info][gc,task        ] GC(613) Using 8 workers of 8 for evacuation
[5446.854s][info][gc,phases      ] GC(613)   Pre Evacuate Collection Set: 0.31ms
[5446.854s][info][gc,phases      ] GC(613)   Merge Heap Roots: 0.56ms
[5446.854s][info][gc,phases      ] GC(613)   Evacuate Collection Set: 163.19ms
[5446.854s][info][gc,phases      ] GC(613)   Post Evacuate Collection Set: 1.25ms
[5446.854s][info][gc,phases      ] GC(613)   Other: 0.08ms
[5446.854s][info][gc,heap        ] GC(613) Eden regions: 717->0(715)
[5446.854s][info][gc,heap        ] GC(613) Survivor regions: 51->53(96)
[5446.854s][info][gc,heap        ] GC(613) Old regions: 260->263
[5446.854s][info][gc,heap        ] GC(613) Humongous regions: 33->33
[5446.854s][info][gc,metaspace   ] GC(613) Metaspace: 35708K(37952K)->35708K(37952K) NonClass: 26704K(27008K)->26704K(27008K) Class: 9004K(10944K)->9004K(10944K)
[5446.854s][info][gc             ] GC(613) Pause Young (Normal) (G1 Evacuation Pause) 8457M->2758M(10240M) 165.530ms
[5446.854s][info][gc,cpu         ] GC(613) User=1.31s Sys=0.00s Real=0.17s
.....[5451.881s][info][gc,start       ] GC(614) Pause Young (Normal) (G1 Evacuation Pause)
[5451.881s][info][gc,task        ] GC(614) Using 8 workers of 8 for evacuation
[5452.043s][info][gc,phases      ] GC(614)   Pre Evacuate Collection Set: 0.30ms
[5452.043s][info][gc,phases      ] GC(614)   Merge Heap Roots: 0.52ms
[5452.043s][info][gc,phases      ] GC(614)   Evacuate Collection Set: 159.76ms
[5452.043s][info][gc,phases      ] GC(614)   Post Evacuate Collection Set: 1.27ms
[5452.043s][info][gc,phases      ] GC(614)   Other: 0.06ms
[5452.043s][info][gc,heap        ] GC(614) Eden regions: 715->0(714)
[5452.043s][info][gc,heap        ] GC(614) Survivor regions: 53->54(96)
[5452.043s][info][gc,heap        ] GC(614) Old regions: 263->265
[5452.043s][info][gc,heap        ] GC(614) Humongous regions: 33->33
[5452.043s][info][gc,metaspace   ] GC(614) Metaspace: 35708K(37952K)->35708K(37952K) NonClass: 26704K(27008K)->26704K(27008K) Class: 9004K(10944K)->9004K(10944K)
[5452.043s][info][gc             ] GC(614) Pause Young (Normal) (G1 Evacuation Pause) 8478M->2782M(10240M) 162.037ms
[5452.043s][info][gc,cpu         ] GC(614) User=1.27s Sys=0.00s Real=0.17s
... (rIR:aIR:PR = 9271:9271:9272) (tPR = 139313) [OK] 
  5453s: Performance info:
         Transaction,    Success,    Partial,     Failed,   Receipts, AvgBarcode, 
             Overall,     558903,          0,          0,     530991,      59.47, 
         Response times:
             Request,    Success,    Partial,     Failed,   SkipFail,     Probes,    Samples,      min,      p50,      p90,      p95,      p99,      max, 
       TotalPurchase,     530917,          0,          0,          0,     358929,     418152,      300,     6300,    19300,    48000,   120000,   501000,
     InStorePurchase,     276198,          0,          0,          0,     189298,     220087,      300,     6400,    19200,    47000,   120000,   501000,
      OnlinePurchase,     199117,          0,          0,          0,     131872,     153736,      300,     6300,    19400,    48000,   121000,   501000,
        InstPurchase,      55602,          0,          0,          0,      37759,      44329,      400,     6100,    19500,    53000,   117000,   499000,
          AssocOfCat,        557,          0,          0,          0,        436,        606,    32000,    54000,    79000,   104000,   212000,   248000,
      AssocOfProduct,       5596,          0,          0,          0,       4011,       4883,      700,     6400,    20600,    53000,   116000,   467000,
      BusinessReport,       1397,          0,          0,          0,       1227,       1576,    36000,    63000,    96000,   148000,   241000,   352000,
          CustBuyBeh,       5561,          0,          0,          0,       4082,       4979,      300,     6000,    18300,    52000,   123200,   323000,
       ProductReturn,      14795,          0,          0,          0,       9484,      11290,      200,     6400,    19700,    47450,   115000,   499000,

  5453s: (68%)   IR =   9409 ..[5456.965s][info][gc,start       ] GC(615) Pause Young (Normal) (G1 Evacuation Pause)
[5456.965s][info][gc,task        ] GC(615) Using 8 workers of 8 for evacuation
[5457.128s][info][gc,phases      ] GC(615)   Pre Evacuate Collection Set: 0.29ms
[5457.128s][info][gc,phases      ] GC(615)   Merge Heap Roots: 0.57ms
[5457.128s][info][gc,phases      ] GC(615)   Evacuate Collection Set: 161.34ms
[5457.128s][info][gc,phases      ] GC(615)   Post Evacuate Collection Set: 1.28ms
[5457.128s][info][gc,phases      ] GC(615)   Other: 0.06ms
[5457.128s][info][gc,heap        ] GC(615) Eden regions: 714->0(715)
[5457.128s][info][gc,heap        ] GC(615) Survivor regions: 54->53(96)
[5457.128s][info][gc,heap        ] GC(615) Old regions: 265->268
[5457.128s][info][gc,heap        ] GC(615) Humongous regions: 33->33
[5457.128s][info][gc,metaspace   ] GC(615) Metaspace: 35708K(37952K)->35708K(37952K) NonClass: 26704K(27008K)->26704K(27008K) Class: 9004K(10944K)->9004K(10944K)
[5457.128s][info][gc             ] GC(615) Pause Young (Normal) (G1 Evacuation Pause) 8494M->2799M(10240M) 163.676ms
[5457.128s][info][gc,cpu         ] GC(615) User=1.29s Sys=0.00s Real=0.16s
.....[5462.087s][info][gc,start       ] GC(616) Pause Young (Normal) (G1 Evacuation Pause)
[5462.088s][info][gc,task        ] GC(616) Using 8 workers of 8 for evacuation
[5462.252s][info][gc,phases      ] GC(616)   Pre Evacuate Collection Set: 0.31ms
[5462.252s][info][gc,phases      ] GC(616)   Merge Heap Roots: 0.61ms
[5462.252s][info][gc,phases      ] GC(616)   Evacuate Collection Set: 161.76ms
[5462.252s][info][gc,phases      ] GC(616)   Post Evacuate Collection Set: 1.30ms
[5462.252s][info][gc,phases      ] GC(616)   Other: 0.07ms
[5462.252s][info][gc,heap        ] GC(616) Eden regions: 715->0(716)
[5462.252s][info][gc,heap        ] GC(616) Survivor regions: 53->52(96)
[5462.252s][info][gc,heap        ] GC(616) Old regions: 268->271
[5462.252s][info][gc,heap        ] GC(616) Humongous regions: 33->33
[5462.252s][info][gc,metaspace   ] GC(616) Metaspace: 35708K(37952K)->35708K(37952K) NonClass: 26704K(27008K)->26704K(27008K) Class: 9004K(10944K)->9004K(10944K)
[5462.252s][info][gc             ] GC(616) Pause Young (Normal) (G1 Evacuation Pause) 8519M->2812M(10240M) 164.176ms
[5462.252s][info][gc,cpu         ] GC(616) User=1.29s Sys=0.00s Real=0.17s
......[5467.275s][info][gc,start       ] GC(617) Pause Young (Normal) (G1 Evacuation Pause)
[5467.275s][info][gc,task        ] GC(617) Using 8 workers of 8 for evacuation
[5467.434s][info][gc,phases      ] GC(617)   Pre Evacuate Collection Set: 0.31ms
[5467.434s][info][gc,phases      ] GC(617)   Merge Heap Roots: 0.58ms
[5467.434s][info][gc,phases      ] GC(617)   Evacuate Collection Set: 157.09ms
[5467.434s][info][gc,phases      ] GC(617)   Post Evacuate Collection Set: 1.27ms
[5467.434s][info][gc,phases      ] GC(617)   Other: 0.07ms
[5467.434s][info][gc,heap        ] GC(617) Eden regions: 716->0(717)
[5467.434s][info][gc,heap        ] GC(617) Survivor regions: 52->51(96)
[5467.434s][info][gc,heap        ] GC(617) Old regions: 271->273
[5467.434s][info][gc,heap        ] GC(617) Humongous regions: 33->33
[5467.434s][info][gc,metaspace   ] GC(617) Metaspace: 35708K(37952K)->35708K(37952K) NonClass: 26704K(27008K)->26704K(27008K) Class: 9004K(10944K)->9004K(10944K)
[5467.434s][info][gc             ] GC(617) Pause Young (Normal) (G1 Evacuation Pause) 8540M->2826M(10240M) 159.457ms
[5467.434s][info][gc,cpu         ] GC(617) User=1.25s Sys=0.00s Real=0.16s
.....[5472.381s][info][gc,start       ] GC(618) Pause Young (Normal) (G1 Evacuation Pause)
[5472.381s][info][gc,task        ] GC(618) Using 8 workers of 8 for evacuation
[5472.540s][info][gc,phases      ] GC(618)   Pre Evacuate Collection Set: 0.28ms
[5472.540s][info][gc,phases      ] GC(618)   Merge Heap Roots: 0.52ms
[5472.540s][info][gc,phases      ] GC(618)   Evacuate Collection Set: 156.86ms
[5472.540s][info][gc,phases      ] GC(618)   Post Evacuate Collection Set: 1.26ms
[5472.540s][info][gc,phases      ] GC(618)   Other: 0.06ms
[5472.540s][info][gc,heap        ] GC(618) Eden regions: 717->0(717)
[5472.540s][info][gc,heap        ] GC(618) Survivor regions: 51->51(96)
[5472.540s][info][gc,heap        ] GC(618) Old regions: 273->276
[5472.540s][info][gc,heap        ] GC(618) Humongous regions: 33->33
[5472.540s][info][gc,metaspace   ] GC(618) Metaspace: 35708K(37952K)->35708K(37952K) NonClass: 26704K(27008K)->26704K(27008K) Class: 9004K(10944K)->9004K(10944K)
[5472.540s][info][gc             ] GC(618) Pause Young (Normal) (G1 Evacuation Pause) 8562M->2847M(10240M) 159.133ms
[5472.540s][info][gc,cpu         ] GC(618) User=1.25s Sys=0.00s Real=0.16s
...|..[5477.414s][info][gc,start       ] GC(619) Pause Young (Concurrent Start) (G1 Evacuation Pause)
[5477.414s][info][gc,task        ] GC(619) Using 8 workers of 8 for evacuation
[5477.578s][info][gc,phases      ] GC(619)   Pre Evacuate Collection Set: 0.34ms
[5477.578s][info][gc,phases      ] GC(619)   Merge Heap Roots: 0.58ms
[5477.578s][info][gc,phases      ] GC(619)   Evacuate Collection Set: 161.85ms
[5477.578s][info][gc,phases      ] GC(619)   Post Evacuate Collection Set: 1.23ms
[5477.578s][info][gc,phases      ] GC(619)   Other: 0.12ms
[5477.578s][info][gc,heap        ] GC(619) Eden regions: 717->0(716)
[5477.578s][info][gc,heap        ] GC(619) Survivor regions: 51->52(96)
[5477.578s][info][gc,heap        ] GC(619) Old regions: 276->279
[5477.578s][info][gc,heap        ] GC(619) Humongous regions: 33->33
[5477.578s][info][gc,metaspace   ] GC(619) Metaspace: 35708K(37952K)->35708K(37952K) NonClass: 26704K(27008K)->26704K(27008K) Class: 9004K(10944K)->9004K(10944K)
[5477.578s][info][gc             ] GC(619) Pause Young (Concurrent Start) (G1 Evacuation Pause) 8583M->2876M(10240M) 164.249ms
[5477.578s][info][gc             ] GC(620) Concurrent Mark Cycle
[5477.578s][info][gc,marking     ] GC(620) Concurrent Scan Root Regions
[5477.578s][info][gc,cpu         ] GC(619) User=1.29s Sys=0.00s Real=0.16s
[5477.953s][info][gc,marking     ] GC(620) Concurrent Scan Root Regions 375.476ms
[5477.953s][info][gc,marking     ] GC(620) Concurrent Mark
[5477.953s][info][gc,marking     ] GC(620) Concurrent Mark From Roots
[5477.953s][info][gc,task        ] GC(620) Using 2 workers of 2 for marking
.[5479.060s][info][gc,marking     ] GC(620) Concurrent Mark From Roots 1106.467ms
[5479.060s][info][gc,marking     ] GC(620) Concurrent Preclean
[5479.060s][info][gc,marking     ] GC(620) Concurrent Preclean 0.196ms
[5479.060s][info][gc,start       ] GC(620) Pause Remark
[5479.062s][info][gc             ] GC(620) Pause Remark 4460M->4252M(10240M) 1.710ms
[5479.062s][info][gc,cpu         ] GC(620) User=0.01s Sys=0.00s Real=0.01s
[5479.062s][info][gc,marking     ] GC(620) Concurrent Mark 1108.751ms
[5479.062s][info][gc,marking     ] GC(620) Concurrent Rebuild Remembered Sets and Scrub Regions
.[5479.775s][info][gc,marking     ] GC(620) Concurrent Rebuild Remembered Sets and Scrub Regions 712.603ms
[5479.775s][info][gc,start       ] GC(620) Pause Cleanup
[5479.775s][info][gc             ] GC(620) Pause Cleanup 5180M->5180M(10240M) 0.330ms
[5479.775s][info][gc,cpu         ] GC(620) User=0.00s Sys=0.00s Real=0.00s
[5479.775s][info][gc,marking     ] GC(620) Concurrent Clear Claimed Marks
[5479.775s][info][gc,marking     ] GC(620) Concurrent Clear Claimed Marks 0.047ms
[5479.775s][info][gc,marking     ] GC(620) Concurrent Cleanup for Next Mark
[5479.801s][info][gc,marking     ] GC(620) Concurrent Cleanup for Next Mark 25.262ms
[5479.801s][info][gc             ] GC(620) Concurrent Mark Cycle 2222.955ms
...[5482.589s][info][gc,start       ] GC(621) Pause Young (Prepare Mixed) (G1 Evacuation Pause)
[5482.589s][info][gc,task        ] GC(621) Using 8 workers of 8 for evacuation
[5482.751s][info][gc,phases      ] GC(621)   Pre Evacuate Collection Set: 0.31ms
[5482.751s][info][gc,phases      ] GC(621)   Merge Heap Roots: 0.79ms
[5482.751s][info][gc,phases      ] GC(621)   Evacuate Collection Set: 160.01ms
[5482.751s][info][gc,phases      ] GC(621)   Post Evacuate Collection Set: 1.30ms
[5482.751s][info][gc,phases      ] GC(621)   Other: 0.07ms
[5482.751s][info][gc,heap        ] GC(621) Eden regions: 716->0(716)
[5482.751s][info][gc,heap        ] GC(621) Survivor regions: 52->52(96)
[5482.751s][info][gc,heap        ] GC(621) Old regions: 253->255
[5482.751s][info][gc,heap        ] GC(621) Humongous regions: 33->33
[5482.751s][info][gc,metaspace   ] GC(621) Metaspace: 35708K(37952K)->35708K(37952K) NonClass: 26704K(27008K)->26704K(27008K) Class: 9004K(10944K)->9004K(10944K)
[5482.751s][info][gc             ] GC(621) Pause Young (Prepare Mixed) (G1 Evacuation Pause) 8396M->2690M(10240M) 162.607ms
[5482.751s][info][gc,cpu         ] GC(621) User=1.28s Sys=0.00s Real=0.16s
.....[5487.731s][info][gc,start       ] GC(622) Pause Young (Mixed) (G1 Evacuation Pause)
[5487.731s][info][gc,task        ] GC(622) Using 8 workers of 8 for evacuation
[5487.898s][info][gc,phases      ] GC(622)   Pre Evacuate Collection Set: 0.32ms
[5487.898s][info][gc,phases      ] GC(622)   Merge Heap Roots: 0.88ms
[5487.898s][info][gc,phases      ] GC(622)   Evacuate Collection Set: 164.02ms
[5487.898s][info][gc,phases      ] GC(622)   Post Evacuate Collection Set: 1.46ms
[5487.898s][info][gc,phases      ] GC(622)   Other: 0.08ms
[5487.898s][info][gc,heap        ] GC(622) Eden regions: 716->0(716)
[5487.898s][info][gc,heap        ] GC(622) Survivor regions: 52->52(96)
[5487.898s][info][gc,heap        ] GC(622) Old regions: 255->131
[5487.898s][info][gc,heap        ] GC(622) Humongous regions: 33->33
[5487.898s][info][gc,metaspace   ] GC(622) Metaspace: 35708K(37952K)->35708K(37952K) NonClass: 26704K(27008K)->26704K(27008K) Class: 9004K(10944K)->9004K(10944K)
[5487.898s][info][gc             ] GC(622) Pause Young (Mixed) (G1 Evacuation Pause) 8418M->1691M(10240M) 166.897ms
[5487.898s][info][gc,cpu         ] GC(622) User=1.32s Sys=0.00s Real=0.17s
.....[5492.809s][info][gc,start       ] GC(623) Pause Young (Mixed) (G1 Evacuation Pause)
[5492.809s][info][gc,task        ] GC(623) Using 8 workers of 8 for evacuation
[5492.970s][info][gc,phases      ] GC(623)   Pre Evacuate Collection Set: 0.28ms
[5492.970s][info][gc,phases      ] GC(623)   Merge Heap Roots: 0.57ms
[5492.970s][info][gc,phases      ] GC(623)   Evacuate Collection Set: 159.34ms
[5492.970s][info][gc,phases      ] GC(623)   Post Evacuate Collection Set: 1.21ms
[5492.970s][info][gc,phases      ] GC(623)   Other: 0.07ms
[5492.970s][info][gc,heap        ] GC(623) Eden regions: 716->0(716)
[5492.970s][info][gc,heap        ] GC(623) Survivor regions: 52->52(96)
[5492.971s][info][gc,heap        ] GC(623) Old regions: 131->133
[5492.971s][info][gc,heap        ] GC(623) Humongous regions: 33->33
[5492.971s][info][gc,metaspace   ] GC(623) Metaspace: 35708K(37952K)->35708K(37952K) NonClass: 26704K(27008K)->26704K(27008K) Class: 9004K(10944K)->9004K(10944K)
[5492.971s][info][gc             ] GC(623) Pause Young (Mixed) (G1 Evacuation Pause) 7419M->1708M(10240M) 161.604ms
[5492.971s][info][gc,cpu         ] GC(623) User=1.27s Sys=0.00s Real=0.16s
.....[5497.923s][info][gc,start       ] GC(624) Pause Young (Normal) (G1 Evacuation Pause)
[5497.923s][info][gc,task        ] GC(624) Using 8 workers of 8 for evacuation
[5498.086s][info][gc,phases      ] GC(624)   Pre Evacuate Collection Set: 0.27ms
[5498.086s][info][gc,phases      ] GC(624)   Merge Heap Roots: 0.51ms
[5498.086s][info][gc,phases      ] GC(624)   Evacuate Collection Set: 160.66ms
[5498.086s][info][gc,phases      ] GC(624)   Post Evacuate Collection Set: 1.22ms
[5498.086s][info][gc,phases      ] GC(624)   Other: 0.06ms
[5498.086s][info][gc,heap        ] GC(624) Eden regions: 716->0(715)
[5498.086s][info][gc,heap        ] GC(624) Survivor regions: 52->53(96)
[5498.086s][info][gc,heap        ] GC(624) Old regions: 133->135
[5498.086s][info][gc,heap        ] GC(624) Humongous regions: 33->33
[5498.086s][info][gc,metaspace   ] GC(624) Metaspace: 35708K(37952K)->35708K(37952K) NonClass: 26704K(27008K)->26704K(27008K) Class: 9004K(10944K)->9004K(10944K)
[5498.086s][info][gc             ] GC(624) Pause Young (Normal) (G1 Evacuation Pause) 7436M->1736M(10240M) 162.862ms
[5498.086s][info][gc,cpu         ] GC(624) User=1.28s Sys=0.00s Real=0.16s
.....[5503.109s][info][gc,start       ] GC(625) Pause Young (Normal) (G1 Evacuation Pause)
[5503.109s][info][gc,task        ] GC(625) Using 8 workers of 8 for evacuation
[5503.270s][info][gc,phases      ] GC(625)   Pre Evacuate Collection Set: 0.28ms
[5503.270s][info][gc,phases      ] GC(625)   Merge Heap Roots: 0.53ms
[5503.270s][info][gc,phases      ] GC(625)   Evacuate Collection Set: 158.95ms
[5503.270s][info][gc,phases      ] GC(625)   Post Evacuate Collection Set: 1.25ms
[5503.270s][info][gc,phases      ] GC(625)   Other: 0.08ms
[5503.270s][info][gc,heap        ] GC(625) Eden regions: 715->0(715)
[5503.270s][info][gc,heap        ] GC(625) Survivor regions: 53->53(96)
[5503.270s][info][gc,heap        ] GC(625) Old regions: 135->138
[5503.270s][info][gc,heap        ] GC(625) Humongous regions: 33->33
[5503.270s][info][gc,metaspace   ] GC(625) Metaspace: 35708K(37952K)->35708K(37952K) NonClass: 26704K(27008K)->26704K(27008K) Class: 9004K(10944K)->9004K(10944K)
[5503.270s][info][gc             ] GC(625) Pause Young (Normal) (G1 Evacuation Pause) 7456M->1757M(10240M) 161.204ms
[5503.270s][info][gc,cpu         ] GC(625) User=1.26s Sys=0.00s Real=0.16s
.....[5508.190s][info][gc,start       ] GC(626) Pause Young (Normal) (G1 Evacuation Pause)
[5508.190s][info][gc,task        ] GC(626) Using 8 workers of 8 for evacuation
[5508.353s][info][gc,phases      ] GC(626)   Pre Evacuate Collection Set: 0.29ms
[5508.353s][info][gc,phases      ] GC(626)   Merge Heap Roots: 0.59ms
[5508.353s][info][gc,phases      ] GC(626)   Evacuate Collection Set: 161.09ms
[5508.353s][info][gc,phases      ] GC(626)   Post Evacuate Collection Set: 1.22ms
[5508.353s][info][gc,phases      ] GC(626)   Other: 0.07ms
[5508.353s][info][gc,heap        ] GC(626) Eden regions: 715->0(715)
[5508.353s][info][gc,heap        ] GC(626) Survivor regions: 53->53(96)
[5508.353s][info][gc,heap        ] GC(626) Old regions: 138->140
[5508.353s][info][gc,heap        ] GC(626) Humongous regions: 33->33
[5508.353s][info][gc,metaspace   ] GC(626) Metaspace: 35708K(37952K)->35708K(37952K) NonClass: 26704K(27008K)->26704K(27008K) Class: 9004K(10944K)->9004K(10944K)
[5508.353s][info][gc             ] GC(626) Pause Young (Normal) (G1 Evacuation Pause) 7477M->1778M(10240M) 163.389ms
[5508.353s][info][gc,cpu         ] GC(626) User=1.28s Sys=0.00s Real=0.17s
.....[5513.297s][info][gc,start       ] GC(627) Pause Young (Normal) (G1 Evacuation Pause)
[5513.297s][info][gc,task        ] GC(627) Using 8 workers of 8 for evacuation
[5513.453s][info][gc,phases      ] GC(627)   Pre Evacuate Collection Set: 0.30ms
[5513.453s][info][gc,phases      ] GC(627)   Merge Heap Roots: 0.52ms
[5513.453s][info][gc,phases      ] GC(627)   Evacuate Collection Set: 154.43ms
[5513.453s][info][gc,phases      ] GC(627)   Post Evacuate Collection Set: 1.25ms
[5513.453s][info][gc,phases      ] GC(627)   Other: 0.06ms
[5513.453s][info][gc,heap        ] GC(627) Eden regions: 715->0(717)
[5513.453s][info][gc,heap        ] GC(627) Survivor regions: 53->51(96)
[5513.453s][info][gc,heap        ] GC(627) Old regions: 140->143
[5513.453s][info][gc,heap        ] GC(627) Humongous regions: 33->33
[5513.453s][info][gc,metaspace   ] GC(627) Metaspace: 35708K(37952K)->35708K(37952K) NonClass: 26704K(27008K)->26704K(27008K) Class: 9004K(10944K)->9004K(10944K)
[5513.453s][info][gc             ] GC(627) Pause Young (Normal) (G1 Evacuation Pause) 7498M->1783M(10240M) 156.685ms
[5513.453s][info][gc,cpu         ] GC(627) User=1.24s Sys=0.00s Real=0.16s
.....[5518.458s][info][gc,start       ] GC(628) Pause Young (Normal) (G1 Evacuation Pause)
[5518.458s][info][gc,task        ] GC(628) Using 8 workers of 8 for evacuation
[5518.623s][info][gc,phases      ] GC(628)   Pre Evacuate Collection Set: 0.27ms
[5518.623s][info][gc,phases      ] GC(628)   Merge Heap Roots: 0.53ms
[5518.623s][info][gc,phases      ] GC(628)   Evacuate Collection Set: 162.56ms
[5518.623s][info][gc,phases      ] GC(628)   Post Evacuate Collection Set: 1.23ms
[5518.623s][info][gc,phases      ] GC(628)   Other: 0.06ms
[5518.623s][info][gc,heap        ] GC(628) Eden regions: 717->0(715)
[5518.623s][info][gc,heap        ] GC(628) Survivor regions: 51->53(96)
[5518.623s][info][gc,heap        ] GC(628) Old regions: 143->145
[5518.623s][info][gc,heap        ] GC(628) Humongous regions: 33->33
[5518.623s][info][gc,metaspace   ] GC(628) Metaspace: 35708K(37952K)->35708K(37952K) NonClass: 26704K(27008K)->26704K(27008K) Class: 9004K(10944K)->9004K(10944K)
[5518.623s][info][gc             ] GC(628) Pause Young (Normal) (G1 Evacuation Pause) 7519M->1820M(10240M) 164.789ms
[5518.623s][info][gc,cpu         ] GC(628) User=1.30s Sys=0.00s Real=0.17s
.....[5523.427s][info][gc,start       ] GC(629) Pause Young (Normal) (G1 Evacuation Pause)
[5523.427s][info][gc,task        ] GC(629) Using 8 workers of 8 for evacuation
[5523.589s][info][gc,phases      ] GC(629)   Pre Evacuate Collection Set: 0.32ms
[5523.589s][info][gc,phases      ] GC(629)   Merge Heap Roots: 0.57ms
[5523.589s][info][gc,phases      ] GC(629)   Evacuate Collection Set: 160.07ms
[5523.589s][info][gc,phases      ] GC(629)   Post Evacuate Collection Set: 1.25ms
[5523.589s][info][gc,phases      ] GC(629)   Other: 0.07ms
[5523.589s][info][gc,heap        ] GC(629) Eden regions: 715->0(715)
[5523.589s][info][gc,heap        ] GC(629) Survivor regions: 53->53(96)
[5523.589s][info][gc,heap        ] GC(629) Old regions: 145->148
[5523.589s][info][gc,heap        ] GC(629) Humongous regions: 33->33
[5523.589s][info][gc,metaspace   ] GC(629) Metaspace: 35708K(37952K)->35708K(37952K) NonClass: 26704K(27008K)->26704K(27008K) Class: 9004K(10944K)->9004K(10944K)
[5523.589s][info][gc             ] GC(629) Pause Young (Normal) (G1 Evacuation Pause) 7540M->1837M(10240M) 162.413ms
[5523.589s][info][gc,cpu         ] GC(629) User=1.27s Sys=0.00s Real=0.16s
.....[5528.561s][info][gc,start       ] GC(630) Pause Young (Normal) (G1 Evacuation Pause)
[5528.561s][info][gc,task        ] GC(630) Using 8 workers of 8 for evacuation
[5528.725s][info][gc,phases      ] GC(630)   Pre Evacuate Collection Set: 0.29ms
[5528.725s][info][gc,phases      ] GC(630)   Merge Heap Roots: 0.57ms
[5528.725s][info][gc,phases      ] GC(630)   Evacuate Collection Set: 161.38ms
[5528.725s][info][gc,phases      ] GC(630)   Post Evacuate Collection Set: 1.34ms
[5528.725s][info][gc,phases      ] GC(630)   Other: 0.07ms
[5528.725s][info][gc,heap        ] GC(630) Eden regions: 715->0(715)
[5528.725s][info][gc,heap        ] GC(630) Survivor regions: 53->53(96)
[5528.725s][info][gc,heap        ] GC(630) Old regions: 148->151
[5528.725s][info][gc,heap        ] GC(630) Humongous regions: 33->33
[5528.725s][info][gc,metaspace   ] GC(630) Metaspace: 35708K(37952K)->35708K(37952K) NonClass: 26704K(27008K)->26704K(27008K) Class: 9004K(10944K)->9004K(10944K)
[5528.725s][info][gc             ] GC(630) Pause Young (Normal) (G1 Evacuation Pause) 7557M->1858M(10240M) 163.785ms
[5528.725s][info][gc,cpu         ] GC(630) User=1.29s Sys=0.00s Real=0.17s
.....[5533.715s][info][gc,start       ] GC(631) Pause Young (Normal) (G1 Evacuation Pause)
[5533.715s][info][gc,task        ] GC(631) Using 8 workers of 8 for evacuation
[5533.875s][info][gc,phases      ] GC(631)   Pre Evacuate Collection Set: 0.30ms
[5533.875s][info][gc,phases      ] GC(631)   Merge Heap Roots: 0.55ms
[5533.875s][info][gc,phases      ] GC(631)   Evacuate Collection Set: 157.93ms
[5533.875s][info][gc,phases      ] GC(631)   Post Evacuate Collection Set: 1.26ms
[5533.875s][info][gc,phases      ] GC(631)   Other: 0.07ms
[5533.875s][info][gc,heap        ] GC(631) Eden regions: 715->0(716)
[5533.875s][info][gc,heap        ] GC(631) Survivor regions: 53->52(96)
[5533.875s][info][gc,heap        ] GC(631) Old regions: 151->153
[5533.875s][info][gc,heap        ] GC(631) Humongous regions: 33->33
[5533.875s][info][gc,metaspace   ] GC(631) Metaspace: 35708K(37952K)->35708K(37952K) NonClass: 26704K(27008K)->26704K(27008K) Class: 9004K(10944K)->9004K(10944K)
[5533.875s][info][gc             ] GC(631) Pause Young (Normal) (G1 Evacuation Pause) 7578M->1875M(10240M) 160.242ms
[5533.875s][info][gc,cpu         ] GC(631) User=1.26s Sys=0.00s Real=0.16s
... (rIR:aIR:PR = 9409:9406:9405) (tPR = 138771) [OK] 
  5535s: Performance info:
         Transaction,    Success,    Partial,     Failed,   Receipts, AvgBarcode, 
             Overall,     570097,          0,          0,     541600,      59.48, 
         Response times:
             Request,    Success,    Partial,     Failed,   SkipFail,     Probes,    Samples,      min,      p50,      p90,      p95,      p99,      max, 
       TotalPurchase,     541675,          0,          0,          0,     360032,     492558,      300,     7200,    33000,    68000,   165000,  1800000,
     InStorePurchase,     286786,          0,          0,          0,     189655,     258963,      300,     7200,    32000,    67000,   164000,  1800000,
      OnlinePurchase,     198212,          0,          0,          0,     133033,     182019,      300,     7200,    34000,    69000,   167000,  1800000,
        InstPurchase,      56677,          0,          0,          0,      37344,      51576,      400,     7100,    32000,    68000,   165000,  1600000,
          AssocOfCat,        570,          0,          0,          0,        469,        756,    29000,    55000,    95300,   135900,   220290,   268000,
      AssocOfProduct,       5623,          0,          0,          0,       4150,       5903,      700,     7800,    31000,    65000,   156000,   520000,
      BusinessReport,       1428,          0,          0,          0,       1234,       1831,    34000,    65000,   105000,   152000,   256080,   393000,
          CustBuyBeh,       5766,          0,          0,          0,       4129,       5926,      300,     7000,    37000,    70000,   147000,   445000,
       ProductReturn,      15116,          0,          0,          0,       9703,      13524,      300,     6600,    30000,    65000,   154000,   441000,

  5535s: (69%)   IR =   9548 ..[5538.848s][info][gc,start       ] GC(632) Pause Young (Normal) (G1 Evacuation Pause)
[5538.848s][info][gc,task        ] GC(632) Using 8 workers of 8 for evacuation
[5539.009s][info][gc,phases      ] GC(632)   Pre Evacuate Collection Set: 0.29ms
[5539.009s][info][gc,phases      ] GC(632)   Merge Heap Roots: 0.61ms
[5539.009s][info][gc,phases      ] GC(632)   Evacuate Collection Set: 158.98ms
[5539.009s][info][gc,phases      ] GC(632)   Post Evacuate Collection Set: 1.22ms
[5539.009s][info][gc,phases      ] GC(632)   Other: 0.07ms
[5539.009s][info][gc,heap        ] GC(632) Eden regions: 716->0(716)
[5539.009s][info][gc,heap        ] GC(632) Survivor regions: 52->52(96)
[5539.009s][info][gc,heap        ] GC(632) Old regions: 153->156
[5539.009s][info][gc,heap        ] GC(632) Humongous regions: 33->33
[5539.009s][info][gc,metaspace   ] GC(632) Metaspace: 35708K(37952K)->35708K(37952K) NonClass: 26704K(27008K)->26704K(27008K) Class: 9004K(10944K)->9004K(10944K)
[5539.009s][info][gc             ] GC(632) Pause Young (Normal) (G1 Evacuation Pause) 7603M->1897M(10240M) 161.313ms
[5539.009s][info][gc,cpu         ] GC(632) User=1.27s Sys=0.00s Real=0.16s
.....[5543.937s][info][gc,start       ] GC(633) Pause Young (Normal) (G1 Evacuation Pause)
[5543.937s][info][gc,task        ] GC(633) Using 8 workers of 8 for evacuation
[5544.098s][info][gc,phases      ] GC(633)   Pre Evacuate Collection Set: 0.28ms
[5544.098s][info][gc,phases      ] GC(633)   Merge Heap Roots: 0.57ms
[5544.098s][info][gc,phases      ] GC(633)   Evacuate Collection Set: 158.46ms
[5544.098s][info][gc,phases      ] GC(633)   Post Evacuate Collection Set: 1.22ms
[5544.098s][info][gc,phases      ] GC(633)   Other: 0.07ms
[5544.098s][info][gc,heap        ] GC(633) Eden regions: 716->0(716)
[5544.098s][info][gc,heap        ] GC(633) Survivor regions: 52->52(96)
[5544.098s][info][gc,heap        ] GC(633) Old regions: 156->159
[5544.098s][info][gc,heap        ] GC(633) Humongous regions: 33->33
[5544.098s][info][gc,metaspace   ] GC(633) Metaspace: 35708K(37952K)->35708K(37952K) NonClass: 26704K(27008K)->26704K(27008K) Class: 9004K(10944K)->9004K(10944K)
[5544.098s][info][gc             ] GC(633) Pause Young (Normal) (G1 Evacuation Pause) 7625M->1918M(10240M) 160.738ms
[5544.098s][info][gc,cpu         ] GC(633) User=1.27s Sys=0.00s Real=0.16s
.....[5548.904s][info][gc,start       ] GC(634) Pause Young (Normal) (G1 Evacuation Pause)
[5548.904s][info][gc,task        ] GC(634) Using 8 workers of 8 for evacuation
[5549.067s][info][gc,phases      ] GC(634)   Pre Evacuate Collection Set: 0.28ms
[5549.067s][info][gc,phases      ] GC(634)   Merge Heap Roots: 0.59ms
[5549.067s][info][gc,phases      ] GC(634)   Evacuate Collection Set: 160.42ms
[5549.067s][info][gc,phases      ] GC(634)   Post Evacuate Collection Set: 1.24ms
[5549.067s][info][gc,phases      ] GC(634)   Other: 0.06ms
[5549.067s][info][gc,heap        ] GC(634) Eden regions: 716->0(715)
[5549.067s][info][gc,heap        ] GC(634) Survivor regions: 52->53(96)
[5549.067s][info][gc,heap        ] GC(634) Old regions: 159->162
[5549.067s][info][gc,heap        ] GC(634) Humongous regions: 33->33
[5549.067s][info][gc,metaspace   ] GC(634) Metaspace: 35708K(37952K)->35708K(37952K) NonClass: 26704K(27008K)->26704K(27008K) Class: 9004K(10944K)->9004K(10944K)
[5549.067s][info][gc             ] GC(634) Pause Young (Normal) (G1 Evacuation Pause) 7646M->1944M(10240M) 162.734ms
[5549.067s][info][gc,cpu         ] GC(634) User=1.28s Sys=0.00s Real=0.16s
.|....[5553.845s][info][gc,start       ] GC(635) Pause Young (Normal) (G1 Evacuation Pause)
[5553.845s][info][gc,task        ] GC(635) Using 8 workers of 8 for evacuation
[5554.011s][info][gc,phases      ] GC(635)   Pre Evacuate Collection Set: 0.31ms
[5554.011s][info][gc,phases      ] GC(635)   Merge Heap Roots: 0.71ms
[5554.011s][info][gc,phases      ] GC(635)   Evacuate Collection Set: 163.25ms
[5554.011s][info][gc,phases      ] GC(635)   Post Evacuate Collection Set: 1.21ms
[5554.011s][info][gc,phases      ] GC(635)   Other: 0.06ms
[5554.011s][info][gc,heap        ] GC(635) Eden regions: 715->0(715)
[5554.011s][info][gc,heap        ] GC(635) Survivor regions: 53->53(96)
[5554.011s][info][gc,heap        ] GC(635) Old regions: 162->164
[5554.011s][info][gc,heap        ] GC(635) Humongous regions: 33->33
[5554.011s][info][gc,metaspace   ] GC(635) Metaspace: 35708K(37952K)->35708K(37952K) NonClass: 26704K(27008K)->26704K(27008K) Class: 9004K(10944K)->9004K(10944K)
[5554.011s][info][gc             ] GC(635) Pause Young (Normal) (G1 Evacuation Pause) 7664M->1966M(10240M) 165.686ms
[5554.011s][info][gc,cpu         ] GC(635) User=1.30s Sys=0.00s Real=0.16s
.....[5558.795s][info][gc,start       ] GC(636) Pause Young (Normal) (G1 Evacuation Pause)
[5558.795s][info][gc,task        ] GC(636) Using 8 workers of 8 for evacuation
[5558.959s][info][gc,phases      ] GC(636)   Pre Evacuate Collection Set: 0.31ms
[5558.959s][info][gc,phases      ] GC(636)   Merge Heap Roots: 0.67ms
[5558.959s][info][gc,phases      ] GC(636)   Evacuate Collection Set: 161.33ms
[5558.959s][info][gc,phases      ] GC(636)   Post Evacuate Collection Set: 1.28ms
[5558.959s][info][gc,phases      ] GC(636)   Other: 0.07ms
[5558.959s][info][gc,heap        ] GC(636) Eden regions: 715->0(715)
[5558.959s][info][gc,heap        ] GC(636) Survivor regions: 53->53(96)
[5558.959s][info][gc,heap        ] GC(636) Old regions: 164->167
[5558.959s][info][gc,heap        ] GC(636) Humongous regions: 33->33
[5558.959s][info][gc,metaspace   ] GC(636) Metaspace: 35708K(37952K)->35708K(37952K) NonClass: 26704K(27008K)->26704K(27008K) Class: 9004K(10944K)->9004K(10944K)
[5558.959s][info][gc             ] GC(636) Pause Young (Normal) (G1 Evacuation Pause) 7686M->1991M(10240M) 163.796ms
[5558.959s][info][gc,cpu         ] GC(636) User=1.29s Sys=0.00s Real=0.16s
.....[5563.861s][info][gc,start       ] GC(637) Pause Young (Normal) (G1 Evacuation Pause)
[5563.861s][info][gc,task        ] GC(637) Using 8 workers of 8 for evacuation
[5564.023s][info][gc,phases      ] GC(637)   Pre Evacuate Collection Set: 0.29ms
[5564.023s][info][gc,phases      ] GC(637)   Merge Heap Roots: 0.59ms
[5564.023s][info][gc,phases      ] GC(637)   Evacuate Collection Set: 159.86ms
[5564.023s][info][gc,phases      ] GC(637)   Post Evacuate Collection Set: 1.24ms
[5564.023s][info][gc,phases      ] GC(637)   Other: 0.08ms
[5564.023s][info][gc,heap        ] GC(637) Eden regions: 715->0(715)
[5564.023s][info][gc,heap        ] GC(637) Survivor regions: 53->53(96)
[5564.023s][info][gc,heap        ] GC(637) Old regions: 167->169
[5564.023s][info][gc,heap        ] GC(637) Humongous regions: 33->33
[5564.023s][info][gc,metaspace   ] GC(637) Metaspace: 35708K(37952K)->35708K(37952K) NonClass: 26704K(27008K)->26704K(27008K) Class: 9004K(10944K)->9004K(10944K)
[5564.023s][info][gc             ] GC(637) Pause Young (Normal) (G1 Evacuation Pause) 7711M->2008M(10240M) 162.191ms
[5564.024s][info][gc,cpu         ] GC(637) User=1.27s Sys=0.00s Real=0.17s
.....[5568.909s][info][gc,start       ] GC(638) Pause Young (Normal) (G1 Evacuation Pause)
[5568.909s][info][gc,task        ] GC(638) Using 8 workers of 8 for evacuation
[5569.069s][info][gc,phases      ] GC(638)   Pre Evacuate Collection Set: 0.31ms
[5569.069s][info][gc,phases      ] GC(638)   Merge Heap Roots: 0.54ms
[5569.069s][info][gc,phases      ] GC(638)   Evacuate Collection Set: 158.06ms
[5569.069s][info][gc,phases      ] GC(638)   Post Evacuate Collection Set: 1.26ms
[5569.069s][info][gc,phases      ] GC(638)   Other: 0.07ms
[5569.069s][info][gc,heap        ] GC(638) Eden regions: 715->0(716)
[5569.069s][info][gc,heap        ] GC(638) Survivor regions: 53->52(96)
[5569.069s][info][gc,heap        ] GC(638) Old regions: 169->172
[5569.069s][info][gc,heap        ] GC(638) Humongous regions: 33->33
[5569.069s][info][gc,metaspace   ] GC(638) Metaspace: 35708K(37952K)->35708K(37952K) NonClass: 26704K(27008K)->26704K(27008K) Class: 9004K(10944K)->9004K(10944K)
[5569.069s][info][gc             ] GC(638) Pause Young (Normal) (G1 Evacuation Pause) 7728M->2026M(10240M) 160.386ms
[5569.069s][info][gc,cpu         ] GC(638) User=1.26s Sys=0.00s Real=0.16s
.....[5573.958s][info][gc,start       ] GC(639) Pause Young (Normal) (G1 Evacuation Pause)
[5573.958s][info][gc,task        ] GC(639) Using 8 workers of 8 for evacuation
[5574.125s][info][gc,phases      ] GC(639)   Pre Evacuate Collection Set: 0.29ms
[5574.125s][info][gc,phases      ] GC(639)   Merge Heap Roots: 0.55ms
[5574.125s][info][gc,phases      ] GC(639)   Evacuate Collection Set: 164.76ms
[5574.125s][info][gc,phases      ] GC(639)   Post Evacuate Collection Set: 1.26ms
[5574.125s][info][gc,phases      ] GC(639)   Other: 0.06ms
[5574.125s][info][gc,heap        ] GC(639) Eden regions: 716->0(714)
[5574.125s][info][gc,heap        ] GC(639) Survivor regions: 52->54(96)
[5574.125s][info][gc,heap        ] GC(639) Old regions: 172->175
[5574.125s][info][gc,heap        ] GC(639) Humongous regions: 33->33
[5574.125s][info][gc,metaspace   ] GC(639) Metaspace: 35708K(37952K)->35708K(37952K) NonClass: 26704K(27008K)->26704K(27008K) Class: 9004K(10944K)->9004K(10944K)
[5574.125s][info][gc             ] GC(639) Pause Young (Normal) (G1 Evacuation Pause) 7754M->2062M(10240M) 167.078ms
[5574.125s][info][gc,cpu         ] GC(639) User=1.32s Sys=0.00s Real=0.17s
.....[5579.010s][info][gc,start       ] GC(640) Pause Young (Normal) (G1 Evacuation Pause)
[5579.010s][info][gc,task        ] GC(640) Using 8 workers of 8 for evacuation
[5579.171s][info][gc,phases      ] GC(640)   Pre Evacuate Collection Set: 0.31ms
[5579.171s][info][gc,phases      ] GC(640)   Merge Heap Roots: 0.56ms
[5579.171s][info][gc,phases      ] GC(640)   Evacuate Collection Set: 159.29ms
[5579.171s][info][gc,phases      ] GC(640)   Post Evacuate Collection Set: 1.26ms
[5579.171s][info][gc,phases      ] GC(640)   Other: 0.06ms
[5579.171s][info][gc,heap        ] GC(640) Eden regions: 714->0(715)
[5579.171s][info][gc,heap        ] GC(640) Survivor regions: 54->53(96)
[5579.171s][info][gc,heap        ] GC(640) Old regions: 175->177
[5579.171s][info][gc,heap        ] GC(640) Humongous regions: 33->33
[5579.171s][info][gc,metaspace   ] GC(640) Metaspace: 35708K(37952K)->35708K(37952K) NonClass: 26704K(27008K)->26704K(27008K) Class: 9004K(10944K)->9004K(10944K)
[5579.171s][info][gc             ] GC(640) Pause Young (Normal) (G1 Evacuation Pause) 7774M->2076M(10240M) 161.611ms
[5579.171s][info][gc,cpu         ] GC(640) User=1.27s Sys=0.00s Real=0.16s
.....[5584.069s][info][gc,start       ] GC(641) Pause Young (Normal) (G1 Evacuation Pause)
[5584.069s][info][gc,task        ] GC(641) Using 8 workers of 8 for evacuation
[5584.232s][info][gc,phases      ] GC(641)   Pre Evacuate Collection Set: 0.31ms
[5584.232s][info][gc,phases      ] GC(641)   Merge Heap Roots: 0.69ms
[5584.232s][info][gc,phases      ] GC(641)   Evacuate Collection Set: 161.11ms
[5584.232s][info][gc,phases      ] GC(641)   Post Evacuate Collection Set: 1.25ms
[5584.232s][info][gc,phases      ] GC(641)   Other: 0.09ms
[5584.232s][info][gc,heap        ] GC(641) Eden regions: 715->0(715)
[5584.232s][info][gc,heap        ] GC(641) Survivor regions: 53->53(96)
[5584.232s][info][gc,heap        ] GC(641) Old regions: 177->180
[5584.232s][info][gc,heap        ] GC(641) Humongous regions: 33->33
[5584.232s][info][gc,metaspace   ] GC(641) Metaspace: 35708K(37952K)->35708K(37952K) NonClass: 26704K(27008K)->26704K(27008K) Class: 9004K(10944K)->9004K(10944K)
[5584.232s][info][gc             ] GC(641) Pause Young (Normal) (G1 Evacuation Pause) 7796M->2093M(10240M) 163.589ms
[5584.232s][info][gc,cpu         ] GC(641) User=1.28s Sys=0.01s Real=0.17s
.....[5589.018s][info][gc,start       ] GC(642) Pause Young (Normal) (G1 Evacuation Pause)
[5589.018s][info][gc,task        ] GC(642) Using 8 workers of 8 for evacuation
[5589.180s][info][gc,phases      ] GC(642)   Pre Evacuate Collection Set: 0.29ms
[5589.180s][info][gc,phases      ] GC(642)   Merge Heap Roots: 0.59ms
[5589.180s][info][gc,phases      ] GC(642)   Evacuate Collection Set: 160.04ms
[5589.180s][info][gc,phases      ] GC(642)   Post Evacuate Collection Set: 1.29ms
[5589.180s][info][gc,phases      ] GC(642)   Other: 0.07ms
[5589.180s][info][gc,heap        ] GC(642) Eden regions: 715->0(715)
[5589.180s][info][gc,heap        ] GC(642) Survivor regions: 53->53(96)
[5589.180s][info][gc,heap        ] GC(642) Old regions: 180->183
[5589.180s][info][gc,heap        ] GC(642) Humongous regions: 33->33
[5589.180s][info][gc,metaspace   ] GC(642) Metaspace: 35708K(37952K)->35708K(37952K) NonClass: 26704K(27008K)->26704K(27008K) Class: 9004K(10944K)->9004K(10944K)
[5589.181s][info][gc             ] GC(642) Pause Young (Normal) (G1 Evacuation Pause) 7813M->2114M(10240M) 162.426ms
[5589.181s][info][gc,cpu         ] GC(642) User=1.28s Sys=0.00s Real=0.16s
.....[5594.040s][info][gc,start       ] GC(643) Pause Young (Normal) (G1 Evacuation Pause)
[5594.040s][info][gc,task        ] GC(643) Using 8 workers of 8 for evacuation
[5594.201s][info][gc,phases      ] GC(643)   Pre Evacuate Collection Set: 0.34ms
[5594.201s][info][gc,phases      ] GC(643)   Merge Heap Roots: 0.64ms
[5594.201s][info][gc,phases      ] GC(643)   Evacuate Collection Set: 159.36ms
[5594.201s][info][gc,phases      ] GC(643)   Post Evacuate Collection Set: 1.21ms
[5594.201s][info][gc,phases      ] GC(643)   Other: 0.09ms
[5594.201s][info][gc,heap        ] GC(643) Eden regions: 715->0(716)
[5594.201s][info][gc,heap        ] GC(643) Survivor regions: 53->52(96)
[5594.201s][info][gc,heap        ] GC(643) Old regions: 183->185
[5594.201s][info][gc,heap        ] GC(643) Humongous regions: 33->33
[5594.201s][info][gc,metaspace   ] GC(643) Metaspace: 35708K(37952K)->35708K(37952K) NonClass: 26704K(27008K)->26704K(27008K) Class: 9004K(10944K)->9004K(10944K)
[5594.201s][info][gc             ] GC(643) Pause Young (Normal) (G1 Evacuation Pause) 7834M->2131M(10240M) 161.788ms
[5594.201s][info][gc,cpu         ] GC(643) User=1.28s Sys=0.00s Real=0.16s
.....[5599.152s][info][gc,start       ] GC(644) Pause Young (Normal) (G1 Evacuation Pause)
[5599.152s][info][gc,task        ] GC(644) Using 8 workers of 8 for evacuation
[5599.319s][info][gc,phases      ] GC(644)   Pre Evacuate Collection Set: 0.30ms
[5599.319s][info][gc,phases      ] GC(644)   Merge Heap Roots: 0.57ms
[5599.319s][info][gc,phases      ] GC(644)   Evacuate Collection Set: 164.67ms
[5599.319s][info][gc,phases      ] GC(644)   Post Evacuate Collection Set: 1.29ms
[5599.319s][info][gc,phases      ] GC(644)   Other: 0.07ms
[5599.319s][info][gc,heap        ] GC(644) Eden regions: 716->0(714)
[5599.319s][info][gc,heap        ] GC(644) Survivor regions: 52->54(96)
[5599.319s][info][gc,heap        ] GC(644) Old regions: 185->188
[5599.319s][info][gc,heap        ] GC(644) Humongous regions: 33->33
[5599.319s][info][gc,metaspace   ] GC(644) Metaspace: 35708K(37952K)->35708K(37952K) NonClass: 26704K(27008K)->26704K(27008K) Class: 9004K(10944K)->9004K(10944K)
[5599.319s][info][gc             ] GC(644) Pause Young (Normal) (G1 Evacuation Pause) 7859M->2169M(10240M) 167.034ms
[5599.319s][info][gc,cpu         ] GC(644) User=1.31s Sys=0.00s Real=0.16s
.....[5604.267s][info][gc,start       ] GC(645) Pause Young (Normal) (G1 Evacuation Pause)
[5604.267s][info][gc,task        ] GC(645) Using 8 workers of 8 for evacuation
[5604.424s][info][gc,phases      ] GC(645)   Pre Evacuate Collection Set: 0.29ms
[5604.424s][info][gc,phases      ] GC(645)   Merge Heap Roots: 0.55ms
[5604.424s][info][gc,phases      ] GC(645)   Evacuate Collection Set: 155.26ms
[5604.424s][info][gc,phases      ] GC(645)   Post Evacuate Collection Set: 1.25ms
[5604.424s][info][gc,phases      ] GC(645)   Other: 0.07ms
[5604.424s][info][gc,heap        ] GC(645) Eden regions: 714->0(717)
[5604.424s][info][gc,heap        ] GC(645) Survivor regions: 54->51(96)
[5604.424s][info][gc,heap        ] GC(645) Old regions: 188->191
[5604.424s][info][gc,heap        ] GC(645) Humongous regions: 33->33
[5604.424s][info][gc,metaspace   ] GC(645) Metaspace: 35708K(37952K)->35708K(37952K) NonClass: 26704K(27008K)->26704K(27008K) Class: 9004K(10944K)->9004K(10944K)
[5604.424s][info][gc             ] GC(645) Pause Young (Normal) (G1 Evacuation Pause) 7881M->2162M(10240M) 157.552ms
[5604.424s][info][gc,cpu         ] GC(645) User=1.24s Sys=0.00s Real=0.16s
.....[5609.393s][info][gc,start       ] GC(646) Pause Young (Normal) (G1 Evacuation Pause)
[5609.393s][info][gc,task        ] GC(646) Using 8 workers of 8 for evacuation
[5609.555s][info][gc,phases      ] GC(646)   Pre Evacuate Collection Set: 0.28ms
[5609.555s][info][gc,phases      ] GC(646)   Merge Heap Roots: 0.55ms
[5609.555s][info][gc,phases      ] GC(646)   Evacuate Collection Set: 160.10ms
[5609.555s][info][gc,phases      ] GC(646)   Post Evacuate Collection Set: 1.23ms
[5609.555s][info][gc,phases      ] GC(646)   Other: 0.07ms
[5609.555s][info][gc,heap        ] GC(646) Eden regions: 717->0(716)
[5609.555s][info][gc,heap        ] GC(646) Survivor regions: 51->52(96)
[5609.555s][info][gc,heap        ] GC(646) Old regions: 191->193
[5609.555s][info][gc,heap        ] GC(646) Humongous regions: 33->33
[5609.555s][info][gc,metaspace   ] GC(646) Metaspace: 35708K(37952K)->35708K(37952K) NonClass: 26704K(27008K)->26704K(27008K) Class: 9004K(10944K)->9004K(10944K)
[5609.555s][info][gc             ] GC(646) Pause Young (Normal) (G1 Evacuation Pause) 7898M->2196M(10240M) 162.383ms
[5609.555s][info][gc,cpu         ] GC(646) User=1.28s Sys=0.00s Real=0.16s
. (rIR:aIR:PR = 9548:9531:9539) (tPR = 139474) [OK] 
  5609s: Performance info:
         Transaction,    Success,    Partial,     Failed,   Receipts, AvgBarcode, 
             Overall,     576615,          0,          0,     547588,      59.48, 
         Response times:
             Request,    Success,    Partial,     Failed,   SkipFail,     Probes,    Samples,      min,      p50,      p90,      p95,      p99,      max, 
       TotalPurchase,     547247,          0,          0,          0,     357246,     442023,      300,     6900,    19000,    38000,    95000,   464000,
     InStorePurchase,     290904,          0,          0,          0,     188120,     232618,      300,     6900,    19300,    40000,    95000,   449000,
      OnlinePurchase,     198084,          0,          0,          0,     131156,     162166,      300,     7000,    18800,    36000,    94000,   464000,
        InstPurchase,      58259,          0,          0,          0,      37970,      47239,      400,     6800,    18500,    36000,   100000,   432000,
          AssocOfCat,        573,          0,          0,          0,        489,        714,    30000,    55000,    76000,    98250,   213250,   219000,
      AssocOfProduct,       5749,          0,          0,          0,       4231,       5464,      700,     7800,    18900,    37750,    77000,   433000,
      BusinessReport,       1441,          0,          0,          0,       1255,       1676,    32000,    64000,    88000,   102000,   230920,   503000,
          CustBuyBeh,       5776,          0,          0,          0,       4335,       5583,      300,     6600,    18100,    34000,    81000,   227000,
       ProductReturn,      15366,          0,          0,          0,       9904,      12525,      200,     6800,    18200,    37000,    88480,   464000,

  5609s: (70%)   IR =   9686 ....[5614.546s][info][gc,start       ] GC(647) Pause Young (Normal) (G1 Evacuation Pause)
[5614.546s][info][gc,task        ] GC(647) Using 8 workers of 8 for evacuation
[5614.708s][info][gc,phases      ] GC(647)   Pre Evacuate Collection Set: 0.31ms
[5614.708s][info][gc,phases      ] GC(647)   Merge Heap Roots: 0.56ms
[5614.708s][info][gc,phases      ] GC(647)   Evacuate Collection Set: 159.21ms
[5614.708s][info][gc,phases      ] GC(647)   Post Evacuate Collection Set: 1.25ms
[5614.708s][info][gc,phases      ] GC(647)   Other: 0.08ms
[5614.708s][info][gc,heap        ] GC(647) Eden regions: 716->0(715)
[5614.708s][info][gc,heap        ] GC(647) Survivor regions: 52->53(96)
[5614.708s][info][gc,heap        ] GC(647) Old regions: 193->196
[5614.708s][info][gc,heap        ] GC(647) Humongous regions: 33->33
[5614.708s][info][gc,metaspace   ] GC(647) Metaspace: 35708K(37952K)->35708K(37952K) NonClass: 26704K(27008K)->26704K(27008K) Class: 9004K(10944K)->9004K(10944K)
[5614.708s][info][gc             ] GC(647) Pause Young (Normal) (G1 Evacuation Pause) 7924M->2220M(10240M) 161.556ms
[5614.708s][info][gc,cpu         ] GC(647) User=1.26s Sys=0.01s Real=0.16s
.....[5619.666s][info][gc,start       ] GC(648) Pause Young (Normal) (G1 Evacuation Pause)
[5619.666s][info][gc,task        ] GC(648) Using 8 workers of 8 for evacuation
[5619.833s][info][gc,phases      ] GC(648)   Pre Evacuate Collection Set: 0.31ms
[5619.833s][info][gc,phases      ] GC(648)   Merge Heap Roots: 0.63ms
[5619.833s][info][gc,phases      ] GC(648)   Evacuate Collection Set: 164.90ms
[5619.833s][info][gc,phases      ] GC(648)   Post Evacuate Collection Set: 1.29ms
[5619.833s][info][gc,phases      ] GC(648)   Other: 0.08ms
[5619.833s][info][gc,heap        ] GC(648) Eden regions: 715->0(714)
[5619.833s][info][gc,heap        ] GC(648) Survivor regions: 53->54(96)
[5619.833s][info][gc,heap        ] GC(648) Old regions: 196->199
[5619.833s][info][gc,heap        ] GC(648) Humongous regions: 33->33
[5619.833s][info][gc,metaspace   ] GC(648) Metaspace: 35708K(37952K)->35708K(37952K) NonClass: 26704K(27008K)->26704K(27008K) Class: 9004K(10944K)->9004K(10944K)
[5619.833s][info][gc             ] GC(648) Pause Young (Normal) (G1 Evacuation Pause) 7940M->2249M(10240M) 167.336ms
[5619.833s][info][gc,cpu         ] GC(648) User=1.32s Sys=0.00s Real=0.17s
.....[5624.777s][info][gc,start       ] GC(649) Pause Young (Normal) (G1 Evacuation Pause)
[5624.777s][info][gc,task        ] GC(649) Using 8 workers of 8 for evacuation
[5624.939s][info][gc,phases      ] GC(649)   Pre Evacuate Collection Set: 0.29ms
[5624.939s][info][gc,phases      ] GC(649)   Merge Heap Roots: 0.67ms
[5624.939s][info][gc,phases      ] GC(649)   Evacuate Collection Set: 159.78ms
[5624.939s][info][gc,phases      ] GC(649)   Post Evacuate Collection Set: 1.34ms
[5624.939s][info][gc,phases      ] GC(649)   Other: 0.08ms
[5624.940s][info][gc,heap        ] GC(649) Eden regions: 714->0(715)
[5624.940s][info][gc,heap        ] GC(649) Survivor regions: 54->53(96)
[5624.940s][info][gc,heap        ] GC(649) Old regions: 199->201
[5624.940s][info][gc,heap        ] GC(649) Humongous regions: 33->33
[5624.940s][info][gc,metaspace   ] GC(649) Metaspace: 35708K(37952K)->35708K(37952K) NonClass: 26704K(27008K)->26704K(27008K) Class: 9004K(10944K)->9004K(10944K)
[5624.940s][info][gc             ] GC(649) Pause Young (Normal) (G1 Evacuation Pause) 7961M->2262M(10240M) 162.308ms
[5624.940s][info][gc,cpu         ] GC(649) User=1.28s Sys=0.00s Real=0.16s
.....[5629.611s][info][gc,start       ] GC(650) Pause Young (Normal) (G1 Evacuation Pause)
[5629.611s][info][gc,task        ] GC(650) Using 8 workers of 8 for evacuation
[5629.774s][info][gc,phases      ] GC(650)   Pre Evacuate Collection Set: 0.29ms
[5629.774s][info][gc,phases      ] GC(650)   Merge Heap Roots: 0.66ms
[5629.774s][info][gc,phases      ] GC(650)   Evacuate Collection Set: 160.68ms
[5629.774s][info][gc,phases      ] GC(650)   Post Evacuate Collection Set: 1.27ms
[5629.774s][info][gc,phases      ] GC(650)   Other: 0.07ms
[5629.774s][info][gc,heap        ] GC(650) Eden regions: 715->0(716)
[5629.774s][info][gc,heap        ] GC(650) Survivor regions: 53->52(96)
[5629.774s][info][gc,heap        ] GC(650) Old regions: 201->204
[5629.774s][info][gc,heap        ] GC(650) Humongous regions: 33->33
[5629.774s][info][gc,metaspace   ] GC(650) Metaspace: 35708K(37952K)->35708K(37952K) NonClass: 26704K(27008K)->26704K(27008K) Class: 9004K(10944K)->9004K(10944K)
[5629.774s][info][gc             ] GC(650) Pause Young (Normal) (G1 Evacuation Pause) 7982M->2279M(10240M) 163.115ms
[5629.774s][info][gc,cpu         ] GC(650) User=1.28s Sys=0.00s Real=0.17s
.....[5634.599s][info][gc,start       ] GC(651) Pause Young (Normal) (G1 Evacuation Pause)
[5634.599s][info][gc,task        ] GC(651) Using 8 workers of 8 for evacuation
[5634.762s][info][gc,phases      ] GC(651)   Pre Evacuate Collection Set: 0.27ms
[5634.762s][info][gc,phases      ] GC(651)   Merge Heap Roots: 0.54ms
[5634.762s][info][gc,phases      ] GC(651)   Evacuate Collection Set: 160.90ms
[5634.762s][info][gc,phases      ] GC(651)   Post Evacuate Collection Set: 1.26ms
[5634.762s][info][gc,phases      ] GC(651)   Other: 0.08ms
[5634.762s][info][gc,heap        ] GC(651) Eden regions: 716->0(715)
[5634.762s][info][gc,heap        ] GC(651) Survivor regions: 52->53(96)
[5634.762s][info][gc,heap        ] GC(651) Old regions: 204->206
[5634.762s][info][gc,heap        ] GC(651) Humongous regions: 33->33
[5634.762s][info][gc,metaspace   ] GC(651) Metaspace: 35708K(37952K)->35708K(37952K) NonClass: 26704K(27008K)->26704K(27008K) Class: 9004K(10944K)->9004K(10944K)
[5634.762s][info][gc             ] GC(651) Pause Young (Normal) (G1 Evacuation Pause) 8007M->2304M(10240M) 163.209ms
[5634.762s][info][gc,cpu         ] GC(651) User=1.29s Sys=0.00s Real=0.17s
.....|[5639.595s][info][gc,start       ] GC(652) Pause Young (Normal) (G1 Evacuation Pause)
[5639.595s][info][gc,task        ] GC(652) Using 8 workers of 8 for evacuation
[5639.758s][info][gc,phases      ] GC(652)   Pre Evacuate Collection Set: 0.29ms
[5639.758s][info][gc,phases      ] GC(652)   Merge Heap Roots: 0.60ms
[5639.758s][info][gc,phases      ] GC(652)   Evacuate Collection Set: 161.37ms
[5639.758s][info][gc,phases      ] GC(652)   Post Evacuate Collection Set: 1.24ms
[5639.758s][info][gc,phases      ] GC(652)   Other: 0.06ms
[5639.758s][info][gc,heap        ] GC(652) Eden regions: 715->0(716)
[5639.758s][info][gc,heap        ] GC(652) Survivor regions: 53->52(96)
[5639.758s][info][gc,heap        ] GC(652) Old regions: 206->209
[5639.758s][info][gc,heap        ] GC(652) Humongous regions: 33->33
[5639.758s][info][gc,metaspace   ] GC(652) Metaspace: 35711K(37952K)->35711K(37952K) NonClass: 26707K(27008K)->26707K(27008K) Class: 9004K(10944K)->9004K(10944K)
[5639.758s][info][gc             ] GC(652) Pause Young (Normal) (G1 Evacuation Pause) 8024M->2321M(10240M) 163.712ms
[5639.758s][info][gc,cpu         ] GC(652) User=1.29s Sys=0.00s Real=0.16s
.....[5644.485s][info][gc,start       ] GC(653) Pause Young (Normal) (G1 Evacuation Pause)
[5644.485s][info][gc,task        ] GC(653) Using 8 workers of 8 for evacuation
[5644.647s][info][gc,phases      ] GC(653)   Pre Evacuate Collection Set: 0.30ms
[5644.647s][info][gc,phases      ] GC(653)   Merge Heap Roots: 0.61ms
[5644.647s][info][gc,phases      ] GC(653)   Evacuate Collection Set: 160.62ms
[5644.648s][info][gc,phases      ] GC(653)   Post Evacuate Collection Set: 1.29ms
[5644.648s][info][gc,phases      ] GC(653)   Other: 0.07ms
[5644.648s][info][gc,heap        ] GC(653) Eden regions: 716->0(715)
[5644.648s][info][gc,heap        ] GC(653) Survivor regions: 52->53(96)
[5644.648s][info][gc,heap        ] GC(653) Old regions: 209->212
[5644.648s][info][gc,heap        ] GC(653) Humongous regions: 33->33
[5644.648s][info][gc,metaspace   ] GC(653) Metaspace: 35713K(37952K)->35713K(37952K) NonClass: 26709K(27008K)->26709K(27008K) Class: 9004K(10944K)->9004K(10944K)
[5644.648s][info][gc             ] GC(653) Pause Young (Normal) (G1 Evacuation Pause) 8049M->2350M(10240M) 163.024ms
[5644.648s][info][gc,cpu         ] GC(653) User=1.28s Sys=0.00s Real=0.16s
.....[5649.528s][info][gc,start       ] GC(654) Pause Young (Normal) (G1 Evacuation Pause)
[5649.528s][info][gc,task        ] GC(654) Using 8 workers of 8 for evacuation
[5649.689s][info][gc,phases      ] GC(654)   Pre Evacuate Collection Set: 0.31ms
[5649.689s][info][gc,phases      ] GC(654)   Merge Heap Roots: 0.63ms
[5649.689s][info][gc,phases      ] GC(654)   Evacuate Collection Set: 157.91ms
[5649.689s][info][gc,phases      ] GC(654)   Post Evacuate Collection Set: 1.26ms
[5649.689s][info][gc,phases      ] GC(654)   Other: 0.07ms
[5649.689s][info][gc,heap        ] GC(654) Eden regions: 715->0(716)
[5649.689s][info][gc,heap        ] GC(654) Survivor regions: 53->52(96)
[5649.689s][info][gc,heap        ] GC(654) Old regions: 212->215
[5649.689s][info][gc,heap        ] GC(654) Humongous regions: 33->33
[5649.689s][info][gc,metaspace   ] GC(654) Metaspace: 35713K(37952K)->35713K(37952K) NonClass: 26709K(27008K)->26709K(27008K) Class: 9004K(10944K)->9004K(10944K)
[5649.689s][info][gc             ] GC(654) Pause Young (Normal) (G1 Evacuation Pause) 8070M->2361M(10240M) 160.314ms
[5649.689s][info][gc,cpu         ] GC(654) User=1.26s Sys=0.00s Real=0.16s
.....[5654.380s][info][gc,start       ] GC(655) Pause Young (Normal) (G1 Evacuation Pause)
[5654.380s][info][gc,task        ] GC(655) Using 8 workers of 8 for evacuation
[5654.545s][info][gc,phases      ] GC(655)   Pre Evacuate Collection Set: 0.29ms
[5654.545s][info][gc,phases      ] GC(655)   Merge Heap Roots: 0.61ms
[5654.545s][info][gc,phases      ] GC(655)   Evacuate Collection Set: 163.01ms
[5654.545s][info][gc,phases      ] GC(655)   Post Evacuate Collection Set: 1.26ms
[5654.545s][info][gc,phases      ] GC(655)   Other: 0.07ms
[5654.545s][info][gc,heap        ] GC(655) Eden regions: 716->0(716)
[5654.545s][info][gc,heap        ] GC(655) Survivor regions: 52->52(96)
[5654.545s][info][gc,heap        ] GC(655) Old regions: 215->217
[5654.545s][info][gc,heap        ] GC(655) Humongous regions: 33->33
[5654.545s][info][gc,metaspace   ] GC(655) Metaspace: 35713K(37952K)->35713K(37952K) NonClass: 26709K(27008K)->26709K(27008K) Class: 9004K(10944K)->9004K(10944K)
[5654.545s][info][gc             ] GC(655) Pause Young (Normal) (G1 Evacuation Pause) 8089M->2386M(10240M) 165.385ms
[5654.545s][info][gc,cpu         ] GC(655) User=1.30s Sys=0.00s Real=0.17s
.....[5659.501s][info][gc,start       ] GC(656) Pause Young (Normal) (G1 Evacuation Pause)
[5659.501s][info][gc,task        ] GC(656) Using 8 workers of 8 for evacuation
[5659.666s][info][gc,phases      ] GC(656)   Pre Evacuate Collection Set: 0.29ms
[5659.666s][info][gc,phases      ] GC(656)   Merge Heap Roots: 0.53ms
[5659.666s][info][gc,phases      ] GC(656)   Evacuate Collection Set: 163.35ms
[5659.666s][info][gc,phases      ] GC(656)   Post Evacuate Collection Set: 1.24ms
[5659.666s][info][gc,phases      ] GC(656)   Other: 0.06ms
[5659.666s][info][gc,heap        ] GC(656) Eden regions: 716->0(715)
[5659.666s][info][gc,heap        ] GC(656) Survivor regions: 52->53(96)
[5659.666s][info][gc,heap        ] GC(656) Old regions: 217->220
[5659.666s][info][gc,heap        ] GC(656) Humongous regions: 33->33
[5659.666s][info][gc,metaspace   ] GC(656) Metaspace: 35713K(37952K)->35713K(37952K) NonClass: 26709K(27008K)->26709K(27008K) Class: 9004K(10944K)->9004K(10944K)
[5659.666s][info][gc             ] GC(656) Pause Young (Normal) (G1 Evacuation Pause) 8114M->2415M(10240M) 165.600ms
[5659.666s][info][gc,cpu         ] GC(656) User=1.30s Sys=0.00s Real=0.17s
.....[5664.530s][info][gc,start       ] GC(657) Pause Young (Normal) (G1 Evacuation Pause)
[5664.530s][info][gc,task        ] GC(657) Using 8 workers of 8 for evacuation
[5664.688s][info][gc,phases      ] GC(657)   Pre Evacuate Collection Set: 0.29ms
[5664.688s][info][gc,phases      ] GC(657)   Merge Heap Roots: 0.54ms
[5664.688s][info][gc,phases      ] GC(657)   Evacuate Collection Set: 156.32ms
[5664.688s][info][gc,phases      ] GC(657)   Post Evacuate Collection Set: 1.27ms
[5664.688s][info][gc,phases      ] GC(657)   Other: 0.07ms
[5664.688s][info][gc,heap        ] GC(657) Eden regions: 715->0(717)
[5664.688s][info][gc,heap        ] GC(657) Survivor regions: 53->51(96)
[5664.688s][info][gc,heap        ] GC(657) Old regions: 220->223
[5664.688s][info][gc,heap        ] GC(657) Humongous regions: 33->33
[5664.688s][info][gc,metaspace   ] GC(657) Metaspace: 35713K(37952K)->35713K(37952K) NonClass: 26709K(27008K)->26709K(27008K) Class: 9004K(10944K)->9004K(10944K)
[5664.688s][info][gc             ] GC(657) Pause Young (Normal) (G1 Evacuation Pause) 8135M->2418M(10240M) 158.616ms
[5664.688s][info][gc,cpu         ] GC(657) User=1.25s Sys=0.00s Real=0.16s
.....[5669.431s][info][gc,start       ] GC(658) Pause Young (Normal) (G1 Evacuation Pause)
[5669.431s][info][gc,task        ] GC(658) Using 8 workers of 8 for evacuation
[5669.592s][info][gc,phases      ] GC(658)   Pre Evacuate Collection Set: 0.30ms
[5669.592s][info][gc,phases      ] GC(658)   Merge Heap Roots: 0.58ms
[5669.592s][info][gc,phases      ] GC(658)   Evacuate Collection Set: 158.18ms
[5669.592s][info][gc,phases      ] GC(658)   Post Evacuate Collection Set: 1.28ms
[5669.592s][info][gc,phases      ] GC(658)   Other: 0.07ms
[5669.592s][info][gc,heap        ] GC(658) Eden regions: 717->0(716)
[5669.592s][info][gc,heap        ] GC(658) Survivor regions: 51->52(96)
[5669.592s][info][gc,heap        ] GC(658) Old regions: 223->225
[5669.592s][info][gc,heap        ] GC(658) Humongous regions: 33->33
[5669.592s][info][gc,metaspace   ] GC(658) Metaspace: 35713K(37952K)->35713K(37952K) NonClass: 26709K(27008K)->26709K(27008K) Class: 9004K(10944K)->9004K(10944K)
[5669.592s][info][gc             ] GC(658) Pause Young (Normal) (G1 Evacuation Pause) 8154M->2451M(10240M) 160.560ms
[5669.592s][info][gc,cpu         ] GC(658) User=1.26s Sys=0.00s Real=0.17s
.....[5674.506s][info][gc,start       ] GC(659) Pause Young (Normal) (G1 Evacuation Pause)
[5674.506s][info][gc,task        ] GC(659) Using 8 workers of 8 for evacuation
[5674.668s][info][gc,phases      ] GC(659)   Pre Evacuate Collection Set: 0.30ms
[5674.668s][info][gc,phases      ] GC(659)   Merge Heap Roots: 0.59ms
[5674.668s][info][gc,phases      ] GC(659)   Evacuate Collection Set: 160.13ms
[5674.668s][info][gc,phases      ] GC(659)   Post Evacuate Collection Set: 1.30ms
[5674.668s][info][gc,phases      ] GC(659)   Other: 0.07ms
[5674.669s][info][gc,heap        ] GC(659) Eden regions: 716->0(715)
[5674.669s][info][gc,heap        ] GC(659) Survivor regions: 52->53(96)
[5674.669s][info][gc,heap        ] GC(659) Old regions: 225->228
[5674.669s][info][gc,heap        ] GC(659) Humongous regions: 33->33
[5674.669s][info][gc,metaspace   ] GC(659) Metaspace: 35713K(37952K)->35713K(37952K) NonClass: 26709K(27008K)->26709K(27008K) Class: 9004K(10944K)->9004K(10944K)
[5674.669s][info][gc             ] GC(659) Pause Young (Normal) (G1 Evacuation Pause) 8179M->2476M(10240M) 162.522ms
[5674.669s][info][gc,cpu         ] GC(659) User=1.28s Sys=0.00s Real=0.16s
.....[5679.549s][info][gc,start       ] GC(660) Pause Young (Normal) (G1 Evacuation Pause)
[5679.549s][info][gc,task        ] GC(660) Using 8 workers of 8 for evacuation
[5679.712s][info][gc,phases      ] GC(660)   Pre Evacuate Collection Set: 0.28ms
[5679.712s][info][gc,phases      ] GC(660)   Merge Heap Roots: 0.67ms
[5679.712s][info][gc,phases      ] GC(660)   Evacuate Collection Set: 160.25ms
[5679.712s][info][gc,phases      ] GC(660)   Post Evacuate Collection Set: 1.27ms
[5679.712s][info][gc,phases      ] GC(660)   Other: 0.06ms
[5679.712s][info][gc,heap        ] GC(660) Eden regions: 715->0(716)
[5679.712s][info][gc,heap        ] GC(660) Survivor regions: 53->52(96)
[5679.712s][info][gc,heap        ] GC(660) Old regions: 228->231
[5679.712s][info][gc,heap        ] GC(660) Humongous regions: 33->33
[5679.712s][info][gc,metaspace   ] GC(660) Metaspace: 35713K(37952K)->35713K(37952K) NonClass: 26709K(27008K)->26709K(27008K) Class: 9004K(10944K)->9004K(10944K)
[5679.712s][info][gc             ] GC(660) Pause Young (Normal) (G1 Evacuation Pause) 8196M->2493M(10240M) 162.688ms
[5679.712s][info][gc,cpu         ] GC(660) User=1.28s Sys=0.00s Real=0.17s
.....[5684.433s][info][gc,start       ] GC(661) Pause Young (Normal) (G1 Evacuation Pause)
[5684.433s][info][gc,task        ] GC(661) Using 8 workers of 8 for evacuation
[5684.594s][info][gc,phases      ] GC(661)   Pre Evacuate Collection Set: 0.27ms
[5684.594s][info][gc,phases      ] GC(661)   Merge Heap Roots: 0.60ms
[5684.594s][info][gc,phases      ] GC(661)   Evacuate Collection Set: 158.77ms
[5684.594s][info][gc,phases      ] GC(661)   Post Evacuate Collection Set: 1.24ms
[5684.594s][info][gc,phases      ] GC(661)   Other: 0.08ms
[5684.594s][info][gc,heap        ] GC(661) Eden regions: 716->0(716)
[5684.594s][info][gc,heap        ] GC(661) Survivor regions: 52->52(96)
[5684.594s][info][gc,heap        ] GC(661) Old regions: 231->233
[5684.594s][info][gc,heap        ] GC(661) Humongous regions: 33->33
[5684.594s][info][gc,metaspace   ] GC(661) Metaspace: 35713K(37952K)->35713K(37952K) NonClass: 26709K(27008K)->26709K(27008K) Class: 9004K(10944K)->9004K(10944K)
[5684.594s][info][gc             ] GC(661) Pause Young (Normal) (G1 Evacuation Pause) 8221M->2515M(10240M) 161.123ms
[5684.594s][info][gc,cpu         ] GC(661) User=1.26s Sys=0.00s Real=0.16s
.....[5689.427s][info][gc,start       ] GC(662) Pause Young (Normal) (G1 Evacuation Pause)
[5689.427s][info][gc,task        ] GC(662) Using 8 workers of 8 for evacuation
[5689.589s][info][gc,phases      ] GC(662)   Pre Evacuate Collection Set: 0.29ms
[5689.589s][info][gc,phases      ] GC(662)   Merge Heap Roots: 0.57ms
[5689.589s][info][gc,phases      ] GC(662)   Evacuate Collection Set: 159.34ms
[5689.589s][info][gc,phases      ] GC(662)   Post Evacuate Collection Set: 1.32ms
[5689.589s][info][gc,phases      ] GC(662)   Other: 0.07ms
[5689.589s][info][gc,heap        ] GC(662) Eden regions: 716->0(716)
[5689.589s][info][gc,heap        ] GC(662) Survivor regions: 52->52(96)
[5689.589s][info][gc,heap        ] GC(662) Old regions: 233->236
[5689.589s][info][gc,heap        ] GC(662) Humongous regions: 33->33
[5689.589s][info][gc,metaspace   ] GC(662) Metaspace: 35713K(37952K)->35713K(37952K) NonClass: 26709K(27008K)->26709K(27008K) Class: 9004K(10944K)->9004K(10944K)
[5689.589s][info][gc             ] GC(662) Pause Young (Normal) (G1 Evacuation Pause) 8243M->2535M(10240M) 161.778ms
[5689.589s][info][gc,cpu         ] GC(662) User=1.27s Sys=0.00s Real=0.16s
.....[5694.498s][info][gc,start       ] GC(663) Pause Young (Normal) (G1 Evacuation Pause)
[5694.498s][info][gc,task        ] GC(663) Using 8 workers of 8 for evacuation
[5694.657s][info][gc,phases      ] GC(663)   Pre Evacuate Collection Set: 0.29ms
[5694.657s][info][gc,phases      ] GC(663)   Merge Heap Roots: 0.57ms
[5694.657s][info][gc,phases      ] GC(663)   Evacuate Collection Set: 156.96ms
[5694.657s][info][gc,phases      ] GC(663)   Post Evacuate Collection Set: 1.28ms
[5694.657s][info][gc,phases      ] GC(663)   Other: 0.07ms
[5694.657s][info][gc,heap        ] GC(663) Eden regions: 716->0(716)
[5694.657s][info][gc,heap        ] GC(663) Survivor regions: 52->52(96)
[5694.657s][info][gc,heap        ] GC(663) Old regions: 236->239
[5694.657s][info][gc,heap        ] GC(663) Humongous regions: 33->33
[5694.657s][info][gc,metaspace   ] GC(663) Metaspace: 35713K(37952K)->35713K(37952K) NonClass: 26709K(27008K)->26709K(27008K) Class: 9004K(10944K)->9004K(10944K)
[5694.657s][info][gc             ] GC(663) Pause Young (Normal) (G1 Evacuation Pause) 8263M->2556M(10240M) 159.321ms
[5694.657s][info][gc,cpu         ] GC(663) User=1.25s Sys=0.01s Real=0.16s
..... (rIR:aIR:PR = 9686:9625:9625) (tPR = 143074) [OK] 
  5698s: Performance info:
         Transaction,    Success,    Partial,     Failed,   Receipts, AvgBarcode, 
             Overall,     577819,          0,          0,     548561,      59.47, 
         Response times:
             Request,    Success,    Partial,     Failed,   SkipFail,     Probes,    Samples,      min,      p50,      p90,      p95,      p99,      max, 
       TotalPurchase,     548560,          0,          0,          0,     355892,     539309,      300,     7000,    25000,    55000,   104000,   760000,
     InStorePurchase,     287770,          0,          0,          0,     186359,     283028,      300,     7000,    25000,    53000,   100000,   760000,
      OnlinePurchase,     202276,          0,          0,          0,     131828,     199026,      300,     7000,    26000,    57000,   107000,   760000,
        InstPurchase,      58514,          0,          0,          0,      37705,      57255,      600,     7200,    26400,    56000,   106000,   720000,
          AssocOfCat,        580,          0,          0,          0,        477,        832,    31000,    57000,    86700,   118700,   207670,   236000,
      AssocOfProduct,       5807,          0,          0,          0,       4308,       6771,      700,     7600,    26000,    58000,   109000,   720000,
      BusinessReport,       1457,          0,          0,          0,       1307,       2117,    30000,    67000,   109000,   149100,   224640,   347000,
          CustBuyBeh,       5802,          0,          0,          0,       4288,       6809,      200,     6900,    26000,    54000,   118000,   341000,
       ProductReturn,      15610,          0,          0,          0,      10163,      15553,      200,     6800,    26000,    58000,   107000,   720000,

  5698s: (71%)   IR =   9824 [5699.500s][info][gc,start       ] GC(664) Pause Young (Normal) (G1 Evacuation Pause)
[5699.500s][info][gc,task        ] GC(664) Using 8 workers of 8 for evacuation
[5699.665s][info][gc,phases      ] GC(664)   Pre Evacuate Collection Set: 0.30ms
[5699.665s][info][gc,phases      ] GC(664)   Merge Heap Roots: 0.62ms
[5699.665s][info][gc,phases      ] GC(664)   Evacuate Collection Set: 163.12ms
[5699.665s][info][gc,phases      ] GC(664)   Post Evacuate Collection Set: 1.26ms
[5699.665s][info][gc,phases      ] GC(664)   Other: 0.07ms
[5699.665s][info][gc,heap        ] GC(664) Eden regions: 716->0(716)
[5699.665s][info][gc,heap        ] GC(664) Survivor regions: 52->52(96)
[5699.665s][info][gc,heap        ] GC(664) Old regions: 239->241
[5699.665s][info][gc,heap        ] GC(664) Humongous regions: 33->33
[5699.665s][info][gc,metaspace   ] GC(664) Metaspace: 35713K(37952K)->35713K(37952K) NonClass: 26709K(27008K)->26709K(27008K) Class: 9004K(10944K)->9004K(10944K)
[5699.665s][info][gc             ] GC(664) Pause Young (Normal) (G1 Evacuation Pause) 8284M->2578M(10240M) 165.510ms
[5699.665s][info][gc,cpu         ] GC(664) User=1.30s Sys=0.01s Real=0.17s
.....[5704.507s][info][gc,start       ] GC(665) Pause Young (Normal) (G1 Evacuation Pause)
[5704.507s][info][gc,task        ] GC(665) Using 8 workers of 8 for evacuation
[5704.666s][info][gc,phases      ] GC(665)   Pre Evacuate Collection Set: 0.31ms
[5704.666s][info][gc,phases      ] GC(665)   Merge Heap Roots: 0.56ms
[5704.666s][info][gc,phases      ] GC(665)   Evacuate Collection Set: 156.89ms
[5704.666s][info][gc,phases      ] GC(665)   Post Evacuate Collection Set: 1.31ms
[5704.666s][info][gc,phases      ] GC(665)   Other: 0.09ms
[5704.666s][info][gc,heap        ] GC(665) Eden regions: 716->0(716)
[5704.666s][info][gc,heap        ] GC(665) Survivor regions: 52->52(96)
[5704.666s][info][gc,heap        ] GC(665) Old regions: 241->244
[5704.666s][info][gc,heap        ] GC(665) Humongous regions: 33->33
[5704.666s][info][gc,metaspace   ] GC(665) Metaspace: 35713K(37952K)->35713K(37952K) NonClass: 26709K(27008K)->26709K(27008K) Class: 9004K(10944K)->9004K(10944K)
[5704.666s][info][gc             ] GC(665) Pause Young (Normal) (G1 Evacuation Pause) 8306M->2595M(10240M) 159.302ms
[5704.666s][info][gc,cpu         ] GC(665) User=1.26s Sys=0.00s Real=0.16s
....|.[5709.322s][info][gc,start       ] GC(666) Pause Young (Normal) (G1 Evacuation Pause)
[5709.322s][info][gc,task        ] GC(666) Using 8 workers of 8 for evacuation
[5709.482s][info][gc,phases      ] GC(666)   Pre Evacuate Collection Set: 0.26ms
[5709.482s][info][gc,phases      ] GC(666)   Merge Heap Roots: 0.57ms
[5709.482s][info][gc,phases      ] GC(666)   Evacuate Collection Set: 157.20ms
[5709.482s][info][gc,phases      ] GC(666)   Post Evacuate Collection Set: 1.34ms
[5709.482s][info][gc,phases      ] GC(666)   Other: 0.06ms
[5709.482s][info][gc,heap        ] GC(666) Eden regions: 716->0(715)
[5709.482s][info][gc,heap        ] GC(666) Survivor regions: 52->53(96)
[5709.482s][info][gc,heap        ] GC(666) Old regions: 244->247
[5709.482s][info][gc,heap        ] GC(666) Humongous regions: 33->33
[5709.482s][info][gc,metaspace   ] GC(666) Metaspace: 35713K(37952K)->35713K(37952K) NonClass: 26709K(27008K)->26709K(27008K) Class: 9004K(10944K)->9004K(10944K)
[5709.482s][info][gc             ] GC(666) Pause Young (Normal) (G1 Evacuation Pause) 8323M->2628M(10240M) 159.566ms
[5709.482s][info][gc,cpu         ] GC(666) User=1.25s Sys=0.00s Real=0.16s
.....[5714.293s][info][gc,start       ] GC(667) Pause Young (Normal) (G1 Evacuation Pause)
[5714.293s][info][gc,task        ] GC(667) Using 8 workers of 8 for evacuation
[5714.457s][info][gc,phases      ] GC(667)   Pre Evacuate Collection Set: 0.28ms
[5714.457s][info][gc,phases      ] GC(667)   Merge Heap Roots: 0.55ms
[5714.457s][info][gc,phases      ] GC(667)   Evacuate Collection Set: 161.54ms
[5714.457s][info][gc,phases      ] GC(667)   Post Evacuate Collection Set: 1.26ms
[5714.457s][info][gc,phases      ] GC(667)   Other: 0.06ms
[5714.457s][info][gc,heap        ] GC(667) Eden regions: 715->0(715)
[5714.457s][info][gc,heap        ] GC(667) Survivor regions: 53->53(96)
[5714.457s][info][gc,heap        ] GC(667) Old regions: 247->249
[5714.457s][info][gc,heap        ] GC(667) Humongous regions: 33->33
[5714.457s][info][gc,metaspace   ] GC(667) Metaspace: 35713K(37952K)->35713K(37952K) NonClass: 26709K(27008K)->26709K(27008K) Class: 9004K(10944K)->9004K(10944K)
[5714.457s][info][gc             ] GC(667) Pause Young (Normal) (G1 Evacuation Pause) 8348M->2650M(10240M) 163.828ms
[5714.457s][info][gc,cpu         ] GC(667) User=1.29s Sys=0.00s Real=0.16s
.....[5719.130s][info][gc,start       ] GC(668) Pause Young (Normal) (G1 Evacuation Pause)
[5719.130s][info][gc,task        ] GC(668) Using 8 workers of 8 for evacuation
[5719.294s][info][gc,phases      ] GC(668)   Pre Evacuate Collection Set: 0.31ms
[5719.294s][info][gc,phases      ] GC(668)   Merge Heap Roots: 0.70ms
[5719.294s][info][gc,phases      ] GC(668)   Evacuate Collection Set: 162.38ms
[5719.294s][info][gc,phases      ] GC(668)   Post Evacuate Collection Set: 1.26ms
[5719.294s][info][gc,phases      ] GC(668)   Other: 0.08ms
[5719.294s][info][gc,heap        ] GC(668) Eden regions: 715->0(715)
[5719.294s][info][gc,heap        ] GC(668) Survivor regions: 53->53(96)
[5719.295s][info][gc,heap        ] GC(668) Old regions: 249->252
[5719.295s][info][gc,heap        ] GC(668) Humongous regions: 33->33
[5719.295s][info][gc,metaspace   ] GC(668) Metaspace: 35713K(37952K)->35713K(37952K) NonClass: 26709K(27008K)->26709K(27008K) Class: 9004K(10944K)->9004K(10944K)
[5719.295s][info][gc             ] GC(668) Pause Young (Normal) (G1 Evacuation Pause) 8370M->2670M(10240M) 164.881ms
[5719.295s][info][gc,cpu         ] GC(668) User=1.29s Sys=0.00s Real=0.17s
....[5723.955s][info][gc,start       ] GC(669) Pause Young (Normal) (G1 Evacuation Pause)
[5723.955s][info][gc,task        ] GC(669) Using 8 workers of 8 for evacuation
[5724.118s][info][gc,phases      ] GC(669)   Pre Evacuate Collection Set: 0.29ms
[5724.118s][info][gc,phases      ] GC(669)   Merge Heap Roots: 0.58ms
[5724.118s][info][gc,phases      ] GC(669)   Evacuate Collection Set: 160.19ms
[5724.118s][info][gc,phases      ] GC(669)   Post Evacuate Collection Set: 1.28ms
[5724.118s][info][gc,phases      ] GC(669)   Other: 0.07ms
[5724.118s][info][gc,heap        ] GC(669) Eden regions: 715->0(715)
[5724.118s][info][gc,heap        ] GC(669) Survivor regions: 53->53(96)
[5724.118s][info][gc,heap        ] GC(669) Old regions: 252->254
[5724.118s][info][gc,heap        ] GC(669) Humongous regions: 33->33
[5724.118s][info][gc,metaspace   ] GC(669) Metaspace: 35713K(37952K)->35713K(37952K) NonClass: 26709K(27008K)->26709K(27008K) Class: 9004K(10944K)->9004K(10944K)
[5724.118s][info][gc             ] GC(669) Pause Young (Normal) (G1 Evacuation Pause) 8390M->2692M(10240M) 162.553ms
[5724.118s][info][gc,cpu         ] GC(669) User=1.28s Sys=0.00s Real=0.16s
.....[5728.856s][info][gc,start       ] GC(670) Pause Young (Normal) (G1 Evacuation Pause)
[5728.856s][info][gc,task        ] GC(670) Using 8 workers of 8 for evacuation
[5729.024s][info][gc,phases      ] GC(670)   Pre Evacuate Collection Set: 0.30ms
[5729.024s][info][gc,phases      ] GC(670)   Merge Heap Roots: 0.62ms
[5729.024s][info][gc,phases      ] GC(670)   Evacuate Collection Set: 165.38ms
[5729.024s][info][gc,phases      ] GC(670)   Post Evacuate Collection Set: 1.30ms
[5729.024s][info][gc,phases      ] GC(670)   Other: 0.07ms
[5729.024s][info][gc,heap        ] GC(670) Eden regions: 715->0(714)
[5729.024s][info][gc,heap        ] GC(670) Survivor regions: 53->54(96)
[5729.024s][info][gc,heap        ] GC(670) Old regions: 254->257
[5729.024s][info][gc,heap        ] GC(670) Humongous regions: 33->33
[5729.024s][info][gc,metaspace   ] GC(670) Metaspace: 35713K(37952K)->35713K(37952K) NonClass: 26709K(27008K)->26709K(27008K) Class: 9004K(10944K)->9004K(10944K)
[5729.024s][info][gc             ] GC(670) Pause Young (Normal) (G1 Evacuation Pause) 8412M->2718M(10240M) 167.820ms
[5729.024s][info][gc,cpu         ] GC(670) User=1.32s Sys=0.00s Real=0.17s
.....[5733.852s][info][gc,start       ] GC(671) Pause Young (Normal) (G1 Evacuation Pause)
[5733.852s][info][gc,task        ] GC(671) Using 8 workers of 8 for evacuation
[5734.014s][info][gc,phases      ] GC(671)   Pre Evacuate Collection Set: 0.30ms
[5734.015s][info][gc,phases      ] GC(671)   Merge Heap Roots: 0.63ms
[5734.015s][info][gc,phases      ] GC(671)   Evacuate Collection Set: 160.22ms
[5734.015s][info][gc,phases      ] GC(671)   Post Evacuate Collection Set: 1.27ms
[5734.015s][info][gc,phases      ] GC(671)   Other: 0.07ms
[5734.015s][info][gc,heap        ] GC(671) Eden regions: 714->0(715)
[5734.015s][info][gc,heap        ] GC(671) Survivor regions: 54->53(96)
[5734.015s][info][gc,heap        ] GC(671) Old regions: 257->260
[5734.015s][info][gc,heap        ] GC(671) Humongous regions: 33->33
[5734.015s][info][gc,metaspace   ] GC(671) Metaspace: 35713K(37952K)->35713K(37952K) NonClass: 26709K(27008K)->26709K(27008K) Class: 9004K(10944K)->9004K(10944K)
[5734.015s][info][gc             ] GC(671) Pause Young (Normal) (G1 Evacuation Pause) 8430M->2731M(10240M) 162.624ms
[5734.015s][info][gc,cpu         ] GC(671) User=1.28s Sys=0.00s Real=0.16s
.....[5738.780s][info][gc,start       ] GC(672) Pause Young (Normal) (G1 Evacuation Pause)
[5738.780s][info][gc,task        ] GC(672) Using 8 workers of 8 for evacuation
[5738.943s][info][gc,phases      ] GC(672)   Pre Evacuate Collection Set: 0.29ms
[5738.943s][info][gc,phases      ] GC(672)   Merge Heap Roots: 0.62ms
[5738.943s][info][gc,phases      ] GC(672)   Evacuate Collection Set: 161.15ms
[5738.943s][info][gc,phases      ] GC(672)   Post Evacuate Collection Set: 1.26ms
[5738.943s][info][gc,phases      ] GC(672)   Other: 0.07ms
[5738.943s][info][gc,heap        ] GC(672) Eden regions: 715->0(715)
[5738.943s][info][gc,heap        ] GC(672) Survivor regions: 53->53(96)
[5738.943s][info][gc,heap        ] GC(672) Old regions: 260->263
[5738.943s][info][gc,heap        ] GC(672) Humongous regions: 33->33
[5738.943s][info][gc,metaspace   ] GC(672) Metaspace: 35713K(37952K)->35713K(37952K) NonClass: 26709K(27008K)->26709K(27008K) Class: 9004K(10944K)->9004K(10944K)
[5738.943s][info][gc             ] GC(672) Pause Young (Normal) (G1 Evacuation Pause) 8451M->2756M(10240M) 163.517ms
[5738.943s][info][gc,cpu         ] GC(672) User=1.29s Sys=0.00s Real=0.17s
.....[5743.546s][info][gc,start       ] GC(673) Pause Young (Normal) (G1 Evacuation Pause)
[5743.546s][info][gc,task        ] GC(673) Using 8 workers of 8 for evacuation
[5743.704s][info][gc,phases      ] GC(673)   Pre Evacuate Collection Set: 0.28ms
[5743.704s][info][gc,phases      ] GC(673)   Merge Heap Roots: 0.59ms
[5743.704s][info][gc,phases      ] GC(673)   Evacuate Collection Set: 156.13ms
[5743.704s][info][gc,phases      ] GC(673)   Post Evacuate Collection Set: 1.26ms
[5743.704s][info][gc,phases      ] GC(673)   Other: 0.07ms
[5743.704s][info][gc,heap        ] GC(673) Eden regions: 715->0(716)
[5743.704s][info][gc,heap        ] GC(673) Survivor regions: 53->52(96)
[5743.704s][info][gc,heap        ] GC(673) Old regions: 263->265
[5743.704s][info][gc,heap        ] GC(673) Humongous regions: 33->33
[5743.704s][info][gc,metaspace   ] GC(673) Metaspace: 35713K(37952K)->35713K(37952K) NonClass: 26709K(27008K)->26709K(27008K) Class: 9004K(10944K)->9004K(10944K)
[5743.705s][info][gc             ] GC(673) Pause Young (Normal) (G1 Evacuation Pause) 8476M->2769M(10240M) 158.468ms
[5743.705s][info][gc,cpu         ] GC(673) User=1.25s Sys=0.00s Real=0.16s
.....[5748.549s][info][gc,start       ] GC(674) Pause Young (Normal) (G1 Evacuation Pause)
[5748.549s][info][gc,task        ] GC(674) Using 8 workers of 8 for evacuation
[5748.710s][info][gc,phases      ] GC(674)   Pre Evacuate Collection Set: 0.30ms
[5748.710s][info][gc,phases      ] GC(674)   Merge Heap Roots: 0.59ms
[5748.710s][info][gc,phases      ] GC(674)   Evacuate Collection Set: 158.81ms
[5748.710s][info][gc,phases      ] GC(674)   Post Evacuate Collection Set: 1.32ms
[5748.710s][info][gc,phases      ] GC(674)   Other: 0.08ms
[5748.710s][info][gc,heap        ] GC(674) Eden regions: 716->0(716)
[5748.710s][info][gc,heap        ] GC(674) Survivor regions: 52->52(96)
[5748.710s][info][gc,heap        ] GC(674) Old regions: 265->268
[5748.710s][info][gc,heap        ] GC(674) Humongous regions: 33->33
[5748.710s][info][gc,metaspace   ] GC(674) Metaspace: 35713K(37952K)->35713K(37952K) NonClass: 26709K(27008K)->26709K(27008K) Class: 9004K(10944K)->9004K(10944K)
[5748.710s][info][gc             ] GC(674) Pause Young (Normal) (G1 Evacuation Pause) 8497M->2791M(10240M) 161.242ms
[5748.710s][info][gc,cpu         ] GC(674) User=1.26s Sys=0.00s Real=0.16s
.....[5753.534s][info][gc,start       ] GC(675) Pause Young (Normal) (G1 Evacuation Pause)
[5753.534s][info][gc,task        ] GC(675) Using 8 workers of 8 for evacuation
[5753.696s][info][gc,phases      ] GC(675)   Pre Evacuate Collection Set: 0.29ms
[5753.696s][info][gc,phases      ] GC(675)   Merge Heap Roots: 0.59ms
[5753.696s][info][gc,phases      ] GC(675)   Evacuate Collection Set: 159.80ms
[5753.696s][info][gc,phases      ] GC(675)   Post Evacuate Collection Set: 1.27ms
[5753.696s][info][gc,phases      ] GC(675)   Other: 0.06ms
[5753.696s][info][gc,heap        ] GC(675) Eden regions: 716->0(715)
[5753.696s][info][gc,heap        ] GC(675) Survivor regions: 52->53(96)
[5753.696s][info][gc,heap        ] GC(675) Old regions: 268->271
[5753.696s][info][gc,heap        ] GC(675) Humongous regions: 33->33
[5753.696s][info][gc,metaspace   ] GC(675) Metaspace: 35713K(37952K)->35713K(37952K) NonClass: 26709K(27008K)->26709K(27008K) Class: 9004K(10944K)->9004K(10944K)
[5753.696s][info][gc             ] GC(675) Pause Young (Normal) (G1 Evacuation Pause) 8519M->2816M(10240M) 162.155ms
[5753.696s][info][gc,cpu         ] GC(675) User=1.28s Sys=0.00s Real=0.16s
.....[5758.458s][info][gc,start       ] GC(676) Pause Young (Normal) (G1 Evacuation Pause)
[5758.458s][info][gc,task        ] GC(676) Using 8 workers of 8 for evacuation
[5758.622s][info][gc,phases      ] GC(676)   Pre Evacuate Collection Set: 0.29ms
[5758.622s][info][gc,phases      ] GC(676)   Merge Heap Roots: 0.59ms
[5758.622s][info][gc,phases      ] GC(676)   Evacuate Collection Set: 161.67ms
[5758.622s][info][gc,phases      ] GC(676)   Post Evacuate Collection Set: 1.30ms
[5758.622s][info][gc,phases      ] GC(676)   Other: 0.07ms
[5758.622s][info][gc,heap        ] GC(676) Eden regions: 715->0(716)
[5758.622s][info][gc,heap        ] GC(676) Survivor regions: 53->52(96)
[5758.622s][info][gc,heap        ] GC(676) Old regions: 271->273
[5758.622s][info][gc,heap        ] GC(676) Humongous regions: 33->33
[5758.622s][info][gc,metaspace   ] GC(676) Metaspace: 35713K(37952K)->35713K(37952K) NonClass: 26709K(27008K)->26709K(27008K) Class: 9004K(10944K)->9004K(10944K)
[5758.622s][info][gc             ] GC(676) Pause Young (Normal) (G1 Evacuation Pause) 8536M->2831M(10240M) 164.051ms
[5758.622s][info][gc,cpu         ] GC(676) User=1.29s Sys=0.00s Real=0.17s
.....[5763.231s][info][gc,start       ] GC(677) Pause Young (Normal) (G1 Evacuation Pause)
[5763.231s][info][gc,task        ] GC(677) Using 8 workers of 8 for evacuation
[5763.389s][info][gc,phases      ] GC(677)   Pre Evacuate Collection Set: 0.29ms
[5763.390s][info][gc,phases      ] GC(677)   Merge Heap Roots: 0.61ms
[5763.390s][info][gc,phases      ] GC(677)   Evacuate Collection Set: 156.08ms
[5763.390s][info][gc,phases      ] GC(677)   Post Evacuate Collection Set: 1.32ms
[5763.390s][info][gc,phases      ] GC(677)   Other: 0.08ms
[5763.390s][info][gc,heap        ] GC(677) Eden regions: 716->0(716)
[5763.390s][info][gc,heap        ] GC(677) Survivor regions: 52->52(96)
[5763.390s][info][gc,heap        ] GC(677) Old regions: 273->276
[5763.390s][info][gc,heap        ] GC(677) Humongous regions: 33->33
[5763.390s][info][gc,metaspace   ] GC(677) Metaspace: 35713K(37952K)->35713K(37952K) NonClass: 26709K(27008K)->26709K(27008K) Class: 9004K(10944K)->9004K(10944K)
[5763.390s][info][gc             ] GC(677) Pause Young (Normal) (G1 Evacuation Pause) 8559M->2852M(10240M) 158.522ms
[5763.390s][info][gc,cpu         ] GC(677) User=1.25s Sys=0.00s Real=0.16s
....[5768.043s][info][gc,start       ] GC(678) Pause Young (Concurrent Start) (G1 Evacuation Pause)
[5768.044s][info][gc,task        ] GC(678) Using 8 workers of 8 for evacuation
[5768.212s][info][gc,phases      ] GC(678)   Pre Evacuate Collection Set: 0.34ms
[5768.212s][info][gc,phases      ] GC(678)   Merge Heap Roots: 0.58ms
[5768.212s][info][gc,phases      ] GC(678)   Evacuate Collection Set: 166.43ms
[5768.212s][info][gc,phases      ] GC(678)   Post Evacuate Collection Set: 1.23ms
[5768.212s][info][gc,phases      ] GC(678)   Other: 0.10ms
[5768.212s][info][gc,heap        ] GC(678) Eden regions: 716->0(714)
[5768.212s][info][gc,heap        ] GC(678) Survivor regions: 52->54(96)
[5768.212s][info][gc,heap        ] GC(678) Old regions: 276->279
[5768.212s][info][gc,heap        ] GC(678) Humongous regions: 33->33
[5768.212s][info][gc,metaspace   ] GC(678) Metaspace: 35713K(37952K)->35713K(37952K) NonClass: 26709K(27008K)->26709K(27008K) Class: 9004K(10944K)->9004K(10944K)
[5768.212s][info][gc             ] GC(678) Pause Young (Concurrent Start) (G1 Evacuation Pause) 8580M->2889M(10240M) 168.859ms
[5768.212s][info][gc             ] GC(679) Concurrent Mark Cycle
[5768.212s][info][gc,cpu         ] GC(678) User=1.33s Sys=0.00s Real=0.17s
[5768.212s][info][gc,marking     ] GC(679) Concurrent Scan Root Regions
. (rIR:aIR:PR = 9824:9834:9811) (tPR = 145073) [OK] 
  5768s: Performance info:
         Transaction,    Success,    Partial,     Failed,   Receipts, AvgBarcode, 
             Overall,     589690,          0,          0,     560161,      59.47, 
         Response times:
             Request,    Success,    Partial,     Failed,   SkipFail,     Probes,    Samples,      min,      p50,      p90,      p95,      p99,      max, 
       TotalPurchase,     561449,          0,          0,          0,     358481,     414801,      300,     7400,    26000,    63000,   138000,   630000,
     InStorePurchase,     295452,          0,          0,          0,     188728,     218247,      300,     7400,    27000,    65000,   140000,   620000,
      OnlinePurchase,     206903,          0,          0,          0,     132243,     152762,      300,     7500,    26000,    61000,   136000,   630000,
        InstPurchase,      59094,          0,          0,          0,      37510,      43792,      400,     7500,    26000,    65000,   132070,   620000,
          AssocOfCat,        587,          0,          0,          0,        479,        655,    31000,    58000,    90400,   138800,   240520,   306000,
      AssocOfProduct,       5915,          0,          0,          0,       4409,       5431,      500,     7900,    28000,    73000,   169000,   464000,
      BusinessReport,       1473,          0,          0,          0,       1316,       1687,    36000,    67000,    98000,   134600,   239120,   424000,
          CustBuyBeh,       5901,          0,          0,          0,       4394,       5304,      300,     6600,    25000,    71000,   166950,   528000,
       ProductReturn,      15739,          0,          0,          0,       9129,      10864,      200,     7000,    25000,    59750,   163000,   610000,

  5768s: (72%)   IR =   9963 [5768.535s][info][gc,marking     ] GC(679) Concurrent Scan Root Regions 322.949ms
[5768.535s][info][gc,marking     ] GC(679) Concurrent Mark
[5768.535s][info][gc,marking     ] GC(679) Concurrent Mark From Roots
[5768.535s][info][gc,task        ] GC(679) Using 2 workers of 2 for marking
.[5769.800s][info][gc,marking     ] GC(679) Concurrent Mark From Roots 1264.257ms
[5769.800s][info][gc,marking     ] GC(679) Concurrent Preclean
[5769.800s][info][gc,marking     ] GC(679) Concurrent Preclean 0.176ms
[5769.800s][info][gc,start       ] GC(679) Pause Remark
[5769.803s][info][gc             ] GC(679) Pause Remark 4629M->4357M(10240M) 2.562ms
[5769.803s][info][gc,cpu         ] GC(679) User=0.01s Sys=0.00s Real=0.01s
[5769.803s][info][gc,marking     ] GC(679) Concurrent Mark 1267.329ms
[5769.803s][info][gc,marking     ] GC(679) Concurrent Rebuild Remembered Sets and Scrub Regions
.[5770.650s][info][gc,marking     ] GC(679) Concurrent Rebuild Remembered Sets and Scrub Regions 846.781ms
[5770.650s][info][gc,start       ] GC(679) Pause Cleanup
[5770.650s][info][gc             ] GC(679) Pause Cleanup 5473M->5473M(10240M) 0.334ms
[5770.650s][info][gc,cpu         ] GC(679) User=0.00s Sys=0.00s Real=0.00s
[5770.650s][info][gc,marking     ] GC(679) Concurrent Clear Claimed Marks
[5770.650s][info][gc,marking     ] GC(679) Concurrent Clear Claimed Marks 0.046ms
[5770.650s][info][gc,marking     ] GC(679) Concurrent Cleanup for Next Mark
[5770.667s][info][gc,marking     ] GC(679) Concurrent Cleanup for Next Mark 16.523ms
[5770.667s][info][gc             ] GC(679) Concurrent Mark Cycle 2454.424ms
..[5772.878s][info][gc,start       ] GC(680) Pause Young (Prepare Mixed) (G1 Evacuation Pause)
[5772.878s][info][gc,task        ] GC(680) Using 8 workers of 8 for evacuation
[5773.042s][info][gc,phases      ] GC(680)   Pre Evacuate Collection Set: 0.32ms
[5773.042s][info][gc,phases      ] GC(680)   Merge Heap Roots: 0.87ms
[5773.042s][info][gc,phases      ] GC(680)   Evacuate Collection Set: 160.70ms
[5773.042s][info][gc,phases      ] GC(680)   Post Evacuate Collection Set: 1.39ms
[5773.042s][info][gc,phases      ] GC(680)   Other: 0.08ms
[5773.042s][info][gc,heap        ] GC(680) Eden regions: 714->0(715)
[5773.042s][info][gc,heap        ] GC(680) Survivor regions: 54->53(96)
[5773.042s][info][gc,heap        ] GC(680) Old regions: 245->247
[5773.042s][info][gc,heap        ] GC(680) Humongous regions: 33->33
[5773.042s][info][gc,metaspace   ] GC(680) Metaspace: 35713K(37952K)->35713K(37952K) NonClass: 26709K(27008K)->26709K(27008K) Class: 9004K(10944K)->9004K(10944K)
[5773.042s][info][gc             ] GC(680) Pause Young (Prepare Mixed) (G1 Evacuation Pause) 8329M->2633M(10240M) 163.498ms
[5773.042s][info][gc,cpu         ] GC(680) User=1.29s Sys=0.00s Real=0.17s
.....[5777.719s][info][gc,start       ] GC(681) Pause Young (Mixed) (G1 Evacuation Pause)
[5777.719s][info][gc,task        ] GC(681) Using 8 workers of 8 for evacuation
[5777.887s][info][gc,phases      ] GC(681)   Pre Evacuate Collection Set: 0.36ms
[5777.887s][info][gc,phases      ] GC(681)   Merge Heap Roots: 0.96ms
[5777.887s][info][gc,phases      ] GC(681)   Evacuate Collection Set: 164.81ms
[5777.887s][info][gc,phases      ] GC(681)   Post Evacuate Collection Set: 1.44ms
[5777.887s][info][gc,phases      ] GC(681)   Other: 0.08ms
[5777.887s][info][gc,heap        ] GC(681) Eden regions: 715->0(715)
[5777.887s][info][gc,heap        ] GC(681) Survivor regions: 53->53(96)
[5777.887s][info][gc,heap        ] GC(681) Old regions: 247->130
[5777.887s][info][gc,heap        ] GC(681) Humongous regions: 33->33
[5777.887s][info][gc,metaspace   ] GC(681) Metaspace: 35713K(37952K)->35713K(37952K) NonClass: 26709K(27008K)->26709K(27008K) Class: 9004K(10944K)->9004K(10944K)
[5777.887s][info][gc             ] GC(681) Pause Young (Mixed) (G1 Evacuation Pause) 8353M->1696M(10240M) 167.798ms
[5777.887s][info][gc,cpu         ] GC(681) User=1.32s Sys=0.00s Real=0.17s
.....[5782.521s][info][gc,start       ] GC(682) Pause Young (Normal) (G1 Evacuation Pause)
[5782.521s][info][gc,task        ] GC(682) Using 8 workers of 8 for evacuation
[5782.685s][info][gc,phases      ] GC(682)   Pre Evacuate Collection Set: 0.32ms
[5782.685s][info][gc,phases      ] GC(682)   Merge Heap Roots: 0.54ms
[5782.685s][info][gc,phases      ] GC(682)   Evacuate Collection Set: 162.18ms
[5782.685s][info][gc,phases      ] GC(682)   Post Evacuate Collection Set: 1.33ms
[5782.685s][info][gc,phases      ] GC(682)   Other: 0.07ms
[5782.685s][info][gc,heap        ] GC(682) Eden regions: 715->0(715)
[5782.685s][info][gc,heap        ] GC(682) Survivor regions: 53->53(96)
[5782.685s][info][gc,heap        ] GC(682) Old regions: 130->133
[5782.685s][info][gc,heap        ] GC(682) Humongous regions: 33->33
[5782.685s][info][gc,metaspace   ] GC(682) Metaspace: 35713K(37952K)->35713K(37952K) NonClass: 26709K(27008K)->26709K(27008K) Class: 9004K(10944K)->9004K(10944K)
[5782.685s][info][gc             ] GC(682) Pause Young (Normal) (G1 Evacuation Pause) 7416M->1713M(10240M) 164.564ms
[5782.685s][info][gc,cpu         ] GC(682) User=1.29s Sys=0.00s Real=0.17s
....[5787.330s][info][gc,start       ] GC(683) Pause Young (Normal) (G1 Evacuation Pause)
[5787.330s][info][gc,task        ] GC(683) Using 8 workers of 8 for evacuation
[5787.490s][info][gc,phases      ] GC(683)   Pre Evacuate Collection Set: 0.30ms
[5787.490s][info][gc,phases      ] GC(683)   Merge Heap Roots: 0.54ms
[5787.490s][info][gc,phases      ] GC(683)   Evacuate Collection Set: 157.47ms
[5787.490s][info][gc,phases      ] GC(683)   Post Evacuate Collection Set: 1.26ms
[5787.490s][info][gc,phases      ] GC(683)   Other: 0.08ms
[5787.490s][info][gc,heap        ] GC(683) Eden regions: 715->0(715)
[5787.490s][info][gc,heap        ] GC(683) Survivor regions: 53->53(96)
[5787.490s][info][gc,heap        ] GC(683) Old regions: 133->135
[5787.490s][info][gc,heap        ] GC(683) Humongous regions: 33->33
[5787.490s][info][gc,metaspace   ] GC(683) Metaspace: 35713K(37952K)->35713K(37952K) NonClass: 26709K(27008K)->26709K(27008K) Class: 9004K(10944K)->9004K(10944K)
[5787.490s][info][gc             ] GC(683) Pause Young (Normal) (G1 Evacuation Pause) 7433M->1735M(10240M) 159.796ms
[5787.490s][info][gc,cpu         ] GC(683) User=1.26s Sys=0.00s Real=0.16s
.....[5792.192s][info][gc,start       ] GC(684) Pause Young (Normal) (G1 Evacuation Pause)
[5792.192s][info][gc,task        ] GC(684) Using 8 workers of 8 for evacuation
[5792.354s][info][gc,phases      ] GC(684)   Pre Evacuate Collection Set: 0.30ms
[5792.354s][info][gc,phases      ] GC(684)   Merge Heap Roots: 0.57ms
[5792.354s][info][gc,phases      ] GC(684)   Evacuate Collection Set: 159.47ms
[5792.354s][info][gc,phases      ] GC(684)   Post Evacuate Collection Set: 1.27ms
[5792.354s][info][gc,phases      ] GC(684)   Other: 0.07ms
[5792.354s][info][gc,heap        ] GC(684) Eden regions: 715->0(716)
[5792.354s][info][gc,heap        ] GC(684) Survivor regions: 53->52(96)
[5792.354s][info][gc,heap        ] GC(684) Old regions: 135->138
[5792.354s][info][gc,heap        ] GC(684) Humongous regions: 33->33
[5792.354s][info][gc,metaspace   ] GC(684) Metaspace: 35713K(37952K)->35713K(37952K) NonClass: 26709K(27008K)->26709K(27008K) Class: 9004K(10944K)->9004K(10944K)
[5792.354s][info][gc             ] GC(684) Pause Young (Normal) (G1 Evacuation Pause) 7455M->1753M(10240M) 161.807ms
[5792.354s][info][gc,cpu         ] GC(684) User=1.27s Sys=0.00s Real=0.16s
..|...[5796.983s][info][gc,start       ] GC(685) Pause Young (Normal) (G1 Evacuation Pause)
[5796.983s][info][gc,task        ] GC(685) Using 8 workers of 8 for evacuation
[5797.149s][info][gc,phases      ] GC(685)   Pre Evacuate Collection Set: 0.29ms
[5797.149s][info][gc,phases      ] GC(685)   Merge Heap Roots: 0.55ms
[5797.149s][info][gc,phases      ] GC(685)   Evacuate Collection Set: 163.55ms
[5797.149s][info][gc,phases      ] GC(685)   Post Evacuate Collection Set: 1.27ms
[5797.149s][info][gc,phases      ] GC(685)   Other: 0.07ms
[5797.149s][info][gc,heap        ] GC(685) Eden regions: 716->0(715)
[5797.149s][info][gc,heap        ] GC(685) Survivor regions: 52->53(96)
[5797.149s][info][gc,heap        ] GC(685) Old regions: 138->141
[5797.149s][info][gc,heap        ] GC(685) Humongous regions: 33->33
[5797.149s][info][gc,metaspace   ] GC(685) Metaspace: 35713K(37952K)->35713K(37952K) NonClass: 26709K(27008K)->26709K(27008K) Class: 9004K(10944K)->9004K(10944K)
[5797.149s][info][gc             ] GC(685) Pause Young (Normal) (G1 Evacuation Pause) 7481M->1782M(10240M) 165.855ms
[5797.149s][info][gc,cpu         ] GC(685) User=1.31s Sys=0.00s Real=0.16s
.....[5801.717s][info][gc,start       ] GC(686) Pause Young (Normal) (G1 Evacuation Pause)
[5801.717s][info][gc,task        ] GC(686) Using 8 workers of 8 for evacuation
[5801.882s][info][gc,phases      ] GC(686)   Pre Evacuate Collection Set: 0.28ms
[5801.882s][info][gc,phases      ] GC(686)   Merge Heap Roots: 0.60ms
[5801.882s][info][gc,phases      ] GC(686)   Evacuate Collection Set: 162.33ms
[5801.882s][info][gc,phases      ] GC(686)   Post Evacuate Collection Set: 1.29ms
[5801.882s][info][gc,phases      ] GC(686)   Other: 0.07ms
[5801.882s][info][gc,heap        ] GC(686) Eden regions: 715->0(715)
[5801.882s][info][gc,heap        ] GC(686) Survivor regions: 53->53(96)
[5801.882s][info][gc,heap        ] GC(686) Old regions: 141->144
[5801.882s][info][gc,heap        ] GC(686) Humongous regions: 33->33
[5801.882s][info][gc,metaspace   ] GC(686) Metaspace: 35713K(37952K)->35713K(37952K) NonClass: 26709K(27008K)->26709K(27008K) Class: 9004K(10944K)->9004K(10944K)
[5801.882s][info][gc             ] GC(686) Pause Young (Normal) (G1 Evacuation Pause) 7502M->1804M(10240M) 164.723ms
[5801.882s][info][gc,cpu         ] GC(686) User=1.29s Sys=0.00s Real=0.17s
.....[5806.616s][info][gc,start       ] GC(687) Pause Young (Normal) (G1 Evacuation Pause)
[5806.616s][info][gc,task        ] GC(687) Using 8 workers of 8 for evacuation
[5806.780s][info][gc,phases      ] GC(687)   Pre Evacuate Collection Set: 0.30ms
[5806.780s][info][gc,phases      ] GC(687)   Merge Heap Roots: 0.60ms
[5806.780s][info][gc,phases      ] GC(687)   Evacuate Collection Set: 161.82ms
[5806.780s][info][gc,phases      ] GC(687)   Post Evacuate Collection Set: 1.29ms
[5806.780s][info][gc,phases      ] GC(687)   Other: 0.08ms
[5806.780s][info][gc,heap        ] GC(687) Eden regions: 715->0(715)
[5806.780s][info][gc,heap        ] GC(687) Survivor regions: 53->53(96)
[5806.780s][info][gc,heap        ] GC(687) Old regions: 144->146
[5806.780s][info][gc,heap        ] GC(687) Humongous regions: 33->33
[5806.780s][info][gc,metaspace   ] GC(687) Metaspace: 35713K(37952K)->35713K(37952K) NonClass: 26709K(27008K)->26709K(27008K) Class: 9004K(10944K)->9004K(10944K)
[5806.780s][info][gc             ] GC(687) Pause Young (Normal) (G1 Evacuation Pause) 7524M->1822M(10240M) 164.223ms
[5806.780s][info][gc,cpu         ] GC(687) User=1.29s Sys=0.00s Real=0.16s
....[5811.398s][info][gc,start       ] GC(688) Pause Young (Normal) (G1 Evacuation Pause)
[5811.398s][info][gc,task        ] GC(688) Using 8 workers of 8 for evacuation
[5811.556s][info][gc,phases      ] GC(688)   Pre Evacuate Collection Set: 0.27ms
[5811.556s][info][gc,phases      ] GC(688)   Merge Heap Roots: 0.55ms
[5811.556s][info][gc,phases      ] GC(688)   Evacuate Collection Set: 155.95ms
[5811.556s][info][gc,phases      ] GC(688)   Post Evacuate Collection Set: 1.27ms
[5811.556s][info][gc,phases      ] GC(688)   Other: 0.07ms
[5811.556s][info][gc,heap        ] GC(688) Eden regions: 715->0(716)
[5811.556s][info][gc,heap        ] GC(688) Survivor regions: 53->52(96)
[5811.556s][info][gc,heap        ] GC(688) Old regions: 146->149
[5811.556s][info][gc,heap        ] GC(688) Humongous regions: 33->33
[5811.556s][info][gc,metaspace   ] GC(688) Metaspace: 35713K(37952K)->35713K(37952K) NonClass: 26709K(27008K)->26709K(27008K) Class: 9004K(10944K)->9004K(10944K)
[5811.556s][info][gc             ] GC(688) Pause Young (Normal) (G1 Evacuation Pause) 7542M->1836M(10240M) 158.235ms
[5811.556s][info][gc,cpu         ] GC(688) User=1.24s Sys=0.00s Real=0.16s
.....[5816.264s][info][gc,start       ] GC(689) Pause Young (Normal) (G1 Evacuation Pause)
[5816.264s][info][gc,task        ] GC(689) Using 8 workers of 8 for evacuation
[5816.432s][info][gc,phases      ] GC(689)   Pre Evacuate Collection Set: 0.32ms
[5816.432s][info][gc,phases      ] GC(689)   Merge Heap Roots: 0.64ms
[5816.432s][info][gc,phases      ] GC(689)   Evacuate Collection Set: 165.24ms
[5816.432s][info][gc,phases      ] GC(689)   Post Evacuate Collection Set: 1.26ms
[5816.432s][info][gc,phases      ] GC(689)   Other: 0.07ms
[5816.432s][info][gc,heap        ] GC(689) Eden regions: 716->0(717)
[5816.432s][info][gc,heap        ] GC(689) Survivor regions: 52->51(96)
[5816.432s][info][gc,heap        ] GC(689) Old regions: 149->152
[5816.432s][info][gc,heap        ] GC(689) Humongous regions: 33->33
[5816.432s][info][gc,metaspace   ] GC(689) Metaspace: 35713K(37952K)->35713K(37952K) NonClass: 26709K(27008K)->26709K(27008K) Class: 9004K(10944K)->9004K(10944K)
[5816.432s][info][gc             ] GC(689) Pause Young (Normal) (G1 Evacuation Pause) 7564M->1853M(10240M) 167.667ms
[5816.432s][info][gc,cpu         ] GC(689) User=1.21s Sys=0.00s Real=0.17s
.....[5821.098s][info][gc,start       ] GC(690) Pause Young (Normal) (G1 Evacuation Pause)
[5821.098s][info][gc,task        ] GC(690) Using 8 workers of 8 for evacuation
[5821.266s][info][gc,phases      ] GC(690)   Pre Evacuate Collection Set: 0.30ms
[5821.266s][info][gc,phases      ] GC(690)   Merge Heap Roots: 0.55ms
[5821.266s][info][gc,phases      ] GC(690)   Evacuate Collection Set: 166.42ms
[5821.266s][info][gc,phases      ] GC(690)   Post Evacuate Collection Set: 1.29ms
[5821.266s][info][gc,phases      ] GC(690)   Other: 0.08ms
[5821.266s][info][gc,heap        ] GC(690) Eden regions: 717->0(714)
[5821.266s][info][gc,heap        ] GC(690) Survivor regions: 51->54(96)
[5821.266s][info][gc,heap        ] GC(690) Old regions: 152->154
[5821.266s][info][gc,heap        ] GC(690) Humongous regions: 33->33
[5821.266s][info][gc,metaspace   ] GC(690) Metaspace: 35713K(37952K)->35713K(37952K) NonClass: 26709K(27008K)->26709K(27008K) Class: 9004K(10944K)->9004K(10944K)
[5821.266s][info][gc             ] GC(690) Pause Young (Normal) (G1 Evacuation Pause) 7589M->1898M(10240M) 168.763ms
[5821.266s][info][gc,cpu         ] GC(690) User=1.33s Sys=0.00s Real=0.17s
.....[5826.020s][info][gc,start       ] GC(691) Pause Young (Normal) (G1 Evacuation Pause)
[5826.020s][info][gc,task        ] GC(691) Using 8 workers of 8 for evacuation
[5826.182s][info][gc,phases      ] GC(691)   Pre Evacuate Collection Set: 0.31ms
[5826.182s][info][gc,phases      ] GC(691)   Merge Heap Roots: 0.73ms
[5826.183s][info][gc,phases      ] GC(691)   Evacuate Collection Set: 160.46ms
[5826.183s][info][gc,phases      ] GC(691)   Post Evacuate Collection Set: 1.29ms
[5826.183s][info][gc,phases      ] GC(691)   Other: 0.08ms
[5826.183s][info][gc,heap        ] GC(691) Eden regions: 714->0(716)
[5826.183s][info][gc,heap        ] GC(691) Survivor regions: 54->52(96)
[5826.183s][info][gc,heap        ] GC(691) Old regions: 154->157
[5826.183s][info][gc,heap        ] GC(691) Humongous regions: 33->33
[5826.183s][info][gc,metaspace   ] GC(691) Metaspace: 35713K(37952K)->35713K(37952K) NonClass: 26709K(27008K)->26709K(27008K) Class: 9004K(10944K)->9004K(10944K)
[5826.183s][info][gc             ] GC(691) Pause Young (Normal) (G1 Evacuation Pause) 7610M->1903M(10240M) 162.986ms
[5826.183s][info][gc,cpu         ] GC(691) User=1.28s Sys=0.00s Real=0.17s
.....[5830.842s][info][gc,start       ] GC(692) Pause Young (Normal) (G1 Evacuation Pause)
[5830.842s][info][gc,task        ] GC(692) Using 8 workers of 8 for evacuation
[5831.003s][info][gc,phases      ] GC(692)   Pre Evacuate Collection Set: 0.29ms
[5831.003s][info][gc,phases      ] GC(692)   Merge Heap Roots: 0.57ms
[5831.003s][info][gc,phases      ] GC(692)   Evacuate Collection Set: 158.95ms
[5831.003s][info][gc,phases      ] GC(692)   Post Evacuate Collection Set: 1.26ms
[5831.003s][info][gc,phases      ] GC(692)   Other: 0.08ms
[5831.003s][info][gc,heap        ] GC(692) Eden regions: 716->0(716)
[5831.003s][info][gc,heap        ] GC(692) Survivor regions: 52->52(96)
[5831.003s][info][gc,heap        ] GC(692) Old regions: 157->160
[5831.003s][info][gc,heap        ] GC(692) Humongous regions: 33->33
[5831.003s][info][gc,metaspace   ] GC(692) Metaspace: 35713K(37952K)->35713K(37952K) NonClass: 26709K(27008K)->26709K(27008K) Class: 9004K(10944K)->9004K(10944K)
[5831.003s][info][gc             ] GC(692) Pause Young (Normal) (G1 Evacuation Pause) 7631M->1920M(10240M) 161.295ms
[5831.003s][info][gc,cpu         ] GC(692) User=1.27s Sys=0.00s Real=0.16s
.....[5835.621s][info][gc,start       ] GC(693) Pause Young (Normal) (G1 Evacuation Pause)
[5835.621s][info][gc,task        ] GC(693) Using 8 workers of 8 for evacuation
[5835.790s][info][gc,phases      ] GC(693)   Pre Evacuate Collection Set: 0.28ms
[5835.790s][info][gc,phases      ] GC(693)   Merge Heap Roots: 0.58ms
[5835.790s][info][gc,phases      ] GC(693)   Evacuate Collection Set: 166.58ms
[5835.790s][info][gc,phases      ] GC(693)   Post Evacuate Collection Set: 1.25ms
[5835.790s][info][gc,phases      ] GC(693)   Other: 0.07ms
[5835.790s][info][gc,heap        ] GC(693) Eden regions: 716->0(714)
[5835.790s][info][gc,heap        ] GC(693) Survivor regions: 52->54(96)
[5835.790s][info][gc,heap        ] GC(693) Old regions: 160->162
[5835.790s][info][gc,heap        ] GC(693) Humongous regions: 33->33
[5835.790s][info][gc,metaspace   ] GC(693) Metaspace: 35713K(37952K)->35713K(37952K) NonClass: 26709K(27008K)->26709K(27008K) Class: 9004K(10944K)->9004K(10944K)
[5835.790s][info][gc             ] GC(693) Pause Young (Normal) (G1 Evacuation Pause) 7648M->1958M(10240M) 168.914ms
[5835.790s][info][gc,cpu         ] GC(693) User=1.33s Sys=0.00s Real=0.17s
....[5840.333s][info][gc,start       ] GC(694) Pause Young (Normal) (G1 Evacuation Pause)
[5840.333s][info][gc,task        ] GC(694) Using 8 workers of 8 for evacuation
[5840.494s][info][gc,phases      ] GC(694)   Pre Evacuate Collection Set: 0.31ms
[5840.494s][info][gc,phases      ] GC(694)   Merge Heap Roots: 0.65ms
[5840.494s][info][gc,phases      ] GC(694)   Evacuate Collection Set: 158.11ms
[5840.494s][info][gc,phases      ] GC(694)   Post Evacuate Collection Set: 1.28ms
[5840.494s][info][gc,phases      ] GC(694)   Other: 0.08ms
[5840.494s][info][gc,heap        ] GC(694) Eden regions: 714->0(715)
[5840.494s][info][gc,heap        ] GC(694) Survivor regions: 54->53(96)
[5840.494s][info][gc,heap        ] GC(694) Old regions: 162->165
[5840.494s][info][gc,heap        ] GC(694) Humongous regions: 33->33
[5840.494s][info][gc,metaspace   ] GC(694) Metaspace: 35713K(37952K)->35713K(37952K) NonClass: 26709K(27008K)->26709K(27008K) Class: 9004K(10944K)->9004K(10944K)
[5840.494s][info][gc             ] GC(694) Pause Young (Normal) (G1 Evacuation Pause) 7670M->1970M(10240M) 160.555ms
[5840.494s][info][gc,cpu         ] GC(694) User=1.26s Sys=0.00s Real=0.16s
.....[5845.071s][info][gc,start       ] GC(695) Pause Young (Normal) (G1 Evacuation Pause)
[5845.071s][info][gc,task        ] GC(695) Using 8 workers of 8 for evacuation
[5845.236s][info][gc,phases      ] GC(695)   Pre Evacuate Collection Set: 0.28ms
[5845.236s][info][gc,phases      ] GC(695)   Merge Heap Roots: 0.55ms
[5845.236s][info][gc,phases      ] GC(695)   Evacuate Collection Set: 162.83ms
[5845.236s][info][gc,phases      ] GC(695)   Post Evacuate Collection Set: 1.30ms
[5845.236s][info][gc,phases      ] GC(695)   Other: 0.07ms
[5845.236s][info][gc,heap        ] GC(695) Eden regions: 715->0(715)
[5845.236s][info][gc,heap        ] GC(695) Survivor regions: 53->53(96)
[5845.236s][info][gc,heap        ] GC(695) Old regions: 165->167
[5845.236s][info][gc,heap        ] GC(695) Humongous regions: 33->33
[5845.236s][info][gc,metaspace   ] GC(695) Metaspace: 35713K(37952K)->35713K(37952K) NonClass: 26709K(27008K)->26709K(27008K) Class: 9004K(10944K)->9004K(10944K)
[5845.236s][info][gc             ] GC(695) Pause Young (Normal) (G1 Evacuation Pause) 7690M->1992M(10240M) 165.178ms
[5845.236s][info][gc,cpu         ] GC(695) User=1.30s Sys=0.00s Real=0.17s
.....[5849.922s][info][gc,start       ] GC(696) Pause Young (Normal) (G1 Evacuation Pause)
[5849.922s][info][gc,task        ] GC(696) Using 8 workers of 8 for evacuation
[5850.090s][info][gc,phases      ] GC(696)   Pre Evacuate Collection Set: 0.31ms
[5850.090s][info][gc,phases      ] GC(696)   Merge Heap Roots: 0.60ms
[5850.090s][info][gc,phases      ] GC(696)   Evacuate Collection Set: 165.72ms
[5850.090s][info][gc,phases      ] GC(696)   Post Evacuate Collection Set: 1.25ms
[5850.090s][info][gc,phases      ] GC(696)   Other: 0.06ms
[5850.090s][info][gc,heap        ] GC(696) Eden regions: 715->0(714)
[5850.090s][info][gc,heap        ] GC(696) Survivor regions: 53->54(96)
[5850.090s][info][gc,heap        ] GC(696) Old regions: 167->170
[5850.090s][info][gc,heap        ] GC(696) Humongous regions: 33->33
[5850.090s][info][gc,metaspace   ] GC(696) Metaspace: 35713K(37952K)->35713K(37952K) NonClass: 26709K(27008K)->26709K(27008K) Class: 9004K(10944K)->9004K(10944K)
[5850.090s][info][gc             ] GC(696) Pause Young (Normal) (G1 Evacuation Pause) 7712M->2021M(10240M) 168.066ms
[5850.090s][info][gc,cpu         ] GC(696) User=1.32s Sys=0.00s Real=0.17s
.... (rIR:aIR:PR = 9963:9991:9991) (tPR = 148768) [OK] 
  5853s: Performance info:
         Transaction,    Success,    Partial,     Failed,   Receipts, AvgBarcode, 
             Overall,     600311,          0,          0,     570321,      59.47, 
         Response times:
             Request,    Success,    Partial,     Failed,   SkipFail,     Probes,    Samples,      min,      p50,      p90,      p95,      p99,      max, 
       TotalPurchase,     570321,          0,          0,          0,     355883,     514397,      300,     8100,    53000,    97000,   179000,  1300000,
     InStorePurchase,     299801,          0,          0,          0,     186989,     270204,      400,     8200,    52000,    97000,   180000,  1300000,
      OnlinePurchase,     210742,          0,          0,          0,     130748,     188716,      300,     8100,    53000,    98000,   180000,  1300000,
        InstPurchase,      59778,          0,          0,          0,      38146,      55477,      500,     8100,    53000,    93000,   169000,  1300000,
          AssocOfCat,        597,          0,          0,          0,        505,        845,    27000,    57000,   122000,   192000,   316000,   413000,
      AssocOfProduct,       5989,          0,          0,          0,       4516,       6730,      800,     9200,    48000,    91450,   164000,  1200000,
      BusinessReport,       1497,          0,          0,          0,       1326,       2099,    35000,    71000,   130000,   177000,   247000,   780000,
          CustBuyBeh,       6023,          0,          0,          0,       4420,       6641,      300,     7800,    51000,    98000,   173580,   410000,
       ProductReturn,      15884,          0,          0,          0,       9242,      13647,      200,     8300,    54000,   100000,   182000,  1200000,

  5853s: (73%)   IR =  10101 .[5854.745s][info][gc,start       ] GC(697) Pause Young (Normal) (G1 Evacuation Pause)
[5854.745s][info][gc,task        ] GC(697) Using 8 workers of 8 for evacuation
[5854.907s][info][gc,phases      ] GC(697)   Pre Evacuate Collection Set: 0.30ms
[5854.907s][info][gc,phases      ] GC(697)   Merge Heap Roots: 0.54ms
[5854.907s][info][gc,phases      ] GC(697)   Evacuate Collection Set: 160.19ms
[5854.907s][info][gc,phases      ] GC(697)   Post Evacuate Collection Set: 1.26ms
[5854.907s][info][gc,phases      ] GC(697)   Other: 0.07ms
[5854.907s][info][gc,heap        ] GC(697) Eden regions: 714->0(715)
[5854.907s][info][gc,heap        ] GC(697) Survivor regions: 54->53(96)
[5854.907s][info][gc,heap        ] GC(697) Old regions: 170->173
[5854.907s][info][gc,heap        ] GC(697) Humongous regions: 33->33
[5854.907s][info][gc,metaspace   ] GC(697) Metaspace: 35713K(37952K)->35713K(37952K) NonClass: 26709K(27008K)->26709K(27008K) Class: 9004K(10944K)->9004K(10944K)
[5854.907s][info][gc             ] GC(697) Pause Young (Normal) (G1 Evacuation Pause) 7733M->2033M(10240M) 162.482ms
[5854.907s][info][gc,cpu         ] GC(697) User=1.28s Sys=0.00s Real=0.16s
....[5859.553s][info][gc,start       ] GC(698) Pause Young (Normal) (G1 Evacuation Pause)
[5859.553s][info][gc,task        ] GC(698) Using 8 workers of 8 for evacuation
[5859.713s][info][gc,phases      ] GC(698)   Pre Evacuate Collection Set: 0.30ms
[5859.713s][info][gc,phases      ] GC(698)   Merge Heap Roots: 0.55ms
[5859.713s][info][gc,phases      ] GC(698)   Evacuate Collection Set: 158.32ms
[5859.713s][info][gc,phases      ] GC(698)   Post Evacuate Collection Set: 1.28ms
[5859.713s][info][gc,phases      ] GC(698)   Other: 0.06ms
[5859.713s][info][gc,heap        ] GC(698) Eden regions: 715->0(716)
[5859.713s][info][gc,heap        ] GC(698) Survivor regions: 53->52(96)
[5859.713s][info][gc,heap        ] GC(698) Old regions: 173->175
[5859.713s][info][gc,heap        ] GC(698) Humongous regions: 33->33
[5859.713s][info][gc,metaspace   ] GC(698) Metaspace: 35713K(37952K)->35713K(37952K) NonClass: 26709K(27008K)->26709K(27008K) Class: 9004K(10944K)->9004K(10944K)
[5859.713s][info][gc             ] GC(698) Pause Young (Normal) (G1 Evacuation Pause) 7753M->2048M(10240M) 160.650ms
[5859.713s][info][gc,cpu         ] GC(698) User=1.27s Sys=0.00s Real=0.16s
.....|[5864.212s][info][gc,start       ] GC(699) Pause Young (Normal) (G1 Evacuation Pause)
[5864.212s][info][gc,task        ] GC(699) Using 8 workers of 8 for evacuation
[5864.372s][info][gc,phases      ] GC(699)   Pre Evacuate Collection Set: 0.27ms
[5864.372s][info][gc,phases      ] GC(699)   Merge Heap Roots: 0.52ms
[5864.372s][info][gc,phases      ] GC(699)   Evacuate Collection Set: 158.44ms
[5864.372s][info][gc,phases      ] GC(699)   Post Evacuate Collection Set: 1.23ms
[5864.372s][info][gc,phases      ] GC(699)   Other: 0.07ms
[5864.372s][info][gc,heap        ] GC(699) Eden regions: 716->0(715)
[5864.372s][info][gc,heap        ] GC(699) Survivor regions: 52->53(96)
[5864.372s][info][gc,heap        ] GC(699) Old regions: 175->178
[5864.372s][info][gc,heap        ] GC(699) Humongous regions: 33->33
[5864.372s][info][gc,metaspace   ] GC(699) Metaspace: 35713K(37952K)->35713K(37952K) NonClass: 26709K(27008K)->26709K(27008K) Class: 9004K(10944K)->9004K(10944K)
[5864.372s][info][gc             ] GC(699) Pause Young (Normal) (G1 Evacuation Pause) 7776M->2074M(10240M) 160.708ms
[5864.373s][info][gc,cpu         ] GC(699) User=1.27s Sys=0.00s Real=0.16s
.....[5868.819s][info][gc,start       ] GC(700) Pause Young (Normal) (G1 Evacuation Pause)
[5868.819s][info][gc,task        ] GC(700) Using 8 workers of 8 for evacuation
[5868.978s][info][gc,phases      ] GC(700)   Pre Evacuate Collection Set: 0.30ms
[5868.978s][info][gc,phases      ] GC(700)   Merge Heap Roots: 0.57ms
[5868.978s][info][gc,phases      ] GC(700)   Evacuate Collection Set: 157.23ms
[5868.978s][info][gc,phases      ] GC(700)   Post Evacuate Collection Set: 1.23ms
[5868.978s][info][gc,phases      ] GC(700)   Other: 0.07ms
[5868.978s][info][gc,heap        ] GC(700) Eden regions: 715->0(716)
[5868.978s][info][gc,heap        ] GC(700) Survivor regions: 53->52(96)
[5868.978s][info][gc,heap        ] GC(700) Old regions: 178->180
[5868.978s][info][gc,heap        ] GC(700) Humongous regions: 33->33
[5868.978s][info][gc,metaspace   ] GC(700) Metaspace: 35713K(37952K)->35713K(37952K) NonClass: 26709K(27008K)->26709K(27008K) Class: 9004K(10944K)->9004K(10944K)
[5868.978s][info][gc             ] GC(700) Pause Young (Normal) (G1 Evacuation Pause) 7794M->2087M(10240M) 159.531ms
[5868.979s][info][gc,cpu         ] GC(700) User=1.26s Sys=0.00s Real=0.16s
....[5873.485s][info][gc,start       ] GC(701) Pause Young (Normal) (G1 Evacuation Pause)
[5873.485s][info][gc,task        ] GC(701) Using 8 workers of 8 for evacuation
[5873.652s][info][gc,phases      ] GC(701)   Pre Evacuate Collection Set: 0.29ms
[5873.652s][info][gc,phases      ] GC(701)   Merge Heap Roots: 0.53ms
[5873.652s][info][gc,phases      ] GC(701)   Evacuate Collection Set: 165.50ms
[5873.652s][info][gc,phases      ] GC(701)   Post Evacuate Collection Set: 1.22ms
[5873.652s][info][gc,phases      ] GC(701)   Other: 0.07ms
[5873.652s][info][gc,heap        ] GC(701) Eden regions: 716->0(715)
[5873.652s][info][gc,heap        ] GC(701) Survivor regions: 52->53(96)
[5873.652s][info][gc,heap        ] GC(701) Old regions: 180->183
[5873.652s][info][gc,heap        ] GC(701) Humongous regions: 33->33
[5873.652s][info][gc,metaspace   ] GC(701) Metaspace: 35713K(37952K)->35713K(37952K) NonClass: 26709K(27008K)->26709K(27008K) Class: 9004K(10944K)->9004K(10944K)
[5873.652s][info][gc             ] GC(701) Pause Young (Normal) (G1 Evacuation Pause) 7815M->2121M(10240M) 167.730ms
[5873.652s][info][gc,cpu         ] GC(701) User=1.32s Sys=0.00s Real=0.17s
.....[5878.238s][info][gc,start       ] GC(702) Pause Young (Normal) (G1 Evacuation Pause)
[5878.238s][info][gc,task        ] GC(702) Using 8 workers of 8 for evacuation
[5878.395s][info][gc,phases      ] GC(702)   Pre Evacuate Collection Set: 0.29ms
[5878.395s][info][gc,phases      ] GC(702)   Merge Heap Roots: 0.61ms
[5878.395s][info][gc,phases      ] GC(702)   Evacuate Collection Set: 155.24ms
[5878.395s][info][gc,phases      ] GC(702)   Post Evacuate Collection Set: 1.27ms
[5878.395s][info][gc,phases      ] GC(702)   Other: 0.07ms
[5878.395s][info][gc,heap        ] GC(702) Eden regions: 715->0(717)
[5878.395s][info][gc,heap        ] GC(702) Survivor regions: 53->51(96)
[5878.395s][info][gc,heap        ] GC(702) Old regions: 183->186
[5878.395s][info][gc,heap        ] GC(702) Humongous regions: 33->33
[5878.395s][info][gc,metaspace   ] GC(702) Metaspace: 35713K(37952K)->35713K(37952K) NonClass: 26709K(27008K)->26709K(27008K) Class: 9004K(10944K)->9004K(10944K)
[5878.395s][info][gc             ] GC(702) Pause Young (Normal) (G1 Evacuation Pause) 7841M->2123M(10240M) 157.636ms
[5878.395s][info][gc,cpu         ] GC(702) User=1.23s Sys=0.01s Real=0.16s
.....[5883.099s][info][gc,start       ] GC(703) Pause Young (Normal) (G1 Evacuation Pause)
[5883.099s][info][gc,task        ] GC(703) Using 8 workers of 8 for evacuation
[5883.264s][info][gc,phases      ] GC(703)   Pre Evacuate Collection Set: 0.31ms
[5883.264s][info][gc,phases      ] GC(703)   Merge Heap Roots: 0.55ms
[5883.264s][info][gc,phases      ] GC(703)   Evacuate Collection Set: 162.49ms
[5883.264s][info][gc,phases      ] GC(703)   Post Evacuate Collection Set: 1.27ms
[5883.264s][info][gc,phases      ] GC(703)   Other: 0.09ms
[5883.264s][info][gc,heap        ] GC(703) Eden regions: 717->0(714)
[5883.264s][info][gc,heap        ] GC(703) Survivor regions: 51->54(96)
[5883.264s][info][gc,heap        ] GC(703) Old regions: 186->189
[5883.264s][info][gc,heap        ] GC(703) Humongous regions: 33->33
[5883.264s][info][gc,metaspace   ] GC(703) Metaspace: 35713K(37952K)->35713K(37952K) NonClass: 26709K(27008K)->26709K(27008K) Class: 9004K(10944K)->9004K(10944K)
[5883.264s][info][gc             ] GC(703) Pause Young (Normal) (G1 Evacuation Pause) 7859M->2172M(10240M) 164.851ms
[5883.264s][info][gc,cpu         ] GC(703) User=1.30s Sys=0.00s Real=0.17s
.....[5887.786s][info][gc,start       ] GC(704) Pause Young (Normal) (G1 Evacuation Pause)
[5887.786s][info][gc,task        ] GC(704) Using 8 workers of 8 for evacuation
[5887.948s][info][gc,phases      ] GC(704)   Pre Evacuate Collection Set: 0.31ms
[5887.948s][info][gc,phases      ] GC(704)   Merge Heap Roots: 0.56ms
[5887.948s][info][gc,phases      ] GC(704)   Evacuate Collection Set: 159.12ms
[5887.948s][info][gc,phases      ] GC(704)   Post Evacuate Collection Set: 1.25ms
[5887.948s][info][gc,phases      ] GC(704)   Other: 0.06ms
[5887.948s][info][gc,heap        ] GC(704) Eden regions: 714->0(715)
[5887.948s][info][gc,heap        ] GC(704) Survivor regions: 54->53(96)
[5887.948s][info][gc,heap        ] GC(704) Old regions: 189->191
[5887.948s][info][gc,heap        ] GC(704) Humongous regions: 33->33
[5887.948s][info][gc,metaspace   ] GC(704) Metaspace: 35713K(37952K)->35713K(37952K) NonClass: 26709K(27008K)->26709K(27008K) Class: 9004K(10944K)->9004K(10944K)
[5887.948s][info][gc             ] GC(704) Pause Young (Normal) (G1 Evacuation Pause) 7884M->2183M(10240M) 161.418ms
[5887.948s][info][gc,cpu         ] GC(704) User=1.27s Sys=0.00s Real=0.16s
....[5892.488s][info][gc,start       ] GC(705) Pause Young (Normal) (G1 Evacuation Pause)
[5892.488s][info][gc,task        ] GC(705) Using 8 workers of 8 for evacuation
[5892.655s][info][gc,phases      ] GC(705)   Pre Evacuate Collection Set: 0.30ms
[5892.655s][info][gc,phases      ] GC(705)   Merge Heap Roots: 0.59ms
[5892.655s][info][gc,phases      ] GC(705)   Evacuate Collection Set: 164.66ms
[5892.655s][info][gc,phases      ] GC(705)   Post Evacuate Collection Set: 1.24ms
[5892.655s][info][gc,phases      ] GC(705)   Other: 0.07ms
[5892.655s][info][gc,heap        ] GC(705) Eden regions: 715->0(714)
[5892.655s][info][gc,heap        ] GC(705) Survivor regions: 53->54(96)
[5892.655s][info][gc,heap        ] GC(705) Old regions: 191->194
[5892.655s][info][gc,heap        ] GC(705) Humongous regions: 33->33
[5892.655s][info][gc,metaspace   ] GC(705) Metaspace: 35713K(37952K)->35713K(37952K) NonClass: 26709K(27008K)->26709K(27008K) Class: 9004K(10944K)->9004K(10944K)
[5892.655s][info][gc             ] GC(705) Pause Young (Normal) (G1 Evacuation Pause) 7903M->2211M(10240M) 167.008ms
[5892.655s][info][gc,cpu         ] GC(705) User=1.31s Sys=0.00s Real=0.17s
.....[5897.177s][info][gc,start       ] GC(706) Pause Young (Normal) (G1 Evacuation Pause)
[5897.177s][info][gc,task        ] GC(706) Using 8 workers of 8 for evacuation
[5897.341s][info][gc,phases      ] GC(706)   Pre Evacuate Collection Set: 0.29ms
[5897.341s][info][gc,phases      ] GC(706)   Merge Heap Roots: 0.58ms
[5897.341s][info][gc,phases      ] GC(706)   Evacuate Collection Set: 161.97ms
[5897.341s][info][gc,phases      ] GC(706)   Post Evacuate Collection Set: 1.24ms
[5897.341s][info][gc,phases      ] GC(706)   Other: 0.06ms
[5897.341s][info][gc,heap        ] GC(706) Eden regions: 714->0(715)
[5897.341s][info][gc,heap        ] GC(706) Survivor regions: 54->53(96)
[5897.341s][info][gc,heap        ] GC(706) Old regions: 194->197
[5897.341s][info][gc,heap        ] GC(706) Humongous regions: 33->33
[5897.341s][info][gc,metaspace   ] GC(706) Metaspace: 35713K(37952K)->35713K(37952K) NonClass: 26709K(27008K)->26709K(27008K) Class: 9004K(10944K)->9004K(10944K)
[5897.341s][info][gc             ] GC(706) Pause Young (Normal) (G1 Evacuation Pause) 7923M->2228M(10240M) 164.282ms
[5897.341s][info][gc,cpu         ] GC(706) User=1.29s Sys=0.00s Real=0.16s
.....[5901.846s][info][gc,start       ] GC(707) Pause Young (Normal) (G1 Evacuation Pause)
[5901.846s][info][gc,task        ] GC(707) Using 8 workers of 8 for evacuation
[5902.012s][info][gc,phases      ] GC(707)   Pre Evacuate Collection Set: 0.30ms
[5902.012s][info][gc,phases      ] GC(707)   Merge Heap Roots: 0.61ms
[5902.012s][info][gc,phases      ] GC(707)   Evacuate Collection Set: 164.14ms
[5902.012s][info][gc,phases      ] GC(707)   Post Evacuate Collection Set: 1.26ms
[5902.012s][info][gc,phases      ] GC(707)   Other: 0.08ms
[5902.012s][info][gc,heap        ] GC(707) Eden regions: 715->0(715)
[5902.012s][info][gc,heap        ] GC(707) Survivor regions: 53->53(96)
[5902.012s][info][gc,heap        ] GC(707) Old regions: 197->199
[5902.012s][info][gc,heap        ] GC(707) Humongous regions: 33->33
[5902.012s][info][gc,metaspace   ] GC(707) Metaspace: 35713K(37952K)->35713K(37952K) NonClass: 26709K(27008K)->26709K(27008K) Class: 9004K(10944K)->9004K(10944K)
[5902.012s][info][gc             ] GC(707) Pause Young (Normal) (G1 Evacuation Pause) 7948M->2250M(10240M) 166.523ms
[5902.012s][info][gc,cpu         ] GC(707) User=1.31s Sys=0.00s Real=0.17s
....[5906.614s][info][gc,start       ] GC(708) Pause Young (Normal) (G1 Evacuation Pause)
[5906.614s][info][gc,task        ] GC(708) Using 8 workers of 8 for evacuation
[5906.780s][info][gc,phases      ] GC(708)   Pre Evacuate Collection Set: 0.29ms
[5906.780s][info][gc,phases      ] GC(708)   Merge Heap Roots: 0.57ms
[5906.780s][info][gc,phases      ] GC(708)   Evacuate Collection Set: 163.22ms
[5906.780s][info][gc,phases      ] GC(708)   Post Evacuate Collection Set: 1.26ms
[5906.780s][info][gc,phases      ] GC(708)   Other: 0.06ms
[5906.780s][info][gc,heap        ] GC(708) Eden regions: 715->0(714)
[5906.780s][info][gc,heap        ] GC(708) Survivor regions: 53->54(96)
[5906.780s][info][gc,heap        ] GC(708) Old regions: 199->202
[5906.780s][info][gc,heap        ] GC(708) Humongous regions: 33->33
[5906.780s][info][gc,metaspace   ] GC(708) Metaspace: 35713K(37952K)->35713K(37952K) NonClass: 26709K(27008K)->26709K(27008K) Class: 9004K(10944K)->9004K(10944K)
[5906.780s][info][gc             ] GC(708) Pause Young (Normal) (G1 Evacuation Pause) 7970M->2276M(10240M) 165.528ms
[5906.780s][info][gc,cpu         ] GC(708) User=1.30s Sys=0.00s Real=0.16s
.....[5911.304s][info][gc,start       ] GC(709) Pause Young (Normal) (G1 Evacuation Pause)
[5911.304s][info][gc,task        ] GC(709) Using 8 workers of 8 for evacuation
[5911.462s][info][gc,phases      ] GC(709)   Pre Evacuate Collection Set: 0.30ms
[5911.462s][info][gc,phases      ] GC(709)   Merge Heap Roots: 0.54ms
[5911.462s][info][gc,phases      ] GC(709)   Evacuate Collection Set: 156.27ms
[5911.462s][info][gc,phases      ] GC(709)   Post Evacuate Collection Set: 1.29ms
[5911.462s][info][gc,phases      ] GC(709)   Other: 0.07ms
[5911.462s][info][gc,heap        ] GC(709) Eden regions: 714->0(715)
[5911.462s][info][gc,heap        ] GC(709) Survivor regions: 54->53(96)
[5911.462s][info][gc,heap        ] GC(709) Old regions: 202->205
[5911.462s][info][gc,heap        ] GC(709) Humongous regions: 33->33
[5911.462s][info][gc,metaspace   ] GC(709) Metaspace: 35713K(37952K)->35713K(37952K) NonClass: 26709K(27008K)->26709K(27008K) Class: 9004K(10944K)->9004K(10944K)
[5911.462s][info][gc             ] GC(709) Pause Young (Normal) (G1 Evacuation Pause) 7988M->2291M(10240M) 158.639ms
[5911.462s][info][gc,cpu         ] GC(709) User=1.25s Sys=0.00s Real=0.16s
.....[5915.958s][info][gc,start       ] GC(710) Pause Young (Normal) (G1 Evacuation Pause)
[5915.958s][info][gc,task        ] GC(710) Using 8 workers of 8 for evacuation
[5916.125s][info][gc,phases      ] GC(710)   Pre Evacuate Collection Set: 0.30ms
[5916.125s][info][gc,phases      ] GC(710)   Merge Heap Roots: 0.55ms
[5916.125s][info][gc,phases      ] GC(710)   Evacuate Collection Set: 165.16ms
[5916.125s][info][gc,phases      ] GC(710)   Post Evacuate Collection Set: 1.25ms
[5916.125s][info][gc,phases      ] GC(710)   Other: 0.06ms
[5916.125s][info][gc,heap        ] GC(710) Eden regions: 715->0(715)
[5916.125s][info][gc,heap        ] GC(710) Survivor regions: 53->53(96)
[5916.125s][info][gc,heap        ] GC(710) Old regions: 205->207
[5916.125s][info][gc,heap        ] GC(710) Humongous regions: 33->33
[5916.125s][info][gc,metaspace   ] GC(710) Metaspace: 35713K(37952K)->35713K(37952K) NonClass: 26709K(27008K)->26709K(27008K) Class: 9004K(10944K)->9004K(10944K)
[5916.125s][info][gc             ] GC(710) Pause Young (Normal) (G1 Evacuation Pause) 8011M->2316M(10240M) 167.473ms
[5916.125s][info][gc,cpu         ] GC(710) User=1.32s Sys=0.00s Real=0.17s
....[5920.723s][info][gc,start       ] GC(711) Pause Young (Normal) (G1 Evacuation Pause)
[5920.723s][info][gc,task        ] GC(711) Using 8 workers of 8 for evacuation
[5920.887s][info][gc,phases      ] GC(711)   Pre Evacuate Collection Set: 0.28ms
[5920.887s][info][gc,phases      ] GC(711)   Merge Heap Roots: 0.55ms
[5920.887s][info][gc,phases      ] GC(711)   Evacuate Collection Set: 161.82ms
[5920.887s][info][gc,phases      ] GC(711)   Post Evacuate Collection Set: 1.25ms
[5920.887s][info][gc,phases      ] GC(711)   Other: 0.07ms
[5920.887s][info][gc,heap        ] GC(711) Eden regions: 715->0(714)
[5920.887s][info][gc,heap        ] GC(711) Survivor regions: 53->54(96)
[5920.887s][info][gc,heap        ] GC(711) Old regions: 207->210
[5920.887s][info][gc,heap        ] GC(711) Humongous regions: 33->33
[5920.887s][info][gc,metaspace   ] GC(711) Metaspace: 35713K(37952K)->35713K(37952K) NonClass: 26709K(27008K)->26709K(27008K) Class: 9004K(10944K)->9004K(10944K)
[5920.887s][info][gc             ] GC(711) Pause Young (Normal) (G1 Evacuation Pause) 8036M->2341M(10240M) 164.093ms
[5920.887s][info][gc,cpu         ] GC(711) User=1.28s Sys=0.01s Real=0.16s
.....[5925.512s][info][gc,start       ] GC(712) Pause Young (Normal) (G1 Evacuation Pause)
[5925.512s][info][gc,task        ] GC(712) Using 8 workers of 8 for evacuation
[5925.673s][info][gc,phases      ] GC(712)   Pre Evacuate Collection Set: 0.30ms
[5925.673s][info][gc,phases      ] GC(712)   Merge Heap Roots: 0.58ms
[5925.673s][info][gc,phases      ] GC(712)   Evacuate Collection Set: 158.73ms
[5925.673s][info][gc,phases      ] GC(712)   Post Evacuate Collection Set: 1.25ms
[5925.673s][info][gc,phases      ] GC(712)   Other: 0.07ms
[5925.673s][info][gc,heap        ] GC(712) Eden regions: 714->0(716)
[5925.673s][info][gc,heap        ] GC(712) Survivor regions: 54->52(96)
[5925.673s][info][gc,heap        ] GC(712) Old regions: 210->213
[5925.673s][info][gc,heap        ] GC(712) Humongous regions: 33->33
[5925.673s][info][gc,metaspace   ] GC(712) Metaspace: 35713K(37952K)->35713K(37952K) NonClass: 26709K(27008K)->26709K(27008K) Class: 9004K(10944K)->9004K(10944K)
[5925.673s][info][gc             ] GC(712) Pause Young (Normal) (G1 Evacuation Pause) 8053M->2350M(10240M) 161.073ms
[5925.673s][info][gc,cpu         ] GC(712) User=1.26s Sys=0.00s Real=0.16s
.....[5930.229s][info][gc,start       ] GC(713) Pause Young (Normal) (G1 Evacuation Pause)
[5930.229s][info][gc,task        ] GC(713) Using 8 workers of 8 for evacuation
[5930.395s][info][gc,phases      ] GC(713)   Pre Evacuate Collection Set: 0.30ms
[5930.395s][info][gc,phases      ] GC(713)   Merge Heap Roots: 0.64ms
[5930.395s][info][gc,phases      ] GC(713)   Evacuate Collection Set: 163.08ms
[5930.395s][info][gc,phases      ] GC(713)   Post Evacuate Collection Set: 1.25ms
[5930.395s][info][gc,phases      ] GC(713)   Other: 0.08ms
[5930.395s][info][gc,heap        ] GC(713) Eden regions: 716->0(715)
[5930.395s][info][gc,heap        ] GC(713) Survivor regions: 52->53(96)
[5930.395s][info][gc,heap        ] GC(713) Old regions: 213->215
[5930.395s][info][gc,heap        ] GC(713) Humongous regions: 33->33
[5930.395s][info][gc,metaspace   ] GC(713) Metaspace: 35713K(37952K)->35713K(37952K) NonClass: 26709K(27008K)->26709K(27008K) Class: 9004K(10944K)->9004K(10944K)
[5930.395s][info][gc             ] GC(713) Pause Young (Normal) (G1 Evacuation Pause) 8078M->2380M(10240M) 165.502ms
[5930.395s][info][gc,cpu         ] GC(713) User=1.30s Sys=0.00s Real=0.17s
....[5934.875s][info][gc,start       ] GC(714) Pause Young (Normal) (G1 Evacuation Pause)
[5934.876s][info][gc,task        ] GC(714) Using 8 workers of 8 for evacuation
[5935.039s][info][gc,phases      ] GC(714)   Pre Evacuate Collection Set: 0.31ms
[5935.039s][info][gc,phases      ] GC(714)   Merge Heap Roots: 0.55ms
[5935.039s][info][gc,phases      ] GC(714)   Evacuate Collection Set: 161.01ms
[5935.039s][info][gc,phases      ] GC(714)   Post Evacuate Collection Set: 1.26ms
[5935.039s][info][gc,phases      ] GC(714)   Other: 0.07ms
[5935.039s][info][gc,heap        ] GC(714) Eden regions: 715->0(715)
[5935.039s][info][gc,heap        ] GC(714) Survivor regions: 53->53(96)
[5935.039s][info][gc,heap        ] GC(714) Old regions: 215->218
[5935.039s][info][gc,heap        ] GC(714) Humongous regions: 33->33
[5935.039s][info][gc,metaspace   ] GC(714) Metaspace: 35713K(37952K)->35713K(37952K) NonClass: 26709K(27008K)->26709K(27008K) Class: 9004K(10944K)->9004K(10944K)
[5935.039s][info][gc             ] GC(714) Pause Young (Normal) (G1 Evacuation Pause) 8100M->2401M(10240M) 163.343ms
[5935.039s][info][gc,cpu         ] GC(714) User=1.28s Sys=0.00s Real=0.16s
.....[5939.651s][info][gc,start       ] GC(715) Pause Young (Normal) (G1 Evacuation Pause)
[5939.651s][info][gc,task        ] GC(715) Using 8 workers of 8 for evacuation
[5939.811s][info][gc,phases      ] GC(715)   Pre Evacuate Collection Set: 0.31ms
[5939.811s][info][gc,phases      ] GC(715)   Merge Heap Roots: 0.55ms
[5939.811s][info][gc,phases      ] GC(715)   Evacuate Collection Set: 157.99ms
[5939.811s][info][gc,phases      ] GC(715)   Post Evacuate Collection Set: 1.25ms
[5939.811s][info][gc,phases      ] GC(715)   Other: 0.06ms
[5939.812s][info][gc,heap        ] GC(715) Eden regions: 715->0(716)
[5939.812s][info][gc,heap        ] GC(715) Survivor regions: 53->52(96)
[5939.812s][info][gc,heap        ] GC(715) Old regions: 218->221
[5939.812s][info][gc,heap        ] GC(715) Humongous regions: 33->33
[5939.812s][info][gc,metaspace   ] GC(715) Metaspace: 35713K(37952K)->35713K(37952K) NonClass: 26709K(27008K)->26709K(27008K) Class: 9004K(10944K)->9004K(10944K)
[5939.812s][info][gc             ] GC(715) Pause Young (Normal) (G1 Evacuation Pause) 8121M->2410M(10240M) 160.310ms
[5939.812s][info][gc,cpu         ] GC(715) User=1.26s Sys=0.00s Real=0.16s
.....[5944.410s][info][gc,start       ] GC(716) Pause Young (Normal) (G1 Evacuation Pause)
[5944.410s][info][gc,task        ] GC(716) Using 8 workers of 8 for evacuation
[5944.572s][info][gc,phases      ] GC(716)   Pre Evacuate Collection Set: 0.28ms
[5944.572s][info][gc,phases      ] GC(716)   Merge Heap Roots: 0.58ms
[5944.572s][info][gc,phases      ] GC(716)   Evacuate Collection Set: 159.87ms
[5944.572s][info][gc,phases      ] GC(716)   Post Evacuate Collection Set: 1.28ms
[5944.572s][info][gc,phases      ] GC(716)   Other: 0.07ms
[5944.572s][info][gc,heap        ] GC(716) Eden regions: 716->0(716)
[5944.572s][info][gc,heap        ] GC(716) Survivor regions: 52->52(96)
[5944.572s][info][gc,heap        ] GC(716) Old regions: 221->224
[5944.572s][info][gc,heap        ] GC(716) Humongous regions: 33->33
[5944.572s][info][gc,metaspace   ] GC(716) Metaspace: 35713K(37952K)->35713K(37952K) NonClass: 26709K(27008K)->26709K(27008K) Class: 9004K(10944K)->9004K(10944K)
[5944.572s][info][gc             ] GC(716) Pause Young (Normal) (G1 Evacuation Pause) 8138M->2436M(10240M) 162.237ms
[5944.572s][info][gc,cpu         ] GC(716) User=1.28s Sys=0.00s Real=0.17s
.. (rIR:aIR:PR = 10101:10199:10201) (tPR = 151216) [OK] 
  5946s: Performance info:
         Transaction,    Success,    Partial,     Failed,   Receipts, AvgBarcode, 
             Overall,     839893,          0,          0,     798058,      59.47, 
         Response times:
             Request,    Success,    Partial,     Failed,   SkipFail,     Probes,    Samples,      min,      p50,      p90,      p95,      p99,      max, 
       TotalPurchase,     797921,          0,          0,          0,     490633,     558689,      300,     8500,    44000,    79000,   157000,   990000,
     InStorePurchase,     420182,          0,          0,          0,     257926,     293726,      300,     8500,    43000,    79000,   157000,   990000,
      OnlinePurchase,     293906,          0,          0,          0,     181041,     205520,      300,     8400,    43000,    78000,   157790,   990000,
        InstPurchase,      83833,          0,          0,          0,      51666,      59443,      500,     8900,    44000,    81000,   161000,   990000,
          AssocOfCat,        831,          0,          0,          0,        697,        919,    28000,    60000,    94000,   128000,   217800,   495000,
      AssocOfProduct,       8390,          0,          0,          0,       4690,       5620,      700,     8700,    43000,    86000,   165000,   389000,
      BusinessReport,       2086,          0,          0,          0,       1877,       2322,    29000,    72000,   124000,   166000,   240000,   378000,
          CustBuyBeh,       8255,          0,          0,          0,       4728,       5632,      200,     8300,    50000,    90000,   160000,   710000,
       ProductReturn,      22241,          0,          0,          0,      12968,      15191,      200,     8100,    40000,    78000,   159000,   710000,

  5946s: (74%)   IR =  10239 ...[5949.297s][info][gc,start       ] GC(717) Pause Young (Normal) (G1 Evacuation Pause)
[5949.297s][info][gc,task        ] GC(717) Using 8 workers of 8 for evacuation
[5949.456s][info][gc,phases      ] GC(717)   Pre Evacuate Collection Set: 0.30ms
[5949.456s][info][gc,phases      ] GC(717)   Merge Heap Roots: 0.61ms
[5949.456s][info][gc,phases      ] GC(717)   Evacuate Collection Set: 157.09ms
[5949.456s][info][gc,phases      ] GC(717)   Post Evacuate Collection Set: 1.29ms
[5949.456s][info][gc,phases      ] GC(717)   Other: 0.06ms
[5949.456s][info][gc,heap        ] GC(717) Eden regions: 716->0(717)
[5949.456s][info][gc,heap        ] GC(717) Survivor regions: 52->51(96)
[5949.456s][info][gc,heap        ] GC(717) Old regions: 224->226
[5949.456s][info][gc,heap        ] GC(717) Humongous regions: 33->33
[5949.456s][info][gc,metaspace   ] GC(717) Metaspace: 35713K(37952K)->35713K(37952K) NonClass: 26709K(27008K)->26709K(27008K) Class: 9004K(10944K)->9004K(10944K)
[5949.456s][info][gc             ] GC(717) Pause Young (Normal) (G1 Evacuation Pause) 8164M->2449M(10240M) 159.480ms
[5949.456s][info][gc,cpu         ] GC(717) User=1.26s Sys=0.00s Real=0.16s
....[5953.959s][info][gc,start       ] GC(718) Pause Young (Normal) (G1 Evacuation Pause)
[5953.959s][info][gc,task        ] GC(718) Using 8 workers of 8 for evacuation
[5954.125s][info][gc,phases      ] GC(718)   Pre Evacuate Collection Set: 0.27ms
[5954.125s][info][gc,phases      ] GC(718)   Merge Heap Roots: 0.53ms
[5954.125s][info][gc,phases      ] GC(718)   Evacuate Collection Set: 163.87ms
[5954.125s][info][gc,phases      ] GC(718)   Post Evacuate Collection Set: 1.40ms
[5954.125s][info][gc,phases      ] GC(718)   Other: 0.06ms
[5954.125s][info][gc,heap        ] GC(718) Eden regions: 717->0(715)
[5954.125s][info][gc,heap        ] GC(718) Survivor regions: 51->53(96)
[5954.125s][info][gc,heap        ] GC(718) Old regions: 226->229
[5954.125s][info][gc,heap        ] GC(718) Humongous regions: 33->33
[5954.125s][info][gc,metaspace   ] GC(718) Metaspace: 35713K(37952K)->35713K(37952K) NonClass: 26709K(27008K)->26709K(27008K) Class: 9004K(10944K)->9004K(10944K)
[5954.125s][info][gc             ] GC(718) Pause Young (Normal) (G1 Evacuation Pause) 8185M->2487M(10240M) 166.274ms
[5954.125s][info][gc,cpu         ] GC(718) User=1.29s Sys=0.00s Real=0.17s
.....[5958.718s][info][gc,start       ] GC(719) Pause Young (Normal) (G1 Evacuation Pause)
[5958.718s][info][gc,task        ] GC(719) Using 8 workers of 8 for evacuation
[5958.907s][info][gc,phases      ] GC(719)   Pre Evacuate Collection Set: 0.30ms
[5958.907s][info][gc,phases      ] GC(719)   Merge Heap Roots: 0.65ms
[5958.907s][info][gc,phases      ] GC(719)   Evacuate Collection Set: 186.87ms
[5958.907s][info][gc,phases      ] GC(719)   Post Evacuate Collection Set: 1.29ms
[5958.907s][info][gc,phases      ] GC(719)   Other: 0.07ms
[5958.907s][info][gc,heap        ] GC(719) Eden regions: 715->0(714)
[5958.907s][info][gc,heap        ] GC(719) Survivor regions: 53->54(96)
[5958.907s][info][gc,heap        ] GC(719) Old regions: 229->232
[5958.907s][info][gc,heap        ] GC(719) Humongous regions: 33->33
[5958.907s][info][gc,metaspace   ] GC(719) Metaspace: 35713K(37952K)->35713K(37952K) NonClass: 26709K(27008K)->26709K(27008K) Class: 9004K(10944K)->9004K(10944K)
[5958.907s][info][gc             ] GC(719) Pause Young (Normal) (G1 Evacuation Pause) 8207M->2514M(10240M) 189.324ms
[5958.907s][info][gc,cpu         ] GC(719) User=1.30s Sys=0.00s Real=0.19s
.....|[5963.348s][info][gc,start       ] GC(720) Pause Young (Normal) (G1 Evacuation Pause)
[5963.348s][info][gc,task        ] GC(720) Using 8 workers of 8 for evacuation
[5963.535s][info][gc,phases      ] GC(720)   Pre Evacuate Collection Set: 0.34ms
[5963.535s][info][gc,phases      ] GC(720)   Merge Heap Roots: 0.65ms
[5963.535s][info][gc,phases      ] GC(720)   Evacuate Collection Set: 185.34ms
[5963.535s][info][gc,phases      ] GC(720)   Post Evacuate Collection Set: 1.30ms
[5963.535s][info][gc,phases      ] GC(720)   Other: 0.07ms
[5963.535s][info][gc,heap        ] GC(720) Eden regions: 714->0(716)
[5963.535s][info][gc,heap        ] GC(720) Survivor regions: 54->52(96)
[5963.535s][info][gc,heap        ] GC(720) Old regions: 232->234
[5963.535s][info][gc,heap        ] GC(720) Humongous regions: 33->33
[5963.535s][info][gc,metaspace   ] GC(720) Metaspace: 35713K(37952K)->35713K(37952K) NonClass: 26709K(27008K)->26709K(27008K) Class: 9004K(10944K)->9004K(10944K)
[5963.535s][info][gc             ] GC(720) Pause Young (Normal) (G1 Evacuation Pause) 8226M->2523M(10240M) 187.838ms
[5963.535s][info][gc,cpu         ] GC(720) User=1.29s Sys=0.00s Real=0.19s
....[5968.063s][info][gc,start       ] GC(721) Pause Young (Normal) (G1 Evacuation Pause)
[5968.063s][info][gc,task        ] GC(721) Using 8 workers of 8 for evacuation
[5968.225s][info][gc,phases      ] GC(721)   Pre Evacuate Collection Set: 0.29ms
[5968.225s][info][gc,phases      ] GC(721)   Merge Heap Roots: 0.62ms
[5968.225s][info][gc,phases      ] GC(721)   Evacuate Collection Set: 159.73ms
[5968.225s][info][gc,phases      ] GC(721)   Post Evacuate Collection Set: 1.29ms
[5968.225s][info][gc,phases      ] GC(721)   Other: 0.06ms
[5968.225s][info][gc,heap        ] GC(721) Eden regions: 716->0(716)
[5968.225s][info][gc,heap        ] GC(721) Survivor regions: 52->52(96)
[5968.225s][info][gc,heap        ] GC(721) Old regions: 234->237
[5968.225s][info][gc,heap        ] GC(721) Humongous regions: 33->33
[5968.225s][info][gc,metaspace   ] GC(721) Metaspace: 35713K(37952K)->35713K(37952K) NonClass: 26709K(27008K)->26709K(27008K) Class: 9004K(10944K)->9004K(10944K)
[5968.225s][info][gc             ] GC(721) Pause Young (Normal) (G1 Evacuation Pause) 8251M->2544M(10240M) 162.128ms
[5968.225s][info][gc,cpu         ] GC(721) User=1.27s Sys=0.00s Real=0.16s
.....[5972.803s][info][gc,start       ] GC(722) Pause Young (Normal) (G1 Evacuation Pause)
[5972.803s][info][gc,task        ] GC(722) Using 8 workers of 8 for evacuation
[5972.963s][info][gc,phases      ] GC(722)   Pre Evacuate Collection Set: 0.31ms
[5972.963s][info][gc,phases      ] GC(722)   Merge Heap Roots: 0.57ms
[5972.963s][info][gc,phases      ] GC(722)   Evacuate Collection Set: 156.99ms
[5972.963s][info][gc,phases      ] GC(722)   Post Evacuate Collection Set: 1.25ms
[5972.963s][info][gc,phases      ] GC(722)   Other: 0.08ms
[5972.963s][info][gc,heap        ] GC(722) Eden regions: 716->0(716)
[5972.963s][info][gc,heap        ] GC(722) Survivor regions: 52->52(96)
[5972.963s][info][gc,heap        ] GC(722) Old regions: 237->240
[5972.963s][info][gc,heap        ] GC(722) Humongous regions: 33->33
[5972.963s][info][gc,metaspace   ] GC(722) Metaspace: 35713K(37952K)->35713K(37952K) NonClass: 26709K(27008K)->26709K(27008K) Class: 9004K(10944K)->9004K(10944K)
[5972.963s][info][gc             ] GC(722) Pause Young (Normal) (G1 Evacuation Pause) 8272M->2562M(10240M) 159.340ms
[5972.963s][info][gc,cpu         ] GC(722) User=1.26s Sys=0.00s Real=0.16s
.....[5977.462s][info][gc,start       ] GC(723) Pause Young (Normal) (G1 Evacuation Pause)
[5977.462s][info][gc,task        ] GC(723) Using 8 workers of 8 for evacuation
[5977.627s][info][gc,phases      ] GC(723)   Pre Evacuate Collection Set: 0.29ms
[5977.627s][info][gc,phases      ] GC(723)   Merge Heap Roots: 0.61ms
[5977.627s][info][gc,phases      ] GC(723)   Evacuate Collection Set: 162.64ms
[5977.627s][info][gc,phases      ] GC(723)   Post Evacuate Collection Set: 1.29ms
[5977.627s][info][gc,phases      ] GC(723)   Other: 0.07ms
[5977.627s][info][gc,heap        ] GC(723) Eden regions: 716->0(715)
[5977.627s][info][gc,heap        ] GC(723) Survivor regions: 52->53(96)
[5977.627s][info][gc,heap        ] GC(723) Old regions: 240->242
[5977.627s][info][gc,heap        ] GC(723) Humongous regions: 33->33
[5977.627s][info][gc,metaspace   ] GC(723) Metaspace: 35713K(37952K)->35713K(37952K) NonClass: 26709K(27008K)->26709K(27008K) Class: 9004K(10944K)->9004K(10944K)
[5977.627s][info][gc             ] GC(723) Pause Young (Normal) (G1 Evacuation Pause) 8290M->2596M(10240M) 165.028ms
[5977.627s][info][gc,cpu         ] GC(723) User=1.30s Sys=0.00s Real=0.16s
....[5982.222s][info][gc,start       ] GC(724) Pause Young (Normal) (G1 Evacuation Pause)
[5982.222s][info][gc,task        ] GC(724) Using 8 workers of 8 for evacuation
[5982.384s][info][gc,phases      ] GC(724)   Pre Evacuate Collection Set: 0.31ms
[5982.384s][info][gc,phases      ] GC(724)   Merge Heap Roots: 0.59ms
[5982.384s][info][gc,phases      ] GC(724)   Evacuate Collection Set: 160.11ms
[5982.384s][info][gc,phases      ] GC(724)   Post Evacuate Collection Set: 1.26ms
[5982.384s][info][gc,phases      ] GC(724)   Other: 0.08ms
[5982.384s][info][gc,heap        ] GC(724) Eden regions: 715->0(715)
[5982.384s][info][gc,heap        ] GC(724) Survivor regions: 53->53(96)
[5982.384s][info][gc,heap        ] GC(724) Old regions: 242->245
[5982.384s][info][gc,heap        ] GC(724) Humongous regions: 33->33
[5982.384s][info][gc,metaspace   ] GC(724) Metaspace: 35713K(37952K)->35713K(37952K) NonClass: 26709K(27008K)->26709K(27008K) Class: 9004K(10944K)->9004K(10944K)
[5982.384s][info][gc             ] GC(724) Pause Young (Normal) (G1 Evacuation Pause) 8316M->2617M(10240M) 162.471ms
[5982.384s][info][gc,cpu         ] GC(724) User=1.28s Sys=0.00s Real=0.17s
.....[5986.890s][info][gc,start       ] GC(725) Pause Young (Normal) (G1 Evacuation Pause)
[5986.890s][info][gc,task        ] GC(725) Using 8 workers of 8 for evacuation
[5987.053s][info][gc,phases      ] GC(725)   Pre Evacuate Collection Set: 0.29ms
[5987.053s][info][gc,phases      ] GC(725)   Merge Heap Roots: 0.56ms
[5987.053s][info][gc,phases      ] GC(725)   Evacuate Collection Set: 160.75ms
[5987.053s][info][gc,phases      ] GC(725)   Post Evacuate Collection Set: 1.25ms
[5987.053s][info][gc,phases      ] GC(725)   Other: 0.06ms
[5987.053s][info][gc,heap        ] GC(725) Eden regions: 715->0(714)
[5987.053s][info][gc,heap        ] GC(725) Survivor regions: 53->54(96)
[5987.053s][info][gc,heap        ] GC(725) Old regions: 245->248
[5987.053s][info][gc,heap        ] GC(725) Humongous regions: 33->33
[5987.053s][info][gc,metaspace   ] GC(725) Metaspace: 35713K(37952K)->35713K(37952K) NonClass: 26709K(27008K)->26709K(27008K) Class: 9004K(10944K)->9004K(10944K)
[5987.053s][info][gc             ] GC(725) Pause Young (Normal) (G1 Evacuation Pause) 8337M->2643M(10240M) 163.051ms
[5987.053s][info][gc,cpu         ] GC(725) User=1.29s Sys=0.00s Real=0.17s
.....[5991.637s][info][gc,start       ] GC(726) Pause Young (Normal) (G1 Evacuation Pause)
[5991.637s][info][gc,task        ] GC(726) Using 8 workers of 8 for evacuation
[5991.800s][info][gc,phases      ] GC(726)   Pre Evacuate Collection Set: 0.28ms
[5991.800s][info][gc,phases      ] GC(726)   Merge Heap Roots: 0.58ms
[5991.800s][info][gc,phases      ] GC(726)   Evacuate Collection Set: 160.99ms
[5991.800s][info][gc,phases      ] GC(726)   Post Evacuate Collection Set: 1.27ms
[5991.800s][info][gc,phases      ] GC(726)   Other: 0.06ms
[5991.800s][info][gc,heap        ] GC(726) Eden regions: 714->0(715)
[5991.800s][info][gc,heap        ] GC(726) Survivor regions: 54->53(96)
[5991.800s][info][gc,heap        ] GC(726) Old regions: 248->250
[5991.800s][info][gc,heap        ] GC(726) Humongous regions: 33->33
[5991.800s][info][gc,metaspace   ] GC(726) Metaspace: 35713K(37952K)->35713K(37952K) NonClass: 26709K(27008K)->26709K(27008K) Class: 9004K(10944K)->9004K(10944K)
[5991.800s][info][gc             ] GC(726) Pause Young (Normal) (G1 Evacuation Pause) 8355M->2655M(10240M) 163.317ms
[5991.800s][info][gc,cpu         ] GC(726) User=1.28s Sys=0.00s Real=0.16s
....[5996.225s][info][gc,start       ] GC(727) Pause Young (Normal) (G1 Evacuation Pause)
[5996.225s][info][gc,task        ] GC(727) Using 8 workers of 8 for evacuation
[5996.392s][info][gc,phases      ] GC(727)   Pre Evacuate Collection Set: 0.29ms
[5996.392s][info][gc,phases      ] GC(727)   Merge Heap Roots: 0.67ms
[5996.392s][info][gc,phases      ] GC(727)   Evacuate Collection Set: 164.91ms
[5996.392s][info][gc,phases      ] GC(727)   Post Evacuate Collection Set: 1.32ms
[5996.392s][info][gc,phases      ] GC(727)   Other: 0.09ms
[5996.392s][info][gc,heap        ] GC(727) Eden regions: 715->0(714)
[5996.392s][info][gc,heap        ] GC(727) Survivor regions: 53->54(96)
[5996.392s][info][gc,heap        ] GC(727) Old regions: 250->253
[5996.392s][info][gc,heap        ] GC(727) Humongous regions: 33->33
[5996.392s][info][gc,metaspace   ] GC(727) Metaspace: 35713K(37952K)->35713K(37952K) NonClass: 26709K(27008K)->26709K(27008K) Class: 9004K(10944K)->9004K(10944K)
[5996.392s][info][gc             ] GC(727) Pause Young (Normal) (G1 Evacuation Pause) 8375M->2684M(10240M) 167.411ms
[5996.392s][info][gc,cpu         ] GC(727) User=1.32s Sys=0.00s Real=0.17s
.....[6000.889s][info][gc,start       ] GC(728) Pause Young (Normal) (G1 Evacuation Pause)
[6000.889s][info][gc,task        ] GC(728) Using 8 workers of 8 for evacuation
[6001.049s][info][gc,phases      ] GC(728)   Pre Evacuate Collection Set: 0.34ms
[6001.049s][info][gc,phases      ] GC(728)   Merge Heap Roots: 0.72ms
[6001.049s][info][gc,phases      ] GC(728)   Evacuate Collection Set: 158.35ms
[6001.049s][info][gc,phases      ] GC(728)   Post Evacuate Collection Set: 1.25ms
[6001.049s][info][gc,phases      ] GC(728)   Other: 0.07ms
[6001.049s][info][gc,heap        ] GC(728) Eden regions: 714->0(715)
[6001.049s][info][gc,heap        ] GC(728) Survivor regions: 54->53(96)
[6001.049s][info][gc,heap        ] GC(728) Old regions: 253->256
[6001.049s][info][gc,heap        ] GC(728) Humongous regions: 33->33
[6001.049s][info][gc,metaspace   ] GC(728) Metaspace: 35713K(37952K)->35713K(37952K) NonClass: 26709K(27008K)->26709K(27008K) Class: 9004K(10944K)->9004K(10944K)
[6001.049s][info][gc             ] GC(728) Pause Young (Normal) (G1 Evacuation Pause) 8396M->2697M(10240M) 160.879ms
[6001.049s][info][gc,cpu         ] GC(728) User=1.27s Sys=0.01s Real=0.16s
.....[6005.489s][info][gc,start       ] GC(729) Pause Young (Normal) (G1 Evacuation Pause)
[6005.489s][info][gc,task        ] GC(729) Using 8 workers of 8 for evacuation
[6005.650s][info][gc,phases      ] GC(729)   Pre Evacuate Collection Set: 0.31ms
[6005.650s][info][gc,phases      ] GC(729)   Merge Heap Roots: 0.57ms
[6005.650s][info][gc,phases      ] GC(729)   Evacuate Collection Set: 158.83ms
[6005.650s][info][gc,phases      ] GC(729)   Post Evacuate Collection Set: 1.29ms
[6005.650s][info][gc,phases      ] GC(729)   Other: 0.07ms
[6005.650s][info][gc,heap        ] GC(729) Eden regions: 715->0(716)
[6005.650s][info][gc,heap        ] GC(729) Survivor regions: 53->52(96)
[6005.650s][info][gc,heap        ] GC(729) Old regions: 256->259
[6005.650s][info][gc,heap        ] GC(729) Humongous regions: 33->33
[6005.650s][info][gc,metaspace   ] GC(729) Metaspace: 35713K(37952K)->35713K(37952K) NonClass: 26709K(27008K)->26709K(27008K) Class: 9004K(10944K)->9004K(10944K)
[6005.650s][info][gc             ] GC(729) Pause Young (Normal) (G1 Evacuation Pause) 8417M->2713M(10240M) 161.200ms
[6005.650s][info][gc,cpu         ] GC(729) User=1.26s Sys=0.00s Real=0.16s
....[6010.219s][info][gc,start       ] GC(730) Pause Young (Normal) (G1 Evacuation Pause)
[6010.219s][info][gc,task        ] GC(730) Using 8 workers of 8 for evacuation
[6010.378s][info][gc,phases      ] GC(730)   Pre Evacuate Collection Set: 0.28ms
[6010.378s][info][gc,phases      ] GC(730)   Merge Heap Roots: 0.65ms
[6010.378s][info][gc,phases      ] GC(730)   Evacuate Collection Set: 156.73ms
[6010.378s][info][gc,phases      ] GC(730)   Post Evacuate Collection Set: 1.27ms
[6010.378s][info][gc,phases      ] GC(730)   Other: 0.07ms
[6010.378s][info][gc,heap        ] GC(730) Eden regions: 716->0(716)
[6010.378s][info][gc,heap        ] GC(730) Survivor regions: 52->52(96)
[6010.378s][info][gc,heap        ] GC(730) Old regions: 259->261
[6010.378s][info][gc,heap        ] GC(730) Humongous regions: 33->33
[6010.378s][info][gc,metaspace   ] GC(730) Metaspace: 35713K(37952K)->35713K(37952K) NonClass: 26709K(27008K)->26709K(27008K) Class: 9004K(10944K)->9004K(10944K)
[6010.378s][info][gc             ] GC(730) Pause Young (Normal) (G1 Evacuation Pause) 8441M->2733M(10240M) 159.137ms
[6010.378s][info][gc,cpu         ] GC(730) User=1.26s Sys=0.00s Real=0.16s
.....[6014.805s][info][gc,start       ] GC(731) Pause Young (Normal) (G1 Evacuation Pause)
[6014.805s][info][gc,task        ] GC(731) Using 8 workers of 8 for evacuation
[6014.969s][info][gc,phases      ] GC(731)   Pre Evacuate Collection Set: 0.31ms
[6014.969s][info][gc,phases      ] GC(731)   Merge Heap Roots: 0.60ms
[6014.969s][info][gc,phases      ] GC(731)   Evacuate Collection Set: 162.08ms
[6014.969s][info][gc,phases      ] GC(731)   Post Evacuate Collection Set: 1.28ms
[6014.969s][info][gc,phases      ] GC(731)   Other: 0.07ms
[6014.969s][info][gc,heap        ] GC(731) Eden regions: 716->0(715)
[6014.969s][info][gc,heap        ] GC(731) Survivor regions: 52->53(96)
[6014.969s][info][gc,heap        ] GC(731) Old regions: 261->264
[6014.969s][info][gc,heap        ] GC(731) Humongous regions: 33->33
[6014.969s][info][gc,metaspace   ] GC(731) Metaspace: 35713K(37952K)->35713K(37952K) NonClass: 26709K(27008K)->26709K(27008K) Class: 9004K(10944K)->9004K(10944K)
[6014.969s][info][gc             ] GC(731) Pause Young (Normal) (G1 Evacuation Pause) 8461M->2765M(10240M) 164.476ms
[6014.969s][info][gc,cpu         ] GC(731) User=1.29s Sys=0.00s Real=0.16s
.....[6019.465s][info][gc,start       ] GC(732) Pause Young (Normal) (G1 Evacuation Pause)
[6019.465s][info][gc,task        ] GC(732) Using 8 workers of 8 for evacuation
[6019.630s][info][gc,phases      ] GC(732)   Pre Evacuate Collection Set: 0.33ms
[6019.630s][info][gc,phases      ] GC(732)   Merge Heap Roots: 0.57ms
[6019.630s][info][gc,phases      ] GC(732)   Evacuate Collection Set: 162.48ms
[6019.630s][info][gc,phases      ] GC(732)   Post Evacuate Collection Set: 1.25ms
[6019.630s][info][gc,phases      ] GC(732)   Other: 0.07ms
[6019.630s][info][gc,heap        ] GC(732) Eden regions: 715->0(715)
[6019.630s][info][gc,heap        ] GC(732) Survivor regions: 53->53(96)
[6019.630s][info][gc,heap        ] GC(732) Old regions: 264->266
[6019.630s][info][gc,heap        ] GC(732) Humongous regions: 33->33
[6019.630s][info][gc,metaspace   ] GC(732) Metaspace: 35713K(37952K)->35713K(37952K) NonClass: 26709K(27008K)->26709K(27008K) Class: 9004K(10944K)->9004K(10944K)
[6019.630s][info][gc             ] GC(732) Pause Young (Normal) (G1 Evacuation Pause) 8485M->2783M(10240M) 164.841ms
[6019.630s][info][gc,cpu         ] GC(732) User=1.30s Sys=0.00s Real=0.16s
.... (rIR:aIR:PR = 10239:10300:10297) (tPR = 155124) [OK] 
  6023s: Performance info:
         Transaction,    Success,    Partial,     Failed,   Receipts, AvgBarcode, 
             Overall,     619335,          0,          0,     588639,      59.47, 
         Response times:
             Request,    Success,    Partial,     Failed,   SkipFail,     Probes,    Samples,      min,      p50,      p90,      p95,      p99,      max, 
       TotalPurchase,     588771,          0,          0,          0,     359208,     465089,      300,     8800,    53000,    93000,   178000,  1300000,
     InStorePurchase,     307758,          0,          0,          0,     189457,     244535,      300,     8700,    53000,    94000,   180000,  1300000,
      OnlinePurchase,     219681,          0,          0,          0,     132289,     171740,      400,     8800,    53000,    94000,   178000,   740000,
        InstPurchase,      61332,          0,          0,          0,      37462,      48814,      400,     8800,    51000,    87000,   173000,  1300000,
          AssocOfCat,        613,          0,          0,          0,        501,        782,    35000,    63000,   120400,   160000,   236850,   309000,
      AssocOfProduct,       6107,          0,          0,          0,       3522,       4859,      700,     9100,    47000,    86000,   158000,   740000,
      BusinessReport,       1540,          0,          0,          0,       1362,       1903,    32000,    73000,   126000,   170800,   253000,   320000,
          CustBuyBeh,       6141,          0,          0,          0,       3495,       4863,      400,     8700,    57000,   100000,   192360,   254000,
       ProductReturn,      16332,          0,          0,          0,       9645,      13042,      200,     8600,    56000,    95000,   177570,   740000,

  6023s: (75%)   IR =  10378 [6024.005s][info][gc,start       ] GC(733) Pause Young (Normal) (G1 Evacuation Pause)
[6024.006s][info][gc,task        ] GC(733) Using 8 workers of 8 for evacuation
[6024.173s][info][gc,phases      ] GC(733)   Pre Evacuate Collection Set: 0.30ms
[6024.173s][info][gc,phases      ] GC(733)   Merge Heap Roots: 0.57ms
[6024.173s][info][gc,phases      ] GC(733)   Evacuate Collection Set: 165.21ms
[6024.173s][info][gc,phases      ] GC(733)   Post Evacuate Collection Set: 1.30ms
[6024.173s][info][gc,phases      ] GC(733)   Other: 0.08ms
[6024.173s][info][gc,heap        ] GC(733) Eden regions: 715->0(714)
[6024.173s][info][gc,heap        ] GC(733) Survivor regions: 53->54(96)
[6024.173s][info][gc,heap        ] GC(733) Old regions: 266->269
[6024.173s][info][gc,heap        ] GC(733) Humongous regions: 33->33
[6024.173s][info][gc,metaspace   ] GC(733) Metaspace: 35713K(37952K)->35713K(37952K) NonClass: 26709K(27008K)->26709K(27008K) Class: 9004K(10944K)->9004K(10944K)
[6024.173s][info][gc             ] GC(733) Pause Young (Normal) (G1 Evacuation Pause) 8503M->2816M(10240M) 167.592ms
[6024.173s][info][gc,cpu         ] GC(733) User=1.31s Sys=0.00s Real=0.17s
.....[6028.771s][info][gc,start       ] GC(734) Pause Young (Normal) (G1 Evacuation Pause)
[6028.771s][info][gc,task        ] GC(734) Using 8 workers of 8 for evacuation
[6028.936s][info][gc,phases      ] GC(734)   Pre Evacuate Collection Set: 0.30ms
[6028.937s][info][gc,phases      ] GC(734)   Merge Heap Roots: 0.60ms
[6028.937s][info][gc,phases      ] GC(734)   Evacuate Collection Set: 163.22ms
[6028.937s][info][gc,phases      ] GC(734)   Post Evacuate Collection Set: 1.26ms
[6028.937s][info][gc,phases      ] GC(734)   Other: 0.07ms
[6028.937s][info][gc,heap        ] GC(734) Eden regions: 714->0(714)
[6028.937s][info][gc,heap        ] GC(734) Survivor regions: 54->54(96)
[6028.937s][info][gc,heap        ] GC(734) Old regions: 269->272
[6028.937s][info][gc,heap        ] GC(734) Humongous regions: 33->33
[6028.937s][info][gc,metaspace   ] GC(734) Metaspace: 35713K(37952K)->35713K(37952K) NonClass: 26709K(27008K)->26709K(27008K) Class: 9004K(10944K)->9004K(10944K)
[6028.937s][info][gc             ] GC(734) Pause Young (Normal) (G1 Evacuation Pause) 8528M->2833M(10240M) 165.588ms
[6028.937s][info][gc,cpu         ] GC(734) User=1.31s Sys=0.00s Real=0.17s
....[6033.329s][info][gc,start       ] GC(735) Pause Young (Normal) (G1 Evacuation Pause)
[6033.329s][info][gc,task        ] GC(735) Using 8 workers of 8 for evacuation
[6033.489s][info][gc,phases      ] GC(735)   Pre Evacuate Collection Set: 0.26ms
[6033.489s][info][gc,phases      ] GC(735)   Merge Heap Roots: 0.59ms
[6033.489s][info][gc,phases      ] GC(735)   Evacuate Collection Set: 157.99ms
[6033.489s][info][gc,phases      ] GC(735)   Post Evacuate Collection Set: 1.33ms
[6033.489s][info][gc,phases      ] GC(735)   Other: 0.06ms
[6033.489s][info][gc,heap        ] GC(735) Eden regions: 714->0(716)
[6033.489s][info][gc,heap        ] GC(735) Survivor regions: 54->52(96)
[6033.489s][info][gc,heap        ] GC(735) Old regions: 272->274
[6033.489s][info][gc,heap        ] GC(735) Humongous regions: 33->33
[6033.489s][info][gc,metaspace   ] GC(735) Metaspace: 35713K(37952K)->35713K(37952K) NonClass: 26709K(27008K)->26709K(27008K) Class: 9004K(10944K)->9004K(10944K)
[6033.489s][info][gc             ] GC(735) Pause Young (Normal) (G1 Evacuation Pause) 8545M->2843M(10240M) 160.376ms
[6033.489s][info][gc,cpu         ] GC(735) User=1.26s Sys=0.00s Real=0.16s
....|.[6038.029s][info][gc,start       ] GC(736) Pause Young (Normal) (G1 Evacuation Pause)
[6038.029s][info][gc,task        ] GC(736) Using 8 workers of 8 for evacuation
[6038.193s][info][gc,phases      ] GC(736)   Pre Evacuate Collection Set: 0.30ms
[6038.193s][info][gc,phases      ] GC(736)   Merge Heap Roots: 0.58ms
[6038.193s][info][gc,phases      ] GC(736)   Evacuate Collection Set: 161.83ms
[6038.193s][info][gc,phases      ] GC(736)   Post Evacuate Collection Set: 1.24ms
[6038.193s][info][gc,phases      ] GC(736)   Other: 0.08ms
[6038.193s][info][gc,heap        ] GC(736) Eden regions: 716->0(715)
[6038.193s][info][gc,heap        ] GC(736) Survivor regions: 52->53(96)
[6038.193s][info][gc,heap        ] GC(736) Old regions: 274->277
[6038.193s][info][gc,heap        ] GC(736) Humongous regions: 33->33
[6038.193s][info][gc,metaspace   ] GC(736) Metaspace: 35713K(37952K)->35713K(37952K) NonClass: 26709K(27008K)->26709K(27008K) Class: 9004K(10944K)->9004K(10944K)
[6038.193s][info][gc             ] GC(736) Pause Young (Normal) (G1 Evacuation Pause) 8571M->2871M(10240M) 164.174ms
[6038.193s][info][gc,cpu         ] GC(736) User=1.29s Sys=0.00s Real=0.17s
.....[6042.671s][info][gc,start       ] GC(737) Pause Young (Concurrent Start) (G1 Evacuation Pause)
[6042.671s][info][gc,task        ] GC(737) Using 8 workers of 8 for evacuation
[6042.830s][info][gc,phases      ] GC(737)   Pre Evacuate Collection Set: 0.36ms
[6042.831s][info][gc,phases      ] GC(737)   Merge Heap Roots: 0.59ms
[6042.831s][info][gc,phases      ] GC(737)   Evacuate Collection Set: 156.82ms
[6042.831s][info][gc,phases      ] GC(737)   Post Evacuate Collection Set: 1.28ms
[6042.831s][info][gc,phases      ] GC(737)   Other: 0.10ms
[6042.831s][info][gc,heap        ] GC(737) Eden regions: 715->0(716)
[6042.831s][info][gc,heap        ] GC(737) Survivor regions: 53->52(96)
[6042.831s][info][gc,heap        ] GC(737) Old regions: 277->280
[6042.831s][info][gc,heap        ] GC(737) Humongous regions: 33->33
[6042.831s][info][gc,metaspace   ] GC(737) Metaspace: 35713K(37952K)->35713K(37952K) NonClass: 26709K(27008K)->26709K(27008K) Class: 9004K(10944K)->9004K(10944K)
[6042.831s][info][gc             ] GC(737) Pause Young (Concurrent Start) (G1 Evacuation Pause) 8591M->2880M(10240M) 159.274ms
[6042.831s][info][gc,cpu         ] GC(737) User=1.25s Sys=0.00s Real=0.16s
[6042.831s][info][gc             ] GC(738) Concurrent Mark Cycle
[6042.831s][info][gc,marking     ] GC(738) Concurrent Scan Root Regions
[6043.206s][info][gc,marking     ] GC(738) Concurrent Scan Root Regions 375.693ms
[6043.207s][info][gc,marking     ] GC(738) Concurrent Mark
[6043.207s][info][gc,marking     ] GC(738) Concurrent Mark From Roots
[6043.207s][info][gc,task        ] GC(738) Using 2 workers of 2 for marking
.[6044.439s][info][gc,marking     ] GC(738) Concurrent Mark From Roots 1231.966ms
[6044.439s][info][gc,marking     ] GC(738) Concurrent Preclean
[6044.439s][info][gc,marking     ] GC(738) Concurrent Preclean 0.201ms
[6044.439s][info][gc,start       ] GC(738) Pause Remark
[6044.441s][info][gc             ] GC(738) Pause Remark 4568M->4328M(10240M) 1.704ms
[6044.441s][info][gc,cpu         ] GC(738) User=0.01s Sys=0.01s Real=0.00s
[6044.441s][info][gc,marking     ] GC(738) Concurrent Mark 1234.192ms
[6044.441s][info][gc,marking     ] GC(738) Concurrent Rebuild Remembered Sets and Scrub Regions
.[6045.207s][info][gc,marking     ] GC(738) Concurrent Rebuild Remembered Sets and Scrub Regions 766.576ms
[6045.208s][info][gc,start       ] GC(738) Pause Cleanup
[6045.208s][info][gc             ] GC(738) Pause Cleanup 5392M->5392M(10240M) 0.342ms
[6045.208s][info][gc,cpu         ] GC(738) User=0.00s Sys=0.00s Real=0.00s
[6045.208s][info][gc,marking     ] GC(738) Concurrent Clear Claimed Marks
[6045.208s][info][gc,marking     ] GC(738) Concurrent Clear Claimed Marks 0.050ms
[6045.208s][info][gc,marking     ] GC(738) Concurrent Cleanup for Next Mark
[6045.223s][info][gc,marking     ] GC(738) Concurrent Cleanup for Next Mark 14.894ms
[6045.223s][info][gc             ] GC(738) Concurrent Mark Cycle 2392.241ms
..[6047.318s][info][gc,start       ] GC(739) Pause Young (Prepare Mixed) (G1 Evacuation Pause)
[6047.318s][info][gc,task        ] GC(739) Using 8 workers of 8 for evacuation
[6047.481s][info][gc,phases      ] GC(739)   Pre Evacuate Collection Set: 0.30ms
[6047.481s][info][gc,phases      ] GC(739)   Merge Heap Roots: 0.82ms
[6047.481s][info][gc,phases      ] GC(739)   Evacuate Collection Set: 160.92ms
[6047.481s][info][gc,phases      ] GC(739)   Post Evacuate Collection Set: 1.39ms
[6047.481s][info][gc,phases      ] GC(739)   Other: 0.07ms
[6047.481s][info][gc,heap        ] GC(739) Eden regions: 716->0(716)
[6047.481s][info][gc,heap        ] GC(739) Survivor regions: 52->52(96)
[6047.481s][info][gc,heap        ] GC(739) Old regions: 250->252
[6047.481s][info][gc,heap        ] GC(739) Humongous regions: 33->33
[6047.481s][info][gc,metaspace   ] GC(739) Metaspace: 35713K(37952K)->35713K(37952K) NonClass: 26709K(27008K)->26709K(27008K) Class: 9004K(10944K)->9004K(10944K)
[6047.481s][info][gc             ] GC(739) Pause Young (Prepare Mixed) (G1 Evacuation Pause) 8368M->2661M(10240M) 163.649ms
[6047.481s][info][gc,cpu         ] GC(739) User=1.29s Sys=0.00s Real=0.16s
.....[6051.966s][info][gc,start       ] GC(740) Pause Young (Mixed) (G1 Evacuation Pause)
[6051.966s][info][gc,task        ] GC(740) Using 8 workers of 8 for evacuation
[6052.139s][info][gc,phases      ] GC(740)   Pre Evacuate Collection Set: 0.32ms
[6052.139s][info][gc,phases      ] GC(740)   Merge Heap Roots: 0.84ms
[6052.139s][info][gc,phases      ] GC(740)   Evacuate Collection Set: 170.30ms
[6052.139s][info][gc,phases      ] GC(740)   Post Evacuate Collection Set: 1.44ms
[6052.139s][info][gc,phases      ] GC(740)   Other: 0.08ms
[6052.139s][info][gc,heap        ] GC(740) Eden regions: 716->0(715)
[6052.139s][info][gc,heap        ] GC(740) Survivor regions: 52->53(96)
[6052.139s][info][gc,heap        ] GC(740) Old regions: 252->130
[6052.139s][info][gc,heap        ] GC(740) Humongous regions: 33->33
[6052.139s][info][gc,metaspace   ] GC(740) Metaspace: 35713K(37952K)->35713K(37952K) NonClass: 26709K(27008K)->26709K(27008K) Class: 9004K(10944K)->9004K(10944K)
[6052.139s][info][gc             ] GC(740) Pause Young (Mixed) (G1 Evacuation Pause) 8389M->1697M(10240M) 173.117ms
[6052.139s][info][gc,cpu         ] GC(740) User=1.37s Sys=0.00s Real=0.17s
.....[6056.676s][info][gc,start       ] GC(741) Pause Young (Normal) (G1 Evacuation Pause)
[6056.676s][info][gc,task        ] GC(741) Using 8 workers of 8 for evacuation
[6056.839s][info][gc,phases      ] GC(741)   Pre Evacuate Collection Set: 0.27ms
[6056.839s][info][gc,phases      ] GC(741)   Merge Heap Roots: 0.64ms
[6056.839s][info][gc,phases      ] GC(741)   Evacuate Collection Set: 160.86ms
[6056.839s][info][gc,phases      ] GC(741)   Post Evacuate Collection Set: 1.27ms
[6056.839s][info][gc,phases      ] GC(741)   Other: 0.08ms
[6056.839s][info][gc,heap        ] GC(741) Eden regions: 715->0(716)
[6056.839s][info][gc,heap        ] GC(741) Survivor regions: 53->52(96)
[6056.839s][info][gc,heap        ] GC(741) Old regions: 130->133
[6056.839s][info][gc,heap        ] GC(741) Humongous regions: 33->33
[6056.839s][info][gc,metaspace   ] GC(741) Metaspace: 35713K(37952K)->35713K(37952K) NonClass: 26709K(27008K)->26709K(27008K) Class: 9004K(10944K)->9004K(10944K)
[6056.839s][info][gc             ] GC(741) Pause Young (Normal) (G1 Evacuation Pause) 7417M->1712M(10240M) 163.248ms
[6056.839s][info][gc,cpu         ] GC(741) User=1.22s Sys=0.00s Real=0.16s
....[6061.224s][info][gc,start       ] GC(742) Pause Young (Normal) (G1 Evacuation Pause)
[6061.224s][info][gc,task        ] GC(742) Using 8 workers of 8 for evacuation
[6061.389s][info][gc,phases      ] GC(742)   Pre Evacuate Collection Set: 0.29ms
[6061.389s][info][gc,phases      ] GC(742)   Merge Heap Roots: 0.56ms
[6061.389s][info][gc,phases      ] GC(742)   Evacuate Collection Set: 162.68ms
[6061.389s][info][gc,phases      ] GC(742)   Post Evacuate Collection Set: 1.25ms
[6061.389s][info][gc,phases      ] GC(742)   Other: 0.09ms
[6061.389s][info][gc,heap        ] GC(742) Eden regions: 716->0(714)
[6061.389s][info][gc,heap        ] GC(742) Survivor regions: 52->54(96)
[6061.389s][info][gc,heap        ] GC(742) Old regions: 133->136
[6061.389s][info][gc,heap        ] GC(742) Humongous regions: 33->33
[6061.389s][info][gc,metaspace   ] GC(742) Metaspace: 35713K(37952K)->35713K(37952K) NonClass: 26709K(27008K)->26709K(27008K) Class: 9004K(10944K)->9004K(10944K)
[6061.389s][info][gc             ] GC(742) Pause Young (Normal) (G1 Evacuation Pause) 7440M->1746M(10240M) 164.991ms
[6061.389s][info][gc,cpu         ] GC(742) User=1.29s Sys=0.00s Real=0.16s
.....[6065.852s][info][gc,start       ] GC(743) Pause Young (Normal) (G1 Evacuation Pause)
[6065.852s][info][gc,task        ] GC(743) Using 8 workers of 8 for evacuation
[6066.015s][info][gc,phases      ] GC(743)   Pre Evacuate Collection Set: 0.28ms
[6066.015s][info][gc,phases      ] GC(743)   Merge Heap Roots: 0.53ms
[6066.015s][info][gc,phases      ] GC(743)   Evacuate Collection Set: 160.57ms
[6066.015s][info][gc,phases      ] GC(743)   Post Evacuate Collection Set: 1.26ms
[6066.015s][info][gc,phases      ] GC(743)   Other: 0.07ms
[6066.015s][info][gc,heap        ] GC(743) Eden regions: 714->0(715)
[6066.015s][info][gc,heap        ] GC(743) Survivor regions: 54->53(96)
[6066.015s][info][gc,heap        ] GC(743) Old regions: 136->138
[6066.015s][info][gc,heap        ] GC(743) Humongous regions: 33->33
[6066.015s][info][gc,metaspace   ] GC(743) Metaspace: 35713K(37952K)->35713K(37952K) NonClass: 26709K(27008K)->26709K(27008K) Class: 9004K(10944K)->9004K(10944K)
[6066.015s][info][gc             ] GC(743) Pause Young (Normal) (G1 Evacuation Pause) 7458M->1763M(10240M) 162.838ms
[6066.015s][info][gc,cpu         ] GC(743) User=1.28s Sys=0.01s Real=0.16s
....[6070.398s][info][gc,start       ] GC(744) Pause Young (Normal) (G1 Evacuation Pause)
[6070.398s][info][gc,task        ] GC(744) Using 8 workers of 8 for evacuation
[6070.559s][info][gc,phases      ] GC(744)   Pre Evacuate Collection Set: 0.28ms
[6070.559s][info][gc,phases      ] GC(744)   Merge Heap Roots: 0.53ms
[6070.559s][info][gc,phases      ] GC(744)   Evacuate Collection Set: 158.32ms
[6070.559s][info][gc,phases      ] GC(744)   Post Evacuate Collection Set: 1.30ms
[6070.559s][info][gc,phases      ] GC(744)   Other: 0.06ms
[6070.559s][info][gc,heap        ] GC(744) Eden regions: 715->0(715)
[6070.559s][info][gc,heap        ] GC(744) Survivor regions: 53->53(96)
[6070.559s][info][gc,heap        ] GC(744) Old regions: 138->141
[6070.559s][info][gc,heap        ] GC(744) Humongous regions: 33->33
[6070.559s][info][gc,metaspace   ] GC(744) Metaspace: 35713K(37952K)->35713K(37952K) NonClass: 26709K(27008K)->26709K(27008K) Class: 9004K(10944K)->9004K(10944K)
[6070.559s][info][gc             ] GC(744) Pause Young (Normal) (G1 Evacuation Pause) 7483M->1781M(10240M) 160.652ms
[6070.559s][info][gc,cpu         ] GC(744) User=1.26s Sys=0.00s Real=0.16s
.....[6075.088s][info][gc,start       ] GC(745) Pause Young (Normal) (G1 Evacuation Pause)
[6075.088s][info][gc,task        ] GC(745) Using 8 workers of 8 for evacuation
[6075.257s][info][gc,phases      ] GC(745)   Pre Evacuate Collection Set: 0.29ms
[6075.257s][info][gc,phases      ] GC(745)   Merge Heap Roots: 0.61ms
[6075.257s][info][gc,phases      ] GC(745)   Evacuate Collection Set: 166.05ms
[6075.257s][info][gc,phases      ] GC(745)   Post Evacuate Collection Set: 1.26ms
[6075.257s][info][gc,phases      ] GC(745)   Other: 0.07ms
[6075.257s][info][gc,heap        ] GC(745) Eden regions: 715->0(714)
[6075.257s][info][gc,heap        ] GC(745) Survivor regions: 53->54(96)
[6075.257s][info][gc,heap        ] GC(745) Old regions: 141->144
[6075.257s][info][gc,heap        ] GC(745) Humongous regions: 33->33
[6075.257s][info][gc,metaspace   ] GC(745) Metaspace: 35713K(37952K)->35713K(37952K) NonClass: 26709K(27008K)->26709K(27008K) Class: 9004K(10944K)->9004K(10944K)
[6075.257s][info][gc             ] GC(745) Pause Young (Normal) (G1 Evacuation Pause) 7501M->1815M(10240M) 168.410ms
[6075.257s][info][gc,cpu         ] GC(745) User=1.32s Sys=0.00s Real=0.17s
.....[6079.843s][info][gc,start       ] GC(746) Pause Young (Normal) (G1 Evacuation Pause)
[6079.843s][info][gc,task        ] GC(746) Using 8 workers of 8 for evacuation
[6080.003s][info][gc,phases      ] GC(746)   Pre Evacuate Collection Set: 0.29ms
[6080.003s][info][gc,phases      ] GC(746)   Merge Heap Roots: 0.57ms
[6080.003s][info][gc,phases      ] GC(746)   Evacuate Collection Set: 157.44ms
[6080.003s][info][gc,phases      ] GC(746)   Post Evacuate Collection Set: 1.26ms
[6080.003s][info][gc,phases      ] GC(746)   Other: 0.07ms
[6080.003s][info][gc,heap        ] GC(746) Eden regions: 714->0(715)
[6080.003s][info][gc,heap        ] GC(746) Survivor regions: 54->53(96)
[6080.003s][info][gc,heap        ] GC(746) Old regions: 144->147
[6080.003s][info][gc,heap        ] GC(746) Humongous regions: 33->33
[6080.003s][info][gc,metaspace   ] GC(746) Metaspace: 35713K(37952K)->35713K(37952K) NonClass: 26709K(27008K)->26709K(27008K) Class: 9004K(10944K)->9004K(10944K)
[6080.003s][info][gc             ] GC(746) Pause Young (Normal) (G1 Evacuation Pause) 7527M->1824M(10240M) 159.764ms
[6080.003s][info][gc,cpu         ] GC(746) User=1.26s Sys=0.00s Real=0.16s
....[6084.481s][info][gc,start       ] GC(747) Pause Young (Normal) (G1 Evacuation Pause)
[6084.481s][info][gc,task        ] GC(747) Using 8 workers of 8 for evacuation
[6084.639s][info][gc,phases      ] GC(747)   Pre Evacuate Collection Set: 0.31ms
[6084.640s][info][gc,phases      ] GC(747)   Merge Heap Roots: 0.55ms
[6084.640s][info][gc,phases      ] GC(747)   Evacuate Collection Set: 155.29ms
[6084.640s][info][gc,phases      ] GC(747)   Post Evacuate Collection Set: 1.24ms
[6084.640s][info][gc,phases      ] GC(747)   Other: 0.07ms
[6084.640s][info][gc,heap        ] GC(747) Eden regions: 715->0(717)
[6084.640s][info][gc,heap        ] GC(747) Survivor regions: 53->51(96)
[6084.640s][info][gc,heap        ] GC(747) Old regions: 147->149
[6084.640s][info][gc,heap        ] GC(747) Humongous regions: 33->33
[6084.640s][info][gc,metaspace   ] GC(747) Metaspace: 35713K(37952K)->35713K(37952K) NonClass: 26709K(27008K)->26709K(27008K) Class: 9004K(10944K)->9004K(10944K)
[6084.640s][info][gc             ] GC(747) Pause Young (Normal) (G1 Evacuation Pause) 7544M->1832M(10240M) 158.362ms
[6084.640s][info][gc,cpu         ] GC(747) User=1.24s Sys=0.00s Real=0.16s
.....[6089.093s][info][gc,start       ] GC(748) Pause Young (Normal) (G1 Evacuation Pause)
[6089.093s][info][gc,task        ] GC(748) Using 8 workers of 8 for evacuation
[6089.261s][info][gc,phases      ] GC(748)   Pre Evacuate Collection Set: 0.28ms
[6089.261s][info][gc,phases      ] GC(748)   Merge Heap Roots: 0.56ms
[6089.261s][info][gc,phases      ] GC(748)   Evacuate Collection Set: 165.70ms
[6089.261s][info][gc,phases      ] GC(748)   Post Evacuate Collection Set: 1.23ms
[6089.261s][info][gc,phases      ] GC(748)   Other: 0.07ms
[6089.261s][info][gc,heap        ] GC(748) Eden regions: 717->0(714)
[6089.261s][info][gc,heap        ] GC(748) Survivor regions: 51->54(96)
[6089.261s][info][gc,heap        ] GC(748) Old regions: 149->152
[6089.261s][info][gc,heap        ] GC(748) Humongous regions: 33->33
[6089.261s][info][gc,metaspace   ] GC(748) Metaspace: 35713K(37952K)->35713K(37952K) NonClass: 26709K(27008K)->26709K(27008K) Class: 9004K(10944K)->9004K(10944K)
[6089.261s][info][gc             ] GC(748) Pause Young (Normal) (G1 Evacuation Pause) 7568M->1874M(10240M) 167.994ms
[6089.261s][info][gc,cpu         ] GC(748) User=1.32s Sys=0.00s Real=0.16s
.....[6093.802s][info][gc,start       ] GC(749) Pause Young (Normal) (G1 Evacuation Pause)
[6093.802s][info][gc,task        ] GC(749) Using 8 workers of 8 for evacuation
[6093.961s][info][gc,phases      ] GC(749)   Pre Evacuate Collection Set: 0.30ms
[6093.961s][info][gc,phases      ] GC(749)   Merge Heap Roots: 0.56ms
[6093.961s][info][gc,phases      ] GC(749)   Evacuate Collection Set: 156.60ms
[6093.961s][info][gc,phases      ] GC(749)   Post Evacuate Collection Set: 1.26ms
[6093.961s][info][gc,phases      ] GC(749)   Other: 0.06ms
[6093.961s][info][gc,heap        ] GC(749) Eden regions: 714->0(716)
[6093.961s][info][gc,heap        ] GC(749) Survivor regions: 54->52(96)
[6093.961s][info][gc,heap        ] GC(749) Old regions: 152->154
[6093.961s][info][gc,heap        ] GC(749) Humongous regions: 33->33
[6093.961s][info][gc,metaspace   ] GC(749) Metaspace: 35713K(37952K)->35713K(37952K) NonClass: 26709K(27008K)->26709K(27008K) Class: 9004K(10944K)->9004K(10944K)
[6093.961s][info][gc             ] GC(749) Pause Young (Normal) (G1 Evacuation Pause) 7586M->1880M(10240M) 158.922ms
[6093.961s][info][gc,cpu         ] GC(749) User=1.25s Sys=0.00s Real=0.15s
... (rIR:aIR:PR = 10378:10326:10326) (tPR = 154310) [OK] 
  6096s: Performance info:
         Transaction,    Success,    Partial,     Failed,   Receipts, AvgBarcode, 
             Overall,     620922,          0,          0,     589862,      59.47, 
         Response times:
             Request,    Success,    Partial,     Failed,   SkipFail,     Probes,    Samples,      min,      p50,      p90,      p95,      p99,      max, 
       TotalPurchase,     589863,          0,          0,          0,     355674,     441881,      300,     8700,    60000,   111000,   214000,  1900000,
     InStorePurchase,     307948,          0,          0,          0,     186537,     231724,      300,     8700,    59000,   111000,   208000,  1900000,
      OnlinePurchase,     219630,          0,          0,          0,     131516,     163061,      400,     8800,    59000,   113000,   222380,  1900000,
        InstPurchase,      62285,          0,          0,          0,      37621,      47096,      500,     8800,    61000,   110000,   210000,  1900000,
          AssocOfCat,        628,          0,          0,          0,        516,        747,    30000,    60000,   117200,   202400,   350800,   571000,
      AssocOfProduct,       6242,          0,          0,          0,       3535,       4561,      900,     9100,    64000,   110000,   207000,   474000,
      BusinessReport,       1561,          0,          0,          0,       1401,       1867,    36000,    74000,   134000,   195000,   315000,   459000,
          CustBuyBeh,       6203,          0,          0,          0,       3553,       4540,      400,     7800,    56000,   101000,   203180,  1200000,
       ProductReturn,      16394,          0,          0,          0,      10000,      12611,      300,     8100,    57000,   105400,   215000,  1200000,

  6096s: (76%)   IR =  10516 .[6098.411s][info][gc,start       ] GC(750) Pause Young (Normal) (G1 Evacuation Pause)
[6098.411s][info][gc,task        ] GC(750) Using 8 workers of 8 for evacuation
[6098.574s][info][gc,phases      ] GC(750)   Pre Evacuate Collection Set: 0.31ms
[6098.575s][info][gc,phases      ] GC(750)   Merge Heap Roots: 0.61ms
[6098.575s][info][gc,phases      ] GC(750)   Evacuate Collection Set: 160.75ms
[6098.575s][info][gc,phases      ] GC(750)   Post Evacuate Collection Set: 1.26ms
[6098.575s][info][gc,phases      ] GC(750)   Other: 0.07ms
[6098.575s][info][gc,heap        ] GC(750) Eden regions: 716->0(715)
[6098.575s][info][gc,heap        ] GC(750) Survivor regions: 52->53(96)
[6098.575s][info][gc,heap        ] GC(750) Old regions: 154->157
[6098.575s][info][gc,heap        ] GC(750) Humongous regions: 33->33
[6098.575s][info][gc,metaspace   ] GC(750) Metaspace: 35713K(37952K)->35713K(37952K) NonClass: 26709K(27008K)->26709K(27008K) Class: 9004K(10944K)->9004K(10944K)
[6098.575s][info][gc             ] GC(750) Pause Young (Normal) (G1 Evacuation Pause) 7608M->1910M(10240M) 163.133ms
[6098.575s][info][gc,cpu         ] GC(750) User=1.28s Sys=0.00s Real=0.17s
.....[6103.052s][info][gc,start       ] GC(751) Pause Young (Normal) (G1 Evacuation Pause)
[6103.052s][info][gc,task        ] GC(751) Using 8 workers of 8 for evacuation
[6103.220s][info][gc,phases      ] GC(751)   Pre Evacuate Collection Set: 0.28ms
[6103.220s][info][gc,phases      ] GC(751)   Merge Heap Roots: 0.57ms
[6103.220s][info][gc,phases      ] GC(751)   Evacuate Collection Set: 166.07ms
[6103.220s][info][gc,phases      ] GC(751)   Post Evacuate Collection Set: 1.22ms
[6103.220s][info][gc,phases      ] GC(751)   Other: 0.07ms
[6103.220s][info][gc,heap        ] GC(751) Eden regions: 715->0(715)
[6103.220s][info][gc,heap        ] GC(751) Survivor regions: 53->53(96)
[6103.220s][info][gc,heap        ] GC(751) Old regions: 157->160
[6103.220s][info][gc,heap        ] GC(751) Humongous regions: 33->33
[6103.220s][info][gc,metaspace   ] GC(751) Metaspace: 35713K(37952K)->35713K(37952K) NonClass: 26709K(27008K)->26709K(27008K) Class: 9004K(10944K)->9004K(10944K)
[6103.220s][info][gc             ] GC(751) Pause Young (Normal) (G1 Evacuation Pause) 7630M->1937M(10240M) 168.342ms
[6103.220s][info][gc,cpu         ] GC(751) User=1.32s Sys=0.01s Real=0.16s
....[6107.674s][info][gc,start       ] GC(752) Pause Young (Normal) (G1 Evacuation Pause)
[6107.674s][info][gc,task        ] GC(752) Using 8 workers of 8 for evacuation
[6107.839s][info][gc,phases      ] GC(752)   Pre Evacuate Collection Set: 0.30ms
[6107.839s][info][gc,phases      ] GC(752)   Merge Heap Roots: 0.60ms
[6107.839s][info][gc,phases      ] GC(752)   Evacuate Collection Set: 162.88ms
[6107.839s][info][gc,phases      ] GC(752)   Post Evacuate Collection Set: 1.32ms
[6107.839s][info][gc,phases      ] GC(752)   Other: 0.07ms
[6107.839s][info][gc,heap        ] GC(752) Eden regions: 715->0(715)
[6107.839s][info][gc,heap        ] GC(752) Survivor regions: 53->53(96)
[6107.839s][info][gc,heap        ] GC(752) Old regions: 160->163
[6107.839s][info][gc,heap        ] GC(752) Humongous regions: 33->33
[6107.839s][info][gc,metaspace   ] GC(752) Metaspace: 35713K(37952K)->35713K(37952K) NonClass: 26709K(27008K)->26709K(27008K) Class: 9004K(10944K)->9004K(10944K)
[6107.839s][info][gc             ] GC(752) Pause Young (Normal) (G1 Evacuation Pause) 7657M->1954M(10240M) 165.299ms
[6107.839s][info][gc,cpu         ] GC(752) User=1.29s Sys=0.00s Real=0.16s
.....[6112.220s][info][gc,start       ] GC(753) Pause Young (Normal) (G1 Evacuation Pause)
[6112.220s][info][gc,task        ] GC(753) Using 8 workers of 8 for evacuation
[6112.379s][info][gc,phases      ] GC(753)   Pre Evacuate Collection Set: 0.29ms
[6112.379s][info][gc,phases      ] GC(753)   Merge Heap Roots: 0.52ms
[6112.379s][info][gc,phases      ] GC(753)   Evacuate Collection Set: 157.15ms
[6112.379s][info][gc,phases      ] GC(753)   Post Evacuate Collection Set: 1.30ms
[6112.379s][info][gc,phases      ] GC(753)   Other: 0.07ms
[6112.379s][info][gc,heap        ] GC(753) Eden regions: 715->0(716)
[6112.379s][info][gc,heap        ] GC(753) Survivor regions: 53->52(96)
[6112.379s][info][gc,heap        ] GC(753) Old regions: 163->166
[6112.379s][info][gc,heap        ] GC(753) Humongous regions: 33->33
[6112.379s][info][gc,metaspace   ] GC(753) Metaspace: 35713K(37952K)->35713K(37952K) NonClass: 26709K(27008K)->26709K(27008K) Class: 9004K(10944K)->9004K(10944K)
[6112.379s][info][gc             ] GC(753) Pause Young (Normal) (G1 Evacuation Pause) 7674M->1968M(10240M) 159.471ms
[6112.379s][info][gc,cpu         ] GC(753) User=1.26s Sys=0.00s Real=0.16s
.....[6116.896s][info][gc,start       ] GC(754) Pause Young (Normal) (G1 Evacuation Pause)
[6116.896s][info][gc,task        ] GC(754) Using 8 workers of 8 for evacuation
[6117.058s][info][gc,phases      ] GC(754)   Pre Evacuate Collection Set: 0.26ms
[6117.058s][info][gc,phases      ] GC(754)   Merge Heap Roots: 0.57ms
[6117.058s][info][gc,phases      ] GC(754)   Evacuate Collection Set: 159.68ms
[6117.058s][info][gc,phases      ] GC(754)   Post Evacuate Collection Set: 1.26ms
[6117.058s][info][gc,phases      ] GC(754)   Other: 0.07ms
[6117.058s][info][gc,heap        ] GC(754) Eden regions: 716->0(715)
[6117.058s][info][gc,heap        ] GC(754) Survivor regions: 52->53(96)
[6117.058s][info][gc,heap        ] GC(754) Old regions: 166->168
[6117.058s][info][gc,heap        ] GC(754) Humongous regions: 33->33
[6117.058s][info][gc,metaspace   ] GC(754) Metaspace: 35713K(37952K)->35713K(37952K) NonClass: 26709K(27008K)->26709K(27008K) Class: 9004K(10944K)->9004K(10944K)
[6117.058s][info][gc             ] GC(754) Pause Young (Normal) (G1 Evacuation Pause) 7696M->1998M(10240M) 161.985ms
[6117.058s][info][gc,cpu         ] GC(754) User=1.27s Sys=0.00s Real=0.16s
....|[6121.453s][info][gc,start       ] GC(755) Pause Young (Normal) (G1 Evacuation Pause)
[6121.453s][info][gc,task        ] GC(755) Using 8 workers of 8 for evacuation
[6121.620s][info][gc,phases      ] GC(755)   Pre Evacuate Collection Set: 0.29ms
[6121.620s][info][gc,phases      ] GC(755)   Merge Heap Roots: 0.57ms
[6121.620s][info][gc,phases      ] GC(755)   Evacuate Collection Set: 164.47ms
[6121.620s][info][gc,phases      ] GC(755)   Post Evacuate Collection Set: 1.24ms
[6121.620s][info][gc,phases      ] GC(755)   Other: 0.06ms
[6121.620s][info][gc,heap        ] GC(755) Eden regions: 715->0(714)
[6121.620s][info][gc,heap        ] GC(755) Survivor regions: 53->54(96)
[6121.620s][info][gc,heap        ] GC(755) Old regions: 168->171
[6121.620s][info][gc,heap        ] GC(755) Humongous regions: 33->33
[6121.620s][info][gc,metaspace   ] GC(755) Metaspace: 35713K(37952K)->35713K(37952K) NonClass: 26709K(27008K)->26709K(27008K) Class: 9004K(10944K)->9004K(10944K)
[6121.620s][info][gc             ] GC(755) Pause Young (Normal) (G1 Evacuation Pause) 7718M->2027M(10240M) 166.771ms
[6121.620s][info][gc,cpu         ] GC(755) User=1.31s Sys=0.00s Real=0.16s
.....[6125.962s][info][gc,start       ] GC(756) Pause Young (Normal) (G1 Evacuation Pause)
[6125.962s][info][gc,task        ] GC(756) Using 8 workers of 8 for evacuation
[6126.130s][info][gc,phases      ] GC(756)   Pre Evacuate Collection Set: 0.29ms
[6126.130s][info][gc,phases      ] GC(756)   Merge Heap Roots: 0.56ms
[6126.130s][info][gc,phases      ] GC(756)   Evacuate Collection Set: 166.17ms
[6126.130s][info][gc,phases      ] GC(756)   Post Evacuate Collection Set: 1.24ms
[6126.130s][info][gc,phases      ] GC(756)   Other: 0.08ms
[6126.130s][info][gc,heap        ] GC(756) Eden regions: 714->0(714)
[6126.130s][info][gc,heap        ] GC(756) Survivor regions: 54->54(96)
[6126.130s][info][gc,heap        ] GC(756) Old regions: 171->174
[6126.130s][info][gc,heap        ] GC(756) Humongous regions: 33->33
[6126.130s][info][gc,metaspace   ] GC(756) Metaspace: 35713K(37952K)->35713K(37952K) NonClass: 26709K(27008K)->26709K(27008K) Class: 9004K(10944K)->9004K(10944K)
[6126.130s][info][gc             ] GC(756) Pause Young (Normal) (G1 Evacuation Pause) 7739M->2053M(10240M) 168.509ms
[6126.130s][info][gc,cpu         ] GC(756) User=1.33s Sys=0.00s Real=0.16s
....[6130.471s][info][gc,start       ] GC(757) Pause Young (Normal) (G1 Evacuation Pause)
[6130.471s][info][gc,task        ] GC(757) Using 8 workers of 8 for evacuation
[6130.635s][info][gc,phases      ] GC(757)   Pre Evacuate Collection Set: 0.27ms
[6130.636s][info][gc,phases      ] GC(757)   Merge Heap Roots: 0.60ms
[6130.636s][info][gc,phases      ] GC(757)   Evacuate Collection Set: 161.89ms
[6130.636s][info][gc,phases      ] GC(757)   Post Evacuate Collection Set: 1.24ms
[6130.636s][info][gc,phases      ] GC(757)   Other: 0.07ms
[6130.636s][info][gc,heap        ] GC(757) Eden regions: 714->0(715)
[6130.636s][info][gc,heap        ] GC(757) Survivor regions: 54->53(96)
[6130.636s][info][gc,heap        ] GC(757) Old regions: 174->176
[6130.636s][info][gc,heap        ] GC(757) Humongous regions: 33->33
[6130.636s][info][gc,metaspace   ] GC(757) Metaspace: 35713K(37952K)->35713K(37952K) NonClass: 26709K(27008K)->26709K(27008K) Class: 9004K(10944K)->9004K(10944K)
[6130.636s][info][gc             ] GC(757) Pause Young (Normal) (G1 Evacuation Pause) 7765M->2066M(10240M) 164.230ms
[6130.636s][info][gc,cpu         ] GC(757) User=1.30s Sys=0.00s Real=0.17s
.....[6135.017s][info][gc,start       ] GC(758) Pause Young (Normal) (G1 Evacuation Pause)
[6135.017s][info][gc,task        ] GC(758) Using 8 workers of 8 for evacuation
[6135.178s][info][gc,phases      ] GC(758)   Pre Evacuate Collection Set: 0.29ms
[6135.178s][info][gc,phases      ] GC(758)   Merge Heap Roots: 0.61ms
[6135.178s][info][gc,phases      ] GC(758)   Evacuate Collection Set: 159.23ms
[6135.178s][info][gc,phases      ] GC(758)   Post Evacuate Collection Set: 1.23ms
[6135.178s][info][gc,phases      ] GC(758)   Other: 0.06ms
[6135.178s][info][gc,heap        ] GC(758) Eden regions: 715->0(715)
[6135.178s][info][gc,heap        ] GC(758) Survivor regions: 53->53(96)
[6135.178s][info][gc,heap        ] GC(758) Old regions: 176->179
[6135.178s][info][gc,heap        ] GC(758) Humongous regions: 33->33
[6135.178s][info][gc,metaspace   ] GC(758) Metaspace: 35713K(37952K)->35713K(37952K) NonClass: 26709K(27008K)->26709K(27008K) Class: 9004K(10944K)->9004K(10944K)
[6135.178s][info][gc             ] GC(758) Pause Young (Normal) (G1 Evacuation Pause) 7786M->2083M(10240M) 161.555ms
[6135.178s][info][gc,cpu         ] GC(758) User=1.27s Sys=0.00s Real=0.16s
....[6139.565s][info][gc,start       ] GC(759) Pause Young (Normal) (G1 Evacuation Pause)
[6139.565s][info][gc,task        ] GC(759) Using 8 workers of 8 for evacuation
[6139.728s][info][gc,phases      ] GC(759)   Pre Evacuate Collection Set: 0.29ms
[6139.728s][info][gc,phases      ] GC(759)   Merge Heap Roots: 0.53ms
[6139.728s][info][gc,phases      ] GC(759)   Evacuate Collection Set: 160.52ms
[6139.728s][info][gc,phases      ] GC(759)   Post Evacuate Collection Set: 1.29ms
[6139.728s][info][gc,phases      ] GC(759)   Other: 0.07ms
[6139.728s][info][gc,heap        ] GC(759) Eden regions: 715->0(715)
[6139.728s][info][gc,heap        ] GC(759) Survivor regions: 53->53(96)
[6139.728s][info][gc,heap        ] GC(759) Old regions: 179->182
[6139.728s][info][gc,heap        ] GC(759) Humongous regions: 33->33
[6139.728s][info][gc,metaspace   ] GC(759) Metaspace: 35713K(37952K)->35713K(37952K) NonClass: 26709K(27008K)->26709K(27008K) Class: 9004K(10944K)->9004K(10944K)
[6139.728s][info][gc             ] GC(759) Pause Young (Normal) (G1 Evacuation Pause) 7803M->2109M(10240M) 162.835ms
[6139.728s][info][gc,cpu         ] GC(759) User=1.28s Sys=0.00s Real=0.16s
.....[6144.017s][info][gc,start       ] GC(760) Pause Young (Normal) (G1 Evacuation Pause)
[6144.017s][info][gc,task        ] GC(760) Using 8 workers of 8 for evacuation
[6144.186s][info][gc,phases      ] GC(760)   Pre Evacuate Collection Set: 0.28ms
[6144.186s][info][gc,phases      ] GC(760)   Merge Heap Roots: 0.61ms
[6144.186s][info][gc,phases      ] GC(760)   Evacuate Collection Set: 166.80ms
[6144.186s][info][gc,phases      ] GC(760)   Post Evacuate Collection Set: 1.28ms
[6144.186s][info][gc,phases      ] GC(760)   Other: 0.07ms
[6144.186s][info][gc,heap        ] GC(760) Eden regions: 715->0(715)
[6144.186s][info][gc,heap        ] GC(760) Survivor regions: 53->53(96)
[6144.186s][info][gc,heap        ] GC(760) Old regions: 182->184
[6144.186s][info][gc,heap        ] GC(760) Humongous regions: 33->33
[6144.186s][info][gc,metaspace   ] GC(760) Metaspace: 35713K(37952K)->35713K(37952K) NonClass: 26709K(27008K)->26709K(27008K) Class: 9004K(10944K)->9004K(10944K)
[6144.186s][info][gc             ] GC(760) Pause Young (Normal) (G1 Evacuation Pause) 7829M->2130M(10240M) 169.200ms
[6144.186s][info][gc,cpu         ] GC(760) User=1.33s Sys=0.00s Real=0.17s
....[6148.499s][info][gc,start       ] GC(761) Pause Young (Normal) (G1 Evacuation Pause)
[6148.499s][info][gc,task        ] GC(761) Using 8 workers of 8 for evacuation
[6148.664s][info][gc,phases      ] GC(761)   Pre Evacuate Collection Set: 0.30ms
[6148.664s][info][gc,phases      ] GC(761)   Merge Heap Roots: 0.66ms
[6148.664s][info][gc,phases      ] GC(761)   Evacuate Collection Set: 161.73ms
[6148.664s][info][gc,phases      ] GC(761)   Post Evacuate Collection Set: 1.57ms
[6148.664s][info][gc,phases      ] GC(761)   Other: 0.08ms
[6148.664s][info][gc,heap        ] GC(761) Eden regions: 715->0(716)
[6148.664s][info][gc,heap        ] GC(761) Survivor regions: 53->52(96)
[6148.664s][info][gc,heap        ] GC(761) Old regions: 184->187
[6148.664s][info][gc,heap        ] GC(761) Humongous regions: 33->33
[6148.664s][info][gc,metaspace   ] GC(761) Metaspace: 35713K(37952K)->35713K(37952K) NonClass: 26709K(27008K)->26709K(27008K) Class: 9004K(10944K)->9004K(10944K)
[6148.664s][info][gc             ] GC(761) Pause Young (Normal) (G1 Evacuation Pause) 7850M->2144M(10240M) 164.473ms
[6148.664s][info][gc,cpu         ] GC(761) User=1.30s Sys=0.00s Real=0.17s
.....[6153.220s][info][gc,start       ] GC(762) Pause Young (Normal) (G1 Evacuation Pause)
[6153.220s][info][gc,task        ] GC(762) Using 8 workers of 8 for evacuation
[6153.382s][info][gc,phases      ] GC(762)   Pre Evacuate Collection Set: 0.29ms
[6153.382s][info][gc,phases      ] GC(762)   Merge Heap Roots: 0.60ms
[6153.382s][info][gc,phases      ] GC(762)   Evacuate Collection Set: 160.24ms
[6153.382s][info][gc,phases      ] GC(762)   Post Evacuate Collection Set: 1.28ms
[6153.382s][info][gc,phases      ] GC(762)   Other: 0.07ms
[6153.382s][info][gc,heap        ] GC(762) Eden regions: 716->0(715)
[6153.382s][info][gc,heap        ] GC(762) Survivor regions: 52->53(96)
[6153.382s][info][gc,heap        ] GC(762) Old regions: 187->190
[6153.382s][info][gc,heap        ] GC(762) Humongous regions: 33->33
[6153.382s][info][gc,metaspace   ] GC(762) Metaspace: 35713K(37952K)->35713K(37952K) NonClass: 26709K(27008K)->26709K(27008K) Class: 9004K(10944K)->9004K(10944K)
[6153.383s][info][gc             ] GC(762) Pause Young (Normal) (G1 Evacuation Pause) 7872M->2170M(10240M) 162.615ms
[6153.383s][info][gc,cpu         ] GC(762) User=1.27s Sys=0.00s Real=0.17s
....[6157.827s][info][gc,start       ] GC(763) Pause Young (Normal) (G1 Evacuation Pause)
[6157.827s][info][gc,task        ] GC(763) Using 8 workers of 8 for evacuation
[6157.990s][info][gc,phases      ] GC(763)   Pre Evacuate Collection Set: 0.30ms
[6157.990s][info][gc,phases      ] GC(763)   Merge Heap Roots: 0.56ms
[6157.990s][info][gc,phases      ] GC(763)   Evacuate Collection Set: 160.21ms
[6157.990s][info][gc,phases      ] GC(763)   Post Evacuate Collection Set: 1.26ms
[6157.990s][info][gc,phases      ] GC(763)   Other: 0.07ms
[6157.990s][info][gc,heap        ] GC(763) Eden regions: 715->0(715)
[6157.990s][info][gc,heap        ] GC(763) Survivor regions: 53->53(96)
[6157.990s][info][gc,heap        ] GC(763) Old regions: 190->193
[6157.990s][info][gc,heap        ] GC(763) Humongous regions: 33->33
[6157.990s][info][gc,metaspace   ] GC(763) Metaspace: 35713K(37952K)->35713K(37952K) NonClass: 26709K(27008K)->26709K(27008K) Class: 9004K(10944K)->9004K(10944K)
[6157.990s][info][gc             ] GC(763) Pause Young (Normal) (G1 Evacuation Pause) 7890M->2192M(10240M) 162.534ms
[6157.990s][info][gc,cpu         ] GC(763) User=1.27s Sys=0.00s Real=0.16s
.....[6162.346s][info][gc,start       ] GC(764) Pause Young (Normal) (G1 Evacuation Pause)
[6162.346s][info][gc,task        ] GC(764) Using 8 workers of 8 for evacuation
[6162.507s][info][gc,phases      ] GC(764)   Pre Evacuate Collection Set: 0.28ms
[6162.507s][info][gc,phases      ] GC(764)   Merge Heap Roots: 0.57ms
[6162.507s][info][gc,phases      ] GC(764)   Evacuate Collection Set: 158.58ms
[6162.507s][info][gc,phases      ] GC(764)   Post Evacuate Collection Set: 1.26ms
[6162.507s][info][gc,phases      ] GC(764)   Other: 0.07ms
[6162.507s][info][gc,heap        ] GC(764) Eden regions: 715->0(716)
[6162.507s][info][gc,heap        ] GC(764) Survivor regions: 53->52(96)
[6162.507s][info][gc,heap        ] GC(764) Old regions: 193->195
[6162.507s][info][gc,heap        ] GC(764) Humongous regions: 33->33
[6162.507s][info][gc,metaspace   ] GC(764) Metaspace: 35713K(37952K)->35713K(37952K) NonClass: 26709K(27008K)->26709K(27008K) Class: 9004K(10944K)->9004K(10944K)
[6162.507s][info][gc             ] GC(764) Pause Young (Normal) (G1 Evacuation Pause) 7912M->2206M(10240M) 160.889ms
[6162.507s][info][gc,cpu         ] GC(764) User=1.27s Sys=0.00s Real=0.16s
....[6166.924s][info][gc,start       ] GC(765) Pause Young (Normal) (G1 Evacuation Pause)
[6166.924s][info][gc,task        ] GC(765) Using 8 workers of 8 for evacuation
[6167.085s][info][gc,phases      ] GC(765)   Pre Evacuate Collection Set: 0.28ms
[6167.085s][info][gc,phases      ] GC(765)   Merge Heap Roots: 0.62ms
[6167.085s][info][gc,phases      ] GC(765)   Evacuate Collection Set: 159.29ms
[6167.085s][info][gc,phases      ] GC(765)   Post Evacuate Collection Set: 1.23ms
[6167.085s][info][gc,phases      ] GC(765)   Other: 0.06ms
[6167.085s][info][gc,heap        ] GC(765) Eden regions: 716->0(716)
[6167.085s][info][gc,heap        ] GC(765) Survivor regions: 52->52(96)
[6167.085s][info][gc,heap        ] GC(765) Old regions: 195->198
[6167.085s][info][gc,heap        ] GC(765) Humongous regions: 33->33
[6167.085s][info][gc,metaspace   ] GC(765) Metaspace: 35713K(37952K)->35713K(37952K) NonClass: 26709K(27008K)->26709K(27008K) Class: 9004K(10944K)->9004K(10944K)
[6167.085s][info][gc             ] GC(765) Pause Young (Normal) (G1 Evacuation Pause) 7934M->2231M(10240M) 161.617ms
[6167.085s][info][gc,cpu         ] GC(765) User=1.28s Sys=0.00s Real=0.16s
.....[6171.386s][info][gc,start       ] GC(766) Pause Young (Normal) (G1 Evacuation Pause)
[6171.386s][info][gc,task        ] GC(766) Using 8 workers of 8 for evacuation
[6171.551s][info][gc,phases      ] GC(766)   Pre Evacuate Collection Set: 0.28ms
[6171.551s][info][gc,phases      ] GC(766)   Merge Heap Roots: 0.56ms
[6171.551s][info][gc,phases      ] GC(766)   Evacuate Collection Set: 163.32ms
[6171.551s][info][gc,phases      ] GC(766)   Post Evacuate Collection Set: 1.25ms
[6171.551s][info][gc,phases      ] GC(766)   Other: 0.06ms
[6171.551s][info][gc,heap        ] GC(766) Eden regions: 716->0(714)
[6171.551s][info][gc,heap        ] GC(766) Survivor regions: 52->54(96)
[6171.551s][info][gc,heap        ] GC(766) Old regions: 198->201
[6171.551s][info][gc,heap        ] GC(766) Humongous regions: 33->33
[6171.551s][info][gc,metaspace   ] GC(766) Metaspace: 35713K(37952K)->35713K(37952K) NonClass: 26709K(27008K)->26709K(27008K) Class: 9004K(10944K)->9004K(10944K)
[6171.551s][info][gc             ] GC(766) Pause Young (Normal) (G1 Evacuation Pause) 7959M->2264M(10240M) 165.611ms
[6171.551s][info][gc,cpu         ] GC(766) User=1.31s Sys=0.00s Real=0.16s
....[6175.811s][info][gc,start       ] GC(767) Pause Young (Normal) (G1 Evacuation Pause)
[6175.811s][info][gc,task        ] GC(767) Using 8 workers of 8 for evacuation
[6175.975s][info][gc,phases      ] GC(767)   Pre Evacuate Collection Set: 0.29ms
[6175.975s][info][gc,phases      ] GC(767)   Merge Heap Roots: 0.59ms
[6175.975s][info][gc,phases      ] GC(767)   Evacuate Collection Set: 161.31ms
[6175.975s][info][gc,phases      ] GC(767)   Post Evacuate Collection Set: 1.28ms
[6175.975s][info][gc,phases      ] GC(767)   Other: 0.07ms
[6175.975s][info][gc,heap        ] GC(767) Eden regions: 714->0(715)
[6175.975s][info][gc,heap        ] GC(767) Survivor regions: 54->53(96)
[6175.975s][info][gc,heap        ] GC(767) Old regions: 201->203
[6175.975s][info][gc,heap        ] GC(767) Humongous regions: 33->33
[6175.975s][info][gc,metaspace   ] GC(767) Metaspace: 35713K(37952K)->35713K(37952K) NonClass: 26709K(27008K)->26709K(27008K) Class: 9004K(10944K)->9004K(10944K)
[6175.975s][info][gc             ] GC(767) Pause Young (Normal) (G1 Evacuation Pause) 7976M->2281M(10240M) 163.704ms
[6175.975s][info][gc,cpu         ] GC(767) User=1.28s Sys=0.01s Real=0.17s
.....[6180.514s][info][gc,start       ] GC(768) Pause Young (Normal) (G1 Evacuation Pause)
[6180.514s][info][gc,task        ] GC(768) Using 8 workers of 8 for evacuation
[6180.679s][info][gc,phases      ] GC(768)   Pre Evacuate Collection Set: 0.28ms
[6180.679s][info][gc,phases      ] GC(768)   Merge Heap Roots: 0.56ms
[6180.679s][info][gc,phases      ] GC(768)   Evacuate Collection Set: 162.96ms
[6180.679s][info][gc,phases      ] GC(768)   Post Evacuate Collection Set: 1.29ms
[6180.679s][info][gc,phases      ] GC(768)   Other: 0.07ms
[6180.679s][info][gc,heap        ] GC(768) Eden regions: 715->0(715)
[6180.679s][info][gc,heap        ] GC(768) Survivor regions: 53->53(96)
[6180.679s][info][gc,heap        ] GC(768) Old regions: 203->206
[6180.679s][info][gc,heap        ] GC(768) Humongous regions: 33->33
[6180.679s][info][gc,metaspace   ] GC(768) Metaspace: 35713K(37952K)->35713K(37952K) NonClass: 26709K(27008K)->26709K(27008K) Class: 9004K(10944K)->9004K(10944K)
[6180.679s][info][gc             ] GC(768) Pause Young (Normal) (G1 Evacuation Pause) 8001M->2302M(10240M) 165.274ms
[6180.679s][info][gc,cpu         ] GC(768) User=1.29s Sys=0.00s Real=0.16s
. (rIR:aIR:PR = 10516:10581:10571) (tPR = 158054) [OK] 
  6181s: Performance info:
         Transaction,    Success,    Partial,     Failed,   Receipts, AvgBarcode, 
             Overall,     636807,          0,          0,     605133,      59.48, 
         Response times:
             Request,    Success,    Partial,     Failed,   SkipFail,     Probes,    Samples,      min,      p50,      p90,      p95,      p99,      max, 
       TotalPurchase,     605584,          0,          0,          0,     357140,     510545,      300,     8700,    46000,    86000,   161000,   800000,
     InStorePurchase,     318053,          0,          0,          0,     188205,     268894,      300,     8700,    46000,    87000,   160000,   800000,
      OnlinePurchase,     225047,          0,          0,          0,     131134,     187287,      300,     8800,    46000,    86000,   159000,   800000,
        InstPurchase,      62484,          0,          0,          0,      37801,      54364,      400,     8800,    45000,    86000,   169000,   700000,
          AssocOfCat,        633,          0,          0,          0,        528,        897,    32000,    63000,   116000,   184000,   267480,   610000,
      AssocOfProduct,       6379,          0,          0,          0,       3582,       5437,      600,     8700,    50000,    88000,   168620,   680000,
      BusinessReport,       1581,          0,          0,          0,       1472,       2247,    36000,    74000,   120200,   162600,   243000,   780000,
          CustBuyBeh,       6342,          0,          0,          0,       3656,       5526,      200,     7800,    42000,    81000,   167000,   680000,
       ProductReturn,      16892,          0,          0,          0,      10209,      14899,      200,     8500,    48000,    89000,   170000,   680000,

  6181s: (77%)   IR =  10654 ...[6185.064s][info][gc,start       ] GC(769) Pause Young (Normal) (G1 Evacuation Pause)
[6185.064s][info][gc,task        ] GC(769) Using 8 workers of 8 for evacuation
[6185.232s][info][gc,phases      ] GC(769)   Pre Evacuate Collection Set: 0.30ms
[6185.232s][info][gc,phases      ] GC(769)   Merge Heap Roots: 0.61ms
[6185.232s][info][gc,phases      ] GC(769)   Evacuate Collection Set: 165.43ms
[6185.232s][info][gc,phases      ] GC(769)   Post Evacuate Collection Set: 1.25ms
[6185.232s][info][gc,phases      ] GC(769)   Other: 0.09ms
[6185.232s][info][gc,heap        ] GC(769) Eden regions: 715->0(715)
[6185.232s][info][gc,heap        ] GC(769) Survivor regions: 53->53(96)
[6185.232s][info][gc,heap        ] GC(769) Old regions: 206->209
[6185.232s][info][gc,heap        ] GC(769) Humongous regions: 33->33
[6185.232s][info][gc,metaspace   ] GC(769) Metaspace: 35713K(37952K)->35713K(37952K) NonClass: 26709K(27008K)->26709K(27008K) Class: 9004K(10944K)->9004K(10944K)
[6185.232s][info][gc             ] GC(769) Pause Young (Normal) (G1 Evacuation Pause) 8022M->2320M(10240M) 167.829ms
[6185.232s][info][gc,cpu         ] GC(769) User=1.32s Sys=0.00s Real=0.17s
....|.[6189.534s][info][gc,start       ] GC(770) Pause Young (Normal) (G1 Evacuation Pause)
[6189.534s][info][gc,task        ] GC(770) Using 8 workers of 8 for evacuation
[6189.696s][info][gc,phases      ] GC(770)   Pre Evacuate Collection Set: 0.30ms
[6189.696s][info][gc,phases      ] GC(770)   Merge Heap Roots: 0.54ms
[6189.696s][info][gc,phases      ] GC(770)   Evacuate Collection Set: 159.92ms
[6189.696s][info][gc,phases      ] GC(770)   Post Evacuate Collection Set: 1.29ms
[6189.696s][info][gc,phases      ] GC(770)   Other: 0.07ms
[6189.696s][info][gc,heap        ] GC(770) Eden regions: 715->0(716)
[6189.696s][info][gc,heap        ] GC(770) Survivor regions: 53->52(96)
[6189.696s][info][gc,heap        ] GC(770) Old regions: 209->211
[6189.696s][info][gc,heap        ] GC(770) Humongous regions: 33->33
[6189.696s][info][gc,metaspace   ] GC(770) Metaspace: 35713K(37952K)->35713K(37952K) NonClass: 26709K(27008K)->26709K(27008K) Class: 9004K(10944K)->9004K(10944K)
[6189.696s][info][gc             ] GC(770) Pause Young (Normal) (G1 Evacuation Pause) 8040M->2334M(10240M) 162.246ms
[6189.696s][info][gc,cpu         ] GC(770) User=1.27s Sys=0.00s Real=0.16s
....[6193.946s][info][gc,start       ] GC(771) Pause Young (Normal) (G1 Evacuation Pause)
[6193.946s][info][gc,task        ] GC(771) Using 8 workers of 8 for evacuation
[6194.109s][info][gc,phases      ] GC(771)   Pre Evacuate Collection Set: 0.29ms
[6194.109s][info][gc,phases      ] GC(771)   Merge Heap Roots: 0.55ms
[6194.109s][info][gc,phases      ] GC(771)   Evacuate Collection Set: 161.01ms
[6194.109s][info][gc,phases      ] GC(771)   Post Evacuate Collection Set: 1.23ms
[6194.109s][info][gc,phases      ] GC(771)   Other: 0.06ms
[6194.109s][info][gc,heap        ] GC(771) Eden regions: 716->0(715)
[6194.109s][info][gc,heap        ] GC(771) Survivor regions: 52->53(96)
[6194.109s][info][gc,heap        ] GC(771) Old regions: 211->214
[6194.109s][info][gc,heap        ] GC(771) Humongous regions: 33->33
[6194.109s][info][gc,metaspace   ] GC(771) Metaspace: 35713K(37952K)->35713K(37952K) NonClass: 26709K(27008K)->26709K(27008K) Class: 9004K(10944K)->9004K(10944K)
[6194.109s][info][gc             ] GC(771) Pause Young (Normal) (G1 Evacuation Pause) 8062M->2367M(10240M) 163.277ms
[6194.110s][info][gc,cpu         ] GC(771) User=1.28s Sys=0.00s Real=0.16s
.....[6198.358s][info][gc,start       ] GC(772) Pause Young (Normal) (G1 Evacuation Pause)
[6198.358s][info][gc,task        ] GC(772) Using 8 workers of 8 for evacuation
[6198.527s][info][gc,phases      ] GC(772)   Pre Evacuate Collection Set: 0.28ms
[6198.527s][info][gc,phases      ] GC(772)   Merge Heap Roots: 0.61ms
[6198.527s][info][gc,phases      ] GC(772)   Evacuate Collection Set: 166.37ms
[6198.527s][info][gc,phases      ] GC(772)   Post Evacuate Collection Set: 1.26ms
[6198.527s][info][gc,phases      ] GC(772)   Other: 0.07ms
[6198.527s][info][gc,heap        ] GC(772) Eden regions: 715->0(714)
[6198.527s][info][gc,heap        ] GC(772) Survivor regions: 53->54(96)
[6198.527s][info][gc,heap        ] GC(772) Old regions: 214->217
[6198.527s][info][gc,heap        ] GC(772) Humongous regions: 33->33
[6198.527s][info][gc,metaspace   ] GC(772) Metaspace: 35713K(37952K)->35713K(37952K) NonClass: 26709K(27008K)->26709K(27008K) Class: 9004K(10944K)->9004K(10944K)
[6198.527s][info][gc             ] GC(772) Pause Young (Normal) (G1 Evacuation Pause) 8087M->2393M(10240M) 168.733ms
[6198.527s][info][gc,cpu         ] GC(772) User=1.33s Sys=0.00s Real=0.17s
....[6202.850s][info][gc,start       ] GC(773) Pause Young (Normal) (G1 Evacuation Pause)
[6202.850s][info][gc,task        ] GC(773) Using 8 workers of 8 for evacuation
[6203.009s][info][gc,phases      ] GC(773)   Pre Evacuate Collection Set: 0.30ms
[6203.009s][info][gc,phases      ] GC(773)   Merge Heap Roots: 0.57ms
[6203.009s][info][gc,phases      ] GC(773)   Evacuate Collection Set: 157.25ms
[6203.009s][info][gc,phases      ] GC(773)   Post Evacuate Collection Set: 1.29ms
[6203.009s][info][gc,phases      ] GC(773)   Other: 0.06ms
[6203.009s][info][gc,heap        ] GC(773) Eden regions: 714->0(715)
[6203.009s][info][gc,heap        ] GC(773) Survivor regions: 54->53(96)
[6203.009s][info][gc,heap        ] GC(773) Old regions: 217->219
[6203.009s][info][gc,heap        ] GC(773) Humongous regions: 33->33
[6203.009s][info][gc,metaspace   ] GC(773) Metaspace: 35713K(37952K)->35713K(37952K) NonClass: 26709K(27008K)->26709K(27008K) Class: 9004K(10944K)->9004K(10944K)
[6203.009s][info][gc             ] GC(773) Pause Young (Normal) (G1 Evacuation Pause) 8105M->2407M(10240M) 159.593ms
[6203.010s][info][gc,cpu         ] GC(773) User=1.26s Sys=0.00s Real=0.16s
.....[6207.368s][info][gc,start       ] GC(774) Pause Young (Normal) (G1 Evacuation Pause)
[6207.368s][info][gc,task        ] GC(774) Using 8 workers of 8 for evacuation
[6207.534s][info][gc,phases      ] GC(774)   Pre Evacuate Collection Set: 0.29ms
[6207.534s][info][gc,phases      ] GC(774)   Merge Heap Roots: 0.59ms
[6207.534s][info][gc,phases      ] GC(774)   Evacuate Collection Set: 163.03ms
[6207.534s][info][gc,phases      ] GC(774)   Post Evacuate Collection Set: 1.32ms
[6207.534s][info][gc,phases      ] GC(774)   Other: 0.07ms
[6207.534s][info][gc,heap        ] GC(774) Eden regions: 715->0(716)
[6207.534s][info][gc,heap        ] GC(774) Survivor regions: 53->52(96)
[6207.534s][info][gc,heap        ] GC(774) Old regions: 219->222
[6207.534s][info][gc,heap        ] GC(774) Humongous regions: 33->33
[6207.534s][info][gc,metaspace   ] GC(774) Metaspace: 35713K(37952K)->35713K(37952K) NonClass: 26709K(27008K)->26709K(27008K) Class: 9004K(10944K)->9004K(10944K)
[6207.534s][info][gc             ] GC(774) Pause Young (Normal) (G1 Evacuation Pause) 8127M->2424M(10240M) 165.428ms
[6207.534s][info][gc,cpu         ] GC(774) User=1.30s Sys=0.00s Real=0.17s
....[6212.071s][info][gc,start       ] GC(775) Pause Young (Normal) (G1 Evacuation Pause)
[6212.072s][info][gc,task        ] GC(775) Using 8 workers of 8 for evacuation
[6212.231s][info][gc,phases      ] GC(775)   Pre Evacuate Collection Set: 0.33ms
[6212.231s][info][gc,phases      ] GC(775)   Merge Heap Roots: 0.56ms
[6212.231s][info][gc,phases      ] GC(775)   Evacuate Collection Set: 157.21ms
[6212.231s][info][gc,phases      ] GC(775)   Post Evacuate Collection Set: 1.30ms
[6212.231s][info][gc,phases      ] GC(775)   Other: 0.07ms
[6212.231s][info][gc,heap        ] GC(775) Eden regions: 716->0(715)
[6212.231s][info][gc,heap        ] GC(775) Survivor regions: 52->53(96)
[6212.231s][info][gc,heap        ] GC(775) Old regions: 222->225
[6212.231s][info][gc,heap        ] GC(775) Humongous regions: 33->33
[6212.231s][info][gc,metaspace   ] GC(775) Metaspace: 35713K(37952K)->35713K(37952K) NonClass: 26709K(27008K)->26709K(27008K) Class: 9004K(10944K)->9004K(10944K)
[6212.231s][info][gc             ] GC(775) Pause Young (Normal) (G1 Evacuation Pause) 8152M->2450M(10240M) 159.596ms
[6212.231s][info][gc,cpu         ] GC(775) User=1.25s Sys=0.01s Real=0.16s
.....[6216.702s][info][gc,start       ] GC(776) Pause Young (Normal) (G1 Evacuation Pause)
[6216.703s][info][gc,task        ] GC(776) Using 8 workers of 8 for evacuation
[6216.865s][info][gc,phases      ] GC(776)   Pre Evacuate Collection Set: 0.29ms
[6216.865s][info][gc,phases      ] GC(776)   Merge Heap Roots: 0.58ms
[6216.865s][info][gc,phases      ] GC(776)   Evacuate Collection Set: 160.67ms
[6216.865s][info][gc,phases      ] GC(776)   Post Evacuate Collection Set: 1.26ms
[6216.865s][info][gc,phases      ] GC(776)   Other: 0.07ms
[6216.865s][info][gc,heap        ] GC(776) Eden regions: 715->0(716)
[6216.865s][info][gc,heap        ] GC(776) Survivor regions: 53->52(96)
[6216.865s][info][gc,heap        ] GC(776) Old regions: 225->228
[6216.865s][info][gc,heap        ] GC(776) Humongous regions: 33->33
[6216.865s][info][gc,metaspace   ] GC(776) Metaspace: 35713K(37952K)->35713K(37952K) NonClass: 26709K(27008K)->26709K(27008K) Class: 9004K(10944K)->9004K(10944K)
[6216.865s][info][gc             ] GC(776) Pause Young (Normal) (G1 Evacuation Pause) 8170M->2468M(10240M) 163.031ms
[6216.866s][info][gc,cpu         ] GC(776) User=1.29s Sys=0.00s Real=0.16s
....[6221.171s][info][gc,start       ] GC(777) Pause Young (Normal) (G1 Evacuation Pause)
[6221.171s][info][gc,task        ] GC(777) Using 8 workers of 8 for evacuation
[6221.336s][info][gc,phases      ] GC(777)   Pre Evacuate Collection Set: 0.31ms
[6221.336s][info][gc,phases      ] GC(777)   Merge Heap Roots: 0.57ms
[6221.336s][info][gc,phases      ] GC(777)   Evacuate Collection Set: 163.07ms
[6221.336s][info][gc,phases      ] GC(777)   Post Evacuate Collection Set: 1.27ms
[6221.336s][info][gc,phases      ] GC(777)   Other: 0.06ms
[6221.336s][info][gc,heap        ] GC(777) Eden regions: 716->0(715)
[6221.336s][info][gc,heap        ] GC(777) Survivor regions: 52->53(96)
[6221.336s][info][gc,heap        ] GC(777) Old regions: 228->230
[6221.336s][info][gc,heap        ] GC(777) Humongous regions: 33->33
[6221.336s][info][gc,metaspace   ] GC(777) Metaspace: 35713K(37952K)->35713K(37952K) NonClass: 26709K(27008K)->26709K(27008K) Class: 9004K(10944K)->9004K(10944K)
[6221.336s][info][gc             ] GC(777) Pause Young (Normal) (G1 Evacuation Pause) 8196M->2493M(10240M) 165.406ms
[6221.336s][info][gc,cpu         ] GC(777) User=1.30s Sys=0.00s Real=0.17s
.....[6225.638s][info][gc,start       ] GC(778) Pause Young (Normal) (G1 Evacuation Pause)
[6225.639s][info][gc,task        ] GC(778) Using 8 workers of 8 for evacuation
[6225.797s][info][gc,phases      ] GC(778)   Pre Evacuate Collection Set: 0.29ms
[6225.797s][info][gc,phases      ] GC(778)   Merge Heap Roots: 0.53ms
[6225.797s][info][gc,phases      ] GC(778)   Evacuate Collection Set: 156.04ms
[6225.797s][info][gc,phases      ] GC(778)   Post Evacuate Collection Set: 1.26ms
[6225.797s][info][gc,phases      ] GC(778)   Other: 0.06ms
[6225.797s][info][gc,heap        ] GC(778) Eden regions: 715->0(716)
[6225.797s][info][gc,heap        ] GC(778) Survivor regions: 53->52(96)
[6225.797s][info][gc,heap        ] GC(778) Old regions: 230->233
[6225.797s][info][gc,heap        ] GC(778) Humongous regions: 33->33
[6225.797s][info][gc,metaspace   ] GC(778) Metaspace: 35713K(37952K)->35713K(37952K) NonClass: 26709K(27008K)->26709K(27008K) Class: 9004K(10944K)->9004K(10944K)
[6225.797s][info][gc             ] GC(778) Pause Young (Normal) (G1 Evacuation Pause) 8213M->2506M(10240M) 158.324ms
[6225.797s][info][gc,cpu         ] GC(778) User=1.24s Sys=0.00s Real=0.16s
....[6230.196s][info][gc,start       ] GC(779) Pause Young (Normal) (G1 Evacuation Pause)
[6230.196s][info][gc,task        ] GC(779) Using 8 workers of 8 for evacuation
[6230.356s][info][gc,phases      ] GC(779)   Pre Evacuate Collection Set: 0.27ms
[6230.356s][info][gc,phases      ] GC(779)   Merge Heap Roots: 0.53ms
[6230.356s][info][gc,phases      ] GC(779)   Evacuate Collection Set: 158.05ms
[6230.356s][info][gc,phases      ] GC(779)   Post Evacuate Collection Set: 1.29ms
[6230.356s][info][gc,phases      ] GC(779)   Other: 0.06ms
[6230.356s][info][gc,heap        ] GC(779) Eden regions: 716->0(715)
[6230.356s][info][gc,heap        ] GC(779) Survivor regions: 52->53(96)
[6230.356s][info][gc,heap        ] GC(779) Old regions: 233->235
[6230.356s][info][gc,heap        ] GC(779) Humongous regions: 33->33
[6230.356s][info][gc,metaspace   ] GC(779) Metaspace: 35713K(37952K)->35713K(37952K) NonClass: 26709K(27008K)->26709K(27008K) Class: 9004K(10944K)->9004K(10944K)
[6230.356s][info][gc             ] GC(779) Pause Young (Normal) (G1 Evacuation Pause) 8234M->2535M(10240M) 160.348ms
[6230.356s][info][gc,cpu         ] GC(779) User=1.26s Sys=0.00s Real=0.16s
.....[6234.700s][info][gc,start       ] GC(780) Pause Young (Normal) (G1 Evacuation Pause)
[6234.700s][info][gc,task        ] GC(780) Using 8 workers of 8 for evacuation
[6234.864s][info][gc,phases      ] GC(780)   Pre Evacuate Collection Set: 0.28ms
[6234.864s][info][gc,phases      ] GC(780)   Merge Heap Roots: 0.59ms
[6234.864s][info][gc,phases      ] GC(780)   Evacuate Collection Set: 162.02ms
[6234.864s][info][gc,phases      ] GC(780)   Post Evacuate Collection Set: 1.28ms
[6234.864s][info][gc,phases      ] GC(780)   Other: 0.06ms
[6234.864s][info][gc,heap        ] GC(780) Eden regions: 715->0(716)
[6234.864s][info][gc,heap        ] GC(780) Survivor regions: 53->52(96)
[6234.864s][info][gc,heap        ] GC(780) Old regions: 235->238
[6234.864s][info][gc,heap        ] GC(780) Humongous regions: 33->33
[6234.864s][info][gc,metaspace   ] GC(780) Metaspace: 35713K(37952K)->35713K(37952K) NonClass: 26709K(27008K)->26709K(27008K) Class: 9004K(10944K)->9004K(10944K)
[6234.864s][info][gc             ] GC(780) Pause Young (Normal) (G1 Evacuation Pause) 8255M->2552M(10240M) 164.365ms
[6234.865s][info][gc,cpu         ] GC(780) User=1.30s Sys=0.00s Real=0.17s
....[6239.326s][info][gc,start       ] GC(781) Pause Young (Normal) (G1 Evacuation Pause)
[6239.326s][info][gc,task        ] GC(781) Using 8 workers of 8 for evacuation
[6239.489s][info][gc,phases      ] GC(781)   Pre Evacuate Collection Set: 0.29ms
[6239.489s][info][gc,phases      ] GC(781)   Merge Heap Roots: 0.61ms
[6239.489s][info][gc,phases      ] GC(781)   Evacuate Collection Set: 160.82ms
[6239.489s][info][gc,phases      ] GC(781)   Post Evacuate Collection Set: 1.27ms
[6239.489s][info][gc,phases      ] GC(781)   Other: 0.08ms
[6239.489s][info][gc,heap        ] GC(781) Eden regions: 716->0(716)
[6239.489s][info][gc,heap        ] GC(781) Survivor regions: 52->52(96)
[6239.489s][info][gc,heap        ] GC(781) Old regions: 238->241
[6239.489s][info][gc,heap        ] GC(781) Humongous regions: 33->33
[6239.489s][info][gc,metaspace   ] GC(781) Metaspace: 35713K(37952K)->35713K(37952K) NonClass: 26709K(27008K)->26709K(27008K) Class: 9004K(10944K)->9004K(10944K)
[6239.489s][info][gc             ] GC(781) Pause Young (Normal) (G1 Evacuation Pause) 8280M->2574M(10240M) 163.216ms
[6239.489s][info][gc,cpu         ] GC(781) User=1.28s Sys=0.00s Real=0.16s
.....[6243.962s][info][gc,start       ] GC(782) Pause Young (Normal) (G1 Evacuation Pause)
[6243.962s][info][gc,task        ] GC(782) Using 8 workers of 8 for evacuation
[6244.128s][info][gc,phases      ] GC(782)   Pre Evacuate Collection Set: 0.28ms
[6244.128s][info][gc,phases      ] GC(782)   Merge Heap Roots: 0.62ms
[6244.128s][info][gc,phases      ] GC(782)   Evacuate Collection Set: 164.10ms
[6244.128s][info][gc,phases      ] GC(782)   Post Evacuate Collection Set: 1.26ms
[6244.128s][info][gc,phases      ] GC(782)   Other: 0.09ms
[6244.128s][info][gc,heap        ] GC(782) Eden regions: 716->0(715)
[6244.128s][info][gc,heap        ] GC(782) Survivor regions: 52->53(96)
[6244.128s][info][gc,heap        ] GC(782) Old regions: 241->244
[6244.128s][info][gc,heap        ] GC(782) Humongous regions: 33->33
[6244.128s][info][gc,metaspace   ] GC(782) Metaspace: 35713K(37952K)->35713K(37952K) NonClass: 26709K(27008K)->26709K(27008K) Class: 9004K(10944K)->9004K(10944K)
[6244.128s][info][gc             ] GC(782) Pause Young (Normal) (G1 Evacuation Pause) 8302M->2604M(10240M) 166.484ms
[6244.128s][info][gc,cpu         ] GC(782) User=1.31s Sys=0.00s Real=0.16s
....[6248.329s][info][gc,start       ] GC(783) Pause Young (Normal) (G1 Evacuation Pause)
[6248.329s][info][gc,task        ] GC(783) Using 8 workers of 8 for evacuation
[6248.491s][info][gc,phases      ] GC(783)   Pre Evacuate Collection Set: 0.30ms
[6248.491s][info][gc,phases      ] GC(783)   Merge Heap Roots: 0.57ms
[6248.491s][info][gc,phases      ] GC(783)   Evacuate Collection Set: 159.91ms
[6248.491s][info][gc,phases      ] GC(783)   Post Evacuate Collection Set: 1.25ms
[6248.491s][info][gc,phases      ] GC(783)   Other: 0.07ms
[6248.491s][info][gc,heap        ] GC(783) Eden regions: 715->0(716)
[6248.491s][info][gc,heap        ] GC(783) Survivor regions: 53->52(96)
[6248.491s][info][gc,heap        ] GC(783) Old regions: 244->246
[6248.491s][info][gc,heap        ] GC(783) Humongous regions: 33->33
[6248.491s][info][gc,metaspace   ] GC(783) Metaspace: 35713K(37952K)->35713K(37952K) NonClass: 26709K(27008K)->26709K(27008K) Class: 9004K(10944K)->9004K(10944K)
[6248.491s][info][gc             ] GC(783) Pause Young (Normal) (G1 Evacuation Pause) 8324M->2618M(10240M) 162.257ms
[6248.492s][info][gc,cpu         ] GC(783) User=1.27s Sys=0.00s Real=0.16s
. (rIR:aIR:PR = 10654:10604:10595) (tPR = 158125) [OK] 
  6248s: Performance info:
         Transaction,    Success,    Partial,     Failed,   Receipts, AvgBarcode, 
             Overall,     637357,          0,          0,     605330,      59.47, 
         Response times:
             Request,    Success,    Partial,     Failed,   SkipFail,     Probes,    Samples,      min,      p50,      p90,      p95,      p99,      max, 
       TotalPurchase,     605824,          0,          0,          0,     355782,     402871,      300,     9100,    47000,    80000,   144000,   970000,
     InStorePurchase,     317706,          0,          0,          0,     187213,     211880,      300,     9000,    46000,    81000,   142000,   960000,
      OnlinePurchase,     224309,          0,          0,          0,     131340,     148644,      300,     9100,    47000,    80000,   146000,   970000,
        InstPurchase,      63809,          0,          0,          0,      37229,      42347,      500,     9300,    46000,    80000,   148000,   850000,
          AssocOfCat,        644,          0,          0,          0,        543,        718,    27000,    60000,   105000,   140050,   220810,   475000,
      AssocOfProduct,       6370,          0,          0,          0,       3710,       4397,      700,     8500,    46200,    86000,   161000,   820000,
      BusinessReport,       1599,          0,          0,          0,       1396,       1752,    32000,    74000,   121700,   158350,   244880,   559000,
          CustBuyBeh,       6457,          0,          0,          0,       3743,       4459,      700,     9000,    45000,    77000,   144400,   790000,
       ProductReturn,      16994,          0,          0,          0,       9217,      10787,      200,     8700,    48000,    80000,   148000,   562000,

  6248s: (78%)   IR =  10793 ....[6252.779s][info][gc,start       ] GC(784) Pause Young (Normal) (G1 Evacuation Pause)
[6252.779s][info][gc,task        ] GC(784) Using 8 workers of 8 for evacuation
[6252.940s][info][gc,phases      ] GC(784)   Pre Evacuate Collection Set: 0.28ms
[6252.940s][info][gc,phases      ] GC(784)   Merge Heap Roots: 0.62ms
[6252.940s][info][gc,phases      ] GC(784)   Evacuate Collection Set: 158.73ms
[6252.940s][info][gc,phases      ] GC(784)   Post Evacuate Collection Set: 1.29ms
[6252.940s][info][gc,phases      ] GC(784)   Other: 0.06ms
[6252.940s][info][gc,heap        ] GC(784) Eden regions: 716->0(715)
[6252.940s][info][gc,heap        ] GC(784) Survivor regions: 52->53(96)
[6252.940s][info][gc,heap        ] GC(784) Old regions: 246->249
[6252.940s][info][gc,heap        ] GC(784) Humongous regions: 33->33
[6252.940s][info][gc,metaspace   ] GC(784) Metaspace: 35713K(37952K)->35713K(37952K) NonClass: 26709K(27008K)->26709K(27008K) Class: 9004K(10944K)->9004K(10944K)
[6252.940s][info][gc             ] GC(784) Pause Young (Normal) (G1 Evacuation Pause) 8346M->2643M(10240M) 161.114ms
[6252.940s][info][gc,cpu         ] GC(784) User=1.27s Sys=0.00s Real=0.16s
....[6257.213s][info][gc,start       ] GC(785) Pause Young (Normal) (G1 Evacuation Pause)
[6257.213s][info][gc,task        ] GC(785) Using 8 workers of 8 for evacuation
[6257.383s][info][gc,phases      ] GC(785)   Pre Evacuate Collection Set: 0.30ms
[6257.384s][info][gc,phases      ] GC(785)   Merge Heap Roots: 0.61ms
[6257.384s][info][gc,phases      ] GC(785)   Evacuate Collection Set: 168.03ms
[6257.384s][info][gc,phases      ] GC(785)   Post Evacuate Collection Set: 1.26ms
[6257.384s][info][gc,phases      ] GC(785)   Other: 0.08ms
[6257.384s][info][gc,heap        ] GC(785) Eden regions: 715->0(714)
[6257.384s][info][gc,heap        ] GC(785) Survivor regions: 53->54(96)
[6257.384s][info][gc,heap        ] GC(785) Old regions: 249->251
[6257.384s][info][gc,heap        ] GC(785) Humongous regions: 33->33
[6257.384s][info][gc,metaspace   ] GC(785) Metaspace: 35713K(37952K)->35713K(37952K) NonClass: 26709K(27008K)->26709K(27008K) Class: 9004K(10944K)->9004K(10944K)
[6257.384s][info][gc             ] GC(785) Pause Young (Normal) (G1 Evacuation Pause) 8363M->2675M(10240M) 170.419ms
[6257.384s][info][gc,cpu         ] GC(785) User=1.35s Sys=0.00s Real=0.17s
....[6261.669s][info][gc,start       ] GC(786) Pause Young (Normal) (G1 Evacuation Pause)
[6261.669s][info][gc,task        ] GC(786) Using 8 workers of 8 for evacuation
[6261.832s][info][gc,phases      ] GC(786)   Pre Evacuate Collection Set: 0.30ms
[6261.832s][info][gc,phases      ] GC(786)   Merge Heap Roots: 0.57ms
[6261.832s][info][gc,phases      ] GC(786)   Evacuate Collection Set: 161.48ms
[6261.832s][info][gc,phases      ] GC(786)   Post Evacuate Collection Set: 1.33ms
[6261.832s][info][gc,phases      ] GC(786)   Other: 0.06ms
[6261.832s][info][gc,heap        ] GC(786) Eden regions: 714->0(715)
[6261.832s][info][gc,heap        ] GC(786) Survivor regions: 54->53(96)
[6261.832s][info][gc,heap        ] GC(786) Old regions: 251->254
[6261.832s][info][gc,heap        ] GC(786) Humongous regions: 33->33
[6261.832s][info][gc,metaspace   ] GC(786) Metaspace: 35713K(37952K)->35713K(37952K) NonClass: 26709K(27008K)->26709K(27008K) Class: 9004K(10944K)->9004K(10944K)
[6261.832s][info][gc             ] GC(786) Pause Young (Normal) (G1 Evacuation Pause) 8387M->2689M(10240M) 163.875ms
[6261.833s][info][gc,cpu         ] GC(786) User=1.28s Sys=0.00s Real=0.17s
...|..[6266.101s][info][gc,start       ] GC(787) Pause Young (Normal) (G1 Evacuation Pause)
[6266.101s][info][gc,task        ] GC(787) Using 8 workers of 8 for evacuation
[6266.266s][info][gc,phases      ] GC(787)   Pre Evacuate Collection Set: 0.29ms
[6266.266s][info][gc,phases      ] GC(787)   Merge Heap Roots: 0.67ms
[6266.266s][info][gc,phases      ] GC(787)   Evacuate Collection Set: 162.62ms
[6266.266s][info][gc,phases      ] GC(787)   Post Evacuate Collection Set: 1.26ms
[6266.266s][info][gc,phases      ] GC(787)   Other: 0.07ms
[6266.266s][info][gc,heap        ] GC(787) Eden regions: 715->0(715)
[6266.266s][info][gc,heap        ] GC(787) Survivor regions: 53->53(96)
[6266.266s][info][gc,heap        ] GC(787) Old regions: 254->257
[6266.266s][info][gc,heap        ] GC(787) Humongous regions: 33->33
[6266.266s][info][gc,metaspace   ] GC(787) Metaspace: 35713K(37952K)->35713K(37952K) NonClass: 26709K(27008K)->26709K(27008K) Class: 9004K(10944K)->9004K(10944K)
[6266.266s][info][gc             ] GC(787) Pause Young (Normal) (G1 Evacuation Pause) 8409M->2711M(10240M) 165.038ms
[6266.266s][info][gc,cpu         ] GC(787) User=1.30s Sys=0.00s Real=0.17s
....[6270.570s][info][gc,start       ] GC(788) Pause Young (Normal) (G1 Evacuation Pause)
[6270.570s][info][gc,task        ] GC(788) Using 8 workers of 8 for evacuation
[6270.731s][info][gc,phases      ] GC(788)   Pre Evacuate Collection Set: 0.29ms
[6270.731s][info][gc,phases      ] GC(788)   Merge Heap Roots: 0.57ms
[6270.731s][info][gc,phases      ] GC(788)   Evacuate Collection Set: 158.13ms
[6270.731s][info][gc,phases      ] GC(788)   Post Evacuate Collection Set: 1.25ms
[6270.731s][info][gc,phases      ] GC(788)   Other: 0.08ms
[6270.731s][info][gc,heap        ] GC(788) Eden regions: 715->0(716)
[6270.731s][info][gc,heap        ] GC(788) Survivor regions: 53->52(96)
[6270.731s][info][gc,heap        ] GC(788) Old regions: 257->260
[6270.731s][info][gc,heap        ] GC(788) Humongous regions: 33->33
[6270.731s][info][gc,metaspace   ] GC(788) Metaspace: 35713K(37952K)->35713K(37952K) NonClass: 26709K(27008K)->26709K(27008K) Class: 9004K(10944K)->9004K(10944K)
[6270.731s][info][gc             ] GC(788) Pause Young (Normal) (G1 Evacuation Pause) 8431M->2725M(10240M) 160.460ms
[6270.731s][info][gc,cpu         ] GC(788) User=1.26s Sys=0.00s Real=0.16s
.....[6275.054s][info][gc,start       ] GC(789) Pause Young (Normal) (G1 Evacuation Pause)
[6275.054s][info][gc,task        ] GC(789) Using 8 workers of 8 for evacuation
[6275.220s][info][gc,phases      ] GC(789)   Pre Evacuate Collection Set: 0.29ms
[6275.220s][info][gc,phases      ] GC(789)   Merge Heap Roots: 0.58ms
[6275.220s][info][gc,phases      ] GC(789)   Evacuate Collection Set: 164.39ms
[6275.220s][info][gc,phases      ] GC(789)   Post Evacuate Collection Set: 1.24ms
[6275.220s][info][gc,phases      ] GC(789)   Other: 0.06ms
[6275.220s][info][gc,heap        ] GC(789) Eden regions: 716->0(715)
[6275.220s][info][gc,heap        ] GC(789) Survivor regions: 52->53(96)
[6275.220s][info][gc,heap        ] GC(789) Old regions: 260->262
[6275.220s][info][gc,heap        ] GC(789) Humongous regions: 33->33
[6275.220s][info][gc,metaspace   ] GC(789) Metaspace: 35713K(37952K)->35713K(37952K) NonClass: 26709K(27008K)->26709K(27008K) Class: 9004K(10944K)->9004K(10944K)
[6275.220s][info][gc             ] GC(789) Pause Young (Normal) (G1 Evacuation Pause) 8453M->2754M(10240M) 166.682ms
[6275.220s][info][gc,cpu         ] GC(789) User=1.31s Sys=0.00s Real=0.16s
....[6279.436s][info][gc,start       ] GC(790) Pause Young (Normal) (G1 Evacuation Pause)
[6279.436s][info][gc,task        ] GC(790) Using 8 workers of 8 for evacuation
[6279.597s][info][gc,phases      ] GC(790)   Pre Evacuate Collection Set: 0.27ms
[6279.597s][info][gc,phases      ] GC(790)   Merge Heap Roots: 0.56ms
[6279.597s][info][gc,phases      ] GC(790)   Evacuate Collection Set: 159.31ms
[6279.597s][info][gc,phases      ] GC(790)   Post Evacuate Collection Set: 1.23ms
[6279.597s][info][gc,phases      ] GC(790)   Other: 0.06ms
[6279.597s][info][gc,heap        ] GC(790) Eden regions: 715->0(716)
[6279.597s][info][gc,heap        ] GC(790) Survivor regions: 53->52(96)
[6279.597s][info][gc,heap        ] GC(790) Old regions: 262->265
[6279.597s][info][gc,heap        ] GC(790) Humongous regions: 33->33
[6279.597s][info][gc,metaspace   ] GC(790) Metaspace: 35713K(37952K)->35713K(37952K) NonClass: 26709K(27008K)->26709K(27008K) Class: 9004K(10944K)->9004K(10944K)
[6279.597s][info][gc             ] GC(790) Pause Young (Normal) (G1 Evacuation Pause) 8474M->2767M(10240M) 161.561ms
[6279.597s][info][gc,cpu         ] GC(790) User=1.28s Sys=0.00s Real=0.16s
....[6283.832s][info][gc,start       ] GC(791) Pause Young (Normal) (G1 Evacuation Pause)
[6283.832s][info][gc,task        ] GC(791) Using 8 workers of 8 for evacuation
[6284.002s][info][gc,phases      ] GC(791)   Pre Evacuate Collection Set: 0.27ms
[6284.002s][info][gc,phases      ] GC(791)   Merge Heap Roots: 0.56ms
[6284.002s][info][gc,phases      ] GC(791)   Evacuate Collection Set: 168.19ms
[6284.002s][info][gc,phases      ] GC(791)   Post Evacuate Collection Set: 1.28ms
[6284.002s][info][gc,phases      ] GC(791)   Other: 0.06ms
[6284.002s][info][gc,heap        ] GC(791) Eden regions: 716->0(713)
[6284.002s][info][gc,heap        ] GC(791) Survivor regions: 52->55(96)
[6284.002s][info][gc,heap        ] GC(791) Old regions: 265->268
[6284.002s][info][gc,heap        ] GC(791) Humongous regions: 33->33
[6284.002s][info][gc,metaspace   ] GC(791) Metaspace: 35713K(37952K)->35713K(37952K) NonClass: 26709K(27008K)->26709K(27008K) Class: 9004K(10944K)->9004K(10944K)
[6284.002s][info][gc             ] GC(791) Pause Young (Normal) (G1 Evacuation Pause) 8495M->2808M(10240M) 170.484ms
[6284.002s][info][gc,cpu         ] GC(791) User=1.34s Sys=0.00s Real=0.17s
.....[6288.246s][info][gc,start       ] GC(792) Pause Young (Normal) (G1 Evacuation Pause)
[6288.246s][info][gc,task        ] GC(792) Using 8 workers of 8 for evacuation
[6288.418s][info][gc,phases      ] GC(792)   Pre Evacuate Collection Set: 0.26ms
[6288.418s][info][gc,phases      ] GC(792)   Merge Heap Roots: 0.55ms
[6288.418s][info][gc,phases      ] GC(792)   Evacuate Collection Set: 169.63ms
[6288.418s][info][gc,phases      ] GC(792)   Post Evacuate Collection Set: 1.28ms
[6288.418s][info][gc,phases      ] GC(792)   Other: 0.06ms
[6288.418s][info][gc,heap        ] GC(792) Eden regions: 713->0(714)
[6288.418s][info][gc,heap        ] GC(792) Survivor regions: 55->54(96)
[6288.418s][info][gc,heap        ] GC(792) Old regions: 268->270
[6288.418s][info][gc,heap        ] GC(792) Humongous regions: 33->33
[6288.418s][info][gc,metaspace   ] GC(792) Metaspace: 35713K(37952K)->35713K(37952K) NonClass: 26709K(27008K)->26709K(27008K) Class: 9004K(10944K)->9004K(10944K)
[6288.418s][info][gc             ] GC(792) Pause Young (Normal) (G1 Evacuation Pause) 8512M->2825M(10240M) 171.929ms
[6288.418s][info][gc,cpu         ] GC(792) User=1.35s Sys=0.01s Real=0.17s
....[6292.619s][info][gc,start       ] GC(793) Pause Young (Normal) (G1 Evacuation Pause)
[6292.619s][info][gc,task        ] GC(793) Using 8 workers of 8 for evacuation
[6292.787s][info][gc,phases      ] GC(793)   Pre Evacuate Collection Set: 0.32ms
[6292.787s][info][gc,phases      ] GC(793)   Merge Heap Roots: 0.60ms
[6292.787s][info][gc,phases      ] GC(793)   Evacuate Collection Set: 165.18ms
[6292.787s][info][gc,phases      ] GC(793)   Post Evacuate Collection Set: 1.27ms
[6292.787s][info][gc,phases      ] GC(793)   Other: 0.06ms
[6292.787s][info][gc,heap        ] GC(793) Eden regions: 714->0(715)
[6292.787s][info][gc,heap        ] GC(793) Survivor regions: 54->53(96)
[6292.787s][info][gc,heap        ] GC(793) Old regions: 270->273
[6292.787s][info][gc,heap        ] GC(793) Humongous regions: 33->33
[6292.787s][info][gc,metaspace   ] GC(793) Metaspace: 35713K(37952K)->35713K(37952K) NonClass: 26709K(27008K)->26709K(27008K) Class: 9004K(10944K)->9004K(10944K)
[6292.787s][info][gc             ] GC(793) Pause Young (Normal) (G1 Evacuation Pause) 8537M->2840M(10240M) 167.580ms
[6292.787s][info][gc,cpu         ] GC(793) User=1.32s Sys=0.01s Real=0.17s
.....[6297.011s][info][gc,start       ] GC(794) Pause Young (Normal) (G1 Evacuation Pause)
[6297.011s][info][gc,task        ] GC(794) Using 8 workers of 8 for evacuation
[6297.177s][info][gc,phases      ] GC(794)   Pre Evacuate Collection Set: 0.29ms
[6297.177s][info][gc,phases      ] GC(794)   Merge Heap Roots: 0.61ms
[6297.177s][info][gc,phases      ] GC(794)   Evacuate Collection Set: 163.73ms
[6297.177s][info][gc,phases      ] GC(794)   Post Evacuate Collection Set: 1.29ms
[6297.177s][info][gc,phases      ] GC(794)   Other: 0.07ms
[6297.177s][info][gc,heap        ] GC(794) Eden regions: 715->0(715)
[6297.177s][info][gc,heap        ] GC(794) Survivor regions: 53->53(96)
[6297.177s][info][gc,heap        ] GC(794) Old regions: 273->276
[6297.177s][info][gc,heap        ] GC(794) Humongous regions: 33->33
[6297.177s][info][gc,metaspace   ] GC(794) Metaspace: 35713K(37952K)->35713K(37952K) NonClass: 26709K(27008K)->26709K(27008K) Class: 9004K(10944K)->9004K(10944K)
[6297.177s][info][gc             ] GC(794) Pause Young (Normal) (G1 Evacuation Pause) 8560M->2862M(10240M) 166.132ms
[6297.177s][info][gc,cpu         ] GC(794) User=1.31s Sys=0.00s Real=0.17s
....[6301.368s][info][gc,start       ] GC(795) Pause Young (Concurrent Start) (G1 Evacuation Pause)
[6301.368s][info][gc,task        ] GC(795) Using 8 workers of 8 for evacuation
[6301.532s][info][gc,phases      ] GC(795)   Pre Evacuate Collection Set: 0.33ms
[6301.532s][info][gc,phases      ] GC(795)   Merge Heap Roots: 0.57ms
[6301.532s][info][gc,phases      ] GC(795)   Evacuate Collection Set: 161.95ms
[6301.532s][info][gc,phases      ] GC(795)   Post Evacuate Collection Set: 1.25ms
[6301.532s][info][gc,phases      ] GC(795)   Other: 0.12ms
[6301.532s][info][gc,heap        ] GC(795) Eden regions: 715->0(714)
[6301.532s][info][gc,heap        ] GC(795) Survivor regions: 53->54(96)
[6301.532s][info][gc,heap        ] GC(795) Old regions: 276->279
[6301.532s][info][gc,heap        ] GC(795) Humongous regions: 33->33
[6301.532s][info][gc,metaspace   ] GC(795) Metaspace: 35713K(37952K)->35713K(37952K) NonClass: 26709K(27008K)->26709K(27008K) Class: 9004K(10944K)->9004K(10944K)
[6301.532s][info][gc             ] GC(795) Pause Young (Concurrent Start) (G1 Evacuation Pause) 8582M->2888M(10240M) 164.356ms
[6301.532s][info][gc,cpu         ] GC(795) User=1.29s Sys=0.00s Real=0.17s
[6301.532s][info][gc             ] GC(796) Concurrent Mark Cycle
[6301.532s][info][gc,marking     ] GC(796) Concurrent Scan Root Regions
[6301.960s][info][gc,marking     ] GC(796) Concurrent Scan Root Regions 427.821ms
[6301.960s][info][gc,marking     ] GC(796) Concurrent Mark
[6301.960s][info][gc,marking     ] GC(796) Concurrent Mark From Roots
[6301.960s][info][gc,task        ] GC(796) Using 2 workers of 2 for marking
..[6303.385s][info][gc,marking     ] GC(796) Concurrent Mark From Roots 1424.513ms
[6303.385s][info][gc,marking     ] GC(796) Concurrent Preclean
[6303.385s][info][gc,marking     ] GC(796) Concurrent Preclean 0.153ms
[6303.385s][info][gc,start       ] GC(796) Pause Remark
[6303.387s][info][gc             ] GC(796) Pause Remark 5024M->4832M(10240M) 1.727ms
[6303.387s][info][gc,cpu         ] GC(796) User=0.01s Sys=0.00s Real=0.00s
[6303.387s][info][gc,marking     ] GC(796) Concurrent Mark 1426.726ms
[6303.387s][info][gc,marking     ] GC(796) Concurrent Rebuild Remembered Sets and Scrub Regions
.[6304.146s][info][gc,marking     ] GC(796) Concurrent Rebuild Remembered Sets and Scrub Regions 758.601ms
[6304.146s][info][gc,start       ] GC(796) Pause Cleanup
[6304.146s][info][gc             ] GC(796) Pause Cleanup 5792M->5792M(10240M) 0.319ms
[6304.146s][info][gc,cpu         ] GC(796) User=0.00s Sys=0.00s Real=0.00s
[6304.146s][info][gc,marking     ] GC(796) Concurrent Clear Claimed Marks
[6304.146s][info][gc,marking     ] GC(796) Concurrent Clear Claimed Marks 0.049ms
[6304.146s][info][gc,marking     ] GC(796) Concurrent Cleanup for Next Mark
[6304.160s][info][gc,marking     ] GC(796) Concurrent Cleanup for Next Mark 13.952ms
[6304.160s][info][gc             ] GC(796) Concurrent Mark Cycle 2627.947ms
.[6305.910s][info][gc,start       ] GC(797) Pause Young (Prepare Mixed) (G1 Evacuation Pause)
[6305.910s][info][gc,task        ] GC(797) Using 8 workers of 8 for evacuation
[6306.083s][info][gc,phases      ] GC(797)   Pre Evacuate Collection Set: 0.28ms
[6306.083s][info][gc,phases      ] GC(797)   Merge Heap Roots: 0.90ms
[6306.083s][info][gc,phases      ] GC(797)   Evacuate Collection Set: 170.04ms
[6306.083s][info][gc,phases      ] GC(797)   Post Evacuate Collection Set: 1.35ms
[6306.083s][info][gc,phases      ] GC(797)   Other: 0.07ms
[6306.083s][info][gc,heap        ] GC(797) Eden regions: 714->0(713)
[6306.083s][info][gc,heap        ] GC(797) Survivor regions: 54->55(96)
[6306.083s][info][gc,heap        ] GC(797) Old regions: 255->257
[6306.083s][info][gc,heap        ] GC(797) Humongous regions: 33->33
[6306.083s][info][gc,metaspace   ] GC(797) Metaspace: 35713K(37952K)->35713K(37952K) NonClass: 26709K(27008K)->26709K(27008K) Class: 9004K(10944K)->9004K(10944K)
[6306.083s][info][gc             ] GC(797) Pause Young (Prepare Mixed) (G1 Evacuation Pause) 8408M->2728M(10240M) 172.790ms
[6306.083s][info][gc,cpu         ] GC(797) User=1.36s Sys=0.00s Real=0.18s
....[6310.064s][info][gc,start       ] GC(798) Pause Young (Mixed) (G1 Evacuation Pause)
[6310.064s][info][gc,task        ] GC(798) Using 8 workers of 8 for evacuation
[6310.236s][info][gc,phases      ] GC(798)   Pre Evacuate Collection Set: 0.35ms
[6310.236s][info][gc,phases      ] GC(798)   Merge Heap Roots: 0.90ms
[6310.236s][info][gc,phases      ] GC(798)   Evacuate Collection Set: 169.07ms
[6310.236s][info][gc,phases      ] GC(798)   Merge Optional Heap Roots: 0.11ms
[6310.236s][info][gc,phases      ] GC(798)   Evacuate Optional Collection Set: 0.56ms
[6310.236s][info][gc,phases      ] GC(798)   Post Evacuate Collection Set: 1.42ms
[6310.236s][info][gc,phases      ] GC(798)   Other: 0.08ms
[6310.236s][info][gc,heap        ] GC(798) Eden regions: 713->0(715)
[6310.236s][info][gc,heap        ] GC(798) Survivor regions: 55->53(96)
[6310.236s][info][gc,heap        ] GC(798) Old regions: 257->134
[6310.236s][info][gc,heap        ] GC(798) Humongous regions: 33->33
[6310.236s][info][gc,metaspace   ] GC(798) Metaspace: 35713K(37952K)->35713K(37952K) NonClass: 26709K(27008K)->26709K(27008K) Class: 9004K(10944K)->9004K(10944K)
[6310.237s][info][gc             ] GC(798) Pause Young (Mixed) (G1 Evacuation Pause) 8432M->1724M(10240M) 172.646ms
[6310.237s][info][gc,cpu         ] GC(798) User=1.36s Sys=0.00s Real=0.17s
.....[6314.355s][info][gc,start       ] GC(799) Pause Young (Mixed) (G1 Evacuation Pause)
[6314.355s][info][gc,task        ] GC(799) Using 8 workers of 8 for evacuation
[6314.520s][info][gc,phases      ] GC(799)   Pre Evacuate Collection Set: 0.26ms
[6314.520s][info][gc,phases      ] GC(799)   Merge Heap Roots: 0.59ms
[6314.520s][info][gc,phases      ] GC(799)   Evacuate Collection Set: 163.28ms
[6314.520s][info][gc,phases      ] GC(799)   Post Evacuate Collection Set: 1.20ms
[6314.520s][info][gc,phases      ] GC(799)   Other: 0.07ms
[6314.520s][info][gc,heap        ] GC(799) Eden regions: 715->0(715)
[6314.520s][info][gc,heap        ] GC(799) Survivor regions: 53->53(96)
[6314.520s][info][gc,heap        ] GC(799) Old regions: 134->133
[6314.520s][info][gc,heap        ] GC(799) Humongous regions: 33->33
[6314.520s][info][gc,metaspace   ] GC(799) Metaspace: 35713K(37952K)->35713K(37952K) NonClass: 26709K(27008K)->26709K(27008K) Class: 9004K(10944K)->9004K(10944K)
[6314.520s][info][gc             ] GC(799) Pause Young (Mixed) (G1 Evacuation Pause) 7444M->1719M(10240M) 165.519ms
[6314.520s][info][gc,cpu         ] GC(799) User=1.29s Sys=0.00s Real=0.16s
....[6318.816s][info][gc,start       ] GC(800) Pause Young (Normal) (G1 Evacuation Pause)
[6318.816s][info][gc,task        ] GC(800) Using 8 workers of 8 for evacuation
[6318.982s][info][gc,phases      ] GC(800)   Pre Evacuate Collection Set: 0.28ms
[6318.982s][info][gc,phases      ] GC(800)   Merge Heap Roots: 0.56ms
[6318.982s][info][gc,phases      ] GC(800)   Evacuate Collection Set: 163.36ms
[6318.982s][info][gc,phases      ] GC(800)   Post Evacuate Collection Set: 1.25ms
[6318.982s][info][gc,phases      ] GC(800)   Other: 0.07ms
[6318.982s][info][gc,heap        ] GC(800) Eden regions: 715->0(714)
[6318.982s][info][gc,heap        ] GC(800) Survivor regions: 53->54(96)
[6318.982s][info][gc,heap        ] GC(800) Old regions: 133->136
[6318.982s][info][gc,heap        ] GC(800) Humongous regions: 33->33
[6318.982s][info][gc,metaspace   ] GC(800) Metaspace: 35713K(37952K)->35713K(37952K) NonClass: 26709K(27008K)->26709K(27008K) Class: 9004K(10944K)->9004K(10944K)
[6318.982s][info][gc             ] GC(800) Pause Young (Normal) (G1 Evacuation Pause) 7439M->1749M(10240M) 165.653ms
[6318.982s][info][gc,cpu         ] GC(800) User=1.30s Sys=0.00s Real=0.16s
....[6323.173s][info][gc,start       ] GC(801) Pause Young (Normal) (G1 Evacuation Pause)
[6323.173s][info][gc,task        ] GC(801) Using 8 workers of 8 for evacuation
[6323.335s][info][gc,phases      ] GC(801)   Pre Evacuate Collection Set: 0.28ms
[6323.335s][info][gc,phases      ] GC(801)   Merge Heap Roots: 0.52ms
[6323.335s][info][gc,phases      ] GC(801)   Evacuate Collection Set: 160.09ms
[6323.335s][info][gc,phases      ] GC(801)   Post Evacuate Collection Set: 1.23ms
[6323.335s][info][gc,phases      ] GC(801)   Other: 0.07ms
[6323.335s][info][gc,heap        ] GC(801) Eden regions: 714->0(715)
[6323.335s][info][gc,heap        ] GC(801) Survivor regions: 54->53(96)
[6323.335s][info][gc,heap        ] GC(801) Old regions: 136->139
[6323.335s][info][gc,heap        ] GC(801) Humongous regions: 33->33
[6323.335s][info][gc,metaspace   ] GC(801) Metaspace: 35713K(37952K)->35713K(37952K) NonClass: 26709K(27008K)->26709K(27008K) Class: 9004K(10944K)->9004K(10944K)
[6323.335s][info][gc             ] GC(801) Pause Young (Normal) (G1 Evacuation Pause) 7461M->1768M(10240M) 162.312ms
[6323.335s][info][gc,cpu         ] GC(801) User=1.28s Sys=0.00s Real=0.16s
.....[6327.604s][info][gc,start       ] GC(802) Pause Young (Normal) (G1 Evacuation Pause)
[6327.604s][info][gc,task        ] GC(802) Using 8 workers of 8 for evacuation
[6327.769s][info][gc,phases      ] GC(802)   Pre Evacuate Collection Set: 0.29ms
[6327.769s][info][gc,phases      ] GC(802)   Merge Heap Roots: 0.56ms
[6327.769s][info][gc,phases      ] GC(802)   Evacuate Collection Set: 162.43ms
[6327.769s][info][gc,phases      ] GC(802)   Post Evacuate Collection Set: 1.26ms
[6327.769s][info][gc,phases      ] GC(802)   Other: 0.06ms
[6327.769s][info][gc,heap        ] GC(802) Eden regions: 715->0(715)
[6327.769s][info][gc,heap        ] GC(802) Survivor regions: 53->53(96)
[6327.769s][info][gc,heap        ] GC(802) Old regions: 139->142
[6327.769s][info][gc,heap        ] GC(802) Humongous regions: 33->33
[6327.769s][info][gc,metaspace   ] GC(802) Metaspace: 35713K(37952K)->35713K(37952K) NonClass: 26709K(27008K)->26709K(27008K) Class: 9004K(10944K)->9004K(10944K)
[6327.769s][info][gc             ] GC(802) Pause Young (Normal) (G1 Evacuation Pause) 7488M->1785M(10240M) 164.749ms
[6327.769s][info][gc,cpu         ] GC(802) User=1.30s Sys=0.00s Real=0.16s
....[6332.170s][info][gc,start       ] GC(803) Pause Young (Normal) (G1 Evacuation Pause)
[6332.170s][info][gc,task        ] GC(803) Using 8 workers of 8 for evacuation
[6332.338s][info][gc,phases      ] GC(803)   Pre Evacuate Collection Set: 0.28ms
[6332.338s][info][gc,phases      ] GC(803)   Merge Heap Roots: 0.58ms
[6332.338s][info][gc,phases      ] GC(803)   Evacuate Collection Set: 165.97ms
[6332.338s][info][gc,phases      ] GC(803)   Post Evacuate Collection Set: 1.25ms
[6332.338s][info][gc,phases      ] GC(803)   Other: 0.08ms
[6332.338s][info][gc,heap        ] GC(803) Eden regions: 715->0(714)
[6332.338s][info][gc,heap        ] GC(803) Survivor regions: 53->54(96)
[6332.338s][info][gc,heap        ] GC(803) Old regions: 142->144
[6332.338s][info][gc,heap        ] GC(803) Humongous regions: 33->33
[6332.338s][info][gc,metaspace   ] GC(803) Metaspace: 35713K(37952K)->35713K(37952K) NonClass: 26709K(27008K)->26709K(27008K) Class: 9004K(10944K)->9004K(10944K)
[6332.338s][info][gc             ] GC(803) Pause Young (Normal) (G1 Evacuation Pause) 7505M->1818M(10240M) 168.303ms
[6332.338s][info][gc,cpu         ] GC(803) User=1.33s Sys=0.00s Real=0.17s
.....[6336.595s][info][gc,start       ] GC(804) Pause Young (Normal) (G1 Evacuation Pause)
[6336.595s][info][gc,task        ] GC(804) Using 8 workers of 8 for evacuation
[6336.755s][info][gc,phases      ] GC(804)   Pre Evacuate Collection Set: 0.33ms
[6336.755s][info][gc,phases      ] GC(804)   Merge Heap Roots: 0.64ms
[6336.755s][info][gc,phases      ] GC(804)   Evacuate Collection Set: 157.61ms
[6336.755s][info][gc,phases      ] GC(804)   Post Evacuate Collection Set: 1.30ms
[6336.755s][info][gc,phases      ] GC(804)   Other: 0.07ms
[6336.755s][info][gc,heap        ] GC(804) Eden regions: 714->0(716)
[6336.755s][info][gc,heap        ] GC(804) Survivor regions: 54->52(96)
[6336.755s][info][gc,heap        ] GC(804) Old regions: 144->147
[6336.755s][info][gc,heap        ] GC(804) Humongous regions: 33->33
[6336.755s][info][gc,metaspace   ] GC(804) Metaspace: 35713K(37952K)->35713K(37952K) NonClass: 26709K(27008K)->26709K(27008K) Class: 9004K(10944K)->9004K(10944K)
[6336.755s][info][gc             ] GC(804) Pause Young (Normal) (G1 Evacuation Pause) 7530M->1823M(10240M) 160.087ms
[6336.755s][info][gc,cpu         ] GC(804) User=1.26s Sys=0.00s Real=0.16s
....[6341.075s][info][gc,start       ] GC(805) Pause Young (Normal) (G1 Evacuation Pause)
[6341.076s][info][gc,task        ] GC(805) Using 8 workers of 8 for evacuation
[6341.238s][info][gc,phases      ] GC(805)   Pre Evacuate Collection Set: 0.30ms
[6341.238s][info][gc,phases      ] GC(805)   Merge Heap Roots: 0.56ms
[6341.238s][info][gc,phases      ] GC(805)   Evacuate Collection Set: 160.50ms
[6341.238s][info][gc,phases      ] GC(805)   Post Evacuate Collection Set: 1.23ms
[6341.238s][info][gc,phases      ] GC(805)   Other: 0.07ms
[6341.238s][info][gc,heap        ] GC(805) Eden regions: 716->0(716)
[6341.238s][info][gc,heap        ] GC(805) Survivor regions: 52->52(96)
[6341.238s][info][gc,heap        ] GC(805) Old regions: 147->150
[6341.238s][info][gc,heap        ] GC(805) Humongous regions: 33->33
[6341.238s][info][gc,metaspace   ] GC(805) Metaspace: 35713K(37952K)->35713K(37952K) NonClass: 26709K(27008K)->26709K(27008K) Class: 9004K(10944K)->9004K(10944K)
[6341.238s][info][gc             ] GC(805) Pause Young (Normal) (G1 Evacuation Pause) 7551M->1845M(10240M) 162.802ms
[6341.238s][info][gc,cpu         ] GC(805) User=1.28s Sys=0.00s Real=0.16s
. (rIR:aIR:PR = 10793:10894:10887) (tPR = 162482) [OK] 
  6341s: Performance info:
         Transaction,    Success,    Partial,     Failed,   Receipts, AvgBarcode, 
             Overall,     843882,          0,          0,     801964,      59.47, 
         Response times:
             Request,    Success,    Partial,     Failed,   SkipFail,     Probes,    Samples,      min,      p50,      p90,      p95,      p99,      max, 
       TotalPurchase,     802465,          0,          0,          0,     457185,     561414,      300,    10500,    75000,   119000,   202000,  3100000,
     InStorePurchase,     422700,          0,          0,          0,     239807,     294304,      300,    10400,    76000,   121000,   212000,  3100000,
      OnlinePurchase,     296082,          0,          0,          0,     168118,     206491,      300,    10600,    74000,   118000,   198000,  3100000,
        InstPurchase,      83683,          0,          0,          0,      49260,      60619,      400,    10400,    75000,   117000,   194000,  2300000,
          AssocOfCat,        838,          0,          0,          0,        694,        998,    34000,    67000,   137100,   193100,   300000,   573000,
      AssocOfProduct,       8315,          0,          0,          0,       4870,       6221,     1000,    11700,    80000,   124000,   193780,   660000,
      BusinessReport,       2093,          0,          0,          0,       1832,       2404,    37000,    78000,   152000,   207000,   276950,  3100000,
          CustBuyBeh,       8411,          0,          0,          0,       4903,       6330,      300,     9300,    71000,   117000,   183690,   620000,
       ProductReturn,      22278,          0,          0,          0,      12072,      15237,      200,    10000,    72000,   115000,   192000,  1700000,

  6341s: (79%)   IR =  10931 ...[6345.573s][info][gc,start       ] GC(806) Pause Young (Normal) (G1 Evacuation Pause)
[6345.573s][info][gc,task        ] GC(806) Using 8 workers of 8 for evacuation
[6345.738s][info][gc,phases      ] GC(806)   Pre Evacuate Collection Set: 0.30ms
[6345.738s][info][gc,phases      ] GC(806)   Merge Heap Roots: 0.62ms
[6345.738s][info][gc,phases      ] GC(806)   Evacuate Collection Set: 163.19ms
[6345.738s][info][gc,phases      ] GC(806)   Post Evacuate Collection Set: 1.27ms
[6345.738s][info][gc,phases      ] GC(806)   Other: 0.07ms
[6345.738s][info][gc,heap        ] GC(806) Eden regions: 716->0(715)
[6345.738s][info][gc,heap        ] GC(806) Survivor regions: 52->53(96)
[6345.738s][info][gc,heap        ] GC(806) Old regions: 150->152
[6345.738s][info][gc,heap        ] GC(806) Humongous regions: 33->33
[6345.738s][info][gc,metaspace   ] GC(806) Metaspace: 35715K(37952K)->35715K(37952K) NonClass: 26711K(27008K)->26711K(27008K) Class: 9004K(10944K)->9004K(10944K)
[6345.738s][info][gc             ] GC(806) Pause Young (Normal) (G1 Evacuation Pause) 7573M->1875M(10240M) 165.589ms
[6345.738s][info][gc,cpu         ] GC(806) User=1.30s Sys=0.00s Real=0.16s
.....[6349.904s][info][gc,start       ] GC(807) Pause Young (Normal) (G1 Evacuation Pause)
[6349.904s][info][gc,task        ] GC(807) Using 8 workers of 8 for evacuation
[6350.069s][info][gc,phases      ] GC(807)   Pre Evacuate Collection Set: 0.31ms
[6350.069s][info][gc,phases      ] GC(807)   Merge Heap Roots: 0.66ms
[6350.069s][info][gc,phases      ] GC(807)   Evacuate Collection Set: 162.66ms
[6350.069s][info][gc,phases      ] GC(807)   Post Evacuate Collection Set: 1.23ms
[6350.069s][info][gc,phases      ] GC(807)   Other: 0.06ms
[6350.069s][info][gc,heap        ] GC(807) Eden regions: 715->0(715)
[6350.069s][info][gc,heap        ] GC(807) Survivor regions: 53->53(96)
[6350.069s][info][gc,heap        ] GC(807) Old regions: 152->155
[6350.069s][info][gc,heap        ] GC(807) Humongous regions: 33->33
[6350.069s][info][gc,metaspace   ] GC(807) Metaspace: 35715K(37952K)->35715K(37952K) NonClass: 26711K(27008K)->26711K(27008K) Class: 9004K(10944K)->9004K(10944K)
[6350.070s][info][gc             ] GC(807) Pause Young (Normal) (G1 Evacuation Pause) 7595M->1897M(10240M) 165.074ms
[6350.070s][info][gc,cpu         ] GC(807) User=1.30s Sys=0.00s Real=0.16s
....[6354.343s][info][gc,start       ] GC(808) Pause Young (Normal) (G1 Evacuation Pause)
[6354.343s][info][gc,task        ] GC(808) Using 8 workers of 8 for evacuation
[6354.507s][info][gc,phases      ] GC(808)   Pre Evacuate Collection Set: 0.29ms
[6354.508s][info][gc,phases      ] GC(808)   Merge Heap Roots: 0.56ms
[6354.508s][info][gc,phases      ] GC(808)   Evacuate Collection Set: 162.76ms
[6354.508s][info][gc,phases      ] GC(808)   Post Evacuate Collection Set: 1.20ms
[6354.508s][info][gc,phases      ] GC(808)   Other: 0.06ms
[6354.508s][info][gc,heap        ] GC(808) Eden regions: 715->0(715)
[6354.508s][info][gc,heap        ] GC(808) Survivor regions: 53->53(96)
[6354.508s][info][gc,heap        ] GC(808) Old regions: 155->158
[6354.508s][info][gc,heap        ] GC(808) Humongous regions: 33->33
[6354.508s][info][gc,metaspace   ] GC(808) Metaspace: 35715K(37952K)->35715K(37952K) NonClass: 26711K(27008K)->26711K(27008K) Class: 9004K(10944K)->9004K(10944K)
[6354.508s][info][gc             ] GC(808) Pause Young (Normal) (G1 Evacuation Pause) 7617M->1916M(10240M) 165.004ms
[6354.508s][info][gc,cpu         ] GC(808) User=1.30s Sys=0.00s Real=0.16s
....[6358.559s][info][gc,start       ] GC(809) Pause Young (Normal) (G1 Evacuation Pause)
[6358.559s][info][gc,task        ] GC(809) Using 8 workers of 8 for evacuation
[6358.725s][info][gc,phases      ] GC(809)   Pre Evacuate Collection Set: 0.28ms
[6358.725s][info][gc,phases      ] GC(809)   Merge Heap Roots: 0.57ms
[6358.725s][info][gc,phases      ] GC(809)   Evacuate Collection Set: 163.83ms
[6358.725s][info][gc,phases      ] GC(809)   Post Evacuate Collection Set: 1.26ms
[6358.725s][info][gc,phases      ] GC(809)   Other: 0.07ms
[6358.725s][info][gc,heap        ] GC(809) Eden regions: 715->0(714)
[6358.725s][info][gc,heap        ] GC(809) Survivor regions: 53->54(96)
[6358.725s][info][gc,heap        ] GC(809) Old regions: 158->161
[6358.725s][info][gc,heap        ] GC(809) Humongous regions: 33->33
[6358.725s][info][gc,metaspace   ] GC(809) Metaspace: 35715K(37952K)->35715K(37952K) NonClass: 26711K(27008K)->26711K(27008K) Class: 9004K(10944K)->9004K(10944K)
[6358.725s][info][gc             ] GC(809) Pause Young (Normal) (G1 Evacuation Pause) 7636M->1945M(10240M) 166.135ms
[6358.725s][info][gc,cpu         ] GC(809) User=1.31s Sys=0.00s Real=0.17s
.....[6363.027s][info][gc,start       ] GC(810) Pause Young (Normal) (G1 Evacuation Pause)
[6363.027s][info][gc,task        ] GC(810) Using 8 workers of 8 for evacuation
[6363.196s][info][gc,phases      ] GC(810)   Pre Evacuate Collection Set: 0.30ms
[6363.196s][info][gc,phases      ] GC(810)   Merge Heap Roots: 0.58ms
[6363.196s][info][gc,phases      ] GC(810)   Evacuate Collection Set: 166.97ms
[6363.196s][info][gc,phases      ] GC(810)   Post Evacuate Collection Set: 1.27ms
[6363.196s][info][gc,phases      ] GC(810)   Other: 0.08ms
[6363.196s][info][gc,heap        ] GC(810) Eden regions: 714->0(714)
[6363.196s][info][gc,heap        ] GC(810) Survivor regions: 54->54(96)
[6363.196s][info][gc,heap        ] GC(810) Old regions: 161->163
[6363.196s][info][gc,heap        ] GC(810) Humongous regions: 33->33
[6363.196s][info][gc,metaspace   ] GC(810) Metaspace: 35715K(37952K)->35715K(37952K) NonClass: 26711K(27008K)->26711K(27008K) Class: 9004K(10944K)->9004K(10944K)
[6363.196s][info][gc             ] GC(810) Pause Young (Normal) (G1 Evacuation Pause) 7657M->1971M(10240M) 169.357ms
[6363.196s][info][gc,cpu         ] GC(810) User=1.33s Sys=0.00s Real=0.17s
....[6367.382s][info][gc,start       ] GC(811) Pause Young (Normal) (G1 Evacuation Pause)
[6367.382s][info][gc,task        ] GC(811) Using 8 workers of 8 for evacuation
[6367.548s][info][gc,phases      ] GC(811)   Pre Evacuate Collection Set: 0.29ms
[6367.548s][info][gc,phases      ] GC(811)   Merge Heap Roots: 0.56ms
[6367.548s][info][gc,phases      ] GC(811)   Evacuate Collection Set: 164.07ms
[6367.548s][info][gc,phases      ] GC(811)   Post Evacuate Collection Set: 1.25ms
[6367.548s][info][gc,phases      ] GC(811)   Other: 0.06ms
[6367.548s][info][gc,heap        ] GC(811) Eden regions: 714->0(715)
[6367.548s][info][gc,heap        ] GC(811) Survivor regions: 54->53(96)
[6367.548s][info][gc,heap        ] GC(811) Old regions: 163->166
[6367.548s][info][gc,heap        ] GC(811) Humongous regions: 33->33
[6367.548s][info][gc,metaspace   ] GC(811) Metaspace: 35715K(37952K)->35715K(37952K) NonClass: 26711K(27008K)->26711K(27008K) Class: 9004K(10944K)->9004K(10944K)
[6367.548s][info][gc             ] GC(811) Pause Young (Normal) (G1 Evacuation Pause) 7683M->1984M(10240M) 166.351ms
[6367.548s][info][gc,cpu         ] GC(811) User=1.30s Sys=0.00s Real=0.16s
...|..[6371.811s][info][gc,start       ] GC(812) Pause Young (Normal) (G1 Evacuation Pause)
[6371.811s][info][gc,task        ] GC(812) Using 8 workers of 8 for evacuation
[6371.976s][info][gc,phases      ] GC(812)   Pre Evacuate Collection Set: 0.28ms
[6371.977s][info][gc,phases      ] GC(812)   Merge Heap Roots: 0.53ms
[6371.977s][info][gc,phases      ] GC(812)   Evacuate Collection Set: 163.21ms
[6371.977s][info][gc,phases      ] GC(812)   Post Evacuate Collection Set: 1.25ms
[6371.977s][info][gc,phases      ] GC(812)   Other: 0.07ms
[6371.977s][info][gc,heap        ] GC(812) Eden regions: 715->0(714)
[6371.977s][info][gc,heap        ] GC(812) Survivor regions: 53->54(96)
[6371.977s][info][gc,heap        ] GC(812) Old regions: 166->169
[6371.977s][info][gc,heap        ] GC(812) Humongous regions: 33->33
[6371.977s][info][gc,metaspace   ] GC(812) Metaspace: 35715K(37952K)->35715K(37952K) NonClass: 26711K(27008K)->26711K(27008K) Class: 9004K(10944K)->9004K(10944K)
[6371.977s][info][gc             ] GC(812) Pause Young (Normal) (G1 Evacuation Pause) 7704M->2012M(10240M) 165.481ms
[6371.977s][info][gc,cpu         ] GC(812) User=1.30s Sys=0.00s Real=0.17s
....[6376.296s][info][gc,start       ] GC(813) Pause Young (Normal) (G1 Evacuation Pause)
[6376.296s][info][gc,task        ] GC(813) Using 8 workers of 8 for evacuation
[6376.453s][info][gc,phases      ] GC(813)   Pre Evacuate Collection Set: 0.29ms
[6376.453s][info][gc,phases      ] GC(813)   Merge Heap Roots: 0.58ms
[6376.453s][info][gc,phases      ] GC(813)   Evacuate Collection Set: 155.16ms
[6376.453s][info][gc,phases      ] GC(813)   Post Evacuate Collection Set: 1.23ms
[6376.453s][info][gc,phases      ] GC(813)   Other: 0.07ms
[6376.453s][info][gc,heap        ] GC(813) Eden regions: 714->0(716)
[6376.453s][info][gc,heap        ] GC(813) Survivor regions: 54->52(96)
[6376.453s][info][gc,heap        ] GC(813) Old regions: 169->172
[6376.453s][info][gc,heap        ] GC(813) Humongous regions: 33->33
[6376.453s][info][gc,metaspace   ] GC(813) Metaspace: 35715K(37952K)->35715K(37952K) NonClass: 26711K(27008K)->26711K(27008K) Class: 9004K(10944K)->9004K(10944K)
[6376.453s][info][gc             ] GC(813) Pause Young (Normal) (G1 Evacuation Pause) 7724M->2018M(10240M) 157.454ms
[6376.453s][info][gc,cpu         ] GC(813) User=1.24s Sys=0.00s Real=0.16s
....[6380.558s][info][gc,start       ] GC(814) Pause Young (Normal) (G1 Evacuation Pause)
[6380.558s][info][gc,task        ] GC(814) Using 8 workers of 8 for evacuation
[6380.719s][info][gc,phases      ] GC(814)   Pre Evacuate Collection Set: 0.27ms
[6380.719s][info][gc,phases      ] GC(814)   Merge Heap Roots: 0.54ms
[6380.719s][info][gc,phases      ] GC(814)   Evacuate Collection Set: 159.19ms
[6380.719s][info][gc,phases      ] GC(814)   Post Evacuate Collection Set: 1.26ms
[6380.719s][info][gc,phases      ] GC(814)   Other: 0.06ms
[6380.719s][info][gc,heap        ] GC(814) Eden regions: 716->0(715)
[6380.719s][info][gc,heap        ] GC(814) Survivor regions: 52->53(96)
[6380.719s][info][gc,heap        ] GC(814) Old regions: 172->175
[6380.719s][info][gc,heap        ] GC(814) Humongous regions: 33->33
[6380.719s][info][gc,metaspace   ] GC(814) Metaspace: 35715K(37952K)->35715K(37952K) NonClass: 26711K(27008K)->26711K(27008K) Class: 9004K(10944K)->9004K(10944K)
[6380.719s][info][gc             ] GC(814) Pause Young (Normal) (G1 Evacuation Pause) 7746M->2049M(10240M) 161.480ms
[6380.719s][info][gc,cpu         ] GC(814) User=1.27s Sys=0.00s Real=0.16s
.....[6384.939s][info][gc,start       ] GC(815) Pause Young (Normal) (G1 Evacuation Pause)
[6384.939s][info][gc,task        ] GC(815) Using 8 workers of 8 for evacuation
[6385.103s][info][gc,phases      ] GC(815)   Pre Evacuate Collection Set: 0.31ms
[6385.103s][info][gc,phases      ] GC(815)   Merge Heap Roots: 0.68ms
[6385.103s][info][gc,phases      ] GC(815)   Evacuate Collection Set: 161.73ms
[6385.103s][info][gc,phases      ] GC(815)   Post Evacuate Collection Set: 1.24ms
[6385.103s][info][gc,phases      ] GC(815)   Other: 0.07ms
[6385.103s][info][gc,heap        ] GC(815) Eden regions: 715->0(715)
[6385.103s][info][gc,heap        ] GC(815) Survivor regions: 53->53(96)
[6385.103s][info][gc,heap        ] GC(815) Old regions: 175->177
[6385.103s][info][gc,heap        ] GC(815) Humongous regions: 33->33
[6385.103s][info][gc,metaspace   ] GC(815) Metaspace: 35715K(37952K)->35715K(37952K) NonClass: 26711K(27008K)->26711K(27008K) Class: 9004K(10944K)->9004K(10944K)
[6385.103s][info][gc             ] GC(815) Pause Young (Normal) (G1 Evacuation Pause) 7769M->2070M(10240M) 164.168ms
[6385.103s][info][gc,cpu         ] GC(815) User=1.28s Sys=0.00s Real=0.17s
....[6389.469s][info][gc,start       ] GC(816) Pause Young (Normal) (G1 Evacuation Pause)
[6389.469s][info][gc,task        ] GC(816) Using 8 workers of 8 for evacuation
[6389.631s][info][gc,phases      ] GC(816)   Pre Evacuate Collection Set: 0.29ms
[6389.631s][info][gc,phases      ] GC(816)   Merge Heap Roots: 0.62ms
[6389.631s][info][gc,phases      ] GC(816)   Evacuate Collection Set: 160.19ms
[6389.631s][info][gc,phases      ] GC(816)   Post Evacuate Collection Set: 1.28ms
[6389.631s][info][gc,phases      ] GC(816)   Other: 0.08ms
[6389.631s][info][gc,heap        ] GC(816) Eden regions: 715->0(716)
[6389.631s][info][gc,heap        ] GC(816) Survivor regions: 53->52(96)
[6389.631s][info][gc,heap        ] GC(816) Old regions: 177->180
[6389.631s][info][gc,heap        ] GC(816) Humongous regions: 33->33
[6389.631s][info][gc,metaspace   ] GC(816) Metaspace: 35715K(37952K)->35715K(37952K) NonClass: 26711K(27008K)->26711K(27008K) Class: 9004K(10944K)->9004K(10944K)
[6389.632s][info][gc             ] GC(816) Pause Young (Normal) (G1 Evacuation Pause) 7790M->2084M(10240M) 162.591ms
[6389.632s][info][gc,cpu         ] GC(816) User=1.28s Sys=0.00s Real=0.16s
.....[6393.862s][info][gc,start       ] GC(817) Pause Young (Normal) (G1 Evacuation Pause)
[6393.862s][info][gc,task        ] GC(817) Using 8 workers of 8 for evacuation
[6394.030s][info][gc,phases      ] GC(817)   Pre Evacuate Collection Set: 0.31ms
[6394.030s][info][gc,phases      ] GC(817)   Merge Heap Roots: 0.57ms
[6394.030s][info][gc,phases      ] GC(817)   Evacuate Collection Set: 165.03ms
[6394.030s][info][gc,phases      ] GC(817)   Post Evacuate Collection Set: 1.31ms
[6394.030s][info][gc,phases      ] GC(817)   Other: 0.08ms
[6394.030s][info][gc,heap        ] GC(817) Eden regions: 716->0(714)
[6394.030s][info][gc,heap        ] GC(817) Survivor regions: 52->54(96)
[6394.030s][info][gc,heap        ] GC(817) Old regions: 180->183
[6394.030s][info][gc,heap        ] GC(817) Humongous regions: 33->33
[6394.030s][info][gc,metaspace   ] GC(817) Metaspace: 35715K(37952K)->35715K(37952K) NonClass: 26711K(27008K)->26711K(27008K) Class: 9004K(10944K)->9004K(10944K)
[6394.030s][info][gc             ] GC(817) Pause Young (Normal) (G1 Evacuation Pause) 7812M->2122M(10240M) 167.433ms
[6394.030s][info][gc,cpu         ] GC(817) User=1.31s Sys=0.00s Real=0.16s
....[6398.196s][info][gc,start       ] GC(818) Pause Young (Normal) (G1 Evacuation Pause)
[6398.196s][info][gc,task        ] GC(818) Using 8 workers of 8 for evacuation
[6398.360s][info][gc,phases      ] GC(818)   Pre Evacuate Collection Set: 0.31ms
[6398.360s][info][gc,phases      ] GC(818)   Merge Heap Roots: 0.59ms
[6398.360s][info][gc,phases      ] GC(818)   Evacuate Collection Set: 161.84ms
[6398.360s][info][gc,phases      ] GC(818)   Post Evacuate Collection Set: 1.26ms
[6398.360s][info][gc,phases      ] GC(818)   Other: 0.07ms
[6398.360s][info][gc,heap        ] GC(818) Eden regions: 714->0(715)
[6398.360s][info][gc,heap        ] GC(818) Survivor regions: 54->53(96)
[6398.360s][info][gc,heap        ] GC(818) Old regions: 183->185
[6398.360s][info][gc,heap        ] GC(818) Humongous regions: 33->33
[6398.360s][info][gc,metaspace   ] GC(818) Metaspace: 35715K(37952K)->35715K(37952K) NonClass: 26711K(27008K)->26711K(27008K) Class: 9004K(10944K)->9004K(10944K)
[6398.360s][info][gc             ] GC(818) Pause Young (Normal) (G1 Evacuation Pause) 7834M->2136M(10240M) 164.196ms
[6398.360s][info][gc,cpu         ] GC(818) User=1.29s Sys=0.00s Real=0.16s
....[6402.570s][info][gc,start       ] GC(819) Pause Young (Normal) (G1 Evacuation Pause)
[6402.570s][info][gc,task        ] GC(819) Using 8 workers of 8 for evacuation
[6402.737s][info][gc,phases      ] GC(819)   Pre Evacuate Collection Set: 0.33ms
[6402.737s][info][gc,phases      ] GC(819)   Merge Heap Roots: 0.73ms
[6402.737s][info][gc,phases      ] GC(819)   Evacuate Collection Set: 164.44ms
[6402.737s][info][gc,phases      ] GC(819)   Post Evacuate Collection Set: 1.27ms
[6402.737s][info][gc,phases      ] GC(819)   Other: 0.07ms
[6402.737s][info][gc,heap        ] GC(819) Eden regions: 715->0(715)
[6402.737s][info][gc,heap        ] GC(819) Survivor regions: 53->53(96)
[6402.737s][info][gc,heap        ] GC(819) Old regions: 185->188
[6402.737s][info][gc,heap        ] GC(819) Humongous regions: 33->33
[6402.737s][info][gc,metaspace   ] GC(819) Metaspace: 35715K(37952K)->35715K(37952K) NonClass: 26711K(27008K)->26711K(27008K) Class: 9004K(10944K)->9004K(10944K)
[6402.737s][info][gc             ] GC(819) Pause Young (Normal) (G1 Evacuation Pause) 7856M->2161M(10240M) 166.983ms
[6402.737s][info][gc,cpu         ] GC(819) User=1.31s Sys=0.00s Real=0.17s
.....[6407.040s][info][gc,start       ] GC(820) Pause Young (Normal) (G1 Evacuation Pause)
[6407.041s][info][gc,task        ] GC(820) Using 8 workers of 8 for evacuation
[6407.205s][info][gc,phases      ] GC(820)   Pre Evacuate Collection Set: 0.30ms
[6407.205s][info][gc,phases      ] GC(820)   Merge Heap Roots: 0.57ms
[6407.205s][info][gc,phases      ] GC(820)   Evacuate Collection Set: 162.58ms
[6407.205s][info][gc,phases      ] GC(820)   Post Evacuate Collection Set: 1.27ms
[6407.205s][info][gc,phases      ] GC(820)   Other: 0.06ms
[6407.205s][info][gc,heap        ] GC(820) Eden regions: 715->0(715)
[6407.205s][info][gc,heap        ] GC(820) Survivor regions: 53->53(96)
[6407.205s][info][gc,heap        ] GC(820) Old regions: 188->191
[6407.205s][info][gc,heap        ] GC(820) Humongous regions: 33->33
[6407.205s][info][gc,metaspace   ] GC(820) Metaspace: 35715K(37952K)->35715K(37952K) NonClass: 26711K(27008K)->26711K(27008K) Class: 9004K(10944K)->9004K(10944K)
[6407.205s][info][gc             ] GC(820) Pause Young (Normal) (G1 Evacuation Pause) 7881M->2182M(10240M) 164.920ms
[6407.205s][info][gc,cpu         ] GC(820) User=1.30s Sys=0.00s Real=0.17s
....[6411.490s][info][gc,start       ] GC(821) Pause Young (Normal) (G1 Evacuation Pause)
[6411.490s][info][gc,task        ] GC(821) Using 8 workers of 8 for evacuation
[6411.653s][info][gc,phases      ] GC(821)   Pre Evacuate Collection Set: 0.30ms
[6411.653s][info][gc,phases      ] GC(821)   Merge Heap Roots: 0.58ms
[6411.653s][info][gc,phases      ] GC(821)   Evacuate Collection Set: 161.17ms
[6411.653s][info][gc,phases      ] GC(821)   Post Evacuate Collection Set: 1.26ms
[6411.653s][info][gc,phases      ] GC(821)   Other: 0.07ms
[6411.653s][info][gc,heap        ] GC(821) Eden regions: 715->0(715)
[6411.653s][info][gc,heap        ] GC(821) Survivor regions: 53->53(96)
[6411.653s][info][gc,heap        ] GC(821) Old regions: 191->193
[6411.653s][info][gc,heap        ] GC(821) Humongous regions: 33->33
[6411.653s][info][gc,metaspace   ] GC(821) Metaspace: 35715K(37952K)->35715K(37952K) NonClass: 26711K(27008K)->26711K(27008K) Class: 9004K(10944K)->9004K(10944K)
[6411.653s][info][gc             ] GC(821) Pause Young (Normal) (G1 Evacuation Pause) 7902M->2200M(10240M) 163.535ms
[6411.653s][info][gc,cpu         ] GC(821) User=1.29s Sys=0.00s Real=0.17s
.....[6415.952s][info][gc,start       ] GC(822) Pause Young (Normal) (G1 Evacuation Pause)
[6415.952s][info][gc,task        ] GC(822) Using 8 workers of 8 for evacuation
[6416.118s][info][gc,phases      ] GC(822)   Pre Evacuate Collection Set: 0.30ms
[6416.118s][info][gc,phases      ] GC(822)   Merge Heap Roots: 0.57ms
[6416.118s][info][gc,phases      ] GC(822)   Evacuate Collection Set: 163.44ms
[6416.118s][info][gc,phases      ] GC(822)   Post Evacuate Collection Set: 1.32ms
[6416.118s][info][gc,phases      ] GC(822)   Other: 0.07ms
[6416.118s][info][gc,heap        ] GC(822) Eden regions: 715->0(714)
[6416.118s][info][gc,heap        ] GC(822) Survivor regions: 53->54(96)
[6416.118s][info][gc,heap        ] GC(822) Old regions: 193->196
[6416.118s][info][gc,heap        ] GC(822) Humongous regions: 33->33
[6416.118s][info][gc,metaspace   ] GC(822) Metaspace: 35715K(37952K)->35715K(37952K) NonClass: 26711K(27008K)->26711K(27008K) Class: 9004K(10944K)->9004K(10944K)
[6416.118s][info][gc             ] GC(822) Pause Young (Normal) (G1 Evacuation Pause) 7920M->2234M(10240M) 165.831ms
[6416.118s][info][gc,cpu         ] GC(822) User=1.30s Sys=0.00s Real=0.16s
....[6420.376s][info][gc,start       ] GC(823) Pause Young (Normal) (G1 Evacuation Pause)
[6420.376s][info][gc,task        ] GC(823) Using 8 workers of 8 for evacuation
[6420.538s][info][gc,phases      ] GC(823)   Pre Evacuate Collection Set: 0.30ms
[6420.538s][info][gc,phases      ] GC(823)   Merge Heap Roots: 0.61ms
[6420.538s][info][gc,phases      ] GC(823)   Evacuate Collection Set: 159.36ms
[6420.538s][info][gc,phases      ] GC(823)   Post Evacuate Collection Set: 1.30ms
[6420.538s][info][gc,phases      ] GC(823)   Other: 0.07ms
[6420.538s][info][gc,heap        ] GC(823) Eden regions: 714->0(715)
[6420.538s][info][gc,heap        ] GC(823) Survivor regions: 54->53(96)
[6420.538s][info][gc,heap        ] GC(823) Old regions: 196->199
[6420.538s][info][gc,heap        ] GC(823) Humongous regions: 33->33
[6420.538s][info][gc,metaspace   ] GC(823) Metaspace: 35715K(37952K)->35715K(37952K) NonClass: 26711K(27008K)->26711K(27008K) Class: 9004K(10944K)->9004K(10944K)
[6420.538s][info][gc             ] GC(823) Pause Young (Normal) (G1 Evacuation Pause) 7946M->2244M(10240M) 161.773ms
[6420.538s][info][gc,cpu         ] GC(823) User=1.28s Sys=0.00s Real=0.16s
....[6424.768s][info][gc,start       ] GC(824) Pause Young (Normal) (G1 Evacuation Pause)
[6424.768s][info][gc,task        ] GC(824) Using 8 workers of 8 for evacuation
[6424.928s][info][gc,phases      ] GC(824)   Pre Evacuate Collection Set: 0.29ms
[6424.928s][info][gc,phases      ] GC(824)   Merge Heap Roots: 0.54ms
[6424.928s][info][gc,phases      ] GC(824)   Evacuate Collection Set: 158.42ms
[6424.928s][info][gc,phases      ] GC(824)   Post Evacuate Collection Set: 1.26ms
[6424.928s][info][gc,phases      ] GC(824)   Other: 0.08ms
[6424.928s][info][gc,heap        ] GC(824) Eden regions: 715->0(716)
[6424.928s][info][gc,heap        ] GC(824) Survivor regions: 53->52(96)
[6424.928s][info][gc,heap        ] GC(824) Old regions: 199->202
[6424.928s][info][gc,heap        ] GC(824) Humongous regions: 33->33
[6424.928s][info][gc,metaspace   ] GC(824) Metaspace: 35715K(37952K)->35715K(37952K) NonClass: 26711K(27008K)->26711K(27008K) Class: 9004K(10944K)->9004K(10944K)
[6424.928s][info][gc             ] GC(824) Pause Young (Normal) (G1 Evacuation Pause) 7964M->2262M(10240M) 160.727ms
[6424.928s][info][gc,cpu         ] GC(824) User=1.26s Sys=0.00s Real=0.16s
.....[6429.315s][info][gc,start       ] GC(825) Pause Young (Normal) (G1 Evacuation Pause)
[6429.315s][info][gc,task        ] GC(825) Using 8 workers of 8 for evacuation
[6429.474s][info][gc,phases      ] GC(825)   Pre Evacuate Collection Set: 0.30ms
[6429.474s][info][gc,phases      ] GC(825)   Merge Heap Roots: 0.56ms
[6429.474s][info][gc,phases      ] GC(825)   Evacuate Collection Set: 156.45ms
[6429.474s][info][gc,phases      ] GC(825)   Post Evacuate Collection Set: 1.31ms
[6429.474s][info][gc,phases      ] GC(825)   Other: 0.07ms
[6429.474s][info][gc,heap        ] GC(825) Eden regions: 716->0(717)
[6429.474s][info][gc,heap        ] GC(825) Survivor regions: 52->51(96)
[6429.474s][info][gc,heap        ] GC(825) Old regions: 202->204
[6429.474s][info][gc,heap        ] GC(825) Humongous regions: 33->33
[6429.474s][info][gc,metaspace   ] GC(825) Metaspace: 35715K(37952K)->35715K(37952K) NonClass: 26711K(27008K)->26711K(27008K) Class: 9004K(10944K)->9004K(10944K)
[6429.474s][info][gc             ] GC(825) Pause Young (Normal) (G1 Evacuation Pause) 7990M->2275M(10240M) 158.819ms
[6429.474s][info][gc,cpu         ] GC(825) User=1.25s Sys=0.00s Real=0.16s
. (rIR:aIR:PR = 10931:10852:10843) (tPR = 159841) [OK] 
  6430s: Performance info:
         Transaction,    Success,    Partial,     Failed,   Receipts, AvgBarcode, 
             Overall,     652494,          0,          0,     619643,      59.48, 
         Response times:
             Request,    Success,    Partial,     Failed,   SkipFail,     Probes,    Samples,      min,      p50,      p90,      p95,      p99,      max, 
       TotalPurchase,     620206,          0,          0,          0,     356837,     531467,      300,    10200,    60000,    92000,   163000,   970000,
     InStorePurchase,     328118,          0,          0,          0,     187713,     279102,      300,    10200,    60000,    91000,   164000,   920000,
      OnlinePurchase,     226570,          0,          0,          0,     131214,     195663,      400,    10200,    60000,    93000,   163000,   970000,
        InstPurchase,      65518,          0,          0,          0,      37910,      56702,      400,    10100,    59000,    91000,   153000,   930000,
          AssocOfCat,        657,          0,          0,          0,        538,        912,    31000,    67000,   122000,   153700,   221870,   263000,
      AssocOfProduct,       6544,          0,          0,          0,       3807,       5985,      400,    10800,    55000,    84000,   135000,   640000,
      BusinessReport,       1650,          0,          0,          0,       1476,       2376,    34000,    79000,   141000,   171000,   239230,   586000,
          CustBuyBeh,       6572,          0,          0,          0,       3848,       6012,      300,    10200,    57000,    85350,   139000,   920000,
       ProductReturn,      17411,          0,          0,          0,       9741,      14851,      300,     9400,    57000,    84000,   140000,   920000,

  6430s: (80%)   IR =  11070 ...[6433.635s][info][gc,start       ] GC(826) Pause Young (Normal) (G1 Evacuation Pause)
[6433.635s][info][gc,task        ] GC(826) Using 8 workers of 8 for evacuation
[6433.799s][info][gc,phases      ] GC(826)   Pre Evacuate Collection Set: 0.32ms
[6433.799s][info][gc,phases      ] GC(826)   Merge Heap Roots: 0.62ms
[6433.799s][info][gc,phases      ] GC(826)   Evacuate Collection Set: 162.00ms
[6433.799s][info][gc,phases      ] GC(826)   Post Evacuate Collection Set: 1.30ms
[6433.799s][info][gc,phases      ] GC(826)   Other: 0.07ms
[6433.799s][info][gc,heap        ] GC(826) Eden regions: 717->0(716)
[6433.799s][info][gc,heap        ] GC(826) Survivor regions: 51->52(96)
[6433.799s][info][gc,heap        ] GC(826) Old regions: 204->207
[6433.799s][info][gc,heap        ] GC(826) Humongous regions: 33->33
[6433.799s][info][gc,metaspace   ] GC(826) Metaspace: 35715K(37952K)->35715K(37952K) NonClass: 26711K(27008K)->26711K(27008K) Class: 9004K(10944K)->9004K(10944K)
[6433.799s][info][gc             ] GC(826) Pause Young (Normal) (G1 Evacuation Pause) 8011M->2306M(10240M) 164.437ms
[6433.799s][info][gc,cpu         ] GC(826) User=1.30s Sys=0.00s Real=0.16s
....[6437.974s][info][gc,start       ] GC(827) Pause Young (Normal) (G1 Evacuation Pause)
[6437.974s][info][gc,task        ] GC(827) Using 8 workers of 8 for evacuation
[6438.141s][info][gc,phases      ] GC(827)   Pre Evacuate Collection Set: 0.28ms
[6438.141s][info][gc,phases      ] GC(827)   Merge Heap Roots: 0.58ms
[6438.141s][info][gc,phases      ] GC(827)   Evacuate Collection Set: 165.07ms
[6438.141s][info][gc,phases      ] GC(827)   Post Evacuate Collection Set: 1.27ms
[6438.141s][info][gc,phases      ] GC(827)   Other: 0.07ms
[6438.141s][info][gc,heap        ] GC(827) Eden regions: 716->0(714)
[6438.141s][info][gc,heap        ] GC(827) Survivor regions: 52->54(96)
[6438.141s][info][gc,heap        ] GC(827) Old regions: 207->210
[6438.141s][info][gc,heap        ] GC(827) Humongous regions: 33->33
[6438.141s][info][gc,metaspace   ] GC(827) Metaspace: 35715K(37952K)->35715K(37952K) NonClass: 26711K(27008K)->26711K(27008K) Class: 9004K(10944K)->9004K(10944K)
[6438.141s][info][gc             ] GC(827) Pause Young (Normal) (G1 Evacuation Pause) 8034M->2344M(10240M) 167.403ms
[6438.142s][info][gc,cpu         ] GC(827) User=1.32s Sys=0.00s Real=0.16s
.....[6442.346s][info][gc,start       ] GC(828) Pause Young (Normal) (G1 Evacuation Pause)
[6442.346s][info][gc,task        ] GC(828) Using 8 workers of 8 for evacuation
[6442.508s][info][gc,phases      ] GC(828)   Pre Evacuate Collection Set: 0.31ms
[6442.508s][info][gc,phases      ] GC(828)   Merge Heap Roots: 0.64ms
[6442.508s][info][gc,phases      ] GC(828)   Evacuate Collection Set: 159.26ms
[6442.508s][info][gc,phases      ] GC(828)   Post Evacuate Collection Set: 1.29ms
[6442.508s][info][gc,phases      ] GC(828)   Other: 0.07ms
[6442.508s][info][gc,heap        ] GC(828) Eden regions: 714->0(715)
[6442.508s][info][gc,heap        ] GC(828) Survivor regions: 54->53(96)
[6442.508s][info][gc,heap        ] GC(828) Old regions: 210->213
[6442.508s][info][gc,heap        ] GC(828) Humongous regions: 33->33
[6442.508s][info][gc,metaspace   ] GC(828) Metaspace: 35715K(37952K)->35715K(37952K) NonClass: 26711K(27008K)->26711K(27008K) Class: 9004K(10944K)->9004K(10944K)
[6442.508s][info][gc             ] GC(828) Pause Young (Normal) (G1 Evacuation Pause) 8056M->2358M(10240M) 161.725ms
[6442.508s][info][gc,cpu         ] GC(828) User=1.27s Sys=0.00s Real=0.16s
....|[6446.588s][info][gc,start       ] GC(829) Pause Young (Normal) (G1 Evacuation Pause)
[6446.588s][info][gc,task        ] GC(829) Using 8 workers of 8 for evacuation
[6446.756s][info][gc,phases      ] GC(829)   Pre Evacuate Collection Set: 0.28ms
[6446.756s][info][gc,phases      ] GC(829)   Merge Heap Roots: 0.56ms
[6446.756s][info][gc,phases      ] GC(829)   Evacuate Collection Set: 165.93ms
[6446.756s][info][gc,phases      ] GC(829)   Post Evacuate Collection Set: 1.25ms
[6446.756s][info][gc,phases      ] GC(829)   Other: 0.07ms
[6446.756s][info][gc,heap        ] GC(829) Eden regions: 715->0(715)
[6446.756s][info][gc,heap        ] GC(829) Survivor regions: 53->53(96)
[6446.756s][info][gc,heap        ] GC(829) Old regions: 213->216
[6446.756s][info][gc,heap        ] GC(829) Humongous regions: 33->33
[6446.756s][info][gc,metaspace   ] GC(829) Metaspace: 35715K(37952K)->35715K(37952K) NonClass: 26711K(27008K)->26711K(27008K) Class: 9004K(10944K)->9004K(10944K)
[6446.756s][info][gc             ] GC(829) Pause Young (Normal) (G1 Evacuation Pause) 8078M->2380M(10240M) 168.235ms
[6446.756s][info][gc,cpu         ] GC(829) User=1.32s Sys=0.00s Real=0.17s
....[6450.981s][info][gc,start       ] GC(830) Pause Young (Normal) (G1 Evacuation Pause)
[6450.981s][info][gc,task        ] GC(830) Using 8 workers of 8 for evacuation
[6451.147s][info][gc,phases      ] GC(830)   Pre Evacuate Collection Set: 0.30ms
[6451.147s][info][gc,phases      ] GC(830)   Merge Heap Roots: 0.56ms
[6451.147s][info][gc,phases      ] GC(830)   Evacuate Collection Set: 163.89ms
[6451.147s][info][gc,phases      ] GC(830)   Post Evacuate Collection Set: 1.23ms
[6451.147s][info][gc,phases      ] GC(830)   Other: 0.07ms
[6451.147s][info][gc,heap        ] GC(830) Eden regions: 715->0(714)
[6451.147s][info][gc,heap        ] GC(830) Survivor regions: 53->54(96)
[6451.147s][info][gc,heap        ] GC(830) Old regions: 216->218
[6451.147s][info][gc,heap        ] GC(830) Humongous regions: 33->33
[6451.147s][info][gc,metaspace   ] GC(830) Metaspace: 35715K(37952K)->35715K(37952K) NonClass: 26711K(27008K)->26711K(27008K) Class: 9004K(10944K)->9004K(10944K)
[6451.147s][info][gc             ] GC(830) Pause Young (Normal) (G1 Evacuation Pause) 8100M->2406M(10240M) 166.215ms
[6451.147s][info][gc,cpu         ] GC(830) User=1.31s Sys=0.01s Real=0.17s
.....[6455.323s][info][gc,start       ] GC(831) Pause Young (Normal) (G1 Evacuation Pause)
[6455.323s][info][gc,task        ] GC(831) Using 8 workers of 8 for evacuation
[6455.486s][info][gc,phases      ] GC(831)   Pre Evacuate Collection Set: 0.28ms
[6455.486s][info][gc,phases      ] GC(831)   Merge Heap Roots: 0.62ms
[6455.486s][info][gc,phases      ] GC(831)   Evacuate Collection Set: 160.34ms
[6455.486s][info][gc,phases      ] GC(831)   Post Evacuate Collection Set: 1.28ms
[6455.486s][info][gc,phases      ] GC(831)   Other: 0.08ms
[6455.486s][info][gc,heap        ] GC(831) Eden regions: 714->0(716)
[6455.486s][info][gc,heap        ] GC(831) Survivor regions: 54->52(96)
[6455.486s][info][gc,heap        ] GC(831) Old regions: 218->221
[6455.486s][info][gc,heap        ] GC(831) Humongous regions: 33->33
[6455.486s][info][gc,metaspace   ] GC(831) Metaspace: 35715K(37952K)->35715K(37952K) NonClass: 26711K(27008K)->26711K(27008K) Class: 9004K(10944K)->9004K(10944K)
[6455.486s][info][gc             ] GC(831) Pause Young (Normal) (G1 Evacuation Pause) 8118M->2412M(10240M) 162.740ms
[6455.486s][info][gc,cpu         ] GC(831) User=1.28s Sys=0.00s Real=0.16s
....[6459.688s][info][gc,start       ] GC(832) Pause Young (Normal) (G1 Evacuation Pause)
[6459.688s][info][gc,task        ] GC(832) Using 8 workers of 8 for evacuation
[6459.851s][info][gc,phases      ] GC(832)   Pre Evacuate Collection Set: 0.30ms
[6459.851s][info][gc,phases      ] GC(832)   Merge Heap Roots: 0.58ms
[6459.851s][info][gc,phases      ] GC(832)   Evacuate Collection Set: 160.92ms
[6459.851s][info][gc,phases      ] GC(832)   Post Evacuate Collection Set: 1.30ms
[6459.851s][info][gc,phases      ] GC(832)   Other: 0.06ms
[6459.851s][info][gc,heap        ] GC(832) Eden regions: 716->0(715)
[6459.852s][info][gc,heap        ] GC(832) Survivor regions: 52->53(96)
[6459.852s][info][gc,heap        ] GC(832) Old regions: 221->224
[6459.852s][info][gc,heap        ] GC(832) Humongous regions: 33->33
[6459.852s][info][gc,metaspace   ] GC(832) Metaspace: 35715K(37952K)->35715K(37952K) NonClass: 26711K(27008K)->26711K(27008K) Class: 9004K(10944K)->9004K(10944K)
[6459.852s][info][gc             ] GC(832) Pause Young (Normal) (G1 Evacuation Pause) 8140M->2446M(10240M) 163.295ms
[6459.852s][info][gc,cpu         ] GC(832) User=1.28s Sys=0.00s Real=0.16s
....[6464.087s][info][gc,start       ] GC(833) Pause Young (Normal) (G1 Evacuation Pause)
[6464.087s][info][gc,task        ] GC(833) Using 8 workers of 8 for evacuation
[6464.249s][info][gc,phases      ] GC(833)   Pre Evacuate Collection Set: 0.28ms
[6464.249s][info][gc,phases      ] GC(833)   Merge Heap Roots: 0.65ms
[6464.249s][info][gc,phases      ] GC(833)   Evacuate Collection Set: 160.36ms
[6464.249s][info][gc,phases      ] GC(833)   Post Evacuate Collection Set: 1.27ms
[6464.249s][info][gc,phases      ] GC(833)   Other: 0.07ms
[6464.249s][info][gc,heap        ] GC(833) Eden regions: 715->0(715)
[6464.249s][info][gc,heap        ] GC(833) Survivor regions: 53->53(96)
[6464.249s][info][gc,heap        ] GC(833) Old regions: 224->227
[6464.249s][info][gc,heap        ] GC(833) Humongous regions: 33->33
[6464.249s][info][gc,metaspace   ] GC(833) Metaspace: 35715K(37952K)->35715K(37952K) NonClass: 26711K(27008K)->26711K(27008K) Class: 9004K(10944K)->9004K(10944K)
[6464.249s][info][gc             ] GC(833) Pause Young (Normal) (G1 Evacuation Pause) 8166M->2464M(10240M) 162.752ms
[6464.249s][info][gc,cpu         ] GC(833) User=1.28s Sys=0.00s Real=0.16s
.....[6468.350s][info][gc,start       ] GC(834) Pause Young (Normal) (G1 Evacuation Pause)
[6468.350s][info][gc,task        ] GC(834) Using 8 workers of 8 for evacuation
[6468.514s][info][gc,phases      ] GC(834)   Pre Evacuate Collection Set: 0.29ms
[6468.514s][info][gc,phases      ] GC(834)   Merge Heap Roots: 0.56ms
[6468.514s][info][gc,phases      ] GC(834)   Evacuate Collection Set: 161.82ms
[6468.514s][info][gc,phases      ] GC(834)   Post Evacuate Collection Set: 1.28ms
[6468.514s][info][gc,phases      ] GC(834)   Other: 0.06ms
[6468.514s][info][gc,heap        ] GC(834) Eden regions: 715->0(715)
[6468.514s][info][gc,heap        ] GC(834) Survivor regions: 53->53(96)
[6468.514s][info][gc,heap        ] GC(834) Old regions: 227->229
[6468.514s][info][gc,heap        ] GC(834) Humongous regions: 33->33
[6468.514s][info][gc,metaspace   ] GC(834) Metaspace: 35715K(37952K)->35715K(37952K) NonClass: 26711K(27008K)->26711K(27008K) Class: 9004K(10944K)->9004K(10944K)
[6468.514s][info][gc             ] GC(834) Pause Young (Normal) (G1 Evacuation Pause) 8184M->2485M(10240M) 164.157ms
[6468.514s][info][gc,cpu         ] GC(834) User=1.29s Sys=0.00s Real=0.17s
....[6472.690s][info][gc,start       ] GC(835) Pause Young (Normal) (G1 Evacuation Pause)
[6472.690s][info][gc,task        ] GC(835) Using 8 workers of 8 for evacuation
[6472.859s][info][gc,phases      ] GC(835)   Pre Evacuate Collection Set: 0.29ms
[6472.859s][info][gc,phases      ] GC(835)   Merge Heap Roots: 0.62ms
[6472.859s][info][gc,phases      ] GC(835)   Evacuate Collection Set: 167.52ms
[6472.859s][info][gc,phases      ] GC(835)   Post Evacuate Collection Set: 1.27ms
[6472.859s][info][gc,phases      ] GC(835)   Other: 0.07ms
[6472.859s][info][gc,heap        ] GC(835) Eden regions: 715->0(715)
[6472.859s][info][gc,heap        ] GC(835) Survivor regions: 53->53(96)
[6472.859s][info][gc,heap        ] GC(835) Old regions: 229->232
[6472.859s][info][gc,heap        ] GC(835) Humongous regions: 33->33
[6472.859s][info][gc,metaspace   ] GC(835) Metaspace: 35715K(37952K)->35715K(37952K) NonClass: 26711K(27008K)->26711K(27008K) Class: 9004K(10944K)->9004K(10944K)
[6472.860s][info][gc             ] GC(835) Pause Young (Normal) (G1 Evacuation Pause) 8205M->2510M(10240M) 169.910ms
[6472.860s][info][gc,cpu         ] GC(835) User=1.34s Sys=0.00s Real=0.17s
....[6476.982s][info][gc,start       ] GC(836) Pause Young (Normal) (G1 Evacuation Pause)
[6476.982s][info][gc,task        ] GC(836) Using 8 workers of 8 for evacuation
[6477.150s][info][gc,phases      ] GC(836)   Pre Evacuate Collection Set: 0.29ms
[6477.150s][info][gc,phases      ] GC(836)   Merge Heap Roots: 0.56ms
[6477.150s][info][gc,phases      ] GC(836)   Evacuate Collection Set: 165.27ms
[6477.150s][info][gc,phases      ] GC(836)   Post Evacuate Collection Set: 1.28ms
[6477.150s][info][gc,phases      ] GC(836)   Other: 0.06ms
[6477.150s][info][gc,heap        ] GC(836) Eden regions: 715->0(714)
[6477.150s][info][gc,heap        ] GC(836) Survivor regions: 53->54(96)
[6477.150s][info][gc,heap        ] GC(836) Old regions: 232->234
[6477.150s][info][gc,heap        ] GC(836) Humongous regions: 33->33
[6477.150s][info][gc,metaspace   ] GC(836) Metaspace: 35715K(37952K)->35715K(37952K) NonClass: 26711K(27008K)->26711K(27008K) Class: 9004K(10944K)->9004K(10944K)
[6477.150s][info][gc             ] GC(836) Pause Young (Normal) (G1 Evacuation Pause) 8230M->2535M(10240M) 167.590ms
[6477.150s][info][gc,cpu         ] GC(836) User=1.32s Sys=0.00s Real=0.16s
.....[6481.364s][info][gc,start       ] GC(837) Pause Young (Normal) (G1 Evacuation Pause)
[6481.364s][info][gc,task        ] GC(837) Using 8 workers of 8 for evacuation
[6481.533s][info][gc,phases      ] GC(837)   Pre Evacuate Collection Set: 0.27ms
[6481.533s][info][gc,phases      ] GC(837)   Merge Heap Roots: 0.54ms
[6481.533s][info][gc,phases      ] GC(837)   Evacuate Collection Set: 166.54ms
[6481.533s][info][gc,phases      ] GC(837)   Post Evacuate Collection Set: 1.26ms
[6481.533s][info][gc,phases      ] GC(837)   Other: 0.07ms
[6481.533s][info][gc,heap        ] GC(837) Eden regions: 714->0(714)
[6481.533s][info][gc,heap        ] GC(837) Survivor regions: 54->54(96)
[6481.533s][info][gc,heap        ] GC(837) Old regions: 234->237
[6481.533s][info][gc,heap        ] GC(837) Humongous regions: 33->33
[6481.533s][info][gc,metaspace   ] GC(837) Metaspace: 35715K(37952K)->35715K(37952K) NonClass: 26711K(27008K)->26711K(27008K) Class: 9004K(10944K)->9004K(10944K)
[6481.533s][info][gc             ] GC(837) Pause Young (Normal) (G1 Evacuation Pause) 8247M->2558M(10240M) 168.830ms
[6481.533s][info][gc,cpu         ] GC(837) User=1.33s Sys=0.00s Real=0.17s
....[6485.737s][info][gc,start       ] GC(838) Pause Young (Normal) (G1 Evacuation Pause)
[6485.737s][info][gc,task        ] GC(838) Using 8 workers of 8 for evacuation
[6485.900s][info][gc,phases      ] GC(838)   Pre Evacuate Collection Set: 0.29ms
[6485.900s][info][gc,phases      ] GC(838)   Merge Heap Roots: 0.62ms
[6485.900s][info][gc,phases      ] GC(838)   Evacuate Collection Set: 161.56ms
[6485.900s][info][gc,phases      ] GC(838)   Post Evacuate Collection Set: 1.24ms
[6485.900s][info][gc,phases      ] GC(838)   Other: 0.08ms
[6485.900s][info][gc,heap        ] GC(838) Eden regions: 714->0(716)
[6485.900s][info][gc,heap        ] GC(838) Survivor regions: 54->52(96)
[6485.900s][info][gc,heap        ] GC(838) Old regions: 237->240
[6485.900s][info][gc,heap        ] GC(838) Humongous regions: 33->33
[6485.900s][info][gc,metaspace   ] GC(838) Metaspace: 35715K(37952K)->35715K(37952K) NonClass: 26711K(27008K)->26711K(27008K) Class: 9004K(10944K)->9004K(10944K)
[6485.900s][info][gc             ] GC(838) Pause Young (Normal) (G1 Evacuation Pause) 8270M->2567M(10240M) 163.921ms
[6485.900s][info][gc,cpu         ] GC(838) User=1.29s Sys=0.00s Real=0.16s
....[6490.081s][info][gc,start       ] GC(839) Pause Young (Normal) (G1 Evacuation Pause)
[6490.081s][info][gc,task        ] GC(839) Using 8 workers of 8 for evacuation
[6490.248s][info][gc,phases      ] GC(839)   Pre Evacuate Collection Set: 0.28ms
[6490.248s][info][gc,phases      ] GC(839)   Merge Heap Roots: 0.55ms
[6490.248s][info][gc,phases      ] GC(839)   Evacuate Collection Set: 164.75ms
[6490.248s][info][gc,phases      ] GC(839)   Post Evacuate Collection Set: 1.25ms
[6490.248s][info][gc,phases      ] GC(839)   Other: 0.07ms
[6490.248s][info][gc,heap        ] GC(839) Eden regions: 716->0(714)
[6490.248s][info][gc,heap        ] GC(839) Survivor regions: 52->54(96)
[6490.248s][info][gc,heap        ] GC(839) Old regions: 240->242
[6490.248s][info][gc,heap        ] GC(839) Humongous regions: 33->33
[6490.248s][info][gc,metaspace   ] GC(839) Metaspace: 35715K(37952K)->35715K(37952K) NonClass: 26711K(27008K)->26711K(27008K) Class: 9004K(10944K)->9004K(10944K)
[6490.248s][info][gc             ] GC(839) Pause Young (Normal) (G1 Evacuation Pause) 8295M->2604M(10240M) 167.059ms
[6490.248s][info][gc,cpu         ] GC(839) User=1.32s Sys=0.00s Real=0.17s
.....[6494.406s][info][gc,start       ] GC(840) Pause Young (Normal) (G1 Evacuation Pause)
[6494.406s][info][gc,task        ] GC(840) Using 8 workers of 8 for evacuation
[6494.572s][info][gc,phases      ] GC(840)   Pre Evacuate Collection Set: 0.31ms
[6494.572s][info][gc,phases      ] GC(840)   Merge Heap Roots: 0.63ms
[6494.572s][info][gc,phases      ] GC(840)   Evacuate Collection Set: 164.39ms
[6494.572s][info][gc,phases      ] GC(840)   Post Evacuate Collection Set: 1.31ms
[6494.572s][info][gc,phases      ] GC(840)   Other: 0.07ms
[6494.572s][info][gc,heap        ] GC(840) Eden regions: 714->0(715)
[6494.572s][info][gc,heap        ] GC(840) Survivor regions: 54->53(96)
[6494.572s][info][gc,heap        ] GC(840) Old regions: 242->245
[6494.572s][info][gc,heap        ] GC(840) Humongous regions: 33->33
[6494.572s][info][gc,metaspace   ] GC(840) Metaspace: 35715K(37952K)->35715K(37952K) NonClass: 26711K(27008K)->26711K(27008K) Class: 9004K(10944K)->9004K(10944K)
[6494.572s][info][gc             ] GC(840) Pause Young (Normal) (G1 Evacuation Pause) 8316M->2617M(10240M) 166.850ms
[6494.572s][info][gc,cpu         ] GC(840) User=1.31s Sys=0.00s Real=0.17s
....[6498.686s][info][gc,start       ] GC(841) Pause Young (Normal) (G1 Evacuation Pause)
[6498.686s][info][gc,task        ] GC(841) Using 8 workers of 8 for evacuation
[6498.854s][info][gc,phases      ] GC(841)   Pre Evacuate Collection Set: 0.29ms
[6498.854s][info][gc,phases      ] GC(841)   Merge Heap Roots: 0.56ms
[6498.854s][info][gc,phases      ] GC(841)   Evacuate Collection Set: 165.09ms
[6498.854s][info][gc,phases      ] GC(841)   Post Evacuate Collection Set: 1.27ms
[6498.854s][info][gc,phases      ] GC(841)   Other: 0.07ms
[6498.854s][info][gc,heap        ] GC(841) Eden regions: 715->0(715)
[6498.854s][info][gc,heap        ] GC(841) Survivor regions: 53->53(96)
[6498.854s][info][gc,heap        ] GC(841) Old regions: 245->248
[6498.854s][info][gc,heap        ] GC(841) Humongous regions: 33->33
[6498.854s][info][gc,metaspace   ] GC(841) Metaspace: 35715K(37952K)->35715K(37952K) NonClass: 26711K(27008K)->26711K(27008K) Class: 9004K(10944K)->9004K(10944K)
[6498.854s][info][gc             ] GC(841) Pause Young (Normal) (G1 Evacuation Pause) 8337M->2639M(10240M) 167.416ms
[6498.854s][info][gc,cpu         ] GC(841) User=1.32s Sys=0.00s Real=0.17s
....[6503.014s][info][gc,start       ] GC(842) Pause Young (Normal) (G1 Evacuation Pause)
[6503.014s][info][gc,task        ] GC(842) Using 8 workers of 8 for evacuation
[6503.180s][info][gc,phases      ] GC(842)   Pre Evacuate Collection Set: 0.29ms
[6503.180s][info][gc,phases      ] GC(842)   Merge Heap Roots: 0.60ms
[6503.180s][info][gc,phases      ] GC(842)   Evacuate Collection Set: 163.10ms
[6503.180s][info][gc,phases      ] GC(842)   Post Evacuate Collection Set: 1.26ms
[6503.180s][info][gc,phases      ] GC(842)   Other: 0.07ms
[6503.180s][info][gc,heap        ] GC(842) Eden regions: 715->0(716)
[6503.180s][info][gc,heap        ] GC(842) Survivor regions: 53->52(96)
[6503.180s][info][gc,heap        ] GC(842) Old regions: 248->251
[6503.180s][info][gc,heap        ] GC(842) Humongous regions: 33->33
[6503.180s][info][gc,metaspace   ] GC(842) Metaspace: 35715K(37952K)->35715K(37952K) NonClass: 26711K(27008K)->26711K(27008K) Class: 9004K(10944K)->9004K(10944K)
[6503.180s][info][gc             ] GC(842) Pause Young (Normal) (G1 Evacuation Pause) 8359M->2653M(10240M) 165.480ms
[6503.180s][info][gc,cpu         ] GC(842) User=1.30s Sys=0.00s Real=0.16s
.... (rIR:aIR:PR = 11070:11080:11085) (tPR = 165264) [OK] 
  6506s: Performance info:
         Transaction,    Success,    Partial,     Failed,   Receipts, AvgBarcode, 
             Overall,     665431,          0,          0,     632379,      59.48, 
         Response times:
             Request,    Success,    Partial,     Failed,   SkipFail,     Probes,    Samples,      min,      p50,      p90,      p95,      p99,      max, 
       TotalPurchase,     632142,          0,          0,          0,     354970,     459352,      300,    11100,    66000,   103000,   176000,  1300000,
     InStorePurchase,     331291,          0,          0,          0,     186108,     241246,      300,    11100,    66000,   103000,   176000,  1300000,
      OnlinePurchase,     233673,          0,          0,          0,     131119,     169356,      300,    11000,    66000,   104000,   177000,  1300000,
        InstPurchase,      67178,          0,          0,          0,      37743,      48750,      500,    11000,    67000,   104000,   176000,  1300000,
          AssocOfCat,        663,          0,          0,          0,        562,        820,    34000,    70000,   141000,   189000,   234000,   740000,
      AssocOfProduct,       6622,          0,          0,          0,       3939,       5309,      700,    12400,    65000,   111000,   180000,   730000,
      BusinessReport,       1655,          0,          0,          0,       1461,       2037,    36000,    81000,   149000,   194100,   257620,   454000,
          CustBuyBeh,       6584,          0,          0,          0,       3970,       5290,      300,    11400,    71900,   106450,   178000,  1100000,
       ProductReturn,      17487,          0,          0,          0,       9784,      12919,      200,    10600,    65000,   104000,   174800,  1100000,

  6506s: (81%)   IR =  11208 [6507.307s][info][gc,start       ] GC(843) Pause Young (Normal) (G1 Evacuation Pause)
[6507.307s][info][gc,task        ] GC(843) Using 8 workers of 8 for evacuation
[6507.468s][info][gc,phases      ] GC(843)   Pre Evacuate Collection Set: 0.31ms
[6507.468s][info][gc,phases      ] GC(843)   Merge Heap Roots: 0.64ms
[6507.468s][info][gc,phases      ] GC(843)   Evacuate Collection Set: 158.10ms
[6507.468s][info][gc,phases      ] GC(843)   Post Evacuate Collection Set: 1.23ms
[6507.468s][info][gc,phases      ] GC(843)   Other: 0.86ms
[6507.468s][info][gc,heap        ] GC(843) Eden regions: 716->0(717)
[6507.468s][info][gc,heap        ] GC(843) Survivor regions: 52->51(96)
[6507.468s][info][gc,heap        ] GC(843) Old regions: 251->253
[6507.468s][info][gc,heap        ] GC(843) Humongous regions: 33->33
[6507.468s][info][gc,metaspace   ] GC(843) Metaspace: 35715K(37952K)->35715K(37952K) NonClass: 26711K(27008K)->26711K(27008K) Class: 9004K(10944K)->9004K(10944K)
[6507.468s][info][gc             ] GC(843) Pause Young (Normal) (G1 Evacuation Pause) 8381M->2667M(10240M) 161.282ms
[6507.468s][info][gc,cpu         ] GC(843) User=1.27s Sys=0.00s Real=0.16s
.....[6511.572s][info][gc,start       ] GC(844) Pause Young (Normal) (G1 Evacuation Pause)
[6511.572s][info][gc,task        ] GC(844) Using 8 workers of 8 for evacuation
[6511.734s][info][gc,phases      ] GC(844)   Pre Evacuate Collection Set: 0.31ms
[6511.734s][info][gc,phases      ] GC(844)   Merge Heap Roots: 0.58ms
[6511.734s][info][gc,phases      ] GC(844)   Evacuate Collection Set: 159.18ms
[6511.734s][info][gc,phases      ] GC(844)   Post Evacuate Collection Set: 1.31ms
[6511.734s][info][gc,phases      ] GC(844)   Other: 0.06ms
[6511.734s][info][gc,heap        ] GC(844) Eden regions: 717->0(715)
[6511.734s][info][gc,heap        ] GC(844) Survivor regions: 51->53(96)
[6511.734s][info][gc,heap        ] GC(844) Old regions: 253->256
[6511.734s][info][gc,heap        ] GC(844) Humongous regions: 33->33
[6511.734s][info][gc,metaspace   ] GC(844) Metaspace: 35715K(37952K)->35715K(37952K) NonClass: 26711K(27008K)->26711K(27008K) Class: 9004K(10944K)->9004K(10944K)
[6511.734s][info][gc             ] GC(844) Pause Young (Normal) (G1 Evacuation Pause) 8403M->2700M(10240M) 161.580ms
[6511.734s][info][gc,cpu         ] GC(844) User=1.27s Sys=0.00s Real=0.16s
....[6516.002s][info][gc,start       ] GC(845) Pause Young (Normal) (G1 Evacuation Pause)
[6516.002s][info][gc,task        ] GC(845) Using 8 workers of 8 for evacuation
[6516.170s][info][gc,phases      ] GC(845)   Pre Evacuate Collection Set: 0.29ms
[6516.170s][info][gc,phases      ] GC(845)   Merge Heap Roots: 0.59ms
[6516.170s][info][gc,phases      ] GC(845)   Evacuate Collection Set: 165.88ms
[6516.170s][info][gc,phases      ] GC(845)   Post Evacuate Collection Set: 1.29ms
[6516.170s][info][gc,phases      ] GC(845)   Other: 0.07ms
[6516.170s][info][gc,heap        ] GC(845) Eden regions: 715->0(714)
[6516.170s][info][gc,heap        ] GC(845) Survivor regions: 53->54(96)
[6516.170s][info][gc,heap        ] GC(845) Old regions: 256->259
[6516.170s][info][gc,heap        ] GC(845) Humongous regions: 33->33
[6516.170s][info][gc,metaspace   ] GC(845) Metaspace: 35715K(37952K)->35715K(37952K) NonClass: 26711K(27008K)->26711K(27008K) Class: 9004K(10944K)->9004K(10944K)
[6516.170s][info][gc             ] GC(845) Pause Young (Normal) (G1 Evacuation Pause) 8420M->2734M(10240M) 168.238ms
[6516.170s][info][gc,cpu         ] GC(845) User=1.32s Sys=0.00s Real=0.16s
....|[6520.239s][info][gc,start       ] GC(846) Pause Young (Normal) (G1 Evacuation Pause)
[6520.239s][info][gc,task        ] GC(846) Using 8 workers of 8 for evacuation
[6520.403s][info][gc,phases      ] GC(846)   Pre Evacuate Collection Set: 0.29ms
[6520.403s][info][gc,phases      ] GC(846)   Merge Heap Roots: 0.57ms
[6520.403s][info][gc,phases      ] GC(846)   Evacuate Collection Set: 161.71ms
[6520.403s][info][gc,phases      ] GC(846)   Post Evacuate Collection Set: 1.30ms
[6520.403s][info][gc,phases      ] GC(846)   Other: 0.07ms
[6520.403s][info][gc,heap        ] GC(846) Eden regions: 714->0(715)
[6520.403s][info][gc,heap        ] GC(846) Survivor regions: 54->53(96)
[6520.403s][info][gc,heap        ] GC(846) Old regions: 259->262
[6520.403s][info][gc,heap        ] GC(846) Humongous regions: 33->33
[6520.403s][info][gc,metaspace   ] GC(846) Metaspace: 35715K(37952K)->35715K(37952K) NonClass: 26711K(27008K)->26711K(27008K) Class: 9004K(10944K)->9004K(10944K)
[6520.403s][info][gc             ] GC(846) Pause Young (Normal) (G1 Evacuation Pause) 8446M->2746M(10240M) 164.087ms
[6520.403s][info][gc,cpu         ] GC(846) User=1.29s Sys=0.00s Real=0.17s
.....[6524.566s][info][gc,start       ] GC(847) Pause Young (Normal) (G1 Evacuation Pause)
[6524.566s][info][gc,task        ] GC(847) Using 8 workers of 8 for evacuation
[6524.725s][info][gc,phases      ] GC(847)   Pre Evacuate Collection Set: 0.29ms
[6524.725s][info][gc,phases      ] GC(847)   Merge Heap Roots: 0.56ms
[6524.725s][info][gc,phases      ] GC(847)   Evacuate Collection Set: 157.00ms
[6524.725s][info][gc,phases      ] GC(847)   Post Evacuate Collection Set: 1.31ms
[6524.725s][info][gc,phases      ] GC(847)   Other: 0.06ms
[6524.725s][info][gc,heap        ] GC(847) Eden regions: 715->0(716)
[6524.725s][info][gc,heap        ] GC(847) Survivor regions: 53->52(96)
[6524.725s][info][gc,heap        ] GC(847) Old regions: 262->264
[6524.725s][info][gc,heap        ] GC(847) Humongous regions: 33->33
[6524.725s][info][gc,metaspace   ] GC(847) Metaspace: 35715K(37952K)->35715K(37952K) NonClass: 26711K(27008K)->26711K(27008K) Class: 9004K(10944K)->9004K(10944K)
[6524.725s][info][gc             ] GC(847) Pause Young (Normal) (G1 Evacuation Pause) 8466M->2759M(10240M) 159.354ms
[6524.725s][info][gc,cpu         ] GC(847) User=1.25s Sys=0.00s Real=0.16s
....[6529.006s][info][gc,start       ] GC(848) Pause Young (Normal) (G1 Evacuation Pause)
[6529.006s][info][gc,task        ] GC(848) Using 8 workers of 8 for evacuation
[6529.176s][info][gc,phases      ] GC(848)   Pre Evacuate Collection Set: 0.28ms
[6529.176s][info][gc,phases      ] GC(848)   Merge Heap Roots: 0.57ms
[6529.176s][info][gc,phases      ] GC(848)   Evacuate Collection Set: 167.42ms
[6529.176s][info][gc,phases      ] GC(848)   Post Evacuate Collection Set: 1.28ms
[6529.176s][info][gc,phases      ] GC(848)   Other: 0.06ms
[6529.176s][info][gc,heap        ] GC(848) Eden regions: 716->0(713)
[6529.176s][info][gc,heap        ] GC(848) Survivor regions: 52->55(96)
[6529.176s][info][gc,heap        ] GC(848) Old regions: 264->267
[6529.176s][info][gc,heap        ] GC(848) Humongous regions: 33->33
[6529.176s][info][gc,metaspace   ] GC(848) Metaspace: 35715K(37952K)->35715K(37952K) NonClass: 26711K(27008K)->26711K(27008K) Class: 9004K(10944K)->9004K(10944K)
[6529.176s][info][gc             ] GC(848) Pause Young (Normal) (G1 Evacuation Pause) 8487M->2805M(10240M) 169.750ms
[6529.176s][info][gc,cpu         ] GC(848) User=1.33s Sys=0.01s Real=0.17s
....[6533.153s][info][gc,start       ] GC(849) Pause Young (Normal) (G1 Evacuation Pause)
[6533.153s][info][gc,task        ] GC(849) Using 8 workers of 8 for evacuation
[6533.316s][info][gc,phases      ] GC(849)   Pre Evacuate Collection Set: 0.29ms
[6533.316s][info][gc,phases      ] GC(849)   Merge Heap Roots: 0.60ms
[6533.316s][info][gc,phases      ] GC(849)   Evacuate Collection Set: 160.95ms
[6533.316s][info][gc,phases      ] GC(849)   Post Evacuate Collection Set: 1.25ms
[6533.316s][info][gc,phases      ] GC(849)   Other: 0.07ms
[6533.316s][info][gc,heap        ] GC(849) Eden regions: 713->0(715)
[6533.316s][info][gc,heap        ] GC(849) Survivor regions: 55->53(96)
[6533.316s][info][gc,heap        ] GC(849) Old regions: 267->270
[6533.316s][info][gc,heap        ] GC(849) Humongous regions: 33->33
[6533.316s][info][gc,metaspace   ] GC(849) Metaspace: 35715K(37952K)->35715K(37952K) NonClass: 26711K(27008K)->26711K(27008K) Class: 9004K(10944K)->9004K(10944K)
[6533.316s][info][gc             ] GC(849) Pause Young (Normal) (G1 Evacuation Pause) 8509M->2816M(10240M) 163.281ms
[6533.316s][info][gc,cpu         ] GC(849) User=1.29s Sys=0.00s Real=0.16s
....[6537.495s][info][gc,start       ] GC(850) Pause Young (Normal) (G1 Evacuation Pause)
[6537.495s][info][gc,task        ] GC(850) Using 8 workers of 8 for evacuation
[6537.658s][info][gc,phases      ] GC(850)   Pre Evacuate Collection Set: 0.28ms
[6537.658s][info][gc,phases      ] GC(850)   Merge Heap Roots: 0.59ms
[6537.658s][info][gc,phases      ] GC(850)   Evacuate Collection Set: 161.11ms
[6537.658s][info][gc,phases      ] GC(850)   Post Evacuate Collection Set: 1.26ms
[6537.658s][info][gc,phases      ] GC(850)   Other: 0.07ms
[6537.658s][info][gc,heap        ] GC(850) Eden regions: 715->0(716)
[6537.658s][info][gc,heap        ] GC(850) Survivor regions: 53->52(96)
[6537.658s][info][gc,heap        ] GC(850) Old regions: 270->273
[6537.658s][info][gc,heap        ] GC(850) Humongous regions: 33->33
[6537.658s][info][gc,metaspace   ] GC(850) Metaspace: 35715K(37952K)->35715K(37952K) NonClass: 26711K(27008K)->26711K(27008K) Class: 9004K(10944K)->9004K(10944K)
[6537.658s][info][gc             ] GC(850) Pause Young (Normal) (G1 Evacuation Pause) 8536M->2829M(10240M) 163.470ms
[6537.658s][info][gc,cpu         ] GC(850) User=1.28s Sys=0.00s Real=0.16s
.....[6541.933s][info][gc,start       ] GC(851) Pause Young (Normal) (G1 Evacuation Pause)
[6541.933s][info][gc,task        ] GC(851) Using 8 workers of 8 for evacuation
[6542.097s][info][gc,phases      ] GC(851)   Pre Evacuate Collection Set: 0.28ms
[6542.097s][info][gc,phases      ] GC(851)   Merge Heap Roots: 0.59ms
[6542.097s][info][gc,phases      ] GC(851)   Evacuate Collection Set: 161.36ms
[6542.097s][info][gc,phases      ] GC(851)   Post Evacuate Collection Set: 1.27ms
[6542.097s][info][gc,phases      ] GC(851)   Other: 0.07ms
[6542.097s][info][gc,heap        ] GC(851) Eden regions: 716->0(714)
[6542.097s][info][gc,heap        ] GC(851) Survivor regions: 52->54(96)
[6542.097s][info][gc,heap        ] GC(851) Old regions: 273->275
[6542.097s][info][gc,heap        ] GC(851) Humongous regions: 33->33
[6542.097s][info][gc,metaspace   ] GC(851) Metaspace: 35715K(37952K)->35715K(37952K) NonClass: 26711K(27008K)->26711K(27008K) Class: 9004K(10944K)->9004K(10944K)
[6542.097s][info][gc             ] GC(851) Pause Young (Normal) (G1 Evacuation Pause) 8557M->2862M(10240M) 163.693ms
[6542.097s][info][gc,cpu         ] GC(851) User=1.29s Sys=0.00s Real=0.16s
....[6546.158s][info][gc,start       ] GC(852) Pause Young (Concurrent Start) (G1 Evacuation Pause)
[6546.158s][info][gc,task        ] GC(852) Using 8 workers of 8 for evacuation
[6546.323s][info][gc,phases      ] GC(852)   Pre Evacuate Collection Set: 0.36ms
[6546.323s][info][gc,phases      ] GC(852)   Merge Heap Roots: 0.55ms
[6546.323s][info][gc,phases      ] GC(852)   Evacuate Collection Set: 162.76ms
[6546.323s][info][gc,phases      ] GC(852)   Post Evacuate Collection Set: 1.28ms
[6546.323s][info][gc,phases      ] GC(852)   Other: 0.11ms
[6546.323s][info][gc,heap        ] GC(852) Eden regions: 714->0(715)
[6546.323s][info][gc,heap        ] GC(852) Survivor regions: 54->53(96)
[6546.323s][info][gc,heap        ] GC(852) Old regions: 275->278
[6546.323s][info][gc,heap        ] GC(852) Humongous regions: 33->33
[6546.323s][info][gc,metaspace   ] GC(852) Metaspace: 35715K(37952K)->35715K(37952K) NonClass: 26711K(27008K)->26711K(27008K) Class: 9004K(10944K)->9004K(10944K)
[6546.323s][info][gc             ] GC(852) Pause Young (Concurrent Start) (G1 Evacuation Pause) 8574M->2877M(10240M) 165.200ms
[6546.323s][info][gc             ] GC(853) Concurrent Mark Cycle
[6546.323s][info][gc,marking     ] GC(853) Concurrent Scan Root Regions
[6546.323s][info][gc,cpu         ] GC(852) User=1.30s Sys=0.01s Real=0.17s
.[6546.735s][info][gc,marking     ] GC(853) Concurrent Scan Root Regions 411.697ms
[6546.735s][info][gc,marking     ] GC(853) Concurrent Mark
[6546.735s][info][gc,marking     ] GC(853) Concurrent Mark From Roots
[6546.735s][info][gc,task        ] GC(853) Using 2 workers of 2 for marking
.[6548.019s][info][gc,marking     ] GC(853) Concurrent Mark From Roots 1284.109ms
[6548.019s][info][gc,marking     ] GC(853) Concurrent Preclean
[6548.019s][info][gc,marking     ] GC(853) Concurrent Preclean 0.141ms
[6548.019s][info][gc,start       ] GC(853) Pause Remark
[6548.021s][info][gc             ] GC(853) Pause Remark 4733M->4533M(10240M) 1.832ms
[6548.021s][info][gc,cpu         ] GC(853) User=0.01s Sys=0.00s Real=0.00s
[6548.021s][info][gc,marking     ] GC(853) Concurrent Mark 1286.403ms
[6548.021s][info][gc,marking     ] GC(853) Concurrent Rebuild Remembered Sets and Scrub Regions
.[6548.716s][info][gc,marking     ] GC(853) Concurrent Rebuild Remembered Sets and Scrub Regions 695.160ms
[6548.716s][info][gc,start       ] GC(853) Pause Cleanup
[6548.717s][info][gc             ] GC(853) Pause Cleanup 5425M->5425M(10240M) 0.336ms
[6548.717s][info][gc,cpu         ] GC(853) User=0.00s Sys=0.00s Real=0.00s
[6548.717s][info][gc,marking     ] GC(853) Concurrent Clear Claimed Marks
[6548.717s][info][gc,marking     ] GC(853) Concurrent Clear Claimed Marks 0.047ms
[6548.717s][info][gc,marking     ] GC(853) Concurrent Cleanup for Next Mark
[6548.731s][info][gc,marking     ] GC(853) Concurrent Cleanup for Next Mark 14.127ms
[6548.731s][info][gc             ] GC(853) Concurrent Mark Cycle 2408.184ms
.[6550.627s][info][gc,start       ] GC(854) Pause Young (Prepare Mixed) (G1 Evacuation Pause)
[6550.627s][info][gc,task        ] GC(854) Using 8 workers of 8 for evacuation
[6550.792s][info][gc,phases      ] GC(854)   Pre Evacuate Collection Set: 0.30ms
[6550.792s][info][gc,phases      ] GC(854)   Merge Heap Roots: 0.91ms
[6550.792s][info][gc,phases      ] GC(854)   Evacuate Collection Set: 162.22ms
[6550.792s][info][gc,phases      ] GC(854)   Post Evacuate Collection Set: 1.37ms
[6550.792s][info][gc,phases      ] GC(854)   Other: 0.07ms
[6550.792s][info][gc,heap        ] GC(854) Eden regions: 715->0(716)
[6550.792s][info][gc,heap        ] GC(854) Survivor regions: 53->52(96)
[6550.792s][info][gc,heap        ] GC(854) Old regions: 253->256
[6550.792s][info][gc,heap        ] GC(854) Humongous regions: 33->33
[6550.792s][info][gc,metaspace   ] GC(854) Metaspace: 35715K(37952K)->35715K(37952K) NonClass: 26711K(27008K)->26711K(27008K) Class: 9004K(10944K)->9004K(10944K)
[6550.792s][info][gc             ] GC(854) Pause Young (Prepare Mixed) (G1 Evacuation Pause) 8397M->2695M(10240M) 165.010ms
[6550.792s][info][gc,cpu         ] GC(854) User=1.30s Sys=0.00s Real=0.17s
....[6554.792s][info][gc,start       ] GC(855) Pause Young (Mixed) (G1 Evacuation Pause)
[6554.792s][info][gc,task        ] GC(855) Using 8 workers of 8 for evacuation
[6554.962s][info][gc,phases      ] GC(855)   Pre Evacuate Collection Set: 0.32ms
[6554.962s][info][gc,phases      ] GC(855)   Merge Heap Roots: 0.99ms
[6554.962s][info][gc,phases      ] GC(855)   Evacuate Collection Set: 166.70ms
[6554.962s][info][gc,phases      ] GC(855)   Post Evacuate Collection Set: 1.41ms
[6554.962s][info][gc,phases      ] GC(855)   Other: 0.07ms
[6554.962s][info][gc,heap        ] GC(855) Eden regions: 716->0(714)
[6554.962s][info][gc,heap        ] GC(855) Survivor regions: 52->54(96)
[6554.962s][info][gc,heap        ] GC(855) Old regions: 256->132
[6554.962s][info][gc,heap        ] GC(855) Humongous regions: 33->33
[6554.962s][info][gc,metaspace   ] GC(855) Metaspace: 35716K(37952K)->35716K(37952K) NonClass: 26712K(27008K)->26712K(27008K) Class: 9004K(10944K)->9004K(10944K)
[6554.962s][info][gc             ] GC(855) Pause Young (Mixed) (G1 Evacuation Pause) 8423M->1715M(10240M) 169.621ms
[6554.962s][info][gc,cpu         ] GC(855) User=1.33s Sys=0.00s Real=0.16s
.....[6559.133s][info][gc,start       ] GC(856) Pause Young (Mixed) (G1 Evacuation Pause)
[6559.133s][info][gc,task        ] GC(856) Using 8 workers of 8 for evacuation
[6559.307s][info][gc,phases      ] GC(856)   Pre Evacuate Collection Set: 0.25ms
[6559.307s][info][gc,phases      ] GC(856)   Merge Heap Roots: 0.55ms
[6559.307s][info][gc,phases      ] GC(856)   Evacuate Collection Set: 171.94ms
[6559.307s][info][gc,phases      ] GC(856)   Post Evacuate Collection Set: 1.28ms
[6559.307s][info][gc,phases      ] GC(856)   Other: 0.07ms
[6559.307s][info][gc,heap        ] GC(856) Eden regions: 714->0(714)
[6559.307s][info][gc,heap        ] GC(856) Survivor regions: 54->54(96)
[6559.307s][info][gc,heap        ] GC(856) Old regions: 132->133
[6559.307s][info][gc,heap        ] GC(856) Humongous regions: 33->33
[6559.307s][info][gc,metaspace   ] GC(856) Metaspace: 35716K(37952K)->35716K(37952K) NonClass: 26712K(27008K)->26712K(27008K) Class: 9004K(10944K)->9004K(10944K)
[6559.307s][info][gc             ] GC(856) Pause Young (Mixed) (G1 Evacuation Pause) 7427M->1726M(10240M) 174.238ms
[6559.307s][info][gc,cpu         ] GC(856) User=1.37s Sys=0.01s Real=0.17s
....[6563.414s][info][gc,start       ] GC(857) Pause Young (Normal) (G1 Evacuation Pause)
[6563.414s][info][gc,task        ] GC(857) Using 8 workers of 8 for evacuation
[6563.574s][info][gc,phases      ] GC(857)   Pre Evacuate Collection Set: 0.28ms
[6563.574s][info][gc,phases      ] GC(857)   Merge Heap Roots: 0.55ms
[6563.574s][info][gc,phases      ] GC(857)   Evacuate Collection Set: 157.38ms
[6563.574s][info][gc,phases      ] GC(857)   Post Evacuate Collection Set: 1.27ms
[6563.574s][info][gc,phases      ] GC(857)   Other: 0.07ms
[6563.574s][info][gc,heap        ] GC(857) Eden regions: 714->0(717)
[6563.574s][info][gc,heap        ] GC(857) Survivor regions: 54->51(96)
[6563.574s][info][gc,heap        ] GC(857) Old regions: 133->135
[6563.574s][info][gc,heap        ] GC(857) Humongous regions: 33->33
[6563.574s][info][gc,metaspace   ] GC(857) Metaspace: 35716K(37952K)->35716K(37952K) NonClass: 26712K(27008K)->26712K(27008K) Class: 9004K(10944K)->9004K(10944K)
[6563.574s][info][gc             ] GC(857) Pause Young (Normal) (G1 Evacuation Pause) 7438M->1723M(10240M) 159.689ms
[6563.574s][info][gc,cpu         ] GC(857) User=1.26s Sys=0.00s Real=0.16s
....[6567.806s][info][gc,start       ] GC(858) Pause Young (Normal) (G1 Evacuation Pause)
[6567.806s][info][gc,task        ] GC(858) Using 8 workers of 8 for evacuation
[6567.972s][info][gc,phases      ] GC(858)   Pre Evacuate Collection Set: 0.31ms
[6567.972s][info][gc,phases      ] GC(858)   Merge Heap Roots: 0.61ms
[6567.972s][info][gc,phases      ] GC(858)   Evacuate Collection Set: 164.10ms
[6567.972s][info][gc,phases      ] GC(858)   Post Evacuate Collection Set: 1.24ms
[6567.972s][info][gc,phases      ] GC(858)   Other: 0.06ms
[6567.972s][info][gc,heap        ] GC(858) Eden regions: 717->0(715)
[6567.972s][info][gc,heap        ] GC(858) Survivor regions: 51->53(96)
[6567.972s][info][gc,heap        ] GC(858) Old regions: 135->138
[6567.972s][info][gc,heap        ] GC(858) Humongous regions: 33->33
[6567.972s][info][gc,metaspace   ] GC(858) Metaspace: 35716K(37952K)->35716K(37952K) NonClass: 26712K(27008K)->26712K(27008K) Class: 9004K(10944K)->9004K(10944K)
[6567.972s][info][gc             ] GC(858) Pause Young (Normal) (G1 Evacuation Pause) 7459M->1758M(10240M) 166.488ms
[6567.972s][info][gc,cpu         ] GC(858) User=1.31s Sys=0.00s Real=0.17s
.....[6572.025s][info][gc,start       ] GC(859) Pause Young (Normal) (G1 Evacuation Pause)
[6572.025s][info][gc,task        ] GC(859) Using 8 workers of 8 for evacuation
[6572.195s][info][gc,phases      ] GC(859)   Pre Evacuate Collection Set: 0.29ms
[6572.195s][info][gc,phases      ] GC(859)   Merge Heap Roots: 0.60ms
[6572.195s][info][gc,phases      ] GC(859)   Evacuate Collection Set: 167.64ms
[6572.195s][info][gc,phases      ] GC(859)   Post Evacuate Collection Set: 1.28ms
[6572.195s][info][gc,phases      ] GC(859)   Other: 0.07ms
[6572.195s][info][gc,heap        ] GC(859) Eden regions: 715->0(714)
[6572.195s][info][gc,heap        ] GC(859) Survivor regions: 53->54(96)
[6572.195s][info][gc,heap        ] GC(859) Old regions: 138->141
[6572.195s][info][gc,heap        ] GC(859) Humongous regions: 33->33
[6572.195s][info][gc,metaspace   ] GC(859) Metaspace: 35716K(37952K)->35716K(37952K) NonClass: 26712K(27008K)->26712K(27008K) Class: 9004K(10944K)->9004K(10944K)
[6572.195s][info][gc             ] GC(859) Pause Young (Normal) (G1 Evacuation Pause) 7478M->1788M(10240M) 170.009ms
[6572.195s][info][gc,cpu         ] GC(859) User=1.34s Sys=0.00s Real=0.17s
....[6576.362s][info][gc,start       ] GC(860) Pause Young (Normal) (G1 Evacuation Pause)
[6576.362s][info][gc,task        ] GC(860) Using 8 workers of 8 for evacuation
[6576.524s][info][gc,phases      ] GC(860)   Pre Evacuate Collection Set: 0.27ms
[6576.524s][info][gc,phases      ] GC(860)   Merge Heap Roots: 0.59ms
[6576.524s][info][gc,phases      ] GC(860)   Evacuate Collection Set: 159.50ms
[6576.524s][info][gc,phases      ] GC(860)   Post Evacuate Collection Set: 1.26ms
[6576.524s][info][gc,phases      ] GC(860)   Other: 0.08ms
[6576.524s][info][gc,heap        ] GC(860) Eden regions: 714->0(716)
[6576.524s][info][gc,heap        ] GC(860) Survivor regions: 54->52(96)
[6576.524s][info][gc,heap        ] GC(860) Old regions: 141->144
[6576.524s][info][gc,heap        ] GC(860) Humongous regions: 33->33
[6576.524s][info][gc,metaspace   ] GC(860) Metaspace: 35716K(37952K)->35716K(37952K) NonClass: 26712K(27008K)->26712K(27008K) Class: 9004K(10944K)->9004K(10944K)
[6576.524s][info][gc             ] GC(860) Pause Young (Normal) (G1 Evacuation Pause) 7500M->1799M(10240M) 161.846ms
[6576.524s][info][gc,cpu         ] GC(860) User=1.28s Sys=0.00s Real=0.16s
.... (rIR:aIR:PR = 11208:11128:11135) (tPR = 164669) [OK] 
  6579s: Performance info:
         Transaction,    Success,    Partial,     Failed,   Receipts, AvgBarcode, 
             Overall,     672895,          0,          0,     638705,      59.47, 
         Response times:
             Request,    Success,    Partial,     Failed,   SkipFail,     Probes,    Samples,      min,      p50,      p90,      p95,      p99,      max, 
       TotalPurchase,     638287,          0,          0,          0,     352960,     441270,      300,    12500,    90000,   139000,   200000,  3600000,
     InStorePurchase,     338218,          0,          0,          0,     185365,     232271,      300,    12500,    91000,   139000,   199000,  3600000,
      OnlinePurchase,     233499,          0,          0,          0,     130496,     162352,      300,    12400,    89000,   138000,   198000,  3600000,
        InstPurchase,      66570,          0,          0,          0,      37099,      46647,      400,    12600,    92000,   146000,   208000,  3600000,
          AssocOfCat,        674,          0,          0,          0,        551,        818,    33000,    71000,   156200,   214150,   278910,   326000,
      AssocOfProduct,       6898,          0,          0,          0,       3962,       5207,      400,    12700,    87000,   133600,   208920,  2800000,
      BusinessReport,       1694,          0,          0,          0,       1521,       2082,    36000,    83000,   175000,   224000,   267340,   372000,
          CustBuyBeh,       6916,          0,          0,          0,       3962,       5187,      300,    12400,    84000,   133600,   192000,  1100000,
       ProductReturn,      18003,          0,          0,          0,      10023,      12761,      200,    12700,    93000,   148000,   206380,   940000,

  6579s: (82%)   IR =  11346 [6580.710s][info][gc,start       ] GC(861) Pause Young (Normal) (G1 Evacuation Pause)
[6580.710s][info][gc,task        ] GC(861) Using 8 workers of 8 for evacuation
[6580.877s][info][gc,phases      ] GC(861)   Pre Evacuate Collection Set: 0.34ms
[6580.877s][info][gc,phases      ] GC(861)   Merge Heap Roots: 0.59ms
[6580.877s][info][gc,phases      ] GC(861)   Evacuate Collection Set: 164.53ms
[6580.877s][info][gc,phases      ] GC(861)   Post Evacuate Collection Set: 1.35ms
[6580.877s][info][gc,phases      ] GC(861)   Other: 0.07ms
[6580.877s][info][gc,heap        ] GC(861) Eden regions: 716->0(714)
[6580.877s][info][gc,heap        ] GC(861) Survivor regions: 52->54(96)
[6580.877s][info][gc,heap        ] GC(861) Old regions: 144->147
[6580.877s][info][gc,heap        ] GC(861) Humongous regions: 33->33
[6580.877s][info][gc,metaspace   ] GC(861) Metaspace: 35716K(37952K)->35716K(37952K) NonClass: 26712K(27008K)->26712K(27008K) Class: 9004K(10944K)->9004K(10944K)
[6580.877s][info][gc             ] GC(861) Pause Young (Normal) (G1 Evacuation Pause) 7527M->1833M(10240M) 167.027ms
[6580.877s][info][gc,cpu         ] GC(861) User=1.31s Sys=0.00s Real=0.17s
....[6584.918s][info][gc,start       ] GC(862) Pause Young (Normal) (G1 Evacuation Pause)
[6584.918s][info][gc,task        ] GC(862) Using 8 workers of 8 for evacuation
[6585.079s][info][gc,phases      ] GC(862)   Pre Evacuate Collection Set: 0.29ms
[6585.079s][info][gc,phases      ] GC(862)   Merge Heap Roots: 0.56ms
[6585.079s][info][gc,phases      ] GC(862)   Evacuate Collection Set: 159.23ms
[6585.079s][info][gc,phases      ] GC(862)   Post Evacuate Collection Set: 1.31ms
[6585.079s][info][gc,phases      ] GC(862)   Other: 0.07ms
[6585.079s][info][gc,heap        ] GC(862) Eden regions: 714->0(716)
[6585.079s][info][gc,heap        ] GC(862) Survivor regions: 54->52(96)
[6585.079s][info][gc,heap        ] GC(862) Old regions: 147->149
[6585.079s][info][gc,heap        ] GC(862) Humongous regions: 33->33
[6585.079s][info][gc,metaspace   ] GC(862) Metaspace: 35716K(37952K)->35716K(37952K) NonClass: 26712K(27008K)->26712K(27008K) Class: 9004K(10944K)->9004K(10944K)
[6585.079s][info][gc             ] GC(862) Pause Young (Normal) (G1 Evacuation Pause) 7545M->1839M(10240M) 161.590ms
[6585.079s][info][gc,cpu         ] GC(862) User=1.27s Sys=0.00s Real=0.16s
.....[6589.181s][info][gc,start       ] GC(863) Pause Young (Normal) (G1 Evacuation Pause)
[6589.181s][info][gc,task        ] GC(863) Using 8 workers of 8 for evacuation
[6589.347s][info][gc,phases      ] GC(863)   Pre Evacuate Collection Set: 0.29ms
[6589.347s][info][gc,phases      ] GC(863)   Merge Heap Roots: 0.59ms
[6589.347s][info][gc,phases      ] GC(863)   Evacuate Collection Set: 163.31ms
[6589.347s][info][gc,phases      ] GC(863)   Post Evacuate Collection Set: 1.22ms
[6589.347s][info][gc,phases      ] GC(863)   Other: 0.07ms
[6589.347s][info][gc,heap        ] GC(863) Eden regions: 716->0(714)
[6589.347s][info][gc,heap        ] GC(863) Survivor regions: 52->54(96)
[6589.347s][info][gc,heap        ] GC(863) Old regions: 149->152
[6589.347s][info][gc,heap        ] GC(863) Humongous regions: 33->33
[6589.347s][info][gc,metaspace   ] GC(863) Metaspace: 35716K(37952K)->35716K(37952K) NonClass: 26712K(27008K)->26712K(27008K) Class: 9004K(10944K)->9004K(10944K)
[6589.347s][info][gc             ] GC(863) Pause Young (Normal) (G1 Evacuation Pause) 7567M->1876M(10240M) 165.617ms
[6589.347s][info][gc,cpu         ] GC(863) User=1.30s Sys=0.00s Real=0.17s
....[6593.381s][info][gc,start       ] GC(864) Pause Young (Normal) (G1 Evacuation Pause)
[6593.381s][info][gc,task        ] GC(864) Using 8 workers of 8 for evacuation
[6593.545s][info][gc,phases      ] GC(864)   Pre Evacuate Collection Set: 0.28ms
[6593.545s][info][gc,phases      ] GC(864)   Merge Heap Roots: 0.60ms
[6593.545s][info][gc,phases      ] GC(864)   Evacuate Collection Set: 162.28ms
[6593.545s][info][gc,phases      ] GC(864)   Post Evacuate Collection Set: 1.24ms
[6593.545s][info][gc,phases      ] GC(864)   Other: 0.07ms
[6593.545s][info][gc,heap        ] GC(864) Eden regions: 714->0(716)
[6593.545s][info][gc,heap        ] GC(864) Survivor regions: 54->52(96)
[6593.545s][info][gc,heap        ] GC(864) Old regions: 152->155
[6593.545s][info][gc,heap        ] GC(864) Humongous regions: 33->33
[6593.545s][info][gc,metaspace   ] GC(864) Metaspace: 35716K(37952K)->35716K(37952K) NonClass: 26712K(27008K)->26712K(27008K) Class: 9004K(10944K)->9004K(10944K)
[6593.545s][info][gc             ] GC(864) Pause Young (Normal) (G1 Evacuation Pause) 7588M->1883M(10240M) 164.617ms
[6593.545s][info][gc,cpu         ] GC(864) User=1.29s Sys=0.01s Real=0.17s
..|..[6597.722s][info][gc,start       ] GC(865) Pause Young (Normal) (G1 Evacuation Pause)
[6597.722s][info][gc,task        ] GC(865) Using 8 workers of 8 for evacuation
[6597.885s][info][gc,phases      ] GC(865)   Pre Evacuate Collection Set: 0.29ms
[6597.885s][info][gc,phases      ] GC(865)   Merge Heap Roots: 0.62ms
[6597.885s][info][gc,phases      ] GC(865)   Evacuate Collection Set: 160.88ms
[6597.885s][info][gc,phases      ] GC(865)   Post Evacuate Collection Set: 1.30ms
[6597.885s][info][gc,phases      ] GC(865)   Other: 0.07ms
[6597.885s][info][gc,heap        ] GC(865) Eden regions: 716->0(716)
[6597.885s][info][gc,heap        ] GC(865) Survivor regions: 52->52(96)
[6597.885s][info][gc,heap        ] GC(865) Old regions: 155->158
[6597.885s][info][gc,heap        ] GC(865) Humongous regions: 33->33
[6597.885s][info][gc,metaspace   ] GC(865) Metaspace: 35716K(37952K)->35716K(37952K) NonClass: 26712K(27008K)->26712K(27008K) Class: 9004K(10944K)->9004K(10944K)
[6597.885s][info][gc             ] GC(865) Pause Young (Normal) (G1 Evacuation Pause) 7611M->1909M(10240M) 163.310ms
[6597.885s][info][gc,cpu         ] GC(865) User=1.28s Sys=0.00s Real=0.17s
....[6601.975s][info][gc,start       ] GC(866) Pause Young (Normal) (G1 Evacuation Pause)
[6601.975s][info][gc,task        ] GC(866) Using 8 workers of 8 for evacuation
[6602.146s][info][gc,phases      ] GC(866)   Pre Evacuate Collection Set: 0.31ms
[6602.146s][info][gc,phases      ] GC(866)   Merge Heap Roots: 0.66ms
[6602.146s][info][gc,phases      ] GC(866)   Evacuate Collection Set: 168.41ms
[6602.146s][info][gc,phases      ] GC(866)   Post Evacuate Collection Set: 1.28ms
[6602.146s][info][gc,phases      ] GC(866)   Other: 0.07ms
[6602.146s][info][gc,heap        ] GC(866) Eden regions: 716->0(714)
[6602.146s][info][gc,heap        ] GC(866) Survivor regions: 52->54(96)
[6602.146s][info][gc,heap        ] GC(866) Old regions: 158->160
[6602.146s][info][gc,heap        ] GC(866) Humongous regions: 33->33
[6602.146s][info][gc,metaspace   ] GC(866) Metaspace: 35716K(37952K)->35716K(37952K) NonClass: 26712K(27008K)->26712K(27008K) Class: 9004K(10944K)->9004K(10944K)
[6602.146s][info][gc             ] GC(866) Pause Young (Normal) (G1 Evacuation Pause) 7637M->1946M(10240M) 170.865ms
[6602.146s][info][gc,cpu         ] GC(866) User=1.35s Sys=0.00s Real=0.17s
.....[6606.175s][info][gc,start       ] GC(867) Pause Young (Normal) (G1 Evacuation Pause)
[6606.175s][info][gc,task        ] GC(867) Using 8 workers of 8 for evacuation
[6606.343s][info][gc,phases      ] GC(867)   Pre Evacuate Collection Set: 0.31ms
[6606.343s][info][gc,phases      ] GC(867)   Merge Heap Roots: 0.69ms
[6606.343s][info][gc,phases      ] GC(867)   Evacuate Collection Set: 165.98ms
[6606.343s][info][gc,phases      ] GC(867)   Post Evacuate Collection Set: 1.26ms
[6606.343s][info][gc,phases      ] GC(867)   Other: 0.07ms
[6606.343s][info][gc,heap        ] GC(867) Eden regions: 714->0(714)
[6606.343s][info][gc,heap        ] GC(867) Survivor regions: 54->54(96)
[6606.343s][info][gc,heap        ] GC(867) Old regions: 160->163
[6606.343s][info][gc,heap        ] GC(867) Humongous regions: 33->33
[6606.343s][info][gc,metaspace   ] GC(867) Metaspace: 35716K(37952K)->35716K(37952K) NonClass: 26712K(27008K)->26712K(27008K) Class: 9004K(10944K)->9004K(10944K)
[6606.343s][info][gc             ] GC(867) Pause Young (Normal) (G1 Evacuation Pause) 7658M->1967M(10240M) 168.441ms
[6606.344s][info][gc,cpu         ] GC(867) User=1.32s Sys=0.00s Real=0.17s
....[6610.371s][info][gc,start       ] GC(868) Pause Young (Normal) (G1 Evacuation Pause)
[6610.371s][info][gc,task        ] GC(868) Using 8 workers of 8 for evacuation
[6610.535s][info][gc,phases      ] GC(868)   Pre Evacuate Collection Set: 0.27ms
[6610.535s][info][gc,phases      ] GC(868)   Merge Heap Roots: 0.56ms
[6610.535s][info][gc,phases      ] GC(868)   Evacuate Collection Set: 162.12ms
[6610.535s][info][gc,phases      ] GC(868)   Post Evacuate Collection Set: 1.27ms
[6610.535s][info][gc,phases      ] GC(868)   Other: 0.07ms
[6610.535s][info][gc,heap        ] GC(868) Eden regions: 714->0(715)
[6610.535s][info][gc,heap        ] GC(868) Survivor regions: 54->53(96)
[6610.535s][info][gc,heap        ] GC(868) Old regions: 163->166
[6610.535s][info][gc,heap        ] GC(868) Humongous regions: 33->33
[6610.535s][info][gc,metaspace   ] GC(868) Metaspace: 35716K(37952K)->35716K(37952K) NonClass: 26712K(27008K)->26712K(27008K) Class: 9004K(10944K)->9004K(10944K)
[6610.535s][info][gc             ] GC(868) Pause Young (Normal) (G1 Evacuation Pause) 7679M->1978M(10240M) 164.444ms
[6610.535s][info][gc,cpu         ] GC(868) User=1.30s Sys=0.01s Real=0.17s
....[6614.734s][info][gc,start       ] GC(869) Pause Young (Normal) (G1 Evacuation Pause)
[6614.734s][info][gc,task        ] GC(869) Using 8 workers of 8 for evacuation
[6614.896s][info][gc,phases      ] GC(869)   Pre Evacuate Collection Set: 0.28ms
[6614.896s][info][gc,phases      ] GC(869)   Merge Heap Roots: 0.54ms
[6614.896s][info][gc,phases      ] GC(869)   Evacuate Collection Set: 160.17ms
[6614.896s][info][gc,phases      ] GC(869)   Post Evacuate Collection Set: 1.28ms
[6614.896s][info][gc,phases      ] GC(869)   Other: 0.07ms
[6614.896s][info][gc,heap        ] GC(869) Eden regions: 715->0(716)
[6614.896s][info][gc,heap        ] GC(869) Survivor regions: 53->52(96)
[6614.896s][info][gc,heap        ] GC(869) Old regions: 166->168
[6614.896s][info][gc,heap        ] GC(869) Humongous regions: 33->33
[6614.896s][info][gc,metaspace   ] GC(869) Metaspace: 35716K(37952K)->35716K(37952K) NonClass: 26712K(27008K)->26712K(27008K) Class: 9004K(10944K)->9004K(10944K)
[6614.896s][info][gc             ] GC(869) Pause Young (Normal) (G1 Evacuation Pause) 7698M->1996M(10240M) 162.479ms
[6614.896s][info][gc,cpu         ] GC(869) User=1.28s Sys=0.00s Real=0.16s
....[6618.914s][info][gc,start       ] GC(870) Pause Young (Normal) (G1 Evacuation Pause)
[6618.914s][info][gc,task        ] GC(870) Using 8 workers of 8 for evacuation
[6619.080s][info][gc,phases      ] GC(870)   Pre Evacuate Collection Set: 0.31ms
[6619.080s][info][gc,phases      ] GC(870)   Merge Heap Roots: 0.56ms
[6619.080s][info][gc,phases      ] GC(870)   Evacuate Collection Set: 162.86ms
[6619.080s][info][gc,phases      ] GC(870)   Post Evacuate Collection Set: 1.27ms
[6619.080s][info][gc,phases      ] GC(870)   Other: 0.06ms
[6619.080s][info][gc,heap        ] GC(870) Eden regions: 716->0(715)
[6619.080s][info][gc,heap        ] GC(870) Survivor regions: 52->53(96)
[6619.080s][info][gc,heap        ] GC(870) Old regions: 168->171
[6619.080s][info][gc,heap        ] GC(870) Humongous regions: 33->33
[6619.080s][info][gc,metaspace   ] GC(870) Metaspace: 35716K(37952K)->35716K(37952K) NonClass: 26712K(27008K)->26712K(27008K) Class: 9004K(10944K)->9004K(10944K)
[6619.080s][info][gc             ] GC(870) Pause Young (Normal) (G1 Evacuation Pause) 7724M->2021M(10240M) 165.204ms
[6619.080s][info][gc,cpu         ] GC(870) User=1.29s Sys=0.00s Real=0.16s
.....[6623.200s][info][gc,start       ] GC(871) Pause Young (Normal) (G1 Evacuation Pause)
[6623.200s][info][gc,task        ] GC(871) Using 8 workers of 8 for evacuation
[6623.370s][info][gc,phases      ] GC(871)   Pre Evacuate Collection Set: 0.30ms
[6623.370s][info][gc,phases      ] GC(871)   Merge Heap Roots: 0.57ms
[6623.370s][info][gc,phases      ] GC(871)   Evacuate Collection Set: 167.56ms
[6623.370s][info][gc,phases      ] GC(871)   Post Evacuate Collection Set: 1.26ms
[6623.370s][info][gc,phases      ] GC(871)   Other: 0.07ms
[6623.370s][info][gc,heap        ] GC(871) Eden regions: 715->0(714)
[6623.370s][info][gc,heap        ] GC(871) Survivor regions: 53->54(96)
[6623.370s][info][gc,heap        ] GC(871) Old regions: 171->174
[6623.370s][info][gc,heap        ] GC(871) Humongous regions: 33->33
[6623.370s][info][gc,metaspace   ] GC(871) Metaspace: 35716K(37952K)->35716K(37952K) NonClass: 26712K(27008K)->26712K(27008K) Class: 9004K(10944K)->9004K(10944K)
[6623.370s][info][gc             ] GC(871) Pause Young (Normal) (G1 Evacuation Pause) 7741M->2051M(10240M) 169.888ms
[6623.370s][info][gc,cpu         ] GC(871) User=1.34s Sys=0.00s Real=0.17s
....[6627.449s][info][gc,start       ] GC(872) Pause Young (Normal) (G1 Evacuation Pause)
[6627.449s][info][gc,task        ] GC(872) Using 8 workers of 8 for evacuation
[6627.610s][info][gc,phases      ] GC(872)   Pre Evacuate Collection Set: 0.28ms
[6627.610s][info][gc,phases      ] GC(872)   Merge Heap Roots: 0.60ms
[6627.610s][info][gc,phases      ] GC(872)   Evacuate Collection Set: 158.74ms
[6627.610s][info][gc,phases      ] GC(872)   Post Evacuate Collection Set: 1.24ms
[6627.610s][info][gc,phases      ] GC(872)   Other: 0.07ms
[6627.610s][info][gc,heap        ] GC(872) Eden regions: 714->0(716)
[6627.610s][info][gc,heap        ] GC(872) Survivor regions: 54->52(96)
[6627.610s][info][gc,heap        ] GC(872) Old regions: 174->177
[6627.610s][info][gc,heap        ] GC(872) Humongous regions: 33->33
[6627.610s][info][gc,metaspace   ] GC(872) Metaspace: 35716K(37952K)->35716K(37952K) NonClass: 26712K(27008K)->26712K(27008K) Class: 9004K(10944K)->9004K(10944K)
[6627.610s][info][gc             ] GC(872) Pause Young (Normal) (G1 Evacuation Pause) 7763M->2057M(10240M) 161.067ms
[6627.610s][info][gc,cpu         ] GC(872) User=1.27s Sys=0.00s Real=0.16s
....[6631.710s][info][gc,start       ] GC(873) Pause Young (Normal) (G1 Evacuation Pause)
[6631.710s][info][gc,task        ] GC(873) Using 8 workers of 8 for evacuation
[6631.882s][info][gc,phases      ] GC(873)   Pre Evacuate Collection Set: 0.28ms
[6631.882s][info][gc,phases      ] GC(873)   Merge Heap Roots: 0.56ms
[6631.882s][info][gc,phases      ] GC(873)   Evacuate Collection Set: 169.32ms
[6631.882s][info][gc,phases      ] GC(873)   Post Evacuate Collection Set: 1.27ms
[6631.882s][info][gc,phases      ] GC(873)   Other: 0.08ms
[6631.882s][info][gc,heap        ] GC(873) Eden regions: 716->0(714)
[6631.882s][info][gc,heap        ] GC(873) Survivor regions: 52->54(96)
[6631.882s][info][gc,heap        ] GC(873) Old regions: 177->179
[6631.882s][info][gc,heap        ] GC(873) Humongous regions: 33->33
[6631.882s][info][gc,metaspace   ] GC(873) Metaspace: 35716K(37952K)->35716K(37952K) NonClass: 26712K(27008K)->26712K(27008K) Class: 9004K(10944K)->9004K(10944K)
[6631.882s][info][gc             ] GC(873) Pause Young (Normal) (G1 Evacuation Pause) 7785M->2099M(10240M) 171.636ms
[6631.882s][info][gc,cpu         ] GC(873) User=1.35s Sys=0.00s Real=0.18s
....[6636.021s][info][gc,start       ] GC(874) Pause Young (Normal) (G1 Evacuation Pause)
[6636.021s][info][gc,task        ] GC(874) Using 8 workers of 8 for evacuation
[6636.188s][info][gc,phases      ] GC(874)   Pre Evacuate Collection Set: 0.30ms
[6636.188s][info][gc,phases      ] GC(874)   Merge Heap Roots: 0.58ms
[6636.188s][info][gc,phases      ] GC(874)   Evacuate Collection Set: 163.98ms
[6636.188s][info][gc,phases      ] GC(874)   Post Evacuate Collection Set: 1.26ms
[6636.188s][info][gc,phases      ] GC(874)   Other: 0.07ms
[6636.188s][info][gc,heap        ] GC(874) Eden regions: 714->0(715)
[6636.188s][info][gc,heap        ] GC(874) Survivor regions: 54->53(96)
[6636.188s][info][gc,heap        ] GC(874) Old regions: 179->182
[6636.188s][info][gc,heap        ] GC(874) Humongous regions: 33->33
[6636.188s][info][gc,metaspace   ] GC(874) Metaspace: 35716K(37952K)->35716K(37952K) NonClass: 26712K(27008K)->26712K(27008K) Class: 9004K(10944K)->9004K(10944K)
[6636.188s][info][gc             ] GC(874) Pause Young (Normal) (G1 Evacuation Pause) 7811M->2114M(10240M) 166.324ms
[6636.188s][info][gc,cpu         ] GC(874) User=1.31s Sys=0.00s Real=0.17s
.....[6640.405s][info][gc,start       ] GC(875) Pause Young (Normal) (G1 Evacuation Pause)
[6640.405s][info][gc,task        ] GC(875) Using 8 workers of 8 for evacuation
[6640.565s][info][gc,phases      ] GC(875)   Pre Evacuate Collection Set: 0.28ms
[6640.565s][info][gc,phases      ] GC(875)   Merge Heap Roots: 0.54ms
[6640.565s][info][gc,phases      ] GC(875)   Evacuate Collection Set: 156.94ms
[6640.565s][info][gc,phases      ] GC(875)   Post Evacuate Collection Set: 1.29ms
[6640.565s][info][gc,phases      ] GC(875)   Other: 0.08ms
[6640.565s][info][gc,heap        ] GC(875) Eden regions: 715->0(717)
[6640.565s][info][gc,heap        ] GC(875) Survivor regions: 53->51(96)
[6640.565s][info][gc,heap        ] GC(875) Old regions: 182->185
[6640.565s][info][gc,heap        ] GC(875) Humongous regions: 33->33
[6640.565s][info][gc,metaspace   ] GC(875) Metaspace: 35716K(37952K)->35716K(37952K) NonClass: 26712K(27008K)->26712K(27008K) Class: 9004K(10944K)->9004K(10944K)
[6640.565s][info][gc             ] GC(875) Pause Young (Normal) (G1 Evacuation Pause) 7834M->2115M(10240M) 159.290ms
[6640.565s][info][gc,cpu         ] GC(875) User=1.26s Sys=0.00s Real=0.16s
....[6644.542s][info][gc,start       ] GC(876) Pause Young (Normal) (G1 Evacuation Pause)
[6644.542s][info][gc,task        ] GC(876) Using 8 workers of 8 for evacuation
[6644.704s][info][gc,phases      ] GC(876)   Pre Evacuate Collection Set: 0.28ms
[6644.704s][info][gc,phases      ] GC(876)   Merge Heap Roots: 0.56ms
[6644.704s][info][gc,phases      ] GC(876)   Evacuate Collection Set: 159.57ms
[6644.704s][info][gc,phases      ] GC(876)   Post Evacuate Collection Set: 1.26ms
[6644.704s][info][gc,phases      ] GC(876)   Other: 0.07ms
[6644.704s][info][gc,heap        ] GC(876) Eden regions: 717->0(717)
[6644.704s][info][gc,heap        ] GC(876) Survivor regions: 51->51(96)
[6644.704s][info][gc,heap        ] GC(876) Old regions: 185->188
[6644.704s][info][gc,heap        ] GC(876) Humongous regions: 33->33
[6644.704s][info][gc,metaspace   ] GC(876) Metaspace: 35716K(37952K)->35716K(37952K) NonClass: 26712K(27008K)->26712K(27008K) Class: 9004K(10944K)->9004K(10944K)
[6644.704s][info][gc             ] GC(876) Pause Young (Normal) (G1 Evacuation Pause) 7851M->2140M(10240M) 161.876ms
[6644.704s][info][gc,cpu         ] GC(876) User=1.28s Sys=0.00s Real=0.16s
....[6648.819s][info][gc,start       ] GC(877) Pause Young (Normal) (G1 Evacuation Pause)
[6648.819s][info][gc,task        ] GC(877) Using 8 workers of 8 for evacuation
[6648.984s][info][gc,phases      ] GC(877)   Pre Evacuate Collection Set: 0.27ms
[6648.984s][info][gc,phases      ] GC(877)   Merge Heap Roots: 0.56ms
[6648.984s][info][gc,phases      ] GC(877)   Evacuate Collection Set: 162.76ms
[6648.984s][info][gc,phases      ] GC(877)   Post Evacuate Collection Set: 1.19ms
[6648.984s][info][gc,phases      ] GC(877)   Other: 0.07ms
[6648.984s][info][gc,heap        ] GC(877) Eden regions: 717->0(715)
[6648.984s][info][gc,heap        ] GC(877) Survivor regions: 51->53(96)
[6648.984s][info][gc,heap        ] GC(877) Old regions: 188->190
[6648.984s][info][gc,heap        ] GC(877) Humongous regions: 33->33
[6648.984s][info][gc,metaspace   ] GC(877) Metaspace: 35716K(37952K)->35716K(37952K) NonClass: 26712K(27008K)->26712K(27008K) Class: 9004K(10944K)->9004K(10944K)
[6648.984s][info][gc             ] GC(877) Pause Young (Normal) (G1 Evacuation Pause) 7876M->2178M(10240M) 164.982ms
[6648.984s][info][gc,cpu         ] GC(877) User=1.30s Sys=0.00s Real=0.17s
....[6653.159s][info][gc,start       ] GC(878) Pause Young (Normal) (G1 Evacuation Pause)
[6653.159s][info][gc,task        ] GC(878) Using 8 workers of 8 for evacuation
[6653.327s][info][gc,phases      ] GC(878)   Pre Evacuate Collection Set: 0.28ms
[6653.327s][info][gc,phases      ] GC(878)   Merge Heap Roots: 0.56ms
[6653.327s][info][gc,phases      ] GC(878)   Evacuate Collection Set: 166.23ms
[6653.327s][info][gc,phases      ] GC(878)   Post Evacuate Collection Set: 1.24ms
[6653.327s][info][gc,phases      ] GC(878)   Other: 0.07ms
[6653.327s][info][gc,heap        ] GC(878) Eden regions: 715->0(714)
[6653.327s][info][gc,heap        ] GC(878) Survivor regions: 53->54(96)
[6653.327s][info][gc,heap        ] GC(878) Old regions: 190->193
[6653.327s][info][gc,heap        ] GC(878) Humongous regions: 33->33
[6653.327s][info][gc,metaspace   ] GC(878) Metaspace: 35716K(37952K)->35716K(37952K) NonClass: 26712K(27008K)->26712K(27008K) Class: 9004K(10944K)->9004K(10944K)
[6653.327s][info][gc             ] GC(878) Pause Young (Normal) (G1 Evacuation Pause) 7898M->2204M(10240M) 168.553ms
[6653.327s][info][gc,cpu         ] GC(878) User=1.32s Sys=0.00s Real=0.17s
... (rIR:aIR:PR = 11346:11257:11259) (tPR = 168905) [OK] 
  6655s: Performance info:
         Transaction,    Success,    Partial,     Failed,   Receipts, AvgBarcode, 
             Overall,     677913,          0,          0,     644067,      59.47, 
         Response times:
             Request,    Success,    Partial,     Failed,   SkipFail,     Probes,    Samples,      min,      p50,      p90,      p95,      p99,      max, 
       TotalPurchase,     643978,          0,          0,          0,     356028,     455186,      300,    13300,    77000,   109000,   210000,  1300000,
     InStorePurchase,     336962,          0,          0,          0,     187364,     239014,      300,    13300,    77000,   109000,   204000,  1300000,
      OnlinePurchase,     240458,          0,          0,          0,     130924,     167780,      300,    13400,    76000,   110000,   218000,  1300000,
        InstPurchase,      66558,          0,          0,          0,      37740,      48392,      500,    13000,    77000,   109000,   212000,  1300000,
          AssocOfCat,        685,          0,          0,          0,        573,        826,    31000,    72000,   150000,   195250,   280920,   930000,
      AssocOfProduct,       6805,          0,          0,          0,       4109,       5422,      700,    13900,    78000,   114000,   207770,   960000,
      BusinessReport,       1710,          0,          0,          0,       1479,       2058,    34000,    85000,   153100,   194050,   276050,   610000,
          CustBuyBeh,       6846,          0,          0,          0,       4016,       5373,      200,    13200,    73000,   108000,   210000,   960000,
       ProductReturn,      17789,          0,          0,          0,       9028,      11801,      200,    13200,    77000,   111000,   217000,  1300000,

  6655s: (83%)   IR =  11485 .[6657.261s][info][gc,start       ] GC(879) Pause Young (Normal) (G1 Evacuation Pause)
[6657.261s][info][gc,task        ] GC(879) Using 8 workers of 8 for evacuation
[6657.426s][info][gc,phases      ] GC(879)   Pre Evacuate Collection Set: 0.28ms
[6657.426s][info][gc,phases      ] GC(879)   Merge Heap Roots: 0.56ms
[6657.426s][info][gc,phases      ] GC(879)   Evacuate Collection Set: 162.98ms
[6657.426s][info][gc,phases      ] GC(879)   Post Evacuate Collection Set: 1.28ms
[6657.426s][info][gc,phases      ] GC(879)   Other: 0.07ms
[6657.426s][info][gc,heap        ] GC(879) Eden regions: 714->0(714)
[6657.426s][info][gc,heap        ] GC(879) Survivor regions: 54->54(96)
[6657.426s][info][gc,heap        ] GC(879) Old regions: 193->196
[6657.426s][info][gc,heap        ] GC(879) Humongous regions: 33->33
[6657.426s][info][gc,metaspace   ] GC(879) Metaspace: 35716K(37952K)->35716K(37952K) NonClass: 26712K(27008K)->26712K(27008K) Class: 9004K(10944K)->9004K(10944K)
[6657.426s][info][gc             ] GC(879) Pause Young (Normal) (G1 Evacuation Pause) 7916M->2226M(10240M) 165.291ms
[6657.426s][info][gc,cpu         ] GC(879) User=1.30s Sys=0.00s Real=0.17s
....[6661.441s][info][gc,start       ] GC(880) Pause Young (Normal) (G1 Evacuation Pause)
[6661.441s][info][gc,task        ] GC(880) Using 8 workers of 8 for evacuation
[6661.605s][info][gc,phases      ] GC(880)   Pre Evacuate Collection Set: 0.29ms
[6661.605s][info][gc,phases      ] GC(880)   Merge Heap Roots: 0.61ms
[6661.605s][info][gc,phases      ] GC(880)   Evacuate Collection Set: 162.30ms
[6661.605s][info][gc,phases      ] GC(880)   Post Evacuate Collection Set: 1.23ms
[6661.605s][info][gc,phases      ] GC(880)   Other: 0.06ms
[6661.605s][info][gc,heap        ] GC(880) Eden regions: 714->0(715)
[6661.605s][info][gc,heap        ] GC(880) Survivor regions: 54->53(96)
[6661.605s][info][gc,heap        ] GC(880) Old regions: 196->198
[6661.605s][info][gc,heap        ] GC(880) Humongous regions: 33->33
[6661.605s][info][gc,metaspace   ] GC(880) Metaspace: 35716K(37952K)->35716K(37952K) NonClass: 26712K(27008K)->26712K(27008K) Class: 9004K(10944K)->9004K(10944K)
[6661.605s][info][gc             ] GC(880) Pause Young (Normal) (G1 Evacuation Pause) 7938M->2244M(10240M) 164.618ms
[6661.605s][info][gc,cpu         ] GC(880) User=1.30s Sys=0.00s Real=0.17s
....[6665.566s][info][gc,start       ] GC(881) Pause Young (Normal) (G1 Evacuation Pause)
[6665.566s][info][gc,task        ] GC(881) Using 8 workers of 8 for evacuation
[6665.725s][info][gc,phases      ] GC(881)   Pre Evacuate Collection Set: 0.30ms
[6665.725s][info][gc,phases      ] GC(881)   Merge Heap Roots: 0.53ms
[6665.725s][info][gc,phases      ] GC(881)   Evacuate Collection Set: 156.79ms
[6665.725s][info][gc,phases      ] GC(881)   Post Evacuate Collection Set: 1.33ms
[6665.725s][info][gc,phases      ] GC(881)   Other: 0.06ms
[6665.725s][info][gc,heap        ] GC(881) Eden regions: 715->0(716)
[6665.725s][info][gc,heap        ] GC(881) Survivor regions: 53->52(96)
[6665.725s][info][gc,heap        ] GC(881) Old regions: 198->201
[6665.725s][info][gc,heap        ] GC(881) Humongous regions: 33->33
[6665.725s][info][gc,metaspace   ] GC(881) Metaspace: 35716K(37952K)->35716K(37952K) NonClass: 26712K(27008K)->26712K(27008K) Class: 9004K(10944K)->9004K(10944K)
[6665.725s][info][gc             ] GC(881) Pause Young (Normal) (G1 Evacuation Pause) 7964M->2254M(10240M) 159.168ms
[6665.725s][info][gc,cpu         ] GC(881) User=1.24s Sys=0.00s Real=0.16s
.....[6669.761s][info][gc,start       ] GC(882) Pause Young (Normal) (G1 Evacuation Pause)
[6669.761s][info][gc,task        ] GC(882) Using 8 workers of 8 for evacuation
[6669.928s][info][gc,phases      ] GC(882)   Pre Evacuate Collection Set: 0.30ms
[6669.928s][info][gc,phases      ] GC(882)   Merge Heap Roots: 0.55ms
[6669.928s][info][gc,phases      ] GC(882)   Evacuate Collection Set: 164.59ms
[6669.928s][info][gc,phases      ] GC(882)   Post Evacuate Collection Set: 1.29ms
[6669.928s][info][gc,phases      ] GC(882)   Other: 0.07ms
[6669.928s][info][gc,heap        ] GC(882) Eden regions: 716->0(714)
[6669.928s][info][gc,heap        ] GC(882) Survivor regions: 52->54(96)
[6669.928s][info][gc,heap        ] GC(882) Old regions: 201->204
[6669.928s][info][gc,heap        ] GC(882) Humongous regions: 33->33
[6669.928s][info][gc,metaspace   ] GC(882) Metaspace: 35716K(37952K)->35716K(37952K) NonClass: 26712K(27008K)->26712K(27008K) Class: 9004K(10944K)->9004K(10944K)
[6669.928s][info][gc             ] GC(882) Pause Young (Normal) (G1 Evacuation Pause) 7982M->2293M(10240M) 166.937ms
[6669.928s][info][gc,cpu         ] GC(882) User=1.31s Sys=0.00s Real=0.17s
..|..[6673.952s][info][gc,start       ] GC(883) Pause Young (Normal) (G1 Evacuation Pause)
[6673.952s][info][gc,task        ] GC(883) Using 8 workers of 8 for evacuation
[6674.117s][info][gc,phases      ] GC(883)   Pre Evacuate Collection Set: 0.29ms
[6674.117s][info][gc,phases      ] GC(883)   Merge Heap Roots: 0.60ms
[6674.117s][info][gc,phases      ] GC(883)   Evacuate Collection Set: 162.03ms
[6674.117s][info][gc,phases      ] GC(883)   Post Evacuate Collection Set: 1.25ms
[6674.117s][info][gc,phases      ] GC(883)   Other: 0.06ms
[6674.117s][info][gc,heap        ] GC(883) Eden regions: 714->0(715)
[6674.117s][info][gc,heap        ] GC(883) Survivor regions: 54->53(96)
[6674.117s][info][gc,heap        ] GC(883) Old regions: 204->207
[6674.117s][info][gc,heap        ] GC(883) Humongous regions: 33->33
[6674.117s][info][gc,metaspace   ] GC(883) Metaspace: 35716K(37952K)->35716K(37952K) NonClass: 26712K(27008K)->26712K(27008K) Class: 9004K(10944K)->9004K(10944K)
[6674.117s][info][gc             ] GC(883) Pause Young (Normal) (G1 Evacuation Pause) 8005M->2310M(10240M) 164.369ms
[6674.117s][info][gc,cpu         ] GC(883) User=1.29s Sys=0.00s Real=0.16s
....[6678.135s][info][gc,start       ] GC(884) Pause Young (Normal) (G1 Evacuation Pause)
[6678.135s][info][gc,task        ] GC(884) Using 8 workers of 8 for evacuation
[6678.303s][info][gc,phases      ] GC(884)   Pre Evacuate Collection Set: 0.29ms
[6678.303s][info][gc,phases      ] GC(884)   Merge Heap Roots: 0.58ms
[6678.303s][info][gc,phases      ] GC(884)   Evacuate Collection Set: 165.27ms
[6678.303s][info][gc,phases      ] GC(884)   Post Evacuate Collection Set: 1.29ms
[6678.303s][info][gc,phases      ] GC(884)   Other: 0.06ms
[6678.303s][info][gc,heap        ] GC(884) Eden regions: 715->0(714)
[6678.303s][info][gc,heap        ] GC(884) Survivor regions: 53->54(96)
[6678.303s][info][gc,heap        ] GC(884) Old regions: 207->209
[6678.303s][info][gc,heap        ] GC(884) Humongous regions: 33->33
[6678.303s][info][gc,metaspace   ] GC(884) Metaspace: 35716K(37952K)->35716K(37952K) NonClass: 26712K(27008K)->26712K(27008K) Class: 9004K(10944K)->9004K(10944K)
[6678.303s][info][gc             ] GC(884) Pause Young (Normal) (G1 Evacuation Pause) 8030M->2335M(10240M) 167.651ms
[6678.303s][info][gc,cpu         ] GC(884) User=1.32s Sys=0.00s Real=0.17s
....[6682.242s][info][gc,start       ] GC(885) Pause Young (Normal) (G1 Evacuation Pause)
[6682.242s][info][gc,task        ] GC(885) Using 8 workers of 8 for evacuation
[6682.401s][info][gc,phases      ] GC(885)   Pre Evacuate Collection Set: 0.32ms
[6682.401s][info][gc,phases      ] GC(885)   Merge Heap Roots: 0.56ms
[6682.401s][info][gc,phases      ] GC(885)   Evacuate Collection Set: 156.91ms
[6682.401s][info][gc,phases      ] GC(885)   Post Evacuate Collection Set: 1.26ms
[6682.401s][info][gc,phases      ] GC(885)   Other: 0.07ms
[6682.401s][info][gc,heap        ] GC(885) Eden regions: 714->0(716)
[6682.401s][info][gc,heap        ] GC(885) Survivor regions: 54->52(96)
[6682.401s][info][gc,heap        ] GC(885) Old regions: 209->212
[6682.401s][info][gc,heap        ] GC(885) Humongous regions: 33->33
[6682.401s][info][gc,metaspace   ] GC(885) Metaspace: 35716K(37952K)->35716K(37952K) NonClass: 26712K(27008K)->26712K(27008K) Class: 9004K(10944K)->9004K(10944K)
[6682.401s][info][gc             ] GC(885) Pause Young (Normal) (G1 Evacuation Pause) 8047M->2341M(10240M) 159.253ms
[6682.402s][info][gc,cpu         ] GC(885) User=1.25s Sys=0.00s Real=0.15s
....[6686.431s][info][gc,start       ] GC(886) Pause Young (Normal) (G1 Evacuation Pause)
[6686.431s][info][gc,task        ] GC(886) Using 8 workers of 8 for evacuation
[6686.592s][info][gc,phases      ] GC(886)   Pre Evacuate Collection Set: 0.30ms
[6686.592s][info][gc,phases      ] GC(886)   Merge Heap Roots: 0.63ms
[6686.592s][info][gc,phases      ] GC(886)   Evacuate Collection Set: 157.94ms
[6686.592s][info][gc,phases      ] GC(886)   Post Evacuate Collection Set: 1.29ms
[6686.592s][info][gc,phases      ] GC(886)   Other: 0.06ms
[6686.592s][info][gc,heap        ] GC(886) Eden regions: 716->0(716)
[6686.592s][info][gc,heap        ] GC(886) Survivor regions: 52->52(96)
[6686.592s][info][gc,heap        ] GC(886) Old regions: 212->215
[6686.592s][info][gc,heap        ] GC(886) Humongous regions: 33->33
[6686.592s][info][gc,metaspace   ] GC(886) Metaspace: 35716K(37952K)->35716K(37952K) NonClass: 26712K(27008K)->26712K(27008K) Class: 9004K(10944K)->9004K(10944K)
[6686.592s][info][gc             ] GC(886) Pause Young (Normal) (G1 Evacuation Pause) 8069M->2363M(10240M) 160.375ms
[6686.592s][info][gc,cpu         ] GC(886) User=1.26s Sys=0.00s Real=0.17s
....[6690.635s][info][gc,start       ] GC(887) Pause Young (Normal) (G1 Evacuation Pause)
[6690.635s][info][gc,task        ] GC(887) Using 8 workers of 8 for evacuation
[6690.798s][info][gc,phases      ] GC(887)   Pre Evacuate Collection Set: 0.29ms
[6690.798s][info][gc,phases      ] GC(887)   Merge Heap Roots: 0.59ms
[6690.798s][info][gc,phases      ] GC(887)   Evacuate Collection Set: 160.81ms
[6690.798s][info][gc,phases      ] GC(887)   Post Evacuate Collection Set: 1.30ms
[6690.798s][info][gc,phases      ] GC(887)   Other: 0.07ms
[6690.798s][info][gc,heap        ] GC(887) Eden regions: 716->0(716)
[6690.798s][info][gc,heap        ] GC(887) Survivor regions: 52->52(96)
[6690.798s][info][gc,heap        ] GC(887) Old regions: 215->218
[6690.798s][info][gc,heap        ] GC(887) Humongous regions: 33->33
[6690.798s][info][gc,metaspace   ] GC(887) Metaspace: 35716K(37952K)->35716K(37952K) NonClass: 26712K(27008K)->26712K(27008K) Class: 9004K(10944K)->9004K(10944K)
[6690.798s][info][gc             ] GC(887) Pause Young (Normal) (G1 Evacuation Pause) 8091M->2390M(10240M) 163.200ms
[6690.798s][info][gc,cpu         ] GC(887) User=1.29s Sys=0.00s Real=0.16s
.....[6694.842s][info][gc,start       ] GC(888) Pause Young (Normal) (G1 Evacuation Pause)
[6694.842s][info][gc,task        ] GC(888) Using 8 workers of 8 for evacuation
[6695.008s][info][gc,phases      ] GC(888)   Pre Evacuate Collection Set: 0.28ms
[6695.008s][info][gc,phases      ] GC(888)   Merge Heap Roots: 0.61ms
[6695.008s][info][gc,phases      ] GC(888)   Evacuate Collection Set: 164.17ms
[6695.008s][info][gc,phases      ] GC(888)   Post Evacuate Collection Set: 1.29ms
[6695.008s][info][gc,phases      ] GC(888)   Other: 0.07ms
[6695.008s][info][gc,heap        ] GC(888) Eden regions: 716->0(715)
[6695.008s][info][gc,heap        ] GC(888) Survivor regions: 52->53(96)
[6695.008s][info][gc,heap        ] GC(888) Old regions: 218->221
[6695.008s][info][gc,heap        ] GC(888) Humongous regions: 33->33
[6695.008s][info][gc,metaspace   ] GC(888) Metaspace: 35716K(37952K)->35716K(37952K) NonClass: 26712K(27008K)->26712K(27008K) Class: 9004K(10944K)->9004K(10944K)
[6695.008s][info][gc             ] GC(888) Pause Young (Normal) (G1 Evacuation Pause) 8118M->2417M(10240M) 166.565ms
[6695.008s][info][gc,cpu         ] GC(888) User=1.31s Sys=0.00s Real=0.17s
....[6698.964s][info][gc,start       ] GC(889) Pause Young (Normal) (G1 Evacuation Pause)
[6698.964s][info][gc,task        ] GC(889) Using 8 workers of 8 for evacuation
[6699.129s][info][gc,phases      ] GC(889)   Pre Evacuate Collection Set: 0.28ms
[6699.129s][info][gc,phases      ] GC(889)   Merge Heap Roots: 0.55ms
[6699.129s][info][gc,phases      ] GC(889)   Evacuate Collection Set: 162.87ms
[6699.129s][info][gc,phases      ] GC(889)   Post Evacuate Collection Set: 1.22ms
[6699.129s][info][gc,phases      ] GC(889)   Other: 0.08ms
[6699.129s][info][gc,heap        ] GC(889) Eden regions: 715->0(714)
[6699.129s][info][gc,heap        ] GC(889) Survivor regions: 53->54(96)
[6699.129s][info][gc,heap        ] GC(889) Old regions: 221->223
[6699.129s][info][gc,heap        ] GC(889) Humongous regions: 33->33
[6699.129s][info][gc,metaspace   ] GC(889) Metaspace: 35716K(37952K)->35716K(37952K) NonClass: 26712K(27008K)->26712K(27008K) Class: 9004K(10944K)->9004K(10944K)
[6699.129s][info][gc             ] GC(889) Pause Young (Normal) (G1 Evacuation Pause) 8137M->2448M(10240M) 165.125ms
[6699.129s][info][gc,cpu         ] GC(889) User=1.30s Sys=0.00s Real=0.16s
....[6703.173s][info][gc,start       ] GC(890) Pause Young (Normal) (G1 Evacuation Pause)
[6703.173s][info][gc,task        ] GC(890) Using 8 workers of 8 for evacuation
[6703.336s][info][gc,phases      ] GC(890)   Pre Evacuate Collection Set: 0.29ms
[6703.336s][info][gc,phases      ] GC(890)   Merge Heap Roots: 0.52ms
[6703.336s][info][gc,phases      ] GC(890)   Evacuate Collection Set: 160.81ms
[6703.336s][info][gc,phases      ] GC(890)   Post Evacuate Collection Set: 1.28ms
[6703.336s][info][gc,phases      ] GC(890)   Other: 0.07ms
[6703.336s][info][gc,heap        ] GC(890) Eden regions: 714->0(716)
[6703.336s][info][gc,heap        ] GC(890) Survivor regions: 54->52(96)
[6703.336s][info][gc,heap        ] GC(890) Old regions: 223->226
[6703.336s][info][gc,heap        ] GC(890) Humongous regions: 33->33
[6703.336s][info][gc,metaspace   ] GC(890) Metaspace: 35716K(37952K)->35716K(37952K) NonClass: 26712K(27008K)->26712K(27008K) Class: 9004K(10944K)->9004K(10944K)
[6703.336s][info][gc             ] GC(890) Pause Young (Normal) (G1 Evacuation Pause) 8160M->2459M(10240M) 163.105ms
[6703.336s][info][gc,cpu         ] GC(890) User=1.28s Sys=0.00s Real=0.16s
....[6707.478s][info][gc,start       ] GC(891) Pause Young (Normal) (G1 Evacuation Pause)
[6707.478s][info][gc,task        ] GC(891) Using 8 workers of 8 for evacuation
[6707.642s][info][gc,phases      ] GC(891)   Pre Evacuate Collection Set: 0.27ms
[6707.642s][info][gc,phases      ] GC(891)   Merge Heap Roots: 0.56ms
[6707.642s][info][gc,phases      ] GC(891)   Evacuate Collection Set: 161.64ms
[6707.642s][info][gc,phases      ] GC(891)   Post Evacuate Collection Set: 1.25ms
[6707.642s][info][gc,phases      ] GC(891)   Other: 0.06ms
[6707.642s][info][gc,heap        ] GC(891) Eden regions: 716->0(715)
[6707.642s][info][gc,heap        ] GC(891) Survivor regions: 52->53(96)
[6707.642s][info][gc,heap        ] GC(891) Old regions: 226->229
[6707.642s][info][gc,heap        ] GC(891) Humongous regions: 33->33
[6707.642s][info][gc,metaspace   ] GC(891) Metaspace: 35716K(37952K)->35716K(37952K) NonClass: 26712K(27008K)->26712K(27008K) Class: 9004K(10944K)->9004K(10944K)
[6707.642s][info][gc             ] GC(891) Pause Young (Normal) (G1 Evacuation Pause) 8187M->2487M(10240M) 163.935ms
[6707.642s][info][gc,cpu         ] GC(891) User=1.29s Sys=0.00s Real=0.17s
....[6711.679s][info][gc,start       ] GC(892) Pause Young (Normal) (G1 Evacuation Pause)
[6711.679s][info][gc,task        ] GC(892) Using 8 workers of 8 for evacuation
[6711.845s][info][gc,phases      ] GC(892)   Pre Evacuate Collection Set: 0.29ms
[6711.846s][info][gc,phases      ] GC(892)   Merge Heap Roots: 0.56ms
[6711.846s][info][gc,phases      ] GC(892)   Evacuate Collection Set: 163.87ms
[6711.846s][info][gc,phases      ] GC(892)   Post Evacuate Collection Set: 1.29ms
[6711.846s][info][gc,phases      ] GC(892)   Other: 0.07ms
[6711.846s][info][gc,heap        ] GC(892) Eden regions: 715->0(715)
[6711.846s][info][gc,heap        ] GC(892) Survivor regions: 53->53(96)
[6711.846s][info][gc,heap        ] GC(892) Old regions: 229->232
[6711.846s][info][gc,heap        ] GC(892) Humongous regions: 33->33
[6711.846s][info][gc,metaspace   ] GC(892) Metaspace: 35716K(37952K)->35716K(37952K) NonClass: 26712K(27008K)->26712K(27008K) Class: 9004K(10944K)->9004K(10944K)
[6711.846s][info][gc             ] GC(892) Pause Young (Normal) (G1 Evacuation Pause) 8207M->2508M(10240M) 166.204ms
[6711.846s][info][gc,cpu         ] GC(892) User=1.30s Sys=0.00s Real=0.17s
....[6715.787s][info][gc,start       ] GC(893) Pause Young (Normal) (G1 Evacuation Pause)
[6715.787s][info][gc,task        ] GC(893) Using 8 workers of 8 for evacuation
[6715.954s][info][gc,phases      ] GC(893)   Pre Evacuate Collection Set: 0.28ms
[6715.954s][info][gc,phases      ] GC(893)   Merge Heap Roots: 0.57ms
[6715.954s][info][gc,phases      ] GC(893)   Evacuate Collection Set: 164.90ms
[6715.954s][info][gc,phases      ] GC(893)   Post Evacuate Collection Set: 1.28ms
[6715.954s][info][gc,phases      ] GC(893)   Other: 0.07ms
[6715.954s][info][gc,heap        ] GC(893) Eden regions: 715->0(715)
[6715.954s][info][gc,heap        ] GC(893) Survivor regions: 53->53(96)
[6715.954s][info][gc,heap        ] GC(893) Old regions: 232->234
[6715.954s][info][gc,heap        ] GC(893) Humongous regions: 33->33
[6715.954s][info][gc,metaspace   ] GC(893) Metaspace: 35716K(37952K)->35716K(37952K) NonClass: 26712K(27008K)->26712K(27008K) Class: 9004K(10944K)->9004K(10944K)
[6715.954s][info][gc             ] GC(893) Pause Young (Normal) (G1 Evacuation Pause) 8228M->2531M(10240M) 167.222ms
[6715.954s][info][gc,cpu         ] GC(893) User=1.31s Sys=0.01s Real=0.17s
....[6719.852s][info][gc,start       ] GC(894) Pause Young (Normal) (G1 Evacuation Pause)
[6719.852s][info][gc,task        ] GC(894) Using 8 workers of 8 for evacuation
[6720.021s][info][gc,phases      ] GC(894)   Pre Evacuate Collection Set: 0.29ms
[6720.021s][info][gc,phases      ] GC(894)   Merge Heap Roots: 0.58ms
[6720.021s][info][gc,phases      ] GC(894)   Evacuate Collection Set: 166.40ms
[6720.021s][info][gc,phases      ] GC(894)   Post Evacuate Collection Set: 1.28ms
[6720.021s][info][gc,phases      ] GC(894)   Other: 0.07ms
[6720.021s][info][gc,heap        ] GC(894) Eden regions: 715->0(714)
[6720.021s][info][gc,heap        ] GC(894) Survivor regions: 53->54(96)
[6720.021s][info][gc,heap        ] GC(894) Old regions: 234->237
[6720.021s][info][gc,heap        ] GC(894) Humongous regions: 33->33
[6720.021s][info][gc,metaspace   ] GC(894) Metaspace: 35716K(37952K)->35716K(37952K) NonClass: 26712K(27008K)->26712K(27008K) Class: 9004K(10944K)->9004K(10944K)
[6720.021s][info][gc             ] GC(894) Pause Young (Normal) (G1 Evacuation Pause) 8251M->2561M(10240M) 168.770ms
[6720.021s][info][gc,cpu         ] GC(894) User=1.33s Sys=0.00s Real=0.16s
....[6723.998s][info][gc,start       ] GC(895) Pause Young (Normal) (G1 Evacuation Pause)
[6723.998s][info][gc,task        ] GC(895) Using 8 workers of 8 for evacuation
[6724.167s][info][gc,phases      ] GC(895)   Pre Evacuate Collection Set: 0.33ms
[6724.167s][info][gc,phases      ] GC(895)   Merge Heap Roots: 0.64ms
[6724.167s][info][gc,phases      ] GC(895)   Evacuate Collection Set: 166.19ms
[6724.167s][info][gc,phases      ] GC(895)   Post Evacuate Collection Set: 1.22ms
[6724.167s][info][gc,phases      ] GC(895)   Other: 0.82ms
[6724.167s][info][gc,heap        ] GC(895) Eden regions: 714->0(714)
[6724.167s][info][gc,heap        ] GC(895) Survivor regions: 54->54(96)
[6724.167s][info][gc,heap        ] GC(895) Old regions: 237->240
[6724.167s][info][gc,heap        ] GC(895) Humongous regions: 33->33
[6724.167s][info][gc,metaspace   ] GC(895) Metaspace: 35716K(37952K)->35716K(37952K) NonClass: 26712K(27008K)->26712K(27008K) Class: 9004K(10944K)->9004K(10944K)
[6724.167s][info][gc             ] GC(895) Pause Young (Normal) (G1 Evacuation Pause) 8273M->2579M(10240M) 169.343ms
[6724.167s][info][gc,cpu         ] GC(895) User=1.33s Sys=0.00s Real=0.17s
.....[6728.206s][info][gc,start       ] GC(896) Pause Young (Normal) (G1 Evacuation Pause)
[6728.206s][info][gc,task        ] GC(896) Using 8 workers of 8 for evacuation
[6728.372s][info][gc,phases      ] GC(896)   Pre Evacuate Collection Set: 0.31ms
[6728.372s][info][gc,phases      ] GC(896)   Merge Heap Roots: 0.52ms
[6728.372s][info][gc,phases      ] GC(896)   Evacuate Collection Set: 163.24ms
[6728.372s][info][gc,phases      ] GC(896)   Post Evacuate Collection Set: 1.25ms
[6728.372s][info][gc,phases      ] GC(896)   Other: 0.06ms
[6728.372s][info][gc,heap        ] GC(896) Eden regions: 714->0(714)
[6728.372s][info][gc,heap        ] GC(896) Survivor regions: 54->54(96)
[6728.372s][info][gc,heap        ] GC(896) Old regions: 240->243
[6728.372s][info][gc,heap        ] GC(896) Humongous regions: 33->33
[6728.372s][info][gc,metaspace   ] GC(896) Metaspace: 35716K(37952K)->35716K(37952K) NonClass: 26712K(27008K)->26712K(27008K) Class: 9004K(10944K)->9004K(10944K)
[6728.372s][info][gc             ] GC(896) Pause Young (Normal) (G1 Evacuation Pause) 8291M->2600M(10240M) 165.526ms
[6728.372s][info][gc,cpu         ] GC(896) User=1.30s Sys=0.00s Real=0.17s
.... (rIR:aIR:PR = 11485:11499:11501) (tPR = 171212) [OK] 
  6732s: Performance info:
         Transaction,    Success,    Partial,     Failed,   Receipts, AvgBarcode, 
             Overall,     695059,          0,          0,     660335,      59.48, 
         Response times:
             Request,    Success,    Partial,     Failed,   SkipFail,     Probes,    Samples,      min,      p50,      p90,      p95,      p99,      max, 
       TotalPurchase,     660280,          0,          0,          0,     356625,     461873,      300,    14600,    77000,   115000,   189000,  2300000,
     InStorePurchase,     346199,          0,          0,          0,     187245,     241581,      300,    14600,    77000,   115000,   189000,  2300000,
      OnlinePurchase,     243438,          0,          0,          0,     131550,     171137,      300,    14700,    77000,   115000,   188000,  2300000,
        InstPurchase,      70643,          0,          0,          0,      37830,      49155,      500,    14400,    75000,   115000,   189000,  2300000,
          AssocOfCat,        692,          0,          0,          0,        582,        898,    36000,    77000,   140200,   198050,   255030,   403000,
      AssocOfProduct,       6996,          0,          0,          0,       4149,       5665,      700,    15500,    82000,   124700,   200360,  1300000,
      BusinessReport,       1737,          0,          0,          0,       1558,       2192,    38000,    85000,   151000,   203000,   280140,   598000,
          CustBuyBeh,       6943,          0,          0,          0,       4192,       5656,      200,    13900,    70300,   112000,   187000,   790000,
       ProductReturn,      18314,          0,          0,          0,       9349,      12441,      200,    14100,    79000,   120000,   219580,  1400000,

  6732s: (84%)   IR =  11623 [6732.468s][info][gc,start       ] GC(897) Pause Young (Normal) (G1 Evacuation Pause)
[6732.468s][info][gc,task        ] GC(897) Using 8 workers of 8 for evacuation
[6732.635s][info][gc,phases      ] GC(897)   Pre Evacuate Collection Set: 0.27ms
[6732.635s][info][gc,phases      ] GC(897)   Merge Heap Roots: 0.58ms
[6732.635s][info][gc,phases      ] GC(897)   Evacuate Collection Set: 164.42ms
[6732.635s][info][gc,phases      ] GC(897)   Post Evacuate Collection Set: 1.24ms
[6732.635s][info][gc,phases      ] GC(897)   Other: 0.08ms
[6732.635s][info][gc,heap        ] GC(897) Eden regions: 714->0(715)
[6732.635s][info][gc,heap        ] GC(897) Survivor regions: 54->53(96)
[6732.635s][info][gc,heap        ] GC(897) Old regions: 243->245
[6732.635s][info][gc,heap        ] GC(897) Humongous regions: 33->33
[6732.635s][info][gc,metaspace   ] GC(897) Metaspace: 35716K(37952K)->35716K(37952K) NonClass: 26712K(27008K)->26712K(27008K) Class: 9004K(10944K)->9004K(10944K)
[6732.635s][info][gc             ] GC(897) Pause Young (Normal) (G1 Evacuation Pause) 8312M->2614M(10240M) 166.736ms
[6732.635s][info][gc,cpu         ] GC(897) User=1.31s Sys=0.00s Real=0.17s
....[6736.732s][info][gc,start       ] GC(898) Pause Young (Normal) (G1 Evacuation Pause)
[6736.732s][info][gc,task        ] GC(898) Using 8 workers of 8 for evacuation
[6736.894s][info][gc,phases      ] GC(898)   Pre Evacuate Collection Set: 0.28ms
[6736.894s][info][gc,phases      ] GC(898)   Merge Heap Roots: 0.65ms
[6736.894s][info][gc,phases      ] GC(898)   Evacuate Collection Set: 160.08ms
[6736.894s][info][gc,phases      ] GC(898)   Post Evacuate Collection Set: 1.27ms
[6736.894s][info][gc,phases      ] GC(898)   Other: 0.07ms
[6736.894s][info][gc,heap        ] GC(898) Eden regions: 715->0(716)
[6736.894s][info][gc,heap        ] GC(898) Survivor regions: 53->52(96)
[6736.894s][info][gc,heap        ] GC(898) Old regions: 245->248
[6736.894s][info][gc,heap        ] GC(898) Humongous regions: 33->33
[6736.894s][info][gc,metaspace   ] GC(898) Metaspace: 35716K(37952K)->35716K(37952K) NonClass: 26712K(27008K)->26712K(27008K) Class: 9004K(10944K)->9004K(10944K)
[6736.894s][info][gc             ] GC(898) Pause Young (Normal) (G1 Evacuation Pause) 8334M->2632M(10240M) 162.474ms
[6736.894s][info][gc,cpu         ] GC(898) User=1.28s Sys=0.00s Real=0.17s
....[6740.899s][info][gc,start       ] GC(899) Pause Young (Normal) (G1 Evacuation Pause)
[6740.899s][info][gc,task        ] GC(899) Using 8 workers of 8 for evacuation
[6741.071s][info][gc,phases      ] GC(899)   Pre Evacuate Collection Set: 0.29ms
[6741.071s][info][gc,phases      ] GC(899)   Merge Heap Roots: 0.54ms
[6741.071s][info][gc,phases      ] GC(899)   Evacuate Collection Set: 169.74ms
[6741.071s][info][gc,phases      ] GC(899)   Post Evacuate Collection Set: 1.27ms
[6741.071s][info][gc,phases      ] GC(899)   Other: 0.06ms
[6741.071s][info][gc,heap        ] GC(899) Eden regions: 716->0(713)
[6741.071s][info][gc,heap        ] GC(899) Survivor regions: 52->55(96)
[6741.071s][info][gc,heap        ] GC(899) Old regions: 248->251
[6741.071s][info][gc,heap        ] GC(899) Humongous regions: 33->33
[6741.071s][info][gc,metaspace   ] GC(899) Metaspace: 35716K(37952K)->35716K(37952K) NonClass: 26712K(27008K)->26712K(27008K) Class: 9004K(10944K)->9004K(10944K)
[6741.071s][info][gc             ] GC(899) Pause Young (Normal) (G1 Evacuation Pause) 8360M->2679M(10240M) 172.029ms
[6741.071s][info][gc,cpu         ] GC(899) User=1.35s Sys=0.00s Real=0.17s
....[6744.844s][info][gc,start       ] GC(900) Pause Young (Normal) (G1 Evacuation Pause)
[6744.844s][info][gc,task        ] GC(900) Using 8 workers of 8 for evacuation
[6745.009s][info][gc,phases      ] GC(900)   Pre Evacuate Collection Set: 0.29ms
[6745.009s][info][gc,phases      ] GC(900)   Merge Heap Roots: 0.58ms
[6745.009s][info][gc,phases      ] GC(900)   Evacuate Collection Set: 163.52ms
[6745.009s][info][gc,phases      ] GC(900)   Post Evacuate Collection Set: 1.25ms
[6745.009s][info][gc,phases      ] GC(900)   Other: 0.07ms
[6745.009s][info][gc,heap        ] GC(900) Eden regions: 713->0(714)
[6745.009s][info][gc,heap        ] GC(900) Survivor regions: 55->54(96)
[6745.009s][info][gc,heap        ] GC(900) Old regions: 251->254
[6745.009s][info][gc,heap        ] GC(900) Humongous regions: 33->33
[6745.009s][info][gc,metaspace   ] GC(900) Metaspace: 35716K(37952K)->35716K(37952K) NonClass: 26712K(27008K)->26712K(27008K) Class: 9004K(10944K)->9004K(10944K)
[6745.009s][info][gc             ] GC(900) Pause Young (Normal) (G1 Evacuation Pause) 8383M->2689M(10240M) 165.874ms
[6745.009s][info][gc,cpu         ] GC(900) User=1.30s Sys=0.00s Real=0.16s
.|...[6749.140s][info][gc,start       ] GC(901) Pause Young (Normal) (G1 Evacuation Pause)
[6749.140s][info][gc,task        ] GC(901) Using 8 workers of 8 for evacuation
[6749.308s][info][gc,phases      ] GC(901)   Pre Evacuate Collection Set: 0.27ms
[6749.309s][info][gc,phases      ] GC(901)   Merge Heap Roots: 0.55ms
[6749.309s][info][gc,phases      ] GC(901)   Evacuate Collection Set: 165.98ms
[6749.309s][info][gc,phases      ] GC(901)   Post Evacuate Collection Set: 1.25ms
[6749.309s][info][gc,phases      ] GC(901)   Other: 0.07ms
[6749.309s][info][gc,heap        ] GC(901) Eden regions: 714->0(714)
[6749.309s][info][gc,heap        ] GC(901) Survivor regions: 54->54(96)
[6749.309s][info][gc,heap        ] GC(901) Old regions: 254->256
[6749.309s][info][gc,heap        ] GC(901) Humongous regions: 33->33
[6749.309s][info][gc,metaspace   ] GC(901) Metaspace: 35716K(37952K)->35716K(37952K) NonClass: 26712K(27008K)->26712K(27008K) Class: 9004K(10944K)->9004K(10944K)
[6749.309s][info][gc             ] GC(901) Pause Young (Normal) (G1 Evacuation Pause) 8401M->2710M(10240M) 169.016ms
[6749.309s][info][gc,cpu         ] GC(901) User=1.33s Sys=0.00s Real=0.17s
....[6753.186s][info][gc,start       ] GC(902) Pause Young (Normal) (G1 Evacuation Pause)
[6753.186s][info][gc,task        ] GC(902) Using 8 workers of 8 for evacuation
[6753.352s][info][gc,phases      ] GC(902)   Pre Evacuate Collection Set: 0.27ms
[6753.352s][info][gc,phases      ] GC(902)   Merge Heap Roots: 0.57ms
[6753.352s][info][gc,phases      ] GC(902)   Evacuate Collection Set: 163.94ms
[6753.352s][info][gc,phases      ] GC(902)   Post Evacuate Collection Set: 1.27ms
[6753.352s][info][gc,phases      ] GC(902)   Other: 0.07ms
[6753.352s][info][gc,heap        ] GC(902) Eden regions: 714->0(714)
[6753.352s][info][gc,heap        ] GC(902) Survivor regions: 54->54(96)
[6753.352s][info][gc,heap        ] GC(902) Old regions: 256->259
[6753.352s][info][gc,heap        ] GC(902) Humongous regions: 33->33
[6753.352s][info][gc,metaspace   ] GC(902) Metaspace: 35716K(37952K)->35716K(37952K) NonClass: 26712K(27008K)->26712K(27008K) Class: 9004K(10944K)->9004K(10944K)
[6753.352s][info][gc             ] GC(902) Pause Young (Normal) (G1 Evacuation Pause) 8422M->2731M(10240M) 166.252ms
[6753.352s][info][gc,cpu         ] GC(902) User=1.31s Sys=0.00s Real=0.17s
....[6757.302s][info][gc,start       ] GC(903) Pause Young (Normal) (G1 Evacuation Pause)
[6757.302s][info][gc,task        ] GC(903) Using 8 workers of 8 for evacuation
[6757.465s][info][gc,phases      ] GC(903)   Pre Evacuate Collection Set: 0.27ms
[6757.465s][info][gc,phases      ] GC(903)   Merge Heap Roots: 0.62ms
[6757.465s][info][gc,phases      ] GC(903)   Evacuate Collection Set: 160.46ms
[6757.465s][info][gc,phases      ] GC(903)   Post Evacuate Collection Set: 1.25ms
[6757.465s][info][gc,phases      ] GC(903)   Other: 0.07ms
[6757.465s][info][gc,heap        ] GC(903) Eden regions: 714->0(716)
[6757.465s][info][gc,heap        ] GC(903) Survivor regions: 54->52(96)
[6757.465s][info][gc,heap        ] GC(903) Old regions: 259->262
[6757.465s][info][gc,heap        ] GC(903) Humongous regions: 33->33
[6757.465s][info][gc,metaspace   ] GC(903) Metaspace: 35716K(37952K)->35716K(37952K) NonClass: 26712K(27008K)->26712K(27008K) Class: 9004K(10944K)->9004K(10944K)
[6757.465s][info][gc             ] GC(903) Pause Young (Normal) (G1 Evacuation Pause) 8443M->2741M(10240M) 162.815ms
[6757.465s][info][gc,cpu         ] GC(903) User=1.28s Sys=0.00s Real=0.16s
....[6761.455s][info][gc,start       ] GC(904) Pause Young (Normal) (G1 Evacuation Pause)
[6761.455s][info][gc,task        ] GC(904) Using 8 workers of 8 for evacuation
[6761.623s][info][gc,phases      ] GC(904)   Pre Evacuate Collection Set: 0.31ms
[6761.623s][info][gc,phases      ] GC(904)   Merge Heap Roots: 0.58ms
[6761.623s][info][gc,phases      ] GC(904)   Evacuate Collection Set: 165.10ms
[6761.623s][info][gc,phases      ] GC(904)   Post Evacuate Collection Set: 1.27ms
[6761.623s][info][gc,phases      ] GC(904)   Other: 0.07ms
[6761.623s][info][gc,heap        ] GC(904) Eden regions: 716->0(714)
[6761.623s][info][gc,heap        ] GC(904) Survivor regions: 52->54(96)
[6761.623s][info][gc,heap        ] GC(904) Old regions: 262->264
[6761.623s][info][gc,heap        ] GC(904) Humongous regions: 33->33
[6761.623s][info][gc,metaspace   ] GC(904) Metaspace: 35716K(37952K)->35716K(37952K) NonClass: 26712K(27008K)->26712K(27008K) Class: 9004K(10944K)->9004K(10944K)
[6761.623s][info][gc             ] GC(904) Pause Young (Normal) (G1 Evacuation Pause) 8469M->2775M(10240M) 167.472ms
[6761.623s][info][gc,cpu         ] GC(904) User=1.32s Sys=0.00s Real=0.17s
....[6765.442s][info][gc,start       ] GC(905) Pause Young (Normal) (G1 Evacuation Pause)
[6765.442s][info][gc,task        ] GC(905) Using 8 workers of 8 for evacuation
[6765.603s][info][gc,phases      ] GC(905)   Pre Evacuate Collection Set: 0.29ms
[6765.603s][info][gc,phases      ] GC(905)   Merge Heap Roots: 0.54ms
[6765.603s][info][gc,phases      ] GC(905)   Evacuate Collection Set: 158.36ms
[6765.603s][info][gc,phases      ] GC(905)   Post Evacuate Collection Set: 1.27ms
[6765.603s][info][gc,phases      ] GC(905)   Other: 0.06ms
[6765.603s][info][gc,heap        ] GC(905) Eden regions: 714->0(715)
[6765.603s][info][gc,heap        ] GC(905) Survivor regions: 54->53(96)
[6765.603s][info][gc,heap        ] GC(905) Old regions: 264->267
[6765.603s][info][gc,heap        ] GC(905) Humongous regions: 33->33
[6765.603s][info][gc,metaspace   ] GC(905) Metaspace: 35716K(37952K)->35716K(37952K) NonClass: 26712K(27008K)->26712K(27008K) Class: 9004K(10944K)->9004K(10944K)
[6765.603s][info][gc             ] GC(905) Pause Young (Normal) (G1 Evacuation Pause) 8487M->2788M(10240M) 160.669ms
[6765.603s][info][gc,cpu         ] GC(905) User=1.27s Sys=0.00s Real=0.16s
....[6769.499s][info][gc,start       ] GC(906) Pause Young (Normal) (G1 Evacuation Pause)
[6769.499s][info][gc,task        ] GC(906) Using 8 workers of 8 for evacuation
[6769.659s][info][gc,phases      ] GC(906)   Pre Evacuate Collection Set: 0.29ms
[6769.659s][info][gc,phases      ] GC(906)   Merge Heap Roots: 0.60ms
[6769.659s][info][gc,phases      ] GC(906)   Evacuate Collection Set: 157.39ms
[6769.659s][info][gc,phases      ] GC(906)   Post Evacuate Collection Set: 1.24ms
[6769.659s][info][gc,phases      ] GC(906)   Other: 0.06ms
[6769.659s][info][gc,heap        ] GC(906) Eden regions: 715->0(716)
[6769.659s][info][gc,heap        ] GC(906) Survivor regions: 53->52(96)
[6769.659s][info][gc,heap        ] GC(906) Old regions: 267->270
[6769.659s][info][gc,heap        ] GC(906) Humongous regions: 33->33
[6769.659s][info][gc,metaspace   ] GC(906) Metaspace: 35716K(37952K)->35716K(37952K) NonClass: 26712K(27008K)->26712K(27008K) Class: 9004K(10944K)->9004K(10944K)
[6769.659s][info][gc             ] GC(906) Pause Young (Normal) (G1 Evacuation Pause) 8508M->2805M(10240M) 159.730ms
[6769.659s][info][gc,cpu         ] GC(906) User=1.26s Sys=0.00s Real=0.16s
.....[6773.685s][info][gc,start       ] GC(907) Pause Young (Normal) (G1 Evacuation Pause)
[6773.685s][info][gc,task        ] GC(907) Using 8 workers of 8 for evacuation
[6773.857s][info][gc,phases      ] GC(907)   Pre Evacuate Collection Set: 0.27ms
[6773.857s][info][gc,phases      ] GC(907)   Merge Heap Roots: 0.56ms
[6773.857s][info][gc,phases      ] GC(907)   Evacuate Collection Set: 170.52ms
[6773.857s][info][gc,phases      ] GC(907)   Post Evacuate Collection Set: 1.27ms
[6773.857s][info][gc,phases      ] GC(907)   Other: 0.08ms
[6773.857s][info][gc,heap        ] GC(907) Eden regions: 716->0(712)
[6773.857s][info][gc,heap        ] GC(907) Survivor regions: 52->56(96)
[6773.857s][info][gc,heap        ] GC(907) Old regions: 270->272
[6773.857s][info][gc,heap        ] GC(907) Humongous regions: 33->33
[6773.857s][info][gc,metaspace   ] GC(907) Metaspace: 35716K(37952K)->35716K(37952K) NonClass: 26712K(27008K)->26712K(27008K) Class: 9004K(10944K)->9004K(10944K)
[6773.858s][info][gc             ] GC(907) Pause Young (Normal) (G1 Evacuation Pause) 8533M->2854M(10240M) 172.851ms
[6773.858s][info][gc,cpu         ] GC(907) User=1.36s Sys=0.00s Real=0.17s
....[6777.757s][info][gc,start       ] GC(908) Pause Young (Normal) (G1 Evacuation Pause)
[6777.757s][info][gc,task        ] GC(908) Using 8 workers of 8 for evacuation
[6777.922s][info][gc,phases      ] GC(908)   Pre Evacuate Collection Set: 0.29ms
[6777.922s][info][gc,phases      ] GC(908)   Merge Heap Roots: 0.57ms
[6777.922s][info][gc,phases      ] GC(908)   Evacuate Collection Set: 162.55ms
[6777.922s][info][gc,phases      ] GC(908)   Post Evacuate Collection Set: 1.25ms
[6777.922s][info][gc,phases      ] GC(908)   Other: 0.06ms
[6777.922s][info][gc,heap        ] GC(908) Eden regions: 712->0(715)
[6777.922s][info][gc,heap        ] GC(908) Survivor regions: 56->53(96)
[6777.922s][info][gc,heap        ] GC(908) Old regions: 272->275
[6777.922s][info][gc,heap        ] GC(908) Humongous regions: 33->33
[6777.922s][info][gc,metaspace   ] GC(908) Metaspace: 35716K(37952K)->35716K(37952K) NonClass: 26712K(27008K)->26712K(27008K) Class: 9004K(10944K)->9004K(10944K)
[6777.922s][info][gc             ] GC(908) Pause Young (Normal) (G1 Evacuation Pause) 8550M->2853M(10240M) 164.850ms
[6777.922s][info][gc,cpu         ] GC(908) User=1.30s Sys=0.00s Real=0.17s
....[6781.786s][info][gc,start       ] GC(909) Pause Young (Concurrent Start) (G1 Evacuation Pause)
[6781.786s][info][gc,task        ] GC(909) Using 8 workers of 8 for evacuation
[6781.951s][info][gc,phases      ] GC(909)   Pre Evacuate Collection Set: 0.34ms
[6781.951s][info][gc,phases      ] GC(909)   Merge Heap Roots: 0.59ms
[6781.951s][info][gc,phases      ] GC(909)   Evacuate Collection Set: 162.31ms
[6781.951s][info][gc,phases      ] GC(909)   Post Evacuate Collection Set: 1.30ms
[6781.951s][info][gc,phases      ] GC(909)   Other: 0.11ms
[6781.951s][info][gc,heap        ] GC(909) Eden regions: 715->0(715)
[6781.951s][info][gc,heap        ] GC(909) Survivor regions: 53->53(96)
[6781.951s][info][gc,heap        ] GC(909) Old regions: 275->278
[6781.951s][info][gc,heap        ] GC(909) Humongous regions: 33->33
[6781.951s][info][gc,metaspace   ] GC(909) Metaspace: 35716K(37952K)->35716K(37952K) NonClass: 26712K(27008K)->26712K(27008K) Class: 9004K(10944K)->9004K(10944K)
[6781.951s][info][gc             ] GC(909) Pause Young (Concurrent Start) (G1 Evacuation Pause) 8573M->2880M(10240M) 164.777ms
[6781.951s][info][gc             ] GC(910) Concurrent Mark Cycle
[6781.951s][info][gc,marking     ] GC(910) Concurrent Scan Root Regions
[6781.951s][info][gc,cpu         ] GC(909) User=1.30s Sys=0.00s Real=0.16s
[6782.350s][info][gc,marking     ] GC(910) Concurrent Scan Root Regions 399.395ms
[6782.350s][info][gc,marking     ] GC(910) Concurrent Mark
[6782.350s][info][gc,marking     ] GC(910) Concurrent Mark From Roots
[6782.350s][info][gc,task        ] GC(910) Using 2 workers of 2 for marking
.[6783.535s][info][gc,marking     ] GC(910) Concurrent Mark From Roots 1184.379ms
[6783.535s][info][gc,marking     ] GC(910) Concurrent Preclean
[6783.535s][info][gc,marking     ] GC(910) Concurrent Preclean 0.156ms
[6783.535s][info][gc,start       ] GC(910) Pause Remark
[6783.537s][info][gc             ] GC(910) Pause Remark 4628M->4452M(10240M) 1.755ms
[6783.537s][info][gc,cpu         ] GC(910) User=0.01s Sys=0.00s Real=0.00s
[6783.537s][info][gc,marking     ] GC(910) Concurrent Mark 1186.607ms
[6783.537s][info][gc,marking     ] GC(910) Concurrent Rebuild Remembered Sets and Scrub Regions
.[6784.412s][info][gc,marking     ] GC(910) Concurrent Rebuild Remembered Sets and Scrub Regions 875.119ms
[6784.412s][info][gc,start       ] GC(910) Pause Cleanup
[6784.413s][info][gc             ] GC(910) Pause Cleanup 5640M->5640M(10240M) 0.295ms
[6784.413s][info][gc,cpu         ] GC(910) User=0.00s Sys=0.00s Real=0.00s
[6784.413s][info][gc,marking     ] GC(910) Concurrent Clear Claimed Marks
[6784.413s][info][gc,marking     ] GC(910) Concurrent Clear Claimed Marks 0.053ms
[6784.413s][info][gc,marking     ] GC(910) Concurrent Cleanup for Next Mark
[6784.435s][info][gc,marking     ] GC(910) Concurrent Cleanup for Next Mark 21.745ms
[6784.435s][info][gc             ] GC(910) Concurrent Mark Cycle 2483.677ms
..[6786.223s][info][gc,start       ] GC(911) Pause Young (Prepare Mixed) (G1 Evacuation Pause)
[6786.223s][info][gc,task        ] GC(911) Using 8 workers of 8 for evacuation
[6786.396s][info][gc,phases      ] GC(911)   Pre Evacuate Collection Set: 0.28ms
[6786.396s][info][gc,phases      ] GC(911)   Merge Heap Roots: 0.80ms
[6786.396s][info][gc,phases      ] GC(911)   Evacuate Collection Set: 170.73ms
[6786.396s][info][gc,phases      ] GC(911)   Post Evacuate Collection Set: 1.34ms
[6786.396s][info][gc,phases      ] GC(911)   Other: 0.07ms
[6786.396s][info][gc,heap        ] GC(911) Eden regions: 715->0(713)
[6786.396s][info][gc,heap        ] GC(911) Survivor regions: 53->55(96)
[6786.396s][info][gc,heap        ] GC(911) Old regions: 256->259
[6786.396s][info][gc,heap        ] GC(911) Humongous regions: 33->33
[6786.396s][info][gc,metaspace   ] GC(911) Metaspace: 35716K(37952K)->35716K(37952K) NonClass: 26712K(27008K)->26712K(27008K) Class: 9004K(10944K)->9004K(10944K)
[6786.396s][info][gc             ] GC(911) Pause Young (Prepare Mixed) (G1 Evacuation Pause) 8424M->2742M(10240M) 173.359ms
[6786.396s][info][gc,cpu         ] GC(911) User=1.37s Sys=0.00s Real=0.17s
....[6790.194s][info][gc,start       ] GC(912) Pause Young (Mixed) (G1 Evacuation Pause)
[6790.194s][info][gc,task        ] GC(912) Using 8 workers of 8 for evacuation
[6790.365s][info][gc,phases      ] GC(912)   Pre Evacuate Collection Set: 0.34ms
[6790.365s][info][gc,phases      ] GC(912)   Merge Heap Roots: 0.87ms
[6790.365s][info][gc,phases      ] GC(912)   Evacuate Collection Set: 165.56ms
[6790.365s][info][gc,phases      ] GC(912)   Merge Optional Heap Roots: 0.08ms
[6790.365s][info][gc,phases      ] GC(912)   Evacuate Optional Collection Set: 2.19ms
[6790.365s][info][gc,phases      ] GC(912)   Post Evacuate Collection Set: 1.50ms
[6790.365s][info][gc,phases      ] GC(912)   Other: 0.08ms
[6790.365s][info][gc,heap        ] GC(912) Eden regions: 713->0(715)
[6790.365s][info][gc,heap        ] GC(912) Survivor regions: 55->53(96)
[6790.365s][info][gc,heap        ] GC(912) Old regions: 259->135
[6790.365s][info][gc,heap        ] GC(912) Humongous regions: 33->33
[6790.365s][info][gc,metaspace   ] GC(912) Metaspace: 35716K(37952K)->35716K(37952K) NonClass: 26712K(27008K)->26712K(27008K) Class: 9004K(10944K)->9004K(10944K)
[6790.365s][info][gc             ] GC(912) Pause Young (Mixed) (G1 Evacuation Pause) 8446M->1733M(10240M) 170.780ms
[6790.365s][info][gc,cpu         ] GC(912) User=1.34s Sys=0.00s Real=0.17s
....[6794.271s][info][gc,start       ] GC(913) Pause Young (Mixed) (G1 Evacuation Pause)
[6794.271s][info][gc,task        ] GC(913) Using 8 workers of 8 for evacuation
[6794.431s][info][gc,phases      ] GC(913)   Pre Evacuate Collection Set: 0.30ms
[6794.431s][info][gc,phases      ] GC(913)   Merge Heap Roots: 0.72ms
[6794.431s][info][gc,phases      ] GC(913)   Evacuate Collection Set: 157.37ms
[6794.431s][info][gc,phases      ] GC(913)   Post Evacuate Collection Set: 1.22ms
[6794.431s][info][gc,phases      ] GC(913)   Other: 0.08ms
[6794.431s][info][gc,heap        ] GC(913) Eden regions: 715->0(717)
[6794.431s][info][gc,heap        ] GC(913) Survivor regions: 53->51(96)
[6794.431s][info][gc,heap        ] GC(913) Old regions: 135->133
[6794.431s][info][gc,heap        ] GC(913) Humongous regions: 33->33
[6794.431s][info][gc,metaspace   ] GC(913) Metaspace: 35716K(37952K)->35716K(37952K) NonClass: 26712K(27008K)->26712K(27008K) Class: 9004K(10944K)->9004K(10944K)
[6794.431s][info][gc             ] GC(913) Pause Young (Mixed) (G1 Evacuation Pause) 7453M->1707M(10240M) 159.833ms
[6794.431s][info][gc,cpu         ] GC(913) User=1.25s Sys=0.00s Real=0.16s
....[6798.360s][info][gc,start       ] GC(914) Pause Young (Normal) (G1 Evacuation Pause)
[6798.360s][info][gc,task        ] GC(914) Using 8 workers of 8 for evacuation
[6798.518s][info][gc,phases      ] GC(914)   Pre Evacuate Collection Set: 0.30ms
[6798.518s][info][gc,phases      ] GC(914)   Merge Heap Roots: 0.57ms
[6798.518s][info][gc,phases      ] GC(914)   Evacuate Collection Set: 156.31ms
[6798.519s][info][gc,phases      ] GC(914)   Post Evacuate Collection Set: 1.25ms
[6798.519s][info][gc,phases      ] GC(914)   Other: 0.07ms
[6798.519s][info][gc,heap        ] GC(914) Eden regions: 717->0(717)
[6798.519s][info][gc,heap        ] GC(914) Survivor regions: 51->51(96)
[6798.519s][info][gc,heap        ] GC(914) Old regions: 133->136
[6798.519s][info][gc,heap        ] GC(914) Humongous regions: 33->33
[6798.519s][info][gc,metaspace   ] GC(914) Metaspace: 35716K(37952K)->35716K(37952K) NonClass: 26712K(27008K)->26712K(27008K) Class: 9004K(10944K)->9004K(10944K)
[6798.519s][info][gc             ] GC(914) Pause Young (Normal) (G1 Evacuation Pause) 7443M->1730M(10240M) 158.633ms
[6798.519s][info][gc,cpu         ] GC(914) User=1.25s Sys=0.00s Real=0.16s
....[6802.533s][info][gc,start       ] GC(915) Pause Young (Normal) (G1 Evacuation Pause)
[6802.533s][info][gc,task        ] GC(915) Using 8 workers of 8 for evacuation
[6802.694s][info][gc,phases      ] GC(915)   Pre Evacuate Collection Set: 0.30ms
[6802.694s][info][gc,phases      ] GC(915)   Merge Heap Roots: 0.59ms
[6802.694s][info][gc,phases      ] GC(915)   Evacuate Collection Set: 159.53ms
[6802.694s][info][gc,phases      ] GC(915)   Post Evacuate Collection Set: 1.27ms
[6802.694s][info][gc,phases      ] GC(915)   Other: 0.07ms
[6802.694s][info][gc,heap        ] GC(915) Eden regions: 717->0(715)
[6802.694s][info][gc,heap        ] GC(915) Survivor regions: 51->53(96)
[6802.694s][info][gc,heap        ] GC(915) Old regions: 136->139
[6802.694s][info][gc,heap        ] GC(915) Humongous regions: 33->33
[6802.694s][info][gc,metaspace   ] GC(915) Metaspace: 35716K(37952K)->35716K(37952K) NonClass: 26712K(27008K)->26712K(27008K) Class: 9004K(10944K)->9004K(10944K)
[6802.695s][info][gc             ] GC(915) Pause Young (Normal) (G1 Evacuation Pause) 7466M->1764M(10240M) 161.897ms
[6802.695s][info][gc,cpu         ] GC(915) User=1.27s Sys=0.00s Real=0.16s
.... (rIR:aIR:PR = 11623:11684:11689) (tPR = 172410) [OK] 
  6805s: Performance info:
         Transaction,    Success,    Partial,     Failed,   Receipts, AvgBarcode, 
             Overall,     705989,          0,          0,     670592,      59.47, 
         Response times:
             Request,    Success,    Partial,     Failed,   SkipFail,     Probes,    Samples,      min,      p50,      p90,      p95,      p99,      max, 
       TotalPurchase,     670346,          0,          0,          0,     345628,     442657,      300,    26000,   170000,   252000,   399000,  3900000,
     InStorePurchase,     353600,          0,          0,          0,     181599,     233356,      400,    26000,   169000,   251000,   393000,  3900000,
      OnlinePurchase,     245516,          0,          0,          0,     127481,     162695,      300,    26000,   170000,   251000,   420000,  3900000,
        InstPurchase,      71230,          0,          0,          0,      36548,      46606,      500,    27000,   172000,   257000,   373000,  3400000,
          AssocOfCat,        697,          0,          0,          0,        572,        811,    34000,    85000,   227200,   295400,   431640,   660000,
      AssocOfProduct,       7012,          0,          0,          0,       4200,       5488,      700,    26000,   167100,   251000,   394440,  3200000,
      BusinessReport,       1754,          0,          0,          0,       1471,       2003,    40000,    99000,   244600,   331000,   438920,   800000,
          CustBuyBeh,       7114,          0,          0,          0,       4159,       5548,      600,    27000,   170000,   244000,   416000,   930000,
       ProductReturn,      18770,          0,          0,          0,       9377,      12362,      200,    25000,   167700,   251000,   385000,  3200000,

  6805s: (85%)   IR =  11761 [6806.714s][info][gc,start       ] GC(916) Pause Young (Normal) (G1 Evacuation Pause)
[6806.714s][info][gc,task        ] GC(916) Using 8 workers of 8 for evacuation
[6806.880s][info][gc,phases      ] GC(916)   Pre Evacuate Collection Set: 0.30ms
[6806.880s][info][gc,phases      ] GC(916)   Merge Heap Roots: 0.57ms
[6806.880s][info][gc,phases      ] GC(916)   Evacuate Collection Set: 164.04ms
[6806.880s][info][gc,phases      ] GC(916)   Post Evacuate Collection Set: 1.26ms
[6806.880s][info][gc,phases      ] GC(916)   Other: 0.07ms
[6806.880s][info][gc,heap        ] GC(916) Eden regions: 715->0(715)
[6806.880s][info][gc,heap        ] GC(916) Survivor regions: 53->53(96)
[6806.880s][info][gc,heap        ] GC(916) Old regions: 139->142
[6806.880s][info][gc,heap        ] GC(916) Humongous regions: 33->33
[6806.880s][info][gc,metaspace   ] GC(916) Metaspace: 35716K(37952K)->35716K(37952K) NonClass: 26712K(27008K)->26712K(27008K) Class: 9004K(10944K)->9004K(10944K)
[6806.880s][info][gc             ] GC(916) Pause Young (Normal) (G1 Evacuation Pause) 7484M->1790M(10240M) 166.400ms
[6806.880s][info][gc,cpu         ] GC(916) User=1.31s Sys=0.00s Real=0.16s
....[6810.719s][info][gc,start       ] GC(917) Pause Young (Normal) (G1 Evacuation Pause)
[6810.719s][info][gc,task        ] GC(917) Using 8 workers of 8 for evacuation
[6810.888s][info][gc,phases      ] GC(917)   Pre Evacuate Collection Set: 0.29ms
[6810.888s][info][gc,phases      ] GC(917)   Merge Heap Roots: 0.55ms
[6810.888s][info][gc,phases      ] GC(917)   Evacuate Collection Set: 166.34ms
[6810.888s][info][gc,phases      ] GC(917)   Post Evacuate Collection Set: 1.28ms
[6810.888s][info][gc,phases      ] GC(917)   Other: 0.07ms
[6810.888s][info][gc,heap        ] GC(917) Eden regions: 715->0(713)
[6810.888s][info][gc,heap        ] GC(917) Survivor regions: 53->55(96)
[6810.888s][info][gc,heap        ] GC(917) Old regions: 142->144
[6810.888s][info][gc,heap        ] GC(917) Humongous regions: 33->33
[6810.888s][info][gc,metaspace   ] GC(917) Metaspace: 35716K(37952K)->35716K(37952K) NonClass: 26712K(27008K)->26712K(27008K) Class: 9004K(10944K)->9004K(10944K)
[6810.888s][info][gc             ] GC(917) Pause Young (Normal) (G1 Evacuation Pause) 7510M->1823M(10240M) 168.659ms
[6810.888s][info][gc,cpu         ] GC(917) User=1.33s Sys=0.00s Real=0.17s
....[6814.810s][info][gc,start       ] GC(918) Pause Young (Normal) (G1 Evacuation Pause)
[6814.810s][info][gc,task        ] GC(918) Using 8 workers of 8 for evacuation
[6814.980s][info][gc,phases      ] GC(918)   Pre Evacuate Collection Set: 0.30ms
[6814.980s][info][gc,phases      ] GC(918)   Merge Heap Roots: 0.56ms
[6814.980s][info][gc,phases      ] GC(918)   Evacuate Collection Set: 167.44ms
[6814.980s][info][gc,phases      ] GC(918)   Post Evacuate Collection Set: 1.19ms
[6814.980s][info][gc,phases      ] GC(918)   Other: 0.07ms
[6814.980s][info][gc,heap        ] GC(918) Eden regions: 713->0(713)
[6814.980s][info][gc,heap        ] GC(918) Survivor regions: 55->55(96)
[6814.980s][info][gc,heap        ] GC(918) Old regions: 144->147
[6814.980s][info][gc,heap        ] GC(918) Humongous regions: 33->33
[6814.980s][info][gc,metaspace   ] GC(918) Metaspace: 35716K(37952K)->35716K(37952K) NonClass: 26712K(27008K)->26712K(27008K) Class: 9004K(10944K)->9004K(10944K)
[6814.980s][info][gc             ] GC(918) Pause Young (Normal) (G1 Evacuation Pause) 7527M->1845M(10240M) 169.711ms
[6814.980s][info][gc,cpu         ] GC(918) User=1.33s Sys=0.00s Real=0.17s
....[6818.857s][info][gc,start       ] GC(919) Pause Young (Normal) (G1 Evacuation Pause)
[6818.857s][info][gc,task        ] GC(919) Using 8 workers of 8 for evacuation
[6819.023s][info][gc,phases      ] GC(919)   Pre Evacuate Collection Set: 0.29ms
[6819.023s][info][gc,phases      ] GC(919)   Merge Heap Roots: 0.54ms
[6819.023s][info][gc,phases      ] GC(919)   Evacuate Collection Set: 163.27ms
[6819.023s][info][gc,phases      ] GC(919)   Post Evacuate Collection Set: 1.28ms
[6819.023s][info][gc,phases      ] GC(919)   Other: 0.07ms
[6819.023s][info][gc,heap        ] GC(919) Eden regions: 713->0(715)
[6819.023s][info][gc,heap        ] GC(919) Survivor regions: 55->53(96)
[6819.023s][info][gc,heap        ] GC(919) Old regions: 147->150
[6819.023s][info][gc,heap        ] GC(919) Humongous regions: 33->33
[6819.023s][info][gc,metaspace   ] GC(919) Metaspace: 35716K(37952K)->35716K(37952K) NonClass: 26712K(27008K)->26712K(27008K) Class: 9004K(10944K)->9004K(10944K)
[6819.023s][info][gc             ] GC(919) Pause Young (Normal) (G1 Evacuation Pause) 7549M->1854M(10240M) 165.591ms
[6819.023s][info][gc,cpu         ] GC(919) User=1.30s Sys=0.00s Real=0.17s
....[6822.929s][info][gc,start       ] GC(920) Pause Young (Normal) (G1 Evacuation Pause)
[6822.929s][info][gc,task        ] GC(920) Using 8 workers of 8 for evacuation
[6823.093s][info][gc,phases      ] GC(920)   Pre Evacuate Collection Set: 0.28ms
[6823.093s][info][gc,phases      ] GC(920)   Merge Heap Roots: 0.52ms
[6823.093s][info][gc,phases      ] GC(920)   Evacuate Collection Set: 162.23ms
[6823.093s][info][gc,phases      ] GC(920)   Post Evacuate Collection Set: 1.26ms
[6823.093s][info][gc,phases      ] GC(920)   Other: 0.07ms
[6823.093s][info][gc,heap        ] GC(920) Eden regions: 715->0(714)
[6823.093s][info][gc,heap        ] GC(920) Survivor regions: 53->54(96)
[6823.093s][info][gc,heap        ] GC(920) Old regions: 150->152
[6823.093s][info][gc,heap        ] GC(920) Humongous regions: 33->33
[6823.093s][info][gc,metaspace   ] GC(920) Metaspace: 35716K(37952K)->35716K(37952K) NonClass: 26712K(27008K)->26712K(27008K) Class: 9004K(10944K)->9004K(10944K)
[6823.093s][info][gc             ] GC(920) Pause Young (Normal) (G1 Evacuation Pause) 7574M->1880M(10240M) 164.491ms
[6823.093s][info][gc,cpu         ] GC(920) User=1.29s Sys=0.01s Real=0.17s
....[6826.941s][info][gc,start       ] GC(921) Pause Young (Normal) (G1 Evacuation Pause)
[6826.941s][info][gc,task        ] GC(921) Using 8 workers of 8 for evacuation
[6827.110s][info][gc,phases      ] GC(921)   Pre Evacuate Collection Set: 0.27ms
[6827.110s][info][gc,phases      ] GC(921)   Merge Heap Roots: 0.60ms
[6827.110s][info][gc,phases      ] GC(921)   Evacuate Collection Set: 167.22ms
[6827.110s][info][gc,phases      ] GC(921)   Post Evacuate Collection Set: 1.29ms
[6827.110s][info][gc,phases      ] GC(921)   Other: 0.07ms
[6827.110s][info][gc,heap        ] GC(921) Eden regions: 714->0(715)
[6827.110s][info][gc,heap        ] GC(921) Survivor regions: 54->53(96)
[6827.110s][info][gc,heap        ] GC(921) Old regions: 152->155
[6827.111s][info][gc,heap        ] GC(921) Humongous regions: 33->33
[6827.111s][info][gc,metaspace   ] GC(921) Metaspace: 35716K(37952K)->35716K(37952K) NonClass: 26712K(27008K)->26712K(27008K) Class: 9004K(10944K)->9004K(10944K)
[6827.111s][info][gc             ] GC(921) Pause Young (Normal) (G1 Evacuation Pause) 7592M->1898M(10240M) 169.583ms
[6827.111s][info][gc,cpu         ] GC(921) User=1.34s Sys=0.00s Real=0.17s
....[6831.104s][info][gc,start       ] GC(922) Pause Young (Normal) (G1 Evacuation Pause)
[6831.105s][info][gc,task        ] GC(922) Using 8 workers of 8 for evacuation
[6831.270s][info][gc,phases      ] GC(922)   Pre Evacuate Collection Set: 0.28ms
[6831.270s][info][gc,phases      ] GC(922)   Merge Heap Roots: 0.59ms
[6831.270s][info][gc,phases      ] GC(922)   Evacuate Collection Set: 162.85ms
[6831.270s][info][gc,phases      ] GC(922)   Post Evacuate Collection Set: 1.27ms
[6831.270s][info][gc,phases      ] GC(922)   Other: 0.07ms
[6831.270s][info][gc,heap        ] GC(922) Eden regions: 715->0(715)
[6831.270s][info][gc,heap        ] GC(922) Survivor regions: 53->53(96)
[6831.270s][info][gc,heap        ] GC(922) Old regions: 155->158
[6831.270s][info][gc,heap        ] GC(922) Humongous regions: 33->33
[6831.270s][info][gc,metaspace   ] GC(922) Metaspace: 35716K(37952K)->35716K(37952K) NonClass: 26712K(27008K)->26712K(27008K) Class: 9004K(10944K)->9004K(10944K)
[6831.270s][info][gc             ] GC(922) Pause Young (Normal) (G1 Evacuation Pause) 7618M->1916M(10240M) 165.187ms
[6831.270s][info][gc,cpu         ] GC(922) User=1.30s Sys=0.00s Real=0.16s
.|...[6835.251s][info][gc,start       ] GC(923) Pause Young (Normal) (G1 Evacuation Pause)
[6835.252s][info][gc,task        ] GC(923) Using 8 workers of 8 for evacuation
[6835.411s][info][gc,phases      ] GC(923)   Pre Evacuate Collection Set: 0.31ms
[6835.411s][info][gc,phases      ] GC(923)   Merge Heap Roots: 0.61ms
[6835.411s][info][gc,phases      ] GC(923)   Evacuate Collection Set: 156.46ms
[6835.411s][info][gc,phases      ] GC(923)   Post Evacuate Collection Set: 1.21ms
[6835.411s][info][gc,phases      ] GC(923)   Other: 0.82ms
[6835.411s][info][gc,heap        ] GC(923) Eden regions: 715->0(716)
[6835.411s][info][gc,heap        ] GC(923) Survivor regions: 53->52(96)
[6835.411s][info][gc,heap        ] GC(923) Old regions: 158->161
[6835.411s][info][gc,heap        ] GC(923) Humongous regions: 33->33
[6835.411s][info][gc,metaspace   ] GC(923) Metaspace: 35716K(37952K)->35716K(37952K) NonClass: 26712K(27008K)->26712K(27008K) Class: 9004K(10944K)->9004K(10944K)
[6835.411s][info][gc             ] GC(923) Pause Young (Normal) (G1 Evacuation Pause) 7636M->1933M(10240M) 159.536ms
[6835.411s][info][gc,cpu         ] GC(923) User=1.25s Sys=0.00s Real=0.16s
....[6839.264s][info][gc,start       ] GC(924) Pause Young (Normal) (G1 Evacuation Pause)
[6839.264s][info][gc,task        ] GC(924) Using 8 workers of 8 for evacuation
[6839.424s][info][gc,phases      ] GC(924)   Pre Evacuate Collection Set: 0.27ms
[6839.424s][info][gc,phases      ] GC(924)   Merge Heap Roots: 0.55ms
[6839.424s][info][gc,phases      ] GC(924)   Evacuate Collection Set: 158.17ms
[6839.424s][info][gc,phases      ] GC(924)   Post Evacuate Collection Set: 1.23ms
[6839.424s][info][gc,phases      ] GC(924)   Other: 0.07ms
[6839.424s][info][gc,heap        ] GC(924) Eden regions: 716->0(715)
[6839.424s][info][gc,heap        ] GC(924) Survivor regions: 52->53(96)
[6839.424s][info][gc,heap        ] GC(924) Old regions: 161->163
[6839.424s][info][gc,heap        ] GC(924) Humongous regions: 33->33
[6839.424s][info][gc,metaspace   ] GC(924) Metaspace: 35716K(37952K)->35716K(37952K) NonClass: 26712K(27008K)->26712K(27008K) Class: 9004K(10944K)->9004K(10944K)
[6839.424s][info][gc             ] GC(924) Pause Young (Normal) (G1 Evacuation Pause) 7661M->1958M(10240M) 160.429ms
[6839.424s][info][gc,cpu         ] GC(924) User=1.27s Sys=0.00s Real=0.16s
....[6843.426s][info][gc,start       ] GC(925) Pause Young (Normal) (G1 Evacuation Pause)
[6843.426s][info][gc,task        ] GC(925) Using 8 workers of 8 for evacuation
[6843.596s][info][gc,phases      ] GC(925)   Pre Evacuate Collection Set: 0.28ms
[6843.596s][info][gc,phases      ] GC(925)   Merge Heap Roots: 0.53ms
[6843.596s][info][gc,phases      ] GC(925)   Evacuate Collection Set: 167.37ms
[6843.596s][info][gc,phases      ] GC(925)   Post Evacuate Collection Set: 1.29ms
[6843.596s][info][gc,phases      ] GC(925)   Other: 0.08ms
[6843.596s][info][gc,heap        ] GC(925) Eden regions: 715->0(714)
[6843.596s][info][gc,heap        ] GC(925) Survivor regions: 53->54(96)
[6843.596s][info][gc,heap        ] GC(925) Old regions: 163->166
[6843.596s][info][gc,heap        ] GC(925) Humongous regions: 33->33
[6843.596s][info][gc,metaspace   ] GC(925) Metaspace: 35716K(37952K)->35716K(37952K) NonClass: 26712K(27008K)->26712K(27008K) Class: 9004K(10944K)->9004K(10944K)
[6843.596s][info][gc             ] GC(925) Pause Young (Normal) (G1 Evacuation Pause) 7678M->1993M(10240M) 169.687ms
[6843.596s][info][gc,cpu         ] GC(925) User=1.33s Sys=0.00s Real=0.17s
....[6847.397s][info][gc,start       ] GC(926) Pause Young (Normal) (G1 Evacuation Pause)
[6847.398s][info][gc,task        ] GC(926) Using 8 workers of 8 for evacuation
[6847.564s][info][gc,phases      ] GC(926)   Pre Evacuate Collection Set: 0.29ms
[6847.564s][info][gc,phases      ] GC(926)   Merge Heap Roots: 0.56ms
[6847.564s][info][gc,phases      ] GC(926)   Evacuate Collection Set: 163.84ms
[6847.564s][info][gc,phases      ] GC(926)   Post Evacuate Collection Set: 1.26ms
[6847.564s][info][gc,phases      ] GC(926)   Other: 0.06ms
[6847.564s][info][gc,heap        ] GC(926) Eden regions: 714->0(714)
[6847.564s][info][gc,heap        ] GC(926) Survivor regions: 54->54(96)
[6847.564s][info][gc,heap        ] GC(926) Old regions: 166->169
[6847.564s][info][gc,heap        ] GC(926) Humongous regions: 33->33
[6847.564s][info][gc,metaspace   ] GC(926) Metaspace: 35716K(37952K)->35716K(37952K) NonClass: 26712K(27008K)->26712K(27008K) Class: 9004K(10944K)->9004K(10944K)
[6847.564s][info][gc             ] GC(926) Pause Young (Normal) (G1 Evacuation Pause) 7705M->2015M(10240M) 166.155ms
[6847.564s][info][gc,cpu         ] GC(926) User=1.31s Sys=0.00s Real=0.17s
....[6851.503s][info][gc,start       ] GC(927) Pause Young (Normal) (G1 Evacuation Pause)
[6851.503s][info][gc,task        ] GC(927) Using 8 workers of 8 for evacuation
[6851.661s][info][gc,phases      ] GC(927)   Pre Evacuate Collection Set: 0.28ms
[6851.661s][info][gc,phases      ] GC(927)   Merge Heap Roots: 0.53ms
[6851.661s][info][gc,phases      ] GC(927)   Evacuate Collection Set: 156.17ms
[6851.661s][info][gc,phases      ] GC(927)   Post Evacuate Collection Set: 1.27ms
[6851.661s][info][gc,phases      ] GC(927)   Other: 0.07ms
[6851.661s][info][gc,heap        ] GC(927) Eden regions: 714->0(715)
[6851.661s][info][gc,heap        ] GC(927) Survivor regions: 54->53(96)
[6851.661s][info][gc,heap        ] GC(927) Old regions: 169->172
[6851.661s][info][gc,heap        ] GC(927) Humongous regions: 33->33
[6851.661s][info][gc,metaspace   ] GC(927) Metaspace: 35716K(37952K)->35716K(37952K) NonClass: 26712K(27008K)->26712K(27008K) Class: 9004K(10944K)->9004K(10944K)
[6851.661s][info][gc             ] GC(927) Pause Young (Normal) (G1 Evacuation Pause) 7727M->2024M(10240M) 158.463ms
[6851.661s][info][gc,cpu         ] GC(927) User=1.25s Sys=0.00s Real=0.15s
....[6855.541s][info][gc,start       ] GC(928) Pause Young (Normal) (G1 Evacuation Pause)
[6855.541s][info][gc,task        ] GC(928) Using 8 workers of 8 for evacuation
[6855.701s][info][gc,phases      ] GC(928)   Pre Evacuate Collection Set: 0.28ms
[6855.701s][info][gc,phases      ] GC(928)   Merge Heap Roots: 0.57ms
[6855.701s][info][gc,phases      ] GC(928)   Evacuate Collection Set: 157.43ms
[6855.701s][info][gc,phases      ] GC(928)   Post Evacuate Collection Set: 1.26ms
[6855.701s][info][gc,phases      ] GC(928)   Other: 0.07ms
[6855.701s][info][gc,heap        ] GC(928) Eden regions: 715->0(716)
[6855.701s][info][gc,heap        ] GC(928) Survivor regions: 53->52(96)
[6855.701s][info][gc,heap        ] GC(928) Old regions: 172->174
[6855.701s][info][gc,heap        ] GC(928) Humongous regions: 33->33
[6855.701s][info][gc,metaspace   ] GC(928) Metaspace: 35716K(37952K)->35716K(37952K) NonClass: 26712K(27008K)->26712K(27008K) Class: 9004K(10944K)->9004K(10944K)
[6855.701s][info][gc             ] GC(928) Pause Young (Normal) (G1 Evacuation Pause) 7744M->2042M(10240M) 159.759ms
[6855.701s][info][gc,cpu         ] GC(928) User=1.26s Sys=0.00s Real=0.16s
....[6859.620s][info][gc,start       ] GC(929) Pause Young (Normal) (G1 Evacuation Pause)
[6859.620s][info][gc,task        ] GC(929) Using 8 workers of 8 for evacuation
[6859.781s][info][gc,phases      ] GC(929)   Pre Evacuate Collection Set: 0.28ms
[6859.781s][info][gc,phases      ] GC(929)   Merge Heap Roots: 0.53ms
[6859.781s][info][gc,phases      ] GC(929)   Evacuate Collection Set: 159.48ms
[6859.781s][info][gc,phases      ] GC(929)   Post Evacuate Collection Set: 1.24ms
[6859.781s][info][gc,phases      ] GC(929)   Other: 0.07ms
[6859.781s][info][gc,heap        ] GC(929) Eden regions: 716->0(715)
[6859.781s][info][gc,heap        ] GC(929) Survivor regions: 52->53(96)
[6859.781s][info][gc,heap        ] GC(929) Old regions: 174->177
[6859.781s][info][gc,heap        ] GC(929) Humongous regions: 33->33
[6859.781s][info][gc,metaspace   ] GC(929) Metaspace: 35716K(37952K)->35716K(37952K) NonClass: 26712K(27008K)->26712K(27008K) Class: 9004K(10944K)->9004K(10944K)
[6859.781s][info][gc             ] GC(929) Pause Young (Normal) (G1 Evacuation Pause) 7770M->2067M(10240M) 161.726ms
[6859.781s][info][gc,cpu         ] GC(929) User=1.27s Sys=0.01s Real=0.16s
....[6863.699s][info][gc,start       ] GC(930) Pause Young (Normal) (G1 Evacuation Pause)
[6863.699s][info][gc,task        ] GC(930) Using 8 workers of 8 for evacuation
[6863.861s][info][gc,phases      ] GC(930)   Pre Evacuate Collection Set: 0.27ms
[6863.861s][info][gc,phases      ] GC(930)   Merge Heap Roots: 0.53ms
[6863.861s][info][gc,phases      ] GC(930)   Evacuate Collection Set: 159.66ms
[6863.861s][info][gc,phases      ] GC(930)   Post Evacuate Collection Set: 1.23ms
[6863.861s][info][gc,phases      ] GC(930)   Other: 0.06ms
[6863.861s][info][gc,heap        ] GC(930) Eden regions: 715->0(714)
[6863.861s][info][gc,heap        ] GC(930) Survivor regions: 53->54(96)
[6863.861s][info][gc,heap        ] GC(930) Old regions: 177->180
[6863.861s][info][gc,heap        ] GC(930) Humongous regions: 33->33
[6863.861s][info][gc,metaspace   ] GC(930) Metaspace: 35716K(37952K)->35716K(37952K) NonClass: 26712K(27008K)->26712K(27008K) Class: 9004K(10944K)->9004K(10944K)
[6863.861s][info][gc             ] GC(930) Pause Young (Normal) (G1 Evacuation Pause) 7787M->2097M(10240M) 161.882ms
[6863.861s][info][gc,cpu         ] GC(930) User=1.27s Sys=0.00s Real=0.16s
....[6867.775s][info][gc,start       ] GC(931) Pause Young (Normal) (G1 Evacuation Pause)
[6867.775s][info][gc,task        ] GC(931) Using 8 workers of 8 for evacuation
[6867.939s][info][gc,phases      ] GC(931)   Pre Evacuate Collection Set: 0.28ms
[6867.939s][info][gc,phases      ] GC(931)   Merge Heap Roots: 0.55ms
[6867.939s][info][gc,phases      ] GC(931)   Evacuate Collection Set: 161.99ms
[6867.939s][info][gc,phases      ] GC(931)   Post Evacuate Collection Set: 1.23ms
[6867.939s][info][gc,phases      ] GC(931)   Other: 0.06ms
[6867.939s][info][gc,heap        ] GC(931) Eden regions: 714->0(715)
[6867.939s][info][gc,heap        ] GC(931) Survivor regions: 54->53(96)
[6867.939s][info][gc,heap        ] GC(931) Old regions: 180->182
[6867.939s][info][gc,heap        ] GC(931) Humongous regions: 33->33
[6867.939s][info][gc,metaspace   ] GC(931) Metaspace: 35716K(37952K)->35716K(37952K) NonClass: 26712K(27008K)->26712K(27008K) Class: 9004K(10944K)->9004K(10944K)
[6867.939s][info][gc             ] GC(931) Pause Young (Normal) (G1 Evacuation Pause) 7809M->2110M(10240M) 164.257ms
[6867.939s][info][gc,cpu         ] GC(931) User=1.29s Sys=0.00s Real=0.16s
.....[6872.014s][info][gc,start       ] GC(932) Pause Young (Normal) (G1 Evacuation Pause)
[6872.014s][info][gc,task        ] GC(932) Using 8 workers of 8 for evacuation
[6872.176s][info][gc,phases      ] GC(932)   Pre Evacuate Collection Set: 0.30ms
[6872.176s][info][gc,phases      ] GC(932)   Merge Heap Roots: 0.51ms
[6872.176s][info][gc,phases      ] GC(932)   Evacuate Collection Set: 159.73ms
[6872.176s][info][gc,phases      ] GC(932)   Post Evacuate Collection Set: 1.27ms
[6872.176s][info][gc,phases      ] GC(932)   Other: 0.06ms
[6872.176s][info][gc,heap        ] GC(932) Eden regions: 715->0(715)
[6872.176s][info][gc,heap        ] GC(932) Survivor regions: 53->53(96)
[6872.176s][info][gc,heap        ] GC(932) Old regions: 182->185
[6872.176s][info][gc,heap        ] GC(932) Humongous regions: 33->33
[6872.176s][info][gc,metaspace   ] GC(932) Metaspace: 35716K(37952K)->35716K(37952K) NonClass: 26712K(27008K)->26712K(27008K) Class: 9004K(10944K)->9004K(10944K)
[6872.176s][info][gc             ] GC(932) Pause Young (Normal) (G1 Evacuation Pause) 7830M->2137M(10240M) 162.014ms
[6872.176s][info][gc,cpu         ] GC(932) User=1.27s Sys=0.00s Real=0.16s
....[6876.014s][info][gc,start       ] GC(933) Pause Young (Normal) (G1 Evacuation Pause)
[6876.014s][info][gc,task        ] GC(933) Using 8 workers of 8 for evacuation
[6876.177s][info][gc,phases      ] GC(933)   Pre Evacuate Collection Set: 0.26ms
[6876.177s][info][gc,phases      ] GC(933)   Merge Heap Roots: 0.52ms
[6876.177s][info][gc,phases      ] GC(933)   Evacuate Collection Set: 161.68ms
[6876.177s][info][gc,phases      ] GC(933)   Post Evacuate Collection Set: 1.23ms
[6876.177s][info][gc,phases      ] GC(933)   Other: 0.07ms
[6876.177s][info][gc,heap        ] GC(933) Eden regions: 715->0(714)
[6876.177s][info][gc,heap        ] GC(933) Survivor regions: 53->54(96)
[6876.177s][info][gc,heap        ] GC(933) Old regions: 185->188
[6876.177s][info][gc,heap        ] GC(933) Humongous regions: 33->33
[6876.177s][info][gc,metaspace   ] GC(933) Metaspace: 35716K(37952K)->35716K(37952K) NonClass: 26712K(27008K)->26712K(27008K) Class: 9004K(10944K)->9004K(10944K)
[6876.177s][info][gc             ] GC(933) Pause Young (Normal) (G1 Evacuation Pause) 7857M->2163M(10240M) 163.900ms
[6876.178s][info][gc,cpu         ] GC(933) User=1.29s Sys=0.00s Real=0.16s
....[6880.041s][info][gc,start       ] GC(934) Pause Young (Normal) (G1 Evacuation Pause)
[6880.042s][info][gc,task        ] GC(934) Using 8 workers of 8 for evacuation
[6880.202s][info][gc,phases      ] GC(934)   Pre Evacuate Collection Set: 0.31ms
[6880.202s][info][gc,phases      ] GC(934)   Merge Heap Roots: 0.60ms
[6880.202s][info][gc,phases      ] GC(934)   Evacuate Collection Set: 158.68ms
[6880.202s][info][gc,phases      ] GC(934)   Post Evacuate Collection Set: 1.27ms
[6880.203s][info][gc,phases      ] GC(934)   Other: 0.06ms
[6880.203s][info][gc,heap        ] GC(934) Eden regions: 714->0(716)
[6880.203s][info][gc,heap        ] GC(934) Survivor regions: 54->52(96)
[6880.203s][info][gc,heap        ] GC(934) Old regions: 188->191
[6880.203s][info][gc,heap        ] GC(934) Humongous regions: 33->33
[6880.203s][info][gc,metaspace   ] GC(934) Metaspace: 35716K(37952K)->35716K(37952K) NonClass: 26712K(27008K)->26712K(27008K) Class: 9004K(10944K)->9004K(10944K)
[6880.203s][info][gc             ] GC(934) Pause Young (Normal) (G1 Evacuation Pause) 7875M->2174M(10240M) 161.054ms
[6880.203s][info][gc,cpu         ] GC(934) User=1.26s Sys=0.00s Real=0.17s
....[6884.190s][info][gc,start       ] GC(935) Pause Young (Normal) (G1 Evacuation Pause)
[6884.190s][info][gc,task        ] GC(935) Using 8 workers of 8 for evacuation
[6884.358s][info][gc,phases      ] GC(935)   Pre Evacuate Collection Set: 0.27ms
[6884.358s][info][gc,phases      ] GC(935)   Merge Heap Roots: 0.51ms
[6884.358s][info][gc,phases      ] GC(935)   Evacuate Collection Set: 165.85ms
[6884.358s][info][gc,phases      ] GC(935)   Post Evacuate Collection Set: 1.24ms
[6884.358s][info][gc,phases      ] GC(935)   Other: 0.06ms
[6884.358s][info][gc,heap        ] GC(935) Eden regions: 716->0(713)
[6884.358s][info][gc,heap        ] GC(935) Survivor regions: 52->55(96)
[6884.358s][info][gc,heap        ] GC(935) Old regions: 191->193
[6884.358s][info][gc,heap        ] GC(935) Humongous regions: 33->33
[6884.358s][info][gc,metaspace   ] GC(935) Metaspace: 35716K(37952K)->35716K(37952K) NonClass: 26712K(27008K)->26712K(27008K) Class: 9004K(10944K)->9004K(10944K)
[6884.358s][info][gc             ] GC(935) Pause Young (Normal) (G1 Evacuation Pause) 7902M->2215M(10240M) 168.066ms
[6884.358s][info][gc,cpu         ] GC(935) User=1.32s Sys=0.01s Real=0.17s
....[6888.303s][info][gc,start       ] GC(936) Pause Young (Normal) (G1 Evacuation Pause)
[6888.303s][info][gc,task        ] GC(936) Using 8 workers of 8 for evacuation
[6888.461s][info][gc,phases      ] GC(936)   Pre Evacuate Collection Set: 0.30ms
[6888.461s][info][gc,phases      ] GC(936)   Merge Heap Roots: 0.54ms
[6888.461s][info][gc,phases      ] GC(936)   Evacuate Collection Set: 155.63ms
[6888.461s][info][gc,phases      ] GC(936)   Post Evacuate Collection Set: 1.26ms
[6888.461s][info][gc,phases      ] GC(936)   Other: 0.07ms
[6888.461s][info][gc,heap        ] GC(936) Eden regions: 713->0(717)
[6888.461s][info][gc,heap        ] GC(936) Survivor regions: 55->51(96)
[6888.461s][info][gc,heap        ] GC(936) Old regions: 193->196
[6888.461s][info][gc,heap        ] GC(936) Humongous regions: 33->33
[6888.461s][info][gc,metaspace   ] GC(936) Metaspace: 35716K(37952K)->35716K(37952K) NonClass: 26712K(27008K)->26712K(27008K) Class: 9004K(10944K)->9004K(10944K)
[6888.461s][info][gc             ] GC(936) Pause Young (Normal) (G1 Evacuation Pause) 7919M->2206M(10240M) 157.948ms
[6888.461s][info][gc,cpu         ] GC(936) User=1.24s Sys=0.00s Real=0.15s
.... (rIR:aIR:PR = 11761:11805:11796) (tPR = 176040) [OK] 
  6892s: Performance info:
         Transaction,    Success,    Partial,     Failed,   Receipts, AvgBarcode, 
             Overall,     715910,          0,          0,     680076,      59.48, 
         Response times:
             Request,    Success,    Partial,     Failed,   SkipFail,     Probes,    Samples,      min,      p50,      p90,      p95,      p99,      max, 
       TotalPurchase,     680436,          0,          0,          0,     360584,     522043,      300,    15100,    74000,   100000,   162000,  1800000,
     InStorePurchase,     356786,          0,          0,          0,     188574,     272980,      300,    15000,    75000,   101000,   159000,  1800000,
      OnlinePurchase,     253025,          0,          0,          0,     133297,     192896,      300,    15200,    74000,   100000,   165000,  1800000,
        InstPurchase,      70625,          0,          0,          0,      38713,      56167,      400,    14900,    73000,    99000,   170320,  1800000,
          AssocOfCat,        711,          0,          0,          0,        601,       1006,    31000,    74500,   145000,   165650,   238650,   371000,
      AssocOfProduct,       7181,          0,          0,          0,       4306,       6558,      800,    15100,    74000,    97000,   147410,   660000,
      BusinessReport,       1786,          0,          0,          0,       1536,       2397,    32000,    84000,   145000,   189000,   317020,  1100000,
          CustBuyBeh,       7164,          0,          0,          0,       4416,       6575,      600,    14700,    75000,    97000,   146240,  1500000,
       ProductReturn,      19155,          0,          0,          0,       9951,      14637,      200,    14800,    73000,   100000,   154000,  1800000,

  6892s: (86%)   IR =  11900 [6892.389s][info][gc,start       ] GC(937) Pause Young (Normal) (G1 Evacuation Pause)
[6892.389s][info][gc,task        ] GC(937) Using 8 workers of 8 for evacuation
[6892.555s][info][gc,phases      ] GC(937)   Pre Evacuate Collection Set: 0.26ms
[6892.555s][info][gc,phases      ] GC(937)   Merge Heap Roots: 0.56ms
[6892.555s][info][gc,phases      ] GC(937)   Evacuate Collection Set: 163.95ms
[6892.555s][info][gc,phases      ] GC(937)   Post Evacuate Collection Set: 1.24ms
[6892.555s][info][gc,phases      ] GC(937)   Other: 0.07ms
[6892.555s][info][gc,heap        ] GC(937) Eden regions: 717->0(716)
[6892.555s][info][gc,heap        ] GC(937) Survivor regions: 51->52(96)
[6892.555s][info][gc,heap        ] GC(937) Old regions: 196->199
[6892.555s][info][gc,heap        ] GC(937) Humongous regions: 33->33
[6892.555s][info][gc,metaspace   ] GC(937) Metaspace: 35716K(37952K)->35716K(37952K) NonClass: 26712K(27008K)->26712K(27008K) Class: 9004K(10944K)->9004K(10944K)
[6892.555s][info][gc             ] GC(937) Pause Young (Normal) (G1 Evacuation Pause) 7942M->2241M(10240M) 166.233ms
[6892.555s][info][gc,cpu         ] GC(937) User=1.31s Sys=0.00s Real=0.17s
....[6896.482s][info][gc,start       ] GC(938) Pause Young (Normal) (G1 Evacuation Pause)
[6896.483s][info][gc,task        ] GC(938) Using 8 workers of 8 for evacuation
[6896.643s][info][gc,phases      ] GC(938)   Pre Evacuate Collection Set: 0.26ms
[6896.643s][info][gc,phases      ] GC(938)   Merge Heap Roots: 0.49ms
[6896.643s][info][gc,phases      ] GC(938)   Evacuate Collection Set: 158.85ms
[6896.643s][info][gc,phases      ] GC(938)   Post Evacuate Collection Set: 1.25ms
[6896.643s][info][gc,phases      ] GC(938)   Other: 0.07ms
[6896.643s][info][gc,heap        ] GC(938) Eden regions: 716->0(716)
[6896.643s][info][gc,heap        ] GC(938) Survivor regions: 52->52(96)
[6896.644s][info][gc,heap        ] GC(938) Old regions: 199->202
[6896.644s][info][gc,heap        ] GC(938) Humongous regions: 33->33
[6896.644s][info][gc,metaspace   ] GC(938) Metaspace: 35716K(37952K)->35716K(37952K) NonClass: 26712K(27008K)->26712K(27008K) Class: 9004K(10944K)->9004K(10944K)
[6896.644s][info][gc             ] GC(938) Pause Young (Normal) (G1 Evacuation Pause) 7969M->2263M(10240M) 161.065ms
[6896.644s][info][gc,cpu         ] GC(938) User=1.27s Sys=0.00s Real=0.16s
....[6900.470s][info][gc,start       ] GC(939) Pause Young (Normal) (G1 Evacuation Pause)
[6900.470s][info][gc,task        ] GC(939) Using 8 workers of 8 for evacuation
[6900.636s][info][gc,phases      ] GC(939)   Pre Evacuate Collection Set: 0.26ms
[6900.636s][info][gc,phases      ] GC(939)   Merge Heap Roots: 0.51ms
[6900.636s][info][gc,phases      ] GC(939)   Evacuate Collection Set: 163.96ms
[6900.636s][info][gc,phases      ] GC(939)   Post Evacuate Collection Set: 1.26ms
[6900.636s][info][gc,phases      ] GC(939)   Other: 0.06ms
[6900.636s][info][gc,heap        ] GC(939) Eden regions: 716->0(714)
[6900.636s][info][gc,heap        ] GC(939) Survivor regions: 52->54(96)
[6900.636s][info][gc,heap        ] GC(939) Old regions: 202->204
[6900.636s][info][gc,heap        ] GC(939) Humongous regions: 33->33
[6900.636s][info][gc,metaspace   ] GC(939) Metaspace: 35716K(37952K)->35716K(37952K) NonClass: 26712K(27008K)->26712K(27008K) Class: 9004K(10944K)->9004K(10944K)
[6900.636s][info][gc             ] GC(939) Pause Young (Normal) (G1 Evacuation Pause) 7991M->2296M(10240M) 166.176ms
[6900.636s][info][gc,cpu         ] GC(939) User=1.31s Sys=0.00s Real=0.17s
...|.[6904.529s][info][gc,start       ] GC(940) Pause Young (Normal) (G1 Evacuation Pause)
[6904.529s][info][gc,task        ] GC(940) Using 8 workers of 8 for evacuation
[6904.695s][info][gc,phases      ] GC(940)   Pre Evacuate Collection Set: 0.25ms
[6904.695s][info][gc,phases      ] GC(940)   Merge Heap Roots: 0.50ms
[6904.695s][info][gc,phases      ] GC(940)   Evacuate Collection Set: 164.09ms
[6904.695s][info][gc,phases      ] GC(940)   Post Evacuate Collection Set: 1.29ms
[6904.695s][info][gc,phases      ] GC(940)   Other: 0.08ms
[6904.695s][info][gc,heap        ] GC(940) Eden regions: 714->0(714)
[6904.695s][info][gc,heap        ] GC(940) Survivor regions: 54->54(96)
[6904.695s][info][gc,heap        ] GC(940) Old regions: 204->207
[6904.695s][info][gc,heap        ] GC(940) Humongous regions: 33->33
[6904.695s][info][gc,metaspace   ] GC(940) Metaspace: 35716K(37952K)->35716K(37952K) NonClass: 26712K(27008K)->26712K(27008K) Class: 9004K(10944K)->9004K(10944K)
[6904.695s][info][gc             ] GC(940) Pause Young (Normal) (G1 Evacuation Pause) 8008M->2318M(10240M) 166.358ms
[6904.695s][info][gc,cpu         ] GC(940) User=1.30s Sys=0.01s Real=0.17s
....[6908.598s][info][gc,start       ] GC(941) Pause Young (Normal) (G1 Evacuation Pause)
[6908.598s][info][gc,task        ] GC(941) Using 8 workers of 8 for evacuation
[6908.761s][info][gc,phases      ] GC(941)   Pre Evacuate Collection Set: 0.28ms
[6908.761s][info][gc,phases      ] GC(941)   Merge Heap Roots: 0.55ms
[6908.761s][info][gc,phases      ] GC(941)   Evacuate Collection Set: 161.16ms
[6908.761s][info][gc,phases      ] GC(941)   Post Evacuate Collection Set: 1.25ms
[6908.761s][info][gc,phases      ] GC(941)   Other: 0.07ms
[6908.761s][info][gc,heap        ] GC(941) Eden regions: 714->0(715)
[6908.761s][info][gc,heap        ] GC(941) Survivor regions: 54->53(96)
[6908.761s][info][gc,heap        ] GC(941) Old regions: 207->210
[6908.761s][info][gc,heap        ] GC(941) Humongous regions: 33->33
[6908.761s][info][gc,metaspace   ] GC(941) Metaspace: 35716K(37952K)->35716K(37952K) NonClass: 26712K(27008K)->26712K(27008K) Class: 9004K(10944K)->9004K(10944K)
[6908.761s][info][gc             ] GC(941) Pause Young (Normal) (G1 Evacuation Pause) 8030M->2332M(10240M) 163.449ms
[6908.761s][info][gc,cpu         ] GC(941) User=1.28s Sys=0.00s Real=0.16s
....[6912.640s][info][gc,start       ] GC(942) Pause Young (Normal) (G1 Evacuation Pause)
[6912.640s][info][gc,task        ] GC(942) Using 8 workers of 8 for evacuation
[6912.801s][info][gc,phases      ] GC(942)   Pre Evacuate Collection Set: 0.28ms
[6912.801s][info][gc,phases      ] GC(942)   Merge Heap Roots: 0.50ms
[6912.801s][info][gc,phases      ] GC(942)   Evacuate Collection Set: 159.27ms
[6912.801s][info][gc,phases      ] GC(942)   Post Evacuate Collection Set: 1.26ms
[6912.801s][info][gc,phases      ] GC(942)   Other: 0.07ms
[6912.801s][info][gc,heap        ] GC(942) Eden regions: 715->0(715)
[6912.801s][info][gc,heap        ] GC(942) Survivor regions: 53->53(96)
[6912.801s][info][gc,heap        ] GC(942) Old regions: 210->213
[6912.801s][info][gc,heap        ] GC(942) Humongous regions: 33->33
[6912.801s][info][gc,metaspace   ] GC(942) Metaspace: 35716K(37952K)->35716K(37952K) NonClass: 26712K(27008K)->26712K(27008K) Class: 9004K(10944K)->9004K(10944K)
[6912.801s][info][gc             ] GC(942) Pause Young (Normal) (G1 Evacuation Pause) 8052M->2355M(10240M) 161.526ms
[6912.801s][info][gc,cpu         ] GC(942) User=1.27s Sys=0.00s Real=0.16s
....[6916.551s][info][gc,start       ] GC(943) Pause Young (Normal) (G1 Evacuation Pause)
[6916.551s][info][gc,task        ] GC(943) Using 8 workers of 8 for evacuation
[6916.719s][info][gc,phases      ] GC(943)   Pre Evacuate Collection Set: 0.29ms
[6916.719s][info][gc,phases      ] GC(943)   Merge Heap Roots: 0.60ms
[6916.719s][info][gc,phases      ] GC(943)   Evacuate Collection Set: 165.58ms
[6916.719s][info][gc,phases      ] GC(943)   Post Evacuate Collection Set: 1.24ms
[6916.719s][info][gc,phases      ] GC(943)   Other: 0.08ms
[6916.719s][info][gc,heap        ] GC(943) Eden regions: 715->0(715)
[6916.719s][info][gc,heap        ] GC(943) Survivor regions: 53->53(96)
[6916.719s][info][gc,heap        ] GC(943) Old regions: 213->215
[6916.719s][info][gc,heap        ] GC(943) Humongous regions: 33->33
[6916.719s][info][gc,metaspace   ] GC(943) Metaspace: 35716K(37952K)->35716K(37952K) NonClass: 26712K(27008K)->26712K(27008K) Class: 9004K(10944K)->9004K(10944K)
[6916.719s][info][gc             ] GC(943) Pause Young (Normal) (G1 Evacuation Pause) 8075M->2380M(10240M) 167.938ms
[6916.719s][info][gc,cpu         ] GC(943) User=1.32s Sys=0.00s Real=0.17s
....[6920.683s][info][gc,start       ] GC(944) Pause Young (Normal) (G1 Evacuation Pause)
[6920.683s][info][gc,task        ] GC(944) Using 8 workers of 8 for evacuation
[6920.847s][info][gc,phases      ] GC(944)   Pre Evacuate Collection Set: 0.28ms
[6920.848s][info][gc,phases      ] GC(944)   Merge Heap Roots: 0.51ms
[6920.848s][info][gc,phases      ] GC(944)   Evacuate Collection Set: 162.10ms
[6920.848s][info][gc,phases      ] GC(944)   Post Evacuate Collection Set: 1.25ms
[6920.848s][info][gc,phases      ] GC(944)   Other: 0.06ms
[6920.848s][info][gc,heap        ] GC(944) Eden regions: 715->0(715)
[6920.848s][info][gc,heap        ] GC(944) Survivor regions: 53->53(96)
[6920.848s][info][gc,heap        ] GC(944) Old regions: 215->218
[6920.848s][info][gc,heap        ] GC(944) Humongous regions: 33->33
[6920.848s][info][gc,metaspace   ] GC(944) Metaspace: 35716K(37952K)->35716K(37952K) NonClass: 26712K(27008K)->26712K(27008K) Class: 9004K(10944K)->9004K(10944K)
[6920.848s][info][gc             ] GC(944) Pause Young (Normal) (G1 Evacuation Pause) 8100M->2401M(10240M) 164.342ms
[6920.848s][info][gc,cpu         ] GC(944) User=1.29s Sys=0.00s Real=0.16s
....[6924.768s][info][gc,start       ] GC(945) Pause Young (Normal) (G1 Evacuation Pause)
[6924.768s][info][gc,task        ] GC(945) Using 8 workers of 8 for evacuation
[6924.931s][info][gc,phases      ] GC(945)   Pre Evacuate Collection Set: 0.27ms
[6924.931s][info][gc,phases      ] GC(945)   Merge Heap Roots: 0.49ms
[6924.931s][info][gc,phases      ] GC(945)   Evacuate Collection Set: 161.43ms
[6924.931s][info][gc,phases      ] GC(945)   Post Evacuate Collection Set: 1.27ms
[6924.931s][info][gc,phases      ] GC(945)   Other: 0.06ms
[6924.931s][info][gc,heap        ] GC(945) Eden regions: 715->0(715)
[6924.931s][info][gc,heap        ] GC(945) Survivor regions: 53->53(96)
[6924.931s][info][gc,heap        ] GC(945) Old regions: 218->221
[6924.931s][info][gc,heap        ] GC(945) Humongous regions: 33->33
[6924.931s][info][gc,metaspace   ] GC(945) Metaspace: 35716K(37952K)->35716K(37952K) NonClass: 26712K(27008K)->26712K(27008K) Class: 9004K(10944K)->9004K(10944K)
[6924.931s][info][gc             ] GC(945) Pause Young (Normal) (G1 Evacuation Pause) 8121M->2419M(10240M) 163.645ms
[6924.931s][info][gc,cpu         ] GC(945) User=1.29s Sys=0.01s Real=0.16s
....[6928.760s][info][gc,start       ] GC(946) Pause Young (Normal) (G1 Evacuation Pause)
[6928.760s][info][gc,task        ] GC(946) Using 8 workers of 8 for evacuation
[6928.926s][info][gc,phases      ] GC(946)   Pre Evacuate Collection Set: 0.27ms
[6928.926s][info][gc,phases      ] GC(946)   Merge Heap Roots: 0.52ms
[6928.926s][info][gc,phases      ] GC(946)   Evacuate Collection Set: 164.34ms
[6928.926s][info][gc,phases      ] GC(946)   Post Evacuate Collection Set: 1.28ms
[6928.926s][info][gc,phases      ] GC(946)   Other: 0.06ms
[6928.926s][info][gc,heap        ] GC(946) Eden regions: 715->0(714)
[6928.926s][info][gc,heap        ] GC(946) Survivor regions: 53->54(96)
[6928.926s][info][gc,heap        ] GC(946) Old regions: 221->224
[6928.926s][info][gc,heap        ] GC(946) Humongous regions: 33->33
[6928.926s][info][gc,metaspace   ] GC(946) Metaspace: 35716K(37952K)->35716K(37952K) NonClass: 26712K(27008K)->26712K(27008K) Class: 9004K(10944K)->9004K(10944K)
[6928.926s][info][gc             ] GC(946) Pause Young (Normal) (G1 Evacuation Pause) 8139M->2453M(10240M) 166.590ms
[6928.926s][info][gc,cpu         ] GC(946) User=1.31s Sys=0.00s Real=0.17s
....[6932.708s][info][gc,start       ] GC(947) Pause Young (Normal) (G1 Evacuation Pause)
[6932.708s][info][gc,task        ] GC(947) Using 8 workers of 8 for evacuation
[6932.872s][info][gc,phases      ] GC(947)   Pre Evacuate Collection Set: 0.27ms
[6932.872s][info][gc,phases      ] GC(947)   Merge Heap Roots: 0.51ms
[6932.872s][info][gc,phases      ] GC(947)   Evacuate Collection Set: 161.99ms
[6932.872s][info][gc,phases      ] GC(947)   Post Evacuate Collection Set: 1.27ms
[6932.872s][info][gc,phases      ] GC(947)   Other: 0.07ms
[6932.872s][info][gc,heap        ] GC(947) Eden regions: 714->0(715)
[6932.872s][info][gc,heap        ] GC(947) Survivor regions: 54->53(96)
[6932.872s][info][gc,heap        ] GC(947) Old regions: 224->226
[6932.872s][info][gc,heap        ] GC(947) Humongous regions: 33->33
[6932.872s][info][gc,metaspace   ] GC(947) Metaspace: 35716K(37952K)->35716K(37952K) NonClass: 26712K(27008K)->26712K(27008K) Class: 9004K(10944K)->9004K(10944K)
[6932.872s][info][gc             ] GC(947) Pause Young (Normal) (G1 Evacuation Pause) 8165M->2462M(10240M) 164.239ms
[6932.872s][info][gc,cpu         ] GC(947) User=1.29s Sys=0.00s Real=0.17s
....[6936.786s][info][gc,start       ] GC(948) Pause Young (Normal) (G1 Evacuation Pause)
[6936.786s][info][gc,task        ] GC(948) Using 8 workers of 8 for evacuation
[6936.952s][info][gc,phases      ] GC(948)   Pre Evacuate Collection Set: 0.27ms
[6936.952s][info][gc,phases      ] GC(948)   Merge Heap Roots: 0.60ms
[6936.952s][info][gc,phases      ] GC(948)   Evacuate Collection Set: 163.83ms
[6936.952s][info][gc,phases      ] GC(948)   Post Evacuate Collection Set: 1.23ms
[6936.952s][info][gc,phases      ] GC(948)   Other: 0.07ms
[6936.952s][info][gc,heap        ] GC(948) Eden regions: 715->0(714)
[6936.952s][info][gc,heap        ] GC(948) Survivor regions: 53->54(96)
[6936.952s][info][gc,heap        ] GC(948) Old regions: 226->229
[6936.952s][info][gc,heap        ] GC(948) Humongous regions: 33->33
[6936.952s][info][gc,metaspace   ] GC(948) Metaspace: 35716K(37952K)->35716K(37952K) NonClass: 26712K(27008K)->26712K(27008K) Class: 9004K(10944K)->9004K(10944K)
[6936.952s][info][gc             ] GC(948) Pause Young (Normal) (G1 Evacuation Pause) 8182M->2491M(10240M) 166.131ms
[6936.952s][info][gc,cpu         ] GC(948) User=1.31s Sys=0.00s Real=0.17s
....[6940.770s][info][gc,start       ] GC(949) Pause Young (Normal) (G1 Evacuation Pause)
[6940.770s][info][gc,task        ] GC(949) Using 8 workers of 8 for evacuation
[6940.934s][info][gc,phases      ] GC(949)   Pre Evacuate Collection Set: 0.31ms
[6940.934s][info][gc,phases      ] GC(949)   Merge Heap Roots: 0.59ms
[6940.934s][info][gc,phases      ] GC(949)   Evacuate Collection Set: 161.43ms
[6940.934s][info][gc,phases      ] GC(949)   Post Evacuate Collection Set: 1.27ms
[6940.934s][info][gc,phases      ] GC(949)   Other: 0.06ms
[6940.934s][info][gc,heap        ] GC(949) Eden regions: 714->0(715)
[6940.934s][info][gc,heap        ] GC(949) Survivor regions: 54->53(96)
[6940.934s][info][gc,heap        ] GC(949) Old regions: 229->232
[6940.934s][info][gc,heap        ] GC(949) Humongous regions: 33->33
[6940.934s][info][gc,metaspace   ] GC(949) Metaspace: 35716K(37952K)->35716K(37952K) NonClass: 26712K(27008K)->26712K(27008K) Class: 9004K(10944K)->9004K(10944K)
[6940.934s][info][gc             ] GC(949) Pause Young (Normal) (G1 Evacuation Pause) 8203M->2510M(10240M) 163.836ms
[6940.934s][info][gc,cpu         ] GC(949) User=1.28s Sys=0.01s Real=0.17s
....[6944.737s][info][gc,start       ] GC(950) Pause Young (Normal) (G1 Evacuation Pause)
[6944.737s][info][gc,task        ] GC(950) Using 8 workers of 8 for evacuation
[6944.901s][info][gc,phases      ] GC(950)   Pre Evacuate Collection Set: 0.27ms
[6944.901s][info][gc,phases      ] GC(950)   Merge Heap Roots: 0.58ms
[6944.901s][info][gc,phases      ] GC(950)   Evacuate Collection Set: 161.73ms
[6944.901s][info][gc,phases      ] GC(950)   Post Evacuate Collection Set: 1.24ms
[6944.901s][info][gc,phases      ] GC(950)   Other: 0.07ms
[6944.901s][info][gc,heap        ] GC(950) Eden regions: 715->0(715)
[6944.901s][info][gc,heap        ] GC(950) Survivor regions: 53->53(96)
[6944.901s][info][gc,heap        ] GC(950) Old regions: 232->235
[6944.901s][info][gc,heap        ] GC(950) Humongous regions: 33->33
[6944.901s][info][gc,metaspace   ] GC(950) Metaspace: 35716K(37952K)->35716K(37952K) NonClass: 26712K(27008K)->26712K(27008K) Class: 9004K(10944K)->9004K(10944K)
[6944.901s][info][gc             ] GC(950) Pause Young (Normal) (G1 Evacuation Pause) 8230M->2528M(10240M) 164.015ms
[6944.901s][info][gc,cpu         ] GC(950) User=1.29s Sys=0.00s Real=0.16s
....[6948.855s][info][gc,start       ] GC(951) Pause Young (Normal) (G1 Evacuation Pause)
[6948.855s][info][gc,task        ] GC(951) Using 8 workers of 8 for evacuation
[6949.016s][info][gc,phases      ] GC(951)   Pre Evacuate Collection Set: 0.28ms
[6949.017s][info][gc,phases      ] GC(951)   Merge Heap Roots: 0.52ms
[6949.017s][info][gc,phases      ] GC(951)   Evacuate Collection Set: 159.06ms
[6949.017s][info][gc,phases      ] GC(951)   Post Evacuate Collection Set: 1.26ms
[6949.017s][info][gc,phases      ] GC(951)   Other: 0.06ms
[6949.017s][info][gc,heap        ] GC(951) Eden regions: 715->0(716)
[6949.017s][info][gc,heap        ] GC(951) Survivor regions: 53->52(96)
[6949.017s][info][gc,heap        ] GC(951) Old regions: 235->237
[6949.017s][info][gc,heap        ] GC(951) Humongous regions: 33->33
[6949.017s][info][gc,metaspace   ] GC(951) Metaspace: 35716K(37952K)->35716K(37952K) NonClass: 26712K(27008K)->26712K(27008K) Class: 9004K(10944K)->9004K(10944K)
[6949.017s][info][gc             ] GC(951) Pause Young (Normal) (G1 Evacuation Pause) 8248M->2542M(10240M) 161.311ms
[6949.017s][info][gc,cpu         ] GC(951) User=1.27s Sys=0.00s Real=0.16s
....[6952.959s][info][gc,start       ] GC(952) Pause Young (Normal) (G1 Evacuation Pause)
[6952.959s][info][gc,task        ] GC(952) Using 8 workers of 8 for evacuation
[6953.124s][info][gc,phases      ] GC(952)   Pre Evacuate Collection Set: 0.30ms
[6953.124s][info][gc,phases      ] GC(952)   Merge Heap Roots: 0.52ms
[6953.124s][info][gc,phases      ] GC(952)   Evacuate Collection Set: 162.87ms
[6953.124s][info][gc,phases      ] GC(952)   Post Evacuate Collection Set: 1.23ms
[6953.124s][info][gc,phases      ] GC(952)   Other: 0.08ms
[6953.124s][info][gc,heap        ] GC(952) Eden regions: 716->0(714)
[6953.124s][info][gc,heap        ] GC(952) Survivor regions: 52->54(96)
[6953.124s][info][gc,heap        ] GC(952) Old regions: 237->240
[6953.124s][info][gc,heap        ] GC(952) Humongous regions: 33->33
[6953.124s][info][gc,metaspace   ] GC(952) Metaspace: 35716K(37952K)->35716K(37952K) NonClass: 26712K(27008K)->26712K(27008K) Class: 9004K(10944K)->9004K(10944K)
[6953.124s][info][gc             ] GC(952) Pause Young (Normal) (G1 Evacuation Pause) 8270M->2581M(10240M) 165.154ms
[6953.125s][info][gc,cpu         ] GC(952) User=1.30s Sys=0.00s Real=0.17s
....[6957.047s][info][gc,start       ] GC(953) Pause Young (Normal) (G1 Evacuation Pause)
[6957.047s][info][gc,task        ] GC(953) Using 8 workers of 8 for evacuation
[6957.208s][info][gc,phases      ] GC(953)   Pre Evacuate Collection Set: 0.28ms
[6957.208s][info][gc,phases      ] GC(953)   Merge Heap Roots: 0.51ms
[6957.208s][info][gc,phases      ] GC(953)   Evacuate Collection Set: 158.38ms
[6957.208s][info][gc,phases      ] GC(953)   Post Evacuate Collection Set: 1.25ms
[6957.208s][info][gc,phases      ] GC(953)   Other: 0.08ms
[6957.208s][info][gc,heap        ] GC(953) Eden regions: 714->0(715)
[6957.208s][info][gc,heap        ] GC(953) Survivor regions: 54->53(96)
[6957.208s][info][gc,heap        ] GC(953) Old regions: 240->243
[6957.208s][info][gc,heap        ] GC(953) Humongous regions: 33->33
[6957.208s][info][gc,metaspace   ] GC(953) Metaspace: 35716K(37952K)->35716K(37952K) NonClass: 26712K(27008K)->26712K(27008K) Class: 9004K(10944K)->9004K(10944K)
[6957.208s][info][gc             ] GC(953) Pause Young (Normal) (G1 Evacuation Pause) 8293M->2595M(10240M) 160.639ms
[6957.208s][info][gc,cpu         ] GC(953) User=1.26s Sys=0.00s Real=0.16s
....[6961.106s][info][gc,start       ] GC(954) Pause Young (Normal) (G1 Evacuation Pause)
[6961.106s][info][gc,task        ] GC(954) Using 8 workers of 8 for evacuation
[6961.269s][info][gc,phases      ] GC(954)   Pre Evacuate Collection Set: 0.28ms
[6961.269s][info][gc,phases      ] GC(954)   Merge Heap Roots: 0.52ms
[6961.269s][info][gc,phases      ] GC(954)   Evacuate Collection Set: 160.77ms
[6961.269s][info][gc,phases      ] GC(954)   Post Evacuate Collection Set: 1.23ms
[6961.269s][info][gc,phases      ] GC(954)   Other: 0.06ms
[6961.269s][info][gc,heap        ] GC(954) Eden regions: 715->0(715)
[6961.269s][info][gc,heap        ] GC(954) Survivor regions: 53->53(96)
[6961.269s][info][gc,heap        ] GC(954) Old regions: 243->246
[6961.269s][info][gc,heap        ] GC(954) Humongous regions: 33->33
[6961.269s][info][gc,metaspace   ] GC(954) Metaspace: 35716K(37952K)->35716K(37952K) NonClass: 26712K(27008K)->26712K(27008K) Class: 9004K(10944K)->9004K(10944K)
[6961.269s][info][gc             ] GC(954) Pause Young (Normal) (G1 Evacuation Pause) 8315M->2621M(10240M) 162.991ms
[6961.269s][info][gc,cpu         ] GC(954) User=1.27s Sys=0.01s Real=0.16s
... (rIR:aIR:PR = 11900:11908:11907) (tPR = 176036) [OK] 
  6963s: Performance info:
         Transaction,    Success,    Partial,     Failed,   Receipts, AvgBarcode, 
             Overall,     714827,          0,          0,     679145,      59.48, 
         Response times:
             Request,    Success,    Partial,     Failed,   SkipFail,     Probes,    Samples,      min,      p50,      p90,      p95,      p99,      max, 
       TotalPurchase,     679187,          0,          0,          0,     350492,     427534,      300,    14000,    99000,   151000,   210000,  1200000,
     InStorePurchase,     359023,          0,          0,          0,     183926,     225143,      300,    14000,    99000,   151000,   210000,  1200000,
      OnlinePurchase,     250409,          0,          0,          0,     129713,     156866,      300,    14100,   101000,   152000,   210000,  1200000,
        InstPurchase,      69755,          0,          0,          0,      36853,      45525,      500,    13900,    97000,   148000,   208000,  1200000,
          AssocOfCat,        713,          0,          0,          0,        602,        835,    36000,    73000,   164200,   212400,   273640,   940000,
      AssocOfProduct,       7139,          0,          0,          0,       4370,       5432,      500,    13950,    97000,   157000,   221340,  1100000,
      BusinessReport,       1781,          0,          0,          0,       1620,       2124,    36000,    85000,   189000,   226000,   287000,   478000,
          CustBuyBeh,       7219,          0,          0,          0,       4438,       5653,      400,    14000,   109000,   158000,   208920,  1100000,
       ProductReturn,      18843,          0,          0,          0,      10011,      12246,      700,    14200,   108000,   155000,   214000,   930000,

  6963s: (87%)   IR =  12038 .[6965.074s][info][gc,start       ] GC(955) Pause Young (Normal) (G1 Evacuation Pause)
[6965.074s][info][gc,task        ] GC(955) Using 8 workers of 8 for evacuation
[6965.240s][info][gc,phases      ] GC(955)   Pre Evacuate Collection Set: 0.26ms
[6965.240s][info][gc,phases      ] GC(955)   Merge Heap Roots: 0.52ms
[6965.240s][info][gc,phases      ] GC(955)   Evacuate Collection Set: 163.57ms
[6965.240s][info][gc,phases      ] GC(955)   Post Evacuate Collection Set: 1.22ms
[6965.240s][info][gc,phases      ] GC(955)   Other: 0.06ms
[6965.240s][info][gc,heap        ] GC(955) Eden regions: 715->0(715)
[6965.240s][info][gc,heap        ] GC(955) Survivor regions: 53->53(96)
[6965.240s][info][gc,heap        ] GC(955) Old regions: 246->248
[6965.240s][info][gc,heap        ] GC(955) Humongous regions: 33->33
[6965.240s][info][gc,metaspace   ] GC(955) Metaspace: 35717K(37952K)->35717K(37952K) NonClass: 26713K(27008K)->26713K(27008K) Class: 9004K(10944K)->9004K(10944K)
[6965.240s][info][gc             ] GC(955) Pause Young (Normal) (G1 Evacuation Pause) 8341M->2642M(10240M) 165.785ms
[6965.240s][info][gc,cpu         ] GC(955) User=1.30s Sys=0.01s Real=0.16s
....[6969.053s][info][gc,start       ] GC(956) Pause Young (Normal) (G1 Evacuation Pause)
[6969.053s][info][gc,task        ] GC(956) Using 8 workers of 8 for evacuation
[6969.222s][info][gc,phases      ] GC(956)   Pre Evacuate Collection Set: 0.26ms
[6969.222s][info][gc,phases      ] GC(956)   Merge Heap Roots: 0.52ms
[6969.222s][info][gc,phases      ] GC(956)   Evacuate Collection Set: 166.39ms
[6969.222s][info][gc,phases      ] GC(956)   Post Evacuate Collection Set: 1.23ms
[6969.222s][info][gc,phases      ] GC(956)   Other: 0.07ms
[6969.222s][info][gc,heap        ] GC(956) Eden regions: 715->0(713)
[6969.222s][info][gc,heap        ] GC(956) Survivor regions: 53->55(96)
[6969.222s][info][gc,heap        ] GC(956) Old regions: 248->251
[6969.222s][info][gc,heap        ] GC(956) Humongous regions: 33->33
[6969.222s][info][gc,metaspace   ] GC(956) Metaspace: 35717K(37952K)->35717K(37952K) NonClass: 26713K(27008K)->26713K(27008K) Class: 9004K(10944K)->9004K(10944K)
[6969.222s][info][gc             ] GC(956) Pause Young (Normal) (G1 Evacuation Pause) 8362M->2681M(10240M) 168.584ms
[6969.222s][info][gc,cpu         ] GC(956) User=1.32s Sys=0.00s Real=0.16s
....[6972.940s][info][gc,start       ] GC(957) Pause Young (Normal) (G1 Evacuation Pause)
[6972.940s][info][gc,task        ] GC(957) Using 8 workers of 8 for evacuation
[6973.104s][info][gc,phases      ] GC(957)   Pre Evacuate Collection Set: 0.28ms
[6973.104s][info][gc,phases      ] GC(957)   Merge Heap Roots: 0.54ms
[6973.104s][info][gc,phases      ] GC(957)   Evacuate Collection Set: 162.22ms
[6973.104s][info][gc,phases      ] GC(957)   Post Evacuate Collection Set: 1.23ms
[6973.104s][info][gc,phases      ] GC(957)   Other: 0.07ms
[6973.104s][info][gc,heap        ] GC(957) Eden regions: 713->0(715)
[6973.104s][info][gc,heap        ] GC(957) Survivor regions: 55->53(96)
[6973.104s][info][gc,heap        ] GC(957) Old regions: 251->254
[6973.104s][info][gc,heap        ] GC(957) Humongous regions: 33->33
[6973.104s][info][gc,metaspace   ] GC(957) Metaspace: 35717K(37952K)->35717K(37952K) NonClass: 26713K(27008K)->26713K(27008K) Class: 9004K(10944K)->9004K(10944K)
[6973.104s][info][gc             ] GC(957) Pause Young (Normal) (G1 Evacuation Pause) 8385M->2687M(10240M) 164.486ms
[6973.104s][info][gc,cpu         ] GC(957) User=1.29s Sys=0.00s Real=0.17s
....[6976.992s][info][gc,start       ] GC(958) Pause Young (Normal) (G1 Evacuation Pause)
[6976.992s][info][gc,task        ] GC(958) Using 8 workers of 8 for evacuation
[6977.158s][info][gc,phases      ] GC(958)   Pre Evacuate Collection Set: 0.28ms
[6977.158s][info][gc,phases      ] GC(958)   Merge Heap Roots: 0.53ms
[6977.158s][info][gc,phases      ] GC(958)   Evacuate Collection Set: 163.89ms
[6977.158s][info][gc,phases      ] GC(958)   Post Evacuate Collection Set: 1.28ms
[6977.158s][info][gc,phases      ] GC(958)   Other: 0.08ms
[6977.158s][info][gc,heap        ] GC(958) Eden regions: 715->0(715)
[6977.158s][info][gc,heap        ] GC(958) Survivor regions: 53->53(96)
[6977.158s][info][gc,heap        ] GC(958) Old regions: 254->257
[6977.158s][info][gc,heap        ] GC(958) Humongous regions: 33->33
[6977.158s][info][gc,metaspace   ] GC(958) Metaspace: 35717K(37952K)->35717K(37952K) NonClass: 26713K(27008K)->26713K(27008K) Class: 9004K(10944K)->9004K(10944K)
[6977.159s][info][gc             ] GC(958) Pause Young (Normal) (G1 Evacuation Pause) 8407M->2709M(10240M) 166.217ms
[6977.159s][info][gc,cpu         ] GC(958) User=1.31s Sys=0.00s Real=0.16s
....[6981.023s][info][gc,start       ] GC(959) Pause Young (Normal) (G1 Evacuation Pause)
[6981.023s][info][gc,task        ] GC(959) Using 8 workers of 8 for evacuation
[6981.189s][info][gc,phases      ] GC(959)   Pre Evacuate Collection Set: 0.28ms
[6981.189s][info][gc,phases      ] GC(959)   Merge Heap Roots: 0.54ms
[6981.189s][info][gc,phases      ] GC(959)   Evacuate Collection Set: 163.88ms
[6981.189s][info][gc,phases      ] GC(959)   Post Evacuate Collection Set: 1.29ms
[6981.189s][info][gc,phases      ] GC(959)   Other: 0.07ms
[6981.189s][info][gc,heap        ] GC(959) Eden regions: 715->0(715)
[6981.189s][info][gc,heap        ] GC(959) Survivor regions: 53->53(96)
[6981.189s][info][gc,heap        ] GC(959) Old regions: 257->260
[6981.189s][info][gc,heap        ] GC(959) Humongous regions: 33->33
[6981.189s][info][gc,metaspace   ] GC(959) Metaspace: 35717K(37952K)->35717K(37952K) NonClass: 26713K(27008K)->26713K(27008K) Class: 9004K(10944K)->9004K(10944K)
[6981.189s][info][gc             ] GC(959) Pause Young (Normal) (G1 Evacuation Pause) 8429M->2732M(10240M) 166.205ms
[6981.189s][info][gc,cpu         ] GC(959) User=1.31s Sys=0.01s Real=0.16s
..|..[6984.906s][info][gc,start       ] GC(960) Pause Young (Normal) (G1 Evacuation Pause)
[6984.906s][info][gc,task        ] GC(960) Using 8 workers of 8 for evacuation
[6985.068s][info][gc,phases      ] GC(960)   Pre Evacuate Collection Set: 0.27ms
[6985.068s][info][gc,phases      ] GC(960)   Merge Heap Roots: 0.55ms
[6985.068s][info][gc,phases      ] GC(960)   Evacuate Collection Set: 160.31ms
[6985.068s][info][gc,phases      ] GC(960)   Post Evacuate Collection Set: 1.26ms
[6985.068s][info][gc,phases      ] GC(960)   Other: 0.07ms
[6985.069s][info][gc,heap        ] GC(960) Eden regions: 715->0(715)
[6985.069s][info][gc,heap        ] GC(960) Survivor regions: 53->53(96)
[6985.069s][info][gc,heap        ] GC(960) Old regions: 260->262
[6985.069s][info][gc,heap        ] GC(960) Humongous regions: 33->33
[6985.069s][info][gc,metaspace   ] GC(960) Metaspace: 35717K(37952K)->35717K(37952K) NonClass: 26713K(27008K)->26713K(27008K) Class: 9004K(10944K)->9004K(10944K)
[6985.069s][info][gc             ] GC(960) Pause Young (Normal) (G1 Evacuation Pause) 8452M->2755M(10240M) 162.605ms
[6985.069s][info][gc,cpu         ] GC(960) User=1.28s Sys=0.00s Real=0.16s
....[6988.968s][info][gc,start       ] GC(961) Pause Young (Normal) (G1 Evacuation Pause)
[6988.968s][info][gc,task        ] GC(961) Using 8 workers of 8 for evacuation
[6989.135s][info][gc,phases      ] GC(961)   Pre Evacuate Collection Set: 0.30ms
[6989.135s][info][gc,phases      ] GC(961)   Merge Heap Roots: 0.55ms
[6989.135s][info][gc,phases      ] GC(961)   Evacuate Collection Set: 164.61ms
[6989.135s][info][gc,phases      ] GC(961)   Post Evacuate Collection Set: 1.25ms
[6989.135s][info][gc,phases      ] GC(961)   Other: 0.06ms
[6989.135s][info][gc,heap        ] GC(961) Eden regions: 715->0(715)
[6989.135s][info][gc,heap        ] GC(961) Survivor regions: 53->53(96)
[6989.135s][info][gc,heap        ] GC(961) Old regions: 262->265
[6989.135s][info][gc,heap        ] GC(961) Humongous regions: 33->33
[6989.135s][info][gc,metaspace   ] GC(961) Metaspace: 35717K(37952K)->35717K(37952K) NonClass: 26713K(27008K)->26713K(27008K) Class: 9004K(10944K)->9004K(10944K)
[6989.135s][info][gc             ] GC(961) Pause Young (Normal) (G1 Evacuation Pause) 8475M->2773M(10240M) 166.890ms
[6989.135s][info][gc,cpu         ] GC(961) User=1.32s Sys=0.00s Real=0.17s
....[6992.872s][info][gc,start       ] GC(962) Pause Young (Normal) (G1 Evacuation Pause)
[6992.872s][info][gc,task        ] GC(962) Using 8 workers of 8 for evacuation
[6993.034s][info][gc,phases      ] GC(962)   Pre Evacuate Collection Set: 0.28ms
[6993.034s][info][gc,phases      ] GC(962)   Merge Heap Roots: 0.53ms
[6993.034s][info][gc,phases      ] GC(962)   Evacuate Collection Set: 159.70ms
[6993.034s][info][gc,phases      ] GC(962)   Post Evacuate Collection Set: 1.26ms
[6993.034s][info][gc,phases      ] GC(962)   Other: 0.08ms
[6993.034s][info][gc,heap        ] GC(962) Eden regions: 715->0(716)
[6993.034s][info][gc,heap        ] GC(962) Survivor regions: 53->52(96)
[6993.034s][info][gc,heap        ] GC(962) Old regions: 265->268
[6993.034s][info][gc,heap        ] GC(962) Humongous regions: 33->33
[6993.034s][info][gc,metaspace   ] GC(962) Metaspace: 35717K(37952K)->35717K(37952K) NonClass: 26713K(27008K)->26713K(27008K) Class: 9004K(10944K)->9004K(10944K)
[6993.034s][info][gc             ] GC(962) Pause Young (Normal) (G1 Evacuation Pause) 8493M->2790M(10240M) 162.005ms
[6993.034s][info][gc,cpu         ] GC(962) User=1.27s Sys=0.00s Real=0.17s
....[6996.900s][info][gc,start       ] GC(963) Pause Young (Normal) (G1 Evacuation Pause)
[6996.900s][info][gc,task        ] GC(963) Using 8 workers of 8 for evacuation
[6997.063s][info][gc,phases      ] GC(963)   Pre Evacuate Collection Set: 0.28ms
[6997.063s][info][gc,phases      ] GC(963)   Merge Heap Roots: 0.53ms
[6997.063s][info][gc,phases      ] GC(963)   Evacuate Collection Set: 160.01ms
[6997.063s][info][gc,phases      ] GC(963)   Post Evacuate Collection Set: 1.25ms
[6997.063s][info][gc,phases      ] GC(963)   Other: 0.06ms
[6997.063s][info][gc,heap        ] GC(963) Eden regions: 716->0(715)
[6997.063s][info][gc,heap        ] GC(963) Survivor regions: 52->53(96)
[6997.063s][info][gc,heap        ] GC(963) Old regions: 268->271
[6997.063s][info][gc,heap        ] GC(963) Humongous regions: 33->33
[6997.063s][info][gc,metaspace   ] GC(963) Metaspace: 35717K(37952K)->35717K(37952K) NonClass: 26713K(27008K)->26713K(27008K) Class: 9004K(10944K)->9004K(10944K)
[6997.063s][info][gc             ] GC(963) Pause Young (Normal) (G1 Evacuation Pause) 8518M->2817M(10240M) 162.261ms
[6997.063s][info][gc,cpu         ] GC(963) User=1.28s Sys=0.00s Real=0.17s
....[7000.897s][info][gc,start       ] GC(964) Pause Young (Normal) (G1 Evacuation Pause)
[7000.897s][info][gc,task        ] GC(964) Using 8 workers of 8 for evacuation
[7001.062s][info][gc,phases      ] GC(964)   Pre Evacuate Collection Set: 0.27ms
[7001.062s][info][gc,phases      ] GC(964)   Merge Heap Roots: 0.53ms
[7001.062s][info][gc,phases      ] GC(964)   Evacuate Collection Set: 162.71ms
[7001.062s][info][gc,phases      ] GC(964)   Post Evacuate Collection Set: 1.26ms
[7001.062s][info][gc,phases      ] GC(964)   Other: 0.07ms
[7001.062s][info][gc,heap        ] GC(964) Eden regions: 715->0(714)
[7001.062s][info][gc,heap        ] GC(964) Survivor regions: 53->54(96)
[7001.062s][info][gc,heap        ] GC(964) Old regions: 271->273
[7001.062s][info][gc,heap        ] GC(964) Humongous regions: 33->33
[7001.062s][info][gc,metaspace   ] GC(964) Metaspace: 35717K(37952K)->35717K(37952K) NonClass: 26713K(27008K)->26713K(27008K) Class: 9004K(10944K)->9004K(10944K)
[7001.062s][info][gc             ] GC(964) Pause Young (Normal) (G1 Evacuation Pause) 8537M->2847M(10240M) 164.974ms
[7001.062s][info][gc,cpu         ] GC(964) User=1.30s Sys=0.00s Real=0.17s
....[7004.982s][info][gc,start       ] GC(965) Pause Young (Normal) (G1 Evacuation Pause)
[7004.982s][info][gc,task        ] GC(965) Using 8 workers of 8 for evacuation
[7005.145s][info][gc,phases      ] GC(965)   Pre Evacuate Collection Set: 0.29ms
[7005.145s][info][gc,phases      ] GC(965)   Merge Heap Roots: 0.51ms
[7005.145s][info][gc,phases      ] GC(965)   Evacuate Collection Set: 160.91ms
[7005.145s][info][gc,phases      ] GC(965)   Post Evacuate Collection Set: 1.25ms
[7005.145s][info][gc,phases      ] GC(965)   Other: 0.06ms
[7005.145s][info][gc,heap        ] GC(965) Eden regions: 714->0(714)
[7005.145s][info][gc,heap        ] GC(965) Survivor regions: 54->54(96)
[7005.145s][info][gc,heap        ] GC(965) Old regions: 273->276
[7005.145s][info][gc,heap        ] GC(965) Humongous regions: 33->33
[7005.145s][info][gc,metaspace   ] GC(965) Metaspace: 35717K(37952K)->35717K(37952K) NonClass: 26713K(27008K)->26713K(27008K) Class: 9004K(10944K)->9004K(10944K)
[7005.145s][info][gc             ] GC(965) Pause Young (Normal) (G1 Evacuation Pause) 8559M->2874M(10240M) 163.181ms
[7005.145s][info][gc,cpu         ] GC(965) User=1.28s Sys=0.00s Real=0.17s
....[7009.001s][info][gc,start       ] GC(966) Pause Young (Concurrent Start) (G1 Evacuation Pause)
[7009.001s][info][gc,task        ] GC(966) Using 8 workers of 8 for evacuation
[7009.168s][info][gc,phases      ] GC(966)   Pre Evacuate Collection Set: 0.30ms
[7009.168s][info][gc,phases      ] GC(966)   Merge Heap Roots: 0.58ms
[7009.168s][info][gc,phases      ] GC(966)   Evacuate Collection Set: 164.89ms
[7009.168s][info][gc,phases      ] GC(966)   Post Evacuate Collection Set: 1.27ms
[7009.168s][info][gc,phases      ] GC(966)   Other: 0.11ms
[7009.168s][info][gc,heap        ] GC(966) Eden regions: 714->0(714)
[7009.168s][info][gc,heap        ] GC(966) Survivor regions: 54->54(96)
[7009.168s][info][gc,heap        ] GC(966) Old regions: 276->279
[7009.168s][info][gc,heap        ] GC(966) Humongous regions: 33->33
[7009.168s][info][gc,metaspace   ] GC(966) Metaspace: 35717K(37952K)->35717K(37952K) NonClass: 26713K(27008K)->26713K(27008K) Class: 9004K(10944K)->9004K(10944K)
[7009.168s][info][gc             ] GC(966) Pause Young (Concurrent Start) (G1 Evacuation Pause) 8586M->2896M(10240M) 167.281ms
[7009.168s][info][gc             ] GC(967) Concurrent Mark Cycle
[7009.168s][info][gc,marking     ] GC(967) Concurrent Scan Root Regions
[7009.168s][info][gc,cpu         ] GC(966) User=1.31s Sys=0.01s Real=0.17s
.[7009.534s][info][gc,marking     ] GC(967) Concurrent Scan Root Regions 366.217ms
[7009.534s][info][gc,marking     ] GC(967) Concurrent Mark
[7009.534s][info][gc,marking     ] GC(967) Concurrent Mark From Roots
[7009.534s][info][gc,task        ] GC(967) Using 2 workers of 2 for marking
.[7010.551s][info][gc,marking     ] GC(967) Concurrent Mark From Roots 1016.647ms
[7010.551s][info][gc,marking     ] GC(967) Concurrent Preclean
[7010.551s][info][gc,marking     ] GC(967) Concurrent Preclean 0.197ms
[7010.551s][info][gc,start       ] GC(967) Pause Remark
[7010.553s][info][gc             ] GC(967) Pause Remark 4464M->4304M(10240M) 1.633ms
[7010.553s][info][gc,cpu         ] GC(967) User=0.01s Sys=0.00s Real=0.01s
[7010.553s][info][gc,marking     ] GC(967) Concurrent Mark 1018.810ms
[7010.553s][info][gc,marking     ] GC(967) Concurrent Rebuild Remembered Sets and Scrub Regions
[7011.215s][info][gc,marking     ] GC(967) Concurrent Rebuild Remembered Sets and Scrub Regions 661.922ms
[7011.215s][info][gc,start       ] GC(967) Pause Cleanup
[7011.216s][info][gc             ] GC(967) Pause Cleanup 5146M->5146M(10240M) 0.306ms
[7011.216s][info][gc,cpu         ] GC(967) User=0.00s Sys=0.00s Real=0.00s
[7011.216s][info][gc,marking     ] GC(967) Concurrent Clear Claimed Marks
[7011.216s][info][gc,marking     ] GC(967) Concurrent Clear Claimed Marks 0.048ms
[7011.216s][info][gc,marking     ] GC(967) Concurrent Cleanup for Next Mark
[7011.229s][info][gc,marking     ] GC(967) Concurrent Cleanup for Next Mark 13.465ms
[7011.229s][info][gc             ] GC(967) Concurrent Mark Cycle 2061.189ms
..[7013.340s][info][gc,start       ] GC(968) Pause Young (Prepare Mixed) (G1 Evacuation Pause)
[7013.341s][info][gc,task        ] GC(968) Using 8 workers of 8 for evacuation
[7013.501s][info][gc,phases      ] GC(968)   Pre Evacuate Collection Set: 0.25ms
[7013.501s][info][gc,phases      ] GC(968)   Merge Heap Roots: 0.75ms
[7013.501s][info][gc,phases      ] GC(968)   Evacuate Collection Set: 157.79ms
[7013.501s][info][gc,phases      ] GC(968)   Post Evacuate Collection Set: 1.36ms
[7013.501s][info][gc,phases      ] GC(968)   Other: 0.07ms
[7013.501s][info][gc,heap        ] GC(968) Eden regions: 714->0(716)
[7013.501s][info][gc,heap        ] GC(968) Survivor regions: 54->52(96)
[7013.501s][info][gc,heap        ] GC(968) Old regions: 259->262
[7013.501s][info][gc,heap        ] GC(968) Humongous regions: 33->33
[7013.501s][info][gc,metaspace   ] GC(968) Metaspace: 35717K(37952K)->35717K(37952K) NonClass: 26713K(27008K)->26713K(27008K) Class: 9004K(10944K)->9004K(10944K)
[7013.501s][info][gc             ] GC(968) Pause Young (Prepare Mixed) (G1 Evacuation Pause) 8448M->2743M(10240M) 160.376ms
[7013.501s][info][gc,cpu         ] GC(968) User=1.26s Sys=0.00s Real=0.16s
....[7017.135s][info][gc,start       ] GC(969) Pause Young (Mixed) (G1 Evacuation Pause)
[7017.135s][info][gc,task        ] GC(969) Using 8 workers of 8 for evacuation
[7017.311s][info][gc,phases      ] GC(969)   Pre Evacuate Collection Set: 0.30ms
[7017.311s][info][gc,phases      ] GC(969)   Merge Heap Roots: 0.78ms
[7017.311s][info][gc,phases      ] GC(969)   Evacuate Collection Set: 173.16ms
[7017.311s][info][gc,phases      ] GC(969)   Post Evacuate Collection Set: 1.42ms
[7017.311s][info][gc,phases      ] GC(969)   Other: 0.08ms
[7017.311s][info][gc,heap        ] GC(969) Eden regions: 716->0(712)
[7017.311s][info][gc,heap        ] GC(969) Survivor regions: 52->56(96)
[7017.311s][info][gc,heap        ] GC(969) Old regions: 262->138
[7017.311s][info][gc,heap        ] GC(969) Humongous regions: 33->33
[7017.311s][info][gc,metaspace   ] GC(969) Metaspace: 35717K(37952K)->35717K(37952K) NonClass: 26713K(27008K)->26713K(27008K) Class: 9004K(10944K)->9004K(10944K)
[7017.311s][info][gc             ] GC(969) Pause Young (Mixed) (G1 Evacuation Pause) 8471M->1778M(10240M) 175.868ms
[7017.311s][info][gc,cpu         ] GC(969) User=1.39s Sys=0.01s Real=0.17s
....[7020.871s][info][gc,start       ] GC(970) Pause Young (Mixed) (G1 Evacuation Pause)
[7020.871s][info][gc,task        ] GC(970) Using 8 workers of 8 for evacuation
[7021.033s][info][gc,phases      ] GC(970)   Pre Evacuate Collection Set: 0.27ms
[7021.033s][info][gc,phases      ] GC(970)   Merge Heap Roots: 0.56ms
[7021.033s][info][gc,phases      ] GC(970)   Evacuate Collection Set: 160.31ms
[7021.033s][info][gc,phases      ] GC(970)   Post Evacuate Collection Set: 1.25ms
[7021.033s][info][gc,phases      ] GC(970)   Other: 0.07ms
[7021.033s][info][gc,heap        ] GC(970) Eden regions: 712->0(716)
[7021.033s][info][gc,heap        ] GC(970) Survivor regions: 56->52(96)
[7021.033s][info][gc,heap        ] GC(970) Old regions: 138->134
[7021.033s][info][gc,heap        ] GC(970) Humongous regions: 33->33
[7021.033s][info][gc,metaspace   ] GC(970) Metaspace: 35717K(37952K)->35717K(37952K) NonClass: 26713K(27008K)->26713K(27008K) Class: 9004K(10944K)->9004K(10944K)
[7021.033s][info][gc             ] GC(970) Pause Young (Mixed) (G1 Evacuation Pause) 7474M->1718M(10240M) 162.588ms
[7021.033s][info][gc,cpu         ] GC(970) User=1.28s Sys=0.00s Real=0.17s
....[7024.838s][info][gc,start       ] GC(971) Pause Young (Normal) (G1 Evacuation Pause)
[7024.838s][info][gc,task        ] GC(971) Using 8 workers of 8 for evacuation
[7025.005s][info][gc,phases      ] GC(971)   Pre Evacuate Collection Set: 0.26ms
[7025.005s][info][gc,phases      ] GC(971)   Merge Heap Roots: 0.53ms
[7025.005s][info][gc,phases      ] GC(971)   Evacuate Collection Set: 164.91ms
[7025.005s][info][gc,phases      ] GC(971)   Post Evacuate Collection Set: 1.25ms
[7025.005s][info][gc,phases      ] GC(971)   Other: 0.07ms
[7025.005s][info][gc,heap        ] GC(971) Eden regions: 716->0(714)
[7025.005s][info][gc,heap        ] GC(971) Survivor regions: 52->54(96)
[7025.005s][info][gc,heap        ] GC(971) Old regions: 134->137
[7025.005s][info][gc,heap        ] GC(971) Humongous regions: 33->33
[7025.005s][info][gc,metaspace   ] GC(971) Metaspace: 35717K(37952K)->35717K(37952K) NonClass: 26713K(27008K)->26713K(27008K) Class: 9004K(10944K)->9004K(10944K)
[7025.005s][info][gc             ] GC(971) Pause Young (Normal) (G1 Evacuation Pause) 7446M->1756M(10240M) 167.176ms
[7025.005s][info][gc,cpu         ] GC(971) User=1.32s Sys=0.00s Real=0.17s
....[7028.863s][info][gc,start       ] GC(972) Pause Young (Normal) (G1 Evacuation Pause)
[7028.863s][info][gc,task        ] GC(972) Using 8 workers of 8 for evacuation
[7029.033s][info][gc,phases      ] GC(972)   Pre Evacuate Collection Set: 0.27ms
[7029.033s][info][gc,phases      ] GC(972)   Merge Heap Roots: 0.55ms
[7029.033s][info][gc,phases      ] GC(972)   Evacuate Collection Set: 167.80ms
[7029.033s][info][gc,phases      ] GC(972)   Post Evacuate Collection Set: 1.24ms
[7029.033s][info][gc,phases      ] GC(972)   Other: 0.07ms
[7029.033s][info][gc,heap        ] GC(972) Eden regions: 714->0(714)
[7029.033s][info][gc,heap        ] GC(972) Survivor regions: 54->54(96)
[7029.033s][info][gc,heap        ] GC(972) Old regions: 137->139
[7029.033s][info][gc,heap        ] GC(972) Humongous regions: 33->33
[7029.033s][info][gc,metaspace   ] GC(972) Metaspace: 35717K(37952K)->35717K(37952K) NonClass: 26713K(27008K)->26713K(27008K) Class: 9004K(10944K)->9004K(10944K)
[7029.033s][info][gc             ] GC(972) Pause Young (Normal) (G1 Evacuation Pause) 7468M->1774M(10240M) 170.065ms
[7029.033s][info][gc,cpu         ] GC(972) User=1.34s Sys=0.00s Real=0.17s
....[7032.659s][info][gc,start       ] GC(973) Pause Young (Normal) (G1 Evacuation Pause)
[7032.659s][info][gc,task        ] GC(973) Using 8 workers of 8 for evacuation
[7032.822s][info][gc,phases      ] GC(973)   Pre Evacuate Collection Set: 0.29ms
[7032.822s][info][gc,phases      ] GC(973)   Merge Heap Roots: 0.49ms
[7032.822s][info][gc,phases      ] GC(973)   Evacuate Collection Set: 160.67ms
[7032.822s][info][gc,phases      ] GC(973)   Post Evacuate Collection Set: 1.21ms
[7032.822s][info][gc,phases      ] GC(973)   Other: 0.07ms
[7032.822s][info][gc,heap        ] GC(973) Eden regions: 714->0(715)
[7032.822s][info][gc,heap        ] GC(973) Survivor regions: 54->53(96)
[7032.822s][info][gc,heap        ] GC(973) Old regions: 139->142
[7032.822s][info][gc,heap        ] GC(973) Humongous regions: 33->33
[7032.822s][info][gc,metaspace   ] GC(973) Metaspace: 35717K(37952K)->35717K(37952K) NonClass: 26713K(27008K)->26713K(27008K) Class: 9004K(10944K)->9004K(10944K)
[7032.822s][info][gc             ] GC(973) Pause Young (Normal) (G1 Evacuation Pause) 7486M->1791M(10240M) 162.876ms
[7032.822s][info][gc,cpu         ] GC(973) User=1.29s Sys=0.00s Real=0.17s
....[7036.651s][info][gc,start       ] GC(974) Pause Young (Normal) (G1 Evacuation Pause)
[7036.651s][info][gc,task        ] GC(974) Using 8 workers of 8 for evacuation
[7036.809s][info][gc,phases      ] GC(974)   Pre Evacuate Collection Set: 0.29ms
[7036.809s][info][gc,phases      ] GC(974)   Merge Heap Roots: 0.50ms
[7036.809s][info][gc,phases      ] GC(974)   Evacuate Collection Set: 156.21ms
[7036.809s][info][gc,phases      ] GC(974)   Post Evacuate Collection Set: 1.23ms
[7036.809s][info][gc,phases      ] GC(974)   Other: 0.09ms
[7036.809s][info][gc,heap        ] GC(974) Eden regions: 715->0(716)
[7036.809s][info][gc,heap        ] GC(974) Survivor regions: 53->52(96)
[7036.809s][info][gc,heap        ] GC(974) Old regions: 142->145
[7036.809s][info][gc,heap        ] GC(974) Humongous regions: 33->33
[7036.809s][info][gc,metaspace   ] GC(974) Metaspace: 35717K(37952K)->35717K(37952K) NonClass: 26713K(27008K)->26713K(27008K) Class: 9004K(10944K)->9004K(10944K)
[7036.809s][info][gc             ] GC(974) Pause Young (Normal) (G1 Evacuation Pause) 7511M->1801M(10240M) 158.454ms
[7036.809s][info][gc,cpu         ] GC(974) User=1.24s Sys=0.00s Real=0.16s
...[7040.514s][info][gc,start       ] GC(975) Pause Young (Normal) (G1 Evacuation Pause)
[7040.514s][info][gc,task        ] GC(975) Using 8 workers of 8 for evacuation
[7040.675s][info][gc,phases      ] GC(975)   Pre Evacuate Collection Set: 0.30ms
[7040.675s][info][gc,phases      ] GC(975)   Merge Heap Roots: 0.51ms
[7040.675s][info][gc,phases      ] GC(975)   Evacuate Collection Set: 158.87ms
[7040.675s][info][gc,phases      ] GC(975)   Post Evacuate Collection Set: 1.27ms
[7040.675s][info][gc,phases      ] GC(975)   Other: 0.06ms
[7040.675s][info][gc,heap        ] GC(975) Eden regions: 716->0(715)
[7040.675s][info][gc,heap        ] GC(975) Survivor regions: 52->53(96)
[7040.675s][info][gc,heap        ] GC(975) Old regions: 145->147
[7040.675s][info][gc,heap        ] GC(975) Humongous regions: 33->33
[7040.675s][info][gc,metaspace   ] GC(975) Metaspace: 35717K(37952K)->35717K(37952K) NonClass: 26713K(27008K)->26713K(27008K) Class: 9004K(10944K)->9004K(10944K)
[7040.675s][info][gc             ] GC(975) Pause Young (Normal) (G1 Evacuation Pause) 7529M->1834M(10240M) 161.168ms
[7040.675s][info][gc,cpu         ] GC(975) User=1.27s Sys=0.00s Real=0.16s
... (rIR:aIR:PR = 12038:12120:12127) (tPR = 180179) [OK] 
  7042s: Performance info:
         Transaction,    Success,    Partial,     Failed,   Receipts, AvgBarcode, 
             Overall,     730520,          0,          0,     694194,      59.48, 
         Response times:
             Request,    Success,    Partial,     Failed,   SkipFail,     Probes,    Samples,      min,      p50,      p90,      p95,      p99,      max, 
       TotalPurchase,     693763,          0,          0,          0,     344066,     478257,      300,    22000,   149000,   226000,   382000,  4600000,
     InStorePurchase,     362853,          0,          0,          0,     181350,     251776,      300,    22000,   150000,   226000,   384230,  4600000,
      OnlinePurchase,     257187,          0,          0,          0,     126649,     175924,      400,    22000,   150000,   227000,   381000,  4600000,
        InstPurchase,      73723,          0,          0,          0,      36067,      50557,      500,    22000,   146000,   224000,   375000,  4600000,
          AssocOfCat,        724,          0,          0,          0,        617,        939,    32000,    85000,   220000,   275000,   431000,   568000,
      AssocOfProduct,       7253,          0,          0,          0,       3301,       4765,      800,    23000,   149000,   223000,   337340,  1500000,
      BusinessReport,       1809,          0,          0,          0,       1588,       2349,    37000,    92000,   234000,   296000,   472000,  3500000,
          CustBuyBeh,       7379,          0,          0,          0,       3307,       4757,      400,    19600,   136000,   210000,   333840,  3700000,
       ProductReturn,      19154,          0,          0,          0,       9934,      13874,      200,    22000,   148000,   220000,   318250,  1900000,

  7042s: (88%)   IR =  12177 .[7044.522s][info][gc,start       ] GC(976) Pause Young (Normal) (G1 Evacuation Pause)
[7044.522s][info][gc,task        ] GC(976) Using 8 workers of 8 for evacuation
[7044.682s][info][gc,phases      ] GC(976)   Pre Evacuate Collection Set: 0.27ms
[7044.682s][info][gc,phases      ] GC(976)   Merge Heap Roots: 0.59ms
[7044.682s][info][gc,phases      ] GC(976)   Evacuate Collection Set: 158.27ms
[7044.682s][info][gc,phases      ] GC(976)   Post Evacuate Collection Set: 1.24ms
[7044.682s][info][gc,phases      ] GC(976)   Other: 0.06ms
[7044.682s][info][gc,heap        ] GC(976) Eden regions: 715->0(715)
[7044.682s][info][gc,heap        ] GC(976) Survivor regions: 53->53(96)
[7044.682s][info][gc,heap        ] GC(976) Old regions: 147->150
[7044.682s][info][gc,heap        ] GC(976) Humongous regions: 33->33
[7044.682s][info][gc,metaspace   ] GC(976) Metaspace: 35717K(37952K)->35717K(37952K) NonClass: 26713K(27008K)->26713K(27008K) Class: 9004K(10944K)->9004K(10944K)
[7044.682s][info][gc             ] GC(976) Pause Young (Normal) (G1 Evacuation Pause) 7554M->1853M(10240M) 160.568ms
[7044.682s][info][gc,cpu         ] GC(976) User=1.25s Sys=0.00s Real=0.17s
....[7048.490s][info][gc,start       ] GC(977) Pause Young (Normal) (G1 Evacuation Pause)
[7048.490s][info][gc,task        ] GC(977) Using 8 workers of 8 for evacuation
[7048.651s][info][gc,phases      ] GC(977)   Pre Evacuate Collection Set: 0.29ms
[7048.651s][info][gc,phases      ] GC(977)   Merge Heap Roots: 0.58ms
[7048.651s][info][gc,phases      ] GC(977)   Evacuate Collection Set: 159.19ms
[7048.651s][info][gc,phases      ] GC(977)   Post Evacuate Collection Set: 1.23ms
[7048.651s][info][gc,phases      ] GC(977)   Other: 0.07ms
[7048.651s][info][gc,heap        ] GC(977) Eden regions: 715->0(716)
[7048.651s][info][gc,heap        ] GC(977) Survivor regions: 53->52(96)
[7048.651s][info][gc,heap        ] GC(977) Old regions: 150->153
[7048.651s][info][gc,heap        ] GC(977) Humongous regions: 33->33
[7048.651s][info][gc,metaspace   ] GC(977) Metaspace: 35717K(37952K)->35717K(37952K) NonClass: 26713K(27008K)->26713K(27008K) Class: 9004K(10944K)->9004K(10944K)
[7048.651s][info][gc             ] GC(977) Pause Young (Normal) (G1 Evacuation Pause) 7573M->1870M(10240M) 161.501ms
[7048.651s][info][gc,cpu         ] GC(977) User=1.28s Sys=0.00s Real=0.16s
....[7052.372s][info][gc,start       ] GC(978) Pause Young (Normal) (G1 Evacuation Pause)
[7052.372s][info][gc,task        ] GC(978) Using 8 workers of 8 for evacuation
[7052.532s][info][gc,phases      ] GC(978)   Pre Evacuate Collection Set: 0.29ms
[7052.532s][info][gc,phases      ] GC(978)   Merge Heap Roots: 0.50ms
[7052.532s][info][gc,phases      ] GC(978)   Evacuate Collection Set: 157.52ms
[7052.532s][info][gc,phases      ] GC(978)   Post Evacuate Collection Set: 1.28ms
[7052.532s][info][gc,phases      ] GC(978)   Other: 0.07ms
[7052.532s][info][gc,heap        ] GC(978) Eden regions: 716->0(716)
[7052.532s][info][gc,heap        ] GC(978) Survivor regions: 52->52(96)
[7052.532s][info][gc,heap        ] GC(978) Old regions: 153->156
[7052.532s][info][gc,heap        ] GC(978) Humongous regions: 33->33
[7052.532s][info][gc,metaspace   ] GC(978) Metaspace: 35717K(37952K)->35717K(37952K) NonClass: 26713K(27008K)->26713K(27008K) Class: 9004K(10944K)->9004K(10944K)
[7052.532s][info][gc             ] GC(978) Pause Young (Normal) (G1 Evacuation Pause) 7598M->1888M(10240M) 159.793ms
[7052.532s][info][gc,cpu         ] GC(978) User=1.26s Sys=0.00s Real=0.16s
....[7056.247s][info][gc,start       ] GC(979) Pause Young (Normal) (G1 Evacuation Pause)
[7056.248s][info][gc,task        ] GC(979) Using 8 workers of 8 for evacuation
[7056.413s][info][gc,phases      ] GC(979)   Pre Evacuate Collection Set: 0.28ms
[7056.413s][info][gc,phases      ] GC(979)   Merge Heap Roots: 0.52ms
[7056.413s][info][gc,phases      ] GC(979)   Evacuate Collection Set: 162.96ms
[7056.413s][info][gc,phases      ] GC(979)   Post Evacuate Collection Set: 1.24ms
[7056.413s][info][gc,phases      ] GC(979)   Other: 0.06ms
[7056.413s][info][gc,heap        ] GC(979) Eden regions: 716->0(714)
[7056.413s][info][gc,heap        ] GC(979) Survivor regions: 52->54(96)
[7056.413s][info][gc,heap        ] GC(979) Old regions: 156->158
[7056.413s][info][gc,heap        ] GC(979) Humongous regions: 33->33
[7056.413s][info][gc,metaspace   ] GC(979) Metaspace: 35717K(37952K)->35717K(37952K) NonClass: 26713K(27008K)->26713K(27008K) Class: 9004K(10944K)->9004K(10944K)
[7056.413s][info][gc             ] GC(979) Pause Young (Normal) (G1 Evacuation Pause) 7616M->1926M(10240M) 165.184ms
[7056.413s][info][gc,cpu         ] GC(979) User=1.30s Sys=0.00s Real=0.17s
....|[7060.214s][info][gc,start       ] GC(980) Pause Young (Normal) (G1 Evacuation Pause)
[7060.214s][info][gc,task        ] GC(980) Using 8 workers of 8 for evacuation
[7060.378s][info][gc,phases      ] GC(980)   Pre Evacuate Collection Set: 0.27ms
[7060.378s][info][gc,phases      ] GC(980)   Merge Heap Roots: 0.50ms
[7060.378s][info][gc,phases      ] GC(980)   Evacuate Collection Set: 162.01ms
[7060.378s][info][gc,phases      ] GC(980)   Post Evacuate Collection Set: 1.23ms
[7060.378s][info][gc,phases      ] GC(980)   Other: 0.07ms
[7060.378s][info][gc,heap        ] GC(980) Eden regions: 714->0(715)
[7060.378s][info][gc,heap        ] GC(980) Survivor regions: 54->53(96)
[7060.378s][info][gc,heap        ] GC(980) Old regions: 158->161
[7060.378s][info][gc,heap        ] GC(980) Humongous regions: 33->33
[7060.378s][info][gc,metaspace   ] GC(980) Metaspace: 35717K(37952K)->35717K(37952K) NonClass: 26713K(27008K)->26713K(27008K) Class: 9004K(10944K)->9004K(10944K)
[7060.378s][info][gc             ] GC(980) Pause Young (Normal) (G1 Evacuation Pause) 7638M->1944M(10240M) 164.224ms
[7060.378s][info][gc,cpu         ] GC(980) User=1.29s Sys=0.00s Real=0.16s
....[7064.174s][info][gc,start       ] GC(981) Pause Young (Normal) (G1 Evacuation Pause)
[7064.174s][info][gc,task        ] GC(981) Using 8 workers of 8 for evacuation
[7064.340s][info][gc,phases      ] GC(981)   Pre Evacuate Collection Set: 0.29ms
[7064.340s][info][gc,phases      ] GC(981)   Merge Heap Roots: 0.52ms
[7064.340s][info][gc,phases      ] GC(981)   Evacuate Collection Set: 163.48ms
[7064.340s][info][gc,phases      ] GC(981)   Post Evacuate Collection Set: 1.27ms
[7064.340s][info][gc,phases      ] GC(981)   Other: 0.06ms
[7064.340s][info][gc,heap        ] GC(981) Eden regions: 715->0(715)
[7064.340s][info][gc,heap        ] GC(981) Survivor regions: 53->53(96)
[7064.340s][info][gc,heap        ] GC(981) Old regions: 161->164
[7064.340s][info][gc,heap        ] GC(981) Humongous regions: 33->33
[7064.340s][info][gc,metaspace   ] GC(981) Metaspace: 35717K(37952K)->35717K(37952K) NonClass: 26713K(27008K)->26713K(27008K) Class: 9004K(10944K)->9004K(10944K)
[7064.340s][info][gc             ] GC(981) Pause Young (Normal) (G1 Evacuation Pause) 7664M->1965M(10240M) 165.755ms
[7064.340s][info][gc,cpu         ] GC(981) User=1.30s Sys=0.00s Real=0.16s
....[7068.157s][info][gc,start       ] GC(982) Pause Young (Normal) (G1 Evacuation Pause)
[7068.158s][info][gc,task        ] GC(982) Using 8 workers of 8 for evacuation
[7068.326s][info][gc,phases      ] GC(982)   Pre Evacuate Collection Set: 0.29ms
[7068.326s][info][gc,phases      ] GC(982)   Merge Heap Roots: 0.53ms
[7068.326s][info][gc,phases      ] GC(982)   Evacuate Collection Set: 166.66ms
[7068.326s][info][gc,phases      ] GC(982)   Post Evacuate Collection Set: 1.23ms
[7068.326s][info][gc,phases      ] GC(982)   Other: 0.06ms
[7068.326s][info][gc,heap        ] GC(982) Eden regions: 715->0(713)
[7068.326s][info][gc,heap        ] GC(982) Survivor regions: 53->55(96)
[7068.326s][info][gc,heap        ] GC(982) Old regions: 164->166
[7068.326s][info][gc,heap        ] GC(982) Humongous regions: 33->33
[7068.326s][info][gc,metaspace   ] GC(982) Metaspace: 35717K(37952K)->35717K(37952K) NonClass: 26713K(27008K)->26713K(27008K) Class: 9004K(10944K)->9004K(10944K)
[7068.326s][info][gc             ] GC(982) Pause Young (Normal) (G1 Evacuation Pause) 7685M->2003M(10240M) 168.905ms
[7068.326s][info][gc,cpu         ] GC(982) User=1.33s Sys=0.00s Real=0.17s
....[7072.006s][info][gc,start       ] GC(983) Pause Young (Normal) (G1 Evacuation Pause)
[7072.006s][info][gc,task        ] GC(983) Using 8 workers of 8 for evacuation
[7072.170s][info][gc,phases      ] GC(983)   Pre Evacuate Collection Set: 0.26ms
[7072.170s][info][gc,phases      ] GC(983)   Merge Heap Roots: 0.54ms
[7072.170s][info][gc,phases      ] GC(983)   Evacuate Collection Set: 162.06ms
[7072.170s][info][gc,phases      ] GC(983)   Post Evacuate Collection Set: 1.20ms
[7072.170s][info][gc,phases      ] GC(983)   Other: 0.06ms
[7072.170s][info][gc,heap        ] GC(983) Eden regions: 713->0(714)
[7072.170s][info][gc,heap        ] GC(983) Survivor regions: 55->54(96)
[7072.170s][info][gc,heap        ] GC(983) Old regions: 166->169
[7072.170s][info][gc,heap        ] GC(983) Humongous regions: 33->33
[7072.170s][info][gc,metaspace   ] GC(983) Metaspace: 35717K(37952K)->35717K(37952K) NonClass: 26713K(27008K)->26713K(27008K) Class: 9004K(10944K)->9004K(10944K)
[7072.170s][info][gc             ] GC(983) Pause Young (Normal) (G1 Evacuation Pause) 7707M->2013M(10240M) 164.237ms
[7072.170s][info][gc,cpu         ] GC(983) User=1.29s Sys=0.00s Real=0.16s
...[7075.841s][info][gc,start       ] GC(984) Pause Young (Normal) (G1 Evacuation Pause)
[7075.841s][info][gc,task        ] GC(984) Using 8 workers of 8 for evacuation
[7076.010s][info][gc,phases      ] GC(984)   Pre Evacuate Collection Set: 0.27ms
[7076.010s][info][gc,phases      ] GC(984)   Merge Heap Roots: 0.52ms
[7076.010s][info][gc,phases      ] GC(984)   Evacuate Collection Set: 166.26ms
[7076.010s][info][gc,phases      ] GC(984)   Post Evacuate Collection Set: 1.26ms
[7076.010s][info][gc,phases      ] GC(984)   Other: 0.06ms
[7076.010s][info][gc,heap        ] GC(984) Eden regions: 714->0(715)
[7076.010s][info][gc,heap        ] GC(984) Survivor regions: 54->53(96)
[7076.010s][info][gc,heap        ] GC(984) Old regions: 169->172
[7076.010s][info][gc,heap        ] GC(984) Humongous regions: 33->33
[7076.010s][info][gc,metaspace   ] GC(984) Metaspace: 35717K(37952K)->35717K(37952K) NonClass: 26713K(27008K)->26713K(27008K) Class: 9004K(10944K)->9004K(10944K)
[7076.010s][info][gc             ] GC(984) Pause Young (Normal) (G1 Evacuation Pause) 7725M->2031M(10240M) 168.523ms
[7076.010s][info][gc,cpu         ] GC(984) User=1.33s Sys=0.00s Real=0.17s
....[7079.753s][info][gc,start       ] GC(985) Pause Young (Normal) (G1 Evacuation Pause)
[7079.753s][info][gc,task        ] GC(985) Using 8 workers of 8 for evacuation
[7079.912s][info][gc,phases      ] GC(985)   Pre Evacuate Collection Set: 0.28ms
[7079.912s][info][gc,phases      ] GC(985)   Merge Heap Roots: 0.55ms
[7079.912s][info][gc,phases      ] GC(985)   Evacuate Collection Set: 156.25ms
[7079.912s][info][gc,phases      ] GC(985)   Post Evacuate Collection Set: 1.26ms
[7079.912s][info][gc,phases      ] GC(985)   Other: 0.08ms
[7079.912s][info][gc,heap        ] GC(985) Eden regions: 715->0(716)
[7079.912s][info][gc,heap        ] GC(985) Survivor regions: 53->52(96)
[7079.912s][info][gc,heap        ] GC(985) Old regions: 172->175
[7079.912s][info][gc,heap        ] GC(985) Humongous regions: 33->33
[7079.912s][info][gc,metaspace   ] GC(985) Metaspace: 35717K(37952K)->35717K(37952K) NonClass: 26713K(27008K)->26713K(27008K) Class: 9004K(10944K)->9004K(10944K)
[7079.912s][info][gc             ] GC(985) Pause Young (Normal) (G1 Evacuation Pause) 7751M->2045M(10240M) 158.575ms
[7079.912s][info][gc,cpu         ] GC(985) User=1.25s Sys=0.00s Real=0.16s
....[7083.677s][info][gc,start       ] GC(986) Pause Young (Normal) (G1 Evacuation Pause)
[7083.677s][info][gc,task        ] GC(986) Using 8 workers of 8 for evacuation
[7083.839s][info][gc,phases      ] GC(986)   Pre Evacuate Collection Set: 0.28ms
[7083.839s][info][gc,phases      ] GC(986)   Merge Heap Roots: 0.52ms
[7083.839s][info][gc,phases      ] GC(986)   Evacuate Collection Set: 159.75ms
[7083.839s][info][gc,phases      ] GC(986)   Post Evacuate Collection Set: 1.25ms
[7083.839s][info][gc,phases      ] GC(986)   Other: 0.08ms
[7083.839s][info][gc,heap        ] GC(986) Eden regions: 716->0(715)
[7083.839s][info][gc,heap        ] GC(986) Survivor regions: 52->53(96)
[7083.839s][info][gc,heap        ] GC(986) Old regions: 175->177
[7083.839s][info][gc,heap        ] GC(986) Humongous regions: 33->33
[7083.839s][info][gc,metaspace   ] GC(986) Metaspace: 35717K(37952K)->35717K(37952K) NonClass: 26713K(27008K)->26713K(27008K) Class: 9004K(10944K)->9004K(10944K)
[7083.839s][info][gc             ] GC(986) Pause Young (Normal) (G1 Evacuation Pause) 7773M->2075M(10240M) 162.016ms
[7083.839s][info][gc,cpu         ] GC(986) User=1.27s Sys=0.00s Real=0.16s
....[7087.479s][info][gc,start       ] GC(987) Pause Young (Normal) (G1 Evacuation Pause)
[7087.479s][info][gc,task        ] GC(987) Using 8 workers of 8 for evacuation
[7087.642s][info][gc,phases      ] GC(987)   Pre Evacuate Collection Set: 0.29ms
[7087.642s][info][gc,phases      ] GC(987)   Merge Heap Roots: 0.54ms
[7087.642s][info][gc,phases      ] GC(987)   Evacuate Collection Set: 160.71ms
[7087.642s][info][gc,phases      ] GC(987)   Post Evacuate Collection Set: 1.24ms
[7087.642s][info][gc,phases      ] GC(987)   Other: 0.07ms
[7087.642s][info][gc,heap        ] GC(987) Eden regions: 715->0(715)
[7087.642s][info][gc,heap        ] GC(987) Survivor regions: 53->53(96)
[7087.642s][info][gc,heap        ] GC(987) Old regions: 177->180
[7087.642s][info][gc,heap        ] GC(987) Humongous regions: 33->33
[7087.642s][info][gc,metaspace   ] GC(987) Metaspace: 35717K(37952K)->35717K(37952K) NonClass: 26713K(27008K)->26713K(27008K) Class: 9004K(10944K)->9004K(10944K)
[7087.642s][info][gc             ] GC(987) Pause Young (Normal) (G1 Evacuation Pause) 7795M->2092M(10240M) 163.001ms
[7087.642s][info][gc,cpu         ] GC(987) User=1.28s Sys=0.00s Real=0.17s
....[7091.579s][info][gc,start       ] GC(988) Pause Young (Normal) (G1 Evacuation Pause)
[7091.579s][info][gc,task        ] GC(988) Using 8 workers of 8 for evacuation
[7091.739s][info][gc,phases      ] GC(988)   Pre Evacuate Collection Set: 0.26ms
[7091.739s][info][gc,phases      ] GC(988)   Merge Heap Roots: 0.51ms
[7091.739s][info][gc,phases      ] GC(988)   Evacuate Collection Set: 157.35ms
[7091.739s][info][gc,phases      ] GC(988)   Post Evacuate Collection Set: 1.25ms
[7091.739s][info][gc,phases      ] GC(988)   Other: 0.06ms
[7091.739s][info][gc,heap        ] GC(988) Eden regions: 715->0(716)
[7091.739s][info][gc,heap        ] GC(988) Survivor regions: 53->52(96)
[7091.739s][info][gc,heap        ] GC(988) Old regions: 180->183
[7091.739s][info][gc,heap        ] GC(988) Humongous regions: 33->33
[7091.739s][info][gc,metaspace   ] GC(988) Metaspace: 35717K(37952K)->35717K(37952K) NonClass: 26713K(27008K)->26713K(27008K) Class: 9004K(10944K)->9004K(10944K)
[7091.739s][info][gc             ] GC(988) Pause Young (Normal) (G1 Evacuation Pause) 7812M->2106M(10240M) 159.568ms
[7091.739s][info][gc,cpu         ] GC(988) User=1.26s Sys=0.00s Real=0.16s
....[7095.724s][info][gc,start       ] GC(989) Pause Young (Normal) (G1 Evacuation Pause)
[7095.724s][info][gc,task        ] GC(989) Using 8 workers of 8 for evacuation
[7095.892s][info][gc,phases      ] GC(989)   Pre Evacuate Collection Set: 0.30ms
[7095.892s][info][gc,phases      ] GC(989)   Merge Heap Roots: 0.53ms
[7095.892s][info][gc,phases      ] GC(989)   Evacuate Collection Set: 165.60ms
[7095.892s][info][gc,phases      ] GC(989)   Post Evacuate Collection Set: 1.22ms
[7095.892s][info][gc,phases      ] GC(989)   Other: 0.06ms
[7095.892s][info][gc,heap        ] GC(989) Eden regions: 716->0(714)
[7095.892s][info][gc,heap        ] GC(989) Survivor regions: 52->54(96)
[7095.892s][info][gc,heap        ] GC(989) Old regions: 183->186
[7095.892s][info][gc,heap        ] GC(989) Humongous regions: 33->33
[7095.892s][info][gc,metaspace   ] GC(989) Metaspace: 35717K(37952K)->35717K(37952K) NonClass: 26713K(27008K)->26713K(27008K) Class: 9004K(10944K)->9004K(10944K)
[7095.892s][info][gc             ] GC(989) Pause Young (Normal) (G1 Evacuation Pause) 7834M->2150M(10240M) 167.837ms
[7095.892s][info][gc,cpu         ] GC(989) User=1.32s Sys=0.00s Real=0.17s
....[7099.574s][info][gc,start       ] GC(990) Pause Young (Normal) (G1 Evacuation Pause)
[7099.574s][info][gc,task        ] GC(990) Using 8 workers of 8 for evacuation
[7099.734s][info][gc,phases      ] GC(990)   Pre Evacuate Collection Set: 0.28ms
[7099.734s][info][gc,phases      ] GC(990)   Merge Heap Roots: 0.51ms
[7099.734s][info][gc,phases      ] GC(990)   Evacuate Collection Set: 158.24ms
[7099.734s][info][gc,phases      ] GC(990)   Post Evacuate Collection Set: 1.18ms
[7099.734s][info][gc,phases      ] GC(990)   Other: 0.06ms
[7099.734s][info][gc,heap        ] GC(990) Eden regions: 714->0(715)
[7099.734s][info][gc,heap        ] GC(990) Survivor regions: 54->53(96)
[7099.734s][info][gc,heap        ] GC(990) Old regions: 186->188
[7099.734s][info][gc,heap        ] GC(990) Humongous regions: 33->33
[7099.734s][info][gc,metaspace   ] GC(990) Metaspace: 35717K(37952K)->35717K(37952K) NonClass: 26713K(27008K)->26713K(27008K) Class: 9004K(10944K)->9004K(10944K)
[7099.734s][info][gc             ] GC(990) Pause Young (Normal) (G1 Evacuation Pause) 7862M->2159M(10240M) 160.411ms
[7099.734s][info][gc,cpu         ] GC(990) User=1.26s Sys=0.00s Real=0.16s
....[7103.466s][info][gc,start       ] GC(991) Pause Young (Normal) (G1 Evacuation Pause)
[7103.466s][info][gc,task        ] GC(991) Using 8 workers of 8 for evacuation
[7103.629s][info][gc,phases      ] GC(991)   Pre Evacuate Collection Set: 0.26ms
[7103.629s][info][gc,phases      ] GC(991)   Merge Heap Roots: 0.51ms
[7103.629s][info][gc,phases      ] GC(991)   Evacuate Collection Set: 160.82ms
[7103.629s][info][gc,phases      ] GC(991)   Post Evacuate Collection Set: 1.27ms
[7103.629s][info][gc,phases      ] GC(991)   Other: 0.07ms
[7103.629s][info][gc,heap        ] GC(991) Eden regions: 715->0(715)
[7103.629s][info][gc,heap        ] GC(991) Survivor regions: 53->53(96)
[7103.629s][info][gc,heap        ] GC(991) Old regions: 188->191
[7103.629s][info][gc,heap        ] GC(991) Humongous regions: 33->33
[7103.629s][info][gc,metaspace   ] GC(991) Metaspace: 35717K(37952K)->35717K(37952K) NonClass: 26713K(27008K)->26713K(27008K) Class: 9004K(10944K)->9004K(10944K)
[7103.629s][info][gc             ] GC(991) Pause Young (Normal) (G1 Evacuation Pause) 7879M->2185M(10240M) 163.089ms
[7103.629s][info][gc,cpu         ] GC(991) User=1.29s Sys=0.00s Real=0.16s
....[7107.473s][info][gc,start       ] GC(992) Pause Young (Normal) (G1 Evacuation Pause)
[7107.473s][info][gc,task        ] GC(992) Using 8 workers of 8 for evacuation
[7107.634s][info][gc,phases      ] GC(992)   Pre Evacuate Collection Set: 0.26ms
[7107.634s][info][gc,phases      ] GC(992)   Merge Heap Roots: 0.52ms
[7107.634s][info][gc,phases      ] GC(992)   Evacuate Collection Set: 159.62ms
[7107.634s][info][gc,phases      ] GC(992)   Post Evacuate Collection Set: 1.24ms
[7107.634s][info][gc,phases      ] GC(992)   Other: 0.07ms
[7107.634s][info][gc,heap        ] GC(992) Eden regions: 715->0(715)
[7107.634s][info][gc,heap        ] GC(992) Survivor regions: 53->53(96)
[7107.634s][info][gc,heap        ] GC(992) Old regions: 191->194
[7107.634s][info][gc,heap        ] GC(992) Humongous regions: 33->33
[7107.635s][info][gc,metaspace   ] GC(992) Metaspace: 35717K(37952K)->35717K(37952K) NonClass: 26713K(27008K)->26713K(27008K) Class: 9004K(10944K)->9004K(10944K)
[7107.635s][info][gc             ] GC(992) Pause Young (Normal) (G1 Evacuation Pause) 7905M->2204M(10240M) 161.838ms
[7107.635s][info][gc,cpu         ] GC(992) User=1.28s Sys=0.00s Real=0.16s
....[7111.414s][info][gc,start       ] GC(993) Pause Young (Normal) (G1 Evacuation Pause)
[7111.415s][info][gc,task        ] GC(993) Using 8 workers of 8 for evacuation
[7111.577s][info][gc,phases      ] GC(993)   Pre Evacuate Collection Set: 0.27ms
[7111.577s][info][gc,phases      ] GC(993)   Merge Heap Roots: 0.52ms
[7111.577s][info][gc,phases      ] GC(993)   Evacuate Collection Set: 159.87ms
[7111.577s][info][gc,phases      ] GC(993)   Post Evacuate Collection Set: 1.26ms
[7111.577s][info][gc,phases      ] GC(993)   Other: 0.07ms
[7111.577s][info][gc,heap        ] GC(993) Eden regions: 715->0(714)
[7111.577s][info][gc,heap        ] GC(993) Survivor regions: 53->54(96)
[7111.577s][info][gc,heap        ] GC(993) Old regions: 194->197
[7111.577s][info][gc,heap        ] GC(993) Humongous regions: 33->33
[7111.577s][info][gc,metaspace   ] GC(993) Metaspace: 35717K(37952K)->35717K(37952K) NonClass: 26713K(27008K)->26713K(27008K) Class: 9004K(10944K)->9004K(10944K)
[7111.577s][info][gc             ] GC(993) Pause Young (Normal) (G1 Evacuation Pause) 7924M->2235M(10240M) 162.111ms
[7111.577s][info][gc,cpu         ] GC(993) User=1.27s Sys=0.00s Real=0.16s
....[7115.281s][info][gc,start       ] GC(994) Pause Young (Normal) (G1 Evacuation Pause)
[7115.281s][info][gc,task        ] GC(994) Using 8 workers of 8 for evacuation
[7115.437s][info][gc,phases      ] GC(994)   Pre Evacuate Collection Set: 0.26ms
[7115.437s][info][gc,phases      ] GC(994)   Merge Heap Roots: 0.54ms
[7115.437s][info][gc,phases      ] GC(994)   Evacuate Collection Set: 153.77ms
[7115.437s][info][gc,phases      ] GC(994)   Post Evacuate Collection Set: 1.28ms
[7115.437s][info][gc,phases      ] GC(994)   Other: 0.06ms
[7115.437s][info][gc,heap        ] GC(994) Eden regions: 714->0(717)
[7115.437s][info][gc,heap        ] GC(994) Survivor regions: 54->51(96)
[7115.437s][info][gc,heap        ] GC(994) Old regions: 197->199
[7115.437s][info][gc,heap        ] GC(994) Humongous regions: 33->33
[7115.437s][info][gc,metaspace   ] GC(994) Metaspace: 35717K(37952K)->35717K(37952K) NonClass: 26713K(27008K)->26713K(27008K) Class: 9004K(10944K)->9004K(10944K)
[7115.437s][info][gc             ] GC(994) Pause Young (Normal) (G1 Evacuation Pause) 7947M->2232M(10240M) 156.074ms
[7115.437s][info][gc,cpu         ] GC(994) User=1.22s Sys=0.00s Real=0.16s
....[7119.162s][info][gc,start       ] GC(995) Pause Young (Normal) (G1 Evacuation Pause)
[7119.162s][info][gc,task        ] GC(995) Using 8 workers of 8 for evacuation
[7119.337s][info][gc,phases      ] GC(995)   Pre Evacuate Collection Set: 0.28ms
[7119.337s][info][gc,phases      ] GC(995)   Merge Heap Roots: 0.54ms
[7119.337s][info][gc,phases      ] GC(995)   Evacuate Collection Set: 172.53ms
[7119.337s][info][gc,phases      ] GC(995)   Post Evacuate Collection Set: 1.26ms
[7119.337s][info][gc,phases      ] GC(995)   Other: 0.06ms
[7119.337s][info][gc,heap        ] GC(995) Eden regions: 717->0(711)
[7119.337s][info][gc,heap        ] GC(995) Survivor regions: 51->57(96)
[7119.337s][info][gc,heap        ] GC(995) Old regions: 199->202
[7119.337s][info][gc,heap        ] GC(995) Humongous regions: 33->33
[7119.337s][info][gc,metaspace   ] GC(995) Metaspace: 35717K(37952K)->35717K(37952K) NonClass: 26713K(27008K)->26713K(27008K) Class: 9004K(10944K)->9004K(10944K)
[7119.337s][info][gc             ] GC(995) Pause Young (Normal) (G1 Evacuation Pause) 7968M->2301M(10240M) 174.795ms
[7119.337s][info][gc,cpu         ] GC(995) User=1.38s Sys=0.00s Real=0.17s
. (rIR:aIR:PR = 12177:12223:12200) (tPR = 182226) [OK] 
  7120s: Performance info:
         Transaction,    Success,    Partial,     Failed,   Receipts, AvgBarcode, 
             Overall,     732861,          0,          0,     696697,      59.47, 
         Response times:
             Request,    Success,    Partial,     Failed,   SkipFail,     Probes,    Samples,      min,      p50,      p90,      p95,      p99,      max, 
       TotalPurchase,     697979,          0,          0,          0,     348510,     464846,      300,    21000,   106000,   142000,   223000,  1800000,
     InStorePurchase,     365186,          0,          0,          0,     183286,     243856,      300,    21000,   106000,   143000,   224000,  1800000,
      OnlinePurchase,     259046,          0,          0,          0,     127687,     170765,      300,    22000,   106000,   143000,   221000,  1700000,
        InstPurchase,      73747,          0,          0,          0,      37537,      50225,      400,    21000,   105000,   139000,   223000,  1500000,
          AssocOfCat,        729,          0,          0,          0,        612,        922,    34000,    80000,   163700,   206000,   294020,  1200000,
      AssocOfProduct,       7413,          0,          0,          0,       3380,       4700,      600,    22000,   107000,   147000,   226990,   610000,
      BusinessReport,       1830,          0,          0,          0,       1645,       2330,    37000,    94000,   176000,   221000,   287380,  1800000,
          CustBuyBeh,       7223,          0,          0,          0,       3405,       4733,      600,    21000,    99000,   141000,   221660,  1700000,
       ProductReturn,      19122,          0,          0,          0,       9265,      12583,      200,    21000,   104000,   141000,   229000,  1800000,

  7120s: (89%)   IR =  12315 ..[7123.022s][info][gc,start       ] GC(996) Pause Young (Normal) (G1 Evacuation Pause)
[7123.023s][info][gc,task        ] GC(996) Using 8 workers of 8 for evacuation
[7123.189s][info][gc,phases      ] GC(996)   Pre Evacuate Collection Set: 0.26ms
[7123.189s][info][gc,phases      ] GC(996)   Merge Heap Roots: 0.51ms
[7123.189s][info][gc,phases      ] GC(996)   Evacuate Collection Set: 164.65ms
[7123.189s][info][gc,phases      ] GC(996)   Post Evacuate Collection Set: 1.22ms
[7123.189s][info][gc,phases      ] GC(996)   Other: 0.06ms
[7123.189s][info][gc,heap        ] GC(996) Eden regions: 711->0(719)
[7123.189s][info][gc,heap        ] GC(996) Survivor regions: 57->49(96)
[7123.189s][info][gc,heap        ] GC(996) Old regions: 202->211
[7123.189s][info][gc,heap        ] GC(996) Humongous regions: 33->33
[7123.189s][info][gc,metaspace   ] GC(996) Metaspace: 35717K(37952K)->35717K(37952K) NonClass: 26713K(27008K)->26713K(27008K) Class: 9004K(10944K)->9004K(10944K)
[7123.189s][info][gc             ] GC(996) Pause Young (Normal) (G1 Evacuation Pause) 7989M->2307M(10240M) 166.849ms
[7123.189s][info][gc,cpu         ] GC(996) User=1.32s Sys=0.00s Real=0.16s
....[7126.946s][info][gc,start       ] GC(997) Pause Young (Normal) (G1 Evacuation Pause)
[7126.946s][info][gc,task        ] GC(997) Using 8 workers of 8 for evacuation
[7127.104s][info][gc,phases      ] GC(997)   Pre Evacuate Collection Set: 0.27ms
[7127.104s][info][gc,phases      ] GC(997)   Merge Heap Roots: 0.53ms
[7127.104s][info][gc,phases      ] GC(997)   Evacuate Collection Set: 155.23ms
[7127.104s][info][gc,phases      ] GC(997)   Post Evacuate Collection Set: 1.26ms
[7127.104s][info][gc,phases      ] GC(997)   Other: 0.06ms
[7127.104s][info][gc,heap        ] GC(997) Eden regions: 719->0(715)
[7127.104s][info][gc,heap        ] GC(997) Survivor regions: 49->53(96)
[7127.104s][info][gc,heap        ] GC(997) Old regions: 211->211
[7127.104s][info][gc,heap        ] GC(997) Humongous regions: 33->33
[7127.104s][info][gc,metaspace   ] GC(997) Metaspace: 35717K(37952K)->35717K(37952K) NonClass: 26713K(27008K)->26713K(27008K) Class: 9004K(10944K)->9004K(10944K)
[7127.104s][info][gc             ] GC(997) Pause Young (Normal) (G1 Evacuation Pause) 8059M->2343M(10240M) 157.488ms
[7127.104s][info][gc,cpu         ] GC(997) User=1.24s Sys=0.00s Real=0.16s
....[7130.704s][info][gc,start       ] GC(998) Pause Young (Normal) (G1 Evacuation Pause)
[7130.704s][info][gc,task        ] GC(998) Using 8 workers of 8 for evacuation
[7130.863s][info][gc,phases      ] GC(998)   Pre Evacuate Collection Set: 0.28ms
[7130.863s][info][gc,phases      ] GC(998)   Merge Heap Roots: 0.54ms
[7130.863s][info][gc,phases      ] GC(998)   Evacuate Collection Set: 156.93ms
[7130.863s][info][gc,phases      ] GC(998)   Post Evacuate Collection Set: 1.23ms
[7130.863s][info][gc,phases      ] GC(998)   Other: 0.07ms
[7130.863s][info][gc,heap        ] GC(998) Eden regions: 715->0(716)
[7130.863s][info][gc,heap        ] GC(998) Survivor regions: 53->52(96)
[7130.863s][info][gc,heap        ] GC(998) Old regions: 211->214
[7130.863s][info][gc,heap        ] GC(998) Humongous regions: 33->33
[7130.863s][info][gc,metaspace   ] GC(998) Metaspace: 35717K(37952K)->35717K(37952K) NonClass: 26713K(27008K)->26713K(27008K) Class: 9004K(10944K)->9004K(10944K)
[7130.863s][info][gc             ] GC(998) Pause Young (Normal) (G1 Evacuation Pause) 8063M->2356M(10240M) 159.184ms
[7130.863s][info][gc,cpu         ] GC(998) User=1.25s Sys=0.00s Real=0.16s
....[7134.587s][info][gc,start       ] GC(999) Pause Young (Normal) (G1 Evacuation Pause)
[7134.587s][info][gc,task        ] GC(999) Using 8 workers of 8 for evacuation
[7134.746s][info][gc,phases      ] GC(999)   Pre Evacuate Collection Set: 0.29ms
[7134.746s][info][gc,phases      ] GC(999)   Merge Heap Roots: 0.51ms
[7134.746s][info][gc,phases      ] GC(999)   Evacuate Collection Set: 156.47ms
[7134.746s][info][gc,phases      ] GC(999)   Post Evacuate Collection Set: 1.22ms
[7134.746s][info][gc,phases      ] GC(999)   Other: 0.06ms
[7134.746s][info][gc,heap        ] GC(999) Eden regions: 716->0(717)
[7134.746s][info][gc,heap        ] GC(999) Survivor regions: 52->51(96)
[7134.746s][info][gc,heap        ] GC(999) Old regions: 214->216
[7134.746s][info][gc,heap        ] GC(999) Humongous regions: 33->33
[7134.746s][info][gc,metaspace   ] GC(999) Metaspace: 35717K(37952K)->35717K(37952K) NonClass: 26713K(27008K)->26713K(27008K) Class: 9004K(10944K)->9004K(10944K)
[7134.746s][info][gc             ] GC(999) Pause Young (Normal) (G1 Evacuation Pause) 8084M->2371M(10240M) 158.699ms
[7134.746s][info][gc,cpu         ] GC(999) User=1.25s Sys=0.00s Real=0.16s
....[7138.562s][info][gc,start       ] GC(1000) Pause Young (Normal) (G1 Evacuation Pause)
[7138.562s][info][gc,task        ] GC(1000) Using 8 workers of 8 for evacuation
[7138.730s][info][gc,phases      ] GC(1000)   Pre Evacuate Collection Set: 0.28ms
[7138.730s][info][gc,phases      ] GC(1000)   Merge Heap Roots: 0.54ms
[7138.730s][info][gc,phases      ] GC(1000)   Evacuate Collection Set: 165.72ms
[7138.730s][info][gc,phases      ] GC(1000)   Post Evacuate Collection Set: 1.25ms
[7138.730s][info][gc,phases      ] GC(1000)   Other: 0.06ms
[7138.730s][info][gc,heap        ] GC(1000) Eden regions: 717->0(715)
[7138.730s][info][gc,heap        ] GC(1000) Survivor regions: 51->53(96)
[7138.730s][info][gc,heap        ] GC(1000) Old regions: 216->219
[7138.730s][info][gc,heap        ] GC(1000) Humongous regions: 33->33
[7138.730s][info][gc,metaspace   ] GC(1000) Metaspace: 35717K(37952K)->35717K(37952K) NonClass: 26713K(27008K)->26713K(27008K) Class: 9004K(10944K)->9004K(10944K)
[7138.730s][info][gc             ] GC(1000) Pause Young (Normal) (G1 Evacuation Pause) 8107M->2409M(10240M) 167.992ms
[7138.730s][info][gc,cpu         ] GC(1000) User=1.32s Sys=0.00s Real=0.17s
....[7142.445s][info][gc,start       ] GC(1001) Pause Young (Normal) (G1 Evacuation Pause)
[7142.445s][info][gc,task        ] GC(1001) Using 8 workers of 8 for evacuation
[7142.605s][info][gc,phases      ] GC(1001)   Pre Evacuate Collection Set: 0.27ms
[7142.605s][info][gc,phases      ] GC(1001)   Merge Heap Roots: 0.52ms
[7142.605s][info][gc,phases      ] GC(1001)   Evacuate Collection Set: 158.05ms
[7142.605s][info][gc,phases      ] GC(1001)   Post Evacuate Collection Set: 1.25ms
[7142.605s][info][gc,phases      ] GC(1001)   Other: 0.07ms
[7142.605s][info][gc,heap        ] GC(1001) Eden regions: 715->0(716)
[7142.605s][info][gc,heap        ] GC(1001) Survivor regions: 53->52(96)
[7142.605s][info][gc,heap        ] GC(1001) Old regions: 219->222
[7142.605s][info][gc,heap        ] GC(1001) Humongous regions: 33->33
[7142.605s][info][gc,metaspace   ] GC(1001) Metaspace: 35717K(37952K)->35717K(37952K) NonClass: 26713K(27008K)->26713K(27008K) Class: 9004K(10944K)->9004K(10944K)
[7142.605s][info][gc             ] GC(1001) Pause Young (Normal) (G1 Evacuation Pause) 8129M->2423M(10240M) 160.301ms
[7142.605s][info][gc,cpu         ] GC(1001) User=1.26s Sys=0.00s Real=0.16s
....|[7146.379s][info][gc,start       ] GC(1002) Pause Young (Normal) (G1 Evacuation Pause)
[7146.379s][info][gc,task        ] GC(1002) Using 8 workers of 8 for evacuation
[7146.541s][info][gc,phases      ] GC(1002)   Pre Evacuate Collection Set: 0.28ms
[7146.542s][info][gc,phases      ] GC(1002)   Merge Heap Roots: 0.59ms
[7146.542s][info][gc,phases      ] GC(1002)   Evacuate Collection Set: 160.15ms
[7146.542s][info][gc,phases      ] GC(1002)   Post Evacuate Collection Set: 1.25ms
[7146.542s][info][gc,phases      ] GC(1002)   Other: 0.06ms
[7146.542s][info][gc,heap        ] GC(1002) Eden regions: 716->0(716)
[7146.542s][info][gc,heap        ] GC(1002) Survivor regions: 52->52(96)
[7146.542s][info][gc,heap        ] GC(1002) Old regions: 222->224
[7146.542s][info][gc,heap        ] GC(1002) Humongous regions: 33->33
[7146.542s][info][gc,metaspace   ] GC(1002) Metaspace: 35717K(37952K)->35717K(37952K) NonClass: 26713K(27008K)->26713K(27008K) Class: 9004K(10944K)->9004K(10944K)
[7146.542s][info][gc             ] GC(1002) Pause Young (Normal) (G1 Evacuation Pause) 8151M->2444M(10240M) 162.469ms
[7146.542s][info][gc,cpu         ] GC(1002) User=1.27s Sys=0.00s Real=0.16s
....[7150.419s][info][gc,start       ] GC(1003) Pause Young (Normal) (G1 Evacuation Pause)
[7150.419s][info][gc,task        ] GC(1003) Using 8 workers of 8 for evacuation
[7150.581s][info][gc,phases      ] GC(1003)   Pre Evacuate Collection Set: 0.27ms
[7150.581s][info][gc,phases      ] GC(1003)   Merge Heap Roots: 0.52ms
[7150.581s][info][gc,phases      ] GC(1003)   Evacuate Collection Set: 160.03ms
[7150.581s][info][gc,phases      ] GC(1003)   Post Evacuate Collection Set: 1.28ms
[7150.581s][info][gc,phases      ] GC(1003)   Other: 0.07ms
[7150.581s][info][gc,heap        ] GC(1003) Eden regions: 716->0(715)
[7150.581s][info][gc,heap        ] GC(1003) Survivor regions: 52->53(96)
[7150.581s][info][gc,heap        ] GC(1003) Old regions: 224->227
[7150.581s][info][gc,heap        ] GC(1003) Humongous regions: 33->33
[7150.581s][info][gc,metaspace   ] GC(1003) Metaspace: 35717K(37952K)->35717K(37952K) NonClass: 26713K(27008K)->26713K(27008K) Class: 9004K(10944K)->9004K(10944K)
[7150.581s][info][gc             ] GC(1003) Pause Young (Normal) (G1 Evacuation Pause) 8172M->2470M(10240M) 162.324ms
[7150.581s][info][gc,cpu         ] GC(1003) User=1.27s Sys=0.00s Real=0.16s
...[7154.294s][info][gc,start       ] GC(1004) Pause Young (Normal) (G1 Evacuation Pause)
[7154.294s][info][gc,task        ] GC(1004) Using 8 workers of 8 for evacuation
[7154.453s][info][gc,phases      ] GC(1004)   Pre Evacuate Collection Set: 0.28ms
[7154.453s][info][gc,phases      ] GC(1004)   Merge Heap Roots: 0.52ms
[7154.453s][info][gc,phases      ] GC(1004)   Evacuate Collection Set: 157.36ms
[7154.453s][info][gc,phases      ] GC(1004)   Post Evacuate Collection Set: 1.22ms
[7154.453s][info][gc,phases      ] GC(1004)   Other: 0.06ms
[7154.453s][info][gc,heap        ] GC(1004) Eden regions: 715->0(716)
[7154.453s][info][gc,heap        ] GC(1004) Survivor regions: 53->52(96)
[7154.453s][info][gc,heap        ] GC(1004) Old regions: 227->230
[7154.453s][info][gc,heap        ] GC(1004) Humongous regions: 33->33
[7154.453s][info][gc,metaspace   ] GC(1004) Metaspace: 35717K(37952K)->35717K(37952K) NonClass: 26713K(27008K)->26713K(27008K) Class: 9004K(10944K)->9004K(10944K)
[7154.453s][info][gc             ] GC(1004) Pause Young (Normal) (G1 Evacuation Pause) 8190M->2483M(10240M) 159.611ms
[7154.453s][info][gc,cpu         ] GC(1004) User=1.26s Sys=0.00s Real=0.16s
....[7158.364s][info][gc,start       ] GC(1005) Pause Young (Normal) (G1 Evacuation Pause)
[7158.364s][info][gc,task        ] GC(1005) Using 8 workers of 8 for evacuation
[7158.521s][info][gc,phases      ] GC(1005)   Pre Evacuate Collection Set: 0.27ms
[7158.521s][info][gc,phases      ] GC(1005)   Merge Heap Roots: 0.51ms
[7158.521s][info][gc,phases      ] GC(1005)   Evacuate Collection Set: 154.61ms
[7158.521s][info][gc,phases      ] GC(1005)   Post Evacuate Collection Set: 1.26ms
[7158.521s][info][gc,phases      ] GC(1005)   Other: 0.06ms
[7158.521s][info][gc,heap        ] GC(1005) Eden regions: 716->0(716)
[7158.521s][info][gc,heap        ] GC(1005) Survivor regions: 52->52(96)
[7158.521s][info][gc,heap        ] GC(1005) Old regions: 230->233
[7158.521s][info][gc,heap        ] GC(1005) Humongous regions: 33->33
[7158.521s][info][gc,metaspace   ] GC(1005) Metaspace: 35717K(37952K)->35717K(37952K) NonClass: 26713K(27008K)->26713K(27008K) Class: 9004K(10944K)->9004K(10944K)
[7158.521s][info][gc             ] GC(1005) Pause Young (Normal) (G1 Evacuation Pause) 8211M->2509M(10240M) 156.861ms
[7158.521s][info][gc,cpu         ] GC(1005) User=1.24s Sys=0.00s Real=0.15s
....[7162.211s][info][gc,start       ] GC(1006) Pause Young (Normal) (G1 Evacuation Pause)
[7162.211s][info][gc,task        ] GC(1006) Using 8 workers of 8 for evacuation
[7162.377s][info][gc,phases      ] GC(1006)   Pre Evacuate Collection Set: 0.27ms
[7162.377s][info][gc,phases      ] GC(1006)   Merge Heap Roots: 0.52ms
[7162.377s][info][gc,phases      ] GC(1006)   Evacuate Collection Set: 164.21ms
[7162.377s][info][gc,phases      ] GC(1006)   Post Evacuate Collection Set: 1.24ms
[7162.377s][info][gc,phases      ] GC(1006)   Other: 0.07ms
[7162.377s][info][gc,heap        ] GC(1006) Eden regions: 716->0(714)
[7162.377s][info][gc,heap        ] GC(1006) Survivor regions: 52->54(96)
[7162.377s][info][gc,heap        ] GC(1006) Old regions: 233->235
[7162.377s][info][gc,heap        ] GC(1006) Humongous regions: 33->33
[7162.377s][info][gc,metaspace   ] GC(1006) Metaspace: 35717K(37952K)->35717K(37952K) NonClass: 26713K(27008K)->26713K(27008K) Class: 9004K(10944K)->9004K(10944K)
[7162.377s][info][gc             ] GC(1006) Pause Young (Normal) (G1 Evacuation Pause) 8237M->2547M(10240M) 166.441ms
[7162.377s][info][gc,cpu         ] GC(1006) User=1.30s Sys=0.00s Real=0.17s
....[7166.160s][info][gc,start       ] GC(1007) Pause Young (Normal) (G1 Evacuation Pause)
[7166.160s][info][gc,task        ] GC(1007) Using 8 workers of 8 for evacuation
[7166.327s][info][gc,phases      ] GC(1007)   Pre Evacuate Collection Set: 0.27ms
[7166.327s][info][gc,phases      ] GC(1007)   Merge Heap Roots: 0.52ms
[7166.327s][info][gc,phases      ] GC(1007)   Evacuate Collection Set: 164.51ms
[7166.327s][info][gc,phases      ] GC(1007)   Post Evacuate Collection Set: 1.27ms
[7166.327s][info][gc,phases      ] GC(1007)   Other: 0.07ms
[7166.327s][info][gc,heap        ] GC(1007) Eden regions: 714->0(714)
[7166.327s][info][gc,heap        ] GC(1007) Survivor regions: 54->54(96)
[7166.327s][info][gc,heap        ] GC(1007) Old regions: 235->238
[7166.327s][info][gc,heap        ] GC(1007) Humongous regions: 33->33
[7166.327s][info][gc,metaspace   ] GC(1007) Metaspace: 35717K(37952K)->35717K(37952K) NonClass: 26713K(27008K)->26713K(27008K) Class: 9004K(10944K)->9004K(10944K)
[7166.327s][info][gc             ] GC(1007) Pause Young (Normal) (G1 Evacuation Pause) 8259M->2569M(10240M) 166.782ms
[7166.327s][info][gc,cpu         ] GC(1007) User=1.30s Sys=0.00s Real=0.17s
....[7170.009s][info][gc,start       ] GC(1008) Pause Young (Normal) (G1 Evacuation Pause)
[7170.009s][info][gc,task        ] GC(1008) Using 8 workers of 8 for evacuation
[7170.174s][info][gc,phases      ] GC(1008)   Pre Evacuate Collection Set: 0.26ms
[7170.174s][info][gc,phases      ] GC(1008)   Merge Heap Roots: 0.55ms
[7170.174s][info][gc,phases      ] GC(1008)   Evacuate Collection Set: 162.41ms
[7170.174s][info][gc,phases      ] GC(1008)   Post Evacuate Collection Set: 1.21ms
[7170.174s][info][gc,phases      ] GC(1008)   Other: 0.06ms
[7170.174s][info][gc,heap        ] GC(1008) Eden regions: 714->0(715)
[7170.174s][info][gc,heap        ] GC(1008) Survivor regions: 54->53(96)
[7170.174s][info][gc,heap        ] GC(1008) Old regions: 238->241
[7170.174s][info][gc,heap        ] GC(1008) Humongous regions: 33->33
[7170.174s][info][gc,metaspace   ] GC(1008) Metaspace: 35717K(37952K)->35717K(37952K) NonClass: 26713K(27008K)->26713K(27008K) Class: 9004K(10944K)->9004K(10944K)
[7170.174s][info][gc             ] GC(1008) Pause Young (Normal) (G1 Evacuation Pause) 8281M->2583M(10240M) 164.619ms
[7170.174s][info][gc,cpu         ] GC(1008) User=1.30s Sys=0.00s Real=0.17s
....[7173.746s][info][gc,start       ] GC(1009) Pause Young (Normal) (G1 Evacuation Pause)
[7173.746s][info][gc,task        ] GC(1009) Using 8 workers of 8 for evacuation
[7173.913s][info][gc,phases      ] GC(1009)   Pre Evacuate Collection Set: 0.25ms
[7173.913s][info][gc,phases      ] GC(1009)   Merge Heap Roots: 0.52ms
[7173.913s][info][gc,phases      ] GC(1009)   Evacuate Collection Set: 164.77ms
[7173.913s][info][gc,phases      ] GC(1009)   Post Evacuate Collection Set: 1.23ms
[7173.913s][info][gc,phases      ] GC(1009)   Other: 0.07ms
[7173.913s][info][gc,heap        ] GC(1009) Eden regions: 715->0(715)
[7173.913s][info][gc,heap        ] GC(1009) Survivor regions: 53->53(96)
[7173.913s][info][gc,heap        ] GC(1009) Old regions: 241->244
[7173.913s][info][gc,heap        ] GC(1009) Humongous regions: 33->33
[7173.913s][info][gc,metaspace   ] GC(1009) Metaspace: 35717K(37952K)->35717K(37952K) NonClass: 26713K(27008K)->26713K(27008K) Class: 9004K(10944K)->9004K(10944K)
[7173.913s][info][gc             ] GC(1009) Pause Young (Normal) (G1 Evacuation Pause) 8303M->2605M(10240M) 166.958ms
[7173.913s][info][gc,cpu         ] GC(1009) User=1.31s Sys=0.00s Real=0.17s
...[7177.503s][info][gc,start       ] GC(1010) Pause Young (Normal) (G1 Evacuation Pause)
[7177.503s][info][gc,task        ] GC(1010) Using 8 workers of 8 for evacuation
[7177.666s][info][gc,phases      ] GC(1010)   Pre Evacuate Collection Set: 0.28ms
[7177.666s][info][gc,phases      ] GC(1010)   Merge Heap Roots: 0.54ms
[7177.666s][info][gc,phases      ] GC(1010)   Evacuate Collection Set: 160.32ms
[7177.666s][info][gc,phases      ] GC(1010)   Post Evacuate Collection Set: 1.21ms
[7177.666s][info][gc,phases      ] GC(1010)   Other: 0.06ms
[7177.666s][info][gc,heap        ] GC(1010) Eden regions: 715->0(715)
[7177.666s][info][gc,heap        ] GC(1010) Survivor regions: 53->53(96)
[7177.666s][info][gc,heap        ] GC(1010) Old regions: 244->246
[7177.666s][info][gc,heap        ] GC(1010) Humongous regions: 33->33
[7177.666s][info][gc,metaspace   ] GC(1010) Metaspace: 35717K(37952K)->35717K(37952K) NonClass: 26713K(27008K)->26713K(27008K) Class: 9004K(10944K)->9004K(10944K)
[7177.666s][info][gc             ] GC(1010) Pause Young (Normal) (G1 Evacuation Pause) 8325M->2626M(10240M) 162.568ms
[7177.666s][info][gc,cpu         ] GC(1010) User=1.28s Sys=0.00s Real=0.16s
....[7181.263s][info][gc,start       ] GC(1011) Pause Young (Normal) (G1 Evacuation Pause)
[7181.263s][info][gc,task        ] GC(1011) Using 8 workers of 8 for evacuation
[7181.426s][info][gc,phases      ] GC(1011)   Pre Evacuate Collection Set: 0.27ms
[7181.426s][info][gc,phases      ] GC(1011)   Merge Heap Roots: 0.53ms
[7181.426s][info][gc,phases      ] GC(1011)   Evacuate Collection Set: 160.49ms
[7181.426s][info][gc,phases      ] GC(1011)   Post Evacuate Collection Set: 1.21ms
[7181.426s][info][gc,phases      ] GC(1011)   Other: 0.08ms
[7181.426s][info][gc,heap        ] GC(1011) Eden regions: 715->0(716)
[7181.426s][info][gc,heap        ] GC(1011) Survivor regions: 53->52(96)
[7181.426s][info][gc,heap        ] GC(1011) Old regions: 246->249
[7181.426s][info][gc,heap        ] GC(1011) Humongous regions: 33->33
[7181.426s][info][gc,metaspace   ] GC(1011) Metaspace: 35717K(37952K)->35717K(37952K) NonClass: 26713K(27008K)->26713K(27008K) Class: 9004K(10944K)->9004K(10944K)
[7181.426s][info][gc             ] GC(1011) Pause Young (Normal) (G1 Evacuation Pause) 8346M->2639M(10240M) 162.704ms
[7181.426s][info][gc,cpu         ] GC(1011) User=1.28s Sys=0.00s Real=0.16s
....[7185.138s][info][gc,start       ] GC(1012) Pause Young (Normal) (G1 Evacuation Pause)
[7185.138s][info][gc,task        ] GC(1012) Using 8 workers of 8 for evacuation
[7185.307s][info][gc,phases      ] GC(1012)   Pre Evacuate Collection Set: 0.25ms
[7185.307s][info][gc,phases      ] GC(1012)   Merge Heap Roots: 0.53ms
[7185.307s][info][gc,phases      ] GC(1012)   Evacuate Collection Set: 167.28ms
[7185.307s][info][gc,phases      ] GC(1012)   Post Evacuate Collection Set: 1.21ms
[7185.307s][info][gc,phases      ] GC(1012)   Other: 0.06ms
[7185.307s][info][gc,heap        ] GC(1012) Eden regions: 716->0(713)
[7185.307s][info][gc,heap        ] GC(1012) Survivor regions: 52->55(96)
[7185.307s][info][gc,heap        ] GC(1012) Old regions: 249->252
[7185.307s][info][gc,heap        ] GC(1012) Humongous regions: 33->33
[7185.307s][info][gc,metaspace   ] GC(1012) Metaspace: 35717K(37952K)->35717K(37952K) NonClass: 26713K(27008K)->26713K(27008K) Class: 9004K(10944K)->9004K(10944K)
[7185.307s][info][gc             ] GC(1012) Pause Young (Normal) (G1 Evacuation Pause) 8367M->2681M(10240M) 169.468ms
[7185.307s][info][gc,cpu         ] GC(1012) User=1.33s Sys=0.00s Real=0.17s
....[7189.071s][info][gc,start       ] GC(1013) Pause Young (Normal) (G1 Evacuation Pause)
[7189.071s][info][gc,task        ] GC(1013) Using 8 workers of 8 for evacuation
[7189.231s][info][gc,phases      ] GC(1013)   Pre Evacuate Collection Set: 0.27ms
[7189.231s][info][gc,phases      ] GC(1013)   Merge Heap Roots: 0.52ms
[7189.231s][info][gc,phases      ] GC(1013)   Evacuate Collection Set: 157.92ms
[7189.231s][info][gc,phases      ] GC(1013)   Post Evacuate Collection Set: 1.25ms
[7189.231s][info][gc,phases      ] GC(1013)   Other: 0.06ms
[7189.231s][info][gc,heap        ] GC(1013) Eden regions: 713->0(716)
[7189.231s][info][gc,heap        ] GC(1013) Survivor regions: 55->52(96)
[7189.231s][info][gc,heap        ] GC(1013) Old regions: 252->254
[7189.231s][info][gc,heap        ] GC(1013) Humongous regions: 33->33
[7189.231s][info][gc,metaspace   ] GC(1013) Metaspace: 35717K(37952K)->35717K(37952K) NonClass: 26713K(27008K)->26713K(27008K) Class: 9004K(10944K)->9004K(10944K)
[7189.231s][info][gc             ] GC(1013) Pause Young (Normal) (G1 Evacuation Pause) 8385M->2684M(10240M) 160.150ms
[7189.231s][info][gc,cpu         ] GC(1013) User=1.26s Sys=0.00s Real=0.16s
....[7192.956s][info][gc,start       ] GC(1014) Pause Young (Normal) (G1 Evacuation Pause)
[7192.956s][info][gc,task        ] GC(1014) Using 8 workers of 8 for evacuation
[7193.120s][info][gc,phases      ] GC(1014)   Pre Evacuate Collection Set: 0.30ms
[7193.120s][info][gc,phases      ] GC(1014)   Merge Heap Roots: 0.52ms
[7193.120s][info][gc,phases      ] GC(1014)   Evacuate Collection Set: 162.01ms
[7193.120s][info][gc,phases      ] GC(1014)   Post Evacuate Collection Set: 1.22ms
[7193.120s][info][gc,phases      ] GC(1014)   Other: 0.08ms
[7193.120s][info][gc,heap        ] GC(1014) Eden regions: 716->0(715)
[7193.120s][info][gc,heap        ] GC(1014) Survivor regions: 52->53(96)
[7193.120s][info][gc,heap        ] GC(1014) Old regions: 254->257
[7193.120s][info][gc,heap        ] GC(1014) Humongous regions: 33->33
[7193.120s][info][gc,metaspace   ] GC(1014) Metaspace: 35717K(37952K)->35717K(37952K) NonClass: 26713K(27008K)->26713K(27008K) Class: 9004K(10944K)->9004K(10944K)
[7193.120s][info][gc             ] GC(1014) Pause Young (Normal) (G1 Evacuation Pause) 8412M->2714M(10240M) 164.257ms
[7193.121s][info][gc,cpu         ] GC(1014) User=1.29s Sys=0.00s Real=0.16s
....[7196.946s][info][gc,start       ] GC(1015) Pause Young (Normal) (G1 Evacuation Pause)
[7196.946s][info][gc,task        ] GC(1015) Using 8 workers of 8 for evacuation
[7197.109s][info][gc,phases      ] GC(1015)   Pre Evacuate Collection Set: 0.29ms
[7197.109s][info][gc,phases      ] GC(1015)   Merge Heap Roots: 0.51ms
[7197.109s][info][gc,phases      ] GC(1015)   Evacuate Collection Set: 161.31ms
[7197.109s][info][gc,phases      ] GC(1015)   Post Evacuate Collection Set: 1.25ms
[7197.109s][info][gc,phases      ] GC(1015)   Other: 0.06ms
[7197.109s][info][gc,heap        ] GC(1015) Eden regions: 715->0(715)
[7197.109s][info][gc,heap        ] GC(1015) Survivor regions: 53->53(96)
[7197.109s][info][gc,heap        ] GC(1015) Old regions: 257->260
[7197.109s][info][gc,heap        ] GC(1015) Humongous regions: 33->33
[7197.109s][info][gc,metaspace   ] GC(1015) Metaspace: 35717K(37952K)->35717K(37952K) NonClass: 26713K(27008K)->26713K(27008K) Class: 9004K(10944K)->9004K(10944K)
[7197.109s][info][gc             ] GC(1015) Pause Young (Normal) (G1 Evacuation Pause) 8434M->2736M(10240M) 163.555ms
[7197.109s][info][gc,cpu         ] GC(1015) User=1.29s Sys=0.01s Real=0.16s
....[7200.835s][info][gc,start       ] GC(1016) Pause Young (Normal) (G1 Evacuation Pause)
[7200.835s][info][gc,task        ] GC(1016) Using 8 workers of 8 for evacuation
[7201.001s][info][gc,phases      ] GC(1016)   Pre Evacuate Collection Set: 0.29ms
[7201.001s][info][gc,phases      ] GC(1016)   Merge Heap Roots: 0.52ms
[7201.001s][info][gc,phases      ] GC(1016)   Evacuate Collection Set: 164.07ms
[7201.001s][info][gc,phases      ] GC(1016)   Post Evacuate Collection Set: 1.25ms
[7201.001s][info][gc,phases      ] GC(1016)   Other: 0.06ms
[7201.001s][info][gc,heap        ] GC(1016) Eden regions: 715->0(714)
[7201.001s][info][gc,heap        ] GC(1016) Survivor regions: 53->54(96)
[7201.001s][info][gc,heap        ] GC(1016) Old regions: 260->263
[7201.001s][info][gc,heap        ] GC(1016) Humongous regions: 33->33
[7201.001s][info][gc,metaspace   ] GC(1016) Metaspace: 35717K(37952K)->35717K(37952K) NonClass: 26713K(27008K)->26713K(27008K) Class: 9004K(10944K)->9004K(10944K)
[7201.001s][info][gc             ] GC(1016) Pause Young (Normal) (G1 Evacuation Pause) 8456M->2767M(10240M) 166.328ms
[7201.001s][info][gc,cpu         ] GC(1016) User=1.30s Sys=0.00s Real=0.16s
....[7204.884s][info][gc,start       ] GC(1017) Pause Young (Normal) (G1 Evacuation Pause)
[7204.884s][info][gc,task        ] GC(1017) Using 8 workers of 8 for evacuation
[7205.051s][info][gc,phases      ] GC(1017)   Pre Evacuate Collection Set: 0.26ms
[7205.051s][info][gc,phases      ] GC(1017)   Merge Heap Roots: 0.51ms
[7205.051s][info][gc,phases      ] GC(1017)   Evacuate Collection Set: 164.96ms
[7205.051s][info][gc,phases      ] GC(1017)   Post Evacuate Collection Set: 1.26ms
[7205.051s][info][gc,phases      ] GC(1017)   Other: 0.09ms
[7205.051s][info][gc,heap        ] GC(1017) Eden regions: 714->0(714)
[7205.051s][info][gc,heap        ] GC(1017) Survivor regions: 54->54(96)
[7205.051s][info][gc,heap        ] GC(1017) Old regions: 263->266
[7205.051s][info][gc,heap        ] GC(1017) Humongous regions: 33->33
[7205.051s][info][gc,metaspace   ] GC(1017) Metaspace: 35717K(37952K)->35717K(37952K) NonClass: 26713K(27008K)->26713K(27008K) Class: 9004K(10944K)->9004K(10944K)
[7205.051s][info][gc             ] GC(1017) Pause Young (Normal) (G1 Evacuation Pause) 8479M->2784M(10240M) 167.248ms
[7205.051s][info][gc,cpu         ] GC(1017) User=1.31s Sys=0.00s Real=0.16s
.. (rIR:aIR:PR = 12315:12333:12309) (tPR = 180975) [OK] 
  7206s: Performance info:
         Transaction,    Success,    Partial,     Failed,   Receipts, AvgBarcode, 
             Overall,     743242,          0,          0,     705983,      59.47, 
         Response times:
             Request,    Success,    Partial,     Failed,   SkipFail,     Probes,    Samples,      min,      p50,      p90,      p95,      p99,      max, 
       TotalPurchase,     707306,          0,          0,          0,     351136,     523413,      300,    28000,   115000,   140000,   200000,  2100000,
     InStorePurchase,     373901,          0,          0,          0,     183620,     275029,      300,    28000,   114000,   139000,   192700,  2100000,
      OnlinePurchase,     258570,          0,          0,          0,     130020,     192602,      300,    27000,   115000,   141000,   207000,  2100000,
        InstPurchase,      74835,          0,          0,          0,      37496,      55782,      400,    28000,   116000,   142000,   217170,  2100000,
          AssocOfCat,        747,          0,          0,          0,        605,       1037,    36000,    87000,   170000,   194000,   236240,   561000,
      AssocOfProduct,       7525,          0,          0,          0,       3384,       5348,      800,    25000,   108000,   135000,   199510,  1100000,
      BusinessReport,       1861,          0,          0,          0,       1662,       2606,    38000,    99000,   185300,   218000,   276000,  1700000,
          CustBuyBeh,       7404,          0,          0,          0,       3453,       5389,      200,    27000,   110000,   137000,   204400,  1300000,
       ProductReturn,      19873,          0,          0,          0,       9325,      14502,      300,    27000,   112000,   139000,   199940,  1600000,

  7206s: (90%)   IR =  12453 .[7208.818s][info][gc,start       ] GC(1018) Pause Young (Normal) (G1 Evacuation Pause)
[7208.818s][info][gc,task        ] GC(1018) Using 8 workers of 8 for evacuation
[7208.983s][info][gc,phases      ] GC(1018)   Pre Evacuate Collection Set: 0.28ms
[7208.983s][info][gc,phases      ] GC(1018)   Merge Heap Roots: 0.53ms
[7208.983s][info][gc,phases      ] GC(1018)   Evacuate Collection Set: 162.59ms
[7208.983s][info][gc,phases      ] GC(1018)   Post Evacuate Collection Set: 1.32ms
[7208.983s][info][gc,phases      ] GC(1018)   Other: 0.06ms
[7208.983s][info][gc,heap        ] GC(1018) Eden regions: 714->0(715)
[7208.983s][info][gc,heap        ] GC(1018) Survivor regions: 54->53(96)
[7208.983s][info][gc,heap        ] GC(1018) Old regions: 266->268
[7208.983s][info][gc,heap        ] GC(1018) Humongous regions: 33->33
[7208.983s][info][gc,metaspace   ] GC(1018) Metaspace: 35717K(37952K)->35717K(37952K) NonClass: 26713K(27008K)->26713K(27008K) Class: 9004K(10944K)->9004K(10944K)
[7208.983s][info][gc             ] GC(1018) Pause Young (Normal) (G1 Evacuation Pause) 8496M->2802M(10240M) 164.925ms
[7208.983s][info][gc,cpu         ] GC(1018) User=1.30s Sys=0.00s Real=0.17s
....[7212.611s][info][gc,start       ] GC(1019) Pause Young (Normal) (G1 Evacuation Pause)
[7212.611s][info][gc,task        ] GC(1019) Using 8 workers of 8 for evacuation
[7212.774s][info][gc,phases      ] GC(1019)   Pre Evacuate Collection Set: 0.28ms
[7212.774s][info][gc,phases      ] GC(1019)   Merge Heap Roots: 0.53ms
[7212.774s][info][gc,phases      ] GC(1019)   Evacuate Collection Set: 160.38ms
[7212.774s][info][gc,phases      ] GC(1019)   Post Evacuate Collection Set: 1.28ms
[7212.774s][info][gc,phases      ] GC(1019)   Other: 0.06ms
[7212.774s][info][gc,heap        ] GC(1019) Eden regions: 715->0(715)
[7212.774s][info][gc,heap        ] GC(1019) Survivor regions: 53->53(96)
[7212.774s][info][gc,heap        ] GC(1019) Old regions: 268->271
[7212.774s][info][gc,heap        ] GC(1019) Humongous regions: 33->33
[7212.774s][info][gc,metaspace   ] GC(1019) Metaspace: 35717K(37952K)->35717K(37952K) NonClass: 26713K(27008K)->26713K(27008K) Class: 9004K(10944K)->9004K(10944K)
[7212.774s][info][gc             ] GC(1019) Pause Young (Normal) (G1 Evacuation Pause) 8522M->2820M(10240M) 162.674ms
[7212.774s][info][gc,cpu         ] GC(1019) User=1.28s Sys=0.01s Real=0.17s
....[7216.369s][info][gc,start       ] GC(1020) Pause Young (Normal) (G1 Evacuation Pause)
[7216.369s][info][gc,task        ] GC(1020) Using 8 workers of 8 for evacuation
[7216.529s][info][gc,phases      ] GC(1020)   Pre Evacuate Collection Set: 0.25ms
[7216.529s][info][gc,phases      ] GC(1020)   Merge Heap Roots: 0.52ms
[7216.529s][info][gc,phases      ] GC(1020)   Evacuate Collection Set: 158.33ms
[7216.529s][info][gc,phases      ] GC(1020)   Post Evacuate Collection Set: 1.25ms
[7216.529s][info][gc,phases      ] GC(1020)   Other: 0.07ms
[7216.529s][info][gc,heap        ] GC(1020) Eden regions: 715->0(715)
[7216.529s][info][gc,heap        ] GC(1020) Survivor regions: 53->53(96)
[7216.529s][info][gc,heap        ] GC(1020) Old regions: 271->274
[7216.529s][info][gc,heap        ] GC(1020) Humongous regions: 33->33
[7216.529s][info][gc,metaspace   ] GC(1020) Metaspace: 35717K(37952K)->35717K(37952K) NonClass: 26713K(27008K)->26713K(27008K) Class: 9004K(10944K)->9004K(10944K)
[7216.529s][info][gc             ] GC(1020) Pause Young (Normal) (G1 Evacuation Pause) 8540M->2843M(10240M) 160.567ms
[7216.529s][info][gc,cpu         ] GC(1020) User=1.26s Sys=0.00s Real=0.16s
....[7220.295s][info][gc,start       ] GC(1021) Pause Young (Concurrent Start) (G1 Evacuation Pause)
[7220.295s][info][gc,task        ] GC(1021) Using 8 workers of 8 for evacuation
[7220.459s][info][gc,phases      ] GC(1021)   Pre Evacuate Collection Set: 0.30ms
[7220.459s][info][gc,phases      ] GC(1021)   Merge Heap Roots: 0.56ms
[7220.459s][info][gc,phases      ] GC(1021)   Evacuate Collection Set: 161.34ms
[7220.459s][info][gc,phases      ] GC(1021)   Post Evacuate Collection Set: 1.28ms
[7220.459s][info][gc,phases      ] GC(1021)   Other: 0.09ms
[7220.459s][info][gc,heap        ] GC(1021) Eden regions: 715->0(715)
[7220.459s][info][gc,heap        ] GC(1021) Survivor regions: 53->53(96)
[7220.459s][info][gc,heap        ] GC(1021) Old regions: 274->277
[7220.459s][info][gc,heap        ] GC(1021) Humongous regions: 33->33
[7220.459s][info][gc,metaspace   ] GC(1021) Metaspace: 35717K(37952K)->35717K(37952K) NonClass: 26713K(27008K)->26713K(27008K) Class: 9004K(10944K)->9004K(10944K)
[7220.459s][info][gc             ] GC(1021) Pause Young (Concurrent Start) (G1 Evacuation Pause) 8563M->2866M(10240M) 163.707ms
[7220.459s][info][gc             ] GC(1022) Concurrent Mark Cycle
[7220.459s][info][gc,marking     ] GC(1022) Concurrent Scan Root Regions
[7220.459s][info][gc,cpu         ] GC(1021) User=1.29s Sys=0.00s Real=0.16s
[7220.829s][info][gc,marking     ] GC(1022) Concurrent Scan Root Regions 370.209ms
[7220.829s][info][gc,marking     ] GC(1022) Concurrent Mark
[7220.829s][info][gc,marking     ] GC(1022) Concurrent Mark From Roots
[7220.829s][info][gc,task        ] GC(1022) Using 2 workers of 2 for marking
.[7221.977s][info][gc,marking     ] GC(1022) Concurrent Mark From Roots 1147.686ms
[7221.977s][info][gc,marking     ] GC(1022) Concurrent Preclean
[7221.977s][info][gc,marking     ] GC(1022) Concurrent Preclean 0.154ms
[7221.977s][info][gc,start       ] GC(1022) Pause Remark
[7221.979s][info][gc             ] GC(1022) Pause Remark 4563M->4355M(10240M) 1.451ms
[7221.979s][info][gc,cpu         ] GC(1022) User=0.01s Sys=0.00s Real=0.00s
[7221.979s][info][gc,marking     ] GC(1022) Concurrent Mark 1149.573ms
[7221.979s][info][gc,marking     ] GC(1022) Concurrent Rebuild Remembered Sets and Scrub Regions
.[7222.678s][info][gc,marking     ] GC(1022) Concurrent Rebuild Remembered Sets and Scrub Regions 699.840ms
[7222.679s][info][gc,start       ] GC(1022) Pause Cleanup
[7222.679s][info][gc             ] GC(1022) Pause Cleanup 5238M->5238M(10240M) 0.275ms
[7222.679s][info][gc,cpu         ] GC(1022) User=0.00s Sys=0.00s Real=0.00s
[7222.679s][info][gc,marking     ] GC(1022) Concurrent Clear Claimed Marks
[7222.679s][info][gc,marking     ] GC(1022) Concurrent Clear Claimed Marks 0.041ms
[7222.679s][info][gc,marking     ] GC(1022) Concurrent Cleanup for Next Mark
[7222.693s][info][gc,marking     ] GC(1022) Concurrent Cleanup for Next Mark 13.567ms
[7222.693s][info][gc             ] GC(1022) Concurrent Mark Cycle 2233.949ms
..[7224.655s][info][gc,start       ] GC(1023) Pause Young (Prepare Mixed) (G1 Evacuation Pause)
[7224.655s][info][gc,task        ] GC(1023) Using 8 workers of 8 for evacuation
[7224.821s][info][gc,phases      ] GC(1023)   Pre Evacuate Collection Set: 0.28ms
[7224.821s][info][gc,phases      ] GC(1023)   Merge Heap Roots: 0.79ms
[7224.821s][info][gc,phases      ] GC(1023)   Evacuate Collection Set: 163.69ms
[7224.821s][info][gc,phases      ] GC(1023)   Post Evacuate Collection Set: 1.34ms
[7224.821s][info][gc,phases      ] GC(1023)   Other: 0.07ms
[7224.821s][info][gc,heap        ] GC(1023) Eden regions: 715->0(715)
[7224.821s][info][gc,heap        ] GC(1023) Survivor regions: 53->53(96)
[7224.821s][info][gc,heap        ] GC(1023) Old regions: 251->253
[7224.821s][info][gc,heap        ] GC(1023) Humongous regions: 33->33
[7224.821s][info][gc,metaspace   ] GC(1023) Metaspace: 35717K(37952K)->35717K(37952K) NonClass: 26713K(27008K)->26713K(27008K) Class: 9004K(10944K)->9004K(10944K)
[7224.821s][info][gc             ] GC(1023) Pause Young (Prepare Mixed) (G1 Evacuation Pause) 8378M->2684M(10240M) 166.305ms
[7224.821s][info][gc,cpu         ] GC(1023) User=1.31s Sys=0.00s Real=0.16s
....[7228.515s][info][gc,start       ] GC(1024) Pause Young (Mixed) (G1 Evacuation Pause)
[7228.515s][info][gc,task        ] GC(1024) Using 8 workers of 8 for evacuation
[7228.680s][info][gc,phases      ] GC(1024)   Pre Evacuate Collection Set: 0.30ms
[7228.680s][info][gc,phases      ] GC(1024)   Merge Heap Roots: 0.83ms
[7228.680s][info][gc,phases      ] GC(1024)   Evacuate Collection Set: 162.41ms
[7228.680s][info][gc,phases      ] GC(1024)   Post Evacuate Collection Set: 1.29ms
[7228.680s][info][gc,phases      ] GC(1024)   Other: 0.07ms
[7228.680s][info][gc,heap        ] GC(1024) Eden regions: 715->0(717)
[7228.680s][info][gc,heap        ] GC(1024) Survivor regions: 53->51(96)
[7228.680s][info][gc,heap        ] GC(1024) Old regions: 253->131
[7228.680s][info][gc,heap        ] GC(1024) Humongous regions: 33->33
[7228.680s][info][gc,metaspace   ] GC(1024) Metaspace: 35717K(37952K)->35717K(37952K) NonClass: 26713K(27008K)->26713K(27008K) Class: 9004K(10944K)->9004K(10944K)
[7228.680s][info][gc             ] GC(1024) Pause Young (Mixed) (G1 Evacuation Pause) 8404M->1686M(10240M) 165.052ms
[7228.680s][info][gc,cpu         ] GC(1024) User=1.30s Sys=0.00s Real=0.16s
....[7232.306s][info][gc,start       ] GC(1025) Pause Young (Normal) (G1 Evacuation Pause)
[7232.306s][info][gc,task        ] GC(1025) Using 8 workers of 8 for evacuation
[7232.473s][info][gc,phases      ] GC(1025)   Pre Evacuate Collection Set: 0.27ms
[7232.473s][info][gc,phases      ] GC(1025)   Merge Heap Roots: 0.50ms
[7232.473s][info][gc,phases      ] GC(1025)   Evacuate Collection Set: 165.74ms
[7232.473s][info][gc,phases      ] GC(1025)   Post Evacuate Collection Set: 1.21ms
[7232.473s][info][gc,phases      ] GC(1025)   Other: 0.06ms
[7232.473s][info][gc,heap        ] GC(1025) Eden regions: 717->0(714)
[7232.473s][info][gc,heap        ] GC(1025) Survivor regions: 51->54(96)
[7232.473s][info][gc,heap        ] GC(1025) Old regions: 131->134
[7232.473s][info][gc,heap        ] GC(1025) Humongous regions: 33->33
[7232.473s][info][gc,metaspace   ] GC(1025) Metaspace: 35717K(37952K)->35717K(37952K) NonClass: 26713K(27008K)->26713K(27008K) Class: 9004K(10944K)->9004K(10944K)
[7232.473s][info][gc             ] GC(1025) Pause Young (Normal) (G1 Evacuation Pause) 7422M->1729M(10240M) 167.912ms
[7232.474s][info][gc,cpu         ] GC(1025) User=1.33s Sys=0.01s Real=0.17s
....[7236.085s][info][gc,start       ] GC(1026) Pause Young (Normal) (G1 Evacuation Pause)
[7236.085s][info][gc,task        ] GC(1026) Using 8 workers of 8 for evacuation
[7236.248s][info][gc,phases      ] GC(1026)   Pre Evacuate Collection Set: 0.28ms
[7236.248s][info][gc,phases      ] GC(1026)   Merge Heap Roots: 0.52ms
[7236.248s][info][gc,phases      ] GC(1026)   Evacuate Collection Set: 160.11ms
[7236.248s][info][gc,phases      ] GC(1026)   Post Evacuate Collection Set: 1.21ms
[7236.248s][info][gc,phases      ] GC(1026)   Other: 0.06ms
[7236.248s][info][gc,heap        ] GC(1026) Eden regions: 714->0(715)
[7236.248s][info][gc,heap        ] GC(1026) Survivor regions: 54->53(96)
[7236.248s][info][gc,heap        ] GC(1026) Old regions: 134->136
[7236.248s][info][gc,heap        ] GC(1026) Humongous regions: 33->33
[7236.248s][info][gc,metaspace   ] GC(1026) Metaspace: 35717K(37952K)->35717K(37952K) NonClass: 26713K(27008K)->26713K(27008K) Class: 9004K(10944K)->9004K(10944K)
[7236.248s][info][gc             ] GC(1026) Pause Young (Normal) (G1 Evacuation Pause) 7441M->1747M(10240M) 162.324ms
[7236.248s][info][gc,cpu         ] GC(1026) User=1.28s Sys=0.00s Real=0.16s
. (rIR:aIR:PR = 12453:12148:12148) (tPR = 181172) [IR is under limit] [PR is under limit] 
  7236s: Performance info:
         Transaction,    Success,    Partial,     Failed,   Receipts, AvgBarcode, 
             Overall,     243102,          0,          0,     230734,      59.48, 
         Response times:
             Request,    Success,    Partial,     Failed,   SkipFail,     Probes,    Samples,      min,      p50,      p90,      p95,      p99,      max, 
       TotalPurchase,     230736,          0,          0,          0,     103378,     177599,      400,    68000,   262000,   345000,   472000,  3900000,
     InStorePurchase,     120146,          0,          0,          0,      53869,      93131,      400,    68000,   260000,   339000,   435000,  3900000,
      OnlinePurchase,      85812,          0,          0,          0,      38095,      65438,      400,    68000,   266000,   355000,   568000,  3900000,
        InstPurchase,      24778,          0,          0,          0,      11414,      19030,      500,    67000,   260000,   334000,   439000,  3200000,
          AssocOfCat,        253,          0,          0,          0,        209,        378,    40000,   133000,   328100,   370300,   563390,   920000,
      AssocOfProduct,       2436,          0,          0,          0,       1154,       1886,     1500,    71000,   252000,   351000,   499130,  3100000,
      BusinessReport,        624,          0,          0,          0,        536,        891,    50000,   148000,   332400,   423600,   528120,   870000,
          CustBuyBeh,       2504,          0,          0,          0,       1101,       1871,      900,    69000,   280000,   355400,   488280,   920000,
       ProductReturn,       6542,          0,          0,          0,       3014,       4848,      700,    70000,   268000,   355000,   505040,  3100000,

  7236s: 
  7236s: Failed, 9 overall retries left, retrying 1 of 1
  7236s: (90%)   IR =  12453 ..[7240.077s][info][gc,start       ] GC(1027) Pause Young (Normal) (G1 Evacuation Pause)
[7240.077s][info][gc,task        ] GC(1027) Using 8 workers of 8 for evacuation
[7240.239s][info][gc,phases      ] GC(1027)   Pre Evacuate Collection Set: 0.26ms
[7240.239s][info][gc,phases      ] GC(1027)   Merge Heap Roots: 0.52ms
[7240.239s][info][gc,phases      ] GC(1027)   Evacuate Collection Set: 160.35ms
[7240.239s][info][gc,phases      ] GC(1027)   Post Evacuate Collection Set: 1.21ms
[7240.239s][info][gc,phases      ] GC(1027)   Other: 0.08ms
[7240.239s][info][gc,heap        ] GC(1027) Eden regions: 715->0(714)
[7240.239s][info][gc,heap        ] GC(1027) Survivor regions: 53->54(96)
[7240.239s][info][gc,heap        ] GC(1027) Old regions: 136->139
[7240.239s][info][gc,heap        ] GC(1027) Humongous regions: 33->33
[7240.239s][info][gc,metaspace   ] GC(1027) Metaspace: 35717K(37952K)->35717K(37952K) NonClass: 26713K(27008K)->26713K(27008K) Class: 9004K(10944K)->9004K(10944K)
[7240.239s][info][gc             ] GC(1027) Pause Young (Normal) (G1 Evacuation Pause) 7467M->1773M(10240M) 162.557ms
[7240.239s][info][gc,cpu         ] GC(1027) User=1.28s Sys=0.00s Real=0.16s
....[7243.919s][info][gc,start       ] GC(1028) Pause Young (Normal) (G1 Evacuation Pause)
[7243.919s][info][gc,task        ] GC(1028) Using 8 workers of 8 for evacuation
[7244.081s][info][gc,phases      ] GC(1028)   Pre Evacuate Collection Set: 0.27ms
[7244.081s][info][gc,phases      ] GC(1028)   Merge Heap Roots: 0.61ms
[7244.081s][info][gc,phases      ] GC(1028)   Evacuate Collection Set: 159.65ms
[7244.081s][info][gc,phases      ] GC(1028)   Post Evacuate Collection Set: 1.21ms
[7244.081s][info][gc,phases      ] GC(1028)   Other: 0.08ms
[7244.081s][info][gc,heap        ] GC(1028) Eden regions: 714->0(715)
[7244.081s][info][gc,heap        ] GC(1028) Survivor regions: 54->53(96)
[7244.081s][info][gc,heap        ] GC(1028) Old regions: 139->142
[7244.081s][info][gc,heap        ] GC(1028) Humongous regions: 33->33
[7244.081s][info][gc,metaspace   ] GC(1028) Metaspace: 35717K(37952K)->35717K(37952K) NonClass: 26713K(27008K)->26713K(27008K) Class: 9004K(10944K)->9004K(10944K)
[7244.081s][info][gc             ] GC(1028) Pause Young (Normal) (G1 Evacuation Pause) 7485M->1787M(10240M) 161.944ms
[7244.081s][info][gc,cpu         ] GC(1028) User=1.27s Sys=0.00s Real=0.16s
....[7247.734s][info][gc,start       ] GC(1029) Pause Young (Normal) (G1 Evacuation Pause)
[7247.734s][info][gc,task        ] GC(1029) Using 8 workers of 8 for evacuation
[7247.902s][info][gc,phases      ] GC(1029)   Pre Evacuate Collection Set: 0.26ms
[7247.902s][info][gc,phases      ] GC(1029)   Merge Heap Roots: 0.60ms
[7247.902s][info][gc,phases      ] GC(1029)   Evacuate Collection Set: 165.97ms
[7247.902s][info][gc,phases      ] GC(1029)   Post Evacuate Collection Set: 1.27ms
[7247.902s][info][gc,phases      ] GC(1029)   Other: 0.06ms
[7247.902s][info][gc,heap        ] GC(1029) Eden regions: 715->0(715)
[7247.902s][info][gc,heap        ] GC(1029) Survivor regions: 53->53(96)
[7247.902s][info][gc,heap        ] GC(1029) Old regions: 142->145
[7247.902s][info][gc,heap        ] GC(1029) Humongous regions: 33->33
[7247.902s][info][gc,metaspace   ] GC(1029) Metaspace: 35717K(37952K)->35717K(37952K) NonClass: 26713K(27008K)->26713K(27008K) Class: 9004K(10944K)->9004K(10944K)
[7247.902s][info][gc             ] GC(1029) Pause Young (Normal) (G1 Evacuation Pause) 7507M->1814M(10240M) 168.285ms
[7247.902s][info][gc,cpu         ] GC(1029) User=1.33s Sys=0.00s Real=0.17s
....[7251.486s][info][gc,start       ] GC(1030) Pause Young (Normal) (G1 Evacuation Pause)
[7251.486s][info][gc,task        ] GC(1030) Using 8 workers of 8 for evacuation
[7251.645s][info][gc,phases      ] GC(1030)   Pre Evacuate Collection Set: 0.30ms
[7251.645s][info][gc,phases      ] GC(1030)   Merge Heap Roots: 0.57ms
[7251.645s][info][gc,phases      ] GC(1030)   Evacuate Collection Set: 156.15ms
[7251.645s][info][gc,phases      ] GC(1030)   Post Evacuate Collection Set: 1.24ms
[7251.645s][info][gc,phases      ] GC(1030)   Other: 0.07ms
[7251.645s][info][gc,heap        ] GC(1030) Eden regions: 715->0(717)
[7251.645s][info][gc,heap        ] GC(1030) Survivor regions: 53->51(96)
[7251.645s][info][gc,heap        ] GC(1030) Old regions: 145->147
[7251.645s][info][gc,heap        ] GC(1030) Humongous regions: 33->33
[7251.645s][info][gc,metaspace   ] GC(1030) Metaspace: 35717K(37952K)->35717K(37952K) NonClass: 26713K(27008K)->26713K(27008K) Class: 9004K(10944K)->9004K(10944K)
[7251.645s][info][gc             ] GC(1030) Pause Young (Normal) (G1 Evacuation Pause) 7534M->1820M(10240M) 158.467ms
[7251.645s][info][gc,cpu         ] GC(1030) User=1.24s Sys=0.00s Real=0.16s
..|..[7255.419s][info][gc,start       ] GC(1031) Pause Young (Normal) (G1 Evacuation Pause)
[7255.419s][info][gc,task        ] GC(1031) Using 8 workers of 8 for evacuation
[7255.578s][info][gc,phases      ] GC(1031)   Pre Evacuate Collection Set: 0.28ms
[7255.578s][info][gc,phases      ] GC(1031)   Merge Heap Roots: 0.51ms
[7255.578s][info][gc,phases      ] GC(1031)   Evacuate Collection Set: 157.03ms
[7255.578s][info][gc,phases      ] GC(1031)   Post Evacuate Collection Set: 1.20ms
[7255.578s][info][gc,phases      ] GC(1031)   Other: 0.07ms
[7255.578s][info][gc,heap        ] GC(1031) Eden regions: 717->0(716)
[7255.578s][info][gc,heap        ] GC(1031) Survivor regions: 51->52(96)
[7255.578s][info][gc,heap        ] GC(1031) Old regions: 147->150
[7255.578s][info][gc,heap        ] GC(1031) Humongous regions: 33->33
[7255.578s][info][gc,metaspace   ] GC(1031) Metaspace: 35717K(37952K)->35717K(37952K) NonClass: 26713K(27008K)->26713K(27008K) Class: 9004K(10944K)->9004K(10944K)
[7255.578s][info][gc             ] GC(1031) Pause Young (Normal) (G1 Evacuation Pause) 7556M->1847M(10240M) 159.215ms
[7255.578s][info][gc,cpu         ] GC(1031) User=1.25s Sys=0.00s Real=0.16s
....[7259.367s][info][gc,start       ] GC(1032) Pause Young (Normal) (G1 Evacuation Pause)
[7259.367s][info][gc,task        ] GC(1032) Using 8 workers of 8 for evacuation
[7259.531s][info][gc,phases      ] GC(1032)   Pre Evacuate Collection Set: 0.28ms
[7259.531s][info][gc,phases      ] GC(1032)   Merge Heap Roots: 0.54ms
[7259.531s][info][gc,phases      ] GC(1032)   Evacuate Collection Set: 162.42ms
[7259.531s][info][gc,phases      ] GC(1032)   Post Evacuate Collection Set: 1.27ms
[7259.531s][info][gc,phases      ] GC(1032)   Other: 0.07ms
[7259.531s][info][gc,heap        ] GC(1032) Eden regions: 716->0(715)
[7259.531s][info][gc,heap        ] GC(1032) Survivor regions: 52->53(96)
[7259.531s][info][gc,heap        ] GC(1032) Old regions: 150->153
[7259.531s][info][gc,heap        ] GC(1032) Humongous regions: 33->33
[7259.531s][info][gc,metaspace   ] GC(1032) Metaspace: 35717K(37952K)->35717K(37952K) NonClass: 26713K(27008K)->26713K(27008K) Class: 9004K(10944K)->9004K(10944K)
[7259.531s][info][gc             ] GC(1032) Pause Young (Normal) (G1 Evacuation Pause) 7575M->1877M(10240M) 164.720ms
[7259.531s][info][gc,cpu         ] GC(1032) User=1.30s Sys=0.00s Real=0.16s
....[7263.326s][info][gc,start       ] GC(1033) Pause Young (Normal) (G1 Evacuation Pause)
[7263.326s][info][gc,task        ] GC(1033) Using 8 workers of 8 for evacuation
[7263.489s][info][gc,phases      ] GC(1033)   Pre Evacuate Collection Set: 0.28ms
[7263.489s][info][gc,phases      ] GC(1033)   Merge Heap Roots: 0.61ms
[7263.489s][info][gc,phases      ] GC(1033)   Evacuate Collection Set: 160.58ms
[7263.489s][info][gc,phases      ] GC(1033)   Post Evacuate Collection Set: 1.21ms
[7263.489s][info][gc,phases      ] GC(1033)   Other: 0.08ms
[7263.489s][info][gc,heap        ] GC(1033) Eden regions: 715->0(715)
[7263.489s][info][gc,heap        ] GC(1033) Survivor regions: 53->53(96)
[7263.489s][info][gc,heap        ] GC(1033) Old regions: 153->156
[7263.489s][info][gc,heap        ] GC(1033) Humongous regions: 33->33
[7263.489s][info][gc,metaspace   ] GC(1033) Metaspace: 35717K(37952K)->35717K(37952K) NonClass: 26713K(27008K)->26713K(27008K) Class: 9004K(10944K)->9004K(10944K)
[7263.489s][info][gc             ] GC(1033) Pause Young (Normal) (G1 Evacuation Pause) 7597M->1899M(10240M) 162.891ms
[7263.489s][info][gc,cpu         ] GC(1033) User=1.28s Sys=0.00s Real=0.16s
...[7267.140s][info][gc,start       ] GC(1034) Pause Young (Normal) (G1 Evacuation Pause)
[7267.140s][info][gc,task        ] GC(1034) Using 8 workers of 8 for evacuation
[7267.309s][info][gc,phases      ] GC(1034)   Pre Evacuate Collection Set: 0.26ms
[7267.309s][info][gc,phases      ] GC(1034)   Merge Heap Roots: 0.55ms
[7267.309s][info][gc,phases      ] GC(1034)   Evacuate Collection Set: 166.67ms
[7267.309s][info][gc,phases      ] GC(1034)   Post Evacuate Collection Set: 1.22ms
[7267.309s][info][gc,phases      ] GC(1034)   Other: 0.07ms
[7267.309s][info][gc,heap        ] GC(1034) Eden regions: 715->0(714)
[7267.309s][info][gc,heap        ] GC(1034) Survivor regions: 53->54(96)
[7267.309s][info][gc,heap        ] GC(1034) Old regions: 156->159
[7267.309s][info][gc,heap        ] GC(1034) Humongous regions: 33->33
[7267.309s][info][gc,metaspace   ] GC(1034) Metaspace: 35717K(37952K)->35717K(37952K) NonClass: 26713K(27008K)->26713K(27008K) Class: 9004K(10944K)->9004K(10944K)
[7267.309s][info][gc             ] GC(1034) Pause Young (Normal) (G1 Evacuation Pause) 7619M->1929M(10240M) 168.910ms
[7267.309s][info][gc,cpu         ] GC(1034) User=1.33s Sys=0.00s Real=0.17s
....[7271.006s][info][gc,start       ] GC(1035) Pause Young (Normal) (G1 Evacuation Pause)
[7271.006s][info][gc,task        ] GC(1035) Using 8 workers of 8 for evacuation
[7271.168s][info][gc,phases      ] GC(1035)   Pre Evacuate Collection Set: 0.28ms
[7271.168s][info][gc,phases      ] GC(1035)   Merge Heap Roots: 0.51ms
[7271.168s][info][gc,phases      ] GC(1035)   Evacuate Collection Set: 159.46ms
[7271.168s][info][gc,phases      ] GC(1035)   Post Evacuate Collection Set: 1.25ms
[7271.168s][info][gc,phases      ] GC(1035)   Other: 0.07ms
[7271.168s][info][gc,heap        ] GC(1035) Eden regions: 714->0(715)
[7271.168s][info][gc,heap        ] GC(1035) Survivor regions: 54->53(96)
[7271.168s][info][gc,heap        ] GC(1035) Old regions: 159->161
[7271.168s][info][gc,heap        ] GC(1035) Humongous regions: 33->33
[7271.168s][info][gc,metaspace   ] GC(1035) Metaspace: 35717K(37952K)->35717K(37952K) NonClass: 26713K(27008K)->26713K(27008K) Class: 9004K(10944K)->9004K(10944K)
[7271.168s][info][gc             ] GC(1035) Pause Young (Normal) (G1 Evacuation Pause) 7641M->1946M(10240M) 161.695ms
[7271.168s][info][gc,cpu         ] GC(1035) User=1.27s Sys=0.00s Real=0.16s
....[7274.924s][info][gc,start       ] GC(1036) Pause Young (Normal) (G1 Evacuation Pause)
[7274.924s][info][gc,task        ] GC(1036) Using 8 workers of 8 for evacuation
[7275.091s][info][gc,phases      ] GC(1036)   Pre Evacuate Collection Set: 0.27ms
[7275.091s][info][gc,phases      ] GC(1036)   Merge Heap Roots: 0.53ms
[7275.091s][info][gc,phases      ] GC(1036)   Evacuate Collection Set: 164.84ms
[7275.091s][info][gc,phases      ] GC(1036)   Post Evacuate Collection Set: 1.27ms
[7275.091s][info][gc,phases      ] GC(1036)   Other: 0.06ms
[7275.091s][info][gc,heap        ] GC(1036) Eden regions: 715->0(714)
[7275.091s][info][gc,heap        ] GC(1036) Survivor regions: 53->54(96)
[7275.091s][info][gc,heap        ] GC(1036) Old regions: 161->164
[7275.091s][info][gc,heap        ] GC(1036) Humongous regions: 33->33
[7275.091s][info][gc,metaspace   ] GC(1036) Metaspace: 35717K(37952K)->35717K(37952K) NonClass: 26713K(27008K)->26713K(27008K) Class: 9004K(10944K)->9004K(10944K)
[7275.091s][info][gc             ] GC(1036) Pause Young (Normal) (G1 Evacuation Pause) 7666M->1975M(10240M) 167.090ms
[7275.091s][info][gc,cpu         ] GC(1036) User=1.31s Sys=0.01s Real=0.16s
....[7278.798s][info][gc,start       ] GC(1037) Pause Young (Normal) (G1 Evacuation Pause)
[7278.798s][info][gc,task        ] GC(1037) Using 8 workers of 8 for evacuation
[7278.961s][info][gc,phases      ] GC(1037)   Pre Evacuate Collection Set: 0.28ms
[7278.961s][info][gc,phases      ] GC(1037)   Merge Heap Roots: 0.50ms
[7278.961s][info][gc,phases      ] GC(1037)   Evacuate Collection Set: 161.16ms
[7278.961s][info][gc,phases      ] GC(1037)   Post Evacuate Collection Set: 1.26ms
[7278.961s][info][gc,phases      ] GC(1037)   Other: 0.07ms
[7278.961s][info][gc,heap        ] GC(1037) Eden regions: 714->0(715)
[7278.961s][info][gc,heap        ] GC(1037) Survivor regions: 54->53(96)
[7278.961s][info][gc,heap        ] GC(1037) Old regions: 164->167
[7278.961s][info][gc,heap        ] GC(1037) Humongous regions: 33->33
[7278.961s][info][gc,metaspace   ] GC(1037) Metaspace: 35717K(37952K)->35717K(37952K) NonClass: 26713K(27008K)->26713K(27008K) Class: 9004K(10944K)->9004K(10944K)
[7278.961s][info][gc             ] GC(1037) Pause Young (Normal) (G1 Evacuation Pause) 7687M->1991M(10240M) 163.393ms
[7278.961s][info][gc,cpu         ] GC(1037) User=1.28s Sys=0.01s Real=0.16s
....[7282.579s][info][gc,start       ] GC(1038) Pause Young (Normal) (G1 Evacuation Pause)
[7282.579s][info][gc,task        ] GC(1038) Using 8 workers of 8 for evacuation
[7282.743s][info][gc,phases      ] GC(1038)   Pre Evacuate Collection Set: 0.28ms
[7282.743s][info][gc,phases      ] GC(1038)   Merge Heap Roots: 0.52ms
[7282.743s][info][gc,phases      ] GC(1038)   Evacuate Collection Set: 162.38ms
[7282.743s][info][gc,phases      ] GC(1038)   Post Evacuate Collection Set: 1.21ms
[7282.743s][info][gc,phases      ] GC(1038)   Other: 0.07ms
[7282.743s][info][gc,heap        ] GC(1038) Eden regions: 715->0(714)
[7282.743s][info][gc,heap        ] GC(1038) Survivor regions: 53->54(96)
[7282.743s][info][gc,heap        ] GC(1038) Old regions: 167->170
[7282.743s][info][gc,heap        ] GC(1038) Humongous regions: 33->33
[7282.743s][info][gc,metaspace   ] GC(1038) Metaspace: 35717K(37952K)->35717K(37952K) NonClass: 26713K(27008K)->26713K(27008K) Class: 9004K(10944K)->9004K(10944K)
[7282.743s][info][gc             ] GC(1038) Pause Young (Normal) (G1 Evacuation Pause) 7711M->2017M(10240M) 164.592ms
[7282.743s][info][gc,cpu         ] GC(1038) User=1.30s Sys=0.00s Real=0.17s
....[7286.353s][info][gc,start       ] GC(1039) Pause Young (Normal) (G1 Evacuation Pause)
[7286.353s][info][gc,task        ] GC(1039) Using 8 workers of 8 for evacuation
[7286.514s][info][gc,phases      ] GC(1039)   Pre Evacuate Collection Set: 0.27ms
[7286.514s][info][gc,phases      ] GC(1039)   Merge Heap Roots: 0.53ms
[7286.514s][info][gc,phases      ] GC(1039)   Evacuate Collection Set: 158.85ms
[7286.514s][info][gc,phases      ] GC(1039)   Post Evacuate Collection Set: 1.24ms
[7286.514s][info][gc,phases      ] GC(1039)   Other: 0.07ms
[7286.514s][info][gc,heap        ] GC(1039) Eden regions: 714->0(716)
[7286.514s][info][gc,heap        ] GC(1039) Survivor regions: 54->52(96)
[7286.514s][info][gc,heap        ] GC(1039) Old regions: 170->172
[7286.514s][info][gc,heap        ] GC(1039) Humongous regions: 33->33
[7286.514s][info][gc,metaspace   ] GC(1039) Metaspace: 35717K(37952K)->35717K(37952K) NonClass: 26713K(27008K)->26713K(27008K) Class: 9004K(10944K)->9004K(10944K)
[7286.514s][info][gc             ] GC(1039) Pause Young (Normal) (G1 Evacuation Pause) 7729M->2022M(10240M) 161.089ms
[7286.514s][info][gc,cpu         ] GC(1039) User=1.26s Sys=0.01s Real=0.16s
...[7290.206s][info][gc,start       ] GC(1040) Pause Young (Normal) (G1 Evacuation Pause)
[7290.206s][info][gc,task        ] GC(1040) Using 8 workers of 8 for evacuation
[7290.372s][info][gc,phases      ] GC(1040)   Pre Evacuate Collection Set: 0.29ms
[7290.372s][info][gc,phases      ] GC(1040)   Merge Heap Roots: 0.60ms
[7290.372s][info][gc,phases      ] GC(1040)   Evacuate Collection Set: 164.49ms
[7290.372s][info][gc,phases      ] GC(1040)   Post Evacuate Collection Set: 1.24ms
[7290.372s][info][gc,phases      ] GC(1040)   Other: 0.06ms
[7290.372s][info][gc,heap        ] GC(1040) Eden regions: 716->0(714)
[7290.372s][info][gc,heap        ] GC(1040) Survivor regions: 52->54(96)
[7290.372s][info][gc,heap        ] GC(1040) Old regions: 172->175
[7290.372s][info][gc,heap        ] GC(1040) Humongous regions: 33->33
[7290.372s][info][gc,metaspace   ] GC(1040) Metaspace: 35717K(37952K)->35717K(37952K) NonClass: 26713K(27008K)->26713K(27008K) Class: 9004K(10944K)->9004K(10944K)
[7290.372s][info][gc             ] GC(1040) Pause Young (Normal) (G1 Evacuation Pause) 7750M->2059M(10240M) 166.816ms
[7290.372s][info][gc,cpu         ] GC(1040) User=1.32s Sys=0.00s Real=0.17s
....[7294.133s][info][gc,start       ] GC(1041) Pause Young (Normal) (G1 Evacuation Pause)
[7294.133s][info][gc,task        ] GC(1041) Using 8 workers of 8 for evacuation
[7294.297s][info][gc,phases      ] GC(1041)   Pre Evacuate Collection Set: 0.28ms
[7294.297s][info][gc,phases      ] GC(1041)   Merge Heap Roots: 0.52ms
[7294.297s][info][gc,phases      ] GC(1041)   Evacuate Collection Set: 161.79ms
[7294.297s][info][gc,phases      ] GC(1041)   Post Evacuate Collection Set: 1.29ms
[7294.297s][info][gc,phases      ] GC(1041)   Other: 0.06ms
[7294.297s][info][gc,heap        ] GC(1041) Eden regions: 714->0(714)
[7294.297s][info][gc,heap        ] GC(1041) Survivor regions: 54->54(96)
[7294.297s][info][gc,heap        ] GC(1041) Old regions: 175->178
[7294.297s][info][gc,heap        ] GC(1041) Humongous regions: 33->33
[7294.298s][info][gc,metaspace   ] GC(1041) Metaspace: 35717K(37952K)->35717K(37952K) NonClass: 26713K(27008K)->26713K(27008K) Class: 9004K(10944K)->9004K(10944K)
[7294.298s][info][gc             ] GC(1041) Pause Young (Normal) (G1 Evacuation Pause) 7771M->2082M(10240M) 164.094ms
[7294.298s][info][gc,cpu         ] GC(1041) User=1.29s Sys=0.00s Real=0.16s
....[7297.933s][info][gc,start       ] GC(1042) Pause Young (Normal) (G1 Evacuation Pause)
[7297.933s][info][gc,task        ] GC(1042) Using 8 workers of 8 for evacuation
[7298.097s][info][gc,phases      ] GC(1042)   Pre Evacuate Collection Set: 0.30ms
[7298.097s][info][gc,phases      ] GC(1042)   Merge Heap Roots: 0.53ms
[7298.097s][info][gc,phases      ] GC(1042)   Evacuate Collection Set: 162.34ms
[7298.097s][info][gc,phases      ] GC(1042)   Post Evacuate Collection Set: 1.27ms
[7298.097s][info][gc,phases      ] GC(1042)   Other: 0.06ms
[7298.097s][info][gc,heap        ] GC(1042) Eden regions: 714->0(715)
[7298.097s][info][gc,heap        ] GC(1042) Survivor regions: 54->53(96)
[7298.097s][info][gc,heap        ] GC(1042) Old regions: 178->181
[7298.097s][info][gc,heap        ] GC(1042) Humongous regions: 33->33
[7298.097s][info][gc,metaspace   ] GC(1042) Metaspace: 35717K(37952K)->35717K(37952K) NonClass: 26713K(27008K)->26713K(27008K) Class: 9004K(10944K)->9004K(10944K)
[7298.097s][info][gc             ] GC(1042) Pause Young (Normal) (G1 Evacuation Pause) 7794M->2100M(10240M) 164.642ms
[7298.098s][info][gc,cpu         ] GC(1042) User=1.30s Sys=0.00s Real=0.16s
....[7301.897s][info][gc,start       ] GC(1043) Pause Young (Normal) (G1 Evacuation Pause)
[7301.898s][info][gc,task        ] GC(1043) Using 8 workers of 8 for evacuation
[7302.062s][info][gc,phases      ] GC(1043)   Pre Evacuate Collection Set: 0.27ms
[7302.062s][info][gc,phases      ] GC(1043)   Merge Heap Roots: 0.51ms
[7302.062s][info][gc,phases      ] GC(1043)   Evacuate Collection Set: 162.81ms
[7302.062s][info][gc,phases      ] GC(1043)   Post Evacuate Collection Set: 1.28ms
[7302.062s][info][gc,phases      ] GC(1043)   Other: 0.07ms
[7302.062s][info][gc,heap        ] GC(1043) Eden regions: 715->0(715)
[7302.062s][info][gc,heap        ] GC(1043) Survivor regions: 53->53(96)
[7302.063s][info][gc,heap        ] GC(1043) Old regions: 181->183
[7302.063s][info][gc,heap        ] GC(1043) Humongous regions: 33->33
[7302.063s][info][gc,metaspace   ] GC(1043) Metaspace: 35717K(37952K)->35717K(37952K) NonClass: 26713K(27008K)->26713K(27008K) Class: 9004K(10944K)->9004K(10944K)
[7302.063s][info][gc             ] GC(1043) Pause Young (Normal) (G1 Evacuation Pause) 7820M->2123M(10240M) 165.073ms
[7302.063s][info][gc,cpu         ] GC(1043) User=1.30s Sys=0.00s Real=0.17s
....[7305.784s][info][gc,start       ] GC(1044) Pause Young (Normal) (G1 Evacuation Pause)
[7305.784s][info][gc,task        ] GC(1044) Using 8 workers of 8 for evacuation
[7305.947s][info][gc,phases      ] GC(1044)   Pre Evacuate Collection Set: 0.27ms
[7305.947s][info][gc,phases      ] GC(1044)   Merge Heap Roots: 0.52ms
[7305.947s][info][gc,phases      ] GC(1044)   Evacuate Collection Set: 161.15ms
[7305.947s][info][gc,phases      ] GC(1044)   Post Evacuate Collection Set: 1.20ms
[7305.947s][info][gc,phases      ] GC(1044)   Other: 0.06ms
[7305.947s][info][gc,heap        ] GC(1044) Eden regions: 715->0(714)
[7305.947s][info][gc,heap        ] GC(1044) Survivor regions: 53->54(96)
[7305.947s][info][gc,heap        ] GC(1044) Old regions: 183->186
[7305.947s][info][gc,heap        ] GC(1044) Humongous regions: 33->33
[7305.947s][info][gc,metaspace   ] GC(1044) Metaspace: 35717K(37952K)->35717K(37952K) NonClass: 26713K(27008K)->26713K(27008K) Class: 9004K(10944K)->9004K(10944K)
[7305.947s][info][gc             ] GC(1044) Pause Young (Normal) (G1 Evacuation Pause) 7843M->2149M(10240M) 163.345ms
[7305.947s][info][gc,cpu         ] GC(1044) User=1.28s Sys=0.00s Real=0.16s
....[7309.712s][info][gc,start       ] GC(1045) Pause Young (Normal) (G1 Evacuation Pause)
[7309.712s][info][gc,task        ] GC(1045) Using 8 workers of 8 for evacuation
[7309.875s][info][gc,phases      ] GC(1045)   Pre Evacuate Collection Set: 0.29ms
[7309.875s][info][gc,phases      ] GC(1045)   Merge Heap Roots: 0.53ms
[7309.875s][info][gc,phases      ] GC(1045)   Evacuate Collection Set: 161.35ms
[7309.875s][info][gc,phases      ] GC(1045)   Post Evacuate Collection Set: 1.20ms
[7309.875s][info][gc,phases      ] GC(1045)   Other: 0.07ms
[7309.875s][info][gc,heap        ] GC(1045) Eden regions: 714->0(715)
[7309.875s][info][gc,heap        ] GC(1045) Survivor regions: 54->53(96)
[7309.875s][info][gc,heap        ] GC(1045) Old regions: 186->189
[7309.875s][info][gc,heap        ] GC(1045) Humongous regions: 33->33
[7309.875s][info][gc,metaspace   ] GC(1045) Metaspace: 35717K(37952K)->35717K(37952K) NonClass: 26713K(27008K)->26713K(27008K) Class: 9004K(10944K)->9004K(10944K)
[7309.875s][info][gc             ] GC(1045) Pause Young (Normal) (G1 Evacuation Pause) 7861M->2166M(10240M) 163.561ms
[7309.875s][info][gc,cpu         ] GC(1045) User=1.29s Sys=0.00s Real=0.16s
....[7313.609s][info][gc,start       ] GC(1046) Pause Young (Normal) (G1 Evacuation Pause)
[7313.609s][info][gc,task        ] GC(1046) Using 8 workers of 8 for evacuation
[7313.777s][info][gc,phases      ] GC(1046)   Pre Evacuate Collection Set: 0.28ms
[7313.777s][info][gc,phases      ] GC(1046)   Merge Heap Roots: 0.51ms
[7313.777s][info][gc,phases      ] GC(1046)   Evacuate Collection Set: 166.06ms
[7313.777s][info][gc,phases      ] GC(1046)   Post Evacuate Collection Set: 1.22ms
[7313.777s][info][gc,phases      ] GC(1046)   Other: 0.08ms
[7313.777s][info][gc,heap        ] GC(1046) Eden regions: 715->0(713)
[7313.777s][info][gc,heap        ] GC(1046) Survivor regions: 53->55(96)
[7313.777s][info][gc,heap        ] GC(1046) Old regions: 189->192
[7313.777s][info][gc,heap        ] GC(1046) Humongous regions: 33->33
[7313.777s][info][gc,metaspace   ] GC(1046) Metaspace: 35717K(37952K)->35717K(37952K) NonClass: 26713K(27008K)->26713K(27008K) Class: 9004K(10944K)->9004K(10944K)
[7313.777s][info][gc             ] GC(1046) Pause Young (Normal) (G1 Evacuation Pause) 7886M->2205M(10240M) 168.260ms
[7313.777s][info][gc,cpu         ] GC(1046) User=1.32s Sys=0.00s Real=0.17s
 (rIR:aIR:PR = 12453:12354:12374) (tPR = 184809) [OK] 
  7313s: Performance info:
         Transaction,    Success,    Partial,     Failed,   Receipts, AvgBarcode, 
             Overall,     743970,          0,          0,     706777,      59.47, 
         Response times:
             Request,    Success,    Partial,     Failed,   SkipFail,     Probes,    Samples,      min,      p50,      p90,      p95,      p99,      max, 
       TotalPurchase,     705656,          0,          0,          0,     350774,     460467,      400,    28000,   114000,   155000,   218000,  1900000,
     InStorePurchase,     368127,          0,          0,          0,     183974,     241933,      400,    28000,   113000,   154000,   217000,  1900000,
      OnlinePurchase,     262974,          0,          0,          0,     129737,     170295,      400,    28000,   115000,   156000,   219000,  1900000,
        InstPurchase,      74555,          0,          0,          0,      37063,      48239,      400,    29000,   116000,   156000,   219000,  1800000,
          AssocOfCat,        751,          0,          0,          0,        660,        963,    35000,    84000,   176600,   212600,   256720,   379000,
      AssocOfProduct,       7397,          0,          0,          0,       3461,       4714,     1000,    29000,   106000,   150000,   204000,   423000,
      BusinessReport,       1873,          0,          0,          0,       1672,       2353,    32000,   103000,   203200,   236300,   275460,   531000,
          CustBuyBeh,       7394,          0,          0,          0,       3529,       4887,      200,    28000,   112000,   155000,   220000,  1500000,
       ProductReturn,      19691,          0,          0,          0,       9323,      12549,      200,    27000,   114000,   157000,   254500,  1300000,

  7313s: (91%)   IR =  12592 ...[7317.393s][info][gc,start       ] GC(1047) Pause Young (Normal) (G1 Evacuation Pause)
[7317.393s][info][gc,task        ] GC(1047) Using 8 workers of 8 for evacuation
[7317.551s][info][gc,phases      ] GC(1047)   Pre Evacuate Collection Set: 0.32ms
[7317.551s][info][gc,phases      ] GC(1047)   Merge Heap Roots: 0.54ms
[7317.551s][info][gc,phases      ] GC(1047)   Evacuate Collection Set: 155.86ms
[7317.551s][info][gc,phases      ] GC(1047)   Post Evacuate Collection Set: 1.25ms
[7317.552s][info][gc,phases      ] GC(1047)   Other: 0.06ms
[7317.552s][info][gc,heap        ] GC(1047) Eden regions: 713->0(716)
[7317.552s][info][gc,heap        ] GC(1047) Survivor regions: 55->52(96)
[7317.552s][info][gc,heap        ] GC(1047) Old regions: 192->194
[7317.552s][info][gc,heap        ] GC(1047) Humongous regions: 33->33
[7317.552s][info][gc,metaspace   ] GC(1047) Metaspace: 35717K(37952K)->35717K(37952K) NonClass: 26713K(27008K)->26713K(27008K) Class: 9004K(10944K)->9004K(10944K)
[7317.552s][info][gc             ] GC(1047) Pause Young (Normal) (G1 Evacuation Pause) 7909M->2199M(10240M) 158.157ms
[7317.552s][info][gc,cpu         ] GC(1047) User=1.24s Sys=0.00s Real=0.15s
....[7321.202s][info][gc,start       ] GC(1048) Pause Young (Normal) (G1 Evacuation Pause)
[7321.202s][info][gc,task        ] GC(1048) Using 8 workers of 8 for evacuation
[7321.367s][info][gc,phases      ] GC(1048)   Pre Evacuate Collection Set: 0.26ms
[7321.367s][info][gc,phases      ] GC(1048)   Merge Heap Roots: 0.53ms
[7321.367s][info][gc,phases      ] GC(1048)   Evacuate Collection Set: 162.86ms
[7321.367s][info][gc,phases      ] GC(1048)   Post Evacuate Collection Set: 1.23ms
[7321.367s][info][gc,phases      ] GC(1048)   Other: 0.06ms
[7321.367s][info][gc,heap        ] GC(1048) Eden regions: 716->0(714)
[7321.367s][info][gc,heap        ] GC(1048) Survivor regions: 52->54(96)
[7321.367s][info][gc,heap        ] GC(1048) Old regions: 194->197
[7321.367s][info][gc,heap        ] GC(1048) Humongous regions: 33->33
[7321.367s][info][gc,metaspace   ] GC(1048) Metaspace: 35717K(37952K)->35717K(37952K) NonClass: 26713K(27008K)->26713K(27008K) Class: 9004K(10944K)->9004K(10944K)
[7321.367s][info][gc             ] GC(1048) Pause Young (Normal) (G1 Evacuation Pause) 7927M->2242M(10240M) 165.082ms
[7321.367s][info][gc,cpu         ] GC(1048) User=1.30s Sys=0.00s Real=0.16s
....[7324.948s][info][gc,start       ] GC(1049) Pause Young (Normal) (G1 Evacuation Pause)
[7324.948s][info][gc,task        ] GC(1049) Using 8 workers of 8 for evacuation
[7325.109s][info][gc,phases      ] GC(1049)   Pre Evacuate Collection Set: 0.28ms
[7325.109s][info][gc,phases      ] GC(1049)   Merge Heap Roots: 0.51ms
[7325.109s][info][gc,phases      ] GC(1049)   Evacuate Collection Set: 158.60ms
[7325.109s][info][gc,phases      ] GC(1049)   Post Evacuate Collection Set: 1.30ms
[7325.109s][info][gc,phases      ] GC(1049)   Other: 0.06ms
[7325.109s][info][gc,heap        ] GC(1049) Eden regions: 714->0(716)
[7325.109s][info][gc,heap        ] GC(1049) Survivor regions: 54->52(96)
[7325.109s][info][gc,heap        ] GC(1049) Old regions: 197->200
[7325.109s][info][gc,heap        ] GC(1049) Humongous regions: 33->33
[7325.109s][info][gc,metaspace   ] GC(1049) Metaspace: 35717K(37952K)->35717K(37952K) NonClass: 26713K(27008K)->26713K(27008K) Class: 9004K(10944K)->9004K(10944K)
[7325.109s][info][gc             ] GC(1049) Pause Young (Normal) (G1 Evacuation Pause) 7954M->2247M(10240M) 160.889ms
[7325.109s][info][gc,cpu         ] GC(1049) User=1.27s Sys=0.00s Real=0.16s
...[7328.744s][info][gc,start       ] GC(1050) Pause Young (Normal) (G1 Evacuation Pause)
[7328.744s][info][gc,task        ] GC(1050) Using 8 workers of 8 for evacuation
[7328.911s][info][gc,phases      ] GC(1050)   Pre Evacuate Collection Set: 0.28ms
[7328.911s][info][gc,phases      ] GC(1050)   Merge Heap Roots: 0.53ms
[7328.911s][info][gc,phases      ] GC(1050)   Evacuate Collection Set: 164.17ms
[7328.911s][info][gc,phases      ] GC(1050)   Post Evacuate Collection Set: 1.22ms
[7328.911s][info][gc,phases      ] GC(1050)   Other: 0.06ms
[7328.911s][info][gc,heap        ] GC(1050) Eden regions: 716->0(714)
[7328.911s][info][gc,heap        ] GC(1050) Survivor regions: 52->54(96)
[7328.911s][info][gc,heap        ] GC(1050) Old regions: 200->203
[7328.911s][info][gc,heap        ] GC(1050) Humongous regions: 33->33
[7328.911s][info][gc,metaspace   ] GC(1050) Metaspace: 35717K(37952K)->35717K(37952K) NonClass: 26713K(27008K)->26713K(27008K) Class: 9004K(10944K)->9004K(10944K)
[7328.911s][info][gc             ] GC(1050) Pause Young (Normal) (G1 Evacuation Pause) 7975M->2281M(10240M) 166.406ms
[7328.911s][info][gc,cpu         ] GC(1050) User=1.31s Sys=0.00s Real=0.16s
....[7332.535s][info][gc,start       ] GC(1051) Pause Young (Normal) (G1 Evacuation Pause)
[7332.535s][info][gc,task        ] GC(1051) Using 8 workers of 8 for evacuation
[7332.695s][info][gc,phases      ] GC(1051)   Pre Evacuate Collection Set: 0.30ms
[7332.695s][info][gc,phases      ] GC(1051)   Merge Heap Roots: 0.51ms
[7332.695s][info][gc,phases      ] GC(1051)   Evacuate Collection Set: 157.69ms
[7332.695s][info][gc,phases      ] GC(1051)   Post Evacuate Collection Set: 1.24ms
[7332.695s][info][gc,phases      ] GC(1051)   Other: 0.06ms
[7332.695s][info][gc,heap        ] GC(1051) Eden regions: 714->0(716)
[7332.695s][info][gc,heap        ] GC(1051) Survivor regions: 54->52(96)
[7332.695s][info][gc,heap        ] GC(1051) Old regions: 203->205
[7332.695s][info][gc,heap        ] GC(1051) Humongous regions: 33->33
[7332.695s][info][gc,metaspace   ] GC(1051) Metaspace: 35717K(37952K)->35717K(37952K) NonClass: 26713K(27008K)->26713K(27008K) Class: 9004K(10944K)->9004K(10944K)
[7332.695s][info][gc             ] GC(1051) Pause Young (Normal) (G1 Evacuation Pause) 7993M->2288M(10240M) 159.931ms
[7332.695s][info][gc,cpu         ] GC(1051) User=1.26s Sys=0.00s Real=0.16s
....[7336.276s][info][gc,start       ] GC(1052) Pause Young (Normal) (G1 Evacuation Pause)
[7336.276s][info][gc,task        ] GC(1052) Using 8 workers of 8 for evacuation
[7336.444s][info][gc,phases      ] GC(1052)   Pre Evacuate Collection Set: 0.25ms
[7336.444s][info][gc,phases      ] GC(1052)   Merge Heap Roots: 0.53ms
[7336.444s][info][gc,phases      ] GC(1052)   Evacuate Collection Set: 166.05ms
[7336.444s][info][gc,phases      ] GC(1052)   Post Evacuate Collection Set: 1.20ms
[7336.444s][info][gc,phases      ] GC(1052)   Other: 0.06ms
[7336.444s][info][gc,heap        ] GC(1052) Eden regions: 716->0(714)
[7336.444s][info][gc,heap        ] GC(1052) Survivor regions: 52->54(96)
[7336.444s][info][gc,heap        ] GC(1052) Old regions: 205->208
[7336.444s][info][gc,heap        ] GC(1052) Humongous regions: 33->33
[7336.444s][info][gc,metaspace   ] GC(1052) Metaspace: 35717K(37952K)->35717K(37952K) NonClass: 26713K(27008K)->26713K(27008K) Class: 9004K(10944K)->9004K(10944K)
[7336.444s][info][gc             ] GC(1052) Pause Young (Normal) (G1 Evacuation Pause) 8016M->2331M(10240M) 168.216ms
[7336.444s][info][gc,cpu         ] GC(1052) User=1.33s Sys=0.00s Real=0.17s
....[7340.071s][info][gc,start       ] GC(1053) Pause Young (Normal) (G1 Evacuation Pause)
[7340.071s][info][gc,task        ] GC(1053) Using 8 workers of 8 for evacuation
[7340.234s][info][gc,phases      ] GC(1053)   Pre Evacuate Collection Set: 0.27ms
[7340.234s][info][gc,phases      ] GC(1053)   Merge Heap Roots: 0.54ms
[7340.234s][info][gc,phases      ] GC(1053)   Evacuate Collection Set: 161.10ms
[7340.234s][info][gc,phases      ] GC(1053)   Post Evacuate Collection Set: 1.21ms
[7340.234s][info][gc,phases      ] GC(1053)   Other: 0.06ms
[7340.234s][info][gc,heap        ] GC(1053) Eden regions: 714->0(715)
[7340.234s][info][gc,heap        ] GC(1053) Survivor regions: 54->53(96)
[7340.234s][info][gc,heap        ] GC(1053) Old regions: 208->211
[7340.234s][info][gc,heap        ] GC(1053) Humongous regions: 33->33
[7340.234s][info][gc,metaspace   ] GC(1053) Metaspace: 35717K(37952K)->35717K(37952K) NonClass: 26713K(27008K)->26713K(27008K) Class: 9004K(10944K)->9004K(10944K)
[7340.234s][info][gc             ] GC(1053) Pause Young (Normal) (G1 Evacuation Pause) 8043M->2344M(10240M) 163.311ms
[7340.234s][info][gc,cpu         ] GC(1053) User=1.29s Sys=0.00s Real=0.17s
...[7343.865s][info][gc,start       ] GC(1054) Pause Young (Normal) (G1 Evacuation Pause)
[7343.865s][info][gc,task        ] GC(1054) Using 8 workers of 8 for evacuation
[7344.034s][info][gc,phases      ] GC(1054)   Pre Evacuate Collection Set: 0.27ms
[7344.034s][info][gc,phases      ] GC(1054)   Merge Heap Roots: 0.51ms
[7344.034s][info][gc,phases      ] GC(1054)   Evacuate Collection Set: 166.33ms
[7344.034s][info][gc,phases      ] GC(1054)   Post Evacuate Collection Set: 1.25ms
[7344.034s][info][gc,phases      ] GC(1054)   Other: 0.09ms
[7344.034s][info][gc,heap        ] GC(1054) Eden regions: 715->0(714)
[7344.034s][info][gc,heap        ] GC(1054) Survivor regions: 53->54(96)
[7344.034s][info][gc,heap        ] GC(1054) Old regions: 211->214
[7344.034s][info][gc,heap        ] GC(1054) Humongous regions: 33->33
[7344.034s][info][gc,metaspace   ] GC(1054) Metaspace: 35717K(37952K)->35717K(37952K) NonClass: 26713K(27008K)->26713K(27008K) Class: 9004K(10944K)->9004K(10944K)
[7344.034s][info][gc             ] GC(1054) Pause Young (Normal) (G1 Evacuation Pause) 8064M->2375M(10240M) 168.576ms
[7344.034s][info][gc,cpu         ] GC(1054) User=1.33s Sys=0.00s Real=0.17s
.|...[7347.566s][info][gc,start       ] GC(1055) Pause Young (Normal) (G1 Evacuation Pause)
[7347.566s][info][gc,task        ] GC(1055) Using 8 workers of 8 for evacuation
[7347.729s][info][gc,phases      ] GC(1055)   Pre Evacuate Collection Set: 0.25ms
[7347.729s][info][gc,phases      ] GC(1055)   Merge Heap Roots: 0.53ms
[7347.729s][info][gc,phases      ] GC(1055)   Evacuate Collection Set: 161.21ms
[7347.729s][info][gc,phases      ] GC(1055)   Post Evacuate Collection Set: 1.21ms
[7347.729s][info][gc,phases      ] GC(1055)   Other: 0.06ms
[7347.729s][info][gc,heap        ] GC(1055) Eden regions: 714->0(715)
[7347.729s][info][gc,heap        ] GC(1055) Survivor regions: 54->53(96)
[7347.729s][info][gc,heap        ] GC(1055) Old regions: 214->217
[7347.729s][info][gc,heap        ] GC(1055) Humongous regions: 33->33
[7347.729s][info][gc,metaspace   ] GC(1055) Metaspace: 35717K(37952K)->35717K(37952K) NonClass: 26713K(27008K)->26713K(27008K) Class: 9004K(10944K)->9004K(10944K)
[7347.729s][info][gc             ] GC(1055) Pause Young (Normal) (G1 Evacuation Pause) 8087M->2389M(10240M) 163.381ms
[7347.729s][info][gc,cpu         ] GC(1055) User=1.28s Sys=0.00s Real=0.16s
....[7351.471s][info][gc,start       ] GC(1056) Pause Young (Normal) (G1 Evacuation Pause)
[7351.471s][info][gc,task        ] GC(1056) Using 8 workers of 8 for evacuation
[7351.631s][info][gc,phases      ] GC(1056)   Pre Evacuate Collection Set: 0.28ms
[7351.631s][info][gc,phases      ] GC(1056)   Merge Heap Roots: 0.53ms
[7351.631s][info][gc,phases      ] GC(1056)   Evacuate Collection Set: 158.05ms
[7351.631s][info][gc,phases      ] GC(1056)   Post Evacuate Collection Set: 1.25ms
[7351.631s][info][gc,phases      ] GC(1056)   Other: 0.07ms
[7351.631s][info][gc,heap        ] GC(1056) Eden regions: 715->0(716)
[7351.631s][info][gc,heap        ] GC(1056) Survivor regions: 53->52(96)
[7351.631s][info][gc,heap        ] GC(1056) Old regions: 217->219
[7351.631s][info][gc,heap        ] GC(1056) Humongous regions: 33->33
[7351.631s][info][gc,metaspace   ] GC(1056) Metaspace: 35717K(37952K)->35717K(37952K) NonClass: 26713K(27008K)->26713K(27008K) Class: 9004K(10944K)->9004K(10944K)
[7351.631s][info][gc             ] GC(1056) Pause Young (Normal) (G1 Evacuation Pause) 8109M->2399M(10240M) 160.310ms
[7351.631s][info][gc,cpu         ] GC(1056) User=1.26s Sys=0.01s Real=0.16s
....[7355.263s][info][gc,start       ] GC(1057) Pause Young (Normal) (G1 Evacuation Pause)
[7355.263s][info][gc,task        ] GC(1057) Using 8 workers of 8 for evacuation
[7355.432s][info][gc,phases      ] GC(1057)   Pre Evacuate Collection Set: 0.27ms
[7355.432s][info][gc,phases      ] GC(1057)   Merge Heap Roots: 0.51ms
[7355.432s][info][gc,phases      ] GC(1057)   Evacuate Collection Set: 166.28ms
[7355.432s][info][gc,phases      ] GC(1057)   Post Evacuate Collection Set: 1.27ms
[7355.432s][info][gc,phases      ] GC(1057)   Other: 0.06ms
[7355.432s][info][gc,heap        ] GC(1057) Eden regions: 716->0(714)
[7355.432s][info][gc,heap        ] GC(1057) Survivor regions: 52->54(96)
[7355.432s][info][gc,heap        ] GC(1057) Old regions: 219->222
[7355.432s][info][gc,heap        ] GC(1057) Humongous regions: 33->33
[7355.432s][info][gc,metaspace   ] GC(1057) Metaspace: 35717K(37952K)->35717K(37952K) NonClass: 26713K(27008K)->26713K(27008K) Class: 9004K(10944K)->9004K(10944K)
[7355.432s][info][gc             ] GC(1057) Pause Young (Normal) (G1 Evacuation Pause) 8127M->2441M(10240M) 168.538ms
[7355.432s][info][gc,cpu         ] GC(1057) User=1.32s Sys=0.00s Real=0.17s
....[7359.066s][info][gc,start       ] GC(1058) Pause Young (Normal) (G1 Evacuation Pause)
[7359.066s][info][gc,task        ] GC(1058) Using 8 workers of 8 for evacuation
[7359.232s][info][gc,phases      ] GC(1058)   Pre Evacuate Collection Set: 0.27ms
[7359.232s][info][gc,phases      ] GC(1058)   Merge Heap Roots: 0.52ms
[7359.232s][info][gc,phases      ] GC(1058)   Evacuate Collection Set: 164.10ms
[7359.232s][info][gc,phases      ] GC(1058)   Post Evacuate Collection Set: 1.21ms
[7359.232s][info][gc,phases      ] GC(1058)   Other: 0.06ms
[7359.232s][info][gc,heap        ] GC(1058) Eden regions: 714->0(715)
[7359.232s][info][gc,heap        ] GC(1058) Survivor regions: 54->53(96)
[7359.232s][info][gc,heap        ] GC(1058) Old regions: 222->225
[7359.232s][info][gc,heap        ] GC(1058) Humongous regions: 33->33
[7359.232s][info][gc,metaspace   ] GC(1058) Metaspace: 35717K(37952K)->35717K(37952K) NonClass: 26713K(27008K)->26713K(27008K) Class: 9004K(10944K)->9004K(10944K)
[7359.232s][info][gc             ] GC(1058) Pause Young (Normal) (G1 Evacuation Pause) 8153M->2455M(10240M) 166.282ms
[7359.232s][info][gc,cpu         ] GC(1058) User=1.30s Sys=0.00s Real=0.17s
...[7362.817s][info][gc,start       ] GC(1059) Pause Young (Normal) (G1 Evacuation Pause)
[7362.817s][info][gc,task        ] GC(1059) Using 8 workers of 8 for evacuation
[7362.988s][info][gc,phases      ] GC(1059)   Pre Evacuate Collection Set: 0.26ms
[7362.988s][info][gc,phases      ] GC(1059)   Merge Heap Roots: 0.52ms
[7362.988s][info][gc,phases      ] GC(1059)   Evacuate Collection Set: 168.66ms
[7362.988s][info][gc,phases      ] GC(1059)   Post Evacuate Collection Set: 1.20ms
[7362.988s][info][gc,phases      ] GC(1059)   Other: 0.08ms
[7362.988s][info][gc,heap        ] GC(1059) Eden regions: 715->0(713)
[7362.988s][info][gc,heap        ] GC(1059) Survivor regions: 53->55(96)
[7362.988s][info][gc,heap        ] GC(1059) Old regions: 225->228
[7362.988s][info][gc,heap        ] GC(1059) Humongous regions: 33->33
[7362.988s][info][gc,metaspace   ] GC(1059) Metaspace: 35717K(37952K)->35717K(37952K) NonClass: 26713K(27008K)->26713K(27008K) Class: 9004K(10944K)->9004K(10944K)
[7362.988s][info][gc             ] GC(1059) Pause Young (Normal) (G1 Evacuation Pause) 8175M->2491M(10240M) 170.844ms
[7362.988s][info][gc,cpu         ] GC(1059) User=1.35s Sys=0.00s Real=0.17s
....[7366.568s][info][gc,start       ] GC(1060) Pause Young (Normal) (G1 Evacuation Pause)
[7366.568s][info][gc,task        ] GC(1060) Using 8 workers of 8 for evacuation
[7366.730s][info][gc,phases      ] GC(1060)   Pre Evacuate Collection Set: 0.26ms
[7366.730s][info][gc,phases      ] GC(1060)   Merge Heap Roots: 0.51ms
[7366.730s][info][gc,phases      ] GC(1060)   Evacuate Collection Set: 159.55ms
[7366.730s][info][gc,phases      ] GC(1060)   Post Evacuate Collection Set: 1.26ms
[7366.730s][info][gc,phases      ] GC(1060)   Other: 0.06ms
[7366.730s][info][gc,heap        ] GC(1060) Eden regions: 713->0(715)
[7366.730s][info][gc,heap        ] GC(1060) Survivor regions: 55->53(96)
[7366.730s][info][gc,heap        ] GC(1060) Old regions: 228->231
[7366.730s][info][gc,heap        ] GC(1060) Humongous regions: 33->33
[7366.730s][info][gc,metaspace   ] GC(1060) Metaspace: 35717K(37952K)->35717K(37952K) NonClass: 26713K(27008K)->26713K(27008K) Class: 9004K(10944K)->9004K(10944K)
[7366.730s][info][gc             ] GC(1060) Pause Young (Normal) (G1 Evacuation Pause) 8195M->2496M(10240M) 161.779ms
[7366.730s][info][gc,cpu         ] GC(1060) User=1.27s Sys=0.01s Real=0.16s
....[7370.425s][info][gc,start       ] GC(1061) Pause Young (Normal) (G1 Evacuation Pause)
[7370.425s][info][gc,task        ] GC(1061) Using 8 workers of 8 for evacuation
[7370.595s][info][gc,phases      ] GC(1061)   Pre Evacuate Collection Set: 0.25ms
[7370.595s][info][gc,phases      ] GC(1061)   Merge Heap Roots: 0.52ms
[7370.595s][info][gc,phases      ] GC(1061)   Evacuate Collection Set: 168.15ms
[7370.595s][info][gc,phases      ] GC(1061)   Post Evacuate Collection Set: 1.22ms
[7370.595s][info][gc,phases      ] GC(1061)   Other: 0.06ms
[7370.595s][info][gc,heap        ] GC(1061) Eden regions: 715->0(713)
[7370.595s][info][gc,heap        ] GC(1061) Survivor regions: 53->55(96)
[7370.595s][info][gc,heap        ] GC(1061) Old regions: 231->233
[7370.595s][info][gc,heap        ] GC(1061) Humongous regions: 33->33
[7370.595s][info][gc,metaspace   ] GC(1061) Metaspace: 35717K(37952K)->35717K(37952K) NonClass: 26713K(27008K)->26713K(27008K) Class: 9004K(10944K)->9004K(10944K)
[7370.595s][info][gc             ] GC(1061) Pause Young (Normal) (G1 Evacuation Pause) 8216M->2534M(10240M) 170.353ms
[7370.595s][info][gc,cpu         ] GC(1061) User=1.34s Sys=0.00s Real=0.17s
....[7374.204s][info][gc,start       ] GC(1062) Pause Young (Normal) (G1 Evacuation Pause)
[7374.204s][info][gc,task        ] GC(1062) Using 8 workers of 8 for evacuation
[7374.367s][info][gc,phases      ] GC(1062)   Pre Evacuate Collection Set: 0.29ms
[7374.367s][info][gc,phases      ] GC(1062)   Merge Heap Roots: 0.51ms
[7374.367s][info][gc,phases      ] GC(1062)   Evacuate Collection Set: 160.77ms
[7374.367s][info][gc,phases      ] GC(1062)   Post Evacuate Collection Set: 1.23ms
[7374.367s][info][gc,phases      ] GC(1062)   Other: 0.06ms
[7374.367s][info][gc,heap        ] GC(1062) Eden regions: 713->0(715)
[7374.367s][info][gc,heap        ] GC(1062) Survivor regions: 55->53(96)
[7374.367s][info][gc,heap        ] GC(1062) Old regions: 233->236
[7374.367s][info][gc,heap        ] GC(1062) Humongous regions: 33->33
[7374.367s][info][gc,metaspace   ] GC(1062) Metaspace: 35717K(37952K)->35717K(37952K) NonClass: 26713K(27008K)->26713K(27008K) Class: 9004K(10944K)->9004K(10944K)
[7374.367s][info][gc             ] GC(1062) Pause Young (Normal) (G1 Evacuation Pause) 8238M->2541M(10240M) 163.025ms
[7374.367s][info][gc,cpu         ] GC(1062) User=1.28s Sys=0.00s Real=0.16s
...[7378.030s][info][gc,start       ] GC(1063) Pause Young (Normal) (G1 Evacuation Pause)
[7378.030s][info][gc,task        ] GC(1063) Using 8 workers of 8 for evacuation
[7378.198s][info][gc,phases      ] GC(1063)   Pre Evacuate Collection Set: 0.25ms
[7378.198s][info][gc,phases      ] GC(1063)   Merge Heap Roots: 0.52ms
[7378.198s][info][gc,phases      ] GC(1063)   Evacuate Collection Set: 165.59ms
[7378.198s][info][gc,phases      ] GC(1063)   Post Evacuate Collection Set: 1.25ms
[7378.198s][info][gc,phases      ] GC(1063)   Other: 0.06ms
[7378.198s][info][gc,heap        ] GC(1063) Eden regions: 715->0(714)
[7378.198s][info][gc,heap        ] GC(1063) Survivor regions: 53->54(96)
[7378.198s][info][gc,heap        ] GC(1063) Old regions: 236->239
[7378.198s][info][gc,heap        ] GC(1063) Humongous regions: 33->33
[7378.198s][info][gc,metaspace   ] GC(1063) Metaspace: 35717K(37952K)->35717K(37952K) NonClass: 26713K(27008K)->26713K(27008K) Class: 9004K(10944K)->9004K(10944K)
[7378.198s][info][gc             ] GC(1063) Pause Young (Normal) (G1 Evacuation Pause) 8261M->2576M(10240M) 167.799ms
[7378.198s][info][gc,cpu         ] GC(1063) User=1.32s Sys=0.00s Real=0.17s
....[7381.890s][info][gc,start       ] GC(1064) Pause Young (Normal) (G1 Evacuation Pause)
[7381.890s][info][gc,task        ] GC(1064) Using 8 workers of 8 for evacuation
[7382.051s][info][gc,phases      ] GC(1064)   Pre Evacuate Collection Set: 0.28ms
[7382.051s][info][gc,phases      ] GC(1064)   Merge Heap Roots: 0.52ms
[7382.051s][info][gc,phases      ] GC(1064)   Evacuate Collection Set: 159.03ms
[7382.051s][info][gc,phases      ] GC(1064)   Post Evacuate Collection Set: 1.28ms
[7382.051s][info][gc,phases      ] GC(1064)   Other: 0.07ms
[7382.051s][info][gc,heap        ] GC(1064) Eden regions: 714->0(715)
[7382.051s][info][gc,heap        ] GC(1064) Survivor regions: 54->53(96)
[7382.051s][info][gc,heap        ] GC(1064) Old regions: 239->242
[7382.051s][info][gc,heap        ] GC(1064) Humongous regions: 33->33
[7382.051s][info][gc,metaspace   ] GC(1064) Metaspace: 35717K(37952K)->35717K(37952K) NonClass: 26713K(27008K)->26713K(27008K) Class: 9004K(10944K)->9004K(10944K)
[7382.051s][info][gc             ] GC(1064) Pause Young (Normal) (G1 Evacuation Pause) 8288M->2590M(10240M) 161.325ms
[7382.051s][info][gc,cpu         ] GC(1064) User=1.27s Sys=0.00s Real=0.16s
....[7385.729s][info][gc,start       ] GC(1065) Pause Young (Normal) (G1 Evacuation Pause)
[7385.729s][info][gc,task        ] GC(1065) Using 8 workers of 8 for evacuation
[7385.894s][info][gc,phases      ] GC(1065)   Pre Evacuate Collection Set: 0.29ms
[7385.894s][info][gc,phases      ] GC(1065)   Merge Heap Roots: 0.51ms
[7385.894s][info][gc,phases      ] GC(1065)   Evacuate Collection Set: 162.20ms
[7385.894s][info][gc,phases      ] GC(1065)   Post Evacuate Collection Set: 1.24ms
[7385.894s][info][gc,phases      ] GC(1065)   Other: 0.08ms
[7385.894s][info][gc,heap        ] GC(1065) Eden regions: 715->0(715)
[7385.894s][info][gc,heap        ] GC(1065) Survivor regions: 53->53(96)
[7385.894s][info][gc,heap        ] GC(1065) Old regions: 242->244
[7385.894s][info][gc,heap        ] GC(1065) Humongous regions: 33->33
[7385.894s][info][gc,metaspace   ] GC(1065) Metaspace: 35717K(37952K)->35717K(37952K) NonClass: 26713K(27008K)->26713K(27008K) Class: 9004K(10944K)->9004K(10944K)
[7385.894s][info][gc             ] GC(1065) Pause Young (Normal) (G1 Evacuation Pause) 8310M->2612M(10240M) 164.453ms
[7385.894s][info][gc,cpu         ] GC(1065) User=1.30s Sys=0.00s Real=0.17s
....[7389.510s][info][gc,start       ] GC(1066) Pause Young (Normal) (G1 Evacuation Pause)
[7389.510s][info][gc,task        ] GC(1066) Using 8 workers of 8 for evacuation
[7389.677s][info][gc,phases      ] GC(1066)   Pre Evacuate Collection Set: 0.28ms
[7389.677s][info][gc,phases      ] GC(1066)   Merge Heap Roots: 0.53ms
[7389.677s][info][gc,phases      ] GC(1066)   Evacuate Collection Set: 164.28ms
[7389.677s][info][gc,phases      ] GC(1066)   Post Evacuate Collection Set: 1.28ms
[7389.677s][info][gc,phases      ] GC(1066)   Other: 0.06ms
[7389.677s][info][gc,heap        ] GC(1066) Eden regions: 715->0(714)
[7389.677s][info][gc,heap        ] GC(1066) Survivor regions: 53->54(96)
[7389.677s][info][gc,heap        ] GC(1066) Old regions: 244->247
[7389.677s][info][gc,heap        ] GC(1066) Humongous regions: 33->33
[7389.677s][info][gc,metaspace   ] GC(1066) Metaspace: 35717K(37952K)->35717K(37952K) NonClass: 26713K(27008K)->26713K(27008K) Class: 9004K(10944K)->9004K(10944K)
[7389.677s][info][gc             ] GC(1066) Pause Young (Normal) (G1 Evacuation Pause) 8332M->2642M(10240M) 166.580ms
[7389.677s][info][gc,cpu         ] GC(1066) User=1.31s Sys=0.00s Real=0.17s
....[7393.372s][info][gc,start       ] GC(1067) Pause Young (Normal) (G1 Evacuation Pause)
[7393.372s][info][gc,task        ] GC(1067) Using 8 workers of 8 for evacuation
[7393.534s][info][gc,phases      ] GC(1067)   Pre Evacuate Collection Set: 0.27ms
[7393.534s][info][gc,phases      ] GC(1067)   Merge Heap Roots: 0.55ms
[7393.534s][info][gc,phases      ] GC(1067)   Evacuate Collection Set: 159.41ms
[7393.534s][info][gc,phases      ] GC(1067)   Post Evacuate Collection Set: 1.28ms
[7393.534s][info][gc,phases      ] GC(1067)   Other: 0.07ms
[7393.534s][info][gc,heap        ] GC(1067) Eden regions: 714->0(715)
[7393.534s][info][gc,heap        ] GC(1067) Survivor regions: 54->53(96)
[7393.534s][info][gc,heap        ] GC(1067) Old regions: 247->250
[7393.534s][info][gc,heap        ] GC(1067) Humongous regions: 33->33
[7393.534s][info][gc,metaspace   ] GC(1067) Metaspace: 35717K(37952K)->35717K(37952K) NonClass: 26713K(27008K)->26713K(27008K) Class: 9004K(10944K)->9004K(10944K)
[7393.534s][info][gc             ] GC(1067) Pause Young (Normal) (G1 Evacuation Pause) 8354M->2656M(10240M) 161.744ms
[7393.534s][info][gc,cpu         ] GC(1067) User=1.27s Sys=0.00s Real=0.16s
...[7397.171s][info][gc,start       ] GC(1068) Pause Young (Normal) (G1 Evacuation Pause)
[7397.171s][info][gc,task        ] GC(1068) Using 8 workers of 8 for evacuation
[7397.334s][info][gc,phases      ] GC(1068)   Pre Evacuate Collection Set: 0.28ms
[7397.334s][info][gc,phases      ] GC(1068)   Merge Heap Roots: 0.54ms
[7397.334s][info][gc,phases      ] GC(1068)   Evacuate Collection Set: 161.18ms
[7397.334s][info][gc,phases      ] GC(1068)   Post Evacuate Collection Set: 1.26ms
[7397.334s][info][gc,phases      ] GC(1068)   Other: 0.06ms
[7397.334s][info][gc,heap        ] GC(1068) Eden regions: 715->0(715)
[7397.334s][info][gc,heap        ] GC(1068) Survivor regions: 53->53(96)
[7397.334s][info][gc,heap        ] GC(1068) Old regions: 250->253
[7397.334s][info][gc,heap        ] GC(1068) Humongous regions: 33->33
[7397.334s][info][gc,metaspace   ] GC(1068) Metaspace: 35717K(37952K)->35717K(37952K) NonClass: 26713K(27008K)->26713K(27008K) Class: 9004K(10944K)->9004K(10944K)
[7397.334s][info][gc             ] GC(1068) Pause Young (Normal) (G1 Evacuation Pause) 8376M->2679M(10240M) 163.458ms
[7397.334s][info][gc,cpu         ] GC(1068) User=1.29s Sys=0.00s Real=0.17s
....[7401.110s][info][gc,start       ] GC(1069) Pause Young (Normal) (G1 Evacuation Pause)
[7401.110s][info][gc,task        ] GC(1069) Using 8 workers of 8 for evacuation
[7401.277s][info][gc,phases      ] GC(1069)   Pre Evacuate Collection Set: 0.30ms
[7401.277s][info][gc,phases      ] GC(1069)   Merge Heap Roots: 0.52ms
[7401.277s][info][gc,phases      ] GC(1069)   Evacuate Collection Set: 164.81ms
[7401.277s][info][gc,phases      ] GC(1069)   Post Evacuate Collection Set: 1.20ms
[7401.277s][info][gc,phases      ] GC(1069)   Other: 0.07ms
[7401.277s][info][gc,heap        ] GC(1069) Eden regions: 715->0(714)
[7401.277s][info][gc,heap        ] GC(1069) Survivor regions: 53->54(96)
[7401.277s][info][gc,heap        ] GC(1069) Old regions: 253->256
[7401.277s][info][gc,heap        ] GC(1069) Humongous regions: 33->33
[7401.277s][info][gc,metaspace   ] GC(1069) Metaspace: 35717K(37952K)->35717K(37952K) NonClass: 26713K(27008K)->26713K(27008K) Class: 9004K(10944K)->9004K(10944K)
[7401.277s][info][gc             ] GC(1069) Pause Young (Normal) (G1 Evacuation Pause) 8399M->2705M(10240M) 167.031ms
[7401.277s][info][gc,cpu         ] GC(1069) User=1.32s Sys=0.00s Real=0.17s
.... (rIR:aIR:PR = 12592:12590:12619) (tPR = 188441) [OK] 
  7404s: Performance info:
         Transaction,    Success,    Partial,     Failed,   Receipts, AvgBarcode, 
             Overall,     761056,          0,          0,     722760,      59.48, 
         Response times:
             Request,    Success,    Partial,     Failed,   SkipFail,     Probes,    Samples,      min,      p50,      p90,      p95,      p99,      max, 
       TotalPurchase,     721090,          0,          0,          0,     348082,     548406,      300,    47000,   147000,   184000,   295000,  3700000,
     InStorePurchase,     378397,          0,          0,          0,     181954,     288281,      300,    47000,   146000,   184000,   294000,  3700000,
      OnlinePurchase,     266938,          0,          0,          0,     128361,     201151,      400,    47000,   148000,   184000,   296000,  3700000,
        InstPurchase,      75755,          0,          0,          0,      37767,      58974,      500,    46000,   146000,   183000,   298000,  3700000,
          AssocOfCat,        761,          0,          0,          0,        651,       1152,    37000,   100000,   207000,   238350,   355760,  1900000,
      AssocOfProduct,       7544,          0,          0,          0,       3658,       5971,      800,    51000,   154000,   190000,   293280,  1400000,
      BusinessReport,       1900,          0,          0,          0,       1690,       2867,    51000,   120000,   231000,   264600,   371000,  1200000,
          CustBuyBeh,       7660,          0,          0,          0,       3585,       5834,      700,    48000,   144500,   178000,   267000,  1600000,
       ProductReturn,      20334,          0,          0,          0,       9760,      15494,      300,    47000,   148000,   186000,   287000,  2200000,

  7404s: (92%)   IR =  12730 [7404.872s][info][gc,start       ] GC(1070) Pause Young (Normal) (G1 Evacuation Pause)
[7404.872s][info][gc,task        ] GC(1070) Using 8 workers of 8 for evacuation
[7405.033s][info][gc,phases      ] GC(1070)   Pre Evacuate Collection Set: 0.27ms
[7405.033s][info][gc,phases      ] GC(1070)   Merge Heap Roots: 0.53ms
[7405.033s][info][gc,phases      ] GC(1070)   Evacuate Collection Set: 158.61ms
[7405.033s][info][gc,phases      ] GC(1070)   Post Evacuate Collection Set: 1.24ms
[7405.033s][info][gc,phases      ] GC(1070)   Other: 0.06ms
[7405.033s][info][gc,heap        ] GC(1070) Eden regions: 714->0(715)
[7405.033s][info][gc,heap        ] GC(1070) Survivor regions: 54->53(96)
[7405.033s][info][gc,heap        ] GC(1070) Old regions: 256->259
[7405.033s][info][gc,heap        ] GC(1070) Humongous regions: 33->33
[7405.033s][info][gc,metaspace   ] GC(1070) Metaspace: 35717K(37952K)->35717K(37952K) NonClass: 26713K(27008K)->26713K(27008K) Class: 9004K(10944K)->9004K(10944K)
[7405.033s][info][gc             ] GC(1070) Pause Young (Normal) (G1 Evacuation Pause) 8417M->2720M(10240M) 160.856ms
[7405.033s][info][gc,cpu         ] GC(1070) User=1.27s Sys=0.00s Real=0.16s
...[7408.609s][info][gc,start       ] GC(1071) Pause Young (Normal) (G1 Evacuation Pause)
[7408.609s][info][gc,task        ] GC(1071) Using 8 workers of 8 for evacuation
[7408.770s][info][gc,phases      ] GC(1071)   Pre Evacuate Collection Set: 0.25ms
[7408.770s][info][gc,phases      ] GC(1071)   Merge Heap Roots: 0.51ms
[7408.770s][info][gc,phases      ] GC(1071)   Evacuate Collection Set: 158.76ms
[7408.770s][info][gc,phases      ] GC(1071)   Post Evacuate Collection Set: 1.22ms
[7408.770s][info][gc,phases      ] GC(1071)   Other: 0.07ms
[7408.770s][info][gc,heap        ] GC(1071) Eden regions: 715->0(715)
[7408.770s][info][gc,heap        ] GC(1071) Survivor regions: 53->53(96)
[7408.770s][info][gc,heap        ] GC(1071) Old regions: 259->261
[7408.770s][info][gc,heap        ] GC(1071) Humongous regions: 33->33
[7408.770s][info][gc,metaspace   ] GC(1071) Metaspace: 35717K(37952K)->35717K(37952K) NonClass: 26713K(27008K)->26713K(27008K) Class: 9004K(10944K)->9004K(10944K)
[7408.770s][info][gc             ] GC(1071) Pause Young (Normal) (G1 Evacuation Pause) 8440M->2746M(10240M) 160.948ms
[7408.770s][info][gc,cpu         ] GC(1071) User=1.27s Sys=0.00s Real=0.16s
....[7412.373s][info][gc,start       ] GC(1072) Pause Young (Normal) (G1 Evacuation Pause)
[7412.373s][info][gc,task        ] GC(1072) Using 8 workers of 8 for evacuation
[7412.534s][info][gc,phases      ] GC(1072)   Pre Evacuate Collection Set: 0.25ms
[7412.534s][info][gc,phases      ] GC(1072)   Merge Heap Roots: 0.53ms
[7412.534s][info][gc,phases      ] GC(1072)   Evacuate Collection Set: 159.07ms
[7412.534s][info][gc,phases      ] GC(1072)   Post Evacuate Collection Set: 1.25ms
[7412.534s][info][gc,phases      ] GC(1072)   Other: 0.07ms
[7412.534s][info][gc,heap        ] GC(1072) Eden regions: 715->0(714)
[7412.534s][info][gc,heap        ] GC(1072) Survivor regions: 53->54(96)
[7412.534s][info][gc,heap        ] GC(1072) Old regions: 261->264
[7412.534s][info][gc,heap        ] GC(1072) Humongous regions: 33->33
[7412.534s][info][gc,metaspace   ] GC(1072) Metaspace: 35717K(37952K)->35717K(37952K) NonClass: 26713K(27008K)->26713K(27008K) Class: 9004K(10944K)->9004K(10944K)
[7412.534s][info][gc             ] GC(1072) Pause Young (Normal) (G1 Evacuation Pause) 8466M->2771M(10240M) 161.304ms
[7412.535s][info][gc,cpu         ] GC(1072) User=1.27s Sys=0.00s Real=0.16s
....[7416.207s][info][gc,start       ] GC(1073) Pause Young (Normal) (G1 Evacuation Pause)
[7416.207s][info][gc,task        ] GC(1073) Using 8 workers of 8 for evacuation
[7416.375s][info][gc,phases      ] GC(1073)   Pre Evacuate Collection Set: 0.27ms
[7416.376s][info][gc,phases      ] GC(1073)   Merge Heap Roots: 0.54ms
[7416.376s][info][gc,phases      ] GC(1073)   Evacuate Collection Set: 166.06ms
[7416.376s][info][gc,phases      ] GC(1073)   Post Evacuate Collection Set: 1.27ms
[7416.376s][info][gc,phases      ] GC(1073)   Other: 0.07ms
[7416.376s][info][gc,heap        ] GC(1073) Eden regions: 714->0(714)
[7416.376s][info][gc,heap        ] GC(1073) Survivor regions: 54->54(96)
[7416.376s][info][gc,heap        ] GC(1073) Old regions: 264->267
[7416.376s][info][gc,heap        ] GC(1073) Humongous regions: 33->33
[7416.376s][info][gc,metaspace   ] GC(1073) Metaspace: 35717K(37952K)->35717K(37952K) NonClass: 26713K(27008K)->26713K(27008K) Class: 9004K(10944K)->9004K(10944K)
[7416.376s][info][gc             ] GC(1073) Pause Young (Normal) (G1 Evacuation Pause) 8483M->2794M(10240M) 168.359ms
[7416.376s][info][gc,cpu         ] GC(1073) User=1.32s Sys=0.00s Real=0.17s
....[7419.975s][info][gc,start       ] GC(1074) Pause Young (Normal) (G1 Evacuation Pause)
[7419.975s][info][gc,task        ] GC(1074) Using 8 workers of 8 for evacuation
[7420.137s][info][gc,phases      ] GC(1074)   Pre Evacuate Collection Set: 0.26ms
[7420.137s][info][gc,phases      ] GC(1074)   Merge Heap Roots: 0.57ms
[7420.137s][info][gc,phases      ] GC(1074)   Evacuate Collection Set: 159.47ms
[7420.137s][info][gc,phases      ] GC(1074)   Post Evacuate Collection Set: 1.25ms
[7420.137s][info][gc,phases      ] GC(1074)   Other: 0.07ms
[7420.137s][info][gc,heap        ] GC(1074) Eden regions: 714->0(716)
[7420.137s][info][gc,heap        ] GC(1074) Survivor regions: 54->52(96)
[7420.137s][info][gc,heap        ] GC(1074) Old regions: 267->269
[7420.137s][info][gc,heap        ] GC(1074) Humongous regions: 33->33
[7420.137s][info][gc,metaspace   ] GC(1074) Metaspace: 35717K(37952K)->35717K(37952K) NonClass: 26713K(27008K)->26713K(27008K) Class: 9004K(10944K)->9004K(10944K)
[7420.137s][info][gc             ] GC(1074) Pause Young (Normal) (G1 Evacuation Pause) 8506M->2804M(10240M) 161.762ms
[7420.137s][info][gc,cpu         ] GC(1074) User=1.28s Sys=0.00s Real=0.16s
...[7423.760s][info][gc,start       ] GC(1075) Pause Young (Normal) (G1 Evacuation Pause)
[7423.760s][info][gc,task        ] GC(1075) Using 8 workers of 8 for evacuation
[7423.930s][info][gc,phases      ] GC(1075)   Pre Evacuate Collection Set: 0.25ms
[7423.930s][info][gc,phases      ] GC(1075)   Merge Heap Roots: 0.52ms
[7423.930s][info][gc,phases      ] GC(1075)   Evacuate Collection Set: 167.85ms
[7423.930s][info][gc,phases      ] GC(1075)   Post Evacuate Collection Set: 1.24ms
[7423.930s][info][gc,phases      ] GC(1075)   Other: 0.06ms
[7423.930s][info][gc,heap        ] GC(1075) Eden regions: 716->0(713)
[7423.930s][info][gc,heap        ] GC(1075) Survivor regions: 52->55(96)
[7423.930s][info][gc,heap        ] GC(1075) Old regions: 269->272
[7423.930s][info][gc,heap        ] GC(1075) Humongous regions: 33->33
[7423.930s][info][gc,metaspace   ] GC(1075) Metaspace: 35717K(37952K)->35717K(37952K) NonClass: 26713K(27008K)->26713K(27008K) Class: 9004K(10944K)->9004K(10944K)
[7423.930s][info][gc             ] GC(1075) Pause Young (Normal) (G1 Evacuation Pause) 8532M->2850M(10240M) 170.049ms
[7423.930s][info][gc,cpu         ] GC(1075) User=1.34s Sys=0.00s Real=0.17s
..|..[7427.563s][info][gc,start       ] GC(1076) Pause Young (Normal) (G1 Evacuation Pause)
[7427.563s][info][gc,task        ] GC(1076) Using 8 workers of 8 for evacuation
[7427.732s][info][gc,phases      ] GC(1076)   Pre Evacuate Collection Set: 0.25ms
[7427.732s][info][gc,phases      ] GC(1076)   Merge Heap Roots: 0.53ms
[7427.732s][info][gc,phases      ] GC(1076)   Evacuate Collection Set: 166.78ms
[7427.732s][info][gc,phases      ] GC(1076)   Post Evacuate Collection Set: 1.27ms
[7427.732s][info][gc,phases      ] GC(1076)   Other: 0.06ms
[7427.732s][info][gc,heap        ] GC(1076) Eden regions: 713->0(713)
[7427.732s][info][gc,heap        ] GC(1076) Survivor regions: 55->55(96)
[7427.732s][info][gc,heap        ] GC(1076) Old regions: 272->275
[7427.732s][info][gc,heap        ] GC(1076) Humongous regions: 33->33
[7427.732s][info][gc,metaspace   ] GC(1076) Metaspace: 35717K(37952K)->35717K(37952K) NonClass: 26713K(27008K)->26713K(27008K) Class: 9004K(10944K)->9004K(10944K)
[7427.732s][info][gc             ] GC(1076) Pause Young (Normal) (G1 Evacuation Pause) 8554M->2868M(10240M) 169.038ms
[7427.732s][info][gc,cpu         ] GC(1076) User=1.33s Sys=0.00s Real=0.17s
....[7431.325s][info][gc,start       ] GC(1077) Pause Young (Concurrent Start) (G1 Evacuation Pause)
[7431.325s][info][gc,task        ] GC(1077) Using 8 workers of 8 for evacuation
[7431.490s][info][gc,phases      ] GC(1077)   Pre Evacuate Collection Set: 0.28ms
[7431.490s][info][gc,phases      ] GC(1077)   Merge Heap Roots: 0.51ms
[7431.490s][info][gc,phases      ] GC(1077)   Evacuate Collection Set: 163.32ms
[7431.490s][info][gc,phases      ] GC(1077)   Post Evacuate Collection Set: 1.26ms
[7431.490s][info][gc,phases      ] GC(1077)   Other: 0.09ms
[7431.490s][info][gc,heap        ] GC(1077) Eden regions: 713->0(715)
[7431.490s][info][gc,heap        ] GC(1077) Survivor regions: 55->53(96)
[7431.490s][info][gc,heap        ] GC(1077) Old regions: 275->278
[7431.490s][info][gc,heap        ] GC(1077) Humongous regions: 33->33
[7431.490s][info][gc,metaspace   ] GC(1077) Metaspace: 35717K(37952K)->35717K(37952K) NonClass: 26713K(27008K)->26713K(27008K) Class: 9004K(10944K)->9004K(10944K)
[7431.490s][info][gc             ] GC(1077) Pause Young (Concurrent Start) (G1 Evacuation Pause) 8572M->2878M(10240M) 165.597ms
[7431.490s][info][gc             ] GC(1078) Concurrent Mark Cycle
[7431.490s][info][gc,marking     ] GC(1078) Concurrent Scan Root Regions
[7431.490s][info][gc,cpu         ] GC(1077) User=1.30s Sys=0.00s Real=0.16s
[7431.783s][info][gc,marking     ] GC(1078) Concurrent Scan Root Regions 292.805ms
[7431.783s][info][gc,marking     ] GC(1078) Concurrent Mark
[7431.783s][info][gc,marking     ] GC(1078) Concurrent Mark From Roots
[7431.783s][info][gc,task        ] GC(1078) Using 2 workers of 2 for marking
..[7433.019s][info][gc,marking     ] GC(1078) Concurrent Mark From Roots 1235.615ms
[7433.019s][info][gc,marking     ] GC(1078) Concurrent Preclean
[7433.019s][info][gc,marking     ] GC(1078) Concurrent Preclean 0.259ms
[7433.019s][info][gc,start       ] GC(1078) Pause Remark
[7433.022s][info][metaspace      ] ChkMgr @0x00007f12f85410b0 (non-class-space): : reclaiming memory...
[7433.022s][info][metaspace      ] ChkMgr @0x00007f12f85410b0 (non-class-space): nothing reclaimed.
[7433.022s][info][metaspace      ] ChkMgr @0x00007f12f8540ef0 (class-space): : reclaiming memory...
[7433.022s][info][metaspace      ] ChkMgr @0x00007f12f8540ef0 (class-space): nothing reclaimed.
[7433.022s][info][gc             ] GC(1078) Pause Remark 4508M->4300M(10240M) 2.801ms
[7433.022s][info][gc,cpu         ] GC(1078) User=0.02s Sys=0.00s Real=0.01s
[7433.022s][info][gc,marking     ] GC(1078) Concurrent Mark 1238.979ms
[7433.022s][info][gc,marking     ] GC(1078) Concurrent Rebuild Remembered Sets and Scrub Regions
[7433.616s][info][gc,marking     ] GC(1078) Concurrent Rebuild Remembered Sets and Scrub Regions 594.268ms
[7433.617s][info][gc,start       ] GC(1078) Pause Cleanup
[7433.617s][info][gc             ] GC(1078) Pause Cleanup 4947M->4947M(10240M) 0.290ms
[7433.617s][info][gc,cpu         ] GC(1078) User=0.00s Sys=0.00s Real=0.00s
[7433.617s][info][gc,marking     ] GC(1078) Concurrent Clear Claimed Marks
[7433.617s][info][gc,marking     ] GC(1078) Concurrent Clear Claimed Marks 0.041ms
[7433.617s][info][gc,marking     ] GC(1078) Concurrent Cleanup for Next Mark
[7433.643s][info][gc,marking     ] GC(1078) Concurrent Cleanup for Next Mark 25.732ms
[7433.643s][info][gc             ] GC(1078) Concurrent Mark Cycle 2152.565ms
..[7435.714s][info][gc,start       ] GC(1079) Pause Young (Prepare Mixed) (G1 Evacuation Pause)
[7435.714s][info][gc,task        ] GC(1079) Using 8 workers of 8 for evacuation
[7435.883s][info][gc,phases      ] GC(1079)   Pre Evacuate Collection Set: 0.28ms
[7435.883s][info][gc,phases      ] GC(1079)   Merge Heap Roots: 0.72ms
[7435.883s][info][gc,phases      ] GC(1079)   Evacuate Collection Set: 165.85ms
[7435.883s][info][gc,phases      ] GC(1079)   Post Evacuate Collection Set: 1.32ms
[7435.883s][info][gc,phases      ] GC(1079)   Other: 0.08ms
[7435.883s][info][gc,heap        ] GC(1079) Eden regions: 715->0(713)
[7435.883s][info][gc,heap        ] GC(1079) Survivor regions: 53->55(96)
[7435.883s][info][gc,heap        ] GC(1079) Old regions: 252->255
[7435.883s][info][gc,heap        ] GC(1079) Humongous regions: 33->33
[7435.883s][info][gc,metaspace   ] GC(1079) Metaspace: 35329K(37952K)->35329K(37952K) NonClass: 26677K(27008K)->26677K(27008K) Class: 8652K(10944K)->8652K(10944K)
[7435.883s][info][gc             ] GC(1079) Pause Young (Prepare Mixed) (G1 Evacuation Pause) 8390M->2705M(10240M) 168.416ms
[7435.883s][info][gc,cpu         ] GC(1079) User=1.32s Sys=0.00s Real=0.17s
....[7439.558s][info][gc,start       ] GC(1080) Pause Young (Mixed) (G1 Evacuation Pause)
[7439.558s][info][gc,task        ] GC(1080) Using 8 workers of 8 for evacuation
[7439.743s][info][gc,phases      ] GC(1080)   Pre Evacuate Collection Set: 0.30ms
[7439.743s][info][gc,phases      ] GC(1080)   Merge Heap Roots: 0.84ms
[7439.743s][info][gc,phases      ] GC(1080)   Evacuate Collection Set: 182.84ms
[7439.743s][info][gc,phases      ] GC(1080)   Post Evacuate Collection Set: 1.41ms
[7439.743s][info][gc,phases      ] GC(1080)   Other: 0.08ms
[7439.743s][info][gc,heap        ] GC(1080) Eden regions: 713->0(711)
[7439.743s][info][gc,heap        ] GC(1080) Survivor regions: 55->57(96)
[7439.743s][info][gc,heap        ] GC(1080) Old regions: 255->131
[7439.743s][info][gc,heap        ] GC(1080) Humongous regions: 33->33
[7439.743s][info][gc,metaspace   ] GC(1080) Metaspace: 35330K(37952K)->35330K(37952K) NonClass: 26678K(27008K)->26678K(27008K) Class: 8652K(10944K)->8652K(10944K)
[7439.743s][info][gc             ] GC(1080) Pause Young (Mixed) (G1 Evacuation Pause) 8409M->1733M(10240M) 185.614ms
[7439.743s][info][gc,cpu         ] GC(1080) User=1.46s Sys=0.01s Real=0.19s
....[7443.396s][info][gc,start       ] GC(1081) Pause Young (Normal) (G1 Evacuation Pause)
[7443.396s][info][gc,task        ] GC(1081) Using 8 workers of 8 for evacuation
[7443.561s][info][gc,phases      ] GC(1081)   Pre Evacuate Collection Set: 0.26ms
[7443.561s][info][gc,phases      ] GC(1081)   Merge Heap Roots: 0.52ms
[7443.561s][info][gc,phases      ] GC(1081)   Evacuate Collection Set: 162.66ms
[7443.561s][info][gc,phases      ] GC(1081)   Post Evacuate Collection Set: 1.19ms
[7443.561s][info][gc,phases      ] GC(1081)   Other: 0.08ms
[7443.561s][info][gc,heap        ] GC(1081) Eden regions: 711->0(720)
[7443.561s][info][gc,heap        ] GC(1081) Survivor regions: 57->48(96)
[7443.561s][info][gc,heap        ] GC(1081) Old regions: 131->139
[7443.561s][info][gc,heap        ] GC(1081) Humongous regions: 33->33
[7443.561s][info][gc,metaspace   ] GC(1081) Metaspace: 35330K(37952K)->35330K(37952K) NonClass: 26678K(27008K)->26678K(27008K) Class: 8652K(10944K)->8652K(10944K)
[7443.561s][info][gc             ] GC(1081) Pause Young (Normal) (G1 Evacuation Pause) 7421M->1728M(10240M) 164.836ms
[7443.561s][info][gc,cpu         ] GC(1081) User=1.29s Sys=0.00s Real=0.16s
....[7447.194s][info][gc,start       ] GC(1082) Pause Young (Normal) (G1 Evacuation Pause)
[7447.194s][info][gc,task        ] GC(1082) Using 8 workers of 8 for evacuation
[7447.348s][info][gc,phases      ] GC(1082)   Pre Evacuate Collection Set: 0.26ms
[7447.348s][info][gc,phases      ] GC(1082)   Merge Heap Roots: 0.50ms
[7447.348s][info][gc,phases      ] GC(1082)   Evacuate Collection Set: 151.92ms
[7447.348s][info][gc,phases      ] GC(1082)   Post Evacuate Collection Set: 1.24ms
[7447.348s][info][gc,phases      ] GC(1082)   Other: 0.06ms
[7447.348s][info][gc,heap        ] GC(1082) Eden regions: 720->0(716)
[7447.348s][info][gc,heap        ] GC(1082) Survivor regions: 48->52(96)
[7447.348s][info][gc,heap        ] GC(1082) Old regions: 139->139
[7447.348s][info][gc,heap        ] GC(1082) Humongous regions: 33->33
[7447.348s][info][gc,metaspace   ] GC(1082) Metaspace: 35330K(37952K)->35330K(37952K) NonClass: 26678K(27008K)->26678K(27008K) Class: 8652K(10944K)->8652K(10944K)
[7447.348s][info][gc             ] GC(1082) Pause Young (Normal) (G1 Evacuation Pause) 7488M->1764M(10240M) 154.116ms
[7447.348s][info][gc,cpu         ] GC(1082) User=1.21s Sys=0.00s Real=0.15s
....[7451.004s][info][gc,start       ] GC(1083) Pause Young (Normal) (G1 Evacuation Pause)
[7451.005s][info][gc,task        ] GC(1083) Using 8 workers of 8 for evacuation
[7451.169s][info][gc,phases      ] GC(1083)   Pre Evacuate Collection Set: 0.30ms
[7451.169s][info][gc,phases      ] GC(1083)   Merge Heap Roots: 0.49ms
[7451.169s][info][gc,phases      ] GC(1083)   Evacuate Collection Set: 161.90ms
[7451.169s][info][gc,phases      ] GC(1083)   Post Evacuate Collection Set: 1.25ms
[7451.169s][info][gc,phases      ] GC(1083)   Other: 0.06ms
[7451.169s][info][gc,heap        ] GC(1083) Eden regions: 716->0(714)
[7451.169s][info][gc,heap        ] GC(1083) Survivor regions: 52->54(96)
[7451.169s][info][gc,heap        ] GC(1083) Old regions: 139->142
[7451.169s][info][gc,heap        ] GC(1083) Humongous regions: 33->33
[7451.169s][info][gc,metaspace   ] GC(1083) Metaspace: 35330K(37952K)->35330K(37952K) NonClass: 26678K(27008K)->26678K(27008K) Class: 8652K(10944K)->8652K(10944K)
[7451.169s][info][gc             ] GC(1083) Pause Young (Normal) (G1 Evacuation Pause) 7492M->1797M(10240M) 164.129ms
[7451.169s][info][gc,cpu         ] GC(1083) User=1.29s Sys=0.00s Real=0.16s
...[7454.693s][info][gc,start       ] GC(1084) Pause Young (Normal) (G1 Evacuation Pause)
[7454.693s][info][gc,task        ] GC(1084) Using 8 workers of 8 for evacuation
[7454.862s][info][gc,phases      ] GC(1084)   Pre Evacuate Collection Set: 0.27ms
[7454.862s][info][gc,phases      ] GC(1084)   Merge Heap Roots: 0.50ms
[7454.862s][info][gc,phases      ] GC(1084)   Evacuate Collection Set: 167.04ms
[7454.862s][info][gc,phases      ] GC(1084)   Post Evacuate Collection Set: 1.24ms
[7454.862s][info][gc,phases      ] GC(1084)   Other: 0.07ms
[7454.862s][info][gc,heap        ] GC(1084) Eden regions: 714->0(712)
[7454.862s][info][gc,heap        ] GC(1084) Survivor regions: 54->56(96)
[7454.862s][info][gc,heap        ] GC(1084) Old regions: 142->145
[7454.862s][info][gc,heap        ] GC(1084) Humongous regions: 33->33
[7454.862s][info][gc,metaspace   ] GC(1084) Metaspace: 35330K(37952K)->35330K(37952K) NonClass: 26678K(27008K)->26678K(27008K) Class: 8652K(10944K)->8652K(10944K)
[7454.862s][info][gc             ] GC(1084) Pause Young (Normal) (G1 Evacuation Pause) 7509M->1834M(10240M) 169.257ms
[7454.862s][info][gc,cpu         ] GC(1084) User=1.33s Sys=0.00s Real=0.17s
....[7458.493s][info][gc,start       ] GC(1085) Pause Young (Normal) (G1 Evacuation Pause)
[7458.493s][info][gc,task        ] GC(1085) Using 8 workers of 8 for evacuation
[7458.665s][info][gc,phases      ] GC(1085)   Pre Evacuate Collection Set: 0.26ms
[7458.665s][info][gc,phases      ] GC(1085)   Merge Heap Roots: 0.49ms
[7458.665s][info][gc,phases      ] GC(1085)   Evacuate Collection Set: 169.49ms
[7458.665s][info][gc,phases      ] GC(1085)   Post Evacuate Collection Set: 1.26ms
[7458.665s][info][gc,phases      ] GC(1085)   Other: 0.06ms
[7458.665s][info][gc,heap        ] GC(1085) Eden regions: 712->0(712)
[7458.665s][info][gc,heap        ] GC(1085) Survivor regions: 56->56(96)
[7458.665s][info][gc,heap        ] GC(1085) Old regions: 145->148
[7458.665s][info][gc,heap        ] GC(1085) Humongous regions: 33->33
[7458.665s][info][gc,metaspace   ] GC(1085) Metaspace: 35330K(37952K)->35330K(37952K) NonClass: 26678K(27008K)->26678K(27008K) Class: 8652K(10944K)->8652K(10944K)
[7458.665s][info][gc             ] GC(1085) Pause Young (Normal) (G1 Evacuation Pause) 7530M->1860M(10240M) 171.704ms
[7458.665s][info][gc,cpu         ] GC(1085) User=1.35s Sys=0.00s Real=0.17s
....[7462.220s][info][gc,start       ] GC(1086) Pause Young (Normal) (G1 Evacuation Pause)
[7462.220s][info][gc,task        ] GC(1086) Using 8 workers of 8 for evacuation
[7462.377s][info][gc,phases      ] GC(1086)   Pre Evacuate Collection Set: 0.27ms
[7462.377s][info][gc,phases      ] GC(1086)   Merge Heap Roots: 0.50ms
[7462.377s][info][gc,phases      ] GC(1086)   Evacuate Collection Set: 155.19ms
[7462.377s][info][gc,phases      ] GC(1086)   Post Evacuate Collection Set: 1.24ms
[7462.377s][info][gc,phases      ] GC(1086)   Other: 0.06ms
[7462.377s][info][gc,heap        ] GC(1086) Eden regions: 712->0(716)
[7462.377s][info][gc,heap        ] GC(1086) Survivor regions: 56->52(96)
[7462.377s][info][gc,heap        ] GC(1086) Old regions: 148->150
[7462.377s][info][gc,heap        ] GC(1086) Humongous regions: 33->33
[7462.377s][info][gc,metaspace   ] GC(1086) Metaspace: 35330K(37952K)->35330K(37952K) NonClass: 26678K(27008K)->26678K(27008K) Class: 8652K(10944K)->8652K(10944K)
[7462.377s][info][gc             ] GC(1086) Pause Young (Normal) (G1 Evacuation Pause) 7556M->1847M(10240M) 157.399ms
[7462.377s][info][gc,cpu         ] GC(1086) User=1.24s Sys=0.00s Real=0.16s
....[7465.993s][info][gc,start       ] GC(1087) Pause Young (Normal) (G1 Evacuation Pause)
[7465.993s][info][gc,task        ] GC(1087) Using 8 workers of 8 for evacuation
[7466.160s][info][gc,phases      ] GC(1087)   Pre Evacuate Collection Set: 0.25ms
[7466.160s][info][gc,phases      ] GC(1087)   Merge Heap Roots: 0.49ms
[7466.160s][info][gc,phases      ] GC(1087)   Evacuate Collection Set: 164.86ms
[7466.160s][info][gc,phases      ] GC(1087)   Post Evacuate Collection Set: 1.21ms
[7466.160s][info][gc,phases      ] GC(1087)   Other: 0.07ms
[7466.160s][info][gc,heap        ] GC(1087) Eden regions: 716->0(713)
[7466.160s][info][gc,heap        ] GC(1087) Survivor regions: 52->55(96)
[7466.160s][info][gc,heap        ] GC(1087) Old regions: 150->153
[7466.160s][info][gc,heap        ] GC(1087) Humongous regions: 33->33
[7466.160s][info][gc,metaspace   ] GC(1087) Metaspace: 35330K(37952K)->35330K(37952K) NonClass: 26678K(27008K)->26678K(27008K) Class: 8652K(10944K)->8652K(10944K)
[7466.160s][info][gc             ] GC(1087) Pause Young (Normal) (G1 Evacuation Pause) 7575M->1894M(10240M) 167.007ms
[7466.160s][info][gc,cpu         ] GC(1087) User=1.31s Sys=0.00s Real=0.16s
...[7469.825s][info][gc,start       ] GC(1088) Pause Young (Normal) (G1 Evacuation Pause)
[7469.825s][info][gc,task        ] GC(1088) Using 8 workers of 8 for evacuation
[7469.986s][info][gc,phases      ] GC(1088)   Pre Evacuate Collection Set: 0.25ms
[7469.986s][info][gc,phases      ] GC(1088)   Merge Heap Roots: 0.52ms
[7469.986s][info][gc,phases      ] GC(1088)   Evacuate Collection Set: 159.06ms
[7469.986s][info][gc,phases      ] GC(1088)   Post Evacuate Collection Set: 1.25ms
[7469.986s][info][gc,phases      ] GC(1088)   Other: 0.07ms
[7469.986s][info][gc,heap        ] GC(1088) Eden regions: 713->0(716)
[7469.986s][info][gc,heap        ] GC(1088) Survivor regions: 55->52(96)
[7469.986s][info][gc,heap        ] GC(1088) Old regions: 153->156
[7469.986s][info][gc,heap        ] GC(1088) Humongous regions: 33->33
[7469.986s][info][gc,metaspace   ] GC(1088) Metaspace: 35330K(37952K)->35330K(37952K) NonClass: 26678K(27008K)->26678K(27008K) Class: 8652K(10944K)->8652K(10944K)
[7469.986s][info][gc             ] GC(1088) Pause Young (Normal) (G1 Evacuation Pause) 7598M->1896M(10240M) 161.308ms
[7469.986s][info][gc,cpu         ] GC(1088) User=1.27s Sys=0.00s Real=0.16s
....[7473.561s][info][gc,start       ] GC(1089) Pause Young (Normal) (G1 Evacuation Pause)
[7473.561s][info][gc,task        ] GC(1089) Using 8 workers of 8 for evacuation
[7473.729s][info][gc,phases      ] GC(1089)   Pre Evacuate Collection Set: 0.26ms
[7473.729s][info][gc,phases      ] GC(1089)   Merge Heap Roots: 0.52ms
[7473.729s][info][gc,phases      ] GC(1089)   Evacuate Collection Set: 165.49ms
[7473.729s][info][gc,phases      ] GC(1089)   Post Evacuate Collection Set: 1.20ms
[7473.729s][info][gc,phases      ] GC(1089)   Other: 0.06ms
[7473.729s][info][gc,heap        ] GC(1089) Eden regions: 716->0(713)
[7473.729s][info][gc,heap        ] GC(1089) Survivor regions: 52->55(96)
[7473.729s][info][gc,heap        ] GC(1089) Old regions: 156->159
[7473.729s][info][gc,heap        ] GC(1089) Humongous regions: 33->33
[7473.729s][info][gc,metaspace   ] GC(1089) Metaspace: 35330K(37952K)->35330K(37952K) NonClass: 26678K(27008K)->26678K(27008K) Class: 8652K(10944K)->8652K(10944K)
[7473.729s][info][gc             ] GC(1089) Pause Young (Normal) (G1 Evacuation Pause) 7624M->1942M(10240M) 167.685ms
[7473.729s][info][gc,cpu         ] GC(1089) User=1.32s Sys=0.00s Real=0.17s
....[7477.280s][info][gc,start       ] GC(1090) Pause Young (Normal) (G1 Evacuation Pause)
[7477.280s][info][gc,task        ] GC(1090) Using 8 workers of 8 for evacuation
[7477.444s][info][gc,phases      ] GC(1090)   Pre Evacuate Collection Set: 0.26ms
[7477.444s][info][gc,phases      ] GC(1090)   Merge Heap Roots: 0.53ms
[7477.444s][info][gc,phases      ] GC(1090)   Evacuate Collection Set: 162.05ms
[7477.444s][info][gc,phases      ] GC(1090)   Post Evacuate Collection Set: 1.23ms
[7477.444s][info][gc,phases      ] GC(1090)   Other: 0.07ms
[7477.444s][info][gc,heap        ] GC(1090) Eden regions: 713->0(715)
[7477.444s][info][gc,heap        ] GC(1090) Survivor regions: 55->53(96)
[7477.444s][info][gc,heap        ] GC(1090) Old regions: 159->161
[7477.444s][info][gc,heap        ] GC(1090) Humongous regions: 33->33
[7477.444s][info][gc,metaspace   ] GC(1090) Metaspace: 35330K(37952K)->35330K(37952K) NonClass: 26678K(27008K)->26678K(27008K) Class: 8652K(10944K)->8652K(10944K)
[7477.444s][info][gc             ] GC(1090) Pause Young (Normal) (G1 Evacuation Pause) 7646M->1943M(10240M) 164.283ms
[7477.444s][info][gc,cpu         ] GC(1090) User=1.30s Sys=0.00s Real=0.17s
....[7481.056s][info][gc,start       ] GC(1091) Pause Young (Normal) (G1 Evacuation Pause)
[7481.056s][info][gc,task        ] GC(1091) Using 8 workers of 8 for evacuation
[7481.218s][info][gc,phases      ] GC(1091)   Pre Evacuate Collection Set: 0.26ms
[7481.218s][info][gc,phases      ] GC(1091)   Merge Heap Roots: 0.50ms
[7481.218s][info][gc,phases      ] GC(1091)   Evacuate Collection Set: 159.41ms
[7481.218s][info][gc,phases      ] GC(1091)   Post Evacuate Collection Set: 1.23ms
[7481.218s][info][gc,phases      ] GC(1091)   Other: 0.06ms
[7481.218s][info][gc,heap        ] GC(1091) Eden regions: 715->0(715)
[7481.218s][info][gc,heap        ] GC(1091) Survivor regions: 53->53(96)
[7481.218s][info][gc,heap        ] GC(1091) Old regions: 161->164
[7481.218s][info][gc,heap        ] GC(1091) Humongous regions: 33->33
[7481.218s][info][gc,metaspace   ] GC(1091) Metaspace: 35330K(37952K)->35330K(37952K) NonClass: 26678K(27008K)->26678K(27008K) Class: 8652K(10944K)->8652K(10944K)
[7481.218s][info][gc             ] GC(1091) Pause Young (Normal) (G1 Evacuation Pause) 7663M->1969M(10240M) 161.588ms
[7481.218s][info][gc,cpu         ] GC(1091) User=1.27s Sys=0.01s Real=0.16s
...[7484.815s][info][gc,start       ] GC(1092) Pause Young (Normal) (G1 Evacuation Pause)
[7484.815s][info][gc,task        ] GC(1092) Using 8 workers of 8 for evacuation
[7484.988s][info][gc,phases      ] GC(1092)   Pre Evacuate Collection Set: 0.25ms
[7484.988s][info][gc,phases      ] GC(1092)   Merge Heap Roots: 0.52ms
[7484.988s][info][gc,phases      ] GC(1092)   Evacuate Collection Set: 171.09ms
[7484.988s][info][gc,phases      ] GC(1092)   Post Evacuate Collection Set: 1.24ms
[7484.988s][info][gc,phases      ] GC(1092)   Other: 0.06ms
[7484.988s][info][gc,heap        ] GC(1092) Eden regions: 715->0(712)
[7484.988s][info][gc,heap        ] GC(1092) Survivor regions: 53->56(96)
[7484.988s][info][gc,heap        ] GC(1092) Old regions: 164->167
[7484.988s][info][gc,heap        ] GC(1092) Humongous regions: 33->33
[7484.988s][info][gc,metaspace   ] GC(1092) Metaspace: 35330K(37952K)->35330K(37952K) NonClass: 26678K(27008K)->26678K(27008K) Class: 8652K(10944K)->8652K(10944K)
[7484.988s][info][gc             ] GC(1092) Pause Young (Normal) (G1 Evacuation Pause) 7689M->2012M(10240M) 173.299ms
[7484.988s][info][gc,cpu         ] GC(1092) User=1.36s Sys=0.01s Real=0.17s
.. (rIR:aIR:PR = 12730:12662:12610) (tPR = 184987) [OK] 
  7485s: Performance info:
         Transaction,    Success,    Partial,     Failed,   Receipts, AvgBarcode, 
             Overall,     770028,          0,          0,     731587,      59.48, 
         Response times:
             Request,    Success,    Partial,     Failed,   SkipFail,     Probes,    Samples,      min,      p50,      p90,      p95,      p99,      max, 
       TotalPurchase,     734668,          0,          0,          0,     253399,     489127,      400,   187000,   518000,   586000,   900000, 13000000,
     InStorePurchase,     392568,          0,          0,          0,     132139,     256506,      400,   187000,   519000,   589000,  1100000, 13000000,
      OnlinePurchase,     265918,          0,          0,          0,      92660,     180261,      600,   187000,   515000,   581000,   890000, 13000000,
        InstPurchase,      76182,          0,          0,          0,      28600,      52360,      700,   185000,   533000,   585000,   830000,  8100000,
          AssocOfCat,        765,          0,          0,          0,        546,       1006,    59000,   241500,   563600,   630000,   867900,  1200000,
      AssocOfProduct,       7794,          0,          0,          0,       2921,       5336,     1800,   182000,   519300,   592150,   760000,  9200000,
      BusinessReport,       1921,          0,          0,          0,       1454,       2560,    65000,   272000,   620000,   710000,   913900,  7100000,
          CustBuyBeh,       7807,          0,          0,          0,       2994,       5291,      700,   189000,   527800,   610000,   820000,  6500000,
       ProductReturn,      20240,          0,          0,          0,       8110,      14097,      500,   186000,   553000,   620000,   940000,  8100000,

  7485s: (93%)   IR =  12868 ..[7488.640s][info][gc,start       ] GC(1093) Pause Young (Normal) (G1 Evacuation Pause)
[7488.640s][info][gc,task        ] GC(1093) Using 8 workers of 8 for evacuation
[7488.806s][info][gc,phases      ] GC(1093)   Pre Evacuate Collection Set: 0.27ms
[7488.806s][info][gc,phases      ] GC(1093)   Merge Heap Roots: 0.52ms
[7488.806s][info][gc,phases      ] GC(1093)   Evacuate Collection Set: 163.86ms
[7488.806s][info][gc,phases      ] GC(1093)   Post Evacuate Collection Set: 1.25ms
[7488.806s][info][gc,phases      ] GC(1093)   Other: 0.06ms
[7488.806s][info][gc,heap        ] GC(1093) Eden regions: 712->0(714)
[7488.806s][info][gc,heap        ] GC(1093) Survivor regions: 56->54(96)
[7488.806s][info][gc,heap        ] GC(1093) Old regions: 167->170
[7488.806s][info][gc,heap        ] GC(1093) Humongous regions: 33->33
[7488.806s][info][gc,metaspace   ] GC(1093) Metaspace: 35330K(37952K)->35330K(37952K) NonClass: 26678K(27008K)->26678K(27008K) Class: 8652K(10944K)->8652K(10944K)
[7488.806s][info][gc             ] GC(1093) Pause Young (Normal) (G1 Evacuation Pause) 7708M->2019M(10240M) 166.098ms
[7488.806s][info][gc,cpu         ] GC(1093) User=1.31s Sys=0.00s Real=0.17s
....[7492.422s][info][gc,start       ] GC(1094) Pause Young (Normal) (G1 Evacuation Pause)
[7492.422s][info][gc,task        ] GC(1094) Using 8 workers of 8 for evacuation
[7492.586s][info][gc,phases      ] GC(1094)   Pre Evacuate Collection Set: 0.28ms
[7492.586s][info][gc,phases      ] GC(1094)   Merge Heap Roots: 0.55ms
[7492.586s][info][gc,phases      ] GC(1094)   Evacuate Collection Set: 162.51ms
[7492.586s][info][gc,phases      ] GC(1094)   Post Evacuate Collection Set: 1.28ms
[7492.586s][info][gc,phases      ] GC(1094)   Other: 0.07ms
[7492.586s][info][gc,heap        ] GC(1094) Eden regions: 714->0(715)
[7492.586s][info][gc,heap        ] GC(1094) Survivor regions: 54->53(96)
[7492.586s][info][gc,heap        ] GC(1094) Old regions: 170->173
[7492.586s][info][gc,heap        ] GC(1094) Humongous regions: 33->33
[7492.586s][info][gc,metaspace   ] GC(1094) Metaspace: 35330K(37952K)->35330K(37952K) NonClass: 26678K(27008K)->26678K(27008K) Class: 8652K(10944K)->8652K(10944K)
[7492.587s][info][gc             ] GC(1094) Pause Young (Normal) (G1 Evacuation Pause) 7731M->2034M(10240M) 164.822ms
[7492.587s][info][gc,cpu         ] GC(1094) User=1.30s Sys=0.00s Real=0.17s
....[7496.266s][info][gc,start       ] GC(1095) Pause Young (Normal) (G1 Evacuation Pause)
[7496.267s][info][gc,task        ] GC(1095) Using 8 workers of 8 for evacuation
[7496.429s][info][gc,phases      ] GC(1095)   Pre Evacuate Collection Set: 0.27ms
[7496.429s][info][gc,phases      ] GC(1095)   Merge Heap Roots: 0.52ms
[7496.429s][info][gc,phases      ] GC(1095)   Evacuate Collection Set: 160.23ms
[7496.429s][info][gc,phases      ] GC(1095)   Post Evacuate Collection Set: 1.31ms
[7496.429s][info][gc,phases      ] GC(1095)   Other: 0.07ms
[7496.429s][info][gc,heap        ] GC(1095) Eden regions: 715->0(716)
[7496.429s][info][gc,heap        ] GC(1095) Survivor regions: 53->52(96)
[7496.429s][info][gc,heap        ] GC(1095) Old regions: 173->176
[7496.429s][info][gc,heap        ] GC(1095) Humongous regions: 33->33
[7496.429s][info][gc,metaspace   ] GC(1095) Metaspace: 35330K(37952K)->35330K(37952K) NonClass: 26678K(27008K)->26678K(27008K) Class: 8652K(10944K)->8652K(10944K)
[7496.429s][info][gc             ] GC(1095) Pause Young (Normal) (G1 Evacuation Pause) 7754M->2049M(10240M) 162.527ms
[7496.429s][info][gc,cpu         ] GC(1095) User=1.27s Sys=0.01s Real=0.16s
...[7500.093s][info][gc,start       ] GC(1096) Pause Young (Normal) (G1 Evacuation Pause)
[7500.093s][info][gc,task        ] GC(1096) Using 8 workers of 8 for evacuation
[7500.260s][info][gc,phases      ] GC(1096)   Pre Evacuate Collection Set: 0.26ms
[7500.260s][info][gc,phases      ] GC(1096)   Merge Heap Roots: 0.50ms
[7500.260s][info][gc,phases      ] GC(1096)   Evacuate Collection Set: 165.41ms
[7500.260s][info][gc,phases      ] GC(1096)   Post Evacuate Collection Set: 1.24ms
[7500.260s][info][gc,phases      ] GC(1096)   Other: 0.07ms
[7500.260s][info][gc,heap        ] GC(1096) Eden regions: 716->0(713)
[7500.260s][info][gc,heap        ] GC(1096) Survivor regions: 52->55(96)
[7500.260s][info][gc,heap        ] GC(1096) Old regions: 176->178
[7500.260s][info][gc,heap        ] GC(1096) Humongous regions: 33->33
[7500.260s][info][gc,metaspace   ] GC(1096) Metaspace: 35330K(37952K)->35330K(37952K) NonClass: 26678K(27008K)->26678K(27008K) Class: 8652K(10944K)->8652K(10944K)
[7500.260s][info][gc             ] GC(1096) Pause Young (Normal) (G1 Evacuation Pause) 7777M->2095M(10240M) 167.644ms
[7500.260s][info][gc,cpu         ] GC(1096) User=1.32s Sys=0.00s Real=0.16s
....[7503.886s][info][gc,start       ] GC(1097) Pause Young (Normal) (G1 Evacuation Pause)
[7503.886s][info][gc,task        ] GC(1097) Using 8 workers of 8 for evacuation
[7504.049s][info][gc,phases      ] GC(1097)   Pre Evacuate Collection Set: 0.26ms
[7504.049s][info][gc,phases      ] GC(1097)   Merge Heap Roots: 0.53ms
[7504.049s][info][gc,phases      ] GC(1097)   Evacuate Collection Set: 161.21ms
[7504.049s][info][gc,phases      ] GC(1097)   Post Evacuate Collection Set: 1.24ms
[7504.049s][info][gc,phases      ] GC(1097)   Other: 0.07ms
[7504.049s][info][gc,heap        ] GC(1097) Eden regions: 713->0(715)
[7504.049s][info][gc,heap        ] GC(1097) Survivor regions: 55->53(96)
[7504.049s][info][gc,heap        ] GC(1097) Old regions: 178->181
[7504.049s][info][gc,heap        ] GC(1097) Humongous regions: 33->33
[7504.049s][info][gc,metaspace   ] GC(1097) Metaspace: 35330K(37952K)->35330K(37952K) NonClass: 26678K(27008K)->26678K(27008K) Class: 8652K(10944K)->8652K(10944K)
[7504.049s][info][gc             ] GC(1097) Pause Young (Normal) (G1 Evacuation Pause) 7799M->2105M(10240M) 163.439ms
[7504.049s][info][gc,cpu         ] GC(1097) User=1.28s Sys=0.01s Real=0.16s
....[7507.528s][info][gc,start       ] GC(1098) Pause Young (Normal) (G1 Evacuation Pause)
[7507.528s][info][gc,task        ] GC(1098) Using 8 workers of 8 for evacuation
[7507.690s][info][gc,phases      ] GC(1098)   Pre Evacuate Collection Set: 0.28ms
[7507.690s][info][gc,phases      ] GC(1098)   Merge Heap Roots: 0.55ms
[7507.690s][info][gc,phases      ] GC(1098)   Evacuate Collection Set: 159.72ms
[7507.690s][info][gc,phases      ] GC(1098)   Post Evacuate Collection Set: 1.23ms
[7507.690s][info][gc,phases      ] GC(1098)   Other: 0.06ms
[7507.690s][info][gc,heap        ] GC(1098) Eden regions: 715->0(716)
[7507.690s][info][gc,heap        ] GC(1098) Survivor regions: 53->52(96)
[7507.690s][info][gc,heap        ] GC(1098) Old regions: 181->184
[7507.690s][info][gc,heap        ] GC(1098) Humongous regions: 33->33
[7507.690s][info][gc,metaspace   ] GC(1098) Metaspace: 35330K(37952K)->35330K(37952K) NonClass: 26678K(27008K)->26678K(27008K) Class: 8652K(10944K)->8652K(10944K)
[7507.690s][info][gc             ] GC(1098) Pause Young (Normal) (G1 Evacuation Pause) 7825M->2118M(10240M) 161.992ms
[7507.690s][info][gc,cpu         ] GC(1098) User=1.28s Sys=0.00s Real=0.16s
....[7511.372s][info][gc,start       ] GC(1099) Pause Young (Normal) (G1 Evacuation Pause)
[7511.372s][info][gc,task        ] GC(1099) Using 8 workers of 8 for evacuation
[7511.541s][info][gc,phases      ] GC(1099)   Pre Evacuate Collection Set: 0.27ms
[7511.541s][info][gc,phases      ] GC(1099)   Merge Heap Roots: 0.55ms
[7511.541s][info][gc,phases      ] GC(1099)   Evacuate Collection Set: 166.55ms
[7511.541s][info][gc,phases      ] GC(1099)   Post Evacuate Collection Set: 1.23ms
[7511.541s][info][gc,phases      ] GC(1099)   Other: 0.07ms
[7511.541s][info][gc,heap        ] GC(1099) Eden regions: 716->0(713)
[7511.541s][info][gc,heap        ] GC(1099) Survivor regions: 52->55(96)
[7511.541s][info][gc,heap        ] GC(1099) Old regions: 184->186
[7511.541s][info][gc,heap        ] GC(1099) Humongous regions: 33->33
[7511.541s][info][gc,metaspace   ] GC(1099) Metaspace: 35330K(37952K)->35330K(37952K) NonClass: 26678K(27008K)->26678K(27008K) Class: 8652K(10944K)->8652K(10944K)
[7511.541s][info][gc             ] GC(1099) Pause Young (Normal) (G1 Evacuation Pause) 7846M->2160M(10240M) 168.794ms
[7511.541s][info][gc,cpu         ] GC(1099) User=1.33s Sys=0.00s Real=0.16s
...[7515.193s][info][gc,start       ] GC(1100) Pause Young (Normal) (G1 Evacuation Pause)
[7515.193s][info][gc,task        ] GC(1100) Using 8 workers of 8 for evacuation
[7515.355s][info][gc,phases      ] GC(1100)   Pre Evacuate Collection Set: 0.26ms
[7515.355s][info][gc,phases      ] GC(1100)   Merge Heap Roots: 0.50ms
[7515.355s][info][gc,phases      ] GC(1100)   Evacuate Collection Set: 159.61ms
[7515.355s][info][gc,phases      ] GC(1100)   Post Evacuate Collection Set: 1.22ms
[7515.355s][info][gc,phases      ] GC(1100)   Other: 0.06ms
[7515.355s][info][gc,heap        ] GC(1100) Eden regions: 713->0(715)
[7515.355s][info][gc,heap        ] GC(1100) Survivor regions: 55->53(96)
[7515.355s][info][gc,heap        ] GC(1100) Old regions: 186->189
[7515.355s][info][gc,heap        ] GC(1100) Humongous regions: 33->33
[7515.355s][info][gc,metaspace   ] GC(1100) Metaspace: 35330K(37952K)->35330K(37952K) NonClass: 26678K(27008K)->26678K(27008K) Class: 8652K(10944K)->8652K(10944K)
[7515.355s][info][gc             ] GC(1100) Pause Young (Normal) (G1 Evacuation Pause) 7864M->2164M(10240M) 161.805ms
[7515.355s][info][gc,cpu         ] GC(1100) User=1.28s Sys=0.00s Real=0.16s
.. (rIR:aIR:PR = 12868:12998:12649) (tPR = 189163) [IR is over limit] [PR is under limit] 
  7516s: Performance info:
         Transaction,    Success,    Partial,     Failed,   Receipts, AvgBarcode, 
             Overall,     254628,          0,          0,     242054,      59.47, 
         Response times:
             Request,    Success,    Partial,     Failed,   SkipFail,     Probes,    Samples,      min,      p50,      p90,      p95,      p99,      max, 
       TotalPurchase,     248683,          0,          0,          0,      89508,     181292,      600,   273000,   540000,   670000,   940000, 15000000,
     InStorePurchase,     130466,          0,          0,          0,      46876,      95329,      900,   272000,   555000,   680000,  1100000, 15000000,
      OnlinePurchase,      92280,          0,          0,          0,      32702,      66729,      700,   276000,   542000,   670000,   850000, 15000000,
        InstPurchase,      25937,          0,          0,          0,       9930,      19234,      600,   271000,   504000,   572250,   680000,  3300000,
          AssocOfCat,        262,          0,          0,          0,        206,        403,    56000,   315000,   612000,   780000,  1296000,  1400000,
      AssocOfProduct,       2660,          0,          0,          0,       1142,       2081,     4400,   274000,   551000,   690000,   820000,  1500000,
      BusinessReport,        643,          0,          0,          0,        503,        991,    72000,   335000,   670000,   790000,  1200000,  2300000,
          CustBuyBeh,       2602,          0,          0,          0,       1071,       1971,     2100,   273000,   542600,   640000,  1000000,  1200000,
       ProductReturn,       6805,          0,          0,          0,       2578,       4742,      700,   276000,   525000,   589000,   720000,  2200000,

  7516s: 
  7516s: Failed, 8 overall retries left, retrying 1 of 1
  7516s: (93%)   IR =  12868 ..[7518.918s][info][gc,start       ] GC(1101) Pause Young (Normal) (G1 Evacuation Pause)
[7518.918s][info][gc,task        ] GC(1101) Using 8 workers of 8 for evacuation
[7519.086s][info][gc,phases      ] GC(1101)   Pre Evacuate Collection Set: 0.27ms
[7519.086s][info][gc,phases      ] GC(1101)   Merge Heap Roots: 0.49ms
[7519.086s][info][gc,phases      ] GC(1101)   Evacuate Collection Set: 165.21ms
[7519.086s][info][gc,phases      ] GC(1101)   Post Evacuate Collection Set: 1.24ms
[7519.086s][info][gc,phases      ] GC(1101)   Other: 0.06ms
[7519.086s][info][gc,heap        ] GC(1101) Eden regions: 715->0(714)
[7519.086s][info][gc,heap        ] GC(1101) Survivor regions: 53->54(96)
[7519.086s][info][gc,heap        ] GC(1101) Old regions: 189->192
[7519.086s][info][gc,heap        ] GC(1101) Humongous regions: 33->33
[7519.086s][info][gc,metaspace   ] GC(1101) Metaspace: 35331K(37952K)->35331K(37952K) NonClass: 26679K(27008K)->26679K(27008K) Class: 8652K(10944K)->8652K(10944K)
[7519.086s][info][gc             ] GC(1101) Pause Young (Normal) (G1 Evacuation Pause) 7884M->2194M(10240M) 167.408ms
[7519.086s][info][gc,cpu         ] GC(1101) User=1.32s Sys=0.00s Real=0.17s
....[7522.685s][info][gc,start       ] GC(1102) Pause Young (Normal) (G1 Evacuation Pause)
[7522.685s][info][gc,task        ] GC(1102) Using 8 workers of 8 for evacuation
[7522.846s][info][gc,phases      ] GC(1102)   Pre Evacuate Collection Set: 0.28ms
[7522.846s][info][gc,phases      ] GC(1102)   Merge Heap Roots: 0.51ms
[7522.846s][info][gc,phases      ] GC(1102)   Evacuate Collection Set: 158.47ms
[7522.846s][info][gc,phases      ] GC(1102)   Post Evacuate Collection Set: 1.26ms
[7522.846s][info][gc,phases      ] GC(1102)   Other: 0.07ms
[7522.846s][info][gc,heap        ] GC(1102) Eden regions: 714->0(715)
[7522.846s][info][gc,heap        ] GC(1102) Survivor regions: 54->53(96)
[7522.846s][info][gc,heap        ] GC(1102) Old regions: 192->194
[7522.846s][info][gc,heap        ] GC(1102) Humongous regions: 33->33
[7522.846s][info][gc,metaspace   ] GC(1102) Metaspace: 35331K(37952K)->35331K(37952K) NonClass: 26679K(27008K)->26679K(27008K) Class: 8652K(10944K)->8652K(10944K)
[7522.846s][info][gc             ] GC(1102) Pause Young (Normal) (G1 Evacuation Pause) 7906M->2212M(10240M) 160.739ms
[7522.846s][info][gc,cpu         ] GC(1102) User=1.25s Sys=0.01s Real=0.16s
...[7526.358s][info][gc,start       ] GC(1103) Pause Young (Normal) (G1 Evacuation Pause)
[7526.358s][info][gc,task        ] GC(1103) Using 8 workers of 8 for evacuation
[7526.525s][info][gc,phases      ] GC(1103)   Pre Evacuate Collection Set: 0.30ms
[7526.525s][info][gc,phases      ] GC(1103)   Merge Heap Roots: 0.59ms
[7526.525s][info][gc,phases      ] GC(1103)   Evacuate Collection Set: 164.43ms
[7526.525s][info][gc,phases      ] GC(1103)   Post Evacuate Collection Set: 1.27ms
[7526.525s][info][gc,phases      ] GC(1103)   Other: 0.07ms
[7526.525s][info][gc,heap        ] GC(1103) Eden regions: 715->0(714)
[7526.525s][info][gc,heap        ] GC(1103) Survivor regions: 53->54(96)
[7526.525s][info][gc,heap        ] GC(1103) Old regions: 194->197
[7526.525s][info][gc,heap        ] GC(1103) Humongous regions: 33->33
[7526.525s][info][gc,metaspace   ] GC(1103) Metaspace: 35331K(37952K)->35331K(37952K) NonClass: 26679K(27008K)->26679K(27008K) Class: 8652K(10944K)->8652K(10944K)
[7526.525s][info][gc             ] GC(1103) Pause Young (Normal) (G1 Evacuation Pause) 7932M->2241M(10240M) 166.806ms
[7526.525s][info][gc,cpu         ] GC(1103) User=1.31s Sys=0.00s Real=0.17s
....[7530.154s][info][gc,start       ] GC(1104) Pause Young (Normal) (G1 Evacuation Pause)
[7530.154s][info][gc,task        ] GC(1104) Using 8 workers of 8 for evacuation
[7530.318s][info][gc,phases      ] GC(1104)   Pre Evacuate Collection Set: 0.27ms
[7530.318s][info][gc,phases      ] GC(1104)   Merge Heap Roots: 0.53ms
[7530.318s][info][gc,phases      ] GC(1104)   Evacuate Collection Set: 161.46ms
[7530.318s][info][gc,phases      ] GC(1104)   Post Evacuate Collection Set: 1.21ms
[7530.318s][info][gc,phases      ] GC(1104)   Other: 0.07ms
[7530.318s][info][gc,heap        ] GC(1104) Eden regions: 714->0(715)
[7530.318s][info][gc,heap        ] GC(1104) Survivor regions: 54->53(96)
[7530.318s][info][gc,heap        ] GC(1104) Old regions: 197->200
[7530.318s][info][gc,heap        ] GC(1104) Humongous regions: 33->33
[7530.318s][info][gc,metaspace   ] GC(1104) Metaspace: 35331K(37952K)->35331K(37952K) NonClass: 26679K(27008K)->26679K(27008K) Class: 8652K(10944K)->8652K(10944K)
[7530.318s][info][gc             ] GC(1104) Pause Young (Normal) (G1 Evacuation Pause) 7953M->2256M(10240M) 163.663ms
[7530.318s][info][gc,cpu         ] GC(1104) User=1.28s Sys=0.01s Real=0.16s
...|.[7533.964s][info][gc,start       ] GC(1105) Pause Young (Normal) (G1 Evacuation Pause)
[7533.964s][info][gc,task        ] GC(1105) Using 8 workers of 8 for evacuation
[7534.131s][info][gc,phases      ] GC(1105)   Pre Evacuate Collection Set: 0.26ms
[7534.132s][info][gc,phases      ] GC(1105)   Merge Heap Roots: 0.52ms
[7534.132s][info][gc,phases      ] GC(1105)   Evacuate Collection Set: 165.64ms
[7534.132s][info][gc,phases      ] GC(1105)   Post Evacuate Collection Set: 1.25ms
[7534.132s][info][gc,phases      ] GC(1105)   Other: 0.06ms
[7534.132s][info][gc,heap        ] GC(1105) Eden regions: 715->0(714)
[7534.132s][info][gc,heap        ] GC(1105) Survivor regions: 53->54(96)
[7534.132s][info][gc,heap        ] GC(1105) Old regions: 200->203
[7534.132s][info][gc,heap        ] GC(1105) Humongous regions: 33->33
[7534.132s][info][gc,metaspace   ] GC(1105) Metaspace: 35331K(37952K)->35331K(37952K) NonClass: 26679K(27008K)->26679K(27008K) Class: 8652K(10944K)->8652K(10944K)
[7534.132s][info][gc             ] GC(1105) Pause Young (Normal) (G1 Evacuation Pause) 7976M->2286M(10240M) 167.876ms
[7534.132s][info][gc,cpu         ] GC(1105) User=1.32s Sys=0.01s Real=0.16s
....[7537.776s][info][gc,start       ] GC(1106) Pause Young (Normal) (G1 Evacuation Pause)
[7537.776s][info][gc,task        ] GC(1106) Using 8 workers of 8 for evacuation
[7537.940s][info][gc,phases      ] GC(1106)   Pre Evacuate Collection Set: 0.27ms
[7537.940s][info][gc,phases      ] GC(1106)   Merge Heap Roots: 0.51ms
[7537.940s][info][gc,phases      ] GC(1106)   Evacuate Collection Set: 162.32ms
[7537.940s][info][gc,phases      ] GC(1106)   Post Evacuate Collection Set: 1.22ms
[7537.940s][info][gc,phases      ] GC(1106)   Other: 0.06ms
[7537.940s][info][gc,heap        ] GC(1106) Eden regions: 714->0(714)
[7537.940s][info][gc,heap        ] GC(1106) Survivor regions: 54->54(96)
[7537.940s][info][gc,heap        ] GC(1106) Old regions: 203->206
[7537.940s][info][gc,heap        ] GC(1106) Humongous regions: 33->33
[7537.940s][info][gc,metaspace   ] GC(1106) Metaspace: 35331K(37952K)->35331K(37952K) NonClass: 26679K(27008K)->26679K(27008K) Class: 8652K(10944K)->8652K(10944K)
[7537.940s][info][gc             ] GC(1106) Pause Young (Normal) (G1 Evacuation Pause) 7998M->2308M(10240M) 164.517ms
[7537.940s][info][gc,cpu         ] GC(1106) User=1.29s Sys=0.00s Real=0.16s
...[7541.491s][info][gc,start       ] GC(1107) Pause Young (Normal) (G1 Evacuation Pause)
[7541.491s][info][gc,task        ] GC(1107) Using 8 workers of 8 for evacuation
[7541.654s][info][gc,phases      ] GC(1107)   Pre Evacuate Collection Set: 0.27ms
[7541.654s][info][gc,phases      ] GC(1107)   Merge Heap Roots: 0.50ms
[7541.654s][info][gc,phases      ] GC(1107)   Evacuate Collection Set: 161.23ms
[7541.654s][info][gc,phases      ] GC(1107)   Post Evacuate Collection Set: 1.18ms
[7541.654s][info][gc,phases      ] GC(1107)   Other: 0.06ms
[7541.654s][info][gc,heap        ] GC(1107) Eden regions: 714->0(715)
[7541.654s][info][gc,heap        ] GC(1107) Survivor regions: 54->53(96)
[7541.654s][info][gc,heap        ] GC(1107) Old regions: 206->208
[7541.654s][info][gc,heap        ] GC(1107) Humongous regions: 33->33
[7541.654s][info][gc,metaspace   ] GC(1107) Metaspace: 35331K(37952K)->35331K(37952K) NonClass: 26679K(27008K)->26679K(27008K) Class: 8652K(10944K)->8652K(10944K)
[7541.654s][info][gc             ] GC(1107) Pause Young (Normal) (G1 Evacuation Pause) 8020M->2322M(10240M) 163.394ms
[7541.654s][info][gc,cpu         ] GC(1107) User=1.29s Sys=0.00s Real=0.17s
....[7545.330s][info][gc,start       ] GC(1108) Pause Young (Normal) (G1 Evacuation Pause)
[7545.330s][info][gc,task        ] GC(1108) Using 8 workers of 8 for evacuation
[7545.507s][info][gc,phases      ] GC(1108)   Pre Evacuate Collection Set: 0.29ms
[7545.507s][info][gc,phases      ] GC(1108)   Merge Heap Roots: 0.50ms
[7545.507s][info][gc,phases      ] GC(1108)   Evacuate Collection Set: 174.35ms
[7545.507s][info][gc,phases      ] GC(1108)   Post Evacuate Collection Set: 1.26ms
[7545.507s][info][gc,phases      ] GC(1108)   Other: 0.08ms
[7545.507s][info][gc,heap        ] GC(1108) Eden regions: 715->0(711)
[7545.507s][info][gc,heap        ] GC(1108) Survivor regions: 53->57(96)
[7545.507s][info][gc,heap        ] GC(1108) Old regions: 208->211
[7545.507s][info][gc,heap        ] GC(1108) Humongous regions: 33->33
[7545.507s][info][gc,metaspace   ] GC(1108) Metaspace: 35331K(37952K)->35331K(37952K) NonClass: 26679K(27008K)->26679K(27008K) Class: 8652K(10944K)->8652K(10944K)
[7545.507s][info][gc             ] GC(1108) Pause Young (Normal) (G1 Evacuation Pause) 8042M->2376M(10240M) 176.610ms
[7545.507s][info][gc,cpu         ] GC(1108) User=1.39s Sys=0.00s Real=0.18s
....[7549.081s][info][gc,start       ] GC(1109) Pause Young (Normal) (G1 Evacuation Pause)
[7549.081s][info][gc,task        ] GC(1109) Using 8 workers of 8 for evacuation
[7549.242s][info][gc,phases      ] GC(1109)   Pre Evacuate Collection Set: 0.29ms
[7549.242s][info][gc,phases      ] GC(1109)   Merge Heap Roots: 0.51ms
[7549.242s][info][gc,phases      ] GC(1109)   Evacuate Collection Set: 158.92ms
[7549.242s][info][gc,phases      ] GC(1109)   Post Evacuate Collection Set: 1.23ms
[7549.242s][info][gc,phases      ] GC(1109)   Other: 0.06ms
[7549.242s][info][gc,heap        ] GC(1109) Eden regions: 711->0(721)
[7549.242s][info][gc,heap        ] GC(1109) Survivor regions: 57->47(96)
[7549.242s][info][gc,heap        ] GC(1109) Old regions: 211->219
[7549.242s][info][gc,heap        ] GC(1109) Humongous regions: 33->33
[7549.242s][info][gc,metaspace   ] GC(1109) Metaspace: 35331K(37952K)->35331K(37952K) NonClass: 26679K(27008K)->26679K(27008K) Class: 8652K(10944K)->8652K(10944K)
[7549.242s][info][gc             ] GC(1109) Pause Young (Normal) (G1 Evacuation Pause) 8064M->2360M(10240M) 161.149ms
[7549.242s][info][gc,cpu         ] GC(1109) User=1.27s Sys=0.00s Real=0.17s
....[7552.788s][info][gc,start       ] GC(1110) Pause Young (Normal) (G1 Evacuation Pause)
[7552.788s][info][gc,task        ] GC(1110) Using 8 workers of 8 for evacuation
[7552.948s][info][gc,phases      ] GC(1110)   Pre Evacuate Collection Set: 0.25ms
[7552.948s][info][gc,phases      ] GC(1110)   Merge Heap Roots: 0.50ms
[7552.948s][info][gc,phases      ] GC(1110)   Evacuate Collection Set: 157.93ms
[7552.948s][info][gc,phases      ] GC(1110)   Post Evacuate Collection Set: 1.21ms
[7552.948s][info][gc,phases      ] GC(1110)   Other: 0.07ms
[7552.948s][info][gc,heap        ] GC(1110) Eden regions: 721->0(714)
[7552.948s][info][gc,heap        ] GC(1110) Survivor regions: 47->54(96)
[7552.948s][info][gc,heap        ] GC(1110) Old regions: 219->219
[7552.948s][info][gc,heap        ] GC(1110) Humongous regions: 33->33
[7552.948s][info][gc,metaspace   ] GC(1110) Metaspace: 35331K(37952K)->35331K(37952K) NonClass: 26679K(27008K)->26679K(27008K) Class: 8652K(10944K)->8652K(10944K)
[7552.948s][info][gc             ] GC(1110) Pause Young (Normal) (G1 Evacuation Pause) 8128M->2420M(10240M) 160.120ms
[7552.948s][info][gc,cpu         ] GC(1110) User=1.26s Sys=0.00s Real=0.16s
...[7556.600s][info][gc,start       ] GC(1111) Pause Young (Normal) (G1 Evacuation Pause)
[7556.600s][info][gc,task        ] GC(1111) Using 8 workers of 8 for evacuation
[7556.770s][info][gc,phases      ] GC(1111)   Pre Evacuate Collection Set: 0.24ms
[7556.770s][info][gc,phases      ] GC(1111)   Merge Heap Roots: 0.53ms
[7556.770s][info][gc,phases      ] GC(1111)   Evacuate Collection Set: 168.18ms
[7556.770s][info][gc,phases      ] GC(1111)   Post Evacuate Collection Set: 1.19ms
[7556.770s][info][gc,phases      ] GC(1111)   Other: 0.06ms
[7556.770s][info][gc,heap        ] GC(1111) Eden regions: 714->0(714)
[7556.770s][info][gc,heap        ] GC(1111) Survivor regions: 54->54(96)
[7556.770s][info][gc,heap        ] GC(1111) Old regions: 219->222
[7556.770s][info][gc,heap        ] GC(1111) Humongous regions: 33->33
[7556.770s][info][gc,metaspace   ] GC(1111) Metaspace: 35331K(37952K)->35331K(37952K) NonClass: 26679K(27008K)->26679K(27008K) Class: 8652K(10944K)->8652K(10944K)
[7556.770s][info][gc             ] GC(1111) Pause Young (Normal) (G1 Evacuation Pause) 8132M->2437M(10240M) 170.327ms
[7556.770s][info][gc,cpu         ] GC(1111) User=1.34s Sys=0.00s Real=0.17s
....[7560.366s][info][gc,start       ] GC(1112) Pause Young (Normal) (G1 Evacuation Pause)
[7560.366s][info][gc,task        ] GC(1112) Using 8 workers of 8 for evacuation
[7560.530s][info][gc,phases      ] GC(1112)   Pre Evacuate Collection Set: 0.26ms
[7560.530s][info][gc,phases      ] GC(1112)   Merge Heap Roots: 0.58ms
[7560.530s][info][gc,phases      ] GC(1112)   Evacuate Collection Set: 161.66ms
[7560.530s][info][gc,phases      ] GC(1112)   Post Evacuate Collection Set: 1.22ms
[7560.530s][info][gc,phases      ] GC(1112)   Other: 0.06ms
[7560.530s][info][gc,heap        ] GC(1112) Eden regions: 714->0(714)
[7560.530s][info][gc,heap        ] GC(1112) Survivor regions: 54->54(96)
[7560.530s][info][gc,heap        ] GC(1112) Old regions: 222->225
[7560.530s][info][gc,heap        ] GC(1112) Humongous regions: 33->33
[7560.530s][info][gc,metaspace   ] GC(1112) Metaspace: 35331K(37952K)->35331K(37952K) NonClass: 26679K(27008K)->26679K(27008K) Class: 8652K(10944K)->8652K(10944K)
[7560.530s][info][gc             ] GC(1112) Pause Young (Normal) (G1 Evacuation Pause) 8149M->2458M(10240M) 163.918ms
[7560.530s][info][gc,cpu         ] GC(1112) User=1.28s Sys=0.00s Real=0.16s
....[7564.051s][info][gc,start       ] GC(1113) Pause Young (Normal) (G1 Evacuation Pause)
[7564.051s][info][gc,task        ] GC(1113) Using 8 workers of 8 for evacuation
[7564.221s][info][gc,phases      ] GC(1113)   Pre Evacuate Collection Set: 0.26ms
[7564.221s][info][gc,phases      ] GC(1113)   Merge Heap Roots: 0.51ms
[7564.221s][info][gc,phases      ] GC(1113)   Evacuate Collection Set: 167.67ms
[7564.221s][info][gc,phases      ] GC(1113)   Post Evacuate Collection Set: 1.25ms
[7564.221s][info][gc,phases      ] GC(1113)   Other: 0.08ms
[7564.221s][info][gc,heap        ] GC(1113) Eden regions: 714->0(713)
[7564.221s][info][gc,heap        ] GC(1113) Survivor regions: 54->55(96)
[7564.221s][info][gc,heap        ] GC(1113) Old regions: 225->228
[7564.221s][info][gc,heap        ] GC(1113) Humongous regions: 33->33
[7564.221s][info][gc,metaspace   ] GC(1113) Metaspace: 35331K(37952K)->35331K(37952K) NonClass: 26679K(27008K)->26679K(27008K) Class: 8652K(10944K)->8652K(10944K)
[7564.221s][info][gc             ] GC(1113) Pause Young (Normal) (G1 Evacuation Pause) 8170M->2489M(10240M) 169.909ms
[7564.221s][info][gc,cpu         ] GC(1113) User=1.33s Sys=0.00s Real=0.17s
....[7567.880s][info][gc,start       ] GC(1114) Pause Young (Normal) (G1 Evacuation Pause)
[7567.880s][info][gc,task        ] GC(1114) Using 8 workers of 8 for evacuation
[7568.040s][info][gc,phases      ] GC(1114)   Pre Evacuate Collection Set: 0.28ms
[7568.040s][info][gc,phases      ] GC(1114)   Merge Heap Roots: 0.51ms
[7568.040s][info][gc,phases      ] GC(1114)   Evacuate Collection Set: 158.59ms
[7568.040s][info][gc,phases      ] GC(1114)   Post Evacuate Collection Set: 1.22ms
[7568.040s][info][gc,phases      ] GC(1114)   Other: 0.07ms
[7568.040s][info][gc,heap        ] GC(1114) Eden regions: 713->0(716)
[7568.040s][info][gc,heap        ] GC(1114) Survivor regions: 55->52(96)
[7568.040s][info][gc,heap        ] GC(1114) Old regions: 228->230
[7568.040s][info][gc,heap        ] GC(1114) Humongous regions: 33->33
[7568.040s][info][gc,metaspace   ] GC(1114) Metaspace: 35331K(37952K)->35331K(37952K) NonClass: 26679K(27008K)->26679K(27008K) Class: 8652K(10944K)->8652K(10944K)
[7568.040s][info][gc             ] GC(1114) Pause Young (Normal) (G1 Evacuation Pause) 8193M->2491M(10240M) 160.807ms
[7568.040s][info][gc,cpu         ] GC(1114) User=1.27s Sys=0.00s Real=0.16s
...[7571.686s][info][gc,start       ] GC(1115) Pause Young (Normal) (G1 Evacuation Pause)
[7571.686s][info][gc,task        ] GC(1115) Using 8 workers of 8 for evacuation
[7571.847s][info][gc,phases      ] GC(1115)   Pre Evacuate Collection Set: 0.25ms
[7571.847s][info][gc,phases      ] GC(1115)   Merge Heap Roots: 0.54ms
[7571.847s][info][gc,phases      ] GC(1115)   Evacuate Collection Set: 159.08ms
[7571.847s][info][gc,phases      ] GC(1115)   Post Evacuate Collection Set: 1.23ms
[7571.847s][info][gc,phases      ] GC(1115)   Other: 0.07ms
[7571.847s][info][gc,heap        ] GC(1115) Eden regions: 716->0(716)
[7571.847s][info][gc,heap        ] GC(1115) Survivor regions: 52->52(96)
[7571.847s][info][gc,heap        ] GC(1115) Old regions: 230->233
[7571.847s][info][gc,heap        ] GC(1115) Humongous regions: 33->33
[7571.847s][info][gc,metaspace   ] GC(1115) Metaspace: 35331K(37952K)->35331K(37952K) NonClass: 26679K(27008K)->26679K(27008K) Class: 8652K(10944K)->8652K(10944K)
[7571.847s][info][gc             ] GC(1115) Pause Young (Normal) (G1 Evacuation Pause) 8219M->2514M(10240M) 161.314ms
[7571.847s][info][gc,cpu         ] GC(1115) User=1.27s Sys=0.00s Real=0.16s
....[7575.461s][info][gc,start       ] GC(1116) Pause Young (Normal) (G1 Evacuation Pause)
[7575.461s][info][gc,task        ] GC(1116) Using 8 workers of 8 for evacuation
[7575.623s][info][gc,phases      ] GC(1116)   Pre Evacuate Collection Set: 0.27ms
[7575.623s][info][gc,phases      ] GC(1116)   Merge Heap Roots: 0.49ms
[7575.623s][info][gc,phases      ] GC(1116)   Evacuate Collection Set: 159.98ms
[7575.623s][info][gc,phases      ] GC(1116)   Post Evacuate Collection Set: 1.26ms
[7575.623s][info][gc,phases      ] GC(1116)   Other: 0.06ms
[7575.623s][info][gc,heap        ] GC(1116) Eden regions: 716->0(715)
[7575.623s][info][gc,heap        ] GC(1116) Survivor regions: 52->53(96)
[7575.623s][info][gc,heap        ] GC(1116) Old regions: 233->236
[7575.623s][info][gc,heap        ] GC(1116) Humongous regions: 33->33
[7575.623s][info][gc,metaspace   ] GC(1116) Metaspace: 35331K(37952K)->35331K(37952K) NonClass: 26679K(27008K)->26679K(27008K) Class: 8652K(10944K)->8652K(10944K)
[7575.623s][info][gc             ] GC(1116) Pause Young (Normal) (G1 Evacuation Pause) 8242M->2541M(10240M) 162.214ms
[7575.623s][info][gc,cpu         ] GC(1116) User=1.27s Sys=0.00s Real=0.17s
....[7579.228s][info][gc,start       ] GC(1117) Pause Young (Normal) (G1 Evacuation Pause)
[7579.228s][info][gc,task        ] GC(1117) Using 8 workers of 8 for evacuation
[7579.393s][info][gc,phases      ] GC(1117)   Pre Evacuate Collection Set: 0.27ms
[7579.393s][info][gc,phases      ] GC(1117)   Merge Heap Roots: 0.50ms
[7579.393s][info][gc,phases      ] GC(1117)   Evacuate Collection Set: 162.55ms
[7579.393s][info][gc,phases      ] GC(1117)   Post Evacuate Collection Set: 1.27ms
[7579.393s][info][gc,phases      ] GC(1117)   Other: 0.06ms
[7579.393s][info][gc,heap        ] GC(1117) Eden regions: 715->0(715)
[7579.393s][info][gc,heap        ] GC(1117) Survivor regions: 53->53(96)
[7579.393s][info][gc,heap        ] GC(1117) Old regions: 236->239
[7579.393s][info][gc,heap        ] GC(1117) Humongous regions: 33->33
[7579.393s][info][gc,metaspace   ] GC(1117) Metaspace: 35331K(37952K)->35331K(37952K) NonClass: 26679K(27008K)->26679K(27008K) Class: 8652K(10944K)->8652K(10944K)
[7579.393s][info][gc             ] GC(1117) Pause Young (Normal) (G1 Evacuation Pause) 8261M->2567M(10240M) 164.784ms
[7579.393s][info][gc,cpu         ] GC(1117) User=1.29s Sys=0.00s Real=0.17s
....[7582.952s][info][gc,start       ] GC(1118) Pause Young (Normal) (G1 Evacuation Pause)
[7582.952s][info][gc,task        ] GC(1118) Using 8 workers of 8 for evacuation
[7583.113s][info][gc,phases      ] GC(1118)   Pre Evacuate Collection Set: 0.26ms
[7583.113s][info][gc,phases      ] GC(1118)   Merge Heap Roots: 0.51ms
[7583.113s][info][gc,phases      ] GC(1118)   Evacuate Collection Set: 158.82ms
[7583.113s][info][gc,phases      ] GC(1118)   Post Evacuate Collection Set: 1.26ms
[7583.113s][info][gc,phases      ] GC(1118)   Other: 0.06ms
[7583.113s][info][gc,heap        ] GC(1118) Eden regions: 715->0(715)
[7583.113s][info][gc,heap        ] GC(1118) Survivor regions: 53->53(96)
[7583.113s][info][gc,heap        ] GC(1118) Old regions: 239->242
[7583.113s][info][gc,heap        ] GC(1118) Humongous regions: 33->33
[7583.113s][info][gc,metaspace   ] GC(1118) Metaspace: 35331K(37952K)->35331K(37952K) NonClass: 26679K(27008K)->26679K(27008K) Class: 8652K(10944K)->8652K(10944K)
[7583.113s][info][gc             ] GC(1118) Pause Young (Normal) (G1 Evacuation Pause) 8287M->2589M(10240M) 161.041ms
[7583.113s][info][gc,cpu         ] GC(1118) User=1.27s Sys=0.00s Real=0.16s
...[7586.781s][info][gc,start       ] GC(1119) Pause Young (Normal) (G1 Evacuation Pause)
[7586.782s][info][gc,task        ] GC(1119) Using 8 workers of 8 for evacuation
[7586.944s][info][gc,phases      ] GC(1119)   Pre Evacuate Collection Set: 0.28ms
[7586.944s][info][gc,phases      ] GC(1119)   Merge Heap Roots: 0.52ms
[7586.944s][info][gc,phases      ] GC(1119)   Evacuate Collection Set: 160.30ms
[7586.944s][info][gc,phases      ] GC(1119)   Post Evacuate Collection Set: 1.22ms
[7586.944s][info][gc,phases      ] GC(1119)   Other: 0.07ms
[7586.944s][info][gc,heap        ] GC(1119) Eden regions: 715->0(715)
[7586.944s][info][gc,heap        ] GC(1119) Survivor regions: 53->53(96)
[7586.944s][info][gc,heap        ] GC(1119) Old regions: 242->244
[7586.944s][info][gc,heap        ] GC(1119) Humongous regions: 33->33
[7586.944s][info][gc,metaspace   ] GC(1119) Metaspace: 35331K(37952K)->35331K(37952K) NonClass: 26679K(27008K)->26679K(27008K) Class: 8652K(10944K)->8652K(10944K)
[7586.944s][info][gc             ] GC(1119) Pause Young (Normal) (G1 Evacuation Pause) 8309M->2611M(10240M) 162.520ms
[7586.944s][info][gc,cpu         ] GC(1119) User=1.28s Sys=0.00s Real=0.17s
....[7590.517s][info][gc,start       ] GC(1120) Pause Young (Normal) (G1 Evacuation Pause)
[7590.517s][info][gc,task        ] GC(1120) Using 8 workers of 8 for evacuation
[7590.679s][info][gc,phases      ] GC(1120)   Pre Evacuate Collection Set: 0.25ms
[7590.679s][info][gc,phases      ] GC(1120)   Merge Heap Roots: 0.51ms
[7590.679s][info][gc,phases      ] GC(1120)   Evacuate Collection Set: 160.07ms
[7590.679s][info][gc,phases      ] GC(1120)   Post Evacuate Collection Set: 1.20ms
[7590.679s][info][gc,phases      ] GC(1120)   Other: 0.06ms
[7590.679s][info][gc,heap        ] GC(1120) Eden regions: 715->0(714)
[7590.679s][info][gc,heap        ] GC(1120) Survivor regions: 53->54(96)
[7590.679s][info][gc,heap        ] GC(1120) Old regions: 244->247
[7590.679s][info][gc,heap        ] GC(1120) Humongous regions: 33->33
[7590.679s][info][gc,metaspace   ] GC(1120) Metaspace: 35331K(37952K)->35331K(37952K) NonClass: 26679K(27008K)->26679K(27008K) Class: 8652K(10944K)->8652K(10944K)
[7590.679s][info][gc             ] GC(1120) Pause Young (Normal) (G1 Evacuation Pause) 8331M->2637M(10240M) 162.201ms
[7590.679s][info][gc,cpu         ] GC(1120) User=1.27s Sys=0.00s Real=0.16s
... (rIR:aIR:PR = 12868:12970:12755) (tPR = 189188) [OK] 
  7592s: Performance info:
         Transaction,    Success,    Partial,     Failed,   Receipts, AvgBarcode, 
             Overall,     770578,          0,          0,     732381,      59.48, 
         Response times:
             Request,    Success,    Partial,     Failed,   SkipFail,     Probes,    Samples,      min,      p50,      p90,      p95,      p99,      max, 
       TotalPurchase,     744977,          0,          0,          0,     245675,     462976,      400,   283000,   526000,   610000,  1000000, 22000000,
     InStorePurchase,     393014,          0,          0,          0,     127139,     243257,      400,   287000,   540000,   630000,  1200000, 22000000,
      OnlinePurchase,     275088,          0,          0,          0,      89248,     170736,      800,   278000,   517000,   583000,   870000, 22000000,
        InstPurchase,      76875,          0,          0,          0,      29288,      48983,     1400,   286000,   515000,   610000,  1200000, 14000000,
          AssocOfCat,        778,          0,          0,          0,        529,        942,    59000,   359500,   587400,   708500,  1585000,  2500000,
      AssocOfProduct,       7863,          0,          0,          0,       3057,       5237,     6400,   279000,   521000,   610000,   896200,  3800000,
      BusinessReport,       1946,          0,          0,          0,       1354,       2467,    72000,   359000,   581200,   720000,   970000,  2500000,
          CustBuyBeh,       7698,          0,          0,          0,       3003,       5119,     6100,   277000,   523000,   620000,   880000,  2200000,
       ProductReturn,      20262,          0,          0,          0,       7558,      12192,     1700,   282500,   500000,   567000,   760000,  2500000,

  7592s: (94%)   IR =  13007 .[7594.349s][info][gc,start       ] GC(1121) Pause Young (Normal) (G1 Evacuation Pause)
[7594.349s][info][gc,task        ] GC(1121) Using 8 workers of 8 for evacuation
[7594.513s][info][gc,phases      ] GC(1121)   Pre Evacuate Collection Set: 0.26ms
[7594.513s][info][gc,phases      ] GC(1121)   Merge Heap Roots: 0.53ms
[7594.513s][info][gc,phases      ] GC(1121)   Evacuate Collection Set: 162.18ms
[7594.513s][info][gc,phases      ] GC(1121)   Post Evacuate Collection Set: 1.23ms
[7594.513s][info][gc,phases      ] GC(1121)   Other: 0.06ms
[7594.513s][info][gc,heap        ] GC(1121) Eden regions: 714->0(715)
[7594.513s][info][gc,heap        ] GC(1121) Survivor regions: 54->53(96)
[7594.513s][info][gc,heap        ] GC(1121) Old regions: 247->250
[7594.513s][info][gc,heap        ] GC(1121) Humongous regions: 33->33
[7594.513s][info][gc,metaspace   ] GC(1121) Metaspace: 35331K(37952K)->35331K(37952K) NonClass: 26679K(27008K)->26679K(27008K) Class: 8652K(10944K)->8652K(10944K)
[7594.514s][info][gc             ] GC(1121) Pause Young (Normal) (G1 Evacuation Pause) 8349M->2656M(10240M) 164.399ms
[7594.514s][info][gc,cpu         ] GC(1121) User=1.29s Sys=0.00s Real=0.17s
...[7598.035s][info][gc,start       ] GC(1122) Pause Young (Normal) (G1 Evacuation Pause)
[7598.035s][info][gc,task        ] GC(1122) Using 8 workers of 8 for evacuation
[7598.198s][info][gc,phases      ] GC(1122)   Pre Evacuate Collection Set: 0.26ms
[7598.198s][info][gc,phases      ] GC(1122)   Merge Heap Roots: 0.51ms
[7598.198s][info][gc,phases      ] GC(1122)   Evacuate Collection Set: 161.09ms
[7598.198s][info][gc,phases      ] GC(1122)   Post Evacuate Collection Set: 1.25ms
[7598.198s][info][gc,phases      ] GC(1122)   Other: 0.06ms
[7598.198s][info][gc,heap        ] GC(1122) Eden regions: 715->0(714)
[7598.198s][info][gc,heap        ] GC(1122) Survivor regions: 53->54(96)
[7598.198s][info][gc,heap        ] GC(1122) Old regions: 250->253
[7598.198s][info][gc,heap        ] GC(1122) Humongous regions: 33->33
[7598.198s][info][gc,metaspace   ] GC(1122) Metaspace: 35331K(37952K)->35331K(37952K) NonClass: 26679K(27008K)->26679K(27008K) Class: 8652K(10944K)->8652K(10944K)
[7598.198s][info][gc             ] GC(1122) Pause Young (Normal) (G1 Evacuation Pause) 8376M->2682M(10240M) 163.323ms
[7598.198s][info][gc,cpu         ] GC(1122) User=1.29s Sys=0.00s Real=0.16s
....[7601.775s][info][gc,start       ] GC(1123) Pause Young (Normal) (G1 Evacuation Pause)
[7601.775s][info][gc,task        ] GC(1123) Using 8 workers of 8 for evacuation
[7601.941s][info][gc,phases      ] GC(1123)   Pre Evacuate Collection Set: 0.28ms
[7601.941s][info][gc,phases      ] GC(1123)   Merge Heap Roots: 0.50ms
[7601.941s][info][gc,phases      ] GC(1123)   Evacuate Collection Set: 163.68ms
[7601.941s][info][gc,phases      ] GC(1123)   Post Evacuate Collection Set: 1.24ms
[7601.941s][info][gc,phases      ] GC(1123)   Other: 0.06ms
[7601.941s][info][gc,heap        ] GC(1123) Eden regions: 714->0(714)
[7601.941s][info][gc,heap        ] GC(1123) Survivor regions: 54->54(96)
[7601.941s][info][gc,heap        ] GC(1123) Old regions: 253->256
[7601.941s][info][gc,heap        ] GC(1123) Humongous regions: 33->33
[7601.941s][info][gc,metaspace   ] GC(1123) Metaspace: 35331K(37952K)->35331K(37952K) NonClass: 26679K(27008K)->26679K(27008K) Class: 8652K(10944K)->8652K(10944K)
[7601.941s][info][gc             ] GC(1123) Pause Young (Normal) (G1 Evacuation Pause) 8394M->2708M(10240M) 165.892ms
[7601.941s][info][gc,cpu         ] GC(1123) User=1.30s Sys=0.00s Real=0.16s
....[7605.486s][info][gc,start       ] GC(1124) Pause Young (Normal) (G1 Evacuation Pause)
[7605.486s][info][gc,task        ] GC(1124) Using 8 workers of 8 for evacuation
[7605.655s][info][gc,phases      ] GC(1124)   Pre Evacuate Collection Set: 0.26ms
[7605.655s][info][gc,phases      ] GC(1124)   Merge Heap Roots: 0.50ms
[7605.655s][info][gc,phases      ] GC(1124)   Evacuate Collection Set: 166.19ms
[7605.655s][info][gc,phases      ] GC(1124)   Post Evacuate Collection Set: 1.26ms
[7605.655s][info][gc,phases      ] GC(1124)   Other: 0.06ms
[7605.655s][info][gc,heap        ] GC(1124) Eden regions: 714->0(714)
[7605.655s][info][gc,heap        ] GC(1124) Survivor regions: 54->54(96)
[7605.655s][info][gc,heap        ] GC(1124) Old regions: 256->258
[7605.655s][info][gc,heap        ] GC(1124) Humongous regions: 33->33
[7605.655s][info][gc,metaspace   ] GC(1124) Metaspace: 35331K(37952K)->35331K(37952K) NonClass: 26679K(27008K)->26679K(27008K) Class: 8652K(10944K)->8652K(10944K)
[7605.655s][info][gc             ] GC(1124) Pause Young (Normal) (G1 Evacuation Pause) 8420M->2730M(10240M) 168.410ms
[7605.655s][info][gc,cpu         ] GC(1124) User=1.32s Sys=0.00s Real=0.17s
....[7609.346s][info][gc,start       ] GC(1125) Pause Young (Normal) (G1 Evacuation Pause)
[7609.346s][info][gc,task        ] GC(1125) Using 8 workers of 8 for evacuation
[7609.521s][info][gc,phases      ] GC(1125)   Pre Evacuate Collection Set: 0.27ms
[7609.521s][info][gc,phases      ] GC(1125)   Merge Heap Roots: 0.59ms
[7609.521s][info][gc,phases      ] GC(1125)   Evacuate Collection Set: 173.58ms
[7609.521s][info][gc,phases      ] GC(1125)   Post Evacuate Collection Set: 1.18ms
[7609.521s][info][gc,phases      ] GC(1125)   Other: 0.06ms
[7609.521s][info][gc,heap        ] GC(1125) Eden regions: 714->0(714)
[7609.521s][info][gc,heap        ] GC(1125) Survivor regions: 54->54(96)
[7609.521s][info][gc,heap        ] GC(1125) Old regions: 258->261
[7609.521s][info][gc,heap        ] GC(1125) Humongous regions: 33->33
[7609.521s][info][gc,metaspace   ] GC(1125) Metaspace: 35331K(37952K)->35331K(37952K) NonClass: 26679K(27008K)->26679K(27008K) Class: 8652K(10944K)->8652K(10944K)
[7609.521s][info][gc             ] GC(1125) Pause Young (Normal) (G1 Evacuation Pause) 8442M->2753M(10240M) 175.818ms
[7609.521s][info][gc,cpu         ] GC(1125) User=1.38s Sys=0.00s Real=0.17s
...[7613.140s][info][gc,start       ] GC(1126) Pause Young (Normal) (G1 Evacuation Pause)
[7613.140s][info][gc,task        ] GC(1126) Using 8 workers of 8 for evacuation
[7613.314s][info][gc,phases      ] GC(1126)   Pre Evacuate Collection Set: 0.25ms
[7613.314s][info][gc,phases      ] GC(1126)   Merge Heap Roots: 0.53ms
[7613.314s][info][gc,phases      ] GC(1126)   Evacuate Collection Set: 171.91ms
[7613.314s][info][gc,phases      ] GC(1126)   Post Evacuate Collection Set: 1.25ms
[7613.314s][info][gc,phases      ] GC(1126)   Other: 0.07ms
[7613.314s][info][gc,heap        ] GC(1126) Eden regions: 714->0(713)
[7613.314s][info][gc,heap        ] GC(1126) Survivor regions: 54->55(96)
[7613.314s][info][gc,heap        ] GC(1126) Old regions: 261->264
[7613.314s][info][gc,heap        ] GC(1126) Humongous regions: 33->33
[7613.314s][info][gc,metaspace   ] GC(1126) Metaspace: 35331K(37952K)->35331K(37952K) NonClass: 26679K(27008K)->26679K(27008K) Class: 8652K(10944K)->8652K(10944K)
[7613.314s][info][gc             ] GC(1126) Pause Young (Normal) (G1 Evacuation Pause) 8465M->2779M(10240M) 174.155ms
[7613.314s][info][gc,cpu         ] GC(1126) User=1.36s Sys=0.01s Real=0.18s
....[7616.934s][info][gc,start       ] GC(1127) Pause Young (Normal) (G1 Evacuation Pause)
[7616.934s][info][gc,task        ] GC(1127) Using 8 workers of 8 for evacuation
[7617.097s][info][gc,phases      ] GC(1127)   Pre Evacuate Collection Set: 0.26ms
[7617.097s][info][gc,phases      ] GC(1127)   Merge Heap Roots: 0.52ms
[7617.097s][info][gc,phases      ] GC(1127)   Evacuate Collection Set: 161.21ms
[7617.097s][info][gc,phases      ] GC(1127)   Post Evacuate Collection Set: 1.20ms
[7617.097s][info][gc,phases      ] GC(1127)   Other: 0.06ms
[7617.097s][info][gc,heap        ] GC(1127) Eden regions: 713->0(716)
[7617.097s][info][gc,heap        ] GC(1127) Survivor regions: 55->52(96)
[7617.097s][info][gc,heap        ] GC(1127) Old regions: 264->267
[7617.097s][info][gc,heap        ] GC(1127) Humongous regions: 33->33
[7617.097s][info][gc,metaspace   ] GC(1127) Metaspace: 35331K(37952K)->35331K(37952K) NonClass: 26679K(27008K)->26679K(27008K) Class: 8652K(10944K)->8652K(10944K)
[7617.097s][info][gc             ] GC(1127) Pause Young (Normal) (G1 Evacuation Pause) 8483M->2783M(10240M) 163.379ms
[7617.098s][info][gc,cpu         ] GC(1127) User=1.29s Sys=0.00s Real=0.16s
....[7620.793s][info][gc,start       ] GC(1128) Pause Young (Normal) (G1 Evacuation Pause)
[7620.793s][info][gc,task        ] GC(1128) Using 8 workers of 8 for evacuation
[7620.950s][info][gc,phases      ] GC(1128)   Pre Evacuate Collection Set: 0.28ms
[7620.950s][info][gc,phases      ] GC(1128)   Merge Heap Roots: 0.51ms
[7620.950s][info][gc,phases      ] GC(1128)   Evacuate Collection Set: 154.94ms
[7620.950s][info][gc,phases      ] GC(1128)   Post Evacuate Collection Set: 1.24ms
[7620.950s][info][gc,phases      ] GC(1128)   Other: 0.08ms
[7620.950s][info][gc,heap        ] GC(1128) Eden regions: 716->0(717)
[7620.950s][info][gc,heap        ] GC(1128) Survivor regions: 52->51(96)
[7620.950s][info][gc,heap        ] GC(1128) Old regions: 267->270
[7620.950s][info][gc,heap        ] GC(1128) Humongous regions: 33->33
[7620.950s][info][gc,metaspace   ] GC(1128) Metaspace: 35331K(37952K)->35331K(37952K) NonClass: 26679K(27008K)->26679K(27008K) Class: 8652K(10944K)->8652K(10944K)
[7620.950s][info][gc             ] GC(1128) Pause Young (Normal) (G1 Evacuation Pause) 8511M->2797M(10240M) 157.184ms
[7620.951s][info][gc,cpu         ] GC(1128) User=1.24s Sys=0.00s Real=0.15s
... (rIR:aIR:PR = 13007:13146:12372) (tPR = 186071) [IR is over limit] [PR is under limit] 
  7623s: Performance info:
         Transaction,    Success,    Partial,     Failed,   Receipts, AvgBarcode, 
             Overall,     249013,          0,          0,     236451,      59.48, 
         Response times:
             Request,    Success,    Partial,     Failed,   SkipFail,     Probes,    Samples,      min,      p50,      p90,      p95,      p99,      max, 
       TotalPurchase,     251338,          0,          0,          0,      67726,     181540,     6000,   451000,   930000,  1100000,  1600000, 21000000,
     InStorePurchase,     131233,          0,          0,          0,      34587,      95237,     6000,   452000,   950000,  1100000,  1600000, 21000000,
      OnlinePurchase,      92908,          0,          0,          0,      24871,      67179,     6100,   454000,   900000,  1100000,  1600000, 21000000,
        InstPurchase,      27197,          0,          0,          0,       8268,      19124,    14500,   443000,   940000,  1100000,  1500000, 21000000,
          AssocOfCat,        271,          0,          0,          0,        178,        391,    76000,   522000,  1100000,  1500000,  2208000,  2400000,
      AssocOfProduct,       2710,          0,          0,          0,       1021,       2120,     8300,   434000,   910000,  1200000,  1700000,  3400000,
      BusinessReport,        678,          0,          0,          0,        420,        936,    80000,   508500,  1100000,  1400000,  1900000,  2100000,
          CustBuyBeh,       2582,          0,          0,          0,        992,       2085,    11000,   438000,   864000,  1300000,  1700000,  3400000,
       ProductReturn,       6996,          0,          0,          0,       2481,       4821,    13800,   467000,  1100000,  1500000,  3700000,  4700000,

  7623s: 
  7623s: Failed, 7 overall retries left, retrying 1 of 1
  7623s: (94%)   IR =  13007 .[7624.547s][info][gc,start       ] GC(1129) Pause Young (Normal) (G1 Evacuation Pause)
[7624.547s][info][gc,task        ] GC(1129) Using 8 workers of 8 for evacuation
[7624.710s][info][gc,phases      ] GC(1129)   Pre Evacuate Collection Set: 0.25ms
[7624.710s][info][gc,phases      ] GC(1129)   Merge Heap Roots: 0.53ms
[7624.710s][info][gc,phases      ] GC(1129)   Evacuate Collection Set: 160.89ms
[7624.710s][info][gc,phases      ] GC(1129)   Post Evacuate Collection Set: 1.20ms
[7624.710s][info][gc,phases      ] GC(1129)   Other: 0.08ms
[7624.710s][info][gc,heap        ] GC(1129) Eden regions: 717->0(715)
[7624.710s][info][gc,heap        ] GC(1129) Survivor regions: 51->53(96)
[7624.710s][info][gc,heap        ] GC(1129) Old regions: 270->272
[7624.710s][info][gc,heap        ] GC(1129) Humongous regions: 33->33
[7624.710s][info][gc,metaspace   ] GC(1129) Metaspace: 35331K(37952K)->35331K(37952K) NonClass: 26679K(27008K)->26679K(27008K) Class: 8652K(10944K)->8652K(10944K)
[7624.710s][info][gc             ] GC(1129) Pause Young (Normal) (G1 Evacuation Pause) 8533M->2835M(10240M) 163.079ms
[7624.710s][info][gc,cpu         ] GC(1129) User=1.29s Sys=0.00s Real=0.16s
...[7628.380s][info][gc,start       ] GC(1130) Pause Young (Concurrent Start) (G1 Evacuation Pause)
[7628.380s][info][gc,task        ] GC(1130) Using 8 workers of 8 for evacuation
[7628.540s][info][gc,phases      ] GC(1130)   Pre Evacuate Collection Set: 0.30ms
[7628.540s][info][gc,phases      ] GC(1130)   Merge Heap Roots: 0.52ms
[7628.540s][info][gc,phases      ] GC(1130)   Evacuate Collection Set: 158.37ms
[7628.540s][info][gc,phases      ] GC(1130)   Post Evacuate Collection Set: 1.24ms
[7628.540s][info][gc,phases      ] GC(1130)   Other: 0.09ms
[7628.540s][info][gc,heap        ] GC(1130) Eden regions: 715->0(715)
[7628.540s][info][gc,heap        ] GC(1130) Survivor regions: 53->53(96)
[7628.540s][info][gc,heap        ] GC(1130) Old regions: 272->275
[7628.540s][info][gc,heap        ] GC(1130) Humongous regions: 33->33
[7628.540s][info][gc,metaspace   ] GC(1130) Metaspace: 35331K(37952K)->35331K(37952K) NonClass: 26679K(27008K)->26679K(27008K) Class: 8652K(10944K)->8652K(10944K)
[7628.540s][info][gc             ] GC(1130) Pause Young (Concurrent Start) (G1 Evacuation Pause) 8555M->2854M(10240M) 160.643ms
[7628.540s][info][gc             ] GC(1131) Concurrent Mark Cycle
[7628.540s][info][gc,marking     ] GC(1131) Concurrent Scan Root Regions
[7628.540s][info][gc,cpu         ] GC(1130) User=1.26s Sys=0.00s Real=0.16s
.[7628.835s][info][gc,marking     ] GC(1131) Concurrent Scan Root Regions 294.444ms
[7628.835s][info][gc,marking     ] GC(1131) Concurrent Mark
[7628.835s][info][gc,marking     ] GC(1131) Concurrent Mark From Roots
[7628.835s][info][gc,task        ] GC(1131) Using 2 workers of 2 for marking
.[7629.956s][info][gc,marking     ] GC(1131) Concurrent Mark From Roots 1121.199ms
[7629.956s][info][gc,marking     ] GC(1131) Concurrent Preclean
[7629.956s][info][gc,marking     ] GC(1131) Concurrent Preclean 0.274ms
[7629.957s][info][gc,start       ] GC(1131) Pause Remark
[7629.959s][info][metaspace      ] ChkMgr @0x00007f12f85410b0 (non-class-space): : reclaiming memory...
[7629.959s][info][metaspace      ] ChkMgr @0x00007f12f85410b0 (non-class-space): nothing reclaimed.
[7629.959s][info][metaspace      ] ChkMgr @0x00007f12f8540ef0 (class-space): : reclaiming memory...
[7629.959s][info][metaspace      ] ChkMgr @0x00007f12f8540ef0 (class-space): nothing reclaimed.
[7629.959s][info][gc             ] GC(1131) Pause Remark 4598M->4310M(10240M) 2.385ms
[7629.959s][info][gc,cpu         ] GC(1131) User=0.01s Sys=0.00s Real=0.00s
[7629.962s][info][gc,marking     ] GC(1131) Concurrent Mark 1126.855ms
[7629.962s][info][gc,marking     ] GC(1131) Concurrent Rebuild Remembered Sets and Scrub Regions
.[7630.690s][info][gc,marking     ] GC(1131) Concurrent Rebuild Remembered Sets and Scrub Regions 727.800ms
[7630.690s][info][gc,start       ] GC(1131) Pause Cleanup
[7630.690s][info][gc             ] GC(1131) Pause Cleanup 5338M->5338M(10240M) 0.287ms
[7630.690s][info][gc,cpu         ] GC(1131) User=0.00s Sys=0.00s Real=0.00s
[7630.690s][info][gc,marking     ] GC(1131) Concurrent Clear Claimed Marks
[7630.690s][info][gc,marking     ] GC(1131) Concurrent Clear Claimed Marks 0.041ms
[7630.690s][info][gc,marking     ] GC(1131) Concurrent Cleanup for Next Mark
[7630.703s][info][gc,marking     ] GC(1131) Concurrent Cleanup for Next Mark 12.314ms
[7630.703s][info][gc             ] GC(1131) Concurrent Mark Cycle 2162.185ms
.[7632.547s][info][gc,start       ] GC(1132) Pause Young (Prepare Mixed) (G1 Evacuation Pause)
[7632.547s][info][gc,task        ] GC(1132) Using 8 workers of 8 for evacuation
[7632.713s][info][gc,phases      ] GC(1132)   Pre Evacuate Collection Set: 0.27ms
[7632.713s][info][gc,phases      ] GC(1132)   Merge Heap Roots: 0.80ms
[7632.713s][info][gc,phases      ] GC(1132)   Evacuate Collection Set: 163.96ms
[7632.713s][info][gc,phases      ] GC(1132)   Post Evacuate Collection Set: 1.38ms
[7632.713s][info][gc,phases      ] GC(1132)   Other: 0.07ms
[7632.713s][info][gc,heap        ] GC(1132) Eden regions: 715->0(714)
[7632.713s][info][gc,heap        ] GC(1132) Survivor regions: 53->54(96)
[7632.713s][info][gc,heap        ] GC(1132) Old regions: 239->242
[7632.713s][info][gc,heap        ] GC(1132) Humongous regions: 33->33
[7632.713s][info][gc,metaspace   ] GC(1132) Metaspace: 35270K(37952K)->35270K(37952K) NonClass: 26673K(27008K)->26673K(27008K) Class: 8597K(10944K)->8597K(10944K)
[7632.713s][info][gc             ] GC(1132) Pause Young (Prepare Mixed) (G1 Evacuation Pause) 8286M->2600M(10240M) 166.604ms
[7632.713s][info][gc,cpu         ] GC(1132) User=1.30s Sys=0.00s Real=0.17s
....[7636.292s][info][gc,start       ] GC(1133) Pause Young (Mixed) (G1 Evacuation Pause)
[7636.292s][info][gc,task        ] GC(1133) Using 8 workers of 8 for evacuation
[7636.462s][info][gc,phases      ] GC(1133)   Pre Evacuate Collection Set: 0.30ms
[7636.462s][info][gc,phases      ] GC(1133)   Merge Heap Roots: 0.83ms
[7636.462s][info][gc,phases      ] GC(1133)   Evacuate Collection Set: 167.44ms
[7636.462s][info][gc,phases      ] GC(1133)   Post Evacuate Collection Set: 1.47ms
[7636.462s][info][gc,phases      ] GC(1133)   Other: 0.07ms
[7636.462s][info][gc,heap        ] GC(1133) Eden regions: 714->0(714)
[7636.462s][info][gc,heap        ] GC(1133) Survivor regions: 54->54(96)
[7636.462s][info][gc,heap        ] GC(1133) Old regions: 242->130
[7636.462s][info][gc,heap        ] GC(1133) Humongous regions: 33->33
[7636.462s][info][gc,metaspace   ] GC(1133) Metaspace: 35270K(37952K)->35270K(37952K) NonClass: 26673K(27008K)->26673K(27008K) Class: 8597K(10944K)->8597K(10944K)
[7636.462s][info][gc             ] GC(1133) Pause Young (Mixed) (G1 Evacuation Pause) 8312M->1703M(10240M) 170.277ms
[7636.462s][info][gc,cpu         ] GC(1133) User=1.34s Sys=0.00s Real=0.18s
....[7639.922s][info][gc,start       ] GC(1134) Pause Young (Normal) (G1 Evacuation Pause)
[7639.922s][info][gc,task        ] GC(1134) Using 8 workers of 8 for evacuation
[7640.093s][info][gc,phases      ] GC(1134)   Pre Evacuate Collection Set: 0.26ms
[7640.093s][info][gc,phases      ] GC(1134)   Merge Heap Roots: 0.49ms
[7640.093s][info][gc,phases      ] GC(1134)   Evacuate Collection Set: 169.50ms
[7640.093s][info][gc,phases      ] GC(1134)   Post Evacuate Collection Set: 1.21ms
[7640.093s][info][gc,phases      ] GC(1134)   Other: 0.06ms
[7640.093s][info][gc,heap        ] GC(1134) Eden regions: 714->0(713)
[7640.093s][info][gc,heap        ] GC(1134) Survivor regions: 54->55(96)
[7640.093s][info][gc,heap        ] GC(1134) Old regions: 130->133
[7640.093s][info][gc,heap        ] GC(1134) Humongous regions: 33->33
[7640.093s][info][gc,metaspace   ] GC(1134) Metaspace: 35270K(37952K)->35270K(37952K) NonClass: 26673K(27008K)->26673K(27008K) Class: 8597K(10944K)->8597K(10944K)
[7640.093s][info][gc             ] GC(1134) Pause Young (Normal) (G1 Evacuation Pause) 7415M->1736M(10240M) 171.676ms
[7640.093s][info][gc,cpu         ] GC(1134) User=1.35s Sys=0.00s Real=0.18s
....[7643.732s][info][gc,start       ] GC(1135) Pause Young (Normal) (G1 Evacuation Pause)
[7643.732s][info][gc,task        ] GC(1135) Using 8 workers of 8 for evacuation
[7643.900s][info][gc,phases      ] GC(1135)   Pre Evacuate Collection Set: 0.25ms
[7643.900s][info][gc,phases      ] GC(1135)   Merge Heap Roots: 0.51ms
[7643.900s][info][gc,phases      ] GC(1135)   Evacuate Collection Set: 166.25ms
[7643.900s][info][gc,phases      ] GC(1135)   Post Evacuate Collection Set: 1.22ms
[7643.900s][info][gc,phases      ] GC(1135)   Other: 0.06ms
[7643.900s][info][gc,heap        ] GC(1135) Eden regions: 713->0(713)
[7643.900s][info][gc,heap        ] GC(1135) Survivor regions: 55->55(96)
[7643.900s][info][gc,heap        ] GC(1135) Old regions: 133->136
[7643.900s][info][gc,heap        ] GC(1135) Humongous regions: 33->33
[7643.900s][info][gc,metaspace   ] GC(1135) Metaspace: 35270K(37952K)->35270K(37952K) NonClass: 26673K(27008K)->26673K(27008K) Class: 8597K(10944K)->8597K(10944K)
[7643.900s][info][gc             ] GC(1135) Pause Young (Normal) (G1 Evacuation Pause) 7440M->1760M(10240M) 168.429ms
[7643.900s][info][gc,cpu         ] GC(1135) User=1.33s Sys=0.00s Real=0.16s
...[7647.398s][info][gc,start       ] GC(1136) Pause Young (Normal) (G1 Evacuation Pause)
[7647.398s][info][gc,task        ] GC(1136) Using 8 workers of 8 for evacuation
[7647.559s][info][gc,phases      ] GC(1136)   Pre Evacuate Collection Set: 0.27ms
[7647.559s][info][gc,phases      ] GC(1136)   Merge Heap Roots: 0.51ms
[7647.559s][info][gc,phases      ] GC(1136)   Evacuate Collection Set: 158.81ms
[7647.559s][info][gc,phases      ] GC(1136)   Post Evacuate Collection Set: 1.23ms
[7647.559s][info][gc,phases      ] GC(1136)   Other: 0.06ms
[7647.559s][info][gc,heap        ] GC(1136) Eden regions: 713->0(716)
[7647.559s][info][gc,heap        ] GC(1136) Survivor regions: 55->52(96)
[7647.559s][info][gc,heap        ] GC(1136) Old regions: 136->139
[7647.559s][info][gc,heap        ] GC(1136) Humongous regions: 33->33
[7647.559s][info][gc,metaspace   ] GC(1136) Metaspace: 35270K(37952K)->35270K(37952K) NonClass: 26673K(27008K)->26673K(27008K) Class: 8597K(10944K)->8597K(10944K)
[7647.559s][info][gc             ] GC(1136) Pause Young (Normal) (G1 Evacuation Pause) 7464M->1758M(10240M) 161.006ms
[7647.559s][info][gc,cpu         ] GC(1136) User=1.27s Sys=0.00s Real=0.16s
....[7651.238s][info][gc,start       ] GC(1137) Pause Young (Normal) (G1 Evacuation Pause)
[7651.238s][info][gc,task        ] GC(1137) Using 8 workers of 8 for evacuation
[7651.400s][info][gc,phases      ] GC(1137)   Pre Evacuate Collection Set: 0.26ms
[7651.400s][info][gc,phases      ] GC(1137)   Merge Heap Roots: 0.51ms
[7651.400s][info][gc,phases      ] GC(1137)   Evacuate Collection Set: 159.93ms
[7651.400s][info][gc,phases      ] GC(1137)   Post Evacuate Collection Set: 1.20ms
[7651.400s][info][gc,phases      ] GC(1137)   Other: 0.06ms
[7651.400s][info][gc,heap        ] GC(1137) Eden regions: 716->0(715)
[7651.400s][info][gc,heap        ] GC(1137) Survivor regions: 52->53(96)
[7651.400s][info][gc,heap        ] GC(1137) Old regions: 139->142
[7651.400s][info][gc,heap        ] GC(1137) Humongous regions: 33->33
[7651.400s][info][gc,metaspace   ] GC(1137) Metaspace: 35270K(37952K)->35270K(37952K) NonClass: 26673K(27008K)->26673K(27008K) Class: 8597K(10944K)->8597K(10944K)
[7651.400s][info][gc             ] GC(1137) Pause Young (Normal) (G1 Evacuation Pause) 7486M->1789M(10240M) 162.098ms
[7651.400s][info][gc,cpu         ] GC(1137) User=1.27s Sys=0.00s Real=0.16s
....[7655.023s][info][gc,start       ] GC(1138) Pause Young (Normal) (G1 Evacuation Pause)
[7655.023s][info][gc,task        ] GC(1138) Using 8 workers of 8 for evacuation
[7655.185s][info][gc,phases      ] GC(1138)   Pre Evacuate Collection Set: 0.26ms
[7655.185s][info][gc,phases      ] GC(1138)   Merge Heap Roots: 0.49ms
[7655.185s][info][gc,phases      ] GC(1138)   Evacuate Collection Set: 159.90ms
[7655.185s][info][gc,phases      ] GC(1138)   Post Evacuate Collection Set: 1.21ms
[7655.185s][info][gc,phases      ] GC(1138)   Other: 0.06ms
[7655.185s][info][gc,heap        ] GC(1138) Eden regions: 715->0(714)
[7655.185s][info][gc,heap        ] GC(1138) Survivor regions: 53->54(96)
[7655.185s][info][gc,heap        ] GC(1138) Old regions: 142->144
[7655.185s][info][gc,heap        ] GC(1138) Humongous regions: 33->33
[7655.185s][info][gc,metaspace   ] GC(1138) Metaspace: 35270K(37952K)->35270K(37952K) NonClass: 26673K(27008K)->26673K(27008K) Class: 8597K(10944K)->8597K(10944K)
[7655.185s][info][gc             ] GC(1138) Pause Young (Normal) (G1 Evacuation Pause) 7509M->1814M(10240M) 162.046ms
[7655.185s][info][gc,cpu         ] GC(1138) User=1.27s Sys=0.00s Real=0.16s
....[7658.777s][info][gc,start       ] GC(1139) Pause Young (Normal) (G1 Evacuation Pause)
[7658.777s][info][gc,task        ] GC(1139) Using 8 workers of 8 for evacuation
[7658.948s][info][gc,phases      ] GC(1139)   Pre Evacuate Collection Set: 0.26ms
[7658.948s][info][gc,phases      ] GC(1139)   Merge Heap Roots: 0.53ms
[7658.948s][info][gc,phases      ] GC(1139)   Evacuate Collection Set: 168.80ms
[7658.948s][info][gc,phases      ] GC(1139)   Post Evacuate Collection Set: 1.23ms
[7658.948s][info][gc,phases      ] GC(1139)   Other: 0.06ms
[7658.948s][info][gc,heap        ] GC(1139) Eden regions: 714->0(714)
[7658.948s][info][gc,heap        ] GC(1139) Survivor regions: 54->54(96)
[7658.948s][info][gc,heap        ] GC(1139) Old regions: 144->147
[7658.948s][info][gc,heap        ] GC(1139) Humongous regions: 33->33
[7658.948s][info][gc,metaspace   ] GC(1139) Metaspace: 35270K(37952K)->35270K(37952K) NonClass: 26673K(27008K)->26673K(27008K) Class: 8597K(10944K)->8597K(10944K)
[7658.948s][info][gc             ] GC(1139) Pause Young (Normal) (G1 Evacuation Pause) 7526M->1842M(10240M) 171.032ms
[7658.948s][info][gc,cpu         ] GC(1139) User=1.34s Sys=0.00s Real=0.17s
...[7662.553s][info][gc,start       ] GC(1140) Pause Young (Normal) (G1 Evacuation Pause)
[7662.553s][info][gc,task        ] GC(1140) Using 8 workers of 8 for evacuation
[7662.720s][info][gc,phases      ] GC(1140)   Pre Evacuate Collection Set: 0.26ms
[7662.720s][info][gc,phases      ] GC(1140)   Merge Heap Roots: 0.52ms
[7662.720s][info][gc,phases      ] GC(1140)   Evacuate Collection Set: 164.71ms
[7662.720s][info][gc,phases      ] GC(1140)   Post Evacuate Collection Set: 1.24ms
[7662.720s][info][gc,phases      ] GC(1140)   Other: 0.06ms
[7662.720s][info][gc,heap        ] GC(1140) Eden regions: 714->0(714)
[7662.720s][info][gc,heap        ] GC(1140) Survivor regions: 54->54(96)
[7662.720s][info][gc,heap        ] GC(1140) Old regions: 147->150
[7662.720s][info][gc,heap        ] GC(1140) Humongous regions: 33->33
[7662.720s][info][gc,metaspace   ] GC(1140) Metaspace: 35270K(37952K)->35270K(37952K) NonClass: 26673K(27008K)->26673K(27008K) Class: 8597K(10944K)->8597K(10944K)
[7662.720s][info][gc             ] GC(1140) Pause Young (Normal) (G1 Evacuation Pause) 7554M->1863M(10240M) 166.923ms
[7662.720s][info][gc,cpu         ] GC(1140) User=1.31s Sys=0.00s Real=0.16s
....[7666.311s][info][gc,start       ] GC(1141) Pause Young (Normal) (G1 Evacuation Pause)
[7666.311s][info][gc,task        ] GC(1141) Using 8 workers of 8 for evacuation
[7666.472s][info][gc,phases      ] GC(1141)   Pre Evacuate Collection Set: 0.28ms
[7666.472s][info][gc,phases      ] GC(1141)   Merge Heap Roots: 0.50ms
[7666.472s][info][gc,phases      ] GC(1141)   Evacuate Collection Set: 158.73ms
[7666.472s][info][gc,phases      ] GC(1141)   Post Evacuate Collection Set: 1.26ms
[7666.472s][info][gc,phases      ] GC(1141)   Other: 0.07ms
[7666.472s][info][gc,heap        ] GC(1141) Eden regions: 714->0(715)
[7666.472s][info][gc,heap        ] GC(1141) Survivor regions: 54->53(96)
[7666.472s][info][gc,heap        ] GC(1141) Old regions: 150->153
[7666.472s][info][gc,heap        ] GC(1141) Humongous regions: 33->33
[7666.472s][info][gc,metaspace   ] GC(1141) Metaspace: 35270K(37952K)->35270K(37952K) NonClass: 26673K(27008K)->26673K(27008K) Class: 8597K(10944K)->8597K(10944K)
[7666.472s][info][gc             ] GC(1141) Pause Young (Normal) (G1 Evacuation Pause) 7575M->1874M(10240M) 160.970ms
[7666.472s][info][gc,cpu         ] GC(1141) User=1.27s Sys=0.00s Real=0.17s
....[7669.990s][info][gc,start       ] GC(1142) Pause Young (Normal) (G1 Evacuation Pause)
[7669.990s][info][gc,task        ] GC(1142) Using 8 workers of 8 for evacuation
[7670.154s][info][gc,phases      ] GC(1142)   Pre Evacuate Collection Set: 0.28ms
[7670.154s][info][gc,phases      ] GC(1142)   Merge Heap Roots: 0.50ms
[7670.154s][info][gc,phases      ] GC(1142)   Evacuate Collection Set: 161.33ms
[7670.154s][info][gc,phases      ] GC(1142)   Post Evacuate Collection Set: 1.27ms
[7670.154s][info][gc,phases      ] GC(1142)   Other: 0.07ms
[7670.154s][info][gc,heap        ] GC(1142) Eden regions: 715->0(715)
[7670.154s][info][gc,heap        ] GC(1142) Survivor regions: 53->53(96)
[7670.154s][info][gc,heap        ] GC(1142) Old regions: 153->155
[7670.154s][info][gc,heap        ] GC(1142) Humongous regions: 33->33
[7670.154s][info][gc,metaspace   ] GC(1142) Metaspace: 35270K(37952K)->35270K(37952K) NonClass: 26673K(27008K)->26673K(27008K) Class: 8597K(10944K)->8597K(10944K)
[7670.154s][info][gc             ] GC(1142) Pause Young (Normal) (G1 Evacuation Pause) 7594M->1895M(10240M) 163.582ms
[7670.154s][info][gc,cpu         ] GC(1142) User=1.28s Sys=0.00s Real=0.17s
...[7673.642s][info][gc,start       ] GC(1143) Pause Young (Normal) (G1 Evacuation Pause)
[7673.642s][info][gc,task        ] GC(1143) Using 8 workers of 8 for evacuation
[7673.813s][info][gc,phases      ] GC(1143)   Pre Evacuate Collection Set: 0.26ms
[7673.813s][info][gc,phases      ] GC(1143)   Merge Heap Roots: 0.51ms
[7673.813s][info][gc,phases      ] GC(1143)   Evacuate Collection Set: 169.13ms
[7673.813s][info][gc,phases      ] GC(1143)   Post Evacuate Collection Set: 1.21ms
[7673.813s][info][gc,phases      ] GC(1143)   Other: 0.06ms
[7673.813s][info][gc,heap        ] GC(1143) Eden regions: 715->0(712)
[7673.813s][info][gc,heap        ] GC(1143) Survivor regions: 53->56(96)
[7673.813s][info][gc,heap        ] GC(1143) Old regions: 155->158
[7673.813s][info][gc,heap        ] GC(1143) Humongous regions: 33->33
[7673.813s][info][gc,metaspace   ] GC(1143) Metaspace: 35270K(37952K)->35270K(37952K) NonClass: 26673K(27008K)->26673K(27008K) Class: 8597K(10944K)->8597K(10944K)
[7673.813s][info][gc             ] GC(1143) Pause Young (Normal) (G1 Evacuation Pause) 7615M->1940M(10240M) 171.309ms
[7673.813s][info][gc,cpu         ] GC(1143) User=1.35s Sys=0.01s Real=0.17s
.|...[7677.348s][info][gc,start       ] GC(1144) Pause Young (Normal) (G1 Evacuation Pause)
[7677.348s][info][gc,task        ] GC(1144) Using 8 workers of 8 for evacuation
[7677.516s][info][gc,phases      ] GC(1144)   Pre Evacuate Collection Set: 0.26ms
[7677.516s][info][gc,phases      ] GC(1144)   Merge Heap Roots: 0.52ms
[7677.516s][info][gc,phases      ] GC(1144)   Evacuate Collection Set: 166.23ms
[7677.516s][info][gc,phases      ] GC(1144)   Post Evacuate Collection Set: 1.21ms
[7677.516s][info][gc,phases      ] GC(1144)   Other: 0.07ms
[7677.516s][info][gc,heap        ] GC(1144) Eden regions: 712->0(719)
[7677.516s][info][gc,heap        ] GC(1144) Survivor regions: 56->49(96)
[7677.516s][info][gc,heap        ] GC(1144) Old regions: 158->166
[7677.516s][info][gc,heap        ] GC(1144) Humongous regions: 33->33
[7677.516s][info][gc,metaspace   ] GC(1144) Metaspace: 35270K(37952K)->35270K(37952K) NonClass: 26673K(27008K)->26673K(27008K) Class: 8597K(10944K)->8597K(10944K)
[7677.516s][info][gc             ] GC(1144) Pause Young (Normal) (G1 Evacuation Pause) 7636M->1954M(10240M) 168.446ms
[7677.516s][info][gc,cpu         ] GC(1144) User=1.32s Sys=0.00s Real=0.17s
....[7681.138s][info][gc,start       ] GC(1145) Pause Young (Normal) (G1 Evacuation Pause)
[7681.138s][info][gc,task        ] GC(1145) Using 8 workers of 8 for evacuation
[7681.299s][info][gc,phases      ] GC(1145)   Pre Evacuate Collection Set: 0.27ms
[7681.299s][info][gc,phases      ] GC(1145)   Merge Heap Roots: 0.49ms
[7681.299s][info][gc,phases      ] GC(1145)   Evacuate Collection Set: 158.45ms
[7681.299s][info][gc,phases      ] GC(1145)   Post Evacuate Collection Set: 1.22ms
[7681.299s][info][gc,phases      ] GC(1145)   Other: 0.06ms
[7681.299s][info][gc,heap        ] GC(1145) Eden regions: 719->0(713)
[7681.299s][info][gc,heap        ] GC(1145) Survivor regions: 49->55(96)
[7681.299s][info][gc,heap        ] GC(1145) Old regions: 166->166
[7681.299s][info][gc,heap        ] GC(1145) Humongous regions: 33->33
[7681.299s][info][gc,metaspace   ] GC(1145) Metaspace: 35270K(37952K)->35270K(37952K) NonClass: 26673K(27008K)->26673K(27008K) Class: 8597K(10944K)->8597K(10944K)
[7681.299s][info][gc             ] GC(1145) Pause Young (Normal) (G1 Evacuation Pause) 7706M->1998M(10240M) 160.623ms
[7681.299s][info][gc,cpu         ] GC(1145) User=1.26s Sys=0.01s Real=0.16s
....[7684.905s][info][gc,start       ] GC(1146) Pause Young (Normal) (G1 Evacuation Pause)
[7684.905s][info][gc,task        ] GC(1146) Using 8 workers of 8 for evacuation
[7685.067s][info][gc,phases      ] GC(1146)   Pre Evacuate Collection Set: 0.27ms
[7685.067s][info][gc,phases      ] GC(1146)   Merge Heap Roots: 0.50ms
[7685.067s][info][gc,phases      ] GC(1146)   Evacuate Collection Set: 160.32ms
[7685.067s][info][gc,phases      ] GC(1146)   Post Evacuate Collection Set: 1.23ms
[7685.067s][info][gc,phases      ] GC(1146)   Other: 0.08ms
[7685.067s][info][gc,heap        ] GC(1146) Eden regions: 713->0(714)
[7685.067s][info][gc,heap        ] GC(1146) Survivor regions: 55->54(96)
[7685.067s][info][gc,heap        ] GC(1146) Old regions: 166->169
[7685.067s][info][gc,heap        ] GC(1146) Humongous regions: 33->33
[7685.067s][info][gc,metaspace   ] GC(1146) Metaspace: 35270K(37952K)->35270K(37952K) NonClass: 26673K(27008K)->26673K(27008K) Class: 8597K(10944K)->8597K(10944K)
[7685.067s][info][gc             ] GC(1146) Pause Young (Normal) (G1 Evacuation Pause) 7702M->2014M(10240M) 162.535ms
[7685.067s][info][gc,cpu         ] GC(1146) User=1.28s Sys=0.00s Real=0.16s
...[7688.773s][info][gc,start       ] GC(1147) Pause Young (Normal) (G1 Evacuation Pause)
[7688.774s][info][gc,task        ] GC(1147) Using 8 workers of 8 for evacuation
[7688.943s][info][gc,phases      ] GC(1147)   Pre Evacuate Collection Set: 0.27ms
[7688.943s][info][gc,phases      ] GC(1147)   Merge Heap Roots: 0.53ms
[7688.943s][info][gc,phases      ] GC(1147)   Evacuate Collection Set: 167.76ms
[7688.943s][info][gc,phases      ] GC(1147)   Post Evacuate Collection Set: 1.22ms
[7688.943s][info][gc,phases      ] GC(1147)   Other: 0.08ms
[7688.943s][info][gc,heap        ] GC(1147) Eden regions: 714->0(713)
[7688.943s][info][gc,heap        ] GC(1147) Survivor regions: 54->55(96)
[7688.943s][info][gc,heap        ] GC(1147) Old regions: 169->172
[7688.943s][info][gc,heap        ] GC(1147) Humongous regions: 33->33
[7688.943s][info][gc,metaspace   ] GC(1147) Metaspace: 35270K(37952K)->35270K(37952K) NonClass: 26673K(27008K)->26673K(27008K) Class: 8597K(10944K)->8597K(10944K)
[7688.943s][info][gc             ] GC(1147) Pause Young (Normal) (G1 Evacuation Pause) 7726M->2049M(10240M) 169.999ms
[7688.944s][info][gc,cpu         ] GC(1147) User=1.34s Sys=0.00s Real=0.17s
....[7692.423s][info][gc,start       ] GC(1148) Pause Young (Normal) (G1 Evacuation Pause)
[7692.424s][info][gc,task        ] GC(1148) Using 8 workers of 8 for evacuation
[7692.596s][info][gc,phases      ] GC(1148)   Pre Evacuate Collection Set: 0.27ms
[7692.596s][info][gc,phases      ] GC(1148)   Merge Heap Roots: 0.58ms
[7692.596s][info][gc,phases      ] GC(1148)   Evacuate Collection Set: 169.92ms
[7692.596s][info][gc,phases      ] GC(1148)   Post Evacuate Collection Set: 1.26ms
[7692.596s][info][gc,phases      ] GC(1148)   Other: 0.06ms
[7692.596s][info][gc,heap        ] GC(1148) Eden regions: 713->0(712)
[7692.596s][info][gc,heap        ] GC(1148) Survivor regions: 55->56(96)
[7692.596s][info][gc,heap        ] GC(1148) Old regions: 172->175
[7692.596s][info][gc,heap        ] GC(1148) Humongous regions: 33->33
[7692.596s][info][gc,metaspace   ] GC(1148) Metaspace: 35270K(37952K)->35270K(37952K) NonClass: 26673K(27008K)->26673K(27008K) Class: 8597K(10944K)->8597K(10944K)
[7692.596s][info][gc             ] GC(1148) Pause Young (Normal) (G1 Evacuation Pause) 7753M->2075M(10240M) 172.248ms
[7692.596s][info][gc,cpu         ] GC(1148) User=1.35s Sys=0.00s Real=0.17s
....[7696.093s][info][gc,start       ] GC(1149) Pause Young (Normal) (G1 Evacuation Pause)
[7696.093s][info][gc,task        ] GC(1149) Using 8 workers of 8 for evacuation
[7696.261s][info][gc,phases      ] GC(1149)   Pre Evacuate Collection Set: 0.27ms
[7696.261s][info][gc,phases      ] GC(1149)   Merge Heap Roots: 0.51ms
[7696.261s][info][gc,phases      ] GC(1149)   Evacuate Collection Set: 166.36ms
[7696.261s][info][gc,phases      ] GC(1149)   Post Evacuate Collection Set: 1.22ms
[7696.261s][info][gc,phases      ] GC(1149)   Other: 0.06ms
[7696.261s][info][gc,heap        ] GC(1149) Eden regions: 712->0(712)
[7696.261s][info][gc,heap        ] GC(1149) Survivor regions: 56->56(96)
[7696.261s][info][gc,heap        ] GC(1149) Old regions: 175->178
[7696.261s][info][gc,heap        ] GC(1149) Humongous regions: 33->33
[7696.261s][info][gc,metaspace   ] GC(1149) Metaspace: 35270K(37952K)->35270K(37952K) NonClass: 26673K(27008K)->26673K(27008K) Class: 8597K(10944K)->8597K(10944K)
[7696.261s][info][gc             ] GC(1149) Pause Young (Normal) (G1 Evacuation Pause) 7771M->2097M(10240M) 168.548ms
[7696.261s][info][gc,cpu         ] GC(1149) User=1.32s Sys=0.00s Real=0.16s
...[7699.761s][info][gc,start       ] GC(1150) Pause Young (Normal) (G1 Evacuation Pause)
[7699.761s][info][gc,task        ] GC(1150) Using 8 workers of 8 for evacuation
[7699.935s][info][gc,phases      ] GC(1150)   Pre Evacuate Collection Set: 0.25ms
[7699.935s][info][gc,phases      ] GC(1150)   Merge Heap Roots: 0.52ms
[7699.935s][info][gc,phases      ] GC(1150)   Evacuate Collection Set: 172.08ms
[7699.935s][info][gc,phases      ] GC(1150)   Post Evacuate Collection Set: 1.23ms
[7699.935s][info][gc,phases      ] GC(1150)   Other: 0.06ms
[7699.935s][info][gc,heap        ] GC(1150) Eden regions: 712->0(712)
[7699.935s][info][gc,heap        ] GC(1150) Survivor regions: 56->56(96)
[7699.935s][info][gc,heap        ] GC(1150) Old regions: 178->180
[7699.935s][info][gc,heap        ] GC(1150) Humongous regions: 33->33
[7699.935s][info][gc,metaspace   ] GC(1150) Metaspace: 35270K(37952K)->35270K(37952K) NonClass: 26673K(27008K)->26673K(27008K) Class: 8597K(10944K)->8597K(10944K)
[7699.935s][info][gc             ] GC(1150) Pause Young (Normal) (G1 Evacuation Pause) 7793M->2118M(10240M) 174.270ms
[7699.935s][info][gc,cpu         ] GC(1150) User=1.36s Sys=0.01s Real=0.18s
....[7703.559s][info][gc,start       ] GC(1151) Pause Young (Normal) (G1 Evacuation Pause)
[7703.559s][info][gc,task        ] GC(1151) Using 8 workers of 8 for evacuation
[7703.735s][info][gc,phases      ] GC(1151)   Pre Evacuate Collection Set: 0.27ms
[7703.735s][info][gc,phases      ] GC(1151)   Merge Heap Roots: 0.50ms
[7703.735s][info][gc,phases      ] GC(1151)   Evacuate Collection Set: 173.05ms
[7703.735s][info][gc,phases      ] GC(1151)   Post Evacuate Collection Set: 1.22ms
[7703.735s][info][gc,phases      ] GC(1151)   Other: 0.07ms
[7703.735s][info][gc,heap        ] GC(1151) Eden regions: 712->0(717)
[7703.735s][info][gc,heap        ] GC(1151) Survivor regions: 56->51(96)
[7703.735s][info][gc,heap        ] GC(1151) Old regions: 180->189
[7703.735s][info][gc,heap        ] GC(1151) Humongous regions: 33->33
[7703.735s][info][gc,metaspace   ] GC(1151) Metaspace: 35270K(37952K)->35270K(37952K) NonClass: 26673K(27008K)->26673K(27008K) Class: 8597K(10944K)->8597K(10944K)
[7703.735s][info][gc             ] GC(1151) Pause Young (Normal) (G1 Evacuation Pause) 7814M->2151M(10240M) 175.251ms
[7703.735s][info][gc,cpu         ] GC(1151) User=1.38s Sys=0.00s Real=0.18s
....[7707.391s][info][gc,start       ] GC(1152) Pause Young (Normal) (G1 Evacuation Pause)
[7707.391s][info][gc,task        ] GC(1152) Using 8 workers of 8 for evacuation
[7707.543s][info][gc,phases      ] GC(1152)   Pre Evacuate Collection Set: 0.27ms
[7707.543s][info][gc,phases      ] GC(1152)   Merge Heap Roots: 0.49ms
[7707.543s][info][gc,phases      ] GC(1152)   Evacuate Collection Set: 149.02ms
[7707.543s][info][gc,phases      ] GC(1152)   Post Evacuate Collection Set: 1.21ms
[7707.543s][info][gc,phases      ] GC(1152)   Other: 0.06ms
[7707.543s][info][gc,heap        ] GC(1152) Eden regions: 717->0(722)
[7707.543s][info][gc,heap        ] GC(1152) Survivor regions: 51->46(96)
[7707.543s][info][gc,heap        ] GC(1152) Old regions: 189->195
[7707.543s][info][gc,heap        ] GC(1152) Humongous regions: 33->33
[7707.543s][info][gc,metaspace   ] GC(1152) Metaspace: 35270K(37952K)->35270K(37952K) NonClass: 26673K(27008K)->26673K(27008K) Class: 8597K(10944K)->8597K(10944K)
[7707.543s][info][gc             ] GC(1152) Pause Young (Normal) (G1 Evacuation Pause) 7887M->2162M(10240M) 151.172ms
[7707.543s][info][gc,cpu         ] GC(1152) User=1.19s Sys=0.00s Real=0.16s
....[7711.138s][info][gc,start       ] GC(1153) Pause Young (Normal) (G1 Evacuation Pause)
[7711.138s][info][gc,task        ] GC(1153) Using 8 workers of 8 for evacuation
[7711.305s][info][gc,phases      ] GC(1153)   Pre Evacuate Collection Set: 0.25ms
[7711.305s][info][gc,phases      ] GC(1153)   Merge Heap Roots: 0.51ms
[7711.305s][info][gc,phases      ] GC(1153)   Evacuate Collection Set: 164.89ms
[7711.305s][info][gc,phases      ] GC(1153)   Post Evacuate Collection Set: 1.19ms
[7711.305s][info][gc,phases      ] GC(1153)   Other: 0.08ms
[7711.305s][info][gc,heap        ] GC(1153) Eden regions: 722->0(713)
[7711.305s][info][gc,heap        ] GC(1153) Survivor regions: 46->55(96)
[7711.305s][info][gc,heap        ] GC(1153) Old regions: 195->195
[7711.305s][info][gc,heap        ] GC(1153) Humongous regions: 33->33
[7711.305s][info][gc,metaspace   ] GC(1153) Metaspace: 35270K(37952K)->35270K(37952K) NonClass: 26673K(27008K)->26673K(27008K) Class: 8597K(10944K)->8597K(10944K)
[7711.305s][info][gc             ] GC(1153) Pause Young (Normal) (G1 Evacuation Pause) 7938M->2234M(10240M) 167.047ms
[7711.305s][info][gc,cpu         ] GC(1153) User=1.32s Sys=0.00s Real=0.17s
...[7714.851s][info][gc,start       ] GC(1154) Pause Young (Normal) (G1 Evacuation Pause)
[7714.851s][info][gc,task        ] GC(1154) Using 8 workers of 8 for evacuation
[7715.018s][info][gc,phases      ] GC(1154)   Pre Evacuate Collection Set: 0.27ms
[7715.018s][info][gc,phases      ] GC(1154)   Merge Heap Roots: 0.50ms
[7715.018s][info][gc,phases      ] GC(1154)   Evacuate Collection Set: 164.64ms
[7715.018s][info][gc,phases      ] GC(1154)   Post Evacuate Collection Set: 1.22ms
[7715.018s][info][gc,phases      ] GC(1154)   Other: 0.06ms
[7715.018s][info][gc,heap        ] GC(1154) Eden regions: 713->0(719)
[7715.018s][info][gc,heap        ] GC(1154) Survivor regions: 55->49(96)
[7715.018s][info][gc,heap        ] GC(1154) Old regions: 195->204
[7715.018s][info][gc,heap        ] GC(1154) Humongous regions: 33->33
[7715.018s][info][gc,metaspace   ] GC(1154) Metaspace: 35270K(37952K)->35270K(37952K) NonClass: 26673K(27008K)->26673K(27008K) Class: 8597K(10944K)->8597K(10944K)
[7715.018s][info][gc             ] GC(1154) Pause Young (Normal) (G1 Evacuation Pause) 7938M->2252M(10240M) 166.829ms
[7715.018s][info][gc,cpu         ] GC(1154) User=1.31s Sys=0.00s Real=0.17s
....[7718.593s][info][gc,start       ] GC(1155) Pause Young (Normal) (G1 Evacuation Pause)
[7718.593s][info][gc,task        ] GC(1155) Using 8 workers of 8 for evacuation
[7718.758s][info][gc,phases      ] GC(1155)   Pre Evacuate Collection Set: 0.25ms
[7718.758s][info][gc,phases      ] GC(1155)   Merge Heap Roots: 0.51ms
[7718.758s][info][gc,phases      ] GC(1155)   Evacuate Collection Set: 162.71ms
[7718.758s][info][gc,phases      ] GC(1155)   Post Evacuate Collection Set: 1.24ms
[7718.758s][info][gc,phases      ] GC(1155)   Other: 0.06ms
[7718.758s][info][gc,heap        ] GC(1155) Eden regions: 719->0(713)
[7718.758s][info][gc,heap        ] GC(1155) Survivor regions: 49->55(96)
[7718.758s][info][gc,heap        ] GC(1155) Old regions: 204->204
[7718.758s][info][gc,heap        ] GC(1155) Humongous regions: 33->33
[7718.758s][info][gc,metaspace   ] GC(1155) Metaspace: 35270K(37952K)->35270K(37952K) NonClass: 26673K(27008K)->26673K(27008K) Class: 8597K(10944K)->8597K(10944K)
[7718.758s][info][gc             ] GC(1155) Pause Young (Normal) (G1 Evacuation Pause) 8004M->2296M(10240M) 164.899ms
[7718.758s][info][gc,cpu         ] GC(1155) User=1.30s Sys=0.00s Real=0.16s
....[7722.334s][info][gc,start       ] GC(1156) Pause Young (Normal) (G1 Evacuation Pause)
[7722.334s][info][gc,task        ] GC(1156) Using 8 workers of 8 for evacuation
[7722.511s][info][gc,phases      ] GC(1156)   Pre Evacuate Collection Set: 0.26ms
[7722.511s][info][gc,phases      ] GC(1156)   Merge Heap Roots: 0.53ms
[7722.511s][info][gc,phases      ] GC(1156)   Evacuate Collection Set: 175.27ms
[7722.511s][info][gc,phases      ] GC(1156)   Post Evacuate Collection Set: 1.30ms
[7722.511s][info][gc,phases      ] GC(1156)   Other: 0.07ms
[7722.511s][info][gc,heap        ] GC(1156) Eden regions: 713->0(711)
[7722.511s][info][gc,heap        ] GC(1156) Survivor regions: 55->57(96)
[7722.511s][info][gc,heap        ] GC(1156) Old regions: 204->206
[7722.511s][info][gc,heap        ] GC(1156) Humongous regions: 33->33
[7722.511s][info][gc,metaspace   ] GC(1156) Metaspace: 35270K(37952K)->35270K(37952K) NonClass: 26673K(27008K)->26673K(27008K) Class: 8597K(10944K)->8597K(10944K)
[7722.512s][info][gc             ] GC(1156) Pause Young (Normal) (G1 Evacuation Pause) 8000M->2337M(10240M) 177.559ms
[7722.512s][info][gc,cpu         ] GC(1156) User=1.39s Sys=0.00s Real=0.17s
....[7726.211s][info][gc,start       ] GC(1157) Pause Young (Normal) (G1 Evacuation Pause)
[7726.211s][info][gc,task        ] GC(1157) Using 8 workers of 8 for evacuation
[7726.375s][info][gc,phases      ] GC(1157)   Pre Evacuate Collection Set: 0.26ms
[7726.375s][info][gc,phases      ] GC(1157)   Merge Heap Roots: 0.52ms
[7726.375s][info][gc,phases      ] GC(1157)   Evacuate Collection Set: 162.18ms
[7726.375s][info][gc,phases      ] GC(1157)   Post Evacuate Collection Set: 1.22ms
[7726.375s][info][gc,phases      ] GC(1157)   Other: 0.06ms
[7726.375s][info][gc,heap        ] GC(1157) Eden regions: 711->0(720)
[7726.375s][info][gc,heap        ] GC(1157) Survivor regions: 57->48(96)
[7726.375s][info][gc,heap        ] GC(1157) Old regions: 206->215
[7726.375s][info][gc,heap        ] GC(1157) Humongous regions: 33->33
[7726.375s][info][gc,metaspace   ] GC(1157) Metaspace: 35270K(37952K)->35270K(37952K) NonClass: 26673K(27008K)->26673K(27008K) Class: 8597K(10944K)->8597K(10944K)
[7726.376s][info][gc             ] GC(1157) Pause Young (Normal) (G1 Evacuation Pause) 8025M->2331M(10240M) 164.351ms
[7726.376s][info][gc,cpu         ] GC(1157) User=1.29s Sys=0.00s Real=0.17s
....[7730.117s][info][gc,start       ] GC(1158) Pause Young (Normal) (G1 Evacuation Pause)
[7730.117s][info][gc,task        ] GC(1158) Using 8 workers of 8 for evacuation
[7730.274s][info][gc,phases      ] GC(1158)   Pre Evacuate Collection Set: 0.27ms
[7730.274s][info][gc,phases      ] GC(1158)   Merge Heap Roots: 0.49ms
[7730.274s][info][gc,phases      ] GC(1158)   Evacuate Collection Set: 154.92ms
[7730.274s][info][gc,phases      ] GC(1158)   Post Evacuate Collection Set: 1.22ms
[7730.274s][info][gc,phases      ] GC(1158)   Other: 0.06ms
[7730.275s][info][gc,heap        ] GC(1158) Eden regions: 720->0(714)
[7730.275s][info][gc,heap        ] GC(1158) Survivor regions: 48->54(96)
[7730.275s][info][gc,heap        ] GC(1158) Old regions: 215->215
[7730.275s][info][gc,heap        ] GC(1158) Humongous regions: 33->33
[7730.275s][info][gc,metaspace   ] GC(1158) Metaspace: 35270K(37952K)->35270K(37952K) NonClass: 26673K(27008K)->26673K(27008K) Class: 8597K(10944K)->8597K(10944K)
[7730.275s][info][gc             ] GC(1158) Pause Young (Normal) (G1 Evacuation Pause) 8091M->2383M(10240M) 157.105ms
[7730.275s][info][gc,cpu         ] GC(1158) User=1.24s Sys=0.00s Real=0.16s
...[7733.784s][info][gc,start       ] GC(1159) Pause Young (Normal) (G1 Evacuation Pause)
[7733.784s][info][gc,task        ] GC(1159) Using 8 workers of 8 for evacuation
[7733.954s][info][gc,phases      ] GC(1159)   Pre Evacuate Collection Set: 0.26ms
[7733.954s][info][gc,phases      ] GC(1159)   Merge Heap Roots: 0.52ms
[7733.954s][info][gc,phases      ] GC(1159)   Evacuate Collection Set: 167.69ms
[7733.954s][info][gc,phases      ] GC(1159)   Post Evacuate Collection Set: 1.23ms
[7733.954s][info][gc,phases      ] GC(1159)   Other: 0.06ms
[7733.954s][info][gc,heap        ] GC(1159) Eden regions: 714->0(713)
[7733.954s][info][gc,heap        ] GC(1159) Survivor regions: 54->55(96)
[7733.954s][info][gc,heap        ] GC(1159) Old regions: 215->218
[7733.954s][info][gc,heap        ] GC(1159) Humongous regions: 33->33
[7733.954s][info][gc,metaspace   ] GC(1159) Metaspace: 35270K(37952K)->35270K(37952K) NonClass: 26673K(27008K)->26673K(27008K) Class: 8597K(10944K)->8597K(10944K)
[7733.954s][info][gc             ] GC(1159) Pause Young (Normal) (G1 Evacuation Pause) 8095M->2412M(10240M) 169.890ms
[7733.954s][info][gc,cpu         ] GC(1159) User=1.33s Sys=0.00s Real=0.17s
....[7737.550s][info][gc,start       ] GC(1160) Pause Young (Normal) (G1 Evacuation Pause)
[7737.550s][info][gc,task        ] GC(1160) Using 8 workers of 8 for evacuation
[7737.713s][info][gc,phases      ] GC(1160)   Pre Evacuate Collection Set: 0.25ms
[7737.713s][info][gc,phases      ] GC(1160)   Merge Heap Roots: 0.50ms
[7737.713s][info][gc,phases      ] GC(1160)   Evacuate Collection Set: 161.13ms
[7737.713s][info][gc,phases      ] GC(1160)   Post Evacuate Collection Set: 1.19ms
[7737.713s][info][gc,phases      ] GC(1160)   Other: 0.06ms
[7737.713s][info][gc,heap        ] GC(1160) Eden regions: 713->0(715)
[7737.713s][info][gc,heap        ] GC(1160) Survivor regions: 55->53(96)
[7737.714s][info][gc,heap        ] GC(1160) Old regions: 218->221
[7737.714s][info][gc,heap        ] GC(1160) Humongous regions: 33->33
[7737.714s][info][gc,metaspace   ] GC(1160) Metaspace: 35270K(37952K)->35270K(37952K) NonClass: 26673K(27008K)->26673K(27008K) Class: 8597K(10944K)->8597K(10944K)
[7737.714s][info][gc             ] GC(1160) Pause Young (Normal) (G1 Evacuation Pause) 8116M->2422M(10240M) 163.267ms
[7737.714s][info][gc,cpu         ] GC(1160) User=1.28s Sys=0.00s Real=0.17s
....[7741.267s][info][gc,start       ] GC(1161) Pause Young (Normal) (G1 Evacuation Pause)
[7741.267s][info][gc,task        ] GC(1161) Using 8 workers of 8 for evacuation
[7741.435s][info][gc,phases      ] GC(1161)   Pre Evacuate Collection Set: 0.25ms
[7741.435s][info][gc,phases      ] GC(1161)   Merge Heap Roots: 0.51ms
[7741.435s][info][gc,phases      ] GC(1161)   Evacuate Collection Set: 166.55ms
[7741.435s][info][gc,phases      ] GC(1161)   Post Evacuate Collection Set: 1.22ms
[7741.435s][info][gc,phases      ] GC(1161)   Other: 0.06ms
[7741.435s][info][gc,heap        ] GC(1161) Eden regions: 715->0(713)
[7741.435s][info][gc,heap        ] GC(1161) Survivor regions: 53->55(96)
[7741.435s][info][gc,heap        ] GC(1161) Old regions: 221->223
[7741.435s][info][gc,heap        ] GC(1161) Humongous regions: 33->33
[7741.435s][info][gc,metaspace   ] GC(1161) Metaspace: 35270K(37952K)->35270K(37952K) NonClass: 26673K(27008K)->26673K(27008K) Class: 8597K(10944K)->8597K(10944K)
[7741.435s][info][gc             ] GC(1161) Pause Young (Normal) (G1 Evacuation Pause) 8142M->2459M(10240M) 168.728ms
[7741.435s][info][gc,cpu         ] GC(1161) User=1.32s Sys=0.00s Real=0.17s
...[7745.011s][info][gc,start       ] GC(1162) Pause Young (Normal) (G1 Evacuation Pause)
[7745.011s][info][gc,task        ] GC(1162) Using 8 workers of 8 for evacuation
[7745.180s][info][gc,phases      ] GC(1162)   Pre Evacuate Collection Set: 0.27ms
[7745.180s][info][gc,phases      ] GC(1162)   Merge Heap Roots: 0.53ms
[7745.180s][info][gc,phases      ] GC(1162)   Evacuate Collection Set: 166.49ms
[7745.180s][info][gc,phases      ] GC(1162)   Post Evacuate Collection Set: 1.24ms
[7745.180s][info][gc,phases      ] GC(1162)   Other: 0.09ms
[7745.180s][info][gc,heap        ] GC(1162) Eden regions: 713->0(713)
[7745.180s][info][gc,heap        ] GC(1162) Survivor regions: 55->55(96)
[7745.180s][info][gc,heap        ] GC(1162) Old regions: 223->226
[7745.180s][info][gc,heap        ] GC(1162) Humongous regions: 33->33
[7745.180s][info][gc,metaspace   ] GC(1162) Metaspace: 35270K(37952K)->35270K(37952K) NonClass: 26673K(27008K)->26673K(27008K) Class: 8597K(10944K)->8597K(10944K)
[7745.180s][info][gc             ] GC(1162) Pause Young (Normal) (G1 Evacuation Pause) 8163M->2477M(10240M) 168.739ms
[7745.180s][info][gc,cpu         ] GC(1162) User=1.33s Sys=0.00s Real=0.17s
....[7748.779s][info][gc,start       ] GC(1163) Pause Young (Normal) (G1 Evacuation Pause)
[7748.779s][info][gc,task        ] GC(1163) Using 8 workers of 8 for evacuation
[7748.944s][info][gc,phases      ] GC(1163)   Pre Evacuate Collection Set: 0.28ms
[7748.944s][info][gc,phases      ] GC(1163)   Merge Heap Roots: 0.52ms
[7748.944s][info][gc,phases      ] GC(1163)   Evacuate Collection Set: 163.41ms
[7748.944s][info][gc,phases      ] GC(1163)   Post Evacuate Collection Set: 1.23ms
[7748.944s][info][gc,phases      ] GC(1163)   Other: 0.07ms
[7748.944s][info][gc,heap        ] GC(1163) Eden regions: 713->0(715)
[7748.944s][info][gc,heap        ] GC(1163) Survivor regions: 55->53(96)
[7748.944s][info][gc,heap        ] GC(1163) Old regions: 226->229
[7748.944s][info][gc,heap        ] GC(1163) Humongous regions: 33->33
[7748.944s][info][gc,metaspace   ] GC(1163) Metaspace: 35270K(37952K)->35270K(37952K) NonClass: 26673K(27008K)->26673K(27008K) Class: 8597K(10944K)->8597K(10944K)
[7748.944s][info][gc             ] GC(1163) Pause Young (Normal) (G1 Evacuation Pause) 8181M->2487M(10240M) 165.635ms
[7748.944s][info][gc,cpu         ] GC(1163) User=1.30s Sys=0.00s Real=0.17s
....[7752.586s][info][gc,start       ] GC(1164) Pause Young (Normal) (G1 Evacuation Pause)
[7752.587s][info][gc,task        ] GC(1164) Using 8 workers of 8 for evacuation
[7752.759s][info][gc,phases      ] GC(1164)   Pre Evacuate Collection Set: 0.27ms
[7752.759s][info][gc,phases      ] GC(1164)   Merge Heap Roots: 0.50ms
[7752.759s][info][gc,phases      ] GC(1164)   Evacuate Collection Set: 170.62ms
[7752.759s][info][gc,phases      ] GC(1164)   Post Evacuate Collection Set: 1.22ms
[7752.759s][info][gc,phases      ] GC(1164)   Other: 0.06ms
[7752.759s][info][gc,heap        ] GC(1164) Eden regions: 715->0(713)
[7752.759s][info][gc,heap        ] GC(1164) Survivor regions: 53->55(96)
[7752.759s][info][gc,heap        ] GC(1164) Old regions: 229->232
[7752.759s][info][gc,heap        ] GC(1164) Humongous regions: 33->33
[7752.759s][info][gc,metaspace   ] GC(1164) Metaspace: 35270K(37952K)->35270K(37952K) NonClass: 26673K(27008K)->26673K(27008K) Class: 8597K(10944K)->8597K(10944K)
[7752.759s][info][gc             ] GC(1164) Pause Young (Normal) (G1 Evacuation Pause) 8207M->2526M(10240M) 172.804ms
[7752.759s][info][gc,cpu         ] GC(1164) User=1.36s Sys=0.00s Real=0.17s
....[7756.323s][info][gc,start       ] GC(1165) Pause Young (Normal) (G1 Evacuation Pause)
[7756.323s][info][gc,task        ] GC(1165) Using 8 workers of 8 for evacuation
[7756.485s][info][gc,phases      ] GC(1165)   Pre Evacuate Collection Set: 0.27ms
[7756.485s][info][gc,phases      ] GC(1165)   Merge Heap Roots: 0.52ms
[7756.485s][info][gc,phases      ] GC(1165)   Evacuate Collection Set: 159.63ms
[7756.485s][info][gc,phases      ] GC(1165)   Post Evacuate Collection Set: 1.23ms
[7756.485s][info][gc,phases      ] GC(1165)   Other: 0.07ms
[7756.485s][info][gc,heap        ] GC(1165) Eden regions: 713->0(714)
[7756.485s][info][gc,heap        ] GC(1165) Survivor regions: 55->54(96)
[7756.485s][info][gc,heap        ] GC(1165) Old regions: 232->235
[7756.485s][info][gc,heap        ] GC(1165) Humongous regions: 33->33
[7756.485s][info][gc,metaspace   ] GC(1165) Metaspace: 35270K(37952K)->35270K(37952K) NonClass: 26673K(27008K)->26673K(27008K) Class: 8597K(10944K)->8597K(10944K)
[7756.485s][info][gc             ] GC(1165) Pause Young (Normal) (G1 Evacuation Pause) 8230M->2537M(10240M) 161.881ms
[7756.485s][info][gc,cpu         ] GC(1165) User=1.27s Sys=0.00s Real=0.16s
...[7760.115s][info][gc,start       ] GC(1166) Pause Young (Normal) (G1 Evacuation Pause)
[7760.115s][info][gc,task        ] GC(1166) Using 8 workers of 8 for evacuation
[7760.280s][info][gc,phases      ] GC(1166)   Pre Evacuate Collection Set: 0.25ms
[7760.280s][info][gc,phases      ] GC(1166)   Merge Heap Roots: 0.51ms
[7760.280s][info][gc,phases      ] GC(1166)   Evacuate Collection Set: 163.02ms
[7760.280s][info][gc,phases      ] GC(1166)   Post Evacuate Collection Set: 1.25ms
[7760.280s][info][gc,phases      ] GC(1166)   Other: 0.06ms
[7760.280s][info][gc,heap        ] GC(1166) Eden regions: 714->0(713)
[7760.280s][info][gc,heap        ] GC(1166) Survivor regions: 54->55(96)
[7760.280s][info][gc,heap        ] GC(1166) Old regions: 235->238
[7760.280s][info][gc,heap        ] GC(1166) Humongous regions: 33->33
[7760.280s][info][gc,metaspace   ] GC(1166) Metaspace: 35270K(37952K)->35270K(37952K) NonClass: 26673K(27008K)->26673K(27008K) Class: 8597K(10944K)->8597K(10944K)
[7760.280s][info][gc             ] GC(1166) Pause Young (Normal) (G1 Evacuation Pause) 8249M->2568M(10240M) 165.237ms
[7760.280s][info][gc,cpu         ] GC(1166) User=1.30s Sys=0.00s Real=0.16s
....[7763.674s][info][gc,start       ] GC(1167) Pause Young (Normal) (G1 Evacuation Pause)
[7763.674s][info][gc,task        ] GC(1167) Using 8 workers of 8 for evacuation
[7763.833s][info][gc,phases      ] GC(1167)   Pre Evacuate Collection Set: 0.29ms
[7763.833s][info][gc,phases      ] GC(1167)   Merge Heap Roots: 0.53ms
[7763.833s][info][gc,phases      ] GC(1167)   Evacuate Collection Set: 156.81ms
[7763.833s][info][gc,phases      ] GC(1167)   Post Evacuate Collection Set: 1.26ms
[7763.833s][info][gc,phases      ] GC(1167)   Other: 0.06ms
[7763.833s][info][gc,heap        ] GC(1167) Eden regions: 713->0(716)
[7763.833s][info][gc,heap        ] GC(1167) Survivor regions: 55->52(96)
[7763.833s][info][gc,heap        ] GC(1167) Old regions: 238->240
[7763.833s][info][gc,heap        ] GC(1167) Humongous regions: 33->33
[7763.833s][info][gc,metaspace   ] GC(1167) Metaspace: 35270K(37952K)->35270K(37952K) NonClass: 26673K(27008K)->26673K(27008K) Class: 8597K(10944K)->8597K(10944K)
[7763.833s][info][gc             ] GC(1167) Pause Young (Normal) (G1 Evacuation Pause) 8272M->2568M(10240M) 159.099ms
[7763.833s][info][gc,cpu         ] GC(1167) User=1.25s Sys=0.00s Real=0.16s
. (rIR:aIR:PR = 13007:12882:12806) (tPR = 190190) [PR is under limit] 
  7764s: Performance info:
         Transaction,    Success,    Partial,     Failed,   Receipts, AvgBarcode, 
             Overall,    1158661,          0,          0,    1100361,      59.47, 
         Response times:
             Request,    Success,    Partial,     Failed,   SkipFail,     Probes,    Samples,      min,      p50,      p90,      p95,      p99,      max, 
       TotalPurchase,    1106482,          0,          0,          0,     126355,     850113,    70000,   660000,  1100000,  1500000,  4400000, 31000000,
     InStorePurchase,     581091,          0,          0,          0,      63201,     446280,    70000,   670000,  1100000,  1500000,  4900000, 31000000,
      OnlinePurchase,     408059,          0,          0,          0,      44103,     314692,    71000,   660000,  1100000,  1500000,  3700000, 31000000,
        InstPurchase,     117332,          0,          0,          0,      19051,      89141,   114000,   670000,  1100000,  1500000,  3500000, 27000000,
          AssocOfCat,       1178,          0,          0,          0,        458,       1856,   185000,   670000,  1200000,  1500000,  3900000,  6300000,
      AssocOfProduct,      11799,          0,          0,          0,       2369,       9840,    72000,   630000,  1100000,  1300000,  2300000, 12000000,
      BusinessReport,       2943,          0,          0,          0,        961,       4463,   145000,   670000,  1100000,  1400000,  3300000,  7200000,
          CustBuyBeh,      11681,          0,          0,          0,       2297,       9844,    71000,   620000,   950000,  1300000,  2500000, 12000000,
       ProductReturn,      31320,          0,          0,          0,       4898,      22825,    70000,   630000,  1300000,  2000000,  5300000, 31000000,

  7764s: 
  7764s: Failing in a row, point 1 of 3
  7764s: (95%)   IR =  13145 ..[7767.521s][info][gc,start       ] GC(1168) Pause Young (Normal) (G1 Evacuation Pause)
[7767.521s][info][gc,task        ] GC(1168) Using 8 workers of 8 for evacuation
[7767.690s][info][gc,phases      ] GC(1168)   Pre Evacuate Collection Set: 0.28ms
[7767.690s][info][gc,phases      ] GC(1168)   Merge Heap Roots: 0.68ms
[7767.690s][info][gc,phases      ] GC(1168)   Evacuate Collection Set: 165.83ms
[7767.690s][info][gc,phases      ] GC(1168)   Post Evacuate Collection Set: 1.24ms
[7767.690s][info][gc,phases      ] GC(1168)   Other: 0.83ms
[7767.690s][info][gc,heap        ] GC(1168) Eden regions: 716->0(713)
[7767.690s][info][gc,heap        ] GC(1168) Survivor regions: 52->55(96)
[7767.690s][info][gc,heap        ] GC(1168) Old regions: 240->243
[7767.690s][info][gc,heap        ] GC(1168) Humongous regions: 33->33
[7767.690s][info][gc,metaspace   ] GC(1168) Metaspace: 35270K(37952K)->35270K(37952K) NonClass: 26673K(27008K)->26673K(27008K) Class: 8597K(10944K)->8597K(10944K)
[7767.690s][info][gc             ] GC(1168) Pause Young (Normal) (G1 Evacuation Pause) 8296M->2610M(10240M) 169.000ms
[7767.690s][info][gc,cpu         ] GC(1168) User=1.32s Sys=0.00s Real=0.17s
....[7771.395s][info][gc,start       ] GC(1169) Pause Young (Normal) (G1 Evacuation Pause)
[7771.395s][info][gc,task        ] GC(1169) Using 8 workers of 8 for evacuation
[7771.569s][info][gc,phases      ] GC(1169)   Pre Evacuate Collection Set: 0.27ms
[7771.569s][info][gc,phases      ] GC(1169)   Merge Heap Roots: 0.51ms
[7771.569s][info][gc,phases      ] GC(1169)   Evacuate Collection Set: 172.49ms
[7771.569s][info][gc,phases      ] GC(1169)   Post Evacuate Collection Set: 1.22ms
[7771.569s][info][gc,phases      ] GC(1169)   Other: 0.06ms
[7771.569s][info][gc,heap        ] GC(1169) Eden regions: 713->0(711)
[7771.569s][info][gc,heap        ] GC(1169) Survivor regions: 55->57(96)
[7771.569s][info][gc,heap        ] GC(1169) Old regions: 243->246
[7771.569s][info][gc,heap        ] GC(1169) Humongous regions: 33->33
[7771.569s][info][gc,metaspace   ] GC(1169) Metaspace: 35270K(37952K)->35270K(37952K) NonClass: 26673K(27008K)->26673K(27008K) Class: 8597K(10944K)->8597K(10944K)
[7771.569s][info][gc             ] GC(1169) Pause Young (Normal) (G1 Evacuation Pause) 8314M->2648M(10240M) 174.697ms
[7771.569s][info][gc,cpu         ] GC(1169) User=1.37s Sys=0.00s Real=0.17s
....[7775.156s][info][gc,start       ] GC(1170) Pause Young (Normal) (G1 Evacuation Pause)
[7775.156s][info][gc,task        ] GC(1170) Using 8 workers of 8 for evacuation
[7775.319s][info][gc,phases      ] GC(1170)   Pre Evacuate Collection Set: 0.26ms
[7775.319s][info][gc,phases      ] GC(1170)   Merge Heap Roots: 0.52ms
[7775.319s][info][gc,phases      ] GC(1170)   Evacuate Collection Set: 161.32ms
[7775.319s][info][gc,phases      ] GC(1170)   Post Evacuate Collection Set: 1.20ms
[7775.319s][info][gc,phases      ] GC(1170)   Other: 0.07ms
[7775.319s][info][gc,heap        ] GC(1170) Eden regions: 711->0(721)
[7775.319s][info][gc,heap        ] GC(1170) Survivor regions: 57->47(96)
[7775.319s][info][gc,heap        ] GC(1170) Old regions: 246->254
[7775.319s][info][gc,heap        ] GC(1170) Humongous regions: 33->33
[7775.319s][info][gc,metaspace   ] GC(1170) Metaspace: 35270K(37952K)->35270K(37952K) NonClass: 26673K(27008K)->26673K(27008K) Class: 8597K(10944K)->8597K(10944K)
[7775.319s][info][gc             ] GC(1170) Pause Young (Normal) (G1 Evacuation Pause) 8336M->2641M(10240M) 163.510ms
[7775.319s][info][gc,cpu         ] GC(1170) User=1.28s Sys=0.00s Real=0.16s
....[7779.019s][info][gc,start       ] GC(1171) Pause Young (Normal) (G1 Evacuation Pause)
[7779.019s][info][gc,task        ] GC(1171) Using 8 workers of 8 for evacuation
[7779.178s][info][gc,phases      ] GC(1171)   Pre Evacuate Collection Set: 0.27ms
[7779.178s][info][gc,phases      ] GC(1171)   Merge Heap Roots: 0.52ms
[7779.178s][info][gc,phases      ] GC(1171)   Evacuate Collection Set: 157.15ms
[7779.178s][info][gc,phases      ] GC(1171)   Post Evacuate Collection Set: 1.24ms
[7779.178s][info][gc,phases      ] GC(1171)   Other: 0.06ms
[7779.178s][info][gc,heap        ] GC(1171) Eden regions: 721->0(714)
[7779.178s][info][gc,heap        ] GC(1171) Survivor regions: 47->54(96)
[7779.178s][info][gc,heap        ] GC(1171) Old regions: 254->254
[7779.178s][info][gc,heap        ] GC(1171) Humongous regions: 33->33
[7779.178s][info][gc,metaspace   ] GC(1171) Metaspace: 35270K(37952K)->35270K(37952K) NonClass: 26673K(27008K)->26673K(27008K) Class: 8597K(10944K)->8597K(10944K)
[7779.178s][info][gc             ] GC(1171) Pause Young (Normal) (G1 Evacuation Pause) 8409M->2697M(10240M) 159.380ms
[7779.178s][info][gc,cpu         ] GC(1171) User=1.26s Sys=0.00s Real=0.16s
....[7782.733s][info][gc,start       ] GC(1172) Pause Young (Normal) (G1 Evacuation Pause)
[7782.733s][info][gc,task        ] GC(1172) Using 8 workers of 8 for evacuation
[7782.898s][info][gc,phases      ] GC(1172)   Pre Evacuate Collection Set: 0.26ms
[7782.898s][info][gc,phases      ] GC(1172)   Merge Heap Roots: 0.53ms
[7782.898s][info][gc,phases      ] GC(1172)   Evacuate Collection Set: 162.81ms
[7782.898s][info][gc,phases      ] GC(1172)   Post Evacuate Collection Set: 1.22ms
[7782.898s][info][gc,phases      ] GC(1172)   Other: 0.06ms
[7782.898s][info][gc,heap        ] GC(1172) Eden regions: 714->0(714)
[7782.898s][info][gc,heap        ] GC(1172) Survivor regions: 54->54(96)
[7782.898s][info][gc,heap        ] GC(1172) Old regions: 254->257
[7782.898s][info][gc,heap        ] GC(1172) Humongous regions: 33->33
[7782.898s][info][gc,metaspace   ] GC(1172) Metaspace: 35270K(37952K)->35270K(37952K) NonClass: 26673K(27008K)->26673K(27008K) Class: 8597K(10944K)->8597K(10944K)
[7782.898s][info][gc             ] GC(1172) Pause Young (Normal) (G1 Evacuation Pause) 8409M->2720M(10240M) 165.014ms
[7782.898s][info][gc,cpu         ] GC(1172) User=1.30s Sys=0.00s Real=0.16s
...[7786.442s][info][gc,start       ] GC(1173) Pause Young (Normal) (G1 Evacuation Pause)
[7786.442s][info][gc,task        ] GC(1173) Using 8 workers of 8 for evacuation
[7786.610s][info][gc,phases      ] GC(1173)   Pre Evacuate Collection Set: 0.27ms
[7786.610s][info][gc,phases      ] GC(1173)   Merge Heap Roots: 0.50ms
[7786.610s][info][gc,phases      ] GC(1173)   Evacuate Collection Set: 165.05ms
[7786.610s][info][gc,phases      ] GC(1173)   Post Evacuate Collection Set: 1.23ms
[7786.610s][info][gc,phases      ] GC(1173)   Other: 0.06ms
[7786.610s][info][gc,heap        ] GC(1173) Eden regions: 714->0(714)
[7786.610s][info][gc,heap        ] GC(1173) Survivor regions: 54->54(96)
[7786.610s][info][gc,heap        ] GC(1173) Old regions: 257->260
[7786.610s][info][gc,heap        ] GC(1173) Humongous regions: 33->33
[7786.610s][info][gc,metaspace   ] GC(1173) Metaspace: 35270K(37952K)->35270K(37952K) NonClass: 26673K(27008K)->26673K(27008K) Class: 8597K(10944K)->8597K(10944K)
[7786.610s][info][gc             ] GC(1173) Pause Young (Normal) (G1 Evacuation Pause) 8432M->2740M(10240M) 167.242ms
[7786.610s][info][gc,cpu         ] GC(1173) User=1.31s Sys=0.00s Real=0.16s
....[7790.229s][info][gc,start       ] GC(1174) Pause Young (Normal) (G1 Evacuation Pause)
[7790.229s][info][gc,task        ] GC(1174) Using 8 workers of 8 for evacuation
[7790.397s][info][gc,phases      ] GC(1174)   Pre Evacuate Collection Set: 0.28ms
[7790.397s][info][gc,phases      ] GC(1174)   Merge Heap Roots: 0.54ms
[7790.397s][info][gc,phases      ] GC(1174)   Evacuate Collection Set: 165.86ms
[7790.397s][info][gc,phases      ] GC(1174)   Post Evacuate Collection Set: 1.26ms
[7790.397s][info][gc,phases      ] GC(1174)   Other: 0.07ms
[7790.397s][info][gc,heap        ] GC(1174) Eden regions: 714->0(714)
[7790.397s][info][gc,heap        ] GC(1174) Survivor regions: 54->54(96)
[7790.397s][info][gc,heap        ] GC(1174) Old regions: 260->262
[7790.397s][info][gc,heap        ] GC(1174) Humongous regions: 33->33
[7790.397s][info][gc,metaspace   ] GC(1174) Metaspace: 35270K(37952K)->35270K(37952K) NonClass: 26673K(27008K)->26673K(27008K) Class: 8597K(10944K)->8597K(10944K)
[7790.397s][info][gc             ] GC(1174) Pause Young (Normal) (G1 Evacuation Pause) 8452M->2758M(10240M) 168.140ms
[7790.397s][info][gc,cpu         ] GC(1174) User=1.33s Sys=0.00s Real=0.17s
....[7794.000s][info][gc,start       ] GC(1175) Pause Young (Normal) (G1 Evacuation Pause)
[7794.000s][info][gc,task        ] GC(1175) Using 8 workers of 8 for evacuation
[7794.167s][info][gc,phases      ] GC(1175)   Pre Evacuate Collection Set: 0.27ms
[7794.167s][info][gc,phases      ] GC(1175)   Merge Heap Roots: 0.51ms
[7794.167s][info][gc,phases      ] GC(1175)   Evacuate Collection Set: 164.36ms
[7794.167s][info][gc,phases      ] GC(1175)   Post Evacuate Collection Set: 1.22ms
[7794.167s][info][gc,phases      ] GC(1175)   Other: 0.06ms
[7794.167s][info][gc,heap        ] GC(1175) Eden regions: 714->0(715)
[7794.167s][info][gc,heap        ] GC(1175) Survivor regions: 54->53(96)
[7794.167s][info][gc,heap        ] GC(1175) Old regions: 262->265
[7794.167s][info][gc,heap        ] GC(1175) Humongous regions: 33->33
[7794.167s][info][gc,metaspace   ] GC(1175) Metaspace: 35270K(37952K)->35270K(37952K) NonClass: 26673K(27008K)->26673K(27008K) Class: 8597K(10944K)->8597K(10944K)
[7794.167s][info][gc             ] GC(1175) Pause Young (Normal) (G1 Evacuation Pause) 8470M->2772M(10240M) 166.570ms
[7794.167s][info][gc,cpu         ] GC(1175) User=1.31s Sys=0.00s Real=0.17s
. (rIR:aIR:PR = 13145:13130:12674) (tPR = 191467) [PR is under limit] 
  7794s: Performance info:
         Transaction,    Success,    Partial,     Failed,   Receipts, AvgBarcode, 
             Overall,     253624,          0,          0,     240599,      59.48, 
         Response times:
             Request,    Success,    Partial,     Failed,   SkipFail,     Probes,    Samples,      min,      p50,      p90,      p95,      p99,      max, 
       TotalPurchase,     249532,          0,          0,          0,      43993,     179817,    47000,   650000,  1400000,  1800000,  5500000, 24000000,
     InStorePurchase,     129683,          0,          0,          0,      22432,      94578,    47000,   650000,  1400000,  1800000,  2400000, 24000000,
      OnlinePurchase,      93788,          0,          0,          0,      15906,      66224,    47000,   640000,  1400000,  1700000,  8200000, 24000000,
        InstPurchase,      26061,          0,          0,          0,       5655,      19015,    50000,   650000,  1200000,  1800000,  8700000, 13000000,
          AssocOfCat,        261,          0,          0,          0,        136,        397,   108000,   640000,  1400000,  1700000,  3304000,  3700000,
      AssocOfProduct,       2599,          0,          0,          0,        803,       2105,    44000,   610000,  1100000,  1400000,  1900000,  2200000,
      BusinessReport,        662,          0,          0,          0,        339,        978,   110000,   660000,  1400000,  1900000,  2300000,  7200000,
          CustBuyBeh,       2581,          0,          0,          0,        816,       2184,    56000,   610000,  1100000,  1200000,  1900000,  2400000,
       ProductReturn,       7097,          0,          0,          0,       1900,       5040,    43000,   591500,  1100000,  1300000,  1500000, 24000000,

  7794s: 
  7794s: Failing in a row, point 2 of 3
  7794s: (96%)   IR =  13284 ..[7797.643s][info][gc,start       ] GC(1176) Pause Young (Normal) (G1 Evacuation Pause)
[7797.643s][info][gc,task        ] GC(1176) Using 8 workers of 8 for evacuation
[7797.805s][info][gc,phases      ] GC(1176)   Pre Evacuate Collection Set: 0.27ms
[7797.805s][info][gc,phases      ] GC(1176)   Merge Heap Roots: 0.59ms
[7797.805s][info][gc,phases      ] GC(1176)   Evacuate Collection Set: 159.98ms
[7797.805s][info][gc,phases      ] GC(1176)   Post Evacuate Collection Set: 1.22ms
[7797.805s][info][gc,phases      ] GC(1176)   Other: 0.07ms
[7797.805s][info][gc,heap        ] GC(1176) Eden regions: 715->0(715)
[7797.805s][info][gc,heap        ] GC(1176) Survivor regions: 53->53(96)
[7797.805s][info][gc,heap        ] GC(1176) Old regions: 265->268
[7797.805s][info][gc,heap        ] GC(1176) Humongous regions: 33->33
[7797.805s][info][gc,metaspace   ] GC(1176) Metaspace: 35270K(37952K)->35270K(37952K) NonClass: 26673K(27008K)->26673K(27008K) Class: 8597K(10944K)->8597K(10944K)
[7797.805s][info][gc             ] GC(1176) Pause Young (Normal) (G1 Evacuation Pause) 8492M->2799M(10240M) 162.270ms
[7797.805s][info][gc,cpu         ] GC(1176) User=1.27s Sys=0.00s Real=0.16s
....[7801.534s][info][gc,start       ] GC(1177) Pause Young (Concurrent Start) (G1 Evacuation Pause)
[7801.534s][info][gc,task        ] GC(1177) Using 8 workers of 8 for evacuation
[7801.704s][info][gc,phases      ] GC(1177)   Pre Evacuate Collection Set: 0.30ms
[7801.704s][info][gc,phases      ] GC(1177)   Merge Heap Roots: 0.53ms
[7801.704s][info][gc,phases      ] GC(1177)   Evacuate Collection Set: 167.41ms
[7801.704s][info][gc,phases      ] GC(1177)   Post Evacuate Collection Set: 1.21ms
[7801.704s][info][gc,phases      ] GC(1177)   Other: 0.08ms
[7801.704s][info][gc,heap        ] GC(1177) Eden regions: 715->0(713)
[7801.704s][info][gc,heap        ] GC(1177) Survivor regions: 53->55(96)
[7801.704s][info][gc,heap        ] GC(1177) Old regions: 268->271
[7801.704s][info][gc,heap        ] GC(1177) Humongous regions: 33->33
[7801.704s][info][gc,metaspace   ] GC(1177) Metaspace: 35270K(37952K)->35270K(37952K) NonClass: 26673K(27008K)->26673K(27008K) Class: 8597K(10944K)->8597K(10944K)
[7801.704s][info][gc             ] GC(1177) Pause Young (Concurrent Start) (G1 Evacuation Pause) 8519M->2833M(10240M) 169.686ms
[7801.704s][info][gc             ] GC(1178) Concurrent Mark Cycle
[7801.704s][info][gc,marking     ] GC(1178) Concurrent Scan Root Regions
[7801.704s][info][gc,cpu         ] GC(1177) User=1.33s Sys=0.00s Real=0.17s
.[7802.109s][info][gc,marking     ] GC(1178) Concurrent Scan Root Regions 404.711ms
[7802.109s][info][gc,marking     ] GC(1178) Concurrent Mark
[7802.109s][info][gc,marking     ] GC(1178) Concurrent Mark From Roots
[7802.109s][info][gc,task        ] GC(1178) Using 2 workers of 2 for marking
.[7803.241s][info][gc,marking     ] GC(1178) Concurrent Mark From Roots 1132.751ms
[7803.241s][info][gc,marking     ] GC(1178) Concurrent Preclean
[7803.242s][info][gc,marking     ] GC(1178) Concurrent Preclean 0.148ms
[7803.242s][info][gc,start       ] GC(1178) Pause Remark
[7803.243s][info][gc             ] GC(1178) Pause Remark 4569M->4297M(10240M) 1.523ms
[7803.243s][info][gc,cpu         ] GC(1178) User=0.00s Sys=0.01s Real=0.00s
[7803.243s][info][gc,marking     ] GC(1178) Concurrent Mark 1134.722ms
[7803.243s][info][gc,marking     ] GC(1178) Concurrent Rebuild Remembered Sets and Scrub Regions
[7803.744s][info][gc,marking     ] GC(1178) Concurrent Rebuild Remembered Sets and Scrub Regions 500.709ms
[7803.744s][info][gc,start       ] GC(1178) Pause Cleanup
[7803.745s][info][gc             ] GC(1178) Pause Cleanup 4953M->4953M(10240M) 0.296ms
[7803.745s][info][gc,cpu         ] GC(1178) User=0.01s Sys=0.00s Real=0.00s
[7803.745s][info][gc,marking     ] GC(1178) Concurrent Clear Claimed Marks
[7803.745s][info][gc,marking     ] GC(1178) Concurrent Clear Claimed Marks 0.039ms
[7803.745s][info][gc,marking     ] GC(1178) Concurrent Cleanup for Next Mark
[7803.758s][info][gc,marking     ] GC(1178) Concurrent Cleanup for Next Mark 12.936ms
[7803.758s][info][gc             ] GC(1178) Concurrent Mark Cycle 2053.887ms
...[7806.009s][info][gc,start       ] GC(1179) Pause Young (Prepare Mixed) (G1 Evacuation Pause)
[7806.009s][info][gc,task        ] GC(1179) Using 8 workers of 8 for evacuation
[7806.174s][info][gc,phases      ] GC(1179)   Pre Evacuate Collection Set: 0.27ms
[7806.174s][info][gc,phases      ] GC(1179)   Merge Heap Roots: 0.77ms
[7806.174s][info][gc,phases      ] GC(1179)   Evacuate Collection Set: 163.08ms
[7806.174s][info][gc,phases      ] GC(1179)   Post Evacuate Collection Set: 1.34ms
[7806.174s][info][gc,phases      ] GC(1179)   Other: 0.09ms
[7806.174s][info][gc,heap        ] GC(1179) Eden regions: 713->0(714)
[7806.174s][info][gc,heap        ] GC(1179) Survivor regions: 55->54(96)
[7806.174s][info][gc,heap        ] GC(1179) Old regions: 237->239
[7806.174s][info][gc,heap        ] GC(1179) Humongous regions: 33->33
[7806.174s][info][gc,metaspace   ] GC(1179) Metaspace: 35270K(37952K)->35270K(37952K) NonClass: 26673K(27008K)->26673K(27008K) Class: 8597K(10944K)->8597K(10944K)
[7806.174s][info][gc             ] GC(1179) Pause Young (Prepare Mixed) (G1 Evacuation Pause) 8265M->2575M(10240M) 165.677ms
[7806.175s][info][gc,cpu         ] GC(1179) User=1.30s Sys=0.00s Real=0.17s
....[7809.830s][info][gc,start       ] GC(1180) Pause Young (Mixed) (G1 Evacuation Pause)
[7809.830s][info][gc,task        ] GC(1180) Using 8 workers of 8 for evacuation
[7810.002s][info][gc,phases      ] GC(1180)   Pre Evacuate Collection Set: 0.31ms
[7810.002s][info][gc,phases      ] GC(1180)   Merge Heap Roots: 0.97ms
[7810.002s][info][gc,phases      ] GC(1180)   Evacuate Collection Set: 168.74ms
[7810.002s][info][gc,phases      ] GC(1180)   Merge Optional Heap Roots: 0.10ms
[7810.002s][info][gc,phases      ] GC(1180)   Evacuate Optional Collection Set: 0.60ms
[7810.002s][info][gc,phases      ] GC(1180)   Post Evacuate Collection Set: 1.40ms
[7810.002s][info][gc,phases      ] GC(1180)   Other: 0.08ms
[7810.002s][info][gc,heap        ] GC(1180) Eden regions: 714->0(714)
[7810.002s][info][gc,heap        ] GC(1180) Survivor regions: 54->54(96)
[7810.002s][info][gc,heap        ] GC(1180) Old regions: 239->131
[7810.002s][info][gc,heap        ] GC(1180) Humongous regions: 33->33
[7810.002s][info][gc,metaspace   ] GC(1180) Metaspace: 35270K(37952K)->35270K(37952K) NonClass: 26673K(27008K)->26673K(27008K) Class: 8597K(10944K)->8597K(10944K)
[7810.002s][info][gc             ] GC(1180) Pause Young (Mixed) (G1 Evacuation Pause) 8287M->1708M(10240M) 172.333ms
[7810.002s][info][gc,cpu         ] GC(1180) User=1.35s Sys=0.00s Real=0.18s
...[7813.505s][info][gc,start       ] GC(1181) Pause Young (Normal) (G1 Evacuation Pause)
[7813.505s][info][gc,task        ] GC(1181) Using 8 workers of 8 for evacuation
[7813.674s][info][gc,phases      ] GC(1181)   Pre Evacuate Collection Set: 0.28ms
[7813.674s][info][gc,phases      ] GC(1181)   Merge Heap Roots: 0.50ms
[7813.674s][info][gc,phases      ] GC(1181)   Evacuate Collection Set: 166.32ms
[7813.674s][info][gc,phases      ] GC(1181)   Post Evacuate Collection Set: 1.25ms
[7813.674s][info][gc,phases      ] GC(1181)   Other: 0.06ms
[7813.674s][info][gc,heap        ] GC(1181) Eden regions: 714->0(714)
[7813.674s][info][gc,heap        ] GC(1181) Survivor regions: 54->54(96)
[7813.674s][info][gc,heap        ] GC(1181) Old regions: 131->134
[7813.674s][info][gc,heap        ] GC(1181) Humongous regions: 33->33
[7813.674s][info][gc,metaspace   ] GC(1181) Metaspace: 35270K(37952K)->35270K(37952K) NonClass: 26673K(27008K)->26673K(27008K) Class: 8597K(10944K)->8597K(10944K)
[7813.674s][info][gc             ] GC(1181) Pause Young (Normal) (G1 Evacuation Pause) 7420M->1736M(10240M) 168.553ms
[7813.674s][info][gc,cpu         ] GC(1181) User=1.32s Sys=0.00s Real=0.17s
....[7817.320s][info][gc,start       ] GC(1182) Pause Young (Normal) (G1 Evacuation Pause)
[7817.320s][info][gc,task        ] GC(1182) Using 8 workers of 8 for evacuation
[7817.484s][info][gc,phases      ] GC(1182)   Pre Evacuate Collection Set: 0.26ms
[7817.484s][info][gc,phases      ] GC(1182)   Merge Heap Roots: 0.51ms
[7817.484s][info][gc,phases      ] GC(1182)   Evacuate Collection Set: 161.41ms
[7817.484s][info][gc,phases      ] GC(1182)   Post Evacuate Collection Set: 1.22ms
[7817.484s][info][gc,phases      ] GC(1182)   Other: 0.06ms
[7817.484s][info][gc,heap        ] GC(1182) Eden regions: 714->0(715)
[7817.484s][info][gc,heap        ] GC(1182) Survivor regions: 54->53(96)
[7817.484s][info][gc,heap        ] GC(1182) Old regions: 134->137
[7817.484s][info][gc,heap        ] GC(1182) Humongous regions: 33->33
[7817.484s][info][gc,metaspace   ] GC(1182) Metaspace: 35270K(37952K)->35270K(37952K) NonClass: 26673K(27008K)->26673K(27008K) Class: 8597K(10944K)->8597K(10944K)
[7817.484s][info][gc             ] GC(1182) Pause Young (Normal) (G1 Evacuation Pause) 7448M->1750M(10240M) 163.613ms
[7817.484s][info][gc,cpu         ] GC(1182) User=1.29s Sys=0.00s Real=0.17s
....[7821.026s][info][gc,start       ] GC(1183) Pause Young (Normal) (G1 Evacuation Pause)
[7821.026s][info][gc,task        ] GC(1183) Using 8 workers of 8 for evacuation
[7821.190s][info][gc,phases      ] GC(1183)   Pre Evacuate Collection Set: 0.27ms
[7821.190s][info][gc,phases      ] GC(1183)   Merge Heap Roots: 0.49ms
[7821.190s][info][gc,phases      ] GC(1183)   Evacuate Collection Set: 161.96ms
[7821.190s][info][gc,phases      ] GC(1183)   Post Evacuate Collection Set: 1.25ms
[7821.190s][info][gc,phases      ] GC(1183)   Other: 0.07ms
[7821.190s][info][gc,heap        ] GC(1183) Eden regions: 715->0(714)
[7821.190s][info][gc,heap        ] GC(1183) Survivor regions: 53->54(96)
[7821.190s][info][gc,heap        ] GC(1183) Old regions: 137->140
[7821.190s][info][gc,heap        ] GC(1183) Humongous regions: 33->33
[7821.190s][info][gc,metaspace   ] GC(1183) Metaspace: 35270K(37952K)->35270K(37952K) NonClass: 26673K(27008K)->26673K(27008K) Class: 8597K(10944K)->8597K(10944K)
[7821.190s][info][gc             ] GC(1183) Pause Young (Normal) (G1 Evacuation Pause) 7470M->1777M(10240M) 164.175ms
[7821.190s][info][gc,cpu         ] GC(1183) User=1.30s Sys=0.00s Real=0.16s
...[7824.710s][info][gc,start       ] GC(1184) Pause Young (Normal) (G1 Evacuation Pause)
[7824.710s][info][gc,task        ] GC(1184) Using 8 workers of 8 for evacuation
[7824.869s][info][gc,phases      ] GC(1184)   Pre Evacuate Collection Set: 0.25ms
[7824.869s][info][gc,phases      ] GC(1184)   Merge Heap Roots: 0.50ms
[7824.869s][info][gc,phases      ] GC(1184)   Evacuate Collection Set: 156.66ms
[7824.869s][info][gc,phases      ] GC(1184)   Post Evacuate Collection Set: 1.25ms
[7824.869s][info][gc,phases      ] GC(1184)   Other: 0.07ms
[7824.869s][info][gc,heap        ] GC(1184) Eden regions: 714->0(716)
[7824.869s][info][gc,heap        ] GC(1184) Survivor regions: 54->52(96)
[7824.869s][info][gc,heap        ] GC(1184) Old regions: 140->142
[7824.869s][info][gc,heap        ] GC(1184) Humongous regions: 33->33
[7824.869s][info][gc,metaspace   ] GC(1184) Metaspace: 35270K(37952K)->35270K(37952K) NonClass: 26673K(27008K)->26673K(27008K) Class: 8597K(10944K)->8597K(10944K)
[7824.869s][info][gc             ] GC(1184) Pause Young (Normal) (G1 Evacuation Pause) 7489M->1787M(10240M) 158.873ms
[7824.869s][info][gc,cpu         ] GC(1184) User=1.25s Sys=0.00s Real=0.16s
. (rIR:aIR:PR = 13284:13012:12610) (tPR = 189823) [IR is under limit] [PR is under limit] 
  7824s: Performance info:
         Transaction,    Success,    Partial,     Failed,   Receipts, AvgBarcode, 
             Overall,     252888,          0,          0,     239880,      59.47, 
         Response times:
             Request,    Success,    Partial,     Failed,   SkipFail,     Probes,    Samples,      min,      p50,      p90,      p95,      p99,      max, 
       TotalPurchase,     247506,          0,          0,          0,      53857,     175114,      700,   516000,   800000,  1100000,  1400000, 25000000,
     InStorePurchase,     130324,          0,          0,          0,      27902,      91431,      700,   516000,   810000,  1100000,  1400000, 21000000,
      OnlinePurchase,      91532,          0,          0,          0,      19577,      64938,     1100,   517000,   800000,  1100000,  1300000, 19000000,
        InstPurchase,      25650,          0,          0,          0,       6378,      18745,     1500,   514000,   800000,   900000,  1100000, 25000000,
          AssocOfCat,        262,          0,          0,          0,        165,        422,    66000,   551500,   857000,   918500,  1200000,  1300000,
      AssocOfProduct,       2663,          0,          0,          0,        911,       2138,     4800,   538500,   860000,   920500,  1500000, 19000000,
      BusinessReport,        667,          0,          0,          0,        393,        971,    75000,   590000,   940000,  1100000,  1800000,  5600000,
          CustBuyBeh,       2596,          0,          0,          0,        855,       2111,     3400,   535000,   870000,   910000,  1100000,  5500000,
       ProductReturn,       7254,          0,          0,          0,       2062,       4832,     1900,   516000,   850000,   900000,   990000,  5600000,

  7824s: 
  7824s: Failing in a row, point 3 of 3
  7824s: (97%)   IR =  13422 ...[7828.565s][info][gc,start       ] GC(1185) Pause Young (Normal) (G1 Evacuation Pause)
[7828.565s][info][gc,task        ] GC(1185) Using 8 workers of 8 for evacuation
[7828.729s][info][gc,phases      ] GC(1185)   Pre Evacuate Collection Set: 0.26ms
[7828.729s][info][gc,phases      ] GC(1185)   Merge Heap Roots: 0.54ms
[7828.729s][info][gc,phases      ] GC(1185)   Evacuate Collection Set: 162.03ms
[7828.729s][info][gc,phases      ] GC(1185)   Post Evacuate Collection Set: 1.24ms
[7828.729s][info][gc,phases      ] GC(1185)   Other: 0.06ms
[7828.729s][info][gc,heap        ] GC(1185) Eden regions: 716->0(715)
[7828.729s][info][gc,heap        ] GC(1185) Survivor regions: 52->53(96)
[7828.729s][info][gc,heap        ] GC(1185) Old regions: 142->145
[7828.729s][info][gc,heap        ] GC(1185) Humongous regions: 33->33
[7828.729s][info][gc,metaspace   ] GC(1185) Metaspace: 35270K(37952K)->35270K(37952K) NonClass: 26673K(27008K)->26673K(27008K) Class: 8597K(10944K)->8597K(10944K)
[7828.729s][info][gc             ] GC(1185) Pause Young (Normal) (G1 Evacuation Pause) 7515M->1816M(10240M) 164.249ms
[7828.729s][info][gc,cpu         ] GC(1185) User=1.29s Sys=0.00s Real=0.16s
....[7832.331s][info][gc,start       ] GC(1186) Pause Young (Normal) (G1 Evacuation Pause)
[7832.331s][info][gc,task        ] GC(1186) Using 8 workers of 8 for evacuation
[7832.490s][info][gc,phases      ] GC(1186)   Pre Evacuate Collection Set: 0.27ms
[7832.490s][info][gc,phases      ] GC(1186)   Merge Heap Roots: 0.51ms
[7832.490s][info][gc,phases      ] GC(1186)   Evacuate Collection Set: 156.44ms
[7832.490s][info][gc,phases      ] GC(1186)   Post Evacuate Collection Set: 1.25ms
[7832.490s][info][gc,phases      ] GC(1186)   Other: 0.06ms
[7832.490s][info][gc,heap        ] GC(1186) Eden regions: 715->0(716)
[7832.490s][info][gc,heap        ] GC(1186) Survivor regions: 53->52(96)
[7832.490s][info][gc,heap        ] GC(1186) Old regions: 145->148
[7832.490s][info][gc,heap        ] GC(1186) Humongous regions: 33->33
[7832.490s][info][gc,metaspace   ] GC(1186) Metaspace: 35270K(37952K)->35270K(37952K) NonClass: 26673K(27008K)->26673K(27008K) Class: 8597K(10944K)->8597K(10944K)
[7832.490s][info][gc             ] GC(1186) Pause Young (Normal) (G1 Evacuation Pause) 7536M->1826M(10240M) 158.668ms
[7832.490s][info][gc,cpu         ] GC(1186) User=1.24s Sys=0.00s Real=0.16s
....[7836.058s][info][gc,start       ] GC(1187) Pause Young (Normal) (G1 Evacuation Pause)
[7836.058s][info][gc,task        ] GC(1187) Using 8 workers of 8 for evacuation
[7836.227s][info][gc,phases      ] GC(1187)   Pre Evacuate Collection Set: 0.26ms
[7836.227s][info][gc,phases      ] GC(1187)   Merge Heap Roots: 0.49ms
[7836.227s][info][gc,phases      ] GC(1187)   Evacuate Collection Set: 166.27ms
[7836.227s][info][gc,phases      ] GC(1187)   Post Evacuate Collection Set: 1.26ms
[7836.227s][info][gc,phases      ] GC(1187)   Other: 0.06ms
[7836.227s][info][gc,heap        ] GC(1187) Eden regions: 716->0(713)
[7836.227s][info][gc,heap        ] GC(1187) Survivor regions: 52->55(96)
[7836.227s][info][gc,heap        ] GC(1187) Old regions: 148->150
[7836.227s][info][gc,heap        ] GC(1187) Humongous regions: 33->33
[7836.227s][info][gc,metaspace   ] GC(1187) Metaspace: 35270K(37952K)->35270K(37952K) NonClass: 26673K(27008K)->26673K(27008K) Class: 8597K(10944K)->8597K(10944K)
[7836.227s][info][gc             ] GC(1187) Pause Young (Normal) (G1 Evacuation Pause) 7554M->1872M(10240M) 168.493ms
[7836.227s][info][gc,cpu         ] GC(1187) User=1.33s Sys=0.00s Real=0.17s
...[7839.762s][info][gc,start       ] GC(1188) Pause Young (Normal) (G1 Evacuation Pause)
[7839.762s][info][gc,task        ] GC(1188) Using 8 workers of 8 for evacuation
[7839.931s][info][gc,phases      ] GC(1188)   Pre Evacuate Collection Set: 0.26ms
[7839.931s][info][gc,phases      ] GC(1188)   Merge Heap Roots: 0.56ms
[7839.931s][info][gc,phases      ] GC(1188)   Evacuate Collection Set: 166.21ms
[7839.931s][info][gc,phases      ] GC(1188)   Post Evacuate Collection Set: 1.22ms
[7839.931s][info][gc,phases      ] GC(1188)   Other: 0.06ms
[7839.931s][info][gc,heap        ] GC(1188) Eden regions: 713->0(713)
[7839.931s][info][gc,heap        ] GC(1188) Survivor regions: 55->55(96)
[7839.931s][info][gc,heap        ] GC(1188) Old regions: 150->153
[7839.931s][info][gc,heap        ] GC(1188) Humongous regions: 33->33
[7839.931s][info][gc,metaspace   ] GC(1188) Metaspace: 35270K(37952K)->35270K(37952K) NonClass: 26673K(27008K)->26673K(27008K) Class: 8597K(10944K)->8597K(10944K)
[7839.931s][info][gc             ] GC(1188) Pause Young (Normal) (G1 Evacuation Pause) 7576M->1894M(10240M) 168.439ms
[7839.931s][info][gc,cpu         ] GC(1188) User=1.32s Sys=0.00s Real=0.16s
....[7843.440s][info][gc,start       ] GC(1189) Pause Young (Normal) (G1 Evacuation Pause)
[7843.440s][info][gc,task        ] GC(1189) Using 8 workers of 8 for evacuation
[7843.607s][info][gc,phases      ] GC(1189)   Pre Evacuate Collection Set: 0.26ms
[7843.607s][info][gc,phases      ] GC(1189)   Merge Heap Roots: 0.50ms
[7843.607s][info][gc,phases      ] GC(1189)   Evacuate Collection Set: 164.91ms
[7843.607s][info][gc,phases      ] GC(1189)   Post Evacuate Collection Set: 1.24ms
[7843.607s][info][gc,phases      ] GC(1189)   Other: 0.06ms
[7843.607s][info][gc,heap        ] GC(1189) Eden regions: 713->0(713)
[7843.607s][info][gc,heap        ] GC(1189) Survivor regions: 55->55(96)
[7843.607s][info][gc,heap        ] GC(1189) Old regions: 153->156
[7843.607s][info][gc,heap        ] GC(1189) Humongous regions: 33->33
[7843.607s][info][gc,metaspace   ] GC(1189) Metaspace: 35270K(37952K)->35270K(37952K) NonClass: 26673K(27008K)->26673K(27008K) Class: 8597K(10944K)->8597K(10944K)
[7843.607s][info][gc             ] GC(1189) Pause Young (Normal) (G1 Evacuation Pause) 7598M->1919M(10240M) 167.109ms
[7843.607s][info][gc,cpu         ] GC(1189) User=1.32s Sys=0.00s Real=0.17s
....[7847.155s][info][gc,start       ] GC(1190) Pause Young (Normal) (G1 Evacuation Pause)
[7847.155s][info][gc,task        ] GC(1190) Using 8 workers of 8 for evacuation
[7847.321s][info][gc,phases      ] GC(1190)   Pre Evacuate Collection Set: 0.26ms
[7847.321s][info][gc,phases      ] GC(1190)   Merge Heap Roots: 0.51ms
[7847.321s][info][gc,phases      ] GC(1190)   Evacuate Collection Set: 163.50ms
[7847.321s][info][gc,phases      ] GC(1190)   Post Evacuate Collection Set: 1.24ms
[7847.321s][info][gc,phases      ] GC(1190)   Other: 0.07ms
[7847.321s][info][gc,heap        ] GC(1190) Eden regions: 713->0(715)
[7847.321s][info][gc,heap        ] GC(1190) Survivor regions: 55->53(96)
[7847.321s][info][gc,heap        ] GC(1190) Old regions: 156->159
[7847.321s][info][gc,heap        ] GC(1190) Humongous regions: 33->33
[7847.321s][info][gc,metaspace   ] GC(1190) Metaspace: 35270K(37952K)->35270K(37952K) NonClass: 26673K(27008K)->26673K(27008K) Class: 8597K(10944K)->8597K(10944K)
[7847.321s][info][gc             ] GC(1190) Pause Young (Normal) (G1 Evacuation Pause) 7623M->1925M(10240M) 165.708ms
[7847.321s][info][gc,cpu         ] GC(1190) User=1.30s Sys=0.00s Real=0.16s
...[7850.870s][info][gc,start       ] GC(1191) Pause Young (Normal) (G1 Evacuation Pause)
[7850.870s][info][gc,task        ] GC(1191) Using 8 workers of 8 for evacuation
[7851.037s][info][gc,phases      ] GC(1191)   Pre Evacuate Collection Set: 0.24ms
[7851.037s][info][gc,phases      ] GC(1191)   Merge Heap Roots: 0.52ms
[7851.037s][info][gc,phases      ] GC(1191)   Evacuate Collection Set: 165.23ms
[7851.037s][info][gc,phases      ] GC(1191)   Post Evacuate Collection Set: 1.24ms
[7851.037s][info][gc,phases      ] GC(1191)   Other: 0.06ms
[7851.037s][info][gc,heap        ] GC(1191) Eden regions: 715->0(715)
[7851.037s][info][gc,heap        ] GC(1191) Survivor regions: 53->53(96)
[7851.037s][info][gc,heap        ] GC(1191) Old regions: 159->161
[7851.037s][info][gc,heap        ] GC(1191) Humongous regions: 33->33
[7851.037s][info][gc,metaspace   ] GC(1191) Metaspace: 35270K(37952K)->35270K(37952K) NonClass: 26673K(27008K)->26673K(27008K) Class: 8597K(10944K)->8597K(10944K)
[7851.037s][info][gc             ] GC(1191) Pause Young (Normal) (G1 Evacuation Pause) 7645M->1946M(10240M) 167.431ms
[7851.037s][info][gc,cpu         ] GC(1191) User=1.32s Sys=0.00s Real=0.17s
....[7854.625s][info][gc,start       ] GC(1192) Pause Young (Normal) (G1 Evacuation Pause)
[7854.625s][info][gc,task        ] GC(1192) Using 8 workers of 8 for evacuation
[7854.788s][info][gc,phases      ] GC(1192)   Pre Evacuate Collection Set: 0.26ms
[7854.789s][info][gc,phases      ] GC(1192)   Merge Heap Roots: 0.52ms
[7854.789s][info][gc,phases      ] GC(1192)   Evacuate Collection Set: 161.47ms
[7854.789s][info][gc,phases      ] GC(1192)   Post Evacuate Collection Set: 1.21ms
[7854.789s][info][gc,phases      ] GC(1192)   Other: 0.06ms
[7854.789s][info][gc,heap        ] GC(1192) Eden regions: 715->0(715)
[7854.789s][info][gc,heap        ] GC(1192) Survivor regions: 53->53(96)
[7854.789s][info][gc,heap        ] GC(1192) Old regions: 161->164
[7854.789s][info][gc,heap        ] GC(1192) Humongous regions: 33->33
[7854.789s][info][gc,metaspace   ] GC(1192) Metaspace: 35270K(37952K)->35270K(37952K) NonClass: 26673K(27008K)->26673K(27008K) Class: 8597K(10944K)->8597K(10944K)
[7854.789s][info][gc             ] GC(1192) Pause Young (Normal) (G1 Evacuation Pause) 7666M->1964M(10240M) 163.641ms
[7854.789s][info][gc,cpu         ] GC(1192) User=1.29s Sys=0.00s Real=0.16s
. (rIR:aIR:PR = 13422:13625:12923) (tPR = 190527) [IR is over limit] [PR is under limit] 
  7854s: Performance info:
         Transaction,    Success,    Partial,     Failed,   Receipts, AvgBarcode, 
             Overall,     260123,          0,          0,     247444,      59.48, 
         Response times:
             Request,    Success,    Partial,     Failed,   SkipFail,     Probes,    Samples,      min,      p50,      p90,      p95,      p99,      max, 
       TotalPurchase,     260879,          0,          0,          0,      24669,     177392,    24000,   569000,   900000,   960000,  1900000, 39000000,
     InStorePurchase,     135953,          0,          0,          0,      12508,      93397,    24000,   567000,   910000,   970000,  2400000, 39000000,
      OnlinePurchase,      97593,          0,          0,          0,       8821,      65397,    24000,   558000,   900000,   960000,  1200000, 30000000,
        InstPurchase,      27333,          0,          0,          0,       3340,      18598,    28000,   610000,   860000,   940000,  1100000, 11000000,
          AssocOfCat,        269,          0,          0,          0,        110,        395,   123000,   610000,  1100000,  1600000,  2228000,  3200000,
      AssocOfProduct,       2760,          0,          0,          0,        732,       2193,    37000,   591000,  1100000,  1300000,  2006000,  7500000,
      BusinessReport,        669,          0,          0,          0,        277,        982,    98000,   750000,  1200000,  1300000,  1717000,  3100000,
          CustBuyBeh,       2657,          0,          0,          0,        713,       2190,    26000,   583000,  1100000,  1300000,  1918000,  3200000,
       ProductReturn,       7017,          0,          0,          0,        861,       5039,    32000,   588000,   840000,   920000,  1560000,  7500000,

  7854s: Ending RT curve measurement because max-jOPS reached (too many failed points in a row)
  7854s: max-jOPS is presumably 12868
  7854s: 
  7854s: Settling (term) [7855.188s][info][gc,start       ] GC(1193) Pause Full (System.gc())
[7855.188s][info][gc,task        ] GC(1193) Using 8 workers of 8 for full compaction
[7855.188s][info][gc,phases,start] GC(1193) Phase 1: Mark live objects
[7855.203s][info][gc,phases      ] GC(1193) Phase 1: Mark live objects 15.065ms
[7855.203s][info][gc,phases,start] GC(1193) Phase 2: Prepare compaction
[7855.207s][info][gc,phases      ] GC(1193) Phase 2: Prepare compaction 4.617ms
[7855.207s][info][gc,phases,start] GC(1193) Phase 3: Adjust pointers
[7855.216s][info][gc,phases      ] GC(1193) Phase 3: Adjust pointers 8.998ms
[7855.216s][info][gc,phases,start] GC(1193) Phase 4: Compact heap
[7855.221s][info][gc,phases      ] GC(1193) Phase 4: Compact heap 4.666ms
[7855.221s][info][gc,phases,start] GC(1193) Phase 5: Reset Metadata
[7855.225s][info][gc,phases      ] GC(1193) Phase 5: Reset Metadata 3.545ms
[7855.235s][info][gc,heap        ] GC(1193) Eden regions: 74->0(768)
[7855.235s][info][gc,heap        ] GC(1193) Survivor regions: 53->0(96)
[7855.235s][info][gc,heap        ] GC(1193) Old regions: 164->12
[7855.235s][info][gc,heap        ] GC(1193) Humongous regions: 33->33
[7855.235s][info][gc,metaspace   ] GC(1193) Metaspace: 35274K(37952K)->35274K(37952K) NonClass: 26677K(27008K)->26677K(27008K) Class: 8597K(10944K)->8597K(10944K)
[7855.235s][info][gc             ] GC(1193) Pause Full (System.gc()) 2552M->331M(10240M) 47.190ms
[7855.235s][info][gc,cpu         ] GC(1193) User=0.31s Sys=0.01s Real=0.05s
(init) ... OK
  7860s: 
  7860s: Running for validation
  7860s: (load =  0%) ...|.......... (rIR:aIR:PR = 0:0:0) (tPR = 0) [OK] 
  7873s: (load = 10%) ....|.......... (rIR:aIR:PR = 1287:1290:1290) (tPR = 19007) [OK] 
  7887s: (load = 20%) [7888.627s][info][gc,start       ] GC(1194) Pause Young (Normal) (G1 Evacuation Pause)
[7888.627s][info][gc,task        ] GC(1194) Using 8 workers of 8 for evacuation
[7889.353s][info][gc,mmu         ] GC(1194) MMU target violated: 201.0ms (200.0ms/201.0ms)
[7889.354s][info][gc,phases      ] GC(1194)   Pre Evacuate Collection Set: 0.28ms
[7889.354s][info][gc,phases      ] GC(1194)   Merge Heap Roots: 1.06ms
[7889.354s][info][gc,phases      ] GC(1194)   Evacuate Collection Set: 723.24ms
[7889.354s][info][gc,phases      ] GC(1194)   Post Evacuate Collection Set: 1.61ms
[7889.354s][info][gc,phases      ] GC(1194)   Other: 0.12ms
[7889.354s][info][gc,heap        ] GC(1194) Eden regions: 768->0(373)
[7889.354s][info][gc,heap        ] GC(1194) Survivor regions: 0->96(96)
[7889.354s][info][gc,heap        ] GC(1194) Old regions: 12->64
[7889.354s][info][gc,heap        ] GC(1194) Humongous regions: 86->81
[7889.354s][info][gc,metaspace   ] GC(1194) Metaspace: 35352K(37952K)->35352K(37952K) NonClass: 26688K(27008K)->26688K(27008K) Class: 8664K(10944K)->8664K(10944K)
[7889.354s][info][gc             ] GC(1194) Pause Young (Normal) (G1 Evacuation Pause) 6899M->1899M(10240M) 726.428ms
[7889.354s][info][gc,cpu         ] GC(1194) User=5.72s Sys=0.00s Real=0.73s
.........[7898.252s][info][gc,start       ] GC(1195) Pause Young (Normal) (G1 Evacuation Pause)
[7898.252s][info][gc,task        ] GC(1195) Using 8 workers of 8 for evacuation
[7898.665s][info][gc,mmu         ] GC(1195) MMU target violated: 201.0ms (200.0ms/201.0ms)
[7898.665s][info][gc,phases      ] GC(1195)   Pre Evacuate Collection Set: 0.28ms
[7898.665s][info][gc,phases      ] GC(1195)   Merge Heap Roots: 0.76ms
[7898.665s][info][gc,phases      ] GC(1195)   Evacuate Collection Set: 410.64ms
[7898.665s][info][gc,phases      ] GC(1195)   Post Evacuate Collection Set: 0.79ms
[7898.665s][info][gc,phases      ] GC(1195)   Other: 0.10ms
[7898.665s][info][gc,heap        ] GC(1195) Eden regions: 370->0(272)
[7898.665s][info][gc,heap        ] GC(1195) Survivor regions: 96->23(59)
[7898.665s][info][gc,heap        ] GC(1195) Old regions: 64->159
[7898.665s][info][gc,heap        ] GC(1195) Humongous regions: 81->81
[7898.665s][info][gc,metaspace   ] GC(1195) Metaspace: 35352K(37952K)->35352K(37952K) NonClass: 26688K(27008K)->26688K(27008K) Class: 8664K(10944K)->8664K(10944K)
[7898.665s][info][gc             ] GC(1195) Pause Young (Normal) (G1 Evacuation Pause) 4859M->2071M(10240M) 412.674ms
[7898.665s][info][gc,cpu         ] GC(1195) User=3.25s Sys=0.00s Real=0.41s
.........[7906.981s][info][gc,start       ] GC(1196) Pause Young (Normal) (G1 Evacuation Pause)
[7906.981s][info][gc,task        ] GC(1196) Using 8 workers of 8 for evacuation
[7907.082s][info][gc,phases      ] GC(1196)   Pre Evacuate Collection Set: 0.26ms
[7907.082s][info][gc,phases      ] GC(1196)   Merge Heap Roots: 0.45ms
[7907.082s][info][gc,phases      ] GC(1196)   Evacuate Collection Set: 99.11ms
[7907.082s][info][gc,phases      ] GC(1196)   Post Evacuate Collection Set: 0.77ms
[7907.082s][info][gc,phases      ] GC(1196)   Other: 0.06ms
[7907.082s][info][gc,heap        ] GC(1196) Eden regions: 332->0(196)
[7907.082s][info][gc,heap        ] GC(1196) Survivor regions: 23->34(45)
[7907.082s][info][gc,heap        ] GC(1196) Old regions: 159->159
[7907.082s][info][gc,heap        ] GC(1196) Humongous regions: 81->81
[7907.082s][info][gc,metaspace   ] GC(1196) Metaspace: 35352K(37952K)->35352K(37952K) NonClass: 26688K(27008K)->26688K(27008K) Class: 8664K(10944K)->8664K(10944K)
[7907.082s][info][gc             ] GC(1196) Pause Young (Normal) (G1 Evacuation Pause) 4727M->2159M(10240M) 100.793ms
[7907.082s][info][gc,cpu         ] GC(1196) User=0.79s Sys=0.01s Real=0.11s
.|......[7914.235s][info][gc,start       ] GC(1197) Pause Young (Normal) (G1 Evacuation Pause)
[7914.235s][info][gc,task        ] GC(1197) Using 8 workers of 8 for evacuation
[7914.348s][info][gc,phases      ] GC(1197)   Pre Evacuate Collection Set: 0.25ms
[7914.348s][info][gc,phases      ] GC(1197)   Merge Heap Roots: 0.38ms
[7914.348s][info][gc,phases      ] GC(1197)   Evacuate Collection Set: 112.10ms
[7914.348s][info][gc,phases      ] GC(1197)   Post Evacuate Collection Set: 0.68ms
[7914.348s][info][gc,phases      ] GC(1197)   Other: 0.06ms
[7914.348s][info][gc,heap        ] GC(1197) Eden regions: 277->0(324)
[7914.348s][info][gc,heap        ] GC(1197) Survivor regions: 34->31(39)
[7914.348s][info][gc,heap        ] GC(1197) Old regions: 159->170
[7914.348s][info][gc,heap        ] GC(1197) Humongous regions: 81->81
[7914.348s][info][gc,metaspace   ] GC(1197) Metaspace: 35352K(37952K)->35352K(37952K) NonClass: 26688K(27008K)->26688K(27008K) Class: 8664K(10944K)->8664K(10944K)
[7914.348s][info][gc             ] GC(1197) Pause Young (Normal) (G1 Evacuation Pause) 4375M->2219M(10240M) 113.594ms
[7914.348s][info][gc,cpu         ] GC(1197) User=0.89s Sys=0.00s Real=0.11s
.... (rIR:aIR:PR = 2574:2575:2575) (tPR = 38104) [OK] 
  7917s: (load = 30%) ...[7921.480s][info][gc,start       ] GC(1198) Pause Young (Normal) (G1 Evacuation Pause)
[7921.480s][info][gc,task        ] GC(1198) Using 8 workers of 8 for evacuation
[7921.595s][info][gc,phases      ] GC(1198)   Pre Evacuate Collection Set: 0.27ms
[7921.595s][info][gc,phases      ] GC(1198)   Merge Heap Roots: 0.40ms
[7921.595s][info][gc,phases      ] GC(1198)   Evacuate Collection Set: 113.17ms
[7921.595s][info][gc,phases      ] GC(1198)   Post Evacuate Collection Set: 0.77ms
[7921.595s][info][gc,phases      ] GC(1198)   Other: 0.06ms
[7921.595s][info][gc,heap        ] GC(1198) Eden regions: 344->0(363)
[7921.595s][info][gc,heap        ] GC(1198) Survivor regions: 31->31(47)
[7921.595s][info][gc,heap        ] GC(1198) Old regions: 170->180
[7921.595s][info][gc,heap        ] GC(1198) Humongous regions: 81->81
[7921.595s][info][gc,metaspace   ] GC(1198) Metaspace: 35352K(37952K)->35352K(37952K) NonClass: 26688K(27008K)->26688K(27008K) Class: 8664K(10944K)->8664K(10944K)
[7921.595s][info][gc             ] GC(1198) Pause Young (Normal) (G1 Evacuation Pause) 4971M->2302M(10240M) 114.798ms
[7921.595s][info][gc,cpu         ] GC(1198) User=0.90s Sys=0.00s Real=0.12s
.|......[7928.185s][info][gc,start       ] GC(1199) Pause Young (Normal) (G1 Evacuation Pause)
[7928.185s][info][gc,task        ] GC(1199) Using 8 workers of 8 for evacuation
[7928.301s][info][gc,phases      ] GC(1199)   Pre Evacuate Collection Set: 0.29ms
[7928.301s][info][gc,phases      ] GC(1199)   Merge Heap Roots: 0.43ms
[7928.301s][info][gc,phases      ] GC(1199)   Evacuate Collection Set: 114.72ms
[7928.301s][info][gc,phases      ] GC(1199)   Post Evacuate Collection Set: 0.78ms
[7928.301s][info][gc,phases      ] GC(1199)   Other: 0.07ms
[7928.301s][info][gc,heap        ] GC(1199) Eden regions: 379->0(454)
[7928.301s][info][gc,heap        ] GC(1199) Survivor regions: 31->34(52)
[7928.301s][info][gc,heap        ] GC(1199) Old regions: 180->187
[7928.301s][info][gc,heap        ] GC(1199) Humongous regions: 81->81
[7928.301s][info][gc,metaspace   ] GC(1199) Metaspace: 35352K(37952K)->35352K(37952K) NonClass: 26688K(27008K)->26688K(27008K) Class: 8664K(10944K)->8664K(10944K)
[7928.301s][info][gc             ] GC(1199) Pause Young (Normal) (G1 Evacuation Pause) 5334M->2379M(10240M) 116.416ms
[7928.301s][info][gc,cpu         ] GC(1199) User=0.92s Sys=0.00s Real=0.11s
.... (rIR:aIR:PR = 3860:3856:3856) (tPR = 56994) [OK] 
  7931s: (load = 40%) ...[7935.374s][info][gc,start       ] GC(1200) Pause Young (Normal) (G1 Evacuation Pause)
[7935.374s][info][gc,task        ] GC(1200) Using 8 workers of 8 for evacuation
[7935.501s][info][gc,phases      ] GC(1200)   Pre Evacuate Collection Set: 0.25ms
[7935.501s][info][gc,phases      ] GC(1200)   Merge Heap Roots: 0.45ms
[7935.501s][info][gc,phases      ] GC(1200)   Evacuate Collection Set: 125.52ms
[7935.501s][info][gc,phases      ] GC(1200)   Post Evacuate Collection Set: 0.90ms
[7935.501s][info][gc,phases      ] GC(1200)   Other: 0.08ms
[7935.501s][info][gc,heap        ] GC(1200) Eden regions: 469->0(489)
[7935.501s][info][gc,heap        ] GC(1200) Survivor regions: 34->37(63)
[7935.501s][info][gc,heap        ] GC(1200) Old regions: 187->194
[7935.501s][info][gc,heap        ] GC(1200) Humongous regions: 81->81
[7935.501s][info][gc,metaspace   ] GC(1200) Metaspace: 35353K(37952K)->35353K(37952K) NonClass: 26689K(27008K)->26689K(27008K) Class: 8664K(10944K)->8664K(10944K)
[7935.501s][info][gc             ] GC(1200) Pause Young (Normal) (G1 Evacuation Pause) 6131M->2465M(10240M) 127.318ms
[7935.501s][info][gc,cpu         ] GC(1200) User=1.00s Sys=0.00s Real=0.12s
.|......[7942.032s][info][gc,start       ] GC(1201) Pause Young (Normal) (G1 Evacuation Pause)
[7942.032s][info][gc,task        ] GC(1201) Using 8 workers of 8 for evacuation
[7942.168s][info][gc,phases      ] GC(1201)   Pre Evacuate Collection Set: 0.26ms
[7942.168s][info][gc,phases      ] GC(1201)   Merge Heap Roots: 0.47ms
[7942.168s][info][gc,phases      ] GC(1201)   Evacuate Collection Set: 133.71ms
[7942.168s][info][gc,phases      ] GC(1201)   Post Evacuate Collection Set: 1.02ms
[7942.168s][info][gc,phases      ] GC(1201)   Other: 0.06ms
[7942.168s][info][gc,heap        ] GC(1201) Eden regions: 501->0(522)
[7942.168s][info][gc,heap        ] GC(1201) Survivor regions: 37->40(68)
[7942.168s][info][gc,heap        ] GC(1201) Old regions: 194->201
[7942.168s][info][gc,heap        ] GC(1201) Humongous regions: 81->81
[7942.168s][info][gc,metaspace   ] GC(1201) Metaspace: 35354K(37952K)->35354K(37952K) NonClass: 26690K(27008K)->26690K(27008K) Class: 8664K(10944K)->8664K(10944K)
[7942.168s][info][gc             ] GC(1201) Pause Young (Normal) (G1 Evacuation Pause) 6473M->2542M(10240M) 135.647ms
[7942.168s][info][gc,cpu         ] GC(1201) User=1.07s Sys=0.00s Real=0.13s
.... (rIR:aIR:PR = 5147:5157:5157) (tPR = 75892) [OK] 
  7945s: (load = 50%) ..[7948.340s][info][gc,start       ] GC(1202) Pause Young (Normal) (G1 Evacuation Pause)
[7948.340s][info][gc,task        ] GC(1202) Using 8 workers of 8 for evacuation
[7948.477s][info][gc,phases      ] GC(1202)   Pre Evacuate Collection Set: 0.27ms
[7948.477s][info][gc,phases      ] GC(1202)   Merge Heap Roots: 0.45ms
[7948.477s][info][gc,phases      ] GC(1202)   Evacuate Collection Set: 135.57ms
[7948.477s][info][gc,phases      ] GC(1202)   Post Evacuate Collection Set: 0.95ms
[7948.477s][info][gc,phases      ] GC(1202)   Other: 0.06ms
[7948.477s][info][gc,heap        ] GC(1202) Eden regions: 529->0(564)
[7948.477s][info][gc,heap        ] GC(1202) Survivor regions: 40->42(72)
[7948.477s][info][gc,heap        ] GC(1202) Old regions: 201->208
[7948.477s][info][gc,heap        ] GC(1202) Humongous regions: 81->81
[7948.477s][info][gc,metaspace   ] GC(1202) Metaspace: 35354K(37952K)->35354K(37952K) NonClass: 26690K(27008K)->26690K(27008K) Class: 8664K(10944K)->8664K(10944K)
[7948.477s][info][gc             ] GC(1202) Pause Young (Normal) (G1 Evacuation Pause) 6774M->2610M(10240M) 137.448ms
[7948.477s][info][gc,cpu         ] GC(1202) User=1.08s Sys=0.00s Real=0.14s
..|....[7954.387s][info][gc,start       ] GC(1203) Pause Young (Normal) (G1 Evacuation Pause)
[7954.387s][info][gc,task        ] GC(1203) Using 8 workers of 8 for evacuation
[7954.527s][info][gc,phases      ] GC(1203)   Pre Evacuate Collection Set: 0.30ms
[7954.527s][info][gc,phases      ] GC(1203)   Merge Heap Roots: 0.45ms
[7954.527s][info][gc,phases      ] GC(1203)   Evacuate Collection Set: 138.01ms
[7954.527s][info][gc,phases      ] GC(1203)   Post Evacuate Collection Set: 1.07ms
[7954.527s][info][gc,phases      ] GC(1203)   Other: 0.06ms
[7954.527s][info][gc,heap        ] GC(1203) Eden regions: 566->0(630)
[7954.527s][info][gc,heap        ] GC(1203) Survivor regions: 42->42(76)
[7954.527s][info][gc,heap        ] GC(1203) Old regions: 208->215
[7954.527s][info][gc,heap        ] GC(1203) Humongous regions: 81->81
[7954.527s][info][gc,metaspace   ] GC(1203) Metaspace: 35354K(37952K)->35354K(37952K) NonClass: 26690K(27008K)->26690K(27008K) Class: 8664K(10944K)->8664K(10944K)
[7954.527s][info][gc             ] GC(1203) Pause Young (Normal) (G1 Evacuation Pause) 7138M->2670M(10240M) 140.023ms
[7954.527s][info][gc,cpu         ] GC(1203) User=1.10s Sys=0.00s Real=0.14s
...... (rIR:aIR:PR = 6434:6424:6424) (tPR = 95041) [OK] 
  7959s: (load = 60%) .[7960.901s][info][gc,start       ] GC(1204) Pause Young (Normal) (G1 Evacuation Pause)
[7960.901s][info][gc,task        ] GC(1204) Using 8 workers of 8 for evacuation
[7961.050s][info][gc,phases      ] GC(1204)   Pre Evacuate Collection Set: 0.27ms
[7961.050s][info][gc,phases      ] GC(1204)   Merge Heap Roots: 0.47ms
[7961.050s][info][gc,phases      ] GC(1204)   Evacuate Collection Set: 146.88ms
[7961.050s][info][gc,phases      ] GC(1204)   Post Evacuate Collection Set: 1.16ms
[7961.050s][info][gc,phases      ] GC(1204)   Other: 0.07ms
[7961.050s][info][gc,heap        ] GC(1204) Eden regions: 629->0(562)
[7961.050s][info][gc,heap        ] GC(1204) Survivor regions: 42->50(84)
[7961.050s][info][gc,heap        ] GC(1204) Old regions: 215->215
[7961.050s][info][gc,heap        ] GC(1204) Humongous regions: 81->81
[7961.050s][info][gc,metaspace   ] GC(1204) Metaspace: 35354K(37952K)->35354K(37952K) NonClass: 26690K(27008K)->26690K(27008K) Class: 8664K(10944K)->8664K(10944K)
[7961.050s][info][gc             ] GC(1204) Pause Young (Normal) (G1 Evacuation Pause) 7702M->2734M(10240M) 148.990ms
[7961.050s][info][gc,cpu         ] GC(1204) User=1.17s Sys=0.00s Real=0.15s
...|..[7965.877s][info][gc,start       ] GC(1205) Pause Young (Normal) (G1 Evacuation Pause)
[7965.877s][info][gc,task        ] GC(1205) Using 8 workers of 8 for evacuation
[7966.031s][info][gc,phases      ] GC(1205)   Pre Evacuate Collection Set: 0.27ms
[7966.031s][info][gc,phases      ] GC(1205)   Merge Heap Roots: 0.49ms
[7966.031s][info][gc,phases      ] GC(1205)   Evacuate Collection Set: 152.68ms
[7966.031s][info][gc,phases      ] GC(1205)   Post Evacuate Collection Set: 1.03ms
[7966.031s][info][gc,phases      ] GC(1205)   Other: 0.06ms
[7966.031s][info][gc,heap        ] GC(1205) Eden regions: 556->0(714)
[7966.031s][info][gc,heap        ] GC(1205) Survivor regions: 50->44(76)
[7966.031s][info][gc,heap        ] GC(1205) Old regions: 215->224
[7966.031s][info][gc,heap        ] GC(1205) Humongous regions: 81->81
[7966.031s][info][gc,metaspace   ] GC(1205) Metaspace: 35354K(37952K)->35354K(37952K) NonClass: 26690K(27008K)->26690K(27008K) Class: 8664K(10944K)->8664K(10944K)
[7966.031s][info][gc             ] GC(1205) Pause Young (Normal) (G1 Evacuation Pause) 7182M->2762M(10240M) 154.681ms
[7966.031s][info][gc,cpu         ] GC(1205) User=1.21s Sys=0.00s Real=0.15s
......[7972.201s][info][gc,start       ] GC(1206) Pause Young (Normal) (G1 Evacuation Pause)
[7972.201s][info][gc,task        ] GC(1206) Using 8 workers of 8 for evacuation
[7972.351s][info][gc,phases      ] GC(1206)   Pre Evacuate Collection Set: 0.28ms
[7972.351s][info][gc,phases      ] GC(1206)   Merge Heap Roots: 0.53ms
[7972.351s][info][gc,phases      ] GC(1206)   Evacuate Collection Set: 147.46ms
[7972.351s][info][gc,phases      ] GC(1206)   Post Evacuate Collection Set: 1.20ms
[7972.351s][info][gc,phases      ] GC(1206)   Other: 0.06ms
[7972.351s][info][gc,heap        ] GC(1206) Eden regions: 710->0(668)
[7972.351s][info][gc,heap        ] GC(1206) Survivor regions: 44->51(95)
[7972.351s][info][gc,heap        ] GC(1206) Old regions: 224->224
[7972.351s][info][gc,heap        ] GC(1206) Humongous regions: 81->81
[7972.351s][info][gc,metaspace   ] GC(1206) Metaspace: 35354K(37952K)->35354K(37952K) NonClass: 26690K(27008K)->26690K(27008K) Class: 8664K(10944K)->8664K(10944K)
[7972.351s][info][gc             ] GC(1206) Pause Young (Normal) (G1 Evacuation Pause) 8442M->2814M(10240M) 149.713ms
[7972.351s][info][gc,cpu         ] GC(1206) User=1.18s Sys=0.00s Real=0.15s
.. (rIR:aIR:PR = 7721:7697:7697) (tPR = 114024) [OK] 
  7973s: (load = 70%) ...[7977.399s][info][gc,start       ] GC(1207) Pause Young (Concurrent Start) (G1 Evacuation Pause)
[7977.399s][info][gc,task        ] GC(1207) Using 8 workers of 8 for evacuation
[7977.555s][info][gc,phases      ] GC(1207)   Pre Evacuate Collection Set: 0.31ms
[7977.555s][info][gc,phases      ] GC(1207)   Merge Heap Roots: 0.51ms
[7977.555s][info][gc,phases      ] GC(1207)   Evacuate Collection Set: 154.08ms
[7977.555s][info][gc,phases      ] GC(1207)   Post Evacuate Collection Set: 1.21ms
[7977.555s][info][gc,phases      ] GC(1207)   Other: 0.10ms
[7977.555s][info][gc,heap        ] GC(1207) Eden regions: 659->0(717)
[7977.555s][info][gc,heap        ] GC(1207) Survivor regions: 51->51(89)
[7977.555s][info][gc,heap        ] GC(1207) Old regions: 224->227
[7977.555s][info][gc,heap        ] GC(1207) Humongous regions: 81->81
[7977.555s][info][gc,metaspace   ] GC(1207) Metaspace: 35354K(37952K)->35354K(37952K) NonClass: 26690K(27008K)->26690K(27008K) Class: 8664K(10944K)->8664K(10944K)
[7977.555s][info][gc             ] GC(1207) Pause Young (Concurrent Start) (G1 Evacuation Pause) 8086M->2839M(10240M) 156.334ms
[7977.555s][info][gc             ] GC(1208) Concurrent Mark Cycle
[7977.555s][info][gc,marking     ] GC(1208) Concurrent Scan Root Regions
[7977.555s][info][gc,cpu         ] GC(1207) User=1.23s Sys=0.00s Real=0.16s
.|[7977.884s][info][gc,marking     ] GC(1208) Concurrent Scan Root Regions 328.836ms
[7977.884s][info][gc,marking     ] GC(1208) Concurrent Mark
[7977.884s][info][gc,marking     ] GC(1208) Concurrent Mark From Roots
[7977.884s][info][gc,task        ] GC(1208) Using 2 workers of 2 for marking
.[7978.976s][info][gc,marking     ] GC(1208) Concurrent Mark From Roots 1092.291ms
[7978.976s][info][gc,marking     ] GC(1208) Concurrent Preclean
[7978.977s][info][gc,marking     ] GC(1208) Concurrent Preclean 0.217ms
[7978.977s][info][gc,start       ] GC(1208) Pause Remark
[7978.979s][info][gc             ] GC(1208) Pause Remark 4375M->3431M(10240M) 1.996ms
[7978.979s][info][gc,cpu         ] GC(1208) User=0.01s Sys=0.00s Real=0.00s
[7978.979s][info][gc,marking     ] GC(1208) Concurrent Mark 1094.788ms
[7978.979s][info][gc,marking     ] GC(1208) Concurrent Rebuild Remembered Sets and Scrub Regions
[7979.392s][info][gc,marking     ] GC(1208) Concurrent Rebuild Remembered Sets and Scrub Regions 413.080ms
[7979.392s][info][gc,start       ] GC(1208) Pause Cleanup
[7979.392s][info][gc             ] GC(1208) Pause Cleanup 3967M->3967M(10240M) 0.266ms
[7979.392s][info][gc,cpu         ] GC(1208) User=0.00s Sys=0.00s Real=0.00s
[7979.393s][info][gc,marking     ] GC(1208) Concurrent Clear Claimed Marks
[7979.393s][info][gc,marking     ] GC(1208) Concurrent Clear Claimed Marks 0.042ms
[7979.393s][info][gc,marking     ] GC(1208) Concurrent Cleanup for Next Mark
[7979.405s][info][gc,marking     ] GC(1208) Concurrent Cleanup for Next Mark 12.234ms
[7979.405s][info][gc             ] GC(1208) Concurrent Mark Cycle 1849.658ms
...[7982.697s][info][gc,start       ] GC(1209) Pause Young (Prepare Mixed) (G1 Evacuation Pause)
[7982.697s][info][gc,task        ] GC(1209) Using 8 workers of 8 for evacuation
[7982.861s][info][gc,phases      ] GC(1209)   Pre Evacuate Collection Set: 0.27ms
[7982.862s][info][gc,phases      ] GC(1209)   Merge Heap Roots: 0.73ms
[7982.862s][info][gc,phases      ] GC(1209)   Evacuate Collection Set: 162.11ms
[7982.862s][info][gc,phases      ] GC(1209)   Post Evacuate Collection Set: 1.33ms
[7982.862s][info][gc,phases      ] GC(1209)   Other: 0.06ms
[7982.862s][info][gc,heap        ] GC(1209) Eden regions: 704->0(650)
[7982.862s][info][gc,heap        ] GC(1209) Survivor regions: 51->54(95)
[7982.862s][info][gc,heap        ] GC(1209) Old regions: 157->160
[7982.862s][info][gc,heap        ] GC(1209) Humongous regions: 33->33
[7982.862s][info][gc,metaspace   ] GC(1209) Metaspace: 35354K(37952K)->35354K(37952K) NonClass: 26690K(27008K)->26690K(27008K) Class: 8664K(10944K)->8664K(10944K)
[7982.862s][info][gc             ] GC(1209) Pause Young (Prepare Mixed) (G1 Evacuation Pause) 7527M->1938M(10240M) 164.644ms
[7982.862s][info][gc,cpu         ] GC(1209) User=1.30s Sys=0.00s Real=0.16s
.....[7987.762s][info][gc,start       ] GC(1210) Pause Young (Mixed) (G1 Evacuation Pause)
[7987.762s][info][gc,task        ] GC(1210) Using 8 workers of 8 for evacuation
[7987.926s][info][gc,phases      ] GC(1210)   Pre Evacuate Collection Set: 0.29ms
[7987.926s][info][gc,phases      ] GC(1210)   Merge Heap Roots: 0.65ms
[7987.926s][info][gc,phases      ] GC(1210)   Evacuate Collection Set: 162.26ms
[7987.926s][info][gc,phases      ] GC(1210)   Post Evacuate Collection Set: 1.21ms
[7987.926s][info][gc,phases      ] GC(1210)   Other: 0.07ms
[7987.926s][info][gc,heap        ] GC(1210) Eden regions: 680->0(706)
[7987.926s][info][gc,heap        ] GC(1210) Survivor regions: 54->53(92)
[7987.926s][info][gc,heap        ] GC(1210) Old regions: 160->158
[7987.926s][info][gc,heap        ] GC(1210) Humongous regions: 33->33
[7987.926s][info][gc,metaspace   ] GC(1210) Metaspace: 35354K(37952K)->35354K(37952K) NonClass: 26690K(27008K)->26690K(27008K) Class: 8664K(10944K)->8664K(10944K)
[7987.926s][info][gc             ] GC(1210) Pause Young (Mixed) (G1 Evacuation Pause) 7378M->1918M(10240M) 164.604ms
[7987.926s][info][gc,cpu         ] GC(1210) User=1.29s Sys=0.00s Real=0.17s
. (rIR:aIR:PR = 9008:9087:9173) (tPR = 135313) [OK] 
  7987s: (load = 80%) ....|[7992.748s][info][gc,start       ] GC(1211) Pause Young (Mixed) (G1 Evacuation Pause)
[7992.748s][info][gc,task        ] GC(1211) Using 8 workers of 8 for evacuation
[7992.913s][info][gc,phases      ] GC(1211)   Pre Evacuate Collection Set: 0.28ms
[7992.913s][info][gc,phases      ] GC(1211)   Merge Heap Roots: 0.59ms
[7992.913s][info][gc,phases      ] GC(1211)   Evacuate Collection Set: 162.61ms
[7992.913s][info][gc,phases      ] GC(1211)   Post Evacuate Collection Set: 1.28ms
[7992.913s][info][gc,phases      ] GC(1211)   Other: 0.07ms
[7992.913s][info][gc,heap        ] GC(1211) Eden regions: 715->0(716)
[7992.913s][info][gc,heap        ] GC(1211) Survivor regions: 53->52(96)
[7992.913s][info][gc,heap        ] GC(1211) Old regions: 158->132
[7992.913s][info][gc,heap        ] GC(1211) Humongous regions: 33->33
[7992.913s][info][gc,metaspace   ] GC(1211) Metaspace: 35354K(37952K)->35354K(37952K) NonClass: 26690K(27008K)->26690K(27008K) Class: 8664K(10944K)->8664K(10944K)
[7992.913s][info][gc             ] GC(1211) Pause Young (Mixed) (G1 Evacuation Pause) 7638M->1707M(10240M) 164.970ms
[7992.913s][info][gc,cpu         ] GC(1211) User=1.30s Sys=0.00s Real=0.17s
.....[7997.415s][info][gc,start       ] GC(1212) Pause Young (Normal) (G1 Evacuation Pause)
[7997.415s][info][gc,task        ] GC(1212) Using 8 workers of 8 for evacuation
[7997.579s][info][gc,phases      ] GC(1212)   Pre Evacuate Collection Set: 0.27ms
[7997.579s][info][gc,phases      ] GC(1212)   Merge Heap Roots: 0.54ms
[7997.579s][info][gc,phases      ] GC(1212)   Evacuate Collection Set: 161.94ms
[7997.579s][info][gc,phases      ] GC(1212)   Post Evacuate Collection Set: 1.31ms
[7997.579s][info][gc,phases      ] GC(1212)   Other: 0.07ms
[7997.579s][info][gc,heap        ] GC(1212) Eden regions: 716->0(715)
[7997.579s][info][gc,heap        ] GC(1212) Survivor regions: 52->53(96)
[7997.579s][info][gc,heap        ] GC(1212) Old regions: 132->135
[7997.579s][info][gc,heap        ] GC(1212) Humongous regions: 33->33
[7997.579s][info][gc,metaspace   ] GC(1212) Metaspace: 35354K(37952K)->35354K(37952K) NonClass: 26690K(27008K)->26690K(27008K) Class: 8664K(10944K)->8664K(10944K)
[7997.579s][info][gc             ] GC(1212) Pause Young (Normal) (G1 Evacuation Pause) 7435M->1737M(10240M) 164.256ms
[7997.579s][info][gc,cpu         ] GC(1212) User=1.29s Sys=0.00s Real=0.16s
..... (rIR:aIR:PR = 10294:10226:10235) (tPR = 149849) [OK] 
  8001s: (load = 90%) [8002.263s][info][gc,start       ] GC(1213) Pause Young (Normal) (G1 Evacuation Pause)
[8002.263s][info][gc,task        ] GC(1213) Using 8 workers of 8 for evacuation
[8002.424s][info][gc,phases      ] GC(1213)   Pre Evacuate Collection Set: 0.27ms
[8002.424s][info][gc,phases      ] GC(1213)   Merge Heap Roots: 0.52ms
[8002.424s][info][gc,phases      ] GC(1213)   Evacuate Collection Set: 159.33ms
[8002.424s][info][gc,phases      ] GC(1213)   Post Evacuate Collection Set: 1.40ms
[8002.424s][info][gc,phases      ] GC(1213)   Other: 0.07ms
[8002.424s][info][gc,heap        ] GC(1213) Eden regions: 715->0(716)
[8002.424s][info][gc,heap        ] GC(1213) Survivor regions: 53->52(96)
[8002.424s][info][gc,heap        ] GC(1213) Old regions: 135->138
[8002.424s][info][gc,heap        ] GC(1213) Humongous regions: 33->33
[8002.424s][info][gc,metaspace   ] GC(1213) Metaspace: 35354K(37952K)->35354K(37952K) NonClass: 26690K(27008K)->26690K(27008K) Class: 8664K(10944K)->8664K(10944K)
[8002.424s][info][gc             ] GC(1213) Pause Young (Normal) (G1 Evacuation Pause) 7457M->1750M(10240M) 161.713ms
[8002.424s][info][gc,cpu         ] GC(1213) User=1.27s Sys=0.00s Real=0.16s
....[8006.564s][info][gc,start       ] GC(1214) Pause Young (Normal) (G1 Evacuation Pause)
[8006.565s][info][gc,task        ] GC(1214) Using 8 workers of 8 for evacuation
[8006.732s][info][gc,phases      ] GC(1214)   Pre Evacuate Collection Set: 0.28ms
[8006.732s][info][gc,phases      ] GC(1214)   Merge Heap Roots: 0.52ms
[8006.732s][info][gc,phases      ] GC(1214)   Evacuate Collection Set: 164.83ms
[8006.732s][info][gc,phases      ] GC(1214)   Post Evacuate Collection Set: 1.30ms
[8006.732s][info][gc,phases      ] GC(1214)   Other: 0.06ms
[8006.732s][info][gc,heap        ] GC(1214) Eden regions: 716->0(715)
[8006.732s][info][gc,heap        ] GC(1214) Survivor regions: 52->53(96)
[8006.732s][info][gc,heap        ] GC(1214) Old regions: 138->140
[8006.732s][info][gc,heap        ] GC(1214) Humongous regions: 33->33
[8006.732s][info][gc,metaspace   ] GC(1214) Metaspace: 35354K(37952K)->35354K(37952K) NonClass: 26690K(27008K)->26690K(27008K) Class: 8664K(10944K)->8664K(10944K)
[8006.732s][info][gc             ] GC(1214) Pause Young (Normal) (G1 Evacuation Pause) 7478M->1779M(10240M) 167.128ms
[8006.732s][info][gc,cpu         ] GC(1214) User=1.32s Sys=0.00s Real=0.16s
.|...[8010.892s][info][gc,start       ] GC(1215) Pause Young (Normal) (G1 Evacuation Pause)
[8010.892s][info][gc,task        ] GC(1215) Using 8 workers of 8 for evacuation
[8011.056s][info][gc,phases      ] GC(1215)   Pre Evacuate Collection Set: 0.29ms
[8011.056s][info][gc,phases      ] GC(1215)   Merge Heap Roots: 0.54ms
[8011.056s][info][gc,phases      ] GC(1215)   Evacuate Collection Set: 161.82ms
[8011.056s][info][gc,phases      ] GC(1215)   Post Evacuate Collection Set: 1.26ms
[8011.056s][info][gc,phases      ] GC(1215)   Other: 0.07ms
[8011.056s][info][gc,heap        ] GC(1215) Eden regions: 715->0(716)
[8011.056s][info][gc,heap        ] GC(1215) Survivor regions: 53->52(96)
[8011.056s][info][gc,heap        ] GC(1215) Old regions: 140->143
[8011.056s][info][gc,heap        ] GC(1215) Humongous regions: 33->33
[8011.056s][info][gc,metaspace   ] GC(1215) Metaspace: 35354K(37952K)->35354K(37952K) NonClass: 26690K(27008K)->26690K(27008K) Class: 8664K(10944K)->8664K(10944K)
[8011.056s][info][gc             ] GC(1215) Pause Young (Normal) (G1 Evacuation Pause) 7499M->1793M(10240M) 164.122ms
[8011.056s][info][gc,cpu         ] GC(1215) User=1.29s Sys=0.00s Real=0.16s
.....[8015.105s][info][gc,start       ] GC(1216) Pause Young (Normal) (G1 Evacuation Pause)
[8015.105s][info][gc,task        ] GC(1216) Using 8 workers of 8 for evacuation
[8015.269s][info][gc,phases      ] GC(1216)   Pre Evacuate Collection Set: 0.26ms
[8015.269s][info][gc,phases      ] GC(1216)   Merge Heap Roots: 0.53ms
[8015.269s][info][gc,phases      ] GC(1216)   Evacuate Collection Set: 161.17ms
[8015.269s][info][gc,phases      ] GC(1216)   Post Evacuate Collection Set: 1.33ms
[8015.269s][info][gc,phases      ] GC(1216)   Other: 0.07ms
[8015.269s][info][gc,heap        ] GC(1216) Eden regions: 716->0(716)
[8015.269s][info][gc,heap        ] GC(1216) Survivor regions: 52->52(96)
[8015.269s][info][gc,heap        ] GC(1216) Old regions: 143->146
[8015.269s][info][gc,heap        ] GC(1216) Humongous regions: 33->33
[8015.269s][info][gc,metaspace   ] GC(1216) Metaspace: 35354K(37952K)->35354K(37952K) NonClass: 26690K(27008K)->26690K(27008K) Class: 8664K(10944K)->8664K(10944K)
[8015.269s][info][gc             ] GC(1216) Pause Young (Normal) (G1 Evacuation Pause) 7521M->1814M(10240M) 163.486ms
[8015.269s][info][gc,cpu         ] GC(1216) User=1.29s Sys=0.00s Real=0.16s
.. (rIR:aIR:PR = 11581:11563:11570) (tPR = 173530) [OK] 
  8016s: (load = 100%) .[8019.015s][info][gc,start       ] GC(1217) Pause Young (Normal) (G1 Evacuation Pause)
[8019.015s][info][gc,task        ] GC(1217) Using 8 workers of 8 for evacuation
[8019.187s][info][gc,phases      ] GC(1217)   Pre Evacuate Collection Set: 0.27ms
[8019.187s][info][gc,phases      ] GC(1217)   Merge Heap Roots: 0.54ms
[8019.187s][info][gc,phases      ] GC(1217)   Evacuate Collection Set: 169.22ms
[8019.187s][info][gc,phases      ] GC(1217)   Post Evacuate Collection Set: 1.24ms
[8019.187s][info][gc,phases      ] GC(1217)   Other: 0.07ms
[8019.187s][info][gc,heap        ] GC(1217) Eden regions: 716->0(713)
[8019.187s][info][gc,heap        ] GC(1217) Survivor regions: 52->55(96)
[8019.187s][info][gc,heap        ] GC(1217) Old regions: 146->148
[8019.187s][info][gc,heap        ] GC(1217) Humongous regions: 33->33
[8019.187s][info][gc,metaspace   ] GC(1217) Metaspace: 35356K(37952K)->35356K(37952K) NonClass: 26692K(27008K)->26692K(27008K) Class: 8664K(10944K)->8664K(10944K)
[8019.187s][info][gc             ] GC(1217) Pause Young (Normal) (G1 Evacuation Pause) 7542M->1855M(10240M) 171.475ms
[8019.187s][info][gc,cpu         ] GC(1217) User=1.35s Sys=0.00s Real=0.17s
....[8022.980s][info][gc,start       ] GC(1218) Pause Young (Normal) (G1 Evacuation Pause)
[8022.980s][info][gc,task        ] GC(1218) Using 8 workers of 8 for evacuation
[8023.155s][info][gc,phases      ] GC(1218)   Pre Evacuate Collection Set: 0.26ms
[8023.155s][info][gc,phases      ] GC(1218)   Merge Heap Roots: 0.53ms
[8023.155s][info][gc,phases      ] GC(1218)   Evacuate Collection Set: 172.45ms
[8023.155s][info][gc,phases      ] GC(1218)   Post Evacuate Collection Set: 1.30ms
[8023.155s][info][gc,phases      ] GC(1218)   Other: 0.06ms
[8023.155s][info][gc,heap        ] GC(1218) Eden regions: 713->0(713)
[8023.155s][info][gc,heap        ] GC(1218) Survivor regions: 55->55(96)
[8023.155s][info][gc,heap        ] GC(1218) Old regions: 148->151
[8023.155s][info][gc,heap        ] GC(1218) Humongous regions: 33->33
[8023.155s][info][gc,metaspace   ] GC(1218) Metaspace: 35356K(37952K)->35356K(37952K) NonClass: 26692K(27008K)->26692K(27008K) Class: 8664K(10944K)->8664K(10944K)
[8023.155s][info][gc             ] GC(1218) Pause Young (Normal) (G1 Evacuation Pause) 7559M->1881M(10240M) 174.750ms
[8023.155s][info][gc,cpu         ] GC(1218) User=1.38s Sys=0.00s Real=0.18s
....[8026.835s][info][gc,start       ] GC(1219) Pause Young (Normal) (G1 Evacuation Pause)
[8026.835s][info][gc,task        ] GC(1219) Using 8 workers of 8 for evacuation
[8027.000s][info][gc,phases      ] GC(1219)   Pre Evacuate Collection Set: 0.26ms
[8027.000s][info][gc,phases      ] GC(1219)   Merge Heap Roots: 0.53ms
[8027.000s][info][gc,phases      ] GC(1219)   Evacuate Collection Set: 163.02ms
[8027.000s][info][gc,phases      ] GC(1219)   Post Evacuate Collection Set: 1.32ms
[8027.000s][info][gc,phases      ] GC(1219)   Other: 0.07ms
[8027.000s][info][gc,heap        ] GC(1219) Eden regions: 713->0(715)
[8027.000s][info][gc,heap        ] GC(1219) Survivor regions: 55->53(96)
[8027.000s][info][gc,heap        ] GC(1219) Old regions: 151->154
[8027.000s][info][gc,heap        ] GC(1219) Humongous regions: 33->33
[8027.000s][info][gc,metaspace   ] GC(1219) Metaspace: 35356K(37952K)->35356K(37952K) NonClass: 26692K(27008K)->26692K(27008K) Class: 8664K(10944K)->8664K(10944K)
[8027.001s][info][gc             ] GC(1219) Pause Young (Normal) (G1 Evacuation Pause) 7585M->1887M(10240M) 165.340ms
[8027.001s][info][gc,cpu         ] GC(1219) User=1.30s Sys=0.00s Real=0.16s
.|...[8030.642s][info][gc,start       ] GC(1220) Pause Young (Normal) (G1 Evacuation Pause)
[8030.642s][info][gc,task        ] GC(1220) Using 8 workers of 8 for evacuation
[8030.810s][info][gc,phases      ] GC(1220)   Pre Evacuate Collection Set: 0.26ms
[8030.810s][info][gc,phases      ] GC(1220)   Merge Heap Roots: 0.53ms
[8030.810s][info][gc,phases      ] GC(1220)   Evacuate Collection Set: 165.89ms
[8030.810s][info][gc,phases      ] GC(1220)   Post Evacuate Collection Set: 1.27ms
[8030.810s][info][gc,phases      ] GC(1220)   Other: 0.06ms
[8030.810s][info][gc,heap        ] GC(1220) Eden regions: 715->0(714)
[8030.810s][info][gc,heap        ] GC(1220) Survivor regions: 53->54(96)
[8030.810s][info][gc,heap        ] GC(1220) Old regions: 154->157
[8030.810s][info][gc,heap        ] GC(1220) Humongous regions: 33->33
[8030.810s][info][gc,metaspace   ] GC(1220) Metaspace: 35356K(37952K)->35356K(37952K) NonClass: 26692K(27008K)->26692K(27008K) Class: 8664K(10944K)->8664K(10944K)
[8030.810s][info][gc             ] GC(1220) Pause Young (Normal) (G1 Evacuation Pause) 7607M->1918M(10240M) 168.152ms
[8030.810s][info][gc,cpu         ] GC(1220) User=1.32s Sys=0.00s Real=0.16s
....[8034.417s][info][gc,start       ] GC(1221) Pause Young (Normal) (G1 Evacuation Pause)
[8034.417s][info][gc,task        ] GC(1221) Using 8 workers of 8 for evacuation
[8034.588s][info][gc,phases      ] GC(1221)   Pre Evacuate Collection Set: 0.27ms
[8034.588s][info][gc,phases      ] GC(1221)   Merge Heap Roots: 0.57ms
[8034.588s][info][gc,phases      ] GC(1221)   Evacuate Collection Set: 168.61ms
[8034.588s][info][gc,phases      ] GC(1221)   Post Evacuate Collection Set: 1.26ms
[8034.588s][info][gc,phases      ] GC(1221)   Other: 0.07ms
[8034.588s][info][gc,heap        ] GC(1221) Eden regions: 714->0(714)
[8034.588s][info][gc,heap        ] GC(1221) Survivor regions: 54->54(96)
[8034.588s][info][gc,heap        ] GC(1221) Old regions: 157->160
[8034.588s][info][gc,heap        ] GC(1221) Humongous regions: 33->33
[8034.588s][info][gc,metaspace   ] GC(1221) Metaspace: 35356K(37952K)->35356K(37952K) NonClass: 26692K(27008K)->26692K(27008K) Class: 8664K(10944K)->8664K(10944K)
[8034.588s][info][gc             ] GC(1221) Pause Young (Normal) (G1 Evacuation Pause) 7630M->1940M(10240M) 170.924ms
[8034.588s][info][gc,cpu         ] GC(1221) User=1.34s Sys=0.00s Real=0.17s
... (rIR:aIR:PR = 12868:12909:12803) (tPR = 191796) [OK] 
  8037s: Validating... (quiescence.....) (stop TxI) (stop BE) (saving... [8044.268s][info][gc,start       ] GC(1222) Pause Young (Concurrent Start) (G1 Humongous Allocation)
[8044.268s][info][gc,task        ] GC(1222) Using 8 workers of 8 for evacuation
[8044.535s][info][gc,mmu         ] GC(1222) MMU target violated: 201.0ms (200.0ms/201.0ms)
[8044.535s][info][gc,phases      ] GC(1222)   Pre Evacuate Collection Set: 0.29ms
[8044.535s][info][gc,phases      ] GC(1222)   Merge Heap Roots: 1.28ms
[8044.535s][info][gc,phases      ] GC(1222)   Evacuate Collection Set: 264.22ms
[8044.535s][info][gc,phases      ] GC(1222)   Post Evacuate Collection Set: 1.35ms
[8044.535s][info][gc,phases      ] GC(1222)   Other: 0.14ms
[8044.535s][info][gc,heap        ] GC(1222) Eden regions: 590->0(306)
[8044.535s][info][gc,heap        ] GC(1222) Survivor regions: 54->60(89)
[8044.535s][info][gc,heap        ] GC(1222) Old regions: 160->169
[8044.535s][info][gc,heap        ] GC(1222) Humongous regions: 132->86
[8044.535s][info][gc,metaspace   ] GC(1222) Metaspace: 35356K(37952K)->35356K(37952K) NonClass: 26692K(27008K)->26692K(27008K) Class: 8664K(10944K)->8664K(10944K)
[8044.535s][info][gc             ] GC(1222) Pause Young (Concurrent Start) (G1 Humongous Allocation) 7450M->2491M(10240M) 267.381ms
[8044.535s][info][gc             ] GC(1223) Concurrent Undo Cycle
[8044.535s][info][gc,cpu         ] GC(1222) User=2.10s Sys=0.00s Real=0.27s
[8044.535s][info][gc,marking     ] GC(1223) Concurrent Clear Claimed Marks
[8044.535s][info][gc,marking     ] GC(1223) Concurrent Clear Claimed Marks 0.042ms
[8044.535s][info][gc,marking     ] GC(1223) Concurrent Cleanup for Next Mark
[8044.536s][info][gc,marking     ] GC(1223) Concurrent Cleanup for Next Mark 0.534ms
[8044.536s][info][gc             ] GC(1223) Concurrent Undo Cycle 0.658ms
234050 Kb) (validation=PASSED)(term) [8047.809s][info][gc,start       ] GC(1224) Pause Full (System.gc())
[8047.809s][info][gc,task        ] GC(1224) Using 8 workers of 8 for full compaction
[8047.809s][info][gc,phases,start] GC(1224) Phase 1: Mark live objects
[8047.827s][info][gc,phases      ] GC(1224) Phase 1: Mark live objects 17.777ms
[8047.827s][info][gc,phases,start] GC(1224) Phase 2: Prepare compaction
[8047.832s][info][gc,phases      ] GC(1224) Phase 2: Prepare compaction 5.159ms
[8047.832s][info][gc,phases,start] GC(1224) Phase 3: Adjust pointers
[8047.841s][info][gc,phases      ] GC(1224) Phase 3: Adjust pointers 9.222ms
[8047.841s][info][gc,phases,start] GC(1224) Phase 4: Compact heap
[8047.845s][info][gc,phases      ] GC(1224) Phase 4: Compact heap 3.986ms
[8047.845s][info][gc,phases,start] GC(1224) Phase 5: Reset Metadata
[8047.849s][info][gc,phases      ] GC(1224) Phase 5: Reset Metadata 3.441ms
[8047.859s][info][gc,heap        ] GC(1224) Eden regions: 19->0(768)
[8047.859s][info][gc,heap        ] GC(1224) Survivor regions: 60->0(89)
[8047.859s][info][gc,heap        ] GC(1224) Old regions: 169->12
[8047.859s][info][gc,heap        ] GC(1224) Humongous regions: 151->33
[8047.859s][info][gc,metaspace   ] GC(1224) Metaspace: 35372K(37952K)->35372K(37952K) NonClass: 26708K(27008K)->26708K(27008K) Class: 8664K(10944K)->8664K(10944K)
[8047.859s][info][gc             ] GC(1224) Pause Full (System.gc()) 3160M->331M(10240M) 50.391ms
[8047.859s][info][gc,cpu         ] GC(1224) User=0.34s Sys=0.00s Real=0.05s
(init) ... ...completed!
  8053s: Restarting (term) [8053.431s][info][gc,start       ] GC(1225) Pause Full (System.gc())
[8053.431s][info][gc,task        ] GC(1225) Using 8 workers of 8 for full compaction
[8053.431s][info][gc,phases,start] GC(1225) Phase 1: Mark live objects
[8053.447s][info][gc,phases      ] GC(1225) Phase 1: Mark live objects 15.431ms
[8053.447s][info][gc,phases,start] GC(1225) Phase 2: Prepare compaction
[8053.452s][info][gc,phases      ] GC(1225) Phase 2: Prepare compaction 4.908ms
[8053.452s][info][gc,phases,start] GC(1225) Phase 3: Adjust pointers
[8053.462s][info][gc,phases      ] GC(1225) Phase 3: Adjust pointers 9.848ms
[8053.462s][info][gc,phases,start] GC(1225) Phase 4: Compact heap
[8053.467s][info][gc,phases      ] GC(1225) Phase 4: Compact heap 5.062ms
[8053.467s][info][gc,phases,start] GC(1225) Phase 5: Reset Metadata
[8053.471s][info][gc,phases      ] GC(1225) Phase 5: Reset Metadata 3.889ms
[8053.481s][info][gc,heap        ] GC(1225) Eden regions: 470->0(768)
[8053.481s][info][gc,heap        ] GC(1225) Survivor regions: 0->0(89)
[8053.481s][info][gc,heap        ] GC(1225) Old regions: 12->13
[8053.481s][info][gc,heap        ] GC(1225) Humongous regions: 86->33
[8053.481s][info][gc,metaspace   ] GC(1225) Metaspace: 35389K(37952K)->35389K(37952K) NonClass: 26714K(27008K)->26714K(27008K) Class: 8675K(10944K)->8675K(10944K)
[8053.481s][info][gc             ] GC(1225) Pause Full (System.gc()) 4508M->331M(10240M) 49.984ms
[8053.481s][info][gc,cpu         ] GC(1225) User=0.34s Sys=0.01s Real=0.05s
(init) ... OK
  8058s: 
  8058s: 
  8058s: Profiling....|.[8064.510s][info][gc,start       ] GC(1226) Pause Young (Normal) (G1 Evacuation Pause)
[8064.510s][info][gc,task        ] GC(1226) Using 8 workers of 8 for evacuation
[8065.240s][info][gc,mmu         ] GC(1226) MMU target violated: 201.0ms (200.0ms/201.0ms)
[8065.240s][info][gc,phases      ] GC(1226)   Pre Evacuate Collection Set: 0.28ms
[8065.240s][info][gc,phases      ] GC(1226)   Merge Heap Roots: 0.79ms
[8065.240s][info][gc,phases      ] GC(1226)   Evacuate Collection Set: 726.93ms
[8065.240s][info][gc,phases      ] GC(1226)   Post Evacuate Collection Set: 1.59ms
[8065.240s][info][gc,phases      ] GC(1226)   Other: 0.11ms
[8065.240s][info][gc,heap        ] GC(1226) Eden regions: 768->0(332)
[8065.240s][info][gc,heap        ] GC(1226) Survivor regions: 0->96(96)
[8065.240s][info][gc,heap        ] GC(1226) Old regions: 13->70
[8065.240s][info][gc,heap        ] GC(1226) Humongous regions: 86->81
[8065.240s][info][gc,metaspace   ] GC(1226) Metaspace: 35442K(37952K)->35442K(37952K) NonClass: 26766K(27008K)->26766K(27008K) Class: 8675K(10944K)->8675K(10944K)
[8065.240s][info][gc             ] GC(1226) Pause Young (Normal) (G1 Evacuation Pause) 6899M->1939M(10240M) 729.807ms
[8065.240s][info][gc,cpu         ] GC(1226) User=5.75s Sys=0.00s Real=0.73s
.......[8071.507s][info][gc,start       ] GC(1227) Pause Young (Normal) (G1 Evacuation Pause)
[8071.507s][info][gc,task        ] GC(1227) Using 8 workers of 8 for evacuation
[8071.874s][info][gc,mmu         ] GC(1227) MMU target violated: 201.0ms (200.0ms/201.0ms)
[8071.874s][info][gc,phases      ] GC(1227)   Pre Evacuate Collection Set: 0.29ms
[8071.874s][info][gc,phases      ] GC(1227)   Merge Heap Roots: 0.64ms
[8071.874s][info][gc,phases      ] GC(1227)   Evacuate Collection Set: 365.22ms
[8071.874s][info][gc,phases      ] GC(1227)   Post Evacuate Collection Set: 0.74ms
[8071.874s][info][gc,phases      ] GC(1227)   Other: 0.10ms
[8071.874s][info][gc,heap        ] GC(1227) Eden regions: 344->0(322)
[8071.874s][info][gc,heap        ] GC(1227) Survivor regions: 96->11(55)
[8071.874s][info][gc,heap        ] GC(1227) Old regions: 70->166
[8071.874s][info][gc,heap        ] GC(1227) Humongous regions: 81->81
[8071.874s][info][gc,metaspace   ] GC(1227) Metaspace: 35444K(37952K)->35444K(37952K) NonClass: 26769K(27008K)->26769K(27008K) Class: 8675K(10944K)->8675K(10944K)
[8071.874s][info][gc             ] GC(1227) Pause Young (Normal) (G1 Evacuation Pause) 4691M->2019M(10240M) 367.097ms
[8071.874s][info][gc,cpu         ] GC(1227) User=2.89s Sys=0.00s Real=0.37s
.......[8078.845s][info][gc,start       ] GC(1228) Pause Young (Normal) (G1 Evacuation Pause)
[8078.846s][info][gc,task        ] GC(1228) Using 8 workers of 8 for evacuation
[8078.905s][info][gc,phases      ] GC(1228)   Pre Evacuate Collection Set: 0.26ms
[8078.905s][info][gc,phases      ] GC(1228)   Merge Heap Roots: 0.43ms
[8078.905s][info][gc,phases      ] GC(1228)   Evacuate Collection Set: 57.78ms
[8078.905s][info][gc,phases      ] GC(1228)   Post Evacuate Collection Set: 0.78ms
[8078.905s][info][gc,phases      ] GC(1228)   Other: 0.06ms
[8078.905s][info][gc,heap        ] GC(1228) Eden regions: 357->0(333)
[8078.905s][info][gc,heap        ] GC(1228) Survivor regions: 11->19(46)
[8078.905s][info][gc,heap        ] GC(1228) Old regions: 166->166
[8078.905s][info][gc,heap        ] GC(1228) Humongous regions: 81->81
[8078.905s][info][gc,metaspace   ] GC(1228) Metaspace: 35450K(37952K)->35450K(37952K) NonClass: 26774K(27008K)->26774K(27008K) Class: 8675K(10944K)->8675K(10944K)
[8078.905s][info][gc             ] GC(1228) Pause Young (Normal) (G1 Evacuation Pause) 4875M->2087M(10240M) 59.439ms
[8078.905s][info][gc,cpu         ] GC(1228) User=0.46s Sys=0.00s Real=0.06s
........[8086.457s][info][gc,start       ] GC(1229) Pause Young (Normal) (G1 Evacuation Pause)
[8086.457s][info][gc,task        ] GC(1229) Using 8 workers of 8 for evacuation
[8086.531s][info][gc,phases      ] GC(1229)   Pre Evacuate Collection Set: 0.31ms
[8086.531s][info][gc,phases      ] GC(1229)   Merge Heap Roots: 0.52ms
[8086.531s][info][gc,phases      ] GC(1229)   Evacuate Collection Set: 71.91ms
[8086.531s][info][gc,phases      ] GC(1229)   Post Evacuate Collection Set: 0.83ms
[8086.531s][info][gc,phases      ] GC(1229)   Other: 0.06ms
[8086.531s][info][gc,heap        ] GC(1229) Eden regions: 359->0(355)
[8086.531s][info][gc,heap        ] GC(1229) Survivor regions: 19->24(48)
[8086.531s][info][gc,heap        ] GC(1229) Old regions: 166->166
[8086.531s][info][gc,heap        ] GC(1229) Humongous regions: 81->81
[8086.531s][info][gc,metaspace   ] GC(1229) Metaspace: 35452K(37952K)->35452K(37952K) NonClass: 26776K(27008K)->26776K(27008K) Class: 8675K(10944K)->8675K(10944K)
[8086.531s][info][gc             ] GC(1229) Pause Young (Normal) (G1 Evacuation Pause) 4959M->2127M(10240M) 73.754ms
[8086.531s][info][gc,cpu         ] GC(1229) User=0.57s Sys=0.00s Real=0.07s
....... (rIR:aIR:PR = 1286:1287:1287) (tPR = 18966) [OK] 
  8093s:  OK
  8093s: (term... (rIR:aIR:PR = 0:0:0) (tPR = 0) [OK] 
  8096s: ) Tests are skipped.
  8096s: 
  8096s: Generating level 0 report from ./specjbb2015-C-20240522-00001.data.gz


SPECjbb2015 Java Business Benchmark
 (c) Standard Performance Evaluation Corporation, 2015

Preparing to launch SPECjbb2015 reporter.

Reading property file: /shared/projects/openjdk/benchmarks/test-hyperaligning-lilliput/SPECjbb2015_1.00-jdk16+/jdk-22bit-staggered-klass-ON-24-05-22_151837/./config/specjbb2015.props
Report directory is result/specjbb2015-C-20240522-00001/report-00001
  8096s: Building report...

       824 msec: Pre-reading source
         0 msec: Validation
         2 msec: Dump run logs
         0 msec: Printing JbbProperties
         2 msec: Build report with HW/SW parameters
         0 msec: Controller time verification
        31 msec: Parsing attributes
         5 msec: Parsing agent names
[8097.261s][info][gc,start       ] GC(1230) Pause Young (Normal) (G1 Evacuation Pause)
[8097.261s][info][gc,task        ] GC(1230) Using 8 workers of 8 for evacuation
[8097.366s][info][gc,phases      ] GC(1230)   Pre Evacuate Collection Set: 0.22ms
[8097.366s][info][gc,phases      ] GC(1230)   Merge Heap Roots: 0.61ms
[8097.366s][info][gc,phases      ] GC(1230)   Evacuate Collection Set: 102.81ms
[8097.366s][info][gc,phases      ] GC(1230)   Post Evacuate Collection Set: 0.84ms
[8097.366s][info][gc,phases      ] GC(1230)   Other: 0.07ms
[8097.366s][info][gc,heap        ] GC(1230) Eden regions: 384->0(306)
[8097.366s][info][gc,heap        ] GC(1230) Survivor regions: 24->39(51)
[8097.366s][info][gc,heap        ] GC(1230) Old regions: 166->166
[8097.366s][info][gc,heap        ] GC(1230) Humongous regions: 81->81
[8097.366s][info][gc,metaspace   ] GC(1230) Metaspace: 37558K(39872K)->37558K(39872K) NonClass: 28085K(28352K)->28085K(28352K) Class: 9473K(11520K)->9473K(11520K)
[8097.366s][info][gc             ] GC(1230) Pause Young (Normal) (G1 Evacuation Pause) 5199M->2243M(10240M) 104.690ms
[8097.366s][info][gc,cpu         ] GC(1230) User=0.82s Sys=0.00s Real=0.11s
       166 msec: Building throughput - response time curve
RUN RESULT: hbIR (max attempted) = 13837, hbIR (settled) = 13397, max-jOPS = 12868, critical-jOPS = 5723
        31 msec: Primary metrics calculation
       200 msec: Render Allowed Failures
       618 msec: Render IR/PR Accuracy
       506 msec: Render IR by probes tasks
       581 msec: Request Mix accuracy
       136 msec: Max Delay during RT curve building
       659 msec: Overall RT curves
         0 msec: Render RT
         5 msec: Render template to file result/specjbb2015-C-20240522-00001/report-00001/data/specjbb2015-C-20240522-00001-runProperties.txt
        24 msec: Render template to file result/specjbb2015-C-20240522-00001/report-00001/specjbb2015-C-20240522-00001.html
Report generation finished. Wallclock = 1891 msecs, real = 3790 msecs, parallelism = 2.00x
[8098.199s][info][gc,heap,exit   ] Heap
[8098.199s][info][gc,heap,exit   ]  garbage-first heap   total reserved 10485760K, committed 10485760K, used 2392791K [0x0000000580000000, 0x0000000800000000)
[8098.199s][info][gc,heap,exit   ]   region size 8192K, 49 young (401408K), 39 survivors (319488K)
[8098.199s][info][gc,heap,exit   ]  Metaspace       used 46725K, committed 49664K, reserved 1114112K
[8098.199s][info][gc,heap,exit   ]   class space    used 11721K, committed 14336K, reserved 1048576K
