Done; will start GCs... 
[33.859s][info][gc,metaspace] GC(3) Metaspace: 26165K(26880K)->26165K(26880K) NonClass: 23320K(23680K)->23320K(23680K) Class: 2845K(3200K)->2845K(3200K)
[33.859s][info][gc          ] GC(3) Pause Full (System.gc()) 180M->164M(3925M) 1938.925ms
[34.829s][info][gc,metaspace] GC(4) Metaspace: 26165K(26880K)->26165K(26880K) NonClass: 23320K(23680K)->23320K(23680K) Class: 2845K(3200K)->2845K(3200K)
[34.830s][info][gc          ] GC(4) Pause Full (System.gc()) 164M->164M(3925M) 970.184ms
[35.459s][info][gc,metaspace] GC(5) Metaspace: 26165K(26880K)->26165K(26880K) NonClass: 23320K(23680K)->23320K(23680K) Class: 2845K(3200K)->2845K(3200K)
[35.459s][info][gc          ] GC(5) Pause Full (System.gc()) 164M->164M(3925M) 629.499ms
[36.204s][info][gc,metaspace] GC(6) Metaspace: 26165K(26880K)->26165K(26880K) NonClass: 23320K(23680K)->23320K(23680K) Class: 2845K(3200K)->2845K(3200K)
[36.205s][info][gc          ] GC(6) Pause Full (System.gc()) 164M->164M(3925M) 745.155ms
[37.772s][info][gc,metaspace] GC(7) Metaspace: 26165K(26880K)->26165K(26880K) NonClass: 23320K(23680K)->23320K(23680K) Class: 2845K(3200K)->2845K(3200K)
[37.773s][info][gc          ] GC(7) Pause Full (System.gc()) 164M->164M(3925M) 1567.353ms
[38.829s][info][gc,metaspace] GC(8) Metaspace: 26165K(26880K)->26165K(26880K) NonClass: 23320K(23680K)->23320K(23680K) Class: 2845K(3200K)->2845K(3200K)
[38.829s][info][gc          ] GC(8) Pause Full (System.gc()) 164M->164M(3925M) 1055.812ms
[39.466s][info][gc,metaspace] GC(9) Metaspace: 26165K(26880K)->26165K(26880K) NonClass: 23320K(23680K)->23320K(23680K) Class: 2845K(3200K)->2845K(3200K)
[39.466s][info][gc          ] GC(9) Pause Full (System.gc()) 164M->164M(3925M) 637.246ms
[40.107s][info][gc,metaspace] GC(10) Metaspace: 26165K(26880K)->26165K(26880K) NonClass: 23320K(23680K)->23320K(23680K) Class: 2845K(3200K)->2845K(3200K)
[40.107s][info][gc          ] GC(10) Pause Full (System.gc()) 164M->164M(3925M) 640.570ms
[41.667s][info][gc,metaspace] GC(11) Metaspace: 26165K(26880K)->26165K(26880K) NonClass: 23320K(23680K)->23320K(23680K) Class: 2845K(3200K)->2845K(3200K)
[41.668s][info][gc          ] GC(11) Pause Full (System.gc()) 164M->164M(3925M) 1560.074ms
[42.837s][info][gc,metaspace] GC(12) Metaspace: 26166K(26880K)->26166K(26880K) NonClass: 23321K(23680K)->23321K(23680K) Class: 2845K(3200K)->2845K(3200K)
[42.837s][info][gc          ] GC(12) Pause Full (System.gc()) 164M->164M(3925M) 1165.540ms
[44.333s][info][gc,metaspace] GC(13) Metaspace: 26166K(26880K)->26166K(26880K) NonClass: 23321K(23680K)->23321K(23680K) Class: 2845K(3200K)->2845K(3200K)
[44.334s][info][gc          ] GC(13) Pause Full (System.gc()) 164M->164M(3925M) 1496.363ms
[45.566s][info][gc,metaspace] GC(14) Metaspace: 26166K(26880K)->26166K(26880K) NonClass: 23321K(23680K)->23321K(23680K) Class: 2845K(3200K)->2845K(3200K)
[45.566s][info][gc          ] GC(14) Pause Full (System.gc()) 164M->164M(3925M) 1231.142ms
[46.318s][info][gc,metaspace] GC(15) Metaspace: 26166K(26880K)->26166K(26880K) NonClass: 23321K(23680K)->23321K(23680K) Class: 2845K(3200K)->2845K(3200K)
[46.318s][info][gc          ] GC(15) Pause Full (System.gc()) 164M->164M(3925M) 751.308ms
[47.874s][info][gc,metaspace] GC(16) Metaspace: 26166K(26880K)->26166K(26880K) NonClass: 23321K(23680K)->23321K(23680K) Class: 2845K(3200K)->2845K(3200K)
[47.875s][info][gc          ] GC(16) Pause Full (System.gc()) 164M->164M(3925M) 1556.577ms
[49.002s][info][gc,metaspace] GC(17) Metaspace: 26166K(26880K)->26166K(26880K) NonClass: 23321K(23680K)->23321K(23680K) Class: 2845K(3200K)->2845K(3200K)
[49.002s][info][gc          ] GC(17) Pause Full (System.gc()) 164M->164M(3925M) 1126.852ms
[49.652s][info][gc,metaspace] GC(18) Metaspace: 26166K(26880K)->26166K(26880K) NonClass: 23321K(23680K)->23321K(23680K) Class: 2845K(3200K)->2845K(3200K)
[49.652s][info][gc          ] GC(18) Pause Full (System.gc()) 164M->164M(3925M) 649.643ms
[51.211s][info][gc,metaspace] GC(19) Metaspace: 26166K(26880K)->26166K(26880K) NonClass: 23321K(23680K)->23321K(23680K) Class: 2845K(3200K)->2845K(3200K)
[51.212s][info][gc          ] GC(19) Pause Full (System.gc()) 164M->164M(3925M) 1558.676ms
[52.418s][info][gc,metaspace] GC(20) Metaspace: 26166K(26880K)->26166K(26880K) NonClass: 23321K(23680K)->23321K(23680K) Class: 2845K(3200K)->2845K(3200K)
[52.418s][info][gc          ] GC(20) Pause Full (System.gc()) 164M->164M(3925M) 1206.420ms
[53.158s][info][gc,metaspace] GC(21) Metaspace: 26166K(26880K)->26166K(26880K) NonClass: 23321K(23680K)->23321K(23680K) Class: 2845K(3200K)->2845K(3200K)
[53.158s][info][gc          ] GC(21) Pause Full (System.gc()) 164M->164M(3925M) 739.403ms
[54.701s][info][gc,metaspace] GC(22) Metaspace: 26166K(26880K)->26166K(26880K) NonClass: 23321K(23680K)->23321K(23680K) Class: 2845K(3200K)->2845K(3200K)
[54.701s][info][gc          ] GC(22) Pause Full (System.gc()) 164M->164M(3925M) 1542.662ms
[55.842s][info][gc,metaspace] GC(23) Metaspace: 26166K(26880K)->26166K(26880K) NonClass: 23321K(23680K)->23321K(23680K) Class: 2845K(3200K)->2845K(3200K)
[55.842s][info][gc          ] GC(23) Pause Full (System.gc()) 164M->164M(3925M) 1140.929ms
[56.509s][info][gc,metaspace] GC(24) Metaspace: 26166K(26880K)->26166K(26880K) NonClass: 23321K(23680K)->23321K(23680K) Class: 2845K(3200K)->2845K(3200K)
[56.509s][info][gc          ] GC(24) Pause Full (System.gc()) 164M->164M(3925M) 666.319ms
[58.097s][info][gc,metaspace] GC(25) Metaspace: 26166K(26880K)->26166K(26880K) NonClass: 23321K(23680K)->23321K(23680K) Class: 2845K(3200K)->2845K(3200K)
[58.097s][info][gc          ] GC(25) Pause Full (System.gc()) 164M->164M(3925M) 1587.688ms
[59.362s][info][gc,metaspace] GC(26) Metaspace: 26166K(26880K)->26166K(26880K) NonClass: 23321K(23680K)->23321K(23680K) Class: 2845K(3200K)->2845K(3200K)
[59.362s][info][gc          ] GC(26) Pause Full (System.gc()) 164M->164M(3925M) 1264.835ms
[60.926s][info][gc,metaspace] GC(27) Metaspace: 26166K(26880K)->26166K(26880K) NonClass: 23321K(23680K)->23321K(23680K) Class: 2845K(3200K)->2845K(3200K)
[60.926s][info][gc          ] GC(27) Pause Full (System.gc()) 164M->164M(3925M) 1563.489ms
[62.075s][info][gc,metaspace] GC(28) Metaspace: 26166K(26880K)->26166K(26880K) NonClass: 23321K(23680K)->23321K(23680K) Class: 2845K(3200K)->2845K(3200K)
[62.075s][info][gc          ] GC(28) Pause Full (System.gc()) 164M->164M(3925M) 1148.527ms
[62.896s][info][gc,metaspace] GC(29) Metaspace: 26166K(26880K)->26166K(26880K) NonClass: 23321K(23680K)->23321K(23680K) Class: 2845K(3200K)->2845K(3200K)
[62.896s][info][gc          ] GC(29) Pause Full (System.gc()) 164M->164M(3925M) 820.372ms
[64.463s][info][gc,metaspace] GC(30) Metaspace: 26166K(26880K)->26166K(26880K) NonClass: 23321K(23680K)->23321K(23680K) Class: 2845K(3200K)->2845K(3200K)
[64.463s][info][gc          ] GC(30) Pause Full (System.gc()) 164M->164M(3925M) 1566.812ms
[65.462s][info][gc,metaspace] GC(31) Metaspace: 26166K(26880K)->26166K(26880K) NonClass: 23321K(23680K)->23321K(23680K) Class: 2845K(3200K)->2845K(3200K)
[65.462s][info][gc          ] GC(31) Pause Full (System.gc()) 164M->164M(3925M) 998.165ms
[66.264s][info][gc,metaspace] GC(32) Metaspace: 26166K(26880K)->26166K(26880K) NonClass: 23321K(23680K)->23321K(23680K) Class: 2845K(3200K)->2845K(3200K)
[66.264s][info][gc          ] GC(32) Pause Full (System.gc()) 164M->164M(3925M) 802.148ms
[67.822s][info][gc,metaspace] GC(33) Metaspace: 26166K(26880K)->26166K(26880K) NonClass: 23321K(23680K)->23321K(23680K) Class: 2845K(3200K)->2845K(3200K)
[67.822s][info][gc          ] GC(33) Pause Full (System.gc()) 164M->164M(3925M) 1557.606ms
[68.836s][info][gc,metaspace] GC(34) Metaspace: 26166K(26880K)->26166K(26880K) NonClass: 23321K(23680K)->23321K(23680K) Class: 2845K(3200K)->2845K(3200K)
[68.837s][info][gc          ] GC(34) Pause Full (System.gc()) 164M->164M(3925M) 1013.658ms
[69.464s][info][gc,metaspace] GC(35) Metaspace: 26166K(26880K)->26166K(26880K) NonClass: 23321K(23680K)->23321K(23680K) Class: 2845K(3200K)->2845K(3200K)
[69.464s][info][gc          ] GC(35) Pause Full (System.gc()) 164M->164M(3925M) 627.089ms
[70.155s][info][gc,metaspace] GC(36) Metaspace: 26166K(26880K)->26166K(26880K) NonClass: 23321K(23680K)->23321K(23680K) Class: 2845K(3200K)->2845K(3200K)
[70.155s][info][gc          ] GC(36) Pause Full (System.gc()) 164M->164M(3925M) 691.059ms
[71.710s][info][gc,metaspace] GC(37) Metaspace: 26166K(26880K)->26166K(26880K) NonClass: 23321K(23680K)->23321K(23680K) Class: 2845K(3200K)->2845K(3200K)
[71.710s][info][gc          ] GC(37) Pause Full (System.gc()) 164M->164M(3925M) 1554.868ms
[72.892s][info][gc,metaspace] GC(38) Metaspace: 26166K(26880K)->26166K(26880K) NonClass: 23321K(23680K)->23321K(23680K) Class: 2845K(3200K)->2845K(3200K)
[72.892s][info][gc          ] GC(38) Pause Full (System.gc()) 164M->164M(3925M) 1180.878ms
[73.628s][info][gc,metaspace] GC(39) Metaspace: 26166K(26880K)->26166K(26880K) NonClass: 23321K(23680K)->23321K(23680K) Class: 2845K(3200K)->2845K(3200K)
[73.628s][info][gc          ] GC(39) Pause Full (System.gc()) 164M->164M(3925M) 736.177ms
[75.181s][info][gc,metaspace] GC(40) Metaspace: 26166K(26880K)->26166K(26880K) NonClass: 23321K(23680K)->23321K(23680K) Class: 2845K(3200K)->2845K(3200K)
[75.181s][info][gc          ] GC(40) Pause Full (System.gc()) 164M->164M(3925M) 1552.491ms
[76.314s][info][gc,metaspace] GC(41) Metaspace: 26166K(26880K)->26166K(26880K) NonClass: 23321K(23680K)->23321K(23680K) Class: 2845K(3200K)->2845K(3200K)
[76.314s][info][gc          ] GC(41) Pause Full (System.gc()) 164M->164M(3925M) 1132.655ms
[77.018s][info][gc,metaspace] GC(42) Metaspace: 26166K(26880K)->26166K(26880K) NonClass: 23321K(23680K)->23321K(23680K) Class: 2845K(3200K)->2845K(3200K)
[77.018s][info][gc          ] GC(42) Pause Full (System.gc()) 164M->164M(3925M) 703.963ms
[78.553s][info][gc,metaspace] GC(43) Metaspace: 26166K(26880K)->26166K(26880K) NonClass: 23321K(23680K)->23321K(23680K) Class: 2845K(3200K)->2845K(3200K)
[78.554s][info][gc          ] GC(43) Pause Full (System.gc()) 164M->164M(3925M) 1534.413ms
[79.889s][info][gc,metaspace] GC(44) Metaspace: 26166K(26880K)->26166K(26880K) NonClass: 23321K(23680K)->23321K(23680K) Class: 2845K(3200K)->2845K(3200K)
[79.889s][info][gc          ] GC(44) Pause Full (System.gc()) 170M->164M(3925M) 1334.714ms
[80.513s][info][gc,metaspace] GC(45) Metaspace: 26166K(26880K)->26166K(26880K) NonClass: 23321K(23680K)->23321K(23680K) Class: 2845K(3200K)->2845K(3200K)
[80.513s][info][gc          ] GC(45) Pause Full (System.gc()) 164M->164M(3925M) 624.078ms
[82.054s][info][gc,metaspace] GC(46) Metaspace: 26166K(26880K)->26166K(26880K) NonClass: 23321K(23680K)->23321K(23680K) Class: 2845K(3200K)->2845K(3200K)
[82.055s][info][gc          ] GC(46) Pause Full (System.gc()) 164M->164M(3925M) 1541.300ms
[83.183s][info][gc,metaspace] GC(47) Metaspace: 26166K(26880K)->26166K(26880K) NonClass: 23321K(23680K)->23321K(23680K) Class: 2845K(3200K)->2845K(3200K)
[83.183s][info][gc          ] GC(47) Pause Full (System.gc()) 164M->164M(3925M) 1127.141ms
[83.956s][info][gc,metaspace] GC(48) Metaspace: 26166K(26880K)->26166K(26880K) NonClass: 23321K(23680K)->23321K(23680K) Class: 2845K(3200K)->2845K(3200K)
[83.956s][info][gc          ] GC(48) Pause Full (System.gc()) 164M->164M(3925M) 772.562ms
[85.501s][info][gc,metaspace] GC(49) Metaspace: 26166K(26880K)->26166K(26880K) NonClass: 23321K(23680K)->23321K(23680K) Class: 2845K(3200K)->2845K(3200K)
[85.501s][info][gc          ] GC(49) Pause Full (System.gc()) 164M->164M(3925M) 1544.459ms
[86.544s][info][gc,metaspace] GC(50) Metaspace: 26166K(26880K)->26166K(26880K) NonClass: 23321K(23680K)->23321K(23680K) Class: 2845K(3200K)->2845K(3200K)
[86.544s][info][gc          ] GC(50) Pause Full (System.gc()) 164M->164M(3925M) 1042.945ms
[87.345s][info][gc,metaspace] GC(51) Metaspace: 26166K(26880K)->26166K(26880K) NonClass: 23321K(23680K)->23321K(23680K) Class: 2845K(3200K)->2845K(3200K)
[87.345s][info][gc          ] GC(51) Pause Full (System.gc()) 164M->164M(3925M) 800.729ms
[88.894s][info][gc,metaspace] GC(52) Metaspace: 26166K(26880K)->26166K(26880K) NonClass: 23321K(23680K)->23321K(23680K) Class: 2845K(3200K)->2845K(3200K)
[88.895s][info][gc          ] GC(52) Pause Full (System.gc()) 164M->164M(3925M) 1548.883ms
[89.967s][info][gc,metaspace] GC(53) Metaspace: 26166K(26880K)->26166K(26880K) NonClass: 23321K(23680K)->23321K(23680K) Class: 2845K(3200K)->2845K(3200K)
[89.967s][info][gc          ] GC(53) Pause Full (System.gc()) 164M->164M(3925M) 1071.633ms
[91.512s][info][gc,metaspace] GC(54) Metaspace: 26166K(26880K)->26166K(26880K) NonClass: 23321K(23680K)->23321K(23680K) Class: 2845K(3200K)->2845K(3200K)
[91.512s][info][gc          ] GC(54) Pause Full (System.gc()) 164M->164M(3925M) 1544.905ms
[92.693s][info][gc,metaspace] GC(55) Metaspace: 26166K(26880K)->26166K(26880K) NonClass: 23321K(23680K)->23321K(23680K) Class: 2845K(3200K)->2845K(3200K)
[92.693s][info][gc          ] GC(55) Pause Full (System.gc()) 164M->164M(3925M) 1180.719ms
[94.129s][info][gc,metaspace] GC(56) Metaspace: 26166K(26880K)->26166K(26880K) NonClass: 23321K(23680K)->23321K(23680K) Class: 2845K(3200K)->2845K(3200K)
[94.129s][info][gc          ] GC(56) Pause Full (System.gc()) 164M->164M(3925M) 1435.750ms
[95.474s][info][gc,metaspace] GC(57) Metaspace: 26166K(26880K)->26166K(26880K) NonClass: 23321K(23680K)->23321K(23680K) Class: 2845K(3200K)->2845K(3200K)
[95.474s][info][gc          ] GC(57) Pause Full (System.gc()) 164M->164M(3925M) 1344.006ms
[96.083s][info][gc,metaspace] GC(58) Metaspace: 26166K(26880K)->26166K(26880K) NonClass: 23321K(23680K)->23321K(23680K) Class: 2845K(3200K)->2845K(3200K)
[96.083s][info][gc          ] GC(58) Pause Full (System.gc()) 164M->164M(3925M) 608.641ms
[96.764s][info][gc,metaspace] GC(59) Metaspace: 26166K(26880K)->26166K(26880K) NonClass: 23321K(23680K)->23321K(23680K) Class: 2845K(3200K)->2845K(3200K)
[96.764s][info][gc          ] GC(59) Pause Full (System.gc()) 164M->164M(3925M) 680.938ms
[98.316s][info][gc,metaspace] GC(60) Metaspace: 26166K(26880K)->26166K(26880K) NonClass: 23321K(23680K)->23321K(23680K) Class: 2845K(3200K)->2845K(3200K)
[98.316s][info][gc          ] GC(60) Pause Full (System.gc()) 164M->164M(3925M) 1551.657ms
[99.473s][info][gc,metaspace] GC(61) Metaspace: 26166K(26880K)->26166K(26880K) NonClass: 23321K(23680K)->23321K(23680K) Class: 2845K(3200K)->2845K(3200K)
[99.473s][info][gc          ] GC(61) Pause Full (System.gc()) 164M->164M(3925M) 1156.295ms
[100.208s][info][gc,metaspace] GC(62) Metaspace: 26166K(26880K)->26166K(26880K) NonClass: 23321K(23680K)->23321K(23680K) Class: 2845K(3200K)->2845K(3200K)
[100.209s][info][gc          ] GC(62) Pause Full (System.gc()) 164M->164M(3925M) 735.540ms
[101.760s][info][gc,metaspace] GC(63) Metaspace: 26166K(26880K)->26166K(26880K) NonClass: 23321K(23680K)->23321K(23680K) Class: 2845K(3200K)->2845K(3200K)
[101.760s][info][gc          ] GC(63) Pause Full (System.gc()) 164M->164M(3925M) 1551.141ms
[102.871s][info][gc,metaspace] GC(64) Metaspace: 26166K(26880K)->26166K(26880K) NonClass: 23321K(23680K)->23321K(23680K) Class: 2845K(3200K)->2845K(3200K)
[102.871s][info][gc          ] GC(64) Pause Full (System.gc()) 164M->164M(3925M) 1110.306ms
[103.646s][info][gc,metaspace] GC(65) Metaspace: 26166K(26880K)->26166K(26880K) NonClass: 23321K(23680K)->23321K(23680K) Class: 2845K(3200K)->2845K(3200K)
[103.647s][info][gc          ] GC(65) Pause Full (System.gc()) 164M->164M(3925M) 775.644ms
[105.183s][info][gc,metaspace] GC(66) Metaspace: 26166K(26880K)->26166K(26880K) NonClass: 23321K(23680K)->23321K(23680K) Class: 2845K(3200K)->2845K(3200K)
[105.183s][info][gc          ] GC(66) Pause Full (System.gc()) 164M->164M(3925M) 1535.566ms
[106.212s][info][gc,metaspace] GC(67) Metaspace: 26166K(26880K)->26166K(26880K) NonClass: 23321K(23680K)->23321K(23680K) Class: 2845K(3200K)->2845K(3200K)
[106.212s][info][gc          ] GC(67) Pause Full (System.gc()) 164M->164M(3925M) 1028.275ms
[106.910s][info][gc,metaspace] GC(68) Metaspace: 26166K(26880K)->26166K(26880K) NonClass: 23321K(23680K)->23321K(23680K) Class: 2845K(3200K)->2845K(3200K)
[106.910s][info][gc          ] GC(68) Pause Full (System.gc()) 164M->164M(3925M) 698.226ms
[108.442s][info][gc,metaspace] GC(69) Metaspace: 26166K(26880K)->26166K(26880K) NonClass: 23321K(23680K)->23321K(23680K) Class: 2845K(3200K)->2845K(3200K)
[108.443s][info][gc          ] GC(69) Pause Full (System.gc()) 164M->164M(3925M) 1532.039ms
[109.853s][info][gc,metaspace] GC(70) Metaspace: 26166K(26880K)->26166K(26880K) NonClass: 23321K(23680K)->23321K(23680K) Class: 2845K(3200K)->2845K(3200K)
[109.853s][info][gc          ] GC(70) Pause Full (System.gc()) 164M->164M(3925M) 1410.349ms
[111.391s][info][gc,metaspace] GC(71) Metaspace: 26166K(26880K)->26166K(26880K) NonClass: 23321K(23680K)->23321K(23680K) Class: 2845K(3200K)->2845K(3200K)
[111.391s][info][gc          ] GC(71) Pause Full (System.gc()) 164M->164M(3925M) 1537.348ms
[112.288s][info][gc,metaspace] GC(72) Metaspace: 26166K(26880K)->26166K(26880K) NonClass: 23321K(23680K)->23321K(23680K) Class: 2845K(3200K)->2845K(3200K)
[112.288s][info][gc          ] GC(72) Pause Full (System.gc()) 164M->164M(3925M) 896.619ms
[113.041s][info][gc,metaspace] GC(73) Metaspace: 26166K(26880K)->26166K(26880K) NonClass: 23321K(23680K)->23321K(23680K) Class: 2845K(3200K)->2845K(3200K)
[113.042s][info][gc          ] GC(73) Pause Full (System.gc()) 164M->164M(3925M) 753.208ms
[114.567s][info][gc,metaspace] GC(74) Metaspace: 26166K(26880K)->26166K(26880K) NonClass: 23321K(23680K)->23321K(23680K) Class: 2845K(3200K)->2845K(3200K)
[114.567s][info][gc          ] GC(74) Pause Full (System.gc()) 164M->164M(3925M) 1524.901ms
[116.089s][info][gc,metaspace] GC(75) Metaspace: 26166K(26880K)->26166K(26880K) NonClass: 23321K(23680K)->23321K(23680K) Class: 2845K(3200K)->2845K(3200K)
[116.089s][info][gc          ] GC(75) Pause Full (System.gc()) 164M->164M(3925M) 1521.887ms
[117.609s][info][gc,metaspace] GC(76) Metaspace: 26166K(26880K)->26166K(26880K) NonClass: 23321K(23680K)->23321K(23680K) Class: 2845K(3200K)->2845K(3200K)
[117.609s][info][gc          ] GC(76) Pause Full (System.gc()) 164M->164M(3925M) 1519.506ms
[118.452s][info][gc,metaspace] GC(77) Metaspace: 26166K(26880K)->26166K(26880K) NonClass: 23321K(23680K)->23321K(23680K) Class: 2845K(3200K)->2845K(3200K)
[118.452s][info][gc          ] GC(77) Pause Full (System.gc()) 164M->164M(3925M) 842.526ms
[119.988s][info][gc,metaspace] GC(78) Metaspace: 26166K(26880K)->26166K(26880K) NonClass: 23321K(23680K)->23321K(23680K) Class: 2845K(3200K)->2845K(3200K)
[119.989s][info][gc          ] GC(78) Pause Full (System.gc()) 164M->164M(3925M) 1536.000ms
[121.266s][info][gc,metaspace] GC(79) Metaspace: 26166K(26880K)->26166K(26880K) NonClass: 23321K(23680K)->23321K(23680K) Class: 2845K(3200K)->2845K(3200K)
[121.266s][info][gc          ] GC(79) Pause Full (System.gc()) 164M->164M(3925M) 1277.060ms
[122.798s][info][gc,metaspace] GC(80) Metaspace: 26166K(26880K)->26166K(26880K) NonClass: 23321K(23680K)->23321K(23680K) Class: 2845K(3200K)->2845K(3200K)
[122.798s][info][gc          ] GC(80) Pause Full (System.gc()) 164M->164M(3925M) 1531.057ms
[124.037s][info][gc,metaspace] GC(81) Metaspace: 26166K(26880K)->26166K(26880K) NonClass: 23321K(23680K)->23321K(23680K) Class: 2845K(3200K)->2845K(3200K)
[124.037s][info][gc          ] GC(81) Pause Full (System.gc()) 164M->164M(3925M) 1238.410ms
[125.567s][info][gc,metaspace] GC(82) Metaspace: 26166K(26880K)->26166K(26880K) NonClass: 23321K(23680K)->23321K(23680K) Class: 2845K(3200K)->2845K(3200K)
[125.567s][info][gc          ] GC(82) Pause Full (System.gc()) 164M->164M(3925M) 1529.885ms
[126.640s][info][gc,metaspace] GC(83) Metaspace: 26166K(26880K)->26166K(26880K) NonClass: 23321K(23680K)->23321K(23680K) Class: 2845K(3200K)->2845K(3200K)
[126.641s][info][gc          ] GC(83) Pause Full (System.gc()) 164M->164M(3925M) 1072.879ms
[128.053s][info][gc,metaspace] GC(84) Metaspace: 26166K(26880K)->26166K(26880K) NonClass: 23321K(23680K)->23321K(23680K) Class: 2845K(3200K)->2845K(3200K)
[128.053s][info][gc          ] GC(84) Pause Full (System.gc()) 164M->164M(3925M) 1412.435ms
[129.491s][info][gc,metaspace] GC(85) Metaspace: 26166K(26880K)->26166K(26880K) NonClass: 23321K(23680K)->23321K(23680K) Class: 2845K(3200K)->2845K(3200K)
[129.491s][info][gc          ] GC(85) Pause Full (System.gc()) 164M->164M(3925M) 1437.590ms
[131.038s][info][gc,metaspace] GC(86) Metaspace: 26166K(26880K)->26166K(26880K) NonClass: 23321K(23680K)->23321K(23680K) Class: 2845K(3200K)->2845K(3200K)
[131.038s][info][gc          ] GC(86) Pause Full (System.gc()) 164M->164M(3925M) 1546.386ms
[132.147s][info][gc,metaspace] GC(87) Metaspace: 26166K(26880K)->26166K(26880K) NonClass: 23321K(23680K)->23321K(23680K) Class: 2845K(3200K)->2845K(3200K)
[132.147s][info][gc          ] GC(87) Pause Full (System.gc()) 164M->164M(3925M) 1107.893ms
[133.664s][info][gc,metaspace] GC(88) Metaspace: 26166K(26880K)->26166K(26880K) NonClass: 23321K(23680K)->23321K(23680K) Class: 2845K(3200K)->2845K(3200K)
[133.664s][info][gc          ] GC(88) Pause Full (System.gc()) 164M->164M(3925M) 1517.416ms
[134.856s][info][gc,metaspace] GC(89) Metaspace: 26166K(26880K)->26166K(26880K) NonClass: 23321K(23680K)->23321K(23680K) Class: 2845K(3200K)->2845K(3200K)
[134.856s][info][gc          ] GC(89) Pause Full (System.gc()) 164M->164M(3925M) 1191.141ms
[135.597s][info][gc,metaspace] GC(90) Metaspace: 26166K(26880K)->26166K(26880K) NonClass: 23321K(23680K)->23321K(23680K) Class: 2845K(3200K)->2845K(3200K)
[135.598s][info][gc          ] GC(90) Pause Full (System.gc()) 164M->164M(3925M) 741.628ms
[137.147s][info][gc,metaspace] GC(91) Metaspace: 26166K(26880K)->26166K(26880K) NonClass: 23321K(23680K)->23321K(23680K) Class: 2845K(3200K)->2845K(3200K)
[137.147s][info][gc          ] GC(91) Pause Full (System.gc()) 164M->164M(3925M) 1548.968ms
[138.214s][info][gc,metaspace] GC(92) Metaspace: 26166K(26880K)->26166K(26880K) NonClass: 23321K(23680K)->23321K(23680K) Class: 2845K(3200K)->2845K(3200K)
[138.214s][info][gc          ] GC(92) Pause Full (System.gc()) 164M->164M(3925M) 1065.922ms
[138.829s][info][gc,metaspace] GC(93) Metaspace: 26166K(26880K)->26166K(26880K) NonClass: 23321K(23680K)->23321K(23680K) Class: 2845K(3200K)->2845K(3200K)
[138.829s][info][gc          ] GC(93) Pause Full (System.gc()) 164M->164M(3925M) 615.222ms
[139.678s][info][gc,metaspace] GC(94) Metaspace: 26166K(26880K)->26166K(26880K) NonClass: 23321K(23680K)->23321K(23680K) Class: 2845K(3200K)->2845K(3200K)
[139.678s][info][gc          ] GC(94) Pause Full (System.gc()) 164M->164M(3925M) 848.678ms
[141.210s][info][gc,metaspace] GC(95) Metaspace: 26166K(26880K)->26166K(26880K) NonClass: 23321K(23680K)->23321K(23680K) Class: 2845K(3200K)->2845K(3200K)
[141.210s][info][gc          ] GC(95) Pause Full (System.gc()) 164M->164M(3925M) 1531.583ms
[142.183s][info][gc,metaspace] GC(96) Metaspace: 26166K(26880K)->26166K(26880K) NonClass: 23321K(23680K)->23321K(23680K) Class: 2845K(3200K)->2845K(3200K)
[142.184s][info][gc          ] GC(96) Pause Full (System.gc()) 170M->164M(3925M) 972.839ms
[143.710s][info][gc,metaspace] GC(97) Metaspace: 26166K(26880K)->26166K(26880K) NonClass: 23321K(23680K)->23321K(23680K) Class: 2845K(3200K)->2845K(3200K)
[143.710s][info][gc          ] GC(97) Pause Full (System.gc()) 164M->164M(3925M) 1525.768ms
[144.893s][info][gc,metaspace] GC(98) Metaspace: 26166K(26880K)->26166K(26880K) NonClass: 23321K(23680K)->23321K(23680K) Class: 2845K(3200K)->2845K(3200K)
[144.893s][info][gc          ] GC(98) Pause Full (System.gc()) 164M->164M(3925M) 1182.529ms
[145.519s][info][gc,metaspace] GC(99) Metaspace: 26166K(26880K)->26166K(26880K) NonClass: 23321K(23680K)->23321K(23680K) Class: 2845K(3200K)->2845K(3200K)
[145.519s][info][gc          ] GC(99) Pause Full (System.gc()) 164M->164M(3925M) 625.716ms
[146.263s][info][gc,metaspace] GC(100) Metaspace: 26166K(26880K)->26166K(26880K) NonClass: 23321K(23680K)->23321K(23680K) Class: 2845K(3200K)->2845K(3200K)
[146.263s][info][gc          ] GC(100) Pause Full (System.gc()) 164M->164M(3925M) 743.849ms
[147.791s][info][gc,metaspace] GC(101) Metaspace: 26166K(26880K)->26166K(26880K) NonClass: 23321K(23680K)->23321K(23680K) Class: 2845K(3200K)->2845K(3200K)
[147.793s][info][gc          ] GC(101) Pause Full (System.gc()) 164M->164M(3925M) 1529.758ms
[148.902s][info][gc,metaspace] GC(102) Metaspace: 26166K(26880K)->26166K(26880K) NonClass: 23321K(23680K)->23321K(23680K) Class: 2845K(3200K)->2845K(3200K)
[148.902s][info][gc          ] GC(102) Pause Full (System.gc()) 164M->164M(3925M) 1108.135ms
After GCs... 
