Done; will start GCs... 
[197.210s][info][gc,metaspace] GC(17) Metaspace: 61998K(68928K)->61998K(68928K) NonClass: 51103K(54016K)->51103K(54016K) Class: 10895K(14912K)->10895K(14912K)
[197.210s][info][gc          ] GC(17) Pause Full (System.gc()) 282M->181M(4096M) 1933.406ms
[199.013s][info][gc,metaspace] GC(18) Metaspace: 61998K(68928K)->61998K(68928K) NonClass: 51103K(54016K)->51103K(54016K) Class: 10895K(14912K)->10895K(14912K)
[199.013s][info][gc          ] GC(18) Pause Full (System.gc()) 181M->181M(4096M) 1802.477ms
[200.809s][info][gc,metaspace] GC(19) Metaspace: 61998K(68928K)->61998K(68928K) NonClass: 51103K(54016K)->51103K(54016K) Class: 10895K(14912K)->10895K(14912K)
[200.809s][info][gc          ] GC(19) Pause Full (System.gc()) 181M->181M(4096M) 1795.842ms
[203.648s][info][gc,metaspace] GC(20) Metaspace: 61999K(68928K)->61999K(68928K) NonClass: 51104K(54016K)->51104K(54016K) Class: 10895K(14912K)->10895K(14912K)
[203.648s][info][gc          ] GC(20) Pause Full (System.gc()) 181M->181M(4096M) 2837.351ms
[205.430s][info][gc,metaspace] GC(21) Metaspace: 61999K(68928K)->61999K(68928K) NonClass: 51104K(54016K)->51104K(54016K) Class: 10895K(14912K)->10895K(14912K)
[205.430s][info][gc          ] GC(21) Pause Full (System.gc()) 181M->181M(4096M) 1780.997ms
[207.812s][info][gc,metaspace] GC(22) Metaspace: 61999K(68928K)->61999K(68928K) NonClass: 51104K(54016K)->51104K(54016K) Class: 10895K(14912K)->10895K(14912K)
[207.813s][info][gc          ] GC(22) Pause Full (System.gc()) 181M->181M(4096M) 2373.848ms
[210.100s][info][gc,metaspace] GC(23) Metaspace: 61999K(68928K)->61999K(68928K) NonClass: 51104K(54016K)->51104K(54016K) Class: 10895K(14912K)->10895K(14912K)
[210.100s][info][gc          ] GC(23) Pause Full (System.gc()) 181M->181M(4096M) 2286.512ms
[211.904s][info][gc,metaspace] GC(24) Metaspace: 61999K(68928K)->61999K(68928K) NonClass: 51104K(54016K)->51104K(54016K) Class: 10895K(14912K)->10895K(14912K)
[211.904s][info][gc          ] GC(24) Pause Full (System.gc()) 181M->181M(4096M) 1801.759ms
[213.679s][info][gc,metaspace] GC(25) Metaspace: 61999K(68928K)->61999K(68928K) NonClass: 51104K(54016K)->51104K(54016K) Class: 10895K(14912K)->10895K(14912K)
[213.680s][info][gc          ] GC(25) Pause Full (System.gc()) 181M->181M(4096M) 1774.541ms
[215.482s][info][gc,metaspace] GC(26) Metaspace: 61999K(68928K)->61999K(68928K) NonClass: 51104K(54016K)->51104K(54016K) Class: 10895K(14912K)->10895K(14912K)
[215.482s][info][gc          ] GC(26) Pause Full (System.gc()) 181M->181M(4096M) 1802.188ms
[217.262s][info][gc,metaspace] GC(27) Metaspace: 61999K(68928K)->61999K(68928K) NonClass: 51104K(54016K)->51104K(54016K) Class: 10895K(14912K)->10895K(14912K)
[217.262s][info][gc          ] GC(27) Pause Full (System.gc()) 181M->181M(4096M) 1779.533ms
[219.066s][info][gc,metaspace] GC(28) Metaspace: 61999K(68928K)->61999K(68928K) NonClass: 51104K(54016K)->51104K(54016K) Class: 10895K(14912K)->10895K(14912K)
[219.066s][info][gc          ] GC(28) Pause Full (System.gc()) 181M->181M(4096M) 1799.169ms
[220.856s][info][gc,metaspace] GC(29) Metaspace: 61999K(68928K)->61999K(68928K) NonClass: 51104K(54016K)->51104K(54016K) Class: 10895K(14912K)->10895K(14912K)
[220.856s][info][gc          ] GC(29) Pause Full (System.gc()) 181M->181M(4096M) 1789.426ms
[222.649s][info][gc,metaspace] GC(30) Metaspace: 61999K(68928K)->61999K(68928K) NonClass: 51104K(54016K)->51104K(54016K) Class: 10895K(14912K)->10895K(14912K)
[222.649s][info][gc          ] GC(30) Pause Full (System.gc()) 181M->181M(4096M) 1793.053ms
[224.465s][info][gc,metaspace] GC(31) Metaspace: 61999K(68928K)->61999K(68928K) NonClass: 51104K(54016K)->51104K(54016K) Class: 10895K(14912K)->10895K(14912K)
[224.465s][info][gc          ] GC(31) Pause Full (System.gc()) 181M->181M(4096M) 1815.487ms
[226.249s][info][gc,metaspace] GC(32) Metaspace: 61999K(68928K)->61999K(68928K) NonClass: 51104K(54016K)->51104K(54016K) Class: 10895K(14912K)->10895K(14912K)
[226.249s][info][gc          ] GC(32) Pause Full (System.gc()) 181M->181M(4096M) 1781.937ms
[228.048s][info][gc,metaspace] GC(33) Metaspace: 61999K(68928K)->61999K(68928K) NonClass: 51104K(54016K)->51104K(54016K) Class: 10895K(14912K)->10895K(14912K)
[228.048s][info][gc          ] GC(33) Pause Full (System.gc()) 181M->181M(4096M) 1798.372ms
[229.834s][info][gc,metaspace] GC(34) Metaspace: 61999K(68928K)->61999K(68928K) NonClass: 51104K(54016K)->51104K(54016K) Class: 10895K(14912K)->10895K(14912K)
[229.834s][info][gc          ] GC(34) Pause Full (System.gc()) 181M->181M(4096M) 1786.265ms
[232.665s][info][gc,metaspace] GC(35) Metaspace: 61999K(68928K)->61999K(68928K) NonClass: 51104K(54016K)->51104K(54016K) Class: 10895K(14912K)->10895K(14912K)
[232.665s][info][gc          ] GC(35) Pause Full (System.gc()) 181M->181M(4096M) 2829.570ms
[234.446s][info][gc,metaspace] GC(36) Metaspace: 61999K(68928K)->61999K(68928K) NonClass: 51104K(54016K)->51104K(54016K) Class: 10895K(14912K)->10895K(14912K)
[234.446s][info][gc          ] GC(36) Pause Full (System.gc()) 181M->181M(4096M) 1780.732ms
[236.854s][info][gc,metaspace] GC(37) Metaspace: 61999K(68928K)->61999K(68928K) NonClass: 51104K(54016K)->51104K(54016K) Class: 10895K(14912K)->10895K(14912K)
[236.854s][info][gc          ] GC(37) Pause Full (System.gc()) 181M->181M(4096M) 2407.396ms
[239.062s][info][gc,metaspace] GC(38) Metaspace: 61999K(68928K)->61999K(68928K) NonClass: 51104K(54016K)->51104K(54016K) Class: 10895K(14912K)->10895K(14912K)
[239.062s][info][gc          ] GC(38) Pause Full (System.gc()) 181M->181M(4096M) 2207.528ms
[240.856s][info][gc,metaspace] GC(39) Metaspace: 61999K(68928K)->61999K(68928K) NonClass: 51104K(54016K)->51104K(54016K) Class: 10895K(14912K)->10895K(14912K)
[240.856s][info][gc          ] GC(39) Pause Full (System.gc()) 181M->181M(4096M) 1793.332ms
[242.653s][info][gc,metaspace] GC(40) Metaspace: 61999K(68928K)->61999K(68928K) NonClass: 51104K(54016K)->51104K(54016K) Class: 10895K(14912K)->10895K(14912K)
[242.653s][info][gc          ] GC(40) Pause Full (System.gc()) 181M->181M(4096M) 1794.144ms
[244.431s][info][gc,metaspace] GC(41) Metaspace: 61999K(68928K)->61999K(68928K) NonClass: 51104K(54016K)->51104K(54016K) Class: 10895K(14912K)->10895K(14912K)
[244.431s][info][gc          ] GC(41) Pause Full (System.gc()) 181M->181M(4096M) 1777.957ms
[246.211s][info][gc,metaspace] GC(42) Metaspace: 61999K(68928K)->61999K(68928K) NonClass: 51104K(54016K)->51104K(54016K) Class: 10895K(14912K)->10895K(14912K)
[246.211s][info][gc          ] GC(42) Pause Full (System.gc()) 181M->181M(4096M) 1779.393ms
[248.004s][info][gc,metaspace] GC(43) Metaspace: 61999K(68928K)->61999K(68928K) NonClass: 51104K(54016K)->51104K(54016K) Class: 10895K(14912K)->10895K(14912K)
[248.004s][info][gc          ] GC(43) Pause Full (System.gc()) 181M->181M(4096M) 1792.451ms
[249.779s][info][gc,metaspace] GC(44) Metaspace: 61999K(68928K)->61999K(68928K) NonClass: 51104K(54016K)->51104K(54016K) Class: 10895K(14912K)->10895K(14912K)
[249.779s][info][gc          ] GC(44) Pause Full (System.gc()) 181M->181M(4096M) 1774.719ms
[251.573s][info][gc,metaspace] GC(45) Metaspace: 61999K(68928K)->61999K(68928K) NonClass: 51104K(54016K)->51104K(54016K) Class: 10895K(14912K)->10895K(14912K)
[251.573s][info][gc          ] GC(45) Pause Full (System.gc()) 181M->181M(4096M) 1792.778ms
[253.355s][info][gc,metaspace] GC(46) Metaspace: 61999K(68928K)->61999K(68928K) NonClass: 51104K(54016K)->51104K(54016K) Class: 10895K(14912K)->10895K(14912K)
[253.355s][info][gc          ] GC(46) Pause Full (System.gc()) 182M->181M(4096M) 1781.903ms
[256.184s][info][gc,metaspace] GC(47) Metaspace: 61999K(68928K)->61999K(68928K) NonClass: 51104K(54016K)->51104K(54016K) Class: 10895K(14912K)->10895K(14912K)
[256.184s][info][gc          ] GC(47) Pause Full (System.gc()) 181M->181M(4096M) 2828.527ms
[258.600s][info][gc,metaspace] GC(48) Metaspace: 61999K(68928K)->61999K(68928K) NonClass: 51104K(54016K)->51104K(54016K) Class: 10895K(14912K)->10895K(14912K)
[258.601s][info][gc          ] GC(48) Pause Full (System.gc()) 181M->181M(4096M) 2416.592ms
[260.841s][info][gc,metaspace] GC(49) Metaspace: 61999K(68928K)->61999K(68928K) NonClass: 51104K(54016K)->51104K(54016K) Class: 10895K(14912K)->10895K(14912K)
[260.841s][info][gc          ] GC(49) Pause Full (System.gc()) 181M->181M(4096M) 2238.332ms
[262.615s][info][gc,metaspace] GC(50) Metaspace: 61999K(68928K)->61999K(68928K) NonClass: 51104K(54016K)->51104K(54016K) Class: 10895K(14912K)->10895K(14912K)
[262.615s][info][gc          ] GC(50) Pause Full (System.gc()) 181M->181M(4096M) 1773.574ms
[264.400s][info][gc,metaspace] GC(51) Metaspace: 61999K(68928K)->61999K(68928K) NonClass: 51104K(54016K)->51104K(54016K) Class: 10895K(14912K)->10895K(14912K)
[264.400s][info][gc          ] GC(51) Pause Full (System.gc()) 181M->181M(4096M) 1784.866ms
[266.199s][info][gc,metaspace] GC(52) Metaspace: 61999K(68928K)->61999K(68928K) NonClass: 51104K(54016K)->51104K(54016K) Class: 10895K(14912K)->10895K(14912K)
[266.199s][info][gc          ] GC(52) Pause Full (System.gc()) 181M->181M(4096M) 1798.722ms
[268.599s][info][gc,metaspace] GC(53) Metaspace: 61999K(68928K)->61999K(68928K) NonClass: 51104K(54016K)->51104K(54016K) Class: 10895K(14912K)->10895K(14912K)
[268.600s][info][gc          ] GC(53) Pause Full (System.gc()) 181M->181M(4096M) 2399.550ms
[271.463s][info][gc,metaspace] GC(54) Metaspace: 61999K(68928K)->61999K(68928K) NonClass: 51104K(54016K)->51104K(54016K) Class: 10895K(14912K)->10895K(14912K)
[271.463s][info][gc          ] GC(54) Pause Full (System.gc()) 181M->181M(4096M) 2862.918ms
[273.759s][info][gc,metaspace] GC(55) Metaspace: 61999K(68928K)->61999K(68928K) NonClass: 51104K(54016K)->51104K(54016K) Class: 10895K(14912K)->10895K(14912K)
[273.759s][info][gc          ] GC(55) Pause Full (System.gc()) 181M->181M(4096M) 2295.390ms
[275.558s][info][gc,metaspace] GC(56) Metaspace: 61999K(68928K)->61999K(68928K) NonClass: 51104K(54016K)->51104K(54016K) Class: 10895K(14912K)->10895K(14912K)
[275.558s][info][gc          ] GC(56) Pause Full (System.gc()) 181M->181M(4096M) 1798.192ms
[277.345s][info][gc,metaspace] GC(57) Metaspace: 61999K(68928K)->61999K(68928K) NonClass: 51104K(54016K)->51104K(54016K) Class: 10895K(14912K)->10895K(14912K)
[277.345s][info][gc          ] GC(57) Pause Full (System.gc()) 181M->181M(4096M) 1786.125ms
[279.268s][info][gc,metaspace] GC(58) Metaspace: 61999K(68928K)->61999K(68928K) NonClass: 51104K(54016K)->51104K(54016K) Class: 10895K(14912K)->10895K(14912K)
[279.268s][info][gc          ] GC(58) Pause Full (System.gc()) 181M->181M(4096M) 1922.309ms
[281.063s][info][gc,metaspace] GC(59) Metaspace: 61999K(68928K)->61999K(68928K) NonClass: 51104K(54016K)->51104K(54016K) Class: 10895K(14912K)->10895K(14912K)
[281.063s][info][gc          ] GC(59) Pause Full (System.gc()) 181M->181M(4096M) 1794.741ms
[282.849s][info][gc,metaspace] GC(60) Metaspace: 61999K(68928K)->61999K(68928K) NonClass: 51104K(54016K)->51104K(54016K) Class: 10895K(14912K)->10895K(14912K)
[282.849s][info][gc          ] GC(60) Pause Full (System.gc()) 181M->181M(4096M) 1785.430ms
[284.647s][info][gc,metaspace] GC(61) Metaspace: 61999K(68928K)->61999K(68928K) NonClass: 51104K(54016K)->51104K(54016K) Class: 10895K(14912K)->10895K(14912K)
[284.647s][info][gc          ] GC(61) Pause Full (System.gc()) 181M->181M(4096M) 1796.804ms
[286.437s][info][gc,metaspace] GC(62) Metaspace: 61999K(68928K)->61999K(68928K) NonClass: 51104K(54016K)->51104K(54016K) Class: 10895K(14912K)->10895K(14912K)
[286.437s][info][gc          ] GC(62) Pause Full (System.gc()) 181M->181M(4096M) 1786.589ms
[288.871s][info][gc,metaspace] GC(63) Metaspace: 61999K(68928K)->61999K(68928K) NonClass: 51104K(54016K)->51104K(54016K) Class: 10895K(14912K)->10895K(14912K)
[288.871s][info][gc          ] GC(63) Pause Full (System.gc()) 181M->181M(4096M) 2433.224ms
[291.120s][info][gc,metaspace] GC(64) Metaspace: 61999K(68928K)->61999K(68928K) NonClass: 51104K(54016K)->51104K(54016K) Class: 10895K(14912K)->10895K(14912K)
[291.120s][info][gc          ] GC(64) Pause Full (System.gc()) 181M->181M(4096M) 2246.700ms
[292.921s][info][gc,metaspace] GC(65) Metaspace: 61999K(68928K)->61999K(68928K) NonClass: 51104K(54016K)->51104K(54016K) Class: 10895K(14912K)->10895K(14912K)
[292.921s][info][gc          ] GC(65) Pause Full (System.gc()) 181M->181M(4096M) 1800.567ms
[294.698s][info][gc,metaspace] GC(66) Metaspace: 61999K(68928K)->61999K(68928K) NonClass: 51104K(54016K)->51104K(54016K) Class: 10895K(14912K)->10895K(14912K)
[294.698s][info][gc          ] GC(66) Pause Full (System.gc()) 181M->181M(4096M) 1776.369ms
[296.491s][info][gc,metaspace] GC(67) Metaspace: 61999K(68928K)->61999K(68928K) NonClass: 51104K(54016K)->51104K(54016K) Class: 10895K(14912K)->10895K(14912K)
[296.492s][info][gc          ] GC(67) Pause Full (System.gc()) 181M->181M(4096M) 1792.740ms
[298.277s][info][gc,metaspace] GC(68) Metaspace: 61999K(68928K)->61999K(68928K) NonClass: 51104K(54016K)->51104K(54016K) Class: 10895K(14912K)->10895K(14912K)
[298.278s][info][gc          ] GC(68) Pause Full (System.gc()) 181M->181M(4096M) 1785.737ms
[300.069s][info][gc,metaspace] GC(69) Metaspace: 61999K(68928K)->61999K(68928K) NonClass: 51104K(54016K)->51104K(54016K) Class: 10895K(14912K)->10895K(14912K)
[300.069s][info][gc          ] GC(69) Pause Full (System.gc()) 181M->181M(4096M) 1791.278ms
[301.852s][info][gc,metaspace] GC(70) Metaspace: 61999K(68928K)->61999K(68928K) NonClass: 51104K(54016K)->51104K(54016K) Class: 10895K(14912K)->10895K(14912K)
[301.852s][info][gc          ] GC(70) Pause Full (System.gc()) 181M->181M(4096M) 1781.698ms
[304.282s][info][gc,metaspace] GC(71) Metaspace: 61999K(68928K)->61999K(68928K) NonClass: 51104K(54016K)->51104K(54016K) Class: 10895K(14912K)->10895K(14912K)
[304.282s][info][gc          ] GC(71) Pause Full (System.gc()) 181M->181M(4096M) 2429.141ms
[306.500s][info][gc,metaspace] GC(72) Metaspace: 61999K(68928K)->61999K(68928K) NonClass: 51104K(54016K)->51104K(54016K) Class: 10895K(14912K)->10895K(14912K)
[306.500s][info][gc          ] GC(72) Pause Full (System.gc()) 181M->181M(4096M) 2217.654ms
[308.306s][info][gc,metaspace] GC(73) Metaspace: 61999K(68928K)->61999K(68928K) NonClass: 51104K(54016K)->51104K(54016K) Class: 10895K(14912K)->10895K(14912K)
[308.306s][info][gc          ] GC(73) Pause Full (System.gc()) 181M->181M(4096M) 1805.441ms
[310.077s][info][gc,metaspace] GC(74) Metaspace: 61999K(68928K)->61999K(68928K) NonClass: 51104K(54016K)->51104K(54016K) Class: 10895K(14912K)->10895K(14912K)
[310.077s][info][gc          ] GC(74) Pause Full (System.gc()) 181M->181M(4096M) 1771.038ms
[311.873s][info][gc,metaspace] GC(75) Metaspace: 61999K(68928K)->61999K(68928K) NonClass: 51104K(54016K)->51104K(54016K) Class: 10895K(14912K)->10895K(14912K)
[311.873s][info][gc          ] GC(75) Pause Full (System.gc()) 181M->181M(4096M) 1795.754ms
[313.655s][info][gc,metaspace] GC(76) Metaspace: 61999K(68928K)->61999K(68928K) NonClass: 51104K(54016K)->51104K(54016K) Class: 10895K(14912K)->10895K(14912K)
[313.655s][info][gc          ] GC(76) Pause Full (System.gc()) 182M->181M(4096M) 1781.580ms
[315.450s][info][gc,metaspace] GC(77) Metaspace: 61999K(68928K)->61999K(68928K) NonClass: 51104K(54016K)->51104K(54016K) Class: 10895K(14912K)->10895K(14912K)
[315.450s][info][gc          ] GC(77) Pause Full (System.gc()) 181M->181M(4096M) 1794.334ms
[317.891s][info][gc,metaspace] GC(78) Metaspace: 61999K(68928K)->61999K(68928K) NonClass: 51104K(54016K)->51104K(54016K) Class: 10895K(14912K)->10895K(14912K)
[317.891s][info][gc          ] GC(78) Pause Full (System.gc()) 181M->181M(4096M) 2440.929ms
[320.111s][info][gc,metaspace] GC(79) Metaspace: 61999K(68928K)->61999K(68928K) NonClass: 51104K(54016K)->51104K(54016K) Class: 10895K(14912K)->10895K(14912K)
[320.111s][info][gc          ] GC(79) Pause Full (System.gc()) 181M->181M(4096M) 2218.758ms
[321.895s][info][gc,metaspace] GC(80) Metaspace: 61999K(68928K)->61999K(68928K) NonClass: 51104K(54016K)->51104K(54016K) Class: 10895K(14912K)->10895K(14912K)
[321.895s][info][gc          ] GC(80) Pause Full (System.gc()) 181M->181M(4096M) 1781.663ms
[323.690s][info][gc,metaspace] GC(81) Metaspace: 61999K(68928K)->61999K(68928K) NonClass: 51104K(54016K)->51104K(54016K) Class: 10895K(14912K)->10895K(14912K)
[323.691s][info][gc          ] GC(81) Pause Full (System.gc()) 181M->181M(4096M) 1791.958ms
[326.561s][info][gc,metaspace] GC(82) Metaspace: 61999K(68928K)->61999K(68928K) NonClass: 51104K(54016K)->51104K(54016K) Class: 10895K(14912K)->10895K(14912K)
[326.561s][info][gc          ] GC(82) Pause Full (System.gc()) 181M->181M(4096M) 2870.072ms
[328.343s][info][gc,metaspace] GC(83) Metaspace: 61999K(68928K)->61999K(68928K) NonClass: 51104K(54016K)->51104K(54016K) Class: 10895K(14912K)->10895K(14912K)
[328.343s][info][gc          ] GC(83) Pause Full (System.gc()) 181M->181M(4096M) 1782.127ms
[330.125s][info][gc,metaspace] GC(84) Metaspace: 61999K(68928K)->61999K(68928K) NonClass: 51104K(54016K)->51104K(54016K) Class: 10895K(14912K)->10895K(14912K)
[330.125s][info][gc          ] GC(84) Pause Full (System.gc()) 181M->181M(4096M) 1779.284ms
[331.920s][info][gc,metaspace] GC(85) Metaspace: 61999K(68928K)->61999K(68928K) NonClass: 51104K(54016K)->51104K(54016K) Class: 10895K(14912K)->10895K(14912K)
[331.920s][info][gc          ] GC(85) Pause Full (System.gc()) 181M->181M(4096M) 1794.344ms
[333.697s][info][gc,metaspace] GC(86) Metaspace: 61999K(68928K)->61999K(68928K) NonClass: 51104K(54016K)->51104K(54016K) Class: 10895K(14912K)->10895K(14912K)
[333.698s][info][gc          ] GC(86) Pause Full (System.gc()) 181M->181M(4096M) 1777.260ms
[335.494s][info][gc,metaspace] GC(87) Metaspace: 61999K(68928K)->61999K(68928K) NonClass: 51104K(54016K)->51104K(54016K) Class: 10895K(14912K)->10895K(14912K)
[335.494s][info][gc          ] GC(87) Pause Full (System.gc()) 181M->181M(4096M) 1796.101ms
[337.272s][info][gc,metaspace] GC(88) Metaspace: 61999K(68928K)->61999K(68928K) NonClass: 51104K(54016K)->51104K(54016K) Class: 10895K(14912K)->10895K(14912K)
[337.273s][info][gc          ] GC(88) Pause Full (System.gc()) 181M->181M(4096M) 1777.813ms
[339.063s][info][gc,metaspace] GC(89) Metaspace: 61999K(68928K)->61999K(68928K) NonClass: 51104K(54016K)->51104K(54016K) Class: 10895K(14912K)->10895K(14912K)
[339.063s][info][gc          ] GC(89) Pause Full (System.gc()) 181M->181M(4096M) 1788.615ms
[340.838s][info][gc,metaspace] GC(90) Metaspace: 61999K(68928K)->61999K(68928K) NonClass: 51104K(54016K)->51104K(54016K) Class: 10895K(14912K)->10895K(14912K)
[340.838s][info][gc          ] GC(90) Pause Full (System.gc()) 181M->181M(4096M) 1774.210ms
[342.614s][info][gc,metaspace] GC(91) Metaspace: 61999K(68928K)->61999K(68928K) NonClass: 51104K(54016K)->51104K(54016K) Class: 10895K(14912K)->10895K(14912K)
[342.614s][info][gc          ] GC(91) Pause Full (System.gc()) 181M->181M(4096M) 1771.348ms
[344.407s][info][gc,metaspace] GC(92) Metaspace: 61999K(68928K)->61999K(68928K) NonClass: 51104K(54016K)->51104K(54016K) Class: 10895K(14912K)->10895K(14912K)
[344.407s][info][gc          ] GC(92) Pause Full (System.gc()) 181M->181M(4096M) 1792.675ms
[346.170s][info][gc,metaspace] GC(93) Metaspace: 61999K(68928K)->61999K(68928K) NonClass: 51104K(54016K)->51104K(54016K) Class: 10895K(14912K)->10895K(14912K)
[346.171s][info][gc          ] GC(93) Pause Full (System.gc()) 181M->181M(4096M) 1762.968ms
[347.956s][info][gc,metaspace] GC(94) Metaspace: 61999K(68928K)->61999K(68928K) NonClass: 51104K(54016K)->51104K(54016K) Class: 10895K(14912K)->10895K(14912K)
[347.956s][info][gc          ] GC(94) Pause Full (System.gc()) 181M->181M(4096M) 1785.297ms
[349.727s][info][gc,metaspace] GC(95) Metaspace: 61999K(68928K)->61999K(68928K) NonClass: 51104K(54016K)->51104K(54016K) Class: 10895K(14912K)->10895K(14912K)
[349.727s][info][gc          ] GC(95) Pause Full (System.gc()) 181M->181M(4096M) 1770.711ms
[351.514s][info][gc,metaspace] GC(96) Metaspace: 61999K(68928K)->61999K(68928K) NonClass: 51104K(54016K)->51104K(54016K) Class: 10895K(14912K)->10895K(14912K)
[351.514s][info][gc          ] GC(96) Pause Full (System.gc()) 181M->181M(4096M) 1786.357ms
[353.302s][info][gc,metaspace] GC(97) Metaspace: 61999K(68928K)->61999K(68928K) NonClass: 51104K(54016K)->51104K(54016K) Class: 10895K(14912K)->10895K(14912K)
[353.302s][info][gc          ] GC(97) Pause Full (System.gc()) 181M->181M(4096M) 1787.543ms
[355.725s][info][gc,metaspace] GC(98) Metaspace: 61999K(68928K)->61999K(68928K) NonClass: 51104K(54016K)->51104K(54016K) Class: 10895K(14912K)->10895K(14912K)
[355.725s][info][gc          ] GC(98) Pause Full (System.gc()) 181M->181M(4096M) 2422.998ms
[357.985s][info][gc,metaspace] GC(99) Metaspace: 61999K(68928K)->61999K(68928K) NonClass: 51104K(54016K)->51104K(54016K) Class: 10895K(14912K)->10895K(14912K)
[357.985s][info][gc          ] GC(99) Pause Full (System.gc()) 181M->181M(4096M) 2258.203ms
[359.783s][info][gc,metaspace] GC(100) Metaspace: 61999K(68928K)->61999K(68928K) NonClass: 51104K(54016K)->51104K(54016K) Class: 10895K(14912K)->10895K(14912K)
[359.784s][info][gc          ] GC(100) Pause Full (System.gc()) 181M->181M(4096M) 1798.297ms
[361.553s][info][gc,metaspace] GC(101) Metaspace: 61999K(68928K)->61999K(68928K) NonClass: 51104K(54016K)->51104K(54016K) Class: 10895K(14912K)->10895K(14912K)
[361.553s][info][gc          ] GC(101) Pause Full (System.gc()) 181M->181M(4096M) 1769.453ms
[363.350s][info][gc,metaspace] GC(102) Metaspace: 61999K(68928K)->61999K(68928K) NonClass: 51104K(54016K)->51104K(54016K) Class: 10895K(14912K)->10895K(14912K)
[363.351s][info][gc          ] GC(102) Pause Full (System.gc()) 181M->181M(4096M) 1796.418ms
[365.155s][info][gc,metaspace] GC(103) Metaspace: 61999K(68928K)->61999K(68928K) NonClass: 51104K(54016K)->51104K(54016K) Class: 10895K(14912K)->10895K(14912K)
[365.155s][info][gc          ] GC(103) Pause Full (System.gc()) 181M->181M(4096M) 1803.817ms
[366.937s][info][gc,metaspace] GC(104) Metaspace: 61999K(68928K)->61999K(68928K) NonClass: 51104K(54016K)->51104K(54016K) Class: 10895K(14912K)->10895K(14912K)
[366.937s][info][gc          ] GC(104) Pause Full (System.gc()) 181M->181M(4096M) 1781.907ms
[368.737s][info][gc,metaspace] GC(105) Metaspace: 61999K(68928K)->61999K(68928K) NonClass: 51104K(54016K)->51104K(54016K) Class: 10895K(14912K)->10895K(14912K)
[368.737s][info][gc          ] GC(105) Pause Full (System.gc()) 181M->181M(4096M) 1799.251ms
[371.176s][info][gc,metaspace] GC(106) Metaspace: 61999K(68928K)->61999K(68928K) NonClass: 51104K(54016K)->51104K(54016K) Class: 10895K(14912K)->10895K(14912K)
[371.176s][info][gc          ] GC(106) Pause Full (System.gc()) 181M->181M(4096M) 2439.245ms
[374.025s][info][gc,metaspace] GC(107) Metaspace: 61999K(68928K)->61999K(68928K) NonClass: 51104K(54016K)->51104K(54016K) Class: 10895K(14912K)->10895K(14912K)
[374.025s][info][gc          ] GC(107) Pause Full (System.gc()) 181M->181M(4096M) 2848.135ms
[376.224s][info][gc,metaspace] GC(108) Metaspace: 61999K(68928K)->61999K(68928K) NonClass: 51104K(54016K)->51104K(54016K) Class: 10895K(14912K)->10895K(14912K)
[376.224s][info][gc          ] GC(108) Pause Full (System.gc()) 181M->181M(4096M) 2198.465ms
[378.015s][info][gc,metaspace] GC(109) Metaspace: 61999K(68928K)->61999K(68928K) NonClass: 51104K(54016K)->51104K(54016K) Class: 10895K(14912K)->10895K(14912K)
[378.015s][info][gc          ] GC(109) Pause Full (System.gc()) 182M->181M(4096M) 1790.147ms
[379.795s][info][gc,metaspace] GC(110) Metaspace: 61999K(68928K)->61999K(68928K) NonClass: 51104K(54016K)->51104K(54016K) Class: 10895K(14912K)->10895K(14912K)
[379.796s][info][gc          ] GC(110) Pause Full (System.gc()) 181M->181M(4096M) 1780.995ms
[381.585s][info][gc,metaspace] GC(111) Metaspace: 61999K(68928K)->61999K(68928K) NonClass: 51104K(54016K)->51104K(54016K) Class: 10895K(14912K)->10895K(14912K)
[381.585s][info][gc          ] GC(111) Pause Full (System.gc()) 181M->181M(4096M) 1788.681ms
[383.396s][info][gc,metaspace] GC(112) Metaspace: 61999K(68928K)->61999K(68928K) NonClass: 51104K(54016K)->51104K(54016K) Class: 10895K(14912K)->10895K(14912K)
[383.396s][info][gc          ] GC(112) Pause Full (System.gc()) 181M->181M(4096M) 1810.456ms
[385.173s][info][gc,metaspace] GC(113) Metaspace: 61999K(68928K)->61999K(68928K) NonClass: 51104K(54016K)->51104K(54016K) Class: 10895K(14912K)->10895K(14912K)
[385.173s][info][gc          ] GC(113) Pause Full (System.gc()) 181M->181M(4096M) 1776.881ms
[386.968s][info][gc,metaspace] GC(114) Metaspace: 61999K(68928K)->61999K(68928K) NonClass: 51104K(54016K)->51104K(54016K) Class: 10895K(14912K)->10895K(14912K)
[386.968s][info][gc          ] GC(114) Pause Full (System.gc()) 181M->181M(4096M) 1794.135ms
[388.749s][info][gc,metaspace] GC(115) Metaspace: 61999K(68928K)->61999K(68928K) NonClass: 51104K(54016K)->51104K(54016K) Class: 10895K(14912K)->10895K(14912K)
[388.749s][info][gc          ] GC(115) Pause Full (System.gc()) 181M->181M(4096M) 1779.986ms
[390.539s][info][gc,metaspace] GC(116) Metaspace: 61999K(68928K)->61999K(68928K) NonClass: 51104K(54016K)->51104K(54016K) Class: 10895K(14912K)->10895K(14912K)
[390.539s][info][gc          ] GC(116) Pause Full (System.gc()) 181M->181M(4096M) 1789.692ms
After GCs... 
