Done; will start GCs... 
[14.834s][info][gc,metaspace] GC(3) Metaspace: 28515K(29632K)->28515K(29632K) NonClass: 25133K(25664K)->25133K(25664K) Class: 3381K(3968K)->3381K(3968K)
[14.834s][info][gc          ] GC(3) Pause Full (System.gc()) 1323M->1285M(5939M) 3079.877ms
[17.288s][info][gc,metaspace] GC(4) Metaspace: 28515K(29632K)->28515K(29632K) NonClass: 25133K(25664K)->25133K(25664K) Class: 3381K(3968K)->3381K(3968K)
[17.288s][info][gc          ] GC(4) Pause Full (System.gc()) 1285M->1285M(5939M) 2453.973ms
[19.739s][info][gc,metaspace] GC(5) Metaspace: 28515K(29632K)->28515K(29632K) NonClass: 25133K(25664K)->25133K(25664K) Class: 3381K(3968K)->3381K(3968K)
[19.740s][info][gc          ] GC(5) Pause Full (System.gc()) 1285M->1285M(5939M) 2451.375ms
[21.618s][info][gc,metaspace] GC(6) Metaspace: 28515K(29632K)->28515K(29632K) NonClass: 25133K(25664K)->25133K(25664K) Class: 3381K(3968K)->3381K(3968K)
[21.618s][info][gc          ] GC(6) Pause Full (System.gc()) 1285M->1285M(5939M) 1878.362ms
[23.497s][info][gc,metaspace] GC(7) Metaspace: 28515K(29632K)->28515K(29632K) NonClass: 25133K(25664K)->25133K(25664K) Class: 3381K(3968K)->3381K(3968K)
[23.497s][info][gc          ] GC(7) Pause Full (System.gc()) 1285M->1285M(5939M) 1879.103ms
[25.326s][info][gc,metaspace] GC(8) Metaspace: 28515K(29632K)->28515K(29632K) NonClass: 25133K(25664K)->25133K(25664K) Class: 3381K(3968K)->3381K(3968K)
[25.326s][info][gc          ] GC(8) Pause Full (System.gc()) 1285M->1285M(5939M) 1828.423ms
[27.205s][info][gc,metaspace] GC(9) Metaspace: 28515K(29632K)->28515K(29632K) NonClass: 25133K(25664K)->25133K(25664K) Class: 3381K(3968K)->3381K(3968K)
[27.205s][info][gc          ] GC(9) Pause Full (System.gc()) 1285M->1285M(5939M) 1879.029ms
[29.084s][info][gc,metaspace] GC(10) Metaspace: 28515K(29632K)->28515K(29632K) NonClass: 25133K(25664K)->25133K(25664K) Class: 3381K(3968K)->3381K(3968K)
[29.084s][info][gc          ] GC(10) Pause Full (System.gc()) 1285M->1285M(5939M) 1878.728ms
[30.964s][info][gc,metaspace] GC(11) Metaspace: 28515K(29632K)->28515K(29632K) NonClass: 25133K(25664K)->25133K(25664K) Class: 3381K(3968K)->3381K(3968K)
[30.964s][info][gc          ] GC(11) Pause Full (System.gc()) 1285M->1285M(5939M) 1879.662ms
[32.839s][info][gc,metaspace] GC(12) Metaspace: 28515K(29632K)->28515K(29632K) NonClass: 25133K(25664K)->25133K(25664K) Class: 3381K(3968K)->3381K(3968K)
[32.839s][info][gc          ] GC(12) Pause Full (System.gc()) 1285M->1285M(5939M) 1874.764ms
[34.719s][info][gc,metaspace] GC(13) Metaspace: 28515K(29632K)->28515K(29632K) NonClass: 25133K(25664K)->25133K(25664K) Class: 3381K(3968K)->3381K(3968K)
[34.719s][info][gc          ] GC(13) Pause Full (System.gc()) 1285M->1285M(5939M) 1879.788ms
[36.597s][info][gc,metaspace] GC(14) Metaspace: 28515K(29632K)->28515K(29632K) NonClass: 25133K(25664K)->25133K(25664K) Class: 3381K(3968K)->3381K(3968K)
[36.597s][info][gc          ] GC(14) Pause Full (System.gc()) 1285M->1285M(5939M) 1873.554ms
[38.476s][info][gc,metaspace] GC(15) Metaspace: 28515K(29632K)->28515K(29632K) NonClass: 25133K(25664K)->25133K(25664K) Class: 3381K(3968K)->3381K(3968K)
[38.476s][info][gc          ] GC(15) Pause Full (System.gc()) 1285M->1285M(5939M) 1879.337ms
[40.305s][info][gc,metaspace] GC(16) Metaspace: 28515K(29632K)->28515K(29632K) NonClass: 25133K(25664K)->25133K(25664K) Class: 3381K(3968K)->3381K(3968K)
[40.305s][info][gc          ] GC(16) Pause Full (System.gc()) 1285M->1285M(5939M) 1827.953ms
[42.184s][info][gc,metaspace] GC(17) Metaspace: 28515K(29632K)->28515K(29632K) NonClass: 25133K(25664K)->25133K(25664K) Class: 3381K(3968K)->3381K(3968K)
[42.184s][info][gc          ] GC(17) Pause Full (System.gc()) 1285M->1285M(5939M) 1879.336ms
[44.061s][info][gc,metaspace] GC(18) Metaspace: 28515K(29632K)->28515K(29632K) NonClass: 25133K(25664K)->25133K(25664K) Class: 3381K(3968K)->3381K(3968K)
[44.061s][info][gc          ] GC(18) Pause Full (System.gc()) 1285M->1285M(5939M) 1877.301ms
[45.941s][info][gc,metaspace] GC(19) Metaspace: 28515K(29632K)->28515K(29632K) NonClass: 25133K(25664K)->25133K(25664K) Class: 3381K(3968K)->3381K(3968K)
[45.941s][info][gc          ] GC(19) Pause Full (System.gc()) 1285M->1285M(5939M) 1879.450ms
[47.819s][info][gc,metaspace] GC(20) Metaspace: 28515K(29632K)->28515K(29632K) NonClass: 25133K(25664K)->25133K(25664K) Class: 3381K(3968K)->3381K(3968K)
[47.819s][info][gc          ] GC(20) Pause Full (System.gc()) 1285M->1285M(5939M) 1878.196ms
[49.700s][info][gc,metaspace] GC(21) Metaspace: 28515K(29632K)->28515K(29632K) NonClass: 25133K(25664K)->25133K(25664K) Class: 3381K(3968K)->3381K(3968K)
[49.700s][info][gc          ] GC(21) Pause Full (System.gc()) 1285M->1285M(5939M) 1880.394ms
[51.578s][info][gc,metaspace] GC(22) Metaspace: 28515K(29632K)->28515K(29632K) NonClass: 25133K(25664K)->25133K(25664K) Class: 3381K(3968K)->3381K(3968K)
[51.578s][info][gc          ] GC(22) Pause Full (System.gc()) 1285M->1285M(5939M) 1877.672ms
[53.457s][info][gc,metaspace] GC(23) Metaspace: 28515K(29632K)->28515K(29632K) NonClass: 25133K(25664K)->25133K(25664K) Class: 3381K(3968K)->3381K(3968K)
[53.457s][info][gc          ] GC(23) Pause Full (System.gc()) 1285M->1285M(5939M) 1879.437ms
[55.285s][info][gc,metaspace] GC(24) Metaspace: 28515K(29632K)->28515K(29632K) NonClass: 25133K(25664K)->25133K(25664K) Class: 3381K(3968K)->3381K(3968K)
[55.285s][info][gc          ] GC(24) Pause Full (System.gc()) 1285M->1285M(5939M) 1827.871ms
[57.165s][info][gc,metaspace] GC(25) Metaspace: 28515K(29632K)->28515K(29632K) NonClass: 25133K(25664K)->25133K(25664K) Class: 3381K(3968K)->3381K(3968K)
[57.165s][info][gc          ] GC(25) Pause Full (System.gc()) 1285M->1285M(5939M) 1879.515ms
[59.042s][info][gc,metaspace] GC(26) Metaspace: 28515K(29632K)->28515K(29632K) NonClass: 25133K(25664K)->25133K(25664K) Class: 3381K(3968K)->3381K(3968K)
[59.042s][info][gc          ] GC(26) Pause Full (System.gc()) 1285M->1285M(5939M) 1877.459ms
[60.922s][info][gc,metaspace] GC(27) Metaspace: 28515K(29632K)->28515K(29632K) NonClass: 25133K(25664K)->25133K(25664K) Class: 3381K(3968K)->3381K(3968K)
[60.922s][info][gc          ] GC(27) Pause Full (System.gc()) 1285M->1285M(5939M) 1879.506ms
[62.800s][info][gc,metaspace] GC(28) Metaspace: 28515K(29632K)->28515K(29632K) NonClass: 25133K(25664K)->25133K(25664K) Class: 3381K(3968K)->3381K(3968K)
[62.800s][info][gc          ] GC(28) Pause Full (System.gc()) 1285M->1285M(5939M) 1878.029ms
[64.680s][info][gc,metaspace] GC(29) Metaspace: 28515K(29632K)->28515K(29632K) NonClass: 25133K(25664K)->25133K(25664K) Class: 3381K(3968K)->3381K(3968K)
[64.680s][info][gc          ] GC(29) Pause Full (System.gc()) 1285M->1285M(5939M) 1879.394ms
[66.558s][info][gc,metaspace] GC(30) Metaspace: 28515K(29632K)->28515K(29632K) NonClass: 25133K(25664K)->25133K(25664K) Class: 3381K(3968K)->3381K(3968K)
[66.558s][info][gc          ] GC(30) Pause Full (System.gc()) 1285M->1285M(5939M) 1877.757ms
[68.437s][info][gc,metaspace] GC(31) Metaspace: 28515K(29632K)->28515K(29632K) NonClass: 25133K(25664K)->25133K(25664K) Class: 3381K(3968K)->3381K(3968K)
[68.437s][info][gc          ] GC(31) Pause Full (System.gc()) 1295M->1285M(5939M) 1879.493ms
[70.265s][info][gc,metaspace] GC(32) Metaspace: 28515K(29632K)->28515K(29632K) NonClass: 25133K(25664K)->25133K(25664K) Class: 3381K(3968K)->3381K(3968K)
[70.265s][info][gc          ] GC(32) Pause Full (System.gc()) 1285M->1285M(5939M) 1828.000ms
[72.712s][info][gc,metaspace] GC(33) Metaspace: 28515K(29632K)->28515K(29632K) NonClass: 25133K(25664K)->25133K(25664K) Class: 3381K(3968K)->3381K(3968K)
[72.712s][info][gc          ] GC(33) Pause Full (System.gc()) 1285M->1285M(5939M) 2446.159ms
[74.591s][info][gc,metaspace] GC(34) Metaspace: 28515K(29632K)->28515K(29632K) NonClass: 25133K(25664K)->25133K(25664K) Class: 3381K(3968K)->3381K(3968K)
[74.591s][info][gc          ] GC(34) Pause Full (System.gc()) 1285M->1285M(5939M) 1878.647ms
[76.476s][info][gc,metaspace] GC(35) Metaspace: 28515K(29632K)->28515K(29632K) NonClass: 25133K(25664K)->25133K(25664K) Class: 3381K(3968K)->3381K(3968K)
[76.476s][info][gc          ] GC(35) Pause Full (System.gc()) 1285M->1285M(5939M) 1884.878ms
[78.309s][info][gc,metaspace] GC(36) Metaspace: 28515K(29632K)->28515K(29632K) NonClass: 25133K(25664K)->25133K(25664K) Class: 3381K(3968K)->3381K(3968K)
[78.309s][info][gc          ] GC(36) Pause Full (System.gc()) 1285M->1285M(5939M) 1833.194ms
[80.193s][info][gc,metaspace] GC(37) Metaspace: 28515K(29632K)->28515K(29632K) NonClass: 25133K(25664K)->25133K(25664K) Class: 3381K(3968K)->3381K(3968K)
[80.193s][info][gc          ] GC(37) Pause Full (System.gc()) 1285M->1285M(5939M) 1884.378ms
[82.076s][info][gc,metaspace] GC(38) Metaspace: 28515K(29632K)->28515K(29632K) NonClass: 25133K(25664K)->25133K(25664K) Class: 3381K(3968K)->3381K(3968K)
[82.076s][info][gc          ] GC(38) Pause Full (System.gc()) 1285M->1285M(5939M) 1882.146ms
[83.960s][info][gc,metaspace] GC(39) Metaspace: 28515K(29632K)->28515K(29632K) NonClass: 25133K(25664K)->25133K(25664K) Class: 3381K(3968K)->3381K(3968K)
[83.960s][info][gc          ] GC(39) Pause Full (System.gc()) 1285M->1285M(5939M) 1883.882ms
[85.843s][info][gc,metaspace] GC(40) Metaspace: 28515K(29632K)->28515K(29632K) NonClass: 25133K(25664K)->25133K(25664K) Class: 3381K(3968K)->3381K(3968K)
[85.843s][info][gc          ] GC(40) Pause Full (System.gc()) 1285M->1285M(5939M) 1883.084ms
[87.727s][info][gc,metaspace] GC(41) Metaspace: 28515K(29632K)->28515K(29632K) NonClass: 25133K(25664K)->25133K(25664K) Class: 3381K(3968K)->3381K(3968K)
[87.727s][info][gc          ] GC(41) Pause Full (System.gc()) 1285M->1285M(5939M) 1884.465ms
[89.610s][info][gc,metaspace] GC(42) Metaspace: 28515K(29632K)->28515K(29632K) NonClass: 25133K(25664K)->25133K(25664K) Class: 3381K(3968K)->3381K(3968K)
[89.610s][info][gc          ] GC(42) Pause Full (System.gc()) 1285M->1285M(5939M) 1882.242ms
[91.494s][info][gc,metaspace] GC(43) Metaspace: 28515K(29632K)->28515K(29632K) NonClass: 25133K(25664K)->25133K(25664K) Class: 3381K(3968K)->3381K(3968K)
[91.494s][info][gc          ] GC(43) Pause Full (System.gc()) 1285M->1285M(5939M) 1883.820ms
[93.327s][info][gc,metaspace] GC(44) Metaspace: 28515K(29632K)->28515K(29632K) NonClass: 25133K(25664K)->25133K(25664K) Class: 3381K(3968K)->3381K(3968K)
[93.327s][info][gc          ] GC(44) Pause Full (System.gc()) 1285M->1285M(5939M) 1832.760ms
[95.211s][info][gc,metaspace] GC(45) Metaspace: 28515K(29632K)->28515K(29632K) NonClass: 25133K(25664K)->25133K(25664K) Class: 3381K(3968K)->3381K(3968K)
[95.211s][info][gc          ] GC(45) Pause Full (System.gc()) 1285M->1285M(5939M) 1884.173ms
[97.094s][info][gc,metaspace] GC(46) Metaspace: 28515K(29632K)->28515K(29632K) NonClass: 25133K(25664K)->25133K(25664K) Class: 3381K(3968K)->3381K(3968K)
[97.094s][info][gc          ] GC(46) Pause Full (System.gc()) 1285M->1285M(5939M) 1882.825ms
[98.978s][info][gc,metaspace] GC(47) Metaspace: 28515K(29632K)->28515K(29632K) NonClass: 25133K(25664K)->25133K(25664K) Class: 3381K(3968K)->3381K(3968K)
[98.978s][info][gc          ] GC(47) Pause Full (System.gc()) 1285M->1285M(5939M) 1883.969ms
[100.861s][info][gc,metaspace] GC(48) Metaspace: 28515K(29632K)->28515K(29632K) NonClass: 25133K(25664K)->25133K(25664K) Class: 3381K(3968K)->3381K(3968K)
[100.861s][info][gc          ] GC(48) Pause Full (System.gc()) 1285M->1285M(5939M) 1883.167ms
[102.746s][info][gc,metaspace] GC(49) Metaspace: 28515K(29632K)->28515K(29632K) NonClass: 25133K(25664K)->25133K(25664K) Class: 3381K(3968K)->3381K(3968K)
[102.746s][info][gc          ] GC(49) Pause Full (System.gc()) 1285M->1285M(5939M) 1884.085ms
[104.628s][info][gc,metaspace] GC(50) Metaspace: 28515K(29632K)->28515K(29632K) NonClass: 25133K(25664K)->25133K(25664K) Class: 3381K(3968K)->3381K(3968K)
[104.628s][info][gc          ] GC(50) Pause Full (System.gc()) 1285M->1285M(5939M) 1882.201ms
[106.512s][info][gc,metaspace] GC(51) Metaspace: 28515K(29632K)->28515K(29632K) NonClass: 25133K(25664K)->25133K(25664K) Class: 3381K(3968K)->3381K(3968K)
[106.512s][info][gc          ] GC(51) Pause Full (System.gc()) 1285M->1285M(5939M) 1883.764ms
[108.395s][info][gc,metaspace] GC(52) Metaspace: 28515K(29632K)->28515K(29632K) NonClass: 25133K(25664K)->25133K(25664K) Class: 3381K(3968K)->3381K(3968K)
[108.395s][info][gc          ] GC(52) Pause Full (System.gc()) 1285M->1285M(5939M) 1882.896ms
[110.672s][info][gc,metaspace] GC(53) Metaspace: 28515K(29632K)->28515K(29632K) NonClass: 25133K(25664K)->25133K(25664K) Class: 3381K(3968K)->3381K(3968K)
[110.672s][info][gc          ] GC(53) Pause Full (System.gc()) 1285M->1285M(5939M) 2277.450ms
[112.555s][info][gc,metaspace] GC(54) Metaspace: 28515K(29632K)->28515K(29632K) NonClass: 25133K(25664K)->25133K(25664K) Class: 3381K(3968K)->3381K(3968K)
[112.555s][info][gc          ] GC(54) Pause Full (System.gc()) 1285M->1285M(5939M) 1882.457ms
[114.439s][info][gc,metaspace] GC(55) Metaspace: 28515K(29632K)->28515K(29632K) NonClass: 25133K(25664K)->25133K(25664K) Class: 3381K(3968K)->3381K(3968K)
[114.439s][info][gc          ] GC(55) Pause Full (System.gc()) 1285M->1285M(5939M) 1884.144ms
[116.272s][info][gc,metaspace] GC(56) Metaspace: 28515K(29632K)->28515K(29632K) NonClass: 25133K(25664K)->25133K(25664K) Class: 3381K(3968K)->3381K(3968K)
[116.272s][info][gc          ] GC(56) Pause Full (System.gc()) 1285M->1285M(5939M) 1832.680ms
[118.156s][info][gc,metaspace] GC(57) Metaspace: 28515K(29632K)->28515K(29632K) NonClass: 25133K(25664K)->25133K(25664K) Class: 3381K(3968K)->3381K(3968K)
[118.156s][info][gc          ] GC(57) Pause Full (System.gc()) 1285M->1285M(5939M) 1884.326ms
[120.039s][info][gc,metaspace] GC(58) Metaspace: 28515K(29632K)->28515K(29632K) NonClass: 25133K(25664K)->25133K(25664K) Class: 3381K(3968K)->3381K(3968K)
[120.039s][info][gc          ] GC(58) Pause Full (System.gc()) 1285M->1285M(5939M) 1882.519ms
[121.924s][info][gc,metaspace] GC(59) Metaspace: 28515K(29632K)->28515K(29632K) NonClass: 25133K(25664K)->25133K(25664K) Class: 3381K(3968K)->3381K(3968K)
[121.924s][info][gc          ] GC(59) Pause Full (System.gc()) 1285M->1285M(5939M) 1884.930ms
[123.803s][info][gc,metaspace] GC(60) Metaspace: 28515K(29632K)->28515K(29632K) NonClass: 25133K(25664K)->25133K(25664K) Class: 3381K(3968K)->3381K(3968K)
[123.804s][info][gc          ] GC(60) Pause Full (System.gc()) 1285M->1285M(5939M) 1879.141ms
[125.688s][info][gc,metaspace] GC(61) Metaspace: 28515K(29632K)->28515K(29632K) NonClass: 25133K(25664K)->25133K(25664K) Class: 3381K(3968K)->3381K(3968K)
[125.688s][info][gc          ] GC(61) Pause Full (System.gc()) 1285M->1285M(5939M) 1884.482ms
[127.571s][info][gc,metaspace] GC(62) Metaspace: 28515K(29632K)->28515K(29632K) NonClass: 25133K(25664K)->25133K(25664K) Class: 3381K(3968K)->3381K(3968K)
[127.571s][info][gc          ] GC(62) Pause Full (System.gc()) 1285M->1285M(5939M) 1882.441ms
[129.455s][info][gc,metaspace] GC(63) Metaspace: 28515K(29632K)->28515K(29632K) NonClass: 25133K(25664K)->25133K(25664K) Class: 3381K(3968K)->3381K(3968K)
[129.455s][info][gc          ] GC(63) Pause Full (System.gc()) 1285M->1285M(5939M) 1884.331ms
[131.289s][info][gc,metaspace] GC(64) Metaspace: 28515K(29632K)->28515K(29632K) NonClass: 25133K(25664K)->25133K(25664K) Class: 3381K(3968K)->3381K(3968K)
[131.289s][info][gc          ] GC(64) Pause Full (System.gc()) 1295M->1285M(5939M) 1833.217ms
[133.173s][info][gc,metaspace] GC(65) Metaspace: 28515K(29632K)->28515K(29632K) NonClass: 25133K(25664K)->25133K(25664K) Class: 3381K(3968K)->3381K(3968K)
[133.173s][info][gc          ] GC(65) Pause Full (System.gc()) 1285M->1285M(5939M) 1884.681ms
[135.056s][info][gc,metaspace] GC(66) Metaspace: 28515K(29632K)->28515K(29632K) NonClass: 25133K(25664K)->25133K(25664K) Class: 3381K(3968K)->3381K(3968K)
[135.056s][info][gc          ] GC(66) Pause Full (System.gc()) 1285M->1285M(5939M) 1882.741ms
[136.940s][info][gc,metaspace] GC(67) Metaspace: 28515K(29632K)->28515K(29632K) NonClass: 25133K(25664K)->25133K(25664K) Class: 3381K(3968K)->3381K(3968K)
[136.940s][info][gc          ] GC(67) Pause Full (System.gc()) 1285M->1285M(5939M) 1884.008ms
[138.824s][info][gc,metaspace] GC(68) Metaspace: 28515K(29632K)->28515K(29632K) NonClass: 25133K(25664K)->25133K(25664K) Class: 3381K(3968K)->3381K(3968K)
[138.824s][info][gc          ] GC(68) Pause Full (System.gc()) 1285M->1285M(5939M) 1883.141ms
[140.708s][info][gc,metaspace] GC(69) Metaspace: 28515K(29632K)->28515K(29632K) NonClass: 25133K(25664K)->25133K(25664K) Class: 3381K(3968K)->3381K(3968K)
[140.708s][info][gc          ] GC(69) Pause Full (System.gc()) 1285M->1285M(5939M) 1884.679ms
[142.591s][info][gc,metaspace] GC(70) Metaspace: 28515K(29632K)->28515K(29632K) NonClass: 25133K(25664K)->25133K(25664K) Class: 3381K(3968K)->3381K(3968K)
[142.591s][info][gc          ] GC(70) Pause Full (System.gc()) 1285M->1285M(5939M) 1882.386ms
[144.476s][info][gc,metaspace] GC(71) Metaspace: 28515K(29632K)->28515K(29632K) NonClass: 25133K(25664K)->25133K(25664K) Class: 3381K(3968K)->3381K(3968K)
[144.476s][info][gc          ] GC(71) Pause Full (System.gc()) 1285M->1285M(5939M) 1884.894ms
[146.309s][info][gc,metaspace] GC(72) Metaspace: 28515K(29632K)->28515K(29632K) NonClass: 25133K(25664K)->25133K(25664K) Class: 3381K(3968K)->3381K(3968K)
[146.309s][info][gc          ] GC(72) Pause Full (System.gc()) 1285M->1285M(5939M) 1833.067ms
[148.194s][info][gc,metaspace] GC(73) Metaspace: 28515K(29632K)->28515K(29632K) NonClass: 25133K(25664K)->25133K(25664K) Class: 3381K(3968K)->3381K(3968K)
[148.194s][info][gc          ] GC(73) Pause Full (System.gc()) 1285M->1285M(5939M) 1884.426ms
[150.077s][info][gc,metaspace] GC(74) Metaspace: 28515K(29632K)->28515K(29632K) NonClass: 25133K(25664K)->25133K(25664K) Class: 3381K(3968K)->3381K(3968K)
[150.077s][info][gc          ] GC(74) Pause Full (System.gc()) 1285M->1285M(5939M) 1882.984ms
[151.961s][info][gc,metaspace] GC(75) Metaspace: 28515K(29632K)->28515K(29632K) NonClass: 25133K(25664K)->25133K(25664K) Class: 3381K(3968K)->3381K(3968K)
[151.961s][info][gc          ] GC(75) Pause Full (System.gc()) 1285M->1285M(5939M) 1884.248ms
[153.845s][info][gc,metaspace] GC(76) Metaspace: 28515K(29632K)->28515K(29632K) NonClass: 25133K(25664K)->25133K(25664K) Class: 3381K(3968K)->3381K(3968K)
[153.845s][info][gc          ] GC(76) Pause Full (System.gc()) 1285M->1285M(5939M) 1883.217ms
[155.730s][info][gc,metaspace] GC(77) Metaspace: 28515K(29632K)->28515K(29632K) NonClass: 25133K(25664K)->25133K(25664K) Class: 3381K(3968K)->3381K(3968K)
[155.730s][info][gc          ] GC(77) Pause Full (System.gc()) 1285M->1285M(5939M) 1885.023ms
[157.613s][info][gc,metaspace] GC(78) Metaspace: 28515K(29632K)->28515K(29632K) NonClass: 25133K(25664K)->25133K(25664K) Class: 3381K(3968K)->3381K(3968K)
[157.613s][info][gc          ] GC(78) Pause Full (System.gc()) 1285M->1285M(5939M) 1882.833ms
[159.563s][info][gc,metaspace] GC(79) Metaspace: 28515K(29632K)->28515K(29632K) NonClass: 25133K(25664K)->25133K(25664K) Class: 3381K(3968K)->3381K(3968K)
[159.563s][info][gc          ] GC(79) Pause Full (System.gc()) 1285M->1285M(5939M) 1949.891ms
[161.446s][info][gc,metaspace] GC(80) Metaspace: 28515K(29632K)->28515K(29632K) NonClass: 25133K(25664K)->25133K(25664K) Class: 3381K(3968K)->3381K(3968K)
[161.446s][info][gc          ] GC(80) Pause Full (System.gc()) 1285M->1285M(5939M) 1883.252ms
[163.281s][info][gc,metaspace] GC(81) Metaspace: 28515K(29632K)->28515K(29632K) NonClass: 25133K(25664K)->25133K(25664K) Class: 3381K(3968K)->3381K(3968K)
[163.281s][info][gc          ] GC(81) Pause Full (System.gc()) 1285M->1285M(5939M) 1834.435ms
[165.164s][info][gc,metaspace] GC(82) Metaspace: 28515K(29632K)->28515K(29632K) NonClass: 25133K(25664K)->25133K(25664K) Class: 3381K(3968K)->3381K(3968K)
[165.164s][info][gc          ] GC(82) Pause Full (System.gc()) 1285M->1285M(5939M) 1882.726ms
[167.048s][info][gc,metaspace] GC(83) Metaspace: 28515K(29632K)->28515K(29632K) NonClass: 25133K(25664K)->25133K(25664K) Class: 3381K(3968K)->3381K(3968K)
[167.048s][info][gc          ] GC(83) Pause Full (System.gc()) 1285M->1285M(5939M) 1884.354ms
[168.927s][info][gc,metaspace] GC(84) Metaspace: 28515K(29632K)->28515K(29632K) NonClass: 25133K(25664K)->25133K(25664K) Class: 3381K(3968K)->3381K(3968K)
[168.927s][info][gc          ] GC(84) Pause Full (System.gc()) 1285M->1285M(5939M) 1878.641ms
[170.812s][info][gc,metaspace] GC(85) Metaspace: 28515K(29632K)->28515K(29632K) NonClass: 25133K(25664K)->25133K(25664K) Class: 3381K(3968K)->3381K(3968K)
[170.812s][info][gc          ] GC(85) Pause Full (System.gc()) 1285M->1285M(5939M) 1885.165ms
[172.695s][info][gc,metaspace] GC(86) Metaspace: 28515K(29632K)->28515K(29632K) NonClass: 25133K(25664K)->25133K(25664K) Class: 3381K(3968K)->3381K(3968K)
[172.695s][info][gc          ] GC(86) Pause Full (System.gc()) 1285M->1285M(5939M) 1882.582ms
[174.580s][info][gc,metaspace] GC(87) Metaspace: 28515K(29632K)->28515K(29632K) NonClass: 25133K(25664K)->25133K(25664K) Class: 3381K(3968K)->3381K(3968K)
[174.580s][info][gc          ] GC(87) Pause Full (System.gc()) 1285M->1285M(5939M) 1885.463ms
[176.464s][info][gc,metaspace] GC(88) Metaspace: 28515K(29632K)->28515K(29632K) NonClass: 25133K(25664K)->25133K(25664K) Class: 3381K(3968K)->3381K(3968K)
[176.464s][info][gc          ] GC(88) Pause Full (System.gc()) 1285M->1285M(5939M) 1883.063ms
[178.298s][info][gc,metaspace] GC(89) Metaspace: 28515K(29632K)->28515K(29632K) NonClass: 25133K(25664K)->25133K(25664K) Class: 3381K(3968K)->3381K(3968K)
[178.298s][info][gc          ] GC(89) Pause Full (System.gc()) 1285M->1285M(5939M) 1834.332ms
[180.181s][info][gc,metaspace] GC(90) Metaspace: 28515K(29632K)->28515K(29632K) NonClass: 25133K(25664K)->25133K(25664K) Class: 3381K(3968K)->3381K(3968K)
[180.181s][info][gc          ] GC(90) Pause Full (System.gc()) 1285M->1285M(5939M) 1882.770ms
[182.066s][info][gc,metaspace] GC(91) Metaspace: 28515K(29632K)->28515K(29632K) NonClass: 25133K(25664K)->25133K(25664K) Class: 3381K(3968K)->3381K(3968K)
[182.066s][info][gc          ] GC(91) Pause Full (System.gc()) 1285M->1285M(5939M) 1884.523ms
[183.950s][info][gc,metaspace] GC(92) Metaspace: 28515K(29632K)->28515K(29632K) NonClass: 25133K(25664K)->25133K(25664K) Class: 3381K(3968K)->3381K(3968K)
[183.950s][info][gc          ] GC(92) Pause Full (System.gc()) 1285M->1285M(5939M) 1884.012ms
[185.834s][info][gc,metaspace] GC(93) Metaspace: 28515K(29632K)->28515K(29632K) NonClass: 25133K(25664K)->25133K(25664K) Class: 3381K(3968K)->3381K(3968K)
[185.834s][info][gc          ] GC(93) Pause Full (System.gc()) 1285M->1285M(5939M) 1884.555ms
[187.717s][info][gc,metaspace] GC(94) Metaspace: 28515K(29632K)->28515K(29632K) NonClass: 25133K(25664K)->25133K(25664K) Class: 3381K(3968K)->3381K(3968K)
[187.718s][info][gc          ] GC(94) Pause Full (System.gc()) 1285M->1285M(5939M) 1882.902ms
[189.602s][info][gc,metaspace] GC(95) Metaspace: 28515K(29632K)->28515K(29632K) NonClass: 25133K(25664K)->25133K(25664K) Class: 3381K(3968K)->3381K(3968K)
[189.602s][info][gc          ] GC(95) Pause Full (System.gc()) 1285M->1285M(5939M) 1884.141ms
[191.485s][info][gc,metaspace] GC(96) Metaspace: 28515K(29632K)->28515K(29632K) NonClass: 25133K(25664K)->25133K(25664K) Class: 3381K(3968K)->3381K(3968K)
[191.485s][info][gc          ] GC(96) Pause Full (System.gc()) 1285M->1285M(5939M) 1883.390ms
[193.397s][info][gc,metaspace] GC(97) Metaspace: 28515K(29632K)->28515K(29632K) NonClass: 25133K(25664K)->25133K(25664K) Class: 3381K(3968K)->3381K(3968K)
[193.397s][info][gc          ] GC(97) Pause Full (System.gc()) 1295M->1285M(5939M) 1911.287ms
[196.507s][info][gc,metaspace] GC(98) Metaspace: 28515K(29632K)->28515K(29632K) NonClass: 25133K(25664K)->25133K(25664K) Class: 3381K(3968K)->3381K(3968K)
[196.507s][info][gc          ] GC(98) Pause Full (System.gc()) 1285M->1285M(5939M) 3109.811ms
[198.341s][info][gc,metaspace] GC(99) Metaspace: 28515K(29632K)->28515K(29632K) NonClass: 25133K(25664K)->25133K(25664K) Class: 3381K(3968K)->3381K(3968K)
[198.341s][info][gc          ] GC(99) Pause Full (System.gc()) 1285M->1285M(5939M) 1833.921ms
[200.224s][info][gc,metaspace] GC(100) Metaspace: 28515K(29632K)->28515K(29632K) NonClass: 25133K(25664K)->25133K(25664K) Class: 3381K(3968K)->3381K(3968K)
[200.224s][info][gc          ] GC(100) Pause Full (System.gc()) 1285M->1285M(5939M) 1882.957ms
[202.108s][info][gc,metaspace] GC(101) Metaspace: 28515K(29632K)->28515K(29632K) NonClass: 25133K(25664K)->25133K(25664K) Class: 3381K(3968K)->3381K(3968K)
[202.108s][info][gc          ] GC(101) Pause Full (System.gc()) 1285M->1285M(5939M) 1884.267ms
[203.992s][info][gc,metaspace] GC(102) Metaspace: 28515K(29632K)->28515K(29632K) NonClass: 25133K(25664K)->25133K(25664K) Class: 3381K(3968K)->3381K(3968K)
[203.992s][info][gc          ] GC(102) Pause Full (System.gc()) 1285M->1285M(5939M) 1883.464ms
After GCs... 
