Done; will start GCs... 
[15.076s][info][gc,metaspace] GC(3) Metaspace: 28519K(29632K)->28519K(29632K) NonClass: 25138K(25664K)->25138K(25664K) Class: 3381K(3968K)->3381K(3968K)
[15.076s][info][gc          ] GC(3) Pause Full (System.gc()) 1344M->1285M(5939M) 3306.802ms
[17.207s][info][gc,metaspace] GC(4) Metaspace: 28519K(29632K)->28519K(29632K) NonClass: 25138K(25664K)->25138K(25664K) Class: 3381K(3968K)->3381K(3968K)
[17.207s][info][gc          ] GC(4) Pause Full (System.gc()) 1285M->1285M(5939M) 2130.489ms
[19.977s][info][gc,metaspace] GC(5) Metaspace: 28519K(29632K)->28519K(29632K) NonClass: 25138K(25664K)->25138K(25664K) Class: 3381K(3968K)->3381K(3968K)
[19.977s][info][gc          ] GC(5) Pause Full (System.gc()) 1285M->1285M(5939M) 2769.806ms
[22.153s][info][gc,metaspace] GC(6) Metaspace: 28519K(29632K)->28519K(29632K) NonClass: 25138K(25664K)->25138K(25664K) Class: 3381K(3968K)->3381K(3968K)
[22.153s][info][gc          ] GC(6) Pause Full (System.gc()) 1285M->1285M(5939M) 2175.963ms
[24.282s][info][gc,metaspace] GC(7) Metaspace: 28519K(29632K)->28519K(29632K) NonClass: 25138K(25664K)->25138K(25664K) Class: 3381K(3968K)->3381K(3968K)
[24.283s][info][gc          ] GC(7) Pause Full (System.gc()) 1285M->1285M(5939M) 2128.873ms
[26.410s][info][gc,metaspace] GC(8) Metaspace: 28519K(29632K)->28519K(29632K) NonClass: 25138K(25664K)->25138K(25664K) Class: 3381K(3968K)->3381K(3968K)
[26.410s][info][gc          ] GC(8) Pause Full (System.gc()) 1285M->1285M(5939M) 2127.321ms
[28.538s][info][gc,metaspace] GC(9) Metaspace: 28519K(29632K)->28519K(29632K) NonClass: 25138K(25664K)->25138K(25664K) Class: 3381K(3968K)->3381K(3968K)
[28.538s][info][gc          ] GC(9) Pause Full (System.gc()) 1285M->1285M(5939M) 2127.847ms
[30.660s][info][gc,metaspace] GC(10) Metaspace: 28519K(29632K)->28519K(29632K) NonClass: 25138K(25664K)->25138K(25664K) Class: 3381K(3968K)->3381K(3968K)
[30.660s][info][gc          ] GC(10) Pause Full (System.gc()) 1285M->1285M(5939M) 2122.132ms
[32.788s][info][gc,metaspace] GC(11) Metaspace: 28519K(29632K)->28519K(29632K) NonClass: 25138K(25664K)->25138K(25664K) Class: 3381K(3968K)->3381K(3968K)
[32.788s][info][gc          ] GC(11) Pause Full (System.gc()) 1285M->1285M(5939M) 2127.786ms
[34.914s][info][gc,metaspace] GC(12) Metaspace: 28519K(29632K)->28519K(29632K) NonClass: 25138K(25664K)->25138K(25664K) Class: 3381K(3968K)->3381K(3968K)
[34.915s][info][gc          ] GC(12) Pause Full (System.gc()) 1285M->1285M(5939M) 2126.306ms
[37.093s][info][gc,metaspace] GC(13) Metaspace: 28519K(29632K)->28519K(29632K) NonClass: 25138K(25664K)->25138K(25664K) Class: 3381K(3968K)->3381K(3968K)
[37.093s][info][gc          ] GC(13) Pause Full (System.gc()) 1285M->1285M(5939M) 2177.936ms
[39.219s][info][gc,metaspace] GC(14) Metaspace: 28519K(29632K)->28519K(29632K) NonClass: 25138K(25664K)->25138K(25664K) Class: 3381K(3968K)->3381K(3968K)
[39.219s][info][gc          ] GC(14) Pause Full (System.gc()) 1285M->1285M(5939M) 2126.468ms
[41.347s][info][gc,metaspace] GC(15) Metaspace: 28519K(29632K)->28519K(29632K) NonClass: 25138K(25664K)->25138K(25664K) Class: 3381K(3968K)->3381K(3968K)
[41.347s][info][gc          ] GC(15) Pause Full (System.gc()) 1285M->1285M(5939M) 2127.783ms
[43.474s][info][gc,metaspace] GC(16) Metaspace: 28519K(29632K)->28519K(29632K) NonClass: 25138K(25664K)->25138K(25664K) Class: 3381K(3968K)->3381K(3968K)
[43.474s][info][gc          ] GC(16) Pause Full (System.gc()) 1285M->1285M(5939M) 2126.418ms
[45.602s][info][gc,metaspace] GC(17) Metaspace: 28519K(29632K)->28519K(29632K) NonClass: 25138K(25664K)->25138K(25664K) Class: 3381K(3968K)->3381K(3968K)
[45.602s][info][gc          ] GC(17) Pause Full (System.gc()) 1285M->1285M(5939M) 2128.127ms
[47.729s][info][gc,metaspace] GC(18) Metaspace: 28519K(29632K)->28519K(29632K) NonClass: 25138K(25664K)->25138K(25664K) Class: 3381K(3968K)->3381K(3968K)
[47.729s][info][gc          ] GC(18) Pause Full (System.gc()) 1285M->1285M(5939M) 2126.555ms
[49.857s][info][gc,metaspace] GC(19) Metaspace: 28519K(29632K)->28519K(29632K) NonClass: 25138K(25664K)->25138K(25664K) Class: 3381K(3968K)->3381K(3968K)
[49.857s][info][gc          ] GC(19) Pause Full (System.gc()) 1285M->1285M(5939M) 2128.037ms
[52.033s][info][gc,metaspace] GC(20) Metaspace: 28519K(29632K)->28519K(29632K) NonClass: 25138K(25664K)->25138K(25664K) Class: 3381K(3968K)->3381K(3968K)
[52.033s][info][gc          ] GC(20) Pause Full (System.gc()) 1285M->1285M(5939M) 2176.421ms
[54.162s][info][gc,metaspace] GC(21) Metaspace: 28519K(29632K)->28519K(29632K) NonClass: 25138K(25664K)->25138K(25664K) Class: 3381K(3968K)->3381K(3968K)
[54.162s][info][gc          ] GC(21) Pause Full (System.gc()) 1285M->1285M(5939M) 2128.262ms
[56.288s][info][gc,metaspace] GC(22) Metaspace: 28519K(29632K)->28519K(29632K) NonClass: 25138K(25664K)->25138K(25664K) Class: 3381K(3968K)->3381K(3968K)
[56.288s][info][gc          ] GC(22) Pause Full (System.gc()) 1285M->1285M(5939M) 2126.506ms
[58.417s][info][gc,metaspace] GC(23) Metaspace: 28519K(29632K)->28519K(29632K) NonClass: 25138K(25664K)->25138K(25664K) Class: 3381K(3968K)->3381K(3968K)
[58.417s][info][gc          ] GC(23) Pause Full (System.gc()) 1285M->1285M(5939M) 2127.989ms
[60.543s][info][gc,metaspace] GC(24) Metaspace: 28519K(29632K)->28519K(29632K) NonClass: 25138K(25664K)->25138K(25664K) Class: 3381K(3968K)->3381K(3968K)
[60.543s][info][gc          ] GC(24) Pause Full (System.gc()) 1285M->1285M(5939M) 2126.476ms
[62.671s][info][gc,metaspace] GC(25) Metaspace: 28519K(29632K)->28519K(29632K) NonClass: 25138K(25664K)->25138K(25664K) Class: 3381K(3968K)->3381K(3968K)
[62.672s][info][gc          ] GC(25) Pause Full (System.gc()) 1285M->1285M(5939M) 2128.225ms
[64.798s][info][gc,metaspace] GC(26) Metaspace: 28519K(29632K)->28519K(29632K) NonClass: 25138K(25664K)->25138K(25664K) Class: 3381K(3968K)->3381K(3968K)
[64.798s][info][gc          ] GC(26) Pause Full (System.gc()) 1285M->1285M(5939M) 2126.492ms
[66.926s][info][gc,metaspace] GC(27) Metaspace: 28519K(29632K)->28519K(29632K) NonClass: 25138K(25664K)->25138K(25664K) Class: 3381K(3968K)->3381K(3968K)
[66.926s][info][gc          ] GC(27) Pause Full (System.gc()) 1285M->1285M(5939M) 2128.244ms
[69.103s][info][gc,metaspace] GC(28) Metaspace: 28519K(29632K)->28519K(29632K) NonClass: 25138K(25664K)->25138K(25664K) Class: 3381K(3968K)->3381K(3968K)
[69.103s][info][gc          ] GC(28) Pause Full (System.gc()) 1295M->1285M(5939M) 2176.311ms
[71.858s][info][gc,metaspace] GC(29) Metaspace: 28519K(29632K)->28519K(29632K) NonClass: 25138K(25664K)->25138K(25664K) Class: 3381K(3968K)->3381K(3968K)
[71.858s][info][gc          ] GC(29) Pause Full (System.gc()) 1285M->1285M(5939M) 2754.516ms
[73.971s][info][gc,metaspace] GC(30) Metaspace: 28519K(29632K)->28519K(29632K) NonClass: 25138K(25664K)->25138K(25664K) Class: 3381K(3968K)->3381K(3968K)
[73.971s][info][gc          ] GC(30) Pause Full (System.gc()) 1285M->1285M(5939M) 2113.293ms
[76.139s][info][gc,metaspace] GC(31) Metaspace: 28519K(29632K)->28519K(29632K) NonClass: 25138K(25664K)->25138K(25664K) Class: 3381K(3968K)->3381K(3968K)
[76.139s][info][gc          ] GC(31) Pause Full (System.gc()) 1285M->1285M(5939M) 2168.268ms
[78.257s][info][gc,metaspace] GC(32) Metaspace: 28519K(29632K)->28519K(29632K) NonClass: 25138K(25664K)->25138K(25664K) Class: 3381K(3968K)->3381K(3968K)
[78.257s][info][gc          ] GC(32) Pause Full (System.gc()) 1285M->1285M(5939M) 2117.038ms
[80.375s][info][gc,metaspace] GC(33) Metaspace: 28519K(29632K)->28519K(29632K) NonClass: 25138K(25664K)->25138K(25664K) Class: 3381K(3968K)->3381K(3968K)
[80.375s][info][gc          ] GC(33) Pause Full (System.gc()) 1285M->1285M(5939M) 2118.269ms
[82.492s][info][gc,metaspace] GC(34) Metaspace: 28519K(29632K)->28519K(29632K) NonClass: 25138K(25664K)->25138K(25664K) Class: 3381K(3968K)->3381K(3968K)
[82.492s][info][gc          ] GC(34) Pause Full (System.gc()) 1285M->1285M(5939M) 2117.020ms
[84.610s][info][gc,metaspace] GC(35) Metaspace: 28519K(29632K)->28519K(29632K) NonClass: 25138K(25664K)->25138K(25664K) Class: 3381K(3968K)->3381K(3968K)
[84.610s][info][gc          ] GC(35) Pause Full (System.gc()) 1285M->1285M(5939M) 2118.186ms
[86.727s][info][gc,metaspace] GC(36) Metaspace: 28519K(29632K)->28519K(29632K) NonClass: 25138K(25664K)->25138K(25664K) Class: 3381K(3968K)->3381K(3968K)
[86.727s][info][gc          ] GC(36) Pause Full (System.gc()) 1285M->1285M(5939M) 2117.013ms
[88.846s][info][gc,metaspace] GC(37) Metaspace: 28519K(29632K)->28519K(29632K) NonClass: 25138K(25664K)->25138K(25664K) Class: 3381K(3968K)->3381K(3968K)
[88.846s][info][gc          ] GC(37) Pause Full (System.gc()) 1285M->1285M(5939M) 2118.011ms
[90.963s][info][gc,metaspace] GC(38) Metaspace: 28519K(29632K)->28519K(29632K) NonClass: 25138K(25664K)->25138K(25664K) Class: 3381K(3968K)->3381K(3968K)
[90.963s][info][gc          ] GC(38) Pause Full (System.gc()) 1285M->1285M(5939M) 2117.041ms
[93.133s][info][gc,metaspace] GC(39) Metaspace: 28519K(29632K)->28519K(29632K) NonClass: 25138K(25664K)->25138K(25664K) Class: 3381K(3968K)->3381K(3968K)
[93.133s][info][gc          ] GC(39) Pause Full (System.gc()) 1285M->1285M(5939M) 2169.850ms
[95.250s][info][gc,metaspace] GC(40) Metaspace: 28519K(29632K)->28519K(29632K) NonClass: 25138K(25664K)->25138K(25664K) Class: 3381K(3968K)->3381K(3968K)
[95.250s][info][gc          ] GC(40) Pause Full (System.gc()) 1285M->1285M(5939M) 2116.959ms
[97.368s][info][gc,metaspace] GC(41) Metaspace: 28519K(29632K)->28519K(29632K) NonClass: 25138K(25664K)->25138K(25664K) Class: 3381K(3968K)->3381K(3968K)
[97.368s][info][gc          ] GC(41) Pause Full (System.gc()) 1285M->1285M(5939M) 2118.152ms
[99.485s][info][gc,metaspace] GC(42) Metaspace: 28519K(29632K)->28519K(29632K) NonClass: 25138K(25664K)->25138K(25664K) Class: 3381K(3968K)->3381K(3968K)
[99.485s][info][gc          ] GC(42) Pause Full (System.gc()) 1285M->1285M(5939M) 2117.291ms
[101.604s][info][gc,metaspace] GC(43) Metaspace: 28519K(29632K)->28519K(29632K) NonClass: 25138K(25664K)->25138K(25664K) Class: 3381K(3968K)->3381K(3968K)
[101.604s][info][gc          ] GC(43) Pause Full (System.gc()) 1285M->1285M(5939M) 2118.221ms
[103.721s][info][gc,metaspace] GC(44) Metaspace: 28519K(29632K)->28519K(29632K) NonClass: 25138K(25664K)->25138K(25664K) Class: 3381K(3968K)->3381K(3968K)
[103.721s][info][gc          ] GC(44) Pause Full (System.gc()) 1285M->1285M(5939M) 2117.057ms
[105.839s][info][gc,metaspace] GC(45) Metaspace: 28519K(29632K)->28519K(29632K) NonClass: 25138K(25664K)->25138K(25664K) Class: 3381K(3968K)->3381K(3968K)
[105.839s][info][gc          ] GC(45) Pause Full (System.gc()) 1285M->1285M(5939M) 2118.310ms
[107.957s][info][gc,metaspace] GC(46) Metaspace: 28519K(29632K)->28519K(29632K) NonClass: 25138K(25664K)->25138K(25664K) Class: 3381K(3968K)->3381K(3968K)
[107.957s][info][gc          ] GC(46) Pause Full (System.gc()) 1285M->1285M(5939M) 2117.220ms
[110.125s][info][gc,metaspace] GC(47) Metaspace: 28519K(29632K)->28519K(29632K) NonClass: 25138K(25664K)->25138K(25664K) Class: 3381K(3968K)->3381K(3968K)
[110.125s][info][gc          ] GC(47) Pause Full (System.gc()) 1285M->1285M(5939M) 2168.311ms
[112.242s][info][gc,metaspace] GC(48) Metaspace: 28519K(29632K)->28519K(29632K) NonClass: 25138K(25664K)->25138K(25664K) Class: 3381K(3968K)->3381K(3968K)
[112.242s][info][gc          ] GC(48) Pause Full (System.gc()) 1285M->1285M(5939M) 2117.029ms
[114.361s][info][gc,metaspace] GC(49) Metaspace: 28519K(29632K)->28519K(29632K) NonClass: 25138K(25664K)->25138K(25664K) Class: 3381K(3968K)->3381K(3968K)
[114.361s][info][gc          ] GC(49) Pause Full (System.gc()) 1285M->1285M(5939M) 2118.463ms
[116.474s][info][gc,metaspace] GC(50) Metaspace: 28519K(29632K)->28519K(29632K) NonClass: 25138K(25664K)->25138K(25664K) Class: 3381K(3968K)->3381K(3968K)
[116.474s][info][gc          ] GC(50) Pause Full (System.gc()) 1285M->1285M(5939M) 2113.026ms
[118.592s][info][gc,metaspace] GC(51) Metaspace: 28519K(29632K)->28519K(29632K) NonClass: 25138K(25664K)->25138K(25664K) Class: 3381K(3968K)->3381K(3968K)
[118.592s][info][gc          ] GC(51) Pause Full (System.gc()) 1285M->1285M(5939M) 2118.073ms
[120.709s][info][gc,metaspace] GC(52) Metaspace: 28519K(29632K)->28519K(29632K) NonClass: 25138K(25664K)->25138K(25664K) Class: 3381K(3968K)->3381K(3968K)
[120.709s][info][gc          ] GC(52) Pause Full (System.gc()) 1285M->1285M(5939M) 2116.987ms
[122.828s][info][gc,metaspace] GC(53) Metaspace: 28519K(29632K)->28519K(29632K) NonClass: 25138K(25664K)->25138K(25664K) Class: 3381K(3968K)->3381K(3968K)
[122.828s][info][gc          ] GC(53) Pause Full (System.gc()) 1285M->1285M(5939M) 2118.167ms
[124.945s][info][gc,metaspace] GC(54) Metaspace: 28519K(29632K)->28519K(29632K) NonClass: 25138K(25664K)->25138K(25664K) Class: 3381K(3968K)->3381K(3968K)
[124.945s][info][gc          ] GC(54) Pause Full (System.gc()) 1285M->1285M(5939M) 2117.147ms
[127.113s][info][gc,metaspace] GC(55) Metaspace: 28519K(29632K)->28519K(29632K) NonClass: 25138K(25664K)->25138K(25664K) Class: 3381K(3968K)->3381K(3968K)
[127.113s][info][gc          ] GC(55) Pause Full (System.gc()) 1285M->1285M(5939M) 2168.300ms
[129.230s][info][gc,metaspace] GC(56) Metaspace: 28519K(29632K)->28519K(29632K) NonClass: 25138K(25664K)->25138K(25664K) Class: 3381K(3968K)->3381K(3968K)
[129.230s][info][gc          ] GC(56) Pause Full (System.gc()) 1285M->1285M(5939M) 2116.918ms
[131.349s][info][gc,metaspace] GC(57) Metaspace: 28519K(29632K)->28519K(29632K) NonClass: 25138K(25664K)->25138K(25664K) Class: 3381K(3968K)->3381K(3968K)
[131.349s][info][gc          ] GC(57) Pause Full (System.gc()) 1295M->1285M(5939M) 2118.131ms
[133.466s][info][gc,metaspace] GC(58) Metaspace: 28519K(29632K)->28519K(29632K) NonClass: 25138K(25664K)->25138K(25664K) Class: 3381K(3968K)->3381K(3968K)
[133.466s][info][gc          ] GC(58) Pause Full (System.gc()) 1285M->1285M(5939M) 2117.024ms
[135.584s][info][gc,metaspace] GC(59) Metaspace: 28519K(29632K)->28519K(29632K) NonClass: 25138K(25664K)->25138K(25664K) Class: 3381K(3968K)->3381K(3968K)
[135.584s][info][gc          ] GC(59) Pause Full (System.gc()) 1285M->1285M(5939M) 2118.013ms
[137.701s][info][gc,metaspace] GC(60) Metaspace: 28519K(29632K)->28519K(29632K) NonClass: 25138K(25664K)->25138K(25664K) Class: 3381K(3968K)->3381K(3968K)
[137.701s][info][gc          ] GC(60) Pause Full (System.gc()) 1285M->1285M(5939M) 2117.037ms
[139.819s][info][gc,metaspace] GC(61) Metaspace: 28519K(29632K)->28519K(29632K) NonClass: 25138K(25664K)->25138K(25664K) Class: 3381K(3968K)->3381K(3968K)
[139.819s][info][gc          ] GC(61) Pause Full (System.gc()) 1285M->1285M(5939M) 2118.215ms
[141.937s][info][gc,metaspace] GC(62) Metaspace: 28519K(29632K)->28519K(29632K) NonClass: 25138K(25664K)->25138K(25664K) Class: 3381K(3968K)->3381K(3968K)
[141.937s][info][gc          ] GC(62) Pause Full (System.gc()) 1285M->1285M(5939M) 2117.043ms
[144.105s][info][gc,metaspace] GC(63) Metaspace: 28519K(29632K)->28519K(29632K) NonClass: 25138K(25664K)->25138K(25664K) Class: 3381K(3968K)->3381K(3968K)
[144.105s][info][gc          ] GC(63) Pause Full (System.gc()) 1285M->1285M(5939M) 2168.324ms
[146.222s][info][gc,metaspace] GC(64) Metaspace: 28519K(29632K)->28519K(29632K) NonClass: 25138K(25664K)->25138K(25664K) Class: 3381K(3968K)->3381K(3968K)
[146.222s][info][gc          ] GC(64) Pause Full (System.gc()) 1285M->1285M(5939M) 2116.986ms
[148.341s][info][gc,metaspace] GC(65) Metaspace: 28519K(29632K)->28519K(29632K) NonClass: 25138K(25664K)->25138K(25664K) Class: 3381K(3968K)->3381K(3968K)
[148.341s][info][gc          ] GC(65) Pause Full (System.gc()) 1285M->1285M(5939M) 2118.347ms
[150.458s][info][gc,metaspace] GC(66) Metaspace: 28519K(29632K)->28519K(29632K) NonClass: 25138K(25664K)->25138K(25664K) Class: 3381K(3968K)->3381K(3968K)
[150.458s][info][gc          ] GC(66) Pause Full (System.gc()) 1285M->1285M(5939M) 2117.201ms
[152.625s][info][gc,metaspace] GC(67) Metaspace: 28519K(29632K)->28519K(29632K) NonClass: 25138K(25664K)->25138K(25664K) Class: 3381K(3968K)->3381K(3968K)
[152.625s][info][gc          ] GC(67) Pause Full (System.gc()) 1285M->1285M(5939M) 2167.330ms
[154.742s][info][gc,metaspace] GC(68) Metaspace: 28519K(29632K)->28519K(29632K) NonClass: 25138K(25664K)->25138K(25664K) Class: 3381K(3968K)->3381K(3968K)
[154.742s][info][gc          ] GC(68) Pause Full (System.gc()) 1285M->1285M(5939M) 2116.979ms
[156.861s][info][gc,metaspace] GC(69) Metaspace: 28519K(29632K)->28519K(29632K) NonClass: 25138K(25664K)->25138K(25664K) Class: 3381K(3968K)->3381K(3968K)
[156.861s][info][gc          ] GC(69) Pause Full (System.gc()) 1285M->1285M(5939M) 2118.213ms
[158.974s][info][gc,metaspace] GC(70) Metaspace: 28519K(29632K)->28519K(29632K) NonClass: 25138K(25664K)->25138K(25664K) Class: 3381K(3968K)->3381K(3968K)
[158.974s][info][gc          ] GC(70) Pause Full (System.gc()) 1285M->1285M(5939M) 2113.085ms
[161.142s][info][gc,metaspace] GC(71) Metaspace: 28519K(29632K)->28519K(29632K) NonClass: 25138K(25664K)->25138K(25664K) Class: 3381K(3968K)->3381K(3968K)
[161.142s][info][gc          ] GC(71) Pause Full (System.gc()) 1285M->1285M(5939M) 2168.113ms
[163.259s][info][gc,metaspace] GC(72) Metaspace: 28519K(29632K)->28519K(29632K) NonClass: 25138K(25664K)->25138K(25664K) Class: 3381K(3968K)->3381K(3968K)
[163.259s][info][gc          ] GC(72) Pause Full (System.gc()) 1285M->1285M(5939M) 2117.073ms
[165.378s][info][gc,metaspace] GC(73) Metaspace: 28519K(29632K)->28519K(29632K) NonClass: 25138K(25664K)->25138K(25664K) Class: 3381K(3968K)->3381K(3968K)
[165.378s][info][gc          ] GC(73) Pause Full (System.gc()) 1285M->1285M(5939M) 2118.092ms
[167.495s][info][gc,metaspace] GC(74) Metaspace: 28519K(29632K)->28519K(29632K) NonClass: 25138K(25664K)->25138K(25664K) Class: 3381K(3968K)->3381K(3968K)
[167.495s][info][gc          ] GC(74) Pause Full (System.gc()) 1285M->1285M(5939M) 2117.167ms
[169.613s][info][gc,metaspace] GC(75) Metaspace: 28519K(29632K)->28519K(29632K) NonClass: 25138K(25664K)->25138K(25664K) Class: 3381K(3968K)->3381K(3968K)
[169.613s][info][gc          ] GC(75) Pause Full (System.gc()) 1285M->1285M(5939M) 2118.081ms
[171.730s][info][gc,metaspace] GC(76) Metaspace: 28519K(29632K)->28519K(29632K) NonClass: 25138K(25664K)->25138K(25664K) Class: 3381K(3968K)->3381K(3968K)
[171.730s][info][gc          ] GC(76) Pause Full (System.gc()) 1285M->1285M(5939M) 2117.046ms
[173.849s][info][gc,metaspace] GC(77) Metaspace: 28519K(29632K)->28519K(29632K) NonClass: 25138K(25664K)->25138K(25664K) Class: 3381K(3968K)->3381K(3968K)
[173.849s][info][gc          ] GC(77) Pause Full (System.gc()) 1285M->1285M(5939M) 2118.387ms
[175.966s][info][gc,metaspace] GC(78) Metaspace: 28519K(29632K)->28519K(29632K) NonClass: 25138K(25664K)->25138K(25664K) Class: 3381K(3968K)->3381K(3968K)
[175.966s][info][gc          ] GC(78) Pause Full (System.gc()) 1285M->1285M(5939M) 2117.072ms
[178.136s][info][gc,metaspace] GC(79) Metaspace: 28519K(29632K)->28519K(29632K) NonClass: 25138K(25664K)->25138K(25664K) Class: 3381K(3968K)->3381K(3968K)
[178.136s][info][gc          ] GC(79) Pause Full (System.gc()) 1285M->1285M(5939M) 2169.876ms
[180.253s][info][gc,metaspace] GC(80) Metaspace: 28519K(29632K)->28519K(29632K) NonClass: 25138K(25664K)->25138K(25664K) Class: 3381K(3968K)->3381K(3968K)
[180.253s][info][gc          ] GC(80) Pause Full (System.gc()) 1285M->1285M(5939M) 2117.013ms
[182.371s][info][gc,metaspace] GC(81) Metaspace: 28519K(29632K)->28519K(29632K) NonClass: 25138K(25664K)->25138K(25664K) Class: 3381K(3968K)->3381K(3968K)
[182.371s][info][gc          ] GC(81) Pause Full (System.gc()) 1285M->1285M(5939M) 2118.231ms
[184.489s][info][gc,metaspace] GC(82) Metaspace: 28519K(29632K)->28519K(29632K) NonClass: 25138K(25664K)->25138K(25664K) Class: 3381K(3968K)->3381K(3968K)
[184.489s][info][gc          ] GC(82) Pause Full (System.gc()) 1285M->1285M(5939M) 2117.230ms
[186.607s][info][gc,metaspace] GC(83) Metaspace: 28519K(29632K)->28519K(29632K) NonClass: 25138K(25664K)->25138K(25664K) Class: 3381K(3968K)->3381K(3968K)
[186.607s][info][gc          ] GC(83) Pause Full (System.gc()) 1285M->1285M(5939M) 2118.346ms
[188.724s][info][gc,metaspace] GC(84) Metaspace: 28519K(29632K)->28519K(29632K) NonClass: 25138K(25664K)->25138K(25664K) Class: 3381K(3968K)->3381K(3968K)
[188.724s][info][gc          ] GC(84) Pause Full (System.gc()) 1285M->1285M(5939M) 2116.999ms
[190.843s][info][gc,metaspace] GC(85) Metaspace: 28519K(29632K)->28519K(29632K) NonClass: 25138K(25664K)->25138K(25664K) Class: 3381K(3968K)->3381K(3968K)
[190.843s][info][gc          ] GC(85) Pause Full (System.gc()) 1285M->1285M(5939M) 2118.366ms
[192.973s][info][gc,metaspace] GC(86) Metaspace: 28519K(29632K)->28519K(29632K) NonClass: 25138K(25664K)->25138K(25664K) Class: 3381K(3968K)->3381K(3968K)
[192.973s][info][gc          ] GC(86) Pause Full (System.gc()) 1285M->1285M(5939M) 2130.126ms
[195.142s][info][gc,metaspace] GC(87) Metaspace: 28519K(29632K)->28519K(29632K) NonClass: 25138K(25664K)->25138K(25664K) Class: 3381K(3968K)->3381K(3968K)
[195.142s][info][gc          ] GC(87) Pause Full (System.gc()) 1285M->1285M(5939M) 2168.529ms
[197.981s][info][gc,metaspace] GC(88) Metaspace: 28519K(29632K)->28519K(29632K) NonClass: 25138K(25664K)->25138K(25664K) Class: 3381K(3968K)->3381K(3968K)
[197.981s][info][gc          ] GC(88) Pause Full (System.gc()) 1295M->1285M(5939M) 2838.960ms
[200.544s][info][gc,metaspace] GC(89) Metaspace: 28519K(29632K)->28519K(29632K) NonClass: 25138K(25664K)->25138K(25664K) Class: 3381K(3968K)->3381K(3968K)
[200.544s][info][gc          ] GC(89) Pause Full (System.gc()) 1285M->1285M(5939M) 2512.590ms
[202.661s][info][gc,metaspace] GC(90) Metaspace: 28519K(29632K)->28519K(29632K) NonClass: 25138K(25664K)->25138K(25664K) Class: 3381K(3968K)->3381K(3968K)
[202.661s][info][gc          ] GC(90) Pause Full (System.gc()) 1285M->1285M(5939M) 2116.956ms
[204.779s][info][gc,metaspace] GC(91) Metaspace: 28519K(29632K)->28519K(29632K) NonClass: 25138K(25664K)->25138K(25664K) Class: 3381K(3968K)->3381K(3968K)
[204.779s][info][gc          ] GC(91) Pause Full (System.gc()) 1285M->1285M(5939M) 2117.814ms
[206.896s][info][gc,metaspace] GC(92) Metaspace: 28519K(29632K)->28519K(29632K) NonClass: 25138K(25664K)->25138K(25664K) Class: 3381K(3968K)->3381K(3968K)
[206.896s][info][gc          ] GC(92) Pause Full (System.gc()) 1285M->1285M(5939M) 2116.631ms
[209.064s][info][gc,metaspace] GC(93) Metaspace: 28519K(29632K)->28519K(29632K) NonClass: 25138K(25664K)->25138K(25664K) Class: 3381K(3968K)->3381K(3968K)
[209.064s][info][gc          ] GC(93) Pause Full (System.gc()) 1285M->1285M(5939M) 2167.810ms
[211.181s][info][gc,metaspace] GC(94) Metaspace: 28519K(29632K)->28519K(29632K) NonClass: 25138K(25664K)->25138K(25664K) Class: 3381K(3968K)->3381K(3968K)
[211.181s][info][gc          ] GC(94) Pause Full (System.gc()) 1285M->1285M(5939M) 2116.614ms
[213.485s][info][gc,metaspace] GC(95) Metaspace: 28519K(29632K)->28519K(29632K) NonClass: 25138K(25664K)->25138K(25664K) Class: 3381K(3968K)->3381K(3968K)
[213.485s][info][gc          ] GC(95) Pause Full (System.gc()) 1285M->1285M(5939M) 2304.245ms
[215.602s][info][gc,metaspace] GC(96) Metaspace: 28519K(29632K)->28519K(29632K) NonClass: 25138K(25664K)->25138K(25664K) Class: 3381K(3968K)->3381K(3968K)
[215.602s][info][gc          ] GC(96) Pause Full (System.gc()) 1285M->1285M(5939M) 2116.778ms
[217.720s][info][gc,metaspace] GC(97) Metaspace: 28519K(29632K)->28519K(29632K) NonClass: 25138K(25664K)->25138K(25664K) Class: 3381K(3968K)->3381K(3968K)
[217.720s][info][gc          ] GC(97) Pause Full (System.gc()) 1285M->1285M(5939M) 2117.636ms
[219.837s][info][gc,metaspace] GC(98) Metaspace: 28519K(29632K)->28519K(29632K) NonClass: 25138K(25664K)->25138K(25664K) Class: 3381K(3968K)->3381K(3968K)
[219.837s][info][gc          ] GC(98) Pause Full (System.gc()) 1285M->1285M(5939M) 2116.802ms
[221.954s][info][gc,metaspace] GC(99) Metaspace: 28519K(29632K)->28519K(29632K) NonClass: 25138K(25664K)->25138K(25664K) Class: 3381K(3968K)->3381K(3968K)
[221.954s][info][gc          ] GC(99) Pause Full (System.gc()) 1285M->1285M(5939M) 2117.731ms
[224.121s][info][gc,metaspace] GC(100) Metaspace: 28519K(29632K)->28519K(29632K) NonClass: 25138K(25664K)->25138K(25664K) Class: 3381K(3968K)->3381K(3968K)
[224.121s][info][gc          ] GC(100) Pause Full (System.gc()) 1285M->1285M(5939M) 2166.662ms
[226.635s][info][gc,metaspace] GC(101) Metaspace: 28519K(29632K)->28519K(29632K) NonClass: 25138K(25664K)->25138K(25664K) Class: 3381K(3968K)->3381K(3968K)
[226.635s][info][gc          ] GC(101) Pause Full (System.gc()) 1285M->1285M(5939M) 2513.883ms
[228.752s][info][gc,metaspace] GC(102) Metaspace: 28519K(29632K)->28519K(29632K) NonClass: 25138K(25664K)->25138K(25664K) Class: 3381K(3968K)->3381K(3968K)
[228.752s][info][gc          ] GC(102) Pause Full (System.gc()) 1285M->1285M(5939M) 2116.813ms
After GCs... 
