[0.002s][info][metaspace]  - commit_granule_bytes: 65536.
[0.002s][info][metaspace]  - commit_granule_words: 8192.
[0.002s][info][metaspace]  - virtual_space_node_default_size: 8388608.
[0.002s][info][metaspace]  - enlarge_chunks_in_place: 1.
[0.002s][info][metaspace]  - use_allocation_guard: 0.
[0.003s][info][gc,init  ] CardTable entry size: 512
[0.003s][info][gc       ] Using G1
[0.007s][info][gc,init  ] Version: 23-internal-adhoc.thomas.source (release)
[0.007s][info][gc,init  ] CPUs: 8 total, 8 available
[0.007s][info][gc,init  ] Memory: 15662M
[0.007s][info][gc,init  ] Large Page Support: Disabled
[0.008s][info][gc,init  ] NUMA Support: Disabled
[0.008s][info][gc,init  ] Compressed Oops: Enabled (Zero based)
[0.008s][info][gc,init  ] Heap Region Size: 8M
[0.008s][info][gc,init  ] Heap Min Capacity: 8G
[0.008s][info][gc,init  ] Heap Initial Capacity: 8G
[0.008s][info][gc,init  ] Heap Max Capacity: 12G
[0.008s][info][gc,init  ] Pre-touch: Disabled
[0.008s][info][gc,init  ] Parallel Workers: 8
[0.008s][info][gc,init  ] Concurrent Workers: 2
[0.008s][info][gc,init  ] Concurrent Refinement Workers: 8
[0.008s][info][gc,init  ] Periodic GC: Disabled
[0.008s][info][metaspace] Reserving compressed class space anywhere
[0.008s][info][gc,metaspace] CDS archive(s) not mapped
[0.008s][info][gc,metaspace] Compressed class space mapped at: 0x00007f3007000000-0x00007f3047000000, reserved size: 1073741824
[0.008s][info][gc,metaspace] UseCompressedClassPointers 1, UseCompactObjectHeaders 1, Use2c0 0narrow klass pointer bits 22, max shift 10
[0.008s][info][gc,metaspace] Narrow klass base: 0x00007f3007000000, Narrow klass shift: 10, Narrow klass range: 0x40000000

SPECjbb2015 Java Business Benchmark
 (c) Standard Performance Evaluation Corporation, 2015

Preparing to launch All-in-one SPECjbb2015.

Reading property file: /shared/projects/openjdk/benchmarks/test-hyperaligning-lilliput/SPECjbb2015_1.00-jdk16+/jdk-22bit-staggered-klass-OFF-24-05-16_082810/./config/specjbb2015.props

     0s: Enumerating plugins...
     0s:    Connectivity:
     0s:             HTTP_Grizzly: Grizzly HTTP server, JDK HTTP client
     0s:              NIO_Grizzly: Grizzly NIO server, Grizzly NIO client
     0s:               HTTP_Jetty: Jetty HTTP server, JDK HTTP client
     0s:    Snapshot:
     0s:                 InMemory: Stores snapshots in heap memory
     0s:    Data Writers:
     0s:                     Demo: Send all frame to listener
     0s:                   InFile: Writing Data into file
     0s:                   Silent: Drop all frames
     0s: 
     0s: Kit validation is skipped.
     0s: Tests are skipped.
     0s: 
     0s: [0.907s][info][metaspace   ] ChkMgr @0x00007f3084467ad0 (non-class-space): failed to commit 55 words on chunk @0x00007f3084a6c128, f, base 0x00007f2ffd100000, top 0x00007f2ffd100000, level lv04.
[0.907s][info][metaspace   ] Arena @0x00007f3084472ba0 (non-class arena): failed to allocate new chunk for requested word size 55.
[0.907s][info][metaspace   ] Arena @0x00007f3084472ba0 (non-class arena): allocation failed, returned null.
[0.907s][info][metaspace   ] ChkMgr @0x00007f3084467ad0 (non-class-space): failed to commit 55 words on chunk @0x00007f3084a6c128, f, base 0x00007f2ffd100000, top 0x00007f2ffd100000, level lv04.
[0.907s][info][metaspace   ] Arena @0x00007f3084472ba0 (non-class arena): failed to allocate new chunk for requested word size 55.
[0.907s][info][metaspace   ] Arena @0x00007f3084472ba0 (non-class arena): allocation failed, returned null.
[0.907s][info][metaspace   ] ChkMgr @0x00007f3084467ad0 (non-class-space): failed to commit 55 words on chunk @0x00007f3084a6c128, f, base 0x00007f2ffd100000, top 0x00007f2ffd100000, level lv04.
[0.907s][info][metaspace   ] Arena @0x00007f3084472ba0 (non-class arena): failed to allocate new chunk for requested word size 55.
[0.907s][info][metaspace   ] Arena @0x00007f3084472ba0 (non-class arena): allocation failed, returned null.
[0.907s][info][gc,start    ] GC(0) Pause Young (Concurrent Start) (Metadata GC Threshold)
[0.908s][info][gc,task     ] GC(0) Using 8 workers of 8 for evacuation
[0.913s][info][gc,phases   ] GC(0)   Pre Evacuate Collection Set: 0.17ms
[0.913s][info][gc,phases   ] GC(0)   Merge Heap Roots: 0.09ms
[0.913s][info][gc,phases   ] GC(0)   Evacuate Collection Set: 4.02ms
[0.913s][info][gc,phases   ] GC(0)   Post Evacuate Collection Set: 0.44ms
[0.913s][info][gc,phases   ] GC(0)   Other: 0.48ms
[0.913s][info][gc,heap     ] GC(0) Eden regions: 32->0(50)
[0.913s][info][gc,heap     ] GC(0) Survivor regions: 0->1(7)
[0.913s][info][gc,heap     ] GC(0) Old regions: 0->0
[0.913s][info][gc,heap     ] GC(0) Humongous regions: 0->0
[0.913s][info][gc,metaspace] GC(0) Metaspace: 21220K(21504K)->21220K(21504K) NonClass: 16896K(17024K)->16896K(17024K) Class: 4323K(4480K)->4323K(4480K)
[0.913s][info][gc          ] GC(0) Pause Young (Concurrent Start) (Metadata GC Threshold) 252M->4M(8192M) 5.331ms
[0.913s][info][gc          ] GC(1) Concurrent Mark Cycle
[0.913s][info][gc,cpu      ] GC(0) User=0.02s Sys=0.02s Real=0.00s
[0.913s][info][gc,marking  ] GC(1) Concurrent Scan Root Regions
[0.913s][info][metaspace   ] CLMS @0x00007f3084472b70 : GC threshold increased: 22020096->22347776.
[0.915s][info][gc,marking  ] GC(1) Concurrent Scan Root Regions 2.234ms
[0.915s][info][gc,marking  ] GC(1) Concurrent Mark
[0.915s][info][gc,marking  ] GC(1) Concurrent Mark From Roots
[0.915s][info][gc,task     ] GC(1) Using 2 workers of 2 for marking
[0.916s][info][gc,marking  ] GC(1) Concurrent Mark From Roots 0.494ms
[0.916s][info][gc,marking  ] GC(1) Concurrent Preclean
[0.916s][info][gc,marking  ] GC(1) Concurrent Preclean 0.006ms
[0.916s][info][gc,start    ] GC(1) Pause Remark
[0.916s][info][gc          ] GC(1) Pause Remark 12M->12M(8192M) 0.686ms
[0.916s][info][gc,cpu      ] GC(1) User=0.00s Sys=0.00s Real=0.00s
[0.916s][info][gc,marking  ] GC(1) Concurrent Mark 1.256ms
[0.916s][info][gc,marking  ] GC(1) Concurrent Rebuild Remembered Sets and Scrub Regions
[0.916s][info][gc,marking  ] GC(1) Concurrent Rebuild Remembered Sets and Scrub Regions 0.059ms
[0.916s][info][gc,start    ] GC(1) Pause Cleanup
[0.916s][info][gc          ] GC(1) Pause Cleanup 12M->12M(8192M) 0.010ms
[0.916s][info][gc,cpu      ] GC(1) User=0.00s Sys=0.00s Real=0.00s
[0.916s][info][gc,marking  ] GC(1) Concurrent Clear Claimed Marks
[0.917s][info][gc,marking  ] GC(1) Concurrent Clear Claimed Marks 0.008ms
[0.917s][info][gc,marking  ] GC(1) Concurrent Cleanup for Next Mark
[0.927s][info][gc,marking  ] GC(1) Concurrent Cleanup for Next Mark 10.379ms
[0.927s][info][gc          ] GC(1) Concurrent Mark Cycle 14.161ms
Ladies and gentlemen, this is your Controller speaking.
     0s: We are delighted in having you for benchmark run today.
     0s: 
     0s: Binary log file is ./specjbb2015-C-20240516-00001.data.gz
     0s: 
     0s: Performing handshake with all agents ...
     0s: 
     0s:  Agent Group1.TxInjector.CompositeTxInjector has attached to Controller
     0s:  Agent Group1.Backend.CompositeBackend has attached to Controller
     0s: 
     0s: All agents have connected.
     0s: 
     0s: Attached agents info:

Group "Group1"
    TxInjectors:
        CompositeTxInjector, includes { Driver } @ [local in-Java link]
    Backends:
        CompositeBackend, includes { SM(2),SP(2) } @ [local in-Java link]

     0s: Initializing... (init[1.384s][info][gc,start    ] GC(2) Pause Young (Normal) (G1 Evacuation Pause)
[1.384s][info][gc,task     ] GC(2) Using 8 workers of 8 for evacuation
[1.462s][info][gc,phases   ] GC(2)   Pre Evacuate Collection Set: 0.18ms
[1.462s][info][gc,phases   ] GC(2)   Merge Heap Roots: 0.03ms
[1.462s][info][gc,phases   ] GC(2)   Evacuate Collection Set: 77.33ms
[1.462s][info][gc,phases   ] GC(2)   Post Evacuate Collection Set: 0.69ms
[1.462s][info][gc,phases   ] GC(2)   Other: 0.06ms
[1.462s][info][gc,heap     ] GC(2) Eden regions: 50->0(44)
[1.462s][info][gc,heap     ] GC(2) Survivor regions: 1->7(7)
[1.462s][info][gc,heap     ] GC(2) Old regions: 0->14
[1.462s][info][gc,heap     ] GC(2) Humongous regions: 3->3
[1.462s][info][gc,metaspace] GC(2) Metaspace: 23646K(23936K)->23646K(23936K) NonClass: 18880K(19072K)->18880K(19072K) Class: 4766K(4864K)->4766K(4864K)
[1.462s][info][gc          ] GC(2) Pause Young (Normal) (G1 Evacuation Pause) 428M->189M(8192M) 78.409ms
[1.462s][info][gc,cpu      ] GC(2) User=0.47s Sys=0.14s Real=0.07s
[1.626s][info][gc,start    ] GC(3) Pause Young (Normal) (G1 Evacuation Pause)
[1.626s][info][gc,task     ] GC(3) Using 8 workers of 8 for evacuation
[1.760s][info][gc,phases   ] GC(3)   Pre Evacuate Collection Set: 0.17ms
[1.760s][info][gc,phases   ] GC(3)   Merge Heap Roots: 0.20ms
[1.760s][info][gc,phases   ] GC(3)   Evacuate Collection Set: 132.80ms
[1.760s][info][gc,phases   ] GC(3)   Post Evacuate Collection Set: 0.44ms
[1.760s][info][gc,phases   ] GC(3)   Other: 0.05ms
[1.760s][info][gc,heap     ] GC(3) Eden regions: 44->0(44)
[1.760s][info][gc,heap     ] GC(3) Survivor regions: 7->7(7)
[1.760s][info][gc,heap     ] GC(3) Old regions: 14->50
[1.760s][info][gc,heap     ] GC(3) Humongous regions: 3->3
[1.760s][info][gc,metaspace] GC(3) Metaspace: 23658K(23936K)->23658K(23936K) NonClass: 18892K(19072K)->18892K(19072K) Class: 4766K(4864K)->4766K(4864K)
[1.760s][info][gc          ] GC(3) Pause Young (Normal) (G1 Evacuation Pause) 541M->480M(8192M) 133.796ms
[1.760s][info][gc,cpu      ] GC(3) User=1.00s Sys=0.07s Real=0.13s
[1.982s][info][gc,start    ] GC(4) Pause Young (Normal) (G1 Evacuation Pause)
[1.982s][info][gc,task     ] GC(4) Using 8 workers of 8 for evacuation
[2.115s][info][gc,phases   ] GC(4)   Pre Evacuate Collection Set: 0.21ms
[2.115s][info][gc,phases   ] GC(4)   Merge Heap Roots: 0.08ms
[2.115s][info][gc,phases   ] GC(4)   Evacuate Collection Set: 132.23ms
[2.115s][info][gc,phases   ] GC(4)   Post Evacuate Collection Set: 0.23ms
[2.115s][info][gc,phases   ] GC(4)   Other: 0.06ms
[2.115s][info][gc,heap     ] GC(4) Eden regions: 44->0(44)
[2.115s][info][gc,heap     ] GC(4) Survivor regions: 7->7(7)
[2.115s][info][gc,heap     ] GC(4) Old regions: 50->88
[2.115s][info][gc,heap     ] GC(4) Humongous regions: 3->3
[2.115s][info][gc,metaspace] GC(4) Metaspace: 23689K(24000K)->23689K(24000K) NonClass: 18921K(19136K)->18921K(19136K) Class: 4768K(4864K)->4768K(4864K)
[2.115s][info][gc          ] GC(4) Pause Young (Normal) (G1 Evacuation Pause) 832M->784M(8192M) 132.985ms
[2.115s][info][gc,cpu      ] GC(4) User=1.00s Sys=0.05s Real=0.14s
[2.524s][info][gc,start    ] GC(5) Pause Young (Normal) (G1 Evacuation Pause)
[2.524s][info][gc,task     ] GC(5) Using 8 workers of 8 for evacuation
[2.626s][info][gc,phases   ] GC(5)   Pre Evacuate Collection Set: 0.19ms
[2.626s][info][gc,phases   ] GC(5)   Merge Heap Roots: 0.09ms
[2.626s][info][gc,phases   ] GC(5)   Evacuate Collection Set: 101.17ms
[2.626s][info][gc,phases   ] GC(5)   Post Evacuate Collection Set: 0.41ms
[2.626s][info][gc,phases   ] GC(5)   Other: 0.06ms
[2.626s][info][gc,heap     ] GC(5) Eden regions: 44->0(44)
[2.626s][info][gc,heap     ] GC(5) Survivor regions: 7->7(7)
[2.626s][info][gc,heap     ] GC(5) Old regions: 88->108
[2.626s][info][gc,heap     ] GC(5) Humongous regions: 3->3
[2.626s][info][gc,metaspace] GC(5) Metaspace: 23748K(24064K)->23748K(24064K) NonClass: 18977K(19136K)->18977K(19136K) Class: 4770K(4928K)->4770K(4928K)
[2.626s][info][gc          ] GC(5) Pause Young (Normal) (G1 Evacuation Pause) 1136M->944M(8192M) 102.098ms
[2.627s][info][gc,cpu      ] GC(5) User=0.77s Sys=0.03s Real=0.10s
) OK
     2s: 
     2s: Check whether properties are compliant
     2s: (validation=PASSED) Property settings are COMPLIANT.
     2s: 
     2s: Searching for high-bound for max-jOPS possible for this system
     2s: Searching from base IR = 100
     2s:       rampup IR =      0 [reconfig (term) [2.898s][info][gc,start    ] GC(6) Pause Full (System.gc())
[2.898s][info][gc,task     ] GC(6) Using 8 workers of 8 for full compaction
[2.898s][info][gc,phases,start] GC(6) Phase 1: Mark live objects
[2.913s][info][gc,phases      ] GC(6) Phase 1: Mark live objects 15.336ms
[2.913s][info][gc,phases,start] GC(6) Phase 2: Prepare compaction
[2.922s][info][gc,phases      ] GC(6) Phase 2: Prepare compaction 9.079ms
[2.923s][info][gc,phases,start] GC(6) Phase 3: Adjust pointers
[2.934s][info][gc,phases      ] GC(6) Phase 3: Adjust pointers 11.608ms
[2.934s][info][gc,phases,start] GC(6) Phase 4: Compact heap
[2.945s][info][gc,phases      ] GC(6) Phase 4: Compact heap 11.247ms
[2.945s][info][gc,phases,start] GC(6) Phase 5: Reset Metadata
[2.948s][info][gc,phases      ] GC(6) Phase 5: Reset Metadata 2.626ms
[2.956s][info][gc,heap        ] GC(6) Eden regions: 18->0(51)
[2.956s][info][gc,heap        ] GC(6) Survivor regions: 7->0(7)
[2.956s][info][gc,heap        ] GC(6) Old regions: 108->12
[2.956s][info][gc,heap        ] GC(6) Humongous regions: 3->3
[2.956s][info][gc,metaspace   ] GC(6) Metaspace: 23999K(24384K)->23999K(24384K) NonClass: 19189K(19392K)->19189K(19392K) Class: 4810K(4992K)->4810K(4992K)
[2.956s][info][gc             ] GC(6) Pause Full (System.gc()) 1084M->89M(8192M) 58.520ms
[2.956s][info][gc,cpu         ] GC(6) User=0.35s Sys=0.00s Real=0.06s
(init[3.265s][info][gc,start       ] GC(7) Pause Young (Normal) (G1 Evacuation Pause)
[3.265s][info][gc,task        ] GC(7) Using 8 workers of 8 for evacuation
[3.369s][info][gc,phases      ] GC(7)   Pre Evacuate Collection Set: 0.18ms
[3.369s][info][gc,phases      ] GC(7)   Merge Heap Roots: 0.04ms
[3.369s][info][gc,phases      ] GC(7)   Evacuate Collection Set: 103.14ms
[3.369s][info][gc,phases      ] GC(7)   Post Evacuate Collection Set: 1.20ms
[3.369s][info][gc,phases      ] GC(7)   Other: 0.06ms
[3.369s][info][gc,heap        ] GC(7) Eden regions: 51->0(52)
[3.369s][info][gc,heap        ] GC(7) Survivor regions: 0->7(7)
[3.369s][info][gc,heap        ] GC(7) Old regions: 12->47
[3.369s][info][gc,heap        ] GC(7) Humongous regions: 3->3
[3.369s][info][gc,metaspace   ] GC(7) Metaspace: 24008K(24384K)->24008K(24384K) NonClass: 19198K(19392K)->19198K(19392K) Class: 4810K(4992K)->4810K(4992K)
[3.369s][info][gc             ] GC(7) Pause Young (Normal) (G1 Evacuation Pause) 497M->421M(9512M) 104.735ms
[3.370s][info][gc,cpu         ] GC(7) User=0.82s Sys=0.00s Real=0.10s
[3.525s][info][gc,start       ] GC(8) Pause Young (Normal) (G1 Evacuation Pause)
[3.526s][info][gc,task        ] GC(8) Using 8 workers of 8 for evacuation
[3.658s][info][gc,phases      ] GC(8)   Pre Evacuate Collection Set: 0.19ms
[3.658s][info][gc,phases      ] GC(8)   Merge Heap Roots: 0.18ms
[3.658s][info][gc,phases      ] GC(8)   Evacuate Collection Set: 132.19ms
[3.658s][info][gc,phases      ] GC(8)   Post Evacuate Collection Set: 0.22ms
[3.658s][info][gc,phases      ] GC(8)   Other: 0.06ms
[3.658s][info][gc,heap        ] GC(8) Eden regions: 52->0(51)
[3.658s][info][gc,heap        ] GC(8) Survivor regions: 7->8(8)
[3.658s][info][gc,heap        ] GC(8) Old regions: 47->87
[3.658s][info][gc,heap        ] GC(8) Humongous regions: 3->3
[3.658s][info][gc,metaspace   ] GC(8) Metaspace: 24019K(24384K)->24019K(24384K) NonClass: 19209K(19392K)->19209K(19392K) Class: 4810K(4992K)->4810K(4992K)
[3.658s][info][gc             ] GC(8) Pause Young (Normal) (G1 Evacuation Pause) 837M->753M(9512M) 132.982ms
[3.658s][info][gc,cpu         ] GC(8) User=1.03s Sys=0.02s Real=0.13s
[3.990s][info][gc,start       ] GC(9) Pause Young (Normal) (G1 Evacuation Pause)
[3.990s][info][gc,task        ] GC(9) Using 8 workers of 8 for evacuation
[4.110s][info][gc,phases      ] GC(9)   Pre Evacuate Collection Set: 0.20ms
[4.110s][info][gc,phases      ] GC(9)   Merge Heap Roots: 0.06ms
[4.110s][info][gc,phases      ] GC(9)   Evacuate Collection Set: 118.80ms
[4.110s][info][gc,phases      ] GC(9)   Post Evacuate Collection Set: 0.36ms
[4.110s][info][gc,phases      ] GC(9)   Other: 0.05ms
[4.110s][info][gc,heap        ] GC(9) Eden regions: 51->0(51)
[4.110s][info][gc,heap        ] GC(9) Survivor regions: 8->8(8)
[4.110s][info][gc,heap        ] GC(9) Old regions: 87->119
[4.110s][info][gc,heap        ] GC(9) Humongous regions: 3->3
[4.110s][info][gc,metaspace   ] GC(9) Metaspace: 24021K(24384K)->24021K(24384K) NonClass: 19211K(19392K)->19211K(19392K) Class: 4810K(4992K)->4810K(4992K)
[4.110s][info][gc             ] GC(9) Pause Young (Normal) (G1 Evacuation Pause) 1161M->1005M(9512M) 119.618ms
[4.110s][info][gc,cpu         ] GC(9) User=0.93s Sys=0.03s Real=0.12s
) ] ... (rIR:aIR:PR = 0:0:0) (tPR = 0) [OK] 
     7s:       rampup IR =     10 ... (rIR:aIR:PR = 10:10:10) (tPR = 750) [OK] 
    10s:       rampup IR =     20 ... (rIR:aIR:PR = 20:20:20) (tPR = 1622) [OK] 
    13s:       rampup IR =     30 .... (rIR:aIR:PR = 30:30:30) (tPR = 2255) [OK] 
    17s:       rampup IR =     40 .... (rIR:aIR:PR = 40:39:39) (tPR = 2867) [OK] 
    21s:       rampup IR =     50 .... (rIR:aIR:PR = 50:53:51) (tPR = 3513) [OK] 
    25s:       rampup IR =     60 .[26.556s][info][gc,start       ] GC(10) Pause Young (Normal) (G1 Evacuation Pause)
[26.556s][info][gc,task        ] GC(10) Using 8 workers of 8 for evacuation
[26.612s][info][gc,phases      ] GC(10)   Pre Evacuate Collection Set: 0.23ms
[26.612s][info][gc,phases      ] GC(10)   Merge Heap Roots: 0.25ms
[26.612s][info][gc,phases      ] GC(10)   Evacuate Collection Set: 54.86ms
[26.612s][info][gc,phases      ] GC(10)   Post Evacuate Collection Set: 0.36ms
[26.612s][info][gc,phases      ] GC(10)   Other: 0.06ms
[26.612s][info][gc,heap        ] GC(10) Eden regions: 51->0(51)
[26.612s][info][gc,heap        ] GC(10) Survivor regions: 8->8(8)
[26.612s][info][gc,heap        ] GC(10) Old regions: 119->127
[26.612s][info][gc,heap        ] GC(10) Humongous regions: 3->3
[26.612s][info][gc,metaspace   ] GC(10) Metaspace: 25924K(26368K)->25924K(26368K) NonClass: 20939K(21184K)->20939K(21184K) Class: 4985K(5184K)->4985K(5184K)
[26.612s][info][gc             ] GC(10) Pause Young (Normal) (G1 Evacuation Pause) 1413M->1067M(9512M) 55.903ms
[26.612s][info][gc,cpu         ] GC(10) User=0.43s Sys=0.01s Real=0.05s
... (rIR:aIR:PR = 60:60:59) (tPR = 3675) [OK] 
    29s:       rampup IR =     70 .... (rIR:aIR:PR = 70:68:66) (tPR = 3702) [OK] 
    33s:       rampup IR =     80 .... (rIR:aIR:PR = 80:80:78) (tPR = 4346) [OK] 
    37s:       rampup IR =     90 .... (rIR:aIR:PR = 90:95:93) (tPR = 4526) [OK] 
    41s:       rampup IR =    100 .... (rIR:aIR:PR = 100:103:101) (tPR = 3784) [OK] 
    45s:    snapshot, IR =    100 ....|[50.323s][info][gc,start       ] GC(11) Pause Young (Normal) (G1 Evacuation Pause)
[50.323s][info][gc,task        ] GC(11) Using 8 workers of 8 for evacuation
[50.360s][info][gc,phases      ] GC(11)   Pre Evacuate Collection Set: 0.24ms
[50.360s][info][gc,phases      ] GC(11)   Merge Heap Roots: 0.16ms
[50.360s][info][gc,phases      ] GC(11)   Evacuate Collection Set: 35.71ms
[50.360s][info][gc,phases      ] GC(11)   Post Evacuate Collection Set: 0.36ms
[50.360s][info][gc,phases      ] GC(11)   Other: 0.05ms
[50.360s][info][gc,heap        ] GC(11) Eden regions: 51->0(55)
[50.360s][info][gc,heap        ] GC(11) Survivor regions: 8->4(8)
[50.360s][info][gc,heap        ] GC(11) Old regions: 127->135
[50.360s][info][gc,heap        ] GC(11) Humongous regions: 3->3
[50.360s][info][gc,metaspace   ] GC(11) Metaspace: 26123K(26496K)->26123K(26496K) NonClass: 21134K(21312K)->21134K(21312K) Class: 4989K(5184K)->4989K(5184K)
[50.360s][info][gc             ] GC(11) Pause Young (Normal) (G1 Evacuation Pause) 1475M->1097M(9512M) 36.658ms
[50.360s][info][gc,cpu         ] GC(11) User=0.27s Sys=0.02s Real=0.03s
.......................[72.505s][info][gc,start       ] GC(12) Pause Young (Normal) (G1 Evacuation Pause)
[72.505s][info][gc,task        ] GC(12) Using 8 workers of 8 for evacuation
[72.527s][info][gc,phases      ] GC(12)   Pre Evacuate Collection Set: 0.27ms
[72.527s][info][gc,phases      ] GC(12)   Merge Heap Roots: 0.19ms
[72.527s][info][gc,phases      ] GC(12)   Evacuate Collection Set: 21.34ms
[72.527s][info][gc,phases      ] GC(12)   Post Evacuate Collection Set: 0.36ms
[72.527s][info][gc,phases      ] GC(12)   Other: 0.07ms
[72.527s][info][gc,heap        ] GC(12) Eden regions: 55->0(52)
[72.527s][info][gc,heap        ] GC(12) Survivor regions: 4->7(8)
[72.527s][info][gc,heap        ] GC(12) Old regions: 135->135
[72.527s][info][gc,heap        ] GC(12) Humongous regions: 3->3
[72.527s][info][gc,metaspace   ] GC(12) Metaspace: 28128K(28608K)->28128K(28608K) NonClass: 22786K(23040K)->22786K(23040K) Class: 5342K(5568K)->5342K(5568K)
[72.527s][info][gc             ] GC(12) Pause Young (Normal) (G1 Evacuation Pause) 1537M->1117M(9512M) 22.353ms
[72.527s][info][gc,cpu         ] GC(12) User=0.17s Sys=0.00s Real=0.02s
....... (rIR:aIR:PR = 100:100:98) (tPR = 3149) [OK] 
    79s: Performing snapshot: (quiescence.....) (stop TxI) (stop BE) (saving... 103419 Kb) (term) [86.315s][info][gc,start       ] GC(13) Pause Full (System.gc())
[86.315s][info][gc,task        ] GC(13) Using 8 workers of 8 for full compaction
[86.316s][info][gc,phases,start] GC(13) Phase 1: Mark live objects
[86.333s][info][metaspace      ] ChkMgr @0x00007f3084467ad0 (non-class-space): : reclaiming memory...
[86.333s][info][metaspace      ] ChkMgr @0x00007f3084467ad0 (non-class-space): nothing reclaimed.
[86.333s][info][metaspace      ] ChkMgr @0x00007f3084467910 (class-space): : reclaiming memory...
[86.333s][info][metaspace      ] ChkMgr @0x00007f3084467910 (class-space): nothing reclaimed.
[86.333s][info][gc,phases      ] GC(13) Phase 1: Mark live objects 16.910ms
[86.333s][info][gc,phases,start] GC(13) Phase 2: Prepare compaction
[86.336s][info][gc,phases      ] GC(13) Phase 2: Prepare compaction 3.741ms
[86.336s][info][gc,phases,start] GC(13) Phase 3: Adjust pointers
[86.345s][info][gc,phases      ] GC(13) Phase 3: Adjust pointers 8.234ms
[86.345s][info][gc,phases,start] GC(13) Phase 4: Compact heap
[86.348s][info][gc,phases      ] GC(13) Phase 4: Compact heap 3.808ms
[86.349s][info][gc,phases,start] GC(13) Phase 5: Reset Metadata
[86.353s][info][gc,phases      ] GC(13) Phase 5: Reset Metadata 4.044ms
[86.367s][info][gc,heap        ] GC(13) Eden regions: 43->0(51)
[86.367s][info][gc,heap        ] GC(13) Survivor regions: 7->0(8)
[86.367s][info][gc,heap        ] GC(13) Old regions: 135->14
[86.367s][info][gc,heap        ] GC(13) Humongous regions: 77->18
[86.367s][info][gc,metaspace   ] GC(13) Metaspace: 28298K(28736K)->28276K(28736K) NonClass: 22946K(23168K)->22930K(23168K) Class: 5352K(5568K)->5345K(5568K)
[86.368s][info][gc             ] GC(13) Pause Full (System.gc()) 2048M->211M(8192M) 52.069ms
[86.368s][info][gc,cpu         ] GC(13) User=0.29s Sys=0.04s Real=0.05s
(init[86.879s][info][gc,start       ] GC(14) Pause Young (Normal) (G1 Evacuation Pause)
[86.879s][info][gc,task        ] GC(14) Using 8 workers of 8 for evacuation
[86.963s][info][gc,phases      ] GC(14)   Pre Evacuate Collection Set: 0.20ms
[86.963s][info][gc,phases      ] GC(14)   Merge Heap Roots: 0.12ms
[86.963s][info][gc,phases      ] GC(14)   Evacuate Collection Set: 83.32ms
[86.963s][info][gc,phases      ] GC(14)   Post Evacuate Collection Set: 0.23ms
[86.963s][info][gc,phases      ] GC(14)   Other: 0.05ms
[86.963s][info][gc,heap        ] GC(14) Eden regions: 51->0(44)
[86.963s][info][gc,heap        ] GC(14) Survivor regions: 0->7(7)
[86.963s][info][gc,heap        ] GC(14) Old regions: 14->23
[86.963s][info][gc,heap        ] GC(14) Humongous regions: 22->22
[86.963s][info][gc,metaspace   ] GC(14) Metaspace: 28354K(28800K)->28354K(28800K) NonClass: 23000K(23232K)->23000K(23232K) Class: 5353K(5568K)->5353K(5568K)
[86.963s][info][gc             ] GC(14) Pause Young (Normal) (G1 Evacuation Pause) 651M->368M(8192M) 84.038ms
[86.963s][info][gc,cpu         ] GC(14) User=0.62s Sys=0.01s Real=0.08s
[87.172s][info][gc,start       ] GC(15) Pause Young (Normal) (G1 Evacuation Pause)
[87.172s][info][gc,task        ] GC(15) Using 8 workers of 8 for evacuation
[87.292s][info][gc,phases      ] GC(15)   Pre Evacuate Collection Set: 0.20ms
[87.292s][info][gc,phases      ] GC(15)   Merge Heap Roots: 0.20ms
[87.292s][info][gc,phases      ] GC(15)   Evacuate Collection Set: 118.78ms
[87.292s][info][gc,phases      ] GC(15)   Post Evacuate Collection Set: 0.74ms
[87.292s][info][gc,phases      ] GC(15)   Other: 0.05ms
[87.292s][info][gc,heap        ] GC(15) Eden regions: 44->0(52)
[87.292s][info][gc,heap        ] GC(15) Survivor regions: 7->7(7)
[87.292s][info][gc,heap        ] GC(15) Old regions: 23->45
[87.292s][info][gc,heap        ] GC(15) Humongous regions: 28->28
[87.292s][info][gc,metaspace   ] GC(15) Metaspace: 28359K(28800K)->28359K(28800K) NonClass: 23005K(23232K)->23005K(23232K) Class: 5353K(5568K)->5353K(5568K)
[87.292s][info][gc             ] GC(15) Pause Young (Normal) (G1 Evacuation Pause) 768M->593M(9480M) 120.104ms
[87.292s][info][gc,cpu         ] GC(15) User=0.95s Sys=0.00s Real=0.12s
[87.595s][info][gc,start       ] GC(16) Pause Young (Normal) (G1 Evacuation Pause)
[87.595s][info][gc,task        ] GC(16) Using 8 workers of 8 for evacuation
[87.698s][info][gc,phases      ] GC(16)   Pre Evacuate Collection Set: 0.22ms
[87.698s][info][gc,phases      ] GC(16)   Merge Heap Roots: 0.17ms
[87.698s][info][gc,phases      ] GC(16)   Evacuate Collection Set: 102.20ms
[87.698s][info][gc,phases      ] GC(16)   Post Evacuate Collection Set: 0.29ms
[87.698s][info][gc,phases      ] GC(16)   Other: 0.05ms
[87.698s][info][gc,heap        ] GC(16) Eden regions: 52->0(51)
[87.698s][info][gc,heap        ] GC(16) Survivor regions: 7->8(8)
[87.698s][info][gc,heap        ] GC(16) Old regions: 45->61
[87.698s][info][gc,heap        ] GC(16) Humongous regions: 28->28
[87.698s][info][gc,metaspace   ] GC(16) Metaspace: 28376K(28864K)->28376K(28864K) NonClass: 23019K(23296K)->23019K(23296K) Class: 5356K(5568K)->5356K(5568K)
[87.698s][info][gc             ] GC(16) Pause Young (Normal) (G1 Evacuation Pause) 1009M->731M(9480M) 103.053ms
[87.698s][info][gc,cpu         ] GC(16) User=0.81s Sys=0.00s Real=0.10s
[88.113s][info][gc,start       ] GC(17) Pause Young (Normal) (G1 Evacuation Pause)
[88.113s][info][gc,task        ] GC(17) Using 8 workers of 8 for evacuation
[88.229s][info][gc,phases      ] GC(17)   Pre Evacuate Collection Set: 0.19ms
[88.229s][info][gc,phases      ] GC(17)   Merge Heap Roots: 0.26ms
[88.229s][info][gc,phases      ] GC(17)   Evacuate Collection Set: 115.19ms
[88.229s][info][gc,phases      ] GC(17)   Post Evacuate Collection Set: 0.38ms
[88.229s][info][gc,phases      ] GC(17)   Other: 0.05ms
[88.229s][info][gc,heap        ] GC(17) Eden regions: 51->0(51)
[88.229s][info][gc,heap        ] GC(17) Survivor regions: 8->8(8)
[88.229s][info][gc,heap        ] GC(17) Old regions: 61->92
[88.229s][info][gc,heap        ] GC(17) Humongous regions: 35->35
[88.229s][info][gc,metaspace   ] GC(17) Metaspace: 28387K(28864K)->28387K(28864K) NonClass: 23030K(23296K)->23030K(23296K) Class: 5357K(5568K)->5357K(5568K)
[88.229s][info][gc             ] GC(17) Pause Young (Normal) (G1 Evacuation Pause) 1195M->1031M(9480M) 116.215ms
[88.229s][info][gc,cpu         ] GC(17) User=0.91s Sys=0.01s Real=0.12s
) ...
    91s:       rampup IR =      0 ... (rIR:aIR:PR = 0:0:0) (tPR = 0) [OK] 
    94s:       rampup IR =     10 [94.714s][info][gc,start       ] GC(18) Pause Young (Normal) (G1 Evacuation Pause)
[94.714s][info][gc,task        ] GC(18) Using 8 workers of 8 for evacuation
[94.852s][info][gc,phases      ] GC(18)   Pre Evacuate Collection Set: 0.21ms
[94.852s][info][gc,phases      ] GC(18)   Merge Heap Roots: 0.20ms
[94.852s][info][gc,phases      ] GC(18)   Evacuate Collection Set: 136.95ms
[94.852s][info][gc,phases      ] GC(18)   Post Evacuate Collection Set: 0.24ms
[94.852s][info][gc,phases      ] GC(18)   Other: 0.05ms
[94.852s][info][gc,heap        ] GC(18) Eden regions: 51->0(51)
[94.852s][info][gc,heap        ] GC(18) Survivor regions: 8->8(8)
[94.852s][info][gc,heap        ] GC(18) Old regions: 92->136
[94.852s][info][gc,heap        ] GC(18) Humongous regions: 35->35
[94.852s][info][gc,metaspace   ] GC(18) Metaspace: 28417K(28864K)->28417K(28864K) NonClass: 23059K(23296K)->23059K(23296K) Class: 5357K(5568K)->5357K(5568K)
[94.852s][info][gc             ] GC(18) Pause Young (Normal) (G1 Evacuation Pause) 1439M->1383M(9480M) 137.772ms
[94.852s][info][gc,cpu         ] GC(18) User=1.08s Sys=0.01s Real=0.13s
... (rIR:aIR:PR = 10:10:10) (tPR = 217) [OK] 
    97s:       rampup IR =     20 ... (rIR:aIR:PR = 20:20:20) (tPR = 701) [OK] 
   100s:       rampup IR =     30 .... (rIR:aIR:PR = 30:32:32) (tPR = 802) [OK] 
   104s:       rampup IR =     40 .... (rIR:aIR:PR = 40:41:41) (tPR = 908) [OK] 
   108s:       rampup IR =     50 .... (rIR:aIR:PR = 50:50:50) (tPR = 1154) [OK] 
   112s:       rampup IR =     60 .... (rIR:aIR:PR = 60:63:61) (tPR = 1679) [OK] 
   116s:       rampup IR =     70 .... (rIR:aIR:PR = 70:72:71) (tPR = 1904) [OK] 
   120s:       rampup IR =     80 .... (rIR:aIR:PR = 80:76:75) (tPR = 1516) [OK] 
   124s:       rampup IR =     90 .... (rIR:aIR:PR = 90:92:90) (tPR = 1904) [OK] 
   128s:       rampup IR =    100 .... (rIR:aIR:PR = 100:99:96) (tPR = 1656) [OK] 
   132s:       trying IR =    200 .... (rIR:aIR:PR = 200:204:199) (tPR = 4445) [OK] 
   136s:       trying IR =    220 .... (rIR:aIR:PR = 220:218:213) (tPR = 4250) [OK] 
   140s:       trying IR =    244 [140.547s][info][gc,start       ] GC(19) Pause Young (Normal) (G1 Evacuation Pause)
[140.547s][info][gc,task        ] GC(19) Using 8 workers of 8 for evacuation
[140.590s][info][gc,phases      ] GC(19)   Pre Evacuate Collection Set: 0.24ms
[140.590s][info][gc,phases      ] GC(19)   Merge Heap Roots: 0.46ms
[140.590s][info][gc,phases      ] GC(19)   Evacuate Collection Set: 42.01ms
[140.590s][info][gc,phases      ] GC(19)   Post Evacuate Collection Set: 0.44ms
[140.590s][info][gc,phases      ] GC(19)   Other: 0.06ms
[140.590s][info][gc,heap        ] GC(19) Eden regions: 51->0(54)
[140.590s][info][gc,heap        ] GC(19) Survivor regions: 8->5(8)
[140.590s][info][gc,heap        ] GC(19) Old regions: 136->145
[140.590s][info][gc,heap        ] GC(19) Humongous regions: 35->35
[140.590s][info][gc,metaspace   ] GC(19) Metaspace: 28630K(29056K)->28630K(29056K) NonClass: 23271K(23488K)->23271K(23488K) Class: 5359K(5568K)->5359K(5568K)
[140.590s][info][gc             ] GC(19) Pause Young (Normal) (G1 Evacuation Pause) 1791M->1433M(9480M) 43.357ms
[140.590s][info][gc,cpu         ] GC(19) User=0.33s Sys=0.01s Real=0.04s
.... (rIR:aIR:PR = 244:241:236) (tPR = 4918) [OK] 
   144s:       trying IR =    273 .... (rIR:aIR:PR = 273:272:268) (tPR = 5152) [OK] 
   148s:       trying IR =    307 ...[151.954s][info][gc,start       ] GC(20) Pause Young (Normal) (G1 Evacuation Pause)
[151.954s][info][gc,task        ] GC(20) Using 8 workers of 8 for evacuation
[151.988s][info][gc,phases      ] GC(20)   Pre Evacuate Collection Set: 0.27ms
[151.988s][info][gc,phases      ] GC(20)   Merge Heap Roots: 0.44ms
[151.988s][info][gc,phases      ] GC(20)   Evacuate Collection Set: 33.32ms
[151.988s][info][gc,phases      ] GC(20)   Post Evacuate Collection Set: 0.34ms
[151.988s][info][gc,phases      ] GC(20)   Other: 0.05ms
[151.988s][info][gc,heap        ] GC(20) Eden regions: 54->0(71)
[151.988s][info][gc,heap        ] GC(20) Survivor regions: 5->4(8)
[151.988s][info][gc,heap        ] GC(20) Old regions: 145->151
[151.988s][info][gc,heap        ] GC(20) Humongous regions: 35->35
[151.988s][info][gc,metaspace   ] GC(20) Metaspace: 28704K(29184K)->28704K(29184K) NonClass: 23345K(23616K)->23345K(23616K) Class: 5359K(5568K)->5359K(5568K)
[151.988s][info][gc             ] GC(20) Pause Young (Normal) (G1 Evacuation Pause) 1865M->1469M(9480M) 34.579ms
[151.988s][info][gc,cpu         ] GC(20) User=0.27s Sys=0.00s Real=0.03s
. (rIR:aIR:PR = 307:305:301) (tPR = 6056) [OK] 
   152s:       trying IR =    349 ..... (rIR:aIR:PR = 349:350:343) (tPR = 6168) [OK] 
   157s:       trying IR =    399 ....[161.647s][info][gc,start       ] GC(21) Pause Young (Normal) (G1 Evacuation Pause)
[161.647s][info][gc,task        ] GC(21) Using 8 workers of 8 for evacuation
[161.681s][info][gc,phases      ] GC(21)   Pre Evacuate Collection Set: 0.25ms
[161.681s][info][gc,phases      ] GC(21)   Merge Heap Roots: 0.32ms
[161.681s][info][gc,phases      ] GC(21)   Evacuate Collection Set: 33.09ms
[161.681s][info][gc,phases      ] GC(21)   Post Evacuate Collection Set: 0.38ms
[161.681s][info][gc,phases      ] GC(21)   Other: 0.06ms
[161.681s][info][gc,heap        ] GC(21) Eden regions: 76->0(181)
[161.681s][info][gc,heap        ] GC(21) Survivor regions: 4->8(10)
[161.681s][info][gc,heap        ] GC(21) Old regions: 151->151
[161.681s][info][gc,heap        ] GC(21) Humongous regions: 35->35
[161.681s][info][gc,metaspace   ] GC(21) Metaspace: 28751K(29184K)->28751K(29184K) NonClass: 23389K(23616K)->23389K(23616K) Class: 5361K(5568K)->5361K(5568K)
[161.681s][info][gc             ] GC(21) Pause Young (Normal) (G1 Evacuation Pause) 2077M->1502M(9480M) 34.235ms
[161.681s][info][gc,cpu         ] GC(21) User=0.25s Sys=0.03s Real=0.03s
. (rIR:aIR:PR = 399:405:396) (tPR = 8065) [OK] 
   162s:       trying IR =    458 .... (rIR:aIR:PR = 458:461:452) (tPR = 9135) [OK] 
   166s:       trying IR =    530 .... (rIR:aIR:PR = 530:534:522) (tPR = 9517) [OK] 
   170s:       trying IR =    616 ..... (rIR:aIR:PR = 616:626:607) (tPR = 10820) [OK] 
   175s:       trying IR =    719 .[177.302s][info][gc,start       ] GC(22) Pause Young (Normal) (G1 Evacuation Pause)
[177.302s][info][gc,task        ] GC(22) Using 8 workers of 8 for evacuation
[177.360s][info][gc,phases      ] GC(22)   Pre Evacuate Collection Set: 0.27ms
[177.360s][info][gc,phases      ] GC(22)   Merge Heap Roots: 0.35ms
[177.360s][info][gc,phases      ] GC(22)   Evacuate Collection Set: 56.67ms
[177.360s][info][gc,phases      ] GC(22)   Post Evacuate Collection Set: 0.62ms
[177.360s][info][gc,phases      ] GC(22)   Other: 0.08ms
[177.360s][info][gc,heap        ] GC(22) Eden regions: 183->0(230)
[177.360s][info][gc,heap        ] GC(22) Survivor regions: 8->17(24)
[177.360s][info][gc,heap        ] GC(22) Old regions: 151->151
[177.360s][info][gc,heap        ] GC(22) Humongous regions: 35->35
[177.360s][info][gc,metaspace   ] GC(22) Metaspace: 28800K(29248K)->28800K(29248K) NonClass: 23437K(23680K)->23437K(23680K) Class: 5362K(5568K)->5362K(5568K)
[177.361s][info][gc             ] GC(22) Pause Young (Normal) (G1 Evacuation Pause) 2966M->1574M(9480M) 58.124ms
[177.361s][info][gc,cpu         ] GC(22) User=0.45s Sys=0.00s Real=0.06s
... (rIR:aIR:PR = 719:718:702) (tPR = 11420) [OK] 
   179s:       trying IR =    843 .... (rIR:aIR:PR = 843:836:817) (tPR = 14412) [OK] 
   183s:       trying IR =    992 .... (rIR:aIR:PR = 992:994:975) (tPR = 15964) [OK] 
   187s:       trying IR =   1170 .[188.986s][info][gc,start       ] GC(23) Pause Young (Normal) (G1 Evacuation Pause)
[188.986s][info][gc,task        ] GC(23) Using 8 workers of 8 for evacuation
[189.083s][info][gc,phases      ] GC(23)   Pre Evacuate Collection Set: 0.26ms
[189.083s][info][gc,phases      ] GC(23)   Merge Heap Roots: 0.37ms
[189.083s][info][gc,phases      ] GC(23)   Evacuate Collection Set: 96.17ms
[189.083s][info][gc,phases      ] GC(23)   Post Evacuate Collection Set: 0.59ms
[189.083s][info][gc,phases      ] GC(23)   Other: 0.07ms
[189.083s][info][gc,heap        ] GC(23) Eden regions: 228->0(210)
[189.083s][info][gc,heap        ] GC(23) Survivor regions: 17->24(31)
[189.083s][info][gc,heap        ] GC(23) Old regions: 151->153
[189.083s][info][gc,heap        ] GC(23) Humongous regions: 35->35
[189.083s][info][gc,metaspace   ] GC(23) Metaspace: 28860K(29312K)->28860K(29312K) NonClass: 23496K(23744K)->23496K(23744K) Class: 5364K(5568K)->5364K(5568K)
[189.083s][info][gc             ] GC(23) Pause Young (Normal) (G1 Evacuation Pause) 3398M->1647M(9480M) 97.568ms
[189.084s][info][gc,cpu         ] GC(23) User=0.74s Sys=0.04s Real=0.10s
... (rIR:aIR:PR = 1170:1184:1161) (tPR = 20723) [OK] 
   191s:       trying IR =   1384 .... (rIR:aIR:PR = 1384:1404:1389) (tPR = 23073) [OK] 
   195s:       trying IR =   1641 .[196.694s][info][gc,start       ] GC(24) Pause Young (Normal) (G1 Evacuation Pause)
[196.694s][info][gc,task        ] GC(24) Using 8 workers of 8 for evacuation
[196.790s][info][gc,phases      ] GC(24)   Pre Evacuate Collection Set: 0.26ms
[196.790s][info][gc,phases      ] GC(24)   Merge Heap Roots: 0.33ms
[196.790s][info][gc,phases      ] GC(24)   Evacuate Collection Set: 94.24ms
[196.790s][info][gc,phases      ] GC(24)   Post Evacuate Collection Set: 0.59ms
[196.790s][info][gc,phases      ] GC(24)   Other: 0.06ms
[196.790s][info][gc,heap        ] GC(24) Eden regions: 219->0(242)
[196.790s][info][gc,heap        ] GC(24) Survivor regions: 24->22(31)
[196.790s][info][gc,heap        ] GC(24) Old regions: 153->163
[196.790s][info][gc,heap        ] GC(24) Humongous regions: 35->35
[196.790s][info][gc,metaspace   ] GC(24) Metaspace: 28980K(29440K)->28980K(29440K) NonClass: 23600K(23872K)->23600K(23872K) Class: 5380K(5568K)->5380K(5568K)
[196.790s][info][gc             ] GC(24) Pause Young (Normal) (G1 Evacuation Pause) 3399M->1711M(9480M) 95.627ms
[196.790s][info][gc,cpu         ] GC(24) User=0.76s Sys=0.00s Real=0.09s
... (rIR:aIR:PR = 1641:1629:1627) (tPR = 28101) [OK] 
   199s:       trying IR =   1949 .... (rIR:aIR:PR = 1949:1926:1926) (tPR = 31506) [OK] 
   203s:       trying IR =   2319 [203.555s][info][gc,start       ] GC(25) Pause Young (Normal) (G1 Evacuation Pause)
[203.555s][info][gc,task        ] GC(25) Using 8 workers of 8 for evacuation
[203.661s][info][gc,phases      ] GC(25)   Pre Evacuate Collection Set: 0.24ms
[203.661s][info][gc,phases      ] GC(25)   Merge Heap Roots: 0.30ms
[203.661s][info][gc,phases      ] GC(25)   Evacuate Collection Set: 104.63ms
[203.661s][info][gc,phases      ] GC(25)   Post Evacuate Collection Set: 0.70ms
[203.661s][info][gc,phases      ] GC(25)   Other: 0.07ms
[203.661s][info][gc,heap        ] GC(25) Eden regions: 263->0(281)
[203.661s][info][gc,heap        ] GC(25) Survivor regions: 22->25(36)
[203.661s][info][gc,heap        ] GC(25) Old regions: 163->171
[203.661s][info][gc,heap        ] GC(25) Humongous regions: 35->35
[203.661s][info][gc,metaspace   ] GC(25) Metaspace: 29031K(29504K)->29031K(29504K) NonClass: 23651K(23936K)->23651K(23936K) Class: 5380K(5568K)->5380K(5568K)
[203.661s][info][gc             ] GC(25) Pause Young (Normal) (G1 Evacuation Pause) 3815M->1803M(9480M) 106.075ms
[203.661s][info][gc,cpu         ] GC(25) User=0.80s Sys=0.03s Real=0.10s
.... (rIR:aIR:PR = 2319:2303:2303) (tPR = 38160) [OK] 
   207s:       trying IR =   2762 ..[209.668s][info][gc,start       ] GC(26) Pause Young (Normal) (G1 Evacuation Pause)
[209.669s][info][gc,task        ] GC(26) Using 8 workers of 8 for evacuation
[209.780s][info][gc,phases      ] GC(26)   Pre Evacuate Collection Set: 0.23ms
[209.780s][info][gc,phases      ] GC(26)   Merge Heap Roots: 0.28ms
[209.780s][info][gc,phases      ] GC(26)   Evacuate Collection Set: 110.62ms
[209.780s][info][gc,phases      ] GC(26)   Post Evacuate Collection Set: 0.68ms
[209.780s][info][gc,phases      ] GC(26)   Other: 0.06ms
[209.780s][info][gc,heap        ] GC(26) Eden regions: 292->0(327)
[209.780s][info][gc,heap        ] GC(26) Survivor regions: 25->27(40)
[209.780s][info][gc,heap        ] GC(26) Old regions: 171->179
[209.780s][info][gc,heap        ] GC(26) Humongous regions: 35->35
[209.780s][info][gc,metaspace   ] GC(26) Metaspace: 29104K(29568K)->29104K(29568K) NonClass: 23719K(23936K)->23719K(23936K) Class: 5385K(5632K)->5385K(5632K)
[209.780s][info][gc             ] GC(26) Pause Young (Normal) (G1 Evacuation Pause) 4139M->1877M(9480M) 111.993ms
[209.781s][info][gc,cpu         ] GC(26) User=0.85s Sys=0.03s Real=0.11s
.. (rIR:aIR:PR = 2762:2768:2768) (tPR = 43584) [OK] 
   211s:       trying IR =   3295 .... (rIR:aIR:PR = 3295:3254:3254) (tPR = 51061) [OK] 
   215s:       trying IR =   3934 [215.869s][info][gc,start       ] GC(27) Pause Young (Normal) (G1 Evacuation Pause)
[215.869s][info][gc,task        ] GC(27) Using 8 workers of 8 for evacuation
[215.998s][info][gc,phases      ] GC(27)   Pre Evacuate Collection Set: 0.27ms
[215.998s][info][gc,phases      ] GC(27)   Merge Heap Roots: 0.32ms
[215.998s][info][gc,phases      ] GC(27)   Evacuate Collection Set: 127.40ms
[215.998s][info][gc,phases      ] GC(27)   Post Evacuate Collection Set: 0.81ms
[215.998s][info][gc,phases      ] GC(27)   Other: 0.07ms
[215.998s][info][gc,heap        ] GC(27) Eden regions: 333->0(364)
[215.998s][info][gc,heap        ] GC(27) Survivor regions: 27->32(45)
[215.998s][info][gc,heap        ] GC(27) Old regions: 179->188
[215.998s][info][gc,heap        ] GC(27) Humongous regions: 35->35
[215.998s][info][gc,metaspace   ] GC(27) Metaspace: 29499K(29952K)->29499K(29952K) NonClass: 24092K(24320K)->24092K(24320K) Class: 5406K(5632K)->5406K(5632K)
[215.998s][info][gc             ] GC(27) Pause Young (Normal) (G1 Evacuation Pause) 4541M->1986M(9480M) 128.995ms
[215.998s][info][gc,cpu         ] GC(27) User=0.96s Sys=0.05s Real=0.13s
.... (rIR:aIR:PR = 3934:3925:3925) (tPR = 58497) [OK] 
   219s:       trying IR =   4701 .[221.264s][info][gc,start       ] GC(28) Pause Young (Normal) (G1 Evacuation Pause)
[221.264s][info][gc,task        ] GC(28) Using 8 workers of 8 for evacuation
[221.397s][info][gc,phases      ] GC(28)   Pre Evacuate Collection Set: 0.26ms
[221.397s][info][gc,phases      ] GC(28)   Merge Heap Roots: 0.36ms
[221.397s][info][gc,phases      ] GC(28)   Evacuate Collection Set: 131.20ms
[221.397s][info][gc,phases      ] GC(28)   Post Evacuate Collection Set: 0.86ms
[221.397s][info][gc,phases      ] GC(28)   Other: 0.06ms
[221.397s][info][gc,heap        ] GC(28) Eden regions: 355->0(353)
[221.397s][info][gc,heap        ] GC(28) Survivor regions: 32->34(49)
[221.397s][info][gc,heap        ] GC(28) Old regions: 188->196
[221.397s][info][gc,heap        ] GC(28) Humongous regions: 35->35
[221.397s][info][gc,metaspace   ] GC(28) Metaspace: 29570K(30080K)->29570K(30080K) NonClass: 24163K(24448K)->24163K(24448K) Class: 5406K(5632K)->5406K(5632K)
[221.397s][info][gc             ] GC(28) Pause Young (Normal) (G1 Evacuation Pause) 4826M->2075M(9480M) 132.874ms
[221.397s][info][gc,cpu         ] GC(28) User=1.00s Sys=0.05s Real=0.13s
.... (rIR:aIR:PR = 4701:4683:4683) (tPR = 71782) [OK] 
   224s:       trying IR =   5621 .[225.917s][info][gc,start       ] GC(29) Pause Young (Normal) (G1 Evacuation Pause)
[225.917s][info][gc,task        ] GC(29) Using 8 workers of 8 for evacuation
[226.049s][info][gc,phases      ] GC(29)   Pre Evacuate Collection Set: 0.26ms
[226.049s][info][gc,phases      ] GC(29)   Merge Heap Roots: 0.34ms
[226.049s][info][gc,phases      ] GC(29)   Evacuate Collection Set: 130.18ms
[226.049s][info][gc,phases      ] GC(29)   Post Evacuate Collection Set: 0.77ms
[226.049s][info][gc,phases      ] GC(29)   Other: 0.06ms
[226.049s][info][gc,heap        ] GC(29) Eden regions: 350->0(373)
[226.049s][info][gc,heap        ] GC(29) Survivor regions: 34->34(48)
[226.049s][info][gc,heap        ] GC(29) Old regions: 196->206
[226.049s][info][gc,heap        ] GC(29) Humongous regions: 35->35
[226.049s][info][gc,metaspace   ] GC(29) Metaspace: 29596K(30080K)->29596K(30080K) NonClass: 24188K(24448K)->24188K(24448K) Class: 5407K(5632K)->5407K(5632K)
[226.049s][info][gc             ] GC(29) Pause Young (Normal) (G1 Evacuation Pause) 4875M->2150M(9480M) 131.738ms
[226.049s][info][gc,cpu         ] GC(29) User=1.03s Sys=0.02s Real=0.13s
... (rIR:aIR:PR = 5621:5541:5541) (tPR = 85848) [OK] 
   228s:       trying IR =   6725 .[229.948s][info][gc,start       ] GC(30) Pause Young (Normal) (G1 Evacuation Pause)
[229.948s][info][gc,task        ] GC(30) Using 8 workers of 8 for evacuation
[230.083s][info][gc,phases      ] GC(30)   Pre Evacuate Collection Set: 0.24ms
[230.083s][info][gc,phases      ] GC(30)   Merge Heap Roots: 0.35ms
[230.083s][info][gc,phases      ] GC(30)   Evacuate Collection Set: 133.66ms
[230.083s][info][gc,phases      ] GC(30)   Post Evacuate Collection Set: 0.86ms
[230.083s][info][gc,phases      ] GC(30)   Other: 0.06ms
[230.083s][info][gc,heap        ] GC(30) Eden regions: 372->0(415)
[230.083s][info][gc,heap        ] GC(30) Survivor regions: 34->35(51)
[230.083s][info][gc,heap        ] GC(30) Old regions: 206->215
[230.083s][info][gc,heap        ] GC(30) Humongous regions: 35->35
[230.083s][info][gc,metaspace   ] GC(30) Metaspace: 29624K(30144K)->29624K(30144K) NonClass: 24216K(24512K)->24216K(24512K) Class: 5407K(5632K)->5407K(5632K)
[230.083s][info][gc             ] GC(30) Pause Young (Normal) (G1 Evacuation Pause) 5126M->2229M(9480M) 135.294ms
[230.083s][info][gc,cpu         ] GC(30) User=1.04s Sys=0.04s Real=0.13s
... (rIR:aIR:PR = 6725:6717:6717) (tPR = 101978) [OK] 
   232s:       trying IR =   8050 .[233.710s][info][gc,start       ] GC(31) Pause Young (Normal) (G1 Evacuation Pause)
[233.710s][info][gc,task        ] GC(31) Using 8 workers of 8 for evacuation
[233.859s][info][gc,phases      ] GC(31)   Pre Evacuate Collection Set: 0.25ms
[233.859s][info][gc,phases      ] GC(31)   Merge Heap Roots: 0.34ms
[233.859s][info][gc,phases      ] GC(31)   Evacuate Collection Set: 147.29ms
[233.859s][info][gc,phases      ] GC(31)   Post Evacuate Collection Set: 0.95ms
[233.859s][info][gc,phases      ] GC(31)   Other: 0.07ms
[233.859s][info][gc,heap        ] GC(31) Eden regions: 413->0(431)
[233.859s][info][gc,heap        ] GC(31) Survivor regions: 35->37(56)
[233.859s][info][gc,heap        ] GC(31) Old regions: 215->224
[233.859s][info][gc,heap        ] GC(31) Humongous regions: 35->35
[233.859s][info][gc,metaspace   ] GC(31) Metaspace: 29626K(30144K)->29626K(30144K) NonClass: 24218K(24512K)->24218K(24512K) Class: 5407K(5632K)->5407K(5632K)
[233.859s][info][gc             ] GC(31) Pause Young (Normal) (G1 Evacuation Pause) 5533M->2316M(9480M) 149.041ms
[233.859s][info][gc,cpu         ] GC(31) User=1.10s Sys=0.08s Real=0.15s
... (rIR:aIR:PR = 8050:8291:8278) (tPR = 126355) [OK] 
   236s:       trying IR =   9640 [237.058s][info][gc,start       ] GC(32) Pause Young (Normal) (G1 Evacuation Pause)
[237.058s][info][gc,task        ] GC(32) Using 8 workers of 8 for evacuation
[237.204s][info][gc,phases      ] GC(32)   Pre Evacuate Collection Set: 0.26ms
[237.204s][info][gc,phases      ] GC(32)   Merge Heap Roots: 0.36ms
[237.204s][info][gc,phases      ] GC(32)   Evacuate Collection Set: 143.73ms
[237.204s][info][gc,phases      ] GC(32)   Post Evacuate Collection Set: 0.92ms
[237.204s][info][gc,phases      ] GC(32)   Other: 0.06ms
[237.204s][info][gc,heap        ] GC(32) Eden regions: 431->0(467)
[237.204s][info][gc,heap        ] GC(32) Survivor regions: 37->38(59)
[237.204s][info][gc,heap        ] GC(32) Old regions: 224->232
[237.204s][info][gc,heap        ] GC(32) Humongous regions: 35->35
[237.204s][info][gc,metaspace   ] GC(32) Metaspace: 29634K(30144K)->29634K(30144K) NonClass: 24226K(24512K)->24226K(24512K) Class: 5407K(5632K)->5407K(5632K)
[237.204s][info][gc             ] GC(32) Pause Young (Normal) (G1 Evacuation Pause) 5764M->2390M(9480M) 145.468ms
[237.204s][info][gc,cpu         ] GC(32) User=1.11s Sys=0.04s Real=0.15s
...[240.238s][info][gc,start       ] GC(33) Pause Young (Normal) (G1 Evacuation Pause)
[240.238s][info][gc,task        ] GC(33) Using 8 workers of 8 for evacuation
[240.395s][info][gc,phases      ] GC(33)   Pre Evacuate Collection Set: 0.27ms
[240.395s][info][gc,phases      ] GC(33)   Merge Heap Roots: 0.45ms
[240.395s][info][gc,phases      ] GC(33)   Evacuate Collection Set: 155.22ms
[240.395s][info][gc,phases      ] GC(33)   Post Evacuate Collection Set: 0.95ms
[240.395s][info][gc,phases      ] GC(33)   Other: 0.07ms
[240.395s][info][gc,heap        ] GC(33) Eden regions: 463->0(468)
[240.395s][info][gc,heap        ] GC(33) Survivor regions: 38->40(63)
[240.395s][info][gc,heap        ] GC(33) Old regions: 232->240
[240.395s][info][gc,heap        ] GC(33) Humongous regions: 35->35
[240.395s][info][gc,metaspace   ] GC(33) Metaspace: 29655K(30144K)->29655K(30144K) NonClass: 24247K(24512K)->24247K(24512K) Class: 5407K(5632K)->5407K(5632K)
[240.396s][info][gc             ] GC(33) Pause Young (Normal) (G1 Evacuation Pause) 6094M->2466M(9480M) 157.095ms
[240.396s][info][gc,cpu         ] GC(33) User=1.17s Sys=0.07s Real=0.16s
. (rIR:aIR:PR = 9640:9429:9231) (tPR = 137956) [OK] 
   240s:       trying IR =  11548 ..[243.113s][info][gc,start       ] GC(34) Pause Young (Normal) (G1 Evacuation Pause)
[243.113s][info][gc,task        ] GC(34) Using 8 workers of 8 for evacuation
[243.259s][info][gc,phases      ] GC(34)   Pre Evacuate Collection Set: 0.26ms
[243.259s][info][gc,phases      ] GC(34)   Merge Heap Roots: 0.40ms
[243.259s][info][gc,phases      ] GC(34)   Evacuate Collection Set: 144.62ms
[243.259s][info][gc,phases      ] GC(34)   Post Evacuate Collection Set: 0.94ms
[243.259s][info][gc,phases      ] GC(34)   Other: 0.07ms
[243.259s][info][gc,heap        ] GC(34) Eden regions: 464->0(500)
[243.259s][info][gc,heap        ] GC(34) Survivor regions: 40->39(63)
[243.259s][info][gc,heap        ] GC(34) Old regions: 240->248
[243.259s][info][gc,heap        ] GC(34) Humongous regions: 35->35
[243.259s][info][gc,metaspace   ] GC(34) Metaspace: 29675K(30144K)->29675K(30144K) NonClass: 24267K(24512K)->24267K(24512K) Class: 5408K(5632K)->5408K(5632K)
[243.259s][info][gc             ] GC(34) Pause Young (Normal) (G1 Evacuation Pause) 6178M->2524M(9480M) 146.427ms
[243.259s][info][gc,cpu         ] GC(34) User=1.15s Sys=0.02s Real=0.15s
...[245.919s][info][gc,start       ] GC(35) Pause Young (Normal) (G1 Evacuation Pause)
[245.919s][info][gc,task        ] GC(35) Using 8 workers of 8 for evacuation
[246.077s][info][gc,phases      ] GC(35)   Pre Evacuate Collection Set: 0.25ms
[246.077s][info][gc,phases      ] GC(35)   Merge Heap Roots: 0.39ms
[246.077s][info][gc,phases      ] GC(35)   Evacuate Collection Set: 155.87ms
[246.077s][info][gc,phases      ] GC(35)   Post Evacuate Collection Set: 0.96ms
[246.077s][info][gc,phases      ] GC(35)   Other: 0.07ms
[246.077s][info][gc,heap        ] GC(35) Eden regions: 497->0(527)
[246.077s][info][gc,heap        ] GC(35) Survivor regions: 39->41(67)
[246.077s][info][gc,heap        ] GC(35) Old regions: 248->255
[246.077s][info][gc,heap        ] GC(35) Humongous regions: 35->35
[246.077s][info][gc,metaspace   ] GC(35) Metaspace: 29681K(30144K)->29681K(30144K) NonClass: 24273K(24512K)->24273K(24512K) Class: 5408K(5632K)->5408K(5632K)
[246.077s][info][gc             ] GC(35) Pause Young (Normal) (G1 Evacuation Pause) 6500M->2599M(9480M) 157.656ms
[246.077s][info][gc,cpu         ] GC(35) User=1.18s Sys=0.06s Real=0.16s
.. (rIR:aIR:PR = 11548:11629:11540) (tPR = 167281) [OK] 
   247s:       trying IR =  13837 .[248.859s][info][gc,start       ] GC(36) Pause Young (Normal) (G1 Evacuation Pause)
[248.859s][info][gc,task        ] GC(36) Using 8 workers of 8 for evacuation
[249.023s][info][gc,phases      ] GC(36)   Pre Evacuate Collection Set: 0.23ms
[249.023s][info][gc,phases      ] GC(36)   Merge Heap Roots: 0.43ms
[249.023s][info][gc,phases      ] GC(36)   Evacuate Collection Set: 162.43ms
[249.023s][info][gc,phases      ] GC(36)   Post Evacuate Collection Set: 1.02ms
[249.023s][info][gc,phases      ] GC(36)   Other: 0.07ms
[249.023s][info][gc,heap        ] GC(36) Eden regions: 524->0(540)
[249.023s][info][gc,heap        ] GC(36) Survivor regions: 41->43(71)
[249.023s][info][gc,heap        ] GC(36) Old regions: 255->263
[249.023s][info][gc,heap        ] GC(36) Humongous regions: 35->35
[249.023s][info][gc,metaspace   ] GC(36) Metaspace: 29681K(30144K)->29681K(30144K) NonClass: 24273K(24512K)->24273K(24512K) Class: 5408K(5632K)->5408K(5632K)
[249.023s][info][gc             ] GC(36) Pause Young (Normal) (G1 Evacuation Pause) 6791M->2675M(9480M) 164.307ms
[249.023s][info][gc,cpu         ] GC(36) User=1.24s Sys=0.06s Real=0.16s
...[251.893s][info][gc,start       ] GC(37) Pause Young (Normal) (G1 Evacuation Pause)
[251.893s][info][gc,task        ] GC(37) Using 8 workers of 8 for evacuation
[252.068s][info][gc,phases      ] GC(37)   Pre Evacuate Collection Set: 0.24ms
[252.068s][info][gc,phases      ] GC(37)   Merge Heap Roots: 0.41ms
[252.068s][info][gc,phases      ] GC(37)   Evacuate Collection Set: 172.67ms
[252.068s][info][gc,phases      ] GC(37)   Post Evacuate Collection Set: 1.00ms
[252.068s][info][gc,phases      ] GC(37)   Other: 0.07ms
[252.068s][info][gc,heap        ] GC(37) Eden regions: 537->0(514)
[252.068s][info][gc,heap        ] GC(37) Survivor regions: 43->47(73)
[252.068s][info][gc,heap        ] GC(37) Old regions: 263->270
[252.068s][info][gc,heap        ] GC(37) Humongous regions: 35->35
[252.068s][info][gc,metaspace   ] GC(37) Metaspace: 29682K(30144K)->29682K(30144K) NonClass: 24274K(24512K)->24274K(24512K) Class: 5408K(5632K)->5408K(5632K)
[252.068s][info][gc             ] GC(37) Pause Young (Normal) (G1 Evacuation Pause) 6971M->2763M(9480M) 174.526ms
[252.068s][info][gc,cpu         ] GC(37) User=1.36s Sys=0.02s Real=0.17s
...[254.758s][info][gc,start       ] GC(38) Pause Young (Normal) (G1 Evacuation Pause)
[254.758s][info][gc,task        ] GC(38) Using 8 workers of 8 for evacuation
[254.913s][info][gc,phases      ] GC(38)   Pre Evacuate Collection Set: 0.24ms
[254.913s][info][gc,phases      ] GC(38)   Merge Heap Roots: 0.41ms
[254.913s][info][gc,phases      ] GC(38)   Evacuate Collection Set: 153.23ms
[254.913s][info][gc,phases      ] GC(38)   Post Evacuate Collection Set: 0.96ms
[254.913s][info][gc,phases      ] GC(38)   Other: 0.06ms
[254.913s][info][gc,heap        ] GC(38) Eden regions: 512->0(563)
[254.913s][info][gc,heap        ] GC(38) Survivor regions: 47->43(70)
[254.913s][info][gc,heap        ] GC(38) Old regions: 270->278
[254.913s][info][gc,heap        ] GC(38) Humongous regions: 35->35
[254.913s][info][gc,metaspace   ] GC(38) Metaspace: 29685K(30144K)->29685K(30144K) NonClass: 24276K(24512K)->24276K(24512K) Class: 5408K(5632K)->5408K(5632K)
[254.913s][info][gc             ] GC(38) Pause Young (Normal) (G1 Evacuation Pause) 6859M->2800M(9480M) 155.049ms
[254.913s][info][gc,cpu         ] GC(38) User=1.22s Sys=0.01s Real=0.15s
...[257.799s][info][gc,start       ] GC(39) Pause Young (Normal) (G1 Evacuation Pause)
[257.799s][info][gc,task        ] GC(39) Using 8 workers of 8 for evacuation
[257.960s][info][gc,phases      ] GC(39)   Pre Evacuate Collection Set: 0.22ms
[257.960s][info][gc,phases      ] GC(39)   Merge Heap Roots: 0.40ms
[257.960s][info][gc,phases      ] GC(39)   Evacuate Collection Set: 159.21ms
[257.960s][info][gc,phases      ] GC(39)   Post Evacuate Collection Set: 0.97ms
[257.960s][info][gc,phases      ] GC(39)   Other: 0.07ms
[257.960s][info][gc,heap        ] GC(39) Eden regions: 560->0(587)
[257.960s][info][gc,heap        ] GC(39) Survivor regions: 43->43(76)
[257.960s][info][gc,heap        ] GC(39) Old regions: 278->286
[257.960s][info][gc,heap        ] GC(39) Humongous regions: 35->35
[257.960s][info][gc,metaspace   ] GC(39) Metaspace: 29686K(30144K)->29686K(30144K) NonClass: 24277K(24512K)->24277K(24512K) Class: 5408K(5632K)->5408K(5632K)
[257.960s][info][gc             ] GC(39) Pause Young (Normal) (G1 Evacuation Pause) 7280M->2856M(9480M) 160.996ms
[257.960s][info][gc,cpu         ] GC(39) User=1.24s Sys=0.03s Real=0.16s
...[261.058s][info][gc,start       ] GC(40) Pause Young (Normal) (G1 Evacuation Pause)
[261.058s][info][gc,task        ] GC(40) Using 8 workers of 8 for evacuation
[261.222s][info][gc,phases      ] GC(40)   Pre Evacuate Collection Set: 0.24ms
[261.222s][info][gc,phases      ] GC(40)   Merge Heap Roots: 0.42ms
[261.222s][info][gc,phases      ] GC(40)   Evacuate Collection Set: 162.33ms
[261.222s][info][gc,phases      ] GC(40)   Post Evacuate Collection Set: 0.98ms
[261.222s][info][gc,phases      ] GC(40)   Other: 0.07ms
[261.222s][info][gc,heap        ] GC(40) Eden regions: 584->0(608)
[261.222s][info][gc,heap        ] GC(40) Survivor regions: 43->44(79)
[261.222s][info][gc,heap        ] GC(40) Old regions: 286->292
[261.222s][info][gc,heap        ] GC(40) Humongous regions: 35->35
[261.222s][info][gc,metaspace   ] GC(40) Metaspace: 29697K(30144K)->29697K(30144K) NonClass: 24288K(24512K)->24288K(24512K) Class: 5408K(5632K)->5408K(5632K)
[261.222s][info][gc             ] GC(40) Pause Young (Normal) (G1 Evacuation Pause) 7528M->2919M(9480M) 164.176ms
[261.222s][info][gc,cpu         ] GC(40) User=1.25s Sys=0.04s Real=0.16s
...[264.374s][info][gc,start       ] GC(41) Pause Young (Normal) (G1 Evacuation Pause)
[264.374s][info][gc,task        ] GC(41) Using 8 workers of 8 for evacuation
[264.539s][info][gc,phases      ] GC(41)   Pre Evacuate Collection Set: 0.23ms
[264.539s][info][gc,phases      ] GC(41)   Merge Heap Roots: 0.41ms
[264.539s][info][gc,phases      ] GC(41)   Evacuate Collection Set: 163.69ms
[264.539s][info][gc,phases      ] GC(41)   Post Evacuate Collection Set: 1.04ms
[264.539s][info][gc,phases      ] GC(41)   Other: 0.07ms
[264.539s][info][gc,heap        ] GC(41) Eden regions: 601->0(604)
[264.539s][info][gc,heap        ] GC(41) Survivor regions: 44->45(81)
[264.539s][info][gc,heap        ] GC(41) Old regions: 292->299
[264.539s][info][gc,heap        ] GC(41) Humongous regions: 35->35
[264.539s][info][gc,metaspace   ] GC(41) Metaspace: 29697K(30144K)->29697K(30144K) NonClass: 24288K(24512K)->24288K(24512K) Class: 5408K(5632K)->5408K(5632K)
[264.539s][info][gc             ] GC(41) Pause Young (Normal) (G1 Evacuation Pause) 7727M->2980M(9480M) 165.584ms
[264.539s][info][gc,cpu         ] GC(41) User=1.27s Sys=0.03s Real=0.16s
....[267.581s][info][gc,start       ] GC(42) Pause Young (Normal) (G1 Evacuation Pause)
[267.582s][info][gc,task        ] GC(42) Using 8 workers of 8 for evacuation
[267.746s][info][gc,phases      ] GC(42)   Pre Evacuate Collection Set: 0.25ms
[267.746s][info][gc,phases      ] GC(42)   Merge Heap Roots: 0.44ms
[267.746s][info][gc,phases      ] GC(42)   Evacuate Collection Set: 162.34ms
[267.746s][info][gc,phases      ] GC(42)   Post Evacuate Collection Set: 1.03ms
[267.746s][info][gc,phases      ] GC(42)   Other: 0.06ms
[267.746s][info][gc,heap        ] GC(42) Eden regions: 603->0(621)
[267.746s][info][gc,heap        ] GC(42) Survivor regions: 45->46(81)
[267.746s][info][gc,heap        ] GC(42) Old regions: 299->305
[267.746s][info][gc,heap        ] GC(42) Humongous regions: 35->35
[267.746s][info][gc,metaspace   ] GC(42) Metaspace: 29703K(30144K)->29703K(30144K) NonClass: 24294K(24512K)->24294K(24512K) Class: 5408K(5632K)->5408K(5632K)
[267.746s][info][gc             ] GC(42) Pause Young (Normal) (G1 Evacuation Pause) 7804M->3037M(9480M) 164.260ms
[267.746s][info][gc,cpu         ] GC(42) User=1.29s Sys=0.01s Real=0.17s
...[270.982s][info][gc,start       ] GC(43) Pause Young (Normal) (G1 Evacuation Pause)
[270.982s][info][gc,task        ] GC(43) Using 8 workers of 8 for evacuation
[271.156s][info][gc,phases      ] GC(43)   Pre Evacuate Collection Set: 0.23ms
[271.156s][info][gc,phases      ] GC(43)   Merge Heap Roots: 0.42ms
[271.156s][info][gc,phases      ] GC(43)   Evacuate Collection Set: 172.08ms
[271.156s][info][gc,phases      ] GC(43)   Post Evacuate Collection Set: 1.07ms
[271.156s][info][gc,phases      ] GC(43)   Other: 0.07ms
[271.156s][info][gc,heap        ] GC(43) Eden regions: 621->0(626)
[271.156s][info][gc,heap        ] GC(43) Survivor regions: 46->46(84)
[271.156s][info][gc,heap        ] GC(43) Old regions: 305->312
[271.156s][info][gc,heap        ] GC(43) Humongous regions: 35->35
[271.156s][info][gc,metaspace   ] GC(43) Metaspace: 29703K(30144K)->29703K(30144K) NonClass: 24294K(24512K)->24294K(24512K) Class: 5408K(5632K)->5408K(5632K)
[271.156s][info][gc             ] GC(43) Pause Young (Normal) (G1 Evacuation Pause) 8005M->3093M(9480M) 174.000ms
[271.156s][info][gc,cpu         ] GC(43) User=1.34s Sys=0.03s Real=0.18s
...[274.306s][info][gc,start       ] GC(44) Pause Young (Normal) (G1 Evacuation Pause)
[274.306s][info][gc,task        ] GC(44) Using 8 workers of 8 for evacuation
[274.474s][info][gc,phases      ] GC(44)   Pre Evacuate Collection Set: 0.23ms
[274.474s][info][gc,phases      ] GC(44)   Merge Heap Roots: 0.44ms
[274.474s][info][gc,phases      ] GC(44)   Evacuate Collection Set: 165.76ms
[274.474s][info][gc,phases      ] GC(44)   Post Evacuate Collection Set: 1.07ms
[274.474s][info][gc,phases      ] GC(44)   Other: 0.07ms
[274.474s][info][gc,heap        ] GC(44) Eden regions: 625->0(633)
[274.474s][info][gc,heap        ] GC(44) Survivor regions: 46->47(84)
[274.474s][info][gc,heap        ] GC(44) Old regions: 312->318
[274.474s][info][gc,heap        ] GC(44) Humongous regions: 35->35
[274.474s][info][gc,metaspace   ] GC(44) Metaspace: 29705K(30144K)->29705K(30144K) NonClass: 24296K(24512K)->24296K(24512K) Class: 5408K(5632K)->5408K(5632K)
[274.474s][info][gc             ] GC(44) Pause Young (Normal) (G1 Evacuation Pause) 8093M->3155M(9480M) 167.695ms
[274.474s][info][gc,cpu         ] GC(44) User=1.31s Sys=0.02s Real=0.17s
.... (rIR:aIR:PR = 13837:13608:12578) (tPR = 185538) [PR is under limit] 
   277s: Re-initializing (term) [277.716s][info][gc,start       ] GC(45) Pause Full (System.gc())
[277.716s][info][gc,task        ] GC(45) Using 8 workers of 8 for full compaction
[277.716s][info][gc,phases,start] GC(45) Phase 1: Mark live objects
[277.734s][info][gc,phases      ] GC(45) Phase 1: Mark live objects 17.637ms
[277.734s][info][gc,phases,start] GC(45) Phase 2: Prepare compaction
[277.741s][info][gc,phases      ] GC(45) Phase 2: Prepare compaction 7.438ms
[277.741s][info][gc,phases,start] GC(45) Phase 3: Adjust pointers
[277.754s][info][gc,phases      ] GC(45) Phase 3: Adjust pointers 12.661ms
[277.754s][info][gc,phases,start] GC(45) Phase 4: Compact heap
[277.761s][info][gc,phases      ] GC(45) Phase 4: Compact heap 7.324ms
[277.761s][info][gc,phases,start] GC(45) Phase 5: Reset Metadata
[277.765s][info][gc,phases      ] GC(45) Phase 5: Reset Metadata 4.084ms
[277.782s][info][gc,heap        ] GC(45) Eden regions: 614->0(614)
[277.782s][info][gc,heap        ] GC(45) Survivor regions: 47->0(84)
[277.782s][info][gc,heap        ] GC(45) Old regions: 318->14
[277.782s][info][gc,heap        ] GC(45) Humongous regions: 35->18
[277.782s][info][gc,metaspace   ] GC(45) Metaspace: 29715K(30208K)->29715K(30208K) NonClass: 24306K(24576K)->24306K(24576K) Class: 5408K(5632K)->5408K(5632K)
[277.782s][info][gc             ] GC(45) Pause Full (System.gc()) 8059M->212M(8192M) 66.555ms
[277.782s][info][gc,cpu         ] GC(45) User=0.41s Sys=0.04s Real=0.06s
(init) ... OK
   281s: Searching from base IR = 11548
   281s:       rampup IR =      0 ... (rIR:aIR:PR = 0:0:0) (tPR = 0) [OK] 
   284s:       rampup IR =   1155 .... (rIR:aIR:PR = 1155:1172:1147) (tPR = 23290) [OK] 
   288s:       rampup IR =   2310 .... (rIR:aIR:PR = 2310:2318:2266) (tPR = 42657) [OK] 
   292s:       rampup IR =   3464 .[294.651s][info][gc,start       ] GC(46) Pause Young (Normal) (G1 Evacuation Pause)
[294.652s][info][gc,task        ] GC(46) Using 8 workers of 8 for evacuation
[295.119s][info][gc,mmu         ] GC(46) MMU target violated: 201.0ms (200.0ms/201.0ms)
[295.119s][info][gc,phases      ] GC(46)   Pre Evacuate Collection Set: 0.25ms
[295.119s][info][gc,phases      ] GC(46)   Merge Heap Roots: 0.49ms
[295.119s][info][gc,phases      ] GC(46)   Evacuate Collection Set: 465.89ms
[295.119s][info][gc,phases      ] GC(46)   Post Evacuate Collection Set: 1.17ms
[295.119s][info][gc,phases      ] GC(46)   Other: 0.10ms
[295.119s][info][gc,heap        ] GC(46) Eden regions: 614->0(444)
[295.119s][info][gc,heap        ] GC(46) Survivor regions: 0->77(77)
[295.119s][info][gc,heap        ] GC(46) Old regions: 14->52
[295.119s][info][gc,heap        ] GC(46) Humongous regions: 35->34
[295.119s][info][gc,metaspace   ] GC(46) Metaspace: 29736K(30208K)->29736K(30208K) NonClass: 24327K(24576K)->24327K(24576K) Class: 5409K(5632K)->5409K(5632K)
[295.119s][info][gc             ] GC(46) Pause Young (Normal) (G1 Evacuation Pause) 5260M->1256M(8192M) 468.010ms
[295.120s][info][gc,cpu         ] GC(46) User=3.66s Sys=0.07s Real=0.47s
.... (rIR:aIR:PR = 3464:3434:3364) (tPR = 59480) [OK] 
   297s:       rampup IR =   4619 .[300.082s][info][gc,start       ] GC(47) Pause Young (Normal) (G1 Evacuation Pause)
[300.082s][info][gc,task        ] GC(47) Using 8 workers of 8 for evacuation
[300.383s][info][gc,mmu         ] GC(47) MMU target violated: 201.0ms (200.0ms/201.0ms)
[300.383s][info][gc,phases      ] GC(47)   Pre Evacuate Collection Set: 0.25ms
[300.383s][info][gc,phases      ] GC(47)   Merge Heap Roots: 0.36ms
[300.383s][info][gc,phases      ] GC(47)   Evacuate Collection Set: 299.51ms
[300.383s][info][gc,phases      ] GC(47)   Post Evacuate Collection Set: 0.79ms
[300.383s][info][gc,phases      ] GC(47)   Other: 0.10ms
[300.383s][info][gc,heap        ] GC(47) Eden regions: 456->0(385)
[300.383s][info][gc,heap        ] GC(47) Survivor regions: 77->23(67)
[300.383s][info][gc,heap        ] GC(47) Old regions: 52->122
[300.383s][info][gc,heap        ] GC(47) Humongous regions: 34->34
[300.383s][info][gc,metaspace   ] GC(47) Metaspace: 29737K(30208K)->29737K(30208K) NonClass: 24328K(24576K)->24328K(24576K) Class: 5409K(5632K)->5409K(5632K)
[300.383s][info][gc             ] GC(47) Pause Young (Normal) (G1 Evacuation Pause) 4904M->1384M(8192M) 301.104ms
[300.383s][info][gc,cpu         ] GC(47) User=2.39s Sys=0.00s Real=0.30s
.... (rIR:aIR:PR = 4619:4629:4601) (tPR = 78303) [OK] 
   303s:       rampup IR =   5774 [304.082s][info][gc,start       ] GC(48) Pause Young (Normal) (G1 Evacuation Pause)
[304.082s][info][gc,task        ] GC(48) Using 8 workers of 8 for evacuation
[304.194s][info][gc,phases      ] GC(48)   Pre Evacuate Collection Set: 0.27ms
[304.194s][info][gc,phases      ] GC(48)   Merge Heap Roots: 0.33ms
[304.194s][info][gc,phases      ] GC(48)   Evacuate Collection Set: 110.92ms
[304.194s][info][gc,phases      ] GC(48)   Post Evacuate Collection Set: 0.86ms
[304.194s][info][gc,phases      ] GC(48)   Other: 0.06ms
[304.194s][info][gc,heap        ] GC(48) Eden regions: 397->0(258)
[304.194s][info][gc,heap        ] GC(48) Survivor regions: 23->37(53)
[304.194s][info][gc,heap        ] GC(48) Old regions: 122->122
[304.194s][info][gc,heap        ] GC(48) Humongous regions: 34->34
[304.194s][info][gc,metaspace   ] GC(48) Metaspace: 29739K(30208K)->29739K(30208K) NonClass: 24330K(24576K)->24330K(24576K) Class: 5409K(5632K)->5409K(5632K)
[304.194s][info][gc             ] GC(48) Pause Young (Normal) (G1 Evacuation Pause) 4560M->1496M(8192M) 112.578ms
[304.195s][info][gc,cpu         ] GC(48) User=0.89s Sys=0.00s Real=0.12s
...[306.912s][info][gc,start       ] GC(49) Pause Young (Normal) (G1 Evacuation Pause)
[306.912s][info][gc,task        ] GC(49) Using 8 workers of 8 for evacuation
[307.044s][info][gc,phases      ] GC(49)   Pre Evacuate Collection Set: 0.24ms
[307.045s][info][gc,phases      ] GC(49)   Merge Heap Roots: 0.30ms
[307.045s][info][gc,phases      ] GC(49)   Evacuate Collection Set: 130.88ms
[307.045s][info][gc,phases      ] GC(49)   Post Evacuate Collection Set: 0.76ms
[307.045s][info][gc,phases      ] GC(49)   Other: 0.07ms
[307.045s][info][gc,heap        ] GC(49) Eden regions: 300->0(377)
[307.045s][info][gc,heap        ] GC(49) Survivor regions: 37->33(43)
[307.045s][info][gc,heap        ] GC(49) Old regions: 122->135
[307.045s][info][gc,heap        ] GC(49) Humongous regions: 34->34
[307.045s][info][gc,metaspace   ] GC(49) Metaspace: 29744K(30208K)->29744K(30208K) NonClass: 24335K(24576K)->24335K(24576K) Class: 5409K(5632K)->5409K(5632K)
[307.045s][info][gc             ] GC(49) Pause Young (Normal) (G1 Evacuation Pause) 3896M->1570M(8192M) 132.365ms
[307.045s][info][gc,cpu         ] GC(49) User=1.05s Sys=0.00s Real=0.14s
. (rIR:aIR:PR = 5774:5740:5740) (tPR = 89991) [OK] 
   307s:       rampup IR =   6929 ...[310.424s][info][gc,start       ] GC(50) Pause Young (Normal) (G1 Evacuation Pause)
[310.424s][info][gc,task        ] GC(50) Using 8 workers of 8 for evacuation
[310.554s][info][gc,phases      ] GC(50)   Pre Evacuate Collection Set: 0.24ms
[310.554s][info][gc,phases      ] GC(50)   Merge Heap Roots: 0.35ms
[310.554s][info][gc,phases      ] GC(50)   Evacuate Collection Set: 127.98ms
[310.554s][info][gc,phases      ] GC(50)   Post Evacuate Collection Set: 0.83ms
[310.554s][info][gc,phases      ] GC(50)   Other: 0.06ms
[310.554s][info][gc,heap        ] GC(50) Eden regions: 383->0(412)
[310.554s][info][gc,heap        ] GC(50) Survivor regions: 33->33(52)
[310.554s][info][gc,heap        ] GC(50) Old regions: 135->147
[310.554s][info][gc,heap        ] GC(50) Humongous regions: 34->34
[310.554s][info][gc,metaspace   ] GC(50) Metaspace: 29745K(30208K)->29745K(30208K) NonClass: 24336K(24576K)->24336K(24576K) Class: 5409K(5632K)->5409K(5632K)
[310.554s][info][gc             ] GC(50) Pause Young (Normal) (G1 Evacuation Pause) 4634M->1661M(8192M) 129.605ms
[310.554s][info][gc,cpu         ] GC(50) User=1.02s Sys=0.00s Real=0.13s
. (rIR:aIR:PR = 6929:6921:6921) (tPR = 104544) [OK] 
   311s:       rampup IR =   8084 ..[313.809s][info][gc,start       ] GC(51) Pause Young (Normal) (G1 Evacuation Pause)
[313.809s][info][gc,task        ] GC(51) Using 8 workers of 8 for evacuation
[313.942s][info][gc,phases      ] GC(51)   Pre Evacuate Collection Set: 0.24ms
[313.942s][info][gc,phases      ] GC(51)   Merge Heap Roots: 0.41ms
[313.942s][info][gc,phases      ] GC(51)   Evacuate Collection Set: 131.34ms
[313.942s][info][gc,phases      ] GC(51)   Post Evacuate Collection Set: 0.88ms
[313.942s][info][gc,phases      ] GC(51)   Other: 0.06ms
[313.942s][info][gc,heap        ] GC(51) Eden regions: 408->0(433)
[313.942s][info][gc,heap        ] GC(51) Survivor regions: 33->37(56)
[313.942s][info][gc,heap        ] GC(51) Old regions: 147->155
[313.942s][info][gc,heap        ] GC(51) Humongous regions: 34->34
[313.942s][info][gc,metaspace   ] GC(51) Metaspace: 29745K(30208K)->29745K(30208K) NonClass: 24336K(24576K)->24336K(24576K) Class: 5409K(5632K)->5409K(5632K)
[313.942s][info][gc             ] GC(51) Pause Young (Normal) (G1 Evacuation Pause) 4925M->1764M(8192M) 133.071ms
[313.942s][info][gc,cpu         ] GC(51) User=1.06s Sys=0.00s Real=0.13s
.. (rIR:aIR:PR = 8084:8060:8049) (tPR = 118372) [OK] 
   315s:       rampup IR =   9238 .[317.135s][info][gc,start       ] GC(52) Pause Young (Normal) (G1 Evacuation Pause)
[317.135s][info][gc,task        ] GC(52) Using 8 workers of 8 for evacuation
[317.278s][info][gc,phases      ] GC(52)   Pre Evacuate Collection Set: 0.25ms
[317.278s][info][gc,phases      ] GC(52)   Merge Heap Roots: 0.41ms
[317.278s][info][gc,phases      ] GC(52)   Evacuate Collection Set: 140.55ms
[317.278s][info][gc,phases      ] GC(52)   Post Evacuate Collection Set: 0.96ms
[317.278s][info][gc,phases      ] GC(52)   Other: 0.06ms
[317.278s][info][gc,heap        ] GC(52) Eden regions: 434->0(448)
[317.278s][info][gc,heap        ] GC(52) Survivor regions: 37->39(59)
[317.278s][info][gc,heap        ] GC(52) Old regions: 155->164
[317.278s][info][gc,heap        ] GC(52) Humongous regions: 34->34
[317.278s][info][gc,metaspace   ] GC(52) Metaspace: 29746K(30208K)->29746K(30208K) NonClass: 24337K(24576K)->24337K(24576K) Class: 5409K(5632K)->5409K(5632K)
[317.278s][info][gc             ] GC(52) Pause Young (Normal) (G1 Evacuation Pause) 5236M->1848M(8192M) 142.364ms
[317.278s][info][gc,cpu         ] GC(52) User=1.13s Sys=0.00s Real=0.14s
...[320.296s][info][gc,start       ] GC(53) Pause Young (Normal) (G1 Evacuation Pause)
[320.297s][info][gc,task        ] GC(53) Using 8 workers of 8 for evacuation
[320.441s][info][gc,phases      ] GC(53)   Pre Evacuate Collection Set: 0.24ms
[320.441s][info][gc,phases      ] GC(53)   Merge Heap Roots: 0.47ms
[320.441s][info][gc,phases      ] GC(53)   Evacuate Collection Set: 143.11ms
[320.441s][info][gc,phases      ] GC(53)   Post Evacuate Collection Set: 0.91ms
[320.441s][info][gc,phases      ] GC(53)   Other: 0.06ms
[320.441s][info][gc,heap        ] GC(53) Eden regions: 448->0(485)
[320.441s][info][gc,heap        ] GC(53) Survivor regions: 39->39(61)
[320.441s][info][gc,heap        ] GC(53) Old regions: 164->173
[320.441s][info][gc,heap        ] GC(53) Humongous regions: 34->34
[320.441s][info][gc,metaspace   ] GC(53) Metaspace: 29746K(30208K)->29746K(30208K) NonClass: 24337K(24576K)->24337K(24576K) Class: 5409K(5632K)->5409K(5632K)
[320.441s][info][gc             ] GC(53) Pause Young (Normal) (G1 Evacuation Pause) 5432M->1919M(8192M) 144.932ms
[320.441s][info][gc,cpu         ] GC(53) User=1.15s Sys=0.00s Real=0.14s
. (rIR:aIR:PR = 9238:8904:8895) (tPR = 132721) [OK] 
   320s:       rampup IR =  10393 ...[323.580s][info][gc,start       ] GC(54) Pause Young (Normal) (G1 Evacuation Pause)
[323.580s][info][gc,task        ] GC(54) Using 8 workers of 8 for evacuation
[323.722s][info][gc,phases      ] GC(54)   Pre Evacuate Collection Set: 0.26ms
[323.722s][info][gc,phases      ] GC(54)   Merge Heap Roots: 0.41ms
[323.722s][info][gc,phases      ] GC(54)   Evacuate Collection Set: 140.33ms
[323.722s][info][gc,phases      ] GC(54)   Post Evacuate Collection Set: 0.93ms
[323.722s][info][gc,phases      ] GC(54)   Other: 0.06ms
[323.722s][info][gc,heap        ] GC(54) Eden regions: 486->0(529)
[323.722s][info][gc,heap        ] GC(54) Survivor regions: 39->40(66)
[323.722s][info][gc,heap        ] GC(54) Old regions: 173->181
[323.722s][info][gc,heap        ] GC(54) Humongous regions: 34->34
[323.722s][info][gc,metaspace   ] GC(54) Metaspace: 29748K(30208K)->29748K(30208K) NonClass: 24338K(24576K)->24338K(24576K) Class: 5409K(5632K)->5409K(5632K)
[323.722s][info][gc             ] GC(54) Pause Young (Normal) (G1 Evacuation Pause) 5807M->1990M(8192M) 142.118ms
[323.722s][info][gc,cpu         ] GC(54) User=1.13s Sys=0.00s Real=0.14s
. (rIR:aIR:PR = 10393:10091:10028) (tPR = 148934) [OK] 
   324s:       rampup IR =  11548 ..[326.707s][info][gc,start       ] GC(55) Pause Young (Normal) (G1 Evacuation Pause)
[326.707s][info][gc,task        ] GC(55) Using 8 workers of 8 for evacuation
[326.862s][info][gc,phases      ] GC(55)   Pre Evacuate Collection Set: 0.24ms
[326.862s][info][gc,phases      ] GC(55)   Merge Heap Roots: 0.42ms
[326.862s][info][gc,phases      ] GC(55)   Evacuate Collection Set: 153.46ms
[326.862s][info][gc,phases      ] GC(55)   Post Evacuate Collection Set: 1.08ms
[326.862s][info][gc,phases      ] GC(55)   Other: 0.06ms
[326.862s][info][gc,heap        ] GC(55) Eden regions: 528->0(498)
[326.862s][info][gc,heap        ] GC(55) Survivor regions: 40->44(71)
[326.862s][info][gc,heap        ] GC(55) Old regions: 181->189
[326.862s][info][gc,heap        ] GC(55) Humongous regions: 34->34
[326.862s][info][gc,metaspace   ] GC(55) Metaspace: 29755K(30208K)->29755K(30208K) NonClass: 24346K(24576K)->24346K(24576K) Class: 5409K(5632K)->5409K(5632K)
[326.862s][info][gc             ] GC(55) Pause Young (Normal) (G1 Evacuation Pause) 6214M->2082M(8192M) 155.386ms
[326.862s][info][gc,cpu         ] GC(55) User=1.23s Sys=0.00s Real=0.15s
...[329.504s][info][gc,start       ] GC(56) Pause Young (Normal) (G1 Evacuation Pause)
[329.504s][info][gc,task        ] GC(56) Using 8 workers of 8 for evacuation
[329.651s][info][gc,phases      ] GC(56)   Pre Evacuate Collection Set: 0.25ms
[329.651s][info][gc,phases      ] GC(56)   Merge Heap Roots: 0.42ms
[329.651s][info][gc,phases      ] GC(56)   Evacuate Collection Set: 145.18ms
[329.651s][info][gc,phases      ] GC(56)   Post Evacuate Collection Set: 1.02ms
[329.651s][info][gc,phases      ] GC(56)   Other: 0.06ms
[329.651s][info][gc,heap        ] GC(56) Eden regions: 495->0(573)
[329.651s][info][gc,heap        ] GC(56) Survivor regions: 44->41(68)
[329.651s][info][gc,heap        ] GC(56) Old regions: 189->196
[329.651s][info][gc,heap        ] GC(56) Humongous regions: 34->34
[329.651s][info][gc,metaspace   ] GC(56) Metaspace: 29756K(30208K)->29756K(30208K) NonClass: 24347K(24576K)->24347K(24576K) Class: 5409K(5632K)->5409K(5632K)
[329.651s][info][gc             ] GC(56) Pause Young (Normal) (G1 Evacuation Pause) 6042M->2124M(8192M) 147.067ms
[329.652s][info][gc,cpu         ] GC(56) User=1.17s Sys=0.00s Real=0.14s
. (rIR:aIR:PR = 11548:11607:11500) (tPR = 172123) [OK] 
   330s:    snapshot, IR =  11548 ..[332.823s][info][gc,start       ] GC(57) Pause Young (Normal) (G1 Evacuation Pause)
[332.823s][info][gc,task        ] GC(57) Using 8 workers of 8 for evacuation
[332.977s][info][gc,phases      ] GC(57)   Pre Evacuate Collection Set: 0.27ms
[332.977s][info][gc,phases      ] GC(57)   Merge Heap Roots: 0.64ms
[332.977s][info][gc,phases      ] GC(57)   Evacuate Collection Set: 152.29ms
[332.977s][info][gc,phases      ] GC(57)   Post Evacuate Collection Set: 1.04ms
[332.977s][info][gc,phases      ] GC(57)   Other: 0.07ms
[332.977s][info][gc,heap        ] GC(57) Eden regions: 573->0(571)
[332.977s][info][gc,heap        ] GC(57) Survivor regions: 41->43(77)
[332.977s][info][gc,heap        ] GC(57) Old regions: 196->204
[332.977s][info][gc,heap        ] GC(57) Humongous regions: 34->34
[332.977s][info][gc,metaspace   ] GC(57) Metaspace: 29764K(30208K)->29764K(30208K) NonClass: 24355K(24576K)->24355K(24576K) Class: 5409K(5632K)->5409K(5632K)
[332.977s][info][gc             ] GC(57) Pause Young (Normal) (G1 Evacuation Pause) 6708M->2195M(8192M) 154.439ms
[332.977s][info][gc,cpu         ] GC(57) User=1.22s Sys=0.00s Real=0.16s
...[336.114s][info][gc,start       ] GC(58) Pause Young (Normal) (G1 Evacuation Pause)
[336.114s][info][gc,task        ] GC(58) Using 8 workers of 8 for evacuation
[336.265s][info][gc,phases      ] GC(58)   Pre Evacuate Collection Set: 0.26ms
[336.265s][info][gc,phases      ] GC(58)   Merge Heap Roots: 0.45ms
[336.265s][info][gc,phases      ] GC(58)   Evacuate Collection Set: 148.37ms
[336.265s][info][gc,phases      ] GC(58)   Post Evacuate Collection Set: 0.99ms
[336.265s][info][gc,phases      ] GC(58)   Other: 0.07ms
[336.265s][info][gc,heap        ] GC(58) Eden regions: 571->0(571)
[336.265s][info][gc,heap        ] GC(58) Survivor regions: 43->43(77)
[336.265s][info][gc,heap        ] GC(58) Old regions: 204->210
[336.265s][info][gc,heap        ] GC(58) Humongous regions: 34->34
[336.265s][info][gc,metaspace   ] GC(58) Metaspace: 29764K(30208K)->29764K(30208K) NonClass: 24355K(24576K)->24355K(24576K) Class: 5409K(5632K)->5409K(5632K)
[336.265s][info][gc             ] GC(58) Pause Young (Normal) (G1 Evacuation Pause) 6763M->2251M(8192M) 150.274ms
[336.265s][info][gc,cpu         ] GC(58) User=1.19s Sys=0.01s Real=0.15s
.|...[339.616s][info][gc,start       ] GC(59) Pause Young (Normal) (G1 Evacuation Pause)
[339.616s][info][gc,task        ] GC(59) Using 8 workers of 8 for evacuation
[339.776s][info][gc,phases      ] GC(59)   Pre Evacuate Collection Set: 0.24ms
[339.776s][info][gc,phases      ] GC(59)   Merge Heap Roots: 0.46ms
[339.776s][info][gc,phases      ] GC(59)   Evacuate Collection Set: 158.66ms
[339.776s][info][gc,phases      ] GC(59)   Post Evacuate Collection Set: 0.98ms
[339.776s][info][gc,phases      ] GC(59)   Other: 0.06ms
[339.776s][info][gc,heap        ] GC(59) Eden regions: 571->0(570)
[339.776s][info][gc,heap        ] GC(59) Survivor regions: 43->44(77)
[339.776s][info][gc,heap        ] GC(59) Old regions: 210->218
[339.776s][info][gc,heap        ] GC(59) Humongous regions: 34->34
[339.776s][info][gc,metaspace   ] GC(59) Metaspace: 29765K(30208K)->29765K(30208K) NonClass: 24356K(24576K)->24356K(24576K) Class: 5409K(5632K)->5409K(5632K)
[339.776s][info][gc             ] GC(59) Pause Young (Normal) (G1 Evacuation Pause) 6819M->2318M(8192M) 160.523ms
[339.777s][info][gc,cpu         ] GC(59) User=1.27s Sys=0.00s Real=0.16s
...[343.016s][info][gc,start       ] GC(60) Pause Young (Normal) (G1 Evacuation Pause)
[343.016s][info][gc,task        ] GC(60) Using 8 workers of 8 for evacuation
[343.174s][info][gc,phases      ] GC(60)   Pre Evacuate Collection Set: 0.24ms
[343.174s][info][gc,phases      ] GC(60)   Merge Heap Roots: 0.48ms
[343.174s][info][gc,phases      ] GC(60)   Evacuate Collection Set: 155.82ms
[343.174s][info][gc,phases      ] GC(60)   Post Evacuate Collection Set: 1.02ms
[343.174s][info][gc,phases      ] GC(60)   Other: 0.06ms
[343.174s][info][gc,heap        ] GC(60) Eden regions: 570->0(570)
[343.174s][info][gc,heap        ] GC(60) Survivor regions: 44->44(77)
[343.174s][info][gc,heap        ] GC(60) Old regions: 218->225
[343.174s][info][gc,heap        ] GC(60) Humongous regions: 34->34
[343.174s][info][gc,metaspace   ] GC(60) Metaspace: 29765K(30208K)->29765K(30208K) NonClass: 24356K(24576K)->24356K(24576K) Class: 5409K(5632K)->5409K(5632K)
[343.174s][info][gc             ] GC(60) Pause Young (Normal) (G1 Evacuation Pause) 6878M->2375M(8192M) 157.760ms
[343.174s][info][gc,cpu         ] GC(60) User=1.25s Sys=0.00s Real=0.16s
...[346.381s][info][gc,start       ] GC(61) Pause Young (Normal) (G1 Evacuation Pause)
[346.381s][info][gc,task        ] GC(61) Using 8 workers of 8 for evacuation
[346.538s][info][gc,phases      ] GC(61)   Pre Evacuate Collection Set: 0.23ms
[346.538s][info][gc,phases      ] GC(61)   Merge Heap Roots: 0.44ms
[346.538s][info][gc,phases      ] GC(61)   Evacuate Collection Set: 155.62ms
[346.538s][info][gc,phases      ] GC(61)   Post Evacuate Collection Set: 1.04ms
[346.538s][info][gc,phases      ] GC(61)   Other: 0.06ms
[346.538s][info][gc,heap        ] GC(61) Eden regions: 570->0(568)
[346.538s][info][gc,heap        ] GC(61) Survivor regions: 44->46(77)
[346.538s][info][gc,heap        ] GC(61) Old regions: 225->232
[346.538s][info][gc,heap        ] GC(61) Humongous regions: 34->34
[346.538s][info][gc,metaspace   ] GC(61) Metaspace: 29766K(30208K)->29766K(30208K) NonClass: 24357K(24576K)->24357K(24576K) Class: 5409K(5632K)->5409K(5632K)
[346.539s][info][gc             ] GC(61) Pause Young (Normal) (G1 Evacuation Pause) 6935M->2444M(8192M) 157.528ms
[346.539s][info][gc,cpu         ] GC(61) User=1.25s Sys=0.00s Real=0.16s
....[349.633s][info][gc,start       ] GC(62) Pause Young (Normal) (G1 Evacuation Pause)
[349.633s][info][gc,task        ] GC(62) Using 8 workers of 8 for evacuation
[349.790s][info][gc,phases      ] GC(62)   Pre Evacuate Collection Set: 0.23ms
[349.790s][info][gc,phases      ] GC(62)   Merge Heap Roots: 0.46ms
[349.790s][info][gc,phases      ] GC(62)   Evacuate Collection Set: 154.58ms
[349.790s][info][gc,phases      ] GC(62)   Post Evacuate Collection Set: 1.04ms
[349.790s][info][gc,phases      ] GC(62)   Other: 0.07ms
[349.790s][info][gc,heap        ] GC(62) Eden regions: 568->0(570)
[349.790s][info][gc,heap        ] GC(62) Survivor regions: 46->44(77)
[349.790s][info][gc,heap        ] GC(62) Old regions: 232->240
[349.790s][info][gc,heap        ] GC(62) Humongous regions: 34->34
[349.790s][info][gc,metaspace   ] GC(62) Metaspace: 29766K(30208K)->29766K(30208K) NonClass: 24357K(24576K)->24357K(24576K) Class: 5409K(5632K)->5409K(5632K)
[349.790s][info][gc             ] GC(62) Pause Young (Normal) (G1 Evacuation Pause) 6988M->2496M(8192M) 156.503ms
[349.790s][info][gc,cpu         ] GC(62) User=1.24s Sys=0.00s Real=0.16s
...[352.989s][info][gc,start       ] GC(63) Pause Young (Normal) (G1 Evacuation Pause)
[352.990s][info][gc,task        ] GC(63) Using 8 workers of 8 for evacuation
[353.144s][info][gc,phases      ] GC(63)   Pre Evacuate Collection Set: 0.27ms
[353.144s][info][gc,phases      ] GC(63)   Merge Heap Roots: 0.51ms
[353.144s][info][gc,phases      ] GC(63)   Evacuate Collection Set: 152.90ms
[353.144s][info][gc,phases      ] GC(63)   Post Evacuate Collection Set: 1.05ms
[353.144s][info][gc,phases      ] GC(63)   Other: 0.07ms
[353.144s][info][gc,heap        ] GC(63) Eden regions: 570->0(569)
[353.144s][info][gc,heap        ] GC(63) Survivor regions: 44->45(77)
[353.144s][info][gc,heap        ] GC(63) Old regions: 240->247
[353.144s][info][gc,heap        ] GC(63) Humongous regions: 34->34
[353.144s][info][gc,metaspace   ] GC(63) Metaspace: 29772K(30208K)->29772K(30208K) NonClass: 24363K(24576K)->24363K(24576K) Class: 5409K(5632K)->5409K(5632K)
[353.144s][info][gc             ] GC(63) Pause Young (Normal) (G1 Evacuation Pause) 7056M->2555M(8192M) 154.936ms
[353.144s][info][gc,cpu         ] GC(63) User=1.23s Sys=0.00s Real=0.16s
...[356.301s][info][gc,start       ] GC(64) Pause Young (Normal) (G1 Evacuation Pause)
[356.301s][info][gc,task        ] GC(64) Using 8 workers of 8 for evacuation
[356.453s][info][gc,phases      ] GC(64)   Pre Evacuate Collection Set: 0.25ms
[356.454s][info][gc,phases      ] GC(64)   Merge Heap Roots: 0.46ms
[356.454s][info][gc,phases      ] GC(64)   Evacuate Collection Set: 150.67ms
[356.454s][info][gc,phases      ] GC(64)   Post Evacuate Collection Set: 1.01ms
[356.454s][info][gc,phases      ] GC(64)   Other: 0.07ms
[356.454s][info][gc,heap        ] GC(64) Eden regions: 569->0(571)
[356.454s][info][gc,heap        ] GC(64) Survivor regions: 45->43(77)
[356.454s][info][gc,heap        ] GC(64) Old regions: 247->254
[356.454s][info][gc,heap        ] GC(64) Humongous regions: 34->34
[356.454s][info][gc,metaspace   ] GC(64) Metaspace: 29772K(30208K)->29772K(30208K) NonClass: 24363K(24576K)->24363K(24576K) Class: 5409K(5632K)->5409K(5632K)
[356.454s][info][gc             ] GC(64) Pause Young (Normal) (G1 Evacuation Pause) 7107M->2600M(8192M) 152.589ms
[356.454s][info][gc,cpu         ] GC(64) User=1.21s Sys=0.00s Real=0.16s
....[359.714s][info][gc,start       ] GC(65) Pause Young (Normal) (G1 Evacuation Pause)
[359.714s][info][gc,task        ] GC(65) Using 8 workers of 8 for evacuation
[359.872s][info][gc,phases      ] GC(65)   Pre Evacuate Collection Set: 0.24ms
[359.872s][info][gc,phases      ] GC(65)   Merge Heap Roots: 0.47ms
[359.872s][info][gc,phases      ] GC(65)   Evacuate Collection Set: 155.32ms
[359.872s][info][gc,phases      ] GC(65)   Post Evacuate Collection Set: 1.00ms
[359.872s][info][gc,phases      ] GC(65)   Other: 0.06ms
[359.872s][info][gc,heap        ] GC(65) Eden regions: 571->0(570)
[359.872s][info][gc,heap        ] GC(65) Survivor regions: 43->44(77)
[359.872s][info][gc,heap        ] GC(65) Old regions: 254->261
[359.872s][info][gc,heap        ] GC(65) Humongous regions: 34->34
[359.872s][info][gc,metaspace   ] GC(65) Metaspace: 29772K(30208K)->29772K(30208K) NonClass: 24363K(24576K)->24363K(24576K) Class: 5409K(5632K)->5409K(5632K)
[359.872s][info][gc             ] GC(65) Pause Young (Normal) (G1 Evacuation Pause) 7168M->2665M(8192M) 157.256ms
[359.872s][info][gc,cpu         ] GC(65) User=1.25s Sys=0.00s Real=0.15s
...[363.093s][info][gc,start       ] GC(66) Pause Young (Normal) (G1 Evacuation Pause)
[363.093s][info][gc,task        ] GC(66) Using 8 workers of 8 for evacuation
[363.259s][info][gc,phases      ] GC(66)   Pre Evacuate Collection Set: 0.27ms
[363.259s][info][gc,phases      ] GC(66)   Merge Heap Roots: 0.49ms
[363.259s][info][gc,phases      ] GC(66)   Evacuate Collection Set: 164.63ms
[363.259s][info][gc,phases      ] GC(66)   Post Evacuate Collection Set: 1.00ms
[363.259s][info][gc,phases      ] GC(66)   Other: 0.07ms
[363.259s][info][gc,heap        ] GC(66) Eden regions: 570->0(568)
[363.259s][info][gc,heap        ] GC(66) Survivor regions: 44->46(77)
[363.259s][info][gc,heap        ] GC(66) Old regions: 261->268
[363.259s][info][gc,heap        ] GC(66) Humongous regions: 34->34
[363.259s][info][gc,metaspace   ] GC(66) Metaspace: 29772K(30208K)->29772K(30208K) NonClass: 24363K(24576K)->24363K(24576K) Class: 5409K(5632K)->5409K(5632K)
[363.260s][info][gc             ] GC(66) Pause Young (Normal) (G1 Evacuation Pause) 7225M->2740M(8192M) 166.599ms
[363.260s][info][gc,cpu         ] GC(66) User=1.31s Sys=0.00s Real=0.17s
...[366.460s][info][gc,start       ] GC(67) Pause Young (Normal) (G1 Evacuation Pause)
[366.460s][info][gc,task        ] GC(67) Using 8 workers of 8 for evacuation
[366.617s][info][gc,phases      ] GC(67)   Pre Evacuate Collection Set: 0.24ms
[366.617s][info][gc,phases      ] GC(67)   Merge Heap Roots: 0.47ms
[366.617s][info][gc,phases      ] GC(67)   Evacuate Collection Set: 154.56ms
[366.617s][info][gc,phases      ] GC(67)   Post Evacuate Collection Set: 1.01ms
[366.617s][info][gc,phases      ] GC(67)   Other: 0.07ms
[366.617s][info][gc,heap        ] GC(67) Eden regions: 568->0(569)
[366.617s][info][gc,heap        ] GC(67) Survivor regions: 46->45(77)
[366.617s][info][gc,heap        ] GC(67) Old regions: 268->275
[366.617s][info][gc,heap        ] GC(67) Humongous regions: 34->34
[366.617s][info][gc,metaspace   ] GC(67) Metaspace: 29772K(30208K)->29772K(30208K) NonClass: 24363K(24576K)->24363K(24576K) Class: 5409K(5632K)->5409K(5632K)
[366.617s][info][gc             ] GC(67) Pause Young (Normal) (G1 Evacuation Pause) 7284M->2783M(8192M) 156.487ms
[366.617s][info][gc,cpu         ] GC(67) User=1.24s Sys=0.00s Real=0.16s
. (rIR:aIR:PR = 11548:11583:11567) (tPR = 169786) [OK] 
   366s: Performing snapshot: (quiescence.....) (stop TxI) (stop BE) (saving... [376.265s][info][gc,start       ] GC(68) Pause Young (Concurrent Start) (G1 Humongous Allocation)
[376.265s][info][gc,task        ] GC(68) Using 8 workers of 8 for evacuation
[376.521s][info][gc,mmu         ] GC(68) MMU target violated: 201.0ms (200.0ms/201.0ms)
[376.521s][info][gc,phases      ] GC(68)   Pre Evacuate Collection Set: 0.31ms
[376.521s][info][gc,phases      ] GC(68)   Merge Heap Roots: 1.23ms
[376.521s][info][gc,phases      ] GC(68)   Evacuate Collection Set: 253.82ms
[376.521s][info][gc,phases      ] GC(68)   Post Evacuate Collection Set: 0.76ms
[376.521s][info][gc,phases      ] GC(68)   Other: 0.14ms
[376.521s][info][gc,heap        ] GC(68) Eden regions: 85->0(122)
[376.521s][info][gc,heap        ] GC(68) Survivor regions: 45->49(59)
[376.521s][info][gc,heap        ] GC(68) Old regions: 275->289
[376.521s][info][gc,heap        ] GC(68) Humongous regions: 179->90
[376.521s][info][gc,metaspace   ] GC(68) Metaspace: 29778K(30208K)->29778K(30208K) NonClass: 24368K(24576K)->24368K(24576K) Class: 5409K(5632K)->5409K(5632K)
[376.521s][info][gc             ] GC(68) Pause Young (Concurrent Start) (G1 Humongous Allocation) 4620M->3376M(8192M) 256.390ms
[376.521s][info][gc,cpu         ] GC(68) User=2.03s Sys=0.00s Real=0.25s
[376.521s][info][gc             ] GC(69) Concurrent Undo Cycle
[376.521s][info][gc,marking     ] GC(69) Concurrent Clear Claimed Marks
[376.521s][info][gc,marking     ] GC(69) Concurrent Clear Claimed Marks 0.064ms
[376.521s][info][gc,marking     ] GC(69) Concurrent Cleanup for Next Mark
[376.522s][info][gc,marking     ] GC(69) Concurrent Cleanup for Next Mark 0.452ms
[376.522s][info][gc             ] GC(69) Concurrent Undo Cycle 0.592ms
226638 Kb) (term) [376.553s][info][gc,start       ] GC(70) Pause Full (System.gc())
[376.553s][info][gc,task        ] GC(70) Using 8 workers of 8 for full compaction
[376.553s][info][gc,phases,start] GC(70) Phase 1: Mark live objects
[376.571s][info][gc,phases      ] GC(70) Phase 1: Mark live objects 18.226ms
[376.571s][info][gc,phases,start] GC(70) Phase 2: Prepare compaction
[376.575s][info][gc,phases      ] GC(70) Phase 2: Prepare compaction 3.837ms
[376.575s][info][gc,phases,start] GC(70) Phase 3: Adjust pointers
[376.586s][info][gc,phases      ] GC(70) Phase 3: Adjust pointers 10.250ms
[376.586s][info][gc,phases,start] GC(70) Phase 4: Compact heap
[376.589s][info][gc,phases      ] GC(70) Phase 4: Compact heap 3.703ms
[376.589s][info][gc,phases,start] GC(70) Phase 5: Reset Metadata
[376.593s][info][gc,phases      ] GC(70) Phase 5: Reset Metadata 4.045ms
[376.603s][info][gc,heap        ] GC(70) Eden regions: 1->0(614)
[376.603s][info][gc,heap        ] GC(70) Survivor regions: 49->0(59)
[376.603s][info][gc,heap        ] GC(70) Old regions: 289->14
[376.603s][info][gc,heap        ] GC(70) Humongous regions: 106->33
[376.603s][info][gc,metaspace   ] GC(70) Metaspace: 29778K(30208K)->29778K(30208K) NonClass: 24369K(24576K)->24369K(24576K) Class: 5409K(5632K)->5409K(5632K)
[376.603s][info][gc             ] GC(70) Pause Full (System.gc()) 3504M->333M(8192M) 49.917ms
[376.603s][info][gc,cpu         ] GC(70) User=0.32s Sys=0.01s Real=0.05s
(init) ...
   381s:       rampup IR =      0 ... (rIR:aIR:PR = 0:0:0) (tPR = 0) [OK] 
   384s:       rampup IR =   1155 .... (rIR:aIR:PR = 1155:1168:1168) (tPR = 17625) [OK] 
   388s:       rampup IR =   2310 .[391.102s][info][gc,start       ] GC(71) Pause Young (Normal) (G1 Evacuation Pause)
[391.102s][info][gc,task        ] GC(71) Using 8 workers of 8 for evacuation
[391.844s][info][gc,mmu         ] GC(71) MMU target violated: 201.0ms (200.0ms/201.0ms)
[391.845s][info][gc,phases      ] GC(71)   Pre Evacuate Collection Set: 0.24ms
[391.845s][info][gc,phases      ] GC(71)   Merge Heap Roots: 0.92ms
[391.845s][info][gc,phases      ] GC(71)   Evacuate Collection Set: 739.76ms
[391.845s][info][gc,phases      ] GC(71)   Post Evacuate Collection Set: 1.32ms
[391.845s][info][gc,phases      ] GC(71)   Other: 0.10ms
[391.845s][info][gc,heap        ] GC(71) Eden regions: 614->0(197)
[391.845s][info][gc,heap        ] GC(71) Survivor regions: 0->77(77)
[391.845s][info][gc,heap        ] GC(71) Old regions: 14->88
[391.845s][info][gc,heap        ] GC(71) Humongous regions: 86->81
[391.845s][info][gc,metaspace   ] GC(71) Metaspace: 29819K(30336K)->29819K(30336K) NonClass: 24407K(24704K)->24407K(24704K) Class: 5411K(5632K)->5411K(5632K)
[391.845s][info][gc             ] GC(71) Pause Young (Normal) (G1 Evacuation Pause) 5669M->1925M(8192M) 742.443ms
[391.845s][info][gc,cpu         ] GC(71) User=5.89s Sys=0.01s Real=0.75s
.... (rIR:aIR:PR = 2310:2311:2311) (tPR = 34751) [OK] 
   394s:       rampup IR =   3464 .[396.224s][info][gc,start       ] GC(72) Pause Young (Normal) (G1 Evacuation Pause)
[396.224s][info][gc,task        ] GC(72) Using 8 workers of 8 for evacuation
[396.562s][info][gc,mmu         ] GC(72) MMU target violated: 201.0ms (200.0ms/201.0ms)
[396.562s][info][gc,phases      ] GC(72)   Pre Evacuate Collection Set: 0.24ms
[396.562s][info][gc,phases      ] GC(72)   Merge Heap Roots: 0.58ms
[396.562s][info][gc,phases      ] GC(72)   Evacuate Collection Set: 335.65ms
[396.562s][info][gc,phases      ] GC(72)   Post Evacuate Collection Set: 0.76ms
[396.562s][info][gc,phases      ] GC(72)   Other: 0.10ms
[396.562s][info][gc,heap        ] GC(72) Eden regions: 210->0(172)
[396.562s][info][gc,heap        ] GC(72) Survivor regions: 77->15(36)
[396.562s][info][gc,heap        ] GC(72) Old regions: 88->167
[396.562s][info][gc,heap        ] GC(72) Humongous regions: 81->81
[396.562s][info][gc,metaspace   ] GC(72) Metaspace: 29834K(30336K)->29834K(30336K) NonClass: 24422K(24704K)->24422K(24704K) Class: 5411K(5632K)->5411K(5632K)
[396.562s][info][gc             ] GC(72) Pause Young (Normal) (G1 Evacuation Pause) 3605M->2057M(8192M) 337.445ms
[396.562s][info][gc,cpu         ] GC(72) User=2.67s Sys=0.00s Real=0.33s
... (rIR:aIR:PR = 3464:3438:3438) (tPR = 51635) [OK] 
   398s:       rampup IR =   4619 .[399.957s][info][gc,start       ] GC(73) Pause Young (Normal) (G1 Evacuation Pause)
[399.957s][info][gc,task        ] GC(73) Using 8 workers of 8 for evacuation
[400.033s][info][gc,phases      ] GC(73)   Pre Evacuate Collection Set: 0.24ms
[400.033s][info][gc,phases      ] GC(73)   Merge Heap Roots: 0.38ms
[400.034s][info][gc,phases      ] GC(73)   Evacuate Collection Set: 75.16ms
[400.034s][info][gc,phases      ] GC(73)   Post Evacuate Collection Set: 0.69ms
[400.034s][info][gc,phases      ] GC(73)   Other: 0.06ms
[400.034s][info][gc,heap        ] GC(73) Eden regions: 205->0(170)
[400.034s][info][gc,heap        ] GC(73) Survivor regions: 15->24(28)
[400.034s][info][gc,heap        ] GC(73) Old regions: 167->167
[400.034s][info][gc,heap        ] GC(73) Humongous regions: 81->81
[400.034s][info][gc,metaspace   ] GC(73) Metaspace: 29844K(30336K)->29844K(30336K) NonClass: 24432K(24704K)->24432K(24704K) Class: 5411K(5632K)->5411K(5632K)
[400.034s][info][gc             ] GC(73) Pause Young (Normal) (G1 Evacuation Pause) 3697M->2133M(8192M) 76.652ms
[400.034s][info][gc,cpu         ] GC(73) User=0.60s Sys=0.00s Real=0.08s
..[402.786s][info][gc,start       ] GC(74) Pause Young (Normal) (G1 Evacuation Pause)
[402.786s][info][gc,task        ] GC(74) Using 8 workers of 8 for evacuation
[402.883s][info][gc,phases      ] GC(74)   Pre Evacuate Collection Set: 0.23ms
[402.883s][info][gc,phases      ] GC(74)   Merge Heap Roots: 0.39ms
[402.883s][info][gc,phases      ] GC(74)   Evacuate Collection Set: 95.84ms
[402.883s][info][gc,phases      ] GC(74)   Post Evacuate Collection Set: 0.54ms
[402.883s][info][gc,phases      ] GC(74)   Other: 0.05ms
[402.883s][info][gc,heap        ] GC(74) Eden regions: 195->0(195)
[402.883s][info][gc,heap        ] GC(74) Survivor regions: 24->25(28)
[402.883s][info][gc,heap        ] GC(74) Old regions: 167->176
[402.883s][info][gc,heap        ] GC(74) Humongous regions: 81->81
[402.883s][info][gc,metaspace   ] GC(74) Metaspace: 29844K(30336K)->29844K(30336K) NonClass: 24432K(24704K)->24432K(24704K) Class: 5411K(5632K)->5411K(5632K)
[402.883s][info][gc             ] GC(74) Pause Young (Normal) (G1 Evacuation Pause) 3693M->2209M(8192M) 97.214ms
[402.883s][info][gc,cpu         ] GC(74) User=0.76s Sys=0.00s Real=0.10s
. (rIR:aIR:PR = 4619:4483:4501) (tPR = 66578) [OK] 
   402s:       rampup IR =   5774 ..[405.476s][info][gc,start       ] GC(75) Pause Young (Normal) (G1 Evacuation Pause)
[405.477s][info][gc,task        ] GC(75) Using 8 workers of 8 for evacuation
[405.575s][info][gc,phases      ] GC(75)   Pre Evacuate Collection Set: 0.26ms
[405.575s][info][gc,phases      ] GC(75)   Merge Heap Roots: 0.37ms
[405.575s][info][gc,phases      ] GC(75)   Evacuate Collection Set: 96.75ms
[405.575s][info][gc,phases      ] GC(75)   Post Evacuate Collection Set: 0.66ms
[405.575s][info][gc,phases      ] GC(75)   Other: 0.06ms
[405.575s][info][gc,heap        ] GC(75) Eden regions: 221->0(228)
[405.575s][info][gc,heap        ] GC(75) Survivor regions: 25->26(31)
[405.575s][info][gc,heap        ] GC(75) Old regions: 176->185
[405.575s][info][gc,heap        ] GC(75) Humongous regions: 81->81
[405.575s][info][gc,metaspace   ] GC(75) Metaspace: 29845K(30336K)->29845K(30336K) NonClass: 24433K(24704K)->24433K(24704K) Class: 5411K(5632K)->5411K(5632K)
[405.575s][info][gc             ] GC(75) Pause Young (Normal) (G1 Evacuation Pause) 3977M->2285M(8192M) 98.220ms
[405.575s][info][gc,cpu         ] GC(75) User=0.77s Sys=0.00s Real=0.10s
.. (rIR:aIR:PR = 5774:5841:5841) (tPR = 87238) [OK] 
   406s:       rampup IR =   6929 .[408.426s][info][gc,start       ] GC(76) Pause Young (Normal) (G1 Evacuation Pause)
[408.427s][info][gc,task        ] GC(76) Using 8 workers of 8 for evacuation
[408.527s][info][gc,phases      ] GC(76)   Pre Evacuate Collection Set: 0.24ms
[408.527s][info][gc,phases      ] GC(76)   Merge Heap Roots: 0.41ms
[408.527s][info][gc,phases      ] GC(76)   Evacuate Collection Set: 99.47ms
[408.527s][info][gc,phases      ] GC(76)   Post Evacuate Collection Set: 0.76ms
[408.528s][info][gc,phases      ] GC(76)   Other: 0.06ms
[408.528s][info][gc,heap        ] GC(76) Eden regions: 278->0(316)
[408.528s][info][gc,heap        ] GC(76) Survivor regions: 26->28(38)
[408.528s][info][gc,heap        ] GC(76) Old regions: 185->192
[408.528s][info][gc,heap        ] GC(76) Humongous regions: 81->81
[408.528s][info][gc,metaspace   ] GC(76) Metaspace: 29848K(30336K)->29848K(30336K) NonClass: 24436K(24704K)->24436K(24704K) Class: 5411K(5632K)->5411K(5632K)
[408.528s][info][gc             ] GC(76) Pause Young (Normal) (G1 Evacuation Pause) 4509M->2365M(8192M) 101.076ms
[408.528s][info][gc,cpu         ] GC(76) User=0.80s Sys=0.00s Real=0.10s
... (rIR:aIR:PR = 6929:6979:6978) (tPR = 103668) [OK] 
   410s:       rampup IR =   8084 [411.726s][info][gc,start       ] GC(77) Pause Young (Normal) (G1 Evacuation Pause)
[411.726s][info][gc,task        ] GC(77) Using 8 workers of 8 for evacuation
[411.842s][info][gc,phases      ] GC(77)   Pre Evacuate Collection Set: 0.22ms
[411.842s][info][gc,phases      ] GC(77)   Merge Heap Roots: 0.39ms
[411.842s][info][gc,phases      ] GC(77)   Evacuate Collection Set: 114.95ms
[411.842s][info][gc,phases      ] GC(77)   Post Evacuate Collection Set: 0.88ms
[411.842s][info][gc,phases      ] GC(77)   Other: 0.06ms
[411.842s][info][gc,heap        ] GC(77) Eden regions: 348->0(349)
[411.842s][info][gc,heap        ] GC(77) Survivor regions: 28->32(47)
[411.842s][info][gc,heap        ] GC(77) Old regions: 192->199
[411.842s][info][gc,heap        ] GC(77) Humongous regions: 81->81
[411.842s][info][gc,metaspace   ] GC(77) Metaspace: 29848K(30336K)->29848K(30336K) NonClass: 24436K(24704K)->24436K(24704K) Class: 5411K(5632K)->5411K(5632K)
[411.842s][info][gc             ] GC(77) Pause Young (Normal) (G1 Evacuation Pause) 5149M->2450M(8192M) 116.620ms
[411.842s][info][gc,cpu         ] GC(77) User=0.92s Sys=0.00s Real=0.11s
...[414.842s][info][gc,start       ] GC(78) Pause Young (Normal) (G1 Evacuation Pause)
[414.842s][info][gc,task        ] GC(78) Using 8 workers of 8 for evacuation
[414.970s][info][gc,phases      ] GC(78)   Pre Evacuate Collection Set: 0.24ms
[414.970s][info][gc,phases      ] GC(78)   Merge Heap Roots: 0.46ms
[414.970s][info][gc,phases      ] GC(78)   Evacuate Collection Set: 125.96ms
[414.970s][info][gc,phases      ] GC(78)   Post Evacuate Collection Set: 0.81ms
[414.970s][info][gc,phases      ] GC(78)   Other: 0.06ms
[414.970s][info][gc,heap        ] GC(78) Eden regions: 372->0(375)
[414.970s][info][gc,heap        ] GC(78) Survivor regions: 32->36(51)
[414.970s][info][gc,heap        ] GC(78) Old regions: 199->206
[414.970s][info][gc,heap        ] GC(78) Humongous regions: 81->81
[414.970s][info][gc,metaspace   ] GC(78) Metaspace: 29848K(30336K)->29848K(30336K) NonClass: 24436K(24704K)->24436K(24704K) Class: 5411K(5632K)->5411K(5632K)
[414.970s][info][gc             ] GC(78) Pause Young (Normal) (G1 Evacuation Pause) 5426M->2538M(8192M) 127.662ms
[414.970s][info][gc,cpu         ] GC(78) User=1.01s Sys=0.00s Real=0.13s
.. (rIR:aIR:PR = 8084:8130:8131) (tPR = 118352) [OK] 
   415s:       rampup IR =   9238 ..[418.004s][info][gc,start       ] GC(79) Pause Young (Normal) (G1 Evacuation Pause)
[418.004s][info][gc,task        ] GC(79) Using 8 workers of 8 for evacuation
[418.138s][info][gc,phases      ] GC(79)   Pre Evacuate Collection Set: 0.23ms
[418.138s][info][gc,phases      ] GC(79)   Merge Heap Roots: 0.42ms
[418.138s][info][gc,phases      ] GC(79)   Evacuate Collection Set: 132.51ms
[418.138s][info][gc,phases      ] GC(79)   Post Evacuate Collection Set: 0.78ms
[418.138s][info][gc,phases      ] GC(79)   Other: 0.06ms
[418.138s][info][gc,heap        ] GC(79) Eden regions: 388->0(418)
[418.138s][info][gc,heap        ] GC(79) Survivor regions: 36->37(53)
[418.138s][info][gc,heap        ] GC(79) Old regions: 206->214
[418.138s][info][gc,heap        ] GC(79) Humongous regions: 81->81
[418.138s][info][gc,metaspace   ] GC(79) Metaspace: 29848K(30336K)->29848K(30336K) NonClass: 24436K(24704K)->24436K(24704K) Class: 5411K(5632K)->5411K(5632K)
[418.138s][info][gc             ] GC(79) Pause Young (Normal) (G1 Evacuation Pause) 5642M->2606M(8192M) 134.142ms
[418.138s][info][gc,cpu         ] GC(79) User=1.06s Sys=0.00s Real=0.13s
...[421.233s][info][gc,start       ] GC(80) Pause Young (Normal) (G1 Evacuation Pause)
[421.233s][info][gc,task        ] GC(80) Using 8 workers of 8 for evacuation
[421.364s][info][gc,phases      ] GC(80)   Pre Evacuate Collection Set: 0.26ms
[421.364s][info][gc,phases      ] GC(80)   Merge Heap Roots: 0.40ms
[421.364s][info][gc,phases      ] GC(80)   Evacuate Collection Set: 129.83ms
[421.364s][info][gc,phases      ] GC(80)   Post Evacuate Collection Set: 0.87ms
[421.364s][info][gc,phases      ] GC(80)   Other: 0.07ms
[421.364s][info][gc,heap        ] GC(80) Eden regions: 429->0(491)
[421.364s][info][gc,heap        ] GC(80) Survivor regions: 37->36(59)
[421.364s][info][gc,heap        ] GC(80) Old regions: 214->222
[421.364s][info][gc,heap        ] GC(80) Humongous regions: 81->81
[421.364s][info][gc,metaspace   ] GC(80) Metaspace: 29848K(30336K)->29848K(30336K) NonClass: 24436K(24704K)->24436K(24704K) Class: 5411K(5632K)->5411K(5632K)
[421.364s][info][gc             ] GC(80) Pause Young (Normal) (G1 Evacuation Pause) 6038M->2666M(8192M) 131.564ms
[421.365s][info][gc,cpu         ] GC(80) User=1.04s Sys=0.00s Real=0.14s
. (rIR:aIR:PR = 9238:8903:8913) (tPR = 133148) [OK] 
   421s:       rampup IR =  10393 ..[424.642s][info][gc,start       ] GC(81) Pause Young (Normal) (G1 Evacuation Pause)
[424.642s][info][gc,task        ] GC(81) Using 8 workers of 8 for evacuation
[424.786s][info][gc,phases      ] GC(81)   Pre Evacuate Collection Set: 0.26ms
[424.786s][info][gc,phases      ] GC(81)   Merge Heap Roots: 0.45ms
[424.786s][info][gc,phases      ] GC(81)   Evacuate Collection Set: 142.11ms
[424.786s][info][gc,phases      ] GC(81)   Post Evacuate Collection Set: 0.93ms
[424.786s][info][gc,phases      ] GC(81)   Other: 0.06ms
[424.786s][info][gc,heap        ] GC(81) Eden regions: 499->0(501)
[424.786s][info][gc,heap        ] GC(81) Survivor regions: 36->40(67)
[424.786s][info][gc,heap        ] GC(81) Old regions: 222->229
[424.786s][info][gc,heap        ] GC(81) Humongous regions: 81->81
[424.786s][info][gc,metaspace   ] GC(81) Metaspace: 29850K(30336K)->29850K(30336K) NonClass: 24438K(24704K)->24438K(24704K) Class: 5411K(5632K)->5411K(5632K)
[424.786s][info][gc             ] GC(81) Pause Young (Normal) (G1 Evacuation Pause) 6658M->2752M(8192M) 143.940ms
[424.786s][info][gc,cpu         ] GC(81) User=1.14s Sys=0.01s Real=0.15s
... (rIR:aIR:PR = 10393:10426:10445) (tPR = 150767) [OK] 
   426s:       rampup IR =  11548 [427.917s][info][gc,start       ] GC(82) Pause Young (Normal) (G1 Evacuation Pause)
[427.917s][info][gc,task        ] GC(82) Using 8 workers of 8 for evacuation
[428.064s][info][gc,phases      ] GC(82)   Pre Evacuate Collection Set: 0.24ms
[428.064s][info][gc,phases      ] GC(82)   Merge Heap Roots: 0.46ms
[428.064s][info][gc,phases      ] GC(82)   Evacuate Collection Set: 144.89ms
[428.064s][info][gc,phases      ] GC(82)   Post Evacuate Collection Set: 1.02ms
[428.064s][info][gc,phases      ] GC(82)   Other: 0.06ms
[428.064s][info][gc,heap        ] GC(82) Eden regions: 505->0(531)
[428.064s][info][gc,heap        ] GC(82) Survivor regions: 40->42(69)
[428.064s][info][gc,heap        ] GC(82) Old regions: 229->236
[428.064s][info][gc,heap        ] GC(82) Humongous regions: 81->81
[428.064s][info][gc,metaspace   ] GC(82) Metaspace: 29858K(30336K)->29858K(30336K) NonClass: 24446K(24704K)->24446K(24704K) Class: 5411K(5632K)->5411K(5632K)
[428.064s][info][gc             ] GC(82) Pause Young (Normal) (G1 Evacuation Pause) 6792M->2822M(8192M) 146.819ms
[428.064s][info][gc,cpu         ] GC(82) User=1.16s Sys=0.00s Real=0.15s
...[431.063s][info][gc,start       ] GC(83) Pause Young (Normal) (G1 Evacuation Pause)
[431.063s][info][gc,task        ] GC(83) Using 8 workers of 8 for evacuation
[431.214s][info][gc,phases      ] GC(83)   Pre Evacuate Collection Set: 0.25ms
[431.215s][info][gc,phases      ] GC(83)   Merge Heap Roots: 0.47ms
[431.215s][info][gc,phases      ] GC(83)   Evacuate Collection Set: 150.09ms
[431.215s][info][gc,phases      ] GC(83)   Post Evacuate Collection Set: 1.04ms
[431.215s][info][gc,phases      ] GC(83)   Other: 0.07ms
[431.215s][info][gc,heap        ] GC(83) Eden regions: 534->0(561)
[431.215s][info][gc,heap        ] GC(83) Survivor regions: 42->43(72)
[431.215s][info][gc,heap        ] GC(83) Old regions: 236->244
[431.215s][info][gc,heap        ] GC(83) Humongous regions: 81->81
[431.215s][info][gc,metaspace   ] GC(83) Metaspace: 29858K(30336K)->29858K(30336K) NonClass: 24446K(24704K)->24446K(24704K) Class: 5411K(5632K)->5411K(5632K)
[431.215s][info][gc             ] GC(83) Pause Young (Normal) (G1 Evacuation Pause) 7094M->2891M(8192M) 152.040ms
[431.215s][info][gc,cpu         ] GC(83) User=1.21s Sys=0.00s Real=0.16s
... (rIR:aIR:PR = 11548:11809:11805) (tPR = 178464) [OK] 
   433s:       trying IR =  11648 .[434.385s][info][gc,start       ] GC(84) Pause Young (Normal) (G1 Evacuation Pause)
[434.385s][info][gc,task        ] GC(84) Using 8 workers of 8 for evacuation
[434.537s][info][gc,phases      ] GC(84)   Pre Evacuate Collection Set: 0.26ms
[434.537s][info][gc,phases      ] GC(84)   Merge Heap Roots: 0.53ms
[434.537s][info][gc,phases      ] GC(84)   Evacuate Collection Set: 150.92ms
[434.537s][info][gc,phases      ] GC(84)   Post Evacuate Collection Set: 1.04ms
[434.537s][info][gc,phases      ] GC(84)   Other: 0.07ms
[434.537s][info][gc,heap        ] GC(84) Eden regions: 561->0(552)
[434.537s][info][gc,heap        ] GC(84) Survivor regions: 43->44(76)
[434.537s][info][gc,heap        ] GC(84) Old regions: 244->251
[434.537s][info][gc,heap        ] GC(84) Humongous regions: 81->81
[434.537s][info][gc,metaspace   ] GC(84) Metaspace: 29861K(30336K)->29861K(30336K) NonClass: 24449K(24704K)->24449K(24704K) Class: 5411K(5632K)->5411K(5632K)
[434.537s][info][gc             ] GC(84) Pause Young (Normal) (G1 Evacuation Pause) 7379M->2958M(8192M) 152.941ms
[434.538s][info][gc,cpu         ] GC(84) User=1.21s Sys=0.00s Real=0.15s
...[437.574s][info][gc,start       ] GC(85) Pause Young (Normal) (G1 Evacuation Pause)
[437.574s][info][gc,task        ] GC(85) Using 8 workers of 8 for evacuation
[437.728s][info][gc,phases      ] GC(85)   Pre Evacuate Collection Set: 0.26ms
[437.728s][info][gc,phases      ] GC(85)   Merge Heap Roots: 0.49ms
[437.728s][info][gc,phases      ] GC(85)   Evacuate Collection Set: 151.91ms
[437.728s][info][gc,phases      ] GC(85)   Post Evacuate Collection Set: 1.03ms
[437.728s][info][gc,phases      ] GC(85)   Other: 0.07ms
[437.728s][info][gc,heap        ] GC(85) Eden regions: 552->0(547)
[437.728s][info][gc,heap        ] GC(85) Survivor regions: 44->43(75)
[437.728s][info][gc,heap        ] GC(85) Old regions: 251->258
[437.728s][info][gc,heap        ] GC(85) Humongous regions: 81->81
[437.728s][info][gc,metaspace   ] GC(85) Metaspace: 29862K(30336K)->29862K(30336K) NonClass: 24450K(24704K)->24450K(24704K) Class: 5411K(5632K)->5411K(5632K)
[437.728s][info][gc             ] GC(85) Pause Young (Normal) (G1 Evacuation Pause) 7374M->3009M(8192M) 153.890ms
[437.728s][info][gc,cpu         ] GC(85) User=1.22s Sys=0.00s Real=0.15s
. (rIR:aIR:PR = 11648:11715:11277) (tPR = 165574) [OK] 
   438s:       trying IR =  11668 ..[440.913s][info][gc,start       ] GC(86) Pause Young (Normal) (G1 Evacuation Pause)
[440.913s][info][gc,task        ] GC(86) Using 8 workers of 8 for evacuation
[441.065s][info][gc,phases      ] GC(86)   Pre Evacuate Collection Set: 0.26ms
[441.065s][info][gc,phases      ] GC(86)   Merge Heap Roots: 0.46ms
[441.065s][info][gc,phases      ] GC(86)   Evacuate Collection Set: 149.69ms
[441.065s][info][gc,phases      ] GC(86)   Post Evacuate Collection Set: 0.97ms
[441.065s][info][gc,phases      ] GC(86)   Other: 0.06ms
[441.065s][info][gc,heap        ] GC(86) Eden regions: 547->0(540)
[441.065s][info][gc,heap        ] GC(86) Survivor regions: 43->43(74)
[441.065s][info][gc,heap        ] GC(86) Old regions: 258->265
[441.065s][info][gc,heap        ] GC(86) Humongous regions: 81->81
[441.065s][info][gc,metaspace   ] GC(86) Metaspace: 29862K(30336K)->29862K(30336K) NonClass: 24450K(24704K)->24450K(24704K) Class: 5411K(5632K)->5411K(5632K)
[441.065s][info][gc             ] GC(86) Pause Young (Normal) (G1 Evacuation Pause) 7385M->3065M(8192M) 151.579ms
[441.065s][info][gc,cpu         ] GC(86) User=1.20s Sys=0.00s Real=0.16s
...[444.047s][info][gc,start       ] GC(87) Pause Young (Normal) (G1 Evacuation Pause)
[444.047s][info][gc,task        ] GC(87) Using 8 workers of 8 for evacuation
[444.203s][info][gc,phases      ] GC(87)   Pre Evacuate Collection Set: 0.24ms
[444.203s][info][gc,phases      ] GC(87)   Merge Heap Roots: 0.50ms
[444.203s][info][gc,phases      ] GC(87)   Evacuate Collection Set: 154.71ms
[444.203s][info][gc,phases      ] GC(87)   Post Evacuate Collection Set: 1.00ms
[444.203s][info][gc,phases      ] GC(87)   Other: 0.06ms
[444.203s][info][gc,heap        ] GC(87) Eden regions: 540->0(530)
[444.203s][info][gc,heap        ] GC(87) Survivor regions: 43->44(73)
[444.203s][info][gc,heap        ] GC(87) Old regions: 265->273
[444.203s][info][gc,heap        ] GC(87) Humongous regions: 81->81
[444.203s][info][gc,metaspace   ] GC(87) Metaspace: 29864K(30336K)->29864K(30336K) NonClass: 24452K(24704K)->24452K(24704K) Class: 5411K(5632K)->5411K(5632K)
[444.203s][info][gc             ] GC(87) Pause Young (Normal) (G1 Evacuation Pause) 7385M->3134M(8192M) 156.646ms
[444.203s][info][gc,cpu         ] GC(87) User=1.24s Sys=0.00s Real=0.15s
...[447.203s][info][gc,start       ] GC(88) Pause Young (Normal) (G1 Evacuation Pause)
[447.203s][info][gc,task        ] GC(88) Using 8 workers of 8 for evacuation
[447.349s][info][gc,phases      ] GC(88)   Pre Evacuate Collection Set: 0.28ms
[447.349s][info][gc,phases      ] GC(88)   Merge Heap Roots: 0.48ms
[447.349s][info][gc,phases      ] GC(88)   Evacuate Collection Set: 144.47ms
[447.349s][info][gc,phases      ] GC(88)   Post Evacuate Collection Set: 0.98ms
[447.349s][info][gc,phases      ] GC(88)   Other: 0.06ms
[447.349s][info][gc,heap        ] GC(88) Eden regions: 530->0(526)
[447.349s][info][gc,heap        ] GC(88) Survivor regions: 44->42(72)
[447.349s][info][gc,heap        ] GC(88) Old regions: 273->281
[447.349s][info][gc,heap        ] GC(88) Humongous regions: 81->81
[447.349s][info][gc,metaspace   ] GC(88) Metaspace: 29864K(30336K)->29864K(30336K) NonClass: 24452K(24704K)->24452K(24704K) Class: 5411K(5632K)->5411K(5632K)
[447.349s][info][gc             ] GC(88) Pause Young (Normal) (G1 Evacuation Pause) 7374M->3180M(8192M) 146.395ms
[447.349s][info][gc,cpu         ] GC(88) User=1.16s Sys=0.00s Real=0.15s
. (rIR:aIR:PR = 11668:11467:11352) (tPR = 169027) [OK] 
   447s:       trying IR =  11692 ...[450.400s][info][gc,start       ] GC(89) Pause Young (Normal) (G1 Evacuation Pause)
[450.400s][info][gc,task        ] GC(89) Using 8 workers of 8 for evacuation
[450.546s][info][gc,phases      ] GC(89)   Pre Evacuate Collection Set: 0.28ms
[450.546s][info][gc,phases      ] GC(89)   Merge Heap Roots: 0.54ms
[450.546s][info][gc,phases      ] GC(89)   Evacuate Collection Set: 144.38ms
[450.546s][info][gc,phases      ] GC(89)   Post Evacuate Collection Set: 0.98ms
[450.546s][info][gc,phases      ] GC(89)   Other: 0.06ms
[450.546s][info][gc,heap        ] GC(89) Eden regions: 526->0(519)
[450.546s][info][gc,heap        ] GC(89) Survivor regions: 42->42(71)
[450.546s][info][gc,heap        ] GC(89) Old regions: 281->288
[450.546s][info][gc,heap        ] GC(89) Humongous regions: 81->81
[450.546s][info][gc,metaspace   ] GC(89) Metaspace: 29864K(30336K)->29864K(30336K) NonClass: 24452K(24704K)->24452K(24704K) Class: 5411K(5632K)->5411K(5632K)
[450.546s][info][gc             ] GC(89) Pause Young (Normal) (G1 Evacuation Pause) 7388M->3237M(8192M) 146.385ms
[450.547s][info][gc,cpu         ] GC(89) User=1.16s Sys=0.00s Real=0.15s
. (rIR:aIR:PR = 11692:11815:11658) (tPR = 176051) [OK] 
   451s:       trying IR =  11721 ..[453.401s][info][gc,start       ] GC(90) Pause Young (Normal) (G1 Evacuation Pause)
[453.401s][info][gc,task        ] GC(90) Using 8 workers of 8 for evacuation
[453.548s][info][gc,phases      ] GC(90)   Pre Evacuate Collection Set: 0.27ms
[453.548s][info][gc,phases      ] GC(90)   Merge Heap Roots: 0.47ms
[453.548s][info][gc,phases      ] GC(90)   Evacuate Collection Set: 144.50ms
[453.548s][info][gc,phases      ] GC(90)   Post Evacuate Collection Set: 1.02ms
[453.548s][info][gc,phases      ] GC(90)   Other: 0.06ms
[453.548s][info][gc,heap        ] GC(90) Eden regions: 519->0(512)
[453.548s][info][gc,heap        ] GC(90) Survivor regions: 42->42(71)
[453.548s][info][gc,heap        ] GC(90) Old regions: 288->295
[453.548s][info][gc,heap        ] GC(90) Humongous regions: 81->81
[453.548s][info][gc,metaspace   ] GC(90) Metaspace: 29864K(30336K)->29864K(30336K) NonClass: 24452K(24704K)->24452K(24704K) Class: 5411K(5632K)->5411K(5632K)
[453.548s][info][gc             ] GC(90) Pause Young (Normal) (G1 Evacuation Pause) 7389M->3297M(8192M) 146.442ms
[453.548s][info][gc,cpu         ] GC(90) User=1.16s Sys=0.00s Real=0.15s
.. (rIR:aIR:PR = 11721:11483:11483) (tPR = 169241) [OK] 
   455s:       trying IR =  11755 .[456.500s][info][gc,start       ] GC(91) Pause Young (Normal) (G1 Evacuation Pause)
[456.501s][info][gc,task        ] GC(91) Using 8 workers of 8 for evacuation
[456.651s][info][gc,phases      ] GC(91)   Pre Evacuate Collection Set: 0.27ms
[456.651s][info][gc,phases      ] GC(91)   Merge Heap Roots: 0.47ms
[456.651s][info][gc,phases      ] GC(91)   Evacuate Collection Set: 148.26ms
[456.651s][info][gc,phases      ] GC(91)   Post Evacuate Collection Set: 0.97ms
[456.651s][info][gc,phases      ] GC(91)   Other: 0.06ms
[456.651s][info][gc,heap        ] GC(91) Eden regions: 512->0(504)
[456.651s][info][gc,heap        ] GC(91) Survivor regions: 42->42(70)
[456.651s][info][gc,heap        ] GC(91) Old regions: 295->303
[456.651s][info][gc,heap        ] GC(91) Humongous regions: 81->81
[456.651s][info][gc,metaspace   ] GC(91) Metaspace: 29866K(30336K)->29866K(30336K) NonClass: 24454K(24704K)->24454K(24704K) Class: 5411K(5632K)->5411K(5632K)
[456.651s][info][gc             ] GC(91) Pause Young (Normal) (G1 Evacuation Pause) 7393M->3361M(8192M) 150.154ms
[456.651s][info][gc,cpu         ] GC(91) User=1.19s Sys=0.00s Real=0.15s
...[459.511s][info][gc,start       ] GC(92) Pause Young (Normal) (G1 Evacuation Pause)
[459.511s][info][gc,task        ] GC(92) Using 8 workers of 8 for evacuation
[459.660s][info][gc,phases      ] GC(92)   Pre Evacuate Collection Set: 0.28ms
[459.660s][info][gc,phases      ] GC(92)   Merge Heap Roots: 0.50ms
[459.660s][info][gc,phases      ] GC(92)   Evacuate Collection Set: 146.56ms
[459.660s][info][gc,phases      ] GC(92)   Post Evacuate Collection Set: 0.99ms
[459.660s][info][gc,phases      ] GC(92)   Other: 0.06ms
[459.660s][info][gc,heap        ] GC(92) Eden regions: 504->0(496)
[459.660s][info][gc,heap        ] GC(92) Survivor regions: 42->42(69)
[459.660s][info][gc,heap        ] GC(92) Old regions: 303->311
[459.660s][info][gc,heap        ] GC(92) Humongous regions: 81->81
[459.660s][info][gc,metaspace   ] GC(92) Metaspace: 29867K(30336K)->29867K(30336K) NonClass: 24456K(24704K)->24456K(24704K) Class: 5411K(5632K)->5411K(5632K)
[459.660s][info][gc             ] GC(92) Pause Young (Normal) (G1 Evacuation Pause) 7393M->3424M(8192M) 148.523ms
[459.660s][info][gc,cpu         ] GC(92) User=1.18s Sys=0.00s Real=0.15s
. (rIR:aIR:PR = 11755:11473:11354) (tPR = 167942) [OK] 
   460s:       trying IR =  11797 ..[462.419s][info][gc,start       ] GC(93) Pause Young (Normal) (G1 Evacuation Pause)
[462.419s][info][gc,task        ] GC(93) Using 8 workers of 8 for evacuation
[462.572s][info][gc,phases      ] GC(93)   Pre Evacuate Collection Set: 0.26ms
[462.572s][info][gc,phases      ] GC(93)   Merge Heap Roots: 0.46ms
[462.572s][info][gc,phases      ] GC(93)   Evacuate Collection Set: 150.80ms
[462.572s][info][gc,phases      ] GC(93)   Post Evacuate Collection Set: 0.91ms
[462.572s][info][gc,phases      ] GC(93)   Other: 0.07ms
[462.572s][info][gc,heap        ] GC(93) Eden regions: 496->0(486)
[462.572s][info][gc,heap        ] GC(93) Survivor regions: 42->43(68)
[462.572s][info][gc,heap        ] GC(93) Old regions: 311->319
[462.572s][info][gc,heap        ] GC(93) Humongous regions: 81->81
[462.572s][info][gc,metaspace   ] GC(93) Metaspace: 29868K(30336K)->29868K(30336K) NonClass: 24456K(24704K)->24456K(24704K) Class: 5411K(5632K)->5411K(5632K)
[462.572s][info][gc             ] GC(93) Pause Young (Normal) (G1 Evacuation Pause) 7392M->3490M(8192M) 152.629ms
[462.572s][info][gc,cpu         ] GC(93) User=1.21s Sys=0.00s Real=0.15s
.. (rIR:aIR:PR = 11797:11917:11891) (tPR = 178503) [OK] 
   464s:       trying IR =  11847 [465.216s][info][gc,start       ] GC(94) Pause Young (Normal) (G1 Evacuation Pause)
[465.216s][info][gc,task        ] GC(94) Using 8 workers of 8 for evacuation
[465.360s][info][gc,phases      ] GC(94)   Pre Evacuate Collection Set: 0.25ms
[465.360s][info][gc,phases      ] GC(94)   Merge Heap Roots: 0.50ms
[465.360s][info][gc,phases      ] GC(94)   Evacuate Collection Set: 142.19ms
[465.360s][info][gc,phases      ] GC(94)   Post Evacuate Collection Set: 0.96ms
[465.360s][info][gc,phases      ] GC(94)   Other: 0.06ms
[465.360s][info][gc,heap        ] GC(94) Eden regions: 486->0(485)
[465.360s][info][gc,heap        ] GC(94) Survivor regions: 43->40(67)
[465.360s][info][gc,heap        ] GC(94) Old regions: 319->326
[465.360s][info][gc,heap        ] GC(94) Humongous regions: 81->81
[465.360s][info][gc,metaspace   ] GC(94) Metaspace: 29870K(30336K)->29870K(30336K) NonClass: 24458K(24704K)->24458K(24704K) Class: 5411K(5632K)->5411K(5632K)
[465.361s][info][gc             ] GC(94) Pause Young (Normal) (G1 Evacuation Pause) 7378M->3533M(8192M) 144.105ms
[465.361s][info][gc,cpu         ] GC(94) User=1.14s Sys=0.00s Real=0.14s
...[467.999s][info][gc,start       ] GC(95) Pause Young (Normal) (G1 Evacuation Pause)
[467.999s][info][gc,task        ] GC(95) Using 8 workers of 8 for evacuation
[468.146s][info][gc,phases      ] GC(95)   Pre Evacuate Collection Set: 0.26ms
[468.146s][info][gc,phases      ] GC(95)   Merge Heap Roots: 0.47ms
[468.146s][info][gc,phases      ] GC(95)   Evacuate Collection Set: 144.90ms
[468.146s][info][gc,phases      ] GC(95)   Post Evacuate Collection Set: 1.00ms
[468.146s][info][gc,phases      ] GC(95)   Other: 0.06ms
[468.146s][info][gc,heap        ] GC(95) Eden regions: 485->0(475)
[468.146s][info][gc,heap        ] GC(95) Survivor regions: 40->41(66)
[468.146s][info][gc,heap        ] GC(95) Old regions: 326->334
[468.146s][info][gc,heap        ] GC(95) Humongous regions: 81->81
[468.146s][info][gc,metaspace   ] GC(95) Metaspace: 29870K(30336K)->29870K(30336K) NonClass: 24458K(24704K)->24458K(24704K) Class: 5411K(5632K)->5411K(5632K)
[468.146s][info][gc             ] GC(95) Pause Young (Normal) (G1 Evacuation Pause) 7413M->3599M(8192M) 146.814ms
[468.146s][info][gc,cpu         ] GC(95) User=1.16s Sys=0.00s Real=0.15s
... (rIR:aIR:PR = 11847:12202:12433) (tPR = 187258) [OK] 
   470s:       trying IR =  11906 [470.700s][info][gc,start       ] GC(96) Pause Young (Normal) (G1 Evacuation Pause)
[470.700s][info][gc,task        ] GC(96) Using 8 workers of 8 for evacuation
[470.847s][info][gc,phases      ] GC(96)   Pre Evacuate Collection Set: 0.27ms
[470.847s][info][gc,phases      ] GC(96)   Merge Heap Roots: 0.48ms
[470.847s][info][gc,phases      ] GC(96)   Evacuate Collection Set: 145.50ms
[470.847s][info][gc,phases      ] GC(96)   Post Evacuate Collection Set: 0.98ms
[470.847s][info][gc,phases      ] GC(96)   Other: 0.06ms
[470.847s][info][gc,heap        ] GC(96) Eden regions: 475->0(469)
[470.847s][info][gc,heap        ] GC(96) Survivor regions: 41->40(65)
[470.847s][info][gc,heap        ] GC(96) Old regions: 334->342
[470.847s][info][gc,heap        ] GC(96) Humongous regions: 81->81
[470.847s][info][gc,metaspace   ] GC(96) Metaspace: 29870K(30336K)->29870K(30336K) NonClass: 24458K(24704K)->24458K(24704K) Class: 5411K(5632K)->5411K(5632K)
[470.847s][info][gc             ] GC(96) Pause Young (Normal) (G1 Evacuation Pause) 7399M->3656M(8192M) 147.426ms
[470.847s][info][gc,cpu         ] GC(96) User=1.17s Sys=0.00s Real=0.15s
...[473.438s][info][gc,start       ] GC(97) Pause Young (Normal) (G1 Evacuation Pause)
[473.438s][info][gc,task        ] GC(97) Using 8 workers of 8 for evacuation
[473.581s][info][gc,phases      ] GC(97)   Pre Evacuate Collection Set: 0.26ms
[473.581s][info][gc,phases      ] GC(97)   Merge Heap Roots: 0.47ms
[473.581s][info][gc,phases      ] GC(97)   Evacuate Collection Set: 140.67ms
[473.581s][info][gc,phases      ] GC(97)   Post Evacuate Collection Set: 0.92ms
[473.581s][info][gc,phases      ] GC(97)   Other: 0.06ms
[473.581s][info][gc,heap        ] GC(97) Eden regions: 469->0(461)
[473.581s][info][gc,heap        ] GC(97) Survivor regions: 40->40(64)
[473.581s][info][gc,heap        ] GC(97) Old regions: 342->350
[473.581s][info][gc,heap        ] GC(97) Humongous regions: 81->81
[473.581s][info][gc,metaspace   ] GC(97) Metaspace: 29870K(30336K)->29870K(30336K) NonClass: 24458K(24704K)->24458K(24704K) Class: 5411K(5632K)->5411K(5632K)
[473.581s][info][gc             ] GC(97) Pause Young (Normal) (G1 Evacuation Pause) 7408M->3716M(8192M) 142.503ms
[473.581s][info][gc,cpu         ] GC(97) User=1.13s Sys=0.00s Real=0.14s
.. (rIR:aIR:PR = 11906:11798:12162) (tPR = 180906) [OK] 
   475s:       trying IR =  11978 [476.132s][info][gc,start       ] GC(98) Pause Young (Normal) (G1 Evacuation Pause)
[476.132s][info][gc,task        ] GC(98) Using 8 workers of 8 for evacuation
[476.275s][info][gc,phases      ] GC(98)   Pre Evacuate Collection Set: 0.25ms
[476.275s][info][gc,phases      ] GC(98)   Merge Heap Roots: 0.50ms
[476.275s][info][gc,phases      ] GC(98)   Evacuate Collection Set: 140.91ms
[476.275s][info][gc,phases      ] GC(98)   Post Evacuate Collection Set: 0.95ms
[476.275s][info][gc,phases      ] GC(98)   Other: 0.06ms
[476.275s][info][gc,heap        ] GC(98) Eden regions: 461->0(455)
[476.275s][info][gc,heap        ] GC(98) Survivor regions: 40->39(63)
[476.275s][info][gc,heap        ] GC(98) Old regions: 350->358
[476.275s][info][gc,heap        ] GC(98) Humongous regions: 81->81
[476.275s][info][gc,metaspace   ] GC(98) Metaspace: 29870K(30336K)->29870K(30336K) NonClass: 24458K(24704K)->24458K(24704K) Class: 5411K(5632K)->5411K(5632K)
[476.275s][info][gc             ] GC(98) Pause Young (Normal) (G1 Evacuation Pause) 7404M->3772M(8192M) 142.812ms
[476.275s][info][gc,cpu         ] GC(98) User=1.13s Sys=0.01s Real=0.15s
...[478.710s][info][gc,start       ] GC(99) Pause Young (Normal) (G1 Evacuation Pause)
[478.710s][info][gc,task        ] GC(99) Using 8 workers of 8 for evacuation
[478.859s][info][gc,phases      ] GC(99)   Pre Evacuate Collection Set: 0.24ms
[478.859s][info][gc,phases      ] GC(99)   Merge Heap Roots: 0.51ms
[478.859s][info][gc,phases      ] GC(99)   Evacuate Collection Set: 147.08ms
[478.859s][info][gc,phases      ] GC(99)   Post Evacuate Collection Set: 0.86ms
[478.859s][info][gc,phases      ] GC(99)   Other: 0.07ms
[478.859s][info][gc,heap        ] GC(99) Eden regions: 455->0(443)
[478.859s][info][gc,heap        ] GC(99) Survivor regions: 39->41(62)
[478.859s][info][gc,heap        ] GC(99) Old regions: 358->366
[478.859s][info][gc,heap        ] GC(99) Humongous regions: 81->81
[478.859s][info][gc,metaspace   ] GC(99) Metaspace: 29870K(30336K)->29870K(30336K) NonClass: 24459K(24704K)->24459K(24704K) Class: 5411K(5632K)->5411K(5632K)
[478.859s][info][gc             ] GC(99) Pause Young (Normal) (G1 Evacuation Pause) 7412M->3852M(8192M) 148.875ms
[478.859s][info][gc,cpu         ] GC(99) User=1.18s Sys=0.00s Real=0.15s
..[481.201s][info][gc,start       ] GC(100) Pause Young (Normal) (G1 Evacuation Pause)
[481.201s][info][gc,task        ] GC(100) Using 8 workers of 8 for evacuation
[481.344s][info][gc,phases      ] GC(100)   Pre Evacuate Collection Set: 0.24ms
[481.344s][info][gc,phases      ] GC(100)   Merge Heap Roots: 0.50ms
[481.344s][info][gc,phases      ] GC(100)   Evacuate Collection Set: 141.42ms
[481.344s][info][gc,phases      ] GC(100)   Post Evacuate Collection Set: 0.86ms
[481.344s][info][gc,phases      ] GC(100)   Other: 0.06ms
[481.344s][info][gc,heap        ] GC(100) Eden regions: 443->0(439)
[481.344s][info][gc,heap        ] GC(100) Survivor regions: 41->39(61)
[481.344s][info][gc,heap        ] GC(100) Old regions: 366->374
[481.344s][info][gc,heap        ] GC(100) Humongous regions: 81->81
[481.344s][info][gc,metaspace   ] GC(100) Metaspace: 29870K(30336K)->29870K(30336K) NonClass: 24459K(24704K)->24459K(24704K) Class: 5411K(5632K)->5411K(5632K)
[481.344s][info][gc             ] GC(100) Pause Young (Normal) (G1 Evacuation Pause) 7396M->3909M(8192M) 143.220ms
[481.344s][info][gc,cpu         ] GC(100) User=1.14s Sys=0.00s Real=0.15s
. (rIR:aIR:PR = 11978:12099:11971) (tPR = 174442) [OK] 
   481s:       trying IR =  12064 ..[483.828s][info][gc,start       ] GC(101) Pause Young (Normal) (G1 Evacuation Pause)
[483.828s][info][gc,task        ] GC(101) Using 8 workers of 8 for evacuation
[483.973s][info][gc,phases      ] GC(101)   Pre Evacuate Collection Set: 0.24ms
[483.973s][info][gc,phases      ] GC(101)   Merge Heap Roots: 0.48ms
[483.973s][info][gc,phases      ] GC(101)   Evacuate Collection Set: 143.02ms
[483.973s][info][gc,phases      ] GC(101)   Post Evacuate Collection Set: 0.84ms
[483.973s][info][gc,phases      ] GC(101)   Other: 0.06ms
[483.973s][info][gc,heap        ] GC(101) Eden regions: 439->0(431)
[483.973s][info][gc,heap        ] GC(101) Survivor regions: 39->39(60)
[483.973s][info][gc,heap        ] GC(101) Old regions: 374->382
[483.973s][info][gc,heap        ] GC(101) Humongous regions: 81->81
[483.973s][info][gc,metaspace   ] GC(101) Metaspace: 29870K(30336K)->29870K(30336K) NonClass: 24459K(24704K)->24459K(24704K) Class: 5411K(5632K)->5411K(5632K)
[483.973s][info][gc             ] GC(101) Pause Young (Normal) (G1 Evacuation Pause) 7421M->3973M(8192M) 144.764ms
[483.973s][info][gc,cpu         ] GC(101) User=1.15s Sys=0.00s Real=0.14s
..[486.231s][info][gc,start       ] GC(102) Pause Young (Concurrent Start) (G1 Evacuation Pause)
[486.231s][info][gc,task        ] GC(102) Using 8 workers of 8 for evacuation
[486.369s][info][gc,phases      ] GC(102)   Pre Evacuate Collection Set: 0.28ms
[486.369s][info][gc,phases      ] GC(102)   Merge Heap Roots: 0.47ms
[486.369s][info][gc,phases      ] GC(102)   Evacuate Collection Set: 136.67ms
[486.369s][info][gc,phases      ] GC(102)   Post Evacuate Collection Set: 0.87ms
[486.369s][info][gc,phases      ] GC(102)   Other: 0.08ms
[486.369s][info][gc,heap        ] GC(102) Eden regions: 431->0(425)
[486.369s][info][gc,heap        ] GC(102) Survivor regions: 39->38(59)
[486.369s][info][gc,heap        ] GC(102) Old regions: 382->390
[486.369s][info][gc,heap        ] GC(102) Humongous regions: 81->81
[486.369s][info][gc,metaspace   ] GC(102) Metaspace: 29870K(30336K)->29870K(30336K) NonClass: 24459K(24704K)->24459K(24704K) Class: 5411K(5632K)->5411K(5632K)
[486.369s][info][gc             ] GC(102) Pause Young (Concurrent Start) (G1 Evacuation Pause) 7421M->4025M(8192M) 138.507ms
[486.370s][info][gc             ] GC(103) Concurrent Mark Cycle
[486.370s][info][gc,marking     ] GC(103) Concurrent Scan Root Regions
[486.370s][info][gc,cpu         ] GC(102) User=1.09s Sys=0.00s Real=0.14s
.[486.705s][info][gc,marking     ] GC(103) Concurrent Scan Root Regions 335.613ms
[486.705s][info][gc,marking     ] GC(103) Concurrent Mark
[486.705s][info][gc,marking     ] GC(103) Concurrent Mark From Roots
[486.705s][info][gc,task        ] GC(103) Using 2 workers of 2 for marking
.[488.180s][info][gc,marking     ] GC(103) Concurrent Mark From Roots 1475.238ms
[488.180s][info][gc,marking     ] GC(103) Concurrent Preclean
[488.181s][info][gc,marking     ] GC(103) Concurrent Preclean 0.437ms
[488.181s][info][gc,start       ] GC(103) Pause Remark
[488.184s][info][gc             ] GC(103) Pause Remark 6041M->4793M(8192M) 2.813ms
[488.184s][info][gc,cpu         ] GC(103) User=0.01s Sys=0.00s Real=0.01s
[488.184s][info][gc,marking     ] GC(103) Concurrent Mark 1478.797ms
[488.184s][info][gc,marking     ] GC(103) Concurrent Rebuild Remembered Sets and Scrub Regions
.[489.034s][info][gc,marking     ] GC(103) Concurrent Rebuild Remembered Sets and Scrub Regions 849.762ms
[489.034s][info][gc,start       ] GC(103) Pause Cleanup
[489.034s][info][gc             ] GC(103) Pause Cleanup 5906M->5906M(8192M) 0.306ms
[489.034s][info][gc,cpu         ] GC(103) User=0.00s Sys=0.00s Real=0.00s
[489.034s][info][gc,marking     ] GC(103) Concurrent Clear Claimed Marks
[489.034s][info][gc,marking     ] GC(103) Concurrent Clear Claimed Marks 0.048ms
[489.034s][info][gc,marking     ] GC(103) Concurrent Cleanup for Next Mark
[489.044s][info][gc,marking     ] GC(103) Concurrent Cleanup for Next Mark 9.856ms
[489.044s][info][gc             ] GC(103) Concurrent Mark Cycle 2674.841ms
[489.206s][info][gc,start       ] GC(104) Pause Young (Prepare Mixed) (G1 Evacuation Pause)
[489.206s][info][gc,task        ] GC(104) Using 8 workers of 8 for evacuation
[489.355s][info][gc,phases      ] GC(104)   Pre Evacuate Collection Set: 0.24ms
[489.355s][info][gc,phases      ] GC(104)   Merge Heap Roots: 0.70ms
[489.355s][info][gc,phases      ] GC(104)   Evacuate Collection Set: 147.19ms
[489.355s][info][gc,phases      ] GC(104)   Post Evacuate Collection Set: 0.99ms
[489.355s][info][gc,phases      ] GC(104)   Other: 0.07ms
[489.355s][info][gc,heap        ] GC(104) Eden regions: 425->0(568)
[489.355s][info][gc,heap        ] GC(104) Survivor regions: 38->40(58)
[489.355s][info][gc,heap        ] GC(104) Old regions: 282->291
[489.355s][info][gc,heap        ] GC(104) Humongous regions: 33->33
[489.355s][info][gc,metaspace   ] GC(104) Metaspace: 29870K(30336K)->29870K(30336K) NonClass: 24459K(24704K)->24459K(24704K) Class: 5411K(5632K)->5411K(5632K)
[489.355s][info][gc             ] GC(104) Pause Young (Prepare Mixed) (G1 Evacuation Pause) 6177M->2865M(8192M) 149.305ms
[489.355s][info][gc,cpu         ] GC(104) User=1.19s Sys=0.00s Real=0.15s
...[492.178s][info][gc,start       ] GC(105) Pause Young (Mixed) (G1 Evacuation Pause)
[492.179s][info][gc,task        ] GC(105) Using 8 workers of 8 for evacuation
[492.325s][info][gc,phases      ] GC(105)   Pre Evacuate Collection Set: 0.24ms
[492.325s][info][gc,phases      ] GC(105)   Merge Heap Roots: 0.67ms
[492.325s][info][gc,phases      ] GC(105)   Evacuate Collection Set: 144.57ms
[492.325s][info][gc,phases      ] GC(105)   Post Evacuate Collection Set: 1.25ms
[492.325s][info][gc,phases      ] GC(105)   Other: 0.07ms
[492.325s][info][gc,heap        ] GC(105) Eden regions: 568->0(573)
[492.325s][info][gc,heap        ] GC(105) Survivor regions: 40->41(76)
[492.325s][info][gc,heap        ] GC(105) Old regions: 291->277
[492.325s][info][gc,heap        ] GC(105) Humongous regions: 33->33
[492.325s][info][gc,metaspace   ] GC(105) Metaspace: 29870K(30336K)->29870K(30336K) NonClass: 24459K(24704K)->24459K(24704K) Class: 5411K(5632K)->5411K(5632K)
[492.325s][info][gc             ] GC(105) Pause Young (Mixed) (G1 Evacuation Pause) 7409M->2759M(8192M) 146.929ms
[492.325s][info][gc,cpu         ] GC(105) User=1.17s Sys=0.00s Real=0.15s
... (rIR:aIR:PR = 12064:12272:11755) (tPR = 173525) [OK] 
   494s:       trying IR =  12167 [495.256s][info][gc,start       ] GC(106) Pause Young (Mixed) (G1 Evacuation Pause)
[495.256s][info][gc,task        ] GC(106) Using 8 workers of 8 for evacuation
[495.418s][info][gc,phases      ] GC(106)   Pre Evacuate Collection Set: 0.26ms
[495.418s][info][gc,phases      ] GC(106)   Merge Heap Roots: 0.71ms
[495.418s][info][gc,phases      ] GC(106)   Evacuate Collection Set: 159.04ms
[495.418s][info][gc,phases      ] GC(106)   Merge Optional Heap Roots: 0.04ms
[495.418s][info][gc,phases      ] GC(106)   Evacuate Optional Collection Set: 0.18ms
[495.418s][info][gc,phases      ] GC(106)   Post Evacuate Collection Set: 1.41ms
[495.418s][info][gc,phases      ] GC(106)   Other: 0.08ms
[495.418s][info][gc,heap        ] GC(106) Eden regions: 573->0(568)
[495.418s][info][gc,heap        ] GC(106) Survivor regions: 41->46(77)
[495.418s][info][gc,heap        ] GC(106) Old regions: 277->249
[495.418s][info][gc,heap        ] GC(106) Humongous regions: 33->33
[495.418s][info][gc,metaspace   ] GC(106) Metaspace: 29870K(30336K)->29870K(30336K) NonClass: 24459K(24704K)->24459K(24704K) Class: 5411K(5632K)->5411K(5632K)
[495.418s][info][gc             ] GC(106) Pause Young (Mixed) (G1 Evacuation Pause) 7343M->2573M(8192M) 161.882ms
[495.418s][info][gc,cpu         ] GC(106) User=1.28s Sys=0.00s Real=0.16s
...[498.210s][info][gc,start       ] GC(107) Pause Young (Mixed) (G1 Evacuation Pause)
[498.210s][info][gc,task        ] GC(107) Using 8 workers of 8 for evacuation
[498.370s][info][gc,phases      ] GC(107)   Pre Evacuate Collection Set: 0.24ms
[498.370s][info][gc,phases      ] GC(107)   Merge Heap Roots: 0.66ms
[498.370s][info][gc,phases      ] GC(107)   Evacuate Collection Set: 157.91ms
[498.370s][info][gc,phases      ] GC(107)   Post Evacuate Collection Set: 1.25ms
[498.370s][info][gc,phases      ] GC(107)   Other: 0.07ms
[498.370s][info][gc,heap        ] GC(107) Eden regions: 553->0(134)
[498.370s][info][gc,heap        ] GC(107) Survivor regions: 46->44(75)
[498.370s][info][gc,heap        ] GC(107) Old regions: 249->235
[498.370s][info][gc,heap        ] GC(107) Humongous regions: 33->33
[498.370s][info][gc,metaspace   ] GC(107) Metaspace: 29870K(30336K)->29870K(30336K) NonClass: 24459K(24704K)->24459K(24704K) Class: 5411K(5632K)->5411K(5632K)
[498.370s][info][gc             ] GC(107) Pause Young (Mixed) (G1 Evacuation Pause) 6997M->2454M(8192M) 160.258ms
[498.370s][info][gc,cpu         ] GC(107) User=1.27s Sys=0.00s Real=0.16s
.[499.260s][info][gc,start       ] GC(108) Pause Young (Mixed) (G1 Evacuation Pause)
[499.260s][info][gc,task        ] GC(108) Using 8 workers of 8 for evacuation
[499.403s][info][gc,phases      ] GC(108)   Pre Evacuate Collection Set: 0.23ms
[499.403s][info][gc,phases      ] GC(108)   Merge Heap Roots: 0.66ms
[499.403s][info][gc,phases      ] GC(108)   Evacuate Collection Set: 141.83ms
[499.403s][info][gc,phases      ] GC(108)   Post Evacuate Collection Set: 0.91ms
[499.403s][info][gc,phases      ] GC(108)   Other: 0.06ms
[499.403s][info][gc,heap        ] GC(108) Eden regions: 176->0(600)
[499.403s][info][gc,heap        ] GC(108) Survivor regions: 44->14(28)
[499.403s][info][gc,heap        ] GC(108) Old regions: 235->249
[499.403s][info][gc,heap        ] GC(108) Humongous regions: 33->33
[499.403s][info][gc,metaspace   ] GC(108) Metaspace: 29870K(30336K)->29870K(30336K) NonClass: 24459K(24704K)->24459K(24704K) Class: 5411K(5632K)->5411K(5632K)
[499.403s][info][gc             ] GC(108) Pause Young (Mixed) (G1 Evacuation Pause) 3862M->2328M(8192M) 143.817ms
[499.404s][info][gc,cpu         ] GC(108) User=1.14s Sys=0.00s Real=0.15s
. (rIR:aIR:PR = 12167:12323:12276) (tPR = 187719) [OK] 
   499s:       trying IR =  12291 ..[502.434s][info][gc,start       ] GC(109) Pause Young (Mixed) (G1 Evacuation Pause)
[502.434s][info][gc,task        ] GC(109) Using 8 workers of 8 for evacuation
[502.574s][info][gc,phases      ] GC(109)   Pre Evacuate Collection Set: 0.25ms
[502.574s][info][gc,phases      ] GC(109)   Merge Heap Roots: 1.00ms
[502.574s][info][gc,phases      ] GC(109)   Evacuate Collection Set: 134.28ms
[502.574s][info][gc,phases      ] GC(109)   Merge Optional Heap Roots: 0.09ms
[502.574s][info][gc,phases      ] GC(109)   Evacuate Optional Collection Set: 2.85ms
[502.574s][info][gc,phases      ] GC(109)   Post Evacuate Collection Set: 1.52ms
[502.574s][info][gc,phases      ] GC(109)   Other: 0.06ms
[502.574s][info][gc,heap        ] GC(109) Eden regions: 600->0(538)
[502.574s][info][gc,heap        ] GC(109) Survivor regions: 14->37(77)
[502.574s][info][gc,heap        ] GC(109) Old regions: 249->209
[502.574s][info][gc,heap        ] GC(109) Humongous regions: 33->33
[502.574s][info][gc,metaspace   ] GC(109) Metaspace: 29870K(30336K)->29870K(30336K) NonClass: 24459K(24704K)->24459K(24704K) Class: 5411K(5632K)->5411K(5632K)
[502.574s][info][gc             ] GC(109) Pause Young (Mixed) (G1 Evacuation Pause) 7128M->2207M(8192M) 140.196ms
[502.574s][info][gc,cpu         ] GC(109) User=1.11s Sys=0.01s Real=0.14s
...[505.513s][info][gc,start       ] GC(110) Pause Young (Mixed) (G1 Evacuation Pause)
[505.513s][info][gc,task        ] GC(110) Using 8 workers of 8 for evacuation
[505.684s][info][gc,phases      ] GC(110)   Pre Evacuate Collection Set: 0.26ms
[505.684s][info][gc,phases      ] GC(110)   Merge Heap Roots: 1.06ms
[505.684s][info][gc,phases      ] GC(110)   Evacuate Collection Set: 168.32ms
[505.684s][info][gc,phases      ] GC(110)   Post Evacuate Collection Set: 1.09ms
[505.684s][info][gc,phases      ] GC(110)   Other: 0.07ms
[505.684s][info][gc,heap        ] GC(110) Eden regions: 555->0(456)
[505.684s][info][gc,heap        ] GC(110) Survivor regions: 37->47(74)
[505.684s][info][gc,heap        ] GC(110) Old regions: 209->191
[505.684s][info][gc,heap        ] GC(110) Humongous regions: 33->33
[505.684s][info][gc,metaspace   ] GC(110) Metaspace: 29870K(30336K)->29870K(30336K) NonClass: 24459K(24704K)->24459K(24704K) Class: 5411K(5632K)->5411K(5632K)
[505.684s][info][gc             ] GC(110) Pause Young (Mixed) (G1 Evacuation Pause) 6647M->2137M(8192M) 170.911ms
[505.684s][info][gc,cpu         ] GC(110) User=1.35s Sys=0.00s Real=0.17s
. (rIR:aIR:PR = 12291:12024:12245) (tPR = 181097) [OK] 
   505s:       trying IR =  12440 ..[508.478s][info][gc,start       ] GC(111) Pause Young (Mixed) (G1 Evacuation Pause)
[508.478s][info][gc,task        ] GC(111) Using 8 workers of 8 for evacuation
[508.636s][info][gc,phases      ] GC(111)   Pre Evacuate Collection Set: 0.24ms
[508.637s][info][gc,phases      ] GC(111)   Merge Heap Roots: 0.60ms
[508.637s][info][gc,phases      ] GC(111)   Evacuate Collection Set: 155.71ms
[508.637s][info][gc,phases      ] GC(111)   Post Evacuate Collection Set: 0.97ms
[508.637s][info][gc,phases      ] GC(111)   Other: 0.06ms
[508.637s][info][gc,heap        ] GC(111) Eden regions: 540->0(571)
[508.637s][info][gc,heap        ] GC(111) Survivor regions: 47->43(74)
[508.637s][info][gc,heap        ] GC(111) Old regions: 191->198
[508.637s][info][gc,heap        ] GC(111) Humongous regions: 33->33
[508.637s][info][gc,metaspace   ] GC(111) Metaspace: 29870K(30336K)->29870K(30336K) NonClass: 24459K(24704K)->24459K(24704K) Class: 5411K(5632K)->5411K(5632K)
[508.637s][info][gc             ] GC(111) Pause Young (Mixed) (G1 Evacuation Pause) 6457M->2163M(8192M) 158.452ms
[508.637s][info][gc,cpu         ] GC(111) User=1.25s Sys=0.00s Real=0.16s
...[511.541s][info][gc,start       ] GC(112) Pause Young (Normal) (G1 Evacuation Pause)
[511.541s][info][gc,task        ] GC(112) Using 8 workers of 8 for evacuation
[511.696s][info][gc,phases      ] GC(112)   Pre Evacuate Collection Set: 0.23ms
[511.696s][info][gc,phases      ] GC(112)   Merge Heap Roots: 0.52ms
[511.696s][info][gc,phases      ] GC(112)   Evacuate Collection Set: 153.60ms
[511.696s][info][gc,phases      ] GC(112)   Post Evacuate Collection Set: 1.08ms
[511.696s][info][gc,phases      ] GC(112)   Other: 0.06ms
[511.696s][info][gc,heap        ] GC(112) Eden regions: 571->0(570)
[511.696s][info][gc,heap        ] GC(112) Survivor regions: 43->44(77)
[511.696s][info][gc,heap        ] GC(112) Old regions: 198->205
[511.696s][info][gc,heap        ] GC(112) Humongous regions: 33->33
[511.696s][info][gc,metaspace   ] GC(112) Metaspace: 29870K(30336K)->29870K(30336K) NonClass: 24459K(24704K)->24459K(24704K) Class: 5411K(5632K)->5411K(5632K)
[511.696s][info][gc             ] GC(112) Pause Young (Normal) (G1 Evacuation Pause) 6731M->2233M(8192M) 155.626ms
[511.696s][info][gc,cpu         ] GC(112) User=1.23s Sys=0.00s Real=0.16s
. (rIR:aIR:PR = 12440:12422:12309) (tPR = 180019) [OK] 
   511s:       trying IR =  12618 ...[514.730s][info][gc,start       ] GC(113) Pause Young (Normal) (G1 Evacuation Pause)
[514.730s][info][gc,task        ] GC(113) Using 8 workers of 8 for evacuation
[514.884s][info][gc,phases      ] GC(113)   Pre Evacuate Collection Set: 0.25ms
[514.884s][info][gc,phases      ] GC(113)   Merge Heap Roots: 0.51ms
[514.884s][info][gc,phases      ] GC(113)   Evacuate Collection Set: 152.64ms
[514.884s][info][gc,phases      ] GC(113)   Post Evacuate Collection Set: 1.03ms
[514.884s][info][gc,phases      ] GC(113)   Other: 0.08ms
[514.884s][info][gc,heap        ] GC(113) Eden regions: 570->0(570)
[514.884s][info][gc,heap        ] GC(113) Survivor regions: 44->44(77)
[514.884s][info][gc,heap        ] GC(113) Old regions: 205->212
[514.884s][info][gc,heap        ] GC(113) Humongous regions: 33->33
[514.884s][info][gc,metaspace   ] GC(113) Metaspace: 29875K(30336K)->29875K(30336K) NonClass: 24463K(24704K)->24463K(24704K) Class: 5411K(5632K)->5411K(5632K)
[514.884s][info][gc             ] GC(113) Pause Young (Normal) (G1 Evacuation Pause) 6793M->2284M(8192M) 154.629ms
[514.884s][info][gc,cpu         ] GC(113) User=1.22s Sys=0.00s Real=0.16s
.. (rIR:aIR:PR = 12618:12607:12567) (tPR = 186190) [OK] 
   516s:       trying IR =  12832 .[517.806s][info][gc,start       ] GC(114) Pause Young (Normal) (G1 Evacuation Pause)
[517.806s][info][gc,task        ] GC(114) Using 8 workers of 8 for evacuation
[517.962s][info][gc,phases      ] GC(114)   Pre Evacuate Collection Set: 0.24ms
[517.962s][info][gc,phases      ] GC(114)   Merge Heap Roots: 0.49ms
[517.962s][info][gc,phases      ] GC(114)   Evacuate Collection Set: 154.25ms
[517.962s][info][gc,phases      ] GC(114)   Post Evacuate Collection Set: 1.08ms
[517.962s][info][gc,phases      ] GC(114)   Other: 0.06ms
[517.962s][info][gc,heap        ] GC(114) Eden regions: 570->0(570)
[517.962s][info][gc,heap        ] GC(114) Survivor regions: 44->44(77)
[517.962s][info][gc,heap        ] GC(114) Old regions: 212->219
[517.962s][info][gc,heap        ] GC(114) Humongous regions: 33->33
[517.962s][info][gc,metaspace   ] GC(114) Metaspace: 29875K(30336K)->29875K(30336K) NonClass: 24463K(24704K)->24463K(24704K) Class: 5411K(5632K)->5411K(5632K)
[517.962s][info][gc             ] GC(114) Pause Young (Normal) (G1 Evacuation Pause) 6844M->2346M(8192M) 156.263ms
[517.962s][info][gc,cpu         ] GC(114) User=1.24s Sys=0.00s Real=0.15s
...[520.904s][info][gc,start       ] GC(115) Pause Young (Normal) (G1 Evacuation Pause)
[520.904s][info][gc,task        ] GC(115) Using 8 workers of 8 for evacuation
[521.060s][info][gc,phases      ] GC(115)   Pre Evacuate Collection Set: 0.25ms
[521.060s][info][gc,phases      ] GC(115)   Merge Heap Roots: 0.51ms
[521.060s][info][gc,phases      ] GC(115)   Evacuate Collection Set: 154.39ms
[521.060s][info][gc,phases      ] GC(115)   Post Evacuate Collection Set: 1.04ms
[521.060s][info][gc,phases      ] GC(115)   Other: 0.06ms
[521.060s][info][gc,heap        ] GC(115) Eden regions: 570->0(570)
[521.060s][info][gc,heap        ] GC(115) Survivor regions: 44->44(77)
[521.060s][info][gc,heap        ] GC(115) Old regions: 219->226
[521.060s][info][gc,heap        ] GC(115) Humongous regions: 33->33
[521.060s][info][gc,metaspace   ] GC(115) Metaspace: 29876K(30336K)->29876K(30336K) NonClass: 24464K(24704K)->24464K(24704K) Class: 5411K(5632K)->5411K(5632K)
[521.060s][info][gc             ] GC(115) Pause Young (Normal) (G1 Evacuation Pause) 6906M->2400M(8192M) 156.367ms
[521.060s][info][gc,cpu         ] GC(115) User=1.24s Sys=0.00s Real=0.15s
...[523.939s][info][gc,start       ] GC(116) Pause Young (Normal) (G1 Evacuation Pause)
[523.940s][info][gc,task        ] GC(116) Using 8 workers of 8 for evacuation
[524.097s][info][gc,phases      ] GC(116)   Pre Evacuate Collection Set: 0.24ms
[524.097s][info][gc,phases      ] GC(116)   Merge Heap Roots: 0.52ms
[524.097s][info][gc,phases      ] GC(116)   Evacuate Collection Set: 156.03ms
[524.097s][info][gc,phases      ] GC(116)   Post Evacuate Collection Set: 1.02ms
[524.097s][info][gc,phases      ] GC(116)   Other: 0.06ms
[524.097s][info][gc,heap        ] GC(116) Eden regions: 570->0(569)
[524.097s][info][gc,heap        ] GC(116) Survivor regions: 44->45(77)
[524.097s][info][gc,heap        ] GC(116) Old regions: 226->233
[524.097s][info][gc,heap        ] GC(116) Humongous regions: 33->33
[524.097s][info][gc,metaspace   ] GC(116) Metaspace: 29878K(30336K)->29878K(30336K) NonClass: 24466K(24704K)->24466K(24704K) Class: 5411K(5632K)->5411K(5632K)
[524.097s][info][gc             ] GC(116) Pause Young (Normal) (G1 Evacuation Pause) 6960M->2466M(8192M) 158.010ms
[524.098s][info][gc,cpu         ] GC(116) User=1.26s Sys=0.00s Real=0.16s
. (rIR:aIR:PR = 12832:12678:12431) (tPR = 191250) [OK] 
   524s:       trying IR =  13089 ..[526.932s][info][gc,start       ] GC(117) Pause Young (Normal) (G1 Evacuation Pause)
[526.932s][info][gc,task        ] GC(117) Using 8 workers of 8 for evacuation
[527.089s][info][gc,phases      ] GC(117)   Pre Evacuate Collection Set: 0.23ms
[527.090s][info][gc,phases      ] GC(117)   Merge Heap Roots: 0.52ms
[527.090s][info][gc,phases      ] GC(117)   Evacuate Collection Set: 155.94ms
[527.090s][info][gc,phases      ] GC(117)   Post Evacuate Collection Set: 1.06ms
[527.090s][info][gc,phases      ] GC(117)   Other: 0.06ms
[527.090s][info][gc,heap        ] GC(117) Eden regions: 569->0(570)
[527.090s][info][gc,heap        ] GC(117) Survivor regions: 45->44(77)
[527.090s][info][gc,heap        ] GC(117) Old regions: 233->240
[527.090s][info][gc,heap        ] GC(117) Humongous regions: 33->33
[527.090s][info][gc,metaspace   ] GC(117) Metaspace: 29878K(30336K)->29878K(30336K) NonClass: 24466K(24704K)->24466K(24704K) Class: 5411K(5632K)->5411K(5632K)
[527.090s][info][gc             ] GC(117) Pause Young (Normal) (G1 Evacuation Pause) 7018M->2515M(8192M) 157.938ms
[527.090s][info][gc,cpu         ] GC(117) User=1.25s Sys=0.00s Real=0.16s
... (rIR:aIR:PR = 13089:13218:12973) (tPR = 182400) [OK] 
   529s:       trying IR =  13397 [529.987s][info][gc,start       ] GC(118) Pause Young (Normal) (G1 Evacuation Pause)
[529.987s][info][gc,task        ] GC(118) Using 8 workers of 8 for evacuation
[530.149s][info][gc,phases      ] GC(118)   Pre Evacuate Collection Set: 0.23ms
[530.149s][info][gc,phases      ] GC(118)   Merge Heap Roots: 0.50ms
[530.149s][info][gc,phases      ] GC(118)   Evacuate Collection Set: 159.81ms
[530.149s][info][gc,phases      ] GC(118)   Post Evacuate Collection Set: 1.07ms
[530.149s][info][gc,phases      ] GC(118)   Other: 0.06ms
[530.149s][info][gc,heap        ] GC(118) Eden regions: 570->0(569)
[530.149s][info][gc,heap        ] GC(118) Survivor regions: 44->45(77)
[530.149s][info][gc,heap        ] GC(118) Old regions: 240->248
[530.149s][info][gc,heap        ] GC(118) Humongous regions: 33->33
[530.149s][info][gc,metaspace   ] GC(118) Metaspace: 29878K(30336K)->29878K(30336K) NonClass: 24466K(24704K)->24466K(24704K) Class: 5411K(5632K)->5411K(5632K)
[530.149s][info][gc             ] GC(118) Pause Young (Normal) (G1 Evacuation Pause) 7075M->2580M(8192M) 161.792ms
[530.149s][info][gc,cpu         ] GC(118) User=1.29s Sys=0.00s Real=0.16s
...[532.983s][info][gc,start       ] GC(119) Pause Young (Normal) (G1 Evacuation Pause)
[532.983s][info][gc,task        ] GC(119) Using 8 workers of 8 for evacuation
[533.142s][info][gc,phases      ] GC(119)   Pre Evacuate Collection Set: 0.24ms
[533.142s][info][gc,phases      ] GC(119)   Merge Heap Roots: 0.49ms
[533.142s][info][gc,phases      ] GC(119)   Evacuate Collection Set: 156.76ms
[533.142s][info][gc,phases      ] GC(119)   Post Evacuate Collection Set: 1.01ms
[533.142s][info][gc,phases      ] GC(119)   Other: 0.06ms
[533.142s][info][gc,heap        ] GC(119) Eden regions: 569->0(568)
[533.142s][info][gc,heap        ] GC(119) Survivor regions: 45->46(77)
[533.142s][info][gc,heap        ] GC(119) Old regions: 248->255
[533.142s][info][gc,heap        ] GC(119) Humongous regions: 33->33
[533.142s][info][gc,metaspace   ] GC(119) Metaspace: 29878K(30336K)->29878K(30336K) NonClass: 24466K(24704K)->24466K(24704K) Class: 5411K(5632K)->5411K(5632K)
[533.142s][info][gc             ] GC(119) Pause Young (Normal) (G1 Evacuation Pause) 7132M->2646M(8192M) 158.688ms
[533.142s][info][gc,cpu         ] GC(119) User=1.26s Sys=0.00s Real=0.15s
...[536.036s][info][gc,start       ] GC(120) Pause Young (Normal) (G1 Evacuation Pause)
[536.036s][info][gc,task        ] GC(120) Using 8 workers of 8 for evacuation
[536.202s][info][gc,phases      ] GC(120)   Pre Evacuate Collection Set: 0.23ms
[536.202s][info][gc,phases      ] GC(120)   Merge Heap Roots: 0.53ms
[536.202s][info][gc,phases      ] GC(120)   Evacuate Collection Set: 164.86ms
[536.202s][info][gc,phases      ] GC(120)   Post Evacuate Collection Set: 1.02ms
[536.202s][info][gc,phases      ] GC(120)   Other: 0.07ms
[536.202s][info][gc,heap        ] GC(120) Eden regions: 568->0(567)
[536.202s][info][gc,heap        ] GC(120) Survivor regions: 46->47(77)
[536.203s][info][gc,heap        ] GC(120) Old regions: 255->262
[536.203s][info][gc,heap        ] GC(120) Humongous regions: 33->33
[536.203s][info][gc,metaspace   ] GC(120) Metaspace: 29878K(30336K)->29878K(30336K) NonClass: 24466K(24704K)->24466K(24704K) Class: 5411K(5632K)->5411K(5632K)
[536.203s][info][gc             ] GC(120) Pause Young (Normal) (G1 Evacuation Pause) 7190M->2711M(8192M) 166.834ms
[536.203s][info][gc,cpu         ] GC(120) User=1.33s Sys=0.00s Real=0.16s
... (rIR:aIR:PR = 13397:13593:13080) (tPR = 190814) [OK] 
   538s:       trying IR =  13767 [539.046s][info][gc,start       ] GC(121) Pause Young (Normal) (G1 Evacuation Pause)
[539.046s][info][gc,task        ] GC(121) Using 8 workers of 8 for evacuation
[539.207s][info][gc,phases      ] GC(121)   Pre Evacuate Collection Set: 0.23ms
[539.207s][info][gc,phases      ] GC(121)   Merge Heap Roots: 0.52ms
[539.207s][info][gc,phases      ] GC(121)   Evacuate Collection Set: 159.20ms
[539.207s][info][gc,phases      ] GC(121)   Post Evacuate Collection Set: 1.03ms
[539.207s][info][gc,phases      ] GC(121)   Other: 0.06ms
[539.207s][info][gc,heap        ] GC(121) Eden regions: 567->0(569)
[539.207s][info][gc,heap        ] GC(121) Survivor regions: 47->45(77)
[539.207s][info][gc,heap        ] GC(121) Old regions: 262->269
[539.207s][info][gc,heap        ] GC(121) Humongous regions: 33->33
[539.207s][info][gc,metaspace   ] GC(121) Metaspace: 29878K(30336K)->29878K(30336K) NonClass: 24466K(24704K)->24466K(24704K) Class: 5411K(5632K)->5411K(5632K)
[539.207s][info][gc             ] GC(121) Pause Young (Normal) (G1 Evacuation Pause) 7247M->2752M(8192M) 161.174ms
[539.207s][info][gc,cpu         ] GC(121) User=1.28s Sys=0.00s Real=0.16s
...[542.063s][info][gc,start       ] GC(122) Pause Young (Normal) (G1 Evacuation Pause)
[542.063s][info][gc,task        ] GC(122) Using 8 workers of 8 for evacuation
[542.223s][info][gc,phases      ] GC(122)   Pre Evacuate Collection Set: 0.23ms
[542.223s][info][gc,phases      ] GC(122)   Merge Heap Roots: 0.51ms
[542.223s][info][gc,phases      ] GC(122)   Evacuate Collection Set: 157.77ms
[542.223s][info][gc,phases      ] GC(122)   Post Evacuate Collection Set: 1.03ms
[542.223s][info][gc,phases      ] GC(122)   Other: 0.06ms
[542.223s][info][gc,heap        ] GC(122) Eden regions: 569->0(568)
[542.223s][info][gc,heap        ] GC(122) Survivor regions: 45->46(77)
[542.223s][info][gc,heap        ] GC(122) Old regions: 269->276
[542.223s][info][gc,heap        ] GC(122) Humongous regions: 33->33
[542.223s][info][gc,metaspace   ] GC(122) Metaspace: 29878K(30336K)->29878K(30336K) NonClass: 24466K(24704K)->24466K(24704K) Class: 5411K(5632K)->5411K(5632K)
[542.223s][info][gc             ] GC(122) Pause Young (Normal) (G1 Evacuation Pause) 7304M->2815M(8192M) 159.727ms
[542.223s][info][gc,cpu         ] GC(122) User=1.26s Sys=0.00s Real=0.16s
...[545.117s][info][gc,start       ] GC(123) Pause Young (Normal) (G1 Evacuation Pause)
[545.117s][info][gc,task        ] GC(123) Using 8 workers of 8 for evacuation
[545.274s][info][gc,phases      ] GC(123)   Pre Evacuate Collection Set: 0.23ms
[545.274s][info][gc,phases      ] GC(123)   Merge Heap Roots: 0.50ms
[545.274s][info][gc,phases      ] GC(123)   Evacuate Collection Set: 154.73ms
[545.274s][info][gc,phases      ] GC(123)   Post Evacuate Collection Set: 1.00ms
[545.274s][info][gc,phases      ] GC(123)   Other: 0.06ms
[545.274s][info][gc,heap        ] GC(123) Eden regions: 568->0(565)
[545.274s][info][gc,heap        ] GC(123) Survivor regions: 46->45(77)
[545.274s][info][gc,heap        ] GC(123) Old regions: 276->284
[545.274s][info][gc,heap        ] GC(123) Humongous regions: 33->33
[545.274s][info][gc,metaspace   ] GC(123) Metaspace: 29878K(30336K)->29878K(30336K) NonClass: 24466K(24704K)->24466K(24704K) Class: 5411K(5632K)->5411K(5632K)
[545.274s][info][gc             ] GC(123) Pause Young (Normal) (G1 Evacuation Pause) 7359M->2867M(8192M) 156.651ms
[545.274s][info][gc,cpu         ] GC(123) User=1.24s Sys=0.01s Real=0.16s
...[548.137s][info][gc,start       ] GC(124) Pause Young (Normal) (G1 Evacuation Pause)
[548.137s][info][gc,task        ] GC(124) Using 8 workers of 8 for evacuation
[548.288s][info][gc,phases      ] GC(124)   Pre Evacuate Collection Set: 0.23ms
[548.288s][info][gc,phases      ] GC(124)   Merge Heap Roots: 0.54ms
[548.288s][info][gc,phases      ] GC(124)   Evacuate Collection Set: 149.64ms
[548.288s][info][gc,phases      ] GC(124)   Post Evacuate Collection Set: 1.03ms
[548.288s][info][gc,phases      ] GC(124)   Other: 0.06ms
[548.288s][info][gc,heap        ] GC(124) Eden regions: 565->0(562)
[548.288s][info][gc,heap        ] GC(124) Survivor regions: 45->43(77)
[548.288s][info][gc,heap        ] GC(124) Old regions: 284->291
[548.288s][info][gc,heap        ] GC(124) Humongous regions: 33->33
[548.288s][info][gc,metaspace   ] GC(124) Metaspace: 29878K(30336K)->29878K(30336K) NonClass: 24466K(24704K)->24466K(24704K) Class: 5411K(5632K)->5411K(5632K)
[548.288s][info][gc             ] GC(124) Pause Young (Normal) (G1 Evacuation Pause) 7387M->2911M(8192M) 151.625ms
[548.288s][info][gc,cpu         ] GC(124) User=1.20s Sys=0.00s Real=0.15s
...[551.195s][info][gc,start       ] GC(125) Pause Young (Normal) (G1 Evacuation Pause)
[551.195s][info][gc,task        ] GC(125) Using 8 workers of 8 for evacuation
[551.353s][info][gc,phases      ] GC(125)   Pre Evacuate Collection Set: 0.24ms
[551.353s][info][gc,phases      ] GC(125)   Merge Heap Roots: 0.53ms
[551.353s][info][gc,phases      ] GC(125)   Evacuate Collection Set: 156.79ms
[551.353s][info][gc,phases      ] GC(125)   Post Evacuate Collection Set: 1.04ms
[551.353s][info][gc,phases      ] GC(125)   Other: 0.06ms
[551.353s][info][gc,heap        ] GC(125) Eden regions: 562->0(550)
[551.353s][info][gc,heap        ] GC(125) Survivor regions: 43->45(76)
[551.353s][info][gc,heap        ] GC(125) Old regions: 291->299
[551.353s][info][gc,heap        ] GC(125) Humongous regions: 33->33
[551.353s][info][gc,metaspace   ] GC(125) Metaspace: 29878K(30336K)->29878K(30336K) NonClass: 24466K(24704K)->24466K(24704K) Class: 5411K(5632K)->5411K(5632K)
[551.353s][info][gc             ] GC(125) Pause Young (Normal) (G1 Evacuation Pause) 7407M->2990M(8192M) 158.792ms
[551.353s][info][gc,cpu         ] GC(125) User=1.26s Sys=0.01s Real=0.16s
...[554.075s][info][gc,start       ] GC(126) Pause Young (Normal) (G1 Evacuation Pause)
[554.075s][info][gc,task        ] GC(126) Using 8 workers of 8 for evacuation
[554.226s][info][gc,phases      ] GC(126)   Pre Evacuate Collection Set: 0.22ms
[554.226s][info][gc,phases      ] GC(126)   Merge Heap Roots: 0.51ms
[554.226s][info][gc,phases      ] GC(126)   Evacuate Collection Set: 149.31ms
[554.226s][info][gc,phases      ] GC(126)   Post Evacuate Collection Set: 0.98ms
[554.226s][info][gc,phases      ] GC(126)   Other: 0.06ms
[554.226s][info][gc,heap        ] GC(126) Eden regions: 550->0(547)
[554.226s][info][gc,heap        ] GC(126) Survivor regions: 45->43(75)
[554.226s][info][gc,heap        ] GC(126) Old regions: 299->306
[554.226s][info][gc,heap        ] GC(126) Humongous regions: 33->33
[554.226s][info][gc,metaspace   ] GC(126) Metaspace: 29878K(30336K)->29878K(30336K) NonClass: 24466K(24704K)->24466K(24704K) Class: 5411K(5632K)->5411K(5632K)
[554.226s][info][gc             ] GC(126) Pause Young (Normal) (G1 Evacuation Pause) 7390M->3031M(8192M) 151.220ms
[554.226s][info][gc,cpu         ] GC(126) User=1.20s Sys=0.00s Real=0.15s
...[556.955s][info][gc,start       ] GC(127) Pause Young (Normal) (G1 Evacuation Pause)
[556.955s][info][gc,task        ] GC(127) Using 8 workers of 8 for evacuation
[557.111s][info][gc,phases      ] GC(127)   Pre Evacuate Collection Set: 0.22ms
[557.111s][info][gc,phases      ] GC(127)   Merge Heap Roots: 0.53ms
[557.111s][info][gc,phases      ] GC(127)   Evacuate Collection Set: 154.57ms
[557.111s][info][gc,phases      ] GC(127)   Post Evacuate Collection Set: 0.99ms
[557.111s][info][gc,phases      ] GC(127)   Other: 0.07ms
[557.111s][info][gc,heap        ] GC(127) Eden regions: 547->0(537)
[557.111s][info][gc,heap        ] GC(127) Survivor regions: 43->44(74)
[557.111s][info][gc,heap        ] GC(127) Old regions: 306->314
[557.111s][info][gc,heap        ] GC(127) Humongous regions: 33->33
[557.111s][info][gc,metaspace   ] GC(127) Metaspace: 29878K(30336K)->29878K(30336K) NonClass: 24466K(24704K)->24466K(24704K) Class: 5411K(5632K)->5411K(5632K)
[557.111s][info][gc             ] GC(127) Pause Young (Normal) (G1 Evacuation Pause) 7407M->3102M(8192M) 156.524ms
[557.111s][info][gc,cpu         ] GC(127) User=1.25s Sys=0.00s Real=0.15s
...[559.920s][info][gc,start       ] GC(128) Pause Young (Normal) (G1 Evacuation Pause)
[559.921s][info][gc,task        ] GC(128) Using 8 workers of 8 for evacuation
[560.077s][info][gc,phases      ] GC(128)   Pre Evacuate Collection Set: 0.24ms
[560.077s][info][gc,phases      ] GC(128)   Merge Heap Roots: 0.53ms
[560.077s][info][gc,phases      ] GC(128)   Evacuate Collection Set: 154.42ms
[560.077s][info][gc,phases      ] GC(128)   Post Evacuate Collection Set: 0.96ms
[560.077s][info][gc,phases      ] GC(128)   Other: 0.06ms
[560.077s][info][gc,heap        ] GC(128) Eden regions: 537->0(530)
[560.077s][info][gc,heap        ] GC(128) Survivor regions: 44->44(73)
[560.077s][info][gc,heap        ] GC(128) Old regions: 314->321
[560.077s][info][gc,heap        ] GC(128) Humongous regions: 33->33
[560.077s][info][gc,metaspace   ] GC(128) Metaspace: 29878K(30336K)->29878K(30336K) NonClass: 24466K(24704K)->24466K(24704K) Class: 5411K(5632K)->5411K(5632K)
[560.077s][info][gc             ] GC(128) Pause Young (Normal) (G1 Evacuation Pause) 7398M->3160M(8192M) 156.329ms
[560.077s][info][gc,cpu         ] GC(128) User=1.24s Sys=0.00s Real=0.16s
..[562.656s][info][gc,start       ] GC(129) Pause Young (Normal) (G1 Evacuation Pause)
[562.656s][info][gc,task        ] GC(129) Using 8 workers of 8 for evacuation
[562.817s][info][gc,phases      ] GC(129)   Pre Evacuate Collection Set: 0.22ms
[562.817s][info][gc,phases      ] GC(129)   Merge Heap Roots: 0.52ms
[562.817s][info][gc,phases      ] GC(129)   Evacuate Collection Set: 159.28ms
[562.817s][info][gc,phases      ] GC(129)   Post Evacuate Collection Set: 0.94ms
[562.817s][info][gc,phases      ] GC(129)   Other: 0.06ms
[562.817s][info][gc,heap        ] GC(129) Eden regions: 530->0(518)
[562.817s][info][gc,heap        ] GC(129) Survivor regions: 44->46(72)
[562.817s][info][gc,heap        ] GC(129) Old regions: 321->329
[562.817s][info][gc,heap        ] GC(129) Humongous regions: 33->33
[562.817s][info][gc,metaspace   ] GC(129) Metaspace: 29878K(30336K)->29878K(30336K) NonClass: 24466K(24704K)->24466K(24704K) Class: 5411K(5632K)->5411K(5632K)
[562.817s][info][gc             ] GC(129) Pause Young (Normal) (G1 Evacuation Pause) 7400M->3235M(8192M) 161.144ms
[562.817s][info][gc,cpu         ] GC(129) User=1.28s Sys=0.00s Real=0.16s
...[565.466s][info][gc,start       ] GC(130) Pause Young (Normal) (G1 Evacuation Pause)
[565.466s][info][gc,task        ] GC(130) Using 8 workers of 8 for evacuation
[565.621s][info][gc,phases      ] GC(130)   Pre Evacuate Collection Set: 0.22ms
[565.621s][info][gc,phases      ] GC(130)   Merge Heap Roots: 0.52ms
[565.621s][info][gc,phases      ] GC(130)   Evacuate Collection Set: 153.31ms
[565.621s][info][gc,phases      ] GC(130)   Post Evacuate Collection Set: 0.95ms
[565.621s][info][gc,phases      ] GC(130)   Other: 0.07ms
[565.621s][info][gc,heap        ] GC(130) Eden regions: 518->0(517)
[565.621s][info][gc,heap        ] GC(130) Survivor regions: 46->43(71)
[565.621s][info][gc,heap        ] GC(130) Old regions: 329->336
[565.621s][info][gc,heap        ] GC(130) Humongous regions: 33->33
[565.621s][info][gc,metaspace   ] GC(130) Metaspace: 29878K(30336K)->29878K(30336K) NonClass: 24466K(24704K)->24466K(24704K) Class: 5411K(5632K)->5411K(5632K)
[565.621s][info][gc             ] GC(130) Pause Young (Normal) (G1 Evacuation Pause) 7379M->3275M(8192M) 155.211ms
[565.621s][info][gc,cpu         ] GC(130) User=1.23s Sys=0.00s Real=0.15s
...[568.276s][info][gc,start       ] GC(131) Pause Young (Normal) (G1 Evacuation Pause)
[568.276s][info][gc,task        ] GC(131) Using 8 workers of 8 for evacuation
[568.428s][info][gc,phases      ] GC(131)   Pre Evacuate Collection Set: 0.23ms
[568.428s][info][gc,phases      ] GC(131)   Merge Heap Roots: 0.56ms
[568.428s][info][gc,phases      ] GC(131)   Evacuate Collection Set: 150.60ms
[568.429s][info][gc,phases      ] GC(131)   Post Evacuate Collection Set: 0.95ms
[568.429s][info][gc,phases      ] GC(131)   Other: 0.06ms
[568.429s][info][gc,heap        ] GC(131) Eden regions: 517->0(511)
[568.429s][info][gc,heap        ] GC(131) Survivor regions: 43->42(70)
[568.429s][info][gc,heap        ] GC(131) Old regions: 336->344
[568.429s][info][gc,heap        ] GC(131) Humongous regions: 33->33
[568.429s][info][gc,metaspace   ] GC(131) Metaspace: 29878K(30336K)->29878K(30336K) NonClass: 24466K(24704K)->24466K(24704K) Class: 5411K(5632K)->5411K(5632K)
[568.429s][info][gc             ] GC(131) Pause Young (Normal) (G1 Evacuation Pause) 7411M->3327M(8192M) 152.530ms
[568.429s][info][gc,cpu         ] GC(131) User=1.22s Sys=0.00s Real=0.15s
. (rIR:aIR:PR = 13767:13797:12714) (tPR = 184212) [PR is under limit] 
   568s: Re-initializing (term) [568.942s][info][gc,start       ] GC(132) Pause Full (System.gc())
[568.942s][info][gc,task        ] GC(132) Using 8 workers of 8 for full compaction
[568.942s][info][gc,phases,start] GC(132) Phase 1: Mark live objects
[568.960s][info][gc,phases      ] GC(132) Phase 1: Mark live objects 17.990ms
[568.960s][info][gc,phases,start] GC(132) Phase 2: Prepare compaction
[568.965s][info][gc,phases      ] GC(132) Phase 2: Prepare compaction 4.823ms
[568.965s][info][gc,phases,start] GC(132) Phase 3: Adjust pointers
[568.975s][info][gc,phases      ] GC(132) Phase 3: Adjust pointers 10.056ms
[568.975s][info][gc,phases,start] GC(132) Phase 4: Compact heap
[568.980s][info][gc,phases      ] GC(132) Phase 4: Compact heap 4.774ms
[568.980s][info][gc,phases,start] GC(132) Phase 5: Reset Metadata
[568.984s][info][gc,phases      ] GC(132) Phase 5: Reset Metadata 3.982ms
[568.993s][info][gc,heap        ] GC(132) Eden regions: 97->0(614)
[568.993s][info][gc,heap        ] GC(132) Survivor regions: 42->0(70)
[568.993s][info][gc,heap        ] GC(132) Old regions: 344->14
[568.993s][info][gc,heap        ] GC(132) Humongous regions: 33->33
[568.993s][info][gc,metaspace   ] GC(132) Metaspace: 29881K(30336K)->29881K(30336K) NonClass: 24469K(24704K)->24469K(24704K) Class: 5411K(5632K)->5411K(5632K)
[568.993s][info][gc             ] GC(132) Pause Full (System.gc()) 4095M->333M(8192M) 50.830ms
[568.993s][info][gc,cpu         ] GC(132) User=0.33s Sys=0.00s Real=0.05s
(init) ... OK
   574s: Searching from base IR = 13397
   574s:       rampup IR =      0 ... (rIR:aIR:PR = 0:0:0) (tPR = 0) [OK] 
   577s:       rampup IR =   1340 .... (rIR:aIR:PR = 1340:1321:1321) (tPR = 20198) [OK] 
   581s:       rampup IR =   2679 .[583.191s][info][gc,start       ] GC(133) Pause Young (Normal) (G1 Evacuation Pause)
[583.191s][info][gc,task        ] GC(133) Using 8 workers of 8 for evacuation
[583.936s][info][gc,mmu         ] GC(133) MMU target violated: 201.0ms (200.0ms/201.0ms)
[583.936s][info][gc,phases      ] GC(133)   Pre Evacuate Collection Set: 0.24ms
[583.936s][info][gc,phases      ] GC(133)   Merge Heap Roots: 1.00ms
[583.936s][info][gc,phases      ] GC(133)   Evacuate Collection Set: 742.52ms
[583.936s][info][gc,phases      ] GC(133)   Post Evacuate Collection Set: 1.36ms
[583.936s][info][gc,phases      ] GC(133)   Other: 0.11ms
[583.936s][info][gc,heap        ] GC(133) Eden regions: 614->0(233)
[583.936s][info][gc,heap        ] GC(133) Survivor regions: 0->77(77)
[583.936s][info][gc,heap        ] GC(133) Old regions: 14->89
[583.936s][info][gc,heap        ] GC(133) Humongous regions: 86->81
[583.936s][info][gc,metaspace   ] GC(133) Metaspace: 29899K(30336K)->29899K(30336K) NonClass: 24486K(24704K)->24486K(24704K) Class: 5412K(5632K)->5412K(5632K)
[583.936s][info][gc             ] GC(133) Pause Young (Normal) (G1 Evacuation Pause) 5669M->1929M(8192M) 745.340ms
[583.936s][info][gc,cpu         ] GC(133) User=5.92s Sys=0.00s Real=0.75s
.... (rIR:aIR:PR = 2679:2671:2671) (tPR = 39515) [OK] 
   586s:       rampup IR =   4019 .[588.137s][info][gc,start       ] GC(134) Pause Young (Normal) (G1 Evacuation Pause)
[588.137s][info][gc,task        ] GC(134) Using 8 workers of 8 for evacuation
[588.488s][info][gc,mmu         ] GC(134) MMU target violated: 201.0ms (200.0ms/201.0ms)
[588.488s][info][gc,phases      ] GC(134)   Pre Evacuate Collection Set: 0.22ms
[588.488s][info][gc,phases      ] GC(134)   Merge Heap Roots: 0.77ms
[588.488s][info][gc,phases      ] GC(134)   Evacuate Collection Set: 349.48ms
[588.488s][info][gc,phases      ] GC(134)   Post Evacuate Collection Set: 0.60ms
[588.488s][info][gc,phases      ] GC(134)   Other: 0.09ms
[588.488s][info][gc,heap        ] GC(134) Eden regions: 225->0(195)
[588.488s][info][gc,heap        ] GC(134) Survivor regions: 77->17(38)
[588.488s][info][gc,heap        ] GC(134) Old regions: 89->167
[588.488s][info][gc,heap        ] GC(134) Humongous regions: 81->81
[588.488s][info][gc,metaspace   ] GC(134) Metaspace: 29902K(30336K)->29902K(30336K) NonClass: 24489K(24704K)->24489K(24704K) Class: 5412K(5632K)->5412K(5632K)
[588.488s][info][gc             ] GC(134) Pause Young (Normal) (G1 Evacuation Pause) 3729M->2073M(8192M) 351.269ms
[588.488s][info][gc,cpu         ] GC(134) User=2.78s Sys=0.00s Real=0.35s
... (rIR:aIR:PR = 4019:4020:4020) (tPR = 59546) [OK] 
   590s:       rampup IR =   5359 [591.545s][info][gc,start       ] GC(135) Pause Young (Normal) (G1 Evacuation Pause)
[591.545s][info][gc,task        ] GC(135) Using 8 workers of 8 for evacuation
[591.626s][info][gc,phases      ] GC(135)   Pre Evacuate Collection Set: 0.24ms
[591.626s][info][gc,phases      ] GC(135)   Merge Heap Roots: 0.41ms
[591.626s][info][gc,phases      ] GC(135)   Evacuate Collection Set: 78.77ms
[591.626s][info][gc,phases      ] GC(135)   Post Evacuate Collection Set: 0.74ms
[591.626s][info][gc,phases      ] GC(135)   Other: 0.06ms
[591.626s][info][gc,heap        ] GC(135) Eden regions: 215->0(190)
[591.626s][info][gc,heap        ] GC(135) Survivor regions: 17->26(29)
[591.626s][info][gc,heap        ] GC(135) Old regions: 167->167
[591.626s][info][gc,heap        ] GC(135) Humongous regions: 81->81
[591.626s][info][gc,metaspace   ] GC(135) Metaspace: 29903K(30336K)->29903K(30336K) NonClass: 24490K(24704K)->24490K(24704K) Class: 5412K(5632K)->5412K(5632K)
[591.626s][info][gc             ] GC(135) Pause Young (Normal) (G1 Evacuation Pause) 3793M->2149M(8192M) 80.357ms
[591.626s][info][gc,cpu         ] GC(135) User=0.63s Sys=0.00s Real=0.08s
...[594.116s][info][gc,start       ] GC(136) Pause Young (Normal) (G1 Evacuation Pause)
[594.116s][info][gc,task        ] GC(136) Using 8 workers of 8 for evacuation
[594.218s][info][gc,phases      ] GC(136)   Pre Evacuate Collection Set: 0.27ms
[594.218s][info][gc,phases      ] GC(136)   Merge Heap Roots: 0.42ms
[594.218s][info][gc,phases      ] GC(136)   Evacuate Collection Set: 100.11ms
[594.218s][info][gc,phases      ] GC(136)   Post Evacuate Collection Set: 0.63ms
[594.218s][info][gc,phases      ] GC(136)   Other: 0.06ms
[594.218s][info][gc,heap        ] GC(136) Eden regions: 205->0(224)
[594.218s][info][gc,heap        ] GC(136) Survivor regions: 26->25(29)
[594.218s][info][gc,heap        ] GC(136) Old regions: 167->178
[594.218s][info][gc,heap        ] GC(136) Humongous regions: 81->81
[594.218s][info][gc,metaspace   ] GC(136) Metaspace: 29903K(30336K)->29903K(30336K) NonClass: 24490K(24704K)->24490K(24704K) Class: 5412K(5632K)->5412K(5632K)
[594.218s][info][gc             ] GC(136) Pause Young (Normal) (G1 Evacuation Pause) 3789M->2220M(8192M) 101.621ms
[594.218s][info][gc,cpu         ] GC(136) User=0.80s Sys=0.00s Real=0.10s
. (rIR:aIR:PR = 5359:5413:5413) (tPR = 83186) [OK] 
   594s:       rampup IR =   6699 .[596.854s][info][gc,start       ] GC(137) Pause Young (Normal) (G1 Evacuation Pause)
[596.854s][info][gc,task        ] GC(137) Using 8 workers of 8 for evacuation
[596.954s][info][gc,phases      ] GC(137)   Pre Evacuate Collection Set: 0.26ms
[596.954s][info][gc,phases      ] GC(137)   Merge Heap Roots: 0.33ms
[596.954s][info][gc,phases      ] GC(137)   Evacuate Collection Set: 98.45ms
[596.954s][info][gc,phases      ] GC(137)   Post Evacuate Collection Set: 0.62ms
[596.954s][info][gc,phases      ] GC(137)   Other: 0.06ms
[596.954s][info][gc,heap        ] GC(137) Eden regions: 254->0(281)
[596.954s][info][gc,heap        ] GC(137) Survivor regions: 25->26(35)
[596.954s][info][gc,heap        ] GC(137) Old regions: 178->186
[596.954s][info][gc,heap        ] GC(137) Humongous regions: 81->81
[596.954s][info][gc,metaspace   ] GC(137) Metaspace: 29903K(30336K)->29903K(30336K) NonClass: 24490K(24704K)->24490K(24704K) Class: 5412K(5632K)->5412K(5632K)
[596.954s][info][gc             ] GC(137) Pause Young (Normal) (G1 Evacuation Pause) 4252M->2301M(8192M) 99.838ms
[596.954s][info][gc,cpu         ] GC(137) User=0.79s Sys=0.00s Real=0.10s
.... (rIR:aIR:PR = 6699:6706:6706) (tPR = 99786) [OK] 
   599s:       rampup IR =   8038 [600.070s][info][gc,start       ] GC(138) Pause Young (Normal) (G1 Evacuation Pause)
[600.070s][info][gc,task        ] GC(138) Using 8 workers of 8 for evacuation
[600.183s][info][gc,phases      ] GC(138)   Pre Evacuate Collection Set: 0.25ms
[600.183s][info][gc,phases      ] GC(138)   Merge Heap Roots: 0.36ms
[600.183s][info][gc,phases      ] GC(138)   Evacuate Collection Set: 110.98ms
[600.183s][info][gc,phases      ] GC(138)   Post Evacuate Collection Set: 0.82ms
[600.183s][info][gc,phases      ] GC(138)   Other: 0.06ms
[600.183s][info][gc,heap        ] GC(138) Eden regions: 307->0(322)
[600.183s][info][gc,heap        ] GC(138) Survivor regions: 26->31(42)
[600.183s][info][gc,heap        ] GC(138) Old regions: 186->193
[600.183s][info][gc,heap        ] GC(138) Humongous regions: 81->81
[600.183s][info][gc,metaspace   ] GC(138) Metaspace: 29903K(30336K)->29903K(30336K) NonClass: 24490K(24704K)->24490K(24704K) Class: 5412K(5632K)->5412K(5632K)
[600.183s][info][gc             ] GC(138) Pause Young (Normal) (G1 Evacuation Pause) 4757M->2397M(8192M) 112.594ms
[600.183s][info][gc,cpu         ] GC(138) User=0.89s Sys=0.00s Real=0.11s
..[602.904s][info][gc,start       ] GC(139) Pause Young (Normal) (G1 Evacuation Pause)
[602.904s][info][gc,task        ] GC(139) Using 8 workers of 8 for evacuation
[603.022s][info][gc,phases      ] GC(139)   Pre Evacuate Collection Set: 0.26ms
[603.022s][info][gc,phases      ] GC(139)   Merge Heap Roots: 0.40ms
[603.022s][info][gc,phases      ] GC(139)   Evacuate Collection Set: 116.79ms
[603.022s][info][gc,phases      ] GC(139)   Post Evacuate Collection Set: 0.78ms
[603.022s][info][gc,phases      ] GC(139)   Other: 0.06ms
[603.022s][info][gc,heap        ] GC(139) Eden regions: 340->0(379)
[603.022s][info][gc,heap        ] GC(139) Survivor regions: 31->33(47)
[603.022s][info][gc,heap        ] GC(139) Old regions: 193->201
[603.022s][info][gc,heap        ] GC(139) Humongous regions: 81->81
[603.022s][info][gc,metaspace   ] GC(139) Metaspace: 29905K(30336K)->29905K(30336K) NonClass: 24492K(24704K)->24492K(24704K) Class: 5412K(5632K)->5412K(5632K)
[603.022s][info][gc             ] GC(139) Pause Young (Normal) (G1 Evacuation Pause) 5117M->2474M(8192M) 118.417ms
[603.022s][info][gc,cpu         ] GC(139) User=0.94s Sys=0.00s Real=0.11s
.. (rIR:aIR:PR = 8038:8115:8115) (tPR = 118594) [OK] 
   603s:       rampup IR =   9378 .[605.986s][info][gc,start       ] GC(140) Pause Young (Normal) (G1 Evacuation Pause)
[605.986s][info][gc,task        ] GC(140) Using 8 workers of 8 for evacuation
[606.113s][info][gc,phases      ] GC(140)   Pre Evacuate Collection Set: 0.22ms
[606.113s][info][gc,phases      ] GC(140)   Merge Heap Roots: 0.47ms
[606.113s][info][gc,phases      ] GC(140)   Evacuate Collection Set: 125.46ms
[606.113s][info][gc,phases      ] GC(140)   Post Evacuate Collection Set: 0.83ms
[606.113s][info][gc,phases      ] GC(140)   Other: 0.06ms
[606.113s][info][gc,heap        ] GC(140) Eden regions: 390->0(420)
[606.113s][info][gc,heap        ] GC(140) Survivor regions: 33->35(53)
[606.113s][info][gc,heap        ] GC(140) Old regions: 201->209
[606.113s][info][gc,heap        ] GC(140) Humongous regions: 81->81
[606.113s][info][gc,metaspace   ] GC(140) Metaspace: 29905K(30336K)->29905K(30336K) NonClass: 24492K(24704K)->24492K(24704K) Class: 5412K(5632K)->5412K(5632K)
[606.113s][info][gc             ] GC(140) Pause Young (Normal) (G1 Evacuation Pause) 5594M->2552M(8192M) 127.202ms
[606.113s][info][gc,cpu         ] GC(140) User=1.01s Sys=0.00s Real=0.12s
...[609.069s][info][gc,start       ] GC(141) Pause Young (Normal) (G1 Evacuation Pause)
[609.069s][info][gc,task        ] GC(141) Using 8 workers of 8 for evacuation
[609.200s][info][gc,phases      ] GC(141)   Pre Evacuate Collection Set: 0.27ms
[609.201s][info][gc,phases      ] GC(141)   Merge Heap Roots: 0.46ms
[609.201s][info][gc,phases      ] GC(141)   Evacuate Collection Set: 130.00ms
[609.201s][info][gc,phases      ] GC(141)   Post Evacuate Collection Set: 0.94ms
[609.201s][info][gc,phases      ] GC(141)   Other: 0.06ms
[609.201s][info][gc,heap        ] GC(141) Eden regions: 426->0(470)
[609.201s][info][gc,heap        ] GC(141) Survivor regions: 35->37(58)
[609.201s][info][gc,heap        ] GC(141) Old regions: 209->216
[609.201s][info][gc,heap        ] GC(141) Humongous regions: 81->81
[609.201s][info][gc,metaspace   ] GC(141) Metaspace: 29905K(30336K)->29905K(30336K) NonClass: 24492K(24704K)->24492K(24704K) Class: 5412K(5632K)->5412K(5632K)
[609.201s][info][gc             ] GC(141) Pause Young (Normal) (G1 Evacuation Pause) 5960M->2623M(8192M) 131.857ms
[609.201s][info][gc,cpu         ] GC(141) User=1.04s Sys=0.00s Real=0.13s
. (rIR:aIR:PR = 9378:9055:9022) (tPR = 135928) [OK] 
   608s:       rampup IR =  10718 ..[612.136s][info][gc,start       ] GC(142) Pause Young (Normal) (G1 Evacuation Pause)
[612.136s][info][gc,task        ] GC(142) Using 8 workers of 8 for evacuation
[612.274s][info][gc,phases      ] GC(142)   Pre Evacuate Collection Set: 0.26ms
[612.274s][info][gc,phases      ] GC(142)   Merge Heap Roots: 0.43ms
[612.274s][info][gc,phases      ] GC(142)   Evacuate Collection Set: 136.44ms
[612.274s][info][gc,phases      ] GC(142)   Post Evacuate Collection Set: 0.90ms
[612.274s][info][gc,phases      ] GC(142)   Other: 0.07ms
[612.274s][info][gc,heap        ] GC(142) Eden regions: 475->0(511)
[612.274s][info][gc,heap        ] GC(142) Survivor regions: 37->39(64)
[612.274s][info][gc,heap        ] GC(142) Old regions: 216->224
[612.274s][info][gc,heap        ] GC(142) Humongous regions: 81->81
[612.274s][info][gc,metaspace   ] GC(142) Metaspace: 29905K(30336K)->29905K(30336K) NonClass: 24492K(24704K)->24492K(24704K) Class: 5412K(5632K)->5412K(5632K)
[612.274s][info][gc             ] GC(142) Pause Young (Normal) (G1 Evacuation Pause) 6423M->2699M(8192M) 138.252ms
[612.274s][info][gc,cpu         ] GC(142) User=1.09s Sys=0.01s Real=0.14s
.... (rIR:aIR:PR = 10718:10717:10731) (tPR = 156396) [OK] 
   615s:       rampup IR =  12057 [615.450s][info][gc,start       ] GC(143) Pause Young (Normal) (G1 Evacuation Pause)
[615.450s][info][gc,task        ] GC(143) Using 8 workers of 8 for evacuation
[615.596s][info][gc,phases      ] GC(143)   Pre Evacuate Collection Set: 0.26ms
[615.596s][info][gc,phases      ] GC(143)   Merge Heap Roots: 0.44ms
[615.596s][info][gc,phases      ] GC(143)   Evacuate Collection Set: 144.33ms
[615.596s][info][gc,phases      ] GC(143)   Post Evacuate Collection Set: 1.02ms
[615.596s][info][gc,phases      ] GC(143)   Other: 0.08ms
[615.596s][info][gc,heap        ] GC(143) Eden regions: 513->0(527)
[615.596s][info][gc,heap        ] GC(143) Survivor regions: 39->42(69)
[615.596s][info][gc,heap        ] GC(143) Old regions: 224->231
[615.596s][info][gc,heap        ] GC(143) Humongous regions: 81->81
[615.596s][info][gc,metaspace   ] GC(143) Metaspace: 29905K(30336K)->29905K(30336K) NonClass: 24492K(24704K)->24492K(24704K) Class: 5412K(5632K)->5412K(5632K)
[615.596s][info][gc             ] GC(143) Pause Young (Normal) (G1 Evacuation Pause) 6803M->2781M(8192M) 146.255ms
[615.596s][info][gc,cpu         ] GC(143) User=1.16s Sys=0.00s Real=0.15s
...[618.511s][info][gc,start       ] GC(144) Pause Young (Normal) (G1 Evacuation Pause)
[618.511s][info][gc,task        ] GC(144) Using 8 workers of 8 for evacuation
[618.663s][info][gc,phases      ] GC(144)   Pre Evacuate Collection Set: 0.26ms
[618.663s][info][gc,phases      ] GC(144)   Merge Heap Roots: 0.42ms
[618.663s][info][gc,phases      ] GC(144)   Evacuate Collection Set: 150.12ms
[618.663s][info][gc,phases      ] GC(144)   Post Evacuate Collection Set: 1.00ms
[618.663s][info][gc,phases      ] GC(144)   Other: 0.06ms
[618.663s][info][gc,heap        ] GC(144) Eden regions: 527->0(545)
[618.663s][info][gc,heap        ] GC(144) Survivor regions: 42->44(72)
[618.663s][info][gc,heap        ] GC(144) Old regions: 231->238
[618.663s][info][gc,heap        ] GC(144) Humongous regions: 81->81
[618.663s][info][gc,metaspace   ] GC(144) Metaspace: 29905K(30336K)->29905K(30336K) NonClass: 24492K(24704K)->24492K(24704K) Class: 5412K(5632K)->5412K(5632K)
[618.663s][info][gc             ] GC(144) Pause Young (Normal) (G1 Evacuation Pause) 6997M->2859M(8192M) 151.986ms
[618.663s][info][gc,cpu         ] GC(144) User=1.20s Sys=0.00s Real=0.15s
...[621.624s][info][gc,start       ] GC(145) Pause Young (Normal) (G1 Evacuation Pause)
[621.625s][info][gc,task        ] GC(145) Using 8 workers of 8 for evacuation
[621.774s][info][gc,phases      ] GC(145)   Pre Evacuate Collection Set: 0.24ms
[621.774s][info][gc,phases      ] GC(145)   Merge Heap Roots: 0.43ms
[621.774s][info][gc,phases      ] GC(145)   Evacuate Collection Set: 147.60ms
[621.774s][info][gc,phases      ] GC(145)   Post Evacuate Collection Set: 1.05ms
[621.774s][info][gc,phases      ] GC(145)   Other: 0.07ms
[621.774s][info][gc,heap        ] GC(145) Eden regions: 542->0(561)
[621.774s][info][gc,heap        ] GC(145) Survivor regions: 44->42(74)
[621.774s][info][gc,heap        ] GC(145) Old regions: 238->246
[621.774s][info][gc,heap        ] GC(145) Humongous regions: 81->81
[621.774s][info][gc,metaspace   ] GC(145) Metaspace: 29905K(30336K)->29905K(30336K) NonClass: 24492K(24704K)->24492K(24704K) Class: 5412K(5632K)->5412K(5632K)
[621.774s][info][gc             ] GC(145) Pause Young (Normal) (G1 Evacuation Pause) 7195M->2903M(8192M) 149.516ms
[621.774s][info][gc,cpu         ] GC(145) User=1.18s Sys=0.01s Real=0.15s
. (rIR:aIR:PR = 12057:11675:11545) (tPR = 175598) [OK] 
   622s:       rampup IR =  13397 ..[624.631s][info][gc,start       ] GC(146) Pause Young (Normal) (G1 Evacuation Pause)
[624.631s][info][gc,task        ] GC(146) Using 8 workers of 8 for evacuation
[624.787s][info][gc,phases      ] GC(146)   Pre Evacuate Collection Set: 0.23ms
[624.787s][info][gc,phases      ] GC(146)   Merge Heap Roots: 0.44ms
[624.787s][info][gc,phases      ] GC(146)   Evacuate Collection Set: 154.79ms
[624.787s][info][gc,phases      ] GC(146)   Post Evacuate Collection Set: 1.10ms
[624.787s][info][gc,phases      ] GC(146)   Other: 0.06ms
[624.787s][info][gc,heap        ] GC(146) Eden regions: 561->0(550)
[624.787s][info][gc,heap        ] GC(146) Survivor regions: 42->44(76)
[624.787s][info][gc,heap        ] GC(146) Old regions: 246->253
[624.787s][info][gc,heap        ] GC(146) Humongous regions: 81->81
[624.787s][info][gc,metaspace   ] GC(146) Metaspace: 29905K(30336K)->29905K(30336K) NonClass: 24492K(24704K)->24492K(24704K) Class: 5412K(5632K)->5412K(5632K)
[624.787s][info][gc             ] GC(146) Pause Young (Normal) (G1 Evacuation Pause) 7391M->2978M(8192M) 156.758ms
[624.787s][info][gc,cpu         ] GC(146) User=1.24s Sys=0.00s Real=0.16s
...[627.577s][info][gc,start       ] GC(147) Pause Young (Normal) (G1 Evacuation Pause)
[627.577s][info][gc,task        ] GC(147) Using 8 workers of 8 for evacuation
[627.733s][info][gc,phases      ] GC(147)   Pre Evacuate Collection Set: 0.24ms
[627.733s][info][gc,phases      ] GC(147)   Merge Heap Roots: 0.52ms
[627.733s][info][gc,phases      ] GC(147)   Evacuate Collection Set: 153.70ms
[627.733s][info][gc,phases      ] GC(147)   Post Evacuate Collection Set: 1.01ms
[627.733s][info][gc,phases      ] GC(147)   Other: 0.06ms
[627.733s][info][gc,heap        ] GC(147) Eden regions: 550->0(543)
[627.733s][info][gc,heap        ] GC(147) Survivor regions: 44->44(75)
[627.733s][info][gc,heap        ] GC(147) Old regions: 253->260
[627.733s][info][gc,heap        ] GC(147) Humongous regions: 81->81
[627.733s][info][gc,metaspace   ] GC(147) Metaspace: 29905K(30336K)->29905K(30336K) NonClass: 24492K(24704K)->24492K(24704K) Class: 5412K(5632K)->5412K(5632K)
[627.733s][info][gc             ] GC(147) Pause Young (Normal) (G1 Evacuation Pause) 7378M->3034M(8192M) 155.678ms
[627.733s][info][gc,cpu         ] GC(147) User=1.23s Sys=0.00s Real=0.15s
...[630.575s][info][gc,start       ] GC(148) Pause Young (Normal) (G1 Evacuation Pause)
[630.575s][info][gc,task        ] GC(148) Using 8 workers of 8 for evacuation
[630.723s][info][gc,phases      ] GC(148)   Pre Evacuate Collection Set: 0.22ms
[630.723s][info][gc,phases      ] GC(148)   Merge Heap Roots: 0.44ms
[630.723s][info][gc,phases      ] GC(148)   Evacuate Collection Set: 146.38ms
[630.723s][info][gc,phases      ] GC(148)   Post Evacuate Collection Set: 1.02ms
[630.723s][info][gc,phases      ] GC(148)   Other: 0.06ms
[630.723s][info][gc,heap        ] GC(148) Eden regions: 543->0(539)
[630.723s][info][gc,heap        ] GC(148) Survivor regions: 44->42(74)
[630.723s][info][gc,heap        ] GC(148) Old regions: 260->268
[630.723s][info][gc,heap        ] GC(148) Humongous regions: 81->81
[630.723s][info][gc,metaspace   ] GC(148) Metaspace: 29905K(30336K)->29905K(30336K) NonClass: 24492K(24704K)->24492K(24704K) Class: 5412K(5632K)->5412K(5632K)
[630.723s][info][gc             ] GC(148) Pause Young (Normal) (G1 Evacuation Pause) 7378M->3078M(8192M) 148.261ms
[630.723s][info][gc,cpu         ] GC(148) User=1.17s Sys=0.00s Real=0.14s
...[633.450s][info][gc,start       ] GC(149) Pause Young (Normal) (G1 Evacuation Pause)
[633.450s][info][gc,task        ] GC(149) Using 8 workers of 8 for evacuation
[633.605s][info][gc,phases      ] GC(149)   Pre Evacuate Collection Set: 0.24ms
[633.605s][info][gc,phases      ] GC(149)   Merge Heap Roots: 0.47ms
[633.605s][info][gc,phases      ] GC(149)   Evacuate Collection Set: 153.44ms
[633.605s][info][gc,phases      ] GC(149)   Post Evacuate Collection Set: 0.95ms
[633.605s][info][gc,phases      ] GC(149)   Other: 0.06ms
[633.605s][info][gc,heap        ] GC(149) Eden regions: 539->0(528)
[633.605s][info][gc,heap        ] GC(149) Survivor regions: 42->44(73)
[633.605s][info][gc,heap        ] GC(149) Old regions: 268->275
[633.605s][info][gc,heap        ] GC(149) Humongous regions: 81->81
[633.605s][info][gc,metaspace   ] GC(149) Metaspace: 29905K(30336K)->29905K(30336K) NonClass: 24492K(24704K)->24492K(24704K) Class: 5412K(5632K)->5412K(5632K)
[633.605s][info][gc             ] GC(149) Pause Young (Normal) (G1 Evacuation Pause) 7390M->3150M(8192M) 155.308ms
[633.605s][info][gc,cpu         ] GC(149) User=1.23s Sys=0.00s Real=0.16s
..[636.234s][info][gc,start       ] GC(150) Pause Young (Normal) (G1 Evacuation Pause)
[636.234s][info][gc,task        ] GC(150) Using 8 workers of 8 for evacuation
[636.387s][info][gc,phases      ] GC(150)   Pre Evacuate Collection Set: 0.24ms
[636.387s][info][gc,phases      ] GC(150)   Merge Heap Roots: 0.52ms
[636.387s][info][gc,phases      ] GC(150)   Evacuate Collection Set: 151.24ms
[636.387s][info][gc,phases      ] GC(150)   Post Evacuate Collection Set: 0.96ms
[636.387s][info][gc,phases      ] GC(150)   Other: 0.06ms
[636.387s][info][gc,heap        ] GC(150) Eden regions: 528->0(521)
[636.387s][info][gc,heap        ] GC(150) Survivor regions: 44->44(72)
[636.387s][info][gc,heap        ] GC(150) Old regions: 275->282
[636.387s][info][gc,heap        ] GC(150) Humongous regions: 81->81
[636.387s][info][gc,metaspace   ] GC(150) Metaspace: 29905K(30336K)->29905K(30336K) NonClass: 24493K(24704K)->24493K(24704K) Class: 5412K(5632K)->5412K(5632K)
[636.387s][info][gc             ] GC(150) Pause Young (Normal) (G1 Evacuation Pause) 7374M->3209M(8192M) 153.175ms
[636.387s][info][gc,cpu         ] GC(150) User=1.21s Sys=0.00s Real=0.15s
...[639.020s][info][gc,start       ] GC(151) Pause Young (Normal) (G1 Evacuation Pause)
[639.020s][info][gc,task        ] GC(151) Using 8 workers of 8 for evacuation
[639.176s][info][gc,phases      ] GC(151)   Pre Evacuate Collection Set: 0.22ms
[639.176s][info][gc,phases      ] GC(151)   Merge Heap Roots: 0.47ms
[639.176s][info][gc,phases      ] GC(151)   Evacuate Collection Set: 154.08ms
[639.176s][info][gc,phases      ] GC(151)   Post Evacuate Collection Set: 1.01ms
[639.176s][info][gc,phases      ] GC(151)   Other: 0.06ms
[639.176s][info][gc,heap        ] GC(151) Eden regions: 521->0(513)
[639.176s][info][gc,heap        ] GC(151) Survivor regions: 44->44(71)
[639.176s][info][gc,heap        ] GC(151) Old regions: 282->290
[639.176s][info][gc,heap        ] GC(151) Humongous regions: 81->81
[639.176s][info][gc,metaspace   ] GC(151) Metaspace: 29905K(30336K)->29905K(30336K) NonClass: 24493K(24704K)->24493K(24704K) Class: 5412K(5632K)->5412K(5632K)
[639.176s][info][gc             ] GC(151) Pause Young (Normal) (G1 Evacuation Pause) 7377M->3275M(8192M) 155.979ms
[639.176s][info][gc,cpu         ] GC(151) User=1.23s Sys=0.00s Real=0.16s
...[641.780s][info][gc,start       ] GC(152) Pause Young (Normal) (G1 Evacuation Pause)
[641.780s][info][gc,task        ] GC(152) Using 8 workers of 8 for evacuation
[641.928s][info][gc,phases      ] GC(152)   Pre Evacuate Collection Set: 0.22ms
[641.928s][info][gc,phases      ] GC(152)   Merge Heap Roots: 0.45ms
[641.928s][info][gc,phases      ] GC(152)   Evacuate Collection Set: 146.62ms
[641.928s][info][gc,phases      ] GC(152)   Post Evacuate Collection Set: 0.95ms
[641.928s][info][gc,phases      ] GC(152)   Other: 0.06ms
[641.928s][info][gc,heap        ] GC(152) Eden regions: 513->0(509)
[641.928s][info][gc,heap        ] GC(152) Survivor regions: 44->42(70)
[641.928s][info][gc,heap        ] GC(152) Old regions: 290->298
[641.928s][info][gc,heap        ] GC(152) Humongous regions: 81->81
[641.928s][info][gc,metaspace   ] GC(152) Metaspace: 29906K(30336K)->29906K(30336K) NonClass: 24493K(24704K)->24493K(24704K) Class: 5412K(5632K)->5412K(5632K)
[641.928s][info][gc             ] GC(152) Pause Young (Normal) (G1 Evacuation Pause) 7379M->3321M(8192M) 148.431ms
[641.928s][info][gc,cpu         ] GC(152) User=1.18s Sys=0.00s Real=0.15s
...[644.468s][info][gc,start       ] GC(153) Pause Young (Normal) (G1 Evacuation Pause)
[644.468s][info][gc,task        ] GC(153) Using 8 workers of 8 for evacuation
[644.625s][info][gc,phases      ] GC(153)   Pre Evacuate Collection Set: 0.23ms
[644.625s][info][gc,phases      ] GC(153)   Merge Heap Roots: 0.44ms
[644.625s][info][gc,phases      ] GC(153)   Evacuate Collection Set: 155.24ms
[644.625s][info][gc,phases      ] GC(153)   Post Evacuate Collection Set: 0.94ms
[644.625s][info][gc,phases      ] GC(153)   Other: 0.06ms
[644.625s][info][gc,heap        ] GC(153) Eden regions: 509->0(497)
[644.625s][info][gc,heap        ] GC(153) Survivor regions: 42->44(69)
[644.625s][info][gc,heap        ] GC(153) Old regions: 298->306
[644.625s][info][gc,heap        ] GC(153) Humongous regions: 81->81
[644.625s][info][gc,metaspace   ] GC(153) Metaspace: 29906K(30336K)->29906K(30336K) NonClass: 24493K(24704K)->24493K(24704K) Class: 5412K(5632K)->5412K(5632K)
[644.625s][info][gc             ] GC(153) Pause Young (Normal) (G1 Evacuation Pause) 7393M->3398M(8192M) 157.040ms
[644.625s][info][gc,cpu         ] GC(153) User=1.24s Sys=0.00s Real=0.16s
..[647.086s][info][gc,start       ] GC(154) Pause Young (Normal) (G1 Evacuation Pause)
[647.086s][info][gc,task        ] GC(154) Using 8 workers of 8 for evacuation
[647.235s][info][gc,phases      ] GC(154)   Pre Evacuate Collection Set: 0.24ms
[647.236s][info][gc,phases      ] GC(154)   Merge Heap Roots: 0.44ms
[647.236s][info][gc,phases      ] GC(154)   Evacuate Collection Set: 147.41ms
[647.236s][info][gc,phases      ] GC(154)   Post Evacuate Collection Set: 0.94ms
[647.236s][info][gc,phases      ] GC(154)   Other: 0.06ms
[647.236s][info][gc,heap        ] GC(154) Eden regions: 497->0(494)
[647.236s][info][gc,heap        ] GC(154) Survivor regions: 44->42(68)
[647.236s][info][gc,heap        ] GC(154) Old regions: 306->313
[647.236s][info][gc,heap        ] GC(154) Humongous regions: 81->81
[647.236s][info][gc,metaspace   ] GC(154) Metaspace: 29906K(30336K)->29906K(30336K) NonClass: 24493K(24704K)->24493K(24704K) Class: 5412K(5632K)->5412K(5632K)
[647.236s][info][gc             ] GC(154) Pause Young (Normal) (G1 Evacuation Pause) 7374M->3440M(8192M) 149.236ms
[647.236s][info][gc,cpu         ] GC(154) User=1.18s Sys=0.00s Real=0.15s
...[649.654s][info][gc,start       ] GC(155) Pause Young (Normal) (G1 Evacuation Pause)
[649.654s][info][gc,task        ] GC(155) Using 8 workers of 8 for evacuation
[649.800s][info][gc,phases      ] GC(155)   Pre Evacuate Collection Set: 0.23ms
[649.800s][info][gc,phases      ] GC(155)   Merge Heap Roots: 0.44ms
[649.800s][info][gc,phases      ] GC(155)   Evacuate Collection Set: 144.39ms
[649.800s][info][gc,phases      ] GC(155)   Post Evacuate Collection Set: 0.95ms
[649.800s][info][gc,phases      ] GC(155)   Other: 0.06ms
[649.800s][info][gc,heap        ] GC(155) Eden regions: 494->0(488)
[649.800s][info][gc,heap        ] GC(155) Survivor regions: 42->41(67)
[649.800s][info][gc,heap        ] GC(155) Old regions: 313->321
[649.800s][info][gc,heap        ] GC(155) Humongous regions: 81->81
[649.800s][info][gc,metaspace   ] GC(155) Metaspace: 29906K(30336K)->29906K(30336K) NonClass: 24493K(24704K)->24493K(24704K) Class: 5412K(5632K)->5412K(5632K)
[649.800s][info][gc             ] GC(155) Pause Young (Normal) (G1 Evacuation Pause) 7392M->3495M(8192M) 146.193ms
[649.800s][info][gc,cpu         ] GC(155) User=1.16s Sys=0.00s Real=0.14s
. (rIR:aIR:PR = 13397:13322:12898) (tPR = 192763) [OK] 
   650s:    snapshot, IR =  13397 .[652.241s][info][gc,start       ] GC(156) Pause Young (Normal) (G1 Evacuation Pause)
[652.241s][info][gc,task        ] GC(156) Using 8 workers of 8 for evacuation
[652.398s][info][gc,phases      ] GC(156)   Pre Evacuate Collection Set: 0.23ms
[652.398s][info][gc,phases      ] GC(156)   Merge Heap Roots: 0.45ms
[652.398s][info][gc,phases      ] GC(156)   Evacuate Collection Set: 155.82ms
[652.398s][info][gc,phases      ] GC(156)   Post Evacuate Collection Set: 0.88ms
[652.398s][info][gc,phases      ] GC(156)   Other: 0.06ms
[652.398s][info][gc,heap        ] GC(156) Eden regions: 488->0(473)
[652.398s][info][gc,heap        ] GC(156) Survivor regions: 41->45(67)
[652.398s][info][gc,heap        ] GC(156) Old regions: 321->328
[652.398s][info][gc,heap        ] GC(156) Humongous regions: 81->81
[652.398s][info][gc,metaspace   ] GC(156) Metaspace: 29906K(30336K)->29906K(30336K) NonClass: 24493K(24704K)->24493K(24704K) Class: 5412K(5632K)->5412K(5632K)
[652.398s][info][gc             ] GC(156) Pause Young (Normal) (G1 Evacuation Pause) 7399M->3582M(8192M) 157.567ms
[652.398s][info][gc,cpu         ] GC(156) User=1.25s Sys=0.00s Real=0.16s
...[654.758s][info][gc,start       ] GC(157) Pause Young (Normal) (G1 Evacuation Pause)
[654.758s][info][gc,task        ] GC(157) Using 8 workers of 8 for evacuation
[654.912s][info][gc,phases      ] GC(157)   Pre Evacuate Collection Set: 0.23ms
[654.913s][info][gc,phases      ] GC(157)   Merge Heap Roots: 0.46ms
[654.913s][info][gc,phases      ] GC(157)   Evacuate Collection Set: 152.51ms
[654.913s][info][gc,phases      ] GC(157)   Post Evacuate Collection Set: 0.81ms
[654.913s][info][gc,phases      ] GC(157)   Other: 0.07ms
[654.913s][info][gc,heap        ] GC(157) Eden regions: 473->0(469)
[654.913s][info][gc,heap        ] GC(157) Survivor regions: 45->43(65)
[654.913s][info][gc,heap        ] GC(157) Old regions: 328->336
[654.913s][info][gc,heap        ] GC(157) Humongous regions: 81->81
[654.913s][info][gc,metaspace   ] GC(157) Metaspace: 29906K(30336K)->29906K(30336K) NonClass: 24493K(24704K)->24493K(24704K) Class: 5412K(5632K)->5412K(5632K)
[654.913s][info][gc             ] GC(157) Pause Young (Normal) (G1 Evacuation Pause) 7366M->3630M(8192M) 154.213ms
[654.913s][info][gc,cpu         ] GC(157) User=1.22s Sys=0.00s Real=0.15s
.|.[657.280s][info][gc,start       ] GC(158) Pause Young (Normal) (G1 Evacuation Pause)
[657.280s][info][gc,task        ] GC(158) Using 8 workers of 8 for evacuation
[657.435s][info][gc,phases      ] GC(158)   Pre Evacuate Collection Set: 0.22ms
[657.435s][info][gc,phases      ] GC(158)   Merge Heap Roots: 0.45ms
[657.435s][info][gc,phases      ] GC(158)   Evacuate Collection Set: 153.31ms
[657.435s][info][gc,phases      ] GC(158)   Post Evacuate Collection Set: 0.89ms
[657.435s][info][gc,phases      ] GC(158)   Other: 0.06ms
[657.435s][info][gc,heap        ] GC(158) Eden regions: 469->0(462)
[657.435s][info][gc,heap        ] GC(158) Survivor regions: 43->42(64)
[657.435s][info][gc,heap        ] GC(158) Old regions: 336->345
[657.435s][info][gc,heap        ] GC(158) Humongous regions: 81->81
[657.435s][info][gc,metaspace   ] GC(158) Metaspace: 29906K(30336K)->29906K(30336K) NonClass: 24493K(24704K)->24493K(24704K) Class: 5412K(5632K)->5412K(5632K)
[657.435s][info][gc             ] GC(158) Pause Young (Normal) (G1 Evacuation Pause) 7382M->3690M(8192M) 155.042ms
[657.435s][info][gc,cpu         ] GC(158) User=1.23s Sys=0.00s Real=0.16s
...[659.756s][info][gc,start       ] GC(159) Pause Young (Normal) (G1 Evacuation Pause)
[659.756s][info][gc,task        ] GC(159) Using 8 workers of 8 for evacuation
[659.906s][info][gc,phases      ] GC(159)   Pre Evacuate Collection Set: 0.22ms
[659.906s][info][gc,phases      ] GC(159)   Merge Heap Roots: 0.43ms
[659.906s][info][gc,phases      ] GC(159)   Evacuate Collection Set: 147.86ms
[659.906s][info][gc,phases      ] GC(159)   Post Evacuate Collection Set: 0.89ms
[659.906s][info][gc,phases      ] GC(159)   Other: 0.06ms
[659.906s][info][gc,heap        ] GC(159) Eden regions: 462->0(457)
[659.906s][info][gc,heap        ] GC(159) Survivor regions: 42->41(63)
[659.906s][info][gc,heap        ] GC(159) Old regions: 345->352
[659.906s][info][gc,heap        ] GC(159) Humongous regions: 81->81
[659.906s][info][gc,metaspace   ] GC(159) Metaspace: 29906K(30336K)->29906K(30336K) NonClass: 24493K(24704K)->24493K(24704K) Class: 5412K(5632K)->5412K(5632K)
[659.906s][info][gc             ] GC(159) Pause Young (Normal) (G1 Evacuation Pause) 7386M->3749M(8192M) 149.600ms
[659.906s][info][gc,cpu         ] GC(159) User=1.18s Sys=0.00s Real=0.15s
..[662.183s][info][gc,start       ] GC(160) Pause Young (Normal) (G1 Evacuation Pause)
[662.183s][info][gc,task        ] GC(160) Using 8 workers of 8 for evacuation
[662.326s][info][gc,phases      ] GC(160)   Pre Evacuate Collection Set: 0.23ms
[662.326s][info][gc,phases      ] GC(160)   Merge Heap Roots: 0.43ms
[662.326s][info][gc,phases      ] GC(160)   Evacuate Collection Set: 141.84ms
[662.326s][info][gc,phases      ] GC(160)   Post Evacuate Collection Set: 0.84ms
[662.327s][info][gc,phases      ] GC(160)   Other: 0.06ms
[662.327s][info][gc,heap        ] GC(160) Eden regions: 457->0(450)
[662.327s][info][gc,heap        ] GC(160) Survivor regions: 41->40(63)
[662.327s][info][gc,heap        ] GC(160) Old regions: 352->361
[662.327s][info][gc,heap        ] GC(160) Humongous regions: 81->81
[662.327s][info][gc,metaspace   ] GC(160) Metaspace: 29906K(30336K)->29906K(30336K) NonClass: 24493K(24704K)->24493K(24704K) Class: 5412K(5632K)->5412K(5632K)
[662.327s][info][gc             ] GC(160) Pause Young (Normal) (G1 Evacuation Pause) 7405M->3802M(8192M) 143.520ms
[662.327s][info][gc,cpu         ] GC(160) User=1.13s Sys=0.00s Real=0.15s
...[664.629s][info][gc,start       ] GC(161) Pause Young (Normal) (G1 Evacuation Pause)
[664.629s][info][gc,task        ] GC(161) Using 8 workers of 8 for evacuation
[664.775s][info][gc,phases      ] GC(161)   Pre Evacuate Collection Set: 0.20ms
[664.775s][info][gc,phases      ] GC(161)   Merge Heap Roots: 0.45ms
[664.775s][info][gc,phases      ] GC(161)   Evacuate Collection Set: 144.14ms
[664.775s][info][gc,phases      ] GC(161)   Post Evacuate Collection Set: 0.85ms
[664.775s][info][gc,phases      ] GC(161)   Other: 0.06ms
[664.775s][info][gc,heap        ] GC(161) Eden regions: 450->0(442)
[664.775s][info][gc,heap        ] GC(161) Survivor regions: 40->40(62)
[664.775s][info][gc,heap        ] GC(161) Old regions: 361->369
[664.775s][info][gc,heap        ] GC(161) Humongous regions: 81->81
[664.775s][info][gc,metaspace   ] GC(161) Metaspace: 29906K(30336K)->29906K(30336K) NonClass: 24493K(24704K)->24493K(24704K) Class: 5412K(5632K)->5412K(5632K)
[664.775s][info][gc             ] GC(161) Pause Young (Normal) (G1 Evacuation Pause) 7402M->3871M(8192M) 145.833ms
[664.775s][info][gc,cpu         ] GC(161) User=1.16s Sys=0.00s Real=0.15s
..[666.948s][info][gc,start       ] GC(162) Pause Young (Normal) (G1 Evacuation Pause)
[666.948s][info][gc,task        ] GC(162) Using 8 workers of 8 for evacuation
[667.096s][info][gc,phases      ] GC(162)   Pre Evacuate Collection Set: 0.23ms
[667.096s][info][gc,phases      ] GC(162)   Merge Heap Roots: 0.49ms
[667.096s][info][gc,phases      ] GC(162)   Evacuate Collection Set: 145.73ms
[667.096s][info][gc,phases      ] GC(162)   Post Evacuate Collection Set: 0.86ms
[667.096s][info][gc,phases      ] GC(162)   Other: 0.06ms
[667.096s][info][gc,heap        ] GC(162) Eden regions: 442->0(432)
[667.096s][info][gc,heap        ] GC(162) Survivor regions: 40->41(61)
[667.096s][info][gc,heap        ] GC(162) Old regions: 369->377
[667.096s][info][gc,heap        ] GC(162) Humongous regions: 81->81
[667.096s][info][gc,metaspace   ] GC(162) Metaspace: 29906K(30336K)->29906K(30336K) NonClass: 24493K(24704K)->24493K(24704K) Class: 5412K(5632K)->5412K(5632K)
[667.096s][info][gc             ] GC(162) Pause Young (Normal) (G1 Evacuation Pause) 7407M->3941M(8192M) 147.495ms
[667.096s][info][gc,cpu         ] GC(162) User=1.16s Sys=0.00s Real=0.15s
..[669.368s][info][gc,start       ] GC(163) Pause Young (Normal) (G1 Evacuation Pause)
[669.368s][info][gc,task        ] GC(163) Using 8 workers of 8 for evacuation
[669.507s][info][gc,phases      ] GC(163)   Pre Evacuate Collection Set: 0.21ms
[669.507s][info][gc,phases      ] GC(163)   Merge Heap Roots: 0.44ms
[669.507s][info][gc,phases      ] GC(163)   Evacuate Collection Set: 137.72ms
[669.507s][info][gc,phases      ] GC(163)   Post Evacuate Collection Set: 0.86ms
[669.507s][info][gc,phases      ] GC(163)   Other: 0.06ms
[669.507s][info][gc,heap        ] GC(163) Eden regions: 432->0(428)
[669.507s][info][gc,heap        ] GC(163) Survivor regions: 41->39(60)
[669.507s][info][gc,heap        ] GC(163) Old regions: 377->385
[669.507s][info][gc,heap        ] GC(163) Humongous regions: 81->81
[669.507s][info][gc,metaspace   ] GC(163) Metaspace: 29906K(30336K)->29906K(30336K) NonClass: 24493K(24704K)->24493K(24704K) Class: 5412K(5632K)->5412K(5632K)
[669.507s][info][gc             ] GC(163) Pause Young (Normal) (G1 Evacuation Pause) 7397M->3993M(8192M) 139.411ms
[669.507s][info][gc,cpu         ] GC(163) User=1.10s Sys=0.00s Real=0.14s
...[671.641s][info][gc,start       ] GC(164) Pause Young (Concurrent Start) (G1 Evacuation Pause)
[671.641s][info][gc,task        ] GC(164) Using 8 workers of 8 for evacuation
[671.782s][info][gc,phases      ] GC(164)   Pre Evacuate Collection Set: 0.28ms
[671.782s][info][gc,phases      ] GC(164)   Merge Heap Roots: 0.46ms
[671.782s][info][gc,phases      ] GC(164)   Evacuate Collection Set: 138.94ms
[671.782s][info][gc,phases      ] GC(164)   Post Evacuate Collection Set: 0.83ms
[671.782s][info][gc,phases      ] GC(164)   Other: 0.09ms
[671.782s][info][gc,heap        ] GC(164) Eden regions: 428->0(421)
[671.782s][info][gc,heap        ] GC(164) Survivor regions: 39->38(59)
[671.782s][info][gc,heap        ] GC(164) Old regions: 385->394
[671.782s][info][gc,heap        ] GC(164) Humongous regions: 81->81
[671.782s][info][gc,metaspace   ] GC(164) Metaspace: 29906K(30336K)->29906K(30336K) NonClass: 24493K(24704K)->24493K(24704K) Class: 5412K(5632K)->5412K(5632K)
[671.782s][info][gc             ] GC(164) Pause Young (Concurrent Start) (G1 Evacuation Pause) 7417M->4054M(8192M) 140.742ms
[671.782s][info][gc             ] GC(165) Concurrent Mark Cycle
[671.782s][info][gc,marking     ] GC(165) Concurrent Scan Root Regions
[671.782s][info][gc,cpu         ] GC(164) User=1.11s Sys=0.00s Real=0.14s
[672.062s][info][gc,marking     ] GC(165) Concurrent Scan Root Regions 279.980ms
[672.062s][info][gc,marking     ] GC(165) Concurrent Mark
[672.062s][info][gc,marking     ] GC(165) Concurrent Mark From Roots
[672.062s][info][gc,task        ] GC(165) Using 2 workers of 2 for marking
.[673.277s][info][gc,marking     ] GC(165) Concurrent Mark From Roots 1215.267ms
[673.277s][info][gc,marking     ] GC(165) Concurrent Preclean
[673.278s][info][gc,marking     ] GC(165) Concurrent Preclean 0.278ms
[673.278s][info][gc,start       ] GC(165) Pause Remark
[673.281s][info][gc             ] GC(165) Pause Remark 5783M->4471M(8192M) 3.337ms
[673.281s][info][gc,cpu         ] GC(165) User=0.02s Sys=0.00s Real=0.00s
[673.281s][info][gc,marking     ] GC(165) Concurrent Mark 1219.222ms
[673.281s][info][gc,marking     ] GC(165) Concurrent Rebuild Remembered Sets and Scrub Regions
.[674.134s][info][gc,marking     ] GC(165) Concurrent Rebuild Remembered Sets and Scrub Regions 853.054ms
[674.134s][info][gc,start       ] GC(165) Pause Cleanup
[674.135s][info][gc             ] GC(165) Pause Cleanup 5694M->5694M(8192M) 0.297ms
[674.135s][info][gc,cpu         ] GC(165) User=0.00s Sys=0.00s Real=0.00s
[674.135s][info][gc,marking     ] GC(165) Concurrent Clear Claimed Marks
[674.135s][info][gc,marking     ] GC(165) Concurrent Clear Claimed Marks 0.054ms
[674.135s][info][gc,marking     ] GC(165) Concurrent Cleanup for Next Mark
[674.146s][info][gc,marking     ] GC(165) Concurrent Cleanup for Next Mark 11.024ms
[674.146s][info][gc             ] GC(165) Concurrent Mark Cycle 2364.126ms
[674.386s][info][gc,start       ] GC(166) Pause Young (Prepare Mixed) (G1 Evacuation Pause)
[674.386s][info][gc,task        ] GC(166) Using 8 workers of 8 for evacuation
[674.529s][info][gc,phases      ] GC(166)   Pre Evacuate Collection Set: 0.23ms
[674.529s][info][gc,phases      ] GC(166)   Merge Heap Roots: 0.62ms
[674.529s][info][gc,phases      ] GC(166)   Evacuate Collection Set: 141.06ms
[674.529s][info][gc,phases      ] GC(166)   Post Evacuate Collection Set: 0.94ms
[674.529s][info][gc,phases      ] GC(166)   Other: 0.07ms
[674.529s][info][gc,heap        ] GC(166) Eden regions: 421->0(575)
[674.529s][info][gc,heap        ] GC(166) Survivor regions: 38->39(58)
[674.529s][info][gc,heap        ] GC(166) Old regions: 278->286
[674.529s][info][gc,heap        ] GC(166) Humongous regions: 33->33
[674.529s][info][gc,metaspace   ] GC(166) Metaspace: 29906K(30336K)->29906K(30336K) NonClass: 24493K(24704K)->24493K(24704K) Class: 5412K(5632K)->5412K(5632K)
[674.529s][info][gc             ] GC(166) Pause Young (Prepare Mixed) (G1 Evacuation Pause) 6110M->2817M(8192M) 143.047ms
[674.529s][info][gc,cpu         ] GC(166) User=1.13s Sys=0.00s Real=0.14s
...[677.396s][info][gc,start       ] GC(167) Pause Young (Mixed) (G1 Evacuation Pause)
[677.396s][info][gc,task        ] GC(167) Using 8 workers of 8 for evacuation
[677.546s][info][gc,phases      ] GC(167)   Pre Evacuate Collection Set: 0.27ms
[677.546s][info][gc,phases      ] GC(167)   Merge Heap Roots: 0.59ms
[677.546s][info][gc,phases      ] GC(167)   Evacuate Collection Set: 146.80ms
[677.546s][info][gc,phases      ] GC(167)   Merge Optional Heap Roots: 0.08ms
[677.546s][info][gc,phases      ] GC(167)   Evacuate Optional Collection Set: 1.30ms
[677.546s][info][gc,phases      ] GC(167)   Post Evacuate Collection Set: 1.25ms
[677.546s][info][gc,phases      ] GC(167)   Other: 0.09ms
[677.546s][info][gc,heap        ] GC(167) Eden regions: 575->0(533)
[677.546s][info][gc,heap        ] GC(167) Survivor regions: 39->47(77)
[677.546s][info][gc,heap        ] GC(167) Old regions: 286->184
[677.546s][info][gc,heap        ] GC(167) Humongous regions: 33->33
[677.546s][info][gc,metaspace   ] GC(167) Metaspace: 29906K(30336K)->29906K(30336K) NonClass: 24493K(24704K)->24493K(24704K) Class: 5412K(5632K)->5412K(5632K)
[677.546s][info][gc             ] GC(167) Pause Young (Mixed) (G1 Evacuation Pause) 7417M->2084M(8192M) 150.520ms
[677.546s][info][gc,cpu         ] GC(167) User=1.19s Sys=0.00s Real=0.15s
...[680.444s][info][gc,start       ] GC(168) Pause Young (Mixed) (G1 Evacuation Pause)
[680.444s][info][gc,task        ] GC(168) Using 8 workers of 8 for evacuation
[680.614s][info][gc,phases      ] GC(168)   Pre Evacuate Collection Set: 0.27ms
[680.614s][info][gc,phases      ] GC(168)   Merge Heap Roots: 0.67ms
[680.614s][info][gc,phases      ] GC(168)   Evacuate Collection Set: 167.66ms
[680.614s][info][gc,phases      ] GC(168)   Post Evacuate Collection Set: 1.11ms
[680.614s][info][gc,phases      ] GC(168)   Other: 0.08ms
[680.614s][info][gc,heap        ] GC(168) Eden regions: 558->0(561)
[680.614s][info][gc,heap        ] GC(168) Survivor regions: 47->45(76)
[680.614s][info][gc,heap        ] GC(168) Old regions: 184->174
[680.614s][info][gc,heap        ] GC(168) Humongous regions: 33->33
[680.614s][info][gc,metaspace   ] GC(168) Metaspace: 29906K(30336K)->29906K(30336K) NonClass: 24493K(24704K)->24493K(24704K) Class: 5412K(5632K)->5412K(5632K)
[680.614s][info][gc             ] GC(168) Pause Young (Mixed) (G1 Evacuation Pause) 6548M->1996M(8192M) 169.928ms
[680.614s][info][gc,cpu         ] GC(168) User=1.35s Sys=0.00s Real=0.17s
...[683.509s][info][gc,start       ] GC(169) Pause Young (Mixed) (G1 Evacuation Pause)
[683.509s][info][gc,task        ] GC(169) Using 8 workers of 8 for evacuation
[683.675s][info][gc,phases      ] GC(169)   Pre Evacuate Collection Set: 0.24ms
[683.675s][info][gc,phases      ] GC(169)   Merge Heap Roots: 0.64ms
[683.675s][info][gc,phases      ] GC(169)   Evacuate Collection Set: 161.42ms
[683.675s][info][gc,phases      ] GC(169)   Merge Optional Heap Roots: 0.08ms
[683.675s][info][gc,phases      ] GC(169)   Evacuate Optional Collection Set: 2.69ms
[683.675s][info][gc,phases      ] GC(169)   Post Evacuate Collection Set: 1.20ms
[683.675s][info][gc,phases      ] GC(169)   Other: 0.08ms
[683.675s][info][gc,heap        ] GC(169) Eden regions: 569->0(570)
[683.675s][info][gc,heap        ] GC(169) Survivor regions: 45->44(77)
[683.675s][info][gc,heap        ] GC(169) Old regions: 174->159
[683.675s][info][gc,heap        ] GC(169) Humongous regions: 33->33
[683.675s][info][gc,metaspace   ] GC(169) Metaspace: 29906K(30336K)->29906K(30336K) NonClass: 24493K(24704K)->24493K(24704K) Class: 5412K(5632K)->5412K(5632K)
[683.675s][info][gc             ] GC(169) Pause Young (Mixed) (G1 Evacuation Pause) 6548M->1868M(8192M) 166.499ms
[683.675s][info][gc,cpu         ] GC(169) User=1.32s Sys=0.00s Real=0.17s
... (rIR:aIR:PR = 13397:13348:12444) (tPR = 184210) [PR is under limit] 
   685s: Re-initializing (term) [685.831s][info][gc,start       ] GC(170) Pause Full (System.gc())
[685.831s][info][gc,task        ] GC(170) Using 8 workers of 8 for full compaction
[685.831s][info][gc,phases,start] GC(170) Phase 1: Mark live objects
[685.846s][info][gc,phases      ] GC(170) Phase 1: Mark live objects 15.782ms
[685.847s][info][gc,phases,start] GC(170) Phase 2: Prepare compaction
[685.852s][info][gc,phases      ] GC(170) Phase 2: Prepare compaction 5.621ms
[685.852s][info][gc,phases,start] GC(170) Phase 3: Adjust pointers
[685.863s][info][gc,phases      ] GC(170) Phase 3: Adjust pointers 10.977ms
[685.863s][info][gc,phases,start] GC(170) Phase 4: Compact heap
[685.869s][info][gc,phases      ] GC(170) Phase 4: Compact heap 5.617ms
[685.869s][info][gc,phases,start] GC(170) Phase 5: Reset Metadata
[685.873s][info][gc,phases      ] GC(170) Phase 5: Reset Metadata 3.877ms
[685.881s][info][gc,heap        ] GC(170) Eden regions: 424->0(614)
[685.881s][info][gc,heap        ] GC(170) Survivor regions: 44->0(77)
[685.881s][info][gc,heap        ] GC(170) Old regions: 159->14
[685.881s][info][gc,heap        ] GC(170) Humongous regions: 33->33
[685.881s][info][gc,metaspace   ] GC(170) Metaspace: 29906K(30336K)->29906K(30336K) NonClass: 24493K(24704K)->24493K(24704K) Class: 5412K(5632K)->5412K(5632K)
[685.882s][info][gc             ] GC(170) Pause Full (System.gc()) 5252M->332M(8192M) 50.989ms
[685.882s][info][gc,cpu         ] GC(170) User=0.34s Sys=0.00s Real=0.05s
(init) ... OK
   691s: high-bound for max-jOPS is measured to be 13837
   691s: 
   691s: Restarting (term) [691.403s][info][gc,start       ] GC(171) Pause Full (System.gc())
[691.403s][info][gc,task        ] GC(171) Using 8 workers of 8 for full compaction
[691.403s][info][gc,phases,start] GC(171) Phase 1: Mark live objects
[691.419s][info][gc,phases      ] GC(171) Phase 1: Mark live objects 15.860ms
[691.419s][info][gc,phases,start] GC(171) Phase 2: Prepare compaction
[691.424s][info][gc,phases      ] GC(171) Phase 2: Prepare compaction 4.523ms
[691.424s][info][gc,phases,start] GC(171) Phase 3: Adjust pointers
[691.434s][info][gc,phases      ] GC(171) Phase 3: Adjust pointers 9.847ms
[691.434s][info][gc,phases,start] GC(171) Phase 4: Compact heap
[691.438s][info][gc,phases      ] GC(171) Phase 4: Compact heap 4.368ms
[691.438s][info][gc,phases,start] GC(171) Phase 5: Reset Metadata
[691.442s][info][gc,phases      ] GC(171) Phase 5: Reset Metadata 3.819ms
[691.451s][info][gc,heap        ] GC(171) Eden regions: 459->0(614)
[691.451s][info][gc,heap        ] GC(171) Survivor regions: 0->0(77)
[691.451s][info][gc,heap        ] GC(171) Old regions: 14->14
[691.451s][info][gc,heap        ] GC(171) Humongous regions: 86->33
[691.451s][info][gc,metaspace   ] GC(171) Metaspace: 29921K(30400K)->29921K(30400K) NonClass: 24509K(24768K)->24509K(24768K) Class: 5412K(5632K)->5412K(5632K)
[691.451s][info][gc             ] GC(171) Pause Full (System.gc()) 4420M->332M(8192M) 47.637ms
[691.451s][info][gc,cpu         ] GC(171) User=0.32s Sys=0.00s Real=0.05s
(init) ... OK
   696s: 
   696s: Warmup for building throughput-responsetime curve
   696s: (10%)   IR =   1384 ......[703.163s][info][gc,start       ] GC(172) Pause Young (Normal) (G1 Evacuation Pause)
[703.163s][info][gc,task        ] GC(172) Using 8 workers of 8 for evacuation
[703.897s][info][gc,mmu         ] GC(172) MMU target violated: 201.0ms (200.0ms/201.0ms)
[703.897s][info][gc,phases      ] GC(172)   Pre Evacuate Collection Set: 0.25ms
[703.897s][info][gc,phases      ] GC(172)   Merge Heap Roots: 0.99ms
[703.897s][info][gc,phases      ] GC(172)   Evacuate Collection Set: 731.10ms
[703.897s][info][gc,phases      ] GC(172)   Post Evacuate Collection Set: 1.36ms
[703.897s][info][gc,phases      ] GC(172)   Other: 0.11ms
[703.897s][info][gc,heap        ] GC(172) Eden regions: 614->0(233)
[703.897s][info][gc,heap        ] GC(172) Survivor regions: 0->77(77)
[703.897s][info][gc,heap        ] GC(172) Old regions: 14->89
[703.897s][info][gc,heap        ] GC(172) Humongous regions: 86->81
[703.897s][info][gc,metaspace   ] GC(172) Metaspace: 29933K(30464K)->29933K(30464K) NonClass: 24520K(24832K)->24520K(24832K) Class: 5412K(5632K)->5412K(5632K)
[703.897s][info][gc             ] GC(172) Pause Young (Normal) (G1 Evacuation Pause) 5668M->1932M(8192M) 733.941ms
[703.897s][info][gc,cpu         ] GC(172) User=5.82s Sys=0.00s Real=0.74s
..........[713.596s][info][gc,start       ] GC(173) Pause Young (Normal) (G1 Evacuation Pause)
[713.596s][info][gc,task        ] GC(173) Using 8 workers of 8 for evacuation
[713.944s][info][gc,mmu         ] GC(173) MMU target violated: 201.0ms (200.0ms/201.0ms)
[713.944s][info][gc,phases      ] GC(173)   Pre Evacuate Collection Set: 0.24ms
[713.944s][info][gc,phases      ] GC(173)   Merge Heap Roots: 0.77ms
[713.944s][info][gc,phases      ] GC(173)   Evacuate Collection Set: 346.16ms
[713.944s][info][gc,phases      ] GC(173)   Post Evacuate Collection Set: 0.68ms
[713.944s][info][gc,phases      ] GC(173)   Other: 0.09ms
[713.944s][info][gc,heap        ] GC(173) Eden regions: 224->0(199)
[713.944s][info][gc,heap        ] GC(173) Survivor regions: 77->16(38)
[713.944s][info][gc,heap        ] GC(173) Old regions: 89->169
[713.944s][info][gc,heap        ] GC(173) Humongous regions: 81->81
[713.944s][info][gc,metaspace   ] GC(173) Metaspace: 29933K(30464K)->29933K(30464K) NonClass: 24520K(24832K)->24520K(24832K) Class: 5412K(5632K)->5412K(5632K)
[713.944s][info][gc             ] GC(173) Pause Young (Normal) (G1 Evacuation Pause) 3724M->2076M(8192M) 348.032ms
[713.944s][info][gc,cpu         ] GC(173) User=2.77s Sys=0.00s Real=0.35s
...........[724.163s][info][gc,start       ] GC(174) Pause Young (Normal) (G1 Evacuation Pause)
[724.163s][info][gc,task        ] GC(174) Using 8 workers of 8 for evacuation
[724.243s][info][gc,phases      ] GC(174)   Pre Evacuate Collection Set: 0.26ms
[724.243s][info][gc,phases      ] GC(174)   Merge Heap Roots: 0.49ms
[724.243s][info][gc,phases      ] GC(174)   Evacuate Collection Set: 78.81ms
[724.243s][info][gc,phases      ] GC(174)   Post Evacuate Collection Set: 0.63ms
[724.244s][info][gc,phases      ] GC(174)   Other: 0.06ms
[724.244s][info][gc,heap        ] GC(174) Eden regions: 218->0(196)
[724.244s][info][gc,heap        ] GC(174) Survivor regions: 16->25(30)
[724.244s][info][gc,heap        ] GC(174) Old regions: 169->169
[724.244s][info][gc,heap        ] GC(174) Humongous regions: 81->81
[724.244s][info][gc,metaspace   ] GC(174) Metaspace: 29933K(30464K)->29933K(30464K) NonClass: 24520K(24832K)->24520K(24832K) Class: 5412K(5632K)->5412K(5632K)
[724.244s][info][gc             ] GC(174) Pause Young (Normal) (G1 Evacuation Pause) 3820M->2148M(8192M) 80.386ms
[724.244s][info][gc,cpu         ] GC(174) User=0.64s Sys=0.00s Real=0.09s
..........[734.323s][info][gc,start       ] GC(175) Pause Young (Normal) (G1 Evacuation Pause)
[734.323s][info][gc,task        ] GC(175) Using 8 workers of 8 for evacuation
[734.424s][info][gc,phases      ] GC(175)   Pre Evacuate Collection Set: 0.28ms
[734.424s][info][gc,phases      ] GC(175)   Merge Heap Roots: 0.49ms
[734.424s][info][gc,phases      ] GC(175)   Evacuate Collection Set: 98.88ms
[734.424s][info][gc,phases      ] GC(175)   Post Evacuate Collection Set: 0.59ms
[734.424s][info][gc,phases      ] GC(175)   Other: 0.06ms
[734.424s][info][gc,heap        ] GC(175) Eden regions: 209->0(226)
[734.424s][info][gc,heap        ] GC(175) Survivor regions: 25->24(30)
[734.424s][info][gc,heap        ] GC(175) Old regions: 169->178
[734.424s][info][gc,heap        ] GC(175) Humongous regions: 81->81
[734.424s][info][gc,metaspace   ] GC(175) Metaspace: 29933K(30464K)->29933K(30464K) NonClass: 24520K(24832K)->24520K(24832K) Class: 5412K(5632K)->5412K(5632K)
[734.424s][info][gc             ] GC(175) Pause Young (Normal) (G1 Evacuation Pause) 3820M->2220M(8192M) 100.431ms
[734.424s][info][gc,cpu         ] GC(175) User=0.79s Sys=0.00s Real=0.10s
............[746.934s][info][gc,start       ] GC(176) Pause Young (Normal) (G1 Evacuation Pause)
[746.934s][info][gc,task        ] GC(176) Using 8 workers of 8 for evacuation
[747.037s][info][gc,phases      ] GC(176)   Pre Evacuate Collection Set: 0.24ms
[747.037s][info][gc,phases      ] GC(176)   Merge Heap Roots: 0.42ms
[747.037s][info][gc,phases      ] GC(176)   Evacuate Collection Set: 101.69ms
[747.037s][info][gc,phases      ] GC(176)   Post Evacuate Collection Set: 0.64ms
[747.037s][info][gc,phases      ] GC(176)   Other: 0.07ms
[747.037s][info][gc,heap        ] GC(176) Eden regions: 257->0(275)
[747.037s][info][gc,heap        ] GC(176) Survivor regions: 24->26(36)
[747.037s][info][gc,heap        ] GC(176) Old regions: 178->186
[747.037s][info][gc,heap        ] GC(176) Humongous regions: 81->81
[747.037s][info][gc,metaspace   ] GC(176) Metaspace: 29936K(30464K)->29936K(30464K) NonClass: 24524K(24832K)->24524K(24832K) Class: 5412K(5632K)->5412K(5632K)
[747.037s][info][gc             ] GC(176) Pause Young (Normal) (G1 Evacuation Pause) 4276M->2300M(8192M) 103.219ms
[747.037s][info][gc,cpu         ] GC(176) User=0.82s Sys=0.00s Real=0.10s
...............[761.675s][info][gc,start       ] GC(177) Pause Young (Normal) (G1 Evacuation Pause)
[761.675s][info][gc,task        ] GC(177) Using 8 workers of 8 for evacuation
[761.782s][info][gc,phases      ] GC(177)   Pre Evacuate Collection Set: 0.25ms
[761.782s][info][gc,phases      ] GC(177)   Merge Heap Roots: 0.45ms
[761.782s][info][gc,phases      ] GC(177)   Evacuate Collection Set: 106.13ms
[761.782s][info][gc,phases      ] GC(177)   Post Evacuate Collection Set: 0.68ms
[761.782s][info][gc,phases      ] GC(177)   Other: 0.06ms
[761.782s][info][gc,heap        ] GC(177) Eden regions: 302->0(337)
[761.782s][info][gc,heap        ] GC(177) Survivor regions: 26->30(41)
[761.782s][info][gc,heap        ] GC(177) Old regions: 186->193
[761.782s][info][gc,heap        ] GC(177) Humongous regions: 81->81
[761.782s][info][gc,metaspace   ] GC(177) Metaspace: 29936K(30464K)->29936K(30464K) NonClass: 24524K(24832K)->24524K(24832K) Class: 5412K(5632K)->5412K(5632K)
[761.782s][info][gc             ] GC(177) Pause Young (Normal) (G1 Evacuation Pause) 4716M->2382M(8192M) 107.712ms
[761.782s][info][gc,cpu         ] GC(177) User=0.85s Sys=0.00s Real=0.10s
.................[779.040s][info][gc,start       ] GC(178) Pause Young (Normal) (G1 Evacuation Pause)
[779.040s][info][gc,task        ] GC(178) Using 8 workers of 8 for evacuation
[779.158s][info][gc,phases      ] GC(178)   Pre Evacuate Collection Set: 0.25ms
[779.158s][info][gc,phases      ] GC(178)   Merge Heap Roots: 0.48ms
[779.158s][info][gc,phases      ] GC(178)   Evacuate Collection Set: 116.34ms
[779.158s][info][gc,phases      ] GC(178)   Post Evacuate Collection Set: 0.76ms
[779.158s][info][gc,phases      ] GC(178)   Other: 0.06ms
[779.158s][info][gc,heap        ] GC(178) Eden regions: 353->0(388)
[779.158s][info][gc,heap        ] GC(178) Survivor regions: 30->32(48)
[779.158s][info][gc,heap        ] GC(178) Old regions: 193->201
[779.158s][info][gc,heap        ] GC(178) Humongous regions: 81->81
[779.158s][info][gc,metaspace   ] GC(178) Metaspace: 29936K(30464K)->29936K(30464K) NonClass: 24524K(24832K)->24524K(24832K) Class: 5412K(5632K)->5412K(5632K)
[779.158s][info][gc             ] GC(178) Pause Young (Normal) (G1 Evacuation Pause) 5206M->2461M(8192M) 118.036ms
[779.158s][info][gc,cpu         ] GC(178) User=0.94s Sys=0.00s Real=0.12s
....................[798.553s][info][gc,start       ] GC(179) Pause Young (Normal) (G1 Evacuation Pause)
[798.553s][info][gc,task        ] GC(179) Using 8 workers of 8 for evacuation
[798.681s][info][gc,phases      ] GC(179)   Pre Evacuate Collection Set: 0.28ms
[798.681s][info][gc,phases      ] GC(179)   Merge Heap Roots: 0.46ms
[798.681s][info][gc,phases      ] GC(179)   Evacuate Collection Set: 125.86ms
[798.681s][info][gc,phases      ] GC(179)   Post Evacuate Collection Set: 0.85ms
[798.681s][info][gc,phases      ] GC(179)   Other: 0.08ms
[798.681s][info][gc,heap        ] GC(179) Eden regions: 395->0(410)
[798.681s][info][gc,heap        ] GC(179) Survivor regions: 32->36(54)
[798.681s][info][gc,heap        ] GC(179) Old regions: 201->208
[798.681s][info][gc,heap        ] GC(179) Humongous regions: 81->81
[798.681s][info][gc,metaspace   ] GC(179) Metaspace: 29936K(30464K)->29936K(30464K) NonClass: 24524K(24832K)->24524K(24832K) Class: 5412K(5632K)->5412K(5632K)
[798.681s][info][gc             ] GC(179) Pause Young (Normal) (G1 Evacuation Pause) 5621M->2549M(8192M) 127.643ms
[798.681s][info][gc,cpu         ] GC(179) User=1.01s Sys=0.00s Real=0.12s
....................[818.941s][info][gc,start       ] GC(180) Pause Young (Normal) (G1 Evacuation Pause)
[818.941s][info][gc,task        ] GC(180) Using 8 workers of 8 for evacuation
[819.072s][info][gc,phases      ] GC(180)   Pre Evacuate Collection Set: 0.27ms
[819.072s][info][gc,phases      ] GC(180)   Merge Heap Roots: 0.48ms
[819.072s][info][gc,phases      ] GC(180)   Evacuate Collection Set: 130.01ms
[819.072s][info][gc,phases      ] GC(180)   Post Evacuate Collection Set: 0.84ms
[819.072s][info][gc,phases      ] GC(180)   Other: 0.06ms
[819.072s][info][gc,heap        ] GC(180) Eden regions: 415->0(477)
[819.072s][info][gc,heap        ] GC(180) Survivor regions: 36->36(57)
[819.072s][info][gc,heap        ] GC(180) Old regions: 208->216
[819.072s][info][gc,heap        ] GC(180) Humongous regions: 81->81
[819.072s][info][gc,metaspace   ] GC(180) Metaspace: 29938K(30464K)->29938K(30464K) NonClass: 24525K(24832K)->24525K(24832K) Class: 5412K(5632K)->5412K(5632K)
[819.073s][info][gc             ] GC(180) Pause Young (Normal) (G1 Evacuation Pause) 5869M->2614M(8192M) 131.796ms
[819.073s][info][gc,cpu         ] GC(180) User=1.05s Sys=0.00s Real=0.13s
........................[842.504s][info][gc,start       ] GC(181) Pause Young (Normal) (G1 Evacuation Pause)
[842.504s][info][gc,task        ] GC(181) Using 8 workers of 8 for evacuation
[842.639s][info][gc,phases      ] GC(181)   Pre Evacuate Collection Set: 0.23ms
[842.639s][info][gc,phases      ] GC(181)   Merge Heap Roots: 0.54ms
[842.639s][info][gc,phases      ] GC(181)   Evacuate Collection Set: 133.14ms
[842.639s][info][gc,phases      ] GC(181)   Post Evacuate Collection Set: 0.88ms
[842.639s][info][gc,phases      ] GC(181)   Other: 0.06ms
[842.639s][info][gc,heap        ] GC(181) Eden regions: 479->0(526)
[842.639s][info][gc,heap        ] GC(181) Survivor regions: 36->38(65)
[842.639s][info][gc,heap        ] GC(181) Old regions: 216->223
[842.639s][info][gc,heap        ] GC(181) Humongous regions: 81->81
[842.639s][info][gc,metaspace   ] GC(181) Metaspace: 29938K(30464K)->29938K(30464K) NonClass: 24525K(24832K)->24525K(24832K) Class: 5412K(5632K)->5412K(5632K)
[842.639s][info][gc             ] GC(181) Pause Young (Normal) (G1 Evacuation Pause) 6446M->2684M(8192M) 134.981ms
[842.639s][info][gc,cpu         ] GC(181) User=1.07s Sys=0.00s Real=0.13s
..........................[868.258s][info][gc,start       ] GC(182) Pause Young (Normal) (G1 Evacuation Pause)
[868.258s][info][gc,task        ] GC(182) Using 8 workers of 8 for evacuation
[868.401s][info][gc,phases      ] GC(182)   Pre Evacuate Collection Set: 0.27ms
[868.401s][info][gc,phases      ] GC(182)   Merge Heap Roots: 0.49ms
[868.401s][info][gc,phases      ] GC(182)   Evacuate Collection Set: 140.91ms
[868.401s][info][gc,phases      ] GC(182)   Post Evacuate Collection Set: 0.96ms
[868.401s][info][gc,phases      ] GC(182)   Other: 0.06ms
[868.401s][info][gc,heap        ] GC(182) Eden regions: 524->0(560)
[868.401s][info][gc,heap        ] GC(182) Survivor regions: 38->40(71)
[868.401s][info][gc,heap        ] GC(182) Old regions: 223->230
[868.401s][info][gc,heap        ] GC(182) Humongous regions: 81->81
[868.401s][info][gc,metaspace   ] GC(182) Metaspace: 29941K(30464K)->29941K(30464K) NonClass: 24528K(24832K)->24528K(24832K) Class: 5412K(5632K)->5412K(5632K)
[868.401s][info][gc             ] GC(182) Pause Young (Normal) (G1 Evacuation Pause) 6876M->2758M(8192M) 142.821ms
[868.401s][info][gc,cpu         ] GC(182) User=1.13s Sys=0.00s Real=0.14s
......... (rIR:aIR:PR = 1384:1384:1384) (tPR = 20679) [OK] 
   877s: 
   877s: Building throughput-responsetime curve
   877s: ( 0%)   IR =      0 ...|............................................................ (rIR:aIR:PR = 0:0:0) (tPR = 0) [OK] 
   940s: Performance info:
         Transaction,    Success,    Partial,     Failed,   Receipts, AvgBarcode, 
         Response times:
             Request,    Success,    Partial,     Failed,   SkipFail,     Probes,    Samples,      min,      p50,      p90,      p95,      p99,      max, 

   940s: ( 1%)   IR =    138 ....|............................................................ (rIR:aIR:PR = 138:138:138) (tPR = 2019) [OK] 
  1004s: Performance info:
         Transaction,    Success,    Partial,     Failed,   Receipts, AvgBarcode, 
             Overall,       8287,          0,          0,       7868,      59.47, 
         Response times:
             Request,    Success,    Partial,     Failed,   SkipFail,     Probes,    Samples,      min,      p50,      p90,      p95,      p99,      max, 
       TotalPurchase,       7868,          0,          0,          0,       7261,       8275,      300,      400,      500,      500,      700,     1000,
     InStorePurchase,       4144,          0,          0,          0,       3870,       4360,      300,      400,      500,      500,      700,      900,
      OnlinePurchase,       2895,          0,          0,          0,       2692,       3058,      300,      400,      500,      600,      700,     1000,
        InstPurchase,        829,          0,          0,          0,        699,        857,      400,      500,      500,      600,      700,     1000,
          AssocOfCat,          8,          0,          0,          0,          8,          8,    22000,    22500,    28000,    28000,    28000,    28000,
      AssocOfProduct,         84,          0,          0,          0,         83,         88,      400,      600,      710,      800,      800,      800,
      BusinessReport,         23,          0,          0,          0,         20,         21,    22000,    24000,    27000,    27900,    28000,    28000,
          CustBuyBeh,         84,          0,          0,          0,         83,         88,      200,      200,      300,      300,      400,      400,
       ProductReturn,        220,          0,          0,          0,        150,        206,      200,      300,      300,      300,      500,      500,

  1004s: ( 2%)   IR =    277 ....|......................................................[1063.109s][info][gc,start       ] GC(183) Pause Young (Normal) (G1 Evacuation Pause)
[1063.110s][info][gc,task        ] GC(183) Using 8 workers of 8 for evacuation
[1063.253s][info][gc,phases      ] GC(183)   Pre Evacuate Collection Set: 0.24ms
[1063.253s][info][gc,phases      ] GC(183)   Merge Heap Roots: 0.62ms
[1063.253s][info][gc,phases      ] GC(183)   Evacuate Collection Set: 141.99ms
[1063.253s][info][gc,phases      ] GC(183)   Post Evacuate Collection Set: 0.99ms
[1063.253s][info][gc,phases      ] GC(183)   Other: 0.07ms
[1063.253s][info][gc,heap        ] GC(183) Eden regions: 556->0(572)
[1063.253s][info][gc,heap        ] GC(183) Survivor regions: 40->41(75)
[1063.253s][info][gc,heap        ] GC(183) Old regions: 230->237
[1063.253s][info][gc,heap        ] GC(183) Humongous regions: 81->81
[1063.253s][info][gc,metaspace   ] GC(183) Metaspace: 29951K(30464K)->29951K(30464K) NonClass: 24538K(24832K)->24538K(24832K) Class: 5412K(5632K)->5412K(5632K)
[1063.254s][info][gc             ] GC(183) Pause Young (Normal) (G1 Evacuation Pause) 7206M->2817M(8192M) 144.050ms
[1063.254s][info][gc,cpu         ] GC(183) User=1.14s Sys=0.00s Real=0.15s
...... (rIR:aIR:PR = 277:277:277) (tPR = 4049) [OK] 
  1068s: Performance info:
         Transaction,    Success,    Partial,     Failed,   Receipts, AvgBarcode, 
             Overall,      16635,          0,          0,      15806,      59.46, 
         Response times:
             Request,    Success,    Partial,     Failed,   SkipFail,     Probes,    Samples,      min,      p50,      p90,      p95,      p99,      max, 
       TotalPurchase,      15806,          0,          0,          0,      14816,      16388,      300,      500,      700,      700,      900,   145000,
     InStorePurchase,       8329,          0,          0,          0,       7906,       8710,      300,      500,      600,      700,      900,   145000,
      OnlinePurchase,       5813,          0,          0,          0,       5443,       5962,      300,      500,      600,      700,      900,     2100,
        InstPurchase,       1664,          0,          0,          0,       1467,       1716,      400,      500,      700,      800,      900,     2100,
          AssocOfCat,         17,          0,          0,          0,         13,         16,    22000,    23000,    26300,    27000,    27000,    27000,
      AssocOfProduct,        164,          0,          0,          0,        128,        195,      300,      700,      800,      900,     1004,     1100,
      BusinessReport,         41,          0,          0,          0,         39,         44,    18300,    24000,    25500,    27000,    27000,    27000,
          CustBuyBeh,        168,          0,          0,          0,        136,        190,      200,      300,      400,      600,      809,      900,
       ProductReturn,        439,          0,          0,          0,        352,        448,      200,      300,      300,      400,      600,      900,

  1068s: ( 3%)   IR =    415 ....|............................................................ (rIR:aIR:PR = 415:415:415) (tPR = 6204) [OK] 
  1132s: Performance info:
         Transaction,    Success,    Partial,     Failed,   Receipts, AvgBarcode, 
             Overall,      24912,          0,          0,      23665,      59.48, 
         Response times:
             Request,    Success,    Partial,     Failed,   SkipFail,     Probes,    Samples,      min,      p50,      p90,      p95,      p99,      max, 
       TotalPurchase,      23665,          0,          0,          0,      22482,      24811,      300,      600,      800,      900,     1100,     1500,
     InStorePurchase,      12457,          0,          0,          0,      11913,      13094,      300,      500,      800,      900,     1000,     1500,
      OnlinePurchase,       8711,          0,          0,          0,       8248,       9076,      300,      600,      800,      900,     1100,     1400,
        InstPurchase,       2497,          0,          0,          0,       2321,       2641,      400,      600,      900,     1000,     1100,     1500,
          AssocOfCat,         26,          0,          0,          0,         25,         26,    22000,    24000,    25600,    27650,    28000,    28000,
      AssocOfProduct,        249,          0,          0,          0,        189,        274,      500,      800,     1000,     1100,     1300,     1400,
      BusinessReport,         63,          0,          0,          0,         62,         66,    19900,    27000,    28000,    30300,    35000,    35000,
          CustBuyBeh,        253,          0,          0,          0,        199,        286,      200,      300,      700,      800,      900,     1200,
       ProductReturn,        656,          0,          0,          0,        540,        685,      200,      300,      700,      800,      900,     1000,

  1132s: ( 4%)   IR =    553 .....|..............[1151.886s][info][gc,start       ] GC(184) Pause Young (Normal) (G1 Evacuation Pause)
[1151.887s][info][gc,task        ] GC(184) Using 8 workers of 8 for evacuation
[1152.034s][info][gc,phases      ] GC(184)   Pre Evacuate Collection Set: 0.25ms
[1152.034s][info][gc,phases      ] GC(184)   Merge Heap Roots: 0.63ms
[1152.034s][info][gc,phases      ] GC(184)   Evacuate Collection Set: 145.59ms
[1152.034s][info][gc,phases      ] GC(184)   Post Evacuate Collection Set: 1.01ms
[1152.034s][info][gc,phases      ] GC(184)   Other: 0.07ms
[1152.034s][info][gc,heap        ] GC(184) Eden regions: 572->0(564)
[1152.034s][info][gc,heap        ] GC(184) Survivor regions: 41->42(77)
[1152.034s][info][gc,heap        ] GC(184) Old regions: 237->243
[1152.034s][info][gc,heap        ] GC(184) Humongous regions: 81->81
[1152.034s][info][gc,metaspace   ] GC(184) Metaspace: 29952K(30464K)->29952K(30464K) NonClass: 24539K(24832K)->24539K(24832K) Class: 5412K(5632K)->5412K(5632K)
[1152.034s][info][gc             ] GC(184) Pause Young (Normal) (G1 Evacuation Pause) 7393M->2882M(8192M) 147.681ms
[1152.034s][info][gc,cpu         ] GC(184) User=1.17s Sys=0.00s Real=0.15s
.............................................. (rIR:aIR:PR = 553:553:553) (tPR = 8165) [OK] 
  1197s: Performance info:
         Transaction,    Success,    Partial,     Failed,   Receipts, AvgBarcode, 
             Overall,      33187,          0,          0,      31515,      59.46, 
         Response times:
             Request,    Success,    Partial,     Failed,   SkipFail,     Probes,    Samples,      min,      p50,      p90,      p95,      p99,      max, 
       TotalPurchase,      31515,          0,          0,          0,      30154,      33682,      300,      600,     1000,     1100,     1300,   153000,
     InStorePurchase,      16594,          0,          0,          0,      15940,      17669,      300,      600,      900,     1000,     1200,   153000,
      OnlinePurchase,      11605,          0,          0,          0,      11105,      12407,      300,      700,     1000,     1100,     1300,   153000,
        InstPurchase,       3316,          0,          0,          0,       3109,       3606,      400,      700,     1000,     1100,     1400,   152000,
          AssocOfCat,         34,          0,          0,          0,         32,         36,    21000,    24000,    27000,    27600,    31000,    31000,
      AssocOfProduct,        331,          0,          0,          0,        253,        335,      500,      800,     1100,     1200,     1464,     1900,
      BusinessReport,         84,          0,          0,          0,         78,         89,    18500,    26000,    29000,    32500,    46000,    46000,
          CustBuyBeh,        335,          0,          0,          0,        269,        380,      200,      300,      700,      900,     1100,     1200,
       ProductReturn,        888,          0,          0,          0,        771,        950,      200,      300,      800,      900,     1100,     4600,

  1197s: ( 5%)   IR =    692 .....|.............[1216.105s][info][gc,start       ] GC(185) Pause Young (Normal) (G1 Evacuation Pause)
[1216.105s][info][gc,task        ] GC(185) Using 8 workers of 8 for evacuation
[1216.255s][info][gc,phases      ] GC(185)   Pre Evacuate Collection Set: 0.27ms
[1216.255s][info][gc,phases      ] GC(185)   Merge Heap Roots: 0.68ms
[1216.255s][info][gc,phases      ] GC(185)   Evacuate Collection Set: 148.23ms
[1216.255s][info][gc,phases      ] GC(185)   Post Evacuate Collection Set: 1.05ms
[1216.255s][info][gc,phases      ] GC(185)   Other: 0.07ms
[1216.255s][info][gc,heap        ] GC(185) Eden regions: 564->0(555)
[1216.255s][info][gc,heap        ] GC(185) Survivor regions: 42->43(76)
[1216.255s][info][gc,heap        ] GC(185) Old regions: 243->250
[1216.255s][info][gc,heap        ] GC(185) Humongous regions: 81->81
[1216.255s][info][gc,metaspace   ] GC(185) Metaspace: 29953K(30464K)->29953K(30464K) NonClass: 24540K(24832K)->24540K(24832K) Class: 5412K(5632K)->5412K(5632K)
[1216.255s][info][gc             ] GC(185) Pause Young (Normal) (G1 Evacuation Pause) 7394M->2939M(8192M) 150.441ms
[1216.255s][info][gc,cpu         ] GC(185) User=1.19s Sys=0.00s Real=0.15s
............................................... (rIR:aIR:PR = 692:692:692) (tPR = 10381) [OK] 
  1262s: Performance info:
         Transaction,    Success,    Partial,     Failed,   Receipts, AvgBarcode, 
             Overall,      41544,          0,          0,      39466,      59.48, 
         Response times:
             Request,    Success,    Partial,     Failed,   SkipFail,     Probes,    Samples,      min,      p50,      p90,      p95,      p99,      max, 
       TotalPurchase,      39466,          0,          0,          0,      37762,      42028,      300,      700,     1100,     1200,     1500,     4900,
     InStorePurchase,      20792,          0,          0,          0,      19920,      22102,      300,      700,     1100,     1200,     1500,     4900,
      OnlinePurchase,      14523,          0,          0,          0,      13971,      15523,      300,      700,     1100,     1200,     1500,     4800,
        InstPurchase,       4151,          0,          0,          0,       3871,       4403,      400,      800,     1100,     1300,     1600,     4700,
          AssocOfCat,         42,          0,          0,          0,         37,         44,    18200,    25000,    27500,    31500,    32000,    32000,
      AssocOfProduct,        416,          0,          0,          0,        309,        407,      500,      900,     1200,     1300,     1500,     1800,
      BusinessReport,        105,          0,          0,          0,        101,        112,    18600,    26000,    29000,    30000,   161500,   181000,
          CustBuyBeh,        414,          0,          0,          0,        332,        467,      100,      300,      600,      700,     1164,     4400,
       ProductReturn,       1101,          0,          0,          0,        961,       1144,      200,      400,      800,     1000,     1300,     4400,

  1262s: ( 6%)   IR =    830 ......|[1269.096s][info][gc,start       ] GC(186) Pause Young (Normal) (G1 Evacuation Pause)
[1269.096s][info][gc,task        ] GC(186) Using 8 workers of 8 for evacuation
[1269.246s][info][gc,phases      ] GC(186)   Pre Evacuate Collection Set: 0.28ms
[1269.246s][info][gc,phases      ] GC(186)   Merge Heap Roots: 0.60ms
[1269.246s][info][gc,phases      ] GC(186)   Evacuate Collection Set: 147.82ms
[1269.246s][info][gc,phases      ] GC(186)   Post Evacuate Collection Set: 1.04ms
[1269.246s][info][gc,phases      ] GC(186)   Other: 0.07ms
[1269.246s][info][gc,heap        ] GC(186) Eden regions: 555->0(550)
[1269.246s][info][gc,heap        ] GC(186) Survivor regions: 43->42(75)
[1269.246s][info][gc,heap        ] GC(186) Old regions: 250->257
[1269.246s][info][gc,heap        ] GC(186) Humongous regions: 81->81
[1269.246s][info][gc,metaspace   ] GC(186) Metaspace: 29954K(30464K)->29954K(30464K) NonClass: 24542K(24832K)->24542K(24832K) Class: 5412K(5632K)->5412K(5632K)
[1269.246s][info][gc             ] GC(186) Pause Young (Normal) (G1 Evacuation Pause) 7379M->2991M(8192M) 149.945ms
[1269.246s][info][gc,cpu         ] GC(186) User=1.19s Sys=0.00s Real=0.15s
.............................................[1313.876s][info][gc,start       ] GC(187) Pause Young (Normal) (G1 Evacuation Pause)
[1313.876s][info][gc,task        ] GC(187) Using 8 workers of 8 for evacuation
[1314.023s][info][gc,phases      ] GC(187)   Pre Evacuate Collection Set: 0.27ms
[1314.024s][info][gc,phases      ] GC(187)   Merge Heap Roots: 0.60ms
[1314.024s][info][gc,phases      ] GC(187)   Evacuate Collection Set: 145.51ms
[1314.024s][info][gc,phases      ] GC(187)   Post Evacuate Collection Set: 1.02ms
[1314.024s][info][gc,phases      ] GC(187)   Other: 0.06ms
[1314.024s][info][gc,heap        ] GC(187) Eden regions: 550->0(543)
[1314.024s][info][gc,heap        ] GC(187) Survivor regions: 42->42(74)
[1314.024s][info][gc,heap        ] GC(187) Old regions: 257->264
[1314.024s][info][gc,heap        ] GC(187) Humongous regions: 81->81
[1314.024s][info][gc,metaspace   ] GC(187) Metaspace: 29956K(30464K)->29956K(30464K) NonClass: 24543K(24832K)->24543K(24832K) Class: 5412K(5632K)->5412K(5632K)
[1314.024s][info][gc             ] GC(187) Pause Young (Normal) (G1 Evacuation Pause) 7391M->3045M(8192M) 147.590ms
[1314.024s][info][gc,cpu         ] GC(187) User=1.17s Sys=0.00s Real=0.15s
............... (rIR:aIR:PR = 830:831:831) (tPR = 12387) [OK] 
  1328s: Performance info:
         Transaction,    Success,    Partial,     Failed,   Receipts, AvgBarcode, 
             Overall,      49861,          0,          0,      47375,      59.48, 
         Response times:
             Request,    Success,    Partial,     Failed,   SkipFail,     Probes,    Samples,      min,      p50,      p90,      p95,      p99,      max, 
       TotalPurchase,      47375,          0,          0,          0,      45751,      51439,      300,      800,     1300,     1400,     1700,   154000,
     InStorePurchase,      24930,          0,          0,          0,      24231,      27111,      300,      800,     1200,     1400,     1700,   152000,
      OnlinePurchase,      17470,          0,          0,          0,      16861,      18910,      300,      800,     1300,     1400,     1700,   152000,
        InstPurchase,       4975,          0,          0,          0,       4659,       5418,      400,     1000,     1300,     1500,     1800,   154000,
          AssocOfCat,         51,          0,          0,          0,         49,         54,    19200,    24000,    27500,    30250,    45000,    45000,
      AssocOfProduct,        497,          0,          0,          0,        425,        578,      500,     1000,     1500,     1600,     1821,     2100,
      BusinessReport,        123,          0,          0,          0,        104,        147,    18200,    27000,    29000,    29000,    30520,    31000,
          CustBuyBeh,        495,          0,          0,          0,        406,        539,      200,      400,     1100,     1200,     1460,     1700,
       ProductReturn,       1320,          0,          0,          0,       1192,       1439,      200,      700,     1100,     1200,     1500,     6400,

  1328s: ( 7%)   IR =    969 .......|..................[1353.776s][info][gc,start       ] GC(188) Pause Young (Normal) (G1 Evacuation Pause)
[1353.776s][info][gc,task        ] GC(188) Using 8 workers of 8 for evacuation
[1353.922s][info][gc,phases      ] GC(188)   Pre Evacuate Collection Set: 0.24ms
[1353.922s][info][gc,phases      ] GC(188)   Merge Heap Roots: 0.53ms
[1353.922s][info][gc,phases      ] GC(188)   Evacuate Collection Set: 144.25ms
[1353.922s][info][gc,phases      ] GC(188)   Post Evacuate Collection Set: 1.02ms
[1353.922s][info][gc,phases      ] GC(188)   Other: 0.08ms
[1353.922s][info][gc,heap        ] GC(188) Eden regions: 543->0(536)
[1353.922s][info][gc,heap        ] GC(188) Survivor regions: 42->42(74)
[1353.922s][info][gc,heap        ] GC(188) Old regions: 264->271
[1353.922s][info][gc,heap        ] GC(188) Humongous regions: 81->81
[1353.922s][info][gc,metaspace   ] GC(188) Metaspace: 29956K(30464K)->29956K(30464K) NonClass: 24543K(24832K)->24543K(24832K) Class: 5412K(5632K)->5412K(5632K)
[1353.922s][info][gc             ] GC(188) Pause Young (Normal) (G1 Evacuation Pause) 7389M->3103M(8192M) 146.252ms
[1353.922s][info][gc,cpu         ] GC(188) User=1.15s Sys=0.00s Real=0.14s
.....................................[1391.385s][info][gc,start       ] GC(189) Pause Young (Normal) (G1 Evacuation Pause)
[1391.385s][info][gc,task        ] GC(189) Using 8 workers of 8 for evacuation
[1391.531s][info][gc,phases      ] GC(189)   Pre Evacuate Collection Set: 0.24ms
[1391.531s][info][gc,phases      ] GC(189)   Merge Heap Roots: 0.58ms
[1391.531s][info][gc,phases      ] GC(189)   Evacuate Collection Set: 144.55ms
[1391.531s][info][gc,phases      ] GC(189)   Post Evacuate Collection Set: 1.00ms
[1391.531s][info][gc,phases      ] GC(189)   Other: 0.09ms
[1391.531s][info][gc,heap        ] GC(189) Eden regions: 536->0(530)
[1391.531s][info][gc,heap        ] GC(189) Survivor regions: 42->41(73)
[1391.531s][info][gc,heap        ] GC(189) Old regions: 271->279
[1391.531s][info][gc,heap        ] GC(189) Humongous regions: 81->81
[1391.531s][info][gc,metaspace   ] GC(189) Metaspace: 29956K(30464K)->29956K(30464K) NonClass: 24543K(24832K)->24543K(24832K) Class: 5412K(5632K)->5412K(5632K)
[1391.531s][info][gc             ] GC(189) Pause Young (Normal) (G1 Evacuation Pause) 7391M->3154M(8192M) 146.596ms
[1391.531s][info][gc,cpu         ] GC(189) User=1.15s Sys=0.01s Real=0.14s
..... (rIR:aIR:PR = 969:968:968) (tPR = 14410) [OK] 
  1395s: Performance info:
         Transaction,    Success,    Partial,     Failed,   Receipts, AvgBarcode, 
             Overall,      58096,          0,          0,      55187,      59.46, 
         Response times:
             Request,    Success,    Partial,     Failed,   SkipFail,     Probes,    Samples,      min,      p50,      p90,      p95,      p99,      max, 
       TotalPurchase,      55187,          0,          0,          0,      53464,      61118,      300,      900,     1400,     1600,     1900,   152000,
     InStorePurchase,      29031,          0,          0,          0,      28173,      32023,      300,      900,     1400,     1500,     1900,   152000,
      OnlinePurchase,      20349,          0,          0,          0,      19787,      22675,      300,      900,     1400,     1600,     1900,   152000,
        InstPurchase,       5807,          0,          0,          0,       5504,       6420,      400,     1000,     1500,     1600,     1900,   151000,
          AssocOfCat,         57,          0,          0,          0,         53,         64,    18100,    25000,    26500,    27000,    30000,    30000,
      AssocOfProduct,        583,          0,          0,          0,        470,        660,      600,     1200,     1600,     1700,     2100,     3200,
      BusinessReport,        144,          0,          0,          0,        109,        155,    18900,    27000,    29400,    31000,    35000,    35000,
          CustBuyBeh,        587,          0,          0,          0,        478,        643,      200,      300,      800,     1000,     1300,     1900,
       ProductReturn,       1538,          0,          0,          0,       1405,       1756,      200,      600,     1300,     1400,     1900,     7400,

  1395s: ( 8%)   IR =   1107 ....|........................[1424.351s][info][gc,start       ] GC(190) Pause Young (Normal) (G1 Evacuation Pause)
[1424.351s][info][gc,task        ] GC(190) Using 8 workers of 8 for evacuation
[1424.500s][info][gc,phases      ] GC(190)   Pre Evacuate Collection Set: 0.27ms
[1424.500s][info][gc,phases      ] GC(190)   Merge Heap Roots: 0.54ms
[1424.500s][info][gc,phases      ] GC(190)   Evacuate Collection Set: 147.07ms
[1424.500s][info][gc,phases      ] GC(190)   Post Evacuate Collection Set: 0.98ms
[1424.500s][info][gc,phases      ] GC(190)   Other: 0.06ms
[1424.500s][info][gc,heap        ] GC(190) Eden regions: 530->0(523)
[1424.500s][info][gc,heap        ] GC(190) Survivor regions: 41->41(72)
[1424.500s][info][gc,heap        ] GC(190) Old regions: 279->286
[1424.500s][info][gc,heap        ] GC(190) Humongous regions: 81->81
[1424.500s][info][gc,metaspace   ] GC(190) Metaspace: 29958K(30464K)->29958K(30464K) NonClass: 24545K(24832K)->24545K(24832K) Class: 5412K(5632K)->5412K(5632K)
[1424.500s][info][gc             ] GC(190) Pause Young (Normal) (G1 Evacuation Pause) 7394M->3215M(8192M) 149.060ms
[1424.500s][info][gc,cpu         ] GC(190) User=1.18s Sys=0.00s Real=0.15s
................................[1456.471s][info][gc,start       ] GC(191) Pause Young (Normal) (G1 Evacuation Pause)
[1456.472s][info][gc,task        ] GC(191) Using 8 workers of 8 for evacuation
[1456.619s][info][gc,phases      ] GC(191)   Pre Evacuate Collection Set: 0.27ms
[1456.619s][info][gc,phases      ] GC(191)   Merge Heap Roots: 0.60ms
[1456.619s][info][gc,phases      ] GC(191)   Evacuate Collection Set: 145.19ms
[1456.619s][info][gc,phases      ] GC(191)   Post Evacuate Collection Set: 0.92ms
[1456.619s][info][gc,phases      ] GC(191)   Other: 0.07ms
[1456.619s][info][gc,heap        ] GC(191) Eden regions: 523->0(516)
[1456.619s][info][gc,heap        ] GC(191) Survivor regions: 41->41(71)
[1456.619s][info][gc,heap        ] GC(191) Old regions: 286->293
[1456.619s][info][gc,heap        ] GC(191) Humongous regions: 81->81
[1456.619s][info][gc,metaspace   ] GC(191) Metaspace: 29958K(30464K)->29958K(30464K) NonClass: 24545K(24832K)->24545K(24832K) Class: 5412K(5632K)->5412K(5632K)
[1456.619s][info][gc             ] GC(191) Pause Young (Normal) (G1 Evacuation Pause) 7399M->3274M(8192M) 147.173ms
[1456.619s][info][gc,cpu         ] GC(191) User=1.17s Sys=0.00s Real=0.15s
.... (rIR:aIR:PR = 1107:1107:1107) (tPR = 16288) [OK] 
  1459s: Performance info:
         Transaction,    Success,    Partial,     Failed,   Receipts, AvgBarcode, 
             Overall,      66479,          0,          0,      63155,      59.48, 
         Response times:
             Request,    Success,    Partial,     Failed,   SkipFail,     Probes,    Samples,      min,      p50,      p90,      p95,      p99,      max, 
       TotalPurchase,      63155,          0,          0,          0,      60729,      66108,      300,     1000,     1600,     1700,     2100,    10700,
     InStorePurchase,      33240,          0,          0,          0,      32119,      34812,      300,      900,     1500,     1700,     2100,    10700,
      OnlinePurchase,      23260,          0,          0,          0,      22396,      24373,      300,     1000,     1600,     1700,     2100,    10600,
        InstPurchase,       6655,          0,          0,          0,       6214,       6923,      400,     1200,     1700,     1800,     2400,     9700,
          AssocOfCat,         67,          0,          0,          0,         64,         71,    19100,    25000,    28000,    29400,    36000,    36000,
      AssocOfProduct,        667,          0,          0,          0,        589,        712,      500,     1100,     1700,     1900,     2187,     8600,
      BusinessReport,        169,          0,          0,          0,        132,        186,    19300,    27000,    30000,    31650,    56850,   183000,
          CustBuyBeh,        662,          0,          0,          0,        582,        730,      200,      400,      990,     1200,     2100,     3600,
       ProductReturn,       1759,          0,          0,          0,       1581,       1896,      200,     1000,     1500,     1600,     2000,     9100,

  1459s: ( 9%)   IR =   1245 ....|.....................[1484.748s][info][gc,start       ] GC(192) Pause Young (Normal) (G1 Evacuation Pause)
[1484.748s][info][gc,task        ] GC(192) Using 8 workers of 8 for evacuation
[1484.893s][info][gc,phases      ] GC(192)   Pre Evacuate Collection Set: 0.28ms
[1484.893s][info][gc,phases      ] GC(192)   Merge Heap Roots: 0.49ms
[1484.893s][info][gc,phases      ] GC(192)   Evacuate Collection Set: 142.94ms
[1484.893s][info][gc,phases      ] GC(192)   Post Evacuate Collection Set: 0.98ms
[1484.893s][info][gc,phases      ] GC(192)   Other: 0.06ms
[1484.893s][info][gc,heap        ] GC(192) Eden regions: 516->0(510)
[1484.893s][info][gc,heap        ] GC(192) Survivor regions: 41->40(70)
[1484.893s][info][gc,heap        ] GC(192) Old regions: 293->301
[1484.893s][info][gc,heap        ] GC(192) Humongous regions: 81->81
[1484.893s][info][gc,metaspace   ] GC(192) Metaspace: 29962K(30464K)->29962K(30464K) NonClass: 24549K(24832K)->24549K(24832K) Class: 5412K(5632K)->5412K(5632K)
[1484.893s][info][gc             ] GC(192) Pause Young (Normal) (G1 Evacuation Pause) 7402M->3328M(8192M) 144.863ms
[1484.893s][info][gc,cpu         ] GC(192) User=1.15s Sys=0.00s Real=0.14s
...........................[1512.339s][info][gc,start       ] GC(193) Pause Young (Normal) (G1 Evacuation Pause)
[1512.339s][info][gc,task        ] GC(193) Using 8 workers of 8 for evacuation
[1512.482s][info][gc,phases      ] GC(193)   Pre Evacuate Collection Set: 0.29ms
[1512.482s][info][gc,phases      ] GC(193)   Merge Heap Roots: 0.56ms
[1512.482s][info][gc,phases      ] GC(193)   Evacuate Collection Set: 140.71ms
[1512.482s][info][gc,phases      ] GC(193)   Post Evacuate Collection Set: 0.97ms
[1512.482s][info][gc,phases      ] GC(193)   Other: 0.08ms
[1512.482s][info][gc,heap        ] GC(193) Eden regions: 510->0(502)
[1512.482s][info][gc,heap        ] GC(193) Survivor regions: 40->40(69)
[1512.482s][info][gc,heap        ] GC(193) Old regions: 301->309
[1512.482s][info][gc,heap        ] GC(193) Humongous regions: 81->81
[1512.482s][info][gc,metaspace   ] GC(193) Metaspace: 29962K(30464K)->29962K(30464K) NonClass: 24549K(24832K)->24549K(24832K) Class: 5412K(5632K)->5412K(5632K)
[1512.482s][info][gc             ] GC(193) Pause Young (Normal) (G1 Evacuation Pause) 7408M->3386M(8192M) 142.746ms
[1512.482s][info][gc,cpu         ] GC(193) User=1.13s Sys=0.00s Real=0.14s
............ (rIR:aIR:PR = 1245:1245:1245) (tPR = 18593) [OK] 
  1523s: Performance info:
         Transaction,    Success,    Partial,     Failed,   Receipts, AvgBarcode, 
             Overall,      74753,          0,          0,      71017,      59.48, 
         Response times:
             Request,    Success,    Partial,     Failed,   SkipFail,     Probes,    Samples,      min,      p50,      p90,      p95,      p99,      max, 
       TotalPurchase,      71017,          0,          0,          0,      68729,      74677,      400,     1100,     1700,     1800,     2200,   151000,
     InStorePurchase,      37399,          0,          0,          0,      36397,      39271,      400,     1100,     1700,     1800,     2200,   149000,
      OnlinePurchase,      26150,          0,          0,          0,      25198,      27436,      400,     1100,     1700,     1900,     2300,   151000,
        InstPurchase,       7468,          0,          0,          0,       7134,       7970,      400,     1000,     1700,     1800,     2200,   145000,
          AssocOfCat,         75,          0,          0,          0,         71,         79,    17100,    25000,    29000,    31000,    32000,    32000,
      AssocOfProduct,        740,          0,          0,          0,        658,        802,      800,     1600,     2100,     2200,     2894,   146000,
      BusinessReport,        187,          0,          0,          0,        135,        198,    19200,    27000,    30000,    31050,    35010,    36000,
          CustBuyBeh,        745,          0,          0,          0,        628,        761,      300,     1200,     1700,     1800,     2100,     7700,
       ProductReturn,       1989,          0,          0,          0,       1763,       2040,      200,     1000,     1600,     1800,     2200,     7400,

  1523s: (10%)   IR =   1384 ......|........[1538.040s][info][gc,start       ] GC(194) Pause Young (Normal) (G1 Evacuation Pause)
[1538.040s][info][gc,task        ] GC(194) Using 8 workers of 8 for evacuation
[1538.184s][info][gc,phases      ] GC(194)   Pre Evacuate Collection Set: 0.26ms
[1538.184s][info][gc,phases      ] GC(194)   Merge Heap Roots: 0.60ms
[1538.184s][info][gc,phases      ] GC(194)   Evacuate Collection Set: 141.53ms
[1538.184s][info][gc,phases      ] GC(194)   Post Evacuate Collection Set: 0.92ms
[1538.184s][info][gc,phases      ] GC(194)   Other: 0.08ms
[1538.184s][info][gc,heap        ] GC(194) Eden regions: 502->0(495)
[1538.184s][info][gc,heap        ] GC(194) Survivor regions: 40->40(68)
[1538.184s][info][gc,heap        ] GC(194) Old regions: 309->316
[1538.184s][info][gc,heap        ] GC(194) Humongous regions: 81->81
[1538.184s][info][gc,metaspace   ] GC(194) Metaspace: 29964K(30464K)->29964K(30464K) NonClass: 24551K(24832K)->24551K(24832K) Class: 5412K(5632K)->5412K(5632K)
[1538.184s][info][gc             ] GC(194) Pause Young (Normal) (G1 Evacuation Pause) 7402M->3450M(8192M) 143.509ms
[1538.184s][info][gc,cpu         ] GC(194) User=1.13s Sys=0.00s Real=0.15s
........................[1562.236s][info][gc,start       ] GC(195) Pause Young (Normal) (G1 Evacuation Pause)
[1562.236s][info][gc,task        ] GC(195) Using 8 workers of 8 for evacuation
[1562.381s][info][gc,phases      ] GC(195)   Pre Evacuate Collection Set: 0.25ms
[1562.381s][info][gc,phases      ] GC(195)   Merge Heap Roots: 0.57ms
[1562.381s][info][gc,phases      ] GC(195)   Evacuate Collection Set: 142.70ms
[1562.381s][info][gc,phases      ] GC(195)   Post Evacuate Collection Set: 0.93ms
[1562.381s][info][gc,phases      ] GC(195)   Other: 0.07ms
[1562.381s][info][gc,heap        ] GC(195) Eden regions: 495->0(487)
[1562.381s][info][gc,heap        ] GC(195) Survivor regions: 40->40(67)
[1562.381s][info][gc,heap        ] GC(195) Old regions: 316->324
[1562.381s][info][gc,heap        ] GC(195) Humongous regions: 81->81
[1562.381s][info][gc,metaspace   ] GC(195) Metaspace: 29964K(30464K)->29964K(30464K) NonClass: 24551K(24832K)->24551K(24832K) Class: 5412K(5632K)->5412K(5632K)
[1562.381s][info][gc             ] GC(195) Pause Young (Normal) (G1 Evacuation Pause) 7410M->3510M(8192M) 144.646ms
[1562.381s][info][gc,cpu         ] GC(195) User=1.15s Sys=0.00s Real=0.14s
........................[1586.134s][info][gc,start       ] GC(196) Pause Young (Normal) (G1 Evacuation Pause)
[1586.134s][info][gc,task        ] GC(196) Using 8 workers of 8 for evacuation
[1586.276s][info][gc,phases      ] GC(196)   Pre Evacuate Collection Set: 0.24ms
[1586.276s][info][gc,phases      ] GC(196)   Merge Heap Roots: 0.57ms
[1586.276s][info][gc,phases      ] GC(196)   Evacuate Collection Set: 140.23ms
[1586.276s][info][gc,phases      ] GC(196)   Post Evacuate Collection Set: 0.90ms
[1586.276s][info][gc,phases      ] GC(196)   Other: 0.06ms
[1586.276s][info][gc,heap        ] GC(196) Eden regions: 487->0(480)
[1586.276s][info][gc,heap        ] GC(196) Survivor regions: 40->40(66)
[1586.276s][info][gc,heap        ] GC(196) Old regions: 324->331
[1586.276s][info][gc,heap        ] GC(196) Humongous regions: 81->81
[1586.276s][info][gc,metaspace   ] GC(196) Metaspace: 29964K(30464K)->29964K(30464K) NonClass: 24551K(24832K)->24551K(24832K) Class: 5412K(5632K)->5412K(5632K)
[1586.276s][info][gc             ] GC(196) Pause Young (Normal) (G1 Evacuation Pause) 7406M->3568M(8192M) 142.152ms
[1586.276s][info][gc,cpu         ] GC(196) User=1.13s Sys=0.00s Real=0.14s
.... (rIR:aIR:PR = 1384:1383:1383) (tPR = 20466) [OK] 
  1589s: Performance info:
         Transaction,    Success,    Partial,     Failed,   Receipts, AvgBarcode, 
             Overall,      83002,          0,          0,      78832,      59.48, 
         Response times:
             Request,    Success,    Partial,     Failed,   SkipFail,     Probes,    Samples,      min,      p50,      p90,      p95,      p99,      max, 
       TotalPurchase,      78832,          0,          0,          0,      76246,      85088,      300,     1200,     1800,     2000,     2500,   151000,
     InStorePurchase,      41494,          0,          0,          0,      40182,      44611,      300,     1000,     1800,     1900,     2400,   148000,
      OnlinePurchase,      29036,          0,          0,          0,      28203,      31469,      300,     1300,     1900,     2000,     2500,   150000,
        InstPurchase,       8302,          0,          0,          0,       7861,       9008,      400,     1300,     1900,     2100,     2800,   151000,
          AssocOfCat,         83,          0,          0,          0,         79,         89,    18500,    25000,    28000,    30000,    40000,    40000,
      AssocOfProduct,        831,          0,          0,          0,        688,        850,      500,     1300,     1900,     2100,     3198,     6900,
      BusinessReport,        208,          0,          0,          0,        149,        216,    21000,    27000,    31000,    35000,   153280,   187000,
          CustBuyBeh,        837,          0,          0,          0,        733,        929,      300,     1300,     1800,     2000,     2500,    11600,
       ProductReturn,       2211,          0,          0,          0,       1996,       2368,      200,      900,     1700,     1900,     2800,   148000,

  1589s: (11%)   IR =   1522 .......|...........[1607.779s][info][gc,start       ] GC(197) Pause Young (Normal) (G1 Evacuation Pause)
[1607.779s][info][gc,task        ] GC(197) Using 8 workers of 8 for evacuation
[1607.921s][info][gc,phases      ] GC(197)   Pre Evacuate Collection Set: 0.24ms
[1607.921s][info][gc,phases      ] GC(197)   Merge Heap Roots: 0.62ms
[1607.921s][info][gc,phases      ] GC(197)   Evacuate Collection Set: 139.44ms
[1607.921s][info][gc,phases      ] GC(197)   Post Evacuate Collection Set: 0.90ms
[1607.921s][info][gc,phases      ] GC(197)   Other: 0.07ms
[1607.921s][info][gc,heap        ] GC(197) Eden regions: 480->0(474)
[1607.921s][info][gc,heap        ] GC(197) Survivor regions: 40->39(65)
[1607.921s][info][gc,heap        ] GC(197) Old regions: 331->339
[1607.921s][info][gc,heap        ] GC(197) Humongous regions: 81->81
[1607.921s][info][gc,metaspace   ] GC(197) Metaspace: 29969K(30464K)->29969K(30464K) NonClass: 24556K(24832K)->24556K(24832K) Class: 5412K(5632K)->5412K(5632K)
[1607.921s][info][gc             ] GC(197) Pause Young (Normal) (G1 Evacuation Pause) 7408M->3625M(8192M) 141.397ms
[1607.921s][info][gc,cpu         ] GC(197) User=1.11s Sys=0.00s Real=0.14s
.....................[1628.782s][info][gc,start       ] GC(198) Pause Young (Normal) (G1 Evacuation Pause)
[1628.782s][info][gc,task        ] GC(198) Using 8 workers of 8 for evacuation
[1628.922s][info][gc,phases      ] GC(198)   Pre Evacuate Collection Set: 0.29ms
[1628.922s][info][gc,phases      ] GC(198)   Merge Heap Roots: 0.59ms
[1628.922s][info][gc,phases      ] GC(198)   Evacuate Collection Set: 138.90ms
[1628.922s][info][gc,phases      ] GC(198)   Post Evacuate Collection Set: 0.93ms
[1628.922s][info][gc,phases      ] GC(198)   Other: 0.08ms
[1628.922s][info][gc,heap        ] GC(198) Eden regions: 474->0(468)
[1628.922s][info][gc,heap        ] GC(198) Survivor regions: 39->38(65)
[1628.922s][info][gc,heap        ] GC(198) Old regions: 339->347
[1628.922s][info][gc,heap        ] GC(198) Humongous regions: 81->81
[1628.922s][info][gc,metaspace   ] GC(198) Metaspace: 29969K(30464K)->29969K(30464K) NonClass: 24556K(24832K)->24556K(24832K) Class: 5412K(5632K)->5412K(5632K)
[1628.922s][info][gc             ] GC(198) Pause Young (Normal) (G1 Evacuation Pause) 7417M->3680M(8192M) 140.920ms
[1628.923s][info][gc,cpu         ] GC(198) User=1.12s Sys=0.00s Real=0.14s
....................[1649.646s][info][gc,start       ] GC(199) Pause Young (Normal) (G1 Evacuation Pause)
[1649.647s][info][gc,task        ] GC(199) Using 8 workers of 8 for evacuation
[1649.788s][info][gc,phases      ] GC(199)   Pre Evacuate Collection Set: 0.26ms
[1649.788s][info][gc,phases      ] GC(199)   Merge Heap Roots: 0.60ms
[1649.788s][info][gc,phases      ] GC(199)   Evacuate Collection Set: 139.54ms
[1649.788s][info][gc,phases      ] GC(199)   Post Evacuate Collection Set: 0.91ms
[1649.788s][info][gc,phases      ] GC(199)   Other: 0.06ms
[1649.788s][info][gc,heap        ] GC(199) Eden regions: 468->0(456)
[1649.788s][info][gc,heap        ] GC(199) Survivor regions: 38->40(64)
[1649.788s][info][gc,heap        ] GC(199) Old regions: 347->355
[1649.788s][info][gc,heap        ] GC(199) Humongous regions: 81->81
[1649.788s][info][gc,metaspace   ] GC(199) Metaspace: 29969K(30464K)->29969K(30464K) NonClass: 24556K(24832K)->24556K(24832K) Class: 5412K(5632K)->5412K(5632K)
[1649.788s][info][gc             ] GC(199) Pause Young (Normal) (G1 Evacuation Pause) 7424M->3754M(8192M) 141.527ms
[1649.788s][info][gc,cpu         ] GC(199) User=1.12s Sys=0.00s Real=0.14s
........ (rIR:aIR:PR = 1522:1522:1522) (tPR = 22632) [OK] 
  1656s: Performance info:
         Transaction,    Success,    Partial,     Failed,   Receipts, AvgBarcode, 
             Overall,      91415,          0,          0,      86840,      59.48, 
         Response times:
             Request,    Success,    Partial,     Failed,   SkipFail,     Probes,    Samples,      min,      p50,      p90,      p95,      p99,      max, 
       TotalPurchase,      86840,          0,          0,          0,      84152,      95755,      300,     1200,     2000,     2200,     2800,   147000,
     InStorePurchase,      45712,          0,          0,          0,      44420,      50444,      400,     1200,     2000,     2100,     2855,   146000,
      OnlinePurchase,      32000,          0,          0,          0,      31034,      35307,      300,     1200,     1900,     2100,     2700,   147000,
        InstPurchase,       9128,          0,          0,          0,       8698,      10004,      400,     1500,     2100,     2300,     2900,   146000,
          AssocOfCat,         92,          0,          0,          0,         87,        100,    17600,    25500,    29000,    32000,   185480,   187000,
      AssocOfProduct,        916,          0,          0,          0,        792,       1022,      600,     1700,     2200,     2485,     4231,    23000,
      BusinessReport,        228,          0,          0,          0,        161,        248,    18800,    28000,    31000,    34000,    44530,    46000,
          CustBuyBeh,        917,          0,          0,          0,        808,       1052,      300,     1400,     1900,     2100,     4564,   146000,
       ProductReturn,       2422,          0,          0,          0,       2240,       2680,      200,     1100,     1900,     2000,     3038,   147000,

  1656s: (12%)   IR =   1660 ....|.......[1668.781s][info][gc,start       ] GC(200) Pause Young (Normal) (G1 Evacuation Pause)
[1668.781s][info][gc,task        ] GC(200) Using 8 workers of 8 for evacuation
[1668.922s][info][gc,phases      ] GC(200)   Pre Evacuate Collection Set: 0.28ms
[1668.922s][info][gc,phases      ] GC(200)   Merge Heap Roots: 0.63ms
[1668.922s][info][gc,phases      ] GC(200)   Evacuate Collection Set: 139.10ms
[1668.922s][info][gc,phases      ] GC(200)   Post Evacuate Collection Set: 0.90ms
[1668.922s][info][gc,phases      ] GC(200)   Other: 0.07ms
[1668.922s][info][gc,heap        ] GC(200) Eden regions: 456->0(448)
[1668.922s][info][gc,heap        ] GC(200) Survivor regions: 40->40(62)
[1668.922s][info][gc,heap        ] GC(200) Old regions: 355->363
[1668.922s][info][gc,heap        ] GC(200) Humongous regions: 81->81
[1668.922s][info][gc,metaspace   ] GC(200) Metaspace: 29969K(30464K)->29969K(30464K) NonClass: 24556K(24832K)->24556K(24832K) Class: 5412K(5632K)->5412K(5632K)
[1668.922s][info][gc             ] GC(200) Pause Young (Normal) (G1 Evacuation Pause) 7402M->3818M(8192M) 141.103ms
[1668.922s][info][gc,cpu         ] GC(200) User=1.12s Sys=0.00s Real=0.14s
..................[1686.868s][info][gc,start       ] GC(201) Pause Young (Normal) (G1 Evacuation Pause)
[1686.868s][info][gc,task        ] GC(201) Using 8 workers of 8 for evacuation
[1687.009s][info][gc,phases      ] GC(201)   Pre Evacuate Collection Set: 0.26ms
[1687.009s][info][gc,phases      ] GC(201)   Merge Heap Roots: 0.57ms
[1687.009s][info][gc,phases      ] GC(201)   Evacuate Collection Set: 138.67ms
[1687.009s][info][gc,phases      ] GC(201)   Post Evacuate Collection Set: 0.89ms
[1687.009s][info][gc,phases      ] GC(201)   Other: 0.06ms
[1687.009s][info][gc,heap        ] GC(201) Eden regions: 448->0(444)
[1687.009s][info][gc,heap        ] GC(201) Survivor regions: 40->38(61)
[1687.009s][info][gc,heap        ] GC(201) Old regions: 363->371
[1687.009s][info][gc,heap        ] GC(201) Humongous regions: 81->81
[1687.009s][info][gc,metaspace   ] GC(201) Metaspace: 29969K(30464K)->29969K(30464K) NonClass: 24556K(24832K)->24556K(24832K) Class: 5412K(5632K)->5412K(5632K)
[1687.009s][info][gc             ] GC(201) Pause Young (Normal) (G1 Evacuation Pause) 7402M->3868M(8192M) 140.599ms
[1687.009s][info][gc,cpu         ] GC(201) User=1.11s Sys=0.00s Real=0.14s
..................[1704.960s][info][gc,start       ] GC(202) Pause Young (Normal) (G1 Evacuation Pause)
[1704.960s][info][gc,task        ] GC(202) Using 8 workers of 8 for evacuation
[1705.098s][info][gc,phases      ] GC(202)   Pre Evacuate Collection Set: 0.26ms
[1705.098s][info][gc,phases      ] GC(202)   Merge Heap Roots: 0.53ms
[1705.098s][info][gc,phases      ] GC(202)   Evacuate Collection Set: 135.99ms
[1705.098s][info][gc,phases      ] GC(202)   Post Evacuate Collection Set: 0.90ms
[1705.098s][info][gc,phases      ] GC(202)   Other: 0.08ms
[1705.098s][info][gc,heap        ] GC(202) Eden regions: 444->0(438)
[1705.098s][info][gc,heap        ] GC(202) Survivor regions: 38->37(61)
[1705.098s][info][gc,heap        ] GC(202) Old regions: 371->379
[1705.098s][info][gc,heap        ] GC(202) Humongous regions: 81->81
[1705.098s][info][gc,metaspace   ] GC(202) Metaspace: 29969K(30464K)->29969K(30464K) NonClass: 24556K(24832K)->24556K(24832K) Class: 5412K(5632K)->5412K(5632K)
[1705.098s][info][gc             ] GC(202) Pause Young (Normal) (G1 Evacuation Pause) 7420M->3930M(8192M) 137.874ms
[1705.098s][info][gc,cpu         ] GC(202) User=1.09s Sys=0.00s Real=0.14s
................. (rIR:aIR:PR = 1660:1660:1660) (tPR = 24933) [OK] 
  1720s: Performance info:
         Transaction,    Success,    Partial,     Failed,   Receipts, AvgBarcode, 
             Overall,     100095,          0,          0,      95100,      59.48, 
         Response times:
             Request,    Success,    Partial,     Failed,   SkipFail,     Probes,    Samples,      min,      p50,      p90,      p95,      p99,      max, 
       TotalPurchase,      95100,          0,          0,          0,      92029,      99782,      300,     1300,     2100,     2300,     3100,   147000,
     InStorePurchase,      50050,          0,          0,          0,      48664,      52419,      300,     1300,     2100,     2300,     3100,   147000,
      OnlinePurchase,      35023,          0,          0,          0,      33848,      36880,      300,     1400,     2100,     2300,     3100,   147000,
        InstPurchase,      10027,          0,          0,          0,       9517,      10483,      400,     1500,     2200,     2400,     3100,   147000,
          AssocOfCat,        101,          0,          0,          0,        101,        107,    19900,    26000,    29000,    33800,   159400,   169000,
      AssocOfProduct,       1000,          0,          0,          0,        866,       1015,      600,     1700,     2300,     2500,     2784,     4900,
      BusinessReport,        248,          0,          0,          0,        202,        292,    18900,    29000,    32000,    35350,    50120,   163000,
          CustBuyBeh,        997,          0,          0,          0,        882,       1073,      100,      600,     1900,     2100,     3026,    11400,
       ProductReturn,       2649,          0,          0,          0,       2397,       2724,      200,      900,     1800,     2075,     2600,   146000,

  1720s: (13%)   IR =   1799 .[1722.659s][info][gc,start       ] GC(203) Pause Young (Normal) (G1 Evacuation Pause)
[1722.659s][info][gc,task        ] GC(203) Using 8 workers of 8 for evacuation
[1722.796s][info][gc,phases      ] GC(203)   Pre Evacuate Collection Set: 0.26ms
[1722.796s][info][gc,phases      ] GC(203)   Merge Heap Roots: 0.57ms
[1722.796s][info][gc,phases      ] GC(203)   Evacuate Collection Set: 135.65ms
[1722.796s][info][gc,phases      ] GC(203)   Post Evacuate Collection Set: 0.87ms
[1722.796s][info][gc,phases      ] GC(203)   Other: 0.06ms
[1722.796s][info][gc,heap        ] GC(203) Eden regions: 438->0(430)
[1722.796s][info][gc,heap        ] GC(203) Survivor regions: 37->37(60)
[1722.796s][info][gc,heap        ] GC(203) Old regions: 379->387
[1722.796s][info][gc,heap        ] GC(203) Humongous regions: 81->81
[1722.796s][info][gc,metaspace   ] GC(203) Metaspace: 29970K(30464K)->29970K(30464K) NonClass: 24557K(24832K)->24557K(24832K) Class: 5412K(5632K)->5412K(5632K)
[1722.796s][info][gc             ] GC(203) Pause Young (Normal) (G1 Evacuation Pause) 7434M->3993M(8192M) 137.539ms
[1722.796s][info][gc,cpu         ] GC(203) User=1.09s Sys=0.00s Real=0.14s
...|.............[1738.790s][info][gc,start       ] GC(204) Pause Young (Concurrent Start) (G1 Evacuation Pause)
[1738.790s][info][gc,task        ] GC(204) Using 8 workers of 8 for evacuation
[1738.926s][info][gc,phases      ] GC(204)   Pre Evacuate Collection Set: 0.34ms
[1738.926s][info][gc,phases      ] GC(204)   Merge Heap Roots: 0.58ms
[1738.926s][info][gc,phases      ] GC(204)   Evacuate Collection Set: 133.80ms
[1738.926s][info][gc,phases      ] GC(204)   Post Evacuate Collection Set: 0.85ms
[1738.926s][info][gc,phases      ] GC(204)   Other: 0.12ms
[1738.926s][info][gc,heap        ] GC(204) Eden regions: 430->0(422)
[1738.926s][info][gc,heap        ] GC(204) Survivor regions: 37->37(59)
[1738.926s][info][gc,heap        ] GC(204) Old regions: 387->395
[1738.926s][info][gc,heap        ] GC(204) Humongous regions: 81->81
[1738.926s][info][gc,metaspace   ] GC(204) Metaspace: 29970K(30464K)->29970K(30464K) NonClass: 24557K(24832K)->24557K(24832K) Class: 5412K(5632K)->5412K(5632K)
[1738.926s][info][gc             ] GC(204) Pause Young (Concurrent Start) (G1 Evacuation Pause) 7433M->4055M(8192M) 135.840ms
[1738.926s][info][gc             ] GC(205) Concurrent Mark Cycle
[1738.926s][info][gc,marking     ] GC(205) Concurrent Scan Root Regions
[1738.926s][info][gc,cpu         ] GC(204) User=1.07s Sys=0.00s Real=0.14s
[1739.120s][info][gc,marking     ] GC(205) Concurrent Scan Root Regions 193.501ms
[1739.120s][info][gc,marking     ] GC(205) Concurrent Mark
[1739.120s][info][gc,marking     ] GC(205) Concurrent Mark From Roots
[1739.120s][info][gc,task        ] GC(205) Using 2 workers of 2 for marking
.[1739.622s][info][gc,marking     ] GC(205) Concurrent Mark From Roots 502.018ms
[1739.622s][info][gc,marking     ] GC(205) Concurrent Preclean
[1739.622s][info][gc,marking     ] GC(205) Concurrent Preclean 0.118ms
[1739.622s][info][gc,start       ] GC(205) Pause Remark
[1739.624s][info][gc             ] GC(205) Pause Remark 4248M->2784M(8192M) 1.947ms
[1739.624s][info][gc,cpu         ] GC(205) User=0.01s Sys=0.00s Real=0.01s
[1739.624s][info][gc,marking     ] GC(205) Concurrent Mark 504.339ms
[1739.624s][info][gc,marking     ] GC(205) Concurrent Rebuild Remembered Sets and Scrub Regions
[1739.966s][info][gc,marking     ] GC(205) Concurrent Rebuild Remembered Sets and Scrub Regions 342.124ms
[1739.966s][info][gc,start       ] GC(205) Pause Cleanup
[1739.967s][info][gc             ] GC(205) Pause Cleanup 2844M->2844M(8192M) 0.273ms
[1739.967s][info][gc,cpu         ] GC(205) User=0.00s Sys=0.00s Real=0.00s
[1739.967s][info][gc,marking     ] GC(205) Concurrent Clear Claimed Marks
[1739.967s][info][gc,marking     ] GC(205) Concurrent Clear Claimed Marks 0.056ms
[1739.967s][info][gc,marking     ] GC(205) Concurrent Cleanup for Next Mark
[1739.975s][info][gc,marking     ] GC(205) Concurrent Cleanup for Next Mark 8.117ms
[1739.975s][info][gc             ] GC(205) Concurrent Mark Cycle 1048.783ms
...............[1754.707s][info][gc,start       ] GC(206) Pause Young (Prepare Mixed) (G1 Evacuation Pause)
[1754.707s][info][gc,task        ] GC(206) Using 8 workers of 8 for evacuation
[1754.844s][info][gc,phases      ] GC(206)   Pre Evacuate Collection Set: 0.27ms
[1754.844s][info][gc,phases      ] GC(206)   Merge Heap Roots: 0.63ms
[1754.844s][info][gc,phases      ] GC(206)   Evacuate Collection Set: 134.68ms
[1754.844s][info][gc,phases      ] GC(206)   Post Evacuate Collection Set: 0.97ms
[1754.844s][info][gc,phases      ] GC(206)   Other: 0.08ms
[1754.844s][info][gc,heap        ] GC(206) Eden regions: 422->0(577)
[1754.844s][info][gc,heap        ] GC(206) Survivor regions: 37->37(58)
[1754.844s][info][gc,heap        ] GC(206) Old regions: 260->269
[1754.844s][info][gc,heap        ] GC(206) Humongous regions: 33->33
[1754.844s][info][gc,metaspace   ] GC(206) Metaspace: 29970K(30464K)->29970K(30464K) NonClass: 24557K(24832K)->24557K(24832K) Class: 5412K(5632K)->5412K(5632K)
[1754.844s][info][gc             ] GC(206) Pause Young (Prepare Mixed) (G1 Evacuation Pause) 5967M->2657M(8192M) 136.774ms
[1754.844s][info][gc,cpu         ] GC(206) User=1.08s Sys=0.00s Real=0.14s
......................[1776.268s][info][gc,start       ] GC(207) Pause Young (Mixed) (G1 Evacuation Pause)
[1776.268s][info][gc,task        ] GC(207) Using 8 workers of 8 for evacuation
[1776.421s][info][gc,phases      ] GC(207)   Pre Evacuate Collection Set: 0.28ms
[1776.421s][info][gc,phases      ] GC(207)   Merge Heap Roots: 0.84ms
[1776.421s][info][gc,phases      ] GC(207)   Evacuate Collection Set: 150.24ms
[1776.421s][info][gc,phases      ] GC(207)   Post Evacuate Collection Set: 1.38ms
[1776.421s][info][gc,phases      ] GC(207)   Other: 0.08ms
[1776.421s][info][gc,heap        ] GC(207) Eden regions: 577->0(568)
[1776.421s][info][gc,heap        ] GC(207) Survivor regions: 37->46(77)
[1776.421s][info][gc,heap        ] GC(207) Old regions: 269->168
[1776.421s][info][gc,heap        ] GC(207) Humongous regions: 33->33
[1776.421s][info][gc,metaspace   ] GC(207) Metaspace: 29972K(30464K)->29972K(30464K) NonClass: 24559K(24832K)->24559K(24832K) Class: 5412K(5632K)->5412K(5632K)
[1776.421s][info][gc             ] GC(207) Pause Young (Mixed) (G1 Evacuation Pause) 7273M->1948M(8192M) 152.985ms
[1776.421s][info][gc,cpu         ] GC(207) User=1.21s Sys=0.00s Real=0.15s
......... (rIR:aIR:PR = 1799:1799:1799) (tPR = 26532) [OK] 
  1784s: Performance info:
         Transaction,    Success,    Partial,     Failed,   Receipts, AvgBarcode, 
             Overall,     107998,          0,          0,     102613,      59.47, 
         Response times:
             Request,    Success,    Partial,     Failed,   SkipFail,     Probes,    Samples,      min,      p50,      p90,      p95,      p99,      max, 
       TotalPurchase,     102612,          0,          0,          0,     100227,     108353,      300,     1400,     2300,     2500,     3800,   156000,
     InStorePurchase,      54025,          0,          0,          0,      53151,      57195,      300,     1300,     2200,     2500,     3500,   145000,
      OnlinePurchase,      37794,          0,          0,          0,      36762,      39812,      300,     1500,     2300,     2600,     4300,   156000,
        InstPurchase,      10793,          0,          0,          0,      10314,      11346,      400,     1500,     2400,     2600,     3800,   140000,
          AssocOfCat,        107,          0,          0,          0,         98,        114,    19200,    26000,    32000,    35250,   181600,   184000,
      AssocOfProduct,       1076,          0,          0,          0,        964,       1176,      700,     2100,     2700,     3000,     3700,    15100,
      BusinessReport,        268,          0,          0,          0,        214,        298,    18700,    28500,    33100,    38000,    62100,    82000,
          CustBuyBeh,       1081,          0,          0,          0,        985,       1177,      300,     1400,     2100,     2400,     3910,    12800,
       ProductReturn,       2853,          0,          0,          0,       2640,       3055,      200,      700,     1900,     2200,     2844,   140000,

  1784s: (14%)   IR =   1937 ....|.......[1797.003s][info][gc,start       ] GC(208) Pause Young (Mixed) (G1 Evacuation Pause)
[1797.003s][info][gc,task        ] GC(208) Using 8 workers of 8 for evacuation
[1797.165s][info][gc,phases      ] GC(208)   Pre Evacuate Collection Set: 0.27ms
[1797.165s][info][gc,phases      ] GC(208)   Merge Heap Roots: 0.71ms
[1797.165s][info][gc,phases      ] GC(208)   Evacuate Collection Set: 159.51ms
[1797.165s][info][gc,phases      ] GC(208)   Post Evacuate Collection Set: 1.20ms
[1797.165s][info][gc,phases      ] GC(208)   Other: 0.07ms
[1797.165s][info][gc,heap        ] GC(208) Eden regions: 568->0(558)
[1797.165s][info][gc,heap        ] GC(208) Survivor regions: 46->48(77)
[1797.165s][info][gc,heap        ] GC(208) Old regions: 168->154
[1797.165s][info][gc,heap        ] GC(208) Humongous regions: 33->33
[1797.165s][info][gc,metaspace   ] GC(208) Metaspace: 29973K(30464K)->29973K(30464K) NonClass: 24560K(24832K)->24560K(24832K) Class: 5412K(5632K)->5412K(5632K)
[1797.165s][info][gc             ] GC(208) Pause Young (Mixed) (G1 Evacuation Pause) 6492M->1851M(8192M) 161.894ms
[1797.165s][info][gc,cpu         ] GC(208) User=1.28s Sys=0.00s Real=0.17s
....................[1816.680s][info][gc,start       ] GC(209) Pause Young (Mixed) (G1 Evacuation Pause)
[1816.680s][info][gc,task        ] GC(209) Using 8 workers of 8 for evacuation
[1816.850s][info][gc,phases      ] GC(209)   Pre Evacuate Collection Set: 0.28ms
[1816.850s][info][gc,phases      ] GC(209)   Merge Heap Roots: 0.82ms
[1816.850s][info][gc,phases      ] GC(209)   Evacuate Collection Set: 167.27ms
[1816.850s][info][gc,phases      ] GC(209)   Post Evacuate Collection Set: 1.07ms
[1816.850s][info][gc,phases      ] GC(209)   Other: 0.08ms
[1816.850s][info][gc,heap        ] GC(209) Eden regions: 566->0(571)
[1816.850s][info][gc,heap        ] GC(209) Survivor regions: 48->43(77)
[1816.850s][info][gc,heap        ] GC(209) Old regions: 154->148
[1816.850s][info][gc,heap        ] GC(209) Humongous regions: 33->33
[1816.850s][info][gc,metaspace   ] GC(209) Metaspace: 29973K(30464K)->29973K(30464K) NonClass: 24560K(24832K)->24560K(24832K) Class: 5412K(5632K)->5412K(5632K)
[1816.850s][info][gc             ] GC(209) Pause Young (Mixed) (G1 Evacuation Pause) 6379M->1764M(8192M) 169.649ms
[1816.850s][info][gc,cpu         ] GC(209) User=1.34s Sys=0.00s Real=0.17s
....................[1836.634s][info][gc,start       ] GC(210) Pause Young (Mixed) (G1 Evacuation Pause)
[1836.634s][info][gc,task        ] GC(210) Using 8 workers of 8 for evacuation
[1836.786s][info][gc,phases      ] GC(210)   Pre Evacuate Collection Set: 0.30ms
[1836.786s][info][gc,phases      ] GC(210)   Merge Heap Roots: 0.72ms
[1836.786s][info][gc,phases      ] GC(210)   Evacuate Collection Set: 148.97ms
[1836.786s][info][gc,phases      ] GC(210)   Post Evacuate Collection Set: 1.02ms
[1836.786s][info][gc,phases      ] GC(210)   Other: 0.07ms
[1836.786s][info][gc,heap        ] GC(210) Eden regions: 571->0(571)
[1836.786s][info][gc,heap        ] GC(210) Survivor regions: 43->43(77)
[1836.786s][info][gc,heap        ] GC(210) Old regions: 148->153
[1836.786s][info][gc,heap        ] GC(210) Humongous regions: 33->33
[1836.786s][info][gc,metaspace   ] GC(210) Metaspace: 29974K(30464K)->29974K(30464K) NonClass: 24561K(24832K)->24561K(24832K) Class: 5412K(5632K)->5412K(5632K)
[1836.786s][info][gc             ] GC(210) Pause Young (Mixed) (G1 Evacuation Pause) 6332M->1806M(8192M) 151.225ms
[1836.786s][info][gc,cpu         ] GC(210) User=1.20s Sys=0.00s Real=0.15s
............. (rIR:aIR:PR = 1937:1938:1938) (tPR = 28859) [OK] 
  1848s: Performance info:
         Transaction,    Success,    Partial,     Failed,   Receipts, AvgBarcode, 
             Overall,     116368,          0,          0,     110553,      59.48, 
         Response times:
             Request,    Success,    Partial,     Failed,   SkipFail,     Probes,    Samples,      min,      p50,      p90,      p95,      p99,      max, 
       TotalPurchase,     110553,          0,          0,          0,     107482,     116151,      300,     1500,     2400,     2600,     3700,   181000,
     InStorePurchase,      58185,          0,          0,          0,      56780,      61228,      300,     1400,     2400,     2600,     3600,   175000,
      OnlinePurchase,      40720,          0,          0,          0,      39563,      42749,      400,     1500,     2400,     2600,     3800,   181000,
        InstPurchase,      11648,          0,          0,          0,      11139,      12174,      400,     1600,     2500,     2700,     4000,   176000,
          AssocOfCat,        116,          0,          0,          0,        116,        124,    18700,    27000,    31000,    33000,   162500,   203000,
      AssocOfProduct,       1157,          0,          0,          0,       1032,       1217,      500,     2100,     2700,     2900,     3764,    22000,
      BusinessReport,        287,          0,          0,          0,        227,        292,    19100,    29000,    33700,    37000,   140850,   203000,
          CustBuyBeh,       1159,          0,          0,          0,       1043,       1245,      200,     1300,     2200,     2400,     3154,    17100,
       ProductReturn,       3096,          0,          0,          0,       2854,       3223,      200,     1600,     2400,     2600,     3400,    24000,

  1848s: (15%)   IR =   2076 ......[1856.121s][info][gc,start       ] GC(211) Pause Young (Normal) (G1 Evacuation Pause)
[1856.121s][info][gc,task        ] GC(211) Using 8 workers of 8 for evacuation
[1856.269s][info][gc,phases      ] GC(211)   Pre Evacuate Collection Set: 0.26ms
[1856.269s][info][gc,phases      ] GC(211)   Merge Heap Roots: 0.59ms
[1856.269s][info][gc,phases      ] GC(211)   Evacuate Collection Set: 146.06ms
[1856.269s][info][gc,phases      ] GC(211)   Post Evacuate Collection Set: 0.99ms
[1856.269s][info][gc,phases      ] GC(211)   Other: 0.07ms
[1856.269s][info][gc,heap        ] GC(211) Eden regions: 571->0(572)
[1856.269s][info][gc,heap        ] GC(211) Survivor regions: 43->42(77)
[1856.269s][info][gc,heap        ] GC(211) Old regions: 153->160
[1856.269s][info][gc,heap        ] GC(211) Humongous regions: 33->33
[1856.269s][info][gc,metaspace   ] GC(211) Metaspace: 29978K(30464K)->29978K(30464K) NonClass: 24565K(24832K)->24565K(24832K) Class: 5412K(5632K)->5412K(5632K)
[1856.269s][info][gc             ] GC(211) Pause Young (Normal) (G1 Evacuation Pause) 6374M->1854M(8192M) 148.104ms
[1856.269s][info][gc,cpu         ] GC(211) User=1.17s Sys=0.00s Real=0.15s
....|...............[1874.702s][info][gc,start       ] GC(212) Pause Young (Normal) (G1 Evacuation Pause)
[1874.702s][info][gc,task        ] GC(212) Using 8 workers of 8 for evacuation
[1874.850s][info][gc,phases      ] GC(212)   Pre Evacuate Collection Set: 0.27ms
[1874.850s][info][gc,phases      ] GC(212)   Merge Heap Roots: 0.61ms
[1874.850s][info][gc,phases      ] GC(212)   Evacuate Collection Set: 145.39ms
[1874.850s][info][gc,phases      ] GC(212)   Post Evacuate Collection Set: 1.04ms
[1874.850s][info][gc,phases      ] GC(212)   Other: 0.07ms
[1874.850s][info][gc,heap        ] GC(212) Eden regions: 572->0(572)
[1874.850s][info][gc,heap        ] GC(212) Survivor regions: 42->42(77)
[1874.850s][info][gc,heap        ] GC(212) Old regions: 160->167
[1874.850s][info][gc,heap        ] GC(212) Humongous regions: 33->33
[1874.850s][info][gc,metaspace   ] GC(212) Metaspace: 29981K(30464K)->29981K(30464K) NonClass: 24569K(24832K)->24569K(24832K) Class: 5412K(5632K)->5412K(5632K)
[1874.850s][info][gc             ] GC(212) Pause Young (Normal) (G1 Evacuation Pause) 6430M->1909M(8192M) 147.499ms
[1874.850s][info][gc,cpu         ] GC(212) User=1.16s Sys=0.00s Real=0.15s
..................[1893.286s][info][gc,start       ] GC(213) Pause Young (Normal) (G1 Evacuation Pause)
[1893.286s][info][gc,task        ] GC(213) Using 8 workers of 8 for evacuation
[1893.433s][info][gc,phases      ] GC(213)   Pre Evacuate Collection Set: 0.29ms
[1893.433s][info][gc,phases      ] GC(213)   Merge Heap Roots: 0.65ms
[1893.433s][info][gc,phases      ] GC(213)   Evacuate Collection Set: 144.81ms
[1893.433s][info][gc,phases      ] GC(213)   Post Evacuate Collection Set: 1.02ms
[1893.433s][info][gc,phases      ] GC(213)   Other: 0.08ms
[1893.433s][info][gc,heap        ] GC(213) Eden regions: 572->0(573)
[1893.433s][info][gc,heap        ] GC(213) Survivor regions: 42->41(77)
[1893.433s][info][gc,heap        ] GC(213) Old regions: 167->174
[1893.433s][info][gc,heap        ] GC(213) Humongous regions: 33->33
[1893.433s][info][gc,metaspace   ] GC(213) Metaspace: 29981K(30464K)->29981K(30464K) NonClass: 24569K(24832K)->24569K(24832K) Class: 5412K(5632K)->5412K(5632K)
[1893.433s][info][gc             ] GC(213) Pause Young (Normal) (G1 Evacuation Pause) 6485M->1957M(8192M) 146.992ms
[1893.433s][info][gc,cpu         ] GC(213) User=1.16s Sys=0.00s Real=0.14s
...................[1911.905s][info][gc,start       ] GC(214) Pause Young (Normal) (G1 Evacuation Pause)
[1911.905s][info][gc,task        ] GC(214) Using 8 workers of 8 for evacuation
[1912.051s][info][gc,phases      ] GC(214)   Pre Evacuate Collection Set: 0.26ms
[1912.051s][info][gc,phases      ] GC(214)   Merge Heap Roots: 0.49ms
[1912.051s][info][gc,phases      ] GC(214)   Evacuate Collection Set: 143.95ms
[1912.051s][info][gc,phases      ] GC(214)   Post Evacuate Collection Set: 1.03ms
[1912.051s][info][gc,phases      ] GC(214)   Other: 0.07ms
[1912.051s][info][gc,heap        ] GC(214) Eden regions: 573->0(571)
[1912.051s][info][gc,heap        ] GC(214) Survivor regions: 41->43(77)
[1912.051s][info][gc,heap        ] GC(214) Old regions: 174->180
[1912.051s][info][gc,heap        ] GC(214) Humongous regions: 33->33
[1912.051s][info][gc,metaspace   ] GC(214) Metaspace: 29984K(30464K)->29984K(30464K) NonClass: 24571K(24832K)->24571K(24832K) Class: 5412K(5632K)->5412K(5632K)
[1912.051s][info][gc             ] GC(214) Pause Young (Normal) (G1 Evacuation Pause) 6541M->2023M(8192M) 145.946ms
[1912.051s][info][gc,cpu         ] GC(214) User=1.15s Sys=0.00s Real=0.14s
........ (rIR:aIR:PR = 2076:2075:2075) (tPR = 30929) [OK] 
  1919s: Performance info:
         Transaction,    Success,    Partial,     Failed,   Receipts, AvgBarcode, 
             Overall,     124879,          0,          0,     118643,      59.47, 
         Response times:
             Request,    Success,    Partial,     Failed,   SkipFail,     Probes,    Samples,      min,      p50,      p90,      p95,      p99,      max, 
       TotalPurchase,     118643,          0,          0,          0,     115527,     136517,      300,     1600,     2500,     2800,     4100,   159000,
     InStorePurchase,      62452,          0,          0,          0,      61005,      71766,      300,     1500,     2500,     2800,     4000,   158000,
      OnlinePurchase,      43706,          0,          0,          0,      42579,      50303,      400,     1500,     2500,     2800,     4000,   156000,
        InstPurchase,      12485,          0,          0,          0,      11943,      14448,      400,     1800,     2700,     2900,     4700,   159000,
          AssocOfCat,        125,          0,          0,          0,         91,        136,    19600,    27000,    31000,    33150,    37890,    39000,
      AssocOfProduct,       1246,          0,          0,          0,       1111,       1427,      700,     2000,     2800,     3000,     6444,   151000,
      BusinessReport,        315,          0,          0,          0,        248,        376,    19800,    29000,    33000,    37000,    46000,    48000,
          CustBuyBeh,       1239,          0,          0,          0,       1082,       1440,      200,     1600,     2400,     2700,     6208,   153000,
       ProductReturn,       3311,          0,          0,          0,       3091,       3849,      200,     1400,     2400,     2700,     4200,   153000,

  1919s: (16%)   IR =   2214 ......|....[1929.740s][info][gc,start       ] GC(215) Pause Young (Normal) (G1 Evacuation Pause)
[1929.740s][info][gc,task        ] GC(215) Using 8 workers of 8 for evacuation
[1929.888s][info][gc,phases      ] GC(215)   Pre Evacuate Collection Set: 0.27ms
[1929.888s][info][gc,phases      ] GC(215)   Merge Heap Roots: 0.59ms
[1929.888s][info][gc,phases      ] GC(215)   Evacuate Collection Set: 145.43ms
[1929.888s][info][gc,phases      ] GC(215)   Post Evacuate Collection Set: 1.03ms
[1929.888s][info][gc,phases      ] GC(215)   Other: 0.07ms
[1929.888s][info][gc,heap        ] GC(215) Eden regions: 571->0(571)
[1929.888s][info][gc,heap        ] GC(215) Survivor regions: 43->43(77)
[1929.888s][info][gc,heap        ] GC(215) Old regions: 180->187
[1929.888s][info][gc,heap        ] GC(215) Humongous regions: 33->33
[1929.888s][info][gc,metaspace   ] GC(215) Metaspace: 29986K(30464K)->29986K(30464K) NonClass: 24574K(24832K)->24574K(24832K) Class: 5412K(5632K)->5412K(5632K)
[1929.888s][info][gc             ] GC(215) Pause Young (Normal) (G1 Evacuation Pause) 6591M->2078M(8192M) 147.526ms
[1929.888s][info][gc,cpu         ] GC(215) User=1.17s Sys=0.00s Real=0.15s
.................[1947.157s][info][gc,start       ] GC(216) Pause Young (Normal) (G1 Evacuation Pause)
[1947.157s][info][gc,task        ] GC(216) Using 8 workers of 8 for evacuation
[1947.305s][info][gc,phases      ] GC(216)   Pre Evacuate Collection Set: 0.24ms
[1947.305s][info][gc,phases      ] GC(216)   Merge Heap Roots: 0.59ms
[1947.305s][info][gc,phases      ] GC(216)   Evacuate Collection Set: 145.78ms
[1947.305s][info][gc,phases      ] GC(216)   Post Evacuate Collection Set: 1.02ms
[1947.305s][info][gc,phases      ] GC(216)   Other: 0.09ms
[1947.305s][info][gc,heap        ] GC(216) Eden regions: 571->0(572)
[1947.305s][info][gc,heap        ] GC(216) Survivor regions: 43->42(77)
[1947.305s][info][gc,heap        ] GC(216) Old regions: 187->194
[1947.305s][info][gc,heap        ] GC(216) Humongous regions: 33->33
[1947.305s][info][gc,metaspace   ] GC(216) Metaspace: 29986K(30464K)->29986K(30464K) NonClass: 24574K(24832K)->24574K(24832K) Class: 5412K(5632K)->5412K(5632K)
[1947.305s][info][gc             ] GC(216) Pause Young (Normal) (G1 Evacuation Pause) 6646M->2130M(8192M) 147.868ms
[1947.305s][info][gc,cpu         ] GC(216) User=1.17s Sys=0.00s Real=0.15s
..................[1964.572s][info][gc,start       ] GC(217) Pause Young (Normal) (G1 Evacuation Pause)
[1964.572s][info][gc,task        ] GC(217) Using 8 workers of 8 for evacuation
[1964.719s][info][gc,phases      ] GC(217)   Pre Evacuate Collection Set: 0.28ms
[1964.719s][info][gc,phases      ] GC(217)   Merge Heap Roots: 0.62ms
[1964.719s][info][gc,phases      ] GC(217)   Evacuate Collection Set: 144.83ms
[1964.719s][info][gc,phases      ] GC(217)   Post Evacuate Collection Set: 1.04ms
[1964.719s][info][gc,phases      ] GC(217)   Other: 0.08ms
[1964.719s][info][gc,heap        ] GC(217) Eden regions: 572->0(573)
[1964.719s][info][gc,heap        ] GC(217) Survivor regions: 42->41(77)
[1964.719s][info][gc,heap        ] GC(217) Old regions: 194->201
[1964.719s][info][gc,heap        ] GC(217) Humongous regions: 33->33
[1964.719s][info][gc,metaspace   ] GC(217) Metaspace: 29986K(30464K)->29986K(30464K) NonClass: 24574K(24832K)->24574K(24832K) Class: 5412K(5632K)->5412K(5632K)
[1964.719s][info][gc             ] GC(217) Pause Young (Normal) (G1 Evacuation Pause) 6706M->2178M(8192M) 146.975ms
[1964.719s][info][gc,cpu         ] GC(217) User=1.16s Sys=0.00s Real=0.15s
.................[1982.108s][info][gc,start       ] GC(218) Pause Young (Normal) (G1 Evacuation Pause)
[1982.108s][info][gc,task        ] GC(218) Using 8 workers of 8 for evacuation
[1982.255s][info][gc,phases      ] GC(218)   Pre Evacuate Collection Set: 0.25ms
[1982.255s][info][gc,phases      ] GC(218)   Merge Heap Roots: 0.59ms
[1982.255s][info][gc,phases      ] GC(218)   Evacuate Collection Set: 145.50ms
[1982.255s][info][gc,phases      ] GC(218)   Post Evacuate Collection Set: 1.01ms
[1982.255s][info][gc,phases      ] GC(218)   Other: 0.08ms
[1982.255s][info][gc,heap        ] GC(218) Eden regions: 573->0(572)
[1982.255s][info][gc,heap        ] GC(218) Survivor regions: 41->42(77)
[1982.255s][info][gc,heap        ] GC(218) Old regions: 201->208
[1982.255s][info][gc,heap        ] GC(218) Humongous regions: 33->33
[1982.255s][info][gc,metaspace   ] GC(218) Metaspace: 29986K(30464K)->29986K(30464K) NonClass: 24574K(24832K)->24574K(24832K) Class: 5412K(5632K)->5412K(5632K)
[1982.255s][info][gc             ] GC(218) Pause Young (Normal) (G1 Evacuation Pause) 6762M->2240M(8192M) 147.565ms
[1982.255s][info][gc,cpu         ] GC(218) User=1.17s Sys=0.00s Real=0.15s
.... (rIR:aIR:PR = 2214:2215:2215) (tPR = 32901) [OK] 
  1985s: Performance info:
         Transaction,    Success,    Partial,     Failed,   Receipts, AvgBarcode, 
             Overall,     132982,          0,          0,     126333,      59.47, 
         Response times:
             Request,    Success,    Partial,     Failed,   SkipFail,     Probes,    Samples,      min,      p50,      p90,      p95,      p99,      max, 
       TotalPurchase,     126333,          0,          0,          0,     123325,     137234,      300,     1700,     2700,     3000,     4000,   157000,
     InStorePurchase,      66466,          0,          0,          0,      65034,      72147,      400,     1600,     2600,     2900,     3900,   152000,
      OnlinePurchase,      46592,          0,          0,          0,      45524,      50692,      300,     1700,     2700,     3000,     4200,   157000,
        InstPurchase,      13275,          0,          0,          0,      12767,      14395,      500,     1800,     2800,     3000,     4200,   155000,
          AssocOfCat,        133,          0,          0,          0,         97,        150,    18900,    27000,    32000,    33450,    41000,    41000,
      AssocOfProduct,       1328,          0,          0,          0,       1170,       1462,      600,     2200,     3000,     3300,     4200,   152000,
      BusinessReport,        330,          0,          0,          0,        258,        346,    19300,    30000,    35000,    38650,   135180,   189000,
          CustBuyBeh,       1330,          0,          0,          0,       1195,       1429,      200,     1200,     2500,     2800,     3570,   150000,
       ProductReturn,       3528,          0,          0,          0,       3278,       3836,      200,     1000,     2300,     2600,     3400,   151000,

  1985s: (17%)   IR =   2352 .....|........[1998.782s][info][gc,start       ] GC(219) Pause Young (Normal) (G1 Evacuation Pause)
[1998.782s][info][gc,task        ] GC(219) Using 8 workers of 8 for evacuation
[1998.929s][info][gc,phases      ] GC(219)   Pre Evacuate Collection Set: 0.25ms
[1998.929s][info][gc,phases      ] GC(219)   Merge Heap Roots: 0.59ms
[1998.929s][info][gc,phases      ] GC(219)   Evacuate Collection Set: 145.53ms
[1998.929s][info][gc,phases      ] GC(219)   Post Evacuate Collection Set: 1.04ms
[1998.929s][info][gc,phases      ] GC(219)   Other: 0.07ms
[1998.929s][info][gc,heap        ] GC(219) Eden regions: 572->0(571)
[1998.929s][info][gc,heap        ] GC(219) Survivor regions: 42->43(77)
[1998.929s][info][gc,heap        ] GC(219) Old regions: 208->215
[1998.929s][info][gc,heap        ] GC(219) Humongous regions: 33->33
[1998.929s][info][gc,metaspace   ] GC(219) Metaspace: 29986K(30464K)->29986K(30464K) NonClass: 24574K(24832K)->24574K(24832K) Class: 5412K(5632K)->5412K(5632K)
[1998.929s][info][gc             ] GC(219) Pause Young (Normal) (G1 Evacuation Pause) 6816M->2297M(8192M) 147.617ms
[1998.929s][info][gc,cpu         ] GC(219) User=1.16s Sys=0.00s Real=0.15s
................[2015.128s][info][gc,start       ] GC(220) Pause Young (Normal) (G1 Evacuation Pause)
[2015.128s][info][gc,task        ] GC(220) Using 8 workers of 8 for evacuation
[2015.279s][info][gc,phases      ] GC(220)   Pre Evacuate Collection Set: 0.27ms
[2015.279s][info][gc,phases      ] GC(220)   Merge Heap Roots: 0.60ms
[2015.279s][info][gc,phases      ] GC(220)   Evacuate Collection Set: 149.08ms
[2015.279s][info][gc,phases      ] GC(220)   Post Evacuate Collection Set: 1.05ms
[2015.279s][info][gc,phases      ] GC(220)   Other: 0.06ms
[2015.279s][info][gc,heap        ] GC(220) Eden regions: 571->0(571)
[2015.279s][info][gc,heap        ] GC(220) Survivor regions: 43->43(77)
[2015.279s][info][gc,heap        ] GC(220) Old regions: 215->222
[2015.279s][info][gc,heap        ] GC(220) Humongous regions: 33->33
[2015.279s][info][gc,metaspace   ] GC(220) Metaspace: 29986K(30464K)->29986K(30464K) NonClass: 24574K(24832K)->24574K(24832K) Class: 5412K(5632K)->5412K(5632K)
[2015.279s][info][gc             ] GC(220) Pause Young (Normal) (G1 Evacuation Pause) 6865M->2353M(8192M) 151.232ms
[2015.279s][info][gc,cpu         ] GC(220) User=1.20s Sys=0.00s Real=0.15s
................[2031.463s][info][gc,start       ] GC(221) Pause Young (Normal) (G1 Evacuation Pause)
[2031.463s][info][gc,task        ] GC(221) Using 8 workers of 8 for evacuation
[2031.612s][info][gc,phases      ] GC(221)   Pre Evacuate Collection Set: 0.26ms
[2031.612s][info][gc,phases      ] GC(221)   Merge Heap Roots: 0.62ms
[2031.612s][info][gc,phases      ] GC(221)   Evacuate Collection Set: 146.55ms
[2031.612s][info][gc,phases      ] GC(221)   Post Evacuate Collection Set: 1.05ms
[2031.612s][info][gc,phases      ] GC(221)   Other: 0.51ms
[2031.612s][info][gc,heap        ] GC(221) Eden regions: 571->0(572)
[2031.612s][info][gc,heap        ] GC(221) Survivor regions: 43->42(77)
[2031.612s][info][gc,heap        ] GC(221) Old regions: 222->229
[2031.612s][info][gc,heap        ] GC(221) Humongous regions: 33->33
[2031.612s][info][gc,metaspace   ] GC(221) Metaspace: 29986K(30464K)->29986K(30464K) NonClass: 24574K(24832K)->24574K(24832K) Class: 5412K(5632K)->5412K(5632K)
[2031.612s][info][gc             ] GC(221) Pause Young (Normal) (G1 Evacuation Pause) 6921M->2400M(8192M) 149.104ms
[2031.612s][info][gc,cpu         ] GC(221) User=1.18s Sys=0.00s Real=0.15s
.................[2047.838s][info][gc,start       ] GC(222) Pause Young (Normal) (G1 Evacuation Pause)
[2047.838s][info][gc,task        ] GC(222) Using 8 workers of 8 for evacuation
[2047.985s][info][gc,phases      ] GC(222)   Pre Evacuate Collection Set: 0.29ms
[2047.986s][info][gc,phases      ] GC(222)   Merge Heap Roots: 0.63ms
[2047.986s][info][gc,phases      ] GC(222)   Evacuate Collection Set: 145.78ms
[2047.986s][info][gc,phases      ] GC(222)   Post Evacuate Collection Set: 1.03ms
[2047.986s][info][gc,phases      ] GC(222)   Other: 0.08ms
[2047.986s][info][gc,heap        ] GC(222) Eden regions: 572->0(573)
[2047.986s][info][gc,heap        ] GC(222) Survivor regions: 42->41(77)
[2047.986s][info][gc,heap        ] GC(222) Old regions: 229->235
[2047.986s][info][gc,heap        ] GC(222) Humongous regions: 33->33
[2047.986s][info][gc,metaspace   ] GC(222) Metaspace: 29986K(30464K)->29986K(30464K) NonClass: 24574K(24832K)->24574K(24832K) Class: 5412K(5632K)->5412K(5632K)
[2047.986s][info][gc             ] GC(222) Pause Young (Normal) (G1 Evacuation Pause) 6976M->2451M(8192M) 147.945ms
[2047.986s][info][gc,cpu         ] GC(222) User=1.18s Sys=0.00s Real=0.15s
... (rIR:aIR:PR = 2352:2351:2351) (tPR = 35142) [OK] 
  2050s: Performance info:
         Transaction,    Success,    Partial,     Failed,   Receipts, AvgBarcode, 
             Overall,     141364,          0,          0,     134265,      59.47, 
         Response times:
             Request,    Success,    Partial,     Failed,   SkipFail,     Probes,    Samples,      min,      p50,      p90,      p95,      p99,      max, 
       TotalPurchase,     134265,          0,          0,          0,     130650,     143234,      300,     1700,     2800,     3100,     5600,   159000,
     InStorePurchase,      70661,          0,          0,          0,      68978,      75447,      300,     1700,     2800,     3100,     5700,   159000,
      OnlinePurchase,      49470,          0,          0,          0,      48096,      52639,      400,     1700,     2800,     3100,     5500,   158000,
        InstPurchase,      14134,          0,          0,          0,      13576,      15148,      500,     1800,     2900,     3200,     5300,   155000,
          AssocOfCat,        143,          0,          0,          0,         97,        150,    19600,    28000,    34000,    37450,    66000,    66000,
      AssocOfProduct,       1416,          0,          0,          0,       1248,       1539,      700,     2300,     3100,     3500,    11700,   155000,
      BusinessReport,        355,          0,          0,          0,        282,        385,    19800,    30000,    36000,    42700,    74140,   197000,
          CustBuyBeh,       1425,          0,          0,          0,       1275,       1484,      300,     1800,     2800,     3000,    13550,   155000,
       ProductReturn,       3760,          0,          0,          0,       3426,       3885,      200,     1800,     2800,     3100,     5342,   155000,

  2050s: (18%)   IR =   2491 .......|.....[2063.526s][info][gc,start       ] GC(223) Pause Young (Normal) (G1 Evacuation Pause)
[2063.526s][info][gc,task        ] GC(223) Using 8 workers of 8 for evacuation
[2063.674s][info][gc,phases      ] GC(223)   Pre Evacuate Collection Set: 0.31ms
[2063.674s][info][gc,phases      ] GC(223)   Merge Heap Roots: 0.59ms
[2063.674s][info][gc,phases      ] GC(223)   Evacuate Collection Set: 146.03ms
[2063.674s][info][gc,phases      ] GC(223)   Post Evacuate Collection Set: 1.02ms
[2063.674s][info][gc,phases      ] GC(223)   Other: 0.08ms
[2063.674s][info][gc,heap        ] GC(223) Eden regions: 573->0(571)
[2063.674s][info][gc,heap        ] GC(223) Survivor regions: 41->43(77)
[2063.674s][info][gc,heap        ] GC(223) Old regions: 235->242
[2063.674s][info][gc,heap        ] GC(223) Humongous regions: 33->33
[2063.674s][info][gc,metaspace   ] GC(223) Metaspace: 29986K(30464K)->29986K(30464K) NonClass: 24574K(24832K)->24574K(24832K) Class: 5412K(5632K)->5412K(5632K)
[2063.674s][info][gc             ] GC(223) Pause Young (Normal) (G1 Evacuation Pause) 7035M->2517M(8192M) 148.174ms
[2063.674s][info][gc,cpu         ] GC(223) User=1.17s Sys=0.00s Real=0.15s
................[2078.834s][info][gc,start       ] GC(224) Pause Young (Normal) (G1 Evacuation Pause)
[2078.834s][info][gc,task        ] GC(224) Using 8 workers of 8 for evacuation
[2078.981s][info][gc,phases      ] GC(224)   Pre Evacuate Collection Set: 0.28ms
[2078.981s][info][gc,phases      ] GC(224)   Merge Heap Roots: 0.61ms
[2078.981s][info][gc,phases      ] GC(224)   Evacuate Collection Set: 145.72ms
[2078.981s][info][gc,phases      ] GC(224)   Post Evacuate Collection Set: 1.06ms
[2078.981s][info][gc,phases      ] GC(224)   Other: 0.07ms
[2078.981s][info][gc,heap        ] GC(224) Eden regions: 571->0(572)
[2078.981s][info][gc,heap        ] GC(224) Survivor regions: 43->42(77)
[2078.981s][info][gc,heap        ] GC(224) Old regions: 242->249
[2078.981s][info][gc,heap        ] GC(224) Humongous regions: 33->33
[2078.981s][info][gc,metaspace   ] GC(224) Metaspace: 29986K(30464K)->29986K(30464K) NonClass: 24574K(24832K)->24574K(24832K) Class: 5412K(5632K)->5412K(5632K)
[2078.981s][info][gc             ] GC(224) Pause Young (Normal) (G1 Evacuation Pause) 7085M->2570M(8192M) 147.870ms
[2078.982s][info][gc,cpu         ] GC(224) User=1.17s Sys=0.00s Real=0.14s
...............[2094.301s][info][gc,start       ] GC(225) Pause Young (Normal) (G1 Evacuation Pause)
[2094.301s][info][gc,task        ] GC(225) Using 8 workers of 8 for evacuation
[2094.448s][info][gc,phases      ] GC(225)   Pre Evacuate Collection Set: 0.26ms
[2094.448s][info][gc,phases      ] GC(225)   Merge Heap Roots: 0.61ms
[2094.448s][info][gc,phases      ] GC(225)   Evacuate Collection Set: 145.08ms
[2094.448s][info][gc,phases      ] GC(225)   Post Evacuate Collection Set: 1.04ms
[2094.448s][info][gc,phases      ] GC(225)   Other: 0.08ms
[2094.448s][info][gc,heap        ] GC(225) Eden regions: 572->0(572)
[2094.448s][info][gc,heap        ] GC(225) Survivor regions: 42->42(77)
[2094.448s][info][gc,heap        ] GC(225) Old regions: 249->256
[2094.448s][info][gc,heap        ] GC(225) Humongous regions: 33->33
[2094.448s][info][gc,metaspace   ] GC(225) Metaspace: 29986K(30464K)->29986K(30464K) NonClass: 24574K(24832K)->24574K(24832K) Class: 5412K(5632K)->5412K(5632K)
[2094.449s][info][gc             ] GC(225) Pause Young (Normal) (G1 Evacuation Pause) 7146M->2621M(8192M) 147.226ms
[2094.449s][info][gc,cpu         ] GC(225) User=1.16s Sys=0.00s Real=0.15s
................[2109.790s][info][gc,start       ] GC(226) Pause Young (Normal) (G1 Evacuation Pause)
[2109.790s][info][gc,task        ] GC(226) Using 8 workers of 8 for evacuation
[2109.939s][info][gc,phases      ] GC(226)   Pre Evacuate Collection Set: 0.25ms
[2109.939s][info][gc,phases      ] GC(226)   Merge Heap Roots: 0.62ms
[2109.939s][info][gc,phases      ] GC(226)   Evacuate Collection Set: 147.19ms
[2109.939s][info][gc,phases      ] GC(226)   Post Evacuate Collection Set: 1.03ms
[2109.939s][info][gc,phases      ] GC(226)   Other: 0.09ms
[2109.939s][info][gc,heap        ] GC(226) Eden regions: 572->0(572)
[2109.939s][info][gc,heap        ] GC(226) Survivor regions: 42->42(77)
[2109.939s][info][gc,heap        ] GC(226) Old regions: 256->263
[2109.939s][info][gc,heap        ] GC(226) Humongous regions: 33->33
[2109.939s][info][gc,metaspace   ] GC(226) Metaspace: 29986K(30464K)->29986K(30464K) NonClass: 24574K(24832K)->24574K(24832K) Class: 5412K(5632K)->5412K(5632K)
[2109.939s][info][gc             ] GC(226) Pause Young (Normal) (G1 Evacuation Pause) 7197M->2680M(8192M) 149.327ms
[2109.939s][info][gc,cpu         ] GC(226) User=1.18s Sys=0.00s Real=0.15s
........ (rIR:aIR:PR = 2491:2489:2489) (tPR = 37122) [OK] 
  2117s: Performance info:
         Transaction,    Success,    Partial,     Failed,   Receipts, AvgBarcode, 
             Overall,     149469,          0,          0,     141997,      59.47, 
         Response times:
             Request,    Success,    Partial,     Failed,   SkipFail,     Probes,    Samples,      min,      p50,      p90,      p95,      p99,      max, 
       TotalPurchase,     141997,          0,          0,          0,     138281,     156377,      300,     1800,     3000,     3300,     6000,   188000,
     InStorePurchase,      74688,          0,          0,          0,      72908,      82293,      400,     1800,     2900,     3200,     6200,   188000,
      OnlinePurchase,      52352,          0,          0,          0,      50980,      57555,      300,     1900,     3000,     3300,     5900,   188000,
        InstPurchase,      14957,          0,          0,          0,      14393,      16529,      400,     1800,     3000,     3300,     5400,   172000,
          AssocOfCat,        152,          0,          0,          0,        110,        147,    18300,    28000,    34000,    36000,    41040,    42000,
      AssocOfProduct,       1499,          0,          0,          0,       1358,       1648,      500,     1500,     3000,     3255,     4800,   154000,
      BusinessReport,        379,          0,          0,          0,        306,        395,    21000,    31000,    37000,    42200,    54720,   196000,
          CustBuyBeh,       1490,          0,          0,          0,       1345,       1670,      200,     1700,     2800,     3200,     9100,   172000,
       ProductReturn,       3952,          0,          0,          0,       3687,       4381,      200,     1700,     2800,     3200,     6116,   153000,

  2117s: (19%)   IR =   2629 ......|.[2124.739s][info][gc,start       ] GC(227) Pause Young (Normal) (G1 Evacuation Pause)
[2124.739s][info][gc,task        ] GC(227) Using 8 workers of 8 for evacuation
[2124.886s][info][gc,phases      ] GC(227)   Pre Evacuate Collection Set: 0.24ms
[2124.886s][info][gc,phases      ] GC(227)   Merge Heap Roots: 0.52ms
[2124.886s][info][gc,phases      ] GC(227)   Evacuate Collection Set: 145.41ms
[2124.886s][info][gc,phases      ] GC(227)   Post Evacuate Collection Set: 1.02ms
[2124.886s][info][gc,phases      ] GC(227)   Other: 0.06ms
[2124.886s][info][gc,heap        ] GC(227) Eden regions: 572->0(572)
[2124.886s][info][gc,heap        ] GC(227) Survivor regions: 42->42(77)
[2124.886s][info][gc,heap        ] GC(227) Old regions: 263->270
[2124.886s][info][gc,heap        ] GC(227) Humongous regions: 33->33
[2124.886s][info][gc,metaspace   ] GC(227) Metaspace: 29986K(30464K)->29986K(30464K) NonClass: 24574K(24832K)->24574K(24832K) Class: 5412K(5632K)->5412K(5632K)
[2124.886s][info][gc             ] GC(227) Pause Young (Normal) (G1 Evacuation Pause) 7256M->2728M(8192M) 147.399ms
[2124.886s][info][gc,cpu         ] GC(227) User=1.17s Sys=0.00s Real=0.15s
..............[2139.483s][info][gc,start       ] GC(228) Pause Young (Normal) (G1 Evacuation Pause)
[2139.483s][info][gc,task        ] GC(228) Using 8 workers of 8 for evacuation
[2139.633s][info][gc,phases      ] GC(228)   Pre Evacuate Collection Set: 0.25ms
[2139.633s][info][gc,phases      ] GC(228)   Merge Heap Roots: 0.64ms
[2139.633s][info][gc,phases      ] GC(228)   Evacuate Collection Set: 148.02ms
[2139.633s][info][gc,phases      ] GC(228)   Post Evacuate Collection Set: 1.00ms
[2139.633s][info][gc,phases      ] GC(228)   Other: 0.06ms
[2139.633s][info][gc,heap        ] GC(228) Eden regions: 572->0(571)
[2139.633s][info][gc,heap        ] GC(228) Survivor regions: 42->43(77)
[2139.633s][info][gc,heap        ] GC(228) Old regions: 270->277
[2139.633s][info][gc,heap        ] GC(228) Humongous regions: 33->33
[2139.633s][info][gc,metaspace   ] GC(228) Metaspace: 29986K(30464K)->29986K(30464K) NonClass: 24574K(24832K)->24574K(24832K) Class: 5412K(5632K)->5412K(5632K)
[2139.633s][info][gc             ] GC(228) Pause Young (Normal) (G1 Evacuation Pause) 7304M->2796M(8192M) 150.100ms
[2139.633s][info][gc,cpu         ] GC(228) User=1.19s Sys=0.00s Real=0.15s
...............[2154.009s][info][gc,start       ] GC(229) Pause Young (Normal) (G1 Evacuation Pause)
[2154.009s][info][gc,task        ] GC(229) Using 8 workers of 8 for evacuation
[2154.157s][info][gc,phases      ] GC(229)   Pre Evacuate Collection Set: 0.28ms
[2154.157s][info][gc,phases      ] GC(229)   Merge Heap Roots: 0.59ms
[2154.157s][info][gc,phases      ] GC(229)   Evacuate Collection Set: 146.36ms
[2154.157s][info][gc,phases      ] GC(229)   Post Evacuate Collection Set: 1.03ms
[2154.157s][info][gc,phases      ] GC(229)   Other: 0.08ms
[2154.157s][info][gc,heap        ] GC(229) Eden regions: 571->0(571)
[2154.157s][info][gc,heap        ] GC(229) Survivor regions: 43->42(77)
[2154.157s][info][gc,heap        ] GC(229) Old regions: 277->284
[2154.157s][info][gc,heap        ] GC(229) Humongous regions: 33->33
[2154.157s][info][gc,metaspace   ] GC(229) Metaspace: 29986K(30464K)->29986K(30464K) NonClass: 24574K(24832K)->24574K(24832K) Class: 5412K(5632K)->5412K(5632K)
[2154.157s][info][gc             ] GC(229) Pause Young (Normal) (G1 Evacuation Pause) 7364M->2844M(8192M) 148.460ms
[2154.158s][info][gc,cpu         ] GC(229) User=1.18s Sys=0.00s Real=0.15s
..............[2168.677s][info][gc,start       ] GC(230) Pause Young (Normal) (G1 Evacuation Pause)
[2168.677s][info][gc,task        ] GC(230) Using 8 workers of 8 for evacuation
[2168.826s][info][gc,phases      ] GC(230)   Pre Evacuate Collection Set: 0.28ms
[2168.826s][info][gc,phases      ] GC(230)   Merge Heap Roots: 0.62ms
[2168.826s][info][gc,phases      ] GC(230)   Evacuate Collection Set: 147.73ms
[2168.826s][info][gc,phases      ] GC(230)   Post Evacuate Collection Set: 1.03ms
[2168.826s][info][gc,phases      ] GC(230)   Other: 0.07ms
[2168.826s][info][gc,heap        ] GC(230) Eden regions: 571->0(562)
[2168.826s][info][gc,heap        ] GC(230) Survivor regions: 42->43(77)
[2168.826s][info][gc,heap        ] GC(230) Old regions: 284->291
[2168.826s][info][gc,heap        ] GC(230) Humongous regions: 33->33
[2168.826s][info][gc,metaspace   ] GC(230) Metaspace: 29986K(30464K)->29986K(30464K) NonClass: 24574K(24832K)->24574K(24832K) Class: 5412K(5632K)->5412K(5632K)
[2168.826s][info][gc             ] GC(230) Pause Young (Normal) (G1 Evacuation Pause) 7412M->2904M(8192M) 149.863ms
[2168.827s][info][gc,cpu         ] GC(230) User=1.19s Sys=0.00s Real=0.15s
...............[2183.102s][info][gc,start       ] GC(231) Pause Young (Normal) (G1 Evacuation Pause)
[2183.102s][info][gc,task        ] GC(231) Using 8 workers of 8 for evacuation
[2183.250s][info][gc,phases      ] GC(231)   Pre Evacuate Collection Set: 0.29ms
[2183.250s][info][gc,phases      ] GC(231)   Merge Heap Roots: 0.62ms
[2183.250s][info][gc,phases      ] GC(231)   Evacuate Collection Set: 145.93ms
[2183.250s][info][gc,phases      ] GC(231)   Post Evacuate Collection Set: 1.05ms
[2183.250s][info][gc,phases      ] GC(231)   Other: 0.08ms
[2183.250s][info][gc,heap        ] GC(231) Eden regions: 562->0(558)
[2183.250s][info][gc,heap        ] GC(231) Survivor regions: 43->42(76)
[2183.250s][info][gc,heap        ] GC(231) Old regions: 291->297
[2183.250s][info][gc,heap        ] GC(231) Humongous regions: 33->33
[2183.250s][info][gc,metaspace   ] GC(231) Metaspace: 29986K(30464K)->29986K(30464K) NonClass: 24574K(24832K)->24574K(24832K) Class: 5412K(5632K)->5412K(5632K)
[2183.250s][info][gc             ] GC(231) Pause Young (Normal) (G1 Evacuation Pause) 7400M->2950M(8192M) 148.118ms
[2183.251s][info][gc,cpu         ] GC(231) User=1.17s Sys=0.00s Real=0.15s
. (rIR:aIR:PR = 2629:2630:2630) (tPR = 39295) [OK] 
  2183s: Performance info:
         Transaction,    Success,    Partial,     Failed,   Receipts, AvgBarcode, 
             Overall,     158059,          0,          0,     150149,      59.47, 
         Response times:
             Request,    Success,    Partial,     Failed,   SkipFail,     Probes,    Samples,      min,      p50,      p90,      p95,      p99,      max, 
       TotalPurchase,     150142,          0,          0,          0,     145956,     162460,      300,     1900,     3100,     3500,     7900,   159000,
     InStorePurchase,      78964,          0,          0,          0,      76979,      85526,      300,     1900,     3100,     3500,     8473,   159000,
      OnlinePurchase,      55333,          0,          0,          0,      53748,      59871,      300,     1900,     3100,     3500,     8600,   159000,
        InstPurchase,      15845,          0,          0,          0,      15229,      17063,      400,     1600,     3100,     3500,     6072,   157000,
          AssocOfCat,        160,          0,          0,          0,        131,        192,    21000,    29000,    33700,    37350,   181070,   182000,
      AssocOfProduct,       1580,          0,          0,          0,       1422,       1741,      600,     2200,     3400,     3600,    11190,   155000,
      BusinessReport,        393,          0,          0,          0,        319,        424,    18700,    30000,    35000,    38000,    48250,    54000,
          CustBuyBeh,       1586,          0,          0,          0,       1438,       1754,      200,     1000,     2600,     3100,     5125,   152000,
       ProductReturn,       4192,          0,          0,          0,       3899,       4515,      200,     1600,     2900,     3300,     6900,   155000,

  2183s: (20%)   IR =   2767 .......|.....[2196.646s][info][gc,start       ] GC(232) Pause Young (Normal) (G1 Evacuation Pause)
[2196.646s][info][gc,task        ] GC(232) Using 8 workers of 8 for evacuation
[2196.794s][info][gc,phases      ] GC(232)   Pre Evacuate Collection Set: 0.24ms
[2196.794s][info][gc,phases      ] GC(232)   Merge Heap Roots: 0.55ms
[2196.794s][info][gc,phases      ] GC(232)   Evacuate Collection Set: 146.29ms
[2196.794s][info][gc,phases      ] GC(232)   Post Evacuate Collection Set: 1.00ms
[2196.794s][info][gc,phases      ] GC(232)   Other: 0.06ms
[2196.794s][info][gc,heap        ] GC(232) Eden regions: 558->0(553)
[2196.794s][info][gc,heap        ] GC(232) Survivor regions: 42->41(75)
[2196.794s][info][gc,heap        ] GC(232) Old regions: 297->304
[2196.794s][info][gc,heap        ] GC(232) Humongous regions: 33->33
[2196.794s][info][gc,metaspace   ] GC(232) Metaspace: 29986K(30464K)->29986K(30464K) NonClass: 24574K(24832K)->24574K(24832K) Class: 5412K(5632K)->5412K(5632K)
[2196.794s][info][gc             ] GC(232) Pause Young (Normal) (G1 Evacuation Pause) 7414M->2999M(8192M) 148.269ms
[2196.794s][info][gc,cpu         ] GC(232) User=1.18s Sys=0.00s Real=0.15s
..............[2210.180s][info][gc,start       ] GC(233) Pause Young (Normal) (G1 Evacuation Pause)
[2210.180s][info][gc,task        ] GC(233) Using 8 workers of 8 for evacuation
[2210.330s][info][gc,phases      ] GC(233)   Pre Evacuate Collection Set: 0.28ms
[2210.330s][info][gc,phases      ] GC(233)   Merge Heap Roots: 0.61ms
[2210.330s][info][gc,phases      ] GC(233)   Evacuate Collection Set: 147.77ms
[2210.330s][info][gc,phases      ] GC(233)   Post Evacuate Collection Set: 1.01ms
[2210.330s][info][gc,phases      ] GC(233)   Other: 0.06ms
[2210.330s][info][gc,heap        ] GC(233) Eden regions: 553->0(542)
[2210.330s][info][gc,heap        ] GC(233) Survivor regions: 41->43(75)
[2210.330s][info][gc,heap        ] GC(233) Old regions: 304->311
[2210.330s][info][gc,heap        ] GC(233) Humongous regions: 33->33
[2210.330s][info][gc,metaspace   ] GC(233) Metaspace: 29986K(30464K)->29986K(30464K) NonClass: 24574K(24832K)->24574K(24832K) Class: 5412K(5632K)->5412K(5632K)
[2210.330s][info][gc             ] GC(233) Pause Young (Normal) (G1 Evacuation Pause) 7423M->3071M(8192M) 149.879ms
[2210.330s][info][gc,cpu         ] GC(233) User=1.18s Sys=0.00s Real=0.15s
.............[2223.302s][info][gc,start       ] GC(234) Pause Young (Normal) (G1 Evacuation Pause)
[2223.302s][info][gc,task        ] GC(234) Using 8 workers of 8 for evacuation
[2223.448s][info][gc,phases      ] GC(234)   Pre Evacuate Collection Set: 0.27ms
[2223.448s][info][gc,phases      ] GC(234)   Merge Heap Roots: 0.58ms
[2223.448s][info][gc,phases      ] GC(234)   Evacuate Collection Set: 144.51ms
[2223.448s][info][gc,phases      ] GC(234)   Post Evacuate Collection Set: 1.00ms
[2223.448s][info][gc,phases      ] GC(234)   Other: 0.08ms
[2223.448s][info][gc,heap        ] GC(234) Eden regions: 542->0(540)
[2223.448s][info][gc,heap        ] GC(234) Survivor regions: 43->40(74)
[2223.448s][info][gc,heap        ] GC(234) Old regions: 311->319
[2223.448s][info][gc,heap        ] GC(234) Humongous regions: 33->33
[2223.448s][info][gc,metaspace   ] GC(234) Metaspace: 29986K(30464K)->29986K(30464K) NonClass: 24574K(24832K)->24574K(24832K) Class: 5412K(5632K)->5412K(5632K)
[2223.448s][info][gc             ] GC(234) Pause Young (Normal) (G1 Evacuation Pause) 7407M->3109M(8192M) 146.569ms
[2223.448s][info][gc,cpu         ] GC(234) User=1.16s Sys=0.00s Real=0.15s
.............[2236.460s][info][gc,start       ] GC(235) Pause Young (Concurrent Start) (G1 Evacuation Pause)
[2236.460s][info][gc,task        ] GC(235) Using 8 workers of 8 for evacuation
[2236.606s][info][gc,phases      ] GC(235)   Pre Evacuate Collection Set: 0.34ms
[2236.606s][info][gc,phases      ] GC(235)   Merge Heap Roots: 0.65ms
[2236.606s][info][gc,phases      ] GC(235)   Evacuate Collection Set: 143.79ms
[2236.606s][info][gc,phases      ] GC(235)   Post Evacuate Collection Set: 0.99ms
[2236.606s][info][gc,phases      ] GC(235)   Other: 0.10ms
[2236.606s][info][gc,heap        ] GC(235) Eden regions: 540->0(531)
[2236.606s][info][gc,heap        ] GC(235) Survivor regions: 40->41(73)
[2236.606s][info][gc,heap        ] GC(235) Old regions: 319->326
[2236.606s][info][gc,heap        ] GC(235) Humongous regions: 33->33
[2236.606s][info][gc,metaspace   ] GC(235) Metaspace: 29990K(30464K)->29990K(30464K) NonClass: 24577K(24832K)->24577K(24832K) Class: 5412K(5632K)->5412K(5632K)
[2236.606s][info][gc             ] GC(235) Pause Young (Concurrent Start) (G1 Evacuation Pause) 7429M->3171M(8192M) 145.996ms
[2236.606s][info][gc             ] GC(236) Concurrent Mark Cycle
[2236.606s][info][gc,marking     ] GC(236) Concurrent Scan Root Regions
[2236.606s][info][gc,cpu         ] GC(235) User=1.15s Sys=0.00s Real=0.15s
[2236.807s][info][gc,marking     ] GC(236) Concurrent Scan Root Regions 200.586ms
[2236.807s][info][gc,marking     ] GC(236) Concurrent Mark
[2236.807s][info][gc,marking     ] GC(236) Concurrent Mark From Roots
[2236.807s][info][gc,task        ] GC(236) Using 2 workers of 2 for marking
.[2237.342s][info][gc,marking     ] GC(236) Concurrent Mark From Roots 534.874ms
[2237.342s][info][gc,marking     ] GC(236) Concurrent Preclean
[2237.342s][info][gc,marking     ] GC(236) Concurrent Preclean 0.135ms
[2237.342s][info][gc,start       ] GC(236) Pause Remark
[2237.344s][info][gc             ] GC(236) Pause Remark 3496M->2792M(8192M) 2.193ms
[2237.344s][info][gc,cpu         ] GC(236) User=0.01s Sys=0.00s Real=0.01s
[2237.344s][info][gc,marking     ] GC(236) Concurrent Mark 537.481ms
[2237.344s][info][gc,marking     ] GC(236) Concurrent Rebuild Remembered Sets and Scrub Regions
[2237.700s][info][gc,marking     ] GC(236) Concurrent Rebuild Remembered Sets and Scrub Regions 355.841ms
[2237.700s][info][gc,start       ] GC(236) Pause Cleanup
[2237.701s][info][gc             ] GC(236) Pause Cleanup 2912M->2912M(8192M) 0.265ms
[2237.701s][info][gc,cpu         ] GC(236) User=0.00s Sys=0.00s Real=0.00s
[2237.701s][info][gc,marking     ] GC(236) Concurrent Clear Claimed Marks
[2237.701s][info][gc,marking     ] GC(236) Concurrent Clear Claimed Marks 0.043ms
[2237.701s][info][gc,marking     ] GC(236) Concurrent Cleanup for Next Mark
[2237.707s][info][gc,marking     ] GC(236) Concurrent Cleanup for Next Mark 6.492ms
[2237.707s][info][gc             ] GC(236) Concurrent Mark Cycle 1101.080ms
............[2249.477s][info][gc,start       ] GC(237) Pause Young (Prepare Mixed) (G1 Evacuation Pause)
[2249.477s][info][gc,task        ] GC(237) Using 8 workers of 8 for evacuation
[2249.624s][info][gc,phases      ] GC(237)   Pre Evacuate Collection Set: 0.26ms
[2249.624s][info][gc,phases      ] GC(237)   Merge Heap Roots: 0.79ms
[2249.624s][info][gc,phases      ] GC(237)   Evacuate Collection Set: 144.93ms
[2249.624s][info][gc,phases      ] GC(237)   Post Evacuate Collection Set: 1.03ms
[2249.624s][info][gc,phases      ] GC(237)   Other: 0.06ms
[2249.624s][info][gc,heap        ] GC(237) Eden regions: 531->0(573)
[2249.624s][info][gc,heap        ] GC(237) Survivor regions: 41->41(72)
[2249.624s][info][gc,heap        ] GC(237) Old regions: 238->245
[2249.624s][info][gc,heap        ] GC(237) Humongous regions: 33->33
[2249.624s][info][gc,metaspace   ] GC(237) Metaspace: 29990K(30464K)->29990K(30464K) NonClass: 24577K(24832K)->24577K(24832K) Class: 5412K(5632K)->5412K(5632K)
[2249.624s][info][gc             ] GC(237) Pause Young (Prepare Mixed) (G1 Evacuation Pause) 6715M->2528M(8192M) 147.191ms
[2249.624s][info][gc,cpu         ] GC(237) User=1.16s Sys=0.00s Real=0.15s
.. (rIR:aIR:PR = 2767:2766:2766) (tPR = 41066) [OK] 
  2250s: Performance info:
         Transaction,    Success,    Partial,     Failed,   Receipts, AvgBarcode, 
             Overall,     166026,          0,          0,     157719,      59.47, 
         Response times:
             Request,    Success,    Partial,     Failed,   SkipFail,     Probes,    Samples,      min,      p50,      p90,      p95,      p99,      max, 
       TotalPurchase,     157719,          0,          0,          0,     154094,     173192,      300,     2000,     3300,     3600,     8400,   157000,
     InStorePurchase,      82957,          0,          0,          0,      81242,      91247,      400,     1900,     3200,     3600,     7800,   157000,
      OnlinePurchase,      58134,          0,          0,          0,      56859,      63701,      300,     2100,     3300,     3700,     9098,   157000,
        InstPurchase,      16628,          0,          0,          0,      15993,      18244,      400,     2000,     3300,     3600,     7300,   157000,
          AssocOfCat,        166,          0,          0,          0,        126,        183,    19300,    30000,    38600,    47000,    76200,   198000,
      AssocOfProduct,       1663,          0,          0,          0,       1524,       1859,      700,     2300,     3500,     3800,    10300,   153000,
      BusinessReport,        413,          0,          0,          0,        338,        445,    21000,    32000,    40000,    53000,   148240,   193000,
          CustBuyBeh,       1662,          0,          0,          0,       1483,       1827,      300,     1500,     2800,     3300,     5900,   151000,
       ProductReturn,       4403,          0,          0,          0,       4014,       4713,      200,     1600,     3000,     3400,     5300,   151000,

  2250s: (21%)   IR =   2906 .....|......[2262.802s][info][gc,start       ] GC(238) Pause Young (Mixed) (G1 Evacuation Pause)
[2262.802s][info][gc,task        ] GC(238) Using 8 workers of 8 for evacuation
[2262.957s][info][gc,phases      ] GC(238)   Pre Evacuate Collection Set: 0.31ms
[2262.957s][info][gc,phases      ] GC(238)   Merge Heap Roots: 0.94ms
[2262.957s][info][gc,phases      ] GC(238)   Evacuate Collection Set: 152.44ms
[2262.957s][info][gc,phases      ] GC(238)   Post Evacuate Collection Set: 1.17ms
[2262.957s][info][gc,phases      ] GC(238)   Other: 0.08ms
[2262.957s][info][gc,heap        ] GC(238) Eden regions: 573->0(573)
[2262.957s][info][gc,heap        ] GC(238) Survivor regions: 41->41(77)
[2262.957s][info][gc,heap        ] GC(238) Old regions: 245->150
[2262.957s][info][gc,heap        ] GC(238) Humongous regions: 33->33
[2262.957s][info][gc,metaspace   ] GC(238) Metaspace: 29990K(30464K)->29990K(30464K) NonClass: 24577K(24832K)->24577K(24832K) Class: 5412K(5632K)->5412K(5632K)
[2262.957s][info][gc             ] GC(238) Pause Young (Mixed) (G1 Evacuation Pause) 7112M->1769M(8192M) 155.098ms
[2262.957s][info][gc,cpu         ] GC(238) User=1.22s Sys=0.00s Real=0.16s
..............[2276.010s][info][gc,start       ] GC(239) Pause Young (Mixed) (G1 Evacuation Pause)
[2276.010s][info][gc,task        ] GC(239) Using 8 workers of 8 for evacuation
[2276.161s][info][gc,phases      ] GC(239)   Pre Evacuate Collection Set: 0.29ms
[2276.161s][info][gc,phases      ] GC(239)   Merge Heap Roots: 0.73ms
[2276.161s][info][gc,phases      ] GC(239)   Evacuate Collection Set: 149.33ms
[2276.161s][info][gc,phases      ] GC(239)   Post Evacuate Collection Set: 1.03ms
[2276.161s][info][gc,phases      ] GC(239)   Other: 0.07ms
[2276.161s][info][gc,heap        ] GC(239) Eden regions: 573->0(572)
[2276.161s][info][gc,heap        ] GC(239) Survivor regions: 41->42(77)
[2276.161s][info][gc,heap        ] GC(239) Old regions: 150->141
[2276.161s][info][gc,heap        ] GC(239) Humongous regions: 33->33
[2276.161s][info][gc,metaspace   ] GC(239) Metaspace: 29990K(30464K)->29990K(30464K) NonClass: 24577K(24832K)->24577K(24832K) Class: 5412K(5632K)->5412K(5632K)
[2276.161s][info][gc             ] GC(239) Pause Young (Mixed) (G1 Evacuation Pause) 6353M->1702M(8192M) 151.579ms
[2276.161s][info][gc,cpu         ] GC(239) User=1.20s Sys=0.00s Real=0.15s
.............[2289.215s][info][gc,start       ] GC(240) Pause Young (Normal) (G1 Evacuation Pause)
[2289.216s][info][gc,task        ] GC(240) Using 8 workers of 8 for evacuation
[2289.365s][info][gc,phases      ] GC(240)   Pre Evacuate Collection Set: 0.26ms
[2289.365s][info][gc,phases      ] GC(240)   Merge Heap Roots: 0.62ms
[2289.365s][info][gc,phases      ] GC(240)   Evacuate Collection Set: 147.00ms
[2289.365s][info][gc,phases      ] GC(240)   Post Evacuate Collection Set: 1.02ms
[2289.365s][info][gc,phases      ] GC(240)   Other: 0.09ms
[2289.365s][info][gc,heap        ] GC(240) Eden regions: 572->0(572)
[2289.365s][info][gc,heap        ] GC(240) Survivor regions: 42->42(77)
[2289.365s][info][gc,heap        ] GC(240) Old regions: 141->148
[2289.365s][info][gc,heap        ] GC(240) Humongous regions: 33->33
[2289.365s][info][gc,metaspace   ] GC(240) Metaspace: 29990K(30464K)->29990K(30464K) NonClass: 24577K(24832K)->24577K(24832K) Class: 5412K(5632K)->5412K(5632K)
[2289.365s][info][gc             ] GC(240) Pause Young (Normal) (G1 Evacuation Pause) 6278M->1756M(8192M) 149.116ms
[2289.365s][info][gc,cpu         ] GC(240) User=1.18s Sys=0.00s Real=0.15s
.............[2302.496s][info][gc,start       ] GC(241) Pause Young (Normal) (G1 Evacuation Pause)
[2302.496s][info][gc,task        ] GC(241) Using 8 workers of 8 for evacuation
[2302.645s][info][gc,phases      ] GC(241)   Pre Evacuate Collection Set: 0.26ms
[2302.645s][info][gc,phases      ] GC(241)   Merge Heap Roots: 0.58ms
[2302.645s][info][gc,phases      ] GC(241)   Evacuate Collection Set: 147.18ms
[2302.645s][info][gc,phases      ] GC(241)   Post Evacuate Collection Set: 1.03ms
[2302.645s][info][gc,phases      ] GC(241)   Other: 0.07ms
[2302.645s][info][gc,heap        ] GC(241) Eden regions: 572->0(572)
[2302.645s][info][gc,heap        ] GC(241) Survivor regions: 42->42(77)
[2302.645s][info][gc,heap        ] GC(241) Old regions: 148->154
[2302.645s][info][gc,heap        ] GC(241) Humongous regions: 33->33
[2302.645s][info][gc,metaspace   ] GC(241) Metaspace: 29990K(30464K)->29990K(30464K) NonClass: 24577K(24832K)->24577K(24832K) Class: 5412K(5632K)->5412K(5632K)
[2302.645s][info][gc             ] GC(241) Pause Young (Normal) (G1 Evacuation Pause) 6332M->1811M(8192M) 149.283ms
[2302.645s][info][gc,cpu         ] GC(241) User=1.18s Sys=0.00s Real=0.15s
.............[2315.836s][info][gc,start       ] GC(242) Pause Young (Normal) (G1 Evacuation Pause)
[2315.836s][info][gc,task        ] GC(242) Using 8 workers of 8 for evacuation
[2315.984s][info][gc,phases      ] GC(242)   Pre Evacuate Collection Set: 0.29ms
[2315.984s][info][gc,phases      ] GC(242)   Merge Heap Roots: 0.63ms
[2315.984s][info][gc,phases      ] GC(242)   Evacuate Collection Set: 146.05ms
[2315.984s][info][gc,phases      ] GC(242)   Post Evacuate Collection Set: 1.02ms
[2315.984s][info][gc,phases      ] GC(242)   Other: 0.08ms
[2315.985s][info][gc,heap        ] GC(242) Eden regions: 572->0(572)
[2315.985s][info][gc,heap        ] GC(242) Survivor regions: 42->42(77)
[2315.985s][info][gc,heap        ] GC(242) Old regions: 154->162
[2315.985s][info][gc,heap        ] GC(242) Humongous regions: 33->33
[2315.985s][info][gc,metaspace   ] GC(242) Metaspace: 29990K(30464K)->29990K(30464K) NonClass: 24577K(24832K)->24577K(24832K) Class: 5412K(5632K)->5412K(5632K)
[2315.985s][info][gc             ] GC(242) Pause Young (Normal) (G1 Evacuation Pause) 6387M->1868M(8192M) 148.201ms
[2315.985s][info][gc,cpu         ] GC(242) User=1.18s Sys=0.00s Real=0.15s
. (rIR:aIR:PR = 2906:2900:2901) (tPR = 43291) [OK] 
  2315s: Performance info:
         Transaction,    Success,    Partial,     Failed,   Receipts, AvgBarcode, 
             Overall,     174246,          0,          0,     165524,      59.48, 
         Response times:
             Request,    Success,    Partial,     Failed,   SkipFail,     Probes,    Samples,      min,      p50,      p90,      p95,      p99,      max, 
       TotalPurchase,     165522,          0,          0,          0,     161015,     176596,      300,     2000,     3400,     3700,     6600,   158000,
     InStorePurchase,      87062,          0,          0,          0,      84627,      92550,      400,     2000,     3300,     3700,     6700,   157000,
      OnlinePurchase,      61002,          0,          0,          0,      59580,      65321,      300,     2000,     3400,     3700,     6778,   158000,
        InstPurchase,      17458,          0,          0,          0,      16808,      18725,      500,     2100,     3400,     3800,     5974,   154000,
          AssocOfCat,        174,          0,          0,          0,        136,        206,    19800,    30000,    38300,    47650,   189440,   199000,
      AssocOfProduct,       1740,          0,          0,          0,       1538,       1807,      600,     2500,     3700,     4000,    16600,   155000,
      BusinessReport,        430,          0,          0,          0,        350,        477,    21000,    32000,    38000,    43000,    53220,    60000,
          CustBuyBeh,       1742,          0,          0,          0,       1579,       1863,      200,     1800,     3200,     3600,     4900,    36000,
       ProductReturn,       4634,          0,          0,          0,       4341,       4984,      200,     2200,     3400,     3700,     9645,   155000,

  2315s: (22%)   IR =   3044 ....|........[2328.405s][info][gc,start       ] GC(243) Pause Young (Normal) (G1 Evacuation Pause)
[2328.405s][info][gc,task        ] GC(243) Using 8 workers of 8 for evacuation
[2328.558s][info][gc,phases      ] GC(243)   Pre Evacuate Collection Set: 0.28ms
[2328.558s][info][gc,phases      ] GC(243)   Merge Heap Roots: 0.56ms
[2328.558s][info][gc,phases      ] GC(243)   Evacuate Collection Set: 150.88ms
[2328.558s][info][gc,phases      ] GC(243)   Post Evacuate Collection Set: 1.03ms
[2328.558s][info][gc,phases      ] GC(243)   Other: 0.07ms
[2328.558s][info][gc,heap        ] GC(243) Eden regions: 572->0(571)
[2328.558s][info][gc,heap        ] GC(243) Survivor regions: 42->43(77)
[2328.558s][info][gc,heap        ] GC(243) Old regions: 162->169
[2328.558s][info][gc,heap        ] GC(243) Humongous regions: 33->33
[2328.558s][info][gc,metaspace   ] GC(243) Metaspace: 29990K(30464K)->29990K(30464K) NonClass: 24577K(24832K)->24577K(24832K) Class: 5412K(5632K)->5412K(5632K)
[2328.558s][info][gc             ] GC(243) Pause Young (Normal) (G1 Evacuation Pause) 6444M->1933M(8192M) 152.967ms
[2328.558s][info][gc,cpu         ] GC(243) User=1.21s Sys=0.00s Real=0.15s
.............[2341.091s][info][gc,start       ] GC(244) Pause Young (Normal) (G1 Evacuation Pause)
[2341.091s][info][gc,task        ] GC(244) Using 8 workers of 8 for evacuation
[2341.238s][info][gc,phases      ] GC(244)   Pre Evacuate Collection Set: 0.25ms
[2341.238s][info][gc,phases      ] GC(244)   Merge Heap Roots: 0.62ms
[2341.238s][info][gc,phases      ] GC(244)   Evacuate Collection Set: 145.74ms
[2341.238s][info][gc,phases      ] GC(244)   Post Evacuate Collection Set: 1.04ms
[2341.238s][info][gc,phases      ] GC(244)   Other: 0.09ms
[2341.238s][info][gc,heap        ] GC(244) Eden regions: 571->0(572)
[2341.238s][info][gc,heap        ] GC(244) Survivor regions: 43->42(77)
[2341.238s][info][gc,heap        ] GC(244) Old regions: 169->176
[2341.238s][info][gc,heap        ] GC(244) Humongous regions: 33->33
[2341.238s][info][gc,metaspace   ] GC(244) Metaspace: 29990K(30464K)->29990K(30464K) NonClass: 24577K(24832K)->24577K(24832K) Class: 5412K(5632K)->5412K(5632K)
[2341.238s][info][gc             ] GC(244) Pause Young (Normal) (G1 Evacuation Pause) 6501M->1976M(8192M) 147.869ms
[2341.238s][info][gc,cpu         ] GC(244) User=1.17s Sys=0.00s Real=0.15s
............[2353.768s][info][gc,start       ] GC(245) Pause Young (Normal) (G1 Evacuation Pause)
[2353.768s][info][gc,task        ] GC(245) Using 8 workers of 8 for evacuation
[2353.917s][info][gc,phases      ] GC(245)   Pre Evacuate Collection Set: 0.30ms
[2353.917s][info][gc,phases      ] GC(245)   Merge Heap Roots: 0.62ms
[2353.917s][info][gc,phases      ] GC(245)   Evacuate Collection Set: 147.06ms
[2353.917s][info][gc,phases      ] GC(245)   Post Evacuate Collection Set: 1.02ms
[2353.917s][info][gc,phases      ] GC(245)   Other: 0.07ms
[2353.917s][info][gc,heap        ] GC(245) Eden regions: 572->0(572)
[2353.917s][info][gc,heap        ] GC(245) Survivor regions: 42->42(77)
[2353.917s][info][gc,heap        ] GC(245) Old regions: 176->182
[2353.917s][info][gc,heap        ] GC(245) Humongous regions: 33->33
[2353.917s][info][gc,metaspace   ] GC(245) Metaspace: 29990K(30464K)->29990K(30464K) NonClass: 24577K(24832K)->24577K(24832K) Class: 5412K(5632K)->5412K(5632K)
[2353.917s][info][gc             ] GC(245) Pause Young (Normal) (G1 Evacuation Pause) 6552M->2031M(8192M) 149.207ms
[2353.917s][info][gc,cpu         ] GC(245) User=1.18s Sys=0.00s Real=0.15s
.............[2366.326s][info][gc,start       ] GC(246) Pause Young (Normal) (G1 Evacuation Pause)
[2366.326s][info][gc,task        ] GC(246) Using 8 workers of 8 for evacuation
[2366.472s][info][gc,phases      ] GC(246)   Pre Evacuate Collection Set: 0.27ms
[2366.473s][info][gc,phases      ] GC(246)   Merge Heap Roots: 0.62ms
[2366.473s][info][gc,phases      ] GC(246)   Evacuate Collection Set: 144.73ms
[2366.473s][info][gc,phases      ] GC(246)   Post Evacuate Collection Set: 1.02ms
[2366.473s][info][gc,phases      ] GC(246)   Other: 0.07ms
[2366.473s][info][gc,heap        ] GC(246) Eden regions: 572->0(572)
[2366.473s][info][gc,heap        ] GC(246) Survivor regions: 42->42(77)
[2366.473s][info][gc,heap        ] GC(246) Old regions: 182->189
[2366.473s][info][gc,heap        ] GC(246) Humongous regions: 33->33
[2366.473s][info][gc,metaspace   ] GC(246) Metaspace: 29990K(30464K)->29990K(30464K) NonClass: 24577K(24832K)->24577K(24832K) Class: 5412K(5632K)->5412K(5632K)
[2366.473s][info][gc             ] GC(246) Pause Young (Normal) (G1 Evacuation Pause) 6607M->2086M(8192M) 146.834ms
[2366.473s][info][gc,cpu         ] GC(246) User=1.17s Sys=0.00s Real=0.14s
............[2378.983s][info][gc,start       ] GC(247) Pause Young (Normal) (G1 Evacuation Pause)
[2378.984s][info][gc,task        ] GC(247) Using 8 workers of 8 for evacuation
[2379.132s][info][gc,phases      ] GC(247)   Pre Evacuate Collection Set: 0.27ms
[2379.132s][info][gc,phases      ] GC(247)   Merge Heap Roots: 0.61ms
[2379.133s][info][gc,phases      ] GC(247)   Evacuate Collection Set: 146.20ms
[2379.133s][info][gc,phases      ] GC(247)   Post Evacuate Collection Set: 1.04ms
[2379.133s][info][gc,phases      ] GC(247)   Other: 0.06ms
[2379.133s][info][gc,heap        ] GC(247) Eden regions: 572->0(571)
[2379.133s][info][gc,heap        ] GC(247) Survivor regions: 42->43(77)
[2379.133s][info][gc,heap        ] GC(247) Old regions: 189->196
[2379.133s][info][gc,heap        ] GC(247) Humongous regions: 33->33
[2379.133s][info][gc,metaspace   ] GC(247) Metaspace: 29990K(30464K)->29990K(30464K) NonClass: 24577K(24832K)->24577K(24832K) Class: 5412K(5632K)->5412K(5632K)
[2379.133s][info][gc             ] GC(247) Pause Young (Normal) (G1 Evacuation Pause) 6662M->2149M(8192M) 149.068ms
[2379.133s][info][gc,cpu         ] GC(247) User=1.17s Sys=0.00s Real=0.14s
.. (rIR:aIR:PR = 3044:3043:3043) (tPR = 45304) [OK] 
  2379s: Performance info:
         Transaction,    Success,    Partial,     Failed,   Receipts, AvgBarcode, 
             Overall,     182875,          0,          0,     173732,      59.47, 
         Response times:
             Request,    Success,    Partial,     Failed,   SkipFail,     Probes,    Samples,      min,      p50,      p90,      p95,      p99,      max, 
       TotalPurchase,     173734,          0,          0,          0,     169546,     182463,      300,     2100,     3500,     3900,     7900,   161000,
     InStorePurchase,      91439,          0,          0,          0,      89438,      95980,      400,     2100,     3500,     3900,     8300,   159000,
      OnlinePurchase,      64012,          0,          0,          0,      62578,      67449,      300,     2100,     3500,     3900,     7600,   161000,
        InstPurchase,      18283,          0,          0,          0,      17530,      19034,      500,     2100,     3500,     3900,     8065,   159000,
          AssocOfCat,        183,          0,          0,          0,        138,        199,    22000,    30000,    38000,    44000,   187000,   193000,
      AssocOfProduct,       1827,          0,          0,          0,       1645,       1902,      800,     2900,     3900,     4200,     5397,    34000,
      BusinessReport,        457,          0,          0,          0,        361,        466,    21000,    32000,    38000,    43000,    55320,   194000,
          CustBuyBeh,       1821,          0,          0,          0,       1640,       1924,      200,     2000,     3300,     3600,     5500,   152000,
       ProductReturn,       4852,          0,          0,          0,       4548,       5141,      200,     1800,     3300,     3800,     7432,   153000,

  2379s: (23%)   IR =   3183 ....|......[2391.141s][info][gc,start       ] GC(248) Pause Young (Normal) (G1 Evacuation Pause)
[2391.141s][info][gc,task        ] GC(248) Using 8 workers of 8 for evacuation
[2391.290s][info][gc,phases      ] GC(248)   Pre Evacuate Collection Set: 0.25ms
[2391.290s][info][gc,phases      ] GC(248)   Merge Heap Roots: 0.51ms
[2391.290s][info][gc,phases      ] GC(248)   Evacuate Collection Set: 147.07ms
[2391.290s][info][gc,phases      ] GC(248)   Post Evacuate Collection Set: 1.03ms
[2391.290s][info][gc,phases      ] GC(248)   Other: 0.06ms
[2391.290s][info][gc,heap        ] GC(248) Eden regions: 571->0(572)
[2391.290s][info][gc,heap        ] GC(248) Survivor regions: 43->42(77)
[2391.290s][info][gc,heap        ] GC(248) Old regions: 196->203
[2391.290s][info][gc,heap        ] GC(248) Humongous regions: 33->33
[2391.290s][info][gc,metaspace   ] GC(248) Metaspace: 29991K(30464K)->29991K(30464K) NonClass: 24578K(24832K)->24578K(24832K) Class: 5412K(5632K)->5412K(5632K)
[2391.290s][info][gc             ] GC(248) Pause Young (Normal) (G1 Evacuation Pause) 6717M->2201M(8192M) 149.054ms
[2391.290s][info][gc,cpu         ] GC(248) User=1.18s Sys=0.00s Real=0.15s
............[2403.220s][info][gc,start       ] GC(249) Pause Young (Normal) (G1 Evacuation Pause)
[2403.220s][info][gc,task        ] GC(249) Using 8 workers of 8 for evacuation
[2403.370s][info][gc,phases      ] GC(249)   Pre Evacuate Collection Set: 0.25ms
[2403.370s][info][gc,phases      ] GC(249)   Merge Heap Roots: 0.61ms
[2403.370s][info][gc,phases      ] GC(249)   Evacuate Collection Set: 147.27ms
[2403.370s][info][gc,phases      ] GC(249)   Post Evacuate Collection Set: 1.03ms
[2403.370s][info][gc,phases      ] GC(249)   Other: 0.07ms
[2403.370s][info][gc,heap        ] GC(249) Eden regions: 572->0(572)
[2403.370s][info][gc,heap        ] GC(249) Survivor regions: 42->42(77)
[2403.370s][info][gc,heap        ] GC(249) Old regions: 203->210
[2403.370s][info][gc,heap        ] GC(249) Humongous regions: 33->33
[2403.370s][info][gc,metaspace   ] GC(249) Metaspace: 29991K(30464K)->29991K(30464K) NonClass: 24578K(24832K)->24578K(24832K) Class: 5412K(5632K)->5412K(5632K)
[2403.370s][info][gc             ] GC(249) Pause Young (Normal) (G1 Evacuation Pause) 6777M->2255M(8192M) 149.356ms
[2403.370s][info][gc,cpu         ] GC(249) User=1.18s Sys=0.00s Real=0.15s
............[2415.299s][info][gc,start       ] GC(250) Pause Young (Normal) (G1 Evacuation Pause)
[2415.299s][info][gc,task        ] GC(250) Using 8 workers of 8 for evacuation
[2415.447s][info][gc,phases      ] GC(250)   Pre Evacuate Collection Set: 0.27ms
[2415.447s][info][gc,phases      ] GC(250)   Merge Heap Roots: 0.65ms
[2415.447s][info][gc,phases      ] GC(250)   Evacuate Collection Set: 145.32ms
[2415.447s][info][gc,phases      ] GC(250)   Post Evacuate Collection Set: 1.04ms
[2415.447s][info][gc,phases      ] GC(250)   Other: 0.07ms
[2415.447s][info][gc,heap        ] GC(250) Eden regions: 572->0(572)
[2415.447s][info][gc,heap        ] GC(250) Survivor regions: 42->42(77)
[2415.447s][info][gc,heap        ] GC(250) Old regions: 210->217
[2415.447s][info][gc,heap        ] GC(250) Humongous regions: 33->33
[2415.447s][info][gc,metaspace   ] GC(250) Metaspace: 29991K(30464K)->29991K(30464K) NonClass: 24578K(24832K)->24578K(24832K) Class: 5412K(5632K)->5412K(5632K)
[2415.447s][info][gc             ] GC(250) Pause Young (Normal) (G1 Evacuation Pause) 6831M->2308M(8192M) 147.488ms
[2415.447s][info][gc,cpu         ] GC(250) User=1.17s Sys=0.00s Real=0.15s
............[2427.395s][info][gc,start       ] GC(251) Pause Young (Normal) (G1 Evacuation Pause)
[2427.395s][info][gc,task        ] GC(251) Using 8 workers of 8 for evacuation
[2427.543s][info][gc,phases      ] GC(251)   Pre Evacuate Collection Set: 0.29ms
[2427.543s][info][gc,phases      ] GC(251)   Merge Heap Roots: 0.61ms
[2427.543s][info][gc,phases      ] GC(251)   Evacuate Collection Set: 146.15ms
[2427.543s][info][gc,phases      ] GC(251)   Post Evacuate Collection Set: 1.07ms
[2427.543s][info][gc,phases      ] GC(251)   Other: 0.07ms
[2427.543s][info][gc,heap        ] GC(251) Eden regions: 572->0(572)
[2427.543s][info][gc,heap        ] GC(251) Survivor regions: 42->42(77)
[2427.543s][info][gc,heap        ] GC(251) Old regions: 217->223
[2427.543s][info][gc,heap        ] GC(251) Humongous regions: 33->33
[2427.543s][info][gc,metaspace   ] GC(251) Metaspace: 29991K(30464K)->29991K(30464K) NonClass: 24578K(24832K)->24578K(24832K) Class: 5412K(5632K)->5412K(5632K)
[2427.543s][info][gc             ] GC(251) Pause Young (Normal) (G1 Evacuation Pause) 6884M->2363M(8192M) 148.316ms
[2427.543s][info][gc,cpu         ] GC(251) User=1.17s Sys=0.00s Real=0.15s
............[2439.531s][info][gc,start       ] GC(252) Pause Young (Normal) (G1 Evacuation Pause)
[2439.531s][info][gc,task        ] GC(252) Using 8 workers of 8 for evacuation
[2439.678s][info][gc,phases      ] GC(252)   Pre Evacuate Collection Set: 0.27ms
[2439.678s][info][gc,phases      ] GC(252)   Merge Heap Roots: 0.66ms
[2439.678s][info][gc,phases      ] GC(252)   Evacuate Collection Set: 145.13ms
[2439.678s][info][gc,phases      ] GC(252)   Post Evacuate Collection Set: 1.04ms
[2439.678s][info][gc,phases      ] GC(252)   Other: 0.06ms
[2439.678s][info][gc,heap        ] GC(252) Eden regions: 572->0(572)
[2439.678s][info][gc,heap        ] GC(252) Survivor regions: 42->42(77)
[2439.678s][info][gc,heap        ] GC(252) Old regions: 223->230
[2439.678s][info][gc,heap        ] GC(252) Humongous regions: 33->33
[2439.678s][info][gc,metaspace   ] GC(252) Metaspace: 29991K(30464K)->29991K(30464K) NonClass: 24578K(24832K)->24578K(24832K) Class: 5412K(5632K)->5412K(5632K)
[2439.678s][info][gc             ] GC(252) Pause Young (Normal) (G1 Evacuation Pause) 6939M->2417M(8192M) 147.339ms
[2439.678s][info][gc,cpu         ] GC(252) User=1.17s Sys=0.00s Real=0.15s
...... (rIR:aIR:PR = 3183:3184:3184) (tPR = 47057) [OK] 
  2444s: Performance info:
         Transaction,    Success,    Partial,     Failed,   Receipts, AvgBarcode, 
             Overall,     192711,          0,          0,     183079,      59.47, 
         Response times:
             Request,    Success,    Partial,     Failed,   SkipFail,     Probes,    Samples,      min,      p50,      p90,      p95,      p99,      max, 
       TotalPurchase,     183079,          0,          0,          0,     178784,     192599,      300,     2200,     3700,     4100,    10500,   156000,
     InStorePurchase,      96376,          0,          0,          0,      94068,     100950,      400,     2200,     3700,     4100,    11000,   155000,
      OnlinePurchase,      67424,          0,          0,          0,      66150,      71374,      300,     2200,     3700,     4100,     9900,   156000,
        InstPurchase,      19279,          0,          0,          0,      18566,      20275,      500,     2200,     3700,     4100,     9448,   154000,
          AssocOfCat,        194,          0,          0,          0,        140,        214,    23000,    31000,    38000,    48250,   122250,   195000,
      AssocOfProduct,       1924,          0,          0,          0,       1727,       2012,      800,     2600,     3900,     4300,    12454,   156000,
      BusinessReport,        482,          0,          0,          0,        394,        504,    21000,    32000,    38000,    42000,    60000,   205000,
          CustBuyBeh,       1926,          0,          0,          0,       1729,       1998,      200,     1900,     3500,     3900,    14000,   155000,
       ProductReturn,       5106,          0,          0,          0,       4728,       5268,      200,     2500,     3700,     4100,    13900,   153000,

  2444s: (24%)   IR =   3321 ......|[2451.186s][info][gc,start       ] GC(253) Pause Young (Normal) (G1 Evacuation Pause)
[2451.186s][info][gc,task        ] GC(253) Using 8 workers of 8 for evacuation
[2451.333s][info][gc,phases      ] GC(253)   Pre Evacuate Collection Set: 0.25ms
[2451.333s][info][gc,phases      ] GC(253)   Merge Heap Roots: 0.53ms
[2451.333s][info][gc,phases      ] GC(253)   Evacuate Collection Set: 145.25ms
[2451.333s][info][gc,phases      ] GC(253)   Post Evacuate Collection Set: 1.00ms
[2451.333s][info][gc,phases      ] GC(253)   Other: 0.06ms
[2451.333s][info][gc,heap        ] GC(253) Eden regions: 572->0(572)
[2451.333s][info][gc,heap        ] GC(253) Survivor regions: 42->42(77)
[2451.333s][info][gc,heap        ] GC(253) Old regions: 230->237
[2451.333s][info][gc,heap        ] GC(253) Humongous regions: 33->33
[2451.333s][info][gc,metaspace   ] GC(253) Metaspace: 29991K(30464K)->29991K(30464K) NonClass: 24578K(24832K)->24578K(24832K) Class: 5412K(5632K)->5412K(5632K)
[2451.333s][info][gc             ] GC(253) Pause Young (Normal) (G1 Evacuation Pause) 6993M->2470M(8192M) 147.229ms
[2451.333s][info][gc,cpu         ] GC(253) User=1.16s Sys=0.00s Real=0.15s
............[2462.819s][info][gc,start       ] GC(254) Pause Young (Normal) (G1 Evacuation Pause)
[2462.819s][info][gc,task        ] GC(254) Using 8 workers of 8 for evacuation
[2462.967s][info][gc,phases      ] GC(254)   Pre Evacuate Collection Set: 0.27ms
[2462.967s][info][gc,phases      ] GC(254)   Merge Heap Roots: 0.61ms
[2462.967s][info][gc,phases      ] GC(254)   Evacuate Collection Set: 146.27ms
[2462.967s][info][gc,phases      ] GC(254)   Post Evacuate Collection Set: 1.03ms
[2462.967s][info][gc,phases      ] GC(254)   Other: 0.09ms
[2462.967s][info][gc,heap        ] GC(254) Eden regions: 572->0(572)
[2462.967s][info][gc,heap        ] GC(254) Survivor regions: 42->42(77)
[2462.967s][info][gc,heap        ] GC(254) Old regions: 237->244
[2462.967s][info][gc,heap        ] GC(254) Humongous regions: 33->33
[2462.967s][info][gc,metaspace   ] GC(254) Metaspace: 29991K(30464K)->29991K(30464K) NonClass: 24578K(24832K)->24578K(24832K) Class: 5412K(5632K)->5412K(5632K)
[2462.967s][info][gc             ] GC(254) Pause Young (Normal) (G1 Evacuation Pause) 7046M->2528M(8192M) 148.410ms
[2462.967s][info][gc,cpu         ] GC(254) User=1.17s Sys=0.00s Real=0.15s
...........[2474.274s][info][gc,start       ] GC(255) Pause Young (Normal) (G1 Evacuation Pause)
[2474.274s][info][gc,task        ] GC(255) Using 8 workers of 8 for evacuation
[2474.422s][info][gc,phases      ] GC(255)   Pre Evacuate Collection Set: 0.27ms
[2474.422s][info][gc,phases      ] GC(255)   Merge Heap Roots: 0.50ms
[2474.422s][info][gc,phases      ] GC(255)   Evacuate Collection Set: 146.12ms
[2474.422s][info][gc,phases      ] GC(255)   Post Evacuate Collection Set: 1.01ms
[2474.422s][info][gc,phases      ] GC(255)   Other: 0.06ms
[2474.422s][info][gc,heap        ] GC(255) Eden regions: 572->0(572)
[2474.422s][info][gc,heap        ] GC(255) Survivor regions: 42->42(77)
[2474.422s][info][gc,heap        ] GC(255) Old regions: 244->251
[2474.422s][info][gc,heap        ] GC(255) Humongous regions: 33->33
[2474.422s][info][gc,metaspace   ] GC(255) Metaspace: 29991K(30464K)->29991K(30464K) NonClass: 24578K(24832K)->24578K(24832K) Class: 5412K(5632K)->5412K(5632K)
[2474.422s][info][gc             ] GC(255) Pause Young (Normal) (G1 Evacuation Pause) 7104M->2579M(8192M) 148.085ms
[2474.422s][info][gc,cpu         ] GC(255) User=1.18s Sys=0.00s Real=0.14s
............[2485.930s][info][gc,start       ] GC(256) Pause Young (Normal) (G1 Evacuation Pause)
[2485.930s][info][gc,task        ] GC(256) Using 8 workers of 8 for evacuation
[2486.080s][info][gc,phases      ] GC(256)   Pre Evacuate Collection Set: 0.26ms
[2486.080s][info][gc,phases      ] GC(256)   Merge Heap Roots: 0.54ms
[2486.080s][info][gc,phases      ] GC(256)   Evacuate Collection Set: 148.30ms
[2486.080s][info][gc,phases      ] GC(256)   Post Evacuate Collection Set: 1.02ms
[2486.080s][info][gc,phases      ] GC(256)   Other: 0.06ms
[2486.080s][info][gc,heap        ] GC(256) Eden regions: 572->0(571)
[2486.080s][info][gc,heap        ] GC(256) Survivor regions: 42->43(77)
[2486.080s][info][gc,heap        ] GC(256) Old regions: 251->258
[2486.080s][info][gc,heap        ] GC(256) Humongous regions: 33->33
[2486.080s][info][gc,metaspace   ] GC(256) Metaspace: 29991K(30464K)->29991K(30464K) NonClass: 24578K(24832K)->24578K(24832K) Class: 5412K(5632K)->5412K(5632K)
[2486.080s][info][gc             ] GC(256) Pause Young (Normal) (G1 Evacuation Pause) 7155M->2645M(8192M) 150.336ms
[2486.080s][info][gc,cpu         ] GC(256) User=1.19s Sys=0.00s Real=0.15s
...........[2497.486s][info][gc,start       ] GC(257) Pause Young (Normal) (G1 Evacuation Pause)
[2497.486s][info][gc,task        ] GC(257) Using 8 workers of 8 for evacuation
[2497.634s][info][gc,phases      ] GC(257)   Pre Evacuate Collection Set: 0.25ms
[2497.634s][info][gc,phases      ] GC(257)   Merge Heap Roots: 0.60ms
[2497.634s][info][gc,phases      ] GC(257)   Evacuate Collection Set: 145.59ms
[2497.634s][info][gc,phases      ] GC(257)   Post Evacuate Collection Set: 1.05ms
[2497.634s][info][gc,phases      ] GC(257)   Other: 0.07ms
[2497.634s][info][gc,heap        ] GC(257) Eden regions: 571->0(572)
[2497.634s][info][gc,heap        ] GC(257) Survivor regions: 43->42(77)
[2497.634s][info][gc,heap        ] GC(257) Old regions: 258->265
[2497.634s][info][gc,heap        ] GC(257) Humongous regions: 33->33
[2497.634s][info][gc,metaspace   ] GC(257) Metaspace: 29991K(30464K)->29991K(30464K) NonClass: 24578K(24832K)->24578K(24832K) Class: 5412K(5632K)->5412K(5632K)
[2497.634s][info][gc             ] GC(257) Pause Young (Normal) (G1 Evacuation Pause) 7213M->2688M(8192M) 147.681ms
[2497.634s][info][gc,cpu         ] GC(257) User=1.17s Sys=0.00s Real=0.15s
............[2508.978s][info][gc,start       ] GC(258) Pause Young (Normal) (G1 Evacuation Pause)
[2508.978s][info][gc,task        ] GC(258) Using 8 workers of 8 for evacuation
[2509.127s][info][gc,phases      ] GC(258)   Pre Evacuate Collection Set: 0.25ms
[2509.127s][info][gc,phases      ] GC(258)   Merge Heap Roots: 0.67ms
[2509.127s][info][gc,phases      ] GC(258)   Evacuate Collection Set: 147.10ms
[2509.127s][info][gc,phases      ] GC(258)   Post Evacuate Collection Set: 0.99ms
[2509.127s][info][gc,phases      ] GC(258)   Other: 0.07ms
[2509.127s][info][gc,heap        ] GC(258) Eden regions: 572->0(572)
[2509.127s][info][gc,heap        ] GC(258) Survivor regions: 42->42(77)
[2509.127s][info][gc,heap        ] GC(258) Old regions: 265->272
[2509.127s][info][gc,heap        ] GC(258) Humongous regions: 33->33
[2509.127s][info][gc,metaspace   ] GC(258) Metaspace: 29991K(30464K)->29991K(30464K) NonClass: 24578K(24832K)->24578K(24832K) Class: 5412K(5632K)->5412K(5632K)
[2509.128s][info][gc             ] GC(258) Pause Young (Normal) (G1 Evacuation Pause) 7264M->2745M(8192M) 149.222ms
[2509.128s][info][gc,cpu         ] GC(258) User=1.17s Sys=0.01s Real=0.15s
.. (rIR:aIR:PR = 3321:3325:3325) (tPR = 49409) [OK] 
  2510s: Performance info:
         Transaction,    Success,    Partial,     Failed,   Receipts, AvgBarcode, 
             Overall,     199574,          0,          0,     189588,      59.48, 
         Response times:
             Request,    Success,    Partial,     Failed,   SkipFail,     Probes,    Samples,      min,      p50,      p90,      p95,      p99,      max, 
       TotalPurchase,     189588,          0,          0,          0,     185324,     204993,      300,     2300,     3800,     4300,    11900,   187000,
     InStorePurchase,      99722,          0,          0,          0,      97809,     108090,      400,     2200,     3800,     4200,    12500,   187000,
      OnlinePurchase,      69893,          0,          0,          0,      68219,      75302,      300,     2300,     3800,     4300,    11500,   163000,
        InstPurchase,      19973,          0,          0,          0,      19296,      21601,      500,     2400,     3900,     4300,    11200,   158000,
          AssocOfCat,        201,          0,          0,          0,        140,        220,    22000,    30000,    38000,    40950,    58740,    68000,
      AssocOfProduct,       2005,          0,          0,          0,       1816,       2128,      500,     2800,     4200,     4655,    19055,   155000,
      BusinessReport,        499,          0,          0,          0,        439,        593,    22000,    32000,    40600,    46000,    67420,   206000,
          CustBuyBeh,       1998,          0,          0,          0,       1817,       2147,      300,     2400,     3700,     4200,    16608,   153000,
       ProductReturn,       5283,          0,          0,          0,       4956,       5678,      200,     1900,     3600,     4000,    10263,   155000,

  2510s: (25%)   IR =   3459 ......|...[2520.173s][info][gc,start       ] GC(259) Pause Young (Normal) (G1 Evacuation Pause)
[2520.173s][info][gc,task        ] GC(259) Using 8 workers of 8 for evacuation
[2520.325s][info][gc,phases      ] GC(259)   Pre Evacuate Collection Set: 0.26ms
[2520.325s][info][gc,phases      ] GC(259)   Merge Heap Roots: 0.55ms
[2520.325s][info][gc,phases      ] GC(259)   Evacuate Collection Set: 150.45ms
[2520.325s][info][gc,phases      ] GC(259)   Post Evacuate Collection Set: 1.05ms
[2520.325s][info][gc,phases      ] GC(259)   Other: 0.08ms
[2520.325s][info][gc,heap        ] GC(259) Eden regions: 572->0(571)
[2520.325s][info][gc,heap        ] GC(259) Survivor regions: 42->43(77)
[2520.325s][info][gc,heap        ] GC(259) Old regions: 272->279
[2520.325s][info][gc,heap        ] GC(259) Humongous regions: 33->33
[2520.325s][info][gc,metaspace   ] GC(259) Metaspace: 29991K(30464K)->29991K(30464K) NonClass: 24578K(24832K)->24578K(24832K) Class: 5412K(5632K)->5412K(5632K)
[2520.325s][info][gc             ] GC(259) Pause Young (Normal) (G1 Evacuation Pause) 7321M->2815M(8192M) 152.540ms
[2520.325s][info][gc,cpu         ] GC(259) User=1.20s Sys=0.00s Real=0.16s
...........[2531.330s][info][gc,start       ] GC(260) Pause Young (Normal) (G1 Evacuation Pause)
[2531.330s][info][gc,task        ] GC(260) Using 8 workers of 8 for evacuation
[2531.478s][info][gc,phases      ] GC(260)   Pre Evacuate Collection Set: 0.26ms
[2531.478s][info][gc,phases      ] GC(260)   Merge Heap Roots: 0.59ms
[2531.478s][info][gc,phases      ] GC(260)   Evacuate Collection Set: 145.86ms
[2531.478s][info][gc,phases      ] GC(260)   Post Evacuate Collection Set: 1.04ms
[2531.478s][info][gc,phases      ] GC(260)   Other: 0.08ms
[2531.478s][info][gc,heap        ] GC(260) Eden regions: 571->0(569)
[2531.478s][info][gc,heap        ] GC(260) Survivor regions: 43->42(77)
[2531.478s][info][gc,heap        ] GC(260) Old regions: 279->286
[2531.478s][info][gc,heap        ] GC(260) Humongous regions: 33->33
[2531.478s][info][gc,metaspace   ] GC(260) Metaspace: 29991K(30464K)->29991K(30464K) NonClass: 24578K(24832K)->24578K(24832K) Class: 5412K(5632K)->5412K(5632K)
[2531.478s][info][gc             ] GC(260) Pause Young (Normal) (G1 Evacuation Pause) 7383M->2861M(8192M) 147.972ms
[2531.478s][info][gc,cpu         ] GC(260) User=1.17s Sys=0.00s Real=0.15s
...........[2542.361s][info][gc,start       ] GC(261) Pause Young (Normal) (G1 Evacuation Pause)
[2542.361s][info][gc,task        ] GC(261) Using 8 workers of 8 for evacuation
[2542.507s][info][gc,phases      ] GC(261)   Pre Evacuate Collection Set: 0.29ms
[2542.507s][info][gc,phases      ] GC(261)   Merge Heap Roots: 0.56ms
[2542.507s][info][gc,phases      ] GC(261)   Evacuate Collection Set: 144.27ms
[2542.507s][info][gc,phases      ] GC(261)   Post Evacuate Collection Set: 1.03ms
[2542.507s][info][gc,phases      ] GC(261)   Other: 0.07ms
[2542.508s][info][gc,heap        ] GC(261) Eden regions: 569->0(562)
[2542.508s][info][gc,heap        ] GC(261) Survivor regions: 42->42(77)
[2542.508s][info][gc,heap        ] GC(261) Old regions: 286->293
[2542.508s][info][gc,heap        ] GC(261) Humongous regions: 33->33
[2542.508s][info][gc,metaspace   ] GC(261) Metaspace: 29991K(30464K)->29991K(30464K) NonClass: 24578K(24832K)->24578K(24832K) Class: 5412K(5632K)->5412K(5632K)
[2542.508s][info][gc             ] GC(261) Pause Young (Normal) (G1 Evacuation Pause) 7413M->2913M(8192M) 146.354ms
[2542.508s][info][gc,cpu         ] GC(261) User=1.16s Sys=0.00s Real=0.15s
...........[2553.254s][info][gc,start       ] GC(262) Pause Young (Normal) (G1 Evacuation Pause)
[2553.254s][info][gc,task        ] GC(262) Using 8 workers of 8 for evacuation
[2553.402s][info][gc,phases      ] GC(262)   Pre Evacuate Collection Set: 0.26ms
[2553.402s][info][gc,phases      ] GC(262)   Merge Heap Roots: 0.57ms
[2553.402s][info][gc,phases      ] GC(262)   Evacuate Collection Set: 145.99ms
[2553.402s][info][gc,phases      ] GC(262)   Post Evacuate Collection Set: 1.01ms
[2553.402s][info][gc,phases      ] GC(262)   Other: 0.07ms
[2553.402s][info][gc,heap        ] GC(262) Eden regions: 562->0(555)
[2553.402s][info][gc,heap        ] GC(262) Survivor regions: 42->42(76)
[2553.402s][info][gc,heap        ] GC(262) Old regions: 293->300
[2553.402s][info][gc,heap        ] GC(262) Humongous regions: 33->33
[2553.402s][info][gc,metaspace   ] GC(262) Metaspace: 29991K(30464K)->29991K(30464K) NonClass: 24578K(24832K)->24578K(24832K) Class: 5412K(5632K)->5412K(5632K)
[2553.402s][info][gc             ] GC(262) Pause Young (Normal) (G1 Evacuation Pause) 7409M->2969M(8192M) 148.024ms
[2553.402s][info][gc,cpu         ] GC(262) User=1.17s Sys=0.00s Real=0.14s
...........[2564.084s][info][gc,start       ] GC(263) Pause Young (Normal) (G1 Evacuation Pause)
[2564.084s][info][gc,task        ] GC(263) Using 8 workers of 8 for evacuation
[2564.231s][info][gc,phases      ] GC(263)   Pre Evacuate Collection Set: 0.27ms
[2564.231s][info][gc,phases      ] GC(263)   Merge Heap Roots: 0.60ms
[2564.231s][info][gc,phases      ] GC(263)   Evacuate Collection Set: 145.32ms
[2564.231s][info][gc,phases      ] GC(263)   Post Evacuate Collection Set: 1.00ms
[2564.231s][info][gc,phases      ] GC(263)   Other: 0.07ms
[2564.231s][info][gc,heap        ] GC(263) Eden regions: 555->0(548)
[2564.231s][info][gc,heap        ] GC(263) Survivor regions: 42->42(75)
[2564.231s][info][gc,heap        ] GC(263) Old regions: 300->307
[2564.231s][info][gc,heap        ] GC(263) Humongous regions: 33->33
[2564.231s][info][gc,metaspace   ] GC(263) Metaspace: 29991K(30464K)->29991K(30464K) NonClass: 24578K(24832K)->24578K(24832K) Class: 5412K(5632K)->5412K(5632K)
[2564.231s][info][gc             ] GC(263) Pause Young (Normal) (G1 Evacuation Pause) 7409M->3029M(8192M) 147.403ms
[2564.231s][info][gc,cpu         ] GC(263) User=1.17s Sys=0.00s Real=0.14s
..........[2574.736s][info][gc,start       ] GC(264) Pause Young (Normal) (G1 Evacuation Pause)
[2574.736s][info][gc,task        ] GC(264) Using 8 workers of 8 for evacuation
[2574.886s][info][gc,phases      ] GC(264)   Pre Evacuate Collection Set: 0.25ms
[2574.886s][info][gc,phases      ] GC(264)   Merge Heap Roots: 0.61ms
[2574.886s][info][gc,phases      ] GC(264)   Evacuate Collection Set: 148.01ms
[2574.886s][info][gc,phases      ] GC(264)   Post Evacuate Collection Set: 1.03ms
[2574.886s][info][gc,phases      ] GC(264)   Other: 0.06ms
[2574.886s][info][gc,heap        ] GC(264) Eden regions: 548->0(539)
[2574.886s][info][gc,heap        ] GC(264) Survivor regions: 42->43(74)
[2574.886s][info][gc,heap        ] GC(264) Old regions: 307->314
[2574.886s][info][gc,heap        ] GC(264) Humongous regions: 33->33
[2574.886s][info][gc,metaspace   ] GC(264) Metaspace: 29991K(30464K)->29991K(30464K) NonClass: 24578K(24832K)->24578K(24832K) Class: 5412K(5632K)->5412K(5632K)
[2574.886s][info][gc             ] GC(264) Pause Young (Normal) (G1 Evacuation Pause) 7413M->3091M(8192M) 150.104ms
[2574.886s][info][gc,cpu         ] GC(264) User=1.19s Sys=0.00s Real=0.15s
... (rIR:aIR:PR = 3459:3460:3460) (tPR = 51313) [OK] 
  2576s: Performance info:
         Transaction,    Success,    Partial,     Failed,   Receipts, AvgBarcode, 
             Overall,     207991,          0,          0,     197579,      59.48, 
         Response times:
             Request,    Success,    Partial,     Failed,   SkipFail,     Probes,    Samples,      min,      p50,      p90,      p95,      p99,      max, 
       TotalPurchase,     197579,          0,          0,          0,     192911,     214081,      400,     2400,     4000,     4500,    14600,   161000,
     InStorePurchase,     104002,          0,          0,          0,     101584,     112196,      400,     2300,     4000,     4400,    15200,   161000,
      OnlinePurchase,      72800,          0,          0,          0,      71332,      79390,      400,     2300,     4000,     4500,    13500,   161000,
        InstPurchase,      20777,          0,          0,          0,      19995,      22495,      400,     2500,     4100,     4500,    16304,   159000,
          AssocOfCat,        209,          0,          0,          0,        136,        211,    23000,    31000,    40000,    43200,    49880,    50000,
      AssocOfProduct,       2084,          0,          0,          0,       1927,       2337,      600,     3000,     4400,     5000,    23620,   158000,
      BusinessReport,        516,          0,          0,          0,        432,        575,    22000,    32000,    39000,    44000,    52240,   188000,
          CustBuyBeh,       2091,          0,          0,          0,       1879,       2246,      200,     1700,     3700,     4200,     8859,   149000,
       ProductReturn,       5510,          0,          0,          0,       5218,       6127,      200,     1900,     3800,     4300,     9544,   157000,

  2576s: (26%)   IR =   3598 ....|...[2584.885s][info][gc,start       ] GC(265) Pause Young (Normal) (G1 Evacuation Pause)
[2584.885s][info][gc,task        ] GC(265) Using 8 workers of 8 for evacuation
[2585.033s][info][gc,phases      ] GC(265)   Pre Evacuate Collection Set: 0.30ms
[2585.033s][info][gc,phases      ] GC(265)   Merge Heap Roots: 0.63ms
[2585.033s][info][gc,phases      ] GC(265)   Evacuate Collection Set: 145.36ms
[2585.033s][info][gc,phases      ] GC(265)   Post Evacuate Collection Set: 1.04ms
[2585.033s][info][gc,phases      ] GC(265)   Other: 0.10ms
[2585.033s][info][gc,heap        ] GC(265) Eden regions: 539->0(536)
[2585.033s][info][gc,heap        ] GC(265) Survivor regions: 43->41(73)
[2585.033s][info][gc,heap        ] GC(265) Old regions: 314->321
[2585.033s][info][gc,heap        ] GC(265) Humongous regions: 33->33
[2585.033s][info][gc,metaspace   ] GC(265) Metaspace: 29991K(30464K)->29991K(30464K) NonClass: 24578K(24832K)->24578K(24832K) Class: 5412K(5632K)->5412K(5632K)
[2585.033s][info][gc             ] GC(265) Pause Young (Normal) (G1 Evacuation Pause) 7403M->3133M(8192M) 147.672ms
[2585.033s][info][gc,cpu         ] GC(265) User=1.17s Sys=0.00s Real=0.14s
..........[2594.874s][info][gc,start       ] GC(266) Pause Young (Normal) (G1 Evacuation Pause)
[2594.874s][info][gc,task        ] GC(266) Using 8 workers of 8 for evacuation
[2595.019s][info][gc,phases      ] GC(266)   Pre Evacuate Collection Set: 0.27ms
[2595.019s][info][gc,phases      ] GC(266)   Merge Heap Roots: 0.49ms
[2595.019s][info][gc,phases      ] GC(266)   Evacuate Collection Set: 143.21ms
[2595.019s][info][gc,phases      ] GC(266)   Post Evacuate Collection Set: 0.99ms
[2595.019s][info][gc,phases      ] GC(266)   Other: 0.07ms
[2595.019s][info][gc,heap        ] GC(266) Eden regions: 536->0(529)
[2595.019s][info][gc,heap        ] GC(266) Survivor regions: 41->41(73)
[2595.019s][info][gc,heap        ] GC(266) Old regions: 321->328
[2595.019s][info][gc,heap        ] GC(266) Humongous regions: 33->33
[2595.019s][info][gc,metaspace   ] GC(266) Metaspace: 29991K(30464K)->29991K(30464K) NonClass: 24578K(24832K)->24578K(24832K) Class: 5412K(5632K)->5412K(5632K)
[2595.019s][info][gc             ] GC(266) Pause Young (Normal) (G1 Evacuation Pause) 7421M->3186M(8192M) 145.161ms
[2595.019s][info][gc,cpu         ] GC(266) User=1.15s Sys=0.00s Real=0.14s
..........[2604.738s][info][gc,start       ] GC(267) Pause Young (Normal) (G1 Evacuation Pause)
[2604.738s][info][gc,task        ] GC(267) Using 8 workers of 8 for evacuation
[2604.883s][info][gc,phases      ] GC(267)   Pre Evacuate Collection Set: 0.29ms
[2604.883s][info][gc,phases      ] GC(267)   Merge Heap Roots: 0.64ms
[2604.883s][info][gc,phases      ] GC(267)   Evacuate Collection Set: 143.04ms
[2604.883s][info][gc,phases      ] GC(267)   Post Evacuate Collection Set: 0.99ms
[2604.883s][info][gc,phases      ] GC(267)   Other: 0.07ms
[2604.883s][info][gc,heap        ] GC(267) Eden regions: 529->0(522)
[2604.883s][info][gc,heap        ] GC(267) Survivor regions: 41->41(72)
[2604.883s][info][gc,heap        ] GC(267) Old regions: 328->335
[2604.883s][info][gc,heap        ] GC(267) Humongous regions: 33->33
[2604.883s][info][gc,metaspace   ] GC(267) Metaspace: 29991K(30464K)->29991K(30464K) NonClass: 24578K(24832K)->24578K(24832K) Class: 5412K(5632K)->5412K(5632K)
[2604.883s][info][gc             ] GC(267) Pause Young (Normal) (G1 Evacuation Pause) 7418M->3247M(8192M) 145.179ms
[2604.883s][info][gc,cpu         ] GC(267) User=1.15s Sys=0.00s Real=0.14s
..........[2614.544s][info][gc,start       ] GC(268) Pause Young (Normal) (G1 Evacuation Pause)
[2614.544s][info][gc,task        ] GC(268) Using 8 workers of 8 for evacuation
[2614.688s][info][gc,phases      ] GC(268)   Pre Evacuate Collection Set: 0.26ms
[2614.688s][info][gc,phases      ] GC(268)   Merge Heap Roots: 0.53ms
[2614.688s][info][gc,phases      ] GC(268)   Evacuate Collection Set: 141.91ms
[2614.688s][info][gc,phases      ] GC(268)   Post Evacuate Collection Set: 0.97ms
[2614.688s][info][gc,phases      ] GC(268)   Other: 0.07ms
[2614.688s][info][gc,heap        ] GC(268) Eden regions: 522->0(515)
[2614.688s][info][gc,heap        ] GC(268) Survivor regions: 41->41(71)
[2614.688s][info][gc,heap        ] GC(268) Old regions: 335->342
[2614.688s][info][gc,heap        ] GC(268) Humongous regions: 33->33
[2614.688s][info][gc,metaspace   ] GC(268) Metaspace: 29991K(30464K)->29991K(30464K) NonClass: 24578K(24832K)->24578K(24832K) Class: 5412K(5632K)->5412K(5632K)
[2614.688s][info][gc             ] GC(268) Pause Young (Normal) (G1 Evacuation Pause) 7423M->3302M(8192M) 143.859ms
[2614.688s][info][gc,cpu         ] GC(268) User=1.14s Sys=0.00s Real=0.14s
..........[2624.148s][info][gc,start       ] GC(269) Pause Young (Concurrent Start) (G1 Evacuation Pause)
[2624.148s][info][gc,task        ] GC(269) Using 8 workers of 8 for evacuation
[2624.294s][info][gc,phases      ] GC(269)   Pre Evacuate Collection Set: 0.32ms
[2624.294s][info][gc,phases      ] GC(269)   Merge Heap Roots: 0.61ms
[2624.294s][info][gc,phases      ] GC(269)   Evacuate Collection Set: 144.08ms
[2624.294s][info][gc,phases      ] GC(269)   Post Evacuate Collection Set: 0.96ms
[2624.294s][info][gc,phases      ] GC(269)   Other: 0.08ms
[2624.294s][info][gc,heap        ] GC(269) Eden regions: 515->0(507)
[2624.294s][info][gc,heap        ] GC(269) Survivor regions: 41->41(70)
[2624.294s][info][gc,heap        ] GC(269) Old regions: 342->350
[2624.294s][info][gc,heap        ] GC(269) Humongous regions: 33->33
[2624.294s][info][gc,metaspace   ] GC(269) Metaspace: 29991K(30464K)->29991K(30464K) NonClass: 24578K(24832K)->24578K(24832K) Class: 5412K(5632K)->5412K(5632K)
[2624.294s][info][gc             ] GC(269) Pause Young (Concurrent Start) (G1 Evacuation Pause) 7422M->3362M(8192M) 146.188ms
[2624.294s][info][gc             ] GC(270) Concurrent Mark Cycle
[2624.294s][info][gc,marking     ] GC(270) Concurrent Scan Root Regions
[2624.294s][info][gc,cpu         ] GC(269) User=1.16s Sys=0.00s Real=0.15s
[2624.507s][info][gc,marking     ] GC(270) Concurrent Scan Root Regions 212.555ms
[2624.507s][info][gc,marking     ] GC(270) Concurrent Mark
[2624.507s][info][gc,marking     ] GC(270) Concurrent Mark From Roots
[2624.507s][info][gc,task        ] GC(270) Using 2 workers of 2 for marking
[2625.064s][info][gc,marking     ] GC(270) Concurrent Mark From Roots 557.139ms
[2625.064s][info][gc,marking     ] GC(270) Concurrent Preclean
[2625.064s][info][gc,marking     ] GC(270) Concurrent Preclean 0.164ms
[2625.064s][info][gc,start       ] GC(270) Pause Remark
[2625.066s][info][gc             ] GC(270) Pause Remark 3794M->3082M(8192M) 1.874ms
[2625.066s][info][gc,cpu         ] GC(270) User=0.01s Sys=0.00s Real=0.00s
[2625.066s][info][gc,marking     ] GC(270) Concurrent Mark 559.439ms
[2625.066s][info][gc,marking     ] GC(270) Concurrent Rebuild Remembered Sets and Scrub Regions
.[2625.442s][info][gc,marking     ] GC(270) Concurrent Rebuild Remembered Sets and Scrub Regions 375.944ms
[2625.442s][info][gc,start       ] GC(270) Pause Cleanup
[2625.442s][info][gc             ] GC(270) Pause Cleanup 3234M->3234M(8192M) 0.299ms
[2625.442s][info][gc,cpu         ] GC(270) User=0.00s Sys=0.00s Real=0.00s
[2625.442s][info][gc,marking     ] GC(270) Concurrent Clear Claimed Marks
[2625.443s][info][gc,marking     ] GC(270) Concurrent Clear Claimed Marks 0.044ms
[2625.443s][info][gc,marking     ] GC(270) Concurrent Cleanup for Next Mark
[2625.449s][info][gc,marking     ] GC(270) Concurrent Cleanup for Next Mark 6.668ms
[2625.449s][info][gc             ] GC(270) Concurrent Mark Cycle 1155.294ms
........[2633.552s][info][gc,start       ] GC(271) Pause Young (Prepare Mixed) (G1 Evacuation Pause)
[2633.552s][info][gc,task        ] GC(271) Using 8 workers of 8 for evacuation
[2633.696s][info][gc,phases      ] GC(271)   Pre Evacuate Collection Set: 0.25ms
[2633.696s][info][gc,phases      ] GC(271)   Merge Heap Roots: 0.65ms
[2633.696s][info][gc,phases      ] GC(271)   Evacuate Collection Set: 141.58ms
[2633.696s][info][gc,phases      ] GC(271)   Post Evacuate Collection Set: 1.03ms
[2633.696s][info][gc,phases      ] GC(271)   Other: 0.07ms
[2633.696s][info][gc,heap        ] GC(271) Eden regions: 507->0(574)
[2633.696s][info][gc,heap        ] GC(271) Survivor regions: 41->40(69)
[2633.696s][info][gc,heap        ] GC(271) Old regions: 261->268
[2633.696s][info][gc,heap        ] GC(271) Humongous regions: 33->33
[2633.696s][info][gc,metaspace   ] GC(271) Metaspace: 29991K(30464K)->29991K(30464K) NonClass: 24578K(24832K)->24578K(24832K) Class: 5412K(5632K)->5412K(5632K)
[2633.696s][info][gc             ] GC(271) Pause Young (Prepare Mixed) (G1 Evacuation Pause) 6706M->2707M(8192M) 143.713ms
[2633.696s][info][gc,cpu         ] GC(271) User=1.14s Sys=0.01s Real=0.15s
........ (rIR:aIR:PR = 3598:3597:3597) (tPR = 53394) [OK] 
  2640s: Performance info:
         Transaction,    Success,    Partial,     Failed,   Receipts, AvgBarcode, 
             Overall,     216377,          0,          0,     205533,      59.48, 
         Response times:
             Request,    Success,    Partial,     Failed,   SkipFail,     Probes,    Samples,      min,      p50,      p90,      p95,      p99,      max, 
       TotalPurchase,     205533,          0,          0,          0,     200503,     215757,      300,     2400,     4100,     4700,    17800,   163000,
     InStorePurchase,     108186,          0,          0,          0,     105967,     113720,      300,     2500,     4200,     4600,    18200,   161000,
      OnlinePurchase,      75729,          0,          0,          0,      73657,      79259,      400,     2400,     4100,     4700,    17400,   163000,
        InstPurchase,      21618,          0,          0,          0,      20879,      22778,      500,     2400,     4100,     4700,    16500,   161000,
          AssocOfCat,        218,          0,          0,          0,        155,        216,    22000,    31000,    37000,    39150,    52660,    92000,
      AssocOfProduct,       2162,          0,          0,          0,       1985,       2347,      700,     2600,     4100,     4600,    27520,   150000,
      BusinessReport,        541,          0,          0,          0,        455,        570,    19700,    33000,    40900,    49000,    77610,   153000,
          CustBuyBeh,       2176,          0,          0,          0,       1955,       2272,      100,     1700,     3800,     4400,    20540,   149000,
       ProductReturn,       5747,          0,          0,          0,       5407,       6053,      200,     2400,     3900,     4400,     8546,   150000,

  2640s: (27%)   IR =   3736 ...[2644.159s][info][gc,start       ] GC(272) Pause Young (Mixed) (G1 Evacuation Pause)
[2644.159s][info][gc,task        ] GC(272) Using 8 workers of 8 for evacuation
[2644.309s][info][gc,phases      ] GC(272)   Pre Evacuate Collection Set: 0.31ms
[2644.309s][info][gc,phases      ] GC(272)   Merge Heap Roots: 0.73ms
[2644.309s][info][gc,phases      ] GC(272)   Evacuate Collection Set: 147.96ms
[2644.309s][info][gc,phases      ] GC(272)   Post Evacuate Collection Set: 1.26ms
[2644.309s][info][gc,phases      ] GC(272)   Other: 0.08ms
[2644.309s][info][gc,heap        ] GC(272) Eden regions: 574->0(566)
[2644.309s][info][gc,heap        ] GC(272) Survivor regions: 40->48(77)
[2644.309s][info][gc,heap        ] GC(272) Old regions: 268->167
[2644.309s][info][gc,heap        ] GC(272) Humongous regions: 33->33
[2644.309s][info][gc,metaspace   ] GC(272) Metaspace: 29991K(30464K)->29991K(30464K) NonClass: 24578K(24832K)->24578K(24832K) Class: 5412K(5632K)->5412K(5632K)
[2644.309s][info][gc             ] GC(272) Pause Young (Mixed) (G1 Evacuation Pause) 7299M->1958M(8192M) 150.468ms
[2644.309s][info][gc,cpu         ] GC(272) User=1.19s Sys=0.00s Real=0.15s
...|.......[2654.412s][info][gc,start       ] GC(273) Pause Young (Mixed) (G1 Evacuation Pause)
[2654.412s][info][gc,task        ] GC(273) Using 8 workers of 8 for evacuation
[2654.575s][info][gc,phases      ] GC(273)   Pre Evacuate Collection Set: 0.29ms
[2654.575s][info][gc,phases      ] GC(273)   Merge Heap Roots: 0.90ms
[2654.575s][info][gc,phases      ] GC(273)   Evacuate Collection Set: 160.72ms
[2654.575s][info][gc,phases      ] GC(273)   Post Evacuate Collection Set: 1.07ms
[2654.575s][info][gc,phases      ] GC(273)   Other: 0.07ms
[2654.575s][info][gc,heap        ] GC(273) Eden regions: 566->0(572)
[2654.575s][info][gc,heap        ] GC(273) Survivor regions: 48->42(77)
[2654.575s][info][gc,heap        ] GC(273) Old regions: 167->139
[2654.576s][info][gc,heap        ] GC(273) Humongous regions: 33->33
[2654.576s][info][gc,metaspace   ] GC(273) Metaspace: 29991K(30464K)->29991K(30464K) NonClass: 24578K(24832K)->24578K(24832K) Class: 5412K(5632K)->5412K(5632K)
[2654.576s][info][gc             ] GC(273) Pause Young (Mixed) (G1 Evacuation Pause) 6486M->1686M(8192M) 163.199ms
[2654.576s][info][gc,cpu         ] GC(273) User=1.29s Sys=0.00s Real=0.17s
..........[2664.698s][info][gc,start       ] GC(274) Pause Young (Normal) (G1 Evacuation Pause)
[2664.698s][info][gc,task        ] GC(274) Using 8 workers of 8 for evacuation
[2664.846s][info][gc,phases      ] GC(274)   Pre Evacuate Collection Set: 0.25ms
[2664.846s][info][gc,phases      ] GC(274)   Merge Heap Roots: 0.52ms
[2664.846s][info][gc,phases      ] GC(274)   Evacuate Collection Set: 146.40ms
[2664.846s][info][gc,phases      ] GC(274)   Post Evacuate Collection Set: 0.99ms
[2664.846s][info][gc,phases      ] GC(274)   Other: 0.08ms
[2664.846s][info][gc,heap        ] GC(274) Eden regions: 572->0(573)
[2664.846s][info][gc,heap        ] GC(274) Survivor regions: 42->41(77)
[2664.846s][info][gc,heap        ] GC(274) Old regions: 139->146
[2664.846s][info][gc,heap        ] GC(274) Humongous regions: 33->33
[2664.846s][info][gc,metaspace   ] GC(274) Metaspace: 29991K(30464K)->29991K(30464K) NonClass: 24578K(24832K)->24578K(24832K) Class: 5412K(5632K)->5412K(5632K)
[2664.846s][info][gc             ] GC(274) Pause Young (Normal) (G1 Evacuation Pause) 6262M->1736M(8192M) 148.358ms
[2664.846s][info][gc,cpu         ] GC(274) User=1.17s Sys=0.00s Real=0.15s
..........[2674.987s][info][gc,start       ] GC(275) Pause Young (Normal) (G1 Evacuation Pause)
[2674.987s][info][gc,task        ] GC(275) Using 8 workers of 8 for evacuation
[2675.138s][info][gc,phases      ] GC(275)   Pre Evacuate Collection Set: 0.25ms
[2675.138s][info][gc,phases      ] GC(275)   Merge Heap Roots: 0.57ms
[2675.138s][info][gc,phases      ] GC(275)   Evacuate Collection Set: 149.39ms
[2675.138s][info][gc,phases      ] GC(275)   Post Evacuate Collection Set: 1.03ms
[2675.138s][info][gc,phases      ] GC(275)   Other: 0.07ms
[2675.138s][info][gc,heap        ] GC(275) Eden regions: 573->0(572)
[2675.138s][info][gc,heap        ] GC(275) Survivor regions: 41->42(77)
[2675.138s][info][gc,heap        ] GC(275) Old regions: 146->153
[2675.138s][info][gc,heap        ] GC(275) Humongous regions: 33->33
[2675.138s][info][gc,metaspace   ] GC(275) Metaspace: 29991K(30464K)->29991K(30464K) NonClass: 24578K(24832K)->24578K(24832K) Class: 5412K(5632K)->5412K(5632K)
[2675.138s][info][gc             ] GC(275) Pause Young (Normal) (G1 Evacuation Pause) 6320M->1800M(8192M) 151.449ms
[2675.138s][info][gc,cpu         ] GC(275) User=1.20s Sys=0.00s Real=0.15s
...........[2685.321s][info][gc,start       ] GC(276) Pause Young (Normal) (G1 Evacuation Pause)
[2685.321s][info][gc,task        ] GC(276) Using 8 workers of 8 for evacuation
[2685.468s][info][gc,phases      ] GC(276)   Pre Evacuate Collection Set: 0.27ms
[2685.468s][info][gc,phases      ] GC(276)   Merge Heap Roots: 0.60ms
[2685.468s][info][gc,phases      ] GC(276)   Evacuate Collection Set: 145.22ms
[2685.468s][info][gc,phases      ] GC(276)   Post Evacuate Collection Set: 1.01ms
[2685.468s][info][gc,phases      ] GC(276)   Other: 0.06ms
[2685.468s][info][gc,heap        ] GC(276) Eden regions: 572->0(572)
[2685.468s][info][gc,heap        ] GC(276) Survivor regions: 42->42(77)
[2685.468s][info][gc,heap        ] GC(276) Old regions: 153->160
[2685.468s][info][gc,heap        ] GC(276) Humongous regions: 33->33
[2685.468s][info][gc,metaspace   ] GC(276) Metaspace: 29993K(30464K)->29993K(30464K) NonClass: 24580K(24832K)->24580K(24832K) Class: 5412K(5632K)->5412K(5632K)
[2685.468s][info][gc             ] GC(276) Pause Young (Normal) (G1 Evacuation Pause) 6376M->1856M(8192M) 147.301ms
[2685.468s][info][gc,cpu         ] GC(276) User=1.17s Sys=0.00s Real=0.15s
..........[2695.548s][info][gc,start       ] GC(277) Pause Young (Normal) (G1 Evacuation Pause)
[2695.548s][info][gc,task        ] GC(277) Using 8 workers of 8 for evacuation
[2695.695s][info][gc,phases      ] GC(277)   Pre Evacuate Collection Set: 0.27ms
[2695.695s][info][gc,phases      ] GC(277)   Merge Heap Roots: 0.56ms
[2695.695s][info][gc,phases      ] GC(277)   Evacuate Collection Set: 145.41ms
[2695.695s][info][gc,phases      ] GC(277)   Post Evacuate Collection Set: 1.04ms
[2695.695s][info][gc,phases      ] GC(277)   Other: 0.07ms
[2695.695s][info][gc,heap        ] GC(277) Eden regions: 572->0(572)
[2695.695s][info][gc,heap        ] GC(277) Survivor regions: 42->42(77)
[2695.695s][info][gc,heap        ] GC(277) Old regions: 160->167
[2695.695s][info][gc,heap        ] GC(277) Humongous regions: 33->33
[2695.695s][info][gc,metaspace   ] GC(277) Metaspace: 29993K(30464K)->29993K(30464K) NonClass: 24580K(24832K)->24580K(24832K) Class: 5412K(5632K)->5412K(5632K)
[2695.695s][info][gc             ] GC(277) Pause Young (Normal) (G1 Evacuation Pause) 6432M->1908M(8192M) 147.491ms
[2695.695s][info][gc,cpu         ] GC(277) User=1.17s Sys=0.00s Real=0.15s
..........[2705.837s][info][gc,start       ] GC(278) Pause Young (Normal) (G1 Evacuation Pause)
[2705.837s][info][gc,task        ] GC(278) Using 8 workers of 8 for evacuation
[2705.984s][info][gc,phases      ] GC(278)   Pre Evacuate Collection Set: 0.24ms
[2705.984s][info][gc,phases      ] GC(278)   Merge Heap Roots: 0.50ms
[2705.984s][info][gc,phases      ] GC(278)   Evacuate Collection Set: 145.04ms
[2705.984s][info][gc,phases      ] GC(278)   Post Evacuate Collection Set: 1.05ms
[2705.984s][info][gc,phases      ] GC(278)   Other: 0.08ms
[2705.984s][info][gc,heap        ] GC(278) Eden regions: 572->0(571)
[2705.984s][info][gc,heap        ] GC(278) Survivor regions: 42->43(77)
[2705.984s][info][gc,heap        ] GC(278) Old regions: 167->174
[2705.984s][info][gc,heap        ] GC(278) Humongous regions: 33->33
[2705.984s][info][gc,metaspace   ] GC(278) Metaspace: 29997K(30464K)->29997K(30464K) NonClass: 24584K(24832K)->24584K(24832K) Class: 5412K(5632K)->5412K(5632K)
[2705.984s][info][gc             ] GC(278) Pause Young (Normal) (G1 Evacuation Pause) 6484M->1971M(8192M) 147.048ms
[2705.984s][info][gc,cpu         ] GC(278) User=1.17s Sys=0.00s Real=0.15s
.. (rIR:aIR:PR = 3736:3737:3737) (tPR = 55217) [OK] 
  2706s: Performance info:
         Transaction,    Success,    Partial,     Failed,   Receipts, AvgBarcode, 
             Overall,     224400,          0,          0,     213186,      59.47, 
         Response times:
             Request,    Success,    Partial,     Failed,   SkipFail,     Probes,    Samples,      min,      p50,      p90,      p95,      p99,      max, 
       TotalPurchase,     213186,          0,          0,          0,     207985,     231008,      300,     2500,     4200,     4800,    17800,   168000,
     InStorePurchase,     112206,          0,          0,          0,     109587,     121429,      400,     2500,     4200,     4800,    18000,   168000,
      OnlinePurchase,      78542,          0,          0,          0,      76651,      85072,      300,     2500,     4300,     4800,    17900,   168000,
        InstPurchase,      22438,          0,          0,          0,      21747,      24507,      500,     2300,     4200,     4700,    16192,   160000,
          AssocOfCat,        225,          0,          0,          0,        154,        230,    21000,    31000,    39900,    45450,    73000,   200000,
      AssocOfProduct,       2235,          0,          0,          0,       2033,       2406,      600,     2300,     4100,     4600,     6372,    70000,
      BusinessReport,        561,          0,          0,          0,        465,        623,    22000,    33000,    41000,    47000,    74600,   189000,
          CustBuyBeh,       2246,          0,          0,          0,       2069,       2424,      300,     2900,     4300,     4800,    26000,   162000,
       ProductReturn,       5947,          0,          0,          0,       5531,       6303,      200,     2400,     4200,     4800,    17100,   160000,

  2706s: (28%)   IR =   3874 .....|...[2715.759s][info][gc,start       ] GC(279) Pause Young (Normal) (G1 Evacuation Pause)
[2715.759s][info][gc,task        ] GC(279) Using 8 workers of 8 for evacuation
[2715.911s][info][gc,phases      ] GC(279)   Pre Evacuate Collection Set: 0.25ms
[2715.911s][info][gc,phases      ] GC(279)   Merge Heap Roots: 0.58ms
[2715.911s][info][gc,phases      ] GC(279)   Evacuate Collection Set: 149.66ms
[2715.911s][info][gc,phases      ] GC(279)   Post Evacuate Collection Set: 1.07ms
[2715.911s][info][gc,phases      ] GC(279)   Other: 0.06ms
[2715.911s][info][gc,heap        ] GC(279) Eden regions: 571->0(570)
[2715.911s][info][gc,heap        ] GC(279) Survivor regions: 43->44(77)
[2715.911s][info][gc,heap        ] GC(279) Old regions: 174->181
[2715.911s][info][gc,heap        ] GC(279) Humongous regions: 33->33
[2715.911s][info][gc,metaspace   ] GC(279) Metaspace: 29997K(30464K)->29997K(30464K) NonClass: 24584K(24832K)->24584K(24832K) Class: 5412K(5632K)->5412K(5632K)
[2715.911s][info][gc             ] GC(279) Pause Young (Normal) (G1 Evacuation Pause) 6539M->2032M(8192M) 151.766ms
[2715.911s][info][gc,cpu         ] GC(279) User=1.20s Sys=0.00s Real=0.15s
..........[2725.713s][info][gc,start       ] GC(280) Pause Young (Normal) (G1 Evacuation Pause)
[2725.713s][info][gc,task        ] GC(280) Using 8 workers of 8 for evacuation
[2725.861s][info][gc,phases      ] GC(280)   Pre Evacuate Collection Set: 0.27ms
[2725.861s][info][gc,phases      ] GC(280)   Merge Heap Roots: 0.54ms
[2725.861s][info][gc,phases      ] GC(280)   Evacuate Collection Set: 146.42ms
[2725.861s][info][gc,phases      ] GC(280)   Post Evacuate Collection Set: 1.07ms
[2725.861s][info][gc,phases      ] GC(280)   Other: 0.07ms
[2725.861s][info][gc,heap        ] GC(280) Eden regions: 570->0(572)
[2725.861s][info][gc,heap        ] GC(280) Survivor regions: 44->42(77)
[2725.861s][info][gc,heap        ] GC(280) Old regions: 181->188
[2725.861s][info][gc,heap        ] GC(280) Humongous regions: 33->33
[2725.861s][info][gc,metaspace   ] GC(280) Metaspace: 29997K(30464K)->29997K(30464K) NonClass: 24584K(24832K)->24584K(24832K) Class: 5412K(5632K)->5412K(5632K)
[2725.861s][info][gc             ] GC(280) Pause Young (Normal) (G1 Evacuation Pause) 6592M->2076M(8192M) 148.510ms
[2725.861s][info][gc,cpu         ] GC(280) User=1.17s Sys=0.00s Real=0.15s
..........[2735.643s][info][gc,start       ] GC(281) Pause Young (Normal) (G1 Evacuation Pause)
[2735.643s][info][gc,task        ] GC(281) Using 8 workers of 8 for evacuation
[2735.791s][info][gc,phases      ] GC(281)   Pre Evacuate Collection Set: 0.25ms
[2735.791s][info][gc,phases      ] GC(281)   Merge Heap Roots: 0.60ms
[2735.791s][info][gc,phases      ] GC(281)   Evacuate Collection Set: 146.02ms
[2735.791s][info][gc,phases      ] GC(281)   Post Evacuate Collection Set: 1.00ms
[2735.791s][info][gc,phases      ] GC(281)   Other: 0.07ms
[2735.791s][info][gc,heap        ] GC(281) Eden regions: 572->0(572)
[2735.791s][info][gc,heap        ] GC(281) Survivor regions: 42->42(77)
[2735.791s][info][gc,heap        ] GC(281) Old regions: 188->194
[2735.791s][info][gc,heap        ] GC(281) Humongous regions: 33->33
[2735.791s][info][gc,metaspace   ] GC(281) Metaspace: 29997K(30464K)->29997K(30464K) NonClass: 24584K(24832K)->24584K(24832K) Class: 5412K(5632K)->5412K(5632K)
[2735.791s][info][gc             ] GC(281) Pause Young (Normal) (G1 Evacuation Pause) 6652M->2131M(8192M) 148.066ms
[2735.791s][info][gc,cpu         ] GC(281) User=1.17s Sys=0.00s Real=0.14s
..........[2745.590s][info][gc,start       ] GC(282) Pause Young (Normal) (G1 Evacuation Pause)
[2745.590s][info][gc,task        ] GC(282) Using 8 workers of 8 for evacuation
[2745.739s][info][gc,phases      ] GC(282)   Pre Evacuate Collection Set: 0.30ms
[2745.739s][info][gc,phases      ] GC(282)   Merge Heap Roots: 0.69ms
[2745.739s][info][gc,phases      ] GC(282)   Evacuate Collection Set: 147.29ms
[2745.739s][info][gc,phases      ] GC(282)   Post Evacuate Collection Set: 1.01ms
[2745.739s][info][gc,phases      ] GC(282)   Other: 0.07ms
[2745.739s][info][gc,heap        ] GC(282) Eden regions: 572->0(572)
[2745.739s][info][gc,heap        ] GC(282) Survivor regions: 42->42(77)
[2745.739s][info][gc,heap        ] GC(282) Old regions: 194->201
[2745.739s][info][gc,heap        ] GC(282) Humongous regions: 33->33
[2745.739s][info][gc,metaspace   ] GC(282) Metaspace: 29997K(30464K)->29997K(30464K) NonClass: 24584K(24832K)->24584K(24832K) Class: 5412K(5632K)->5412K(5632K)
[2745.739s][info][gc             ] GC(282) Pause Young (Normal) (G1 Evacuation Pause) 6707M->2185M(8192M) 149.510ms
[2745.739s][info][gc,cpu         ] GC(282) User=1.18s Sys=0.00s Real=0.15s
..........[2755.560s][info][gc,start       ] GC(283) Pause Young (Normal) (G1 Evacuation Pause)
[2755.560s][info][gc,task        ] GC(283) Using 8 workers of 8 for evacuation
[2755.708s][info][gc,phases      ] GC(283)   Pre Evacuate Collection Set: 0.27ms
[2755.708s][info][gc,phases      ] GC(283)   Merge Heap Roots: 0.54ms
[2755.708s][info][gc,phases      ] GC(283)   Evacuate Collection Set: 145.65ms
[2755.708s][info][gc,phases      ] GC(283)   Post Evacuate Collection Set: 1.03ms
[2755.708s][info][gc,phases      ] GC(283)   Other: 0.06ms
[2755.708s][info][gc,heap        ] GC(283) Eden regions: 572->0(571)
[2755.708s][info][gc,heap        ] GC(283) Survivor regions: 42->43(77)
[2755.708s][info][gc,heap        ] GC(283) Old regions: 201->208
[2755.708s][info][gc,heap        ] GC(283) Humongous regions: 33->33
[2755.708s][info][gc,metaspace   ] GC(283) Metaspace: 29997K(30464K)->29997K(30464K) NonClass: 24584K(24832K)->24584K(24832K) Class: 5412K(5632K)->5412K(5632K)
[2755.708s][info][gc             ] GC(283) Pause Young (Normal) (G1 Evacuation Pause) 6761M->2244M(8192M) 147.687ms
[2755.708s][info][gc,cpu         ] GC(283) User=1.17s Sys=0.00s Real=0.15s
..........[2765.406s][info][gc,start       ] GC(284) Pause Young (Normal) (G1 Evacuation Pause)
[2765.406s][info][gc,task        ] GC(284) Using 8 workers of 8 for evacuation
[2765.553s][info][gc,phases      ] GC(284)   Pre Evacuate Collection Set: 0.27ms
[2765.553s][info][gc,phases      ] GC(284)   Merge Heap Roots: 0.53ms
[2765.553s][info][gc,phases      ] GC(284)   Evacuate Collection Set: 144.71ms
[2765.553s][info][gc,phases      ] GC(284)   Post Evacuate Collection Set: 1.01ms
[2765.553s][info][gc,phases      ] GC(284)   Other: 0.09ms
[2765.553s][info][gc,heap        ] GC(284) Eden regions: 571->0(572)
[2765.553s][info][gc,heap        ] GC(284) Survivor regions: 43->42(77)
[2765.553s][info][gc,heap        ] GC(284) Old regions: 208->215
[2765.553s][info][gc,heap        ] GC(284) Humongous regions: 33->33
[2765.553s][info][gc,metaspace   ] GC(284) Metaspace: 29997K(30464K)->29997K(30464K) NonClass: 24584K(24832K)->24584K(24832K) Class: 5412K(5632K)->5412K(5632K)
[2765.553s][info][gc             ] GC(284) Pause Young (Normal) (G1 Evacuation Pause) 6812M->2293M(8192M) 146.745ms
[2765.553s][info][gc,cpu         ] GC(284) User=1.16s Sys=0.00s Real=0.14s
....... (rIR:aIR:PR = 3874:3876:3876) (tPR = 57366) [OK] 
  2772s: Performance info:
         Transaction,    Success,    Partial,     Failed,   Receipts, AvgBarcode, 
             Overall,     232676,          0,          0,     221076,      59.48, 
         Response times:
             Request,    Success,    Partial,     Failed,   SkipFail,     Probes,    Samples,      min,      p50,      p90,      p95,      p99,      max, 
       TotalPurchase,     221075,          0,          0,          0,     216717,     235932,      300,     2600,     4400,     5000,    19500,   236000,
     InStorePurchase,     116359,          0,          0,          0,     114596,     124621,      400,     2600,     4400,     5000,    20780,   236000,
      OnlinePurchase,      81449,          0,          0,          0,      79604,      86586,      300,     2700,     4400,     5000,    21000,   236000,
        InstPurchase,      23267,          0,          0,          0,      22517,      24725,      500,     2100,     4300,     4900,    12800,   229000,
          AssocOfCat,        231,          0,          0,          0,        163,        240,    19500,    32500,    39000,    45900,    60360,    75000,
      AssocOfProduct,       2318,          0,          0,          0,       2131,       2511,      600,     3400,     4900,     5600,    18800,   156000,
      BusinessReport,        580,          0,          0,          0,        480,        624,    24000,    33000,    44000,    50000,    76000,   208000,
          CustBuyBeh,       2320,          0,          0,          0,       2113,       2434,      200,     2300,     4300,     4800,    20125,   155000,
       ProductReturn,       6151,          0,          0,          0,       5803,       6634,      200,     1800,     4000,     4600,    14875,   234000,

  2772s: (29%)   IR =   4013 ...[2775.295s][info][gc,start       ] GC(285) Pause Young (Normal) (G1 Evacuation Pause)
[2775.295s][info][gc,task        ] GC(285) Using 8 workers of 8 for evacuation
[2775.443s][info][gc,phases      ] GC(285)   Pre Evacuate Collection Set: 0.26ms
[2775.443s][info][gc,phases      ] GC(285)   Merge Heap Roots: 0.63ms
[2775.443s][info][gc,phases      ] GC(285)   Evacuate Collection Set: 146.27ms
[2775.443s][info][gc,phases      ] GC(285)   Post Evacuate Collection Set: 1.03ms
[2775.443s][info][gc,phases      ] GC(285)   Other: 0.06ms
[2775.444s][info][gc,heap        ] GC(285) Eden regions: 572->0(572)
[2775.444s][info][gc,heap        ] GC(285) Survivor regions: 42->42(77)
[2775.444s][info][gc,heap        ] GC(285) Old regions: 215->222
[2775.444s][info][gc,heap        ] GC(285) Humongous regions: 33->33
[2775.444s][info][gc,metaspace   ] GC(285) Metaspace: 29997K(30464K)->29997K(30464K) NonClass: 24584K(24832K)->24584K(24832K) Class: 5412K(5632K)->5412K(5632K)
[2775.444s][info][gc             ] GC(285) Pause Young (Normal) (G1 Evacuation Pause) 6869M->2349M(8192M) 148.373ms
[2775.444s][info][gc,cpu         ] GC(285) User=1.18s Sys=0.00s Real=0.15s
..|.......[2784.787s][info][gc,start       ] GC(286) Pause Young (Normal) (G1 Evacuation Pause)
[2784.787s][info][gc,task        ] GC(286) Using 8 workers of 8 for evacuation
[2784.941s][info][gc,phases      ] GC(286)   Pre Evacuate Collection Set: 0.25ms
[2784.941s][info][gc,phases      ] GC(286)   Merge Heap Roots: 0.52ms
[2784.941s][info][gc,phases      ] GC(286)   Evacuate Collection Set: 152.75ms
[2784.941s][info][gc,phases      ] GC(286)   Post Evacuate Collection Set: 1.08ms
[2784.941s][info][gc,phases      ] GC(286)   Other: 0.06ms
[2784.941s][info][gc,heap        ] GC(286) Eden regions: 572->0(571)
[2784.941s][info][gc,heap        ] GC(286) Survivor regions: 42->43(77)
[2784.941s][info][gc,heap        ] GC(286) Old regions: 222->229
[2784.941s][info][gc,heap        ] GC(286) Humongous regions: 33->33
[2784.941s][info][gc,metaspace   ] GC(286) Metaspace: 29997K(30464K)->29997K(30464K) NonClass: 24584K(24832K)->24584K(24832K) Class: 5412K(5632K)->5412K(5632K)
[2784.941s][info][gc             ] GC(286) Pause Young (Normal) (G1 Evacuation Pause) 6925M->2412M(8192M) 154.796ms
[2784.941s][info][gc,cpu         ] GC(286) User=1.23s Sys=0.00s Real=0.15s
..........[2794.342s][info][gc,start       ] GC(287) Pause Young (Normal) (G1 Evacuation Pause)
[2794.343s][info][gc,task        ] GC(287) Using 8 workers of 8 for evacuation
[2794.492s][info][gc,phases      ] GC(287)   Pre Evacuate Collection Set: 0.26ms
[2794.492s][info][gc,phases      ] GC(287)   Merge Heap Roots: 0.61ms
[2794.492s][info][gc,phases      ] GC(287)   Evacuate Collection Set: 147.21ms
[2794.492s][info][gc,phases      ] GC(287)   Post Evacuate Collection Set: 1.05ms
[2794.492s][info][gc,phases      ] GC(287)   Other: 0.08ms
[2794.492s][info][gc,heap        ] GC(287) Eden regions: 571->0(573)
[2794.492s][info][gc,heap        ] GC(287) Survivor regions: 43->41(77)
[2794.492s][info][gc,heap        ] GC(287) Old regions: 229->235
[2794.492s][info][gc,heap        ] GC(287) Humongous regions: 33->33
[2794.492s][info][gc,metaspace   ] GC(287) Metaspace: 29997K(30464K)->29997K(30464K) NonClass: 24584K(24832K)->24584K(24832K) Class: 5412K(5632K)->5412K(5632K)
[2794.492s][info][gc             ] GC(287) Pause Young (Normal) (G1 Evacuation Pause) 6980M->2451M(8192M) 149.345ms
[2794.492s][info][gc,cpu         ] GC(287) User=1.18s Sys=0.00s Real=0.15s
.........[2803.909s][info][gc,start       ] GC(288) Pause Young (Normal) (G1 Evacuation Pause)
[2803.909s][info][gc,task        ] GC(288) Using 8 workers of 8 for evacuation
[2804.058s][info][gc,phases      ] GC(288)   Pre Evacuate Collection Set: 0.24ms
[2804.059s][info][gc,phases      ] GC(288)   Merge Heap Roots: 0.55ms
[2804.059s][info][gc,phases      ] GC(288)   Evacuate Collection Set: 147.71ms
[2804.059s][info][gc,phases      ] GC(288)   Post Evacuate Collection Set: 1.05ms
[2804.059s][info][gc,phases      ] GC(288)   Other: 0.07ms
[2804.059s][info][gc,heap        ] GC(288) Eden regions: 573->0(571)
[2804.059s][info][gc,heap        ] GC(288) Survivor regions: 41->43(77)
[2804.059s][info][gc,heap        ] GC(288) Old regions: 235->242
[2804.059s][info][gc,heap        ] GC(288) Humongous regions: 33->33
[2804.059s][info][gc,metaspace   ] GC(288) Metaspace: 29997K(30464K)->29997K(30464K) NonClass: 24584K(24832K)->24584K(24832K) Class: 5412K(5632K)->5412K(5632K)
[2804.059s][info][gc             ] GC(288) Pause Young (Normal) (G1 Evacuation Pause) 7035M->2519M(8192M) 149.742ms
[2804.059s][info][gc,cpu         ] GC(288) User=1.18s Sys=0.00s Real=0.15s
..........[2813.556s][info][gc,start       ] GC(289) Pause Young (Normal) (G1 Evacuation Pause)
[2813.556s][info][gc,task        ] GC(289) Using 8 workers of 8 for evacuation
[2813.705s][info][gc,phases      ] GC(289)   Pre Evacuate Collection Set: 0.26ms
[2813.705s][info][gc,phases      ] GC(289)   Merge Heap Roots: 0.66ms
[2813.705s][info][gc,phases      ] GC(289)   Evacuate Collection Set: 146.71ms
[2813.705s][info][gc,phases      ] GC(289)   Post Evacuate Collection Set: 1.05ms
[2813.705s][info][gc,phases      ] GC(289)   Other: 0.07ms
[2813.705s][info][gc,heap        ] GC(289) Eden regions: 571->0(572)
[2813.705s][info][gc,heap        ] GC(289) Survivor regions: 43->42(77)
[2813.705s][info][gc,heap        ] GC(289) Old regions: 242->249
[2813.705s][info][gc,heap        ] GC(289) Humongous regions: 33->33
[2813.705s][info][gc,metaspace   ] GC(289) Metaspace: 29997K(30464K)->29997K(30464K) NonClass: 24584K(24832K)->24584K(24832K) Class: 5412K(5632K)->5412K(5632K)
[2813.705s][info][gc             ] GC(289) Pause Young (Normal) (G1 Evacuation Pause) 7087M->2569M(8192M) 148.891ms
[2813.705s][info][gc,cpu         ] GC(289) User=1.18s Sys=0.00s Real=0.15s
.........[2823.144s][info][gc,start       ] GC(290) Pause Young (Normal) (G1 Evacuation Pause)
[2823.144s][info][gc,task        ] GC(290) Using 8 workers of 8 for evacuation
[2823.295s][info][gc,phases      ] GC(290)   Pre Evacuate Collection Set: 0.25ms
[2823.295s][info][gc,phases      ] GC(290)   Merge Heap Roots: 0.59ms
[2823.295s][info][gc,phases      ] GC(290)   Evacuate Collection Set: 148.93ms
[2823.295s][info][gc,phases      ] GC(290)   Post Evacuate Collection Set: 1.03ms
[2823.295s][info][gc,phases      ] GC(290)   Other: 0.06ms
[2823.295s][info][gc,heap        ] GC(290) Eden regions: 572->0(571)
[2823.295s][info][gc,heap        ] GC(290) Survivor regions: 42->43(77)
[2823.295s][info][gc,heap        ] GC(290) Old regions: 249->256
[2823.295s][info][gc,heap        ] GC(290) Humongous regions: 33->33
[2823.295s][info][gc,metaspace   ] GC(290) Metaspace: 29997K(30464K)->29997K(30464K) NonClass: 24584K(24832K)->24584K(24832K) Class: 5412K(5632K)->5412K(5632K)
[2823.295s][info][gc             ] GC(290) Pause Young (Normal) (G1 Evacuation Pause) 7145M->2634M(8192M) 150.988ms
[2823.295s][info][gc,cpu         ] GC(290) User=1.19s Sys=0.00s Real=0.15s
..........[2832.634s][info][gc,start       ] GC(291) Pause Young (Normal) (G1 Evacuation Pause)
[2832.634s][info][gc,task        ] GC(291) Using 8 workers of 8 for evacuation
[2832.781s][info][gc,phases      ] GC(291)   Pre Evacuate Collection Set: 0.25ms
[2832.781s][info][gc,phases      ] GC(291)   Merge Heap Roots: 0.50ms
[2832.781s][info][gc,phases      ] GC(291)   Evacuate Collection Set: 145.35ms
[2832.781s][info][gc,phases      ] GC(291)   Post Evacuate Collection Set: 1.01ms
[2832.781s][info][gc,phases      ] GC(291)   Other: 0.06ms
[2832.781s][info][gc,heap        ] GC(291) Eden regions: 571->0(572)
[2832.781s][info][gc,heap        ] GC(291) Survivor regions: 43->42(77)
[2832.781s][info][gc,heap        ] GC(291) Old regions: 256->263
[2832.781s][info][gc,heap        ] GC(291) Humongous regions: 33->33
[2832.781s][info][gc,metaspace   ] GC(291) Metaspace: 29997K(30464K)->29997K(30464K) NonClass: 24584K(24832K)->24584K(24832K) Class: 5412K(5632K)->5412K(5632K)
[2832.781s][info][gc             ] GC(291) Pause Young (Normal) (G1 Evacuation Pause) 7202M->2683M(8192M) 147.329ms
[2832.781s][info][gc,cpu         ] GC(291) User=1.17s Sys=0.00s Real=0.14s
..... (rIR:aIR:PR = 4013:4013:4013) (tPR = 60195) [OK] 
  2837s: Performance info:
         Transaction,    Success,    Partial,     Failed,   Receipts, AvgBarcode, 
             Overall,     240975,          0,          0,     228948,      59.47, 
         Response times:
             Request,    Success,    Partial,     Failed,   SkipFail,     Probes,    Samples,      min,      p50,      p90,      p95,      p99,      max, 
       TotalPurchase,     228951,          0,          0,          0,     224476,     244620,      400,     2700,     4500,     5100,    22000,   202000,
     InStorePurchase,     120468,          0,          0,          0,     118464,     129105,      400,     2700,     4500,     5100,    22000,   202000,
      OnlinePurchase,      84395,          0,          0,          0,      82628,      89875,      400,     2600,     4500,     5100,    22000,   202000,
        InstPurchase,      24088,          0,          0,          0,      23384,      25640,      400,     2800,     4600,     5200,    23000,   159000,
          AssocOfCat,        237,          0,          0,          0,        189,        239,    19900,    31000,    38000,    44000,    74200,   202000,
      AssocOfProduct,       2400,          0,          0,          0,       2215,       2588,      600,     3400,     4900,     5300,    23000,   155000,
      BusinessReport,        602,          0,          0,          0,        503,        625,    25000,    33000,    42000,    49000,   194740,   216000,
          CustBuyBeh,       2413,          0,          0,          0,       2214,       2564,      300,     2200,     4300,     4800,    20700,   157000,
       ProductReturn,       6372,          0,          0,          0,       6068,       6929,      200,     2500,     4400,     4900,    17610,   202000,

  2837s: (30%)   IR =   4151 ....[2842.140s][info][gc,start       ] GC(292) Pause Young (Normal) (G1 Evacuation Pause)
[2842.140s][info][gc,task        ] GC(292) Using 8 workers of 8 for evacuation
[2842.290s][info][gc,phases      ] GC(292)   Pre Evacuate Collection Set: 0.25ms
[2842.290s][info][gc,phases      ] GC(292)   Merge Heap Roots: 0.57ms
[2842.290s][info][gc,phases      ] GC(292)   Evacuate Collection Set: 147.86ms
[2842.290s][info][gc,phases      ] GC(292)   Post Evacuate Collection Set: 1.05ms
[2842.290s][info][gc,phases      ] GC(292)   Other: 0.06ms
[2842.290s][info][gc,heap        ] GC(292) Eden regions: 572->0(571)
[2842.290s][info][gc,heap        ] GC(292) Survivor regions: 42->43(77)
[2842.290s][info][gc,heap        ] GC(292) Old regions: 263->270
[2842.290s][info][gc,heap        ] GC(292) Humongous regions: 33->33
[2842.290s][info][gc,metaspace   ] GC(292) Metaspace: 29997K(30464K)->29997K(30464K) NonClass: 24584K(24832K)->24584K(24832K) Class: 5412K(5632K)->5412K(5632K)
[2842.290s][info][gc             ] GC(292) Pause Young (Normal) (G1 Evacuation Pause) 7259M->2741M(8192M) 149.937ms
[2842.290s][info][gc,cpu         ] GC(292) User=1.18s Sys=0.01s Real=0.15s
...|.......[2851.346s][info][gc,start       ] GC(293) Pause Young (Normal) (G1 Evacuation Pause)
[2851.346s][info][gc,task        ] GC(293) Using 8 workers of 8 for evacuation
[2851.492s][info][gc,phases      ] GC(293)   Pre Evacuate Collection Set: 0.29ms
[2851.492s][info][gc,phases      ] GC(293)   Merge Heap Roots: 0.58ms
[2851.492s][info][gc,phases      ] GC(293)   Evacuate Collection Set: 144.71ms
[2851.492s][info][gc,phases      ] GC(293)   Post Evacuate Collection Set: 1.04ms
[2851.492s][info][gc,phases      ] GC(293)   Other: 0.06ms
[2851.492s][info][gc,heap        ] GC(293) Eden regions: 571->0(572)
[2851.492s][info][gc,heap        ] GC(293) Survivor regions: 43->42(77)
[2851.492s][info][gc,heap        ] GC(293) Old regions: 270->277
[2851.492s][info][gc,heap        ] GC(293) Humongous regions: 33->33
[2851.492s][info][gc,metaspace   ] GC(293) Metaspace: 29997K(30464K)->29997K(30464K) NonClass: 24584K(24832K)->24584K(24832K) Class: 5412K(5632K)->5412K(5632K)
[2851.492s][info][gc             ] GC(293) Pause Young (Normal) (G1 Evacuation Pause) 7309M->2792M(8192M) 146.838ms
[2851.492s][info][gc,cpu         ] GC(293) User=1.17s Sys=0.00s Real=0.14s
.........[2860.631s][info][gc,start       ] GC(294) Pause Young (Normal) (G1 Evacuation Pause)
[2860.632s][info][gc,task        ] GC(294) Using 8 workers of 8 for evacuation
[2860.781s][info][gc,phases      ] GC(294)   Pre Evacuate Collection Set: 0.28ms
[2860.781s][info][gc,phases      ] GC(294)   Merge Heap Roots: 0.62ms
[2860.781s][info][gc,phases      ] GC(294)   Evacuate Collection Set: 147.01ms
[2860.781s][info][gc,phases      ] GC(294)   Post Evacuate Collection Set: 1.05ms
[2860.781s][info][gc,phases      ] GC(294)   Other: 0.08ms
[2860.781s][info][gc,heap        ] GC(294) Eden regions: 572->0(569)
[2860.781s][info][gc,heap        ] GC(294) Survivor regions: 42->43(77)
[2860.781s][info][gc,heap        ] GC(294) Old regions: 277->284
[2860.781s][info][gc,heap        ] GC(294) Humongous regions: 33->33
[2860.781s][info][gc,metaspace   ] GC(294) Metaspace: 29997K(30464K)->29997K(30464K) NonClass: 24584K(24832K)->24584K(24832K) Class: 5412K(5632K)->5412K(5632K)
[2860.781s][info][gc             ] GC(294) Pause Young (Normal) (G1 Evacuation Pause) 7368M->2851M(8192M) 149.154ms
[2860.781s][info][gc,cpu         ] GC(294) User=1.18s Sys=0.00s Real=0.15s
.........[2869.817s][info][gc,start       ] GC(295) Pause Young (Normal) (G1 Evacuation Pause)
[2869.817s][info][gc,task        ] GC(295) Using 8 workers of 8 for evacuation
[2869.969s][info][gc,phases      ] GC(295)   Pre Evacuate Collection Set: 0.23ms
[2869.969s][info][gc,phases      ] GC(295)   Merge Heap Roots: 0.51ms
[2869.969s][info][gc,phases      ] GC(295)   Evacuate Collection Set: 150.85ms
[2869.969s][info][gc,phases      ] GC(295)   Post Evacuate Collection Set: 1.01ms
[2869.969s][info][gc,phases      ] GC(295)   Other: 0.06ms
[2869.969s][info][gc,heap        ] GC(295) Eden regions: 569->0(562)
[2869.969s][info][gc,heap        ] GC(295) Survivor regions: 43->43(77)
[2869.969s][info][gc,heap        ] GC(295) Old regions: 284->291
[2869.969s][info][gc,heap        ] GC(295) Humongous regions: 33->33
[2869.969s][info][gc,metaspace   ] GC(295) Metaspace: 29997K(30464K)->29997K(30464K) NonClass: 24584K(24832K)->24584K(24832K) Class: 5412K(5632K)->5412K(5632K)
[2869.969s][info][gc             ] GC(295) Pause Young (Normal) (G1 Evacuation Pause) 7403M->2911M(8192M) 152.785ms
[2869.969s][info][gc,cpu         ] GC(295) User=1.21s Sys=0.00s Real=0.15s
.........[2878.907s][info][gc,start       ] GC(296) Pause Young (Normal) (G1 Evacuation Pause)
[2878.907s][info][gc,task        ] GC(296) Using 8 workers of 8 for evacuation
[2879.055s][info][gc,phases      ] GC(296)   Pre Evacuate Collection Set: 0.26ms
[2879.055s][info][gc,phases      ] GC(296)   Merge Heap Roots: 0.50ms
[2879.055s][info][gc,phases      ] GC(296)   Evacuate Collection Set: 145.85ms
[2879.055s][info][gc,phases      ] GC(296)   Post Evacuate Collection Set: 1.02ms
[2879.055s][info][gc,phases      ] GC(296)   Other: 0.07ms
[2879.055s][info][gc,heap        ] GC(296) Eden regions: 562->0(555)
[2879.055s][info][gc,heap        ] GC(296) Survivor regions: 43->43(76)
[2879.055s][info][gc,heap        ] GC(296) Old regions: 291->298
[2879.055s][info][gc,heap        ] GC(296) Humongous regions: 33->33
[2879.055s][info][gc,metaspace   ] GC(296) Metaspace: 29997K(30464K)->29997K(30464K) NonClass: 24584K(24832K)->24584K(24832K) Class: 5412K(5632K)->5412K(5632K)
[2879.055s][info][gc             ] GC(296) Pause Young (Normal) (G1 Evacuation Pause) 7407M->2963M(8192M) 147.843ms
[2879.055s][info][gc,cpu         ] GC(296) User=1.17s Sys=0.00s Real=0.15s
.........[2887.954s][info][gc,start       ] GC(297) Pause Young (Normal) (G1 Evacuation Pause)
[2887.954s][info][gc,task        ] GC(297) Using 8 workers of 8 for evacuation
[2888.103s][info][gc,phases      ] GC(297)   Pre Evacuate Collection Set: 0.26ms
[2888.103s][info][gc,phases      ] GC(297)   Merge Heap Roots: 0.52ms
[2888.103s][info][gc,phases      ] GC(297)   Evacuate Collection Set: 146.48ms
[2888.103s][info][gc,phases      ] GC(297)   Post Evacuate Collection Set: 1.01ms
[2888.103s][info][gc,phases      ] GC(297)   Other: 0.09ms
[2888.103s][info][gc,heap        ] GC(297) Eden regions: 555->0(550)
[2888.103s][info][gc,heap        ] GC(297) Survivor regions: 43->42(75)
[2888.103s][info][gc,heap        ] GC(297) Old regions: 298->305
[2888.103s][info][gc,heap        ] GC(297) Humongous regions: 33->33
[2888.103s][info][gc,metaspace   ] GC(297) Metaspace: 29997K(30464K)->29997K(30464K) NonClass: 24584K(24832K)->24584K(24832K) Class: 5412K(5632K)->5412K(5632K)
[2888.103s][info][gc             ] GC(297) Pause Young (Normal) (G1 Evacuation Pause) 7403M->3017M(8192M) 148.500ms
[2888.103s][info][gc,cpu         ] GC(297) User=1.17s Sys=0.00s Real=0.14s
.........[2896.779s][info][gc,start       ] GC(298) Pause Young (Normal) (G1 Evacuation Pause)
[2896.779s][info][gc,task        ] GC(298) Using 8 workers of 8 for evacuation
[2896.926s][info][gc,phases      ] GC(298)   Pre Evacuate Collection Set: 0.25ms
[2896.926s][info][gc,phases      ] GC(298)   Merge Heap Roots: 0.53ms
[2896.926s][info][gc,phases      ] GC(298)   Evacuate Collection Set: 145.08ms
[2896.926s][info][gc,phases      ] GC(298)   Post Evacuate Collection Set: 1.03ms
[2896.926s][info][gc,phases      ] GC(298)   Other: 0.07ms
[2896.926s][info][gc,heap        ] GC(298) Eden regions: 550->0(545)
[2896.926s][info][gc,heap        ] GC(298) Survivor regions: 42->41(74)
[2896.926s][info][gc,heap        ] GC(298) Old regions: 305->312
[2896.926s][info][gc,heap        ] GC(298) Humongous regions: 33->33
[2896.926s][info][gc,metaspace   ] GC(298) Metaspace: 29997K(30464K)->29997K(30464K) NonClass: 24584K(24832K)->24584K(24832K) Class: 5412K(5632K)->5412K(5632K)
[2896.926s][info][gc             ] GC(298) Pause Young (Normal) (G1 Evacuation Pause) 7417M->3067M(8192M) 147.085ms
[2896.926s][info][gc,cpu         ] GC(298) User=1.17s Sys=0.00s Real=0.15s
........ (rIR:aIR:PR = 4151:4152:4152) (tPR = 61305) [OK] 
  2904s: Performance info:
         Transaction,    Success,    Partial,     Failed,   Receipts, AvgBarcode, 
             Overall,     249230,          0,          0,     236790,      59.48, 
         Response times:
             Request,    Success,    Partial,     Failed,   SkipFail,     Probes,    Samples,      min,      p50,      p90,      p95,      p99,      max, 
       TotalPurchase,     236791,          0,          0,          0,     232558,     261075,      300,     2700,     4700,     5300,    26000,   241000,
     InStorePurchase,     124633,          0,          0,          0,     122317,     136645,      400,     2700,     4700,     5300,    26000,   159000,
      OnlinePurchase,      87222,          0,          0,          0,      85899,      96775,      300,     2700,     4700,     5300,    26000,   241000,
        InstPurchase,      24936,          0,          0,          0,      24342,      27655,      500,     2900,     4800,     5500,    27440,   161000,
          AssocOfCat,        250,          0,          0,          0,        206,        302,    24000,    33000,    40000,    46850,   196430,   201000,
      AssocOfProduct,       2488,          0,          0,          0,       2327,       2843,      400,     1500,     4560,     5100,    18324,    79000,
      BusinessReport,        624,          0,          0,          0,        509,        639,    25000,    34000,    45000,    51000,    85200,   204000,
          CustBuyBeh,       2492,          0,          0,          0,       2298,       2730,      200,     2300,     4500,     5200,    17680,   155000,
       ProductReturn,       6584,          0,          0,          0,       6281,       7373,      200,     3300,     4800,     5500,    33000,   158000,

  2904s: (31%)   IR =   4289 .[2905.663s][info][gc,start       ] GC(299) Pause Young (Normal) (G1 Evacuation Pause)
[2905.663s][info][gc,task        ] GC(299) Using 8 workers of 8 for evacuation
[2905.812s][info][gc,phases      ] GC(299)   Pre Evacuate Collection Set: 0.24ms
[2905.812s][info][gc,phases      ] GC(299)   Merge Heap Roots: 0.54ms
[2905.812s][info][gc,phases      ] GC(299)   Evacuate Collection Set: 147.42ms
[2905.812s][info][gc,phases      ] GC(299)   Post Evacuate Collection Set: 1.01ms
[2905.812s][info][gc,phases      ] GC(299)   Other: 0.06ms
[2905.812s][info][gc,heap        ] GC(299) Eden regions: 545->0(536)
[2905.812s][info][gc,heap        ] GC(299) Survivor regions: 41->42(74)
[2905.812s][info][gc,heap        ] GC(299) Old regions: 312->319
[2905.812s][info][gc,heap        ] GC(299) Humongous regions: 33->33
[2905.812s][info][gc,metaspace   ] GC(299) Metaspace: 29997K(30464K)->29997K(30464K) NonClass: 24584K(24832K)->24584K(24832K) Class: 5412K(5632K)->5412K(5632K)
[2905.812s][info][gc             ] GC(299) Pause Young (Normal) (G1 Evacuation Pause) 7427M->3131M(8192M) 149.405ms
[2905.812s][info][gc,cpu         ] GC(299) User=1.18s Sys=0.00s Real=0.15s
...|.....[2914.107s][info][gc,start       ] GC(300) Pause Young (Normal) (G1 Evacuation Pause)
[2914.107s][info][gc,task        ] GC(300) Using 8 workers of 8 for evacuation
[2914.254s][info][gc,phases      ] GC(300)   Pre Evacuate Collection Set: 0.25ms
[2914.254s][info][gc,phases      ] GC(300)   Merge Heap Roots: 0.59ms
[2914.254s][info][gc,phases      ] GC(300)   Evacuate Collection Set: 145.21ms
[2914.254s][info][gc,phases      ] GC(300)   Post Evacuate Collection Set: 1.02ms
[2914.254s][info][gc,phases      ] GC(300)   Other: 0.06ms
[2914.254s][info][gc,heap        ] GC(300) Eden regions: 536->0(531)
[2914.254s][info][gc,heap        ] GC(300) Survivor regions: 42->41(73)
[2914.254s][info][gc,heap        ] GC(300) Old regions: 319->326
[2914.254s][info][gc,heap        ] GC(300) Humongous regions: 33->33
[2914.254s][info][gc,metaspace   ] GC(300) Metaspace: 29997K(30464K)->29997K(30464K) NonClass: 24584K(24832K)->24584K(24832K) Class: 5412K(5632K)->5412K(5632K)
[2914.254s][info][gc             ] GC(300) Pause Young (Normal) (G1 Evacuation Pause) 7419M->3175M(8192M) 147.257ms
[2914.254s][info][gc,cpu         ] GC(300) User=1.16s Sys=0.00s Real=0.15s
........[2922.346s][info][gc,start       ] GC(301) Pause Young (Normal) (G1 Evacuation Pause)
[2922.346s][info][gc,task        ] GC(301) Using 8 workers of 8 for evacuation
[2922.491s][info][gc,phases      ] GC(301)   Pre Evacuate Collection Set: 0.29ms
[2922.491s][info][gc,phases      ] GC(301)   Merge Heap Roots: 0.58ms
[2922.491s][info][gc,phases      ] GC(301)   Evacuate Collection Set: 143.00ms
[2922.491s][info][gc,phases      ] GC(301)   Post Evacuate Collection Set: 0.98ms
[2922.491s][info][gc,phases      ] GC(301)   Other: 0.07ms
[2922.491s][info][gc,heap        ] GC(301) Eden regions: 531->0(525)
[2922.491s][info][gc,heap        ] GC(301) Survivor regions: 41->40(72)
[2922.491s][info][gc,heap        ] GC(301) Old regions: 326->334
[2922.491s][info][gc,heap        ] GC(301) Humongous regions: 33->33
[2922.491s][info][gc,metaspace   ] GC(301) Metaspace: 29997K(30464K)->29997K(30464K) NonClass: 24584K(24832K)->24584K(24832K) Class: 5412K(5632K)->5412K(5632K)
[2922.491s][info][gc             ] GC(301) Pause Young (Normal) (G1 Evacuation Pause) 7423M->3233M(8192M) 145.069ms
[2922.491s][info][gc,cpu         ] GC(301) User=1.15s Sys=0.00s Real=0.14s
.........[2930.624s][info][gc,start       ] GC(302) Pause Young (Concurrent Start) (G1 Evacuation Pause)
[2930.624s][info][gc,task        ] GC(302) Using 8 workers of 8 for evacuation
[2930.769s][info][gc,phases      ] GC(302)   Pre Evacuate Collection Set: 0.31ms
[2930.769s][info][gc,phases      ] GC(302)   Merge Heap Roots: 0.52ms
[2930.769s][info][gc,phases      ] GC(302)   Evacuate Collection Set: 143.34ms
[2930.769s][info][gc,phases      ] GC(302)   Post Evacuate Collection Set: 0.99ms
[2930.769s][info][gc,phases      ] GC(302)   Other: 0.11ms
[2930.769s][info][gc,heap        ] GC(302) Eden regions: 525->0(517)
[2930.769s][info][gc,heap        ] GC(302) Survivor regions: 40->40(71)
[2930.769s][info][gc,heap        ] GC(302) Old regions: 334->342
[2930.769s][info][gc,heap        ] GC(302) Humongous regions: 33->33
[2930.769s][info][gc,metaspace   ] GC(302) Metaspace: 29997K(30464K)->29997K(30464K) NonClass: 24584K(24832K)->24584K(24832K) Class: 5412K(5632K)->5412K(5632K)
[2930.769s][info][gc             ] GC(302) Pause Young (Concurrent Start) (G1 Evacuation Pause) 7433M->3294M(8192M) 145.439ms
[2930.769s][info][gc             ] GC(303) Concurrent Mark Cycle
[2930.769s][info][gc,marking     ] GC(303) Concurrent Scan Root Regions
[2930.769s][info][gc,cpu         ] GC(302) User=1.15s Sys=0.00s Real=0.14s
[2931.041s][info][gc,marking     ] GC(303) Concurrent Scan Root Regions 271.753ms
[2931.041s][info][gc,marking     ] GC(303) Concurrent Mark
[2931.041s][info][gc,marking     ] GC(303) Concurrent Mark From Roots
[2931.041s][info][gc,task        ] GC(303) Using 2 workers of 2 for marking
.[2931.669s][info][gc,marking     ] GC(303) Concurrent Mark From Roots 627.986ms
[2931.669s][info][gc,marking     ] GC(303) Concurrent Preclean
[2931.669s][info][gc,marking     ] GC(303) Concurrent Preclean 0.117ms
[2931.669s][info][gc,start       ] GC(303) Pause Remark
[2931.672s][info][gc             ] GC(303) Pause Remark 3854M->3118M(8192M) 2.372ms
[2931.672s][info][gc,cpu         ] GC(303) User=0.01s Sys=0.00s Real=0.00s
[2931.672s][info][gc,marking     ] GC(303) Concurrent Mark 630.770ms
[2931.672s][info][gc,marking     ] GC(303) Concurrent Rebuild Remembered Sets and Scrub Regions
[2932.061s][info][gc,marking     ] GC(303) Concurrent Rebuild Remembered Sets and Scrub Regions 389.754ms
[2932.062s][info][gc,start       ] GC(303) Pause Cleanup
[2932.062s][info][gc             ] GC(303) Pause Cleanup 3347M->3347M(8192M) 0.276ms
[2932.062s][info][gc,cpu         ] GC(303) User=0.00s Sys=0.00s Real=0.00s
[2932.062s][info][gc,marking     ] GC(303) Concurrent Clear Claimed Marks
[2932.062s][info][gc,marking     ] GC(303) Concurrent Clear Claimed Marks 0.044ms
[2932.062s][info][gc,marking     ] GC(303) Concurrent Cleanup for Next Mark
[2932.069s][info][gc,marking     ] GC(303) Concurrent Cleanup for Next Mark 6.482ms
[2932.069s][info][gc             ] GC(303) Concurrent Mark Cycle 1299.436ms
.......[2938.730s][info][gc,start       ] GC(304) Pause Young (Prepare Mixed) (G1 Evacuation Pause)
[2938.730s][info][gc,task        ] GC(304) Using 8 workers of 8 for evacuation
[2938.877s][info][gc,phases      ] GC(304)   Pre Evacuate Collection Set: 0.27ms
[2938.877s][info][gc,phases      ] GC(304)   Merge Heap Roots: 0.76ms
[2938.877s][info][gc,phases      ] GC(304)   Evacuate Collection Set: 144.58ms
[2938.877s][info][gc,phases      ] GC(304)   Post Evacuate Collection Set: 1.06ms
[2938.877s][info][gc,phases      ] GC(304)   Other: 0.07ms
[2938.877s][info][gc,heap        ] GC(304) Eden regions: 517->0(573)
[2938.877s][info][gc,heap        ] GC(304) Survivor regions: 40->41(70)
[2938.877s][info][gc,heap        ] GC(304) Old regions: 250->257
[2938.877s][info][gc,heap        ] GC(304) Humongous regions: 33->33
[2938.877s][info][gc,metaspace   ] GC(304) Metaspace: 29997K(30464K)->29997K(30464K) NonClass: 24584K(24832K)->24584K(24832K) Class: 5412K(5632K)->5412K(5632K)
[2938.877s][info][gc             ] GC(304) Pause Young (Prepare Mixed) (G1 Evacuation Pause) 6694M->2626M(8192M) 146.881ms
[2938.877s][info][gc,cpu         ] GC(304) User=1.16s Sys=0.00s Real=0.15s
.........[2947.693s][info][gc,start       ] GC(305) Pause Young (Mixed) (G1 Evacuation Pause)
[2947.693s][info][gc,task        ] GC(305) Using 8 workers of 8 for evacuation
[2947.846s][info][gc,phases      ] GC(305)   Pre Evacuate Collection Set: 0.28ms
[2947.846s][info][gc,phases      ] GC(305)   Merge Heap Roots: 0.84ms
[2947.846s][info][gc,phases      ] GC(305)   Evacuate Collection Set: 150.04ms
[2947.846s][info][gc,phases      ] GC(305)   Post Evacuate Collection Set: 1.22ms
[2947.846s][info][gc,phases      ] GC(305)   Other: 0.07ms
[2947.846s][info][gc,heap        ] GC(305) Eden regions: 573->0(573)
[2947.846s][info][gc,heap        ] GC(305) Survivor regions: 41->41(77)
[2947.846s][info][gc,heap        ] GC(305) Old regions: 257->162
[2947.846s][info][gc,heap        ] GC(305) Humongous regions: 33->33
[2947.846s][info][gc,metaspace   ] GC(305) Metaspace: 29997K(30464K)->29997K(30464K) NonClass: 24584K(24832K)->24584K(24832K) Class: 5412K(5632K)->5412K(5632K)
[2947.846s][info][gc             ] GC(305) Pause Young (Mixed) (G1 Evacuation Pause) 7210M->1867M(8192M) 152.599ms
[2947.846s][info][gc,cpu         ] GC(305) User=1.21s Sys=0.00s Real=0.15s
.........[2956.723s][info][gc,start       ] GC(306) Pause Young (Mixed) (G1 Evacuation Pause)
[2956.723s][info][gc,task        ] GC(306) Using 8 workers of 8 for evacuation
[2956.877s][info][gc,phases      ] GC(306)   Pre Evacuate Collection Set: 0.28ms
[2956.877s][info][gc,phases      ] GC(306)   Merge Heap Roots: 0.74ms
[2956.877s][info][gc,phases      ] GC(306)   Evacuate Collection Set: 151.83ms
[2956.877s][info][gc,phases      ] GC(306)   Post Evacuate Collection Set: 1.10ms
[2956.877s][info][gc,phases      ] GC(306)   Other: 0.08ms
[2956.877s][info][gc,heap        ] GC(306) Eden regions: 573->0(572)
[2956.877s][info][gc,heap        ] GC(306) Survivor regions: 41->42(77)
[2956.877s][info][gc,heap        ] GC(306) Old regions: 162->142
[2956.877s][info][gc,heap        ] GC(306) Humongous regions: 33->33
[2956.877s][info][gc,metaspace   ] GC(306) Metaspace: 29997K(30464K)->29997K(30464K) NonClass: 24584K(24832K)->24584K(24832K) Class: 5412K(5632K)->5412K(5632K)
[2956.877s][info][gc             ] GC(306) Pause Young (Mixed) (G1 Evacuation Pause) 6451M->1714M(8192M) 154.154ms
[2956.877s][info][gc,cpu         ] GC(306) User=1.22s Sys=0.00s Real=0.16s
.........[2965.596s][info][gc,start       ] GC(307) Pause Young (Normal) (G1 Evacuation Pause)
[2965.596s][info][gc,task        ] GC(307) Using 8 workers of 8 for evacuation
[2965.746s][info][gc,phases      ] GC(307)   Pre Evacuate Collection Set: 0.27ms
[2965.746s][info][gc,phases      ] GC(307)   Merge Heap Roots: 0.61ms
[2965.746s][info][gc,phases      ] GC(307)   Evacuate Collection Set: 148.14ms
[2965.746s][info][gc,phases      ] GC(307)   Post Evacuate Collection Set: 1.03ms
[2965.746s][info][gc,phases      ] GC(307)   Other: 0.06ms
[2965.746s][info][gc,heap        ] GC(307) Eden regions: 572->0(571)
[2965.746s][info][gc,heap        ] GC(307) Survivor regions: 42->43(77)
[2965.746s][info][gc,heap        ] GC(307) Old regions: 142->149
[2965.746s][info][gc,heap        ] GC(307) Humongous regions: 33->33
[2965.746s][info][gc,metaspace   ] GC(307) Metaspace: 29997K(30464K)->29997K(30464K) NonClass: 24584K(24832K)->24584K(24832K) Class: 5412K(5632K)->5412K(5632K)
[2965.746s][info][gc             ] GC(307) Pause Young (Normal) (G1 Evacuation Pause) 6290M->1775M(8192M) 150.234ms
[2965.746s][info][gc,cpu         ] GC(307) User=1.19s Sys=0.00s Real=0.15s
... (rIR:aIR:PR = 4289:4288:4288) (tPR = 63456) [OK] 
  2968s: Performance info:
         Transaction,    Success,    Partial,     Failed,   Receipts, AvgBarcode, 
             Overall,     257749,          0,          0,     244860,      59.47, 
         Response times:
             Request,    Success,    Partial,     Failed,   SkipFail,     Probes,    Samples,      min,      p50,      p90,      p95,      p99,      max, 
       TotalPurchase,     244860,          0,          0,          0,     239941,     257778,      300,     2800,     4900,     5700,    31000,   256000,
     InStorePurchase,     128893,          0,          0,          0,     126496,     135712,      400,     2800,     4900,     5700,    30000,   171000,
      OnlinePurchase,      90198,          0,          0,          0,      88356,      94827,      300,     2800,     4900,     5600,    32000,   256000,
        InstPurchase,      25769,          0,          0,          0,      25089,      27239,      500,     3100,     5000,     5800,    34000,   160000,
          AssocOfCat,        259,          0,          0,          0,        199,        253,    21000,    32000,    40600,    54000,   117560,   180000,
      AssocOfProduct,       2584,          0,          0,          0,       2368,       2741,      700,     3300,     5300,     6290,    28000,   158000,
      BusinessReport,        642,          0,          0,          0,        563,        703,    24000,    34000,    45600,    53000,    87680,   202000,
          CustBuyBeh,       2576,          0,          0,          0,       2341,       2668,      200,      800,     4300,     5200,    24310,   160000,
       ProductReturn,       6828,          0,          0,          0,       6441,       7203,      200,     2700,     4800,     5400,    31000,   160000,

  2968s: (32%)   IR =   4428 .....|[2974.421s][info][gc,start       ] GC(308) Pause Young (Normal) (G1 Evacuation Pause)
[2974.421s][info][gc,task        ] GC(308) Using 8 workers of 8 for evacuation
[2974.572s][info][gc,phases      ] GC(308)   Pre Evacuate Collection Set: 0.29ms
[2974.572s][info][gc,phases      ] GC(308)   Merge Heap Roots: 0.63ms
[2974.572s][info][gc,phases      ] GC(308)   Evacuate Collection Set: 148.81ms
[2974.572s][info][gc,phases      ] GC(308)   Post Evacuate Collection Set: 1.03ms
[2974.572s][info][gc,phases      ] GC(308)   Other: 0.06ms
[2974.572s][info][gc,heap        ] GC(308) Eden regions: 571->0(572)
[2974.572s][info][gc,heap        ] GC(308) Survivor regions: 43->42(77)
[2974.572s][info][gc,heap        ] GC(308) Old regions: 149->156
[2974.572s][info][gc,heap        ] GC(308) Humongous regions: 33->33
[2974.572s][info][gc,metaspace   ] GC(308) Metaspace: 29997K(30464K)->29997K(30464K) NonClass: 24584K(24832K)->24584K(24832K) Class: 5412K(5632K)->5412K(5632K)
[2974.572s][info][gc             ] GC(308) Pause Young (Normal) (G1 Evacuation Pause) 6343M->1827M(8192M) 150.942ms
[2974.572s][info][gc,cpu         ] GC(308) User=1.20s Sys=0.00s Real=0.15s
.........[2983.089s][info][gc,start       ] GC(309) Pause Young (Normal) (G1 Evacuation Pause)
[2983.089s][info][gc,task        ] GC(309) Using 8 workers of 8 for evacuation
[2983.239s][info][gc,phases      ] GC(309)   Pre Evacuate Collection Set: 0.25ms
[2983.239s][info][gc,phases      ] GC(309)   Merge Heap Roots: 0.59ms
[2983.239s][info][gc,phases      ] GC(309)   Evacuate Collection Set: 148.15ms
[2983.239s][info][gc,phases      ] GC(309)   Post Evacuate Collection Set: 1.04ms
[2983.239s][info][gc,phases      ] GC(309)   Other: 0.07ms
[2983.239s][info][gc,heap        ] GC(309) Eden regions: 572->0(571)
[2983.239s][info][gc,heap        ] GC(309) Survivor regions: 42->43(77)
[2983.239s][info][gc,heap        ] GC(309) Old regions: 156->163
[2983.239s][info][gc,heap        ] GC(309) Humongous regions: 33->33
[2983.239s][info][gc,metaspace   ] GC(309) Metaspace: 29997K(30464K)->29997K(30464K) NonClass: 24584K(24832K)->24584K(24832K) Class: 5412K(5632K)->5412K(5632K)
[2983.239s][info][gc             ] GC(309) Pause Young (Normal) (G1 Evacuation Pause) 6403M->1885M(8192M) 150.221ms
[2983.239s][info][gc,cpu         ] GC(309) User=1.18s Sys=0.00s Real=0.15s
.........[2991.711s][info][gc,start       ] GC(310) Pause Young (Normal) (G1 Evacuation Pause)
[2991.711s][info][gc,task        ] GC(310) Using 8 workers of 8 for evacuation
[2991.868s][info][gc,phases      ] GC(310)   Pre Evacuate Collection Set: 0.29ms
[2991.868s][info][gc,phases      ] GC(310)   Merge Heap Roots: 0.58ms
[2991.868s][info][gc,phases      ] GC(310)   Evacuate Collection Set: 155.26ms
[2991.868s][info][gc,phases      ] GC(310)   Post Evacuate Collection Set: 1.02ms
[2991.868s][info][gc,phases      ] GC(310)   Other: 0.08ms
[2991.868s][info][gc,heap        ] GC(310) Eden regions: 571->0(569)
[2991.868s][info][gc,heap        ] GC(310) Survivor regions: 43->45(77)
[2991.868s][info][gc,heap        ] GC(310) Old regions: 163->170
[2991.868s][info][gc,heap        ] GC(310) Humongous regions: 33->33
[2991.869s][info][gc,metaspace   ] GC(310) Metaspace: 29997K(30464K)->29997K(30464K) NonClass: 24584K(24832K)->24584K(24832K) Class: 5412K(5632K)->5412K(5632K)
[2991.869s][info][gc             ] GC(310) Pause Young (Normal) (G1 Evacuation Pause) 6453M->1958M(8192M) 157.378ms
[2991.869s][info][gc,cpu         ] GC(310) User=1.25s Sys=0.00s Real=0.16s
........[3000.386s][info][gc,start       ] GC(311) Pause Young (Normal) (G1 Evacuation Pause)
[3000.386s][info][gc,task        ] GC(311) Using 8 workers of 8 for evacuation
[3000.533s][info][gc,phases      ] GC(311)   Pre Evacuate Collection Set: 0.25ms
[3000.533s][info][gc,phases      ] GC(311)   Merge Heap Roots: 0.52ms
[3000.533s][info][gc,phases      ] GC(311)   Evacuate Collection Set: 144.73ms
[3000.533s][info][gc,phases      ] GC(311)   Post Evacuate Collection Set: 1.02ms
[3000.533s][info][gc,phases      ] GC(311)   Other: 0.07ms
[3000.533s][info][gc,heap        ] GC(311) Eden regions: 569->0(572)
[3000.533s][info][gc,heap        ] GC(311) Survivor regions: 45->42(77)
[3000.533s][info][gc,heap        ] GC(311) Old regions: 170->177
[3000.533s][info][gc,heap        ] GC(311) Humongous regions: 33->33
[3000.533s][info][gc,metaspace   ] GC(311) Metaspace: 29997K(30464K)->29997K(30464K) NonClass: 24584K(24832K)->24584K(24832K) Class: 5412K(5632K)->5412K(5632K)
[3000.533s][info][gc             ] GC(311) Pause Young (Normal) (G1 Evacuation Pause) 6510M->1993M(8192M) 146.720ms
[3000.533s][info][gc,cpu         ] GC(311) User=1.16s Sys=0.00s Real=0.14s
.........[3009.049s][info][gc,start       ] GC(312) Pause Young (Normal) (G1 Evacuation Pause)
[3009.049s][info][gc,task        ] GC(312) Using 8 workers of 8 for evacuation
[3009.198s][info][gc,phases      ] GC(312)   Pre Evacuate Collection Set: 0.27ms
[3009.198s][info][gc,phases      ] GC(312)   Merge Heap Roots: 0.60ms
[3009.198s][info][gc,phases      ] GC(312)   Evacuate Collection Set: 146.92ms
[3009.198s][info][gc,phases      ] GC(312)   Post Evacuate Collection Set: 1.05ms
[3009.198s][info][gc,phases      ] GC(312)   Other: 0.09ms
[3009.198s][info][gc,heap        ] GC(312) Eden regions: 572->0(571)
[3009.198s][info][gc,heap        ] GC(312) Survivor regions: 42->43(77)
[3009.198s][info][gc,heap        ] GC(312) Old regions: 177->184
[3009.198s][info][gc,heap        ] GC(312) Humongous regions: 33->33
[3009.198s][info][gc,metaspace   ] GC(312) Metaspace: 29997K(30464K)->29997K(30464K) NonClass: 24584K(24832K)->24584K(24832K) Class: 5412K(5632K)->5412K(5632K)
[3009.198s][info][gc             ] GC(312) Pause Young (Normal) (G1 Evacuation Pause) 6569M->2053M(8192M) 149.054ms
[3009.198s][info][gc,cpu         ] GC(312) User=1.18s Sys=0.00s Real=0.15s
.........[3017.674s][info][gc,start       ] GC(313) Pause Young (Normal) (G1 Evacuation Pause)
[3017.674s][info][gc,task        ] GC(313) Using 8 workers of 8 for evacuation
[3017.822s][info][gc,phases      ] GC(313)   Pre Evacuate Collection Set: 0.27ms
[3017.822s][info][gc,phases      ] GC(313)   Merge Heap Roots: 0.50ms
[3017.822s][info][gc,phases      ] GC(313)   Evacuate Collection Set: 145.64ms
[3017.822s][info][gc,phases      ] GC(313)   Post Evacuate Collection Set: 1.01ms
[3017.822s][info][gc,phases      ] GC(313)   Other: 0.09ms
[3017.822s][info][gc,heap        ] GC(313) Eden regions: 571->0(572)
[3017.822s][info][gc,heap        ] GC(313) Survivor regions: 43->42(77)
[3017.822s][info][gc,heap        ] GC(313) Old regions: 184->191
[3017.822s][info][gc,heap        ] GC(313) Humongous regions: 33->33
[3017.822s][info][gc,metaspace   ] GC(313) Metaspace: 29997K(30464K)->29997K(30464K) NonClass: 24584K(24832K)->24584K(24832K) Class: 5412K(5632K)->5412K(5632K)
[3017.822s][info][gc             ] GC(313) Pause Young (Normal) (G1 Evacuation Pause) 6621M->2107M(8192M) 147.645ms
[3017.822s][info][gc,cpu         ] GC(313) User=1.17s Sys=0.00s Real=0.14s
........[3026.340s][info][gc,start       ] GC(314) Pause Young (Normal) (G1 Evacuation Pause)
[3026.340s][info][gc,task        ] GC(314) Using 8 workers of 8 for evacuation
[3026.490s][info][gc,phases      ] GC(314)   Pre Evacuate Collection Set: 0.24ms
[3026.490s][info][gc,phases      ] GC(314)   Merge Heap Roots: 0.55ms
[3026.490s][info][gc,phases      ] GC(314)   Evacuate Collection Set: 148.57ms
[3026.490s][info][gc,phases      ] GC(314)   Post Evacuate Collection Set: 1.02ms
[3026.490s][info][gc,phases      ] GC(314)   Other: 0.07ms
[3026.490s][info][gc,heap        ] GC(314) Eden regions: 572->0(571)
[3026.490s][info][gc,heap        ] GC(314) Survivor regions: 42->43(77)
[3026.490s][info][gc,heap        ] GC(314) Old regions: 191->199
[3026.490s][info][gc,heap        ] GC(314) Humongous regions: 33->33
[3026.490s][info][gc,metaspace   ] GC(314) Metaspace: 29997K(30464K)->29997K(30464K) NonClass: 24584K(24832K)->24584K(24832K) Class: 5412K(5632K)->5412K(5632K)
[3026.490s][info][gc             ] GC(314) Pause Young (Normal) (G1 Evacuation Pause) 6683M->2172M(8192M) 150.577ms
[3026.490s][info][gc,cpu         ] GC(314) User=1.19s Sys=0.00s Real=0.15s
........ (rIR:aIR:PR = 4428:4425:4425) (tPR = 65716) [OK] 
  3033s: Performance info:
         Transaction,    Success,    Partial,     Failed,   Receipts, AvgBarcode, 
             Overall,     265723,          0,          0,     252428,      59.48, 
         Response times:
             Request,    Success,    Partial,     Failed,   SkipFail,     Probes,    Samples,      min,      p50,      p90,      p95,      p99,      max, 
       TotalPurchase,     252429,          0,          0,          0,     246990,     269853,      400,     2900,     5000,     5700,    24000,   161000,
     InStorePurchase,     132896,          0,          0,          0,     130354,     142090,      400,     2800,     5000,     5600,    23000,   161000,
      OnlinePurchase,      92938,          0,          0,          0,      90858,      99389,      400,     3000,     5100,     5800,    26000,   161000,
        InstPurchase,      26595,          0,          0,          0,      25778,      28374,      500,     3000,     5100,     5700,    28250,   161000,
          AssocOfCat,        262,          0,          0,          0,        206,        297,    22000,    33000,    40000,    46100,    69020,    73000,
      AssocOfProduct,       2662,          0,          0,          0,       2435,       2828,      400,     2600,     5100,     5800,    30000,   156000,
      BusinessReport,        661,          0,          0,          0,        557,        696,    24000,    34000,    43000,    51000,   206000,   223000,
          CustBuyBeh,       2661,          0,          0,          0,       2453,       2821,      600,     3100,     4800,     5500,    33000,   156000,
       ProductReturn,       7047,          0,          0,          0,       6564,       7404,      200,     2500,     4800,     5500,    25000,   156000,

  3033s: (33%)   IR =   4566 .[3034.934s][info][gc,start       ] GC(315) Pause Young (Normal) (G1 Evacuation Pause)
[3034.934s][info][gc,task        ] GC(315) Using 8 workers of 8 for evacuation
[3035.085s][info][gc,phases      ] GC(315)   Pre Evacuate Collection Set: 0.27ms
[3035.085s][info][gc,phases      ] GC(315)   Merge Heap Roots: 0.58ms
[3035.085s][info][gc,phases      ] GC(315)   Evacuate Collection Set: 149.03ms
[3035.085s][info][gc,phases      ] GC(315)   Post Evacuate Collection Set: 1.05ms
[3035.085s][info][gc,phases      ] GC(315)   Other: 0.06ms
[3035.085s][info][gc,heap        ] GC(315) Eden regions: 571->0(570)
[3035.085s][info][gc,heap        ] GC(315) Survivor regions: 43->44(77)
[3035.085s][info][gc,heap        ] GC(315) Old regions: 199->206
[3035.085s][info][gc,heap        ] GC(315) Humongous regions: 33->33
[3035.085s][info][gc,metaspace   ] GC(315) Metaspace: 29997K(30464K)->29997K(30464K) NonClass: 24584K(24832K)->24584K(24832K) Class: 5412K(5632K)->5412K(5632K)
[3035.086s][info][gc             ] GC(315) Pause Young (Normal) (G1 Evacuation Pause) 6740M->2232M(8192M) 151.139ms
[3035.086s][info][gc,cpu         ] GC(315) User=1.20s Sys=0.00s Real=0.15s
......|..[3043.381s][info][gc,start       ] GC(316) Pause Young (Normal) (G1 Evacuation Pause)
[3043.381s][info][gc,task        ] GC(316) Using 8 workers of 8 for evacuation
[3043.529s][info][gc,phases      ] GC(316)   Pre Evacuate Collection Set: 0.25ms
[3043.529s][info][gc,phases      ] GC(316)   Merge Heap Roots: 0.55ms
[3043.529s][info][gc,phases      ] GC(316)   Evacuate Collection Set: 146.20ms
[3043.529s][info][gc,phases      ] GC(316)   Post Evacuate Collection Set: 1.07ms
[3043.529s][info][gc,phases      ] GC(316)   Other: 0.07ms
[3043.529s][info][gc,heap        ] GC(316) Eden regions: 570->0(572)
[3043.529s][info][gc,heap        ] GC(316) Survivor regions: 44->42(77)
[3043.529s][info][gc,heap        ] GC(316) Old regions: 206->213
[3043.529s][info][gc,heap        ] GC(316) Humongous regions: 33->33
[3043.529s][info][gc,metaspace   ] GC(316) Metaspace: 29997K(30464K)->29997K(30464K) NonClass: 24584K(24832K)->24584K(24832K) Class: 5412K(5632K)->5412K(5632K)
[3043.529s][info][gc             ] GC(316) Pause Young (Normal) (G1 Evacuation Pause) 6792M->2276M(8192M) 148.280ms
[3043.529s][info][gc,cpu         ] GC(316) User=1.17s Sys=0.00s Real=0.15s
.........[3051.805s][info][gc,start       ] GC(317) Pause Young (Normal) (G1 Evacuation Pause)
[3051.805s][info][gc,task        ] GC(317) Using 8 workers of 8 for evacuation
[3051.953s][info][gc,phases      ] GC(317)   Pre Evacuate Collection Set: 0.25ms
[3051.953s][info][gc,phases      ] GC(317)   Merge Heap Roots: 0.53ms
[3051.953s][info][gc,phases      ] GC(317)   Evacuate Collection Set: 146.23ms
[3051.953s][info][gc,phases      ] GC(317)   Post Evacuate Collection Set: 1.02ms
[3051.953s][info][gc,phases      ] GC(317)   Other: 0.07ms
[3051.953s][info][gc,heap        ] GC(317) Eden regions: 572->0(571)
[3051.953s][info][gc,heap        ] GC(317) Survivor regions: 42->43(77)
[3051.953s][info][gc,heap        ] GC(317) Old regions: 213->219
[3051.953s][info][gc,heap        ] GC(317) Humongous regions: 33->33
[3051.953s][info][gc,metaspace   ] GC(317) Metaspace: 29997K(30464K)->29997K(30464K) NonClass: 24584K(24832K)->24584K(24832K) Class: 5412K(5632K)->5412K(5632K)
[3051.953s][info][gc             ] GC(317) Pause Young (Normal) (G1 Evacuation Pause) 6852M->2339M(8192M) 148.245ms
[3051.954s][info][gc,cpu         ] GC(317) User=1.17s Sys=0.00s Real=0.15s
........[3060.186s][info][gc,start       ] GC(318) Pause Young (Normal) (G1 Evacuation Pause)
[3060.186s][info][gc,task        ] GC(318) Using 8 workers of 8 for evacuation
[3060.338s][info][gc,phases      ] GC(318)   Pre Evacuate Collection Set: 0.25ms
[3060.338s][info][gc,phases      ] GC(318)   Merge Heap Roots: 0.53ms
[3060.338s][info][gc,phases      ] GC(318)   Evacuate Collection Set: 149.96ms
[3060.338s][info][gc,phases      ] GC(318)   Post Evacuate Collection Set: 1.04ms
[3060.338s][info][gc,phases      ] GC(318)   Other: 0.06ms
[3060.338s][info][gc,heap        ] GC(318) Eden regions: 571->0(571)
[3060.338s][info][gc,heap        ] GC(318) Survivor regions: 43->43(77)
[3060.338s][info][gc,heap        ] GC(318) Old regions: 219->227
[3060.338s][info][gc,heap        ] GC(318) Humongous regions: 33->33
[3060.338s][info][gc,metaspace   ] GC(318) Metaspace: 29997K(30464K)->29997K(30464K) NonClass: 24584K(24832K)->24584K(24832K) Class: 5412K(5632K)->5412K(5632K)
[3060.338s][info][gc             ] GC(318) Pause Young (Normal) (G1 Evacuation Pause) 6907M->2396M(8192M) 151.988ms
[3060.338s][info][gc,cpu         ] GC(318) User=1.20s Sys=0.00s Real=0.15s
........[3068.574s][info][gc,start       ] GC(319) Pause Young (Normal) (G1 Evacuation Pause)
[3068.574s][info][gc,task        ] GC(319) Using 8 workers of 8 for evacuation
[3068.721s][info][gc,phases      ] GC(319)   Pre Evacuate Collection Set: 0.26ms
[3068.721s][info][gc,phases      ] GC(319)   Merge Heap Roots: 0.52ms
[3068.721s][info][gc,phases      ] GC(319)   Evacuate Collection Set: 145.41ms
[3068.721s][info][gc,phases      ] GC(319)   Post Evacuate Collection Set: 0.99ms
[3068.721s][info][gc,phases      ] GC(319)   Other: 0.08ms
[3068.721s][info][gc,heap        ] GC(319) Eden regions: 571->0(571)
[3068.721s][info][gc,heap        ] GC(319) Survivor regions: 43->43(77)
[3068.721s][info][gc,heap        ] GC(319) Old regions: 227->233
[3068.721s][info][gc,heap        ] GC(319) Humongous regions: 33->33
[3068.721s][info][gc,metaspace   ] GC(319) Metaspace: 29997K(30464K)->29997K(30464K) NonClass: 24584K(24832K)->24584K(24832K) Class: 5412K(5632K)->5412K(5632K)
[3068.721s][info][gc             ] GC(319) Pause Young (Normal) (G1 Evacuation Pause) 6964M->2451M(8192M) 147.391ms
[3068.721s][info][gc,cpu         ] GC(319) User=1.17s Sys=0.00s Real=0.14s
.........[3076.997s][info][gc,start       ] GC(320) Pause Young (Normal) (G1 Evacuation Pause)
[3076.997s][info][gc,task        ] GC(320) Using 8 workers of 8 for evacuation
[3077.146s][info][gc,phases      ] GC(320)   Pre Evacuate Collection Set: 0.26ms
[3077.146s][info][gc,phases      ] GC(320)   Merge Heap Roots: 0.53ms
[3077.146s][info][gc,phases      ] GC(320)   Evacuate Collection Set: 146.98ms
[3077.146s][info][gc,phases      ] GC(320)   Post Evacuate Collection Set: 1.02ms
[3077.146s][info][gc,phases      ] GC(320)   Other: 0.08ms
[3077.146s][info][gc,heap        ] GC(320) Eden regions: 571->0(571)
[3077.146s][info][gc,heap        ] GC(320) Survivor regions: 43->43(77)
[3077.146s][info][gc,heap        ] GC(320) Old regions: 233->240
[3077.146s][info][gc,heap        ] GC(320) Humongous regions: 33->33
[3077.146s][info][gc,metaspace   ] GC(320) Metaspace: 29997K(30464K)->29997K(30464K) NonClass: 24584K(24832K)->24584K(24832K) Class: 5412K(5632K)->5412K(5632K)
[3077.146s][info][gc             ] GC(320) Pause Young (Normal) (G1 Evacuation Pause) 7019M->2501M(8192M) 149.004ms
[3077.146s][info][gc,cpu         ] GC(320) User=1.18s Sys=0.00s Real=0.15s
........[3085.361s][info][gc,start       ] GC(321) Pause Young (Normal) (G1 Evacuation Pause)
[3085.361s][info][gc,task        ] GC(321) Using 8 workers of 8 for evacuation
[3085.509s][info][gc,phases      ] GC(321)   Pre Evacuate Collection Set: 0.25ms
[3085.509s][info][gc,phases      ] GC(321)   Merge Heap Roots: 0.54ms
[3085.509s][info][gc,phases      ] GC(321)   Evacuate Collection Set: 146.29ms
[3085.509s][info][gc,phases      ] GC(321)   Post Evacuate Collection Set: 1.03ms
[3085.509s][info][gc,phases      ] GC(321)   Other: 0.06ms
[3085.509s][info][gc,heap        ] GC(321) Eden regions: 571->0(572)
[3085.509s][info][gc,heap        ] GC(321) Survivor regions: 43->42(77)
[3085.509s][info][gc,heap        ] GC(321) Old regions: 240->247
[3085.509s][info][gc,heap        ] GC(321) Humongous regions: 33->33
[3085.509s][info][gc,metaspace   ] GC(321) Metaspace: 29997K(30464K)->29997K(30464K) NonClass: 24584K(24832K)->24584K(24832K) Class: 5412K(5632K)->5412K(5632K)
[3085.509s][info][gc             ] GC(321) Pause Young (Normal) (G1 Evacuation Pause) 7069M->2555M(8192M) 148.297ms
[3085.509s][info][gc,cpu         ] GC(321) User=1.17s Sys=0.00s Real=0.15s
.........[3093.762s][info][gc,start       ] GC(322) Pause Young (Normal) (G1 Evacuation Pause)
[3093.762s][info][gc,task        ] GC(322) Using 8 workers of 8 for evacuation
[3093.914s][info][gc,phases      ] GC(322)   Pre Evacuate Collection Set: 0.25ms
[3093.914s][info][gc,phases      ] GC(322)   Merge Heap Roots: 0.56ms
[3093.914s][info][gc,phases      ] GC(322)   Evacuate Collection Set: 149.37ms
[3093.914s][info][gc,phases      ] GC(322)   Post Evacuate Collection Set: 1.05ms
[3093.914s][info][gc,phases      ] GC(322)   Other: 0.07ms
[3093.914s][info][gc,heap        ] GC(322) Eden regions: 572->0(571)
[3093.914s][info][gc,heap        ] GC(322) Survivor regions: 42->43(77)
[3093.914s][info][gc,heap        ] GC(322) Old regions: 247->254
[3093.914s][info][gc,heap        ] GC(322) Humongous regions: 33->33
[3093.914s][info][gc,metaspace   ] GC(322) Metaspace: 29997K(30464K)->29997K(30464K) NonClass: 24584K(24832K)->24584K(24832K) Class: 5412K(5632K)->5412K(5632K)
[3093.914s][info][gc             ] GC(322) Pause Young (Normal) (G1 Evacuation Pause) 7131M->2615M(8192M) 151.446ms
[3093.914s][info][gc,cpu         ] GC(322) User=1.20s Sys=0.00s Real=0.16s
....... (rIR:aIR:PR = 4566:4564:4564) (tPR = 67858) [OK] 
  3100s: Performance info:
         Transaction,    Success,    Partial,     Failed,   Receipts, AvgBarcode, 
             Overall,     274304,          0,          0,     260587,      59.48, 
         Response times:
             Request,    Success,    Partial,     Failed,   SkipFail,     Probes,    Samples,      min,      p50,      p90,      p95,      p99,      max, 
       TotalPurchase,     260588,          0,          0,          0,     255343,     287037,      300,     3000,     5200,     5900,    26000,   206000,
     InStorePurchase,     137112,          0,          0,          0,     134700,     151228,      400,     3000,     5200,     5900,    26000,   161000,
      OnlinePurchase,      96020,          0,          0,          0,      93991,     105537,      300,     3000,     5200,     5900,    28000,   206000,
        InstPurchase,      27456,          0,          0,          0,      26652,      30272,      500,     2900,     5200,     5900,    25000,   161000,
          AssocOfCat,        274,          0,          0,          0,        211,        292,    21000,    33000,    41000,    48000,    61490,    70000,
      AssocOfProduct,       2748,          0,          0,          0,       2510,       3036,      500,     2400,     5000,     5700,    18893,   158000,
      BusinessReport,        681,          0,          0,          0,        569,        763,    24000,    35000,    43600,    51000,    95880,   217000,
          CustBuyBeh,       2744,          0,          0,          0,       2526,       3087,      300,     2500,     4900,     5600,    24240,   157000,
       ProductReturn,       7270,          0,          0,          0,       6926,       8128,      200,     3100,     5000,     5700,    35000,   158000,

  3100s: (34%)   IR =   4705 .[3102.227s][info][gc,start       ] GC(323) Pause Young (Normal) (G1 Evacuation Pause)
[3102.227s][info][gc,task        ] GC(323) Using 8 workers of 8 for evacuation
[3102.379s][info][gc,phases      ] GC(323)   Pre Evacuate Collection Set: 0.25ms
[3102.379s][info][gc,phases      ] GC(323)   Merge Heap Roots: 0.52ms
[3102.379s][info][gc,phases      ] GC(323)   Evacuate Collection Set: 149.40ms
[3102.379s][info][gc,phases      ] GC(323)   Post Evacuate Collection Set: 1.06ms
[3102.379s][info][gc,phases      ] GC(323)   Other: 0.07ms
[3102.379s][info][gc,heap        ] GC(323) Eden regions: 571->0(571)
[3102.379s][info][gc,heap        ] GC(323) Survivor regions: 43->43(77)
[3102.379s][info][gc,heap        ] GC(323) Old regions: 254->261
[3102.379s][info][gc,heap        ] GC(323) Humongous regions: 33->33
[3102.379s][info][gc,metaspace   ] GC(323) Metaspace: 29997K(30464K)->29997K(30464K) NonClass: 24584K(24832K)->24584K(24832K) Class: 5412K(5632K)->5412K(5632K)
[3102.379s][info][gc             ] GC(323) Pause Young (Normal) (G1 Evacuation Pause) 7183M->2673M(8192M) 151.409ms
[3102.379s][info][gc,cpu         ] GC(323) User=1.20s Sys=0.00s Real=0.15s
....|....[3110.315s][info][gc,start       ] GC(324) Pause Young (Normal) (G1 Evacuation Pause)
[3110.315s][info][gc,task        ] GC(324) Using 8 workers of 8 for evacuation
[3110.467s][info][gc,phases      ] GC(324)   Pre Evacuate Collection Set: 0.25ms
[3110.467s][info][gc,phases      ] GC(324)   Merge Heap Roots: 0.57ms
[3110.467s][info][gc,phases      ] GC(324)   Evacuate Collection Set: 150.61ms
[3110.467s][info][gc,phases      ] GC(324)   Post Evacuate Collection Set: 1.03ms
[3110.467s][info][gc,phases      ] GC(324)   Other: 0.06ms
[3110.467s][info][gc,heap        ] GC(324) Eden regions: 571->0(571)
[3110.467s][info][gc,heap        ] GC(324) Survivor regions: 43->43(77)
[3110.467s][info][gc,heap        ] GC(324) Old regions: 261->268
[3110.467s][info][gc,heap        ] GC(324) Humongous regions: 33->33
[3110.468s][info][gc,metaspace   ] GC(324) Metaspace: 29997K(30464K)->29997K(30464K) NonClass: 24584K(24832K)->24584K(24832K) Class: 5412K(5632K)->5412K(5632K)
[3110.468s][info][gc             ] GC(324) Pause Young (Normal) (G1 Evacuation Pause) 7241M->2723M(8192M) 152.660ms
[3110.468s][info][gc,cpu         ] GC(324) User=1.20s Sys=0.00s Real=0.15s
........[3118.482s][info][gc,start       ] GC(325) Pause Young (Normal) (G1 Evacuation Pause)
[3118.482s][info][gc,task        ] GC(325) Using 8 workers of 8 for evacuation
[3118.629s][info][gc,phases      ] GC(325)   Pre Evacuate Collection Set: 0.26ms
[3118.630s][info][gc,phases      ] GC(325)   Merge Heap Roots: 0.51ms
[3118.630s][info][gc,phases      ] GC(325)   Evacuate Collection Set: 145.53ms
[3118.630s][info][gc,phases      ] GC(325)   Post Evacuate Collection Set: 1.07ms
[3118.630s][info][gc,phases      ] GC(325)   Other: 0.06ms
[3118.630s][info][gc,heap        ] GC(325) Eden regions: 571->0(572)
[3118.630s][info][gc,heap        ] GC(325) Survivor regions: 43->42(77)
[3118.630s][info][gc,heap        ] GC(325) Old regions: 268->275
[3118.630s][info][gc,heap        ] GC(325) Humongous regions: 33->33
[3118.630s][info][gc,metaspace   ] GC(325) Metaspace: 29997K(30464K)->29997K(30464K) NonClass: 24584K(24832K)->24584K(24832K) Class: 5412K(5632K)->5412K(5632K)
[3118.630s][info][gc             ] GC(325) Pause Young (Normal) (G1 Evacuation Pause) 7291M->2773M(8192M) 147.562ms
[3118.630s][info][gc,cpu         ] GC(325) User=1.17s Sys=0.00s Real=0.15s
........[3126.686s][info][gc,start       ] GC(326) Pause Young (Normal) (G1 Evacuation Pause)
[3126.686s][info][gc,task        ] GC(326) Using 8 workers of 8 for evacuation
[3126.837s][info][gc,phases      ] GC(326)   Pre Evacuate Collection Set: 0.25ms
[3126.837s][info][gc,phases      ] GC(326)   Merge Heap Roots: 0.52ms
[3126.837s][info][gc,phases      ] GC(326)   Evacuate Collection Set: 149.29ms
[3126.837s][info][gc,phases      ] GC(326)   Post Evacuate Collection Set: 1.01ms
[3126.837s][info][gc,phases      ] GC(326)   Other: 0.06ms
[3126.837s][info][gc,heap        ] GC(326) Eden regions: 572->0(571)
[3126.837s][info][gc,heap        ] GC(326) Survivor regions: 42->43(77)
[3126.837s][info][gc,heap        ] GC(326) Old regions: 275->282
[3126.837s][info][gc,heap        ] GC(326) Humongous regions: 33->33
[3126.837s][info][gc,metaspace   ] GC(326) Metaspace: 29997K(30464K)->29997K(30464K) NonClass: 24584K(24832K)->24584K(24832K) Class: 5412K(5632K)->5412K(5632K)
[3126.837s][info][gc             ] GC(326) Pause Young (Normal) (G1 Evacuation Pause) 7349M->2837M(8192M) 151.251ms
[3126.837s][info][gc,cpu         ] GC(326) User=1.20s Sys=0.00s Real=0.15s
........[3134.804s][info][gc,start       ] GC(327) Pause Young (Normal) (G1 Evacuation Pause)
[3134.804s][info][gc,task        ] GC(327) Using 8 workers of 8 for evacuation
[3134.953s][info][gc,phases      ] GC(327)   Pre Evacuate Collection Set: 0.28ms
[3134.953s][info][gc,phases      ] GC(327)   Merge Heap Roots: 0.61ms
[3134.953s][info][gc,phases      ] GC(327)   Evacuate Collection Set: 147.01ms
[3134.953s][info][gc,phases      ] GC(327)   Post Evacuate Collection Set: 1.04ms
[3134.953s][info][gc,phases      ] GC(327)   Other: 0.08ms
[3134.953s][info][gc,heap        ] GC(327) Eden regions: 571->0(566)
[3134.953s][info][gc,heap        ] GC(327) Survivor regions: 43->42(77)
[3134.953s][info][gc,heap        ] GC(327) Old regions: 282->289
[3134.953s][info][gc,heap        ] GC(327) Humongous regions: 33->33
[3134.953s][info][gc,metaspace   ] GC(327) Metaspace: 29997K(30464K)->29997K(30464K) NonClass: 24584K(24832K)->24584K(24832K) Class: 5412K(5632K)->5412K(5632K)
[3134.953s][info][gc             ] GC(327) Pause Young (Normal) (G1 Evacuation Pause) 7405M->2887M(8192M) 149.143ms
[3134.953s][info][gc,cpu         ] GC(327) User=1.18s Sys=0.00s Real=0.15s
........[3142.917s][info][gc,start       ] GC(328) Pause Young (Normal) (G1 Evacuation Pause)
[3142.917s][info][gc,task        ] GC(328) Using 8 workers of 8 for evacuation
[3143.070s][info][gc,phases      ] GC(328)   Pre Evacuate Collection Set: 0.27ms
[3143.070s][info][gc,phases      ] GC(328)   Merge Heap Roots: 0.57ms
[3143.070s][info][gc,phases      ] GC(328)   Evacuate Collection Set: 150.73ms
[3143.070s][info][gc,phases      ] GC(328)   Post Evacuate Collection Set: 1.03ms
[3143.070s][info][gc,phases      ] GC(328)   Other: 0.07ms
[3143.070s][info][gc,heap        ] GC(328) Eden regions: 566->0(557)
[3143.070s][info][gc,heap        ] GC(328) Survivor regions: 42->43(76)
[3143.070s][info][gc,heap        ] GC(328) Old regions: 289->296
[3143.070s][info][gc,heap        ] GC(328) Humongous regions: 33->33
[3143.070s][info][gc,metaspace   ] GC(328) Metaspace: 29997K(30464K)->29997K(30464K) NonClass: 24584K(24832K)->24584K(24832K) Class: 5412K(5632K)->5412K(5632K)
[3143.070s][info][gc             ] GC(328) Pause Young (Normal) (G1 Evacuation Pause) 7415M->2951M(8192M) 152.806ms
[3143.070s][info][gc,cpu         ] GC(328) User=1.21s Sys=0.00s Real=0.15s
........[3150.844s][info][gc,start       ] GC(329) Pause Young (Normal) (G1 Evacuation Pause)
[3150.844s][info][gc,task        ] GC(329) Using 8 workers of 8 for evacuation
[3150.993s][info][gc,phases      ] GC(329)   Pre Evacuate Collection Set: 0.26ms
[3150.993s][info][gc,phases      ] GC(329)   Merge Heap Roots: 0.52ms
[3150.993s][info][gc,phases      ] GC(329)   Evacuate Collection Set: 147.44ms
[3150.993s][info][gc,phases      ] GC(329)   Post Evacuate Collection Set: 1.04ms
[3150.993s][info][gc,phases      ] GC(329)   Other: 0.07ms
[3150.993s][info][gc,heap        ] GC(329) Eden regions: 557->0(550)
[3150.993s][info][gc,heap        ] GC(329) Survivor regions: 43->43(75)
[3150.993s][info][gc,heap        ] GC(329) Old regions: 296->303
[3150.993s][info][gc,heap        ] GC(329) Humongous regions: 33->33
[3150.993s][info][gc,metaspace   ] GC(329) Metaspace: 29997K(30464K)->29997K(30464K) NonClass: 24584K(24832K)->24584K(24832K) Class: 5412K(5632K)->5412K(5632K)
[3150.993s][info][gc             ] GC(329) Pause Young (Normal) (G1 Evacuation Pause) 7407M->3003M(8192M) 149.454ms
[3150.993s][info][gc,cpu         ] GC(329) User=1.18s Sys=0.00s Real=0.15s
........[3158.706s][info][gc,start       ] GC(330) Pause Young (Normal) (G1 Evacuation Pause)
[3158.706s][info][gc,task        ] GC(330) Using 8 workers of 8 for evacuation
[3158.852s][info][gc,phases      ] GC(330)   Pre Evacuate Collection Set: 0.28ms
[3158.852s][info][gc,phases      ] GC(330)   Merge Heap Roots: 0.59ms
[3158.852s][info][gc,phases      ] GC(330)   Evacuate Collection Set: 144.43ms
[3158.852s][info][gc,phases      ] GC(330)   Post Evacuate Collection Set: 0.99ms
[3158.852s][info][gc,phases      ] GC(330)   Other: 0.06ms
[3158.852s][info][gc,heap        ] GC(330) Eden regions: 550->0(547)
[3158.852s][info][gc,heap        ] GC(330) Survivor regions: 43->41(75)
[3158.852s][info][gc,heap        ] GC(330) Old regions: 303->310
[3158.852s][info][gc,heap        ] GC(330) Humongous regions: 33->33
[3158.852s][info][gc,metaspace   ] GC(330) Metaspace: 29997K(30464K)->29997K(30464K) NonClass: 24584K(24832K)->24584K(24832K) Class: 5412K(5632K)->5412K(5632K)
[3158.852s][info][gc             ] GC(330) Pause Young (Normal) (G1 Evacuation Pause) 7403M->3048M(8192M) 146.486ms
[3158.852s][info][gc,cpu         ] GC(330) User=1.16s Sys=0.00s Real=0.14s
........ (rIR:aIR:PR = 4705:4702:4702) (tPR = 69692) [OK] 
  3165s: Performance info:
         Transaction,    Success,    Partial,     Failed,   Receipts, AvgBarcode, 
             Overall,     283564,          0,          0,     269399,      59.47, 
         Response times:
             Request,    Success,    Partial,     Failed,   SkipFail,     Probes,    Samples,      min,      p50,      p90,      p95,      p99,      max, 
       TotalPurchase,     269399,          0,          0,          0,     263226,     287232,      400,     3100,     5400,     6200,    29000,   224000,
     InStorePurchase,     141748,          0,          0,          0,     138783,     151109,      400,     3000,     5300,     6100,    29000,   224000,
      OnlinePurchase,      99279,          0,          0,          0,      96937,     105776,      400,     3200,     5400,     6200,    31000,   224000,
        InstPurchase,      28372,          0,          0,          0,      27506,      30347,      500,     3000,     5400,     6200,    24000,   167000,
          AssocOfCat,        285,          0,          0,          0,        231,        341,    24000,    32000,    39000,    43900,    70380,   194000,
      AssocOfProduct,       2823,          0,          0,          0,       2495,       2911,      500,     3000,     5600,     6600,    24000,   155000,
      BusinessReport,        707,          0,          0,          0,        579,        735,    27000,    35000,    47000,    53000,   109280,   220000,
          CustBuyBeh,       2831,          0,          0,          0,       2632,       3091,      400,     3200,     5300,     6200,    27080,   156000,
       ProductReturn,       7519,          0,          0,          0,       7118,       8074,      200,     2800,     5300,     6100,    26250,   158000,

  3165s: (35%)   IR =   4843 [3166.562s][info][gc,start       ] GC(331) Pause Young (Normal) (G1 Evacuation Pause)
[3166.563s][info][gc,task        ] GC(331) Using 8 workers of 8 for evacuation
[3166.711s][info][gc,phases      ] GC(331)   Pre Evacuate Collection Set: 0.24ms
[3166.711s][info][gc,phases      ] GC(331)   Merge Heap Roots: 0.53ms
[3166.711s][info][gc,phases      ] GC(331)   Evacuate Collection Set: 146.98ms
[3166.711s][info][gc,phases      ] GC(331)   Post Evacuate Collection Set: 1.04ms
[3166.711s][info][gc,phases      ] GC(331)   Other: 0.07ms
[3166.711s][info][gc,heap        ] GC(331) Eden regions: 547->0(536)
[3166.711s][info][gc,heap        ] GC(331) Survivor regions: 41->43(74)
[3166.711s][info][gc,heap        ] GC(331) Old regions: 310->317
[3166.711s][info][gc,heap        ] GC(331) Humongous regions: 33->33
[3166.711s][info][gc,metaspace   ] GC(331) Metaspace: 29997K(30464K)->29997K(30464K) NonClass: 24584K(24832K)->24584K(24832K) Class: 5412K(5632K)->5412K(5632K)
[3166.711s][info][gc             ] GC(331) Pause Young (Normal) (G1 Evacuation Pause) 7424M->3117M(8192M) 148.979ms
[3166.711s][info][gc,cpu         ] GC(331) User=1.18s Sys=0.00s Real=0.15s
.....|..[3173.964s][info][gc,start       ] GC(332) Pause Young (Normal) (G1 Evacuation Pause)
[3173.964s][info][gc,task        ] GC(332) Using 8 workers of 8 for evacuation
[3174.110s][info][gc,phases      ] GC(332)   Pre Evacuate Collection Set: 0.25ms
[3174.110s][info][gc,phases      ] GC(332)   Merge Heap Roots: 0.60ms
[3174.110s][info][gc,phases      ] GC(332)   Evacuate Collection Set: 143.93ms
[3174.110s][info][gc,phases      ] GC(332)   Post Evacuate Collection Set: 1.06ms
[3174.110s][info][gc,phases      ] GC(332)   Other: 0.07ms
[3174.110s][info][gc,heap        ] GC(332) Eden regions: 536->0(532)
[3174.110s][info][gc,heap        ] GC(332) Survivor regions: 43->41(73)
[3174.110s][info][gc,heap        ] GC(332) Old regions: 317->325
[3174.110s][info][gc,heap        ] GC(332) Humongous regions: 33->33
[3174.110s][info][gc,metaspace   ] GC(332) Metaspace: 29997K(30464K)->29997K(30464K) NonClass: 24584K(24832K)->24584K(24832K) Class: 5412K(5632K)->5412K(5632K)
[3174.110s][info][gc             ] GC(332) Pause Young (Normal) (G1 Evacuation Pause) 7405M->3162M(8192M) 146.040ms
[3174.110s][info][gc,cpu         ] GC(332) User=1.16s Sys=0.00s Real=0.14s
........[3181.293s][info][gc,start       ] GC(333) Pause Young (Concurrent Start) (G1 Evacuation Pause)
[3181.293s][info][gc,task        ] GC(333) Using 8 workers of 8 for evacuation
[3181.439s][info][gc,phases      ] GC(333)   Pre Evacuate Collection Set: 0.30ms
[3181.439s][info][gc,phases      ] GC(333)   Merge Heap Roots: 0.55ms
[3181.439s][info][gc,phases      ] GC(333)   Evacuate Collection Set: 143.65ms
[3181.439s][info][gc,phases      ] GC(333)   Post Evacuate Collection Set: 0.97ms
[3181.439s][info][gc,phases      ] GC(333)   Other: 0.13ms
[3181.439s][info][gc,heap        ] GC(333) Eden regions: 532->0(525)
[3181.439s][info][gc,heap        ] GC(333) Survivor regions: 41->41(72)
[3181.439s][info][gc,heap        ] GC(333) Old regions: 325->332
[3181.439s][info][gc,heap        ] GC(333) Humongous regions: 33->33
[3181.439s][info][gc,metaspace   ] GC(333) Metaspace: 29997K(30464K)->29997K(30464K) NonClass: 24584K(24832K)->24584K(24832K) Class: 5412K(5632K)->5412K(5632K)
[3181.439s][info][gc             ] GC(333) Pause Young (Concurrent Start) (G1 Evacuation Pause) 7418M->3222M(8192M) 145.736ms
[3181.439s][info][gc             ] GC(334) Concurrent Mark Cycle
[3181.439s][info][gc,marking     ] GC(334) Concurrent Scan Root Regions
[3181.439s][info][gc,cpu         ] GC(333) User=1.15s Sys=0.00s Real=0.15s
[3181.679s][info][gc,marking     ] GC(334) Concurrent Scan Root Regions 240.135ms
[3181.679s][info][gc,marking     ] GC(334) Concurrent Mark
[3181.679s][info][gc,marking     ] GC(334) Concurrent Mark From Roots
[3181.679s][info][gc,task        ] GC(334) Using 2 workers of 2 for marking
.[3182.321s][info][gc,marking     ] GC(334) Concurrent Mark From Roots 641.861ms
[3182.321s][info][gc,marking     ] GC(334) Concurrent Preclean
[3182.321s][info][gc,marking     ] GC(334) Concurrent Preclean 0.150ms
[3182.321s][info][gc,start       ] GC(334) Pause Remark
[3182.323s][info][gc             ] GC(334) Pause Remark 3810M->3114M(8192M) 1.909ms
[3182.323s][info][gc,cpu         ] GC(334) User=0.00s Sys=0.01s Real=0.01s
[3182.323s][info][gc,marking     ] GC(334) Concurrent Mark 644.255ms
[3182.323s][info][gc,marking     ] GC(334) Concurrent Rebuild Remembered Sets and Scrub Regions
[3182.764s][info][gc,marking     ] GC(334) Concurrent Rebuild Remembered Sets and Scrub Regions 440.385ms
[3182.764s][info][gc,start       ] GC(334) Pause Cleanup
[3182.764s][info][gc             ] GC(334) Pause Cleanup 3411M->3411M(8192M) 0.276ms
[3182.764s][info][gc,cpu         ] GC(334) User=0.00s Sys=0.00s Real=0.00s
[3182.764s][info][gc,marking     ] GC(334) Concurrent Clear Claimed Marks
[3182.764s][info][gc,marking     ] GC(334) Concurrent Clear Claimed Marks 0.061ms
[3182.764s][info][gc,marking     ] GC(334) Concurrent Cleanup for Next Mark
[3182.774s][info][gc,marking     ] GC(334) Concurrent Cleanup for Next Mark 9.353ms
[3182.774s][info][gc             ] GC(334) Concurrent Mark Cycle 1334.872ms
......[3188.633s][info][gc,start       ] GC(335) Pause Young (Prepare Mixed) (G1 Evacuation Pause)
[3188.633s][info][gc,task        ] GC(335) Using 8 workers of 8 for evacuation
[3188.779s][info][gc,phases      ] GC(335)   Pre Evacuate Collection Set: 0.28ms
[3188.779s][info][gc,phases      ] GC(335)   Merge Heap Roots: 0.67ms
[3188.779s][info][gc,phases      ] GC(335)   Evacuate Collection Set: 144.22ms
[3188.779s][info][gc,phases      ] GC(335)   Post Evacuate Collection Set: 1.08ms
[3188.779s][info][gc,phases      ] GC(335)   Other: 0.07ms
[3188.779s][info][gc,heap        ] GC(335) Eden regions: 525->0(573)
[3188.779s][info][gc,heap        ] GC(335) Survivor regions: 41->41(71)
[3188.779s][info][gc,heap        ] GC(335) Old regions: 245->252
[3188.779s][info][gc,heap        ] GC(335) Humongous regions: 33->33
[3188.779s][info][gc,metaspace   ] GC(335) Metaspace: 29997K(30464K)->29997K(30464K) NonClass: 24584K(24832K)->24584K(24832K) Class: 5412K(5632K)->5412K(5632K)
[3188.779s][info][gc             ] GC(335) Pause Young (Prepare Mixed) (G1 Evacuation Pause) 6726M->2582M(8192M) 146.456ms
[3188.780s][info][gc,cpu         ] GC(335) User=1.16s Sys=0.00s Real=0.15s
........[3196.570s][info][gc,start       ] GC(336) Pause Young (Mixed) (G1 Evacuation Pause)
[3196.570s][info][gc,task        ] GC(336) Using 8 workers of 8 for evacuation
[3196.724s][info][gc,phases      ] GC(336)   Pre Evacuate Collection Set: 0.33ms
[3196.724s][info][gc,phases      ] GC(336)   Merge Heap Roots: 0.92ms
[3196.724s][info][gc,phases      ] GC(336)   Evacuate Collection Set: 150.81ms
[3196.724s][info][gc,phases      ] GC(336)   Post Evacuate Collection Set: 1.24ms
[3196.724s][info][gc,phases      ] GC(336)   Other: 0.09ms
[3196.724s][info][gc,heap        ] GC(336) Eden regions: 573->0(572)
[3196.724s][info][gc,heap        ] GC(336) Survivor regions: 41->42(77)
[3196.724s][info][gc,heap        ] GC(336) Old regions: 252->157
[3196.724s][info][gc,heap        ] GC(336) Humongous regions: 33->33
[3196.724s][info][gc,metaspace   ] GC(336) Metaspace: 29997K(30464K)->29997K(30464K) NonClass: 24584K(24832K)->24584K(24832K) Class: 5412K(5632K)->5412K(5632K)
[3196.724s][info][gc             ] GC(336) Pause Young (Mixed) (G1 Evacuation Pause) 7166M->1834M(8192M) 153.513ms
[3196.724s][info][gc,cpu         ] GC(336) User=1.22s Sys=0.00s Real=0.16s
........[3204.497s][info][gc,start       ] GC(337) Pause Young (Mixed) (G1 Evacuation Pause)
[3204.497s][info][gc,task        ] GC(337) Using 8 workers of 8 for evacuation
[3204.653s][info][gc,phases      ] GC(337)   Pre Evacuate Collection Set: 0.29ms
[3204.653s][info][gc,phases      ] GC(337)   Merge Heap Roots: 0.82ms
[3204.653s][info][gc,phases      ] GC(337)   Evacuate Collection Set: 153.64ms
[3204.653s][info][gc,phases      ] GC(337)   Post Evacuate Collection Set: 1.09ms
[3204.653s][info][gc,phases      ] GC(337)   Other: 0.07ms
[3204.653s][info][gc,heap        ] GC(337) Eden regions: 572->0(572)
[3204.653s][info][gc,heap        ] GC(337) Survivor regions: 42->42(77)
[3204.653s][info][gc,heap        ] GC(337) Old regions: 157->142
[3204.653s][info][gc,heap        ] GC(337) Humongous regions: 33->33
[3204.653s][info][gc,metaspace   ] GC(337) Metaspace: 29997K(30464K)->29997K(30464K) NonClass: 24584K(24832K)->24584K(24832K) Class: 5412K(5632K)->5412K(5632K)
[3204.653s][info][gc             ] GC(337) Pause Young (Mixed) (G1 Evacuation Pause) 6410M->1704M(8192M) 156.039ms
[3204.653s][info][gc,cpu         ] GC(337) User=1.24s Sys=0.00s Real=0.16s
........[3212.464s][info][gc,start       ] GC(338) Pause Young (Normal) (G1 Evacuation Pause)
[3212.464s][info][gc,task        ] GC(338) Using 8 workers of 8 for evacuation
[3212.615s][info][gc,phases      ] GC(338)   Pre Evacuate Collection Set: 0.24ms
[3212.615s][info][gc,phases      ] GC(338)   Merge Heap Roots: 0.58ms
[3212.615s][info][gc,phases      ] GC(338)   Evacuate Collection Set: 148.61ms
[3212.615s][info][gc,phases      ] GC(338)   Post Evacuate Collection Set: 1.03ms
[3212.615s][info][gc,phases      ] GC(338)   Other: 0.06ms
[3212.615s][info][gc,heap        ] GC(338) Eden regions: 572->0(571)
[3212.615s][info][gc,heap        ] GC(338) Survivor regions: 42->43(77)
[3212.615s][info][gc,heap        ] GC(338) Old regions: 142->149
[3212.615s][info][gc,heap        ] GC(338) Humongous regions: 33->33
[3212.615s][info][gc,metaspace   ] GC(338) Metaspace: 29997K(30464K)->29997K(30464K) NonClass: 24584K(24832K)->24584K(24832K) Class: 5412K(5632K)->5412K(5632K)
[3212.615s][info][gc             ] GC(338) Pause Young (Normal) (G1 Evacuation Pause) 6280M->1774M(8192M) 150.658ms
[3212.615s][info][gc,cpu         ] GC(338) User=1.19s Sys=0.01s Real=0.15s
........[3220.308s][info][gc,start       ] GC(339) Pause Young (Normal) (G1 Evacuation Pause)
[3220.309s][info][gc,task        ] GC(339) Using 8 workers of 8 for evacuation
[3220.455s][info][gc,phases      ] GC(339)   Pre Evacuate Collection Set: 0.24ms
[3220.455s][info][gc,phases      ] GC(339)   Merge Heap Roots: 0.52ms
[3220.455s][info][gc,phases      ] GC(339)   Evacuate Collection Set: 144.69ms
[3220.455s][info][gc,phases      ] GC(339)   Post Evacuate Collection Set: 1.08ms
[3220.455s][info][gc,phases      ] GC(339)   Other: 0.07ms
[3220.455s][info][gc,heap        ] GC(339) Eden regions: 571->0(572)
[3220.455s][info][gc,heap        ] GC(339) Survivor regions: 43->42(77)
[3220.455s][info][gc,heap        ] GC(339) Old regions: 149->156
[3220.455s][info][gc,heap        ] GC(339) Humongous regions: 33->33
[3220.455s][info][gc,metaspace   ] GC(339) Metaspace: 29997K(30464K)->29997K(30464K) NonClass: 24584K(24832K)->24584K(24832K) Class: 5412K(5632K)->5412K(5632K)
[3220.455s][info][gc             ] GC(339) Pause Young (Normal) (G1 Evacuation Pause) 6342M->1823M(8192M) 146.736ms
[3220.455s][info][gc,cpu         ] GC(339) User=1.16s Sys=0.00s Real=0.15s
........[3228.266s][info][gc,start       ] GC(340) Pause Young (Normal) (G1 Evacuation Pause)
[3228.266s][info][gc,task        ] GC(340) Using 8 workers of 8 for evacuation
[3228.415s][info][gc,phases      ] GC(340)   Pre Evacuate Collection Set: 0.28ms
[3228.415s][info][gc,phases      ] GC(340)   Merge Heap Roots: 0.58ms
[3228.415s][info][gc,phases      ] GC(340)   Evacuate Collection Set: 146.88ms
[3228.415s][info][gc,phases      ] GC(340)   Post Evacuate Collection Set: 1.03ms
[3228.415s][info][gc,phases      ] GC(340)   Other: 0.08ms
[3228.415s][info][gc,heap        ] GC(340) Eden regions: 572->0(571)
[3228.415s][info][gc,heap        ] GC(340) Survivor regions: 42->43(77)
[3228.415s][info][gc,heap        ] GC(340) Old regions: 156->163
[3228.415s][info][gc,heap        ] GC(340) Humongous regions: 33->33
[3228.415s][info][gc,metaspace   ] GC(340) Metaspace: 29997K(30464K)->29997K(30464K) NonClass: 24584K(24832K)->24584K(24832K) Class: 5412K(5632K)->5412K(5632K)
[3228.415s][info][gc             ] GC(340) Pause Young (Normal) (G1 Evacuation Pause) 6399M->1883M(8192M) 148.992ms
[3228.415s][info][gc,cpu         ] GC(340) User=1.18s Sys=0.00s Real=0.15s
... (rIR:aIR:PR = 4843:4842:4842) (tPR = 71942) [OK] 
  3230s: Performance info:
         Transaction,    Success,    Partial,     Failed,   Receipts, AvgBarcode, 
             Overall,     290693,          0,          0,     276141,      59.48, 
         Response times:
             Request,    Success,    Partial,     Failed,   SkipFail,     Probes,    Samples,      min,      p50,      p90,      p95,      p99,      max, 
       TotalPurchase,     276141,          0,          0,          0,     270453,     294774,      400,     3200,     5600,     6600,    46000,   293000,
     InStorePurchase,     145350,          0,          0,          0,     142389,     154904,      400,     3000,     5600,     6500,    44000,   292000,
      OnlinePurchase,     101713,          0,          0,          0,      99853,     108700,      400,     3300,     5600,     6600,    48000,   293000,
        InstPurchase,      29078,          0,          0,          0,      28211,      31170,      400,     3200,     5700,     6700,    46000,   265000,
          AssocOfCat,        291,          0,          0,          0,        219,        308,    26000,    33000,    41000,    48000,    73190,   100000,
      AssocOfProduct,       2914,          0,          0,          0,       2680,       3081,      600,     3800,     5700,     6600,    51000,   163000,
      BusinessReport,        732,          0,          0,          0,        613,        763,    22000,    34000,    47000,    56800,    99360,   219000,
          CustBuyBeh,       2908,          0,          0,          0,       2685,       3159,      200,     3300,     5400,     6500,    52000,   163000,
       ProductReturn,       7706,          0,          0,          0,       7236,       8264,      200,     2100,     5200,     6200,    42000,   158000,

  3230s: (36%)   IR =   4981 ....[3236.105s][info][gc,start       ] GC(341) Pause Young (Normal) (G1 Evacuation Pause)
[3236.105s][info][gc,task        ] GC(341) Using 8 workers of 8 for evacuation
[3236.258s][info][gc,phases      ] GC(341)   Pre Evacuate Collection Set: 0.27ms
[3236.259s][info][gc,phases      ] GC(341)   Merge Heap Roots: 0.60ms
[3236.259s][info][gc,phases      ] GC(341)   Evacuate Collection Set: 151.71ms
[3236.259s][info][gc,phases      ] GC(341)   Post Evacuate Collection Set: 1.05ms
[3236.259s][info][gc,phases      ] GC(341)   Other: 0.07ms
[3236.259s][info][gc,heap        ] GC(341) Eden regions: 571->0(571)
[3236.259s][info][gc,heap        ] GC(341) Survivor regions: 43->43(77)
[3236.259s][info][gc,heap        ] GC(341) Old regions: 163->170
[3236.259s][info][gc,heap        ] GC(341) Humongous regions: 33->33
[3236.259s][info][gc,metaspace   ] GC(341) Metaspace: 29997K(30464K)->29997K(30464K) NonClass: 24584K(24832K)->24584K(24832K) Class: 5412K(5632K)->5412K(5632K)
[3236.259s][info][gc             ] GC(341) Pause Young (Normal) (G1 Evacuation Pause) 6451M->1941M(8192M) 153.850ms
[3236.259s][info][gc,cpu         ] GC(341) User=1.22s Sys=0.00s Real=0.15s
....|....[3243.788s][info][gc,start       ] GC(342) Pause Young (Normal) (G1 Evacuation Pause)
[3243.789s][info][gc,task        ] GC(342) Using 8 workers of 8 for evacuation
[3243.938s][info][gc,phases      ] GC(342)   Pre Evacuate Collection Set: 0.26ms
[3243.938s][info][gc,phases      ] GC(342)   Merge Heap Roots: 0.59ms
[3243.938s][info][gc,phases      ] GC(342)   Evacuate Collection Set: 147.72ms
[3243.938s][info][gc,phases      ] GC(342)   Post Evacuate Collection Set: 1.03ms
[3243.938s][info][gc,phases      ] GC(342)   Other: 0.09ms
[3243.938s][info][gc,heap        ] GC(342) Eden regions: 571->0(571)
[3243.938s][info][gc,heap        ] GC(342) Survivor regions: 43->43(77)
[3243.938s][info][gc,heap        ] GC(342) Old regions: 170->177
[3243.938s][info][gc,heap        ] GC(342) Humongous regions: 33->33
[3243.938s][info][gc,metaspace   ] GC(342) Metaspace: 29997K(30464K)->29997K(30464K) NonClass: 24584K(24832K)->24584K(24832K) Class: 5412K(5632K)->5412K(5632K)
[3243.938s][info][gc             ] GC(342) Pause Young (Normal) (G1 Evacuation Pause) 6509M->1996M(8192M) 149.840ms
[3243.938s][info][gc,cpu         ] GC(342) User=1.18s Sys=0.00s Real=0.15s
........[3251.451s][info][gc,start       ] GC(343) Pause Young (Normal) (G1 Evacuation Pause)
[3251.451s][info][gc,task        ] GC(343) Using 8 workers of 8 for evacuation
[3251.599s][info][gc,phases      ] GC(343)   Pre Evacuate Collection Set: 0.25ms
[3251.599s][info][gc,phases      ] GC(343)   Merge Heap Roots: 0.58ms
[3251.599s][info][gc,phases      ] GC(343)   Evacuate Collection Set: 146.45ms
[3251.599s][info][gc,phases      ] GC(343)   Post Evacuate Collection Set: 1.05ms
[3251.599s][info][gc,phases      ] GC(343)   Other: 0.06ms
[3251.599s][info][gc,heap        ] GC(343) Eden regions: 571->0(572)
[3251.599s][info][gc,heap        ] GC(343) Survivor regions: 43->42(77)
[3251.599s][info][gc,heap        ] GC(343) Old regions: 177->184
[3251.599s][info][gc,heap        ] GC(343) Humongous regions: 33->33
[3251.599s][info][gc,metaspace   ] GC(343) Metaspace: 29997K(30464K)->29997K(30464K) NonClass: 24584K(24832K)->24584K(24832K) Class: 5412K(5632K)->5412K(5632K)
[3251.599s][info][gc             ] GC(343) Pause Young (Normal) (G1 Evacuation Pause) 6564M->2047M(8192M) 148.534ms
[3251.599s][info][gc,cpu         ] GC(343) User=1.17s Sys=0.00s Real=0.15s
.......[3259.189s][info][gc,start       ] GC(344) Pause Young (Normal) (G1 Evacuation Pause)
[3259.189s][info][gc,task        ] GC(344) Using 8 workers of 8 for evacuation
[3259.338s][info][gc,phases      ] GC(344)   Pre Evacuate Collection Set: 0.26ms
[3259.338s][info][gc,phases      ] GC(344)   Merge Heap Roots: 0.60ms
[3259.338s][info][gc,phases      ] GC(344)   Evacuate Collection Set: 147.28ms
[3259.338s][info][gc,phases      ] GC(344)   Post Evacuate Collection Set: 1.01ms
[3259.338s][info][gc,phases      ] GC(344)   Other: 0.07ms
[3259.338s][info][gc,heap        ] GC(344) Eden regions: 572->0(571)
[3259.338s][info][gc,heap        ] GC(344) Survivor regions: 42->43(77)
[3259.338s][info][gc,heap        ] GC(344) Old regions: 184->191
[3259.338s][info][gc,heap        ] GC(344) Humongous regions: 33->33
[3259.338s][info][gc,metaspace   ] GC(344) Metaspace: 29997K(30464K)->29997K(30464K) NonClass: 24584K(24832K)->24584K(24832K) Class: 5412K(5632K)->5412K(5632K)
[3259.338s][info][gc             ] GC(344) Pause Young (Normal) (G1 Evacuation Pause) 6623M->2108M(8192M) 149.361ms
[3259.338s][info][gc,cpu         ] GC(344) User=1.19s Sys=0.00s Real=0.15s
........[3266.830s][info][gc,start       ] GC(345) Pause Young (Normal) (G1 Evacuation Pause)
[3266.830s][info][gc,task        ] GC(345) Using 8 workers of 8 for evacuation
[3266.981s][info][gc,phases      ] GC(345)   Pre Evacuate Collection Set: 0.25ms
[3266.981s][info][gc,phases      ] GC(345)   Merge Heap Roots: 0.55ms
[3266.981s][info][gc,phases      ] GC(345)   Evacuate Collection Set: 149.10ms
[3266.981s][info][gc,phases      ] GC(345)   Post Evacuate Collection Set: 1.02ms
[3266.981s][info][gc,phases      ] GC(345)   Other: 0.06ms
[3266.981s][info][gc,heap        ] GC(345) Eden regions: 571->0(571)
[3266.981s][info][gc,heap        ] GC(345) Survivor regions: 43->43(77)
[3266.981s][info][gc,heap        ] GC(345) Old regions: 191->198
[3266.981s][info][gc,heap        ] GC(345) Humongous regions: 33->33
[3266.981s][info][gc,metaspace   ] GC(345) Metaspace: 29997K(30464K)->29997K(30464K) NonClass: 24584K(24832K)->24584K(24832K) Class: 5412K(5632K)->5412K(5632K)
[3266.981s][info][gc             ] GC(345) Pause Young (Normal) (G1 Evacuation Pause) 6676M->2164M(8192M) 151.118ms
[3266.982s][info][gc,cpu         ] GC(345) User=1.20s Sys=0.00s Real=0.15s
........[3274.533s][info][gc,start       ] GC(346) Pause Young (Normal) (G1 Evacuation Pause)
[3274.533s][info][gc,task        ] GC(346) Using 8 workers of 8 for evacuation
[3274.685s][info][gc,phases      ] GC(346)   Pre Evacuate Collection Set: 0.28ms
[3274.685s][info][gc,phases      ] GC(346)   Merge Heap Roots: 0.52ms
[3274.685s][info][gc,phases      ] GC(346)   Evacuate Collection Set: 149.46ms
[3274.685s][info][gc,phases      ] GC(346)   Post Evacuate Collection Set: 1.01ms
[3274.685s][info][gc,phases      ] GC(346)   Other: 0.06ms
[3274.685s][info][gc,heap        ] GC(346) Eden regions: 571->0(572)
[3274.685s][info][gc,heap        ] GC(346) Survivor regions: 43->42(77)
[3274.685s][info][gc,heap        ] GC(346) Old regions: 198->205
[3274.685s][info][gc,heap        ] GC(346) Humongous regions: 33->33
[3274.685s][info][gc,metaspace   ] GC(346) Metaspace: 29997K(30464K)->29997K(30464K) NonClass: 24584K(24832K)->24584K(24832K) Class: 5412K(5632K)->5412K(5632K)
[3274.685s][info][gc             ] GC(346) Pause Young (Normal) (G1 Evacuation Pause) 6732M->2212M(8192M) 151.466ms
[3274.685s][info][gc,cpu         ] GC(346) User=1.20s Sys=0.01s Real=0.16s
.......[3282.315s][info][gc,start       ] GC(347) Pause Young (Normal) (G1 Evacuation Pause)
[3282.315s][info][gc,task        ] GC(347) Using 8 workers of 8 for evacuation
[3282.465s][info][gc,phases      ] GC(347)   Pre Evacuate Collection Set: 0.27ms
[3282.465s][info][gc,phases      ] GC(347)   Merge Heap Roots: 0.69ms
[3282.465s][info][gc,phases      ] GC(347)   Evacuate Collection Set: 148.19ms
[3282.465s][info][gc,phases      ] GC(347)   Post Evacuate Collection Set: 1.02ms
[3282.465s][info][gc,phases      ] GC(347)   Other: 0.06ms
[3282.465s][info][gc,heap        ] GC(347) Eden regions: 572->0(571)
[3282.465s][info][gc,heap        ] GC(347) Survivor regions: 42->43(77)
[3282.465s][info][gc,heap        ] GC(347) Old regions: 205->212
[3282.465s][info][gc,heap        ] GC(347) Humongous regions: 33->33
[3282.465s][info][gc,metaspace   ] GC(347) Metaspace: 29997K(30464K)->29997K(30464K) NonClass: 24584K(24832K)->24584K(24832K) Class: 5412K(5632K)->5412K(5632K)
[3282.465s][info][gc             ] GC(347) Pause Young (Normal) (G1 Evacuation Pause) 6788M->2276M(8192M) 150.366ms
[3282.465s][info][gc,cpu         ] GC(347) User=1.19s Sys=0.00s Real=0.15s
........[3289.979s][info][gc,start       ] GC(348) Pause Young (Normal) (G1 Evacuation Pause)
[3289.979s][info][gc,task        ] GC(348) Using 8 workers of 8 for evacuation
[3290.131s][info][gc,phases      ] GC(348)   Pre Evacuate Collection Set: 0.25ms
[3290.131s][info][gc,phases      ] GC(348)   Merge Heap Roots: 0.54ms
[3290.131s][info][gc,phases      ] GC(348)   Evacuate Collection Set: 150.14ms
[3290.131s][info][gc,phases      ] GC(348)   Post Evacuate Collection Set: 1.03ms
[3290.131s][info][gc,phases      ] GC(348)   Other: 0.07ms
[3290.131s][info][gc,heap        ] GC(348) Eden regions: 571->0(571)
[3290.131s][info][gc,heap        ] GC(348) Survivor regions: 43->43(77)
[3290.131s][info][gc,heap        ] GC(348) Old regions: 212->219
[3290.131s][info][gc,heap        ] GC(348) Humongous regions: 33->33
[3290.131s][info][gc,metaspace   ] GC(348) Metaspace: 29997K(30464K)->29997K(30464K) NonClass: 24584K(24832K)->24584K(24832K) Class: 5412K(5632K)->5412K(5632K)
[3290.131s][info][gc             ] GC(348) Pause Young (Normal) (G1 Evacuation Pause) 6844M->2336M(8192M) 152.186ms
[3290.131s][info][gc,cpu         ] GC(348) User=1.21s Sys=0.00s Real=0.15s
........[3297.672s][info][gc,start       ] GC(349) Pause Young (Normal) (G1 Evacuation Pause)
[3297.672s][info][gc,task        ] GC(349) Using 8 workers of 8 for evacuation
[3297.824s][info][gc,phases      ] GC(349)   Pre Evacuate Collection Set: 0.23ms
[3297.824s][info][gc,phases      ] GC(349)   Merge Heap Roots: 0.58ms
[3297.824s][info][gc,phases      ] GC(349)   Evacuate Collection Set: 150.87ms
[3297.824s][info][gc,phases      ] GC(349)   Post Evacuate Collection Set: 1.03ms
[3297.824s][info][gc,phases      ] GC(349)   Other: 0.06ms
[3297.824s][info][gc,heap        ] GC(349) Eden regions: 571->0(570)
[3297.824s][info][gc,heap        ] GC(349) Survivor regions: 43->44(77)
[3297.824s][info][gc,heap        ] GC(349) Old regions: 219->226
[3297.824s][info][gc,heap        ] GC(349) Humongous regions: 33->33
[3297.824s][info][gc,metaspace   ] GC(349) Metaspace: 29997K(30464K)->29997K(30464K) NonClass: 24584K(24832K)->24584K(24832K) Class: 5412K(5632K)->5412K(5632K)
[3297.824s][info][gc             ] GC(349) Pause Young (Normal) (G1 Evacuation Pause) 6904M->2403M(8192M) 152.913ms
[3297.825s][info][gc,cpu         ] GC(349) User=1.21s Sys=0.00s Real=0.16s
.. (rIR:aIR:PR = 4981:4981:4981) (tPR = 73755) [OK] 
  3299s: Performance info:
         Transaction,    Success,    Partial,     Failed,   Receipts, AvgBarcode, 
             Overall,     299891,          0,          0,     284901,      59.47, 
         Response times:
             Request,    Success,    Partial,     Failed,   SkipFail,     Probes,    Samples,      min,      p50,      p90,      p95,      p99,      max, 
       TotalPurchase,     284901,          0,          0,          0,     279284,     319172,      400,     3200,     5700,     6600,    36000,   220000,
     InStorePurchase,     149966,          0,          0,          0,     147307,     168273,      400,     3200,     5600,     6500,    35000,   207000,
      OnlinePurchase,     104955,          0,          0,          0,     102955,     117387,      400,     3300,     5700,     6600,    35000,   220000,
        InstPurchase,      29980,          0,          0,          0,      29022,      33512,      500,     3300,     5700,     6600,    39000,   209000,
          AssocOfCat,        298,          0,          0,          0,        239,        349,    22000,    34000,    43000,    52500,   185500,   207000,
      AssocOfProduct,       2997,          0,          0,          0,       2809,       3423,      300,     3300,     5500,     6300,    42760,   158000,
      BusinessReport,        753,          0,          0,          0,        643,        831,    26000,    35000,    46800,    51400,   102080,   218000,
          CustBuyBeh,       2999,          0,          0,          0,       2743,       3335,      100,     2700,     5300,     6100,    36280,   159000,
       ProductReturn,       7943,          0,          0,          0,       7479,       8760,      200,     2700,     5500,     6300,    31000,   162000,

  3299s: (37%)   IR =   5120 .....|[3305.174s][info][gc,start       ] GC(350) Pause Young (Normal) (G1 Evacuation Pause)
[3305.175s][info][gc,task        ] GC(350) Using 8 workers of 8 for evacuation
[3305.324s][info][gc,phases      ] GC(350)   Pre Evacuate Collection Set: 0.26ms
[3305.324s][info][gc,phases      ] GC(350)   Merge Heap Roots: 0.53ms
[3305.324s][info][gc,phases      ] GC(350)   Evacuate Collection Set: 147.88ms
[3305.324s][info][gc,phases      ] GC(350)   Post Evacuate Collection Set: 1.08ms
[3305.324s][info][gc,phases      ] GC(350)   Other: 0.09ms
[3305.324s][info][gc,heap        ] GC(350) Eden regions: 570->0(571)
[3305.324s][info][gc,heap        ] GC(350) Survivor regions: 44->43(77)
[3305.324s][info][gc,heap        ] GC(350) Old regions: 226->233
[3305.324s][info][gc,heap        ] GC(350) Humongous regions: 33->33
[3305.324s][info][gc,metaspace   ] GC(350) Metaspace: 29997K(30464K)->29997K(30464K) NonClass: 24584K(24832K)->24584K(24832K) Class: 5412K(5632K)->5412K(5632K)
[3305.324s][info][gc             ] GC(350) Pause Young (Normal) (G1 Evacuation Pause) 6963M->2447M(8192M) 149.980ms
[3305.324s][info][gc,cpu         ] GC(350) User=1.19s Sys=0.00s Real=0.15s
........[3312.618s][info][gc,start       ] GC(351) Pause Young (Normal) (G1 Evacuation Pause)
[3312.618s][info][gc,task        ] GC(351) Using 8 workers of 8 for evacuation
[3312.767s][info][gc,phases      ] GC(351)   Pre Evacuate Collection Set: 0.27ms
[3312.767s][info][gc,phases      ] GC(351)   Merge Heap Roots: 0.57ms
[3312.767s][info][gc,phases      ] GC(351)   Evacuate Collection Set: 146.55ms
[3312.767s][info][gc,phases      ] GC(351)   Post Evacuate Collection Set: 1.02ms
[3312.767s][info][gc,phases      ] GC(351)   Other: 0.06ms
[3312.767s][info][gc,heap        ] GC(351) Eden regions: 571->0(572)
[3312.767s][info][gc,heap        ] GC(351) Survivor regions: 43->42(77)
[3312.767s][info][gc,heap        ] GC(351) Old regions: 233->240
[3312.767s][info][gc,heap        ] GC(351) Humongous regions: 33->33
[3312.767s][info][gc,metaspace   ] GC(351) Metaspace: 29997K(30464K)->29997K(30464K) NonClass: 24584K(24832K)->24584K(24832K) Class: 5412K(5632K)->5412K(5632K)
[3312.767s][info][gc             ] GC(351) Pause Young (Normal) (G1 Evacuation Pause) 7015M->2499M(8192M) 148.615ms
[3312.767s][info][gc,cpu         ] GC(351) User=1.18s Sys=0.00s Real=0.15s
.......[3320.101s][info][gc,start       ] GC(352) Pause Young (Normal) (G1 Evacuation Pause)
[3320.101s][info][gc,task        ] GC(352) Using 8 workers of 8 for evacuation
[3320.253s][info][gc,phases      ] GC(352)   Pre Evacuate Collection Set: 0.27ms
[3320.253s][info][gc,phases      ] GC(352)   Merge Heap Roots: 0.57ms
[3320.253s][info][gc,phases      ] GC(352)   Evacuate Collection Set: 149.26ms
[3320.253s][info][gc,phases      ] GC(352)   Post Evacuate Collection Set: 1.03ms
[3320.253s][info][gc,phases      ] GC(352)   Other: 0.07ms
[3320.253s][info][gc,heap        ] GC(352) Eden regions: 572->0(572)
[3320.253s][info][gc,heap        ] GC(352) Survivor regions: 42->42(77)
[3320.253s][info][gc,heap        ] GC(352) Old regions: 240->248
[3320.253s][info][gc,heap        ] GC(352) Humongous regions: 33->33
[3320.253s][info][gc,metaspace   ] GC(352) Metaspace: 29997K(30464K)->29997K(30464K) NonClass: 24584K(24832K)->24584K(24832K) Class: 5412K(5632K)->5412K(5632K)
[3320.253s][info][gc             ] GC(352) Pause Young (Normal) (G1 Evacuation Pause) 7075M->2556M(8192M) 151.343ms
[3320.253s][info][gc,cpu         ] GC(352) User=1.20s Sys=0.00s Real=0.15s
........[3327.642s][info][gc,start       ] GC(353) Pause Young (Normal) (G1 Evacuation Pause)
[3327.642s][info][gc,task        ] GC(353) Using 8 workers of 8 for evacuation
[3327.793s][info][gc,phases      ] GC(353)   Pre Evacuate Collection Set: 0.26ms
[3327.793s][info][gc,phases      ] GC(353)   Merge Heap Roots: 0.60ms
[3327.793s][info][gc,phases      ] GC(353)   Evacuate Collection Set: 149.14ms
[3327.793s][info][gc,phases      ] GC(353)   Post Evacuate Collection Set: 1.06ms
[3327.793s][info][gc,phases      ] GC(353)   Other: 0.06ms
[3327.793s][info][gc,heap        ] GC(353) Eden regions: 572->0(570)
[3327.793s][info][gc,heap        ] GC(353) Survivor regions: 42->44(77)
[3327.793s][info][gc,heap        ] GC(353) Old regions: 248->255
[3327.793s][info][gc,heap        ] GC(353) Humongous regions: 33->33
[3327.793s][info][gc,metaspace   ] GC(353) Metaspace: 29997K(30464K)->29997K(30464K) NonClass: 24584K(24832K)->24584K(24832K) Class: 5412K(5632K)->5412K(5632K)
[3327.793s][info][gc             ] GC(353) Pause Young (Normal) (G1 Evacuation Pause) 7132M->2624M(8192M) 151.250ms
[3327.793s][info][gc,cpu         ] GC(353) User=1.20s Sys=0.00s Real=0.15s
.......[3335.097s][info][gc,start       ] GC(354) Pause Young (Normal) (G1 Evacuation Pause)
[3335.097s][info][gc,task        ] GC(354) Using 8 workers of 8 for evacuation
[3335.252s][info][gc,phases      ] GC(354)   Pre Evacuate Collection Set: 0.26ms
[3335.252s][info][gc,phases      ] GC(354)   Merge Heap Roots: 0.68ms
[3335.252s][info][gc,phases      ] GC(354)   Evacuate Collection Set: 153.84ms
[3335.252s][info][gc,phases      ] GC(354)   Post Evacuate Collection Set: 1.05ms
[3335.252s][info][gc,phases      ] GC(354)   Other: 0.07ms
[3335.253s][info][gc,heap        ] GC(354) Eden regions: 570->0(570)
[3335.253s][info][gc,heap        ] GC(354) Survivor regions: 44->44(77)
[3335.253s][info][gc,heap        ] GC(354) Old regions: 255->262
[3335.253s][info][gc,heap        ] GC(354) Humongous regions: 33->33
[3335.253s][info][gc,metaspace   ] GC(354) Metaspace: 29997K(30464K)->29997K(30464K) NonClass: 24584K(24832K)->24584K(24832K) Class: 5412K(5632K)->5412K(5632K)
[3335.253s][info][gc             ] GC(354) Pause Young (Normal) (G1 Evacuation Pause) 7184M->2683M(8192M) 156.045ms
[3335.253s][info][gc,cpu         ] GC(354) User=1.23s Sys=0.00s Real=0.15s
........[3342.602s][info][gc,start       ] GC(355) Pause Young (Normal) (G1 Evacuation Pause)
[3342.602s][info][gc,task        ] GC(355) Using 8 workers of 8 for evacuation
[3342.750s][info][gc,phases      ] GC(355)   Pre Evacuate Collection Set: 0.28ms
[3342.750s][info][gc,phases      ] GC(355)   Merge Heap Roots: 0.50ms
[3342.750s][info][gc,phases      ] GC(355)   Evacuate Collection Set: 146.00ms
[3342.750s][info][gc,phases      ] GC(355)   Post Evacuate Collection Set: 1.05ms
[3342.750s][info][gc,phases      ] GC(355)   Other: 0.07ms
[3342.750s][info][gc,heap        ] GC(355) Eden regions: 570->0(572)
[3342.750s][info][gc,heap        ] GC(355) Survivor regions: 44->42(77)
[3342.750s][info][gc,heap        ] GC(355) Old regions: 262->269
[3342.750s][info][gc,heap        ] GC(355) Humongous regions: 33->33
[3342.750s][info][gc,metaspace   ] GC(355) Metaspace: 29997K(30464K)->29997K(30464K) NonClass: 24584K(24832K)->24584K(24832K) Class: 5412K(5632K)->5412K(5632K)
[3342.750s][info][gc             ] GC(355) Pause Young (Normal) (G1 Evacuation Pause) 7243M->2727M(8192M) 148.037ms
[3342.750s][info][gc,cpu         ] GC(355) User=1.17s Sys=0.00s Real=0.15s
.......[3350.081s][info][gc,start       ] GC(356) Pause Young (Normal) (G1 Evacuation Pause)
[3350.081s][info][gc,task        ] GC(356) Using 8 workers of 8 for evacuation
[3350.234s][info][gc,phases      ] GC(356)   Pre Evacuate Collection Set: 0.26ms
[3350.234s][info][gc,phases      ] GC(356)   Merge Heap Roots: 0.53ms
[3350.234s][info][gc,phases      ] GC(356)   Evacuate Collection Set: 150.72ms
[3350.234s][info][gc,phases      ] GC(356)   Post Evacuate Collection Set: 1.07ms
[3350.234s][info][gc,phases      ] GC(356)   Other: 0.08ms
[3350.234s][info][gc,heap        ] GC(356) Eden regions: 572->0(571)
[3350.234s][info][gc,heap        ] GC(356) Survivor regions: 42->43(77)
[3350.234s][info][gc,heap        ] GC(356) Old regions: 269->276
[3350.234s][info][gc,heap        ] GC(356) Humongous regions: 33->33
[3350.234s][info][gc,metaspace   ] GC(356) Metaspace: 29997K(30464K)->29997K(30464K) NonClass: 24584K(24832K)->24584K(24832K) Class: 5412K(5632K)->5412K(5632K)
[3350.234s][info][gc             ] GC(356) Pause Young (Normal) (G1 Evacuation Pause) 7303M->2788M(8192M) 152.795ms
[3350.234s][info][gc,cpu         ] GC(356) User=1.21s Sys=0.00s Real=0.16s
........[3357.584s][info][gc,start       ] GC(357) Pause Young (Normal) (G1 Evacuation Pause)
[3357.584s][info][gc,task        ] GC(357) Using 8 workers of 8 for evacuation
[3357.733s][info][gc,phases      ] GC(357)   Pre Evacuate Collection Set: 0.24ms
[3357.733s][info][gc,phases      ] GC(357)   Merge Heap Roots: 0.52ms
[3357.733s][info][gc,phases      ] GC(357)   Evacuate Collection Set: 146.41ms
[3357.733s][info][gc,phases      ] GC(357)   Post Evacuate Collection Set: 1.03ms
[3357.733s][info][gc,phases      ] GC(357)   Other: 0.06ms
[3357.733s][info][gc,heap        ] GC(357) Eden regions: 571->0(572)
[3357.733s][info][gc,heap        ] GC(357) Survivor regions: 43->42(77)
[3357.733s][info][gc,heap        ] GC(357) Old regions: 276->283
[3357.733s][info][gc,heap        ] GC(357) Humongous regions: 33->33
[3357.733s][info][gc,metaspace   ] GC(357) Metaspace: 29997K(30464K)->29997K(30464K) NonClass: 24584K(24832K)->24584K(24832K) Class: 5412K(5632K)->5412K(5632K)
[3357.733s][info][gc             ] GC(357) Pause Young (Normal) (G1 Evacuation Pause) 7356M->2837M(8192M) 148.387ms
[3357.733s][info][gc,cpu         ] GC(357) User=1.17s Sys=0.00s Real=0.14s
....... (rIR:aIR:PR = 5120:5119:5119) (tPR = 76247) [OK] 
  3364s: Performance info:
         Transaction,    Success,    Partial,     Failed,   Receipts, AvgBarcode, 
             Overall,     307264,          0,          0,     291901,      59.47, 
         Response times:
             Request,    Success,    Partial,     Failed,   SkipFail,     Probes,    Samples,      min,      p50,      p90,      p95,      p99,      max, 
       TotalPurchase,     291901,          0,          0,          0,     285758,     310994,      300,     3300,     5800,     6900,    36000,   235000,
     InStorePurchase,     153605,          0,          0,          0,     150322,     163353,      400,     3200,     5800,     6800,    36000,   234000,
      OnlinePurchase,     107577,          0,          0,          0,     105705,     115029,      300,     3300,     5800,     6900,    36000,   233000,
        InstPurchase,      30719,          0,          0,          0,      29731,      32612,      500,     3600,     6000,     6900,    36000,   235000,
          AssocOfCat,        309,          0,          0,          0,        240,        333,    24000,    34000,    48600,    57300,   173940,   201000,
      AssocOfProduct,       3071,          0,          0,          0,       2805,       3241,      600,     4200,     6200,     7300,    42000,   161000,
      BusinessReport,        764,          0,          0,          0,        646,        803,    25000,    35000,    50000,    55000,   178000,   211000,
          CustBuyBeh,       3070,          0,          0,          0,       2867,       3371,      200,     3100,     5600,     6500,    34000,   160000,
       ProductReturn,       8149,          0,          0,          0,       7716,       8640,      200,     3500,     5900,     7000,    40000,   161000,

  3364s: (38%)   IR =   5258 [3365.064s][info][gc,start       ] GC(358) Pause Young (Normal) (G1 Evacuation Pause)
[3365.064s][info][gc,task        ] GC(358) Using 8 workers of 8 for evacuation
[3365.215s][info][gc,phases      ] GC(358)   Pre Evacuate Collection Set: 0.26ms
[3365.215s][info][gc,phases      ] GC(358)   Merge Heap Roots: 0.67ms
[3365.215s][info][gc,phases      ] GC(358)   Evacuate Collection Set: 149.04ms
[3365.215s][info][gc,phases      ] GC(358)   Post Evacuate Collection Set: 1.03ms
[3365.215s][info][gc,phases      ] GC(358)   Other: 0.08ms
[3365.215s][info][gc,heap        ] GC(358) Eden regions: 572->0(563)
[3365.215s][info][gc,heap        ] GC(358) Survivor regions: 42->43(77)
[3365.215s][info][gc,heap        ] GC(358) Old regions: 283->290
[3365.215s][info][gc,heap        ] GC(358) Humongous regions: 33->33
[3365.215s][info][gc,metaspace   ] GC(358) Metaspace: 29997K(30464K)->29997K(30464K) NonClass: 24584K(24832K)->24584K(24832K) Class: 5412K(5632K)->5412K(5632K)
[3365.215s][info][gc             ] GC(358) Pause Young (Normal) (G1 Evacuation Pause) 7413M->2901M(8192M) 151.197ms
[3365.215s][info][gc,cpu         ] GC(358) User=1.19s Sys=0.00s Real=0.15s
....|...[3372.255s][info][gc,start       ] GC(359) Pause Young (Normal) (G1 Evacuation Pause)
[3372.255s][info][gc,task        ] GC(359) Using 8 workers of 8 for evacuation
[3372.408s][info][gc,phases      ] GC(359)   Pre Evacuate Collection Set: 0.29ms
[3372.408s][info][gc,phases      ] GC(359)   Merge Heap Roots: 0.56ms
[3372.408s][info][gc,phases      ] GC(359)   Evacuate Collection Set: 150.80ms
[3372.408s][info][gc,phases      ] GC(359)   Post Evacuate Collection Set: 1.02ms
[3372.408s][info][gc,phases      ] GC(359)   Other: 0.06ms
[3372.408s][info][gc,heap        ] GC(359) Eden regions: 563->0(556)
[3372.408s][info][gc,heap        ] GC(359) Survivor regions: 43->43(76)
[3372.408s][info][gc,heap        ] GC(359) Old regions: 290->297
[3372.408s][info][gc,heap        ] GC(359) Humongous regions: 33->33
[3372.408s][info][gc,metaspace   ] GC(359) Metaspace: 29997K(30464K)->29997K(30464K) NonClass: 24584K(24832K)->24584K(24832K) Class: 5412K(5632K)->5412K(5632K)
[3372.408s][info][gc             ] GC(359) Pause Young (Normal) (G1 Evacuation Pause) 7405M->2961M(8192M) 152.853ms
[3372.408s][info][gc,cpu         ] GC(359) User=1.21s Sys=0.00s Real=0.15s
.......[3379.339s][info][gc,start       ] GC(360) Pause Young (Normal) (G1 Evacuation Pause)
[3379.339s][info][gc,task        ] GC(360) Using 8 workers of 8 for evacuation
[3379.489s][info][gc,phases      ] GC(360)   Pre Evacuate Collection Set: 0.26ms
[3379.489s][info][gc,phases      ] GC(360)   Merge Heap Roots: 0.54ms
[3379.489s][info][gc,phases      ] GC(360)   Evacuate Collection Set: 148.10ms
[3379.489s][info][gc,phases      ] GC(360)   Post Evacuate Collection Set: 1.00ms
[3379.489s][info][gc,phases      ] GC(360)   Other: 0.07ms
[3379.489s][info][gc,heap        ] GC(360) Eden regions: 556->0(551)
[3379.489s][info][gc,heap        ] GC(360) Survivor regions: 43->42(75)
[3379.489s][info][gc,heap        ] GC(360) Old regions: 297->304
[3379.489s][info][gc,heap        ] GC(360) Humongous regions: 33->33
[3379.489s][info][gc,metaspace   ] GC(360) Metaspace: 29999K(30464K)->29999K(30464K) NonClass: 24586K(24832K)->24586K(24832K) Class: 5412K(5632K)->5412K(5632K)
[3379.489s][info][gc             ] GC(360) Pause Young (Normal) (G1 Evacuation Pause) 7409M->3011M(8192M) 150.094ms
[3379.489s][info][gc,cpu         ] GC(360) User=1.19s Sys=0.00s Real=0.15s
.......[3386.357s][info][gc,start       ] GC(361) Pause Young (Normal) (G1 Evacuation Pause)
[3386.357s][info][gc,task        ] GC(361) Using 8 workers of 8 for evacuation
[3386.503s][info][gc,phases      ] GC(361)   Pre Evacuate Collection Set: 0.24ms
[3386.503s][info][gc,phases      ] GC(361)   Merge Heap Roots: 0.51ms
[3386.503s][info][gc,phases      ] GC(361)   Evacuate Collection Set: 144.61ms
[3386.503s][info][gc,phases      ] GC(361)   Post Evacuate Collection Set: 1.03ms
[3386.503s][info][gc,phases      ] GC(361)   Other: 0.06ms
[3386.503s][info][gc,heap        ] GC(361) Eden regions: 551->0(545)
[3386.503s][info][gc,heap        ] GC(361) Survivor regions: 42->41(75)
[3386.503s][info][gc,heap        ] GC(361) Old regions: 304->312
[3386.503s][info][gc,heap        ] GC(361) Humongous regions: 33->33
[3386.503s][info][gc,metaspace   ] GC(361) Metaspace: 29999K(30464K)->29999K(30464K) NonClass: 24586K(24832K)->24586K(24832K) Class: 5412K(5632K)->5412K(5632K)
[3386.503s][info][gc             ] GC(361) Pause Young (Normal) (G1 Evacuation Pause) 7419M->3060M(8192M) 146.586ms
[3386.503s][info][gc,cpu         ] GC(361) User=1.16s Sys=0.00s Real=0.15s
.......[3393.355s][info][gc,start       ] GC(362) Pause Young (Normal) (G1 Evacuation Pause)
[3393.355s][info][gc,task        ] GC(362) Using 8 workers of 8 for evacuation
[3393.502s][info][gc,phases      ] GC(362)   Pre Evacuate Collection Set: 0.27ms
[3393.502s][info][gc,phases      ] GC(362)   Merge Heap Roots: 0.52ms
[3393.502s][info][gc,phases      ] GC(362)   Evacuate Collection Set: 144.48ms
[3393.502s][info][gc,phases      ] GC(362)   Post Evacuate Collection Set: 1.00ms
[3393.502s][info][gc,phases      ] GC(362)   Other: 0.06ms
[3393.502s][info][gc,heap        ] GC(362) Eden regions: 545->0(538)
[3393.502s][info][gc,heap        ] GC(362) Survivor regions: 41->41(74)
[3393.502s][info][gc,heap        ] GC(362) Old regions: 312->319
[3393.502s][info][gc,heap        ] GC(362) Humongous regions: 33->33
[3393.502s][info][gc,metaspace   ] GC(362) Metaspace: 29999K(30464K)->29999K(30464K) NonClass: 24586K(24832K)->24586K(24832K) Class: 5412K(5632K)->5412K(5632K)
[3393.502s][info][gc             ] GC(362) Pause Young (Normal) (G1 Evacuation Pause) 7420M->3118M(8192M) 146.477ms
[3393.502s][info][gc,cpu         ] GC(362) User=1.16s Sys=0.00s Real=0.14s
.......[3400.165s][info][gc,start       ] GC(363) Pause Young (Concurrent Start) (G1 Evacuation Pause)
[3400.165s][info][gc,task        ] GC(363) Using 8 workers of 8 for evacuation
[3400.316s][info][gc,phases      ] GC(363)   Pre Evacuate Collection Set: 0.35ms
[3400.316s][info][gc,phases      ] GC(363)   Merge Heap Roots: 0.64ms
[3400.316s][info][gc,phases      ] GC(363)   Evacuate Collection Set: 148.93ms
[3400.316s][info][gc,phases      ] GC(363)   Post Evacuate Collection Set: 0.99ms
[3400.316s][info][gc,phases      ] GC(363)   Other: 0.10ms
[3400.316s][info][gc,heap        ] GC(363) Eden regions: 538->0(526)
[3400.316s][info][gc,heap        ] GC(363) Survivor regions: 41->43(73)
[3400.316s][info][gc,heap        ] GC(363) Old regions: 319->327
[3400.316s][info][gc,heap        ] GC(363) Humongous regions: 33->33
[3400.316s][info][gc,metaspace   ] GC(363) Metaspace: 29999K(30464K)->29999K(30464K) NonClass: 24586K(24832K)->24586K(24832K) Class: 5412K(5632K)->5412K(5632K)
[3400.316s][info][gc             ] GC(363) Pause Young (Concurrent Start) (G1 Evacuation Pause) 7422M->3196M(8192M) 151.166ms
[3400.316s][info][gc             ] GC(364) Concurrent Mark Cycle
[3400.316s][info][gc,marking     ] GC(364) Concurrent Scan Root Regions
[3400.316s][info][gc,cpu         ] GC(363) User=1.20s Sys=0.00s Real=0.15s
[3400.584s][info][gc,marking     ] GC(364) Concurrent Scan Root Regions 267.947ms
[3400.584s][info][gc,marking     ] GC(364) Concurrent Mark
[3400.584s][info][gc,marking     ] GC(364) Concurrent Mark From Roots
[3400.584s][info][gc,task        ] GC(364) Using 2 workers of 2 for marking
.[3401.259s][info][gc,marking     ] GC(364) Concurrent Mark From Roots 674.872ms
[3401.259s][info][gc,marking     ] GC(364) Concurrent Preclean
[3401.259s][info][gc,marking     ] GC(364) Concurrent Preclean 0.123ms
[3401.259s][info][gc,start       ] GC(364) Pause Remark
[3401.261s][info][gc             ] GC(364) Pause Remark 3868M->3260M(8192M) 1.929ms
[3401.261s][info][gc,cpu         ] GC(364) User=0.01s Sys=0.00s Real=0.00s
[3401.261s][info][gc,marking     ] GC(364) Concurrent Mark 677.263ms
[3401.261s][info][gc,marking     ] GC(364) Concurrent Rebuild Remembered Sets and Scrub Regions
.[3401.716s][info][gc,marking     ] GC(364) Concurrent Rebuild Remembered Sets and Scrub Regions 454.208ms
[3401.716s][info][gc,start       ] GC(364) Pause Cleanup
[3401.716s][info][gc             ] GC(364) Pause Cleanup 3510M->3510M(8192M) 0.278ms
[3401.716s][info][gc,cpu         ] GC(364) User=0.00s Sys=0.00s Real=0.00s
[3401.716s][info][gc,marking     ] GC(364) Concurrent Clear Claimed Marks
[3401.716s][info][gc,marking     ] GC(364) Concurrent Clear Claimed Marks 0.047ms
[3401.716s][info][gc,marking     ] GC(364) Concurrent Cleanup for Next Mark
[3401.723s][info][gc,marking     ] GC(364) Concurrent Cleanup for Next Mark 6.381ms
[3401.723s][info][gc             ] GC(364) Concurrent Mark Cycle 1406.536ms
.....[3406.907s][info][gc,start       ] GC(365) Pause Young (Prepare Mixed) (G1 Evacuation Pause)
[3406.907s][info][gc,task        ] GC(365) Using 8 workers of 8 for evacuation
[3407.053s][info][gc,phases      ] GC(365)   Pre Evacuate Collection Set: 0.25ms
[3407.053s][info][gc,phases      ] GC(365)   Merge Heap Roots: 0.70ms
[3407.053s][info][gc,phases      ] GC(365)   Evacuate Collection Set: 144.26ms
[3407.053s][info][gc,phases      ] GC(365)   Post Evacuate Collection Set: 1.06ms
[3407.053s][info][gc,phases      ] GC(365)   Other: 0.07ms
[3407.053s][info][gc,heap        ] GC(365) Eden regions: 526->0(573)
[3407.053s][info][gc,heap        ] GC(365) Survivor regions: 43->41(72)
[3407.053s][info][gc,heap        ] GC(365) Old regions: 251->258
[3407.053s][info][gc,heap        ] GC(365) Humongous regions: 33->33
[3407.053s][info][gc,metaspace   ] GC(365) Metaspace: 29999K(30464K)->29999K(30464K) NonClass: 24586K(24832K)->24586K(24832K) Class: 5412K(5632K)->5412K(5632K)
[3407.053s][info][gc             ] GC(365) Pause Young (Prepare Mixed) (G1 Evacuation Pause) 6796M->2634M(8192M) 146.470ms
[3407.053s][info][gc,cpu         ] GC(365) User=1.16s Sys=0.00s Real=0.14s
.......[3414.203s][info][gc,start       ] GC(366) Pause Young (Mixed) (G1 Evacuation Pause)
[3414.203s][info][gc,task        ] GC(366) Using 8 workers of 8 for evacuation
[3414.359s][info][gc,phases      ] GC(366)   Pre Evacuate Collection Set: 0.30ms
[3414.359s][info][gc,phases      ] GC(366)   Merge Heap Roots: 0.79ms
[3414.359s][info][gc,phases      ] GC(366)   Evacuate Collection Set: 153.77ms
[3414.359s][info][gc,phases      ] GC(366)   Post Evacuate Collection Set: 1.26ms
[3414.359s][info][gc,phases      ] GC(366)   Other: 0.09ms
[3414.359s][info][gc,heap        ] GC(366) Eden regions: 573->0(572)
[3414.359s][info][gc,heap        ] GC(366) Survivor regions: 41->42(77)
[3414.359s][info][gc,heap        ] GC(366) Old regions: 258->163
[3414.359s][info][gc,heap        ] GC(366) Humongous regions: 33->33
[3414.359s][info][gc,metaspace   ] GC(366) Metaspace: 29999K(30464K)->29999K(30464K) NonClass: 24586K(24832K)->24586K(24832K) Class: 5412K(5632K)->5412K(5632K)
[3414.359s][info][gc             ] GC(366) Pause Young (Mixed) (G1 Evacuation Pause) 7218M->1882M(8192M) 156.350ms
[3414.359s][info][gc,cpu         ] GC(366) User=1.24s Sys=0.00s Real=0.16s
.......[3421.510s][info][gc,start       ] GC(367) Pause Young (Mixed) (G1 Evacuation Pause)
[3421.510s][info][gc,task        ] GC(367) Using 8 workers of 8 for evacuation
[3421.664s][info][gc,phases      ] GC(367)   Pre Evacuate Collection Set: 0.28ms
[3421.664s][info][gc,phases      ] GC(367)   Merge Heap Roots: 0.82ms
[3421.664s][info][gc,phases      ] GC(367)   Evacuate Collection Set: 152.49ms
[3421.664s][info][gc,phases      ] GC(367)   Post Evacuate Collection Set: 1.08ms
[3421.664s][info][gc,phases      ] GC(367)   Other: 0.09ms
[3421.664s][info][gc,heap        ] GC(367) Eden regions: 572->0(572)
[3421.664s][info][gc,heap        ] GC(367) Survivor regions: 42->42(77)
[3421.664s][info][gc,heap        ] GC(367) Old regions: 163->142
[3421.664s][info][gc,heap        ] GC(367) Humongous regions: 33->33
[3421.664s][info][gc,metaspace   ] GC(367) Metaspace: 29999K(30464K)->29999K(30464K) NonClass: 24586K(24832K)->24586K(24832K) Class: 5412K(5632K)->5412K(5632K)
[3421.664s][info][gc             ] GC(367) Pause Young (Mixed) (G1 Evacuation Pause) 6458M->1714M(8192M) 154.911ms
[3421.664s][info][gc,cpu         ] GC(367) User=1.23s Sys=0.00s Real=0.16s
........ (rIR:aIR:PR = 5258:5258:5257) (tPR = 77939) [OK] 
  3428s: Performance info:
         Transaction,    Success,    Partial,     Failed,   Receipts, AvgBarcode, 
             Overall,     315762,          0,          0,     299997,      59.48, 
         Response times:
             Request,    Success,    Partial,     Failed,   SkipFail,     Probes,    Samples,      min,      p50,      p90,      p95,      p99,      max, 
       TotalPurchase,     300033,          0,          0,          0,     293954,     315081,      300,     3400,     6000,     7000,    38000,   205000,
     InStorePurchase,     157976,          0,          0,          0,     155011,     165968,      300,     3400,     6000,     7000,    37000,   205000,
      OnlinePurchase,     110480,          0,          0,          0,     108331,     115988,      300,     3500,     6100,     7100,    39000,   205000,
        InstPurchase,      31577,          0,          0,          0,      30612,      33125,      500,     3200,     6000,     7100,    45000,   205000,
          AssocOfCat,        316,          0,          0,          0,        239,        313,    23000,    35000,    46600,    52300,    86900,   184000,
      AssocOfProduct,       3160,          0,          0,          0,       2951,       3396,      700,     3300,     5900,     7000,    43000,   162000,
      BusinessReport,        786,          0,          0,          0,        656,        817,    24000,    36000,    50000,    56100,   134000,   214000,
          CustBuyBeh,       3154,          0,          0,          0,       2884,       3317,      300,     3800,     6300,     7400,    39820,   163000,
       ProductReturn,       8355,          0,          0,          0,       7972,       8774,      300,     3700,     6000,     7200,    44000,   204000,

  3428s: (39%)   IR =   5396 [3428.812s][info][gc,start       ] GC(368) Pause Young (Normal) (G1 Evacuation Pause)
[3428.813s][info][gc,task        ] GC(368) Using 8 workers of 8 for evacuation
[3428.970s][info][gc,phases      ] GC(368)   Pre Evacuate Collection Set: 0.27ms
[3428.970s][info][gc,phases      ] GC(368)   Merge Heap Roots: 0.60ms
[3428.970s][info][gc,phases      ] GC(368)   Evacuate Collection Set: 155.20ms
[3428.970s][info][gc,phases      ] GC(368)   Post Evacuate Collection Set: 1.07ms
[3428.970s][info][gc,phases      ] GC(368)   Other: 0.06ms
[3428.970s][info][gc,heap        ] GC(368) Eden regions: 572->0(570)
[3428.970s][info][gc,heap        ] GC(368) Survivor regions: 42->44(77)
[3428.970s][info][gc,heap        ] GC(368) Old regions: 142->150
[3428.970s][info][gc,heap        ] GC(368) Humongous regions: 33->33
[3428.970s][info][gc,metaspace   ] GC(368) Metaspace: 30000K(30464K)->30000K(30464K) NonClass: 24587K(24832K)->24587K(24832K) Class: 5412K(5632K)->5412K(5632K)
[3428.970s][info][gc             ] GC(368) Pause Young (Normal) (G1 Evacuation Pause) 6290M->1788M(8192M) 157.334ms
[3428.970s][info][gc,cpu         ] GC(368) User=1.24s Sys=0.00s Real=0.16s
....|...[3436.017s][info][gc,start       ] GC(369) Pause Young (Normal) (G1 Evacuation Pause)
[3436.017s][info][gc,task        ] GC(369) Using 8 workers of 8 for evacuation
[3436.167s][info][gc,phases      ] GC(369)   Pre Evacuate Collection Set: 0.28ms
[3436.167s][info][gc,phases      ] GC(369)   Merge Heap Roots: 0.59ms
[3436.167s][info][gc,phases      ] GC(369)   Evacuate Collection Set: 147.39ms
[3436.167s][info][gc,phases      ] GC(369)   Post Evacuate Collection Set: 1.09ms
[3436.167s][info][gc,phases      ] GC(369)   Other: 0.06ms
[3436.167s][info][gc,heap        ] GC(369) Eden regions: 570->0(571)
[3436.167s][info][gc,heap        ] GC(369) Survivor regions: 44->43(77)
[3436.167s][info][gc,heap        ] GC(369) Old regions: 150->156
[3436.167s][info][gc,heap        ] GC(369) Humongous regions: 33->33
[3436.167s][info][gc,metaspace   ] GC(369) Metaspace: 30000K(30464K)->30000K(30464K) NonClass: 24587K(24832K)->24587K(24832K) Class: 5412K(5632K)->5412K(5632K)
[3436.167s][info][gc             ] GC(369) Pause Young (Normal) (G1 Evacuation Pause) 6348M->1835M(8192M) 149.555ms
[3436.167s][info][gc,cpu         ] GC(369) User=1.19s Sys=0.00s Real=0.15s
.......[3442.993s][info][gc,start       ] GC(370) Pause Young (Normal) (G1 Evacuation Pause)
[3442.994s][info][gc,task        ] GC(370) Using 8 workers of 8 for evacuation
[3443.145s][info][gc,phases      ] GC(370)   Pre Evacuate Collection Set: 0.26ms
[3443.145s][info][gc,phases      ] GC(370)   Merge Heap Roots: 0.67ms
[3443.145s][info][gc,phases      ] GC(370)   Evacuate Collection Set: 149.32ms
[3443.145s][info][gc,phases      ] GC(370)   Post Evacuate Collection Set: 1.01ms
[3443.145s][info][gc,phases      ] GC(370)   Other: 0.08ms
[3443.145s][info][gc,heap        ] GC(370) Eden regions: 571->0(571)
[3443.145s][info][gc,heap        ] GC(370) Survivor regions: 43->43(77)
[3443.145s][info][gc,heap        ] GC(370) Old regions: 156->163
[3443.145s][info][gc,heap        ] GC(370) Humongous regions: 33->33
[3443.145s][info][gc,metaspace   ] GC(370) Metaspace: 30000K(30464K)->30000K(30464K) NonClass: 24587K(24832K)->24587K(24832K) Class: 5412K(5632K)->5412K(5632K)
[3443.145s][info][gc             ] GC(370) Pause Young (Normal) (G1 Evacuation Pause) 6403M->1891M(8192M) 151.476ms
[3443.145s][info][gc,cpu         ] GC(370) User=1.19s Sys=0.00s Real=0.15s
.......[3450.156s][info][gc,start       ] GC(371) Pause Young (Normal) (G1 Evacuation Pause)
[3450.156s][info][gc,task        ] GC(371) Using 8 workers of 8 for evacuation
[3450.304s][info][gc,phases      ] GC(371)   Pre Evacuate Collection Set: 0.25ms
[3450.304s][info][gc,phases      ] GC(371)   Merge Heap Roots: 0.59ms
[3450.304s][info][gc,phases      ] GC(371)   Evacuate Collection Set: 146.06ms
[3450.304s][info][gc,phases      ] GC(371)   Post Evacuate Collection Set: 1.00ms
[3450.304s][info][gc,phases      ] GC(371)   Other: 0.06ms
[3450.304s][info][gc,heap        ] GC(371) Eden regions: 571->0(571)
[3450.304s][info][gc,heap        ] GC(371) Survivor regions: 43->43(77)
[3450.304s][info][gc,heap        ] GC(371) Old regions: 163->170
[3450.304s][info][gc,heap        ] GC(371) Humongous regions: 33->33
[3450.304s][info][gc,metaspace   ] GC(371) Metaspace: 30000K(30464K)->30000K(30464K) NonClass: 24587K(24832K)->24587K(24832K) Class: 5412K(5632K)->5412K(5632K)
[3450.304s][info][gc             ] GC(371) Pause Young (Normal) (G1 Evacuation Pause) 6459M->1943M(8192M) 148.102ms
[3450.304s][info][gc,cpu         ] GC(371) User=1.17s Sys=0.00s Real=0.15s
.......[3457.154s][info][gc,start       ] GC(372) Pause Young (Normal) (G1 Evacuation Pause)
[3457.154s][info][gc,task        ] GC(372) Using 8 workers of 8 for evacuation
[3457.307s][info][gc,phases      ] GC(372)   Pre Evacuate Collection Set: 0.24ms
[3457.307s][info][gc,phases      ] GC(372)   Merge Heap Roots: 0.53ms
[3457.307s][info][gc,phases      ] GC(372)   Evacuate Collection Set: 150.40ms
[3457.307s][info][gc,phases      ] GC(372)   Post Evacuate Collection Set: 1.03ms
[3457.307s][info][gc,phases      ] GC(372)   Other: 0.08ms
[3457.307s][info][gc,heap        ] GC(372) Eden regions: 571->0(570)
[3457.307s][info][gc,heap        ] GC(372) Survivor regions: 43->44(77)
[3457.307s][info][gc,heap        ] GC(372) Old regions: 170->177
[3457.307s][info][gc,heap        ] GC(372) Humongous regions: 33->33
[3457.307s][info][gc,metaspace   ] GC(372) Metaspace: 30000K(30464K)->30000K(30464K) NonClass: 24587K(24832K)->24587K(24832K) Class: 5412K(5632K)->5412K(5632K)
[3457.307s][info][gc             ] GC(372) Pause Young (Normal) (G1 Evacuation Pause) 6511M->2007M(8192M) 152.407ms
[3457.307s][info][gc,cpu         ] GC(372) User=1.21s Sys=0.00s Real=0.15s
.......[3464.320s][info][gc,start       ] GC(373) Pause Young (Normal) (G1 Evacuation Pause)
[3464.320s][info][gc,task        ] GC(373) Using 8 workers of 8 for evacuation
[3464.469s][info][gc,phases      ] GC(373)   Pre Evacuate Collection Set: 0.26ms
[3464.469s][info][gc,phases      ] GC(373)   Merge Heap Roots: 0.66ms
[3464.469s][info][gc,phases      ] GC(373)   Evacuate Collection Set: 147.10ms
[3464.469s][info][gc,phases      ] GC(373)   Post Evacuate Collection Set: 1.03ms
[3464.469s][info][gc,phases      ] GC(373)   Other: 0.06ms
[3464.469s][info][gc,heap        ] GC(373) Eden regions: 570->0(573)
[3464.469s][info][gc,heap        ] GC(373) Survivor regions: 44->41(77)
[3464.469s][info][gc,heap        ] GC(373) Old regions: 177->184
[3464.469s][info][gc,heap        ] GC(373) Humongous regions: 33->33
[3464.469s][info][gc,metaspace   ] GC(373) Metaspace: 30000K(30464K)->30000K(30464K) NonClass: 24587K(24832K)->24587K(24832K) Class: 5412K(5632K)->5412K(5632K)
[3464.469s][info][gc             ] GC(373) Pause Young (Normal) (G1 Evacuation Pause) 6567M->2043M(8192M) 149.232ms
[3464.469s][info][gc,cpu         ] GC(373) User=1.19s Sys=0.00s Real=0.15s
.......[3471.418s][info][gc,start       ] GC(374) Pause Young (Normal) (G1 Evacuation Pause)
[3471.418s][info][gc,task        ] GC(374) Using 8 workers of 8 for evacuation
[3471.567s][info][gc,phases      ] GC(374)   Pre Evacuate Collection Set: 0.26ms
[3471.567s][info][gc,phases      ] GC(374)   Merge Heap Roots: 0.55ms
[3471.567s][info][gc,phases      ] GC(374)   Evacuate Collection Set: 147.28ms
[3471.567s][info][gc,phases      ] GC(374)   Post Evacuate Collection Set: 1.06ms
[3471.567s][info][gc,phases      ] GC(374)   Other: 0.08ms
[3471.567s][info][gc,heap        ] GC(374) Eden regions: 573->0(571)
[3471.567s][info][gc,heap        ] GC(374) Survivor regions: 41->43(77)
[3471.567s][info][gc,heap        ] GC(374) Old regions: 184->191
[3471.567s][info][gc,heap        ] GC(374) Humongous regions: 33->33
[3471.567s][info][gc,metaspace   ] GC(374) Metaspace: 30000K(30464K)->30000K(30464K) NonClass: 24587K(24832K)->24587K(24832K) Class: 5412K(5632K)->5412K(5632K)
[3471.567s][info][gc             ] GC(374) Pause Young (Normal) (G1 Evacuation Pause) 6627M->2111M(8192M) 149.356ms
[3471.567s][info][gc,cpu         ] GC(374) User=1.18s Sys=0.00s Real=0.15s
.......[3478.535s][info][gc,start       ] GC(375) Pause Young (Normal) (G1 Evacuation Pause)
[3478.535s][info][gc,task        ] GC(375) Using 8 workers of 8 for evacuation
[3478.685s][info][gc,phases      ] GC(375)   Pre Evacuate Collection Set: 0.28ms
[3478.685s][info][gc,phases      ] GC(375)   Merge Heap Roots: 0.68ms
[3478.685s][info][gc,phases      ] GC(375)   Evacuate Collection Set: 147.75ms
[3478.685s][info][gc,phases      ] GC(375)   Post Evacuate Collection Set: 1.03ms
[3478.685s][info][gc,phases      ] GC(375)   Other: 0.07ms
[3478.685s][info][gc,heap        ] GC(375) Eden regions: 571->0(572)
[3478.685s][info][gc,heap        ] GC(375) Survivor regions: 43->42(77)
[3478.685s][info][gc,heap        ] GC(375) Old regions: 191->198
[3478.685s][info][gc,heap        ] GC(375) Humongous regions: 33->33
[3478.685s][info][gc,metaspace   ] GC(375) Metaspace: 30000K(30464K)->30000K(30464K) NonClass: 24587K(24832K)->24587K(24832K) Class: 5412K(5632K)->5412K(5632K)
[3478.685s][info][gc             ] GC(375) Pause Young (Normal) (G1 Evacuation Pause) 6679M->2163M(8192M) 149.950ms
[3478.685s][info][gc,cpu         ] GC(375) User=1.19s Sys=0.00s Real=0.15s
.......[3485.613s][info][gc,start       ] GC(376) Pause Young (Normal) (G1 Evacuation Pause)
[3485.613s][info][gc,task        ] GC(376) Using 8 workers of 8 for evacuation
[3485.761s][info][gc,phases      ] GC(376)   Pre Evacuate Collection Set: 0.26ms
[3485.761s][info][gc,phases      ] GC(376)   Merge Heap Roots: 0.58ms
[3485.761s][info][gc,phases      ] GC(376)   Evacuate Collection Set: 146.13ms
[3485.761s][info][gc,phases      ] GC(376)   Post Evacuate Collection Set: 1.02ms
[3485.761s][info][gc,phases      ] GC(376)   Other: 0.06ms
[3485.761s][info][gc,heap        ] GC(376) Eden regions: 572->0(571)
[3485.761s][info][gc,heap        ] GC(376) Survivor regions: 42->43(77)
[3485.761s][info][gc,heap        ] GC(376) Old regions: 198->205
[3485.761s][info][gc,heap        ] GC(376) Humongous regions: 33->33
[3485.761s][info][gc,metaspace   ] GC(376) Metaspace: 30000K(30464K)->30000K(30464K) NonClass: 24587K(24832K)->24587K(24832K) Class: 5412K(5632K)->5412K(5632K)
[3485.761s][info][gc             ] GC(376) Pause Young (Normal) (G1 Evacuation Pause) 6739M->2227M(8192M) 148.189ms
[3485.761s][info][gc,cpu         ] GC(376) User=1.18s Sys=0.01s Real=0.15s
.......[3492.714s][info][gc,start       ] GC(377) Pause Young (Normal) (G1 Evacuation Pause)
[3492.714s][info][gc,task        ] GC(377) Using 8 workers of 8 for evacuation
[3492.864s][info][gc,phases      ] GC(377)   Pre Evacuate Collection Set: 0.26ms
[3492.864s][info][gc,phases      ] GC(377)   Merge Heap Roots: 0.62ms
[3492.864s][info][gc,phases      ] GC(377)   Evacuate Collection Set: 148.40ms
[3492.864s][info][gc,phases      ] GC(377)   Post Evacuate Collection Set: 1.05ms
[3492.864s][info][gc,phases      ] GC(377)   Other: 0.06ms
[3492.864s][info][gc,heap        ] GC(377) Eden regions: 571->0(571)
[3492.864s][info][gc,heap        ] GC(377) Survivor regions: 43->43(77)
[3492.864s][info][gc,heap        ] GC(377) Old regions: 205->213
[3492.864s][info][gc,heap        ] GC(377) Humongous regions: 33->33
[3492.864s][info][gc,metaspace   ] GC(377) Metaspace: 30000K(30464K)->30000K(30464K) NonClass: 24587K(24832K)->24587K(24832K) Class: 5412K(5632K)->5412K(5632K)
[3492.864s][info][gc             ] GC(377) Pause Young (Normal) (G1 Evacuation Pause) 6795M->2280M(8192M) 150.542ms
[3492.865s][info][gc,cpu         ] GC(377) User=1.18s Sys=0.01s Real=0.15s
. (rIR:aIR:PR = 5396:5384:5383) (tPR = 80756) [OK] 
  3492s: Performance info:
         Transaction,    Success,    Partial,     Failed,   Receipts, AvgBarcode, 
             Overall,     323685,          0,          0,     307490,      59.48, 
         Response times:
             Request,    Success,    Partial,     Failed,   SkipFail,     Probes,    Samples,      min,      p50,      p90,      p95,      p99,      max, 
       TotalPurchase,     307569,          0,          0,          0,     301589,     323263,      300,     3500,     6200,     7300,    44000,   290000,
     InStorePurchase,     161907,          0,          0,          0,     159278,     170609,      300,     3500,     6200,     7300,    43000,   289000,
      OnlinePurchase,     113256,          0,          0,          0,     110800,     118635,      300,     3500,     6200,     7300,    44000,   290000,
        InstPurchase,      32406,          0,          0,          0,      31511,      34019,      500,     3600,     6200,     7400,    45000,   219000,
          AssocOfCat,        323,          0,          0,          0,        251,        327,    27000,    34000,    45000,    53000,   157200,   217000,
      AssocOfProduct,       3246,          0,          0,          0,       2992,       3374,      500,     3500,     6300,     7200,    41000,   161000,
      BusinessReport,        811,          0,          0,          0,        704,        883,    24000,    36000,    50000,    56000,    96000,   217000,
          CustBuyBeh,       3239,          0,          0,          0,       2948,       3367,      600,     3400,     5800,     7000,    42000,   161000,
       ProductReturn,       8578,          0,          0,          0,       8126,       8900,      200,     3000,     5900,     7000,    43000,   218000,

  3492s: (40%)   IR =   5535 ......|[3499.725s][info][gc,start       ] GC(378) Pause Young (Normal) (G1 Evacuation Pause)
[3499.725s][info][gc,task        ] GC(378) Using 8 workers of 8 for evacuation
[3499.876s][info][gc,phases      ] GC(378)   Pre Evacuate Collection Set: 0.28ms
[3499.876s][info][gc,phases      ] GC(378)   Merge Heap Roots: 0.69ms
[3499.876s][info][gc,phases      ] GC(378)   Evacuate Collection Set: 148.82ms
[3499.876s][info][gc,phases      ] GC(378)   Post Evacuate Collection Set: 1.09ms
[3499.876s][info][gc,phases      ] GC(378)   Other: 0.07ms
[3499.876s][info][gc,heap        ] GC(378) Eden regions: 571->0(571)
[3499.876s][info][gc,heap        ] GC(378) Survivor regions: 43->43(77)
[3499.876s][info][gc,heap        ] GC(378) Old regions: 213->219
[3499.876s][info][gc,heap        ] GC(378) Humongous regions: 33->33
[3499.876s][info][gc,metaspace   ] GC(378) Metaspace: 30000K(30464K)->30000K(30464K) NonClass: 24587K(24832K)->24587K(24832K) Class: 5412K(5632K)->5412K(5632K)
[3499.876s][info][gc             ] GC(378) Pause Young (Normal) (G1 Evacuation Pause) 6848M->2339M(8192M) 151.093ms
[3499.876s][info][gc,cpu         ] GC(378) User=1.20s Sys=0.00s Real=0.15s
.......[3506.609s][info][gc,start       ] GC(379) Pause Young (Normal) (G1 Evacuation Pause)
[3506.609s][info][gc,task        ] GC(379) Using 8 workers of 8 for evacuation
[3506.759s][info][gc,phases      ] GC(379)   Pre Evacuate Collection Set: 0.25ms
[3506.759s][info][gc,phases      ] GC(379)   Merge Heap Roots: 0.55ms
[3506.759s][info][gc,phases      ] GC(379)   Evacuate Collection Set: 148.97ms
[3506.759s][info][gc,phases      ] GC(379)   Post Evacuate Collection Set: 1.02ms
[3506.759s][info][gc,phases      ] GC(379)   Other: 0.07ms
[3506.760s][info][gc,heap        ] GC(379) Eden regions: 571->0(571)
[3506.760s][info][gc,heap        ] GC(379) Survivor regions: 43->43(77)
[3506.760s][info][gc,heap        ] GC(379) Old regions: 219->227
[3506.760s][info][gc,heap        ] GC(379) Humongous regions: 33->33
[3506.760s][info][gc,metaspace   ] GC(379) Metaspace: 30000K(30464K)->30000K(30464K) NonClass: 24587K(24832K)->24587K(24832K) Class: 5412K(5632K)->5412K(5632K)
[3506.760s][info][gc             ] GC(379) Pause Young (Normal) (G1 Evacuation Pause) 6907M->2393M(8192M) 150.994ms
[3506.760s][info][gc,cpu         ] GC(379) User=1.20s Sys=0.00s Real=0.15s
.......[3513.517s][info][gc,start       ] GC(380) Pause Young (Normal) (G1 Evacuation Pause)
[3513.517s][info][gc,task        ] GC(380) Using 8 workers of 8 for evacuation
[3513.669s][info][gc,phases      ] GC(380)   Pre Evacuate Collection Set: 0.24ms
[3513.669s][info][gc,phases      ] GC(380)   Merge Heap Roots: 0.63ms
[3513.670s][info][gc,phases      ] GC(380)   Evacuate Collection Set: 150.92ms
[3513.670s][info][gc,phases      ] GC(380)   Post Evacuate Collection Set: 1.02ms
[3513.670s][info][gc,phases      ] GC(380)   Other: 0.06ms
[3513.670s][info][gc,heap        ] GC(380) Eden regions: 571->0(571)
[3513.670s][info][gc,heap        ] GC(380) Survivor regions: 43->43(77)
[3513.670s][info][gc,heap        ] GC(380) Old regions: 227->234
[3513.670s][info][gc,heap        ] GC(380) Humongous regions: 33->33
[3513.670s][info][gc,metaspace   ] GC(380) Metaspace: 30000K(30464K)->30000K(30464K) NonClass: 24587K(24832K)->24587K(24832K) Class: 5412K(5632K)->5412K(5632K)
[3513.670s][info][gc             ] GC(380) Pause Young (Normal) (G1 Evacuation Pause) 6961M->2455M(8192M) 152.999ms
[3513.670s][info][gc,cpu         ] GC(380) User=1.21s Sys=0.00s Real=0.15s
.......[3520.424s][info][gc,start       ] GC(381) Pause Young (Normal) (G1 Evacuation Pause)
[3520.424s][info][gc,task        ] GC(381) Using 8 workers of 8 for evacuation
[3520.581s][info][gc,phases      ] GC(381)   Pre Evacuate Collection Set: 0.25ms
[3520.581s][info][gc,phases      ] GC(381)   Merge Heap Roots: 0.54ms
[3520.581s][info][gc,phases      ] GC(381)   Evacuate Collection Set: 154.95ms
[3520.581s][info][gc,phases      ] GC(381)   Post Evacuate Collection Set: 1.06ms
[3520.581s][info][gc,phases      ] GC(381)   Other: 0.07ms
[3520.581s][info][gc,heap        ] GC(381) Eden regions: 571->0(570)
[3520.581s][info][gc,heap        ] GC(381) Survivor regions: 43->44(77)
[3520.581s][info][gc,heap        ] GC(381) Old regions: 234->241
[3520.581s][info][gc,heap        ] GC(381) Humongous regions: 33->33
[3520.581s][info][gc,metaspace   ] GC(381) Metaspace: 30001K(30464K)->30001K(30464K) NonClass: 24588K(24832K)->24588K(24832K) Class: 5412K(5632K)->5412K(5632K)
[3520.581s][info][gc             ] GC(381) Pause Young (Normal) (G1 Evacuation Pause) 7023M->2517M(8192M) 157.015ms
[3520.581s][info][gc,cpu         ] GC(381) User=1.24s Sys=0.00s Real=0.15s
.......[3527.408s][info][gc,start       ] GC(382) Pause Young (Normal) (G1 Evacuation Pause)
[3527.408s][info][gc,task        ] GC(382) Using 8 workers of 8 for evacuation
[3527.559s][info][gc,phases      ] GC(382)   Pre Evacuate Collection Set: 0.26ms
[3527.559s][info][gc,phases      ] GC(382)   Merge Heap Roots: 0.58ms
[3527.559s][info][gc,phases      ] GC(382)   Evacuate Collection Set: 149.02ms
[3527.559s][info][gc,phases      ] GC(382)   Post Evacuate Collection Set: 1.05ms
[3527.559s][info][gc,phases      ] GC(382)   Other: 0.06ms
[3527.559s][info][gc,heap        ] GC(382) Eden regions: 570->0(571)
[3527.559s][info][gc,heap        ] GC(382) Survivor regions: 44->43(77)
[3527.559s][info][gc,heap        ] GC(382) Old regions: 241->248
[3527.559s][info][gc,heap        ] GC(382) Humongous regions: 33->33
[3527.559s][info][gc,metaspace   ] GC(382) Metaspace: 30001K(30464K)->30001K(30464K) NonClass: 24588K(24832K)->24588K(24832K) Class: 5412K(5632K)->5412K(5632K)
[3527.559s][info][gc             ] GC(382) Pause Young (Normal) (G1 Evacuation Pause) 7077M->2569M(8192M) 151.093ms
[3527.559s][info][gc,cpu         ] GC(382) User=1.20s Sys=0.00s Real=0.15s
.......[3534.285s][info][gc,start       ] GC(383) Pause Young (Normal) (G1 Evacuation Pause)
[3534.285s][info][gc,task        ] GC(383) Using 8 workers of 8 for evacuation
[3534.436s][info][gc,phases      ] GC(383)   Pre Evacuate Collection Set: 0.29ms
[3534.436s][info][gc,phases      ] GC(383)   Merge Heap Roots: 0.68ms
[3534.436s][info][gc,phases      ] GC(383)   Evacuate Collection Set: 148.51ms
[3534.436s][info][gc,phases      ] GC(383)   Post Evacuate Collection Set: 1.01ms
[3534.436s][info][gc,phases      ] GC(383)   Other: 0.08ms
[3534.436s][info][gc,heap        ] GC(383) Eden regions: 571->0(572)
[3534.436s][info][gc,heap        ] GC(383) Survivor regions: 43->42(77)
[3534.436s][info][gc,heap        ] GC(383) Old regions: 248->255
[3534.436s][info][gc,heap        ] GC(383) Humongous regions: 33->33
[3534.436s][info][gc,metaspace   ] GC(383) Metaspace: 30001K(30464K)->30001K(30464K) NonClass: 24588K(24832K)->24588K(24832K) Class: 5412K(5632K)->5412K(5632K)
[3534.436s][info][gc             ] GC(383) Pause Young (Normal) (G1 Evacuation Pause) 7137M->2617M(8192M) 150.692ms
[3534.436s][info][gc,cpu         ] GC(383) User=1.19s Sys=0.00s Real=0.15s
.......[3541.287s][info][gc,start       ] GC(384) Pause Young (Normal) (G1 Evacuation Pause)
[3541.287s][info][gc,task        ] GC(384) Using 8 workers of 8 for evacuation
[3541.438s][info][gc,phases      ] GC(384)   Pre Evacuate Collection Set: 0.25ms
[3541.438s][info][gc,phases      ] GC(384)   Merge Heap Roots: 0.56ms
[3541.438s][info][gc,phases      ] GC(384)   Evacuate Collection Set: 149.11ms
[3541.438s][info][gc,phases      ] GC(384)   Post Evacuate Collection Set: 1.04ms
[3541.438s][info][gc,phases      ] GC(384)   Other: 0.06ms
[3541.438s][info][gc,heap        ] GC(384) Eden regions: 572->0(571)
[3541.438s][info][gc,heap        ] GC(384) Survivor regions: 42->43(77)
[3541.438s][info][gc,heap        ] GC(384) Old regions: 255->262
[3541.438s][info][gc,heap        ] GC(384) Humongous regions: 33->33
[3541.438s][info][gc,metaspace   ] GC(384) Metaspace: 30001K(30464K)->30001K(30464K) NonClass: 24588K(24832K)->24588K(24832K) Class: 5412K(5632K)->5412K(5632K)
[3541.438s][info][gc             ] GC(384) Pause Young (Normal) (G1 Evacuation Pause) 7193M->2679M(8192M) 151.164ms
[3541.438s][info][gc,cpu         ] GC(384) User=1.20s Sys=0.00s Real=0.15s
.......[3548.207s][info][gc,start       ] GC(385) Pause Young (Normal) (G1 Evacuation Pause)
[3548.207s][info][gc,task        ] GC(385) Using 8 workers of 8 for evacuation
[3548.358s][info][gc,phases      ] GC(385)   Pre Evacuate Collection Set: 0.25ms
[3548.358s][info][gc,phases      ] GC(385)   Merge Heap Roots: 0.62ms
[3548.358s][info][gc,phases      ] GC(385)   Evacuate Collection Set: 149.06ms
[3548.358s][info][gc,phases      ] GC(385)   Post Evacuate Collection Set: 1.03ms
[3548.358s][info][gc,phases      ] GC(385)   Other: 0.06ms
[3548.358s][info][gc,heap        ] GC(385) Eden regions: 571->0(571)
[3548.358s][info][gc,heap        ] GC(385) Survivor regions: 43->43(77)
[3548.358s][info][gc,heap        ] GC(385) Old regions: 262->269
[3548.358s][info][gc,heap        ] GC(385) Humongous regions: 33->33
[3548.358s][info][gc,metaspace   ] GC(385) Metaspace: 30001K(30464K)->30001K(30464K) NonClass: 24588K(24832K)->24588K(24832K) Class: 5412K(5632K)->5412K(5632K)
[3548.358s][info][gc             ] GC(385) Pause Young (Normal) (G1 Evacuation Pause) 7247M->2733M(8192M) 151.143ms
[3548.358s][info][gc,cpu         ] GC(385) User=1.19s Sys=0.00s Real=0.15s
.......[3555.029s][info][gc,start       ] GC(386) Pause Young (Normal) (G1 Evacuation Pause)
[3555.029s][info][gc,task        ] GC(386) Using 8 workers of 8 for evacuation
[3555.183s][info][gc,phases      ] GC(386)   Pre Evacuate Collection Set: 0.26ms
[3555.183s][info][gc,phases      ] GC(386)   Merge Heap Roots: 0.55ms
[3555.183s][info][gc,phases      ] GC(386)   Evacuate Collection Set: 152.58ms
[3555.183s][info][gc,phases      ] GC(386)   Post Evacuate Collection Set: 1.06ms
[3555.183s][info][gc,phases      ] GC(386)   Other: 0.07ms
[3555.183s][info][gc,heap        ] GC(386) Eden regions: 571->0(570)
[3555.183s][info][gc,heap        ] GC(386) Survivor regions: 43->44(77)
[3555.183s][info][gc,heap        ] GC(386) Old regions: 269->276
[3555.183s][info][gc,heap        ] GC(386) Humongous regions: 33->33
[3555.183s][info][gc,metaspace   ] GC(386) Metaspace: 30001K(30464K)->30001K(30464K) NonClass: 24588K(24832K)->24588K(24832K) Class: 5412K(5632K)->5412K(5632K)
[3555.183s][info][gc             ] GC(386) Pause Young (Normal) (G1 Evacuation Pause) 7301M->2799M(8192M) 154.654ms
[3555.183s][info][gc,cpu         ] GC(386) User=1.23s Sys=0.00s Real=0.16s
.... (rIR:aIR:PR = 5535:5533:5533) (tPR = 81681) [OK] 
  3558s: Performance info:
         Transaction,    Success,    Partial,     Failed,   Receipts, AvgBarcode, 
             Overall,     332139,          0,          0,     315532,      59.48, 
         Response times:
             Request,    Success,    Partial,     Failed,   SkipFail,     Probes,    Samples,      min,      p50,      p90,      p95,      p99,      max, 
       TotalPurchase,     315532,          0,          0,          0,     310866,     343250,      300,     3600,     6500,     7900,    50000,   294000,
     InStorePurchase,     166048,          0,          0,          0,     164236,     180981,      400,     3500,     6500,     7900,    50000,   294000,
      OnlinePurchase,     116255,          0,          0,          0,     114230,     126123,      300,     3700,     6600,     8000,    51000,   294000,
        InstPurchase,      33229,          0,          0,          0,      32400,      36146,      500,     3700,     6500,     8000,    52000,   292000,
          AssocOfCat,        332,          0,          0,          0,        255,        343,    26000,    36000,    51000,    57000,   111000,   192000,
      AssocOfProduct,       3322,          0,          0,          0,       3106,       3634,      300,     3700,     6400,     7500,    54000,   291000,
      BusinessReport,        832,          0,          0,          0,        693,        868,    27000,    37000,    54000,    68550,   181340,   214000,
          CustBuyBeh,       3320,          0,          0,          0,       3111,       3667,      200,     3500,     6100,     7400,    56000,   292000,
       ProductReturn,       8801,          0,          0,          0,       8417,       9583,      200,     3900,     6400,     7700,    53160,   277000,

  3558s: (41%)   IR =   5673 ..[3561.961s][info][gc,start       ] GC(387) Pause Young (Normal) (G1 Evacuation Pause)
[3561.961s][info][gc,task        ] GC(387) Using 8 workers of 8 for evacuation
[3562.112s][info][gc,phases      ] GC(387)   Pre Evacuate Collection Set: 0.23ms
[3562.112s][info][gc,phases      ] GC(387)   Merge Heap Roots: 0.59ms
[3562.112s][info][gc,phases      ] GC(387)   Evacuate Collection Set: 149.12ms
[3562.112s][info][gc,phases      ] GC(387)   Post Evacuate Collection Set: 1.07ms
[3562.112s][info][gc,phases      ] GC(387)   Other: 0.06ms
[3562.112s][info][gc,heap        ] GC(387) Eden regions: 570->0(568)
[3562.112s][info][gc,heap        ] GC(387) Survivor regions: 44->44(77)
[3562.112s][info][gc,heap        ] GC(387) Old regions: 276->283
[3562.112s][info][gc,heap        ] GC(387) Humongous regions: 33->33
[3562.112s][info][gc,metaspace   ] GC(387) Metaspace: 30001K(30464K)->30001K(30464K) NonClass: 24588K(24832K)->24588K(24832K) Class: 5412K(5632K)->5412K(5632K)
[3562.112s][info][gc             ] GC(387) Pause Young (Normal) (G1 Evacuation Pause) 7359M->2853M(8192M) 151.232ms
[3562.112s][info][gc,cpu         ] GC(387) User=1.19s Sys=0.00s Real=0.15s
....|...[3568.622s][info][gc,start       ] GC(388) Pause Young (Normal) (G1 Evacuation Pause)
[3568.622s][info][gc,task        ] GC(388) Using 8 workers of 8 for evacuation
[3568.771s][info][gc,phases      ] GC(388)   Pre Evacuate Collection Set: 0.25ms
[3568.771s][info][gc,phases      ] GC(388)   Merge Heap Roots: 0.56ms
[3568.771s][info][gc,phases      ] GC(388)   Evacuate Collection Set: 147.52ms
[3568.771s][info][gc,phases      ] GC(388)   Post Evacuate Collection Set: 1.02ms
[3568.771s][info][gc,phases      ] GC(388)   Other: 0.08ms
[3568.771s][info][gc,heap        ] GC(388) Eden regions: 568->0(565)
[3568.771s][info][gc,heap        ] GC(388) Survivor regions: 44->42(77)
[3568.771s][info][gc,heap        ] GC(388) Old regions: 283->290
[3568.771s][info][gc,heap        ] GC(388) Humongous regions: 33->33
[3568.771s][info][gc,metaspace   ] GC(388) Metaspace: 30001K(30464K)->30001K(30464K) NonClass: 24588K(24832K)->24588K(24832K) Class: 5412K(5632K)->5412K(5632K)
[3568.771s][info][gc             ] GC(388) Pause Young (Normal) (G1 Evacuation Pause) 7397M->2899M(8192M) 149.547ms
[3568.771s][info][gc,cpu         ] GC(388) User=1.19s Sys=0.00s Real=0.15s
.......[3575.382s][info][gc,start       ] GC(389) Pause Young (Normal) (G1 Evacuation Pause)
[3575.382s][info][gc,task        ] GC(389) Using 8 workers of 8 for evacuation
[3575.531s][info][gc,phases      ] GC(389)   Pre Evacuate Collection Set: 0.26ms
[3575.531s][info][gc,phases      ] GC(389)   Merge Heap Roots: 0.56ms
[3575.531s][info][gc,phases      ] GC(389)   Evacuate Collection Set: 146.75ms
[3575.531s][info][gc,phases      ] GC(389)   Post Evacuate Collection Set: 1.03ms
[3575.531s][info][gc,phases      ] GC(389)   Other: 0.06ms
[3575.531s][info][gc,heap        ] GC(389) Eden regions: 565->0(557)
[3575.531s][info][gc,heap        ] GC(389) Survivor regions: 42->42(76)
[3575.531s][info][gc,heap        ] GC(389) Old regions: 290->298
[3575.531s][info][gc,heap        ] GC(389) Humongous regions: 33->33
[3575.531s][info][gc,metaspace   ] GC(389) Metaspace: 30001K(30464K)->30001K(30464K) NonClass: 24588K(24832K)->24588K(24832K) Class: 5412K(5632K)->5412K(5632K)
[3575.531s][info][gc             ] GC(389) Pause Young (Normal) (G1 Evacuation Pause) 7419M->2955M(8192M) 148.782ms
[3575.531s][info][gc,cpu         ] GC(389) User=1.18s Sys=0.00s Real=0.15s
......[3581.938s][info][gc,start       ] GC(390) Pause Young (Normal) (G1 Evacuation Pause)
[3581.938s][info][gc,task        ] GC(390) Using 8 workers of 8 for evacuation
[3582.087s][info][gc,phases      ] GC(390)   Pre Evacuate Collection Set: 0.24ms
[3582.087s][info][gc,phases      ] GC(390)   Merge Heap Roots: 0.52ms
[3582.087s][info][gc,phases      ] GC(390)   Evacuate Collection Set: 147.22ms
[3582.087s][info][gc,phases      ] GC(390)   Post Evacuate Collection Set: 0.99ms
[3582.087s][info][gc,phases      ] GC(390)   Other: 0.06ms
[3582.087s][info][gc,heap        ] GC(390) Eden regions: 557->0(548)
[3582.087s][info][gc,heap        ] GC(390) Survivor regions: 42->43(75)
[3582.087s][info][gc,heap        ] GC(390) Old regions: 298->305
[3582.087s][info][gc,heap        ] GC(390) Humongous regions: 33->33
[3582.087s][info][gc,metaspace   ] GC(390) Metaspace: 30001K(30464K)->30001K(30464K) NonClass: 24588K(24832K)->24588K(24832K) Class: 5412K(5632K)->5412K(5632K)
[3582.087s][info][gc             ] GC(390) Pause Young (Normal) (G1 Evacuation Pause) 7411M->3023M(8192M) 149.161ms
[3582.087s][info][gc,cpu         ] GC(390) User=1.19s Sys=0.00s Real=0.15s
.......[3588.453s][info][gc,start       ] GC(391) Pause Young (Normal) (G1 Evacuation Pause)
[3588.453s][info][gc,task        ] GC(391) Using 8 workers of 8 for evacuation
[3588.602s][info][gc,phases      ] GC(391)   Pre Evacuate Collection Set: 0.26ms
[3588.602s][info][gc,phases      ] GC(391)   Merge Heap Roots: 0.54ms
[3588.602s][info][gc,phases      ] GC(391)   Evacuate Collection Set: 146.60ms
[3588.602s][info][gc,phases      ] GC(391)   Post Evacuate Collection Set: 1.00ms
[3588.602s][info][gc,phases      ] GC(391)   Other: 0.06ms
[3588.602s][info][gc,heap        ] GC(391) Eden regions: 548->0(542)
[3588.602s][info][gc,heap        ] GC(391) Survivor regions: 43->42(74)
[3588.602s][info][gc,heap        ] GC(391) Old regions: 305->313
[3588.602s][info][gc,heap        ] GC(391) Humongous regions: 33->33
[3588.602s][info][gc,metaspace   ] GC(391) Metaspace: 30001K(30464K)->30001K(30464K) NonClass: 24588K(24832K)->24588K(24832K) Class: 5412K(5632K)->5412K(5632K)
[3588.602s][info][gc             ] GC(391) Pause Young (Normal) (G1 Evacuation Pause) 7407M->3074M(8192M) 148.599ms
[3588.602s][info][gc,cpu         ] GC(391) User=1.17s Sys=0.00s Real=0.14s
......[3594.811s][info][gc,start       ] GC(392) Pause Young (Concurrent Start) (G1 Evacuation Pause)
[3594.811s][info][gc,task        ] GC(392) Using 8 workers of 8 for evacuation
[3594.959s][info][gc,phases      ] GC(392)   Pre Evacuate Collection Set: 0.29ms
[3594.959s][info][gc,phases      ] GC(392)   Merge Heap Roots: 0.54ms
[3594.959s][info][gc,phases      ] GC(392)   Evacuate Collection Set: 145.86ms
[3594.959s][info][gc,phases      ] GC(392)   Post Evacuate Collection Set: 0.98ms
[3594.959s][info][gc,phases      ] GC(392)   Other: 0.12ms
[3594.959s][info][gc,heap        ] GC(392) Eden regions: 542->0(537)
[3594.959s][info][gc,heap        ] GC(392) Survivor regions: 42->41(73)
[3594.959s][info][gc,heap        ] GC(392) Old regions: 313->320
[3594.959s][info][gc,heap        ] GC(392) Humongous regions: 33->33
[3594.959s][info][gc,metaspace   ] GC(392) Metaspace: 30001K(30464K)->30001K(30464K) NonClass: 24588K(24832K)->24588K(24832K) Class: 5412K(5632K)->5412K(5632K)
[3594.959s][info][gc             ] GC(392) Pause Young (Concurrent Start) (G1 Evacuation Pause) 7410M->3130M(8192M) 147.920ms
[3594.959s][info][gc             ] GC(393) Concurrent Mark Cycle
[3594.959s][info][gc,marking     ] GC(393) Concurrent Scan Root Regions
[3594.959s][info][gc,cpu         ] GC(392) User=1.17s Sys=0.00s Real=0.15s
.[3595.203s][info][gc,marking     ] GC(393) Concurrent Scan Root Regions 243.836ms
[3595.203s][info][gc,marking     ] GC(393) Concurrent Mark
[3595.203s][info][gc,marking     ] GC(393) Concurrent Mark From Roots
[3595.203s][info][gc,task        ] GC(393) Using 2 workers of 2 for marking
[3595.877s][info][gc,marking     ] GC(393) Concurrent Mark From Roots 674.396ms
[3595.877s][info][gc,marking     ] GC(393) Concurrent Preclean
[3595.878s][info][gc,marking     ] GC(393) Concurrent Preclean 0.114ms
[3595.878s][info][gc,start       ] GC(393) Pause Remark
[3595.880s][info][gc             ] GC(393) Pause Remark 3826M->3202M(8192M) 1.971ms
[3595.880s][info][gc,cpu         ] GC(393) User=0.01s Sys=0.00s Real=0.00s
[3595.880s][info][gc,marking     ] GC(393) Concurrent Mark 676.769ms
[3595.880s][info][gc,marking     ] GC(393) Concurrent Rebuild Remembered Sets and Scrub Regions
.[3596.357s][info][gc,marking     ] GC(393) Concurrent Rebuild Remembered Sets and Scrub Regions 477.330ms
[3596.357s][info][gc,start       ] GC(393) Pause Cleanup
[3596.358s][info][gc             ] GC(393) Pause Cleanup 3522M->3522M(8192M) 0.287ms
[3596.358s][info][gc,cpu         ] GC(393) User=0.00s Sys=0.00s Real=0.00s
[3596.358s][info][gc,marking     ] GC(393) Concurrent Clear Claimed Marks
[3596.358s][info][gc,marking     ] GC(393) Concurrent Clear Claimed Marks 0.044ms
[3596.358s][info][gc,marking     ] GC(393) Concurrent Cleanup for Next Mark
[3596.365s][info][gc,marking     ] GC(393) Concurrent Cleanup for Next Mark 6.962ms
[3596.365s][info][gc             ] GC(393) Concurrent Mark Cycle 1405.676ms
.....[3601.223s][info][gc,start       ] GC(394) Pause Young (Prepare Mixed) (G1 Evacuation Pause)
[3601.223s][info][gc,task        ] GC(394) Using 8 workers of 8 for evacuation
[3601.375s][info][gc,phases      ] GC(394)   Pre Evacuate Collection Set: 0.27ms
[3601.375s][info][gc,phases      ] GC(394)   Merge Heap Roots: 0.87ms
[3601.375s][info][gc,phases      ] GC(394)   Evacuate Collection Set: 149.05ms
[3601.375s][info][gc,phases      ] GC(394)   Post Evacuate Collection Set: 1.10ms
[3601.375s][info][gc,phases      ] GC(394)   Other: 0.07ms
[3601.375s][info][gc,heap        ] GC(394) Eden regions: 537->0(572)
[3601.375s][info][gc,heap        ] GC(394) Survivor regions: 41->42(73)
[3601.375s][info][gc,heap        ] GC(394) Old regions: 242->249
[3601.375s][info][gc,heap        ] GC(394) Humongous regions: 33->33
[3601.375s][info][gc,metaspace   ] GC(394) Metaspace: 30001K(30464K)->30001K(30464K) NonClass: 24588K(24832K)->24588K(24832K) Class: 5412K(5632K)->5412K(5632K)
[3601.375s][info][gc             ] GC(394) Pause Young (Prepare Mixed) (G1 Evacuation Pause) 6802M->2570M(8192M) 151.496ms
[3601.375s][info][gc,cpu         ] GC(394) User=1.20s Sys=0.00s Real=0.16s
......[3607.944s][info][gc,start       ] GC(395) Pause Young (Mixed) (G1 Evacuation Pause)
[3607.944s][info][gc,task        ] GC(395) Using 8 workers of 8 for evacuation
[3608.099s][info][gc,phases      ] GC(395)   Pre Evacuate Collection Set: 0.28ms
[3608.099s][info][gc,phases      ] GC(395)   Merge Heap Roots: 0.80ms
[3608.099s][info][gc,phases      ] GC(395)   Evacuate Collection Set: 152.56ms
[3608.099s][info][gc,phases      ] GC(395)   Post Evacuate Collection Set: 1.26ms
[3608.099s][info][gc,phases      ] GC(395)   Other: 0.09ms
[3608.099s][info][gc,heap        ] GC(395) Eden regions: 572->0(572)
[3608.099s][info][gc,heap        ] GC(395) Survivor regions: 42->42(77)
[3608.099s][info][gc,heap        ] GC(395) Old regions: 249->155
[3608.099s][info][gc,heap        ] GC(395) Humongous regions: 33->33
[3608.099s][info][gc,metaspace   ] GC(395) Metaspace: 30001K(30464K)->30001K(30464K) NonClass: 24588K(24832K)->24588K(24832K) Class: 5412K(5632K)->5412K(5632K)
[3608.099s][info][gc             ] GC(395) Pause Young (Mixed) (G1 Evacuation Pause) 7146M->1810M(8192M) 155.107ms
[3608.099s][info][gc,cpu         ] GC(395) User=1.23s Sys=0.00s Real=0.15s
.......[3614.729s][info][gc,start       ] GC(396) Pause Young (Mixed) (G1 Evacuation Pause)
[3614.729s][info][gc,task        ] GC(396) Using 8 workers of 8 for evacuation
[3614.884s][info][gc,phases      ] GC(396)   Pre Evacuate Collection Set: 0.29ms
[3614.884s][info][gc,phases      ] GC(396)   Merge Heap Roots: 0.83ms
[3614.884s][info][gc,phases      ] GC(396)   Evacuate Collection Set: 153.22ms
[3614.884s][info][gc,phases      ] GC(396)   Post Evacuate Collection Set: 1.10ms
[3614.885s][info][gc,phases      ] GC(396)   Other: 0.07ms
[3614.885s][info][gc,heap        ] GC(396) Eden regions: 572->0(572)
[3614.885s][info][gc,heap        ] GC(396) Survivor regions: 42->42(77)
[3614.885s][info][gc,heap        ] GC(396) Old regions: 155->142
[3614.885s][info][gc,heap        ] GC(396) Humongous regions: 33->33
[3614.885s][info][gc,metaspace   ] GC(396) Metaspace: 30001K(30464K)->30001K(30464K) NonClass: 24588K(24832K)->24588K(24832K) Class: 5412K(5632K)->5412K(5632K)
[3614.885s][info][gc             ] GC(396) Pause Young (Mixed) (G1 Evacuation Pause) 6386M->1706M(8192M) 155.661ms
[3614.885s][info][gc,cpu         ] GC(396) User=1.23s Sys=0.00s Real=0.16s
.......[3621.426s][info][gc,start       ] GC(397) Pause Young (Normal) (G1 Evacuation Pause)
[3621.426s][info][gc,task        ] GC(397) Using 8 workers of 8 for evacuation
[3621.574s][info][gc,phases      ] GC(397)   Pre Evacuate Collection Set: 0.24ms
[3621.574s][info][gc,phases      ] GC(397)   Merge Heap Roots: 0.57ms
[3621.574s][info][gc,phases      ] GC(397)   Evacuate Collection Set: 145.36ms
[3621.574s][info][gc,phases      ] GC(397)   Post Evacuate Collection Set: 1.01ms
[3621.574s][info][gc,phases      ] GC(397)   Other: 0.06ms
[3621.574s][info][gc,heap        ] GC(397) Eden regions: 572->0(571)
[3621.574s][info][gc,heap        ] GC(397) Survivor regions: 42->43(77)
[3621.574s][info][gc,heap        ] GC(397) Old regions: 142->149
[3621.574s][info][gc,heap        ] GC(397) Humongous regions: 33->33
[3621.574s][info][gc,metaspace   ] GC(397) Metaspace: 30001K(30464K)->30001K(30464K) NonClass: 24588K(24832K)->24588K(24832K) Class: 5412K(5632K)->5412K(5632K)
[3621.574s][info][gc             ] GC(397) Pause Young (Normal) (G1 Evacuation Pause) 6282M->1770M(8192M) 147.395ms
[3621.574s][info][gc,cpu         ] GC(397) User=1.17s Sys=0.00s Real=0.15s
.... (rIR:aIR:PR = 5673:5672:5672) (tPR = 84686) [OK] 
  3624s: Performance info:
         Transaction,    Success,    Partial,     Failed,   Receipts, AvgBarcode, 
             Overall,     340463,          0,          0,     323428,      59.47, 
         Response times:
             Request,    Success,    Partial,     Failed,   SkipFail,     Probes,    Samples,      min,      p50,      p90,      p95,      p99,      max, 
       TotalPurchase,     323428,          0,          0,          0,     316673,     350538,      300,     3700,     6600,     8100,    46000,   288000,
     InStorePurchase,     170217,          0,          0,          0,     167355,     185093,      300,     3800,     6700,     8200,    48000,   288000,
      OnlinePurchase,     119156,          0,          0,          0,     116415,     128838,      300,     3500,     6600,     8100,    44000,   266000,
        InstPurchase,      34055,          0,          0,          0,      32903,      36607,      400,     3700,     6600,     8100,    46000,   194000,
          AssocOfCat,        341,          0,          0,          0,        264,        375,    25000,    36000,    51000,    58000,    89880,   206000,
      AssocOfProduct,       3419,          0,          0,          0,       3217,       3744,      400,     4400,     7000,     8400,    43550,   155000,
      BusinessReport,        847,          0,          0,          0,        742,        925,    25000,    37000,    54000,    61700,   130140,   217000,
          CustBuyBeh,       3412,          0,          0,          0,       3178,       3708,      200,     3000,     6100,     7400,    37000,   164000,
       ProductReturn,       9016,          0,          0,          0,       8601,       9803,      200,     3200,     6200,     7500,    48000,   161000,

  3624s: (42%)   IR =   5812 ...[3628.245s][info][gc,start       ] GC(398) Pause Young (Normal) (G1 Evacuation Pause)
[3628.245s][info][gc,task        ] GC(398) Using 8 workers of 8 for evacuation
[3628.397s][info][gc,phases      ] GC(398)   Pre Evacuate Collection Set: 0.27ms
[3628.397s][info][gc,phases      ] GC(398)   Merge Heap Roots: 0.53ms
[3628.397s][info][gc,phases      ] GC(398)   Evacuate Collection Set: 150.16ms
[3628.397s][info][gc,phases      ] GC(398)   Post Evacuate Collection Set: 1.01ms
[3628.397s][info][gc,phases      ] GC(398)   Other: 0.08ms
[3628.397s][info][gc,heap        ] GC(398) Eden regions: 571->0(570)
[3628.397s][info][gc,heap        ] GC(398) Survivor regions: 43->44(77)
[3628.397s][info][gc,heap        ] GC(398) Old regions: 149->156
[3628.397s][info][gc,heap        ] GC(398) Humongous regions: 33->33
[3628.397s][info][gc,metaspace   ] GC(398) Metaspace: 30001K(30464K)->30001K(30464K) NonClass: 24588K(24832K)->24588K(24832K) Class: 5412K(5632K)->5412K(5632K)
[3628.397s][info][gc             ] GC(398) Pause Young (Normal) (G1 Evacuation Pause) 6338M->1838M(8192M) 152.196ms
[3628.397s][info][gc,cpu         ] GC(398) User=1.21s Sys=0.00s Real=0.15s
..|....[3634.802s][info][gc,start       ] GC(399) Pause Young (Normal) (G1 Evacuation Pause)
[3634.802s][info][gc,task        ] GC(399) Using 8 workers of 8 for evacuation
[3634.953s][info][gc,phases      ] GC(399)   Pre Evacuate Collection Set: 0.29ms
[3634.953s][info][gc,phases      ] GC(399)   Merge Heap Roots: 0.56ms
[3634.953s][info][gc,phases      ] GC(399)   Evacuate Collection Set: 148.61ms
[3634.953s][info][gc,phases      ] GC(399)   Post Evacuate Collection Set: 1.10ms
[3634.953s][info][gc,phases      ] GC(399)   Other: 0.06ms
[3634.953s][info][gc,heap        ] GC(399) Eden regions: 570->0(571)
[3634.953s][info][gc,heap        ] GC(399) Survivor regions: 44->43(77)
[3634.953s][info][gc,heap        ] GC(399) Old regions: 156->163
[3634.953s][info][gc,heap        ] GC(399) Humongous regions: 33->33
[3634.953s][info][gc,metaspace   ] GC(399) Metaspace: 30001K(30464K)->30001K(30464K) NonClass: 24588K(24832K)->24588K(24832K) Class: 5412K(5632K)->5412K(5632K)
[3634.953s][info][gc             ] GC(399) Pause Young (Normal) (G1 Evacuation Pause) 6398M->1885M(8192M) 150.755ms
[3634.953s][info][gc,cpu         ] GC(399) User=1.20s Sys=0.00s Real=0.15s
.......[3641.378s][info][gc,start       ] GC(400) Pause Young (Normal) (G1 Evacuation Pause)
[3641.378s][info][gc,task        ] GC(400) Using 8 workers of 8 for evacuation
[3641.527s][info][gc,phases      ] GC(400)   Pre Evacuate Collection Set: 0.29ms
[3641.527s][info][gc,phases      ] GC(400)   Merge Heap Roots: 0.59ms
[3641.527s][info][gc,phases      ] GC(400)   Evacuate Collection Set: 147.20ms
[3641.527s][info][gc,phases      ] GC(400)   Post Evacuate Collection Set: 1.04ms
[3641.527s][info][gc,phases      ] GC(400)   Other: 0.07ms
[3641.527s][info][gc,heap        ] GC(400) Eden regions: 571->0(572)
[3641.527s][info][gc,heap        ] GC(400) Survivor regions: 43->42(77)
[3641.527s][info][gc,heap        ] GC(400) Old regions: 163->170
[3641.527s][info][gc,heap        ] GC(400) Humongous regions: 33->33
[3641.527s][info][gc,metaspace   ] GC(400) Metaspace: 30001K(30464K)->30001K(30464K) NonClass: 24588K(24832K)->24588K(24832K) Class: 5412K(5632K)->5412K(5632K)
[3641.527s][info][gc             ] GC(400) Pause Young (Normal) (G1 Evacuation Pause) 6453M->1935M(8192M) 149.325ms
[3641.527s][info][gc,cpu         ] GC(400) User=1.18s Sys=0.00s Real=0.15s
......[3647.976s][info][gc,start       ] GC(401) Pause Young (Normal) (G1 Evacuation Pause)
[3647.976s][info][gc,task        ] GC(401) Using 8 workers of 8 for evacuation
[3648.126s][info][gc,phases      ] GC(401)   Pre Evacuate Collection Set: 0.27ms
[3648.126s][info][gc,phases      ] GC(401)   Merge Heap Roots: 0.50ms
[3648.126s][info][gc,phases      ] GC(401)   Evacuate Collection Set: 147.69ms
[3648.126s][info][gc,phases      ] GC(401)   Post Evacuate Collection Set: 1.02ms
[3648.126s][info][gc,phases      ] GC(401)   Other: 0.06ms
[3648.126s][info][gc,heap        ] GC(401) Eden regions: 572->0(571)
[3648.126s][info][gc,heap        ] GC(401) Survivor regions: 42->43(77)
[3648.126s][info][gc,heap        ] GC(401) Old regions: 170->177
[3648.126s][info][gc,heap        ] GC(401) Humongous regions: 33->33
[3648.126s][info][gc,metaspace   ] GC(401) Metaspace: 30001K(30464K)->30001K(30464K) NonClass: 24588K(24832K)->24588K(24832K) Class: 5412K(5632K)->5412K(5632K)
[3648.126s][info][gc             ] GC(401) Pause Young (Normal) (G1 Evacuation Pause) 6511M->1995M(8192M) 149.661ms
[3648.126s][info][gc,cpu         ] GC(401) User=1.19s Sys=0.00s Real=0.15s
.......[3654.677s][info][gc,start       ] GC(402) Pause Young (Normal) (G1 Evacuation Pause)
[3654.677s][info][gc,task        ] GC(402) Using 8 workers of 8 for evacuation
[3654.830s][info][gc,phases      ] GC(402)   Pre Evacuate Collection Set: 0.25ms
[3654.830s][info][gc,phases      ] GC(402)   Merge Heap Roots: 0.52ms
[3654.830s][info][gc,phases      ] GC(402)   Evacuate Collection Set: 150.59ms
[3654.830s][info][gc,phases      ] GC(402)   Post Evacuate Collection Set: 1.02ms
[3654.830s][info][gc,phases      ] GC(402)   Other: 0.06ms
[3654.830s][info][gc,heap        ] GC(402) Eden regions: 571->0(571)
[3654.830s][info][gc,heap        ] GC(402) Survivor regions: 43->43(77)
[3654.830s][info][gc,heap        ] GC(402) Old regions: 177->184
[3654.830s][info][gc,heap        ] GC(402) Humongous regions: 33->33
[3654.830s][info][gc,metaspace   ] GC(402) Metaspace: 30001K(30464K)->30001K(30464K) NonClass: 24588K(24832K)->24588K(24832K) Class: 5412K(5632K)->5412K(5632K)
[3654.830s][info][gc             ] GC(402) Pause Young (Normal) (G1 Evacuation Pause) 6563M->2056M(8192M) 152.565ms
[3654.830s][info][gc,cpu         ] GC(402) User=1.21s Sys=0.00s Real=0.15s
......[3661.197s][info][gc,start       ] GC(403) Pause Young (Normal) (G1 Evacuation Pause)
[3661.197s][info][gc,task        ] GC(403) Using 8 workers of 8 for evacuation
[3661.347s][info][gc,phases      ] GC(403)   Pre Evacuate Collection Set: 0.25ms
[3661.347s][info][gc,phases      ] GC(403)   Merge Heap Roots: 0.57ms
[3661.347s][info][gc,phases      ] GC(403)   Evacuate Collection Set: 148.47ms
[3661.347s][info][gc,phases      ] GC(403)   Post Evacuate Collection Set: 1.03ms
[3661.347s][info][gc,phases      ] GC(403)   Other: 0.06ms
[3661.347s][info][gc,heap        ] GC(403) Eden regions: 571->0(571)
[3661.347s][info][gc,heap        ] GC(403) Survivor regions: 43->43(77)
[3661.347s][info][gc,heap        ] GC(403) Old regions: 184->191
[3661.347s][info][gc,heap        ] GC(403) Humongous regions: 33->33
[3661.347s][info][gc,metaspace   ] GC(403) Metaspace: 30001K(30464K)->30001K(30464K) NonClass: 24588K(24832K)->24588K(24832K) Class: 5412K(5632K)->5412K(5632K)
[3661.347s][info][gc             ] GC(403) Pause Young (Normal) (G1 Evacuation Pause) 6624M->2109M(8192M) 150.509ms
[3661.347s][info][gc,cpu         ] GC(403) User=1.19s Sys=0.00s Real=0.15s
.......[3667.800s][info][gc,start       ] GC(404) Pause Young (Normal) (G1 Evacuation Pause)
[3667.800s][info][gc,task        ] GC(404) Using 8 workers of 8 for evacuation
[3667.950s][info][gc,phases      ] GC(404)   Pre Evacuate Collection Set: 0.29ms
[3667.950s][info][gc,phases      ] GC(404)   Merge Heap Roots: 0.63ms
[3667.950s][info][gc,phases      ] GC(404)   Evacuate Collection Set: 147.61ms
[3667.950s][info][gc,phases      ] GC(404)   Post Evacuate Collection Set: 1.03ms
[3667.950s][info][gc,phases      ] GC(404)   Other: 0.06ms
[3667.950s][info][gc,heap        ] GC(404) Eden regions: 571->0(571)
[3667.950s][info][gc,heap        ] GC(404) Survivor regions: 43->43(77)
[3667.950s][info][gc,heap        ] GC(404) Old regions: 191->198
[3667.950s][info][gc,heap        ] GC(404) Humongous regions: 33->33
[3667.950s][info][gc,metaspace   ] GC(404) Metaspace: 30001K(30464K)->30001K(30464K) NonClass: 24588K(24832K)->24588K(24832K) Class: 5412K(5632K)->5412K(5632K)
[3667.950s][info][gc             ] GC(404) Pause Young (Normal) (G1 Evacuation Pause) 6677M->2167M(8192M) 149.778ms
[3667.950s][info][gc,cpu         ] GC(404) User=1.18s Sys=0.00s Real=0.15s
......[3674.356s][info][gc,start       ] GC(405) Pause Young (Normal) (G1 Evacuation Pause)
[3674.356s][info][gc,task        ] GC(405) Using 8 workers of 8 for evacuation
[3674.508s][info][gc,phases      ] GC(405)   Pre Evacuate Collection Set: 0.28ms
[3674.508s][info][gc,phases      ] GC(405)   Merge Heap Roots: 0.57ms
[3674.508s][info][gc,phases      ] GC(405)   Evacuate Collection Set: 149.58ms
[3674.508s][info][gc,phases      ] GC(405)   Post Evacuate Collection Set: 1.07ms
[3674.508s][info][gc,phases      ] GC(405)   Other: 0.07ms
[3674.508s][info][gc,heap        ] GC(405) Eden regions: 571->0(571)
[3674.508s][info][gc,heap        ] GC(405) Survivor regions: 43->43(77)
[3674.508s][info][gc,heap        ] GC(405) Old regions: 198->205
[3674.508s][info][gc,heap        ] GC(405) Humongous regions: 33->33
[3674.508s][info][gc,metaspace   ] GC(405) Metaspace: 30001K(30464K)->30001K(30464K) NonClass: 24588K(24832K)->24588K(24832K) Class: 5412K(5632K)->5412K(5632K)
[3674.508s][info][gc             ] GC(405) Pause Young (Normal) (G1 Evacuation Pause) 6735M->2223M(8192M) 151.710ms
[3674.508s][info][gc,cpu         ] GC(405) User=1.20s Sys=0.00s Real=0.15s
.......[3680.956s][info][gc,start       ] GC(406) Pause Young (Normal) (G1 Evacuation Pause)
[3680.956s][info][gc,task        ] GC(406) Using 8 workers of 8 for evacuation
[3681.106s][info][gc,phases      ] GC(406)   Pre Evacuate Collection Set: 0.25ms
[3681.106s][info][gc,phases      ] GC(406)   Merge Heap Roots: 0.66ms
[3681.106s][info][gc,phases      ] GC(406)   Evacuate Collection Set: 148.02ms
[3681.106s][info][gc,phases      ] GC(406)   Post Evacuate Collection Set: 1.04ms
[3681.106s][info][gc,phases      ] GC(406)   Other: 0.06ms
[3681.106s][info][gc,heap        ] GC(406) Eden regions: 571->0(572)
[3681.106s][info][gc,heap        ] GC(406) Survivor regions: 43->42(77)
[3681.106s][info][gc,heap        ] GC(406) Old regions: 205->212
[3681.106s][info][gc,heap        ] GC(406) Humongous regions: 33->33
[3681.106s][info][gc,metaspace   ] GC(406) Metaspace: 30001K(30464K)->30001K(30464K) NonClass: 24588K(24832K)->24588K(24832K) Class: 5412K(5632K)->5412K(5632K)
[3681.106s][info][gc             ] GC(406) Pause Young (Normal) (G1 Evacuation Pause) 6791M->2275M(8192M) 150.162ms
[3681.106s][info][gc,cpu         ] GC(406) User=1.19s Sys=0.00s Real=0.15s
.......[3687.566s][info][gc,start       ] GC(407) Pause Young (Normal) (G1 Evacuation Pause)
[3687.566s][info][gc,task        ] GC(407) Using 8 workers of 8 for evacuation
[3687.717s][info][gc,phases      ] GC(407)   Pre Evacuate Collection Set: 0.25ms
[3687.717s][info][gc,phases      ] GC(407)   Merge Heap Roots: 0.65ms
[3687.717s][info][gc,phases      ] GC(407)   Evacuate Collection Set: 148.55ms
[3687.717s][info][gc,phases      ] GC(407)   Post Evacuate Collection Set: 1.01ms
[3687.717s][info][gc,phases      ] GC(407)   Other: 0.07ms
[3687.717s][info][gc,heap        ] GC(407) Eden regions: 572->0(571)
[3687.717s][info][gc,heap        ] GC(407) Survivor regions: 42->43(77)
[3687.717s][info][gc,heap        ] GC(407) Old regions: 212->219
[3687.717s][info][gc,heap        ] GC(407) Humongous regions: 33->33
[3687.717s][info][gc,metaspace   ] GC(407) Metaspace: 30001K(30464K)->30001K(30464K) NonClass: 24588K(24832K)->24588K(24832K) Class: 5412K(5632K)->5412K(5632K)
[3687.717s][info][gc             ] GC(407) Pause Young (Normal) (G1 Evacuation Pause) 6851M->2335M(8192M) 150.661ms
[3687.717s][info][gc,cpu         ] GC(407) User=1.19s Sys=0.00s Real=0.15s
... (rIR:aIR:PR = 5812:5811:5811) (tPR = 85775) [OK] 
  3690s: Performance info:
         Transaction,    Success,    Partial,     Failed,   Receipts, AvgBarcode, 
             Overall,     350550,          0,          0,     333046,      59.48, 
         Response times:
             Request,    Success,    Partial,     Failed,   SkipFail,     Probes,    Samples,      min,      p50,      p90,      p95,      p99,      max, 
       TotalPurchase,     333046,          0,          0,          0,     327468,     355120,      300,     3700,     6700,     8100,    41000,   165000,
     InStorePurchase,     175308,          0,          0,          0,     172799,     187164,      400,     3800,     6700,     8100,    41000,   162000,
      OnlinePurchase,     122663,          0,          0,          0,     120502,     130661,      300,     3600,     6700,     8100,    41000,   165000,
        InstPurchase,      35075,          0,          0,          0,      34167,      37295,      500,     3800,     6700,     8100,    42000,   161000,
          AssocOfCat,        351,          0,          0,          0,        272,        367,    24000,    36000,    48200,    53200,    94840,   105000,
      AssocOfProduct,       3491,          0,          0,          0,       3188,       3654,      500,     3000,     6700,     8200,    36900,   160000,
      BusinessReport,        876,          0,          0,          0,        749,        908,    26000,    37000,    54000,    62550,   111000,   202000,
          CustBuyBeh,       3506,          0,          0,          0,       3277,       3772,      100,     1800,     5700,     6900,    35270,   158000,
       ProductReturn,       9280,          0,          0,          0,       8876,       9866,      200,     3700,     6500,     7900,    45000,   158000,

  3690s: (43%)   IR =   5950 ...[3694.086s][info][gc,start       ] GC(408) Pause Young (Normal) (G1 Evacuation Pause)
[3694.086s][info][gc,task        ] GC(408) Using 8 workers of 8 for evacuation
[3694.237s][info][gc,phases      ] GC(408)   Pre Evacuate Collection Set: 0.25ms
[3694.237s][info][gc,phases      ] GC(408)   Merge Heap Roots: 0.59ms
[3694.237s][info][gc,phases      ] GC(408)   Evacuate Collection Set: 149.53ms
[3694.237s][info][gc,phases      ] GC(408)   Post Evacuate Collection Set: 1.06ms
[3694.237s][info][gc,phases      ] GC(408)   Other: 0.07ms
[3694.237s][info][gc,heap        ] GC(408) Eden regions: 571->0(571)
[3694.237s][info][gc,heap        ] GC(408) Survivor regions: 43->43(77)
[3694.237s][info][gc,heap        ] GC(408) Old regions: 219->226
[3694.237s][info][gc,heap        ] GC(408) Humongous regions: 33->33
[3694.237s][info][gc,metaspace   ] GC(408) Metaspace: 30001K(30464K)->30001K(30464K) NonClass: 24588K(24832K)->24588K(24832K) Class: 5412K(5632K)->5412K(5632K)
[3694.237s][info][gc             ] GC(408) Pause Young (Normal) (G1 Evacuation Pause) 6903M->2395M(8192M) 151.639ms
[3694.237s][info][gc,cpu         ] GC(408) User=1.20s Sys=0.00s Real=0.15s
.|.....[3700.506s][info][gc,start       ] GC(409) Pause Young (Normal) (G1 Evacuation Pause)
[3700.506s][info][gc,task        ] GC(409) Using 8 workers of 8 for evacuation
[3700.658s][info][gc,phases      ] GC(409)   Pre Evacuate Collection Set: 0.26ms
[3700.658s][info][gc,phases      ] GC(409)   Merge Heap Roots: 0.53ms
[3700.658s][info][gc,phases      ] GC(409)   Evacuate Collection Set: 150.01ms
[3700.658s][info][gc,phases      ] GC(409)   Post Evacuate Collection Set: 1.04ms
[3700.658s][info][gc,phases      ] GC(409)   Other: 0.06ms
[3700.658s][info][gc,heap        ] GC(409) Eden regions: 571->0(571)
[3700.658s][info][gc,heap        ] GC(409) Survivor regions: 43->43(77)
[3700.658s][info][gc,heap        ] GC(409) Old regions: 226->234
[3700.658s][info][gc,heap        ] GC(409) Humongous regions: 33->33
[3700.658s][info][gc,metaspace   ] GC(409) Metaspace: 30001K(30464K)->30001K(30464K) NonClass: 24588K(24832K)->24588K(24832K) Class: 5412K(5632K)->5412K(5632K)
[3700.658s][info][gc             ] GC(409) Pause Young (Normal) (G1 Evacuation Pause) 6963M->2452M(8192M) 152.024ms
[3700.658s][info][gc,cpu         ] GC(409) User=1.20s Sys=0.01s Real=0.15s
.......[3706.925s][info][gc,start       ] GC(410) Pause Young (Normal) (G1 Evacuation Pause)
[3706.925s][info][gc,task        ] GC(410) Using 8 workers of 8 for evacuation
[3707.077s][info][gc,phases      ] GC(410)   Pre Evacuate Collection Set: 0.24ms
[3707.077s][info][gc,phases      ] GC(410)   Merge Heap Roots: 0.61ms
[3707.077s][info][gc,phases      ] GC(410)   Evacuate Collection Set: 149.67ms
[3707.077s][info][gc,phases      ] GC(410)   Post Evacuate Collection Set: 1.04ms
[3707.077s][info][gc,phases      ] GC(410)   Other: 0.06ms
[3707.077s][info][gc,heap        ] GC(410) Eden regions: 571->0(571)
[3707.077s][info][gc,heap        ] GC(410) Survivor regions: 43->43(77)
[3707.077s][info][gc,heap        ] GC(410) Old regions: 234->241
[3707.077s][info][gc,heap        ] GC(410) Humongous regions: 33->33
[3707.077s][info][gc,metaspace   ] GC(410) Metaspace: 30001K(30464K)->30001K(30464K) NonClass: 24588K(24832K)->24588K(24832K) Class: 5412K(5632K)->5412K(5632K)
[3707.077s][info][gc             ] GC(410) Pause Young (Normal) (G1 Evacuation Pause) 7020M->2508M(8192M) 151.744ms
[3707.077s][info][gc,cpu         ] GC(410) User=1.20s Sys=0.00s Real=0.15s
......[3713.343s][info][gc,start       ] GC(411) Pause Young (Normal) (G1 Evacuation Pause)
[3713.343s][info][gc,task        ] GC(411) Using 8 workers of 8 for evacuation
[3713.492s][info][gc,phases      ] GC(411)   Pre Evacuate Collection Set: 0.26ms
[3713.492s][info][gc,phases      ] GC(411)   Merge Heap Roots: 0.56ms
[3713.492s][info][gc,phases      ] GC(411)   Evacuate Collection Set: 146.86ms
[3713.492s][info][gc,phases      ] GC(411)   Post Evacuate Collection Set: 1.05ms
[3713.492s][info][gc,phases      ] GC(411)   Other: 0.07ms
[3713.492s][info][gc,heap        ] GC(411) Eden regions: 571->0(572)
[3713.492s][info][gc,heap        ] GC(411) Survivor regions: 43->42(77)
[3713.492s][info][gc,heap        ] GC(411) Old regions: 241->248
[3713.492s][info][gc,heap        ] GC(411) Humongous regions: 33->33
[3713.492s][info][gc,metaspace   ] GC(411) Metaspace: 30001K(30464K)->30001K(30464K) NonClass: 24588K(24832K)->24588K(24832K) Class: 5412K(5632K)->5412K(5632K)
[3713.492s][info][gc             ] GC(411) Pause Young (Normal) (G1 Evacuation Pause) 7076M->2559M(8192M) 148.940ms
[3713.492s][info][gc,cpu         ] GC(411) User=1.18s Sys=0.01s Real=0.15s
.......[3719.818s][info][gc,start       ] GC(412) Pause Young (Normal) (G1 Evacuation Pause)
[3719.818s][info][gc,task        ] GC(412) Using 8 workers of 8 for evacuation
[3719.970s][info][gc,phases      ] GC(412)   Pre Evacuate Collection Set: 0.26ms
[3719.970s][info][gc,phases      ] GC(412)   Merge Heap Roots: 0.54ms
[3719.970s][info][gc,phases      ] GC(412)   Evacuate Collection Set: 149.74ms
[3719.970s][info][gc,phases      ] GC(412)   Post Evacuate Collection Set: 1.01ms
[3719.970s][info][gc,phases      ] GC(412)   Other: 0.07ms
[3719.970s][info][gc,heap        ] GC(412) Eden regions: 572->0(571)
[3719.970s][info][gc,heap        ] GC(412) Survivor regions: 42->43(77)
[3719.970s][info][gc,heap        ] GC(412) Old regions: 248->255
[3719.970s][info][gc,heap        ] GC(412) Humongous regions: 33->33
[3719.970s][info][gc,metaspace   ] GC(412) Metaspace: 30001K(30464K)->30001K(30464K) NonClass: 24588K(24832K)->24588K(24832K) Class: 5412K(5632K)->5412K(5632K)
[3719.970s][info][gc             ] GC(412) Pause Young (Normal) (G1 Evacuation Pause) 7135M->2623M(8192M) 151.747ms
[3719.970s][info][gc,cpu         ] GC(412) User=1.20s Sys=0.00s Real=0.15s
......[3726.256s][info][gc,start       ] GC(413) Pause Young (Normal) (G1 Evacuation Pause)
[3726.256s][info][gc,task        ] GC(413) Using 8 workers of 8 for evacuation
[3726.405s][info][gc,phases      ] GC(413)   Pre Evacuate Collection Set: 0.27ms
[3726.405s][info][gc,phases      ] GC(413)   Merge Heap Roots: 0.58ms
[3726.405s][info][gc,phases      ] GC(413)   Evacuate Collection Set: 147.75ms
[3726.405s][info][gc,phases      ] GC(413)   Post Evacuate Collection Set: 1.02ms
[3726.405s][info][gc,phases      ] GC(413)   Other: 0.07ms
[3726.405s][info][gc,heap        ] GC(413) Eden regions: 571->0(571)
[3726.405s][info][gc,heap        ] GC(413) Survivor regions: 43->43(77)
[3726.405s][info][gc,heap        ] GC(413) Old regions: 255->262
[3726.405s][info][gc,heap        ] GC(413) Humongous regions: 33->33
[3726.405s][info][gc,metaspace   ] GC(413) Metaspace: 30001K(30464K)->30001K(30464K) NonClass: 24588K(24832K)->24588K(24832K) Class: 5412K(5632K)->5412K(5632K)
[3726.405s][info][gc             ] GC(413) Pause Young (Normal) (G1 Evacuation Pause) 7191M->2675M(8192M) 149.825ms
[3726.405s][info][gc,cpu         ] GC(413) User=1.19s Sys=0.00s Real=0.15s
.......[3732.731s][info][gc,start       ] GC(414) Pause Young (Normal) (G1 Evacuation Pause)
[3732.731s][info][gc,task        ] GC(414) Using 8 workers of 8 for evacuation
[3732.880s][info][gc,phases      ] GC(414)   Pre Evacuate Collection Set: 0.26ms
[3732.880s][info][gc,phases      ] GC(414)   Merge Heap Roots: 0.59ms
[3732.880s][info][gc,phases      ] GC(414)   Evacuate Collection Set: 147.41ms
[3732.880s][info][gc,phases      ] GC(414)   Post Evacuate Collection Set: 1.00ms
[3732.880s][info][gc,phases      ] GC(414)   Other: 0.07ms
[3732.880s][info][gc,heap        ] GC(414) Eden regions: 571->0(571)
[3732.880s][info][gc,heap        ] GC(414) Survivor regions: 43->43(77)
[3732.880s][info][gc,heap        ] GC(414) Old regions: 262->269
[3732.880s][info][gc,heap        ] GC(414) Humongous regions: 33->33
[3732.880s][info][gc,metaspace   ] GC(414) Metaspace: 30001K(30464K)->30001K(30464K) NonClass: 24588K(24832K)->24588K(24832K) Class: 5412K(5632K)->5412K(5632K)
[3732.880s][info][gc             ] GC(414) Pause Young (Normal) (G1 Evacuation Pause) 7243M->2733M(8192M) 149.473ms
[3732.880s][info][gc,cpu         ] GC(414) User=1.18s Sys=0.00s Real=0.15s
......[3739.129s][info][gc,start       ] GC(415) Pause Young (Normal) (G1 Evacuation Pause)
[3739.129s][info][gc,task        ] GC(415) Using 8 workers of 8 for evacuation
[3739.282s][info][gc,phases      ] GC(415)   Pre Evacuate Collection Set: 0.24ms
[3739.282s][info][gc,phases      ] GC(415)   Merge Heap Roots: 0.53ms
[3739.282s][info][gc,phases      ] GC(415)   Evacuate Collection Set: 151.02ms
[3739.282s][info][gc,phases      ] GC(415)   Post Evacuate Collection Set: 1.06ms
[3739.282s][info][gc,phases      ] GC(415)   Other: 0.06ms
[3739.282s][info][gc,heap        ] GC(415) Eden regions: 571->0(571)
[3739.282s][info][gc,heap        ] GC(415) Survivor regions: 43->43(77)
[3739.282s][info][gc,heap        ] GC(415) Old regions: 269->276
[3739.282s][info][gc,heap        ] GC(415) Humongous regions: 33->33
[3739.282s][info][gc,metaspace   ] GC(415) Metaspace: 30001K(30464K)->30001K(30464K) NonClass: 24588K(24832K)->24588K(24832K) Class: 5412K(5632K)->5412K(5632K)
[3739.282s][info][gc             ] GC(415) Pause Young (Normal) (G1 Evacuation Pause) 7301M->2792M(8192M) 153.055ms
[3739.282s][info][gc,cpu         ] GC(415) User=1.21s Sys=0.00s Real=0.15s
......[3745.491s][info][gc,start       ] GC(416) Pause Young (Normal) (G1 Evacuation Pause)
[3745.491s][info][gc,task        ] GC(416) Using 8 workers of 8 for evacuation
[3745.644s][info][gc,phases      ] GC(416)   Pre Evacuate Collection Set: 0.24ms
[3745.644s][info][gc,phases      ] GC(416)   Merge Heap Roots: 0.53ms
[3745.644s][info][gc,phases      ] GC(416)   Evacuate Collection Set: 150.80ms
[3745.644s][info][gc,phases      ] GC(416)   Post Evacuate Collection Set: 1.04ms
[3745.644s][info][gc,phases      ] GC(416)   Other: 0.06ms
[3745.644s][info][gc,heap        ] GC(416) Eden regions: 571->0(570)
[3745.644s][info][gc,heap        ] GC(416) Survivor regions: 43->43(77)
[3745.644s][info][gc,heap        ] GC(416) Old regions: 276->283
[3745.644s][info][gc,heap        ] GC(416) Humongous regions: 33->33
[3745.644s][info][gc,metaspace   ] GC(416) Metaspace: 30001K(30464K)->30001K(30464K) NonClass: 24588K(24832K)->24588K(24832K) Class: 5412K(5632K)->5412K(5632K)
[3745.644s][info][gc             ] GC(416) Pause Young (Normal) (G1 Evacuation Pause) 7360M->2851M(8192M) 152.800ms
[3745.644s][info][gc,cpu         ] GC(416) User=1.21s Sys=0.00s Real=0.16s
.......[3751.943s][info][gc,start       ] GC(417) Pause Young (Normal) (G1 Evacuation Pause)
[3751.943s][info][gc,task        ] GC(417) Using 8 workers of 8 for evacuation
[3752.095s][info][gc,phases      ] GC(417)   Pre Evacuate Collection Set: 0.27ms
[3752.095s][info][gc,phases      ] GC(417)   Merge Heap Roots: 0.68ms
[3752.095s][info][gc,phases      ] GC(417)   Evacuate Collection Set: 149.04ms
[3752.095s][info][gc,phases      ] GC(417)   Post Evacuate Collection Set: 1.01ms
[3752.095s][info][gc,phases      ] GC(417)   Other: 0.53ms
[3752.095s][info][gc,heap        ] GC(417) Eden regions: 570->0(562)
[3752.095s][info][gc,heap        ] GC(417) Survivor regions: 43->43(77)
[3752.095s][info][gc,heap        ] GC(417) Old regions: 283->291
[3752.095s][info][gc,heap        ] GC(417) Humongous regions: 33->33
[3752.095s][info][gc,metaspace   ] GC(417) Metaspace: 30001K(30464K)->30001K(30464K) NonClass: 24588K(24832K)->24588K(24832K) Class: 5412K(5632K)->5412K(5632K)
[3752.095s][info][gc             ] GC(417) Pause Young (Normal) (G1 Evacuation Pause) 7411M->2904M(8192M) 151.647ms
[3752.095s][info][gc,cpu         ] GC(417) User=1.19s Sys=0.00s Real=0.16s
... (rIR:aIR:PR = 5950:5947:5947) (tPR = 88114) [OK] 
  3754s: Performance info:
         Transaction,    Success,    Partial,     Failed,   Receipts, AvgBarcode, 
             Overall,     357412,          0,          0,     339543,      59.47, 
         Response times:
             Request,    Success,    Partial,     Failed,   SkipFail,     Probes,    Samples,      min,      p50,      p90,      p95,      p99,      max, 
       TotalPurchase,     339543,          0,          0,          0,     332920,     357981,      400,     3900,     7200,     9700,    65000,   251000,
     InStorePurchase,     178731,          0,          0,          0,     175417,     188167,      400,     3900,     7200,     9600,    66000,   251000,
      OnlinePurchase,     125069,          0,          0,          0,     122749,     132143,      400,     3800,     7200,     9900,    64560,   251000,
        InstPurchase,      35743,          0,          0,          0,      34754,      37671,      400,     3900,     7200,     9600,    64000,   251000,
          AssocOfCat,        358,          0,          0,          0,        280,        388,    26000,    36000,    52000,    62000,    89550,   200000,
      AssocOfProduct,       3579,          0,          0,          0,       3349,       3795,      700,     4400,     7800,     9820,    55000,   161000,
      BusinessReport,        889,          0,          0,          0,        785,        964,    25000,    37000,    54000,    65000,   145150,   213000,
          CustBuyBeh,       3578,          0,          0,          0,       3332,       3754,      100,     4300,     6650,     9425,    74000,   162000,
       ProductReturn,       9464,          0,          0,          0,       9002,      10049,      200,     4000,     7000,     9800,    68500,   250000,

  3754s: (44%)   IR =   6088 ...[3758.225s][info][gc,start       ] GC(418) Pause Young (Normal) (G1 Evacuation Pause)
[3758.225s][info][gc,task        ] GC(418) Using 8 workers of 8 for evacuation
[3758.376s][info][gc,phases      ] GC(418)   Pre Evacuate Collection Set: 0.25ms
[3758.376s][info][gc,phases      ] GC(418)   Merge Heap Roots: 0.53ms
[3758.376s][info][gc,phases      ] GC(418)   Evacuate Collection Set: 148.63ms
[3758.376s][info][gc,phases      ] GC(418)   Post Evacuate Collection Set: 1.08ms
[3758.376s][info][gc,phases      ] GC(418)   Other: 0.07ms
[3758.376s][info][gc,heap        ] GC(418) Eden regions: 562->0(556)
[3758.376s][info][gc,heap        ] GC(418) Survivor regions: 43->43(76)
[3758.376s][info][gc,heap        ] GC(418) Old regions: 291->297
[3758.376s][info][gc,heap        ] GC(418) Humongous regions: 33->33
[3758.376s][info][gc,metaspace   ] GC(418) Metaspace: 30001K(30464K)->30001K(30464K) NonClass: 24588K(24832K)->24588K(24832K) Class: 5412K(5632K)->5412K(5632K)
[3758.376s][info][gc             ] GC(418) Pause Young (Normal) (G1 Evacuation Pause) 7400M->2959M(8192M) 150.691ms
[3758.376s][info][gc,cpu         ] GC(418) User=1.19s Sys=0.00s Real=0.15s
.|.....[3764.332s][info][gc,start       ] GC(419) Pause Young (Normal) (G1 Evacuation Pause)
[3764.333s][info][gc,task        ] GC(419) Using 8 workers of 8 for evacuation
[3764.481s][info][gc,phases      ] GC(419)   Pre Evacuate Collection Set: 0.24ms
[3764.481s][info][gc,phases      ] GC(419)   Merge Heap Roots: 0.60ms
[3764.481s][info][gc,phases      ] GC(419)   Evacuate Collection Set: 146.40ms
[3764.481s][info][gc,phases      ] GC(419)   Post Evacuate Collection Set: 1.09ms
[3764.481s][info][gc,phases      ] GC(419)   Other: 0.06ms
[3764.481s][info][gc,heap        ] GC(419) Eden regions: 556->0(550)
[3764.481s][info][gc,heap        ] GC(419) Survivor regions: 43->42(75)
[3764.481s][info][gc,heap        ] GC(419) Old regions: 297->305
[3764.481s][info][gc,heap        ] GC(419) Humongous regions: 33->33
[3764.481s][info][gc,metaspace   ] GC(419) Metaspace: 30001K(30464K)->30001K(30464K) NonClass: 24588K(24832K)->24588K(24832K) Class: 5412K(5632K)->5412K(5632K)
[3764.481s][info][gc             ] GC(419) Pause Young (Normal) (G1 Evacuation Pause) 7407M->3013M(8192M) 148.542ms
[3764.481s][info][gc,cpu         ] GC(419) User=1.18s Sys=0.00s Real=0.15s
......[3770.405s][info][gc,start       ] GC(420) Pause Young (Normal) (G1 Evacuation Pause)
[3770.406s][info][gc,task        ] GC(420) Using 8 workers of 8 for evacuation
[3770.553s][info][gc,phases      ] GC(420)   Pre Evacuate Collection Set: 0.24ms
[3770.553s][info][gc,phases      ] GC(420)   Merge Heap Roots: 0.51ms
[3770.553s][info][gc,phases      ] GC(420)   Evacuate Collection Set: 145.69ms
[3770.553s][info][gc,phases      ] GC(420)   Post Evacuate Collection Set: 1.00ms
[3770.553s][info][gc,phases      ] GC(420)   Other: 0.07ms
[3770.553s][info][gc,heap        ] GC(420) Eden regions: 550->0(545)
[3770.553s][info][gc,heap        ] GC(420) Survivor regions: 42->41(74)
[3770.553s][info][gc,heap        ] GC(420) Old regions: 305->312
[3770.553s][info][gc,heap        ] GC(420) Humongous regions: 33->33
[3770.553s][info][gc,metaspace   ] GC(420) Metaspace: 30001K(30464K)->30001K(30464K) NonClass: 24588K(24832K)->24588K(24832K) Class: 5412K(5632K)->5412K(5632K)
[3770.553s][info][gc             ] GC(420) Pause Young (Normal) (G1 Evacuation Pause) 7413M->3060M(8192M) 147.632ms
[3770.553s][info][gc,cpu         ] GC(420) User=1.17s Sys=0.00s Real=0.14s
......[3776.383s][info][gc,start       ] GC(421) Pause Young (Concurrent Start) (G1 Evacuation Pause)
[3776.383s][info][gc,task        ] GC(421) Using 8 workers of 8 for evacuation
[3776.532s][info][gc,phases      ] GC(421)   Pre Evacuate Collection Set: 0.31ms
[3776.532s][info][gc,phases      ] GC(421)   Merge Heap Roots: 0.52ms
[3776.532s][info][gc,phases      ] GC(421)   Evacuate Collection Set: 147.18ms
[3776.532s][info][gc,phases      ] GC(421)   Post Evacuate Collection Set: 0.99ms
[3776.532s][info][gc,phases      ] GC(421)   Other: 0.09ms
[3776.532s][info][gc,heap        ] GC(421) Eden regions: 545->0(536)
[3776.532s][info][gc,heap        ] GC(421) Survivor regions: 41->42(74)
[3776.532s][info][gc,heap        ] GC(421) Old regions: 312->319
[3776.532s][info][gc,heap        ] GC(421) Humongous regions: 33->33
[3776.532s][info][gc,metaspace   ] GC(421) Metaspace: 30001K(30464K)->30001K(30464K) NonClass: 24588K(24832K)->24588K(24832K) Class: 5412K(5632K)->5412K(5632K)
[3776.532s][info][gc             ] GC(421) Pause Young (Concurrent Start) (G1 Evacuation Pause) 7420M->3131M(8192M) 149.216ms
[3776.532s][info][gc             ] GC(422) Concurrent Mark Cycle
[3776.532s][info][gc,marking     ] GC(422) Concurrent Scan Root Regions
[3776.532s][info][gc,cpu         ] GC(421) User=1.18s Sys=0.00s Real=0.15s
.[3776.823s][info][gc,marking     ] GC(422) Concurrent Scan Root Regions 291.010ms
[3776.823s][info][gc,marking     ] GC(422) Concurrent Mark
[3776.823s][info][gc,marking     ] GC(422) Concurrent Mark From Roots
[3776.823s][info][gc,task        ] GC(422) Using 2 workers of 2 for marking
[3777.552s][info][gc,marking     ] GC(422) Concurrent Mark From Roots 728.055ms
[3777.552s][info][gc,marking     ] GC(422) Concurrent Preclean
[3777.552s][info][gc,marking     ] GC(422) Concurrent Preclean 0.134ms
[3777.552s][info][gc,start       ] GC(422) Pause Remark
[3777.554s][info][gc             ] GC(422) Pause Remark 3973M->3405M(8192M) 1.755ms
[3777.554s][info][gc,cpu         ] GC(422) User=0.02s Sys=0.00s Real=0.01s
[3777.554s][info][gc,marking     ] GC(422) Concurrent Mark 730.224ms
[3777.554s][info][gc,marking     ] GC(422) Concurrent Rebuild Remembered Sets and Scrub Regions
.[3778.000s][info][gc,marking     ] GC(422) Concurrent Rebuild Remembered Sets and Scrub Regions 446.401ms
[3778.000s][info][gc,start       ] GC(422) Pause Cleanup
[3778.001s][info][gc             ] GC(422) Pause Cleanup 3715M->3715M(8192M) 0.272ms
[3778.001s][info][gc,cpu         ] GC(422) User=0.00s Sys=0.00s Real=0.00s
[3778.001s][info][gc,marking     ] GC(422) Concurrent Clear Claimed Marks
[3778.001s][info][gc,marking     ] GC(422) Concurrent Clear Claimed Marks 0.051ms
[3778.001s][info][gc,marking     ] GC(422) Concurrent Cleanup for Next Mark
[3778.011s][info][gc,marking     ] GC(422) Concurrent Cleanup for Next Mark 10.599ms
[3778.011s][info][gc             ] GC(422) Concurrent Mark Cycle 1479.000ms
....[3782.308s][info][gc,start       ] GC(423) Pause Young (Prepare Mixed) (G1 Evacuation Pause)
[3782.309s][info][gc,task        ] GC(423) Using 8 workers of 8 for evacuation
[3782.454s][info][gc,phases      ] GC(423)   Pre Evacuate Collection Set: 0.29ms
[3782.454s][info][gc,phases      ] GC(423)   Merge Heap Roots: 0.76ms
[3782.454s][info][gc,phases      ] GC(423)   Evacuate Collection Set: 143.60ms
[3782.454s][info][gc,phases      ] GC(423)   Post Evacuate Collection Set: 1.10ms
[3782.454s][info][gc,phases      ] GC(423)   Other: 0.09ms
[3782.454s][info][gc,heap        ] GC(423) Eden regions: 536->0(573)
[3782.454s][info][gc,heap        ] GC(423) Survivor regions: 42->41(73)
[3782.454s][info][gc,heap        ] GC(423) Old regions: 248->256
[3782.454s][info][gc,heap        ] GC(423) Humongous regions: 33->33
[3782.454s][info][gc,metaspace   ] GC(423) Metaspace: 30001K(30464K)->30001K(30464K) NonClass: 24588K(24832K)->24588K(24832K) Class: 5412K(5632K)->5412K(5632K)
[3782.454s][info][gc             ] GC(423) Pause Young (Prepare Mixed) (G1 Evacuation Pause) 6851M->2608M(8192M) 145.967ms
[3782.455s][info][gc,cpu         ] GC(423) User=1.15s Sys=0.00s Real=0.15s
......[3788.605s][info][gc,start       ] GC(424) Pause Young (Mixed) (G1 Evacuation Pause)
[3788.605s][info][gc,task        ] GC(424) Using 8 workers of 8 for evacuation
[3788.762s][info][gc,phases      ] GC(424)   Pre Evacuate Collection Set: 0.30ms
[3788.762s][info][gc,phases      ] GC(424)   Merge Heap Roots: 0.95ms
[3788.762s][info][gc,phases      ] GC(424)   Evacuate Collection Set: 154.07ms
[3788.762s][info][gc,phases      ] GC(424)   Post Evacuate Collection Set: 1.21ms
[3788.762s][info][gc,phases      ] GC(424)   Other: 0.08ms
[3788.762s][info][gc,heap        ] GC(424) Eden regions: 573->0(573)
[3788.762s][info][gc,heap        ] GC(424) Survivor regions: 41->41(77)
[3788.762s][info][gc,heap        ] GC(424) Old regions: 256->161
[3788.762s][info][gc,heap        ] GC(424) Humongous regions: 33->33
[3788.762s][info][gc,metaspace   ] GC(424) Metaspace: 30001K(30464K)->30001K(30464K) NonClass: 24588K(24832K)->24588K(24832K) Class: 5412K(5632K)->5412K(5632K)
[3788.762s][info][gc             ] GC(424) Pause Young (Mixed) (G1 Evacuation Pause) 7192M->1850M(8192M) 156.758ms
[3788.762s][info][gc,cpu         ] GC(424) User=1.24s Sys=0.00s Real=0.15s
.......[3794.949s][info][gc,start       ] GC(425) Pause Young (Mixed) (G1 Evacuation Pause)
[3794.949s][info][gc,task        ] GC(425) Using 8 workers of 8 for evacuation
[3795.105s][info][gc,phases      ] GC(425)   Pre Evacuate Collection Set: 0.26ms
[3795.105s][info][gc,phases      ] GC(425)   Merge Heap Roots: 0.77ms
[3795.105s][info][gc,phases      ] GC(425)   Evacuate Collection Set: 153.66ms
[3795.105s][info][gc,phases      ] GC(425)   Post Evacuate Collection Set: 1.06ms
[3795.105s][info][gc,phases      ] GC(425)   Other: 0.07ms
[3795.105s][info][gc,heap        ] GC(425) Eden regions: 573->0(571)
[3795.105s][info][gc,heap        ] GC(425) Survivor regions: 41->43(77)
[3795.105s][info][gc,heap        ] GC(425) Old regions: 161->142
[3795.105s][info][gc,heap        ] GC(425) Humongous regions: 33->33
[3795.105s][info][gc,metaspace   ] GC(425) Metaspace: 30001K(30464K)->30001K(30464K) NonClass: 24588K(24832K)->24588K(24832K) Class: 5412K(5632K)->5412K(5632K)
[3795.105s][info][gc             ] GC(425) Pause Young (Mixed) (G1 Evacuation Pause) 6434M->1715M(8192M) 155.961ms
[3795.105s][info][gc,cpu         ] GC(425) User=1.23s Sys=0.00s Real=0.16s
......[3801.248s][info][gc,start       ] GC(426) Pause Young (Normal) (G1 Evacuation Pause)
[3801.249s][info][gc,task        ] GC(426) Using 8 workers of 8 for evacuation
[3801.400s][info][gc,phases      ] GC(426)   Pre Evacuate Collection Set: 0.24ms
[3801.400s][info][gc,phases      ] GC(426)   Merge Heap Roots: 0.58ms
[3801.400s][info][gc,phases      ] GC(426)   Evacuate Collection Set: 149.45ms
[3801.400s][info][gc,phases      ] GC(426)   Post Evacuate Collection Set: 1.02ms
[3801.400s][info][gc,phases      ] GC(426)   Other: 0.06ms
[3801.400s][info][gc,heap        ] GC(426) Eden regions: 571->0(570)
[3801.400s][info][gc,heap        ] GC(426) Survivor regions: 43->44(77)
[3801.400s][info][gc,heap        ] GC(426) Old regions: 142->149
[3801.400s][info][gc,heap        ] GC(426) Humongous regions: 33->33
[3801.400s][info][gc,metaspace   ] GC(426) Metaspace: 30001K(30464K)->30001K(30464K) NonClass: 24588K(24832K)->24588K(24832K) Class: 5412K(5632K)->5412K(5632K)
[3801.400s][info][gc             ] GC(426) Pause Young (Normal) (G1 Evacuation Pause) 6283M->1785M(8192M) 151.501ms
[3801.400s][info][gc,cpu         ] GC(426) User=1.20s Sys=0.00s Real=0.15s
......[3807.524s][info][gc,start       ] GC(427) Pause Young (Normal) (G1 Evacuation Pause)
[3807.524s][info][gc,task        ] GC(427) Using 8 workers of 8 for evacuation
[3807.681s][info][gc,phases      ] GC(427)   Pre Evacuate Collection Set: 0.26ms
[3807.681s][info][gc,phases      ] GC(427)   Merge Heap Roots: 0.61ms
[3807.681s][info][gc,phases      ] GC(427)   Evacuate Collection Set: 155.20ms
[3807.681s][info][gc,phases      ] GC(427)   Post Evacuate Collection Set: 1.04ms
[3807.681s][info][gc,phases      ] GC(427)   Other: 0.08ms
[3807.681s][info][gc,heap        ] GC(427) Eden regions: 570->0(571)
[3807.681s][info][gc,heap        ] GC(427) Survivor regions: 44->43(77)
[3807.681s][info][gc,heap        ] GC(427) Old regions: 149->156
[3807.681s][info][gc,heap        ] GC(427) Humongous regions: 33->33
[3807.681s][info][gc,metaspace   ] GC(427) Metaspace: 30001K(30464K)->30001K(30464K) NonClass: 24588K(24832K)->24588K(24832K) Class: 5412K(5632K)->5412K(5632K)
[3807.681s][info][gc             ] GC(427) Pause Young (Normal) (G1 Evacuation Pause) 6345M->1832M(8192M) 157.325ms
[3807.681s][info][gc,cpu         ] GC(427) User=1.25s Sys=0.00s Real=0.15s
.......[3813.807s][info][gc,start       ] GC(428) Pause Young (Normal) (G1 Evacuation Pause)
[3813.807s][info][gc,task        ] GC(428) Using 8 workers of 8 for evacuation
[3813.957s][info][gc,phases      ] GC(428)   Pre Evacuate Collection Set: 0.25ms
[3813.957s][info][gc,phases      ] GC(428)   Merge Heap Roots: 0.51ms
[3813.957s][info][gc,phases      ] GC(428)   Evacuate Collection Set: 148.44ms
[3813.957s][info][gc,phases      ] GC(428)   Post Evacuate Collection Set: 1.00ms
[3813.957s][info][gc,phases      ] GC(428)   Other: 0.09ms
[3813.957s][info][gc,heap        ] GC(428) Eden regions: 571->0(571)
[3813.957s][info][gc,heap        ] GC(428) Survivor regions: 43->43(77)
[3813.957s][info][gc,heap        ] GC(428) Old regions: 156->163
[3813.957s][info][gc,heap        ] GC(428) Humongous regions: 33->33
[3813.957s][info][gc,metaspace   ] GC(428) Metaspace: 30001K(30464K)->30001K(30464K) NonClass: 24588K(24832K)->24588K(24832K) Class: 5412K(5632K)->5412K(5632K)
[3813.957s][info][gc             ] GC(428) Pause Young (Normal) (G1 Evacuation Pause) 6400M->1884M(8192M) 150.435ms
[3813.957s][info][gc,cpu         ] GC(428) User=1.20s Sys=0.00s Real=0.15s
..... (rIR:aIR:PR = 6088:6085:6085) (tPR = 89982) [OK] 
  3818s: Performance info:
         Transaction,    Success,    Partial,     Failed,   Receipts, AvgBarcode, 
             Overall,     365289,          0,          0,     347020,      59.48, 
         Response times:
             Request,    Success,    Partial,     Failed,   SkipFail,     Probes,    Samples,      min,      p50,      p90,      p95,      p99,      max, 
       TotalPurchase,     347020,          0,          0,          0,     340626,     364923,      400,     4000,     7300,     9500,    54000,   292000,
     InStorePurchase,     182643,          0,          0,          0,     179772,     192562,      400,     3800,     7200,     9500,    54000,   292000,
      OnlinePurchase,     127814,          0,          0,          0,     125446,     134212,      400,     4100,     7300,     9500,    53000,   292000,
        InstPurchase,      36563,          0,          0,          0,      35408,      38149,      500,     4100,     7400,     9500,    54000,   278000,
          AssocOfCat,        365,          0,          0,          0,        316,        420,    27000,    36000,    52000,    60950,   182750,   210000,
      AssocOfProduct,       3659,          0,          0,          0,       3383,       3867,      700,     3700,     7600,    10560,    48000,   169000,
      BusinessReport,        916,          0,          0,          0,        803,        950,    29000,    38000,    57000,    77450,   186880,   233000,
          CustBuyBeh,       3655,          0,          0,          0,       3426,       3848,      400,     4300,     6900,     9400,    62510,   168000,
       ProductReturn,       9672,          0,          0,          0,       9169,      10063,      200,     3600,     6900,     8700,    57000,   240000,

  3818s: (45%)   IR =   6227 .[3820.090s][info][gc,start       ] GC(429) Pause Young (Normal) (G1 Evacuation Pause)
[3820.090s][info][gc,task        ] GC(429) Using 8 workers of 8 for evacuation
[3820.243s][info][gc,phases      ] GC(429)   Pre Evacuate Collection Set: 0.29ms
[3820.243s][info][gc,phases      ] GC(429)   Merge Heap Roots: 0.65ms
[3820.243s][info][gc,phases      ] GC(429)   Evacuate Collection Set: 151.03ms
[3820.243s][info][gc,phases      ] GC(429)   Post Evacuate Collection Set: 1.04ms
[3820.243s][info][gc,phases      ] GC(429)   Other: 0.07ms
[3820.243s][info][gc,heap        ] GC(429) Eden regions: 571->0(571)
[3820.243s][info][gc,heap        ] GC(429) Survivor regions: 43->43(77)
[3820.243s][info][gc,heap        ] GC(429) Old regions: 163->170
[3820.243s][info][gc,heap        ] GC(429) Humongous regions: 33->33
[3820.243s][info][gc,metaspace   ] GC(429) Metaspace: 30001K(30464K)->30001K(30464K) NonClass: 24588K(24832K)->24588K(24832K) Class: 5412K(5632K)->5412K(5632K)
[3820.243s][info][gc             ] GC(429) Pause Young (Normal) (G1 Evacuation Pause) 6452M->1943M(8192M) 153.215ms
[3820.243s][info][gc,cpu         ] GC(429) User=1.21s Sys=0.00s Real=0.16s
...|...[3826.255s][info][gc,start       ] GC(430) Pause Young (Normal) (G1 Evacuation Pause)
[3826.255s][info][gc,task        ] GC(430) Using 8 workers of 8 for evacuation
[3826.408s][info][gc,phases      ] GC(430)   Pre Evacuate Collection Set: 0.25ms
[3826.408s][info][gc,phases      ] GC(430)   Merge Heap Roots: 0.53ms
[3826.408s][info][gc,phases      ] GC(430)   Evacuate Collection Set: 151.35ms
[3826.408s][info][gc,phases      ] GC(430)   Post Evacuate Collection Set: 1.04ms
[3826.408s][info][gc,phases      ] GC(430)   Other: 0.07ms
[3826.408s][info][gc,heap        ] GC(430) Eden regions: 571->0(571)
[3826.408s][info][gc,heap        ] GC(430) Survivor regions: 43->43(77)
[3826.408s][info][gc,heap        ] GC(430) Old regions: 170->178
[3826.408s][info][gc,heap        ] GC(430) Humongous regions: 33->33
[3826.408s][info][gc,metaspace   ] GC(430) Metaspace: 30001K(30464K)->30001K(30464K) NonClass: 24588K(24832K)->24588K(24832K) Class: 5412K(5632K)->5412K(5632K)
[3826.408s][info][gc             ] GC(430) Pause Young (Normal) (G1 Evacuation Pause) 6511M->2004M(8192M) 153.362ms
[3826.408s][info][gc,cpu         ] GC(430) User=1.22s Sys=0.00s Real=0.15s
......[3832.372s][info][gc,start       ] GC(431) Pause Young (Normal) (G1 Evacuation Pause)
[3832.372s][info][gc,task        ] GC(431) Using 8 workers of 8 for evacuation
[3832.522s][info][gc,phases      ] GC(431)   Pre Evacuate Collection Set: 0.23ms
[3832.522s][info][gc,phases      ] GC(431)   Merge Heap Roots: 0.53ms
[3832.522s][info][gc,phases      ] GC(431)   Evacuate Collection Set: 148.24ms
[3832.522s][info][gc,phases      ] GC(431)   Post Evacuate Collection Set: 1.02ms
[3832.522s][info][gc,phases      ] GC(431)   Other: 0.06ms
[3832.522s][info][gc,heap        ] GC(431) Eden regions: 571->0(571)
[3832.522s][info][gc,heap        ] GC(431) Survivor regions: 43->43(77)
[3832.522s][info][gc,heap        ] GC(431) Old regions: 178->185
[3832.522s][info][gc,heap        ] GC(431) Humongous regions: 33->33
[3832.522s][info][gc,metaspace   ] GC(431) Metaspace: 30001K(30464K)->30001K(30464K) NonClass: 24588K(24832K)->24588K(24832K) Class: 5412K(5632K)->5412K(5632K)
[3832.522s][info][gc             ] GC(431) Pause Young (Normal) (G1 Evacuation Pause) 6572M->2057M(8192M) 150.210ms
[3832.522s][info][gc,cpu         ] GC(431) User=1.19s Sys=0.00s Real=0.15s
......[3838.540s][info][gc,start       ] GC(432) Pause Young (Normal) (G1 Evacuation Pause)
[3838.540s][info][gc,task        ] GC(432) Using 8 workers of 8 for evacuation
[3838.691s][info][gc,phases      ] GC(432)   Pre Evacuate Collection Set: 0.24ms
[3838.691s][info][gc,phases      ] GC(432)   Merge Heap Roots: 0.62ms
[3838.691s][info][gc,phases      ] GC(432)   Evacuate Collection Set: 148.63ms
[3838.691s][info][gc,phases      ] GC(432)   Post Evacuate Collection Set: 1.00ms
[3838.691s][info][gc,phases      ] GC(432)   Other: 0.07ms
[3838.691s][info][gc,heap        ] GC(432) Eden regions: 571->0(571)
[3838.691s][info][gc,heap        ] GC(432) Survivor regions: 43->43(77)
[3838.691s][info][gc,heap        ] GC(432) Old regions: 185->192
[3838.691s][info][gc,heap        ] GC(432) Humongous regions: 33->33
[3838.691s][info][gc,metaspace   ] GC(432) Metaspace: 30001K(30464K)->30001K(30464K) NonClass: 24588K(24832K)->24588K(24832K) Class: 5412K(5632K)->5412K(5632K)
[3838.691s][info][gc             ] GC(432) Pause Young (Normal) (G1 Evacuation Pause) 6625M->2123M(8192M) 150.704ms
[3838.691s][info][gc,cpu         ] GC(432) User=1.19s Sys=0.00s Real=0.15s
......[3844.674s][info][gc,start       ] GC(433) Pause Young (Normal) (G1 Evacuation Pause)
[3844.674s][info][gc,task        ] GC(433) Using 8 workers of 8 for evacuation
[3844.824s][info][gc,phases      ] GC(433)   Pre Evacuate Collection Set: 0.24ms
[3844.824s][info][gc,phases      ] GC(433)   Merge Heap Roots: 0.53ms
[3844.824s][info][gc,phases      ] GC(433)   Evacuate Collection Set: 148.00ms
[3844.824s][info][gc,phases      ] GC(433)   Post Evacuate Collection Set: 1.02ms
[3844.824s][info][gc,phases      ] GC(433)   Other: 0.07ms
[3844.824s][info][gc,heap        ] GC(433) Eden regions: 571->0(572)
[3844.824s][info][gc,heap        ] GC(433) Survivor regions: 43->42(77)
[3844.824s][info][gc,heap        ] GC(433) Old regions: 192->199
[3844.824s][info][gc,heap        ] GC(433) Humongous regions: 33->33
[3844.824s][info][gc,metaspace   ] GC(433) Metaspace: 30001K(30464K)->30001K(30464K) NonClass: 24588K(24832K)->24588K(24832K) Class: 5412K(5632K)->5412K(5632K)
[3844.824s][info][gc             ] GC(433) Pause Young (Normal) (G1 Evacuation Pause) 6691M->2168M(8192M) 149.996ms
[3844.824s][info][gc,cpu         ] GC(433) User=1.18s Sys=0.00s Real=0.15s
......[3850.862s][info][gc,start       ] GC(434) Pause Young (Normal) (G1 Evacuation Pause)
[3850.862s][info][gc,task        ] GC(434) Using 8 workers of 8 for evacuation
[3851.017s][info][gc,phases      ] GC(434)   Pre Evacuate Collection Set: 0.28ms
[3851.017s][info][gc,phases      ] GC(434)   Merge Heap Roots: 0.62ms
[3851.017s][info][gc,phases      ] GC(434)   Evacuate Collection Set: 153.48ms
[3851.017s][info][gc,phases      ] GC(434)   Post Evacuate Collection Set: 1.01ms
[3851.017s][info][gc,phases      ] GC(434)   Other: 0.06ms
[3851.017s][info][gc,heap        ] GC(434) Eden regions: 572->0(570)
[3851.017s][info][gc,heap        ] GC(434) Survivor regions: 42->44(77)
[3851.017s][info][gc,heap        ] GC(434) Old regions: 199->206
[3851.017s][info][gc,heap        ] GC(434) Humongous regions: 33->33
[3851.017s][info][gc,metaspace   ] GC(434) Metaspace: 30001K(30464K)->30001K(30464K) NonClass: 24588K(24832K)->24588K(24832K) Class: 5412K(5632K)->5412K(5632K)
[3851.017s][info][gc             ] GC(434) Pause Young (Normal) (G1 Evacuation Pause) 6744M->2239M(8192M) 155.602ms
[3851.017s][info][gc,cpu         ] GC(434) User=1.23s Sys=0.00s Real=0.16s
.......[3857.036s][info][gc,start       ] GC(435) Pause Young (Normal) (G1 Evacuation Pause)
[3857.036s][info][gc,task        ] GC(435) Using 8 workers of 8 for evacuation
[3857.192s][info][gc,phases      ] GC(435)   Pre Evacuate Collection Set: 0.30ms
[3857.192s][info][gc,phases      ] GC(435)   Merge Heap Roots: 0.60ms
[3857.192s][info][gc,phases      ] GC(435)   Evacuate Collection Set: 154.23ms
[3857.192s][info][gc,phases      ] GC(435)   Post Evacuate Collection Set: 1.02ms
[3857.192s][info][gc,phases      ] GC(435)   Other: 0.07ms
[3857.192s][info][gc,heap        ] GC(435) Eden regions: 570->0(570)
[3857.192s][info][gc,heap        ] GC(435) Survivor regions: 44->44(77)
[3857.192s][info][gc,heap        ] GC(435) Old regions: 206->213
[3857.192s][info][gc,heap        ] GC(435) Humongous regions: 33->33
[3857.192s][info][gc,metaspace   ] GC(435) Metaspace: 30001K(30464K)->30001K(30464K) NonClass: 24588K(24832K)->24588K(24832K) Class: 5412K(5632K)->5412K(5632K)
[3857.192s][info][gc             ] GC(435) Pause Young (Normal) (G1 Evacuation Pause) 6799M->2295M(8192M) 156.365ms
[3857.192s][info][gc,cpu         ] GC(435) User=1.24s Sys=0.00s Real=0.15s
......[3863.163s][info][gc,start       ] GC(436) Pause Young (Normal) (G1 Evacuation Pause)
[3863.163s][info][gc,task        ] GC(436) Using 8 workers of 8 for evacuation
[3863.318s][info][gc,phases      ] GC(436)   Pre Evacuate Collection Set: 0.28ms
[3863.318s][info][gc,phases      ] GC(436)   Merge Heap Roots: 0.58ms
[3863.318s][info][gc,phases      ] GC(436)   Evacuate Collection Set: 152.34ms
[3863.318s][info][gc,phases      ] GC(436)   Post Evacuate Collection Set: 1.02ms
[3863.318s][info][gc,phases      ] GC(436)   Other: 0.07ms
[3863.318s][info][gc,heap        ] GC(436) Eden regions: 570->0(570)
[3863.318s][info][gc,heap        ] GC(436) Survivor regions: 44->44(77)
[3863.318s][info][gc,heap        ] GC(436) Old regions: 213->220
[3863.318s][info][gc,heap        ] GC(436) Humongous regions: 33->33
[3863.318s][info][gc,metaspace   ] GC(436) Metaspace: 30001K(30464K)->30001K(30464K) NonClass: 24588K(24832K)->24588K(24832K) Class: 5412K(5632K)->5412K(5632K)
[3863.318s][info][gc             ] GC(436) Pause Young (Normal) (G1 Evacuation Pause) 6855M->2351M(8192M) 154.432ms
[3863.318s][info][gc,cpu         ] GC(436) User=1.22s Sys=0.00s Real=0.15s
......[3869.319s][info][gc,start       ] GC(437) Pause Young (Normal) (G1 Evacuation Pause)
[3869.319s][info][gc,task        ] GC(437) Using 8 workers of 8 for evacuation
[3869.471s][info][gc,phases      ] GC(437)   Pre Evacuate Collection Set: 0.25ms
[3869.471s][info][gc,phases      ] GC(437)   Merge Heap Roots: 0.63ms
[3869.471s][info][gc,phases      ] GC(437)   Evacuate Collection Set: 150.10ms
[3869.471s][info][gc,phases      ] GC(437)   Post Evacuate Collection Set: 1.02ms
[3869.471s][info][gc,phases      ] GC(437)   Other: 0.06ms
[3869.471s][info][gc,heap        ] GC(437) Eden regions: 570->0(570)
[3869.471s][info][gc,heap        ] GC(437) Survivor regions: 44->44(77)
[3869.471s][info][gc,heap        ] GC(437) Old regions: 220->228
[3869.471s][info][gc,heap        ] GC(437) Humongous regions: 33->33
[3869.471s][info][gc,metaspace   ] GC(437) Metaspace: 30001K(30464K)->30001K(30464K) NonClass: 24588K(24832K)->24588K(24832K) Class: 5412K(5632K)->5412K(5632K)
[3869.471s][info][gc             ] GC(437) Pause Young (Normal) (G1 Evacuation Pause) 6911M->2408M(8192M) 152.206ms
[3869.471s][info][gc,cpu         ] GC(437) User=1.20s Sys=0.00s Real=0.15s
......[3875.421s][info][gc,start       ] GC(438) Pause Young (Normal) (G1 Evacuation Pause)
[3875.421s][info][gc,task        ] GC(438) Using 8 workers of 8 for evacuation
[3875.576s][info][gc,phases      ] GC(438)   Pre Evacuate Collection Set: 0.26ms
[3875.576s][info][gc,phases      ] GC(438)   Merge Heap Roots: 0.57ms
[3875.576s][info][gc,phases      ] GC(438)   Evacuate Collection Set: 152.93ms
[3875.576s][info][gc,phases      ] GC(438)   Post Evacuate Collection Set: 1.04ms
[3875.576s][info][gc,phases      ] GC(438)   Other: 0.08ms
[3875.576s][info][gc,heap        ] GC(438) Eden regions: 570->0(571)
[3875.576s][info][gc,heap        ] GC(438) Survivor regions: 44->43(77)
[3875.576s][info][gc,heap        ] GC(438) Old regions: 228->235
[3875.576s][info][gc,heap        ] GC(438) Humongous regions: 33->33
[3875.576s][info][gc,metaspace   ] GC(438) Metaspace: 30001K(30464K)->30001K(30464K) NonClass: 24588K(24832K)->24588K(24832K) Class: 5412K(5632K)->5412K(5632K)
[3875.576s][info][gc             ] GC(438) Pause Young (Normal) (G1 Evacuation Pause) 6968M->2464M(8192M) 155.011ms
[3875.576s][info][gc,cpu         ] GC(438) User=1.23s Sys=0.00s Real=0.16s
......[3881.585s][info][gc,start       ] GC(439) Pause Young (Normal) (G1 Evacuation Pause)
[3881.585s][info][gc,task        ] GC(439) Using 8 workers of 8 for evacuation
[3881.737s][info][gc,phases      ] GC(439)   Pre Evacuate Collection Set: 0.28ms
[3881.737s][info][gc,phases      ] GC(439)   Merge Heap Roots: 0.55ms
[3881.737s][info][gc,phases      ] GC(439)   Evacuate Collection Set: 150.78ms
[3881.737s][info][gc,phases      ] GC(439)   Post Evacuate Collection Set: 1.07ms
[3881.737s][info][gc,phases      ] GC(439)   Other: 0.07ms
[3881.737s][info][gc,heap        ] GC(439) Eden regions: 571->0(571)
[3881.737s][info][gc,heap        ] GC(439) Survivor regions: 43->43(77)
[3881.737s][info][gc,heap        ] GC(439) Old regions: 235->242
[3881.737s][info][gc,heap        ] GC(439) Humongous regions: 33->33
[3881.737s][info][gc,metaspace   ] GC(439) Metaspace: 30001K(30464K)->30001K(30464K) NonClass: 24588K(24832K)->24588K(24832K) Class: 5412K(5632K)->5412K(5632K)
[3881.738s][info][gc             ] GC(439) Pause Young (Normal) (G1 Evacuation Pause) 7032M->2523M(8192M) 152.877ms
[3881.738s][info][gc,cpu         ] GC(439) User=1.22s Sys=0.00s Real=0.15s
.. (rIR:aIR:PR = 6227:6225:6225) (tPR = 92193) [OK] 
  3882s: Performance info:
         Transaction,    Success,    Partial,     Failed,   Receipts, AvgBarcode, 
             Overall,     374700,          0,          0,     355976,      59.47, 
         Response times:
             Request,    Success,    Partial,     Failed,   SkipFail,     Probes,    Samples,      min,      p50,      p90,      p95,      p99,      max, 
       TotalPurchase,     355976,          0,          0,          0,     349026,     374136,      400,     4100,     7500,    10000,    57000,   209000,
     InStorePurchase,     187384,          0,          0,          0,     183993,     196960,      400,     4000,     7500,    10100,    57000,   209000,
      OnlinePurchase,     131135,          0,          0,          0,     128515,     137783,      400,     4100,     7500,     9900,    57000,   168000,
        InstPurchase,      37457,          0,          0,          0,      36518,      39393,      500,     4000,     7600,     9800,    54000,   168000,
          AssocOfCat,        374,          0,          0,          0,        302,        392,    26000,    37000,    53000,    58350,   105360,   210000,
      AssocOfProduct,       3749,          0,          0,          0,       3459,       3888,      500,     4400,     7900,    11810,    63000,   168000,
      BusinessReport,        939,          0,          0,          0,        794,        982,    23000,    38000,    56000,    74700,   205170,   245000,
          CustBuyBeh,       3741,          0,          0,          0,       3524,       4068,      300,     4200,     7500,     9800,    52000,   167000,
       ProductReturn,       9920,          0,          0,          0,       9555,      10474,      200,     4600,     7500,     9700,    64000,   167000,

  3882s: (46%)   IR =   6365 ....|[3887.607s][info][gc,start       ] GC(440) Pause Young (Normal) (G1 Evacuation Pause)
[3887.607s][info][gc,task        ] GC(440) Using 8 workers of 8 for evacuation
[3887.757s][info][gc,phases      ] GC(440)   Pre Evacuate Collection Set: 0.27ms
[3887.757s][info][gc,phases      ] GC(440)   Merge Heap Roots: 0.61ms
[3887.757s][info][gc,phases      ] GC(440)   Evacuate Collection Set: 147.55ms
[3887.757s][info][gc,phases      ] GC(440)   Post Evacuate Collection Set: 1.11ms
[3887.757s][info][gc,phases      ] GC(440)   Other: 0.06ms
[3887.757s][info][gc,heap        ] GC(440) Eden regions: 571->0(571)
[3887.757s][info][gc,heap        ] GC(440) Survivor regions: 43->43(77)
[3887.757s][info][gc,heap        ] GC(440) Old regions: 242->250
[3887.757s][info][gc,heap        ] GC(440) Humongous regions: 33->33
[3887.757s][info][gc,metaspace   ] GC(440) Metaspace: 30001K(30464K)->30001K(30464K) NonClass: 24588K(24832K)->24588K(24832K) Class: 5412K(5632K)->5412K(5632K)
[3887.757s][info][gc             ] GC(440) Pause Young (Normal) (G1 Evacuation Pause) 7091M->2577M(8192M) 149.750ms
[3887.757s][info][gc,cpu         ] GC(440) User=1.18s Sys=0.00s Real=0.15s
......[3893.585s][info][gc,start       ] GC(441) Pause Young (Normal) (G1 Evacuation Pause)
[3893.585s][info][gc,task        ] GC(441) Using 8 workers of 8 for evacuation
[3893.737s][info][gc,phases      ] GC(441)   Pre Evacuate Collection Set: 0.26ms
[3893.737s][info][gc,phases      ] GC(441)   Merge Heap Roots: 0.54ms
[3893.737s][info][gc,phases      ] GC(441)   Evacuate Collection Set: 149.62ms
[3893.737s][info][gc,phases      ] GC(441)   Post Evacuate Collection Set: 1.02ms
[3893.737s][info][gc,phases      ] GC(441)   Other: 0.07ms
[3893.737s][info][gc,heap        ] GC(441) Eden regions: 571->0(570)
[3893.737s][info][gc,heap        ] GC(441) Survivor regions: 43->44(77)
[3893.737s][info][gc,heap        ] GC(441) Old regions: 250->257
[3893.737s][info][gc,heap        ] GC(441) Humongous regions: 33->33
[3893.737s][info][gc,metaspace   ] GC(441) Metaspace: 30001K(30464K)->30001K(30464K) NonClass: 24588K(24832K)->24588K(24832K) Class: 5412K(5632K)->5412K(5632K)
[3893.737s][info][gc             ] GC(441) Pause Young (Normal) (G1 Evacuation Pause) 7145M->2641M(8192M) 151.636ms
[3893.737s][info][gc,cpu         ] GC(441) User=1.21s Sys=0.00s Real=0.15s
......[3899.644s][info][gc,start       ] GC(442) Pause Young (Normal) (G1 Evacuation Pause)
[3899.644s][info][gc,task        ] GC(442) Using 8 workers of 8 for evacuation
[3899.794s][info][gc,phases      ] GC(442)   Pre Evacuate Collection Set: 0.24ms
[3899.794s][info][gc,phases      ] GC(442)   Merge Heap Roots: 0.56ms
[3899.794s][info][gc,phases      ] GC(442)   Evacuate Collection Set: 148.55ms
[3899.794s][info][gc,phases      ] GC(442)   Post Evacuate Collection Set: 0.99ms
[3899.794s][info][gc,phases      ] GC(442)   Other: 0.06ms
[3899.794s][info][gc,heap        ] GC(442) Eden regions: 570->0(571)
[3899.794s][info][gc,heap        ] GC(442) Survivor regions: 44->43(77)
[3899.794s][info][gc,heap        ] GC(442) Old regions: 257->264
[3899.794s][info][gc,heap        ] GC(442) Humongous regions: 33->33
[3899.794s][info][gc,metaspace   ] GC(442) Metaspace: 30001K(30464K)->30001K(30464K) NonClass: 24588K(24832K)->24588K(24832K) Class: 5412K(5632K)->5412K(5632K)
[3899.794s][info][gc             ] GC(442) Pause Young (Normal) (G1 Evacuation Pause) 7201M->2692M(8192M) 150.539ms
[3899.794s][info][gc,cpu         ] GC(442) User=1.19s Sys=0.00s Real=0.15s
......[3905.603s][info][gc,start       ] GC(443) Pause Young (Normal) (G1 Evacuation Pause)
[3905.603s][info][gc,task        ] GC(443) Using 8 workers of 8 for evacuation
[3905.752s][info][gc,phases      ] GC(443)   Pre Evacuate Collection Set: 0.26ms
[3905.752s][info][gc,phases      ] GC(443)   Merge Heap Roots: 0.52ms
[3905.752s][info][gc,phases      ] GC(443)   Evacuate Collection Set: 147.02ms
[3905.752s][info][gc,phases      ] GC(443)   Post Evacuate Collection Set: 1.02ms
[3905.752s][info][gc,phases      ] GC(443)   Other: 0.06ms
[3905.752s][info][gc,heap        ] GC(443) Eden regions: 571->0(572)
[3905.752s][info][gc,heap        ] GC(443) Survivor regions: 43->42(77)
[3905.752s][info][gc,heap        ] GC(443) Old regions: 264->270
[3905.752s][info][gc,heap        ] GC(443) Humongous regions: 33->33
[3905.752s][info][gc,metaspace   ] GC(443) Metaspace: 30001K(30464K)->30001K(30464K) NonClass: 24588K(24832K)->24588K(24832K) Class: 5412K(5632K)->5412K(5632K)
[3905.752s][info][gc             ] GC(443) Pause Young (Normal) (G1 Evacuation Pause) 7260M->2739M(8192M) 149.015ms
[3905.752s][info][gc,cpu         ] GC(443) User=1.18s Sys=0.01s Real=0.15s
......[3911.638s][info][gc,start       ] GC(444) Pause Young (Normal) (G1 Evacuation Pause)
[3911.638s][info][gc,task        ] GC(444) Using 8 workers of 8 for evacuation
[3911.790s][info][gc,phases      ] GC(444)   Pre Evacuate Collection Set: 0.27ms
[3911.790s][info][gc,phases      ] GC(444)   Merge Heap Roots: 0.55ms
[3911.790s][info][gc,phases      ] GC(444)   Evacuate Collection Set: 149.56ms
[3911.790s][info][gc,phases      ] GC(444)   Post Evacuate Collection Set: 1.03ms
[3911.790s][info][gc,phases      ] GC(444)   Other: 0.06ms
[3911.790s][info][gc,heap        ] GC(444) Eden regions: 572->0(571)
[3911.790s][info][gc,heap        ] GC(444) Survivor regions: 42->43(77)
[3911.790s][info][gc,heap        ] GC(444) Old regions: 270->277
[3911.790s][info][gc,heap        ] GC(444) Humongous regions: 33->33
[3911.790s][info][gc,metaspace   ] GC(444) Metaspace: 30001K(30464K)->30001K(30464K) NonClass: 24588K(24832K)->24588K(24832K) Class: 5412K(5632K)->5412K(5632K)
[3911.790s][info][gc             ] GC(444) Pause Young (Normal) (G1 Evacuation Pause) 7315M->2803M(8192M) 151.620ms
[3911.790s][info][gc,cpu         ] GC(444) User=1.19s Sys=0.00s Real=0.15s
......[3917.658s][info][gc,start       ] GC(445) Pause Young (Normal) (G1 Evacuation Pause)
[3917.658s][info][gc,task        ] GC(445) Using 8 workers of 8 for evacuation
[3917.808s][info][gc,phases      ] GC(445)   Pre Evacuate Collection Set: 0.26ms
[3917.808s][info][gc,phases      ] GC(445)   Merge Heap Roots: 0.52ms
[3917.808s][info][gc,phases      ] GC(445)   Evacuate Collection Set: 148.19ms
[3917.808s][info][gc,phases      ] GC(445)   Post Evacuate Collection Set: 1.04ms
[3917.808s][info][gc,phases      ] GC(445)   Other: 0.07ms
[3917.808s][info][gc,heap        ] GC(445) Eden regions: 571->0(569)
[3917.808s][info][gc,heap        ] GC(445) Survivor regions: 43->43(77)
[3917.808s][info][gc,heap        ] GC(445) Old regions: 277->284
[3917.808s][info][gc,heap        ] GC(445) Humongous regions: 33->33
[3917.808s][info][gc,metaspace   ] GC(445) Metaspace: 30001K(30464K)->30001K(30464K) NonClass: 24588K(24832K)->24588K(24832K) Class: 5412K(5632K)->5412K(5632K)
[3917.808s][info][gc             ] GC(445) Pause Young (Normal) (G1 Evacuation Pause) 7371M->2853M(8192M) 150.214ms
[3917.808s][info][gc,cpu         ] GC(445) User=1.19s Sys=0.00s Real=0.15s
......[3923.659s][info][gc,start       ] GC(446) Pause Young (Normal) (G1 Evacuation Pause)
[3923.659s][info][gc,task        ] GC(446) Using 8 workers of 8 for evacuation
[3923.811s][info][gc,phases      ] GC(446)   Pre Evacuate Collection Set: 0.26ms
[3923.811s][info][gc,phases      ] GC(446)   Merge Heap Roots: 0.54ms
[3923.811s][info][gc,phases      ] GC(446)   Evacuate Collection Set: 150.38ms
[3923.811s][info][gc,phases      ] GC(446)   Post Evacuate Collection Set: 1.05ms
[3923.811s][info][gc,phases      ] GC(446)   Other: 0.06ms
[3923.811s][info][gc,heap        ] GC(446) Eden regions: 569->0(562)
[3923.811s][info][gc,heap        ] GC(446) Survivor regions: 43->43(77)
[3923.811s][info][gc,heap        ] GC(446) Old regions: 284->291
[3923.811s][info][gc,heap        ] GC(446) Humongous regions: 33->33
[3923.811s][info][gc,metaspace   ] GC(446) Metaspace: 30001K(30464K)->30001K(30464K) NonClass: 24588K(24832K)->24588K(24832K) Class: 5412K(5632K)->5412K(5632K)
[3923.811s][info][gc             ] GC(446) Pause Young (Normal) (G1 Evacuation Pause) 7405M->2915M(8192M) 152.409ms
[3923.811s][info][gc,cpu         ] GC(446) User=1.21s Sys=0.00s Real=0.15s
......[3929.614s][info][gc,start       ] GC(447) Pause Young (Normal) (G1 Evacuation Pause)
[3929.614s][info][gc,task        ] GC(447) Using 8 workers of 8 for evacuation
[3929.762s][info][gc,phases      ] GC(447)   Pre Evacuate Collection Set: 0.26ms
[3929.762s][info][gc,phases      ] GC(447)   Merge Heap Roots: 0.66ms
[3929.763s][info][gc,phases      ] GC(447)   Evacuate Collection Set: 146.34ms
[3929.763s][info][gc,phases      ] GC(447)   Post Evacuate Collection Set: 1.02ms
[3929.763s][info][gc,phases      ] GC(447)   Other: 0.07ms
[3929.763s][info][gc,heap        ] GC(447) Eden regions: 562->0(556)
[3929.763s][info][gc,heap        ] GC(447) Survivor regions: 43->42(76)
[3929.763s][info][gc,heap        ] GC(447) Old regions: 291->299
[3929.763s][info][gc,heap        ] GC(447) Humongous regions: 33->33
[3929.763s][info][gc,metaspace   ] GC(447) Metaspace: 30001K(30464K)->30001K(30464K) NonClass: 24588K(24832K)->24588K(24832K) Class: 5412K(5632K)->5412K(5632K)
[3929.763s][info][gc             ] GC(447) Pause Young (Normal) (G1 Evacuation Pause) 7411M->2965M(8192M) 148.492ms
[3929.763s][info][gc,cpu         ] GC(447) User=1.17s Sys=0.00s Real=0.14s
......[3935.431s][info][gc,start       ] GC(448) Pause Young (Normal) (G1 Evacuation Pause)
[3935.431s][info][gc,task        ] GC(448) Using 8 workers of 8 for evacuation
[3935.578s][info][gc,phases      ] GC(448)   Pre Evacuate Collection Set: 0.25ms
[3935.578s][info][gc,phases      ] GC(448)   Merge Heap Roots: 0.54ms
[3935.578s][info][gc,phases      ] GC(448)   Evacuate Collection Set: 145.10ms
[3935.578s][info][gc,phases      ] GC(448)   Post Evacuate Collection Set: 1.00ms
[3935.578s][info][gc,phases      ] GC(448)   Other: 0.07ms
[3935.578s][info][gc,heap        ] GC(448) Eden regions: 556->0(549)
[3935.578s][info][gc,heap        ] GC(448) Survivor regions: 42->42(75)
[3935.578s][info][gc,heap        ] GC(448) Old regions: 299->306
[3935.578s][info][gc,heap        ] GC(448) Humongous regions: 33->33
[3935.578s][info][gc,metaspace   ] GC(448) Metaspace: 30001K(30464K)->30001K(30464K) NonClass: 24588K(24832K)->24588K(24832K) Class: 5412K(5632K)->5412K(5632K)
[3935.578s][info][gc             ] GC(448) Pause Young (Normal) (G1 Evacuation Pause) 7413M->3019M(8192M) 147.120ms
[3935.578s][info][gc,cpu         ] GC(448) User=1.17s Sys=0.00s Real=0.15s
......[3941.181s][info][gc,start       ] GC(449) Pause Young (Normal) (G1 Evacuation Pause)
[3941.181s][info][gc,task        ] GC(449) Using 8 workers of 8 for evacuation
[3941.330s][info][gc,phases      ] GC(449)   Pre Evacuate Collection Set: 0.27ms
[3941.331s][info][gc,phases      ] GC(449)   Merge Heap Roots: 0.59ms
[3941.331s][info][gc,phases      ] GC(449)   Evacuate Collection Set: 147.46ms
[3941.331s][info][gc,phases      ] GC(449)   Post Evacuate Collection Set: 0.98ms
[3941.331s][info][gc,phases      ] GC(449)   Other: 0.08ms
[3941.331s][info][gc,heap        ] GC(449) Eden regions: 549->0(540)
[3941.331s][info][gc,heap        ] GC(449) Survivor regions: 42->43(74)
[3941.331s][info][gc,heap        ] GC(449) Old regions: 306->313
[3941.331s][info][gc,heap        ] GC(449) Humongous regions: 33->33
[3941.331s][info][gc,metaspace   ] GC(449) Metaspace: 30001K(30464K)->30001K(30464K) NonClass: 24588K(24832K)->24588K(24832K) Class: 5412K(5632K)->5412K(5632K)
[3941.331s][info][gc             ] GC(449) Pause Young (Normal) (G1 Evacuation Pause) 7411M->3087M(8192M) 149.510ms
[3941.331s][info][gc,cpu         ] GC(449) User=1.18s Sys=0.00s Real=0.15s
.....[3946.914s][info][gc,start       ] GC(450) Pause Young (Concurrent Start) (G1 Evacuation Pause)
[3946.914s][info][gc,task        ] GC(450) Using 8 workers of 8 for evacuation
[3947.064s][info][gc,phases      ] GC(450)   Pre Evacuate Collection Set: 0.29ms
[3947.064s][info][gc,phases      ] GC(450)   Merge Heap Roots: 0.54ms
[3947.064s][info][gc,phases      ] GC(450)   Evacuate Collection Set: 148.22ms
[3947.064s][info][gc,phases      ] GC(450)   Post Evacuate Collection Set: 1.00ms
[3947.064s][info][gc,phases      ] GC(450)   Other: 0.09ms
[3947.064s][info][gc,heap        ] GC(450) Eden regions: 540->0(532)
[3947.064s][info][gc,heap        ] GC(450) Survivor regions: 43->43(73)
[3947.064s][info][gc,heap        ] GC(450) Old regions: 313->321
[3947.064s][info][gc,heap        ] GC(450) Humongous regions: 33->33
[3947.064s][info][gc,metaspace   ] GC(450) Metaspace: 30001K(30464K)->30001K(30464K) NonClass: 24588K(24832K)->24588K(24832K) Class: 5412K(5632K)->5412K(5632K)
[3947.064s][info][gc             ] GC(450) Pause Young (Concurrent Start) (G1 Evacuation Pause) 7407M->3150M(8192M) 150.265ms
[3947.064s][info][gc             ] GC(451) Concurrent Mark Cycle
[3947.064s][info][gc,marking     ] GC(451) Concurrent Scan Root Regions
[3947.064s][info][gc,cpu         ] GC(450) User=1.19s Sys=0.00s Real=0.15s
. (rIR:aIR:PR = 6365:6355:6355) (tPR = 94383) [OK] 
  3947s: Performance info:
         Transaction,    Success,    Partial,     Failed,   Receipts, AvgBarcode, 
             Overall,     381460,          0,          0,     362413,      59.47, 
         Response times:
             Request,    Success,    Partial,     Failed,   SkipFail,     Probes,    Samples,      min,      p50,      p90,      p95,      p99,      max, 
       TotalPurchase,     362456,          0,          0,          0,     355886,     379840,      400,     4100,     7500,     9700,    58000,   342000,
     InStorePurchase,     190791,          0,          0,          0,     187724,     200056,      400,     4000,     7500,     9500,    58000,   342000,
      OnlinePurchase,     133499,          0,          0,          0,     130836,     139619,      400,     4200,     7600,     9900,    59000,   342000,
        InstPurchase,      38166,          0,          0,          0,      37326,      40165,      500,     4200,     7700,    10000,    58000,   268000,
          AssocOfCat,        378,          0,          0,          0,        311,        413,    24000,    36000,    52000,    65500,   183120,   204000,
      AssocOfProduct,       3818,          0,          0,          0,       3543,       3944,      900,     4600,     7700,     9875,    59000,   162000,
      BusinessReport,        951,          0,          0,          0,        833,       1011,    26000,    39000,    55000,    67800,   135400,   220000,
          CustBuyBeh,       3809,          0,          0,          0,       3485,       3929,      200,     3800,     7800,     9800,    45000,   162000,
       ProductReturn,      10094,          0,          0,          0,       9642,      10536,      200,     4300,     7400,     9400,    60000,   184000,

  3947s: (47%)   IR =   6503 [3947.408s][info][gc,marking     ] GC(451) Concurrent Scan Root Regions 343.913ms
[3947.408s][info][gc,marking     ] GC(451) Concurrent Mark
[3947.408s][info][gc,marking     ] GC(451) Concurrent Mark From Roots
[3947.408s][info][gc,task        ] GC(451) Using 2 workers of 2 for marking
[3948.135s][info][gc,marking     ] GC(451) Concurrent Mark From Roots 726.438ms
[3948.135s][info][gc,marking     ] GC(451) Concurrent Preclean
[3948.135s][info][gc,marking     ] GC(451) Concurrent Preclean 0.130ms
[3948.135s][info][gc,start       ] GC(451) Pause Remark
[3948.137s][info][gc             ] GC(451) Pause Remark 4066M->3514M(8192M) 1.754ms
[3948.137s][info][gc,cpu         ] GC(451) User=0.01s Sys=0.00s Real=0.00s
[3948.137s][info][gc,marking     ] GC(451) Concurrent Mark 729.219ms
[3948.137s][info][gc,marking     ] GC(451) Concurrent Rebuild Remembered Sets and Scrub Regions
.[3948.590s][info][gc,marking     ] GC(451) Concurrent Rebuild Remembered Sets and Scrub Regions 452.408ms
[3948.590s][info][gc,start       ] GC(451) Pause Cleanup
[3948.590s][info][gc             ] GC(451) Pause Cleanup 3878M->3878M(8192M) 0.268ms
[3948.590s][info][gc,cpu         ] GC(451) User=0.00s Sys=0.00s Real=0.00s
[3948.590s][info][gc,marking     ] GC(451) Concurrent Clear Claimed Marks
[3948.590s][info][gc,marking     ] GC(451) Concurrent Clear Claimed Marks 0.042ms
[3948.590s][info][gc,marking     ] GC(451) Concurrent Cleanup for Next Mark
[3948.597s][info][gc,marking     ] GC(451) Concurrent Cleanup for Next Mark 6.663ms
[3948.597s][info][gc             ] GC(451) Concurrent Mark Cycle 1532.869ms
....|[3952.454s][info][gc,start       ] GC(452) Pause Young (Prepare Mixed) (G1 Evacuation Pause)
[3952.454s][info][gc,task        ] GC(452) Using 8 workers of 8 for evacuation
[3952.603s][info][gc,phases      ] GC(452)   Pre Evacuate Collection Set: 0.25ms
[3952.603s][info][gc,phases      ] GC(452)   Merge Heap Roots: 0.72ms
[3952.603s][info][gc,phases      ] GC(452)   Evacuate Collection Set: 146.60ms
[3952.603s][info][gc,phases      ] GC(452)   Post Evacuate Collection Set: 1.08ms
[3952.603s][info][gc,phases      ] GC(452)   Other: 0.07ms
[3952.603s][info][gc,heap        ] GC(452) Eden regions: 532->0(572)
[3952.603s][info][gc,heap        ] GC(452) Survivor regions: 43->42(72)
[3952.603s][info][gc,heap        ] GC(452) Old regions: 252->259
[3952.603s][info][gc,heap        ] GC(452) Humongous regions: 33->33
[3952.603s][info][gc,metaspace   ] GC(452) Metaspace: 30001K(30464K)->30001K(30464K) NonClass: 24588K(24832K)->24588K(24832K) Class: 5412K(5632K)->5412K(5632K)
[3952.603s][info][gc             ] GC(452) Pause Young (Prepare Mixed) (G1 Evacuation Pause) 6854M->2650M(8192M) 148.849ms
[3952.603s][info][gc,cpu         ] GC(452) User=1.18s Sys=0.00s Real=0.15s
.....[3958.355s][info][gc,start       ] GC(453) Pause Young (Mixed) (G1 Evacuation Pause)
[3958.355s][info][gc,task        ] GC(453) Using 8 workers of 8 for evacuation
[3958.508s][info][gc,phases      ] GC(453)   Pre Evacuate Collection Set: 0.29ms
[3958.508s][info][gc,phases      ] GC(453)   Merge Heap Roots: 0.94ms
[3958.508s][info][gc,phases      ] GC(453)   Evacuate Collection Set: 150.35ms
[3958.508s][info][gc,phases      ] GC(453)   Post Evacuate Collection Set: 1.26ms
[3958.508s][info][gc,phases      ] GC(453)   Other: 0.09ms
[3958.508s][info][gc,heap        ] GC(453) Eden regions: 572->0(573)
[3958.508s][info][gc,heap        ] GC(453) Survivor regions: 42->41(77)
[3958.508s][info][gc,heap        ] GC(453) Old regions: 259->164
[3958.508s][info][gc,heap        ] GC(453) Humongous regions: 33->33
[3958.508s][info][gc,metaspace   ] GC(453) Metaspace: 30001K(30464K)->30001K(30464K) NonClass: 24588K(24832K)->24588K(24832K) Class: 5412K(5632K)->5412K(5632K)
[3958.508s][info][gc             ] GC(453) Pause Young (Mixed) (G1 Evacuation Pause) 7226M->1882M(8192M) 153.095ms
[3958.508s][info][gc,cpu         ] GC(453) User=1.21s Sys=0.00s Real=0.15s
......[3964.237s][info][gc,start       ] GC(454) Pause Young (Mixed) (G1 Evacuation Pause)
[3964.237s][info][gc,task        ] GC(454) Using 8 workers of 8 for evacuation
[3964.396s][info][gc,phases      ] GC(454)   Pre Evacuate Collection Set: 0.29ms
[3964.396s][info][gc,phases      ] GC(454)   Merge Heap Roots: 0.91ms
[3964.396s][info][gc,phases      ] GC(454)   Evacuate Collection Set: 156.85ms
[3964.396s][info][gc,phases      ] GC(454)   Post Evacuate Collection Set: 1.12ms
[3964.396s][info][gc,phases      ] GC(454)   Other: 0.10ms
[3964.396s][info][gc,heap        ] GC(454) Eden regions: 573->0(572)
[3964.396s][info][gc,heap        ] GC(454) Survivor regions: 41->42(77)
[3964.396s][info][gc,heap        ] GC(454) Old regions: 164->142
[3964.396s][info][gc,heap        ] GC(454) Humongous regions: 33->33
[3964.396s][info][gc,metaspace   ] GC(454) Metaspace: 30001K(30464K)->30001K(30464K) NonClass: 24588K(24832K)->24588K(24832K) Class: 5412K(5632K)->5412K(5632K)
[3964.396s][info][gc             ] GC(454) Pause Young (Mixed) (G1 Evacuation Pause) 6466M->1710M(8192M) 159.399ms
[3964.397s][info][gc,cpu         ] GC(454) User=1.26s Sys=0.00s Real=0.16s
......[3970.125s][info][gc,start       ] GC(455) Pause Young (Normal) (G1 Evacuation Pause)
[3970.125s][info][gc,task        ] GC(455) Using 8 workers of 8 for evacuation
[3970.283s][info][gc,phases      ] GC(455)   Pre Evacuate Collection Set: 0.26ms
[3970.283s][info][gc,phases      ] GC(455)   Merge Heap Roots: 0.58ms
[3970.283s][info][gc,phases      ] GC(455)   Evacuate Collection Set: 155.46ms
[3970.283s][info][gc,phases      ] GC(455)   Post Evacuate Collection Set: 1.05ms
[3970.283s][info][gc,phases      ] GC(455)   Other: 0.07ms
[3970.283s][info][gc,heap        ] GC(455) Eden regions: 572->0(570)
[3970.283s][info][gc,heap        ] GC(455) Survivor regions: 42->44(77)
[3970.283s][info][gc,heap        ] GC(455) Old regions: 142->149
[3970.283s][info][gc,heap        ] GC(455) Humongous regions: 33->33
[3970.283s][info][gc,metaspace   ] GC(455) Metaspace: 30001K(30464K)->30001K(30464K) NonClass: 24588K(24832K)->24588K(24832K) Class: 5412K(5632K)->5412K(5632K)
[3970.283s][info][gc             ] GC(455) Pause Young (Normal) (G1 Evacuation Pause) 6286M->1779M(8192M) 157.548ms
[3970.283s][info][gc,cpu         ] GC(455) User=1.25s Sys=0.00s Real=0.15s
......[3976.051s][info][gc,start       ] GC(456) Pause Young (Normal) (G1 Evacuation Pause)
[3976.051s][info][gc,task        ] GC(456) Using 8 workers of 8 for evacuation
[3976.201s][info][gc,phases      ] GC(456)   Pre Evacuate Collection Set: 0.25ms
[3976.201s][info][gc,phases      ] GC(456)   Merge Heap Roots: 0.52ms
[3976.201s][info][gc,phases      ] GC(456)   Evacuate Collection Set: 148.21ms
[3976.201s][info][gc,phases      ] GC(456)   Post Evacuate Collection Set: 1.01ms
[3976.201s][info][gc,phases      ] GC(456)   Other: 0.08ms
[3976.201s][info][gc,heap        ] GC(456) Eden regions: 570->0(572)
[3976.201s][info][gc,heap        ] GC(456) Survivor regions: 44->42(77)
[3976.201s][info][gc,heap        ] GC(456) Old regions: 149->156
[3976.201s][info][gc,heap        ] GC(456) Humongous regions: 33->33
[3976.201s][info][gc,metaspace   ] GC(456) Metaspace: 30001K(30464K)->30001K(30464K) NonClass: 24588K(24832K)->24588K(24832K) Class: 5412K(5632K)->5412K(5632K)
[3976.201s][info][gc             ] GC(456) Pause Young (Normal) (G1 Evacuation Pause) 6339M->1823M(8192M) 150.208ms
[3976.201s][info][gc,cpu         ] GC(456) User=1.18s Sys=0.01s Real=0.15s
......[3981.904s][info][gc,start       ] GC(457) Pause Young (Normal) (G1 Evacuation Pause)
[3981.904s][info][gc,task        ] GC(457) Using 8 workers of 8 for evacuation
[3982.060s][info][gc,phases      ] GC(457)   Pre Evacuate Collection Set: 0.27ms
[3982.060s][info][gc,phases      ] GC(457)   Merge Heap Roots: 0.55ms
[3982.060s][info][gc,phases      ] GC(457)   Evacuate Collection Set: 154.70ms
[3982.060s][info][gc,phases      ] GC(457)   Post Evacuate Collection Set: 1.02ms
[3982.060s][info][gc,phases      ] GC(457)   Other: 0.06ms
[3982.060s][info][gc,heap        ] GC(457) Eden regions: 572->0(570)
[3982.060s][info][gc,heap        ] GC(457) Survivor regions: 42->44(77)
[3982.060s][info][gc,heap        ] GC(457) Old regions: 156->163
[3982.060s][info][gc,heap        ] GC(457) Humongous regions: 33->33
[3982.060s][info][gc,metaspace   ] GC(457) Metaspace: 30001K(30464K)->30001K(30464K) NonClass: 24588K(24832K)->24588K(24832K) Class: 5412K(5632K)->5412K(5632K)
[3982.060s][info][gc             ] GC(457) Pause Young (Normal) (G1 Evacuation Pause) 6399M->1889M(8192M) 156.736ms
[3982.060s][info][gc,cpu         ] GC(457) User=1.24s Sys=0.00s Real=0.15s
......[3987.788s][info][gc,start       ] GC(458) Pause Young (Normal) (G1 Evacuation Pause)
[3987.788s][info][gc,task        ] GC(458) Using 8 workers of 8 for evacuation
[3987.937s][info][gc,phases      ] GC(458)   Pre Evacuate Collection Set: 0.27ms
[3987.937s][info][gc,phases      ] GC(458)   Merge Heap Roots: 0.58ms
[3987.937s][info][gc,phases      ] GC(458)   Evacuate Collection Set: 146.74ms
[3987.937s][info][gc,phases      ] GC(458)   Post Evacuate Collection Set: 1.07ms
[3987.937s][info][gc,phases      ] GC(458)   Other: 0.06ms
[3987.937s][info][gc,heap        ] GC(458) Eden regions: 570->0(571)
[3987.937s][info][gc,heap        ] GC(458) Survivor regions: 44->43(77)
[3987.937s][info][gc,heap        ] GC(458) Old regions: 163->170
[3987.937s][info][gc,heap        ] GC(458) Humongous regions: 33->33
[3987.937s][info][gc,metaspace   ] GC(458) Metaspace: 30001K(30464K)->30001K(30464K) NonClass: 24588K(24832K)->24588K(24832K) Class: 5412K(5632K)->5412K(5632K)
[3987.937s][info][gc             ] GC(458) Pause Young (Normal) (G1 Evacuation Pause) 6449M->1940M(8192M) 148.855ms
[3987.937s][info][gc,cpu         ] GC(458) User=1.18s Sys=0.00s Real=0.15s
......[3993.701s][info][gc,start       ] GC(459) Pause Young (Normal) (G1 Evacuation Pause)
[3993.702s][info][gc,task        ] GC(459) Using 8 workers of 8 for evacuation
[3993.852s][info][gc,phases      ] GC(459)   Pre Evacuate Collection Set: 0.27ms
[3993.852s][info][gc,phases      ] GC(459)   Merge Heap Roots: 0.51ms
[3993.852s][info][gc,phases      ] GC(459)   Evacuate Collection Set: 148.87ms
[3993.852s][info][gc,phases      ] GC(459)   Post Evacuate Collection Set: 1.05ms
[3993.852s][info][gc,phases      ] GC(459)   Other: 0.07ms
[3993.852s][info][gc,heap        ] GC(459) Eden regions: 571->0(572)
[3993.852s][info][gc,heap        ] GC(459) Survivor regions: 43->42(77)
[3993.852s][info][gc,heap        ] GC(459) Old regions: 170->177
[3993.852s][info][gc,heap        ] GC(459) Humongous regions: 33->33
[3993.852s][info][gc,metaspace   ] GC(459) Metaspace: 30001K(30464K)->30001K(30464K) NonClass: 24588K(24832K)->24588K(24832K) Class: 5412K(5632K)->5412K(5632K)
[3993.852s][info][gc             ] GC(459) Pause Young (Normal) (G1 Evacuation Pause) 6508M->1988M(8192M) 150.919ms
[3993.852s][info][gc,cpu         ] GC(459) User=1.19s Sys=0.00s Real=0.15s
......[3999.667s][info][gc,start       ] GC(460) Pause Young (Normal) (G1 Evacuation Pause)
[3999.667s][info][gc,task        ] GC(460) Using 8 workers of 8 for evacuation
[3999.818s][info][gc,phases      ] GC(460)   Pre Evacuate Collection Set: 0.30ms
[3999.818s][info][gc,phases      ] GC(460)   Merge Heap Roots: 0.67ms
[3999.818s][info][gc,phases      ] GC(460)   Evacuate Collection Set: 148.86ms
[3999.818s][info][gc,phases      ] GC(460)   Post Evacuate Collection Set: 1.00ms
[3999.818s][info][gc,phases      ] GC(460)   Other: 0.07ms
[3999.818s][info][gc,heap        ] GC(460) Eden regions: 572->0(571)
[3999.818s][info][gc,heap        ] GC(460) Survivor regions: 42->43(77)
[3999.818s][info][gc,heap        ] GC(460) Old regions: 177->184
[3999.818s][info][gc,heap        ] GC(460) Humongous regions: 33->33
[3999.818s][info][gc,metaspace   ] GC(460) Metaspace: 30001K(30464K)->30001K(30464K) NonClass: 24588K(24832K)->24588K(24832K) Class: 5412K(5632K)->5412K(5632K)
[3999.818s][info][gc             ] GC(460) Pause Young (Normal) (G1 Evacuation Pause) 6564M->2048M(8192M) 151.052ms
[3999.818s][info][gc,cpu         ] GC(460) User=1.20s Sys=0.00s Real=0.15s
.....[4005.443s][info][gc,start       ] GC(461) Pause Young (Normal) (G1 Evacuation Pause)
[4005.443s][info][gc,task        ] GC(461) Using 8 workers of 8 for evacuation
[4005.591s][info][gc,phases      ] GC(461)   Pre Evacuate Collection Set: 0.25ms
[4005.591s][info][gc,phases      ] GC(461)   Merge Heap Roots: 0.54ms
[4005.591s][info][gc,phases      ] GC(461)   Evacuate Collection Set: 146.12ms
[4005.591s][info][gc,phases      ] GC(461)   Post Evacuate Collection Set: 1.03ms
[4005.591s][info][gc,phases      ] GC(461)   Other: 0.07ms
[4005.591s][info][gc,heap        ] GC(461) Eden regions: 571->0(572)
[4005.591s][info][gc,heap        ] GC(461) Survivor regions: 43->42(77)
[4005.591s][info][gc,heap        ] GC(461) Old regions: 184->191
[4005.591s][info][gc,heap        ] GC(461) Humongous regions: 33->33
[4005.591s][info][gc,metaspace   ] GC(461) Metaspace: 30001K(30464K)->30001K(30464K) NonClass: 24588K(24832K)->24588K(24832K) Class: 5412K(5632K)->5412K(5632K)
[4005.591s][info][gc             ] GC(461) Pause Young (Normal) (G1 Evacuation Pause) 6616M->2099M(8192M) 148.125ms
[4005.591s][info][gc,cpu         ] GC(461) User=1.18s Sys=0.01s Real=0.15s
......[4011.316s][info][gc,start       ] GC(462) Pause Young (Normal) (G1 Evacuation Pause)
[4011.316s][info][gc,task        ] GC(462) Using 8 workers of 8 for evacuation
[4011.463s][info][gc,phases      ] GC(462)   Pre Evacuate Collection Set: 0.25ms
[4011.463s][info][gc,phases      ] GC(462)   Merge Heap Roots: 0.53ms
[4011.463s][info][gc,phases      ] GC(462)   Evacuate Collection Set: 144.80ms
[4011.463s][info][gc,phases      ] GC(462)   Post Evacuate Collection Set: 1.04ms
[4011.463s][info][gc,phases      ] GC(462)   Other: 0.06ms
[4011.463s][info][gc,heap        ] GC(462) Eden regions: 572->0(572)
[4011.463s][info][gc,heap        ] GC(462) Survivor regions: 42->42(77)
[4011.463s][info][gc,heap        ] GC(462) Old regions: 191->198
[4011.463s][info][gc,heap        ] GC(462) Humongous regions: 33->33
[4011.463s][info][gc,metaspace   ] GC(462) Metaspace: 30001K(30464K)->30001K(30464K) NonClass: 24588K(24832K)->24588K(24832K) Class: 5412K(5632K)->5412K(5632K)
[4011.463s][info][gc             ] GC(462) Pause Young (Normal) (G1 Evacuation Pause) 6675M->2155M(8192M) 146.801ms
[4011.463s][info][gc,cpu         ] GC(462) User=1.16s Sys=0.01s Real=0.14s
.. (rIR:aIR:PR = 6503:6505:6505) (tPR = 96400) [OK] 
  4012s: Performance info:
         Transaction,    Success,    Partial,     Failed,   Receipts, AvgBarcode, 
             Overall,     391836,          0,          0,     372260,      59.48, 
         Response times:
             Request,    Success,    Partial,     Failed,   SkipFail,     Probes,    Samples,      min,      p50,      p90,      p95,      p99,      max, 
       TotalPurchase,     372257,          0,          0,          0,     360115,     392716,      300,     4200,     7900,    10400,    61000,   293000,
     InStorePurchase,     195862,          0,          0,          0,     189270,     206085,      400,     4200,     7900,    10400,    62000,   292000,
      OnlinePurchase,     137132,          0,          0,          0,     132994,     145029,      300,     4300,     7900,    10200,    61000,   293000,
        InstPurchase,      39263,          0,          0,          0,      37851,      41602,      400,     4300,     8100,    10800,    59000,   293000,
          AssocOfCat,        392,          0,          0,          0,        324,        415,    28000,    39000,    52000,    61200,    96040,   210000,
      AssocOfProduct,       3912,          0,          0,          0,       3639,       4213,      800,     4700,     8400,    11600,    61000,   217000,
      BusinessReport,        981,          0,          0,          0,        855,       1050,    21000,    39000,    57900,    88000,   145860,   217000,
          CustBuyBeh,       3928,          0,          0,          0,       3629,       4089,      200,     2700,     7300,     8900,    50000,   283000,
       ProductReturn,      10366,          0,          0,          0,       9859,      11021,      200,     4100,     7700,     9900,    58000,   292000,

  4012s: (48%)   IR =   6642 ....|[4017.174s][info][gc,start       ] GC(463) Pause Young (Normal) (G1 Evacuation Pause)
[4017.174s][info][gc,task        ] GC(463) Using 8 workers of 8 for evacuation
[4017.325s][info][gc,phases      ] GC(463)   Pre Evacuate Collection Set: 0.24ms
[4017.326s][info][gc,phases      ] GC(463)   Merge Heap Roots: 0.57ms
[4017.326s][info][gc,phases      ] GC(463)   Evacuate Collection Set: 149.98ms
[4017.326s][info][gc,phases      ] GC(463)   Post Evacuate Collection Set: 1.01ms
[4017.326s][info][gc,phases      ] GC(463)   Other: 0.06ms
[4017.326s][info][gc,heap        ] GC(463) Eden regions: 572->0(570)
[4017.326s][info][gc,heap        ] GC(463) Survivor regions: 42->44(77)
[4017.326s][info][gc,heap        ] GC(463) Old regions: 198->205
[4017.326s][info][gc,heap        ] GC(463) Humongous regions: 33->33
[4017.326s][info][gc,metaspace   ] GC(463) Metaspace: 30001K(30464K)->30001K(30464K) NonClass: 24588K(24832K)->24588K(24832K) Class: 5412K(5632K)->5412K(5632K)
[4017.326s][info][gc             ] GC(463) Pause Young (Normal) (G1 Evacuation Pause) 6731M->2229M(8192M) 151.990ms
[4017.326s][info][gc,cpu         ] GC(463) User=1.20s Sys=0.00s Real=0.15s
......[4022.929s][info][gc,start       ] GC(464) Pause Young (Normal) (G1 Evacuation Pause)
[4022.929s][info][gc,task        ] GC(464) Using 8 workers of 8 for evacuation
[4023.079s][info][gc,phases      ] GC(464)   Pre Evacuate Collection Set: 0.27ms
[4023.079s][info][gc,phases      ] GC(464)   Merge Heap Roots: 0.54ms
[4023.079s][info][gc,phases      ] GC(464)   Evacuate Collection Set: 147.44ms
[4023.079s][info][gc,phases      ] GC(464)   Post Evacuate Collection Set: 1.05ms
[4023.079s][info][gc,phases      ] GC(464)   Other: 0.07ms
[4023.079s][info][gc,heap        ] GC(464) Eden regions: 570->0(572)
[4023.079s][info][gc,heap        ] GC(464) Survivor regions: 44->42(77)
[4023.079s][info][gc,heap        ] GC(464) Old regions: 205->212
[4023.079s][info][gc,heap        ] GC(464) Humongous regions: 33->33
[4023.079s][info][gc,metaspace   ] GC(464) Metaspace: 30001K(30464K)->30001K(30464K) NonClass: 24588K(24832K)->24588K(24832K) Class: 5412K(5632K)->5412K(5632K)
[4023.079s][info][gc             ] GC(464) Pause Young (Normal) (G1 Evacuation Pause) 6789M->2268M(8192M) 149.500ms
[4023.079s][info][gc,cpu         ] GC(464) User=1.18s Sys=0.00s Real=0.15s
......[4028.707s][info][gc,start       ] GC(465) Pause Young (Normal) (G1 Evacuation Pause)
[4028.707s][info][gc,task        ] GC(465) Using 8 workers of 8 for evacuation
[4028.857s][info][gc,phases      ] GC(465)   Pre Evacuate Collection Set: 0.26ms
[4028.857s][info][gc,phases      ] GC(465)   Merge Heap Roots: 0.55ms
[4028.857s][info][gc,phases      ] GC(465)   Evacuate Collection Set: 148.92ms
[4028.857s][info][gc,phases      ] GC(465)   Post Evacuate Collection Set: 1.03ms
[4028.857s][info][gc,phases      ] GC(465)   Other: 0.09ms
[4028.857s][info][gc,heap        ] GC(465) Eden regions: 572->0(572)
[4028.857s][info][gc,heap        ] GC(465) Survivor regions: 42->42(77)
[4028.857s][info][gc,heap        ] GC(465) Old regions: 212->219
[4028.858s][info][gc,heap        ] GC(465) Humongous regions: 33->33
[4028.858s][info][gc,metaspace   ] GC(465) Metaspace: 30001K(30464K)->30001K(30464K) NonClass: 24588K(24832K)->24588K(24832K) Class: 5412K(5632K)->5412K(5632K)
[4028.858s][info][gc             ] GC(465) Pause Young (Normal) (G1 Evacuation Pause) 6844M->2325M(8192M) 150.982ms
[4028.858s][info][gc,cpu         ] GC(465) User=1.19s Sys=0.00s Real=0.15s
.....[4034.459s][info][gc,start       ] GC(466) Pause Young (Normal) (G1 Evacuation Pause)
[4034.459s][info][gc,task        ] GC(466) Using 8 workers of 8 for evacuation
[4034.607s][info][gc,phases      ] GC(466)   Pre Evacuate Collection Set: 0.27ms
[4034.607s][info][gc,phases      ] GC(466)   Merge Heap Roots: 0.59ms
[4034.607s][info][gc,phases      ] GC(466)   Evacuate Collection Set: 145.19ms
[4034.607s][info][gc,phases      ] GC(466)   Post Evacuate Collection Set: 1.06ms
[4034.607s][info][gc,phases      ] GC(466)   Other: 0.07ms
[4034.607s][info][gc,heap        ] GC(466) Eden regions: 572->0(571)
[4034.607s][info][gc,heap        ] GC(466) Survivor regions: 42->43(77)
[4034.607s][info][gc,heap        ] GC(466) Old regions: 219->226
[4034.607s][info][gc,heap        ] GC(466) Humongous regions: 33->33
[4034.607s][info][gc,metaspace   ] GC(466) Metaspace: 30001K(30464K)->30001K(30464K) NonClass: 24588K(24832K)->24588K(24832K) Class: 5412K(5632K)->5412K(5632K)
[4034.607s][info][gc             ] GC(466) Pause Young (Normal) (G1 Evacuation Pause) 6901M->2387M(8192M) 147.316ms
[4034.607s][info][gc,cpu         ] GC(466) User=1.17s Sys=0.00s Real=0.15s
......[4040.229s][info][gc,start       ] GC(467) Pause Young (Normal) (G1 Evacuation Pause)
[4040.229s][info][gc,task        ] GC(467) Using 8 workers of 8 for evacuation
[4040.382s][info][gc,phases      ] GC(467)   Pre Evacuate Collection Set: 0.25ms
[4040.382s][info][gc,phases      ] GC(467)   Merge Heap Roots: 0.58ms
[4040.382s][info][gc,phases      ] GC(467)   Evacuate Collection Set: 150.79ms
[4040.382s][info][gc,phases      ] GC(467)   Post Evacuate Collection Set: 1.01ms
[4040.382s][info][gc,phases      ] GC(467)   Other: 0.06ms
[4040.382s][info][gc,heap        ] GC(467) Eden regions: 571->0(570)
[4040.382s][info][gc,heap        ] GC(467) Survivor regions: 43->44(77)
[4040.382s][info][gc,heap        ] GC(467) Old regions: 226->233
[4040.382s][info][gc,heap        ] GC(467) Humongous regions: 33->33
[4040.382s][info][gc,metaspace   ] GC(467) Metaspace: 30001K(30464K)->30001K(30464K) NonClass: 24588K(24832K)->24588K(24832K) Class: 5412K(5632K)->5412K(5632K)
[4040.382s][info][gc             ] GC(467) Pause Young (Normal) (G1 Evacuation Pause) 6955M->2451M(8192M) 152.814ms
[4040.382s][info][gc,cpu         ] GC(467) User=1.21s Sys=0.00s Real=0.15s
......[4045.992s][info][gc,start       ] GC(468) Pause Young (Normal) (G1 Evacuation Pause)
[4045.992s][info][gc,task        ] GC(468) Using 8 workers of 8 for evacuation
[4046.146s][info][gc,phases      ] GC(468)   Pre Evacuate Collection Set: 0.25ms
[4046.146s][info][gc,phases      ] GC(468)   Merge Heap Roots: 0.62ms
[4046.146s][info][gc,phases      ] GC(468)   Evacuate Collection Set: 152.35ms
[4046.146s][info][gc,phases      ] GC(468)   Post Evacuate Collection Set: 1.05ms
[4046.146s][info][gc,phases      ] GC(468)   Other: 0.06ms
[4046.146s][info][gc,heap        ] GC(468) Eden regions: 570->0(571)
[4046.146s][info][gc,heap        ] GC(468) Survivor regions: 44->43(77)
[4046.146s][info][gc,heap        ] GC(468) Old regions: 233->240
[4046.146s][info][gc,heap        ] GC(468) Humongous regions: 33->33
[4046.146s][info][gc,metaspace   ] GC(468) Metaspace: 30001K(30464K)->30001K(30464K) NonClass: 24588K(24832K)->24588K(24832K) Class: 5412K(5632K)->5412K(5632K)
[4046.146s][info][gc             ] GC(468) Pause Young (Normal) (G1 Evacuation Pause) 7011M->2500M(8192M) 154.490ms
[4046.146s][info][gc,cpu         ] GC(468) User=1.23s Sys=0.00s Real=0.16s
......[4051.775s][info][gc,start       ] GC(469) Pause Young (Normal) (G1 Evacuation Pause)
[4051.775s][info][gc,task        ] GC(469) Using 8 workers of 8 for evacuation
[4051.929s][info][gc,phases      ] GC(469)   Pre Evacuate Collection Set: 0.27ms
[4051.929s][info][gc,phases      ] GC(469)   Merge Heap Roots: 0.56ms
[4051.929s][info][gc,phases      ] GC(469)   Evacuate Collection Set: 151.64ms
[4051.929s][info][gc,phases      ] GC(469)   Post Evacuate Collection Set: 1.05ms
[4051.929s][info][gc,phases      ] GC(469)   Other: 0.07ms
[4051.929s][info][gc,heap        ] GC(469) Eden regions: 571->0(571)
[4051.929s][info][gc,heap        ] GC(469) Survivor regions: 43->43(77)
[4051.929s][info][gc,heap        ] GC(469) Old regions: 240->247
[4051.929s][info][gc,heap        ] GC(469) Humongous regions: 33->33
[4051.929s][info][gc,metaspace   ] GC(469) Metaspace: 30001K(30464K)->30001K(30464K) NonClass: 24588K(24832K)->24588K(24832K) Class: 5412K(5632K)->5412K(5632K)
[4051.929s][info][gc             ] GC(469) Pause Young (Normal) (G1 Evacuation Pause) 7068M->2561M(8192M) 153.718ms
[4051.929s][info][gc,cpu         ] GC(469) User=1.22s Sys=0.00s Real=0.15s
.....[4057.511s][info][gc,start       ] GC(470) Pause Young (Normal) (G1 Evacuation Pause)
[4057.511s][info][gc,task        ] GC(470) Using 8 workers of 8 for evacuation
[4057.661s][info][gc,phases      ] GC(470)   Pre Evacuate Collection Set: 0.27ms
[4057.661s][info][gc,phases      ] GC(470)   Merge Heap Roots: 0.63ms
[4057.661s][info][gc,phases      ] GC(470)   Evacuate Collection Set: 147.67ms
[4057.661s][info][gc,phases      ] GC(470)   Post Evacuate Collection Set: 1.03ms
[4057.661s][info][gc,phases      ] GC(470)   Other: 0.08ms
[4057.661s][info][gc,heap        ] GC(470) Eden regions: 571->0(572)
[4057.661s][info][gc,heap        ] GC(470) Survivor regions: 43->42(77)
[4057.661s][info][gc,heap        ] GC(470) Old regions: 247->254
[4057.661s][info][gc,heap        ] GC(470) Humongous regions: 33->33
[4057.661s][info][gc,metaspace   ] GC(470) Metaspace: 30001K(30464K)->30001K(30464K) NonClass: 24588K(24832K)->24588K(24832K) Class: 5412K(5632K)->5412K(5632K)
[4057.661s][info][gc             ] GC(470) Pause Young (Normal) (G1 Evacuation Pause) 7129M->2605M(8192M) 149.837ms
[4057.661s][info][gc,cpu         ] GC(470) User=1.18s Sys=0.00s Real=0.15s
......[4063.226s][info][gc,start       ] GC(471) Pause Young (Normal) (G1 Evacuation Pause)
[4063.226s][info][gc,task        ] GC(471) Using 8 workers of 8 for evacuation
[4063.378s][info][gc,phases      ] GC(471)   Pre Evacuate Collection Set: 0.26ms
[4063.378s][info][gc,phases      ] GC(471)   Merge Heap Roots: 0.53ms
[4063.378s][info][gc,phases      ] GC(471)   Evacuate Collection Set: 150.36ms
[4063.378s][info][gc,phases      ] GC(471)   Post Evacuate Collection Set: 1.05ms
[4063.378s][info][gc,phases      ] GC(471)   Other: 0.07ms
[4063.378s][info][gc,heap        ] GC(471) Eden regions: 572->0(571)
[4063.378s][info][gc,heap        ] GC(471) Survivor regions: 42->43(77)
[4063.378s][info][gc,heap        ] GC(471) Old regions: 254->261
[4063.378s][info][gc,heap        ] GC(471) Humongous regions: 33->33
[4063.378s][info][gc,metaspace   ] GC(471) Metaspace: 30001K(30464K)->30001K(30464K) NonClass: 24588K(24832K)->24588K(24832K) Class: 5412K(5632K)->5412K(5632K)
[4063.378s][info][gc             ] GC(471) Pause Young (Normal) (G1 Evacuation Pause) 7181M->2673M(8192M) 152.403ms
[4063.378s][info][gc,cpu         ] GC(471) User=1.20s Sys=0.00s Real=0.15s
......[4069.064s][info][gc,start       ] GC(472) Pause Young (Normal) (G1 Evacuation Pause)
[4069.064s][info][gc,task        ] GC(472) Using 8 workers of 8 for evacuation
[4069.215s][info][gc,phases      ] GC(472)   Pre Evacuate Collection Set: 0.25ms
[4069.215s][info][gc,phases      ] GC(472)   Merge Heap Roots: 0.61ms
[4069.215s][info][gc,phases      ] GC(472)   Evacuate Collection Set: 148.48ms
[4069.215s][info][gc,phases      ] GC(472)   Post Evacuate Collection Set: 1.05ms
[4069.215s][info][gc,phases      ] GC(472)   Other: 0.07ms
[4069.215s][info][gc,heap        ] GC(472) Eden regions: 571->0(571)
[4069.215s][info][gc,heap        ] GC(472) Survivor regions: 43->43(77)
[4069.215s][info][gc,heap        ] GC(472) Old regions: 261->268
[4069.215s][info][gc,heap        ] GC(472) Humongous regions: 33->33
[4069.215s][info][gc,metaspace   ] GC(472) Metaspace: 30001K(30464K)->30001K(30464K) NonClass: 24588K(24832K)->24588K(24832K) Class: 5412K(5632K)->5412K(5632K)
[4069.215s][info][gc             ] GC(472) Pause Young (Normal) (G1 Evacuation Pause) 7241M->2731M(8192M) 150.601ms
[4069.215s][info][gc,cpu         ] GC(472) User=1.19s Sys=0.01s Real=0.15s
......[4074.817s][info][gc,start       ] GC(473) Pause Young (Normal) (G1 Evacuation Pause)
[4074.817s][info][gc,task        ] GC(473) Using 8 workers of 8 for evacuation
[4074.966s][info][gc,phases      ] GC(473)   Pre Evacuate Collection Set: 0.30ms
[4074.966s][info][gc,phases      ] GC(473)   Merge Heap Roots: 0.63ms
[4074.966s][info][gc,phases      ] GC(473)   Evacuate Collection Set: 147.54ms
[4074.966s][info][gc,phases      ] GC(473)   Post Evacuate Collection Set: 1.03ms
[4074.966s][info][gc,phases      ] GC(473)   Other: 0.07ms
[4074.966s][info][gc,heap        ] GC(473) Eden regions: 571->0(572)
[4074.966s][info][gc,heap        ] GC(473) Survivor regions: 43->42(77)
[4074.966s][info][gc,heap        ] GC(473) Old regions: 268->275
[4074.966s][info][gc,heap        ] GC(473) Humongous regions: 33->33
[4074.966s][info][gc,metaspace   ] GC(473) Metaspace: 30001K(30464K)->30001K(30464K) NonClass: 24588K(24832K)->24588K(24832K) Class: 5412K(5632K)->5412K(5632K)
[4074.966s][info][gc             ] GC(473) Pause Young (Normal) (G1 Evacuation Pause) 7299M->2779M(8192M) 149.705ms
[4074.966s][info][gc,cpu         ] GC(473) User=1.19s Sys=0.00s Real=0.15s
.. (rIR:aIR:PR = 6642:6639:6639) (tPR = 98857) [OK] 
  4076s: Performance info:
         Transaction,    Success,    Partial,     Failed,   Receipts, AvgBarcode, 
             Overall,     398546,          0,          0,     378602,      59.47, 
         Response times:
             Request,    Success,    Partial,     Failed,   SkipFail,     Probes,    Samples,      min,      p50,      p90,      p95,      p99,      max, 
       TotalPurchase,     378603,          0,          0,          0,     359011,     383544,      300,     4400,     8100,    11300,    68000,   351000,
     InStorePurchase,     199401,          0,          0,          0,     188974,     201546,      300,     4400,     8100,    11300,    67000,   350000,
      OnlinePurchase,     139431,          0,          0,          0,     132544,     141538,      400,     4500,     8100,    11400,    68000,   351000,
        InstPurchase,      39771,          0,          0,          0,      37493,      40460,      400,     4400,     8000,    11100,    75000,   350000,
          AssocOfCat,        400,          0,          0,          0,        341,        432,    27000,    39000,    58000,    82100,   122670,   200000,
      AssocOfProduct,       3989,          0,          0,          0,       3677,       4124,      500,     3400,     8400,    10300,    61750,   350000,
      BusinessReport,        998,          0,          0,          0,        868,       1067,    28000,    40000,    58000,    68600,   188320,   227000,
          CustBuyBeh,       3988,          0,          0,          0,       3705,       4167,      200,     4800,     8120,    10300,    65000,   245000,
       ProductReturn,      10569,          0,          0,          0,      10046,      11098,      200,     4400,     7900,    10600,    72000,   350000,

  4076s: (49%)   IR =   6780 ...[4080.511s][info][gc,start       ] GC(474) Pause Young (Normal) (G1 Evacuation Pause)
[4080.511s][info][gc,task        ] GC(474) Using 8 workers of 8 for evacuation
[4080.659s][info][gc,phases      ] GC(474)   Pre Evacuate Collection Set: 0.27ms
[4080.659s][info][gc,phases      ] GC(474)   Merge Heap Roots: 0.55ms
[4080.659s][info][gc,phases      ] GC(474)   Evacuate Collection Set: 146.21ms
[4080.659s][info][gc,phases      ] GC(474)   Post Evacuate Collection Set: 1.07ms
[4080.659s][info][gc,phases      ] GC(474)   Other: 0.06ms
[4080.659s][info][gc,heap        ] GC(474) Eden regions: 572->0(570)
[4080.659s][info][gc,heap        ] GC(474) Survivor regions: 42->43(77)
[4080.659s][info][gc,heap        ] GC(474) Old regions: 275->283
[4080.659s][info][gc,heap        ] GC(474) Humongous regions: 33->33
[4080.659s][info][gc,metaspace   ] GC(474) Metaspace: 30001K(30464K)->30001K(30464K) NonClass: 24588K(24832K)->24588K(24832K) Class: 5412K(5632K)->5412K(5632K)
[4080.659s][info][gc             ] GC(474) Pause Young (Normal) (G1 Evacuation Pause) 7355M->2840M(8192M) 148.294ms
[4080.659s][info][gc,cpu         ] GC(474) User=1.17s Sys=0.00s Real=0.15s
....|..[4086.147s][info][gc,start       ] GC(475) Pause Young (Normal) (G1 Evacuation Pause)
[4086.147s][info][gc,task        ] GC(475) Using 8 workers of 8 for evacuation
[4086.302s][info][gc,phases      ] GC(475)   Pre Evacuate Collection Set: 0.26ms
[4086.302s][info][gc,phases      ] GC(475)   Merge Heap Roots: 0.56ms
[4086.302s][info][gc,phases      ] GC(475)   Evacuate Collection Set: 152.96ms
[4086.302s][info][gc,phases      ] GC(475)   Post Evacuate Collection Set: 1.06ms
[4086.302s][info][gc,phases      ] GC(475)   Other: 0.07ms
[4086.302s][info][gc,heap        ] GC(475) Eden regions: 570->0(563)
[4086.302s][info][gc,heap        ] GC(475) Survivor regions: 43->43(77)
[4086.302s][info][gc,heap        ] GC(475) Old regions: 283->290
[4086.302s][info][gc,heap        ] GC(475) Humongous regions: 33->33
[4086.302s][info][gc,metaspace   ] GC(475) Metaspace: 30001K(30464K)->30001K(30464K) NonClass: 24588K(24832K)->24588K(24832K) Class: 5412K(5632K)->5412K(5632K)
[4086.302s][info][gc             ] GC(475) Pause Young (Normal) (G1 Evacuation Pause) 7400M->2903M(8192M) 155.049ms
[4086.302s][info][gc,cpu         ] GC(475) User=1.23s Sys=0.00s Real=0.15s
.....[4091.707s][info][gc,start       ] GC(476) Pause Young (Normal) (G1 Evacuation Pause)
[4091.707s][info][gc,task        ] GC(476) Using 8 workers of 8 for evacuation
[4091.856s][info][gc,phases      ] GC(476)   Pre Evacuate Collection Set: 0.26ms
[4091.856s][info][gc,phases      ] GC(476)   Merge Heap Roots: 0.56ms
[4091.856s][info][gc,phases      ] GC(476)   Evacuate Collection Set: 147.96ms
[4091.856s][info][gc,phases      ] GC(476)   Post Evacuate Collection Set: 1.00ms
[4091.857s][info][gc,phases      ] GC(476)   Other: 0.06ms
[4091.857s][info][gc,heap        ] GC(476) Eden regions: 563->0(558)
[4091.857s][info][gc,heap        ] GC(476) Survivor regions: 43->42(76)
[4091.857s][info][gc,heap        ] GC(476) Old regions: 290->297
[4091.857s][info][gc,heap        ] GC(476) Humongous regions: 33->33
[4091.857s][info][gc,metaspace   ] GC(476) Metaspace: 30001K(30464K)->30001K(30464K) NonClass: 24588K(24832K)->24588K(24832K) Class: 5412K(5632K)->5412K(5632K)
[4091.857s][info][gc             ] GC(476) Pause Young (Normal) (G1 Evacuation Pause) 7407M->2951M(8192M) 149.975ms
[4091.857s][info][gc,cpu         ] GC(476) User=1.19s Sys=0.00s Real=0.15s
......[4097.226s][info][gc,start       ] GC(477) Pause Young (Normal) (G1 Evacuation Pause)
[4097.226s][info][gc,task        ] GC(477) Using 8 workers of 8 for evacuation
[4097.378s][info][gc,phases      ] GC(477)   Pre Evacuate Collection Set: 0.25ms
[4097.378s][info][gc,phases      ] GC(477)   Merge Heap Roots: 0.50ms
[4097.378s][info][gc,phases      ] GC(477)   Evacuate Collection Set: 150.24ms
[4097.378s][info][gc,phases      ] GC(477)   Post Evacuate Collection Set: 1.04ms
[4097.378s][info][gc,phases      ] GC(477)   Other: 0.06ms
[4097.378s][info][gc,heap        ] GC(477) Eden regions: 558->0(549)
[4097.378s][info][gc,heap        ] GC(477) Survivor regions: 42->43(75)
[4097.378s][info][gc,heap        ] GC(477) Old regions: 297->304
[4097.378s][info][gc,heap        ] GC(477) Humongous regions: 33->33
[4097.378s][info][gc,metaspace   ] GC(477) Metaspace: 30001K(30464K)->30001K(30464K) NonClass: 24588K(24832K)->24588K(24832K) Class: 5412K(5632K)->5412K(5632K)
[4097.379s][info][gc             ] GC(477) Pause Young (Normal) (G1 Evacuation Pause) 7415M->3017M(8192M) 152.230ms
[4097.379s][info][gc,cpu         ] GC(477) User=1.21s Sys=0.00s Real=0.15s
.....[4102.667s][info][gc,start       ] GC(478) Pause Young (Normal) (G1 Evacuation Pause)
[4102.667s][info][gc,task        ] GC(478) Using 8 workers of 8 for evacuation
[4102.821s][info][gc,phases      ] GC(478)   Pre Evacuate Collection Set: 0.25ms
[4102.821s][info][gc,phases      ] GC(478)   Merge Heap Roots: 0.57ms
[4102.821s][info][gc,phases      ] GC(478)   Evacuate Collection Set: 151.90ms
[4102.821s][info][gc,phases      ] GC(478)   Post Evacuate Collection Set: 1.00ms
[4102.821s][info][gc,phases      ] GC(478)   Other: 0.06ms
[4102.821s][info][gc,heap        ] GC(478) Eden regions: 549->0(542)
[4102.821s][info][gc,heap        ] GC(478) Survivor regions: 43->43(74)
[4102.821s][info][gc,heap        ] GC(478) Old regions: 304->311
[4102.821s][info][gc,heap        ] GC(478) Humongous regions: 33->33
[4102.821s][info][gc,metaspace   ] GC(478) Metaspace: 30001K(30464K)->30001K(30464K) NonClass: 24588K(24832K)->24588K(24832K) Class: 5412K(5632K)->5412K(5632K)
[4102.821s][info][gc             ] GC(478) Pause Young (Normal) (G1 Evacuation Pause) 7409M->3075M(8192M) 153.905ms
[4102.821s][info][gc,cpu         ] GC(478) User=1.22s Sys=0.00s Real=0.15s
......[4108.022s][info][gc,start       ] GC(479) Pause Young (Concurrent Start) (G1 Evacuation Pause)
[4108.022s][info][gc,task        ] GC(479) Using 8 workers of 8 for evacuation
[4108.169s][info][gc,phases      ] GC(479)   Pre Evacuate Collection Set: 0.28ms
[4108.169s][info][gc,phases      ] GC(479)   Merge Heap Roots: 0.52ms
[4108.169s][info][gc,phases      ] GC(479)   Evacuate Collection Set: 145.02ms
[4108.169s][info][gc,phases      ] GC(479)   Post Evacuate Collection Set: 0.97ms
[4108.169s][info][gc,phases      ] GC(479)   Other: 0.10ms
[4108.169s][info][gc,heap        ] GC(479) Eden regions: 542->0(536)
[4108.169s][info][gc,heap        ] GC(479) Survivor regions: 43->42(74)
[4108.169s][info][gc,heap        ] GC(479) Old regions: 311->319
[4108.169s][info][gc,heap        ] GC(479) Humongous regions: 33->33
[4108.169s][info][gc,metaspace   ] GC(479) Metaspace: 30001K(30464K)->30001K(30464K) NonClass: 24588K(24832K)->24588K(24832K) Class: 5412K(5632K)->5412K(5632K)
[4108.169s][info][gc             ] GC(479) Pause Young (Concurrent Start) (G1 Evacuation Pause) 7411M->3126M(8192M) 147.012ms
[4108.169s][info][gc             ] GC(480) Concurrent Mark Cycle
[4108.169s][info][gc,marking     ] GC(480) Concurrent Scan Root Regions
[4108.169s][info][gc,cpu         ] GC(479) User=1.17s Sys=0.00s Real=0.15s
[4108.491s][info][gc,marking     ] GC(480) Concurrent Scan Root Regions 321.543ms
[4108.491s][info][gc,marking     ] GC(480) Concurrent Mark
[4108.491s][info][gc,marking     ] GC(480) Concurrent Mark From Roots
[4108.491s][info][gc,task        ] GC(480) Using 2 workers of 2 for marking
.[4109.289s][info][gc,marking     ] GC(480) Concurrent Mark From Roots 798.035ms
[4109.289s][info][gc,marking     ] GC(480) Concurrent Preclean
[4109.289s][info][gc,marking     ] GC(480) Concurrent Preclean 0.156ms
[4109.289s][info][gc,start       ] GC(480) Pause Remark
[4109.291s][info][gc             ] GC(480) Pause Remark 4150M->3614M(8192M) 2.013ms
[4109.291s][info][gc,cpu         ] GC(480) User=0.01s Sys=0.00s Real=0.00s
[4109.291s][info][gc,marking     ] GC(480) Concurrent Mark 800.526ms
[4109.291s][info][gc,marking     ] GC(480) Concurrent Rebuild Remembered Sets and Scrub Regions
[4109.753s][info][gc,marking     ] GC(480) Concurrent Rebuild Remembered Sets and Scrub Regions 461.886ms
[4109.753s][info][gc,start       ] GC(480) Pause Cleanup
[4109.754s][info][gc             ] GC(480) Pause Cleanup 3978M->3978M(8192M) 0.267ms
[4109.754s][info][gc,cpu         ] GC(480) User=0.00s Sys=0.00s Real=0.00s
[4109.754s][info][gc,marking     ] GC(480) Concurrent Clear Claimed Marks
[4109.754s][info][gc,marking     ] GC(480) Concurrent Clear Claimed Marks 0.052ms
[4109.754s][info][gc,marking     ] GC(480) Concurrent Cleanup for Next Mark
[4109.772s][info][gc,marking     ] GC(480) Concurrent Cleanup for Next Mark 17.980ms
[4109.772s][info][gc             ] GC(480) Concurrent Mark Cycle 1602.712ms
....[4113.313s][info][gc,start       ] GC(481) Pause Young (Prepare Mixed) (G1 Evacuation Pause)
[4113.313s][info][gc,task        ] GC(481) Using 8 workers of 8 for evacuation
[4113.462s][info][gc,phases      ] GC(481)   Pre Evacuate Collection Set: 0.29ms
[4113.462s][info][gc,phases      ] GC(481)   Merge Heap Roots: 0.67ms
[4113.462s][info][gc,phases      ] GC(481)   Evacuate Collection Set: 146.42ms
[4113.462s][info][gc,phases      ] GC(481)   Post Evacuate Collection Set: 1.12ms
[4113.462s][info][gc,phases      ] GC(481)   Other: 0.06ms
[4113.462s][info][gc,heap        ] GC(481) Eden regions: 536->0(572)
[4113.462s][info][gc,heap        ] GC(481) Survivor regions: 42->42(73)
[4113.462s][info][gc,heap        ] GC(481) Old regions: 252->259
[4113.462s][info][gc,heap        ] GC(481) Humongous regions: 33->33
[4113.462s][info][gc,metaspace   ] GC(481) Metaspace: 30001K(30464K)->30001K(30464K) NonClass: 24588K(24832K)->24588K(24832K) Class: 5412K(5632K)->5412K(5632K)
[4113.462s][info][gc             ] GC(481) Pause Young (Prepare Mixed) (G1 Evacuation Pause) 6878M->2647M(8192M) 148.696ms
[4113.462s][info][gc,cpu         ] GC(481) User=1.18s Sys=0.00s Real=0.15s
......[4118.986s][info][gc,start       ] GC(482) Pause Young (Mixed) (G1 Evacuation Pause)
[4118.986s][info][gc,task        ] GC(482) Using 8 workers of 8 for evacuation
[4119.139s][info][gc,phases      ] GC(482)   Pre Evacuate Collection Set: 0.27ms
[4119.139s][info][gc,phases      ] GC(482)   Merge Heap Roots: 0.77ms
[4119.139s][info][gc,phases      ] GC(482)   Evacuate Collection Set: 151.17ms
[4119.139s][info][gc,phases      ] GC(482)   Post Evacuate Collection Set: 1.23ms
[4119.139s][info][gc,phases      ] GC(482)   Other: 0.08ms
[4119.139s][info][gc,heap        ] GC(482) Eden regions: 572->0(572)
[4119.139s][info][gc,heap        ] GC(482) Survivor regions: 42->42(77)
[4119.139s][info][gc,heap        ] GC(482) Old regions: 259->164
[4119.139s][info][gc,heap        ] GC(482) Humongous regions: 33->33
[4119.139s][info][gc,metaspace   ] GC(482) Metaspace: 30001K(30464K)->30001K(30464K) NonClass: 24588K(24832K)->24588K(24832K) Class: 5412K(5632K)->5412K(5632K)
[4119.139s][info][gc             ] GC(482) Pause Young (Mixed) (G1 Evacuation Pause) 7223M->1887M(8192M) 153.645ms
[4119.139s][info][gc,cpu         ] GC(482) User=1.21s Sys=0.00s Real=0.15s
.....[4124.621s][info][gc,start       ] GC(483) Pause Young (Mixed) (G1 Evacuation Pause)
[4124.621s][info][gc,task        ] GC(483) Using 8 workers of 8 for evacuation
[4124.783s][info][gc,phases      ] GC(483)   Pre Evacuate Collection Set: 0.29ms
[4124.783s][info][gc,phases      ] GC(483)   Merge Heap Roots: 0.91ms
[4124.783s][info][gc,phases      ] GC(483)   Evacuate Collection Set: 159.93ms
[4124.783s][info][gc,phases      ] GC(483)   Post Evacuate Collection Set: 1.06ms
[4124.783s][info][gc,phases      ] GC(483)   Other: 0.08ms
[4124.783s][info][gc,heap        ] GC(483) Eden regions: 572->0(571)
[4124.783s][info][gc,heap        ] GC(483) Survivor regions: 42->43(77)
[4124.783s][info][gc,heap        ] GC(483) Old regions: 164->142
[4124.783s][info][gc,heap        ] GC(483) Humongous regions: 33->33
[4124.783s][info][gc,metaspace   ] GC(483) Metaspace: 30001K(30464K)->30001K(30464K) NonClass: 24588K(24832K)->24588K(24832K) Class: 5412K(5632K)->5412K(5632K)
[4124.783s][info][gc             ] GC(483) Pause Young (Mixed) (G1 Evacuation Pause) 6463M->1719M(8192M) 162.401ms
[4124.783s][info][gc,cpu         ] GC(483) User=1.28s Sys=0.00s Real=0.16s
......[4130.269s][info][gc,start       ] GC(484) Pause Young (Normal) (G1 Evacuation Pause)
[4130.269s][info][gc,task        ] GC(484) Using 8 workers of 8 for evacuation
[4130.420s][info][gc,phases      ] GC(484)   Pre Evacuate Collection Set: 0.23ms
[4130.420s][info][gc,phases      ] GC(484)   Merge Heap Roots: 0.50ms
[4130.420s][info][gc,phases      ] GC(484)   Evacuate Collection Set: 149.13ms
[4130.420s][info][gc,phases      ] GC(484)   Post Evacuate Collection Set: 1.02ms
[4130.420s][info][gc,phases      ] GC(484)   Other: 0.07ms
[4130.420s][info][gc,heap        ] GC(484) Eden regions: 571->0(571)
[4130.420s][info][gc,heap        ] GC(484) Survivor regions: 43->43(77)
[4130.420s][info][gc,heap        ] GC(484) Old regions: 142->149
[4130.420s][info][gc,heap        ] GC(484) Humongous regions: 33->33
[4130.420s][info][gc,metaspace   ] GC(484) Metaspace: 30001K(30464K)->30001K(30464K) NonClass: 24588K(24832K)->24588K(24832K) Class: 5412K(5632K)->5412K(5632K)
[4130.420s][info][gc             ] GC(484) Pause Young (Normal) (G1 Evacuation Pause) 6287M->1775M(8192M) 151.090ms
[4130.420s][info][gc,cpu         ] GC(484) User=1.19s Sys=0.00s Real=0.15s
......[4135.883s][info][gc,start       ] GC(485) Pause Young (Normal) (G1 Evacuation Pause)
[4135.884s][info][gc,task        ] GC(485) Using 8 workers of 8 for evacuation
[4136.036s][info][gc,phases      ] GC(485)   Pre Evacuate Collection Set: 0.28ms
[4136.036s][info][gc,phases      ] GC(485)   Merge Heap Roots: 0.53ms
[4136.037s][info][gc,phases      ] GC(485)   Evacuate Collection Set: 151.00ms
[4136.037s][info][gc,phases      ] GC(485)   Post Evacuate Collection Set: 1.06ms
[4136.037s][info][gc,phases      ] GC(485)   Other: 0.06ms
[4136.037s][info][gc,heap        ] GC(485) Eden regions: 571->0(571)
[4136.037s][info][gc,heap        ] GC(485) Survivor regions: 43->43(77)
[4136.037s][info][gc,heap        ] GC(485) Old regions: 149->156
[4136.037s][info][gc,heap        ] GC(485) Humongous regions: 33->33
[4136.037s][info][gc,metaspace   ] GC(485) Metaspace: 30001K(30464K)->30001K(30464K) NonClass: 24588K(24832K)->24588K(24832K) Class: 5412K(5632K)->5412K(5632K)
[4136.037s][info][gc             ] GC(485) Pause Young (Normal) (G1 Evacuation Pause) 6343M->1832M(8192M) 153.071ms
[4136.037s][info][gc,cpu         ] GC(485) User=1.22s Sys=0.00s Real=0.15s
.....[4141.560s][info][gc,start       ] GC(486) Pause Young (Normal) (G1 Evacuation Pause)
[4141.560s][info][gc,task        ] GC(486) Using 8 workers of 8 for evacuation
[4141.711s][info][gc,phases      ] GC(486)   Pre Evacuate Collection Set: 0.24ms
[4141.711s][info][gc,phases      ] GC(486)   Merge Heap Roots: 0.55ms
[4141.711s][info][gc,phases      ] GC(486)   Evacuate Collection Set: 148.81ms
[4141.711s][info][gc,phases      ] GC(486)   Post Evacuate Collection Set: 1.03ms
[4141.711s][info][gc,phases      ] GC(486)   Other: 0.06ms
[4141.711s][info][gc,heap        ] GC(486) Eden regions: 571->0(571)
[4141.711s][info][gc,heap        ] GC(486) Survivor regions: 43->43(77)
[4141.711s][info][gc,heap        ] GC(486) Old regions: 156->163
[4141.711s][info][gc,heap        ] GC(486) Humongous regions: 33->33
[4141.711s][info][gc,metaspace   ] GC(486) Metaspace: 30001K(30464K)->30001K(30464K) NonClass: 24588K(24832K)->24588K(24832K) Class: 5412K(5632K)->5412K(5632K)
[4141.711s][info][gc             ] GC(486) Pause Young (Normal) (G1 Evacuation Pause) 6400M->1884M(8192M) 150.812ms
[4141.711s][info][gc,cpu         ] GC(486) User=1.19s Sys=0.00s Real=0.15s
... (rIR:aIR:PR = 6780:6783:6783) (tPR = 100414) [OK] 
  4143s: Performance info:
         Transaction,    Success,    Partial,     Failed,   Receipts, AvgBarcode, 
             Overall,     407641,          0,          0,     387250,      59.47, 
         Response times:
             Request,    Success,    Partial,     Failed,   SkipFail,     Probes,    Samples,      min,      p50,      p90,      p95,      p99,      max, 
       TotalPurchase,     387259,          0,          0,          0,     359766,     404805,      300,     4600,     8500,    13500,    61000,   359000,
     InStorePurchase,     203831,          0,          0,          0,     188675,     211844,      300,     4600,     8400,    13675,    63000,   352000,
      OnlinePurchase,     142734,          0,          0,          0,     132598,     149470,      300,     4500,     8500,    13700,    59000,   359000,
        InstPurchase,      40694,          0,          0,          0,      38493,      43491,      500,     4600,     8500,    12700,    62000,   290000,
          AssocOfCat,        407,          0,          0,          0,        304,        411,    25000,    40000,    56000,    89400,   166880,   206000,
      AssocOfProduct,       4087,          0,          0,          0,       3822,       4484,      700,     5200,     8650,    15000,    65150,   352000,
      BusinessReport,       1024,          0,          0,          0,        922,       1133,    25000,    41000,    60000,    81900,   186140,   210000,
          CustBuyBeh,       4077,          0,          0,          0,       3811,       4458,      300,     3500,     8000,    12705,    50410,   175000,
       ProductReturn,      10797,          0,          0,          0,      10324,      11947,      200,     4500,     8700,    12800,    62520,   171000,

  4143s: (50%)   IR =   6918 ...[4147.174s][info][gc,start       ] GC(487) Pause Young (Normal) (G1 Evacuation Pause)
[4147.174s][info][gc,task        ] GC(487) Using 8 workers of 8 for evacuation
[4147.328s][info][gc,phases      ] GC(487)   Pre Evacuate Collection Set: 0.26ms
[4147.328s][info][gc,phases      ] GC(487)   Merge Heap Roots: 0.51ms
[4147.328s][info][gc,phases      ] GC(487)   Evacuate Collection Set: 151.72ms
[4147.328s][info][gc,phases      ] GC(487)   Post Evacuate Collection Set: 1.07ms
[4147.328s][info][gc,phases      ] GC(487)   Other: 0.07ms
[4147.328s][info][gc,heap        ] GC(487) Eden regions: 571->0(571)
[4147.328s][info][gc,heap        ] GC(487) Survivor regions: 43->43(77)
[4147.328s][info][gc,heap        ] GC(487) Old regions: 163->170
[4147.328s][info][gc,heap        ] GC(487) Humongous regions: 33->33
[4147.328s][info][gc,metaspace   ] GC(487) Metaspace: 30001K(30464K)->30001K(30464K) NonClass: 24588K(24832K)->24588K(24832K) Class: 5412K(5632K)->5412K(5632K)
[4147.328s][info][gc             ] GC(487) Pause Young (Normal) (G1 Evacuation Pause) 6452M->1941M(8192M) 153.748ms
[4147.328s][info][gc,cpu         ] GC(487) User=1.22s Sys=0.00s Real=0.15s
.....[4152.630s][info][gc,start       ] GC(488) Pause Young (Normal) (G1 Evacuation Pause)
[4152.630s][info][gc,task        ] GC(488) Using 8 workers of 8 for evacuation
[4152.780s][info][gc,phases      ] GC(488)   Pre Evacuate Collection Set: 0.25ms
[4152.780s][info][gc,phases      ] GC(488)   Merge Heap Roots: 0.52ms
[4152.780s][info][gc,phases      ] GC(488)   Evacuate Collection Set: 147.35ms
[4152.780s][info][gc,phases      ] GC(488)   Post Evacuate Collection Set: 1.06ms
[4152.780s][info][gc,phases      ] GC(488)   Other: 0.06ms
[4152.780s][info][gc,heap        ] GC(488) Eden regions: 571->0(571)
[4152.780s][info][gc,heap        ] GC(488) Survivor regions: 43->43(77)
[4152.780s][info][gc,heap        ] GC(488) Old regions: 170->177
[4152.780s][info][gc,heap        ] GC(488) Humongous regions: 33->33
[4152.780s][info][gc,metaspace   ] GC(488) Metaspace: 30001K(30464K)->30001K(30464K) NonClass: 24588K(24832K)->24588K(24832K) Class: 5412K(5632K)->5412K(5632K)
[4152.780s][info][gc             ] GC(488) Pause Young (Normal) (G1 Evacuation Pause) 6509M->1995M(8192M) 149.375ms
[4152.780s][info][gc,cpu         ] GC(488) User=1.18s Sys=0.00s Real=0.15s
...|...[4158.141s][info][gc,start       ] GC(489) Pause Young (Normal) (G1 Evacuation Pause)
[4158.141s][info][gc,task        ] GC(489) Using 8 workers of 8 for evacuation
[4158.295s][info][gc,phases      ] GC(489)   Pre Evacuate Collection Set: 0.25ms
[4158.295s][info][gc,phases      ] GC(489)   Merge Heap Roots: 0.51ms
[4158.295s][info][gc,phases      ] GC(489)   Evacuate Collection Set: 152.02ms
[4158.295s][info][gc,phases      ] GC(489)   Post Evacuate Collection Set: 1.04ms
[4158.295s][info][gc,phases      ] GC(489)   Other: 0.06ms
[4158.295s][info][gc,heap        ] GC(489) Eden regions: 571->0(570)
[4158.295s][info][gc,heap        ] GC(489) Survivor regions: 43->44(77)
[4158.295s][info][gc,heap        ] GC(489) Old regions: 177->184
[4158.295s][info][gc,heap        ] GC(489) Humongous regions: 33->33
[4158.295s][info][gc,metaspace   ] GC(489) Metaspace: 30001K(30464K)->30001K(30464K) NonClass: 24588K(24832K)->24588K(24832K) Class: 5412K(5632K)->5412K(5632K)
[4158.295s][info][gc             ] GC(489) Pause Young (Normal) (G1 Evacuation Pause) 6563M->2059M(8192M) 154.010ms
[4158.295s][info][gc,cpu         ] GC(489) User=1.22s Sys=0.00s Real=0.16s
.....[4163.660s][info][gc,start       ] GC(490) Pause Young (Normal) (G1 Evacuation Pause)
[4163.660s][info][gc,task        ] GC(490) Using 8 workers of 8 for evacuation
[4163.812s][info][gc,phases      ] GC(490)   Pre Evacuate Collection Set: 0.25ms
[4163.812s][info][gc,phases      ] GC(490)   Merge Heap Roots: 0.57ms
[4163.812s][info][gc,phases      ] GC(490)   Evacuate Collection Set: 150.26ms
[4163.812s][info][gc,phases      ] GC(490)   Post Evacuate Collection Set: 1.01ms
[4163.812s][info][gc,phases      ] GC(490)   Other: 0.06ms
[4163.813s][info][gc,heap        ] GC(490) Eden regions: 570->0(572)
[4163.813s][info][gc,heap        ] GC(490) Survivor regions: 44->42(77)
[4163.813s][info][gc,heap        ] GC(490) Old regions: 184->191
[4163.813s][info][gc,heap        ] GC(490) Humongous regions: 33->33
[4163.813s][info][gc,metaspace   ] GC(490) Metaspace: 30004K(30464K)->30004K(30464K) NonClass: 24591K(24832K)->24591K(24832K) Class: 5412K(5632K)->5412K(5632K)
[4163.813s][info][gc             ] GC(490) Pause Young (Normal) (G1 Evacuation Pause) 6619M->2103M(8192M) 152.293ms
[4163.813s][info][gc,cpu         ] GC(490) User=1.21s Sys=0.00s Real=0.15s
......[4169.203s][info][gc,start       ] GC(491) Pause Young (Normal) (G1 Evacuation Pause)
[4169.203s][info][gc,task        ] GC(491) Using 8 workers of 8 for evacuation
[4169.360s][info][gc,phases      ] GC(491)   Pre Evacuate Collection Set: 0.28ms
[4169.360s][info][gc,phases      ] GC(491)   Merge Heap Roots: 0.55ms
[4169.360s][info][gc,phases      ] GC(491)   Evacuate Collection Set: 154.98ms
[4169.360s][info][gc,phases      ] GC(491)   Post Evacuate Collection Set: 1.01ms
[4169.360s][info][gc,phases      ] GC(491)   Other: 0.06ms
[4169.360s][info][gc,heap        ] GC(491) Eden regions: 572->0(569)
[4169.360s][info][gc,heap        ] GC(491) Survivor regions: 42->45(77)
[4169.360s][info][gc,heap        ] GC(491) Old regions: 191->198
[4169.360s][info][gc,heap        ] GC(491) Humongous regions: 33->33
[4169.360s][info][gc,metaspace   ] GC(491) Metaspace: 30004K(30464K)->30004K(30464K) NonClass: 24591K(24832K)->24591K(24832K) Class: 5412K(5632K)->5412K(5632K)
[4169.360s][info][gc             ] GC(491) Pause Young (Normal) (G1 Evacuation Pause) 6679M->2179M(8192M) 157.014ms
[4169.360s][info][gc,cpu         ] GC(491) User=1.24s Sys=0.00s Real=0.16s
.....[4174.784s][info][gc,start       ] GC(492) Pause Young (Normal) (G1 Evacuation Pause)
[4174.784s][info][gc,task        ] GC(492) Using 8 workers of 8 for evacuation
[4174.936s][info][gc,phases      ] GC(492)   Pre Evacuate Collection Set: 0.28ms
[4174.936s][info][gc,phases      ] GC(492)   Merge Heap Roots: 0.57ms
[4174.936s][info][gc,phases      ] GC(492)   Evacuate Collection Set: 149.83ms
[4174.936s][info][gc,phases      ] GC(492)   Post Evacuate Collection Set: 1.05ms
[4174.936s][info][gc,phases      ] GC(492)   Other: 0.06ms
[4174.936s][info][gc,heap        ] GC(492) Eden regions: 569->0(571)
[4174.936s][info][gc,heap        ] GC(492) Survivor regions: 45->43(77)
[4174.936s][info][gc,heap        ] GC(492) Old regions: 198->205
[4174.936s][info][gc,heap        ] GC(492) Humongous regions: 33->33
[4174.936s][info][gc,metaspace   ] GC(492) Metaspace: 30004K(30464K)->30004K(30464K) NonClass: 24591K(24832K)->24591K(24832K) Class: 5412K(5632K)->5412K(5632K)
[4174.936s][info][gc             ] GC(492) Pause Young (Normal) (G1 Evacuation Pause) 6731M->2221M(8192M) 151.925ms
[4174.936s][info][gc,cpu         ] GC(492) User=1.21s Sys=0.00s Real=0.15s
......[4180.220s][info][gc,start       ] GC(493) Pause Young (Normal) (G1 Evacuation Pause)
[4180.220s][info][gc,task        ] GC(493) Using 8 workers of 8 for evacuation
[4180.375s][info][gc,phases      ] GC(493)   Pre Evacuate Collection Set: 0.26ms
[4180.375s][info][gc,phases      ] GC(493)   Merge Heap Roots: 0.55ms
[4180.375s][info][gc,phases      ] GC(493)   Evacuate Collection Set: 153.15ms
[4180.375s][info][gc,phases      ] GC(493)   Post Evacuate Collection Set: 1.02ms
[4180.375s][info][gc,phases      ] GC(493)   Other: 0.07ms
[4180.375s][info][gc,heap        ] GC(493) Eden regions: 571->0(571)
[4180.375s][info][gc,heap        ] GC(493) Survivor regions: 43->43(77)
[4180.375s][info][gc,heap        ] GC(493) Old regions: 205->212
[4180.375s][info][gc,heap        ] GC(493) Humongous regions: 33->33
[4180.375s][info][gc,metaspace   ] GC(493) Metaspace: 30004K(30464K)->30004K(30464K) NonClass: 24591K(24832K)->24591K(24832K) Class: 5412K(5632K)->5412K(5632K)
[4180.375s][info][gc             ] GC(493) Pause Young (Normal) (G1 Evacuation Pause) 6789M->2283M(8192M) 155.180ms
[4180.375s][info][gc,cpu         ] GC(493) User=1.23s Sys=0.00s Real=0.16s
.....[4185.798s][info][gc,start       ] GC(494) Pause Young (Normal) (G1 Evacuation Pause)
[4185.798s][info][gc,task        ] GC(494) Using 8 workers of 8 for evacuation
[4185.954s][info][gc,phases      ] GC(494)   Pre Evacuate Collection Set: 0.26ms
[4185.954s][info][gc,phases      ] GC(494)   Merge Heap Roots: 0.54ms
[4185.954s][info][gc,phases      ] GC(494)   Evacuate Collection Set: 154.19ms
[4185.954s][info][gc,phases      ] GC(494)   Post Evacuate Collection Set: 1.02ms
[4185.954s][info][gc,phases      ] GC(494)   Other: 0.06ms
[4185.954s][info][gc,heap        ] GC(494) Eden regions: 571->0(570)
[4185.954s][info][gc,heap        ] GC(494) Survivor regions: 43->44(77)
[4185.954s][info][gc,heap        ] GC(494) Old regions: 212->220
[4185.954s][info][gc,heap        ] GC(494) Humongous regions: 33->33
[4185.954s][info][gc,metaspace   ] GC(494) Metaspace: 30004K(30464K)->30004K(30464K) NonClass: 24591K(24832K)->24591K(24832K) Class: 5412K(5632K)->5412K(5632K)
[4185.954s][info][gc             ] GC(494) Pause Young (Normal) (G1 Evacuation Pause) 6851M->2348M(8192M) 156.185ms
[4185.954s][info][gc,cpu         ] GC(494) User=1.24s Sys=0.00s Real=0.16s
......[4191.279s][info][gc,start       ] GC(495) Pause Young (Normal) (G1 Evacuation Pause)
[4191.279s][info][gc,task        ] GC(495) Using 8 workers of 8 for evacuation
[4191.433s][info][gc,phases      ] GC(495)   Pre Evacuate Collection Set: 0.26ms
[4191.433s][info][gc,phases      ] GC(495)   Merge Heap Roots: 0.58ms
[4191.433s][info][gc,phases      ] GC(495)   Evacuate Collection Set: 152.59ms
[4191.433s][info][gc,phases      ] GC(495)   Post Evacuate Collection Set: 1.05ms
[4191.433s][info][gc,phases      ] GC(495)   Other: 0.06ms
[4191.433s][info][gc,heap        ] GC(495) Eden regions: 570->0(570)
[4191.433s][info][gc,heap        ] GC(495) Survivor regions: 44->44(77)
[4191.433s][info][gc,heap        ] GC(495) Old regions: 220->227
[4191.433s][info][gc,heap        ] GC(495) Humongous regions: 33->33
[4191.433s][info][gc,metaspace   ] GC(495) Metaspace: 30004K(30464K)->30004K(30464K) NonClass: 24591K(24832K)->24591K(24832K) Class: 5412K(5632K)->5412K(5632K)
[4191.433s][info][gc             ] GC(495) Pause Young (Normal) (G1 Evacuation Pause) 6908M->2403M(8192M) 154.670ms
[4191.433s][info][gc,cpu         ] GC(495) User=1.22s Sys=0.00s Real=0.16s
.....[4196.821s][info][gc,start       ] GC(496) Pause Young (Normal) (G1 Evacuation Pause)
[4196.821s][info][gc,task        ] GC(496) Using 8 workers of 8 for evacuation
[4196.971s][info][gc,phases      ] GC(496)   Pre Evacuate Collection Set: 0.26ms
[4196.971s][info][gc,phases      ] GC(496)   Merge Heap Roots: 0.55ms
[4196.971s][info][gc,phases      ] GC(496)   Evacuate Collection Set: 147.80ms
[4196.971s][info][gc,phases      ] GC(496)   Post Evacuate Collection Set: 1.04ms
[4196.971s][info][gc,phases      ] GC(496)   Other: 0.06ms
[4196.971s][info][gc,heap        ] GC(496) Eden regions: 570->0(571)
[4196.971s][info][gc,heap        ] GC(496) Survivor regions: 44->43(77)
[4196.971s][info][gc,heap        ] GC(496) Old regions: 227->234
[4196.971s][info][gc,heap        ] GC(496) Humongous regions: 33->33
[4196.971s][info][gc,metaspace   ] GC(496) Metaspace: 30004K(30464K)->30004K(30464K) NonClass: 24591K(24832K)->24591K(24832K) Class: 5412K(5632K)->5412K(5632K)
[4196.971s][info][gc             ] GC(496) Pause Young (Normal) (G1 Evacuation Pause) 6963M->2451M(8192M) 149.848ms
[4196.971s][info][gc,cpu         ] GC(496) User=1.19s Sys=0.00s Real=0.15s
......[4202.354s][info][gc,start       ] GC(497) Pause Young (Normal) (G1 Evacuation Pause)
[4202.354s][info][gc,task        ] GC(497) Using 8 workers of 8 for evacuation
[4202.505s][info][gc,phases      ] GC(497)   Pre Evacuate Collection Set: 0.25ms
[4202.505s][info][gc,phases      ] GC(497)   Merge Heap Roots: 0.60ms
[4202.505s][info][gc,phases      ] GC(497)   Evacuate Collection Set: 148.53ms
[4202.505s][info][gc,phases      ] GC(497)   Post Evacuate Collection Set: 1.03ms
[4202.505s][info][gc,phases      ] GC(497)   Other: 0.08ms
[4202.505s][info][gc,heap        ] GC(497) Eden regions: 571->0(571)
[4202.505s][info][gc,heap        ] GC(497) Survivor regions: 43->43(77)
[4202.505s][info][gc,heap        ] GC(497) Old regions: 234->241
[4202.505s][info][gc,heap        ] GC(497) Humongous regions: 33->33
[4202.505s][info][gc,metaspace   ] GC(497) Metaspace: 30004K(30464K)->30004K(30464K) NonClass: 24591K(24832K)->24591K(24832K) Class: 5412K(5632K)->5412K(5632K)
[4202.505s][info][gc             ] GC(497) Pause Young (Normal) (G1 Evacuation Pause) 7019M->2507M(8192M) 150.616ms
[4202.505s][info][gc,cpu         ] GC(497) User=1.19s Sys=0.00s Real=0.15s
.....[4207.907s][info][gc,start       ] GC(498) Pause Young (Normal) (G1 Evacuation Pause)
[4207.907s][info][gc,task        ] GC(498) Using 8 workers of 8 for evacuation
[4208.056s][info][gc,phases      ] GC(498)   Pre Evacuate Collection Set: 0.30ms
[4208.056s][info][gc,phases      ] GC(498)   Merge Heap Roots: 0.63ms
[4208.056s][info][gc,phases      ] GC(498)   Evacuate Collection Set: 146.60ms
[4208.056s][info][gc,phases      ] GC(498)   Post Evacuate Collection Set: 1.02ms
[4208.056s][info][gc,phases      ] GC(498)   Other: 0.07ms
[4208.056s][info][gc,heap        ] GC(498) Eden regions: 571->0(571)
[4208.056s][info][gc,heap        ] GC(498) Survivor regions: 43->43(77)
[4208.056s][info][gc,heap        ] GC(498) Old regions: 241->248
[4208.056s][info][gc,heap        ] GC(498) Humongous regions: 33->33
[4208.056s][info][gc,metaspace   ] GC(498) Metaspace: 30004K(30464K)->30004K(30464K) NonClass: 24591K(24832K)->24591K(24832K) Class: 5412K(5632K)->5412K(5632K)
[4208.056s][info][gc             ] GC(498) Pause Young (Normal) (G1 Evacuation Pause) 7075M->2563M(8192M) 148.744ms
[4208.056s][info][gc,cpu         ] GC(498) User=1.18s Sys=0.00s Real=0.15s
......[4213.436s][info][gc,start       ] GC(499) Pause Young (Normal) (G1 Evacuation Pause)
[4213.437s][info][gc,task        ] GC(499) Using 8 workers of 8 for evacuation
[4213.593s][info][gc,phases      ] GC(499)   Pre Evacuate Collection Set: 0.25ms
[4213.593s][info][gc,phases      ] GC(499)   Merge Heap Roots: 0.69ms
[4213.593s][info][gc,phases      ] GC(499)   Evacuate Collection Set: 154.20ms
[4213.593s][info][gc,phases      ] GC(499)   Post Evacuate Collection Set: 1.05ms
[4213.593s][info][gc,phases      ] GC(499)   Other: 0.06ms
[4213.593s][info][gc,heap        ] GC(499) Eden regions: 571->0(570)
[4213.593s][info][gc,heap        ] GC(499) Survivor regions: 43->44(77)
[4213.593s][info][gc,heap        ] GC(499) Old regions: 248->255
[4213.593s][info][gc,heap        ] GC(499) Humongous regions: 33->33
[4213.593s][info][gc,metaspace   ] GC(499) Metaspace: 30004K(30464K)->30004K(30464K) NonClass: 24591K(24832K)->24591K(24832K) Class: 5412K(5632K)->5412K(5632K)
[4213.593s][info][gc             ] GC(499) Pause Young (Normal) (G1 Evacuation Pause) 7131M->2625M(8192M) 156.389ms
[4213.593s][info][gc,cpu         ] GC(499) User=1.24s Sys=0.00s Real=0.15s
.. (rIR:aIR:PR = 6918:6919:6919) (tPR = 102765) [OK] 
  4214s: Performance info:
         Transaction,    Success,    Partial,     Failed,   Receipts, AvgBarcode, 
             Overall,     415808,          0,          0,     395097,      59.48, 
         Response times:
             Request,    Success,    Partial,     Failed,   SkipFail,     Probes,    Samples,      min,      p50,      p90,      p95,      p99,      max, 
       TotalPurchase,     395097,          0,          0,          0,     359425,     429112,      300,     4700,     8700,    11900,    64000,   377000,
     InStorePurchase,     208251,          0,          0,          0,     189417,     225611,      300,     4800,     8700,    11900,    64000,   376000,
      OnlinePurchase,     145341,          0,          0,          0,     131921,     157551,      300,     4700,     8700,    11700,    64000,   377000,
        InstPurchase,      41505,          0,          0,          0,      38087,      45950,      500,     4700,     8800,    12200,    58000,   376000,
          AssocOfCat,        414,          0,          0,          0,        332,        480,    28000,    40000,    56000,    66750,   138750,   215000,
      AssocOfProduct,       4161,          0,          0,          0,       3835,       4811,      700,     4900,     9000,    12900,    66880,   165000,
      BusinessReport,       1038,          0,          0,          0,        911,       1209,    25000,    41000,    60000,    76500,   198900,   231000,
          CustBuyBeh,       4143,          0,          0,          0,       3873,       4839,      300,     5400,     8900,    12400,    62600,   314000,
       ProductReturn,      10955,          0,          0,          0,       9481,      11665,      200,     4500,     8500,    12100,    64000,   295000,

  4214s: (51%)   IR =   7057 ...[4218.897s][info][gc,start       ] GC(500) Pause Young (Normal) (G1 Evacuation Pause)
[4218.897s][info][gc,task        ] GC(500) Using 8 workers of 8 for evacuation
[4219.048s][info][gc,phases      ] GC(500)   Pre Evacuate Collection Set: 0.25ms
[4219.048s][info][gc,phases      ] GC(500)   Merge Heap Roots: 0.55ms
[4219.048s][info][gc,phases      ] GC(500)   Evacuate Collection Set: 148.87ms
[4219.048s][info][gc,phases      ] GC(500)   Post Evacuate Collection Set: 1.08ms
[4219.048s][info][gc,phases      ] GC(500)   Other: 0.06ms
[4219.048s][info][gc,heap        ] GC(500) Eden regions: 570->0(571)
[4219.048s][info][gc,heap        ] GC(500) Survivor regions: 44->43(77)
[4219.048s][info][gc,heap        ] GC(500) Old regions: 255->262
[4219.048s][info][gc,heap        ] GC(500) Humongous regions: 33->33
[4219.048s][info][gc,metaspace   ] GC(500) Metaspace: 30007K(30464K)->30007K(30464K) NonClass: 24594K(24832K)->24594K(24832K) Class: 5412K(5632K)->5412K(5632K)
[4219.048s][info][gc             ] GC(500) Pause Young (Normal) (G1 Evacuation Pause) 7185M->2676M(8192M) 150.948ms
[4219.048s][info][gc,cpu         ] GC(500) User=1.19s Sys=0.01s Real=0.15s
..|....[4224.320s][info][gc,start       ] GC(501) Pause Young (Normal) (G1 Evacuation Pause)
[4224.320s][info][gc,task        ] GC(501) Using 8 workers of 8 for evacuation
[4224.469s][info][gc,phases      ] GC(501)   Pre Evacuate Collection Set: 0.25ms
[4224.469s][info][gc,phases      ] GC(501)   Merge Heap Roots: 0.65ms
[4224.469s][info][gc,phases      ] GC(501)   Evacuate Collection Set: 146.54ms
[4224.469s][info][gc,phases      ] GC(501)   Post Evacuate Collection Set: 1.04ms
[4224.469s][info][gc,phases      ] GC(501)   Other: 0.06ms
[4224.469s][info][gc,heap        ] GC(501) Eden regions: 571->0(572)
[4224.469s][info][gc,heap        ] GC(501) Survivor regions: 43->42(77)
[4224.469s][info][gc,heap        ] GC(501) Old regions: 262->269
[4224.469s][info][gc,heap        ] GC(501) Humongous regions: 33->33
[4224.469s][info][gc,metaspace   ] GC(501) Metaspace: 30007K(30464K)->30007K(30464K) NonClass: 24594K(24832K)->24594K(24832K) Class: 5412K(5632K)->5412K(5632K)
[4224.469s][info][gc             ] GC(501) Pause Young (Normal) (G1 Evacuation Pause) 7244M->2728M(8192M) 148.681ms
[4224.469s][info][gc,cpu         ] GC(501) User=1.18s Sys=0.00s Real=0.15s
.....[4229.754s][info][gc,start       ] GC(502) Pause Young (Normal) (G1 Evacuation Pause)
[4229.754s][info][gc,task        ] GC(502) Using 8 workers of 8 for evacuation
[4229.904s][info][gc,phases      ] GC(502)   Pre Evacuate Collection Set: 0.26ms
[4229.904s][info][gc,phases      ] GC(502)   Merge Heap Roots: 0.54ms
[4229.904s][info][gc,phases      ] GC(502)   Evacuate Collection Set: 148.07ms
[4229.904s][info][gc,phases      ] GC(502)   Post Evacuate Collection Set: 1.04ms
[4229.904s][info][gc,phases      ] GC(502)   Other: 0.07ms
[4229.904s][info][gc,heap        ] GC(502) Eden regions: 572->0(572)
[4229.904s][info][gc,heap        ] GC(502) Survivor regions: 42->42(77)
[4229.904s][info][gc,heap        ] GC(502) Old regions: 269->276
[4229.904s][info][gc,heap        ] GC(502) Humongous regions: 33->33
[4229.904s][info][gc,metaspace   ] GC(502) Metaspace: 30007K(30464K)->30007K(30464K) NonClass: 24594K(24832K)->24594K(24832K) Class: 5412K(5632K)->5412K(5632K)
[4229.904s][info][gc             ] GC(502) Pause Young (Normal) (G1 Evacuation Pause) 7304M->2787M(8192M) 150.107ms
[4229.904s][info][gc,cpu         ] GC(502) User=1.19s Sys=0.00s Real=0.15s
......[4235.190s][info][gc,start       ] GC(503) Pause Young (Normal) (G1 Evacuation Pause)
[4235.190s][info][gc,task        ] GC(503) Using 8 workers of 8 for evacuation
[4235.342s][info][gc,phases      ] GC(503)   Pre Evacuate Collection Set: 0.28ms
[4235.342s][info][gc,phases      ] GC(503)   Merge Heap Roots: 0.53ms
[4235.342s][info][gc,phases      ] GC(503)   Evacuate Collection Set: 150.12ms
[4235.342s][info][gc,phases      ] GC(503)   Post Evacuate Collection Set: 1.02ms
[4235.342s][info][gc,phases      ] GC(503)   Other: 0.06ms
[4235.342s][info][gc,heap        ] GC(503) Eden regions: 572->0(570)
[4235.342s][info][gc,heap        ] GC(503) Survivor regions: 42->43(77)
[4235.342s][info][gc,heap        ] GC(503) Old regions: 276->283
[4235.342s][info][gc,heap        ] GC(503) Humongous regions: 33->33
[4235.342s][info][gc,metaspace   ] GC(503) Metaspace: 30007K(30464K)->30007K(30464K) NonClass: 24594K(24832K)->24594K(24832K) Class: 5412K(5632K)->5412K(5632K)
[4235.342s][info][gc             ] GC(503) Pause Young (Normal) (G1 Evacuation Pause) 7363M->2851M(8192M) 152.144ms
[4235.342s][info][gc,cpu         ] GC(503) User=1.20s Sys=0.00s Real=0.15s
.....[4240.627s][info][gc,start       ] GC(504) Pause Young (Normal) (G1 Evacuation Pause)
[4240.627s][info][gc,task        ] GC(504) Using 8 workers of 8 for evacuation
[4240.775s][info][gc,phases      ] GC(504)   Pre Evacuate Collection Set: 0.26ms
[4240.775s][info][gc,phases      ] GC(504)   Merge Heap Roots: 0.53ms
[4240.775s][info][gc,phases      ] GC(504)   Evacuate Collection Set: 146.61ms
[4240.775s][info][gc,phases      ] GC(504)   Post Evacuate Collection Set: 1.03ms
[4240.775s][info][gc,phases      ] GC(504)   Other: 0.07ms
[4240.775s][info][gc,heap        ] GC(504) Eden regions: 570->0(563)
[4240.775s][info][gc,heap        ] GC(504) Survivor regions: 43->43(77)
[4240.775s][info][gc,heap        ] GC(504) Old regions: 283->290
[4240.775s][info][gc,heap        ] GC(504) Humongous regions: 33->33
[4240.775s][info][gc,metaspace   ] GC(504) Metaspace: 30007K(30464K)->30007K(30464K) NonClass: 24594K(24832K)->24594K(24832K) Class: 5412K(5632K)->5412K(5632K)
[4240.776s][info][gc             ] GC(504) Pause Young (Normal) (G1 Evacuation Pause) 7411M->2903M(8192M) 148.616ms
[4240.776s][info][gc,cpu         ] GC(504) User=1.18s Sys=0.00s Real=0.15s
.....[4245.956s][info][gc,start       ] GC(505) Pause Young (Normal) (G1 Evacuation Pause)
[4245.956s][info][gc,task        ] GC(505) Using 8 workers of 8 for evacuation
[4246.110s][info][gc,phases      ] GC(505)   Pre Evacuate Collection Set: 0.23ms
[4246.110s][info][gc,phases      ] GC(505)   Merge Heap Roots: 0.60ms
[4246.110s][info][gc,phases      ] GC(505)   Evacuate Collection Set: 152.68ms
[4246.110s][info][gc,phases      ] GC(505)   Post Evacuate Collection Set: 1.01ms
[4246.110s][info][gc,phases      ] GC(505)   Other: 0.06ms
[4246.110s][info][gc,heap        ] GC(505) Eden regions: 563->0(555)
[4246.110s][info][gc,heap        ] GC(505) Survivor regions: 43->43(76)
[4246.110s][info][gc,heap        ] GC(505) Old regions: 290->298
[4246.110s][info][gc,heap        ] GC(505) Humongous regions: 33->33
[4246.111s][info][gc,metaspace   ] GC(505) Metaspace: 30007K(30464K)->30007K(30464K) NonClass: 24594K(24832K)->24594K(24832K) Class: 5412K(5632K)->5412K(5632K)
[4246.111s][info][gc             ] GC(505) Pause Young (Normal) (G1 Evacuation Pause) 7407M->2964M(8192M) 154.728ms
[4246.111s][info][gc,cpu         ] GC(505) User=1.23s Sys=0.00s Real=0.15s
......[4251.221s][info][gc,start       ] GC(506) Pause Young (Normal) (G1 Evacuation Pause)
[4251.221s][info][gc,task        ] GC(506) Using 8 workers of 8 for evacuation
[4251.375s][info][gc,phases      ] GC(506)   Pre Evacuate Collection Set: 0.25ms
[4251.375s][info][gc,phases      ] GC(506)   Merge Heap Roots: 0.59ms
[4251.375s][info][gc,phases      ] GC(506)   Evacuate Collection Set: 152.17ms
[4251.375s][info][gc,phases      ] GC(506)   Post Evacuate Collection Set: 1.05ms
[4251.375s][info][gc,phases      ] GC(506)   Other: 0.07ms
[4251.375s][info][gc,heap        ] GC(506) Eden regions: 555->0(548)
[4251.375s][info][gc,heap        ] GC(506) Survivor regions: 43->43(75)
[4251.375s][info][gc,heap        ] GC(506) Old regions: 298->305
[4251.375s][info][gc,heap        ] GC(506) Humongous regions: 33->33
[4251.375s][info][gc,metaspace   ] GC(506) Metaspace: 30007K(30464K)->30007K(30464K) NonClass: 24594K(24832K)->24594K(24832K) Class: 5412K(5632K)->5412K(5632K)
[4251.375s][info][gc             ] GC(506) Pause Young (Normal) (G1 Evacuation Pause) 7404M->3024M(8192M) 154.246ms
[4251.375s][info][gc,cpu         ] GC(506) User=1.22s Sys=0.00s Real=0.16s
.....[4256.439s][info][gc,start       ] GC(507) Pause Young (Normal) (G1 Evacuation Pause)
[4256.439s][info][gc,task        ] GC(507) Using 8 workers of 8 for evacuation
[4256.586s][info][gc,phases      ] GC(507)   Pre Evacuate Collection Set: 0.25ms
[4256.586s][info][gc,phases      ] GC(507)   Merge Heap Roots: 0.58ms
[4256.586s][info][gc,phases      ] GC(507)   Evacuate Collection Set: 145.07ms
[4256.586s][info][gc,phases      ] GC(507)   Post Evacuate Collection Set: 1.00ms
[4256.586s][info][gc,phases      ] GC(507)   Other: 0.07ms
[4256.586s][info][gc,heap        ] GC(507) Eden regions: 548->0(547)
[4256.586s][info][gc,heap        ] GC(507) Survivor regions: 43->40(74)
[4256.586s][info][gc,heap        ] GC(507) Old regions: 305->312
[4256.586s][info][gc,heap        ] GC(507) Humongous regions: 33->33
[4256.586s][info][gc,metaspace   ] GC(507) Metaspace: 30007K(30464K)->30007K(30464K) NonClass: 24594K(24832K)->24594K(24832K) Class: 5412K(5632K)->5412K(5632K)
[4256.586s][info][gc             ] GC(507) Pause Young (Normal) (G1 Evacuation Pause) 7408M->3058M(8192M) 147.097ms
[4256.586s][info][gc,cpu         ] GC(507) User=1.17s Sys=0.00s Real=0.15s
.....[4261.611s][info][gc,start       ] GC(508) Pause Young (Concurrent Start) (G1 Evacuation Pause)
[4261.611s][info][gc,task        ] GC(508) Using 8 workers of 8 for evacuation
[4261.761s][info][gc,phases      ] GC(508)   Pre Evacuate Collection Set: 0.29ms
[4261.761s][info][gc,phases      ] GC(508)   Merge Heap Roots: 0.52ms
[4261.761s][info][gc,phases      ] GC(508)   Evacuate Collection Set: 148.07ms
[4261.761s][info][gc,phases      ] GC(508)   Post Evacuate Collection Set: 1.01ms
[4261.761s][info][gc,phases      ] GC(508)   Other: 0.09ms
[4261.761s][info][gc,heap        ] GC(508) Eden regions: 547->0(534)
[4261.761s][info][gc,heap        ] GC(508) Survivor regions: 40->43(74)
[4261.761s][info][gc,heap        ] GC(508) Old regions: 312->319
[4261.761s][info][gc,heap        ] GC(508) Humongous regions: 33->33
[4261.761s][info][gc,metaspace   ] GC(508) Metaspace: 30007K(30464K)->30007K(30464K) NonClass: 24594K(24832K)->24594K(24832K) Class: 5412K(5632K)->5412K(5632K)
[4261.761s][info][gc             ] GC(508) Pause Young (Concurrent Start) (G1 Evacuation Pause) 7434M->3135M(8192M) 150.108ms
[4261.761s][info][gc             ] GC(509) Concurrent Mark Cycle
[4261.761s][info][gc,marking     ] GC(509) Concurrent Scan Root Regions
[4261.761s][info][gc,cpu         ] GC(508) User=1.19s Sys=0.00s Real=0.15s
[4262.119s][info][gc,marking     ] GC(509) Concurrent Scan Root Regions 358.010ms
[4262.119s][info][gc,marking     ] GC(509) Concurrent Mark
[4262.119s][info][gc,marking     ] GC(509) Concurrent Mark From Roots
[4262.119s][info][gc,task        ] GC(509) Using 2 workers of 2 for marking
.[4262.951s][info][gc,marking     ] GC(509) Concurrent Mark From Roots 831.600ms
[4262.951s][info][gc,marking     ] GC(509) Concurrent Preclean
[4262.951s][info][gc,marking     ] GC(509) Concurrent Preclean 0.140ms
[4262.951s][info][gc,start       ] GC(509) Pause Remark
[4262.953s][info][gc             ] GC(509) Pause Remark 4279M->3743M(8192M) 1.961ms
[4262.953s][info][gc,cpu         ] GC(509) User=0.02s Sys=0.00s Real=0.00s
[4262.953s][info][gc,marking     ] GC(509) Concurrent Mark 834.004ms
[4262.953s][info][gc,marking     ] GC(509) Concurrent Rebuild Remembered Sets and Scrub Regions
.[4263.425s][info][gc,marking     ] GC(509) Concurrent Rebuild Remembered Sets and Scrub Regions 471.817ms
[4263.425s][info][gc,start       ] GC(509) Pause Cleanup
[4263.425s][info][gc             ] GC(509) Pause Cleanup 4124M->4124M(8192M) 0.306ms
[4263.425s][info][gc,cpu         ] GC(509) User=0.00s Sys=0.00s Real=0.00s
[4263.426s][info][gc,marking     ] GC(509) Concurrent Clear Claimed Marks
[4263.426s][info][gc,marking     ] GC(509) Concurrent Clear Claimed Marks 0.050ms
[4263.426s][info][gc,marking     ] GC(509) Concurrent Cleanup for Next Mark
[4263.435s][info][gc,marking     ] GC(509) Concurrent Cleanup for Next Mark 9.598ms
[4263.435s][info][gc             ] GC(509) Concurrent Mark Cycle 1674.211ms
...[4266.682s][info][gc,start       ] GC(510) Pause Young (Prepare Mixed) (G1 Evacuation Pause)
[4266.682s][info][gc,task        ] GC(510) Using 8 workers of 8 for evacuation
[4266.835s][info][gc,phases      ] GC(510)   Pre Evacuate Collection Set: 0.27ms
[4266.835s][info][gc,phases      ] GC(510)   Merge Heap Roots: 0.71ms
[4266.835s][info][gc,phases      ] GC(510)   Evacuate Collection Set: 150.98ms
[4266.835s][info][gc,phases      ] GC(510)   Post Evacuate Collection Set: 1.06ms
[4266.835s][info][gc,phases      ] GC(510)   Other: 0.07ms
[4266.835s][info][gc,heap        ] GC(510) Eden regions: 534->0(571)
[4266.835s][info][gc,heap        ] GC(510) Survivor regions: 43->43(73)
[4266.835s][info][gc,heap        ] GC(510) Old regions: 252->260
[4266.835s][info][gc,heap        ] GC(510) Humongous regions: 33->33
[4266.835s][info][gc,metaspace   ] GC(510) Metaspace: 30007K(30464K)->30007K(30464K) NonClass: 24594K(24832K)->24594K(24832K) Class: 5412K(5632K)->5412K(5632K)
[4266.835s][info][gc             ] GC(510) Pause Young (Prepare Mixed) (G1 Evacuation Pause) 6871M->2660M(8192M) 153.229ms
[4266.835s][info][gc,cpu         ] GC(510) User=1.21s Sys=0.00s Real=0.16s
.....[4272.101s][info][gc,start       ] GC(511) Pause Young (Mixed) (G1 Evacuation Pause)
[4272.101s][info][gc,task        ] GC(511) Using 8 workers of 8 for evacuation
[4272.258s][info][gc,phases      ] GC(511)   Pre Evacuate Collection Set: 0.31ms
[4272.258s][info][gc,phases      ] GC(511)   Merge Heap Roots: 0.78ms
[4272.258s][info][gc,phases      ] GC(511)   Evacuate Collection Set: 154.54ms
[4272.258s][info][gc,phases      ] GC(511)   Post Evacuate Collection Set: 1.23ms
[4272.258s][info][gc,phases      ] GC(511)   Other: 0.09ms
[4272.258s][info][gc,heap        ] GC(511) Eden regions: 571->0(571)
[4272.258s][info][gc,heap        ] GC(511) Survivor regions: 43->43(77)
[4272.258s][info][gc,heap        ] GC(511) Old regions: 260->165
[4272.258s][info][gc,heap        ] GC(511) Humongous regions: 33->33
[4272.258s][info][gc,metaspace   ] GC(511) Metaspace: 30007K(30464K)->30007K(30464K) NonClass: 24594K(24832K)->24594K(24832K) Class: 5412K(5632K)->5412K(5632K)
[4272.258s][info][gc             ] GC(511) Pause Young (Mixed) (G1 Evacuation Pause) 7228M->1899M(8192M) 157.061ms
[4272.259s][info][gc,cpu         ] GC(511) User=1.24s Sys=0.00s Real=0.16s
......[4277.519s][info][gc,start       ] GC(512) Pause Young (Mixed) (G1 Evacuation Pause)
[4277.519s][info][gc,task        ] GC(512) Using 8 workers of 8 for evacuation
[4277.676s][info][gc,phases      ] GC(512)   Pre Evacuate Collection Set: 0.26ms
[4277.676s][info][gc,phases      ] GC(512)   Merge Heap Roots: 0.80ms
[4277.676s][info][gc,phases      ] GC(512)   Evacuate Collection Set: 155.12ms
[4277.676s][info][gc,phases      ] GC(512)   Post Evacuate Collection Set: 1.09ms
[4277.676s][info][gc,phases      ] GC(512)   Other: 0.07ms
[4277.676s][info][gc,heap        ] GC(512) Eden regions: 571->0(572)
[4277.676s][info][gc,heap        ] GC(512) Survivor regions: 43->42(77)
[4277.676s][info][gc,heap        ] GC(512) Old regions: 165->142
[4277.676s][info][gc,heap        ] GC(512) Humongous regions: 33->33
[4277.676s][info][gc,metaspace   ] GC(512) Metaspace: 30007K(30464K)->30007K(30464K) NonClass: 24594K(24832K)->24594K(24832K) Class: 5412K(5632K)->5412K(5632K)
[4277.676s][info][gc             ] GC(512) Pause Young (Mixed) (G1 Evacuation Pause) 6467M->1709M(8192M) 157.465ms
[4277.677s][info][gc,cpu         ] GC(512) User=1.25s Sys=0.00s Real=0.16s
... (rIR:aIR:PR = 7057:7059:7059) (tPR = 104748) [OK] 
  4280s: Performance info:
         Transaction,    Success,    Partial,     Failed,   Receipts, AvgBarcode, 
             Overall,     424332,          0,          0,     403161,      59.48, 
         Response times:
             Request,    Success,    Partial,     Failed,   SkipFail,     Probes,    Samples,      min,      p50,      p90,      p95,      p99,      max, 
       TotalPurchase,     403168,          0,          0,          0,     360604,     392073,      300,     4800,     9200,    15500,    80000,   393000,
     InStorePurchase,     212648,          0,          0,          0,     189862,     206245,      300,     4800,     9200,    15100,    80000,   393000,
      OnlinePurchase,     148111,          0,          0,          0,     132783,     144240,      400,     4900,     9200,    15900,    81000,   392000,
        InstPurchase,      42409,          0,          0,          0,      37959,      41588,      400,     4800,     9400,    16100,    81000,   376000,
          AssocOfCat,        426,          0,          0,          0,        336,        433,    25000,    39000,    58000,    71900,   206660,   223000,
      AssocOfProduct,       4230,          0,          0,          0,       3940,       4487,      700,     5100,     8800,    13580,    83120,   391000,
      BusinessReport,       1060,          0,          0,          0,        936,       1154,    25000,    42000,    61000,    84250,   188500,   426000,
          CustBuyBeh,       4251,          0,          0,          0,       3934,       4477,      200,     3900,     8200,    11910,    75000,   199000,
       ProductReturn,      11201,          0,          0,          0,       9500,      10682,      200,     5200,     9200,    21000,    88000,   209000,

  4280s: (52%)   IR =   7195 ..[4282.983s][info][gc,start       ] GC(513) Pause Young (Normal) (G1 Evacuation Pause)
[4282.983s][info][gc,task        ] GC(513) Using 8 workers of 8 for evacuation
[4283.133s][info][gc,phases      ] GC(513)   Pre Evacuate Collection Set: 0.26ms
[4283.133s][info][gc,phases      ] GC(513)   Merge Heap Roots: 0.52ms
[4283.133s][info][gc,phases      ] GC(513)   Evacuate Collection Set: 148.35ms
[4283.133s][info][gc,phases      ] GC(513)   Post Evacuate Collection Set: 1.12ms
[4283.133s][info][gc,phases      ] GC(513)   Other: 0.06ms
[4283.133s][info][gc,heap        ] GC(513) Eden regions: 572->0(571)
[4283.133s][info][gc,heap        ] GC(513) Survivor regions: 42->43(77)
[4283.133s][info][gc,heap        ] GC(513) Old regions: 142->149
[4283.133s][info][gc,heap        ] GC(513) Humongous regions: 33->33
[4283.133s][info][gc,metaspace   ] GC(513) Metaspace: 30007K(30464K)->30007K(30464K) NonClass: 24594K(24832K)->24594K(24832K) Class: 5412K(5632K)->5412K(5632K)
[4283.133s][info][gc             ] GC(513) Pause Young (Normal) (G1 Evacuation Pause) 6285M->1777M(8192M) 150.440ms
[4283.133s][info][gc,cpu         ] GC(513) User=1.19s Sys=0.00s Real=0.16s
...|..[4288.198s][info][gc,start       ] GC(514) Pause Young (Normal) (G1 Evacuation Pause)
[4288.198s][info][gc,task        ] GC(514) Using 8 workers of 8 for evacuation
[4288.353s][info][gc,phases      ] GC(514)   Pre Evacuate Collection Set: 0.27ms
[4288.353s][info][gc,phases      ] GC(514)   Merge Heap Roots: 0.57ms
[4288.353s][info][gc,phases      ] GC(514)   Evacuate Collection Set: 152.28ms
[4288.353s][info][gc,phases      ] GC(514)   Post Evacuate Collection Set: 1.03ms
[4288.353s][info][gc,phases      ] GC(514)   Other: 0.07ms
[4288.353s][info][gc,heap        ] GC(514) Eden regions: 571->0(571)
[4288.353s][info][gc,heap        ] GC(514) Survivor regions: 43->43(77)
[4288.353s][info][gc,heap        ] GC(514) Old regions: 149->156
[4288.353s][info][gc,heap        ] GC(514) Humongous regions: 33->33
[4288.353s][info][gc,metaspace   ] GC(514) Metaspace: 30007K(30464K)->30007K(30464K) NonClass: 24594K(24832K)->24594K(24832K) Class: 5412K(5632K)->5412K(5632K)
[4288.353s][info][gc             ] GC(514) Pause Young (Normal) (G1 Evacuation Pause) 6345M->1833M(8192M) 154.346ms
[4288.353s][info][gc,cpu         ] GC(514) User=1.23s Sys=0.00s Real=0.15s
......[4293.597s][info][gc,start       ] GC(515) Pause Young (Normal) (G1 Evacuation Pause)
[4293.598s][info][gc,task        ] GC(515) Using 8 workers of 8 for evacuation
[4293.747s][info][gc,phases      ] GC(515)   Pre Evacuate Collection Set: 0.25ms
[4293.747s][info][gc,phases      ] GC(515)   Merge Heap Roots: 0.57ms
[4293.747s][info][gc,phases      ] GC(515)   Evacuate Collection Set: 147.86ms
[4293.747s][info][gc,phases      ] GC(515)   Post Evacuate Collection Set: 1.01ms
[4293.747s][info][gc,phases      ] GC(515)   Other: 0.07ms
[4293.747s][info][gc,heap        ] GC(515) Eden regions: 571->0(571)
[4293.747s][info][gc,heap        ] GC(515) Survivor regions: 43->43(77)
[4293.747s][info][gc,heap        ] GC(515) Old regions: 156->164
[4293.747s][info][gc,heap        ] GC(515) Humongous regions: 33->33
[4293.747s][info][gc,metaspace   ] GC(515) Metaspace: 30007K(30464K)->30007K(30464K) NonClass: 24594K(24832K)->24594K(24832K) Class: 5412K(5632K)->5412K(5632K)
[4293.747s][info][gc             ] GC(515) Pause Young (Normal) (G1 Evacuation Pause) 6401M->1888M(8192M) 149.874ms
[4293.747s][info][gc,cpu         ] GC(515) User=1.18s Sys=0.00s Real=0.15s
.....[4298.833s][info][gc,start       ] GC(516) Pause Young (Normal) (G1 Evacuation Pause)
[4298.834s][info][gc,task        ] GC(516) Using 8 workers of 8 for evacuation
[4298.982s][info][gc,phases      ] GC(516)   Pre Evacuate Collection Set: 0.28ms
[4298.982s][info][gc,phases      ] GC(516)   Merge Heap Roots: 0.54ms
[4298.982s][info][gc,phases      ] GC(516)   Evacuate Collection Set: 146.95ms
[4298.982s][info][gc,phases      ] GC(516)   Post Evacuate Collection Set: 1.02ms
[4298.982s][info][gc,phases      ] GC(516)   Other: 0.06ms
[4298.982s][info][gc,heap        ] GC(516) Eden regions: 571->0(572)
[4298.982s][info][gc,heap        ] GC(516) Survivor regions: 43->42(77)
[4298.982s][info][gc,heap        ] GC(516) Old regions: 164->171
[4298.982s][info][gc,heap        ] GC(516) Humongous regions: 33->33
[4298.982s][info][gc,metaspace   ] GC(516) Metaspace: 30007K(30464K)->30007K(30464K) NonClass: 24594K(24832K)->24594K(24832K) Class: 5412K(5632K)->5412K(5632K)
[4298.982s][info][gc             ] GC(516) Pause Young (Normal) (G1 Evacuation Pause) 6456M->1940M(8192M) 148.990ms
[4298.982s][info][gc,cpu         ] GC(516) User=1.18s Sys=0.00s Real=0.14s
.....[4304.166s][info][gc,start       ] GC(517) Pause Young (Normal) (G1 Evacuation Pause)
[4304.166s][info][gc,task        ] GC(517) Using 8 workers of 8 for evacuation
[4304.315s][info][gc,phases      ] GC(517)   Pre Evacuate Collection Set: 0.26ms
[4304.315s][info][gc,phases      ] GC(517)   Merge Heap Roots: 0.54ms
[4304.315s][info][gc,phases      ] GC(517)   Evacuate Collection Set: 147.63ms
[4304.315s][info][gc,phases      ] GC(517)   Post Evacuate Collection Set: 1.03ms
[4304.315s][info][gc,phases      ] GC(517)   Other: 0.08ms
[4304.315s][info][gc,heap        ] GC(517) Eden regions: 572->0(571)
[4304.315s][info][gc,heap        ] GC(517) Survivor regions: 42->43(77)
[4304.315s][info][gc,heap        ] GC(517) Old regions: 171->178
[4304.315s][info][gc,heap        ] GC(517) Humongous regions: 33->33
[4304.315s][info][gc,metaspace   ] GC(517) Metaspace: 30007K(30464K)->30007K(30464K) NonClass: 24594K(24832K)->24594K(24832K) Class: 5412K(5632K)->5412K(5632K)
[4304.315s][info][gc             ] GC(517) Pause Young (Normal) (G1 Evacuation Pause) 6516M->2005M(8192M) 149.687ms
[4304.315s][info][gc,cpu         ] GC(517) User=1.19s Sys=0.00s Real=0.15s
......[4309.479s][info][gc,start       ] GC(518) Pause Young (Normal) (G1 Evacuation Pause)
[4309.479s][info][gc,task        ] GC(518) Using 8 workers of 8 for evacuation
[4309.634s][info][gc,phases      ] GC(518)   Pre Evacuate Collection Set: 0.26ms
[4309.634s][info][gc,phases      ] GC(518)   Merge Heap Roots: 0.58ms
[4309.634s][info][gc,phases      ] GC(518)   Evacuate Collection Set: 152.60ms
[4309.634s][info][gc,phases      ] GC(518)   Post Evacuate Collection Set: 1.02ms
[4309.634s][info][gc,phases      ] GC(518)   Other: 0.06ms
[4309.634s][info][gc,heap        ] GC(518) Eden regions: 571->0(571)
[4309.634s][info][gc,heap        ] GC(518) Survivor regions: 43->43(77)
[4309.634s][info][gc,heap        ] GC(518) Old regions: 178->185
[4309.634s][info][gc,heap        ] GC(518) Humongous regions: 33->33
[4309.634s][info][gc,metaspace   ] GC(518) Metaspace: 30007K(30464K)->30007K(30464K) NonClass: 24594K(24832K)->24594K(24832K) Class: 5412K(5632K)->5412K(5632K)
[4309.634s][info][gc             ] GC(518) Pause Young (Normal) (G1 Evacuation Pause) 6573M->2061M(8192M) 154.650ms
[4309.634s][info][gc,cpu         ] GC(518) User=1.21s Sys=0.00s Real=0.16s
.....[4314.800s][info][gc,start       ] GC(519) Pause Young (Normal) (G1 Evacuation Pause)
[4314.800s][info][gc,task        ] GC(519) Using 8 workers of 8 for evacuation
[4314.953s][info][gc,phases      ] GC(519)   Pre Evacuate Collection Set: 0.25ms
[4314.954s][info][gc,phases      ] GC(519)   Merge Heap Roots: 0.53ms
[4314.954s][info][gc,phases      ] GC(519)   Evacuate Collection Set: 151.41ms
[4314.954s][info][gc,phases      ] GC(519)   Post Evacuate Collection Set: 1.01ms
[4314.954s][info][gc,phases      ] GC(519)   Other: 0.06ms
[4314.954s][info][gc,heap        ] GC(519) Eden regions: 571->0(571)
[4314.954s][info][gc,heap        ] GC(519) Survivor regions: 43->43(77)
[4314.954s][info][gc,heap        ] GC(519) Old regions: 185->192
[4314.954s][info][gc,heap        ] GC(519) Humongous regions: 33->33
[4314.954s][info][gc,metaspace   ] GC(519) Metaspace: 30007K(30464K)->30007K(30464K) NonClass: 24594K(24832K)->24594K(24832K) Class: 5412K(5632K)->5412K(5632K)
[4314.954s][info][gc             ] GC(519) Pause Young (Normal) (G1 Evacuation Pause) 6629M->2115M(8192M) 153.394ms
[4314.954s][info][gc,cpu         ] GC(519) User=1.21s Sys=0.00s Real=0.16s
.....[4320.139s][info][gc,start       ] GC(520) Pause Young (Normal) (G1 Evacuation Pause)
[4320.140s][info][gc,task        ] GC(520) Using 8 workers of 8 for evacuation
[4320.290s][info][gc,phases      ] GC(520)   Pre Evacuate Collection Set: 0.25ms
[4320.290s][info][gc,phases      ] GC(520)   Merge Heap Roots: 0.52ms
[4320.290s][info][gc,phases      ] GC(520)   Evacuate Collection Set: 148.46ms
[4320.290s][info][gc,phases      ] GC(520)   Post Evacuate Collection Set: 1.04ms
[4320.290s][info][gc,phases      ] GC(520)   Other: 0.06ms
[4320.290s][info][gc,heap        ] GC(520) Eden regions: 571->0(570)
[4320.290s][info][gc,heap        ] GC(520) Survivor regions: 43->44(77)
[4320.290s][info][gc,heap        ] GC(520) Old regions: 192->199
[4320.290s][info][gc,heap        ] GC(520) Humongous regions: 33->33
[4320.290s][info][gc,metaspace   ] GC(520) Metaspace: 30007K(30464K)->30007K(30464K) NonClass: 24594K(24832K)->24594K(24832K) Class: 5412K(5632K)->5412K(5632K)
[4320.290s][info][gc             ] GC(520) Pause Young (Normal) (G1 Evacuation Pause) 6683M->2180M(8192M) 150.453ms
[4320.290s][info][gc,cpu         ] GC(520) User=1.19s Sys=0.01s Real=0.15s
......[4325.436s][info][gc,start       ] GC(521) Pause Young (Normal) (G1 Evacuation Pause)
[4325.436s][info][gc,task        ] GC(521) Using 8 workers of 8 for evacuation
[4325.588s][info][gc,phases      ] GC(521)   Pre Evacuate Collection Set: 0.25ms
[4325.588s][info][gc,phases      ] GC(521)   Merge Heap Roots: 0.57ms
[4325.588s][info][gc,phases      ] GC(521)   Evacuate Collection Set: 150.42ms
[4325.588s][info][gc,phases      ] GC(521)   Post Evacuate Collection Set: 1.02ms
[4325.588s][info][gc,phases      ] GC(521)   Other: 0.08ms
[4325.588s][info][gc,heap        ] GC(521) Eden regions: 570->0(571)
[4325.588s][info][gc,heap        ] GC(521) Survivor regions: 44->43(77)
[4325.588s][info][gc,heap        ] GC(521) Old regions: 199->206
[4325.588s][info][gc,heap        ] GC(521) Humongous regions: 33->33
[4325.588s][info][gc,metaspace   ] GC(521) Metaspace: 30007K(30464K)->30007K(30464K) NonClass: 24594K(24832K)->24594K(24832K) Class: 5412K(5632K)->5412K(5632K)
[4325.588s][info][gc             ] GC(521) Pause Young (Normal) (G1 Evacuation Pause) 6740M->2231M(8192M) 152.483ms
[4325.588s][info][gc,cpu         ] GC(521) User=1.21s Sys=0.00s Real=0.15s
.....[4330.774s][info][gc,start       ] GC(522) Pause Young (Normal) (G1 Evacuation Pause)
[4330.774s][info][gc,task        ] GC(522) Using 8 workers of 8 for evacuation
[4330.925s][info][gc,phases      ] GC(522)   Pre Evacuate Collection Set: 0.27ms
[4330.925s][info][gc,phases      ] GC(522)   Merge Heap Roots: 0.54ms
[4330.925s][info][gc,phases      ] GC(522)   Evacuate Collection Set: 149.12ms
[4330.925s][info][gc,phases      ] GC(522)   Post Evacuate Collection Set: 1.00ms
[4330.925s][info][gc,phases      ] GC(522)   Other: 0.07ms
[4330.925s][info][gc,heap        ] GC(522) Eden regions: 571->0(571)
[4330.925s][info][gc,heap        ] GC(522) Survivor regions: 43->43(77)
[4330.925s][info][gc,heap        ] GC(522) Old regions: 206->213
[4330.925s][info][gc,heap        ] GC(522) Humongous regions: 33->33
[4330.925s][info][gc,metaspace   ] GC(522) Metaspace: 30007K(30464K)->30007K(30464K) NonClass: 24594K(24832K)->24594K(24832K) Class: 5412K(5632K)->5412K(5632K)
[4330.925s][info][gc             ] GC(522) Pause Young (Normal) (G1 Evacuation Pause) 6799M->2291M(8192M) 151.124ms
[4330.925s][info][gc,cpu         ] GC(522) User=1.20s Sys=0.00s Real=0.15s
.....[4336.106s][info][gc,start       ] GC(523) Pause Young (Normal) (G1 Evacuation Pause)
[4336.106s][info][gc,task        ] GC(523) Using 8 workers of 8 for evacuation
[4336.260s][info][gc,phases      ] GC(523)   Pre Evacuate Collection Set: 0.28ms
[4336.260s][info][gc,phases      ] GC(523)   Merge Heap Roots: 0.69ms
[4336.260s][info][gc,phases      ] GC(523)   Evacuate Collection Set: 152.41ms
[4336.260s][info][gc,phases      ] GC(523)   Post Evacuate Collection Set: 1.07ms
[4336.260s][info][gc,phases      ] GC(523)   Other: 0.07ms
[4336.260s][info][gc,heap        ] GC(523) Eden regions: 571->0(570)
[4336.260s][info][gc,heap        ] GC(523) Survivor regions: 43->44(77)
[4336.260s][info][gc,heap        ] GC(523) Old regions: 213->221
[4336.260s][info][gc,heap        ] GC(523) Humongous regions: 33->33
[4336.260s][info][gc,metaspace   ] GC(523) Metaspace: 30007K(30464K)->30007K(30464K) NonClass: 24594K(24832K)->24594K(24832K) Class: 5412K(5632K)->5412K(5632K)
[4336.260s][info][gc             ] GC(523) Pause Young (Normal) (G1 Evacuation Pause) 6859M->2352M(8192M) 154.655ms
[4336.260s][info][gc,cpu         ] GC(523) User=1.23s Sys=0.00s Real=0.15s
......[4341.483s][info][gc,start       ] GC(524) Pause Young (Normal) (G1 Evacuation Pause)
[4341.483s][info][gc,task        ] GC(524) Using 8 workers of 8 for evacuation
[4341.634s][info][gc,phases      ] GC(524)   Pre Evacuate Collection Set: 0.24ms
[4341.634s][info][gc,phases      ] GC(524)   Merge Heap Roots: 0.59ms
[4341.634s][info][gc,phases      ] GC(524)   Evacuate Collection Set: 148.35ms
[4341.634s][info][gc,phases      ] GC(524)   Post Evacuate Collection Set: 1.03ms
[4341.634s][info][gc,phases      ] GC(524)   Other: 0.06ms
[4341.634s][info][gc,heap        ] GC(524) Eden regions: 570->0(571)
[4341.634s][info][gc,heap        ] GC(524) Survivor regions: 44->43(77)
[4341.634s][info][gc,heap        ] GC(524) Old regions: 221->228
[4341.634s][info][gc,heap        ] GC(524) Humongous regions: 33->33
[4341.634s][info][gc,metaspace   ] GC(524) Metaspace: 30007K(30464K)->30007K(30464K) NonClass: 24594K(24832K)->24594K(24832K) Class: 5412K(5632K)->5412K(5632K)
[4341.634s][info][gc             ] GC(524) Pause Young (Normal) (G1 Evacuation Pause) 6912M->2401M(8192M) 150.424ms
[4341.634s][info][gc,cpu         ] GC(524) User=1.20s Sys=0.00s Real=0.15s
.... (rIR:aIR:PR = 7195:7194:7194) (tPR = 107143) [OK] 
  4345s: Performance info:
         Transaction,    Success,    Partial,     Failed,   Receipts, AvgBarcode, 
             Overall,     431943,          0,          0,     410416,      59.47, 
         Response times:
             Request,    Success,    Partial,     Failed,   SkipFail,     Probes,    Samples,      min,      p50,      p90,      p95,      p99,      max, 
       TotalPurchase,     410420,          0,          0,          0,     360668,     392833,      300,     5000,     9500,    17900,    80000,   397000,
     InStorePurchase,     215810,          0,          0,          0,     189348,     206242,      300,     5000,     9500,    17600,    81000,   373000,
      OnlinePurchase,     151459,          0,          0,          0,     132798,     144419,      400,     4900,     9600,    18000,    79000,   397000,
        InstPurchase,      43151,          0,          0,          0,      38522,      42172,      500,     4900,     9700,    18400,    79000,   371000,
          AssocOfCat,        436,          0,          0,          0,        371,        500,    24000,    40000,    56000,    66900,   129970,   153000,
      AssocOfProduct,       4323,          0,          0,          0,       4045,       4591,      800,     5300,    10180,    23000,    81000,   319000,
      BusinessReport,       1083,          0,          0,          0,        956,       1139,    29000,    42000,    62000,    87000,   155600,   370000,
          CustBuyBeh,       4314,          0,          0,          0,       4047,       4660,      400,     5100,     9000,    22900,    87000,   370000,
       ProductReturn,      11389,          0,          0,          0,       9710,      10895,      200,     4400,     9400,    17600,    75040,   370000,

  4345s: (53%)   IR =   7334 .[4346.719s][info][gc,start       ] GC(525) Pause Young (Normal) (G1 Evacuation Pause)
[4346.719s][info][gc,task        ] GC(525) Using 8 workers of 8 for evacuation
[4346.870s][info][gc,phases      ] GC(525)   Pre Evacuate Collection Set: 0.29ms
[4346.870s][info][gc,phases      ] GC(525)   Merge Heap Roots: 0.57ms
[4346.870s][info][gc,phases      ] GC(525)   Evacuate Collection Set: 148.52ms
[4346.870s][info][gc,phases      ] GC(525)   Post Evacuate Collection Set: 1.01ms
[4346.870s][info][gc,phases      ] GC(525)   Other: 0.06ms
[4346.870s][info][gc,heap        ] GC(525) Eden regions: 571->0(571)
[4346.870s][info][gc,heap        ] GC(525) Survivor regions: 43->43(77)
[4346.870s][info][gc,heap        ] GC(525) Old regions: 228->235
[4346.870s][info][gc,heap        ] GC(525) Humongous regions: 33->33
[4346.870s][info][gc,metaspace   ] GC(525) Metaspace: 30007K(30464K)->30007K(30464K) NonClass: 24594K(24832K)->24594K(24832K) Class: 5412K(5632K)->5412K(5632K)
[4346.870s][info][gc             ] GC(525) Pause Young (Normal) (G1 Evacuation Pause) 6969M->2457M(8192M) 150.590ms
[4346.870s][info][gc,cpu         ] GC(525) User=1.19s Sys=0.00s Real=0.15s
.....[4351.822s][info][gc,start       ] GC(526) Pause Young (Normal) (G1 Evacuation Pause)
[4351.822s][info][gc,task        ] GC(526) Using 8 workers of 8 for evacuation
[4351.975s][info][gc,phases      ] GC(526)   Pre Evacuate Collection Set: 0.24ms
[4351.975s][info][gc,phases      ] GC(526)   Merge Heap Roots: 0.58ms
[4351.975s][info][gc,phases      ] GC(526)   Evacuate Collection Set: 150.40ms
[4351.975s][info][gc,phases      ] GC(526)   Post Evacuate Collection Set: 1.03ms
[4351.975s][info][gc,phases      ] GC(526)   Other: 0.06ms
[4351.975s][info][gc,heap        ] GC(526) Eden regions: 571->0(571)
[4351.975s][info][gc,heap        ] GC(526) Survivor regions: 43->43(77)
[4351.975s][info][gc,heap        ] GC(526) Old regions: 235->242
[4351.975s][info][gc,heap        ] GC(526) Humongous regions: 33->33
[4351.975s][info][gc,metaspace   ] GC(526) Metaspace: 30007K(30464K)->30007K(30464K) NonClass: 24594K(24832K)->24594K(24832K) Class: 5412K(5632K)->5412K(5632K)
[4351.975s][info][gc             ] GC(526) Pause Young (Normal) (G1 Evacuation Pause) 7025M->2520M(8192M) 152.454ms
[4351.975s][info][gc,cpu         ] GC(526) User=1.20s Sys=0.00s Real=0.16s
.....|[4357.141s][info][gc,start       ] GC(527) Pause Young (Normal) (G1 Evacuation Pause)
[4357.141s][info][gc,task        ] GC(527) Using 8 workers of 8 for evacuation
[4357.297s][info][gc,phases      ] GC(527)   Pre Evacuate Collection Set: 0.26ms
[4357.297s][info][gc,phases      ] GC(527)   Merge Heap Roots: 0.59ms
[4357.297s][info][gc,phases      ] GC(527)   Evacuate Collection Set: 154.37ms
[4357.297s][info][gc,phases      ] GC(527)   Post Evacuate Collection Set: 1.05ms
[4357.297s][info][gc,phases      ] GC(527)   Other: 0.07ms
[4357.297s][info][gc,heap        ] GC(527) Eden regions: 571->0(570)
[4357.297s][info][gc,heap        ] GC(527) Survivor regions: 43->44(77)
[4357.297s][info][gc,heap        ] GC(527) Old regions: 242->249
[4357.297s][info][gc,heap        ] GC(527) Humongous regions: 33->33
[4357.297s][info][gc,metaspace   ] GC(527) Metaspace: 30007K(30464K)->30007K(30464K) NonClass: 24594K(24832K)->24594K(24832K) Class: 5412K(5632K)->5412K(5632K)
[4357.297s][info][gc             ] GC(527) Pause Young (Normal) (G1 Evacuation Pause) 7088M->2581M(8192M) 156.484ms
[4357.298s][info][gc,cpu         ] GC(527) User=1.24s Sys=0.00s Real=0.16s
.....[4362.349s][info][gc,start       ] GC(528) Pause Young (Normal) (G1 Evacuation Pause)
[4362.349s][info][gc,task        ] GC(528) Using 8 workers of 8 for evacuation
[4362.499s][info][gc,phases      ] GC(528)   Pre Evacuate Collection Set: 0.25ms
[4362.499s][info][gc,phases      ] GC(528)   Merge Heap Roots: 0.56ms
[4362.499s][info][gc,phases      ] GC(528)   Evacuate Collection Set: 148.17ms
[4362.499s][info][gc,phases      ] GC(528)   Post Evacuate Collection Set: 1.05ms
[4362.499s][info][gc,phases      ] GC(528)   Other: 0.07ms
[4362.499s][info][gc,heap        ] GC(528) Eden regions: 570->0(571)
[4362.499s][info][gc,heap        ] GC(528) Survivor regions: 44->43(77)
[4362.499s][info][gc,heap        ] GC(528) Old regions: 249->257
[4362.499s][info][gc,heap        ] GC(528) Humongous regions: 33->33
[4362.499s][info][gc,metaspace   ] GC(528) Metaspace: 30007K(30464K)->30007K(30464K) NonClass: 24594K(24832K)->24594K(24832K) Class: 5412K(5632K)->5412K(5632K)
[4362.499s][info][gc             ] GC(528) Pause Young (Normal) (G1 Evacuation Pause) 7141M->2636M(8192M) 150.232ms
[4362.499s][info][gc,cpu         ] GC(528) User=1.19s Sys=0.01s Real=0.15s
.....[4367.498s][info][gc,start       ] GC(529) Pause Young (Normal) (G1 Evacuation Pause)
[4367.498s][info][gc,task        ] GC(529) Using 8 workers of 8 for evacuation
[4367.656s][info][gc,phases      ] GC(529)   Pre Evacuate Collection Set: 0.26ms
[4367.656s][info][gc,phases      ] GC(529)   Merge Heap Roots: 0.60ms
[4367.656s][info][gc,phases      ] GC(529)   Evacuate Collection Set: 156.04ms
[4367.656s][info][gc,phases      ] GC(529)   Post Evacuate Collection Set: 1.05ms
[4367.656s][info][gc,phases      ] GC(529)   Other: 0.07ms
[4367.656s][info][gc,heap        ] GC(529) Eden regions: 571->0(570)
[4367.656s][info][gc,heap        ] GC(529) Survivor regions: 43->44(77)
[4367.656s][info][gc,heap        ] GC(529) Old regions: 257->264
[4367.656s][info][gc,heap        ] GC(529) Humongous regions: 33->33
[4367.656s][info][gc,metaspace   ] GC(529) Metaspace: 30007K(30464K)->30007K(30464K) NonClass: 24594K(24832K)->24594K(24832K) Class: 5412K(5632K)->5412K(5632K)
[4367.656s][info][gc             ] GC(529) Pause Young (Normal) (G1 Evacuation Pause) 7204M->2696M(8192M) 158.155ms
[4367.656s][info][gc,cpu         ] GC(529) User=1.25s Sys=0.00s Real=0.16s
.....[4372.638s][info][gc,start       ] GC(530) Pause Young (Normal) (G1 Evacuation Pause)
[4372.638s][info][gc,task        ] GC(530) Using 8 workers of 8 for evacuation
[4372.786s][info][gc,phases      ] GC(530)   Pre Evacuate Collection Set: 0.25ms
[4372.786s][info][gc,phases      ] GC(530)   Merge Heap Roots: 0.55ms
[4372.786s][info][gc,phases      ] GC(530)   Evacuate Collection Set: 146.05ms
[4372.786s][info][gc,phases      ] GC(530)   Post Evacuate Collection Set: 1.03ms
[4372.786s][info][gc,phases      ] GC(530)   Other: 0.07ms
[4372.786s][info][gc,heap        ] GC(530) Eden regions: 570->0(571)
[4372.786s][info][gc,heap        ] GC(530) Survivor regions: 44->43(77)
[4372.786s][info][gc,heap        ] GC(530) Old regions: 264->271
[4372.786s][info][gc,heap        ] GC(530) Humongous regions: 33->33
[4372.786s][info][gc,metaspace   ] GC(530) Metaspace: 30007K(30464K)->30007K(30464K) NonClass: 24594K(24832K)->24594K(24832K) Class: 5412K(5632K)->5412K(5632K)
[4372.786s][info][gc             ] GC(530) Pause Young (Normal) (G1 Evacuation Pause) 7256M->2749M(8192M) 148.080ms
[4372.786s][info][gc,cpu         ] GC(530) User=1.17s Sys=0.00s Real=0.15s
......[4377.891s][info][gc,start       ] GC(531) Pause Young (Normal) (G1 Evacuation Pause)
[4377.891s][info][gc,task        ] GC(531) Using 8 workers of 8 for evacuation
[4378.041s][info][gc,phases      ] GC(531)   Pre Evacuate Collection Set: 0.26ms
[4378.041s][info][gc,phases      ] GC(531)   Merge Heap Roots: 0.55ms
[4378.041s][info][gc,phases      ] GC(531)   Evacuate Collection Set: 148.40ms
[4378.041s][info][gc,phases      ] GC(531)   Post Evacuate Collection Set: 1.06ms
[4378.041s][info][gc,phases      ] GC(531)   Other: 0.08ms
[4378.041s][info][gc,heap        ] GC(531) Eden regions: 571->0(571)
[4378.041s][info][gc,heap        ] GC(531) Survivor regions: 43->43(77)
[4378.041s][info][gc,heap        ] GC(531) Old regions: 271->278
[4378.041s][info][gc,heap        ] GC(531) Humongous regions: 33->33
[4378.041s][info][gc,metaspace   ] GC(531) Metaspace: 30007K(30464K)->30007K(30464K) NonClass: 24594K(24832K)->24594K(24832K) Class: 5412K(5632K)->5412K(5632K)
[4378.041s][info][gc             ] GC(531) Pause Young (Normal) (G1 Evacuation Pause) 7317M->2803M(8192M) 150.484ms
[4378.041s][info][gc,cpu         ] GC(531) User=1.19s Sys=0.00s Real=0.15s
.....[4383.130s][info][gc,start       ] GC(532) Pause Young (Normal) (G1 Evacuation Pause)
[4383.130s][info][gc,task        ] GC(532) Using 8 workers of 8 for evacuation
[4383.285s][info][gc,phases      ] GC(532)   Pre Evacuate Collection Set: 0.29ms
[4383.285s][info][gc,phases      ] GC(532)   Merge Heap Roots: 0.62ms
[4383.285s][info][gc,phases      ] GC(532)   Evacuate Collection Set: 153.49ms
[4383.285s][info][gc,phases      ] GC(532)   Post Evacuate Collection Set: 1.02ms
[4383.286s][info][gc,phases      ] GC(532)   Other: 0.08ms
[4383.286s][info][gc,heap        ] GC(532) Eden regions: 571->0(568)
[4383.286s][info][gc,heap        ] GC(532) Survivor regions: 43->43(77)
[4383.286s][info][gc,heap        ] GC(532) Old regions: 278->285
[4383.286s][info][gc,heap        ] GC(532) Humongous regions: 33->33
[4383.286s][info][gc,metaspace   ] GC(532) Metaspace: 30007K(30464K)->30007K(30464K) NonClass: 24594K(24832K)->24594K(24832K) Class: 5412K(5632K)->5412K(5632K)
[4383.286s][info][gc             ] GC(532) Pause Young (Normal) (G1 Evacuation Pause) 7371M->2864M(8192M) 155.631ms
[4383.286s][info][gc,cpu         ] GC(532) User=1.23s Sys=0.00s Real=0.16s
.....[4388.351s][info][gc,start       ] GC(533) Pause Young (Normal) (G1 Evacuation Pause)
[4388.351s][info][gc,task        ] GC(533) Using 8 workers of 8 for evacuation
[4388.506s][info][gc,phases      ] GC(533)   Pre Evacuate Collection Set: 0.25ms
[4388.506s][info][gc,phases      ] GC(533)   Merge Heap Roots: 0.59ms
[4388.506s][info][gc,phases      ] GC(533)   Evacuate Collection Set: 152.91ms
[4388.506s][info][gc,phases      ] GC(533)   Post Evacuate Collection Set: 1.07ms
[4388.506s][info][gc,phases      ] GC(533)   Other: 0.07ms
[4388.506s][info][gc,heap        ] GC(533) Eden regions: 568->0(561)
[4388.506s][info][gc,heap        ] GC(533) Survivor regions: 43->43(77)
[4388.506s][info][gc,heap        ] GC(533) Old regions: 285->292
[4388.506s][info][gc,heap        ] GC(533) Humongous regions: 33->33
[4388.506s][info][gc,metaspace   ] GC(533) Metaspace: 30007K(30464K)->30007K(30464K) NonClass: 24594K(24832K)->24594K(24832K) Class: 5412K(5632K)->5412K(5632K)
[4388.506s][info][gc             ] GC(533) Pause Young (Normal) (G1 Evacuation Pause) 7408M->2919M(8192M) 155.037ms
[4388.506s][info][gc,cpu         ] GC(533) User=1.23s Sys=0.00s Real=0.16s
.....[4393.525s][info][gc,start       ] GC(534) Pause Young (Normal) (G1 Evacuation Pause)
[4393.525s][info][gc,task        ] GC(534) Using 8 workers of 8 for evacuation
[4393.675s][info][gc,phases      ] GC(534)   Pre Evacuate Collection Set: 0.29ms
[4393.675s][info][gc,phases      ] GC(534)   Merge Heap Roots: 0.66ms
[4393.675s][info][gc,phases      ] GC(534)   Evacuate Collection Set: 147.09ms
[4393.675s][info][gc,phases      ] GC(534)   Post Evacuate Collection Set: 0.99ms
[4393.675s][info][gc,phases      ] GC(534)   Other: 0.08ms
[4393.675s][info][gc,heap        ] GC(534) Eden regions: 561->0(556)
[4393.675s][info][gc,heap        ] GC(534) Survivor regions: 43->42(76)
[4393.675s][info][gc,heap        ] GC(534) Old regions: 292->299
[4393.675s][info][gc,heap        ] GC(534) Humongous regions: 33->33
[4393.675s][info][gc,metaspace   ] GC(534) Metaspace: 30007K(30464K)->30007K(30464K) NonClass: 24594K(24832K)->24594K(24832K) Class: 5412K(5632K)->5412K(5632K)
[4393.675s][info][gc             ] GC(534) Pause Young (Normal) (G1 Evacuation Pause) 7407M->2964M(8192M) 149.254ms
[4393.675s][info][gc,cpu         ] GC(534) User=1.18s Sys=0.00s Real=0.15s
.....[4398.600s][info][gc,start       ] GC(535) Pause Young (Normal) (G1 Evacuation Pause)
[4398.600s][info][gc,task        ] GC(535) Using 8 workers of 8 for evacuation
[4398.749s][info][gc,phases      ] GC(535)   Pre Evacuate Collection Set: 0.25ms
[4398.749s][info][gc,phases      ] GC(535)   Merge Heap Roots: 0.53ms
[4398.749s][info][gc,phases      ] GC(535)   Evacuate Collection Set: 147.12ms
[4398.749s][info][gc,phases      ] GC(535)   Post Evacuate Collection Set: 1.00ms
[4398.749s][info][gc,phases      ] GC(535)   Other: 0.07ms
[4398.749s][info][gc,heap        ] GC(535) Eden regions: 556->0(549)
[4398.749s][info][gc,heap        ] GC(535) Survivor regions: 42->42(75)
[4398.749s][info][gc,heap        ] GC(535) Old regions: 299->306
[4398.749s][info][gc,heap        ] GC(535) Humongous regions: 33->33
[4398.749s][info][gc,metaspace   ] GC(535) Metaspace: 30007K(30464K)->30007K(30464K) NonClass: 24594K(24832K)->24594K(24832K) Class: 5412K(5632K)->5412K(5632K)
[4398.749s][info][gc             ] GC(535) Pause Young (Normal) (G1 Evacuation Pause) 7412M->3027M(8192M) 149.099ms
[4398.749s][info][gc,cpu         ] GC(535) User=1.18s Sys=0.00s Real=0.15s
.....[4403.616s][info][gc,start       ] GC(536) Pause Young (Normal) (G1 Evacuation Pause)
[4403.616s][info][gc,task        ] GC(536) Using 8 workers of 8 for evacuation
[4403.768s][info][gc,phases      ] GC(536)   Pre Evacuate Collection Set: 0.28ms
[4403.768s][info][gc,phases      ] GC(536)   Merge Heap Roots: 0.56ms
[4403.768s][info][gc,phases      ] GC(536)   Evacuate Collection Set: 149.93ms
[4403.768s][info][gc,phases      ] GC(536)   Post Evacuate Collection Set: 1.02ms
[4403.768s][info][gc,phases      ] GC(536)   Other: 0.06ms
[4403.768s][info][gc,heap        ] GC(536) Eden regions: 549->0(539)
[4403.768s][info][gc,heap        ] GC(536) Survivor regions: 42->43(74)
[4403.768s][info][gc,heap        ] GC(536) Old regions: 306->314
[4403.768s][info][gc,heap        ] GC(536) Humongous regions: 33->33
[4403.768s][info][gc,metaspace   ] GC(536) Metaspace: 30007K(30464K)->30007K(30464K) NonClass: 24594K(24832K)->24594K(24832K) Class: 5412K(5632K)->5412K(5632K)
[4403.768s][info][gc             ] GC(536) Pause Young (Normal) (G1 Evacuation Pause) 7419M->3088M(8192M) 152.003ms
[4403.768s][info][gc,cpu         ] GC(536) User=1.21s Sys=0.00s Real=0.15s
.....[4408.556s][info][gc,start       ] GC(537) Pause Young (Concurrent Start) (G1 Evacuation Pause)
[4408.556s][info][gc,task        ] GC(537) Using 8 workers of 8 for evacuation
[4408.706s][info][gc,phases      ] GC(537)   Pre Evacuate Collection Set: 0.29ms
[4408.706s][info][gc,phases      ] GC(537)   Merge Heap Roots: 0.57ms
[4408.706s][info][gc,phases      ] GC(537)   Evacuate Collection Set: 148.60ms
[4408.706s][info][gc,phases      ] GC(537)   Post Evacuate Collection Set: 1.02ms
[4408.706s][info][gc,phases      ] GC(537)   Other: 0.09ms
[4408.706s][info][gc,heap        ] GC(537) Eden regions: 539->0(534)
[4408.706s][info][gc,heap        ] GC(537) Survivor regions: 43->42(73)
[4408.706s][info][gc,heap        ] GC(537) Old regions: 314->321
[4408.706s][info][gc,heap        ] GC(537) Humongous regions: 33->33
[4408.706s][info][gc,metaspace   ] GC(537) Metaspace: 30007K(30464K)->30007K(30464K) NonClass: 24594K(24832K)->24594K(24832K) Class: 5412K(5632K)->5412K(5632K)
[4408.706s][info][gc             ] GC(537) Pause Young (Concurrent Start) (G1 Evacuation Pause) 7400M->3139M(8192M) 150.705ms
[4408.706s][info][gc             ] GC(538) Concurrent Mark Cycle
[4408.706s][info][gc,marking     ] GC(538) Concurrent Scan Root Regions
[4408.706s][info][gc,cpu         ] GC(537) User=1.20s Sys=0.00s Real=0.15s
.[4409.089s][info][gc,marking     ] GC(538) Concurrent Scan Root Regions 382.618ms
[4409.089s][info][gc,marking     ] GC(538) Concurrent Mark
[4409.089s][info][gc,marking     ] GC(538) Concurrent Mark From Roots
[4409.089s][info][gc,task        ] GC(538) Using 2 workers of 2 for marking
.[4409.904s][info][gc,marking     ] GC(538) Concurrent Mark From Roots 814.679ms
[4409.904s][info][gc,marking     ] GC(538) Concurrent Preclean
[4409.904s][info][gc,marking     ] GC(538) Concurrent Preclean 0.124ms
[4409.904s][info][gc,start       ] GC(538) Pause Remark
[4409.906s][info][gc             ] GC(538) Pause Remark 4303M->3695M(8192M) 2.031ms
[4409.906s][info][gc,cpu         ] GC(538) User=0.01s Sys=0.00s Real=0.00s
[4409.906s][info][gc,marking     ] GC(538) Concurrent Mark 817.140ms
[4409.906s][info][gc,marking     ] GC(538) Concurrent Rebuild Remembered Sets and Scrub Regions
[4410.386s][info][gc,marking     ] GC(538) Concurrent Rebuild Remembered Sets and Scrub Regions 479.805ms
[4410.386s][info][gc,start       ] GC(538) Pause Cleanup
[4410.386s][info][gc             ] GC(538) Pause Cleanup 4136M->4136M(8192M) 0.293ms
[4410.386s][info][gc,cpu         ] GC(538) User=0.00s Sys=0.00s Real=0.00s
[4410.387s][info][gc,marking     ] GC(538) Concurrent Clear Claimed Marks
[4410.387s][info][gc,marking     ] GC(538) Concurrent Clear Claimed Marks 0.057ms
[4410.387s][info][gc,marking     ] GC(538) Concurrent Cleanup for Next Mark
[4410.394s][info][gc,marking     ] GC(538) Concurrent Cleanup for Next Mark 7.796ms
[4410.394s][info][gc             ] GC(538) Concurrent Mark Cycle 1688.101ms
...[4413.467s][info][gc,start       ] GC(539) Pause Young (Prepare Mixed) (G1 Evacuation Pause)
[4413.467s][info][gc,task        ] GC(539) Using 8 workers of 8 for evacuation
[4413.615s][info][gc,phases      ] GC(539)   Pre Evacuate Collection Set: 0.25ms
[4413.615s][info][gc,phases      ] GC(539)   Merge Heap Roots: 0.71ms
[4413.615s][info][gc,phases      ] GC(539)   Evacuate Collection Set: 146.21ms
[4413.615s][info][gc,phases      ] GC(539)   Post Evacuate Collection Set: 1.11ms
[4413.615s][info][gc,phases      ] GC(539)   Other: 0.07ms
[4413.615s][info][gc,heap        ] GC(539) Eden regions: 534->0(573)
[4413.615s][info][gc,heap        ] GC(539) Survivor regions: 42->41(72)
[4413.615s][info][gc,heap        ] GC(539) Old regions: 245->253
[4413.615s][info][gc,heap        ] GC(539) Humongous regions: 33->33
[4413.615s][info][gc,metaspace   ] GC(539) Metaspace: 30007K(30464K)->30007K(30464K) NonClass: 24594K(24832K)->24594K(24832K) Class: 5412K(5632K)->5412K(5632K)
[4413.615s][info][gc             ] GC(539) Pause Young (Prepare Mixed) (G1 Evacuation Pause) 6803M->2586M(8192M) 148.478ms
[4413.615s][info][gc,cpu         ] GC(539) User=1.17s Sys=0.00s Real=0.15s
.... (rIR:aIR:PR = 7334:7315:7315) (tPR = 108771) [OK] 
  4416s: Performance info:
         Transaction,    Success,    Partial,     Failed,   Receipts, AvgBarcode, 
             Overall,     441433,          0,          0,     419331,      59.48, 
         Response times:
             Request,    Success,    Partial,     Failed,   SkipFail,     Probes,    Samples,      min,      p50,      p90,      p95,      p99,      max, 
       TotalPurchase,     419345,          0,          0,          0,     360181,     430221,      400,     5200,    10300,    17700,    79000,   363000,
     InStorePurchase,     220645,          0,          0,          0,     189232,     225870,      400,     5000,    10300,    17200,    79000,   363000,
      OnlinePurchase,     154568,          0,          0,          0,     132548,     158139,      400,     5300,    10200,    18700,    80600,   362000,
        InstPurchase,      44132,          0,          0,          0,      38401,      46212,      400,     5500,    10400,    17200,    79000,   360000,
          AssocOfCat,        444,          0,          0,          0,        367,        519,    28000,    44000,    62000,    76000,   202600,   265000,
      AssocOfProduct,       4422,          0,          0,          0,       4147,       5146,      600,     5000,    11400,    18965,    75000,   172000,
      BusinessReport,       1110,          0,          0,          0,        970,       1287,    24000,    44000,    65000,    82600,   206240,   263000,
          CustBuyBeh,       4429,          0,          0,          0,       4065,       5100,      300,     4700,    10300,    15400,    63000,   169000,
       ProductReturn,      11698,          0,          0,          0,      10048,      12224,      200,     5000,     9600,    15600,    82000,   353000,

  4416s: (54%)   IR =   7472 .[4418.809s][info][gc,start       ] GC(540) Pause Young (Mixed) (G1 Evacuation Pause)
[4418.809s][info][gc,task        ] GC(540) Using 8 workers of 8 for evacuation
[4418.966s][info][gc,phases      ] GC(540)   Pre Evacuate Collection Set: 0.30ms
[4418.966s][info][gc,phases      ] GC(540)   Merge Heap Roots: 0.94ms
[4418.966s][info][gc,phases      ] GC(540)   Evacuate Collection Set: 154.43ms
[4418.966s][info][gc,phases      ] GC(540)   Post Evacuate Collection Set: 1.31ms
[4418.966s][info][gc,phases      ] GC(540)   Other: 0.08ms
[4418.966s][info][gc,heap        ] GC(540) Eden regions: 573->0(572)
[4418.966s][info][gc,heap        ] GC(540) Survivor regions: 41->42(77)
[4418.966s][info][gc,heap        ] GC(540) Old regions: 253->158
[4418.966s][info][gc,heap        ] GC(540) Humongous regions: 33->33
[4418.966s][info][gc,metaspace   ] GC(540) Metaspace: 30007K(30464K)->30007K(30464K) NonClass: 24594K(24832K)->24594K(24832K) Class: 5412K(5632K)->5412K(5632K)
[4418.966s][info][gc             ] GC(540) Pause Young (Mixed) (G1 Evacuation Pause) 7170M->1835M(8192M) 157.199ms
[4418.966s][info][gc,cpu         ] GC(540) User=1.25s Sys=0.01s Real=0.16s
.....[4423.905s][info][gc,start       ] GC(541) Pause Young (Mixed) (G1 Evacuation Pause)
[4423.905s][info][gc,task        ] GC(541) Using 8 workers of 8 for evacuation
[4424.061s][info][gc,phases      ] GC(541)   Pre Evacuate Collection Set: 0.29ms
[4424.061s][info][gc,phases      ] GC(541)   Merge Heap Roots: 0.85ms
[4424.061s][info][gc,phases      ] GC(541)   Evacuate Collection Set: 153.91ms
[4424.061s][info][gc,phases      ] GC(541)   Post Evacuate Collection Set: 1.12ms
[4424.061s][info][gc,phases      ] GC(541)   Other: 0.07ms
[4424.061s][info][gc,heap        ] GC(541) Eden regions: 572->0(572)
[4424.061s][info][gc,heap        ] GC(541) Survivor regions: 42->42(77)
[4424.061s][info][gc,heap        ] GC(541) Old regions: 158->142
[4424.061s][info][gc,heap        ] GC(541) Humongous regions: 33->33
[4424.061s][info][gc,metaspace   ] GC(541) Metaspace: 30007K(30464K)->30007K(30464K) NonClass: 24594K(24832K)->24594K(24832K) Class: 5412K(5632K)->5412K(5632K)
[4424.061s][info][gc             ] GC(541) Pause Young (Mixed) (G1 Evacuation Pause) 6411M->1713M(8192M) 156.375ms
[4424.061s][info][gc,cpu         ] GC(541) User=1.23s Sys=0.00s Real=0.15s
....|.[4428.881s][info][gc,start       ] GC(542) Pause Young (Normal) (G1 Evacuation Pause)
[4428.881s][info][gc,task        ] GC(542) Using 8 workers of 8 for evacuation
[4429.036s][info][gc,phases      ] GC(542)   Pre Evacuate Collection Set: 0.25ms
[4429.036s][info][gc,phases      ] GC(542)   Merge Heap Roots: 0.53ms
[4429.036s][info][gc,phases      ] GC(542)   Evacuate Collection Set: 153.74ms
[4429.036s][info][gc,phases      ] GC(542)   Post Evacuate Collection Set: 1.00ms
[4429.036s][info][gc,phases      ] GC(542)   Other: 0.08ms
[4429.036s][info][gc,heap        ] GC(542) Eden regions: 572->0(570)
[4429.036s][info][gc,heap        ] GC(542) Survivor regions: 42->44(77)
[4429.036s][info][gc,heap        ] GC(542) Old regions: 142->149
[4429.036s][info][gc,heap        ] GC(542) Humongous regions: 33->33
[4429.036s][info][gc,metaspace   ] GC(542) Metaspace: 30007K(30464K)->30007K(30464K) NonClass: 24594K(24832K)->24594K(24832K) Class: 5412K(5632K)->5412K(5632K)
[4429.036s][info][gc             ] GC(542) Pause Young (Normal) (G1 Evacuation Pause) 6289M->1787M(8192M) 155.727ms
[4429.036s][info][gc,cpu         ] GC(542) User=1.23s Sys=0.00s Real=0.16s
.....[4433.975s][info][gc,start       ] GC(543) Pause Young (Normal) (G1 Evacuation Pause)
[4433.975s][info][gc,task        ] GC(543) Using 8 workers of 8 for evacuation
[4434.127s][info][gc,phases      ] GC(543)   Pre Evacuate Collection Set: 0.26ms
[4434.127s][info][gc,phases      ] GC(543)   Merge Heap Roots: 0.62ms
[4434.127s][info][gc,phases      ] GC(543)   Evacuate Collection Set: 149.34ms
[4434.127s][info][gc,phases      ] GC(543)   Post Evacuate Collection Set: 1.03ms
[4434.127s][info][gc,phases      ] GC(543)   Other: 0.06ms
[4434.127s][info][gc,heap        ] GC(543) Eden regions: 570->0(570)
[4434.127s][info][gc,heap        ] GC(543) Survivor regions: 44->44(77)
[4434.127s][info][gc,heap        ] GC(543) Old regions: 149->156
[4434.127s][info][gc,heap        ] GC(543) Humongous regions: 33->33
[4434.127s][info][gc,metaspace   ] GC(543) Metaspace: 30007K(30464K)->30007K(30464K) NonClass: 24594K(24832K)->24594K(24832K) Class: 5412K(5632K)->5412K(5632K)
[4434.127s][info][gc             ] GC(543) Pause Young (Normal) (G1 Evacuation Pause) 6347M->1839M(8192M) 151.440ms
[4434.127s][info][gc,cpu         ] GC(543) User=1.20s Sys=0.00s Real=0.15s
.....[4439.094s][info][gc,start       ] GC(544) Pause Young (Normal) (G1 Evacuation Pause)
[4439.094s][info][gc,task        ] GC(544) Using 8 workers of 8 for evacuation
[4439.246s][info][gc,phases      ] GC(544)   Pre Evacuate Collection Set: 0.25ms
[4439.246s][info][gc,phases      ] GC(544)   Merge Heap Roots: 0.58ms
[4439.246s][info][gc,phases      ] GC(544)   Evacuate Collection Set: 150.48ms
[4439.246s][info][gc,phases      ] GC(544)   Post Evacuate Collection Set: 1.05ms
[4439.246s][info][gc,phases      ] GC(544)   Other: 0.06ms
[4439.246s][info][gc,heap        ] GC(544) Eden regions: 570->0(571)
[4439.246s][info][gc,heap        ] GC(544) Survivor regions: 44->43(77)
[4439.246s][info][gc,heap        ] GC(544) Old regions: 156->164
[4439.246s][info][gc,heap        ] GC(544) Humongous regions: 33->33
[4439.246s][info][gc,metaspace   ] GC(544) Metaspace: 30007K(30464K)->30007K(30464K) NonClass: 24594K(24832K)->24594K(24832K) Class: 5412K(5632K)->5412K(5632K)
[4439.246s][info][gc             ] GC(544) Pause Young (Normal) (G1 Evacuation Pause) 6399M->1892M(8192M) 152.558ms
[4439.246s][info][gc,cpu         ] GC(544) User=1.21s Sys=0.00s Real=0.15s
.....[4444.191s][info][gc,start       ] GC(545) Pause Young (Normal) (G1 Evacuation Pause)
[4444.191s][info][gc,task        ] GC(545) Using 8 workers of 8 for evacuation
[4444.343s][info][gc,phases      ] GC(545)   Pre Evacuate Collection Set: 0.25ms
[4444.343s][info][gc,phases      ] GC(545)   Merge Heap Roots: 0.56ms
[4444.343s][info][gc,phases      ] GC(545)   Evacuate Collection Set: 150.19ms
[4444.343s][info][gc,phases      ] GC(545)   Post Evacuate Collection Set: 1.06ms
[4444.343s][info][gc,phases      ] GC(545)   Other: 0.07ms
[4444.343s][info][gc,heap        ] GC(545) Eden regions: 571->0(571)
[4444.343s][info][gc,heap        ] GC(545) Survivor regions: 43->43(77)
[4444.343s][info][gc,heap        ] GC(545) Old regions: 164->171
[4444.343s][info][gc,heap        ] GC(545) Humongous regions: 33->33
[4444.343s][info][gc,metaspace   ] GC(545) Metaspace: 30007K(30464K)->30007K(30464K) NonClass: 24594K(24832K)->24594K(24832K) Class: 5412K(5632K)->5412K(5632K)
[4444.343s][info][gc             ] GC(545) Pause Young (Normal) (G1 Evacuation Pause) 6460M->1946M(8192M) 152.277ms
[4444.343s][info][gc,cpu         ] GC(545) User=1.20s Sys=0.00s Real=0.15s
......[4449.362s][info][gc,start       ] GC(546) Pause Young (Normal) (G1 Evacuation Pause)
[4449.362s][info][gc,task        ] GC(546) Using 8 workers of 8 for evacuation
[4449.515s][info][gc,phases      ] GC(546)   Pre Evacuate Collection Set: 0.27ms
[4449.515s][info][gc,phases      ] GC(546)   Merge Heap Roots: 0.67ms
[4449.515s][info][gc,phases      ] GC(546)   Evacuate Collection Set: 150.92ms
[4449.515s][info][gc,phases      ] GC(546)   Post Evacuate Collection Set: 1.05ms
[4449.515s][info][gc,phases      ] GC(546)   Other: 0.07ms
[4449.515s][info][gc,heap        ] GC(546) Eden regions: 571->0(571)
[4449.515s][info][gc,heap        ] GC(546) Survivor regions: 43->43(77)
[4449.515s][info][gc,heap        ] GC(546) Old regions: 171->178
[4449.515s][info][gc,heap        ] GC(546) Humongous regions: 33->33
[4449.515s][info][gc,metaspace   ] GC(546) Metaspace: 30007K(30464K)->30007K(30464K) NonClass: 24594K(24832K)->24594K(24832K) Class: 5412K(5632K)->5412K(5632K)
[4449.515s][info][gc             ] GC(546) Pause Young (Normal) (G1 Evacuation Pause) 6514M->2006M(8192M) 153.120ms
[4449.515s][info][gc,cpu         ] GC(546) User=1.21s Sys=0.00s Real=0.16s
.....[4454.381s][info][gc,start       ] GC(547) Pause Young (Normal) (G1 Evacuation Pause)
[4454.381s][info][gc,task        ] GC(547) Using 8 workers of 8 for evacuation
[4454.530s][info][gc,phases      ] GC(547)   Pre Evacuate Collection Set: 0.26ms
[4454.531s][info][gc,phases      ] GC(547)   Merge Heap Roots: 0.54ms
[4454.531s][info][gc,phases      ] GC(547)   Evacuate Collection Set: 147.31ms
[4454.531s][info][gc,phases      ] GC(547)   Post Evacuate Collection Set: 1.03ms
[4454.531s][info][gc,phases      ] GC(547)   Other: 0.07ms
[4454.531s][info][gc,heap        ] GC(547) Eden regions: 571->0(572)
[4454.531s][info][gc,heap        ] GC(547) Survivor regions: 43->42(77)
[4454.531s][info][gc,heap        ] GC(547) Old regions: 178->185
[4454.531s][info][gc,heap        ] GC(547) Humongous regions: 33->33
[4454.531s][info][gc,metaspace   ] GC(547) Metaspace: 30007K(30464K)->30007K(30464K) NonClass: 24594K(24832K)->24594K(24832K) Class: 5412K(5632K)->5412K(5632K)
[4454.531s][info][gc             ] GC(547) Pause Young (Normal) (G1 Evacuation Pause) 6574M->2055M(8192M) 149.339ms
[4454.531s][info][gc,cpu         ] GC(547) User=1.19s Sys=0.00s Real=0.15s
.....[4459.594s][info][gc,start       ] GC(548) Pause Young (Normal) (G1 Evacuation Pause)
[4459.594s][info][gc,task        ] GC(548) Using 8 workers of 8 for evacuation
[4459.747s][info][gc,phases      ] GC(548)   Pre Evacuate Collection Set: 0.25ms
[4459.747s][info][gc,phases      ] GC(548)   Merge Heap Roots: 0.54ms
[4459.747s][info][gc,phases      ] GC(548)   Evacuate Collection Set: 151.09ms
[4459.747s][info][gc,phases      ] GC(548)   Post Evacuate Collection Set: 1.07ms
[4459.747s][info][gc,phases      ] GC(548)   Other: 0.06ms
[4459.747s][info][gc,heap        ] GC(548) Eden regions: 572->0(570)
[4459.747s][info][gc,heap        ] GC(548) Survivor regions: 42->44(77)
[4459.747s][info][gc,heap        ] GC(548) Old regions: 185->192
[4459.747s][info][gc,heap        ] GC(548) Humongous regions: 33->33
[4459.747s][info][gc,metaspace   ] GC(548) Metaspace: 30007K(30464K)->30007K(30464K) NonClass: 24594K(24832K)->24594K(24832K) Class: 5412K(5632K)->5412K(5632K)
[4459.747s][info][gc             ] GC(548) Pause Young (Normal) (G1 Evacuation Pause) 6631M->2123M(8192M) 153.158ms
[4459.747s][info][gc,cpu         ] GC(548) User=1.21s Sys=0.00s Real=0.15s
.....[4464.769s][info][gc,start       ] GC(549) Pause Young (Normal) (G1 Evacuation Pause)
[4464.769s][info][gc,task        ] GC(549) Using 8 workers of 8 for evacuation
[4464.920s][info][gc,phases      ] GC(549)   Pre Evacuate Collection Set: 0.25ms
[4464.920s][info][gc,phases      ] GC(549)   Merge Heap Roots: 0.53ms
[4464.920s][info][gc,phases      ] GC(549)   Evacuate Collection Set: 149.15ms
[4464.920s][info][gc,phases      ] GC(549)   Post Evacuate Collection Set: 1.03ms
[4464.920s][info][gc,phases      ] GC(549)   Other: 0.06ms
[4464.920s][info][gc,heap        ] GC(549) Eden regions: 570->0(572)
[4464.920s][info][gc,heap        ] GC(549) Survivor regions: 44->42(77)
[4464.920s][info][gc,heap        ] GC(549) Old regions: 192->199
[4464.920s][info][gc,heap        ] GC(549) Humongous regions: 33->33
[4464.920s][info][gc,metaspace   ] GC(549) Metaspace: 30007K(30464K)->30007K(30464K) NonClass: 24594K(24832K)->24594K(24832K) Class: 5412K(5632K)->5412K(5632K)
[4464.920s][info][gc             ] GC(549) Pause Young (Normal) (G1 Evacuation Pause) 6683M->2168M(8192M) 151.152ms
[4464.920s][info][gc,cpu         ] GC(549) User=1.20s Sys=0.00s Real=0.15s
.....[4469.885s][info][gc,start       ] GC(550) Pause Young (Normal) (G1 Evacuation Pause)
[4469.885s][info][gc,task        ] GC(550) Using 8 workers of 8 for evacuation
[4470.037s][info][gc,phases      ] GC(550)   Pre Evacuate Collection Set: 0.25ms
[4470.037s][info][gc,phases      ] GC(550)   Merge Heap Roots: 0.56ms
[4470.037s][info][gc,phases      ] GC(550)   Evacuate Collection Set: 149.70ms
[4470.037s][info][gc,phases      ] GC(550)   Post Evacuate Collection Set: 1.04ms
[4470.037s][info][gc,phases      ] GC(550)   Other: 0.06ms
[4470.037s][info][gc,heap        ] GC(550) Eden regions: 572->0(570)
[4470.037s][info][gc,heap        ] GC(550) Survivor regions: 42->44(77)
[4470.037s][info][gc,heap        ] GC(550) Old regions: 199->206
[4470.037s][info][gc,heap        ] GC(550) Humongous regions: 33->33
[4470.037s][info][gc,metaspace   ] GC(550) Metaspace: 30007K(30464K)->30007K(30464K) NonClass: 24594K(24832K)->24594K(24832K) Class: 5412K(5632K)->5412K(5632K)
[4470.037s][info][gc             ] GC(550) Pause Young (Normal) (G1 Evacuation Pause) 6744M->2239M(8192M) 151.764ms
[4470.037s][info][gc,cpu         ] GC(550) User=1.21s Sys=0.01s Real=0.15s
.....[4475.007s][info][gc,start       ] GC(551) Pause Young (Normal) (G1 Evacuation Pause)
[4475.007s][info][gc,task        ] GC(551) Using 8 workers of 8 for evacuation
[4475.163s][info][gc,phases      ] GC(551)   Pre Evacuate Collection Set: 0.26ms
[4475.163s][info][gc,phases      ] GC(551)   Merge Heap Roots: 0.59ms
[4475.163s][info][gc,phases      ] GC(551)   Evacuate Collection Set: 153.93ms
[4475.163s][info][gc,phases      ] GC(551)   Post Evacuate Collection Set: 1.04ms
[4475.163s][info][gc,phases      ] GC(551)   Other: 0.07ms
[4475.163s][info][gc,heap        ] GC(551) Eden regions: 570->0(571)
[4475.163s][info][gc,heap        ] GC(551) Survivor regions: 44->43(77)
[4475.163s][info][gc,heap        ] GC(551) Old regions: 206->214
[4475.163s][info][gc,heap        ] GC(551) Humongous regions: 33->33
[4475.163s][info][gc,metaspace   ] GC(551) Metaspace: 30007K(30464K)->30007K(30464K) NonClass: 24594K(24832K)->24594K(24832K) Class: 5412K(5632K)->5412K(5632K)
[4475.163s][info][gc             ] GC(551) Pause Young (Normal) (G1 Evacuation Pause) 6799M->2292M(8192M) 156.020ms
[4475.163s][info][gc,cpu         ] GC(551) User=1.24s Sys=0.00s Real=0.16s
.....[4480.164s][info][gc,start       ] GC(552) Pause Young (Normal) (G1 Evacuation Pause)
[4480.164s][info][gc,task        ] GC(552) Using 8 workers of 8 for evacuation
[4480.320s][info][gc,phases      ] GC(552)   Pre Evacuate Collection Set: 0.25ms
[4480.320s][info][gc,phases      ] GC(552)   Merge Heap Roots: 0.58ms
[4480.320s][info][gc,phases      ] GC(552)   Evacuate Collection Set: 153.91ms
[4480.320s][info][gc,phases      ] GC(552)   Post Evacuate Collection Set: 1.06ms
[4480.320s][info][gc,phases      ] GC(552)   Other: 0.07ms
[4480.320s][info][gc,heap        ] GC(552) Eden regions: 571->0(570)
[4480.320s][info][gc,heap        ] GC(552) Survivor regions: 43->44(77)
[4480.320s][info][gc,heap        ] GC(552) Old regions: 214->221
[4480.320s][info][gc,heap        ] GC(552) Humongous regions: 33->33
[4480.320s][info][gc,metaspace   ] GC(552) Metaspace: 30007K(30464K)->30007K(30464K) NonClass: 24594K(24832K)->24594K(24832K) Class: 5412K(5632K)->5412K(5632K)
[4480.320s][info][gc             ] GC(552) Pause Young (Normal) (G1 Evacuation Pause) 6860M->2352M(8192M) 156.021ms
[4480.320s][info][gc,cpu         ] GC(552) User=1.24s Sys=0.00s Real=0.15s
.....[4485.267s][info][gc,start       ] GC(553) Pause Young (Normal) (G1 Evacuation Pause)
[4485.267s][info][gc,task        ] GC(553) Using 8 workers of 8 for evacuation
[4485.421s][info][gc,phases      ] GC(553)   Pre Evacuate Collection Set: 0.26ms
[4485.421s][info][gc,phases      ] GC(553)   Merge Heap Roots: 0.55ms
[4485.421s][info][gc,phases      ] GC(553)   Evacuate Collection Set: 151.75ms
[4485.421s][info][gc,phases      ] GC(553)   Post Evacuate Collection Set: 1.04ms
[4485.421s][info][gc,phases      ] GC(553)   Other: 0.08ms
[4485.421s][info][gc,heap        ] GC(553) Eden regions: 570->0(571)
[4485.421s][info][gc,heap        ] GC(553) Survivor regions: 44->43(77)
[4485.421s][info][gc,heap        ] GC(553) Old regions: 221->228
[4485.421s][info][gc,heap        ] GC(553) Humongous regions: 33->33
[4485.421s][info][gc,metaspace   ] GC(553) Metaspace: 30007K(30464K)->30007K(30464K) NonClass: 24594K(24832K)->24594K(24832K) Class: 5412K(5632K)->5412K(5632K)
[4485.421s][info][gc             ] GC(553) Pause Young (Normal) (G1 Evacuation Pause) 6912M->2405M(8192M) 153.815ms
[4485.421s][info][gc,cpu         ] GC(553) User=1.22s Sys=0.00s Real=0.15s
... (rIR:aIR:PR = 7472:7476:7476) (tPR = 110614) [OK] 
  4487s: Performance info:
         Transaction,    Success,    Partial,     Failed,   Receipts, AvgBarcode, 
             Overall,     451187,          0,          0,     428654,      59.48, 
         Response times:
             Request,    Success,    Partial,     Failed,   SkipFail,     Probes,    Samples,      min,      p50,      p90,      p95,      p99,      max, 
       TotalPurchase,     428654,          0,          0,          0,     363020,     426456,      300,     5100,    10200,    19815,    75000,   339000,
     InStorePurchase,     225854,          0,          0,          0,     190841,     224011,      300,     5100,    10200,    21000,    76000,   338000,
      OnlinePurchase,     157729,          0,          0,          0,     133931,     157317,      300,     5100,    10200,    18700,    76000,   338000,
        InstPurchase,      45071,          0,          0,          0,      38248,      45128,      400,     5200,    10300,    21000,    71000,   339000,
          AssocOfCat,        451,          0,          0,          0,        392,        591,    29000,    43000,    66000,   100800,   191160,   201000,
      AssocOfProduct,       4512,          0,          0,          0,       4246,       5217,      500,     5300,    10100,    17510,    79820,   290000,
      BusinessReport,       1128,          0,          0,          0,        977,       1293,    30000,    46000,    67000,    92000,   184420,   264000,
          CustBuyBeh,       4520,          0,          0,          0,       4231,       5180,      400,     5400,    10100,    18175,    67000,   289000,
       ProductReturn,      11922,          0,          0,          0,      10265,      12347,      200,     4800,     9900,    19600,    73000,   289000,

  4487s: (55%)   IR =   7610 ..[4490.365s][info][gc,start       ] GC(554) Pause Young (Normal) (G1 Evacuation Pause)
[4490.365s][info][gc,task        ] GC(554) Using 8 workers of 8 for evacuation
[4490.515s][info][gc,phases      ] GC(554)   Pre Evacuate Collection Set: 0.26ms
[4490.515s][info][gc,phases      ] GC(554)   Merge Heap Roots: 0.54ms
[4490.515s][info][gc,phases      ] GC(554)   Evacuate Collection Set: 147.75ms
[4490.515s][info][gc,phases      ] GC(554)   Post Evacuate Collection Set: 1.02ms
[4490.515s][info][gc,phases      ] GC(554)   Other: 0.06ms
[4490.515s][info][gc,heap        ] GC(554) Eden regions: 571->0(571)
[4490.515s][info][gc,heap        ] GC(554) Survivor regions: 43->43(77)
[4490.515s][info][gc,heap        ] GC(554) Old regions: 228->235
[4490.515s][info][gc,heap        ] GC(554) Humongous regions: 33->33
[4490.515s][info][gc,metaspace   ] GC(554) Metaspace: 30007K(30464K)->30007K(30464K) NonClass: 24594K(24832K)->24594K(24832K) Class: 5412K(5632K)->5412K(5632K)
[4490.515s][info][gc             ] GC(554) Pause Young (Normal) (G1 Evacuation Pause) 6973M->2458M(8192M) 149.779ms
[4490.515s][info][gc,cpu         ] GC(554) User=1.19s Sys=0.00s Real=0.15s
.....[4495.310s][info][gc,start       ] GC(555) Pause Young (Normal) (G1 Evacuation Pause)
[4495.310s][info][gc,task        ] GC(555) Using 8 workers of 8 for evacuation
[4495.457s][info][gc,phases      ] GC(555)   Pre Evacuate Collection Set: 0.24ms
[4495.457s][info][gc,phases      ] GC(555)   Merge Heap Roots: 0.52ms
[4495.457s][info][gc,phases      ] GC(555)   Evacuate Collection Set: 145.74ms
[4495.457s][info][gc,phases      ] GC(555)   Post Evacuate Collection Set: 1.11ms
[4495.457s][info][gc,phases      ] GC(555)   Other: 0.06ms
[4495.458s][info][gc,heap        ] GC(555) Eden regions: 571->0(571)
[4495.458s][info][gc,heap        ] GC(555) Survivor regions: 43->43(77)
[4495.458s][info][gc,heap        ] GC(555) Old regions: 235->242
[4495.458s][info][gc,heap        ] GC(555) Humongous regions: 33->33
[4495.458s][info][gc,metaspace   ] GC(555) Metaspace: 30007K(30464K)->30007K(30464K) NonClass: 24594K(24832K)->24594K(24832K) Class: 5412K(5632K)->5412K(5632K)
[4495.458s][info][gc             ] GC(555) Pause Young (Normal) (G1 Evacuation Pause) 7026M->2518M(8192M) 147.821ms
[4495.458s][info][gc,cpu         ] GC(555) User=1.17s Sys=0.00s Real=0.15s
...|..[4500.421s][info][gc,start       ] GC(556) Pause Young (Normal) (G1 Evacuation Pause)
[4500.421s][info][gc,task        ] GC(556) Using 8 workers of 8 for evacuation
[4500.575s][info][gc,phases      ] GC(556)   Pre Evacuate Collection Set: 0.24ms
[4500.575s][info][gc,phases      ] GC(556)   Merge Heap Roots: 0.64ms
[4500.575s][info][gc,phases      ] GC(556)   Evacuate Collection Set: 152.27ms
[4500.575s][info][gc,phases      ] GC(556)   Post Evacuate Collection Set: 1.03ms
[4500.575s][info][gc,phases      ] GC(556)   Other: 0.07ms
[4500.575s][info][gc,heap        ] GC(556) Eden regions: 571->0(571)
[4500.575s][info][gc,heap        ] GC(556) Survivor regions: 43->43(77)
[4500.575s][info][gc,heap        ] GC(556) Old regions: 242->249
[4500.575s][info][gc,heap        ] GC(556) Humongous regions: 33->33
[4500.575s][info][gc,metaspace   ] GC(556) Metaspace: 30007K(30464K)->30007K(30464K) NonClass: 24594K(24832K)->24594K(24832K) Class: 5412K(5632K)->5412K(5632K)
[4500.575s][info][gc             ] GC(556) Pause Young (Normal) (G1 Evacuation Pause) 7086M->2574M(8192M) 154.402ms
[4500.575s][info][gc,cpu         ] GC(556) User=1.22s Sys=0.00s Real=0.16s
.....[4505.466s][info][gc,start       ] GC(557) Pause Young (Normal) (G1 Evacuation Pause)
[4505.466s][info][gc,task        ] GC(557) Using 8 workers of 8 for evacuation
[4505.622s][info][gc,phases      ] GC(557)   Pre Evacuate Collection Set: 0.25ms
[4505.623s][info][gc,phases      ] GC(557)   Merge Heap Roots: 0.58ms
[4505.623s][info][gc,phases      ] GC(557)   Evacuate Collection Set: 154.28ms
[4505.623s][info][gc,phases      ] GC(557)   Post Evacuate Collection Set: 1.07ms
[4505.623s][info][gc,phases      ] GC(557)   Other: 0.06ms
[4505.623s][info][gc,heap        ] GC(557) Eden regions: 571->0(570)
[4505.623s][info][gc,heap        ] GC(557) Survivor regions: 43->44(77)
[4505.623s][info][gc,heap        ] GC(557) Old regions: 249->256
[4505.623s][info][gc,heap        ] GC(557) Humongous regions: 33->33
[4505.623s][info][gc,metaspace   ] GC(557) Metaspace: 30007K(30464K)->30007K(30464K) NonClass: 24594K(24832K)->24594K(24832K) Class: 5412K(5632K)->5412K(5632K)
[4505.623s][info][gc             ] GC(557) Pause Young (Normal) (G1 Evacuation Pause) 7142M->2632M(8192M) 157.184ms
[4505.623s][info][gc,cpu         ] GC(557) User=1.24s Sys=0.00s Real=0.15s
.....[4510.431s][info][gc,start       ] GC(558) Pause Young (Normal) (G1 Evacuation Pause)
[4510.431s][info][gc,task        ] GC(558) Using 8 workers of 8 for evacuation
[4510.584s][info][gc,phases      ] GC(558)   Pre Evacuate Collection Set: 0.24ms
[4510.584s][info][gc,phases      ] GC(558)   Merge Heap Roots: 0.54ms
[4510.584s][info][gc,phases      ] GC(558)   Evacuate Collection Set: 151.80ms
[4510.584s][info][gc,phases      ] GC(558)   Post Evacuate Collection Set: 1.06ms
[4510.584s][info][gc,phases      ] GC(558)   Other: 0.07ms
[4510.585s][info][gc,heap        ] GC(558) Eden regions: 570->0(571)
[4510.585s][info][gc,heap        ] GC(558) Survivor regions: 44->43(77)
[4510.585s][info][gc,heap        ] GC(558) Old regions: 256->263
[4510.585s][info][gc,heap        ] GC(558) Humongous regions: 33->33
[4510.585s][info][gc,metaspace   ] GC(558) Metaspace: 30007K(30464K)->30007K(30464K) NonClass: 24594K(24832K)->24594K(24832K) Class: 5412K(5632K)->5412K(5632K)
[4510.585s][info][gc             ] GC(558) Pause Young (Normal) (G1 Evacuation Pause) 7192M->2687M(8192M) 153.843ms
[4510.585s][info][gc,cpu         ] GC(558) User=1.22s Sys=0.00s Real=0.16s
.....[4515.414s][info][gc,start       ] GC(559) Pause Young (Normal) (G1 Evacuation Pause)
[4515.414s][info][gc,task        ] GC(559) Using 8 workers of 8 for evacuation
[4515.567s][info][gc,phases      ] GC(559)   Pre Evacuate Collection Set: 0.25ms
[4515.567s][info][gc,phases      ] GC(559)   Merge Heap Roots: 0.64ms
[4515.567s][info][gc,phases      ] GC(559)   Evacuate Collection Set: 150.99ms
[4515.567s][info][gc,phases      ] GC(559)   Post Evacuate Collection Set: 1.04ms
[4515.567s][info][gc,phases      ] GC(559)   Other: 0.07ms
[4515.567s][info][gc,heap        ] GC(559) Eden regions: 571->0(571)
[4515.567s][info][gc,heap        ] GC(559) Survivor regions: 43->43(77)
[4515.567s][info][gc,heap        ] GC(559) Old regions: 263->270
[4515.567s][info][gc,heap        ] GC(559) Humongous regions: 33->33
[4515.567s][info][gc,metaspace   ] GC(559) Metaspace: 30007K(30464K)->30007K(30464K) NonClass: 24594K(24832K)->24594K(24832K) Class: 5412K(5632K)->5412K(5632K)
[4515.567s][info][gc             ] GC(559) Pause Young (Normal) (G1 Evacuation Pause) 7255M->2740M(8192M) 153.111ms
[4515.567s][info][gc,cpu         ] GC(559) User=1.21s Sys=0.00s Real=0.15s
.....[4520.442s][info][gc,start       ] GC(560) Pause Young (Normal) (G1 Evacuation Pause)
[4520.442s][info][gc,task        ] GC(560) Using 8 workers of 8 for evacuation
[4520.597s][info][gc,phases      ] GC(560)   Pre Evacuate Collection Set: 0.27ms
[4520.597s][info][gc,phases      ] GC(560)   Merge Heap Roots: 0.62ms
[4520.597s][info][gc,phases      ] GC(560)   Evacuate Collection Set: 153.41ms
[4520.597s][info][gc,phases      ] GC(560)   Post Evacuate Collection Set: 1.06ms
[4520.597s][info][gc,phases      ] GC(560)   Other: 0.07ms
[4520.597s][info][gc,heap        ] GC(560) Eden regions: 571->0(571)
[4520.597s][info][gc,heap        ] GC(560) Survivor regions: 43->43(77)
[4520.597s][info][gc,heap        ] GC(560) Old regions: 270->277
[4520.597s][info][gc,heap        ] GC(560) Humongous regions: 33->33
[4520.597s][info][gc,metaspace   ] GC(560) Metaspace: 30007K(30464K)->30007K(30464K) NonClass: 24594K(24832K)->24594K(24832K) Class: 5412K(5632K)->5412K(5632K)
[4520.597s][info][gc             ] GC(560) Pause Young (Normal) (G1 Evacuation Pause) 7308M->2800M(8192M) 155.562ms
[4520.597s][info][gc,cpu         ] GC(560) User=1.23s Sys=0.00s Real=0.16s
.....[4525.441s][info][gc,start       ] GC(561) Pause Young (Normal) (G1 Evacuation Pause)
[4525.441s][info][gc,task        ] GC(561) Using 8 workers of 8 for evacuation
[4525.588s][info][gc,phases      ] GC(561)   Pre Evacuate Collection Set: 0.25ms
[4525.588s][info][gc,phases      ] GC(561)   Merge Heap Roots: 0.53ms
[4525.588s][info][gc,phases      ] GC(561)   Evacuate Collection Set: 145.57ms
[4525.588s][info][gc,phases      ] GC(561)   Post Evacuate Collection Set: 1.02ms
[4525.588s][info][gc,phases      ] GC(561)   Other: 0.07ms
[4525.588s][info][gc,heap        ] GC(561) Eden regions: 571->0(571)
[4525.588s][info][gc,heap        ] GC(561) Survivor regions: 43->42(77)
[4525.588s][info][gc,heap        ] GC(561) Old regions: 277->284
[4525.588s][info][gc,heap        ] GC(561) Humongous regions: 33->33
[4525.588s][info][gc,metaspace   ] GC(561) Metaspace: 30007K(30464K)->30007K(30464K) NonClass: 24594K(24832K)->24594K(24832K) Class: 5412K(5632K)->5412K(5632K)
[4525.588s][info][gc             ] GC(561) Pause Young (Normal) (G1 Evacuation Pause) 7368M->2845M(8192M) 147.595ms
[4525.589s][info][gc,cpu         ] GC(561) User=1.16s Sys=0.00s Real=0.15s
.....[4530.550s][info][gc,start       ] GC(562) Pause Young (Normal) (G1 Evacuation Pause)
[4530.550s][info][gc,task        ] GC(562) Using 8 workers of 8 for evacuation
[4530.699s][info][gc,phases      ] GC(562)   Pre Evacuate Collection Set: 0.27ms
[4530.699s][info][gc,phases      ] GC(562)   Merge Heap Roots: 0.55ms
[4530.699s][info][gc,phases      ] GC(562)   Evacuate Collection Set: 147.01ms
[4530.699s][info][gc,phases      ] GC(562)   Post Evacuate Collection Set: 1.03ms
[4530.699s][info][gc,phases      ] GC(562)   Other: 0.06ms
[4530.699s][info][gc,heap        ] GC(562) Eden regions: 571->0(563)
[4530.699s][info][gc,heap        ] GC(562) Survivor regions: 42->42(77)
[4530.699s][info][gc,heap        ] GC(562) Old regions: 284->292
[4530.699s][info][gc,heap        ] GC(562) Humongous regions: 33->33
[4530.699s][info][gc,metaspace   ] GC(562) Metaspace: 30007K(30464K)->30007K(30464K) NonClass: 24594K(24832K)->24594K(24832K) Class: 5412K(5632K)->5412K(5632K)
[4530.699s][info][gc             ] GC(562) Pause Young (Normal) (G1 Evacuation Pause) 7413M->2908M(8192M) 149.098ms
[4530.699s][info][gc,cpu         ] GC(562) User=1.18s Sys=0.00s Real=0.15s
.....[4535.558s][info][gc,start       ] GC(563) Pause Young (Normal) (G1 Evacuation Pause)
[4535.558s][info][gc,task        ] GC(563) Using 8 workers of 8 for evacuation
[4535.707s][info][gc,phases      ] GC(563)   Pre Evacuate Collection Set: 0.27ms
[4535.707s][info][gc,phases      ] GC(563)   Merge Heap Roots: 0.59ms
[4535.707s][info][gc,phases      ] GC(563)   Evacuate Collection Set: 146.96ms
[4535.707s][info][gc,phases      ] GC(563)   Post Evacuate Collection Set: 1.03ms
[4535.707s][info][gc,phases      ] GC(563)   Other: 0.07ms
[4535.707s][info][gc,heap        ] GC(563) Eden regions: 563->0(556)
[4535.707s][info][gc,heap        ] GC(563) Survivor regions: 42->42(76)
[4535.707s][info][gc,heap        ] GC(563) Old regions: 292->299
[4535.707s][info][gc,heap        ] GC(563) Humongous regions: 33->33
[4535.707s][info][gc,metaspace   ] GC(563) Metaspace: 30007K(30464K)->30007K(30464K) NonClass: 24594K(24832K)->24594K(24832K) Class: 5412K(5632K)->5412K(5632K)
[4535.707s][info][gc             ] GC(563) Pause Young (Normal) (G1 Evacuation Pause) 7412M->2963M(8192M) 149.085ms
[4535.707s][info][gc,cpu         ] GC(563) User=1.18s Sys=0.01s Real=0.15s
.....[4540.426s][info][gc,start       ] GC(564) Pause Young (Normal) (G1 Evacuation Pause)
[4540.426s][info][gc,task        ] GC(564) Using 8 workers of 8 for evacuation
[4540.574s][info][gc,phases      ] GC(564)   Pre Evacuate Collection Set: 0.25ms
[4540.574s][info][gc,phases      ] GC(564)   Merge Heap Roots: 0.54ms
[4540.574s][info][gc,phases      ] GC(564)   Evacuate Collection Set: 146.66ms
[4540.574s][info][gc,phases      ] GC(564)   Post Evacuate Collection Set: 1.02ms
[4540.574s][info][gc,phases      ] GC(564)   Other: 0.07ms
[4540.574s][info][gc,heap        ] GC(564) Eden regions: 556->0(549)
[4540.574s][info][gc,heap        ] GC(564) Survivor regions: 42->42(75)
[4540.574s][info][gc,heap        ] GC(564) Old regions: 299->306
[4540.574s][info][gc,heap        ] GC(564) Humongous regions: 33->33
[4540.574s][info][gc,metaspace   ] GC(564) Metaspace: 30007K(30464K)->30007K(30464K) NonClass: 24594K(24832K)->24594K(24832K) Class: 5412K(5632K)->5412K(5632K)
[4540.574s][info][gc             ] GC(564) Pause Young (Normal) (G1 Evacuation Pause) 7411M->3020M(8192M) 148.688ms
[4540.574s][info][gc,cpu         ] GC(564) User=1.18s Sys=0.00s Real=0.15s
.....[4545.298s][info][gc,start       ] GC(565) Pause Young (Normal) (G1 Evacuation Pause)
[4545.298s][info][gc,task        ] GC(565) Using 8 workers of 8 for evacuation
[4545.445s][info][gc,phases      ] GC(565)   Pre Evacuate Collection Set: 0.26ms
[4545.445s][info][gc,phases      ] GC(565)   Merge Heap Roots: 0.55ms
[4545.445s][info][gc,phases      ] GC(565)   Evacuate Collection Set: 145.59ms
[4545.445s][info][gc,phases      ] GC(565)   Post Evacuate Collection Set: 0.99ms
[4545.445s][info][gc,phases      ] GC(565)   Other: 0.06ms
[4545.445s][info][gc,heap        ] GC(565) Eden regions: 549->0(541)
[4545.445s][info][gc,heap        ] GC(565) Survivor regions: 42->42(74)
[4545.445s][info][gc,heap        ] GC(565) Old regions: 306->314
[4545.445s][info][gc,heap        ] GC(565) Humongous regions: 33->33
[4545.445s][info][gc,metaspace   ] GC(565) Metaspace: 30007K(30464K)->30007K(30464K) NonClass: 24594K(24832K)->24594K(24832K) Class: 5412K(5632K)->5412K(5632K)
[4545.445s][info][gc             ] GC(565) Pause Young (Normal) (G1 Evacuation Pause) 7412M->3080M(8192M) 147.593ms
[4545.445s][info][gc,cpu         ] GC(565) User=1.17s Sys=0.00s Real=0.15s
.....[4549.946s][info][gc,start       ] GC(566) Pause Young (Concurrent Start) (G1 Evacuation Pause)
[4549.946s][info][gc,task        ] GC(566) Using 8 workers of 8 for evacuation
[4550.093s][info][gc,phases      ] GC(566)   Pre Evacuate Collection Set: 0.31ms
[4550.093s][info][gc,phases      ] GC(566)   Merge Heap Roots: 0.52ms
[4550.093s][info][gc,phases      ] GC(566)   Evacuate Collection Set: 145.36ms
[4550.093s][info][gc,phases      ] GC(566)   Post Evacuate Collection Set: 0.98ms
[4550.093s][info][gc,phases      ] GC(566)   Other: 0.11ms
[4550.093s][info][gc,heap        ] GC(566) Eden regions: 541->0(532)
[4550.093s][info][gc,heap        ] GC(566) Survivor regions: 42->43(73)
[4550.093s][info][gc,heap        ] GC(566) Old regions: 314->321
[4550.093s][info][gc,heap        ] GC(566) Humongous regions: 33->33
[4550.093s][info][gc,metaspace   ] GC(566) Metaspace: 30007K(30464K)->30007K(30464K) NonClass: 24594K(24832K)->24594K(24832K) Class: 5412K(5632K)->5412K(5632K)
[4550.093s][info][gc             ] GC(566) Pause Young (Concurrent Start) (G1 Evacuation Pause) 7408M->3147M(8192M) 147.436ms
[4550.093s][info][gc             ] GC(567) Concurrent Mark Cycle
[4550.093s][info][gc,marking     ] GC(567) Concurrent Scan Root Regions
[4550.093s][info][gc,cpu         ] GC(566) User=1.17s Sys=0.00s Real=0.15s
[4550.390s][info][gc,marking     ] GC(567) Concurrent Scan Root Regions 297.049ms
[4550.390s][info][gc,marking     ] GC(567) Concurrent Mark
[4550.390s][info][gc,marking     ] GC(567) Concurrent Mark From Roots
[4550.390s][info][gc,task        ] GC(567) Using 2 workers of 2 for marking
.[4551.357s][info][gc,marking     ] GC(567) Concurrent Mark From Roots 966.302ms
[4551.357s][info][gc,marking     ] GC(567) Concurrent Preclean
[4551.357s][info][gc,marking     ] GC(567) Concurrent Preclean 0.119ms
[4551.357s][info][gc,start       ] GC(567) Pause Remark
[4551.359s][info][gc             ] GC(567) Pause Remark 4441M->3881M(8192M) 1.925ms
[4551.359s][info][gc,cpu         ] GC(567) User=0.01s Sys=0.00s Real=0.00s
[4551.359s][info][gc,marking     ] GC(567) Concurrent Mark 968.629ms
[4551.359s][info][gc,marking     ] GC(567) Concurrent Rebuild Remembered Sets and Scrub Regions
.[4551.806s][info][gc,marking     ] GC(567) Concurrent Rebuild Remembered Sets and Scrub Regions 446.875ms
[4551.806s][info][gc,start       ] GC(567) Pause Cleanup
[4551.806s][info][gc             ] GC(567) Pause Cleanup 4271M->4271M(8192M) 0.275ms
[4551.806s][info][gc,cpu         ] GC(567) User=0.00s Sys=0.00s Real=0.00s
[4551.807s][info][gc,marking     ] GC(567) Concurrent Clear Claimed Marks
[4551.807s][info][gc,marking     ] GC(567) Concurrent Clear Claimed Marks 0.046ms
[4551.807s][info][gc,marking     ] GC(567) Concurrent Cleanup for Next Mark
[4551.818s][info][gc,marking     ] GC(567) Concurrent Cleanup for Next Mark 11.434ms
[4551.818s][info][gc             ] GC(567) Concurrent Mark Cycle 1724.725ms
..[4554.596s][info][gc,start       ] GC(568) Pause Young (Prepare Mixed) (G1 Evacuation Pause)
[4554.596s][info][gc,task        ] GC(568) Using 8 workers of 8 for evacuation
[4554.747s][info][gc,phases      ] GC(568)   Pre Evacuate Collection Set: 0.28ms
[4554.747s][info][gc,phases      ] GC(568)   Merge Heap Roots: 0.73ms
[4554.747s][info][gc,phases      ] GC(568)   Evacuate Collection Set: 148.90ms
[4554.747s][info][gc,phases      ] GC(568)   Post Evacuate Collection Set: 1.13ms
[4554.747s][info][gc,phases      ] GC(568)   Other: 0.07ms
[4554.747s][info][gc,heap        ] GC(568) Eden regions: 532->0(572)
[4554.747s][info][gc,heap        ] GC(568) Survivor regions: 43->42(72)
[4554.747s][info][gc,heap        ] GC(568) Old regions: 251->259
[4554.747s][info][gc,heap        ] GC(568) Humongous regions: 33->33
[4554.747s][info][gc,metaspace   ] GC(568) Metaspace: 30007K(30464K)->30007K(30464K) NonClass: 24594K(24832K)->24594K(24832K) Class: 5412K(5632K)->5412K(5632K)
[4554.747s][info][gc             ] GC(568) Pause Young (Prepare Mixed) (G1 Evacuation Pause) 6843M->2640M(8192M) 151.240ms
[4554.747s][info][gc,cpu         ] GC(568) User=1.19s Sys=0.01s Real=0.15s
.... (rIR:aIR:PR = 7610:7632:7632) (tPR = 113081) [OK] 
  4557s: Performance info:
         Transaction,    Success,    Partial,     Failed,   Receipts, AvgBarcode, 
             Overall,     459707,          0,          0,     436805,      59.47, 
         Response times:
             Request,    Success,    Partial,     Failed,   SkipFail,     Probes,    Samples,      min,      p50,      p90,      p95,      p99,      max, 
       TotalPurchase,     436805,          0,          0,          0,     356300,     422632,      300,     5200,    10800,    21000,    98000,   620000,
     InStorePurchase,     230361,          0,          0,          0,     187646,     222135,      300,     5100,    10800,    22000,    98000,   620000,
      OnlinePurchase,     160494,          0,          0,          0,     131228,     155838,      300,     5300,    10810,    21000,    99000,   610000,
        InstPurchase,      45950,          0,          0,          0,      37426,      44659,      500,     5200,    11000,    22000,    92000,   620000,
          AssocOfCat,        457,          0,          0,          0,        384,        534,    29000,    43000,    62500,   100500,   196250,   237000,
      AssocOfProduct,       4571,          0,          0,          0,       4270,       5219,      700,     6400,    11200,    34000,   128000,   192000,
      BusinessReport,       1150,          0,          0,          0,       1030,       1326,    25000,    47000,    71000,    93000,   208190,   321000,
          CustBuyBeh,       4572,          0,          0,          0,       4242,       5198,      200,     4400,    10100,    28000,   106040,   192000,
       ProductReturn,      12152,          0,          0,          0,       9212,      11234,      200,     5400,    11200,    26000,   101000,   194000,

  4557s: (56%)   IR =   7749 .[4559.613s][info][gc,start       ] GC(569) Pause Young (Mixed) (G1 Evacuation Pause)
[4559.613s][info][gc,task        ] GC(569) Using 8 workers of 8 for evacuation
[4559.768s][info][gc,phases      ] GC(569)   Pre Evacuate Collection Set: 0.28ms
[4559.768s][info][gc,phases      ] GC(569)   Merge Heap Roots: 0.78ms
[4559.768s][info][gc,phases      ] GC(569)   Evacuate Collection Set: 152.54ms
[4559.768s][info][gc,phases      ] GC(569)   Post Evacuate Collection Set: 1.24ms
[4559.768s][info][gc,phases      ] GC(569)   Other: 0.08ms
[4559.768s][info][gc,heap        ] GC(569) Eden regions: 572->0(572)
[4559.768s][info][gc,heap        ] GC(569) Survivor regions: 42->42(77)
[4559.768s][info][gc,heap        ] GC(569) Old regions: 259->164
[4559.768s][info][gc,heap        ] GC(569) Humongous regions: 33->33
[4559.768s][info][gc,metaspace   ] GC(569) Metaspace: 30007K(30464K)->30007K(30464K) NonClass: 24594K(24832K)->24594K(24832K) Class: 5412K(5632K)->5412K(5632K)
[4559.768s][info][gc             ] GC(569) Pause Young (Mixed) (G1 Evacuation Pause) 7216M->1886M(8192M) 155.078ms
[4559.768s][info][gc,cpu         ] GC(569) User=1.23s Sys=0.00s Real=0.16s
....|.[4564.588s][info][gc,start       ] GC(570) Pause Young (Mixed) (G1 Evacuation Pause)
[4564.588s][info][gc,task        ] GC(570) Using 8 workers of 8 for evacuation
[4564.748s][info][gc,phases      ] GC(570)   Pre Evacuate Collection Set: 0.27ms
[4564.748s][info][gc,phases      ] GC(570)   Merge Heap Roots: 0.89ms
[4564.748s][info][gc,phases      ] GC(570)   Evacuate Collection Set: 156.89ms
[4564.748s][info][gc,phases      ] GC(570)   Post Evacuate Collection Set: 1.13ms
[4564.748s][info][gc,phases      ] GC(570)   Other: 0.09ms
[4564.748s][info][gc,heap        ] GC(570) Eden regions: 572->0(572)
[4564.748s][info][gc,heap        ] GC(570) Survivor regions: 42->42(77)
[4564.748s][info][gc,heap        ] GC(570) Old regions: 164->142
[4564.748s][info][gc,heap        ] GC(570) Humongous regions: 33->33
[4564.748s][info][gc,metaspace   ] GC(570) Metaspace: 30007K(30464K)->30007K(30464K) NonClass: 24594K(24832K)->24594K(24832K) Class: 5412K(5632K)->5412K(5632K)
[4564.748s][info][gc             ] GC(570) Pause Young (Mixed) (G1 Evacuation Pause) 6462M->1715M(8192M) 159.411ms
[4564.748s][info][gc,cpu         ] GC(570) User=1.26s Sys=0.00s Real=0.16s
.....[4569.470s][info][gc,start       ] GC(571) Pause Young (Normal) (G1 Evacuation Pause)
[4569.470s][info][gc,task        ] GC(571) Using 8 workers of 8 for evacuation
[4569.622s][info][gc,phases      ] GC(571)   Pre Evacuate Collection Set: 0.25ms
[4569.622s][info][gc,phases      ] GC(571)   Merge Heap Roots: 0.52ms
[4569.622s][info][gc,phases      ] GC(571)   Evacuate Collection Set: 149.51ms
[4569.622s][info][gc,phases      ] GC(571)   Post Evacuate Collection Set: 1.04ms
[4569.622s][info][gc,phases      ] GC(571)   Other: 0.06ms
[4569.622s][info][gc,heap        ] GC(571) Eden regions: 572->0(572)
[4569.622s][info][gc,heap        ] GC(571) Survivor regions: 42->42(77)
[4569.622s][info][gc,heap        ] GC(571) Old regions: 142->150
[4569.622s][info][gc,heap        ] GC(571) Humongous regions: 33->33
[4569.622s][info][gc,metaspace   ] GC(571) Metaspace: 30007K(30464K)->30007K(30464K) NonClass: 24594K(24832K)->24594K(24832K) Class: 5412K(5632K)->5412K(5632K)
[4569.622s][info][gc             ] GC(571) Pause Young (Normal) (G1 Evacuation Pause) 6291M->1772M(8192M) 151.510ms
[4569.622s][info][gc,cpu         ] GC(571) User=1.20s Sys=0.00s Real=0.15s
.....[4574.383s][info][gc,start       ] GC(572) Pause Young (Normal) (G1 Evacuation Pause)
[4574.383s][info][gc,task        ] GC(572) Using 8 workers of 8 for evacuation
[4574.533s][info][gc,phases      ] GC(572)   Pre Evacuate Collection Set: 0.25ms
[4574.534s][info][gc,phases      ] GC(572)   Merge Heap Roots: 0.57ms
[4574.534s][info][gc,phases      ] GC(572)   Evacuate Collection Set: 149.02ms
[4574.534s][info][gc,phases      ] GC(572)   Post Evacuate Collection Set: 1.03ms
[4574.534s][info][gc,phases      ] GC(572)   Other: 0.06ms
[4574.534s][info][gc,heap        ] GC(572) Eden regions: 572->0(571)
[4574.534s][info][gc,heap        ] GC(572) Survivor regions: 42->43(77)
[4574.534s][info][gc,heap        ] GC(572) Old regions: 150->157
[4574.534s][info][gc,heap        ] GC(572) Humongous regions: 33->33
[4574.534s][info][gc,metaspace   ] GC(572) Metaspace: 30008K(30464K)->30008K(30464K) NonClass: 24595K(24832K)->24595K(24832K) Class: 5412K(5632K)->5412K(5632K)
[4574.534s][info][gc             ] GC(572) Pause Young (Normal) (G1 Evacuation Pause) 6348M->1838M(8192M) 151.052ms
[4574.534s][info][gc,cpu         ] GC(572) User=1.20s Sys=0.00s Real=0.16s
.....[4579.318s][info][gc,start       ] GC(573) Pause Young (Normal) (G1 Evacuation Pause)
[4579.318s][info][gc,task        ] GC(573) Using 8 workers of 8 for evacuation
[4579.465s][info][gc,phases      ] GC(573)   Pre Evacuate Collection Set: 0.25ms
[4579.465s][info][gc,phases      ] GC(573)   Merge Heap Roots: 0.54ms
[4579.465s][info][gc,phases      ] GC(573)   Evacuate Collection Set: 145.76ms
[4579.465s][info][gc,phases      ] GC(573)   Post Evacuate Collection Set: 1.06ms
[4579.465s][info][gc,phases      ] GC(573)   Other: 0.08ms
[4579.465s][info][gc,heap        ] GC(573) Eden regions: 571->0(573)
[4579.465s][info][gc,heap        ] GC(573) Survivor regions: 43->41(77)
[4579.465s][info][gc,heap        ] GC(573) Old regions: 157->164
[4579.465s][info][gc,heap        ] GC(573) Humongous regions: 33->33
[4579.465s][info][gc,metaspace   ] GC(573) Metaspace: 30008K(30464K)->30008K(30464K) NonClass: 24595K(24832K)->24595K(24832K) Class: 5412K(5632K)->5412K(5632K)
[4579.465s][info][gc             ] GC(573) Pause Young (Normal) (G1 Evacuation Pause) 6406M->1879M(8192M) 147.827ms
[4579.465s][info][gc,cpu         ] GC(573) User=1.17s Sys=0.00s Real=0.15s
.....[4584.330s][info][gc,start       ] GC(574) Pause Young (Normal) (G1 Evacuation Pause)
[4584.331s][info][gc,task        ] GC(574) Using 8 workers of 8 for evacuation
[4584.480s][info][gc,phases      ] GC(574)   Pre Evacuate Collection Set: 0.25ms
[4584.480s][info][gc,phases      ] GC(574)   Merge Heap Roots: 0.54ms
[4584.480s][info][gc,phases      ] GC(574)   Evacuate Collection Set: 147.56ms
[4584.480s][info][gc,phases      ] GC(574)   Post Evacuate Collection Set: 1.03ms
[4584.480s][info][gc,phases      ] GC(574)   Other: 0.06ms
[4584.480s][info][gc,heap        ] GC(574) Eden regions: 573->0(572)
[4584.480s][info][gc,heap        ] GC(574) Survivor regions: 41->42(77)
[4584.480s][info][gc,heap        ] GC(574) Old regions: 164->171
[4584.480s][info][gc,heap        ] GC(574) Humongous regions: 33->33
[4584.480s][info][gc,metaspace   ] GC(574) Metaspace: 30008K(30464K)->30008K(30464K) NonClass: 24595K(24832K)->24595K(24832K) Class: 5412K(5632K)->5412K(5632K)
[4584.480s][info][gc             ] GC(574) Pause Young (Normal) (G1 Evacuation Pause) 6463M->1944M(8192M) 149.564ms
[4584.480s][info][gc,cpu         ] GC(574) User=1.19s Sys=0.00s Real=0.15s
.....[4589.309s][info][gc,start       ] GC(575) Pause Young (Normal) (G1 Evacuation Pause)
[4589.309s][info][gc,task        ] GC(575) Using 8 workers of 8 for evacuation
[4589.459s][info][gc,phases      ] GC(575)   Pre Evacuate Collection Set: 0.25ms
[4589.459s][info][gc,phases      ] GC(575)   Merge Heap Roots: 0.56ms
[4589.459s][info][gc,phases      ] GC(575)   Evacuate Collection Set: 148.53ms
[4589.459s][info][gc,phases      ] GC(575)   Post Evacuate Collection Set: 1.04ms
[4589.459s][info][gc,phases      ] GC(575)   Other: 0.06ms
[4589.459s][info][gc,heap        ] GC(575) Eden regions: 572->0(572)
[4589.459s][info][gc,heap        ] GC(575) Survivor regions: 42->42(77)
[4589.459s][info][gc,heap        ] GC(575) Old regions: 171->178
[4589.459s][info][gc,heap        ] GC(575) Humongous regions: 33->33
[4589.459s][info][gc,metaspace   ] GC(575) Metaspace: 30008K(30464K)->30008K(30464K) NonClass: 24595K(24832K)->24595K(24832K) Class: 5412K(5632K)->5412K(5632K)
[4589.459s][info][gc             ] GC(575) Pause Young (Normal) (G1 Evacuation Pause) 6520M->1997M(8192M) 150.575ms
[4589.459s][info][gc,cpu         ] GC(575) User=1.20s Sys=0.00s Real=0.15s
.....[4594.260s][info][gc,start       ] GC(576) Pause Young (Normal) (G1 Evacuation Pause)
[4594.260s][info][gc,task        ] GC(576) Using 8 workers of 8 for evacuation
[4594.414s][info][gc,phases      ] GC(576)   Pre Evacuate Collection Set: 0.27ms
[4594.414s][info][gc,phases      ] GC(576)   Merge Heap Roots: 0.53ms
[4594.414s][info][gc,phases      ] GC(576)   Evacuate Collection Set: 152.68ms
[4594.414s][info][gc,phases      ] GC(576)   Post Evacuate Collection Set: 1.04ms
[4594.414s][info][gc,phases      ] GC(576)   Other: 0.06ms
[4594.414s][info][gc,heap        ] GC(576) Eden regions: 572->0(570)
[4594.414s][info][gc,heap        ] GC(576) Survivor regions: 42->44(77)
[4594.414s][info][gc,heap        ] GC(576) Old regions: 178->185
[4594.414s][info][gc,heap        ] GC(576) Humongous regions: 33->33
[4594.414s][info][gc,metaspace   ] GC(576) Metaspace: 30008K(30464K)->30008K(30464K) NonClass: 24595K(24832K)->24595K(24832K) Class: 5412K(5632K)->5412K(5632K)
[4594.414s][info][gc             ] GC(576) Pause Young (Normal) (G1 Evacuation Pause) 6573M->2069M(8192M) 154.719ms
[4594.414s][info][gc,cpu         ] GC(576) User=1.22s Sys=0.00s Real=0.16s
.....[4599.180s][info][gc,start       ] GC(577) Pause Young (Normal) (G1 Evacuation Pause)
[4599.180s][info][gc,task        ] GC(577) Using 8 workers of 8 for evacuation
[4599.332s][info][gc,phases      ] GC(577)   Pre Evacuate Collection Set: 0.26ms
[4599.332s][info][gc,phases      ] GC(577)   Merge Heap Roots: 0.58ms
[4599.332s][info][gc,phases      ] GC(577)   Evacuate Collection Set: 150.63ms
[4599.332s][info][gc,phases      ] GC(577)   Post Evacuate Collection Set: 1.05ms
[4599.332s][info][gc,phases      ] GC(577)   Other: 0.07ms
[4599.332s][info][gc,heap        ] GC(577) Eden regions: 570->0(570)
[4599.332s][info][gc,heap        ] GC(577) Survivor regions: 44->44(77)
[4599.332s][info][gc,heap        ] GC(577) Old regions: 185->193
[4599.332s][info][gc,heap        ] GC(577) Humongous regions: 33->33
[4599.332s][info][gc,metaspace   ] GC(577) Metaspace: 30008K(30464K)->30008K(30464K) NonClass: 24595K(24832K)->24595K(24832K) Class: 5412K(5632K)->5412K(5632K)
[4599.332s][info][gc             ] GC(577) Pause Young (Normal) (G1 Evacuation Pause) 6629M->2128M(8192M) 152.709ms
[4599.332s][info][gc,cpu         ] GC(577) User=1.21s Sys=0.00s Real=0.15s
.....[4604.218s][info][gc,start       ] GC(578) Pause Young (Normal) (G1 Evacuation Pause)
[4604.218s][info][gc,task        ] GC(578) Using 8 workers of 8 for evacuation
[4604.373s][info][gc,phases      ] GC(578)   Pre Evacuate Collection Set: 0.28ms
[4604.373s][info][gc,phases      ] GC(578)   Merge Heap Roots: 0.53ms
[4604.373s][info][gc,phases      ] GC(578)   Evacuate Collection Set: 152.53ms
[4604.373s][info][gc,phases      ] GC(578)   Post Evacuate Collection Set: 1.03ms
[4604.373s][info][gc,phases      ] GC(578)   Other: 0.06ms
[4604.373s][info][gc,heap        ] GC(578) Eden regions: 570->0(570)
[4604.373s][info][gc,heap        ] GC(578) Survivor regions: 44->44(77)
[4604.373s][info][gc,heap        ] GC(578) Old regions: 193->200
[4604.373s][info][gc,heap        ] GC(578) Humongous regions: 33->33
[4604.373s][info][gc,metaspace   ] GC(578) Metaspace: 30008K(30464K)->30008K(30464K) NonClass: 24595K(24832K)->24595K(24832K) Class: 5412K(5632K)->5412K(5632K)
[4604.373s][info][gc             ] GC(578) Pause Young (Normal) (G1 Evacuation Pause) 6688M->2186M(8192M) 154.565ms
[4604.373s][info][gc,cpu         ] GC(578) User=1.23s Sys=0.00s Real=0.15s
.....[4609.115s][info][gc,start       ] GC(579) Pause Young (Normal) (G1 Evacuation Pause)
[4609.115s][info][gc,task        ] GC(579) Using 8 workers of 8 for evacuation
[4609.270s][info][gc,phases      ] GC(579)   Pre Evacuate Collection Set: 0.26ms
[4609.270s][info][gc,phases      ] GC(579)   Merge Heap Roots: 0.58ms
[4609.270s][info][gc,phases      ] GC(579)   Evacuate Collection Set: 153.03ms
[4609.270s][info][gc,phases      ] GC(579)   Post Evacuate Collection Set: 1.04ms
[4609.270s][info][gc,phases      ] GC(579)   Other: 0.07ms
[4609.270s][info][gc,heap        ] GC(579) Eden regions: 570->0(571)
[4609.270s][info][gc,heap        ] GC(579) Survivor regions: 44->43(77)
[4609.270s][info][gc,heap        ] GC(579) Old regions: 200->207
[4609.270s][info][gc,heap        ] GC(579) Humongous regions: 33->33
[4609.270s][info][gc,metaspace   ] GC(579) Metaspace: 30008K(30464K)->30008K(30464K) NonClass: 24595K(24832K)->24595K(24832K) Class: 5412K(5632K)->5412K(5632K)
[4609.270s][info][gc             ] GC(579) Pause Young (Normal) (G1 Evacuation Pause) 6746M->2236M(8192M) 155.104ms
[4609.270s][info][gc,cpu         ] GC(579) User=1.23s Sys=0.00s Real=0.15s
.....[4614.054s][info][gc,start       ] GC(580) Pause Young (Normal) (G1 Evacuation Pause)
[4614.054s][info][gc,task        ] GC(580) Using 8 workers of 8 for evacuation
[4614.205s][info][gc,phases      ] GC(580)   Pre Evacuate Collection Set: 0.25ms
[4614.205s][info][gc,phases      ] GC(580)   Merge Heap Roots: 0.56ms
[4614.205s][info][gc,phases      ] GC(580)   Evacuate Collection Set: 149.12ms
[4614.205s][info][gc,phases      ] GC(580)   Post Evacuate Collection Set: 1.06ms
[4614.205s][info][gc,phases      ] GC(580)   Other: 0.06ms
[4614.205s][info][gc,heap        ] GC(580) Eden regions: 571->0(571)
[4614.205s][info][gc,heap        ] GC(580) Survivor regions: 43->43(77)
[4614.205s][info][gc,heap        ] GC(580) Old regions: 207->214
[4614.205s][info][gc,heap        ] GC(580) Humongous regions: 33->33
[4614.205s][info][gc,metaspace   ] GC(580) Metaspace: 30008K(30464K)->30008K(30464K) NonClass: 24595K(24832K)->24595K(24832K) Class: 5412K(5632K)->5412K(5632K)
[4614.205s][info][gc             ] GC(580) Pause Young (Normal) (G1 Evacuation Pause) 6804M->2297M(8192M) 151.199ms
[4614.205s][info][gc,cpu         ] GC(580) User=1.19s Sys=0.00s Real=0.15s
.....[4619.008s][info][gc,start       ] GC(581) Pause Young (Normal) (G1 Evacuation Pause)
[4619.008s][info][gc,task        ] GC(581) Using 8 workers of 8 for evacuation
[4619.157s][info][gc,phases      ] GC(581)   Pre Evacuate Collection Set: 0.24ms
[4619.157s][info][gc,phases      ] GC(581)   Merge Heap Roots: 0.54ms
[4619.157s][info][gc,phases      ] GC(581)   Evacuate Collection Set: 147.28ms
[4619.157s][info][gc,phases      ] GC(581)   Post Evacuate Collection Set: 1.04ms
[4619.157s][info][gc,phases      ] GC(581)   Other: 0.06ms
[4619.157s][info][gc,heap        ] GC(581) Eden regions: 571->0(571)
[4619.157s][info][gc,heap        ] GC(581) Survivor regions: 43->43(77)
[4619.157s][info][gc,heap        ] GC(581) Old regions: 214->221
[4619.157s][info][gc,heap        ] GC(581) Humongous regions: 33->33
[4619.157s][info][gc,metaspace   ] GC(581) Metaspace: 30008K(30464K)->30008K(30464K) NonClass: 24595K(24832K)->24595K(24832K) Class: 5412K(5632K)->5412K(5632K)
[4619.157s][info][gc             ] GC(581) Pause Young (Normal) (G1 Evacuation Pause) 6865M->2352M(8192M) 149.287ms
[4619.157s][info][gc,cpu         ] GC(581) User=1.18s Sys=0.00s Real=0.15s
.... (rIR:aIR:PR = 7749:7739:7739) (tPR = 115080) [OK] 
  4622s: Performance info:
         Transaction,    Success,    Partial,     Failed,   Receipts, AvgBarcode, 
             Overall,     464534,          0,          0,     441319,      59.47, 
         Response times:
             Request,    Success,    Partial,     Failed,   SkipFail,     Probes,    Samples,      min,      p50,      p90,      p95,      p99,      max, 
       TotalPurchase,     441319,          0,          0,          0,     361203,     392459,      300,     5400,    11200,    22000,    69000,   345000,
     InStorePurchase,     231383,          0,          0,          0,     189903,     206207,      300,     5300,    11100,    22000,    68000,   345000,
      OnlinePurchase,     163603,          0,          0,          0,     133026,     144420,      400,     5500,    11300,    22000,    70000,   344000,
        InstPurchase,      46333,          0,          0,          0,      38274,      41832,      400,     5600,    11200,    25000,    71000,   330000,
          AssocOfCat,        466,          0,          0,          0,        371,        470,    30000,    46000,    65000,    99000,   131160,   201000,
      AssocOfProduct,       4646,          0,          0,          0,       4378,       5018,      600,     5700,    11200,    24100,    74000,   333000,
      BusinessReport,       1165,          0,          0,          0,       1065,       1284,    30000,    48000,    68000,    87750,   140750,   222000,
          CustBuyBeh,       4655,          0,          0,          0,       4333,       4937,      300,     5300,    10700,    21000,    67000,   178000,
       ProductReturn,      12283,          0,          0,          0,       9531,      10590,      200,     5200,    10800,    22000,    65000,   277000,

  4622s: (57%)   IR =   7887 .[4623.936s][info][gc,start       ] GC(582) Pause Young (Normal) (G1 Evacuation Pause)
[4623.936s][info][gc,task        ] GC(582) Using 8 workers of 8 for evacuation
[4624.086s][info][gc,phases      ] GC(582)   Pre Evacuate Collection Set: 0.26ms
[4624.086s][info][gc,phases      ] GC(582)   Merge Heap Roots: 0.53ms
[4624.086s][info][gc,phases      ] GC(582)   Evacuate Collection Set: 148.06ms
[4624.086s][info][gc,phases      ] GC(582)   Post Evacuate Collection Set: 1.04ms
[4624.086s][info][gc,phases      ] GC(582)   Other: 0.09ms
[4624.086s][info][gc,heap        ] GC(582) Eden regions: 571->0(572)
[4624.086s][info][gc,heap        ] GC(582) Survivor regions: 43->42(77)
[4624.086s][info][gc,heap        ] GC(582) Old regions: 221->228
[4624.086s][info][gc,heap        ] GC(582) Humongous regions: 33->33
[4624.086s][info][gc,metaspace   ] GC(582) Metaspace: 30008K(30464K)->30008K(30464K) NonClass: 24595K(24832K)->24595K(24832K) Class: 5412K(5632K)->5412K(5632K)
[4624.086s][info][gc             ] GC(582) Pause Young (Normal) (G1 Evacuation Pause) 6920M->2400M(8192M) 150.118ms
[4624.086s][info][gc,cpu         ] GC(582) User=1.18s Sys=0.00s Real=0.15s
....[4628.745s][info][gc,start       ] GC(583) Pause Young (Normal) (G1 Evacuation Pause)
[4628.745s][info][gc,task        ] GC(583) Using 8 workers of 8 for evacuation
[4628.893s][info][gc,phases      ] GC(583)   Pre Evacuate Collection Set: 0.25ms
[4628.893s][info][gc,phases      ] GC(583)   Merge Heap Roots: 0.54ms
[4628.893s][info][gc,phases      ] GC(583)   Evacuate Collection Set: 146.58ms
[4628.893s][info][gc,phases      ] GC(583)   Post Evacuate Collection Set: 1.08ms
[4628.893s][info][gc,phases      ] GC(583)   Other: 0.07ms
[4628.893s][info][gc,heap        ] GC(583) Eden regions: 572->0(571)
[4628.893s][info][gc,heap        ] GC(583) Survivor regions: 42->43(77)
[4628.893s][info][gc,heap        ] GC(583) Old regions: 228->235
[4628.893s][info][gc,heap        ] GC(583) Humongous regions: 33->33
[4628.893s][info][gc,metaspace   ] GC(583) Metaspace: 30008K(30464K)->30008K(30464K) NonClass: 24595K(24832K)->24595K(24832K) Class: 5412K(5632K)->5412K(5632K)
[4628.893s][info][gc             ] GC(583) Pause Young (Normal) (G1 Evacuation Pause) 6976M->2465M(8192M) 148.655ms
[4628.893s][info][gc,cpu         ] GC(583) User=1.17s Sys=0.00s Real=0.15s
....|.[4633.660s][info][gc,start       ] GC(584) Pause Young (Normal) (G1 Evacuation Pause)
[4633.660s][info][gc,task        ] GC(584) Using 8 workers of 8 for evacuation
[4633.808s][info][gc,phases      ] GC(584)   Pre Evacuate Collection Set: 0.26ms
[4633.808s][info][gc,phases      ] GC(584)   Merge Heap Roots: 0.57ms
[4633.808s][info][gc,phases      ] GC(584)   Evacuate Collection Set: 146.84ms
[4633.808s][info][gc,phases      ] GC(584)   Post Evacuate Collection Set: 1.01ms
[4633.808s][info][gc,phases      ] GC(584)   Other: 0.06ms
[4633.808s][info][gc,heap        ] GC(584) Eden regions: 571->0(571)
[4633.808s][info][gc,heap        ] GC(584) Survivor regions: 43->43(77)
[4633.808s][info][gc,heap        ] GC(584) Old regions: 235->243
[4633.808s][info][gc,heap        ] GC(584) Humongous regions: 33->33
[4633.808s][info][gc,metaspace   ] GC(584) Metaspace: 30008K(30464K)->30008K(30464K) NonClass: 24595K(24832K)->24595K(24832K) Class: 5412K(5632K)->5412K(5632K)
[4633.808s][info][gc             ] GC(584) Pause Young (Normal) (G1 Evacuation Pause) 7033M->2520M(8192M) 148.874ms
[4633.809s][info][gc,cpu         ] GC(584) User=1.18s Sys=0.00s Real=0.15s
.....[4638.502s][info][gc,start       ] GC(585) Pause Young (Normal) (G1 Evacuation Pause)
[4638.502s][info][gc,task        ] GC(585) Using 8 workers of 8 for evacuation
[4638.649s][info][gc,phases      ] GC(585)   Pre Evacuate Collection Set: 0.27ms
[4638.649s][info][gc,phases      ] GC(585)   Merge Heap Roots: 0.62ms
[4638.649s][info][gc,phases      ] GC(585)   Evacuate Collection Set: 144.97ms
[4638.649s][info][gc,phases      ] GC(585)   Post Evacuate Collection Set: 1.05ms
[4638.649s][info][gc,phases      ] GC(585)   Other: 0.07ms
[4638.649s][info][gc,heap        ] GC(585) Eden regions: 571->0(571)
[4638.649s][info][gc,heap        ] GC(585) Survivor regions: 43->43(77)
[4638.649s][info][gc,heap        ] GC(585) Old regions: 243->250
[4638.649s][info][gc,heap        ] GC(585) Humongous regions: 33->33
[4638.649s][info][gc,metaspace   ] GC(585) Metaspace: 30008K(30464K)->30008K(30464K) NonClass: 24595K(24832K)->24595K(24832K) Class: 5412K(5632K)->5412K(5632K)
[4638.649s][info][gc             ] GC(585) Pause Young (Normal) (G1 Evacuation Pause) 7088M->2576M(8192M) 147.115ms
[4638.649s][info][gc,cpu         ] GC(585) User=1.16s Sys=0.00s Real=0.15s
.....[4643.306s][info][gc,start       ] GC(586) Pause Young (Normal) (G1 Evacuation Pause)
[4643.306s][info][gc,task        ] GC(586) Using 8 workers of 8 for evacuation
[4643.458s][info][gc,phases      ] GC(586)   Pre Evacuate Collection Set: 0.25ms
[4643.458s][info][gc,phases      ] GC(586)   Merge Heap Roots: 0.65ms
[4643.458s][info][gc,phases      ] GC(586)   Evacuate Collection Set: 150.43ms
[4643.458s][info][gc,phases      ] GC(586)   Post Evacuate Collection Set: 1.02ms
[4643.458s][info][gc,phases      ] GC(586)   Other: 0.06ms
[4643.458s][info][gc,heap        ] GC(586) Eden regions: 571->0(571)
[4643.458s][info][gc,heap        ] GC(586) Survivor regions: 43->43(77)
[4643.458s][info][gc,heap        ] GC(586) Old regions: 250->257
[4643.458s][info][gc,heap        ] GC(586) Humongous regions: 33->33
[4643.458s][info][gc,metaspace   ] GC(586) Metaspace: 30008K(30464K)->30008K(30464K) NonClass: 24595K(24832K)->24595K(24832K) Class: 5412K(5632K)->5412K(5632K)
[4643.458s][info][gc             ] GC(586) Pause Young (Normal) (G1 Evacuation Pause) 7144M->2639M(8192M) 152.549ms
[4643.459s][info][gc,cpu         ] GC(586) User=1.21s Sys=0.00s Real=0.15s
.....[4648.180s][info][gc,start       ] GC(587) Pause Young (Normal) (G1 Evacuation Pause)
[4648.180s][info][gc,task        ] GC(587) Using 8 workers of 8 for evacuation
[4648.332s][info][gc,phases      ] GC(587)   Pre Evacuate Collection Set: 0.26ms
[4648.332s][info][gc,phases      ] GC(587)   Merge Heap Roots: 0.64ms
[4648.332s][info][gc,phases      ] GC(587)   Evacuate Collection Set: 149.34ms
[4648.332s][info][gc,phases      ] GC(587)   Post Evacuate Collection Set: 1.04ms
[4648.332s][info][gc,phases      ] GC(587)   Other: 0.07ms
[4648.332s][info][gc,heap        ] GC(587) Eden regions: 571->0(571)
[4648.332s][info][gc,heap        ] GC(587) Survivor regions: 43->43(77)
[4648.332s][info][gc,heap        ] GC(587) Old regions: 257->264
[4648.332s][info][gc,heap        ] GC(587) Humongous regions: 33->33
[4648.332s][info][gc,metaspace   ] GC(587) Metaspace: 30008K(30464K)->30008K(30464K) NonClass: 24595K(24832K)->24595K(24832K) Class: 5412K(5632K)->5412K(5632K)
[4648.332s][info][gc             ] GC(587) Pause Young (Normal) (G1 Evacuation Pause) 7207M->2690M(8192M) 151.490ms
[4648.332s][info][gc,cpu         ] GC(587) User=1.20s Sys=0.00s Real=0.15s
.....[4653.092s][info][gc,start       ] GC(588) Pause Young (Normal) (G1 Evacuation Pause)
[4653.092s][info][gc,task        ] GC(588) Using 8 workers of 8 for evacuation
[4653.241s][info][gc,phases      ] GC(588)   Pre Evacuate Collection Set: 0.27ms
[4653.241s][info][gc,phases      ] GC(588)   Merge Heap Roots: 0.55ms
[4653.241s][info][gc,phases      ] GC(588)   Evacuate Collection Set: 147.77ms
[4653.241s][info][gc,phases      ] GC(588)   Post Evacuate Collection Set: 1.04ms
[4653.241s][info][gc,phases      ] GC(588)   Other: 0.06ms
[4653.241s][info][gc,heap        ] GC(588) Eden regions: 571->0(571)
[4653.241s][info][gc,heap        ] GC(588) Survivor regions: 43->43(77)
[4653.241s][info][gc,heap        ] GC(588) Old regions: 264->271
[4653.241s][info][gc,heap        ] GC(588) Humongous regions: 33->33
[4653.241s][info][gc,metaspace   ] GC(588) Metaspace: 30008K(30464K)->30008K(30464K) NonClass: 24595K(24832K)->24595K(24832K) Class: 5412K(5632K)->5412K(5632K)
[4653.241s][info][gc             ] GC(588) Pause Young (Normal) (G1 Evacuation Pause) 7258M->2750M(8192M) 149.822ms
[4653.241s][info][gc,cpu         ] GC(588) User=1.19s Sys=0.00s Real=0.15s
.....[4657.982s][info][gc,start       ] GC(589) Pause Young (Normal) (G1 Evacuation Pause)
[4657.982s][info][gc,task        ] GC(589) Using 8 workers of 8 for evacuation
[4658.136s][info][gc,phases      ] GC(589)   Pre Evacuate Collection Set: 0.26ms
[4658.136s][info][gc,phases      ] GC(589)   Merge Heap Roots: 0.54ms
[4658.136s][info][gc,phases      ] GC(589)   Evacuate Collection Set: 151.43ms
[4658.136s][info][gc,phases      ] GC(589)   Post Evacuate Collection Set: 1.02ms
[4658.136s][info][gc,phases      ] GC(589)   Other: 0.06ms
[4658.136s][info][gc,heap        ] GC(589) Eden regions: 571->0(571)
[4658.136s][info][gc,heap        ] GC(589) Survivor regions: 43->43(77)
[4658.136s][info][gc,heap        ] GC(589) Old regions: 271->278
[4658.136s][info][gc,heap        ] GC(589) Humongous regions: 33->33
[4658.136s][info][gc,metaspace   ] GC(589) Metaspace: 30008K(30464K)->30008K(30464K) NonClass: 24595K(24832K)->24595K(24832K) Class: 5412K(5632K)->5412K(5632K)
[4658.136s][info][gc             ] GC(589) Pause Young (Normal) (G1 Evacuation Pause) 7318M->2805M(8192M) 153.439ms
[4658.136s][info][gc,cpu         ] GC(589) User=1.21s Sys=0.00s Real=0.16s
....[4662.780s][info][gc,start       ] GC(590) Pause Young (Normal) (G1 Evacuation Pause)
[4662.780s][info][gc,task        ] GC(590) Using 8 workers of 8 for evacuation
[4662.930s][info][gc,phases      ] GC(590)   Pre Evacuate Collection Set: 0.26ms
[4662.930s][info][gc,phases      ] GC(590)   Merge Heap Roots: 0.54ms
[4662.930s][info][gc,phases      ] GC(590)   Evacuate Collection Set: 148.49ms
[4662.930s][info][gc,phases      ] GC(590)   Post Evacuate Collection Set: 1.06ms
[4662.930s][info][gc,phases      ] GC(590)   Other: 0.06ms
[4662.930s][info][gc,heap        ] GC(590) Eden regions: 571->0(568)
[4662.930s][info][gc,heap        ] GC(590) Survivor regions: 43->43(77)
[4662.930s][info][gc,heap        ] GC(590) Old regions: 278->285
[4662.930s][info][gc,heap        ] GC(590) Humongous regions: 33->33
[4662.930s][info][gc,metaspace   ] GC(590) Metaspace: 30008K(30464K)->30008K(30464K) NonClass: 24595K(24832K)->24595K(24832K) Class: 5412K(5632K)->5412K(5632K)
[4662.930s][info][gc             ] GC(590) Pause Young (Normal) (G1 Evacuation Pause) 7373M->2857M(8192M) 150.548ms
[4662.930s][info][gc,cpu         ] GC(590) User=1.19s Sys=0.00s Real=0.15s
.....[4667.632s][info][gc,start       ] GC(591) Pause Young (Normal) (G1 Evacuation Pause)
[4667.632s][info][gc,task        ] GC(591) Using 8 workers of 8 for evacuation
[4667.784s][info][gc,phases      ] GC(591)   Pre Evacuate Collection Set: 0.26ms
[4667.784s][info][gc,phases      ] GC(591)   Merge Heap Roots: 0.54ms
[4667.784s][info][gc,phases      ] GC(591)   Evacuate Collection Set: 150.36ms
[4667.784s][info][gc,phases      ] GC(591)   Post Evacuate Collection Set: 1.02ms
[4667.784s][info][gc,phases      ] GC(591)   Other: 0.06ms
[4667.784s][info][gc,heap        ] GC(591) Eden regions: 568->0(561)
[4667.784s][info][gc,heap        ] GC(591) Survivor regions: 43->43(77)
[4667.784s][info][gc,heap        ] GC(591) Old regions: 285->292
[4667.784s][info][gc,heap        ] GC(591) Humongous regions: 33->33
[4667.784s][info][gc,metaspace   ] GC(591) Metaspace: 30008K(30464K)->30008K(30464K) NonClass: 24595K(24832K)->24595K(24832K) Class: 5412K(5632K)->5412K(5632K)
[4667.784s][info][gc             ] GC(591) Pause Young (Normal) (G1 Evacuation Pause) 7401M->2921M(8192M) 152.366ms
[4667.785s][info][gc,cpu         ] GC(591) User=1.20s Sys=0.00s Real=0.16s
.....[4672.348s][info][gc,start       ] GC(592) Pause Young (Normal) (G1 Evacuation Pause)
[4672.348s][info][gc,task        ] GC(592) Using 8 workers of 8 for evacuation
[4672.494s][info][gc,phases      ] GC(592)   Pre Evacuate Collection Set: 0.25ms
[4672.494s][info][gc,phases      ] GC(592)   Merge Heap Roots: 0.53ms
[4672.494s][info][gc,phases      ] GC(592)   Evacuate Collection Set: 144.69ms
[4672.494s][info][gc,phases      ] GC(592)   Post Evacuate Collection Set: 1.02ms
[4672.494s][info][gc,phases      ] GC(592)   Other: 0.07ms
[4672.494s][info][gc,heap        ] GC(592) Eden regions: 561->0(556)
[4672.494s][info][gc,heap        ] GC(592) Survivor regions: 43->42(76)
[4672.494s][info][gc,heap        ] GC(592) Old regions: 292->299
[4672.494s][info][gc,heap        ] GC(592) Humongous regions: 33->33
[4672.494s][info][gc,metaspace   ] GC(592) Metaspace: 30008K(30464K)->30008K(30464K) NonClass: 24595K(24832K)->24595K(24832K) Class: 5412K(5632K)->5412K(5632K)
[4672.494s][info][gc             ] GC(592) Pause Young (Normal) (G1 Evacuation Pause) 7409M->2967M(8192M) 146.716ms
[4672.495s][info][gc,cpu         ] GC(592) User=1.16s Sys=0.00s Real=0.15s
.....[4677.120s][info][gc,start       ] GC(593) Pause Young (Normal) (G1 Evacuation Pause)
[4677.120s][info][gc,task        ] GC(593) Using 8 workers of 8 for evacuation
[4677.276s][info][gc,phases      ] GC(593)   Pre Evacuate Collection Set: 0.25ms
[4677.276s][info][gc,phases      ] GC(593)   Merge Heap Roots: 0.55ms
[4677.276s][info][gc,phases      ] GC(593)   Evacuate Collection Set: 153.48ms
[4677.276s][info][gc,phases      ] GC(593)   Post Evacuate Collection Set: 1.04ms
[4677.276s][info][gc,phases      ] GC(593)   Other: 0.06ms
[4677.276s][info][gc,heap        ] GC(593) Eden regions: 556->0(546)
[4677.276s][info][gc,heap        ] GC(593) Survivor regions: 42->43(75)
[4677.276s][info][gc,heap        ] GC(593) Old regions: 299->307
[4677.276s][info][gc,heap        ] GC(593) Humongous regions: 33->33
[4677.276s][info][gc,metaspace   ] GC(593) Metaspace: 30008K(30464K)->30008K(30464K) NonClass: 24595K(24832K)->24595K(24832K) Class: 5412K(5632K)->5412K(5632K)
[4677.276s][info][gc             ] GC(593) Pause Young (Normal) (G1 Evacuation Pause) 7415M->3035M(8192M) 155.505ms
[4677.276s][info][gc,cpu         ] GC(593) User=1.23s Sys=0.00s Real=0.16s
....[4681.815s][info][gc,start       ] GC(594) Pause Young (Concurrent Start) (G1 Evacuation Pause)
[4681.815s][info][gc,task        ] GC(594) Using 8 workers of 8 for evacuation
[4681.963s][info][gc,phases      ] GC(594)   Pre Evacuate Collection Set: 0.31ms
[4681.963s][info][gc,phases      ] GC(594)   Merge Heap Roots: 0.60ms
[4681.963s][info][gc,phases      ] GC(594)   Evacuate Collection Set: 145.46ms
[4681.963s][info][gc,phases      ] GC(594)   Post Evacuate Collection Set: 1.00ms
[4681.963s][info][gc,phases      ] GC(594)   Other: 0.08ms
[4681.963s][info][gc,heap        ] GC(594) Eden regions: 546->0(541)
[4681.963s][info][gc,heap        ] GC(594) Survivor regions: 43->42(74)
[4681.963s][info][gc,heap        ] GC(594) Old regions: 307->314
[4681.963s][info][gc,heap        ] GC(594) Humongous regions: 33->33
[4681.963s][info][gc,metaspace   ] GC(594) Metaspace: 30008K(30464K)->30008K(30464K) NonClass: 24595K(24832K)->24595K(24832K) Class: 5412K(5632K)->5412K(5632K)
[4681.963s][info][gc             ] GC(594) Pause Young (Concurrent Start) (G1 Evacuation Pause) 7403M->3084M(8192M) 147.586ms
[4681.963s][info][gc             ] GC(595) Concurrent Mark Cycle
[4681.963s][info][gc,marking     ] GC(595) Concurrent Scan Root Regions
[4681.963s][info][gc,cpu         ] GC(594) User=1.16s Sys=0.00s Real=0.14s
.[4682.358s][info][gc,marking     ] GC(595) Concurrent Scan Root Regions 395.341ms
[4682.358s][info][gc,marking     ] GC(595) Concurrent Mark
[4682.358s][info][gc,marking     ] GC(595) Concurrent Mark From Roots
[4682.358s][info][gc,task        ] GC(595) Using 2 workers of 2 for marking
.[4683.260s][info][gc,marking     ] GC(595) Concurrent Mark From Roots 901.349ms
[4683.260s][info][gc,marking     ] GC(595) Concurrent Preclean
[4683.260s][info][gc,marking     ] GC(595) Concurrent Preclean 0.129ms
[4683.260s][info][gc,start       ] GC(595) Pause Remark
[4683.262s][info][gc             ] GC(595) Pause Remark 4425M->3873M(8192M) 2.390ms
[4683.262s][info][gc,cpu         ] GC(595) User=0.02s Sys=0.00s Real=0.00s
[4683.263s][info][gc,marking     ] GC(595) Concurrent Mark 904.229ms
[4683.263s][info][gc,marking     ] GC(595) Concurrent Rebuild Remembered Sets and Scrub Regions
[4683.757s][info][gc,marking     ] GC(595) Concurrent Rebuild Remembered Sets and Scrub Regions 494.118ms
[4683.757s][info][gc,start       ] GC(595) Pause Cleanup
[4683.757s][info][gc             ] GC(595) Pause Cleanup 4344M->4344M(8192M) 0.307ms
[4683.757s][info][gc,cpu         ] GC(595) User=0.00s Sys=0.00s Real=0.00s
[4683.757s][info][gc,marking     ] GC(595) Concurrent Clear Claimed Marks
[4683.757s][info][gc,marking     ] GC(595) Concurrent Clear Claimed Marks 0.070ms
[4683.757s][info][gc,marking     ] GC(595) Concurrent Cleanup for Next Mark
[4683.768s][info][gc,marking     ] GC(595) Concurrent Cleanup for Next Mark 10.397ms
[4683.768s][info][gc             ] GC(595) Concurrent Mark Cycle 1804.920ms
...[4686.453s][info][gc,start       ] GC(596) Pause Young (Prepare Mixed) (G1 Evacuation Pause)
[4686.453s][info][gc,task        ] GC(596) Using 8 workers of 8 for evacuation
[4686.602s][info][gc,phases      ] GC(596)   Pre Evacuate Collection Set: 0.27ms
[4686.602s][info][gc,phases      ] GC(596)   Merge Heap Roots: 0.83ms
[4686.602s][info][gc,phases      ] GC(596)   Evacuate Collection Set: 146.60ms
[4686.602s][info][gc,phases      ] GC(596)   Post Evacuate Collection Set: 1.10ms
[4686.602s][info][gc,phases      ] GC(596)   Other: 0.07ms
[4686.602s][info][gc,heap        ] GC(596) Eden regions: 541->0(572)
[4686.602s][info][gc,heap        ] GC(596) Survivor regions: 42->42(73)
[4686.602s][info][gc,heap        ] GC(596) Old regions: 245->253
[4686.602s][info][gc,heap        ] GC(596) Humongous regions: 33->33
[4686.602s][info][gc,metaspace   ] GC(596) Metaspace: 30008K(30464K)->30008K(30464K) NonClass: 24595K(24832K)->24595K(24832K) Class: 5412K(5632K)->5412K(5632K)
[4686.602s][info][gc             ] GC(596) Pause Young (Prepare Mixed) (G1 Evacuation Pause) 6860M->2592M(8192M) 149.007ms
[4686.602s][info][gc,cpu         ] GC(596) User=1.18s Sys=0.00s Real=0.15s
.....[4691.306s][info][gc,start       ] GC(597) Pause Young (Mixed) (G1 Evacuation Pause)
[4691.306s][info][gc,task        ] GC(597) Using 8 workers of 8 for evacuation
[4691.461s][info][gc,phases      ] GC(597)   Pre Evacuate Collection Set: 0.32ms
[4691.461s][info][gc,phases      ] GC(597)   Merge Heap Roots: 0.84ms
[4691.461s][info][gc,phases      ] GC(597)   Evacuate Collection Set: 151.85ms
[4691.461s][info][gc,phases      ] GC(597)   Post Evacuate Collection Set: 1.30ms
[4691.461s][info][gc,phases      ] GC(597)   Other: 0.08ms
[4691.461s][info][gc,heap        ] GC(597) Eden regions: 572->0(573)
[4691.461s][info][gc,heap        ] GC(597) Survivor regions: 42->41(77)
[4691.461s][info][gc,heap        ] GC(597) Old regions: 253->158
[4691.461s][info][gc,heap        ] GC(597) Humongous regions: 33->33
[4691.461s][info][gc,metaspace   ] GC(597) Metaspace: 30008K(30464K)->30008K(30464K) NonClass: 24595K(24832K)->24595K(24832K) Class: 5412K(5632K)->5412K(5632K)
[4691.461s][info][gc             ] GC(597) Pause Young (Mixed) (G1 Evacuation Pause) 7168M->1830M(8192M) 154.518ms
[4691.461s][info][gc,cpu         ] GC(597) User=1.22s Sys=0.00s Real=0.15s
. (rIR:aIR:PR = 7887:7860:7860) (tPR = 116585) [OK] 
  4691s: Performance info:
         Transaction,    Success,    Partial,     Failed,   Receipts, AvgBarcode, 
             Overall,     472010,          0,          0,     448262,      59.48, 
         Response times:
             Request,    Success,    Partial,     Failed,   SkipFail,     Probes,    Samples,      min,      p50,      p90,      p95,      p99,      max, 
       TotalPurchase,     448262,          0,          0,          0,     358494,     414657,      300,     5600,    12600,    34000,    90000,   680000,
     InStorePurchase,     235702,          0,          0,          0,     188593,     217638,      300,     5500,    12500,    35000,    90000,   680000,
      OnlinePurchase,     165153,          0,          0,          0,     131857,     152595,      400,     5700,    12700,    34000,    91000,   680000,
        InstPurchase,      47407,          0,          0,          0,      38044,      44424,      400,     5500,    12900,    33000,    88000,   680000,
          AssocOfCat,        477,          0,          0,          0,        399,        559,    29000,    45000,    67000,   117000,   209400,   297000,
      AssocOfProduct,       4713,          0,          0,          0,       4355,       5292,      500,     5000,    12700,    33000,    78070,   218000,
      BusinessReport,       1184,          0,          0,          0,       1011,       1301,    30000,    47000,    67000,    92000,   190960,   252000,
          CustBuyBeh,       4741,          0,          0,          0,       4436,       5424,      300,     6100,    12700,    43000,    97000,   165000,
       ProductReturn,      12634,          0,          0,          0,       9632,      11479,      200,     5000,    12200,    37000,    86200,   660000,

  4691s: (58%)   IR =   8025 ....[4696.103s][info][gc,start       ] GC(598) Pause Young (Mixed) (G1 Evacuation Pause)
[4696.103s][info][gc,task        ] GC(598) Using 8 workers of 8 for evacuation
[4696.265s][info][gc,phases      ] GC(598)   Pre Evacuate Collection Set: 0.26ms
[4696.265s][info][gc,phases      ] GC(598)   Merge Heap Roots: 0.87ms
[4696.265s][info][gc,phases      ] GC(598)   Evacuate Collection Set: 160.36ms
[4696.265s][info][gc,phases      ] GC(598)   Post Evacuate Collection Set: 1.10ms
[4696.265s][info][gc,phases      ] GC(598)   Other: 0.07ms
[4696.265s][info][gc,heap        ] GC(598) Eden regions: 573->0(571)
[4696.265s][info][gc,heap        ] GC(598) Survivor regions: 41->43(77)
[4696.265s][info][gc,heap        ] GC(598) Old regions: 158->142
[4696.265s][info][gc,heap        ] GC(598) Humongous regions: 33->33
[4696.265s][info][gc,metaspace   ] GC(598) Metaspace: 30008K(30464K)->30008K(30464K) NonClass: 24595K(24832K)->24595K(24832K) Class: 5412K(5632K)->5412K(5632K)
[4696.265s][info][gc             ] GC(598) Pause Young (Mixed) (G1 Evacuation Pause) 6414M->1718M(8192M) 162.794ms
[4696.265s][info][gc,cpu         ] GC(598) User=1.29s Sys=0.00s Real=0.17s
....[4700.894s][info][gc,start       ] GC(599) Pause Young (Normal) (G1 Evacuation Pause)
[4700.894s][info][gc,task        ] GC(599) Using 8 workers of 8 for evacuation
[4701.048s][info][gc,phases      ] GC(599)   Pre Evacuate Collection Set: 0.24ms
[4701.048s][info][gc,phases      ] GC(599)   Merge Heap Roots: 0.53ms
[4701.048s][info][gc,phases      ] GC(599)   Evacuate Collection Set: 152.24ms
[4701.048s][info][gc,phases      ] GC(599)   Post Evacuate Collection Set: 1.03ms
[4701.048s][info][gc,phases      ] GC(599)   Other: 0.07ms
[4701.048s][info][gc,heap        ] GC(599) Eden regions: 571->0(570)
[4701.048s][info][gc,heap        ] GC(599) Survivor regions: 43->44(77)
[4701.048s][info][gc,heap        ] GC(599) Old regions: 142->149
[4701.048s][info][gc,heap        ] GC(599) Humongous regions: 33->33
[4701.048s][info][gc,metaspace   ] GC(599) Metaspace: 30008K(30464K)->30008K(30464K) NonClass: 24595K(24832K)->24595K(24832K) Class: 5412K(5632K)->5412K(5632K)
[4701.048s][info][gc             ] GC(599) Pause Young (Normal) (G1 Evacuation Pause) 6286M->1779M(8192M) 154.239ms
[4701.048s][info][gc,cpu         ] GC(599) User=1.22s Sys=0.00s Real=0.15s
...|..[4705.570s][info][gc,start       ] GC(600) Pause Young (Normal) (G1 Evacuation Pause)
[4705.570s][info][gc,task        ] GC(600) Using 8 workers of 8 for evacuation
[4705.719s][info][gc,phases      ] GC(600)   Pre Evacuate Collection Set: 0.27ms
[4705.719s][info][gc,phases      ] GC(600)   Merge Heap Roots: 0.56ms
[4705.719s][info][gc,phases      ] GC(600)   Evacuate Collection Set: 147.71ms
[4705.719s][info][gc,phases      ] GC(600)   Post Evacuate Collection Set: 1.02ms
[4705.719s][info][gc,phases      ] GC(600)   Other: 0.08ms
[4705.719s][info][gc,heap        ] GC(600) Eden regions: 570->0(571)
[4705.719s][info][gc,heap        ] GC(600) Survivor regions: 44->43(77)
[4705.719s][info][gc,heap        ] GC(600) Old regions: 149->156
[4705.719s][info][gc,heap        ] GC(600) Humongous regions: 33->33
[4705.720s][info][gc,metaspace   ] GC(600) Metaspace: 30008K(30464K)->30008K(30464K) NonClass: 24595K(24832K)->24595K(24832K) Class: 5412K(5632K)->5412K(5632K)
[4705.720s][info][gc             ] GC(600) Pause Young (Normal) (G1 Evacuation Pause) 6339M->1828M(8192M) 149.792ms
[4705.720s][info][gc,cpu         ] GC(600) User=1.18s Sys=0.00s Real=0.15s
.....[4710.309s][info][gc,start       ] GC(601) Pause Young (Normal) (G1 Evacuation Pause)
[4710.309s][info][gc,task        ] GC(601) Using 8 workers of 8 for evacuation
[4710.461s][info][gc,phases      ] GC(601)   Pre Evacuate Collection Set: 0.26ms
[4710.461s][info][gc,phases      ] GC(601)   Merge Heap Roots: 0.55ms
[4710.461s][info][gc,phases      ] GC(601)   Evacuate Collection Set: 149.55ms
[4710.461s][info][gc,phases      ] GC(601)   Post Evacuate Collection Set: 1.02ms
[4710.461s][info][gc,phases      ] GC(601)   Other: 0.07ms
[4710.461s][info][gc,heap        ] GC(601) Eden regions: 571->0(571)
[4710.461s][info][gc,heap        ] GC(601) Survivor regions: 43->43(77)
[4710.461s][info][gc,heap        ] GC(601) Old regions: 156->164
[4710.461s][info][gc,heap        ] GC(601) Humongous regions: 33->33
[4710.461s][info][gc,metaspace   ] GC(601) Metaspace: 30008K(30464K)->30008K(30464K) NonClass: 24595K(24832K)->24595K(24832K) Class: 5412K(5632K)->5412K(5632K)
[4710.461s][info][gc             ] GC(601) Pause Young (Normal) (G1 Evacuation Pause) 6396M->1888M(8192M) 151.611ms
[4710.461s][info][gc,cpu         ] GC(601) User=1.20s Sys=0.00s Real=0.15s
.....[4715.163s][info][gc,start       ] GC(602) Pause Young (Normal) (G1 Evacuation Pause)
[4715.163s][info][gc,task        ] GC(602) Using 8 workers of 8 for evacuation
[4715.314s][info][gc,phases      ] GC(602)   Pre Evacuate Collection Set: 0.25ms
[4715.314s][info][gc,phases      ] GC(602)   Merge Heap Roots: 0.54ms
[4715.314s][info][gc,phases      ] GC(602)   Evacuate Collection Set: 149.71ms
[4715.314s][info][gc,phases      ] GC(602)   Post Evacuate Collection Set: 1.04ms
[4715.314s][info][gc,phases      ] GC(602)   Other: 0.07ms
[4715.315s][info][gc,heap        ] GC(602) Eden regions: 571->0(570)
[4715.315s][info][gc,heap        ] GC(602) Survivor regions: 43->44(77)
[4715.315s][info][gc,heap        ] GC(602) Old regions: 164->171
[4715.315s][info][gc,heap        ] GC(602) Humongous regions: 33->33
[4715.315s][info][gc,metaspace   ] GC(602) Metaspace: 30008K(30464K)->30008K(30464K) NonClass: 24595K(24832K)->24595K(24832K) Class: 5412K(5632K)->5412K(5632K)
[4715.315s][info][gc             ] GC(602) Pause Young (Normal) (G1 Evacuation Pause) 6456M->1955M(8192M) 151.727ms
[4715.315s][info][gc,cpu         ] GC(602) User=1.20s Sys=0.00s Real=0.16s
....[4719.917s][info][gc,start       ] GC(603) Pause Young (Normal) (G1 Evacuation Pause)
[4719.917s][info][gc,task        ] GC(603) Using 8 workers of 8 for evacuation
[4720.067s][info][gc,phases      ] GC(603)   Pre Evacuate Collection Set: 0.26ms
[4720.067s][info][gc,phases      ] GC(603)   Merge Heap Roots: 0.55ms
[4720.067s][info][gc,phases      ] GC(603)   Evacuate Collection Set: 147.83ms
[4720.067s][info][gc,phases      ] GC(603)   Post Evacuate Collection Set: 1.04ms
[4720.067s][info][gc,phases      ] GC(603)   Other: 0.07ms
[4720.067s][info][gc,heap        ] GC(603) Eden regions: 570->0(571)
[4720.067s][info][gc,heap        ] GC(603) Survivor regions: 44->43(77)
[4720.067s][info][gc,heap        ] GC(603) Old regions: 171->178
[4720.067s][info][gc,heap        ] GC(603) Humongous regions: 33->33
[4720.067s][info][gc,metaspace   ] GC(603) Metaspace: 30008K(30464K)->30008K(30464K) NonClass: 24595K(24832K)->24595K(24832K) Class: 5412K(5632K)->5412K(5632K)
[4720.067s][info][gc             ] GC(603) Pause Young (Normal) (G1 Evacuation Pause) 6515M->2007M(8192M) 149.873ms
[4720.067s][info][gc,cpu         ] GC(603) User=1.19s Sys=0.00s Real=0.15s
.....[4724.644s][info][gc,start       ] GC(604) Pause Young (Normal) (G1 Evacuation Pause)
[4724.645s][info][gc,task        ] GC(604) Using 8 workers of 8 for evacuation
[4724.797s][info][gc,phases      ] GC(604)   Pre Evacuate Collection Set: 0.25ms
[4724.797s][info][gc,phases      ] GC(604)   Merge Heap Roots: 0.57ms
[4724.797s][info][gc,phases      ] GC(604)   Evacuate Collection Set: 150.95ms
[4724.797s][info][gc,phases      ] GC(604)   Post Evacuate Collection Set: 1.03ms
[4724.797s][info][gc,phases      ] GC(604)   Other: 0.08ms
[4724.797s][info][gc,heap        ] GC(604) Eden regions: 571->0(570)
[4724.797s][info][gc,heap        ] GC(604) Survivor regions: 43->44(77)
[4724.797s][info][gc,heap        ] GC(604) Old regions: 178->185
[4724.797s][info][gc,heap        ] GC(604) Humongous regions: 33->33
[4724.797s][info][gc,metaspace   ] GC(604) Metaspace: 30008K(30464K)->30008K(30464K) NonClass: 24595K(24832K)->24595K(24832K) Class: 5412K(5632K)->5412K(5632K)
[4724.797s][info][gc             ] GC(604) Pause Young (Normal) (G1 Evacuation Pause) 6575M->2069M(8192M) 153.017ms
[4724.798s][info][gc,cpu         ] GC(604) User=1.21s Sys=0.00s Real=0.15s
.....[4729.420s][info][gc,start       ] GC(605) Pause Young (Normal) (G1 Evacuation Pause)
[4729.420s][info][gc,task        ] GC(605) Using 8 workers of 8 for evacuation
[4729.570s][info][gc,phases      ] GC(605)   Pre Evacuate Collection Set: 0.25ms
[4729.570s][info][gc,phases      ] GC(605)   Merge Heap Roots: 0.54ms
[4729.570s][info][gc,phases      ] GC(605)   Evacuate Collection Set: 148.30ms
[4729.570s][info][gc,phases      ] GC(605)   Post Evacuate Collection Set: 1.04ms
[4729.570s][info][gc,phases      ] GC(605)   Other: 0.06ms
[4729.570s][info][gc,heap        ] GC(605) Eden regions: 570->0(571)
[4729.570s][info][gc,heap        ] GC(605) Survivor regions: 44->43(77)
[4729.570s][info][gc,heap        ] GC(605) Old regions: 185->192
[4729.570s][info][gc,heap        ] GC(605) Humongous regions: 33->33
[4729.570s][info][gc,metaspace   ] GC(605) Metaspace: 30008K(30464K)->30008K(30464K) NonClass: 24595K(24832K)->24595K(24832K) Class: 5412K(5632K)->5412K(5632K)
[4729.570s][info][gc             ] GC(605) Pause Young (Normal) (G1 Evacuation Pause) 6629M->2121M(8192M) 150.330ms
[4729.570s][info][gc,cpu         ] GC(605) User=1.19s Sys=0.00s Real=0.15s
.....[4734.174s][info][gc,start       ] GC(606) Pause Young (Normal) (G1 Evacuation Pause)
[4734.174s][info][gc,task        ] GC(606) Using 8 workers of 8 for evacuation
[4734.328s][info][gc,phases      ] GC(606)   Pre Evacuate Collection Set: 0.27ms
[4734.328s][info][gc,phases      ] GC(606)   Merge Heap Roots: 0.54ms
[4734.328s][info][gc,phases      ] GC(606)   Evacuate Collection Set: 152.18ms
[4734.328s][info][gc,phases      ] GC(606)   Post Evacuate Collection Set: 1.05ms
[4734.328s][info][gc,phases      ] GC(606)   Other: 0.06ms
[4734.328s][info][gc,heap        ] GC(606) Eden regions: 571->0(570)
[4734.328s][info][gc,heap        ] GC(606) Survivor regions: 43->44(77)
[4734.328s][info][gc,heap        ] GC(606) Old regions: 192->199
[4734.328s][info][gc,heap        ] GC(606) Humongous regions: 33->33
[4734.328s][info][gc,metaspace   ] GC(606) Metaspace: 30008K(30464K)->30008K(30464K) NonClass: 24595K(24832K)->24595K(24832K) Class: 5412K(5632K)->5412K(5632K)
[4734.328s][info][gc             ] GC(606) Pause Young (Normal) (G1 Evacuation Pause) 6689M->2182M(8192M) 154.228ms
[4734.328s][info][gc,cpu         ] GC(606) User=1.22s Sys=0.00s Real=0.15s
....[4738.915s][info][gc,start       ] GC(607) Pause Young (Normal) (G1 Evacuation Pause)
[4738.915s][info][gc,task        ] GC(607) Using 8 workers of 8 for evacuation
[4739.067s][info][gc,phases      ] GC(607)   Pre Evacuate Collection Set: 0.24ms
[4739.067s][info][gc,phases      ] GC(607)   Merge Heap Roots: 0.52ms
[4739.067s][info][gc,phases      ] GC(607)   Evacuate Collection Set: 150.52ms
[4739.067s][info][gc,phases      ] GC(607)   Post Evacuate Collection Set: 1.05ms
[4739.067s][info][gc,phases      ] GC(607)   Other: 0.07ms
[4739.067s][info][gc,heap        ] GC(607) Eden regions: 570->0(571)
[4739.067s][info][gc,heap        ] GC(607) Survivor regions: 44->43(77)
[4739.067s][info][gc,heap        ] GC(607) Old regions: 199->207
[4739.067s][info][gc,heap        ] GC(607) Humongous regions: 33->33
[4739.067s][info][gc,metaspace   ] GC(607) Metaspace: 30008K(30464K)->30008K(30464K) NonClass: 24595K(24832K)->24595K(24832K) Class: 5412K(5632K)->5412K(5632K)
[4739.067s][info][gc             ] GC(607) Pause Young (Normal) (G1 Evacuation Pause) 6742M->2236M(8192M) 152.530ms
[4739.067s][info][gc,cpu         ] GC(607) User=1.20s Sys=0.00s Real=0.15s
.....[4743.775s][info][gc,start       ] GC(608) Pause Young (Normal) (G1 Evacuation Pause)
[4743.775s][info][gc,task        ] GC(608) Using 8 workers of 8 for evacuation
[4743.928s][info][gc,phases      ] GC(608)   Pre Evacuate Collection Set: 0.25ms
[4743.928s][info][gc,phases      ] GC(608)   Merge Heap Roots: 0.53ms
[4743.928s][info][gc,phases      ] GC(608)   Evacuate Collection Set: 151.23ms
[4743.928s][info][gc,phases      ] GC(608)   Post Evacuate Collection Set: 1.03ms
[4743.928s][info][gc,phases      ] GC(608)   Other: 0.08ms
[4743.928s][info][gc,heap        ] GC(608) Eden regions: 571->0(571)
[4743.928s][info][gc,heap        ] GC(608) Survivor regions: 43->43(77)
[4743.928s][info][gc,heap        ] GC(608) Old regions: 207->214
[4743.928s][info][gc,heap        ] GC(608) Humongous regions: 33->33
[4743.928s][info][gc,metaspace   ] GC(608) Metaspace: 30008K(30464K)->30008K(30464K) NonClass: 24595K(24832K)->24595K(24832K) Class: 5412K(5632K)->5412K(5632K)
[4743.928s][info][gc             ] GC(608) Pause Young (Normal) (G1 Evacuation Pause) 6804M->2291M(8192M) 153.273ms
[4743.928s][info][gc,cpu         ] GC(608) User=1.22s Sys=0.00s Real=0.15s
.....[4748.548s][info][gc,start       ] GC(609) Pause Young (Normal) (G1 Evacuation Pause)
[4748.548s][info][gc,task        ] GC(609) Using 8 workers of 8 for evacuation
[4748.697s][info][gc,phases      ] GC(609)   Pre Evacuate Collection Set: 0.25ms
[4748.697s][info][gc,phases      ] GC(609)   Merge Heap Roots: 0.53ms
[4748.697s][info][gc,phases      ] GC(609)   Evacuate Collection Set: 146.93ms
[4748.697s][info][gc,phases      ] GC(609)   Post Evacuate Collection Set: 1.01ms
[4748.697s][info][gc,phases      ] GC(609)   Other: 0.07ms
[4748.697s][info][gc,heap        ] GC(609) Eden regions: 571->0(572)
[4748.697s][info][gc,heap        ] GC(609) Survivor regions: 43->42(77)
[4748.697s][info][gc,heap        ] GC(609) Old regions: 214->221
[4748.697s][info][gc,heap        ] GC(609) Humongous regions: 33->33
[4748.697s][info][gc,metaspace   ] GC(609) Metaspace: 30008K(30464K)->30008K(30464K) NonClass: 24595K(24832K)->24595K(24832K) Class: 5412K(5632K)->5412K(5632K)
[4748.697s][info][gc             ] GC(609) Pause Young (Normal) (G1 Evacuation Pause) 6859M->2343M(8192M) 148.920ms
[4748.697s][info][gc,cpu         ] GC(609) User=1.18s Sys=0.01s Real=0.15s
.....[4753.280s][info][gc,start       ] GC(610) Pause Young (Normal) (G1 Evacuation Pause)
[4753.280s][info][gc,task        ] GC(610) Using 8 workers of 8 for evacuation
[4753.438s][info][gc,phases      ] GC(610)   Pre Evacuate Collection Set: 0.25ms
[4753.438s][info][gc,phases      ] GC(610)   Merge Heap Roots: 0.58ms
[4753.438s][info][gc,phases      ] GC(610)   Evacuate Collection Set: 156.09ms
[4753.438s][info][gc,phases      ] GC(610)   Post Evacuate Collection Set: 1.06ms
[4753.438s][info][gc,phases      ] GC(610)   Other: 0.07ms
[4753.438s][info][gc,heap        ] GC(610) Eden regions: 572->0(570)
[4753.438s][info][gc,heap        ] GC(610) Survivor regions: 42->44(77)
[4753.438s][info][gc,heap        ] GC(610) Old regions: 221->228
[4753.438s][info][gc,heap        ] GC(610) Humongous regions: 33->33
[4753.438s][info][gc,metaspace   ] GC(610) Metaspace: 30008K(30464K)->30008K(30464K) NonClass: 24595K(24832K)->24595K(24832K) Class: 5412K(5632K)->5412K(5632K)
[4753.438s][info][gc             ] GC(610) Pause Young (Normal) (G1 Evacuation Pause) 6919M->2417M(8192M) 158.188ms
[4753.439s][info][gc,cpu         ] GC(610) User=1.24s Sys=0.01s Real=0.16s
....[4758.063s][info][gc,start       ] GC(611) Pause Young (Normal) (G1 Evacuation Pause)
[4758.063s][info][gc,task        ] GC(611) Using 8 workers of 8 for evacuation
[4758.215s][info][gc,phases      ] GC(611)   Pre Evacuate Collection Set: 0.24ms
[4758.215s][info][gc,phases      ] GC(611)   Merge Heap Roots: 0.51ms
[4758.215s][info][gc,phases      ] GC(611)   Evacuate Collection Set: 150.11ms
[4758.215s][info][gc,phases      ] GC(611)   Post Evacuate Collection Set: 1.03ms
[4758.215s][info][gc,phases      ] GC(611)   Other: 0.06ms
[4758.215s][info][gc,heap        ] GC(611) Eden regions: 570->0(571)
[4758.215s][info][gc,heap        ] GC(611) Survivor regions: 44->43(77)
[4758.215s][info][gc,heap        ] GC(611) Old regions: 228->235
[4758.215s][info][gc,heap        ] GC(611) Humongous regions: 33->33
[4758.215s][info][gc,metaspace   ] GC(611) Metaspace: 30008K(30464K)->30008K(30464K) NonClass: 24595K(24832K)->24595K(24832K) Class: 5412K(5632K)->5412K(5632K)
[4758.215s][info][gc             ] GC(611) Pause Young (Normal) (G1 Evacuation Pause) 6977M->2464M(8192M) 152.097ms
[4758.215s][info][gc,cpu         ] GC(611) User=1.21s Sys=0.00s Real=0.16s
.....[4762.872s][info][gc,start       ] GC(612) Pause Young (Normal) (G1 Evacuation Pause)
[4762.873s][info][gc,task        ] GC(612) Using 8 workers of 8 for evacuation
[4763.028s][info][gc,phases      ] GC(612)   Pre Evacuate Collection Set: 0.26ms
[4763.028s][info][gc,phases      ] GC(612)   Merge Heap Roots: 0.62ms
[4763.028s][info][gc,phases      ] GC(612)   Evacuate Collection Set: 153.93ms
[4763.028s][info][gc,phases      ] GC(612)   Post Evacuate Collection Set: 1.03ms
[4763.028s][info][gc,phases      ] GC(612)   Other: 0.06ms
[4763.028s][info][gc,heap        ] GC(612) Eden regions: 571->0(570)
[4763.028s][info][gc,heap        ] GC(612) Survivor regions: 43->44(77)
[4763.028s][info][gc,heap        ] GC(612) Old regions: 235->242
[4763.028s][info][gc,heap        ] GC(612) Humongous regions: 33->33
[4763.028s][info][gc,metaspace   ] GC(612) Metaspace: 30008K(30464K)->30008K(30464K) NonClass: 24595K(24832K)->24595K(24832K) Class: 5412K(5632K)->5412K(5632K)
[4763.028s][info][gc             ] GC(612) Pause Young (Normal) (G1 Evacuation Pause) 7032M->2525M(8192M) 156.027ms
[4763.029s][info][gc,cpu         ] GC(612) User=1.24s Sys=0.00s Real=0.16s
. (rIR:aIR:PR = 8025:8006:7997) (tPR = 119342) [OK] 
  4763s: Performance info:
         Transaction,    Success,    Partial,     Failed,   Receipts, AvgBarcode, 
             Overall,     481029,          0,          0,     457021,      59.47, 
         Response times:
             Request,    Success,    Partial,     Failed,   SkipFail,     Probes,    Samples,      min,      p50,      p90,      p95,      p99,      max, 
       TotalPurchase,     457416,          0,          0,          0,     358191,     428140,      300,     5600,    12000,    30000,    90000,   515000,
     InStorePurchase,     240985,          0,          0,          0,     188915,     225649,      300,     5500,    11900,    30000,    87000,   515000,
      OnlinePurchase,     168043,          0,          0,          0,     131914,     157564,      300,     5600,    12100,    31000,    92000,   515000,
        InstPurchase,      48388,          0,          0,          0,      37362,      44927,      400,     5900,    12100,    25000,    91000,   443000,
          AssocOfCat,        487,          0,          0,          0,        390,        535,    27000,    45000,    70000,    96400,   203200,   266000,
      AssocOfProduct,       4815,          0,          0,          0,       3363,       4235,      800,     6200,    12200,    30000,   103000,   297000,
      BusinessReport,       1215,          0,          0,          0,       1077,       1401,    30000,    47000,    72000,    98000,   204940,   223000,
          CustBuyBeh,       4785,          0,          0,          0,       3335,       4171,      200,     4900,    12000,    22000,    79000,   348000,
       ProductReturn,      12844,          0,          0,          0,       9929,      12103,      200,     5100,    11800,    29800,    90000,   350000,

  4763s: (59%)   IR =   8164 ....[4767.644s][info][gc,start       ] GC(613) Pause Young (Normal) (G1 Evacuation Pause)
[4767.644s][info][gc,task        ] GC(613) Using 8 workers of 8 for evacuation
[4767.793s][info][gc,phases      ] GC(613)   Pre Evacuate Collection Set: 0.29ms
[4767.793s][info][gc,phases      ] GC(613)   Merge Heap Roots: 0.56ms
[4767.793s][info][gc,phases      ] GC(613)   Evacuate Collection Set: 146.96ms
[4767.793s][info][gc,phases      ] GC(613)   Post Evacuate Collection Set: 1.10ms
[4767.793s][info][gc,phases      ] GC(613)   Other: 0.07ms
[4767.793s][info][gc,heap        ] GC(613) Eden regions: 570->0(571)
[4767.793s][info][gc,heap        ] GC(613) Survivor regions: 44->43(77)
[4767.793s][info][gc,heap        ] GC(613) Old regions: 242->249
[4767.793s][info][gc,heap        ] GC(613) Humongous regions: 33->33
[4767.793s][info][gc,metaspace   ] GC(613) Metaspace: 30008K(30464K)->30008K(30464K) NonClass: 24595K(24832K)->24595K(24832K) Class: 5412K(5632K)->5412K(5632K)
[4767.793s][info][gc             ] GC(613) Pause Young (Normal) (G1 Evacuation Pause) 7085M->2579M(8192M) 149.155ms
[4767.793s][info][gc,cpu         ] GC(613) User=1.18s Sys=0.00s Real=0.14s
....[4772.295s][info][gc,start       ] GC(614) Pause Young (Normal) (G1 Evacuation Pause)
[4772.295s][info][gc,task        ] GC(614) Using 8 workers of 8 for evacuation
[4772.446s][info][gc,phases      ] GC(614)   Pre Evacuate Collection Set: 0.27ms
[4772.446s][info][gc,phases      ] GC(614)   Merge Heap Roots: 0.53ms
[4772.446s][info][gc,phases      ] GC(614)   Evacuate Collection Set: 149.40ms
[4772.446s][info][gc,phases      ] GC(614)   Post Evacuate Collection Set: 1.02ms
[4772.446s][info][gc,phases      ] GC(614)   Other: 0.11ms
[4772.446s][info][gc,heap        ] GC(614) Eden regions: 571->0(571)
[4772.446s][info][gc,heap        ] GC(614) Survivor regions: 43->43(77)
[4772.446s][info][gc,heap        ] GC(614) Old regions: 249->256
[4772.446s][info][gc,heap        ] GC(614) Humongous regions: 33->33
[4772.446s][info][gc,metaspace   ] GC(614) Metaspace: 30008K(30464K)->30008K(30464K) NonClass: 24595K(24832K)->24595K(24832K) Class: 5412K(5632K)->5412K(5632K)
[4772.446s][info][gc             ] GC(614) Pause Young (Normal) (G1 Evacuation Pause) 7147M->2635M(8192M) 151.471ms
[4772.447s][info][gc,cpu         ] GC(614) User=1.20s Sys=0.00s Real=0.15s
....|.[4776.984s][info][gc,start       ] GC(615) Pause Young (Normal) (G1 Evacuation Pause)
[4776.984s][info][gc,task        ] GC(615) Using 8 workers of 8 for evacuation
[4777.136s][info][gc,phases      ] GC(615)   Pre Evacuate Collection Set: 0.25ms
[4777.136s][info][gc,phases      ] GC(615)   Merge Heap Roots: 0.57ms
[4777.136s][info][gc,phases      ] GC(615)   Evacuate Collection Set: 149.74ms
[4777.136s][info][gc,phases      ] GC(615)   Post Evacuate Collection Set: 1.04ms
[4777.136s][info][gc,phases      ] GC(615)   Other: 0.06ms
[4777.136s][info][gc,heap        ] GC(615) Eden regions: 571->0(571)
[4777.136s][info][gc,heap        ] GC(615) Survivor regions: 43->43(77)
[4777.136s][info][gc,heap        ] GC(615) Old regions: 256->264
[4777.136s][info][gc,heap        ] GC(615) Humongous regions: 33->33
[4777.136s][info][gc,metaspace   ] GC(615) Metaspace: 30008K(30464K)->30008K(30464K) NonClass: 24595K(24832K)->24595K(24832K) Class: 5412K(5632K)->5412K(5632K)
[4777.136s][info][gc             ] GC(615) Pause Young (Normal) (G1 Evacuation Pause) 7203M->2690M(8192M) 151.841ms
[4777.136s][info][gc,cpu         ] GC(615) User=1.21s Sys=0.00s Real=0.15s
.....[4781.814s][info][gc,start       ] GC(616) Pause Young (Normal) (G1 Evacuation Pause)
[4781.814s][info][gc,task        ] GC(616) Using 8 workers of 8 for evacuation
[4781.968s][info][gc,phases      ] GC(616)   Pre Evacuate Collection Set: 0.24ms
[4781.968s][info][gc,phases      ] GC(616)   Merge Heap Roots: 0.54ms
[4781.968s][info][gc,phases      ] GC(616)   Evacuate Collection Set: 152.00ms
[4781.968s][info][gc,phases      ] GC(616)   Post Evacuate Collection Set: 1.04ms
[4781.968s][info][gc,phases      ] GC(616)   Other: 0.07ms
[4781.968s][info][gc,heap        ] GC(616) Eden regions: 571->0(570)
[4781.968s][info][gc,heap        ] GC(616) Survivor regions: 43->44(77)
[4781.968s][info][gc,heap        ] GC(616) Old regions: 264->271
[4781.968s][info][gc,heap        ] GC(616) Humongous regions: 33->33
[4781.968s][info][gc,metaspace   ] GC(616) Metaspace: 30008K(30464K)->30008K(30464K) NonClass: 24595K(24832K)->24595K(24832K) Class: 5412K(5632K)->5412K(5632K)
[4781.968s][info][gc             ] GC(616) Pause Young (Normal) (G1 Evacuation Pause) 7258M->2755M(8192M) 154.040ms
[4781.968s][info][gc,cpu         ] GC(616) User=1.22s Sys=0.01s Real=0.15s
.....[4786.529s][info][gc,start       ] GC(617) Pause Young (Normal) (G1 Evacuation Pause)
[4786.529s][info][gc,task        ] GC(617) Using 8 workers of 8 for evacuation
[4786.679s][info][gc,phases      ] GC(617)   Pre Evacuate Collection Set: 0.27ms
[4786.679s][info][gc,phases      ] GC(617)   Merge Heap Roots: 0.55ms
[4786.679s][info][gc,phases      ] GC(617)   Evacuate Collection Set: 148.20ms
[4786.679s][info][gc,phases      ] GC(617)   Post Evacuate Collection Set: 1.02ms
[4786.679s][info][gc,phases      ] GC(617)   Other: 0.07ms
[4786.679s][info][gc,heap        ] GC(617) Eden regions: 570->0(572)
[4786.679s][info][gc,heap        ] GC(617) Survivor regions: 44->42(77)
[4786.679s][info][gc,heap        ] GC(617) Old regions: 271->278
[4786.679s][info][gc,heap        ] GC(617) Humongous regions: 33->33
[4786.679s][info][gc,metaspace   ] GC(617) Metaspace: 30008K(30464K)->30008K(30464K) NonClass: 24595K(24832K)->24595K(24832K) Class: 5412K(5632K)->5412K(5632K)
[4786.679s][info][gc             ] GC(617) Pause Young (Normal) (G1 Evacuation Pause) 7315M->2801M(8192M) 150.238ms
[4786.679s][info][gc,cpu         ] GC(617) User=1.19s Sys=0.00s Real=0.15s
....[4791.182s][info][gc,start       ] GC(618) Pause Young (Normal) (G1 Evacuation Pause)
[4791.182s][info][gc,task        ] GC(618) Using 8 workers of 8 for evacuation
[4791.334s][info][gc,phases      ] GC(618)   Pre Evacuate Collection Set: 0.26ms
[4791.334s][info][gc,phases      ] GC(618)   Merge Heap Roots: 0.53ms
[4791.334s][info][gc,phases      ] GC(618)   Evacuate Collection Set: 149.60ms
[4791.334s][info][gc,phases      ] GC(618)   Post Evacuate Collection Set: 1.03ms
[4791.334s][info][gc,phases      ] GC(618)   Other: 0.06ms
[4791.334s][info][gc,heap        ] GC(618) Eden regions: 572->0(566)
[4791.334s][info][gc,heap        ] GC(618) Survivor regions: 42->44(77)
[4791.334s][info][gc,heap        ] GC(618) Old regions: 278->285
[4791.334s][info][gc,heap        ] GC(618) Humongous regions: 33->33
[4791.334s][info][gc,metaspace   ] GC(618) Metaspace: 30008K(30464K)->30008K(30464K) NonClass: 24595K(24832K)->24595K(24832K) Class: 5412K(5632K)->5412K(5632K)
[4791.334s][info][gc             ] GC(618) Pause Young (Normal) (G1 Evacuation Pause) 7377M->2872M(8192M) 151.630ms
[4791.334s][info][gc,cpu         ] GC(618) User=1.20s Sys=0.00s Real=0.16s
.....[4795.918s][info][gc,start       ] GC(619) Pause Young (Normal) (G1 Evacuation Pause)
[4795.918s][info][gc,task        ] GC(619) Using 8 workers of 8 for evacuation
[4796.071s][info][gc,phases      ] GC(619)   Pre Evacuate Collection Set: 0.28ms
[4796.071s][info][gc,phases      ] GC(619)   Merge Heap Roots: 0.52ms
[4796.071s][info][gc,phases      ] GC(619)   Evacuate Collection Set: 151.07ms
[4796.071s][info][gc,phases      ] GC(619)   Post Evacuate Collection Set: 1.04ms
[4796.071s][info][gc,phases      ] GC(619)   Other: 0.06ms
[4796.071s][info][gc,heap        ] GC(619) Eden regions: 566->0(559)
[4796.071s][info][gc,heap        ] GC(619) Survivor regions: 44->44(77)
[4796.071s][info][gc,heap        ] GC(619) Old regions: 285->292
[4796.071s][info][gc,heap        ] GC(619) Humongous regions: 33->33
[4796.071s][info][gc,metaspace   ] GC(619) Metaspace: 30008K(30464K)->30008K(30464K) NonClass: 24595K(24832K)->24595K(24832K) Class: 5412K(5632K)->5412K(5632K)
[4796.071s][info][gc             ] GC(619) Pause Young (Normal) (G1 Evacuation Pause) 7400M->2924M(8192M) 153.090ms
[4796.071s][info][gc,cpu         ] GC(619) User=1.21s Sys=0.00s Real=0.15s
....[4800.475s][info][gc,start       ] GC(620) Pause Young (Normal) (G1 Evacuation Pause)
[4800.475s][info][gc,task        ] GC(620) Using 8 workers of 8 for evacuation
[4800.625s][info][gc,phases      ] GC(620)   Pre Evacuate Collection Set: 0.27ms
[4800.625s][info][gc,phases      ] GC(620)   Merge Heap Roots: 0.57ms
[4800.625s][info][gc,phases      ] GC(620)   Evacuate Collection Set: 148.19ms
[4800.625s][info][gc,phases      ] GC(620)   Post Evacuate Collection Set: 1.02ms
[4800.625s][info][gc,phases      ] GC(620)   Other: 0.07ms
[4800.625s][info][gc,heap        ] GC(620) Eden regions: 559->0(556)
[4800.625s][info][gc,heap        ] GC(620) Survivor regions: 44->42(76)
[4800.625s][info][gc,heap        ] GC(620) Old regions: 292->299
[4800.625s][info][gc,heap        ] GC(620) Humongous regions: 33->33
[4800.625s][info][gc,metaspace   ] GC(620) Metaspace: 30008K(30464K)->30008K(30464K) NonClass: 24595K(24832K)->24595K(24832K) Class: 5412K(5632K)->5412K(5632K)
[4800.625s][info][gc             ] GC(620) Pause Young (Normal) (G1 Evacuation Pause) 7396M->2965M(8192M) 150.271ms
[4800.625s][info][gc,cpu         ] GC(620) User=1.19s Sys=0.00s Real=0.15s
.....[4805.116s][info][gc,start       ] GC(621) Pause Young (Normal) (G1 Evacuation Pause)
[4805.116s][info][gc,task        ] GC(621) Using 8 workers of 8 for evacuation
[4805.272s][info][gc,phases      ] GC(621)   Pre Evacuate Collection Set: 0.27ms
[4805.272s][info][gc,phases      ] GC(621)   Merge Heap Roots: 0.58ms
[4805.272s][info][gc,phases      ] GC(621)   Evacuate Collection Set: 154.74ms
[4805.272s][info][gc,phases      ] GC(621)   Post Evacuate Collection Set: 1.06ms
[4805.272s][info][gc,phases      ] GC(621)   Other: 0.08ms
[4805.272s][info][gc,heap        ] GC(621) Eden regions: 556->0(546)
[4805.272s][info][gc,heap        ] GC(621) Survivor regions: 42->43(75)
[4805.272s][info][gc,heap        ] GC(621) Old regions: 299->307
[4805.272s][info][gc,heap        ] GC(621) Humongous regions: 33->33
[4805.272s][info][gc,metaspace   ] GC(621) Metaspace: 30008K(30464K)->30008K(30464K) NonClass: 24595K(24832K)->24595K(24832K) Class: 5412K(5632K)->5412K(5632K)
[4805.272s][info][gc             ] GC(621) Pause Young (Normal) (G1 Evacuation Pause) 7413M->3038M(8192M) 156.858ms
[4805.272s][info][gc,cpu         ] GC(621) User=1.24s Sys=0.00s Real=0.15s
....[4809.615s][info][gc,start       ] GC(622) Pause Young (Concurrent Start) (G1 Evacuation Pause)
[4809.615s][info][gc,task        ] GC(622) Using 8 workers of 8 for evacuation
[4809.762s][info][gc,phases      ] GC(622)   Pre Evacuate Collection Set: 0.30ms
[4809.762s][info][gc,phases      ] GC(622)   Merge Heap Roots: 0.52ms
[4809.762s][info][gc,phases      ] GC(622)   Evacuate Collection Set: 144.94ms
[4809.762s][info][gc,phases      ] GC(622)   Post Evacuate Collection Set: 1.00ms
[4809.762s][info][gc,phases      ] GC(622)   Other: 0.08ms
[4809.762s][info][gc,heap        ] GC(622) Eden regions: 546->0(541)
[4809.762s][info][gc,heap        ] GC(622) Survivor regions: 43->42(74)
[4809.762s][info][gc,heap        ] GC(622) Old regions: 307->314
[4809.762s][info][gc,heap        ] GC(622) Humongous regions: 33->33
[4809.762s][info][gc,metaspace   ] GC(622) Metaspace: 30008K(30464K)->30008K(30464K) NonClass: 24595K(24832K)->24595K(24832K) Class: 5412K(5632K)->5412K(5632K)
[4809.762s][info][gc             ] GC(622) Pause Young (Concurrent Start) (G1 Evacuation Pause) 7406M->3083M(8192M) 146.983ms
[4809.762s][info][gc             ] GC(623) Concurrent Mark Cycle
[4809.762s][info][gc,marking     ] GC(623) Concurrent Scan Root Regions
[4809.762s][info][gc,cpu         ] GC(622) User=1.16s Sys=0.00s Real=0.14s
.[4810.107s][info][gc,marking     ] GC(623) Concurrent Scan Root Regions 344.669ms
[4810.107s][info][gc,marking     ] GC(623) Concurrent Mark
[4810.107s][info][gc,marking     ] GC(623) Concurrent Mark From Roots
[4810.107s][info][gc,task        ] GC(623) Using 2 workers of 2 for marking
.[4811.157s][info][gc,marking     ] GC(623) Concurrent Mark From Roots 1049.877ms
[4811.157s][info][gc,marking     ] GC(623) Concurrent Preclean
[4811.157s][info][gc,marking     ] GC(623) Concurrent Preclean 0.167ms
[4811.157s][info][gc,start       ] GC(623) Pause Remark
[4811.159s][info][gc             ] GC(623) Pause Remark 4567M->4039M(8192M) 2.151ms
[4811.159s][info][gc,cpu         ] GC(623) User=0.02s Sys=0.00s Real=0.00s
[4811.160s][info][gc,marking     ] GC(623) Concurrent Mark 1052.543ms
[4811.160s][info][gc,marking     ] GC(623) Concurrent Rebuild Remembered Sets and Scrub Regions
[4811.662s][info][gc,marking     ] GC(623) Concurrent Rebuild Remembered Sets and Scrub Regions 502.593ms
[4811.662s][info][gc,start       ] GC(623) Pause Cleanup
[4811.663s][info][gc             ] GC(623) Pause Cleanup 4531M->4531M(8192M) 0.918ms
[4811.663s][info][gc,cpu         ] GC(623) User=0.00s Sys=0.00s Real=0.01s
[4811.663s][info][gc,marking     ] GC(623) Concurrent Clear Claimed Marks
[4811.663s][info][gc,marking     ] GC(623) Concurrent Clear Claimed Marks 0.051ms
[4811.663s][info][gc,marking     ] GC(623) Concurrent Cleanup for Next Mark
[4811.671s][info][gc,marking     ] GC(623) Concurrent Cleanup for Next Mark 7.367ms
[4811.671s][info][gc             ] GC(623) Concurrent Mark Cycle 1908.629ms
...[4814.038s][info][gc,start       ] GC(624) Pause Young (Prepare Mixed) (G1 Evacuation Pause)
[4814.038s][info][gc,task        ] GC(624) Using 8 workers of 8 for evacuation
[4814.186s][info][gc,phases      ] GC(624)   Pre Evacuate Collection Set: 0.27ms
[4814.186s][info][gc,phases      ] GC(624)   Merge Heap Roots: 0.79ms
[4814.186s][info][gc,phases      ] GC(624)   Evacuate Collection Set: 146.10ms
[4814.186s][info][gc,phases      ] GC(624)   Post Evacuate Collection Set: 1.17ms
[4814.186s][info][gc,phases      ] GC(624)   Other: 0.07ms
[4814.186s][info][gc,heap        ] GC(624) Eden regions: 541->0(573)
[4814.186s][info][gc,heap        ] GC(624) Survivor regions: 42->41(73)
[4814.186s][info][gc,heap        ] GC(624) Old regions: 248->255
[4814.186s][info][gc,heap        ] GC(624) Humongous regions: 33->33
[4814.186s][info][gc,metaspace   ] GC(624) Metaspace: 30008K(30464K)->30008K(30464K) NonClass: 24595K(24832K)->24595K(24832K) Class: 5412K(5632K)->5412K(5632K)
[4814.186s][info][gc             ] GC(624) Pause Young (Prepare Mixed) (G1 Evacuation Pause) 6883M->2611M(8192M) 148.532ms
[4814.187s][info][gc,cpu         ] GC(624) User=1.18s Sys=0.00s Real=0.15s
....[4818.706s][info][gc,start       ] GC(625) Pause Young (Mixed) (G1 Evacuation Pause)
[4818.706s][info][gc,task        ] GC(625) Using 8 workers of 8 for evacuation
[4818.863s][info][gc,phases      ] GC(625)   Pre Evacuate Collection Set: 0.31ms
[4818.863s][info][gc,phases      ] GC(625)   Merge Heap Roots: 0.78ms
[4818.863s][info][gc,phases      ] GC(625)   Evacuate Collection Set: 154.80ms
[4818.863s][info][gc,phases      ] GC(625)   Post Evacuate Collection Set: 1.31ms
[4818.863s][info][gc,phases      ] GC(625)   Other: 0.08ms
[4818.863s][info][gc,heap        ] GC(625) Eden regions: 573->0(572)
[4818.863s][info][gc,heap        ] GC(625) Survivor regions: 41->42(77)
[4818.863s][info][gc,heap        ] GC(625) Old regions: 255->161
[4818.863s][info][gc,heap        ] GC(625) Humongous regions: 33->33
[4818.863s][info][gc,metaspace   ] GC(625) Metaspace: 30008K(30464K)->30008K(30464K) NonClass: 24595K(24832K)->24595K(24832K) Class: 5412K(5632K)->5412K(5632K)
[4818.863s][info][gc             ] GC(625) Pause Young (Mixed) (G1 Evacuation Pause) 7195M->1862M(8192M) 157.411ms
[4818.863s][info][gc,cpu         ] GC(625) User=1.24s Sys=0.00s Real=0.16s
.....[4823.448s][info][gc,start       ] GC(626) Pause Young (Mixed) (G1 Evacuation Pause)
[4823.448s][info][gc,task        ] GC(626) Using 8 workers of 8 for evacuation
[4823.604s][info][gc,phases      ] GC(626)   Pre Evacuate Collection Set: 0.28ms
[4823.604s][info][gc,phases      ] GC(626)   Merge Heap Roots: 0.82ms
[4823.604s][info][gc,phases      ] GC(626)   Evacuate Collection Set: 153.97ms
[4823.604s][info][gc,phases      ] GC(626)   Post Evacuate Collection Set: 1.07ms
[4823.604s][info][gc,phases      ] GC(626)   Other: 0.07ms
[4823.604s][info][gc,heap        ] GC(626) Eden regions: 572->0(572)
[4823.604s][info][gc,heap        ] GC(626) Survivor regions: 42->42(77)
[4823.604s][info][gc,heap        ] GC(626) Old regions: 161->142
[4823.604s][info][gc,heap        ] GC(626) Humongous regions: 33->33
[4823.604s][info][gc,metaspace   ] GC(626) Metaspace: 30008K(30464K)->30008K(30464K) NonClass: 24595K(24832K)->24595K(24832K) Class: 5412K(5632K)->5412K(5632K)
[4823.604s][info][gc             ] GC(626) Pause Young (Mixed) (G1 Evacuation Pause) 6438M->1715M(8192M) 156.341ms
[4823.604s][info][gc,cpu         ] GC(626) User=1.24s Sys=0.00s Real=0.16s
.....[4828.144s][info][gc,start       ] GC(627) Pause Young (Normal) (G1 Evacuation Pause)
[4828.144s][info][gc,task        ] GC(627) Using 8 workers of 8 for evacuation
[4828.295s][info][gc,phases      ] GC(627)   Pre Evacuate Collection Set: 0.27ms
[4828.295s][info][gc,phases      ] GC(627)   Merge Heap Roots: 0.62ms
[4828.295s][info][gc,phases      ] GC(627)   Evacuate Collection Set: 149.11ms
[4828.295s][info][gc,phases      ] GC(627)   Post Evacuate Collection Set: 1.01ms
[4828.295s][info][gc,phases      ] GC(627)   Other: 0.06ms
[4828.295s][info][gc,heap        ] GC(627) Eden regions: 572->0(571)
[4828.295s][info][gc,heap        ] GC(627) Survivor regions: 42->43(77)
[4828.295s][info][gc,heap        ] GC(627) Old regions: 142->149
[4828.295s][info][gc,heap        ] GC(627) Humongous regions: 33->33
[4828.295s][info][gc,metaspace   ] GC(627) Metaspace: 30008K(30464K)->30008K(30464K) NonClass: 24595K(24832K)->24595K(24832K) Class: 5412K(5632K)->5412K(5632K)
[4828.295s][info][gc             ] GC(627) Pause Young (Normal) (G1 Evacuation Pause) 6291M->1775M(8192M) 151.220ms
[4828.295s][info][gc,cpu         ] GC(627) User=1.19s Sys=0.00s Real=0.15s
....[4832.740s][info][gc,start       ] GC(628) Pause Young (Normal) (G1 Evacuation Pause)
[4832.740s][info][gc,task        ] GC(628) Using 8 workers of 8 for evacuation
[4832.896s][info][gc,phases      ] GC(628)   Pre Evacuate Collection Set: 0.28ms
[4832.896s][info][gc,phases      ] GC(628)   Merge Heap Roots: 0.54ms
[4832.896s][info][gc,phases      ] GC(628)   Evacuate Collection Set: 154.20ms
[4832.896s][info][gc,phases      ] GC(628)   Post Evacuate Collection Set: 1.01ms
[4832.896s][info][gc,phases      ] GC(628)   Other: 0.06ms
[4832.896s][info][gc,heap        ] GC(628) Eden regions: 571->0(570)
[4832.897s][info][gc,heap        ] GC(628) Survivor regions: 43->44(77)
[4832.897s][info][gc,heap        ] GC(628) Old regions: 149->157
[4832.897s][info][gc,heap        ] GC(628) Humongous regions: 33->33
[4832.897s][info][gc,metaspace   ] GC(628) Metaspace: 30008K(30464K)->30008K(30464K) NonClass: 24595K(24832K)->24595K(24832K) Class: 5412K(5632K)->5412K(5632K)
[4832.897s][info][gc             ] GC(628) Pause Young (Normal) (G1 Evacuation Pause) 6343M->1842M(8192M) 156.223ms
[4832.897s][info][gc,cpu         ] GC(628) User=1.24s Sys=0.00s Real=0.16s
.... (rIR:aIR:PR = 8164:8125:8125) (tPR = 119954) [OK] 
  4835s: Performance info:
         Transaction,    Success,    Partial,     Failed,   Receipts, AvgBarcode, 
             Overall,     491132,          0,          0,     466486,      59.47, 
         Response times:
             Request,    Success,    Partial,     Failed,   SkipFail,     Probes,    Samples,      min,      p50,      p90,      p95,      p99,      max, 
       TotalPurchase,     466486,          0,          0,          0,     362507,     437987,      300,     5500,    13300,    40000,    94000,   750000,
     InStorePurchase,     245647,          0,          0,          0,     189872,     229465,      300,     5600,    13300,    40000,    94000,   750000,
      OnlinePurchase,     171415,          0,          0,          0,     133873,     161376,      300,     5400,    13200,    39000,    94000,   750000,
        InstPurchase,      49424,          0,          0,          0,      38762,      47146,      400,     5500,    13100,    35000,    91000,   598000,
          AssocOfCat,        498,          0,          0,          0,        395,        547,    30000,    46000,    78200,   116600,   165000,   205000,
      AssocOfProduct,       4862,          0,          0,          0,       3491,       4406,      800,     6200,    12730,    50000,    97000,   205000,
      BusinessReport,       1235,          0,          0,          0,       1107,       1432,    30000,    48000,    73000,    94350,   199670,   450000,
          CustBuyBeh,       4908,          0,          0,          0,       3513,       4485,      200,     4300,    12700,    40000,    90000,   255000,
       ProductReturn,      13142,          0,          0,          0,      10326,      12883,      300,     4900,    12900,    40000,    89000,   750000,

  4835s: (60%)   IR =   8302 .[4837.418s][info][gc,start       ] GC(629) Pause Young (Normal) (G1 Evacuation Pause)
[4837.418s][info][gc,task        ] GC(629) Using 8 workers of 8 for evacuation
[4837.570s][info][gc,phases      ] GC(629)   Pre Evacuate Collection Set: 0.29ms
[4837.570s][info][gc,phases      ] GC(629)   Merge Heap Roots: 0.59ms
[4837.570s][info][gc,phases      ] GC(629)   Evacuate Collection Set: 149.50ms
[4837.570s][info][gc,phases      ] GC(629)   Post Evacuate Collection Set: 1.03ms
[4837.570s][info][gc,phases      ] GC(629)   Other: 0.07ms
[4837.570s][info][gc,heap        ] GC(629) Eden regions: 570->0(571)
[4837.570s][info][gc,heap        ] GC(629) Survivor regions: 44->43(77)
[4837.570s][info][gc,heap        ] GC(629) Old regions: 157->164
[4837.570s][info][gc,heap        ] GC(629) Humongous regions: 33->33
[4837.570s][info][gc,metaspace   ] GC(629) Metaspace: 30008K(30464K)->30008K(30464K) NonClass: 24595K(24832K)->24595K(24832K) Class: 5412K(5632K)->5412K(5632K)
[4837.570s][info][gc             ] GC(629) Pause Young (Normal) (G1 Evacuation Pause) 6402M->1894M(8192M) 151.640ms
[4837.570s][info][gc,cpu         ] GC(629) User=1.20s Sys=0.00s Real=0.15s
.....[4842.058s][info][gc,start       ] GC(630) Pause Young (Normal) (G1 Evacuation Pause)
[4842.058s][info][gc,task        ] GC(630) Using 8 workers of 8 for evacuation
[4842.211s][info][gc,phases      ] GC(630)   Pre Evacuate Collection Set: 0.26ms
[4842.211s][info][gc,phases      ] GC(630)   Merge Heap Roots: 0.55ms
[4842.211s][info][gc,phases      ] GC(630)   Evacuate Collection Set: 150.49ms
[4842.211s][info][gc,phases      ] GC(630)   Post Evacuate Collection Set: 1.03ms
[4842.211s][info][gc,phases      ] GC(630)   Other: 0.06ms
[4842.211s][info][gc,heap        ] GC(630) Eden regions: 571->0(571)
[4842.211s][info][gc,heap        ] GC(630) Survivor regions: 43->43(77)
[4842.211s][info][gc,heap        ] GC(630) Old regions: 164->171
[4842.211s][info][gc,heap        ] GC(630) Humongous regions: 33->33
[4842.211s][info][gc,metaspace   ] GC(630) Metaspace: 30008K(30464K)->30008K(30464K) NonClass: 24595K(24832K)->24595K(24832K) Class: 5412K(5632K)->5412K(5632K)
[4842.211s][info][gc             ] GC(630) Pause Young (Normal) (G1 Evacuation Pause) 6462M->1945M(8192M) 152.522ms
[4842.211s][info][gc,cpu         ] GC(630) User=1.21s Sys=0.00s Real=0.15s
....[4846.596s][info][gc,start       ] GC(631) Pause Young (Normal) (G1 Evacuation Pause)
[4846.596s][info][gc,task        ] GC(631) Using 8 workers of 8 for evacuation
[4846.755s][info][gc,phases      ] GC(631)   Pre Evacuate Collection Set: 0.24ms
[4846.755s][info][gc,phases      ] GC(631)   Merge Heap Roots: 0.58ms
[4846.755s][info][gc,phases      ] GC(631)   Evacuate Collection Set: 157.00ms
[4846.755s][info][gc,phases      ] GC(631)   Post Evacuate Collection Set: 1.09ms
[4846.755s][info][gc,phases      ] GC(631)   Other: 0.07ms
[4846.755s][info][gc,heap        ] GC(631) Eden regions: 571->0(570)
[4846.755s][info][gc,heap        ] GC(631) Survivor regions: 43->44(77)
[4846.755s][info][gc,heap        ] GC(631) Old regions: 171->178
[4846.755s][info][gc,heap        ] GC(631) Humongous regions: 33->33
[4846.755s][info][gc,metaspace   ] GC(631) Metaspace: 30008K(30464K)->30008K(30464K) NonClass: 24595K(24832K)->24595K(24832K) Class: 5412K(5632K)->5412K(5632K)
[4846.755s][info][gc             ] GC(631) Pause Young (Normal) (G1 Evacuation Pause) 6513M->2011M(8192M) 159.107ms
[4846.755s][info][gc,cpu         ] GC(631) User=1.26s Sys=0.01s Real=0.16s
.....[4851.158s][info][gc,start       ] GC(632) Pause Young (Normal) (G1 Evacuation Pause)
[4851.158s][info][gc,task        ] GC(632) Using 8 workers of 8 for evacuation
[4851.315s][info][gc,phases      ] GC(632)   Pre Evacuate Collection Set: 0.28ms
[4851.315s][info][gc,phases      ] GC(632)   Merge Heap Roots: 0.56ms
[4851.315s][info][gc,phases      ] GC(632)   Evacuate Collection Set: 154.98ms
[4851.315s][info][gc,phases      ] GC(632)   Post Evacuate Collection Set: 1.03ms
[4851.315s][info][gc,phases      ] GC(632)   Other: 0.08ms
[4851.315s][info][gc,heap        ] GC(632) Eden regions: 570->0(571)
[4851.315s][info][gc,heap        ] GC(632) Survivor regions: 44->43(77)
[4851.315s][info][gc,heap        ] GC(632) Old regions: 178->185
[4851.315s][info][gc,heap        ] GC(632) Humongous regions: 33->33
[4851.315s][info][gc,metaspace   ] GC(632) Metaspace: 30008K(30464K)->30008K(30464K) NonClass: 24595K(24832K)->24595K(24832K) Class: 5412K(5632K)->5412K(5632K)
[4851.315s][info][gc             ] GC(632) Pause Young (Normal) (G1 Evacuation Pause) 6571M->2065M(8192M) 157.073ms
[4851.315s][info][gc,cpu         ] GC(632) User=1.24s Sys=0.00s Real=0.16s
...|.[4855.816s][info][gc,start       ] GC(633) Pause Young (Normal) (G1 Evacuation Pause)
[4855.816s][info][gc,task        ] GC(633) Using 8 workers of 8 for evacuation
[4855.965s][info][gc,phases      ] GC(633)   Pre Evacuate Collection Set: 0.27ms
[4855.965s][info][gc,phases      ] GC(633)   Merge Heap Roots: 0.53ms
[4855.965s][info][gc,phases      ] GC(633)   Evacuate Collection Set: 147.13ms
[4855.965s][info][gc,phases      ] GC(633)   Post Evacuate Collection Set: 1.01ms
[4855.965s][info][gc,phases      ] GC(633)   Other: 0.08ms
[4855.965s][info][gc,heap        ] GC(633) Eden regions: 571->0(572)
[4855.965s][info][gc,heap        ] GC(633) Survivor regions: 43->42(77)
[4855.965s][info][gc,heap        ] GC(633) Old regions: 185->193
[4855.965s][info][gc,heap        ] GC(633) Humongous regions: 33->33
[4855.965s][info][gc,metaspace   ] GC(633) Metaspace: 30008K(30464K)->30008K(30464K) NonClass: 24595K(24832K)->24595K(24832K) Class: 5412K(5632K)->5412K(5632K)
[4855.965s][info][gc             ] GC(633) Pause Young (Normal) (G1 Evacuation Pause) 6633M->2116M(8192M) 149.151ms
[4855.965s][info][gc,cpu         ] GC(633) User=1.18s Sys=0.01s Real=0.15s
.....[4860.476s][info][gc,start       ] GC(634) Pause Young (Normal) (G1 Evacuation Pause)
[4860.476s][info][gc,task        ] GC(634) Using 8 workers of 8 for evacuation
[4860.629s][info][gc,phases      ] GC(634)   Pre Evacuate Collection Set: 0.25ms
[4860.629s][info][gc,phases      ] GC(634)   Merge Heap Roots: 0.53ms
[4860.629s][info][gc,phases      ] GC(634)   Evacuate Collection Set: 150.47ms
[4860.629s][info][gc,phases      ] GC(634)   Post Evacuate Collection Set: 1.04ms
[4860.629s][info][gc,phases      ] GC(634)   Other: 0.06ms
[4860.629s][info][gc,heap        ] GC(634) Eden regions: 572->0(571)
[4860.629s][info][gc,heap        ] GC(634) Survivor regions: 42->43(77)
[4860.629s][info][gc,heap        ] GC(634) Old regions: 193->200
[4860.629s][info][gc,heap        ] GC(634) Humongous regions: 33->33
[4860.629s][info][gc,metaspace   ] GC(634) Metaspace: 30008K(30464K)->30008K(30464K) NonClass: 24595K(24832K)->24595K(24832K) Class: 5412K(5632K)->5412K(5632K)
[4860.629s][info][gc             ] GC(634) Pause Young (Normal) (G1 Evacuation Pause) 6692M->2183M(8192M) 152.491ms
[4860.629s][info][gc,cpu         ] GC(634) User=1.21s Sys=0.00s Real=0.15s
.....[4865.010s][info][gc,start       ] GC(635) Pause Young (Normal) (G1 Evacuation Pause)
[4865.010s][info][gc,task        ] GC(635) Using 8 workers of 8 for evacuation
[4865.162s][info][gc,phases      ] GC(635)   Pre Evacuate Collection Set: 0.25ms
[4865.162s][info][gc,phases      ] GC(635)   Merge Heap Roots: 0.54ms
[4865.162s][info][gc,phases      ] GC(635)   Evacuate Collection Set: 150.20ms
[4865.162s][info][gc,phases      ] GC(635)   Post Evacuate Collection Set: 1.09ms
[4865.162s][info][gc,phases      ] GC(635)   Other: 0.06ms
[4865.162s][info][gc,heap        ] GC(635) Eden regions: 571->0(570)
[4865.162s][info][gc,heap        ] GC(635) Survivor regions: 43->44(77)
[4865.162s][info][gc,heap        ] GC(635) Old regions: 200->207
[4865.162s][info][gc,heap        ] GC(635) Humongous regions: 33->33
[4865.162s][info][gc,metaspace   ] GC(635) Metaspace: 30008K(30464K)->30008K(30464K) NonClass: 24595K(24832K)->24595K(24832K) Class: 5412K(5632K)->5412K(5632K)
[4865.162s][info][gc             ] GC(635) Pause Young (Normal) (G1 Evacuation Pause) 6751M->2243M(8192M) 152.278ms
[4865.162s][info][gc,cpu         ] GC(635) User=1.21s Sys=0.00s Real=0.15s
....[4869.697s][info][gc,start       ] GC(636) Pause Young (Normal) (G1 Evacuation Pause)
[4869.697s][info][gc,task        ] GC(636) Using 8 workers of 8 for evacuation
[4869.848s][info][gc,phases      ] GC(636)   Pre Evacuate Collection Set: 0.27ms
[4869.848s][info][gc,phases      ] GC(636)   Merge Heap Roots: 0.60ms
[4869.848s][info][gc,phases      ] GC(636)   Evacuate Collection Set: 148.86ms
[4869.848s][info][gc,phases      ] GC(636)   Post Evacuate Collection Set: 1.04ms
[4869.848s][info][gc,phases      ] GC(636)   Other: 0.08ms
[4869.848s][info][gc,heap        ] GC(636) Eden regions: 570->0(571)
[4869.848s][info][gc,heap        ] GC(636) Survivor regions: 44->43(77)
[4869.848s][info][gc,heap        ] GC(636) Old regions: 207->214
[4869.848s][info][gc,heap        ] GC(636) Humongous regions: 33->33
[4869.848s][info][gc,metaspace   ] GC(636) Metaspace: 30008K(30464K)->30008K(30464K) NonClass: 24595K(24832K)->24595K(24832K) Class: 5412K(5632K)->5412K(5632K)
[4869.848s][info][gc             ] GC(636) Pause Young (Normal) (G1 Evacuation Pause) 6803M->2295M(8192M) 150.998ms
[4869.848s][info][gc,cpu         ] GC(636) User=1.20s Sys=0.00s Real=0.15s
.....[4874.328s][info][gc,start       ] GC(637) Pause Young (Normal) (G1 Evacuation Pause)
[4874.328s][info][gc,task        ] GC(637) Using 8 workers of 8 for evacuation
[4874.475s][info][gc,phases      ] GC(637)   Pre Evacuate Collection Set: 0.25ms
[4874.475s][info][gc,phases      ] GC(637)   Merge Heap Roots: 0.53ms
[4874.475s][info][gc,phases      ] GC(637)   Evacuate Collection Set: 144.95ms
[4874.475s][info][gc,phases      ] GC(637)   Post Evacuate Collection Set: 1.01ms
[4874.475s][info][gc,phases      ] GC(637)   Other: 0.07ms
[4874.475s][info][gc,heap        ] GC(637) Eden regions: 571->0(572)
[4874.475s][info][gc,heap        ] GC(637) Survivor regions: 43->42(77)
[4874.475s][info][gc,heap        ] GC(637) Old regions: 214->221
[4874.475s][info][gc,heap        ] GC(637) Humongous regions: 33->33
[4874.475s][info][gc,metaspace   ] GC(637) Metaspace: 30008K(30464K)->30008K(30464K) NonClass: 24595K(24832K)->24595K(24832K) Class: 5412K(5632K)->5412K(5632K)
[4874.475s][info][gc             ] GC(637) Pause Young (Normal) (G1 Evacuation Pause) 6863M->2339M(8192M) 146.955ms
[4874.475s][info][gc,cpu         ] GC(637) User=1.17s Sys=0.00s Real=0.15s
.....[4879.035s][info][gc,start       ] GC(638) Pause Young (Normal) (G1 Evacuation Pause)
[4879.035s][info][gc,task        ] GC(638) Using 8 workers of 8 for evacuation
[4879.185s][info][gc,phases      ] GC(638)   Pre Evacuate Collection Set: 0.24ms
[4879.185s][info][gc,phases      ] GC(638)   Merge Heap Roots: 0.51ms
[4879.185s][info][gc,phases      ] GC(638)   Evacuate Collection Set: 148.55ms
[4879.185s][info][gc,phases      ] GC(638)   Post Evacuate Collection Set: 1.02ms
[4879.185s][info][gc,phases      ] GC(638)   Other: 0.07ms
[4879.185s][info][gc,heap        ] GC(638) Eden regions: 572->0(571)
[4879.185s][info][gc,heap        ] GC(638) Survivor regions: 42->43(77)
[4879.185s][info][gc,heap        ] GC(638) Old regions: 221->228
[4879.185s][info][gc,heap        ] GC(638) Humongous regions: 33->33
[4879.185s][info][gc,metaspace   ] GC(638) Metaspace: 30008K(30464K)->30008K(30464K) NonClass: 24595K(24832K)->24595K(24832K) Class: 5412K(5632K)->5412K(5632K)
[4879.185s][info][gc             ] GC(638) Pause Young (Normal) (G1 Evacuation Pause) 6915M->2407M(8192M) 150.535ms
[4879.185s][info][gc,cpu         ] GC(638) User=1.19s Sys=0.00s Real=0.15s
....[4883.616s][info][gc,start       ] GC(639) Pause Young (Normal) (G1 Evacuation Pause)
[4883.616s][info][gc,task        ] GC(639) Using 8 workers of 8 for evacuation
[4883.766s][info][gc,phases      ] GC(639)   Pre Evacuate Collection Set: 0.28ms
[4883.766s][info][gc,phases      ] GC(639)   Merge Heap Roots: 0.66ms
[4883.766s][info][gc,phases      ] GC(639)   Evacuate Collection Set: 148.11ms
[4883.766s][info][gc,phases      ] GC(639)   Post Evacuate Collection Set: 1.06ms
[4883.766s][info][gc,phases      ] GC(639)   Other: 0.06ms
[4883.766s][info][gc,heap        ] GC(639) Eden regions: 571->0(572)
[4883.766s][info][gc,heap        ] GC(639) Survivor regions: 43->42(77)
[4883.766s][info][gc,heap        ] GC(639) Old regions: 228->235
[4883.766s][info][gc,heap        ] GC(639) Humongous regions: 33->33
[4883.766s][info][gc,metaspace   ] GC(639) Metaspace: 30008K(30464K)->30008K(30464K) NonClass: 24595K(24832K)->24595K(24832K) Class: 5412K(5632K)->5412K(5632K)
[4883.766s][info][gc             ] GC(639) Pause Young (Normal) (G1 Evacuation Pause) 6975M->2457M(8192M) 150.322ms
[4883.766s][info][gc,cpu         ] GC(639) User=1.19s Sys=0.00s Real=0.15s
.....[4888.286s][info][gc,start       ] GC(640) Pause Young (Normal) (G1 Evacuation Pause)
[4888.286s][info][gc,task        ] GC(640) Using 8 workers of 8 for evacuation
[4888.442s][info][gc,phases      ] GC(640)   Pre Evacuate Collection Set: 0.27ms
[4888.442s][info][gc,phases      ] GC(640)   Merge Heap Roots: 0.52ms
[4888.442s][info][gc,phases      ] GC(640)   Evacuate Collection Set: 154.39ms
[4888.442s][info][gc,phases      ] GC(640)   Post Evacuate Collection Set: 1.09ms
[4888.442s][info][gc,phases      ] GC(640)   Other: 0.08ms
[4888.442s][info][gc,heap        ] GC(640) Eden regions: 572->0(570)
[4888.442s][info][gc,heap        ] GC(640) Survivor regions: 42->44(77)
[4888.442s][info][gc,heap        ] GC(640) Old regions: 235->242
[4888.442s][info][gc,heap        ] GC(640) Humongous regions: 33->33
[4888.442s][info][gc,metaspace   ] GC(640) Metaspace: 30008K(30464K)->30008K(30464K) NonClass: 24595K(24832K)->24595K(24832K) Class: 5412K(5632K)->5412K(5632K)
[4888.442s][info][gc             ] GC(640) Pause Young (Normal) (G1 Evacuation Pause) 7033M->2525M(8192M) 156.475ms
[4888.442s][info][gc,cpu         ] GC(640) User=1.24s Sys=0.00s Real=0.15s
....[4892.891s][info][gc,start       ] GC(641) Pause Young (Normal) (G1 Evacuation Pause)
[4892.891s][info][gc,task        ] GC(641) Using 8 workers of 8 for evacuation
[4893.046s][info][gc,phases      ] GC(641)   Pre Evacuate Collection Set: 0.28ms
[4893.046s][info][gc,phases      ] GC(641)   Merge Heap Roots: 0.61ms
[4893.046s][info][gc,phases      ] GC(641)   Evacuate Collection Set: 152.88ms
[4893.046s][info][gc,phases      ] GC(641)   Post Evacuate Collection Set: 1.05ms
[4893.046s][info][gc,phases      ] GC(641)   Other: 0.06ms
[4893.046s][info][gc,heap        ] GC(641) Eden regions: 570->0(571)
[4893.046s][info][gc,heap        ] GC(641) Survivor regions: 44->43(77)
[4893.046s][info][gc,heap        ] GC(641) Old regions: 242->249
[4893.046s][info][gc,heap        ] GC(641) Humongous regions: 33->33
[4893.046s][info][gc,metaspace   ] GC(641) Metaspace: 30008K(30464K)->30008K(30464K) NonClass: 24595K(24832K)->24595K(24832K) Class: 5412K(5632K)->5412K(5632K)
[4893.046s][info][gc             ] GC(641) Pause Young (Normal) (G1 Evacuation Pause) 7085M->2579M(8192M) 155.011ms
[4893.046s][info][gc,cpu         ] GC(641) User=1.22s Sys=0.01s Real=0.16s
.....[4897.532s][info][gc,start       ] GC(642) Pause Young (Normal) (G1 Evacuation Pause)
[4897.532s][info][gc,task        ] GC(642) Using 8 workers of 8 for evacuation
[4897.681s][info][gc,phases      ] GC(642)   Pre Evacuate Collection Set: 0.28ms
[4897.681s][info][gc,phases      ] GC(642)   Merge Heap Roots: 0.60ms
[4897.681s][info][gc,phases      ] GC(642)   Evacuate Collection Set: 147.11ms
[4897.681s][info][gc,phases      ] GC(642)   Post Evacuate Collection Set: 1.06ms
[4897.681s][info][gc,phases      ] GC(642)   Other: 0.07ms
[4897.681s][info][gc,heap        ] GC(642) Eden regions: 571->0(572)
[4897.681s][info][gc,heap        ] GC(642) Survivor regions: 43->42(77)
[4897.681s][info][gc,heap        ] GC(642) Old regions: 249->257
[4897.681s][info][gc,heap        ] GC(642) Humongous regions: 33->33
[4897.681s][info][gc,metaspace   ] GC(642) Metaspace: 30008K(30464K)->30008K(30464K) NonClass: 24595K(24832K)->24595K(24832K) Class: 5412K(5632K)->5412K(5632K)
[4897.681s][info][gc             ] GC(642) Pause Young (Normal) (G1 Evacuation Pause) 7147M->2628M(8192M) 149.288ms
[4897.681s][info][gc,cpu         ] GC(642) User=1.18s Sys=0.00s Real=0.15s
.....[4902.141s][info][gc,start       ] GC(643) Pause Young (Normal) (G1 Evacuation Pause)
[4902.141s][info][gc,task        ] GC(643) Using 8 workers of 8 for evacuation
[4902.292s][info][gc,phases      ] GC(643)   Pre Evacuate Collection Set: 0.26ms
[4902.292s][info][gc,phases      ] GC(643)   Merge Heap Roots: 0.53ms
[4902.292s][info][gc,phases      ] GC(643)   Evacuate Collection Set: 148.86ms
[4902.292s][info][gc,phases      ] GC(643)   Post Evacuate Collection Set: 1.04ms
[4902.292s][info][gc,phases      ] GC(643)   Other: 0.08ms
[4902.292s][info][gc,heap        ] GC(643) Eden regions: 572->0(571)
[4902.292s][info][gc,heap        ] GC(643) Survivor regions: 42->43(77)
[4902.292s][info][gc,heap        ] GC(643) Old regions: 257->264
[4902.292s][info][gc,heap        ] GC(643) Humongous regions: 33->33
[4902.292s][info][gc,metaspace   ] GC(643) Metaspace: 30008K(30464K)->30008K(30464K) NonClass: 24595K(24832K)->24595K(24832K) Class: 5412K(5632K)->5412K(5632K)
[4902.292s][info][gc             ] GC(643) Pause Young (Normal) (G1 Evacuation Pause) 7204M->2695M(8192M) 150.897ms
[4902.292s][info][gc,cpu         ] GC(643) User=1.20s Sys=0.00s Real=0.15s
....[4906.714s][info][gc,start       ] GC(644) Pause Young (Normal) (G1 Evacuation Pause)
[4906.714s][info][gc,task        ] GC(644) Using 8 workers of 8 for evacuation
[4906.865s][info][gc,phases      ] GC(644)   Pre Evacuate Collection Set: 0.27ms
[4906.865s][info][gc,phases      ] GC(644)   Merge Heap Roots: 0.53ms
[4906.865s][info][gc,phases      ] GC(644)   Evacuate Collection Set: 149.08ms
[4906.865s][info][gc,phases      ] GC(644)   Post Evacuate Collection Set: 1.05ms
[4906.865s][info][gc,phases      ] GC(644)   Other: 0.06ms
[4906.865s][info][gc,heap        ] GC(644) Eden regions: 571->0(571)
[4906.865s][info][gc,heap        ] GC(644) Survivor regions: 43->43(77)
[4906.865s][info][gc,heap        ] GC(644) Old regions: 264->271
[4906.865s][info][gc,heap        ] GC(644) Humongous regions: 33->33
[4906.865s][info][gc,metaspace   ] GC(644) Metaspace: 30008K(30464K)->30008K(30464K) NonClass: 24595K(24832K)->24595K(24832K) Class: 5412K(5632K)->5412K(5632K)
[4906.865s][info][gc             ] GC(644) Pause Young (Normal) (G1 Evacuation Pause) 7263M->2747M(8192M) 151.127ms
[4906.865s][info][gc,cpu         ] GC(644) User=1.19s Sys=0.00s Real=0.15s
.....[4911.309s][info][gc,start       ] GC(645) Pause Young (Normal) (G1 Evacuation Pause)
[4911.309s][info][gc,task        ] GC(645) Using 8 workers of 8 for evacuation
[4911.460s][info][gc,phases      ] GC(645)   Pre Evacuate Collection Set: 0.27ms
[4911.460s][info][gc,phases      ] GC(645)   Merge Heap Roots: 0.61ms
[4911.460s][info][gc,phases      ] GC(645)   Evacuate Collection Set: 148.74ms
[4911.460s][info][gc,phases      ] GC(645)   Post Evacuate Collection Set: 1.07ms
[4911.460s][info][gc,phases      ] GC(645)   Other: 0.07ms
[4911.460s][info][gc,heap        ] GC(645) Eden regions: 571->0(571)
[4911.460s][info][gc,heap        ] GC(645) Survivor regions: 43->43(77)
[4911.460s][info][gc,heap        ] GC(645) Old regions: 271->278
[4911.460s][info][gc,heap        ] GC(645) Humongous regions: 33->33
[4911.460s][info][gc,metaspace   ] GC(645) Metaspace: 30008K(30464K)->30008K(30464K) NonClass: 24595K(24832K)->24595K(24832K) Class: 5412K(5632K)->5412K(5632K)
[4911.460s][info][gc             ] GC(645) Pause Young (Normal) (G1 Evacuation Pause) 7315M->2808M(8192M) 150.889ms
[4911.460s][info][gc,cpu         ] GC(645) User=1.19s Sys=0.00s Real=0.15s
... (rIR:aIR:PR = 8302:8258:8258) (tPR = 123233) [OK] 
  4913s: Performance info:
         Transaction,    Success,    Partial,     Failed,   Receipts, AvgBarcode, 
             Overall,     495981,          0,          0,     471023,      59.48, 
         Response times:
             Request,    Success,    Partial,     Failed,   SkipFail,     Probes,    Samples,      min,      p50,      p90,      p95,      p99,      max, 
       TotalPurchase,     471023,          0,          0,          0,     359671,     470895,      300,     5500,    13000,    34000,    88000,   460000,
     InStorePurchase,     246279,          0,          0,          0,     189805,     248147,      400,     5500,    13000,    34000,    88000,   460000,
      OnlinePurchase,     174546,          0,          0,          0,     131841,     172654,      300,     5600,    12900,    33000,    88000,   459000,
        InstPurchase,      50198,          0,          0,          0,      38025,      50094,      400,     5600,    13100,    32000,    88000,   457000,
          AssocOfCat,        499,          0,          0,          0,        402,        602,    22000,    47000,    72000,   102850,   198970,   217000,
      AssocOfProduct,       4911,          0,          0,          0,       3525,       4888,      500,     6100,    13900,    30550,    94000,   443000,
      BusinessReport,       1248,          0,          0,          0,       1153,       1663,    29000,    50000,    75000,   114800,   207360,   228000,
          CustBuyBeh,       5034,          0,          0,          0,       3542,       4838,      200,     5100,    13300,    33000,    98000,   252000,
       ProductReturn,      13266,          0,          0,          0,       9213,      12479,      300,     5800,    13000,    36000,    94000,   458000,

  4913s: (61%)   IR =   8441 .[4915.960s][info][gc,start       ] GC(646) Pause Young (Normal) (G1 Evacuation Pause)
[4915.960s][info][gc,task        ] GC(646) Using 8 workers of 8 for evacuation
[4916.114s][info][gc,phases      ] GC(646)   Pre Evacuate Collection Set: 0.28ms
[4916.114s][info][gc,phases      ] GC(646)   Merge Heap Roots: 0.54ms
[4916.114s][info][gc,phases      ] GC(646)   Evacuate Collection Set: 152.12ms
[4916.114s][info][gc,phases      ] GC(646)   Post Evacuate Collection Set: 1.07ms
[4916.114s][info][gc,phases      ] GC(646)   Other: 0.06ms
[4916.114s][info][gc,heap        ] GC(646) Eden regions: 571->0(566)
[4916.114s][info][gc,heap        ] GC(646) Survivor regions: 43->44(77)
[4916.114s][info][gc,heap        ] GC(646) Old regions: 278->285
[4916.114s][info][gc,heap        ] GC(646) Humongous regions: 33->33
[4916.114s][info][gc,metaspace   ] GC(646) Metaspace: 30008K(30464K)->30008K(30464K) NonClass: 24595K(24832K)->24595K(24832K) Class: 5412K(5632K)->5412K(5632K)
[4916.114s][info][gc             ] GC(646) Pause Young (Normal) (G1 Evacuation Pause) 7376M->2871M(8192M) 154.223ms
[4916.114s][info][gc,cpu         ] GC(646) User=1.22s Sys=0.00s Real=0.16s
.....|[4920.402s][info][gc,start       ] GC(647) Pause Young (Normal) (G1 Evacuation Pause)
[4920.402s][info][gc,task        ] GC(647) Using 8 workers of 8 for evacuation
[4920.551s][info][gc,phases      ] GC(647)   Pre Evacuate Collection Set: 0.25ms
[4920.551s][info][gc,phases      ] GC(647)   Merge Heap Roots: 0.56ms
[4920.551s][info][gc,phases      ] GC(647)   Evacuate Collection Set: 147.15ms
[4920.551s][info][gc,phases      ] GC(647)   Post Evacuate Collection Set: 1.02ms
[4920.551s][info][gc,phases      ] GC(647)   Other: 0.07ms
[4920.551s][info][gc,heap        ] GC(647) Eden regions: 566->0(563)
[4920.551s][info][gc,heap        ] GC(647) Survivor regions: 44->42(77)
[4920.551s][info][gc,heap        ] GC(647) Old regions: 285->292
[4920.551s][info][gc,heap        ] GC(647) Humongous regions: 33->33
[4920.551s][info][gc,metaspace   ] GC(647) Metaspace: 30008K(30464K)->30008K(30464K) NonClass: 24595K(24832K)->24595K(24832K) Class: 5412K(5632K)->5412K(5632K)
[4920.551s][info][gc             ] GC(647) Pause Young (Normal) (G1 Evacuation Pause) 7399M->2915M(8192M) 149.197ms
[4920.551s][info][gc,cpu         ] GC(647) User=1.18s Sys=0.00s Real=0.15s
....[4924.816s][info][gc,start       ] GC(648) Pause Young (Normal) (G1 Evacuation Pause)
[4924.816s][info][gc,task        ] GC(648) Using 8 workers of 8 for evacuation
[4924.969s][info][gc,phases      ] GC(648)   Pre Evacuate Collection Set: 0.27ms
[4924.969s][info][gc,phases      ] GC(648)   Merge Heap Roots: 0.55ms
[4924.969s][info][gc,phases      ] GC(648)   Evacuate Collection Set: 151.49ms
[4924.969s][info][gc,phases      ] GC(648)   Post Evacuate Collection Set: 1.05ms
[4924.969s][info][gc,phases      ] GC(648)   Other: 0.09ms
[4924.969s][info][gc,heap        ] GC(648) Eden regions: 563->0(553)
[4924.969s][info][gc,heap        ] GC(648) Survivor regions: 42->43(76)
[4924.969s][info][gc,heap        ] GC(648) Old regions: 292->300
[4924.969s][info][gc,heap        ] GC(648) Humongous regions: 33->33
[4924.969s][info][gc,metaspace   ] GC(648) Metaspace: 30008K(30464K)->30008K(30464K) NonClass: 24595K(24832K)->24595K(24832K) Class: 5412K(5632K)->5412K(5632K)
[4924.969s][info][gc             ] GC(648) Pause Young (Normal) (G1 Evacuation Pause) 7419M->2981M(8192M) 153.612ms
[4924.969s][info][gc,cpu         ] GC(648) User=1.21s Sys=0.00s Real=0.15s
....[4929.158s][info][gc,start       ] GC(649) Pause Young (Normal) (G1 Evacuation Pause)
[4929.158s][info][gc,task        ] GC(649) Using 8 workers of 8 for evacuation
[4929.311s][info][gc,phases      ] GC(649)   Pre Evacuate Collection Set: 0.28ms
[4929.311s][info][gc,phases      ] GC(649)   Merge Heap Roots: 0.67ms
[4929.311s][info][gc,phases      ] GC(649)   Evacuate Collection Set: 151.16ms
[4929.311s][info][gc,phases      ] GC(649)   Post Evacuate Collection Set: 1.06ms
[4929.311s][info][gc,phases      ] GC(649)   Other: 0.07ms
[4929.311s][info][gc,heap        ] GC(649) Eden regions: 553->0(546)
[4929.311s][info][gc,heap        ] GC(649) Survivor regions: 43->43(75)
[4929.311s][info][gc,heap        ] GC(649) Old regions: 300->307
[4929.311s][info][gc,heap        ] GC(649) Humongous regions: 33->33
[4929.311s][info][gc,metaspace   ] GC(649) Metaspace: 30008K(30464K)->30008K(30464K) NonClass: 24595K(24832K)->24595K(24832K) Class: 5412K(5632K)->5412K(5632K)
[4929.311s][info][gc             ] GC(649) Pause Young (Normal) (G1 Evacuation Pause) 7405M->3038M(8192M) 153.373ms
[4929.311s][info][gc,cpu         ] GC(649) User=1.21s Sys=0.00s Real=0.15s
.....[4933.511s][info][gc,start       ] GC(650) Pause Young (Concurrent Start) (G1 Evacuation Pause)
[4933.511s][info][gc,task        ] GC(650) Using 8 workers of 8 for evacuation
[4933.658s][info][gc,phases      ] GC(650)   Pre Evacuate Collection Set: 0.30ms
[4933.658s][info][gc,phases      ] GC(650)   Merge Heap Roots: 0.55ms
[4933.658s][info][gc,phases      ] GC(650)   Evacuate Collection Set: 144.66ms
[4933.658s][info][gc,phases      ] GC(650)   Post Evacuate Collection Set: 1.02ms
[4933.658s][info][gc,phases      ] GC(650)   Other: 0.11ms
[4933.658s][info][gc,heap        ] GC(650) Eden regions: 546->0(543)
[4933.658s][info][gc,heap        ] GC(650) Survivor regions: 43->41(74)
[4933.658s][info][gc,heap        ] GC(650) Old regions: 307->314
[4933.658s][info][gc,heap        ] GC(650) Humongous regions: 33->33
[4933.658s][info][gc,metaspace   ] GC(650) Metaspace: 30008K(30464K)->30008K(30464K) NonClass: 24595K(24832K)->24595K(24832K) Class: 5412K(5632K)->5412K(5632K)
[4933.658s][info][gc             ] GC(650) Pause Young (Concurrent Start) (G1 Evacuation Pause) 7406M->3078M(8192M) 146.773ms
[4933.658s][info][gc             ] GC(651) Concurrent Mark Cycle
[4933.658s][info][gc,marking     ] GC(651) Concurrent Scan Root Regions
[4933.658s][info][gc,cpu         ] GC(650) User=1.16s Sys=0.01s Real=0.15s
[4933.980s][info][gc,marking     ] GC(651) Concurrent Scan Root Regions 322.144ms
[4933.980s][info][gc,marking     ] GC(651) Concurrent Mark
[4933.980s][info][gc,marking     ] GC(651) Concurrent Mark From Roots
[4933.980s][info][gc,task        ] GC(651) Using 2 workers of 2 for marking
.[4935.023s][info][gc,marking     ] GC(651) Concurrent Mark From Roots 1042.532ms
[4935.023s][info][gc,marking     ] GC(651) Concurrent Preclean
[4935.023s][info][gc,marking     ] GC(651) Concurrent Preclean 0.201ms
[4935.023s][info][gc,start       ] GC(651) Pause Remark
[4935.026s][info][gc             ] GC(651) Pause Remark 4558M->3910M(8192M) 2.198ms
[4935.026s][info][gc,cpu         ] GC(651) User=0.02s Sys=0.00s Real=0.00s
[4935.026s][info][gc,marking     ] GC(651) Concurrent Mark 1045.253ms
[4935.026s][info][gc,marking     ] GC(651) Concurrent Rebuild Remembered Sets and Scrub Regions
.[4935.582s][info][gc,marking     ] GC(651) Concurrent Rebuild Remembered Sets and Scrub Regions 556.675ms
[4935.582s][info][gc,start       ] GC(651) Pause Cleanup
[4935.583s][info][gc             ] GC(651) Pause Cleanup 4463M->4463M(8192M) 0.246ms
[4935.583s][info][gc,cpu         ] GC(651) User=0.00s Sys=0.00s Real=0.00s
[4935.583s][info][gc,marking     ] GC(651) Concurrent Clear Claimed Marks
[4935.583s][info][gc,marking     ] GC(651) Concurrent Clear Claimed Marks 0.045ms
[4935.583s][info][gc,marking     ] GC(651) Concurrent Cleanup for Next Mark
[4935.592s][info][gc,marking     ] GC(651) Concurrent Cleanup for Next Mark 8.786ms
[4935.592s][info][gc             ] GC(651) Concurrent Mark Cycle 1933.575ms
..[4937.908s][info][gc,start       ] GC(652) Pause Young (Prepare Mixed) (G1 Evacuation Pause)
[4937.908s][info][gc,task        ] GC(652) Using 8 workers of 8 for evacuation
[4938.058s][info][gc,phases      ] GC(652)   Pre Evacuate Collection Set: 0.26ms
[4938.058s][info][gc,phases      ] GC(652)   Merge Heap Roots: 0.79ms
[4938.058s][info][gc,phases      ] GC(652)   Evacuate Collection Set: 148.61ms
[4938.058s][info][gc,phases      ] GC(652)   Post Evacuate Collection Set: 1.11ms
[4938.058s][info][gc,phases      ] GC(652)   Other: 0.07ms
[4938.058s][info][gc,heap        ] GC(652) Eden regions: 543->0(572)
[4938.058s][info][gc,heap        ] GC(652) Survivor regions: 41->42(73)
[4938.058s][info][gc,heap        ] GC(652) Old regions: 233->240
[4938.058s][info][gc,heap        ] GC(652) Humongous regions: 33->33
[4938.058s][info][gc,metaspace   ] GC(652) Metaspace: 30008K(30464K)->30008K(30464K) NonClass: 24595K(24832K)->24595K(24832K) Class: 5412K(5632K)->5412K(5632K)
[4938.058s][info][gc             ] GC(652) Pause Young (Prepare Mixed) (G1 Evacuation Pause) 6774M->2499M(8192M) 150.967ms
[4938.059s][info][gc,cpu         ] GC(652) User=1.19s Sys=0.00s Real=0.15s
.....[4942.422s][info][gc,start       ] GC(653) Pause Young (Mixed) (G1 Evacuation Pause)
[4942.422s][info][gc,task        ] GC(653) Using 8 workers of 8 for evacuation
[4942.579s][info][gc,phases      ] GC(653)   Pre Evacuate Collection Set: 0.29ms
[4942.579s][info][gc,phases      ] GC(653)   Merge Heap Roots: 0.85ms
[4942.579s][info][gc,phases      ] GC(653)   Evacuate Collection Set: 153.67ms
[4942.579s][info][gc,phases      ] GC(653)   Post Evacuate Collection Set: 1.22ms
[4942.579s][info][gc,phases      ] GC(653)   Other: 0.08ms
[4942.579s][info][gc,heap        ] GC(653) Eden regions: 572->0(572)
[4942.579s][info][gc,heap        ] GC(653) Survivor regions: 42->42(77)
[4942.579s][info][gc,heap        ] GC(653) Old regions: 240->146
[4942.579s][info][gc,heap        ] GC(653) Humongous regions: 33->33
[4942.579s][info][gc,metaspace   ] GC(653) Metaspace: 30008K(30464K)->30008K(30464K) NonClass: 24595K(24832K)->24595K(24832K) Class: 5412K(5632K)->5412K(5632K)
[4942.579s][info][gc             ] GC(653) Pause Young (Mixed) (G1 Evacuation Pause) 7075M->1742M(8192M) 156.259ms
[4942.579s][info][gc,cpu         ] GC(653) User=1.24s Sys=0.00s Real=0.16s
....[4946.928s][info][gc,start       ] GC(654) Pause Young (Mixed) (G1 Evacuation Pause)
[4946.928s][info][gc,task        ] GC(654) Using 8 workers of 8 for evacuation
[4947.090s][info][gc,phases      ] GC(654)   Pre Evacuate Collection Set: 0.26ms
[4947.090s][info][gc,phases      ] GC(654)   Merge Heap Roots: 0.65ms
[4947.090s][info][gc,phases      ] GC(654)   Evacuate Collection Set: 159.56ms
[4947.090s][info][gc,phases      ] GC(654)   Post Evacuate Collection Set: 1.05ms
[4947.090s][info][gc,phases      ] GC(654)   Other: 0.06ms
[4947.090s][info][gc,heap        ] GC(654) Eden regions: 572->0(569)
[4947.090s][info][gc,heap        ] GC(654) Survivor regions: 42->45(77)
[4947.090s][info][gc,heap        ] GC(654) Old regions: 146->143
[4947.090s][info][gc,heap        ] GC(654) Humongous regions: 33->33
[4947.090s][info][gc,metaspace   ] GC(654) Metaspace: 30008K(30464K)->30008K(30464K) NonClass: 24595K(24832K)->24595K(24832K) Class: 5412K(5632K)->5412K(5632K)
[4947.090s][info][gc             ] GC(654) Pause Young (Mixed) (G1 Evacuation Pause) 6318M->1740M(8192M) 161.709ms
[4947.090s][info][gc,cpu         ] GC(654) User=1.28s Sys=0.00s Real=0.16s
.....[4951.466s][info][gc,start       ] GC(655) Pause Young (Normal) (G1 Evacuation Pause)
[4951.467s][info][gc,task        ] GC(655) Using 8 workers of 8 for evacuation
[4951.620s][info][gc,phases      ] GC(655)   Pre Evacuate Collection Set: 0.24ms
[4951.620s][info][gc,phases      ] GC(655)   Merge Heap Roots: 0.55ms
[4951.620s][info][gc,phases      ] GC(655)   Evacuate Collection Set: 151.82ms
[4951.620s][info][gc,phases      ] GC(655)   Post Evacuate Collection Set: 1.02ms
[4951.620s][info][gc,phases      ] GC(655)   Other: 0.07ms
[4951.620s][info][gc,heap        ] GC(655) Eden regions: 569->0(570)
[4951.620s][info][gc,heap        ] GC(655) Survivor regions: 45->44(77)
[4951.620s][info][gc,heap        ] GC(655) Old regions: 143->150
[4951.620s][info][gc,heap        ] GC(655) Humongous regions: 33->33
[4951.620s][info][gc,metaspace   ] GC(655) Metaspace: 30008K(30464K)->30008K(30464K) NonClass: 24595K(24832K)->24595K(24832K) Class: 5412K(5632K)->5412K(5632K)
[4951.620s][info][gc             ] GC(655) Pause Young (Normal) (G1 Evacuation Pause) 6292M->1784M(8192M) 153.831ms
[4951.620s][info][gc,cpu         ] GC(655) User=1.22s Sys=0.00s Real=0.15s
....[4955.997s][info][gc,start       ] GC(656) Pause Young (Normal) (G1 Evacuation Pause)
[4955.997s][info][gc,task        ] GC(656) Using 8 workers of 8 for evacuation
[4956.149s][info][gc,phases      ] GC(656)   Pre Evacuate Collection Set: 0.26ms
[4956.149s][info][gc,phases      ] GC(656)   Merge Heap Roots: 0.54ms
[4956.149s][info][gc,phases      ] GC(656)   Evacuate Collection Set: 149.69ms
[4956.149s][info][gc,phases      ] GC(656)   Post Evacuate Collection Set: 1.08ms
[4956.149s][info][gc,phases      ] GC(656)   Other: 0.06ms
[4956.149s][info][gc,heap        ] GC(656) Eden regions: 570->0(571)
[4956.149s][info][gc,heap        ] GC(656) Survivor regions: 44->43(77)
[4956.149s][info][gc,heap        ] GC(656) Old regions: 150->157
[4956.149s][info][gc,heap        ] GC(656) Humongous regions: 33->33
[4956.149s][info][gc,metaspace   ] GC(656) Metaspace: 30008K(30464K)->30008K(30464K) NonClass: 24595K(24832K)->24595K(24832K) Class: 5412K(5632K)->5412K(5632K)
[4956.149s][info][gc             ] GC(656) Pause Young (Normal) (G1 Evacuation Pause) 6344M->1838M(8192M) 151.760ms
[4956.149s][info][gc,cpu         ] GC(656) User=1.20s Sys=0.01s Real=0.15s
.....[4960.598s][info][gc,start       ] GC(657) Pause Young (Normal) (G1 Evacuation Pause)
[4960.598s][info][gc,task        ] GC(657) Using 8 workers of 8 for evacuation
[4960.749s][info][gc,phases      ] GC(657)   Pre Evacuate Collection Set: 0.25ms
[4960.749s][info][gc,phases      ] GC(657)   Merge Heap Roots: 0.51ms
[4960.749s][info][gc,phases      ] GC(657)   Evacuate Collection Set: 149.30ms
[4960.749s][info][gc,phases      ] GC(657)   Post Evacuate Collection Set: 1.06ms
[4960.749s][info][gc,phases      ] GC(657)   Other: 0.06ms
[4960.749s][info][gc,heap        ] GC(657) Eden regions: 571->0(571)
[4960.749s][info][gc,heap        ] GC(657) Survivor regions: 43->43(77)
[4960.749s][info][gc,heap        ] GC(657) Old regions: 157->164
[4960.749s][info][gc,heap        ] GC(657) Humongous regions: 33->33
[4960.749s][info][gc,metaspace   ] GC(657) Metaspace: 30008K(30464K)->30008K(30464K) NonClass: 24595K(24832K)->24595K(24832K) Class: 5412K(5632K)->5412K(5632K)
[4960.749s][info][gc             ] GC(657) Pause Young (Normal) (G1 Evacuation Pause) 6406M->1893M(8192M) 151.311ms
[4960.750s][info][gc,cpu         ] GC(657) User=1.19s Sys=0.00s Real=0.15s
....[4965.027s][info][gc,start       ] GC(658) Pause Young (Normal) (G1 Evacuation Pause)
[4965.027s][info][gc,task        ] GC(658) Using 8 workers of 8 for evacuation
[4965.184s][info][gc,phases      ] GC(658)   Pre Evacuate Collection Set: 0.25ms
[4965.184s][info][gc,phases      ] GC(658)   Merge Heap Roots: 0.58ms
[4965.184s][info][gc,phases      ] GC(658)   Evacuate Collection Set: 155.42ms
[4965.184s][info][gc,phases      ] GC(658)   Post Evacuate Collection Set: 1.05ms
[4965.184s][info][gc,phases      ] GC(658)   Other: 0.06ms
[4965.184s][info][gc,heap        ] GC(658) Eden regions: 571->0(571)
[4965.184s][info][gc,heap        ] GC(658) Survivor regions: 43->43(77)
[4965.184s][info][gc,heap        ] GC(658) Old regions: 164->171
[4965.184s][info][gc,heap        ] GC(658) Humongous regions: 33->33
[4965.184s][info][gc,metaspace   ] GC(658) Metaspace: 30008K(30464K)->30008K(30464K) NonClass: 24595K(24832K)->24595K(24832K) Class: 5412K(5632K)->5412K(5632K)
[4965.184s][info][gc             ] GC(658) Pause Young (Normal) (G1 Evacuation Pause) 6461M->1949M(8192M) 157.505ms
[4965.184s][info][gc,cpu         ] GC(658) User=1.24s Sys=0.00s Real=0.16s
.....[4969.651s][info][gc,start       ] GC(659) Pause Young (Normal) (G1 Evacuation Pause)
[4969.651s][info][gc,task        ] GC(659) Using 8 workers of 8 for evacuation
[4969.810s][info][gc,phases      ] GC(659)   Pre Evacuate Collection Set: 0.25ms
[4969.810s][info][gc,phases      ] GC(659)   Merge Heap Roots: 0.53ms
[4969.810s][info][gc,phases      ] GC(659)   Evacuate Collection Set: 157.16ms
[4969.810s][info][gc,phases      ] GC(659)   Post Evacuate Collection Set: 1.05ms
[4969.810s][info][gc,phases      ] GC(659)   Other: 0.07ms
[4969.810s][info][gc,heap        ] GC(659) Eden regions: 571->0(570)
[4969.810s][info][gc,heap        ] GC(659) Survivor regions: 43->44(77)
[4969.810s][info][gc,heap        ] GC(659) Old regions: 171->178
[4969.810s][info][gc,heap        ] GC(659) Humongous regions: 33->33
[4969.810s][info][gc,metaspace   ] GC(659) Metaspace: 30008K(30464K)->30008K(30464K) NonClass: 24595K(24832K)->24595K(24832K) Class: 5412K(5632K)->5412K(5632K)
[4969.810s][info][gc             ] GC(659) Pause Young (Normal) (G1 Evacuation Pause) 6517M->2012M(8192M) 159.191ms
[4969.810s][info][gc,cpu         ] GC(659) User=1.27s Sys=0.00s Real=0.16s
....[4974.232s][info][gc,start       ] GC(660) Pause Young (Normal) (G1 Evacuation Pause)
[4974.232s][info][gc,task        ] GC(660) Using 8 workers of 8 for evacuation
[4974.382s][info][gc,phases      ] GC(660)   Pre Evacuate Collection Set: 0.27ms
[4974.382s][info][gc,phases      ] GC(660)   Merge Heap Roots: 0.52ms
[4974.382s][info][gc,phases      ] GC(660)   Evacuate Collection Set: 148.27ms
[4974.382s][info][gc,phases      ] GC(660)   Post Evacuate Collection Set: 1.01ms
[4974.382s][info][gc,phases      ] GC(660)   Other: 0.07ms
[4974.382s][info][gc,heap        ] GC(660) Eden regions: 570->0(570)
[4974.382s][info][gc,heap        ] GC(660) Survivor regions: 44->44(77)
[4974.382s][info][gc,heap        ] GC(660) Old regions: 178->185
[4974.382s][info][gc,heap        ] GC(660) Humongous regions: 33->33
[4974.382s][info][gc,metaspace   ] GC(660) Metaspace: 30008K(30464K)->30008K(30464K) NonClass: 24595K(24832K)->24595K(24832K) Class: 5412K(5632K)->5412K(5632K)
[4974.382s][info][gc             ] GC(660) Pause Young (Normal) (G1 Evacuation Pause) 6572M->2067M(8192M) 150.278ms
[4974.382s][info][gc,cpu         ] GC(660) User=1.19s Sys=0.00s Real=0.15s
.....[4978.739s][info][gc,start       ] GC(661) Pause Young (Normal) (G1 Evacuation Pause)
[4978.739s][info][gc,task        ] GC(661) Using 8 workers of 8 for evacuation
[4978.888s][info][gc,phases      ] GC(661)   Pre Evacuate Collection Set: 0.23ms
[4978.888s][info][gc,phases      ] GC(661)   Merge Heap Roots: 0.55ms
[4978.888s][info][gc,phases      ] GC(661)   Evacuate Collection Set: 147.74ms
[4978.888s][info][gc,phases      ] GC(661)   Post Evacuate Collection Set: 1.01ms
[4978.889s][info][gc,phases      ] GC(661)   Other: 0.06ms
[4978.889s][info][gc,heap        ] GC(661) Eden regions: 570->0(571)
[4978.889s][info][gc,heap        ] GC(661) Survivor regions: 44->43(77)
[4978.889s][info][gc,heap        ] GC(661) Old regions: 185->192
[4978.889s][info][gc,heap        ] GC(661) Humongous regions: 33->33
[4978.889s][info][gc,metaspace   ] GC(661) Metaspace: 30008K(30464K)->30008K(30464K) NonClass: 24595K(24832K)->24595K(24832K) Class: 5412K(5632K)->5412K(5632K)
[4978.889s][info][gc             ] GC(661) Pause Young (Normal) (G1 Evacuation Pause) 6627M->2117M(8192M) 149.714ms
[4978.889s][info][gc,cpu         ] GC(661) User=1.18s Sys=0.00s Real=0.15s
.. (rIR:aIR:PR = 8441:8430:8430) (tPR = 125027) [OK] 
  4980s: Performance info:
         Transaction,    Success,    Partial,     Failed,   Receipts, AvgBarcode, 
             Overall,     507797,          0,          0,     482424,      59.47, 
         Response times:
             Request,    Success,    Partial,     Failed,   SkipFail,     Probes,    Samples,      min,      p50,      p90,      p95,      p99,      max, 
       TotalPurchase,     482424,          0,          0,          0,     359021,     397965,      300,     5900,    13900,    31000,    92000,   491000,
     InStorePurchase,     254516,          0,          0,          0,     188051,     208479,      300,     5900,    13900,    30000,    91000,   491000,
      OnlinePurchase,     177019,          0,          0,          0,     133247,     147411,      300,     5800,    13900,    31000,    91000,   491000,
        InstPurchase,      50889,          0,          0,          0,      37723,      42075,      400,     6100,    14200,    34000,    97000,   490000,
          AssocOfCat,        510,          0,          0,          0,        402,        505,    27000,    46000,    67400,    88700,   208700,   231000,
      AssocOfProduct,       5103,          0,          0,          0,       3637,       4257,      700,     6600,    14500,    46100,   107000,   290000,
      BusinessReport,       1267,          0,          0,          0,       1143,       1405,    32000,    52000,    91000,   119100,   216940,   258000,
          CustBuyBeh,       5096,          0,          0,          0,       3618,       4259,      200,     6100,    15000,    28000,    89200,   490000,
       ProductReturn,      13397,          0,          0,          0,       9424,      10761,      200,     5700,    14200,    31000,    93000,   491000,

  4980s: (62%)   IR =   8579 ..[4983.290s][info][gc,start       ] GC(662) Pause Young (Normal) (G1 Evacuation Pause)
[4983.290s][info][gc,task        ] GC(662) Using 8 workers of 8 for evacuation
[4983.438s][info][gc,phases      ] GC(662)   Pre Evacuate Collection Set: 0.26ms
[4983.438s][info][gc,phases      ] GC(662)   Merge Heap Roots: 0.60ms
[4983.438s][info][gc,phases      ] GC(662)   Evacuate Collection Set: 146.49ms
[4983.438s][info][gc,phases      ] GC(662)   Post Evacuate Collection Set: 1.09ms
[4983.438s][info][gc,phases      ] GC(662)   Other: 0.08ms
[4983.438s][info][gc,heap        ] GC(662) Eden regions: 571->0(572)
[4983.438s][info][gc,heap        ] GC(662) Survivor regions: 43->42(77)
[4983.438s][info][gc,heap        ] GC(662) Old regions: 192->199
[4983.438s][info][gc,heap        ] GC(662) Humongous regions: 33->33
[4983.438s][info][gc,metaspace   ] GC(662) Metaspace: 30008K(30464K)->30008K(30464K) NonClass: 24595K(24832K)->24595K(24832K) Class: 5412K(5632K)->5412K(5632K)
[4983.438s][info][gc             ] GC(662) Pause Young (Normal) (G1 Evacuation Pause) 6685M->2163M(8192M) 148.654ms
[4983.438s][info][gc,cpu         ] GC(662) User=1.18s Sys=0.00s Real=0.15s
.....[4987.813s][info][gc,start       ] GC(663) Pause Young (Normal) (G1 Evacuation Pause)
[4987.813s][info][gc,task        ] GC(663) Using 8 workers of 8 for evacuation
[4987.967s][info][gc,phases      ] GC(663)   Pre Evacuate Collection Set: 0.25ms
[4987.967s][info][gc,phases      ] GC(663)   Merge Heap Roots: 0.53ms
[4987.967s][info][gc,phases      ] GC(663)   Evacuate Collection Set: 152.82ms
[4987.967s][info][gc,phases      ] GC(663)   Post Evacuate Collection Set: 1.03ms
[4987.968s][info][gc,phases      ] GC(663)   Other: 0.06ms
[4987.968s][info][gc,heap        ] GC(663) Eden regions: 572->0(570)
[4987.968s][info][gc,heap        ] GC(663) Survivor regions: 42->44(77)
[4987.968s][info][gc,heap        ] GC(663) Old regions: 199->206
[4987.968s][info][gc,heap        ] GC(663) Humongous regions: 33->33
[4987.968s][info][gc,metaspace   ] GC(663) Metaspace: 30008K(30464K)->30008K(30464K) NonClass: 24595K(24832K)->24595K(24832K) Class: 5412K(5632K)->5412K(5632K)
[4987.968s][info][gc             ] GC(663) Pause Young (Normal) (G1 Evacuation Pause) 6739M->2239M(8192M) 154.819ms
[4987.968s][info][gc,cpu         ] GC(663) User=1.23s Sys=0.00s Real=0.16s
....[4992.264s][info][gc,start       ] GC(664) Pause Young (Normal) (G1 Evacuation Pause)
[4992.264s][info][gc,task        ] GC(664) Using 8 workers of 8 for evacuation
[4992.417s][info][gc,phases      ] GC(664)   Pre Evacuate Collection Set: 0.24ms
[4992.417s][info][gc,phases      ] GC(664)   Merge Heap Roots: 0.55ms
[4992.417s][info][gc,phases      ] GC(664)   Evacuate Collection Set: 151.56ms
[4992.417s][info][gc,phases      ] GC(664)   Post Evacuate Collection Set: 1.02ms
[4992.417s][info][gc,phases      ] GC(664)   Other: 0.08ms
[4992.417s][info][gc,heap        ] GC(664) Eden regions: 570->0(570)
[4992.417s][info][gc,heap        ] GC(664) Survivor regions: 44->44(77)
[4992.417s][info][gc,heap        ] GC(664) Old regions: 206->213
[4992.417s][info][gc,heap        ] GC(664) Humongous regions: 33->33
[4992.417s][info][gc,metaspace   ] GC(664) Metaspace: 30008K(30464K)->30008K(30464K) NonClass: 24595K(24832K)->24595K(24832K) Class: 5412K(5632K)->5412K(5632K)
[4992.417s][info][gc             ] GC(664) Pause Young (Normal) (G1 Evacuation Pause) 6799M->2295M(8192M) 153.586ms
[4992.417s][info][gc,cpu         ] GC(664) User=1.22s Sys=0.00s Real=0.15s
.....[4996.802s][info][gc,start       ] GC(665) Pause Young (Normal) (G1 Evacuation Pause)
[4996.803s][info][gc,task        ] GC(665) Using 8 workers of 8 for evacuation
[4996.957s][info][gc,phases      ] GC(665)   Pre Evacuate Collection Set: 0.27ms
[4996.957s][info][gc,phases      ] GC(665)   Merge Heap Roots: 0.57ms
[4996.957s][info][gc,phases      ] GC(665)   Evacuate Collection Set: 152.70ms
[4996.957s][info][gc,phases      ] GC(665)   Post Evacuate Collection Set: 1.02ms
[4996.957s][info][gc,phases      ] GC(665)   Other: 0.06ms
[4996.957s][info][gc,heap        ] GC(665) Eden regions: 570->0(570)
[4996.957s][info][gc,heap        ] GC(665) Survivor regions: 44->44(77)
[4996.957s][info][gc,heap        ] GC(665) Old regions: 213->220
[4996.957s][info][gc,heap        ] GC(665) Humongous regions: 33->33
[4996.957s][info][gc,metaspace   ] GC(665) Metaspace: 30008K(30464K)->30008K(30464K) NonClass: 24595K(24832K)->24595K(24832K) Class: 5412K(5632K)->5412K(5632K)
[4996.957s][info][gc             ] GC(665) Pause Young (Normal) (G1 Evacuation Pause) 6855M->2351M(8192M) 154.761ms
[4996.957s][info][gc,cpu         ] GC(665) User=1.22s Sys=0.00s Real=0.16s
....[5001.193s][info][gc,start       ] GC(666) Pause Young (Normal) (G1 Evacuation Pause)
[5001.194s][info][gc,task        ] GC(666) Using 8 workers of 8 for evacuation
[5001.347s][info][gc,phases      ] GC(666)   Pre Evacuate Collection Set: 0.25ms
[5001.347s][info][gc,phases      ] GC(666)   Merge Heap Roots: 0.54ms
[5001.347s][info][gc,phases      ] GC(666)   Evacuate Collection Set: 151.45ms
[5001.347s][info][gc,phases      ] GC(666)   Post Evacuate Collection Set: 1.06ms
[5001.347s][info][gc,phases      ] GC(666)   Other: 0.07ms
[5001.347s][info][gc,heap        ] GC(666) Eden regions: 570->0(570)
[5001.347s][info][gc,heap        ] GC(666) Survivor regions: 44->44(77)
[5001.347s][info][gc,heap        ] GC(666) Old regions: 220->227
[5001.347s][info][gc,heap        ] GC(666) Humongous regions: 33->33
[5001.347s][info][gc,metaspace   ] GC(666) Metaspace: 30008K(30464K)->30008K(30464K) NonClass: 24595K(24832K)->24595K(24832K) Class: 5412K(5632K)->5412K(5632K)
[5001.347s][info][gc             ] GC(666) Pause Young (Normal) (G1 Evacuation Pause) 6911M->2407M(8192M) 153.481ms
[5001.347s][info][gc,cpu         ] GC(666) User=1.22s Sys=0.00s Real=0.15s
....|.[5005.626s][info][gc,start       ] GC(667) Pause Young (Normal) (G1 Evacuation Pause)
[5005.626s][info][gc,task        ] GC(667) Using 8 workers of 8 for evacuation
[5005.783s][info][gc,phases      ] GC(667)   Pre Evacuate Collection Set: 0.24ms
[5005.783s][info][gc,phases      ] GC(667)   Merge Heap Roots: 0.54ms
[5005.783s][info][gc,phases      ] GC(667)   Evacuate Collection Set: 154.87ms
[5005.783s][info][gc,phases      ] GC(667)   Post Evacuate Collection Set: 1.05ms
[5005.783s][info][gc,phases      ] GC(667)   Other: 0.06ms
[5005.783s][info][gc,heap        ] GC(667) Eden regions: 570->0(570)
[5005.783s][info][gc,heap        ] GC(667) Survivor regions: 44->44(77)
[5005.783s][info][gc,heap        ] GC(667) Old regions: 227->235
[5005.783s][info][gc,heap        ] GC(667) Humongous regions: 33->33
[5005.783s][info][gc,metaspace   ] GC(667) Metaspace: 30008K(30464K)->30008K(30464K) NonClass: 24595K(24832K)->24595K(24832K) Class: 5412K(5632K)->5412K(5632K)
[5005.783s][info][gc             ] GC(667) Pause Young (Normal) (G1 Evacuation Pause) 6967M->2468M(8192M) 156.914ms
[5005.783s][info][gc,cpu         ] GC(667) User=1.24s Sys=0.00s Real=0.15s
....[5010.180s][info][gc,start       ] GC(668) Pause Young (Normal) (G1 Evacuation Pause)
[5010.180s][info][gc,task        ] GC(668) Using 8 workers of 8 for evacuation
[5010.332s][info][gc,phases      ] GC(668)   Pre Evacuate Collection Set: 0.27ms
[5010.332s][info][gc,phases      ] GC(668)   Merge Heap Roots: 0.58ms
[5010.332s][info][gc,phases      ] GC(668)   Evacuate Collection Set: 150.24ms
[5010.332s][info][gc,phases      ] GC(668)   Post Evacuate Collection Set: 1.02ms
[5010.332s][info][gc,phases      ] GC(668)   Other: 0.06ms
[5010.332s][info][gc,heap        ] GC(668) Eden regions: 570->0(571)
[5010.332s][info][gc,heap        ] GC(668) Survivor regions: 44->43(77)
[5010.332s][info][gc,heap        ] GC(668) Old regions: 235->242
[5010.332s][info][gc,heap        ] GC(668) Humongous regions: 33->33
[5010.332s][info][gc,metaspace   ] GC(668) Metaspace: 30008K(30464K)->30008K(30464K) NonClass: 24595K(24832K)->24595K(24832K) Class: 5412K(5632K)->5412K(5632K)
[5010.332s][info][gc             ] GC(668) Pause Young (Normal) (G1 Evacuation Pause) 7028M->2523M(8192M) 152.309ms
[5010.332s][info][gc,cpu         ] GC(668) User=1.21s Sys=0.00s Real=0.15s
.....[5014.622s][info][gc,start       ] GC(669) Pause Young (Normal) (G1 Evacuation Pause)
[5014.622s][info][gc,task        ] GC(669) Using 8 workers of 8 for evacuation
[5014.774s][info][gc,phases      ] GC(669)   Pre Evacuate Collection Set: 0.26ms
[5014.774s][info][gc,phases      ] GC(669)   Merge Heap Roots: 0.57ms
[5014.774s][info][gc,phases      ] GC(669)   Evacuate Collection Set: 149.58ms
[5014.774s][info][gc,phases      ] GC(669)   Post Evacuate Collection Set: 1.05ms
[5014.774s][info][gc,phases      ] GC(669)   Other: 0.06ms
[5014.774s][info][gc,heap        ] GC(669) Eden regions: 571->0(571)
[5014.774s][info][gc,heap        ] GC(669) Survivor regions: 43->43(77)
[5014.774s][info][gc,heap        ] GC(669) Old regions: 242->249
[5014.774s][info][gc,heap        ] GC(669) Humongous regions: 33->33
[5014.774s][info][gc,metaspace   ] GC(669) Metaspace: 30008K(30464K)->30008K(30464K) NonClass: 24595K(24832K)->24595K(24832K) Class: 5412K(5632K)->5412K(5632K)
[5014.774s][info][gc             ] GC(669) Pause Young (Normal) (G1 Evacuation Pause) 7091M->2579M(8192M) 151.651ms
[5014.774s][info][gc,cpu         ] GC(669) User=1.20s Sys=0.00s Real=0.16s
....[5019.118s][info][gc,start       ] GC(670) Pause Young (Normal) (G1 Evacuation Pause)
[5019.119s][info][gc,task        ] GC(670) Using 8 workers of 8 for evacuation
[5019.272s][info][gc,phases      ] GC(670)   Pre Evacuate Collection Set: 0.25ms
[5019.272s][info][gc,phases      ] GC(670)   Merge Heap Roots: 0.55ms
[5019.272s][info][gc,phases      ] GC(670)   Evacuate Collection Set: 151.61ms
[5019.272s][info][gc,phases      ] GC(670)   Post Evacuate Collection Set: 1.07ms
[5019.272s][info][gc,phases      ] GC(670)   Other: 0.07ms
[5019.272s][info][gc,heap        ] GC(670) Eden regions: 571->0(571)
[5019.272s][info][gc,heap        ] GC(670) Survivor regions: 43->43(77)
[5019.272s][info][gc,heap        ] GC(670) Old regions: 249->256
[5019.272s][info][gc,heap        ] GC(670) Humongous regions: 33->33
[5019.272s][info][gc,metaspace   ] GC(670) Metaspace: 30008K(30464K)->30008K(30464K) NonClass: 24595K(24832K)->24595K(24832K) Class: 5412K(5632K)->5412K(5632K)
[5019.272s][info][gc             ] GC(670) Pause Young (Normal) (G1 Evacuation Pause) 7147M->2635M(8192M) 153.690ms
[5019.272s][info][gc,cpu         ] GC(670) User=1.21s Sys=0.00s Real=0.15s
.....[5023.660s][info][gc,start       ] GC(671) Pause Young (Normal) (G1 Evacuation Pause)
[5023.660s][info][gc,task        ] GC(671) Using 8 workers of 8 for evacuation
[5023.814s][info][gc,phases      ] GC(671)   Pre Evacuate Collection Set: 0.25ms
[5023.814s][info][gc,phases      ] GC(671)   Merge Heap Roots: 0.57ms
[5023.814s][info][gc,phases      ] GC(671)   Evacuate Collection Set: 151.25ms
[5023.814s][info][gc,phases      ] GC(671)   Post Evacuate Collection Set: 1.03ms
[5023.814s][info][gc,phases      ] GC(671)   Other: 0.06ms
[5023.814s][info][gc,heap        ] GC(671) Eden regions: 571->0(571)
[5023.814s][info][gc,heap        ] GC(671) Survivor regions: 43->43(77)
[5023.814s][info][gc,heap        ] GC(671) Old regions: 256->264
[5023.814s][info][gc,heap        ] GC(671) Humongous regions: 33->33
[5023.814s][info][gc,metaspace   ] GC(671) Metaspace: 30008K(30464K)->30008K(30464K) NonClass: 24595K(24832K)->24595K(24832K) Class: 5412K(5632K)->5412K(5632K)
[5023.814s][info][gc             ] GC(671) Pause Young (Normal) (G1 Evacuation Pause) 7203M->2693M(8192M) 153.313ms
[5023.814s][info][gc,cpu         ] GC(671) User=1.21s Sys=0.00s Real=0.16s
....[5028.155s][info][gc,start       ] GC(672) Pause Young (Normal) (G1 Evacuation Pause)
[5028.155s][info][gc,task        ] GC(672) Using 8 workers of 8 for evacuation
[5028.309s][info][gc,phases      ] GC(672)   Pre Evacuate Collection Set: 0.26ms
[5028.309s][info][gc,phases      ] GC(672)   Merge Heap Roots: 0.54ms
[5028.309s][info][gc,phases      ] GC(672)   Evacuate Collection Set: 152.12ms
[5028.309s][info][gc,phases      ] GC(672)   Post Evacuate Collection Set: 1.08ms
[5028.309s][info][gc,phases      ] GC(672)   Other: 0.06ms
[5028.309s][info][gc,heap        ] GC(672) Eden regions: 571->0(570)
[5028.309s][info][gc,heap        ] GC(672) Survivor regions: 43->44(77)
[5028.309s][info][gc,heap        ] GC(672) Old regions: 264->271
[5028.309s][info][gc,heap        ] GC(672) Humongous regions: 33->33
[5028.309s][info][gc,metaspace   ] GC(672) Metaspace: 30008K(30464K)->30008K(30464K) NonClass: 24595K(24832K)->24595K(24832K) Class: 5412K(5632K)->5412K(5632K)
[5028.309s][info][gc             ] GC(672) Pause Young (Normal) (G1 Evacuation Pause) 7261M->2754M(8192M) 154.187ms
[5028.309s][info][gc,cpu         ] GC(672) User=1.22s Sys=0.00s Real=0.15s
....[5032.485s][info][gc,start       ] GC(673) Pause Young (Normal) (G1 Evacuation Pause)
[5032.485s][info][gc,task        ] GC(673) Using 8 workers of 8 for evacuation
[5032.634s][info][gc,phases      ] GC(673)   Pre Evacuate Collection Set: 0.27ms
[5032.634s][info][gc,phases      ] GC(673)   Merge Heap Roots: 0.54ms
[5032.634s][info][gc,phases      ] GC(673)   Evacuate Collection Set: 146.99ms
[5032.634s][info][gc,phases      ] GC(673)   Post Evacuate Collection Set: 1.01ms
[5032.634s][info][gc,phases      ] GC(673)   Other: 0.08ms
[5032.634s][info][gc,heap        ] GC(673) Eden regions: 570->0(572)
[5032.634s][info][gc,heap        ] GC(673) Survivor regions: 44->42(77)
[5032.634s][info][gc,heap        ] GC(673) Old regions: 271->278
[5032.634s][info][gc,heap        ] GC(673) Humongous regions: 33->33
[5032.634s][info][gc,metaspace   ] GC(673) Metaspace: 30008K(30464K)->30008K(30464K) NonClass: 24595K(24832K)->24595K(24832K) Class: 5412K(5632K)->5412K(5632K)
[5032.634s][info][gc             ] GC(673) Pause Young (Normal) (G1 Evacuation Pause) 7314M->2800M(8192M) 149.029ms
[5032.634s][info][gc,cpu         ] GC(673) User=1.18s Sys=0.00s Real=0.15s
.....[5037.005s][info][gc,start       ] GC(674) Pause Young (Normal) (G1 Evacuation Pause)
[5037.005s][info][gc,task        ] GC(674) Using 8 workers of 8 for evacuation
[5037.159s][info][gc,phases      ] GC(674)   Pre Evacuate Collection Set: 0.30ms
[5037.159s][info][gc,phases      ] GC(674)   Merge Heap Roots: 0.72ms
[5037.159s][info][gc,phases      ] GC(674)   Evacuate Collection Set: 152.38ms
[5037.159s][info][gc,phases      ] GC(674)   Post Evacuate Collection Set: 1.03ms
[5037.159s][info][gc,phases      ] GC(674)   Other: 0.07ms
[5037.159s][info][gc,heap        ] GC(674) Eden regions: 572->0(568)
[5037.159s][info][gc,heap        ] GC(674) Survivor regions: 42->43(77)
[5037.159s][info][gc,heap        ] GC(674) Old regions: 278->285
[5037.159s][info][gc,heap        ] GC(674) Humongous regions: 33->33
[5037.159s][info][gc,metaspace   ] GC(674) Metaspace: 30008K(30464K)->30008K(30464K) NonClass: 24595K(24832K)->24595K(24832K) Class: 5412K(5632K)->5412K(5632K)
[5037.159s][info][gc             ] GC(674) Pause Young (Normal) (G1 Evacuation Pause) 7376M->2865M(8192M) 154.638ms
[5037.159s][info][gc,cpu         ] GC(674) User=1.23s Sys=0.00s Real=0.15s
....[5041.377s][info][gc,start       ] GC(675) Pause Young (Normal) (G1 Evacuation Pause)
[5041.377s][info][gc,task        ] GC(675) Using 8 workers of 8 for evacuation
[5041.525s][info][gc,phases      ] GC(675)   Pre Evacuate Collection Set: 0.25ms
[5041.525s][info][gc,phases      ] GC(675)   Merge Heap Roots: 0.53ms
[5041.525s][info][gc,phases      ] GC(675)   Evacuate Collection Set: 146.79ms
[5041.525s][info][gc,phases      ] GC(675)   Post Evacuate Collection Set: 1.03ms
[5041.525s][info][gc,phases      ] GC(675)   Other: 0.06ms
[5041.526s][info][gc,heap        ] GC(675) Eden regions: 568->0(563)
[5041.526s][info][gc,heap        ] GC(675) Survivor regions: 43->42(77)
[5041.526s][info][gc,heap        ] GC(675) Old regions: 285->292
[5041.526s][info][gc,heap        ] GC(675) Humongous regions: 33->33
[5041.526s][info][gc,metaspace   ] GC(675) Metaspace: 30008K(30464K)->30008K(30464K) NonClass: 24595K(24832K)->24595K(24832K) Class: 5412K(5632K)->5412K(5632K)
[5041.526s][info][gc             ] GC(675) Pause Young (Normal) (G1 Evacuation Pause) 7409M->2915M(8192M) 148.791ms
[5041.526s][info][gc,cpu         ] GC(675) User=1.18s Sys=0.00s Real=0.15s
.....[5045.790s][info][gc,start       ] GC(676) Pause Young (Normal) (G1 Evacuation Pause)
[5045.790s][info][gc,task        ] GC(676) Using 8 workers of 8 for evacuation
[5045.940s][info][gc,phases      ] GC(676)   Pre Evacuate Collection Set: 0.27ms
[5045.940s][info][gc,phases      ] GC(676)   Merge Heap Roots: 0.58ms
[5045.940s][info][gc,phases      ] GC(676)   Evacuate Collection Set: 148.41ms
[5045.940s][info][gc,phases      ] GC(676)   Post Evacuate Collection Set: 1.02ms
[5045.940s][info][gc,phases      ] GC(676)   Other: 0.06ms
[5045.940s][info][gc,heap        ] GC(676) Eden regions: 563->0(554)
[5045.940s][info][gc,heap        ] GC(676) Survivor regions: 42->43(76)
[5045.940s][info][gc,heap        ] GC(676) Old regions: 292->299
[5045.940s][info][gc,heap        ] GC(676) Humongous regions: 33->33
[5045.940s][info][gc,metaspace   ] GC(676) Metaspace: 30008K(30464K)->30008K(30464K) NonClass: 24595K(24832K)->24595K(24832K) Class: 5412K(5632K)->5412K(5632K)
[5045.940s][info][gc             ] GC(676) Pause Young (Normal) (G1 Evacuation Pause) 7419M->2979M(8192M) 150.476ms
[5045.940s][info][gc,cpu         ] GC(676) User=1.20s Sys=0.00s Real=0.15s
....[5050.197s][info][gc,start       ] GC(677) Pause Young (Normal) (G1 Evacuation Pause)
[5050.197s][info][gc,task        ] GC(677) Using 8 workers of 8 for evacuation
[5050.347s][info][gc,phases      ] GC(677)   Pre Evacuate Collection Set: 0.29ms
[5050.347s][info][gc,phases      ] GC(677)   Merge Heap Roots: 0.61ms
[5050.347s][info][gc,phases      ] GC(677)   Evacuate Collection Set: 147.78ms
[5050.347s][info][gc,phases      ] GC(677)   Post Evacuate Collection Set: 1.01ms
[5050.347s][info][gc,phases      ] GC(677)   Other: 0.07ms
[5050.347s][info][gc,heap        ] GC(677) Eden regions: 554->0(546)
[5050.347s][info][gc,heap        ] GC(677) Survivor regions: 43->43(75)
[5050.347s][info][gc,heap        ] GC(677) Old regions: 299->307
[5050.347s][info][gc,heap        ] GC(677) Humongous regions: 33->33
[5050.347s][info][gc,metaspace   ] GC(677) Metaspace: 30008K(30464K)->30008K(30464K) NonClass: 24595K(24832K)->24595K(24832K) Class: 5412K(5632K)->5412K(5632K)
[5050.347s][info][gc             ] GC(677) Pause Young (Normal) (G1 Evacuation Pause) 7411M->3035M(8192M) 149.892ms
[5050.347s][info][gc,cpu         ] GC(677) User=1.19s Sys=0.00s Real=0.15s
....[5054.447s][info][gc,start       ] GC(678) Pause Young (Concurrent Start) (G1 Evacuation Pause)
[5054.447s][info][gc,task        ] GC(678) Using 8 workers of 8 for evacuation
[5054.596s][info][gc,phases      ] GC(678)   Pre Evacuate Collection Set: 0.29ms
[5054.596s][info][gc,phases      ] GC(678)   Merge Heap Roots: 0.52ms
[5054.596s][info][gc,phases      ] GC(678)   Evacuate Collection Set: 146.56ms
[5054.596s][info][gc,phases      ] GC(678)   Post Evacuate Collection Set: 1.00ms
[5054.596s][info][gc,phases      ] GC(678)   Other: 0.10ms
[5054.596s][info][gc,heap        ] GC(678) Eden regions: 546->0(542)
[5054.596s][info][gc,heap        ] GC(678) Survivor regions: 43->41(74)
[5054.596s][info][gc,heap        ] GC(678) Old regions: 307->315
[5054.596s][info][gc,heap        ] GC(678) Humongous regions: 33->33
[5054.596s][info][gc,metaspace   ] GC(678) Metaspace: 30008K(30464K)->30008K(30464K) NonClass: 24595K(24832K)->24595K(24832K) Class: 5412K(5632K)->5412K(5632K)
[5054.596s][info][gc             ] GC(678) Pause Young (Concurrent Start) (G1 Evacuation Pause) 7403M->3080M(8192M) 148.612ms
[5054.596s][info][gc             ] GC(679) Concurrent Mark Cycle
[5054.596s][info][gc,marking     ] GC(679) Concurrent Scan Root Regions
[5054.596s][info][gc,cpu         ] GC(678) User=1.18s Sys=0.00s Real=0.15s
.[5054.892s][info][gc,marking     ] GC(679) Concurrent Scan Root Regions 296.446ms
[5054.892s][info][gc,marking     ] GC(679) Concurrent Mark
[5054.892s][info][gc,marking     ] GC(679) Concurrent Mark From Roots
[5054.892s][info][gc,task        ] GC(679) Using 2 workers of 2 for marking
.[5056.215s][info][gc,marking     ] GC(679) Concurrent Mark From Roots 1323.003ms
[5056.215s][info][gc,marking     ] GC(679) Concurrent Preclean
[5056.216s][info][gc,marking     ] GC(679) Concurrent Preclean 0.133ms
[5056.216s][info][gc,start       ] GC(679) Pause Remark
[5056.218s][info][gc             ] GC(679) Pause Remark 4896M->4400M(8192M) 1.909ms
[5056.218s][info][gc,cpu         ] GC(679) User=0.01s Sys=0.00s Real=0.00s
[5056.218s][info][gc,marking     ] GC(679) Concurrent Mark 1325.392ms
[5056.218s][info][gc,marking     ] GC(679) Concurrent Rebuild Remembered Sets and Scrub Regions
.[5056.741s][info][gc,marking     ] GC(679) Concurrent Rebuild Remembered Sets and Scrub Regions 523.359ms
[5056.741s][info][gc,start       ] GC(679) Pause Cleanup
[5056.742s][info][gc             ] GC(679) Pause Cleanup 4924M->4924M(8192M) 0.302ms
[5056.742s][info][gc,cpu         ] GC(679) User=0.00s Sys=0.00s Real=0.00s
[5056.742s][info][gc,marking     ] GC(679) Concurrent Clear Claimed Marks
[5056.742s][info][gc,marking     ] GC(679) Concurrent Clear Claimed Marks 0.049ms
[5056.742s][info][gc,marking     ] GC(679) Concurrent Cleanup for Next Mark
[5056.753s][info][gc,marking     ] GC(679) Concurrent Cleanup for Next Mark 11.350ms
[5056.753s][info][gc             ] GC(679) Concurrent Mark Cycle 2157.372ms
..[5058.699s][info][gc,start       ] GC(680) Pause Young (Prepare Mixed) (G1 Evacuation Pause)
[5058.699s][info][gc,task        ] GC(680) Using 8 workers of 8 for evacuation
[5058.848s][info][gc,phases      ] GC(680)   Pre Evacuate Collection Set: 0.24ms
[5058.848s][info][gc,phases      ] GC(680)   Merge Heap Roots: 0.71ms
[5058.848s][info][gc,phases      ] GC(680)   Evacuate Collection Set: 147.21ms
[5058.848s][info][gc,phases      ] GC(680)   Post Evacuate Collection Set: 1.08ms
[5058.848s][info][gc,phases      ] GC(680)   Other: 0.07ms
[5058.848s][info][gc,heap        ] GC(680) Eden regions: 542->0(572)
[5058.848s][info][gc,heap        ] GC(680) Survivor regions: 41->42(73)
[5058.848s][info][gc,heap        ] GC(680) Old regions: 253->260
[5058.848s][info][gc,heap        ] GC(680) Humongous regions: 33->33
[5058.848s][info][gc,metaspace   ] GC(680) Metaspace: 30008K(30464K)->30008K(30464K) NonClass: 24595K(24832K)->24595K(24832K) Class: 5412K(5632K)->5412K(5632K)
[5058.848s][info][gc             ] GC(680) Pause Young (Prepare Mixed) (G1 Evacuation Pause) 6920M->2654M(8192M) 149.443ms
[5058.848s][info][gc,cpu         ] GC(680) User=1.18s Sys=0.00s Real=0.15s
....[5063.153s][info][gc,start       ] GC(681) Pause Young (Mixed) (G1 Evacuation Pause)
[5063.153s][info][gc,task        ] GC(681) Using 8 workers of 8 for evacuation
[5063.309s][info][gc,phases      ] GC(681)   Pre Evacuate Collection Set: 0.29ms
[5063.309s][info][gc,phases      ] GC(681)   Merge Heap Roots: 0.79ms
[5063.309s][info][gc,phases      ] GC(681)   Evacuate Collection Set: 154.25ms
[5063.309s][info][gc,phases      ] GC(681)   Post Evacuate Collection Set: 1.24ms
[5063.309s][info][gc,phases      ] GC(681)   Other: 0.09ms
[5063.309s][info][gc,heap        ] GC(681) Eden regions: 572->0(572)
[5063.310s][info][gc,heap        ] GC(681) Survivor regions: 42->42(77)
[5063.310s][info][gc,heap        ] GC(681) Old regions: 260->165
[5063.310s][info][gc,heap        ] GC(681) Humongous regions: 33->33
[5063.310s][info][gc,metaspace   ] GC(681) Metaspace: 30008K(30464K)->30008K(30464K) NonClass: 24595K(24832K)->24595K(24832K) Class: 5412K(5632K)->5412K(5632K)
[5063.310s][info][gc             ] GC(681) Pause Young (Mixed) (G1 Evacuation Pause) 7230M->1895M(8192M) 156.778ms
[5063.310s][info][gc,cpu         ] GC(681) User=1.24s Sys=0.00s Real=0.16s
.. (rIR:aIR:PR = 8579:8536:8536) (tPR = 127697) [OK] 
  5064s: Performance info:
         Transaction,    Success,    Partial,     Failed,   Receipts, AvgBarcode, 
             Overall,     513636,          0,          0,     487784,      59.47, 
         Response times:
             Request,    Success,    Partial,     Failed,   SkipFail,     Probes,    Samples,      min,      p50,      p90,      p95,      p99,      max, 
       TotalPurchase,     487784,          0,          0,          0,     359775,     508812,      300,     6000,    16900,    55000,   113000,   560000,
     InStorePurchase,     255277,          0,          0,          0,     189416,     267511,      300,     5800,    17100,    56000,   114000,   560000,
      OnlinePurchase,     181589,          0,          0,          0,     132077,     186721,      300,     6100,    16600,    53000,   111000,   559000,
        InstPurchase,      50918,          0,          0,          0,      38282,      54580,      400,     6100,    16800,    58000,   113000,   546000,
          AssocOfCat,        512,          0,          0,          0,        408,        677,    27000,    47000,    73000,   111100,   191000,   204000,
      AssocOfProduct,       5183,          0,          0,          0,       3717,       5563,      600,     5300,    15100,    57000,   114000,   520000,
      BusinessReport,       1289,          0,          0,          0,       1154,       1796,    29000,    53000,    90000,   123000,   202060,   289000,
          CustBuyBeh,       5181,          0,          0,          0,       3689,       5465,      300,     6900,    17600,    50000,   106340,   398000,
       ProductReturn,      13688,          0,          0,          0,       9577,      13900,      200,     6100,    17200,    53000,   114000,   546000,

  5064s: (63%)   IR =   8717 ..[5067.525s][info][gc,start       ] GC(682) Pause Young (Mixed) (G1 Evacuation Pause)
[5067.525s][info][gc,task        ] GC(682) Using 8 workers of 8 for evacuation
[5067.684s][info][gc,phases      ] GC(682)   Pre Evacuate Collection Set: 0.31ms
[5067.684s][info][gc,phases      ] GC(682)   Merge Heap Roots: 1.04ms
[5067.684s][info][gc,phases      ] GC(682)   Evacuate Collection Set: 156.54ms
[5067.684s][info][gc,phases      ] GC(682)   Post Evacuate Collection Set: 1.06ms
[5067.684s][info][gc,phases      ] GC(682)   Other: 0.08ms
[5067.684s][info][gc,heap        ] GC(682) Eden regions: 572->0(572)
[5067.684s][info][gc,heap        ] GC(682) Survivor regions: 42->42(77)
[5067.684s][info][gc,heap        ] GC(682) Old regions: 165->143
[5067.684s][info][gc,heap        ] GC(682) Humongous regions: 33->33
[5067.684s][info][gc,metaspace   ] GC(682) Metaspace: 30008K(30464K)->30008K(30464K) NonClass: 24595K(24832K)->24595K(24832K) Class: 5412K(5632K)->5412K(5632K)
[5067.684s][info][gc             ] GC(682) Pause Young (Mixed) (G1 Evacuation Pause) 6471M->1716M(8192M) 159.165ms
[5067.684s][info][gc,cpu         ] GC(682) User=1.26s Sys=0.00s Real=0.16s
.....|[5071.973s][info][gc,start       ] GC(683) Pause Young (Normal) (G1 Evacuation Pause)
[5071.973s][info][gc,task        ] GC(683) Using 8 workers of 8 for evacuation
[5072.131s][info][gc,phases      ] GC(683)   Pre Evacuate Collection Set: 0.24ms
[5072.131s][info][gc,phases      ] GC(683)   Merge Heap Roots: 0.51ms
[5072.131s][info][gc,phases      ] GC(683)   Evacuate Collection Set: 155.42ms
[5072.131s][info][gc,phases      ] GC(683)   Post Evacuate Collection Set: 1.07ms
[5072.131s][info][gc,phases      ] GC(683)   Other: 0.07ms
[5072.131s][info][gc,heap        ] GC(683) Eden regions: 572->0(570)
[5072.131s][info][gc,heap        ] GC(683) Survivor regions: 42->44(77)
[5072.131s][info][gc,heap        ] GC(683) Old regions: 143->149
[5072.131s][info][gc,heap        ] GC(683) Humongous regions: 33->33
[5072.131s][info][gc,metaspace   ] GC(683) Metaspace: 30008K(30464K)->30008K(30464K) NonClass: 24595K(24832K)->24595K(24832K) Class: 5412K(5632K)->5412K(5632K)
[5072.131s][info][gc             ] GC(683) Pause Young (Normal) (G1 Evacuation Pause) 6292M->1787M(8192M) 157.439ms
[5072.131s][info][gc,cpu         ] GC(683) User=1.25s Sys=0.00s Real=0.16s
....[5076.356s][info][gc,start       ] GC(684) Pause Young (Normal) (G1 Evacuation Pause)
[5076.356s][info][gc,task        ] GC(684) Using 8 workers of 8 for evacuation
[5076.504s][info][gc,phases      ] GC(684)   Pre Evacuate Collection Set: 0.26ms
[5076.504s][info][gc,phases      ] GC(684)   Merge Heap Roots: 0.53ms
[5076.504s][info][gc,phases      ] GC(684)   Evacuate Collection Set: 145.98ms
[5076.504s][info][gc,phases      ] GC(684)   Post Evacuate Collection Set: 1.03ms
[5076.504s][info][gc,phases      ] GC(684)   Other: 0.06ms
[5076.504s][info][gc,heap        ] GC(684) Eden regions: 570->0(572)
[5076.504s][info][gc,heap        ] GC(684) Survivor regions: 44->42(77)
[5076.504s][info][gc,heap        ] GC(684) Old regions: 149->156
[5076.504s][info][gc,heap        ] GC(684) Humongous regions: 33->33
[5076.504s][info][gc,metaspace   ] GC(684) Metaspace: 30008K(30464K)->30008K(30464K) NonClass: 24595K(24832K)->24595K(24832K) Class: 5412K(5632K)->5412K(5632K)
[5076.504s][info][gc             ] GC(684) Pause Young (Normal) (G1 Evacuation Pause) 6347M->1827M(8192M) 147.980ms
[5076.504s][info][gc,cpu         ] GC(684) User=1.18s Sys=0.00s Real=0.15s
....[5080.748s][info][gc,start       ] GC(685) Pause Young (Normal) (G1 Evacuation Pause)
[5080.748s][info][gc,task        ] GC(685) Using 8 workers of 8 for evacuation
[5080.900s][info][gc,phases      ] GC(685)   Pre Evacuate Collection Set: 0.26ms
[5080.900s][info][gc,phases      ] GC(685)   Merge Heap Roots: 0.56ms
[5080.900s][info][gc,phases      ] GC(685)   Evacuate Collection Set: 150.25ms
[5080.900s][info][gc,phases      ] GC(685)   Post Evacuate Collection Set: 1.04ms
[5080.900s][info][gc,phases      ] GC(685)   Other: 0.06ms
[5080.900s][info][gc,heap        ] GC(685) Eden regions: 572->0(571)
[5080.900s][info][gc,heap        ] GC(685) Survivor regions: 42->43(77)
[5080.900s][info][gc,heap        ] GC(685) Old regions: 156->163
[5080.900s][info][gc,heap        ] GC(685) Humongous regions: 33->33
[5080.901s][info][gc,metaspace   ] GC(685) Metaspace: 30008K(30464K)->30008K(30464K) NonClass: 24595K(24832K)->24595K(24832K) Class: 5412K(5632K)->5412K(5632K)
[5080.901s][info][gc             ] GC(685) Pause Young (Normal) (G1 Evacuation Pause) 6403M->1891M(8192M) 152.311ms
[5080.901s][info][gc,cpu         ] GC(685) User=1.21s Sys=0.00s Real=0.15s
.....[5085.144s][info][gc,start       ] GC(686) Pause Young (Normal) (G1 Evacuation Pause)
[5085.144s][info][gc,task        ] GC(686) Using 8 workers of 8 for evacuation
[5085.301s][info][gc,phases      ] GC(686)   Pre Evacuate Collection Set: 0.26ms
[5085.301s][info][gc,phases      ] GC(686)   Merge Heap Roots: 0.58ms
[5085.301s][info][gc,phases      ] GC(686)   Evacuate Collection Set: 155.31ms
[5085.301s][info][gc,phases      ] GC(686)   Post Evacuate Collection Set: 1.02ms
[5085.301s][info][gc,phases      ] GC(686)   Other: 0.06ms
[5085.301s][info][gc,heap        ] GC(686) Eden regions: 571->0(570)
[5085.301s][info][gc,heap        ] GC(686) Survivor regions: 43->44(77)
[5085.301s][info][gc,heap        ] GC(686) Old regions: 163->171
[5085.301s][info][gc,heap        ] GC(686) Humongous regions: 33->33
[5085.301s][info][gc,metaspace   ] GC(686) Metaspace: 30008K(30464K)->30008K(30464K) NonClass: 24595K(24832K)->24595K(24832K) Class: 5412K(5632K)->5412K(5632K)
[5085.302s][info][gc             ] GC(686) Pause Young (Normal) (G1 Evacuation Pause) 6459M->1956M(8192M) 157.390ms
[5085.302s][info][gc,cpu         ] GC(686) User=1.25s Sys=0.00s Real=0.15s
....[5089.545s][info][gc,start       ] GC(687) Pause Young (Normal) (G1 Evacuation Pause)
[5089.545s][info][gc,task        ] GC(687) Using 8 workers of 8 for evacuation
[5089.696s][info][gc,phases      ] GC(687)   Pre Evacuate Collection Set: 0.26ms
[5089.696s][info][gc,phases      ] GC(687)   Merge Heap Roots: 0.53ms
[5089.696s][info][gc,phases      ] GC(687)   Evacuate Collection Set: 149.28ms
[5089.696s][info][gc,phases      ] GC(687)   Post Evacuate Collection Set: 1.03ms
[5089.696s][info][gc,phases      ] GC(687)   Other: 0.06ms
[5089.696s][info][gc,heap        ] GC(687) Eden regions: 570->0(571)
[5089.696s][info][gc,heap        ] GC(687) Survivor regions: 44->43(77)
[5089.696s][info][gc,heap        ] GC(687) Old regions: 171->178
[5089.696s][info][gc,heap        ] GC(687) Humongous regions: 33->33
[5089.696s][info][gc,metaspace   ] GC(687) Metaspace: 30008K(30464K)->30008K(30464K) NonClass: 24595K(24832K)->24595K(24832K) Class: 5412K(5632K)->5412K(5632K)
[5089.696s][info][gc             ] GC(687) Pause Young (Normal) (G1 Evacuation Pause) 6516M->2004M(8192M) 151.288ms
[5089.696s][info][gc,cpu         ] GC(687) User=1.19s Sys=0.00s Real=0.15s
....[5093.797s][info][gc,start       ] GC(688) Pause Young (Normal) (G1 Evacuation Pause)
[5093.797s][info][gc,task        ] GC(688) Using 8 workers of 8 for evacuation
[5093.954s][info][gc,phases      ] GC(688)   Pre Evacuate Collection Set: 0.24ms
[5093.954s][info][gc,phases      ] GC(688)   Merge Heap Roots: 0.56ms
[5093.954s][info][gc,phases      ] GC(688)   Evacuate Collection Set: 155.08ms
[5093.954s][info][gc,phases      ] GC(688)   Post Evacuate Collection Set: 1.05ms
[5093.954s][info][gc,phases      ] GC(688)   Other: 0.06ms
[5093.954s][info][gc,heap        ] GC(688) Eden regions: 571->0(571)
[5093.954s][info][gc,heap        ] GC(688) Survivor regions: 43->43(77)
[5093.954s][info][gc,heap        ] GC(688) Old regions: 178->185
[5093.954s][info][gc,heap        ] GC(688) Humongous regions: 33->33
[5093.954s][info][gc,metaspace   ] GC(688) Metaspace: 30008K(30464K)->30008K(30464K) NonClass: 24595K(24832K)->24595K(24832K) Class: 5412K(5632K)->5412K(5632K)
[5093.954s][info][gc             ] GC(688) Pause Young (Normal) (G1 Evacuation Pause) 6572M->2063M(8192M) 157.117ms
[5093.954s][info][gc,cpu         ] GC(688) User=1.25s Sys=0.00s Real=0.16s
.....[5098.281s][info][gc,start       ] GC(689) Pause Young (Normal) (G1 Evacuation Pause)
[5098.281s][info][gc,task        ] GC(689) Using 8 workers of 8 for evacuation
[5098.434s][info][gc,phases      ] GC(689)   Pre Evacuate Collection Set: 0.25ms
[5098.434s][info][gc,phases      ] GC(689)   Merge Heap Roots: 0.52ms
[5098.434s][info][gc,phases      ] GC(689)   Evacuate Collection Set: 150.41ms
[5098.434s][info][gc,phases      ] GC(689)   Post Evacuate Collection Set: 1.04ms
[5098.434s][info][gc,phases      ] GC(689)   Other: 0.06ms
[5098.434s][info][gc,heap        ] GC(689) Eden regions: 571->0(570)
[5098.434s][info][gc,heap        ] GC(689) Survivor regions: 43->44(77)
[5098.434s][info][gc,heap        ] GC(689) Old regions: 185->192
[5098.434s][info][gc,heap        ] GC(689) Humongous regions: 33->33
[5098.434s][info][gc,metaspace   ] GC(689) Metaspace: 30008K(30464K)->30008K(30464K) NonClass: 24595K(24832K)->24595K(24832K) Class: 5412K(5632K)->5412K(5632K)
[5098.434s][info][gc             ] GC(689) Pause Young (Normal) (G1 Evacuation Pause) 6631M->2123M(8192M) 152.430ms
[5098.434s][info][gc,cpu         ] GC(689) User=1.21s Sys=0.00s Real=0.16s
....[5102.657s][info][gc,start       ] GC(690) Pause Young (Normal) (G1 Evacuation Pause)
[5102.657s][info][gc,task        ] GC(690) Using 8 workers of 8 for evacuation
[5102.807s][info][gc,phases      ] GC(690)   Pre Evacuate Collection Set: 0.27ms
[5102.807s][info][gc,phases      ] GC(690)   Merge Heap Roots: 0.52ms
[5102.807s][info][gc,phases      ] GC(690)   Evacuate Collection Set: 147.47ms
[5102.807s][info][gc,phases      ] GC(690)   Post Evacuate Collection Set: 1.05ms
[5102.807s][info][gc,phases      ] GC(690)   Other: 0.08ms
[5102.807s][info][gc,heap        ] GC(690) Eden regions: 570->0(571)
[5102.807s][info][gc,heap        ] GC(690) Survivor regions: 44->43(77)
[5102.807s][info][gc,heap        ] GC(690) Old regions: 192->199
[5102.807s][info][gc,heap        ] GC(690) Humongous regions: 33->33
[5102.807s][info][gc,metaspace   ] GC(690) Metaspace: 30008K(30464K)->30008K(30464K) NonClass: 24595K(24832K)->24595K(24832K) Class: 5412K(5632K)->5412K(5632K)
[5102.807s][info][gc             ] GC(690) Pause Young (Normal) (G1 Evacuation Pause) 6683M->2176M(8192M) 149.527ms
[5102.807s][info][gc,cpu         ] GC(690) User=1.18s Sys=0.00s Real=0.15s
.....[5106.981s][info][gc,start       ] GC(691) Pause Young (Normal) (G1 Evacuation Pause)
[5106.981s][info][gc,task        ] GC(691) Using 8 workers of 8 for evacuation
[5107.136s][info][gc,phases      ] GC(691)   Pre Evacuate Collection Set: 0.25ms
[5107.136s][info][gc,phases      ] GC(691)   Merge Heap Roots: 0.54ms
[5107.136s][info][gc,phases      ] GC(691)   Evacuate Collection Set: 153.18ms
[5107.136s][info][gc,phases      ] GC(691)   Post Evacuate Collection Set: 1.01ms
[5107.136s][info][gc,phases      ] GC(691)   Other: 0.06ms
[5107.136s][info][gc,heap        ] GC(691) Eden regions: 571->0(571)
[5107.136s][info][gc,heap        ] GC(691) Survivor regions: 43->43(77)
[5107.136s][info][gc,heap        ] GC(691) Old regions: 199->207
[5107.136s][info][gc,heap        ] GC(691) Humongous regions: 33->33
[5107.136s][info][gc,metaspace   ] GC(691) Metaspace: 30008K(30464K)->30008K(30464K) NonClass: 24595K(24832K)->24595K(24832K) Class: 5412K(5632K)->5412K(5632K)
[5107.136s][info][gc             ] GC(691) Pause Young (Normal) (G1 Evacuation Pause) 6744M->2236M(8192M) 155.162ms
[5107.136s][info][gc,cpu         ] GC(691) User=1.23s Sys=0.00s Real=0.16s
....[5111.355s][info][gc,start       ] GC(692) Pause Young (Normal) (G1 Evacuation Pause)
[5111.355s][info][gc,task        ] GC(692) Using 8 workers of 8 for evacuation
[5111.506s][info][gc,phases      ] GC(692)   Pre Evacuate Collection Set: 0.25ms
[5111.506s][info][gc,phases      ] GC(692)   Merge Heap Roots: 0.63ms
[5111.506s][info][gc,phases      ] GC(692)   Evacuate Collection Set: 149.28ms
[5111.506s][info][gc,phases      ] GC(692)   Post Evacuate Collection Set: 1.02ms
[5111.506s][info][gc,phases      ] GC(692)   Other: 0.06ms
[5111.506s][info][gc,heap        ] GC(692) Eden regions: 571->0(571)
[5111.506s][info][gc,heap        ] GC(692) Survivor regions: 43->43(77)
[5111.506s][info][gc,heap        ] GC(692) Old regions: 207->214
[5111.506s][info][gc,heap        ] GC(692) Humongous regions: 33->33
[5111.506s][info][gc,metaspace   ] GC(692) Metaspace: 30008K(30464K)->30008K(30464K) NonClass: 24595K(24832K)->24595K(24832K) Class: 5412K(5632K)->5412K(5632K)
[5111.506s][info][gc             ] GC(692) Pause Young (Normal) (G1 Evacuation Pause) 6804M->2288M(8192M) 151.391ms
[5111.506s][info][gc,cpu         ] GC(692) User=1.20s Sys=0.00s Real=0.15s
....[5115.604s][info][gc,start       ] GC(693) Pause Young (Normal) (G1 Evacuation Pause)
[5115.604s][info][gc,task        ] GC(693) Using 8 workers of 8 for evacuation
[5115.757s][info][gc,phases      ] GC(693)   Pre Evacuate Collection Set: 0.24ms
[5115.757s][info][gc,phases      ] GC(693)   Merge Heap Roots: 0.59ms
[5115.757s][info][gc,phases      ] GC(693)   Evacuate Collection Set: 151.22ms
[5115.757s][info][gc,phases      ] GC(693)   Post Evacuate Collection Set: 1.05ms
[5115.757s][info][gc,phases      ] GC(693)   Other: 0.06ms
[5115.757s][info][gc,heap        ] GC(693) Eden regions: 571->0(571)
[5115.757s][info][gc,heap        ] GC(693) Survivor regions: 43->43(77)
[5115.757s][info][gc,heap        ] GC(693) Old regions: 214->221
[5115.757s][info][gc,heap        ] GC(693) Humongous regions: 33->33
[5115.757s][info][gc,metaspace   ] GC(693) Metaspace: 30008K(30464K)->30008K(30464K) NonClass: 24595K(24832K)->24595K(24832K) Class: 5412K(5632K)->5412K(5632K)
[5115.757s][info][gc             ] GC(693) Pause Young (Normal) (G1 Evacuation Pause) 6856M->2344M(8192M) 153.295ms
[5115.757s][info][gc,cpu         ] GC(693) User=1.22s Sys=0.00s Real=0.15s
....[5119.934s][info][gc,start       ] GC(694) Pause Young (Normal) (G1 Evacuation Pause)
[5119.934s][info][gc,task        ] GC(694) Using 8 workers of 8 for evacuation
[5120.088s][info][gc,phases      ] GC(694)   Pre Evacuate Collection Set: 0.27ms
[5120.088s][info][gc,phases      ] GC(694)   Merge Heap Roots: 0.63ms
[5120.088s][info][gc,phases      ] GC(694)   Evacuate Collection Set: 152.13ms
[5120.088s][info][gc,phases      ] GC(694)   Post Evacuate Collection Set: 1.11ms
[5120.088s][info][gc,phases      ] GC(694)   Other: 0.06ms
[5120.088s][info][gc,heap        ] GC(694) Eden regions: 571->0(570)
[5120.088s][info][gc,heap        ] GC(694) Survivor regions: 43->44(77)
[5120.088s][info][gc,heap        ] GC(694) Old regions: 221->228
[5120.088s][info][gc,heap        ] GC(694) Humongous regions: 33->33
[5120.088s][info][gc,metaspace   ] GC(694) Metaspace: 30008K(30464K)->30008K(30464K) NonClass: 24595K(24832K)->24595K(24832K) Class: 5412K(5632K)->5412K(5632K)
[5120.088s][info][gc             ] GC(694) Pause Young (Normal) (G1 Evacuation Pause) 6912M->2411M(8192M) 154.334ms
[5120.088s][info][gc,cpu         ] GC(694) User=1.22s Sys=0.00s Real=0.15s
.....[5124.208s][info][gc,start       ] GC(695) Pause Young (Normal) (G1 Evacuation Pause)
[5124.208s][info][gc,task        ] GC(695) Using 8 workers of 8 for evacuation
[5124.359s][info][gc,phases      ] GC(695)   Pre Evacuate Collection Set: 0.25ms
[5124.359s][info][gc,phases      ] GC(695)   Merge Heap Roots: 0.53ms
[5124.359s][info][gc,phases      ] GC(695)   Evacuate Collection Set: 149.93ms
[5124.359s][info][gc,phases      ] GC(695)   Post Evacuate Collection Set: 1.07ms
[5124.359s][info][gc,phases      ] GC(695)   Other: 0.07ms
[5124.359s][info][gc,heap        ] GC(695) Eden regions: 570->0(570)
[5124.359s][info][gc,heap        ] GC(695) Survivor regions: 44->44(77)
[5124.359s][info][gc,heap        ] GC(695) Old regions: 228->235
[5124.359s][info][gc,heap        ] GC(695) Humongous regions: 33->33
[5124.360s][info][gc,metaspace   ] GC(695) Metaspace: 30008K(30464K)->30008K(30464K) NonClass: 24595K(24832K)->24595K(24832K) Class: 5412K(5632K)->5412K(5632K)
[5124.360s][info][gc             ] GC(695) Pause Young (Normal) (G1 Evacuation Pause) 6971M->2465M(8192M) 151.979ms
[5124.360s][info][gc,cpu         ] GC(695) User=1.20s Sys=0.00s Real=0.15s
....[5128.593s][info][gc,start       ] GC(696) Pause Young (Normal) (G1 Evacuation Pause)
[5128.593s][info][gc,task        ] GC(696) Using 8 workers of 8 for evacuation
[5128.750s][info][gc,phases      ] GC(696)   Pre Evacuate Collection Set: 0.25ms
[5128.750s][info][gc,phases      ] GC(696)   Merge Heap Roots: 0.54ms
[5128.750s][info][gc,phases      ] GC(696)   Evacuate Collection Set: 154.83ms
[5128.750s][info][gc,phases      ] GC(696)   Post Evacuate Collection Set: 1.09ms
[5128.750s][info][gc,phases      ] GC(696)   Other: 0.06ms
[5128.750s][info][gc,heap        ] GC(696) Eden regions: 570->0(570)
[5128.750s][info][gc,heap        ] GC(696) Survivor regions: 44->44(77)
[5128.750s][info][gc,heap        ] GC(696) Old regions: 235->242
[5128.750s][info][gc,heap        ] GC(696) Humongous regions: 33->33
[5128.750s][info][gc,metaspace   ] GC(696) Metaspace: 30008K(30464K)->30008K(30464K) NonClass: 24595K(24832K)->24595K(24832K) Class: 5412K(5632K)->5412K(5632K)
[5128.750s][info][gc             ] GC(696) Pause Young (Normal) (G1 Evacuation Pause) 7025M->2521M(8192M) 156.912ms
[5128.750s][info][gc,cpu         ] GC(696) User=1.25s Sys=0.00s Real=0.16s
....[5132.874s][info][gc,start       ] GC(697) Pause Young (Normal) (G1 Evacuation Pause)
[5132.874s][info][gc,task        ] GC(697) Using 8 workers of 8 for evacuation
[5133.024s][info][gc,phases      ] GC(697)   Pre Evacuate Collection Set: 0.24ms
[5133.024s][info][gc,phases      ] GC(697)   Merge Heap Roots: 0.53ms
[5133.024s][info][gc,phases      ] GC(697)   Evacuate Collection Set: 147.89ms
[5133.024s][info][gc,phases      ] GC(697)   Post Evacuate Collection Set: 1.04ms
[5133.024s][info][gc,phases      ] GC(697)   Other: 0.06ms
[5133.024s][info][gc,heap        ] GC(697) Eden regions: 570->0(571)
[5133.024s][info][gc,heap        ] GC(697) Survivor regions: 44->43(77)
[5133.024s][info][gc,heap        ] GC(697) Old regions: 242->249
[5133.024s][info][gc,heap        ] GC(697) Humongous regions: 33->33
[5133.024s][info][gc,metaspace   ] GC(697) Metaspace: 30008K(30464K)->30008K(30464K) NonClass: 24595K(24832K)->24595K(24832K) Class: 5412K(5632K)->5412K(5632K)
[5133.024s][info][gc             ] GC(697) Pause Young (Normal) (G1 Evacuation Pause) 7081M->2573M(8192M) 149.909ms
[5133.024s][info][gc,cpu         ] GC(697) User=1.18s Sys=0.00s Real=0.15s
. (rIR:aIR:PR = 8717:8795:8791) (tPR = 129727) [OK] 
  5133s: Performance info:
         Transaction,    Success,    Partial,     Failed,   Receipts, AvgBarcode, 
             Overall,     539024,          0,          0,     512290,      59.48, 
         Response times:
             Request,    Success,    Partial,     Failed,   SkipFail,     Probes,    Samples,      min,      p50,      p90,      p95,      p99,      max, 
       TotalPurchase,     512478,          0,          0,          0,     364937,     410979,      300,     5900,    14500,    37000,   104000,   437000,
     InStorePurchase,     271315,          0,          0,          0,     192328,     216393,      300,     5900,    14400,    35000,   105000,   436000,
      OnlinePurchase,     187513,          0,          0,          0,     134134,     150949,      300,     5900,    14500,    41000,   102000,   437000,
        InstPurchase,      53650,          0,          0,          0,      38475,      43637,      400,     6000,    14600,    33000,    99000,   417000,
          AssocOfCat,        534,          0,          0,          0,        432,        581,    29000,    50000,    79000,   114700,   208180,   246000,
      AssocOfProduct,       5347,          0,          0,          0,       3846,       4497,      700,     6200,    15700,    41000,    98060,   414000,
      BusinessReport,       1333,          0,          0,          0,       1173,       1453,    31000,    52000,    76000,    88000,   197980,   242000,
          CustBuyBeh,       5310,          0,          0,          0,       3880,       4609,      200,     5800,    14500,    42000,    97900,   228000,
       ProductReturn,      14227,          0,          0,          0,       9962,      11465,      200,     5400,    14100,    33000,    89340,   414000,

  5133s: (64%)   IR =   8856 ...[5137.205s][info][gc,start       ] GC(698) Pause Young (Normal) (G1 Evacuation Pause)
[5137.205s][info][gc,task        ] GC(698) Using 8 workers of 8 for evacuation
[5137.363s][info][gc,phases      ] GC(698)   Pre Evacuate Collection Set: 0.28ms
[5137.363s][info][gc,phases      ] GC(698)   Merge Heap Roots: 0.58ms
[5137.363s][info][gc,phases      ] GC(698)   Evacuate Collection Set: 155.29ms
[5137.363s][info][gc,phases      ] GC(698)   Post Evacuate Collection Set: 1.08ms
[5137.363s][info][gc,phases      ] GC(698)   Other: 0.06ms
[5137.363s][info][gc,heap        ] GC(698) Eden regions: 571->0(570)
[5137.363s][info][gc,heap        ] GC(698) Survivor regions: 43->44(77)
[5137.363s][info][gc,heap        ] GC(698) Old regions: 249->256
[5137.363s][info][gc,heap        ] GC(698) Humongous regions: 33->33
[5137.363s][info][gc,metaspace   ] GC(698) Metaspace: 30008K(30464K)->30008K(30464K) NonClass: 24595K(24832K)->24595K(24832K) Class: 5412K(5632K)->5412K(5632K)
[5137.363s][info][gc             ] GC(698) Pause Young (Normal) (G1 Evacuation Pause) 7141M->2639M(8192M) 157.420ms
[5137.363s][info][gc,cpu         ] GC(698) User=1.24s Sys=0.00s Real=0.15s
.....[5141.439s][info][gc,start       ] GC(699) Pause Young (Normal) (G1 Evacuation Pause)
[5141.439s][info][gc,task        ] GC(699) Using 8 workers of 8 for evacuation
[5141.587s][info][gc,phases      ] GC(699)   Pre Evacuate Collection Set: 0.29ms
[5141.587s][info][gc,phases      ] GC(699)   Merge Heap Roots: 0.55ms
[5141.587s][info][gc,phases      ] GC(699)   Evacuate Collection Set: 146.05ms
[5141.587s][info][gc,phases      ] GC(699)   Post Evacuate Collection Set: 1.09ms
[5141.587s][info][gc,phases      ] GC(699)   Other: 0.07ms
[5141.587s][info][gc,heap        ] GC(699) Eden regions: 570->0(572)
[5141.587s][info][gc,heap        ] GC(699) Survivor regions: 44->42(77)
[5141.587s][info][gc,heap        ] GC(699) Old regions: 256->263
[5141.587s][info][gc,heap        ] GC(699) Humongous regions: 33->33
[5141.587s][info][gc,metaspace   ] GC(699) Metaspace: 30008K(30464K)->30008K(30464K) NonClass: 24595K(24832K)->24595K(24832K) Class: 5412K(5632K)->5412K(5632K)
[5141.587s][info][gc             ] GC(699) Pause Young (Normal) (G1 Evacuation Pause) 7199M->2680M(8192M) 148.189ms
[5141.588s][info][gc,cpu         ] GC(699) User=1.17s Sys=0.00s Real=0.15s
...|.[5145.803s][info][gc,start       ] GC(700) Pause Young (Normal) (G1 Evacuation Pause)
[5145.803s][info][gc,task        ] GC(700) Using 8 workers of 8 for evacuation
[5145.960s][info][gc,phases      ] GC(700)   Pre Evacuate Collection Set: 0.25ms
[5145.960s][info][gc,phases      ] GC(700)   Merge Heap Roots: 0.59ms
[5145.960s][info][gc,phases      ] GC(700)   Evacuate Collection Set: 154.51ms
[5145.960s][info][gc,phases      ] GC(700)   Post Evacuate Collection Set: 1.04ms
[5145.960s][info][gc,phases      ] GC(700)   Other: 0.07ms
[5145.960s][info][gc,heap        ] GC(700) Eden regions: 572->0(570)
[5145.960s][info][gc,heap        ] GC(700) Survivor regions: 42->44(77)
[5145.960s][info][gc,heap        ] GC(700) Old regions: 263->270
[5145.960s][info][gc,heap        ] GC(700) Humongous regions: 33->33
[5145.960s][info][gc,metaspace   ] GC(700) Metaspace: 30008K(30464K)->30008K(30464K) NonClass: 24595K(24832K)->24595K(24832K) Class: 5412K(5632K)->5412K(5632K)
[5145.960s][info][gc             ] GC(700) Pause Young (Normal) (G1 Evacuation Pause) 7256M->2751M(8192M) 156.598ms
[5145.960s][info][gc,cpu         ] GC(700) User=1.24s Sys=0.00s Real=0.16s
....[5150.121s][info][gc,start       ] GC(701) Pause Young (Normal) (G1 Evacuation Pause)
[5150.121s][info][gc,task        ] GC(701) Using 8 workers of 8 for evacuation
[5150.272s][info][gc,phases      ] GC(701)   Pre Evacuate Collection Set: 0.24ms
[5150.272s][info][gc,phases      ] GC(701)   Merge Heap Roots: 0.54ms
[5150.272s][info][gc,phases      ] GC(701)   Evacuate Collection Set: 149.42ms
[5150.272s][info][gc,phases      ] GC(701)   Post Evacuate Collection Set: 1.01ms
[5150.272s][info][gc,phases      ] GC(701)   Other: 0.07ms
[5150.272s][info][gc,heap        ] GC(701) Eden regions: 570->0(571)
[5150.272s][info][gc,heap        ] GC(701) Survivor regions: 44->43(77)
[5150.272s][info][gc,heap        ] GC(701) Old regions: 270->277
[5150.272s][info][gc,heap        ] GC(701) Humongous regions: 33->33
[5150.272s][info][gc,metaspace   ] GC(701) Metaspace: 30008K(30464K)->30008K(30464K) NonClass: 24595K(24832K)->24595K(24832K) Class: 5412K(5632K)->5412K(5632K)
[5150.272s][info][gc             ] GC(701) Pause Young (Normal) (G1 Evacuation Pause) 7311M->2803M(8192M) 151.411ms
[5150.273s][info][gc,cpu         ] GC(701) User=1.20s Sys=0.00s Real=0.15s
.....[5154.401s][info][gc,start       ] GC(702) Pause Young (Normal) (G1 Evacuation Pause)
[5154.401s][info][gc,task        ] GC(702) Using 8 workers of 8 for evacuation
[5154.550s][info][gc,phases      ] GC(702)   Pre Evacuate Collection Set: 0.23ms
[5154.551s][info][gc,phases      ] GC(702)   Merge Heap Roots: 0.55ms
[5154.551s][info][gc,phases      ] GC(702)   Evacuate Collection Set: 147.30ms
[5154.551s][info][gc,phases      ] GC(702)   Post Evacuate Collection Set: 1.03ms
[5154.551s][info][gc,phases      ] GC(702)   Other: 0.06ms
[5154.551s][info][gc,heap        ] GC(702) Eden regions: 571->0(570)
[5154.551s][info][gc,heap        ] GC(702) Survivor regions: 43->42(77)
[5154.551s][info][gc,heap        ] GC(702) Old regions: 277->285
[5154.551s][info][gc,heap        ] GC(702) Humongous regions: 33->33
[5154.551s][info][gc,metaspace   ] GC(702) Metaspace: 30008K(30464K)->30008K(30464K) NonClass: 24595K(24832K)->24595K(24832K) Class: 5412K(5632K)->5412K(5632K)
[5154.551s][info][gc             ] GC(702) Pause Young (Normal) (G1 Evacuation Pause) 7371M->2852M(8192M) 149.316ms
[5154.551s][info][gc,cpu         ] GC(702) User=1.18s Sys=0.00s Real=0.15s
....[5158.652s][info][gc,start       ] GC(703) Pause Young (Normal) (G1 Evacuation Pause)
[5158.652s][info][gc,task        ] GC(703) Using 8 workers of 8 for evacuation
[5158.802s][info][gc,phases      ] GC(703)   Pre Evacuate Collection Set: 0.27ms
[5158.802s][info][gc,phases      ] GC(703)   Merge Heap Roots: 0.55ms
[5158.802s][info][gc,phases      ] GC(703)   Evacuate Collection Set: 147.80ms
[5158.802s][info][gc,phases      ] GC(703)   Post Evacuate Collection Set: 1.01ms
[5158.802s][info][gc,phases      ] GC(703)   Other: 0.07ms
[5158.802s][info][gc,heap        ] GC(703) Eden regions: 570->0(563)
[5158.802s][info][gc,heap        ] GC(703) Survivor regions: 42->42(77)
[5158.802s][info][gc,heap        ] GC(703) Old regions: 285->292
[5158.802s][info][gc,heap        ] GC(703) Humongous regions: 33->33
[5158.802s][info][gc,metaspace   ] GC(703) Metaspace: 30008K(30464K)->30008K(30464K) NonClass: 24595K(24832K)->24595K(24832K) Class: 5412K(5632K)->5412K(5632K)
[5158.802s][info][gc             ] GC(703) Pause Young (Normal) (G1 Evacuation Pause) 7412M->2913M(8192M) 149.822ms
[5158.802s][info][gc,cpu         ] GC(703) User=1.18s Sys=0.00s Real=0.15s
....[5162.921s][info][gc,start       ] GC(704) Pause Young (Normal) (G1 Evacuation Pause)
[5162.921s][info][gc,task        ] GC(704) Using 8 workers of 8 for evacuation
[5163.078s][info][gc,phases      ] GC(704)   Pre Evacuate Collection Set: 0.27ms
[5163.078s][info][gc,phases      ] GC(704)   Merge Heap Roots: 0.55ms
[5163.078s][info][gc,phases      ] GC(704)   Evacuate Collection Set: 154.48ms
[5163.078s][info][gc,phases      ] GC(704)   Post Evacuate Collection Set: 1.05ms
[5163.078s][info][gc,phases      ] GC(704)   Other: 0.08ms
[5163.078s][info][gc,heap        ] GC(704) Eden regions: 563->0(551)
[5163.078s][info][gc,heap        ] GC(704) Survivor regions: 42->44(76)
[5163.078s][info][gc,heap        ] GC(704) Old regions: 292->300
[5163.078s][info][gc,heap        ] GC(704) Humongous regions: 33->33
[5163.078s][info][gc,metaspace   ] GC(704) Metaspace: 30008K(30464K)->30008K(30464K) NonClass: 24595K(24832K)->24595K(24832K) Class: 5412K(5632K)->5412K(5632K)
[5163.078s][info][gc             ] GC(704) Pause Young (Normal) (G1 Evacuation Pause) 7417M->2990M(8192M) 156.546ms
[5163.078s][info][gc,cpu         ] GC(704) User=1.24s Sys=0.00s Real=0.16s
....[5167.107s][info][gc,start       ] GC(705) Pause Young (Normal) (G1 Evacuation Pause)
[5167.107s][info][gc,task        ] GC(705) Using 8 workers of 8 for evacuation
[5167.259s][info][gc,phases      ] GC(705)   Pre Evacuate Collection Set: 0.26ms
[5167.259s][info][gc,phases      ] GC(705)   Merge Heap Roots: 0.55ms
[5167.259s][info][gc,phases      ] GC(705)   Evacuate Collection Set: 150.37ms
[5167.259s][info][gc,phases      ] GC(705)   Post Evacuate Collection Set: 1.02ms
[5167.259s][info][gc,phases      ] GC(705)   Other: 0.06ms
[5167.259s][info][gc,heap        ] GC(705) Eden regions: 551->0(544)
[5167.259s][info][gc,heap        ] GC(705) Survivor regions: 44->44(75)
[5167.259s][info][gc,heap        ] GC(705) Old regions: 300->307
[5167.259s][info][gc,heap        ] GC(705) Humongous regions: 33->33
[5167.259s][info][gc,metaspace   ] GC(705) Metaspace: 30008K(30464K)->30008K(30464K) NonClass: 24595K(24832K)->24595K(24832K) Class: 5412K(5632K)->5412K(5632K)
[5167.259s][info][gc             ] GC(705) Pause Young (Normal) (G1 Evacuation Pause) 7398M->3045M(8192M) 152.390ms
[5167.259s][info][gc,cpu         ] GC(705) User=1.21s Sys=0.00s Real=0.15s
....[5171.069s][info][gc,start       ] GC(706) Pause Young (Concurrent Start) (G1 Evacuation Pause)
[5171.069s][info][gc,task        ] GC(706) Using 8 workers of 8 for evacuation
[5171.228s][info][gc,phases      ] GC(706)   Pre Evacuate Collection Set: 0.31ms
[5171.228s][info][gc,phases      ] GC(706)   Merge Heap Roots: 0.62ms
[5171.228s][info][gc,phases      ] GC(706)   Evacuate Collection Set: 157.55ms
[5171.228s][info][gc,phases      ] GC(706)   Post Evacuate Collection Set: 1.05ms
[5171.229s][info][gc,phases      ] GC(706)   Other: 0.10ms
[5171.229s][info][gc,heap        ] GC(706) Eden regions: 544->0(536)
[5171.229s][info][gc,heap        ] GC(706) Survivor regions: 44->44(74)
[5171.229s][info][gc,heap        ] GC(706) Old regions: 307->315
[5171.229s][info][gc,heap        ] GC(706) Humongous regions: 33->33
[5171.229s][info][gc,metaspace   ] GC(706) Metaspace: 30008K(30464K)->30008K(30464K) NonClass: 24595K(24832K)->24595K(24832K) Class: 5412K(5632K)->5412K(5632K)
[5171.229s][info][gc             ] GC(706) Pause Young (Concurrent Start) (G1 Evacuation Pause) 7397M->3111M(8192M) 159.767ms
[5171.229s][info][gc             ] GC(707) Concurrent Mark Cycle
[5171.229s][info][gc,marking     ] GC(707) Concurrent Scan Root Regions
[5171.229s][info][gc,cpu         ] GC(706) User=1.26s Sys=0.00s Real=0.16s
.[5171.586s][info][gc,marking     ] GC(707) Concurrent Scan Root Regions 357.012ms
[5171.586s][info][gc,marking     ] GC(707) Concurrent Mark
[5171.586s][info][gc,marking     ] GC(707) Concurrent Mark From Roots
[5171.586s][info][gc,task        ] GC(707) Using 2 workers of 2 for marking
.[5172.811s][info][gc,marking     ] GC(707) Concurrent Mark From Roots 1225.033ms
[5172.811s][info][gc,marking     ] GC(707) Concurrent Preclean
[5172.811s][info][gc,marking     ] GC(707) Concurrent Preclean 0.146ms
[5172.811s][info][gc,start       ] GC(707) Pause Remark
[5172.814s][info][gc             ] GC(707) Pause Remark 4899M->4299M(8192M) 2.726ms
[5172.814s][info][gc,cpu         ] GC(707) User=0.01s Sys=0.00s Real=0.01s
[5172.814s][info][gc,marking     ] GC(707) Concurrent Mark 1228.245ms
[5172.814s][info][gc,marking     ] GC(707) Concurrent Rebuild Remembered Sets and Scrub Regions
[5173.339s][info][gc,marking     ] GC(707) Concurrent Rebuild Remembered Sets and Scrub Regions 525.519ms
[5173.340s][info][gc,start       ] GC(707) Pause Cleanup
[5173.340s][info][gc             ] GC(707) Pause Cleanup 4839M->4839M(8192M) 0.295ms
[5173.340s][info][gc,cpu         ] GC(707) User=0.00s Sys=0.00s Real=0.00s
[5173.340s][info][gc,marking     ] GC(707) Concurrent Clear Claimed Marks
[5173.340s][info][gc,marking     ] GC(707) Concurrent Clear Claimed Marks 0.045ms
[5173.340s][info][gc,marking     ] GC(707) Concurrent Cleanup for Next Mark
[5173.351s][info][gc,marking     ] GC(707) Concurrent Cleanup for Next Mark 11.270ms
[5173.351s][info][gc             ] GC(707) Concurrent Mark Cycle 2122.837ms
..[5175.105s][info][gc,start       ] GC(708) Pause Young (Prepare Mixed) (G1 Evacuation Pause)
[5175.105s][info][gc,task        ] GC(708) Using 8 workers of 8 for evacuation
[5175.264s][info][gc,phases      ] GC(708)   Pre Evacuate Collection Set: 0.27ms
[5175.264s][info][gc,phases      ] GC(708)   Merge Heap Roots: 0.73ms
[5175.264s][info][gc,phases      ] GC(708)   Evacuate Collection Set: 156.74ms
[5175.264s][info][gc,phases      ] GC(708)   Post Evacuate Collection Set: 1.13ms
[5175.264s][info][gc,phases      ] GC(708)   Other: 0.07ms
[5175.264s][info][gc,heap        ] GC(708) Eden regions: 536->0(569)
[5175.264s][info][gc,heap        ] GC(708) Survivor regions: 44->45(73)
[5175.264s][info][gc,heap        ] GC(708) Old regions: 240->247
[5175.264s][info][gc,heap        ] GC(708) Humongous regions: 33->33
[5175.264s][info][gc,metaspace   ] GC(708) Metaspace: 30008K(30464K)->30008K(30464K) NonClass: 24595K(24832K)->24595K(24832K) Class: 5412K(5632K)->5412K(5632K)
[5175.264s][info][gc             ] GC(708) Pause Young (Prepare Mixed) (G1 Evacuation Pause) 6799M->2579M(8192M) 159.075ms
[5175.264s][info][gc,cpu         ] GC(708) User=1.26s Sys=0.00s Real=0.16s
.....[5179.443s][info][gc,start       ] GC(709) Pause Young (Mixed) (G1 Evacuation Pause)
[5179.443s][info][gc,task        ] GC(709) Using 8 workers of 8 for evacuation
[5179.598s][info][gc,phases      ] GC(709)   Pre Evacuate Collection Set: 0.32ms
[5179.598s][info][gc,phases      ] GC(709)   Merge Heap Roots: 0.90ms
[5179.598s][info][gc,phases      ] GC(709)   Evacuate Collection Set: 152.92ms
[5179.598s][info][gc,phases      ] GC(709)   Post Evacuate Collection Set: 1.25ms
[5179.598s][info][gc,phases      ] GC(709)   Other: 0.07ms
[5179.598s][info][gc,heap        ] GC(709) Eden regions: 569->0(571)
[5179.598s][info][gc,heap        ] GC(709) Survivor regions: 45->43(77)
[5179.598s][info][gc,heap        ] GC(709) Old regions: 247->153
[5179.598s][info][gc,heap        ] GC(709) Humongous regions: 33->33
[5179.598s][info][gc,metaspace   ] GC(709) Metaspace: 30008K(30464K)->30008K(30464K) NonClass: 24595K(24832K)->24595K(24832K) Class: 5412K(5632K)->5412K(5632K)
[5179.598s][info][gc             ] GC(709) Pause Young (Mixed) (G1 Evacuation Pause) 7131M->1800M(8192M) 155.605ms
[5179.598s][info][gc,cpu         ] GC(709) User=1.22s Sys=0.00s Real=0.16s
....[5183.736s][info][gc,start       ] GC(710) Pause Young (Mixed) (G1 Evacuation Pause)
[5183.736s][info][gc,task        ] GC(710) Using 8 workers of 8 for evacuation
[5183.891s][info][gc,phases      ] GC(710)   Pre Evacuate Collection Set: 0.24ms
[5183.892s][info][gc,phases      ] GC(710)   Merge Heap Roots: 0.76ms
[5183.892s][info][gc,phases      ] GC(710)   Evacuate Collection Set: 153.54ms
[5183.892s][info][gc,phases      ] GC(710)   Post Evacuate Collection Set: 1.06ms
[5183.892s][info][gc,phases      ] GC(710)   Other: 0.06ms
[5183.892s][info][gc,heap        ] GC(710) Eden regions: 571->0(572)
[5183.892s][info][gc,heap        ] GC(710) Survivor regions: 43->42(77)
[5183.892s][info][gc,heap        ] GC(710) Old regions: 153->143
[5183.892s][info][gc,heap        ] GC(710) Humongous regions: 33->33
[5183.892s][info][gc,metaspace   ] GC(710) Metaspace: 30008K(30464K)->30008K(30464K) NonClass: 24595K(24832K)->24595K(24832K) Class: 5412K(5632K)->5412K(5632K)
[5183.892s][info][gc             ] GC(710) Pause Young (Mixed) (G1 Evacuation Pause) 6368M->1718M(8192M) 155.785ms
[5183.892s][info][gc,cpu         ] GC(710) User=1.23s Sys=0.00s Real=0.15s
....[5188.194s][info][gc,start       ] GC(711) Pause Young (Normal) (G1 Evacuation Pause)
[5188.194s][info][gc,task        ] GC(711) Using 8 workers of 8 for evacuation
[5188.347s][info][gc,phases      ] GC(711)   Pre Evacuate Collection Set: 0.26ms
[5188.347s][info][gc,phases      ] GC(711)   Merge Heap Roots: 0.57ms
[5188.347s][info][gc,phases      ] GC(711)   Evacuate Collection Set: 150.70ms
[5188.347s][info][gc,phases      ] GC(711)   Post Evacuate Collection Set: 1.03ms
[5188.347s][info][gc,phases      ] GC(711)   Other: 0.07ms
[5188.347s][info][gc,heap        ] GC(711) Eden regions: 572->0(570)
[5188.347s][info][gc,heap        ] GC(711) Survivor regions: 42->44(77)
[5188.347s][info][gc,heap        ] GC(711) Old regions: 143->150
[5188.347s][info][gc,heap        ] GC(711) Humongous regions: 33->33
[5188.347s][info][gc,metaspace   ] GC(711) Metaspace: 30008K(30464K)->30008K(30464K) NonClass: 24595K(24832K)->24595K(24832K) Class: 5412K(5632K)->5412K(5632K)
[5188.347s][info][gc             ] GC(711) Pause Young (Normal) (G1 Evacuation Pause) 6294M->1786M(8192M) 152.764ms
[5188.347s][info][gc,cpu         ] GC(711) User=1.21s Sys=0.00s Real=0.15s
.....[5192.430s][info][gc,start       ] GC(712) Pause Young (Normal) (G1 Evacuation Pause)
[5192.430s][info][gc,task        ] GC(712) Using 8 workers of 8 for evacuation
[5192.578s][info][gc,phases      ] GC(712)   Pre Evacuate Collection Set: 0.25ms
[5192.578s][info][gc,phases      ] GC(712)   Merge Heap Roots: 0.52ms
[5192.578s][info][gc,phases      ] GC(712)   Evacuate Collection Set: 145.69ms
[5192.578s][info][gc,phases      ] GC(712)   Post Evacuate Collection Set: 1.00ms
[5192.578s][info][gc,phases      ] GC(712)   Other: 0.06ms
[5192.578s][info][gc,heap        ] GC(712) Eden regions: 570->0(572)
[5192.578s][info][gc,heap        ] GC(712) Survivor regions: 44->42(77)
[5192.578s][info][gc,heap        ] GC(712) Old regions: 150->157
[5192.578s][info][gc,heap        ] GC(712) Humongous regions: 33->33
[5192.578s][info][gc,metaspace   ] GC(712) Metaspace: 30008K(30464K)->30008K(30464K) NonClass: 24595K(24832K)->24595K(24832K) Class: 5412K(5632K)->5412K(5632K)
[5192.578s][info][gc             ] GC(712) Pause Young (Normal) (G1 Evacuation Pause) 6346M->1831M(8192M) 147.667ms
[5192.578s][info][gc,cpu         ] GC(712) User=1.16s Sys=0.00s Real=0.15s
....[5196.684s][info][gc,start       ] GC(713) Pause Young (Normal) (G1 Evacuation Pause)
[5196.684s][info][gc,task        ] GC(713) Using 8 workers of 8 for evacuation
[5196.839s][info][gc,phases      ] GC(713)   Pre Evacuate Collection Set: 0.25ms
[5196.839s][info][gc,phases      ] GC(713)   Merge Heap Roots: 0.56ms
[5196.839s][info][gc,phases      ] GC(713)   Evacuate Collection Set: 152.69ms
[5196.839s][info][gc,phases      ] GC(713)   Post Evacuate Collection Set: 1.04ms
[5196.839s][info][gc,phases      ] GC(713)   Other: 0.06ms
[5196.839s][info][gc,heap        ] GC(713) Eden regions: 572->0(571)
[5196.839s][info][gc,heap        ] GC(713) Survivor regions: 42->43(77)
[5196.839s][info][gc,heap        ] GC(713) Old regions: 157->164
[5196.839s][info][gc,heap        ] GC(713) Humongous regions: 33->33
[5196.839s][info][gc,metaspace   ] GC(713) Metaspace: 30008K(30464K)->30008K(30464K) NonClass: 24595K(24832K)->24595K(24832K) Class: 5412K(5632K)->5412K(5632K)
[5196.839s][info][gc             ] GC(713) Pause Young (Normal) (G1 Evacuation Pause) 6407M->1892M(8192M) 154.733ms
[5196.839s][info][gc,cpu         ] GC(713) User=1.23s Sys=0.00s Real=0.15s
....[5201.005s][info][gc,start       ] GC(714) Pause Young (Normal) (G1 Evacuation Pause)
[5201.005s][info][gc,task        ] GC(714) Using 8 workers of 8 for evacuation
[5201.156s][info][gc,phases      ] GC(714)   Pre Evacuate Collection Set: 0.25ms
[5201.156s][info][gc,phases      ] GC(714)   Merge Heap Roots: 0.51ms
[5201.156s][info][gc,phases      ] GC(714)   Evacuate Collection Set: 149.26ms
[5201.156s][info][gc,phases      ] GC(714)   Post Evacuate Collection Set: 1.01ms
[5201.156s][info][gc,phases      ] GC(714)   Other: 0.06ms
[5201.156s][info][gc,heap        ] GC(714) Eden regions: 571->0(571)
[5201.156s][info][gc,heap        ] GC(714) Survivor regions: 43->43(77)
[5201.156s][info][gc,heap        ] GC(714) Old regions: 164->171
[5201.156s][info][gc,heap        ] GC(714) Humongous regions: 33->33
[5201.156s][info][gc,metaspace   ] GC(714) Metaspace: 30008K(30464K)->30008K(30464K) NonClass: 24595K(24832K)->24595K(24832K) Class: 5412K(5632K)->5412K(5632K)
[5201.156s][info][gc             ] GC(714) Pause Young (Normal) (G1 Evacuation Pause) 6460M->1953M(8192M) 151.216ms
[5201.156s][info][gc,cpu         ] GC(714) User=1.20s Sys=0.00s Real=0.15s
.... (rIR:aIR:PR = 8856:8886:8886) (tPR = 131647) [OK] 
  5204s: Performance info:
         Transaction,    Success,    Partial,     Failed,   Receipts, AvgBarcode, 
             Overall,     533436,          0,          0,     506895,      59.47, 
         Response times:
             Request,    Success,    Partial,     Failed,   SkipFail,     Probes,    Samples,      min,      p50,      p90,      p95,      p99,      max, 
       TotalPurchase,     506895,          0,          0,          0,     357072,     427959,      300,     6100,    17500,    45000,    93000,   572000,
     InStorePurchase,     266980,          0,          0,          0,     187540,     224376,      300,     6100,    17700,    45000,    92000,   572000,
      OnlinePurchase,     187111,          0,          0,          0,     131966,     158447,      300,     6100,    17400,    45000,    92000,   571000,
        InstPurchase,      52804,          0,          0,          0,      37566,      45136,      500,     6300,    17100,    46150,    96000,   571000,
          AssocOfCat,        529,          0,          0,          0,        443,        635,    24000,    49000,    79800,   110600,   200280,   228000,
      AssocOfProduct,       5266,          0,          0,          0,       3921,       4906,      700,     6400,    18030,    49650,   101000,   380000,
      BusinessReport,       1325,          0,          0,          0,       1176,       1532,    31000,    53000,    88000,   130350,   215340,   261000,
          CustBuyBeh,       5329,          0,          0,          0,       3887,       4863,      100,     4400,    15760,    40000,    89000,   572000,
       ProductReturn,      14092,          0,          0,          0,      10078,      12352,      200,     5900,    17500,    46000,    95000,   456000,

  5204s: (65%)   IR =   8994 [5205.417s][info][gc,start       ] GC(715) Pause Young (Normal) (G1 Evacuation Pause)
[5205.417s][info][gc,task        ] GC(715) Using 8 workers of 8 for evacuation
[5205.567s][info][gc,phases      ] GC(715)   Pre Evacuate Collection Set: 0.27ms
[5205.567s][info][gc,phases      ] GC(715)   Merge Heap Roots: 0.55ms
[5205.567s][info][gc,phases      ] GC(715)   Evacuate Collection Set: 148.04ms
[5205.567s][info][gc,phases      ] GC(715)   Post Evacuate Collection Set: 1.03ms
[5205.567s][info][gc,phases      ] GC(715)   Other: 0.06ms
[5205.567s][info][gc,heap        ] GC(715) Eden regions: 571->0(572)
[5205.567s][info][gc,heap        ] GC(715) Survivor regions: 43->42(77)
[5205.567s][info][gc,heap        ] GC(715) Old regions: 171->178
[5205.567s][info][gc,heap        ] GC(715) Humongous regions: 33->33
[5205.567s][info][gc,metaspace   ] GC(715) Metaspace: 30008K(30464K)->30008K(30464K) NonClass: 24595K(24832K)->24595K(24832K) Class: 5412K(5632K)->5412K(5632K)
[5205.567s][info][gc             ] GC(715) Pause Young (Normal) (G1 Evacuation Pause) 6521M->2003M(8192M) 150.088ms
[5205.567s][info][gc,cpu         ] GC(715) User=1.19s Sys=0.00s Real=0.15s
.....[5209.688s][info][gc,start       ] GC(716) Pause Young (Normal) (G1 Evacuation Pause)
[5209.688s][info][gc,task        ] GC(716) Using 8 workers of 8 for evacuation
[5209.840s][info][gc,phases      ] GC(716)   Pre Evacuate Collection Set: 0.27ms
[5209.840s][info][gc,phases      ] GC(716)   Merge Heap Roots: 0.57ms
[5209.840s][info][gc,phases      ] GC(716)   Evacuate Collection Set: 150.78ms
[5209.840s][info][gc,phases      ] GC(716)   Post Evacuate Collection Set: 1.05ms
[5209.840s][info][gc,phases      ] GC(716)   Other: 0.06ms
[5209.840s][info][gc,heap        ] GC(716) Eden regions: 572->0(571)
[5209.840s][info][gc,heap        ] GC(716) Survivor regions: 42->43(77)
[5209.840s][info][gc,heap        ] GC(716) Old regions: 178->185
[5209.840s][info][gc,heap        ] GC(716) Humongous regions: 33->33
[5209.840s][info][gc,metaspace   ] GC(716) Metaspace: 30008K(30464K)->30008K(30464K) NonClass: 24595K(24832K)->24595K(24832K) Class: 5412K(5632K)->5412K(5632K)
[5209.840s][info][gc             ] GC(716) Pause Young (Normal) (G1 Evacuation Pause) 6579M->2067M(8192M) 152.856ms
[5209.841s][info][gc,cpu         ] GC(716) User=1.21s Sys=0.00s Real=0.15s
....[5214.023s][info][gc,start       ] GC(717) Pause Young (Normal) (G1 Evacuation Pause)
[5214.023s][info][gc,task        ] GC(717) Using 8 workers of 8 for evacuation
[5214.177s][info][gc,phases      ] GC(717)   Pre Evacuate Collection Set: 0.26ms
[5214.177s][info][gc,phases      ] GC(717)   Merge Heap Roots: 0.53ms
[5214.177s][info][gc,phases      ] GC(717)   Evacuate Collection Set: 152.23ms
[5214.177s][info][gc,phases      ] GC(717)   Post Evacuate Collection Set: 1.07ms
[5214.177s][info][gc,phases      ] GC(717)   Other: 0.06ms
[5214.177s][info][gc,heap        ] GC(717) Eden regions: 571->0(570)
[5214.177s][info][gc,heap        ] GC(717) Survivor regions: 43->44(77)
[5214.177s][info][gc,heap        ] GC(717) Old regions: 185->192
[5214.177s][info][gc,heap        ] GC(717) Humongous regions: 33->33
[5214.177s][info][gc,metaspace   ] GC(717) Metaspace: 30008K(30464K)->30008K(30464K) NonClass: 24595K(24832K)->24595K(24832K) Class: 5412K(5632K)->5412K(5632K)
[5214.177s][info][gc             ] GC(717) Pause Young (Normal) (G1 Evacuation Pause) 6635M->2127M(8192M) 154.300ms
[5214.177s][info][gc,cpu         ] GC(717) User=1.23s Sys=0.00s Real=0.16s
.|...[5218.179s][info][gc,start       ] GC(718) Pause Young (Normal) (G1 Evacuation Pause)
[5218.179s][info][gc,task        ] GC(718) Using 8 workers of 8 for evacuation
[5218.330s][info][gc,phases      ] GC(718)   Pre Evacuate Collection Set: 0.23ms
[5218.330s][info][gc,phases      ] GC(718)   Merge Heap Roots: 0.52ms
[5218.330s][info][gc,phases      ] GC(718)   Evacuate Collection Set: 149.44ms
[5218.330s][info][gc,phases      ] GC(718)   Post Evacuate Collection Set: 1.04ms
[5218.330s][info][gc,phases      ] GC(718)   Other: 0.07ms
[5218.330s][info][gc,heap        ] GC(718) Eden regions: 570->0(571)
[5218.330s][info][gc,heap        ] GC(718) Survivor regions: 44->43(77)
[5218.330s][info][gc,heap        ] GC(718) Old regions: 192->199
[5218.330s][info][gc,heap        ] GC(718) Humongous regions: 33->33
[5218.330s][info][gc,metaspace   ] GC(718) Metaspace: 30008K(30464K)->30008K(30464K) NonClass: 24595K(24832K)->24595K(24832K) Class: 5412K(5632K)->5412K(5632K)
[5218.330s][info][gc             ] GC(718) Pause Young (Normal) (G1 Evacuation Pause) 6687M->2179M(8192M) 151.445ms
[5218.330s][info][gc,cpu         ] GC(718) User=1.20s Sys=0.01s Real=0.15s
....[5222.471s][info][gc,start       ] GC(719) Pause Young (Normal) (G1 Evacuation Pause)
[5222.471s][info][gc,task        ] GC(719) Using 8 workers of 8 for evacuation
[5222.619s][info][gc,phases      ] GC(719)   Pre Evacuate Collection Set: 0.27ms
[5222.619s][info][gc,phases      ] GC(719)   Merge Heap Roots: 0.54ms
[5222.619s][info][gc,phases      ] GC(719)   Evacuate Collection Set: 146.51ms
[5222.619s][info][gc,phases      ] GC(719)   Post Evacuate Collection Set: 0.99ms
[5222.619s][info][gc,phases      ] GC(719)   Other: 0.08ms
[5222.619s][info][gc,heap        ] GC(719) Eden regions: 571->0(571)
[5222.619s][info][gc,heap        ] GC(719) Survivor regions: 43->43(77)
[5222.619s][info][gc,heap        ] GC(719) Old regions: 199->206
[5222.619s][info][gc,heap        ] GC(719) Humongous regions: 33->33
[5222.619s][info][gc,metaspace   ] GC(719) Metaspace: 30008K(30464K)->30008K(30464K) NonClass: 24595K(24832K)->24595K(24832K) Class: 5412K(5632K)->5412K(5632K)
[5222.619s][info][gc             ] GC(719) Pause Young (Normal) (G1 Evacuation Pause) 6747M->2235M(8192M) 148.515ms
[5222.619s][info][gc,cpu         ] GC(719) User=1.18s Sys=0.01s Real=0.15s
.....[5226.757s][info][gc,start       ] GC(720) Pause Young (Normal) (G1 Evacuation Pause)
[5226.757s][info][gc,task        ] GC(720) Using 8 workers of 8 for evacuation
[5226.907s][info][gc,phases      ] GC(720)   Pre Evacuate Collection Set: 0.25ms
[5226.907s][info][gc,phases      ] GC(720)   Merge Heap Roots: 0.51ms
[5226.907s][info][gc,phases      ] GC(720)   Evacuate Collection Set: 147.91ms
[5226.907s][info][gc,phases      ] GC(720)   Post Evacuate Collection Set: 1.01ms
[5226.907s][info][gc,phases      ] GC(720)   Other: 0.06ms
[5226.907s][info][gc,heap        ] GC(720) Eden regions: 571->0(571)
[5226.907s][info][gc,heap        ] GC(720) Survivor regions: 43->43(77)
[5226.907s][info][gc,heap        ] GC(720) Old regions: 206->214
[5226.907s][info][gc,heap        ] GC(720) Humongous regions: 33->33
[5226.907s][info][gc,metaspace   ] GC(720) Metaspace: 30008K(30464K)->30008K(30464K) NonClass: 24595K(24832K)->24595K(24832K) Class: 5412K(5632K)->5412K(5632K)
[5226.907s][info][gc             ] GC(720) Pause Young (Normal) (G1 Evacuation Pause) 6803M->2288M(8192M) 149.866ms
[5226.907s][info][gc,cpu         ] GC(720) User=1.19s Sys=0.00s Real=0.15s
....[5231.065s][info][gc,start       ] GC(721) Pause Young (Normal) (G1 Evacuation Pause)
[5231.065s][info][gc,task        ] GC(721) Using 8 workers of 8 for evacuation
[5231.215s][info][gc,phases      ] GC(721)   Pre Evacuate Collection Set: 0.25ms
[5231.215s][info][gc,phases      ] GC(721)   Merge Heap Roots: 0.54ms
[5231.215s][info][gc,phases      ] GC(721)   Evacuate Collection Set: 148.40ms
[5231.215s][info][gc,phases      ] GC(721)   Post Evacuate Collection Set: 1.04ms
[5231.215s][info][gc,phases      ] GC(721)   Other: 0.06ms
[5231.215s][info][gc,heap        ] GC(721) Eden regions: 571->0(571)
[5231.215s][info][gc,heap        ] GC(721) Survivor regions: 43->43(77)
[5231.215s][info][gc,heap        ] GC(721) Old regions: 214->221
[5231.215s][info][gc,heap        ] GC(721) Humongous regions: 33->33
[5231.215s][info][gc,metaspace   ] GC(721) Metaspace: 30008K(30464K)->30008K(30464K) NonClass: 24595K(24832K)->24595K(24832K) Class: 5412K(5632K)->5412K(5632K)
[5231.215s][info][gc             ] GC(721) Pause Young (Normal) (G1 Evacuation Pause) 6856M->2349M(8192M) 150.421ms
[5231.215s][info][gc,cpu         ] GC(721) User=1.19s Sys=0.00s Real=0.15s
....[5235.374s][info][gc,start       ] GC(722) Pause Young (Normal) (G1 Evacuation Pause)
[5235.374s][info][gc,task        ] GC(722) Using 8 workers of 8 for evacuation
[5235.527s][info][gc,phases      ] GC(722)   Pre Evacuate Collection Set: 0.26ms
[5235.527s][info][gc,phases      ] GC(722)   Merge Heap Roots: 0.57ms
[5235.527s][info][gc,phases      ] GC(722)   Evacuate Collection Set: 150.41ms
[5235.527s][info][gc,phases      ] GC(722)   Post Evacuate Collection Set: 1.04ms
[5235.527s][info][gc,phases      ] GC(722)   Other: 0.06ms
[5235.527s][info][gc,heap        ] GC(722) Eden regions: 571->0(571)
[5235.527s][info][gc,heap        ] GC(722) Survivor regions: 43->43(77)
[5235.527s][info][gc,heap        ] GC(722) Old regions: 221->228
[5235.527s][info][gc,heap        ] GC(722) Humongous regions: 33->33
[5235.527s][info][gc,metaspace   ] GC(722) Metaspace: 30008K(30464K)->30008K(30464K) NonClass: 24595K(24832K)->24595K(24832K) Class: 5412K(5632K)->5412K(5632K)
[5235.527s][info][gc             ] GC(722) Pause Young (Normal) (G1 Evacuation Pause) 6917M->2403M(8192M) 152.477ms
[5235.527s][info][gc,cpu         ] GC(722) User=1.21s Sys=0.00s Real=0.15s
.....[5239.644s][info][gc,start       ] GC(723) Pause Young (Normal) (G1 Evacuation Pause)
[5239.644s][info][gc,task        ] GC(723) Using 8 workers of 8 for evacuation
[5239.793s][info][gc,phases      ] GC(723)   Pre Evacuate Collection Set: 0.26ms
[5239.793s][info][gc,phases      ] GC(723)   Merge Heap Roots: 0.55ms
[5239.793s][info][gc,phases      ] GC(723)   Evacuate Collection Set: 147.28ms
[5239.793s][info][gc,phases      ] GC(723)   Post Evacuate Collection Set: 1.07ms
[5239.793s][info][gc,phases      ] GC(723)   Other: 0.06ms
[5239.793s][info][gc,heap        ] GC(723) Eden regions: 571->0(572)
[5239.793s][info][gc,heap        ] GC(723) Survivor regions: 43->42(77)
[5239.793s][info][gc,heap        ] GC(723) Old regions: 228->235
[5239.793s][info][gc,heap        ] GC(723) Humongous regions: 33->33
[5239.793s][info][gc,metaspace   ] GC(723) Metaspace: 30008K(30464K)->30008K(30464K) NonClass: 24595K(24832K)->24595K(24832K) Class: 5412K(5632K)->5412K(5632K)
[5239.793s][info][gc             ] GC(723) Pause Young (Normal) (G1 Evacuation Pause) 6971M->2459M(8192M) 149.346ms
[5239.793s][info][gc,cpu         ] GC(723) User=1.18s Sys=0.00s Real=0.14s
....[5243.778s][info][gc,start       ] GC(724) Pause Young (Normal) (G1 Evacuation Pause)
[5243.778s][info][gc,task        ] GC(724) Using 8 workers of 8 for evacuation
[5243.929s][info][gc,phases      ] GC(724)   Pre Evacuate Collection Set: 0.26ms
[5243.929s][info][gc,phases      ] GC(724)   Merge Heap Roots: 0.53ms
[5243.929s][info][gc,phases      ] GC(724)   Evacuate Collection Set: 149.90ms
[5243.929s][info][gc,phases      ] GC(724)   Post Evacuate Collection Set: 1.04ms
[5243.930s][info][gc,phases      ] GC(724)   Other: 0.06ms
[5243.930s][info][gc,heap        ] GC(724) Eden regions: 572->0(571)
[5243.930s][info][gc,heap        ] GC(724) Survivor regions: 42->43(77)
[5243.930s][info][gc,heap        ] GC(724) Old regions: 235->243
[5243.930s][info][gc,heap        ] GC(724) Humongous regions: 33->33
[5243.930s][info][gc,metaspace   ] GC(724) Metaspace: 30008K(30464K)->30008K(30464K) NonClass: 24595K(24832K)->24595K(24832K) Class: 5412K(5632K)->5412K(5632K)
[5243.930s][info][gc             ] GC(724) Pause Young (Normal) (G1 Evacuation Pause) 7035M->2520M(8192M) 151.918ms
[5243.930s][info][gc,cpu         ] GC(724) User=1.21s Sys=0.00s Real=0.15s
....[5247.942s][info][gc,start       ] GC(725) Pause Young (Normal) (G1 Evacuation Pause)
[5247.943s][info][gc,task        ] GC(725) Using 8 workers of 8 for evacuation
[5248.092s][info][gc,phases      ] GC(725)   Pre Evacuate Collection Set: 0.25ms
[5248.092s][info][gc,phases      ] GC(725)   Merge Heap Roots: 0.56ms
[5248.092s][info][gc,phases      ] GC(725)   Evacuate Collection Set: 147.50ms
[5248.092s][info][gc,phases      ] GC(725)   Post Evacuate Collection Set: 1.06ms
[5248.092s][info][gc,phases      ] GC(725)   Other: 0.08ms
[5248.092s][info][gc,heap        ] GC(725) Eden regions: 571->0(571)
[5248.092s][info][gc,heap        ] GC(725) Survivor regions: 43->43(77)
[5248.092s][info][gc,heap        ] GC(725) Old regions: 243->250
[5248.092s][info][gc,heap        ] GC(725) Humongous regions: 33->33
[5248.092s][info][gc,metaspace   ] GC(725) Metaspace: 30008K(30464K)->30008K(30464K) NonClass: 24595K(24832K)->24595K(24832K) Class: 5412K(5632K)->5412K(5632K)
[5248.092s][info][gc             ] GC(725) Pause Young (Normal) (G1 Evacuation Pause) 7088M->2579M(8192M) 149.600ms
[5248.092s][info][gc,cpu         ] GC(725) User=1.19s Sys=0.00s Real=0.15s
....[5252.128s][info][gc,start       ] GC(726) Pause Young (Normal) (G1 Evacuation Pause)
[5252.129s][info][gc,task        ] GC(726) Using 8 workers of 8 for evacuation
[5252.282s][info][gc,phases      ] GC(726)   Pre Evacuate Collection Set: 0.24ms
[5252.282s][info][gc,phases      ] GC(726)   Merge Heap Roots: 0.53ms
[5252.282s][info][gc,phases      ] GC(726)   Evacuate Collection Set: 151.30ms
[5252.282s][info][gc,phases      ] GC(726)   Post Evacuate Collection Set: 1.05ms
[5252.282s][info][gc,phases      ] GC(726)   Other: 0.07ms
[5252.282s][info][gc,heap        ] GC(726) Eden regions: 571->0(570)
[5252.282s][info][gc,heap        ] GC(726) Survivor regions: 43->44(77)
[5252.282s][info][gc,heap        ] GC(726) Old regions: 250->257
[5252.282s][info][gc,heap        ] GC(726) Humongous regions: 33->33
[5252.282s][info][gc,metaspace   ] GC(726) Metaspace: 30008K(30464K)->30008K(30464K) NonClass: 24595K(24832K)->24595K(24832K) Class: 5412K(5632K)->5412K(5632K)
[5252.282s][info][gc             ] GC(726) Pause Young (Normal) (G1 Evacuation Pause) 7147M->2643M(8192M) 153.323ms
[5252.282s][info][gc,cpu         ] GC(726) User=1.22s Sys=0.00s Real=0.15s
....[5256.361s][info][gc,start       ] GC(727) Pause Young (Normal) (G1 Evacuation Pause)
[5256.361s][info][gc,task        ] GC(727) Using 8 workers of 8 for evacuation
[5256.511s][info][gc,phases      ] GC(727)   Pre Evacuate Collection Set: 0.25ms
[5256.511s][info][gc,phases      ] GC(727)   Merge Heap Roots: 0.54ms
[5256.511s][info][gc,phases      ] GC(727)   Evacuate Collection Set: 148.07ms
[5256.511s][info][gc,phases      ] GC(727)   Post Evacuate Collection Set: 1.05ms
[5256.511s][info][gc,phases      ] GC(727)   Other: 0.06ms
[5256.511s][info][gc,heap        ] GC(727) Eden regions: 570->0(571)
[5256.511s][info][gc,heap        ] GC(727) Survivor regions: 44->43(77)
[5256.511s][info][gc,heap        ] GC(727) Old regions: 257->264
[5256.511s][info][gc,heap        ] GC(727) Humongous regions: 33->33
[5256.511s][info][gc,metaspace   ] GC(727) Metaspace: 30008K(30464K)->30008K(30464K) NonClass: 24595K(24832K)->24595K(24832K) Class: 5412K(5632K)->5412K(5632K)
[5256.511s][info][gc             ] GC(727) Pause Young (Normal) (G1 Evacuation Pause) 7203M->2689M(8192M) 150.102ms
[5256.512s][info][gc,cpu         ] GC(727) User=1.19s Sys=0.00s Real=0.15s
.....[5260.674s][info][gc,start       ] GC(728) Pause Young (Normal) (G1 Evacuation Pause)
[5260.674s][info][gc,task        ] GC(728) Using 8 workers of 8 for evacuation
[5260.826s][info][gc,phases      ] GC(728)   Pre Evacuate Collection Set: 0.25ms
[5260.826s][info][gc,phases      ] GC(728)   Merge Heap Roots: 0.56ms
[5260.826s][info][gc,phases      ] GC(728)   Evacuate Collection Set: 150.42ms
[5260.826s][info][gc,phases      ] GC(728)   Post Evacuate Collection Set: 1.02ms
[5260.826s][info][gc,phases      ] GC(728)   Other: 0.06ms
[5260.826s][info][gc,heap        ] GC(728) Eden regions: 571->0(571)
[5260.826s][info][gc,heap        ] GC(728) Survivor regions: 43->43(77)
[5260.826s][info][gc,heap        ] GC(728) Old regions: 264->271
[5260.826s][info][gc,heap        ] GC(728) Humongous regions: 33->33
[5260.826s][info][gc,metaspace   ] GC(728) Metaspace: 30008K(30464K)->30008K(30464K) NonClass: 24595K(24832K)->24595K(24832K) Class: 5412K(5632K)->5412K(5632K)
[5260.826s][info][gc             ] GC(728) Pause Young (Normal) (G1 Evacuation Pause) 7257M->2745M(8192M) 152.458ms
[5260.826s][info][gc,cpu         ] GC(728) User=1.20s Sys=0.01s Real=0.15s
....[5264.882s][info][gc,start       ] GC(729) Pause Young (Normal) (G1 Evacuation Pause)
[5264.883s][info][gc,task        ] GC(729) Using 8 workers of 8 for evacuation
[5265.035s][info][gc,phases      ] GC(729)   Pre Evacuate Collection Set: 0.24ms
[5265.035s][info][gc,phases      ] GC(729)   Merge Heap Roots: 0.54ms
[5265.035s][info][gc,phases      ] GC(729)   Evacuate Collection Set: 150.15ms
[5265.035s][info][gc,phases      ] GC(729)   Post Evacuate Collection Set: 1.03ms
[5265.035s][info][gc,phases      ] GC(729)   Other: 0.06ms
[5265.035s][info][gc,heap        ] GC(729) Eden regions: 571->0(571)
[5265.035s][info][gc,heap        ] GC(729) Survivor regions: 43->43(77)
[5265.035s][info][gc,heap        ] GC(729) Old regions: 271->278
[5265.035s][info][gc,heap        ] GC(729) Humongous regions: 33->33
[5265.035s][info][gc,metaspace   ] GC(729) Metaspace: 30008K(30464K)->30008K(30464K) NonClass: 24595K(24832K)->24595K(24832K) Class: 5412K(5632K)->5412K(5632K)
[5265.035s][info][gc             ] GC(729) Pause Young (Normal) (G1 Evacuation Pause) 7313M->2801M(8192M) 152.156ms
[5265.035s][info][gc,cpu         ] GC(729) User=1.21s Sys=0.00s Real=0.16s
....[5269.081s][info][gc,start       ] GC(730) Pause Young (Normal) (G1 Evacuation Pause)
[5269.081s][info][gc,task        ] GC(730) Using 8 workers of 8 for evacuation
[5269.237s][info][gc,phases      ] GC(730)   Pre Evacuate Collection Set: 0.25ms
[5269.237s][info][gc,phases      ] GC(730)   Merge Heap Roots: 0.53ms
[5269.237s][info][gc,phases      ] GC(730)   Evacuate Collection Set: 153.69ms
[5269.237s][info][gc,phases      ] GC(730)   Post Evacuate Collection Set: 1.02ms
[5269.237s][info][gc,phases      ] GC(730)   Other: 0.06ms
[5269.237s][info][gc,heap        ] GC(730) Eden regions: 571->0(566)
[5269.237s][info][gc,heap        ] GC(730) Survivor regions: 43->44(77)
[5269.237s][info][gc,heap        ] GC(730) Old regions: 278->285
[5269.237s][info][gc,heap        ] GC(730) Humongous regions: 33->33
[5269.237s][info][gc,metaspace   ] GC(730) Metaspace: 30010K(30464K)->30010K(30464K) NonClass: 24597K(24832K)->24597K(24832K) Class: 5412K(5632K)->5412K(5632K)
[5269.237s][info][gc             ] GC(730) Pause Young (Normal) (G1 Evacuation Pause) 7369M->2867M(8192M) 155.684ms
[5269.237s][info][gc,cpu         ] GC(730) User=1.23s Sys=0.00s Real=0.16s
....[5273.181s][info][gc,start       ] GC(731) Pause Young (Normal) (G1 Evacuation Pause)
[5273.181s][info][gc,task        ] GC(731) Using 8 workers of 8 for evacuation
[5273.336s][info][gc,phases      ] GC(731)   Pre Evacuate Collection Set: 0.26ms
[5273.336s][info][gc,phases      ] GC(731)   Merge Heap Roots: 0.55ms
[5273.336s][info][gc,phases      ] GC(731)   Evacuate Collection Set: 153.36ms
[5273.336s][info][gc,phases      ] GC(731)   Post Evacuate Collection Set: 1.05ms
[5273.336s][info][gc,phases      ] GC(731)   Other: 0.06ms
[5273.336s][info][gc,heap        ] GC(731) Eden regions: 566->0(559)
[5273.336s][info][gc,heap        ] GC(731) Survivor regions: 44->44(77)
[5273.336s][info][gc,heap        ] GC(731) Old regions: 285->292
[5273.336s][info][gc,heap        ] GC(731) Humongous regions: 33->33
[5273.336s][info][gc,metaspace   ] GC(731) Metaspace: 30010K(30464K)->30010K(30464K) NonClass: 24597K(24832K)->24597K(24832K) Class: 5412K(5632K)->5412K(5632K)
[5273.336s][info][gc             ] GC(731) Pause Young (Normal) (G1 Evacuation Pause) 7395M->2927M(8192M) 155.401ms
[5273.336s][info][gc,cpu         ] GC(731) User=1.23s Sys=0.00s Real=0.16s
.. (rIR:aIR:PR = 8994:9046:9045) (tPR = 135205) [OK] 
  5274s: Performance info:
         Transaction,    Success,    Partial,     Failed,   Receipts, AvgBarcode, 
             Overall,     543346,          0,          0,     516333,      59.47, 
         Response times:
             Request,    Success,    Partial,     Failed,   SkipFail,     Probes,    Samples,      min,      p50,      p90,      p95,      p99,      max, 
       TotalPurchase,     516379,          0,          0,          0,     360644,     425005,      300,     6100,    16500,    44000,    94000,   650000,
     InStorePurchase,     271818,          0,          0,          0,     189541,     222984,      400,     6200,    16500,    43000,    95000,   650000,
      OnlinePurchase,     190919,          0,          0,          0,     132474,     156241,      300,     6000,    16500,    44000,    93000,   393000,
        InstPurchase,      53642,          0,          0,          0,      38629,      45780,      400,     6100,    16500,    43000,    92000,   390000,
          AssocOfCat,        540,          0,          0,          0,        445,        622,    30000,    50500,    69000,    86000,   132540,   218000,
      AssocOfProduct,       5374,          0,          0,          0,       3901,       4742,      700,     5800,    17400,    37000,    91000,   280000,
      BusinessReport,       1352,          0,          0,          0,       1180,       1547,    27000,    53000,    83000,   119800,   201560,   229000,
          CustBuyBeh,       5372,          0,          0,          0,       3899,       4777,      200,     4600,    14920,    34000,    81220,   232000,
       ProductReturn,      14392,          0,          0,          0,      10124,      12246,      200,     5900,    16500,    39000,    91000,   412000,

  5274s: (66%)   IR =   9132 ..[5277.319s][info][gc,start       ] GC(732) Pause Young (Normal) (G1 Evacuation Pause)
[5277.319s][info][gc,task        ] GC(732) Using 8 workers of 8 for evacuation
[5277.470s][info][gc,phases      ] GC(732)   Pre Evacuate Collection Set: 0.27ms
[5277.470s][info][gc,phases      ] GC(732)   Merge Heap Roots: 0.52ms
[5277.470s][info][gc,phases      ] GC(732)   Evacuate Collection Set: 149.08ms
[5277.470s][info][gc,phases      ] GC(732)   Post Evacuate Collection Set: 1.04ms
[5277.470s][info][gc,phases      ] GC(732)   Other: 0.06ms
[5277.470s][info][gc,heap        ] GC(732) Eden regions: 559->0(553)
[5277.470s][info][gc,heap        ] GC(732) Survivor regions: 44->43(76)
[5277.470s][info][gc,heap        ] GC(732) Old regions: 292->300
[5277.470s][info][gc,heap        ] GC(732) Humongous regions: 33->33
[5277.470s][info][gc,metaspace   ] GC(732) Metaspace: 30010K(30464K)->30010K(30464K) NonClass: 24597K(24832K)->24597K(24832K) Class: 5412K(5632K)->5412K(5632K)
[5277.470s][info][gc             ] GC(732) Pause Young (Normal) (G1 Evacuation Pause) 7399M->2980M(8192M) 151.119ms
[5277.470s][info][gc,cpu         ] GC(732) User=1.20s Sys=0.00s Real=0.15s
...|.[5281.342s][info][gc,start       ] GC(733) Pause Young (Normal) (G1 Evacuation Pause)
[5281.342s][info][gc,task        ] GC(733) Using 8 workers of 8 for evacuation
[5281.496s][info][gc,phases      ] GC(733)   Pre Evacuate Collection Set: 0.25ms
[5281.496s][info][gc,phases      ] GC(733)   Merge Heap Roots: 0.55ms
[5281.496s][info][gc,phases      ] GC(733)   Evacuate Collection Set: 151.98ms
[5281.496s][info][gc,phases      ] GC(733)   Post Evacuate Collection Set: 1.05ms
[5281.496s][info][gc,phases      ] GC(733)   Other: 0.07ms
[5281.496s][info][gc,heap        ] GC(733) Eden regions: 553->0(544)
[5281.496s][info][gc,heap        ] GC(733) Survivor regions: 43->44(75)
[5281.496s][info][gc,heap        ] GC(733) Old regions: 300->307
[5281.496s][info][gc,heap        ] GC(733) Humongous regions: 33->33
[5281.496s][info][gc,metaspace   ] GC(733) Metaspace: 30010K(30464K)->30010K(30464K) NonClass: 24597K(24832K)->24597K(24832K) Class: 5412K(5632K)->5412K(5632K)
[5281.496s][info][gc             ] GC(733) Pause Young (Normal) (G1 Evacuation Pause) 7404M->3044M(8192M) 154.022ms
[5281.496s][info][gc,cpu         ] GC(733) User=1.22s Sys=0.00s Real=0.16s
....[5285.258s][info][gc,start       ] GC(734) Pause Young (Concurrent Start) (G1 Evacuation Pause)
[5285.258s][info][gc,task        ] GC(734) Using 8 workers of 8 for evacuation
[5285.411s][info][gc,phases      ] GC(734)   Pre Evacuate Collection Set: 0.28ms
[5285.411s][info][gc,phases      ] GC(734)   Merge Heap Roots: 0.52ms
[5285.411s][info][gc,phases      ] GC(734)   Evacuate Collection Set: 151.15ms
[5285.411s][info][gc,phases      ] GC(734)   Post Evacuate Collection Set: 0.95ms
[5285.411s][info][gc,phases      ] GC(734)   Other: 0.12ms
[5285.411s][info][gc,heap        ] GC(734) Eden regions: 544->0(539)
[5285.411s][info][gc,heap        ] GC(734) Survivor regions: 44->43(74)
[5285.411s][info][gc,heap        ] GC(734) Old regions: 307->314
[5285.411s][info][gc,heap        ] GC(734) Humongous regions: 33->33
[5285.411s][info][gc,metaspace   ] GC(734) Metaspace: 30010K(30464K)->30010K(30464K) NonClass: 24597K(24832K)->24597K(24832K) Class: 5412K(5632K)->5412K(5632K)
[5285.411s][info][gc             ] GC(734) Pause Young (Concurrent Start) (G1 Evacuation Pause) 7396M->3095M(8192M) 153.151ms
[5285.411s][info][gc             ] GC(735) Concurrent Mark Cycle
[5285.411s][info][gc,marking     ] GC(735) Concurrent Scan Root Regions
[5285.411s][info][gc,cpu         ] GC(734) User=1.22s Sys=0.00s Real=0.15s
.[5285.886s][info][gc,marking     ] GC(735) Concurrent Scan Root Regions 474.903ms
[5285.886s][info][gc,marking     ] GC(735) Concurrent Mark
[5285.886s][info][gc,marking     ] GC(735) Concurrent Mark From Roots
[5285.886s][info][gc,task        ] GC(735) Using 2 workers of 2 for marking
.[5287.240s][info][gc,marking     ] GC(735) Concurrent Mark From Roots 1354.123ms
[5287.240s][info][gc,marking     ] GC(735) Concurrent Preclean
[5287.240s][info][gc,marking     ] GC(735) Concurrent Preclean 0.153ms
[5287.240s][info][gc,start       ] GC(735) Pause Remark
[5287.242s][info][gc             ] GC(735) Pause Remark 5171M->4651M(8192M) 2.010ms
[5287.242s][info][gc,cpu         ] GC(735) User=0.01s Sys=0.00s Real=0.00s
[5287.242s][info][gc,marking     ] GC(735) Concurrent Mark 1356.602ms
[5287.242s][info][gc,marking     ] GC(735) Concurrent Rebuild Remembered Sets and Scrub Regions
.[5287.837s][info][gc,marking     ] GC(735) Concurrent Rebuild Remembered Sets and Scrub Regions 594.960ms
[5287.838s][info][gc,start       ] GC(735) Pause Cleanup
[5287.838s][info][gc             ] GC(735) Pause Cleanup 5288M->5288M(8192M) 0.309ms
[5287.838s][info][gc,cpu         ] GC(735) User=0.00s Sys=0.00s Real=0.00s
[5287.838s][info][gc,marking     ] GC(735) Concurrent Clear Claimed Marks
[5287.838s][info][gc,marking     ] GC(735) Concurrent Clear Claimed Marks 0.049ms
[5287.838s][info][gc,marking     ] GC(735) Concurrent Cleanup for Next Mark
[5287.850s][info][gc,marking     ] GC(735) Concurrent Cleanup for Next Mark 11.544ms
[5287.850s][info][gc             ] GC(735) Concurrent Mark Cycle 2438.809ms
.[5289.332s][info][gc,start       ] GC(736) Pause Young (Prepare Mixed) (G1 Evacuation Pause)
[5289.332s][info][gc,task        ] GC(736) Using 8 workers of 8 for evacuation
[5289.481s][info][gc,phases      ] GC(736)   Pre Evacuate Collection Set: 0.27ms
[5289.481s][info][gc,phases      ] GC(736)   Merge Heap Roots: 0.72ms
[5289.481s][info][gc,phases      ] GC(736)   Evacuate Collection Set: 147.42ms
[5289.481s][info][gc,phases      ] GC(736)   Post Evacuate Collection Set: 1.09ms
[5289.481s][info][gc,phases      ] GC(736)   Other: 0.07ms
[5289.481s][info][gc,heap        ] GC(736) Eden regions: 539->0(573)
[5289.481s][info][gc,heap        ] GC(736) Survivor regions: 43->41(73)
[5289.481s][info][gc,heap        ] GC(736) Old regions: 249->257
[5289.481s][info][gc,heap        ] GC(736) Humongous regions: 33->33
[5289.481s][info][gc,metaspace   ] GC(736) Metaspace: 30010K(30464K)->30010K(30464K) NonClass: 24597K(24832K)->24597K(24832K) Class: 5412K(5632K)->5412K(5632K)
[5289.481s][info][gc             ] GC(736) Pause Young (Prepare Mixed) (G1 Evacuation Pause) 6887M->2622M(8192M) 149.691ms
[5289.481s][info][gc,cpu         ] GC(736) User=1.18s Sys=0.00s Real=0.15s
....[5293.557s][info][gc,start       ] GC(737) Pause Young (Mixed) (G1 Evacuation Pause)
[5293.557s][info][gc,task        ] GC(737) Using 8 workers of 8 for evacuation
[5293.712s][info][gc,phases      ] GC(737)   Pre Evacuate Collection Set: 0.29ms
[5293.712s][info][gc,phases      ] GC(737)   Merge Heap Roots: 0.74ms
[5293.712s][info][gc,phases      ] GC(737)   Evacuate Collection Set: 153.12ms
[5293.712s][info][gc,phases      ] GC(737)   Post Evacuate Collection Set: 1.26ms
[5293.712s][info][gc,phases      ] GC(737)   Other: 0.07ms
[5293.712s][info][gc,heap        ] GC(737) Eden regions: 573->0(572)
[5293.712s][info][gc,heap        ] GC(737) Survivor regions: 41->42(77)
[5293.712s][info][gc,heap        ] GC(737) Old regions: 257->162
[5293.712s][info][gc,heap        ] GC(737) Humongous regions: 33->33
[5293.712s][info][gc,metaspace   ] GC(737) Metaspace: 30010K(30464K)->30010K(30464K) NonClass: 24597K(24832K)->24597K(24832K) Class: 5412K(5632K)->5412K(5632K)
[5293.712s][info][gc             ] GC(737) Pause Young (Mixed) (G1 Evacuation Pause) 7206M->1871M(8192M) 155.605ms
[5293.712s][info][gc,cpu         ] GC(737) User=1.23s Sys=0.00s Real=0.15s
.....[5297.822s][info][gc,start       ] GC(738) Pause Young (Mixed) (G1 Evacuation Pause)
[5297.822s][info][gc,task        ] GC(738) Using 8 workers of 8 for evacuation
[5297.985s][info][gc,phases      ] GC(738)   Pre Evacuate Collection Set: 0.26ms
[5297.985s][info][gc,phases      ] GC(738)   Merge Heap Roots: 0.85ms
[5297.985s][info][gc,phases      ] GC(738)   Evacuate Collection Set: 160.24ms
[5297.985s][info][gc,phases      ] GC(738)   Post Evacuate Collection Set: 1.14ms
[5297.985s][info][gc,phases      ] GC(738)   Other: 0.07ms
[5297.985s][info][gc,heap        ] GC(738) Eden regions: 572->0(570)
[5297.985s][info][gc,heap        ] GC(738) Survivor regions: 42->44(77)
[5297.985s][info][gc,heap        ] GC(738) Old regions: 162->142
[5297.985s][info][gc,heap        ] GC(738) Humongous regions: 33->33
[5297.985s][info][gc,metaspace   ] GC(738) Metaspace: 30010K(30464K)->30010K(30464K) NonClass: 24597K(24832K)->24597K(24832K) Class: 5412K(5632K)->5412K(5632K)
[5297.985s][info][gc             ] GC(738) Pause Young (Mixed) (G1 Evacuation Pause) 6447M->1727M(8192M) 162.685ms
[5297.985s][info][gc,cpu         ] GC(738) User=1.28s Sys=0.00s Real=0.17s
....[5301.925s][info][gc,start       ] GC(739) Pause Young (Normal) (G1 Evacuation Pause)
[5301.925s][info][gc,task        ] GC(739) Using 8 workers of 8 for evacuation
[5302.076s][info][gc,phases      ] GC(739)   Pre Evacuate Collection Set: 0.24ms
[5302.076s][info][gc,phases      ] GC(739)   Merge Heap Roots: 0.49ms
[5302.076s][info][gc,phases      ] GC(739)   Evacuate Collection Set: 149.77ms
[5302.076s][info][gc,phases      ] GC(739)   Post Evacuate Collection Set: 1.02ms
[5302.076s][info][gc,phases      ] GC(739)   Other: 0.06ms
[5302.076s][info][gc,heap        ] GC(739) Eden regions: 570->0(570)
[5302.076s][info][gc,heap        ] GC(739) Survivor regions: 44->44(77)
[5302.076s][info][gc,heap        ] GC(739) Old regions: 142->150
[5302.076s][info][gc,heap        ] GC(739) Humongous regions: 33->33
[5302.076s][info][gc,metaspace   ] GC(739) Metaspace: 30010K(30464K)->30010K(30464K) NonClass: 24597K(24832K)->24597K(24832K) Class: 5412K(5632K)->5412K(5632K)
[5302.077s][info][gc             ] GC(739) Pause Young (Normal) (G1 Evacuation Pause) 6287M->1784M(8192M) 151.714ms
[5302.077s][info][gc,cpu         ] GC(739) User=1.20s Sys=0.00s Real=0.15s
....[5306.195s][info][gc,start       ] GC(740) Pause Young (Normal) (G1 Evacuation Pause)
[5306.195s][info][gc,task        ] GC(740) Using 8 workers of 8 for evacuation
[5306.346s][info][gc,phases      ] GC(740)   Pre Evacuate Collection Set: 0.27ms
[5306.347s][info][gc,phases      ] GC(740)   Merge Heap Roots: 0.59ms
[5306.347s][info][gc,phases      ] GC(740)   Evacuate Collection Set: 149.24ms
[5306.347s][info][gc,phases      ] GC(740)   Post Evacuate Collection Set: 1.03ms
[5306.347s][info][gc,phases      ] GC(740)   Other: 0.06ms
[5306.347s][info][gc,heap        ] GC(740) Eden regions: 570->0(571)
[5306.347s][info][gc,heap        ] GC(740) Survivor regions: 44->43(77)
[5306.347s][info][gc,heap        ] GC(740) Old regions: 150->157
[5306.347s][info][gc,heap        ] GC(740) Humongous regions: 33->33
[5306.347s][info][gc,metaspace   ] GC(740) Metaspace: 30010K(30464K)->30010K(30464K) NonClass: 24597K(24832K)->24597K(24832K) Class: 5412K(5632K)->5412K(5632K)
[5306.347s][info][gc             ] GC(740) Pause Young (Normal) (G1 Evacuation Pause) 6344M->1835M(8192M) 151.339ms
[5306.347s][info][gc,cpu         ] GC(740) User=1.20s Sys=0.00s Real=0.15s
....[5310.411s][info][gc,start       ] GC(741) Pause Young (Normal) (G1 Evacuation Pause)
[5310.411s][info][gc,task        ] GC(741) Using 8 workers of 8 for evacuation
[5310.561s][info][gc,phases      ] GC(741)   Pre Evacuate Collection Set: 0.24ms
[5310.561s][info][gc,phases      ] GC(741)   Merge Heap Roots: 0.53ms
[5310.561s][info][gc,phases      ] GC(741)   Evacuate Collection Set: 147.85ms
[5310.561s][info][gc,phases      ] GC(741)   Post Evacuate Collection Set: 1.04ms
[5310.561s][info][gc,phases      ] GC(741)   Other: 0.06ms
[5310.561s][info][gc,heap        ] GC(741) Eden regions: 571->0(572)
[5310.561s][info][gc,heap        ] GC(741) Survivor regions: 43->42(77)
[5310.561s][info][gc,heap        ] GC(741) Old regions: 157->164
[5310.561s][info][gc,heap        ] GC(741) Humongous regions: 33->33
[5310.561s][info][gc,metaspace   ] GC(741) Metaspace: 30010K(30464K)->30010K(30464K) NonClass: 24597K(24832K)->24597K(24832K) Class: 5412K(5632K)->5412K(5632K)
[5310.561s][info][gc             ] GC(741) Pause Young (Normal) (G1 Evacuation Pause) 6403M->1884M(8192M) 149.837ms
[5310.561s][info][gc,cpu         ] GC(741) User=1.19s Sys=0.00s Real=0.15s
....[5314.461s][info][gc,start       ] GC(742) Pause Young (Normal) (G1 Evacuation Pause)
[5314.461s][info][gc,task        ] GC(742) Using 8 workers of 8 for evacuation
[5314.611s][info][gc,phases      ] GC(742)   Pre Evacuate Collection Set: 0.26ms
[5314.612s][info][gc,phases      ] GC(742)   Merge Heap Roots: 0.57ms
[5314.612s][info][gc,phases      ] GC(742)   Evacuate Collection Set: 148.57ms
[5314.612s][info][gc,phases      ] GC(742)   Post Evacuate Collection Set: 1.03ms
[5314.612s][info][gc,phases      ] GC(742)   Other: 0.07ms
[5314.612s][info][gc,heap        ] GC(742) Eden regions: 572->0(571)
[5314.612s][info][gc,heap        ] GC(742) Survivor regions: 42->43(77)
[5314.612s][info][gc,heap        ] GC(742) Old regions: 164->171
[5314.612s][info][gc,heap        ] GC(742) Humongous regions: 33->33
[5314.612s][info][gc,metaspace   ] GC(742) Metaspace: 30010K(30464K)->30010K(30464K) NonClass: 24597K(24832K)->24597K(24832K) Class: 5412K(5632K)->5412K(5632K)
[5314.612s][info][gc             ] GC(742) Pause Young (Normal) (G1 Evacuation Pause) 6460M->1949M(8192M) 150.622ms
[5314.612s][info][gc,cpu         ] GC(742) User=1.19s Sys=0.00s Real=0.15s
....[5318.750s][info][gc,start       ] GC(743) Pause Young (Normal) (G1 Evacuation Pause)
[5318.750s][info][gc,task        ] GC(743) Using 8 workers of 8 for evacuation
[5318.901s][info][gc,phases      ] GC(743)   Pre Evacuate Collection Set: 0.26ms
[5318.901s][info][gc,phases      ] GC(743)   Merge Heap Roots: 0.53ms
[5318.901s][info][gc,phases      ] GC(743)   Evacuate Collection Set: 149.20ms
[5318.901s][info][gc,phases      ] GC(743)   Post Evacuate Collection Set: 1.02ms
[5318.901s][info][gc,phases      ] GC(743)   Other: 0.06ms
[5318.901s][info][gc,heap        ] GC(743) Eden regions: 571->0(571)
[5318.901s][info][gc,heap        ] GC(743) Survivor regions: 43->43(77)
[5318.901s][info][gc,heap        ] GC(743) Old regions: 171->178
[5318.901s][info][gc,heap        ] GC(743) Humongous regions: 33->33
[5318.901s][info][gc,metaspace   ] GC(743) Metaspace: 30010K(30464K)->30010K(30464K) NonClass: 24597K(24832K)->24597K(24832K) Class: 5412K(5632K)->5412K(5632K)
[5318.901s][info][gc             ] GC(743) Pause Young (Normal) (G1 Evacuation Pause) 6517M->2009M(8192M) 151.215ms
[5318.901s][info][gc,cpu         ] GC(743) User=1.20s Sys=0.00s Real=0.15s
.....[5322.983s][info][gc,start       ] GC(744) Pause Young (Normal) (G1 Evacuation Pause)
[5322.984s][info][gc,task        ] GC(744) Using 8 workers of 8 for evacuation
[5323.135s][info][gc,phases      ] GC(744)   Pre Evacuate Collection Set: 0.25ms
[5323.135s][info][gc,phases      ] GC(744)   Merge Heap Roots: 0.56ms
[5323.135s][info][gc,phases      ] GC(744)   Evacuate Collection Set: 149.69ms
[5323.135s][info][gc,phases      ] GC(744)   Post Evacuate Collection Set: 1.02ms
[5323.135s][info][gc,phases      ] GC(744)   Other: 0.06ms
[5323.135s][info][gc,heap        ] GC(744) Eden regions: 571->0(571)
[5323.135s][info][gc,heap        ] GC(744) Survivor regions: 43->43(77)
[5323.135s][info][gc,heap        ] GC(744) Old regions: 178->185
[5323.135s][info][gc,heap        ] GC(744) Humongous regions: 33->33
[5323.135s][info][gc,metaspace   ] GC(744) Metaspace: 30010K(30464K)->30010K(30464K) NonClass: 24597K(24832K)->24597K(24832K) Class: 5412K(5632K)->5412K(5632K)
[5323.135s][info][gc             ] GC(744) Pause Young (Normal) (G1 Evacuation Pause) 6577M->2063M(8192M) 151.703ms
[5323.135s][info][gc,cpu         ] GC(744) User=1.21s Sys=0.00s Real=0.15s
....[5327.218s][info][gc,start       ] GC(745) Pause Young (Normal) (G1 Evacuation Pause)
[5327.218s][info][gc,task        ] GC(745) Using 8 workers of 8 for evacuation
[5327.375s][info][gc,phases      ] GC(745)   Pre Evacuate Collection Set: 0.24ms
[5327.375s][info][gc,phases      ] GC(745)   Merge Heap Roots: 0.53ms
[5327.375s][info][gc,phases      ] GC(745)   Evacuate Collection Set: 154.75ms
[5327.375s][info][gc,phases      ] GC(745)   Post Evacuate Collection Set: 1.03ms
[5327.375s][info][gc,phases      ] GC(745)   Other: 0.06ms
[5327.375s][info][gc,heap        ] GC(745) Eden regions: 571->0(571)
[5327.375s][info][gc,heap        ] GC(745) Survivor regions: 43->43(77)
[5327.375s][info][gc,heap        ] GC(745) Old regions: 185->193
[5327.375s][info][gc,heap        ] GC(745) Humongous regions: 33->33
[5327.375s][info][gc,metaspace   ] GC(745) Metaspace: 30010K(30464K)->30010K(30464K) NonClass: 24597K(24832K)->24597K(24832K) Class: 5412K(5632K)->5412K(5632K)
[5327.375s][info][gc             ] GC(745) Pause Young (Normal) (G1 Evacuation Pause) 6631M->2127M(8192M) 156.746ms
[5327.375s][info][gc,cpu         ] GC(745) User=1.24s Sys=0.00s Real=0.16s
....[5331.432s][info][gc,start       ] GC(746) Pause Young (Normal) (G1 Evacuation Pause)
[5331.432s][info][gc,task        ] GC(746) Using 8 workers of 8 for evacuation
[5331.580s][info][gc,phases      ] GC(746)   Pre Evacuate Collection Set: 0.23ms
[5331.580s][info][gc,phases      ] GC(746)   Merge Heap Roots: 0.52ms
[5331.580s][info][gc,phases      ] GC(746)   Evacuate Collection Set: 145.48ms
[5331.580s][info][gc,phases      ] GC(746)   Post Evacuate Collection Set: 1.02ms
[5331.580s][info][gc,phases      ] GC(746)   Other: 0.06ms
[5331.580s][info][gc,heap        ] GC(746) Eden regions: 571->0(571)
[5331.580s][info][gc,heap        ] GC(746) Survivor regions: 43->43(77)
[5331.580s][info][gc,heap        ] GC(746) Old regions: 193->200
[5331.580s][info][gc,heap        ] GC(746) Humongous regions: 33->33
[5331.580s][info][gc,metaspace   ] GC(746) Metaspace: 30010K(30464K)->30010K(30464K) NonClass: 24597K(24832K)->24597K(24832K) Class: 5412K(5632K)->5412K(5632K)
[5331.580s][info][gc             ] GC(746) Pause Young (Normal) (G1 Evacuation Pause) 6695M->2178M(8192M) 147.445ms
[5331.580s][info][gc,cpu         ] GC(746) User=1.16s Sys=0.00s Real=0.15s
....[5335.678s][info][gc,start       ] GC(747) Pause Young (Normal) (G1 Evacuation Pause)
[5335.678s][info][gc,task        ] GC(747) Using 8 workers of 8 for evacuation
[5335.830s][info][gc,phases      ] GC(747)   Pre Evacuate Collection Set: 0.23ms
[5335.830s][info][gc,phases      ] GC(747)   Merge Heap Roots: 0.53ms
[5335.830s][info][gc,phases      ] GC(747)   Evacuate Collection Set: 150.22ms
[5335.830s][info][gc,phases      ] GC(747)   Post Evacuate Collection Set: 1.04ms
[5335.830s][info][gc,phases      ] GC(747)   Other: 0.06ms
[5335.830s][info][gc,heap        ] GC(747) Eden regions: 571->0(571)
[5335.830s][info][gc,heap        ] GC(747) Survivor regions: 43->43(77)
[5335.830s][info][gc,heap        ] GC(747) Old regions: 200->207
[5335.830s][info][gc,heap        ] GC(747) Humongous regions: 33->33
[5335.830s][info][gc,metaspace   ] GC(747) Metaspace: 30010K(30464K)->30010K(30464K) NonClass: 24597K(24832K)->24597K(24832K) Class: 5412K(5632K)->5412K(5632K)
[5335.830s][info][gc             ] GC(747) Pause Young (Normal) (G1 Evacuation Pause) 6746M->2236M(8192M) 152.218ms
[5335.830s][info][gc,cpu         ] GC(747) User=1.21s Sys=0.00s Real=0.15s
....[5339.766s][info][gc,start       ] GC(748) Pause Young (Normal) (G1 Evacuation Pause)
[5339.766s][info][gc,task        ] GC(748) Using 8 workers of 8 for evacuation
[5339.916s][info][gc,phases      ] GC(748)   Pre Evacuate Collection Set: 0.24ms
[5339.916s][info][gc,phases      ] GC(748)   Merge Heap Roots: 0.51ms
[5339.916s][info][gc,phases      ] GC(748)   Evacuate Collection Set: 148.21ms
[5339.916s][info][gc,phases      ] GC(748)   Post Evacuate Collection Set: 1.05ms
[5339.916s][info][gc,phases      ] GC(748)   Other: 0.07ms
[5339.916s][info][gc,heap        ] GC(748) Eden regions: 571->0(571)
[5339.916s][info][gc,heap        ] GC(748) Survivor regions: 43->43(77)
[5339.916s][info][gc,heap        ] GC(748) Old regions: 207->214
[5339.916s][info][gc,heap        ] GC(748) Humongous regions: 33->33
[5339.916s][info][gc,metaspace   ] GC(748) Metaspace: 30010K(30464K)->30010K(30464K) NonClass: 24597K(24832K)->24597K(24832K) Class: 5412K(5632K)->5412K(5632K)
[5339.916s][info][gc             ] GC(748) Pause Young (Normal) (G1 Evacuation Pause) 6804M->2289M(8192M) 150.225ms
[5339.916s][info][gc,cpu         ] GC(748) User=1.19s Sys=0.00s Real=0.15s
. (rIR:aIR:PR = 9132:9091:9080) (tPR = 134656) [OK] 
  5339s: Performance info:
         Transaction,    Success,    Partial,     Failed,   Receipts, AvgBarcode, 
             Overall,     546286,          0,          0,     518943,      59.47, 
         Response times:
             Request,    Success,    Partial,     Failed,   SkipFail,     Probes,    Samples,      min,      p50,      p90,      p95,      p99,      max, 
       TotalPurchase,     519520,          0,          0,          0,     359601,     391410,      300,     6400,    26000,    58000,   109000,   780000,
     InStorePurchase,     273621,          0,          0,          0,     188490,     204801,      300,     6300,    26000,    58000,   109000,   780000,
      OnlinePurchase,     191433,          0,          0,          0,     132917,     144507,      300,     6500,    26000,    58000,   110000,   770000,
        InstPurchase,      54466,          0,          0,          0,      38194,      42102,      500,     6500,    24000,    57000,   111000,   780000,
          AssocOfCat,        547,          0,          0,          0,        474,        577,    30000,    51000,    86000,   125000,   185420,   291000,
      AssocOfProduct,       5415,          0,          0,          0,       3966,       4494,      700,     7300,    25000,    58000,   112050,   690000,
      BusinessReport,       1374,          0,          0,          0,       1198,       1399,    33000,    55000,   115000,   151000,   212000,   318000,
          CustBuyBeh,       5531,          0,          0,          0,       3964,       4551,      700,     6900,    28000,    63000,   106000,   270000,
       ProductReturn,      14504,          0,          0,          0,       9170,      10251,      200,     6200,    27000,    62000,   113000,   525000,

  5339s: (67%)   IR =   9271 ...[5343.915s][info][gc,start       ] GC(749) Pause Young (Normal) (G1 Evacuation Pause)
[5343.915s][info][gc,task        ] GC(749) Using 8 workers of 8 for evacuation
[5344.066s][info][gc,phases      ] GC(749)   Pre Evacuate Collection Set: 0.25ms
[5344.066s][info][gc,phases      ] GC(749)   Merge Heap Roots: 0.51ms
[5344.066s][info][gc,phases      ] GC(749)   Evacuate Collection Set: 148.31ms
[5344.066s][info][gc,phases      ] GC(749)   Post Evacuate Collection Set: 1.08ms
[5344.066s][info][gc,phases      ] GC(749)   Other: 0.08ms
[5344.066s][info][gc,heap        ] GC(749) Eden regions: 571->0(571)
[5344.066s][info][gc,heap        ] GC(749) Survivor regions: 43->43(77)
[5344.066s][info][gc,heap        ] GC(749) Old regions: 214->221
[5344.066s][info][gc,heap        ] GC(749) Humongous regions: 33->33
[5344.066s][info][gc,metaspace   ] GC(749) Metaspace: 30010K(30464K)->30010K(30464K) NonClass: 24597K(24832K)->24597K(24832K) Class: 5412K(5632K)->5412K(5632K)
[5344.066s][info][gc             ] GC(749) Pause Young (Normal) (G1 Evacuation Pause) 6857M->2351M(8192M) 151.114ms
[5344.066s][info][gc,cpu         ] GC(749) User=1.19s Sys=0.00s Real=0.15s
.....|[5348.082s][info][gc,start       ] GC(750) Pause Young (Normal) (G1 Evacuation Pause)
[5348.082s][info][gc,task        ] GC(750) Using 8 workers of 8 for evacuation
[5348.236s][info][gc,phases      ] GC(750)   Pre Evacuate Collection Set: 0.24ms
[5348.236s][info][gc,phases      ] GC(750)   Merge Heap Roots: 0.58ms
[5348.236s][info][gc,phases      ] GC(750)   Evacuate Collection Set: 152.77ms
[5348.236s][info][gc,phases      ] GC(750)   Post Evacuate Collection Set: 1.09ms
[5348.236s][info][gc,phases      ] GC(750)   Other: 0.06ms
[5348.236s][info][gc,heap        ] GC(750) Eden regions: 571->0(571)
[5348.236s][info][gc,heap        ] GC(750) Survivor regions: 43->43(77)
[5348.236s][info][gc,heap        ] GC(750) Old regions: 221->228
[5348.236s][info][gc,heap        ] GC(750) Humongous regions: 33->33
[5348.236s][info][gc,metaspace   ] GC(750) Metaspace: 30010K(30464K)->30010K(30464K) NonClass: 24597K(24832K)->24597K(24832K) Class: 5412K(5632K)->5412K(5632K)
[5348.236s][info][gc             ] GC(750) Pause Young (Normal) (G1 Evacuation Pause) 6919M->2404M(8192M) 154.883ms
[5348.237s][info][gc,cpu         ] GC(750) User=1.23s Sys=0.01s Real=0.16s
....[5352.190s][info][gc,start       ] GC(751) Pause Young (Normal) (G1 Evacuation Pause)
[5352.190s][info][gc,task        ] GC(751) Using 8 workers of 8 for evacuation
[5352.344s][info][gc,phases      ] GC(751)   Pre Evacuate Collection Set: 0.24ms
[5352.344s][info][gc,phases      ] GC(751)   Merge Heap Roots: 0.64ms
[5352.344s][info][gc,phases      ] GC(751)   Evacuate Collection Set: 151.41ms
[5352.344s][info][gc,phases      ] GC(751)   Post Evacuate Collection Set: 1.03ms
[5352.344s][info][gc,phases      ] GC(751)   Other: 0.06ms
[5352.344s][info][gc,heap        ] GC(751) Eden regions: 571->0(570)
[5352.344s][info][gc,heap        ] GC(751) Survivor regions: 43->44(77)
[5352.344s][info][gc,heap        ] GC(751) Old regions: 228->235
[5352.344s][info][gc,heap        ] GC(751) Humongous regions: 33->33
[5352.344s][info][gc,metaspace   ] GC(751) Metaspace: 30010K(30464K)->30010K(30464K) NonClass: 24597K(24832K)->24597K(24832K) Class: 5412K(5632K)->5412K(5632K)
[5352.344s][info][gc             ] GC(751) Pause Young (Normal) (G1 Evacuation Pause) 6972M->2468M(8192M) 153.534ms
[5352.344s][info][gc,cpu         ] GC(751) User=1.22s Sys=0.00s Real=0.16s
....[5356.349s][info][gc,start       ] GC(752) Pause Young (Normal) (G1 Evacuation Pause)
[5356.349s][info][gc,task        ] GC(752) Using 8 workers of 8 for evacuation
[5356.497s][info][gc,phases      ] GC(752)   Pre Evacuate Collection Set: 0.24ms
[5356.497s][info][gc,phases      ] GC(752)   Merge Heap Roots: 0.54ms
[5356.497s][info][gc,phases      ] GC(752)   Evacuate Collection Set: 145.44ms
[5356.497s][info][gc,phases      ] GC(752)   Post Evacuate Collection Set: 1.04ms
[5356.497s][info][gc,phases      ] GC(752)   Other: 0.07ms
[5356.497s][info][gc,heap        ] GC(752) Eden regions: 570->0(573)
[5356.497s][info][gc,heap        ] GC(752) Survivor regions: 44->41(77)
[5356.497s][info][gc,heap        ] GC(752) Old regions: 235->242
[5356.497s][info][gc,heap        ] GC(752) Humongous regions: 33->33
[5356.497s][info][gc,metaspace   ] GC(752) Metaspace: 30010K(30464K)->30010K(30464K) NonClass: 24597K(24832K)->24597K(24832K) Class: 5412K(5632K)->5412K(5632K)
[5356.497s][info][gc             ] GC(752) Pause Young (Normal) (G1 Evacuation Pause) 7028M->2505M(8192M) 147.467ms
[5356.497s][info][gc,cpu         ] GC(752) User=1.16s Sys=0.00s Real=0.15s
....[5360.438s][info][gc,start       ] GC(753) Pause Young (Normal) (G1 Evacuation Pause)
[5360.438s][info][gc,task        ] GC(753) Using 8 workers of 8 for evacuation
[5360.589s][info][gc,phases      ] GC(753)   Pre Evacuate Collection Set: 0.24ms
[5360.589s][info][gc,phases      ] GC(753)   Merge Heap Roots: 0.57ms
[5360.589s][info][gc,phases      ] GC(753)   Evacuate Collection Set: 148.97ms
[5360.589s][info][gc,phases      ] GC(753)   Post Evacuate Collection Set: 1.04ms
[5360.589s][info][gc,phases      ] GC(753)   Other: 0.07ms
[5360.589s][info][gc,heap        ] GC(753) Eden regions: 573->0(571)
[5360.589s][info][gc,heap        ] GC(753) Survivor regions: 41->43(77)
[5360.589s][info][gc,heap        ] GC(753) Old regions: 242->249
[5360.589s][info][gc,heap        ] GC(753) Humongous regions: 33->33
[5360.589s][info][gc,metaspace   ] GC(753) Metaspace: 30010K(30464K)->30010K(30464K) NonClass: 24597K(24832K)->24597K(24832K) Class: 5412K(5632K)->5412K(5632K)
[5360.589s][info][gc             ] GC(753) Pause Young (Normal) (G1 Evacuation Pause) 7089M->2573M(8192M) 151.024ms
[5360.589s][info][gc,cpu         ] GC(753) User=1.20s Sys=0.00s Real=0.15s
....[5364.689s][info][gc,start       ] GC(754) Pause Young (Normal) (G1 Evacuation Pause)
[5364.689s][info][gc,task        ] GC(754) Using 8 workers of 8 for evacuation
[5364.839s][info][gc,phases      ] GC(754)   Pre Evacuate Collection Set: 0.24ms
[5364.839s][info][gc,phases      ] GC(754)   Merge Heap Roots: 0.55ms
[5364.839s][info][gc,phases      ] GC(754)   Evacuate Collection Set: 148.52ms
[5364.839s][info][gc,phases      ] GC(754)   Post Evacuate Collection Set: 1.04ms
[5364.839s][info][gc,phases      ] GC(754)   Other: 0.06ms
[5364.839s][info][gc,heap        ] GC(754) Eden regions: 571->0(570)
[5364.839s][info][gc,heap        ] GC(754) Survivor regions: 43->44(77)
[5364.839s][info][gc,heap        ] GC(754) Old regions: 249->256
[5364.839s][info][gc,heap        ] GC(754) Humongous regions: 33->33
[5364.839s][info][gc,metaspace   ] GC(754) Metaspace: 30010K(30464K)->30010K(30464K) NonClass: 24597K(24832K)->24597K(24832K) Class: 5412K(5632K)->5412K(5632K)
[5364.839s][info][gc             ] GC(754) Pause Young (Normal) (G1 Evacuation Pause) 7141M->2639M(8192M) 150.546ms
[5364.839s][info][gc,cpu         ] GC(754) User=1.20s Sys=0.00s Real=0.15s
....[5368.838s][info][gc,start       ] GC(755) Pause Young (Normal) (G1 Evacuation Pause)
[5368.838s][info][gc,task        ] GC(755) Using 8 workers of 8 for evacuation
[5368.989s][info][gc,phases      ] GC(755)   Pre Evacuate Collection Set: 0.25ms
[5368.990s][info][gc,phases      ] GC(755)   Merge Heap Roots: 0.54ms
[5368.990s][info][gc,phases      ] GC(755)   Evacuate Collection Set: 149.61ms
[5368.990s][info][gc,phases      ] GC(755)   Post Evacuate Collection Set: 1.02ms
[5368.990s][info][gc,phases      ] GC(755)   Other: 0.07ms
[5368.990s][info][gc,heap        ] GC(755) Eden regions: 570->0(571)
[5368.990s][info][gc,heap        ] GC(755) Survivor regions: 44->43(77)
[5368.990s][info][gc,heap        ] GC(755) Old regions: 256->264
[5368.990s][info][gc,heap        ] GC(755) Humongous regions: 33->33
[5368.990s][info][gc,metaspace   ] GC(755) Metaspace: 30010K(30464K)->30010K(30464K) NonClass: 24597K(24832K)->24597K(24832K) Class: 5412K(5632K)->5412K(5632K)
[5368.990s][info][gc             ] GC(755) Pause Young (Normal) (G1 Evacuation Pause) 7199M->2688M(8192M) 151.601ms
[5368.990s][info][gc,cpu         ] GC(755) User=1.21s Sys=0.00s Real=0.15s
....[5373.045s][info][gc,start       ] GC(756) Pause Young (Normal) (G1 Evacuation Pause)
[5373.045s][info][gc,task        ] GC(756) Using 8 workers of 8 for evacuation
[5373.202s][info][gc,phases      ] GC(756)   Pre Evacuate Collection Set: 0.25ms
[5373.202s][info][gc,phases      ] GC(756)   Merge Heap Roots: 0.56ms
[5373.202s][info][gc,phases      ] GC(756)   Evacuate Collection Set: 155.12ms
[5373.202s][info][gc,phases      ] GC(756)   Post Evacuate Collection Set: 1.03ms
[5373.202s][info][gc,phases      ] GC(756)   Other: 0.07ms
[5373.202s][info][gc,heap        ] GC(756) Eden regions: 571->0(570)
[5373.202s][info][gc,heap        ] GC(756) Survivor regions: 43->44(77)
[5373.202s][info][gc,heap        ] GC(756) Old regions: 264->271
[5373.202s][info][gc,heap        ] GC(756) Humongous regions: 33->33
[5373.202s][info][gc,metaspace   ] GC(756) Metaspace: 30010K(30464K)->30010K(30464K) NonClass: 24597K(24832K)->24597K(24832K) Class: 5412K(5632K)->5412K(5632K)
[5373.202s][info][gc             ] GC(756) Pause Young (Normal) (G1 Evacuation Pause) 7256M->2756M(8192M) 157.152ms
[5373.202s][info][gc,cpu         ] GC(756) User=1.24s Sys=0.00s Real=0.15s
.....[5377.263s][info][gc,start       ] GC(757) Pause Young (Normal) (G1 Evacuation Pause)
[5377.263s][info][gc,task        ] GC(757) Using 8 workers of 8 for evacuation
[5377.414s][info][gc,phases      ] GC(757)   Pre Evacuate Collection Set: 0.27ms
[5377.414s][info][gc,phases      ] GC(757)   Merge Heap Roots: 0.58ms
[5377.414s][info][gc,phases      ] GC(757)   Evacuate Collection Set: 149.10ms
[5377.414s][info][gc,phases      ] GC(757)   Post Evacuate Collection Set: 1.03ms
[5377.414s][info][gc,phases      ] GC(757)   Other: 0.06ms
[5377.414s][info][gc,heap        ] GC(757) Eden regions: 570->0(571)
[5377.414s][info][gc,heap        ] GC(757) Survivor regions: 44->43(77)
[5377.414s][info][gc,heap        ] GC(757) Old regions: 271->278
[5377.414s][info][gc,heap        ] GC(757) Humongous regions: 33->33
[5377.414s][info][gc,metaspace   ] GC(757) Metaspace: 30010K(30464K)->30010K(30464K) NonClass: 24597K(24832K)->24597K(24832K) Class: 5412K(5632K)->5412K(5632K)
[5377.414s][info][gc             ] GC(757) Pause Young (Normal) (G1 Evacuation Pause) 7316M->2803M(8192M) 151.165ms
[5377.414s][info][gc,cpu         ] GC(757) User=1.20s Sys=0.00s Real=0.16s
....[5381.387s][info][gc,start       ] GC(758) Pause Young (Normal) (G1 Evacuation Pause)
[5381.387s][info][gc,task        ] GC(758) Using 8 workers of 8 for evacuation
[5381.540s][info][gc,phases      ] GC(758)   Pre Evacuate Collection Set: 0.23ms
[5381.540s][info][gc,phases      ] GC(758)   Merge Heap Roots: 0.50ms
[5381.540s][info][gc,phases      ] GC(758)   Evacuate Collection Set: 151.35ms
[5381.540s][info][gc,phases      ] GC(758)   Post Evacuate Collection Set: 1.05ms
[5381.540s][info][gc,phases      ] GC(758)   Other: 0.06ms
[5381.540s][info][gc,heap        ] GC(758) Eden regions: 571->0(568)
[5381.540s][info][gc,heap        ] GC(758) Survivor regions: 43->43(77)
[5381.540s][info][gc,heap        ] GC(758) Old regions: 278->285
[5381.540s][info][gc,heap        ] GC(758) Humongous regions: 33->33
[5381.540s][info][gc,metaspace   ] GC(758) Metaspace: 30010K(30464K)->30010K(30464K) NonClass: 24597K(24832K)->24597K(24832K) Class: 5412K(5632K)->5412K(5632K)
[5381.540s][info][gc             ] GC(758) Pause Young (Normal) (G1 Evacuation Pause) 7371M->2859M(8192M) 153.316ms
[5381.540s][info][gc,cpu         ] GC(758) User=1.22s Sys=0.00s Real=0.15s
....[5385.479s][info][gc,start       ] GC(759) Pause Young (Normal) (G1 Evacuation Pause)
[5385.479s][info][gc,task        ] GC(759) Using 8 workers of 8 for evacuation
[5385.632s][info][gc,phases      ] GC(759)   Pre Evacuate Collection Set: 0.24ms
[5385.632s][info][gc,phases      ] GC(759)   Merge Heap Roots: 0.55ms
[5385.632s][info][gc,phases      ] GC(759)   Evacuate Collection Set: 150.34ms
[5385.632s][info][gc,phases      ] GC(759)   Post Evacuate Collection Set: 1.01ms
[5385.632s][info][gc,phases      ] GC(759)   Other: 0.07ms
[5385.632s][info][gc,heap        ] GC(759) Eden regions: 568->0(561)
[5385.632s][info][gc,heap        ] GC(759) Survivor regions: 43->43(77)
[5385.632s][info][gc,heap        ] GC(759) Old regions: 285->292
[5385.632s][info][gc,heap        ] GC(759) Humongous regions: 33->33
[5385.632s][info][gc,metaspace   ] GC(759) Metaspace: 30010K(30464K)->30010K(30464K) NonClass: 24597K(24832K)->24597K(24832K) Class: 5412K(5632K)->5412K(5632K)
[5385.632s][info][gc             ] GC(759) Pause Young (Normal) (G1 Evacuation Pause) 7403M->2915M(8192M) 152.341ms
[5385.632s][info][gc,cpu         ] GC(759) User=1.20s Sys=0.00s Real=0.15s
....[5389.309s][info][gc,start       ] GC(760) Pause Young (Normal) (G1 Evacuation Pause)
[5389.309s][info][gc,task        ] GC(760) Using 8 workers of 8 for evacuation
[5389.461s][info][gc,phases      ] GC(760)   Pre Evacuate Collection Set: 0.24ms
[5389.461s][info][gc,phases      ] GC(760)   Merge Heap Roots: 0.53ms
[5389.461s][info][gc,phases      ] GC(760)   Evacuate Collection Set: 150.70ms
[5389.462s][info][gc,phases      ] GC(760)   Post Evacuate Collection Set: 1.03ms
[5389.462s][info][gc,phases      ] GC(760)   Other: 0.06ms
[5389.462s][info][gc,heap        ] GC(760) Eden regions: 561->0(554)
[5389.462s][info][gc,heap        ] GC(760) Survivor regions: 43->43(76)
[5389.462s][info][gc,heap        ] GC(760) Old regions: 292->299
[5389.462s][info][gc,heap        ] GC(760) Humongous regions: 33->33
[5389.462s][info][gc,metaspace   ] GC(760) Metaspace: 30010K(30464K)->30010K(30464K) NonClass: 24597K(24832K)->24597K(24832K) Class: 5412K(5632K)->5412K(5632K)
[5389.462s][info][gc             ] GC(760) Pause Young (Normal) (G1 Evacuation Pause) 7403M->2969M(8192M) 152.678ms
[5389.462s][info][gc,cpu         ] GC(760) User=1.21s Sys=0.00s Real=0.15s
....[5393.281s][info][gc,start       ] GC(761) Pause Young (Normal) (G1 Evacuation Pause)
[5393.281s][info][gc,task        ] GC(761) Using 8 workers of 8 for evacuation
[5393.433s][info][gc,phases      ] GC(761)   Pre Evacuate Collection Set: 0.27ms
[5393.433s][info][gc,phases      ] GC(761)   Merge Heap Roots: 0.53ms
[5393.433s][info][gc,phases      ] GC(761)   Evacuate Collection Set: 150.05ms
[5393.433s][info][gc,phases      ] GC(761)   Post Evacuate Collection Set: 1.02ms
[5393.433s][info][gc,phases      ] GC(761)   Other: 0.06ms
[5393.433s][info][gc,heap        ] GC(761) Eden regions: 554->0(547)
[5393.433s][info][gc,heap        ] GC(761) Survivor regions: 43->43(75)
[5393.433s][info][gc,heap        ] GC(761) Old regions: 299->306
[5393.433s][info][gc,heap        ] GC(761) Humongous regions: 33->33
[5393.433s][info][gc,metaspace   ] GC(761) Metaspace: 30010K(30464K)->30010K(30464K) NonClass: 24597K(24832K)->24597K(24832K) Class: 5412K(5632K)->5412K(5632K)
[5393.433s][info][gc             ] GC(761) Pause Young (Normal) (G1 Evacuation Pause) 7401M->3028M(8192M) 152.071ms
[5393.433s][info][gc,cpu         ] GC(761) User=1.20s Sys=0.00s Real=0.16s
....[5397.230s][info][gc,start       ] GC(762) Pause Young (Concurrent Start) (G1 Evacuation Pause)
[5397.230s][info][gc,task        ] GC(762) Using 8 workers of 8 for evacuation
[5397.382s][info][gc,phases      ] GC(762)   Pre Evacuate Collection Set: 0.27ms
[5397.382s][info][gc,phases      ] GC(762)   Merge Heap Roots: 0.51ms
[5397.382s][info][gc,phases      ] GC(762)   Evacuate Collection Set: 150.65ms
[5397.382s][info][gc,phases      ] GC(762)   Post Evacuate Collection Set: 0.98ms
[5397.382s][info][gc,phases      ] GC(762)   Other: 0.09ms
[5397.382s][info][gc,heap        ] GC(762) Eden regions: 547->0(539)
[5397.382s][info][gc,heap        ] GC(762) Survivor regions: 43->43(74)
[5397.382s][info][gc,heap        ] GC(762) Old regions: 306->314
[5397.382s][info][gc,heap        ] GC(762) Humongous regions: 33->33
[5397.382s][info][gc,metaspace   ] GC(762) Metaspace: 30010K(30464K)->30010K(30464K) NonClass: 24597K(24832K)->24597K(24832K) Class: 5412K(5632K)->5412K(5632K)
[5397.382s][info][gc             ] GC(762) Pause Young (Concurrent Start) (G1 Evacuation Pause) 7404M->3094M(8192M) 152.664ms
[5397.382s][info][gc             ] GC(763) Concurrent Mark Cycle
[5397.382s][info][gc,marking     ] GC(763) Concurrent Scan Root Regions
[5397.382s][info][gc,cpu         ] GC(762) User=1.20s Sys=0.01s Real=0.15s
[5397.651s][info][gc,marking     ] GC(763) Concurrent Scan Root Regions 268.960ms
[5397.651s][info][gc,marking     ] GC(763) Concurrent Mark
[5397.651s][info][gc,marking     ] GC(763) Concurrent Mark From Roots
[5397.651s][info][gc,task        ] GC(763) Using 2 workers of 2 for marking
.[5399.127s][info][gc,marking     ] GC(763) Concurrent Mark From Roots 1475.497ms
[5399.127s][info][gc,marking     ] GC(763) Concurrent Preclean
[5399.127s][info][gc,marking     ] GC(763) Concurrent Preclean 0.096ms
[5399.127s][info][gc,start       ] GC(763) Pause Remark
[5399.130s][info][gc             ] GC(763) Pause Remark 5082M->4506M(8192M) 2.440ms
[5399.130s][info][gc,cpu         ] GC(763) User=0.01s Sys=0.00s Real=0.00s
[5399.130s][info][gc,marking     ] GC(763) Concurrent Mark 1478.343ms
[5399.130s][info][gc,marking     ] GC(763) Concurrent Rebuild Remembered Sets and Scrub Regions
.[5399.879s][info][gc,marking     ] GC(763) Concurrent Rebuild Remembered Sets and Scrub Regions 748.788ms
[5399.879s][info][gc,start       ] GC(763) Pause Cleanup
[5399.879s][info][gc             ] GC(763) Pause Cleanup 5427M->5427M(8192M) 0.261ms
[5399.879s][info][gc,cpu         ] GC(763) User=0.00s Sys=0.00s Real=0.00s
[5399.879s][info][gc,marking     ] GC(763) Concurrent Clear Claimed Marks
[5399.879s][info][gc,marking     ] GC(763) Concurrent Clear Claimed Marks 0.046ms
[5399.879s][info][gc,marking     ] GC(763) Concurrent Cleanup for Next Mark
[5399.891s][info][gc,marking     ] GC(763) Concurrent Cleanup for Next Mark 11.899ms
[5399.891s][info][gc             ] GC(763) Concurrent Mark Cycle 2508.734ms
.[5401.147s][info][gc,start       ] GC(764) Pause Young (Prepare Mixed) (G1 Evacuation Pause)
[5401.147s][info][gc,task        ] GC(764) Using 8 workers of 8 for evacuation
[5401.297s][info][gc,phases      ] GC(764)   Pre Evacuate Collection Set: 0.26ms
[5401.297s][info][gc,phases      ] GC(764)   Merge Heap Roots: 0.74ms
[5401.297s][info][gc,phases      ] GC(764)   Evacuate Collection Set: 148.39ms
[5401.297s][info][gc,phases      ] GC(764)   Post Evacuate Collection Set: 1.08ms
[5401.297s][info][gc,phases      ] GC(764)   Other: 0.08ms
[5401.298s][info][gc,heap        ] GC(764) Eden regions: 539->0(571)
[5401.298s][info][gc,heap        ] GC(764) Survivor regions: 43->43(73)
[5401.298s][info][gc,heap        ] GC(764) Old regions: 242->249
[5401.298s][info][gc,heap        ] GC(764) Humongous regions: 33->33
[5401.298s][info][gc,metaspace   ] GC(764) Metaspace: 30010K(30464K)->30010K(30464K) NonClass: 24597K(24832K)->24597K(24832K) Class: 5412K(5632K)->5412K(5632K)
[5401.298s][info][gc             ] GC(764) Pause Young (Prepare Mixed) (G1 Evacuation Pause) 6830M->2576M(8192M) 150.679ms
[5401.298s][info][gc,cpu         ] GC(764) User=1.20s Sys=0.00s Real=0.15s
....[5405.256s][info][gc,start       ] GC(765) Pause Young (Mixed) (G1 Evacuation Pause)
[5405.256s][info][gc,task        ] GC(765) Using 8 workers of 8 for evacuation
[5405.413s][info][gc,phases      ] GC(765)   Pre Evacuate Collection Set: 0.30ms
[5405.413s][info][gc,phases      ] GC(765)   Merge Heap Roots: 0.81ms
[5405.413s][info][gc,phases      ] GC(765)   Evacuate Collection Set: 154.70ms
[5405.413s][info][gc,phases      ] GC(765)   Post Evacuate Collection Set: 1.24ms
[5405.413s][info][gc,phases      ] GC(765)   Other: 0.08ms
[5405.413s][info][gc,heap        ] GC(765) Eden regions: 571->0(572)
[5405.413s][info][gc,heap        ] GC(765) Survivor regions: 43->42(77)
[5405.413s][info][gc,heap        ] GC(765) Old regions: 249->154
[5405.413s][info][gc,heap        ] GC(765) Humongous regions: 33->33
[5405.413s][info][gc,metaspace   ] GC(765) Metaspace: 30010K(30464K)->30010K(30464K) NonClass: 24597K(24832K)->24597K(24832K) Class: 5412K(5632K)->5412K(5632K)
[5405.413s][info][gc             ] GC(765) Pause Young (Mixed) (G1 Evacuation Pause) 7144M->1811M(8192M) 157.252ms
[5405.413s][info][gc,cpu         ] GC(765) User=1.24s Sys=0.00s Real=0.15s
.... (rIR:aIR:PR = 9271:9254:9254) (tPR = 136301) [OK] 
  5408s: Performance info:
         Transaction,    Success,    Partial,     Failed,   Receipts, AvgBarcode, 
             Overall,     558499,          0,          0,     530628,      59.48, 
         Response times:
             Request,    Success,    Partial,     Failed,   SkipFail,     Probes,    Samples,      min,      p50,      p90,      p95,      p99,      max, 
       TotalPurchase,     530625,          0,          0,          0,     360704,     411983,      300,     6300,    27000,    62000,   122000,  1200000,
     InStorePurchase,     279840,          0,          0,          0,     190045,     216660,      300,     6200,    26000,    61000,   122000,  1200000,
      OnlinePurchase,     194383,          0,          0,          0,     132802,     151741,      300,     6300,    27000,    63000,   123000,  1200000,
        InstPurchase,      56402,          0,          0,          0,      37857,      43582,      400,     6500,    28000,    63000,   123000,   790000,
          AssocOfCat,        560,          0,          0,          0,        469,        644,    24000,    52000,    85500,   123750,   202300,   253000,
      AssocOfProduct,       5647,          0,          0,          0,       4107,       4909,      500,     6900,    28000,    63000,   127000,   413000,
      BusinessReport,       1405,          0,          0,          0,       1247,       1585,    30000,    56000,   103000,   141000,   224000,  1200000,
          CustBuyBeh,       5688,          0,          0,          0,       4074,       4877,      200,     6300,    29000,    66000,   136000,   475000,
       ProductReturn,      14572,          0,          0,          0,       9634,      11336,      200,     6400,    30000,    69000,   127000,  1200000,

  5408s: (68%)   IR =   9409 [5409.472s][info][gc,start       ] GC(766) Pause Young (Mixed) (G1 Evacuation Pause)
[5409.472s][info][gc,task        ] GC(766) Using 8 workers of 8 for evacuation
[5409.630s][info][gc,phases      ] GC(766)   Pre Evacuate Collection Set: 0.29ms
[5409.630s][info][gc,phases      ] GC(766)   Merge Heap Roots: 0.91ms
[5409.630s][info][gc,phases      ] GC(766)   Evacuate Collection Set: 155.15ms
[5409.630s][info][gc,phases      ] GC(766)   Post Evacuate Collection Set: 1.12ms
[5409.630s][info][gc,phases      ] GC(766)   Other: 0.82ms
[5409.630s][info][gc,heap        ] GC(766) Eden regions: 572->0(571)
[5409.630s][info][gc,heap        ] GC(766) Survivor regions: 42->43(77)
[5409.630s][info][gc,heap        ] GC(766) Old regions: 154->142
[5409.630s][info][gc,heap        ] GC(766) Humongous regions: 33->33
[5409.630s][info][gc,metaspace   ] GC(766) Metaspace: 30010K(30464K)->30010K(30464K) NonClass: 24597K(24832K)->24597K(24832K) Class: 5412K(5632K)->5412K(5632K)
[5409.630s][info][gc             ] GC(766) Pause Young (Mixed) (G1 Evacuation Pause) 6387M->1719M(8192M) 158.425ms
[5409.630s][info][gc,cpu         ] GC(766) User=1.24s Sys=0.01s Real=0.16s
....[5413.534s][info][gc,start       ] GC(767) Pause Young (Normal) (G1 Evacuation Pause)
[5413.534s][info][gc,task        ] GC(767) Using 8 workers of 8 for evacuation
[5413.683s][info][gc,phases      ] GC(767)   Pre Evacuate Collection Set: 0.23ms
[5413.683s][info][gc,phases      ] GC(767)   Merge Heap Roots: 0.50ms
[5413.683s][info][gc,phases      ] GC(767)   Evacuate Collection Set: 147.96ms
[5413.683s][info][gc,phases      ] GC(767)   Post Evacuate Collection Set: 1.04ms
[5413.683s][info][gc,phases      ] GC(767)   Other: 0.06ms
[5413.683s][info][gc,heap        ] GC(767) Eden regions: 571->0(571)
[5413.683s][info][gc,heap        ] GC(767) Survivor regions: 43->43(77)
[5413.683s][info][gc,heap        ] GC(767) Old regions: 142->149
[5413.683s][info][gc,heap        ] GC(767) Humongous regions: 33->33
[5413.683s][info][gc,metaspace   ] GC(767) Metaspace: 30010K(30464K)->30010K(30464K) NonClass: 24597K(24832K)->24597K(24832K) Class: 5412K(5632K)->5412K(5632K)
[5413.683s][info][gc             ] GC(767) Pause Young (Normal) (G1 Evacuation Pause) 6287M->1779M(8192M) 149.924ms
[5413.683s][info][gc,cpu         ] GC(767) User=1.18s Sys=0.00s Real=0.15s
....[5417.688s][info][gc,start       ] GC(768) Pause Young (Normal) (G1 Evacuation Pause)
[5417.688s][info][gc,task        ] GC(768) Using 8 workers of 8 for evacuation
[5417.839s][info][gc,phases      ] GC(768)   Pre Evacuate Collection Set: 0.24ms
[5417.839s][info][gc,phases      ] GC(768)   Merge Heap Roots: 0.57ms
[5417.839s][info][gc,phases      ] GC(768)   Evacuate Collection Set: 148.99ms
[5417.839s][info][gc,phases      ] GC(768)   Post Evacuate Collection Set: 1.03ms
[5417.839s][info][gc,phases      ] GC(768)   Other: 0.06ms
[5417.839s][info][gc,heap        ] GC(768) Eden regions: 571->0(571)
[5417.839s][info][gc,heap        ] GC(768) Survivor regions: 43->43(77)
[5417.839s][info][gc,heap        ] GC(768) Old regions: 149->156
[5417.839s][info][gc,heap        ] GC(768) Humongous regions: 33->33
[5417.839s][info][gc,metaspace   ] GC(768) Metaspace: 30010K(30464K)->30010K(30464K) NonClass: 24597K(24832K)->24597K(24832K) Class: 5412K(5632K)->5412K(5632K)
[5417.839s][info][gc             ] GC(768) Pause Young (Normal) (G1 Evacuation Pause) 6347M->1831M(8192M) 151.025ms
[5417.839s][info][gc,cpu         ] GC(768) User=1.20s Sys=0.00s Real=0.15s
....[5421.762s][info][gc,start       ] GC(769) Pause Young (Normal) (G1 Evacuation Pause)
[5421.762s][info][gc,task        ] GC(769) Using 8 workers of 8 for evacuation
[5421.911s][info][gc,phases      ] GC(769)   Pre Evacuate Collection Set: 0.28ms
[5421.911s][info][gc,phases      ] GC(769)   Merge Heap Roots: 0.51ms
[5421.911s][info][gc,phases      ] GC(769)   Evacuate Collection Set: 147.33ms
[5421.911s][info][gc,phases      ] GC(769)   Post Evacuate Collection Set: 1.01ms
[5421.911s][info][gc,phases      ] GC(769)   Other: 0.06ms
[5421.911s][info][gc,heap        ] GC(769) Eden regions: 571->0(570)
[5421.911s][info][gc,heap        ] GC(769) Survivor regions: 43->44(77)
[5421.911s][info][gc,heap        ] GC(769) Old regions: 156->163
[5421.911s][info][gc,heap        ] GC(769) Humongous regions: 33->33
[5421.911s][info][gc,metaspace   ] GC(769) Metaspace: 30010K(30464K)->30010K(30464K) NonClass: 24597K(24832K)->24597K(24832K) Class: 5412K(5632K)->5412K(5632K)
[5421.911s][info][gc             ] GC(769) Pause Young (Normal) (G1 Evacuation Pause) 6399M->1894M(8192M) 149.319ms
[5421.911s][info][gc,cpu         ] GC(769) User=1.19s Sys=0.00s Real=0.15s
....|[5425.799s][info][gc,start       ] GC(770) Pause Young (Normal) (G1 Evacuation Pause)
[5425.799s][info][gc,task        ] GC(770) Using 8 workers of 8 for evacuation
[5425.953s][info][gc,phases      ] GC(770)   Pre Evacuate Collection Set: 0.27ms
[5425.953s][info][gc,phases      ] GC(770)   Merge Heap Roots: 0.57ms
[5425.953s][info][gc,phases      ] GC(770)   Evacuate Collection Set: 151.93ms
[5425.953s][info][gc,phases      ] GC(770)   Post Evacuate Collection Set: 1.04ms
[5425.953s][info][gc,phases      ] GC(770)   Other: 0.06ms
[5425.953s][info][gc,heap        ] GC(770) Eden regions: 570->0(570)
[5425.953s][info][gc,heap        ] GC(770) Survivor regions: 44->44(77)
[5425.953s][info][gc,heap        ] GC(770) Old regions: 163->170
[5425.953s][info][gc,heap        ] GC(770) Humongous regions: 33->33
[5425.953s][info][gc,metaspace   ] GC(770) Metaspace: 30010K(30464K)->30010K(30464K) NonClass: 24597K(24832K)->24597K(24832K) Class: 5412K(5632K)->5412K(5632K)
[5425.953s][info][gc             ] GC(770) Pause Young (Normal) (G1 Evacuation Pause) 6454M->1951M(8192M) 153.991ms
[5425.953s][info][gc,cpu         ] GC(770) User=1.22s Sys=0.00s Real=0.16s
....[5429.912s][info][gc,start       ] GC(771) Pause Young (Normal) (G1 Evacuation Pause)
[5429.912s][info][gc,task        ] GC(771) Using 8 workers of 8 for evacuation
[5430.064s][info][gc,phases      ] GC(771)   Pre Evacuate Collection Set: 0.27ms
[5430.064s][info][gc,phases      ] GC(771)   Merge Heap Roots: 0.56ms
[5430.064s][info][gc,phases      ] GC(771)   Evacuate Collection Set: 150.12ms
[5430.064s][info][gc,phases      ] GC(771)   Post Evacuate Collection Set: 1.02ms
[5430.064s][info][gc,phases      ] GC(771)   Other: 0.06ms
[5430.064s][info][gc,heap        ] GC(771) Eden regions: 570->0(571)
[5430.064s][info][gc,heap        ] GC(771) Survivor regions: 44->43(77)
[5430.064s][info][gc,heap        ] GC(771) Old regions: 170->178
[5430.064s][info][gc,heap        ] GC(771) Humongous regions: 33->33
[5430.064s][info][gc,metaspace   ] GC(771) Metaspace: 30010K(30464K)->30010K(30464K) NonClass: 24597K(24832K)->24597K(24832K) Class: 5412K(5632K)->5412K(5632K)
[5430.064s][info][gc             ] GC(771) Pause Young (Normal) (G1 Evacuation Pause) 6511M->2004M(8192M) 152.173ms
[5430.064s][info][gc,cpu         ] GC(771) User=1.21s Sys=0.00s Real=0.16s
....[5433.869s][info][gc,start       ] GC(772) Pause Young (Normal) (G1 Evacuation Pause)
[5433.869s][info][gc,task        ] GC(772) Using 8 workers of 8 for evacuation
[5434.019s][info][gc,phases      ] GC(772)   Pre Evacuate Collection Set: 0.25ms
[5434.019s][info][gc,phases      ] GC(772)   Merge Heap Roots: 0.54ms
[5434.019s][info][gc,phases      ] GC(772)   Evacuate Collection Set: 148.32ms
[5434.019s][info][gc,phases      ] GC(772)   Post Evacuate Collection Set: 1.05ms
[5434.019s][info][gc,phases      ] GC(772)   Other: 0.07ms
[5434.019s][info][gc,heap        ] GC(772) Eden regions: 571->0(571)
[5434.019s][info][gc,heap        ] GC(772) Survivor regions: 43->43(77)
[5434.019s][info][gc,heap        ] GC(772) Old regions: 178->184
[5434.019s][info][gc,heap        ] GC(772) Humongous regions: 33->33
[5434.019s][info][gc,metaspace   ] GC(772) Metaspace: 30010K(30464K)->30010K(30464K) NonClass: 24597K(24832K)->24597K(24832K) Class: 5412K(5632K)->5412K(5632K)
[5434.019s][info][gc             ] GC(772) Pause Young (Normal) (G1 Evacuation Pause) 6572M->2059M(8192M) 150.353ms
[5434.019s][info][gc,cpu         ] GC(772) User=1.19s Sys=0.00s Real=0.15s
....[5438.048s][info][gc,start       ] GC(773) Pause Young (Normal) (G1 Evacuation Pause)
[5438.048s][info][gc,task        ] GC(773) Using 8 workers of 8 for evacuation
[5438.200s][info][gc,phases      ] GC(773)   Pre Evacuate Collection Set: 0.28ms
[5438.200s][info][gc,phases      ] GC(773)   Merge Heap Roots: 0.52ms
[5438.200s][info][gc,phases      ] GC(773)   Evacuate Collection Set: 149.77ms
[5438.200s][info][gc,phases      ] GC(773)   Post Evacuate Collection Set: 1.00ms
[5438.200s][info][gc,phases      ] GC(773)   Other: 0.06ms
[5438.200s][info][gc,heap        ] GC(773) Eden regions: 571->0(571)
[5438.200s][info][gc,heap        ] GC(773) Survivor regions: 43->43(77)
[5438.200s][info][gc,heap        ] GC(773) Old regions: 184->192
[5438.200s][info][gc,heap        ] GC(773) Humongous regions: 33->33
[5438.200s][info][gc,metaspace   ] GC(773) Metaspace: 30010K(30464K)->30010K(30464K) NonClass: 24597K(24832K)->24597K(24832K) Class: 5412K(5632K)->5412K(5632K)
[5438.200s][info][gc             ] GC(773) Pause Young (Normal) (G1 Evacuation Pause) 6627M->2116M(8192M) 151.762ms
[5438.200s][info][gc,cpu         ] GC(773) User=1.20s Sys=0.00s Real=0.15s
....[5442.075s][info][gc,start       ] GC(774) Pause Young (Normal) (G1 Evacuation Pause)
[5442.075s][info][gc,task        ] GC(774) Using 8 workers of 8 for evacuation
[5442.224s][info][gc,phases      ] GC(774)   Pre Evacuate Collection Set: 0.29ms
[5442.224s][info][gc,phases      ] GC(774)   Merge Heap Roots: 0.57ms
[5442.224s][info][gc,phases      ] GC(774)   Evacuate Collection Set: 147.35ms
[5442.224s][info][gc,phases      ] GC(774)   Post Evacuate Collection Set: 1.02ms
[5442.224s][info][gc,phases      ] GC(774)   Other: 0.07ms
[5442.224s][info][gc,heap        ] GC(774) Eden regions: 571->0(571)
[5442.224s][info][gc,heap        ] GC(774) Survivor regions: 43->43(77)
[5442.224s][info][gc,heap        ] GC(774) Old regions: 192->199
[5442.224s][info][gc,heap        ] GC(774) Humongous regions: 33->33
[5442.224s][info][gc,metaspace   ] GC(774) Metaspace: 30010K(30464K)->30010K(30464K) NonClass: 24597K(24832K)->24597K(24832K) Class: 5412K(5632K)->5412K(5632K)
[5442.224s][info][gc             ] GC(774) Pause Young (Normal) (G1 Evacuation Pause) 6684M->2168M(8192M) 149.427ms
[5442.224s][info][gc,cpu         ] GC(774) User=1.18s Sys=0.00s Real=0.15s
....[5446.059s][info][gc,start       ] GC(775) Pause Young (Normal) (G1 Evacuation Pause)
[5446.059s][info][gc,task        ] GC(775) Using 8 workers of 8 for evacuation
[5446.212s][info][gc,phases      ] GC(775)   Pre Evacuate Collection Set: 0.24ms
[5446.212s][info][gc,phases      ] GC(775)   Merge Heap Roots: 0.54ms
[5446.212s][info][gc,phases      ] GC(775)   Evacuate Collection Set: 150.90ms
[5446.212s][info][gc,phases      ] GC(775)   Post Evacuate Collection Set: 1.04ms
[5446.212s][info][gc,phases      ] GC(775)   Other: 0.06ms
[5446.212s][info][gc,heap        ] GC(775) Eden regions: 571->0(571)
[5446.212s][info][gc,heap        ] GC(775) Survivor regions: 43->43(77)
[5446.212s][info][gc,heap        ] GC(775) Old regions: 199->206
[5446.212s][info][gc,heap        ] GC(775) Humongous regions: 33->33
[5446.212s][info][gc,metaspace   ] GC(775) Metaspace: 30010K(30464K)->30010K(30464K) NonClass: 24597K(24832K)->24597K(24832K) Class: 5412K(5632K)->5412K(5632K)
[5446.212s][info][gc             ] GC(775) Pause Young (Normal) (G1 Evacuation Pause) 6736M->2228M(8192M) 152.929ms
[5446.212s][info][gc,cpu         ] GC(775) User=1.21s Sys=0.00s Real=0.15s
....[5450.128s][info][gc,start       ] GC(776) Pause Young (Normal) (G1 Evacuation Pause)
[5450.128s][info][gc,task        ] GC(776) Using 8 workers of 8 for evacuation
[5450.283s][info][gc,phases      ] GC(776)   Pre Evacuate Collection Set: 0.26ms
[5450.283s][info][gc,phases      ] GC(776)   Merge Heap Roots: 0.56ms
[5450.283s][info][gc,phases      ] GC(776)   Evacuate Collection Set: 152.92ms
[5450.283s][info][gc,phases      ] GC(776)   Post Evacuate Collection Set: 1.04ms
[5450.283s][info][gc,phases      ] GC(776)   Other: 0.06ms
[5450.283s][info][gc,heap        ] GC(776) Eden regions: 571->0(570)
[5450.283s][info][gc,heap        ] GC(776) Survivor regions: 43->44(77)
[5450.283s][info][gc,heap        ] GC(776) Old regions: 206->213
[5450.283s][info][gc,heap        ] GC(776) Humongous regions: 33->33
[5450.283s][info][gc,metaspace   ] GC(776) Metaspace: 30010K(30464K)->30010K(30464K) NonClass: 24597K(24832K)->24597K(24832K) Class: 5412K(5632K)->5412K(5632K)
[5450.283s][info][gc             ] GC(776) Pause Young (Normal) (G1 Evacuation Pause) 6796M->2288M(8192M) 154.991ms
[5450.283s][info][gc,cpu         ] GC(776) User=1.23s Sys=0.00s Real=0.15s
....[5454.216s][info][gc,start       ] GC(777) Pause Young (Normal) (G1 Evacuation Pause)
[5454.216s][info][gc,task        ] GC(777) Using 8 workers of 8 for evacuation
[5454.369s][info][gc,phases      ] GC(777)   Pre Evacuate Collection Set: 0.26ms
[5454.369s][info][gc,phases      ] GC(777)   Merge Heap Roots: 0.69ms
[5454.369s][info][gc,phases      ] GC(777)   Evacuate Collection Set: 151.32ms
[5454.369s][info][gc,phases      ] GC(777)   Post Evacuate Collection Set: 1.04ms
[5454.369s][info][gc,phases      ] GC(777)   Other: 0.06ms
[5454.369s][info][gc,heap        ] GC(777) Eden regions: 570->0(571)
[5454.369s][info][gc,heap        ] GC(777) Survivor regions: 44->43(77)
[5454.369s][info][gc,heap        ] GC(777) Old regions: 213->220
[5454.369s][info][gc,heap        ] GC(777) Humongous regions: 33->33
[5454.369s][info][gc,metaspace   ] GC(777) Metaspace: 30010K(30464K)->30010K(30464K) NonClass: 24597K(24832K)->24597K(24832K) Class: 5412K(5632K)->5412K(5632K)
[5454.369s][info][gc             ] GC(777) Pause Young (Normal) (G1 Evacuation Pause) 6848M->2343M(8192M) 153.504ms
[5454.369s][info][gc,cpu         ] GC(777) User=1.21s Sys=0.00s Real=0.15s
....[5458.244s][info][gc,start       ] GC(778) Pause Young (Normal) (G1 Evacuation Pause)
[5458.244s][info][gc,task        ] GC(778) Using 8 workers of 8 for evacuation
[5458.400s][info][gc,phases      ] GC(778)   Pre Evacuate Collection Set: 0.25ms
[5458.400s][info][gc,phases      ] GC(778)   Merge Heap Roots: 0.65ms
[5458.400s][info][gc,phases      ] GC(778)   Evacuate Collection Set: 153.99ms
[5458.400s][info][gc,phases      ] GC(778)   Post Evacuate Collection Set: 1.01ms
[5458.400s][info][gc,phases      ] GC(778)   Other: 0.07ms
[5458.400s][info][gc,heap        ] GC(778) Eden regions: 571->0(570)
[5458.400s][info][gc,heap        ] GC(778) Survivor regions: 43->44(77)
[5458.400s][info][gc,heap        ] GC(778) Old regions: 220->228
[5458.400s][info][gc,heap        ] GC(778) Humongous regions: 33->33
[5458.400s][info][gc,metaspace   ] GC(778) Metaspace: 30010K(30464K)->30010K(30464K) NonClass: 24597K(24832K)->24597K(24832K) Class: 5412K(5632K)->5412K(5632K)
[5458.400s][info][gc             ] GC(778) Pause Young (Normal) (G1 Evacuation Pause) 6911M->2409M(8192M) 156.092ms
[5458.400s][info][gc,cpu         ] GC(778) User=1.24s Sys=0.00s Real=0.15s
....[5462.329s][info][gc,start       ] GC(779) Pause Young (Normal) (G1 Evacuation Pause)
[5462.329s][info][gc,task        ] GC(779) Using 8 workers of 8 for evacuation
[5462.478s][info][gc,phases      ] GC(779)   Pre Evacuate Collection Set: 0.27ms
[5462.478s][info][gc,phases      ] GC(779)   Merge Heap Roots: 0.63ms
[5462.478s][info][gc,phases      ] GC(779)   Evacuate Collection Set: 146.84ms
[5462.478s][info][gc,phases      ] GC(779)   Post Evacuate Collection Set: 1.02ms
[5462.478s][info][gc,phases      ] GC(779)   Other: 0.08ms
[5462.478s][info][gc,heap        ] GC(779) Eden regions: 570->0(572)
[5462.478s][info][gc,heap        ] GC(779) Survivor regions: 44->42(77)
[5462.478s][info][gc,heap        ] GC(779) Old regions: 228->235
[5462.478s][info][gc,heap        ] GC(779) Humongous regions: 33->33
[5462.478s][info][gc,metaspace   ] GC(779) Metaspace: 30010K(30464K)->30010K(30464K) NonClass: 24597K(24832K)->24597K(24832K) Class: 5412K(5632K)->5412K(5632K)
[5462.478s][info][gc             ] GC(779) Pause Young (Normal) (G1 Evacuation Pause) 6969M->2454M(8192M) 148.954ms
[5462.478s][info][gc,cpu         ] GC(779) User=1.18s Sys=0.00s Real=0.15s
....[5466.377s][info][gc,start       ] GC(780) Pause Young (Normal) (G1 Evacuation Pause)
[5466.377s][info][gc,task        ] GC(780) Using 8 workers of 8 for evacuation
[5466.529s][info][gc,phases      ] GC(780)   Pre Evacuate Collection Set: 0.27ms
[5466.529s][info][gc,phases      ] GC(780)   Merge Heap Roots: 0.54ms
[5466.529s][info][gc,phases      ] GC(780)   Evacuate Collection Set: 150.03ms
[5466.529s][info][gc,phases      ] GC(780)   Post Evacuate Collection Set: 1.01ms
[5466.529s][info][gc,phases      ] GC(780)   Other: 0.07ms
[5466.529s][info][gc,heap        ] GC(780) Eden regions: 572->0(571)
[5466.529s][info][gc,heap        ] GC(780) Survivor regions: 42->43(77)
[5466.529s][info][gc,heap        ] GC(780) Old regions: 235->242
[5466.529s][info][gc,heap        ] GC(780) Humongous regions: 33->33
[5466.529s][info][gc,metaspace   ] GC(780) Metaspace: 30010K(30464K)->30010K(30464K) NonClass: 24597K(24832K)->24597K(24832K) Class: 5412K(5632K)->5412K(5632K)
[5466.529s][info][gc             ] GC(780) Pause Young (Normal) (G1 Evacuation Pause) 7030M->2519M(8192M) 152.048ms
[5466.529s][info][gc,cpu         ] GC(780) User=1.20s Sys=0.00s Real=0.15s
....[5470.403s][info][gc,start       ] GC(781) Pause Young (Normal) (G1 Evacuation Pause)
[5470.404s][info][gc,task        ] GC(781) Using 8 workers of 8 for evacuation
[5470.557s][info][gc,phases      ] GC(781)   Pre Evacuate Collection Set: 0.26ms
[5470.557s][info][gc,phases      ] GC(781)   Merge Heap Roots: 0.53ms
[5470.557s][info][gc,phases      ] GC(781)   Evacuate Collection Set: 151.33ms
[5470.557s][info][gc,phases      ] GC(781)   Post Evacuate Collection Set: 1.02ms
[5470.557s][info][gc,phases      ] GC(781)   Other: 0.06ms
[5470.557s][info][gc,heap        ] GC(781) Eden regions: 571->0(571)
[5470.557s][info][gc,heap        ] GC(781) Survivor regions: 43->43(77)
[5470.557s][info][gc,heap        ] GC(781) Old regions: 242->249
[5470.557s][info][gc,heap        ] GC(781) Humongous regions: 33->33
[5470.557s][info][gc,metaspace   ] GC(781) Metaspace: 30010K(30464K)->30010K(30464K) NonClass: 24597K(24832K)->24597K(24832K) Class: 5412K(5632K)->5412K(5632K)
[5470.557s][info][gc             ] GC(781) Pause Young (Normal) (G1 Evacuation Pause) 7087M->2576M(8192M) 153.356ms
[5470.557s][info][gc,cpu         ] GC(781) User=1.22s Sys=0.00s Real=0.15s
....[5474.374s][info][gc,start       ] GC(782) Pause Young (Normal) (G1 Evacuation Pause)
[5474.374s][info][gc,task        ] GC(782) Using 8 workers of 8 for evacuation
[5474.525s][info][gc,phases      ] GC(782)   Pre Evacuate Collection Set: 0.24ms
[5474.525s][info][gc,phases      ] GC(782)   Merge Heap Roots: 0.55ms
[5474.525s][info][gc,phases      ] GC(782)   Evacuate Collection Set: 148.26ms
[5474.525s][info][gc,phases      ] GC(782)   Post Evacuate Collection Set: 1.02ms
[5474.525s][info][gc,phases      ] GC(782)   Other: 0.06ms
[5474.525s][info][gc,heap        ] GC(782) Eden regions: 571->0(571)
[5474.525s][info][gc,heap        ] GC(782) Survivor regions: 43->43(77)
[5474.525s][info][gc,heap        ] GC(782) Old regions: 249->256
[5474.525s][info][gc,heap        ] GC(782) Humongous regions: 33->33
[5474.525s][info][gc,metaspace   ] GC(782) Metaspace: 30010K(30464K)->30010K(30464K) NonClass: 24597K(24832K)->24597K(24832K) Class: 5412K(5632K)->5412K(5632K)
[5474.525s][info][gc             ] GC(782) Pause Young (Normal) (G1 Evacuation Pause) 7144M->2628M(8192M) 150.286ms
[5474.525s][info][gc,cpu         ] GC(782) User=1.19s Sys=0.00s Real=0.15s
....[5478.373s][info][gc,start       ] GC(783) Pause Young (Normal) (G1 Evacuation Pause)
[5478.373s][info][gc,task        ] GC(783) Using 8 workers of 8 for evacuation
[5478.531s][info][gc,phases      ] GC(783)   Pre Evacuate Collection Set: 0.22ms
[5478.531s][info][gc,phases      ] GC(783)   Merge Heap Roots: 0.53ms
[5478.531s][info][gc,phases      ] GC(783)   Evacuate Collection Set: 155.75ms
[5478.531s][info][gc,phases      ] GC(783)   Post Evacuate Collection Set: 1.03ms
[5478.531s][info][gc,phases      ] GC(783)   Other: 0.06ms
[5478.531s][info][gc,heap        ] GC(783) Eden regions: 571->0(570)
[5478.531s][info][gc,heap        ] GC(783) Survivor regions: 43->44(77)
[5478.531s][info][gc,heap        ] GC(783) Old regions: 256->264
[5478.531s][info][gc,heap        ] GC(783) Humongous regions: 33->33
[5478.531s][info][gc,metaspace   ] GC(783) Metaspace: 30010K(30464K)->30010K(30464K) NonClass: 24597K(24832K)->24597K(24832K) Class: 5412K(5632K)->5412K(5632K)
[5478.531s][info][gc             ] GC(783) Pause Young (Normal) (G1 Evacuation Pause) 7196M->2696M(8192M) 157.725ms
[5478.531s][info][gc,cpu         ] GC(783) User=1.25s Sys=0.00s Real=0.16s
....[5482.434s][info][gc,start       ] GC(784) Pause Young (Normal) (G1 Evacuation Pause)
[5482.434s][info][gc,task        ] GC(784) Using 8 workers of 8 for evacuation
[5482.581s][info][gc,phases      ] GC(784)   Pre Evacuate Collection Set: 0.25ms
[5482.581s][info][gc,phases      ] GC(784)   Merge Heap Roots: 0.54ms
[5482.581s][info][gc,phases      ] GC(784)   Evacuate Collection Set: 145.34ms
[5482.581s][info][gc,phases      ] GC(784)   Post Evacuate Collection Set: 1.01ms
[5482.581s][info][gc,phases      ] GC(784)   Other: 0.07ms
[5482.581s][info][gc,heap        ] GC(784) Eden regions: 570->0(571)
[5482.581s][info][gc,heap        ] GC(784) Survivor regions: 44->43(77)
[5482.581s][info][gc,heap        ] GC(784) Old regions: 264->270
[5482.581s][info][gc,heap        ] GC(784) Humongous regions: 33->33
[5482.581s][info][gc,metaspace   ] GC(784) Metaspace: 30010K(30464K)->30010K(30464K) NonClass: 24597K(24832K)->24597K(24832K) Class: 5412K(5632K)->5412K(5632K)
[5482.581s][info][gc             ] GC(784) Pause Young (Normal) (G1 Evacuation Pause) 7256M->2743M(8192M) 147.331ms
[5482.581s][info][gc,cpu         ] GC(784) User=1.17s Sys=0.00s Real=0.14s
.... (rIR:aIR:PR = 9409:9450:9447) (tPR = 141031) [OK] 
  5485s: Performance info:
         Transaction,    Success,    Partial,     Failed,   Receipts, AvgBarcode, 
             Overall,     573096,          0,          0,     544576,      59.47, 
         Response times:
             Request,    Success,    Partial,     Failed,   SkipFail,     Probes,    Samples,      min,      p50,      p90,      p95,      p99,      max, 
       TotalPurchase,     544677,          0,          0,          0,     358903,     463570,      300,     6400,    22000,    54000,   120000,   478000,
     InStorePurchase,     285726,          0,          0,          0,     189234,     243798,      300,     6400,    22000,    54000,   121000,   478000,
      OnlinePurchase,     202190,          0,          0,          0,     132002,     171146,      300,     6500,    22000,    54000,   119000,   476000,
        InstPurchase,      56761,          0,          0,          0,      37667,      48626,      500,     6500,    22000,    54000,   119000,   473000,
          AssocOfCat,        573,          0,          0,          0,        462,        707,    31000,    52000,    82200,   111600,   203920,   377000,
      AssocOfProduct,       5737,          0,          0,          0,       4196,       5609,      600,     5700,    23000,    62000,   131000,   418000,
      BusinessReport,       1427,          0,          0,          0,       1279,       1845,    26000,    57000,    89000,   118000,   208000,   534000,
          CustBuyBeh,       5670,          0,          0,          0,       4173,       5630,      200,     6700,    22000,    50450,   102690,   472000,
       ProductReturn,      15174,          0,          0,          0,       9744,      12774,      200,     6600,    22000,    54000,   120000,   471000,

  5485s: (69%)   IR =   9548 [5486.464s][info][gc,start       ] GC(785) Pause Young (Normal) (G1 Evacuation Pause)
[5486.464s][info][gc,task        ] GC(785) Using 8 workers of 8 for evacuation
[5486.617s][info][gc,phases      ] GC(785)   Pre Evacuate Collection Set: 0.23ms
[5486.617s][info][gc,phases      ] GC(785)   Merge Heap Roots: 0.51ms
[5486.617s][info][gc,phases      ] GC(785)   Evacuate Collection Set: 151.11ms
[5486.617s][info][gc,phases      ] GC(785)   Post Evacuate Collection Set: 1.04ms
[5486.617s][info][gc,phases      ] GC(785)   Other: 0.06ms
[5486.617s][info][gc,heap        ] GC(785) Eden regions: 571->0(570)
[5486.617s][info][gc,heap        ] GC(785) Survivor regions: 43->44(77)
[5486.617s][info][gc,heap        ] GC(785) Old regions: 270->278
[5486.617s][info][gc,heap        ] GC(785) Humongous regions: 33->33
[5486.617s][info][gc,metaspace   ] GC(785) Metaspace: 30010K(30464K)->30010K(30464K) NonClass: 24597K(24832K)->24597K(24832K) Class: 5412K(5632K)->5412K(5632K)
[5486.617s][info][gc             ] GC(785) Pause Young (Normal) (G1 Evacuation Pause) 7311M->2809M(8192M) 153.084ms
[5486.618s][info][gc,cpu         ] GC(785) User=1.22s Sys=0.00s Real=0.15s
....[5490.474s][info][gc,start       ] GC(786) Pause Young (Normal) (G1 Evacuation Pause)
[5490.474s][info][gc,task        ] GC(786) Using 8 workers of 8 for evacuation
[5490.624s][info][gc,phases      ] GC(786)   Pre Evacuate Collection Set: 0.26ms
[5490.624s][info][gc,phases      ] GC(786)   Merge Heap Roots: 0.55ms
[5490.624s][info][gc,phases      ] GC(786)   Evacuate Collection Set: 148.21ms
[5490.624s][info][gc,phases      ] GC(786)   Post Evacuate Collection Set: 1.01ms
[5490.624s][info][gc,phases      ] GC(786)   Other: 0.06ms
[5490.624s][info][gc,heap        ] GC(786) Eden regions: 570->0(568)
[5490.624s][info][gc,heap        ] GC(786) Survivor regions: 44->43(77)
[5490.624s][info][gc,heap        ] GC(786) Old regions: 278->285
[5490.624s][info][gc,heap        ] GC(786) Humongous regions: 33->33
[5490.624s][info][gc,metaspace   ] GC(786) Metaspace: 30010K(30464K)->30010K(30464K) NonClass: 24597K(24832K)->24597K(24832K) Class: 5412K(5632K)->5412K(5632K)
[5490.624s][info][gc             ] GC(786) Pause Young (Normal) (G1 Evacuation Pause) 7369M->2859M(8192M) 150.248ms
[5490.624s][info][gc,cpu         ] GC(786) User=1.19s Sys=0.00s Real=0.15s
...|.[5494.472s][info][gc,start       ] GC(787) Pause Young (Normal) (G1 Evacuation Pause)
[5494.472s][info][gc,task        ] GC(787) Using 8 workers of 8 for evacuation
[5494.622s][info][gc,phases      ] GC(787)   Pre Evacuate Collection Set: 0.27ms
[5494.622s][info][gc,phases      ] GC(787)   Merge Heap Roots: 0.59ms
[5494.622s][info][gc,phases      ] GC(787)   Evacuate Collection Set: 147.80ms
[5494.622s][info][gc,phases      ] GC(787)   Post Evacuate Collection Set: 1.01ms
[5494.622s][info][gc,phases      ] GC(787)   Other: 0.06ms
[5494.622s][info][gc,heap        ] GC(787) Eden regions: 568->0(561)
[5494.622s][info][gc,heap        ] GC(787) Survivor regions: 43->43(77)
[5494.622s][info][gc,heap        ] GC(787) Old regions: 285->292
[5494.622s][info][gc,heap        ] GC(787) Humongous regions: 33->33
[5494.622s][info][gc,metaspace   ] GC(787) Metaspace: 30016K(30528K)->30016K(30528K) NonClass: 24603K(24896K)->24603K(24896K) Class: 5412K(5632K)->5412K(5632K)
[5494.622s][info][gc             ] GC(787) Pause Young (Normal) (G1 Evacuation Pause) 7403M->2916M(8192M) 149.884ms
[5494.622s][info][gc,cpu         ] GC(787) User=1.19s Sys=0.00s Real=0.15s
....[5498.488s][info][gc,start       ] GC(788) Pause Young (Normal) (G1 Evacuation Pause)
[5498.488s][info][gc,task        ] GC(788) Using 8 workers of 8 for evacuation
[5498.635s][info][gc,phases      ] GC(788)   Pre Evacuate Collection Set: 0.25ms
[5498.635s][info][gc,phases      ] GC(788)   Merge Heap Roots: 0.51ms
[5498.635s][info][gc,phases      ] GC(788)   Evacuate Collection Set: 146.02ms
[5498.635s][info][gc,phases      ] GC(788)   Post Evacuate Collection Set: 1.00ms
[5498.635s][info][gc,phases      ] GC(788)   Other: 0.06ms
[5498.635s][info][gc,heap        ] GC(788) Eden regions: 561->0(558)
[5498.635s][info][gc,heap        ] GC(788) Survivor regions: 43->41(76)
[5498.635s][info][gc,heap        ] GC(788) Old regions: 292->299
[5498.635s][info][gc,heap        ] GC(788) Humongous regions: 33->33
[5498.635s][info][gc,metaspace   ] GC(788) Metaspace: 30016K(30528K)->30016K(30528K) NonClass: 24603K(24896K)->24603K(24896K) Class: 5412K(5632K)->5412K(5632K)
[5498.635s][info][gc             ] GC(788) Pause Young (Normal) (G1 Evacuation Pause) 7404M->2963M(8192M) 147.971ms
[5498.636s][info][gc,cpu         ] GC(788) User=1.17s Sys=0.00s Real=0.15s
....[5502.552s][info][gc,start       ] GC(789) Pause Young (Normal) (G1 Evacuation Pause)
[5502.552s][info][gc,task        ] GC(789) Using 8 workers of 8 for evacuation
[5502.701s][info][gc,phases      ] GC(789)   Pre Evacuate Collection Set: 0.25ms
[5502.701s][info][gc,phases      ] GC(789)   Merge Heap Roots: 0.52ms
[5502.701s][info][gc,phases      ] GC(789)   Evacuate Collection Set: 147.12ms
[5502.701s][info][gc,phases      ] GC(789)   Post Evacuate Collection Set: 1.01ms
[5502.701s][info][gc,phases      ] GC(789)   Other: 0.06ms
[5502.701s][info][gc,heap        ] GC(789) Eden regions: 558->0(546)
[5502.701s][info][gc,heap        ] GC(789) Survivor regions: 41->43(75)
[5502.701s][info][gc,heap        ] GC(789) Old regions: 299->307
[5502.701s][info][gc,heap        ] GC(789) Humongous regions: 33->33
[5502.701s][info][gc,metaspace   ] GC(789) Metaspace: 30016K(30528K)->30016K(30528K) NonClass: 24603K(24896K)->24603K(24896K) Class: 5412K(5632K)->5412K(5632K)
[5502.701s][info][gc             ] GC(789) Pause Young (Normal) (G1 Evacuation Pause) 7427M->3034M(8192M) 149.099ms
[5502.701s][info][gc,cpu         ] GC(789) User=1.18s Sys=0.00s Real=0.15s
....[5506.235s][info][gc,start       ] GC(790) Pause Young (Concurrent Start) (G1 Evacuation Pause)
[5506.235s][info][gc,task        ] GC(790) Using 8 workers of 8 for evacuation
[5506.385s][info][gc,phases      ] GC(790)   Pre Evacuate Collection Set: 0.32ms
[5506.385s][info][gc,phases      ] GC(790)   Merge Heap Roots: 0.56ms
[5506.385s][info][gc,phases      ] GC(790)   Evacuate Collection Set: 148.17ms
[5506.385s][info][gc,phases      ] GC(790)   Post Evacuate Collection Set: 0.98ms
[5506.385s][info][gc,phases      ] GC(790)   Other: 0.12ms
[5506.385s][info][gc,heap        ] GC(790) Eden regions: 546->0(539)
[5506.385s][info][gc,heap        ] GC(790) Survivor regions: 43->43(74)
[5506.385s][info][gc,heap        ] GC(790) Old regions: 307->314
[5506.385s][info][gc,heap        ] GC(790) Humongous regions: 33->33
[5506.385s][info][gc,metaspace   ] GC(790) Metaspace: 30016K(30528K)->30016K(30528K) NonClass: 24603K(24896K)->24603K(24896K) Class: 5412K(5632K)->5412K(5632K)
[5506.385s][info][gc             ] GC(790) Pause Young (Concurrent Start) (G1 Evacuation Pause) 7402M->3088M(8192M) 150.280ms
[5506.385s][info][gc             ] GC(791) Concurrent Mark Cycle
[5506.385s][info][gc,marking     ] GC(791) Concurrent Scan Root Regions
[5506.385s][info][gc,cpu         ] GC(790) User=1.19s Sys=0.00s Real=0.15s
.[5506.836s][info][gc,marking     ] GC(791) Concurrent Scan Root Regions 450.368ms
[5506.836s][info][gc,marking     ] GC(791) Concurrent Mark
[5506.836s][info][gc,marking     ] GC(791) Concurrent Mark From Roots
[5506.836s][info][gc,task        ] GC(791) Using 2 workers of 2 for marking
.[5508.331s][info][gc,marking     ] GC(791) Concurrent Mark From Roots 1494.947ms
[5508.331s][info][gc,marking     ] GC(791) Concurrent Preclean
[5508.331s][info][gc,marking     ] GC(791) Concurrent Preclean 0.134ms
[5508.331s][info][gc,start       ] GC(791) Pause Remark
[5508.334s][info][gc             ] GC(791) Pause Remark 5384M->4808M(8192M) 3.364ms
[5508.334s][info][gc,cpu         ] GC(791) User=0.02s Sys=0.00s Real=0.01s
[5508.335s][info][gc,marking     ] GC(791) Concurrent Mark 1498.819ms
[5508.335s][info][gc,marking     ] GC(791) Concurrent Rebuild Remembered Sets and Scrub Regions
.[5508.936s][info][gc,marking     ] GC(791) Concurrent Rebuild Remembered Sets and Scrub Regions 601.681ms
[5508.936s][info][gc,start       ] GC(791) Pause Cleanup
[5508.937s][info][gc             ] GC(791) Pause Cleanup 5516M->5516M(8192M) 0.296ms
[5508.937s][info][gc,cpu         ] GC(791) User=0.00s Sys=0.00s Real=0.00s
[5508.937s][info][gc,marking     ] GC(791) Concurrent Clear Claimed Marks
[5508.937s][info][gc,marking     ] GC(791) Concurrent Clear Claimed Marks 0.060ms
[5508.937s][info][gc,marking     ] GC(791) Concurrent Cleanup for Next Mark
[5508.953s][info][gc,marking     ] GC(791) Concurrent Cleanup for Next Mark 15.663ms
[5508.953s][info][gc             ] GC(791) Concurrent Mark Cycle 2567.366ms
.[5510.047s][info][gc,start       ] GC(792) Pause Young (Prepare Mixed) (G1 Evacuation Pause)
[5510.047s][info][gc,task        ] GC(792) Using 8 workers of 8 for evacuation
[5510.199s][info][gc,phases      ] GC(792)   Pre Evacuate Collection Set: 0.25ms
[5510.199s][info][gc,phases      ] GC(792)   Merge Heap Roots: 0.72ms
[5510.199s][info][gc,phases      ] GC(792)   Evacuate Collection Set: 149.06ms
[5510.199s][info][gc,phases      ] GC(792)   Post Evacuate Collection Set: 1.11ms
[5510.199s][info][gc,phases      ] GC(792)   Other: 0.07ms
[5510.199s][info][gc,heap        ] GC(792) Eden regions: 539->0(572)
[5510.199s][info][gc,heap        ] GC(792) Survivor regions: 43->42(73)
[5510.199s][info][gc,heap        ] GC(792) Old regions: 242->249
[5510.199s][info][gc,heap        ] GC(792) Humongous regions: 33->33
[5510.199s][info][gc,metaspace   ] GC(792) Metaspace: 30016K(30528K)->30016K(30528K) NonClass: 24603K(24896K)->24603K(24896K) Class: 5412K(5632K)->5412K(5632K)
[5510.199s][info][gc             ] GC(792) Pause Young (Prepare Mixed) (G1 Evacuation Pause) 6824M->2569M(8192M) 151.336ms
[5510.199s][info][gc,cpu         ] GC(792) User=1.20s Sys=0.00s Real=0.15s
....[5513.973s][info][gc,start       ] GC(793) Pause Young (Mixed) (G1 Evacuation Pause)
[5513.973s][info][gc,task        ] GC(793) Using 8 workers of 8 for evacuation
[5514.138s][info][gc,phases      ] GC(793)   Pre Evacuate Collection Set: 0.25ms
[5514.138s][info][gc,phases      ] GC(793)   Merge Heap Roots: 0.79ms
[5514.138s][info][gc,phases      ] GC(793)   Evacuate Collection Set: 162.39ms
[5514.138s][info][gc,phases      ] GC(793)   Post Evacuate Collection Set: 1.25ms
[5514.138s][info][gc,phases      ] GC(793)   Other: 0.07ms
[5514.138s][info][gc,heap        ] GC(793) Eden regions: 572->0(570)
[5514.138s][info][gc,heap        ] GC(793) Survivor regions: 42->44(77)
[5514.138s][info][gc,heap        ] GC(793) Old regions: 249->155
[5514.138s][info][gc,heap        ] GC(793) Humongous regions: 33->33
[5514.138s][info][gc,metaspace   ] GC(793) Metaspace: 30016K(30528K)->30016K(30528K) NonClass: 24603K(24896K)->24603K(24896K) Class: 5412K(5632K)->5412K(5632K)
[5514.138s][info][gc             ] GC(793) Pause Young (Mixed) (G1 Evacuation Pause) 7145M->1826M(8192M) 164.879ms
[5514.138s][info][gc,cpu         ] GC(793) User=1.31s Sys=0.00s Real=0.17s
....[5517.993s][info][gc,start       ] GC(794) Pause Young (Mixed) (G1 Evacuation Pause)
[5517.993s][info][gc,task        ] GC(794) Using 8 workers of 8 for evacuation
[5518.151s][info][gc,phases      ] GC(794)   Pre Evacuate Collection Set: 0.27ms
[5518.151s][info][gc,phases      ] GC(794)   Merge Heap Roots: 0.71ms
[5518.151s][info][gc,phases      ] GC(794)   Evacuate Collection Set: 155.30ms
[5518.151s][info][gc,phases      ] GC(794)   Post Evacuate Collection Set: 1.03ms
[5518.151s][info][gc,phases      ] GC(794)   Other: 0.07ms
[5518.151s][info][gc,heap        ] GC(794) Eden regions: 570->0(571)
[5518.151s][info][gc,heap        ] GC(794) Survivor regions: 44->43(77)
[5518.151s][info][gc,heap        ] GC(794) Old regions: 155->143
[5518.151s][info][gc,heap        ] GC(794) Humongous regions: 33->33
[5518.151s][info][gc,metaspace   ] GC(794) Metaspace: 30016K(30528K)->30016K(30528K) NonClass: 24603K(24896K)->24603K(24896K) Class: 5412K(5632K)->5412K(5632K)
[5518.151s][info][gc             ] GC(794) Pause Young (Mixed) (G1 Evacuation Pause) 6386M->1720M(8192M) 157.531ms
[5518.151s][info][gc,cpu         ] GC(794) User=1.25s Sys=0.00s Real=0.16s
....[5522.034s][info][gc,start       ] GC(795) Pause Young (Normal) (G1 Evacuation Pause)
[5522.034s][info][gc,task        ] GC(795) Using 8 workers of 8 for evacuation
[5522.192s][info][gc,phases      ] GC(795)   Pre Evacuate Collection Set: 0.23ms
[5522.192s][info][gc,phases      ] GC(795)   Merge Heap Roots: 0.51ms
[5522.192s][info][gc,phases      ] GC(795)   Evacuate Collection Set: 156.78ms
[5522.192s][info][gc,phases      ] GC(795)   Post Evacuate Collection Set: 1.00ms
[5522.192s][info][gc,phases      ] GC(795)   Other: 0.07ms
[5522.192s][info][gc,heap        ] GC(795) Eden regions: 571->0(569)
[5522.192s][info][gc,heap        ] GC(795) Survivor regions: 43->45(77)
[5522.192s][info][gc,heap        ] GC(795) Old regions: 143->150
[5522.192s][info][gc,heap        ] GC(795) Humongous regions: 33->33
[5522.192s][info][gc,metaspace   ] GC(795) Metaspace: 30016K(30528K)->30016K(30528K) NonClass: 24603K(24896K)->24603K(24896K) Class: 5412K(5632K)->5412K(5632K)
[5522.192s][info][gc             ] GC(795) Pause Young (Normal) (G1 Evacuation Pause) 6288M->1794M(8192M) 158.726ms
[5522.192s][info][gc,cpu         ] GC(795) User=1.26s Sys=0.00s Real=0.15s
....[5526.028s][info][gc,start       ] GC(796) Pause Young (Normal) (G1 Evacuation Pause)
[5526.028s][info][gc,task        ] GC(796) Using 8 workers of 8 for evacuation
[5526.181s][info][gc,phases      ] GC(796)   Pre Evacuate Collection Set: 0.25ms
[5526.181s][info][gc,phases      ] GC(796)   Merge Heap Roots: 0.51ms
[5526.181s][info][gc,phases      ] GC(796)   Evacuate Collection Set: 151.19ms
[5526.181s][info][gc,phases      ] GC(796)   Post Evacuate Collection Set: 1.02ms
[5526.181s][info][gc,phases      ] GC(796)   Other: 0.06ms
[5526.181s][info][gc,heap        ] GC(796) Eden regions: 569->0(570)
[5526.181s][info][gc,heap        ] GC(796) Survivor regions: 45->44(77)
[5526.181s][info][gc,heap        ] GC(796) Old regions: 150->157
[5526.181s][info][gc,heap        ] GC(796) Humongous regions: 33->33
[5526.181s][info][gc,metaspace   ] GC(796) Metaspace: 30016K(30528K)->30016K(30528K) NonClass: 24603K(24896K)->24603K(24896K) Class: 5412K(5632K)->5412K(5632K)
[5526.181s][info][gc             ] GC(796) Pause Young (Normal) (G1 Evacuation Pause) 6346M->1843M(8192M) 153.160ms
[5526.182s][info][gc,cpu         ] GC(796) User=1.22s Sys=0.00s Real=0.15s
....[5530.059s][info][gc,start       ] GC(797) Pause Young (Normal) (G1 Evacuation Pause)
[5530.059s][info][gc,task        ] GC(797) Using 8 workers of 8 for evacuation
[5530.209s][info][gc,phases      ] GC(797)   Pre Evacuate Collection Set: 0.23ms
[5530.209s][info][gc,phases      ] GC(797)   Merge Heap Roots: 0.52ms
[5530.209s][info][gc,phases      ] GC(797)   Evacuate Collection Set: 147.75ms
[5530.209s][info][gc,phases      ] GC(797)   Post Evacuate Collection Set: 1.00ms
[5530.209s][info][gc,phases      ] GC(797)   Other: 0.06ms
[5530.209s][info][gc,heap        ] GC(797) Eden regions: 570->0(571)
[5530.209s][info][gc,heap        ] GC(797) Survivor regions: 44->43(77)
[5530.209s][info][gc,heap        ] GC(797) Old regions: 157->164
[5530.209s][info][gc,heap        ] GC(797) Humongous regions: 33->33
[5530.209s][info][gc,metaspace   ] GC(797) Metaspace: 30016K(30528K)->30016K(30528K) NonClass: 24603K(24896K)->24603K(24896K) Class: 5412K(5632K)->5412K(5632K)
[5530.209s][info][gc             ] GC(797) Pause Young (Normal) (G1 Evacuation Pause) 6403M->1890M(8192M) 149.702ms
[5530.209s][info][gc,cpu         ] GC(797) User=1.19s Sys=0.00s Real=0.15s
....[5533.998s][info][gc,start       ] GC(798) Pause Young (Normal) (G1 Evacuation Pause)
[5533.998s][info][gc,task        ] GC(798) Using 8 workers of 8 for evacuation
[5534.151s][info][gc,phases      ] GC(798)   Pre Evacuate Collection Set: 0.23ms
[5534.151s][info][gc,phases      ] GC(798)   Merge Heap Roots: 0.52ms
[5534.151s][info][gc,phases      ] GC(798)   Evacuate Collection Set: 151.52ms
[5534.151s][info][gc,phases      ] GC(798)   Post Evacuate Collection Set: 1.01ms
[5534.151s][info][gc,phases      ] GC(798)   Other: 0.06ms
[5534.151s][info][gc,heap        ] GC(798) Eden regions: 571->0(571)
[5534.151s][info][gc,heap        ] GC(798) Survivor regions: 43->43(77)
[5534.151s][info][gc,heap        ] GC(798) Old regions: 164->171
[5534.151s][info][gc,heap        ] GC(798) Humongous regions: 33->33
[5534.151s][info][gc,metaspace   ] GC(798) Metaspace: 30016K(30528K)->30016K(30528K) NonClass: 24603K(24896K)->24603K(24896K) Class: 5412K(5632K)->5412K(5632K)
[5534.151s][info][gc             ] GC(798) Pause Young (Normal) (G1 Evacuation Pause) 6458M->1951M(8192M) 153.475ms
[5534.151s][info][gc,cpu         ] GC(798) User=1.21s Sys=0.00s Real=0.15s
....[5538.085s][info][gc,start       ] GC(799) Pause Young (Normal) (G1 Evacuation Pause)
[5538.085s][info][gc,task        ] GC(799) Using 8 workers of 8 for evacuation
[5538.244s][info][gc,phases      ] GC(799)   Pre Evacuate Collection Set: 0.25ms
[5538.244s][info][gc,phases      ] GC(799)   Merge Heap Roots: 0.54ms
[5538.244s][info][gc,phases      ] GC(799)   Evacuate Collection Set: 156.67ms
[5538.244s][info][gc,phases      ] GC(799)   Post Evacuate Collection Set: 1.03ms
[5538.244s][info][gc,phases      ] GC(799)   Other: 0.06ms
[5538.244s][info][gc,heap        ] GC(799) Eden regions: 571->0(570)
[5538.244s][info][gc,heap        ] GC(799) Survivor regions: 43->44(77)
[5538.244s][info][gc,heap        ] GC(799) Old regions: 171->178
[5538.244s][info][gc,heap        ] GC(799) Humongous regions: 33->33
[5538.244s][info][gc,metaspace   ] GC(799) Metaspace: 30016K(30528K)->30016K(30528K) NonClass: 24603K(24896K)->24603K(24896K) Class: 5412K(5632K)->5412K(5632K)
[5538.244s][info][gc             ] GC(799) Pause Young (Normal) (G1 Evacuation Pause) 6519M->2017M(8192M) 158.679ms
[5538.244s][info][gc,cpu         ] GC(799) User=1.26s Sys=0.00s Real=0.16s
....[5542.055s][info][gc,start       ] GC(800) Pause Young (Normal) (G1 Evacuation Pause)
[5542.055s][info][gc,task        ] GC(800) Using 8 workers of 8 for evacuation
[5542.206s][info][gc,phases      ] GC(800)   Pre Evacuate Collection Set: 0.24ms
[5542.206s][info][gc,phases      ] GC(800)   Merge Heap Roots: 0.64ms
[5542.206s][info][gc,phases      ] GC(800)   Evacuate Collection Set: 148.27ms
[5542.206s][info][gc,phases      ] GC(800)   Post Evacuate Collection Set: 1.01ms
[5542.206s][info][gc,phases      ] GC(800)   Other: 0.06ms
[5542.206s][info][gc,heap        ] GC(800) Eden regions: 570->0(571)
[5542.206s][info][gc,heap        ] GC(800) Survivor regions: 44->43(77)
[5542.206s][info][gc,heap        ] GC(800) Old regions: 178->185
[5542.206s][info][gc,heap        ] GC(800) Humongous regions: 33->33
[5542.206s][info][gc,metaspace   ] GC(800) Metaspace: 30016K(30528K)->30016K(30528K) NonClass: 24603K(24896K)->24603K(24896K) Class: 5412K(5632K)->5412K(5632K)
[5542.206s][info][gc             ] GC(800) Pause Young (Normal) (G1 Evacuation Pause) 6577M->2063M(8192M) 150.371ms
[5542.206s][info][gc,cpu         ] GC(800) User=1.20s Sys=0.00s Real=0.15s
....[5546.100s][info][gc,start       ] GC(801) Pause Young (Normal) (G1 Evacuation Pause)
[5546.100s][info][gc,task        ] GC(801) Using 8 workers of 8 for evacuation
[5546.256s][info][gc,phases      ] GC(801)   Pre Evacuate Collection Set: 0.22ms
[5546.256s][info][gc,phases      ] GC(801)   Merge Heap Roots: 0.51ms
[5546.256s][info][gc,phases      ] GC(801)   Evacuate Collection Set: 153.84ms
[5546.256s][info][gc,phases      ] GC(801)   Post Evacuate Collection Set: 1.01ms
[5546.256s][info][gc,phases      ] GC(801)   Other: 0.06ms
[5546.256s][info][gc,heap        ] GC(801) Eden regions: 571->0(570)
[5546.256s][info][gc,heap        ] GC(801) Survivor regions: 43->44(77)
[5546.256s][info][gc,heap        ] GC(801) Old regions: 185->193
[5546.256s][info][gc,heap        ] GC(801) Humongous regions: 33->33
[5546.256s][info][gc,metaspace   ] GC(801) Metaspace: 30016K(30528K)->30016K(30528K) NonClass: 24603K(24896K)->24603K(24896K) Class: 5412K(5632K)->5412K(5632K)
[5546.256s][info][gc             ] GC(801) Pause Young (Normal) (G1 Evacuation Pause) 6631M->2133M(8192M) 155.788ms
[5546.256s][info][gc,cpu         ] GC(801) User=1.23s Sys=0.00s Real=0.16s
....[5550.030s][info][gc,start       ] GC(802) Pause Young (Normal) (G1 Evacuation Pause)
[5550.030s][info][gc,task        ] GC(802) Using 8 workers of 8 for evacuation
[5550.181s][info][gc,phases      ] GC(802)   Pre Evacuate Collection Set: 0.28ms
[5550.181s][info][gc,phases      ] GC(802)   Merge Heap Roots: 0.56ms
[5550.181s][info][gc,phases      ] GC(802)   Evacuate Collection Set: 149.01ms
[5550.181s][info][gc,phases      ] GC(802)   Post Evacuate Collection Set: 1.01ms
[5550.181s][info][gc,phases      ] GC(802)   Other: 0.06ms
[5550.181s][info][gc,heap        ] GC(802) Eden regions: 570->0(571)
[5550.181s][info][gc,heap        ] GC(802) Survivor regions: 44->43(77)
[5550.181s][info][gc,heap        ] GC(802) Old regions: 193->200
[5550.181s][info][gc,heap        ] GC(802) Humongous regions: 33->33
[5550.181s][info][gc,metaspace   ] GC(802) Metaspace: 30016K(30528K)->30016K(30528K) NonClass: 24603K(24896K)->24603K(24896K) Class: 5412K(5632K)->5412K(5632K)
[5550.181s][info][gc             ] GC(802) Pause Young (Normal) (G1 Evacuation Pause) 6693M->2181M(8192M) 151.069ms
[5550.181s][info][gc,cpu         ] GC(802) User=1.19s Sys=0.01s Real=0.15s
... (rIR:aIR:PR = 9548:9560:9561) (tPR = 141140) [OK] 
  5552s: Performance info:
         Transaction,    Success,    Partial,     Failed,   Receipts, AvgBarcode, 
             Overall,     573980,          0,          0,     545271,      59.48, 
         Response times:
             Request,    Success,    Partial,     Failed,   SkipFail,     Probes,    Samples,      min,      p50,      p90,      p95,      p99,      max, 
       TotalPurchase,     545249,          0,          0,          0,     359495,     404760,      300,     6500,    31000,    68000,   140000,   980000,
     InStorePurchase,     286796,          0,          0,          0,     189270,     212926,      300,     6500,    31000,    68000,   140730,   980000,
      OnlinePurchase,     201062,          0,          0,          0,     131911,     148507,      300,     6500,    31000,    67000,   140000,   690000,
        InstPurchase,      57391,          0,          0,          0,      38314,      43327,      500,     6600,    32000,    69000,   141000,   980000,
          AssocOfCat,        567,          0,          0,          0,        437,        591,    30000,    54000,    91600,   129400,   193640,   610000,
      AssocOfProduct,       5719,          0,          0,          0,       4197,       4910,      600,     6200,    30000,    62000,   130890,   509000,
      BusinessReport,       1431,          0,          0,          0,       1281,       1582,    32000,    58000,   112700,   167850,   226850,   587000,
          CustBuyBeh,       5703,          0,          0,          0,       4253,       5051,      300,     6100,    30000,    66000,   130000,   273000,
       ProductReturn,      15233,          0,          0,          0,       9911,      11350,      200,     6100,    30000,    64450,   139490,   690000,

  5552s: (70%)   IR =   9686 .[5554.001s][info][gc,start       ] GC(803) Pause Young (Normal) (G1 Evacuation Pause)
[5554.001s][info][gc,task        ] GC(803) Using 8 workers of 8 for evacuation
[5554.151s][info][gc,phases      ] GC(803)   Pre Evacuate Collection Set: 0.26ms
[5554.151s][info][gc,phases      ] GC(803)   Merge Heap Roots: 0.52ms
[5554.151s][info][gc,phases      ] GC(803)   Evacuate Collection Set: 148.39ms
[5554.151s][info][gc,phases      ] GC(803)   Post Evacuate Collection Set: 1.07ms
[5554.151s][info][gc,phases      ] GC(803)   Other: 0.08ms
[5554.151s][info][gc,heap        ] GC(803) Eden regions: 571->0(571)
[5554.151s][info][gc,heap        ] GC(803) Survivor regions: 43->43(77)
[5554.151s][info][gc,heap        ] GC(803) Old regions: 200->207
[5554.151s][info][gc,heap        ] GC(803) Humongous regions: 33->33
[5554.151s][info][gc,metaspace   ] GC(803) Metaspace: 30016K(30528K)->30016K(30528K) NonClass: 24603K(24896K)->24603K(24896K) Class: 5412K(5632K)->5412K(5632K)
[5554.151s][info][gc             ] GC(803) Pause Young (Normal) (G1 Evacuation Pause) 6749M->2240M(8192M) 150.458ms
[5554.151s][info][gc,cpu         ] GC(803) User=1.19s Sys=0.01s Real=0.15s
....[5557.912s][info][gc,start       ] GC(804) Pause Young (Normal) (G1 Evacuation Pause)
[5557.912s][info][gc,task        ] GC(804) Using 8 workers of 8 for evacuation
[5558.061s][info][gc,phases      ] GC(804)   Pre Evacuate Collection Set: 0.24ms
[5558.061s][info][gc,phases      ] GC(804)   Merge Heap Roots: 0.54ms
[5558.061s][info][gc,phases      ] GC(804)   Evacuate Collection Set: 146.95ms
[5558.061s][info][gc,phases      ] GC(804)   Post Evacuate Collection Set: 1.08ms
[5558.061s][info][gc,phases      ] GC(804)   Other: 0.06ms
[5558.061s][info][gc,heap        ] GC(804) Eden regions: 571->0(571)
[5558.061s][info][gc,heap        ] GC(804) Survivor regions: 43->43(77)
[5558.061s][info][gc,heap        ] GC(804) Old regions: 207->214
[5558.061s][info][gc,heap        ] GC(804) Humongous regions: 33->33
[5558.061s][info][gc,metaspace   ] GC(804) Metaspace: 30016K(30528K)->30016K(30528K) NonClass: 24603K(24896K)->24603K(24896K) Class: 5412K(5632K)->5412K(5632K)
[5558.061s][info][gc             ] GC(804) Pause Young (Normal) (G1 Evacuation Pause) 6808M->2297M(8192M) 149.011ms
[5558.061s][info][gc,cpu         ] GC(804) User=1.18s Sys=0.00s Real=0.15s
...[5561.860s][info][gc,start       ] GC(805) Pause Young (Normal) (G1 Evacuation Pause)
[5561.860s][info][gc,task        ] GC(805) Using 8 workers of 8 for evacuation
[5562.015s][info][gc,phases      ] GC(805)   Pre Evacuate Collection Set: 0.26ms
[5562.015s][info][gc,phases      ] GC(805)   Merge Heap Roots: 0.61ms
[5562.015s][info][gc,phases      ] GC(805)   Evacuate Collection Set: 152.41ms
[5562.015s][info][gc,phases      ] GC(805)   Post Evacuate Collection Set: 1.03ms
[5562.015s][info][gc,phases      ] GC(805)   Other: 0.06ms
[5562.015s][info][gc,heap        ] GC(805) Eden regions: 571->0(571)
[5562.015s][info][gc,heap        ] GC(805) Survivor regions: 43->43(77)
[5562.015s][info][gc,heap        ] GC(805) Old regions: 214->222
[5562.015s][info][gc,heap        ] GC(805) Humongous regions: 33->33
[5562.015s][info][gc,metaspace   ] GC(805) Metaspace: 30016K(30528K)->30016K(30528K) NonClass: 24603K(24896K)->24603K(24896K) Class: 5412K(5632K)->5412K(5632K)
[5562.015s][info][gc             ] GC(805) Pause Young (Normal) (G1 Evacuation Pause) 6865M->2361M(8192M) 154.498ms
[5562.015s][info][gc,cpu         ] GC(805) User=1.22s Sys=0.00s Real=0.16s
....|[5565.879s][info][gc,start       ] GC(806) Pause Young (Normal) (G1 Evacuation Pause)
[5565.879s][info][gc,task        ] GC(806) Using 8 workers of 8 for evacuation
[5566.029s][info][gc,phases      ] GC(806)   Pre Evacuate Collection Set: 0.24ms
[5566.029s][info][gc,phases      ] GC(806)   Merge Heap Roots: 0.60ms
[5566.029s][info][gc,phases      ] GC(806)   Evacuate Collection Set: 147.42ms
[5566.029s][info][gc,phases      ] GC(806)   Post Evacuate Collection Set: 1.06ms
[5566.029s][info][gc,phases      ] GC(806)   Other: 0.79ms
[5566.029s][info][gc,heap        ] GC(806) Eden regions: 571->0(571)
[5566.029s][info][gc,heap        ] GC(806) Survivor regions: 43->43(77)
[5566.029s][info][gc,heap        ] GC(806) Old regions: 222->229
[5566.029s][info][gc,heap        ] GC(806) Humongous regions: 33->33
[5566.029s][info][gc,metaspace   ] GC(806) Metaspace: 30016K(30528K)->30016K(30528K) NonClass: 24603K(24896K)->24603K(24896K) Class: 5412K(5632K)->5412K(5632K)
[5566.029s][info][gc             ] GC(806) Pause Young (Normal) (G1 Evacuation Pause) 6929M->2416M(8192M) 150.231ms
[5566.029s][info][gc,cpu         ] GC(806) User=1.18s Sys=0.00s Real=0.15s
....[5569.807s][info][gc,start       ] GC(807) Pause Young (Normal) (G1 Evacuation Pause)
[5569.807s][info][gc,task        ] GC(807) Using 8 workers of 8 for evacuation
[5569.957s][info][gc,phases      ] GC(807)   Pre Evacuate Collection Set: 0.23ms
[5569.957s][info][gc,phases      ] GC(807)   Merge Heap Roots: 0.54ms
[5569.957s][info][gc,phases      ] GC(807)   Evacuate Collection Set: 147.21ms
[5569.957s][info][gc,phases      ] GC(807)   Post Evacuate Collection Set: 1.04ms
[5569.957s][info][gc,phases      ] GC(807)   Other: 0.06ms
[5569.957s][info][gc,heap        ] GC(807) Eden regions: 571->0(571)
[5569.957s][info][gc,heap        ] GC(807) Survivor regions: 43->43(77)
[5569.957s][info][gc,heap        ] GC(807) Old regions: 229->236
[5569.957s][info][gc,heap        ] GC(807) Humongous regions: 33->33
[5569.957s][info][gc,metaspace   ] GC(807) Metaspace: 30016K(30528K)->30016K(30528K) NonClass: 24603K(24896K)->24603K(24896K) Class: 5412K(5632K)->5412K(5632K)
[5569.957s][info][gc             ] GC(807) Pause Young (Normal) (G1 Evacuation Pause) 6984M->2467M(8192M) 149.214ms
[5569.957s][info][gc,cpu         ] GC(807) User=1.18s Sys=0.00s Real=0.15s
....[5573.617s][info][gc,start       ] GC(808) Pause Young (Normal) (G1 Evacuation Pause)
[5573.617s][info][gc,task        ] GC(808) Using 8 workers of 8 for evacuation
[5573.769s][info][gc,phases      ] GC(808)   Pre Evacuate Collection Set: 0.25ms
[5573.769s][info][gc,phases      ] GC(808)   Merge Heap Roots: 0.52ms
[5573.769s][info][gc,phases      ] GC(808)   Evacuate Collection Set: 149.40ms
[5573.769s][info][gc,phases      ] GC(808)   Post Evacuate Collection Set: 1.05ms
[5573.769s][info][gc,phases      ] GC(808)   Other: 0.06ms
[5573.769s][info][gc,heap        ] GC(808) Eden regions: 571->0(571)
[5573.769s][info][gc,heap        ] GC(808) Survivor regions: 43->43(77)
[5573.769s][info][gc,heap        ] GC(808) Old regions: 236->243
[5573.769s][info][gc,heap        ] GC(808) Humongous regions: 33->33
[5573.769s][info][gc,metaspace   ] GC(808) Metaspace: 30016K(30528K)->30016K(30528K) NonClass: 24603K(24896K)->24603K(24896K) Class: 5412K(5632K)->5412K(5632K)
[5573.769s][info][gc             ] GC(808) Pause Young (Normal) (G1 Evacuation Pause) 7035M->2528M(8192M) 151.415ms
[5573.769s][info][gc,cpu         ] GC(808) User=1.20s Sys=0.00s Real=0.15s
....[5577.588s][info][gc,start       ] GC(809) Pause Young (Normal) (G1 Evacuation Pause)
[5577.588s][info][gc,task        ] GC(809) Using 8 workers of 8 for evacuation
[5577.738s][info][gc,phases      ] GC(809)   Pre Evacuate Collection Set: 0.23ms
[5577.738s][info][gc,phases      ] GC(809)   Merge Heap Roots: 0.53ms
[5577.738s][info][gc,phases      ] GC(809)   Evacuate Collection Set: 148.29ms
[5577.738s][info][gc,phases      ] GC(809)   Post Evacuate Collection Set: 1.00ms
[5577.738s][info][gc,phases      ] GC(809)   Other: 0.06ms
[5577.738s][info][gc,heap        ] GC(809) Eden regions: 571->0(570)
[5577.738s][info][gc,heap        ] GC(809) Survivor regions: 43->44(77)
[5577.738s][info][gc,heap        ] GC(809) Old regions: 243->250
[5577.738s][info][gc,heap        ] GC(809) Humongous regions: 33->33
[5577.738s][info][gc,metaspace   ] GC(809) Metaspace: 30016K(30528K)->30016K(30528K) NonClass: 24603K(24896K)->24603K(24896K) Class: 5412K(5632K)->5412K(5632K)
[5577.738s][info][gc             ] GC(809) Pause Young (Normal) (G1 Evacuation Pause) 7096M->2586M(8192M) 150.282ms
[5577.738s][info][gc,cpu         ] GC(809) User=1.19s Sys=0.00s Real=0.15s
....[5581.397s][info][gc,start       ] GC(810) Pause Young (Normal) (G1 Evacuation Pause)
[5581.397s][info][gc,task        ] GC(810) Using 8 workers of 8 for evacuation
[5581.547s][info][gc,phases      ] GC(810)   Pre Evacuate Collection Set: 0.24ms
[5581.547s][info][gc,phases      ] GC(810)   Merge Heap Roots: 0.52ms
[5581.547s][info][gc,phases      ] GC(810)   Evacuate Collection Set: 148.21ms
[5581.547s][info][gc,phases      ] GC(810)   Post Evacuate Collection Set: 1.01ms
[5581.547s][info][gc,phases      ] GC(810)   Other: 0.06ms
[5581.547s][info][gc,heap        ] GC(810) Eden regions: 570->0(571)
[5581.547s][info][gc,heap        ] GC(810) Survivor regions: 44->43(77)
[5581.547s][info][gc,heap        ] GC(810) Old regions: 250->257
[5581.547s][info][gc,heap        ] GC(810) Humongous regions: 33->33
[5581.547s][info][gc,metaspace   ] GC(810) Metaspace: 30016K(30528K)->30016K(30528K) NonClass: 24603K(24896K)->24603K(24896K) Class: 5412K(5632K)->5412K(5632K)
[5581.547s][info][gc             ] GC(810) Pause Young (Normal) (G1 Evacuation Pause) 7146M->2633M(8192M) 150.200ms
[5581.547s][info][gc,cpu         ] GC(810) User=1.19s Sys=0.00s Real=0.15s
....[5585.328s][info][gc,start       ] GC(811) Pause Young (Normal) (G1 Evacuation Pause)
[5585.328s][info][gc,task        ] GC(811) Using 8 workers of 8 for evacuation
[5585.480s][info][gc,phases      ] GC(811)   Pre Evacuate Collection Set: 0.23ms
[5585.480s][info][gc,phases      ] GC(811)   Merge Heap Roots: 0.61ms
[5585.480s][info][gc,phases      ] GC(811)   Evacuate Collection Set: 149.92ms
[5585.480s][info][gc,phases      ] GC(811)   Post Evacuate Collection Set: 0.99ms
[5585.480s][info][gc,phases      ] GC(811)   Other: 0.06ms
[5585.480s][info][gc,heap        ] GC(811) Eden regions: 571->0(571)
[5585.480s][info][gc,heap        ] GC(811) Survivor regions: 43->43(77)
[5585.480s][info][gc,heap        ] GC(811) Old regions: 257->264
[5585.480s][info][gc,heap        ] GC(811) Humongous regions: 33->33
[5585.480s][info][gc,metaspace   ] GC(811) Metaspace: 30016K(30528K)->30016K(30528K) NonClass: 24603K(24896K)->24603K(24896K) Class: 5412K(5632K)->5412K(5632K)
[5585.480s][info][gc             ] GC(811) Pause Young (Normal) (G1 Evacuation Pause) 7201M->2692M(8192M) 151.938ms
[5585.480s][info][gc,cpu         ] GC(811) User=1.20s Sys=0.01s Real=0.15s
....[5589.196s][info][gc,start       ] GC(812) Pause Young (Normal) (G1 Evacuation Pause)
[5589.196s][info][gc,task        ] GC(812) Using 8 workers of 8 for evacuation
[5589.347s][info][gc,phases      ] GC(812)   Pre Evacuate Collection Set: 0.26ms
[5589.347s][info][gc,phases      ] GC(812)   Merge Heap Roots: 0.61ms
[5589.347s][info][gc,phases      ] GC(812)   Evacuate Collection Set: 148.66ms
[5589.347s][info][gc,phases      ] GC(812)   Post Evacuate Collection Set: 1.02ms
[5589.347s][info][gc,phases      ] GC(812)   Other: 0.06ms
[5589.347s][info][gc,heap        ] GC(812) Eden regions: 571->0(571)
[5589.347s][info][gc,heap        ] GC(812) Survivor regions: 43->43(77)
[5589.347s][info][gc,heap        ] GC(812) Old regions: 264->271
[5589.347s][info][gc,heap        ] GC(812) Humongous regions: 33->33
[5589.347s][info][gc,metaspace   ] GC(812) Metaspace: 30016K(30528K)->30016K(30528K) NonClass: 24603K(24896K)->24603K(24896K) Class: 5412K(5632K)->5412K(5632K)
[5589.347s][info][gc             ] GC(812) Pause Young (Normal) (G1 Evacuation Pause) 7260M->2752M(8192M) 150.737ms
[5589.347s][info][gc,cpu         ] GC(812) User=1.20s Sys=0.00s Real=0.15s
....[5593.102s][info][gc,start       ] GC(813) Pause Young (Normal) (G1 Evacuation Pause)
[5593.102s][info][gc,task        ] GC(813) Using 8 workers of 8 for evacuation
[5593.255s][info][gc,phases      ] GC(813)   Pre Evacuate Collection Set: 0.26ms
[5593.255s][info][gc,phases      ] GC(813)   Merge Heap Roots: 0.54ms
[5593.255s][info][gc,phases      ] GC(813)   Evacuate Collection Set: 151.68ms
[5593.255s][info][gc,phases      ] GC(813)   Post Evacuate Collection Set: 1.03ms
[5593.255s][info][gc,phases      ] GC(813)   Other: 0.06ms
[5593.255s][info][gc,heap        ] GC(813) Eden regions: 571->0(571)
[5593.255s][info][gc,heap        ] GC(813) Survivor regions: 43->43(77)
[5593.255s][info][gc,heap        ] GC(813) Old regions: 271->278
[5593.255s][info][gc,heap        ] GC(813) Humongous regions: 33->33
[5593.255s][info][gc,metaspace   ] GC(813) Metaspace: 30016K(30528K)->30016K(30528K) NonClass: 24603K(24896K)->24603K(24896K) Class: 5412K(5632K)->5412K(5632K)
[5593.255s][info][gc             ] GC(813) Pause Young (Normal) (G1 Evacuation Pause) 7320M->2809M(8192M) 153.700ms
[5593.255s][info][gc,cpu         ] GC(813) User=1.22s Sys=0.00s Real=0.16s
...[5596.996s][info][gc,start       ] GC(814) Pause Young (Normal) (G1 Evacuation Pause)
[5596.996s][info][gc,task        ] GC(814) Using 8 workers of 8 for evacuation
[5597.152s][info][gc,phases      ] GC(814)   Pre Evacuate Collection Set: 0.24ms
[5597.152s][info][gc,phases      ] GC(814)   Merge Heap Roots: 0.51ms
[5597.152s][info][gc,phases      ] GC(814)   Evacuate Collection Set: 154.28ms
[5597.152s][info][gc,phases      ] GC(814)   Post Evacuate Collection Set: 1.03ms
[5597.152s][info][gc,phases      ] GC(814)   Other: 0.06ms
[5597.152s][info][gc,heap        ] GC(814) Eden regions: 571->0(566)
[5597.152s][info][gc,heap        ] GC(814) Survivor regions: 43->44(77)
[5597.152s][info][gc,heap        ] GC(814) Old regions: 278->285
[5597.152s][info][gc,heap        ] GC(814) Humongous regions: 33->33
[5597.152s][info][gc,metaspace   ] GC(814) Metaspace: 30016K(30528K)->30016K(30528K) NonClass: 24603K(24896K)->24603K(24896K) Class: 5412K(5632K)->5412K(5632K)
[5597.152s][info][gc             ] GC(814) Pause Young (Normal) (G1 Evacuation Pause) 7377M->2872M(8192M) 156.231ms
[5597.152s][info][gc,cpu         ] GC(814) User=1.24s Sys=0.00s Real=0.15s
....[5600.928s][info][gc,start       ] GC(815) Pause Young (Normal) (G1 Evacuation Pause)
[5600.928s][info][gc,task        ] GC(815) Using 8 workers of 8 for evacuation
[5601.079s][info][gc,phases      ] GC(815)   Pre Evacuate Collection Set: 0.25ms
[5601.079s][info][gc,phases      ] GC(815)   Merge Heap Roots: 0.54ms
[5601.079s][info][gc,phases      ] GC(815)   Evacuate Collection Set: 149.00ms
[5601.079s][info][gc,phases      ] GC(815)   Post Evacuate Collection Set: 1.02ms
[5601.079s][info][gc,phases      ] GC(815)   Other: 0.06ms
[5601.079s][info][gc,heap        ] GC(815) Eden regions: 566->0(559)
[5601.079s][info][gc,heap        ] GC(815) Survivor regions: 44->44(77)
[5601.079s][info][gc,heap        ] GC(815) Old regions: 285->292
[5601.079s][info][gc,heap        ] GC(815) Humongous regions: 33->33
[5601.079s][info][gc,metaspace   ] GC(815) Metaspace: 30016K(30528K)->30016K(30528K) NonClass: 24603K(24896K)->24603K(24896K) Class: 5412K(5632K)->5412K(5632K)
[5601.079s][info][gc             ] GC(815) Pause Young (Normal) (G1 Evacuation Pause) 7400M->2927M(8192M) 151.022ms
[5601.079s][info][gc,cpu         ] GC(815) User=1.20s Sys=0.00s Real=0.15s
....[5604.820s][info][gc,start       ] GC(816) Pause Young (Normal) (G1 Evacuation Pause)
[5604.820s][info][gc,task        ] GC(816) Using 8 workers of 8 for evacuation
[5604.973s][info][gc,phases      ] GC(816)   Pre Evacuate Collection Set: 0.22ms
[5604.973s][info][gc,phases      ] GC(816)   Merge Heap Roots: 0.51ms
[5604.973s][info][gc,phases      ] GC(816)   Evacuate Collection Set: 151.19ms
[5604.973s][info][gc,phases      ] GC(816)   Post Evacuate Collection Set: 1.00ms
[5604.973s][info][gc,phases      ] GC(816)   Other: 0.08ms
[5604.973s][info][gc,heap        ] GC(816) Eden regions: 559->0(553)
[5604.973s][info][gc,heap        ] GC(816) Survivor regions: 44->43(76)
[5604.973s][info][gc,heap        ] GC(816) Old regions: 292->300
[5604.973s][info][gc,heap        ] GC(816) Humongous regions: 33->33
[5604.973s][info][gc,metaspace   ] GC(816) Metaspace: 30016K(30528K)->30016K(30528K) NonClass: 24603K(24896K)->24603K(24896K) Class: 5412K(5632K)->5412K(5632K)
[5604.973s][info][gc             ] GC(816) Pause Young (Normal) (G1 Evacuation Pause) 7399M->2982M(8192M) 153.149ms
[5604.973s][info][gc,cpu         ] GC(816) User=1.21s Sys=0.00s Real=0.16s
....[5608.809s][info][gc,start       ] GC(817) Pause Young (Normal) (G1 Evacuation Pause)
[5608.809s][info][gc,task        ] GC(817) Using 8 workers of 8 for evacuation
[5608.962s][info][gc,phases      ] GC(817)   Pre Evacuate Collection Set: 0.23ms
[5608.962s][info][gc,phases      ] GC(817)   Merge Heap Roots: 0.53ms
[5608.962s][info][gc,phases      ] GC(817)   Evacuate Collection Set: 150.71ms
[5608.962s][info][gc,phases      ] GC(817)   Post Evacuate Collection Set: 0.99ms
[5608.962s][info][gc,phases      ] GC(817)   Other: 0.06ms
[5608.962s][info][gc,heap        ] GC(817) Eden regions: 553->0(544)
[5608.962s][info][gc,heap        ] GC(817) Survivor regions: 43->44(75)
[5608.962s][info][gc,heap        ] GC(817) Old regions: 300->307
[5608.962s][info][gc,heap        ] GC(817) Humongous regions: 33->33
[5608.962s][info][gc,metaspace   ] GC(817) Metaspace: 30016K(30528K)->30016K(30528K) NonClass: 24603K(24896K)->24603K(24896K) Class: 5412K(5632K)->5412K(5632K)
[5608.962s][info][gc             ] GC(817) Pause Young (Normal) (G1 Evacuation Pause) 7406M->3044M(8192M) 152.668ms
[5608.962s][info][gc,cpu         ] GC(817) User=1.21s Sys=0.00s Real=0.15s
....[5612.548s][info][gc,start       ] GC(818) Pause Young (Concurrent Start) (G1 Evacuation Pause)
[5612.548s][info][gc,task        ] GC(818) Using 8 workers of 8 for evacuation
[5612.694s][info][gc,phases      ] GC(818)   Pre Evacuate Collection Set: 0.26ms
[5612.694s][info][gc,phases      ] GC(818)   Merge Heap Roots: 0.57ms
[5612.694s][info][gc,phases      ] GC(818)   Evacuate Collection Set: 144.27ms
[5612.694s][info][gc,phases      ] GC(818)   Post Evacuate Collection Set: 0.97ms
[5612.694s][info][gc,phases      ] GC(818)   Other: 0.08ms
[5612.694s][info][gc,heap        ] GC(818) Eden regions: 544->0(540)
[5612.694s][info][gc,heap        ] GC(818) Survivor regions: 44->42(74)
[5612.694s][info][gc,heap        ] GC(818) Old regions: 307->315
[5612.694s][info][gc,heap        ] GC(818) Humongous regions: 33->33
[5612.694s][info][gc,metaspace   ] GC(818) Metaspace: 30016K(30528K)->30016K(30528K) NonClass: 24603K(24896K)->24603K(24896K) Class: 5412K(5632K)->5412K(5632K)
[5612.694s][info][gc             ] GC(818) Pause Young (Concurrent Start) (G1 Evacuation Pause) 7396M->3088M(8192M) 146.281ms
[5612.694s][info][gc             ] GC(819) Concurrent Mark Cycle
[5612.694s][info][gc,marking     ] GC(819) Concurrent Scan Root Regions
[5612.694s][info][gc,cpu         ] GC(818) User=1.16s Sys=0.00s Real=0.15s
[5612.954s][info][gc,marking     ] GC(819) Concurrent Scan Root Regions 259.532ms
[5612.954s][info][gc,marking     ] GC(819) Concurrent Mark
[5612.954s][info][gc,marking     ] GC(819) Concurrent Mark From Roots
[5612.954s][info][gc,task        ] GC(819) Using 2 workers of 2 for marking
..[5614.411s][info][gc,marking     ] GC(819) Concurrent Mark From Roots 1457.125ms
[5614.411s][info][gc,marking     ] GC(819) Concurrent Preclean
[5614.411s][info][gc,marking     ] GC(819) Concurrent Preclean 0.088ms
[5614.411s][info][gc,start       ] GC(819) Pause Remark
[5614.414s][info][gc             ] GC(819) Pause Remark 5072M->4504M(8192M) 3.277ms
[5614.415s][info][gc,cpu         ] GC(819) User=0.03s Sys=0.00s Real=0.01s
[5614.415s][info][gc,marking     ] GC(819) Concurrent Mark 1460.804ms
[5614.415s][info][gc,marking     ] GC(819) Concurrent Rebuild Remembered Sets and Scrub Regions
[5615.153s][info][gc,marking     ] GC(819) Concurrent Rebuild Remembered Sets and Scrub Regions 737.951ms
[5615.153s][info][gc,start       ] GC(819) Pause Cleanup
[5615.153s][info][gc             ] GC(819) Pause Cleanup 5541M->5541M(8192M) 0.258ms
[5615.153s][info][gc,cpu         ] GC(819) User=0.00s Sys=0.00s Real=0.00s
[5615.153s][info][gc,marking     ] GC(819) Concurrent Clear Claimed Marks
[5615.153s][info][gc,marking     ] GC(819) Concurrent Clear Claimed Marks 0.045ms
[5615.153s][info][gc,marking     ] GC(819) Concurrent Cleanup for Next Mark
[5615.165s][info][gc,marking     ] GC(819) Concurrent Cleanup for Next Mark 12.072ms
[5615.165s][info][gc             ] GC(819) Concurrent Mark Cycle 2471.058ms
..[5616.229s][info][gc,start       ] GC(820) Pause Young (Prepare Mixed) (G1 Evacuation Pause)
[5616.229s][info][gc,task        ] GC(820) Using 8 workers of 8 for evacuation
[5616.384s][info][gc,phases      ] GC(820)   Pre Evacuate Collection Set: 0.22ms
[5616.384s][info][gc,phases      ] GC(820)   Merge Heap Roots: 0.73ms
[5616.384s][info][gc,phases      ] GC(820)   Evacuate Collection Set: 152.66ms
[5616.384s][info][gc,phases      ] GC(820)   Post Evacuate Collection Set: 1.05ms
[5616.384s][info][gc,phases      ] GC(820)   Other: 0.07ms
[5616.384s][info][gc,heap        ] GC(820) Eden regions: 540->0(571)
[5616.384s][info][gc,heap        ] GC(820) Survivor regions: 42->43(73)
[5616.384s][info][gc,heap        ] GC(820) Old regions: 244->251
[5616.384s][info][gc,heap        ] GC(820) Humongous regions: 33->33
[5616.384s][info][gc,metaspace   ] GC(820) Metaspace: 30016K(30528K)->30016K(30528K) NonClass: 24603K(24896K)->24603K(24896K) Class: 5412K(5632K)->5412K(5632K)
[5616.384s][info][gc             ] GC(820) Pause Young (Prepare Mixed) (G1 Evacuation Pause) 6840M->2588M(8192M) 154.874ms
[5616.384s][info][gc,cpu         ] GC(820) User=1.18s Sys=0.00s Real=0.16s
...[5620.140s][info][gc,start       ] GC(821) Pause Young (Mixed) (G1 Evacuation Pause)
[5620.140s][info][gc,task        ] GC(821) Using 8 workers of 8 for evacuation
[5620.301s][info][gc,phases      ] GC(821)   Pre Evacuate Collection Set: 0.27ms
[5620.301s][info][gc,phases      ] GC(821)   Merge Heap Roots: 0.78ms
[5620.301s][info][gc,phases      ] GC(821)   Evacuate Collection Set: 159.45ms
[5620.301s][info][gc,phases      ] GC(821)   Post Evacuate Collection Set: 1.25ms
[5620.302s][info][gc,phases      ] GC(821)   Other: 0.07ms
[5620.302s][info][gc,heap        ] GC(821) Eden regions: 571->0(571)
[5620.302s][info][gc,heap        ] GC(821) Survivor regions: 43->43(77)
[5620.302s][info][gc,heap        ] GC(821) Old regions: 251->156
[5620.302s][info][gc,heap        ] GC(821) Humongous regions: 33->33
[5620.302s][info][gc,metaspace   ] GC(821) Metaspace: 30016K(30528K)->30016K(30528K) NonClass: 24603K(24896K)->24603K(24896K) Class: 5412K(5632K)->5412K(5632K)
[5620.302s][info][gc             ] GC(821) Pause Young (Mixed) (G1 Evacuation Pause) 7156M->1834M(8192M) 161.948ms
[5620.302s][info][gc,cpu         ] GC(821) User=1.28s Sys=0.00s Real=0.16s
....[5624.038s][info][gc,start       ] GC(822) Pause Young (Mixed) (G1 Evacuation Pause)
[5624.038s][info][gc,task        ] GC(822) Using 8 workers of 8 for evacuation
[5624.200s][info][gc,phases      ] GC(822)   Pre Evacuate Collection Set: 0.24ms
[5624.200s][info][gc,phases      ] GC(822)   Merge Heap Roots: 0.80ms
[5624.200s][info][gc,phases      ] GC(822)   Evacuate Collection Set: 158.90ms
[5624.200s][info][gc,phases      ] GC(822)   Post Evacuate Collection Set: 1.02ms
[5624.200s][info][gc,phases      ] GC(822)   Other: 0.06ms
[5624.200s][info][gc,heap        ] GC(822) Eden regions: 571->0(572)
[5624.200s][info][gc,heap        ] GC(822) Survivor regions: 43->42(77)
[5624.200s][info][gc,heap        ] GC(822) Old regions: 156->143
[5624.200s][info][gc,heap        ] GC(822) Humongous regions: 33->33
[5624.200s][info][gc,metaspace   ] GC(822) Metaspace: 30016K(30528K)->30016K(30528K) NonClass: 24603K(24896K)->24603K(24896K) Class: 5412K(5632K)->5412K(5632K)
[5624.200s][info][gc             ] GC(822) Pause Young (Mixed) (G1 Evacuation Pause) 6402M->1719M(8192M) 161.152ms
[5624.200s][info][gc,cpu         ] GC(822) User=1.27s Sys=0.00s Real=0.16s
.. (rIR:aIR:PR = 9686:9762:9761) (tPR = 147113) [OK] 
  5625s: Performance info:
         Transaction,    Success,    Partial,     Failed,   Receipts, AvgBarcode, 
             Overall,     588527,          0,          0,     559260,      59.48, 
         Response times:
             Request,    Success,    Partial,     Failed,   SkipFail,     Probes,    Samples,      min,      p50,      p90,      p95,      p99,      max, 
       TotalPurchase,     559289,          0,          0,          0,     358755,     436156,      300,     6800,    40000,    78000,   134000,  1700000,
     InStorePurchase,     290610,          0,          0,          0,     188607,     229202,      300,     6800,    40000,    78000,   134000,  1700000,
      OnlinePurchase,     210830,          0,          0,          0,     132220,     160588,      300,     6700,    40000,    78000,   132000,  1700000,
        InstPurchase,      57849,          0,          0,          0,      37928,      46366,      400,     7100,    40000,    80000,   138330,  1700000,
          AssocOfCat,        583,          0,          0,          0,        489,        720,    30000,    55000,   101000,   134000,   206790,   990000,
      AssocOfProduct,       5877,          0,          0,          0,       4273,       5370,      800,     7500,    43000,    85000,   129000,   690000,
      BusinessReport,       1461,          0,          0,          0,       1271,       1690,    30000,    58000,   110900,   161000,   219000,   243000,
          CustBuyBeh,       5908,          0,          0,          0,       4242,       5382,      200,     6200,    34000,    68000,   125170,  1700000,
       ProductReturn,      15465,          0,          0,          0,      10031,      12574,      200,     6300,    38000,    76000,   134000,  1700000,

  5625s: (71%)   IR =   9824 ..[5627.846s][info][gc,start       ] GC(823) Pause Young (Normal) (G1 Evacuation Pause)
[5627.846s][info][gc,task        ] GC(823) Using 8 workers of 8 for evacuation
[5628.003s][info][gc,phases      ] GC(823)   Pre Evacuate Collection Set: 0.22ms
[5628.003s][info][gc,phases      ] GC(823)   Merge Heap Roots: 0.50ms
[5628.003s][info][gc,phases      ] GC(823)   Evacuate Collection Set: 154.41ms
[5628.003s][info][gc,phases      ] GC(823)   Post Evacuate Collection Set: 1.05ms
[5628.003s][info][gc,phases      ] GC(823)   Other: 0.06ms
[5628.003s][info][gc,heap        ] GC(823) Eden regions: 572->0(570)
[5628.003s][info][gc,heap        ] GC(823) Survivor regions: 42->44(77)
[5628.003s][info][gc,heap        ] GC(823) Old regions: 143->150
[5628.003s][info][gc,heap        ] GC(823) Humongous regions: 33->33
[5628.003s][info][gc,metaspace   ] GC(823) Metaspace: 30016K(30528K)->30016K(30528K) NonClass: 24603K(24896K)->24603K(24896K) Class: 5412K(5632K)->5412K(5632K)
[5628.003s][info][gc             ] GC(823) Pause Young (Normal) (G1 Evacuation Pause) 6295M->1791M(8192M) 156.362ms
[5628.003s][info][gc,cpu         ] GC(823) User=1.24s Sys=0.00s Real=0.15s
...|.[5631.715s][info][gc,start       ] GC(824) Pause Young (Normal) (G1 Evacuation Pause)
[5631.715s][info][gc,task        ] GC(824) Using 8 workers of 8 for evacuation
[5631.869s][info][gc,phases      ] GC(824)   Pre Evacuate Collection Set: 0.23ms
[5631.869s][info][gc,phases      ] GC(824)   Merge Heap Roots: 0.51ms
[5631.869s][info][gc,phases      ] GC(824)   Evacuate Collection Set: 152.25ms
[5631.869s][info][gc,phases      ] GC(824)   Post Evacuate Collection Set: 1.05ms
[5631.869s][info][gc,phases      ] GC(824)   Other: 0.06ms
[5631.869s][info][gc,heap        ] GC(824) Eden regions: 570->0(570)
[5631.869s][info][gc,heap        ] GC(824) Survivor regions: 44->44(77)
[5631.869s][info][gc,heap        ] GC(824) Old regions: 150->157
[5631.869s][info][gc,heap        ] GC(824) Humongous regions: 33->33
[5631.869s][info][gc,metaspace   ] GC(824) Metaspace: 30016K(30528K)->30016K(30528K) NonClass: 24603K(24896K)->24603K(24896K) Class: 5412K(5632K)->5412K(5632K)
[5631.869s][info][gc             ] GC(824) Pause Young (Normal) (G1 Evacuation Pause) 6351M->1847M(8192M) 154.228ms
[5631.869s][info][gc,cpu         ] GC(824) User=1.23s Sys=0.00s Real=0.15s
....[5635.509s][info][gc,start       ] GC(825) Pause Young (Normal) (G1 Evacuation Pause)
[5635.510s][info][gc,task        ] GC(825) Using 8 workers of 8 for evacuation
[5635.661s][info][gc,phases      ] GC(825)   Pre Evacuate Collection Set: 0.23ms
[5635.661s][info][gc,phases      ] GC(825)   Merge Heap Roots: 0.52ms
[5635.661s][info][gc,phases      ] GC(825)   Evacuate Collection Set: 149.48ms
[5635.661s][info][gc,phases      ] GC(825)   Post Evacuate Collection Set: 1.00ms
[5635.661s][info][gc,phases      ] GC(825)   Other: 0.07ms
[5635.661s][info][gc,heap        ] GC(825) Eden regions: 570->0(571)
[5635.661s][info][gc,heap        ] GC(825) Survivor regions: 44->43(77)
[5635.661s][info][gc,heap        ] GC(825) Old regions: 157->164
[5635.661s][info][gc,heap        ] GC(825) Humongous regions: 33->33
[5635.661s][info][gc,metaspace   ] GC(825) Metaspace: 30016K(30528K)->30016K(30528K) NonClass: 24603K(24896K)->24603K(24896K) Class: 5412K(5632K)->5412K(5632K)
[5635.661s][info][gc             ] GC(825) Pause Young (Normal) (G1 Evacuation Pause) 6407M->1895M(8192M) 151.430ms
[5635.661s][info][gc,cpu         ] GC(825) User=1.20s Sys=0.00s Real=0.15s
...[5639.316s][info][gc,start       ] GC(826) Pause Young (Normal) (G1 Evacuation Pause)
[5639.316s][info][gc,task        ] GC(826) Using 8 workers of 8 for evacuation
[5639.470s][info][gc,phases      ] GC(826)   Pre Evacuate Collection Set: 0.23ms
[5639.470s][info][gc,phases      ] GC(826)   Merge Heap Roots: 0.51ms
[5639.470s][info][gc,phases      ] GC(826)   Evacuate Collection Set: 152.56ms
[5639.470s][info][gc,phases      ] GC(826)   Post Evacuate Collection Set: 1.01ms
[5639.470s][info][gc,phases      ] GC(826)   Other: 0.06ms
[5639.470s][info][gc,heap        ] GC(826) Eden regions: 571->0(571)
[5639.470s][info][gc,heap        ] GC(826) Survivor regions: 43->43(77)
[5639.470s][info][gc,heap        ] GC(826) Old regions: 164->172
[5639.470s][info][gc,heap        ] GC(826) Humongous regions: 33->33
[5639.470s][info][gc,metaspace   ] GC(826) Metaspace: 30016K(30528K)->30016K(30528K) NonClass: 24603K(24896K)->24603K(24896K) Class: 5412K(5632K)->5412K(5632K)
[5639.470s][info][gc             ] GC(826) Pause Young (Normal) (G1 Evacuation Pause) 6463M->1959M(8192M) 154.500ms
[5639.470s][info][gc,cpu         ] GC(826) User=1.22s Sys=0.00s Real=0.15s
....[5643.288s][info][gc,start       ] GC(827) Pause Young (Normal) (G1 Evacuation Pause)
[5643.289s][info][gc,task        ] GC(827) Using 8 workers of 8 for evacuation
[5643.442s][info][gc,phases      ] GC(827)   Pre Evacuate Collection Set: 0.22ms
[5643.442s][info][gc,phases      ] GC(827)   Merge Heap Roots: 0.50ms
[5643.442s][info][gc,phases      ] GC(827)   Evacuate Collection Set: 151.38ms
[5643.442s][info][gc,phases      ] GC(827)   Post Evacuate Collection Set: 1.03ms
[5643.442s][info][gc,phases      ] GC(827)   Other: 0.08ms
[5643.442s][info][gc,heap        ] GC(827) Eden regions: 571->0(570)
[5643.442s][info][gc,heap        ] GC(827) Survivor regions: 43->44(77)
[5643.442s][info][gc,heap        ] GC(827) Old regions: 172->179
[5643.442s][info][gc,heap        ] GC(827) Humongous regions: 33->33
[5643.442s][info][gc,metaspace   ] GC(827) Metaspace: 30016K(30528K)->30016K(30528K) NonClass: 24603K(24896K)->24603K(24896K) Class: 5412K(5632K)->5412K(5632K)
[5643.442s][info][gc             ] GC(827) Pause Young (Normal) (G1 Evacuation Pause) 6527M->2019M(8192M) 153.335ms
[5643.442s][info][gc,cpu         ] GC(827) User=1.21s Sys=0.00s Real=0.15s
....[5647.143s][info][gc,start       ] GC(828) Pause Young (Normal) (G1 Evacuation Pause)
[5647.143s][info][gc,task        ] GC(828) Using 8 workers of 8 for evacuation
[5647.295s][info][gc,phases      ] GC(828)   Pre Evacuate Collection Set: 0.23ms
[5647.295s][info][gc,phases      ] GC(828)   Merge Heap Roots: 0.51ms
[5647.295s][info][gc,phases      ] GC(828)   Evacuate Collection Set: 150.75ms
[5647.295s][info][gc,phases      ] GC(828)   Post Evacuate Collection Set: 1.01ms
[5647.295s][info][gc,phases      ] GC(828)   Other: 0.07ms
[5647.295s][info][gc,heap        ] GC(828) Eden regions: 570->0(571)
[5647.295s][info][gc,heap        ] GC(828) Survivor regions: 44->43(77)
[5647.295s][info][gc,heap        ] GC(828) Old regions: 179->186
[5647.295s][info][gc,heap        ] GC(828) Humongous regions: 33->33
[5647.295s][info][gc,metaspace   ] GC(828) Metaspace: 30016K(30528K)->30016K(30528K) NonClass: 24603K(24896K)->24603K(24896K) Class: 5412K(5632K)->5412K(5632K)
[5647.295s][info][gc             ] GC(828) Pause Young (Normal) (G1 Evacuation Pause) 6579M->2072M(8192M) 152.698ms
[5647.295s][info][gc,cpu         ] GC(828) User=1.20s Sys=0.00s Real=0.16s
....[5651.091s][info][gc,start       ] GC(829) Pause Young (Normal) (G1 Evacuation Pause)
[5651.091s][info][gc,task        ] GC(829) Using 8 workers of 8 for evacuation
[5651.248s][info][gc,phases      ] GC(829)   Pre Evacuate Collection Set: 0.22ms
[5651.248s][info][gc,phases      ] GC(829)   Merge Heap Roots: 0.51ms
[5651.248s][info][gc,phases      ] GC(829)   Evacuate Collection Set: 154.75ms
[5651.248s][info][gc,phases      ] GC(829)   Post Evacuate Collection Set: 0.99ms
[5651.248s][info][gc,phases      ] GC(829)   Other: 0.07ms
[5651.248s][info][gc,heap        ] GC(829) Eden regions: 571->0(570)
[5651.248s][info][gc,heap        ] GC(829) Survivor regions: 43->44(77)
[5651.248s][info][gc,heap        ] GC(829) Old regions: 186->194
[5651.248s][info][gc,heap        ] GC(829) Humongous regions: 33->33
[5651.248s][info][gc,metaspace   ] GC(829) Metaspace: 30016K(30528K)->30016K(30528K) NonClass: 24603K(24896K)->24603K(24896K) Class: 5412K(5632K)->5412K(5632K)
[5651.248s][info][gc             ] GC(829) Pause Young (Normal) (G1 Evacuation Pause) 6640M->2136M(8192M) 156.690ms
[5651.248s][info][gc,cpu         ] GC(829) User=1.24s Sys=0.00s Real=0.16s
....[5654.922s][info][gc,start       ] GC(830) Pause Young (Normal) (G1 Evacuation Pause)
[5654.922s][info][gc,task        ] GC(830) Using 8 workers of 8 for evacuation
[5655.075s][info][gc,phases      ] GC(830)   Pre Evacuate Collection Set: 0.24ms
[5655.075s][info][gc,phases      ] GC(830)   Merge Heap Roots: 0.52ms
[5655.075s][info][gc,phases      ] GC(830)   Evacuate Collection Set: 151.15ms
[5655.075s][info][gc,phases      ] GC(830)   Post Evacuate Collection Set: 1.01ms
[5655.075s][info][gc,phases      ] GC(830)   Other: 0.06ms
[5655.075s][info][gc,heap        ] GC(830) Eden regions: 570->0(570)
[5655.075s][info][gc,heap        ] GC(830) Survivor regions: 44->44(77)
[5655.075s][info][gc,heap        ] GC(830) Old regions: 194->200
[5655.075s][info][gc,heap        ] GC(830) Humongous regions: 33->33
[5655.075s][info][gc,metaspace   ] GC(830) Metaspace: 30016K(30528K)->30016K(30528K) NonClass: 24603K(24896K)->24603K(24896K) Class: 5412K(5632K)->5412K(5632K)
[5655.075s][info][gc             ] GC(830) Pause Young (Normal) (G1 Evacuation Pause) 6696M->2191M(8192M) 153.107ms
[5655.075s][info][gc,cpu         ] GC(830) User=1.21s Sys=0.00s Real=0.16s
....[5658.758s][info][gc,start       ] GC(831) Pause Young (Normal) (G1 Evacuation Pause)
[5658.758s][info][gc,task        ] GC(831) Using 8 workers of 8 for evacuation
[5658.916s][info][gc,phases      ] GC(831)   Pre Evacuate Collection Set: 0.23ms
[5658.916s][info][gc,phases      ] GC(831)   Merge Heap Roots: 0.51ms
[5658.916s][info][gc,phases      ] GC(831)   Evacuate Collection Set: 156.44ms
[5658.916s][info][gc,phases      ] GC(831)   Post Evacuate Collection Set: 1.02ms
[5658.916s][info][gc,phases      ] GC(831)   Other: 0.06ms
[5658.916s][info][gc,heap        ] GC(831) Eden regions: 570->0(570)
[5658.916s][info][gc,heap        ] GC(831) Survivor regions: 44->44(77)
[5658.916s][info][gc,heap        ] GC(831) Old regions: 200->208
[5658.916s][info][gc,heap        ] GC(831) Humongous regions: 33->33
[5658.916s][info][gc,metaspace   ] GC(831) Metaspace: 30016K(30528K)->30016K(30528K) NonClass: 24603K(24896K)->24603K(24896K) Class: 5412K(5632K)->5412K(5632K)
[5658.916s][info][gc             ] GC(831) Pause Young (Normal) (G1 Evacuation Pause) 6751M->2248M(8192M) 158.392ms
[5658.916s][info][gc,cpu         ] GC(831) User=1.25s Sys=0.00s Real=0.16s
....[5662.733s][info][gc,start       ] GC(832) Pause Young (Normal) (G1 Evacuation Pause)
[5662.733s][info][gc,task        ] GC(832) Using 8 workers of 8 for evacuation
[5662.883s][info][gc,phases      ] GC(832)   Pre Evacuate Collection Set: 0.25ms
[5662.883s][info][gc,phases      ] GC(832)   Merge Heap Roots: 0.50ms
[5662.883s][info][gc,phases      ] GC(832)   Evacuate Collection Set: 148.10ms
[5662.883s][info][gc,phases      ] GC(832)   Post Evacuate Collection Set: 1.05ms
[5662.883s][info][gc,phases      ] GC(832)   Other: 0.06ms
[5662.883s][info][gc,heap        ] GC(832) Eden regions: 570->0(572)
[5662.883s][info][gc,heap        ] GC(832) Survivor regions: 44->42(77)
[5662.883s][info][gc,heap        ] GC(832) Old regions: 208->215
[5662.883s][info][gc,heap        ] GC(832) Humongous regions: 33->33
[5662.883s][info][gc,metaspace   ] GC(832) Metaspace: 30016K(30528K)->30016K(30528K) NonClass: 24603K(24896K)->24603K(24896K) Class: 5412K(5632K)->5412K(5632K)
[5662.883s][info][gc             ] GC(832) Pause Young (Normal) (G1 Evacuation Pause) 6808M->2293M(8192M) 150.083ms
[5662.883s][info][gc,cpu         ] GC(832) User=1.19s Sys=0.00s Real=0.15s
....[5666.685s][info][gc,start       ] GC(833) Pause Young (Normal) (G1 Evacuation Pause)
[5666.685s][info][gc,task        ] GC(833) Using 8 workers of 8 for evacuation
[5666.838s][info][gc,phases      ] GC(833)   Pre Evacuate Collection Set: 0.23ms
[5666.838s][info][gc,phases      ] GC(833)   Merge Heap Roots: 0.50ms
[5666.838s][info][gc,phases      ] GC(833)   Evacuate Collection Set: 151.49ms
[5666.838s][info][gc,phases      ] GC(833)   Post Evacuate Collection Set: 0.99ms
[5666.838s][info][gc,phases      ] GC(833)   Other: 0.06ms
[5666.838s][info][gc,heap        ] GC(833) Eden regions: 572->0(571)
[5666.838s][info][gc,heap        ] GC(833) Survivor regions: 42->43(77)
[5666.838s][info][gc,heap        ] GC(833) Old regions: 215->222
[5666.838s][info][gc,heap        ] GC(833) Humongous regions: 33->33
[5666.838s][info][gc,metaspace   ] GC(833) Metaspace: 30016K(30528K)->30016K(30528K) NonClass: 24603K(24896K)->24603K(24896K) Class: 5412K(5632K)->5412K(5632K)
[5666.838s][info][gc             ] GC(833) Pause Young (Normal) (G1 Evacuation Pause) 6869M->2361M(8192M) 153.415ms
[5666.838s][info][gc,cpu         ] GC(833) User=1.21s Sys=0.00s Real=0.15s
...[5670.457s][info][gc,start       ] GC(834) Pause Young (Normal) (G1 Evacuation Pause)
[5670.457s][info][gc,task        ] GC(834) Using 8 workers of 8 for evacuation
[5670.614s][info][gc,phases      ] GC(834)   Pre Evacuate Collection Set: 0.25ms
[5670.614s][info][gc,phases      ] GC(834)   Merge Heap Roots: 0.51ms
[5670.614s][info][gc,phases      ] GC(834)   Evacuate Collection Set: 155.40ms
[5670.614s][info][gc,phases      ] GC(834)   Post Evacuate Collection Set: 1.03ms
[5670.614s][info][gc,phases      ] GC(834)   Other: 0.06ms
[5670.614s][info][gc,heap        ] GC(834) Eden regions: 571->0(571)
[5670.614s][info][gc,heap        ] GC(834) Survivor regions: 43->43(77)
[5670.614s][info][gc,heap        ] GC(834) Old regions: 222->229
[5670.614s][info][gc,heap        ] GC(834) Humongous regions: 33->33
[5670.614s][info][gc,metaspace   ] GC(834) Metaspace: 30016K(30528K)->30016K(30528K) NonClass: 24603K(24896K)->24603K(24896K) Class: 5412K(5632K)->5412K(5632K)
[5670.614s][info][gc             ] GC(834) Pause Young (Normal) (G1 Evacuation Pause) 6929M->2417M(8192M) 157.373ms
[5670.614s][info][gc,cpu         ] GC(834) User=1.25s Sys=0.00s Real=0.16s
....[5674.300s][info][gc,start       ] GC(835) Pause Young (Normal) (G1 Evacuation Pause)
[5674.300s][info][gc,task        ] GC(835) Using 8 workers of 8 for evacuation
[5674.451s][info][gc,phases      ] GC(835)   Pre Evacuate Collection Set: 0.22ms
[5674.451s][info][gc,phases      ] GC(835)   Merge Heap Roots: 0.51ms
[5674.451s][info][gc,phases      ] GC(835)   Evacuate Collection Set: 149.51ms
[5674.451s][info][gc,phases      ] GC(835)   Post Evacuate Collection Set: 1.02ms
[5674.451s][info][gc,phases      ] GC(835)   Other: 0.07ms
[5674.451s][info][gc,heap        ] GC(835) Eden regions: 571->0(571)
[5674.451s][info][gc,heap        ] GC(835) Survivor regions: 43->43(77)
[5674.451s][info][gc,heap        ] GC(835) Old regions: 229->236
[5674.451s][info][gc,heap        ] GC(835) Humongous regions: 33->33
[5674.451s][info][gc,metaspace   ] GC(835) Metaspace: 30016K(30528K)->30016K(30528K) NonClass: 24603K(24896K)->24603K(24896K) Class: 5412K(5632K)->5412K(5632K)
[5674.451s][info][gc             ] GC(835) Pause Young (Normal) (G1 Evacuation Pause) 6985M->2471M(8192M) 151.467ms
[5674.451s][info][gc,cpu         ] GC(835) User=1.20s Sys=0.00s Real=0.15s
....[5678.288s][info][gc,start       ] GC(836) Pause Young (Normal) (G1 Evacuation Pause)
[5678.288s][info][gc,task        ] GC(836) Using 8 workers of 8 for evacuation
[5678.438s][info][gc,phases      ] GC(836)   Pre Evacuate Collection Set: 0.26ms
[5678.438s][info][gc,phases      ] GC(836)   Merge Heap Roots: 0.53ms
[5678.438s][info][gc,phases      ] GC(836)   Evacuate Collection Set: 147.75ms
[5678.438s][info][gc,phases      ] GC(836)   Post Evacuate Collection Set: 0.99ms
[5678.438s][info][gc,phases      ] GC(836)   Other: 0.06ms
[5678.438s][info][gc,heap        ] GC(836) Eden regions: 571->0(571)
[5678.438s][info][gc,heap        ] GC(836) Survivor regions: 43->43(77)
[5678.438s][info][gc,heap        ] GC(836) Old regions: 236->244
[5678.438s][info][gc,heap        ] GC(836) Humongous regions: 33->33
[5678.438s][info][gc,metaspace   ] GC(836) Metaspace: 30016K(30528K)->30016K(30528K) NonClass: 24603K(24896K)->24603K(24896K) Class: 5412K(5632K)->5412K(5632K)
[5678.438s][info][gc             ] GC(836) Pause Young (Normal) (G1 Evacuation Pause) 7039M->2528M(8192M) 149.721ms
[5678.438s][info][gc,cpu         ] GC(836) User=1.18s Sys=0.00s Real=0.15s
....[5682.196s][info][gc,start       ] GC(837) Pause Young (Normal) (G1 Evacuation Pause)
[5682.196s][info][gc,task        ] GC(837) Using 8 workers of 8 for evacuation
[5682.349s][info][gc,phases      ] GC(837)   Pre Evacuate Collection Set: 0.23ms
[5682.349s][info][gc,phases      ] GC(837)   Merge Heap Roots: 0.52ms
[5682.349s][info][gc,phases      ] GC(837)   Evacuate Collection Set: 150.70ms
[5682.349s][info][gc,phases      ] GC(837)   Post Evacuate Collection Set: 1.02ms
[5682.349s][info][gc,phases      ] GC(837)   Other: 0.06ms
[5682.349s][info][gc,heap        ] GC(837) Eden regions: 571->0(571)
[5682.349s][info][gc,heap        ] GC(837) Survivor regions: 43->43(77)
[5682.349s][info][gc,heap        ] GC(837) Old regions: 244->251
[5682.349s][info][gc,heap        ] GC(837) Humongous regions: 33->33
[5682.349s][info][gc,metaspace   ] GC(837) Metaspace: 30016K(30528K)->30016K(30528K) NonClass: 24603K(24896K)->24603K(24896K) Class: 5412K(5632K)->5412K(5632K)
[5682.349s][info][gc             ] GC(837) Pause Young (Normal) (G1 Evacuation Pause) 7096M->2588M(8192M) 152.683ms
[5682.349s][info][gc,cpu         ] GC(837) User=1.20s Sys=0.01s Real=0.15s
....[5686.271s][info][gc,start       ] GC(838) Pause Young (Normal) (G1 Evacuation Pause)
[5686.271s][info][gc,task        ] GC(838) Using 8 workers of 8 for evacuation
[5686.427s][info][gc,phases      ] GC(838)   Pre Evacuate Collection Set: 0.22ms
[5686.427s][info][gc,phases      ] GC(838)   Merge Heap Roots: 0.50ms
[5686.427s][info][gc,phases      ] GC(838)   Evacuate Collection Set: 153.79ms
[5686.427s][info][gc,phases      ] GC(838)   Post Evacuate Collection Set: 1.05ms
[5686.427s][info][gc,phases      ] GC(838)   Other: 0.06ms
[5686.427s][info][gc,heap        ] GC(838) Eden regions: 571->0(569)
[5686.427s][info][gc,heap        ] GC(838) Survivor regions: 43->45(77)
[5686.427s][info][gc,heap        ] GC(838) Old regions: 251->258
[5686.427s][info][gc,heap        ] GC(838) Humongous regions: 33->33
[5686.427s][info][gc,metaspace   ] GC(838) Metaspace: 30016K(30528K)->30016K(30528K) NonClass: 24603K(24896K)->24603K(24896K) Class: 5412K(5632K)->5412K(5632K)
[5686.427s][info][gc             ] GC(838) Pause Young (Normal) (G1 Evacuation Pause) 7156M->2664M(8192M) 155.771ms
[5686.427s][info][gc,cpu         ] GC(838) User=1.23s Sys=0.00s Real=0.16s
....[5690.199s][info][gc,start       ] GC(839) Pause Young (Normal) (G1 Evacuation Pause)
[5690.199s][info][gc,task        ] GC(839) Using 8 workers of 8 for evacuation
[5690.362s][info][gc,phases      ] GC(839)   Pre Evacuate Collection Set: 0.22ms
[5690.362s][info][gc,phases      ] GC(839)   Merge Heap Roots: 0.49ms
[5690.362s][info][gc,phases      ] GC(839)   Evacuate Collection Set: 160.35ms
[5690.362s][info][gc,phases      ] GC(839)   Post Evacuate Collection Set: 1.01ms
[5690.362s][info][gc,phases      ] GC(839)   Other: 0.06ms
[5690.362s][info][gc,heap        ] GC(839) Eden regions: 569->0(569)
[5690.362s][info][gc,heap        ] GC(839) Survivor regions: 45->45(77)
[5690.362s][info][gc,heap        ] GC(839) Old regions: 258->265
[5690.362s][info][gc,heap        ] GC(839) Humongous regions: 33->33
[5690.362s][info][gc,metaspace   ] GC(839) Metaspace: 30016K(30528K)->30016K(30528K) NonClass: 24603K(24896K)->24603K(24896K) Class: 5412K(5632K)->5412K(5632K)
[5690.362s][info][gc             ] GC(839) Pause Young (Normal) (G1 Evacuation Pause) 7216M->2716M(8192M) 162.249ms
[5690.362s][info][gc,cpu         ] GC(839) User=1.29s Sys=0.00s Real=0.16s
. (rIR:aIR:PR = 9824:9803:9799) (tPR = 147227) [OK] 
  5690s: Performance info:
         Transaction,    Success,    Partial,     Failed,   Receipts, AvgBarcode, 
             Overall,     589653,          0,          0,     560339,      59.48, 
         Response times:
             Request,    Success,    Partial,     Failed,   SkipFail,     Probes,    Samples,      min,      p50,      p90,      p95,      p99,      max, 
       TotalPurchase,     560540,          0,          0,          0,     356299,     391850,      300,     6900,    29000,    59000,   119000,   537000,
     InStorePurchase,     292849,          0,          0,          0,     187755,     206220,      400,     6900,    28000,    58000,   118000,   537000,
      OnlinePurchase,     209548,          0,          0,          0,     131194,     144500,      300,     6900,    29000,    58000,   119000,   537000,
        InstPurchase,      58143,          0,          0,          0,      37350,      41130,      500,     7000,    31000,    62000,   118000,   537000,
          AssocOfCat,        588,          0,          0,          0,        482,        616,    32000,    54500,    92000,   118150,   229000,   271000,
      AssocOfProduct,       5901,          0,          0,          0,       4413,       5033,      800,     7300,    26000,    54000,   109000,   336000,
      BusinessReport,       1471,          0,          0,          0,       1296,       1575,    33000,    58000,   107000,   154600,   220000,   453000,
          CustBuyBeh,       5903,          0,          0,          0,       4390,       5019,      300,     7400,    29000,    59000,   124600,   313000,
       ProductReturn,      15498,          0,          0,          0,       9189,      10278,      300,     6600,    30000,    63000,   114000,   451000,

  5690s: (72%)   IR =   9963 ...[5694.033s][info][gc,start       ] GC(840) Pause Young (Normal) (G1 Evacuation Pause)
[5694.033s][info][gc,task        ] GC(840) Using 8 workers of 8 for evacuation
[5694.189s][info][gc,phases      ] GC(840)   Pre Evacuate Collection Set: 0.23ms
[5694.189s][info][gc,phases      ] GC(840)   Merge Heap Roots: 0.52ms
[5694.189s][info][gc,phases      ] GC(840)   Evacuate Collection Set: 155.01ms
[5694.189s][info][gc,phases      ] GC(840)   Post Evacuate Collection Set: 1.04ms
[5694.189s][info][gc,phases      ] GC(840)   Other: 0.06ms
[5694.190s][info][gc,heap        ] GC(840) Eden regions: 569->0(569)
[5694.190s][info][gc,heap        ] GC(840) Survivor regions: 45->45(77)
[5694.190s][info][gc,heap        ] GC(840) Old regions: 265->273
[5694.190s][info][gc,heap        ] GC(840) Humongous regions: 33->33
[5694.190s][info][gc,metaspace   ] GC(840) Metaspace: 30016K(30528K)->30016K(30528K) NonClass: 24603K(24896K)->24603K(24896K) Class: 5412K(5632K)->5412K(5632K)
[5694.190s][info][gc             ] GC(840) Pause Young (Normal) (G1 Evacuation Pause) 7268M->2780M(8192M) 156.988ms
[5694.190s][info][gc,cpu         ] GC(840) User=1.24s Sys=0.00s Real=0.16s
....[5697.829s][info][gc,start       ] GC(841) Pause Young (Normal) (G1 Evacuation Pause)
[5697.829s][info][gc,task        ] GC(841) Using 8 workers of 8 for evacuation
[5697.981s][info][gc,phases      ] GC(841)   Pre Evacuate Collection Set: 0.23ms
[5697.981s][info][gc,phases      ] GC(841)   Merge Heap Roots: 0.52ms
[5697.981s][info][gc,phases      ] GC(841)   Evacuate Collection Set: 150.27ms
[5697.981s][info][gc,phases      ] GC(841)   Post Evacuate Collection Set: 1.07ms
[5697.981s][info][gc,phases      ] GC(841)   Other: 0.06ms
[5697.981s][info][gc,heap        ] GC(841) Eden regions: 569->0(571)
[5697.981s][info][gc,heap        ] GC(841) Survivor regions: 45->43(77)
[5697.981s][info][gc,heap        ] GC(841) Old regions: 273->279
[5697.981s][info][gc,heap        ] GC(841) Humongous regions: 33->33
[5697.981s][info][gc,metaspace   ] GC(841) Metaspace: 30016K(30528K)->30016K(30528K) NonClass: 24603K(24896K)->24603K(24896K) Class: 5412K(5632K)->5412K(5632K)
[5697.981s][info][gc             ] GC(841) Pause Young (Normal) (G1 Evacuation Pause) 7332M->2819M(8192M) 152.276ms
[5697.981s][info][gc,cpu         ] GC(841) User=1.21s Sys=0.00s Real=0.15s
...|[5701.724s][info][gc,start       ] GC(842) Pause Young (Normal) (G1 Evacuation Pause)
[5701.724s][info][gc,task        ] GC(842) Using 8 workers of 8 for evacuation
[5701.875s][info][gc,phases      ] GC(842)   Pre Evacuate Collection Set: 0.26ms
[5701.875s][info][gc,phases      ] GC(842)   Merge Heap Roots: 0.58ms
[5701.875s][info][gc,phases      ] GC(842)   Evacuate Collection Set: 149.25ms
[5701.875s][info][gc,phases      ] GC(842)   Post Evacuate Collection Set: 1.02ms
[5701.875s][info][gc,phases      ] GC(842)   Other: 0.06ms
[5701.875s][info][gc,heap        ] GC(842) Eden regions: 571->0(566)
[5701.875s][info][gc,heap        ] GC(842) Survivor regions: 43->43(77)
[5701.875s][info][gc,heap        ] GC(842) Old regions: 279->287
[5701.875s][info][gc,heap        ] GC(842) Humongous regions: 33->33
[5701.875s][info][gc,metaspace   ] GC(842) Metaspace: 30016K(30528K)->30016K(30528K) NonClass: 24603K(24896K)->24603K(24896K) Class: 5412K(5632K)->5412K(5632K)
[5701.875s][info][gc             ] GC(842) Pause Young (Normal) (G1 Evacuation Pause) 7387M->2877M(8192M) 151.321ms
[5701.875s][info][gc,cpu         ] GC(842) User=1.20s Sys=0.00s Real=0.15s
....[5705.480s][info][gc,start       ] GC(843) Pause Young (Normal) (G1 Evacuation Pause)
[5705.480s][info][gc,task        ] GC(843) Using 8 workers of 8 for evacuation
[5705.637s][info][gc,phases      ] GC(843)   Pre Evacuate Collection Set: 0.23ms
[5705.637s][info][gc,phases      ] GC(843)   Merge Heap Roots: 0.53ms
[5705.637s][info][gc,phases      ] GC(843)   Evacuate Collection Set: 154.27ms
[5705.637s][info][gc,phases      ] GC(843)   Post Evacuate Collection Set: 1.03ms
[5705.637s][info][gc,phases      ] GC(843)   Other: 0.06ms
[5705.637s][info][gc,heap        ] GC(843) Eden regions: 566->0(557)
[5705.637s][info][gc,heap        ] GC(843) Survivor regions: 43->44(77)
[5705.637s][info][gc,heap        ] GC(843) Old regions: 287->294
[5705.637s][info][gc,heap        ] GC(843) Humongous regions: 33->33
[5705.637s][info][gc,metaspace   ] GC(843) Metaspace: 30016K(30528K)->30016K(30528K) NonClass: 24603K(24896K)->24603K(24896K) Class: 5412K(5632K)->5412K(5632K)
[5705.637s][info][gc             ] GC(843) Pause Young (Normal) (G1 Evacuation Pause) 7405M->2941M(8192M) 156.241ms
[5705.637s][info][gc,cpu         ] GC(843) User=1.24s Sys=0.00s Real=0.16s
....[5709.248s][info][gc,start       ] GC(844) Pause Young (Normal) (G1 Evacuation Pause)
[5709.248s][info][gc,task        ] GC(844) Using 8 workers of 8 for evacuation
[5709.407s][info][gc,phases      ] GC(844)   Pre Evacuate Collection Set: 0.23ms
[5709.407s][info][gc,phases      ] GC(844)   Merge Heap Roots: 0.50ms
[5709.407s][info][gc,phases      ] GC(844)   Evacuate Collection Set: 157.56ms
[5709.407s][info][gc,phases      ] GC(844)   Post Evacuate Collection Set: 1.01ms
[5709.407s][info][gc,phases      ] GC(844)   Other: 0.07ms
[5709.407s][info][gc,heap        ] GC(844) Eden regions: 557->0(549)
[5709.407s][info][gc,heap        ] GC(844) Survivor regions: 44->44(76)
[5709.407s][info][gc,heap        ] GC(844) Old regions: 294->302
[5709.407s][info][gc,heap        ] GC(844) Humongous regions: 33->33
[5709.407s][info][gc,metaspace   ] GC(844) Metaspace: 30016K(30528K)->30016K(30528K) NonClass: 24603K(24896K)->24603K(24896K) Class: 5412K(5632K)->5412K(5632K)
[5709.407s][info][gc             ] GC(844) Pause Young (Normal) (G1 Evacuation Pause) 7397M->3004M(8192M) 159.502ms
[5709.407s][info][gc,cpu         ] GC(844) User=1.26s Sys=0.00s Real=0.16s
....[5712.937s][info][gc,start       ] GC(845) Pause Young (Normal) (G1 Evacuation Pause)
[5712.937s][info][gc,task        ] GC(845) Using 8 workers of 8 for evacuation
[5713.092s][info][gc,phases      ] GC(845)   Pre Evacuate Collection Set: 0.26ms
[5713.092s][info][gc,phases      ] GC(845)   Merge Heap Roots: 0.53ms
[5713.092s][info][gc,phases      ] GC(845)   Evacuate Collection Set: 153.08ms
[5713.092s][info][gc,phases      ] GC(845)   Post Evacuate Collection Set: 1.01ms
[5713.092s][info][gc,phases      ] GC(845)   Other: 0.06ms
[5713.092s][info][gc,heap        ] GC(845) Eden regions: 549->0(544)
[5713.092s][info][gc,heap        ] GC(845) Survivor regions: 44->43(75)
[5713.092s][info][gc,heap        ] GC(845) Old regions: 302->309
[5713.092s][info][gc,heap        ] GC(845) Humongous regions: 33->33
[5713.092s][info][gc,metaspace   ] GC(845) Metaspace: 30016K(30528K)->30016K(30528K) NonClass: 24603K(24896K)->24603K(24896K) Class: 5412K(5632K)->5412K(5632K)
[5713.092s][info][gc             ] GC(845) Pause Young (Normal) (G1 Evacuation Pause) 7396M->3055M(8192M) 155.076ms
[5713.092s][info][gc,cpu         ] GC(845) User=1.23s Sys=0.00s Real=0.15s
...[5716.573s][info][gc,start       ] GC(846) Pause Young (Concurrent Start) (G1 Evacuation Pause)
[5716.573s][info][gc,task        ] GC(846) Using 8 workers of 8 for evacuation
[5716.721s][info][gc,phases      ] GC(846)   Pre Evacuate Collection Set: 0.26ms
[5716.721s][info][gc,phases      ] GC(846)   Merge Heap Roots: 0.49ms
[5716.721s][info][gc,phases      ] GC(846)   Evacuate Collection Set: 146.03ms
[5716.721s][info][gc,phases      ] GC(846)   Post Evacuate Collection Set: 0.96ms
[5716.721s][info][gc,phases      ] GC(846)   Other: 0.08ms
[5716.721s][info][gc,heap        ] GC(846) Eden regions: 544->0(538)
[5716.721s][info][gc,heap        ] GC(846) Survivor regions: 43->42(74)
[5716.721s][info][gc,heap        ] GC(846) Old regions: 309->317
[5716.721s][info][gc,heap        ] GC(846) Humongous regions: 33->33
[5716.721s][info][gc,metaspace   ] GC(846) Metaspace: 30016K(30528K)->30016K(30528K) NonClass: 24603K(24896K)->24603K(24896K) Class: 5412K(5632K)->5412K(5632K)
[5716.721s][info][gc             ] GC(846) Pause Young (Concurrent Start) (G1 Evacuation Pause) 7407M->3108M(8192M) 147.958ms
[5716.721s][info][gc             ] GC(847) Concurrent Mark Cycle
[5716.721s][info][gc,marking     ] GC(847) Concurrent Scan Root Regions
[5716.721s][info][gc,cpu         ] GC(846) User=1.18s Sys=0.00s Real=0.15s
.[5717.062s][info][gc,marking     ] GC(847) Concurrent Scan Root Regions 340.936ms
[5717.062s][info][gc,marking     ] GC(847) Concurrent Mark
[5717.062s][info][gc,marking     ] GC(847) Concurrent Mark From Roots
[5717.062s][info][gc,task        ] GC(847) Using 2 workers of 2 for marking
.[5718.455s][info][gc,marking     ] GC(847) Concurrent Mark From Roots 1393.562ms
[5718.455s][info][gc,marking     ] GC(847) Concurrent Preclean
[5718.455s][info][gc,marking     ] GC(847) Concurrent Preclean 0.135ms
[5718.456s][info][gc,start       ] GC(847) Pause Remark
[5718.458s][info][gc             ] GC(847) Pause Remark 5192M->4688M(8192M) 2.104ms
[5718.458s][info][gc,cpu         ] GC(847) User=0.01s Sys=0.00s Real=0.00s
[5718.458s][info][gc,marking     ] GC(847) Concurrent Mark 1396.112ms
[5718.458s][info][gc,marking     ] GC(847) Concurrent Rebuild Remembered Sets and Scrub Regions
.[5719.289s][info][gc,marking     ] GC(847) Concurrent Rebuild Remembered Sets and Scrub Regions 831.139ms
[5719.289s][info][gc,start       ] GC(847) Pause Cleanup
[5719.289s][info][gc             ] GC(847) Pause Cleanup 5820M->5820M(8192M) 0.268ms
[5719.289s][info][gc,cpu         ] GC(847) User=0.00s Sys=0.00s Real=0.00s
[5719.289s][info][gc,marking     ] GC(847) Concurrent Clear Claimed Marks
[5719.290s][info][gc,marking     ] GC(847) Concurrent Clear Claimed Marks 0.046ms
[5719.290s][info][gc,marking     ] GC(847) Concurrent Cleanup for Next Mark
[5719.301s][info][gc,marking     ] GC(847) Concurrent Cleanup for Next Mark 11.385ms
[5719.301s][info][gc             ] GC(847) Concurrent Mark Cycle 2580.284ms
.[5720.154s][info][gc,start       ] GC(848) Pause Young (Prepare Mixed) (G1 Evacuation Pause)
[5720.154s][info][gc,task        ] GC(848) Using 8 workers of 8 for evacuation
[5720.308s][info][gc,phases      ] GC(848)   Pre Evacuate Collection Set: 0.23ms
[5720.308s][info][gc,phases      ] GC(848)   Merge Heap Roots: 0.69ms
[5720.308s][info][gc,phases      ] GC(848)   Evacuate Collection Set: 152.03ms
[5720.308s][info][gc,phases      ] GC(848)   Post Evacuate Collection Set: 1.06ms
[5720.308s][info][gc,phases      ] GC(848)   Other: 0.07ms
[5720.308s][info][gc,heap        ] GC(848) Eden regions: 538->0(571)
[5720.308s][info][gc,heap        ] GC(848) Survivor regions: 42->43(73)
[5720.308s][info][gc,heap        ] GC(848) Old regions: 254->261
[5720.308s][info][gc,heap        ] GC(848) Humongous regions: 33->33
[5720.308s][info][gc,metaspace   ] GC(848) Metaspace: 30016K(30528K)->30016K(30528K) NonClass: 24603K(24896K)->24603K(24896K) Class: 5412K(5632K)->5412K(5632K)
[5720.308s][info][gc             ] GC(848) Pause Young (Prepare Mixed) (G1 Evacuation Pause) 6908M->2670M(8192M) 154.238ms
[5720.308s][info][gc,cpu         ] GC(848) User=1.22s Sys=0.00s Real=0.15s
....[5724.064s][info][gc,start       ] GC(849) Pause Young (Mixed) (G1 Evacuation Pause)
[5724.064s][info][gc,task        ] GC(849) Using 8 workers of 8 for evacuation
[5724.230s][info][gc,phases      ] GC(849)   Pre Evacuate Collection Set: 0.25ms
[5724.230s][info][gc,phases      ] GC(849)   Merge Heap Roots: 0.83ms
[5724.230s][info][gc,phases      ] GC(849)   Evacuate Collection Set: 163.21ms
[5724.230s][info][gc,phases      ] GC(849)   Post Evacuate Collection Set: 1.26ms
[5724.230s][info][gc,phases      ] GC(849)   Other: 0.07ms
[5724.230s][info][gc,heap        ] GC(849) Eden regions: 571->0(572)
[5724.230s][info][gc,heap        ] GC(849) Survivor regions: 43->42(77)
[5724.230s][info][gc,heap        ] GC(849) Old regions: 261->166
[5724.230s][info][gc,heap        ] GC(849) Humongous regions: 33->33
[5724.230s][info][gc,metaspace   ] GC(849) Metaspace: 30016K(30528K)->30016K(30528K) NonClass: 24603K(24896K)->24603K(24896K) Class: 5412K(5632K)->5412K(5632K)
[5724.230s][info][gc             ] GC(849) Pause Young (Mixed) (G1 Evacuation Pause) 7238M->1898M(8192M) 165.756ms
[5724.230s][info][gc,cpu         ] GC(849) User=1.24s Sys=0.01s Real=0.16s
...[5727.895s][info][gc,start       ] GC(850) Pause Young (Mixed) (G1 Evacuation Pause)
[5727.895s][info][gc,task        ] GC(850) Using 8 workers of 8 for evacuation
[5728.053s][info][gc,phases      ] GC(850)   Pre Evacuate Collection Set: 0.25ms
[5728.053s][info][gc,phases      ] GC(850)   Merge Heap Roots: 0.80ms
[5728.053s][info][gc,phases      ] GC(850)   Evacuate Collection Set: 155.87ms
[5728.053s][info][gc,phases      ] GC(850)   Post Evacuate Collection Set: 1.05ms
[5728.053s][info][gc,phases      ] GC(850)   Other: 0.06ms
[5728.053s][info][gc,heap        ] GC(850) Eden regions: 572->0(571)
[5728.053s][info][gc,heap        ] GC(850) Survivor regions: 42->43(77)
[5728.053s][info][gc,heap        ] GC(850) Old regions: 166->142
[5728.053s][info][gc,heap        ] GC(850) Humongous regions: 33->33
[5728.053s][info][gc,metaspace   ] GC(850) Metaspace: 30016K(30528K)->30016K(30528K) NonClass: 24603K(24896K)->24603K(24896K) Class: 5412K(5632K)->5412K(5632K)
[5728.053s][info][gc             ] GC(850) Pause Young (Mixed) (G1 Evacuation Pause) 6474M->1718M(8192M) 158.164ms
[5728.053s][info][gc,cpu         ] GC(850) User=1.25s Sys=0.00s Real=0.15s
....[5731.793s][info][gc,start       ] GC(851) Pause Young (Normal) (G1 Evacuation Pause)
[5731.793s][info][gc,task        ] GC(851) Using 8 workers of 8 for evacuation
[5731.950s][info][gc,phases      ] GC(851)   Pre Evacuate Collection Set: 0.22ms
[5731.950s][info][gc,phases      ] GC(851)   Merge Heap Roots: 0.52ms
[5731.950s][info][gc,phases      ] GC(851)   Evacuate Collection Set: 155.37ms
[5731.950s][info][gc,phases      ] GC(851)   Post Evacuate Collection Set: 0.98ms
[5731.950s][info][gc,phases      ] GC(851)   Other: 0.06ms
[5731.950s][info][gc,heap        ] GC(851) Eden regions: 571->0(570)
[5731.950s][info][gc,heap        ] GC(851) Survivor regions: 43->44(77)
[5731.951s][info][gc,heap        ] GC(851) Old regions: 142->149
[5731.951s][info][gc,heap        ] GC(851) Humongous regions: 33->33
[5731.951s][info][gc,metaspace   ] GC(851) Metaspace: 30016K(30528K)->30016K(30528K) NonClass: 24603K(24896K)->24603K(24896K) Class: 5412K(5632K)->5412K(5632K)
[5731.951s][info][gc             ] GC(851) Pause Young (Normal) (G1 Evacuation Pause) 6286M->1787M(8192M) 157.298ms
[5731.951s][info][gc,cpu         ] GC(851) User=1.25s Sys=0.00s Real=0.16s
....[5735.607s][info][gc,start       ] GC(852) Pause Young (Normal) (G1 Evacuation Pause)
[5735.607s][info][gc,task        ] GC(852) Using 8 workers of 8 for evacuation
[5735.755s][info][gc,phases      ] GC(852)   Pre Evacuate Collection Set: 0.25ms
[5735.755s][info][gc,phases      ] GC(852)   Merge Heap Roots: 0.53ms
[5735.755s][info][gc,phases      ] GC(852)   Evacuate Collection Set: 145.49ms
[5735.755s][info][gc,phases      ] GC(852)   Post Evacuate Collection Set: 1.05ms
[5735.755s][info][gc,phases      ] GC(852)   Other: 0.06ms
[5735.755s][info][gc,heap        ] GC(852) Eden regions: 570->0(571)
[5735.755s][info][gc,heap        ] GC(852) Survivor regions: 44->43(77)
[5735.755s][info][gc,heap        ] GC(852) Old regions: 149->156
[5735.755s][info][gc,heap        ] GC(852) Humongous regions: 33->33
[5735.755s][info][gc,metaspace   ] GC(852) Metaspace: 30016K(30528K)->30016K(30528K) NonClass: 24603K(24896K)->24603K(24896K) Class: 5412K(5632K)->5412K(5632K)
[5735.755s][info][gc             ] GC(852) Pause Young (Normal) (G1 Evacuation Pause) 6347M->1830M(8192M) 147.525ms
[5735.755s][info][gc,cpu         ] GC(852) User=1.17s Sys=0.00s Real=0.15s
....[5739.478s][info][gc,start       ] GC(853) Pause Young (Normal) (G1 Evacuation Pause)
[5739.478s][info][gc,task        ] GC(853) Using 8 workers of 8 for evacuation
[5739.628s][info][gc,phases      ] GC(853)   Pre Evacuate Collection Set: 0.26ms
[5739.628s][info][gc,phases      ] GC(853)   Merge Heap Roots: 0.59ms
[5739.628s][info][gc,phases      ] GC(853)   Evacuate Collection Set: 148.21ms
[5739.628s][info][gc,phases      ] GC(853)   Post Evacuate Collection Set: 1.02ms
[5739.628s][info][gc,phases      ] GC(853)   Other: 0.06ms
[5739.628s][info][gc,heap        ] GC(853) Eden regions: 571->0(571)
[5739.628s][info][gc,heap        ] GC(853) Survivor regions: 43->43(77)
[5739.628s][info][gc,heap        ] GC(853) Old regions: 156->163
[5739.628s][info][gc,heap        ] GC(853) Humongous regions: 33->33
[5739.628s][info][gc,metaspace   ] GC(853) Metaspace: 30016K(30528K)->30016K(30528K) NonClass: 24603K(24896K)->24603K(24896K) Class: 5412K(5632K)->5412K(5632K)
[5739.628s][info][gc             ] GC(853) Pause Young (Normal) (G1 Evacuation Pause) 6398M->1885M(8192M) 150.257ms
[5739.628s][info][gc,cpu         ] GC(853) User=1.19s Sys=0.00s Real=0.15s
....[5743.353s][info][gc,start       ] GC(854) Pause Young (Normal) (G1 Evacuation Pause)
[5743.353s][info][gc,task        ] GC(854) Using 8 workers of 8 for evacuation
[5743.508s][info][gc,phases      ] GC(854)   Pre Evacuate Collection Set: 0.24ms
[5743.508s][info][gc,phases      ] GC(854)   Merge Heap Roots: 0.54ms
[5743.508s][info][gc,phases      ] GC(854)   Evacuate Collection Set: 153.37ms
[5743.508s][info][gc,phases      ] GC(854)   Post Evacuate Collection Set: 1.02ms
[5743.508s][info][gc,phases      ] GC(854)   Other: 0.06ms
[5743.508s][info][gc,heap        ] GC(854) Eden regions: 571->0(570)
[5743.508s][info][gc,heap        ] GC(854) Survivor regions: 43->44(77)
[5743.508s][info][gc,heap        ] GC(854) Old regions: 163->170
[5743.508s][info][gc,heap        ] GC(854) Humongous regions: 33->33
[5743.508s][info][gc,metaspace   ] GC(854) Metaspace: 30016K(30528K)->30016K(30528K) NonClass: 24603K(24896K)->24603K(24896K) Class: 5412K(5632K)->5412K(5632K)
[5743.508s][info][gc             ] GC(854) Pause Young (Normal) (G1 Evacuation Pause) 6453M->1951M(8192M) 155.355ms
[5743.508s][info][gc,cpu         ] GC(854) User=1.23s Sys=0.00s Real=0.16s
....[5747.242s][info][gc,start       ] GC(855) Pause Young (Normal) (G1 Evacuation Pause)
[5747.242s][info][gc,task        ] GC(855) Using 8 workers of 8 for evacuation
[5747.394s][info][gc,phases      ] GC(855)   Pre Evacuate Collection Set: 0.26ms
[5747.395s][info][gc,phases      ] GC(855)   Merge Heap Roots: 0.52ms
[5747.395s][info][gc,phases      ] GC(855)   Evacuate Collection Set: 150.67ms
[5747.395s][info][gc,phases      ] GC(855)   Post Evacuate Collection Set: 0.99ms
[5747.395s][info][gc,phases      ] GC(855)   Other: 0.06ms
[5747.395s][info][gc,heap        ] GC(855) Eden regions: 570->0(570)
[5747.395s][info][gc,heap        ] GC(855) Survivor regions: 44->44(77)
[5747.395s][info][gc,heap        ] GC(855) Old regions: 170->178
[5747.395s][info][gc,heap        ] GC(855) Humongous regions: 33->33
[5747.395s][info][gc,metaspace   ] GC(855) Metaspace: 30016K(30528K)->30016K(30528K) NonClass: 24603K(24896K)->24603K(24896K) Class: 5412K(5632K)->5412K(5632K)
[5747.395s][info][gc             ] GC(855) Pause Young (Normal) (G1 Evacuation Pause) 6511M->2008M(8192M) 152.630ms
[5747.395s][info][gc,cpu         ] GC(855) User=1.21s Sys=0.00s Real=0.16s
...[5750.995s][info][gc,start       ] GC(856) Pause Young (Normal) (G1 Evacuation Pause)
[5750.995s][info][gc,task        ] GC(856) Using 8 workers of 8 for evacuation
[5751.149s][info][gc,phases      ] GC(856)   Pre Evacuate Collection Set: 0.26ms
[5751.149s][info][gc,phases      ] GC(856)   Merge Heap Roots: 0.51ms
[5751.149s][info][gc,phases      ] GC(856)   Evacuate Collection Set: 152.50ms
[5751.149s][info][gc,phases      ] GC(856)   Post Evacuate Collection Set: 1.00ms
[5751.149s][info][gc,phases      ] GC(856)   Other: 0.06ms
[5751.150s][info][gc,heap        ] GC(856) Eden regions: 570->0(570)
[5751.150s][info][gc,heap        ] GC(856) Survivor regions: 44->44(77)
[5751.150s][info][gc,heap        ] GC(856) Old regions: 178->185
[5751.150s][info][gc,heap        ] GC(856) Humongous regions: 33->33
[5751.150s][info][gc,metaspace   ] GC(856) Metaspace: 30016K(30528K)->30016K(30528K) NonClass: 24603K(24896K)->24603K(24896K) Class: 5412K(5632K)->5412K(5632K)
[5751.150s][info][gc             ] GC(856) Pause Young (Normal) (G1 Evacuation Pause) 6568M->2071M(8192M) 154.461ms
[5751.150s][info][gc,cpu         ] GC(856) User=1.22s Sys=0.00s Real=0.15s
....[5754.849s][info][gc,start       ] GC(857) Pause Young (Normal) (G1 Evacuation Pause)
[5754.849s][info][gc,task        ] GC(857) Using 8 workers of 8 for evacuation
[5754.997s][info][gc,phases      ] GC(857)   Pre Evacuate Collection Set: 0.23ms
[5754.997s][info][gc,phases      ] GC(857)   Merge Heap Roots: 0.52ms
[5754.997s][info][gc,phases      ] GC(857)   Evacuate Collection Set: 146.52ms
[5754.997s][info][gc,phases      ] GC(857)   Post Evacuate Collection Set: 1.03ms
[5754.997s][info][gc,phases      ] GC(857)   Other: 0.06ms
[5754.997s][info][gc,heap        ] GC(857) Eden regions: 570->0(571)
[5754.997s][info][gc,heap        ] GC(857) Survivor regions: 44->43(77)
[5754.997s][info][gc,heap        ] GC(857) Old regions: 185->192
[5754.997s][info][gc,heap        ] GC(857) Humongous regions: 33->33
[5754.997s][info][gc,metaspace   ] GC(857) Metaspace: 30016K(30528K)->30016K(30528K) NonClass: 24603K(24896K)->24603K(24896K) Class: 5412K(5632K)->5412K(5632K)
[5754.997s][info][gc             ] GC(857) Pause Young (Normal) (G1 Evacuation Pause) 6631M->2115M(8192M) 148.503ms
[5754.998s][info][gc,cpu         ] GC(857) User=1.18s Sys=0.00s Real=0.15s
....[5758.745s][info][gc,start       ] GC(858) Pause Young (Normal) (G1 Evacuation Pause)
[5758.745s][info][gc,task        ] GC(858) Using 8 workers of 8 for evacuation
[5758.902s][info][gc,phases      ] GC(858)   Pre Evacuate Collection Set: 0.20ms
[5758.902s][info][gc,phases      ] GC(858)   Merge Heap Roots: 0.52ms
[5758.902s][info][gc,phases      ] GC(858)   Evacuate Collection Set: 154.99ms
[5758.902s][info][gc,phases      ] GC(858)   Post Evacuate Collection Set: 1.04ms
[5758.902s][info][gc,phases      ] GC(858)   Other: 0.06ms
[5758.902s][info][gc,heap        ] GC(858) Eden regions: 571->0(570)
[5758.902s][info][gc,heap        ] GC(858) Survivor regions: 43->44(77)
[5758.902s][info][gc,heap        ] GC(858) Old regions: 192->199
[5758.902s][info][gc,heap        ] GC(858) Humongous regions: 33->33
[5758.902s][info][gc,metaspace   ] GC(858) Metaspace: 30016K(30528K)->30016K(30528K) NonClass: 24603K(24896K)->24603K(24896K) Class: 5412K(5632K)->5412K(5632K)
[5758.902s][info][gc             ] GC(858) Pause Young (Normal) (G1 Evacuation Pause) 6683M->2181M(8192M) 156.938ms
[5758.902s][info][gc,cpu         ] GC(858) User=1.24s Sys=0.00s Real=0.15s
... (rIR:aIR:PR = 9963:9949:9949) (tPR = 147070) [OK] 
  5761s: Performance info:
         Transaction,    Success,    Partial,     Failed,   Receipts, AvgBarcode, 
             Overall,     600756,          0,          0,     570812,      59.47, 
         Response times:
             Request,    Success,    Partial,     Failed,   SkipFail,     Probes,    Samples,      min,      p50,      p90,      p95,      p99,      max, 
       TotalPurchase,     570788,          0,          0,          0,     358566,     423613,      300,     7100,    40000,    77000,   153000,  1300000,
     InStorePurchase,     301166,          0,          0,          0,     188465,     222054,      300,     7000,    39000,    75000,   152000,  1300000,
      OnlinePurchase,     209813,          0,          0,          0,     131712,     155900,      300,     7200,    40000,    78000,   157000,  1300000,
        InstPurchase,      59809,          0,          0,          0,      38389,      45659,      400,     7200,    40000,    78000,   150000,  1100000,
          AssocOfCat,        602,          0,          0,          0,        509,        720,    26000,    56500,    97000,   133900,   220370,   294000,
      AssocOfProduct,       6020,          0,          0,          0,       4416,       5406,      700,     7000,    39000,    76000,   163860,   492000,
      BusinessReport,       1507,          0,          0,          0,       1337,       1670,    33000,    59000,   111900,   168900,   244870,   509000,
          CustBuyBeh,       5993,          0,          0,          0,       4510,       5566,      200,     6900,    34000,    67000,   151320,   459000,
       ProductReturn,      15876,          0,          0,          0,       9378,      11307,      300,     6800,    41000,    81000,   138000,   495000,

  5761s: (73%)   IR =  10101 .[5762.492s][info][gc,start       ] GC(859) Pause Young (Normal) (G1 Evacuation Pause)
[5762.492s][info][gc,task        ] GC(859) Using 8 workers of 8 for evacuation
[5762.644s][info][gc,phases      ] GC(859)   Pre Evacuate Collection Set: 0.23ms
[5762.644s][info][gc,phases      ] GC(859)   Merge Heap Roots: 0.49ms
[5762.644s][info][gc,phases      ] GC(859)   Evacuate Collection Set: 150.02ms
[5762.644s][info][gc,phases      ] GC(859)   Post Evacuate Collection Set: 1.01ms
[5762.644s][info][gc,phases      ] GC(859)   Other: 0.07ms
[5762.644s][info][gc,heap        ] GC(859) Eden regions: 570->0(570)
[5762.644s][info][gc,heap        ] GC(859) Survivor regions: 44->44(77)
[5762.644s][info][gc,heap        ] GC(859) Old regions: 199->206
[5762.644s][info][gc,heap        ] GC(859) Humongous regions: 33->33
[5762.644s][info][gc,metaspace   ] GC(859) Metaspace: 30016K(30528K)->30016K(30528K) NonClass: 24603K(24896K)->24603K(24896K) Class: 5412K(5632K)->5412K(5632K)
[5762.644s][info][gc             ] GC(859) Pause Young (Normal) (G1 Evacuation Pause) 6741M->2237M(8192M) 151.974ms
[5762.644s][info][gc,cpu         ] GC(859) User=1.20s Sys=0.00s Real=0.16s
...[5766.224s][info][gc,start       ] GC(860) Pause Young (Normal) (G1 Evacuation Pause)
[5766.224s][info][gc,task        ] GC(860) Using 8 workers of 8 for evacuation
[5766.380s][info][gc,phases      ] GC(860)   Pre Evacuate Collection Set: 0.26ms
[5766.380s][info][gc,phases      ] GC(860)   Merge Heap Roots: 0.51ms
[5766.380s][info][gc,phases      ] GC(860)   Evacuate Collection Set: 153.58ms
[5766.380s][info][gc,phases      ] GC(860)   Post Evacuate Collection Set: 1.08ms
[5766.380s][info][gc,phases      ] GC(860)   Other: 0.06ms
[5766.380s][info][gc,heap        ] GC(860) Eden regions: 570->0(570)
[5766.380s][info][gc,heap        ] GC(860) Survivor regions: 44->44(77)
[5766.380s][info][gc,heap        ] GC(860) Old regions: 206->213
[5766.380s][info][gc,heap        ] GC(860) Humongous regions: 33->33
[5766.380s][info][gc,metaspace   ] GC(860) Metaspace: 30016K(30528K)->30016K(30528K) NonClass: 24603K(24896K)->24603K(24896K) Class: 5412K(5632K)->5412K(5632K)
[5766.380s][info][gc             ] GC(860) Pause Young (Normal) (G1 Evacuation Pause) 6797M->2295M(8192M) 155.609ms
[5766.380s][info][gc,cpu         ] GC(860) User=1.23s Sys=0.00s Real=0.15s
....[5769.992s][info][gc,start       ] GC(861) Pause Young (Normal) (G1 Evacuation Pause)
[5769.992s][info][gc,task        ] GC(861) Using 8 workers of 8 for evacuation
[5770.147s][info][gc,phases      ] GC(861)   Pre Evacuate Collection Set: 0.23ms
[5770.147s][info][gc,phases      ] GC(861)   Merge Heap Roots: 0.51ms
[5770.147s][info][gc,phases      ] GC(861)   Evacuate Collection Set: 153.43ms
[5770.147s][info][gc,phases      ] GC(861)   Post Evacuate Collection Set: 1.01ms
[5770.147s][info][gc,phases      ] GC(861)   Other: 0.07ms
[5770.147s][info][gc,heap        ] GC(861) Eden regions: 570->0(570)
[5770.147s][info][gc,heap        ] GC(861) Survivor regions: 44->44(77)
[5770.147s][info][gc,heap        ] GC(861) Old regions: 213->221
[5770.147s][info][gc,heap        ] GC(861) Humongous regions: 33->33
[5770.147s][info][gc,metaspace   ] GC(861) Metaspace: 30016K(30528K)->30016K(30528K) NonClass: 24603K(24896K)->24603K(24896K) Class: 5412K(5632K)->5412K(5632K)
[5770.147s][info][gc             ] GC(861) Pause Young (Normal) (G1 Evacuation Pause) 6855M->2359M(8192M) 155.366ms
[5770.147s][info][gc,cpu         ] GC(861) User=1.23s Sys=0.01s Real=0.16s
....|[5773.670s][info][gc,start       ] GC(862) Pause Young (Normal) (G1 Evacuation Pause)
[5773.670s][info][gc,task        ] GC(862) Using 8 workers of 8 for evacuation
[5773.824s][info][gc,phases      ] GC(862)   Pre Evacuate Collection Set: 0.22ms
[5773.824s][info][gc,phases      ] GC(862)   Merge Heap Roots: 0.51ms
[5773.824s][info][gc,phases      ] GC(862)   Evacuate Collection Set: 152.08ms
[5773.824s][info][gc,phases      ] GC(862)   Post Evacuate Collection Set: 1.00ms
[5773.824s][info][gc,phases      ] GC(862)   Other: 0.06ms
[5773.824s][info][gc,heap        ] GC(862) Eden regions: 570->0(570)
[5773.824s][info][gc,heap        ] GC(862) Survivor regions: 44->44(77)
[5773.824s][info][gc,heap        ] GC(862) Old regions: 221->228
[5773.824s][info][gc,heap        ] GC(862) Humongous regions: 33->33
[5773.824s][info][gc,metaspace   ] GC(862) Metaspace: 30016K(30528K)->30016K(30528K) NonClass: 24603K(24896K)->24603K(24896K) Class: 5412K(5632K)->5412K(5632K)
[5773.824s][info][gc             ] GC(862) Pause Young (Normal) (G1 Evacuation Pause) 6919M->2414M(8192M) 154.006ms
[5773.824s][info][gc,cpu         ] GC(862) User=1.22s Sys=0.00s Real=0.16s
....[5777.522s][info][gc,start       ] GC(863) Pause Young (Normal) (G1 Evacuation Pause)
[5777.522s][info][gc,task        ] GC(863) Using 8 workers of 8 for evacuation
[5777.672s][info][gc,phases      ] GC(863)   Pre Evacuate Collection Set: 0.23ms
[5777.672s][info][gc,phases      ] GC(863)   Merge Heap Roots: 0.52ms
[5777.672s][info][gc,phases      ] GC(863)   Evacuate Collection Set: 147.47ms
[5777.672s][info][gc,phases      ] GC(863)   Post Evacuate Collection Set: 1.02ms
[5777.672s][info][gc,phases      ] GC(863)   Other: 0.06ms
[5777.672s][info][gc,heap        ] GC(863) Eden regions: 570->0(571)
[5777.672s][info][gc,heap        ] GC(863) Survivor regions: 44->43(77)
[5777.672s][info][gc,heap        ] GC(863) Old regions: 228->235
[5777.672s][info][gc,heap        ] GC(863) Humongous regions: 33->33
[5777.672s][info][gc,metaspace   ] GC(863) Metaspace: 30016K(30528K)->30016K(30528K) NonClass: 24603K(24896K)->24603K(24896K) Class: 5412K(5632K)->5412K(5632K)
[5777.672s][info][gc             ] GC(863) Pause Young (Normal) (G1 Evacuation Pause) 6974M->2461M(8192M) 149.427ms
[5777.672s][info][gc,cpu         ] GC(863) User=1.18s Sys=0.00s Real=0.15s
...[5781.296s][info][gc,start       ] GC(864) Pause Young (Normal) (G1 Evacuation Pause)
[5781.296s][info][gc,task        ] GC(864) Using 8 workers of 8 for evacuation
[5781.450s][info][gc,phases      ] GC(864)   Pre Evacuate Collection Set: 0.23ms
[5781.450s][info][gc,phases      ] GC(864)   Merge Heap Roots: 0.51ms
[5781.450s][info][gc,phases      ] GC(864)   Evacuate Collection Set: 152.01ms
[5781.450s][info][gc,phases      ] GC(864)   Post Evacuate Collection Set: 1.04ms
[5781.450s][info][gc,phases      ] GC(864)   Other: 0.06ms
[5781.450s][info][gc,heap        ] GC(864) Eden regions: 571->0(570)
[5781.450s][info][gc,heap        ] GC(864) Survivor regions: 43->44(77)
[5781.450s][info][gc,heap        ] GC(864) Old regions: 235->242
[5781.450s][info][gc,heap        ] GC(864) Humongous regions: 33->33
[5781.450s][info][gc,metaspace   ] GC(864) Metaspace: 30016K(30528K)->30016K(30528K) NonClass: 24603K(24896K)->24603K(24896K) Class: 5412K(5632K)->5412K(5632K)
[5781.450s][info][gc             ] GC(864) Pause Young (Normal) (G1 Evacuation Pause) 7029M->2527M(8192M) 153.993ms
[5781.450s][info][gc,cpu         ] GC(864) User=1.22s Sys=0.00s Real=0.15s
....[5785.090s][info][gc,start       ] GC(865) Pause Young (Normal) (G1 Evacuation Pause)
[5785.090s][info][gc,task        ] GC(865) Using 8 workers of 8 for evacuation
[5785.248s][info][gc,phases      ] GC(865)   Pre Evacuate Collection Set: 0.21ms
[5785.248s][info][gc,phases      ] GC(865)   Merge Heap Roots: 0.53ms
[5785.248s][info][gc,phases      ] GC(865)   Evacuate Collection Set: 156.12ms
[5785.248s][info][gc,phases      ] GC(865)   Post Evacuate Collection Set: 1.07ms
[5785.248s][info][gc,phases      ] GC(865)   Other: 0.06ms
[5785.248s][info][gc,heap        ] GC(865) Eden regions: 570->0(570)
[5785.248s][info][gc,heap        ] GC(865) Survivor regions: 44->44(77)
[5785.248s][info][gc,heap        ] GC(865) Old regions: 242->250
[5785.248s][info][gc,heap        ] GC(865) Humongous regions: 33->33
[5785.248s][info][gc,metaspace   ] GC(865) Metaspace: 30016K(30528K)->30016K(30528K) NonClass: 24603K(24896K)->24603K(24896K) Class: 5412K(5632K)->5412K(5632K)
[5785.248s][info][gc             ] GC(865) Pause Young (Normal) (G1 Evacuation Pause) 7087M->2591M(8192M) 158.125ms
[5785.248s][info][gc,cpu         ] GC(865) User=1.25s Sys=0.00s Real=0.16s
....[5788.869s][info][gc,start       ] GC(866) Pause Young (Normal) (G1 Evacuation Pause)
[5788.870s][info][gc,task        ] GC(866) Using 8 workers of 8 for evacuation
[5789.020s][info][gc,phases      ] GC(866)   Pre Evacuate Collection Set: 0.26ms
[5789.020s][info][gc,phases      ] GC(866)   Merge Heap Roots: 0.60ms
[5789.020s][info][gc,phases      ] GC(866)   Evacuate Collection Set: 148.94ms
[5789.020s][info][gc,phases      ] GC(866)   Post Evacuate Collection Set: 1.00ms
[5789.020s][info][gc,phases      ] GC(866)   Other: 0.06ms
[5789.020s][info][gc,heap        ] GC(866) Eden regions: 570->0(571)
[5789.020s][info][gc,heap        ] GC(866) Survivor regions: 44->43(77)
[5789.020s][info][gc,heap        ] GC(866) Old regions: 250->257
[5789.020s][info][gc,heap        ] GC(866) Humongous regions: 33->33
[5789.020s][info][gc,metaspace   ] GC(866) Metaspace: 30016K(30528K)->30016K(30528K) NonClass: 24603K(24896K)->24603K(24896K) Class: 5412K(5632K)->5412K(5632K)
[5789.020s][info][gc             ] GC(866) Pause Young (Normal) (G1 Evacuation Pause) 7151M->2640M(8192M) 151.002ms
[5789.021s][info][gc,cpu         ] GC(866) User=1.20s Sys=0.00s Real=0.15s
....[5792.667s][info][gc,start       ] GC(867) Pause Young (Normal) (G1 Evacuation Pause)
[5792.667s][info][gc,task        ] GC(867) Using 8 workers of 8 for evacuation
[5792.820s][info][gc,phases      ] GC(867)   Pre Evacuate Collection Set: 0.23ms
[5792.820s][info][gc,phases      ] GC(867)   Merge Heap Roots: 0.52ms
[5792.820s][info][gc,phases      ] GC(867)   Evacuate Collection Set: 151.42ms
[5792.820s][info][gc,phases      ] GC(867)   Post Evacuate Collection Set: 1.03ms
[5792.820s][info][gc,phases      ] GC(867)   Other: 0.06ms
[5792.820s][info][gc,heap        ] GC(867) Eden regions: 571->0(570)
[5792.820s][info][gc,heap        ] GC(867) Survivor regions: 43->44(77)
[5792.820s][info][gc,heap        ] GC(867) Old regions: 257->264
[5792.820s][info][gc,heap        ] GC(867) Humongous regions: 33->33
[5792.820s][info][gc,metaspace   ] GC(867) Metaspace: 30016K(30528K)->30016K(30528K) NonClass: 24603K(24896K)->24603K(24896K) Class: 5412K(5632K)->5412K(5632K)
[5792.820s][info][gc             ] GC(867) Pause Young (Normal) (G1 Evacuation Pause) 7208M->2704M(8192M) 153.380ms
[5792.820s][info][gc,cpu         ] GC(867) User=1.22s Sys=0.00s Real=0.15s
...[5796.420s][info][gc,start       ] GC(868) Pause Young (Normal) (G1 Evacuation Pause)
[5796.420s][info][gc,task        ] GC(868) Using 8 workers of 8 for evacuation
[5796.570s][info][gc,phases      ] GC(868)   Pre Evacuate Collection Set: 0.24ms
[5796.570s][info][gc,phases      ] GC(868)   Merge Heap Roots: 0.53ms
[5796.570s][info][gc,phases      ] GC(868)   Evacuate Collection Set: 148.47ms
[5796.570s][info][gc,phases      ] GC(868)   Post Evacuate Collection Set: 1.00ms
[5796.570s][info][gc,phases      ] GC(868)   Other: 0.06ms
[5796.570s][info][gc,heap        ] GC(868) Eden regions: 570->0(571)
[5796.570s][info][gc,heap        ] GC(868) Survivor regions: 44->43(77)
[5796.570s][info][gc,heap        ] GC(868) Old regions: 264->271
[5796.570s][info][gc,heap        ] GC(868) Humongous regions: 33->33
[5796.570s][info][gc,metaspace   ] GC(868) Metaspace: 30016K(30528K)->30016K(30528K) NonClass: 24603K(24896K)->24603K(24896K) Class: 5412K(5632K)->5412K(5632K)
[5796.570s][info][gc             ] GC(868) Pause Young (Normal) (G1 Evacuation Pause) 7264M->2749M(8192M) 150.432ms
[5796.570s][info][gc,cpu         ] GC(868) User=1.20s Sys=0.00s Real=0.15s
....[5800.210s][info][gc,start       ] GC(869) Pause Young (Normal) (G1 Evacuation Pause)
[5800.210s][info][gc,task        ] GC(869) Using 8 workers of 8 for evacuation
[5800.365s][info][gc,phases      ] GC(869)   Pre Evacuate Collection Set: 0.25ms
[5800.365s][info][gc,phases      ] GC(869)   Merge Heap Roots: 0.57ms
[5800.365s][info][gc,phases      ] GC(869)   Evacuate Collection Set: 152.36ms
[5800.365s][info][gc,phases      ] GC(869)   Post Evacuate Collection Set: 1.01ms
[5800.365s][info][gc,phases      ] GC(869)   Other: 0.07ms
[5800.365s][info][gc,heap        ] GC(869) Eden regions: 571->0(570)
[5800.365s][info][gc,heap        ] GC(869) Survivor regions: 43->44(77)
[5800.365s][info][gc,heap        ] GC(869) Old regions: 271->278
[5800.365s][info][gc,heap        ] GC(869) Humongous regions: 33->33
[5800.365s][info][gc,metaspace   ] GC(869) Metaspace: 30016K(30528K)->30016K(30528K) NonClass: 24603K(24896K)->24603K(24896K) Class: 5412K(5632K)->5412K(5632K)
[5800.365s][info][gc             ] GC(869) Pause Young (Normal) (G1 Evacuation Pause) 7317M->2815M(8192M) 154.381ms
[5800.365s][info][gc,cpu         ] GC(869) User=1.22s Sys=0.00s Real=0.16s
....[5803.990s][info][gc,start       ] GC(870) Pause Young (Normal) (G1 Evacuation Pause)
[5803.990s][info][gc,task        ] GC(870) Using 8 workers of 8 for evacuation
[5804.141s][info][gc,phases      ] GC(870)   Pre Evacuate Collection Set: 0.23ms
[5804.141s][info][gc,phases      ] GC(870)   Merge Heap Roots: 0.58ms
[5804.141s][info][gc,phases      ] GC(870)   Evacuate Collection Set: 148.95ms
[5804.141s][info][gc,phases      ] GC(870)   Post Evacuate Collection Set: 1.03ms
[5804.141s][info][gc,phases      ] GC(870)   Other: 0.07ms
[5804.141s][info][gc,heap        ] GC(870) Eden regions: 570->0(567)
[5804.141s][info][gc,heap        ] GC(870) Survivor regions: 44->43(77)
[5804.141s][info][gc,heap        ] GC(870) Old regions: 278->286
[5804.141s][info][gc,heap        ] GC(870) Humongous regions: 33->33
[5804.141s][info][gc,metaspace   ] GC(870) Metaspace: 30016K(30528K)->30016K(30528K) NonClass: 24603K(24896K)->24603K(24896K) Class: 5412K(5632K)->5412K(5632K)
[5804.141s][info][gc             ] GC(870) Pause Young (Normal) (G1 Evacuation Pause) 7375M->2864M(8192M) 151.005ms
[5804.141s][info][gc,cpu         ] GC(870) User=1.19s Sys=0.00s Real=0.15s
....[5807.779s][info][gc,start       ] GC(871) Pause Young (Normal) (G1 Evacuation Pause)
[5807.779s][info][gc,task        ] GC(871) Using 8 workers of 8 for evacuation
[5807.928s][info][gc,phases      ] GC(871)   Pre Evacuate Collection Set: 0.23ms
[5807.928s][info][gc,phases      ] GC(871)   Merge Heap Roots: 0.52ms
[5807.928s][info][gc,phases      ] GC(871)   Evacuate Collection Set: 148.05ms
[5807.928s][info][gc,phases      ] GC(871)   Post Evacuate Collection Set: 1.01ms
[5807.928s][info][gc,phases      ] GC(871)   Other: 0.06ms
[5807.928s][info][gc,heap        ] GC(871) Eden regions: 567->0(560)
[5807.928s][info][gc,heap        ] GC(871) Survivor regions: 43->43(77)
[5807.928s][info][gc,heap        ] GC(871) Old regions: 286->293
[5807.929s][info][gc,heap        ] GC(871) Humongous regions: 33->33
[5807.929s][info][gc,metaspace   ] GC(871) Metaspace: 30016K(30528K)->30016K(30528K) NonClass: 24603K(24896K)->24603K(24896K) Class: 5412K(5632K)->5412K(5632K)
[5807.929s][info][gc             ] GC(871) Pause Young (Normal) (G1 Evacuation Pause) 7400M->2926M(8192M) 150.003ms
[5807.929s][info][gc,cpu         ] GC(871) User=1.19s Sys=0.00s Real=0.15s
...[5811.505s][info][gc,start       ] GC(872) Pause Young (Normal) (G1 Evacuation Pause)
[5811.505s][info][gc,task        ] GC(872) Using 8 workers of 8 for evacuation
[5811.655s][info][gc,phases      ] GC(872)   Pre Evacuate Collection Set: 0.23ms
[5811.655s][info][gc,phases      ] GC(872)   Merge Heap Roots: 0.51ms
[5811.655s][info][gc,phases      ] GC(872)   Evacuate Collection Set: 147.85ms
[5811.655s][info][gc,phases      ] GC(872)   Post Evacuate Collection Set: 1.00ms
[5811.655s][info][gc,phases      ] GC(872)   Other: 0.06ms
[5811.655s][info][gc,heap        ] GC(872) Eden regions: 560->0(551)
[5811.655s][info][gc,heap        ] GC(872) Survivor regions: 43->44(76)
[5811.655s][info][gc,heap        ] GC(872) Old regions: 293->300
[5811.655s][info][gc,heap        ] GC(872) Humongous regions: 33->33
[5811.655s][info][gc,metaspace   ] GC(872) Metaspace: 30016K(30528K)->30016K(30528K) NonClass: 24603K(24896K)->24603K(24896K) Class: 5412K(5632K)->5412K(5632K)
[5811.655s][info][gc             ] GC(872) Pause Young (Normal) (G1 Evacuation Pause) 7406M->2988M(8192M) 149.770ms
[5811.655s][info][gc,cpu         ] GC(872) User=1.19s Sys=0.00s Real=0.15s
....[5815.135s][info][gc,start       ] GC(873) Pause Young (Normal) (G1 Evacuation Pause)
[5815.135s][info][gc,task        ] GC(873) Using 8 workers of 8 for evacuation
[5815.291s][info][gc,phases      ] GC(873)   Pre Evacuate Collection Set: 0.21ms
[5815.291s][info][gc,phases      ] GC(873)   Merge Heap Roots: 0.50ms
[5815.291s][info][gc,phases      ] GC(873)   Evacuate Collection Set: 154.09ms
[5815.291s][info][gc,phases      ] GC(873)   Post Evacuate Collection Set: 1.00ms
[5815.291s][info][gc,phases      ] GC(873)   Other: 0.06ms
[5815.291s][info][gc,heap        ] GC(873) Eden regions: 551->0(544)
[5815.291s][info][gc,heap        ] GC(873) Survivor regions: 44->44(75)
[5815.291s][info][gc,heap        ] GC(873) Old regions: 300->307
[5815.291s][info][gc,heap        ] GC(873) Humongous regions: 33->33
[5815.291s][info][gc,metaspace   ] GC(873) Metaspace: 30016K(30528K)->30016K(30528K) NonClass: 24603K(24896K)->24603K(24896K) Class: 5412K(5632K)->5412K(5632K)
[5815.291s][info][gc             ] GC(873) Pause Young (Normal) (G1 Evacuation Pause) 7396M->3047M(8192M) 156.008ms
[5815.291s][info][gc,cpu         ] GC(873) User=1.23s Sys=0.00s Real=0.15s
...[5818.644s][info][gc,start       ] GC(874) Pause Young (Concurrent Start) (G1 Evacuation Pause)
[5818.644s][info][gc,task        ] GC(874) Using 8 workers of 8 for evacuation
[5818.793s][info][gc,phases      ] GC(874)   Pre Evacuate Collection Set: 0.30ms
[5818.793s][info][gc,phases      ] GC(874)   Merge Heap Roots: 0.51ms
[5818.793s][info][gc,phases      ] GC(874)   Evacuate Collection Set: 146.55ms
[5818.793s][info][gc,phases      ] GC(874)   Post Evacuate Collection Set: 0.98ms
[5818.793s][info][gc,phases      ] GC(874)   Other: 0.09ms
[5818.793s][info][gc,heap        ] GC(874) Eden regions: 544->0(538)
[5818.793s][info][gc,heap        ] GC(874) Survivor regions: 44->43(74)
[5818.793s][info][gc,heap        ] GC(874) Old regions: 307->315
[5818.793s][info][gc,heap        ] GC(874) Humongous regions: 33->33
[5818.793s][info][gc,metaspace   ] GC(874) Metaspace: 30016K(30528K)->30016K(30528K) NonClass: 24603K(24896K)->24603K(24896K) Class: 5412K(5632K)->5412K(5632K)
[5818.793s][info][gc             ] GC(874) Pause Young (Concurrent Start) (G1 Evacuation Pause) 7399M->3100M(8192M) 148.566ms
[5818.793s][info][gc             ] GC(875) Concurrent Mark Cycle
[5818.793s][info][gc,marking     ] GC(875) Concurrent Scan Root Regions
[5818.793s][info][gc,cpu         ] GC(874) User=1.17s Sys=0.00s Real=0.14s
.[5819.185s][info][gc,marking     ] GC(875) Concurrent Scan Root Regions 392.366ms
[5819.185s][info][gc,marking     ] GC(875) Concurrent Mark
[5819.185s][info][gc,marking     ] GC(875) Concurrent Mark From Roots
[5819.185s][info][gc,task        ] GC(875) Using 2 workers of 2 for marking
.[5820.338s][info][gc,marking     ] GC(875) Concurrent Mark From Roots 1152.617ms
[5820.338s][info][gc,marking     ] GC(875) Concurrent Preclean
[5820.338s][info][gc,marking     ] GC(875) Concurrent Preclean 0.111ms
[5820.338s][info][gc,start       ] GC(875) Pause Remark
[5820.340s][info][gc             ] GC(875) Pause Remark 4852M->4348M(8192M) 2.096ms
[5820.340s][info][gc,cpu         ] GC(875) User=0.01s Sys=0.00s Real=0.00s
[5820.340s][info][gc,marking     ] GC(875) Concurrent Mark 1155.147ms
[5820.340s][info][gc,marking     ] GC(875) Concurrent Rebuild Remembered Sets and Scrub Regions
.[5821.313s][info][gc,marking     ] GC(875) Concurrent Rebuild Remembered Sets and Scrub Regions 972.741ms
[5821.313s][info][gc,start       ] GC(875) Pause Cleanup
[5821.314s][info][gc             ] GC(875) Pause Cleanup 5757M->5757M(8192M) 0.260ms
[5821.314s][info][gc,cpu         ] GC(875) User=0.00s Sys=0.00s Real=0.00s
[5821.314s][info][gc,marking     ] GC(875) Concurrent Clear Claimed Marks
[5821.314s][info][gc,marking     ] GC(875) Concurrent Clear Claimed Marks 0.041ms
[5821.314s][info][gc,marking     ] GC(875) Concurrent Cleanup for Next Mark
[5821.323s][info][gc,marking     ] GC(875) Concurrent Cleanup for Next Mark 9.822ms
[5821.324s][info][gc             ] GC(875) Concurrent Mark Cycle 2530.796ms
.[5822.217s][info][gc,start       ] GC(876) Pause Young (Prepare Mixed) (G1 Evacuation Pause)
[5822.217s][info][gc,task        ] GC(876) Using 8 workers of 8 for evacuation
[5822.368s][info][gc,phases      ] GC(876)   Pre Evacuate Collection Set: 0.26ms
[5822.368s][info][gc,phases      ] GC(876)   Merge Heap Roots: 0.67ms
[5822.368s][info][gc,phases      ] GC(876)   Evacuate Collection Set: 149.03ms
[5822.368s][info][gc,phases      ] GC(876)   Post Evacuate Collection Set: 1.13ms
[5822.368s][info][gc,phases      ] GC(876)   Other: 0.07ms
[5822.368s][info][gc,heap        ] GC(876) Eden regions: 538->0(570)
[5822.368s][info][gc,heap        ] GC(876) Survivor regions: 43->44(73)
[5822.368s][info][gc,heap        ] GC(876) Old regions: 252->259
[5822.368s][info][gc,heap        ] GC(876) Humongous regions: 33->33
[5822.368s][info][gc,metaspace   ] GC(876) Metaspace: 30016K(30528K)->30016K(30528K) NonClass: 24603K(24896K)->24603K(24896K) Class: 5412K(5632K)->5412K(5632K)
[5822.368s][info][gc             ] GC(876) Pause Young (Prepare Mixed) (G1 Evacuation Pause) 6900M->2666M(8192M) 151.286ms
[5822.368s][info][gc,cpu         ] GC(876) User=1.20s Sys=0.00s Real=0.15s
....[5826.027s][info][gc,start       ] GC(877) Pause Young (Mixed) (G1 Evacuation Pause)
[5826.027s][info][gc,task        ] GC(877) Using 8 workers of 8 for evacuation
[5826.183s][info][gc,phases      ] GC(877)   Pre Evacuate Collection Set: 0.29ms
[5826.183s][info][gc,phases      ] GC(877)   Merge Heap Roots: 0.76ms
[5826.183s][info][gc,phases      ] GC(877)   Evacuate Collection Set: 153.21ms
[5826.183s][info][gc,phases      ] GC(877)   Post Evacuate Collection Set: 1.22ms
[5826.183s][info][gc,phases      ] GC(877)   Other: 0.10ms
[5826.183s][info][gc,heap        ] GC(877) Eden regions: 570->0(571)
[5826.183s][info][gc,heap        ] GC(877) Survivor regions: 44->43(77)
[5826.183s][info][gc,heap        ] GC(877) Old regions: 259->164
[5826.183s][info][gc,heap        ] GC(877) Humongous regions: 33->33
[5826.183s][info][gc,metaspace   ] GC(877) Metaspace: 30016K(30528K)->30016K(30528K) NonClass: 24603K(24896K)->24603K(24896K) Class: 5412K(5632K)->5412K(5632K)
[5826.183s][info][gc             ] GC(877) Pause Young (Mixed) (G1 Evacuation Pause) 7226M->1893M(8192M) 155.720ms
[5826.183s][info][gc,cpu         ] GC(877) User=1.23s Sys=0.00s Real=0.15s
...[5829.770s][info][gc,start       ] GC(878) Pause Young (Mixed) (G1 Evacuation Pause)
[5829.770s][info][gc,task        ] GC(878) Using 8 workers of 8 for evacuation
[5829.929s][info][gc,phases      ] GC(878)   Pre Evacuate Collection Set: 0.24ms
[5829.929s][info][gc,phases      ] GC(878)   Merge Heap Roots: 0.83ms
[5829.929s][info][gc,phases      ] GC(878)   Evacuate Collection Set: 156.79ms
[5829.929s][info][gc,phases      ] GC(878)   Post Evacuate Collection Set: 1.04ms
[5829.929s][info][gc,phases      ] GC(878)   Other: 0.06ms
[5829.929s][info][gc,heap        ] GC(878) Eden regions: 571->0(570)
[5829.929s][info][gc,heap        ] GC(878) Survivor regions: 43->44(77)
[5829.929s][info][gc,heap        ] GC(878) Old regions: 164->143
[5829.929s][info][gc,heap        ] GC(878) Humongous regions: 33->33
[5829.929s][info][gc,metaspace   ] GC(878) Metaspace: 30016K(30528K)->30016K(30528K) NonClass: 24603K(24896K)->24603K(24896K) Class: 5412K(5632K)->5412K(5632K)
[5829.929s][info][gc             ] GC(878) Pause Young (Mixed) (G1 Evacuation Pause) 6461M->1732M(8192M) 159.105ms
[5829.929s][info][gc,cpu         ] GC(878) User=1.26s Sys=0.00s Real=0.16s
....[5833.516s][info][gc,start       ] GC(879) Pause Young (Normal) (G1 Evacuation Pause)
[5833.516s][info][gc,task        ] GC(879) Using 8 workers of 8 for evacuation
[5833.669s][info][gc,phases      ] GC(879)   Pre Evacuate Collection Set: 0.22ms
[5833.669s][info][gc,phases      ] GC(879)   Merge Heap Roots: 0.52ms
[5833.669s][info][gc,phases      ] GC(879)   Evacuate Collection Set: 151.37ms
[5833.669s][info][gc,phases      ] GC(879)   Post Evacuate Collection Set: 0.99ms
[5833.669s][info][gc,phases      ] GC(879)   Other: 0.07ms
[5833.669s][info][gc,heap        ] GC(879) Eden regions: 570->0(571)
[5833.669s][info][gc,heap        ] GC(879) Survivor regions: 44->43(77)
[5833.669s][info][gc,heap        ] GC(879) Old regions: 143->150
[5833.669s][info][gc,heap        ] GC(879) Humongous regions: 33->33
[5833.669s][info][gc,metaspace   ] GC(879) Metaspace: 30016K(30528K)->30016K(30528K) NonClass: 24603K(24896K)->24603K(24896K) Class: 5412K(5632K)->5412K(5632K)
[5833.669s][info][gc             ] GC(879) Pause Young (Normal) (G1 Evacuation Pause) 6292M->1779M(8192M) 153.301ms
[5833.669s][info][gc,cpu         ] GC(879) User=1.21s Sys=0.01s Real=0.15s
. (rIR:aIR:PR = 10101:10113:10109) (tPR = 150367) [OK] 
  5833s: Performance info:
         Transaction,    Success,    Partial,     Failed,   Receipts, AvgBarcode, 
             Overall,     612132,          0,          0,     581843,      59.47, 
         Response times:
             Request,    Success,    Partial,     Failed,   SkipFail,     Probes,    Samples,      min,      p50,      p90,      p95,      p99,      max, 
       TotalPurchase,     582027,          0,          0,          0,     358652,     438979,      300,     7200,    41000,    72000,   123000,  1800000,
     InStorePurchase,     304538,          0,          0,          0,     188243,     230330,      300,     7200,    41000,    72000,   123000,  1800000,
      OnlinePurchase,     215754,          0,          0,          0,     132247,     161828,      300,     7200,    41000,    74000,   125000,  1800000,
        InstPurchase,      61735,          0,          0,          0,      38162,      46821,      400,     7200,    39000,    68000,   120000,  1800000,
          AssocOfCat,        610,          0,          0,          0,        503,        714,    30000,    56000,    96000,   140000,   213000,   478000,
      AssocOfProduct,       6027,          0,          0,          0,       3360,       4345,      800,     8900,    44400,    72000,   126700,   343000,
      BusinessReport,       1534,          0,          0,          0,       1356,       1849,    28000,    60000,   118000,   159500,   224000,   363000,
          CustBuyBeh,       6115,          0,          0,          0,       3437,       4377,      700,     6700,    42000,    71000,   116220,   366000,
       ProductReturn,      16008,          0,          0,          0,       9745,      12182,      200,     6900,    37000,    69000,   130000,   950000,

  5833s: (74%)   IR =  10239 ...[5837.246s][info][gc,start       ] GC(880) Pause Young (Normal) (G1 Evacuation Pause)
[5837.246s][info][gc,task        ] GC(880) Using 8 workers of 8 for evacuation
[5837.398s][info][gc,phases      ] GC(880)   Pre Evacuate Collection Set: 0.26ms
[5837.399s][info][gc,phases      ] GC(880)   Merge Heap Roots: 0.50ms
[5837.399s][info][gc,phases      ] GC(880)   Evacuate Collection Set: 150.34ms
[5837.399s][info][gc,phases      ] GC(880)   Post Evacuate Collection Set: 1.05ms
[5837.399s][info][gc,phases      ] GC(880)   Other: 0.06ms
[5837.399s][info][gc,heap        ] GC(880) Eden regions: 571->0(570)
[5837.399s][info][gc,heap        ] GC(880) Survivor regions: 43->44(77)
[5837.399s][info][gc,heap        ] GC(880) Old regions: 150->157
[5837.399s][info][gc,heap        ] GC(880) Humongous regions: 33->33
[5837.399s][info][gc,metaspace   ] GC(880) Metaspace: 30016K(30528K)->30016K(30528K) NonClass: 24603K(24896K)->24603K(24896K) Class: 5412K(5632K)->5412K(5632K)
[5837.399s][info][gc             ] GC(880) Pause Young (Normal) (G1 Evacuation Pause) 6347M->1848M(8192M) 152.343ms
[5837.399s][info][gc,cpu         ] GC(880) User=1.21s Sys=0.00s Real=0.15s
...[5840.917s][info][gc,start       ] GC(881) Pause Young (Normal) (G1 Evacuation Pause)
[5840.917s][info][gc,task        ] GC(881) Using 8 workers of 8 for evacuation
[5841.072s][info][gc,phases      ] GC(881)   Pre Evacuate Collection Set: 0.24ms
[5841.072s][info][gc,phases      ] GC(881)   Merge Heap Roots: 0.58ms
[5841.072s][info][gc,phases      ] GC(881)   Evacuate Collection Set: 152.27ms
[5841.072s][info][gc,phases      ] GC(881)   Post Evacuate Collection Set: 1.01ms
[5841.072s][info][gc,phases      ] GC(881)   Other: 0.06ms
[5841.072s][info][gc,heap        ] GC(881) Eden regions: 570->0(571)
[5841.072s][info][gc,heap        ] GC(881) Survivor regions: 44->43(77)
[5841.072s][info][gc,heap        ] GC(881) Old regions: 157->164
[5841.072s][info][gc,heap        ] GC(881) Humongous regions: 33->33
[5841.072s][info][gc,metaspace   ] GC(881) Metaspace: 30016K(30528K)->30016K(30528K) NonClass: 24603K(24896K)->24603K(24896K) Class: 5412K(5632K)->5412K(5632K)
[5841.072s][info][gc             ] GC(881) Pause Young (Normal) (G1 Evacuation Pause) 6408M->1895M(8192M) 154.291ms
[5841.072s][info][gc,cpu         ] GC(881) User=1.23s Sys=0.00s Real=0.15s
....[5844.673s][info][gc,start       ] GC(882) Pause Young (Normal) (G1 Evacuation Pause)
[5844.673s][info][gc,task        ] GC(882) Using 8 workers of 8 for evacuation
[5844.829s][info][gc,phases      ] GC(882)   Pre Evacuate Collection Set: 0.25ms
[5844.829s][info][gc,phases      ] GC(882)   Merge Heap Roots: 0.51ms
[5844.829s][info][gc,phases      ] GC(882)   Evacuate Collection Set: 153.48ms
[5844.829s][info][gc,phases      ] GC(882)   Post Evacuate Collection Set: 1.04ms
[5844.829s][info][gc,phases      ] GC(882)   Other: 0.06ms
[5844.829s][info][gc,heap        ] GC(882) Eden regions: 571->0(570)
[5844.829s][info][gc,heap        ] GC(882) Survivor regions: 43->44(77)
[5844.829s][info][gc,heap        ] GC(882) Old regions: 164->171
[5844.829s][info][gc,heap        ] GC(882) Humongous regions: 33->33
[5844.829s][info][gc,metaspace   ] GC(882) Metaspace: 30016K(30528K)->30016K(30528K) NonClass: 24603K(24896K)->24603K(24896K) Class: 5412K(5632K)->5412K(5632K)
[5844.829s][info][gc             ] GC(882) Pause Young (Normal) (G1 Evacuation Pause) 6463M->1959M(8192M) 155.478ms
[5844.829s][info][gc,cpu         ] GC(882) User=1.23s Sys=0.00s Real=0.15s
.|...[5848.455s][info][gc,start       ] GC(883) Pause Young (Normal) (G1 Evacuation Pause)
[5848.455s][info][gc,task        ] GC(883) Using 8 workers of 8 for evacuation
[5848.611s][info][gc,phases      ] GC(883)   Pre Evacuate Collection Set: 0.25ms
[5848.611s][info][gc,phases      ] GC(883)   Merge Heap Roots: 0.51ms
[5848.611s][info][gc,phases      ] GC(883)   Evacuate Collection Set: 153.53ms
[5848.611s][info][gc,phases      ] GC(883)   Post Evacuate Collection Set: 1.02ms
[5848.611s][info][gc,phases      ] GC(883)   Other: 0.06ms
[5848.611s][info][gc,heap        ] GC(883) Eden regions: 570->0(570)
[5848.611s][info][gc,heap        ] GC(883) Survivor regions: 44->44(77)
[5848.611s][info][gc,heap        ] GC(883) Old regions: 171->178
[5848.611s][info][gc,heap        ] GC(883) Humongous regions: 33->33
[5848.611s][info][gc,metaspace   ] GC(883) Metaspace: 30016K(30528K)->30016K(30528K) NonClass: 24603K(24896K)->24603K(24896K) Class: 5412K(5632K)->5412K(5632K)
[5848.611s][info][gc             ] GC(883) Pause Young (Normal) (G1 Evacuation Pause) 6519M->2015M(8192M) 155.511ms
[5848.611s][info][gc,cpu         ] GC(883) User=1.23s Sys=0.00s Real=0.15s
....[5852.175s][info][gc,start       ] GC(884) Pause Young (Normal) (G1 Evacuation Pause)
[5852.175s][info][gc,task        ] GC(884) Using 8 workers of 8 for evacuation
[5852.326s][info][gc,phases      ] GC(884)   Pre Evacuate Collection Set: 0.24ms
[5852.326s][info][gc,phases      ] GC(884)   Merge Heap Roots: 0.53ms
[5852.326s][info][gc,phases      ] GC(884)   Evacuate Collection Set: 148.97ms
[5852.326s][info][gc,phases      ] GC(884)   Post Evacuate Collection Set: 1.00ms
[5852.326s][info][gc,phases      ] GC(884)   Other: 0.07ms
[5852.326s][info][gc,heap        ] GC(884) Eden regions: 570->0(571)
[5852.326s][info][gc,heap        ] GC(884) Survivor regions: 44->43(77)
[5852.326s][info][gc,heap        ] GC(884) Old regions: 178->185
[5852.326s][info][gc,heap        ] GC(884) Humongous regions: 33->33
[5852.326s][info][gc,metaspace   ] GC(884) Metaspace: 30016K(30528K)->30016K(30528K) NonClass: 24603K(24896K)->24603K(24896K) Class: 5412K(5632K)->5412K(5632K)
[5852.326s][info][gc             ] GC(884) Pause Young (Normal) (G1 Evacuation Pause) 6575M->2067M(8192M) 150.931ms
[5852.326s][info][gc,cpu         ] GC(884) User=1.19s Sys=0.00s Real=0.15s
...[5855.771s][info][gc,start       ] GC(885) Pause Young (Normal) (G1 Evacuation Pause)
[5855.772s][info][gc,task        ] GC(885) Using 8 workers of 8 for evacuation
[5855.930s][info][gc,phases      ] GC(885)   Pre Evacuate Collection Set: 0.23ms
[5855.930s][info][gc,phases      ] GC(885)   Merge Heap Roots: 0.51ms
[5855.930s][info][gc,phases      ] GC(885)   Evacuate Collection Set: 156.25ms
[5855.930s][info][gc,phases      ] GC(885)   Post Evacuate Collection Set: 1.00ms
[5855.930s][info][gc,phases      ] GC(885)   Other: 0.06ms
[5855.930s][info][gc,heap        ] GC(885) Eden regions: 571->0(569)
[5855.930s][info][gc,heap        ] GC(885) Survivor regions: 43->45(77)
[5855.930s][info][gc,heap        ] GC(885) Old regions: 185->192
[5855.930s][info][gc,heap        ] GC(885) Humongous regions: 33->33
[5855.930s][info][gc,metaspace   ] GC(885) Metaspace: 30016K(30528K)->30016K(30528K) NonClass: 24603K(24896K)->24603K(24896K) Class: 5412K(5632K)->5412K(5632K)
[5855.930s][info][gc             ] GC(885) Pause Young (Normal) (G1 Evacuation Pause) 6635M->2135M(8192M) 158.181ms
[5855.930s][info][gc,cpu         ] GC(885) User=1.25s Sys=0.00s Real=0.16s
....[5859.386s][info][gc,start       ] GC(886) Pause Young (Normal) (G1 Evacuation Pause)
[5859.386s][info][gc,task        ] GC(886) Using 8 workers of 8 for evacuation
[5859.534s][info][gc,phases      ] GC(886)   Pre Evacuate Collection Set: 0.24ms
[5859.534s][info][gc,phases      ] GC(886)   Merge Heap Roots: 0.52ms
[5859.534s][info][gc,phases      ] GC(886)   Evacuate Collection Set: 146.21ms
[5859.534s][info][gc,phases      ] GC(886)   Post Evacuate Collection Set: 1.01ms
[5859.534s][info][gc,phases      ] GC(886)   Other: 0.06ms
[5859.534s][info][gc,heap        ] GC(886) Eden regions: 569->0(571)
[5859.534s][info][gc,heap        ] GC(886) Survivor regions: 45->43(77)
[5859.534s][info][gc,heap        ] GC(886) Old regions: 192->199
[5859.534s][info][gc,heap        ] GC(886) Humongous regions: 33->33
[5859.534s][info][gc,metaspace   ] GC(886) Metaspace: 30016K(30528K)->30016K(30528K) NonClass: 24603K(24896K)->24603K(24896K) Class: 5412K(5632K)->5412K(5632K)
[5859.534s][info][gc             ] GC(886) Pause Young (Normal) (G1 Evacuation Pause) 6687M->2179M(8192M) 148.179ms
[5859.534s][info][gc,cpu         ] GC(886) User=1.18s Sys=0.00s Real=0.15s
...[5863.045s][info][gc,start       ] GC(887) Pause Young (Normal) (G1 Evacuation Pause)
[5863.045s][info][gc,task        ] GC(887) Using 8 workers of 8 for evacuation
[5863.199s][info][gc,phases      ] GC(887)   Pre Evacuate Collection Set: 0.25ms
[5863.199s][info][gc,phases      ] GC(887)   Merge Heap Roots: 0.52ms
[5863.199s][info][gc,phases      ] GC(887)   Evacuate Collection Set: 152.39ms
[5863.199s][info][gc,phases      ] GC(887)   Post Evacuate Collection Set: 1.02ms
[5863.199s][info][gc,phases      ] GC(887)   Other: 0.08ms
[5863.199s][info][gc,heap        ] GC(887) Eden regions: 571->0(571)
[5863.199s][info][gc,heap        ] GC(887) Survivor regions: 43->43(77)
[5863.199s][info][gc,heap        ] GC(887) Old regions: 199->206
[5863.199s][info][gc,heap        ] GC(887) Humongous regions: 33->33
[5863.199s][info][gc,metaspace   ] GC(887) Metaspace: 30016K(30528K)->30016K(30528K) NonClass: 24603K(24896K)->24603K(24896K) Class: 5412K(5632K)->5412K(5632K)
[5863.199s][info][gc             ] GC(887) Pause Young (Normal) (G1 Evacuation Pause) 6747M->2235M(8192M) 154.408ms
[5863.199s][info][gc,cpu         ] GC(887) User=1.22s Sys=0.01s Real=0.15s
....[5866.681s][info][gc,start       ] GC(888) Pause Young (Normal) (G1 Evacuation Pause)
[5866.681s][info][gc,task        ] GC(888) Using 8 workers of 8 for evacuation
[5866.830s][info][gc,phases      ] GC(888)   Pre Evacuate Collection Set: 0.25ms
[5866.830s][info][gc,phases      ] GC(888)   Merge Heap Roots: 0.52ms
[5866.830s][info][gc,phases      ] GC(888)   Evacuate Collection Set: 147.03ms
[5866.830s][info][gc,phases      ] GC(888)   Post Evacuate Collection Set: 1.02ms
[5866.830s][info][gc,phases      ] GC(888)   Other: 0.06ms
[5866.830s][info][gc,heap        ] GC(888) Eden regions: 571->0(572)
[5866.830s][info][gc,heap        ] GC(888) Survivor regions: 43->42(77)
[5866.830s][info][gc,heap        ] GC(888) Old regions: 206->213
[5866.830s][info][gc,heap        ] GC(888) Humongous regions: 33->33
[5866.830s][info][gc,metaspace   ] GC(888) Metaspace: 30016K(30528K)->30016K(30528K) NonClass: 24603K(24896K)->24603K(24896K) Class: 5412K(5632K)->5412K(5632K)
[5866.830s][info][gc             ] GC(888) Pause Young (Normal) (G1 Evacuation Pause) 6803M->2283M(8192M) 149.019ms
[5866.830s][info][gc,cpu         ] GC(888) User=1.18s Sys=0.00s Real=0.15s
....[5870.423s][info][gc,start       ] GC(889) Pause Young (Normal) (G1 Evacuation Pause)
[5870.423s][info][gc,task        ] GC(889) Using 8 workers of 8 for evacuation
[5870.572s][info][gc,phases      ] GC(889)   Pre Evacuate Collection Set: 0.24ms
[5870.573s][info][gc,phases      ] GC(889)   Merge Heap Roots: 0.63ms
[5870.573s][info][gc,phases      ] GC(889)   Evacuate Collection Set: 147.55ms
[5870.573s][info][gc,phases      ] GC(889)   Post Evacuate Collection Set: 1.01ms
[5870.573s][info][gc,phases      ] GC(889)   Other: 0.06ms
[5870.573s][info][gc,heap        ] GC(889) Eden regions: 572->0(571)
[5870.573s][info][gc,heap        ] GC(889) Survivor regions: 42->43(77)
[5870.573s][info][gc,heap        ] GC(889) Old regions: 213->221
[5870.573s][info][gc,heap        ] GC(889) Humongous regions: 33->33
[5870.573s][info][gc,metaspace   ] GC(889) Metaspace: 30016K(30528K)->30016K(30528K) NonClass: 24603K(24896K)->24603K(24896K) Class: 5412K(5632K)->5412K(5632K)
[5870.573s][info][gc             ] GC(889) Pause Young (Normal) (G1 Evacuation Pause) 6859M->2344M(8192M) 149.620ms
[5870.573s][info][gc,cpu         ] GC(889) User=1.19s Sys=0.00s Real=0.15s
...[5874.091s][info][gc,start       ] GC(890) Pause Young (Normal) (G1 Evacuation Pause)
[5874.091s][info][gc,task        ] GC(890) Using 8 workers of 8 for evacuation
[5874.244s][info][gc,phases      ] GC(890)   Pre Evacuate Collection Set: 0.23ms
[5874.244s][info][gc,phases      ] GC(890)   Merge Heap Roots: 0.50ms
[5874.244s][info][gc,phases      ] GC(890)   Evacuate Collection Set: 150.97ms
[5874.244s][info][gc,phases      ] GC(890)   Post Evacuate Collection Set: 1.05ms
[5874.244s][info][gc,phases      ] GC(890)   Other: 0.07ms
[5874.244s][info][gc,heap        ] GC(890) Eden regions: 571->0(571)
[5874.244s][info][gc,heap        ] GC(890) Survivor regions: 43->43(77)
[5874.244s][info][gc,heap        ] GC(890) Old regions: 221->227
[5874.244s][info][gc,heap        ] GC(890) Humongous regions: 33->33
[5874.244s][info][gc,metaspace   ] GC(890) Metaspace: 30016K(30528K)->30016K(30528K) NonClass: 24603K(24896K)->24603K(24896K) Class: 5412K(5632K)->5412K(5632K)
[5874.244s][info][gc             ] GC(890) Pause Young (Normal) (G1 Evacuation Pause) 6912M->2403M(8192M) 152.965ms
[5874.244s][info][gc,cpu         ] GC(890) User=1.21s Sys=0.00s Real=0.16s
....[5877.723s][info][gc,start       ] GC(891) Pause Young (Normal) (G1 Evacuation Pause)
[5877.723s][info][gc,task        ] GC(891) Using 8 workers of 8 for evacuation
[5877.877s][info][gc,phases      ] GC(891)   Pre Evacuate Collection Set: 0.22ms
[5877.877s][info][gc,phases      ] GC(891)   Merge Heap Roots: 0.51ms
[5877.877s][info][gc,phases      ] GC(891)   Evacuate Collection Set: 151.67ms
[5877.877s][info][gc,phases      ] GC(891)   Post Evacuate Collection Set: 1.01ms
[5877.877s][info][gc,phases      ] GC(891)   Other: 0.06ms
[5877.877s][info][gc,heap        ] GC(891) Eden regions: 571->0(570)
[5877.877s][info][gc,heap        ] GC(891) Survivor regions: 43->44(77)
[5877.877s][info][gc,heap        ] GC(891) Old regions: 227->235
[5877.877s][info][gc,heap        ] GC(891) Humongous regions: 33->33
[5877.877s][info][gc,metaspace   ] GC(891) Metaspace: 30016K(30528K)->30016K(30528K) NonClass: 24603K(24896K)->24603K(24896K) Class: 5412K(5632K)->5412K(5632K)
[5877.877s][info][gc             ] GC(891) Pause Young (Normal) (G1 Evacuation Pause) 6971M->2465M(8192M) 153.602ms
[5877.877s][info][gc,cpu         ] GC(891) User=1.22s Sys=0.00s Real=0.16s
....[5881.486s][info][gc,start       ] GC(892) Pause Young (Normal) (G1 Evacuation Pause)
[5881.486s][info][gc,task        ] GC(892) Using 8 workers of 8 for evacuation
[5881.644s][info][gc,phases      ] GC(892)   Pre Evacuate Collection Set: 0.23ms
[5881.644s][info][gc,phases      ] GC(892)   Merge Heap Roots: 0.56ms
[5881.644s][info][gc,phases      ] GC(892)   Evacuate Collection Set: 156.60ms
[5881.644s][info][gc,phases      ] GC(892)   Post Evacuate Collection Set: 1.03ms
[5881.644s][info][gc,phases      ] GC(892)   Other: 0.07ms
[5881.644s][info][gc,heap        ] GC(892) Eden regions: 570->0(569)
[5881.644s][info][gc,heap        ] GC(892) Survivor regions: 44->45(77)
[5881.644s][info][gc,heap        ] GC(892) Old regions: 235->242
[5881.644s][info][gc,heap        ] GC(892) Humongous regions: 33->33
[5881.644s][info][gc,metaspace   ] GC(892) Metaspace: 30016K(30528K)->30016K(30528K) NonClass: 24603K(24896K)->24603K(24896K) Class: 5412K(5632K)->5412K(5632K)
[5881.644s][info][gc             ] GC(892) Pause Young (Normal) (G1 Evacuation Pause) 7025M->2529M(8192M) 158.624ms
[5881.644s][info][gc,cpu         ] GC(892) User=1.26s Sys=0.00s Real=0.16s
...[5885.187s][info][gc,start       ] GC(893) Pause Young (Normal) (G1 Evacuation Pause)
[5885.187s][info][gc,task        ] GC(893) Using 8 workers of 8 for evacuation
[5885.341s][info][gc,phases      ] GC(893)   Pre Evacuate Collection Set: 0.22ms
[5885.341s][info][gc,phases      ] GC(893)   Merge Heap Roots: 0.50ms
[5885.341s][info][gc,phases      ] GC(893)   Evacuate Collection Set: 152.17ms
[5885.341s][info][gc,phases      ] GC(893)   Post Evacuate Collection Set: 1.05ms
[5885.341s][info][gc,phases      ] GC(893)   Other: 0.07ms
[5885.341s][info][gc,heap        ] GC(893) Eden regions: 569->0(570)
[5885.341s][info][gc,heap        ] GC(893) Survivor regions: 45->44(77)
[5885.341s][info][gc,heap        ] GC(893) Old regions: 242->249
[5885.341s][info][gc,heap        ] GC(893) Humongous regions: 33->33
[5885.341s][info][gc,metaspace   ] GC(893) Metaspace: 30016K(30528K)->30016K(30528K) NonClass: 24603K(24896K)->24603K(24896K) Class: 5412K(5632K)->5412K(5632K)
[5885.341s][info][gc             ] GC(893) Pause Young (Normal) (G1 Evacuation Pause) 7081M->2580M(8192M) 154.145ms
[5885.341s][info][gc,cpu         ] GC(893) User=1.22s Sys=0.01s Real=0.15s
....[5888.897s][info][gc,start       ] GC(894) Pause Young (Normal) (G1 Evacuation Pause)
[5888.897s][info][gc,task        ] GC(894) Using 8 workers of 8 for evacuation
[5889.048s][info][gc,phases      ] GC(894)   Pre Evacuate Collection Set: 0.23ms
[5889.048s][info][gc,phases      ] GC(894)   Merge Heap Roots: 0.54ms
[5889.048s][info][gc,phases      ] GC(894)   Evacuate Collection Set: 148.73ms
[5889.048s][info][gc,phases      ] GC(894)   Post Evacuate Collection Set: 1.06ms
[5889.048s][info][gc,phases      ] GC(894)   Other: 0.06ms
[5889.048s][info][gc,heap        ] GC(894) Eden regions: 570->0(571)
[5889.048s][info][gc,heap        ] GC(894) Survivor regions: 44->43(77)
[5889.048s][info][gc,heap        ] GC(894) Old regions: 249->256
[5889.048s][info][gc,heap        ] GC(894) Humongous regions: 33->33
[5889.048s][info][gc,metaspace   ] GC(894) Metaspace: 30016K(30528K)->30016K(30528K) NonClass: 24603K(24896K)->24603K(24896K) Class: 5412K(5632K)->5412K(5632K)
[5889.048s][info][gc             ] GC(894) Pause Young (Normal) (G1 Evacuation Pause) 7140M->2632M(8192M) 150.763ms
[5889.048s][info][gc,cpu         ] GC(894) User=1.20s Sys=0.00s Real=0.15s
....[5892.670s][info][gc,start       ] GC(895) Pause Young (Normal) (G1 Evacuation Pause)
[5892.670s][info][gc,task        ] GC(895) Using 8 workers of 8 for evacuation
[5892.818s][info][gc,phases      ] GC(895)   Pre Evacuate Collection Set: 0.23ms
[5892.818s][info][gc,phases      ] GC(895)   Merge Heap Roots: 0.52ms
[5892.818s][info][gc,phases      ] GC(895)   Evacuate Collection Set: 145.81ms
[5892.818s][info][gc,phases      ] GC(895)   Post Evacuate Collection Set: 1.02ms
[5892.818s][info][gc,phases      ] GC(895)   Other: 0.07ms
[5892.818s][info][gc,heap        ] GC(895) Eden regions: 571->0(571)
[5892.818s][info][gc,heap        ] GC(895) Survivor regions: 43->43(77)
[5892.818s][info][gc,heap        ] GC(895) Old regions: 256->263
[5892.818s][info][gc,heap        ] GC(895) Humongous regions: 33->33
[5892.818s][info][gc,metaspace   ] GC(895) Metaspace: 30016K(30528K)->30016K(30528K) NonClass: 24603K(24896K)->24603K(24896K) Class: 5412K(5632K)->5412K(5632K)
[5892.818s][info][gc             ] GC(895) Pause Young (Normal) (G1 Evacuation Pause) 7200M->2684M(8192M) 147.793ms
[5892.818s][info][gc,cpu         ] GC(895) User=1.17s Sys=0.00s Real=0.15s
....[5896.394s][info][gc,start       ] GC(896) Pause Young (Normal) (G1 Evacuation Pause)
[5896.394s][info][gc,task        ] GC(896) Using 8 workers of 8 for evacuation
[5896.546s][info][gc,phases      ] GC(896)   Pre Evacuate Collection Set: 0.23ms
[5896.546s][info][gc,phases      ] GC(896)   Merge Heap Roots: 0.53ms
[5896.546s][info][gc,phases      ] GC(896)   Evacuate Collection Set: 149.83ms
[5896.546s][info][gc,phases      ] GC(896)   Post Evacuate Collection Set: 1.02ms
[5896.546s][info][gc,phases      ] GC(896)   Other: 0.06ms
[5896.546s][info][gc,heap        ] GC(896) Eden regions: 571->0(571)
[5896.546s][info][gc,heap        ] GC(896) Survivor regions: 43->43(77)
[5896.546s][info][gc,heap        ] GC(896) Old regions: 263->270
[5896.546s][info][gc,heap        ] GC(896) Humongous regions: 33->33
[5896.546s][info][gc,metaspace   ] GC(896) Metaspace: 30016K(30528K)->30016K(30528K) NonClass: 24603K(24896K)->24603K(24896K) Class: 5412K(5632K)->5412K(5632K)
[5896.546s][info][gc             ] GC(896) Pause Young (Normal) (G1 Evacuation Pause) 7252M->2741M(8192M) 151.804ms
[5896.546s][info][gc,cpu         ] GC(896) User=1.20s Sys=0.00s Real=0.15s
...[5900.122s][info][gc,start       ] GC(897) Pause Young (Normal) (G1 Evacuation Pause)
[5900.122s][info][gc,task        ] GC(897) Using 8 workers of 8 for evacuation
[5900.274s][info][gc,phases      ] GC(897)   Pre Evacuate Collection Set: 0.23ms
[5900.274s][info][gc,phases      ] GC(897)   Merge Heap Roots: 0.51ms
[5900.274s][info][gc,phases      ] GC(897)   Evacuate Collection Set: 150.15ms
[5900.274s][info][gc,phases      ] GC(897)   Post Evacuate Collection Set: 1.02ms
[5900.274s][info][gc,phases      ] GC(897)   Other: 0.07ms
[5900.274s][info][gc,heap        ] GC(897) Eden regions: 571->0(571)
[5900.274s][info][gc,heap        ] GC(897) Survivor regions: 43->43(77)
[5900.274s][info][gc,heap        ] GC(897) Old regions: 270->277
[5900.274s][info][gc,heap        ] GC(897) Humongous regions: 33->33
[5900.274s][info][gc,metaspace   ] GC(897) Metaspace: 30016K(30528K)->30016K(30528K) NonClass: 24603K(24896K)->24603K(24896K) Class: 5412K(5632K)->5412K(5632K)
[5900.274s][info][gc             ] GC(897) Pause Young (Normal) (G1 Evacuation Pause) 7309M->2800M(8192M) 152.114ms
[5900.274s][info][gc,cpu         ] GC(897) User=1.21s Sys=0.00s Real=0.16s
....[5903.887s][info][gc,start       ] GC(898) Pause Young (Normal) (G1 Evacuation Pause)
[5903.887s][info][gc,task        ] GC(898) Using 8 workers of 8 for evacuation
[5904.040s][info][gc,phases      ] GC(898)   Pre Evacuate Collection Set: 0.23ms
[5904.040s][info][gc,phases      ] GC(898)   Merge Heap Roots: 0.50ms
[5904.040s][info][gc,phases      ] GC(898)   Evacuate Collection Set: 151.14ms
[5904.040s][info][gc,phases      ] GC(898)   Post Evacuate Collection Set: 1.00ms
[5904.040s][info][gc,phases      ] GC(898)   Other: 0.06ms
[5904.040s][info][gc,heap        ] GC(898) Eden regions: 571->0(567)
[5904.040s][info][gc,heap        ] GC(898) Survivor regions: 43->44(77)
[5904.040s][info][gc,heap        ] GC(898) Old regions: 277->284
[5904.040s][info][gc,heap        ] GC(898) Humongous regions: 33->33
[5904.040s][info][gc,metaspace   ] GC(898) Metaspace: 30016K(30528K)->30016K(30528K) NonClass: 24603K(24896K)->24603K(24896K) Class: 5412K(5632K)->5412K(5632K)
[5904.040s][info][gc             ] GC(898) Pause Young (Normal) (G1 Evacuation Pause) 7368M->2860M(8192M) 153.069ms
[5904.040s][info][gc,cpu         ] GC(898) User=1.21s Sys=0.00s Real=0.15s
.. (rIR:aIR:PR = 10239:10328:10328) (tPR = 155357) [OK] 
  5905s: Performance info:
         Transaction,    Success,    Partial,     Failed,   Receipts, AvgBarcode, 
             Overall,     621814,          0,          0,     590975,      59.47, 
         Response times:
             Request,    Success,    Partial,     Failed,   SkipFail,     Probes,    Samples,      min,      p50,      p90,      p95,      p99,      max, 
       TotalPurchase,     590948,          0,          0,          0,     357423,     428821,      300,     7200,    30000,    59000,   125000,   523000,
     InStorePurchase,     309827,          0,          0,          0,     188558,     226020,      300,     7100,    30000,    61000,   123000,   523000,
      OnlinePurchase,     219062,          0,          0,          0,     131535,     157648,      300,     7300,    29000,    58000,   128000,   521000,
        InstPurchase,      62059,          0,          0,          0,      37330,      45153,      400,     7200,    30000,    57000,   126000,   523000,
          AssocOfCat,        616,          0,          0,          0,        505,        690,    30000,    56000,    91800,   143800,   218090,   383000,
      AssocOfProduct,       6064,          0,          0,          0,       3541,       4454,      700,     7500,    30000,    56000,   128250,   433000,
      BusinessReport,       1544,          0,          0,          0,       1349,       1762,    30000,    61000,    96700,   127000,   213000,   414000,
          CustBuyBeh,       6131,          0,          0,          0,       3450,       4338,      200,     7300,    30000,    63000,   131000,   465000,
       ProductReturn,      16472,          0,          0,          0,       9774,      11924,      200,     6600,    28000,    58000,   115750,   413000,

  5905s: (75%)   IR =  10378 ..[5907.619s][info][gc,start       ] GC(899) Pause Young (Normal) (G1 Evacuation Pause)
[5907.619s][info][gc,task        ] GC(899) Using 8 workers of 8 for evacuation
[5907.775s][info][gc,phases      ] GC(899)   Pre Evacuate Collection Set: 0.23ms
[5907.775s][info][gc,phases      ] GC(899)   Merge Heap Roots: 0.61ms
[5907.775s][info][gc,phases      ] GC(899)   Evacuate Collection Set: 154.31ms
[5907.775s][info][gc,phases      ] GC(899)   Post Evacuate Collection Set: 0.99ms
[5907.775s][info][gc,phases      ] GC(899)   Other: 0.06ms
[5907.775s][info][gc,heap        ] GC(899) Eden regions: 567->0(562)
[5907.775s][info][gc,heap        ] GC(899) Survivor regions: 44->43(77)
[5907.775s][info][gc,heap        ] GC(899) Old regions: 284->291
[5907.775s][info][gc,heap        ] GC(899) Humongous regions: 33->33
[5907.775s][info][gc,metaspace   ] GC(899) Metaspace: 30016K(30528K)->30016K(30528K) NonClass: 24603K(24896K)->24603K(24896K) Class: 5412K(5632K)->5412K(5632K)
[5907.775s][info][gc             ] GC(899) Pause Young (Normal) (G1 Evacuation Pause) 7396M->2912M(8192M) 156.343ms
[5907.775s][info][gc,cpu         ] GC(899) User=1.24s Sys=0.00s Real=0.16s
...[5911.123s][info][gc,start       ] GC(900) Pause Young (Normal) (G1 Evacuation Pause)
[5911.123s][info][gc,task        ] GC(900) Using 8 workers of 8 for evacuation
[5911.280s][info][gc,phases      ] GC(900)   Pre Evacuate Collection Set: 0.26ms
[5911.280s][info][gc,phases      ] GC(900)   Merge Heap Roots: 0.53ms
[5911.280s][info][gc,phases      ] GC(900)   Evacuate Collection Set: 155.42ms
[5911.280s][info][gc,phases      ] GC(900)   Post Evacuate Collection Set: 1.03ms
[5911.280s][info][gc,phases      ] GC(900)   Other: 0.06ms
[5911.280s][info][gc,heap        ] GC(900) Eden regions: 562->0(551)
[5911.280s][info][gc,heap        ] GC(900) Survivor regions: 43->45(76)
[5911.280s][info][gc,heap        ] GC(900) Old regions: 291->298
[5911.280s][info][gc,heap        ] GC(900) Humongous regions: 33->33
[5911.280s][info][gc,metaspace   ] GC(900) Metaspace: 30016K(30528K)->30016K(30528K) NonClass: 24603K(24896K)->24603K(24896K) Class: 5412K(5632K)->5412K(5632K)
[5911.280s][info][gc             ] GC(900) Pause Young (Normal) (G1 Evacuation Pause) 7408M->2982M(8192M) 157.423ms
[5911.280s][info][gc,cpu         ] GC(900) User=1.25s Sys=0.00s Real=0.16s
....[5914.576s][info][gc,start       ] GC(901) Pause Young (Normal) (G1 Evacuation Pause)
[5914.577s][info][gc,task        ] GC(901) Using 8 workers of 8 for evacuation
[5914.722s][info][gc,phases      ] GC(901)   Pre Evacuate Collection Set: 0.23ms
[5914.722s][info][gc,phases      ] GC(901)   Merge Heap Roots: 0.50ms
[5914.722s][info][gc,phases      ] GC(901)   Evacuate Collection Set: 143.88ms
[5914.722s][info][gc,phases      ] GC(901)   Post Evacuate Collection Set: 0.98ms
[5914.722s][info][gc,phases      ] GC(901)   Other: 0.06ms
[5914.722s][info][gc,heap        ] GC(901) Eden regions: 551->0(550)
[5914.722s][info][gc,heap        ] GC(901) Survivor regions: 45->42(75)
[5914.722s][info][gc,heap        ] GC(901) Old regions: 298->305
[5914.722s][info][gc,heap        ] GC(901) Humongous regions: 33->33
[5914.722s][info][gc,metaspace   ] GC(901) Metaspace: 30016K(30528K)->30016K(30528K) NonClass: 24603K(24896K)->24603K(24896K) Class: 5412K(5632K)->5412K(5632K)
[5914.722s][info][gc             ] GC(901) Pause Young (Normal) (G1 Evacuation Pause) 7390M->3017M(8192M) 145.793ms
[5914.722s][info][gc,cpu         ] GC(901) User=1.15s Sys=0.00s Real=0.14s
...[5918.105s][info][gc,start       ] GC(902) Pause Young (Concurrent Start) (G1 Evacuation Pause)
[5918.105s][info][gc,task        ] GC(902) Using 8 workers of 8 for evacuation
[5918.260s][info][gc,phases      ] GC(902)   Pre Evacuate Collection Set: 0.29ms
[5918.260s][info][gc,phases      ] GC(902)   Merge Heap Roots: 0.51ms
[5918.260s][info][gc,phases      ] GC(902)   Evacuate Collection Set: 153.18ms
[5918.260s][info][gc,phases      ] GC(902)   Post Evacuate Collection Set: 0.98ms
[5918.260s][info][gc,phases      ] GC(902)   Other: 0.09ms
[5918.260s][info][gc,heap        ] GC(902) Eden regions: 550->0(540)
[5918.260s][info][gc,heap        ] GC(902) Survivor regions: 42->43(74)
[5918.260s][info][gc,heap        ] GC(902) Old regions: 305->313
[5918.260s][info][gc,heap        ] GC(902) Humongous regions: 33->33
[5918.260s][info][gc,metaspace   ] GC(902) Metaspace: 30016K(30528K)->30016K(30528K) NonClass: 24603K(24896K)->24603K(24896K) Class: 5412K(5632K)->5412K(5632K)
[5918.260s][info][gc             ] GC(902) Pause Young (Concurrent Start) (G1 Evacuation Pause) 7417M->3086M(8192M) 155.180ms
[5918.260s][info][gc             ] GC(903) Concurrent Mark Cycle
[5918.260s][info][gc,marking     ] GC(903) Concurrent Scan Root Regions
[5918.260s][info][gc,cpu         ] GC(902) User=1.23s Sys=0.00s Real=0.15s
.[5918.589s][info][gc,marking     ] GC(903) Concurrent Scan Root Regions 328.170ms
[5918.589s][info][gc,marking     ] GC(903) Concurrent Mark
[5918.589s][info][gc,marking     ] GC(903) Concurrent Mark From Roots
[5918.589s][info][gc,task        ] GC(903) Using 2 workers of 2 for marking
.[5919.693s][info][gc,marking     ] GC(903) Concurrent Mark From Roots 1104.154ms
[5919.693s][info][gc,marking     ] GC(903) Concurrent Preclean
[5919.693s][info][gc,marking     ] GC(903) Concurrent Preclean 0.114ms
[5919.693s][info][gc,start       ] GC(903) Pause Remark
[5919.695s][info][gc             ] GC(903) Pause Remark 4622M->4094M(8192M) 1.957ms
[5919.695s][info][gc,cpu         ] GC(903) User=0.01s Sys=0.00s Real=0.01s
[5919.695s][info][gc,marking     ] GC(903) Concurrent Mark 1106.538ms
[5919.695s][info][gc,marking     ] GC(903) Concurrent Rebuild Remembered Sets and Scrub Regions
.[5920.549s][info][gc,marking     ] GC(903) Concurrent Rebuild Remembered Sets and Scrub Regions 854.156ms
[5920.550s][info][gc,start       ] GC(903) Pause Cleanup
[5920.550s][info][gc             ] GC(903) Pause Cleanup 5274M->5274M(8192M) 0.277ms
[5920.550s][info][gc,cpu         ] GC(903) User=0.00s Sys=0.00s Real=0.00s
[5920.550s][info][gc,marking     ] GC(903) Concurrent Clear Claimed Marks
[5920.550s][info][gc,marking     ] GC(903) Concurrent Clear Claimed Marks 0.043ms
[5920.550s][info][gc,marking     ] GC(903) Concurrent Cleanup for Next Mark
[5920.561s][info][gc,marking     ] GC(903) Concurrent Cleanup for Next Mark 11.318ms
[5920.561s][info][gc             ] GC(903) Concurrent Mark Cycle 2300.964ms
.[5921.584s][info][gc,start       ] GC(904) Pause Young (Prepare Mixed) (G1 Evacuation Pause)
[5921.584s][info][gc,task        ] GC(904) Using 8 workers of 8 for evacuation
[5921.736s][info][gc,phases      ] GC(904)   Pre Evacuate Collection Set: 0.23ms
[5921.736s][info][gc,phases      ] GC(904)   Merge Heap Roots: 0.74ms
[5921.736s][info][gc,phases      ] GC(904)   Evacuate Collection Set: 150.17ms
[5921.736s][info][gc,phases      ] GC(904)   Post Evacuate Collection Set: 1.13ms
[5921.736s][info][gc,phases      ] GC(904)   Other: 0.06ms
[5921.736s][info][gc,heap        ] GC(904) Eden regions: 540->0(572)
[5921.736s][info][gc,heap        ] GC(904) Survivor regions: 43->42(73)
[5921.736s][info][gc,heap        ] GC(904) Old regions: 247->254
[5921.736s][info][gc,heap        ] GC(904) Humongous regions: 33->33
[5921.736s][info][gc,metaspace   ] GC(904) Metaspace: 30016K(30528K)->30016K(30528K) NonClass: 24603K(24896K)->24603K(24896K) Class: 5412K(5632K)->5412K(5632K)
[5921.736s][info][gc             ] GC(904) Pause Young (Prepare Mixed) (G1 Evacuation Pause) 6878M->2610M(8192M) 152.473ms
[5921.736s][info][gc,cpu         ] GC(904) User=1.20s Sys=0.00s Real=0.15s
...[5925.129s][info][gc,start       ] GC(905) Pause Young (Mixed) (G1 Evacuation Pause)
[5925.129s][info][gc,task        ] GC(905) Using 8 workers of 8 for evacuation
[5925.291s][info][gc,phases      ] GC(905)   Pre Evacuate Collection Set: 0.28ms
[5925.291s][info][gc,phases      ] GC(905)   Merge Heap Roots: 0.77ms
[5925.291s][info][gc,phases      ] GC(905)   Evacuate Collection Set: 159.08ms
[5925.291s][info][gc,phases      ] GC(905)   Post Evacuate Collection Set: 1.22ms
[5925.291s][info][gc,phases      ] GC(905)   Other: 0.08ms
[5925.291s][info][gc,heap        ] GC(905) Eden regions: 572->0(570)
[5925.291s][info][gc,heap        ] GC(905) Survivor regions: 42->44(77)
[5925.291s][info][gc,heap        ] GC(905) Old regions: 254->159
[5925.291s][info][gc,heap        ] GC(905) Humongous regions: 33->33
[5925.291s][info][gc,metaspace   ] GC(905) Metaspace: 30016K(30528K)->30016K(30528K) NonClass: 24603K(24896K)->24603K(24896K) Class: 5412K(5632K)->5412K(5632K)
[5925.291s][info][gc             ] GC(905) Pause Young (Mixed) (G1 Evacuation Pause) 7186M->1866M(8192M) 161.560ms
[5925.291s][info][gc,cpu         ] GC(905) User=1.28s Sys=0.00s Real=0.16s
....[5928.834s][info][gc,start       ] GC(906) Pause Young (Mixed) (G1 Evacuation Pause)
[5928.834s][info][gc,task        ] GC(906) Using 8 workers of 8 for evacuation
[5928.998s][info][gc,phases      ] GC(906)   Pre Evacuate Collection Set: 0.24ms
[5928.998s][info][gc,phases      ] GC(906)   Merge Heap Roots: 0.91ms
[5928.998s][info][gc,phases      ] GC(906)   Evacuate Collection Set: 162.41ms
[5928.998s][info][gc,phases      ] GC(906)   Post Evacuate Collection Set: 1.05ms
[5928.998s][info][gc,phases      ] GC(906)   Other: 0.06ms
[5928.999s][info][gc,heap        ] GC(906) Eden regions: 570->0(569)
[5928.999s][info][gc,heap        ] GC(906) Survivor regions: 44->45(77)
[5928.999s][info][gc,heap        ] GC(906) Old regions: 159->143
[5928.999s][info][gc,heap        ] GC(906) Humongous regions: 33->33
[5928.999s][info][gc,metaspace   ] GC(906) Metaspace: 30016K(30528K)->30016K(30528K) NonClass: 24603K(24896K)->24603K(24896K) Class: 5412K(5632K)->5412K(5632K)
[5928.999s][info][gc             ] GC(906) Pause Young (Mixed) (G1 Evacuation Pause) 6426M->1736M(8192M) 164.802ms
[5928.999s][info][gc,cpu         ] GC(906) User=1.31s Sys=0.00s Real=0.16s
....[5932.574s][info][gc,start       ] GC(907) Pause Young (Normal) (G1 Evacuation Pause)
[5932.574s][info][gc,task        ] GC(907) Using 8 workers of 8 for evacuation
[5932.724s][info][gc,phases      ] GC(907)   Pre Evacuate Collection Set: 0.25ms
[5932.724s][info][gc,phases      ] GC(907)   Merge Heap Roots: 0.51ms
[5932.724s][info][gc,phases      ] GC(907)   Evacuate Collection Set: 148.04ms
[5932.724s][info][gc,phases      ] GC(907)   Post Evacuate Collection Set: 1.03ms
[5932.724s][info][gc,phases      ] GC(907)   Other: 0.06ms
[5932.724s][info][gc,heap        ] GC(907) Eden regions: 569->0(572)
[5932.724s][info][gc,heap        ] GC(907) Survivor regions: 45->42(77)
[5932.724s][info][gc,heap        ] GC(907) Old regions: 143->150
[5932.724s][info][gc,heap        ] GC(907) Humongous regions: 33->33
[5932.724s][info][gc,metaspace   ] GC(907) Metaspace: 30016K(30528K)->30016K(30528K) NonClass: 24603K(24896K)->24603K(24896K) Class: 5412K(5632K)->5412K(5632K)
[5932.724s][info][gc             ] GC(907) Pause Young (Normal) (G1 Evacuation Pause) 6288M->1772M(8192M) 150.012ms
[5932.724s][info][gc,cpu         ] GC(907) User=1.19s Sys=0.00s Real=0.15s
..|.[5936.300s][info][gc,start       ] GC(908) Pause Young (Normal) (G1 Evacuation Pause)
[5936.300s][info][gc,task        ] GC(908) Using 8 workers of 8 for evacuation
[5936.459s][info][gc,phases      ] GC(908)   Pre Evacuate Collection Set: 0.22ms
[5936.459s][info][gc,phases      ] GC(908)   Merge Heap Roots: 0.50ms
[5936.459s][info][gc,phases      ] GC(908)   Evacuate Collection Set: 157.70ms
[5936.459s][info][gc,phases      ] GC(908)   Post Evacuate Collection Set: 0.99ms
[5936.459s][info][gc,phases      ] GC(908)   Other: 0.06ms
[5936.459s][info][gc,heap        ] GC(908) Eden regions: 572->0(569)
[5936.459s][info][gc,heap        ] GC(908) Survivor regions: 42->45(77)
[5936.459s][info][gc,heap        ] GC(908) Old regions: 150->157
[5936.459s][info][gc,heap        ] GC(908) Humongous regions: 33->33
[5936.459s][info][gc,metaspace   ] GC(908) Metaspace: 30016K(30528K)->30016K(30528K) NonClass: 24603K(24896K)->24603K(24896K) Class: 5412K(5632K)->5412K(5632K)
[5936.459s][info][gc             ] GC(908) Pause Young (Normal) (G1 Evacuation Pause) 6348M->1854M(8192M) 159.587ms
[5936.459s][info][gc,cpu         ] GC(908) User=1.27s Sys=0.00s Real=0.16s
....[5939.936s][info][gc,start       ] GC(909) Pause Young (Normal) (G1 Evacuation Pause)
[5939.936s][info][gc,task        ] GC(909) Using 8 workers of 8 for evacuation
[5940.089s][info][gc,phases      ] GC(909)   Pre Evacuate Collection Set: 0.24ms
[5940.089s][info][gc,phases      ] GC(909)   Merge Heap Roots: 0.49ms
[5940.089s][info][gc,phases      ] GC(909)   Evacuate Collection Set: 151.15ms
[5940.089s][info][gc,phases      ] GC(909)   Post Evacuate Collection Set: 1.01ms
[5940.089s][info][gc,phases      ] GC(909)   Other: 0.06ms
[5940.089s][info][gc,heap        ] GC(909) Eden regions: 569->0(571)
[5940.089s][info][gc,heap        ] GC(909) Survivor regions: 45->43(77)
[5940.089s][info][gc,heap        ] GC(909) Old regions: 157->164
[5940.089s][info][gc,heap        ] GC(909) Humongous regions: 33->33
[5940.089s][info][gc,metaspace   ] GC(909) Metaspace: 30016K(30528K)->30016K(30528K) NonClass: 24603K(24896K)->24603K(24896K) Class: 5412K(5632K)->5412K(5632K)
[5940.089s][info][gc             ] GC(909) Pause Young (Normal) (G1 Evacuation Pause) 6406M->1895M(8192M) 153.100ms
[5940.089s][info][gc,cpu         ] GC(909) User=1.22s Sys=0.00s Real=0.15s
....[5943.523s][info][gc,start       ] GC(910) Pause Young (Normal) (G1 Evacuation Pause)
[5943.523s][info][gc,task        ] GC(910) Using 8 workers of 8 for evacuation
[5943.672s][info][gc,phases      ] GC(910)   Pre Evacuate Collection Set: 0.22ms
[5943.672s][info][gc,phases      ] GC(910)   Merge Heap Roots: 0.52ms
[5943.672s][info][gc,phases      ] GC(910)   Evacuate Collection Set: 146.55ms
[5943.672s][info][gc,phases      ] GC(910)   Post Evacuate Collection Set: 1.04ms
[5943.672s][info][gc,phases      ] GC(910)   Other: 0.07ms
[5943.672s][info][gc,heap        ] GC(910) Eden regions: 571->0(572)
[5943.672s][info][gc,heap        ] GC(910) Survivor regions: 43->42(77)
[5943.672s][info][gc,heap        ] GC(910) Old regions: 164->171
[5943.672s][info][gc,heap        ] GC(910) Humongous regions: 33->33
[5943.672s][info][gc,metaspace   ] GC(910) Metaspace: 30016K(30528K)->30016K(30528K) NonClass: 24603K(24896K)->24603K(24896K) Class: 5412K(5632K)->5412K(5632K)
[5943.672s][info][gc             ] GC(910) Pause Young (Normal) (G1 Evacuation Pause) 6463M->1943M(8192M) 148.526ms
[5943.672s][info][gc,cpu         ] GC(910) User=1.17s Sys=0.00s Real=0.14s
...[5947.213s][info][gc,start       ] GC(911) Pause Young (Normal) (G1 Evacuation Pause)
[5947.213s][info][gc,task        ] GC(911) Using 8 workers of 8 for evacuation
[5947.365s][info][gc,phases      ] GC(911)   Pre Evacuate Collection Set: 0.23ms
[5947.365s][info][gc,phases      ] GC(911)   Merge Heap Roots: 0.54ms
[5947.365s][info][gc,phases      ] GC(911)   Evacuate Collection Set: 150.04ms
[5947.365s][info][gc,phases      ] GC(911)   Post Evacuate Collection Set: 1.01ms
[5947.365s][info][gc,phases      ] GC(911)   Other: 0.06ms
[5947.365s][info][gc,heap        ] GC(911) Eden regions: 572->0(570)
[5947.365s][info][gc,heap        ] GC(911) Survivor regions: 42->44(77)
[5947.365s][info][gc,heap        ] GC(911) Old regions: 171->178
[5947.365s][info][gc,heap        ] GC(911) Humongous regions: 33->33
[5947.365s][info][gc,metaspace   ] GC(911) Metaspace: 30016K(30528K)->30016K(30528K) NonClass: 24603K(24896K)->24603K(24896K) Class: 5412K(5632K)->5412K(5632K)
[5947.365s][info][gc             ] GC(911) Pause Young (Normal) (G1 Evacuation Pause) 6519M->2009M(8192M) 152.019ms
[5947.365s][info][gc,cpu         ] GC(911) User=1.20s Sys=0.00s Real=0.16s
....[5950.886s][info][gc,start       ] GC(912) Pause Young (Normal) (G1 Evacuation Pause)
[5950.886s][info][gc,task        ] GC(912) Using 8 workers of 8 for evacuation
[5951.043s][info][gc,phases      ] GC(912)   Pre Evacuate Collection Set: 0.24ms
[5951.043s][info][gc,phases      ] GC(912)   Merge Heap Roots: 0.63ms
[5951.043s][info][gc,phases      ] GC(912)   Evacuate Collection Set: 155.03ms
[5951.043s][info][gc,phases      ] GC(912)   Post Evacuate Collection Set: 1.01ms
[5951.043s][info][gc,phases      ] GC(912)   Other: 0.06ms
[5951.043s][info][gc,heap        ] GC(912) Eden regions: 570->0(570)
[5951.043s][info][gc,heap        ] GC(912) Survivor regions: 44->44(77)
[5951.043s][info][gc,heap        ] GC(912) Old regions: 178->185
[5951.043s][info][gc,heap        ] GC(912) Humongous regions: 33->33
[5951.043s][info][gc,metaspace   ] GC(912) Metaspace: 30016K(30528K)->30016K(30528K) NonClass: 24603K(24896K)->24603K(24896K) Class: 5412K(5632K)->5412K(5632K)
[5951.043s][info][gc             ] GC(912) Pause Young (Normal) (G1 Evacuation Pause) 6569M->2071M(8192M) 157.093ms
[5951.043s][info][gc,cpu         ] GC(912) User=1.25s Sys=0.00s Real=0.15s
....[5954.522s][info][gc,start       ] GC(913) Pause Young (Normal) (G1 Evacuation Pause)
[5954.522s][info][gc,task        ] GC(913) Using 8 workers of 8 for evacuation
[5954.671s][info][gc,phases      ] GC(913)   Pre Evacuate Collection Set: 0.24ms
[5954.671s][info][gc,phases      ] GC(913)   Merge Heap Roots: 0.53ms
[5954.671s][info][gc,phases      ] GC(913)   Evacuate Collection Set: 146.71ms
[5954.671s][info][gc,phases      ] GC(913)   Post Evacuate Collection Set: 1.05ms
[5954.671s][info][gc,phases      ] GC(913)   Other: 0.06ms
[5954.671s][info][gc,heap        ] GC(913) Eden regions: 570->0(572)
[5954.671s][info][gc,heap        ] GC(913) Survivor regions: 44->42(77)
[5954.671s][info][gc,heap        ] GC(913) Old regions: 185->192
[5954.671s][info][gc,heap        ] GC(913) Humongous regions: 33->33
[5954.671s][info][gc,metaspace   ] GC(913) Metaspace: 30016K(30528K)->30016K(30528K) NonClass: 24603K(24896K)->24603K(24896K) Class: 5412K(5632K)->5412K(5632K)
[5954.671s][info][gc             ] GC(913) Pause Young (Normal) (G1 Evacuation Pause) 6631M->2112M(8192M) 148.723ms
[5954.671s][info][gc,cpu         ] GC(913) User=1.17s Sys=0.00s Real=0.15s
...[5958.151s][info][gc,start       ] GC(914) Pause Young (Normal) (G1 Evacuation Pause)
[5958.151s][info][gc,task        ] GC(914) Using 8 workers of 8 for evacuation
[5958.304s][info][gc,phases      ] GC(914)   Pre Evacuate Collection Set: 0.23ms
[5958.304s][info][gc,phases      ] GC(914)   Merge Heap Roots: 0.53ms
[5958.304s][info][gc,phases      ] GC(914)   Evacuate Collection Set: 150.77ms
[5958.304s][info][gc,phases      ] GC(914)   Post Evacuate Collection Set: 1.01ms
[5958.304s][info][gc,phases      ] GC(914)   Other: 0.06ms
[5958.304s][info][gc,heap        ] GC(914) Eden regions: 572->0(571)
[5958.304s][info][gc,heap        ] GC(914) Survivor regions: 42->43(77)
[5958.304s][info][gc,heap        ] GC(914) Old regions: 192->199
[5958.304s][info][gc,heap        ] GC(914) Humongous regions: 33->33
[5958.304s][info][gc,metaspace   ] GC(914) Metaspace: 30016K(30528K)->30016K(30528K) NonClass: 24603K(24896K)->24603K(24896K) Class: 5412K(5632K)->5412K(5632K)
[5958.304s][info][gc             ] GC(914) Pause Young (Normal) (G1 Evacuation Pause) 6688M->2175M(8192M) 152.721ms
[5958.304s][info][gc,cpu         ] GC(914) User=1.21s Sys=0.00s Real=0.16s
....[5961.854s][info][gc,start       ] GC(915) Pause Young (Normal) (G1 Evacuation Pause)
[5961.854s][info][gc,task        ] GC(915) Using 8 workers of 8 for evacuation
[5962.013s][info][gc,phases      ] GC(915)   Pre Evacuate Collection Set: 0.22ms
[5962.013s][info][gc,phases      ] GC(915)   Merge Heap Roots: 0.57ms
[5962.013s][info][gc,phases      ] GC(915)   Evacuate Collection Set: 156.67ms
[5962.013s][info][gc,phases      ] GC(915)   Post Evacuate Collection Set: 1.04ms
[5962.013s][info][gc,phases      ] GC(915)   Other: 0.06ms
[5962.013s][info][gc,heap        ] GC(915) Eden regions: 571->0(569)
[5962.013s][info][gc,heap        ] GC(915) Survivor regions: 43->45(77)
[5962.013s][info][gc,heap        ] GC(915) Old regions: 199->206
[5962.013s][info][gc,heap        ] GC(915) Humongous regions: 33->33
[5962.013s][info][gc,metaspace   ] GC(915) Metaspace: 30016K(30528K)->30016K(30528K) NonClass: 24603K(24896K)->24603K(24896K) Class: 5412K(5632K)->5412K(5632K)
[5962.013s][info][gc             ] GC(915) Pause Young (Normal) (G1 Evacuation Pause) 6743M->2245M(8192M) 158.681ms
[5962.013s][info][gc,cpu         ] GC(915) User=1.26s Sys=0.00s Real=0.15s
....[5965.700s][info][gc,start       ] GC(916) Pause Young (Normal) (G1 Evacuation Pause)
[5965.700s][info][gc,task        ] GC(916) Using 8 workers of 8 for evacuation
[5965.853s][info][gc,phases      ] GC(916)   Pre Evacuate Collection Set: 0.22ms
[5965.853s][info][gc,phases      ] GC(916)   Merge Heap Roots: 0.52ms
[5965.853s][info][gc,phases      ] GC(916)   Evacuate Collection Set: 151.31ms
[5965.853s][info][gc,phases      ] GC(916)   Post Evacuate Collection Set: 1.03ms
[5965.853s][info][gc,phases      ] GC(916)   Other: 0.06ms
[5965.853s][info][gc,heap        ] GC(916) Eden regions: 569->0(571)
[5965.853s][info][gc,heap        ] GC(916) Survivor regions: 45->43(77)
[5965.853s][info][gc,heap        ] GC(916) Old regions: 206->213
[5965.853s][info][gc,heap        ] GC(916) Humongous regions: 33->33
[5965.853s][info][gc,metaspace   ] GC(916) Metaspace: 30016K(30528K)->30016K(30528K) NonClass: 24603K(24896K)->24603K(24896K) Class: 5412K(5632K)->5412K(5632K)
[5965.853s][info][gc             ] GC(916) Pause Young (Normal) (G1 Evacuation Pause) 6797M->2291M(8192M) 153.295ms
[5965.853s][info][gc,cpu         ] GC(916) User=1.21s Sys=0.00s Real=0.16s
...[5969.390s][info][gc,start       ] GC(917) Pause Young (Normal) (G1 Evacuation Pause)
[5969.390s][info][gc,task        ] GC(917) Using 8 workers of 8 for evacuation
[5969.540s][info][gc,phases      ] GC(917)   Pre Evacuate Collection Set: 0.22ms
[5969.540s][info][gc,phases      ] GC(917)   Merge Heap Roots: 0.53ms
[5969.540s][info][gc,phases      ] GC(917)   Evacuate Collection Set: 148.00ms
[5969.540s][info][gc,phases      ] GC(917)   Post Evacuate Collection Set: 1.01ms
[5969.540s][info][gc,phases      ] GC(917)   Other: 0.06ms
[5969.540s][info][gc,heap        ] GC(917) Eden regions: 571->0(570)
[5969.540s][info][gc,heap        ] GC(917) Survivor regions: 43->44(77)
[5969.540s][info][gc,heap        ] GC(917) Old regions: 213->221
[5969.540s][info][gc,heap        ] GC(917) Humongous regions: 33->33
[5969.540s][info][gc,metaspace   ] GC(917) Metaspace: 30016K(30528K)->30016K(30528K) NonClass: 24603K(24896K)->24603K(24896K) Class: 5412K(5632K)->5412K(5632K)
[5969.540s][info][gc             ] GC(917) Pause Young (Normal) (G1 Evacuation Pause) 6859M->2356M(8192M) 149.958ms
[5969.540s][info][gc,cpu         ] GC(917) User=1.19s Sys=0.00s Real=0.15s
....[5973.024s][info][gc,start       ] GC(918) Pause Young (Normal) (G1 Evacuation Pause)
[5973.024s][info][gc,task        ] GC(918) Using 8 workers of 8 for evacuation
[5973.173s][info][gc,phases      ] GC(918)   Pre Evacuate Collection Set: 0.25ms
[5973.173s][info][gc,phases      ] GC(918)   Merge Heap Roots: 0.53ms
[5973.173s][info][gc,phases      ] GC(918)   Evacuate Collection Set: 147.43ms
[5973.173s][info][gc,phases      ] GC(918)   Post Evacuate Collection Set: 1.01ms
[5973.173s][info][gc,phases      ] GC(918)   Other: 0.06ms
[5973.173s][info][gc,heap        ] GC(918) Eden regions: 570->0(571)
[5973.173s][info][gc,heap        ] GC(918) Survivor regions: 44->43(77)
[5973.173s][info][gc,heap        ] GC(918) Old regions: 221->228
[5973.173s][info][gc,heap        ] GC(918) Humongous regions: 33->33
[5973.173s][info][gc,metaspace   ] GC(918) Metaspace: 30016K(30528K)->30016K(30528K) NonClass: 24603K(24896K)->24603K(24896K) Class: 5412K(5632K)->5412K(5632K)
[5973.173s][info][gc             ] GC(918) Pause Young (Normal) (G1 Evacuation Pause) 6916M->2407M(8192M) 149.423ms
[5973.173s][info][gc,cpu         ] GC(918) User=1.18s Sys=0.00s Real=0.15s
....[5976.786s][info][gc,start       ] GC(919) Pause Young (Normal) (G1 Evacuation Pause)
[5976.786s][info][gc,task        ] GC(919) Using 8 workers of 8 for evacuation
[5976.941s][info][gc,phases      ] GC(919)   Pre Evacuate Collection Set: 0.24ms
[5976.941s][info][gc,phases      ] GC(919)   Merge Heap Roots: 0.57ms
[5976.941s][info][gc,phases      ] GC(919)   Evacuate Collection Set: 152.44ms
[5976.941s][info][gc,phases      ] GC(919)   Post Evacuate Collection Set: 1.04ms
[5976.941s][info][gc,phases      ] GC(919)   Other: 0.06ms
[5976.941s][info][gc,heap        ] GC(919) Eden regions: 571->0(571)
[5976.941s][info][gc,heap        ] GC(919) Survivor regions: 43->43(77)
[5976.941s][info][gc,heap        ] GC(919) Old regions: 228->235
[5976.941s][info][gc,heap        ] GC(919) Humongous regions: 33->33
[5976.941s][info][gc,metaspace   ] GC(919) Metaspace: 30016K(30528K)->30016K(30528K) NonClass: 24603K(24896K)->24603K(24896K) Class: 5412K(5632K)->5412K(5632K)
[5976.941s][info][gc             ] GC(919) Pause Young (Normal) (G1 Evacuation Pause) 6975M->2465M(8192M) 154.485ms
[5976.941s][info][gc,cpu         ] GC(919) User=1.23s Sys=0.00s Real=0.15s
...[5980.476s][info][gc,start       ] GC(920) Pause Young (Normal) (G1 Evacuation Pause)
[5980.476s][info][gc,task        ] GC(920) Using 8 workers of 8 for evacuation
[5980.625s][info][gc,phases      ] GC(920)   Pre Evacuate Collection Set: 0.25ms
[5980.625s][info][gc,phases      ] GC(920)   Merge Heap Roots: 0.53ms
[5980.625s][info][gc,phases      ] GC(920)   Evacuate Collection Set: 146.66ms
[5980.625s][info][gc,phases      ] GC(920)   Post Evacuate Collection Set: 0.99ms
[5980.625s][info][gc,phases      ] GC(920)   Other: 0.06ms
[5980.625s][info][gc,heap        ] GC(920) Eden regions: 571->0(572)
[5980.625s][info][gc,heap        ] GC(920) Survivor regions: 43->42(77)
[5980.625s][info][gc,heap        ] GC(920) Old regions: 235->242
[5980.625s][info][gc,heap        ] GC(920) Humongous regions: 33->33
[5980.625s][info][gc,metaspace   ] GC(920) Metaspace: 30016K(30528K)->30016K(30528K) NonClass: 24603K(24896K)->24603K(24896K) Class: 5412K(5632K)->5412K(5632K)
[5980.625s][info][gc             ] GC(920) Pause Young (Normal) (G1 Evacuation Pause) 7033M->2515M(8192M) 148.610ms
[5980.625s][info][gc,cpu         ] GC(920) User=1.17s Sys=0.00s Real=0.15s
....[5984.164s][info][gc,start       ] GC(921) Pause Young (Normal) (G1 Evacuation Pause)
[5984.164s][info][gc,task        ] GC(921) Using 8 workers of 8 for evacuation
[5984.319s][info][gc,phases      ] GC(921)   Pre Evacuate Collection Set: 0.23ms
[5984.319s][info][gc,phases      ] GC(921)   Merge Heap Roots: 0.51ms
[5984.319s][info][gc,phases      ] GC(921)   Evacuate Collection Set: 153.18ms
[5984.319s][info][gc,phases      ] GC(921)   Post Evacuate Collection Set: 1.02ms
[5984.319s][info][gc,phases      ] GC(921)   Other: 0.08ms
[5984.319s][info][gc,heap        ] GC(921) Eden regions: 572->0(570)
[5984.319s][info][gc,heap        ] GC(921) Survivor regions: 42->44(77)
[5984.319s][info][gc,heap        ] GC(921) Old regions: 242->249
[5984.319s][info][gc,heap        ] GC(921) Humongous regions: 33->33
[5984.319s][info][gc,metaspace   ] GC(921) Metaspace: 30016K(30528K)->30016K(30528K) NonClass: 24603K(24896K)->24603K(24896K) Class: 5412K(5632K)->5412K(5632K)
[5984.319s][info][gc             ] GC(921) Pause Young (Normal) (G1 Evacuation Pause) 7091M->2583M(8192M) 155.142ms
[5984.320s][info][gc,cpu         ] GC(921) User=1.23s Sys=0.00s Real=0.15s
....[5987.842s][info][gc,start       ] GC(922) Pause Young (Normal) (G1 Evacuation Pause)
[5987.842s][info][gc,task        ] GC(922) Using 8 workers of 8 for evacuation
[5987.996s][info][gc,phases      ] GC(922)   Pre Evacuate Collection Set: 0.23ms
[5987.996s][info][gc,phases      ] GC(922)   Merge Heap Roots: 0.57ms
[5987.996s][info][gc,phases      ] GC(922)   Evacuate Collection Set: 152.37ms
[5987.996s][info][gc,phases      ] GC(922)   Post Evacuate Collection Set: 1.04ms
[5987.996s][info][gc,phases      ] GC(922)   Other: 0.07ms
[5987.996s][info][gc,heap        ] GC(922) Eden regions: 570->0(571)
[5987.996s][info][gc,heap        ] GC(922) Survivor regions: 44->43(77)
[5987.996s][info][gc,heap        ] GC(922) Old regions: 249->256
[5987.996s][info][gc,heap        ] GC(922) Humongous regions: 33->33
[5987.996s][info][gc,metaspace   ] GC(922) Metaspace: 30016K(30528K)->30016K(30528K) NonClass: 24603K(24896K)->24603K(24896K) Class: 5412K(5632K)->5412K(5632K)
[5987.996s][info][gc             ] GC(922) Pause Young (Normal) (G1 Evacuation Pause) 7143M->2635M(8192M) 154.399ms
[5987.996s][info][gc,cpu         ] GC(922) User=1.22s Sys=0.00s Real=0.16s
...[5991.547s][info][gc,start       ] GC(923) Pause Young (Normal) (G1 Evacuation Pause)
[5991.547s][info][gc,task        ] GC(923) Using 8 workers of 8 for evacuation
[5991.698s][info][gc,phases      ] GC(923)   Pre Evacuate Collection Set: 0.24ms
[5991.698s][info][gc,phases      ] GC(923)   Merge Heap Roots: 0.59ms
[5991.698s][info][gc,phases      ] GC(923)   Evacuate Collection Set: 148.81ms
[5991.698s][info][gc,phases      ] GC(923)   Post Evacuate Collection Set: 0.99ms
[5991.698s][info][gc,phases      ] GC(923)   Other: 0.06ms
[5991.698s][info][gc,heap        ] GC(923) Eden regions: 571->0(571)
[5991.698s][info][gc,heap        ] GC(923) Survivor regions: 43->43(77)
[5991.698s][info][gc,heap        ] GC(923) Old regions: 256->263
[5991.698s][info][gc,heap        ] GC(923) Humongous regions: 33->33
[5991.698s][info][gc,metaspace   ] GC(923) Metaspace: 30016K(30528K)->30016K(30528K) NonClass: 24603K(24896K)->24603K(24896K) Class: 5412K(5632K)->5412K(5632K)
[5991.698s][info][gc             ] GC(923) Pause Young (Normal) (G1 Evacuation Pause) 7203M->2691M(8192M) 150.824ms
[5991.698s][info][gc,cpu         ] GC(923) User=1.19s Sys=0.00s Real=0.15s
.... (rIR:aIR:PR = 10378:10377:10378) (tPR = 153421) [OK] 
  5994s: Performance info:
         Transaction,    Success,    Partial,     Failed,   Receipts, AvgBarcode, 
             Overall,     625155,          0,          0,     593646,      59.47, 
         Response times:
             Request,    Success,    Partial,     Failed,   SkipFail,     Probes,    Samples,      min,      p50,      p90,      p95,      p99,      max, 
       TotalPurchase,     593573,          0,          0,          0,     359435,     540309,      300,     8000,    52000,    93000,   176000,  2800000,
     InStorePurchase,     313538,          0,          0,          0,     188209,     283204,      300,     8100,    53000,    93000,   175000,  2800000,
      OnlinePurchase,     217438,          0,          0,          0,     132865,     198927,      300,     7900,    52000,    92000,   180000,  2800000,
        InstPurchase,      62597,          0,          0,          0,      38361,      58178,      400,     8000,    53000,    90000,   172000,  1200000,
          AssocOfCat,        628,          0,          0,          0,        526,        901,    30000,    57000,   106800,   142000,   236000,   465000,
      AssocOfProduct,       6331,          0,          0,          0,       3538,       5535,      600,     7400,    46000,    88000,   210640,   474000,
      BusinessReport,       1560,          0,          0,          0,       1379,       2289,    28000,    61000,   117000,   167500,   277100,   690000,
          CustBuyBeh,       6392,          0,          0,          0,       3535,       5599,      300,     7800,    56000,    93000,   175000,   750000,
       ProductReturn,      16598,          0,          0,          0,      10049,      15317,      200,     7700,    51000,    87000,   173000,  1600000,

  5994s: (76%)   IR =  10516 [5995.240s][info][gc,start       ] GC(924) Pause Young (Normal) (G1 Evacuation Pause)
[5995.240s][info][gc,task        ] GC(924) Using 8 workers of 8 for evacuation
[5995.392s][info][gc,phases      ] GC(924)   Pre Evacuate Collection Set: 0.23ms
[5995.392s][info][gc,phases      ] GC(924)   Merge Heap Roots: 0.54ms
[5995.392s][info][gc,phases      ] GC(924)   Evacuate Collection Set: 149.33ms
[5995.392s][info][gc,phases      ] GC(924)   Post Evacuate Collection Set: 1.02ms
[5995.392s][info][gc,phases      ] GC(924)   Other: 0.06ms
[5995.392s][info][gc,heap        ] GC(924) Eden regions: 571->0(571)
[5995.392s][info][gc,heap        ] GC(924) Survivor regions: 43->43(77)
[5995.392s][info][gc,heap        ] GC(924) Old regions: 263->270
[5995.392s][info][gc,heap        ] GC(924) Humongous regions: 33->33
[5995.392s][info][gc,metaspace   ] GC(924) Metaspace: 30016K(30528K)->30016K(30528K) NonClass: 24603K(24896K)->24603K(24896K) Class: 5412K(5632K)->5412K(5632K)
[5995.392s][info][gc             ] GC(924) Pause Young (Normal) (G1 Evacuation Pause) 7259M->2747M(8192M) 151.319ms
[5995.392s][info][gc,cpu         ] GC(924) User=1.19s Sys=0.00s Real=0.15s
....[5998.839s][info][gc,start       ] GC(925) Pause Young (Normal) (G1 Evacuation Pause)
[5998.839s][info][gc,task        ] GC(925) Using 8 workers of 8 for evacuation
[5998.989s][info][gc,phases      ] GC(925)   Pre Evacuate Collection Set: 0.24ms
[5998.989s][info][gc,phases      ] GC(925)   Merge Heap Roots: 0.54ms
[5998.989s][info][gc,phases      ] GC(925)   Evacuate Collection Set: 147.76ms
[5998.989s][info][gc,phases      ] GC(925)   Post Evacuate Collection Set: 1.00ms
[5998.989s][info][gc,phases      ] GC(925)   Other: 0.06ms
[5998.989s][info][gc,heap        ] GC(925) Eden regions: 571->0(571)
[5998.989s][info][gc,heap        ] GC(925) Survivor regions: 43->43(77)
[5998.989s][info][gc,heap        ] GC(925) Old regions: 270->277
[5998.989s][info][gc,heap        ] GC(925) Humongous regions: 33->33
[5998.989s][info][gc,metaspace   ] GC(925) Metaspace: 30016K(30528K)->30016K(30528K) NonClass: 24603K(24896K)->24603K(24896K) Class: 5412K(5632K)->5412K(5632K)
[5998.989s][info][gc             ] GC(925) Pause Young (Normal) (G1 Evacuation Pause) 7315M->2799M(8192M) 149.743ms
[5998.989s][info][gc,cpu         ] GC(925) User=1.19s Sys=0.00s Real=0.15s
...[6002.610s][info][gc,start       ] GC(926) Pause Young (Normal) (G1 Evacuation Pause)
[6002.610s][info][gc,task        ] GC(926) Using 8 workers of 8 for evacuation
[6002.759s][info][gc,phases      ] GC(926)   Pre Evacuate Collection Set: 0.22ms
[6002.759s][info][gc,phases      ] GC(926)   Merge Heap Roots: 0.53ms
[6002.759s][info][gc,phases      ] GC(926)   Evacuate Collection Set: 147.14ms
[6002.759s][info][gc,phases      ] GC(926)   Post Evacuate Collection Set: 1.04ms
[6002.759s][info][gc,phases      ] GC(926)   Other: 0.08ms
[6002.759s][info][gc,heap        ] GC(926) Eden regions: 571->0(568)
[6002.759s][info][gc,heap        ] GC(926) Survivor regions: 43->43(77)
[6002.759s][info][gc,heap        ] GC(926) Old regions: 277->285
[6002.759s][info][gc,heap        ] GC(926) Humongous regions: 33->33
[6002.759s][info][gc,metaspace   ] GC(926) Metaspace: 30016K(30528K)->30016K(30528K) NonClass: 24603K(24896K)->24603K(24896K) Class: 5412K(5632K)->5412K(5632K)
[6002.759s][info][gc             ] GC(926) Pause Young (Normal) (G1 Evacuation Pause) 7367M->2856M(8192M) 149.138ms
[6002.759s][info][gc,cpu         ] GC(926) User=1.19s Sys=0.00s Real=0.15s
....[6006.242s][info][gc,start       ] GC(927) Pause Young (Normal) (G1 Evacuation Pause)
[6006.242s][info][gc,task        ] GC(927) Using 8 workers of 8 for evacuation
[6006.398s][info][gc,phases      ] GC(927)   Pre Evacuate Collection Set: 0.23ms
[6006.398s][info][gc,phases      ] GC(927)   Merge Heap Roots: 0.54ms
[6006.398s][info][gc,phases      ] GC(927)   Evacuate Collection Set: 154.22ms
[6006.398s][info][gc,phases      ] GC(927)   Post Evacuate Collection Set: 1.00ms
[6006.398s][info][gc,phases      ] GC(927)   Other: 0.06ms
[6006.398s][info][gc,heap        ] GC(927) Eden regions: 568->0(559)
[6006.398s][info][gc,heap        ] GC(927) Survivor regions: 43->44(77)
[6006.398s][info][gc,heap        ] GC(927) Old regions: 285->292
[6006.398s][info][gc,heap        ] GC(927) Humongous regions: 33->33
[6006.398s][info][gc,metaspace   ] GC(927) Metaspace: 30016K(30528K)->30016K(30528K) NonClass: 24603K(24896K)->24603K(24896K) Class: 5412K(5632K)->5412K(5632K)
[6006.398s][info][gc             ] GC(927) Pause Young (Normal) (G1 Evacuation Pause) 7400M->2928M(8192M) 156.170ms
[6006.398s][info][gc,cpu         ] GC(927) User=1.24s Sys=0.00s Real=0.16s
...[6009.679s][info][gc,start       ] GC(928) Pause Young (Normal) (G1 Evacuation Pause)
[6009.679s][info][gc,task        ] GC(928) Using 8 workers of 8 for evacuation
[6009.829s][info][gc,phases      ] GC(928)   Pre Evacuate Collection Set: 0.23ms
[6009.829s][info][gc,phases      ] GC(928)   Merge Heap Roots: 0.54ms
[6009.829s][info][gc,phases      ] GC(928)   Evacuate Collection Set: 148.28ms
[6009.829s][info][gc,phases      ] GC(928)   Post Evacuate Collection Set: 1.01ms
[6009.829s][info][gc,phases      ] GC(928)   Other: 0.07ms
[6009.829s][info][gc,heap        ] GC(928) Eden regions: 559->0(554)
[6009.829s][info][gc,heap        ] GC(928) Survivor regions: 44->43(76)
[6009.829s][info][gc,heap        ] GC(928) Old regions: 292->299
[6009.829s][info][gc,heap        ] GC(928) Humongous regions: 33->33
[6009.829s][info][gc,metaspace   ] GC(928) Metaspace: 30016K(30528K)->30016K(30528K) NonClass: 24603K(24896K)->24603K(24896K) Class: 5412K(5632K)->5412K(5632K)
[6009.829s][info][gc             ] GC(928) Pause Young (Normal) (G1 Evacuation Pause) 7400M->2977M(8192M) 150.260ms
[6009.829s][info][gc,cpu         ] GC(928) User=1.19s Sys=0.00s Real=0.15s
....|[6013.256s][info][gc,start       ] GC(929) Pause Young (Normal) (G1 Evacuation Pause)
[6013.257s][info][gc,task        ] GC(929) Using 8 workers of 8 for evacuation
[6013.410s][info][gc,phases      ] GC(929)   Pre Evacuate Collection Set: 0.22ms
[6013.410s][info][gc,phases      ] GC(929)   Merge Heap Roots: 0.54ms
[6013.410s][info][gc,phases      ] GC(929)   Evacuate Collection Set: 151.47ms
[6013.410s][info][gc,phases      ] GC(929)   Post Evacuate Collection Set: 1.02ms
[6013.410s][info][gc,phases      ] GC(929)   Other: 0.06ms
[6013.410s][info][gc,heap        ] GC(929) Eden regions: 554->0(544)
[6013.410s][info][gc,heap        ] GC(929) Survivor regions: 43->44(75)
[6013.410s][info][gc,heap        ] GC(929) Old regions: 299->307
[6013.410s][info][gc,heap        ] GC(929) Humongous regions: 33->33
[6013.410s][info][gc,metaspace   ] GC(929) Metaspace: 30016K(30528K)->30016K(30528K) NonClass: 24603K(24896K)->24603K(24896K) Class: 5412K(5632K)->5412K(5632K)
[6013.410s][info][gc             ] GC(929) Pause Young (Normal) (G1 Evacuation Pause) 7409M->3043M(8192M) 153.426ms
[6013.410s][info][gc,cpu         ] GC(929) User=1.22s Sys=0.00s Real=0.15s
...[6016.700s][info][gc,start       ] GC(930) Pause Young (Concurrent Start) (G1 Evacuation Pause)
[6016.700s][info][gc,task        ] GC(930) Using 8 workers of 8 for evacuation
[6016.856s][info][gc,phases      ] GC(930)   Pre Evacuate Collection Set: 0.26ms
[6016.856s][info][gc,phases      ] GC(930)   Merge Heap Roots: 0.53ms
[6016.856s][info][gc,phases      ] GC(930)   Evacuate Collection Set: 153.44ms
[6016.856s][info][gc,phases      ] GC(930)   Post Evacuate Collection Set: 1.01ms
[6016.856s][info][gc,phases      ] GC(930)   Other: 0.11ms
[6016.856s][info][gc,heap        ] GC(930) Eden regions: 544->0(537)
[6016.856s][info][gc,heap        ] GC(930) Survivor regions: 44->44(74)
[6016.856s][info][gc,heap        ] GC(930) Old regions: 307->314
[6016.856s][info][gc,heap        ] GC(930) Humongous regions: 33->33
[6016.856s][info][gc,metaspace   ] GC(930) Metaspace: 30016K(30528K)->30016K(30528K) NonClass: 24603K(24896K)->24603K(24896K) Class: 5412K(5632K)->5412K(5632K)
[6016.856s][info][gc             ] GC(930) Pause Young (Concurrent Start) (G1 Evacuation Pause) 7395M->3106M(8192M) 155.472ms
[6016.856s][info][gc             ] GC(931) Concurrent Mark Cycle
[6016.856s][info][gc,marking     ] GC(931) Concurrent Scan Root Regions
[6016.856s][info][gc,cpu         ] GC(930) User=1.24s Sys=0.00s Real=0.16s
.[6017.206s][info][gc,marking     ] GC(931) Concurrent Scan Root Regions 350.608ms
[6017.206s][info][gc,marking     ] GC(931) Concurrent Mark
[6017.206s][info][gc,marking     ] GC(931) Concurrent Mark From Roots
[6017.206s][info][gc,task        ] GC(931) Using 2 workers of 2 for marking
.[6018.589s][info][gc,marking     ] GC(931) Concurrent Mark From Roots 1382.449ms
[6018.589s][info][gc,marking     ] GC(931) Concurrent Preclean
[6018.589s][info][gc,marking     ] GC(931) Concurrent Preclean 0.107ms
[6018.589s][info][gc,start       ] GC(931) Pause Remark
[6018.591s][info][gc             ] GC(931) Pause Remark 5098M->4506M(8192M) 1.966ms
[6018.591s][info][gc,cpu         ] GC(931) User=0.02s Sys=0.00s Real=0.00s
[6018.591s][info][gc,marking     ] GC(931) Concurrent Mark 1384.798ms
[6018.591s][info][gc,marking     ] GC(931) Concurrent Rebuild Remembered Sets and Scrub Regions
.[6019.316s][info][gc,marking     ] GC(931) Concurrent Rebuild Remembered Sets and Scrub Regions 724.653ms
[6019.316s][info][gc,start       ] GC(931) Pause Cleanup
[6019.316s][info][gc             ] GC(931) Pause Cleanup 5398M->5398M(8192M) 0.269ms
[6019.316s][info][gc,cpu         ] GC(931) User=0.00s Sys=0.00s Real=0.00s
[6019.316s][info][gc,marking     ] GC(931) Concurrent Clear Claimed Marks
[6019.316s][info][gc,marking     ] GC(931) Concurrent Clear Claimed Marks 0.046ms
[6019.316s][info][gc,marking     ] GC(931) Concurrent Cleanup for Next Mark
[6019.327s][info][gc,marking     ] GC(931) Concurrent Cleanup for Next Mark 10.492ms
[6019.327s][info][gc             ] GC(931) Concurrent Mark Cycle 2471.348ms
.[6020.207s][info][gc,start       ] GC(932) Pause Young (Prepare Mixed) (G1 Evacuation Pause)
[6020.207s][info][gc,task        ] GC(932) Using 8 workers of 8 for evacuation
[6020.359s][info][gc,phases      ] GC(932)   Pre Evacuate Collection Set: 0.23ms
[6020.359s][info][gc,phases      ] GC(932)   Merge Heap Roots: 0.67ms
[6020.359s][info][gc,phases      ] GC(932)   Evacuate Collection Set: 149.82ms
[6020.359s][info][gc,phases      ] GC(932)   Post Evacuate Collection Set: 1.06ms
[6020.359s][info][gc,phases      ] GC(932)   Other: 0.07ms
[6020.359s][info][gc,heap        ] GC(932) Eden regions: 537->0(572)
[6020.359s][info][gc,heap        ] GC(932) Survivor regions: 44->42(73)
[6020.359s][info][gc,heap        ] GC(932) Old regions: 240->248
[6020.359s][info][gc,heap        ] GC(932) Humongous regions: 33->33
[6020.359s][info][gc,metaspace   ] GC(932) Metaspace: 30016K(30528K)->30016K(30528K) NonClass: 24603K(24896K)->24603K(24896K) Class: 5412K(5632K)->5412K(5632K)
[6020.359s][info][gc             ] GC(932) Pause Young (Prepare Mixed) (G1 Evacuation Pause) 6810M->2559M(8192M) 151.966ms
[6020.359s][info][gc,cpu         ] GC(932) User=1.20s Sys=0.00s Real=0.15s
...[6023.824s][info][gc,start       ] GC(933) Pause Young (Mixed) (G1 Evacuation Pause)
[6023.824s][info][gc,task        ] GC(933) Using 8 workers of 8 for evacuation
[6023.992s][info][gc,phases      ] GC(933)   Pre Evacuate Collection Set: 0.27ms
[6023.992s][info][gc,phases      ] GC(933)   Merge Heap Roots: 0.77ms
[6023.992s][info][gc,phases      ] GC(933)   Evacuate Collection Set: 165.57ms
[6023.992s][info][gc,phases      ] GC(933)   Post Evacuate Collection Set: 1.24ms
[6023.992s][info][gc,phases      ] GC(933)   Other: 0.08ms
[6023.992s][info][gc,heap        ] GC(933) Eden regions: 572->0(570)
[6023.992s][info][gc,heap        ] GC(933) Survivor regions: 42->44(77)
[6023.992s][info][gc,heap        ] GC(933) Old regions: 248->153
[6023.992s][info][gc,heap        ] GC(933) Humongous regions: 33->33
[6023.992s][info][gc,metaspace   ] GC(933) Metaspace: 30016K(30528K)->30016K(30528K) NonClass: 24603K(24896K)->24603K(24896K) Class: 5412K(5632K)->5412K(5632K)
[6023.992s][info][gc             ] GC(933) Pause Young (Mixed) (G1 Evacuation Pause) 7135M->1819M(8192M) 168.066ms
[6023.992s][info][gc,cpu         ] GC(933) User=1.34s Sys=0.00s Real=0.16s
....[6027.335s][info][gc,start       ] GC(934) Pause Young (Mixed) (G1 Evacuation Pause)
[6027.335s][info][gc,task        ] GC(934) Using 8 workers of 8 for evacuation
[6027.495s][info][gc,phases      ] GC(934)   Pre Evacuate Collection Set: 0.25ms
[6027.495s][info][gc,phases      ] GC(934)   Merge Heap Roots: 0.76ms
[6027.495s][info][gc,phases      ] GC(934)   Evacuate Collection Set: 158.05ms
[6027.495s][info][gc,phases      ] GC(934)   Post Evacuate Collection Set: 1.03ms
[6027.495s][info][gc,phases      ] GC(934)   Other: 0.06ms
[6027.495s][info][gc,heap        ] GC(934) Eden regions: 570->0(571)
[6027.495s][info][gc,heap        ] GC(934) Survivor regions: 44->43(77)
[6027.495s][info][gc,heap        ] GC(934) Old regions: 153->142
[6027.496s][info][gc,heap        ] GC(934) Humongous regions: 33->33
[6027.496s][info][gc,metaspace   ] GC(934) Metaspace: 30016K(30528K)->30016K(30528K) NonClass: 24603K(24896K)->24603K(24896K) Class: 5412K(5632K)->5412K(5632K)
[6027.496s][info][gc             ] GC(934) Pause Young (Mixed) (G1 Evacuation Pause) 6379M->1723M(8192M) 160.287ms
[6027.496s][info][gc,cpu         ] GC(934) User=1.27s Sys=0.00s Real=0.16s
....[6031.017s][info][gc,start       ] GC(935) Pause Young (Normal) (G1 Evacuation Pause)
[6031.017s][info][gc,task        ] GC(935) Using 8 workers of 8 for evacuation
[6031.170s][info][gc,phases      ] GC(935)   Pre Evacuate Collection Set: 0.23ms
[6031.170s][info][gc,phases      ] GC(935)   Merge Heap Roots: 0.58ms
[6031.170s][info][gc,phases      ] GC(935)   Evacuate Collection Set: 151.71ms
[6031.170s][info][gc,phases      ] GC(935)   Post Evacuate Collection Set: 1.05ms
[6031.170s][info][gc,phases      ] GC(935)   Other: 0.06ms
[6031.170s][info][gc,heap        ] GC(935) Eden regions: 571->0(570)
[6031.170s][info][gc,heap        ] GC(935) Survivor regions: 43->44(77)
[6031.170s][info][gc,heap        ] GC(935) Old regions: 142->150
[6031.170s][info][gc,heap        ] GC(935) Humongous regions: 33->33
[6031.170s][info][gc,metaspace   ] GC(935) Metaspace: 30016K(30528K)->30016K(30528K) NonClass: 24603K(24896K)->24603K(24896K) Class: 5412K(5632K)->5412K(5632K)
[6031.170s][info][gc             ] GC(935) Pause Young (Normal) (G1 Evacuation Pause) 6291M->1784M(8192M) 153.762ms
[6031.170s][info][gc,cpu         ] GC(935) User=1.22s Sys=0.00s Real=0.15s
...[6034.684s][info][gc,start       ] GC(936) Pause Young (Normal) (G1 Evacuation Pause)
[6034.684s][info][gc,task        ] GC(936) Using 8 workers of 8 for evacuation
[6034.836s][info][gc,phases      ] GC(936)   Pre Evacuate Collection Set: 0.24ms
[6034.836s][info][gc,phases      ] GC(936)   Merge Heap Roots: 0.50ms
[6034.836s][info][gc,phases      ] GC(936)   Evacuate Collection Set: 150.75ms
[6034.836s][info][gc,phases      ] GC(936)   Post Evacuate Collection Set: 1.02ms
[6034.836s][info][gc,phases      ] GC(936)   Other: 0.06ms
[6034.836s][info][gc,heap        ] GC(936) Eden regions: 570->0(571)
[6034.836s][info][gc,heap        ] GC(936) Survivor regions: 44->43(77)
[6034.836s][info][gc,heap        ] GC(936) Old regions: 150->157
[6034.836s][info][gc,heap        ] GC(936) Humongous regions: 33->33
[6034.836s][info][gc,metaspace   ] GC(936) Metaspace: 30016K(30528K)->30016K(30528K) NonClass: 24603K(24896K)->24603K(24896K) Class: 5412K(5632K)->5412K(5632K)
[6034.836s][info][gc             ] GC(936) Pause Young (Normal) (G1 Evacuation Pause) 6344M->1838M(8192M) 152.698ms
[6034.836s][info][gc,cpu         ] GC(936) User=1.21s Sys=0.00s Real=0.15s
....[6038.229s][info][gc,start       ] GC(937) Pause Young (Normal) (G1 Evacuation Pause)
[6038.229s][info][gc,task        ] GC(937) Using 8 workers of 8 for evacuation
[6038.384s][info][gc,phases      ] GC(937)   Pre Evacuate Collection Set: 0.25ms
[6038.384s][info][gc,phases      ] GC(937)   Merge Heap Roots: 0.52ms
[6038.384s][info][gc,phases      ] GC(937)   Evacuate Collection Set: 152.97ms
[6038.384s][info][gc,phases      ] GC(937)   Post Evacuate Collection Set: 0.99ms
[6038.384s][info][gc,phases      ] GC(937)   Other: 0.07ms
[6038.384s][info][gc,heap        ] GC(937) Eden regions: 571->0(570)
[6038.384s][info][gc,heap        ] GC(937) Survivor regions: 43->44(77)
[6038.384s][info][gc,heap        ] GC(937) Old regions: 157->164
[6038.384s][info][gc,heap        ] GC(937) Humongous regions: 33->33
[6038.384s][info][gc,metaspace   ] GC(937) Metaspace: 30016K(30528K)->30016K(30528K) NonClass: 24603K(24896K)->24603K(24896K) Class: 5412K(5632K)->5412K(5632K)
[6038.384s][info][gc             ] GC(937) Pause Young (Normal) (G1 Evacuation Pause) 6406M->1902M(8192M) 154.918ms
[6038.384s][info][gc,cpu         ] GC(937) User=1.22s Sys=0.00s Real=0.16s
...[6041.830s][info][gc,start       ] GC(938) Pause Young (Normal) (G1 Evacuation Pause)
[6041.830s][info][gc,task        ] GC(938) Using 8 workers of 8 for evacuation
[6041.987s][info][gc,phases      ] GC(938)   Pre Evacuate Collection Set: 0.26ms
[6041.987s][info][gc,phases      ] GC(938)   Merge Heap Roots: 0.52ms
[6041.987s][info][gc,phases      ] GC(938)   Evacuate Collection Set: 155.10ms
[6041.987s][info][gc,phases      ] GC(938)   Post Evacuate Collection Set: 1.00ms
[6041.987s][info][gc,phases      ] GC(938)   Other: 0.06ms
[6041.987s][info][gc,heap        ] GC(938) Eden regions: 570->0(570)
[6041.987s][info][gc,heap        ] GC(938) Survivor regions: 44->44(77)
[6041.987s][info][gc,heap        ] GC(938) Old regions: 164->171
[6041.987s][info][gc,heap        ] GC(938) Humongous regions: 33->33
[6041.987s][info][gc,metaspace   ] GC(938) Metaspace: 30016K(30528K)->30016K(30528K) NonClass: 24603K(24896K)->24603K(24896K) Class: 5412K(5632K)->5412K(5632K)
[6041.987s][info][gc             ] GC(938) Pause Young (Normal) (G1 Evacuation Pause) 6462M->1953M(8192M) 157.068ms
[6041.987s][info][gc,cpu         ] GC(938) User=1.25s Sys=0.00s Real=0.16s
....[6045.473s][info][gc,start       ] GC(939) Pause Young (Normal) (G1 Evacuation Pause)
[6045.473s][info][gc,task        ] GC(939) Using 8 workers of 8 for evacuation
[6045.623s][info][gc,phases      ] GC(939)   Pre Evacuate Collection Set: 0.23ms
[6045.623s][info][gc,phases      ] GC(939)   Merge Heap Roots: 0.54ms
[6045.623s][info][gc,phases      ] GC(939)   Evacuate Collection Set: 148.27ms
[6045.623s][info][gc,phases      ] GC(939)   Post Evacuate Collection Set: 1.05ms
[6045.623s][info][gc,phases      ] GC(939)   Other: 0.06ms
[6045.623s][info][gc,heap        ] GC(939) Eden regions: 570->0(572)
[6045.623s][info][gc,heap        ] GC(939) Survivor regions: 44->42(77)
[6045.623s][info][gc,heap        ] GC(939) Old regions: 171->178
[6045.623s][info][gc,heap        ] GC(939) Humongous regions: 33->33
[6045.623s][info][gc,metaspace   ] GC(939) Metaspace: 30016K(30528K)->30016K(30528K) NonClass: 24603K(24896K)->24603K(24896K) Class: 5412K(5632K)->5412K(5632K)
[6045.623s][info][gc             ] GC(939) Pause Young (Normal) (G1 Evacuation Pause) 6513M->2003M(8192M) 150.303ms
[6045.623s][info][gc,cpu         ] GC(939) User=1.19s Sys=0.01s Real=0.16s
....[6049.124s][info][gc,start       ] GC(940) Pause Young (Normal) (G1 Evacuation Pause)
[6049.124s][info][gc,task        ] GC(940) Using 8 workers of 8 for evacuation
[6049.278s][info][gc,phases      ] GC(940)   Pre Evacuate Collection Set: 0.22ms
[6049.278s][info][gc,phases      ] GC(940)   Merge Heap Roots: 0.58ms
[6049.278s][info][gc,phases      ] GC(940)   Evacuate Collection Set: 151.99ms
[6049.278s][info][gc,phases      ] GC(940)   Post Evacuate Collection Set: 1.01ms
[6049.278s][info][gc,phases      ] GC(940)   Other: 0.07ms
[6049.278s][info][gc,heap        ] GC(940) Eden regions: 572->0(571)
[6049.278s][info][gc,heap        ] GC(940) Survivor regions: 42->43(77)
[6049.278s][info][gc,heap        ] GC(940) Old regions: 178->186
[6049.278s][info][gc,heap        ] GC(940) Humongous regions: 33->33
[6049.278s][info][gc,metaspace   ] GC(940) Metaspace: 30016K(30528K)->30016K(30528K) NonClass: 24603K(24896K)->24603K(24896K) Class: 5412K(5632K)->5412K(5632K)
[6049.278s][info][gc             ] GC(940) Pause Young (Normal) (G1 Evacuation Pause) 6579M->2074M(8192M) 154.006ms
[6049.278s][info][gc,cpu         ] GC(940) User=1.21s Sys=0.00s Real=0.15s
...[6052.773s][info][gc,start       ] GC(941) Pause Young (Normal) (G1 Evacuation Pause)
[6052.773s][info][gc,task        ] GC(941) Using 8 workers of 8 for evacuation
[6052.923s][info][gc,phases      ] GC(941)   Pre Evacuate Collection Set: 0.25ms
[6052.923s][info][gc,phases      ] GC(941)   Merge Heap Roots: 0.51ms
[6052.923s][info][gc,phases      ] GC(941)   Evacuate Collection Set: 148.48ms
[6052.923s][info][gc,phases      ] GC(941)   Post Evacuate Collection Set: 1.03ms
[6052.923s][info][gc,phases      ] GC(941)   Other: 0.06ms
[6052.923s][info][gc,heap        ] GC(941) Eden regions: 571->0(571)
[6052.923s][info][gc,heap        ] GC(941) Survivor regions: 43->43(77)
[6052.923s][info][gc,heap        ] GC(941) Old regions: 186->193
[6052.923s][info][gc,heap        ] GC(941) Humongous regions: 33->33
[6052.923s][info][gc,metaspace   ] GC(941) Metaspace: 30016K(30528K)->30016K(30528K) NonClass: 24603K(24896K)->24603K(24896K) Class: 5412K(5632K)->5412K(5632K)
[6052.923s][info][gc             ] GC(941) Pause Young (Normal) (G1 Evacuation Pause) 6642M->2127M(8192M) 150.456ms
[6052.923s][info][gc,cpu         ] GC(941) User=1.19s Sys=0.00s Real=0.15s
....[6056.381s][info][gc,start       ] GC(942) Pause Young (Normal) (G1 Evacuation Pause)
[6056.381s][info][gc,task        ] GC(942) Using 8 workers of 8 for evacuation
[6056.527s][info][gc,phases      ] GC(942)   Pre Evacuate Collection Set: 0.24ms
[6056.527s][info][gc,phases      ] GC(942)   Merge Heap Roots: 0.58ms
[6056.527s][info][gc,phases      ] GC(942)   Evacuate Collection Set: 144.06ms
[6056.527s][info][gc,phases      ] GC(942)   Post Evacuate Collection Set: 1.03ms
[6056.527s][info][gc,phases      ] GC(942)   Other: 0.07ms
[6056.527s][info][gc,heap        ] GC(942) Eden regions: 571->0(571)
[6056.527s][info][gc,heap        ] GC(942) Survivor regions: 43->43(77)
[6056.527s][info][gc,heap        ] GC(942) Old regions: 193->200
[6056.527s][info][gc,heap        ] GC(942) Humongous regions: 33->33
[6056.527s][info][gc,metaspace   ] GC(942) Metaspace: 30016K(30528K)->30016K(30528K) NonClass: 24603K(24896K)->24603K(24896K) Class: 5412K(5632K)->5412K(5632K)
[6056.527s][info][gc             ] GC(942) Pause Young (Normal) (G1 Evacuation Pause) 6695M->2183M(8192M) 146.106ms
[6056.527s][info][gc,cpu         ] GC(942) User=1.16s Sys=0.00s Real=0.15s
....[6060.044s][info][gc,start       ] GC(943) Pause Young (Normal) (G1 Evacuation Pause)
[6060.044s][info][gc,task        ] GC(943) Using 8 workers of 8 for evacuation
[6060.200s][info][gc,phases      ] GC(943)   Pre Evacuate Collection Set: 0.22ms
[6060.200s][info][gc,phases      ] GC(943)   Merge Heap Roots: 0.50ms
[6060.200s][info][gc,phases      ] GC(943)   Evacuate Collection Set: 154.58ms
[6060.200s][info][gc,phases      ] GC(943)   Post Evacuate Collection Set: 1.01ms
[6060.200s][info][gc,phases      ] GC(943)   Other: 0.06ms
[6060.200s][info][gc,heap        ] GC(943) Eden regions: 571->0(570)
[6060.200s][info][gc,heap        ] GC(943) Survivor regions: 43->44(77)
[6060.200s][info][gc,heap        ] GC(943) Old regions: 200->208
[6060.200s][info][gc,heap        ] GC(943) Humongous regions: 33->33
[6060.200s][info][gc,metaspace   ] GC(943) Metaspace: 30016K(30528K)->30016K(30528K) NonClass: 24603K(24896K)->24603K(24896K) Class: 5412K(5632K)->5412K(5632K)
[6060.200s][info][gc             ] GC(943) Pause Young (Normal) (G1 Evacuation Pause) 6751M->2248M(8192M) 156.494ms
[6060.200s][info][gc,cpu         ] GC(943) User=1.24s Sys=0.00s Real=0.15s
...[6063.592s][info][gc,start       ] GC(944) Pause Young (Normal) (G1 Evacuation Pause)
[6063.592s][info][gc,task        ] GC(944) Using 8 workers of 8 for evacuation
[6063.740s][info][gc,phases      ] GC(944)   Pre Evacuate Collection Set: 0.25ms
[6063.740s][info][gc,phases      ] GC(944)   Merge Heap Roots: 0.61ms
[6063.740s][info][gc,phases      ] GC(944)   Evacuate Collection Set: 146.11ms
[6063.740s][info][gc,phases      ] GC(944)   Post Evacuate Collection Set: 1.01ms
[6063.741s][info][gc,phases      ] GC(944)   Other: 0.08ms
[6063.741s][info][gc,heap        ] GC(944) Eden regions: 570->0(572)
[6063.741s][info][gc,heap        ] GC(944) Survivor regions: 44->42(77)
[6063.741s][info][gc,heap        ] GC(944) Old regions: 208->215
[6063.741s][info][gc,heap        ] GC(944) Humongous regions: 33->33
[6063.741s][info][gc,metaspace   ] GC(944) Metaspace: 30016K(30528K)->30016K(30528K) NonClass: 24603K(24896K)->24603K(24896K) Class: 5412K(5632K)->5412K(5632K)
[6063.741s][info][gc             ] GC(944) Pause Young (Normal) (G1 Evacuation Pause) 6808M->2295M(8192M) 148.191ms
[6063.741s][info][gc,cpu         ] GC(944) User=1.16s Sys=0.00s Real=0.15s
....[6067.283s][info][gc,start       ] GC(945) Pause Young (Normal) (G1 Evacuation Pause)
[6067.283s][info][gc,task        ] GC(945) Using 8 workers of 8 for evacuation
[6067.441s][info][gc,phases      ] GC(945)   Pre Evacuate Collection Set: 0.23ms
[6067.442s][info][gc,phases      ] GC(945)   Merge Heap Roots: 0.52ms
[6067.442s][info][gc,phases      ] GC(945)   Evacuate Collection Set: 156.20ms
[6067.442s][info][gc,phases      ] GC(945)   Post Evacuate Collection Set: 1.02ms
[6067.442s][info][gc,phases      ] GC(945)   Other: 0.06ms
[6067.442s][info][gc,heap        ] GC(945) Eden regions: 572->0(570)
[6067.442s][info][gc,heap        ] GC(945) Survivor regions: 42->44(77)
[6067.442s][info][gc,heap        ] GC(945) Old regions: 215->222
[6067.442s][info][gc,heap        ] GC(945) Humongous regions: 33->33
[6067.442s][info][gc,metaspace   ] GC(945) Metaspace: 30016K(30528K)->30016K(30528K) NonClass: 24603K(24896K)->24603K(24896K) Class: 5412K(5632K)->5412K(5632K)
[6067.442s][info][gc             ] GC(945) Pause Young (Normal) (G1 Evacuation Pause) 6871M->2367M(8192M) 158.160ms
[6067.442s][info][gc,cpu         ] GC(945) User=1.26s Sys=0.00s Real=0.15s
...[6070.947s][info][gc,start       ] GC(946) Pause Young (Normal) (G1 Evacuation Pause)
[6070.947s][info][gc,task        ] GC(946) Using 8 workers of 8 for evacuation
[6071.104s][info][gc,phases      ] GC(946)   Pre Evacuate Collection Set: 0.23ms
[6071.104s][info][gc,phases      ] GC(946)   Merge Heap Roots: 0.59ms
[6071.104s][info][gc,phases      ] GC(946)   Evacuate Collection Set: 155.34ms
[6071.104s][info][gc,phases      ] GC(946)   Post Evacuate Collection Set: 1.02ms
[6071.104s][info][gc,phases      ] GC(946)   Other: 0.07ms
[6071.104s][info][gc,heap        ] GC(946) Eden regions: 570->0(570)
[6071.104s][info][gc,heap        ] GC(946) Survivor regions: 44->44(77)
[6071.104s][info][gc,heap        ] GC(946) Old regions: 222->229
[6071.104s][info][gc,heap        ] GC(946) Humongous regions: 33->33
[6071.104s][info][gc,metaspace   ] GC(946) Metaspace: 30016K(30528K)->30016K(30528K) NonClass: 24603K(24896K)->24603K(24896K) Class: 5412K(5632K)->5412K(5632K)
[6071.104s][info][gc             ] GC(946) Pause Young (Normal) (G1 Evacuation Pause) 6927M->2424M(8192M) 157.384ms
[6071.104s][info][gc,cpu         ] GC(946) User=1.25s Sys=0.00s Real=0.16s
... (rIR:aIR:PR = 10516:10532:10532) (tPR = 157499) [OK] 
  6073s: Performance info:
         Transaction,    Success,    Partial,     Failed,   Receipts, AvgBarcode, 
             Overall,     634844,          0,          0,     602981,      59.48, 
         Response times:
             Request,    Success,    Partial,     Failed,   SkipFail,     Probes,    Samples,      min,      p50,      p90,      p95,      p99,      max, 
       TotalPurchase,     603081,          0,          0,          0,     355941,     473606,      300,     7900,    59000,   121000,   247000,  2700000,
     InStorePurchase,     316158,          0,          0,          0,     187504,     249410,      300,     7900,    59000,   125000,   246000,  2700000,
      OnlinePurchase,     223789,          0,          0,          0,     130612,     173533,      300,     7800,    58000,   116000,   246000,  2700000,
        InstPurchase,      63134,          0,          0,          0,      37825,      50663,      400,     7900,    58000,   120000,   251000,  2500000,
          AssocOfCat,        634,          0,          0,          0,        533,        822,    30000,    57000,   121700,   192850,   300010,   432000,
      AssocOfProduct,       6308,          0,          0,          0,       3629,       4978,      800,     8600,    54000,   123000,   232000,   870000,
      BusinessReport,       1589,          0,          0,          0,       1370,       1947,    31000,    62000,   131000,   209000,   366040,   434000,
          CustBuyBeh,       6368,          0,          0,          0,       3591,       4998,      200,     7850,    61000,   131000,   248000,   870000,
       ProductReturn,      16896,          0,          0,          0,      10213,      13960,      200,     7800,    57000,   118000,   245000,   533000,

  6073s: (77%)   IR =  10654 .[6074.650s][info][gc,start       ] GC(947) Pause Young (Normal) (G1 Evacuation Pause)
[6074.650s][info][gc,task        ] GC(947) Using 8 workers of 8 for evacuation
[6074.805s][info][gc,phases      ] GC(947)   Pre Evacuate Collection Set: 0.23ms
[6074.805s][info][gc,phases      ] GC(947)   Merge Heap Roots: 0.57ms
[6074.805s][info][gc,phases      ] GC(947)   Evacuate Collection Set: 153.09ms
[6074.805s][info][gc,phases      ] GC(947)   Post Evacuate Collection Set: 1.00ms
[6074.805s][info][gc,phases      ] GC(947)   Other: 0.06ms
[6074.805s][info][gc,heap        ] GC(947) Eden regions: 570->0(571)
[6074.805s][info][gc,heap        ] GC(947) Survivor regions: 44->43(77)
[6074.805s][info][gc,heap        ] GC(947) Old regions: 229->236
[6074.805s][info][gc,heap        ] GC(947) Humongous regions: 33->33
[6074.805s][info][gc,metaspace   ] GC(947) Metaspace: 30016K(30528K)->30016K(30528K) NonClass: 24603K(24896K)->24603K(24896K) Class: 5412K(5632K)->5412K(5632K)
[6074.805s][info][gc             ] GC(947) Pause Young (Normal) (G1 Evacuation Pause) 6984M->2473M(8192M) 155.079ms
[6074.805s][info][gc,cpu         ] GC(947) User=1.23s Sys=0.00s Real=0.16s
....[6078.279s][info][gc,start       ] GC(948) Pause Young (Normal) (G1 Evacuation Pause)
[6078.279s][info][gc,task        ] GC(948) Using 8 workers of 8 for evacuation
[6078.428s][info][gc,phases      ] GC(948)   Pre Evacuate Collection Set: 0.23ms
[6078.428s][info][gc,phases      ] GC(948)   Merge Heap Roots: 0.50ms
[6078.428s][info][gc,phases      ] GC(948)   Evacuate Collection Set: 147.23ms
[6078.428s][info][gc,phases      ] GC(948)   Post Evacuate Collection Set: 1.03ms
[6078.428s][info][gc,phases      ] GC(948)   Other: 0.06ms
[6078.428s][info][gc,heap        ] GC(948) Eden regions: 571->0(571)
[6078.428s][info][gc,heap        ] GC(948) Survivor regions: 43->43(77)
[6078.428s][info][gc,heap        ] GC(948) Old regions: 236->243
[6078.428s][info][gc,heap        ] GC(948) Humongous regions: 33->33
[6078.428s][info][gc,metaspace   ] GC(948) Metaspace: 30016K(30528K)->30016K(30528K) NonClass: 24603K(24896K)->24603K(24896K) Class: 5412K(5632K)->5412K(5632K)
[6078.428s][info][gc             ] GC(948) Pause Young (Normal) (G1 Evacuation Pause) 7041M->2529M(8192M) 149.184ms
[6078.428s][info][gc,cpu         ] GC(948) User=1.18s Sys=0.01s Real=0.15s
...[6081.811s][info][gc,start       ] GC(949) Pause Young (Normal) (G1 Evacuation Pause)
[6081.811s][info][gc,task        ] GC(949) Using 8 workers of 8 for evacuation
[6081.966s][info][gc,phases      ] GC(949)   Pre Evacuate Collection Set: 0.22ms
[6081.966s][info][gc,phases      ] GC(949)   Merge Heap Roots: 0.52ms
[6081.966s][info][gc,phases      ] GC(949)   Evacuate Collection Set: 152.99ms
[6081.966s][info][gc,phases      ] GC(949)   Post Evacuate Collection Set: 1.03ms
[6081.966s][info][gc,phases      ] GC(949)   Other: 0.07ms
[6081.966s][info][gc,heap        ] GC(949) Eden regions: 571->0(571)
[6081.966s][info][gc,heap        ] GC(949) Survivor regions: 43->43(77)
[6081.966s][info][gc,heap        ] GC(949) Old regions: 243->250
[6081.966s][info][gc,heap        ] GC(949) Humongous regions: 33->33
[6081.966s][info][gc,metaspace   ] GC(949) Metaspace: 30016K(30528K)->30016K(30528K) NonClass: 24603K(24896K)->24603K(24896K) Class: 5412K(5632K)->5412K(5632K)
[6081.966s][info][gc             ] GC(949) Pause Young (Normal) (G1 Evacuation Pause) 7097M->2587M(8192M) 154.954ms
[6081.966s][info][gc,cpu         ] GC(949) User=1.23s Sys=0.00s Real=0.16s
....[6085.398s][info][gc,start       ] GC(950) Pause Young (Normal) (G1 Evacuation Pause)
[6085.398s][info][gc,task        ] GC(950) Using 8 workers of 8 for evacuation
[6085.547s][info][gc,phases      ] GC(950)   Pre Evacuate Collection Set: 0.21ms
[6085.547s][info][gc,phases      ] GC(950)   Merge Heap Roots: 0.54ms
[6085.547s][info][gc,phases      ] GC(950)   Evacuate Collection Set: 146.92ms
[6085.547s][info][gc,phases      ] GC(950)   Post Evacuate Collection Set: 1.01ms
[6085.547s][info][gc,phases      ] GC(950)   Other: 0.06ms
[6085.547s][info][gc,heap        ] GC(950) Eden regions: 571->0(571)
[6085.547s][info][gc,heap        ] GC(950) Survivor regions: 43->43(77)
[6085.547s][info][gc,heap        ] GC(950) Old regions: 250->258
[6085.547s][info][gc,heap        ] GC(950) Humongous regions: 33->33
[6085.547s][info][gc,metaspace   ] GC(950) Metaspace: 30016K(30528K)->30016K(30528K) NonClass: 24603K(24896K)->24603K(24896K) Class: 5412K(5632K)->5412K(5632K)
[6085.547s][info][gc             ] GC(950) Pause Young (Normal) (G1 Evacuation Pause) 7155M->2643M(8192M) 148.875ms
[6085.547s][info][gc,cpu         ] GC(950) User=1.17s Sys=0.01s Real=0.15s
...[6088.879s][info][gc,start       ] GC(951) Pause Young (Normal) (G1 Evacuation Pause)
[6088.879s][info][gc,task        ] GC(951) Using 8 workers of 8 for evacuation
[6089.030s][info][gc,phases      ] GC(951)   Pre Evacuate Collection Set: 0.22ms
[6089.030s][info][gc,phases      ] GC(951)   Merge Heap Roots: 0.52ms
[6089.030s][info][gc,phases      ] GC(951)   Evacuate Collection Set: 149.09ms
[6089.030s][info][gc,phases      ] GC(951)   Post Evacuate Collection Set: 1.01ms
[6089.030s][info][gc,phases      ] GC(951)   Other: 0.06ms
[6089.030s][info][gc,heap        ] GC(951) Eden regions: 571->0(571)
[6089.030s][info][gc,heap        ] GC(951) Survivor regions: 43->43(77)
[6089.030s][info][gc,heap        ] GC(951) Old regions: 258->265
[6089.030s][info][gc,heap        ] GC(951) Humongous regions: 33->33
[6089.030s][info][gc,metaspace   ] GC(951) Metaspace: 30016K(30528K)->30016K(30528K) NonClass: 24603K(24896K)->24603K(24896K) Class: 5412K(5632K)->5412K(5632K)
[6089.030s][info][gc             ] GC(951) Pause Young (Normal) (G1 Evacuation Pause) 7211M->2707M(8192M) 151.034ms
[6089.030s][info][gc,cpu         ] GC(951) User=1.20s Sys=0.00s Real=0.15s
....[6092.422s][info][gc,start       ] GC(952) Pause Young (Normal) (G1 Evacuation Pause)
[6092.422s][info][gc,task        ] GC(952) Using 8 workers of 8 for evacuation
[6092.573s][info][gc,phases      ] GC(952)   Pre Evacuate Collection Set: 0.23ms
[6092.573s][info][gc,phases      ] GC(952)   Merge Heap Roots: 0.50ms
[6092.573s][info][gc,phases      ] GC(952)   Evacuate Collection Set: 149.18ms
[6092.573s][info][gc,phases      ] GC(952)   Post Evacuate Collection Set: 0.99ms
[6092.573s][info][gc,phases      ] GC(952)   Other: 0.06ms
[6092.573s][info][gc,heap        ] GC(952) Eden regions: 571->0(572)
[6092.573s][info][gc,heap        ] GC(952) Survivor regions: 43->42(77)
[6092.573s][info][gc,heap        ] GC(952) Old regions: 265->272
[6092.573s][info][gc,heap        ] GC(952) Humongous regions: 33->33
[6092.573s][info][gc,metaspace   ] GC(952) Metaspace: 30016K(30528K)->30016K(30528K) NonClass: 24603K(24896K)->24603K(24896K) Class: 5412K(5632K)->5412K(5632K)
[6092.573s][info][gc             ] GC(952) Pause Young (Normal) (G1 Evacuation Pause) 7275M->2755M(8192M) 151.087ms
[6092.573s][info][gc,cpu         ] GC(952) User=1.20s Sys=0.00s Real=0.16s
...|[6096.040s][info][gc,start       ] GC(953) Pause Young (Normal) (G1 Evacuation Pause)
[6096.040s][info][gc,task        ] GC(953) Using 8 workers of 8 for evacuation
[6096.194s][info][gc,phases      ] GC(953)   Pre Evacuate Collection Set: 0.22ms
[6096.194s][info][gc,phases      ] GC(953)   Merge Heap Roots: 0.51ms
[6096.194s][info][gc,phases      ] GC(953)   Evacuate Collection Set: 152.85ms
[6096.194s][info][gc,phases      ] GC(953)   Post Evacuate Collection Set: 1.03ms
[6096.194s][info][gc,phases      ] GC(953)   Other: 0.06ms
[6096.194s][info][gc,heap        ] GC(953) Eden regions: 572->0(571)
[6096.194s][info][gc,heap        ] GC(953) Survivor regions: 42->43(77)
[6096.194s][info][gc,heap        ] GC(953) Old regions: 272->279
[6096.194s][info][gc,heap        ] GC(953) Humongous regions: 33->33
[6096.194s][info][gc,metaspace   ] GC(953) Metaspace: 30016K(30528K)->30016K(30528K) NonClass: 24603K(24896K)->24603K(24896K) Class: 5412K(5632K)->5412K(5632K)
[6096.195s][info][gc             ] GC(953) Pause Young (Normal) (G1 Evacuation Pause) 7331M->2817M(8192M) 154.791ms
[6096.195s][info][gc,cpu         ] GC(953) User=1.23s Sys=0.00s Real=0.16s
....[6099.560s][info][gc,start       ] GC(954) Pause Young (Normal) (G1 Evacuation Pause)
[6099.560s][info][gc,task        ] GC(954) Using 8 workers of 8 for evacuation
[6099.717s][info][gc,phases      ] GC(954)   Pre Evacuate Collection Set: 0.21ms
[6099.717s][info][gc,phases      ] GC(954)   Merge Heap Roots: 0.51ms
[6099.717s][info][gc,phases      ] GC(954)   Evacuate Collection Set: 155.42ms
[6099.717s][info][gc,phases      ] GC(954)   Post Evacuate Collection Set: 0.99ms
[6099.717s][info][gc,phases      ] GC(954)   Other: 0.06ms
[6099.717s][info][gc,heap        ] GC(954) Eden regions: 571->0(563)
[6099.717s][info][gc,heap        ] GC(954) Survivor regions: 43->45(77)
[6099.718s][info][gc,heap        ] GC(954) Old regions: 279->286
[6099.718s][info][gc,heap        ] GC(954) Humongous regions: 33->33
[6099.718s][info][gc,metaspace   ] GC(954) Metaspace: 30016K(30528K)->30016K(30528K) NonClass: 24603K(24896K)->24603K(24896K) Class: 5412K(5632K)->5412K(5632K)
[6099.718s][info][gc             ] GC(954) Pause Young (Normal) (G1 Evacuation Pause) 7385M->2887M(8192M) 157.331ms
[6099.718s][info][gc,cpu         ] GC(954) User=1.25s Sys=0.00s Real=0.16s
...[6103.066s][info][gc,start       ] GC(955) Pause Young (Normal) (G1 Evacuation Pause)
[6103.066s][info][gc,task        ] GC(955) Using 8 workers of 8 for evacuation
[6103.219s][info][gc,phases      ] GC(955)   Pre Evacuate Collection Set: 0.25ms
[6103.219s][info][gc,phases      ] GC(955)   Merge Heap Roots: 0.51ms
[6103.219s][info][gc,phases      ] GC(955)   Evacuate Collection Set: 151.21ms
[6103.219s][info][gc,phases      ] GC(955)   Post Evacuate Collection Set: 1.00ms
[6103.219s][info][gc,phases      ] GC(955)   Other: 0.06ms
[6103.219s][info][gc,heap        ] GC(955) Eden regions: 563->0(560)
[6103.219s][info][gc,heap        ] GC(955) Survivor regions: 45->43(76)
[6103.219s][info][gc,heap        ] GC(955) Old regions: 286->293
[6103.219s][info][gc,heap        ] GC(955) Humongous regions: 33->33
[6103.219s][info][gc,metaspace   ] GC(955) Metaspace: 30016K(30528K)->30016K(30528K) NonClass: 24603K(24896K)->24603K(24896K) Class: 5412K(5632K)->5412K(5632K)
[6103.219s][info][gc             ] GC(955) Pause Young (Normal) (G1 Evacuation Pause) 7391M->2927M(8192M) 153.191ms
[6103.219s][info][gc,cpu         ] GC(955) User=1.21s Sys=0.00s Real=0.15s
....[6106.584s][info][gc,start       ] GC(956) Pause Young (Normal) (G1 Evacuation Pause)
[6106.584s][info][gc,task        ] GC(956) Using 8 workers of 8 for evacuation
[6106.736s][info][gc,phases      ] GC(956)   Pre Evacuate Collection Set: 0.23ms
[6106.736s][info][gc,phases      ] GC(956)   Merge Heap Roots: 0.52ms
[6106.736s][info][gc,phases      ] GC(956)   Evacuate Collection Set: 149.70ms
[6106.736s][info][gc,phases      ] GC(956)   Post Evacuate Collection Set: 1.02ms
[6106.736s][info][gc,phases      ] GC(956)   Other: 0.06ms
[6106.736s][info][gc,heap        ] GC(956) Eden regions: 560->0(552)
[6106.736s][info][gc,heap        ] GC(956) Survivor regions: 43->43(76)
[6106.736s][info][gc,heap        ] GC(956) Old regions: 293->301
[6106.736s][info][gc,heap        ] GC(956) Humongous regions: 33->33
[6106.736s][info][gc,metaspace   ] GC(956) Metaspace: 30016K(30528K)->30016K(30528K) NonClass: 24603K(24896K)->24603K(24896K) Class: 5412K(5632K)->5412K(5632K)
[6106.736s][info][gc             ] GC(956) Pause Young (Normal) (G1 Evacuation Pause) 7407M->2989M(8192M) 151.657ms
[6106.736s][info][gc,cpu         ] GC(956) User=1.20s Sys=0.00s Real=0.15s
...[6110.051s][info][gc,start       ] GC(957) Pause Young (Normal) (G1 Evacuation Pause)
[6110.051s][info][gc,task        ] GC(957) Using 8 workers of 8 for evacuation
[6110.200s][info][gc,phases      ] GC(957)   Pre Evacuate Collection Set: 0.25ms
[6110.200s][info][gc,phases      ] GC(957)   Merge Heap Roots: 0.50ms
[6110.200s][info][gc,phases      ] GC(957)   Evacuate Collection Set: 147.51ms
[6110.200s][info][gc,phases      ] GC(957)   Post Evacuate Collection Set: 1.01ms
[6110.200s][info][gc,phases      ] GC(957)   Other: 0.07ms
[6110.200s][info][gc,heap        ] GC(957) Eden regions: 552->0(544)
[6110.200s][info][gc,heap        ] GC(957) Survivor regions: 43->43(75)
[6110.200s][info][gc,heap        ] GC(957) Old regions: 301->309
[6110.200s][info][gc,heap        ] GC(957) Humongous regions: 33->33
[6110.200s][info][gc,metaspace   ] GC(957) Metaspace: 30016K(30528K)->30016K(30528K) NonClass: 24603K(24896K)->24603K(24896K) Class: 5412K(5632K)->5412K(5632K)
[6110.200s][info][gc             ] GC(957) Pause Young (Normal) (G1 Evacuation Pause) 7405M->3050M(8192M) 149.462ms
[6110.200s][info][gc,cpu         ] GC(957) User=1.19s Sys=0.00s Real=0.15s
....[6113.482s][info][gc,start       ] GC(958) Pause Young (Concurrent Start) (G1 Evacuation Pause)
[6113.482s][info][gc,task        ] GC(958) Using 8 workers of 8 for evacuation
[6113.632s][info][gc,phases      ] GC(958)   Pre Evacuate Collection Set: 0.27ms
[6113.632s][info][gc,phases      ] GC(958)   Merge Heap Roots: 0.51ms
[6113.632s][info][gc,phases      ] GC(958)   Evacuate Collection Set: 148.29ms
[6113.632s][info][gc,phases      ] GC(958)   Post Evacuate Collection Set: 1.00ms
[6113.632s][info][gc,phases      ] GC(958)   Other: 0.07ms
[6113.632s][info][gc,heap        ] GC(958) Eden regions: 544->0(537)
[6113.632s][info][gc,heap        ] GC(958) Survivor regions: 43->43(74)
[6113.632s][info][gc,heap        ] GC(958) Old regions: 309->316
[6113.632s][info][gc,heap        ] GC(958) Humongous regions: 33->33
[6113.632s][info][gc,metaspace   ] GC(958) Metaspace: 30016K(30528K)->30016K(30528K) NonClass: 24603K(24896K)->24603K(24896K) Class: 5412K(5632K)->5412K(5632K)
[6113.632s][info][gc             ] GC(958) Pause Young (Concurrent Start) (G1 Evacuation Pause) 7402M->3111M(8192M) 150.282ms
[6113.632s][info][gc             ] GC(959) Concurrent Mark Cycle
[6113.632s][info][gc,marking     ] GC(959) Concurrent Scan Root Regions
[6113.632s][info][gc,cpu         ] GC(958) User=1.19s Sys=0.00s Real=0.15s
[6114.003s][info][gc,marking     ] GC(959) Concurrent Scan Root Regions 371.383ms
[6114.003s][info][gc,marking     ] GC(959) Concurrent Mark
[6114.003s][info][gc,marking     ] GC(959) Concurrent Mark From Roots
[6114.003s][info][gc,task        ] GC(959) Using 2 workers of 2 for marking
..[6115.502s][info][gc,marking     ] GC(959) Concurrent Mark From Roots 1498.944ms
[6115.502s][info][gc,marking     ] GC(959) Concurrent Preclean
[6115.502s][info][gc,marking     ] GC(959) Concurrent Preclean 0.101ms
[6115.503s][info][gc,start       ] GC(959) Pause Remark
[6115.506s][info][gc             ] GC(959) Pause Remark 5272M->4696M(8192M) 2.978ms
[6115.506s][info][gc,cpu         ] GC(959) User=0.02s Sys=0.00s Real=0.01s
[6115.506s][info][gc,marking     ] GC(959) Concurrent Mark 1502.524ms
[6115.506s][info][gc,marking     ] GC(959) Concurrent Rebuild Remembered Sets and Scrub Regions
.[6116.320s][info][gc,marking     ] GC(959) Concurrent Rebuild Remembered Sets and Scrub Regions 814.119ms
[6116.320s][info][gc,start       ] GC(959) Pause Cleanup
[6116.320s][info][gc             ] GC(959) Pause Cleanup 5815M->5815M(8192M) 0.277ms
[6116.321s][info][gc,cpu         ] GC(959) User=0.00s Sys=0.00s Real=0.00s
[6116.321s][info][gc,marking     ] GC(959) Concurrent Clear Claimed Marks
[6116.321s][info][gc,marking     ] GC(959) Concurrent Clear Claimed Marks 0.043ms
[6116.321s][info][gc,marking     ] GC(959) Concurrent Cleanup for Next Mark
[6116.331s][info][gc,marking     ] GC(959) Concurrent Cleanup for Next Mark 10.629ms
[6116.331s][info][gc             ] GC(959) Concurrent Mark Cycle 2699.375ms
[6116.931s][info][gc,start       ] GC(960) Pause Young (Prepare Mixed) (G1 Evacuation Pause)
[6116.931s][info][gc,task        ] GC(960) Using 8 workers of 8 for evacuation
[6117.080s][info][gc,phases      ] GC(960)   Pre Evacuate Collection Set: 0.23ms
[6117.080s][info][gc,phases      ] GC(960)   Merge Heap Roots: 0.74ms
[6117.080s][info][gc,phases      ] GC(960)   Evacuate Collection Set: 146.82ms
[6117.080s][info][gc,phases      ] GC(960)   Post Evacuate Collection Set: 1.09ms
[6117.080s][info][gc,phases      ] GC(960)   Other: 0.06ms
[6117.080s][info][gc,heap        ] GC(960) Eden regions: 537->0(572)
[6117.080s][info][gc,heap        ] GC(960) Survivor regions: 43->42(73)
[6117.080s][info][gc,heap        ] GC(960) Old regions: 244->252
[6117.080s][info][gc,heap        ] GC(960) Humongous regions: 33->33
[6117.080s][info][gc,metaspace   ] GC(960) Metaspace: 30016K(30528K)->30016K(30528K) NonClass: 24603K(24896K)->24603K(24896K) Class: 5412K(5632K)->5412K(5632K)
[6117.080s][info][gc             ] GC(960) Pause Young (Prepare Mixed) (G1 Evacuation Pause) 6831M->2591M(8192M) 149.057ms
[6117.080s][info][gc,cpu         ] GC(960) User=1.18s Sys=0.00s Real=0.15s
....[6120.352s][info][gc,start       ] GC(961) Pause Young (Mixed) (G1 Evacuation Pause)
[6120.352s][info][gc,task        ] GC(961) Using 8 workers of 8 for evacuation
[6120.509s][info][gc,phases      ] GC(961)   Pre Evacuate Collection Set: 0.25ms
[6120.509s][info][gc,phases      ] GC(961)   Merge Heap Roots: 0.86ms
[6120.509s][info][gc,phases      ] GC(961)   Evacuate Collection Set: 155.32ms
[6120.509s][info][gc,phases      ] GC(961)   Post Evacuate Collection Set: 1.18ms
[6120.509s][info][gc,phases      ] GC(961)   Other: 0.07ms
[6120.509s][info][gc,heap        ] GC(961) Eden regions: 572->0(571)
[6120.509s][info][gc,heap        ] GC(961) Survivor regions: 42->43(77)
[6120.509s][info][gc,heap        ] GC(961) Old regions: 252->157
[6120.509s][info][gc,heap        ] GC(961) Humongous regions: 33->33
[6120.509s][info][gc,metaspace   ] GC(961) Metaspace: 30016K(30528K)->30016K(30528K) NonClass: 24603K(24896K)->24603K(24896K) Class: 5412K(5632K)->5412K(5632K)
[6120.509s][info][gc             ] GC(961) Pause Young (Mixed) (G1 Evacuation Pause) 7167M->1836M(8192M) 157.825ms
[6120.509s][info][gc,cpu         ] GC(961) User=1.25s Sys=0.00s Real=0.16s
...[6123.975s][info][gc,start       ] GC(962) Pause Young (Mixed) (G1 Evacuation Pause)
[6123.975s][info][gc,task        ] GC(962) Using 8 workers of 8 for evacuation
[6124.140s][info][gc,phases      ] GC(962)   Pre Evacuate Collection Set: 0.27ms
[6124.140s][info][gc,phases      ] GC(962)   Merge Heap Roots: 0.75ms
[6124.140s][info][gc,phases      ] GC(962)   Evacuate Collection Set: 162.47ms
[6124.140s][info][gc,phases      ] GC(962)   Post Evacuate Collection Set: 1.06ms
[6124.140s][info][gc,phases      ] GC(962)   Other: 0.08ms
[6124.140s][info][gc,heap        ] GC(962) Eden regions: 571->0(570)
[6124.140s][info][gc,heap        ] GC(962) Survivor regions: 43->44(77)
[6124.140s][info][gc,heap        ] GC(962) Old regions: 157->143
[6124.140s][info][gc,heap        ] GC(962) Humongous regions: 33->33
[6124.140s][info][gc,metaspace   ] GC(962) Metaspace: 30016K(30528K)->30016K(30528K) NonClass: 24603K(24896K)->24603K(24896K) Class: 5412K(5632K)->5412K(5632K)
[6124.140s][info][gc             ] GC(962) Pause Young (Mixed) (G1 Evacuation Pause) 6404M->1738M(8192M) 164.762ms
[6124.140s][info][gc,cpu         ] GC(962) User=1.30s Sys=0.00s Real=0.16s
....[6127.673s][info][gc,start       ] GC(963) Pause Young (Normal) (G1 Evacuation Pause)
[6127.674s][info][gc,task        ] GC(963) Using 8 workers of 8 for evacuation
[6127.822s][info][gc,phases      ] GC(963)   Pre Evacuate Collection Set: 0.24ms
[6127.823s][info][gc,phases      ] GC(963)   Merge Heap Roots: 0.56ms
[6127.823s][info][gc,phases      ] GC(963)   Evacuate Collection Set: 147.05ms
[6127.823s][info][gc,phases      ] GC(963)   Post Evacuate Collection Set: 1.01ms
[6127.823s][info][gc,phases      ] GC(963)   Other: 0.07ms
[6127.823s][info][gc,heap        ] GC(963) Eden regions: 570->0(571)
[6127.823s][info][gc,heap        ] GC(963) Survivor regions: 44->43(77)
[6127.823s][info][gc,heap        ] GC(963) Old regions: 143->151
[6127.823s][info][gc,heap        ] GC(963) Humongous regions: 33->33
[6127.823s][info][gc,metaspace   ] GC(963) Metaspace: 30016K(30528K)->30016K(30528K) NonClass: 24603K(24896K)->24603K(24896K) Class: 5412K(5632K)->5412K(5632K)
[6127.823s][info][gc             ] GC(963) Pause Young (Normal) (G1 Evacuation Pause) 6298M->1788M(8192M) 149.062ms
[6127.823s][info][gc,cpu         ] GC(963) User=1.19s Sys=0.00s Real=0.14s
...[6131.106s][info][gc,start       ] GC(964) Pause Young (Normal) (G1 Evacuation Pause)
[6131.106s][info][gc,task        ] GC(964) Using 8 workers of 8 for evacuation
[6131.264s][info][gc,phases      ] GC(964)   Pre Evacuate Collection Set: 0.22ms
[6131.264s][info][gc,phases      ] GC(964)   Merge Heap Roots: 0.49ms
[6131.264s][info][gc,phases      ] GC(964)   Evacuate Collection Set: 155.52ms
[6131.264s][info][gc,phases      ] GC(964)   Post Evacuate Collection Set: 1.02ms
[6131.264s][info][gc,phases      ] GC(964)   Other: 0.06ms
[6131.264s][info][gc,heap        ] GC(964) Eden regions: 571->0(569)
[6131.264s][info][gc,heap        ] GC(964) Survivor regions: 43->45(77)
[6131.264s][info][gc,heap        ] GC(964) Old regions: 151->158
[6131.264s][info][gc,heap        ] GC(964) Humongous regions: 33->33
[6131.264s][info][gc,metaspace   ] GC(964) Metaspace: 30016K(30528K)->30016K(30528K) NonClass: 24603K(24896K)->24603K(24896K) Class: 5412K(5632K)->5412K(5632K)
[6131.264s][info][gc             ] GC(964) Pause Young (Normal) (G1 Evacuation Pause) 6356M->1863M(8192M) 157.431ms
[6131.264s][info][gc,cpu         ] GC(964) User=1.25s Sys=0.01s Real=0.16s
....[6134.748s][info][gc,start       ] GC(965) Pause Young (Normal) (G1 Evacuation Pause)
[6134.748s][info][gc,task        ] GC(965) Using 8 workers of 8 for evacuation
[6134.900s][info][gc,phases      ] GC(965)   Pre Evacuate Collection Set: 0.23ms
[6134.900s][info][gc,phases      ] GC(965)   Merge Heap Roots: 0.58ms
[6134.900s][info][gc,phases      ] GC(965)   Evacuate Collection Set: 150.16ms
[6134.900s][info][gc,phases      ] GC(965)   Post Evacuate Collection Set: 1.00ms
[6134.900s][info][gc,phases      ] GC(965)   Other: 0.06ms
[6134.900s][info][gc,heap        ] GC(965) Eden regions: 569->0(571)
[6134.900s][info][gc,heap        ] GC(965) Survivor regions: 45->43(77)
[6134.900s][info][gc,heap        ] GC(965) Old regions: 158->165
[6134.900s][info][gc,heap        ] GC(965) Humongous regions: 33->33
[6134.900s][info][gc,metaspace   ] GC(965) Metaspace: 30016K(30528K)->30016K(30528K) NonClass: 24603K(24896K)->24603K(24896K) Class: 5412K(5632K)->5412K(5632K)
[6134.900s][info][gc             ] GC(965) Pause Young (Normal) (G1 Evacuation Pause) 6415M->1904M(8192M) 152.162ms
[6134.900s][info][gc,cpu         ] GC(965) User=1.20s Sys=0.00s Real=0.15s
....[6138.355s][info][gc,start       ] GC(966) Pause Young (Normal) (G1 Evacuation Pause)
[6138.355s][info][gc,task        ] GC(966) Using 8 workers of 8 for evacuation
[6138.506s][info][gc,phases      ] GC(966)   Pre Evacuate Collection Set: 0.21ms
[6138.506s][info][gc,phases      ] GC(966)   Merge Heap Roots: 0.50ms
[6138.506s][info][gc,phases      ] GC(966)   Evacuate Collection Set: 149.80ms
[6138.506s][info][gc,phases      ] GC(966)   Post Evacuate Collection Set: 0.99ms
[6138.506s][info][gc,phases      ] GC(966)   Other: 0.06ms
[6138.506s][info][gc,heap        ] GC(966) Eden regions: 571->0(571)
[6138.506s][info][gc,heap        ] GC(966) Survivor regions: 43->43(77)
[6138.506s][info][gc,heap        ] GC(966) Old regions: 165->172
[6138.506s][info][gc,heap        ] GC(966) Humongous regions: 33->33
[6138.506s][info][gc,metaspace   ] GC(966) Metaspace: 30016K(30528K)->30016K(30528K) NonClass: 24603K(24896K)->24603K(24896K) Class: 5412K(5632K)->5412K(5632K)
[6138.506s][info][gc             ] GC(966) Pause Young (Normal) (G1 Evacuation Pause) 6472M->1963M(8192M) 151.720ms
[6138.506s][info][gc,cpu         ] GC(966) User=1.20s Sys=0.00s Real=0.15s
...[6141.925s][info][gc,start       ] GC(967) Pause Young (Normal) (G1 Evacuation Pause)
[6141.925s][info][gc,task        ] GC(967) Using 8 workers of 8 for evacuation
[6142.074s][info][gc,phases      ] GC(967)   Pre Evacuate Collection Set: 0.23ms
[6142.074s][info][gc,phases      ] GC(967)   Merge Heap Roots: 0.50ms
[6142.074s][info][gc,phases      ] GC(967)   Evacuate Collection Set: 147.73ms
[6142.074s][info][gc,phases      ] GC(967)   Post Evacuate Collection Set: 1.03ms
[6142.074s][info][gc,phases      ] GC(967)   Other: 0.06ms
[6142.074s][info][gc,heap        ] GC(967) Eden regions: 571->0(571)
[6142.074s][info][gc,heap        ] GC(967) Survivor regions: 43->43(77)
[6142.074s][info][gc,heap        ] GC(967) Old regions: 172->179
[6142.074s][info][gc,heap        ] GC(967) Humongous regions: 33->33
[6142.074s][info][gc,metaspace   ] GC(967) Metaspace: 30016K(30528K)->30016K(30528K) NonClass: 24603K(24896K)->24603K(24896K) Class: 5412K(5632K)->5412K(5632K)
[6142.074s][info][gc             ] GC(967) Pause Young (Normal) (G1 Evacuation Pause) 6531M->2013M(8192M) 149.668ms
[6142.074s][info][gc,cpu         ] GC(967) User=1.19s Sys=0.00s Real=0.15s
....[6145.551s][info][gc,start       ] GC(968) Pause Young (Normal) (G1 Evacuation Pause)
[6145.551s][info][gc,task        ] GC(968) Using 8 workers of 8 for evacuation
[6145.700s][info][gc,phases      ] GC(968)   Pre Evacuate Collection Set: 0.25ms
[6145.700s][info][gc,phases      ] GC(968)   Merge Heap Roots: 0.50ms
[6145.700s][info][gc,phases      ] GC(968)   Evacuate Collection Set: 147.74ms
[6145.700s][info][gc,phases      ] GC(968)   Post Evacuate Collection Set: 1.03ms
[6145.700s][info][gc,phases      ] GC(968)   Other: 0.06ms
[6145.701s][info][gc,heap        ] GC(968) Eden regions: 571->0(571)
[6145.701s][info][gc,heap        ] GC(968) Survivor regions: 43->43(77)
[6145.701s][info][gc,heap        ] GC(968) Old regions: 179->186
[6145.701s][info][gc,heap        ] GC(968) Humongous regions: 33->33
[6145.701s][info][gc,metaspace   ] GC(968) Metaspace: 30016K(30528K)->30016K(30528K) NonClass: 24603K(24896K)->24603K(24896K) Class: 5412K(5632K)->5412K(5632K)
[6145.701s][info][gc             ] GC(968) Pause Young (Normal) (G1 Evacuation Pause) 6581M->2071M(8192M) 149.715ms
[6145.701s][info][gc,cpu         ] GC(968) User=1.19s Sys=0.00s Real=0.15s
...[6149.178s][info][gc,start       ] GC(969) Pause Young (Normal) (G1 Evacuation Pause)
[6149.178s][info][gc,task        ] GC(969) Using 8 workers of 8 for evacuation
[6149.328s][info][gc,phases      ] GC(969)   Pre Evacuate Collection Set: 0.26ms
[6149.328s][info][gc,phases      ] GC(969)   Merge Heap Roots: 0.51ms
[6149.328s][info][gc,phases      ] GC(969)   Evacuate Collection Set: 148.32ms
[6149.328s][info][gc,phases      ] GC(969)   Post Evacuate Collection Set: 1.07ms
[6149.328s][info][gc,phases      ] GC(969)   Other: 0.06ms
[6149.328s][info][gc,heap        ] GC(969) Eden regions: 571->0(570)
[6149.328s][info][gc,heap        ] GC(969) Survivor regions: 43->44(77)
[6149.328s][info][gc,heap        ] GC(969) Old regions: 186->193
[6149.328s][info][gc,heap        ] GC(969) Humongous regions: 33->33
[6149.328s][info][gc,metaspace   ] GC(969) Metaspace: 30016K(30528K)->30016K(30528K) NonClass: 24603K(24896K)->24603K(24896K) Class: 5412K(5632K)->5412K(5632K)
[6149.328s][info][gc             ] GC(969) Pause Young (Normal) (G1 Evacuation Pause) 6639M->2135M(8192M) 150.376ms
[6149.328s][info][gc,cpu         ] GC(969) User=1.20s Sys=0.00s Real=0.15s
....[6152.677s][info][gc,start       ] GC(970) Pause Young (Normal) (G1 Evacuation Pause)
[6152.677s][info][gc,task        ] GC(970) Using 8 workers of 8 for evacuation
[6152.830s][info][gc,phases      ] GC(970)   Pre Evacuate Collection Set: 0.25ms
[6152.830s][info][gc,phases      ] GC(970)   Merge Heap Roots: 0.52ms
[6152.830s][info][gc,phases      ] GC(970)   Evacuate Collection Set: 150.65ms
[6152.830s][info][gc,phases      ] GC(970)   Post Evacuate Collection Set: 1.03ms
[6152.830s][info][gc,phases      ] GC(970)   Other: 0.06ms
[6152.830s][info][gc,heap        ] GC(970) Eden regions: 570->0(570)
[6152.830s][info][gc,heap        ] GC(970) Survivor regions: 44->44(77)
[6152.830s][info][gc,heap        ] GC(970) Old regions: 193->201
[6152.830s][info][gc,heap        ] GC(970) Humongous regions: 33->33
[6152.830s][info][gc,metaspace   ] GC(970) Metaspace: 30016K(30528K)->30016K(30528K) NonClass: 24603K(24896K)->24603K(24896K) Class: 5412K(5632K)->5412K(5632K)
[6152.830s][info][gc             ] GC(970) Pause Young (Normal) (G1 Evacuation Pause) 6695M->2192M(8192M) 152.645ms
[6152.830s][info][gc,cpu         ] GC(970) User=1.21s Sys=0.00s Real=0.15s
... (rIR:aIR:PR = 10654:10706:10706) (tPR = 159438) [OK] 
  6155s: Performance info:
         Transaction,    Success,    Partial,     Failed,   Receipts, AvgBarcode, 
             Overall,     643397,          0,          0,     611415,      59.48, 
         Response times:
             Request,    Success,    Partial,     Failed,   SkipFail,     Probes,    Samples,      min,      p50,      p90,      p95,      p99,      max, 
       TotalPurchase,     611415,          0,          0,          0,     353969,     495525,      300,     8500,    64000,   106000,   190000,  3000000,
     InStorePurchase,     320613,          0,          0,          0,     185792,     259791,      300,     8400,    64000,   105000,   189000,  3000000,
      OnlinePurchase,     226314,          0,          0,          0,     130553,     182984,      300,     8500,    65000,   107000,   191000,  3000000,
        InstPurchase,      64488,          0,          0,          0,      37624,      52750,      400,     8700,    63000,   105000,   192000,   790000,
          AssocOfCat,        641,          0,          0,          0,        533,        823,    31000,    64000,   151000,   191200,   253840,   366000,
      AssocOfProduct,       6318,          0,          0,          0,       3670,       5389,      700,     9000,    61000,   100000,   197100,   720000,
      BusinessReport,       1598,          0,          0,          0,       1420,       2165,    33000,    64000,   131000,   182000,   277720,   458000,
          CustBuyBeh,       6371,          0,          0,          0,       3639,       5324,      100,     8800,    67500,   111000,   193250,  3000000,
       ProductReturn,      17055,          0,          0,          0,       9140,      13067,      200,     8400,    65000,   106000,   189320,   670000,

  6155s: (78%)   IR =  10793 [6156.162s][info][gc,start       ] GC(971) Pause Young (Normal) (G1 Evacuation Pause)
[6156.162s][info][gc,task        ] GC(971) Using 8 workers of 8 for evacuation
[6156.321s][info][gc,phases      ] GC(971)   Pre Evacuate Collection Set: 0.23ms
[6156.321s][info][gc,phases      ] GC(971)   Merge Heap Roots: 0.52ms
[6156.321s][info][gc,phases      ] GC(971)   Evacuate Collection Set: 156.65ms
[6156.321s][info][gc,phases      ] GC(971)   Post Evacuate Collection Set: 1.10ms
[6156.321s][info][gc,phases      ] GC(971)   Other: 0.06ms
[6156.321s][info][gc,heap        ] GC(971) Eden regions: 570->0(570)
[6156.321s][info][gc,heap        ] GC(971) Survivor regions: 44->44(77)
[6156.321s][info][gc,heap        ] GC(971) Old regions: 201->208
[6156.321s][info][gc,heap        ] GC(971) Humongous regions: 33->33
[6156.321s][info][gc,metaspace   ] GC(971) Metaspace: 30016K(30528K)->30016K(30528K) NonClass: 24603K(24896K)->24603K(24896K) Class: 5412K(5632K)->5412K(5632K)
[6156.321s][info][gc             ] GC(971) Pause Young (Normal) (G1 Evacuation Pause) 6752M->2252M(8192M) 158.687ms
[6156.321s][info][gc,cpu         ] GC(971) User=1.25s Sys=0.00s Real=0.16s
....[6159.610s][info][gc,start       ] GC(972) Pause Young (Normal) (G1 Evacuation Pause)
[6159.610s][info][gc,task        ] GC(972) Using 8 workers of 8 for evacuation
[6159.758s][info][gc,phases      ] GC(972)   Pre Evacuate Collection Set: 0.24ms
[6159.758s][info][gc,phases      ] GC(972)   Merge Heap Roots: 0.51ms
[6159.758s][info][gc,phases      ] GC(972)   Evacuate Collection Set: 146.28ms
[6159.758s][info][gc,phases      ] GC(972)   Post Evacuate Collection Set: 1.03ms
[6159.758s][info][gc,phases      ] GC(972)   Other: 0.06ms
[6159.758s][info][gc,heap        ] GC(972) Eden regions: 570->0(571)
[6159.758s][info][gc,heap        ] GC(972) Survivor regions: 44->43(77)
[6159.758s][info][gc,heap        ] GC(972) Old regions: 208->215
[6159.758s][info][gc,heap        ] GC(972) Humongous regions: 33->33
[6159.758s][info][gc,metaspace   ] GC(972) Metaspace: 30016K(30528K)->30016K(30528K) NonClass: 24603K(24896K)->24603K(24896K) Class: 5412K(5632K)->5412K(5632K)
[6159.758s][info][gc             ] GC(972) Pause Young (Normal) (G1 Evacuation Pause) 6812M->2303M(8192M) 148.268ms
[6159.758s][info][gc,cpu         ] GC(972) User=1.17s Sys=0.00s Real=0.15s
...[6163.100s][info][gc,start       ] GC(973) Pause Young (Normal) (G1 Evacuation Pause)
[6163.100s][info][gc,task        ] GC(973) Using 8 workers of 8 for evacuation
[6163.254s][info][gc,phases      ] GC(973)   Pre Evacuate Collection Set: 0.22ms
[6163.254s][info][gc,phases      ] GC(973)   Merge Heap Roots: 0.51ms
[6163.254s][info][gc,phases      ] GC(973)   Evacuate Collection Set: 152.11ms
[6163.254s][info][gc,phases      ] GC(973)   Post Evacuate Collection Set: 1.04ms
[6163.254s][info][gc,phases      ] GC(973)   Other: 0.06ms
[6163.254s][info][gc,heap        ] GC(973) Eden regions: 571->0(570)
[6163.254s][info][gc,heap        ] GC(973) Survivor regions: 43->44(77)
[6163.254s][info][gc,heap        ] GC(973) Old regions: 215->222
[6163.254s][info][gc,heap        ] GC(973) Humongous regions: 33->33
[6163.254s][info][gc,metaspace   ] GC(973) Metaspace: 30016K(30528K)->30016K(30528K) NonClass: 24603K(24896K)->24603K(24896K) Class: 5412K(5632K)->5412K(5632K)
[6163.254s][info][gc             ] GC(973) Pause Young (Normal) (G1 Evacuation Pause) 6871M->2364M(8192M) 154.064ms
[6163.254s][info][gc,cpu         ] GC(973) User=1.22s Sys=0.00s Real=0.16s
....[6166.693s][info][gc,start       ] GC(974) Pause Young (Normal) (G1 Evacuation Pause)
[6166.693s][info][gc,task        ] GC(974) Using 8 workers of 8 for evacuation
[6166.846s][info][gc,phases      ] GC(974)   Pre Evacuate Collection Set: 0.25ms
[6166.846s][info][gc,phases      ] GC(974)   Merge Heap Roots: 0.51ms
[6166.846s][info][gc,phases      ] GC(974)   Evacuate Collection Set: 151.19ms
[6166.846s][info][gc,phases      ] GC(974)   Post Evacuate Collection Set: 1.02ms
[6166.846s][info][gc,phases      ] GC(974)   Other: 0.06ms
[6166.846s][info][gc,heap        ] GC(974) Eden regions: 570->0(571)
[6166.846s][info][gc,heap        ] GC(974) Survivor regions: 44->43(77)
[6166.846s][info][gc,heap        ] GC(974) Old regions: 222->229
[6166.846s][info][gc,heap        ] GC(974) Humongous regions: 33->33
[6166.846s][info][gc,metaspace   ] GC(974) Metaspace: 30016K(30528K)->30016K(30528K) NonClass: 24603K(24896K)->24603K(24896K) Class: 5412K(5632K)->5412K(5632K)
[6166.846s][info][gc             ] GC(974) Pause Young (Normal) (G1 Evacuation Pause) 6924M->2415M(8192M) 153.165ms
[6166.846s][info][gc,cpu         ] GC(974) User=1.21s Sys=0.00s Real=0.16s
...[6170.147s][info][gc,start       ] GC(975) Pause Young (Normal) (G1 Evacuation Pause)
[6170.147s][info][gc,task        ] GC(975) Using 8 workers of 8 for evacuation
[6170.298s][info][gc,phases      ] GC(975)   Pre Evacuate Collection Set: 0.23ms
[6170.298s][info][gc,phases      ] GC(975)   Merge Heap Roots: 0.51ms
[6170.298s][info][gc,phases      ] GC(975)   Evacuate Collection Set: 149.91ms
[6170.298s][info][gc,phases      ] GC(975)   Post Evacuate Collection Set: 1.01ms
[6170.298s][info][gc,phases      ] GC(975)   Other: 0.07ms
[6170.298s][info][gc,heap        ] GC(975) Eden regions: 571->0(570)
[6170.298s][info][gc,heap        ] GC(975) Survivor regions: 43->44(77)
[6170.298s][info][gc,heap        ] GC(975) Old regions: 229->236
[6170.298s][info][gc,heap        ] GC(975) Humongous regions: 33->33
[6170.298s][info][gc,metaspace   ] GC(975) Metaspace: 30016K(30528K)->30016K(30528K) NonClass: 24603K(24896K)->24603K(24896K) Class: 5412K(5632K)->5412K(5632K)
[6170.298s][info][gc             ] GC(975) Pause Young (Normal) (G1 Evacuation Pause) 6983M->2476M(8192M) 151.854ms
[6170.299s][info][gc,cpu         ] GC(975) User=1.20s Sys=0.00s Real=0.15s
....[6173.672s][info][gc,start       ] GC(976) Pause Young (Normal) (G1 Evacuation Pause)
[6173.672s][info][gc,task        ] GC(976) Using 8 workers of 8 for evacuation
[6173.819s][info][gc,phases      ] GC(976)   Pre Evacuate Collection Set: 0.24ms
[6173.819s][info][gc,phases      ] GC(976)   Merge Heap Roots: 0.51ms
[6173.819s][info][gc,phases      ] GC(976)   Evacuate Collection Set: 144.78ms
[6173.819s][info][gc,phases      ] GC(976)   Post Evacuate Collection Set: 1.07ms
[6173.819s][info][gc,phases      ] GC(976)   Other: 0.06ms
[6173.819s][info][gc,heap        ] GC(976) Eden regions: 570->0(572)
[6173.819s][info][gc,heap        ] GC(976) Survivor regions: 44->42(77)
[6173.819s][info][gc,heap        ] GC(976) Old regions: 236->243
[6173.819s][info][gc,heap        ] GC(976) Humongous regions: 33->33
[6173.819s][info][gc,metaspace   ] GC(976) Metaspace: 30016K(30528K)->30016K(30528K) NonClass: 24603K(24896K)->24603K(24896K) Class: 5412K(5632K)->5412K(5632K)
[6173.819s][info][gc             ] GC(976) Pause Young (Normal) (G1 Evacuation Pause) 7036M->2521M(8192M) 146.801ms
[6173.819s][info][gc,cpu         ] GC(976) User=1.16s Sys=0.00s Real=0.15s
...[6177.237s][info][gc,start       ] GC(977) Pause Young (Normal) (G1 Evacuation Pause)
[6177.237s][info][gc,task        ] GC(977) Using 8 workers of 8 for evacuation
[6177.390s][info][gc,phases      ] GC(977)   Pre Evacuate Collection Set: 0.23ms
[6177.390s][info][gc,phases      ] GC(977)   Merge Heap Roots: 0.51ms
[6177.390s][info][gc,phases      ] GC(977)   Evacuate Collection Set: 151.14ms
[6177.390s][info][gc,phases      ] GC(977)   Post Evacuate Collection Set: 1.04ms
[6177.390s][info][gc,phases      ] GC(977)   Other: 0.06ms
[6177.390s][info][gc,heap        ] GC(977) Eden regions: 572->0(570)
[6177.390s][info][gc,heap        ] GC(977) Survivor regions: 42->44(77)
[6177.390s][info][gc,heap        ] GC(977) Old regions: 243->250
[6177.390s][info][gc,heap        ] GC(977) Humongous regions: 33->33
[6177.390s][info][gc,metaspace   ] GC(977) Metaspace: 30016K(30528K)->30016K(30528K) NonClass: 24603K(24896K)->24603K(24896K) Class: 5412K(5632K)->5412K(5632K)
[6177.390s][info][gc             ] GC(977) Pause Young (Normal) (G1 Evacuation Pause) 7097M->2591M(8192M) 153.131ms
[6177.390s][info][gc,cpu         ] GC(977) User=1.21s Sys=0.00s Real=0.15s
....[6180.686s][info][gc,start       ] GC(978) Pause Young (Normal) (G1 Evacuation Pause)
[6180.687s][info][gc,task        ] GC(978) Using 8 workers of 8 for evacuation
[6180.838s][info][gc,phases      ] GC(978)   Pre Evacuate Collection Set: 0.23ms
[6180.838s][info][gc,phases      ] GC(978)   Merge Heap Roots: 0.52ms
[6180.838s][info][gc,phases      ] GC(978)   Evacuate Collection Set: 150.05ms
[6180.838s][info][gc,phases      ] GC(978)   Post Evacuate Collection Set: 1.06ms
[6180.838s][info][gc,phases      ] GC(978)   Other: 0.06ms
[6180.839s][info][gc,heap        ] GC(978) Eden regions: 570->0(571)
[6180.839s][info][gc,heap        ] GC(978) Survivor regions: 44->43(77)
[6180.839s][info][gc,heap        ] GC(978) Old regions: 250->258
[6180.839s][info][gc,heap        ] GC(978) Humongous regions: 33->33
[6180.839s][info][gc,metaspace   ] GC(978) Metaspace: 30016K(30528K)->30016K(30528K) NonClass: 24603K(24896K)->24603K(24896K) Class: 5412K(5632K)->5412K(5632K)
[6180.839s][info][gc             ] GC(978) Pause Young (Normal) (G1 Evacuation Pause) 7151M->2640M(8192M) 152.043ms
[6180.839s][info][gc,cpu         ] GC(978) User=1.21s Sys=0.00s Real=0.15s
...[6184.202s][info][gc,start       ] GC(979) Pause Young (Normal) (G1 Evacuation Pause)
[6184.202s][info][gc,task        ] GC(979) Using 8 workers of 8 for evacuation
[6184.353s][info][gc,phases      ] GC(979)   Pre Evacuate Collection Set: 0.23ms
[6184.353s][info][gc,phases      ] GC(979)   Merge Heap Roots: 0.53ms
[6184.353s][info][gc,phases      ] GC(979)   Evacuate Collection Set: 149.41ms
[6184.353s][info][gc,phases      ] GC(979)   Post Evacuate Collection Set: 1.01ms
[6184.353s][info][gc,phases      ] GC(979)   Other: 0.06ms
[6184.353s][info][gc,heap        ] GC(979) Eden regions: 571->0(571)
[6184.353s][info][gc,heap        ] GC(979) Survivor regions: 43->43(77)
[6184.353s][info][gc,heap        ] GC(979) Old regions: 258->265
[6184.353s][info][gc,heap        ] GC(979) Humongous regions: 33->33
[6184.353s][info][gc,metaspace   ] GC(979) Metaspace: 30016K(30528K)->30016K(30528K) NonClass: 24603K(24896K)->24603K(24896K) Class: 5412K(5632K)->5412K(5632K)
[6184.353s][info][gc             ] GC(979) Pause Young (Normal) (G1 Evacuation Pause) 7208M->2703M(8192M) 151.364ms
[6184.353s][info][gc,cpu         ] GC(979) User=1.20s Sys=0.00s Real=0.16s
..|..[6187.885s][info][gc,start       ] GC(980) Pause Young (Normal) (G1 Evacuation Pause)
[6187.885s][info][gc,task        ] GC(980) Using 8 workers of 8 for evacuation
[6188.038s][info][gc,phases      ] GC(980)   Pre Evacuate Collection Set: 0.22ms
[6188.038s][info][gc,phases      ] GC(980)   Merge Heap Roots: 0.52ms
[6188.038s][info][gc,phases      ] GC(980)   Evacuate Collection Set: 151.06ms
[6188.038s][info][gc,phases      ] GC(980)   Post Evacuate Collection Set: 1.03ms
[6188.038s][info][gc,phases      ] GC(980)   Other: 0.06ms
[6188.038s][info][gc,heap        ] GC(980) Eden regions: 571->0(571)
[6188.038s][info][gc,heap        ] GC(980) Survivor regions: 43->43(77)
[6188.038s][info][gc,heap        ] GC(980) Old regions: 265->272
[6188.038s][info][gc,heap        ] GC(980) Humongous regions: 33->33
[6188.038s][info][gc,metaspace   ] GC(980) Metaspace: 30016K(30528K)->30016K(30528K) NonClass: 24603K(24896K)->24603K(24896K) Class: 5412K(5632K)->5412K(5632K)
[6188.038s][info][gc             ] GC(980) Pause Young (Normal) (G1 Evacuation Pause) 7271M->2759M(8192M) 153.024ms
[6188.038s][info][gc,cpu         ] GC(980) User=1.21s Sys=0.00s Real=0.15s
...[6191.391s][info][gc,start       ] GC(981) Pause Young (Normal) (G1 Evacuation Pause)
[6191.391s][info][gc,task        ] GC(981) Using 8 workers of 8 for evacuation
[6191.545s][info][gc,phases      ] GC(981)   Pre Evacuate Collection Set: 0.23ms
[6191.545s][info][gc,phases      ] GC(981)   Merge Heap Roots: 0.52ms
[6191.545s][info][gc,phases      ] GC(981)   Evacuate Collection Set: 152.18ms
[6191.545s][info][gc,phases      ] GC(981)   Post Evacuate Collection Set: 1.05ms
[6191.545s][info][gc,phases      ] GC(981)   Other: 0.06ms
[6191.545s][info][gc,heap        ] GC(981) Eden regions: 571->0(571)
[6191.545s][info][gc,heap        ] GC(981) Survivor regions: 43->43(77)
[6191.545s][info][gc,heap        ] GC(981) Old regions: 272->279
[6191.545s][info][gc,heap        ] GC(981) Humongous regions: 33->33
[6191.545s][info][gc,metaspace   ] GC(981) Metaspace: 30016K(30528K)->30016K(30528K) NonClass: 24603K(24896K)->24603K(24896K) Class: 5412K(5632K)->5412K(5632K)
[6191.545s][info][gc             ] GC(981) Pause Young (Normal) (G1 Evacuation Pause) 7327M->2816M(8192M) 154.207ms
[6191.545s][info][gc,cpu         ] GC(981) User=1.22s Sys=0.00s Real=0.16s
....[6194.904s][info][gc,start       ] GC(982) Pause Young (Normal) (G1 Evacuation Pause)
[6194.904s][info][gc,task        ] GC(982) Using 8 workers of 8 for evacuation
[6195.059s][info][gc,phases      ] GC(982)   Pre Evacuate Collection Set: 0.26ms
[6195.059s][info][gc,phases      ] GC(982)   Merge Heap Roots: 0.58ms
[6195.059s][info][gc,phases      ] GC(982)   Evacuate Collection Set: 153.69ms
[6195.059s][info][gc,phases      ] GC(982)   Post Evacuate Collection Set: 1.05ms
[6195.059s][info][gc,phases      ] GC(982)   Other: 0.06ms
[6195.059s][info][gc,heap        ] GC(982) Eden regions: 571->0(565)
[6195.059s][info][gc,heap        ] GC(982) Survivor regions: 43->44(77)
[6195.059s][info][gc,heap        ] GC(982) Old regions: 279->286
[6195.059s][info][gc,heap        ] GC(982) Humongous regions: 33->33
[6195.059s][info][gc,metaspace   ] GC(982) Metaspace: 30016K(30528K)->30016K(30528K) NonClass: 24603K(24896K)->24603K(24896K) Class: 5412K(5632K)->5412K(5632K)
[6195.059s][info][gc             ] GC(982) Pause Young (Normal) (G1 Evacuation Pause) 7384M->2877M(8192M) 155.763ms
[6195.059s][info][gc,cpu         ] GC(982) User=1.24s Sys=0.00s Real=0.15s
...[6198.455s][info][gc,start       ] GC(983) Pause Young (Normal) (G1 Evacuation Pause)
[6198.455s][info][gc,task        ] GC(983) Using 8 workers of 8 for evacuation
[6198.604s][info][gc,phases      ] GC(983)   Pre Evacuate Collection Set: 0.23ms
[6198.604s][info][gc,phases      ] GC(983)   Merge Heap Roots: 0.52ms
[6198.604s][info][gc,phases      ] GC(983)   Evacuate Collection Set: 146.24ms
[6198.604s][info][gc,phases      ] GC(983)   Post Evacuate Collection Set: 1.03ms
[6198.604s][info][gc,phases      ] GC(983)   Other: 0.06ms
[6198.604s][info][gc,heap        ] GC(983) Eden regions: 565->0(559)
[6198.604s][info][gc,heap        ] GC(983) Survivor regions: 44->43(77)
[6198.604s][info][gc,heap        ] GC(983) Old regions: 286->294
[6198.604s][info][gc,heap        ] GC(983) Humongous regions: 33->33
[6198.604s][info][gc,metaspace   ] GC(983) Metaspace: 30016K(30528K)->30016K(30528K) NonClass: 24603K(24896K)->24603K(24896K) Class: 5412K(5632K)->5412K(5632K)
[6198.604s][info][gc             ] GC(983) Pause Young (Normal) (G1 Evacuation Pause) 7397M->2933M(8192M) 148.214ms
[6198.604s][info][gc,cpu         ] GC(983) User=1.17s Sys=0.01s Real=0.15s
....[6201.780s][info][gc,start       ] GC(984) Pause Young (Normal) (G1 Evacuation Pause)
[6201.780s][info][gc,task        ] GC(984) Using 8 workers of 8 for evacuation
[6201.929s][info][gc,phases      ] GC(984)   Pre Evacuate Collection Set: 0.22ms
[6201.929s][info][gc,phases      ] GC(984)   Merge Heap Roots: 0.53ms
[6201.929s][info][gc,phases      ] GC(984)   Evacuate Collection Set: 147.42ms
[6201.929s][info][gc,phases      ] GC(984)   Post Evacuate Collection Set: 0.99ms
[6201.929s][info][gc,phases      ] GC(984)   Other: 0.08ms
[6201.929s][info][gc,heap        ] GC(984) Eden regions: 559->0(552)
[6201.929s][info][gc,heap        ] GC(984) Survivor regions: 43->43(76)
[6201.929s][info][gc,heap        ] GC(984) Old regions: 294->301
[6201.929s][info][gc,heap        ] GC(984) Humongous regions: 33->33
[6201.929s][info][gc,metaspace   ] GC(984) Metaspace: 30016K(30528K)->30016K(30528K) NonClass: 24603K(24896K)->24603K(24896K) Class: 5412K(5632K)->5412K(5632K)
[6201.929s][info][gc             ] GC(984) Pause Young (Normal) (G1 Evacuation Pause) 7405M->2988M(8192M) 149.387ms
[6201.929s][info][gc,cpu         ] GC(984) User=1.18s Sys=0.00s Real=0.15s
...[6205.191s][info][gc,start       ] GC(985) Pause Young (Normal) (G1 Evacuation Pause)
[6205.191s][info][gc,task        ] GC(985) Using 8 workers of 8 for evacuation
[6205.343s][info][gc,phases      ] GC(985)   Pre Evacuate Collection Set: 0.25ms
[6205.343s][info][gc,phases      ] GC(985)   Merge Heap Roots: 0.51ms
[6205.343s][info][gc,phases      ] GC(985)   Evacuate Collection Set: 150.81ms
[6205.343s][info][gc,phases      ] GC(985)   Post Evacuate Collection Set: 0.98ms
[6205.343s][info][gc,phases      ] GC(985)   Other: 0.07ms
[6205.343s][info][gc,heap        ] GC(985) Eden regions: 552->0(543)
[6205.343s][info][gc,heap        ] GC(985) Survivor regions: 43->44(75)
[6205.343s][info][gc,heap        ] GC(985) Old regions: 301->308
[6205.343s][info][gc,heap        ] GC(985) Humongous regions: 33->33
[6205.343s][info][gc,metaspace   ] GC(985) Metaspace: 30016K(30528K)->30016K(30528K) NonClass: 24603K(24896K)->24603K(24896K) Class: 5412K(5632K)->5412K(5632K)
[6205.343s][info][gc             ] GC(985) Pause Young (Normal) (G1 Evacuation Pause) 7404M->3051M(8192M) 152.748ms
[6205.343s][info][gc,cpu         ] GC(985) User=1.21s Sys=0.00s Real=0.16s
...[6208.494s][info][gc,start       ] GC(986) Pause Young (Concurrent Start) (G1 Evacuation Pause)
[6208.494s][info][gc,task        ] GC(986) Using 8 workers of 8 for evacuation
[6208.654s][info][gc,phases      ] GC(986)   Pre Evacuate Collection Set: 0.26ms
[6208.654s][info][gc,phases      ] GC(986)   Merge Heap Roots: 0.56ms
[6208.654s][info][gc,phases      ] GC(986)   Evacuate Collection Set: 158.51ms
[6208.654s][info][gc,phases      ] GC(986)   Post Evacuate Collection Set: 1.01ms
[6208.654s][info][gc,phases      ] GC(986)   Other: 0.10ms
[6208.654s][info][gc,heap        ] GC(986) Eden regions: 543->0(534)
[6208.654s][info][gc,heap        ] GC(986) Survivor regions: 44->45(74)
[6208.654s][info][gc,heap        ] GC(986) Old regions: 308->315
[6208.654s][info][gc,heap        ] GC(986) Humongous regions: 33->33
[6208.654s][info][gc,metaspace   ] GC(986) Metaspace: 30016K(30528K)->30016K(30528K) NonClass: 24603K(24896K)->24603K(24896K) Class: 5412K(5632K)->5412K(5632K)
[6208.654s][info][gc             ] GC(986) Pause Young (Concurrent Start) (G1 Evacuation Pause) 7395M->3119M(8192M) 160.576ms
[6208.654s][info][gc             ] GC(987) Concurrent Mark Cycle
[6208.654s][info][gc,marking     ] GC(987) Concurrent Scan Root Regions
[6208.654s][info][gc,cpu         ] GC(986) User=1.27s Sys=0.00s Real=0.16s
.[6209.091s][info][gc,marking     ] GC(987) Concurrent Scan Root Regions 436.499ms
[6209.091s][info][gc,marking     ] GC(987) Concurrent Mark
[6209.091s][info][gc,marking     ] GC(987) Concurrent Mark From Roots
[6209.091s][info][gc,task        ] GC(987) Using 2 workers of 2 for marking
.[6210.417s][info][gc,marking     ] GC(987) Concurrent Mark From Roots 1326.566ms
[6210.417s][info][gc,marking     ] GC(987) Concurrent Preclean
[6210.417s][info][gc,marking     ] GC(987) Concurrent Preclean 0.095ms
[6210.418s][info][gc,start       ] GC(987) Pause Remark
[6210.420s][info][gc             ] GC(987) Pause Remark 5115M->4587M(8192M) 2.214ms
[6210.420s][info][gc,cpu         ] GC(987) User=0.01s Sys=0.00s Real=0.00s
[6210.420s][info][gc,marking     ] GC(987) Concurrent Mark 1329.183ms
[6210.420s][info][gc,marking     ] GC(987) Concurrent Rebuild Remembered Sets and Scrub Regions
.[6211.218s][info][gc,marking     ] GC(987) Concurrent Rebuild Remembered Sets and Scrub Regions 797.610ms
[6211.218s][info][gc,start       ] GC(987) Pause Cleanup
[6211.218s][info][gc             ] GC(987) Pause Cleanup 5747M->5747M(8192M) 0.279ms
[6211.218s][info][gc,cpu         ] GC(987) User=0.00s Sys=0.00s Real=0.00s
[6211.218s][info][gc,marking     ] GC(987) Concurrent Clear Claimed Marks
[6211.218s][info][gc,marking     ] GC(987) Concurrent Clear Claimed Marks 0.042ms
[6211.218s][info][gc,marking     ] GC(987) Concurrent Cleanup for Next Mark
[6211.228s][info][gc,marking     ] GC(987) Concurrent Cleanup for Next Mark 9.858ms
[6211.228s][info][gc             ] GC(987) Concurrent Mark Cycle 2573.943ms
.[6211.967s][info][gc,start       ] GC(988) Pause Young (Prepare Mixed) (G1 Evacuation Pause)
[6211.967s][info][gc,task        ] GC(988) Using 8 workers of 8 for evacuation
[6212.127s][info][gc,phases      ] GC(988)   Pre Evacuate Collection Set: 0.23ms
[6212.127s][info][gc,phases      ] GC(988)   Merge Heap Roots: 0.68ms
[6212.127s][info][gc,phases      ] GC(988)   Evacuate Collection Set: 156.97ms
[6212.127s][info][gc,phases      ] GC(988)   Post Evacuate Collection Set: 1.11ms
[6212.127s][info][gc,phases      ] GC(988)   Other: 0.07ms
[6212.127s][info][gc,heap        ] GC(988) Eden regions: 534->0(568)
[6212.127s][info][gc,heap        ] GC(988) Survivor regions: 45->46(73)
[6212.127s][info][gc,heap        ] GC(988) Old regions: 249->257
[6212.127s][info][gc,heap        ] GC(988) Humongous regions: 33->33
[6212.127s][info][gc,metaspace   ] GC(988) Metaspace: 30016K(30528K)->30016K(30528K) NonClass: 24603K(24896K)->24603K(24896K) Class: 5412K(5632K)->5412K(5632K)
[6212.127s][info][gc             ] GC(988) Pause Young (Prepare Mixed) (G1 Evacuation Pause) 6863M->2659M(8192M) 159.185ms
[6212.127s][info][gc,cpu         ] GC(988) User=1.26s Sys=0.00s Real=0.16s
...[6215.153s][info][gc,start       ] GC(989) Pause Young (Mixed) (G1 Evacuation Pause)
[6215.153s][info][gc,task        ] GC(989) Using 8 workers of 8 for evacuation
[6215.313s][info][gc,phases      ] GC(989)   Pre Evacuate Collection Set: 0.25ms
[6215.313s][info][gc,phases      ] GC(989)   Merge Heap Roots: 0.73ms
[6215.313s][info][gc,phases      ] GC(989)   Evacuate Collection Set: 158.30ms
[6215.313s][info][gc,phases      ] GC(989)   Post Evacuate Collection Set: 1.28ms
[6215.313s][info][gc,phases      ] GC(989)   Other: 0.08ms
[6215.313s][info][gc,heap        ] GC(989) Eden regions: 568->0(569)
[6215.313s][info][gc,heap        ] GC(989) Survivor regions: 46->45(77)
[6215.313s][info][gc,heap        ] GC(989) Old regions: 257->162
[6215.313s][info][gc,heap        ] GC(989) Humongous regions: 33->33
[6215.313s][info][gc,metaspace   ] GC(989) Metaspace: 30016K(30528K)->30016K(30528K) NonClass: 24603K(24896K)->24603K(24896K) Class: 5412K(5632K)->5412K(5632K)
[6215.313s][info][gc             ] GC(989) Pause Young (Mixed) (G1 Evacuation Pause) 7203M->1892M(8192M) 160.762ms
[6215.313s][info][gc,cpu         ] GC(989) User=1.28s Sys=0.00s Real=0.17s
...[6218.643s][info][gc,start       ] GC(990) Pause Young (Mixed) (G1 Evacuation Pause)
[6218.643s][info][gc,task        ] GC(990) Using 8 workers of 8 for evacuation
[6218.805s][info][gc,phases      ] GC(990)   Pre Evacuate Collection Set: 0.24ms
[6218.805s][info][gc,phases      ] GC(990)   Merge Heap Roots: 0.82ms
[6218.805s][info][gc,phases      ] GC(990)   Evacuate Collection Set: 160.21ms
[6218.805s][info][gc,phases      ] GC(990)   Post Evacuate Collection Set: 1.06ms
[6218.805s][info][gc,phases      ] GC(990)   Other: 0.07ms
[6218.805s][info][gc,heap        ] GC(990) Eden regions: 569->0(571)
[6218.805s][info][gc,heap        ] GC(990) Survivor regions: 45->43(77)
[6218.805s][info][gc,heap        ] GC(990) Old regions: 162->143
[6218.805s][info][gc,heap        ] GC(990) Humongous regions: 33->33
[6218.805s][info][gc,metaspace   ] GC(990) Metaspace: 30016K(30528K)->30016K(30528K) NonClass: 24603K(24896K)->24603K(24896K) Class: 5412K(5632K)->5412K(5632K)
[6218.805s][info][gc             ] GC(990) Pause Young (Mixed) (G1 Evacuation Pause) 6444M->1733M(8192M) 162.513ms
[6218.805s][info][gc,cpu         ] GC(990) User=1.29s Sys=0.00s Real=0.17s
....[6222.230s][info][gc,start       ] GC(991) Pause Young (Normal) (G1 Evacuation Pause)
[6222.230s][info][gc,task        ] GC(991) Using 8 workers of 8 for evacuation
[6222.386s][info][gc,phases      ] GC(991)   Pre Evacuate Collection Set: 0.25ms
[6222.386s][info][gc,phases      ] GC(991)   Merge Heap Roots: 0.50ms
[6222.386s][info][gc,phases      ] GC(991)   Evacuate Collection Set: 154.82ms
[6222.386s][info][gc,phases      ] GC(991)   Post Evacuate Collection Set: 1.01ms
[6222.386s][info][gc,phases      ] GC(991)   Other: 0.07ms
[6222.386s][info][gc,heap        ] GC(991) Eden regions: 571->0(570)
[6222.386s][info][gc,heap        ] GC(991) Survivor regions: 43->44(77)
[6222.386s][info][gc,heap        ] GC(991) Old regions: 143->150
[6222.386s][info][gc,heap        ] GC(991) Humongous regions: 33->33
[6222.386s][info][gc,metaspace   ] GC(991) Metaspace: 30016K(30528K)->30016K(30528K) NonClass: 24603K(24896K)->24603K(24896K) Class: 5412K(5632K)->5412K(5632K)
[6222.386s][info][gc             ] GC(991) Pause Young (Normal) (G1 Evacuation Pause) 6301M->1798M(8192M) 156.801ms
[6222.386s][info][gc,cpu         ] GC(991) User=1.24s Sys=0.00s Real=0.16s
....[6225.884s][info][gc,start       ] GC(992) Pause Young (Normal) (G1 Evacuation Pause)
[6225.884s][info][gc,task        ] GC(992) Using 8 workers of 8 for evacuation
[6226.033s][info][gc,phases      ] GC(992)   Pre Evacuate Collection Set: 0.22ms
[6226.033s][info][gc,phases      ] GC(992)   Merge Heap Roots: 0.49ms
[6226.033s][info][gc,phases      ] GC(992)   Evacuate Collection Set: 146.64ms
[6226.033s][info][gc,phases      ] GC(992)   Post Evacuate Collection Set: 1.00ms
[6226.033s][info][gc,phases      ] GC(992)   Other: 0.06ms
[6226.033s][info][gc,heap        ] GC(992) Eden regions: 570->0(571)
[6226.033s][info][gc,heap        ] GC(992) Survivor regions: 44->43(77)
[6226.033s][info][gc,heap        ] GC(992) Old regions: 150->157
[6226.033s][info][gc,heap        ] GC(992) Humongous regions: 33->33
[6226.033s][info][gc,metaspace   ] GC(992) Metaspace: 30016K(30528K)->30016K(30528K) NonClass: 24603K(24896K)->24603K(24896K) Class: 5412K(5632K)->5412K(5632K)
[6226.033s][info][gc             ] GC(992) Pause Young (Normal) (G1 Evacuation Pause) 6358M->1846M(8192M) 148.541ms
[6226.033s][info][gc,cpu         ] GC(992) User=1.17s Sys=0.00s Real=0.14s
...[6229.431s][info][gc,start       ] GC(993) Pause Young (Normal) (G1 Evacuation Pause)
[6229.431s][info][gc,task        ] GC(993) Using 8 workers of 8 for evacuation
[6229.583s][info][gc,phases      ] GC(993)   Pre Evacuate Collection Set: 0.22ms
[6229.583s][info][gc,phases      ] GC(993)   Merge Heap Roots: 0.51ms
[6229.583s][info][gc,phases      ] GC(993)   Evacuate Collection Set: 149.59ms
[6229.583s][info][gc,phases      ] GC(993)   Post Evacuate Collection Set: 1.02ms
[6229.583s][info][gc,phases      ] GC(993)   Other: 0.07ms
[6229.583s][info][gc,heap        ] GC(993) Eden regions: 571->0(571)
[6229.583s][info][gc,heap        ] GC(993) Survivor regions: 43->43(77)
[6229.583s][info][gc,heap        ] GC(993) Old regions: 157->164
[6229.583s][info][gc,heap        ] GC(993) Humongous regions: 33->33
[6229.583s][info][gc,metaspace   ] GC(993) Metaspace: 30016K(30528K)->30016K(30528K) NonClass: 24603K(24896K)->24603K(24896K) Class: 5412K(5632K)->5412K(5632K)
[6229.583s][info][gc             ] GC(993) Pause Young (Normal) (G1 Evacuation Pause) 6414M->1906M(8192M) 151.538ms
[6229.583s][info][gc,cpu         ] GC(993) User=1.20s Sys=0.00s Real=0.15s
....[6232.989s][info][gc,start       ] GC(994) Pause Young (Normal) (G1 Evacuation Pause)
[6232.989s][info][gc,task        ] GC(994) Using 8 workers of 8 for evacuation
[6233.142s][info][gc,phases      ] GC(994)   Pre Evacuate Collection Set: 0.22ms
[6233.142s][info][gc,phases      ] GC(994)   Merge Heap Roots: 0.51ms
[6233.142s][info][gc,phases      ] GC(994)   Evacuate Collection Set: 151.65ms
[6233.142s][info][gc,phases      ] GC(994)   Post Evacuate Collection Set: 1.03ms
[6233.142s][info][gc,phases      ] GC(994)   Other: 0.08ms
[6233.142s][info][gc,heap        ] GC(994) Eden regions: 571->0(570)
[6233.142s][info][gc,heap        ] GC(994) Survivor regions: 43->44(77)
[6233.142s][info][gc,heap        ] GC(994) Old regions: 164->172
[6233.142s][info][gc,heap        ] GC(994) Humongous regions: 33->33
[6233.142s][info][gc,metaspace   ] GC(994) Metaspace: 30016K(30528K)->30016K(30528K) NonClass: 24603K(24896K)->24603K(24896K) Class: 5412K(5632K)->5412K(5632K)
[6233.142s][info][gc             ] GC(994) Pause Young (Normal) (G1 Evacuation Pause) 6474M->1968M(8192M) 153.623ms
[6233.142s][info][gc,cpu         ] GC(994) User=1.22s Sys=0.00s Real=0.15s
...[6236.478s][info][gc,start       ] GC(995) Pause Young (Normal) (G1 Evacuation Pause)
[6236.478s][info][gc,task        ] GC(995) Using 8 workers of 8 for evacuation
[6236.627s][info][gc,phases      ] GC(995)   Pre Evacuate Collection Set: 0.23ms
[6236.627s][info][gc,phases      ] GC(995)   Merge Heap Roots: 0.50ms
[6236.627s][info][gc,phases      ] GC(995)   Evacuate Collection Set: 147.44ms
[6236.627s][info][gc,phases      ] GC(995)   Post Evacuate Collection Set: 0.99ms
[6236.627s][info][gc,phases      ] GC(995)   Other: 0.06ms
[6236.627s][info][gc,heap        ] GC(995) Eden regions: 570->0(571)
[6236.627s][info][gc,heap        ] GC(995) Survivor regions: 44->43(77)
[6236.627s][info][gc,heap        ] GC(995) Old regions: 172->179
[6236.627s][info][gc,heap        ] GC(995) Humongous regions: 33->33
[6236.627s][info][gc,metaspace   ] GC(995) Metaspace: 30016K(30528K)->30016K(30528K) NonClass: 24603K(24896K)->24603K(24896K) Class: 5412K(5632K)->5412K(5632K)
[6236.628s][info][gc             ] GC(995) Pause Young (Normal) (G1 Evacuation Pause) 6528M->2018M(8192M) 149.349ms
[6236.628s][info][gc,cpu         ] GC(995) User=1.18s Sys=0.00s Real=0.15s
....[6240.042s][info][gc,start       ] GC(996) Pause Young (Normal) (G1 Evacuation Pause)
[6240.042s][info][gc,task        ] GC(996) Using 8 workers of 8 for evacuation
[6240.193s][info][gc,phases      ] GC(996)   Pre Evacuate Collection Set: 0.22ms
[6240.193s][info][gc,phases      ] GC(996)   Merge Heap Roots: 0.50ms
[6240.193s][info][gc,phases      ] GC(996)   Evacuate Collection Set: 148.26ms
[6240.193s][info][gc,phases      ] GC(996)   Post Evacuate Collection Set: 1.03ms
[6240.193s][info][gc,phases      ] GC(996)   Other: 0.06ms
[6240.193s][info][gc,heap        ] GC(996) Eden regions: 571->0(571)
[6240.193s][info][gc,heap        ] GC(996) Survivor regions: 43->43(77)
[6240.193s][info][gc,heap        ] GC(996) Old regions: 179->186
[6240.193s][info][gc,heap        ] GC(996) Humongous regions: 33->33
[6240.193s][info][gc,metaspace   ] GC(996) Metaspace: 30016K(30528K)->30016K(30528K) NonClass: 24603K(24896K)->24603K(24896K) Class: 5412K(5632K)->5412K(5632K)
[6240.193s][info][gc             ] GC(996) Pause Young (Normal) (G1 Evacuation Pause) 6586M->2078M(8192M) 150.208ms
[6240.193s][info][gc,cpu         ] GC(996) User=1.19s Sys=0.00s Real=0.15s
...[6243.573s][info][gc,start       ] GC(997) Pause Young (Normal) (G1 Evacuation Pause)
[6243.573s][info][gc,task        ] GC(997) Using 8 workers of 8 for evacuation
[6243.721s][info][gc,phases      ] GC(997)   Pre Evacuate Collection Set: 0.23ms
[6243.721s][info][gc,phases      ] GC(997)   Merge Heap Roots: 0.51ms
[6243.721s][info][gc,phases      ] GC(997)   Evacuate Collection Set: 146.52ms
[6243.721s][info][gc,phases      ] GC(997)   Post Evacuate Collection Set: 1.04ms
[6243.721s][info][gc,phases      ] GC(997)   Other: 0.08ms
[6243.721s][info][gc,heap        ] GC(997) Eden regions: 571->0(571)
[6243.721s][info][gc,heap        ] GC(997) Survivor regions: 43->43(77)
[6243.721s][info][gc,heap        ] GC(997) Old regions: 186->193
[6243.721s][info][gc,heap        ] GC(997) Humongous regions: 33->33
[6243.721s][info][gc,metaspace   ] GC(997) Metaspace: 30016K(30528K)->30016K(30528K) NonClass: 24603K(24896K)->24603K(24896K) Class: 5412K(5632K)->5412K(5632K)
[6243.721s][info][gc             ] GC(997) Pause Young (Normal) (G1 Evacuation Pause) 6646M->2129M(8192M) 148.525ms
[6243.721s][info][gc,cpu         ] GC(997) User=1.17s Sys=0.01s Real=0.15s
... (rIR:aIR:PR = 10793:10843:10843) (tPR = 161935) [OK] 
  6245s: Performance info:
         Transaction,    Success,    Partial,     Failed,   Receipts, AvgBarcode, 
             Overall,     654230,          0,          0,     621954,      59.47, 
         Response times:
             Request,    Success,    Partial,     Failed,   SkipFail,     Probes,    Samples,      min,      p50,      p90,      p95,      p99,      max, 
       TotalPurchase,     621954,          0,          0,          0,     355600,     550750,      300,     8500,    63000,   111000,   268000,  2600000,
     InStorePurchase,     326173,          0,          0,          0,     186702,     289135,      300,     8500,    63000,   110000,   269000,  2600000,
      OnlinePurchase,     230863,          0,          0,          0,     130879,     202799,      300,     8500,    62000,   110000,   263000,  2300000,
        InstPurchase,      64918,          0,          0,          0,      38019,      58816,      400,     8600,    63000,   112000,   270000,  2600000,
          AssocOfCat,        650,          0,          0,          0,        535,        954,    31000,    63000,   139000,   197250,   339350,   568000,
      AssocOfProduct,       6459,          0,          0,          0,       3798,       6163,     1200,     9500,    57000,   105800,   262080,   670000,
      BusinessReport,       1632,          0,          0,          0,       1455,       2460,    31000,    67000,   136000,   200000,   355730,   720000,
          CustBuyBeh,       6520,          0,          0,          0,       3825,       6093,      400,     8500,    65000,   108000,   249000,   670000,
       ProductReturn,      17015,          0,          0,          0,       9559,      14964,      200,     8400,    62000,   109000,   282000,  1100000,

  6245s: (79%)   IR =  10931 .[6247.248s][info][gc,start       ] GC(998) Pause Young (Normal) (G1 Evacuation Pause)
[6247.248s][info][gc,task        ] GC(998) Using 8 workers of 8 for evacuation
[6247.402s][info][gc,phases      ] GC(998)   Pre Evacuate Collection Set: 0.22ms
[6247.402s][info][gc,phases      ] GC(998)   Merge Heap Roots: 0.51ms
[6247.402s][info][gc,phases      ] GC(998)   Evacuate Collection Set: 151.98ms
[6247.402s][info][gc,phases      ] GC(998)   Post Evacuate Collection Set: 1.03ms
[6247.402s][info][gc,phases      ] GC(998)   Other: 0.07ms
[6247.402s][info][gc,heap        ] GC(998) Eden regions: 571->0(570)
[6247.402s][info][gc,heap        ] GC(998) Survivor regions: 43->44(77)
[6247.402s][info][gc,heap        ] GC(998) Old regions: 193->200
[6247.402s][info][gc,heap        ] GC(998) Humongous regions: 33->33
[6247.402s][info][gc,metaspace   ] GC(998) Metaspace: 30016K(30528K)->30016K(30528K) NonClass: 24603K(24896K)->24603K(24896K) Class: 5412K(5632K)->5412K(5632K)
[6247.402s][info][gc             ] GC(998) Pause Young (Normal) (G1 Evacuation Pause) 6697M->2193M(8192M) 153.958ms
[6247.402s][info][gc,cpu         ] GC(998) User=1.22s Sys=0.00s Real=0.15s
...[6250.688s][info][gc,start       ] GC(999) Pause Young (Normal) (G1 Evacuation Pause)
[6250.688s][info][gc,task        ] GC(999) Using 8 workers of 8 for evacuation
[6250.841s][info][gc,phases      ] GC(999)   Pre Evacuate Collection Set: 0.24ms
[6250.841s][info][gc,phases      ] GC(999)   Merge Heap Roots: 0.50ms
[6250.841s][info][gc,phases      ] GC(999)   Evacuate Collection Set: 151.13ms
[6250.841s][info][gc,phases      ] GC(999)   Post Evacuate Collection Set: 1.03ms
[6250.841s][info][gc,phases      ] GC(999)   Other: 0.06ms
[6250.841s][info][gc,heap        ] GC(999) Eden regions: 570->0(571)
[6250.841s][info][gc,heap        ] GC(999) Survivor regions: 44->43(77)
[6250.841s][info][gc,heap        ] GC(999) Old regions: 200->207
[6250.841s][info][gc,heap        ] GC(999) Humongous regions: 33->33
[6250.841s][info][gc,metaspace   ] GC(999) Metaspace: 30016K(30528K)->30016K(30528K) NonClass: 24603K(24896K)->24603K(24896K) Class: 5412K(5632K)->5412K(5632K)
[6250.841s][info][gc             ] GC(999) Pause Young (Normal) (G1 Evacuation Pause) 6753M->2246M(8192M) 153.095ms
[6250.841s][info][gc,cpu         ] GC(999) User=1.19s Sys=0.00s Real=0.15s
....[6254.140s][info][gc,start       ] GC(1000) Pause Young (Normal) (G1 Evacuation Pause)
[6254.140s][info][gc,task        ] GC(1000) Using 8 workers of 8 for evacuation
[6254.292s][info][gc,phases      ] GC(1000)   Pre Evacuate Collection Set: 0.24ms
[6254.292s][info][gc,phases      ] GC(1000)   Merge Heap Roots: 0.50ms
[6254.292s][info][gc,phases      ] GC(1000)   Evacuate Collection Set: 149.33ms
[6254.292s][info][gc,phases      ] GC(1000)   Post Evacuate Collection Set: 1.05ms
[6254.292s][info][gc,phases      ] GC(1000)   Other: 0.06ms
[6254.292s][info][gc,heap        ] GC(1000) Eden regions: 571->0(570)
[6254.292s][info][gc,heap        ] GC(1000) Survivor regions: 43->44(77)
[6254.292s][info][gc,heap        ] GC(1000) Old regions: 207->214
[6254.292s][info][gc,heap        ] GC(1000) Humongous regions: 33->33
[6254.292s][info][gc,metaspace   ] GC(1000) Metaspace: 30016K(30528K)->30016K(30528K) NonClass: 24603K(24896K)->24603K(24896K) Class: 5412K(5632K)->5412K(5632K)
[6254.292s][info][gc             ] GC(1000) Pause Young (Normal) (G1 Evacuation Pause) 6814M->2307M(8192M) 151.310ms
[6254.292s][info][gc,cpu         ] GC(1000) User=1.20s Sys=0.00s Real=0.15s
...|[6257.771s][info][gc,start       ] GC(1001) Pause Young (Normal) (G1 Evacuation Pause)
[6257.771s][info][gc,task        ] GC(1001) Using 8 workers of 8 for evacuation
[6257.922s][info][gc,phases      ] GC(1001)   Pre Evacuate Collection Set: 0.23ms
[6257.922s][info][gc,phases      ] GC(1001)   Merge Heap Roots: 0.51ms
[6257.922s][info][gc,phases      ] GC(1001)   Evacuate Collection Set: 149.62ms
[6257.922s][info][gc,phases      ] GC(1001)   Post Evacuate Collection Set: 1.05ms
[6257.922s][info][gc,phases      ] GC(1001)   Other: 0.06ms
[6257.922s][info][gc,heap        ] GC(1001) Eden regions: 570->0(571)
[6257.922s][info][gc,heap        ] GC(1001) Survivor regions: 44->43(77)
[6257.922s][info][gc,heap        ] GC(1001) Old regions: 214->221
[6257.922s][info][gc,heap        ] GC(1001) Humongous regions: 33->33
[6257.922s][info][gc,metaspace   ] GC(1001) Metaspace: 30016K(30528K)->30016K(30528K) NonClass: 24603K(24896K)->24603K(24896K) Class: 5412K(5632K)->5412K(5632K)
[6257.922s][info][gc             ] GC(1001) Pause Young (Normal) (G1 Evacuation Pause) 6867M->2359M(8192M) 151.602ms
[6257.922s][info][gc,cpu         ] GC(1001) User=1.20s Sys=0.00s Real=0.15s
....[6261.294s][info][gc,start       ] GC(1002) Pause Young (Normal) (G1 Evacuation Pause)
[6261.294s][info][gc,task        ] GC(1002) Using 8 workers of 8 for evacuation
[6261.446s][info][gc,phases      ] GC(1002)   Pre Evacuate Collection Set: 0.24ms
[6261.446s][info][gc,phases      ] GC(1002)   Merge Heap Roots: 0.61ms
[6261.446s][info][gc,phases      ] GC(1002)   Evacuate Collection Set: 149.27ms
[6261.446s][info][gc,phases      ] GC(1002)   Post Evacuate Collection Set: 0.98ms
[6261.446s][info][gc,phases      ] GC(1002)   Other: 0.07ms
[6261.446s][info][gc,heap        ] GC(1002) Eden regions: 571->0(570)
[6261.446s][info][gc,heap        ] GC(1002) Survivor regions: 43->44(77)
[6261.446s][info][gc,heap        ] GC(1002) Old regions: 221->228
[6261.446s][info][gc,heap        ] GC(1002) Humongous regions: 33->33
[6261.446s][info][gc,metaspace   ] GC(1002) Metaspace: 30016K(30528K)->30016K(30528K) NonClass: 24603K(24896K)->24603K(24896K) Class: 5412K(5632K)->5412K(5632K)
[6261.446s][info][gc             ] GC(1002) Pause Young (Normal) (G1 Evacuation Pause) 6927M->2418M(8192M) 151.311ms
[6261.446s][info][gc,cpu         ] GC(1002) User=1.20s Sys=0.00s Real=0.15s
...[6264.642s][info][gc,start       ] GC(1003) Pause Young (Normal) (G1 Evacuation Pause)
[6264.642s][info][gc,task        ] GC(1003) Using 8 workers of 8 for evacuation
[6264.794s][info][gc,phases      ] GC(1003)   Pre Evacuate Collection Set: 0.23ms
[6264.794s][info][gc,phases      ] GC(1003)   Merge Heap Roots: 0.57ms
[6264.794s][info][gc,phases      ] GC(1003)   Evacuate Collection Set: 150.55ms
[6264.794s][info][gc,phases      ] GC(1003)   Post Evacuate Collection Set: 1.03ms
[6264.794s][info][gc,phases      ] GC(1003)   Other: 0.06ms
[6264.794s][info][gc,heap        ] GC(1003) Eden regions: 570->0(571)
[6264.794s][info][gc,heap        ] GC(1003) Survivor regions: 44->43(77)
[6264.794s][info][gc,heap        ] GC(1003) Old regions: 228->235
[6264.794s][info][gc,heap        ] GC(1003) Humongous regions: 33->33
[6264.794s][info][gc,metaspace   ] GC(1003) Metaspace: 30016K(30528K)->30016K(30528K) NonClass: 24603K(24896K)->24603K(24896K) Class: 5412K(5632K)->5412K(5632K)
[6264.794s][info][gc             ] GC(1003) Pause Young (Normal) (G1 Evacuation Pause) 6978M->2471M(8192M) 152.585ms
[6264.794s][info][gc,cpu         ] GC(1003) User=1.20s Sys=0.00s Real=0.16s
....[6268.216s][info][gc,start       ] GC(1004) Pause Young (Normal) (G1 Evacuation Pause)
[6268.216s][info][gc,task        ] GC(1004) Using 8 workers of 8 for evacuation
[6268.371s][info][gc,phases      ] GC(1004)   Pre Evacuate Collection Set: 0.23ms
[6268.371s][info][gc,phases      ] GC(1004)   Merge Heap Roots: 0.52ms
[6268.371s][info][gc,phases      ] GC(1004)   Evacuate Collection Set: 152.45ms
[6268.371s][info][gc,phases      ] GC(1004)   Post Evacuate Collection Set: 1.00ms
[6268.371s][info][gc,phases      ] GC(1004)   Other: 0.06ms
[6268.371s][info][gc,heap        ] GC(1004) Eden regions: 571->0(570)
[6268.371s][info][gc,heap        ] GC(1004) Survivor regions: 43->44(77)
[6268.371s][info][gc,heap        ] GC(1004) Old regions: 235->242
[6268.371s][info][gc,heap        ] GC(1004) Humongous regions: 33->33
[6268.371s][info][gc,metaspace   ] GC(1004) Metaspace: 30016K(30528K)->30016K(30528K) NonClass: 24603K(24896K)->24603K(24896K) Class: 5412K(5632K)->5412K(5632K)
[6268.371s][info][gc             ] GC(1004) Pause Young (Normal) (G1 Evacuation Pause) 7039M->2531M(8192M) 154.388ms
[6268.371s][info][gc,cpu         ] GC(1004) User=1.22s Sys=0.00s Real=0.15s
...[6271.649s][info][gc,start       ] GC(1005) Pause Young (Normal) (G1 Evacuation Pause)
[6271.649s][info][gc,task        ] GC(1005) Using 8 workers of 8 for evacuation
[6271.803s][info][gc,phases      ] GC(1005)   Pre Evacuate Collection Set: 0.22ms
[6271.803s][info][gc,phases      ] GC(1005)   Merge Heap Roots: 0.52ms
[6271.803s][info][gc,phases      ] GC(1005)   Evacuate Collection Set: 152.14ms
[6271.803s][info][gc,phases      ] GC(1005)   Post Evacuate Collection Set: 1.04ms
[6271.803s][info][gc,phases      ] GC(1005)   Other: 0.06ms
[6271.803s][info][gc,heap        ] GC(1005) Eden regions: 570->0(571)
[6271.803s][info][gc,heap        ] GC(1005) Survivor regions: 44->43(77)
[6271.804s][info][gc,heap        ] GC(1005) Old regions: 242->249
[6271.804s][info][gc,heap        ] GC(1005) Humongous regions: 33->33
[6271.804s][info][gc,metaspace   ] GC(1005) Metaspace: 30016K(30528K)->30016K(30528K) NonClass: 24603K(24896K)->24603K(24896K) Class: 5412K(5632K)->5412K(5632K)
[6271.804s][info][gc             ] GC(1005) Pause Young (Normal) (G1 Evacuation Pause) 7091M->2583M(8192M) 154.119ms
[6271.804s][info][gc,cpu         ] GC(1005) User=1.22s Sys=0.00s Real=0.16s
....[6275.196s][info][gc,start       ] GC(1006) Pause Young (Normal) (G1 Evacuation Pause)
[6275.196s][info][gc,task        ] GC(1006) Using 8 workers of 8 for evacuation
[6275.349s][info][gc,phases      ] GC(1006)   Pre Evacuate Collection Set: 0.22ms
[6275.349s][info][gc,phases      ] GC(1006)   Merge Heap Roots: 0.48ms
[6275.349s][info][gc,phases      ] GC(1006)   Evacuate Collection Set: 151.87ms
[6275.349s][info][gc,phases      ] GC(1006)   Post Evacuate Collection Set: 1.08ms
[6275.349s][info][gc,phases      ] GC(1006)   Other: 0.06ms
[6275.349s][info][gc,heap        ] GC(1006) Eden regions: 571->0(570)
[6275.349s][info][gc,heap        ] GC(1006) Survivor regions: 43->44(77)
[6275.349s][info][gc,heap        ] GC(1006) Old regions: 249->256
[6275.349s][info][gc,heap        ] GC(1006) Humongous regions: 33->33
[6275.349s][info][gc,metaspace   ] GC(1006) Metaspace: 30016K(30528K)->30016K(30528K) NonClass: 24603K(24896K)->24603K(24896K) Class: 5412K(5632K)->5412K(5632K)
[6275.349s][info][gc             ] GC(1006) Pause Young (Normal) (G1 Evacuation Pause) 7151M->2644M(8192M) 153.864ms
[6275.349s][info][gc,cpu         ] GC(1006) User=1.22s Sys=0.00s Real=0.15s
...[6278.682s][info][gc,start       ] GC(1007) Pause Young (Normal) (G1 Evacuation Pause)
[6278.682s][info][gc,task        ] GC(1007) Using 8 workers of 8 for evacuation
[6278.834s][info][gc,phases      ] GC(1007)   Pre Evacuate Collection Set: 0.22ms
[6278.834s][info][gc,phases      ] GC(1007)   Merge Heap Roots: 0.54ms
[6278.834s][info][gc,phases      ] GC(1007)   Evacuate Collection Set: 149.91ms
[6278.834s][info][gc,phases      ] GC(1007)   Post Evacuate Collection Set: 1.06ms
[6278.834s][info][gc,phases      ] GC(1007)   Other: 0.06ms
[6278.834s][info][gc,heap        ] GC(1007) Eden regions: 570->0(570)
[6278.834s][info][gc,heap        ] GC(1007) Survivor regions: 44->44(77)
[6278.834s][info][gc,heap        ] GC(1007) Old regions: 256->264
[6278.834s][info][gc,heap        ] GC(1007) Humongous regions: 33->33
[6278.834s][info][gc,metaspace   ] GC(1007) Metaspace: 30016K(30528K)->30016K(30528K) NonClass: 24603K(24896K)->24603K(24896K) Class: 5412K(5632K)->5412K(5632K)
[6278.834s][info][gc             ] GC(1007) Pause Young (Normal) (G1 Evacuation Pause) 7204M->2703M(8192M) 151.914ms
[6278.834s][info][gc,cpu         ] GC(1007) User=1.20s Sys=0.00s Real=0.16s
....[6282.166s][info][gc,start       ] GC(1008) Pause Young (Normal) (G1 Evacuation Pause)
[6282.166s][info][gc,task        ] GC(1008) Using 8 workers of 8 for evacuation
[6282.321s][info][gc,phases      ] GC(1008)   Pre Evacuate Collection Set: 0.23ms
[6282.321s][info][gc,phases      ] GC(1008)   Merge Heap Roots: 0.52ms
[6282.321s][info][gc,phases      ] GC(1008)   Evacuate Collection Set: 152.74ms
[6282.321s][info][gc,phases      ] GC(1008)   Post Evacuate Collection Set: 1.00ms
[6282.321s][info][gc,phases      ] GC(1008)   Other: 0.06ms
[6282.321s][info][gc,heap        ] GC(1008) Eden regions: 570->0(570)
[6282.321s][info][gc,heap        ] GC(1008) Survivor regions: 44->44(77)
[6282.321s][info][gc,heap        ] GC(1008) Old regions: 264->270
[6282.321s][info][gc,heap        ] GC(1008) Humongous regions: 33->33
[6282.321s][info][gc,metaspace   ] GC(1008) Metaspace: 30016K(30528K)->30016K(30528K) NonClass: 24603K(24896K)->24603K(24896K) Class: 5412K(5632K)->5412K(5632K)
[6282.321s][info][gc             ] GC(1008) Pause Young (Normal) (G1 Evacuation Pause) 7263M->2757M(8192M) 154.665ms
[6282.321s][info][gc,cpu         ] GC(1008) User=1.22s Sys=0.00s Real=0.15s
...[6285.560s][info][gc,start       ] GC(1009) Pause Young (Normal) (G1 Evacuation Pause)
[6285.560s][info][gc,task        ] GC(1009) Using 8 workers of 8 for evacuation
[6285.709s][info][gc,phases      ] GC(1009)   Pre Evacuate Collection Set: 0.26ms
[6285.709s][info][gc,phases      ] GC(1009)   Merge Heap Roots: 0.53ms
[6285.709s][info][gc,phases      ] GC(1009)   Evacuate Collection Set: 147.41ms
[6285.709s][info][gc,phases      ] GC(1009)   Post Evacuate Collection Set: 1.00ms
[6285.709s][info][gc,phases      ] GC(1009)   Other: 0.06ms
[6285.709s][info][gc,heap        ] GC(1009) Eden regions: 570->0(571)
[6285.709s][info][gc,heap        ] GC(1009) Survivor regions: 44->43(77)
[6285.709s][info][gc,heap        ] GC(1009) Old regions: 270->277
[6285.709s][info][gc,heap        ] GC(1009) Humongous regions: 33->33
[6285.709s][info][gc,metaspace   ] GC(1009) Metaspace: 30016K(30528K)->30016K(30528K) NonClass: 24603K(24896K)->24603K(24896K) Class: 5412K(5632K)->5412K(5632K)
[6285.709s][info][gc             ] GC(1009) Pause Young (Normal) (G1 Evacuation Pause) 7317M->2810M(8192M) 149.397ms
[6285.709s][info][gc,cpu         ] GC(1009) User=1.19s Sys=0.00s Real=0.15s
....[6289.021s][info][gc,start       ] GC(1010) Pause Young (Normal) (G1 Evacuation Pause)
[6289.021s][info][gc,task        ] GC(1010) Using 8 workers of 8 for evacuation
[6289.174s][info][gc,phases      ] GC(1010)   Pre Evacuate Collection Set: 0.25ms
[6289.174s][info][gc,phases      ] GC(1010)   Merge Heap Roots: 0.54ms
[6289.174s][info][gc,phases      ] GC(1010)   Evacuate Collection Set: 151.41ms
[6289.174s][info][gc,phases      ] GC(1010)   Post Evacuate Collection Set: 1.01ms
[6289.175s][info][gc,phases      ] GC(1010)   Other: 0.06ms
[6289.175s][info][gc,heap        ] GC(1010) Eden regions: 571->0(568)
[6289.175s][info][gc,heap        ] GC(1010) Survivor regions: 43->43(77)
[6289.175s][info][gc,heap        ] GC(1010) Old regions: 277->285
[6289.175s][info][gc,heap        ] GC(1010) Humongous regions: 33->33
[6289.175s][info][gc,metaspace   ] GC(1010) Metaspace: 30016K(30528K)->30016K(30528K) NonClass: 24603K(24896K)->24603K(24896K) Class: 5412K(5632K)->5412K(5632K)
[6289.175s][info][gc             ] GC(1010) Pause Young (Normal) (G1 Evacuation Pause) 7378M->2867M(8192M) 153.409ms
[6289.175s][info][gc,cpu         ] GC(1010) User=1.22s Sys=0.00s Real=0.16s
...[6292.480s][info][gc,start       ] GC(1011) Pause Young (Normal) (G1 Evacuation Pause)
[6292.480s][info][gc,task        ] GC(1011) Using 8 workers of 8 for evacuation
[6292.633s][info][gc,phases      ] GC(1011)   Pre Evacuate Collection Set: 0.23ms
[6292.633s][info][gc,phases      ] GC(1011)   Merge Heap Roots: 0.52ms
[6292.633s][info][gc,phases      ] GC(1011)   Evacuate Collection Set: 151.48ms
[6292.633s][info][gc,phases      ] GC(1011)   Post Evacuate Collection Set: 1.00ms
[6292.633s][info][gc,phases      ] GC(1011)   Other: 0.06ms
[6292.633s][info][gc,heap        ] GC(1011) Eden regions: 568->0(562)
[6292.633s][info][gc,heap        ] GC(1011) Survivor regions: 43->43(77)
[6292.633s][info][gc,heap        ] GC(1011) Old regions: 285->291
[6292.633s][info][gc,heap        ] GC(1011) Humongous regions: 33->33
[6292.633s][info][gc,metaspace   ] GC(1011) Metaspace: 30016K(30528K)->30016K(30528K) NonClass: 24603K(24896K)->24603K(24896K) Class: 5412K(5632K)->5412K(5632K)
[6292.633s][info][gc             ] GC(1011) Pause Young (Normal) (G1 Evacuation Pause) 7411M->2922M(8192M) 153.439ms
[6292.633s][info][gc,cpu         ] GC(1011) User=1.21s Sys=0.00s Real=0.16s
...[6295.943s][info][gc,start       ] GC(1012) Pause Young (Normal) (G1 Evacuation Pause)
[6295.943s][info][gc,task        ] GC(1012) Using 8 workers of 8 for evacuation
[6296.104s][info][gc,phases      ] GC(1012)   Pre Evacuate Collection Set: 0.24ms
[6296.104s][info][gc,phases      ] GC(1012)   Merge Heap Roots: 0.54ms
[6296.104s][info][gc,phases      ] GC(1012)   Evacuate Collection Set: 159.00ms
[6296.104s][info][gc,phases      ] GC(1012)   Post Evacuate Collection Set: 1.02ms
[6296.104s][info][gc,phases      ] GC(1012)   Other: 0.06ms
[6296.104s][info][gc,heap        ] GC(1012) Eden regions: 562->0(550)
[6296.104s][info][gc,heap        ] GC(1012) Survivor regions: 43->45(76)
[6296.104s][info][gc,heap        ] GC(1012) Old regions: 291->299
[6296.104s][info][gc,heap        ] GC(1012) Humongous regions: 33->33
[6296.104s][info][gc,metaspace   ] GC(1012) Metaspace: 30016K(30528K)->30016K(30528K) NonClass: 24603K(24896K)->24603K(24896K) Class: 5412K(5632K)->5412K(5632K)
[6296.104s][info][gc             ] GC(1012) Pause Young (Normal) (G1 Evacuation Pause) 7418M->2993M(8192M) 160.991ms
[6296.104s][info][gc,cpu         ] GC(1012) User=1.27s Sys=0.01s Real=0.17s
....[6299.297s][info][gc,start       ] GC(1013) Pause Young (Normal) (G1 Evacuation Pause)
[6299.297s][info][gc,task        ] GC(1013) Using 8 workers of 8 for evacuation
[6299.448s][info][gc,phases      ] GC(1013)   Pre Evacuate Collection Set: 0.23ms
[6299.448s][info][gc,phases      ] GC(1013)   Merge Heap Roots: 0.52ms
[6299.448s][info][gc,phases      ] GC(1013)   Evacuate Collection Set: 148.71ms
[6299.448s][info][gc,phases      ] GC(1013)   Post Evacuate Collection Set: 0.99ms
[6299.448s][info][gc,phases      ] GC(1013)   Other: 0.07ms
[6299.448s][info][gc,heap        ] GC(1013) Eden regions: 550->0(547)
[6299.448s][info][gc,heap        ] GC(1013) Survivor regions: 45->43(75)
[6299.448s][info][gc,heap        ] GC(1013) Old regions: 299->306
[6299.448s][info][gc,heap        ] GC(1013) Humongous regions: 33->33
[6299.448s][info][gc,metaspace   ] GC(1013) Metaspace: 30016K(30528K)->30016K(30528K) NonClass: 24603K(24896K)->24603K(24896K) Class: 5412K(5632K)->5412K(5632K)
[6299.448s][info][gc             ] GC(1013) Pause Young (Normal) (G1 Evacuation Pause) 7393M->3038M(8192M) 150.665ms
[6299.448s][info][gc,cpu         ] GC(1013) User=1.19s Sys=0.00s Real=0.15s
...[6302.599s][info][gc,start       ] GC(1014) Pause Young (Concurrent Start) (G1 Evacuation Pause)
[6302.599s][info][gc,task        ] GC(1014) Using 8 workers of 8 for evacuation
[6302.752s][info][gc,phases      ] GC(1014)   Pre Evacuate Collection Set: 0.29ms
[6302.752s][info][gc,phases      ] GC(1014)   Merge Heap Roots: 0.50ms
[6302.752s][info][gc,phases      ] GC(1014)   Evacuate Collection Set: 150.47ms
[6302.752s][info][gc,phases      ] GC(1014)   Post Evacuate Collection Set: 0.98ms
[6302.752s][info][gc,phases      ] GC(1014)   Other: 0.12ms
[6302.752s][info][gc,heap        ] GC(1014) Eden regions: 547->0(538)
[6302.752s][info][gc,heap        ] GC(1014) Survivor regions: 43->44(74)
[6302.752s][info][gc,heap        ] GC(1014) Old regions: 306->313
[6302.752s][info][gc,heap        ] GC(1014) Humongous regions: 33->33
[6302.752s][info][gc,metaspace   ] GC(1014) Metaspace: 30016K(30528K)->30016K(30528K) NonClass: 24603K(24896K)->24603K(24896K) Class: 5412K(5632K)->5412K(5632K)
[6302.752s][info][gc             ] GC(1014) Pause Young (Concurrent Start) (G1 Evacuation Pause) 7414M->3102M(8192M) 152.469ms
[6302.752s][info][gc             ] GC(1015) Concurrent Mark Cycle
[6302.752s][info][gc,marking     ] GC(1015) Concurrent Scan Root Regions
[6302.752s][info][gc,cpu         ] GC(1014) User=1.21s Sys=0.00s Real=0.15s
[6303.031s][info][gc,marking     ] GC(1015) Concurrent Scan Root Regions 279.801ms
[6303.031s][info][gc,marking     ] GC(1015) Concurrent Mark
[6303.031s][info][gc,marking     ] GC(1015) Concurrent Mark From Roots
[6303.031s][info][gc,task        ] GC(1015) Using 2 workers of 2 for marking
..[6304.298s][info][gc,marking     ] GC(1015) Concurrent Mark From Roots 1266.730ms
[6304.298s][info][gc,marking     ] GC(1015) Concurrent Preclean
[6304.298s][info][gc,marking     ] GC(1015) Concurrent Preclean 0.143ms
[6304.299s][info][gc,start       ] GC(1015) Pause Remark
[6304.301s][info][gc             ] GC(1015) Pause Remark 4830M->4318M(8192M) 2.410ms
[6304.301s][info][gc,cpu         ] GC(1015) User=0.02s Sys=0.00s Real=0.00s
[6304.301s][info][gc,marking     ] GC(1015) Concurrent Mark 1269.581ms
[6304.301s][info][gc,marking     ] GC(1015) Concurrent Rebuild Remembered Sets and Scrub Regions
.[6305.141s][info][gc,marking     ] GC(1015) Concurrent Rebuild Remembered Sets and Scrub Regions 839.601ms
[6305.141s][info][gc,start       ] GC(1015) Pause Cleanup
[6305.141s][info][gc             ] GC(1015) Pause Cleanup 5506M->5506M(8192M) 0.270ms
[6305.141s][info][gc,cpu         ] GC(1015) User=0.00s Sys=0.00s Real=0.00s
[6305.141s][info][gc,marking     ] GC(1015) Concurrent Clear Claimed Marks
[6305.141s][info][gc,marking     ] GC(1015) Concurrent Clear Claimed Marks 0.044ms
[6305.141s][info][gc,marking     ] GC(1015) Concurrent Cleanup for Next Mark
[6305.152s][info][gc,marking     ] GC(1015) Concurrent Cleanup for Next Mark 10.696ms
[6305.152s][info][gc             ] GC(1015) Concurrent Mark Cycle 2400.403ms
[6306.007s][info][gc,start       ] GC(1016) Pause Young (Prepare Mixed) (G1 Evacuation Pause)
[6306.007s][info][gc,task        ] GC(1016) Using 8 workers of 8 for evacuation
[6306.160s][info][gc,phases      ] GC(1016)   Pre Evacuate Collection Set: 0.24ms
[6306.160s][info][gc,phases      ] GC(1016)   Merge Heap Roots: 0.68ms
[6306.160s][info][gc,phases      ] GC(1016)   Evacuate Collection Set: 151.08ms
[6306.160s][info][gc,phases      ] GC(1016)   Post Evacuate Collection Set: 1.06ms
[6306.160s][info][gc,phases      ] GC(1016)   Other: 0.06ms
[6306.160s][info][gc,heap        ] GC(1016) Eden regions: 538->0(570)
[6306.160s][info][gc,heap        ] GC(1016) Survivor regions: 44->44(73)
[6306.160s][info][gc,heap        ] GC(1016) Old regions: 249->257
[6306.160s][info][gc,heap        ] GC(1016) Humongous regions: 33->33
[6306.160s][info][gc,metaspace   ] GC(1016) Metaspace: 30016K(30528K)->30016K(30528K) NonClass: 24603K(24896K)->24603K(24896K) Class: 5412K(5632K)->5412K(5632K)
[6306.160s][info][gc             ] GC(1016) Pause Young (Prepare Mixed) (G1 Evacuation Pause) 6894M->2651M(8192M) 153.260ms
[6306.160s][info][gc,cpu         ] GC(1016) User=1.22s Sys=0.00s Real=0.15s
....[6309.251s][info][gc,start       ] GC(1017) Pause Young (Mixed) (G1 Evacuation Pause)
[6309.251s][info][gc,task        ] GC(1017) Using 8 workers of 8 for evacuation
[6309.415s][info][gc,phases      ] GC(1017)   Pre Evacuate Collection Set: 0.28ms
[6309.415s][info][gc,phases      ] GC(1017)   Merge Heap Roots: 0.77ms
[6309.415s][info][gc,phases      ] GC(1017)   Evacuate Collection Set: 161.18ms
[6309.415s][info][gc,phases      ] GC(1017)   Post Evacuate Collection Set: 1.24ms
[6309.415s][info][gc,phases      ] GC(1017)   Other: 0.07ms
[6309.415s][info][gc,heap        ] GC(1017) Eden regions: 570->0(569)
[6309.415s][info][gc,heap        ] GC(1017) Survivor regions: 44->45(77)
[6309.415s][info][gc,heap        ] GC(1017) Old regions: 257->162
[6309.415s][info][gc,heap        ] GC(1017) Humongous regions: 33->33
[6309.415s][info][gc,metaspace   ] GC(1017) Metaspace: 30016K(30528K)->30016K(30528K) NonClass: 24603K(24896K)->24603K(24896K) Class: 5412K(5632K)->5412K(5632K)
[6309.415s][info][gc             ] GC(1017) Pause Young (Mixed) (G1 Evacuation Pause) 7211M->1901M(8192M) 163.672ms
[6309.415s][info][gc,cpu         ] GC(1017) User=1.30s Sys=0.00s Real=0.17s
...[6312.749s][info][gc,start       ] GC(1018) Pause Young (Mixed) (G1 Evacuation Pause)
[6312.749s][info][gc,task        ] GC(1018) Using 8 workers of 8 for evacuation
[6312.908s][info][gc,phases      ] GC(1018)   Pre Evacuate Collection Set: 0.23ms
[6312.908s][info][gc,phases      ] GC(1018)   Merge Heap Roots: 0.80ms
[6312.908s][info][gc,phases      ] GC(1018)   Evacuate Collection Set: 156.41ms
[6312.908s][info][gc,phases      ] GC(1018)   Post Evacuate Collection Set: 1.04ms
[6312.908s][info][gc,phases      ] GC(1018)   Other: 0.07ms
[6312.908s][info][gc,heap        ] GC(1018) Eden regions: 569->0(571)
[6312.908s][info][gc,heap        ] GC(1018) Survivor regions: 45->43(77)
[6312.908s][info][gc,heap        ] GC(1018) Old regions: 162->144
[6312.908s][info][gc,heap        ] GC(1018) Humongous regions: 33->33
[6312.908s][info][gc,metaspace   ] GC(1018) Metaspace: 30016K(30528K)->30016K(30528K) NonClass: 24603K(24896K)->24603K(24896K) Class: 5412K(5632K)->5412K(5632K)
[6312.908s][info][gc             ] GC(1018) Pause Young (Mixed) (G1 Evacuation Pause) 6453M->1739M(8192M) 158.664ms
[6312.908s][info][gc,cpu         ] GC(1018) User=1.26s Sys=0.00s Real=0.16s
....[6316.206s][info][gc,start       ] GC(1019) Pause Young (Normal) (G1 Evacuation Pause)
[6316.206s][info][gc,task        ] GC(1019) Using 8 workers of 8 for evacuation
[6316.364s][info][gc,phases      ] GC(1019)   Pre Evacuate Collection Set: 0.23ms
[6316.364s][info][gc,phases      ] GC(1019)   Merge Heap Roots: 0.49ms
[6316.364s][info][gc,phases      ] GC(1019)   Evacuate Collection Set: 155.73ms
[6316.364s][info][gc,phases      ] GC(1019)   Post Evacuate Collection Set: 1.01ms
[6316.364s][info][gc,phases      ] GC(1019)   Other: 0.07ms
[6316.364s][info][gc,heap        ] GC(1019) Eden regions: 571->0(569)
[6316.364s][info][gc,heap        ] GC(1019) Survivor regions: 43->45(77)
[6316.364s][info][gc,heap        ] GC(1019) Old regions: 144->151
[6316.364s][info][gc,heap        ] GC(1019) Humongous regions: 33->33
[6316.364s][info][gc,metaspace   ] GC(1019) Metaspace: 30016K(30528K)->30016K(30528K) NonClass: 24603K(24896K)->24603K(24896K) Class: 5412K(5632K)->5412K(5632K)
[6316.364s][info][gc             ] GC(1019) Pause Young (Normal) (G1 Evacuation Pause) 6307M->1813M(8192M) 157.656ms
[6316.364s][info][gc,cpu         ] GC(1019) User=1.25s Sys=0.00s Real=0.16s
. (rIR:aIR:PR = 10931:11040:11039) (tPR = 164509) [OK] 
  6317s: Performance info:
         Transaction,    Success,    Partial,     Failed,   Receipts, AvgBarcode, 
             Overall,     664771,          0,          0,     631855,      59.48, 
         Response times:
             Request,    Success,    Partial,     Failed,   SkipFail,     Probes,    Samples,      min,      p50,      p90,      p95,      p99,      max, 
       TotalPurchase,     631912,          0,          0,          0,     356498,     429045,      300,     9200,    66000,   106000,   224000,  2900000,
     InStorePurchase,     332818,          0,          0,          0,     187390,     225388,      300,     9200,    66000,   106000,   221000,  2900000,
      OnlinePurchase,     232779,          0,          0,          0,     130906,     157601,      300,     9100,    66000,   106000,   222000,  2900000,
        InstPurchase,      66315,          0,          0,          0,      38202,      46056,      400,     9300,    67000,   105150,   238000,  2900000,
          AssocOfCat,        664,          0,          0,          0,        555,        766,    32000,    63000,   121300,   213000,   317640,   552000,
      AssocOfProduct,       6508,          0,          0,          0,       3842,       4938,      600,    10000,    73000,   118000,   228000,   554000,
      BusinessReport,       1632,          0,          0,          0,       1439,       1907,    30000,    70000,   134000,   193600,   304920,   418000,
          CustBuyBeh,       6610,          0,          0,          0,       3918,       4984,      500,     9000,    67000,   104750,   237300,   499000,
       ProductReturn,      17502,          0,          0,          0,       9633,      11783,      200,     9100,    66000,   103000,   225000,   630000,

  6317s: (80%)   IR =  11070 ..[6319.662s][info][gc,start       ] GC(1020) Pause Young (Normal) (G1 Evacuation Pause)
[6319.662s][info][gc,task        ] GC(1020) Using 8 workers of 8 for evacuation
[6319.818s][info][gc,phases      ] GC(1020)   Pre Evacuate Collection Set: 0.23ms
[6319.818s][info][gc,phases      ] GC(1020)   Merge Heap Roots: 0.53ms
[6319.818s][info][gc,phases      ] GC(1020)   Evacuate Collection Set: 154.15ms
[6319.818s][info][gc,phases      ] GC(1020)   Post Evacuate Collection Set: 1.10ms
[6319.818s][info][gc,phases      ] GC(1020)   Other: 0.07ms
[6319.818s][info][gc,heap        ] GC(1020) Eden regions: 569->0(570)
[6319.818s][info][gc,heap        ] GC(1020) Survivor regions: 45->44(77)
[6319.818s][info][gc,heap        ] GC(1020) Old regions: 151->158
[6319.818s][info][gc,heap        ] GC(1020) Humongous regions: 33->33
[6319.818s][info][gc,metaspace   ] GC(1020) Metaspace: 30016K(30528K)->30016K(30528K) NonClass: 24603K(24896K)->24603K(24896K) Class: 5412K(5632K)->5412K(5632K)
[6319.818s][info][gc             ] GC(1020) Pause Young (Normal) (G1 Evacuation Pause) 6365M->1863M(8192M) 156.217ms
[6319.818s][info][gc,cpu         ] GC(1020) User=1.24s Sys=0.00s Real=0.16s
...[6323.135s][info][gc,start       ] GC(1021) Pause Young (Normal) (G1 Evacuation Pause)
[6323.135s][info][gc,task        ] GC(1021) Using 8 workers of 8 for evacuation
[6323.290s][info][gc,phases      ] GC(1021)   Pre Evacuate Collection Set: 0.25ms
[6323.290s][info][gc,phases      ] GC(1021)   Merge Heap Roots: 0.51ms
[6323.290s][info][gc,phases      ] GC(1021)   Evacuate Collection Set: 152.60ms
[6323.290s][info][gc,phases      ] GC(1021)   Post Evacuate Collection Set: 1.02ms
[6323.290s][info][gc,phases      ] GC(1021)   Other: 0.07ms
[6323.290s][info][gc,heap        ] GC(1021) Eden regions: 570->0(570)
[6323.290s][info][gc,heap        ] GC(1021) Survivor regions: 44->44(77)
[6323.290s][info][gc,heap        ] GC(1021) Old regions: 158->165
[6323.290s][info][gc,heap        ] GC(1021) Humongous regions: 33->33
[6323.290s][info][gc,metaspace   ] GC(1021) Metaspace: 30016K(30528K)->30016K(30528K) NonClass: 24603K(24896K)->24603K(24896K) Class: 5412K(5632K)->5412K(5632K)
[6323.290s][info][gc             ] GC(1021) Pause Young (Normal) (G1 Evacuation Pause) 6423M->1915M(8192M) 154.586ms
[6323.290s][info][gc,cpu         ] GC(1021) User=1.23s Sys=0.00s Real=0.15s
....|[6326.521s][info][gc,start       ] GC(1022) Pause Young (Normal) (G1 Evacuation Pause)
[6326.521s][info][gc,task        ] GC(1022) Using 8 workers of 8 for evacuation
[6326.676s][info][gc,phases      ] GC(1022)   Pre Evacuate Collection Set: 0.22ms
[6326.676s][info][gc,phases      ] GC(1022)   Merge Heap Roots: 0.50ms
[6326.676s][info][gc,phases      ] GC(1022)   Evacuate Collection Set: 153.50ms
[6326.676s][info][gc,phases      ] GC(1022)   Post Evacuate Collection Set: 1.02ms
[6326.676s][info][gc,phases      ] GC(1022)   Other: 0.08ms
[6326.676s][info][gc,heap        ] GC(1022) Eden regions: 570->0(571)
[6326.676s][info][gc,heap        ] GC(1022) Survivor regions: 44->43(77)
[6326.676s][info][gc,heap        ] GC(1022) Old regions: 165->172
[6326.676s][info][gc,heap        ] GC(1022) Humongous regions: 33->33
[6326.676s][info][gc,metaspace   ] GC(1022) Metaspace: 30016K(30528K)->30016K(30528K) NonClass: 24603K(24896K)->24603K(24896K) Class: 5412K(5632K)->5412K(5632K)
[6326.676s][info][gc             ] GC(1022) Pause Young (Normal) (G1 Evacuation Pause) 6475M->1970M(8192M) 155.453ms
[6326.676s][info][gc,cpu         ] GC(1022) User=1.23s Sys=0.00s Real=0.16s
...[6329.961s][info][gc,start       ] GC(1023) Pause Young (Normal) (G1 Evacuation Pause)
[6329.961s][info][gc,task        ] GC(1023) Using 8 workers of 8 for evacuation
[6330.120s][info][gc,phases      ] GC(1023)   Pre Evacuate Collection Set: 0.21ms
[6330.120s][info][gc,phases      ] GC(1023)   Merge Heap Roots: 0.52ms
[6330.120s][info][gc,phases      ] GC(1023)   Evacuate Collection Set: 157.59ms
[6330.120s][info][gc,phases      ] GC(1023)   Post Evacuate Collection Set: 1.03ms
[6330.120s][info][gc,phases      ] GC(1023)   Other: 0.06ms
[6330.120s][info][gc,heap        ] GC(1023) Eden regions: 571->0(568)
[6330.120s][info][gc,heap        ] GC(1023) Survivor regions: 43->46(77)
[6330.120s][info][gc,heap        ] GC(1023) Old regions: 172->180
[6330.120s][info][gc,heap        ] GC(1023) Humongous regions: 33->33
[6330.120s][info][gc,metaspace   ] GC(1023) Metaspace: 30016K(30528K)->30016K(30528K) NonClass: 24603K(24896K)->24603K(24896K) Class: 5412K(5632K)->5412K(5632K)
[6330.120s][info][gc             ] GC(1023) Pause Young (Normal) (G1 Evacuation Pause) 6538M->2048M(8192M) 159.540ms
[6330.120s][info][gc,cpu         ] GC(1023) User=1.26s Sys=0.00s Real=0.16s
....[6333.498s][info][gc,start       ] GC(1024) Pause Young (Normal) (G1 Evacuation Pause)
[6333.499s][info][gc,task        ] GC(1024) Using 8 workers of 8 for evacuation
[6333.648s][info][gc,phases      ] GC(1024)   Pre Evacuate Collection Set: 0.25ms
[6333.648s][info][gc,phases      ] GC(1024)   Merge Heap Roots: 0.53ms
[6333.648s][info][gc,phases      ] GC(1024)   Evacuate Collection Set: 147.28ms
[6333.648s][info][gc,phases      ] GC(1024)   Post Evacuate Collection Set: 0.99ms
[6333.648s][info][gc,phases      ] GC(1024)   Other: 0.06ms
[6333.648s][info][gc,heap        ] GC(1024) Eden regions: 568->0(572)
[6333.648s][info][gc,heap        ] GC(1024) Survivor regions: 46->42(77)
[6333.648s][info][gc,heap        ] GC(1024) Old regions: 180->187
[6333.648s][info][gc,heap        ] GC(1024) Humongous regions: 33->33
[6333.648s][info][gc,metaspace   ] GC(1024) Metaspace: 30016K(30528K)->30016K(30528K) NonClass: 24603K(24896K)->24603K(24896K) Class: 5412K(5632K)->5412K(5632K)
[6333.648s][info][gc             ] GC(1024) Pause Young (Normal) (G1 Evacuation Pause) 6592M->2075M(8192M) 149.245ms
[6333.648s][info][gc,cpu         ] GC(1024) User=1.18s Sys=0.00s Real=0.15s
...[6336.972s][info][gc,start       ] GC(1025) Pause Young (Normal) (G1 Evacuation Pause)
[6336.972s][info][gc,task        ] GC(1025) Using 8 workers of 8 for evacuation
[6337.123s][info][gc,phases      ] GC(1025)   Pre Evacuate Collection Set: 0.21ms
[6337.123s][info][gc,phases      ] GC(1025)   Merge Heap Roots: 0.55ms
[6337.123s][info][gc,phases      ] GC(1025)   Evacuate Collection Set: 149.71ms
[6337.123s][info][gc,phases      ] GC(1025)   Post Evacuate Collection Set: 1.00ms
[6337.123s][info][gc,phases      ] GC(1025)   Other: 0.06ms
[6337.124s][info][gc,heap        ] GC(1025) Eden regions: 572->0(571)
[6337.124s][info][gc,heap        ] GC(1025) Survivor regions: 42->43(77)
[6337.124s][info][gc,heap        ] GC(1025) Old regions: 187->193
[6337.124s][info][gc,heap        ] GC(1025) Humongous regions: 33->33
[6337.124s][info][gc,metaspace   ] GC(1025) Metaspace: 30016K(30528K)->30016K(30528K) NonClass: 24603K(24896K)->24603K(24896K) Class: 5412K(5632K)->5412K(5632K)
[6337.124s][info][gc             ] GC(1025) Pause Young (Normal) (G1 Evacuation Pause) 6651M->2138M(8192M) 151.675ms
[6337.124s][info][gc,cpu         ] GC(1025) User=1.20s Sys=0.00s Real=0.16s
....[6340.391s][info][gc,start       ] GC(1026) Pause Young (Normal) (G1 Evacuation Pause)
[6340.391s][info][gc,task        ] GC(1026) Using 8 workers of 8 for evacuation
[6340.541s][info][gc,phases      ] GC(1026)   Pre Evacuate Collection Set: 0.23ms
[6340.541s][info][gc,phases      ] GC(1026)   Merge Heap Roots: 0.52ms
[6340.541s][info][gc,phases      ] GC(1026)   Evacuate Collection Set: 147.84ms
[6340.541s][info][gc,phases      ] GC(1026)   Post Evacuate Collection Set: 1.04ms
[6340.541s][info][gc,phases      ] GC(1026)   Other: 0.06ms
[6340.541s][info][gc,heap        ] GC(1026) Eden regions: 571->0(572)
[6340.541s][info][gc,heap        ] GC(1026) Survivor regions: 43->42(77)
[6340.541s][info][gc,heap        ] GC(1026) Old regions: 193->201
[6340.541s][info][gc,heap        ] GC(1026) Humongous regions: 33->33
[6340.541s][info][gc,metaspace   ] GC(1026) Metaspace: 30016K(30528K)->30016K(30528K) NonClass: 24603K(24896K)->24603K(24896K) Class: 5412K(5632K)->5412K(5632K)
[6340.541s][info][gc             ] GC(1026) Pause Young (Normal) (G1 Evacuation Pause) 6706M->2189M(8192M) 149.813ms
[6340.541s][info][gc,cpu         ] GC(1026) User=1.19s Sys=0.00s Real=0.15s
...[6343.754s][info][gc,start       ] GC(1027) Pause Young (Normal) (G1 Evacuation Pause)
[6343.754s][info][gc,task        ] GC(1027) Using 8 workers of 8 for evacuation
[6343.909s][info][gc,phases      ] GC(1027)   Pre Evacuate Collection Set: 0.24ms
[6343.909s][info][gc,phases      ] GC(1027)   Merge Heap Roots: 0.52ms
[6343.909s][info][gc,phases      ] GC(1027)   Evacuate Collection Set: 152.99ms
[6343.909s][info][gc,phases      ] GC(1027)   Post Evacuate Collection Set: 1.01ms
[6343.909s][info][gc,phases      ] GC(1027)   Other: 0.07ms
[6343.909s][info][gc,heap        ] GC(1027) Eden regions: 572->0(570)
[6343.909s][info][gc,heap        ] GC(1027) Survivor regions: 42->44(77)
[6343.909s][info][gc,heap        ] GC(1027) Old regions: 201->208
[6343.909s][info][gc,heap        ] GC(1027) Humongous regions: 33->33
[6343.909s][info][gc,metaspace   ] GC(1027) Metaspace: 30016K(30528K)->30016K(30528K) NonClass: 24603K(24896K)->24603K(24896K) Class: 5412K(5632K)->5412K(5632K)
[6343.909s][info][gc             ] GC(1027) Pause Young (Normal) (G1 Evacuation Pause) 6765M->2256M(8192M) 154.954ms
[6343.909s][info][gc,cpu         ] GC(1027) User=1.23s Sys=0.00s Real=0.15s
...[6347.230s][info][gc,start       ] GC(1028) Pause Young (Normal) (G1 Evacuation Pause)
[6347.230s][info][gc,task        ] GC(1028) Using 8 workers of 8 for evacuation
[6347.383s][info][gc,phases      ] GC(1028)   Pre Evacuate Collection Set: 0.22ms
[6347.383s][info][gc,phases      ] GC(1028)   Merge Heap Roots: 0.54ms
[6347.383s][info][gc,phases      ] GC(1028)   Evacuate Collection Set: 150.57ms
[6347.383s][info][gc,phases      ] GC(1028)   Post Evacuate Collection Set: 1.08ms
[6347.383s][info][gc,phases      ] GC(1028)   Other: 0.06ms
[6347.383s][info][gc,heap        ] GC(1028) Eden regions: 570->0(570)
[6347.383s][info][gc,heap        ] GC(1028) Survivor regions: 44->44(77)
[6347.383s][info][gc,heap        ] GC(1028) Old regions: 208->215
[6347.383s][info][gc,heap        ] GC(1028) Humongous regions: 33->33
[6347.383s][info][gc,metaspace   ] GC(1028) Metaspace: 30016K(30528K)->30016K(30528K) NonClass: 24603K(24896K)->24603K(24896K) Class: 5412K(5632K)->5412K(5632K)
[6347.383s][info][gc             ] GC(1028) Pause Young (Normal) (G1 Evacuation Pause) 6816M->2312M(8192M) 152.611ms
[6347.383s][info][gc,cpu         ] GC(1028) User=1.21s Sys=0.00s Real=0.15s
....[6350.725s][info][gc,start       ] GC(1029) Pause Young (Normal) (G1 Evacuation Pause)
[6350.725s][info][gc,task        ] GC(1029) Using 8 workers of 8 for evacuation
[6350.877s][info][gc,phases      ] GC(1029)   Pre Evacuate Collection Set: 0.26ms
[6350.877s][info][gc,phases      ] GC(1029)   Merge Heap Roots: 0.62ms
[6350.877s][info][gc,phases      ] GC(1029)   Evacuate Collection Set: 149.83ms
[6350.877s][info][gc,phases      ] GC(1029)   Post Evacuate Collection Set: 1.06ms
[6350.877s][info][gc,phases      ] GC(1029)   Other: 0.07ms
[6350.877s][info][gc,heap        ] GC(1029) Eden regions: 570->0(570)
[6350.877s][info][gc,heap        ] GC(1029) Survivor regions: 44->44(77)
[6350.877s][info][gc,heap        ] GC(1029) Old regions: 215->222
[6350.877s][info][gc,heap        ] GC(1029) Humongous regions: 33->33
[6350.877s][info][gc,metaspace   ] GC(1029) Metaspace: 30016K(30528K)->30016K(30528K) NonClass: 24603K(24896K)->24603K(24896K) Class: 5412K(5632K)->5412K(5632K)
[6350.877s][info][gc             ] GC(1029) Pause Young (Normal) (G1 Evacuation Pause) 6872M->2369M(8192M) 151.970ms
[6350.877s][info][gc,cpu         ] GC(1029) User=1.20s Sys=0.00s Real=0.15s
...[6354.185s][info][gc,start       ] GC(1030) Pause Young (Normal) (G1 Evacuation Pause)
[6354.185s][info][gc,task        ] GC(1030) Using 8 workers of 8 for evacuation
[6354.338s][info][gc,phases      ] GC(1030)   Pre Evacuate Collection Set: 0.23ms
[6354.338s][info][gc,phases      ] GC(1030)   Merge Heap Roots: 0.51ms
[6354.338s][info][gc,phases      ] GC(1030)   Evacuate Collection Set: 151.01ms
[6354.338s][info][gc,phases      ] GC(1030)   Post Evacuate Collection Set: 1.02ms
[6354.338s][info][gc,phases      ] GC(1030)   Other: 0.07ms
[6354.338s][info][gc,heap        ] GC(1030) Eden regions: 570->0(571)
[6354.338s][info][gc,heap        ] GC(1030) Survivor regions: 44->43(77)
[6354.338s][info][gc,heap        ] GC(1030) Old regions: 222->229
[6354.338s][info][gc,heap        ] GC(1030) Humongous regions: 33->33
[6354.338s][info][gc,metaspace   ] GC(1030) Metaspace: 30016K(30528K)->30016K(30528K) NonClass: 24603K(24896K)->24603K(24896K) Class: 5412K(5632K)->5412K(5632K)
[6354.338s][info][gc             ] GC(1030) Pause Young (Normal) (G1 Evacuation Pause) 6929M->2425M(8192M) 152.974ms
[6354.338s][info][gc,cpu         ] GC(1030) User=1.21s Sys=0.00s Real=0.15s
....[6357.659s][info][gc,start       ] GC(1031) Pause Young (Normal) (G1 Evacuation Pause)
[6357.659s][info][gc,task        ] GC(1031) Using 8 workers of 8 for evacuation
[6357.810s][info][gc,phases      ] GC(1031)   Pre Evacuate Collection Set: 0.24ms
[6357.810s][info][gc,phases      ] GC(1031)   Merge Heap Roots: 0.53ms
[6357.810s][info][gc,phases      ] GC(1031)   Evacuate Collection Set: 149.82ms
[6357.810s][info][gc,phases      ] GC(1031)   Post Evacuate Collection Set: 1.02ms
[6357.810s][info][gc,phases      ] GC(1031)   Other: 0.06ms
[6357.810s][info][gc,heap        ] GC(1031) Eden regions: 571->0(571)
[6357.810s][info][gc,heap        ] GC(1031) Survivor regions: 43->43(77)
[6357.810s][info][gc,heap        ] GC(1031) Old regions: 229->236
[6357.810s][info][gc,heap        ] GC(1031) Humongous regions: 33->33
[6357.810s][info][gc,metaspace   ] GC(1031) Metaspace: 30016K(30528K)->30016K(30528K) NonClass: 24603K(24896K)->24603K(24896K) Class: 5412K(5632K)->5412K(5632K)
[6357.811s][info][gc             ] GC(1031) Pause Young (Normal) (G1 Evacuation Pause) 6993M->2482M(8192M) 151.791ms
[6357.811s][info][gc,cpu         ] GC(1031) User=1.21s Sys=0.00s Real=0.15s
...[6361.041s][info][gc,start       ] GC(1032) Pause Young (Normal) (G1 Evacuation Pause)
[6361.041s][info][gc,task        ] GC(1032) Using 8 workers of 8 for evacuation
[6361.195s][info][gc,phases      ] GC(1032)   Pre Evacuate Collection Set: 0.23ms
[6361.195s][info][gc,phases      ] GC(1032)   Merge Heap Roots: 0.52ms
[6361.195s][info][gc,phases      ] GC(1032)   Evacuate Collection Set: 152.82ms
[6361.195s][info][gc,phases      ] GC(1032)   Post Evacuate Collection Set: 1.02ms
[6361.195s][info][gc,phases      ] GC(1032)   Other: 0.07ms
[6361.195s][info][gc,heap        ] GC(1032) Eden regions: 571->0(570)
[6361.195s][info][gc,heap        ] GC(1032) Survivor regions: 43->44(77)
[6361.195s][info][gc,heap        ] GC(1032) Old regions: 236->244
[6361.195s][info][gc,heap        ] GC(1032) Humongous regions: 33->33
[6361.195s][info][gc,metaspace   ] GC(1032) Metaspace: 30016K(30528K)->30016K(30528K) NonClass: 24603K(24896K)->24603K(24896K) Class: 5412K(5632K)->5412K(5632K)
[6361.195s][info][gc             ] GC(1032) Pause Young (Normal) (G1 Evacuation Pause) 7050M->2543M(8192M) 154.801ms
[6361.195s][info][gc,cpu         ] GC(1032) User=1.23s Sys=0.00s Real=0.16s
....[6364.541s][info][gc,start       ] GC(1033) Pause Young (Normal) (G1 Evacuation Pause)
[6364.541s][info][gc,task        ] GC(1033) Using 8 workers of 8 for evacuation
[6364.698s][info][gc,phases      ] GC(1033)   Pre Evacuate Collection Set: 0.25ms
[6364.698s][info][gc,phases      ] GC(1033)   Merge Heap Roots: 0.52ms
[6364.698s][info][gc,phases      ] GC(1033)   Evacuate Collection Set: 154.34ms
[6364.698s][info][gc,phases      ] GC(1033)   Post Evacuate Collection Set: 1.02ms
[6364.698s][info][gc,phases      ] GC(1033)   Other: 0.08ms
[6364.698s][info][gc,heap        ] GC(1033) Eden regions: 570->0(571)
[6364.698s][info][gc,heap        ] GC(1033) Survivor regions: 44->43(77)
[6364.698s][info][gc,heap        ] GC(1033) Old regions: 244->251
[6364.698s][info][gc,heap        ] GC(1033) Humongous regions: 33->33
[6364.698s][info][gc,metaspace   ] GC(1033) Metaspace: 30016K(30528K)->30016K(30528K) NonClass: 24603K(24896K)->24603K(24896K) Class: 5412K(5632K)->5412K(5632K)
[6364.698s][info][gc             ] GC(1033) Pause Young (Normal) (G1 Evacuation Pause) 7103M->2600M(8192M) 156.357ms
[6364.698s][info][gc,cpu         ] GC(1033) User=1.24s Sys=0.00s Real=0.16s
...[6368.057s][info][gc,start       ] GC(1034) Pause Young (Normal) (G1 Evacuation Pause)
[6368.057s][info][gc,task        ] GC(1034) Using 8 workers of 8 for evacuation
[6368.209s][info][gc,phases      ] GC(1034)   Pre Evacuate Collection Set: 0.24ms
[6368.209s][info][gc,phases      ] GC(1034)   Merge Heap Roots: 0.63ms
[6368.209s][info][gc,phases      ] GC(1034)   Evacuate Collection Set: 150.55ms
[6368.209s][info][gc,phases      ] GC(1034)   Post Evacuate Collection Set: 1.06ms
[6368.209s][info][gc,phases      ] GC(1034)   Other: 0.06ms
[6368.209s][info][gc,heap        ] GC(1034) Eden regions: 571->0(570)
[6368.209s][info][gc,heap        ] GC(1034) Survivor regions: 43->44(77)
[6368.209s][info][gc,heap        ] GC(1034) Old regions: 251->259
[6368.209s][info][gc,heap        ] GC(1034) Humongous regions: 33->33
[6368.209s][info][gc,metaspace   ] GC(1034) Metaspace: 30016K(30528K)->30016K(30528K) NonClass: 24603K(24896K)->24603K(24896K) Class: 5412K(5632K)->5412K(5632K)
[6368.209s][info][gc             ] GC(1034) Pause Young (Normal) (G1 Evacuation Pause) 7168M->2664M(8192M) 152.665ms
[6368.210s][info][gc,cpu         ] GC(1034) User=1.21s Sys=0.00s Real=0.15s
....[6371.452s][info][gc,start       ] GC(1035) Pause Young (Normal) (G1 Evacuation Pause)
[6371.452s][info][gc,task        ] GC(1035) Using 8 workers of 8 for evacuation
[6371.605s][info][gc,phases      ] GC(1035)   Pre Evacuate Collection Set: 0.21ms
[6371.605s][info][gc,phases      ] GC(1035)   Merge Heap Roots: 0.52ms
[6371.605s][info][gc,phases      ] GC(1035)   Evacuate Collection Set: 151.28ms
[6371.605s][info][gc,phases      ] GC(1035)   Post Evacuate Collection Set: 1.01ms
[6371.605s][info][gc,phases      ] GC(1035)   Other: 0.06ms
[6371.605s][info][gc,heap        ] GC(1035) Eden regions: 570->0(570)
[6371.605s][info][gc,heap        ] GC(1035) Survivor regions: 44->44(77)
[6371.605s][info][gc,heap        ] GC(1035) Old regions: 259->266
[6371.605s][info][gc,heap        ] GC(1035) Humongous regions: 33->33
[6371.605s][info][gc,metaspace   ] GC(1035) Metaspace: 30016K(30528K)->30016K(30528K) NonClass: 24603K(24896K)->24603K(24896K) Class: 5412K(5632K)->5412K(5632K)
[6371.605s][info][gc             ] GC(1035) Pause Young (Normal) (G1 Evacuation Pause) 7224M->2720M(8192M) 153.210ms
[6371.605s][info][gc,cpu         ] GC(1035) User=1.21s Sys=0.00s Real=0.16s
...[6375.025s][info][gc,start       ] GC(1036) Pause Young (Normal) (G1 Evacuation Pause)
[6375.025s][info][gc,task        ] GC(1036) Using 8 workers of 8 for evacuation
[6375.182s][info][gc,phases      ] GC(1036)   Pre Evacuate Collection Set: 0.22ms
[6375.182s][info][gc,phases      ] GC(1036)   Merge Heap Roots: 0.51ms
[6375.182s][info][gc,phases      ] GC(1036)   Evacuate Collection Set: 155.07ms
[6375.182s][info][gc,phases      ] GC(1036)   Post Evacuate Collection Set: 1.01ms
[6375.182s][info][gc,phases      ] GC(1036)   Other: 0.06ms
[6375.182s][info][gc,heap        ] GC(1036) Eden regions: 570->0(569)
[6375.182s][info][gc,heap        ] GC(1036) Survivor regions: 44->45(77)
[6375.182s][info][gc,heap        ] GC(1036) Old regions: 266->273
[6375.182s][info][gc,heap        ] GC(1036) Humongous regions: 33->33
[6375.182s][info][gc,metaspace   ] GC(1036) Metaspace: 30016K(30528K)->30016K(30528K) NonClass: 24603K(24896K)->24603K(24896K) Class: 5412K(5632K)->5412K(5632K)
[6375.182s][info][gc             ] GC(1036) Pause Young (Normal) (G1 Evacuation Pause) 7280M->2791M(8192M) 157.005ms
[6375.182s][info][gc,cpu         ] GC(1036) User=1.24s Sys=0.00s Real=0.15s
...[6378.390s][info][gc,start       ] GC(1037) Pause Young (Normal) (G1 Evacuation Pause)
[6378.391s][info][gc,task        ] GC(1037) Using 8 workers of 8 for evacuation
[6378.542s][info][gc,phases      ] GC(1037)   Pre Evacuate Collection Set: 0.21ms
[6378.542s][info][gc,phases      ] GC(1037)   Merge Heap Roots: 0.52ms
[6378.542s][info][gc,phases      ] GC(1037)   Evacuate Collection Set: 149.99ms
[6378.542s][info][gc,phases      ] GC(1037)   Post Evacuate Collection Set: 1.01ms
[6378.542s][info][gc,phases      ] GC(1037)   Other: 0.06ms
[6378.542s][info][gc,heap        ] GC(1037) Eden regions: 569->0(570)
[6378.542s][info][gc,heap        ] GC(1037) Survivor regions: 45->44(77)
[6378.542s][info][gc,heap        ] GC(1037) Old regions: 273->280
[6378.542s][info][gc,heap        ] GC(1037) Humongous regions: 33->33
[6378.542s][info][gc,metaspace   ] GC(1037) Metaspace: 30016K(30528K)->30016K(30528K) NonClass: 24603K(24896K)->24603K(24896K) Class: 5412K(5632K)->5412K(5632K)
[6378.542s][info][gc             ] GC(1037) Pause Young (Normal) (G1 Evacuation Pause) 7343M->2836M(8192M) 151.933ms
[6378.542s][info][gc,cpu         ] GC(1037) User=1.20s Sys=0.01s Real=0.15s
....[6381.678s][info][gc,start       ] GC(1038) Pause Young (Normal) (G1 Evacuation Pause)
[6381.678s][info][gc,task        ] GC(1038) Using 8 workers of 8 for evacuation
[6381.829s][info][gc,phases      ] GC(1038)   Pre Evacuate Collection Set: 0.25ms
[6381.829s][info][gc,phases      ] GC(1038)   Merge Heap Roots: 0.55ms
[6381.829s][info][gc,phases      ] GC(1038)   Evacuate Collection Set: 149.02ms
[6381.829s][info][gc,phases      ] GC(1038)   Post Evacuate Collection Set: 0.99ms
[6381.829s][info][gc,phases      ] GC(1038)   Other: 0.07ms
[6381.829s][info][gc,heap        ] GC(1038) Eden regions: 570->0(566)
[6381.829s][info][gc,heap        ] GC(1038) Survivor regions: 44->43(77)
[6381.829s][info][gc,heap        ] GC(1038) Old regions: 280->287
[6381.829s][info][gc,heap        ] GC(1038) Humongous regions: 33->33
[6381.829s][info][gc,metaspace   ] GC(1038) Metaspace: 30016K(30528K)->30016K(30528K) NonClass: 24603K(24896K)->24603K(24896K) Class: 5412K(5632K)->5412K(5632K)
[6381.829s][info][gc             ] GC(1038) Pause Young (Normal) (G1 Evacuation Pause) 7396M->2885M(8192M) 151.010ms
[6381.829s][info][gc,cpu         ] GC(1038) User=1.19s Sys=0.00s Real=0.15s
...[6385.080s][info][gc,start       ] GC(1039) Pause Young (Normal) (G1 Evacuation Pause)
[6385.080s][info][gc,task        ] GC(1039) Using 8 workers of 8 for evacuation
[6385.231s][info][gc,phases      ] GC(1039)   Pre Evacuate Collection Set: 0.21ms
[6385.231s][info][gc,phases      ] GC(1039)   Merge Heap Roots: 0.51ms
[6385.231s][info][gc,phases      ] GC(1039)   Evacuate Collection Set: 148.88ms
[6385.231s][info][gc,phases      ] GC(1039)   Post Evacuate Collection Set: 1.00ms
[6385.231s][info][gc,phases      ] GC(1039)   Other: 0.06ms
[6385.231s][info][gc,heap        ] GC(1039) Eden regions: 566->0(558)
[6385.231s][info][gc,heap        ] GC(1039) Survivor regions: 43->43(77)
[6385.231s][info][gc,heap        ] GC(1039) Old regions: 287->295
[6385.231s][info][gc,heap        ] GC(1039) Humongous regions: 33->33
[6385.231s][info][gc,metaspace   ] GC(1039) Metaspace: 30016K(30528K)->30016K(30528K) NonClass: 24603K(24896K)->24603K(24896K) Class: 5412K(5632K)->5412K(5632K)
[6385.231s][info][gc             ] GC(1039) Pause Young (Normal) (G1 Evacuation Pause) 7413M->2947M(8192M) 150.798ms
[6385.231s][info][gc,cpu         ] GC(1039) User=1.19s Sys=0.00s Real=0.15s
.. (rIR:aIR:PR = 11070:11096:11094) (tPR = 165373) [OK] 
  6386s: Performance info:
         Transaction,    Success,    Partial,     Failed,   Receipts, AvgBarcode, 
             Overall,     668507,          0,          0,     635401,      59.47, 
         Response times:
             Request,    Success,    Partial,     Failed,   SkipFail,     Probes,    Samples,      min,      p50,      p90,      p95,      p99,      max, 
       TotalPurchase,     635437,          0,          0,          0,     354739,     417135,      300,     9300,    64000,   101000,   166000,   920000,
     InStorePurchase,     332002,          0,          0,          0,     186853,     219552,      300,     9300,    64000,   100000,   165000,   920000,
      OnlinePurchase,     235947,          0,          0,          0,     130573,     153666,      300,     9300,    64000,   101000,   168000,   920000,
        InstPurchase,      67488,          0,          0,          0,      37313,      43917,      400,     9500,    62000,   100000,   166000,   920000,
          AssocOfCat,        670,          0,          0,          0,        545,        745,    35000,    66000,   139400,   176000,   218000,   240000,
      AssocOfProduct,       6626,          0,          0,          0,       3884,       4697,      800,     9700,    72200,   108000,   161000,   408000,
      BusinessReport,       1661,          0,          0,          0,       1465,       1885,    33000,    71000,   139000,   183000,   230000,   474000,
          CustBuyBeh,       6716,          0,          0,          0,       3940,       4830,      400,     8800,    64000,    98000,   159000,   383000,
       ProductReturn,      17472,          0,          0,          0,       9975,      11831,      300,     8900,    65000,   101000,   163000,   438000,

  6386s: (81%)   IR =  11208 .[6388.507s][info][gc,start       ] GC(1040) Pause Young (Normal) (G1 Evacuation Pause)
[6388.507s][info][gc,task        ] GC(1040) Using 8 workers of 8 for evacuation
[6388.655s][info][gc,phases      ] GC(1040)   Pre Evacuate Collection Set: 0.24ms
[6388.655s][info][gc,phases      ] GC(1040)   Merge Heap Roots: 0.53ms
[6388.655s][info][gc,phases      ] GC(1040)   Evacuate Collection Set: 146.10ms
[6388.655s][info][gc,phases      ] GC(1040)   Post Evacuate Collection Set: 1.01ms
[6388.655s][info][gc,phases      ] GC(1040)   Other: 0.06ms
[6388.655s][info][gc,heap        ] GC(1040) Eden regions: 558->0(551)
[6388.655s][info][gc,heap        ] GC(1040) Survivor regions: 43->43(76)
[6388.655s][info][gc,heap        ] GC(1040) Old regions: 295->302
[6388.655s][info][gc,heap        ] GC(1040) Humongous regions: 33->33
[6388.655s][info][gc,metaspace   ] GC(1040) Metaspace: 30017K(30528K)->30017K(30528K) NonClass: 24604K(24896K)->24604K(24896K) Class: 5412K(5632K)->5412K(5632K)
[6388.655s][info][gc             ] GC(1040) Pause Young (Normal) (G1 Evacuation Pause) 7411M->3001M(8192M) 148.076ms
[6388.655s][info][gc,cpu         ] GC(1040) User=1.17s Sys=0.00s Real=0.15s
....[6391.710s][info][gc,start       ] GC(1041) Pause Young (Concurrent Start) (G1 Evacuation Pause)
[6391.710s][info][gc,task        ] GC(1041) Using 8 workers of 8 for evacuation
[6391.861s][info][gc,phases      ] GC(1041)   Pre Evacuate Collection Set: 0.27ms
[6391.861s][info][gc,phases      ] GC(1041)   Merge Heap Roots: 0.51ms
[6391.861s][info][gc,phases      ] GC(1041)   Evacuate Collection Set: 149.29ms
[6391.861s][info][gc,phases      ] GC(1041)   Post Evacuate Collection Set: 1.02ms
[6391.861s][info][gc,phases      ] GC(1041)   Other: 0.10ms
[6391.861s][info][gc,heap        ] GC(1041) Eden regions: 551->0(543)
[6391.861s][info][gc,heap        ] GC(1041) Survivor regions: 43->43(75)
[6391.861s][info][gc,heap        ] GC(1041) Old regions: 302->310
[6391.861s][info][gc,heap        ] GC(1041) Humongous regions: 33->33
[6391.861s][info][gc,metaspace   ] GC(1041) Metaspace: 30017K(30528K)->30017K(30528K) NonClass: 24604K(24896K)->24604K(24896K) Class: 5412K(5632K)->5412K(5632K)
[6391.861s][info][gc             ] GC(1041) Pause Young (Concurrent Start) (G1 Evacuation Pause) 7409M->3067M(8192M) 151.354ms
[6391.861s][info][gc             ] GC(1042) Concurrent Mark Cycle
[6391.861s][info][gc,marking     ] GC(1042) Concurrent Scan Root Regions
[6391.861s][info][gc,cpu         ] GC(1041) User=1.19s Sys=0.00s Real=0.15s
[6392.139s][info][gc,marking     ] GC(1042) Concurrent Scan Root Regions 277.445ms
[6392.139s][info][gc,marking     ] GC(1042) Concurrent Mark
[6392.139s][info][gc,marking     ] GC(1042) Concurrent Mark From Roots
[6392.139s][info][gc,task        ] GC(1042) Using 2 workers of 2 for marking
.[6393.515s][info][gc,marking     ] GC(1042) Concurrent Mark From Roots 1376.188ms
[6393.515s][info][gc,marking     ] GC(1042) Concurrent Preclean
[6393.515s][info][gc,marking     ] GC(1042) Concurrent Preclean 0.122ms
[6393.515s][info][gc,start       ] GC(1042) Pause Remark
[6393.518s][info][gc             ] GC(1042) Pause Remark 4947M->4443M(8192M) 2.142ms
[6393.518s][info][gc,cpu         ] GC(1042) User=0.01s Sys=0.00s Real=0.00s
[6393.518s][info][gc,marking     ] GC(1042) Concurrent Mark 1378.742ms
[6393.518s][info][gc,marking     ] GC(1042) Concurrent Rebuild Remembered Sets and Scrub Regions
.[6394.325s][info][gc,marking     ] GC(1042) Concurrent Rebuild Remembered Sets and Scrub Regions 807.832ms
[6394.326s][info][gc,start       ] GC(1042) Pause Cleanup
[6394.326s][info][gc             ] GC(1042) Pause Cleanup 5495M->5495M(8192M) 0.269ms
[6394.326s][info][gc,cpu         ] GC(1042) User=0.00s Sys=0.00s Real=0.00s
[6394.326s][info][gc,marking     ] GC(1042) Concurrent Clear Claimed Marks
[6394.326s][info][gc,marking     ] GC(1042) Concurrent Clear Claimed Marks 0.046ms
[6394.326s][info][gc,marking     ] GC(1042) Concurrent Cleanup for Next Mark
[6394.338s][info][gc,marking     ] GC(1042) Concurrent Cleanup for Next Mark 11.557ms
[6394.338s][info][gc             ] GC(1042) Concurrent Mark Cycle 2476.293ms
.[6395.220s][info][gc,start       ] GC(1043) Pause Young (Prepare Mixed) (G1 Evacuation Pause)
[6395.220s][info][gc,task        ] GC(1043) Using 8 workers of 8 for evacuation
[6395.373s][info][gc,phases      ] GC(1043)   Pre Evacuate Collection Set: 0.23ms
[6395.373s][info][gc,phases      ] GC(1043)   Merge Heap Roots: 0.71ms
[6395.373s][info][gc,phases      ] GC(1043)   Evacuate Collection Set: 150.92ms
[6395.373s][info][gc,phases      ] GC(1043)   Post Evacuate Collection Set: 1.10ms
[6395.374s][info][gc,phases      ] GC(1043)   Other: 0.06ms
[6395.374s][info][gc,heap        ] GC(1043) Eden regions: 543->0(570)
[6395.374s][info][gc,heap        ] GC(1043) Survivor regions: 43->44(74)
[6395.374s][info][gc,heap        ] GC(1043) Old regions: 247->254
[6395.374s][info][gc,heap        ] GC(1043) Humongous regions: 33->33
[6395.374s][info][gc,metaspace   ] GC(1043) Metaspace: 30017K(30528K)->30017K(30528K) NonClass: 24604K(24896K)->24604K(24896K) Class: 5412K(5632K)->5412K(5632K)
[6395.374s][info][gc             ] GC(1043) Pause Young (Prepare Mixed) (G1 Evacuation Pause) 6907M->2624M(8192M) 153.144ms
[6395.374s][info][gc,cpu         ] GC(1043) User=1.22s Sys=0.00s Real=0.16s
...[6398.405s][info][gc,start       ] GC(1044) Pause Young (Mixed) (G1 Evacuation Pause)
[6398.405s][info][gc,task        ] GC(1044) Using 8 workers of 8 for evacuation
[6398.562s][info][gc,phases      ] GC(1044)   Pre Evacuate Collection Set: 0.25ms
[6398.562s][info][gc,phases      ] GC(1044)   Merge Heap Roots: 0.74ms
[6398.562s][info][gc,phases      ] GC(1044)   Evacuate Collection Set: 154.55ms
[6398.562s][info][gc,phases      ] GC(1044)   Post Evacuate Collection Set: 1.22ms
[6398.562s][info][gc,phases      ] GC(1044)   Other: 0.07ms
[6398.562s][info][gc,heap        ] GC(1044) Eden regions: 570->0(572)
[6398.562s][info][gc,heap        ] GC(1044) Survivor regions: 44->42(77)
[6398.562s][info][gc,heap        ] GC(1044) Old regions: 254->159
[6398.562s][info][gc,heap        ] GC(1044) Humongous regions: 33->33
[6398.562s][info][gc,metaspace   ] GC(1044) Metaspace: 30017K(30528K)->30017K(30528K) NonClass: 24604K(24896K)->24604K(24896K) Class: 5412K(5632K)->5412K(5632K)
[6398.562s][info][gc             ] GC(1044) Pause Young (Mixed) (G1 Evacuation Pause) 7184M->1855M(8192M) 156.959ms
[6398.562s][info][gc,cpu         ] GC(1044) User=1.25s Sys=0.00s Real=0.15s
.|...[6401.778s][info][gc,start       ] GC(1045) Pause Young (Mixed) (G1 Evacuation Pause)
[6401.779s][info][gc,task        ] GC(1045) Using 8 workers of 8 for evacuation
[6401.942s][info][gc,phases      ] GC(1045)   Pre Evacuate Collection Set: 0.23ms
[6401.942s][info][gc,phases      ] GC(1045)   Merge Heap Roots: 0.85ms
[6401.942s][info][gc,phases      ] GC(1045)   Evacuate Collection Set: 160.93ms
[6401.942s][info][gc,phases      ] GC(1045)   Post Evacuate Collection Set: 1.06ms
[6401.942s][info][gc,phases      ] GC(1045)   Other: 0.07ms
[6401.942s][info][gc,heap        ] GC(1045) Eden regions: 572->0(570)
[6401.942s][info][gc,heap        ] GC(1045) Survivor regions: 42->44(77)
[6401.942s][info][gc,heap        ] GC(1045) Old regions: 159->142
[6401.942s][info][gc,heap        ] GC(1045) Humongous regions: 33->33
[6401.942s][info][gc,metaspace   ] GC(1045) Metaspace: 30017K(30528K)->30017K(30528K) NonClass: 24604K(24896K)->24604K(24896K) Class: 5412K(5632K)->5412K(5632K)
[6401.942s][info][gc             ] GC(1045) Pause Young (Mixed) (G1 Evacuation Pause) 6431M->1738M(8192M) 163.262ms
[6401.942s][info][gc,cpu         ] GC(1045) User=1.29s Sys=0.00s Real=0.16s
...[6405.124s][info][gc,start       ] GC(1046) Pause Young (Normal) (G1 Evacuation Pause)
[6405.124s][info][gc,task        ] GC(1046) Using 8 workers of 8 for evacuation
[6405.282s][info][gc,phases      ] GC(1046)   Pre Evacuate Collection Set: 0.26ms
[6405.282s][info][gc,phases      ] GC(1046)   Merge Heap Roots: 0.51ms
[6405.282s][info][gc,phases      ] GC(1046)   Evacuate Collection Set: 155.66ms
[6405.282s][info][gc,phases      ] GC(1046)   Post Evacuate Collection Set: 1.02ms
[6405.282s][info][gc,phases      ] GC(1046)   Other: 0.06ms
[6405.282s][info][gc,heap        ] GC(1046) Eden regions: 570->0(570)
[6405.282s][info][gc,heap        ] GC(1046) Survivor regions: 44->44(77)
[6405.282s][info][gc,heap        ] GC(1046) Old regions: 142->150
[6405.282s][info][gc,heap        ] GC(1046) Humongous regions: 33->33
[6405.282s][info][gc,metaspace   ] GC(1046) Metaspace: 30017K(30528K)->30017K(30528K) NonClass: 24604K(24896K)->24604K(24896K) Class: 5412K(5632K)->5412K(5632K)
[6405.282s][info][gc             ] GC(1046) Pause Young (Normal) (G1 Evacuation Pause) 6298M->1797M(8192M) 157.648ms
[6405.282s][info][gc,cpu         ] GC(1046) User=1.24s Sys=0.00s Real=0.15s
...[6408.519s][info][gc,start       ] GC(1047) Pause Young (Normal) (G1 Evacuation Pause)
[6408.519s][info][gc,task        ] GC(1047) Using 8 workers of 8 for evacuation
[6408.669s][info][gc,phases      ] GC(1047)   Pre Evacuate Collection Set: 0.27ms
[6408.669s][info][gc,phases      ] GC(1047)   Merge Heap Roots: 0.63ms
[6408.669s][info][gc,phases      ] GC(1047)   Evacuate Collection Set: 147.75ms
[6408.669s][info][gc,phases      ] GC(1047)   Post Evacuate Collection Set: 1.01ms
[6408.669s][info][gc,phases      ] GC(1047)   Other: 0.06ms
[6408.669s][info][gc,heap        ] GC(1047) Eden regions: 570->0(572)
[6408.669s][info][gc,heap        ] GC(1047) Survivor regions: 44->42(77)
[6408.669s][info][gc,heap        ] GC(1047) Old regions: 150->157
[6408.669s][info][gc,heap        ] GC(1047) Humongous regions: 33->33
[6408.669s][info][gc,metaspace   ] GC(1047) Metaspace: 30017K(30528K)->30017K(30528K) NonClass: 24604K(24896K)->24604K(24896K) Class: 5412K(5632K)->5412K(5632K)
[6408.669s][info][gc             ] GC(1047) Pause Young (Normal) (G1 Evacuation Pause) 6357M->1836M(8192M) 149.873ms
[6408.669s][info][gc,cpu         ] GC(1047) User=1.19s Sys=0.00s Real=0.15s
....[6411.851s][info][gc,start       ] GC(1048) Pause Young (Normal) (G1 Evacuation Pause)
[6411.851s][info][gc,task        ] GC(1048) Using 8 workers of 8 for evacuation
[6412.004s][info][gc,phases      ] GC(1048)   Pre Evacuate Collection Set: 0.23ms
[6412.004s][info][gc,phases      ] GC(1048)   Merge Heap Roots: 0.55ms
[6412.004s][info][gc,phases      ] GC(1048)   Evacuate Collection Set: 150.86ms
[6412.004s][info][gc,phases      ] GC(1048)   Post Evacuate Collection Set: 1.03ms
[6412.004s][info][gc,phases      ] GC(1048)   Other: 0.06ms
[6412.004s][info][gc,heap        ] GC(1048) Eden regions: 572->0(571)
[6412.004s][info][gc,heap        ] GC(1048) Survivor regions: 42->43(77)
[6412.004s][info][gc,heap        ] GC(1048) Old regions: 157->164
[6412.004s][info][gc,heap        ] GC(1048) Humongous regions: 33->33
[6412.004s][info][gc,metaspace   ] GC(1048) Metaspace: 30017K(30528K)->30017K(30528K) NonClass: 24604K(24896K)->24604K(24896K) Class: 5412K(5632K)->5412K(5632K)
[6412.004s][info][gc             ] GC(1048) Pause Young (Normal) (G1 Evacuation Pause) 6412M->1900M(8192M) 152.863ms
[6412.004s][info][gc,cpu         ] GC(1048) User=1.21s Sys=0.00s Real=0.16s
...[6415.323s][info][gc,start       ] GC(1049) Pause Young (Normal) (G1 Evacuation Pause)
[6415.323s][info][gc,task        ] GC(1049) Using 8 workers of 8 for evacuation
[6415.471s][info][gc,phases      ] GC(1049)   Pre Evacuate Collection Set: 0.23ms
[6415.471s][info][gc,phases      ] GC(1049)   Merge Heap Roots: 0.52ms
[6415.471s][info][gc,phases      ] GC(1049)   Evacuate Collection Set: 146.25ms
[6415.471s][info][gc,phases      ] GC(1049)   Post Evacuate Collection Set: 1.02ms
[6415.471s][info][gc,phases      ] GC(1049)   Other: 0.07ms
[6415.471s][info][gc,heap        ] GC(1049) Eden regions: 571->0(571)
[6415.471s][info][gc,heap        ] GC(1049) Survivor regions: 43->43(77)
[6415.471s][info][gc,heap        ] GC(1049) Old regions: 164->171
[6415.471s][info][gc,heap        ] GC(1049) Humongous regions: 33->33
[6415.471s][info][gc,metaspace   ] GC(1049) Metaspace: 30017K(30528K)->30017K(30528K) NonClass: 24604K(24896K)->24604K(24896K) Class: 5412K(5632K)->5412K(5632K)
[6415.471s][info][gc             ] GC(1049) Pause Young (Normal) (G1 Evacuation Pause) 6468M->1955M(8192M) 148.205ms
[6415.471s][info][gc,cpu         ] GC(1049) User=1.17s Sys=0.00s Real=0.15s
....[6418.807s][info][gc,start       ] GC(1050) Pause Young (Normal) (G1 Evacuation Pause)
[6418.807s][info][gc,task        ] GC(1050) Using 8 workers of 8 for evacuation
[6418.959s][info][gc,phases      ] GC(1050)   Pre Evacuate Collection Set: 0.24ms
[6418.959s][info][gc,phases      ] GC(1050)   Merge Heap Roots: 0.53ms
[6418.959s][info][gc,phases      ] GC(1050)   Evacuate Collection Set: 150.06ms
[6418.959s][info][gc,phases      ] GC(1050)   Post Evacuate Collection Set: 1.00ms
[6418.959s][info][gc,phases      ] GC(1050)   Other: 0.07ms
[6418.959s][info][gc,heap        ] GC(1050) Eden regions: 571->0(570)
[6418.959s][info][gc,heap        ] GC(1050) Survivor regions: 43->44(77)
[6418.959s][info][gc,heap        ] GC(1050) Old regions: 171->178
[6418.959s][info][gc,heap        ] GC(1050) Humongous regions: 33->33
[6418.959s][info][gc,metaspace   ] GC(1050) Metaspace: 30017K(30528K)->30017K(30528K) NonClass: 24604K(24896K)->24604K(24896K) Class: 5412K(5632K)->5412K(5632K)
[6418.959s][info][gc             ] GC(1050) Pause Young (Normal) (G1 Evacuation Pause) 6523M->2017M(8192M) 152.020ms
[6418.959s][info][gc,cpu         ] GC(1050) User=1.20s Sys=0.00s Real=0.15s
...[6422.196s][info][gc,start       ] GC(1051) Pause Young (Normal) (G1 Evacuation Pause)
[6422.196s][info][gc,task        ] GC(1051) Using 8 workers of 8 for evacuation
[6422.354s][info][gc,phases      ] GC(1051)   Pre Evacuate Collection Set: 0.22ms
[6422.354s][info][gc,phases      ] GC(1051)   Merge Heap Roots: 0.53ms
[6422.354s][info][gc,phases      ] GC(1051)   Evacuate Collection Set: 155.73ms
[6422.354s][info][gc,phases      ] GC(1051)   Post Evacuate Collection Set: 1.02ms
[6422.354s][info][gc,phases      ] GC(1051)   Other: 0.06ms
[6422.354s][info][gc,heap        ] GC(1051) Eden regions: 570->0(569)
[6422.354s][info][gc,heap        ] GC(1051) Survivor regions: 44->45(77)
[6422.354s][info][gc,heap        ] GC(1051) Old regions: 178->185
[6422.354s][info][gc,heap        ] GC(1051) Humongous regions: 33->33
[6422.354s][info][gc,metaspace   ] GC(1051) Metaspace: 30017K(30528K)->30017K(30528K) NonClass: 24604K(24896K)->24604K(24896K) Class: 5412K(5632K)->5412K(5632K)
[6422.354s][info][gc             ] GC(1051) Pause Young (Normal) (G1 Evacuation Pause) 6577M->2086M(8192M) 157.695ms
[6422.354s][info][gc,cpu         ] GC(1051) User=1.25s Sys=0.00s Real=0.16s
...[6425.515s][info][gc,start       ] GC(1052) Pause Young (Normal) (G1 Evacuation Pause)
[6425.515s][info][gc,task        ] GC(1052) Using 8 workers of 8 for evacuation
[6425.672s][info][gc,phases      ] GC(1052)   Pre Evacuate Collection Set: 0.24ms
[6425.672s][info][gc,phases      ] GC(1052)   Merge Heap Roots: 0.56ms
[6425.672s][info][gc,phases      ] GC(1052)   Evacuate Collection Set: 154.67ms
[6425.672s][info][gc,phases      ] GC(1052)   Post Evacuate Collection Set: 1.02ms
[6425.672s][info][gc,phases      ] GC(1052)   Other: 0.07ms
[6425.672s][info][gc,heap        ] GC(1052) Eden regions: 569->0(570)
[6425.672s][info][gc,heap        ] GC(1052) Survivor regions: 45->44(77)
[6425.672s][info][gc,heap        ] GC(1052) Old regions: 185->192
[6425.672s][info][gc,heap        ] GC(1052) Humongous regions: 33->33
[6425.672s][info][gc,metaspace   ] GC(1052) Metaspace: 30017K(30528K)->30017K(30528K) NonClass: 24604K(24896K)->24604K(24896K) Class: 5412K(5632K)->5412K(5632K)
[6425.672s][info][gc             ] GC(1052) Pause Young (Normal) (G1 Evacuation Pause) 6638M->2133M(8192M) 156.689ms
[6425.672s][info][gc,cpu         ] GC(1052) User=1.24s Sys=0.00s Real=0.15s
....[6428.915s][info][gc,start       ] GC(1053) Pause Young (Normal) (G1 Evacuation Pause)
[6428.915s][info][gc,task        ] GC(1053) Using 8 workers of 8 for evacuation
[6429.068s][info][gc,phases      ] GC(1053)   Pre Evacuate Collection Set: 0.23ms
[6429.068s][info][gc,phases      ] GC(1053)   Merge Heap Roots: 0.53ms
[6429.068s][info][gc,phases      ] GC(1053)   Evacuate Collection Set: 150.65ms
[6429.068s][info][gc,phases      ] GC(1053)   Post Evacuate Collection Set: 0.99ms
[6429.068s][info][gc,phases      ] GC(1053)   Other: 0.06ms
[6429.068s][info][gc,heap        ] GC(1053) Eden regions: 570->0(570)
[6429.068s][info][gc,heap        ] GC(1053) Survivor regions: 44->44(77)
[6429.068s][info][gc,heap        ] GC(1053) Old regions: 192->200
[6429.068s][info][gc,heap        ] GC(1053) Humongous regions: 33->33
[6429.068s][info][gc,metaspace   ] GC(1053) Metaspace: 30017K(30528K)->30017K(30528K) NonClass: 24604K(24896K)->24604K(24896K) Class: 5412K(5632K)->5412K(5632K)
[6429.068s][info][gc             ] GC(1053) Pause Young (Normal) (G1 Evacuation Pause) 6693M->2192M(8192M) 152.591ms
[6429.068s][info][gc,cpu         ] GC(1053) User=1.20s Sys=0.00s Real=0.15s
...[6432.335s][info][gc,start       ] GC(1054) Pause Young (Normal) (G1 Evacuation Pause)
[6432.335s][info][gc,task        ] GC(1054) Using 8 workers of 8 for evacuation
[6432.484s][info][gc,phases      ] GC(1054)   Pre Evacuate Collection Set: 0.23ms
[6432.484s][info][gc,phases      ] GC(1054)   Merge Heap Roots: 0.54ms
[6432.484s][info][gc,phases      ] GC(1054)   Evacuate Collection Set: 146.82ms
[6432.484s][info][gc,phases      ] GC(1054)   Post Evacuate Collection Set: 1.05ms
[6432.484s][info][gc,phases      ] GC(1054)   Other: 0.06ms
[6432.484s][info][gc,heap        ] GC(1054) Eden regions: 570->0(571)
[6432.484s][info][gc,heap        ] GC(1054) Survivor regions: 44->43(77)
[6432.484s][info][gc,heap        ] GC(1054) Old regions: 200->207
[6432.484s][info][gc,heap        ] GC(1054) Humongous regions: 33->33
[6432.484s][info][gc,metaspace   ] GC(1054) Metaspace: 30017K(30528K)->30017K(30528K) NonClass: 24604K(24896K)->24604K(24896K) Class: 5412K(5632K)->5412K(5632K)
[6432.484s][info][gc             ] GC(1054) Pause Young (Normal) (G1 Evacuation Pause) 6752M->2240M(8192M) 148.846ms
[6432.484s][info][gc,cpu         ] GC(1054) User=1.18s Sys=0.00s Real=0.15s
....[6435.740s][info][gc,start       ] GC(1055) Pause Young (Normal) (G1 Evacuation Pause)
[6435.740s][info][gc,task        ] GC(1055) Using 8 workers of 8 for evacuation
[6435.893s][info][gc,phases      ] GC(1055)   Pre Evacuate Collection Set: 0.26ms
[6435.893s][info][gc,phases      ] GC(1055)   Merge Heap Roots: 0.52ms
[6435.893s][info][gc,phases      ] GC(1055)   Evacuate Collection Set: 151.00ms
[6435.893s][info][gc,phases      ] GC(1055)   Post Evacuate Collection Set: 1.05ms
[6435.893s][info][gc,phases      ] GC(1055)   Other: 0.06ms
[6435.893s][info][gc,heap        ] GC(1055) Eden regions: 571->0(570)
[6435.893s][info][gc,heap        ] GC(1055) Survivor regions: 43->44(77)
[6435.893s][info][gc,heap        ] GC(1055) Old regions: 207->214
[6435.893s][info][gc,heap        ] GC(1055) Humongous regions: 33->33
[6435.893s][info][gc,metaspace   ] GC(1055) Metaspace: 30017K(30528K)->30017K(30528K) NonClass: 24604K(24896K)->24604K(24896K) Class: 5412K(5632K)->5412K(5632K)
[6435.893s][info][gc             ] GC(1055) Pause Young (Normal) (G1 Evacuation Pause) 6808M->2304M(8192M) 153.019ms
[6435.893s][info][gc,cpu         ] GC(1055) User=1.22s Sys=0.00s Real=0.15s
...[6439.134s][info][gc,start       ] GC(1056) Pause Young (Normal) (G1 Evacuation Pause)
[6439.135s][info][gc,task        ] GC(1056) Using 8 workers of 8 for evacuation
[6439.289s][info][gc,phases      ] GC(1056)   Pre Evacuate Collection Set: 0.25ms
[6439.289s][info][gc,phases      ] GC(1056)   Merge Heap Roots: 0.51ms
[6439.289s][info][gc,phases      ] GC(1056)   Evacuate Collection Set: 152.17ms
[6439.289s][info][gc,phases      ] GC(1056)   Post Evacuate Collection Set: 1.01ms
[6439.289s][info][gc,phases      ] GC(1056)   Other: 0.06ms
[6439.289s][info][gc,heap        ] GC(1056) Eden regions: 570->0(570)
[6439.289s][info][gc,heap        ] GC(1056) Survivor regions: 44->44(77)
[6439.289s][info][gc,heap        ] GC(1056) Old regions: 214->221
[6439.289s][info][gc,heap        ] GC(1056) Humongous regions: 33->33
[6439.289s][info][gc,metaspace   ] GC(1056) Metaspace: 30017K(30528K)->30017K(30528K) NonClass: 24604K(24896K)->24604K(24896K) Class: 5412K(5632K)->5412K(5632K)
[6439.289s][info][gc             ] GC(1056) Pause Young (Normal) (G1 Evacuation Pause) 6864M->2360M(8192M) 154.131ms
[6439.289s][info][gc,cpu         ] GC(1056) User=1.22s Sys=0.00s Real=0.15s
...[6442.561s][info][gc,start       ] GC(1057) Pause Young (Normal) (G1 Evacuation Pause)
[6442.561s][info][gc,task        ] GC(1057) Using 8 workers of 8 for evacuation
[6442.720s][info][gc,phases      ] GC(1057)   Pre Evacuate Collection Set: 0.24ms
[6442.720s][info][gc,phases      ] GC(1057)   Merge Heap Roots: 0.63ms
[6442.720s][info][gc,phases      ] GC(1057)   Evacuate Collection Set: 156.89ms
[6442.720s][info][gc,phases      ] GC(1057)   Post Evacuate Collection Set: 1.04ms
[6442.720s][info][gc,phases      ] GC(1057)   Other: 0.07ms
[6442.720s][info][gc,heap        ] GC(1057) Eden regions: 570->0(570)
[6442.720s][info][gc,heap        ] GC(1057) Survivor regions: 44->44(77)
[6442.720s][info][gc,heap        ] GC(1057) Old regions: 221->228
[6442.720s][info][gc,heap        ] GC(1057) Humongous regions: 33->33
[6442.720s][info][gc,metaspace   ] GC(1057) Metaspace: 30017K(30528K)->30017K(30528K) NonClass: 24604K(24896K)->24604K(24896K) Class: 5412K(5632K)->5412K(5632K)
[6442.720s][info][gc             ] GC(1057) Pause Young (Normal) (G1 Evacuation Pause) 6920M->2420M(8192M) 158.995ms
[6442.720s][info][gc,cpu         ] GC(1057) User=1.25s Sys=0.00s Real=0.16s
....[6445.936s][info][gc,start       ] GC(1058) Pause Young (Normal) (G1 Evacuation Pause)
[6445.936s][info][gc,task        ] GC(1058) Using 8 workers of 8 for evacuation
[6446.088s][info][gc,phases      ] GC(1058)   Pre Evacuate Collection Set: 0.23ms
[6446.088s][info][gc,phases      ] GC(1058)   Merge Heap Roots: 0.52ms
[6446.088s][info][gc,phases      ] GC(1058)   Evacuate Collection Set: 150.24ms
[6446.088s][info][gc,phases      ] GC(1058)   Post Evacuate Collection Set: 1.03ms
[6446.088s][info][gc,phases      ] GC(1058)   Other: 0.07ms
[6446.088s][info][gc,heap        ] GC(1058) Eden regions: 570->0(571)
[6446.088s][info][gc,heap        ] GC(1058) Survivor regions: 44->43(77)
[6446.088s][info][gc,heap        ] GC(1058) Old regions: 228->235
[6446.088s][info][gc,heap        ] GC(1058) Humongous regions: 33->33
[6446.088s][info][gc,metaspace   ] GC(1058) Metaspace: 30017K(30528K)->30017K(30528K) NonClass: 24604K(24896K)->24604K(24896K) Class: 5412K(5632K)->5412K(5632K)
[6446.088s][info][gc             ] GC(1058) Pause Young (Normal) (G1 Evacuation Pause) 6980M->2474M(8192M) 152.228ms
[6446.088s][info][gc,cpu         ] GC(1058) User=1.21s Sys=0.00s Real=0.15s
...[6449.290s][info][gc,start       ] GC(1059) Pause Young (Normal) (G1 Evacuation Pause)
[6449.291s][info][gc,task        ] GC(1059) Using 8 workers of 8 for evacuation
[6449.438s][info][gc,phases      ] GC(1059)   Pre Evacuate Collection Set: 0.26ms
[6449.438s][info][gc,phases      ] GC(1059)   Merge Heap Roots: 0.55ms
[6449.438s][info][gc,phases      ] GC(1059)   Evacuate Collection Set: 145.68ms
[6449.438s][info][gc,phases      ] GC(1059)   Post Evacuate Collection Set: 1.02ms
[6449.438s][info][gc,phases      ] GC(1059)   Other: 0.07ms
[6449.438s][info][gc,heap        ] GC(1059) Eden regions: 571->0(572)
[6449.438s][info][gc,heap        ] GC(1059) Survivor regions: 43->42(77)
[6449.438s][info][gc,heap        ] GC(1059) Old regions: 235->242
[6449.438s][info][gc,heap        ] GC(1059) Humongous regions: 33->33
[6449.438s][info][gc,metaspace   ] GC(1059) Metaspace: 30017K(30528K)->30017K(30528K) NonClass: 24604K(24896K)->24604K(24896K) Class: 5412K(5632K)->5412K(5632K)
[6449.438s][info][gc             ] GC(1059) Pause Young (Normal) (G1 Evacuation Pause) 7042M->2516M(8192M) 147.703ms
[6449.438s][info][gc,cpu         ] GC(1059) User=1.17s Sys=0.01s Real=0.15s
...[6452.715s][info][gc,start       ] GC(1060) Pause Young (Normal) (G1 Evacuation Pause)
[6452.715s][info][gc,task        ] GC(1060) Using 8 workers of 8 for evacuation
[6452.868s][info][gc,phases      ] GC(1060)   Pre Evacuate Collection Set: 0.22ms
[6452.868s][info][gc,phases      ] GC(1060)   Merge Heap Roots: 0.52ms
[6452.868s][info][gc,phases      ] GC(1060)   Evacuate Collection Set: 150.85ms
[6452.868s][info][gc,phases      ] GC(1060)   Post Evacuate Collection Set: 1.01ms
[6452.868s][info][gc,phases      ] GC(1060)   Other: 0.06ms
[6452.868s][info][gc,heap        ] GC(1060) Eden regions: 572->0(570)
[6452.868s][info][gc,heap        ] GC(1060) Survivor regions: 42->44(77)
[6452.868s][info][gc,heap        ] GC(1060) Old regions: 242->249
[6452.868s][info][gc,heap        ] GC(1060) Humongous regions: 33->33
[6452.868s][info][gc,metaspace   ] GC(1060) Metaspace: 30017K(30528K)->30017K(30528K) NonClass: 24604K(24896K)->24604K(24896K) Class: 5412K(5632K)->5412K(5632K)
[6452.868s][info][gc             ] GC(1060) Pause Young (Normal) (G1 Evacuation Pause) 7092M->2589M(8192M) 152.789ms
[6452.868s][info][gc,cpu         ] GC(1060) User=1.21s Sys=0.00s Real=0.15s
....[6456.059s][info][gc,start       ] GC(1061) Pause Young (Normal) (G1 Evacuation Pause)
[6456.059s][info][gc,task        ] GC(1061) Using 8 workers of 8 for evacuation
[6456.216s][info][gc,phases      ] GC(1061)   Pre Evacuate Collection Set: 0.23ms
[6456.216s][info][gc,phases      ] GC(1061)   Merge Heap Roots: 0.55ms
[6456.216s][info][gc,phases      ] GC(1061)   Evacuate Collection Set: 154.40ms
[6456.216s][info][gc,phases      ] GC(1061)   Post Evacuate Collection Set: 1.02ms
[6456.216s][info][gc,phases      ] GC(1061)   Other: 0.07ms
[6456.216s][info][gc,heap        ] GC(1061) Eden regions: 570->0(569)
[6456.216s][info][gc,heap        ] GC(1061) Survivor regions: 44->45(77)
[6456.216s][info][gc,heap        ] GC(1061) Old regions: 249->256
[6456.216s][info][gc,heap        ] GC(1061) Humongous regions: 33->33
[6456.216s][info][gc,metaspace   ] GC(1061) Metaspace: 30017K(30528K)->30017K(30528K) NonClass: 24604K(24896K)->24604K(24896K) Class: 5412K(5632K)->5412K(5632K)
[6456.216s][info][gc             ] GC(1061) Pause Young (Normal) (G1 Evacuation Pause) 7149M->2654M(8192M) 156.393ms
[6456.216s][info][gc,cpu         ] GC(1061) User=1.24s Sys=0.00s Real=0.16s
... (rIR:aIR:PR = 11208:11290:11298) (tPR = 167815) [OK] 
  6458s: Performance info:
         Transaction,    Success,    Partial,     Failed,   Receipts, AvgBarcode, 
             Overall,     680244,          0,          0,     646657,      59.47, 
         Response times:
             Request,    Success,    Partial,     Failed,   SkipFail,     Probes,    Samples,      min,      p50,      p90,      p95,      p99,      max, 
       TotalPurchase,     646126,          0,          0,          0,     356538,     433824,      300,    10700,    87000,   140000,   218000,  3800000,
     InStorePurchase,     338771,          0,          0,          0,     187366,     228313,      300,    10700,    88000,   141000,   229000,  3800000,
      OnlinePurchase,     238722,          0,          0,          0,     131843,     159932,      300,    10600,    87000,   140000,   205000,  3800000,
        InstPurchase,      68633,          0,          0,          0,      37329,      45579,      400,    10600,    87000,   140000,   214000,  3600000,
          AssocOfCat,        677,          0,          0,          0,        551,        779,    33000,    69000,   143000,   185000,   265600,   391000,
      AssocOfProduct,       6796,          0,          0,          0,       4108,       5269,      600,    10800,    79000,   138000,   209000,   810000,
      BusinessReport,       1688,          0,          0,          0,       1537,       2011,    31000,    73000,   170000,   226400,   297880,   588000,
          CustBuyBeh,       6807,          0,          0,          0,       4002,       5156,      300,    10800,    89000,   140000,   201430,   454000,
       ProductReturn,      17619,          0,          0,          0,      10054,      12538,      200,    10500,    89000,   142000,   226000,   800000,

  6458s: (82%)   IR =  11346 [6459.585s][info][gc,start       ] GC(1062) Pause Young (Normal) (G1 Evacuation Pause)
[6459.585s][info][gc,task        ] GC(1062) Using 8 workers of 8 for evacuation
[6459.734s][info][gc,phases      ] GC(1062)   Pre Evacuate Collection Set: 0.24ms
[6459.734s][info][gc,phases      ] GC(1062)   Merge Heap Roots: 0.55ms
[6459.734s][info][gc,phases      ] GC(1062)   Evacuate Collection Set: 146.64ms
[6459.734s][info][gc,phases      ] GC(1062)   Post Evacuate Collection Set: 1.03ms
[6459.734s][info][gc,phases      ] GC(1062)   Other: 0.06ms
[6459.734s][info][gc,heap        ] GC(1062) Eden regions: 569->0(571)
[6459.734s][info][gc,heap        ] GC(1062) Survivor regions: 45->43(77)
[6459.734s][info][gc,heap        ] GC(1062) Old regions: 256->263
[6459.734s][info][gc,heap        ] GC(1062) Humongous regions: 33->33
[6459.734s][info][gc,metaspace   ] GC(1062) Metaspace: 30017K(30528K)->30017K(30528K) NonClass: 24604K(24896K)->24604K(24896K) Class: 5412K(5632K)->5412K(5632K)
[6459.734s][info][gc             ] GC(1062) Pause Young (Normal) (G1 Evacuation Pause) 7206M->2698M(8192M) 148.654ms
[6459.734s][info][gc,cpu         ] GC(1062) User=1.17s Sys=0.00s Real=0.15s
...[6462.903s][info][gc,start       ] GC(1063) Pause Young (Normal) (G1 Evacuation Pause)
[6462.903s][info][gc,task        ] GC(1063) Using 8 workers of 8 for evacuation
[6463.058s][info][gc,phases      ] GC(1063)   Pre Evacuate Collection Set: 0.25ms
[6463.058s][info][gc,phases      ] GC(1063)   Merge Heap Roots: 0.55ms
[6463.058s][info][gc,phases      ] GC(1063)   Evacuate Collection Set: 153.32ms
[6463.058s][info][gc,phases      ] GC(1063)   Post Evacuate Collection Set: 1.00ms
[6463.058s][info][gc,phases      ] GC(1063)   Other: 0.06ms
[6463.058s][info][gc,heap        ] GC(1063) Eden regions: 571->0(570)
[6463.058s][info][gc,heap        ] GC(1063) Survivor regions: 43->44(77)
[6463.058s][info][gc,heap        ] GC(1063) Old regions: 263->271
[6463.058s][info][gc,heap        ] GC(1063) Humongous regions: 33->33
[6463.058s][info][gc,metaspace   ] GC(1063) Metaspace: 30017K(30528K)->30017K(30528K) NonClass: 24604K(24896K)->24604K(24896K) Class: 5412K(5632K)->5412K(5632K)
[6463.058s][info][gc             ] GC(1063) Pause Young (Normal) (G1 Evacuation Pause) 7266M->2759M(8192M) 155.320ms
[6463.058s][info][gc,cpu         ] GC(1063) User=1.23s Sys=0.00s Real=0.16s
....[6466.203s][info][gc,start       ] GC(1064) Pause Young (Normal) (G1 Evacuation Pause)
[6466.203s][info][gc,task        ] GC(1064) Using 8 workers of 8 for evacuation
[6466.360s][info][gc,phases      ] GC(1064)   Pre Evacuate Collection Set: 0.22ms
[6466.360s][info][gc,phases      ] GC(1064)   Merge Heap Roots: 0.52ms
[6466.360s][info][gc,phases      ] GC(1064)   Evacuate Collection Set: 155.05ms
[6466.360s][info][gc,phases      ] GC(1064)   Post Evacuate Collection Set: 1.03ms
[6466.360s][info][gc,phases      ] GC(1064)   Other: 0.06ms
[6466.360s][info][gc,heap        ] GC(1064) Eden regions: 570->0(569)
[6466.360s][info][gc,heap        ] GC(1064) Survivor regions: 44->45(77)
[6466.360s][info][gc,heap        ] GC(1064) Old regions: 271->278
[6466.360s][info][gc,heap        ] GC(1064) Humongous regions: 33->33
[6466.360s][info][gc,metaspace   ] GC(1064) Metaspace: 30017K(30528K)->30017K(30528K) NonClass: 24604K(24896K)->24604K(24896K) Class: 5412K(5632K)->5412K(5632K)
[6466.360s][info][gc             ] GC(1064) Pause Young (Normal) (G1 Evacuation Pause) 7319M->2831M(8192M) 157.009ms
[6466.360s][info][gc,cpu         ] GC(1064) User=1.24s Sys=0.00s Real=0.15s
...[6469.452s][info][gc,start       ] GC(1065) Pause Young (Normal) (G1 Evacuation Pause)
[6469.452s][info][gc,task        ] GC(1065) Using 8 workers of 8 for evacuation
[6469.602s][info][gc,phases      ] GC(1065)   Pre Evacuate Collection Set: 0.25ms
[6469.602s][info][gc,phases      ] GC(1065)   Merge Heap Roots: 0.54ms
[6469.602s][info][gc,phases      ] GC(1065)   Evacuate Collection Set: 147.96ms
[6469.602s][info][gc,phases      ] GC(1065)   Post Evacuate Collection Set: 1.00ms
[6469.602s][info][gc,phases      ] GC(1065)   Other: 0.08ms
[6469.602s][info][gc,heap        ] GC(1065) Eden regions: 569->0(568)
[6469.602s][info][gc,heap        ] GC(1065) Survivor regions: 45->43(77)
[6469.602s][info][gc,heap        ] GC(1065) Old regions: 278->285
[6469.602s][info][gc,heap        ] GC(1065) Humongous regions: 33->33
[6469.602s][info][gc,metaspace   ] GC(1065) Metaspace: 30017K(30528K)->30017K(30528K) NonClass: 24604K(24896K)->24604K(24896K) Class: 5412K(5632K)->5412K(5632K)
[6469.602s][info][gc             ] GC(1065) Pause Young (Normal) (G1 Evacuation Pause) 7383M->2871M(8192M) 149.961ms
[6469.602s][info][gc,cpu         ] GC(1065) User=1.19s Sys=0.00s Real=0.15s
...[6472.854s][info][gc,start       ] GC(1066) Pause Young (Normal) (G1 Evacuation Pause)
[6472.855s][info][gc,task        ] GC(1066) Using 8 workers of 8 for evacuation
[6473.009s][info][gc,phases      ] GC(1066)   Pre Evacuate Collection Set: 0.22ms
[6473.009s][info][gc,phases      ] GC(1066)   Merge Heap Roots: 0.53ms
[6473.009s][info][gc,phases      ] GC(1066)   Evacuate Collection Set: 153.04ms
[6473.009s][info][gc,phases      ] GC(1066)   Post Evacuate Collection Set: 1.01ms
[6473.009s][info][gc,phases      ] GC(1066)   Other: 0.06ms
[6473.009s][info][gc,heap        ] GC(1066) Eden regions: 568->0(559)
[6473.009s][info][gc,heap        ] GC(1066) Survivor regions: 43->44(77)
[6473.009s][info][gc,heap        ] GC(1066) Old regions: 285->292
[6473.009s][info][gc,heap        ] GC(1066) Humongous regions: 33->33
[6473.009s][info][gc,metaspace   ] GC(1066) Metaspace: 30017K(30528K)->30017K(30528K) NonClass: 24604K(24896K)->24604K(24896K) Class: 5412K(5632K)->5412K(5632K)
[6473.009s][info][gc             ] GC(1066) Pause Young (Normal) (G1 Evacuation Pause) 7415M->2934M(8192M) 154.991ms
[6473.010s][info][gc,cpu         ] GC(1066) User=1.23s Sys=0.00s Real=0.15s
....[6476.112s][info][gc,start       ] GC(1067) Pause Young (Normal) (G1 Evacuation Pause)
[6476.112s][info][gc,task        ] GC(1067) Using 8 workers of 8 for evacuation
[6476.270s][info][gc,phases      ] GC(1067)   Pre Evacuate Collection Set: 0.22ms
[6476.270s][info][gc,phases      ] GC(1067)   Merge Heap Roots: 0.62ms
[6476.270s][info][gc,phases      ] GC(1067)   Evacuate Collection Set: 156.44ms
[6476.270s][info][gc,phases      ] GC(1067)   Post Evacuate Collection Set: 1.00ms
[6476.270s][info][gc,phases      ] GC(1067)   Other: 0.08ms
[6476.270s][info][gc,heap        ] GC(1067) Eden regions: 559->0(551)
[6476.270s][info][gc,heap        ] GC(1067) Survivor regions: 44->44(76)
[6476.271s][info][gc,heap        ] GC(1067) Old regions: 292->300
[6476.271s][info][gc,heap        ] GC(1067) Humongous regions: 33->33
[6476.271s][info][gc,metaspace   ] GC(1067) Metaspace: 30017K(30528K)->30017K(30528K) NonClass: 24604K(24896K)->24604K(24896K) Class: 5412K(5632K)->5412K(5632K)
[6476.271s][info][gc             ] GC(1067) Pause Young (Normal) (G1 Evacuation Pause) 7406M->2992M(8192M) 158.492ms
[6476.271s][info][gc,cpu         ] GC(1067) User=1.26s Sys=0.00s Real=0.16s
...[6479.433s][info][gc,start       ] GC(1068) Pause Young (Normal) (G1 Evacuation Pause)
[6479.433s][info][gc,task        ] GC(1068) Using 8 workers of 8 for evacuation
[6479.582s][info][gc,phases      ] GC(1068)   Pre Evacuate Collection Set: 0.24ms
[6479.582s][info][gc,phases      ] GC(1068)   Merge Heap Roots: 0.52ms
[6479.582s][info][gc,phases      ] GC(1068)   Evacuate Collection Set: 147.34ms
[6479.582s][info][gc,phases      ] GC(1068)   Post Evacuate Collection Set: 1.00ms
[6479.582s][info][gc,phases      ] GC(1068)   Other: 0.06ms
[6479.582s][info][gc,heap        ] GC(1068) Eden regions: 551->0(548)
[6479.582s][info][gc,heap        ] GC(1068) Survivor regions: 44->42(75)
[6479.582s][info][gc,heap        ] GC(1068) Old regions: 300->307
[6479.582s][info][gc,heap        ] GC(1068) Humongous regions: 33->33
[6479.582s][info][gc,metaspace   ] GC(1068) Metaspace: 30017K(30528K)->30017K(30528K) NonClass: 24604K(24896K)->24604K(24896K) Class: 5412K(5632K)->5412K(5632K)
[6479.582s][info][gc             ] GC(1068) Pause Young (Normal) (G1 Evacuation Pause) 7400M->3042M(8192M) 149.292ms
[6479.582s][info][gc,cpu         ] GC(1068) User=1.18s Sys=0.00s Real=0.15s
...[6482.594s][info][gc,start       ] GC(1069) Pause Young (Concurrent Start) (G1 Evacuation Pause)
[6482.594s][info][gc,task        ] GC(1069) Using 8 workers of 8 for evacuation
[6482.746s][info][gc,phases      ] GC(1069)   Pre Evacuate Collection Set: 0.27ms
[6482.746s][info][gc,phases      ] GC(1069)   Merge Heap Roots: 0.55ms
[6482.746s][info][gc,phases      ] GC(1069)   Evacuate Collection Set: 150.90ms
[6482.746s][info][gc,phases      ] GC(1069)   Post Evacuate Collection Set: 0.99ms
[6482.746s][info][gc,phases      ] GC(1069)   Other: 0.11ms
[6482.746s][info][gc,heap        ] GC(1069) Eden regions: 548->0(538)
[6482.746s][info][gc,heap        ] GC(1069) Survivor regions: 42->43(74)
[6482.746s][info][gc,heap        ] GC(1069) Old regions: 307->315
[6482.746s][info][gc,heap        ] GC(1069) Humongous regions: 33->33
[6482.746s][info][gc,metaspace   ] GC(1069) Metaspace: 30017K(30528K)->30017K(30528K) NonClass: 24604K(24896K)->24604K(24896K) Class: 5412K(5632K)->5412K(5632K)
[6482.746s][info][gc             ] GC(1069) Pause Young (Concurrent Start) (G1 Evacuation Pause) 7426M->3110M(8192M) 152.932ms
[6482.746s][info][gc             ] GC(1070) Concurrent Mark Cycle
[6482.746s][info][gc,marking     ] GC(1070) Concurrent Scan Root Regions
[6482.746s][info][gc,cpu         ] GC(1069) User=1.22s Sys=0.00s Real=0.15s
.[6483.105s][info][gc,marking     ] GC(1070) Concurrent Scan Root Regions 358.159ms
[6483.105s][info][gc,marking     ] GC(1070) Concurrent Mark
[6483.105s][info][gc,marking     ] GC(1070) Concurrent Mark From Roots
[6483.105s][info][gc,task        ] GC(1070) Using 2 workers of 2 for marking
.[6484.217s][info][gc,marking     ] GC(1070) Concurrent Mark From Roots 1112.283ms
[6484.217s][info][gc,marking     ] GC(1070) Concurrent Preclean
[6484.217s][info][gc,marking     ] GC(1070) Concurrent Preclean 0.092ms
[6484.217s][info][gc,start       ] GC(1070) Pause Remark
[6484.219s][info][gc             ] GC(1070) Pause Remark 4670M->4126M(8192M) 2.092ms
[6484.219s][info][gc,cpu         ] GC(1070) User=0.01s Sys=0.00s Real=0.00s
[6484.219s][info][gc,marking     ] GC(1070) Concurrent Mark 1114.788ms
[6484.219s][info][gc,marking     ] GC(1070) Concurrent Rebuild Remembered Sets and Scrub Regions
.[6485.089s][info][gc,marking     ] GC(1070) Concurrent Rebuild Remembered Sets and Scrub Regions 869.126ms
[6485.089s][info][gc,start       ] GC(1070) Pause Cleanup
[6485.089s][info][gc             ] GC(1070) Pause Cleanup 5339M->5339M(8192M) 0.253ms
[6485.089s][info][gc,cpu         ] GC(1070) User=0.00s Sys=0.00s Real=0.00s
[6485.089s][info][gc,marking     ] GC(1070) Concurrent Clear Claimed Marks
[6485.089s][info][gc,marking     ] GC(1070) Concurrent Clear Claimed Marks 0.043ms
[6485.089s][info][gc,marking     ] GC(1070) Concurrent Cleanup for Next Mark
[6485.099s][info][gc,marking     ] GC(1070) Concurrent Cleanup for Next Mark 9.796ms
[6485.099s][info][gc             ] GC(1070) Concurrent Mark Cycle 2352.565ms
[6486.010s][info][gc,start       ] GC(1071) Pause Young (Prepare Mixed) (G1 Evacuation Pause)
[6486.010s][info][gc,task        ] GC(1071) Using 8 workers of 8 for evacuation
[6486.167s][info][gc,phases      ] GC(1071)   Pre Evacuate Collection Set: 0.22ms
[6486.167s][info][gc,phases      ] GC(1071)   Merge Heap Roots: 0.69ms
[6486.167s][info][gc,phases      ] GC(1071)   Evacuate Collection Set: 154.67ms
[6486.167s][info][gc,phases      ] GC(1071)   Post Evacuate Collection Set: 1.07ms
[6486.167s][info][gc,phases      ] GC(1071)   Other: 0.06ms
[6486.167s][info][gc,heap        ] GC(1071) Eden regions: 538->0(570)
[6486.167s][info][gc,heap        ] GC(1071) Survivor regions: 43->44(73)
[6486.167s][info][gc,heap        ] GC(1071) Old regions: 247->254
[6486.167s][info][gc,heap        ] GC(1071) Humongous regions: 33->33
[6486.167s][info][gc,metaspace   ] GC(1071) Metaspace: 30017K(30528K)->30017K(30528K) NonClass: 24604K(24896K)->24604K(24896K) Class: 5412K(5632K)->5412K(5632K)
[6486.167s][info][gc             ] GC(1071) Pause Young (Prepare Mixed) (G1 Evacuation Pause) 6870M->2631M(8192M) 156.864ms
[6486.167s][info][gc,cpu         ] GC(1071) User=1.24s Sys=0.00s Real=0.16s
....|[6489.244s][info][gc,start       ] GC(1072) Pause Young (Mixed) (G1 Evacuation Pause)
[6489.244s][info][gc,task        ] GC(1072) Using 8 workers of 8 for evacuation
[6489.410s][info][gc,phases      ] GC(1072)   Pre Evacuate Collection Set: 0.27ms
[6489.410s][info][gc,phases      ] GC(1072)   Merge Heap Roots: 0.78ms
[6489.410s][info][gc,phases      ] GC(1072)   Evacuate Collection Set: 163.34ms
[6489.410s][info][gc,phases      ] GC(1072)   Post Evacuate Collection Set: 1.22ms
[6489.410s][info][gc,phases      ] GC(1072)   Other: 0.07ms
[6489.410s][info][gc,heap        ] GC(1072) Eden regions: 570->0(570)
[6489.410s][info][gc,heap        ] GC(1072) Survivor regions: 44->44(77)
[6489.410s][info][gc,heap        ] GC(1072) Old regions: 254->159
[6489.410s][info][gc,heap        ] GC(1072) Humongous regions: 33->33
[6489.410s][info][gc,metaspace   ] GC(1072) Metaspace: 30017K(30528K)->30017K(30528K) NonClass: 24604K(24896K)->24604K(24896K) Class: 5412K(5632K)->5412K(5632K)
[6489.410s][info][gc             ] GC(1072) Pause Young (Mixed) (G1 Evacuation Pause) 7191M->1871M(8192M) 165.815ms
[6489.410s][info][gc,cpu         ] GC(1072) User=1.31s Sys=0.00s Real=0.16s
...[6492.565s][info][gc,start       ] GC(1073) Pause Young (Mixed) (G1 Evacuation Pause)
[6492.566s][info][gc,task        ] GC(1073) Using 8 workers of 8 for evacuation
[6492.723s][info][gc,phases      ] GC(1073)   Pre Evacuate Collection Set: 0.24ms
[6492.723s][info][gc,phases      ] GC(1073)   Merge Heap Roots: 0.74ms
[6492.723s][info][gc,phases      ] GC(1073)   Evacuate Collection Set: 155.45ms
[6492.723s][info][gc,phases      ] GC(1073)   Post Evacuate Collection Set: 1.07ms
[6492.723s][info][gc,phases      ] GC(1073)   Other: 0.07ms
[6492.723s][info][gc,heap        ] GC(1073) Eden regions: 570->0(571)
[6492.723s][info][gc,heap        ] GC(1073) Survivor regions: 44->43(77)
[6492.723s][info][gc,heap        ] GC(1073) Old regions: 159->142
[6492.723s][info][gc,heap        ] GC(1073) Humongous regions: 33->33
[6492.723s][info][gc,metaspace   ] GC(1073) Metaspace: 30017K(30528K)->30017K(30528K) NonClass: 24604K(24896K)->24604K(24896K) Class: 5412K(5632K)->5412K(5632K)
[6492.723s][info][gc             ] GC(1073) Pause Young (Mixed) (G1 Evacuation Pause) 6431M->1729M(8192M) 157.708ms
[6492.723s][info][gc,cpu         ] GC(1073) User=1.25s Sys=0.00s Real=0.16s
...[6495.852s][info][gc,start       ] GC(1074) Pause Young (Normal) (G1 Evacuation Pause)
[6495.853s][info][gc,task        ] GC(1074) Using 8 workers of 8 for evacuation
[6496.005s][info][gc,phases      ] GC(1074)   Pre Evacuate Collection Set: 0.22ms
[6496.005s][info][gc,phases      ] GC(1074)   Merge Heap Roots: 0.50ms
[6496.005s][info][gc,phases      ] GC(1074)   Evacuate Collection Set: 151.02ms
[6496.005s][info][gc,phases      ] GC(1074)   Post Evacuate Collection Set: 1.04ms
[6496.005s][info][gc,phases      ] GC(1074)   Other: 0.06ms
[6496.005s][info][gc,heap        ] GC(1074) Eden regions: 571->0(571)
[6496.005s][info][gc,heap        ] GC(1074) Survivor regions: 43->43(77)
[6496.005s][info][gc,heap        ] GC(1074) Old regions: 142->150
[6496.005s][info][gc,heap        ] GC(1074) Humongous regions: 33->33
[6496.005s][info][gc,metaspace   ] GC(1074) Metaspace: 30017K(30528K)->30017K(30528K) NonClass: 24604K(24896K)->24604K(24896K) Class: 5412K(5632K)->5412K(5632K)
[6496.005s][info][gc             ] GC(1074) Pause Young (Normal) (G1 Evacuation Pause) 6297M->1787M(8192M) 152.968ms
[6496.005s][info][gc,cpu         ] GC(1074) User=1.21s Sys=0.00s Real=0.16s
....[6499.324s][info][gc,start       ] GC(1075) Pause Young (Normal) (G1 Evacuation Pause)
[6499.325s][info][gc,task        ] GC(1075) Using 8 workers of 8 for evacuation
[6499.476s][info][gc,phases      ] GC(1075)   Pre Evacuate Collection Set: 0.25ms
[6499.476s][info][gc,phases      ] GC(1075)   Merge Heap Roots: 0.54ms
[6499.476s][info][gc,phases      ] GC(1075)   Evacuate Collection Set: 149.56ms
[6499.476s][info][gc,phases      ] GC(1075)   Post Evacuate Collection Set: 1.04ms
[6499.476s][info][gc,phases      ] GC(1075)   Other: 0.06ms
[6499.476s][info][gc,heap        ] GC(1075) Eden regions: 571->0(571)
[6499.476s][info][gc,heap        ] GC(1075) Survivor regions: 43->43(77)
[6499.476s][info][gc,heap        ] GC(1075) Old regions: 150->157
[6499.476s][info][gc,heap        ] GC(1075) Humongous regions: 33->33
[6499.476s][info][gc,metaspace   ] GC(1075) Metaspace: 30017K(30528K)->30017K(30528K) NonClass: 24604K(24896K)->24604K(24896K) Class: 5412K(5632K)->5412K(5632K)
[6499.476s][info][gc             ] GC(1075) Pause Young (Normal) (G1 Evacuation Pause) 6355M->1840M(8192M) 151.585ms
[6499.476s][info][gc,cpu         ] GC(1075) User=1.20s Sys=0.00s Real=0.15s
...[6502.725s][info][gc,start       ] GC(1076) Pause Young (Normal) (G1 Evacuation Pause)
[6502.725s][info][gc,task        ] GC(1076) Using 8 workers of 8 for evacuation
[6502.879s][info][gc,phases      ] GC(1076)   Pre Evacuate Collection Set: 0.23ms
[6502.879s][info][gc,phases      ] GC(1076)   Merge Heap Roots: 0.49ms
[6502.879s][info][gc,phases      ] GC(1076)   Evacuate Collection Set: 151.54ms
[6502.879s][info][gc,phases      ] GC(1076)   Post Evacuate Collection Set: 1.02ms
[6502.879s][info][gc,phases      ] GC(1076)   Other: 0.06ms
[6502.879s][info][gc,heap        ] GC(1076) Eden regions: 571->0(569)
[6502.879s][info][gc,heap        ] GC(1076) Survivor regions: 43->45(77)
[6502.879s][info][gc,heap        ] GC(1076) Old regions: 157->164
[6502.879s][info][gc,heap        ] GC(1076) Humongous regions: 33->33
[6502.879s][info][gc,metaspace   ] GC(1076) Metaspace: 30017K(30528K)->30017K(30528K) NonClass: 24604K(24896K)->24604K(24896K) Class: 5412K(5632K)->5412K(5632K)
[6502.879s][info][gc             ] GC(1076) Pause Young (Normal) (G1 Evacuation Pause) 6408M->1912M(8192M) 153.458ms
[6502.879s][info][gc,cpu         ] GC(1076) User=1.21s Sys=0.00s Real=0.15s
...[6506.051s][info][gc,start       ] GC(1077) Pause Young (Normal) (G1 Evacuation Pause)
[6506.052s][info][gc,task        ] GC(1077) Using 8 workers of 8 for evacuation
[6506.203s][info][gc,phases      ] GC(1077)   Pre Evacuate Collection Set: 0.22ms
[6506.203s][info][gc,phases      ] GC(1077)   Merge Heap Roots: 0.52ms
[6506.203s][info][gc,phases      ] GC(1077)   Evacuate Collection Set: 150.05ms
[6506.203s][info][gc,phases      ] GC(1077)   Post Evacuate Collection Set: 1.00ms
[6506.203s][info][gc,phases      ] GC(1077)   Other: 0.06ms
[6506.203s][info][gc,heap        ] GC(1077) Eden regions: 569->0(570)
[6506.203s][info][gc,heap        ] GC(1077) Survivor regions: 45->44(77)
[6506.203s][info][gc,heap        ] GC(1077) Old regions: 164->171
[6506.203s][info][gc,heap        ] GC(1077) Humongous regions: 33->33
[6506.203s][info][gc,metaspace   ] GC(1077) Metaspace: 30017K(30528K)->30017K(30528K) NonClass: 24604K(24896K)->24604K(24896K) Class: 5412K(5632K)->5412K(5632K)
[6506.203s][info][gc             ] GC(1077) Pause Young (Normal) (G1 Evacuation Pause) 6464M->1960M(8192M) 152.003ms
[6506.204s][info][gc,cpu         ] GC(1077) User=1.20s Sys=0.00s Real=0.16s
....[6509.449s][info][gc,start       ] GC(1078) Pause Young (Normal) (G1 Evacuation Pause)
[6509.449s][info][gc,task        ] GC(1078) Using 8 workers of 8 for evacuation
[6509.599s][info][gc,phases      ] GC(1078)   Pre Evacuate Collection Set: 0.22ms
[6509.599s][info][gc,phases      ] GC(1078)   Merge Heap Roots: 0.53ms
[6509.599s][info][gc,phases      ] GC(1078)   Evacuate Collection Set: 147.23ms
[6509.599s][info][gc,phases      ] GC(1078)   Post Evacuate Collection Set: 1.05ms
[6509.599s][info][gc,phases      ] GC(1078)   Other: 0.07ms
[6509.599s][info][gc,heap        ] GC(1078) Eden regions: 570->0(571)
[6509.599s][info][gc,heap        ] GC(1078) Survivor regions: 44->43(77)
[6509.599s][info][gc,heap        ] GC(1078) Old regions: 171->178
[6509.599s][info][gc,heap        ] GC(1078) Humongous regions: 33->33
[6509.599s][info][gc,metaspace   ] GC(1078) Metaspace: 30017K(30528K)->30017K(30528K) NonClass: 24604K(24896K)->24604K(24896K) Class: 5412K(5632K)->5412K(5632K)
[6509.599s][info][gc             ] GC(1078) Pause Young (Normal) (G1 Evacuation Pause) 6520M->2015M(8192M) 149.228ms
[6509.599s][info][gc,cpu         ] GC(1078) User=1.18s Sys=0.00s Real=0.15s
...[6512.957s][info][gc,start       ] GC(1079) Pause Young (Normal) (G1 Evacuation Pause)
[6512.957s][info][gc,task        ] GC(1079) Using 8 workers of 8 for evacuation
[6513.106s][info][gc,phases      ] GC(1079)   Pre Evacuate Collection Set: 0.23ms
[6513.106s][info][gc,phases      ] GC(1079)   Merge Heap Roots: 0.52ms
[6513.106s][info][gc,phases      ] GC(1079)   Evacuate Collection Set: 147.71ms
[6513.106s][info][gc,phases      ] GC(1079)   Post Evacuate Collection Set: 1.01ms
[6513.106s][info][gc,phases      ] GC(1079)   Other: 0.06ms
[6513.107s][info][gc,heap        ] GC(1079) Eden regions: 571->0(571)
[6513.107s][info][gc,heap        ] GC(1079) Survivor regions: 43->43(77)
[6513.107s][info][gc,heap        ] GC(1079) Old regions: 178->186
[6513.107s][info][gc,heap        ] GC(1079) Humongous regions: 33->33
[6513.107s][info][gc,metaspace   ] GC(1079) Metaspace: 30017K(30528K)->30017K(30528K) NonClass: 24604K(24896K)->24604K(24896K) Class: 5412K(5632K)->5412K(5632K)
[6513.107s][info][gc             ] GC(1079) Pause Young (Normal) (G1 Evacuation Pause) 6583M->2075M(8192M) 149.675ms
[6513.107s][info][gc,cpu         ] GC(1079) User=1.19s Sys=0.00s Real=0.15s
....[6516.305s][info][gc,start       ] GC(1080) Pause Young (Normal) (G1 Evacuation Pause)
[6516.305s][info][gc,task        ] GC(1080) Using 8 workers of 8 for evacuation
[6516.454s][info][gc,phases      ] GC(1080)   Pre Evacuate Collection Set: 0.23ms
[6516.454s][info][gc,phases      ] GC(1080)   Merge Heap Roots: 0.51ms
[6516.454s][info][gc,phases      ] GC(1080)   Evacuate Collection Set: 146.58ms
[6516.454s][info][gc,phases      ] GC(1080)   Post Evacuate Collection Set: 1.01ms
[6516.454s][info][gc,phases      ] GC(1080)   Other: 0.06ms
[6516.454s][info][gc,heap        ] GC(1080) Eden regions: 571->0(572)
[6516.454s][info][gc,heap        ] GC(1080) Survivor regions: 43->42(77)
[6516.454s][info][gc,heap        ] GC(1080) Old regions: 186->193
[6516.454s][info][gc,heap        ] GC(1080) Humongous regions: 33->33
[6516.454s][info][gc,metaspace   ] GC(1080) Metaspace: 30017K(30528K)->30017K(30528K) NonClass: 24604K(24896K)->24604K(24896K) Class: 5412K(5632K)->5412K(5632K)
[6516.454s][info][gc             ] GC(1080) Pause Young (Normal) (G1 Evacuation Pause) 6643M->2124M(8192M) 148.539ms
[6516.454s][info][gc,cpu         ] GC(1080) User=1.17s Sys=0.00s Real=0.15s
...[6519.773s][info][gc,start       ] GC(1081) Pause Young (Normal) (G1 Evacuation Pause)
[6519.773s][info][gc,task        ] GC(1081) Using 8 workers of 8 for evacuation
[6519.927s][info][gc,phases      ] GC(1081)   Pre Evacuate Collection Set: 0.23ms
[6519.927s][info][gc,phases      ] GC(1081)   Merge Heap Roots: 0.52ms
[6519.927s][info][gc,phases      ] GC(1081)   Evacuate Collection Set: 152.78ms
[6519.927s][info][gc,phases      ] GC(1081)   Post Evacuate Collection Set: 1.00ms
[6519.927s][info][gc,phases      ] GC(1081)   Other: 0.06ms
[6519.927s][info][gc,heap        ] GC(1081) Eden regions: 572->0(570)
[6519.927s][info][gc,heap        ] GC(1081) Survivor regions: 42->44(77)
[6519.927s][info][gc,heap        ] GC(1081) Old regions: 193->200
[6519.927s][info][gc,heap        ] GC(1081) Humongous regions: 33->33
[6519.927s][info][gc,metaspace   ] GC(1081) Metaspace: 30017K(30528K)->30017K(30528K) NonClass: 24604K(24896K)->24604K(24896K) Class: 5412K(5632K)->5412K(5632K)
[6519.927s][info][gc             ] GC(1081) Pause Young (Normal) (G1 Evacuation Pause) 6700M->2196M(8192M) 154.728ms
[6519.927s][info][gc,cpu         ] GC(1081) User=1.23s Sys=0.00s Real=0.16s
...[6523.168s][info][gc,start       ] GC(1082) Pause Young (Normal) (G1 Evacuation Pause)
[6523.168s][info][gc,task        ] GC(1082) Using 8 workers of 8 for evacuation
[6523.321s][info][gc,phases      ] GC(1082)   Pre Evacuate Collection Set: 0.26ms
[6523.321s][info][gc,phases      ] GC(1082)   Merge Heap Roots: 0.56ms
[6523.321s][info][gc,phases      ] GC(1082)   Evacuate Collection Set: 150.20ms
[6523.321s][info][gc,phases      ] GC(1082)   Post Evacuate Collection Set: 1.02ms
[6523.321s][info][gc,phases      ] GC(1082)   Other: 0.06ms
[6523.321s][info][gc,heap        ] GC(1082) Eden regions: 570->0(570)
[6523.321s][info][gc,heap        ] GC(1082) Survivor regions: 44->44(77)
[6523.321s][info][gc,heap        ] GC(1082) Old regions: 200->207
[6523.321s][info][gc,heap        ] GC(1082) Humongous regions: 33->33
[6523.321s][info][gc,metaspace   ] GC(1082) Metaspace: 30017K(30528K)->30017K(30528K) NonClass: 24604K(24896K)->24604K(24896K) Class: 5412K(5632K)->5412K(5632K)
[6523.321s][info][gc             ] GC(1082) Pause Young (Normal) (G1 Evacuation Pause) 6756M->2252M(8192M) 152.243ms
[6523.321s][info][gc,cpu         ] GC(1082) User=1.21s Sys=0.00s Real=0.15s
....[6526.499s][info][gc,start       ] GC(1083) Pause Young (Normal) (G1 Evacuation Pause)
[6526.499s][info][gc,task        ] GC(1083) Using 8 workers of 8 for evacuation
[6526.649s][info][gc,phases      ] GC(1083)   Pre Evacuate Collection Set: 0.23ms
[6526.649s][info][gc,phases      ] GC(1083)   Merge Heap Roots: 0.51ms
[6526.649s][info][gc,phases      ] GC(1083)   Evacuate Collection Set: 148.23ms
[6526.649s][info][gc,phases      ] GC(1083)   Post Evacuate Collection Set: 0.99ms
[6526.649s][info][gc,phases      ] GC(1083)   Other: 0.06ms
[6526.649s][info][gc,heap        ] GC(1083) Eden regions: 570->0(571)
[6526.649s][info][gc,heap        ] GC(1083) Survivor regions: 44->43(77)
[6526.649s][info][gc,heap        ] GC(1083) Old regions: 207->214
[6526.649s][info][gc,heap        ] GC(1083) Humongous regions: 33->33
[6526.649s][info][gc,metaspace   ] GC(1083) Metaspace: 30017K(30528K)->30017K(30528K) NonClass: 24604K(24896K)->24604K(24896K) Class: 5412K(5632K)->5412K(5632K)
[6526.649s][info][gc             ] GC(1083) Pause Young (Normal) (G1 Evacuation Pause) 6812M->2301M(8192M) 150.148ms
[6526.649s][info][gc,cpu         ] GC(1083) User=1.19s Sys=0.00s Real=0.15s
...[6529.866s][info][gc,start       ] GC(1084) Pause Young (Normal) (G1 Evacuation Pause)
[6529.866s][info][gc,task        ] GC(1084) Using 8 workers of 8 for evacuation
[6530.020s][info][gc,phases      ] GC(1084)   Pre Evacuate Collection Set: 0.23ms
[6530.020s][info][gc,phases      ] GC(1084)   Merge Heap Roots: 0.52ms
[6530.020s][info][gc,phases      ] GC(1084)   Evacuate Collection Set: 152.19ms
[6530.020s][info][gc,phases      ] GC(1084)   Post Evacuate Collection Set: 1.04ms
[6530.020s][info][gc,phases      ] GC(1084)   Other: 0.06ms
[6530.020s][info][gc,heap        ] GC(1084) Eden regions: 571->0(570)
[6530.020s][info][gc,heap        ] GC(1084) Survivor regions: 43->44(77)
[6530.020s][info][gc,heap        ] GC(1084) Old regions: 214->221
[6530.020s][info][gc,heap        ] GC(1084) Humongous regions: 33->33
[6530.020s][info][gc,metaspace   ] GC(1084) Metaspace: 30017K(30528K)->30017K(30528K) NonClass: 24604K(24896K)->24604K(24896K) Class: 5412K(5632K)->5412K(5632K)
[6530.020s][info][gc             ] GC(1084) Pause Young (Normal) (G1 Evacuation Pause) 6869M->2368M(8192M) 154.166ms
[6530.020s][info][gc,cpu         ] GC(1084) User=1.22s Sys=0.00s Real=0.15s
...[6533.148s][info][gc,start       ] GC(1085) Pause Young (Normal) (G1 Evacuation Pause)
[6533.148s][info][gc,task        ] GC(1085) Using 8 workers of 8 for evacuation
[6533.305s][info][gc,phases      ] GC(1085)   Pre Evacuate Collection Set: 0.22ms
[6533.305s][info][gc,phases      ] GC(1085)   Merge Heap Roots: 0.56ms
[6533.305s][info][gc,phases      ] GC(1085)   Evacuate Collection Set: 155.43ms
[6533.305s][info][gc,phases      ] GC(1085)   Post Evacuate Collection Set: 1.03ms
[6533.305s][info][gc,phases      ] GC(1085)   Other: 0.06ms
[6533.305s][info][gc,heap        ] GC(1085) Eden regions: 570->0(569)
[6533.305s][info][gc,heap        ] GC(1085) Survivor regions: 44->45(77)
[6533.305s][info][gc,heap        ] GC(1085) Old regions: 221->228
[6533.305s][info][gc,heap        ] GC(1085) Humongous regions: 33->33
[6533.305s][info][gc,metaspace   ] GC(1085) Metaspace: 30017K(30528K)->30017K(30528K) NonClass: 24604K(24896K)->24604K(24896K) Class: 5412K(5632K)->5412K(5632K)
[6533.305s][info][gc             ] GC(1085) Pause Young (Normal) (G1 Evacuation Pause) 6928M->2429M(8192M) 157.433ms
[6533.305s][info][gc,cpu         ] GC(1085) User=1.25s Sys=0.00s Real=0.16s
....[6536.525s][info][gc,start       ] GC(1086) Pause Young (Normal) (G1 Evacuation Pause)
[6536.525s][info][gc,task        ] GC(1086) Using 8 workers of 8 for evacuation
[6536.679s][info][gc,phases      ] GC(1086)   Pre Evacuate Collection Set: 0.23ms
[6536.679s][info][gc,phases      ] GC(1086)   Merge Heap Roots: 0.50ms
[6536.679s][info][gc,phases      ] GC(1086)   Evacuate Collection Set: 151.37ms
[6536.679s][info][gc,phases      ] GC(1086)   Post Evacuate Collection Set: 1.02ms
[6536.679s][info][gc,phases      ] GC(1086)   Other: 0.06ms
[6536.679s][info][gc,heap        ] GC(1086) Eden regions: 569->0(571)
[6536.679s][info][gc,heap        ] GC(1086) Survivor regions: 45->43(77)
[6536.679s][info][gc,heap        ] GC(1086) Old regions: 228->235
[6536.679s][info][gc,heap        ] GC(1086) Humongous regions: 33->33
[6536.679s][info][gc,metaspace   ] GC(1086) Metaspace: 30017K(30528K)->30017K(30528K) NonClass: 24604K(24896K)->24604K(24896K) Class: 5412K(5632K)->5412K(5632K)
[6536.679s][info][gc             ] GC(1086) Pause Young (Normal) (G1 Evacuation Pause) 6981M->2474M(8192M) 153.311ms
[6536.679s][info][gc,cpu         ] GC(1086) User=1.22s Sys=0.00s Real=0.15s
...[6539.896s][info][gc,start       ] GC(1087) Pause Young (Normal) (G1 Evacuation Pause)
[6539.896s][info][gc,task        ] GC(1087) Using 8 workers of 8 for evacuation
[6540.052s][info][gc,phases      ] GC(1087)   Pre Evacuate Collection Set: 0.23ms
[6540.052s][info][gc,phases      ] GC(1087)   Merge Heap Roots: 0.55ms
[6540.052s][info][gc,phases      ] GC(1087)   Evacuate Collection Set: 153.78ms
[6540.052s][info][gc,phases      ] GC(1087)   Post Evacuate Collection Set: 1.01ms
[6540.052s][info][gc,phases      ] GC(1087)   Other: 0.08ms
[6540.052s][info][gc,heap        ] GC(1087) Eden regions: 571->0(571)
[6540.052s][info][gc,heap        ] GC(1087) Survivor regions: 43->43(77)
[6540.052s][info][gc,heap        ] GC(1087) Old regions: 235->243
[6540.052s][info][gc,heap        ] GC(1087) Humongous regions: 33->33
[6540.052s][info][gc,metaspace   ] GC(1087) Metaspace: 30017K(30528K)->30017K(30528K) NonClass: 24604K(24896K)->24604K(24896K) Class: 5412K(5632K)->5412K(5632K)
[6540.052s][info][gc             ] GC(1087) Pause Young (Normal) (G1 Evacuation Pause) 7042M->2532M(8192M) 155.780ms
[6540.052s][info][gc,cpu         ] GC(1087) User=1.23s Sys=0.00s Real=0.15s
...[6543.234s][info][gc,start       ] GC(1088) Pause Young (Normal) (G1 Evacuation Pause)
[6543.234s][info][gc,task        ] GC(1088) Using 8 workers of 8 for evacuation
[6543.389s][info][gc,phases      ] GC(1088)   Pre Evacuate Collection Set: 0.23ms
[6543.389s][info][gc,phases      ] GC(1088)   Merge Heap Roots: 0.53ms
[6543.389s][info][gc,phases      ] GC(1088)   Evacuate Collection Set: 152.97ms
[6543.389s][info][gc,phases      ] GC(1088)   Post Evacuate Collection Set: 1.00ms
[6543.389s][info][gc,phases      ] GC(1088)   Other: 0.06ms
[6543.389s][info][gc,heap        ] GC(1088) Eden regions: 571->0(570)
[6543.389s][info][gc,heap        ] GC(1088) Survivor regions: 43->44(77)
[6543.389s][info][gc,heap        ] GC(1088) Old regions: 243->250
[6543.389s][info][gc,heap        ] GC(1088) Humongous regions: 33->33
[6543.389s][info][gc,metaspace   ] GC(1088) Metaspace: 30017K(30528K)->30017K(30528K) NonClass: 24604K(24896K)->24604K(24896K) Class: 5412K(5632K)->5412K(5632K)
[6543.389s][info][gc             ] GC(1088) Pause Young (Normal) (G1 Evacuation Pause) 7100M->2592M(8192M) 154.913ms
[6543.389s][info][gc,cpu         ] GC(1088) User=1.23s Sys=0.00s Real=0.15s
....[6546.503s][info][gc,start       ] GC(1089) Pause Young (Normal) (G1 Evacuation Pause)
[6546.503s][info][gc,task        ] GC(1089) Using 8 workers of 8 for evacuation
[6546.657s][info][gc,phases      ] GC(1089)   Pre Evacuate Collection Set: 0.22ms
[6546.657s][info][gc,phases      ] GC(1089)   Merge Heap Roots: 0.53ms
[6546.657s][info][gc,phases      ] GC(1089)   Evacuate Collection Set: 151.41ms
[6546.657s][info][gc,phases      ] GC(1089)   Post Evacuate Collection Set: 1.04ms
[6546.657s][info][gc,phases      ] GC(1089)   Other: 0.06ms
[6546.657s][info][gc,heap        ] GC(1089) Eden regions: 570->0(570)
[6546.657s][info][gc,heap        ] GC(1089) Survivor regions: 44->44(77)
[6546.657s][info][gc,heap        ] GC(1089) Old regions: 250->257
[6546.657s][info][gc,heap        ] GC(1089) Humongous regions: 33->33
[6546.657s][info][gc,metaspace   ] GC(1089) Metaspace: 30017K(30528K)->30017K(30528K) NonClass: 24604K(24896K)->24604K(24896K) Class: 5412K(5632K)->5412K(5632K)
[6546.657s][info][gc             ] GC(1089) Pause Young (Normal) (G1 Evacuation Pause) 7152M->2653M(8192M) 153.399ms
[6546.657s][info][gc,cpu         ] GC(1089) User=1.21s Sys=0.00s Real=0.16s
... (rIR:aIR:PR = 11346:11367:11367) (tPR = 169186) [OK] 
  6549s: Performance info:
         Transaction,    Success,    Partial,     Failed,   Receipts, AvgBarcode, 
             Overall,     684514,          0,          0,     650475,      59.47, 
         Response times:
             Request,    Success,    Partial,     Failed,   SkipFail,     Probes,    Samples,      min,      p50,      p90,      p95,      p99,      max, 
       TotalPurchase,     650558,          0,          0,          0,     357117,     547111,      300,    10500,    75000,   111000,   181000,  2800000,
     InStorePurchase,     343457,          0,          0,          0,     187645,     286547,      300,    10400,    75000,   111000,   182000,  2800000,
      OnlinePurchase,     238948,          0,          0,          0,     131594,     201637,      300,    10600,    75000,   111000,   180000,  2800000,
        InstPurchase,      68153,          0,          0,          0,      37878,      58927,      400,    10500,    75000,   112000,   185000,  2400000,
          AssocOfCat,        686,          0,          0,          0,        587,       1039,    30000,    71000,   156000,   196000,   246400,   308000,
      AssocOfProduct,       6775,          0,          0,          0,       4158,       6709,      700,    10200,    74000,   105000,   185900,  1200000,
      BusinessReport,       1709,          0,          0,          0,       1533,       2506,    33000,    74000,   164000,   202000,   250860,   710000,
          CustBuyBeh,       6826,          0,          0,          0,       4047,       6475,      200,    10800,    65400,   103000,   191000,  1700000,
       ProductReturn,      17996,          0,          0,          0,       9084,      14361,      200,    10800,    74000,   109000,   194000,  1100000,

  6549s: (83%)   IR =  11485 [6549.796s][info][gc,start       ] GC(1090) Pause Young (Normal) (G1 Evacuation Pause)
[6549.796s][info][gc,task        ] GC(1090) Using 8 workers of 8 for evacuation
[6549.951s][info][gc,phases      ] GC(1090)   Pre Evacuate Collection Set: 0.25ms
[6549.951s][info][gc,phases      ] GC(1090)   Merge Heap Roots: 0.53ms
[6549.951s][info][gc,phases      ] GC(1090)   Evacuate Collection Set: 152.84ms
[6549.951s][info][gc,phases      ] GC(1090)   Post Evacuate Collection Set: 1.05ms
[6549.951s][info][gc,phases      ] GC(1090)   Other: 0.06ms
[6549.951s][info][gc,heap        ] GC(1090) Eden regions: 570->0(570)
[6549.951s][info][gc,heap        ] GC(1090) Survivor regions: 44->44(77)
[6549.951s][info][gc,heap        ] GC(1090) Old regions: 257->264
[6549.951s][info][gc,heap        ] GC(1090) Humongous regions: 33->33
[6549.951s][info][gc,metaspace   ] GC(1090) Metaspace: 30017K(30528K)->30017K(30528K) NonClass: 24604K(24896K)->24604K(24896K) Class: 5412K(5632K)->5412K(5632K)
[6549.951s][info][gc             ] GC(1090) Pause Young (Normal) (G1 Evacuation Pause) 7213M->2709M(8192M) 154.850ms
[6549.951s][info][gc,cpu         ] GC(1090) User=1.22s Sys=0.00s Real=0.15s
...[6553.106s][info][gc,start       ] GC(1091) Pause Young (Normal) (G1 Evacuation Pause)
[6553.106s][info][gc,task        ] GC(1091) Using 8 workers of 8 for evacuation
[6553.263s][info][gc,phases      ] GC(1091)   Pre Evacuate Collection Set: 0.23ms
[6553.263s][info][gc,phases      ] GC(1091)   Merge Heap Roots: 0.57ms
[6553.263s][info][gc,phases      ] GC(1091)   Evacuate Collection Set: 154.51ms
[6553.263s][info][gc,phases      ] GC(1091)   Post Evacuate Collection Set: 1.02ms
[6553.263s][info][gc,phases      ] GC(1091)   Other: 0.06ms
[6553.263s][info][gc,heap        ] GC(1091) Eden regions: 570->0(569)
[6553.263s][info][gc,heap        ] GC(1091) Survivor regions: 44->45(77)
[6553.263s][info][gc,heap        ] GC(1091) Old regions: 264->271
[6553.263s][info][gc,heap        ] GC(1091) Humongous regions: 33->33
[6553.263s][info][gc,metaspace   ] GC(1091) Metaspace: 30017K(30528K)->30017K(30528K) NonClass: 24604K(24896K)->24604K(24896K) Class: 5412K(5632K)->5412K(5632K)
[6553.263s][info][gc             ] GC(1091) Pause Young (Normal) (G1 Evacuation Pause) 7269M->2773M(8192M) 156.525ms
[6553.263s][info][gc,cpu         ] GC(1091) User=1.24s Sys=0.01s Real=0.15s
...[6556.445s][info][gc,start       ] GC(1092) Pause Young (Normal) (G1 Evacuation Pause)
[6556.445s][info][gc,task        ] GC(1092) Using 8 workers of 8 for evacuation
[6556.597s][info][gc,phases      ] GC(1092)   Pre Evacuate Collection Set: 0.22ms
[6556.597s][info][gc,phases      ] GC(1092)   Merge Heap Roots: 0.53ms
[6556.597s][info][gc,phases      ] GC(1092)   Evacuate Collection Set: 150.19ms
[6556.597s][info][gc,phases      ] GC(1092)   Post Evacuate Collection Set: 1.02ms
[6556.597s][info][gc,phases      ] GC(1092)   Other: 0.06ms
[6556.597s][info][gc,heap        ] GC(1092) Eden regions: 569->0(570)
[6556.597s][info][gc,heap        ] GC(1092) Survivor regions: 45->44(77)
[6556.597s][info][gc,heap        ] GC(1092) Old regions: 271->279
[6556.597s][info][gc,heap        ] GC(1092) Humongous regions: 33->33
[6556.597s][info][gc,metaspace   ] GC(1092) Metaspace: 30017K(30528K)->30017K(30528K) NonClass: 24604K(24896K)->24604K(24896K) Class: 5412K(5632K)->5412K(5632K)
[6556.597s][info][gc             ] GC(1092) Pause Young (Normal) (G1 Evacuation Pause) 7325M->2823M(8192M) 152.172ms
[6556.597s][info][gc,cpu         ] GC(1092) User=1.21s Sys=0.00s Real=0.15s
....|[6559.736s][info][gc,start       ] GC(1093) Pause Young (Normal) (G1 Evacuation Pause)
[6559.736s][info][gc,task        ] GC(1093) Using 8 workers of 8 for evacuation
[6559.887s][info][gc,phases      ] GC(1093)   Pre Evacuate Collection Set: 0.22ms
[6559.888s][info][gc,phases      ] GC(1093)   Merge Heap Roots: 0.51ms
[6559.888s][info][gc,phases      ] GC(1093)   Evacuate Collection Set: 149.71ms
[6559.888s][info][gc,phases      ] GC(1093)   Post Evacuate Collection Set: 0.98ms
[6559.888s][info][gc,phases      ] GC(1093)   Other: 0.06ms
[6559.888s][info][gc,heap        ] GC(1093) Eden regions: 570->0(567)
[6559.888s][info][gc,heap        ] GC(1093) Survivor regions: 44->43(77)
[6559.888s][info][gc,heap        ] GC(1093) Old regions: 279->286
[6559.888s][info][gc,heap        ] GC(1093) Humongous regions: 33->33
[6559.888s][info][gc,metaspace   ] GC(1093) Metaspace: 30017K(30528K)->30017K(30528K) NonClass: 24604K(24896K)->24604K(24896K) Class: 5412K(5632K)->5412K(5632K)
[6559.888s][info][gc             ] GC(1093) Pause Young (Normal) (G1 Evacuation Pause) 7383M->2878M(8192M) 151.623ms
[6559.888s][info][gc,cpu         ] GC(1093) User=1.21s Sys=0.00s Real=0.15s
...[6563.111s][info][gc,start       ] GC(1094) Pause Young (Normal) (G1 Evacuation Pause)
[6563.111s][info][gc,task        ] GC(1094) Using 8 workers of 8 for evacuation
[6563.265s][info][gc,phases      ] GC(1094)   Pre Evacuate Collection Set: 0.26ms
[6563.265s][info][gc,phases      ] GC(1094)   Merge Heap Roots: 0.55ms
[6563.265s][info][gc,phases      ] GC(1094)   Evacuate Collection Set: 152.39ms
[6563.265s][info][gc,phases      ] GC(1094)   Post Evacuate Collection Set: 1.00ms
[6563.265s][info][gc,phases      ] GC(1094)   Other: 0.06ms
[6563.265s][info][gc,heap        ] GC(1094) Eden regions: 567->0(556)
[6563.265s][info][gc,heap        ] GC(1094) Survivor regions: 43->45(77)
[6563.265s][info][gc,heap        ] GC(1094) Old regions: 286->293
[6563.265s][info][gc,heap        ] GC(1094) Humongous regions: 33->33
[6563.265s][info][gc,metaspace   ] GC(1094) Metaspace: 30017K(30528K)->30017K(30528K) NonClass: 24604K(24896K)->24604K(24896K) Class: 5412K(5632K)->5412K(5632K)
[6563.265s][info][gc             ] GC(1094) Pause Young (Normal) (G1 Evacuation Pause) 7414M->2947M(8192M) 154.391ms
[6563.265s][info][gc,cpu         ] GC(1094) User=1.22s Sys=0.00s Real=0.16s
...[6566.381s][info][gc,start       ] GC(1095) Pause Young (Normal) (G1 Evacuation Pause)
[6566.381s][info][gc,task        ] GC(1095) Using 8 workers of 8 for evacuation
[6566.534s][info][gc,phases      ] GC(1095)   Pre Evacuate Collection Set: 0.25ms
[6566.534s][info][gc,phases      ] GC(1095)   Merge Heap Roots: 0.53ms
[6566.534s][info][gc,phases      ] GC(1095)   Evacuate Collection Set: 151.60ms
[6566.534s][info][gc,phases      ] GC(1095)   Post Evacuate Collection Set: 1.00ms
[6566.534s][info][gc,phases      ] GC(1095)   Other: 0.07ms
[6566.534s][info][gc,heap        ] GC(1095) Eden regions: 556->0(553)
[6566.534s][info][gc,heap        ] GC(1095) Survivor regions: 45->43(76)
[6566.534s][info][gc,heap        ] GC(1095) Old regions: 293->300
[6566.534s][info][gc,heap        ] GC(1095) Humongous regions: 33->33
[6566.534s][info][gc,metaspace   ] GC(1095) Metaspace: 30017K(30528K)->30017K(30528K) NonClass: 24604K(24896K)->24604K(24896K) Class: 5412K(5632K)->5412K(5632K)
[6566.534s][info][gc             ] GC(1095) Pause Young (Normal) (G1 Evacuation Pause) 7395M->2988M(8192M) 153.575ms
[6566.534s][info][gc,cpu         ] GC(1095) User=1.22s Sys=0.00s Real=0.16s
....[6569.676s][info][gc,start       ] GC(1096) Pause Young (Normal) (G1 Evacuation Pause)
[6569.676s][info][gc,task        ] GC(1096) Using 8 workers of 8 for evacuation
[6569.832s][info][gc,phases      ] GC(1096)   Pre Evacuate Collection Set: 0.23ms
[6569.832s][info][gc,phases      ] GC(1096)   Merge Heap Roots: 0.53ms
[6569.832s][info][gc,phases      ] GC(1096)   Evacuate Collection Set: 154.02ms
[6569.832s][info][gc,phases      ] GC(1096)   Post Evacuate Collection Set: 1.03ms
[6569.832s][info][gc,phases      ] GC(1096)   Other: 0.06ms
[6569.832s][info][gc,heap        ] GC(1096) Eden regions: 553->0(543)
[6569.832s][info][gc,heap        ] GC(1096) Survivor regions: 43->44(75)
[6569.832s][info][gc,heap        ] GC(1096) Old regions: 300->308
[6569.832s][info][gc,heap        ] GC(1096) Humongous regions: 33->33
[6569.832s][info][gc,metaspace   ] GC(1096) Metaspace: 30017K(30528K)->30017K(30528K) NonClass: 24604K(24896K)->24604K(24896K) Class: 5412K(5632K)->5412K(5632K)
[6569.832s][info][gc             ] GC(1096) Pause Young (Normal) (G1 Evacuation Pause) 7412M->3060M(8192M) 156.004ms
[6569.832s][info][gc,cpu         ] GC(1096) User=1.24s Sys=0.00s Real=0.15s
...[6572.771s][info][gc,start       ] GC(1097) Pause Young (Concurrent Start) (G1 Evacuation Pause)
[6572.771s][info][gc,task        ] GC(1097) Using 8 workers of 8 for evacuation
[6572.918s][info][gc,phases      ] GC(1097)   Pre Evacuate Collection Set: 0.28ms
[6572.918s][info][gc,phases      ] GC(1097)   Merge Heap Roots: 0.49ms
[6572.918s][info][gc,phases      ] GC(1097)   Evacuate Collection Set: 145.69ms
[6572.918s][info][gc,phases      ] GC(1097)   Post Evacuate Collection Set: 0.98ms
[6572.918s][info][gc,phases      ] GC(1097)   Other: 0.10ms
[6572.918s][info][gc,heap        ] GC(1097) Eden regions: 543->0(540)
[6572.918s][info][gc,heap        ] GC(1097) Survivor regions: 44->42(74)
[6572.918s][info][gc,heap        ] GC(1097) Old regions: 308->315
[6572.918s][info][gc,heap        ] GC(1097) Humongous regions: 33->33
[6572.918s][info][gc,metaspace   ] GC(1097) Metaspace: 30017K(30528K)->30017K(30528K) NonClass: 24604K(24896K)->24604K(24896K) Class: 5412K(5632K)->5412K(5632K)
[6572.918s][info][gc             ] GC(1097) Pause Young (Concurrent Start) (G1 Evacuation Pause) 7404M->3102M(8192M) 147.683ms
[6572.918s][info][gc             ] GC(1098) Concurrent Mark Cycle
[6572.918s][info][gc,marking     ] GC(1098) Concurrent Scan Root Regions
[6572.918s][info][gc,cpu         ] GC(1097) User=1.17s Sys=0.00s Real=0.15s
[6573.237s][info][gc,marking     ] GC(1098) Concurrent Scan Root Regions 318.214ms
[6573.237s][info][gc,marking     ] GC(1098) Concurrent Mark
[6573.237s][info][gc,marking     ] GC(1098) Concurrent Mark From Roots
[6573.237s][info][gc,task        ] GC(1098) Using 2 workers of 2 for marking
.[6574.577s][info][gc,marking     ] GC(1098) Concurrent Mark From Roots 1340.652ms
[6574.577s][info][gc,marking     ] GC(1098) Concurrent Preclean
[6574.578s][info][gc,marking     ] GC(1098) Concurrent Preclean 0.125ms
[6574.578s][info][gc,start       ] GC(1098) Pause Remark
[6574.580s][info][gc             ] GC(1098) Pause Remark 4986M->4378M(8192M) 2.289ms
[6574.580s][info][gc,cpu         ] GC(1098) User=0.01s Sys=0.00s Real=0.00s
[6574.580s][info][gc,marking     ] GC(1098) Concurrent Mark 1343.365ms
[6574.580s][info][gc,marking     ] GC(1098) Concurrent Rebuild Remembered Sets and Scrub Regions
.[6575.502s][info][gc,marking     ] GC(1098) Concurrent Rebuild Remembered Sets and Scrub Regions 921.668ms
[6575.502s][info][gc,start       ] GC(1098) Pause Cleanup
[6575.502s][info][gc             ] GC(1098) Pause Cleanup 5650M->5650M(8192M) 0.248ms
[6575.502s][info][gc,cpu         ] GC(1098) User=0.00s Sys=0.00s Real=0.00s
[6575.502s][info][gc,marking     ] GC(1098) Concurrent Clear Claimed Marks
[6575.502s][info][gc,marking     ] GC(1098) Concurrent Clear Claimed Marks 0.047ms
[6575.502s][info][gc,marking     ] GC(1098) Concurrent Cleanup for Next Mark
[6575.514s][info][gc,marking     ] GC(1098) Concurrent Cleanup for Next Mark 12.027ms
[6575.514s][info][gc             ] GC(1098) Concurrent Mark Cycle 2596.008ms
.[6576.253s][info][gc,start       ] GC(1099) Pause Young (Prepare Mixed) (G1 Evacuation Pause)
[6576.253s][info][gc,task        ] GC(1099) Using 8 workers of 8 for evacuation
[6576.409s][info][gc,phases      ] GC(1099)   Pre Evacuate Collection Set: 0.21ms
[6576.409s][info][gc,phases      ] GC(1099)   Merge Heap Roots: 0.70ms
[6576.409s][info][gc,phases      ] GC(1099)   Evacuate Collection Set: 153.23ms
[6576.409s][info][gc,phases      ] GC(1099)   Post Evacuate Collection Set: 1.07ms
[6576.409s][info][gc,phases      ] GC(1099)   Other: 0.06ms
[6576.409s][info][gc,heap        ] GC(1099) Eden regions: 540->0(570)
[6576.409s][info][gc,heap        ] GC(1099) Survivor regions: 42->44(73)
[6576.409s][info][gc,heap        ] GC(1099) Old regions: 239->247
[6576.409s][info][gc,heap        ] GC(1099) Humongous regions: 33->33
[6576.409s][info][gc,metaspace   ] GC(1099) Metaspace: 30017K(30528K)->30017K(30528K) NonClass: 24604K(24896K)->24604K(24896K) Class: 5412K(5632K)->5412K(5632K)
[6576.409s][info][gc             ] GC(1099) Pause Young (Prepare Mixed) (G1 Evacuation Pause) 6814M->2568M(8192M) 155.420ms
[6576.409s][info][gc,cpu         ] GC(1099) User=1.23s Sys=0.00s Real=0.15s
...[6579.437s][info][gc,start       ] GC(1100) Pause Young (Mixed) (G1 Evacuation Pause)
[6579.437s][info][gc,task        ] GC(1100) Using 8 workers of 8 for evacuation
[6579.591s][info][gc,phases      ] GC(1100)   Pre Evacuate Collection Set: 0.26ms
[6579.591s][info][gc,phases      ] GC(1100)   Merge Heap Roots: 0.87ms
[6579.591s][info][gc,phases      ] GC(1100)   Evacuate Collection Set: 151.30ms
[6579.591s][info][gc,phases      ] GC(1100)   Post Evacuate Collection Set: 1.22ms
[6579.591s][info][gc,phases      ] GC(1100)   Other: 0.08ms
[6579.591s][info][gc,heap        ] GC(1100) Eden regions: 570->0(572)
[6579.591s][info][gc,heap        ] GC(1100) Survivor regions: 44->42(77)
[6579.591s][info][gc,heap        ] GC(1100) Old regions: 247->152
[6579.591s][info][gc,heap        ] GC(1100) Humongous regions: 33->33
[6579.591s][info][gc,metaspace   ] GC(1100) Metaspace: 30017K(30528K)->30017K(30528K) NonClass: 24604K(24896K)->24604K(24896K) Class: 5412K(5632K)->5412K(5632K)
[6579.591s][info][gc             ] GC(1100) Pause Young (Mixed) (G1 Evacuation Pause) 7128M->1799M(8192M) 153.871ms
[6579.591s][info][gc,cpu         ] GC(1100) User=1.22s Sys=0.00s Real=0.15s
....[6582.824s][info][gc,start       ] GC(1101) Pause Young (Mixed) (G1 Evacuation Pause)
[6582.824s][info][gc,task        ] GC(1101) Using 8 workers of 8 for evacuation
[6582.986s][info][gc,phases      ] GC(1101)   Pre Evacuate Collection Set: 0.24ms
[6582.986s][info][gc,phases      ] GC(1101)   Merge Heap Roots: 0.77ms
[6582.986s][info][gc,phases      ] GC(1101)   Evacuate Collection Set: 159.89ms
[6582.986s][info][gc,phases      ] GC(1101)   Post Evacuate Collection Set: 1.02ms
[6582.986s][info][gc,phases      ] GC(1101)   Other: 0.07ms
[6582.986s][info][gc,heap        ] GC(1101) Eden regions: 572->0(571)
[6582.986s][info][gc,heap        ] GC(1101) Survivor regions: 42->43(77)
[6582.986s][info][gc,heap        ] GC(1101) Old regions: 152->143
[6582.986s][info][gc,heap        ] GC(1101) Humongous regions: 33->33
[6582.986s][info][gc,metaspace   ] GC(1101) Metaspace: 30017K(30528K)->30017K(30528K) NonClass: 24604K(24896K)->24604K(24896K) Class: 5412K(5632K)->5412K(5632K)
[6582.986s][info][gc             ] GC(1101) Pause Young (Mixed) (G1 Evacuation Pause) 6375M->1733M(8192M) 162.118ms
[6582.986s][info][gc,cpu         ] GC(1101) User=1.29s Sys=0.00s Real=0.16s
...[6586.091s][info][gc,start       ] GC(1102) Pause Young (Normal) (G1 Evacuation Pause)
[6586.091s][info][gc,task        ] GC(1102) Using 8 workers of 8 for evacuation
[6586.248s][info][gc,phases      ] GC(1102)   Pre Evacuate Collection Set: 0.23ms
[6586.248s][info][gc,phases      ] GC(1102)   Merge Heap Roots: 0.51ms
[6586.248s][info][gc,phases      ] GC(1102)   Evacuate Collection Set: 154.82ms
[6586.248s][info][gc,phases      ] GC(1102)   Post Evacuate Collection Set: 0.99ms
[6586.248s][info][gc,phases      ] GC(1102)   Other: 0.06ms
[6586.248s][info][gc,heap        ] GC(1102) Eden regions: 571->0(570)
[6586.248s][info][gc,heap        ] GC(1102) Survivor regions: 43->44(77)
[6586.248s][info][gc,heap        ] GC(1102) Old regions: 143->150
[6586.248s][info][gc,heap        ] GC(1102) Humongous regions: 33->33
[6586.248s][info][gc,metaspace   ] GC(1102) Metaspace: 30017K(30528K)->30017K(30528K) NonClass: 24604K(24896K)->24604K(24896K) Class: 5412K(5632K)->5412K(5632K)
[6586.248s][info][gc             ] GC(1102) Pause Young (Normal) (G1 Evacuation Pause) 6301M->1793M(8192M) 156.744ms
[6586.248s][info][gc,cpu         ] GC(1102) User=1.25s Sys=0.00s Real=0.16s
...[6589.402s][info][gc,start       ] GC(1103) Pause Young (Normal) (G1 Evacuation Pause)
[6589.402s][info][gc,task        ] GC(1103) Using 8 workers of 8 for evacuation
[6589.557s][info][gc,phases      ] GC(1103)   Pre Evacuate Collection Set: 0.23ms
[6589.557s][info][gc,phases      ] GC(1103)   Merge Heap Roots: 0.50ms
[6589.557s][info][gc,phases      ] GC(1103)   Evacuate Collection Set: 153.44ms
[6589.557s][info][gc,phases      ] GC(1103)   Post Evacuate Collection Set: 1.04ms
[6589.557s][info][gc,phases      ] GC(1103)   Other: 0.06ms
[6589.557s][info][gc,heap        ] GC(1103) Eden regions: 570->0(570)
[6589.557s][info][gc,heap        ] GC(1103) Survivor regions: 44->44(77)
[6589.557s][info][gc,heap        ] GC(1103) Old regions: 150->157
[6589.557s][info][gc,heap        ] GC(1103) Humongous regions: 33->33
[6589.557s][info][gc,metaspace   ] GC(1103) Metaspace: 30017K(30528K)->30017K(30528K) NonClass: 24604K(24896K)->24604K(24896K) Class: 5412K(5632K)->5412K(5632K)
[6589.557s][info][gc             ] GC(1103) Pause Young (Normal) (G1 Evacuation Pause) 6353M->1850M(8192M) 155.399ms
[6589.557s][info][gc,cpu         ] GC(1103) User=1.23s Sys=0.01s Real=0.16s
....[6592.735s][info][gc,start       ] GC(1104) Pause Young (Normal) (G1 Evacuation Pause)
[6592.735s][info][gc,task        ] GC(1104) Using 8 workers of 8 for evacuation
[6592.887s][info][gc,phases      ] GC(1104)   Pre Evacuate Collection Set: 0.23ms
[6592.887s][info][gc,phases      ] GC(1104)   Merge Heap Roots: 0.52ms
[6592.887s][info][gc,phases      ] GC(1104)   Evacuate Collection Set: 150.69ms
[6592.887s][info][gc,phases      ] GC(1104)   Post Evacuate Collection Set: 1.00ms
[6592.887s][info][gc,phases      ] GC(1104)   Other: 0.06ms
[6592.887s][info][gc,heap        ] GC(1104) Eden regions: 570->0(570)
[6592.887s][info][gc,heap        ] GC(1104) Survivor regions: 44->44(77)
[6592.887s][info][gc,heap        ] GC(1104) Old regions: 157->164
[6592.887s][info][gc,heap        ] GC(1104) Humongous regions: 33->33
[6592.887s][info][gc,metaspace   ] GC(1104) Metaspace: 30017K(30528K)->30017K(30528K) NonClass: 24604K(24896K)->24604K(24896K) Class: 5412K(5632K)->5412K(5632K)
[6592.887s][info][gc             ] GC(1104) Pause Young (Normal) (G1 Evacuation Pause) 6410M->1910M(8192M) 152.632ms
[6592.887s][info][gc,cpu         ] GC(1104) User=1.21s Sys=0.00s Real=0.15s
...[6596.090s][info][gc,start       ] GC(1105) Pause Young (Normal) (G1 Evacuation Pause)
[6596.090s][info][gc,task        ] GC(1105) Using 8 workers of 8 for evacuation
[6596.248s][info][gc,phases      ] GC(1105)   Pre Evacuate Collection Set: 0.24ms
[6596.248s][info][gc,phases      ] GC(1105)   Merge Heap Roots: 0.53ms
[6596.248s][info][gc,phases      ] GC(1105)   Evacuate Collection Set: 156.20ms
[6596.248s][info][gc,phases      ] GC(1105)   Post Evacuate Collection Set: 1.04ms
[6596.248s][info][gc,phases      ] GC(1105)   Other: 0.06ms
[6596.248s][info][gc,heap        ] GC(1105) Eden regions: 570->0(569)
[6596.248s][info][gc,heap        ] GC(1105) Survivor regions: 44->45(77)
[6596.248s][info][gc,heap        ] GC(1105) Old regions: 164->172
[6596.248s][info][gc,heap        ] GC(1105) Humongous regions: 33->33
[6596.248s][info][gc,metaspace   ] GC(1105) Metaspace: 30017K(30528K)->30017K(30528K) NonClass: 24604K(24896K)->24604K(24896K) Class: 5412K(5632K)->5412K(5632K)
[6596.248s][info][gc             ] GC(1105) Pause Young (Normal) (G1 Evacuation Pause) 6470M->1976M(8192M) 158.214ms
[6596.248s][info][gc,cpu         ] GC(1105) User=1.26s Sys=0.00s Real=0.16s
...[6599.415s][info][gc,start       ] GC(1106) Pause Young (Normal) (G1 Evacuation Pause)
[6599.415s][info][gc,task        ] GC(1106) Using 8 workers of 8 for evacuation
[6599.566s][info][gc,phases      ] GC(1106)   Pre Evacuate Collection Set: 0.24ms
[6599.566s][info][gc,phases      ] GC(1106)   Merge Heap Roots: 0.52ms
[6599.566s][info][gc,phases      ] GC(1106)   Evacuate Collection Set: 149.01ms
[6599.566s][info][gc,phases      ] GC(1106)   Post Evacuate Collection Set: 1.03ms
[6599.566s][info][gc,phases      ] GC(1106)   Other: 0.07ms
[6599.566s][info][gc,heap        ] GC(1106) Eden regions: 569->0(571)
[6599.566s][info][gc,heap        ] GC(1106) Survivor regions: 45->43(77)
[6599.566s][info][gc,heap        ] GC(1106) Old regions: 172->179
[6599.566s][info][gc,heap        ] GC(1106) Humongous regions: 33->33
[6599.566s][info][gc,metaspace   ] GC(1106) Metaspace: 30017K(30528K)->30017K(30528K) NonClass: 24604K(24896K)->24604K(24896K) Class: 5412K(5632K)->5412K(5632K)
[6599.566s][info][gc             ] GC(1106) Pause Young (Normal) (G1 Evacuation Pause) 6528M->2023M(8192M) 150.992ms
[6599.566s][info][gc,cpu         ] GC(1106) User=1.19s Sys=0.00s Real=0.15s
....[6602.699s][info][gc,start       ] GC(1107) Pause Young (Normal) (G1 Evacuation Pause)
[6602.699s][info][gc,task        ] GC(1107) Using 8 workers of 8 for evacuation
[6602.855s][info][gc,phases      ] GC(1107)   Pre Evacuate Collection Set: 0.25ms
[6602.855s][info][gc,phases      ] GC(1107)   Merge Heap Roots: 0.54ms
[6602.855s][info][gc,phases      ] GC(1107)   Evacuate Collection Set: 154.28ms
[6602.855s][info][gc,phases      ] GC(1107)   Post Evacuate Collection Set: 1.06ms
[6602.855s][info][gc,phases      ] GC(1107)   Other: 0.08ms
[6602.855s][info][gc,heap        ] GC(1107) Eden regions: 571->0(570)
[6602.855s][info][gc,heap        ] GC(1107) Survivor regions: 43->44(77)
[6602.855s][info][gc,heap        ] GC(1107) Old regions: 179->186
[6602.855s][info][gc,heap        ] GC(1107) Humongous regions: 33->33
[6602.855s][info][gc,metaspace   ] GC(1107) Metaspace: 30017K(30528K)->30017K(30528K) NonClass: 24604K(24896K)->24604K(24896K) Class: 5412K(5632K)->5412K(5632K)
[6602.855s][info][gc             ] GC(1107) Pause Young (Normal) (G1 Evacuation Pause) 6591M->2083M(8192M) 156.333ms
[6602.855s][info][gc,cpu         ] GC(1107) User=1.23s Sys=0.00s Real=0.16s
...[6606.124s][info][gc,start       ] GC(1108) Pause Young (Normal) (G1 Evacuation Pause)
[6606.124s][info][gc,task        ] GC(1108) Using 8 workers of 8 for evacuation
[6606.276s][info][gc,phases      ] GC(1108)   Pre Evacuate Collection Set: 0.25ms
[6606.276s][info][gc,phases      ] GC(1108)   Merge Heap Roots: 0.52ms
[6606.276s][info][gc,phases      ] GC(1108)   Evacuate Collection Set: 150.01ms
[6606.276s][info][gc,phases      ] GC(1108)   Post Evacuate Collection Set: 1.02ms
[6606.276s][info][gc,phases      ] GC(1108)   Other: 0.06ms
[6606.276s][info][gc,heap        ] GC(1108) Eden regions: 570->0(570)
[6606.276s][info][gc,heap        ] GC(1108) Survivor regions: 44->44(77)
[6606.276s][info][gc,heap        ] GC(1108) Old regions: 186->193
[6606.276s][info][gc,heap        ] GC(1108) Humongous regions: 33->33
[6606.276s][info][gc,metaspace   ] GC(1108) Metaspace: 30017K(30528K)->30017K(30528K) NonClass: 24604K(24896K)->24604K(24896K) Class: 5412K(5632K)->5412K(5632K)
[6606.276s][info][gc             ] GC(1108) Pause Young (Normal) (G1 Evacuation Pause) 6643M->2140M(8192M) 151.985ms
[6606.276s][info][gc,cpu         ] GC(1108) User=1.20s Sys=0.01s Real=0.15s
...[6609.401s][info][gc,start       ] GC(1109) Pause Young (Normal) (G1 Evacuation Pause)
[6609.401s][info][gc,task        ] GC(1109) Using 8 workers of 8 for evacuation
[6609.551s][info][gc,phases      ] GC(1109)   Pre Evacuate Collection Set: 0.22ms
[6609.551s][info][gc,phases      ] GC(1109)   Merge Heap Roots: 0.54ms
[6609.551s][info][gc,phases      ] GC(1109)   Evacuate Collection Set: 147.91ms
[6609.551s][info][gc,phases      ] GC(1109)   Post Evacuate Collection Set: 1.02ms
[6609.551s][info][gc,phases      ] GC(1109)   Other: 0.06ms
[6609.551s][info][gc,heap        ] GC(1109) Eden regions: 570->0(571)
[6609.551s][info][gc,heap        ] GC(1109) Survivor regions: 44->43(77)
[6609.551s][info][gc,heap        ] GC(1109) Old regions: 193->200
[6609.551s][info][gc,heap        ] GC(1109) Humongous regions: 33->33
[6609.551s][info][gc,metaspace   ] GC(1109) Metaspace: 30017K(30528K)->30017K(30528K) NonClass: 24604K(24896K)->24604K(24896K) Class: 5412K(5632K)->5412K(5632K)
[6609.551s][info][gc             ] GC(1109) Pause Young (Normal) (G1 Evacuation Pause) 6700M->2190M(8192M) 149.902ms
[6609.551s][info][gc,cpu         ] GC(1109) User=1.18s Sys=0.00s Real=0.15s
....[6612.825s][info][gc,start       ] GC(1110) Pause Young (Normal) (G1 Evacuation Pause)
[6612.825s][info][gc,task        ] GC(1110) Using 8 workers of 8 for evacuation
[6612.976s][info][gc,phases      ] GC(1110)   Pre Evacuate Collection Set: 0.26ms
[6612.976s][info][gc,phases      ] GC(1110)   Merge Heap Roots: 0.53ms
[6612.977s][info][gc,phases      ] GC(1110)   Evacuate Collection Set: 149.91ms
[6612.977s][info][gc,phases      ] GC(1110)   Post Evacuate Collection Set: 1.02ms
[6612.977s][info][gc,phases      ] GC(1110)   Other: 0.06ms
[6612.977s][info][gc,heap        ] GC(1110) Eden regions: 571->0(570)
[6612.977s][info][gc,heap        ] GC(1110) Survivor regions: 43->44(77)
[6612.977s][info][gc,heap        ] GC(1110) Old regions: 200->207
[6612.977s][info][gc,heap        ] GC(1110) Humongous regions: 33->33
[6612.977s][info][gc,metaspace   ] GC(1110) Metaspace: 30019K(30528K)->30019K(30528K) NonClass: 24606K(24896K)->24606K(24896K) Class: 5412K(5632K)->5412K(5632K)
[6612.977s][info][gc             ] GC(1110) Pause Young (Normal) (G1 Evacuation Pause) 6758M->2254M(8192M) 151.912ms
[6612.977s][info][gc,cpu         ] GC(1110) User=1.20s Sys=0.00s Real=0.15s
...[6616.144s][info][gc,start       ] GC(1111) Pause Young (Normal) (G1 Evacuation Pause)
[6616.144s][info][gc,task        ] GC(1111) Using 8 workers of 8 for evacuation
[6616.304s][info][gc,phases      ] GC(1111)   Pre Evacuate Collection Set: 0.22ms
[6616.304s][info][gc,phases      ] GC(1111)   Merge Heap Roots: 0.51ms
[6616.304s][info][gc,phases      ] GC(1111)   Evacuate Collection Set: 157.72ms
[6616.304s][info][gc,phases      ] GC(1111)   Post Evacuate Collection Set: 1.00ms
[6616.304s][info][gc,phases      ] GC(1111)   Other: 0.06ms
[6616.304s][info][gc,heap        ] GC(1111) Eden regions: 570->0(569)
[6616.304s][info][gc,heap        ] GC(1111) Survivor regions: 44->45(77)
[6616.304s][info][gc,heap        ] GC(1111) Old regions: 207->215
[6616.304s][info][gc,heap        ] GC(1111) Humongous regions: 33->33
[6616.304s][info][gc,metaspace   ] GC(1111) Metaspace: 30019K(30528K)->30019K(30528K) NonClass: 24606K(24896K)->24606K(24896K) Class: 5412K(5632K)->5412K(5632K)
[6616.304s][info][gc             ] GC(1111) Pause Young (Normal) (G1 Evacuation Pause) 6814M->2320M(8192M) 159.641ms
[6616.304s][info][gc,cpu         ] GC(1111) User=1.26s Sys=0.00s Real=0.16s
...[6619.484s][info][gc,start       ] GC(1112) Pause Young (Normal) (G1 Evacuation Pause)
[6619.484s][info][gc,task        ] GC(1112) Using 8 workers of 8 for evacuation
[6619.630s][info][gc,phases      ] GC(1112)   Pre Evacuate Collection Set: 0.23ms
[6619.630s][info][gc,phases      ] GC(1112)   Merge Heap Roots: 0.60ms
[6619.630s][info][gc,phases      ] GC(1112)   Evacuate Collection Set: 144.00ms
[6619.630s][info][gc,phases      ] GC(1112)   Post Evacuate Collection Set: 1.01ms
[6619.630s][info][gc,phases      ] GC(1112)   Other: 0.06ms
[6619.630s][info][gc,heap        ] GC(1112) Eden regions: 569->0(572)
[6619.630s][info][gc,heap        ] GC(1112) Survivor regions: 45->42(77)
[6619.630s][info][gc,heap        ] GC(1112) Old regions: 215->222
[6619.630s][info][gc,heap        ] GC(1112) Humongous regions: 33->33
[6619.630s][info][gc,metaspace   ] GC(1112) Metaspace: 30019K(30528K)->30019K(30528K) NonClass: 24606K(24896K)->24606K(24896K) Class: 5412K(5632K)->5412K(5632K)
[6619.630s][info][gc             ] GC(1112) Pause Young (Normal) (G1 Evacuation Pause) 6872M->2358M(8192M) 146.043ms
[6619.630s][info][gc,cpu         ] GC(1112) User=1.15s Sys=0.00s Real=0.14s
. (rIR:aIR:PR = 11485:11401:11386) (tPR = 168156) [OK] 
  6619s: Performance info:
         Transaction,    Success,    Partial,     Failed,   Receipts, AvgBarcode, 
             Overall,     683570,          0,          0,     649100,      59.47, 
         Response times:
             Request,    Success,    Partial,     Failed,   SkipFail,     Probes,    Samples,      min,      p50,      p90,      p95,      p99,      max, 
       TotalPurchase,     649950,          0,          0,          0,     351052,     421206,      300,    11700,    89000,   146000,   258000,  4200000,
     InStorePurchase,     343692,          0,          0,          0,     184339,     220352,      300,    11700,    89000,   146000,   257000,  4200000,
      OnlinePurchase,     237866,          0,          0,          0,     129241,     156061,      300,    11700,    89000,   145000,   257000,  4200000,
        InstPurchase,      68392,          0,          0,          0,      37472,      44793,      500,    12100,    91000,   151000,   260060,  4200000,
          AssocOfCat,        685,          0,          0,          0,        537,        763,    34000,    72000,   163000,   219800,   343880,   670000,
      AssocOfProduct,       6965,          0,          0,          0,       4139,       5147,     1100,    11800,    86000,   131000,   255000,   830000,
      BusinessReport,       1717,          0,          0,          0,       1506,       1960,    35000,    75000,   173000,   230000,   375120,  1600000,
          CustBuyBeh,       6795,          0,          0,          0,       4198,       5292,      300,    11400,    86000,   134000,   265070,   830000,
       ProductReturn,      18343,          0,          0,          0,       9120,      11242,      300,    11600,    97000,   160000,   267570,   660000,

  6619s: (84%)   IR =  11623 ..[6622.800s][info][gc,start       ] GC(1113) Pause Young (Normal) (G1 Evacuation Pause)
[6622.800s][info][gc,task        ] GC(1113) Using 8 workers of 8 for evacuation
[6622.950s][info][gc,phases      ] GC(1113)   Pre Evacuate Collection Set: 0.26ms
[6622.951s][info][gc,phases      ] GC(1113)   Merge Heap Roots: 0.57ms
[6622.951s][info][gc,phases      ] GC(1113)   Evacuate Collection Set: 149.01ms
[6622.951s][info][gc,phases      ] GC(1113)   Post Evacuate Collection Set: 1.00ms
[6622.951s][info][gc,phases      ] GC(1113)   Other: 0.07ms
[6622.951s][info][gc,heap        ] GC(1113) Eden regions: 572->0(571)
[6622.951s][info][gc,heap        ] GC(1113) Survivor regions: 42->43(77)
[6622.951s][info][gc,heap        ] GC(1113) Old regions: 222->229
[6622.951s][info][gc,heap        ] GC(1113) Humongous regions: 33->33
[6622.951s][info][gc,metaspace   ] GC(1113) Metaspace: 30019K(30528K)->30019K(30528K) NonClass: 24606K(24896K)->24606K(24896K) Class: 5412K(5632K)->5412K(5632K)
[6622.951s][info][gc             ] GC(1113) Pause Young (Normal) (G1 Evacuation Pause) 6934M->2418M(8192M) 151.053ms
[6622.951s][info][gc,cpu         ] GC(1113) User=1.19s Sys=0.00s Real=0.15s
....[6626.134s][info][gc,start       ] GC(1114) Pause Young (Normal) (G1 Evacuation Pause)
[6626.134s][info][gc,task        ] GC(1114) Using 8 workers of 8 for evacuation
[6626.291s][info][gc,phases      ] GC(1114)   Pre Evacuate Collection Set: 0.23ms
[6626.291s][info][gc,phases      ] GC(1114)   Merge Heap Roots: 0.52ms
[6626.291s][info][gc,phases      ] GC(1114)   Evacuate Collection Set: 155.46ms
[6626.291s][info][gc,phases      ] GC(1114)   Post Evacuate Collection Set: 1.06ms
[6626.291s][info][gc,phases      ] GC(1114)   Other: 0.07ms
[6626.291s][info][gc,heap        ] GC(1114) Eden regions: 571->0(570)
[6626.291s][info][gc,heap        ] GC(1114) Survivor regions: 43->44(77)
[6626.291s][info][gc,heap        ] GC(1114) Old regions: 229->236
[6626.291s][info][gc,heap        ] GC(1114) Humongous regions: 33->33
[6626.291s][info][gc,metaspace   ] GC(1114) Metaspace: 30019K(30528K)->30019K(30528K) NonClass: 24606K(24896K)->24606K(24896K) Class: 5412K(5632K)->5412K(5632K)
[6626.291s][info][gc             ] GC(1114) Pause Young (Normal) (G1 Evacuation Pause) 6986M->2486M(8192M) 157.458ms
[6626.291s][info][gc,cpu         ] GC(1114) User=1.25s Sys=0.00s Real=0.15s
...[6629.482s][info][gc,start       ] GC(1115) Pause Young (Normal) (G1 Evacuation Pause)
[6629.482s][info][gc,task        ] GC(1115) Using 8 workers of 8 for evacuation
[6629.634s][info][gc,phases      ] GC(1115)   Pre Evacuate Collection Set: 0.22ms
[6629.634s][info][gc,phases      ] GC(1115)   Merge Heap Roots: 0.59ms
[6629.634s][info][gc,phases      ] GC(1115)   Evacuate Collection Set: 149.88ms
[6629.634s][info][gc,phases      ] GC(1115)   Post Evacuate Collection Set: 1.02ms
[6629.634s][info][gc,phases      ] GC(1115)   Other: 0.08ms
[6629.634s][info][gc,heap        ] GC(1115) Eden regions: 570->0(571)
[6629.634s][info][gc,heap        ] GC(1115) Survivor regions: 44->43(77)
[6629.634s][info][gc,heap        ] GC(1115) Old regions: 236->243
[6629.634s][info][gc,heap        ] GC(1115) Humongous regions: 33->33
[6629.634s][info][gc,metaspace   ] GC(1115) Metaspace: 30019K(30528K)->30019K(30528K) NonClass: 24606K(24896K)->24606K(24896K) Class: 5412K(5632K)->5412K(5632K)
[6629.634s][info][gc             ] GC(1115) Pause Young (Normal) (G1 Evacuation Pause) 7046M->2533M(8192M) 151.949ms
[6629.634s][info][gc,cpu         ] GC(1115) User=1.21s Sys=0.00s Real=0.16s
...[6632.788s][info][gc,start       ] GC(1116) Pause Young (Normal) (G1 Evacuation Pause)
[6632.788s][info][gc,task        ] GC(1116) Using 8 workers of 8 for evacuation
[6632.941s][info][gc,phases      ] GC(1116)   Pre Evacuate Collection Set: 0.24ms
[6632.941s][info][gc,phases      ] GC(1116)   Merge Heap Roots: 0.53ms
[6632.941s][info][gc,phases      ] GC(1116)   Evacuate Collection Set: 150.85ms
[6632.941s][info][gc,phases      ] GC(1116)   Post Evacuate Collection Set: 1.02ms
[6632.941s][info][gc,phases      ] GC(1116)   Other: 0.06ms
[6632.941s][info][gc,heap        ] GC(1116) Eden regions: 571->0(571)
[6632.941s][info][gc,heap        ] GC(1116) Survivor regions: 43->43(77)
[6632.941s][info][gc,heap        ] GC(1116) Old regions: 243->250
[6632.941s][info][gc,heap        ] GC(1116) Humongous regions: 33->33
[6632.941s][info][gc,metaspace   ] GC(1116) Metaspace: 30019K(30528K)->30019K(30528K) NonClass: 24606K(24896K)->24606K(24896K) Class: 5412K(5632K)->5412K(5632K)
[6632.941s][info][gc             ] GC(1116) Pause Young (Normal) (G1 Evacuation Pause) 7101M->2591M(8192M) 152.850ms
[6632.941s][info][gc,cpu         ] GC(1116) User=1.21s Sys=0.01s Real=0.15s
....[6636.134s][info][gc,start       ] GC(1117) Pause Young (Normal) (G1 Evacuation Pause)
[6636.134s][info][gc,task        ] GC(1117) Using 8 workers of 8 for evacuation
[6636.289s][info][gc,phases      ] GC(1117)   Pre Evacuate Collection Set: 0.23ms
[6636.289s][info][gc,phases      ] GC(1117)   Merge Heap Roots: 0.54ms
[6636.289s][info][gc,phases      ] GC(1117)   Evacuate Collection Set: 152.97ms
[6636.289s][info][gc,phases      ] GC(1117)   Post Evacuate Collection Set: 1.02ms
[6636.289s][info][gc,phases      ] GC(1117)   Other: 0.06ms
[6636.289s][info][gc,heap        ] GC(1117) Eden regions: 571->0(570)
[6636.289s][info][gc,heap        ] GC(1117) Survivor regions: 43->44(77)
[6636.289s][info][gc,heap        ] GC(1117) Old regions: 250->257
[6636.289s][info][gc,heap        ] GC(1117) Humongous regions: 33->33
[6636.289s][info][gc,metaspace   ] GC(1117) Metaspace: 30019K(30528K)->30019K(30528K) NonClass: 24606K(24896K)->24606K(24896K) Class: 5412K(5632K)->5412K(5632K)
[6636.289s][info][gc             ] GC(1117) Pause Young (Normal) (G1 Evacuation Pause) 7159M->2651M(8192M) 154.938ms
[6636.289s][info][gc,cpu         ] GC(1117) User=1.23s Sys=0.00s Real=0.15s
...[6639.355s][info][gc,start       ] GC(1118) Pause Young (Normal) (G1 Evacuation Pause)
[6639.355s][info][gc,task        ] GC(1118) Using 8 workers of 8 for evacuation
[6639.501s][info][gc,phases      ] GC(1118)   Pre Evacuate Collection Set: 0.23ms
[6639.501s][info][gc,phases      ] GC(1118)   Merge Heap Roots: 0.55ms
[6639.501s][info][gc,phases      ] GC(1118)   Evacuate Collection Set: 144.31ms
[6639.501s][info][gc,phases      ] GC(1118)   Post Evacuate Collection Set: 1.03ms
[6639.501s][info][gc,phases      ] GC(1118)   Other: 0.07ms
[6639.501s][info][gc,heap        ] GC(1118) Eden regions: 570->0(571)
[6639.501s][info][gc,heap        ] GC(1118) Survivor regions: 44->43(77)
[6639.501s][info][gc,heap        ] GC(1118) Old regions: 257->264
[6639.501s][info][gc,heap        ] GC(1118) Humongous regions: 33->33
[6639.501s][info][gc,metaspace   ] GC(1118) Metaspace: 30019K(30528K)->30019K(30528K) NonClass: 24606K(24896K)->24606K(24896K) Class: 5412K(5632K)->5412K(5632K)
[6639.501s][info][gc             ] GC(1118) Pause Young (Normal) (G1 Evacuation Pause) 7211M->2700M(8192M) 146.320ms
[6639.501s][info][gc,cpu         ] GC(1118) User=1.16s Sys=0.01s Real=0.14s
...[6642.714s][info][gc,start       ] GC(1119) Pause Young (Normal) (G1 Evacuation Pause)
[6642.714s][info][gc,task        ] GC(1119) Using 8 workers of 8 for evacuation
[6642.867s][info][gc,phases      ] GC(1119)   Pre Evacuate Collection Set: 0.23ms
[6642.867s][info][gc,phases      ] GC(1119)   Merge Heap Roots: 0.54ms
[6642.867s][info][gc,phases      ] GC(1119)   Evacuate Collection Set: 151.25ms
[6642.867s][info][gc,phases      ] GC(1119)   Post Evacuate Collection Set: 1.02ms
[6642.867s][info][gc,phases      ] GC(1119)   Other: 0.06ms
[6642.867s][info][gc,heap        ] GC(1119) Eden regions: 571->0(571)
[6642.867s][info][gc,heap        ] GC(1119) Survivor regions: 43->43(77)
[6642.867s][info][gc,heap        ] GC(1119) Old regions: 264->271
[6642.867s][info][gc,heap        ] GC(1119) Humongous regions: 33->33
[6642.867s][info][gc,metaspace   ] GC(1119) Metaspace: 30019K(30528K)->30019K(30528K) NonClass: 24606K(24896K)->24606K(24896K) Class: 5412K(5632K)->5412K(5632K)
[6642.867s][info][gc             ] GC(1119) Pause Young (Normal) (G1 Evacuation Pause) 7268M->2761M(8192M) 153.235ms
[6642.867s][info][gc,cpu         ] GC(1119) User=1.22s Sys=0.00s Real=0.15s
...[6645.870s][info][gc,start       ] GC(1120) Pause Young (Normal) (G1 Evacuation Pause)
[6645.870s][info][gc,task        ] GC(1120) Using 8 workers of 8 for evacuation
[6646.027s][info][gc,phases      ] GC(1120)   Pre Evacuate Collection Set: 0.22ms
[6646.027s][info][gc,phases      ] GC(1120)   Merge Heap Roots: 0.53ms
[6646.027s][info][gc,phases      ] GC(1120)   Evacuate Collection Set: 154.40ms
[6646.027s][info][gc,phases      ] GC(1120)   Post Evacuate Collection Set: 1.02ms
[6646.027s][info][gc,phases      ] GC(1120)   Other: 0.06ms
[6646.027s][info][gc,heap        ] GC(1120) Eden regions: 571->0(571)
[6646.027s][info][gc,heap        ] GC(1120) Survivor regions: 43->43(77)
[6646.027s][info][gc,heap        ] GC(1120) Old regions: 271->278
[6646.027s][info][gc,heap        ] GC(1120) Humongous regions: 33->33
[6646.027s][info][gc,metaspace   ] GC(1120) Metaspace: 30019K(30528K)->30019K(30528K) NonClass: 24606K(24896K)->24606K(24896K) Class: 5412K(5632K)->5412K(5632K)
[6646.027s][info][gc             ] GC(1120) Pause Young (Normal) (G1 Evacuation Pause) 7329M->2817M(8192M) 156.351ms
[6646.027s][info][gc,cpu         ] GC(1120) User=1.24s Sys=0.00s Real=0.16s
....|[6649.063s][info][gc,start       ] GC(1121) Pause Young (Normal) (G1 Evacuation Pause)
[6649.063s][info][gc,task        ] GC(1121) Using 8 workers of 8 for evacuation
[6649.225s][info][gc,phases      ] GC(1121)   Pre Evacuate Collection Set: 0.23ms
[6649.225s][info][gc,phases      ] GC(1121)   Merge Heap Roots: 0.57ms
[6649.225s][info][gc,phases      ] GC(1121)   Evacuate Collection Set: 159.67ms
[6649.225s][info][gc,phases      ] GC(1121)   Post Evacuate Collection Set: 1.06ms
[6649.225s][info][gc,phases      ] GC(1121)   Other: 0.06ms
[6649.225s][info][gc,heap        ] GC(1121) Eden regions: 571->0(563)
[6649.225s][info][gc,heap        ] GC(1121) Survivor regions: 43->45(77)
[6649.225s][info][gc,heap        ] GC(1121) Old regions: 278->286
[6649.225s][info][gc,heap        ] GC(1121) Humongous regions: 33->33
[6649.225s][info][gc,metaspace   ] GC(1121) Metaspace: 30019K(30528K)->30019K(30528K) NonClass: 24606K(24896K)->24606K(24896K) Class: 5412K(5632K)->5412K(5632K)
[6649.225s][info][gc             ] GC(1121) Pause Young (Normal) (G1 Evacuation Pause) 7385M->2891M(8192M) 161.727ms
[6649.225s][info][gc,cpu         ] GC(1121) User=1.28s Sys=0.01s Real=0.17s
...[6652.199s][info][gc,start       ] GC(1122) Pause Young (Normal) (G1 Evacuation Pause)
[6652.199s][info][gc,task        ] GC(1122) Using 8 workers of 8 for evacuation
[6652.353s][info][gc,phases      ] GC(1122)   Pre Evacuate Collection Set: 0.23ms
[6652.353s][info][gc,phases      ] GC(1122)   Merge Heap Roots: 0.58ms
[6652.353s][info][gc,phases      ] GC(1122)   Evacuate Collection Set: 151.88ms
[6652.353s][info][gc,phases      ] GC(1122)   Post Evacuate Collection Set: 0.99ms
[6652.353s][info][gc,phases      ] GC(1122)   Other: 0.07ms
[6652.353s][info][gc,heap        ] GC(1122) Eden regions: 563->0(558)
[6652.353s][info][gc,heap        ] GC(1122) Survivor regions: 45->44(76)
[6652.353s][info][gc,heap        ] GC(1122) Old regions: 286->293
[6652.353s][info][gc,heap        ] GC(1122) Humongous regions: 33->33
[6652.353s][info][gc,metaspace   ] GC(1122) Metaspace: 30019K(30528K)->30019K(30528K) NonClass: 24606K(24896K)->24606K(24896K) Class: 5412K(5632K)->5412K(5632K)
[6652.353s][info][gc             ] GC(1122) Pause Young (Normal) (G1 Evacuation Pause) 7395M->2940M(8192M) 153.887ms
[6652.353s][info][gc,cpu         ] GC(1122) User=1.22s Sys=0.00s Real=0.15s
...[6655.396s][info][gc,start       ] GC(1123) Pause Young (Normal) (G1 Evacuation Pause)
[6655.396s][info][gc,task        ] GC(1123) Using 8 workers of 8 for evacuation
[6655.544s][info][gc,phases      ] GC(1123)   Pre Evacuate Collection Set: 0.22ms
[6655.544s][info][gc,phases      ] GC(1123)   Merge Heap Roots: 0.52ms
[6655.544s][info][gc,phases      ] GC(1123)   Evacuate Collection Set: 146.60ms
[6655.544s][info][gc,phases      ] GC(1123)   Post Evacuate Collection Set: 1.01ms
[6655.544s][info][gc,phases      ] GC(1123)   Other: 0.06ms
[6655.544s][info][gc,heap        ] GC(1123) Eden regions: 558->0(553)
[6655.544s][info][gc,heap        ] GC(1123) Survivor regions: 44->43(76)
[6655.544s][info][gc,heap        ] GC(1123) Old regions: 293->300
[6655.544s][info][gc,heap        ] GC(1123) Humongous regions: 33->33
[6655.544s][info][gc,metaspace   ] GC(1123) Metaspace: 30019K(30528K)->30019K(30528K) NonClass: 24606K(24896K)->24606K(24896K) Class: 5412K(5632K)->5412K(5632K)
[6655.544s][info][gc             ] GC(1123) Pause Young (Normal) (G1 Evacuation Pause) 7404M->2984M(8192M) 148.549ms
[6655.544s][info][gc,cpu         ] GC(1123) User=1.18s Sys=0.00s Real=0.15s
...[6658.466s][info][gc,start       ] GC(1124) Pause Young (Normal) (G1 Evacuation Pause)
[6658.466s][info][gc,task        ] GC(1124) Using 8 workers of 8 for evacuation
[6658.621s][info][gc,phases      ] GC(1124)   Pre Evacuate Collection Set: 0.23ms
[6658.621s][info][gc,phases      ] GC(1124)   Merge Heap Roots: 0.54ms
[6658.621s][info][gc,phases      ] GC(1124)   Evacuate Collection Set: 153.15ms
[6658.621s][info][gc,phases      ] GC(1124)   Post Evacuate Collection Set: 1.02ms
[6658.621s][info][gc,phases      ] GC(1124)   Other: 0.07ms
[6658.621s][info][gc,heap        ] GC(1124) Eden regions: 553->0(546)
[6658.621s][info][gc,heap        ] GC(1124) Survivor regions: 43->43(75)
[6658.621s][info][gc,heap        ] GC(1124) Old regions: 300->307
[6658.621s][info][gc,heap        ] GC(1124) Humongous regions: 33->33
[6658.621s][info][gc,metaspace   ] GC(1124) Metaspace: 30019K(30528K)->30019K(30528K) NonClass: 24606K(24896K)->24606K(24896K) Class: 5412K(5632K)->5412K(5632K)
[6658.621s][info][gc             ] GC(1124) Pause Young (Normal) (G1 Evacuation Pause) 7408M->3049M(8192M) 155.149ms
[6658.621s][info][gc,cpu         ] GC(1124) User=1.22s Sys=0.01s Real=0.15s
...[6661.625s][info][gc,start       ] GC(1125) Pause Young (Concurrent Start) (G1 Evacuation Pause)
[6661.625s][info][gc,task        ] GC(1125) Using 8 workers of 8 for evacuation
[6661.778s][info][gc,phases      ] GC(1125)   Pre Evacuate Collection Set: 0.26ms
[6661.778s][info][gc,phases      ] GC(1125)   Merge Heap Roots: 0.51ms
[6661.778s][info][gc,phases      ] GC(1125)   Evacuate Collection Set: 151.13ms
[6661.778s][info][gc,phases      ] GC(1125)   Post Evacuate Collection Set: 1.01ms
[6661.778s][info][gc,phases      ] GC(1125)   Other: 0.08ms
[6661.778s][info][gc,heap        ] GC(1125) Eden regions: 546->0(538)
[6661.778s][info][gc,heap        ] GC(1125) Survivor regions: 43->43(74)
[6661.778s][info][gc,heap        ] GC(1125) Old regions: 307->315
[6661.778s][info][gc,heap        ] GC(1125) Humongous regions: 33->33
[6661.778s][info][gc,metaspace   ] GC(1125) Metaspace: 30019K(30528K)->30019K(30528K) NonClass: 24606K(24896K)->24606K(24896K) Class: 5412K(5632K)->5412K(5632K)
[6661.778s][info][gc             ] GC(1125) Pause Young (Concurrent Start) (G1 Evacuation Pause) 7417M->3111M(8192M) 153.127ms
[6661.778s][info][gc             ] GC(1126) Concurrent Mark Cycle
[6661.778s][info][gc,marking     ] GC(1126) Concurrent Scan Root Regions
[6661.778s][info][gc,cpu         ] GC(1125) User=1.22s Sys=0.00s Real=0.15s
.[6662.175s][info][gc,marking     ] GC(1126) Concurrent Scan Root Regions 396.824ms
[6662.175s][info][gc,marking     ] GC(1126) Concurrent Mark
[6662.175s][info][gc,marking     ] GC(1126) Concurrent Mark From Roots
[6662.175s][info][gc,task        ] GC(1126) Using 2 workers of 2 for marking
.[6663.653s][info][gc,marking     ] GC(1126) Concurrent Mark From Roots 1477.855ms
[6663.653s][info][gc,marking     ] GC(1126) Concurrent Preclean
[6663.653s][info][gc,marking     ] GC(1126) Concurrent Preclean 0.111ms
[6663.653s][info][gc,start       ] GC(1126) Pause Remark
[6663.656s][info][gc             ] GC(1126) Pause Remark 5255M->4671M(8192M) 2.647ms
[6663.656s][info][gc,cpu         ] GC(1126) User=0.02s Sys=0.00s Real=0.01s
[6663.656s][info][gc,marking     ] GC(1126) Concurrent Mark 1480.936ms
[6663.656s][info][gc,marking     ] GC(1126) Concurrent Rebuild Remembered Sets and Scrub Regions
.[6664.337s][info][gc,marking     ] GC(1126) Concurrent Rebuild Remembered Sets and Scrub Regions 681.002ms
[6664.337s][info][gc,start       ] GC(1126) Pause Cleanup
[6664.337s][info][gc             ] GC(1126) Pause Cleanup 5559M->5559M(8192M) 0.278ms
[6664.337s][info][gc,cpu         ] GC(1126) User=0.00s Sys=0.00s Real=0.00s
[6664.337s][info][gc,marking     ] GC(1126) Concurrent Clear Claimed Marks
[6664.337s][info][gc,marking     ] GC(1126) Concurrent Clear Claimed Marks 0.043ms
[6664.337s][info][gc,marking     ] GC(1126) Concurrent Cleanup for Next Mark
[6664.347s][info][gc,marking     ] GC(1126) Concurrent Cleanup for Next Mark 9.973ms
[6664.347s][info][gc             ] GC(1126) Concurrent Mark Cycle 2569.550ms
.[6665.200s][info][gc,start       ] GC(1127) Pause Young (Prepare Mixed) (G1 Evacuation Pause)
[6665.200s][info][gc,task        ] GC(1127) Using 8 workers of 8 for evacuation
[6665.351s][info][gc,phases      ] GC(1127)   Pre Evacuate Collection Set: 0.23ms
[6665.351s][info][gc,phases      ] GC(1127)   Merge Heap Roots: 0.74ms
[6665.351s][info][gc,phases      ] GC(1127)   Evacuate Collection Set: 148.25ms
[6665.351s][info][gc,phases      ] GC(1127)   Post Evacuate Collection Set: 1.06ms
[6665.351s][info][gc,phases      ] GC(1127)   Other: 0.07ms
[6665.351s][info][gc,heap        ] GC(1127) Eden regions: 538->0(572)
[6665.351s][info][gc,heap        ] GC(1127) Survivor regions: 43->42(73)
[6665.351s][info][gc,heap        ] GC(1127) Old regions: 242->249
[6665.351s][info][gc,heap        ] GC(1127) Humongous regions: 33->33
[6665.351s][info][gc,metaspace   ] GC(1127) Metaspace: 30019K(30528K)->30019K(30528K) NonClass: 24606K(24896K)->24606K(24896K) Class: 5412K(5632K)->5412K(5632K)
[6665.351s][info][gc             ] GC(1127) Pause Young (Prepare Mixed) (G1 Evacuation Pause) 6831M->2574M(8192M) 150.483ms
[6665.351s][info][gc,cpu         ] GC(1127) User=1.19s Sys=0.00s Real=0.15s
...[6668.149s][info][gc,start       ] GC(1128) Pause Young (Mixed) (G1 Evacuation Pause)
[6668.149s][info][gc,task        ] GC(1128) Using 8 workers of 8 for evacuation
[6668.311s][info][gc,phases      ] GC(1128)   Pre Evacuate Collection Set: 0.26ms
[6668.311s][info][gc,phases      ] GC(1128)   Merge Heap Roots: 0.80ms
[6668.311s][info][gc,phases      ] GC(1128)   Evacuate Collection Set: 159.40ms
[6668.311s][info][gc,phases      ] GC(1128)   Post Evacuate Collection Set: 1.23ms
[6668.311s][info][gc,phases      ] GC(1128)   Other: 0.08ms
[6668.311s][info][gc,heap        ] GC(1128) Eden regions: 572->0(571)
[6668.311s][info][gc,heap        ] GC(1128) Survivor regions: 42->43(77)
[6668.311s][info][gc,heap        ] GC(1128) Old regions: 249->155
[6668.311s][info][gc,heap        ] GC(1128) Humongous regions: 33->33
[6668.311s][info][gc,metaspace   ] GC(1128) Metaspace: 30019K(30528K)->30019K(30528K) NonClass: 24606K(24896K)->24606K(24896K) Class: 5412K(5632K)->5412K(5632K)
[6668.311s][info][gc             ] GC(1128) Pause Young (Mixed) (G1 Evacuation Pause) 7150M->1830M(8192M) 161.917ms
[6668.311s][info][gc,cpu         ] GC(1128) User=1.28s Sys=0.00s Real=0.16s
...[6671.467s][info][gc,start       ] GC(1129) Pause Young (Mixed) (G1 Evacuation Pause)
[6671.467s][info][gc,task        ] GC(1129) Using 8 workers of 8 for evacuation
[6671.622s][info][gc,phases      ] GC(1129)   Pre Evacuate Collection Set: 0.25ms
[6671.622s][info][gc,phases      ] GC(1129)   Merge Heap Roots: 0.67ms
[6671.622s][info][gc,phases      ] GC(1129)   Evacuate Collection Set: 153.19ms
[6671.622s][info][gc,phases      ] GC(1129)   Post Evacuate Collection Set: 1.09ms
[6671.622s][info][gc,phases      ] GC(1129)   Other: 0.06ms
[6671.622s][info][gc,heap        ] GC(1129) Eden regions: 571->0(571)
[6671.622s][info][gc,heap        ] GC(1129) Survivor regions: 43->43(77)
[6671.622s][info][gc,heap        ] GC(1129) Old regions: 155->143
[6671.622s][info][gc,heap        ] GC(1129) Humongous regions: 33->33
[6671.622s][info][gc,metaspace   ] GC(1129) Metaspace: 30019K(30528K)->30019K(30528K) NonClass: 24606K(24896K)->24606K(24896K) Class: 5412K(5632K)->5412K(5632K)
[6671.622s][info][gc             ] GC(1129) Pause Young (Mixed) (G1 Evacuation Pause) 6398M->1730M(8192M) 155.413ms
[6671.622s][info][gc,cpu         ] GC(1129) User=1.23s Sys=0.00s Real=0.15s
...[6674.691s][info][gc,start       ] GC(1130) Pause Young (Normal) (G1 Evacuation Pause)
[6674.691s][info][gc,task        ] GC(1130) Using 8 workers of 8 for evacuation
[6674.855s][info][gc,phases      ] GC(1130)   Pre Evacuate Collection Set: 0.23ms
[6674.855s][info][gc,phases      ] GC(1130)   Merge Heap Roots: 0.60ms
[6674.855s][info][gc,phases      ] GC(1130)   Evacuate Collection Set: 161.73ms
[6674.855s][info][gc,phases      ] GC(1130)   Post Evacuate Collection Set: 1.04ms
[6674.855s][info][gc,phases      ] GC(1130)   Other: 0.06ms
[6674.855s][info][gc,heap        ] GC(1130) Eden regions: 571->0(569)
[6674.855s][info][gc,heap        ] GC(1130) Survivor regions: 43->45(77)
[6674.855s][info][gc,heap        ] GC(1130) Old regions: 143->150
[6674.855s][info][gc,heap        ] GC(1130) Humongous regions: 33->33
[6674.855s][info][gc,metaspace   ] GC(1130) Metaspace: 30019K(30528K)->30019K(30528K) NonClass: 24606K(24896K)->24606K(24896K) Class: 5412K(5632K)->5412K(5632K)
[6674.855s][info][gc             ] GC(1130) Pause Young (Normal) (G1 Evacuation Pause) 6298M->1803M(8192M) 163.791ms
[6674.855s][info][gc,cpu         ] GC(1130) User=1.30s Sys=0.00s Real=0.17s
...[6677.904s][info][gc,start       ] GC(1131) Pause Young (Normal) (G1 Evacuation Pause)
[6677.904s][info][gc,task        ] GC(1131) Using 8 workers of 8 for evacuation
[6678.060s][info][gc,phases      ] GC(1131)   Pre Evacuate Collection Set: 0.25ms
[6678.060s][info][gc,phases      ] GC(1131)   Merge Heap Roots: 0.50ms
[6678.060s][info][gc,phases      ] GC(1131)   Evacuate Collection Set: 154.48ms
[6678.060s][info][gc,phases      ] GC(1131)   Post Evacuate Collection Set: 1.03ms
[6678.060s][info][gc,phases      ] GC(1131)   Other: 0.06ms
[6678.060s][info][gc,heap        ] GC(1131) Eden regions: 569->0(569)
[6678.060s][info][gc,heap        ] GC(1131) Survivor regions: 45->45(77)
[6678.060s][info][gc,heap        ] GC(1131) Old regions: 150->157
[6678.060s][info][gc,heap        ] GC(1131) Humongous regions: 33->33
[6678.060s][info][gc,metaspace   ] GC(1131) Metaspace: 30019K(30528K)->30019K(30528K) NonClass: 24606K(24896K)->24606K(24896K) Class: 5412K(5632K)->5412K(5632K)
[6678.060s][info][gc             ] GC(1131) Pause Young (Normal) (G1 Evacuation Pause) 6355M->1862M(8192M) 156.438ms
[6678.060s][info][gc,cpu         ] GC(1131) User=1.24s Sys=0.00s Real=0.15s
....[6681.162s][info][gc,start       ] GC(1132) Pause Young (Normal) (G1 Evacuation Pause)
[6681.162s][info][gc,task        ] GC(1132) Using 8 workers of 8 for evacuation
[6681.323s][info][gc,phases      ] GC(1132)   Pre Evacuate Collection Set: 0.23ms
[6681.323s][info][gc,phases      ] GC(1132)   Merge Heap Roots: 0.54ms
[6681.323s][info][gc,phases      ] GC(1132)   Evacuate Collection Set: 158.98ms
[6681.323s][info][gc,phases      ] GC(1132)   Post Evacuate Collection Set: 1.02ms
[6681.323s][info][gc,phases      ] GC(1132)   Other: 0.06ms
[6681.323s][info][gc,heap        ] GC(1132) Eden regions: 569->0(569)
[6681.323s][info][gc,heap        ] GC(1132) Survivor regions: 45->45(77)
[6681.323s][info][gc,heap        ] GC(1132) Old regions: 157->165
[6681.323s][info][gc,heap        ] GC(1132) Humongous regions: 33->33
[6681.323s][info][gc,metaspace   ] GC(1132) Metaspace: 30019K(30528K)->30019K(30528K) NonClass: 24606K(24896K)->24606K(24896K) Class: 5412K(5632K)->5412K(5632K)
[6681.323s][info][gc             ] GC(1132) Pause Young (Normal) (G1 Evacuation Pause) 6414M->1920M(8192M) 160.957ms
[6681.323s][info][gc,cpu         ] GC(1132) User=1.27s Sys=0.01s Real=0.17s
...[6684.458s][info][gc,start       ] GC(1133) Pause Young (Normal) (G1 Evacuation Pause)
[6684.458s][info][gc,task        ] GC(1133) Using 8 workers of 8 for evacuation
[6684.610s][info][gc,phases      ] GC(1133)   Pre Evacuate Collection Set: 0.21ms
[6684.610s][info][gc,phases      ] GC(1133)   Merge Heap Roots: 0.51ms
[6684.610s][info][gc,phases      ] GC(1133)   Evacuate Collection Set: 150.26ms
[6684.610s][info][gc,phases      ] GC(1133)   Post Evacuate Collection Set: 1.02ms
[6684.610s][info][gc,phases      ] GC(1133)   Other: 0.06ms
[6684.610s][info][gc,heap        ] GC(1133) Eden regions: 569->0(571)
[6684.610s][info][gc,heap        ] GC(1133) Survivor regions: 45->43(77)
[6684.610s][info][gc,heap        ] GC(1133) Old regions: 165->172
[6684.610s][info][gc,heap        ] GC(1133) Humongous regions: 33->33
[6684.610s][info][gc,metaspace   ] GC(1133) Metaspace: 30019K(30528K)->30019K(30528K) NonClass: 24606K(24896K)->24606K(24896K) Class: 5412K(5632K)->5412K(5632K)
[6684.610s][info][gc             ] GC(1133) Pause Young (Normal) (G1 Evacuation Pause) 6472M->1963M(8192M) 152.195ms
[6684.610s][info][gc,cpu         ] GC(1133) User=1.21s Sys=0.00s Real=0.15s
...[6687.703s][info][gc,start       ] GC(1134) Pause Young (Normal) (G1 Evacuation Pause)
[6687.703s][info][gc,task        ] GC(1134) Using 8 workers of 8 for evacuation
[6687.857s][info][gc,phases      ] GC(1134)   Pre Evacuate Collection Set: 0.23ms
[6687.857s][info][gc,phases      ] GC(1134)   Merge Heap Roots: 0.54ms
[6687.857s][info][gc,phases      ] GC(1134)   Evacuate Collection Set: 152.51ms
[6687.857s][info][gc,phases      ] GC(1134)   Post Evacuate Collection Set: 1.04ms
[6687.857s][info][gc,phases      ] GC(1134)   Other: 0.06ms
[6687.857s][info][gc,heap        ] GC(1134) Eden regions: 571->0(570)
[6687.857s][info][gc,heap        ] GC(1134) Survivor regions: 43->44(77)
[6687.857s][info][gc,heap        ] GC(1134) Old regions: 172->179
[6687.857s][info][gc,heap        ] GC(1134) Humongous regions: 33->33
[6687.857s][info][gc,metaspace   ] GC(1134) Metaspace: 30019K(30528K)->30019K(30528K) NonClass: 24606K(24896K)->24606K(24896K) Class: 5412K(5632K)->5412K(5632K)
[6687.857s][info][gc             ] GC(1134) Pause Young (Normal) (G1 Evacuation Pause) 6531M->2028M(8192M) 154.516ms
[6687.857s][info][gc,cpu         ] GC(1134) User=1.22s Sys=0.00s Real=0.16s
...[6690.971s][info][gc,start       ] GC(1135) Pause Young (Normal) (G1 Evacuation Pause)
[6690.971s][info][gc,task        ] GC(1135) Using 8 workers of 8 for evacuation
[6691.127s][info][gc,phases      ] GC(1135)   Pre Evacuate Collection Set: 0.23ms
[6691.127s][info][gc,phases      ] GC(1135)   Merge Heap Roots: 0.60ms
[6691.127s][info][gc,phases      ] GC(1135)   Evacuate Collection Set: 153.61ms
[6691.127s][info][gc,phases      ] GC(1135)   Post Evacuate Collection Set: 1.01ms
[6691.127s][info][gc,phases      ] GC(1135)   Other: 0.06ms
[6691.127s][info][gc,heap        ] GC(1135) Eden regions: 570->0(570)
[6691.127s][info][gc,heap        ] GC(1135) Survivor regions: 44->44(77)
[6691.127s][info][gc,heap        ] GC(1135) Old regions: 179->186
[6691.127s][info][gc,heap        ] GC(1135) Humongous regions: 33->33
[6691.127s][info][gc,metaspace   ] GC(1135) Metaspace: 30019K(30528K)->30019K(30528K) NonClass: 24606K(24896K)->24606K(24896K) Class: 5412K(5632K)->5412K(5632K)
[6691.127s][info][gc             ] GC(1135) Pause Young (Normal) (G1 Evacuation Pause) 6588M->2090M(8192M) 155.639ms
[6691.127s][info][gc,cpu         ] GC(1135) User=1.24s Sys=0.00s Real=0.16s
....[6694.167s][info][gc,start       ] GC(1136) Pause Young (Normal) (G1 Evacuation Pause)
[6694.167s][info][gc,task        ] GC(1136) Using 8 workers of 8 for evacuation
[6694.319s][info][gc,phases      ] GC(1136)   Pre Evacuate Collection Set: 0.25ms
[6694.319s][info][gc,phases      ] GC(1136)   Merge Heap Roots: 0.51ms
[6694.319s][info][gc,phases      ] GC(1136)   Evacuate Collection Set: 149.58ms
[6694.319s][info][gc,phases      ] GC(1136)   Post Evacuate Collection Set: 1.01ms
[6694.319s][info][gc,phases      ] GC(1136)   Other: 0.06ms
[6694.319s][info][gc,heap        ] GC(1136) Eden regions: 570->0(570)
[6694.319s][info][gc,heap        ] GC(1136) Survivor regions: 44->44(77)
[6694.319s][info][gc,heap        ] GC(1136) Old regions: 186->194
[6694.319s][info][gc,heap        ] GC(1136) Humongous regions: 33->33
[6694.319s][info][gc,metaspace   ] GC(1136) Metaspace: 30019K(30528K)->30019K(30528K) NonClass: 24606K(24896K)->24606K(24896K) Class: 5412K(5632K)->5412K(5632K)
[6694.319s][info][gc             ] GC(1136) Pause Young (Normal) (G1 Evacuation Pause) 6650M->2144M(8192M) 151.536ms
[6694.319s][info][gc,cpu         ] GC(1136) User=1.21s Sys=0.00s Real=0.15s
...[6697.438s][info][gc,start       ] GC(1137) Pause Young (Normal) (G1 Evacuation Pause)
[6697.438s][info][gc,task        ] GC(1137) Using 8 workers of 8 for evacuation
[6697.586s][info][gc,phases      ] GC(1137)   Pre Evacuate Collection Set: 0.24ms
[6697.586s][info][gc,phases      ] GC(1137)   Merge Heap Roots: 0.52ms
[6697.586s][info][gc,phases      ] GC(1137)   Evacuate Collection Set: 146.36ms
[6697.586s][info][gc,phases      ] GC(1137)   Post Evacuate Collection Set: 1.00ms
[6697.586s][info][gc,phases      ] GC(1137)   Other: 0.06ms
[6697.586s][info][gc,heap        ] GC(1137) Eden regions: 570->0(572)
[6697.586s][info][gc,heap        ] GC(1137) Survivor regions: 44->42(77)
[6697.586s][info][gc,heap        ] GC(1137) Old regions: 194->201
[6697.586s][info][gc,heap        ] GC(1137) Humongous regions: 33->33
[6697.586s][info][gc,metaspace   ] GC(1137) Metaspace: 30019K(30528K)->30019K(30528K) NonClass: 24606K(24896K)->24606K(24896K) Class: 5412K(5632K)->5412K(5632K)
[6697.586s][info][gc             ] GC(1137) Pause Young (Normal) (G1 Evacuation Pause) 6704M->2190M(8192M) 148.320ms
[6697.586s][info][gc,cpu         ] GC(1137) User=1.18s Sys=0.01s Real=0.15s
...[6700.699s][info][gc,start       ] GC(1138) Pause Young (Normal) (G1 Evacuation Pause)
[6700.699s][info][gc,task        ] GC(1138) Using 8 workers of 8 for evacuation
[6700.849s][info][gc,phases      ] GC(1138)   Pre Evacuate Collection Set: 0.23ms
[6700.850s][info][gc,phases      ] GC(1138)   Merge Heap Roots: 0.52ms
[6700.850s][info][gc,phases      ] GC(1138)   Evacuate Collection Set: 148.69ms
[6700.850s][info][gc,phases      ] GC(1138)   Post Evacuate Collection Set: 1.02ms
[6700.850s][info][gc,phases      ] GC(1138)   Other: 0.06ms
[6700.850s][info][gc,heap        ] GC(1138) Eden regions: 572->0(571)
[6700.850s][info][gc,heap        ] GC(1138) Survivor regions: 42->43(77)
[6700.850s][info][gc,heap        ] GC(1138) Old regions: 201->208
[6700.850s][info][gc,heap        ] GC(1138) Humongous regions: 33->33
[6700.850s][info][gc,metaspace   ] GC(1138) Metaspace: 30019K(30528K)->30019K(30528K) NonClass: 24606K(24896K)->24606K(24896K) Class: 5412K(5632K)->5412K(5632K)
[6700.850s][info][gc             ] GC(1138) Pause Young (Normal) (G1 Evacuation Pause) 6766M->2248M(8192M) 150.665ms
[6700.850s][info][gc,cpu         ] GC(1138) User=1.19s Sys=0.00s Real=0.15s
...[6703.979s][info][gc,start       ] GC(1139) Pause Young (Normal) (G1 Evacuation Pause)
[6703.979s][info][gc,task        ] GC(1139) Using 8 workers of 8 for evacuation
[6704.132s][info][gc,phases      ] GC(1139)   Pre Evacuate Collection Set: 0.31ms
[6704.132s][info][gc,phases      ] GC(1139)   Merge Heap Roots: 0.52ms
[6704.132s][info][gc,phases      ] GC(1139)   Evacuate Collection Set: 150.80ms
[6704.132s][info][gc,phases      ] GC(1139)   Post Evacuate Collection Set: 1.03ms
[6704.132s][info][gc,phases      ] GC(1139)   Other: 0.06ms
[6704.132s][info][gc,heap        ] GC(1139) Eden regions: 571->0(570)
[6704.132s][info][gc,heap        ] GC(1139) Survivor regions: 43->44(77)
[6704.132s][info][gc,heap        ] GC(1139) Old regions: 208->215
[6704.132s][info][gc,heap        ] GC(1139) Humongous regions: 33->33
[6704.132s][info][gc,metaspace   ] GC(1139) Metaspace: 30019K(30528K)->30019K(30528K) NonClass: 24606K(24896K)->24606K(24896K) Class: 5412K(5632K)->5412K(5632K)
[6704.132s][info][gc             ] GC(1139) Pause Young (Normal) (G1 Evacuation Pause) 6816M->2314M(8192M) 152.847ms
[6704.132s][info][gc,cpu         ] GC(1139) User=1.21s Sys=0.01s Real=0.15s
....[6707.307s][info][gc,start       ] GC(1140) Pause Young (Normal) (G1 Evacuation Pause)
[6707.307s][info][gc,task        ] GC(1140) Using 8 workers of 8 for evacuation
[6707.462s][info][gc,phases      ] GC(1140)   Pre Evacuate Collection Set: 0.23ms
[6707.462s][info][gc,phases      ] GC(1140)   Merge Heap Roots: 0.53ms
[6707.462s][info][gc,phases      ] GC(1140)   Evacuate Collection Set: 153.28ms
[6707.462s][info][gc,phases      ] GC(1140)   Post Evacuate Collection Set: 1.02ms
[6707.462s][info][gc,phases      ] GC(1140)   Other: 0.06ms
[6707.462s][info][gc,heap        ] GC(1140) Eden regions: 570->0(570)
[6707.462s][info][gc,heap        ] GC(1140) Survivor regions: 44->44(77)
[6707.462s][info][gc,heap        ] GC(1140) Old regions: 215->222
[6707.462s][info][gc,heap        ] GC(1140) Humongous regions: 33->33
[6707.462s][info][gc,metaspace   ] GC(1140) Metaspace: 30019K(30528K)->30019K(30528K) NonClass: 24606K(24896K)->24606K(24896K) Class: 5412K(5632K)->5412K(5632K)
[6707.462s][info][gc             ] GC(1140) Pause Young (Normal) (G1 Evacuation Pause) 6874M->2374M(8192M) 155.257ms
[6707.462s][info][gc,cpu         ] GC(1140) User=1.23s Sys=0.00s Real=0.15s
.. (rIR:aIR:PR = 11623:11723:11723) (tPR = 175040) [OK] 
  6709s: Performance info:
         Transaction,    Success,    Partial,     Failed,   Receipts, AvgBarcode, 
             Overall,     704654,          0,          0,     669991,      59.48, 
         Response times:
             Request,    Success,    Partial,     Failed,   SkipFail,     Probes,    Samples,      min,      p50,      p90,      p95,      p99,      max, 
       TotalPurchase,     669980,          0,          0,          0,     350431,     538666,      300,    13300,    95000,   128000,   205000,  3800000,
     InStorePurchase,     352462,          0,          0,          0,     183849,     283259,      300,    13300,    96000,   128000,   202000,  3800000,
      OnlinePurchase,     247604,          0,          0,          0,     129466,     198256,      300,    13300,    95000,   128000,   211000,  3800000,
        InstPurchase,      69914,          0,          0,          0,      37116,      57151,      500,    13400,    95000,   131000,   199000,  3800000,
          AssocOfCat,        695,          0,          0,          0,        612,       1030,    32000,    71500,   163900,   204900,   283210,   640000,
      AssocOfProduct,       6900,          0,          0,          0,       4198,       6693,      800,    14200,    94000,   128000,   210120,   589000,
      BusinessReport,       1749,          0,          0,          0,       1562,       2572,    35000,    78000,   165000,   216000,   283620,   730000,
          CustBuyBeh,       6972,          0,          0,          0,       4178,       6749,      300,    12600,    93000,   124000,   211000,   720000,
       ProductReturn,      18404,          0,          0,          0,       9481,      14813,      200,    13100,    94000,   130000,   208000,  3800000,

  6709s: (85%)   IR =  11761 .[6710.654s][info][gc,start       ] GC(1141) Pause Young (Normal) (G1 Evacuation Pause)
[6710.654s][info][gc,task        ] GC(1141) Using 8 workers of 8 for evacuation
[6710.803s][info][gc,phases      ] GC(1141)   Pre Evacuate Collection Set: 0.25ms
[6710.803s][info][gc,phases      ] GC(1141)   Merge Heap Roots: 0.52ms
[6710.803s][info][gc,phases      ] GC(1141)   Evacuate Collection Set: 146.94ms
[6710.803s][info][gc,phases      ] GC(1141)   Post Evacuate Collection Set: 1.03ms
[6710.803s][info][gc,phases      ] GC(1141)   Other: 0.07ms
[6710.803s][info][gc,heap        ] GC(1141) Eden regions: 570->0(571)
[6710.803s][info][gc,heap        ] GC(1141) Survivor regions: 44->43(77)
[6710.803s][info][gc,heap        ] GC(1141) Old regions: 222->229
[6710.803s][info][gc,heap        ] GC(1141) Humongous regions: 33->33
[6710.803s][info][gc,metaspace   ] GC(1141) Metaspace: 30019K(30528K)->30019K(30528K) NonClass: 24606K(24896K)->24606K(24896K) Class: 5412K(5632K)->5412K(5632K)
[6710.803s][info][gc             ] GC(1141) Pause Young (Normal) (G1 Evacuation Pause) 6934M->2424M(8192M) 148.959ms
[6710.803s][info][gc,cpu         ] GC(1141) User=1.18s Sys=0.01s Real=0.14s
...[6713.883s][info][gc,start       ] GC(1142) Pause Young (Normal) (G1 Evacuation Pause)
[6713.883s][info][gc,task        ] GC(1142) Using 8 workers of 8 for evacuation
[6714.039s][info][gc,phases      ] GC(1142)   Pre Evacuate Collection Set: 0.24ms
[6714.039s][info][gc,phases      ] GC(1142)   Merge Heap Roots: 0.61ms
[6714.039s][info][gc,phases      ] GC(1142)   Evacuate Collection Set: 153.92ms
[6714.039s][info][gc,phases      ] GC(1142)   Post Evacuate Collection Set: 1.02ms
[6714.039s][info][gc,phases      ] GC(1142)   Other: 0.06ms
[6714.039s][info][gc,heap        ] GC(1142) Eden regions: 571->0(570)
[6714.039s][info][gc,heap        ] GC(1142) Survivor regions: 43->44(77)
[6714.039s][info][gc,heap        ] GC(1142) Old regions: 229->237
[6714.039s][info][gc,heap        ] GC(1142) Humongous regions: 33->33
[6714.039s][info][gc,metaspace   ] GC(1142) Metaspace: 30019K(30528K)->30019K(30528K) NonClass: 24606K(24896K)->24606K(24896K) Class: 5412K(5632K)->5412K(5632K)
[6714.039s][info][gc             ] GC(1142) Pause Young (Normal) (G1 Evacuation Pause) 6992M->2491M(8192M) 155.970ms
[6714.039s][info][gc,cpu         ] GC(1142) User=1.23s Sys=0.00s Real=0.16s
...[6717.088s][info][gc,start       ] GC(1143) Pause Young (Normal) (G1 Evacuation Pause)
[6717.088s][info][gc,task        ] GC(1143) Using 8 workers of 8 for evacuation
[6717.248s][info][gc,phases      ] GC(1143)   Pre Evacuate Collection Set: 0.23ms
[6717.248s][info][gc,phases      ] GC(1143)   Merge Heap Roots: 0.52ms
[6717.248s][info][gc,phases      ] GC(1143)   Evacuate Collection Set: 157.51ms
[6717.248s][info][gc,phases      ] GC(1143)   Post Evacuate Collection Set: 1.04ms
[6717.248s][info][gc,phases      ] GC(1143)   Other: 0.06ms
[6717.248s][info][gc,heap        ] GC(1143) Eden regions: 570->0(569)
[6717.248s][info][gc,heap        ] GC(1143) Survivor regions: 44->45(77)
[6717.248s][info][gc,heap        ] GC(1143) Old regions: 237->243
[6717.248s][info][gc,heap        ] GC(1143) Humongous regions: 33->33
[6717.248s][info][gc,metaspace   ] GC(1143) Metaspace: 30019K(30528K)->30019K(30528K) NonClass: 24606K(24896K)->24606K(24896K) Class: 5412K(5632K)->5412K(5632K)
[6717.248s][info][gc             ] GC(1143) Pause Young (Normal) (G1 Evacuation Pause) 7051M->2554M(8192M) 159.493ms
[6717.248s][info][gc,cpu         ] GC(1143) User=1.26s Sys=0.01s Real=0.16s
...[6720.201s][info][gc,start       ] GC(1144) Pause Young (Normal) (G1 Evacuation Pause)
[6720.201s][info][gc,task        ] GC(1144) Using 8 workers of 8 for evacuation
[6720.359s][info][gc,phases      ] GC(1144)   Pre Evacuate Collection Set: 0.23ms
[6720.359s][info][gc,phases      ] GC(1144)   Merge Heap Roots: 0.51ms
[6720.359s][info][gc,phases      ] GC(1144)   Evacuate Collection Set: 155.65ms
[6720.359s][info][gc,phases      ] GC(1144)   Post Evacuate Collection Set: 1.00ms
[6720.359s][info][gc,phases      ] GC(1144)   Other: 0.06ms
[6720.359s][info][gc,heap        ] GC(1144) Eden regions: 569->0(570)
[6720.359s][info][gc,heap        ] GC(1144) Survivor regions: 45->44(77)
[6720.359s][info][gc,heap        ] GC(1144) Old regions: 243->251
[6720.359s][info][gc,heap        ] GC(1144) Humongous regions: 33->33
[6720.359s][info][gc,metaspace   ] GC(1144) Metaspace: 30019K(30528K)->30019K(30528K) NonClass: 24606K(24896K)->24606K(24896K) Class: 5412K(5632K)->5412K(5632K)
[6720.359s][info][gc             ] GC(1144) Pause Young (Normal) (G1 Evacuation Pause) 7106M->2603M(8192M) 157.580ms
[6720.359s][info][gc,cpu         ] GC(1144) User=1.25s Sys=0.00s Real=0.16s
....[6723.399s][info][gc,start       ] GC(1145) Pause Young (Normal) (G1 Evacuation Pause)
[6723.399s][info][gc,task        ] GC(1145) Using 8 workers of 8 for evacuation
[6723.548s][info][gc,phases      ] GC(1145)   Pre Evacuate Collection Set: 0.23ms
[6723.548s][info][gc,phases      ] GC(1145)   Merge Heap Roots: 0.53ms
[6723.548s][info][gc,phases      ] GC(1145)   Evacuate Collection Set: 146.94ms
[6723.548s][info][gc,phases      ] GC(1145)   Post Evacuate Collection Set: 1.02ms
[6723.548s][info][gc,phases      ] GC(1145)   Other: 0.08ms
[6723.548s][info][gc,heap        ] GC(1145) Eden regions: 570->0(571)
[6723.548s][info][gc,heap        ] GC(1145) Survivor regions: 44->43(77)
[6723.548s][info][gc,heap        ] GC(1145) Old regions: 251->258
[6723.548s][info][gc,heap        ] GC(1145) Humongous regions: 33->33
[6723.548s][info][gc,metaspace   ] GC(1145) Metaspace: 30019K(30528K)->30019K(30528K) NonClass: 24606K(24896K)->24606K(24896K) Class: 5412K(5632K)->5412K(5632K)
[6723.548s][info][gc             ] GC(1145) Pause Young (Normal) (G1 Evacuation Pause) 7163M->2654M(8192M) 148.928ms
[6723.548s][info][gc,cpu         ] GC(1145) User=1.18s Sys=0.00s Real=0.15s
...[6726.685s][info][gc,start       ] GC(1146) Pause Young (Normal) (G1 Evacuation Pause)
[6726.685s][info][gc,task        ] GC(1146) Using 8 workers of 8 for evacuation
[6726.833s][info][gc,phases      ] GC(1146)   Pre Evacuate Collection Set: 0.22ms
[6726.833s][info][gc,phases      ] GC(1146)   Merge Heap Roots: 0.47ms
[6726.833s][info][gc,phases      ] GC(1146)   Evacuate Collection Set: 146.11ms
[6726.833s][info][gc,phases      ] GC(1146)   Post Evacuate Collection Set: 1.01ms
[6726.833s][info][gc,phases      ] GC(1146)   Other: 0.06ms
[6726.833s][info][gc,heap        ] GC(1146) Eden regions: 571->0(572)
[6726.833s][info][gc,heap        ] GC(1146) Survivor regions: 43->42(77)
[6726.833s][info][gc,heap        ] GC(1146) Old regions: 258->265
[6726.833s][info][gc,heap        ] GC(1146) Humongous regions: 33->33
[6726.833s][info][gc,metaspace   ] GC(1146) Metaspace: 30019K(30528K)->30019K(30528K) NonClass: 24606K(24896K)->24606K(24896K) Class: 5412K(5632K)->5412K(5632K)
[6726.833s][info][gc             ] GC(1146) Pause Young (Normal) (G1 Evacuation Pause) 7222M->2706M(8192M) 148.026ms
[6726.833s][info][gc,cpu         ] GC(1146) User=1.18s Sys=0.00s Real=0.15s
...[6729.928s][info][gc,start       ] GC(1147) Pause Young (Normal) (G1 Evacuation Pause)
[6729.928s][info][gc,task        ] GC(1147) Using 8 workers of 8 for evacuation
[6730.082s][info][gc,phases      ] GC(1147)   Pre Evacuate Collection Set: 0.25ms
[6730.082s][info][gc,phases      ] GC(1147)   Merge Heap Roots: 0.54ms
[6730.082s][info][gc,phases      ] GC(1147)   Evacuate Collection Set: 152.52ms
[6730.082s][info][gc,phases      ] GC(1147)   Post Evacuate Collection Set: 1.02ms
[6730.082s][info][gc,phases      ] GC(1147)   Other: 0.06ms
[6730.082s][info][gc,heap        ] GC(1147) Eden regions: 572->0(570)
[6730.082s][info][gc,heap        ] GC(1147) Survivor regions: 42->44(77)
[6730.082s][info][gc,heap        ] GC(1147) Old regions: 265->272
[6730.082s][info][gc,heap        ] GC(1147) Humongous regions: 33->33
[6730.082s][info][gc,metaspace   ] GC(1147) Metaspace: 30019K(30528K)->30019K(30528K) NonClass: 24606K(24896K)->24606K(24896K) Class: 5412K(5632K)->5412K(5632K)
[6730.082s][info][gc             ] GC(1147) Pause Young (Normal) (G1 Evacuation Pause) 7282M->2772M(8192M) 154.545ms
[6730.082s][info][gc,cpu         ] GC(1147) User=1.23s Sys=0.00s Real=0.15s
...[6733.152s][info][gc,start       ] GC(1148) Pause Young (Normal) (G1 Evacuation Pause)
[6733.152s][info][gc,task        ] GC(1148) Using 8 workers of 8 for evacuation
[6733.314s][info][gc,phases      ] GC(1148)   Pre Evacuate Collection Set: 0.23ms
[6733.315s][info][gc,phases      ] GC(1148)   Merge Heap Roots: 0.57ms
[6733.315s][info][gc,phases      ] GC(1148)   Evacuate Collection Set: 160.57ms
[6733.315s][info][gc,phases      ] GC(1148)   Post Evacuate Collection Set: 1.03ms
[6733.315s][info][gc,phases      ] GC(1148)   Other: 0.06ms
[6733.315s][info][gc,heap        ] GC(1148) Eden regions: 570->0(569)
[6733.315s][info][gc,heap        ] GC(1148) Survivor regions: 44->45(77)
[6733.315s][info][gc,heap        ] GC(1148) Old regions: 272->279
[6733.315s][info][gc,heap        ] GC(1148) Humongous regions: 33->33
[6733.315s][info][gc,metaspace   ] GC(1148) Metaspace: 30019K(30528K)->30019K(30528K) NonClass: 24606K(24896K)->24606K(24896K) Class: 5412K(5632K)->5412K(5632K)
[6733.315s][info][gc             ] GC(1148) Pause Young (Normal) (G1 Evacuation Pause) 7332M->2842M(8192M) 162.594ms
[6733.315s][info][gc,cpu         ] GC(1148) User=1.28s Sys=0.00s Real=0.17s
...[6736.325s][info][gc,start       ] GC(1149) Pause Young (Normal) (G1 Evacuation Pause)
[6736.325s][info][gc,task        ] GC(1149) Using 8 workers of 8 for evacuation
[6736.476s][info][gc,phases      ] GC(1149)   Pre Evacuate Collection Set: 0.23ms
[6736.476s][info][gc,phases      ] GC(1149)   Merge Heap Roots: 0.52ms
[6736.476s][info][gc,phases      ] GC(1149)   Evacuate Collection Set: 149.12ms
[6736.476s][info][gc,phases      ] GC(1149)   Post Evacuate Collection Set: 1.02ms
[6736.476s][info][gc,phases      ] GC(1149)   Other: 0.06ms
[6736.476s][info][gc,heap        ] GC(1149) Eden regions: 569->0(566)
[6736.476s][info][gc,heap        ] GC(1149) Survivor regions: 45->43(77)
[6736.476s][info][gc,heap        ] GC(1149) Old regions: 279->287
[6736.476s][info][gc,heap        ] GC(1149) Humongous regions: 33->33
[6736.476s][info][gc,metaspace   ] GC(1149) Metaspace: 30019K(30528K)->30019K(30528K) NonClass: 24606K(24896K)->24606K(24896K) Class: 5412K(5632K)->5412K(5632K)
[6736.476s][info][gc             ] GC(1149) Pause Young (Normal) (G1 Evacuation Pause) 7394M->2880M(8192M) 151.085ms
[6736.476s][info][gc,cpu         ] GC(1149) User=1.20s Sys=0.00s Real=0.15s
....|[6739.594s][info][gc,start       ] GC(1150) Pause Young (Normal) (G1 Evacuation Pause)
[6739.594s][info][gc,task        ] GC(1150) Using 8 workers of 8 for evacuation
[6739.742s][info][gc,phases      ] GC(1150)   Pre Evacuate Collection Set: 0.26ms
[6739.743s][info][gc,phases      ] GC(1150)   Merge Heap Roots: 0.53ms
[6739.743s][info][gc,phases      ] GC(1150)   Evacuate Collection Set: 146.90ms
[6739.743s][info][gc,phases      ] GC(1150)   Post Evacuate Collection Set: 1.01ms
[6739.743s][info][gc,phases      ] GC(1150)   Other: 0.07ms
[6739.743s][info][gc,heap        ] GC(1150) Eden regions: 566->0(559)
[6739.743s][info][gc,heap        ] GC(1150) Survivor regions: 43->43(77)
[6739.743s][info][gc,heap        ] GC(1150) Old regions: 287->294
[6739.743s][info][gc,heap        ] GC(1150) Humongous regions: 33->33
[6739.743s][info][gc,metaspace   ] GC(1150) Metaspace: 30019K(30528K)->30019K(30528K) NonClass: 24606K(24896K)->24606K(24896K) Class: 5412K(5632K)->5412K(5632K)
[6739.743s][info][gc             ] GC(1150) Pause Young (Normal) (G1 Evacuation Pause) 7408M->2943M(8192M) 148.897ms
[6739.743s][info][gc,cpu         ] GC(1150) User=1.18s Sys=0.00s Real=0.14s
...[6742.679s][info][gc,start       ] GC(1151) Pause Young (Normal) (G1 Evacuation Pause)
[6742.679s][info][gc,task        ] GC(1151) Using 8 workers of 8 for evacuation
[6742.834s][info][gc,phases      ] GC(1151)   Pre Evacuate Collection Set: 0.23ms
[6742.834s][info][gc,phases      ] GC(1151)   Merge Heap Roots: 0.52ms
[6742.834s][info][gc,phases      ] GC(1151)   Evacuate Collection Set: 152.84ms
[6742.834s][info][gc,phases      ] GC(1151)   Post Evacuate Collection Set: 1.01ms
[6742.834s][info][gc,phases      ] GC(1151)   Other: 0.06ms
[6742.834s][info][gc,heap        ] GC(1151) Eden regions: 559->0(552)
[6742.834s][info][gc,heap        ] GC(1151) Survivor regions: 43->43(76)
[6742.834s][info][gc,heap        ] GC(1151) Old regions: 294->301
[6742.834s][info][gc,heap        ] GC(1151) Humongous regions: 33->33
[6742.834s][info][gc,metaspace   ] GC(1151) Metaspace: 30019K(30528K)->30019K(30528K) NonClass: 24606K(24896K)->24606K(24896K) Class: 5412K(5632K)->5412K(5632K)
[6742.834s][info][gc             ] GC(1151) Pause Young (Normal) (G1 Evacuation Pause) 7415M->3002M(8192M) 154.809ms
[6742.834s][info][gc,cpu         ] GC(1151) User=1.22s Sys=0.00s Real=0.16s
...[6745.855s][info][gc,start       ] GC(1152) Pause Young (Normal) (G1 Evacuation Pause)
[6745.855s][info][gc,task        ] GC(1152) Using 8 workers of 8 for evacuation
[6746.007s][info][gc,phases      ] GC(1152)   Pre Evacuate Collection Set: 0.23ms
[6746.007s][info][gc,phases      ] GC(1152)   Merge Heap Roots: 0.53ms
[6746.007s][info][gc,phases      ] GC(1152)   Evacuate Collection Set: 150.52ms
[6746.007s][info][gc,phases      ] GC(1152)   Post Evacuate Collection Set: 1.01ms
[6746.007s][info][gc,phases      ] GC(1152)   Other: 0.07ms
[6746.007s][info][gc,heap        ] GC(1152) Eden regions: 552->0(544)
[6746.007s][info][gc,heap        ] GC(1152) Survivor regions: 43->43(75)
[6746.007s][info][gc,heap        ] GC(1152) Old regions: 301->309
[6746.007s][info][gc,heap        ] GC(1152) Humongous regions: 33->33
[6746.007s][info][gc,metaspace   ] GC(1152) Metaspace: 30019K(30528K)->30019K(30528K) NonClass: 24606K(24896K)->24606K(24896K) Class: 5412K(5632K)->5412K(5632K)
[6746.007s][info][gc             ] GC(1152) Pause Young (Normal) (G1 Evacuation Pause) 7418M->3060M(8192M) 152.476ms
[6746.007s][info][gc,cpu         ] GC(1152) User=1.21s Sys=0.00s Real=0.15s
...[6748.923s][info][gc,start       ] GC(1153) Pause Young (Concurrent Start) (G1 Evacuation Pause)
[6748.924s][info][gc,task        ] GC(1153) Using 8 workers of 8 for evacuation
[6749.077s][info][gc,phases      ] GC(1153)   Pre Evacuate Collection Set: 0.29ms
[6749.077s][info][gc,phases      ] GC(1153)   Merge Heap Roots: 0.51ms
[6749.077s][info][gc,phases      ] GC(1153)   Evacuate Collection Set: 151.74ms
[6749.077s][info][gc,phases      ] GC(1153)   Post Evacuate Collection Set: 0.98ms
[6749.077s][info][gc,phases      ] GC(1153)   Other: 0.11ms
[6749.077s][info][gc,heap        ] GC(1153) Eden regions: 544->0(535)
[6749.077s][info][gc,heap        ] GC(1153) Survivor regions: 43->44(74)
[6749.077s][info][gc,heap        ] GC(1153) Old regions: 309->316
[6749.077s][info][gc,heap        ] GC(1153) Humongous regions: 33->33
[6749.077s][info][gc,metaspace   ] GC(1153) Metaspace: 30019K(30528K)->30019K(30528K) NonClass: 24606K(24896K)->24606K(24896K) Class: 5412K(5632K)->5412K(5632K)
[6749.077s][info][gc             ] GC(1153) Pause Young (Concurrent Start) (G1 Evacuation Pause) 7412M->3126M(8192M) 153.763ms
[6749.077s][info][gc             ] GC(1154) Concurrent Mark Cycle
[6749.077s][info][gc,marking     ] GC(1154) Concurrent Scan Root Regions
[6749.077s][info][gc,cpu         ] GC(1153) User=1.22s Sys=0.00s Real=0.15s
[6749.493s][info][gc,marking     ] GC(1154) Concurrent Scan Root Regions 415.941ms
[6749.493s][info][gc,marking     ] GC(1154) Concurrent Mark
[6749.493s][info][gc,marking     ] GC(1154) Concurrent Mark From Roots
[6749.493s][info][gc,task        ] GC(1154) Using 2 workers of 2 for marking
..[6751.186s][info][gc,marking     ] GC(1154) Concurrent Mark From Roots 1692.195ms
[6751.186s][info][gc,marking     ] GC(1154) Concurrent Preclean
[6751.186s][info][gc,marking     ] GC(1154) Concurrent Preclean 0.084ms
[6751.186s][info][gc,start       ] GC(1154) Pause Remark
[6751.189s][info][gc             ] GC(1154) Pause Remark 5646M->5030M(8192M) 3.312ms
[6751.189s][info][gc,cpu         ] GC(1154) User=0.02s Sys=0.00s Real=0.00s
[6751.189s][info][gc,marking     ] GC(1154) Concurrent Mark 1695.916ms
[6751.189s][info][gc,marking     ] GC(1154) Concurrent Rebuild Remembered Sets and Scrub Regions
.[6752.059s][info][gc,marking     ] GC(1154) Concurrent Rebuild Remembered Sets and Scrub Regions 869.975ms
[6752.059s][info][gc,start       ] GC(1154) Pause Cleanup
[6752.060s][info][gc             ] GC(1154) Pause Cleanup 6175M->6175M(8192M) 0.251ms
[6752.060s][info][gc,cpu         ] GC(1154) User=0.00s Sys=0.00s Real=0.00s
[6752.060s][info][gc,marking     ] GC(1154) Concurrent Clear Claimed Marks
[6752.060s][info][gc,marking     ] GC(1154) Concurrent Clear Claimed Marks 0.053ms
[6752.060s][info][gc,marking     ] GC(1154) Concurrent Cleanup for Next Mark
[6752.070s][info][gc,marking     ] GC(1154) Concurrent Cleanup for Next Mark 10.293ms
[6752.070s][info][gc             ] GC(1154) Concurrent Mark Cycle 2992.851ms
[6752.458s][info][gc,start       ] GC(1155) Pause Young (Prepare Mixed) (G1 Evacuation Pause)
[6752.458s][info][gc,task        ] GC(1155) Using 8 workers of 8 for evacuation
[6752.609s][info][gc,phases      ] GC(1155)   Pre Evacuate Collection Set: 0.24ms
[6752.609s][info][gc,phases      ] GC(1155)   Merge Heap Roots: 0.75ms
[6752.609s][info][gc,phases      ] GC(1155)   Evacuate Collection Set: 149.00ms
[6752.609s][info][gc,phases      ] GC(1155)   Post Evacuate Collection Set: 1.10ms
[6752.609s][info][gc,phases      ] GC(1155)   Other: 0.07ms
[6752.609s][info][gc,heap        ] GC(1155) Eden regions: 535->0(572)
[6752.609s][info][gc,heap        ] GC(1155) Survivor regions: 44->42(73)
[6752.609s][info][gc,heap        ] GC(1155) Old regions: 239->247
[6752.609s][info][gc,heap        ] GC(1155) Humongous regions: 33->33
[6752.609s][info][gc,metaspace   ] GC(1155) Metaspace: 30019K(30528K)->30019K(30528K) NonClass: 24606K(24896K)->24606K(24896K) Class: 5412K(5632K)->5412K(5632K)
[6752.609s][info][gc             ] GC(1155) Pause Young (Prepare Mixed) (G1 Evacuation Pause) 6790M->2559M(8192M) 151.291ms
[6752.610s][info][gc,cpu         ] GC(1155) User=1.19s Sys=0.00s Real=0.15s
...[6755.379s][info][gc,start       ] GC(1156) Pause Young (Mixed) (G1 Evacuation Pause)
[6755.379s][info][gc,task        ] GC(1156) Using 8 workers of 8 for evacuation
[6755.544s][info][gc,phases      ] GC(1156)   Pre Evacuate Collection Set: 0.25ms
[6755.544s][info][gc,phases      ] GC(1156)   Merge Heap Roots: 0.81ms
[6755.544s][info][gc,phases      ] GC(1156)   Evacuate Collection Set: 162.50ms
[6755.544s][info][gc,phases      ] GC(1156)   Post Evacuate Collection Set: 1.26ms
[6755.544s][info][gc,phases      ] GC(1156)   Other: 0.07ms
[6755.544s][info][gc,heap        ] GC(1156) Eden regions: 572->0(569)
[6755.544s][info][gc,heap        ] GC(1156) Survivor regions: 42->45(77)
[6755.544s][info][gc,heap        ] GC(1156) Old regions: 247->153
[6755.544s][info][gc,heap        ] GC(1156) Humongous regions: 33->33
[6755.544s][info][gc,metaspace   ] GC(1156) Metaspace: 30019K(30528K)->30019K(30528K) NonClass: 24606K(24896K)->24606K(24896K) Class: 5412K(5632K)->5412K(5632K)
[6755.544s][info][gc             ] GC(1156) Pause Young (Mixed) (G1 Evacuation Pause) 7135M->1823M(8192M) 165.030ms
[6755.544s][info][gc,cpu         ] GC(1156) User=1.31s Sys=0.00s Real=0.17s
...[6758.421s][info][gc,start       ] GC(1157) Pause Young (Mixed) (G1 Evacuation Pause)
[6758.421s][info][gc,task        ] GC(1157) Using 8 workers of 8 for evacuation
[6758.579s][info][gc,phases      ] GC(1157)   Pre Evacuate Collection Set: 0.24ms
[6758.579s][info][gc,phases      ] GC(1157)   Merge Heap Roots: 0.70ms
[6758.579s][info][gc,phases      ] GC(1157)   Evacuate Collection Set: 156.24ms
[6758.579s][info][gc,phases      ] GC(1157)   Post Evacuate Collection Set: 1.05ms
[6758.579s][info][gc,phases      ] GC(1157)   Other: 0.06ms
[6758.579s][info][gc,heap        ] GC(1157) Eden regions: 569->0(571)
[6758.579s][info][gc,heap        ] GC(1157) Survivor regions: 45->43(77)
[6758.579s][info][gc,heap        ] GC(1157) Old regions: 153->144
[6758.579s][info][gc,heap        ] GC(1157) Humongous regions: 33->33
[6758.579s][info][gc,metaspace   ] GC(1157) Metaspace: 30019K(30528K)->30019K(30528K) NonClass: 24606K(24896K)->24606K(24896K) Class: 5412K(5632K)->5412K(5632K)
[6758.579s][info][gc             ] GC(1157) Pause Young (Mixed) (G1 Evacuation Pause) 6375M->1739M(8192M) 158.432ms
[6758.579s][info][gc,cpu         ] GC(1157) User=1.25s Sys=0.00s Real=0.16s
....[6761.659s][info][gc,start       ] GC(1158) Pause Young (Normal) (G1 Evacuation Pause)
[6761.659s][info][gc,task        ] GC(1158) Using 8 workers of 8 for evacuation
[6761.818s][info][gc,phases      ] GC(1158)   Pre Evacuate Collection Set: 0.22ms
[6761.818s][info][gc,phases      ] GC(1158)   Merge Heap Roots: 0.51ms
[6761.818s][info][gc,phases      ] GC(1158)   Evacuate Collection Set: 157.07ms
[6761.818s][info][gc,phases      ] GC(1158)   Post Evacuate Collection Set: 1.03ms
[6761.818s][info][gc,phases      ] GC(1158)   Other: 0.06ms
[6761.818s][info][gc,heap        ] GC(1158) Eden regions: 571->0(571)
[6761.818s][info][gc,heap        ] GC(1158) Survivor regions: 43->43(77)
[6761.818s][info][gc,heap        ] GC(1158) Old regions: 144->151
[6761.818s][info][gc,heap        ] GC(1158) Humongous regions: 33->33
[6761.818s][info][gc,metaspace   ] GC(1158) Metaspace: 30019K(30528K)->30019K(30528K) NonClass: 24606K(24896K)->24606K(24896K) Class: 5412K(5632K)->5412K(5632K)
[6761.818s][info][gc             ] GC(1158) Pause Young (Normal) (G1 Evacuation Pause) 6307M->1797M(8192M) 159.019ms
[6761.818s][info][gc,cpu         ] GC(1158) User=1.26s Sys=0.00s Real=0.16s
...[6764.985s][info][gc,start       ] GC(1159) Pause Young (Normal) (G1 Evacuation Pause)
[6764.985s][info][gc,task        ] GC(1159) Using 8 workers of 8 for evacuation
[6765.140s][info][gc,phases      ] GC(1159)   Pre Evacuate Collection Set: 0.23ms
[6765.140s][info][gc,phases      ] GC(1159)   Merge Heap Roots: 0.55ms
[6765.140s][info][gc,phases      ] GC(1159)   Evacuate Collection Set: 153.53ms
[6765.140s][info][gc,phases      ] GC(1159)   Post Evacuate Collection Set: 1.02ms
[6765.140s][info][gc,phases      ] GC(1159)   Other: 0.07ms
[6765.140s][info][gc,heap        ] GC(1159) Eden regions: 571->0(570)
[6765.140s][info][gc,heap        ] GC(1159) Survivor regions: 43->44(77)
[6765.140s][info][gc,heap        ] GC(1159) Old regions: 151->158
[6765.140s][info][gc,heap        ] GC(1159) Humongous regions: 33->33
[6765.140s][info][gc,metaspace   ] GC(1159) Metaspace: 30019K(30528K)->30019K(30528K) NonClass: 24606K(24896K)->24606K(24896K) Class: 5412K(5632K)->5412K(5632K)
[6765.140s][info][gc             ] GC(1159) Pause Young (Normal) (G1 Evacuation Pause) 6365M->1856M(8192M) 155.527ms
[6765.140s][info][gc,cpu         ] GC(1159) User=1.23s Sys=0.00s Real=0.15s
...[6768.114s][info][gc,start       ] GC(1160) Pause Young (Normal) (G1 Evacuation Pause)
[6768.114s][info][gc,task        ] GC(1160) Using 8 workers of 8 for evacuation
[6768.265s][info][gc,phases      ] GC(1160)   Pre Evacuate Collection Set: 0.23ms
[6768.265s][info][gc,phases      ] GC(1160)   Merge Heap Roots: 0.55ms
[6768.265s][info][gc,phases      ] GC(1160)   Evacuate Collection Set: 149.02ms
[6768.265s][info][gc,phases      ] GC(1160)   Post Evacuate Collection Set: 1.02ms
[6768.265s][info][gc,phases      ] GC(1160)   Other: 0.06ms
[6768.265s][info][gc,heap        ] GC(1160) Eden regions: 570->0(570)
[6768.265s][info][gc,heap        ] GC(1160) Survivor regions: 44->44(77)
[6768.265s][info][gc,heap        ] GC(1160) Old regions: 158->165
[6768.265s][info][gc,heap        ] GC(1160) Humongous regions: 33->33
[6768.265s][info][gc,metaspace   ] GC(1160) Metaspace: 30019K(30528K)->30019K(30528K) NonClass: 24606K(24896K)->24606K(24896K) Class: 5412K(5632K)->5412K(5632K)
[6768.265s][info][gc             ] GC(1160) Pause Young (Normal) (G1 Evacuation Pause) 6416M->1914M(8192M) 151.006ms
[6768.265s][info][gc,cpu         ] GC(1160) User=1.20s Sys=0.00s Real=0.15s
...[6771.394s][info][gc,start       ] GC(1161) Pause Young (Normal) (G1 Evacuation Pause)
[6771.394s][info][gc,task        ] GC(1161) Using 8 workers of 8 for evacuation
[6771.544s][info][gc,phases      ] GC(1161)   Pre Evacuate Collection Set: 0.23ms
[6771.544s][info][gc,phases      ] GC(1161)   Merge Heap Roots: 0.55ms
[6771.544s][info][gc,phases      ] GC(1161)   Evacuate Collection Set: 148.02ms
[6771.544s][info][gc,phases      ] GC(1161)   Post Evacuate Collection Set: 0.98ms
[6771.544s][info][gc,phases      ] GC(1161)   Other: 0.08ms
[6771.544s][info][gc,heap        ] GC(1161) Eden regions: 570->0(572)
[6771.544s][info][gc,heap        ] GC(1161) Survivor regions: 44->42(77)
[6771.544s][info][gc,heap        ] GC(1161) Old regions: 165->172
[6771.544s][info][gc,heap        ] GC(1161) Humongous regions: 33->33
[6771.544s][info][gc,metaspace   ] GC(1161) Metaspace: 30019K(30528K)->30019K(30528K) NonClass: 24606K(24896K)->24606K(24896K) Class: 5412K(5632K)->5412K(5632K)
[6771.544s][info][gc             ] GC(1161) Pause Young (Normal) (G1 Evacuation Pause) 6474M->1959M(8192M) 150.011ms
[6771.544s][info][gc,cpu         ] GC(1161) User=1.19s Sys=0.00s Real=0.15s
....[6774.654s][info][gc,start       ] GC(1162) Pause Young (Normal) (G1 Evacuation Pause)
[6774.654s][info][gc,task        ] GC(1162) Using 8 workers of 8 for evacuation
[6774.808s][info][gc,phases      ] GC(1162)   Pre Evacuate Collection Set: 0.25ms
[6774.808s][info][gc,phases      ] GC(1162)   Merge Heap Roots: 0.52ms
[6774.808s][info][gc,phases      ] GC(1162)   Evacuate Collection Set: 152.57ms
[6774.808s][info][gc,phases      ] GC(1162)   Post Evacuate Collection Set: 1.01ms
[6774.808s][info][gc,phases      ] GC(1162)   Other: 0.07ms
[6774.808s][info][gc,heap        ] GC(1162) Eden regions: 572->0(571)
[6774.808s][info][gc,heap        ] GC(1162) Survivor regions: 42->43(77)
[6774.808s][info][gc,heap        ] GC(1162) Old regions: 172->179
[6774.808s][info][gc,heap        ] GC(1162) Humongous regions: 33->33
[6774.808s][info][gc,metaspace   ] GC(1162) Metaspace: 30019K(30528K)->30019K(30528K) NonClass: 24606K(24896K)->24606K(24896K) Class: 5412K(5632K)->5412K(5632K)
[6774.808s][info][gc             ] GC(1162) Pause Young (Normal) (G1 Evacuation Pause) 6535M->2024M(8192M) 154.557ms
[6774.808s][info][gc,cpu         ] GC(1162) User=1.22s Sys=0.01s Real=0.15s
...[6777.894s][info][gc,start       ] GC(1163) Pause Young (Normal) (G1 Evacuation Pause)
[6777.894s][info][gc,task        ] GC(1163) Using 8 workers of 8 for evacuation
[6778.047s][info][gc,phases      ] GC(1163)   Pre Evacuate Collection Set: 0.23ms
[6778.047s][info][gc,phases      ] GC(1163)   Merge Heap Roots: 0.51ms
[6778.047s][info][gc,phases      ] GC(1163)   Evacuate Collection Set: 151.08ms
[6778.047s][info][gc,phases      ] GC(1163)   Post Evacuate Collection Set: 1.02ms
[6778.047s][info][gc,phases      ] GC(1163)   Other: 0.06ms
[6778.047s][info][gc,heap        ] GC(1163) Eden regions: 571->0(571)
[6778.047s][info][gc,heap        ] GC(1163) Survivor regions: 43->43(77)
[6778.047s][info][gc,heap        ] GC(1163) Old regions: 179->186
[6778.047s][info][gc,heap        ] GC(1163) Humongous regions: 33->33
[6778.047s][info][gc,metaspace   ] GC(1163) Metaspace: 30019K(30528K)->30019K(30528K) NonClass: 24606K(24896K)->24606K(24896K) Class: 5412K(5632K)->5412K(5632K)
[6778.047s][info][gc             ] GC(1163) Pause Young (Normal) (G1 Evacuation Pause) 6592M->2081M(8192M) 153.057ms
[6778.047s][info][gc,cpu         ] GC(1163) User=1.21s Sys=0.00s Real=0.15s
...[6781.232s][info][gc,start       ] GC(1164) Pause Young (Normal) (G1 Evacuation Pause)
[6781.232s][info][gc,task        ] GC(1164) Using 8 workers of 8 for evacuation
[6781.385s][info][gc,phases      ] GC(1164)   Pre Evacuate Collection Set: 0.25ms
[6781.385s][info][gc,phases      ] GC(1164)   Merge Heap Roots: 0.53ms
[6781.385s][info][gc,phases      ] GC(1164)   Evacuate Collection Set: 151.45ms
[6781.385s][info][gc,phases      ] GC(1164)   Post Evacuate Collection Set: 1.02ms
[6781.385s][info][gc,phases      ] GC(1164)   Other: 0.06ms
[6781.385s][info][gc,heap        ] GC(1164) Eden regions: 571->0(570)
[6781.385s][info][gc,heap        ] GC(1164) Survivor regions: 43->44(77)
[6781.385s][info][gc,heap        ] GC(1164) Old regions: 186->194
[6781.385s][info][gc,heap        ] GC(1164) Humongous regions: 33->33
[6781.385s][info][gc,metaspace   ] GC(1164) Metaspace: 30019K(30528K)->30019K(30528K) NonClass: 24606K(24896K)->24606K(24896K) Class: 5412K(5632K)->5412K(5632K)
[6781.385s][info][gc             ] GC(1164) Pause Young (Normal) (G1 Evacuation Pause) 6649M->2144M(8192M) 153.462ms
[6781.385s][info][gc,cpu         ] GC(1164) User=1.22s Sys=0.00s Real=0.16s
...[6784.500s][info][gc,start       ] GC(1165) Pause Young (Normal) (G1 Evacuation Pause)
[6784.500s][info][gc,task        ] GC(1165) Using 8 workers of 8 for evacuation
[6784.655s][info][gc,phases      ] GC(1165)   Pre Evacuate Collection Set: 0.22ms
[6784.655s][info][gc,phases      ] GC(1165)   Merge Heap Roots: 0.54ms
[6784.655s][info][gc,phases      ] GC(1165)   Evacuate Collection Set: 152.62ms
[6784.655s][info][gc,phases      ] GC(1165)   Post Evacuate Collection Set: 1.01ms
[6784.655s][info][gc,phases      ] GC(1165)   Other: 0.07ms
[6784.655s][info][gc,heap        ] GC(1165) Eden regions: 570->0(570)
[6784.655s][info][gc,heap        ] GC(1165) Survivor regions: 44->44(77)
[6784.655s][info][gc,heap        ] GC(1165) Old regions: 194->201
[6784.655s][info][gc,heap        ] GC(1165) Humongous regions: 33->33
[6784.655s][info][gc,metaspace   ] GC(1165) Metaspace: 30019K(30528K)->30019K(30528K) NonClass: 24606K(24896K)->24606K(24896K) Class: 5412K(5632K)->5412K(5632K)
[6784.655s][info][gc             ] GC(1165) Pause Young (Normal) (G1 Evacuation Pause) 6704M->2203M(8192M) 154.592ms
[6784.655s][info][gc,cpu         ] GC(1165) User=1.23s Sys=0.00s Real=0.16s
....[6787.753s][info][gc,start       ] GC(1166) Pause Young (Normal) (G1 Evacuation Pause)
[6787.753s][info][gc,task        ] GC(1166) Using 8 workers of 8 for evacuation
[6787.902s][info][gc,phases      ] GC(1166)   Pre Evacuate Collection Set: 0.26ms
[6787.902s][info][gc,phases      ] GC(1166)   Merge Heap Roots: 0.51ms
[6787.902s][info][gc,phases      ] GC(1166)   Evacuate Collection Set: 146.40ms
[6787.902s][info][gc,phases      ] GC(1166)   Post Evacuate Collection Set: 1.08ms
[6787.902s][info][gc,phases      ] GC(1166)   Other: 0.07ms
[6787.902s][info][gc,heap        ] GC(1166) Eden regions: 570->0(571)
[6787.902s][info][gc,heap        ] GC(1166) Survivor regions: 44->43(77)
[6787.902s][info][gc,heap        ] GC(1166) Old regions: 201->208
[6787.902s][info][gc,heap        ] GC(1166) Humongous regions: 33->33
[6787.902s][info][gc,metaspace   ] GC(1166) Metaspace: 30019K(30528K)->30019K(30528K) NonClass: 24606K(24896K)->24606K(24896K) Class: 5412K(5632K)->5412K(5632K)
[6787.902s][info][gc             ] GC(1166) Pause Young (Normal) (G1 Evacuation Pause) 6763M->2254M(8192M) 148.453ms
[6787.902s][info][gc,cpu         ] GC(1166) User=1.17s Sys=0.00s Real=0.14s
...[6790.965s][info][gc,start       ] GC(1167) Pause Young (Normal) (G1 Evacuation Pause)
[6790.965s][info][gc,task        ] GC(1167) Using 8 workers of 8 for evacuation
[6791.123s][info][gc,phases      ] GC(1167)   Pre Evacuate Collection Set: 0.25ms
[6791.123s][info][gc,phases      ] GC(1167)   Merge Heap Roots: 0.52ms
[6791.123s][info][gc,phases      ] GC(1167)   Evacuate Collection Set: 156.56ms
[6791.123s][info][gc,phases      ] GC(1167)   Post Evacuate Collection Set: 1.05ms
[6791.123s][info][gc,phases      ] GC(1167)   Other: 0.06ms
[6791.123s][info][gc,heap        ] GC(1167) Eden regions: 571->0(569)
[6791.123s][info][gc,heap        ] GC(1167) Survivor regions: 43->45(77)
[6791.123s][info][gc,heap        ] GC(1167) Old regions: 208->215
[6791.123s][info][gc,heap        ] GC(1167) Humongous regions: 33->33
[6791.123s][info][gc,metaspace   ] GC(1167) Metaspace: 30019K(30528K)->30019K(30528K) NonClass: 24606K(24896K)->24606K(24896K) Class: 5412K(5632K)->5412K(5632K)
[6791.123s][info][gc             ] GC(1167) Pause Young (Normal) (G1 Evacuation Pause) 6822M->2327M(8192M) 158.569ms
[6791.124s][info][gc,cpu         ] GC(1167) User=1.26s Sys=0.00s Real=0.16s
...[6794.243s][info][gc,start       ] GC(1168) Pause Young (Normal) (G1 Evacuation Pause)
[6794.243s][info][gc,task        ] GC(1168) Using 8 workers of 8 for evacuation
[6794.402s][info][gc,phases      ] GC(1168)   Pre Evacuate Collection Set: 0.25ms
[6794.402s][info][gc,phases      ] GC(1168)   Merge Heap Roots: 0.52ms
[6794.402s][info][gc,phases      ] GC(1168)   Evacuate Collection Set: 157.17ms
[6794.402s][info][gc,phases      ] GC(1168)   Post Evacuate Collection Set: 1.02ms
[6794.402s][info][gc,phases      ] GC(1168)   Other: 0.06ms
[6794.402s][info][gc,heap        ] GC(1168) Eden regions: 569->0(570)
[6794.402s][info][gc,heap        ] GC(1168) Survivor regions: 45->44(77)
[6794.402s][info][gc,heap        ] GC(1168) Old regions: 215->223
[6794.402s][info][gc,heap        ] GC(1168) Humongous regions: 33->33
[6794.402s][info][gc,metaspace   ] GC(1168) Metaspace: 30019K(30528K)->30019K(30528K) NonClass: 24606K(24896K)->24606K(24896K) Class: 5412K(5632K)->5412K(5632K)
[6794.402s][info][gc             ] GC(1168) Pause Young (Normal) (G1 Evacuation Pause) 6879M->2379M(8192M) 159.149ms
[6794.402s][info][gc,cpu         ] GC(1168) User=1.27s Sys=0.00s Real=0.16s
...[6797.506s][info][gc,start       ] GC(1169) Pause Young (Normal) (G1 Evacuation Pause)
[6797.507s][info][gc,task        ] GC(1169) Using 8 workers of 8 for evacuation
[6797.656s][info][gc,phases      ] GC(1169)   Pre Evacuate Collection Set: 0.22ms
[6797.656s][info][gc,phases      ] GC(1169)   Merge Heap Roots: 0.58ms
[6797.656s][info][gc,phases      ] GC(1169)   Evacuate Collection Set: 147.17ms
[6797.656s][info][gc,phases      ] GC(1169)   Post Evacuate Collection Set: 1.00ms
[6797.656s][info][gc,phases      ] GC(1169)   Other: 0.06ms
[6797.656s][info][gc,heap        ] GC(1169) Eden regions: 570->0(571)
[6797.656s][info][gc,heap        ] GC(1169) Survivor regions: 44->43(77)
[6797.656s][info][gc,heap        ] GC(1169) Old regions: 223->230
[6797.656s][info][gc,heap        ] GC(1169) Humongous regions: 33->33
[6797.656s][info][gc,metaspace   ] GC(1169) Metaspace: 30019K(30528K)->30019K(30528K) NonClass: 24606K(24896K)->24606K(24896K) Class: 5412K(5632K)->5412K(5632K)
[6797.656s][info][gc             ] GC(1169) Pause Young (Normal) (G1 Evacuation Pause) 6939M->2423M(8192M) 149.172ms
[6797.656s][info][gc,cpu         ] GC(1169) User=1.18s Sys=0.00s Real=0.15s
... (rIR:aIR:PR = 11761:11814:11813) (tPR = 175451) [OK] 
  6799s: Performance info:
         Transaction,    Success,    Partial,     Failed,   Receipts, AvgBarcode, 
             Overall,     710934,          0,          0,     675273,      59.48, 
         Response times:
             Request,    Success,    Partial,     Failed,   SkipFail,     Probes,    Samples,      min,      p50,      p90,      p95,      p99,      max, 
       TotalPurchase,     675297,          0,          0,          0,     349091,     545983,      300,    15000,   129000,   212000,   351000,  5000000,
     InStorePurchase,     356874,          0,          0,          0,     182886,     286572,      300,    14900,   128000,   215000,   352000,  5000000,
      OnlinePurchase,     248489,          0,          0,          0,     128706,     200970,      300,    15000,   129000,   210000,   347000,  5000000,
        InstPurchase,      69934,          0,          0,          0,      37499,      58441,      400,    15200,   129000,   213900,   363000,  5000000,
          AssocOfCat,        711,          0,          0,          0,        589,       1066,    34000,    77000,   211300,   306650,   393640,   507000,
      AssocOfProduct,       7035,          0,          0,          0,       4240,       6807,      700,    16100,   130000,   216000,   353840,   870000,
      BusinessReport,       1773,          0,          0,          0,       1537,       2579,    37000,    84000,   221000,   284000,   415600,   930000,
          CustBuyBeh,       7162,          0,          0,          0,       4293,       6963,      200,    14300,   122600,   211000,   357000,  1700000,
       ProductReturn,      19005,          0,          0,          0,       9763,      15409,      300,    14800,   125000,   204000,   345000,  3500000,

  6799s: (86%)   IR =  11900 [6800.629s][info][gc,start       ] GC(1170) Pause Young (Normal) (G1 Evacuation Pause)
[6800.629s][info][gc,task        ] GC(1170) Using 8 workers of 8 for evacuation
[6800.778s][info][gc,phases      ] GC(1170)   Pre Evacuate Collection Set: 0.23ms
[6800.778s][info][gc,phases      ] GC(1170)   Merge Heap Roots: 0.51ms
[6800.778s][info][gc,phases      ] GC(1170)   Evacuate Collection Set: 147.06ms
[6800.778s][info][gc,phases      ] GC(1170)   Post Evacuate Collection Set: 1.03ms
[6800.778s][info][gc,phases      ] GC(1170)   Other: 0.06ms
[6800.778s][info][gc,heap        ] GC(1170) Eden regions: 571->0(571)
[6800.778s][info][gc,heap        ] GC(1170) Survivor regions: 43->43(77)
[6800.778s][info][gc,heap        ] GC(1170) Old regions: 230->237
[6800.778s][info][gc,heap        ] GC(1170) Humongous regions: 33->33
[6800.778s][info][gc,metaspace   ] GC(1170) Metaspace: 30019K(30528K)->30019K(30528K) NonClass: 24606K(24896K)->24606K(24896K) Class: 5412K(5632K)->5412K(5632K)
[6800.778s][info][gc             ] GC(1170) Pause Young (Normal) (G1 Evacuation Pause) 6991M->2479M(8192M) 149.041ms
[6800.778s][info][gc,cpu         ] GC(1170) User=1.18s Sys=0.00s Real=0.15s
....[6803.845s][info][gc,start       ] GC(1171) Pause Young (Normal) (G1 Evacuation Pause)
[6803.845s][info][gc,task        ] GC(1171) Using 8 workers of 8 for evacuation
[6803.996s][info][gc,phases      ] GC(1171)   Pre Evacuate Collection Set: 0.26ms
[6803.996s][info][gc,phases      ] GC(1171)   Merge Heap Roots: 0.51ms
[6803.996s][info][gc,phases      ] GC(1171)   Evacuate Collection Set: 149.14ms
[6803.996s][info][gc,phases      ] GC(1171)   Post Evacuate Collection Set: 1.03ms
[6803.996s][info][gc,phases      ] GC(1171)   Other: 0.06ms
[6803.996s][info][gc,heap        ] GC(1171) Eden regions: 571->0(570)
[6803.996s][info][gc,heap        ] GC(1171) Survivor regions: 43->44(77)
[6803.996s][info][gc,heap        ] GC(1171) Old regions: 237->244
[6803.996s][info][gc,heap        ] GC(1171) Humongous regions: 33->33
[6803.996s][info][gc,metaspace   ] GC(1171) Metaspace: 30019K(30528K)->30019K(30528K) NonClass: 24606K(24896K)->24606K(24896K) Class: 5412K(5632K)->5412K(5632K)
[6803.996s][info][gc             ] GC(1171) Pause Young (Normal) (G1 Evacuation Pause) 7047M->2543M(8192M) 151.135ms
[6803.996s][info][gc,cpu         ] GC(1171) User=1.19s Sys=0.00s Real=0.15s
...[6806.960s][info][gc,start       ] GC(1172) Pause Young (Normal) (G1 Evacuation Pause)
[6806.960s][info][gc,task        ] GC(1172) Using 8 workers of 8 for evacuation
[6807.113s][info][gc,phases      ] GC(1172)   Pre Evacuate Collection Set: 0.22ms
[6807.113s][info][gc,phases      ] GC(1172)   Merge Heap Roots: 0.51ms
[6807.113s][info][gc,phases      ] GC(1172)   Evacuate Collection Set: 151.23ms
[6807.113s][info][gc,phases      ] GC(1172)   Post Evacuate Collection Set: 1.03ms
[6807.113s][info][gc,phases      ] GC(1172)   Other: 0.06ms
[6807.113s][info][gc,heap        ] GC(1172) Eden regions: 570->0(571)
[6807.113s][info][gc,heap        ] GC(1172) Survivor regions: 44->43(77)
[6807.113s][info][gc,heap        ] GC(1172) Old regions: 244->251
[6807.113s][info][gc,heap        ] GC(1172) Humongous regions: 33->33
[6807.113s][info][gc,metaspace   ] GC(1172) Metaspace: 30019K(30528K)->30019K(30528K) NonClass: 24606K(24896K)->24606K(24896K) Class: 5412K(5632K)->5412K(5632K)
[6807.113s][info][gc             ] GC(1172) Pause Young (Normal) (G1 Evacuation Pause) 7103M->2597M(8192M) 153.193ms
[6807.114s][info][gc,cpu         ] GC(1172) User=1.21s Sys=0.00s Real=0.16s
...[6810.152s][info][gc,start       ] GC(1173) Pause Young (Normal) (G1 Evacuation Pause)
[6810.152s][info][gc,task        ] GC(1173) Using 8 workers of 8 for evacuation
[6810.305s][info][gc,phases      ] GC(1173)   Pre Evacuate Collection Set: 0.24ms
[6810.305s][info][gc,phases      ] GC(1173)   Merge Heap Roots: 0.54ms
[6810.305s][info][gc,phases      ] GC(1173)   Evacuate Collection Set: 151.09ms
[6810.305s][info][gc,phases      ] GC(1173)   Post Evacuate Collection Set: 1.05ms
[6810.305s][info][gc,phases      ] GC(1173)   Other: 0.06ms
[6810.305s][info][gc,heap        ] GC(1173) Eden regions: 571->0(570)
[6810.305s][info][gc,heap        ] GC(1173) Survivor regions: 43->44(77)
[6810.305s][info][gc,heap        ] GC(1173) Old regions: 251->258
[6810.305s][info][gc,heap        ] GC(1173) Humongous regions: 33->33
[6810.305s][info][gc,metaspace   ] GC(1173) Metaspace: 30019K(30528K)->30019K(30528K) NonClass: 24606K(24896K)->24606K(24896K) Class: 5412K(5632K)->5412K(5632K)
[6810.305s][info][gc             ] GC(1173) Pause Young (Normal) (G1 Evacuation Pause) 7165M->2658M(8192M) 153.147ms
[6810.305s][info][gc,cpu         ] GC(1173) User=1.21s Sys=0.01s Real=0.16s
...[6813.349s][info][gc,start       ] GC(1174) Pause Young (Normal) (G1 Evacuation Pause)
[6813.349s][info][gc,task        ] GC(1174) Using 8 workers of 8 for evacuation
[6813.499s][info][gc,phases      ] GC(1174)   Pre Evacuate Collection Set: 0.21ms
[6813.499s][info][gc,phases      ] GC(1174)   Merge Heap Roots: 0.52ms
[6813.499s][info][gc,phases      ] GC(1174)   Evacuate Collection Set: 148.80ms
[6813.499s][info][gc,phases      ] GC(1174)   Post Evacuate Collection Set: 1.02ms
[6813.499s][info][gc,phases      ] GC(1174)   Other: 0.06ms
[6813.499s][info][gc,heap        ] GC(1174) Eden regions: 570->0(571)
[6813.499s][info][gc,heap        ] GC(1174) Survivor regions: 44->43(77)
[6813.499s][info][gc,heap        ] GC(1174) Old regions: 258->265
[6813.499s][info][gc,heap        ] GC(1174) Humongous regions: 33->33
[6813.499s][info][gc,metaspace   ] GC(1174) Metaspace: 30019K(30528K)->30019K(30528K) NonClass: 24606K(24896K)->24606K(24896K) Class: 5412K(5632K)->5412K(5632K)
[6813.499s][info][gc             ] GC(1174) Pause Young (Normal) (G1 Evacuation Pause) 7218M->2708M(8192M) 150.739ms
[6813.499s][info][gc,cpu         ] GC(1174) User=1.19s Sys=0.00s Real=0.15s
...[6816.738s][info][gc,start       ] GC(1175) Pause Young (Normal) (G1 Evacuation Pause)
[6816.738s][info][gc,task        ] GC(1175) Using 8 workers of 8 for evacuation
[6816.892s][info][gc,phases      ] GC(1175)   Pre Evacuate Collection Set: 0.24ms
[6816.892s][info][gc,phases      ] GC(1175)   Merge Heap Roots: 0.49ms
[6816.892s][info][gc,phases      ] GC(1175)   Evacuate Collection Set: 152.40ms
[6816.892s][info][gc,phases      ] GC(1175)   Post Evacuate Collection Set: 0.99ms
[6816.892s][info][gc,phases      ] GC(1175)   Other: 0.07ms
[6816.892s][info][gc,heap        ] GC(1175) Eden regions: 571->0(571)
[6816.892s][info][gc,heap        ] GC(1175) Survivor regions: 43->43(77)
[6816.892s][info][gc,heap        ] GC(1175) Old regions: 265->273
[6816.892s][info][gc,heap        ] GC(1175) Humongous regions: 33->33
[6816.892s][info][gc,metaspace   ] GC(1175) Metaspace: 30019K(30528K)->30019K(30528K) NonClass: 24606K(24896K)->24606K(24896K) Class: 5412K(5632K)->5412K(5632K)
[6816.892s][info][gc             ] GC(1175) Pause Young (Normal) (G1 Evacuation Pause) 7276M->2772M(8192M) 154.332ms
[6816.892s][info][gc,cpu         ] GC(1175) User=1.23s Sys=0.00s Real=0.15s
..|..[6819.936s][info][gc,start       ] GC(1176) Pause Young (Normal) (G1 Evacuation Pause)
[6819.936s][info][gc,task        ] GC(1176) Using 8 workers of 8 for evacuation
[6820.090s][info][gc,phases      ] GC(1176)   Pre Evacuate Collection Set: 0.23ms
[6820.090s][info][gc,phases      ] GC(1176)   Merge Heap Roots: 0.51ms
[6820.090s][info][gc,phases      ] GC(1176)   Evacuate Collection Set: 151.32ms
[6820.090s][info][gc,phases      ] GC(1176)   Post Evacuate Collection Set: 0.97ms
[6820.090s][info][gc,phases      ] GC(1176)   Other: 0.06ms
[6820.090s][info][gc,heap        ] GC(1176) Eden regions: 571->0(571)
[6820.090s][info][gc,heap        ] GC(1176) Survivor regions: 43->43(77)
[6820.090s][info][gc,heap        ] GC(1176) Old regions: 273->280
[6820.090s][info][gc,heap        ] GC(1176) Humongous regions: 33->33
[6820.090s][info][gc,metaspace   ] GC(1176) Metaspace: 30019K(30528K)->30019K(30528K) NonClass: 24606K(24896K)->24606K(24896K) Class: 5412K(5632K)->5412K(5632K)
[6820.090s][info][gc             ] GC(1176) Pause Young (Normal) (G1 Evacuation Pause) 7340M->2830M(8192M) 153.215ms
[6820.090s][info][gc,cpu         ] GC(1176) User=1.22s Sys=0.00s Real=0.15s
...[6823.253s][info][gc,start       ] GC(1177) Pause Young (Normal) (G1 Evacuation Pause)
[6823.253s][info][gc,task        ] GC(1177) Using 8 workers of 8 for evacuation
[6823.409s][info][gc,phases      ] GC(1177)   Pre Evacuate Collection Set: 0.25ms
[6823.409s][info][gc,phases      ] GC(1177)   Merge Heap Roots: 0.52ms
[6823.409s][info][gc,phases      ] GC(1177)   Evacuate Collection Set: 154.35ms
[6823.409s][info][gc,phases      ] GC(1177)   Post Evacuate Collection Set: 1.03ms
[6823.409s][info][gc,phases      ] GC(1177)   Other: 0.06ms
[6823.409s][info][gc,heap        ] GC(1177) Eden regions: 571->0(564)
[6823.409s][info][gc,heap        ] GC(1177) Survivor regions: 43->44(77)
[6823.409s][info][gc,heap        ] GC(1177) Old regions: 280->287
[6823.409s][info][gc,heap        ] GC(1177) Humongous regions: 33->33
[6823.409s][info][gc,metaspace   ] GC(1177) Metaspace: 30019K(30528K)->30019K(30528K) NonClass: 24606K(24896K)->24606K(24896K) Class: 5412K(5632K)->5412K(5632K)
[6823.409s][info][gc             ] GC(1177) Pause Young (Normal) (G1 Evacuation Pause) 7398M->2895M(8192M) 156.363ms
[6823.409s][info][gc,cpu         ] GC(1177) User=1.24s Sys=0.00s Real=0.16s
...[6826.484s][info][gc,start       ] GC(1178) Pause Young (Normal) (G1 Evacuation Pause)
[6826.484s][info][gc,task        ] GC(1178) Using 8 workers of 8 for evacuation
[6826.632s][info][gc,phases      ] GC(1178)   Pre Evacuate Collection Set: 0.22ms
[6826.632s][info][gc,phases      ] GC(1178)   Merge Heap Roots: 0.50ms
[6826.632s][info][gc,phases      ] GC(1178)   Evacuate Collection Set: 145.56ms
[6826.632s][info][gc,phases      ] GC(1178)   Post Evacuate Collection Set: 1.03ms
[6826.632s][info][gc,phases      ] GC(1178)   Other: 0.06ms
[6826.632s][info][gc,heap        ] GC(1178) Eden regions: 564->0(559)
[6826.632s][info][gc,heap        ] GC(1178) Survivor regions: 44->43(76)
[6826.632s][info][gc,heap        ] GC(1178) Old regions: 287->294
[6826.632s][info][gc,heap        ] GC(1178) Humongous regions: 33->33
[6826.632s][info][gc,metaspace   ] GC(1178) Metaspace: 30019K(30528K)->30019K(30528K) NonClass: 24606K(24896K)->24606K(24896K) Class: 5412K(5632K)->5412K(5632K)
[6826.632s][info][gc             ] GC(1178) Pause Young (Normal) (G1 Evacuation Pause) 7407M->2943M(8192M) 147.506ms
[6826.632s][info][gc,cpu         ] GC(1178) User=1.17s Sys=0.00s Real=0.14s
...[6829.673s][info][gc,start       ] GC(1179) Pause Young (Normal) (G1 Evacuation Pause)
[6829.673s][info][gc,task        ] GC(1179) Using 8 workers of 8 for evacuation
[6829.831s][info][gc,phases      ] GC(1179)   Pre Evacuate Collection Set: 0.25ms
[6829.831s][info][gc,phases      ] GC(1179)   Merge Heap Roots: 0.52ms
[6829.831s][info][gc,phases      ] GC(1179)   Evacuate Collection Set: 155.75ms
[6829.831s][info][gc,phases      ] GC(1179)   Post Evacuate Collection Set: 0.99ms
[6829.831s][info][gc,phases      ] GC(1179)   Other: 0.06ms
[6829.831s][info][gc,heap        ] GC(1179) Eden regions: 559->0(551)
[6829.831s][info][gc,heap        ] GC(1179) Survivor regions: 43->43(76)
[6829.831s][info][gc,heap        ] GC(1179) Old regions: 294->302
[6829.831s][info][gc,heap        ] GC(1179) Humongous regions: 33->33
[6829.831s][info][gc,metaspace   ] GC(1179) Metaspace: 30019K(30528K)->30019K(30528K) NonClass: 24606K(24896K)->24606K(24896K) Class: 5412K(5632K)->5412K(5632K)
[6829.831s][info][gc             ] GC(1179) Pause Young (Normal) (G1 Evacuation Pause) 7415M->3004M(8192M) 157.718ms
[6829.831s][info][gc,cpu         ] GC(1179) User=1.25s Sys=0.00s Real=0.16s
...[6832.747s][info][gc,start       ] GC(1180) Pause Young (Concurrent Start) (G1 Evacuation Pause)
[6832.747s][info][gc,task        ] GC(1180) Using 8 workers of 8 for evacuation
[6832.901s][info][gc,phases      ] GC(1180)   Pre Evacuate Collection Set: 0.26ms
[6832.901s][info][gc,phases      ] GC(1180)   Merge Heap Roots: 0.48ms
[6832.901s][info][gc,phases      ] GC(1180)   Evacuate Collection Set: 151.92ms
[6832.901s][info][gc,phases      ] GC(1180)   Post Evacuate Collection Set: 0.99ms
[6832.901s][info][gc,phases      ] GC(1180)   Other: 0.10ms
[6832.901s][info][gc,heap        ] GC(1180) Eden regions: 551->0(544)
[6832.901s][info][gc,heap        ] GC(1180) Survivor regions: 43->43(75)
[6832.901s][info][gc,heap        ] GC(1180) Old regions: 302->309
[6832.901s][info][gc,heap        ] GC(1180) Humongous regions: 33->33
[6832.901s][info][gc,metaspace   ] GC(1180) Metaspace: 30019K(30528K)->30019K(30528K) NonClass: 24606K(24896K)->24606K(24896K) Class: 5412K(5632K)->5412K(5632K)
[6832.901s][info][gc             ] GC(1180) Pause Young (Concurrent Start) (G1 Evacuation Pause) 7412M->3063M(8192M) 153.896ms
[6832.901s][info][gc             ] GC(1181) Concurrent Mark Cycle
[6832.901s][info][gc,marking     ] GC(1181) Concurrent Scan Root Regions
[6832.901s][info][gc,cpu         ] GC(1180) User=1.22s Sys=0.00s Real=0.15s
.[6833.200s][info][gc,marking     ] GC(1181) Concurrent Scan Root Regions 298.316ms
[6833.200s][info][gc,marking     ] GC(1181) Concurrent Mark
[6833.200s][info][gc,marking     ] GC(1181) Concurrent Mark From Roots
[6833.200s][info][gc,task        ] GC(1181) Using 2 workers of 2 for marking
.[6834.373s][info][gc,marking     ] GC(1181) Concurrent Mark From Roots 1173.438ms
[6834.373s][info][gc,marking     ] GC(1181) Concurrent Preclean
[6834.373s][info][gc,marking     ] GC(1181) Concurrent Preclean 0.109ms
[6834.373s][info][gc,start       ] GC(1181) Pause Remark
[6834.376s][info][gc             ] GC(1181) Pause Remark 4744M->4232M(8192M) 2.219ms
[6834.376s][info][gc,cpu         ] GC(1181) User=0.01s Sys=0.00s Real=0.00s
[6834.376s][info][gc,marking     ] GC(1181) Concurrent Mark 1176.085ms
[6834.376s][info][gc,marking     ] GC(1181) Concurrent Rebuild Remembered Sets and Scrub Regions
.[6835.254s][info][gc,marking     ] GC(1181) Concurrent Rebuild Remembered Sets and Scrub Regions 878.463ms
[6835.254s][info][gc,start       ] GC(1181) Pause Cleanup
[6835.255s][info][gc             ] GC(1181) Pause Cleanup 5403M->5403M(8192M) 0.268ms
[6835.255s][info][gc,cpu         ] GC(1181) User=0.00s Sys=0.00s Real=0.00s
[6835.255s][info][gc,marking     ] GC(1181) Concurrent Clear Claimed Marks
[6835.255s][info][gc,marking     ] GC(1181) Concurrent Clear Claimed Marks 0.053ms
[6835.255s][info][gc,marking     ] GC(1181) Concurrent Cleanup for Next Mark
[6835.266s][info][gc,marking     ] GC(1181) Concurrent Cleanup for Next Mark 11.292ms
[6835.266s][info][gc             ] GC(1181) Concurrent Mark Cycle 2364.907ms
.[6836.185s][info][gc,start       ] GC(1182) Pause Young (Prepare Mixed) (G1 Evacuation Pause)
[6836.185s][info][gc,task        ] GC(1182) Using 8 workers of 8 for evacuation
[6836.334s][info][gc,phases      ] GC(1182)   Pre Evacuate Collection Set: 0.25ms
[6836.334s][info][gc,phases      ] GC(1182)   Merge Heap Roots: 0.76ms
[6836.334s][info][gc,phases      ] GC(1182)   Evacuate Collection Set: 146.44ms
[6836.334s][info][gc,phases      ] GC(1182)   Post Evacuate Collection Set: 1.10ms
[6836.334s][info][gc,phases      ] GC(1182)   Other: 0.07ms
[6836.334s][info][gc,heap        ] GC(1182) Eden regions: 544->0(572)
[6836.334s][info][gc,heap        ] GC(1182) Survivor regions: 43->42(74)
[6836.334s][info][gc,heap        ] GC(1182) Old regions: 245->252
[6836.334s][info][gc,heap        ] GC(1182) Humongous regions: 33->33
[6836.334s][info][gc,metaspace   ] GC(1182) Metaspace: 30019K(30528K)->30019K(30528K) NonClass: 24606K(24896K)->24606K(24896K) Class: 5412K(5632K)->5412K(5632K)
[6836.334s][info][gc             ] GC(1182) Pause Young (Prepare Mixed) (G1 Evacuation Pause) 6903M->2598M(8192M) 148.741ms
[6836.334s][info][gc,cpu         ] GC(1182) User=1.18s Sys=0.00s Real=0.15s
...[6839.196s][info][gc,start       ] GC(1183) Pause Young (Mixed) (G1 Evacuation Pause)
[6839.196s][info][gc,task        ] GC(1183) Using 8 workers of 8 for evacuation
[6839.353s][info][gc,phases      ] GC(1183)   Pre Evacuate Collection Set: 0.25ms
[6839.353s][info][gc,phases      ] GC(1183)   Merge Heap Roots: 0.79ms
[6839.353s][info][gc,phases      ] GC(1183)   Evacuate Collection Set: 155.19ms
[6839.353s][info][gc,phases      ] GC(1183)   Post Evacuate Collection Set: 1.25ms
[6839.354s][info][gc,phases      ] GC(1183)   Other: 0.08ms
[6839.354s][info][gc,heap        ] GC(1183) Eden regions: 572->0(572)
[6839.354s][info][gc,heap        ] GC(1183) Survivor regions: 42->42(77)
[6839.354s][info][gc,heap        ] GC(1183) Old regions: 252->158
[6839.354s][info][gc,heap        ] GC(1183) Humongous regions: 33->33
[6839.354s][info][gc,metaspace   ] GC(1183) Metaspace: 30019K(30528K)->30019K(30528K) NonClass: 24606K(24896K)->24606K(24896K) Class: 5412K(5632K)->5412K(5632K)
[6839.354s][info][gc             ] GC(1183) Pause Young (Mixed) (G1 Evacuation Pause) 7174M->1848M(8192M) 157.702ms
[6839.354s][info][gc,cpu         ] GC(1183) User=1.24s Sys=0.00s Real=0.16s
...[6842.330s][info][gc,start       ] GC(1184) Pause Young (Mixed) (G1 Evacuation Pause)
[6842.330s][info][gc,task        ] GC(1184) Using 8 workers of 8 for evacuation
[6842.492s][info][gc,phases      ] GC(1184)   Pre Evacuate Collection Set: 0.23ms
[6842.492s][info][gc,phases      ] GC(1184)   Merge Heap Roots: 0.79ms
[6842.492s][info][gc,phases      ] GC(1184)   Evacuate Collection Set: 160.17ms
[6842.492s][info][gc,phases      ] GC(1184)   Post Evacuate Collection Set: 1.06ms
[6842.492s][info][gc,phases      ] GC(1184)   Other: 0.06ms
[6842.492s][info][gc,heap        ] GC(1184) Eden regions: 572->0(570)
[6842.492s][info][gc,heap        ] GC(1184) Survivor regions: 42->44(77)
[6842.492s][info][gc,heap        ] GC(1184) Old regions: 158->144
[6842.492s][info][gc,heap        ] GC(1184) Humongous regions: 33->33
[6842.492s][info][gc,metaspace   ] GC(1184) Metaspace: 30019K(30528K)->30019K(30528K) NonClass: 24606K(24896K)->24606K(24896K) Class: 5412K(5632K)->5412K(5632K)
[6842.492s][info][gc             ] GC(1184) Pause Young (Mixed) (G1 Evacuation Pause) 6424M->1749M(8192M) 162.433ms
[6842.493s][info][gc,cpu         ] GC(1184) User=1.28s Sys=0.00s Real=0.16s
...[6845.660s][info][gc,start       ] GC(1185) Pause Young (Normal) (G1 Evacuation Pause)
[6845.660s][info][gc,task        ] GC(1185) Using 8 workers of 8 for evacuation
[6845.817s][info][gc,phases      ] GC(1185)   Pre Evacuate Collection Set: 0.25ms
[6845.817s][info][gc,phases      ] GC(1185)   Merge Heap Roots: 0.59ms
[6845.817s][info][gc,phases      ] GC(1185)   Evacuate Collection Set: 154.74ms
[6845.817s][info][gc,phases      ] GC(1185)   Post Evacuate Collection Set: 1.00ms
[6845.817s][info][gc,phases      ] GC(1185)   Other: 0.07ms
[6845.817s][info][gc,heap        ] GC(1185) Eden regions: 570->0(570)
[6845.817s][info][gc,heap        ] GC(1185) Survivor regions: 44->44(77)
[6845.817s][info][gc,heap        ] GC(1185) Old regions: 144->151
[6845.817s][info][gc,heap        ] GC(1185) Humongous regions: 33->33
[6845.817s][info][gc,metaspace   ] GC(1185) Metaspace: 30019K(30528K)->30019K(30528K) NonClass: 24606K(24896K)->24606K(24896K) Class: 5412K(5632K)->5412K(5632K)
[6845.817s][info][gc             ] GC(1185) Pause Young (Normal) (G1 Evacuation Pause) 6309M->1808M(8192M) 156.778ms
[6845.817s][info][gc,cpu         ] GC(1185) User=1.25s Sys=0.00s Real=0.16s
...[6848.765s][info][gc,start       ] GC(1186) Pause Young (Normal) (G1 Evacuation Pause)
[6848.765s][info][gc,task        ] GC(1186) Using 8 workers of 8 for evacuation
[6848.919s][info][gc,phases      ] GC(1186)   Pre Evacuate Collection Set: 0.21ms
[6848.919s][info][gc,phases      ] GC(1186)   Merge Heap Roots: 0.50ms
[6848.919s][info][gc,phases      ] GC(1186)   Evacuate Collection Set: 152.24ms
[6848.919s][info][gc,phases      ] GC(1186)   Post Evacuate Collection Set: 1.01ms
[6848.919s][info][gc,phases      ] GC(1186)   Other: 0.06ms
[6848.919s][info][gc,heap        ] GC(1186) Eden regions: 570->0(571)
[6848.919s][info][gc,heap        ] GC(1186) Survivor regions: 44->43(77)
[6848.919s][info][gc,heap        ] GC(1186) Old regions: 151->159
[6848.919s][info][gc,heap        ] GC(1186) Humongous regions: 33->33
[6848.919s][info][gc,metaspace   ] GC(1186) Metaspace: 30019K(30528K)->30019K(30528K) NonClass: 24606K(24896K)->24606K(24896K) Class: 5412K(5632K)->5412K(5632K)
[6848.919s][info][gc             ] GC(1186) Pause Young (Normal) (G1 Evacuation Pause) 6368M->1859M(8192M) 154.158ms
[6848.919s][info][gc,cpu         ] GC(1186) User=1.22s Sys=0.00s Real=0.15s
....[6852.038s][info][gc,start       ] GC(1187) Pause Young (Normal) (G1 Evacuation Pause)
[6852.038s][info][gc,task        ] GC(1187) Using 8 workers of 8 for evacuation
[6852.193s][info][gc,phases      ] GC(1187)   Pre Evacuate Collection Set: 0.23ms
[6852.193s][info][gc,phases      ] GC(1187)   Merge Heap Roots: 0.51ms
[6852.193s][info][gc,phases      ] GC(1187)   Evacuate Collection Set: 153.79ms
[6852.193s][info][gc,phases      ] GC(1187)   Post Evacuate Collection Set: 1.04ms
[6852.193s][info][gc,phases      ] GC(1187)   Other: 0.06ms
[6852.193s][info][gc,heap        ] GC(1187) Eden regions: 571->0(570)
[6852.193s][info][gc,heap        ] GC(1187) Survivor regions: 43->44(77)
[6852.193s][info][gc,heap        ] GC(1187) Old regions: 159->166
[6852.193s][info][gc,heap        ] GC(1187) Humongous regions: 33->33
[6852.193s][info][gc,metaspace   ] GC(1187) Metaspace: 30019K(30528K)->30019K(30528K) NonClass: 24606K(24896K)->24606K(24896K) Class: 5412K(5632K)->5412K(5632K)
[6852.193s][info][gc             ] GC(1187) Pause Young (Normal) (G1 Evacuation Pause) 6427M->1923M(8192M) 155.759ms
[6852.193s][info][gc,cpu         ] GC(1187) User=1.23s Sys=0.00s Real=0.16s
...[6855.335s][info][gc,start       ] GC(1188) Pause Young (Normal) (G1 Evacuation Pause)
[6855.335s][info][gc,task        ] GC(1188) Using 8 workers of 8 for evacuation
[6855.484s][info][gc,phases      ] GC(1188)   Pre Evacuate Collection Set: 0.23ms
[6855.484s][info][gc,phases      ] GC(1188)   Merge Heap Roots: 0.52ms
[6855.484s][info][gc,phases      ] GC(1188)   Evacuate Collection Set: 146.90ms
[6855.484s][info][gc,phases      ] GC(1188)   Post Evacuate Collection Set: 1.03ms
[6855.484s][info][gc,phases      ] GC(1188)   Other: 0.06ms
[6855.484s][info][gc,heap        ] GC(1188) Eden regions: 570->0(571)
[6855.484s][info][gc,heap        ] GC(1188) Survivor regions: 44->43(77)
[6855.484s][info][gc,heap        ] GC(1188) Old regions: 166->173
[6855.484s][info][gc,heap        ] GC(1188) Humongous regions: 33->33
[6855.484s][info][gc,metaspace   ] GC(1188) Metaspace: 30019K(30528K)->30019K(30528K) NonClass: 24606K(24896K)->24606K(24896K) Class: 5412K(5632K)->5412K(5632K)
[6855.484s][info][gc             ] GC(1188) Pause Young (Normal) (G1 Evacuation Pause) 6483M->1967M(8192M) 148.867ms
[6855.484s][info][gc,cpu         ] GC(1188) User=1.18s Sys=0.00s Real=0.15s
...[6858.598s][info][gc,start       ] GC(1189) Pause Young (Normal) (G1 Evacuation Pause)
[6858.598s][info][gc,task        ] GC(1189) Using 8 workers of 8 for evacuation
[6858.754s][info][gc,phases      ] GC(1189)   Pre Evacuate Collection Set: 0.23ms
[6858.754s][info][gc,phases      ] GC(1189)   Merge Heap Roots: 0.50ms
[6858.754s][info][gc,phases      ] GC(1189)   Evacuate Collection Set: 153.61ms
[6858.754s][info][gc,phases      ] GC(1189)   Post Evacuate Collection Set: 1.05ms
[6858.754s][info][gc,phases      ] GC(1189)   Other: 0.07ms
[6858.754s][info][gc,heap        ] GC(1189) Eden regions: 571->0(571)
[6858.754s][info][gc,heap        ] GC(1189) Survivor regions: 43->43(77)
[6858.754s][info][gc,heap        ] GC(1189) Old regions: 173->180
[6858.754s][info][gc,heap        ] GC(1189) Humongous regions: 33->33
[6858.754s][info][gc,metaspace   ] GC(1189) Metaspace: 30019K(30528K)->30019K(30528K) NonClass: 24606K(24896K)->24606K(24896K) Class: 5412K(5632K)->5412K(5632K)
[6858.754s][info][gc             ] GC(1189) Pause Young (Normal) (G1 Evacuation Pause) 6535M->2028M(8192M) 155.577ms
[6858.754s][info][gc,cpu         ] GC(1189) User=1.22s Sys=0.00s Real=0.16s
...[6861.766s][info][gc,start       ] GC(1190) Pause Young (Normal) (G1 Evacuation Pause)
[6861.766s][info][gc,task        ] GC(1190) Using 8 workers of 8 for evacuation
[6861.917s][info][gc,phases      ] GC(1190)   Pre Evacuate Collection Set: 0.23ms
[6861.917s][info][gc,phases      ] GC(1190)   Merge Heap Roots: 0.54ms
[6861.917s][info][gc,phases      ] GC(1190)   Evacuate Collection Set: 149.07ms
[6861.917s][info][gc,phases      ] GC(1190)   Post Evacuate Collection Set: 1.03ms
[6861.917s][info][gc,phases      ] GC(1190)   Other: 0.06ms
[6861.917s][info][gc,heap        ] GC(1190) Eden regions: 571->0(570)
[6861.917s][info][gc,heap        ] GC(1190) Survivor regions: 43->44(77)
[6861.917s][info][gc,heap        ] GC(1190) Old regions: 180->187
[6861.917s][info][gc,heap        ] GC(1190) Humongous regions: 33->33
[6861.917s][info][gc,metaspace   ] GC(1190) Metaspace: 30019K(30528K)->30019K(30528K) NonClass: 24606K(24896K)->24606K(24896K) Class: 5412K(5632K)->5412K(5632K)
[6861.917s][info][gc             ] GC(1190) Pause Young (Normal) (G1 Evacuation Pause) 6596M->2089M(8192M) 151.061ms
[6861.917s][info][gc,cpu         ] GC(1190) User=1.20s Sys=0.00s Real=0.15s
....[6865.070s][info][gc,start       ] GC(1191) Pause Young (Normal) (G1 Evacuation Pause)
[6865.070s][info][gc,task        ] GC(1191) Using 8 workers of 8 for evacuation
[6865.219s][info][gc,phases      ] GC(1191)   Pre Evacuate Collection Set: 0.25ms
[6865.219s][info][gc,phases      ] GC(1191)   Merge Heap Roots: 0.52ms
[6865.219s][info][gc,phases      ] GC(1191)   Evacuate Collection Set: 147.77ms
[6865.219s][info][gc,phases      ] GC(1191)   Post Evacuate Collection Set: 1.03ms
[6865.219s][info][gc,phases      ] GC(1191)   Other: 0.06ms
[6865.219s][info][gc,heap        ] GC(1191) Eden regions: 570->0(570)
[6865.219s][info][gc,heap        ] GC(1191) Survivor regions: 44->44(77)
[6865.219s][info][gc,heap        ] GC(1191) Old regions: 187->194
[6865.219s][info][gc,heap        ] GC(1191) Humongous regions: 33->33
[6865.219s][info][gc,metaspace   ] GC(1191) Metaspace: 30019K(30528K)->30019K(30528K) NonClass: 24606K(24896K)->24606K(24896K) Class: 5412K(5632K)->5412K(5632K)
[6865.219s][info][gc             ] GC(1191) Pause Young (Normal) (G1 Evacuation Pause) 6649M->2147M(8192M) 149.768ms
[6865.219s][info][gc,cpu         ] GC(1191) User=1.18s Sys=0.00s Real=0.15s
...[6868.186s][info][gc,start       ] GC(1192) Pause Young (Normal) (G1 Evacuation Pause)
[6868.186s][info][gc,task        ] GC(1192) Using 8 workers of 8 for evacuation
[6868.340s][info][gc,phases      ] GC(1192)   Pre Evacuate Collection Set: 0.23ms
[6868.340s][info][gc,phases      ] GC(1192)   Merge Heap Roots: 0.54ms
[6868.340s][info][gc,phases      ] GC(1192)   Evacuate Collection Set: 151.93ms
[6868.340s][info][gc,phases      ] GC(1192)   Post Evacuate Collection Set: 1.06ms
[6868.340s][info][gc,phases      ] GC(1192)   Other: 0.06ms
[6868.340s][info][gc,heap        ] GC(1192) Eden regions: 570->0(570)
[6868.340s][info][gc,heap        ] GC(1192) Survivor regions: 44->44(77)
[6868.340s][info][gc,heap        ] GC(1192) Old regions: 194->202
[6868.340s][info][gc,heap        ] GC(1192) Humongous regions: 33->33
[6868.340s][info][gc,metaspace   ] GC(1192) Metaspace: 30019K(30528K)->30019K(30528K) NonClass: 24606K(24896K)->24606K(24896K) Class: 5412K(5632K)->5412K(5632K)
[6868.340s][info][gc             ] GC(1192) Pause Young (Normal) (G1 Evacuation Pause) 6707M->2207M(8192M) 153.950ms
[6868.340s][info][gc,cpu         ] GC(1192) User=1.22s Sys=0.00s Real=0.15s
...[6871.411s][info][gc,start       ] GC(1193) Pause Young (Normal) (G1 Evacuation Pause)
[6871.411s][info][gc,task        ] GC(1193) Using 8 workers of 8 for evacuation
[6871.559s][info][gc,phases      ] GC(1193)   Pre Evacuate Collection Set: 0.22ms
[6871.559s][info][gc,phases      ] GC(1193)   Merge Heap Roots: 0.52ms
[6871.559s][info][gc,phases      ] GC(1193)   Evacuate Collection Set: 145.28ms
[6871.559s][info][gc,phases      ] GC(1193)   Post Evacuate Collection Set: 1.04ms
[6871.559s][info][gc,phases      ] GC(1193)   Other: 0.06ms
[6871.559s][info][gc,heap        ] GC(1193) Eden regions: 570->0(571)
[6871.559s][info][gc,heap        ] GC(1193) Survivor regions: 44->43(77)
[6871.559s][info][gc,heap        ] GC(1193) Old regions: 202->209
[6871.559s][info][gc,heap        ] GC(1193) Humongous regions: 33->33
[6871.559s][info][gc,metaspace   ] GC(1193) Metaspace: 30019K(30528K)->30019K(30528K) NonClass: 24606K(24896K)->24606K(24896K) Class: 5412K(5632K)->5412K(5632K)
[6871.559s][info][gc             ] GC(1193) Pause Young (Normal) (G1 Evacuation Pause) 6767M->2256M(8192M) 147.261ms
[6871.559s][info][gc,cpu         ] GC(1193) User=1.17s Sys=0.00s Real=0.15s
...[6874.565s][info][gc,start       ] GC(1194) Pause Young (Normal) (G1 Evacuation Pause)
[6874.565s][info][gc,task        ] GC(1194) Using 8 workers of 8 for evacuation
[6874.716s][info][gc,phases      ] GC(1194)   Pre Evacuate Collection Set: 0.22ms
[6874.716s][info][gc,phases      ] GC(1194)   Merge Heap Roots: 0.52ms
[6874.716s][info][gc,phases      ] GC(1194)   Evacuate Collection Set: 149.09ms
[6874.716s][info][gc,phases      ] GC(1194)   Post Evacuate Collection Set: 1.03ms
[6874.716s][info][gc,phases      ] GC(1194)   Other: 0.07ms
[6874.716s][info][gc,heap        ] GC(1194) Eden regions: 571->0(571)
[6874.716s][info][gc,heap        ] GC(1194) Survivor regions: 43->43(77)
[6874.716s][info][gc,heap        ] GC(1194) Old regions: 209->216
[6874.716s][info][gc,heap        ] GC(1194) Humongous regions: 33->33
[6874.716s][info][gc,metaspace   ] GC(1194) Metaspace: 30019K(30528K)->30019K(30528K) NonClass: 24606K(24896K)->24606K(24896K) Class: 5412K(5632K)->5412K(5632K)
[6874.716s][info][gc             ] GC(1194) Pause Young (Normal) (G1 Evacuation Pause) 6824M->2316M(8192M) 151.057ms
[6874.716s][info][gc,cpu         ] GC(1194) User=1.19s Sys=0.00s Real=0.15s
...[6877.834s][info][gc,start       ] GC(1195) Pause Young (Normal) (G1 Evacuation Pause)
[6877.834s][info][gc,task        ] GC(1195) Using 8 workers of 8 for evacuation
[6877.987s][info][gc,phases      ] GC(1195)   Pre Evacuate Collection Set: 0.21ms
[6877.987s][info][gc,phases      ] GC(1195)   Merge Heap Roots: 0.50ms
[6877.987s][info][gc,phases      ] GC(1195)   Evacuate Collection Set: 150.94ms
[6877.987s][info][gc,phases      ] GC(1195)   Post Evacuate Collection Set: 1.02ms
[6877.987s][info][gc,phases      ] GC(1195)   Other: 0.07ms
[6877.987s][info][gc,heap        ] GC(1195) Eden regions: 571->0(571)
[6877.987s][info][gc,heap        ] GC(1195) Survivor regions: 43->43(77)
[6877.987s][info][gc,heap        ] GC(1195) Old regions: 216->223
[6877.987s][info][gc,heap        ] GC(1195) Humongous regions: 33->33
[6877.987s][info][gc,metaspace   ] GC(1195) Metaspace: 30019K(30528K)->30019K(30528K) NonClass: 24606K(24896K)->24606K(24896K) Class: 5412K(5632K)->5412K(5632K)
[6877.987s][info][gc             ] GC(1195) Pause Young (Normal) (G1 Evacuation Pause) 6884M->2373M(8192M) 152.895ms
[6877.987s][info][gc,cpu         ] GC(1195) User=1.21s Sys=0.00s Real=0.15s
.. (rIR:aIR:PR = 11900:11797:11792) (tPR = 175416) [OK] 
  6878s: Performance info:
         Transaction,    Success,    Partial,     Failed,   Receipts, AvgBarcode, 
             Overall,     720575,          0,          0,     683912,      59.48, 
         Response times:
             Request,    Success,    Partial,     Failed,   SkipFail,     Probes,    Samples,      min,      p50,      p90,      p95,      p99,      max, 
       TotalPurchase,     684133,          0,          0,          0,     355217,     478513,      300,    15600,    95000,   134000,   278000,  2900000,
     InStorePurchase,     360068,          0,          0,          0,     186528,     251527,      300,    15600,    94000,   133000,   287000,  2000000,
      OnlinePurchase,     251837,          0,          0,          0,     131109,     175892,      300,    15700,    95000,   134000,   270000,  2000000,
        InstPurchase,      72228,          0,          0,          0,      37580,      51094,      400,    15200,    93000,   135250,   282050,  2900000,
          AssocOfCat,        726,          0,          0,          0,        606,        937,    33000,    72000,   141000,   180000,   287860,   388000,
      AssocOfProduct,       7249,          0,          0,          0,       4513,       6310,      600,    15800,    99000,   140000,   277450,  2000000,
      BusinessReport,       1821,          0,          0,          0,       1639,       2373,    35000,    82000,   171000,   220300,   336520,  1200000,
          CustBuyBeh,       7299,          0,          0,          0,       4439,       6169,      300,    15600,    96000,   133000,   287800,  2000000,
       ProductReturn,      19606,          0,          0,          0,      10067,      13722,      200,    15200,    95000,   131000,   295770,  2900000,

  6878s: (87%)   IR =  12038 .[6881.052s][info][gc,start       ] GC(1196) Pause Young (Normal) (G1 Evacuation Pause)
[6881.052s][info][gc,task        ] GC(1196) Using 8 workers of 8 for evacuation
[6881.210s][info][gc,phases      ] GC(1196)   Pre Evacuate Collection Set: 0.21ms
[6881.210s][info][gc,phases      ] GC(1196)   Merge Heap Roots: 0.52ms
[6881.210s][info][gc,phases      ] GC(1196)   Evacuate Collection Set: 155.70ms
[6881.210s][info][gc,phases      ] GC(1196)   Post Evacuate Collection Set: 1.08ms
[6881.210s][info][gc,phases      ] GC(1196)   Other: 0.06ms
[6881.210s][info][gc,heap        ] GC(1196) Eden regions: 571->0(570)
[6881.210s][info][gc,heap        ] GC(1196) Survivor regions: 43->44(77)
[6881.210s][info][gc,heap        ] GC(1196) Old regions: 223->231
[6881.210s][info][gc,heap        ] GC(1196) Humongous regions: 33->33
[6881.210s][info][gc,metaspace   ] GC(1196) Metaspace: 30019K(30528K)->30019K(30528K) NonClass: 24606K(24896K)->24606K(24896K) Class: 5412K(5632K)->5412K(5632K)
[6881.210s][info][gc             ] GC(1196) Pause Young (Normal) (G1 Evacuation Pause) 6941M->2439M(8192M) 157.718ms
[6881.210s][info][gc,cpu         ] GC(1196) User=1.25s Sys=0.00s Real=0.16s
...[6884.194s][info][gc,start       ] GC(1197) Pause Young (Normal) (G1 Evacuation Pause)
[6884.194s][info][gc,task        ] GC(1197) Using 8 workers of 8 for evacuation
[6884.350s][info][gc,phases      ] GC(1197)   Pre Evacuate Collection Set: 0.22ms
[6884.350s][info][gc,phases      ] GC(1197)   Merge Heap Roots: 0.52ms
[6884.350s][info][gc,phases      ] GC(1197)   Evacuate Collection Set: 154.72ms
[6884.350s][info][gc,phases      ] GC(1197)   Post Evacuate Collection Set: 1.02ms
[6884.350s][info][gc,phases      ] GC(1197)   Other: 0.06ms
[6884.350s][info][gc,heap        ] GC(1197) Eden regions: 570->0(570)
[6884.350s][info][gc,heap        ] GC(1197) Survivor regions: 44->44(77)
[6884.350s][info][gc,heap        ] GC(1197) Old regions: 231->238
[6884.350s][info][gc,heap        ] GC(1197) Humongous regions: 33->33
[6884.350s][info][gc,metaspace   ] GC(1197) Metaspace: 30019K(30528K)->30019K(30528K) NonClass: 24606K(24896K)->24606K(24896K) Class: 5412K(5632K)->5412K(5632K)
[6884.350s][info][gc             ] GC(1197) Pause Young (Normal) (G1 Evacuation Pause) 6999M->2500M(8192M) 156.675ms
[6884.351s][info][gc,cpu         ] GC(1197) User=1.24s Sys=0.00s Real=0.15s
....[6887.374s][info][gc,start       ] GC(1198) Pause Young (Normal) (G1 Evacuation Pause)
[6887.374s][info][gc,task        ] GC(1198) Using 8 workers of 8 for evacuation
[6887.522s][info][gc,phases      ] GC(1198)   Pre Evacuate Collection Set: 0.24ms
[6887.522s][info][gc,phases      ] GC(1198)   Merge Heap Roots: 0.51ms
[6887.522s][info][gc,phases      ] GC(1198)   Evacuate Collection Set: 146.27ms
[6887.522s][info][gc,phases      ] GC(1198)   Post Evacuate Collection Set: 1.04ms
[6887.522s][info][gc,phases      ] GC(1198)   Other: 0.06ms
[6887.522s][info][gc,heap        ] GC(1198) Eden regions: 570->0(571)
[6887.522s][info][gc,heap        ] GC(1198) Survivor regions: 44->43(77)
[6887.522s][info][gc,heap        ] GC(1198) Old regions: 238->245
[6887.522s][info][gc,heap        ] GC(1198) Humongous regions: 33->33
[6887.522s][info][gc,metaspace   ] GC(1198) Metaspace: 30019K(30528K)->30019K(30528K) NonClass: 24606K(24896K)->24606K(24896K) Class: 5412K(5632K)->5412K(5632K)
[6887.522s][info][gc             ] GC(1198) Pause Young (Normal) (G1 Evacuation Pause) 7060M->2546M(8192M) 148.236ms
[6887.522s][info][gc,cpu         ] GC(1198) User=1.17s Sys=0.00s Real=0.14s
...|[6890.555s][info][gc,start       ] GC(1199) Pause Young (Normal) (G1 Evacuation Pause)
[6890.555s][info][gc,task        ] GC(1199) Using 8 workers of 8 for evacuation
[6890.704s][info][gc,phases      ] GC(1199)   Pre Evacuate Collection Set: 0.23ms
[6890.704s][info][gc,phases      ] GC(1199)   Merge Heap Roots: 0.50ms
[6890.704s][info][gc,phases      ] GC(1199)   Evacuate Collection Set: 146.94ms
[6890.704s][info][gc,phases      ] GC(1199)   Post Evacuate Collection Set: 1.02ms
[6890.704s][info][gc,phases      ] GC(1199)   Other: 0.07ms
[6890.704s][info][gc,heap        ] GC(1199) Eden regions: 571->0(571)
[6890.704s][info][gc,heap        ] GC(1199) Survivor regions: 43->43(77)
[6890.704s][info][gc,heap        ] GC(1199) Old regions: 245->252
[6890.704s][info][gc,heap        ] GC(1199) Humongous regions: 33->33
[6890.704s][info][gc,metaspace   ] GC(1199) Metaspace: 30019K(30528K)->30019K(30528K) NonClass: 24606K(24896K)->24606K(24896K) Class: 5412K(5632K)->5412K(5632K)
[6890.704s][info][gc             ] GC(1199) Pause Young (Normal) (G1 Evacuation Pause) 7114M->2604M(8192M) 148.909ms
[6890.704s][info][gc,cpu         ] GC(1199) User=1.17s Sys=0.00s Real=0.15s
...[6893.795s][info][gc,start       ] GC(1200) Pause Young (Normal) (G1 Evacuation Pause)
[6893.795s][info][gc,task        ] GC(1200) Using 8 workers of 8 for evacuation
[6893.950s][info][gc,phases      ] GC(1200)   Pre Evacuate Collection Set: 0.24ms
[6893.950s][info][gc,phases      ] GC(1200)   Merge Heap Roots: 0.55ms
[6893.950s][info][gc,phases      ] GC(1200)   Evacuate Collection Set: 153.52ms
[6893.950s][info][gc,phases      ] GC(1200)   Post Evacuate Collection Set: 1.03ms
[6893.950s][info][gc,phases      ] GC(1200)   Other: 0.06ms
[6893.950s][info][gc,heap        ] GC(1200) Eden regions: 571->0(570)
[6893.950s][info][gc,heap        ] GC(1200) Survivor regions: 43->44(77)
[6893.950s][info][gc,heap        ] GC(1200) Old regions: 252->259
[6893.950s][info][gc,heap        ] GC(1200) Humongous regions: 33->33
[6893.950s][info][gc,metaspace   ] GC(1200) Metaspace: 30019K(30528K)->30019K(30528K) NonClass: 24606K(24896K)->24606K(24896K) Class: 5412K(5632K)->5412K(5632K)
[6893.950s][info][gc             ] GC(1200) Pause Young (Normal) (G1 Evacuation Pause) 7172M->2664M(8192M) 155.533ms
[6893.951s][info][gc,cpu         ] GC(1200) User=1.23s Sys=0.00s Real=0.15s
...[6896.875s][info][gc,start       ] GC(1201) Pause Young (Normal) (G1 Evacuation Pause)
[6896.875s][info][gc,task        ] GC(1201) Using 8 workers of 8 for evacuation
[6897.029s][info][gc,phases      ] GC(1201)   Pre Evacuate Collection Set: 0.23ms
[6897.029s][info][gc,phases      ] GC(1201)   Merge Heap Roots: 0.53ms
[6897.029s][info][gc,phases      ] GC(1201)   Evacuate Collection Set: 152.24ms
[6897.029s][info][gc,phases      ] GC(1201)   Post Evacuate Collection Set: 1.04ms
[6897.029s][info][gc,phases      ] GC(1201)   Other: 0.07ms
[6897.030s][info][gc,heap        ] GC(1201) Eden regions: 570->0(571)
[6897.030s][info][gc,heap        ] GC(1201) Survivor regions: 44->43(77)
[6897.030s][info][gc,heap        ] GC(1201) Old regions: 259->266
[6897.030s][info][gc,heap        ] GC(1201) Humongous regions: 33->33
[6897.030s][info][gc,metaspace   ] GC(1201) Metaspace: 30019K(30528K)->30019K(30528K) NonClass: 24606K(24896K)->24606K(24896K) Class: 5412K(5632K)->5412K(5632K)
[6897.030s][info][gc             ] GC(1201) Pause Young (Normal) (G1 Evacuation Pause) 7224M->2717M(8192M) 154.248ms
[6897.030s][info][gc,cpu         ] GC(1201) User=1.22s Sys=0.00s Real=0.15s
...[6899.946s][info][gc,start       ] GC(1202) Pause Young (Normal) (G1 Evacuation Pause)
[6899.946s][info][gc,task        ] GC(1202) Using 8 workers of 8 for evacuation
[6900.102s][info][gc,phases      ] GC(1202)   Pre Evacuate Collection Set: 0.22ms
[6900.103s][info][gc,phases      ] GC(1202)   Merge Heap Roots: 0.51ms
[6900.103s][info][gc,phases      ] GC(1202)   Evacuate Collection Set: 154.39ms
[6900.103s][info][gc,phases      ] GC(1202)   Post Evacuate Collection Set: 1.02ms
[6900.103s][info][gc,phases      ] GC(1202)   Other: 0.07ms
[6900.103s][info][gc,heap        ] GC(1202) Eden regions: 571->0(570)
[6900.103s][info][gc,heap        ] GC(1202) Survivor regions: 43->44(77)
[6900.103s][info][gc,heap        ] GC(1202) Old regions: 266->273
[6900.103s][info][gc,heap        ] GC(1202) Humongous regions: 33->33
[6900.103s][info][gc,metaspace   ] GC(1202) Metaspace: 30019K(30528K)->30019K(30528K) NonClass: 24606K(24896K)->24606K(24896K) Class: 5412K(5632K)->5412K(5632K)
[6900.103s][info][gc             ] GC(1202) Pause Young (Normal) (G1 Evacuation Pause) 7285M->2782M(8192M) 156.355ms
[6900.103s][info][gc,cpu         ] GC(1202) User=1.24s Sys=0.00s Real=0.15s
...[6903.072s][info][gc,start       ] GC(1203) Pause Young (Normal) (G1 Evacuation Pause)
[6903.072s][info][gc,task        ] GC(1203) Using 8 workers of 8 for evacuation
[6903.228s][info][gc,phases      ] GC(1203)   Pre Evacuate Collection Set: 0.21ms
[6903.228s][info][gc,phases      ] GC(1203)   Merge Heap Roots: 0.51ms
[6903.228s][info][gc,phases      ] GC(1203)   Evacuate Collection Set: 154.36ms
[6903.228s][info][gc,phases      ] GC(1203)   Post Evacuate Collection Set: 1.03ms
[6903.228s][info][gc,phases      ] GC(1203)   Other: 0.06ms
[6903.228s][info][gc,heap        ] GC(1203) Eden regions: 570->0(570)
[6903.228s][info][gc,heap        ] GC(1203) Survivor regions: 44->44(77)
[6903.228s][info][gc,heap        ] GC(1203) Old regions: 273->280
[6903.228s][info][gc,heap        ] GC(1203) Humongous regions: 33->33
[6903.228s][info][gc,metaspace   ] GC(1203) Metaspace: 30019K(30528K)->30019K(30528K) NonClass: 24606K(24896K)->24606K(24896K) Class: 5412K(5632K)->5412K(5632K)
[6903.228s][info][gc             ] GC(1203) Pause Young (Normal) (G1 Evacuation Pause) 7342M->2837M(8192M) 156.298ms
[6903.228s][info][gc,cpu         ] GC(1203) User=1.23s Sys=0.00s Real=0.16s
...[6906.278s][info][gc,start       ] GC(1204) Pause Young (Normal) (G1 Evacuation Pause)
[6906.278s][info][gc,task        ] GC(1204) Using 8 workers of 8 for evacuation
[6906.431s][info][gc,phases      ] GC(1204)   Pre Evacuate Collection Set: 0.23ms
[6906.431s][info][gc,phases      ] GC(1204)   Merge Heap Roots: 0.52ms
[6906.431s][info][gc,phases      ] GC(1204)   Evacuate Collection Set: 151.51ms
[6906.431s][info][gc,phases      ] GC(1204)   Post Evacuate Collection Set: 1.03ms
[6906.431s][info][gc,phases      ] GC(1204)   Other: 0.06ms
[6906.431s][info][gc,heap        ] GC(1204) Eden regions: 570->0(564)
[6906.431s][info][gc,heap        ] GC(1204) Survivor regions: 44->44(77)
[6906.431s][info][gc,heap        ] GC(1204) Old regions: 280->287
[6906.431s][info][gc,heap        ] GC(1204) Humongous regions: 33->33
[6906.431s][info][gc,metaspace   ] GC(1204) Metaspace: 30019K(30528K)->30019K(30528K) NonClass: 24606K(24896K)->24606K(24896K) Class: 5412K(5632K)->5412K(5632K)
[6906.431s][info][gc             ] GC(1204) Pause Young (Normal) (G1 Evacuation Pause) 7397M->2892M(8192M) 153.461ms
[6906.431s][info][gc,cpu         ] GC(1204) User=1.21s Sys=0.00s Real=0.15s
...[6909.399s][info][gc,start       ] GC(1205) Pause Young (Normal) (G1 Evacuation Pause)
[6909.399s][info][gc,task        ] GC(1205) Using 8 workers of 8 for evacuation
[6909.554s][info][gc,phases      ] GC(1205)   Pre Evacuate Collection Set: 0.22ms
[6909.554s][info][gc,phases      ] GC(1205)   Merge Heap Roots: 0.51ms
[6909.554s][info][gc,phases      ] GC(1205)   Evacuate Collection Set: 152.96ms
[6909.554s][info][gc,phases      ] GC(1205)   Post Evacuate Collection Set: 1.01ms
[6909.554s][info][gc,phases      ] GC(1205)   Other: 0.06ms
[6909.554s][info][gc,heap        ] GC(1205) Eden regions: 564->0(557)
[6909.554s][info][gc,heap        ] GC(1205) Survivor regions: 44->44(76)
[6909.554s][info][gc,heap        ] GC(1205) Old regions: 287->294
[6909.554s][info][gc,heap        ] GC(1205) Humongous regions: 33->33
[6909.554s][info][gc,metaspace   ] GC(1205) Metaspace: 30019K(30528K)->30019K(30528K) NonClass: 24606K(24896K)->24606K(24896K) Class: 5412K(5632K)->5412K(5632K)
[6909.554s][info][gc             ] GC(1205) Pause Young (Normal) (G1 Evacuation Pause) 7404M->2950M(8192M) 154.891ms
[6909.554s][info][gc,cpu         ] GC(1205) User=1.22s Sys=0.00s Real=0.16s
...[6912.491s][info][gc,start       ] GC(1206) Pause Young (Normal) (G1 Evacuation Pause)
[6912.491s][info][gc,task        ] GC(1206) Using 8 workers of 8 for evacuation
[6912.640s][info][gc,phases      ] GC(1206)   Pre Evacuate Collection Set: 0.23ms
[6912.640s][info][gc,phases      ] GC(1206)   Merge Heap Roots: 0.52ms
[6912.640s][info][gc,phases      ] GC(1206)   Evacuate Collection Set: 147.51ms
[6912.640s][info][gc,phases      ] GC(1206)   Post Evacuate Collection Set: 1.02ms
[6912.640s][info][gc,phases      ] GC(1206)   Other: 0.06ms
[6912.640s][info][gc,heap        ] GC(1206) Eden regions: 557->0(552)
[6912.640s][info][gc,heap        ] GC(1206) Survivor regions: 44->43(76)
[6912.640s][info][gc,heap        ] GC(1206) Old regions: 294->301
[6912.640s][info][gc,heap        ] GC(1206) Humongous regions: 33->33
[6912.640s][info][gc,metaspace   ] GC(1206) Metaspace: 30019K(30528K)->30019K(30528K) NonClass: 24606K(24896K)->24606K(24896K) Class: 5412K(5632K)->5412K(5632K)
[6912.640s][info][gc             ] GC(1206) Pause Young (Normal) (G1 Evacuation Pause) 7406M->3000M(8192M) 149.473ms
[6912.640s][info][gc,cpu         ] GC(1206) User=1.19s Sys=0.00s Real=0.15s
...[6915.514s][info][gc,start       ] GC(1207) Pause Young (Normal) (G1 Evacuation Pause)
[6915.514s][info][gc,task        ] GC(1207) Using 8 workers of 8 for evacuation
[6915.666s][info][gc,phases      ] GC(1207)   Pre Evacuate Collection Set: 0.22ms
[6915.666s][info][gc,phases      ] GC(1207)   Merge Heap Roots: 0.51ms
[6915.666s][info][gc,phases      ] GC(1207)   Evacuate Collection Set: 150.13ms
[6915.666s][info][gc,phases      ] GC(1207)   Post Evacuate Collection Set: 0.98ms
[6915.666s][info][gc,phases      ] GC(1207)   Other: 0.06ms
[6915.666s][info][gc,heap        ] GC(1207) Eden regions: 552->0(543)
[6915.666s][info][gc,heap        ] GC(1207) Survivor regions: 43->44(75)
[6915.666s][info][gc,heap        ] GC(1207) Old regions: 301->308
[6915.666s][info][gc,heap        ] GC(1207) Humongous regions: 33->33
[6915.666s][info][gc,metaspace   ] GC(1207) Metaspace: 30019K(30528K)->30019K(30528K) NonClass: 24606K(24896K)->24606K(24896K) Class: 5412K(5632K)->5412K(5632K)
[6915.666s][info][gc             ] GC(1207) Pause Young (Normal) (G1 Evacuation Pause) 7416M->3062M(8192M) 152.031ms
[6915.666s][info][gc,cpu         ] GC(1207) User=1.20s Sys=0.00s Real=0.15s
...[6918.495s][info][gc,start       ] GC(1208) Pause Young (Concurrent Start) (G1 Evacuation Pause)
[6918.495s][info][gc,task        ] GC(1208) Using 8 workers of 8 for evacuation
[6918.641s][info][gc,phases      ] GC(1208)   Pre Evacuate Collection Set: 0.25ms
[6918.641s][info][gc,phases      ] GC(1208)   Merge Heap Roots: 0.50ms
[6918.641s][info][gc,phases      ] GC(1208)   Evacuate Collection Set: 144.91ms
[6918.641s][info][gc,phases      ] GC(1208)   Post Evacuate Collection Set: 0.99ms
[6918.641s][info][gc,phases      ] GC(1208)   Other: 0.07ms
[6918.641s][info][gc,heap        ] GC(1208) Eden regions: 543->0(539)
[6918.641s][info][gc,heap        ] GC(1208) Survivor regions: 44->42(74)
[6918.641s][info][gc,heap        ] GC(1208) Old regions: 308->316
[6918.641s][info][gc,heap        ] GC(1208) Humongous regions: 33->33
[6918.641s][info][gc,metaspace   ] GC(1208) Metaspace: 30019K(30528K)->30019K(30528K) NonClass: 24606K(24896K)->24606K(24896K) Class: 5412K(5632K)->5412K(5632K)
[6918.641s][info][gc             ] GC(1208) Pause Young (Concurrent Start) (G1 Evacuation Pause) 7406M->3104M(8192M) 146.849ms
[6918.642s][info][gc             ] GC(1209) Concurrent Mark Cycle
[6918.642s][info][gc,marking     ] GC(1209) Concurrent Scan Root Regions
[6918.642s][info][gc,cpu         ] GC(1208) User=1.16s Sys=0.00s Real=0.14s
.[6919.156s][info][gc,marking     ] GC(1209) Concurrent Scan Root Regions 514.411ms
[6919.156s][info][gc,marking     ] GC(1209) Concurrent Mark
[6919.156s][info][gc,marking     ] GC(1209) Concurrent Mark From Roots
[6919.156s][info][gc,task        ] GC(1209) Using 2 workers of 2 for marking
.[6920.569s][info][gc,marking     ] GC(1209) Concurrent Mark From Roots 1412.969ms
[6920.569s][info][gc,marking     ] GC(1209) Concurrent Preclean
[6920.569s][info][gc,marking     ] GC(1209) Concurrent Preclean 0.120ms
[6920.569s][info][gc,start       ] GC(1209) Pause Remark
[6920.572s][info][gc             ] GC(1209) Pause Remark 5313M->4745M(8192M) 2.658ms
[6920.572s][info][gc,cpu         ] GC(1209) User=0.02s Sys=0.00s Real=0.00s
[6920.572s][info][gc,marking     ] GC(1209) Concurrent Mark 1416.067ms
[6920.572s][info][gc,marking     ] GC(1209) Concurrent Rebuild Remembered Sets and Scrub Regions
.[6921.626s][info][gc,marking     ] GC(1209) Concurrent Rebuild Remembered Sets and Scrub Regions 1053.804ms
[6921.626s][info][gc,start       ] GC(1209) Pause Cleanup
[6921.626s][info][gc             ] GC(1209) Pause Cleanup 6210M->6210M(8192M) 0.285ms
[6921.626s][info][gc,cpu         ] GC(1209) User=0.00s Sys=0.00s Real=0.00s
[6921.626s][info][gc,marking     ] GC(1209) Concurrent Clear Claimed Marks
[6921.626s][info][gc,marking     ] GC(1209) Concurrent Clear Claimed Marks 0.041ms
[6921.626s][info][gc,marking     ] GC(1209) Concurrent Cleanup for Next Mark
[6921.637s][info][gc,marking     ] GC(1209) Concurrent Cleanup for Next Mark 10.134ms
[6921.637s][info][gc             ] GC(1209) Concurrent Mark Cycle 2995.209ms
.[6922.034s][info][gc,start       ] GC(1210) Pause Young (Prepare Mixed) (G1 Evacuation Pause)
[6922.034s][info][gc,task        ] GC(1210) Using 8 workers of 8 for evacuation
[6922.190s][info][gc,phases      ] GC(1210)   Pre Evacuate Collection Set: 0.22ms
[6922.190s][info][gc,phases      ] GC(1210)   Merge Heap Roots: 0.78ms
[6922.190s][info][gc,phases      ] GC(1210)   Evacuate Collection Set: 154.44ms
[6922.190s][info][gc,phases      ] GC(1210)   Post Evacuate Collection Set: 1.11ms
[6922.190s][info][gc,phases      ] GC(1210)   Other: 0.06ms
[6922.190s][info][gc,heap        ] GC(1210) Eden regions: 539->0(571)
[6922.190s][info][gc,heap        ] GC(1210) Survivor regions: 42->43(73)
[6922.190s][info][gc,heap        ] GC(1210) Old regions: 245->252
[6922.190s][info][gc,heap        ] GC(1210) Humongous regions: 33->33
[6922.190s][info][gc,metaspace   ] GC(1210) Metaspace: 30019K(30528K)->30019K(30528K) NonClass: 24606K(24896K)->24606K(24896K) Class: 5412K(5632K)->5412K(5632K)
[6922.190s][info][gc             ] GC(1210) Pause Young (Prepare Mixed) (G1 Evacuation Pause) 6848M->2610M(8192M) 156.736ms
[6922.191s][info][gc,cpu         ] GC(1210) User=1.24s Sys=0.00s Real=0.15s
...[6924.968s][info][gc,start       ] GC(1211) Pause Young (Mixed) (G1 Evacuation Pause)
[6924.968s][info][gc,task        ] GC(1211) Using 8 workers of 8 for evacuation
[6925.129s][info][gc,phases      ] GC(1211)   Pre Evacuate Collection Set: 0.24ms
[6925.129s][info][gc,phases      ] GC(1211)   Merge Heap Roots: 0.77ms
[6925.129s][info][gc,phases      ] GC(1211)   Evacuate Collection Set: 158.67ms
[6925.129s][info][gc,phases      ] GC(1211)   Post Evacuate Collection Set: 1.21ms
[6925.129s][info][gc,phases      ] GC(1211)   Other: 0.08ms
[6925.129s][info][gc,heap        ] GC(1211) Eden regions: 571->0(570)
[6925.129s][info][gc,heap        ] GC(1211) Survivor regions: 43->44(77)
[6925.129s][info][gc,heap        ] GC(1211) Old regions: 252->157
[6925.129s][info][gc,heap        ] GC(1211) Humongous regions: 33->33
[6925.129s][info][gc,metaspace   ] GC(1211) Metaspace: 30019K(30528K)->30019K(30528K) NonClass: 24606K(24896K)->24606K(24896K) Class: 5412K(5632K)->5412K(5632K)
[6925.129s][info][gc             ] GC(1211) Pause Young (Mixed) (G1 Evacuation Pause) 7178M->1858M(8192M) 161.105ms
[6925.129s][info][gc,cpu         ] GC(1211) User=1.27s Sys=0.00s Real=0.16s
...[6927.889s][info][gc,start       ] GC(1212) Pause Young (Mixed) (G1 Evacuation Pause)
[6927.889s][info][gc,task        ] GC(1212) Using 8 workers of 8 for evacuation
[6928.053s][info][gc,phases      ] GC(1212)   Pre Evacuate Collection Set: 0.24ms
[6928.053s][info][gc,phases      ] GC(1212)   Merge Heap Roots: 0.77ms
[6928.053s][info][gc,phases      ] GC(1212)   Evacuate Collection Set: 161.66ms
[6928.053s][info][gc,phases      ] GC(1212)   Post Evacuate Collection Set: 1.08ms
[6928.053s][info][gc,phases      ] GC(1212)   Other: 0.07ms
[6928.053s][info][gc,heap        ] GC(1212) Eden regions: 570->0(571)
[6928.053s][info][gc,heap        ] GC(1212) Survivor regions: 44->43(77)
[6928.053s][info][gc,heap        ] GC(1212) Old regions: 157->143
[6928.053s][info][gc,heap        ] GC(1212) Humongous regions: 33->33
[6928.053s][info][gc,metaspace   ] GC(1212) Metaspace: 30021K(30528K)->30021K(30528K) NonClass: 24609K(24896K)->24609K(24896K) Class: 5412K(5632K)->5412K(5632K)
[6928.053s][info][gc             ] GC(1212) Pause Young (Mixed) (G1 Evacuation Pause) 6418M->1731M(8192M) 163.961ms
[6928.053s][info][gc,cpu         ] GC(1212) User=1.30s Sys=0.00s Real=0.16s
...[6931.047s][info][gc,start       ] GC(1213) Pause Young (Normal) (G1 Evacuation Pause)
[6931.047s][info][gc,task        ] GC(1213) Using 8 workers of 8 for evacuation
[6931.201s][info][gc,phases      ] GC(1213)   Pre Evacuate Collection Set: 0.23ms
[6931.201s][info][gc,phases      ] GC(1213)   Merge Heap Roots: 0.51ms
[6931.201s][info][gc,phases      ] GC(1213)   Evacuate Collection Set: 151.55ms
[6931.201s][info][gc,phases      ] GC(1213)   Post Evacuate Collection Set: 1.08ms
[6931.201s][info][gc,phases      ] GC(1213)   Other: 0.06ms
[6931.201s][info][gc,heap        ] GC(1213) Eden regions: 571->0(570)
[6931.201s][info][gc,heap        ] GC(1213) Survivor regions: 43->44(77)
[6931.201s][info][gc,heap        ] GC(1213) Old regions: 143->150
[6931.201s][info][gc,heap        ] GC(1213) Humongous regions: 33->33
[6931.201s][info][gc,metaspace   ] GC(1213) Metaspace: 30021K(30528K)->30021K(30528K) NonClass: 24609K(24896K)->24609K(24896K) Class: 5412K(5632K)->5412K(5632K)
[6931.201s][info][gc             ] GC(1213) Pause Young (Normal) (G1 Evacuation Pause) 6299M->1793M(8192M) 153.550ms
[6931.201s][info][gc,cpu         ] GC(1213) User=1.22s Sys=0.00s Real=0.15s
...[6934.234s][info][gc,start       ] GC(1214) Pause Young (Normal) (G1 Evacuation Pause)
[6934.234s][info][gc,task        ] GC(1214) Using 8 workers of 8 for evacuation
[6934.393s][info][gc,phases      ] GC(1214)   Pre Evacuate Collection Set: 0.24ms
[6934.393s][info][gc,phases      ] GC(1214)   Merge Heap Roots: 0.49ms
[6934.393s][info][gc,phases      ] GC(1214)   Evacuate Collection Set: 157.44ms
[6934.393s][info][gc,phases      ] GC(1214)   Post Evacuate Collection Set: 1.02ms
[6934.393s][info][gc,phases      ] GC(1214)   Other: 0.06ms
[6934.393s][info][gc,heap        ] GC(1214) Eden regions: 570->0(569)
[6934.393s][info][gc,heap        ] GC(1214) Survivor regions: 44->45(77)
[6934.393s][info][gc,heap        ] GC(1214) Old regions: 150->157
[6934.393s][info][gc,heap        ] GC(1214) Humongous regions: 33->33
[6934.393s][info][gc,metaspace   ] GC(1214) Metaspace: 30021K(30528K)->30021K(30528K) NonClass: 24609K(24896K)->24609K(24896K) Class: 5412K(5632K)->5412K(5632K)
[6934.393s][info][gc             ] GC(1214) Pause Young (Normal) (G1 Evacuation Pause) 6353M->1858M(8192M) 159.374ms
[6934.393s][info][gc,cpu         ] GC(1214) User=1.27s Sys=0.00s Real=0.15s
...[6937.338s][info][gc,start       ] GC(1215) Pause Young (Normal) (G1 Evacuation Pause)
[6937.338s][info][gc,task        ] GC(1215) Using 8 workers of 8 for evacuation
[6937.493s][info][gc,phases      ] GC(1215)   Pre Evacuate Collection Set: 0.24ms
[6937.493s][info][gc,phases      ] GC(1215)   Merge Heap Roots: 0.53ms
[6937.493s][info][gc,phases      ] GC(1215)   Evacuate Collection Set: 153.28ms
[6937.493s][info][gc,phases      ] GC(1215)   Post Evacuate Collection Set: 1.06ms
[6937.493s][info][gc,phases      ] GC(1215)   Other: 0.07ms
[6937.493s][info][gc,heap        ] GC(1215) Eden regions: 569->0(570)
[6937.493s][info][gc,heap        ] GC(1215) Survivor regions: 45->44(77)
[6937.493s][info][gc,heap        ] GC(1215) Old regions: 157->164
[6937.493s][info][gc,heap        ] GC(1215) Humongous regions: 33->33
[6937.493s][info][gc,metaspace   ] GC(1215) Metaspace: 30021K(30528K)->30021K(30528K) NonClass: 24609K(24896K)->24609K(24896K) Class: 5412K(5632K)->5412K(5632K)
[6937.493s][info][gc             ] GC(1215) Pause Young (Normal) (G1 Evacuation Pause) 6410M->1910M(8192M) 155.298ms
[6937.493s][info][gc,cpu         ] GC(1215) User=1.23s Sys=0.00s Real=0.15s
...[6940.585s][info][gc,start       ] GC(1216) Pause Young (Normal) (G1 Evacuation Pause)
[6940.585s][info][gc,task        ] GC(1216) Using 8 workers of 8 for evacuation
[6940.734s][info][gc,phases      ] GC(1216)   Pre Evacuate Collection Set: 0.23ms
[6940.734s][info][gc,phases      ] GC(1216)   Merge Heap Roots: 0.51ms
[6940.734s][info][gc,phases      ] GC(1216)   Evacuate Collection Set: 147.04ms
[6940.734s][info][gc,phases      ] GC(1216)   Post Evacuate Collection Set: 1.01ms
[6940.734s][info][gc,phases      ] GC(1216)   Other: 0.06ms
[6940.734s][info][gc,heap        ] GC(1216) Eden regions: 570->0(571)
[6940.734s][info][gc,heap        ] GC(1216) Survivor regions: 44->43(77)
[6940.734s][info][gc,heap        ] GC(1216) Old regions: 164->171
[6940.734s][info][gc,heap        ] GC(1216) Humongous regions: 33->33
[6940.734s][info][gc,metaspace   ] GC(1216) Metaspace: 30021K(30528K)->30021K(30528K) NonClass: 24609K(24896K)->24609K(24896K) Class: 5412K(5632K)->5412K(5632K)
[6940.734s][info][gc             ] GC(1216) Pause Young (Normal) (G1 Evacuation Pause) 6470M->1958M(8192M) 148.987ms
[6940.734s][info][gc,cpu         ] GC(1216) User=1.17s Sys=0.01s Real=0.15s
...[6943.736s][info][gc,start       ] GC(1217) Pause Young (Normal) (G1 Evacuation Pause)
[6943.736s][info][gc,task        ] GC(1217) Using 8 workers of 8 for evacuation
[6943.892s][info][gc,phases      ] GC(1217)   Pre Evacuate Collection Set: 0.25ms
[6943.892s][info][gc,phases      ] GC(1217)   Merge Heap Roots: 0.60ms
[6943.892s][info][gc,phases      ] GC(1217)   Evacuate Collection Set: 153.04ms
[6943.892s][info][gc,phases      ] GC(1217)   Post Evacuate Collection Set: 1.05ms
[6943.892s][info][gc,phases      ] GC(1217)   Other: 0.81ms
[6943.892s][info][gc,heap        ] GC(1217) Eden regions: 571->0(571)
[6943.892s][info][gc,heap        ] GC(1217) Survivor regions: 43->43(77)
[6943.892s][info][gc,heap        ] GC(1217) Old regions: 171->178
[6943.892s][info][gc,heap        ] GC(1217) Humongous regions: 33->33
[6943.892s][info][gc,metaspace   ] GC(1217) Metaspace: 30021K(30528K)->30021K(30528K) NonClass: 24609K(24896K)->24609K(24896K) Class: 5412K(5632K)->5412K(5632K)
[6943.892s][info][gc             ] GC(1217) Pause Young (Normal) (G1 Evacuation Pause) 6526M->2018M(8192M) 155.886ms
[6943.892s][info][gc,cpu         ] GC(1217) User=1.23s Sys=0.00s Real=0.15s
....[6946.918s][info][gc,start       ] GC(1218) Pause Young (Normal) (G1 Evacuation Pause)
[6946.918s][info][gc,task        ] GC(1218) Using 8 workers of 8 for evacuation
[6947.072s][info][gc,phases      ] GC(1218)   Pre Evacuate Collection Set: 0.24ms
[6947.072s][info][gc,phases      ] GC(1218)   Merge Heap Roots: 0.51ms
[6947.072s][info][gc,phases      ] GC(1218)   Evacuate Collection Set: 151.92ms
[6947.072s][info][gc,phases      ] GC(1218)   Post Evacuate Collection Set: 1.01ms
[6947.072s][info][gc,phases      ] GC(1218)   Other: 0.06ms
[6947.072s][info][gc,heap        ] GC(1218) Eden regions: 571->0(571)
[6947.072s][info][gc,heap        ] GC(1218) Survivor regions: 43->43(77)
[6947.072s][info][gc,heap        ] GC(1218) Old regions: 178->186
[6947.072s][info][gc,heap        ] GC(1218) Humongous regions: 33->33
[6947.072s][info][gc,metaspace   ] GC(1218) Metaspace: 30021K(30528K)->30021K(30528K) NonClass: 24609K(24896K)->24609K(24896K) Class: 5412K(5632K)->5412K(5632K)
[6947.072s][info][gc             ] GC(1218) Pause Young (Normal) (G1 Evacuation Pause) 6586M->2075M(8192M) 153.876ms
[6947.072s][info][gc,cpu         ] GC(1218) User=1.21s Sys=0.00s Real=0.15s
...[6950.125s][info][gc,start       ] GC(1219) Pause Young (Normal) (G1 Evacuation Pause)
[6950.125s][info][gc,task        ] GC(1219) Using 8 workers of 8 for evacuation
[6950.277s][info][gc,phases      ] GC(1219)   Pre Evacuate Collection Set: 0.23ms
[6950.277s][info][gc,phases      ] GC(1219)   Merge Heap Roots: 0.51ms
[6950.277s][info][gc,phases      ] GC(1219)   Evacuate Collection Set: 149.81ms
[6950.277s][info][gc,phases      ] GC(1219)   Post Evacuate Collection Set: 1.00ms
[6950.277s][info][gc,phases      ] GC(1219)   Other: 0.06ms
[6950.277s][info][gc,heap        ] GC(1219) Eden regions: 571->0(570)
[6950.277s][info][gc,heap        ] GC(1219) Survivor regions: 43->44(77)
[6950.277s][info][gc,heap        ] GC(1219) Old regions: 186->193
[6950.277s][info][gc,heap        ] GC(1219) Humongous regions: 33->33
[6950.277s][info][gc,metaspace   ] GC(1219) Metaspace: 30021K(30528K)->30021K(30528K) NonClass: 24609K(24896K)->24609K(24896K) Class: 5412K(5632K)->5412K(5632K)
[6950.277s][info][gc             ] GC(1219) Pause Young (Normal) (G1 Evacuation Pause) 6643M->2139M(8192M) 151.746ms
[6950.277s][info][gc,cpu         ] GC(1219) User=1.20s Sys=0.00s Real=0.15s
. (rIR:aIR:PR = 12038:12093:12080) (tPR = 178928) [OK] 
  6950s: Performance info:
         Transaction,    Success,    Partial,     Failed,   Receipts, AvgBarcode, 
             Overall,     731447,          0,          0,     695132,      59.47, 
         Response times:
             Request,    Success,    Partial,     Failed,   SkipFail,     Probes,    Samples,      min,      p50,      p90,      p95,      p99,      max, 
       TotalPurchase,     695939,          0,          0,          0,     347721,     432247,      300,    18800,   112000,   158000,   273000,  5400000,
     InStorePurchase,     367217,          0,          0,          0,     182939,     227377,      300,    19000,   113000,   162000,   273000,  5400000,
      OnlinePurchase,     256185,          0,          0,          0,     128283,     159236,      300,    18700,   112000,   154000,   271000,  5400000,
        InstPurchase,      72537,          0,          0,          0,      36499,      45634,      500,    18400,   111000,   157000,   276000,  5400000,
          AssocOfCat,        729,          0,          0,          0,        636,        873,    35000,    78000,   170600,   244900,   460000,  1600000,
      AssocOfProduct,       7125,          0,          0,          0,       3360,       4386,      800,    18300,   115300,   162000,   299130,  5400000,
      BusinessReport,       1821,          0,          0,          0,       1566,       2048,    33000,    86000,   180000,   228550,   375530,  2500000,
          CustBuyBeh,       7348,          0,          0,          0,       3381,       4322,      600,    19500,   114000,   157850,   291770,  1100000,
       ProductReturn,      19265,          0,          0,          0,      10088,      12600,      200,    18900,   110000,   159000,   288000,  5400000,

  6950s: (88%)   IR =  12177 ..[6953.274s][info][gc,start       ] GC(1220) Pause Young (Normal) (G1 Evacuation Pause)
[6953.274s][info][gc,task        ] GC(1220) Using 8 workers of 8 for evacuation
[6953.428s][info][gc,phases      ] GC(1220)   Pre Evacuate Collection Set: 0.26ms
[6953.428s][info][gc,phases      ] GC(1220)   Merge Heap Roots: 0.51ms
[6953.428s][info][gc,phases      ] GC(1220)   Evacuate Collection Set: 152.49ms
[6953.428s][info][gc,phases      ] GC(1220)   Post Evacuate Collection Set: 1.00ms
[6953.428s][info][gc,phases      ] GC(1220)   Other: 0.07ms
[6953.428s][info][gc,heap        ] GC(1220) Eden regions: 570->0(570)
[6953.428s][info][gc,heap        ] GC(1220) Survivor regions: 44->44(77)
[6953.428s][info][gc,heap        ] GC(1220) Old regions: 193->200
[6953.428s][info][gc,heap        ] GC(1220) Humongous regions: 33->33
[6953.428s][info][gc,metaspace   ] GC(1220) Metaspace: 30021K(30528K)->30021K(30528K) NonClass: 24609K(24896K)->24609K(24896K) Class: 5412K(5632K)->5412K(5632K)
[6953.428s][info][gc             ] GC(1220) Pause Young (Normal) (G1 Evacuation Pause) 6699M->2199M(8192M) 154.472ms
[6953.429s][info][gc,cpu         ] GC(1220) User=1.22s Sys=0.00s Real=0.15s
...[6956.447s][info][gc,start       ] GC(1221) Pause Young (Normal) (G1 Evacuation Pause)
[6956.447s][info][gc,task        ] GC(1221) Using 8 workers of 8 for evacuation
[6956.602s][info][gc,phases      ] GC(1221)   Pre Evacuate Collection Set: 0.22ms
[6956.602s][info][gc,phases      ] GC(1221)   Merge Heap Roots: 0.49ms
[6956.602s][info][gc,phases      ] GC(1221)   Evacuate Collection Set: 152.72ms
[6956.602s][info][gc,phases      ] GC(1221)   Post Evacuate Collection Set: 1.08ms
[6956.602s][info][gc,phases      ] GC(1221)   Other: 0.06ms
[6956.602s][info][gc,heap        ] GC(1221) Eden regions: 570->0(570)
[6956.602s][info][gc,heap        ] GC(1221) Survivor regions: 44->44(77)
[6956.602s][info][gc,heap        ] GC(1221) Old regions: 200->207
[6956.602s][info][gc,heap        ] GC(1221) Humongous regions: 33->33
[6956.602s][info][gc,metaspace   ] GC(1221) Metaspace: 30021K(30528K)->30021K(30528K) NonClass: 24609K(24896K)->24609K(24896K) Class: 5412K(5632K)->5412K(5632K)
[6956.602s][info][gc             ] GC(1221) Pause Young (Normal) (G1 Evacuation Pause) 6759M->2258M(8192M) 154.724ms
[6956.602s][info][gc,cpu         ] GC(1221) User=1.23s Sys=0.00s Real=0.15s
...[6959.694s][info][gc,start       ] GC(1222) Pause Young (Normal) (G1 Evacuation Pause)
[6959.694s][info][gc,task        ] GC(1222) Using 8 workers of 8 for evacuation
[6959.849s][info][gc,phases      ] GC(1222)   Pre Evacuate Collection Set: 0.23ms
[6959.849s][info][gc,phases      ] GC(1222)   Merge Heap Roots: 0.52ms
[6959.849s][info][gc,phases      ] GC(1222)   Evacuate Collection Set: 153.18ms
[6959.849s][info][gc,phases      ] GC(1222)   Post Evacuate Collection Set: 1.01ms
[6959.849s][info][gc,phases      ] GC(1222)   Other: 0.06ms
[6959.849s][info][gc,heap        ] GC(1222) Eden regions: 570->0(570)
[6959.849s][info][gc,heap        ] GC(1222) Survivor regions: 44->44(77)
[6959.849s][info][gc,heap        ] GC(1222) Old regions: 207->214
[6959.849s][info][gc,heap        ] GC(1222) Humongous regions: 33->33
[6959.849s][info][gc,metaspace   ] GC(1222) Metaspace: 30021K(30528K)->30021K(30528K) NonClass: 24609K(24896K)->24609K(24896K) Class: 5412K(5632K)->5412K(5632K)
[6959.849s][info][gc             ] GC(1222) Pause Young (Normal) (G1 Evacuation Pause) 6818M->2313M(8192M) 155.124ms
[6959.849s][info][gc,cpu         ] GC(1222) User=1.23s Sys=0.00s Real=0.15s
...[6962.874s][info][gc,start       ] GC(1223) Pause Young (Normal) (G1 Evacuation Pause)
[6962.874s][info][gc,task        ] GC(1223) Using 8 workers of 8 for evacuation
[6963.029s][info][gc,phases      ] GC(1223)   Pre Evacuate Collection Set: 0.23ms
[6963.029s][info][gc,phases      ] GC(1223)   Merge Heap Roots: 0.57ms
[6963.029s][info][gc,phases      ] GC(1223)   Evacuate Collection Set: 152.91ms
[6963.029s][info][gc,phases      ] GC(1223)   Post Evacuate Collection Set: 1.07ms
[6963.029s][info][gc,phases      ] GC(1223)   Other: 0.08ms
[6963.029s][info][gc,heap        ] GC(1223) Eden regions: 570->0(571)
[6963.029s][info][gc,heap        ] GC(1223) Survivor regions: 44->43(77)
[6963.029s][info][gc,heap        ] GC(1223) Old regions: 214->222
[6963.029s][info][gc,heap        ] GC(1223) Humongous regions: 33->33
[6963.029s][info][gc,metaspace   ] GC(1223) Metaspace: 30021K(30528K)->30021K(30528K) NonClass: 24609K(24896K)->24609K(24896K) Class: 5412K(5632K)->5412K(5632K)
[6963.029s][info][gc             ] GC(1223) Pause Young (Normal) (G1 Evacuation Pause) 6873M->2366M(8192M) 154.993ms
[6963.029s][info][gc,cpu         ] GC(1223) User=1.22s Sys=0.00s Real=0.15s
...[6966.012s][info][gc,start       ] GC(1224) Pause Young (Normal) (G1 Evacuation Pause)
[6966.012s][info][gc,task        ] GC(1224) Using 8 workers of 8 for evacuation
[6966.171s][info][gc,phases      ] GC(1224)   Pre Evacuate Collection Set: 0.25ms
[6966.171s][info][gc,phases      ] GC(1224)   Merge Heap Roots: 0.55ms
[6966.171s][info][gc,phases      ] GC(1224)   Evacuate Collection Set: 156.89ms
[6966.171s][info][gc,phases      ] GC(1224)   Post Evacuate Collection Set: 0.99ms
[6966.171s][info][gc,phases      ] GC(1224)   Other: 0.06ms
[6966.171s][info][gc,heap        ] GC(1224) Eden regions: 571->0(569)
[6966.171s][info][gc,heap        ] GC(1224) Survivor regions: 43->45(77)
[6966.171s][info][gc,heap        ] GC(1224) Old regions: 222->229
[6966.171s][info][gc,heap        ] GC(1224) Humongous regions: 33->33
[6966.171s][info][gc,metaspace   ] GC(1224) Metaspace: 30021K(30528K)->30021K(30528K) NonClass: 24609K(24896K)->24609K(24896K) Class: 5412K(5632K)->5412K(5632K)
[6966.171s][info][gc             ] GC(1224) Pause Young (Normal) (G1 Evacuation Pause) 6934M->2438M(8192M) 158.890ms
[6966.171s][info][gc,cpu         ] GC(1224) User=1.26s Sys=0.00s Real=0.16s
...[6969.146s][info][gc,start       ] GC(1225) Pause Young (Normal) (G1 Evacuation Pause)
[6969.146s][info][gc,task        ] GC(1225) Using 8 workers of 8 for evacuation
[6969.304s][info][gc,phases      ] GC(1225)   Pre Evacuate Collection Set: 0.24ms
[6969.304s][info][gc,phases      ] GC(1225)   Merge Heap Roots: 0.59ms
[6969.304s][info][gc,phases      ] GC(1225)   Evacuate Collection Set: 155.70ms
[6969.304s][info][gc,phases      ] GC(1225)   Post Evacuate Collection Set: 1.07ms
[6969.304s][info][gc,phases      ] GC(1225)   Other: 0.82ms
[6969.304s][info][gc,heap        ] GC(1225) Eden regions: 569->0(569)
[6969.304s][info][gc,heap        ] GC(1225) Survivor regions: 45->45(77)
[6969.304s][info][gc,heap        ] GC(1225) Old regions: 229->236
[6969.304s][info][gc,heap        ] GC(1225) Humongous regions: 33->33
[6969.304s][info][gc,metaspace   ] GC(1225) Metaspace: 30021K(30528K)->30021K(30528K) NonClass: 24609K(24896K)->24609K(24896K) Class: 5412K(5632K)->5412K(5632K)
[6969.304s][info][gc             ] GC(1225) Pause Young (Normal) (G1 Evacuation Pause) 6990M->2492M(8192M) 158.549ms
[6969.304s][info][gc,cpu         ] GC(1225) User=1.25s Sys=0.00s Real=0.16s
...[6972.165s][info][gc,start       ] GC(1226) Pause Young (Normal) (G1 Evacuation Pause)
[6972.165s][info][gc,task        ] GC(1226) Using 8 workers of 8 for evacuation
[6972.320s][info][gc,phases      ] GC(1226)   Pre Evacuate Collection Set: 0.23ms
[6972.320s][info][gc,phases      ] GC(1226)   Merge Heap Roots: 0.60ms
[6972.320s][info][gc,phases      ] GC(1226)   Evacuate Collection Set: 153.10ms
[6972.320s][info][gc,phases      ] GC(1226)   Post Evacuate Collection Set: 1.00ms
[6972.320s][info][gc,phases      ] GC(1226)   Other: 0.06ms
[6972.320s][info][gc,heap        ] GC(1226) Eden regions: 569->0(570)
[6972.320s][info][gc,heap        ] GC(1226) Survivor regions: 45->44(77)
[6972.320s][info][gc,heap        ] GC(1226) Old regions: 236->244
[6972.320s][info][gc,heap        ] GC(1226) Humongous regions: 33->33
[6972.320s][info][gc,metaspace   ] GC(1226) Metaspace: 30021K(30528K)->30021K(30528K) NonClass: 24609K(24896K)->24609K(24896K) Class: 5412K(5632K)->5412K(5632K)
[6972.320s][info][gc             ] GC(1226) Pause Young (Normal) (G1 Evacuation Pause) 7044M->2544M(8192M) 155.120ms
[6972.320s][info][gc,cpu         ] GC(1226) User=1.23s Sys=0.00s Real=0.15s
...[6975.322s][info][gc,start       ] GC(1227) Pause Young (Normal) (G1 Evacuation Pause)
[6975.322s][info][gc,task        ] GC(1227) Using 8 workers of 8 for evacuation
[6975.470s][info][gc,phases      ] GC(1227)   Pre Evacuate Collection Set: 0.26ms
[6975.470s][info][gc,phases      ] GC(1227)   Merge Heap Roots: 0.59ms
[6975.470s][info][gc,phases      ] GC(1227)   Evacuate Collection Set: 145.88ms
[6975.470s][info][gc,phases      ] GC(1227)   Post Evacuate Collection Set: 1.00ms
[6975.470s][info][gc,phases      ] GC(1227)   Other: 0.06ms
[6975.470s][info][gc,heap        ] GC(1227) Eden regions: 570->0(571)
[6975.470s][info][gc,heap        ] GC(1227) Survivor regions: 44->43(77)
[6975.470s][info][gc,heap        ] GC(1227) Old regions: 244->251
[6975.470s][info][gc,heap        ] GC(1227) Humongous regions: 33->33
[6975.470s][info][gc,metaspace   ] GC(1227) Metaspace: 30021K(30528K)->30021K(30528K) NonClass: 24609K(24896K)->24609K(24896K) Class: 5412K(5632K)->5412K(5632K)
[6975.470s][info][gc             ] GC(1227) Pause Young (Normal) (G1 Evacuation Pause) 7104M->2594M(8192M) 147.918ms
[6975.470s][info][gc,cpu         ] GC(1227) User=1.17s Sys=0.00s Real=0.15s
...[6978.327s][info][gc,start       ] GC(1228) Pause Young (Normal) (G1 Evacuation Pause)
[6978.327s][info][gc,task        ] GC(1228) Using 8 workers of 8 for evacuation
[6978.479s][info][gc,phases      ] GC(1228)   Pre Evacuate Collection Set: 0.23ms
[6978.479s][info][gc,phases      ] GC(1228)   Merge Heap Roots: 0.53ms
[6978.479s][info][gc,phases      ] GC(1228)   Evacuate Collection Set: 149.69ms
[6978.479s][info][gc,phases      ] GC(1228)   Post Evacuate Collection Set: 1.00ms
[6978.479s][info][gc,phases      ] GC(1228)   Other: 0.06ms
[6978.479s][info][gc,heap        ] GC(1228) Eden regions: 571->0(570)
[6978.479s][info][gc,heap        ] GC(1228) Survivor regions: 43->44(77)
[6978.479s][info][gc,heap        ] GC(1228) Old regions: 251->258
[6978.479s][info][gc,heap        ] GC(1228) Humongous regions: 33->33
[6978.479s][info][gc,metaspace   ] GC(1228) Metaspace: 30021K(30528K)->30021K(30528K) NonClass: 24609K(24896K)->24609K(24896K) Class: 5412K(5632K)->5412K(5632K)
[6978.479s][info][gc             ] GC(1228) Pause Young (Normal) (G1 Evacuation Pause) 7162M->2660M(8192M) 151.651ms
[6978.479s][info][gc,cpu         ] GC(1228) User=1.20s Sys=0.00s Real=0.15s
.|...[6981.518s][info][gc,start       ] GC(1229) Pause Young (Normal) (G1 Evacuation Pause)
[6981.518s][info][gc,task        ] GC(1229) Using 8 workers of 8 for evacuation
[6981.669s][info][gc,phases      ] GC(1229)   Pre Evacuate Collection Set: 0.23ms
[6981.669s][info][gc,phases      ] GC(1229)   Merge Heap Roots: 0.53ms
[6981.669s][info][gc,phases      ] GC(1229)   Evacuate Collection Set: 149.04ms
[6981.669s][info][gc,phases      ] GC(1229)   Post Evacuate Collection Set: 1.03ms
[6981.669s][info][gc,phases      ] GC(1229)   Other: 0.06ms
[6981.669s][info][gc,heap        ] GC(1229) Eden regions: 570->0(571)
[6981.669s][info][gc,heap        ] GC(1229) Survivor regions: 44->43(77)
[6981.669s][info][gc,heap        ] GC(1229) Old regions: 258->265
[6981.669s][info][gc,heap        ] GC(1229) Humongous regions: 33->33
[6981.669s][info][gc,metaspace   ] GC(1229) Metaspace: 30021K(30528K)->30021K(30528K) NonClass: 24609K(24896K)->24609K(24896K) Class: 5412K(5632K)->5412K(5632K)
[6981.669s][info][gc             ] GC(1229) Pause Young (Normal) (G1 Evacuation Pause) 7220M->2708M(8192M) 151.025ms
[6981.669s][info][gc,cpu         ] GC(1229) User=1.20s Sys=0.00s Real=0.15s
...[6984.667s][info][gc,start       ] GC(1230) Pause Young (Normal) (G1 Evacuation Pause)
[6984.667s][info][gc,task        ] GC(1230) Using 8 workers of 8 for evacuation
[6984.818s][info][gc,phases      ] GC(1230)   Pre Evacuate Collection Set: 0.23ms
[6984.818s][info][gc,phases      ] GC(1230)   Merge Heap Roots: 0.52ms
[6984.818s][info][gc,phases      ] GC(1230)   Evacuate Collection Set: 148.80ms
[6984.818s][info][gc,phases      ] GC(1230)   Post Evacuate Collection Set: 1.03ms
[6984.818s][info][gc,phases      ] GC(1230)   Other: 0.06ms
[6984.818s][info][gc,heap        ] GC(1230) Eden regions: 571->0(571)
[6984.818s][info][gc,heap        ] GC(1230) Survivor regions: 43->43(77)
[6984.818s][info][gc,heap        ] GC(1230) Old regions: 265->272
[6984.818s][info][gc,heap        ] GC(1230) Humongous regions: 33->33
[6984.818s][info][gc,metaspace   ] GC(1230) Metaspace: 30021K(30528K)->30021K(30528K) NonClass: 24609K(24896K)->24609K(24896K) Class: 5412K(5632K)->5412K(5632K)
[6984.818s][info][gc             ] GC(1230) Pause Young (Normal) (G1 Evacuation Pause) 7276M->2768M(8192M) 150.764ms
[6984.818s][info][gc,cpu         ] GC(1230) User=1.19s Sys=0.00s Real=0.15s
...[6987.840s][info][gc,start       ] GC(1231) Pause Young (Normal) (G1 Evacuation Pause)
[6987.840s][info][gc,task        ] GC(1231) Using 8 workers of 8 for evacuation
[6987.989s][info][gc,phases      ] GC(1231)   Pre Evacuate Collection Set: 0.24ms
[6987.989s][info][gc,phases      ] GC(1231)   Merge Heap Roots: 0.54ms
[6987.989s][info][gc,phases      ] GC(1231)   Evacuate Collection Set: 147.02ms
[6987.989s][info][gc,phases      ] GC(1231)   Post Evacuate Collection Set: 1.03ms
[6987.989s][info][gc,phases      ] GC(1231)   Other: 0.07ms
[6987.989s][info][gc,heap        ] GC(1231) Eden regions: 571->0(571)
[6987.989s][info][gc,heap        ] GC(1231) Survivor regions: 43->43(77)
[6987.989s][info][gc,heap        ] GC(1231) Old regions: 272->279
[6987.989s][info][gc,heap        ] GC(1231) Humongous regions: 33->33
[6987.989s][info][gc,metaspace   ] GC(1231) Metaspace: 30021K(30528K)->30021K(30528K) NonClass: 24609K(24896K)->24609K(24896K) Class: 5412K(5632K)->5412K(5632K)
[6987.989s][info][gc             ] GC(1231) Pause Young (Normal) (G1 Evacuation Pause) 7336M->2825M(8192M) 149.027ms
[6987.989s][info][gc,cpu         ] GC(1231) User=1.18s Sys=0.00s Real=0.15s
...[6990.954s][info][gc,start       ] GC(1232) Pause Young (Normal) (G1 Evacuation Pause)
[6990.954s][info][gc,task        ] GC(1232) Using 8 workers of 8 for evacuation
[6991.108s][info][gc,phases      ] GC(1232)   Pre Evacuate Collection Set: 0.23ms
[6991.108s][info][gc,phases      ] GC(1232)   Merge Heap Roots: 0.59ms
[6991.108s][info][gc,phases      ] GC(1232)   Evacuate Collection Set: 152.58ms
[6991.108s][info][gc,phases      ] GC(1232)   Post Evacuate Collection Set: 1.02ms
[6991.108s][info][gc,phases      ] GC(1232)   Other: 0.06ms
[6991.108s][info][gc,heap        ] GC(1232) Eden regions: 571->0(565)
[6991.108s][info][gc,heap        ] GC(1232) Survivor regions: 43->44(77)
[6991.108s][info][gc,heap        ] GC(1232) Old regions: 279->286
[6991.108s][info][gc,heap        ] GC(1232) Humongous regions: 33->33
[6991.108s][info][gc,metaspace   ] GC(1232) Metaspace: 30021K(30528K)->30021K(30528K) NonClass: 24609K(24896K)->24609K(24896K) Class: 5412K(5632K)->5412K(5632K)
[6991.108s][info][gc             ] GC(1232) Pause Young (Normal) (G1 Evacuation Pause) 7393M->2886M(8192M) 154.615ms
[6991.108s][info][gc,cpu         ] GC(1232) User=1.22s Sys=0.00s Real=0.15s
...[6994.123s][info][gc,start       ] GC(1233) Pause Young (Normal) (G1 Evacuation Pause)
[6994.123s][info][gc,task        ] GC(1233) Using 8 workers of 8 for evacuation
[6994.275s][info][gc,phases      ] GC(1233)   Pre Evacuate Collection Set: 0.23ms
[6994.275s][info][gc,phases      ] GC(1233)   Merge Heap Roots: 0.56ms
[6994.275s][info][gc,phases      ] GC(1233)   Evacuate Collection Set: 150.50ms
[6994.275s][info][gc,phases      ] GC(1233)   Post Evacuate Collection Set: 1.00ms
[6994.275s][info][gc,phases      ] GC(1233)   Other: 0.06ms
[6994.275s][info][gc,heap        ] GC(1233) Eden regions: 565->0(560)
[6994.275s][info][gc,heap        ] GC(1233) Survivor regions: 44->43(77)
[6994.275s][info][gc,heap        ] GC(1233) Old regions: 286->293
[6994.275s][info][gc,heap        ] GC(1233) Humongous regions: 33->33
[6994.275s][info][gc,metaspace   ] GC(1233) Metaspace: 30021K(30528K)->30021K(30528K) NonClass: 24609K(24896K)->24609K(24896K) Class: 5412K(5632K)->5412K(5632K)
[6994.275s][info][gc             ] GC(1233) Pause Young (Normal) (G1 Evacuation Pause) 7406M->2938M(8192M) 152.486ms
[6994.275s][info][gc,cpu         ] GC(1233) User=1.21s Sys=0.01s Real=0.16s
...[6997.143s][info][gc,start       ] GC(1234) Pause Young (Normal) (G1 Evacuation Pause)
[6997.143s][info][gc,task        ] GC(1234) Using 8 workers of 8 for evacuation
[6997.294s][info][gc,phases      ] GC(1234)   Pre Evacuate Collection Set: 0.23ms
[6997.294s][info][gc,phases      ] GC(1234)   Merge Heap Roots: 0.53ms
[6997.294s][info][gc,phases      ] GC(1234)   Evacuate Collection Set: 149.60ms
[6997.294s][info][gc,phases      ] GC(1234)   Post Evacuate Collection Set: 1.02ms
[6997.294s][info][gc,phases      ] GC(1234)   Other: 0.06ms
[6997.294s][info][gc,heap        ] GC(1234) Eden regions: 560->0(552)
[6997.294s][info][gc,heap        ] GC(1234) Survivor regions: 43->43(76)
[6997.294s][info][gc,heap        ] GC(1234) Old regions: 293->301
[6997.294s][info][gc,heap        ] GC(1234) Humongous regions: 33->33
[6997.294s][info][gc,metaspace   ] GC(1234) Metaspace: 30021K(30528K)->30021K(30528K) NonClass: 24609K(24896K)->24609K(24896K) Class: 5412K(5632K)->5412K(5632K)
[6997.294s][info][gc             ] GC(1234) Pause Young (Normal) (G1 Evacuation Pause) 7418M->2998M(8192M) 151.580ms
[6997.294s][info][gc,cpu         ] GC(1234) User=1.20s Sys=0.00s Real=0.16s
...[7000.163s][info][gc,start       ] GC(1235) Pause Young (Normal) (G1 Evacuation Pause)
[7000.163s][info][gc,task        ] GC(1235) Using 8 workers of 8 for evacuation
[7000.315s][info][gc,phases      ] GC(1235)   Pre Evacuate Collection Set: 0.22ms
[7000.315s][info][gc,phases      ] GC(1235)   Merge Heap Roots: 0.55ms
[7000.315s][info][gc,phases      ] GC(1235)   Evacuate Collection Set: 150.01ms
[7000.315s][info][gc,phases      ] GC(1235)   Post Evacuate Collection Set: 1.02ms
[7000.315s][info][gc,phases      ] GC(1235)   Other: 0.07ms
[7000.315s][info][gc,heap        ] GC(1235) Eden regions: 552->0(545)
[7000.315s][info][gc,heap        ] GC(1235) Survivor regions: 43->43(75)
[7000.315s][info][gc,heap        ] GC(1235) Old regions: 301->308
[7000.315s][info][gc,heap        ] GC(1235) Humongous regions: 33->33
[7000.315s][info][gc,metaspace   ] GC(1235) Metaspace: 30021K(30528K)->30021K(30528K) NonClass: 24609K(24896K)->24609K(24896K) Class: 5412K(5632K)->5412K(5632K)
[7000.315s][info][gc             ] GC(1235) Pause Young (Normal) (G1 Evacuation Pause) 7414M->3058M(8192M) 152.019ms
[7000.315s][info][gc,cpu         ] GC(1235) User=1.20s Sys=0.01s Real=0.15s
...[7003.130s][info][gc,start       ] GC(1236) Pause Young (Concurrent Start) (G1 Evacuation Pause)
[7003.130s][info][gc,task        ] GC(1236) Using 8 workers of 8 for evacuation
[7003.283s][info][gc,phases      ] GC(1236)   Pre Evacuate Collection Set: 0.28ms
[7003.283s][info][gc,phases      ] GC(1236)   Merge Heap Roots: 0.53ms
[7003.283s][info][gc,phases      ] GC(1236)   Evacuate Collection Set: 151.14ms
[7003.283s][info][gc,phases      ] GC(1236)   Post Evacuate Collection Set: 1.02ms
[7003.283s][info][gc,phases      ] GC(1236)   Other: 0.08ms
[7003.283s][info][gc,heap        ] GC(1236) Eden regions: 545->0(537)
[7003.283s][info][gc,heap        ] GC(1236) Survivor regions: 43->43(74)
[7003.283s][info][gc,heap        ] GC(1236) Old regions: 308->316
[7003.283s][info][gc,heap        ] GC(1236) Humongous regions: 33->33
[7003.283s][info][gc,metaspace   ] GC(1236) Metaspace: 30021K(30528K)->30021K(30528K) NonClass: 24609K(24896K)->24609K(24896K) Class: 5412K(5632K)->5412K(5632K)
[7003.284s][info][gc             ] GC(1236) Pause Young (Concurrent Start) (G1 Evacuation Pause) 7418M->3119M(8192M) 153.184ms
[7003.284s][info][gc             ] GC(1237) Concurrent Mark Cycle
[7003.284s][info][gc,marking     ] GC(1237) Concurrent Scan Root Regions
[7003.284s][info][gc,cpu         ] GC(1236) User=1.21s Sys=0.00s Real=0.16s
.[7003.644s][info][gc,marking     ] GC(1237) Concurrent Scan Root Regions 360.337ms
[7003.644s][info][gc,marking     ] GC(1237) Concurrent Mark
[7003.644s][info][gc,marking     ] GC(1237) Concurrent Mark From Roots
[7003.644s][info][gc,task        ] GC(1237) Using 2 workers of 2 for marking
.[7004.869s][info][gc,marking     ] GC(1237) Concurrent Mark From Roots 1224.922ms
[7004.869s][info][gc,marking     ] GC(1237) Concurrent Preclean
[7004.869s][info][gc,marking     ] GC(1237) Concurrent Preclean 0.153ms
[7004.869s][info][gc,start       ] GC(1237) Pause Remark
[7004.872s][info][gc             ] GC(1237) Pause Remark 4939M->4323M(8192M) 2.613ms
[7004.872s][info][gc,cpu         ] GC(1237) User=0.01s Sys=0.00s Real=0.00s
[7004.872s][info][gc,marking     ] GC(1237) Concurrent Mark 1228.218ms
[7004.872s][info][gc,marking     ] GC(1237) Concurrent Rebuild Remembered Sets and Scrub Regions
.[7005.679s][info][gc,marking     ] GC(1237) Concurrent Rebuild Remembered Sets and Scrub Regions 806.765ms
[7005.679s][info][gc,start       ] GC(1237) Pause Cleanup
[7005.679s][info][gc             ] GC(1237) Pause Cleanup 5331M->5331M(8192M) 0.265ms
[7005.679s][info][gc,cpu         ] GC(1237) User=0.00s Sys=0.00s Real=0.00s
[7005.679s][info][gc,marking     ] GC(1237) Concurrent Clear Claimed Marks
[7005.680s][info][gc,marking     ] GC(1237) Concurrent Clear Claimed Marks 0.048ms
[7005.680s][info][gc,marking     ] GC(1237) Concurrent Cleanup for Next Mark
[7005.694s][info][gc,marking     ] GC(1237) Concurrent Cleanup for Next Mark 14.225ms
[7005.694s][info][gc             ] GC(1237) Concurrent Mark Cycle 2410.316ms
.[7006.599s][info][gc,start       ] GC(1238) Pause Young (Prepare Mixed) (G1 Evacuation Pause)
[7006.599s][info][gc,task        ] GC(1238) Using 8 workers of 8 for evacuation
[7006.751s][info][gc,phases      ] GC(1238)   Pre Evacuate Collection Set: 0.24ms
[7006.751s][info][gc,phases      ] GC(1238)   Merge Heap Roots: 0.75ms
[7006.751s][info][gc,phases      ] GC(1238)   Evacuate Collection Set: 150.06ms
[7006.751s][info][gc,phases      ] GC(1238)   Post Evacuate Collection Set: 1.07ms
[7006.751s][info][gc,phases      ] GC(1238)   Other: 0.06ms
[7006.751s][info][gc,heap        ] GC(1238) Eden regions: 537->0(572)
[7006.751s][info][gc,heap        ] GC(1238) Survivor regions: 43->42(73)
[7006.751s][info][gc,heap        ] GC(1238) Old regions: 239->247
[7006.751s][info][gc,heap        ] GC(1238) Humongous regions: 33->33
[7006.751s][info][gc,metaspace   ] GC(1238) Metaspace: 30021K(30528K)->30021K(30528K) NonClass: 24609K(24896K)->24609K(24896K) Class: 5412K(5632K)->5412K(5632K)
[7006.751s][info][gc             ] GC(1238) Pause Young (Prepare Mixed) (G1 Evacuation Pause) 6799M->2556M(8192M) 152.312ms
[7006.751s][info][gc,cpu         ] GC(1238) User=1.21s Sys=0.00s Real=0.15s
...[7009.573s][info][gc,start       ] GC(1239) Pause Young (Mixed) (G1 Evacuation Pause)
[7009.573s][info][gc,task        ] GC(1239) Using 8 workers of 8 for evacuation
[7009.734s][info][gc,phases      ] GC(1239)   Pre Evacuate Collection Set: 0.24ms
[7009.734s][info][gc,phases      ] GC(1239)   Merge Heap Roots: 0.78ms
[7009.734s][info][gc,phases      ] GC(1239)   Evacuate Collection Set: 158.42ms
[7009.734s][info][gc,phases      ] GC(1239)   Post Evacuate Collection Set: 1.19ms
[7009.734s][info][gc,phases      ] GC(1239)   Other: 0.07ms
[7009.734s][info][gc,heap        ] GC(1239) Eden regions: 572->0(570)
[7009.734s][info][gc,heap        ] GC(1239) Survivor regions: 42->44(77)
[7009.734s][info][gc,heap        ] GC(1239) Old regions: 247->152
[7009.734s][info][gc,heap        ] GC(1239) Humongous regions: 33->33
[7009.734s][info][gc,metaspace   ] GC(1239) Metaspace: 30021K(30528K)->30021K(30528K) NonClass: 24609K(24896K)->24609K(24896K) Class: 5412K(5632K)->5412K(5632K)
[7009.734s][info][gc             ] GC(1239) Pause Young (Mixed) (G1 Evacuation Pause) 7132M->1814M(8192M) 160.823ms
[7009.734s][info][gc,cpu         ] GC(1239) User=1.27s Sys=0.00s Real=0.17s
...[7012.564s][info][gc,start       ] GC(1240) Pause Young (Mixed) (G1 Evacuation Pause)
[7012.564s][info][gc,task        ] GC(1240) Using 8 workers of 8 for evacuation
[7012.725s][info][gc,phases      ] GC(1240)   Pre Evacuate Collection Set: 0.23ms
[7012.725s][info][gc,phases      ] GC(1240)   Merge Heap Roots: 0.65ms
[7012.725s][info][gc,phases      ] GC(1240)   Evacuate Collection Set: 159.67ms
[7012.725s][info][gc,phases      ] GC(1240)   Post Evacuate Collection Set: 1.05ms
[7012.725s][info][gc,phases      ] GC(1240)   Other: 0.07ms
[7012.726s][info][gc,heap        ] GC(1240) Eden regions: 570->0(569)
[7012.726s][info][gc,heap        ] GC(1240) Survivor regions: 44->45(77)
[7012.726s][info][gc,heap        ] GC(1240) Old regions: 152->144
[7012.726s][info][gc,heap        ] GC(1240) Humongous regions: 33->33
[7012.726s][info][gc,metaspace   ] GC(1240) Metaspace: 30021K(30528K)->30021K(30528K) NonClass: 24609K(24896K)->24609K(24896K) Class: 5412K(5632K)->5412K(5632K)
[7012.726s][info][gc             ] GC(1240) Pause Young (Mixed) (G1 Evacuation Pause) 6374M->1756M(8192M) 161.796ms
[7012.726s][info][gc,cpu         ] GC(1240) User=1.28s Sys=0.00s Real=0.16s
...[7015.606s][info][gc,start       ] GC(1241) Pause Young (Normal) (G1 Evacuation Pause)
[7015.606s][info][gc,task        ] GC(1241) Using 8 workers of 8 for evacuation
[7015.762s][info][gc,phases      ] GC(1241)   Pre Evacuate Collection Set: 0.26ms
[7015.762s][info][gc,phases      ] GC(1241)   Merge Heap Roots: 0.53ms
[7015.762s][info][gc,phases      ] GC(1241)   Evacuate Collection Set: 153.66ms
[7015.762s][info][gc,phases      ] GC(1241)   Post Evacuate Collection Set: 1.04ms
[7015.762s][info][gc,phases      ] GC(1241)   Other: 0.06ms
[7015.762s][info][gc,heap        ] GC(1241) Eden regions: 569->0(571)
[7015.762s][info][gc,heap        ] GC(1241) Survivor regions: 45->43(77)
[7015.762s][info][gc,heap        ] GC(1241) Old regions: 144->151
[7015.762s][info][gc,heap        ] GC(1241) Humongous regions: 33->33
[7015.762s][info][gc,metaspace   ] GC(1241) Metaspace: 30021K(30528K)->30021K(30528K) NonClass: 24609K(24896K)->24609K(24896K) Class: 5412K(5632K)->5412K(5632K)
[7015.762s][info][gc             ] GC(1241) Pause Young (Normal) (G1 Evacuation Pause) 6308M->1801M(8192M) 155.678ms
[7015.762s][info][gc,cpu         ] GC(1241) User=1.23s Sys=0.01s Real=0.15s
...[7018.821s][info][gc,start       ] GC(1242) Pause Young (Normal) (G1 Evacuation Pause)
[7018.821s][info][gc,task        ] GC(1242) Using 8 workers of 8 for evacuation
[7018.970s][info][gc,phases      ] GC(1242)   Pre Evacuate Collection Set: 0.27ms
[7018.970s][info][gc,phases      ] GC(1242)   Merge Heap Roots: 0.52ms
[7018.970s][info][gc,phases      ] GC(1242)   Evacuate Collection Set: 146.87ms
[7018.970s][info][gc,phases      ] GC(1242)   Post Evacuate Collection Set: 1.01ms
[7018.970s][info][gc,phases      ] GC(1242)   Other: 0.06ms
[7018.970s][info][gc,heap        ] GC(1242) Eden regions: 571->0(571)
[7018.970s][info][gc,heap        ] GC(1242) Survivor regions: 43->43(77)
[7018.970s][info][gc,heap        ] GC(1242) Old regions: 151->159
[7018.970s][info][gc,heap        ] GC(1242) Humongous regions: 33->33
[7018.970s][info][gc,metaspace   ] GC(1242) Metaspace: 30021K(30528K)->30021K(30528K) NonClass: 24609K(24896K)->24609K(24896K) Class: 5412K(5632K)->5412K(5632K)
[7018.970s][info][gc             ] GC(1242) Pause Young (Normal) (G1 Evacuation Pause) 6369M->1855M(8192M) 148.880ms
[7018.970s][info][gc,cpu         ] GC(1242) User=1.18s Sys=0.00s Real=0.15s
...[7021.927s][info][gc,start       ] GC(1243) Pause Young (Normal) (G1 Evacuation Pause)
[7021.927s][info][gc,task        ] GC(1243) Using 8 workers of 8 for evacuation
[7022.081s][info][gc,phases      ] GC(1243)   Pre Evacuate Collection Set: 0.25ms
[7022.081s][info][gc,phases      ] GC(1243)   Merge Heap Roots: 0.53ms
[7022.081s][info][gc,phases      ] GC(1243)   Evacuate Collection Set: 152.12ms
[7022.081s][info][gc,phases      ] GC(1243)   Post Evacuate Collection Set: 1.03ms
[7022.081s][info][gc,phases      ] GC(1243)   Other: 0.06ms
[7022.081s][info][gc,heap        ] GC(1243) Eden regions: 571->0(571)
[7022.081s][info][gc,heap        ] GC(1243) Survivor regions: 43->43(77)
[7022.081s][info][gc,heap        ] GC(1243) Old regions: 159->166
[7022.081s][info][gc,heap        ] GC(1243) Humongous regions: 33->33
[7022.081s][info][gc,metaspace   ] GC(1243) Metaspace: 30021K(30528K)->30021K(30528K) NonClass: 24609K(24896K)->24609K(24896K) Class: 5412K(5632K)->5412K(5632K)
[7022.081s][info][gc             ] GC(1243) Pause Young (Normal) (G1 Evacuation Pause) 6423M->1918M(8192M) 154.106ms
[7022.081s][info][gc,cpu         ] GC(1243) User=1.22s Sys=0.00s Real=0.15s
...[7025.154s][info][gc,start       ] GC(1244) Pause Young (Normal) (G1 Evacuation Pause)
[7025.154s][info][gc,task        ] GC(1244) Using 8 workers of 8 for evacuation
[7025.313s][info][gc,phases      ] GC(1244)   Pre Evacuate Collection Set: 0.22ms
[7025.313s][info][gc,phases      ] GC(1244)   Merge Heap Roots: 0.52ms
[7025.313s][info][gc,phases      ] GC(1244)   Evacuate Collection Set: 157.23ms
[7025.313s][info][gc,phases      ] GC(1244)   Post Evacuate Collection Set: 1.05ms
[7025.313s][info][gc,phases      ] GC(1244)   Other: 0.08ms
[7025.313s][info][gc,heap        ] GC(1244) Eden regions: 571->0(569)
[7025.313s][info][gc,heap        ] GC(1244) Survivor regions: 43->45(77)
[7025.313s][info][gc,heap        ] GC(1244) Old regions: 166->173
[7025.313s][info][gc,heap        ] GC(1244) Humongous regions: 33->33
[7025.313s][info][gc,metaspace   ] GC(1244) Metaspace: 30021K(30528K)->30021K(30528K) NonClass: 24609K(24896K)->24609K(24896K) Class: 5412K(5632K)->5412K(5632K)
[7025.313s][info][gc             ] GC(1244) Pause Young (Normal) (G1 Evacuation Pause) 6486M->1986M(8192M) 159.244ms
[7025.313s][info][gc,cpu         ] GC(1244) User=1.26s Sys=0.00s Real=0.15s
...[7028.199s][info][gc,start       ] GC(1245) Pause Young (Normal) (G1 Evacuation Pause)
[7028.199s][info][gc,task        ] GC(1245) Using 8 workers of 8 for evacuation
[7028.358s][info][gc,phases      ] GC(1245)   Pre Evacuate Collection Set: 0.23ms
[7028.358s][info][gc,phases      ] GC(1245)   Merge Heap Roots: 0.53ms
[7028.358s][info][gc,phases      ] GC(1245)   Evacuate Collection Set: 156.40ms
[7028.358s][info][gc,phases      ] GC(1245)   Post Evacuate Collection Set: 1.03ms
[7028.358s][info][gc,phases      ] GC(1245)   Other: 0.07ms
[7028.358s][info][gc,heap        ] GC(1245) Eden regions: 569->0(568)
[7028.358s][info][gc,heap        ] GC(1245) Survivor regions: 45->46(77)
[7028.358s][info][gc,heap        ] GC(1245) Old regions: 173->180
[7028.358s][info][gc,heap        ] GC(1245) Humongous regions: 33->33
[7028.358s][info][gc,metaspace   ] GC(1245) Metaspace: 30021K(30528K)->30021K(30528K) NonClass: 24609K(24896K)->24609K(24896K) Class: 5412K(5632K)->5412K(5632K)
[7028.358s][info][gc             ] GC(1245) Pause Young (Normal) (G1 Evacuation Pause) 6538M->2051M(8192M) 158.391ms
[7028.358s][info][gc,cpu         ] GC(1245) User=1.25s Sys=0.00s Real=0.16s
...[7031.233s][info][gc,start       ] GC(1246) Pause Young (Normal) (G1 Evacuation Pause)
[7031.233s][info][gc,task        ] GC(1246) Using 8 workers of 8 for evacuation
[7031.389s][info][gc,phases      ] GC(1246)   Pre Evacuate Collection Set: 0.22ms
[7031.389s][info][gc,phases      ] GC(1246)   Merge Heap Roots: 0.51ms
[7031.389s][info][gc,phases      ] GC(1246)   Evacuate Collection Set: 154.59ms
[7031.389s][info][gc,phases      ] GC(1246)   Post Evacuate Collection Set: 1.06ms
[7031.389s][info][gc,phases      ] GC(1246)   Other: 0.08ms
[7031.389s][info][gc,heap        ] GC(1246) Eden regions: 568->0(569)
[7031.389s][info][gc,heap        ] GC(1246) Survivor regions: 46->45(77)
[7031.389s][info][gc,heap        ] GC(1246) Old regions: 180->187
[7031.389s][info][gc,heap        ] GC(1246) Humongous regions: 33->33
[7031.389s][info][gc,metaspace   ] GC(1246) Metaspace: 30021K(30528K)->30021K(30528K) NonClass: 24609K(24896K)->24609K(24896K) Class: 5412K(5632K)->5412K(5632K)
[7031.389s][info][gc             ] GC(1246) Pause Young (Normal) (G1 Evacuation Pause) 6595M->2102M(8192M) 156.590ms
[7031.389s][info][gc,cpu         ] GC(1246) User=1.24s Sys=0.00s Real=0.16s
...[7034.464s][info][gc,start       ] GC(1247) Pause Young (Normal) (G1 Evacuation Pause)
[7034.464s][info][gc,task        ] GC(1247) Using 8 workers of 8 for evacuation
[7034.614s][info][gc,phases      ] GC(1247)   Pre Evacuate Collection Set: 0.23ms
[7034.614s][info][gc,phases      ] GC(1247)   Merge Heap Roots: 0.53ms
[7034.614s][info][gc,phases      ] GC(1247)   Evacuate Collection Set: 147.70ms
[7034.614s][info][gc,phases      ] GC(1247)   Post Evacuate Collection Set: 1.05ms
[7034.614s][info][gc,phases      ] GC(1247)   Other: 0.06ms
[7034.614s][info][gc,heap        ] GC(1247) Eden regions: 569->0(572)
[7034.614s][info][gc,heap        ] GC(1247) Survivor regions: 45->42(77)
[7034.614s][info][gc,heap        ] GC(1247) Old regions: 187->194
[7034.614s][info][gc,heap        ] GC(1247) Humongous regions: 33->33
[7034.614s][info][gc,metaspace   ] GC(1247) Metaspace: 30021K(30528K)->30021K(30528K) NonClass: 24609K(24896K)->24609K(24896K) Class: 5412K(5632K)->5412K(5632K)
[7034.614s][info][gc             ] GC(1247) Pause Young (Normal) (G1 Evacuation Pause) 6654M->2137M(8192M) 149.732ms
[7034.614s][info][gc,cpu         ] GC(1247) User=1.19s Sys=0.00s Real=0.15s
....[7037.705s][info][gc,start       ] GC(1248) Pause Young (Normal) (G1 Evacuation Pause)
[7037.705s][info][gc,task        ] GC(1248) Using 8 workers of 8 for evacuation
[7037.857s][info][gc,phases      ] GC(1248)   Pre Evacuate Collection Set: 0.22ms
[7037.857s][info][gc,phases      ] GC(1248)   Merge Heap Roots: 0.56ms
[7037.857s][info][gc,phases      ] GC(1248)   Evacuate Collection Set: 149.67ms
[7037.857s][info][gc,phases      ] GC(1248)   Post Evacuate Collection Set: 1.03ms
[7037.857s][info][gc,phases      ] GC(1248)   Other: 0.06ms
[7037.857s][info][gc,heap        ] GC(1248) Eden regions: 572->0(571)
[7037.857s][info][gc,heap        ] GC(1248) Survivor regions: 42->43(77)
[7037.857s][info][gc,heap        ] GC(1248) Old regions: 194->201
[7037.857s][info][gc,heap        ] GC(1248) Humongous regions: 33->33
[7037.857s][info][gc,metaspace   ] GC(1248) Metaspace: 30021K(30528K)->30021K(30528K) NonClass: 24609K(24896K)->24609K(24896K) Class: 5412K(5632K)->5412K(5632K)
[7037.857s][info][gc             ] GC(1248) Pause Young (Normal) (G1 Evacuation Pause) 6713M->2202M(8192M) 151.672ms
[7037.857s][info][gc,cpu         ] GC(1248) User=1.20s Sys=0.00s Real=0.15s
. (rIR:aIR:PR = 12177:12159:12141) (tPR = 178558) [OK] 
  7038s: Performance info:
         Transaction,    Success,    Partial,     Failed,   Receipts, AvgBarcode, 
             Overall,     730055,          0,          0,     693578,      59.47, 
         Response times:
             Request,    Success,    Partial,     Failed,   SkipFail,     Probes,    Samples,      min,      p50,      p90,      p95,      p99,      max, 
       TotalPurchase,     694433,          0,          0,          0,     346376,     528304,      300,    19300,   141000,   207000,   337000,  3700000,
     InStorePurchase,     369613,          0,          0,          0,     182417,     277116,      300,    19200,   142000,   206000,   316000,  3700000,
      OnlinePurchase,     252351,          0,          0,          0,     126710,     194178,      300,    19300,   140000,   207000,   347000,  3700000,
        InstPurchase,      72469,          0,          0,          0,      37249,      57010,      500,    19500,   144000,   208000,   328000,  3700000,
          AssocOfCat,        734,          0,          0,          0,        623,       1084,    35000,    79000,   192000,   244000,   382300,  1300000,
      AssocOfProduct,       7392,          0,          0,          0,       3375,       5301,      800,    19200,   140800,   213000,   346960,  1400000,
      BusinessReport,       1834,          0,          0,          0,       1650,       2704,    36000,    88000,   227000,   287000,   405500,  1400000,
          CustBuyBeh,       7334,          0,          0,          0,       3392,       5381,      700,    21000,   150000,   216000,   376540,  2900000,
       ProductReturn,      19396,          0,          0,          0,       9042,      14035,      200,    19600,   142000,   219000,   333000,  3300000,

  7038s: (89%)   IR =  12315 .[7040.813s][info][gc,start       ] GC(1249) Pause Young (Normal) (G1 Evacuation Pause)
[7040.813s][info][gc,task        ] GC(1249) Using 8 workers of 8 for evacuation
[7040.964s][info][gc,phases      ] GC(1249)   Pre Evacuate Collection Set: 0.23ms
[7040.964s][info][gc,phases      ] GC(1249)   Merge Heap Roots: 0.54ms
[7040.964s][info][gc,phases      ] GC(1249)   Evacuate Collection Set: 149.39ms
[7040.964s][info][gc,phases      ] GC(1249)   Post Evacuate Collection Set: 1.09ms
[7040.964s][info][gc,phases      ] GC(1249)   Other: 0.07ms
[7040.964s][info][gc,heap        ] GC(1249) Eden regions: 571->0(571)
[7040.964s][info][gc,heap        ] GC(1249) Survivor regions: 43->43(77)
[7040.964s][info][gc,heap        ] GC(1249) Old regions: 201->208
[7040.964s][info][gc,heap        ] GC(1249) Humongous regions: 33->33
[7040.964s][info][gc,metaspace   ] GC(1249) Metaspace: 30021K(30528K)->30021K(30528K) NonClass: 24609K(24896K)->24609K(24896K) Class: 5412K(5632K)->5412K(5632K)
[7040.964s][info][gc             ] GC(1249) Pause Young (Normal) (G1 Evacuation Pause) 6770M->2258M(8192M) 151.447ms
[7040.964s][info][gc,cpu         ] GC(1249) User=1.20s Sys=0.00s Real=0.16s
...[7043.840s][info][gc,start       ] GC(1250) Pause Young (Normal) (G1 Evacuation Pause)
[7043.840s][info][gc,task        ] GC(1250) Using 8 workers of 8 for evacuation
[7043.992s][info][gc,phases      ] GC(1250)   Pre Evacuate Collection Set: 0.23ms
[7043.992s][info][gc,phases      ] GC(1250)   Merge Heap Roots: 0.54ms
[7043.992s][info][gc,phases      ] GC(1250)   Evacuate Collection Set: 149.92ms
[7043.992s][info][gc,phases      ] GC(1250)   Post Evacuate Collection Set: 1.02ms
[7043.992s][info][gc,phases      ] GC(1250)   Other: 0.06ms
[7043.992s][info][gc,heap        ] GC(1250) Eden regions: 571->0(571)
[7043.992s][info][gc,heap        ] GC(1250) Survivor regions: 43->43(77)
[7043.992s][info][gc,heap        ] GC(1250) Old regions: 208->216
[7043.992s][info][gc,heap        ] GC(1250) Humongous regions: 33->33
[7043.992s][info][gc,metaspace   ] GC(1250) Metaspace: 30021K(30528K)->30021K(30528K) NonClass: 24609K(24896K)->24609K(24896K) Class: 5412K(5632K)->5412K(5632K)
[7043.992s][info][gc             ] GC(1250) Pause Young (Normal) (G1 Evacuation Pause) 6826M->2315M(8192M) 151.916ms
[7043.992s][info][gc,cpu         ] GC(1250) User=1.21s Sys=0.00s Real=0.15s
...[7046.950s][info][gc,start       ] GC(1251) Pause Young (Normal) (G1 Evacuation Pause)
[7046.950s][info][gc,task        ] GC(1251) Using 8 workers of 8 for evacuation
[7047.105s][info][gc,phases      ] GC(1251)   Pre Evacuate Collection Set: 0.26ms
[7047.105s][info][gc,phases      ] GC(1251)   Merge Heap Roots: 0.62ms
[7047.105s][info][gc,phases      ] GC(1251)   Evacuate Collection Set: 153.53ms
[7047.105s][info][gc,phases      ] GC(1251)   Post Evacuate Collection Set: 1.03ms
[7047.105s][info][gc,phases      ] GC(1251)   Other: 0.07ms
[7047.105s][info][gc,heap        ] GC(1251) Eden regions: 571->0(570)
[7047.105s][info][gc,heap        ] GC(1251) Survivor regions: 43->44(77)
[7047.105s][info][gc,heap        ] GC(1251) Old regions: 216->223
[7047.105s][info][gc,heap        ] GC(1251) Humongous regions: 33->33
[7047.105s][info][gc,metaspace   ] GC(1251) Metaspace: 30021K(30528K)->30021K(30528K) NonClass: 24609K(24896K)->24609K(24896K) Class: 5412K(5632K)->5412K(5632K)
[7047.105s][info][gc             ] GC(1251) Pause Young (Normal) (G1 Evacuation Pause) 6883M->2379M(8192M) 155.645ms
[7047.105s][info][gc,cpu         ] GC(1251) User=1.23s Sys=0.00s Real=0.16s
...[7050.091s][info][gc,start       ] GC(1252) Pause Young (Normal) (G1 Evacuation Pause)
[7050.091s][info][gc,task        ] GC(1252) Using 8 workers of 8 for evacuation
[7050.241s][info][gc,phases      ] GC(1252)   Pre Evacuate Collection Set: 0.25ms
[7050.241s][info][gc,phases      ] GC(1252)   Merge Heap Roots: 0.60ms
[7050.241s][info][gc,phases      ] GC(1252)   Evacuate Collection Set: 148.12ms
[7050.241s][info][gc,phases      ] GC(1252)   Post Evacuate Collection Set: 1.00ms
[7050.241s][info][gc,phases      ] GC(1252)   Other: 0.85ms
[7050.241s][info][gc,heap        ] GC(1252) Eden regions: 570->0(570)
[7050.241s][info][gc,heap        ] GC(1252) Survivor regions: 44->44(77)
[7050.241s][info][gc,heap        ] GC(1252) Old regions: 223->230
[7050.241s][info][gc,heap        ] GC(1252) Humongous regions: 33->33
[7050.241s][info][gc,metaspace   ] GC(1252) Metaspace: 30021K(30528K)->30021K(30528K) NonClass: 24609K(24896K)->24609K(24896K) Class: 5412K(5632K)->5412K(5632K)
[7050.242s][info][gc             ] GC(1252) Pause Young (Normal) (G1 Evacuation Pause) 6939M->2432M(8192M) 150.945ms
[7050.242s][info][gc,cpu         ] GC(1252) User=1.19s Sys=0.00s Real=0.15s
...[7053.100s][info][gc,start       ] GC(1253) Pause Young (Normal) (G1 Evacuation Pause)
[7053.100s][info][gc,task        ] GC(1253) Using 8 workers of 8 for evacuation
[7053.249s][info][gc,phases      ] GC(1253)   Pre Evacuate Collection Set: 0.22ms
[7053.250s][info][gc,phases      ] GC(1253)   Merge Heap Roots: 0.59ms
[7053.250s][info][gc,phases      ] GC(1253)   Evacuate Collection Set: 147.29ms
[7053.250s][info][gc,phases      ] GC(1253)   Post Evacuate Collection Set: 1.00ms
[7053.250s][info][gc,phases      ] GC(1253)   Other: 0.06ms
[7053.250s][info][gc,heap        ] GC(1253) Eden regions: 570->0(572)
[7053.250s][info][gc,heap        ] GC(1253) Survivor regions: 44->42(77)
[7053.250s][info][gc,heap        ] GC(1253) Old regions: 230->237
[7053.250s][info][gc,heap        ] GC(1253) Humongous regions: 33->33
[7053.250s][info][gc,metaspace   ] GC(1253) Metaspace: 30021K(30528K)->30021K(30528K) NonClass: 24609K(24896K)->24609K(24896K) Class: 5412K(5632K)->5412K(5632K)
[7053.250s][info][gc             ] GC(1253) Pause Young (Normal) (G1 Evacuation Pause) 6992M->2478M(8192M) 149.280ms
[7053.250s][info][gc,cpu         ] GC(1253) User=1.18s Sys=0.01s Real=0.15s
...[7056.203s][info][gc,start       ] GC(1254) Pause Young (Normal) (G1 Evacuation Pause)
[7056.203s][info][gc,task        ] GC(1254) Using 8 workers of 8 for evacuation
[7056.360s][info][gc,phases      ] GC(1254)   Pre Evacuate Collection Set: 0.22ms
[7056.360s][info][gc,phases      ] GC(1254)   Merge Heap Roots: 0.51ms
[7056.360s][info][gc,phases      ] GC(1254)   Evacuate Collection Set: 154.82ms
[7056.360s][info][gc,phases      ] GC(1254)   Post Evacuate Collection Set: 1.02ms
[7056.360s][info][gc,phases      ] GC(1254)   Other: 0.06ms
[7056.360s][info][gc,heap        ] GC(1254) Eden regions: 572->0(570)
[7056.360s][info][gc,heap        ] GC(1254) Survivor regions: 42->44(77)
[7056.360s][info][gc,heap        ] GC(1254) Old regions: 237->244
[7056.360s][info][gc,heap        ] GC(1254) Humongous regions: 33->33
[7056.360s][info][gc,metaspace   ] GC(1254) Metaspace: 30021K(30528K)->30021K(30528K) NonClass: 24609K(24896K)->24609K(24896K) Class: 5412K(5632K)->5412K(5632K)
[7056.360s][info][gc             ] GC(1254) Pause Young (Normal) (G1 Evacuation Pause) 7054M->2552M(8192M) 156.753ms
[7056.360s][info][gc,cpu         ] GC(1254) User=1.24s Sys=0.00s Real=0.16s
...[7059.196s][info][gc,start       ] GC(1255) Pause Young (Normal) (G1 Evacuation Pause)
[7059.196s][info][gc,task        ] GC(1255) Using 8 workers of 8 for evacuation
[7059.357s][info][gc,phases      ] GC(1255)   Pre Evacuate Collection Set: 0.22ms
[7059.357s][info][gc,phases      ] GC(1255)   Merge Heap Roots: 0.50ms
[7059.357s][info][gc,phases      ] GC(1255)   Evacuate Collection Set: 158.60ms
[7059.357s][info][gc,phases      ] GC(1255)   Post Evacuate Collection Set: 1.03ms
[7059.357s][info][gc,phases      ] GC(1255)   Other: 0.07ms
[7059.357s][info][gc,heap        ] GC(1255) Eden regions: 570->0(568)
[7059.357s][info][gc,heap        ] GC(1255) Survivor regions: 44->46(77)
[7059.357s][info][gc,heap        ] GC(1255) Old regions: 244->251
[7059.357s][info][gc,heap        ] GC(1255) Humongous regions: 33->33
[7059.357s][info][gc,metaspace   ] GC(1255) Metaspace: 30021K(30528K)->30021K(30528K) NonClass: 24609K(24896K)->24609K(24896K) Class: 5412K(5632K)->5412K(5632K)
[7059.357s][info][gc             ] GC(1255) Pause Young (Normal) (G1 Evacuation Pause) 7112M->2618M(8192M) 160.546ms
[7059.357s][info][gc,cpu         ] GC(1255) User=1.28s Sys=0.00s Real=0.16s
....[7062.374s][info][gc,start       ] GC(1256) Pause Young (Normal) (G1 Evacuation Pause)
[7062.374s][info][gc,task        ] GC(1256) Using 8 workers of 8 for evacuation
[7062.523s][info][gc,phases      ] GC(1256)   Pre Evacuate Collection Set: 0.23ms
[7062.523s][info][gc,phases      ] GC(1256)   Merge Heap Roots: 0.55ms
[7062.523s][info][gc,phases      ] GC(1256)   Evacuate Collection Set: 147.22ms
[7062.523s][info][gc,phases      ] GC(1256)   Post Evacuate Collection Set: 1.02ms
[7062.523s][info][gc,phases      ] GC(1256)   Other: 0.07ms
[7062.523s][info][gc,heap        ] GC(1256) Eden regions: 568->0(571)
[7062.523s][info][gc,heap        ] GC(1256) Survivor regions: 46->43(77)
[7062.523s][info][gc,heap        ] GC(1256) Old regions: 251->258
[7062.523s][info][gc,heap        ] GC(1256) Humongous regions: 33->33
[7062.523s][info][gc,metaspace   ] GC(1256) Metaspace: 30021K(30528K)->30021K(30528K) NonClass: 24609K(24896K)->24609K(24896K) Class: 5412K(5632K)->5412K(5632K)
[7062.523s][info][gc             ] GC(1256) Pause Young (Normal) (G1 Evacuation Pause) 7162M->2651M(8192M) 149.219ms
[7062.523s][info][gc,cpu         ] GC(1256) User=1.18s Sys=0.00s Real=0.14s
...[7065.515s][info][gc,start       ] GC(1257) Pause Young (Normal) (G1 Evacuation Pause)
[7065.516s][info][gc,task        ] GC(1257) Using 8 workers of 8 for evacuation
[7065.665s][info][gc,phases      ] GC(1257)   Pre Evacuate Collection Set: 0.22ms
[7065.666s][info][gc,phases      ] GC(1257)   Merge Heap Roots: 0.53ms
[7065.666s][info][gc,phases      ] GC(1257)   Evacuate Collection Set: 148.13ms
[7065.666s][info][gc,phases      ] GC(1257)   Post Evacuate Collection Set: 1.02ms
[7065.666s][info][gc,phases      ] GC(1257)   Other: 0.06ms
[7065.666s][info][gc,heap        ] GC(1257) Eden regions: 571->0(571)
[7065.666s][info][gc,heap        ] GC(1257) Survivor regions: 43->43(77)
[7065.666s][info][gc,heap        ] GC(1257) Old regions: 258->265
[7065.666s][info][gc,heap        ] GC(1257) Humongous regions: 33->33
[7065.666s][info][gc,metaspace   ] GC(1257) Metaspace: 30021K(30528K)->30021K(30528K) NonClass: 24609K(24896K)->24609K(24896K) Class: 5412K(5632K)->5412K(5632K)
[7065.666s][info][gc             ] GC(1257) Pause Young (Normal) (G1 Evacuation Pause) 7219M->2713M(8192M) 150.111ms
[7065.666s][info][gc,cpu         ] GC(1257) User=1.19s Sys=0.00s Real=0.15s
...[7068.479s][info][gc,start       ] GC(1258) Pause Young (Normal) (G1 Evacuation Pause)
[7068.479s][info][gc,task        ] GC(1258) Using 8 workers of 8 for evacuation
[7068.627s][info][gc,phases      ] GC(1258)   Pre Evacuate Collection Set: 0.23ms
[7068.627s][info][gc,phases      ] GC(1258)   Merge Heap Roots: 0.50ms
[7068.627s][info][gc,phases      ] GC(1258)   Evacuate Collection Set: 146.29ms
[7068.627s][info][gc,phases      ] GC(1258)   Post Evacuate Collection Set: 1.00ms
[7068.627s][info][gc,phases      ] GC(1258)   Other: 0.06ms
[7068.627s][info][gc,heap        ] GC(1258) Eden regions: 571->0(571)
[7068.627s][info][gc,heap        ] GC(1258) Survivor regions: 43->43(77)
[7068.627s][info][gc,heap        ] GC(1258) Old regions: 265->273
[7068.627s][info][gc,heap        ] GC(1258) Humongous regions: 33->33
[7068.627s][info][gc,metaspace   ] GC(1258) Metaspace: 30021K(30528K)->30021K(30528K) NonClass: 24609K(24896K)->24609K(24896K) Class: 5412K(5632K)->5412K(5632K)
[7068.627s][info][gc             ] GC(1258) Pause Young (Normal) (G1 Evacuation Pause) 7281M->2767M(8192M) 148.197ms
[7068.627s][info][gc,cpu         ] GC(1258) User=1.18s Sys=0.00s Real=0.15s
. (rIR:aIR:PR = 12315:12456:12390) (tPR = 184150) [IR is over limit] 
  7069s: Performance info:
         Transaction,    Success,    Partial,     Failed,   Receipts, AvgBarcode, 
             Overall,     251008,          0,          0,     238643,      59.47, 
         Response times:
             Request,    Success,    Partial,     Failed,   SkipFail,     Probes,    Samples,      min,      p50,      p90,      p95,      p99,      max, 
       TotalPurchase,     239862,          0,          0,          0,     116762,     180298,      300,    24000,   117000,   153000,   258000,  1200000,
     InStorePurchase,     126051,          0,          0,          0,      61263,      95016,      300,    24000,   116000,   153000,   259000,  1200000,
      OnlinePurchase,      88673,          0,          0,          0,      43039,      66012,      300,    24000,   116000,   153000,   258000,  1200000,
        InstPurchase,      25138,          0,          0,          0,      12460,      19270,      500,    25000,   120000,   156000,   258000,  1200000,
          AssocOfCat,        255,          0,          0,          0,        214,        352,    35000,    87000,   171700,   215350,   310880,   391000,
      AssocOfProduct,       2516,          0,          0,          0,       1179,       1869,      800,    22000,   109000,   147000,   267300,  1200000,
      BusinessReport,        634,          0,          0,          0,        574,        933,    35000,    88000,   170400,   222000,   330000,   582000,
          CustBuyBeh,       2476,          0,          0,          0,       1167,       1855,      600,    26000,   117000,   153000,   259880,  1100000,
       ProductReturn,       6591,          0,          0,          0,       3230,       5019,      300,    25000,   119000,   156000,   264000,   800000,

  7069s: 
  7069s: Failed, 9 overall retries left, retrying 1 of 1
  7069s: (89%)   IR =  12315 ..[7071.655s][info][gc,start       ] GC(1259) Pause Young (Normal) (G1 Evacuation Pause)
[7071.655s][info][gc,task        ] GC(1259) Using 8 workers of 8 for evacuation
[7071.813s][info][gc,phases      ] GC(1259)   Pre Evacuate Collection Set: 0.24ms
[7071.813s][info][gc,phases      ] GC(1259)   Merge Heap Roots: 0.51ms
[7071.813s][info][gc,phases      ] GC(1259)   Evacuate Collection Set: 155.80ms
[7071.813s][info][gc,phases      ] GC(1259)   Post Evacuate Collection Set: 1.03ms
[7071.813s][info][gc,phases      ] GC(1259)   Other: 0.06ms
[7071.813s][info][gc,heap        ] GC(1259) Eden regions: 571->0(569)
[7071.813s][info][gc,heap        ] GC(1259) Survivor regions: 43->45(77)
[7071.813s][info][gc,heap        ] GC(1259) Old regions: 273->279
[7071.813s][info][gc,heap        ] GC(1259) Humongous regions: 33->33
[7071.813s][info][gc,metaspace   ] GC(1259) Metaspace: 30021K(30528K)->30021K(30528K) NonClass: 24609K(24896K)->24609K(24896K) Class: 5412K(5632K)->5412K(5632K)
[7071.813s][info][gc             ] GC(1259) Pause Young (Normal) (G1 Evacuation Pause) 7335M->2838M(8192M) 157.792ms
[7071.813s][info][gc,cpu         ] GC(1259) User=1.25s Sys=0.00s Real=0.15s
...[7074.803s][info][gc,start       ] GC(1260) Pause Young (Normal) (G1 Evacuation Pause)
[7074.803s][info][gc,task        ] GC(1260) Using 8 workers of 8 for evacuation
[7074.960s][info][gc,phases      ] GC(1260)   Pre Evacuate Collection Set: 0.22ms
[7074.960s][info][gc,phases      ] GC(1260)   Merge Heap Roots: 0.55ms
[7074.960s][info][gc,phases      ] GC(1260)   Evacuate Collection Set: 155.00ms
[7074.960s][info][gc,phases      ] GC(1260)   Post Evacuate Collection Set: 1.07ms
[7074.960s][info][gc,phases      ] GC(1260)   Other: 0.07ms
[7074.960s][info][gc,heap        ] GC(1260) Eden regions: 569->0(564)
[7074.960s][info][gc,heap        ] GC(1260) Survivor regions: 45->44(77)
[7074.960s][info][gc,heap        ] GC(1260) Old regions: 279->287
[7074.960s][info][gc,heap        ] GC(1260) Humongous regions: 33->33
[7074.960s][info][gc,metaspace   ] GC(1260) Metaspace: 30021K(30528K)->30021K(30528K) NonClass: 24609K(24896K)->24609K(24896K) Class: 5412K(5632K)->5412K(5632K)
[7074.960s][info][gc             ] GC(1260) Pause Young (Normal) (G1 Evacuation Pause) 7390M->2891M(8192M) 157.035ms
[7074.960s][info][gc,cpu         ] GC(1260) User=1.25s Sys=0.00s Real=0.16s
...[7077.801s][info][gc,start       ] GC(1261) Pause Young (Normal) (G1 Evacuation Pause)
[7077.801s][info][gc,task        ] GC(1261) Using 8 workers of 8 for evacuation
[7077.956s][info][gc,phases      ] GC(1261)   Pre Evacuate Collection Set: 0.22ms
[7077.956s][info][gc,phases      ] GC(1261)   Merge Heap Roots: 0.53ms
[7077.956s][info][gc,phases      ] GC(1261)   Evacuate Collection Set: 153.05ms
[7077.956s][info][gc,phases      ] GC(1261)   Post Evacuate Collection Set: 1.00ms
[7077.956s][info][gc,phases      ] GC(1261)   Other: 0.07ms
[7077.956s][info][gc,heap        ] GC(1261) Eden regions: 564->0(559)
[7077.956s][info][gc,heap        ] GC(1261) Survivor regions: 44->43(76)
[7077.956s][info][gc,heap        ] GC(1261) Old regions: 287->294
[7077.956s][info][gc,heap        ] GC(1261) Humongous regions: 33->33
[7077.956s][info][gc,metaspace   ] GC(1261) Metaspace: 30021K(30528K)->30021K(30528K) NonClass: 24609K(24896K)->24609K(24896K) Class: 5412K(5632K)->5412K(5632K)
[7077.956s][info][gc             ] GC(1261) Pause Young (Normal) (G1 Evacuation Pause) 7403M->2939M(8192M) 154.993ms
[7077.956s][info][gc,cpu         ] GC(1261) User=1.23s Sys=0.00s Real=0.16s
...[7080.787s][info][gc,start       ] GC(1262) Pause Young (Normal) (G1 Evacuation Pause)
[7080.787s][info][gc,task        ] GC(1262) Using 8 workers of 8 for evacuation
[7080.940s][info][gc,phases      ] GC(1262)   Pre Evacuate Collection Set: 0.25ms
[7080.940s][info][gc,phases      ] GC(1262)   Merge Heap Roots: 0.53ms
[7080.940s][info][gc,phases      ] GC(1262)   Evacuate Collection Set: 151.76ms
[7080.940s][info][gc,phases      ] GC(1262)   Post Evacuate Collection Set: 1.02ms
[7080.940s][info][gc,phases      ] GC(1262)   Other: 0.06ms
[7080.940s][info][gc,heap        ] GC(1262) Eden regions: 559->0(550)
[7080.940s][info][gc,heap        ] GC(1262) Survivor regions: 43->44(76)
[7080.940s][info][gc,heap        ] GC(1262) Old regions: 294->301
[7080.940s][info][gc,heap        ] GC(1262) Humongous regions: 33->33
[7080.940s][info][gc,metaspace   ] GC(1262) Metaspace: 30021K(30528K)->30021K(30528K) NonClass: 24609K(24896K)->24609K(24896K) Class: 5412K(5632K)->5412K(5632K)
[7080.940s][info][gc             ] GC(1262) Pause Young (Normal) (G1 Evacuation Pause) 7411M->3004M(8192M) 153.743ms
[7080.940s][info][gc,cpu         ] GC(1262) User=1.21s Sys=0.01s Real=0.15s
.|..[7083.832s][info][gc,start       ] GC(1263) Pause Young (Normal) (G1 Evacuation Pause)
[7083.833s][info][gc,task        ] GC(1263) Using 8 workers of 8 for evacuation
[7083.983s][info][gc,phases      ] GC(1263)   Pre Evacuate Collection Set: 0.25ms
[7083.983s][info][gc,phases      ] GC(1263)   Merge Heap Roots: 0.54ms
[7083.983s][info][gc,phases      ] GC(1263)   Evacuate Collection Set: 149.09ms
[7083.983s][info][gc,phases      ] GC(1263)   Post Evacuate Collection Set: 1.00ms
[7083.984s][info][gc,phases      ] GC(1263)   Other: 0.06ms
[7083.984s][info][gc,heap        ] GC(1263) Eden regions: 550->0(544)
[7083.984s][info][gc,heap        ] GC(1263) Survivor regions: 44->43(75)
[7083.984s][info][gc,heap        ] GC(1263) Old regions: 301->309
[7083.984s][info][gc,heap        ] GC(1263) Humongous regions: 33->33
[7083.984s][info][gc,metaspace   ] GC(1263) Metaspace: 30021K(30528K)->30021K(30528K) NonClass: 24609K(24896K)->24609K(24896K) Class: 5412K(5632K)->5412K(5632K)
[7083.984s][info][gc             ] GC(1263) Pause Young (Normal) (G1 Evacuation Pause) 7404M->3060M(8192M) 151.067ms
[7083.984s][info][gc,cpu         ] GC(1263) User=1.20s Sys=0.00s Real=0.16s
...[7086.853s][info][gc,start       ] GC(1264) Pause Young (Concurrent Start) (G1 Evacuation Pause)
[7086.853s][info][gc,task        ] GC(1264) Using 8 workers of 8 for evacuation
[7087.001s][info][gc,phases      ] GC(1264)   Pre Evacuate Collection Set: 0.27ms
[7087.001s][info][gc,phases      ] GC(1264)   Merge Heap Roots: 0.57ms
[7087.001s][info][gc,phases      ] GC(1264)   Evacuate Collection Set: 146.49ms
[7087.001s][info][gc,phases      ] GC(1264)   Post Evacuate Collection Set: 1.03ms
[7087.001s][info][gc,phases      ] GC(1264)   Other: 0.08ms
[7087.001s][info][gc,heap        ] GC(1264) Eden regions: 544->0(539)
[7087.001s][info][gc,heap        ] GC(1264) Survivor regions: 43->42(74)
[7087.001s][info][gc,heap        ] GC(1264) Old regions: 309->316
[7087.001s][info][gc,heap        ] GC(1264) Humongous regions: 33->33
[7087.001s][info][gc,metaspace   ] GC(1264) Metaspace: 30021K(30528K)->30021K(30528K) NonClass: 24609K(24896K)->24609K(24896K) Class: 5412K(5632K)->5412K(5632K)
[7087.001s][info][gc             ] GC(1264) Pause Young (Concurrent Start) (G1 Evacuation Pause) 7412M->3110M(8192M) 148.574ms
[7087.001s][info][gc             ] GC(1265) Concurrent Mark Cycle
[7087.001s][info][gc,marking     ] GC(1265) Concurrent Scan Root Regions
[7087.001s][info][gc,cpu         ] GC(1264) User=1.18s Sys=0.00s Real=0.15s
[7087.369s][info][gc,marking     ] GC(1265) Concurrent Scan Root Regions 367.892ms
[7087.369s][info][gc,marking     ] GC(1265) Concurrent Mark
[7087.369s][info][gc,marking     ] GC(1265) Concurrent Mark From Roots
[7087.369s][info][gc,task        ] GC(1265) Using 2 workers of 2 for marking
..[7088.768s][info][gc,marking     ] GC(1265) Concurrent Mark From Roots 1398.501ms
[7088.768s][info][gc,marking     ] GC(1265) Concurrent Preclean
[7088.768s][info][gc,marking     ] GC(1265) Concurrent Preclean 0.142ms
[7088.768s][info][gc,start       ] GC(1265) Pause Remark
[7088.770s][info][gc             ] GC(1265) Pause Remark 5114M->4546M(8192M) 2.290ms
[7088.770s][info][gc,cpu         ] GC(1265) User=0.02s Sys=0.00s Real=0.00s
[7088.770s][info][gc,marking     ] GC(1265) Concurrent Mark 1401.309ms
[7088.770s][info][gc,marking     ] GC(1265) Concurrent Rebuild Remembered Sets and Scrub Regions
.[7089.692s][info][gc,marking     ] GC(1265) Concurrent Rebuild Remembered Sets and Scrub Regions 921.514ms
[7089.692s][info][gc,start       ] GC(1265) Pause Cleanup
[7089.692s][info][gc             ] GC(1265) Pause Cleanup 5766M->5766M(8192M) 0.282ms
[7089.692s][info][gc,cpu         ] GC(1265) User=0.00s Sys=0.00s Real=0.00s
[7089.693s][info][gc,marking     ] GC(1265) Concurrent Clear Claimed Marks
[7089.693s][info][gc,marking     ] GC(1265) Concurrent Clear Claimed Marks 0.042ms
[7089.693s][info][gc,marking     ] GC(1265) Concurrent Cleanup for Next Mark
[7089.702s][info][gc,marking     ] GC(1265) Concurrent Cleanup for Next Mark 9.671ms
[7089.702s][info][gc             ] GC(1265) Concurrent Mark Cycle 2701.152ms
[7090.368s][info][gc,start       ] GC(1266) Pause Young (Prepare Mixed) (G1 Evacuation Pause)
[7090.368s][info][gc,task        ] GC(1266) Using 8 workers of 8 for evacuation
[7090.520s][info][gc,phases      ] GC(1266)   Pre Evacuate Collection Set: 0.24ms
[7090.520s][info][gc,phases      ] GC(1266)   Merge Heap Roots: 0.73ms
[7090.520s][info][gc,phases      ] GC(1266)   Evacuate Collection Set: 149.22ms
[7090.520s][info][gc,phases      ] GC(1266)   Post Evacuate Collection Set: 1.06ms
[7090.520s][info][gc,phases      ] GC(1266)   Other: 0.08ms
[7090.520s][info][gc,heap        ] GC(1266) Eden regions: 539->0(571)
[7090.520s][info][gc,heap        ] GC(1266) Survivor regions: 42->43(73)
[7090.520s][info][gc,heap        ] GC(1266) Old regions: 245->253
[7090.520s][info][gc,heap        ] GC(1266) Humongous regions: 33->33
[7090.520s][info][gc,metaspace   ] GC(1266) Metaspace: 30021K(30528K)->30021K(30528K) NonClass: 24609K(24896K)->24609K(24896K) Class: 5412K(5632K)->5412K(5632K)
[7090.520s][info][gc             ] GC(1266) Pause Young (Prepare Mixed) (G1 Evacuation Pause) 6854M->2616M(8192M) 151.468ms
[7090.520s][info][gc,cpu         ] GC(1266) User=1.20s Sys=0.00s Real=0.15s
...[7093.330s][info][gc,start       ] GC(1267) Pause Young (Mixed) (G1 Evacuation Pause)
[7093.330s][info][gc,task        ] GC(1267) Using 8 workers of 8 for evacuation
[7093.492s][info][gc,phases      ] GC(1267)   Pre Evacuate Collection Set: 0.24ms
[7093.492s][info][gc,phases      ] GC(1267)   Merge Heap Roots: 0.79ms
[7093.492s][info][gc,phases      ] GC(1267)   Evacuate Collection Set: 160.10ms
[7093.492s][info][gc,phases      ] GC(1267)   Post Evacuate Collection Set: 1.21ms
[7093.492s][info][gc,phases      ] GC(1267)   Other: 0.07ms
[7093.492s][info][gc,heap        ] GC(1267) Eden regions: 571->0(570)
[7093.492s][info][gc,heap        ] GC(1267) Survivor regions: 43->44(77)
[7093.492s][info][gc,heap        ] GC(1267) Old regions: 253->158
[7093.492s][info][gc,heap        ] GC(1267) Humongous regions: 33->33
[7093.492s][info][gc,metaspace   ] GC(1267) Metaspace: 30021K(30528K)->30021K(30528K) NonClass: 24609K(24896K)->24609K(24896K) Class: 5412K(5632K)->5412K(5632K)
[7093.492s][info][gc             ] GC(1267) Pause Young (Mixed) (G1 Evacuation Pause) 7184M->1859M(8192M) 162.557ms
[7093.492s][info][gc,cpu         ] GC(1267) User=1.29s Sys=0.00s Real=0.16s
...[7096.300s][info][gc,start       ] GC(1268) Pause Young (Mixed) (G1 Evacuation Pause)
[7096.300s][info][gc,task        ] GC(1268) Using 8 workers of 8 for evacuation
[7096.466s][info][gc,phases      ] GC(1268)   Pre Evacuate Collection Set: 0.25ms
[7096.466s][info][gc,phases      ] GC(1268)   Merge Heap Roots: 0.75ms
[7096.466s][info][gc,phases      ] GC(1268)   Evacuate Collection Set: 164.37ms
[7096.466s][info][gc,phases      ] GC(1268)   Post Evacuate Collection Set: 1.03ms
[7096.466s][info][gc,phases      ] GC(1268)   Other: 0.07ms
[7096.466s][info][gc,heap        ] GC(1268) Eden regions: 570->0(569)
[7096.466s][info][gc,heap        ] GC(1268) Survivor regions: 44->45(77)
[7096.466s][info][gc,heap        ] GC(1268) Old regions: 158->143
[7096.466s][info][gc,heap        ] GC(1268) Humongous regions: 33->33
[7096.466s][info][gc,metaspace   ] GC(1268) Metaspace: 30021K(30528K)->30021K(30528K) NonClass: 24609K(24896K)->24609K(24896K) Class: 5412K(5632K)->5412K(5632K)
[7096.466s][info][gc             ] GC(1268) Pause Young (Mixed) (G1 Evacuation Pause) 6419M->1753M(8192M) 166.613ms
[7096.466s][info][gc,cpu         ] GC(1268) User=1.32s Sys=0.00s Real=0.17s
...[7099.290s][info][gc,start       ] GC(1269) Pause Young (Normal) (G1 Evacuation Pause)
[7099.290s][info][gc,task        ] GC(1269) Using 8 workers of 8 for evacuation
[7099.442s][info][gc,phases      ] GC(1269)   Pre Evacuate Collection Set: 0.23ms
[7099.442s][info][gc,phases      ] GC(1269)   Merge Heap Roots: 0.53ms
[7099.442s][info][gc,phases      ] GC(1269)   Evacuate Collection Set: 150.06ms
[7099.442s][info][gc,phases      ] GC(1269)   Post Evacuate Collection Set: 1.02ms
[7099.442s][info][gc,phases      ] GC(1269)   Other: 0.06ms
[7099.442s][info][gc,heap        ] GC(1269) Eden regions: 569->0(571)
[7099.442s][info][gc,heap        ] GC(1269) Survivor regions: 45->43(77)
[7099.442s][info][gc,heap        ] GC(1269) Old regions: 143->151
[7099.442s][info][gc,heap        ] GC(1269) Humongous regions: 33->33
[7099.442s][info][gc,metaspace   ] GC(1269) Metaspace: 30021K(30528K)->30021K(30528K) NonClass: 24609K(24896K)->24609K(24896K) Class: 5412K(5632K)->5412K(5632K)
[7099.442s][info][gc             ] GC(1269) Pause Young (Normal) (G1 Evacuation Pause) 6305M->1795M(8192M) 152.040ms
[7099.442s][info][gc,cpu         ] GC(1269) User=1.20s Sys=0.00s Real=0.15s
...[7102.252s][info][gc,start       ] GC(1270) Pause Young (Normal) (G1 Evacuation Pause)
[7102.252s][info][gc,task        ] GC(1270) Using 8 workers of 8 for evacuation
[7102.406s][info][gc,phases      ] GC(1270)   Pre Evacuate Collection Set: 0.22ms
[7102.406s][info][gc,phases      ] GC(1270)   Merge Heap Roots: 0.54ms
[7102.406s][info][gc,phases      ] GC(1270)   Evacuate Collection Set: 151.95ms
[7102.406s][info][gc,phases      ] GC(1270)   Post Evacuate Collection Set: 0.99ms
[7102.406s][info][gc,phases      ] GC(1270)   Other: 0.06ms
[7102.406s][info][gc,heap        ] GC(1270) Eden regions: 571->0(570)
[7102.406s][info][gc,heap        ] GC(1270) Survivor regions: 43->44(77)
[7102.406s][info][gc,heap        ] GC(1270) Old regions: 151->158
[7102.406s][info][gc,heap        ] GC(1270) Humongous regions: 33->33
[7102.406s][info][gc,metaspace   ] GC(1270) Metaspace: 30021K(30528K)->30021K(30528K) NonClass: 24609K(24896K)->24609K(24896K) Class: 5412K(5632K)->5412K(5632K)
[7102.406s][info][gc             ] GC(1270) Pause Young (Normal) (G1 Evacuation Pause) 6363M->1860M(8192M) 153.888ms
[7102.406s][info][gc,cpu         ] GC(1270) User=1.22s Sys=0.00s Real=0.16s
...[7105.306s][info][gc,start       ] GC(1271) Pause Young (Normal) (G1 Evacuation Pause)
[7105.306s][info][gc,task        ] GC(1271) Using 8 workers of 8 for evacuation
[7105.468s][info][gc,phases      ] GC(1271)   Pre Evacuate Collection Set: 0.21ms
[7105.468s][info][gc,phases      ] GC(1271)   Merge Heap Roots: 0.51ms
[7105.468s][info][gc,phases      ] GC(1271)   Evacuate Collection Set: 160.43ms
[7105.468s][info][gc,phases      ] GC(1271)   Post Evacuate Collection Set: 0.98ms
[7105.468s][info][gc,phases      ] GC(1271)   Other: 0.06ms
[7105.468s][info][gc,heap        ] GC(1271) Eden regions: 570->0(568)
[7105.468s][info][gc,heap        ] GC(1271) Survivor regions: 44->46(77)
[7105.468s][info][gc,heap        ] GC(1271) Old regions: 158->165
[7105.468s][info][gc,heap        ] GC(1271) Humongous regions: 33->33
[7105.468s][info][gc,metaspace   ] GC(1271) Metaspace: 30021K(30528K)->30021K(30528K) NonClass: 24609K(24896K)->24609K(24896K) Class: 5412K(5632K)->5412K(5632K)
[7105.468s][info][gc             ] GC(1271) Pause Young (Normal) (G1 Evacuation Pause) 6420M->1927M(8192M) 162.334ms
[7105.468s][info][gc,cpu         ] GC(1271) User=1.28s Sys=0.00s Real=0.16s
...[7108.405s][info][gc,start       ] GC(1272) Pause Young (Normal) (G1 Evacuation Pause)
[7108.405s][info][gc,task        ] GC(1272) Using 8 workers of 8 for evacuation
[7108.559s][info][gc,phases      ] GC(1272)   Pre Evacuate Collection Set: 0.24ms
[7108.559s][info][gc,phases      ] GC(1272)   Merge Heap Roots: 0.50ms
[7108.559s][info][gc,phases      ] GC(1272)   Evacuate Collection Set: 152.09ms
[7108.559s][info][gc,phases      ] GC(1272)   Post Evacuate Collection Set: 1.02ms
[7108.559s][info][gc,phases      ] GC(1272)   Other: 0.06ms
[7108.559s][info][gc,heap        ] GC(1272) Eden regions: 568->0(571)
[7108.559s][info][gc,heap        ] GC(1272) Survivor regions: 46->43(77)
[7108.559s][info][gc,heap        ] GC(1272) Old regions: 165->172
[7108.559s][info][gc,heap        ] GC(1272) Humongous regions: 33->33
[7108.559s][info][gc,metaspace   ] GC(1272) Metaspace: 30021K(30528K)->30021K(30528K) NonClass: 24609K(24896K)->24609K(24896K) Class: 5412K(5632K)->5412K(5632K)
[7108.559s][info][gc             ] GC(1272) Pause Young (Normal) (G1 Evacuation Pause) 6471M->1967M(8192M) 154.050ms
[7108.559s][info][gc,cpu         ] GC(1272) User=1.21s Sys=0.00s Real=0.15s
...[7111.401s][info][gc,start       ] GC(1273) Pause Young (Normal) (G1 Evacuation Pause)
[7111.401s][info][gc,task        ] GC(1273) Using 8 workers of 8 for evacuation
[7111.549s][info][gc,phases      ] GC(1273)   Pre Evacuate Collection Set: 0.24ms
[7111.549s][info][gc,phases      ] GC(1273)   Merge Heap Roots: 0.55ms
[7111.549s][info][gc,phases      ] GC(1273)   Evacuate Collection Set: 146.51ms
[7111.549s][info][gc,phases      ] GC(1273)   Post Evacuate Collection Set: 1.01ms
[7111.549s][info][gc,phases      ] GC(1273)   Other: 0.06ms
[7111.549s][info][gc,heap        ] GC(1273) Eden regions: 571->0(571)
[7111.549s][info][gc,heap        ] GC(1273) Survivor regions: 43->43(77)
[7111.549s][info][gc,heap        ] GC(1273) Old regions: 172->179
[7111.549s][info][gc,heap        ] GC(1273) Humongous regions: 33->33
[7111.549s][info][gc,metaspace   ] GC(1273) Metaspace: 30021K(30528K)->30021K(30528K) NonClass: 24609K(24896K)->24609K(24896K) Class: 5412K(5632K)->5412K(5632K)
[7111.549s][info][gc             ] GC(1273) Pause Young (Normal) (G1 Evacuation Pause) 6535M->2019M(8192M) 148.503ms
[7111.549s][info][gc,cpu         ] GC(1273) User=1.18s Sys=0.00s Real=0.15s
...[7114.489s][info][gc,start       ] GC(1274) Pause Young (Normal) (G1 Evacuation Pause)
[7114.489s][info][gc,task        ] GC(1274) Using 8 workers of 8 for evacuation
[7114.646s][info][gc,phases      ] GC(1274)   Pre Evacuate Collection Set: 0.24ms
[7114.646s][info][gc,phases      ] GC(1274)   Merge Heap Roots: 0.54ms
[7114.646s][info][gc,phases      ] GC(1274)   Evacuate Collection Set: 154.59ms
[7114.646s][info][gc,phases      ] GC(1274)   Post Evacuate Collection Set: 1.03ms
[7114.646s][info][gc,phases      ] GC(1274)   Other: 0.06ms
[7114.646s][info][gc,heap        ] GC(1274) Eden regions: 571->0(570)
[7114.646s][info][gc,heap        ] GC(1274) Survivor regions: 43->44(77)
[7114.646s][info][gc,heap        ] GC(1274) Old regions: 179->186
[7114.646s][info][gc,heap        ] GC(1274) Humongous regions: 33->33
[7114.646s][info][gc,metaspace   ] GC(1274) Metaspace: 30021K(30528K)->30021K(30528K) NonClass: 24609K(24896K)->24609K(24896K) Class: 5412K(5632K)->5412K(5632K)
[7114.646s][info][gc             ] GC(1274) Pause Young (Normal) (G1 Evacuation Pause) 6587M->2081M(8192M) 156.593ms
[7114.646s][info][gc,cpu         ] GC(1274) User=1.24s Sys=0.00s Real=0.16s
....[7117.681s][info][gc,start       ] GC(1275) Pause Young (Normal) (G1 Evacuation Pause)
[7117.681s][info][gc,task        ] GC(1275) Using 8 workers of 8 for evacuation
[7117.833s][info][gc,phases      ] GC(1275)   Pre Evacuate Collection Set: 0.24ms
[7117.834s][info][gc,phases      ] GC(1275)   Merge Heap Roots: 0.56ms
[7117.834s][info][gc,phases      ] GC(1275)   Evacuate Collection Set: 150.64ms
[7117.834s][info][gc,phases      ] GC(1275)   Post Evacuate Collection Set: 1.03ms
[7117.834s][info][gc,phases      ] GC(1275)   Other: 0.06ms
[7117.834s][info][gc,heap        ] GC(1275) Eden regions: 570->0(571)
[7117.834s][info][gc,heap        ] GC(1275) Survivor regions: 44->43(77)
[7117.834s][info][gc,heap        ] GC(1275) Old regions: 186->193
[7117.834s][info][gc,heap        ] GC(1275) Humongous regions: 33->33
[7117.834s][info][gc,metaspace   ] GC(1275) Metaspace: 30021K(30528K)->30021K(30528K) NonClass: 24609K(24896K)->24609K(24896K) Class: 5412K(5632K)->5412K(5632K)
[7117.834s][info][gc             ] GC(1275) Pause Young (Normal) (G1 Evacuation Pause) 6641M->2136M(8192M) 152.657ms
[7117.834s][info][gc,cpu         ] GC(1275) User=1.21s Sys=0.00s Real=0.16s
...[7120.735s][info][gc,start       ] GC(1276) Pause Young (Normal) (G1 Evacuation Pause)
[7120.736s][info][gc,task        ] GC(1276) Using 8 workers of 8 for evacuation
[7120.895s][info][gc,phases      ] GC(1276)   Pre Evacuate Collection Set: 0.22ms
[7120.895s][info][gc,phases      ] GC(1276)   Merge Heap Roots: 0.57ms
[7120.895s][info][gc,phases      ] GC(1276)   Evacuate Collection Set: 157.83ms
[7120.895s][info][gc,phases      ] GC(1276)   Post Evacuate Collection Set: 1.03ms
[7120.895s][info][gc,phases      ] GC(1276)   Other: 0.09ms
[7120.895s][info][gc,heap        ] GC(1276) Eden regions: 571->0(569)
[7120.895s][info][gc,heap        ] GC(1276) Survivor regions: 43->45(77)
[7120.895s][info][gc,heap        ] GC(1276) Old regions: 193->201
[7120.895s][info][gc,heap        ] GC(1276) Humongous regions: 33->33
[7120.895s][info][gc,metaspace   ] GC(1276) Metaspace: 30021K(30528K)->30021K(30528K) NonClass: 24609K(24896K)->24609K(24896K) Class: 5412K(5632K)->5412K(5632K)
[7120.895s][info][gc             ] GC(1276) Pause Young (Normal) (G1 Evacuation Pause) 6704M->2207M(8192M) 159.877ms
[7120.895s][info][gc,cpu         ] GC(1276) User=1.27s Sys=0.00s Real=0.16s
...[7123.932s][info][gc,start       ] GC(1277) Pause Young (Normal) (G1 Evacuation Pause)
[7123.932s][info][gc,task        ] GC(1277) Using 8 workers of 8 for evacuation
[7124.091s][info][gc,phases      ] GC(1277)   Pre Evacuate Collection Set: 0.22ms
[7124.092s][info][gc,phases      ] GC(1277)   Merge Heap Roots: 0.56ms
[7124.092s][info][gc,phases      ] GC(1277)   Evacuate Collection Set: 157.47ms
[7124.092s][info][gc,phases      ] GC(1277)   Post Evacuate Collection Set: 1.07ms
[7124.092s][info][gc,phases      ] GC(1277)   Other: 0.07ms
[7124.092s][info][gc,heap        ] GC(1277) Eden regions: 569->0(569)
[7124.092s][info][gc,heap        ] GC(1277) Survivor regions: 45->45(77)
[7124.092s][info][gc,heap        ] GC(1277) Old regions: 201->208
[7124.092s][info][gc,heap        ] GC(1277) Humongous regions: 33->33
[7124.092s][info][gc,metaspace   ] GC(1277) Metaspace: 30021K(30528K)->30021K(30528K) NonClass: 24609K(24896K)->24609K(24896K) Class: 5412K(5632K)->5412K(5632K)
[7124.092s][info][gc             ] GC(1277) Pause Young (Normal) (G1 Evacuation Pause) 6759M->2266M(8192M) 159.514ms
[7124.092s][info][gc,cpu         ] GC(1277) User=1.26s Sys=0.00s Real=0.16s
...[7127.002s][info][gc,start       ] GC(1278) Pause Young (Normal) (G1 Evacuation Pause)
[7127.002s][info][gc,task        ] GC(1278) Using 8 workers of 8 for evacuation
[7127.152s][info][gc,phases      ] GC(1278)   Pre Evacuate Collection Set: 0.25ms
[7127.152s][info][gc,phases      ] GC(1278)   Merge Heap Roots: 0.53ms
[7127.152s][info][gc,phases      ] GC(1278)   Evacuate Collection Set: 148.39ms
[7127.152s][info][gc,phases      ] GC(1278)   Post Evacuate Collection Set: 1.01ms
[7127.152s][info][gc,phases      ] GC(1278)   Other: 0.06ms
[7127.152s][info][gc,heap        ] GC(1278) Eden regions: 569->0(571)
[7127.152s][info][gc,heap        ] GC(1278) Survivor regions: 45->43(77)
[7127.152s][info][gc,heap        ] GC(1278) Old regions: 208->215
[7127.152s][info][gc,heap        ] GC(1278) Humongous regions: 33->33
[7127.152s][info][gc,metaspace   ] GC(1278) Metaspace: 30021K(30528K)->30021K(30528K) NonClass: 24609K(24896K)->24609K(24896K) Class: 5412K(5632K)->5412K(5632K)
[7127.152s][info][gc             ] GC(1278) Pause Young (Normal) (G1 Evacuation Pause) 6818M->2311M(8192M) 150.400ms
[7127.152s][info][gc,cpu         ] GC(1278) User=1.19s Sys=0.00s Real=0.15s
...[7130.190s][info][gc,start       ] GC(1279) Pause Young (Normal) (G1 Evacuation Pause)
[7130.190s][info][gc,task        ] GC(1279) Using 8 workers of 8 for evacuation
[7130.341s][info][gc,phases      ] GC(1279)   Pre Evacuate Collection Set: 0.23ms
[7130.342s][info][gc,phases      ] GC(1279)   Merge Heap Roots: 0.53ms
[7130.342s][info][gc,phases      ] GC(1279)   Evacuate Collection Set: 149.88ms
[7130.342s][info][gc,phases      ] GC(1279)   Post Evacuate Collection Set: 1.04ms
[7130.342s][info][gc,phases      ] GC(1279)   Other: 0.06ms
[7130.342s][info][gc,heap        ] GC(1279) Eden regions: 571->0(571)
[7130.342s][info][gc,heap        ] GC(1279) Survivor regions: 43->43(77)
[7130.342s][info][gc,heap        ] GC(1279) Old regions: 215->222
[7130.342s][info][gc,heap        ] GC(1279) Humongous regions: 33->33
[7130.342s][info][gc,metaspace   ] GC(1279) Metaspace: 30021K(30528K)->30021K(30528K) NonClass: 24609K(24896K)->24609K(24896K) Class: 5412K(5632K)->5412K(5632K)
[7130.342s][info][gc             ] GC(1279) Pause Young (Normal) (G1 Evacuation Pause) 6879M->2368M(8192M) 151.898ms
[7130.342s][info][gc,cpu         ] GC(1279) User=1.21s Sys=0.00s Real=0.15s
...[7133.218s][info][gc,start       ] GC(1280) Pause Young (Normal) (G1 Evacuation Pause)
[7133.218s][info][gc,task        ] GC(1280) Using 8 workers of 8 for evacuation
[7133.382s][info][gc,phases      ] GC(1280)   Pre Evacuate Collection Set: 0.23ms
[7133.382s][info][gc,phases      ] GC(1280)   Merge Heap Roots: 0.51ms
[7133.382s][info][gc,phases      ] GC(1280)   Evacuate Collection Set: 162.34ms
[7133.382s][info][gc,phases      ] GC(1280)   Post Evacuate Collection Set: 1.03ms
[7133.382s][info][gc,phases      ] GC(1280)   Other: 0.06ms
[7133.382s][info][gc,heap        ] GC(1280) Eden regions: 571->0(567)
[7133.382s][info][gc,heap        ] GC(1280) Survivor regions: 43->47(77)
[7133.382s][info][gc,heap        ] GC(1280) Old regions: 222->229
[7133.382s][info][gc,heap        ] GC(1280) Humongous regions: 33->33
[7133.382s][info][gc,metaspace   ] GC(1280) Metaspace: 30021K(30528K)->30021K(30528K) NonClass: 24609K(24896K)->24609K(24896K) Class: 5412K(5632K)->5412K(5632K)
[7133.382s][info][gc             ] GC(1280) Pause Young (Normal) (G1 Evacuation Pause) 6936M->2453M(8192M) 164.308ms
[7133.382s][info][gc,cpu         ] GC(1280) User=1.30s Sys=0.01s Real=0.16s
...[7136.296s][info][gc,start       ] GC(1281) Pause Young (Normal) (G1 Evacuation Pause)
[7136.296s][info][gc,task        ] GC(1281) Using 8 workers of 8 for evacuation
[7136.456s][info][gc,phases      ] GC(1281)   Pre Evacuate Collection Set: 0.22ms
[7136.456s][info][gc,phases      ] GC(1281)   Merge Heap Roots: 0.53ms
[7136.456s][info][gc,phases      ] GC(1281)   Evacuate Collection Set: 157.41ms
[7136.456s][info][gc,phases      ] GC(1281)   Post Evacuate Collection Set: 1.02ms
[7136.456s][info][gc,phases      ] GC(1281)   Other: 0.08ms
[7136.456s][info][gc,heap        ] GC(1281) Eden regions: 567->0(568)
[7136.456s][info][gc,heap        ] GC(1281) Survivor regions: 47->46(77)
[7136.456s][info][gc,heap        ] GC(1281) Old regions: 229->237
[7136.456s][info][gc,heap        ] GC(1281) Humongous regions: 33->33
[7136.456s][info][gc,metaspace   ] GC(1281) Metaspace: 30021K(30528K)->30021K(30528K) NonClass: 24609K(24896K)->24609K(24896K) Class: 5412K(5632K)->5412K(5632K)
[7136.456s][info][gc             ] GC(1281) Pause Young (Normal) (G1 Evacuation Pause) 6989M->2507M(8192M) 159.387ms
[7136.456s][info][gc,cpu         ] GC(1281) User=1.26s Sys=0.00s Real=0.16s
...[7139.399s][info][gc,start       ] GC(1282) Pause Young (Normal) (G1 Evacuation Pause)
[7139.399s][info][gc,task        ] GC(1282) Using 8 workers of 8 for evacuation
[7139.549s][info][gc,phases      ] GC(1282)   Pre Evacuate Collection Set: 0.23ms
[7139.549s][info][gc,phases      ] GC(1282)   Merge Heap Roots: 0.51ms
[7139.549s][info][gc,phases      ] GC(1282)   Evacuate Collection Set: 148.38ms
[7139.549s][info][gc,phases      ] GC(1282)   Post Evacuate Collection Set: 1.01ms
[7139.549s][info][gc,phases      ] GC(1282)   Other: 0.06ms
[7139.549s][info][gc,heap        ] GC(1282) Eden regions: 568->0(571)
[7139.549s][info][gc,heap        ] GC(1282) Survivor regions: 46->43(77)
[7139.549s][info][gc,heap        ] GC(1282) Old regions: 237->244
[7139.549s][info][gc,heap        ] GC(1282) Humongous regions: 33->33
[7139.549s][info][gc,metaspace   ] GC(1282) Metaspace: 30021K(30528K)->30021K(30528K) NonClass: 24609K(24896K)->24609K(24896K) Class: 5412K(5632K)->5412K(5632K)
[7139.549s][info][gc             ] GC(1282) Pause Young (Normal) (G1 Evacuation Pause) 7051M->2537M(8192M) 150.322ms
[7139.549s][info][gc,cpu         ] GC(1282) User=1.20s Sys=0.00s Real=0.15s
... (rIR:aIR:PR = 12315:12283:12308) (tPR = 184452) [OK] 
  7141s: Performance info:
         Transaction,    Success,    Partial,     Failed,   Receipts, AvgBarcode, 
             Overall,     740741,          0,          0,     703612,      59.48, 
         Response times:
             Request,    Success,    Partial,     Failed,   SkipFail,     Probes,    Samples,      min,      p50,      p90,      p95,      p99,      max, 
       TotalPurchase,     702202,          0,          0,          0,     339966,     435794,      300,    30000,   168000,   206000,   289000,  5400000,
     InStorePurchase,     366113,          0,          0,          0,     178129,     228903,      300,    30000,   170000,   207000,   301000,  5400000,
      OnlinePurchase,     262611,          0,          0,          0,     125753,     160667,      400,    31000,   166000,   204000,   278000,  5400000,
        InstPurchase,      73478,          0,          0,          0,      36084,      46224,      500,    31000,   166000,   203000,   278000,  5400000,
          AssocOfCat,        740,          0,          0,          0,        603,        860,    35000,    87000,   234000,   259000,   339780,   505000,
      AssocOfProduct,       7421,          0,          0,          0,       3433,       4519,      700,    32000,   168000,   212000,   280800,  2600000,
      BusinessReport,       1854,          0,          0,          0,       1672,       2261,    33000,   100000,   242000,   275000,   353000,   588000,
          CustBuyBeh,       7491,          0,          0,          0,       3475,       4616,      500,    29000,   161000,   197000,   285490,  1700000,
       ProductReturn,      19561,          0,          0,          0,       9179,      11706,      200,    32000,   164000,   207000,   284000,  1700000,

  7141s: (90%)   IR =  12453 [7142.560s][info][gc,start       ] GC(1283) Pause Young (Normal) (G1 Evacuation Pause)
[7142.560s][info][gc,task        ] GC(1283) Using 8 workers of 8 for evacuation
[7142.713s][info][gc,phases      ] GC(1283)   Pre Evacuate Collection Set: 0.23ms
[7142.713s][info][gc,phases      ] GC(1283)   Merge Heap Roots: 0.54ms
[7142.713s][info][gc,phases      ] GC(1283)   Evacuate Collection Set: 151.30ms
[7142.713s][info][gc,phases      ] GC(1283)   Post Evacuate Collection Set: 1.05ms
[7142.713s][info][gc,phases      ] GC(1283)   Other: 0.06ms
[7142.713s][info][gc,heap        ] GC(1283) Eden regions: 571->0(571)
[7142.713s][info][gc,heap        ] GC(1283) Survivor regions: 43->43(77)
[7142.713s][info][gc,heap        ] GC(1283) Old regions: 244->251
[7142.713s][info][gc,heap        ] GC(1283) Humongous regions: 33->33
[7142.713s][info][gc,metaspace   ] GC(1283) Metaspace: 30021K(30528K)->30021K(30528K) NonClass: 24609K(24896K)->24609K(24896K) Class: 5412K(5632K)->5412K(5632K)
[7142.713s][info][gc             ] GC(1283) Pause Young (Normal) (G1 Evacuation Pause) 7105M->2596M(8192M) 153.307ms
[7142.713s][info][gc,cpu         ] GC(1283) User=1.21s Sys=0.00s Real=0.15s
...[7145.567s][info][gc,start       ] GC(1284) Pause Young (Normal) (G1 Evacuation Pause)
[7145.567s][info][gc,task        ] GC(1284) Using 8 workers of 8 for evacuation
[7145.719s][info][gc,phases      ] GC(1284)   Pre Evacuate Collection Set: 0.22ms
[7145.719s][info][gc,phases      ] GC(1284)   Merge Heap Roots: 0.52ms
[7145.719s][info][gc,phases      ] GC(1284)   Evacuate Collection Set: 150.05ms
[7145.719s][info][gc,phases      ] GC(1284)   Post Evacuate Collection Set: 1.05ms
[7145.719s][info][gc,phases      ] GC(1284)   Other: 0.07ms
[7145.719s][info][gc,heap        ] GC(1284) Eden regions: 571->0(571)
[7145.719s][info][gc,heap        ] GC(1284) Survivor regions: 43->43(77)
[7145.719s][info][gc,heap        ] GC(1284) Old regions: 251->258
[7145.719s][info][gc,heap        ] GC(1284) Humongous regions: 33->33
[7145.719s][info][gc,metaspace   ] GC(1284) Metaspace: 30021K(30528K)->30021K(30528K) NonClass: 24609K(24896K)->24609K(24896K) Class: 5412K(5632K)->5412K(5632K)
[7145.719s][info][gc             ] GC(1284) Pause Young (Normal) (G1 Evacuation Pause) 7164M->2656M(8192M) 152.060ms
[7145.719s][info][gc,cpu         ] GC(1284) User=1.21s Sys=0.00s Real=0.15s
...[7148.629s][info][gc,start       ] GC(1285) Pause Young (Normal) (G1 Evacuation Pause)
[7148.629s][info][gc,task        ] GC(1285) Using 8 workers of 8 for evacuation
[7148.780s][info][gc,phases      ] GC(1285)   Pre Evacuate Collection Set: 0.25ms
[7148.780s][info][gc,phases      ] GC(1285)   Merge Heap Roots: 0.62ms
[7148.780s][info][gc,phases      ] GC(1285)   Evacuate Collection Set: 149.10ms
[7148.780s][info][gc,phases      ] GC(1285)   Post Evacuate Collection Set: 1.04ms
[7148.780s][info][gc,phases      ] GC(1285)   Other: 0.06ms
[7148.780s][info][gc,heap        ] GC(1285) Eden regions: 571->0(571)
[7148.780s][info][gc,heap        ] GC(1285) Survivor regions: 43->43(77)
[7148.780s][info][gc,heap        ] GC(1285) Old regions: 258->266
[7148.780s][info][gc,heap        ] GC(1285) Humongous regions: 33->33
[7148.780s][info][gc,metaspace   ] GC(1285) Metaspace: 30021K(30528K)->30021K(30528K) NonClass: 24609K(24896K)->24609K(24896K) Class: 5412K(5632K)->5412K(5632K)
[7148.780s][info][gc             ] GC(1285) Pause Young (Normal) (G1 Evacuation Pause) 7224M->2712M(8192M) 151.223ms
[7148.780s][info][gc,cpu         ] GC(1285) User=1.19s Sys=0.01s Real=0.15s
...[7151.740s][info][gc,start       ] GC(1286) Pause Young (Normal) (G1 Evacuation Pause)
[7151.740s][info][gc,task        ] GC(1286) Using 8 workers of 8 for evacuation
[7151.889s][info][gc,phases      ] GC(1286)   Pre Evacuate Collection Set: 0.25ms
[7151.889s][info][gc,phases      ] GC(1286)   Merge Heap Roots: 0.53ms
[7151.889s][info][gc,phases      ] GC(1286)   Evacuate Collection Set: 146.79ms
[7151.889s][info][gc,phases      ] GC(1286)   Post Evacuate Collection Set: 1.00ms
[7151.889s][info][gc,phases      ] GC(1286)   Other: 0.07ms
[7151.889s][info][gc,heap        ] GC(1286) Eden regions: 571->0(571)
[7151.889s][info][gc,heap        ] GC(1286) Survivor regions: 43->43(77)
[7151.889s][info][gc,heap        ] GC(1286) Old regions: 266->273
[7151.889s][info][gc,heap        ] GC(1286) Humongous regions: 33->33
[7151.889s][info][gc,metaspace   ] GC(1286) Metaspace: 30021K(30528K)->30021K(30528K) NonClass: 24609K(24896K)->24609K(24896K) Class: 5412K(5632K)->5412K(5632K)
[7151.889s][info][gc             ] GC(1286) Pause Young (Normal) (G1 Evacuation Pause) 7280M->2772M(8192M) 148.778ms
[7151.889s][info][gc,cpu         ] GC(1286) User=1.18s Sys=0.00s Real=0.15s
...[7154.870s][info][gc,start       ] GC(1287) Pause Young (Normal) (G1 Evacuation Pause)
[7154.870s][info][gc,task        ] GC(1287) Using 8 workers of 8 for evacuation
[7155.020s][info][gc,phases      ] GC(1287)   Pre Evacuate Collection Set: 0.23ms
[7155.020s][info][gc,phases      ] GC(1287)   Merge Heap Roots: 0.51ms
[7155.020s][info][gc,phases      ] GC(1287)   Evacuate Collection Set: 148.54ms
[7155.020s][info][gc,phases      ] GC(1287)   Post Evacuate Collection Set: 1.03ms
[7155.020s][info][gc,phases      ] GC(1287)   Other: 0.06ms
[7155.020s][info][gc,heap        ] GC(1287) Eden regions: 571->0(571)
[7155.020s][info][gc,heap        ] GC(1287) Survivor regions: 43->43(77)
[7155.020s][info][gc,heap        ] GC(1287) Old regions: 273->280
[7155.020s][info][gc,heap        ] GC(1287) Humongous regions: 33->33
[7155.020s][info][gc,metaspace   ] GC(1287) Metaspace: 30021K(30528K)->30021K(30528K) NonClass: 24609K(24896K)->24609K(24896K) Class: 5412K(5632K)->5412K(5632K)
[7155.020s][info][gc             ] GC(1287) Pause Young (Normal) (G1 Evacuation Pause) 7340M->2824M(8192M) 150.501ms
[7155.020s][info][gc,cpu         ] GC(1287) User=1.20s Sys=0.00s Real=0.15s
...[7157.931s][info][gc,start       ] GC(1288) Pause Young (Normal) (G1 Evacuation Pause)
[7157.931s][info][gc,task        ] GC(1288) Using 8 workers of 8 for evacuation
[7158.083s][info][gc,phases      ] GC(1288)   Pre Evacuate Collection Set: 0.23ms
[7158.083s][info][gc,phases      ] GC(1288)   Merge Heap Roots: 0.51ms
[7158.083s][info][gc,phases      ] GC(1288)   Evacuate Collection Set: 149.65ms
[7158.083s][info][gc,phases      ] GC(1288)   Post Evacuate Collection Set: 1.03ms
[7158.083s][info][gc,phases      ] GC(1288)   Other: 0.06ms
[7158.083s][info][gc,heap        ] GC(1288) Eden regions: 571->0(566)
[7158.083s][info][gc,heap        ] GC(1288) Survivor regions: 43->43(77)
[7158.083s][info][gc,heap        ] GC(1288) Old regions: 280->287
[7158.083s][info][gc,heap        ] GC(1288) Humongous regions: 33->33
[7158.083s][info][gc,metaspace   ] GC(1288) Metaspace: 30021K(30528K)->30021K(30528K) NonClass: 24609K(24896K)->24609K(24896K) Class: 5412K(5632K)->5412K(5632K)
[7158.083s][info][gc             ] GC(1288) Pause Young (Normal) (G1 Evacuation Pause) 7392M->2886M(8192M) 151.622ms
[7158.083s][info][gc,cpu         ] GC(1288) User=1.20s Sys=0.00s Real=0.15s
...|[7160.996s][info][gc,start       ] GC(1289) Pause Young (Normal) (G1 Evacuation Pause)
[7160.996s][info][gc,task        ] GC(1289) Using 8 workers of 8 for evacuation
[7161.152s][info][gc,phases      ] GC(1289)   Pre Evacuate Collection Set: 0.23ms
[7161.152s][info][gc,phases      ] GC(1289)   Merge Heap Roots: 0.52ms
[7161.152s][info][gc,phases      ] GC(1289)   Evacuate Collection Set: 154.09ms
[7161.152s][info][gc,phases      ] GC(1289)   Post Evacuate Collection Set: 1.04ms
[7161.153s][info][gc,phases      ] GC(1289)   Other: 0.06ms
[7161.153s][info][gc,heap        ] GC(1289) Eden regions: 566->0(557)
[7161.153s][info][gc,heap        ] GC(1289) Survivor regions: 43->44(77)
[7161.153s][info][gc,heap        ] GC(1289) Old regions: 287->294
[7161.153s][info][gc,heap        ] GC(1289) Humongous regions: 33->33
[7161.153s][info][gc,metaspace   ] GC(1289) Metaspace: 30021K(30528K)->30021K(30528K) NonClass: 24609K(24896K)->24609K(24896K) Class: 5412K(5632K)->5412K(5632K)
[7161.153s][info][gc             ] GC(1289) Pause Young (Normal) (G1 Evacuation Pause) 7414M->2944M(8192M) 156.811ms
[7161.153s][info][gc,cpu         ] GC(1289) User=1.24s Sys=0.00s Real=0.15s
...[7163.995s][info][gc,start       ] GC(1290) Pause Young (Normal) (G1 Evacuation Pause)
[7163.995s][info][gc,task        ] GC(1290) Using 8 workers of 8 for evacuation
[7164.152s][info][gc,phases      ] GC(1290)   Pre Evacuate Collection Set: 0.22ms
[7164.152s][info][gc,phases      ] GC(1290)   Merge Heap Roots: 0.52ms
[7164.152s][info][gc,phases      ] GC(1290)   Evacuate Collection Set: 154.47ms
[7164.152s][info][gc,phases      ] GC(1290)   Post Evacuate Collection Set: 1.00ms
[7164.152s][info][gc,phases      ] GC(1290)   Other: 0.07ms
[7164.152s][info][gc,heap        ] GC(1290) Eden regions: 557->0(552)
[7164.152s][info][gc,heap        ] GC(1290) Survivor regions: 44->43(76)
[7164.152s][info][gc,heap        ] GC(1290) Old regions: 294->301
[7164.152s][info][gc,heap        ] GC(1290) Humongous regions: 33->33
[7164.152s][info][gc,metaspace   ] GC(1290) Metaspace: 30021K(30528K)->30021K(30528K) NonClass: 24609K(24896K)->24609K(24896K) Class: 5412K(5632K)->5412K(5632K)
[7164.152s][info][gc             ] GC(1290) Pause Young (Normal) (G1 Evacuation Pause) 7400M->3000M(8192M) 156.404ms
[7164.152s][info][gc,cpu         ] GC(1290) User=1.24s Sys=0.00s Real=0.15s
...[7166.895s][info][gc,start       ] GC(1291) Pause Young (Normal) (G1 Evacuation Pause)
[7166.895s][info][gc,task        ] GC(1291) Using 8 workers of 8 for evacuation
[7167.049s][info][gc,phases      ] GC(1291)   Pre Evacuate Collection Set: 0.23ms
[7167.049s][info][gc,phases      ] GC(1291)   Merge Heap Roots: 0.52ms
[7167.049s][info][gc,phases      ] GC(1291)   Evacuate Collection Set: 151.77ms
[7167.049s][info][gc,phases      ] GC(1291)   Post Evacuate Collection Set: 0.99ms
[7167.049s][info][gc,phases      ] GC(1291)   Other: 0.06ms
[7167.049s][info][gc,heap        ] GC(1291) Eden regions: 552->0(543)
[7167.049s][info][gc,heap        ] GC(1291) Survivor regions: 43->44(75)
[7167.049s][info][gc,heap        ] GC(1291) Old regions: 301->308
[7167.049s][info][gc,heap        ] GC(1291) Humongous regions: 33->33
[7167.049s][info][gc,metaspace   ] GC(1291) Metaspace: 30021K(30528K)->30021K(30528K) NonClass: 24609K(24896K)->24609K(24896K) Class: 5412K(5632K)->5412K(5632K)
[7167.049s][info][gc             ] GC(1291) Pause Young (Normal) (G1 Evacuation Pause) 7416M->3062M(8192M) 153.697ms
[7167.049s][info][gc,cpu         ] GC(1291) User=1.22s Sys=0.00s Real=0.15s
...[7169.868s][info][gc,start       ] GC(1292) Pause Young (Concurrent Start) (G1 Evacuation Pause)
[7169.868s][info][gc,task        ] GC(1292) Using 8 workers of 8 for evacuation
[7170.022s][info][gc,phases      ] GC(1292)   Pre Evacuate Collection Set: 0.27ms
[7170.022s][info][gc,phases      ] GC(1292)   Merge Heap Roots: 0.51ms
[7170.022s][info][gc,phases      ] GC(1292)   Evacuate Collection Set: 152.04ms
[7170.022s][info][gc,phases      ] GC(1292)   Post Evacuate Collection Set: 0.96ms
[7170.022s][info][gc,phases      ] GC(1292)   Other: 0.09ms
[7170.022s][info][gc,heap        ] GC(1292) Eden regions: 543->0(535)
[7170.022s][info][gc,heap        ] GC(1292) Survivor regions: 44->44(74)
[7170.022s][info][gc,heap        ] GC(1292) Old regions: 308->316
[7170.022s][info][gc,heap        ] GC(1292) Humongous regions: 33->33
[7170.022s][info][gc,metaspace   ] GC(1292) Metaspace: 30021K(30528K)->30021K(30528K) NonClass: 24609K(24896K)->24609K(24896K) Class: 5412K(5632K)->5412K(5632K)
[7170.022s][info][gc             ] GC(1292) Pause Young (Concurrent Start) (G1 Evacuation Pause) 7406M->3123M(8192M) 154.011ms
[7170.022s][info][gc             ] GC(1293) Concurrent Mark Cycle
[7170.022s][info][gc,marking     ] GC(1293) Concurrent Scan Root Regions
[7170.022s][info][gc,cpu         ] GC(1292) User=1.22s Sys=0.01s Real=0.15s
.[7170.304s][info][gc,marking     ] GC(1293) Concurrent Scan Root Regions 281.268ms
[7170.304s][info][gc,marking     ] GC(1293) Concurrent Mark
[7170.304s][info][gc,marking     ] GC(1293) Concurrent Mark From Roots
[7170.304s][info][gc,task        ] GC(1293) Using 2 workers of 2 for marking
.[7171.687s][info][gc,marking     ] GC(1293) Concurrent Mark From Roots 1383.550ms
[7171.687s][info][gc,marking     ] GC(1293) Concurrent Preclean
[7171.687s][info][gc,marking     ] GC(1293) Concurrent Preclean 0.071ms
[7171.688s][info][gc,start       ] GC(1293) Pause Remark
[7171.689s][info][gc             ] GC(1293) Pause Remark 5139M->4531M(8192M) 1.208ms
[7171.689s][info][gc,cpu         ] GC(1293) User=0.01s Sys=0.00s Real=0.00s
[7171.689s][info][gc,marking     ] GC(1293) Concurrent Mark 1385.175ms
[7171.689s][info][gc,marking     ] GC(1293) Concurrent Rebuild Remembered Sets and Scrub Regions
.[7172.339s][info][gc,marking     ] GC(1293) Concurrent Rebuild Remembered Sets and Scrub Regions 650.034ms
[7172.339s][info][gc,start       ] GC(1293) Pause Cleanup
[7172.339s][info][gc             ] GC(1293) Pause Cleanup 5339M->5339M(8192M) 0.266ms
[7172.339s][info][gc,cpu         ] GC(1293) User=0.00s Sys=0.00s Real=0.00s
[7172.339s][info][gc,marking     ] GC(1293) Concurrent Clear Claimed Marks
[7172.339s][info][gc,marking     ] GC(1293) Concurrent Clear Claimed Marks 0.043ms
[7172.340s][info][gc,marking     ] GC(1293) Concurrent Cleanup for Next Mark
[7172.350s][info][gc,marking     ] GC(1293) Concurrent Cleanup for Next Mark 10.963ms
[7172.351s][info][gc             ] GC(1293) Concurrent Mark Cycle 2328.189ms
.[7173.297s][info][gc,start       ] GC(1294) Pause Young (Prepare Mixed) (G1 Evacuation Pause)
[7173.297s][info][gc,task        ] GC(1294) Using 8 workers of 8 for evacuation
[7173.454s][info][gc,phases      ] GC(1294)   Pre Evacuate Collection Set: 0.22ms
[7173.454s][info][gc,phases      ] GC(1294)   Merge Heap Roots: 0.71ms
[7173.454s][info][gc,phases      ] GC(1294)   Evacuate Collection Set: 154.69ms
[7173.454s][info][gc,phases      ] GC(1294)   Post Evacuate Collection Set: 1.08ms
[7173.454s][info][gc,phases      ] GC(1294)   Other: 0.06ms
[7173.454s][info][gc,heap        ] GC(1294) Eden regions: 535->0(570)
[7173.454s][info][gc,heap        ] GC(1294) Survivor regions: 44->44(73)
[7173.454s][info][gc,heap        ] GC(1294) Old regions: 240->248
[7173.454s][info][gc,heap        ] GC(1294) Humongous regions: 33->33
[7173.454s][info][gc,metaspace   ] GC(1294) Metaspace: 30021K(30528K)->30021K(30528K) NonClass: 24609K(24896K)->24609K(24896K) Class: 5412K(5632K)->5412K(5632K)
[7173.454s][info][gc             ] GC(1294) Pause Young (Prepare Mixed) (G1 Evacuation Pause) 6795M->2579M(8192M) 156.896ms
[7173.454s][info][gc,cpu         ] GC(1294) User=1.24s Sys=0.00s Real=0.16s
...[7176.277s][info][gc,start       ] GC(1295) Pause Young (Mixed) (G1 Evacuation Pause)
[7176.277s][info][gc,task        ] GC(1295) Using 8 workers of 8 for evacuation
[7176.435s][info][gc,phases      ] GC(1295)   Pre Evacuate Collection Set: 0.25ms
[7176.435s][info][gc,phases      ] GC(1295)   Merge Heap Roots: 0.80ms
[7176.435s][info][gc,phases      ] GC(1295)   Evacuate Collection Set: 155.39ms
[7176.435s][info][gc,phases      ] GC(1295)   Post Evacuate Collection Set: 1.20ms
[7176.435s][info][gc,phases      ] GC(1295)   Other: 0.07ms
[7176.435s][info][gc,heap        ] GC(1295) Eden regions: 570->0(572)
[7176.435s][info][gc,heap        ] GC(1295) Survivor regions: 44->42(77)
[7176.435s][info][gc,heap        ] GC(1295) Old regions: 248->153
[7176.435s][info][gc,heap        ] GC(1295) Humongous regions: 33->33
[7176.435s][info][gc,metaspace   ] GC(1295) Metaspace: 30021K(30528K)->30021K(30528K) NonClass: 24609K(24896K)->24609K(24896K) Class: 5412K(5632K)->5412K(5632K)
[7176.435s][info][gc             ] GC(1295) Pause Young (Mixed) (G1 Evacuation Pause) 7139M->1807M(8192M) 157.834ms
[7176.435s][info][gc,cpu         ] GC(1295) User=1.25s Sys=0.00s Real=0.16s
...[7179.228s][info][gc,start       ] GC(1296) Pause Young (Mixed) (G1 Evacuation Pause)
[7179.228s][info][gc,task        ] GC(1296) Using 8 workers of 8 for evacuation
[7179.392s][info][gc,phases      ] GC(1296)   Pre Evacuate Collection Set: 0.23ms
[7179.392s][info][gc,phases      ] GC(1296)   Merge Heap Roots: 0.71ms
[7179.392s][info][gc,phases      ] GC(1296)   Evacuate Collection Set: 162.19ms
[7179.392s][info][gc,phases      ] GC(1296)   Post Evacuate Collection Set: 1.04ms
[7179.392s][info][gc,phases      ] GC(1296)   Other: 0.06ms
[7179.392s][info][gc,heap        ] GC(1296) Eden regions: 572->0(570)
[7179.392s][info][gc,heap        ] GC(1296) Survivor regions: 42->44(77)
[7179.392s][info][gc,heap        ] GC(1296) Old regions: 153->143
[7179.392s][info][gc,heap        ] GC(1296) Humongous regions: 33->33
[7179.392s][info][gc,metaspace   ] GC(1296) Metaspace: 30021K(30528K)->30021K(30528K) NonClass: 24609K(24896K)->24609K(24896K) Class: 5412K(5632K)->5412K(5632K)
[7179.392s][info][gc             ] GC(1296) Pause Young (Mixed) (G1 Evacuation Pause) 6383M->1745M(8192M) 164.358ms
[7179.392s][info][gc,cpu         ] GC(1296) User=1.30s Sys=0.00s Real=0.16s
...[7182.235s][info][gc,start       ] GC(1297) Pause Young (Normal) (G1 Evacuation Pause)
[7182.236s][info][gc,task        ] GC(1297) Using 8 workers of 8 for evacuation
[7182.395s][info][gc,phases      ] GC(1297)   Pre Evacuate Collection Set: 0.21ms
[7182.395s][info][gc,phases      ] GC(1297)   Merge Heap Roots: 0.50ms
[7182.395s][info][gc,phases      ] GC(1297)   Evacuate Collection Set: 157.59ms
[7182.395s][info][gc,phases      ] GC(1297)   Post Evacuate Collection Set: 1.02ms
[7182.395s][info][gc,phases      ] GC(1297)   Other: 0.08ms
[7182.395s][info][gc,heap        ] GC(1297) Eden regions: 570->0(569)
[7182.395s][info][gc,heap        ] GC(1297) Survivor regions: 44->45(77)
[7182.395s][info][gc,heap        ] GC(1297) Old regions: 143->151
[7182.395s][info][gc,heap        ] GC(1297) Humongous regions: 33->33
[7182.395s][info][gc,metaspace   ] GC(1297) Metaspace: 30021K(30528K)->30021K(30528K) NonClass: 24609K(24896K)->24609K(24896K) Class: 5412K(5632K)->5412K(5632K)
[7182.395s][info][gc             ] GC(1297) Pause Young (Normal) (G1 Evacuation Pause) 6305M->1807M(8192M) 159.512ms
[7182.395s][info][gc,cpu         ] GC(1297) User=1.26s Sys=0.00s Real=0.16s
...[7185.186s][info][gc,start       ] GC(1298) Pause Young (Normal) (G1 Evacuation Pause)
[7185.186s][info][gc,task        ] GC(1298) Using 8 workers of 8 for evacuation
[7185.342s][info][gc,phases      ] GC(1298)   Pre Evacuate Collection Set: 0.21ms
[7185.342s][info][gc,phases      ] GC(1298)   Merge Heap Roots: 0.50ms
[7185.342s][info][gc,phases      ] GC(1298)   Evacuate Collection Set: 153.56ms
[7185.342s][info][gc,phases      ] GC(1298)   Post Evacuate Collection Set: 1.00ms
[7185.342s][info][gc,phases      ] GC(1298)   Other: 0.06ms
[7185.342s][info][gc,heap        ] GC(1298) Eden regions: 569->0(569)
[7185.342s][info][gc,heap        ] GC(1298) Survivor regions: 45->45(77)
[7185.342s][info][gc,heap        ] GC(1298) Old regions: 151->158
[7185.342s][info][gc,heap        ] GC(1298) Humongous regions: 33->33
[7185.342s][info][gc,metaspace   ] GC(1298) Metaspace: 30021K(30528K)->30021K(30528K) NonClass: 24609K(24896K)->24609K(24896K) Class: 5412K(5632K)->5412K(5632K)
[7185.342s][info][gc             ] GC(1298) Pause Young (Normal) (G1 Evacuation Pause) 6359M->1866M(8192M) 155.476ms
[7185.342s][info][gc,cpu         ] GC(1298) User=1.24s Sys=0.00s Real=0.15s
..[7188.171s][info][gc,start       ] GC(1299) Pause Young (Normal) (G1 Evacuation Pause)
[7188.171s][info][gc,task        ] GC(1299) Using 8 workers of 8 for evacuation
[7188.327s][info][gc,phases      ] GC(1299)   Pre Evacuate Collection Set: 0.22ms
[7188.327s][info][gc,phases      ] GC(1299)   Merge Heap Roots: 0.52ms
[7188.327s][info][gc,phases      ] GC(1299)   Evacuate Collection Set: 154.19ms
[7188.327s][info][gc,phases      ] GC(1299)   Post Evacuate Collection Set: 1.02ms
[7188.327s][info][gc,phases      ] GC(1299)   Other: 0.06ms
[7188.327s][info][gc,heap        ] GC(1299) Eden regions: 569->0(570)
[7188.327s][info][gc,heap        ] GC(1299) Survivor regions: 45->44(77)
[7188.327s][info][gc,heap        ] GC(1299) Old regions: 158->165
[7188.327s][info][gc,heap        ] GC(1299) Humongous regions: 33->33
[7188.327s][info][gc,metaspace   ] GC(1299) Metaspace: 30024K(30528K)->30024K(30528K) NonClass: 24611K(24896K)->24611K(24896K) Class: 5412K(5632K)->5412K(5632K)
[7188.327s][info][gc             ] GC(1299) Pause Young (Normal) (G1 Evacuation Pause) 6418M->1916M(8192M) 156.124ms
[7188.327s][info][gc,cpu         ] GC(1299) User=1.24s Sys=0.00s Real=0.16s
...[7191.130s][info][gc,start       ] GC(1300) Pause Young (Normal) (G1 Evacuation Pause)
[7191.130s][info][gc,task        ] GC(1300) Using 8 workers of 8 for evacuation
[7191.282s][info][gc,phases      ] GC(1300)   Pre Evacuate Collection Set: 0.23ms
[7191.283s][info][gc,phases      ] GC(1300)   Merge Heap Roots: 0.52ms
[7191.283s][info][gc,phases      ] GC(1300)   Evacuate Collection Set: 149.95ms
[7191.283s][info][gc,phases      ] GC(1300)   Post Evacuate Collection Set: 1.06ms
[7191.283s][info][gc,phases      ] GC(1300)   Other: 0.06ms
[7191.283s][info][gc,heap        ] GC(1300) Eden regions: 570->0(571)
[7191.283s][info][gc,heap        ] GC(1300) Survivor regions: 44->43(77)
[7191.283s][info][gc,heap        ] GC(1300) Old regions: 165->173
[7191.283s][info][gc,heap        ] GC(1300) Humongous regions: 33->33
[7191.283s][info][gc,metaspace   ] GC(1300) Metaspace: 30024K(30528K)->30024K(30528K) NonClass: 24611K(24896K)->24611K(24896K) Class: 5412K(5632K)->5412K(5632K)
[7191.283s][info][gc             ] GC(1300) Pause Young (Normal) (G1 Evacuation Pause) 6476M->1971M(8192M) 152.719ms
[7191.283s][info][gc,cpu         ] GC(1300) User=1.20s Sys=0.01s Real=0.15s
...[7194.111s][info][gc,start       ] GC(1301) Pause Young (Normal) (G1 Evacuation Pause)
[7194.111s][info][gc,task        ] GC(1301) Using 8 workers of 8 for evacuation
[7194.266s][info][gc,phases      ] GC(1301)   Pre Evacuate Collection Set: 0.23ms
[7194.266s][info][gc,phases      ] GC(1301)   Merge Heap Roots: 0.50ms
[7194.266s][info][gc,phases      ] GC(1301)   Evacuate Collection Set: 153.12ms
[7194.266s][info][gc,phases      ] GC(1301)   Post Evacuate Collection Set: 1.02ms
[7194.266s][info][gc,phases      ] GC(1301)   Other: 0.06ms
[7194.266s][info][gc,heap        ] GC(1301) Eden regions: 571->0(570)
[7194.266s][info][gc,heap        ] GC(1301) Survivor regions: 43->44(77)
[7194.266s][info][gc,heap        ] GC(1301) Old regions: 173->179
[7194.266s][info][gc,heap        ] GC(1301) Humongous regions: 33->33
[7194.266s][info][gc,metaspace   ] GC(1301) Metaspace: 30024K(30528K)->30024K(30528K) NonClass: 24611K(24896K)->24611K(24896K) Class: 5412K(5632K)->5412K(5632K)
[7194.266s][info][gc             ] GC(1301) Pause Young (Normal) (G1 Evacuation Pause) 6539M->2034M(8192M) 155.058ms
[7194.266s][info][gc,cpu         ] GC(1301) User=1.23s Sys=0.00s Real=0.16s
...[7197.089s][info][gc,start       ] GC(1302) Pause Young (Normal) (G1 Evacuation Pause)
[7197.089s][info][gc,task        ] GC(1302) Using 8 workers of 8 for evacuation
[7197.242s][info][gc,phases      ] GC(1302)   Pre Evacuate Collection Set: 0.22ms
[7197.242s][info][gc,phases      ] GC(1302)   Merge Heap Roots: 0.50ms
[7197.242s][info][gc,phases      ] GC(1302)   Evacuate Collection Set: 151.63ms
[7197.242s][info][gc,phases      ] GC(1302)   Post Evacuate Collection Set: 1.02ms
[7197.242s][info][gc,phases      ] GC(1302)   Other: 0.06ms
[7197.242s][info][gc,heap        ] GC(1302) Eden regions: 570->0(569)
[7197.242s][info][gc,heap        ] GC(1302) Survivor regions: 44->45(77)
[7197.242s][info][gc,heap        ] GC(1302) Old regions: 179->187
[7197.242s][info][gc,heap        ] GC(1302) Humongous regions: 33->33
[7197.242s][info][gc,metaspace   ] GC(1302) Metaspace: 30024K(30528K)->30024K(30528K) NonClass: 24611K(24896K)->24611K(24896K) Class: 5412K(5632K)->5412K(5632K)
[7197.242s][info][gc             ] GC(1302) Pause Young (Normal) (G1 Evacuation Pause) 6594M->2095M(8192M) 153.559ms
[7197.242s][info][gc,cpu         ] GC(1302) User=1.22s Sys=0.00s Real=0.15s
...[7200.096s][info][gc,start       ] GC(1303) Pause Young (Normal) (G1 Evacuation Pause)
[7200.096s][info][gc,task        ] GC(1303) Using 8 workers of 8 for evacuation
[7200.255s][info][gc,phases      ] GC(1303)   Pre Evacuate Collection Set: 0.25ms
[7200.255s][info][gc,phases      ] GC(1303)   Merge Heap Roots: 0.53ms
[7200.255s][info][gc,phases      ] GC(1303)   Evacuate Collection Set: 156.34ms
[7200.255s][info][gc,phases      ] GC(1303)   Post Evacuate Collection Set: 1.03ms
[7200.255s][info][gc,phases      ] GC(1303)   Other: 0.07ms
[7200.255s][info][gc,heap        ] GC(1303) Eden regions: 569->0(569)
[7200.255s][info][gc,heap        ] GC(1303) Survivor regions: 45->45(77)
[7200.255s][info][gc,heap        ] GC(1303) Old regions: 187->193
[7200.255s][info][gc,heap        ] GC(1303) Humongous regions: 33->33
[7200.255s][info][gc,metaspace   ] GC(1303) Metaspace: 30024K(30528K)->30024K(30528K) NonClass: 24611K(24896K)->24611K(24896K) Class: 5412K(5632K)->5412K(5632K)
[7200.255s][info][gc             ] GC(1303) Pause Young (Normal) (G1 Evacuation Pause) 6647M->2150M(8192M) 158.342ms
[7200.255s][info][gc,cpu         ] GC(1303) User=1.25s Sys=0.00s Real=0.16s
...[7203.104s][info][gc,start       ] GC(1304) Pause Young (Normal) (G1 Evacuation Pause)
[7203.104s][info][gc,task        ] GC(1304) Using 8 workers of 8 for evacuation
[7203.259s][info][gc,phases      ] GC(1304)   Pre Evacuate Collection Set: 0.24ms
[7203.259s][info][gc,phases      ] GC(1304)   Merge Heap Roots: 0.52ms
[7203.259s][info][gc,phases      ] GC(1304)   Evacuate Collection Set: 153.85ms
[7203.259s][info][gc,phases      ] GC(1304)   Post Evacuate Collection Set: 1.02ms
[7203.259s][info][gc,phases      ] GC(1304)   Other: 0.06ms
[7203.259s][info][gc,heap        ] GC(1304) Eden regions: 569->0(570)
[7203.259s][info][gc,heap        ] GC(1304) Survivor regions: 45->44(77)
[7203.259s][info][gc,heap        ] GC(1304) Old regions: 193->200
[7203.259s][info][gc,heap        ] GC(1304) Humongous regions: 33->33
[7203.259s][info][gc,metaspace   ] GC(1304) Metaspace: 30024K(30528K)->30024K(30528K) NonClass: 24611K(24896K)->24611K(24896K) Class: 5412K(5632K)->5412K(5632K)
[7203.259s][info][gc             ] GC(1304) Pause Young (Normal) (G1 Evacuation Pause) 6702M->2198M(8192M) 155.807ms
[7203.260s][info][gc,cpu         ] GC(1304) User=1.23s Sys=0.00s Real=0.15s
...[7206.135s][info][gc,start       ] GC(1305) Pause Young (Normal) (G1 Evacuation Pause)
[7206.135s][info][gc,task        ] GC(1305) Using 8 workers of 8 for evacuation
[7206.289s][info][gc,phases      ] GC(1305)   Pre Evacuate Collection Set: 0.22ms
[7206.289s][info][gc,phases      ] GC(1305)   Merge Heap Roots: 0.51ms
[7206.289s][info][gc,phases      ] GC(1305)   Evacuate Collection Set: 152.48ms
[7206.289s][info][gc,phases      ] GC(1305)   Post Evacuate Collection Set: 1.00ms
[7206.289s][info][gc,phases      ] GC(1305)   Other: 0.06ms
[7206.289s][info][gc,heap        ] GC(1305) Eden regions: 570->0(570)
[7206.289s][info][gc,heap        ] GC(1305) Survivor regions: 44->44(77)
[7206.289s][info][gc,heap        ] GC(1305) Old regions: 200->208
[7206.289s][info][gc,heap        ] GC(1305) Humongous regions: 33->33
[7206.289s][info][gc,metaspace   ] GC(1305) Metaspace: 30024K(30528K)->30024K(30528K) NonClass: 24611K(24896K)->24611K(24896K) Class: 5412K(5632K)->5412K(5632K)
[7206.289s][info][gc             ] GC(1305) Pause Young (Normal) (G1 Evacuation Pause) 6758M->2256M(8192M) 154.416ms
[7206.289s][info][gc,cpu         ] GC(1305) User=1.22s Sys=0.00s Real=0.15s
...[7209.153s][info][gc,start       ] GC(1306) Pause Young (Normal) (G1 Evacuation Pause)
[7209.153s][info][gc,task        ] GC(1306) Using 8 workers of 8 for evacuation
[7209.304s][info][gc,phases      ] GC(1306)   Pre Evacuate Collection Set: 0.26ms
[7209.304s][info][gc,phases      ] GC(1306)   Merge Heap Roots: 0.51ms
[7209.304s][info][gc,phases      ] GC(1306)   Evacuate Collection Set: 149.30ms
[7209.304s][info][gc,phases      ] GC(1306)   Post Evacuate Collection Set: 1.04ms
[7209.304s][info][gc,phases      ] GC(1306)   Other: 0.06ms
[7209.304s][info][gc,heap        ] GC(1306) Eden regions: 570->0(570)
[7209.304s][info][gc,heap        ] GC(1306) Survivor regions: 44->44(77)
[7209.304s][info][gc,heap        ] GC(1306) Old regions: 208->215
[7209.304s][info][gc,heap        ] GC(1306) Humongous regions: 33->33
[7209.304s][info][gc,metaspace   ] GC(1306) Metaspace: 30024K(30528K)->30024K(30528K) NonClass: 24611K(24896K)->24611K(24896K) Class: 5412K(5632K)->5412K(5632K)
[7209.304s][info][gc             ] GC(1306) Pause Young (Normal) (G1 Evacuation Pause) 6816M->2314M(8192M) 151.320ms
[7209.304s][info][gc,cpu         ] GC(1306) User=1.20s Sys=0.00s Real=0.16s
...[7212.230s][info][gc,start       ] GC(1307) Pause Young (Normal) (G1 Evacuation Pause)
[7212.230s][info][gc,task        ] GC(1307) Using 8 workers of 8 for evacuation
[7212.386s][info][gc,phases      ] GC(1307)   Pre Evacuate Collection Set: 0.22ms
[7212.386s][info][gc,phases      ] GC(1307)   Merge Heap Roots: 0.53ms
[7212.386s][info][gc,phases      ] GC(1307)   Evacuate Collection Set: 154.04ms
[7212.386s][info][gc,phases      ] GC(1307)   Post Evacuate Collection Set: 1.02ms
[7212.386s][info][gc,phases      ] GC(1307)   Other: 0.06ms
[7212.386s][info][gc,heap        ] GC(1307) Eden regions: 570->0(570)
[7212.386s][info][gc,heap        ] GC(1307) Survivor regions: 44->44(77)
[7212.386s][info][gc,heap        ] GC(1307) Old regions: 215->222
[7212.386s][info][gc,heap        ] GC(1307) Humongous regions: 33->33
[7212.386s][info][gc,metaspace   ] GC(1307) Metaspace: 30024K(30528K)->30024K(30528K) NonClass: 24611K(24896K)->24611K(24896K) Class: 5412K(5632K)->5412K(5632K)
[7212.386s][info][gc             ] GC(1307) Pause Young (Normal) (G1 Evacuation Pause) 6874M->2370M(8192M) 156.023ms
[7212.386s][info][gc,cpu         ] GC(1307) User=1.23s Sys=0.00s Real=0.16s
...[7215.307s][info][gc,start       ] GC(1308) Pause Young (Normal) (G1 Evacuation Pause)
[7215.307s][info][gc,task        ] GC(1308) Using 8 workers of 8 for evacuation
[7215.454s][info][gc,phases      ] GC(1308)   Pre Evacuate Collection Set: 0.25ms
[7215.455s][info][gc,phases      ] GC(1308)   Merge Heap Roots: 0.58ms
[7215.455s][info][gc,phases      ] GC(1308)   Evacuate Collection Set: 145.10ms
[7215.455s][info][gc,phases      ] GC(1308)   Post Evacuate Collection Set: 1.03ms
[7215.455s][info][gc,phases      ] GC(1308)   Other: 0.07ms
[7215.455s][info][gc,heap        ] GC(1308) Eden regions: 570->0(572)
[7215.455s][info][gc,heap        ] GC(1308) Survivor regions: 44->42(77)
[7215.455s][info][gc,heap        ] GC(1308) Old regions: 222->229
[7215.455s][info][gc,heap        ] GC(1308) Humongous regions: 33->33
[7215.455s][info][gc,metaspace   ] GC(1308) Metaspace: 30024K(30528K)->30024K(30528K) NonClass: 24611K(24896K)->24611K(24896K) Class: 5412K(5632K)->5412K(5632K)
[7215.455s][info][gc             ] GC(1308) Pause Young (Normal) (G1 Evacuation Pause) 6930M->2415M(8192M) 147.172ms
[7215.455s][info][gc,cpu         ] GC(1308) User=1.16s Sys=0.00s Real=0.15s
...[7218.343s][info][gc,start       ] GC(1309) Pause Young (Normal) (G1 Evacuation Pause)
[7218.343s][info][gc,task        ] GC(1309) Using 8 workers of 8 for evacuation
[7218.498s][info][gc,phases      ] GC(1309)   Pre Evacuate Collection Set: 0.23ms
[7218.498s][info][gc,phases      ] GC(1309)   Merge Heap Roots: 0.53ms
[7218.498s][info][gc,phases      ] GC(1309)   Evacuate Collection Set: 152.26ms
[7218.498s][info][gc,phases      ] GC(1309)   Post Evacuate Collection Set: 1.06ms
[7218.498s][info][gc,phases      ] GC(1309)   Other: 0.07ms
[7218.498s][info][gc,heap        ] GC(1309) Eden regions: 572->0(570)
[7218.498s][info][gc,heap        ] GC(1309) Survivor regions: 42->44(77)
[7218.498s][info][gc,heap        ] GC(1309) Old regions: 229->236
[7218.498s][info][gc,heap        ] GC(1309) Humongous regions: 33->33
[7218.498s][info][gc,metaspace   ] GC(1309) Metaspace: 30024K(30528K)->30024K(30528K) NonClass: 24611K(24896K)->24611K(24896K) Class: 5412K(5632K)->5412K(5632K)
[7218.498s][info][gc             ] GC(1309) Pause Young (Normal) (G1 Evacuation Pause) 6991M->2485M(8192M) 154.266ms
[7218.498s][info][gc,cpu         ] GC(1309) User=1.22s Sys=0.00s Real=0.15s
...[7221.329s][info][gc,start       ] GC(1310) Pause Young (Normal) (G1 Evacuation Pause)
[7221.329s][info][gc,task        ] GC(1310) Using 8 workers of 8 for evacuation
[7221.480s][info][gc,phases      ] GC(1310)   Pre Evacuate Collection Set: 0.23ms
[7221.480s][info][gc,phases      ] GC(1310)   Merge Heap Roots: 0.52ms
[7221.480s][info][gc,phases      ] GC(1310)   Evacuate Collection Set: 149.90ms
[7221.480s][info][gc,phases      ] GC(1310)   Post Evacuate Collection Set: 1.02ms
[7221.480s][info][gc,phases      ] GC(1310)   Other: 0.06ms
[7221.480s][info][gc,heap        ] GC(1310) Eden regions: 570->0(571)
[7221.480s][info][gc,heap        ] GC(1310) Survivor regions: 44->43(77)
[7221.480s][info][gc,heap        ] GC(1310) Old regions: 236->244
[7221.480s][info][gc,heap        ] GC(1310) Humongous regions: 33->33
[7221.480s][info][gc,metaspace   ] GC(1310) Metaspace: 30024K(30528K)->30024K(30528K) NonClass: 24611K(24896K)->24611K(24896K) Class: 5412K(5632K)->5412K(5632K)
[7221.480s][info][gc             ] GC(1310) Pause Young (Normal) (G1 Evacuation Pause) 7045M->2542M(8192M) 151.871ms
[7221.480s][info][gc,cpu         ] GC(1310) User=1.21s Sys=0.00s Real=0.15s
...[7224.403s][info][gc,start       ] GC(1311) Pause Young (Normal) (G1 Evacuation Pause)
[7224.403s][info][gc,task        ] GC(1311) Using 8 workers of 8 for evacuation
[7224.554s][info][gc,phases      ] GC(1311)   Pre Evacuate Collection Set: 0.26ms
[7224.554s][info][gc,phases      ] GC(1311)   Merge Heap Roots: 0.54ms
[7224.554s][info][gc,phases      ] GC(1311)   Evacuate Collection Set: 149.18ms
[7224.554s][info][gc,phases      ] GC(1311)   Post Evacuate Collection Set: 1.03ms
[7224.554s][info][gc,phases      ] GC(1311)   Other: 0.07ms
[7224.554s][info][gc,heap        ] GC(1311) Eden regions: 571->0(571)
[7224.554s][info][gc,heap        ] GC(1311) Survivor regions: 43->43(77)
[7224.554s][info][gc,heap        ] GC(1311) Old regions: 244->251
[7224.554s][info][gc,heap        ] GC(1311) Humongous regions: 33->33
[7224.554s][info][gc,metaspace   ] GC(1311) Metaspace: 30024K(30528K)->30024K(30528K) NonClass: 24611K(24896K)->24611K(24896K) Class: 5412K(5632K)->5412K(5632K)
[7224.554s][info][gc             ] GC(1311) Pause Young (Normal) (G1 Evacuation Pause) 7110M->2592M(8192M) 151.221ms
[7224.554s][info][gc,cpu         ] GC(1311) User=1.20s Sys=0.00s Real=0.16s
. (rIR:aIR:PR = 12453:12570:12558) (tPR = 186810) [OK] 
  7224s: Performance info:
         Transaction,    Success,    Partial,     Failed,   Receipts, AvgBarcode, 
             Overall,     809703,          0,          0,     769471,      59.48, 
         Response times:
             Request,    Success,    Partial,     Failed,   SkipFail,     Probes,    Samples,      min,      p50,      p90,      p95,      p99,      max, 
       TotalPurchase,     770258,          0,          0,          0,     360408,     499824,      400,    36000,   198000,   329000,   499000,  5300000,
     InStorePurchase,     406920,          0,          0,          0,     188153,     261883,      400,    36000,   199000,   332000,   503000,  5300000,
      OnlinePurchase,     283427,          0,          0,          0,     133409,     184842,      400,    37000,   197000,   321000,   494000,  5300000,
        InstPurchase,      79911,          0,          0,          0,      38846,      53099,      500,    36000,   198000,   333000,   501000,  5200000,
          AssocOfCat,        798,          0,          0,          0,        652,        961,    38000,    99000,   257800,   371700,   538180,   620000,
      AssocOfProduct,       7808,          0,          0,          0,       3551,       5172,     1100,    37000,   190000,   302000,   442000,  1200000,
      BusinessReport,       1996,          0,          0,          0,       1689,       2584,    39000,   103000,   258000,   363000,   502150,   760000,
          CustBuyBeh,       8112,          0,          0,          0,       3566,       5285,      300,    37000,   197400,   313100,   464140,  5000000,
       ProductReturn,      21503,          0,          0,          0,       9874,      13965,      800,    37000,   195000,   315000,   484340,  3000000,

  7224s: (91%)   IR =  12592 ..[7227.480s][info][gc,start       ] GC(1312) Pause Young (Normal) (G1 Evacuation Pause)
[7227.480s][info][gc,task        ] GC(1312) Using 8 workers of 8 for evacuation
[7227.637s][info][gc,phases      ] GC(1312)   Pre Evacuate Collection Set: 0.23ms
[7227.637s][info][gc,phases      ] GC(1312)   Merge Heap Roots: 0.54ms
[7227.637s][info][gc,phases      ] GC(1312)   Evacuate Collection Set: 155.06ms
[7227.637s][info][gc,phases      ] GC(1312)   Post Evacuate Collection Set: 1.02ms
[7227.637s][info][gc,phases      ] GC(1312)   Other: 0.06ms
[7227.637s][info][gc,heap        ] GC(1312) Eden regions: 571->0(569)
[7227.637s][info][gc,heap        ] GC(1312) Survivor regions: 43->45(77)
[7227.637s][info][gc,heap        ] GC(1312) Old regions: 251->257
[7227.637s][info][gc,heap        ] GC(1312) Humongous regions: 33->33
[7227.637s][info][gc,metaspace   ] GC(1312) Metaspace: 30024K(30528K)->30024K(30528K) NonClass: 24611K(24896K)->24611K(24896K) Class: 5412K(5632K)->5412K(5632K)
[7227.637s][info][gc             ] GC(1312) Pause Young (Normal) (G1 Evacuation Pause) 7160M->2662M(8192M) 157.042ms
[7227.637s][info][gc,cpu         ] GC(1312) User=1.24s Sys=0.00s Real=0.16s
...[7230.546s][info][gc,start       ] GC(1313) Pause Young (Normal) (G1 Evacuation Pause)
[7230.546s][info][gc,task        ] GC(1313) Using 8 workers of 8 for evacuation
[7230.702s][info][gc,phases      ] GC(1313)   Pre Evacuate Collection Set: 0.22ms
[7230.702s][info][gc,phases      ] GC(1313)   Merge Heap Roots: 0.52ms
[7230.702s][info][gc,phases      ] GC(1313)   Evacuate Collection Set: 155.00ms
[7230.702s][info][gc,phases      ] GC(1313)   Post Evacuate Collection Set: 1.02ms
[7230.702s][info][gc,phases      ] GC(1313)   Other: 0.06ms
[7230.702s][info][gc,heap        ] GC(1313) Eden regions: 569->0(570)
[7230.702s][info][gc,heap        ] GC(1313) Survivor regions: 45->44(77)
[7230.702s][info][gc,heap        ] GC(1313) Old regions: 257->265
[7230.702s][info][gc,heap        ] GC(1313) Humongous regions: 33->33
[7230.702s][info][gc,metaspace   ] GC(1313) Metaspace: 30024K(30528K)->30024K(30528K) NonClass: 24611K(24896K)->24611K(24896K) Class: 5412K(5632K)->5412K(5632K)
[7230.702s][info][gc             ] GC(1313) Pause Young (Normal) (G1 Evacuation Pause) 7214M->2715M(8192M) 156.944ms
[7230.703s][info][gc,cpu         ] GC(1313) User=1.24s Sys=0.00s Real=0.15s
...[7233.617s][info][gc,start       ] GC(1314) Pause Young (Normal) (G1 Evacuation Pause)
[7233.617s][info][gc,task        ] GC(1314) Using 8 workers of 8 for evacuation
[7233.765s][info][gc,phases      ] GC(1314)   Pre Evacuate Collection Set: 0.23ms
[7233.765s][info][gc,phases      ] GC(1314)   Merge Heap Roots: 0.53ms
[7233.765s][info][gc,phases      ] GC(1314)   Evacuate Collection Set: 145.97ms
[7233.765s][info][gc,phases      ] GC(1314)   Post Evacuate Collection Set: 1.02ms
[7233.765s][info][gc,phases      ] GC(1314)   Other: 0.06ms
[7233.765s][info][gc,heap        ] GC(1314) Eden regions: 570->0(571)
[7233.765s][info][gc,heap        ] GC(1314) Survivor regions: 44->43(77)
[7233.765s][info][gc,heap        ] GC(1314) Old regions: 265->272
[7233.765s][info][gc,heap        ] GC(1314) Humongous regions: 33->33
[7233.765s][info][gc,metaspace   ] GC(1314) Metaspace: 30024K(30528K)->30024K(30528K) NonClass: 24611K(24896K)->24611K(24896K) Class: 5412K(5632K)->5412K(5632K)
[7233.765s][info][gc             ] GC(1314) Pause Young (Normal) (G1 Evacuation Pause) 7275M->2763M(8192M) 147.962ms
[7233.765s][info][gc,cpu         ] GC(1314) User=1.18s Sys=0.00s Real=0.15s
...[7236.665s][info][gc,start       ] GC(1315) Pause Young (Normal) (G1 Evacuation Pause)
[7236.665s][info][gc,task        ] GC(1315) Using 8 workers of 8 for evacuation
[7236.818s][info][gc,phases      ] GC(1315)   Pre Evacuate Collection Set: 0.23ms
[7236.819s][info][gc,phases      ] GC(1315)   Merge Heap Roots: 0.57ms
[7236.819s][info][gc,phases      ] GC(1315)   Evacuate Collection Set: 150.98ms
[7236.819s][info][gc,phases      ] GC(1315)   Post Evacuate Collection Set: 1.04ms
[7236.819s][info][gc,phases      ] GC(1315)   Other: 0.06ms
[7236.819s][info][gc,heap        ] GC(1315) Eden regions: 571->0(570)
[7236.819s][info][gc,heap        ] GC(1315) Survivor regions: 43->44(77)
[7236.819s][info][gc,heap        ] GC(1315) Old regions: 272->279
[7236.819s][info][gc,heap        ] GC(1315) Humongous regions: 33->33
[7236.819s][info][gc,metaspace   ] GC(1315) Metaspace: 30024K(30528K)->30024K(30528K) NonClass: 24611K(24896K)->24611K(24896K) Class: 5412K(5632K)->5412K(5632K)
[7236.819s][info][gc             ] GC(1315) Pause Young (Normal) (G1 Evacuation Pause) 7331M->2824M(8192M) 153.776ms
[7236.819s][info][gc,cpu         ] GC(1315) User=1.21s Sys=0.00s Real=0.15s
...[7239.707s][info][gc,start       ] GC(1316) Pause Young (Normal) (G1 Evacuation Pause)
[7239.707s][info][gc,task        ] GC(1316) Using 8 workers of 8 for evacuation
[7239.858s][info][gc,phases      ] GC(1316)   Pre Evacuate Collection Set: 0.24ms
[7239.858s][info][gc,phases      ] GC(1316)   Merge Heap Roots: 0.56ms
[7239.858s][info][gc,phases      ] GC(1316)   Evacuate Collection Set: 149.44ms
[7239.858s][info][gc,phases      ] GC(1316)   Post Evacuate Collection Set: 1.06ms
[7239.858s][info][gc,phases      ] GC(1316)   Other: 0.07ms
[7239.858s][info][gc,heap        ] GC(1316) Eden regions: 570->0(567)
[7239.858s][info][gc,heap        ] GC(1316) Survivor regions: 44->43(77)
[7239.858s][info][gc,heap        ] GC(1316) Old regions: 279->286
[7239.858s][info][gc,heap        ] GC(1316) Humongous regions: 33->33
[7239.858s][info][gc,metaspace   ] GC(1316) Metaspace: 30024K(30528K)->30024K(30528K) NonClass: 24611K(24896K)->24611K(24896K) Class: 5412K(5632K)->5412K(5632K)
[7239.858s][info][gc             ] GC(1316) Pause Young (Normal) (G1 Evacuation Pause) 7384M->2878M(8192M) 151.498ms
[7239.858s][info][gc,cpu         ] GC(1316) User=1.20s Sys=0.00s Real=0.15s
...[7242.708s][info][gc,start       ] GC(1317) Pause Young (Normal) (G1 Evacuation Pause)
[7242.708s][info][gc,task        ] GC(1317) Using 8 workers of 8 for evacuation
[7242.859s][info][gc,phases      ] GC(1317)   Pre Evacuate Collection Set: 0.24ms
[7242.859s][info][gc,phases      ] GC(1317)   Merge Heap Roots: 0.50ms
[7242.859s][info][gc,phases      ] GC(1317)   Evacuate Collection Set: 149.30ms
[7242.859s][info][gc,phases      ] GC(1317)   Post Evacuate Collection Set: 1.04ms
[7242.859s][info][gc,phases      ] GC(1317)   Other: 0.06ms
[7242.859s][info][gc,heap        ] GC(1317) Eden regions: 567->0(560)
[7242.859s][info][gc,heap        ] GC(1317) Survivor regions: 43->43(77)
[7242.859s][info][gc,heap        ] GC(1317) Old regions: 286->293
[7242.859s][info][gc,heap        ] GC(1317) Humongous regions: 33->33
[7242.859s][info][gc,metaspace   ] GC(1317) Metaspace: 30024K(30528K)->30024K(30528K) NonClass: 24611K(24896K)->24611K(24896K) Class: 5412K(5632K)->5412K(5632K)
[7242.859s][info][gc             ] GC(1317) Pause Young (Normal) (G1 Evacuation Pause) 7414M->2935M(8192M) 151.295ms
[7242.860s][info][gc,cpu         ] GC(1317) User=1.20s Sys=0.00s Real=0.15s
.|..[7245.721s][info][gc,start       ] GC(1318) Pause Young (Normal) (G1 Evacuation Pause)
[7245.721s][info][gc,task        ] GC(1318) Using 8 workers of 8 for evacuation
[7245.875s][info][gc,phases      ] GC(1318)   Pre Evacuate Collection Set: 0.23ms
[7245.875s][info][gc,phases      ] GC(1318)   Merge Heap Roots: 0.52ms
[7245.875s][info][gc,phases      ] GC(1318)   Evacuate Collection Set: 152.70ms
[7245.875s][info][gc,phases      ] GC(1318)   Post Evacuate Collection Set: 1.02ms
[7245.875s][info][gc,phases      ] GC(1318)   Other: 0.06ms
[7245.875s][info][gc,heap        ] GC(1318) Eden regions: 560->0(551)
[7245.875s][info][gc,heap        ] GC(1318) Survivor regions: 43->44(76)
[7245.875s][info][gc,heap        ] GC(1318) Old regions: 293->300
[7245.875s][info][gc,heap        ] GC(1318) Humongous regions: 33->33
[7245.875s][info][gc,metaspace   ] GC(1318) Metaspace: 30024K(30528K)->30024K(30528K) NonClass: 24611K(24896K)->24611K(24896K) Class: 5412K(5632K)->5412K(5632K)
[7245.875s][info][gc             ] GC(1318) Pause Young (Normal) (G1 Evacuation Pause) 7415M->2996M(8192M) 154.668ms
[7245.875s][info][gc,cpu         ] GC(1318) User=1.22s Sys=0.00s Real=0.16s
...[7248.604s][info][gc,start       ] GC(1319) Pause Young (Normal) (G1 Evacuation Pause)
[7248.604s][info][gc,task        ] GC(1319) Using 8 workers of 8 for evacuation
[7248.756s][info][gc,phases      ] GC(1319)   Pre Evacuate Collection Set: 0.21ms
[7248.756s][info][gc,phases      ] GC(1319)   Merge Heap Roots: 0.49ms
[7248.756s][info][gc,phases      ] GC(1319)   Evacuate Collection Set: 149.70ms
[7248.756s][info][gc,phases      ] GC(1319)   Post Evacuate Collection Set: 1.03ms
[7248.756s][info][gc,phases      ] GC(1319)   Other: 0.06ms
[7248.756s][info][gc,heap        ] GC(1319) Eden regions: 551->0(545)
[7248.756s][info][gc,heap        ] GC(1319) Survivor regions: 44->43(75)
[7248.756s][info][gc,heap        ] GC(1319) Old regions: 300->308
[7248.756s][info][gc,heap        ] GC(1319) Humongous regions: 33->33
[7248.756s][info][gc,metaspace   ] GC(1319) Metaspace: 30024K(30528K)->30024K(30528K) NonClass: 24611K(24896K)->24611K(24896K) Class: 5412K(5632K)->5412K(5632K)
[7248.756s][info][gc             ] GC(1319) Pause Young (Normal) (G1 Evacuation Pause) 7404M->3052M(8192M) 151.612ms
[7248.756s][info][gc,cpu         ] GC(1319) User=1.20s Sys=0.00s Real=0.15s
...[7251.523s][info][gc,start       ] GC(1320) Pause Young (Concurrent Start) (G1 Evacuation Pause)
[7251.523s][info][gc,task        ] GC(1320) Using 8 workers of 8 for evacuation
[7251.675s][info][gc,phases      ] GC(1320)   Pre Evacuate Collection Set: 0.30ms
[7251.675s][info][gc,phases      ] GC(1320)   Merge Heap Roots: 0.51ms
[7251.675s][info][gc,phases      ] GC(1320)   Evacuate Collection Set: 149.53ms
[7251.675s][info][gc,phases      ] GC(1320)   Post Evacuate Collection Set: 1.02ms
[7251.675s][info][gc,phases      ] GC(1320)   Other: 0.08ms
[7251.675s][info][gc,heap        ] GC(1320) Eden regions: 545->0(538)
[7251.675s][info][gc,heap        ] GC(1320) Survivor regions: 43->43(74)
[7251.675s][info][gc,heap        ] GC(1320) Old regions: 308->315
[7251.675s][info][gc,heap        ] GC(1320) Humongous regions: 33->33
[7251.675s][info][gc,metaspace   ] GC(1320) Metaspace: 30024K(30528K)->30024K(30528K) NonClass: 24611K(24896K)->24611K(24896K) Class: 5412K(5632K)->5412K(5632K)
[7251.675s][info][gc             ] GC(1320) Pause Young (Concurrent Start) (G1 Evacuation Pause) 7412M->3112M(8192M) 151.563ms
[7251.675s][info][gc             ] GC(1321) Concurrent Mark Cycle
[7251.675s][info][gc,marking     ] GC(1321) Concurrent Scan Root Regions
[7251.675s][info][gc,cpu         ] GC(1320) User=1.19s Sys=0.01s Real=0.15s
.[7251.943s][info][gc,marking     ] GC(1321) Concurrent Scan Root Regions 268.541ms
[7251.944s][info][gc,marking     ] GC(1321) Concurrent Mark
[7251.944s][info][gc,marking     ] GC(1321) Concurrent Mark From Roots
[7251.944s][info][gc,task        ] GC(1321) Using 2 workers of 2 for marking
.[7253.288s][info][gc,marking     ] GC(1321) Concurrent Mark From Roots 1344.465ms
[7253.288s][info][gc,marking     ] GC(1321) Concurrent Preclean
[7253.288s][info][gc,marking     ] GC(1321) Concurrent Preclean 0.095ms
[7253.288s][info][gc,start       ] GC(1321) Pause Remark
[7253.291s][info][gc             ] GC(1321) Pause Remark 4909M->4301M(8192M) 2.246ms
[7253.291s][info][gc,cpu         ] GC(1321) User=0.02s Sys=0.00s Real=0.00s
[7253.291s][info][gc,marking     ] GC(1321) Concurrent Mark 1347.160ms
[7253.291s][info][gc,marking     ] GC(1321) Concurrent Rebuild Remembered Sets and Scrub Regions
.[7254.021s][info][gc,marking     ] GC(1321) Concurrent Rebuild Remembered Sets and Scrub Regions 730.596ms
[7254.022s][info][gc,start       ] GC(1321) Pause Cleanup
[7254.022s][info][gc             ] GC(1321) Pause Cleanup 5197M->5197M(8192M) 0.279ms
[7254.022s][info][gc,cpu         ] GC(1321) User=0.00s Sys=0.00s Real=0.00s
[7254.022s][info][gc,marking     ] GC(1321) Concurrent Clear Claimed Marks
[7254.022s][info][gc,marking     ] GC(1321) Concurrent Clear Claimed Marks 0.051ms
[7254.022s][info][gc,marking     ] GC(1321) Concurrent Cleanup for Next Mark
[7254.034s][info][gc,marking     ] GC(1321) Concurrent Cleanup for Next Mark 11.758ms
[7254.034s][info][gc             ] GC(1321) Concurrent Mark Cycle 2358.835ms
.[7255.075s][info][gc,start       ] GC(1322) Pause Young (Prepare Mixed) (G1 Evacuation Pause)
[7255.075s][info][gc,task        ] GC(1322) Using 8 workers of 8 for evacuation
[7255.232s][info][gc,phases      ] GC(1322)   Pre Evacuate Collection Set: 0.23ms
[7255.232s][info][gc,phases      ] GC(1322)   Merge Heap Roots: 0.75ms
[7255.232s][info][gc,phases      ] GC(1322)   Evacuate Collection Set: 154.36ms
[7255.232s][info][gc,phases      ] GC(1322)   Post Evacuate Collection Set: 1.10ms
[7255.232s][info][gc,phases      ] GC(1322)   Other: 0.07ms
[7255.232s][info][gc,heap        ] GC(1322) Eden regions: 538->0(570)
[7255.232s][info][gc,heap        ] GC(1322) Survivor regions: 43->44(73)
[7255.232s][info][gc,heap        ] GC(1322) Old regions: 239->247
[7255.232s][info][gc,heap        ] GC(1322) Humongous regions: 33->33
[7255.232s][info][gc,metaspace   ] GC(1322) Metaspace: 30024K(30528K)->30024K(30528K) NonClass: 24611K(24896K)->24611K(24896K) Class: 5412K(5632K)->5412K(5632K)
[7255.232s][info][gc             ] GC(1322) Pause Young (Prepare Mixed) (G1 Evacuation Pause) 6808M->2568M(8192M) 156.637ms
[7255.232s][info][gc,cpu         ] GC(1322) User=1.24s Sys=0.00s Real=0.15s
...[7258.043s][info][gc,start       ] GC(1323) Pause Young (Mixed) (G1 Evacuation Pause)
[7258.043s][info][gc,task        ] GC(1323) Using 8 workers of 8 for evacuation
[7258.203s][info][gc,phases      ] GC(1323)   Pre Evacuate Collection Set: 0.24ms
[7258.203s][info][gc,phases      ] GC(1323)   Merge Heap Roots: 0.85ms
[7258.204s][info][gc,phases      ] GC(1323)   Evacuate Collection Set: 158.34ms
[7258.204s][info][gc,phases      ] GC(1323)   Post Evacuate Collection Set: 1.20ms
[7258.204s][info][gc,phases      ] GC(1323)   Other: 0.07ms
[7258.204s][info][gc,heap        ] GC(1323) Eden regions: 570->0(572)
[7258.204s][info][gc,heap        ] GC(1323) Survivor regions: 44->42(77)
[7258.204s][info][gc,heap        ] GC(1323) Old regions: 247->153
[7258.204s][info][gc,heap        ] GC(1323) Humongous regions: 33->33
[7258.204s][info][gc,metaspace   ] GC(1323) Metaspace: 30024K(30528K)->30024K(30528K) NonClass: 24611K(24896K)->24611K(24896K) Class: 5412K(5632K)->5412K(5632K)
[7258.204s][info][gc             ] GC(1323) Pause Young (Mixed) (G1 Evacuation Pause) 7128M->1803M(8192M) 160.839ms
[7258.204s][info][gc,cpu         ] GC(1323) User=1.27s Sys=0.00s Real=0.17s
...[7261.044s][info][gc,start       ] GC(1324) Pause Young (Mixed) (G1 Evacuation Pause)
[7261.044s][info][gc,task        ] GC(1324) Using 8 workers of 8 for evacuation
[7261.208s][info][gc,phases      ] GC(1324)   Pre Evacuate Collection Set: 0.25ms
[7261.208s][info][gc,phases      ] GC(1324)   Merge Heap Roots: 0.72ms
[7261.208s][info][gc,phases      ] GC(1324)   Evacuate Collection Set: 162.03ms
[7261.208s][info][gc,phases      ] GC(1324)   Post Evacuate Collection Set: 1.06ms
[7261.208s][info][gc,phases      ] GC(1324)   Other: 0.08ms
[7261.208s][info][gc,heap        ] GC(1324) Eden regions: 572->0(568)
[7261.208s][info][gc,heap        ] GC(1324) Survivor regions: 42->46(77)
[7261.208s][info][gc,heap        ] GC(1324) Old regions: 153->143
[7261.208s][info][gc,heap        ] GC(1324) Humongous regions: 33->33
[7261.208s][info][gc,metaspace   ] GC(1324) Metaspace: 30024K(30528K)->30024K(30528K) NonClass: 24611K(24896K)->24611K(24896K) Class: 5412K(5632K)->5412K(5632K)
[7261.208s][info][gc             ] GC(1324) Pause Young (Mixed) (G1 Evacuation Pause) 6379M->1757M(8192M) 164.263ms
[7261.208s][info][gc,cpu         ] GC(1324) User=1.30s Sys=0.00s Real=0.16s
...[7264.038s][info][gc,start       ] GC(1325) Pause Young (Normal) (G1 Evacuation Pause)
[7264.038s][info][gc,task        ] GC(1325) Using 8 workers of 8 for evacuation
[7264.195s][info][gc,phases      ] GC(1325)   Pre Evacuate Collection Set: 0.21ms
[7264.195s][info][gc,phases      ] GC(1325)   Merge Heap Roots: 0.50ms
[7264.195s][info][gc,phases      ] GC(1325)   Evacuate Collection Set: 155.83ms
[7264.195s][info][gc,phases      ] GC(1325)   Post Evacuate Collection Set: 1.02ms
[7264.195s][info][gc,phases      ] GC(1325)   Other: 0.08ms
[7264.195s][info][gc,heap        ] GC(1325) Eden regions: 568->0(570)
[7264.195s][info][gc,heap        ] GC(1325) Survivor regions: 46->44(77)
[7264.195s][info][gc,heap        ] GC(1325) Old regions: 143->150
[7264.195s][info][gc,heap        ] GC(1325) Humongous regions: 33->33
[7264.195s][info][gc,metaspace   ] GC(1325) Metaspace: 30024K(30528K)->30024K(30528K) NonClass: 24611K(24896K)->24611K(24896K) Class: 5412K(5632K)->5412K(5632K)
[7264.195s][info][gc             ] GC(1325) Pause Young (Normal) (G1 Evacuation Pause) 6301M->1798M(8192M) 157.767ms
[7264.195s][info][gc,cpu         ] GC(1325) User=1.25s Sys=0.00s Real=0.16s
..[7266.863s][info][gc,start       ] GC(1326) Pause Young (Normal) (G1 Evacuation Pause)
[7266.863s][info][gc,task        ] GC(1326) Using 8 workers of 8 for evacuation
[7267.019s][info][gc,phases      ] GC(1326)   Pre Evacuate Collection Set: 0.22ms
[7267.020s][info][gc,phases      ] GC(1326)   Merge Heap Roots: 0.51ms
[7267.020s][info][gc,phases      ] GC(1326)   Evacuate Collection Set: 154.42ms
[7267.020s][info][gc,phases      ] GC(1326)   Post Evacuate Collection Set: 1.00ms
[7267.020s][info][gc,phases      ] GC(1326)   Other: 0.06ms
[7267.020s][info][gc,heap        ] GC(1326) Eden regions: 570->0(570)
[7267.020s][info][gc,heap        ] GC(1326) Survivor regions: 44->44(77)
[7267.020s][info][gc,heap        ] GC(1326) Old regions: 150->157
[7267.020s][info][gc,heap        ] GC(1326) Humongous regions: 33->33
[7267.020s][info][gc,metaspace   ] GC(1326) Metaspace: 30024K(30528K)->30024K(30528K) NonClass: 24611K(24896K)->24611K(24896K) Class: 5412K(5632K)->5412K(5632K)
[7267.020s][info][gc             ] GC(1326) Pause Young (Normal) (G1 Evacuation Pause) 6358M->1854M(8192M) 157.109ms
[7267.020s][info][gc,cpu         ] GC(1326) User=1.24s Sys=0.00s Real=0.16s
...[7269.845s][info][gc,start       ] GC(1327) Pause Young (Normal) (G1 Evacuation Pause)
[7269.845s][info][gc,task        ] GC(1327) Using 8 workers of 8 for evacuation
[7269.996s][info][gc,phases      ] GC(1327)   Pre Evacuate Collection Set: 0.22ms
[7269.996s][info][gc,phases      ] GC(1327)   Merge Heap Roots: 0.50ms
[7269.997s][info][gc,phases      ] GC(1327)   Evacuate Collection Set: 149.56ms
[7269.997s][info][gc,phases      ] GC(1327)   Post Evacuate Collection Set: 1.00ms
[7269.997s][info][gc,phases      ] GC(1327)   Other: 0.06ms
[7269.997s][info][gc,heap        ] GC(1327) Eden regions: 570->0(570)
[7269.997s][info][gc,heap        ] GC(1327) Survivor regions: 44->44(77)
[7269.997s][info][gc,heap        ] GC(1327) Old regions: 157->164
[7269.997s][info][gc,heap        ] GC(1327) Humongous regions: 33->33
[7269.997s][info][gc,metaspace   ] GC(1327) Metaspace: 30024K(30528K)->30024K(30528K) NonClass: 24611K(24896K)->24611K(24896K) Class: 5412K(5632K)->5412K(5632K)
[7269.997s][info][gc             ] GC(1327) Pause Young (Normal) (G1 Evacuation Pause) 6414M->1908M(8192M) 151.481ms
[7269.997s][info][gc,cpu         ] GC(1327) User=1.20s Sys=0.00s Real=0.15s
...[7272.844s][info][gc,start       ] GC(1328) Pause Young (Normal) (G1 Evacuation Pause)
[7272.844s][info][gc,task        ] GC(1328) Using 8 workers of 8 for evacuation
[7273.001s][info][gc,phases      ] GC(1328)   Pre Evacuate Collection Set: 0.20ms
[7273.001s][info][gc,phases      ] GC(1328)   Merge Heap Roots: 0.53ms
[7273.001s][info][gc,phases      ] GC(1328)   Evacuate Collection Set: 155.03ms
[7273.001s][info][gc,phases      ] GC(1328)   Post Evacuate Collection Set: 1.02ms
[7273.001s][info][gc,phases      ] GC(1328)   Other: 0.06ms
[7273.001s][info][gc,heap        ] GC(1328) Eden regions: 570->0(570)
[7273.001s][info][gc,heap        ] GC(1328) Survivor regions: 44->44(77)
[7273.001s][info][gc,heap        ] GC(1328) Old regions: 164->172
[7273.001s][info][gc,heap        ] GC(1328) Humongous regions: 33->33
[7273.001s][info][gc,metaspace   ] GC(1328) Metaspace: 30024K(30528K)->30024K(30528K) NonClass: 24611K(24896K)->24611K(24896K) Class: 5412K(5632K)->5412K(5632K)
[7273.001s][info][gc             ] GC(1328) Pause Young (Normal) (G1 Evacuation Pause) 6468M->1968M(8192M) 156.973ms
[7273.001s][info][gc,cpu         ] GC(1328) User=1.24s Sys=0.00s Real=0.15s
...[7275.782s][info][gc,start       ] GC(1329) Pause Young (Normal) (G1 Evacuation Pause)
[7275.782s][info][gc,task        ] GC(1329) Using 8 workers of 8 for evacuation
[7275.943s][info][gc,phases      ] GC(1329)   Pre Evacuate Collection Set: 0.22ms
[7275.943s][info][gc,phases      ] GC(1329)   Merge Heap Roots: 0.49ms
[7275.943s][info][gc,phases      ] GC(1329)   Evacuate Collection Set: 158.58ms
[7275.943s][info][gc,phases      ] GC(1329)   Post Evacuate Collection Set: 1.04ms
[7275.943s][info][gc,phases      ] GC(1329)   Other: 0.07ms
[7275.943s][info][gc,heap        ] GC(1329) Eden regions: 570->0(568)
[7275.943s][info][gc,heap        ] GC(1329) Survivor regions: 44->46(77)
[7275.943s][info][gc,heap        ] GC(1329) Old regions: 172->179
[7275.943s][info][gc,heap        ] GC(1329) Humongous regions: 33->33
[7275.943s][info][gc,metaspace   ] GC(1329) Metaspace: 30024K(30528K)->30024K(30528K) NonClass: 24611K(24896K)->24611K(24896K) Class: 5412K(5632K)->5412K(5632K)
[7275.943s][info][gc             ] GC(1329) Pause Young (Normal) (G1 Evacuation Pause) 6528M->2043M(8192M) 160.535ms
[7275.943s][info][gc,cpu         ] GC(1329) User=1.27s Sys=0.00s Real=0.16s
...[7278.751s][info][gc,start       ] GC(1330) Pause Young (Normal) (G1 Evacuation Pause)
[7278.751s][info][gc,task        ] GC(1330) Using 8 workers of 8 for evacuation
[7278.904s][info][gc,phases      ] GC(1330)   Pre Evacuate Collection Set: 0.21ms
[7278.904s][info][gc,phases      ] GC(1330)   Merge Heap Roots: 0.52ms
[7278.904s][info][gc,phases      ] GC(1330)   Evacuate Collection Set: 150.71ms
[7278.904s][info][gc,phases      ] GC(1330)   Post Evacuate Collection Set: 1.02ms
[7278.904s][info][gc,phases      ] GC(1330)   Other: 0.06ms
[7278.904s][info][gc,heap        ] GC(1330) Eden regions: 568->0(571)
[7278.904s][info][gc,heap        ] GC(1330) Survivor regions: 46->43(77)
[7278.904s][info][gc,heap        ] GC(1330) Old regions: 179->186
[7278.904s][info][gc,heap        ] GC(1330) Humongous regions: 33->33
[7278.904s][info][gc,metaspace   ] GC(1330) Metaspace: 30024K(30528K)->30024K(30528K) NonClass: 24611K(24896K)->24611K(24896K) Class: 5412K(5632K)->5412K(5632K)
[7278.904s][info][gc             ] GC(1330) Pause Young (Normal) (G1 Evacuation Pause) 6587M->2079M(8192M) 152.649ms
[7278.904s][info][gc,cpu         ] GC(1330) User=1.21s Sys=0.00s Real=0.16s
...[7281.740s][info][gc,start       ] GC(1331) Pause Young (Normal) (G1 Evacuation Pause)
[7281.740s][info][gc,task        ] GC(1331) Using 8 workers of 8 for evacuation
[7281.892s][info][gc,phases      ] GC(1331)   Pre Evacuate Collection Set: 0.23ms
[7281.892s][info][gc,phases      ] GC(1331)   Merge Heap Roots: 0.53ms
[7281.892s][info][gc,phases      ] GC(1331)   Evacuate Collection Set: 150.90ms
[7281.892s][info][gc,phases      ] GC(1331)   Post Evacuate Collection Set: 1.02ms
[7281.892s][info][gc,phases      ] GC(1331)   Other: 0.06ms
[7281.892s][info][gc,heap        ] GC(1331) Eden regions: 571->0(570)
[7281.892s][info][gc,heap        ] GC(1331) Survivor regions: 43->44(77)
[7281.892s][info][gc,heap        ] GC(1331) Old regions: 186->193
[7281.893s][info][gc,heap        ] GC(1331) Humongous regions: 33->33
[7281.893s][info][gc,metaspace   ] GC(1331) Metaspace: 30024K(30528K)->30024K(30528K) NonClass: 24611K(24896K)->24611K(24896K) Class: 5412K(5632K)->5412K(5632K)
[7281.893s][info][gc             ] GC(1331) Pause Young (Normal) (G1 Evacuation Pause) 6647M->2142M(8192M) 152.872ms
[7281.893s][info][gc,cpu         ] GC(1331) User=1.21s Sys=0.00s Real=0.15s
...[7284.708s][info][gc,start       ] GC(1332) Pause Young (Normal) (G1 Evacuation Pause)
[7284.708s][info][gc,task        ] GC(1332) Using 8 workers of 8 for evacuation
[7284.862s][info][gc,phases      ] GC(1332)   Pre Evacuate Collection Set: 0.21ms
[7284.862s][info][gc,phases      ] GC(1332)   Merge Heap Roots: 0.53ms
[7284.862s][info][gc,phases      ] GC(1332)   Evacuate Collection Set: 152.25ms
[7284.862s][info][gc,phases      ] GC(1332)   Post Evacuate Collection Set: 1.01ms
[7284.862s][info][gc,phases      ] GC(1332)   Other: 0.06ms
[7284.862s][info][gc,heap        ] GC(1332) Eden regions: 570->0(571)
[7284.862s][info][gc,heap        ] GC(1332) Survivor regions: 44->43(77)
[7284.862s][info][gc,heap        ] GC(1332) Old regions: 193->201
[7284.862s][info][gc,heap        ] GC(1332) Humongous regions: 33->33
[7284.862s][info][gc,metaspace   ] GC(1332) Metaspace: 30024K(30528K)->30024K(30528K) NonClass: 24611K(24896K)->24611K(24896K) Class: 5412K(5632K)->5412K(5632K)
[7284.862s][info][gc             ] GC(1332) Pause Young (Normal) (G1 Evacuation Pause) 6702M->2195M(8192M) 154.182ms
[7284.862s][info][gc,cpu         ] GC(1332) User=1.22s Sys=0.00s Real=0.15s
...[7287.683s][info][gc,start       ] GC(1333) Pause Young (Normal) (G1 Evacuation Pause)
[7287.683s][info][gc,task        ] GC(1333) Using 8 workers of 8 for evacuation
[7287.834s][info][gc,phases      ] GC(1333)   Pre Evacuate Collection Set: 0.23ms
[7287.834s][info][gc,phases      ] GC(1333)   Merge Heap Roots: 0.51ms
[7287.834s][info][gc,phases      ] GC(1333)   Evacuate Collection Set: 148.74ms
[7287.834s][info][gc,phases      ] GC(1333)   Post Evacuate Collection Set: 1.02ms
[7287.834s][info][gc,phases      ] GC(1333)   Other: 0.06ms
[7287.834s][info][gc,heap        ] GC(1333) Eden regions: 571->0(571)
[7287.834s][info][gc,heap        ] GC(1333) Survivor regions: 43->43(77)
[7287.834s][info][gc,heap        ] GC(1333) Old regions: 201->208
[7287.834s][info][gc,heap        ] GC(1333) Humongous regions: 33->33
[7287.834s][info][gc,metaspace   ] GC(1333) Metaspace: 30024K(30528K)->30024K(30528K) NonClass: 24611K(24896K)->24611K(24896K) Class: 5412K(5632K)->5412K(5632K)
[7287.834s][info][gc             ] GC(1333) Pause Young (Normal) (G1 Evacuation Pause) 6763M->2252M(8192M) 150.687ms
[7287.834s][info][gc,cpu         ] GC(1333) User=1.19s Sys=0.00s Real=0.16s
...[7290.694s][info][gc,start       ] GC(1334) Pause Young (Normal) (G1 Evacuation Pause)
[7290.694s][info][gc,task        ] GC(1334) Using 8 workers of 8 for evacuation
[7290.851s][info][gc,phases      ] GC(1334)   Pre Evacuate Collection Set: 0.21ms
[7290.851s][info][gc,phases      ] GC(1334)   Merge Heap Roots: 0.51ms
[7290.851s][info][gc,phases      ] GC(1334)   Evacuate Collection Set: 155.17ms
[7290.851s][info][gc,phases      ] GC(1334)   Post Evacuate Collection Set: 1.01ms
[7290.851s][info][gc,phases      ] GC(1334)   Other: 0.06ms
[7290.851s][info][gc,heap        ] GC(1334) Eden regions: 571->0(570)
[7290.851s][info][gc,heap        ] GC(1334) Survivor regions: 43->44(77)
[7290.851s][info][gc,heap        ] GC(1334) Old regions: 208->215
[7290.851s][info][gc,heap        ] GC(1334) Humongous regions: 33->33
[7290.851s][info][gc,metaspace   ] GC(1334) Metaspace: 30024K(30528K)->30024K(30528K) NonClass: 24611K(24896K)->24611K(24896K) Class: 5412K(5632K)->5412K(5632K)
[7290.851s][info][gc             ] GC(1334) Pause Young (Normal) (G1 Evacuation Pause) 6820M->2315M(8192M) 157.101ms
[7290.851s][info][gc,cpu         ] GC(1334) User=1.25s Sys=0.00s Real=0.15s
...[7293.686s][info][gc,start       ] GC(1335) Pause Young (Normal) (G1 Evacuation Pause)
[7293.686s][info][gc,task        ] GC(1335) Using 8 workers of 8 for evacuation
[7293.835s][info][gc,phases      ] GC(1335)   Pre Evacuate Collection Set: 0.22ms
[7293.835s][info][gc,phases      ] GC(1335)   Merge Heap Roots: 0.53ms
[7293.835s][info][gc,phases      ] GC(1335)   Evacuate Collection Set: 146.75ms
[7293.835s][info][gc,phases      ] GC(1335)   Post Evacuate Collection Set: 1.00ms
[7293.835s][info][gc,phases      ] GC(1335)   Other: 0.06ms
[7293.835s][info][gc,heap        ] GC(1335) Eden regions: 570->0(571)
[7293.835s][info][gc,heap        ] GC(1335) Survivor regions: 44->43(77)
[7293.835s][info][gc,heap        ] GC(1335) Old regions: 215->222
[7293.835s][info][gc,heap        ] GC(1335) Humongous regions: 33->33
[7293.835s][info][gc,metaspace   ] GC(1335) Metaspace: 30024K(30528K)->30024K(30528K) NonClass: 24611K(24896K)->24611K(24896K) Class: 5412K(5632K)->5412K(5632K)
[7293.835s][info][gc             ] GC(1335) Pause Young (Normal) (G1 Evacuation Pause) 6875M->2364M(8192M) 148.682ms
[7293.835s][info][gc,cpu         ] GC(1335) User=1.18s Sys=0.00s Real=0.15s
...[7296.709s][info][gc,start       ] GC(1336) Pause Young (Normal) (G1 Evacuation Pause)
[7296.709s][info][gc,task        ] GC(1336) Using 8 workers of 8 for evacuation
[7296.863s][info][gc,phases      ] GC(1336)   Pre Evacuate Collection Set: 0.25ms
[7296.863s][info][gc,phases      ] GC(1336)   Merge Heap Roots: 0.51ms
[7296.863s][info][gc,phases      ] GC(1336)   Evacuate Collection Set: 152.17ms
[7296.863s][info][gc,phases      ] GC(1336)   Post Evacuate Collection Set: 1.04ms
[7296.863s][info][gc,phases      ] GC(1336)   Other: 0.07ms
[7296.863s][info][gc,heap        ] GC(1336) Eden regions: 571->0(570)
[7296.863s][info][gc,heap        ] GC(1336) Survivor regions: 43->44(77)
[7296.863s][info][gc,heap        ] GC(1336) Old regions: 222->229
[7296.863s][info][gc,heap        ] GC(1336) Humongous regions: 33->33
[7296.863s][info][gc,metaspace   ] GC(1336) Metaspace: 30024K(30528K)->30024K(30528K) NonClass: 24611K(24896K)->24611K(24896K) Class: 5412K(5632K)->5412K(5632K)
[7296.863s][info][gc             ] GC(1336) Pause Young (Normal) (G1 Evacuation Pause) 6932M->2428M(8192M) 154.178ms
[7296.863s][info][gc,cpu         ] GC(1336) User=1.21s Sys=0.01s Real=0.16s
...[7299.730s][info][gc,start       ] GC(1337) Pause Young (Normal) (G1 Evacuation Pause)
[7299.730s][info][gc,task        ] GC(1337) Using 8 workers of 8 for evacuation
[7299.881s][info][gc,phases      ] GC(1337)   Pre Evacuate Collection Set: 0.24ms
[7299.881s][info][gc,phases      ] GC(1337)   Merge Heap Roots: 0.51ms
[7299.881s][info][gc,phases      ] GC(1337)   Evacuate Collection Set: 149.91ms
[7299.881s][info][gc,phases      ] GC(1337)   Post Evacuate Collection Set: 1.04ms
[7299.881s][info][gc,phases      ] GC(1337)   Other: 0.06ms
[7299.881s][info][gc,heap        ] GC(1337) Eden regions: 570->0(570)
[7299.881s][info][gc,heap        ] GC(1337) Survivor regions: 44->44(77)
[7299.881s][info][gc,heap        ] GC(1337) Old regions: 229->236
[7299.881s][info][gc,heap        ] GC(1337) Humongous regions: 33->33
[7299.881s][info][gc,metaspace   ] GC(1337) Metaspace: 30024K(30528K)->30024K(30528K) NonClass: 24611K(24896K)->24611K(24896K) Class: 5412K(5632K)->5412K(5632K)
[7299.881s][info][gc             ] GC(1337) Pause Young (Normal) (G1 Evacuation Pause) 6988M->2480M(8192M) 151.906ms
[7299.882s][info][gc,cpu         ] GC(1337) User=1.20s Sys=0.00s Real=0.15s
...[7302.793s][info][gc,start       ] GC(1338) Pause Young (Normal) (G1 Evacuation Pause)
[7302.793s][info][gc,task        ] GC(1338) Using 8 workers of 8 for evacuation
[7302.941s][info][gc,phases      ] GC(1338)   Pre Evacuate Collection Set: 0.22ms
[7302.941s][info][gc,phases      ] GC(1338)   Merge Heap Roots: 0.53ms
[7302.941s][info][gc,phases      ] GC(1338)   Evacuate Collection Set: 146.74ms
[7302.941s][info][gc,phases      ] GC(1338)   Post Evacuate Collection Set: 1.02ms
[7302.941s][info][gc,phases      ] GC(1338)   Other: 0.07ms
[7302.942s][info][gc,heap        ] GC(1338) Eden regions: 570->0(572)
[7302.942s][info][gc,heap        ] GC(1338) Survivor regions: 44->42(77)
[7302.942s][info][gc,heap        ] GC(1338) Old regions: 236->243
[7302.942s][info][gc,heap        ] GC(1338) Humongous regions: 33->33
[7302.942s][info][gc,metaspace   ] GC(1338) Metaspace: 30024K(30528K)->30024K(30528K) NonClass: 24611K(24896K)->24611K(24896K) Class: 5412K(5632K)->5412K(5632K)
[7302.942s][info][gc             ] GC(1338) Pause Young (Normal) (G1 Evacuation Pause) 7040M->2526M(8192M) 148.703ms
[7302.942s][info][gc,cpu         ] GC(1338) User=1.18s Sys=0.00s Real=0.15s
. (rIR:aIR:PR = 12592:12627:12621) (tPR = 188092) [OK] 
  7303s: Performance info:
         Transaction,    Success,    Partial,     Failed,   Receipts, AvgBarcode, 
             Overall,     759523,          0,          0,     721864,      59.47, 
         Response times:
             Request,    Success,    Partial,     Failed,   SkipFail,     Probes,    Samples,      min,      p50,      p90,      p95,      p99,      max, 
       TotalPurchase,     722131,          0,          0,          0,     318420,     473016,      400,    63000,   278000,   364000,   576000,  7000000,
     InStorePurchase,     379639,          0,          0,          0,     166861,     248661,      400,    63000,   279000,   369000,   585000,  7000000,
      OnlinePurchase,     266471,          0,          0,          0,     116588,     173374,      400,    62000,   278000,   359000,   534000,  5100000,
        InstPurchase,      76021,          0,          0,          0,      34971,      50981,      400,    63000,   277000,   356000,   534000,  5100000,
          AssocOfCat,        763,          0,          0,          0,        630,       1008,    38000,   120000,   320100,   404000,   595640,   760000,
      AssocOfProduct,       7512,          0,          0,          0,       3369,       5011,      900,    60000,   269000,   353400,   528000,  2000000,
      BusinessReport,       1899,          0,          0,          0,       1548,       2394,    33000,   137000,   346000,   429250,   562000,  2200000,
          CustBuyBeh,       7620,          0,          0,          0,       3350,       5016,      200,    63000,   276000,   345000,   509830,  1500000,
       ProductReturn,      19932,          0,          0,          0,       9347,      13409,      500,    61000,   273000,   345000,   527000,  5100000,

  7303s: (92%)   IR =  12730 ..[7305.897s][info][gc,start       ] GC(1339) Pause Young (Normal) (G1 Evacuation Pause)
[7305.897s][info][gc,task        ] GC(1339) Using 8 workers of 8 for evacuation
[7306.053s][info][gc,phases      ] GC(1339)   Pre Evacuate Collection Set: 0.23ms
[7306.053s][info][gc,phases      ] GC(1339)   Merge Heap Roots: 0.54ms
[7306.053s][info][gc,phases      ] GC(1339)   Evacuate Collection Set: 153.94ms
[7306.053s][info][gc,phases      ] GC(1339)   Post Evacuate Collection Set: 1.05ms
[7306.053s][info][gc,phases      ] GC(1339)   Other: 0.07ms
[7306.053s][info][gc,heap        ] GC(1339) Eden regions: 572->0(570)
[7306.053s][info][gc,heap        ] GC(1339) Survivor regions: 42->44(77)
[7306.053s][info][gc,heap        ] GC(1339) Old regions: 243->250
[7306.053s][info][gc,heap        ] GC(1339) Humongous regions: 33->33
[7306.053s][info][gc,metaspace   ] GC(1339) Metaspace: 30024K(30528K)->30024K(30528K) NonClass: 24611K(24896K)->24611K(24896K) Class: 5412K(5632K)->5412K(5632K)
[7306.053s][info][gc             ] GC(1339) Pause Young (Normal) (G1 Evacuation Pause) 7102M->2598M(8192M) 155.937ms
[7306.053s][info][gc,cpu         ] GC(1339) User=1.23s Sys=0.00s Real=0.16s
...[7308.921s][info][gc,start       ] GC(1340) Pause Young (Normal) (G1 Evacuation Pause)
[7308.921s][info][gc,task        ] GC(1340) Using 8 workers of 8 for evacuation
[7309.079s][info][gc,phases      ] GC(1340)   Pre Evacuate Collection Set: 0.22ms
[7309.079s][info][gc,phases      ] GC(1340)   Merge Heap Roots: 0.52ms
[7309.079s][info][gc,phases      ] GC(1340)   Evacuate Collection Set: 156.61ms
[7309.079s][info][gc,phases      ] GC(1340)   Post Evacuate Collection Set: 1.02ms
[7309.079s][info][gc,phases      ] GC(1340)   Other: 0.06ms
[7309.079s][info][gc,heap        ] GC(1340) Eden regions: 570->0(569)
[7309.079s][info][gc,heap        ] GC(1340) Survivor regions: 44->45(77)
[7309.079s][info][gc,heap        ] GC(1340) Old regions: 250->257
[7309.079s][info][gc,heap        ] GC(1340) Humongous regions: 33->33
[7309.079s][info][gc,metaspace   ] GC(1340) Metaspace: 30024K(30528K)->30024K(30528K) NonClass: 24611K(24896K)->24611K(24896K) Class: 5412K(5632K)->5412K(5632K)
[7309.079s][info][gc             ] GC(1340) Pause Young (Normal) (G1 Evacuation Pause) 7158M->2663M(8192M) 158.554ms
[7309.080s][info][gc,cpu         ] GC(1340) User=1.25s Sys=0.00s Real=0.16s
...[7311.938s][info][gc,start       ] GC(1341) Pause Young (Normal) (G1 Evacuation Pause)
[7311.938s][info][gc,task        ] GC(1341) Using 8 workers of 8 for evacuation
[7312.092s][info][gc,phases      ] GC(1341)   Pre Evacuate Collection Set: 0.22ms
[7312.092s][info][gc,phases      ] GC(1341)   Merge Heap Roots: 0.50ms
[7312.092s][info][gc,phases      ] GC(1341)   Evacuate Collection Set: 151.72ms
[7312.092s][info][gc,phases      ] GC(1341)   Post Evacuate Collection Set: 1.04ms
[7312.092s][info][gc,phases      ] GC(1341)   Other: 0.06ms
[7312.092s][info][gc,heap        ] GC(1341) Eden regions: 569->0(570)
[7312.092s][info][gc,heap        ] GC(1341) Survivor regions: 45->44(77)
[7312.092s][info][gc,heap        ] GC(1341) Old regions: 257->264
[7312.092s][info][gc,heap        ] GC(1341) Humongous regions: 33->33
[7312.092s][info][gc,metaspace   ] GC(1341) Metaspace: 30024K(30528K)->30024K(30528K) NonClass: 24611K(24896K)->24611K(24896K) Class: 5412K(5632K)->5412K(5632K)
[7312.092s][info][gc             ] GC(1341) Pause Young (Normal) (G1 Evacuation Pause) 7215M->2710M(8192M) 153.661ms
[7312.092s][info][gc,cpu         ] GC(1341) User=1.22s Sys=0.00s Real=0.15s
...[7314.894s][info][gc,start       ] GC(1342) Pause Young (Normal) (G1 Evacuation Pause)
[7314.894s][info][gc,task        ] GC(1342) Using 8 workers of 8 for evacuation
[7315.049s][info][gc,phases      ] GC(1342)   Pre Evacuate Collection Set: 0.25ms
[7315.049s][info][gc,phases      ] GC(1342)   Merge Heap Roots: 0.51ms
[7315.049s][info][gc,phases      ] GC(1342)   Evacuate Collection Set: 153.28ms
[7315.049s][info][gc,phases      ] GC(1342)   Post Evacuate Collection Set: 1.01ms
[7315.049s][info][gc,phases      ] GC(1342)   Other: 0.06ms
[7315.049s][info][gc,heap        ] GC(1342) Eden regions: 570->0(571)
[7315.049s][info][gc,heap        ] GC(1342) Survivor regions: 44->43(77)
[7315.049s][info][gc,heap        ] GC(1342) Old regions: 264->272
[7315.049s][info][gc,heap        ] GC(1342) Humongous regions: 33->33
[7315.049s][info][gc,metaspace   ] GC(1342) Metaspace: 30024K(30528K)->30024K(30528K) NonClass: 24611K(24896K)->24611K(24896K) Class: 5412K(5632K)->5412K(5632K)
[7315.049s][info][gc             ] GC(1342) Pause Young (Normal) (G1 Evacuation Pause) 7270M->2763M(8192M) 155.243ms
[7315.049s][info][gc,cpu         ] GC(1342) User=1.23s Sys=0.00s Real=0.15s
...[7317.991s][info][gc,start       ] GC(1343) Pause Young (Normal) (G1 Evacuation Pause)
[7317.991s][info][gc,task        ] GC(1343) Using 8 workers of 8 for evacuation
[7318.147s][info][gc,phases      ] GC(1343)   Pre Evacuate Collection Set: 0.26ms
[7318.147s][info][gc,phases      ] GC(1343)   Merge Heap Roots: 0.51ms
[7318.147s][info][gc,phases      ] GC(1343)   Evacuate Collection Set: 153.62ms
[7318.147s][info][gc,phases      ] GC(1343)   Post Evacuate Collection Set: 1.03ms
[7318.147s][info][gc,phases      ] GC(1343)   Other: 0.06ms
[7318.147s][info][gc,heap        ] GC(1343) Eden regions: 571->0(571)
[7318.147s][info][gc,heap        ] GC(1343) Survivor regions: 43->43(77)
[7318.147s][info][gc,heap        ] GC(1343) Old regions: 272->279
[7318.147s][info][gc,heap        ] GC(1343) Humongous regions: 33->33
[7318.147s][info][gc,metaspace   ] GC(1343) Metaspace: 30024K(30528K)->30024K(30528K) NonClass: 24611K(24896K)->24611K(24896K) Class: 5412K(5632K)->5412K(5632K)
[7318.147s][info][gc             ] GC(1343) Pause Young (Normal) (G1 Evacuation Pause) 7331M->2822M(8192M) 155.627ms
[7318.147s][info][gc,cpu         ] GC(1343) User=1.23s Sys=0.00s Real=0.16s
...[7320.953s][info][gc,start       ] GC(1344) Pause Young (Normal) (G1 Evacuation Pause)
[7320.953s][info][gc,task        ] GC(1344) Using 8 workers of 8 for evacuation
[7321.105s][info][gc,phases      ] GC(1344)   Pre Evacuate Collection Set: 0.22ms
[7321.105s][info][gc,phases      ] GC(1344)   Merge Heap Roots: 0.53ms
[7321.105s][info][gc,phases      ] GC(1344)   Evacuate Collection Set: 150.19ms
[7321.105s][info][gc,phases      ] GC(1344)   Post Evacuate Collection Set: 1.02ms
[7321.105s][info][gc,phases      ] GC(1344)   Other: 0.06ms
[7321.105s][info][gc,heap        ] GC(1344) Eden regions: 571->0(567)
[7321.105s][info][gc,heap        ] GC(1344) Survivor regions: 43->43(77)
[7321.105s][info][gc,heap        ] GC(1344) Old regions: 279->286
[7321.105s][info][gc,heap        ] GC(1344) Humongous regions: 33->33
[7321.105s][info][gc,metaspace   ] GC(1344) Metaspace: 30024K(30528K)->30024K(30528K) NonClass: 24611K(24896K)->24611K(24896K) Class: 5412K(5632K)->5412K(5632K)
[7321.105s][info][gc             ] GC(1344) Pause Young (Normal) (G1 Evacuation Pause) 7390M->2878M(8192M) 152.155ms
[7321.106s][info][gc,cpu         ] GC(1344) User=1.21s Sys=0.00s Real=0.15s
...[7324.058s][info][gc,start       ] GC(1345) Pause Young (Normal) (G1 Evacuation Pause)
[7324.058s][info][gc,task        ] GC(1345) Using 8 workers of 8 for evacuation
[7324.216s][info][gc,phases      ] GC(1345)   Pre Evacuate Collection Set: 0.26ms
[7324.216s][info][gc,phases      ] GC(1345)   Merge Heap Roots: 0.52ms
[7324.216s][info][gc,phases      ] GC(1345)   Evacuate Collection Set: 156.80ms
[7324.216s][info][gc,phases      ] GC(1345)   Post Evacuate Collection Set: 1.06ms
[7324.216s][info][gc,phases      ] GC(1345)   Other: 0.08ms
[7324.216s][info][gc,heap        ] GC(1345) Eden regions: 567->0(556)
[7324.216s][info][gc,heap        ] GC(1345) Survivor regions: 43->45(77)
[7324.216s][info][gc,heap        ] GC(1345) Old regions: 286->293
[7324.216s][info][gc,heap        ] GC(1345) Humongous regions: 33->33
[7324.216s][info][gc,metaspace   ] GC(1345) Metaspace: 30024K(30528K)->30024K(30528K) NonClass: 24611K(24896K)->24611K(24896K) Class: 5412K(5632K)->5412K(5632K)
[7324.216s][info][gc             ] GC(1345) Pause Young (Normal) (G1 Evacuation Pause) 7414M->2950M(8192M) 158.842ms
[7324.216s][info][gc,cpu         ] GC(1345) User=1.26s Sys=0.00s Real=0.16s
...[7327.026s][info][gc,start       ] GC(1346) Pause Young (Normal) (G1 Evacuation Pause)
[7327.026s][info][gc,task        ] GC(1346) Using 8 workers of 8 for evacuation
[7327.180s][info][gc,phases      ] GC(1346)   Pre Evacuate Collection Set: 0.22ms
[7327.180s][info][gc,phases      ] GC(1346)   Merge Heap Roots: 0.51ms
[7327.180s][info][gc,phases      ] GC(1346)   Evacuate Collection Set: 152.31ms
[7327.180s][info][gc,phases      ] GC(1346)   Post Evacuate Collection Set: 1.04ms
[7327.180s][info][gc,phases      ] GC(1346)   Other: 0.07ms
[7327.180s][info][gc,heap        ] GC(1346) Eden regions: 556->0(551)
[7327.180s][info][gc,heap        ] GC(1346) Survivor regions: 45->44(76)
[7327.180s][info][gc,heap        ] GC(1346) Old regions: 293->300
[7327.180s][info][gc,heap        ] GC(1346) Humongous regions: 33->33
[7327.180s][info][gc,metaspace   ] GC(1346) Metaspace: 30024K(30528K)->30024K(30528K) NonClass: 24611K(24896K)->24611K(24896K) Class: 5412K(5632K)->5412K(5632K)
[7327.180s][info][gc             ] GC(1346) Pause Young (Normal) (G1 Evacuation Pause) 7398M->3001M(8192M) 154.291ms
[7327.181s][info][gc,cpu         ] GC(1346) User=1.22s Sys=0.00s Real=0.15s
...[7329.925s][info][gc,start       ] GC(1347) Pause Young (Normal) (G1 Evacuation Pause)
[7329.926s][info][gc,task        ] GC(1347) Using 8 workers of 8 for evacuation
[7330.080s][info][gc,phases      ] GC(1347)   Pre Evacuate Collection Set: 0.23ms
[7330.080s][info][gc,phases      ] GC(1347)   Merge Heap Roots: 0.55ms
[7330.080s][info][gc,phases      ] GC(1347)   Evacuate Collection Set: 152.85ms
[7330.080s][info][gc,phases      ] GC(1347)   Post Evacuate Collection Set: 1.02ms
[7330.080s][info][gc,phases      ] GC(1347)   Other: 0.06ms
[7330.080s][info][gc,heap        ] GC(1347) Eden regions: 551->0(545)
[7330.080s][info][gc,heap        ] GC(1347) Survivor regions: 44->43(75)
[7330.080s][info][gc,heap        ] GC(1347) Old regions: 300->308
[7330.080s][info][gc,heap        ] GC(1347) Humongous regions: 33->33
[7330.080s][info][gc,metaspace   ] GC(1347) Metaspace: 30024K(30528K)->30024K(30528K) NonClass: 24611K(24896K)->24611K(24896K) Class: 5412K(5632K)->5412K(5632K)
[7330.080s][info][gc             ] GC(1347) Pause Young (Normal) (G1 Evacuation Pause) 7409M->3054M(8192M) 154.851ms
[7330.080s][info][gc,cpu         ] GC(1347) User=1.23s Sys=0.00s Real=0.15s
...[7332.843s][info][gc,start       ] GC(1348) Pause Young (Concurrent Start) (G1 Evacuation Pause)
[7332.843s][info][gc,task        ] GC(1348) Using 8 workers of 8 for evacuation
[7332.995s][info][gc,phases      ] GC(1348)   Pre Evacuate Collection Set: 0.29ms
[7332.995s][info][gc,phases      ] GC(1348)   Merge Heap Roots: 0.53ms
[7332.995s][info][gc,phases      ] GC(1348)   Evacuate Collection Set: 150.45ms
[7332.995s][info][gc,phases      ] GC(1348)   Post Evacuate Collection Set: 1.00ms
[7332.995s][info][gc,phases      ] GC(1348)   Other: 0.08ms
[7332.995s][info][gc,heap        ] GC(1348) Eden regions: 545->0(539)
[7332.995s][info][gc,heap        ] GC(1348) Survivor regions: 43->42(74)
[7332.995s][info][gc,heap        ] GC(1348) Old regions: 308->316
[7332.995s][info][gc,heap        ] GC(1348) Humongous regions: 33->33
[7332.995s][info][gc,metaspace   ] GC(1348) Metaspace: 30024K(30528K)->30024K(30528K) NonClass: 24611K(24896K)->24611K(24896K) Class: 5412K(5632K)->5412K(5632K)
[7332.995s][info][gc             ] GC(1348) Pause Young (Concurrent Start) (G1 Evacuation Pause) 7414M->3108M(8192M) 152.481ms
[7332.995s][info][gc,cpu         ] GC(1348) User=1.21s Sys=0.00s Real=0.16s
[7332.995s][info][gc             ] GC(1349) Concurrent Mark Cycle
[7332.995s][info][gc,marking     ] GC(1349) Concurrent Scan Root Regions
[7333.284s][info][gc,marking     ] GC(1349) Concurrent Scan Root Regions 289.319ms
[7333.285s][info][gc,marking     ] GC(1349) Concurrent Mark
[7333.285s][info][gc,marking     ] GC(1349) Concurrent Mark From Roots
[7333.285s][info][gc,task        ] GC(1349) Using 2 workers of 2 for marking
. (rIR:aIR:PR = 12730:12486:12413) (tPR = 181634) [IR is under limit] [PR is under limit] 
  7333s: Performance info:
         Transaction,    Success,    Partial,     Failed,   Receipts, AvgBarcode, 
             Overall,     248387,          0,          0,     235761,      59.48, 
         Response times:
             Request,    Success,    Partial,     Failed,   SkipFail,     Probes,    Samples,      min,      p50,      p90,      p95,      p99,      max, 
       TotalPurchase,     237204,          0,          0,          0,     114145,     176836,      300,    35000,   128000,   164000,   258000,  1600000,
     InStorePurchase,     126292,          0,          0,          0,      59741,      92719,      300,    35000,   126000,   160000,   246000,  1600000,
      OnlinePurchase,      85333,          0,          0,          0,      42052,      65240,      300,    35000,   130000,   169000,   292000,  1600000,
        InstPurchase,      25579,          0,          0,          0,      12352,      18877,      500,    34000,   133000,   167000,   248000,  1600000,
          AssocOfCat,        253,          0,          0,          0,        216,        378,    38000,    92500,   176100,   195000,   280000,   425000,
      AssocOfProduct,       2499,          0,          0,          0,       1239,       1987,     1000,    35000,   129000,   165000,   289920,   770000,
      BusinessReport,        633,          0,          0,          0,        568,        913,    40000,   103000,   195600,   226300,   285440,   640000,
          CustBuyBeh,       2476,          0,          0,          0,       1165,       1885,      200,    32000,   127000,   154700,   224140,   930000,
       ProductReturn,       6783,          0,          0,          0,       3345,       5087,      200,    33000,   128000,   155600,   238120,  1200000,

  7333s: 
  7333s: Failed, 8 overall retries left, retrying 1 of 1
  7333s: (92%)   IR =  12730 .[7334.453s][info][gc,marking     ] GC(1349) Concurrent Mark From Roots 1168.711ms
[7334.453s][info][gc,marking     ] GC(1349) Concurrent Preclean
[7334.453s][info][gc,marking     ] GC(1349) Concurrent Preclean 0.135ms
[7334.454s][info][gc,start       ] GC(1349) Pause Remark
[7334.456s][info][gc             ] GC(1349) Pause Remark 4757M->4165M(8192M) 2.059ms
[7334.456s][info][gc,cpu         ] GC(1349) User=0.02s Sys=0.00s Real=0.00s
[7334.456s][info][gc,marking     ] GC(1349) Concurrent Mark 1171.211ms
[7334.456s][info][gc,marking     ] GC(1349) Concurrent Rebuild Remembered Sets and Scrub Regions
.[7335.427s][info][gc,marking     ] GC(1349) Concurrent Rebuild Remembered Sets and Scrub Regions 971.619ms
[7335.428s][info][gc,start       ] GC(1349) Pause Cleanup
[7335.428s][info][gc             ] GC(1349) Pause Cleanup 5529M->5529M(8192M) 0.253ms
[7335.428s][info][gc,cpu         ] GC(1349) User=0.00s Sys=0.00s Real=0.00s
[7335.428s][info][gc,marking     ] GC(1349) Concurrent Clear Claimed Marks
[7335.428s][info][gc,marking     ] GC(1349) Concurrent Clear Claimed Marks 0.043ms
[7335.428s][info][gc,marking     ] GC(1349) Concurrent Cleanup for Next Mark
[7335.440s][info][gc,marking     ] GC(1349) Concurrent Cleanup for Next Mark 12.311ms
[7335.440s][info][gc             ] GC(1349) Concurrent Mark Cycle 2445.157ms
[7336.282s][info][gc,start       ] GC(1350) Pause Young (Prepare Mixed) (G1 Evacuation Pause)
[7336.282s][info][gc,task        ] GC(1350) Using 8 workers of 8 for evacuation
[7336.434s][info][gc,phases      ] GC(1350)   Pre Evacuate Collection Set: 0.22ms
[7336.434s][info][gc,phases      ] GC(1350)   Merge Heap Roots: 0.71ms
[7336.434s][info][gc,phases      ] GC(1350)   Evacuate Collection Set: 150.23ms
[7336.434s][info][gc,phases      ] GC(1350)   Post Evacuate Collection Set: 1.08ms
[7336.434s][info][gc,phases      ] GC(1350)   Other: 0.07ms
[7336.434s][info][gc,heap        ] GC(1350) Eden regions: 539->0(570)
[7336.434s][info][gc,heap        ] GC(1350) Survivor regions: 42->44(73)
[7336.434s][info][gc,heap        ] GC(1350) Old regions: 242->249
[7336.434s][info][gc,heap        ] GC(1350) Humongous regions: 33->33
[7336.434s][info][gc,metaspace   ] GC(1350) Metaspace: 30024K(30528K)->30024K(30528K) NonClass: 24611K(24896K)->24611K(24896K) Class: 5412K(5632K)->5412K(5632K)
[7336.434s][info][gc             ] GC(1350) Pause Young (Prepare Mixed) (G1 Evacuation Pause) 6828M->2588M(8192M) 152.439ms
[7336.434s][info][gc,cpu         ] GC(1350) User=1.21s Sys=0.00s Real=0.16s
...[7339.185s][info][gc,start       ] GC(1351) Pause Young (Mixed) (G1 Evacuation Pause)
[7339.186s][info][gc,task        ] GC(1351) Using 8 workers of 8 for evacuation
[7339.349s][info][gc,phases      ] GC(1351)   Pre Evacuate Collection Set: 0.24ms
[7339.349s][info][gc,phases      ] GC(1351)   Merge Heap Roots: 0.82ms
[7339.349s][info][gc,phases      ] GC(1351)   Evacuate Collection Set: 161.00ms
[7339.349s][info][gc,phases      ] GC(1351)   Post Evacuate Collection Set: 1.23ms
[7339.349s][info][gc,phases      ] GC(1351)   Other: 0.07ms
[7339.349s][info][gc,heap        ] GC(1351) Eden regions: 570->0(570)
[7339.349s][info][gc,heap        ] GC(1351) Survivor regions: 44->44(77)
[7339.349s][info][gc,heap        ] GC(1351) Old regions: 249->155
[7339.349s][info][gc,heap        ] GC(1351) Humongous regions: 33->33
[7339.349s][info][gc,metaspace   ] GC(1351) Metaspace: 30024K(30528K)->30024K(30528K) NonClass: 24611K(24896K)->24611K(24896K) Class: 5412K(5632K)->5412K(5632K)
[7339.349s][info][gc             ] GC(1351) Pause Young (Mixed) (G1 Evacuation Pause) 7148M->1838M(8192M) 163.513ms
[7339.349s][info][gc,cpu         ] GC(1351) User=1.29s Sys=0.00s Real=0.16s
...[7342.253s][info][gc,start       ] GC(1352) Pause Young (Mixed) (G1 Evacuation Pause)
[7342.253s][info][gc,task        ] GC(1352) Using 8 workers of 8 for evacuation
[7342.415s][info][gc,phases      ] GC(1352)   Pre Evacuate Collection Set: 0.23ms
[7342.415s][info][gc,phases      ] GC(1352)   Merge Heap Roots: 0.76ms
[7342.415s][info][gc,phases      ] GC(1352)   Evacuate Collection Set: 160.14ms
[7342.415s][info][gc,phases      ] GC(1352)   Post Evacuate Collection Set: 1.04ms
[7342.415s][info][gc,phases      ] GC(1352)   Other: 0.07ms
[7342.415s][info][gc,heap        ] GC(1352) Eden regions: 570->0(570)
[7342.415s][info][gc,heap        ] GC(1352) Survivor regions: 44->44(77)
[7342.415s][info][gc,heap        ] GC(1352) Old regions: 155->143
[7342.415s][info][gc,heap        ] GC(1352) Humongous regions: 33->33
[7342.415s][info][gc,metaspace   ] GC(1352) Metaspace: 30024K(30528K)->30024K(30528K) NonClass: 24611K(24896K)->24611K(24896K) Class: 5412K(5632K)->5412K(5632K)
[7342.415s][info][gc             ] GC(1352) Pause Young (Mixed) (G1 Evacuation Pause) 6398M->1745M(8192M) 162.367ms
[7342.415s][info][gc,cpu         ] GC(1352) User=1.29s Sys=0.00s Real=0.17s
...[7345.194s][info][gc,start       ] GC(1353) Pause Young (Normal) (G1 Evacuation Pause)
[7345.194s][info][gc,task        ] GC(1353) Using 8 workers of 8 for evacuation
[7345.355s][info][gc,phases      ] GC(1353)   Pre Evacuate Collection Set: 0.22ms
[7345.355s][info][gc,phases      ] GC(1353)   Merge Heap Roots: 0.49ms
[7345.355s][info][gc,phases      ] GC(1353)   Evacuate Collection Set: 159.15ms
[7345.355s][info][gc,phases      ] GC(1353)   Post Evacuate Collection Set: 1.01ms
[7345.355s][info][gc,phases      ] GC(1353)   Other: 0.06ms
[7345.355s][info][gc,heap        ] GC(1353) Eden regions: 570->0(569)
[7345.355s][info][gc,heap        ] GC(1353) Survivor regions: 44->45(77)
[7345.355s][info][gc,heap        ] GC(1353) Old regions: 143->151
[7345.355s][info][gc,heap        ] GC(1353) Humongous regions: 33->33
[7345.355s][info][gc,metaspace   ] GC(1353) Metaspace: 30024K(30528K)->30024K(30528K) NonClass: 24611K(24896K)->24611K(24896K) Class: 5412K(5632K)->5412K(5632K)
[7345.355s][info][gc             ] GC(1353) Pause Young (Normal) (G1 Evacuation Pause) 6305M->1809M(8192M) 161.059ms
[7345.355s][info][gc,cpu         ] GC(1353) User=1.28s Sys=0.00s Real=0.16s
...[7348.220s][info][gc,start       ] GC(1354) Pause Young (Normal) (G1 Evacuation Pause)
[7348.220s][info][gc,task        ] GC(1354) Using 8 workers of 8 for evacuation
[7348.375s][info][gc,phases      ] GC(1354)   Pre Evacuate Collection Set: 0.21ms
[7348.375s][info][gc,phases      ] GC(1354)   Merge Heap Roots: 0.49ms
[7348.375s][info][gc,phases      ] GC(1354)   Evacuate Collection Set: 153.38ms
[7348.375s][info][gc,phases      ] GC(1354)   Post Evacuate Collection Set: 1.01ms
[7348.375s][info][gc,phases      ] GC(1354)   Other: 0.06ms
[7348.375s][info][gc,heap        ] GC(1354) Eden regions: 569->0(570)
[7348.375s][info][gc,heap        ] GC(1354) Survivor regions: 45->44(77)
[7348.375s][info][gc,heap        ] GC(1354) Old regions: 151->158
[7348.375s][info][gc,heap        ] GC(1354) Humongous regions: 33->33
[7348.375s][info][gc,metaspace   ] GC(1354) Metaspace: 30024K(30528K)->30024K(30528K) NonClass: 24611K(24896K)->24611K(24896K) Class: 5412K(5632K)->5412K(5632K)
[7348.376s][info][gc             ] GC(1354) Pause Young (Normal) (G1 Evacuation Pause) 6361M->1859M(8192M) 155.289ms
[7348.376s][info][gc,cpu         ] GC(1354) User=1.23s Sys=0.00s Real=0.16s
...[7351.052s][info][gc,start       ] GC(1355) Pause Young (Normal) (G1 Evacuation Pause)
[7351.052s][info][gc,task        ] GC(1355) Using 8 workers of 8 for evacuation
[7351.207s][info][gc,phases      ] GC(1355)   Pre Evacuate Collection Set: 0.21ms
[7351.207s][info][gc,phases      ] GC(1355)   Merge Heap Roots: 0.54ms
[7351.207s][info][gc,phases      ] GC(1355)   Evacuate Collection Set: 153.22ms
[7351.207s][info][gc,phases      ] GC(1355)   Post Evacuate Collection Set: 1.01ms
[7351.207s][info][gc,phases      ] GC(1355)   Other: 0.08ms
[7351.207s][info][gc,heap        ] GC(1355) Eden regions: 570->0(571)
[7351.207s][info][gc,heap        ] GC(1355) Survivor regions: 44->43(77)
[7351.207s][info][gc,heap        ] GC(1355) Old regions: 158->165
[7351.207s][info][gc,heap        ] GC(1355) Humongous regions: 33->33
[7351.207s][info][gc,metaspace   ] GC(1355) Metaspace: 30024K(30528K)->30024K(30528K) NonClass: 24611K(24896K)->24611K(24896K) Class: 5412K(5632K)->5412K(5632K)
[7351.207s][info][gc             ] GC(1355) Pause Young (Normal) (G1 Evacuation Pause) 6419M->1911M(8192M) 155.197ms
[7351.207s][info][gc,cpu         ] GC(1355) User=1.23s Sys=0.00s Real=0.16s
...[7354.060s][info][gc,start       ] GC(1356) Pause Young (Normal) (G1 Evacuation Pause)
[7354.060s][info][gc,task        ] GC(1356) Using 8 workers of 8 for evacuation
[7354.217s][info][gc,phases      ] GC(1356)   Pre Evacuate Collection Set: 0.20ms
[7354.217s][info][gc,phases      ] GC(1356)   Merge Heap Roots: 0.50ms
[7354.217s][info][gc,phases      ] GC(1356)   Evacuate Collection Set: 154.95ms
[7354.217s][info][gc,phases      ] GC(1356)   Post Evacuate Collection Set: 1.01ms
[7354.217s][info][gc,phases      ] GC(1356)   Other: 0.06ms
[7354.217s][info][gc,heap        ] GC(1356) Eden regions: 571->0(570)
[7354.217s][info][gc,heap        ] GC(1356) Survivor regions: 43->44(77)
[7354.217s][info][gc,heap        ] GC(1356) Old regions: 165->172
[7354.217s][info][gc,heap        ] GC(1356) Humongous regions: 33->33
[7354.217s][info][gc,metaspace   ] GC(1356) Metaspace: 30024K(30528K)->30024K(30528K) NonClass: 24611K(24896K)->24611K(24896K) Class: 5412K(5632K)->5412K(5632K)
[7354.217s][info][gc             ] GC(1356) Pause Young (Normal) (G1 Evacuation Pause) 6479M->1975M(8192M) 156.851ms
[7354.217s][info][gc,cpu         ] GC(1356) User=1.24s Sys=0.00s Real=0.16s
...[7357.034s][info][gc,start       ] GC(1357) Pause Young (Normal) (G1 Evacuation Pause)
[7357.034s][info][gc,task        ] GC(1357) Using 8 workers of 8 for evacuation
[7357.187s][info][gc,phases      ] GC(1357)   Pre Evacuate Collection Set: 0.21ms
[7357.187s][info][gc,phases      ] GC(1357)   Merge Heap Roots: 0.54ms
[7357.187s][info][gc,phases      ] GC(1357)   Evacuate Collection Set: 150.78ms
[7357.187s][info][gc,phases      ] GC(1357)   Post Evacuate Collection Set: 1.02ms
[7357.187s][info][gc,phases      ] GC(1357)   Other: 0.06ms
[7357.187s][info][gc,heap        ] GC(1357) Eden regions: 570->0(571)
[7357.187s][info][gc,heap        ] GC(1357) Survivor regions: 44->43(77)
[7357.187s][info][gc,heap        ] GC(1357) Old regions: 172->179
[7357.187s][info][gc,heap        ] GC(1357) Humongous regions: 33->33
[7357.187s][info][gc,metaspace   ] GC(1357) Metaspace: 30024K(30528K)->30024K(30528K) NonClass: 24611K(24896K)->24611K(24896K) Class: 5412K(5632K)->5412K(5632K)
[7357.187s][info][gc             ] GC(1357) Pause Young (Normal) (G1 Evacuation Pause) 6535M->2022M(8192M) 152.730ms
[7357.187s][info][gc,cpu         ] GC(1357) User=1.21s Sys=0.00s Real=0.15s
...[7359.987s][info][gc,start       ] GC(1358) Pause Young (Normal) (G1 Evacuation Pause)
[7359.987s][info][gc,task        ] GC(1358) Using 8 workers of 8 for evacuation
[7360.150s][info][gc,phases      ] GC(1358)   Pre Evacuate Collection Set: 0.23ms
[7360.150s][info][gc,phases      ] GC(1358)   Merge Heap Roots: 0.52ms
[7360.150s][info][gc,phases      ] GC(1358)   Evacuate Collection Set: 160.95ms
[7360.150s][info][gc,phases      ] GC(1358)   Post Evacuate Collection Set: 1.00ms
[7360.150s][info][gc,phases      ] GC(1358)   Other: 0.06ms
[7360.150s][info][gc,heap        ] GC(1358) Eden regions: 571->0(567)
[7360.150s][info][gc,heap        ] GC(1358) Survivor regions: 43->47(77)
[7360.150s][info][gc,heap        ] GC(1358) Old regions: 179->187
[7360.150s][info][gc,heap        ] GC(1358) Humongous regions: 33->33
[7360.150s][info][gc,metaspace   ] GC(1358) Metaspace: 30024K(30528K)->30024K(30528K) NonClass: 24611K(24896K)->24611K(24896K) Class: 5412K(5632K)->5412K(5632K)
[7360.150s][info][gc             ] GC(1358) Pause Young (Normal) (G1 Evacuation Pause) 6590M->2112M(8192M) 162.905ms
[7360.150s][info][gc,cpu         ] GC(1358) User=1.29s Sys=0.00s Real=0.16s
...[7362.932s][info][gc,start       ] GC(1359) Pause Young (Normal) (G1 Evacuation Pause)
[7362.932s][info][gc,task        ] GC(1359) Using 8 workers of 8 for evacuation
[7363.092s][info][gc,phases      ] GC(1359)   Pre Evacuate Collection Set: 0.21ms
[7363.092s][info][gc,phases      ] GC(1359)   Merge Heap Roots: 0.51ms
[7363.092s][info][gc,phases      ] GC(1359)   Evacuate Collection Set: 157.35ms
[7363.092s][info][gc,phases      ] GC(1359)   Post Evacuate Collection Set: 0.99ms
[7363.092s][info][gc,phases      ] GC(1359)   Other: 0.06ms
[7363.092s][info][gc,heap        ] GC(1359) Eden regions: 567->0(569)
[7363.092s][info][gc,heap        ] GC(1359) Survivor regions: 47->45(77)
[7363.092s][info][gc,heap        ] GC(1359) Old regions: 187->194
[7363.092s][info][gc,heap        ] GC(1359) Humongous regions: 33->33
[7363.092s][info][gc,metaspace   ] GC(1359) Metaspace: 30024K(30528K)->30024K(30528K) NonClass: 24611K(24896K)->24611K(24896K) Class: 5412K(5632K)->5412K(5632K)
[7363.092s][info][gc             ] GC(1359) Pause Young (Normal) (G1 Evacuation Pause) 6648M->2159M(8192M) 159.251ms
[7363.092s][info][gc,cpu         ] GC(1359) User=1.26s Sys=0.00s Real=0.16s
...[7365.918s][info][gc,start       ] GC(1360) Pause Young (Normal) (G1 Evacuation Pause)
[7365.918s][info][gc,task        ] GC(1360) Using 8 workers of 8 for evacuation
[7366.077s][info][gc,phases      ] GC(1360)   Pre Evacuate Collection Set: 0.21ms
[7366.077s][info][gc,phases      ] GC(1360)   Merge Heap Roots: 0.49ms
[7366.077s][info][gc,phases      ] GC(1360)   Evacuate Collection Set: 157.35ms
[7366.077s][info][gc,phases      ] GC(1360)   Post Evacuate Collection Set: 0.99ms
[7366.077s][info][gc,phases      ] GC(1360)   Other: 0.06ms
[7366.077s][info][gc,heap        ] GC(1360) Eden regions: 569->0(569)
[7366.077s][info][gc,heap        ] GC(1360) Survivor regions: 45->45(77)
[7366.077s][info][gc,heap        ] GC(1360) Old regions: 194->201
[7366.077s][info][gc,heap        ] GC(1360) Humongous regions: 33->33
[7366.077s][info][gc,metaspace   ] GC(1360) Metaspace: 30024K(30528K)->30024K(30528K) NonClass: 24611K(24896K)->24611K(24896K) Class: 5412K(5632K)->5412K(5632K)
[7366.077s][info][gc             ] GC(1360) Pause Young (Normal) (G1 Evacuation Pause) 6711M->2216M(8192M) 159.230ms
[7366.077s][info][gc,cpu         ] GC(1360) User=1.26s Sys=0.01s Real=0.16s
...[7368.841s][info][gc,start       ] GC(1361) Pause Young (Normal) (G1 Evacuation Pause)
[7368.841s][info][gc,task        ] GC(1361) Using 8 workers of 8 for evacuation
[7369.001s][info][gc,phases      ] GC(1361)   Pre Evacuate Collection Set: 0.20ms
[7369.001s][info][gc,phases      ] GC(1361)   Merge Heap Roots: 0.53ms
[7369.001s][info][gc,phases      ] GC(1361)   Evacuate Collection Set: 158.14ms
[7369.001s][info][gc,phases      ] GC(1361)   Post Evacuate Collection Set: 1.02ms
[7369.001s][info][gc,phases      ] GC(1361)   Other: 0.07ms
[7369.001s][info][gc,heap        ] GC(1361) Eden regions: 569->0(570)
[7369.001s][info][gc,heap        ] GC(1361) Survivor regions: 45->44(77)
[7369.001s][info][gc,heap        ] GC(1361) Old regions: 201->208
[7369.001s][info][gc,heap        ] GC(1361) Humongous regions: 33->33
[7369.001s][info][gc,metaspace   ] GC(1361) Metaspace: 30024K(30528K)->30024K(30528K) NonClass: 24611K(24896K)->24611K(24896K) Class: 5412K(5632K)->5412K(5632K)
[7369.001s][info][gc             ] GC(1361) Pause Young (Normal) (G1 Evacuation Pause) 6768M->2264M(8192M) 160.083ms
[7369.001s][info][gc,cpu         ] GC(1361) User=1.27s Sys=0.00s Real=0.16s
...[7371.869s][info][gc,start       ] GC(1362) Pause Young (Normal) (G1 Evacuation Pause)
[7371.869s][info][gc,task        ] GC(1362) Using 8 workers of 8 for evacuation
[7372.028s][info][gc,phases      ] GC(1362)   Pre Evacuate Collection Set: 0.21ms
[7372.028s][info][gc,phases      ] GC(1362)   Merge Heap Roots: 0.50ms
[7372.028s][info][gc,phases      ] GC(1362)   Evacuate Collection Set: 157.13ms
[7372.028s][info][gc,phases      ] GC(1362)   Post Evacuate Collection Set: 1.02ms
[7372.028s][info][gc,phases      ] GC(1362)   Other: 0.06ms
[7372.028s][info][gc,heap        ] GC(1362) Eden regions: 570->0(568)
[7372.028s][info][gc,heap        ] GC(1362) Survivor regions: 44->46(77)
[7372.028s][info][gc,heap        ] GC(1362) Old regions: 208->215
[7372.028s][info][gc,heap        ] GC(1362) Humongous regions: 33->33
[7372.028s][info][gc,metaspace   ] GC(1362) Metaspace: 30024K(30528K)->30024K(30528K) NonClass: 24611K(24896K)->24611K(24896K) Class: 5412K(5632K)->5412K(5632K)
[7372.028s][info][gc             ] GC(1362) Pause Young (Normal) (G1 Evacuation Pause) 6824M->2334M(8192M) 159.068ms
[7372.028s][info][gc,cpu         ] GC(1362) User=1.26s Sys=0.00s Real=0.16s
...[7374.883s][info][gc,start       ] GC(1363) Pause Young (Normal) (G1 Evacuation Pause)
[7374.883s][info][gc,task        ] GC(1363) Using 8 workers of 8 for evacuation
[7375.038s][info][gc,phases      ] GC(1363)   Pre Evacuate Collection Set: 0.22ms
[7375.038s][info][gc,phases      ] GC(1363)   Merge Heap Roots: 0.53ms
[7375.038s][info][gc,phases      ] GC(1363)   Evacuate Collection Set: 153.45ms
[7375.038s][info][gc,phases      ] GC(1363)   Post Evacuate Collection Set: 1.01ms
[7375.038s][info][gc,phases      ] GC(1363)   Other: 0.06ms
[7375.038s][info][gc,heap        ] GC(1363) Eden regions: 568->0(570)
[7375.038s][info][gc,heap        ] GC(1363) Survivor regions: 46->44(77)
[7375.038s][info][gc,heap        ] GC(1363) Old regions: 215->223
[7375.038s][info][gc,heap        ] GC(1363) Humongous regions: 33->33
[7375.038s][info][gc,metaspace   ] GC(1363) Metaspace: 30024K(30528K)->30024K(30528K) NonClass: 24611K(24896K)->24611K(24896K) Class: 5412K(5632K)->5412K(5632K)
[7375.038s][info][gc             ] GC(1363) Pause Young (Normal) (G1 Evacuation Pause) 6878M->2381M(8192M) 155.402ms
[7375.039s][info][gc,cpu         ] GC(1363) User=1.24s Sys=0.00s Real=0.16s
..|.[7377.852s][info][gc,start       ] GC(1364) Pause Young (Normal) (G1 Evacuation Pause)
[7377.852s][info][gc,task        ] GC(1364) Using 8 workers of 8 for evacuation
[7378.007s][info][gc,phases      ] GC(1364)   Pre Evacuate Collection Set: 0.22ms
[7378.007s][info][gc,phases      ] GC(1364)   Merge Heap Roots: 0.51ms
[7378.007s][info][gc,phases      ] GC(1364)   Evacuate Collection Set: 152.57ms
[7378.007s][info][gc,phases      ] GC(1364)   Post Evacuate Collection Set: 0.98ms
[7378.007s][info][gc,phases      ] GC(1364)   Other: 0.06ms
[7378.007s][info][gc,heap        ] GC(1364) Eden regions: 570->0(571)
[7378.007s][info][gc,heap        ] GC(1364) Survivor regions: 44->43(77)
[7378.007s][info][gc,heap        ] GC(1364) Old regions: 223->231
[7378.007s][info][gc,heap        ] GC(1364) Humongous regions: 33->33
[7378.007s][info][gc,metaspace   ] GC(1364) Metaspace: 30024K(30528K)->30024K(30528K) NonClass: 24611K(24896K)->24611K(24896K) Class: 5412K(5632K)->5412K(5632K)
[7378.007s][info][gc             ] GC(1364) Pause Young (Normal) (G1 Evacuation Pause) 6941M->2435M(8192M) 154.476ms
[7378.007s][info][gc,cpu         ] GC(1364) User=1.22s Sys=0.00s Real=0.16s
...[7380.827s][info][gc,start       ] GC(1365) Pause Young (Normal) (G1 Evacuation Pause)
[7380.827s][info][gc,task        ] GC(1365) Using 8 workers of 8 for evacuation
[7380.981s][info][gc,phases      ] GC(1365)   Pre Evacuate Collection Set: 0.21ms
[7380.981s][info][gc,phases      ] GC(1365)   Merge Heap Roots: 0.51ms
[7380.981s][info][gc,phases      ] GC(1365)   Evacuate Collection Set: 152.19ms
[7380.981s][info][gc,phases      ] GC(1365)   Post Evacuate Collection Set: 1.00ms
[7380.981s][info][gc,phases      ] GC(1365)   Other: 0.06ms
[7380.981s][info][gc,heap        ] GC(1365) Eden regions: 571->0(570)
[7380.981s][info][gc,heap        ] GC(1365) Survivor regions: 43->44(77)
[7380.981s][info][gc,heap        ] GC(1365) Old regions: 231->237
[7380.981s][info][gc,heap        ] GC(1365) Humongous regions: 33->33
[7380.981s][info][gc,metaspace   ] GC(1365) Metaspace: 30024K(30528K)->30024K(30528K) NonClass: 24611K(24896K)->24611K(24896K) Class: 5412K(5632K)->5412K(5632K)
[7380.982s][info][gc             ] GC(1365) Pause Young (Normal) (G1 Evacuation Pause) 7003M->2494M(8192M) 154.100ms
[7380.982s][info][gc,cpu         ] GC(1365) User=1.22s Sys=0.00s Real=0.15s
...[7383.828s][info][gc,start       ] GC(1366) Pause Young (Normal) (G1 Evacuation Pause)
[7383.828s][info][gc,task        ] GC(1366) Using 8 workers of 8 for evacuation
[7383.983s][info][gc,phases      ] GC(1366)   Pre Evacuate Collection Set: 0.23ms
[7383.983s][info][gc,phases      ] GC(1366)   Merge Heap Roots: 0.52ms
[7383.983s][info][gc,phases      ] GC(1366)   Evacuate Collection Set: 153.26ms
[7383.983s][info][gc,phases      ] GC(1366)   Post Evacuate Collection Set: 1.01ms
[7383.983s][info][gc,phases      ] GC(1366)   Other: 0.07ms
[7383.983s][info][gc,heap        ] GC(1366) Eden regions: 570->0(570)
[7383.983s][info][gc,heap        ] GC(1366) Survivor regions: 44->44(77)
[7383.983s][info][gc,heap        ] GC(1366) Old regions: 237->245
[7383.983s][info][gc,heap        ] GC(1366) Humongous regions: 33->33
[7383.983s][info][gc,metaspace   ] GC(1366) Metaspace: 30024K(30528K)->30024K(30528K) NonClass: 24611K(24896K)->24611K(24896K) Class: 5412K(5632K)->5412K(5632K)
[7383.983s][info][gc             ] GC(1366) Pause Young (Normal) (G1 Evacuation Pause) 7054M->2556M(8192M) 155.229ms
[7383.983s][info][gc,cpu         ] GC(1366) User=1.23s Sys=0.01s Real=0.16s
...[7386.837s][info][gc,start       ] GC(1367) Pause Young (Normal) (G1 Evacuation Pause)
[7386.837s][info][gc,task        ] GC(1367) Using 8 workers of 8 for evacuation
[7386.987s][info][gc,phases      ] GC(1367)   Pre Evacuate Collection Set: 0.22ms
[7386.987s][info][gc,phases      ] GC(1367)   Merge Heap Roots: 0.53ms
[7386.987s][info][gc,phases      ] GC(1367)   Evacuate Collection Set: 148.13ms
[7386.987s][info][gc,phases      ] GC(1367)   Post Evacuate Collection Set: 1.02ms
[7386.987s][info][gc,phases      ] GC(1367)   Other: 0.06ms
[7386.987s][info][gc,heap        ] GC(1367) Eden regions: 570->0(570)
[7386.987s][info][gc,heap        ] GC(1367) Survivor regions: 44->44(77)
[7386.987s][info][gc,heap        ] GC(1367) Old regions: 245->252
[7386.987s][info][gc,heap        ] GC(1367) Humongous regions: 33->33
[7386.987s][info][gc,metaspace   ] GC(1367) Metaspace: 30024K(30528K)->30024K(30528K) NonClass: 24611K(24896K)->24611K(24896K) Class: 5412K(5632K)->5412K(5632K)
[7386.987s][info][gc             ] GC(1367) Pause Young (Normal) (G1 Evacuation Pause) 7116M->2610M(8192M) 150.085ms
[7386.987s][info][gc,cpu         ] GC(1367) User=1.19s Sys=0.00s Real=0.15s
...[7389.772s][info][gc,start       ] GC(1368) Pause Young (Normal) (G1 Evacuation Pause)
[7389.772s][info][gc,task        ] GC(1368) Using 8 workers of 8 for evacuation
[7389.921s][info][gc,phases      ] GC(1368)   Pre Evacuate Collection Set: 0.22ms
[7389.921s][info][gc,phases      ] GC(1368)   Merge Heap Roots: 0.53ms
[7389.921s][info][gc,phases      ] GC(1368)   Evacuate Collection Set: 147.21ms
[7389.921s][info][gc,phases      ] GC(1368)   Post Evacuate Collection Set: 1.00ms
[7389.921s][info][gc,phases      ] GC(1368)   Other: 0.07ms
[7389.921s][info][gc,heap        ] GC(1368) Eden regions: 570->0(570)
[7389.921s][info][gc,heap        ] GC(1368) Survivor regions: 44->44(77)
[7389.921s][info][gc,heap        ] GC(1368) Old regions: 252->259
[7389.921s][info][gc,heap        ] GC(1368) Humongous regions: 33->33
[7389.921s][info][gc,metaspace   ] GC(1368) Metaspace: 30024K(30528K)->30024K(30528K) NonClass: 24611K(24896K)->24611K(24896K) Class: 5412K(5632K)->5412K(5632K)
[7389.922s][info][gc             ] GC(1368) Pause Young (Normal) (G1 Evacuation Pause) 7170M->2667M(8192M) 149.162ms
[7389.922s][info][gc,cpu         ] GC(1368) User=1.18s Sys=0.00s Real=0.15s
...[7392.735s][info][gc,start       ] GC(1369) Pause Young (Normal) (G1 Evacuation Pause)
[7392.735s][info][gc,task        ] GC(1369) Using 8 workers of 8 for evacuation
[7392.885s][info][gc,phases      ] GC(1369)   Pre Evacuate Collection Set: 0.22ms
[7392.885s][info][gc,phases      ] GC(1369)   Merge Heap Roots: 0.52ms
[7392.885s][info][gc,phases      ] GC(1369)   Evacuate Collection Set: 148.59ms
[7392.885s][info][gc,phases      ] GC(1369)   Post Evacuate Collection Set: 0.98ms
[7392.885s][info][gc,phases      ] GC(1369)   Other: 0.06ms
[7392.885s][info][gc,heap        ] GC(1369) Eden regions: 570->0(571)
[7392.885s][info][gc,heap        ] GC(1369) Survivor regions: 44->43(77)
[7392.885s][info][gc,heap        ] GC(1369) Old regions: 259->266
[7392.885s][info][gc,heap        ] GC(1369) Humongous regions: 33->33
[7392.885s][info][gc,metaspace   ] GC(1369) Metaspace: 30024K(30528K)->30024K(30528K) NonClass: 24611K(24896K)->24611K(24896K) Class: 5412K(5632K)->5412K(5632K)
[7392.885s][info][gc             ] GC(1369) Pause Young (Normal) (G1 Evacuation Pause) 7227M->2720M(8192M) 150.495ms
[7392.885s][info][gc,cpu         ] GC(1369) User=1.19s Sys=0.01s Real=0.15s
...[7395.668s][info][gc,start       ] GC(1370) Pause Young (Normal) (G1 Evacuation Pause)
[7395.668s][info][gc,task        ] GC(1370) Using 8 workers of 8 for evacuation
[7395.822s][info][gc,phases      ] GC(1370)   Pre Evacuate Collection Set: 0.22ms
[7395.822s][info][gc,phases      ] GC(1370)   Merge Heap Roots: 0.51ms
[7395.822s][info][gc,phases      ] GC(1370)   Evacuate Collection Set: 152.27ms
[7395.822s][info][gc,phases      ] GC(1370)   Post Evacuate Collection Set: 1.00ms
[7395.822s][info][gc,phases      ] GC(1370)   Other: 0.06ms
[7395.822s][info][gc,heap        ] GC(1370) Eden regions: 571->0(571)
[7395.822s][info][gc,heap        ] GC(1370) Survivor regions: 43->43(77)
[7395.822s][info][gc,heap        ] GC(1370) Old regions: 266->273
[7395.822s][info][gc,heap        ] GC(1370) Humongous regions: 33->33
[7395.822s][info][gc,metaspace   ] GC(1370) Metaspace: 30024K(30528K)->30024K(30528K) NonClass: 24611K(24896K)->24611K(24896K) Class: 5412K(5632K)->5412K(5632K)
[7395.822s][info][gc             ] GC(1370) Pause Young (Normal) (G1 Evacuation Pause) 7288M->2777M(8192M) 154.181ms
[7395.822s][info][gc,cpu         ] GC(1370) User=1.22s Sys=0.00s Real=0.15s
...[7398.608s][info][gc,start       ] GC(1371) Pause Young (Normal) (G1 Evacuation Pause)
[7398.608s][info][gc,task        ] GC(1371) Using 8 workers of 8 for evacuation
[7398.760s][info][gc,phases      ] GC(1371)   Pre Evacuate Collection Set: 0.22ms
[7398.760s][info][gc,phases      ] GC(1371)   Merge Heap Roots: 0.53ms
[7398.760s][info][gc,phases      ] GC(1371)   Evacuate Collection Set: 149.79ms
[7398.760s][info][gc,phases      ] GC(1371)   Post Evacuate Collection Set: 1.03ms
[7398.760s][info][gc,phases      ] GC(1371)   Other: 0.07ms
[7398.760s][info][gc,heap        ] GC(1371) Eden regions: 571->0(571)
[7398.760s][info][gc,heap        ] GC(1371) Survivor regions: 43->43(77)
[7398.760s][info][gc,heap        ] GC(1371) Old regions: 273->280
[7398.760s][info][gc,heap        ] GC(1371) Humongous regions: 33->33
[7398.760s][info][gc,metaspace   ] GC(1371) Metaspace: 30024K(30528K)->30024K(30528K) NonClass: 24611K(24896K)->24611K(24896K) Class: 5412K(5632K)->5412K(5632K)
[7398.760s][info][gc             ] GC(1371) Pause Young (Normal) (G1 Evacuation Pause) 7345M->2833M(8192M) 151.777ms
[7398.760s][info][gc,cpu         ] GC(1371) User=1.20s Sys=0.00s Real=0.15s
...[7401.641s][info][gc,start       ] GC(1372) Pause Young (Normal) (G1 Evacuation Pause)
[7401.641s][info][gc,task        ] GC(1372) Using 8 workers of 8 for evacuation
[7401.796s][info][gc,phases      ] GC(1372)   Pre Evacuate Collection Set: 0.21ms
[7401.796s][info][gc,phases      ] GC(1372)   Merge Heap Roots: 0.55ms
[7401.796s][info][gc,phases      ] GC(1372)   Evacuate Collection Set: 153.91ms
[7401.796s][info][gc,phases      ] GC(1372)   Post Evacuate Collection Set: 1.00ms
[7401.796s][info][gc,phases      ] GC(1372)   Other: 0.06ms
[7401.796s][info][gc,heap        ] GC(1372) Eden regions: 571->0(564)
[7401.796s][info][gc,heap        ] GC(1372) Survivor regions: 43->44(77)
[7401.796s][info][gc,heap        ] GC(1372) Old regions: 280->287
[7401.796s][info][gc,heap        ] GC(1372) Humongous regions: 33->33
[7401.796s][info][gc,metaspace   ] GC(1372) Metaspace: 30024K(30528K)->30024K(30528K) NonClass: 24611K(24896K)->24611K(24896K) Class: 5412K(5632K)->5412K(5632K)
[7401.797s][info][gc             ] GC(1372) Pause Young (Normal) (G1 Evacuation Pause) 7401M->2898M(8192M) 155.886ms
[7401.797s][info][gc,cpu         ] GC(1372) User=1.24s Sys=0.00s Real=0.16s
...[7404.551s][info][gc,start       ] GC(1373) Pause Young (Normal) (G1 Evacuation Pause)
[7404.552s][info][gc,task        ] GC(1373) Using 8 workers of 8 for evacuation
[7404.708s][info][gc,phases      ] GC(1373)   Pre Evacuate Collection Set: 0.22ms
[7404.708s][info][gc,phases      ] GC(1373)   Merge Heap Roots: 0.52ms
[7404.708s][info][gc,phases      ] GC(1373)   Evacuate Collection Set: 154.60ms
[7404.708s][info][gc,phases      ] GC(1373)   Post Evacuate Collection Set: 1.03ms
[7404.708s][info][gc,phases      ] GC(1373)   Other: 0.07ms
[7404.708s][info][gc,heap        ] GC(1373) Eden regions: 564->0(556)
[7404.708s][info][gc,heap        ] GC(1373) Survivor regions: 44->44(76)
[7404.708s][info][gc,heap        ] GC(1373) Old regions: 287->295
[7404.708s][info][gc,heap        ] GC(1373) Humongous regions: 33->33
[7404.708s][info][gc,metaspace   ] GC(1373) Metaspace: 30024K(30528K)->30024K(30528K) NonClass: 24611K(24896K)->24611K(24896K) Class: 5412K(5632K)->5412K(5632K)
[7404.708s][info][gc             ] GC(1373) Pause Young (Normal) (G1 Evacuation Pause) 7410M->2958M(8192M) 156.569ms
[7404.708s][info][gc,cpu         ] GC(1373) User=1.24s Sys=0.00s Real=0.16s
..[7407.470s][info][gc,start       ] GC(1374) Pause Young (Normal) (G1 Evacuation Pause)
[7407.470s][info][gc,task        ] GC(1374) Using 8 workers of 8 for evacuation
[7407.621s][info][gc,phases      ] GC(1374)   Pre Evacuate Collection Set: 0.23ms
[7407.621s][info][gc,phases      ] GC(1374)   Merge Heap Roots: 0.55ms
[7407.621s][info][gc,phases      ] GC(1374)   Evacuate Collection Set: 149.76ms
[7407.621s][info][gc,phases      ] GC(1374)   Post Evacuate Collection Set: 0.98ms
[7407.621s][info][gc,phases      ] GC(1374)   Other: 0.06ms
[7407.621s][info][gc,heap        ] GC(1374) Eden regions: 556->0(549)
[7407.621s][info][gc,heap        ] GC(1374) Survivor regions: 44->44(75)
[7407.621s][info][gc,heap        ] GC(1374) Old regions: 295->302
[7407.621s][info][gc,heap        ] GC(1374) Humongous regions: 33->33
[7407.621s][info][gc,metaspace   ] GC(1374) Metaspace: 30024K(30528K)->30024K(30528K) NonClass: 24611K(24896K)->24611K(24896K) Class: 5412K(5632K)->5412K(5632K)
[7407.621s][info][gc             ] GC(1374) Pause Young (Normal) (G1 Evacuation Pause) 7406M->3014M(8192M) 151.726ms
[7407.621s][info][gc,cpu         ] GC(1374) User=1.20s Sys=0.00s Real=0.15s
...[7410.393s][info][gc,start       ] GC(1375) Pause Young (Concurrent Start) (G1 Evacuation Pause)
[7410.393s][info][gc,task        ] GC(1375) Using 8 workers of 8 for evacuation
[7410.542s][info][gc,phases      ] GC(1375)   Pre Evacuate Collection Set: 0.26ms
[7410.542s][info][gc,phases      ] GC(1375)   Merge Heap Roots: 0.52ms
[7410.542s][info][gc,phases      ] GC(1375)   Evacuate Collection Set: 146.61ms
[7410.542s][info][gc,phases      ] GC(1375)   Post Evacuate Collection Set: 0.98ms
[7410.542s][info][gc,phases      ] GC(1375)   Other: 0.07ms
[7410.542s][info][gc,heap        ] GC(1375) Eden regions: 549->0(543)
[7410.542s][info][gc,heap        ] GC(1375) Survivor regions: 44->43(75)
[7410.542s][info][gc,heap        ] GC(1375) Old regions: 302->310
[7410.542s][info][gc,heap        ] GC(1375) Humongous regions: 33->33
[7410.542s][info][gc,metaspace   ] GC(1375) Metaspace: 30024K(30528K)->30024K(30528K) NonClass: 24611K(24896K)->24611K(24896K) Class: 5412K(5632K)->5412K(5632K)
[7410.542s][info][gc             ] GC(1375) Pause Young (Concurrent Start) (G1 Evacuation Pause) 7406M->3067M(8192M) 148.560ms
[7410.542s][info][gc             ] GC(1376) Concurrent Mark Cycle
[7410.542s][info][gc,marking     ] GC(1376) Concurrent Scan Root Regions
[7410.542s][info][gc,cpu         ] GC(1375) User=1.17s Sys=0.00s Real=0.14s
.[7410.909s][info][gc,marking     ] GC(1376) Concurrent Scan Root Regions 367.213ms
[7410.909s][info][gc,marking     ] GC(1376) Concurrent Mark
[7410.909s][info][gc,marking     ] GC(1376) Concurrent Mark From Roots
[7410.909s][info][gc,task        ] GC(1376) Using 2 workers of 2 for marking
.[7412.122s][info][gc,marking     ] GC(1376) Concurrent Mark From Roots 1213.039ms
[7412.122s][info][gc,marking     ] GC(1376) Concurrent Preclean
[7412.123s][info][gc,marking     ] GC(1376) Concurrent Preclean 0.124ms
[7412.123s][info][gc,start       ] GC(1376) Pause Remark
[7412.125s][info][gc             ] GC(1376) Pause Remark 4879M->4335M(8192M) 2.421ms
[7412.125s][info][gc,cpu         ] GC(1376) User=0.01s Sys=0.00s Real=0.01s
[7412.125s][info][gc,marking     ] GC(1376) Concurrent Mark 1215.863ms
[7412.125s][info][gc,marking     ] GC(1376) Concurrent Rebuild Remembered Sets and Scrub Regions
.[7413.010s][info][gc,marking     ] GC(1376) Concurrent Rebuild Remembered Sets and Scrub Regions 884.783ms
[7413.010s][info][gc,start       ] GC(1376) Pause Cleanup
[7413.010s][info][gc             ] GC(1376) Pause Cleanup 5427M->5427M(8192M) 0.264ms
[7413.010s][info][gc,cpu         ] GC(1376) User=0.00s Sys=0.00s Real=0.00s
[7413.010s][info][gc,marking     ] GC(1376) Concurrent Clear Claimed Marks
[7413.010s][info][gc,marking     ] GC(1376) Concurrent Clear Claimed Marks 0.043ms
[7413.010s][info][gc,marking     ] GC(1376) Concurrent Cleanup for Next Mark
[7413.033s][info][gc,marking     ] GC(1376) Concurrent Cleanup for Next Mark 22.114ms
[7413.033s][info][gc             ] GC(1376) Concurrent Mark Cycle 2490.717ms
.[7413.900s][info][gc,start       ] GC(1377) Pause Young (Prepare Mixed) (G1 Evacuation Pause)
[7413.900s][info][gc,task        ] GC(1377) Using 8 workers of 8 for evacuation
[7414.047s][info][gc,phases      ] GC(1377)   Pre Evacuate Collection Set: 0.23ms
[7414.047s][info][gc,phases      ] GC(1377)   Merge Heap Roots: 0.74ms
[7414.047s][info][gc,phases      ] GC(1377)   Evacuate Collection Set: 145.03ms
[7414.047s][info][gc,phases      ] GC(1377)   Post Evacuate Collection Set: 1.06ms
[7414.047s][info][gc,phases      ] GC(1377)   Other: 0.06ms
[7414.047s][info][gc,heap        ] GC(1377) Eden regions: 543->0(573)
[7414.047s][info][gc,heap        ] GC(1377) Survivor regions: 43->41(74)
[7414.047s][info][gc,heap        ] GC(1377) Old regions: 242->250
[7414.047s][info][gc,heap        ] GC(1377) Humongous regions: 33->33
[7414.047s][info][gc,metaspace   ] GC(1377) Metaspace: 30024K(30528K)->30024K(30528K) NonClass: 24611K(24896K)->24611K(24896K) Class: 5412K(5632K)->5412K(5632K)
[7414.047s][info][gc             ] GC(1377) Pause Young (Prepare Mixed) (G1 Evacuation Pause) 6867M->2572M(8192M) 147.239ms
[7414.047s][info][gc,cpu         ] GC(1377) User=1.17s Sys=0.00s Real=0.15s
...[7416.876s][info][gc,start       ] GC(1378) Pause Young (Mixed) (G1 Evacuation Pause)
[7416.876s][info][gc,task        ] GC(1378) Using 8 workers of 8 for evacuation
[7417.039s][info][gc,phases      ] GC(1378)   Pre Evacuate Collection Set: 0.24ms
[7417.039s][info][gc,phases      ] GC(1378)   Merge Heap Roots: 0.79ms
[7417.039s][info][gc,phases      ] GC(1378)   Evacuate Collection Set: 161.06ms
[7417.039s][info][gc,phases      ] GC(1378)   Post Evacuate Collection Set: 1.18ms
[7417.039s][info][gc,phases      ] GC(1378)   Other: 0.07ms
[7417.039s][info][gc,heap        ] GC(1378) Eden regions: 573->0(569)
[7417.039s][info][gc,heap        ] GC(1378) Survivor regions: 41->45(77)
[7417.039s][info][gc,heap        ] GC(1378) Old regions: 250->155
[7417.039s][info][gc,heap        ] GC(1378) Humongous regions: 33->33
[7417.039s][info][gc,metaspace   ] GC(1378) Metaspace: 30024K(30528K)->30024K(30528K) NonClass: 24611K(24896K)->24611K(24896K) Class: 5412K(5632K)->5412K(5632K)
[7417.039s][info][gc             ] GC(1378) Pause Young (Mixed) (G1 Evacuation Pause) 7156M->1843M(8192M) 163.468ms
[7417.039s][info][gc,cpu         ] GC(1378) User=1.30s Sys=0.00s Real=0.16s
...[7419.798s][info][gc,start       ] GC(1379) Pause Young (Mixed) (G1 Evacuation Pause)
[7419.799s][info][gc,task        ] GC(1379) Using 8 workers of 8 for evacuation
[7419.957s][info][gc,phases      ] GC(1379)   Pre Evacuate Collection Set: 0.24ms
[7419.957s][info][gc,phases      ] GC(1379)   Merge Heap Roots: 0.70ms
[7419.957s][info][gc,phases      ] GC(1379)   Evacuate Collection Set: 156.13ms
[7419.957s][info][gc,phases      ] GC(1379)   Post Evacuate Collection Set: 1.01ms
[7419.957s][info][gc,phases      ] GC(1379)   Other: 0.06ms
[7419.957s][info][gc,heap        ] GC(1379) Eden regions: 569->0(571)
[7419.957s][info][gc,heap        ] GC(1379) Survivor regions: 45->43(77)
[7419.957s][info][gc,heap        ] GC(1379) Old regions: 155->143
[7419.957s][info][gc,heap        ] GC(1379) Humongous regions: 33->33
[7419.957s][info][gc,metaspace   ] GC(1379) Metaspace: 30024K(30528K)->30024K(30528K) NonClass: 24611K(24896K)->24611K(24896K) Class: 5412K(5632K)->5412K(5632K)
[7419.957s][info][gc             ] GC(1379) Pause Young (Mixed) (G1 Evacuation Pause) 6395M->1733M(8192M) 158.273ms
[7419.957s][info][gc,cpu         ] GC(1379) User=1.25s Sys=0.01s Real=0.16s
...[7422.758s][info][gc,start       ] GC(1380) Pause Young (Normal) (G1 Evacuation Pause)
[7422.758s][info][gc,task        ] GC(1380) Using 8 workers of 8 for evacuation
[7422.921s][info][gc,phases      ] GC(1380)   Pre Evacuate Collection Set: 0.21ms
[7422.921s][info][gc,phases      ] GC(1380)   Merge Heap Roots: 0.50ms
[7422.921s][info][gc,phases      ] GC(1380)   Evacuate Collection Set: 160.87ms
[7422.921s][info][gc,phases      ] GC(1380)   Post Evacuate Collection Set: 0.99ms
[7422.921s][info][gc,phases      ] GC(1380)   Other: 0.06ms
[7422.921s][info][gc,heap        ] GC(1380) Eden regions: 571->0(568)
[7422.921s][info][gc,heap        ] GC(1380) Survivor regions: 43->46(77)
[7422.921s][info][gc,heap        ] GC(1380) Old regions: 143->150
[7422.921s][info][gc,heap        ] GC(1380) Humongous regions: 33->33
[7422.921s][info][gc,metaspace   ] GC(1380) Metaspace: 30024K(30528K)->30024K(30528K) NonClass: 24611K(24896K)->24611K(24896K) Class: 5412K(5632K)->5412K(5632K)
[7422.921s][info][gc             ] GC(1380) Pause Young (Normal) (G1 Evacuation Pause) 6301M->1817M(8192M) 162.760ms
[7422.921s][info][gc,cpu         ] GC(1380) User=1.29s Sys=0.00s Real=0.16s
...[7425.713s][info][gc,start       ] GC(1381) Pause Young (Normal) (G1 Evacuation Pause)
[7425.713s][info][gc,task        ] GC(1381) Using 8 workers of 8 for evacuation
[7425.866s][info][gc,phases      ] GC(1381)   Pre Evacuate Collection Set: 0.22ms
[7425.866s][info][gc,phases      ] GC(1381)   Merge Heap Roots: 0.50ms
[7425.866s][info][gc,phases      ] GC(1381)   Evacuate Collection Set: 150.98ms
[7425.866s][info][gc,phases      ] GC(1381)   Post Evacuate Collection Set: 1.01ms
[7425.866s][info][gc,phases      ] GC(1381)   Other: 0.06ms
[7425.866s][info][gc,heap        ] GC(1381) Eden regions: 568->0(570)
[7425.866s][info][gc,heap        ] GC(1381) Survivor regions: 46->44(77)
[7425.866s][info][gc,heap        ] GC(1381) Old regions: 150->158
[7425.866s][info][gc,heap        ] GC(1381) Humongous regions: 33->33
[7425.866s][info][gc,metaspace   ] GC(1381) Metaspace: 30024K(30528K)->30024K(30528K) NonClass: 24611K(24896K)->24611K(24896K) Class: 5412K(5632K)->5412K(5632K)
[7425.866s][info][gc             ] GC(1381) Pause Young (Normal) (G1 Evacuation Pause) 6361M->1856M(8192M) 152.892ms
[7425.866s][info][gc,cpu         ] GC(1381) User=1.21s Sys=0.00s Real=0.16s
...[7428.657s][info][gc,start       ] GC(1382) Pause Young (Normal) (G1 Evacuation Pause)
[7428.657s][info][gc,task        ] GC(1382) Using 8 workers of 8 for evacuation
[7428.811s][info][gc,phases      ] GC(1382)   Pre Evacuate Collection Set: 0.22ms
[7428.811s][info][gc,phases      ] GC(1382)   Merge Heap Roots: 0.52ms
[7428.811s][info][gc,phases      ] GC(1382)   Evacuate Collection Set: 151.99ms
[7428.811s][info][gc,phases      ] GC(1382)   Post Evacuate Collection Set: 0.98ms
[7428.811s][info][gc,phases      ] GC(1382)   Other: 0.07ms
[7428.811s][info][gc,heap        ] GC(1382) Eden regions: 570->0(571)
[7428.811s][info][gc,heap        ] GC(1382) Survivor regions: 44->43(77)
[7428.811s][info][gc,heap        ] GC(1382) Old regions: 158->165
[7428.811s][info][gc,heap        ] GC(1382) Humongous regions: 33->33
[7428.811s][info][gc,metaspace   ] GC(1382) Metaspace: 30024K(30528K)->30024K(30528K) NonClass: 24611K(24896K)->24611K(24896K) Class: 5412K(5632K)->5412K(5632K)
[7428.811s][info][gc             ] GC(1382) Pause Young (Normal) (G1 Evacuation Pause) 6416M->1908M(8192M) 153.923ms
[7428.811s][info][gc,cpu         ] GC(1382) User=1.22s Sys=0.00s Real=0.15s
..[7431.519s][info][gc,start       ] GC(1383) Pause Young (Normal) (G1 Evacuation Pause)
[7431.519s][info][gc,task        ] GC(1383) Using 8 workers of 8 for evacuation
[7431.679s][info][gc,phases      ] GC(1383)   Pre Evacuate Collection Set: 0.20ms
[7431.679s][info][gc,phases      ] GC(1383)   Merge Heap Roots: 0.49ms
[7431.679s][info][gc,phases      ] GC(1383)   Evacuate Collection Set: 157.47ms
[7431.679s][info][gc,phases      ] GC(1383)   Post Evacuate Collection Set: 1.02ms
[7431.679s][info][gc,phases      ] GC(1383)   Other: 0.06ms
[7431.679s][info][gc,heap        ] GC(1383) Eden regions: 571->0(569)
[7431.679s][info][gc,heap        ] GC(1383) Survivor regions: 43->45(77)
[7431.679s][info][gc,heap        ] GC(1383) Old regions: 165->172
[7431.679s][info][gc,heap        ] GC(1383) Humongous regions: 33->33
[7431.679s][info][gc,metaspace   ] GC(1383) Metaspace: 30024K(30528K)->30024K(30528K) NonClass: 24611K(24896K)->24611K(24896K) Class: 5412K(5632K)->5412K(5632K)
[7431.679s][info][gc             ] GC(1383) Pause Young (Normal) (G1 Evacuation Pause) 6476M->1978M(8192M) 159.373ms
[7431.679s][info][gc,cpu         ] GC(1383) User=1.26s Sys=0.00s Real=0.16s
...[7434.518s][info][gc,start       ] GC(1384) Pause Young (Normal) (G1 Evacuation Pause)
[7434.518s][info][gc,task        ] GC(1384) Using 8 workers of 8 for evacuation
[7434.675s][info][gc,phases      ] GC(1384)   Pre Evacuate Collection Set: 0.22ms
[7434.675s][info][gc,phases      ] GC(1384)   Merge Heap Roots: 0.50ms
[7434.675s][info][gc,phases      ] GC(1384)   Evacuate Collection Set: 155.70ms
[7434.675s][info][gc,phases      ] GC(1384)   Post Evacuate Collection Set: 0.98ms
[7434.675s][info][gc,phases      ] GC(1384)   Other: 0.06ms
[7434.675s][info][gc,heap        ] GC(1384) Eden regions: 569->0(570)
[7434.675s][info][gc,heap        ] GC(1384) Survivor regions: 45->44(77)
[7434.675s][info][gc,heap        ] GC(1384) Old regions: 172->179
[7434.675s][info][gc,heap        ] GC(1384) Humongous regions: 33->33
[7434.675s][info][gc,metaspace   ] GC(1384) Metaspace: 30024K(30528K)->30024K(30528K) NonClass: 24611K(24896K)->24611K(24896K) Class: 5412K(5632K)->5412K(5632K)
[7434.675s][info][gc             ] GC(1384) Pause Young (Normal) (G1 Evacuation Pause) 6530M->2031M(8192M) 157.589ms
[7434.675s][info][gc,cpu         ] GC(1384) User=1.25s Sys=0.01s Real=0.16s
... (rIR:aIR:PR = 12730:12730:12782) (tPR = 189381) [OK] 
  7436s: Performance info:
         Transaction,    Success,    Partial,     Failed,   Receipts, AvgBarcode, 
             Overall,     769756,          0,          0,     731749,      59.47, 
         Response times:
             Request,    Success,    Partial,     Failed,   SkipFail,     Probes,    Samples,      min,      p50,      p90,      p95,      p99,      max, 
       TotalPurchase,     728804,          0,          0,          0,     293739,     626530,      500,   166000,   336000,   390000,   531000,  8800000,
     InStorePurchase,     385385,          0,          0,          0,     153036,     328868,      500,   166000,   334000,   387000,   515000,  8800000,
      OnlinePurchase,     268014,          0,          0,          0,     107274,     230793,      700,   166000,   336000,   392000,   556000,  8800000,
        InstPurchase,      75405,          0,          0,          0,      33429,      66869,      800,   170000,   345000,   404000,   560300,  6800000,
          AssocOfCat,        760,          0,          0,          0,        601,       1356,    64000,   236000,   403000,   448000,   583600,  1600000,
      AssocOfProduct,       7529,          0,          0,          0,       3199,       6806,     1500,   163000,   331000,   383000,   531860,  6800000,
      BusinessReport,       1913,          0,          0,          0,       1550,       3262,    66000,   236000,   400700,   457000,   569370,  1400000,
          CustBuyBeh,       7656,          0,          0,          0,       3230,       6934,     3900,   172000,   339000,   388000,   507000,  7600000,
       ProductReturn,      19951,          0,          0,          0,       9064,      18406,     1200,   167000,   339000,   387000,   503000,  6200000,

  7436s: (93%)   IR =  12868 [7437.484s][info][gc,start       ] GC(1385) Pause Young (Normal) (G1 Evacuation Pause)
[7437.485s][info][gc,task        ] GC(1385) Using 8 workers of 8 for evacuation
[7437.645s][info][gc,phases      ] GC(1385)   Pre Evacuate Collection Set: 0.20ms
[7437.645s][info][gc,phases      ] GC(1385)   Merge Heap Roots: 0.51ms
[7437.645s][info][gc,phases      ] GC(1385)   Evacuate Collection Set: 158.19ms
[7437.645s][info][gc,phases      ] GC(1385)   Post Evacuate Collection Set: 1.04ms
[7437.645s][info][gc,phases      ] GC(1385)   Other: 0.06ms
[7437.645s][info][gc,heap        ] GC(1385) Eden regions: 570->0(569)
[7437.645s][info][gc,heap        ] GC(1385) Survivor regions: 44->45(77)
[7437.645s][info][gc,heap        ] GC(1385) Old regions: 179->187
[7437.645s][info][gc,heap        ] GC(1385) Humongous regions: 33->33
[7437.645s][info][gc,metaspace   ] GC(1385) Metaspace: 30024K(30528K)->30024K(30528K) NonClass: 24611K(24896K)->24611K(24896K) Class: 5412K(5632K)->5412K(5632K)
[7437.645s][info][gc             ] GC(1385) Pause Young (Normal) (G1 Evacuation Pause) 6591M->2095M(8192M) 160.131ms
[7437.645s][info][gc,cpu         ] GC(1385) User=1.26s Sys=0.00s Real=0.16s
...[7440.455s][info][gc,start       ] GC(1386) Pause Young (Normal) (G1 Evacuation Pause)
[7440.455s][info][gc,task        ] GC(1386) Using 8 workers of 8 for evacuation
[7440.603s][info][gc,phases      ] GC(1386)   Pre Evacuate Collection Set: 0.22ms
[7440.603s][info][gc,phases      ] GC(1386)   Merge Heap Roots: 0.49ms
[7440.603s][info][gc,phases      ] GC(1386)   Evacuate Collection Set: 145.56ms
[7440.603s][info][gc,phases      ] GC(1386)   Post Evacuate Collection Set: 0.99ms
[7440.603s][info][gc,phases      ] GC(1386)   Other: 0.06ms
[7440.603s][info][gc,heap        ] GC(1386) Eden regions: 569->0(572)
[7440.603s][info][gc,heap        ] GC(1386) Survivor regions: 45->42(77)
[7440.603s][info][gc,heap        ] GC(1386) Old regions: 187->193
[7440.603s][info][gc,heap        ] GC(1386) Humongous regions: 33->33
[7440.603s][info][gc,metaspace   ] GC(1386) Metaspace: 30024K(30528K)->30024K(30528K) NonClass: 24611K(24896K)->24611K(24896K) Class: 5412K(5632K)->5412K(5632K)
[7440.603s][info][gc             ] GC(1386) Pause Young (Normal) (G1 Evacuation Pause) 6647M->2126M(8192M) 147.455ms
[7440.603s][info][gc,cpu         ] GC(1386) User=1.17s Sys=0.00s Real=0.14s
...[7443.393s][info][gc,start       ] GC(1387) Pause Young (Normal) (G1 Evacuation Pause)
[7443.393s][info][gc,task        ] GC(1387) Using 8 workers of 8 for evacuation
[7443.540s][info][gc,phases      ] GC(1387)   Pre Evacuate Collection Set: 0.20ms
[7443.540s][info][gc,phases      ] GC(1387)   Merge Heap Roots: 0.51ms
[7443.540s][info][gc,phases      ] GC(1387)   Evacuate Collection Set: 144.90ms
[7443.540s][info][gc,phases      ] GC(1387)   Post Evacuate Collection Set: 1.03ms
[7443.540s][info][gc,phases      ] GC(1387)   Other: 0.07ms
[7443.540s][info][gc,heap        ] GC(1387) Eden regions: 572->0(572)
[7443.540s][info][gc,heap        ] GC(1387) Survivor regions: 42->42(77)
[7443.540s][info][gc,heap        ] GC(1387) Old regions: 193->201
[7443.540s][info][gc,heap        ] GC(1387) Humongous regions: 33->33
[7443.540s][info][gc,metaspace   ] GC(1387) Metaspace: 30024K(30528K)->30024K(30528K) NonClass: 24611K(24896K)->24611K(24896K) Class: 5412K(5632K)->5412K(5632K)
[7443.540s][info][gc             ] GC(1387) Pause Young (Normal) (G1 Evacuation Pause) 6702M->2190M(8192M) 146.854ms
[7443.540s][info][gc,cpu         ] GC(1387) User=1.17s Sys=0.00s Real=0.15s
...[7446.325s][info][gc,start       ] GC(1388) Pause Young (Normal) (G1 Evacuation Pause)
[7446.325s][info][gc,task        ] GC(1388) Using 8 workers of 8 for evacuation
[7446.477s][info][gc,phases      ] GC(1388)   Pre Evacuate Collection Set: 0.22ms
[7446.477s][info][gc,phases      ] GC(1388)   Merge Heap Roots: 0.50ms
[7446.477s][info][gc,phases      ] GC(1388)   Evacuate Collection Set: 149.58ms
[7446.477s][info][gc,phases      ] GC(1388)   Post Evacuate Collection Set: 1.01ms
[7446.477s][info][gc,phases      ] GC(1388)   Other: 0.06ms
[7446.477s][info][gc,heap        ] GC(1388) Eden regions: 572->0(571)
[7446.477s][info][gc,heap        ] GC(1388) Survivor regions: 42->43(77)
[7446.477s][info][gc,heap        ] GC(1388) Old regions: 201->208
[7446.477s][info][gc,heap        ] GC(1388) Humongous regions: 33->33
[7446.477s][info][gc,metaspace   ] GC(1388) Metaspace: 30024K(30528K)->30024K(30528K) NonClass: 24611K(24896K)->24611K(24896K) Class: 5412K(5632K)->5412K(5632K)
[7446.477s][info][gc             ] GC(1388) Pause Young (Normal) (G1 Evacuation Pause) 6766M->2252M(8192M) 151.501ms
[7446.477s][info][gc,cpu         ] GC(1388) User=1.20s Sys=0.00s Real=0.15s
...[7449.319s][info][gc,start       ] GC(1389) Pause Young (Normal) (G1 Evacuation Pause)
[7449.319s][info][gc,task        ] GC(1389) Using 8 workers of 8 for evacuation
[7449.475s][info][gc,phases      ] GC(1389)   Pre Evacuate Collection Set: 0.20ms
[7449.475s][info][gc,phases      ] GC(1389)   Merge Heap Roots: 0.51ms
[7449.475s][info][gc,phases      ] GC(1389)   Evacuate Collection Set: 153.78ms
[7449.475s][info][gc,phases      ] GC(1389)   Post Evacuate Collection Set: 1.01ms
[7449.475s][info][gc,phases      ] GC(1389)   Other: 0.06ms
[7449.475s][info][gc,heap        ] GC(1389) Eden regions: 571->0(570)
[7449.475s][info][gc,heap        ] GC(1389) Survivor regions: 43->44(77)
[7449.475s][info][gc,heap        ] GC(1389) Old regions: 208->215
[7449.475s][info][gc,heap        ] GC(1389) Humongous regions: 33->33
[7449.475s][info][gc,metaspace   ] GC(1389) Metaspace: 30024K(30528K)->30024K(30528K) NonClass: 24611K(24896K)->24611K(24896K) Class: 5412K(5632K)->5412K(5632K)
[7449.475s][info][gc             ] GC(1389) Pause Young (Normal) (G1 Evacuation Pause) 6820M->2316M(8192M) 155.695ms
[7449.475s][info][gc,cpu         ] GC(1389) User=1.23s Sys=0.00s Real=0.16s
...[7452.288s][info][gc,start       ] GC(1390) Pause Young (Normal) (G1 Evacuation Pause)
[7452.288s][info][gc,task        ] GC(1390) Using 8 workers of 8 for evacuation
[7452.442s][info][gc,phases      ] GC(1390)   Pre Evacuate Collection Set: 0.21ms
[7452.442s][info][gc,phases      ] GC(1390)   Merge Heap Roots: 0.52ms
[7452.442s][info][gc,phases      ] GC(1390)   Evacuate Collection Set: 152.89ms
[7452.442s][info][gc,phases      ] GC(1390)   Post Evacuate Collection Set: 1.05ms
[7452.442s][info][gc,phases      ] GC(1390)   Other: 0.06ms
[7452.442s][info][gc,heap        ] GC(1390) Eden regions: 570->0(569)
[7452.442s][info][gc,heap        ] GC(1390) Survivor regions: 44->45(77)
[7452.442s][info][gc,heap        ] GC(1390) Old regions: 215->222
[7452.442s][info][gc,heap        ] GC(1390) Humongous regions: 33->33
[7452.442s][info][gc,metaspace   ] GC(1390) Metaspace: 30024K(30528K)->30024K(30528K) NonClass: 24611K(24896K)->24611K(24896K) Class: 5412K(5632K)->5412K(5632K)
[7452.442s][info][gc             ] GC(1390) Pause Young (Normal) (G1 Evacuation Pause) 6876M->2379M(8192M) 154.874ms
[7452.442s][info][gc,cpu         ] GC(1390) User=1.23s Sys=0.00s Real=0.15s
...[7455.260s][info][gc,start       ] GC(1391) Pause Young (Normal) (G1 Evacuation Pause)
[7455.260s][info][gc,task        ] GC(1391) Using 8 workers of 8 for evacuation
[7455.423s][info][gc,phases      ] GC(1391)   Pre Evacuate Collection Set: 0.24ms
[7455.423s][info][gc,phases      ] GC(1391)   Merge Heap Roots: 0.48ms
[7455.423s][info][gc,phases      ] GC(1391)   Evacuate Collection Set: 161.37ms
[7455.423s][info][gc,phases      ] GC(1391)   Post Evacuate Collection Set: 1.01ms
[7455.423s][info][gc,phases      ] GC(1391)   Other: 0.06ms
[7455.423s][info][gc,heap        ] GC(1391) Eden regions: 569->0(567)
[7455.423s][info][gc,heap        ] GC(1391) Survivor regions: 45->47(77)
[7455.423s][info][gc,heap        ] GC(1391) Old regions: 222->229
[7455.423s][info][gc,heap        ] GC(1391) Humongous regions: 33->33
[7455.423s][info][gc,metaspace   ] GC(1391) Metaspace: 30024K(30528K)->30024K(30528K) NonClass: 24611K(24896K)->24611K(24896K) Class: 5412K(5632K)->5412K(5632K)
[7455.424s][info][gc             ] GC(1391) Pause Young (Normal) (G1 Evacuation Pause) 6931M->2454M(8192M) 163.287ms
[7455.424s][info][gc,cpu         ] GC(1391) User=1.29s Sys=0.00s Real=0.17s
...[7458.161s][info][gc,start       ] GC(1392) Pause Young (Normal) (G1 Evacuation Pause)
[7458.161s][info][gc,task        ] GC(1392) Using 8 workers of 8 for evacuation
[7458.316s][info][gc,phases      ] GC(1392)   Pre Evacuate Collection Set: 0.24ms
[7458.316s][info][gc,phases      ] GC(1392)   Merge Heap Roots: 0.52ms
[7458.316s][info][gc,phases      ] GC(1392)   Evacuate Collection Set: 153.88ms
[7458.316s][info][gc,phases      ] GC(1392)   Post Evacuate Collection Set: 0.98ms
[7458.316s][info][gc,phases      ] GC(1392)   Other: 0.06ms
[7458.316s][info][gc,heap        ] GC(1392) Eden regions: 567->0(570)
[7458.316s][info][gc,heap        ] GC(1392) Survivor regions: 47->44(77)
[7458.316s][info][gc,heap        ] GC(1392) Old regions: 229->237
[7458.316s][info][gc,heap        ] GC(1392) Humongous regions: 33->33
[7458.316s][info][gc,metaspace   ] GC(1392) Metaspace: 30024K(30528K)->30024K(30528K) NonClass: 24611K(24896K)->24611K(24896K) Class: 5412K(5632K)->5412K(5632K)
[7458.316s][info][gc             ] GC(1392) Pause Young (Normal) (G1 Evacuation Pause) 6990M->2492M(8192M) 155.796ms
[7458.317s][info][gc,cpu         ] GC(1392) User=1.24s Sys=0.00s Real=0.16s
...[7461.191s][info][gc,start       ] GC(1393) Pause Young (Normal) (G1 Evacuation Pause)
[7461.191s][info][gc,task        ] GC(1393) Using 8 workers of 8 for evacuation
[7461.350s][info][gc,phases      ] GC(1393)   Pre Evacuate Collection Set: 0.23ms
[7461.350s][info][gc,phases      ] GC(1393)   Merge Heap Roots: 0.49ms
[7461.350s][info][gc,phases      ] GC(1393)   Evacuate Collection Set: 157.29ms
[7461.350s][info][gc,phases      ] GC(1393)   Post Evacuate Collection Set: 1.04ms
[7461.350s][info][gc,phases      ] GC(1393)   Other: 0.07ms
[7461.350s][info][gc,heap        ] GC(1393) Eden regions: 570->0(569)
[7461.350s][info][gc,heap        ] GC(1393) Survivor regions: 44->45(77)
[7461.350s][info][gc,heap        ] GC(1393) Old regions: 237->244
[7461.350s][info][gc,heap        ] GC(1393) Humongous regions: 33->33
[7461.350s][info][gc,metaspace   ] GC(1393) Metaspace: 30024K(30528K)->30024K(30528K) NonClass: 24611K(24896K)->24611K(24896K) Class: 5412K(5632K)->5412K(5632K)
[7461.350s][info][gc             ] GC(1393) Pause Young (Normal) (G1 Evacuation Pause) 7052M->2560M(8192M) 159.254ms
[7461.350s][info][gc,cpu         ] GC(1393) User=1.27s Sys=0.00s Real=0.16s
...[7464.111s][info][gc,start       ] GC(1394) Pause Young (Normal) (G1 Evacuation Pause)
[7464.111s][info][gc,task        ] GC(1394) Using 8 workers of 8 for evacuation
[7464.264s][info][gc,phases      ] GC(1394)   Pre Evacuate Collection Set: 0.22ms
[7464.264s][info][gc,phases      ] GC(1394)   Merge Heap Roots: 0.55ms
[7464.264s][info][gc,phases      ] GC(1394)   Evacuate Collection Set: 151.25ms
[7464.264s][info][gc,phases      ] GC(1394)   Post Evacuate Collection Set: 1.06ms
[7464.264s][info][gc,phases      ] GC(1394)   Other: 0.06ms
[7464.264s][info][gc,heap        ] GC(1394) Eden regions: 569->0(572)
[7464.264s][info][gc,heap        ] GC(1394) Survivor regions: 45->42(77)
[7464.264s][info][gc,heap        ] GC(1394) Old regions: 244->251
[7464.264s][info][gc,heap        ] GC(1394) Humongous regions: 33->33
[7464.264s][info][gc,metaspace   ] GC(1394) Metaspace: 30024K(30528K)->30024K(30528K) NonClass: 24611K(24896K)->24611K(24896K) Class: 5412K(5632K)->5412K(5632K)
[7464.264s][info][gc             ] GC(1394) Pause Young (Normal) (G1 Evacuation Pause) 7112M->2594M(8192M) 153.280ms
[7464.264s][info][gc,cpu         ] GC(1394) User=1.21s Sys=0.00s Real=0.16s
...|[7467.118s][info][gc,start       ] GC(1395) Pause Young (Normal) (G1 Evacuation Pause)
[7467.118s][info][gc,task        ] GC(1395) Using 8 workers of 8 for evacuation
[7467.274s][info][gc,phases      ] GC(1395)   Pre Evacuate Collection Set: 0.22ms
[7467.274s][info][gc,phases      ] GC(1395)   Merge Heap Roots: 0.48ms
[7467.274s][info][gc,phases      ] GC(1395)   Evacuate Collection Set: 154.18ms
[7467.274s][info][gc,phases      ] GC(1395)   Post Evacuate Collection Set: 1.03ms
[7467.274s][info][gc,phases      ] GC(1395)   Other: 0.06ms
[7467.274s][info][gc,heap        ] GC(1395) Eden regions: 572->0(570)
[7467.274s][info][gc,heap        ] GC(1395) Survivor regions: 42->44(77)
[7467.274s][info][gc,heap        ] GC(1395) Old regions: 251->258
[7467.274s][info][gc,heap        ] GC(1395) Humongous regions: 33->33
[7467.274s][info][gc,metaspace   ] GC(1395) Metaspace: 30024K(30528K)->30024K(30528K) NonClass: 24611K(24896K)->24611K(24896K) Class: 5412K(5632K)->5412K(5632K)
[7467.274s][info][gc             ] GC(1395) Pause Young (Normal) (G1 Evacuation Pause) 7170M->2666M(8192M) 156.093ms
[7467.275s][info][gc,cpu         ] GC(1395) User=1.23s Sys=0.00s Real=0.16s
...[7470.097s][info][gc,start       ] GC(1396) Pause Young (Normal) (G1 Evacuation Pause)
[7470.097s][info][gc,task        ] GC(1396) Using 8 workers of 8 for evacuation
[7470.259s][info][gc,phases      ] GC(1396)   Pre Evacuate Collection Set: 0.21ms
[7470.259s][info][gc,phases      ] GC(1396)   Merge Heap Roots: 0.47ms
[7470.259s][info][gc,phases      ] GC(1396)   Evacuate Collection Set: 159.49ms
[7470.259s][info][gc,phases      ] GC(1396)   Post Evacuate Collection Set: 1.01ms
[7470.259s][info][gc,phases      ] GC(1396)   Other: 0.06ms
[7470.259s][info][gc,heap        ] GC(1396) Eden regions: 570->0(569)
[7470.259s][info][gc,heap        ] GC(1396) Survivor regions: 44->45(77)
[7470.259s][info][gc,heap        ] GC(1396) Old regions: 258->266
[7470.259s][info][gc,heap        ] GC(1396) Humongous regions: 33->33
[7470.259s][info][gc,metaspace   ] GC(1396) Metaspace: 30024K(30528K)->30024K(30528K) NonClass: 24611K(24896K)->24611K(24896K) Class: 5412K(5632K)->5412K(5632K)
[7470.259s][info][gc             ] GC(1396) Pause Young (Normal) (G1 Evacuation Pause) 7226M->2730M(8192M) 161.366ms
[7470.259s][info][gc,cpu         ] GC(1396) User=1.28s Sys=0.00s Real=0.16s
..[7473.010s][info][gc,start       ] GC(1397) Pause Young (Normal) (G1 Evacuation Pause)
[7473.010s][info][gc,task        ] GC(1397) Using 8 workers of 8 for evacuation
[7473.166s][info][gc,phases      ] GC(1397)   Pre Evacuate Collection Set: 0.25ms
[7473.166s][info][gc,phases      ] GC(1397)   Merge Heap Roots: 0.63ms
[7473.166s][info][gc,phases      ] GC(1397)   Evacuate Collection Set: 152.57ms
[7473.166s][info][gc,phases      ] GC(1397)   Post Evacuate Collection Set: 1.00ms
[7473.166s][info][gc,phases      ] GC(1397)   Other: 0.79ms
[7473.166s][info][gc,heap        ] GC(1397) Eden regions: 569->0(570)
[7473.166s][info][gc,heap        ] GC(1397) Survivor regions: 45->44(77)
[7473.166s][info][gc,heap        ] GC(1397) Old regions: 266->273
[7473.166s][info][gc,heap        ] GC(1397) Humongous regions: 33->33
[7473.166s][info][gc,metaspace   ] GC(1397) Metaspace: 30024K(30528K)->30024K(30528K) NonClass: 24611K(24896K)->24611K(24896K) Class: 5412K(5632K)->5412K(5632K)
[7473.166s][info][gc             ] GC(1397) Pause Young (Normal) (G1 Evacuation Pause) 7282M->2778M(8192M) 155.374ms
[7473.166s][info][gc,cpu         ] GC(1397) User=1.22s Sys=0.00s Real=0.16s
...[7476.024s][info][gc,start       ] GC(1398) Pause Young (Normal) (G1 Evacuation Pause)
[7476.024s][info][gc,task        ] GC(1398) Using 8 workers of 8 for evacuation
[7476.183s][info][gc,phases      ] GC(1398)   Pre Evacuate Collection Set: 0.21ms
[7476.183s][info][gc,phases      ] GC(1398)   Merge Heap Roots: 0.50ms
[7476.183s][info][gc,phases      ] GC(1398)   Evacuate Collection Set: 156.95ms
[7476.183s][info][gc,phases      ] GC(1398)   Post Evacuate Collection Set: 1.02ms
[7476.183s][info][gc,phases      ] GC(1398)   Other: 0.06ms
[7476.183s][info][gc,heap        ] GC(1398) Eden regions: 570->0(569)
[7476.183s][info][gc,heap        ] GC(1398) Survivor regions: 44->45(77)
[7476.183s][info][gc,heap        ] GC(1398) Old regions: 273->280
[7476.183s][info][gc,heap        ] GC(1398) Humongous regions: 33->33
[7476.183s][info][gc,metaspace   ] GC(1398) Metaspace: 30024K(30528K)->30024K(30528K) NonClass: 24611K(24896K)->24611K(24896K) Class: 5412K(5632K)->5412K(5632K)
[7476.183s][info][gc             ] GC(1398) Pause Young (Normal) (G1 Evacuation Pause) 7338M->2843M(8192M) 158.875ms
[7476.183s][info][gc,cpu         ] GC(1398) User=1.26s Sys=0.00s Real=0.15s
...[7478.947s][info][gc,start       ] GC(1399) Pause Young (Normal) (G1 Evacuation Pause)
[7478.947s][info][gc,task        ] GC(1399) Using 8 workers of 8 for evacuation
[7479.101s][info][gc,phases      ] GC(1399)   Pre Evacuate Collection Set: 0.22ms
[7479.101s][info][gc,phases      ] GC(1399)   Merge Heap Roots: 0.53ms
[7479.101s][info][gc,phases      ] GC(1399)   Evacuate Collection Set: 152.40ms
[7479.101s][info][gc,phases      ] GC(1399)   Post Evacuate Collection Set: 1.04ms
[7479.102s][info][gc,phases      ] GC(1399)   Other: 0.06ms
[7479.102s][info][gc,heap        ] GC(1399) Eden regions: 569->0(566)
[7479.102s][info][gc,heap        ] GC(1399) Survivor regions: 45->43(77)
[7479.102s][info][gc,heap        ] GC(1399) Old regions: 280->287
[7479.102s][info][gc,heap        ] GC(1399) Humongous regions: 33->33
[7479.102s][info][gc,metaspace   ] GC(1399) Metaspace: 30024K(30528K)->30024K(30528K) NonClass: 24611K(24896K)->24611K(24896K) Class: 5412K(5632K)->5412K(5632K)
[7479.102s][info][gc             ] GC(1399) Pause Young (Normal) (G1 Evacuation Pause) 7395M->2884M(8192M) 154.386ms
[7479.102s][info][gc,cpu         ] GC(1399) User=1.23s Sys=0.00s Real=0.15s
...[7481.946s][info][gc,start       ] GC(1400) Pause Young (Normal) (G1 Evacuation Pause)
[7481.946s][info][gc,task        ] GC(1400) Using 8 workers of 8 for evacuation
[7482.096s][info][gc,phases      ] GC(1400)   Pre Evacuate Collection Set: 0.21ms
[7482.096s][info][gc,phases      ] GC(1400)   Merge Heap Roots: 0.52ms
[7482.096s][info][gc,phases      ] GC(1400)   Evacuate Collection Set: 147.86ms
[7482.096s][info][gc,phases      ] GC(1400)   Post Evacuate Collection Set: 1.04ms
[7482.096s][info][gc,phases      ] GC(1400)   Other: 0.06ms
[7482.096s][info][gc,heap        ] GC(1400) Eden regions: 566->0(559)
[7482.096s][info][gc,heap        ] GC(1400) Survivor regions: 43->43(77)
[7482.096s][info][gc,heap        ] GC(1400) Old regions: 287->294
[7482.096s][info][gc,heap        ] GC(1400) Humongous regions: 33->33
[7482.096s][info][gc,metaspace   ] GC(1400) Metaspace: 30024K(30528K)->30024K(30528K) NonClass: 24611K(24896K)->24611K(24896K) Class: 5412K(5632K)->5412K(5632K)
[7482.096s][info][gc             ] GC(1400) Pause Young (Normal) (G1 Evacuation Pause) 7412M->2946M(8192M) 149.829ms
[7482.096s][info][gc,cpu         ] GC(1400) User=1.18s Sys=0.00s Real=0.15s
...[7484.828s][info][gc,start       ] GC(1401) Pause Young (Normal) (G1 Evacuation Pause)
[7484.828s][info][gc,task        ] GC(1401) Using 8 workers of 8 for evacuation
[7484.978s][info][gc,phases      ] GC(1401)   Pre Evacuate Collection Set: 0.21ms
[7484.978s][info][gc,phases      ] GC(1401)   Merge Heap Roots: 0.50ms
[7484.978s][info][gc,phases      ] GC(1401)   Evacuate Collection Set: 148.55ms
[7484.978s][info][gc,phases      ] GC(1401)   Post Evacuate Collection Set: 0.98ms
[7484.978s][info][gc,phases      ] GC(1401)   Other: 0.06ms
[7484.978s][info][gc,heap        ] GC(1401) Eden regions: 559->0(551)
[7484.978s][info][gc,heap        ] GC(1401) Survivor regions: 43->43(76)
[7484.978s][info][gc,heap        ] GC(1401) Old regions: 294->302
[7484.978s][info][gc,heap        ] GC(1401) Humongous regions: 33->33
[7484.978s][info][gc,metaspace   ] GC(1401) Metaspace: 30024K(30528K)->30024K(30528K) NonClass: 24611K(24896K)->24611K(24896K) Class: 5412K(5632K)->5412K(5632K)
[7484.978s][info][gc             ] GC(1401) Pause Young (Normal) (G1 Evacuation Pause) 7418M->3003M(8192M) 150.439ms
[7484.978s][info][gc,cpu         ] GC(1401) User=1.19s Sys=0.00s Real=0.15s
...[7487.699s][info][gc,start       ] GC(1402) Pause Young (Concurrent Start) (G1 Evacuation Pause)
[7487.699s][info][gc,task        ] GC(1402) Using 8 workers of 8 for evacuation
[7487.853s][info][gc,phases      ] GC(1402)   Pre Evacuate Collection Set: 0.27ms
[7487.854s][info][gc,phases      ] GC(1402)   Merge Heap Roots: 0.49ms
[7487.854s][info][gc,phases      ] GC(1402)   Evacuate Collection Set: 152.97ms
[7487.854s][info][gc,phases      ] GC(1402)   Post Evacuate Collection Set: 1.02ms
[7487.854s][info][gc,phases      ] GC(1402)   Other: 0.07ms
[7487.854s][info][gc,heap        ] GC(1402) Eden regions: 551->0(544)
[7487.854s][info][gc,heap        ] GC(1402) Survivor regions: 43->43(75)
[7487.854s][info][gc,heap        ] GC(1402) Old regions: 302->309
[7487.854s][info][gc,heap        ] GC(1402) Humongous regions: 33->33
[7487.854s][info][gc,metaspace   ] GC(1402) Metaspace: 30024K(30528K)->30024K(30528K) NonClass: 24611K(24896K)->24611K(24896K) Class: 5412K(5632K)->5412K(5632K)
[7487.854s][info][gc             ] GC(1402) Pause Young (Concurrent Start) (G1 Evacuation Pause) 7411M->3062M(8192M) 154.938ms
[7487.854s][info][gc             ] GC(1403) Concurrent Mark Cycle
[7487.854s][info][gc,marking     ] GC(1403) Concurrent Scan Root Regions
[7487.854s][info][gc,cpu         ] GC(1402) User=1.23s Sys=0.00s Real=0.16s
[7488.177s][info][gc,marking     ] GC(1403) Concurrent Scan Root Regions 322.952ms
[7488.177s][info][gc,marking     ] GC(1403) Concurrent Mark
[7488.177s][info][gc,marking     ] GC(1403) Concurrent Mark From Roots
[7488.177s][info][gc,task        ] GC(1403) Using 2 workers of 2 for marking
..[7489.452s][info][gc,marking     ] GC(1403) Concurrent Mark From Roots 1275.667ms
[7489.452s][info][gc,marking     ] GC(1403) Concurrent Preclean
[7489.452s][info][gc,marking     ] GC(1403) Concurrent Preclean 0.089ms
[7489.453s][info][gc,start       ] GC(1403) Pause Remark
[7489.455s][info][gc             ] GC(1403) Pause Remark 4894M->4390M(8192M) 2.733ms
[7489.456s][info][gc,cpu         ] GC(1403) User=0.02s Sys=0.00s Real=0.01s
[7489.456s][info][gc,marking     ] GC(1403) Concurrent Mark 1278.906ms
[7489.456s][info][gc,marking     ] GC(1403) Concurrent Rebuild Remembered Sets and Scrub Regions
.[7490.222s][info][gc,marking     ] GC(1403) Concurrent Rebuild Remembered Sets and Scrub Regions 766.329ms
[7490.222s][info][gc,start       ] GC(1403) Pause Cleanup
[7490.222s][info][gc             ] GC(1403) Pause Cleanup 5434M->5434M(8192M) 0.279ms
[7490.222s][info][gc,cpu         ] GC(1403) User=0.00s Sys=0.00s Real=0.00s
[7490.222s][info][gc,marking     ] GC(1403) Concurrent Clear Claimed Marks
[7490.222s][info][gc,marking     ] GC(1403) Concurrent Clear Claimed Marks 0.049ms
[7490.223s][info][gc,marking     ] GC(1403) Concurrent Cleanup for Next Mark
[7490.233s][info][gc,marking     ] GC(1403) Concurrent Cleanup for Next Mark 10.091ms
[7490.233s][info][gc             ] GC(1403) Concurrent Mark Cycle 2379.075ms
[7491.181s][info][gc,start       ] GC(1404) Pause Young (Prepare Mixed) (G1 Evacuation Pause)
[7491.181s][info][gc,task        ] GC(1404) Using 8 workers of 8 for evacuation
[7491.342s][info][gc,phases      ] GC(1404)   Pre Evacuate Collection Set: 0.23ms
[7491.342s][info][gc,phases      ] GC(1404)   Merge Heap Roots: 0.75ms
[7491.342s][info][gc,phases      ] GC(1404)   Evacuate Collection Set: 158.51ms
[7491.342s][info][gc,phases      ] GC(1404)   Post Evacuate Collection Set: 1.08ms
[7491.342s][info][gc,phases      ] GC(1404)   Other: 0.06ms
[7491.342s][info][gc,heap        ] GC(1404) Eden regions: 544->0(569)
[7491.342s][info][gc,heap        ] GC(1404) Survivor regions: 43->45(74)
[7491.342s][info][gc,heap        ] GC(1404) Old regions: 246->254
[7491.342s][info][gc,heap        ] GC(1404) Humongous regions: 33->33
[7491.342s][info][gc,metaspace   ] GC(1404) Metaspace: 30024K(30528K)->30024K(30528K) NonClass: 24611K(24896K)->24611K(24896K) Class: 5412K(5632K)->5412K(5632K)
[7491.342s][info][gc             ] GC(1404) Pause Young (Prepare Mixed) (G1 Evacuation Pause) 6910M->2632M(8192M) 160.778ms
[7491.342s][info][gc,cpu         ] GC(1404) User=1.28s Sys=0.00s Real=0.16s
...[7494.255s][info][gc,start       ] GC(1405) Pause Young (Mixed) (G1 Evacuation Pause)
[7494.255s][info][gc,task        ] GC(1405) Using 8 workers of 8 for evacuation
[7494.423s][info][gc,phases      ] GC(1405)   Pre Evacuate Collection Set: 0.25ms
[7494.423s][info][gc,phases      ] GC(1405)   Merge Heap Roots: 0.78ms
[7494.423s][info][gc,phases      ] GC(1405)   Evacuate Collection Set: 164.93ms
[7494.423s][info][gc,phases      ] GC(1405)   Post Evacuate Collection Set: 1.27ms
[7494.423s][info][gc,phases      ] GC(1405)   Other: 0.08ms
[7494.423s][info][gc,heap        ] GC(1405) Eden regions: 569->0(570)
[7494.423s][info][gc,heap        ] GC(1405) Survivor regions: 45->44(77)
[7494.423s][info][gc,heap        ] GC(1405) Old regions: 254->159
[7494.423s][info][gc,heap        ] GC(1405) Humongous regions: 33->33
[7494.423s][info][gc,metaspace   ] GC(1405) Metaspace: 30024K(30528K)->30024K(30528K) NonClass: 24611K(24896K)->24611K(24896K) Class: 5412K(5632K)->5412K(5632K)
[7494.423s][info][gc             ] GC(1405) Pause Young (Mixed) (G1 Evacuation Pause) 7184M->1866M(8192M) 167.443ms
[7494.423s][info][gc,cpu         ] GC(1405) User=1.32s Sys=0.01s Real=0.16s
...[7497.225s][info][gc,start       ] GC(1406) Pause Young (Mixed) (G1 Evacuation Pause)
[7497.225s][info][gc,task        ] GC(1406) Using 8 workers of 8 for evacuation
[7497.384s][info][gc,phases      ] GC(1406)   Pre Evacuate Collection Set: 0.24ms
[7497.384s][info][gc,phases      ] GC(1406)   Merge Heap Roots: 0.76ms
[7497.384s][info][gc,phases      ] GC(1406)   Evacuate Collection Set: 157.21ms
[7497.384s][info][gc,phases      ] GC(1406)   Post Evacuate Collection Set: 1.05ms
[7497.384s][info][gc,phases      ] GC(1406)   Other: 0.07ms
[7497.384s][info][gc,heap        ] GC(1406) Eden regions: 570->0(571)
[7497.384s][info][gc,heap        ] GC(1406) Survivor regions: 44->43(77)
[7497.384s][info][gc,heap        ] GC(1406) Old regions: 159->143
[7497.384s][info][gc,heap        ] GC(1406) Humongous regions: 33->33
[7497.384s][info][gc,metaspace   ] GC(1406) Metaspace: 30024K(30528K)->30024K(30528K) NonClass: 24611K(24896K)->24611K(24896K) Class: 5412K(5632K)->5412K(5632K)
[7497.384s][info][gc             ] GC(1406) Pause Young (Mixed) (G1 Evacuation Pause) 6426M->1737M(8192M) 159.454ms
[7497.384s][info][gc,cpu         ] GC(1406) User=1.26s Sys=0.00s Real=0.16s
...[7500.191s][info][gc,start       ] GC(1407) Pause Young (Normal) (G1 Evacuation Pause)
[7500.191s][info][gc,task        ] GC(1407) Using 8 workers of 8 for evacuation
[7500.345s][info][gc,phases      ] GC(1407)   Pre Evacuate Collection Set: 0.22ms
[7500.345s][info][gc,phases      ] GC(1407)   Merge Heap Roots: 0.51ms
[7500.345s][info][gc,phases      ] GC(1407)   Evacuate Collection Set: 152.68ms
[7500.345s][info][gc,phases      ] GC(1407)   Post Evacuate Collection Set: 1.01ms
[7500.345s][info][gc,phases      ] GC(1407)   Other: 0.06ms
[7500.345s][info][gc,heap        ] GC(1407) Eden regions: 571->0(571)
[7500.345s][info][gc,heap        ] GC(1407) Survivor regions: 43->43(77)
[7500.345s][info][gc,heap        ] GC(1407) Old regions: 143->151
[7500.345s][info][gc,heap        ] GC(1407) Humongous regions: 33->33
[7500.345s][info][gc,metaspace   ] GC(1407) Metaspace: 30024K(30528K)->30024K(30528K) NonClass: 24611K(24896K)->24611K(24896K) Class: 5412K(5632K)->5412K(5632K)
[7500.345s][info][gc             ] GC(1407) Pause Young (Normal) (G1 Evacuation Pause) 6305M->1791M(8192M) 154.603ms
[7500.345s][info][gc,cpu         ] GC(1407) User=1.23s Sys=0.00s Real=0.16s
...[7503.119s][info][gc,start       ] GC(1408) Pause Young (Normal) (G1 Evacuation Pause)
[7503.119s][info][gc,task        ] GC(1408) Using 8 workers of 8 for evacuation
[7503.290s][info][gc,phases      ] GC(1408)   Pre Evacuate Collection Set: 0.23ms
[7503.290s][info][gc,phases      ] GC(1408)   Merge Heap Roots: 0.53ms
[7503.290s][info][gc,phases      ] GC(1408)   Evacuate Collection Set: 169.43ms
[7503.290s][info][gc,phases      ] GC(1408)   Post Evacuate Collection Set: 1.01ms
[7503.290s][info][gc,phases      ] GC(1408)   Other: 0.10ms
[7503.290s][info][gc,heap        ] GC(1408) Eden regions: 571->0(565)
[7503.291s][info][gc,heap        ] GC(1408) Survivor regions: 43->49(77)
[7503.291s][info][gc,heap        ] GC(1408) Old regions: 151->158
[7503.291s][info][gc,heap        ] GC(1408) Humongous regions: 33->33
[7503.291s][info][gc,metaspace   ] GC(1408) Metaspace: 30024K(30528K)->30024K(30528K) NonClass: 24611K(24896K)->24611K(24896K) Class: 5412K(5632K)->5412K(5632K)
[7503.291s][info][gc             ] GC(1408) Pause Young (Normal) (G1 Evacuation Pause) 6359M->1895M(8192M) 171.418ms
[7503.291s][info][gc,cpu         ] GC(1408) User=1.36s Sys=0.00s Real=0.17s
...[7506.054s][info][gc,start       ] GC(1409) Pause Young (Normal) (G1 Evacuation Pause)
[7506.054s][info][gc,task        ] GC(1409) Using 8 workers of 8 for evacuation
[7506.211s][info][gc,phases      ] GC(1409)   Pre Evacuate Collection Set: 0.22ms
[7506.211s][info][gc,phases      ] GC(1409)   Merge Heap Roots: 0.52ms
[7506.211s][info][gc,phases      ] GC(1409)   Evacuate Collection Set: 155.26ms
[7506.211s][info][gc,phases      ] GC(1409)   Post Evacuate Collection Set: 1.00ms
[7506.211s][info][gc,phases      ] GC(1409)   Other: 0.06ms
[7506.211s][info][gc,heap        ] GC(1409) Eden regions: 565->0(569)
[7506.211s][info][gc,heap        ] GC(1409) Survivor regions: 49->45(77)
[7506.211s][info][gc,heap        ] GC(1409) Old regions: 158->165
[7506.211s][info][gc,heap        ] GC(1409) Humongous regions: 33->33
[7506.211s][info][gc,metaspace   ] GC(1409) Metaspace: 30024K(30528K)->30024K(30528K) NonClass: 24611K(24896K)->24611K(24896K) Class: 5412K(5632K)->5412K(5632K)
[7506.211s][info][gc             ] GC(1409) Pause Young (Normal) (G1 Evacuation Pause) 6415M->1924M(8192M) 157.178ms
[7506.211s][info][gc,cpu         ] GC(1409) User=1.24s Sys=0.00s Real=0.15s
...[7509.075s][info][gc,start       ] GC(1410) Pause Young (Normal) (G1 Evacuation Pause)
[7509.075s][info][gc,task        ] GC(1410) Using 8 workers of 8 for evacuation
[7509.236s][info][gc,phases      ] GC(1410)   Pre Evacuate Collection Set: 0.22ms
[7509.236s][info][gc,phases      ] GC(1410)   Merge Heap Roots: 0.54ms
[7509.236s][info][gc,phases      ] GC(1410)   Evacuate Collection Set: 159.72ms
[7509.236s][info][gc,phases      ] GC(1410)   Post Evacuate Collection Set: 1.02ms
[7509.236s][info][gc,phases      ] GC(1410)   Other: 0.07ms
[7509.236s][info][gc,heap        ] GC(1410) Eden regions: 569->0(568)
[7509.236s][info][gc,heap        ] GC(1410) Survivor regions: 45->46(77)
[7509.236s][info][gc,heap        ] GC(1410) Old regions: 165->172
[7509.236s][info][gc,heap        ] GC(1410) Humongous regions: 33->33
[7509.236s][info][gc,metaspace   ] GC(1410) Metaspace: 30024K(30528K)->30024K(30528K) NonClass: 24611K(24896K)->24611K(24896K) Class: 5412K(5632K)->5412K(5632K)
[7509.236s][info][gc             ] GC(1410) Pause Young (Normal) (G1 Evacuation Pause) 6476M->1988M(8192M) 161.705ms
[7509.236s][info][gc,cpu         ] GC(1410) User=1.28s Sys=0.00s Real=0.16s
...[7511.974s][info][gc,start       ] GC(1411) Pause Young (Normal) (G1 Evacuation Pause)
[7511.974s][info][gc,task        ] GC(1411) Using 8 workers of 8 for evacuation
[7512.131s][info][gc,phases      ] GC(1411)   Pre Evacuate Collection Set: 0.23ms
[7512.131s][info][gc,phases      ] GC(1411)   Merge Heap Roots: 0.61ms
[7512.131s][info][gc,phases      ] GC(1411)   Evacuate Collection Set: 154.48ms
[7512.131s][info][gc,phases      ] GC(1411)   Post Evacuate Collection Set: 1.02ms
[7512.131s][info][gc,phases      ] GC(1411)   Other: 0.06ms
[7512.131s][info][gc,heap        ] GC(1411) Eden regions: 568->0(570)
[7512.131s][info][gc,heap        ] GC(1411) Survivor regions: 46->44(77)
[7512.131s][info][gc,heap        ] GC(1411) Old regions: 172->180
[7512.131s][info][gc,heap        ] GC(1411) Humongous regions: 33->33
[7512.131s][info][gc,metaspace   ] GC(1411) Metaspace: 30024K(30528K)->30024K(30528K) NonClass: 24611K(24896K)->24611K(24896K) Class: 5412K(5632K)->5412K(5632K)
[7512.131s][info][gc             ] GC(1411) Pause Young (Normal) (G1 Evacuation Pause) 6532M->2031M(8192M) 156.541ms
[7512.131s][info][gc,cpu         ] GC(1411) User=1.23s Sys=0.00s Real=0.15s
...[7514.873s][info][gc,start       ] GC(1412) Pause Young (Normal) (G1 Evacuation Pause)
[7514.873s][info][gc,task        ] GC(1412) Using 8 workers of 8 for evacuation
[7515.032s][info][gc,phases      ] GC(1412)   Pre Evacuate Collection Set: 0.22ms
[7515.032s][info][gc,phases      ] GC(1412)   Merge Heap Roots: 0.53ms
[7515.032s][info][gc,phases      ] GC(1412)   Evacuate Collection Set: 157.40ms
[7515.032s][info][gc,phases      ] GC(1412)   Post Evacuate Collection Set: 1.00ms
[7515.032s][info][gc,phases      ] GC(1412)   Other: 0.06ms
[7515.032s][info][gc,heap        ] GC(1412) Eden regions: 570->0(568)
[7515.032s][info][gc,heap        ] GC(1412) Survivor regions: 44->46(77)
[7515.032s][info][gc,heap        ] GC(1412) Old regions: 180->186
[7515.032s][info][gc,heap        ] GC(1412) Humongous regions: 33->33
[7515.032s][info][gc,metaspace   ] GC(1412) Metaspace: 30024K(30528K)->30024K(30528K) NonClass: 24611K(24896K)->24611K(24896K) Class: 5412K(5632K)->5412K(5632K)
[7515.032s][info][gc             ] GC(1412) Pause Young (Normal) (G1 Evacuation Pause) 6591M->2102M(8192M) 159.336ms
[7515.032s][info][gc,cpu         ] GC(1412) User=1.26s Sys=0.00s Real=0.16s
...[7517.739s][info][gc,start       ] GC(1413) Pause Young (Normal) (G1 Evacuation Pause)
[7517.739s][info][gc,task        ] GC(1413) Using 8 workers of 8 for evacuation
[7517.903s][info][gc,phases      ] GC(1413)   Pre Evacuate Collection Set: 0.23ms
[7517.903s][info][gc,phases      ] GC(1413)   Merge Heap Roots: 0.54ms
[7517.903s][info][gc,phases      ] GC(1413)   Evacuate Collection Set: 162.02ms
[7517.903s][info][gc,phases      ] GC(1413)   Post Evacuate Collection Set: 1.03ms
[7517.903s][info][gc,phases      ] GC(1413)   Other: 0.06ms
[7517.903s][info][gc,heap        ] GC(1413) Eden regions: 568->0(567)
[7517.903s][info][gc,heap        ] GC(1413) Survivor regions: 46->47(77)
[7517.903s][info][gc,heap        ] GC(1413) Old regions: 186->193
[7517.903s][info][gc,heap        ] GC(1413) Humongous regions: 33->33
[7517.903s][info][gc,metaspace   ] GC(1413) Metaspace: 30024K(30528K)->30024K(30528K) NonClass: 24611K(24896K)->24611K(24896K) Class: 5412K(5632K)->5412K(5632K)
[7517.903s][info][gc             ] GC(1413) Pause Young (Normal) (G1 Evacuation Pause) 6646M->2170M(8192M) 164.010ms
[7517.903s][info][gc,cpu         ] GC(1413) User=1.30s Sys=0.00s Real=0.16s
...[7520.724s][info][gc,start       ] GC(1414) Pause Young (Normal) (G1 Evacuation Pause)
[7520.724s][info][gc,task        ] GC(1414) Using 8 workers of 8 for evacuation
[7520.877s][info][gc,phases      ] GC(1414)   Pre Evacuate Collection Set: 0.23ms
[7520.877s][info][gc,phases      ] GC(1414)   Merge Heap Roots: 0.52ms
[7520.877s][info][gc,phases      ] GC(1414)   Evacuate Collection Set: 150.94ms
[7520.877s][info][gc,phases      ] GC(1414)   Post Evacuate Collection Set: 1.04ms
[7520.877s][info][gc,phases      ] GC(1414)   Other: 0.06ms
[7520.877s][info][gc,heap        ] GC(1414) Eden regions: 567->0(570)
[7520.877s][info][gc,heap        ] GC(1414) Survivor regions: 47->44(77)
[7520.877s][info][gc,heap        ] GC(1414) Old regions: 193->201
[7520.877s][info][gc,heap        ] GC(1414) Humongous regions: 33->33
[7520.877s][info][gc,metaspace   ] GC(1414) Metaspace: 30024K(30528K)->30024K(30528K) NonClass: 24611K(24896K)->24611K(24896K) Class: 5412K(5632K)->5412K(5632K)
[7520.877s][info][gc             ] GC(1414) Pause Young (Normal) (G1 Evacuation Pause) 6706M->2203M(8192M) 152.909ms
[7520.877s][info][gc,cpu         ] GC(1414) User=1.21s Sys=0.00s Real=0.15s
...[7523.673s][info][gc,start       ] GC(1415) Pause Young (Normal) (G1 Evacuation Pause)
[7523.673s][info][gc,task        ] GC(1415) Using 8 workers of 8 for evacuation
[7523.827s][info][gc,phases      ] GC(1415)   Pre Evacuate Collection Set: 0.21ms
[7523.827s][info][gc,phases      ] GC(1415)   Merge Heap Roots: 0.50ms
[7523.827s][info][gc,phases      ] GC(1415)   Evacuate Collection Set: 151.82ms
[7523.827s][info][gc,phases      ] GC(1415)   Post Evacuate Collection Set: 1.00ms
[7523.827s][info][gc,phases      ] GC(1415)   Other: 0.06ms
[7523.827s][info][gc,heap        ] GC(1415) Eden regions: 570->0(570)
[7523.827s][info][gc,heap        ] GC(1415) Survivor regions: 44->44(77)
[7523.827s][info][gc,heap        ] GC(1415) Old regions: 201->208
[7523.827s][info][gc,heap        ] GC(1415) Humongous regions: 33->33
[7523.827s][info][gc,metaspace   ] GC(1415) Metaspace: 30024K(30528K)->30024K(30528K) NonClass: 24611K(24896K)->24611K(24896K) Class: 5412K(5632K)->5412K(5632K)
[7523.827s][info][gc             ] GC(1415) Pause Young (Normal) (G1 Evacuation Pause) 6763M->2264M(8192M) 153.740ms
[7523.827s][info][gc,cpu         ] GC(1415) User=1.22s Sys=0.00s Real=0.16s
...[7526.593s][info][gc,start       ] GC(1416) Pause Young (Normal) (G1 Evacuation Pause)
[7526.593s][info][gc,task        ] GC(1416) Using 8 workers of 8 for evacuation
[7526.741s][info][gc,phases      ] GC(1416)   Pre Evacuate Collection Set: 0.21ms
[7526.741s][info][gc,phases      ] GC(1416)   Merge Heap Roots: 0.52ms
[7526.741s][info][gc,phases      ] GC(1416)   Evacuate Collection Set: 146.55ms
[7526.741s][info][gc,phases      ] GC(1416)   Post Evacuate Collection Set: 0.99ms
[7526.741s][info][gc,phases      ] GC(1416)   Other: 0.07ms
[7526.741s][info][gc,heap        ] GC(1416) Eden regions: 570->0(571)
[7526.741s][info][gc,heap        ] GC(1416) Survivor regions: 44->43(77)
[7526.741s][info][gc,heap        ] GC(1416) Old regions: 208->215
[7526.741s][info][gc,heap        ] GC(1416) Humongous regions: 33->33
[7526.741s][info][gc,metaspace   ] GC(1416) Metaspace: 30024K(30528K)->30024K(30528K) NonClass: 24611K(24896K)->24611K(24896K) Class: 5412K(5632K)->5412K(5632K)
[7526.741s][info][gc             ] GC(1416) Pause Young (Normal) (G1 Evacuation Pause) 6824M->2308M(8192M) 148.476ms
[7526.741s][info][gc,cpu         ] GC(1416) User=1.17s Sys=0.00s Real=0.15s
.. (rIR:aIR:PR = 12868:12839:12743) (tPR = 190776) [OK] 
  7528s: Performance info:
         Transaction,    Success,    Partial,     Failed,   Receipts, AvgBarcode, 
             Overall,     782920,          0,          0,     744471,      59.47, 
         Response times:
             Request,    Success,    Partial,     Failed,   SkipFail,     Probes,    Samples,      min,      p50,      p90,      p95,      p99,      max, 
       TotalPurchase,     749933,          0,          0,          0,     284977,     553369,      400,   165000,   453000,   533000,   720000,  8400000,
     InStorePurchase,     392183,          0,          0,          0,     148473,     291390,      500,   165000,   454000,   532000,   710000,  8400000,
      OnlinePurchase,     279094,          0,          0,          0,     104053,     203322,      400,   166000,   447000,   530000,   720000,  8400000,
        InstPurchase,      78656,          0,          0,          0,      32451,      58657,      500,   167000,   466000,   546000,   770000,  8400000,
          AssocOfCat,        783,          0,          0,          0,        543,       1160,    54000,   219000,   497700,   597000,   790000,  2200000,
      AssocOfProduct,       7922,          0,          0,          0,       3195,       6223,     1100,   167000,   446000,   527000,   677600,  8200000,
      BusinessReport,       1972,          0,          0,          0,       1441,       2883,    60000,   232000,   512000,   583000,   720000,  2500000,
          CustBuyBeh,       7721,          0,          0,          0,       3232,       6222,      900,   165000,   432000,   515000,   700000,  6000000,
       ProductReturn,      20481,          0,          0,          0,       7762,      14624,      900,   157000,   432000,   507750,   680000,  4600000,

  7528s: (94%)   IR =  13007 [7529.580s][info][gc,start       ] GC(1417) Pause Young (Normal) (G1 Evacuation Pause)
[7529.580s][info][gc,task        ] GC(1417) Using 8 workers of 8 for evacuation
[7529.739s][info][gc,phases      ] GC(1417)   Pre Evacuate Collection Set: 0.21ms
[7529.739s][info][gc,phases      ] GC(1417)   Merge Heap Roots: 0.52ms
[7529.739s][info][gc,phases      ] GC(1417)   Evacuate Collection Set: 156.82ms
[7529.739s][info][gc,phases      ] GC(1417)   Post Evacuate Collection Set: 1.00ms
[7529.739s][info][gc,phases      ] GC(1417)   Other: 0.06ms
[7529.739s][info][gc,heap        ] GC(1417) Eden regions: 571->0(570)
[7529.739s][info][gc,heap        ] GC(1417) Survivor regions: 43->44(77)
[7529.739s][info][gc,heap        ] GC(1417) Old regions: 215->222
[7529.739s][info][gc,heap        ] GC(1417) Humongous regions: 33->33
[7529.739s][info][gc,metaspace   ] GC(1417) Metaspace: 30024K(30528K)->30024K(30528K) NonClass: 24611K(24896K)->24611K(24896K) Class: 5412K(5632K)->5412K(5632K)
[7529.739s][info][gc             ] GC(1417) Pause Young (Normal) (G1 Evacuation Pause) 6876M->2378M(8192M) 158.732ms
[7529.739s][info][gc,cpu         ] GC(1417) User=1.26s Sys=0.01s Real=0.16s
...[7532.518s][info][gc,start       ] GC(1418) Pause Young (Normal) (G1 Evacuation Pause)
[7532.518s][info][gc,task        ] GC(1418) Using 8 workers of 8 for evacuation
[7532.680s][info][gc,phases      ] GC(1418)   Pre Evacuate Collection Set: 0.21ms
[7532.680s][info][gc,phases      ] GC(1418)   Merge Heap Roots: 0.50ms
[7532.680s][info][gc,phases      ] GC(1418)   Evacuate Collection Set: 160.29ms
[7532.680s][info][gc,phases      ] GC(1418)   Post Evacuate Collection Set: 1.02ms
[7532.680s][info][gc,phases      ] GC(1418)   Other: 0.06ms
[7532.680s][info][gc,heap        ] GC(1418) Eden regions: 570->0(568)
[7532.680s][info][gc,heap        ] GC(1418) Survivor regions: 44->46(77)
[7532.680s][info][gc,heap        ] GC(1418) Old regions: 222->230
[7532.680s][info][gc,heap        ] GC(1418) Humongous regions: 33->33
[7532.680s][info][gc,metaspace   ] GC(1418) Metaspace: 30024K(30528K)->30024K(30528K) NonClass: 24611K(24896K)->24611K(24896K) Class: 5412K(5632K)->5412K(5632K)
[7532.680s][info][gc             ] GC(1418) Pause Young (Normal) (G1 Evacuation Pause) 6938M->2453M(8192M) 162.212ms
[7532.680s][info][gc,cpu         ] GC(1418) User=1.28s Sys=0.00s Real=0.16s
...[7535.509s][info][gc,start       ] GC(1419) Pause Young (Normal) (G1 Evacuation Pause)
[7535.509s][info][gc,task        ] GC(1419) Using 8 workers of 8 for evacuation
[7535.662s][info][gc,phases      ] GC(1419)   Pre Evacuate Collection Set: 0.22ms
[7535.662s][info][gc,phases      ] GC(1419)   Merge Heap Roots: 0.54ms
[7535.662s][info][gc,phases      ] GC(1419)   Evacuate Collection Set: 151.01ms
[7535.662s][info][gc,phases      ] GC(1419)   Post Evacuate Collection Set: 1.01ms
[7535.662s][info][gc,phases      ] GC(1419)   Other: 0.06ms
[7535.662s][info][gc,heap        ] GC(1419) Eden regions: 568->0(571)
[7535.662s][info][gc,heap        ] GC(1419) Survivor regions: 46->43(77)
[7535.662s][info][gc,heap        ] GC(1419) Old regions: 230->237
[7535.662s][info][gc,heap        ] GC(1419) Humongous regions: 33->33
[7535.662s][info][gc,metaspace   ] GC(1419) Metaspace: 30024K(30528K)->30024K(30528K) NonClass: 24611K(24896K)->24611K(24896K) Class: 5412K(5632K)->5412K(5632K)
[7535.662s][info][gc             ] GC(1419) Pause Young (Normal) (G1 Evacuation Pause) 6997M->2488M(8192M) 152.984ms
[7535.662s][info][gc,cpu         ] GC(1419) User=1.20s Sys=0.00s Real=0.15s
...[7538.506s][info][gc,start       ] GC(1420) Pause Young (Normal) (G1 Evacuation Pause)
[7538.506s][info][gc,task        ] GC(1420) Using 8 workers of 8 for evacuation
[7538.661s][info][gc,phases      ] GC(1420)   Pre Evacuate Collection Set: 0.21ms
[7538.661s][info][gc,phases      ] GC(1420)   Merge Heap Roots: 0.52ms
[7538.661s][info][gc,phases      ] GC(1420)   Evacuate Collection Set: 152.99ms
[7538.661s][info][gc,phases      ] GC(1420)   Post Evacuate Collection Set: 1.08ms
[7538.661s][info][gc,phases      ] GC(1420)   Other: 0.06ms
[7538.661s][info][gc,heap        ] GC(1420) Eden regions: 571->0(569)
[7538.661s][info][gc,heap        ] GC(1420) Survivor regions: 43->45(77)
[7538.661s][info][gc,heap        ] GC(1420) Old regions: 237->244
[7538.661s][info][gc,heap        ] GC(1420) Humongous regions: 33->33
[7538.661s][info][gc,metaspace   ] GC(1420) Metaspace: 30024K(30528K)->30024K(30528K) NonClass: 24611K(24896K)->24611K(24896K) Class: 5412K(5632K)->5412K(5632K)
[7538.661s][info][gc             ] GC(1420) Pause Young (Normal) (G1 Evacuation Pause) 7056M->2558M(8192M) 155.001ms
[7538.661s][info][gc,cpu         ] GC(1420) User=1.23s Sys=0.00s Real=0.15s
...[7541.434s][info][gc,start       ] GC(1421) Pause Young (Normal) (G1 Evacuation Pause)
[7541.434s][info][gc,task        ] GC(1421) Using 8 workers of 8 for evacuation
[7541.588s][info][gc,phases      ] GC(1421)   Pre Evacuate Collection Set: 0.22ms
[7541.588s][info][gc,phases      ] GC(1421)   Merge Heap Roots: 0.51ms
[7541.588s][info][gc,phases      ] GC(1421)   Evacuate Collection Set: 151.39ms
[7541.588s][info][gc,phases      ] GC(1421)   Post Evacuate Collection Set: 1.02ms
[7541.588s][info][gc,phases      ] GC(1421)   Other: 0.07ms
[7541.588s][info][gc,heap        ] GC(1421) Eden regions: 569->0(570)
[7541.588s][info][gc,heap        ] GC(1421) Survivor regions: 45->44(77)
[7541.588s][info][gc,heap        ] GC(1421) Old regions: 244->251
[7541.588s][info][gc,heap        ] GC(1421) Humongous regions: 33->33
[7541.588s][info][gc,metaspace   ] GC(1421) Metaspace: 30024K(30528K)->30024K(30528K) NonClass: 24611K(24896K)->24611K(24896K) Class: 5412K(5632K)->5412K(5632K)
[7541.588s][info][gc             ] GC(1421) Pause Young (Normal) (G1 Evacuation Pause) 7110M->2603M(8192M) 153.338ms
[7541.588s][info][gc,cpu         ] GC(1421) User=1.21s Sys=0.00s Real=0.15s
...[7544.692s][info][gc,start       ] GC(1422) Pause Young (Normal) (G1 Evacuation Pause)
[7544.692s][info][gc,task        ] GC(1422) Using 8 workers of 8 for evacuation
[7544.856s][info][gc,phases      ] GC(1422)   Pre Evacuate Collection Set: 0.20ms
[7544.856s][info][gc,phases      ] GC(1422)   Merge Heap Roots: 0.53ms
[7544.856s][info][gc,phases      ] GC(1422)   Evacuate Collection Set: 162.73ms
[7544.856s][info][gc,phases      ] GC(1422)   Post Evacuate Collection Set: 1.04ms
[7544.856s][info][gc,phases      ] GC(1422)   Other: 0.06ms
[7544.856s][info][gc,heap        ] GC(1422) Eden regions: 570->0(568)
[7544.856s][info][gc,heap        ] GC(1422) Survivor regions: 44->46(77)
[7544.856s][info][gc,heap        ] GC(1422) Old regions: 251->259
[7544.856s][info][gc,heap        ] GC(1422) Humongous regions: 33->33
[7544.856s][info][gc,metaspace   ] GC(1422) Metaspace: 30024K(30528K)->30024K(30528K) NonClass: 24611K(24896K)->24611K(24896K) Class: 5412K(5632K)->5412K(5632K)
[7544.856s][info][gc             ] GC(1422) Pause Young (Normal) (G1 Evacuation Pause) 7163M->2679M(8192M) 164.685ms
[7544.856s][info][gc,cpu         ] GC(1422) User=1.27s Sys=0.00s Real=0.17s
....[7548.028s][info][gc,start       ] GC(1423) Pause Young (Normal) (G1 Evacuation Pause)
[7548.028s][info][gc,task        ] GC(1423) Using 8 workers of 8 for evacuation
[7548.215s][info][gc,phases      ] GC(1423)   Pre Evacuate Collection Set: 0.24ms
[7548.215s][info][gc,phases      ] GC(1423)   Merge Heap Roots: 0.65ms
[7548.215s][info][gc,phases      ] GC(1423)   Evacuate Collection Set: 184.72ms
[7548.215s][info][gc,phases      ] GC(1423)   Post Evacuate Collection Set: 1.26ms
[7548.215s][info][gc,phases      ] GC(1423)   Other: 0.06ms
[7548.215s][info][gc,heap        ] GC(1423) Eden regions: 568->0(570)
[7548.215s][info][gc,heap        ] GC(1423) Survivor regions: 46->44(77)
[7548.215s][info][gc,heap        ] GC(1423) Old regions: 259->266
[7548.215s][info][gc,heap        ] GC(1423) Humongous regions: 33->33
[7548.215s][info][gc,metaspace   ] GC(1423) Metaspace: 30024K(30528K)->30024K(30528K) NonClass: 24611K(24896K)->24611K(24896K) Class: 5412K(5632K)->5412K(5632K)
[7548.215s][info][gc             ] GC(1423) Pause Young (Normal) (G1 Evacuation Pause) 7223M->2723M(8192M) 187.067ms
[7548.215s][info][gc,cpu         ] GC(1423) User=1.29s Sys=0.00s Real=0.19s
...[7551.514s][info][gc,start       ] GC(1424) Pause Young (Normal) (G1 Evacuation Pause)
[7551.514s][info][gc,task        ] GC(1424) Using 8 workers of 8 for evacuation
[7551.688s][info][gc,phases      ] GC(1424)   Pre Evacuate Collection Set: 0.24ms
[7551.688s][info][gc,phases      ] GC(1424)   Merge Heap Roots: 0.64ms
[7551.688s][info][gc,phases      ] GC(1424)   Evacuate Collection Set: 172.62ms
[7551.688s][info][gc,phases      ] GC(1424)   Post Evacuate Collection Set: 1.05ms
[7551.688s][info][gc,phases      ] GC(1424)   Other: 0.07ms
[7551.688s][info][gc,heap        ] GC(1424) Eden regions: 570->0(571)
[7551.688s][info][gc,heap        ] GC(1424) Survivor regions: 44->43(77)
[7551.688s][info][gc,heap        ] GC(1424) Old regions: 266->273
[7551.688s][info][gc,heap        ] GC(1424) Humongous regions: 33->33
[7551.688s][info][gc,metaspace   ] GC(1424) Metaspace: 30024K(30528K)->30024K(30528K) NonClass: 24611K(24896K)->24611K(24896K) Class: 5412K(5632K)->5412K(5632K)
[7551.688s][info][gc             ] GC(1424) Pause Young (Normal) (G1 Evacuation Pause) 7283M->2776M(8192M) 174.746ms
[7551.688s][info][gc,cpu         ] GC(1424) User=1.21s Sys=0.01s Real=0.17s
...[7554.512s][info][gc,start       ] GC(1425) Pause Young (Normal) (G1 Evacuation Pause)
[7554.512s][info][gc,task        ] GC(1425) Using 8 workers of 8 for evacuation
[7554.669s][info][gc,phases      ] GC(1425)   Pre Evacuate Collection Set: 0.21ms
[7554.669s][info][gc,phases      ] GC(1425)   Merge Heap Roots: 0.51ms
[7554.669s][info][gc,phases      ] GC(1425)   Evacuate Collection Set: 154.90ms
[7554.669s][info][gc,phases      ] GC(1425)   Post Evacuate Collection Set: 1.04ms
[7554.669s][info][gc,phases      ] GC(1425)   Other: 0.07ms
[7554.669s][info][gc,heap        ] GC(1425) Eden regions: 571->0(569)
[7554.669s][info][gc,heap        ] GC(1425) Survivor regions: 43->45(77)
[7554.669s][info][gc,heap        ] GC(1425) Old regions: 273->280
[7554.669s][info][gc,heap        ] GC(1425) Humongous regions: 33->33
[7554.669s][info][gc,metaspace   ] GC(1425) Metaspace: 30024K(30528K)->30024K(30528K) NonClass: 24611K(24896K)->24611K(24896K) Class: 5412K(5632K)->5412K(5632K)
[7554.669s][info][gc             ] GC(1425) Pause Young (Normal) (G1 Evacuation Pause) 7344M->2843M(8192M) 156.868ms
[7554.669s][info][gc,cpu         ] GC(1425) User=1.24s Sys=0.01s Real=0.16s
...[7557.425s][info][gc,start       ] GC(1426) Pause Young (Normal) (G1 Evacuation Pause)
[7557.425s][info][gc,task        ] GC(1426) Using 8 workers of 8 for evacuation
[7557.582s][info][gc,phases      ] GC(1426)   Pre Evacuate Collection Set: 0.21ms
[7557.582s][info][gc,phases      ] GC(1426)   Merge Heap Roots: 0.53ms
[7557.582s][info][gc,phases      ] GC(1426)   Evacuate Collection Set: 154.65ms
[7557.582s][info][gc,phases      ] GC(1426)   Post Evacuate Collection Set: 1.00ms
[7557.582s][info][gc,phases      ] GC(1426)   Other: 0.06ms
[7557.582s][info][gc,heap        ] GC(1426) Eden regions: 569->0(564)
[7557.582s][info][gc,heap        ] GC(1426) Survivor regions: 45->44(77)
[7557.582s][info][gc,heap        ] GC(1426) Old regions: 280->287
[7557.582s][info][gc,heap        ] GC(1426) Humongous regions: 33->33
[7557.582s][info][gc,metaspace   ] GC(1426) Metaspace: 30024K(30528K)->30024K(30528K) NonClass: 24611K(24896K)->24611K(24896K) Class: 5412K(5632K)->5412K(5632K)
[7557.582s][info][gc             ] GC(1426) Pause Young (Normal) (G1 Evacuation Pause) 7395M->2892M(8192M) 156.576ms
[7557.582s][info][gc,cpu         ] GC(1426) User=1.25s Sys=0.00s Real=0.15s
.. (rIR:aIR:PR = 13007:13223:12077) (tPR = 178224) [IR is over limit] [PR is under limit] 
  7558s: Performance info:
         Transaction,    Success,    Partial,     Failed,   Receipts, AvgBarcode, 
             Overall,     242993,          0,          0,     230702,      59.47, 
         Response times:
             Request,    Success,    Partial,     Failed,   SkipFail,     Probes,    Samples,      min,      p50,      p90,      p95,      p99,      max, 
       TotalPurchase,     252861,          0,          0,          0,      74142,     178964,     3400,   306000,   476000,   536000,   690000, 15000000,
     InStorePurchase,     133371,          0,          0,          0,      38419,      94466,     3700,   306000,   482000,   545000,   840000, 15000000,
      OnlinePurchase,      92342,          0,          0,          0,      27149,      65804,     3400,   307000,   470000,   518000,   610000, 11000000,
        InstPurchase,      27148,          0,          0,          0,       8574,      18694,     4000,   303000,   472000,   525250,   598000,  4700000,
          AssocOfCat,        264,          0,          0,          0,        171,        381,    82000,   364000,   524800,   570000,   631800,  1300000,
      AssocOfProduct,       2735,          0,          0,          0,        982,       2049,     8300,   295000,   453000,   494500,   630000,  1100000,
      BusinessReport,        659,          0,          0,          0,        437,        911,    64000,   371000,   566000,   610000,   775200,  1200000,
          CustBuyBeh,       2640,          0,          0,          0,        976,       2061,     8800,   289000,   459800,   521900,   660000,  1300000,
       ProductReturn,       6877,          0,          0,          0,       2621,       4810,     7600,   303500,   489000,   546000,   670000, 15000000,

  7558s: 
  7558s: Failed, 7 overall retries left, retrying 1 of 1
  7558s: (94%)   IR =  13007 .[7560.284s][info][gc,start       ] GC(1427) Pause Young (Normal) (G1 Evacuation Pause)
[7560.284s][info][gc,task        ] GC(1427) Using 8 workers of 8 for evacuation
[7560.445s][info][gc,phases      ] GC(1427)   Pre Evacuate Collection Set: 0.21ms
[7560.445s][info][gc,phases      ] GC(1427)   Merge Heap Roots: 0.54ms
[7560.445s][info][gc,phases      ] GC(1427)   Evacuate Collection Set: 159.79ms
[7560.445s][info][gc,phases      ] GC(1427)   Post Evacuate Collection Set: 1.00ms
[7560.445s][info][gc,phases      ] GC(1427)   Other: 0.07ms
[7560.445s][info][gc,heap        ] GC(1427) Eden regions: 564->0(552)
[7560.445s][info][gc,heap        ] GC(1427) Survivor regions: 44->46(76)
[7560.445s][info][gc,heap        ] GC(1427) Old regions: 287->295
[7560.445s][info][gc,heap        ] GC(1427) Humongous regions: 33->33
[7560.445s][info][gc,metaspace   ] GC(1427) Metaspace: 30024K(30528K)->30024K(30528K) NonClass: 24611K(24896K)->24611K(24896K) Class: 5412K(5632K)->5412K(5632K)
[7560.445s][info][gc             ] GC(1427) Pause Young (Normal) (G1 Evacuation Pause) 7404M->2972M(8192M) 161.728ms
[7560.445s][info][gc,cpu         ] GC(1427) User=1.28s Sys=0.00s Real=0.16s
...[7563.257s][info][gc,start       ] GC(1428) Pause Young (Normal) (G1 Evacuation Pause)
[7563.257s][info][gc,task        ] GC(1428) Using 8 workers of 8 for evacuation
[7563.409s][info][gc,phases      ] GC(1428)   Pre Evacuate Collection Set: 0.21ms
[7563.409s][info][gc,phases      ] GC(1428)   Merge Heap Roots: 0.50ms
[7563.409s][info][gc,phases      ] GC(1428)   Evacuate Collection Set: 150.07ms
[7563.409s][info][gc,phases      ] GC(1428)   Post Evacuate Collection Set: 1.03ms
[7563.409s][info][gc,phases      ] GC(1428)   Other: 0.08ms
[7563.409s][info][gc,heap        ] GC(1428) Eden regions: 552->0(549)
[7563.409s][info][gc,heap        ] GC(1428) Survivor regions: 46->44(75)
[7563.409s][info][gc,heap        ] GC(1428) Old regions: 295->302
[7563.409s][info][gc,heap        ] GC(1428) Humongous regions: 33->33
[7563.409s][info][gc,metaspace   ] GC(1428) Metaspace: 30024K(30528K)->30024K(30528K) NonClass: 24611K(24896K)->24611K(24896K) Class: 5412K(5632K)->5412K(5632K)
[7563.409s][info][gc             ] GC(1428) Pause Young (Normal) (G1 Evacuation Pause) 7388M->3012M(8192M) 152.016ms
[7563.409s][info][gc,cpu         ] GC(1428) User=1.20s Sys=0.00s Real=0.15s
...[7566.050s][info][gc,start       ] GC(1429) Pause Young (Normal) (G1 Evacuation Pause)
[7566.050s][info][gc,task        ] GC(1429) Using 8 workers of 8 for evacuation
[7566.211s][info][gc,phases      ] GC(1429)   Pre Evacuate Collection Set: 0.21ms
[7566.211s][info][gc,phases      ] GC(1429)   Merge Heap Roots: 0.53ms
[7566.211s][info][gc,phases      ] GC(1429)   Evacuate Collection Set: 158.72ms
[7566.211s][info][gc,phases      ] GC(1429)   Post Evacuate Collection Set: 0.99ms
[7566.211s][info][gc,phases      ] GC(1429)   Other: 0.06ms
[7566.211s][info][gc,heap        ] GC(1429) Eden regions: 549->0(539)
[7566.211s][info][gc,heap        ] GC(1429) Survivor regions: 44->45(75)
[7566.211s][info][gc,heap        ] GC(1429) Old regions: 302->310
[7566.211s][info][gc,heap        ] GC(1429) Humongous regions: 33->33
[7566.211s][info][gc,metaspace   ] GC(1429) Metaspace: 30024K(30528K)->30024K(30528K) NonClass: 24611K(24896K)->24611K(24896K) Class: 5412K(5632K)->5412K(5632K)
[7566.211s][info][gc             ] GC(1429) Pause Young (Normal) (G1 Evacuation Pause) 7404M->3084M(8192M) 160.646ms
[7566.211s][info][gc,cpu         ] GC(1429) User=1.28s Sys=0.00s Real=0.16s
..[7568.873s][info][gc,start       ] GC(1430) Pause Young (Concurrent Start) (G1 Evacuation Pause)
[7568.873s][info][gc,task        ] GC(1430) Using 8 workers of 8 for evacuation
[7569.026s][info][gc,phases      ] GC(1430)   Pre Evacuate Collection Set: 0.25ms
[7569.026s][info][gc,phases      ] GC(1430)   Merge Heap Roots: 0.53ms
[7569.026s][info][gc,phases      ] GC(1430)   Evacuate Collection Set: 151.33ms
[7569.026s][info][gc,phases      ] GC(1430)   Post Evacuate Collection Set: 0.96ms
[7569.026s][info][gc,phases      ] GC(1430)   Other: 0.07ms
[7569.026s][info][gc,heap        ] GC(1430) Eden regions: 539->0(536)
[7569.026s][info][gc,heap        ] GC(1430) Survivor regions: 45->43(73)
[7569.026s][info][gc,heap        ] GC(1430) Old regions: 310->317
[7569.026s][info][gc,heap        ] GC(1430) Humongous regions: 33->33
[7569.026s][info][gc,metaspace   ] GC(1430) Metaspace: 30024K(30528K)->30024K(30528K) NonClass: 24611K(24896K)->24611K(24896K) Class: 5412K(5632K)->5412K(5632K)
[7569.026s][info][gc             ] GC(1430) Pause Young (Concurrent Start) (G1 Evacuation Pause) 7396M->3127M(8192M) 153.325ms
[7569.026s][info][gc             ] GC(1431) Concurrent Mark Cycle
[7569.026s][info][gc,marking     ] GC(1431) Concurrent Scan Root Regions
[7569.026s][info][gc,cpu         ] GC(1430) User=1.21s Sys=0.00s Real=0.16s
.[7569.330s][info][gc,marking     ] GC(1431) Concurrent Scan Root Regions 303.620ms
[7569.330s][info][gc,marking     ] GC(1431) Concurrent Mark
[7569.330s][info][gc,marking     ] GC(1431) Concurrent Mark From Roots
[7569.330s][info][gc,task        ] GC(1431) Using 2 workers of 2 for marking
.[7570.543s][info][gc,marking     ] GC(1431) Concurrent Mark From Roots 1212.720ms
[7570.543s][info][gc,marking     ] GC(1431) Concurrent Preclean
[7570.543s][info][gc,marking     ] GC(1431) Concurrent Preclean 0.128ms
[7570.543s][info][gc,start       ] GC(1431) Pause Remark
[7570.546s][info][gc             ] GC(1431) Pause Remark 4855M->4207M(8192M) 2.592ms
[7570.546s][info][gc,cpu         ] GC(1431) User=0.02s Sys=0.00s Real=0.01s
[7570.546s][info][gc,marking     ] GC(1431) Concurrent Mark 1215.734ms
[7570.546s][info][gc,marking     ] GC(1431) Concurrent Rebuild Remembered Sets and Scrub Regions
.[7571.202s][info][gc,marking     ] GC(1431) Concurrent Rebuild Remembered Sets and Scrub Regions 655.906ms
[7571.202s][info][gc,start       ] GC(1431) Pause Cleanup
[7571.202s][info][gc             ] GC(1431) Pause Cleanup 5055M->5055M(8192M) 0.251ms
[7571.202s][info][gc,cpu         ] GC(1431) User=0.01s Sys=0.00s Real=0.00s
[7571.202s][info][gc,marking     ] GC(1431) Concurrent Clear Claimed Marks
[7571.202s][info][gc,marking     ] GC(1431) Concurrent Clear Claimed Marks 0.041ms
[7571.202s][info][gc,marking     ] GC(1431) Concurrent Cleanup for Next Mark
[7571.214s][info][gc,marking     ] GC(1431) Concurrent Cleanup for Next Mark 12.154ms
[7571.214s][info][gc             ] GC(1431) Concurrent Mark Cycle 2188.143ms
.[7572.226s][info][gc,start       ] GC(1432) Pause Young (Prepare Mixed) (G1 Evacuation Pause)
[7572.226s][info][gc,task        ] GC(1432) Using 8 workers of 8 for evacuation
[7572.387s][info][gc,phases      ] GC(1432)   Pre Evacuate Collection Set: 0.21ms
[7572.387s][info][gc,phases      ] GC(1432)   Merge Heap Roots: 0.74ms
[7572.387s][info][gc,phases      ] GC(1432)   Evacuate Collection Set: 158.97ms
[7572.387s][info][gc,phases      ] GC(1432)   Post Evacuate Collection Set: 1.09ms
[7572.387s][info][gc,phases      ] GC(1432)   Other: 0.06ms
[7572.387s][info][gc,heap        ] GC(1432) Eden regions: 536->0(569)
[7572.387s][info][gc,heap        ] GC(1432) Survivor regions: 43->45(73)
[7572.387s][info][gc,heap        ] GC(1432) Old regions: 236->244
[7572.387s][info][gc,heap        ] GC(1432) Humongous regions: 33->33
[7572.387s][info][gc,metaspace   ] GC(1432) Metaspace: 30024K(30528K)->30024K(30528K) NonClass: 24611K(24896K)->24611K(24896K) Class: 5412K(5632K)->5412K(5632K)
[7572.387s][info][gc             ] GC(1432) Pause Young (Prepare Mixed) (G1 Evacuation Pause) 6767M->2555M(8192M) 161.220ms
[7572.387s][info][gc,cpu         ] GC(1432) User=1.27s Sys=0.00s Real=0.16s
...[7575.045s][info][gc,start       ] GC(1433) Pause Young (Mixed) (G1 Evacuation Pause)
[7575.045s][info][gc,task        ] GC(1433) Using 8 workers of 8 for evacuation
[7575.207s][info][gc,phases      ] GC(1433)   Pre Evacuate Collection Set: 0.25ms
[7575.207s][info][gc,phases      ] GC(1433)   Merge Heap Roots: 0.85ms
[7575.207s][info][gc,phases      ] GC(1433)   Evacuate Collection Set: 159.65ms
[7575.207s][info][gc,phases      ] GC(1433)   Post Evacuate Collection Set: 1.24ms
[7575.207s][info][gc,phases      ] GC(1433)   Other: 0.07ms
[7575.207s][info][gc,heap        ] GC(1433) Eden regions: 569->0(571)
[7575.207s][info][gc,heap        ] GC(1433) Survivor regions: 45->43(77)
[7575.207s][info][gc,heap        ] GC(1433) Old regions: 244->149
[7575.207s][info][gc,heap        ] GC(1433) Humongous regions: 33->33
[7575.207s][info][gc,metaspace   ] GC(1433) Metaspace: 30024K(30528K)->30024K(30528K) NonClass: 24611K(24896K)->24611K(24896K) Class: 5412K(5632K)->5412K(5632K)
[7575.207s][info][gc             ] GC(1433) Pause Young (Mixed) (G1 Evacuation Pause) 7107M->1783M(8192M) 162.176ms
[7575.207s][info][gc,cpu         ] GC(1433) User=1.28s Sys=0.00s Real=0.16s
..[7578.007s][info][gc,start       ] GC(1434) Pause Young (Mixed) (G1 Evacuation Pause)
[7578.007s][info][gc,task        ] GC(1434) Using 8 workers of 8 for evacuation
[7578.165s][info][gc,phases      ] GC(1434)   Pre Evacuate Collection Set: 0.22ms
[7578.165s][info][gc,phases      ] GC(1434)   Merge Heap Roots: 0.73ms
[7578.165s][info][gc,phases      ] GC(1434)   Evacuate Collection Set: 156.21ms
[7578.165s][info][gc,phases      ] GC(1434)   Post Evacuate Collection Set: 1.04ms
[7578.165s][info][gc,phases      ] GC(1434)   Other: 0.06ms
[7578.165s][info][gc,heap        ] GC(1434) Eden regions: 571->0(570)
[7578.165s][info][gc,heap        ] GC(1434) Survivor regions: 43->44(77)
[7578.165s][info][gc,heap        ] GC(1434) Old regions: 149->143
[7578.165s][info][gc,heap        ] GC(1434) Humongous regions: 33->33
[7578.165s][info][gc,metaspace   ] GC(1434) Metaspace: 30024K(30528K)->30024K(30528K) NonClass: 24611K(24896K)->24611K(24896K) Class: 5412K(5632K)->5412K(5632K)
[7578.165s][info][gc             ] GC(1434) Pause Young (Mixed) (G1 Evacuation Pause) 6351M->1744M(8192M) 158.383ms
[7578.165s][info][gc,cpu         ] GC(1434) User=1.26s Sys=0.00s Real=0.16s
...[7580.954s][info][gc,start       ] GC(1435) Pause Young (Normal) (G1 Evacuation Pause)
[7580.954s][info][gc,task        ] GC(1435) Using 8 workers of 8 for evacuation
[7581.111s][info][gc,phases      ] GC(1435)   Pre Evacuate Collection Set: 0.21ms
[7581.111s][info][gc,phases      ] GC(1435)   Merge Heap Roots: 0.53ms
[7581.111s][info][gc,phases      ] GC(1435)   Evacuate Collection Set: 154.30ms
[7581.111s][info][gc,phases      ] GC(1435)   Post Evacuate Collection Set: 1.01ms
[7581.111s][info][gc,phases      ] GC(1435)   Other: 0.06ms
[7581.111s][info][gc,heap        ] GC(1435) Eden regions: 570->0(570)
[7581.111s][info][gc,heap        ] GC(1435) Survivor regions: 44->44(77)
[7581.111s][info][gc,heap        ] GC(1435) Old regions: 143->151
[7581.111s][info][gc,heap        ] GC(1435) Humongous regions: 33->33
[7581.111s][info][gc,metaspace   ] GC(1435) Metaspace: 30024K(30528K)->30024K(30528K) NonClass: 24611K(24896K)->24611K(24896K) Class: 5412K(5632K)->5412K(5632K)
[7581.111s][info][gc             ] GC(1435) Pause Young (Normal) (G1 Evacuation Pause) 6304M->1805M(8192M) 156.248ms
[7581.111s][info][gc,cpu         ] GC(1435) User=1.24s Sys=0.00s Real=0.15s
...[7583.885s][info][gc,start       ] GC(1436) Pause Young (Normal) (G1 Evacuation Pause)
[7583.885s][info][gc,task        ] GC(1436) Using 8 workers of 8 for evacuation
[7584.037s][info][gc,phases      ] GC(1436)   Pre Evacuate Collection Set: 0.21ms
[7584.037s][info][gc,phases      ] GC(1436)   Merge Heap Roots: 0.51ms
[7584.037s][info][gc,phases      ] GC(1436)   Evacuate Collection Set: 150.54ms
[7584.037s][info][gc,phases      ] GC(1436)   Post Evacuate Collection Set: 0.99ms
[7584.037s][info][gc,phases      ] GC(1436)   Other: 0.07ms
[7584.037s][info][gc,heap        ] GC(1436) Eden regions: 570->0(570)
[7584.037s][info][gc,heap        ] GC(1436) Survivor regions: 44->44(77)
[7584.037s][info][gc,heap        ] GC(1436) Old regions: 151->158
[7584.037s][info][gc,heap        ] GC(1436) Humongous regions: 33->33
[7584.037s][info][gc,metaspace   ] GC(1436) Metaspace: 30024K(30528K)->30024K(30528K) NonClass: 24611K(24896K)->24611K(24896K) Class: 5412K(5632K)->5412K(5632K)
[7584.037s][info][gc             ] GC(1436) Pause Young (Normal) (G1 Evacuation Pause) 6365M->1863M(8192M) 152.455ms
[7584.037s][info][gc,cpu         ] GC(1436) User=1.20s Sys=0.00s Real=0.15s
...[7586.953s][info][gc,start       ] GC(1437) Pause Young (Normal) (G1 Evacuation Pause)
[7586.953s][info][gc,task        ] GC(1437) Using 8 workers of 8 for evacuation
[7587.119s][info][gc,phases      ] GC(1437)   Pre Evacuate Collection Set: 0.21ms
[7587.119s][info][gc,phases      ] GC(1437)   Merge Heap Roots: 0.51ms
[7587.119s][info][gc,phases      ] GC(1437)   Evacuate Collection Set: 164.60ms
[7587.119s][info][gc,phases      ] GC(1437)   Post Evacuate Collection Set: 1.02ms
[7587.119s][info][gc,phases      ] GC(1437)   Other: 0.06ms
[7587.119s][info][gc,heap        ] GC(1437) Eden regions: 570->0(566)
[7587.119s][info][gc,heap        ] GC(1437) Survivor regions: 44->48(77)
[7587.119s][info][gc,heap        ] GC(1437) Old regions: 158->165
[7587.119s][info][gc,heap        ] GC(1437) Humongous regions: 33->33
[7587.119s][info][gc,metaspace   ] GC(1437) Metaspace: 30024K(30528K)->30024K(30528K) NonClass: 24611K(24896K)->24611K(24896K) Class: 5412K(5632K)->5412K(5632K)
[7587.119s][info][gc             ] GC(1437) Pause Young (Normal) (G1 Evacuation Pause) 6423M->1954M(8192M) 166.532ms
[7587.120s][info][gc,cpu         ] GC(1437) User=1.32s Sys=0.00s Real=0.17s
...[7589.851s][info][gc,start       ] GC(1438) Pause Young (Normal) (G1 Evacuation Pause)
[7589.851s][info][gc,task        ] GC(1438) Using 8 workers of 8 for evacuation
[7590.008s][info][gc,phases      ] GC(1438)   Pre Evacuate Collection Set: 0.21ms
[7590.008s][info][gc,phases      ] GC(1438)   Merge Heap Roots: 0.58ms
[7590.008s][info][gc,phases      ] GC(1438)   Evacuate Collection Set: 155.26ms
[7590.008s][info][gc,phases      ] GC(1438)   Post Evacuate Collection Set: 1.02ms
[7590.008s][info][gc,phases      ] GC(1438)   Other: 0.06ms
[7590.008s][info][gc,heap        ] GC(1438) Eden regions: 566->0(570)
[7590.008s][info][gc,heap        ] GC(1438) Survivor regions: 48->44(77)
[7590.008s][info][gc,heap        ] GC(1438) Old regions: 165->173
[7590.008s][info][gc,heap        ] GC(1438) Humongous regions: 33->33
[7590.008s][info][gc,metaspace   ] GC(1438) Metaspace: 30024K(30528K)->30024K(30528K) NonClass: 24611K(24896K)->24611K(24896K) Class: 5412K(5632K)->5412K(5632K)
[7590.008s][info][gc             ] GC(1438) Pause Young (Normal) (G1 Evacuation Pause) 6482M->1983M(8192M) 157.247ms
[7590.008s][info][gc,cpu         ] GC(1438) User=1.24s Sys=0.00s Real=0.16s
...[7592.887s][info][gc,start       ] GC(1439) Pause Young (Normal) (G1 Evacuation Pause)
[7592.887s][info][gc,task        ] GC(1439) Using 8 workers of 8 for evacuation
[7593.038s][info][gc,phases      ] GC(1439)   Pre Evacuate Collection Set: 0.21ms
[7593.038s][info][gc,phases      ] GC(1439)   Merge Heap Roots: 0.52ms
[7593.038s][info][gc,phases      ] GC(1439)   Evacuate Collection Set: 148.91ms
[7593.038s][info][gc,phases      ] GC(1439)   Post Evacuate Collection Set: 0.98ms
[7593.038s][info][gc,phases      ] GC(1439)   Other: 0.07ms
[7593.038s][info][gc,heap        ] GC(1439) Eden regions: 570->0(571)
[7593.038s][info][gc,heap        ] GC(1439) Survivor regions: 44->43(77)
[7593.038s][info][gc,heap        ] GC(1439) Old regions: 173->180
[7593.038s][info][gc,heap        ] GC(1439) Humongous regions: 33->33
[7593.038s][info][gc,metaspace   ] GC(1439) Metaspace: 30024K(30528K)->30024K(30528K) NonClass: 24611K(24896K)->24611K(24896K) Class: 5412K(5632K)->5412K(5632K)
[7593.038s][info][gc             ] GC(1439) Pause Young (Normal) (G1 Evacuation Pause) 6543M->2030M(8192M) 150.825ms
[7593.038s][info][gc,cpu         ] GC(1439) User=1.20s Sys=0.00s Real=0.15s
...[7595.838s][info][gc,start       ] GC(1440) Pause Young (Normal) (G1 Evacuation Pause)
[7595.838s][info][gc,task        ] GC(1440) Using 8 workers of 8 for evacuation
[7595.992s][info][gc,phases      ] GC(1440)   Pre Evacuate Collection Set: 0.22ms
[7595.992s][info][gc,phases      ] GC(1440)   Merge Heap Roots: 0.53ms
[7595.992s][info][gc,phases      ] GC(1440)   Evacuate Collection Set: 151.78ms
[7595.992s][info][gc,phases      ] GC(1440)   Post Evacuate Collection Set: 1.00ms
[7595.992s][info][gc,phases      ] GC(1440)   Other: 0.06ms
[7595.992s][info][gc,heap        ] GC(1440) Eden regions: 571->0(570)
[7595.992s][info][gc,heap        ] GC(1440) Survivor regions: 43->44(77)
[7595.992s][info][gc,heap        ] GC(1440) Old regions: 180->187
[7595.992s][info][gc,heap        ] GC(1440) Humongous regions: 33->33
[7595.992s][info][gc,metaspace   ] GC(1440) Metaspace: 30024K(30528K)->30024K(30528K) NonClass: 24611K(24896K)->24611K(24896K) Class: 5412K(5632K)->5412K(5632K)
[7595.992s][info][gc             ] GC(1440) Pause Young (Normal) (G1 Evacuation Pause) 6598M->2095M(8192M) 153.710ms
[7595.992s][info][gc,cpu         ] GC(1440) User=1.22s Sys=0.01s Real=0.15s
...[7598.763s][info][gc,start       ] GC(1441) Pause Young (Normal) (G1 Evacuation Pause)
[7598.763s][info][gc,task        ] GC(1441) Using 8 workers of 8 for evacuation
[7598.913s][info][gc,phases      ] GC(1441)   Pre Evacuate Collection Set: 0.21ms
[7598.913s][info][gc,phases      ] GC(1441)   Merge Heap Roots: 0.50ms
[7598.913s][info][gc,phases      ] GC(1441)   Evacuate Collection Set: 147.45ms
[7598.913s][info][gc,phases      ] GC(1441)   Post Evacuate Collection Set: 0.99ms
[7598.913s][info][gc,phases      ] GC(1441)   Other: 0.06ms
[7598.913s][info][gc,heap        ] GC(1441) Eden regions: 570->0(571)
[7598.913s][info][gc,heap        ] GC(1441) Survivor regions: 44->43(77)
[7598.913s][info][gc,heap        ] GC(1441) Old regions: 187->194
[7598.913s][info][gc,heap        ] GC(1441) Humongous regions: 33->33
[7598.913s][info][gc,metaspace   ] GC(1441) Metaspace: 30024K(30528K)->30024K(30528K) NonClass: 24611K(24896K)->24611K(24896K) Class: 5412K(5632K)->5412K(5632K)
[7598.913s][info][gc             ] GC(1441) Pause Young (Normal) (G1 Evacuation Pause) 6655M->2138M(8192M) 149.332ms
[7598.913s][info][gc,cpu         ] GC(1441) User=1.19s Sys=0.00s Real=0.14s
...[7601.717s][info][gc,start       ] GC(1442) Pause Young (Normal) (G1 Evacuation Pause)
[7601.717s][info][gc,task        ] GC(1442) Using 8 workers of 8 for evacuation
[7601.881s][info][gc,phases      ] GC(1442)   Pre Evacuate Collection Set: 0.21ms
[7601.881s][info][gc,phases      ] GC(1442)   Merge Heap Roots: 0.52ms
[7601.881s][info][gc,phases      ] GC(1442)   Evacuate Collection Set: 161.92ms
[7601.881s][info][gc,phases      ] GC(1442)   Post Evacuate Collection Set: 0.99ms
[7601.881s][info][gc,phases      ] GC(1442)   Other: 0.06ms
[7601.881s][info][gc,heap        ] GC(1442) Eden regions: 571->0(567)
[7601.881s][info][gc,heap        ] GC(1442) Survivor regions: 43->47(77)
[7601.881s][info][gc,heap        ] GC(1442) Old regions: 194->201
[7601.881s][info][gc,heap        ] GC(1442) Humongous regions: 33->33
[7601.881s][info][gc,metaspace   ] GC(1442) Metaspace: 30024K(30528K)->30024K(30528K) NonClass: 24611K(24896K)->24611K(24896K) Class: 5412K(5632K)->5412K(5632K)
[7601.881s][info][gc             ] GC(1442) Pause Young (Normal) (G1 Evacuation Pause) 6706M->2232M(8192M) 163.849ms
[7601.881s][info][gc,cpu         ] GC(1442) User=1.30s Sys=0.00s Real=0.16s
...[7604.467s][info][gc,start       ] GC(1443) Pause Young (Normal) (G1 Evacuation Pause)
[7604.467s][info][gc,task        ] GC(1443) Using 8 workers of 8 for evacuation
[7604.629s][info][gc,phases      ] GC(1443)   Pre Evacuate Collection Set: 0.22ms
[7604.629s][info][gc,phases      ] GC(1443)   Merge Heap Roots: 0.53ms
[7604.629s][info][gc,phases      ] GC(1443)   Evacuate Collection Set: 160.66ms
[7604.629s][info][gc,phases      ] GC(1443)   Post Evacuate Collection Set: 0.99ms
[7604.629s][info][gc,phases      ] GC(1443)   Other: 0.06ms
[7604.629s][info][gc,heap        ] GC(1443) Eden regions: 567->0(568)
[7604.629s][info][gc,heap        ] GC(1443) Survivor regions: 47->46(77)
[7604.629s][info][gc,heap        ] GC(1443) Old regions: 201->209
[7604.629s][info][gc,heap        ] GC(1443) Humongous regions: 33->33
[7604.629s][info][gc,metaspace   ] GC(1443) Metaspace: 30024K(30528K)->30024K(30528K) NonClass: 24611K(24896K)->24611K(24896K) Class: 5412K(5632K)->5412K(5632K)
[7604.629s][info][gc             ] GC(1443) Pause Young (Normal) (G1 Evacuation Pause) 6768M->2283M(8192M) 162.603ms
[7604.629s][info][gc,cpu         ] GC(1443) User=1.29s Sys=0.00s Real=0.16s
...[7607.383s][info][gc,start       ] GC(1444) Pause Young (Normal) (G1 Evacuation Pause)
[7607.383s][info][gc,task        ] GC(1444) Using 8 workers of 8 for evacuation
[7607.540s][info][gc,phases      ] GC(1444)   Pre Evacuate Collection Set: 0.21ms
[7607.540s][info][gc,phases      ] GC(1444)   Merge Heap Roots: 0.52ms
[7607.540s][info][gc,phases      ] GC(1444)   Evacuate Collection Set: 155.12ms
[7607.540s][info][gc,phases      ] GC(1444)   Post Evacuate Collection Set: 1.04ms
[7607.540s][info][gc,phases      ] GC(1444)   Other: 0.06ms
[7607.540s][info][gc,heap        ] GC(1444) Eden regions: 568->0(568)
[7607.540s][info][gc,heap        ] GC(1444) Survivor regions: 46->46(77)
[7607.540s][info][gc,heap        ] GC(1444) Old regions: 209->215
[7607.540s][info][gc,heap        ] GC(1444) Humongous regions: 33->33
[7607.540s][info][gc,metaspace   ] GC(1444) Metaspace: 30024K(30528K)->30024K(30528K) NonClass: 24611K(24896K)->24611K(24896K) Class: 5412K(5632K)->5412K(5632K)
[7607.540s][info][gc             ] GC(1444) Pause Young (Normal) (G1 Evacuation Pause) 6827M->2335M(8192M) 157.088ms
[7607.540s][info][gc,cpu         ] GC(1444) User=1.24s Sys=0.00s Real=0.16s
...[7610.417s][info][gc,start       ] GC(1445) Pause Young (Normal) (G1 Evacuation Pause)
[7610.417s][info][gc,task        ] GC(1445) Using 8 workers of 8 for evacuation
[7610.575s][info][gc,phases      ] GC(1445)   Pre Evacuate Collection Set: 0.21ms
[7610.575s][info][gc,phases      ] GC(1445)   Merge Heap Roots: 0.48ms
[7610.575s][info][gc,phases      ] GC(1445)   Evacuate Collection Set: 156.37ms
[7610.575s][info][gc,phases      ] GC(1445)   Post Evacuate Collection Set: 0.98ms
[7610.575s][info][gc,phases      ] GC(1445)   Other: 0.06ms
[7610.575s][info][gc,heap        ] GC(1445) Eden regions: 568->0(569)
[7610.575s][info][gc,heap        ] GC(1445) Survivor regions: 46->45(77)
[7610.575s][info][gc,heap        ] GC(1445) Old regions: 215->223
[7610.575s][info][gc,heap        ] GC(1445) Humongous regions: 33->33
[7610.575s][info][gc,metaspace   ] GC(1445) Metaspace: 30024K(30528K)->30024K(30528K) NonClass: 24611K(24896K)->24611K(24896K) Class: 5412K(5632K)->5412K(5632K)
[7610.575s][info][gc             ] GC(1445) Pause Young (Normal) (G1 Evacuation Pause) 6879M->2383M(8192M) 158.239ms
[7610.575s][info][gc,cpu         ] GC(1445) User=1.26s Sys=0.00s Real=0.16s
...[7613.320s][info][gc,start       ] GC(1446) Pause Young (Normal) (G1 Evacuation Pause)
[7613.320s][info][gc,task        ] GC(1446) Using 8 workers of 8 for evacuation
[7613.475s][info][gc,phases      ] GC(1446)   Pre Evacuate Collection Set: 0.22ms
[7613.475s][info][gc,phases      ] GC(1446)   Merge Heap Roots: 0.51ms
[7613.475s][info][gc,phases      ] GC(1446)   Evacuate Collection Set: 152.77ms
[7613.475s][info][gc,phases      ] GC(1446)   Post Evacuate Collection Set: 1.00ms
[7613.475s][info][gc,phases      ] GC(1446)   Other: 0.06ms
[7613.475s][info][gc,heap        ] GC(1446) Eden regions: 569->0(570)
[7613.475s][info][gc,heap        ] GC(1446) Survivor regions: 45->44(77)
[7613.475s][info][gc,heap        ] GC(1446) Old regions: 223->230
[7613.475s][info][gc,heap        ] GC(1446) Humongous regions: 33->33
[7613.475s][info][gc,metaspace   ] GC(1446) Metaspace: 30024K(30528K)->30024K(30528K) NonClass: 24611K(24896K)->24611K(24896K) Class: 5412K(5632K)->5412K(5632K)
[7613.475s][info][gc             ] GC(1446) Pause Young (Normal) (G1 Evacuation Pause) 6935M->2440M(8192M) 154.711ms
[7613.475s][info][gc,cpu         ] GC(1446) User=1.22s Sys=0.00s Real=0.16s
...[7616.289s][info][gc,start       ] GC(1447) Pause Young (Normal) (G1 Evacuation Pause)
[7616.289s][info][gc,task        ] GC(1447) Using 8 workers of 8 for evacuation
[7616.441s][info][gc,phases      ] GC(1447)   Pre Evacuate Collection Set: 0.21ms
[7616.441s][info][gc,phases      ] GC(1447)   Merge Heap Roots: 0.49ms
[7616.441s][info][gc,phases      ] GC(1447)   Evacuate Collection Set: 149.87ms
[7616.441s][info][gc,phases      ] GC(1447)   Post Evacuate Collection Set: 1.00ms
[7616.441s][info][gc,phases      ] GC(1447)   Other: 0.06ms
[7616.441s][info][gc,heap        ] GC(1447) Eden regions: 570->0(569)
[7616.441s][info][gc,heap        ] GC(1447) Survivor regions: 44->45(77)
[7616.441s][info][gc,heap        ] GC(1447) Old regions: 230->237
[7616.441s][info][gc,heap        ] GC(1447) Humongous regions: 33->33
[7616.441s][info][gc,metaspace   ] GC(1447) Metaspace: 30024K(30528K)->30024K(30528K) NonClass: 24611K(24896K)->24611K(24896K) Class: 5412K(5632K)->5412K(5632K)
[7616.441s][info][gc             ] GC(1447) Pause Young (Normal) (G1 Evacuation Pause) 7000M->2499M(8192M) 151.757ms
[7616.441s][info][gc,cpu         ] GC(1447) User=1.21s Sys=0.01s Real=0.15s
..[7619.190s][info][gc,start       ] GC(1448) Pause Young (Normal) (G1 Evacuation Pause)
[7619.190s][info][gc,task        ] GC(1448) Using 8 workers of 8 for evacuation
[7619.350s][info][gc,phases      ] GC(1448)   Pre Evacuate Collection Set: 0.25ms
[7619.351s][info][gc,phases      ] GC(1448)   Merge Heap Roots: 0.57ms
[7619.351s][info][gc,phases      ] GC(1448)   Evacuate Collection Set: 157.63ms
[7619.351s][info][gc,phases      ] GC(1448)   Post Evacuate Collection Set: 1.00ms
[7619.351s][info][gc,phases      ] GC(1448)   Other: 0.81ms
[7619.351s][info][gc,heap        ] GC(1448) Eden regions: 569->0(569)
[7619.351s][info][gc,heap        ] GC(1448) Survivor regions: 45->45(77)
[7619.351s][info][gc,heap        ] GC(1448) Old regions: 237->244
[7619.351s][info][gc,heap        ] GC(1448) Humongous regions: 33->33
[7619.351s][info][gc,metaspace   ] GC(1448) Metaspace: 30024K(30528K)->30024K(30528K) NonClass: 24611K(24896K)->24611K(24896K) Class: 5412K(5632K)->5412K(5632K)
[7619.351s][info][gc             ] GC(1448) Pause Young (Normal) (G1 Evacuation Pause) 7051M->2561M(8192M) 160.394ms
[7619.351s][info][gc,cpu         ] GC(1448) User=1.27s Sys=0.00s Real=0.16s
...[7622.131s][info][gc,start       ] GC(1449) Pause Young (Normal) (G1 Evacuation Pause)
[7622.131s][info][gc,task        ] GC(1449) Using 8 workers of 8 for evacuation
[7622.289s][info][gc,phases      ] GC(1449)   Pre Evacuate Collection Set: 0.22ms
[7622.289s][info][gc,phases      ] GC(1449)   Merge Heap Roots: 0.54ms
[7622.289s][info][gc,phases      ] GC(1449)   Evacuate Collection Set: 156.04ms
[7622.289s][info][gc,phases      ] GC(1449)   Post Evacuate Collection Set: 1.00ms
[7622.289s][info][gc,phases      ] GC(1449)   Other: 0.06ms
[7622.289s][info][gc,heap        ] GC(1449) Eden regions: 569->0(569)
[7622.289s][info][gc,heap        ] GC(1449) Survivor regions: 45->45(77)
[7622.289s][info][gc,heap        ] GC(1449) Old regions: 244->251
[7622.289s][info][gc,heap        ] GC(1449) Humongous regions: 33->33
[7622.289s][info][gc,metaspace   ] GC(1449) Metaspace: 30024K(30528K)->30024K(30528K) NonClass: 24611K(24896K)->24611K(24896K) Class: 5412K(5632K)->5412K(5632K)
[7622.289s][info][gc             ] GC(1449) Pause Young (Normal) (G1 Evacuation Pause) 7113M->2614M(8192M) 158.008ms
[7622.289s][info][gc,cpu         ] GC(1449) User=1.25s Sys=0.00s Real=0.16s
...[7625.203s][info][gc,start       ] GC(1450) Pause Young (Normal) (G1 Evacuation Pause)
[7625.203s][info][gc,task        ] GC(1450) Using 8 workers of 8 for evacuation
[7625.358s][info][gc,phases      ] GC(1450)   Pre Evacuate Collection Set: 0.21ms
[7625.358s][info][gc,phases      ] GC(1450)   Merge Heap Roots: 0.55ms
[7625.358s][info][gc,phases      ] GC(1450)   Evacuate Collection Set: 153.61ms
[7625.358s][info][gc,phases      ] GC(1450)   Post Evacuate Collection Set: 1.00ms
[7625.358s][info][gc,phases      ] GC(1450)   Other: 0.08ms
[7625.358s][info][gc,heap        ] GC(1450) Eden regions: 569->0(570)
[7625.358s][info][gc,heap        ] GC(1450) Survivor regions: 45->44(77)
[7625.358s][info][gc,heap        ] GC(1450) Old regions: 251->259
[7625.358s][info][gc,heap        ] GC(1450) Humongous regions: 33->33
[7625.358s][info][gc,metaspace   ] GC(1450) Metaspace: 30024K(30528K)->30024K(30528K) NonClass: 24611K(24896K)->24611K(24896K) Class: 5412K(5632K)->5412K(5632K)
[7625.358s][info][gc             ] GC(1450) Pause Young (Normal) (G1 Evacuation Pause) 7166M->2671M(8192M) 155.580ms
[7625.358s][info][gc,cpu         ] GC(1450) User=1.23s Sys=0.00s Real=0.16s
...[7628.080s][info][gc,start       ] GC(1451) Pause Young (Normal) (G1 Evacuation Pause)
[7628.080s][info][gc,task        ] GC(1451) Using 8 workers of 8 for evacuation
[7628.238s][info][gc,phases      ] GC(1451)   Pre Evacuate Collection Set: 0.21ms
[7628.238s][info][gc,phases      ] GC(1451)   Merge Heap Roots: 0.53ms
[7628.238s][info][gc,phases      ] GC(1451)   Evacuate Collection Set: 155.92ms
[7628.238s][info][gc,phases      ] GC(1451)   Post Evacuate Collection Set: 0.97ms
[7628.238s][info][gc,phases      ] GC(1451)   Other: 0.06ms
[7628.238s][info][gc,heap        ] GC(1451) Eden regions: 570->0(569)
[7628.238s][info][gc,heap        ] GC(1451) Survivor regions: 44->45(77)
[7628.238s][info][gc,heap        ] GC(1451) Old regions: 259->266
[7628.238s][info][gc,heap        ] GC(1451) Humongous regions: 33->33
[7628.238s][info][gc,metaspace   ] GC(1451) Metaspace: 30024K(30528K)->30024K(30528K) NonClass: 24611K(24896K)->24611K(24896K) Class: 5412K(5632K)->5412K(5632K)
[7628.238s][info][gc             ] GC(1451) Pause Young (Normal) (G1 Evacuation Pause) 7231M->2734M(8192M) 157.828ms
[7628.238s][info][gc,cpu         ] GC(1451) User=1.25s Sys=0.00s Real=0.16s
...[7631.037s][info][gc,start       ] GC(1452) Pause Young (Normal) (G1 Evacuation Pause)
[7631.037s][info][gc,task        ] GC(1452) Using 8 workers of 8 for evacuation
[7631.188s][info][gc,phases      ] GC(1452)   Pre Evacuate Collection Set: 0.20ms
[7631.188s][info][gc,phases      ] GC(1452)   Merge Heap Roots: 0.53ms
[7631.188s][info][gc,phases      ] GC(1452)   Evacuate Collection Set: 148.70ms
[7631.188s][info][gc,phases      ] GC(1452)   Post Evacuate Collection Set: 1.02ms
[7631.188s][info][gc,phases      ] GC(1452)   Other: 0.06ms
[7631.188s][info][gc,heap        ] GC(1452) Eden regions: 569->0(570)
[7631.188s][info][gc,heap        ] GC(1452) Survivor regions: 45->44(77)
[7631.188s][info][gc,heap        ] GC(1452) Old regions: 266->273
[7631.188s][info][gc,heap        ] GC(1452) Humongous regions: 33->33
[7631.188s][info][gc,metaspace   ] GC(1452) Metaspace: 30024K(30528K)->30024K(30528K) NonClass: 24611K(24896K)->24611K(24896K) Class: 5412K(5632K)->5412K(5632K)
[7631.188s][info][gc             ] GC(1452) Pause Young (Normal) (G1 Evacuation Pause) 7286M->2780M(8192M) 150.641ms
[7631.188s][info][gc,cpu         ] GC(1452) User=1.19s Sys=0.00s Real=0.15s
...[7633.983s][info][gc,start       ] GC(1453) Pause Young (Normal) (G1 Evacuation Pause)
[7633.983s][info][gc,task        ] GC(1453) Using 8 workers of 8 for evacuation
[7634.141s][info][gc,phases      ] GC(1453)   Pre Evacuate Collection Set: 0.22ms
[7634.141s][info][gc,phases      ] GC(1453)   Merge Heap Roots: 0.54ms
[7634.141s][info][gc,phases      ] GC(1453)   Evacuate Collection Set: 155.87ms
[7634.141s][info][gc,phases      ] GC(1453)   Post Evacuate Collection Set: 1.01ms
[7634.141s][info][gc,phases      ] GC(1453)   Other: 0.07ms
[7634.141s][info][gc,heap        ] GC(1453) Eden regions: 570->0(570)
[7634.141s][info][gc,heap        ] GC(1453) Survivor regions: 44->44(77)
[7634.141s][info][gc,heap        ] GC(1453) Old regions: 273->280
[7634.141s][info][gc,heap        ] GC(1453) Humongous regions: 33->33
[7634.141s][info][gc,metaspace   ] GC(1453) Metaspace: 30024K(30528K)->30024K(30528K) NonClass: 24611K(24896K)->24611K(24896K) Class: 5412K(5632K)->5412K(5632K)
[7634.141s][info][gc             ] GC(1453) Pause Young (Normal) (G1 Evacuation Pause) 7340M->2842M(8192M) 157.835ms
[7634.141s][info][gc,cpu         ] GC(1453) User=1.25s Sys=0.01s Real=0.15s
...[7637.047s][info][gc,start       ] GC(1454) Pause Young (Normal) (G1 Evacuation Pause)
[7637.047s][info][gc,task        ] GC(1454) Using 8 workers of 8 for evacuation
[7637.205s][info][gc,phases      ] GC(1454)   Pre Evacuate Collection Set: 0.21ms
[7637.205s][info][gc,phases      ] GC(1454)   Merge Heap Roots: 0.54ms
[7637.205s][info][gc,phases      ] GC(1454)   Evacuate Collection Set: 155.66ms
[7637.205s][info][gc,phases      ] GC(1454)   Post Evacuate Collection Set: 1.01ms
[7637.205s][info][gc,phases      ] GC(1454)   Other: 0.06ms
[7637.205s][info][gc,heap        ] GC(1454) Eden regions: 570->0(563)
[7637.205s][info][gc,heap        ] GC(1454) Survivor regions: 44->44(77)
[7637.205s][info][gc,heap        ] GC(1454) Old regions: 280->288
[7637.205s][info][gc,heap        ] GC(1454) Humongous regions: 33->33
[7637.205s][info][gc,metaspace   ] GC(1454) Metaspace: 30024K(30528K)->30024K(30528K) NonClass: 24611K(24896K)->24611K(24896K) Class: 5412K(5632K)->5412K(5632K)
[7637.205s][info][gc             ] GC(1454) Pause Young (Normal) (G1 Evacuation Pause) 7402M->2897M(8192M) 157.605ms
[7637.205s][info][gc,cpu         ] GC(1454) User=1.25s Sys=0.00s Real=0.16s
...[7639.925s][info][gc,start       ] GC(1455) Pause Young (Normal) (G1 Evacuation Pause)
[7639.925s][info][gc,task        ] GC(1455) Using 8 workers of 8 for evacuation
[7640.083s][info][gc,phases      ] GC(1455)   Pre Evacuate Collection Set: 0.22ms
[7640.083s][info][gc,phases      ] GC(1455)   Merge Heap Roots: 0.50ms
[7640.083s][info][gc,phases      ] GC(1455)   Evacuate Collection Set: 156.12ms
[7640.083s][info][gc,phases      ] GC(1455)   Post Evacuate Collection Set: 0.96ms
[7640.083s][info][gc,phases      ] GC(1455)   Other: 0.06ms
[7640.083s][info][gc,heap        ] GC(1455) Eden regions: 563->0(554)
[7640.083s][info][gc,heap        ] GC(1455) Survivor regions: 44->45(76)
[7640.083s][info][gc,heap        ] GC(1455) Old regions: 288->295
[7640.083s][info][gc,heap        ] GC(1455) Humongous regions: 33->33
[7640.083s][info][gc,metaspace   ] GC(1455) Metaspace: 30024K(30528K)->30024K(30528K) NonClass: 24611K(24896K)->24611K(24896K) Class: 5412K(5632K)->5412K(5632K)
[7640.083s][info][gc             ] GC(1455) Pause Young (Normal) (G1 Evacuation Pause) 7401M->2962M(8192M) 157.983ms
[7640.083s][info][gc,cpu         ] GC(1455) User=1.25s Sys=0.00s Real=0.15s
...[7642.827s][info][gc,start       ] GC(1456) Pause Young (Normal) (G1 Evacuation Pause)
[7642.827s][info][gc,task        ] GC(1456) Using 8 workers of 8 for evacuation
[7642.989s][info][gc,phases      ] GC(1456)   Pre Evacuate Collection Set: 0.19ms
[7642.989s][info][gc,phases      ] GC(1456)   Merge Heap Roots: 0.50ms
[7642.989s][info][gc,phases      ] GC(1456)   Evacuate Collection Set: 160.84ms
[7642.989s][info][gc,phases      ] GC(1456)   Post Evacuate Collection Set: 1.00ms
[7642.989s][info][gc,phases      ] GC(1456)   Other: 0.06ms
[7642.989s][info][gc,heap        ] GC(1456) Eden regions: 554->0(543)
[7642.989s][info][gc,heap        ] GC(1456) Survivor regions: 45->47(75)
[7642.989s][info][gc,heap        ] GC(1456) Old regions: 295->302
[7642.989s][info][gc,heap        ] GC(1456) Humongous regions: 33->33
[7642.989s][info][gc,metaspace   ] GC(1456) Metaspace: 30024K(30528K)->30024K(30528K) NonClass: 24611K(24896K)->24611K(24896K) Class: 5412K(5632K)->5412K(5632K)
[7642.989s][info][gc             ] GC(1456) Pause Young (Normal) (G1 Evacuation Pause) 7394M->3036M(8192M) 162.732ms
[7642.989s][info][gc,cpu         ] GC(1456) User=1.29s Sys=0.00s Real=0.16s
...[7645.601s][info][gc,start       ] GC(1457) Pause Young (Normal) (G1 Evacuation Pause)
[7645.601s][info][gc,task        ] GC(1457) Using 8 workers of 8 for evacuation
[7645.752s][info][gc,phases      ] GC(1457)   Pre Evacuate Collection Set: 0.22ms
[7645.752s][info][gc,phases      ] GC(1457)   Merge Heap Roots: 0.50ms
[7645.752s][info][gc,phases      ] GC(1457)   Evacuate Collection Set: 148.90ms
[7645.752s][info][gc,phases      ] GC(1457)   Post Evacuate Collection Set: 1.01ms
[7645.752s][info][gc,phases      ] GC(1457)   Other: 0.07ms
[7645.752s][info][gc,heap        ] GC(1457) Eden regions: 543->0(543)
[7645.752s][info][gc,heap        ] GC(1457) Survivor regions: 47->43(74)
[7645.752s][info][gc,heap        ] GC(1457) Old regions: 302->310
[7645.752s][info][gc,heap        ] GC(1457) Humongous regions: 33->33
[7645.752s][info][gc,metaspace   ] GC(1457) Metaspace: 30024K(30528K)->30024K(30528K) NonClass: 24611K(24896K)->24611K(24896K) Class: 5412K(5632K)->5412K(5632K)
[7645.752s][info][gc             ] GC(1457) Pause Young (Normal) (G1 Evacuation Pause) 7380M->3071M(8192M) 150.838ms
[7645.752s][info][gc,cpu         ] GC(1457) User=1.19s Sys=0.00s Real=0.15s
..[7648.233s][info][gc,start       ] GC(1458) Pause Young (Concurrent Start) (G1 Evacuation Pause)
[7648.233s][info][gc,task        ] GC(1458) Using 8 workers of 8 for evacuation
[7648.395s][info][gc,phases      ] GC(1458)   Pre Evacuate Collection Set: 0.26ms
[7648.395s][info][gc,phases      ] GC(1458)   Merge Heap Roots: 0.52ms
[7648.395s][info][gc,phases      ] GC(1458)   Evacuate Collection Set: 159.94ms
[7648.395s][info][gc,phases      ] GC(1458)   Post Evacuate Collection Set: 0.96ms
[7648.395s][info][gc,phases      ] GC(1458)   Other: 0.08ms
[7648.395s][info][gc,heap        ] GC(1458) Eden regions: 543->0(528)
[7648.395s][info][gc,heap        ] GC(1458) Survivor regions: 43->47(74)
[7648.395s][info][gc,heap        ] GC(1458) Old regions: 310->317
[7648.395s][info][gc,heap        ] GC(1458) Humongous regions: 33->33
[7648.395s][info][gc,metaspace   ] GC(1458) Metaspace: 30024K(30528K)->30024K(30528K) NonClass: 24611K(24896K)->24611K(24896K) Class: 5412K(5632K)->5412K(5632K)
[7648.395s][info][gc             ] GC(1458) Pause Young (Concurrent Start) (G1 Evacuation Pause) 7415M->3154M(8192M) 161.905ms
[7648.395s][info][gc             ] GC(1459) Concurrent Mark Cycle
[7648.395s][info][gc,marking     ] GC(1459) Concurrent Scan Root Regions
[7648.395s][info][gc,cpu         ] GC(1458) User=1.29s Sys=0.00s Real=0.17s
.[7648.776s][info][gc,marking     ] GC(1459) Concurrent Scan Root Regions 381.274ms
[7648.776s][info][gc,marking     ] GC(1459) Concurrent Mark
[7648.776s][info][gc,marking     ] GC(1459) Concurrent Mark From Roots
[7648.776s][info][gc,task        ] GC(1459) Using 2 workers of 2 for marking
.[7650.129s][info][gc,marking     ] GC(1459) Concurrent Mark From Roots 1352.397ms
[7650.129s][info][gc,marking     ] GC(1459) Concurrent Preclean
[7650.129s][info][gc,marking     ] GC(1459) Concurrent Preclean 0.078ms
[7650.129s][info][gc,start       ] GC(1459) Pause Remark
[7650.131s][info][gc             ] GC(1459) Pause Remark 5223M->4639M(8192M) 2.334ms
[7650.131s][info][gc,cpu         ] GC(1459) User=0.02s Sys=0.00s Real=0.00s
[7650.132s][info][gc,marking     ] GC(1459) Concurrent Mark 1355.070ms
[7650.132s][info][gc,marking     ] GC(1459) Concurrent Rebuild Remembered Sets and Scrub Regions
.[7650.886s][info][gc,marking     ] GC(1459) Concurrent Rebuild Remembered Sets and Scrub Regions 754.361ms
[7650.886s][info][gc,start       ] GC(1459) Pause Cleanup
[7650.886s][info][gc             ] GC(1459) Pause Cleanup 5618M->5618M(8192M) 0.272ms
[7650.886s][info][gc,cpu         ] GC(1459) User=0.00s Sys=0.00s Real=0.00s
[7650.886s][info][gc,marking     ] GC(1459) Concurrent Clear Claimed Marks
[7650.886s][info][gc,marking     ] GC(1459) Concurrent Clear Claimed Marks 0.041ms
[7650.886s][info][gc,marking     ] GC(1459) Concurrent Cleanup for Next Mark
[7650.897s][info][gc,marking     ] GC(1459) Concurrent Cleanup for Next Mark 10.403ms
[7650.897s][info][gc             ] GC(1459) Concurrent Mark Cycle 2501.853ms
.[7651.675s][info][gc,start       ] GC(1460) Pause Young (Prepare Mixed) (G1 Evacuation Pause)
[7651.675s][info][gc,task        ] GC(1460) Using 8 workers of 8 for evacuation
[7651.828s][info][gc,phases      ] GC(1460)   Pre Evacuate Collection Set: 0.23ms
[7651.828s][info][gc,phases      ] GC(1460)   Merge Heap Roots: 0.73ms
[7651.828s][info][gc,phases      ] GC(1460)   Evacuate Collection Set: 151.19ms
[7651.828s][info][gc,phases      ] GC(1460)   Post Evacuate Collection Set: 1.11ms
[7651.828s][info][gc,phases      ] GC(1460)   Other: 0.06ms
[7651.828s][info][gc,heap        ] GC(1460) Eden regions: 528->0(570)
[7651.828s][info][gc,heap        ] GC(1460) Survivor regions: 47->44(72)
[7651.828s][info][gc,heap        ] GC(1460) Old regions: 244->251
[7651.828s][info][gc,heap        ] GC(1460) Humongous regions: 33->33
[7651.828s][info][gc,metaspace   ] GC(1460) Metaspace: 30024K(30528K)->30024K(30528K) NonClass: 24611K(24896K)->24611K(24896K) Class: 5412K(5632K)->5412K(5632K)
[7651.828s][info][gc             ] GC(1460) Pause Young (Prepare Mixed) (G1 Evacuation Pause) 6794M->2605M(8192M) 153.456ms
[7651.828s][info][gc,cpu         ] GC(1460) User=1.21s Sys=0.00s Real=0.15s
...[7654.655s][info][gc,start       ] GC(1461) Pause Young (Mixed) (G1 Evacuation Pause)
[7654.655s][info][gc,task        ] GC(1461) Using 8 workers of 8 for evacuation
[7654.818s][info][gc,phases      ] GC(1461)   Pre Evacuate Collection Set: 0.24ms
[7654.818s][info][gc,phases      ] GC(1461)   Merge Heap Roots: 0.74ms
[7654.818s][info][gc,phases      ] GC(1461)   Evacuate Collection Set: 160.97ms
[7654.818s][info][gc,phases      ] GC(1461)   Post Evacuate Collection Set: 1.19ms
[7654.818s][info][gc,phases      ] GC(1461)   Other: 0.07ms
[7654.818s][info][gc,heap        ] GC(1461) Eden regions: 570->0(571)
[7654.818s][info][gc,heap        ] GC(1461) Survivor regions: 44->43(77)
[7654.818s][info][gc,heap        ] GC(1461) Old regions: 251->157
[7654.818s][info][gc,heap        ] GC(1461) Humongous regions: 33->33
[7654.818s][info][gc,metaspace   ] GC(1461) Metaspace: 30024K(30528K)->30024K(30528K) NonClass: 24611K(24896K)->24611K(24896K) Class: 5412K(5632K)->5412K(5632K)
[7654.818s][info][gc             ] GC(1461) Pause Young (Mixed) (G1 Evacuation Pause) 7165M->1847M(8192M) 163.340ms
[7654.818s][info][gc,cpu         ] GC(1461) User=1.30s Sys=0.00s Real=0.16s
...[7657.575s][info][gc,start       ] GC(1462) Pause Young (Mixed) (G1 Evacuation Pause)
[7657.575s][info][gc,task        ] GC(1462) Using 8 workers of 8 for evacuation
[7657.740s][info][gc,phases      ] GC(1462)   Pre Evacuate Collection Set: 0.23ms
[7657.740s][info][gc,phases      ] GC(1462)   Merge Heap Roots: 0.70ms
[7657.740s][info][gc,phases      ] GC(1462)   Evacuate Collection Set: 162.78ms
[7657.740s][info][gc,phases      ] GC(1462)   Post Evacuate Collection Set: 1.03ms
[7657.740s][info][gc,phases      ] GC(1462)   Other: 0.07ms
[7657.740s][info][gc,heap        ] GC(1462) Eden regions: 571->0(569)
[7657.740s][info][gc,heap        ] GC(1462) Survivor regions: 43->45(77)
[7657.740s][info][gc,heap        ] GC(1462) Old regions: 157->142
[7657.740s][info][gc,heap        ] GC(1462) Humongous regions: 33->33
[7657.740s][info][gc,metaspace   ] GC(1462) Metaspace: 30024K(30528K)->30024K(30528K) NonClass: 24611K(24896K)->24611K(24896K) Class: 5412K(5632K)->5412K(5632K)
[7657.740s][info][gc             ] GC(1462) Pause Young (Mixed) (G1 Evacuation Pause) 6415M->1742M(8192M) 164.946ms
[7657.740s][info][gc,cpu         ] GC(1462) User=1.31s Sys=0.00s Real=0.16s
..[7660.399s][info][gc,start       ] GC(1463) Pause Young (Normal) (G1 Evacuation Pause)
[7660.399s][info][gc,task        ] GC(1463) Using 8 workers of 8 for evacuation
[7660.556s][info][gc,phases      ] GC(1463)   Pre Evacuate Collection Set: 0.20ms
[7660.556s][info][gc,phases      ] GC(1463)   Merge Heap Roots: 0.47ms
[7660.556s][info][gc,phases      ] GC(1463)   Evacuate Collection Set: 155.99ms
[7660.556s][info][gc,phases      ] GC(1463)   Post Evacuate Collection Set: 1.00ms
[7660.556s][info][gc,phases      ] GC(1463)   Other: 0.06ms
[7660.556s][info][gc,heap        ] GC(1463) Eden regions: 569->0(569)
[7660.556s][info][gc,heap        ] GC(1463) Survivor regions: 45->45(77)
[7660.556s][info][gc,heap        ] GC(1463) Old regions: 142->149
[7660.556s][info][gc,heap        ] GC(1463) Humongous regions: 33->33
[7660.556s][info][gc,metaspace   ] GC(1463) Metaspace: 30024K(30528K)->30024K(30528K) NonClass: 24611K(24896K)->24611K(24896K) Class: 5412K(5632K)->5412K(5632K)
[7660.557s][info][gc             ] GC(1463) Pause Young (Normal) (G1 Evacuation Pause) 6294M->1798M(8192M) 157.854ms
[7660.557s][info][gc,cpu         ] GC(1463) User=1.26s Sys=0.00s Real=0.16s
...[7663.351s][info][gc,start       ] GC(1464) Pause Young (Normal) (G1 Evacuation Pause)
[7663.351s][info][gc,task        ] GC(1464) Using 8 workers of 8 for evacuation
[7663.509s][info][gc,phases      ] GC(1464)   Pre Evacuate Collection Set: 0.21ms
[7663.509s][info][gc,phases      ] GC(1464)   Merge Heap Roots: 0.49ms
[7663.509s][info][gc,phases      ] GC(1464)   Evacuate Collection Set: 156.01ms
[7663.509s][info][gc,phases      ] GC(1464)   Post Evacuate Collection Set: 1.01ms
[7663.509s][info][gc,phases      ] GC(1464)   Other: 0.06ms
[7663.509s][info][gc,heap        ] GC(1464) Eden regions: 569->0(568)
[7663.509s][info][gc,heap        ] GC(1464) Survivor regions: 45->46(77)
[7663.509s][info][gc,heap        ] GC(1464) Old regions: 149->157
[7663.509s][info][gc,heap        ] GC(1464) Humongous regions: 33->33
[7663.509s][info][gc,metaspace   ] GC(1464) Metaspace: 30024K(30528K)->30024K(30528K) NonClass: 24611K(24896K)->24611K(24896K) Class: 5412K(5632K)->5412K(5632K)
[7663.509s][info][gc             ] GC(1464) Pause Young (Normal) (G1 Evacuation Pause) 6350M->1863M(8192M) 157.905ms
[7663.509s][info][gc,cpu         ] GC(1464) User=1.25s Sys=0.00s Real=0.16s
...[7666.325s][info][gc,start       ] GC(1465) Pause Young (Normal) (G1 Evacuation Pause)
[7666.325s][info][gc,task        ] GC(1465) Using 8 workers of 8 for evacuation
[7666.477s][info][gc,phases      ] GC(1465)   Pre Evacuate Collection Set: 0.20ms
[7666.477s][info][gc,phases      ] GC(1465)   Merge Heap Roots: 0.54ms
[7666.477s][info][gc,phases      ] GC(1465)   Evacuate Collection Set: 149.59ms
[7666.477s][info][gc,phases      ] GC(1465)   Post Evacuate Collection Set: 1.00ms
[7666.477s][info][gc,phases      ] GC(1465)   Other: 0.06ms
[7666.477s][info][gc,heap        ] GC(1465) Eden regions: 568->0(571)
[7666.477s][info][gc,heap        ] GC(1465) Survivor regions: 46->43(77)
[7666.477s][info][gc,heap        ] GC(1465) Old regions: 157->164
[7666.477s][info][gc,heap        ] GC(1465) Humongous regions: 33->33
[7666.477s][info][gc,metaspace   ] GC(1465) Metaspace: 30024K(30528K)->30024K(30528K) NonClass: 24611K(24896K)->24611K(24896K) Class: 5412K(5632K)->5412K(5632K)
[7666.477s][info][gc             ] GC(1465) Pause Young (Normal) (G1 Evacuation Pause) 6407M->1903M(8192M) 151.537ms
[7666.477s][info][gc,cpu         ] GC(1465) User=1.20s Sys=0.00s Real=0.15s
...[7669.306s][info][gc,start       ] GC(1466) Pause Young (Normal) (G1 Evacuation Pause)
[7669.306s][info][gc,task        ] GC(1466) Using 8 workers of 8 for evacuation
[7669.462s][info][gc,phases      ] GC(1466)   Pre Evacuate Collection Set: 0.21ms
[7669.462s][info][gc,phases      ] GC(1466)   Merge Heap Roots: 0.56ms
[7669.462s][info][gc,phases      ] GC(1466)   Evacuate Collection Set: 154.00ms
[7669.462s][info][gc,phases      ] GC(1466)   Post Evacuate Collection Set: 0.98ms
[7669.462s][info][gc,phases      ] GC(1466)   Other: 0.06ms
[7669.462s][info][gc,heap        ] GC(1466) Eden regions: 571->0(571)
[7669.462s][info][gc,heap        ] GC(1466) Survivor regions: 43->43(77)
[7669.462s][info][gc,heap        ] GC(1466) Old regions: 164->172
[7669.462s][info][gc,heap        ] GC(1466) Humongous regions: 33->33
[7669.462s][info][gc,metaspace   ] GC(1466) Metaspace: 30024K(30528K)->30024K(30528K) NonClass: 24611K(24896K)->24611K(24896K) Class: 5412K(5632K)->5412K(5632K)
[7669.462s][info][gc             ] GC(1466) Pause Young (Normal) (G1 Evacuation Pause) 6471M->1963M(8192M) 155.945ms
[7669.462s][info][gc,cpu         ] GC(1466) User=1.24s Sys=0.00s Real=0.15s
...[7672.181s][info][gc,start       ] GC(1467) Pause Young (Normal) (G1 Evacuation Pause)
[7672.181s][info][gc,task        ] GC(1467) Using 8 workers of 8 for evacuation
[7672.334s][info][gc,phases      ] GC(1467)   Pre Evacuate Collection Set: 0.21ms
[7672.334s][info][gc,phases      ] GC(1467)   Merge Heap Roots: 0.50ms
[7672.334s][info][gc,phases      ] GC(1467)   Evacuate Collection Set: 151.37ms
[7672.334s][info][gc,phases      ] GC(1467)   Post Evacuate Collection Set: 1.05ms
[7672.334s][info][gc,phases      ] GC(1467)   Other: 0.06ms
[7672.334s][info][gc,heap        ] GC(1467) Eden regions: 571->0(570)
[7672.334s][info][gc,heap        ] GC(1467) Survivor regions: 43->44(77)
[7672.334s][info][gc,heap        ] GC(1467) Old regions: 172->178
[7672.334s][info][gc,heap        ] GC(1467) Humongous regions: 33->33
[7672.334s][info][gc,metaspace   ] GC(1467) Metaspace: 30024K(30528K)->30024K(30528K) NonClass: 24611K(24896K)->24611K(24896K) Class: 5412K(5632K)->5412K(5632K)
[7672.334s][info][gc             ] GC(1467) Pause Young (Normal) (G1 Evacuation Pause) 6531M->2020M(8192M) 153.320ms
[7672.334s][info][gc,cpu         ] GC(1467) User=1.22s Sys=0.00s Real=0.16s
...[7675.141s][info][gc,start       ] GC(1468) Pause Young (Normal) (G1 Evacuation Pause)
[7675.141s][info][gc,task        ] GC(1468) Using 8 workers of 8 for evacuation
[7675.298s][info][gc,phases      ] GC(1468)   Pre Evacuate Collection Set: 0.22ms
[7675.298s][info][gc,phases      ] GC(1468)   Merge Heap Roots: 0.50ms
[7675.298s][info][gc,phases      ] GC(1468)   Evacuate Collection Set: 154.86ms
[7675.298s][info][gc,phases      ] GC(1468)   Post Evacuate Collection Set: 1.05ms
[7675.298s][info][gc,phases      ] GC(1468)   Other: 0.06ms
[7675.298s][info][gc,heap        ] GC(1468) Eden regions: 570->0(568)
[7675.298s][info][gc,heap        ] GC(1468) Survivor regions: 44->46(77)
[7675.298s][info][gc,heap        ] GC(1468) Old regions: 178->185
[7675.298s][info][gc,heap        ] GC(1468) Humongous regions: 33->33
[7675.298s][info][gc,metaspace   ] GC(1468) Metaspace: 30024K(30528K)->30024K(30528K) NonClass: 24611K(24896K)->24611K(24896K) Class: 5412K(5632K)->5412K(5632K)
[7675.298s][info][gc             ] GC(1468) Pause Young (Normal) (G1 Evacuation Pause) 6580M->2093M(8192M) 156.813ms
[7675.298s][info][gc,cpu         ] GC(1468) User=1.24s Sys=0.00s Real=0.16s
...[7677.987s][info][gc,start       ] GC(1469) Pause Young (Normal) (G1 Evacuation Pause)
[7677.987s][info][gc,task        ] GC(1469) Using 8 workers of 8 for evacuation
[7678.146s][info][gc,phases      ] GC(1469)   Pre Evacuate Collection Set: 0.22ms
[7678.146s][info][gc,phases      ] GC(1469)   Merge Heap Roots: 0.51ms
[7678.146s][info][gc,phases      ] GC(1469)   Evacuate Collection Set: 156.77ms
[7678.146s][info][gc,phases      ] GC(1469)   Post Evacuate Collection Set: 1.01ms
[7678.146s][info][gc,phases      ] GC(1469)   Other: 0.06ms
[7678.146s][info][gc,heap        ] GC(1469) Eden regions: 568->0(570)
[7678.146s][info][gc,heap        ] GC(1469) Survivor regions: 46->44(77)
[7678.146s][info][gc,heap        ] GC(1469) Old regions: 185->193
[7678.146s][info][gc,heap        ] GC(1469) Humongous regions: 33->33
[7678.146s][info][gc,metaspace   ] GC(1469) Metaspace: 30024K(30528K)->30024K(30528K) NonClass: 24611K(24896K)->24611K(24896K) Class: 5412K(5632K)->5412K(5632K)
[7678.146s][info][gc             ] GC(1469) Pause Young (Normal) (G1 Evacuation Pause) 6637M->2143M(8192M) 158.705ms
[7678.146s][info][gc,cpu         ] GC(1469) User=1.26s Sys=0.00s Real=0.16s
...|[7680.985s][info][gc,start       ] GC(1470) Pause Young (Normal) (G1 Evacuation Pause)
[7680.985s][info][gc,task        ] GC(1470) Using 8 workers of 8 for evacuation
[7681.142s][info][gc,phases      ] GC(1470)   Pre Evacuate Collection Set: 0.21ms
[7681.142s][info][gc,phases      ] GC(1470)   Merge Heap Roots: 0.49ms
[7681.142s][info][gc,phases      ] GC(1470)   Evacuate Collection Set: 155.52ms
[7681.142s][info][gc,phases      ] GC(1470)   Post Evacuate Collection Set: 1.00ms
[7681.142s][info][gc,phases      ] GC(1470)   Other: 0.06ms
[7681.142s][info][gc,heap        ] GC(1470) Eden regions: 570->0(570)
[7681.142s][info][gc,heap        ] GC(1470) Survivor regions: 44->44(77)
[7681.142s][info][gc,heap        ] GC(1470) Old regions: 193->200
[7681.142s][info][gc,heap        ] GC(1470) Humongous regions: 33->33
[7681.142s][info][gc,metaspace   ] GC(1470) Metaspace: 30024K(30528K)->30024K(30528K) NonClass: 24611K(24896K)->24611K(24896K) Class: 5412K(5632K)->5412K(5632K)
[7681.142s][info][gc             ] GC(1470) Pause Young (Normal) (G1 Evacuation Pause) 6703M->2198M(8192M) 157.416ms
[7681.142s][info][gc,cpu         ] GC(1470) User=1.24s Sys=0.01s Real=0.15s
...[7683.894s][info][gc,start       ] GC(1471) Pause Young (Normal) (G1 Evacuation Pause)
[7683.894s][info][gc,task        ] GC(1471) Using 8 workers of 8 for evacuation
[7684.061s][info][gc,phases      ] GC(1471)   Pre Evacuate Collection Set: 0.22ms
[7684.061s][info][gc,phases      ] GC(1471)   Merge Heap Roots: 0.51ms
[7684.061s][info][gc,phases      ] GC(1471)   Evacuate Collection Set: 164.73ms
[7684.061s][info][gc,phases      ] GC(1471)   Post Evacuate Collection Set: 1.05ms
[7684.061s][info][gc,phases      ] GC(1471)   Other: 0.08ms
[7684.061s][info][gc,heap        ] GC(1471) Eden regions: 570->0(567)
[7684.061s][info][gc,heap        ] GC(1471) Survivor regions: 44->47(77)
[7684.061s][info][gc,heap        ] GC(1471) Old regions: 200->207
[7684.061s][info][gc,heap        ] GC(1471) Humongous regions: 33->33
[7684.061s][info][gc,metaspace   ] GC(1471) Metaspace: 30024K(30528K)->30024K(30528K) NonClass: 24611K(24896K)->24611K(24896K) Class: 5412K(5632K)->5412K(5632K)
[7684.061s][info][gc             ] GC(1471) Pause Young (Normal) (G1 Evacuation Pause) 6758M->2282M(8192M) 166.737ms
[7684.061s][info][gc,cpu         ] GC(1471) User=1.32s Sys=0.00s Real=0.16s
...[7686.879s][info][gc,start       ] GC(1472) Pause Young (Normal) (G1 Evacuation Pause)
[7686.879s][info][gc,task        ] GC(1472) Using 8 workers of 8 for evacuation
[7687.033s][info][gc,phases      ] GC(1472)   Pre Evacuate Collection Set: 0.23ms
[7687.034s][info][gc,phases      ] GC(1472)   Merge Heap Roots: 0.51ms
[7687.034s][info][gc,phases      ] GC(1472)   Evacuate Collection Set: 152.66ms
[7687.034s][info][gc,phases      ] GC(1472)   Post Evacuate Collection Set: 0.99ms
[7687.034s][info][gc,phases      ] GC(1472)   Other: 0.06ms
[7687.034s][info][gc,heap        ] GC(1472) Eden regions: 567->0(571)
[7687.034s][info][gc,heap        ] GC(1472) Survivor regions: 47->43(77)
[7687.034s][info][gc,heap        ] GC(1472) Old regions: 207->215
[7687.034s][info][gc,heap        ] GC(1472) Humongous regions: 33->33
[7687.034s][info][gc,metaspace   ] GC(1472) Metaspace: 30024K(30528K)->30024K(30528K) NonClass: 24611K(24896K)->24611K(24896K) Class: 5412K(5632K)->5412K(5632K)
[7687.034s][info][gc             ] GC(1472) Pause Young (Normal) (G1 Evacuation Pause) 6818M->2307M(8192M) 154.576ms
[7687.034s][info][gc,cpu         ] GC(1472) User=1.22s Sys=0.00s Real=0.16s
...[7689.845s][info][gc,start       ] GC(1473) Pause Young (Normal) (G1 Evacuation Pause)
[7689.845s][info][gc,task        ] GC(1473) Using 8 workers of 8 for evacuation
[7690.006s][info][gc,phases      ] GC(1473)   Pre Evacuate Collection Set: 0.19ms
[7690.006s][info][gc,phases      ] GC(1473)   Merge Heap Roots: 0.52ms
[7690.006s][info][gc,phases      ] GC(1473)   Evacuate Collection Set: 158.77ms
[7690.006s][info][gc,phases      ] GC(1473)   Post Evacuate Collection Set: 1.03ms
[7690.006s][info][gc,phases      ] GC(1473)   Other: 0.06ms
[7690.006s][info][gc,heap        ] GC(1473) Eden regions: 571->0(569)
[7690.006s][info][gc,heap        ] GC(1473) Survivor regions: 43->45(77)
[7690.006s][info][gc,heap        ] GC(1473) Old regions: 215->222
[7690.006s][info][gc,heap        ] GC(1473) Humongous regions: 33->33
[7690.006s][info][gc,metaspace   ] GC(1473) Metaspace: 30024K(30528K)->30024K(30528K) NonClass: 24611K(24896K)->24611K(24896K) Class: 5412K(5632K)->5412K(5632K)
[7690.006s][info][gc             ] GC(1473) Pause Young (Normal) (G1 Evacuation Pause) 6875M->2380M(8192M) 160.710ms
[7690.006s][info][gc,cpu         ] GC(1473) User=1.27s Sys=0.00s Real=0.16s
...[7692.817s][info][gc,start       ] GC(1474) Pause Young (Normal) (G1 Evacuation Pause)
[7692.817s][info][gc,task        ] GC(1474) Using 8 workers of 8 for evacuation
[7692.974s][info][gc,phases      ] GC(1474)   Pre Evacuate Collection Set: 0.22ms
[7692.974s][info][gc,phases      ] GC(1474)   Merge Heap Roots: 0.54ms
[7692.974s][info][gc,phases      ] GC(1474)   Evacuate Collection Set: 155.11ms
[7692.974s][info][gc,phases      ] GC(1474)   Post Evacuate Collection Set: 0.98ms
[7692.974s][info][gc,phases      ] GC(1474)   Other: 0.06ms
[7692.974s][info][gc,heap        ] GC(1474) Eden regions: 569->0(570)
[7692.974s][info][gc,heap        ] GC(1474) Survivor regions: 45->44(77)
[7692.974s][info][gc,heap        ] GC(1474) Old regions: 222->229
[7692.974s][info][gc,heap        ] GC(1474) Humongous regions: 33->33
[7692.974s][info][gc,metaspace   ] GC(1474) Metaspace: 30024K(30528K)->30024K(30528K) NonClass: 24611K(24896K)->24611K(24896K) Class: 5412K(5632K)->5412K(5632K)
[7692.974s][info][gc             ] GC(1474) Pause Young (Normal) (G1 Evacuation Pause) 6932M->2431M(8192M) 157.040ms
[7692.974s][info][gc,cpu         ] GC(1474) User=1.24s Sys=0.00s Real=0.16s
...[7695.793s][info][gc,start       ] GC(1475) Pause Young (Normal) (G1 Evacuation Pause)
[7695.793s][info][gc,task        ] GC(1475) Using 8 workers of 8 for evacuation
[7695.948s][info][gc,phases      ] GC(1475)   Pre Evacuate Collection Set: 0.20ms
[7695.948s][info][gc,phases      ] GC(1475)   Merge Heap Roots: 0.52ms
[7695.948s][info][gc,phases      ] GC(1475)   Evacuate Collection Set: 153.96ms
[7695.948s][info][gc,phases      ] GC(1475)   Post Evacuate Collection Set: 1.00ms
[7695.948s][info][gc,phases      ] GC(1475)   Other: 0.06ms
[7695.948s][info][gc,heap        ] GC(1475) Eden regions: 570->0(570)
[7695.948s][info][gc,heap        ] GC(1475) Survivor regions: 44->44(77)
[7695.948s][info][gc,heap        ] GC(1475) Old regions: 229->236
[7695.948s][info][gc,heap        ] GC(1475) Humongous regions: 33->33
[7695.948s][info][gc,metaspace   ] GC(1475) Metaspace: 30024K(30528K)->30024K(30528K) NonClass: 24611K(24896K)->24611K(24896K) Class: 5412K(5632K)->5412K(5632K)
[7695.948s][info][gc             ] GC(1475) Pause Young (Normal) (G1 Evacuation Pause) 6991M->2488M(8192M) 155.869ms
[7695.949s][info][gc,cpu         ] GC(1475) User=1.24s Sys=0.00s Real=0.16s
...[7698.808s][info][gc,start       ] GC(1476) Pause Young (Normal) (G1 Evacuation Pause)
[7698.808s][info][gc,task        ] GC(1476) Using 8 workers of 8 for evacuation
[7698.961s][info][gc,phases      ] GC(1476)   Pre Evacuate Collection Set: 0.23ms
[7698.961s][info][gc,phases      ] GC(1476)   Merge Heap Roots: 0.52ms
[7698.961s][info][gc,phases      ] GC(1476)   Evacuate Collection Set: 150.90ms
[7698.961s][info][gc,phases      ] GC(1476)   Post Evacuate Collection Set: 0.99ms
[7698.961s][info][gc,phases      ] GC(1476)   Other: 0.07ms
[7698.961s][info][gc,heap        ] GC(1476) Eden regions: 570->0(570)
[7698.961s][info][gc,heap        ] GC(1476) Survivor regions: 44->44(77)
[7698.961s][info][gc,heap        ] GC(1476) Old regions: 236->244
[7698.961s][info][gc,heap        ] GC(1476) Humongous regions: 33->33
[7698.961s][info][gc,metaspace   ] GC(1476) Metaspace: 30024K(30528K)->30024K(30528K) NonClass: 24611K(24896K)->24611K(24896K) Class: 5412K(5632K)->5412K(5632K)
[7698.961s][info][gc             ] GC(1476) Pause Young (Normal) (G1 Evacuation Pause) 7048M->2544M(8192M) 152.856ms
[7698.961s][info][gc,cpu         ] GC(1476) User=1.21s Sys=0.00s Real=0.15s
...[7701.763s][info][gc,start       ] GC(1477) Pause Young (Normal) (G1 Evacuation Pause)
[7701.763s][info][gc,task        ] GC(1477) Using 8 workers of 8 for evacuation
[7701.918s][info][gc,phases      ] GC(1477)   Pre Evacuate Collection Set: 0.22ms
[7701.918s][info][gc,phases      ] GC(1477)   Merge Heap Roots: 0.51ms
[7701.918s][info][gc,phases      ] GC(1477)   Evacuate Collection Set: 153.42ms
[7701.918s][info][gc,phases      ] GC(1477)   Post Evacuate Collection Set: 0.99ms
[7701.918s][info][gc,phases      ] GC(1477)   Other: 0.06ms
[7701.918s][info][gc,heap        ] GC(1477) Eden regions: 570->0(571)
[7701.918s][info][gc,heap        ] GC(1477) Survivor regions: 44->43(77)
[7701.918s][info][gc,heap        ] GC(1477) Old regions: 244->252
[7701.918s][info][gc,heap        ] GC(1477) Humongous regions: 33->33
[7701.918s][info][gc,metaspace   ] GC(1477) Metaspace: 30024K(30528K)->30024K(30528K) NonClass: 24611K(24896K)->24611K(24896K) Class: 5412K(5632K)->5412K(5632K)
[7701.918s][info][gc             ] GC(1477) Pause Young (Normal) (G1 Evacuation Pause) 7104M->2603M(8192M) 155.332ms
[7701.919s][info][gc,cpu         ] GC(1477) User=1.23s Sys=0.00s Real=0.16s
..[7704.541s][info][gc,start       ] GC(1478) Pause Young (Normal) (G1 Evacuation Pause)
[7704.541s][info][gc,task        ] GC(1478) Using 8 workers of 8 for evacuation
[7704.692s][info][gc,phases      ] GC(1478)   Pre Evacuate Collection Set: 0.22ms
[7704.692s][info][gc,phases      ] GC(1478)   Merge Heap Roots: 0.53ms
[7704.692s][info][gc,phases      ] GC(1478)   Evacuate Collection Set: 148.78ms
[7704.692s][info][gc,phases      ] GC(1478)   Post Evacuate Collection Set: 1.01ms
[7704.692s][info][gc,phases      ] GC(1478)   Other: 0.07ms
[7704.692s][info][gc,heap        ] GC(1478) Eden regions: 571->0(571)
[7704.692s][info][gc,heap        ] GC(1478) Survivor regions: 43->43(77)
[7704.692s][info][gc,heap        ] GC(1478) Old regions: 252->258
[7704.692s][info][gc,heap        ] GC(1478) Humongous regions: 33->33
[7704.692s][info][gc,metaspace   ] GC(1478) Metaspace: 30024K(30528K)->30024K(30528K) NonClass: 24611K(24896K)->24611K(24896K) Class: 5412K(5632K)->5412K(5632K)
[7704.692s][info][gc             ] GC(1478) Pause Young (Normal) (G1 Evacuation Pause) 7171M->2658M(8192M) 150.734ms
[7704.692s][info][gc,cpu         ] GC(1478) User=1.19s Sys=0.00s Real=0.15s
...[7707.465s][info][gc,start       ] GC(1479) Pause Young (Normal) (G1 Evacuation Pause)
[7707.465s][info][gc,task        ] GC(1479) Using 8 workers of 8 for evacuation
[7707.622s][info][gc,phases      ] GC(1479)   Pre Evacuate Collection Set: 0.24ms
[7707.622s][info][gc,phases      ] GC(1479)   Merge Heap Roots: 0.50ms
[7707.622s][info][gc,phases      ] GC(1479)   Evacuate Collection Set: 155.02ms
[7707.622s][info][gc,phases      ] GC(1479)   Post Evacuate Collection Set: 1.02ms
[7707.622s][info][gc,phases      ] GC(1479)   Other: 0.06ms
[7707.622s][info][gc,heap        ] GC(1479) Eden regions: 571->0(570)
[7707.622s][info][gc,heap        ] GC(1479) Survivor regions: 43->44(77)
[7707.622s][info][gc,heap        ] GC(1479) Old regions: 258->265
[7707.622s][info][gc,heap        ] GC(1479) Humongous regions: 33->33
[7707.622s][info][gc,metaspace   ] GC(1479) Metaspace: 30024K(30528K)->30024K(30528K) NonClass: 24611K(24896K)->24611K(24896K) Class: 5412K(5632K)->5412K(5632K)
[7707.622s][info][gc             ] GC(1479) Pause Young (Normal) (G1 Evacuation Pause) 7226M->2721M(8192M) 156.969ms
[7707.622s][info][gc,cpu         ] GC(1479) User=1.25s Sys=0.00s Real=0.15s
...[7710.449s][info][gc,start       ] GC(1480) Pause Young (Normal) (G1 Evacuation Pause)
[7710.449s][info][gc,task        ] GC(1480) Using 8 workers of 8 for evacuation
[7710.615s][info][gc,phases      ] GC(1480)   Pre Evacuate Collection Set: 0.24ms
[7710.615s][info][gc,phases      ] GC(1480)   Merge Heap Roots: 0.55ms
[7710.615s][info][gc,phases      ] GC(1480)   Evacuate Collection Set: 164.22ms
[7710.615s][info][gc,phases      ] GC(1480)   Post Evacuate Collection Set: 1.01ms
[7710.615s][info][gc,phases      ] GC(1480)   Other: 0.07ms
[7710.615s][info][gc,heap        ] GC(1480) Eden regions: 570->0(568)
[7710.615s][info][gc,heap        ] GC(1480) Survivor regions: 44->46(77)
[7710.615s][info][gc,heap        ] GC(1480) Old regions: 265->273
[7710.615s][info][gc,heap        ] GC(1480) Humongous regions: 33->33
[7710.615s][info][gc,metaspace   ] GC(1480) Metaspace: 30024K(30528K)->30024K(30528K) NonClass: 24611K(24896K)->24611K(24896K) Class: 5412K(5632K)->5412K(5632K)
[7710.615s][info][gc             ] GC(1480) Pause Young (Normal) (G1 Evacuation Pause) 7281M->2799M(8192M) 166.229ms
[7710.615s][info][gc,cpu         ] GC(1480) User=1.32s Sys=0.00s Real=0.17s
...[7713.477s][info][gc,start       ] GC(1481) Pause Young (Normal) (G1 Evacuation Pause)
[7713.477s][info][gc,task        ] GC(1481) Using 8 workers of 8 for evacuation
[7713.629s][info][gc,phases      ] GC(1481)   Pre Evacuate Collection Set: 0.22ms
[7713.629s][info][gc,phases      ] GC(1481)   Merge Heap Roots: 0.49ms
[7713.629s][info][gc,phases      ] GC(1481)   Evacuate Collection Set: 149.92ms
[7713.629s][info][gc,phases      ] GC(1481)   Post Evacuate Collection Set: 1.00ms
[7713.629s][info][gc,phases      ] GC(1481)   Other: 0.06ms
[7713.629s][info][gc,heap        ] GC(1481) Eden regions: 568->0(570)
[7713.629s][info][gc,heap        ] GC(1481) Survivor regions: 46->44(77)
[7713.629s][info][gc,heap        ] GC(1481) Old regions: 273->280
[7713.629s][info][gc,heap        ] GC(1481) Humongous regions: 33->33
[7713.629s][info][gc,metaspace   ] GC(1481) Metaspace: 30024K(30528K)->30024K(30528K) NonClass: 24611K(24896K)->24611K(24896K) Class: 5412K(5632K)->5412K(5632K)
[7713.629s][info][gc             ] GC(1481) Pause Young (Normal) (G1 Evacuation Pause) 7343M->2836M(8192M) 151.823ms
[7713.629s][info][gc,cpu         ] GC(1481) User=1.20s Sys=0.00s Real=0.15s
...[7716.369s][info][gc,start       ] GC(1482) Pause Young (Normal) (G1 Evacuation Pause)
[7716.369s][info][gc,task        ] GC(1482) Using 8 workers of 8 for evacuation
[7716.522s][info][gc,phases      ] GC(1482)   Pre Evacuate Collection Set: 0.19ms
[7716.522s][info][gc,phases      ] GC(1482)   Merge Heap Roots: 0.48ms
[7716.522s][info][gc,phases      ] GC(1482)   Evacuate Collection Set: 151.94ms
[7716.522s][info][gc,phases      ] GC(1482)   Post Evacuate Collection Set: 0.99ms
[7716.522s][info][gc,phases      ] GC(1482)   Other: 0.06ms
[7716.522s][info][gc,heap        ] GC(1482) Eden regions: 570->0(564)
[7716.522s][info][gc,heap        ] GC(1482) Survivor regions: 44->44(77)
[7716.522s][info][gc,heap        ] GC(1482) Old regions: 280->287
[7716.522s][info][gc,heap        ] GC(1482) Humongous regions: 33->33
[7716.522s][info][gc,metaspace   ] GC(1482) Metaspace: 30024K(30528K)->30024K(30528K) NonClass: 24611K(24896K)->24611K(24896K) Class: 5412K(5632K)->5412K(5632K)
[7716.522s][info][gc             ] GC(1482) Pause Young (Normal) (G1 Evacuation Pause) 7396M->2892M(8192M) 153.796ms
[7716.523s][info][gc,cpu         ] GC(1482) User=1.22s Sys=0.00s Real=0.15s
...[7719.298s][info][gc,start       ] GC(1483) Pause Young (Normal) (G1 Evacuation Pause)
[7719.298s][info][gc,task        ] GC(1483) Using 8 workers of 8 for evacuation
[7719.461s][info][gc,phases      ] GC(1483)   Pre Evacuate Collection Set: 0.21ms
[7719.461s][info][gc,phases      ] GC(1483)   Merge Heap Roots: 0.50ms
[7719.461s][info][gc,phases      ] GC(1483)   Evacuate Collection Set: 161.15ms
[7719.461s][info][gc,phases      ] GC(1483)   Post Evacuate Collection Set: 1.02ms
[7719.461s][info][gc,phases      ] GC(1483)   Other: 0.06ms
[7719.461s][info][gc,heap        ] GC(1483) Eden regions: 564->0(553)
[7719.461s][info][gc,heap        ] GC(1483) Survivor regions: 44->46(76)
[7719.461s][info][gc,heap        ] GC(1483) Old regions: 287->294
[7719.461s][info][gc,heap        ] GC(1483) Humongous regions: 33->33
[7719.461s][info][gc,metaspace   ] GC(1483) Metaspace: 30024K(30528K)->30024K(30528K) NonClass: 24611K(24896K)->24611K(24896K) Class: 5412K(5632K)->5412K(5632K)
[7719.461s][info][gc             ] GC(1483) Pause Young (Normal) (G1 Evacuation Pause) 7404M->2964M(8192M) 163.097ms
[7719.461s][info][gc,cpu         ] GC(1483) User=1.29s Sys=0.00s Real=0.16s
...[7722.205s][info][gc,start       ] GC(1484) Pause Young (Normal) (G1 Evacuation Pause)
[7722.205s][info][gc,task        ] GC(1484) Using 8 workers of 8 for evacuation
[7722.361s][info][gc,phases      ] GC(1484)   Pre Evacuate Collection Set: 0.20ms
[7722.361s][info][gc,phases      ] GC(1484)   Merge Heap Roots: 0.48ms
[7722.361s][info][gc,phases      ] GC(1484)   Evacuate Collection Set: 154.83ms
[7722.361s][info][gc,phases      ] GC(1484)   Post Evacuate Collection Set: 1.00ms
[7722.361s][info][gc,phases      ] GC(1484)   Other: 0.06ms
[7722.361s][info][gc,heap        ] GC(1484) Eden regions: 553->0(549)
[7722.361s][info][gc,heap        ] GC(1484) Survivor regions: 46->44(75)
[7722.361s][info][gc,heap        ] GC(1484) Old regions: 294->302
[7722.361s][info][gc,heap        ] GC(1484) Humongous regions: 33->33
[7722.361s][info][gc,metaspace   ] GC(1484) Metaspace: 30024K(30528K)->30024K(30528K) NonClass: 24611K(24896K)->24611K(24896K) Class: 5412K(5632K)->5412K(5632K)
[7722.361s][info][gc             ] GC(1484) Pause Young (Normal) (G1 Evacuation Pause) 7388M->3012M(8192M) 156.694ms
[7722.361s][info][gc,cpu         ] GC(1484) User=1.24s Sys=0.00s Real=0.15s
...[7725.050s][info][gc,start       ] GC(1485) Pause Young (Normal) (G1 Evacuation Pause)
[7725.050s][info][gc,task        ] GC(1485) Using 8 workers of 8 for evacuation
[7725.204s][info][gc,phases      ] GC(1485)   Pre Evacuate Collection Set: 0.21ms
[7725.204s][info][gc,phases      ] GC(1485)   Merge Heap Roots: 0.47ms
[7725.204s][info][gc,phases      ] GC(1485)   Evacuate Collection Set: 152.12ms
[7725.204s][info][gc,phases      ] GC(1485)   Post Evacuate Collection Set: 0.97ms
[7725.204s][info][gc,phases      ] GC(1485)   Other: 0.06ms
[7725.204s][info][gc,heap        ] GC(1485) Eden regions: 549->0(542)
[7725.204s][info][gc,heap        ] GC(1485) Survivor regions: 44->44(75)
[7725.204s][info][gc,heap        ] GC(1485) Old regions: 302->309
[7725.204s][info][gc,heap        ] GC(1485) Humongous regions: 33->33
[7725.204s][info][gc,metaspace   ] GC(1485) Metaspace: 30024K(30528K)->30024K(30528K) NonClass: 24611K(24896K)->24611K(24896K) Class: 5412K(5632K)->5412K(5632K)
[7725.204s][info][gc             ] GC(1485) Pause Young (Normal) (G1 Evacuation Pause) 7404M->3068M(8192M) 153.969ms
[7725.204s][info][gc,cpu         ] GC(1485) User=1.22s Sys=0.01s Real=0.16s
...[7727.797s][info][gc,start       ] GC(1486) Pause Young (Concurrent Start) (G1 Evacuation Pause)
[7727.797s][info][gc,task        ] GC(1486) Using 8 workers of 8 for evacuation
[7727.956s][info][gc,phases      ] GC(1486)   Pre Evacuate Collection Set: 0.23ms
[7727.956s][info][gc,phases      ] GC(1486)   Merge Heap Roots: 0.50ms
[7727.956s][info][gc,phases      ] GC(1486)   Evacuate Collection Set: 157.98ms
[7727.956s][info][gc,phases      ] GC(1486)   Post Evacuate Collection Set: 0.95ms
[7727.956s][info][gc,phases      ] GC(1486)   Other: 0.08ms
[7727.956s][info][gc,heap        ] GC(1486) Eden regions: 542->0(531)
[7727.956s][info][gc,heap        ] GC(1486) Survivor regions: 44->46(74)
[7727.956s][info][gc,heap        ] GC(1486) Old regions: 309->316
[7727.956s][info][gc,heap        ] GC(1486) Humongous regions: 33->33
[7727.956s][info][gc,metaspace   ] GC(1486) Metaspace: 30024K(30528K)->30024K(30528K) NonClass: 24611K(24896K)->24611K(24896K) Class: 5412K(5632K)->5412K(5632K)
[7727.957s][info][gc             ] GC(1486) Pause Young (Concurrent Start) (G1 Evacuation Pause) 7404M->3146M(8192M) 159.868ms
[7727.957s][info][gc             ] GC(1487) Concurrent Mark Cycle
[7727.957s][info][gc,marking     ] GC(1487) Concurrent Scan Root Regions
[7727.957s][info][gc,cpu         ] GC(1486) User=1.27s Sys=0.00s Real=0.16s
[7728.251s][info][gc,marking     ] GC(1487) Concurrent Scan Root Regions 294.878ms
[7728.252s][info][gc,marking     ] GC(1487) Concurrent Mark
[7728.252s][info][gc,marking     ] GC(1487) Concurrent Mark From Roots
[7728.252s][info][gc,task        ] GC(1487) Using 2 workers of 2 for marking
..[7729.775s][info][gc,marking     ] GC(1487) Concurrent Mark From Roots 1523.866ms
[7729.775s][info][gc,marking     ] GC(1487) Concurrent Preclean
[7729.776s][info][gc,marking     ] GC(1487) Concurrent Preclean 0.063ms
[7729.776s][info][gc,start       ] GC(1487) Pause Remark
[7729.778s][info][gc             ] GC(1487) Pause Remark 5322M->4794M(8192M) 2.569ms
[7729.778s][info][gc,cpu         ] GC(1487) User=0.02s Sys=0.00s Real=0.00s
[7729.778s][info][gc,marking     ] GC(1487) Concurrent Mark 1526.822ms
[7729.778s][info][gc,marking     ] GC(1487) Concurrent Rebuild Remembered Sets and Scrub Regions
[7730.647s][info][gc,marking     ] GC(1487) Concurrent Rebuild Remembered Sets and Scrub Regions 868.236ms
[7730.647s][info][gc,start       ] GC(1487) Pause Cleanup
[7730.647s][info][gc             ] GC(1487) Pause Cleanup 5999M->5999M(8192M) 0.268ms
[7730.647s][info][gc,cpu         ] GC(1487) User=0.00s Sys=0.00s Real=0.00s
[7730.647s][info][gc,marking     ] GC(1487) Concurrent Clear Claimed Marks
[7730.647s][info][gc,marking     ] GC(1487) Concurrent Clear Claimed Marks 0.040ms
[7730.647s][info][gc,marking     ] GC(1487) Concurrent Cleanup for Next Mark
[7730.658s][info][gc,marking     ] GC(1487) Concurrent Cleanup for Next Mark 10.438ms
[7730.658s][info][gc             ] GC(1487) Concurrent Mark Cycle 2701.121ms
.[7731.185s][info][gc,start       ] GC(1488) Pause Young (Prepare Mixed) (G1 Evacuation Pause)
[7731.185s][info][gc,task        ] GC(1488) Using 8 workers of 8 for evacuation
[7731.345s][info][gc,phases      ] GC(1488)   Pre Evacuate Collection Set: 0.23ms
[7731.345s][info][gc,phases      ] GC(1488)   Merge Heap Roots: 0.74ms
[7731.345s][info][gc,phases      ] GC(1488)   Evacuate Collection Set: 157.92ms
[7731.345s][info][gc,phases      ] GC(1488)   Post Evacuate Collection Set: 1.09ms
[7731.345s][info][gc,phases      ] GC(1488)   Other: 0.07ms
[7731.345s][info][gc,heap        ] GC(1488) Eden regions: 531->0(569)
[7731.345s][info][gc,heap        ] GC(1488) Survivor regions: 46->45(73)
[7731.345s][info][gc,heap        ] GC(1488) Old regions: 250->258
[7731.345s][info][gc,heap        ] GC(1488) Humongous regions: 33->33
[7731.345s][info][gc,metaspace   ] GC(1488) Metaspace: 30024K(30528K)->30024K(30528K) NonClass: 24611K(24896K)->24611K(24896K) Class: 5412K(5632K)->5412K(5632K)
[7731.345s][info][gc             ] GC(1488) Pause Young (Prepare Mixed) (G1 Evacuation Pause) 6866M->2667M(8192M) 160.186ms
[7731.345s][info][gc,cpu         ] GC(1488) User=1.27s Sys=0.00s Real=0.16s
...[7734.148s][info][gc,start       ] GC(1489) Pause Young (Mixed) (G1 Evacuation Pause)
[7734.148s][info][gc,task        ] GC(1489) Using 8 workers of 8 for evacuation
[7734.319s][info][gc,phases      ] GC(1489)   Pre Evacuate Collection Set: 0.23ms
[7734.319s][info][gc,phases      ] GC(1489)   Merge Heap Roots: 0.74ms
[7734.319s][info][gc,phases      ] GC(1489)   Evacuate Collection Set: 168.84ms
[7734.319s][info][gc,phases      ] GC(1489)   Post Evacuate Collection Set: 1.19ms
[7734.319s][info][gc,phases      ] GC(1489)   Other: 0.07ms
[7734.319s][info][gc,heap        ] GC(1489) Eden regions: 569->0(568)
[7734.319s][info][gc,heap        ] GC(1489) Survivor regions: 45->46(77)
[7734.319s][info][gc,heap        ] GC(1489) Old regions: 258->164
[7734.319s][info][gc,heap        ] GC(1489) Humongous regions: 33->33
[7734.319s][info][gc,metaspace   ] GC(1489) Metaspace: 30024K(30528K)->30024K(30528K) NonClass: 24611K(24896K)->24611K(24896K) Class: 5412K(5632K)->5412K(5632K)
[7734.319s][info][gc             ] GC(1489) Pause Young (Mixed) (G1 Evacuation Pause) 7219M->1920M(8192M) 171.203ms
[7734.319s][info][gc,cpu         ] GC(1489) User=1.36s Sys=0.00s Real=0.17s
...[7737.099s][info][gc,start       ] GC(1490) Pause Young (Mixed) (G1 Evacuation Pause)
[7737.099s][info][gc,task        ] GC(1490) Using 8 workers of 8 for evacuation
[7737.266s][info][gc,phases      ] GC(1490)   Pre Evacuate Collection Set: 0.24ms
[7737.266s][info][gc,phases      ] GC(1490)   Merge Heap Roots: 0.81ms
[7737.266s][info][gc,phases      ] GC(1490)   Evacuate Collection Set: 165.04ms
[7737.266s][info][gc,phases      ] GC(1490)   Post Evacuate Collection Set: 1.03ms
[7737.266s][info][gc,phases      ] GC(1490)   Other: 0.07ms
[7737.266s][info][gc,heap        ] GC(1490) Eden regions: 568->0(569)
[7737.266s][info][gc,heap        ] GC(1490) Survivor regions: 46->45(77)
[7737.266s][info][gc,heap        ] GC(1490) Old regions: 164->144
[7737.266s][info][gc,heap        ] GC(1490) Humongous regions: 33->33
[7737.266s][info][gc,metaspace   ] GC(1490) Metaspace: 30024K(30528K)->30024K(30528K) NonClass: 24611K(24896K)->24611K(24896K) Class: 5412K(5632K)->5412K(5632K)
[7737.266s][info][gc             ] GC(1490) Pause Young (Mixed) (G1 Evacuation Pause) 6464M->1754M(8192M) 167.328ms
[7737.266s][info][gc,cpu         ] GC(1490) User=1.33s Sys=0.00s Real=0.17s
...[7740.055s][info][gc,start       ] GC(1491) Pause Young (Normal) (G1 Evacuation Pause)
[7740.055s][info][gc,task        ] GC(1491) Using 8 workers of 8 for evacuation
[7740.211s][info][gc,phases      ] GC(1491)   Pre Evacuate Collection Set: 0.22ms
[7740.211s][info][gc,phases      ] GC(1491)   Merge Heap Roots: 0.52ms
[7740.211s][info][gc,phases      ] GC(1491)   Evacuate Collection Set: 153.92ms
[7740.211s][info][gc,phases      ] GC(1491)   Post Evacuate Collection Set: 0.99ms
[7740.211s][info][gc,phases      ] GC(1491)   Other: 0.06ms
[7740.211s][info][gc,heap        ] GC(1491) Eden regions: 569->0(570)
[7740.211s][info][gc,heap        ] GC(1491) Survivor regions: 45->44(77)
[7740.211s][info][gc,heap        ] GC(1491) Old regions: 144->151
[7740.211s][info][gc,heap        ] GC(1491) Humongous regions: 33->33
[7740.211s][info][gc,metaspace   ] GC(1491) Metaspace: 30024K(30528K)->30024K(30528K) NonClass: 24611K(24896K)->24611K(24896K) Class: 5412K(5632K)->5412K(5632K)
[7740.211s][info][gc             ] GC(1491) Pause Young (Normal) (G1 Evacuation Pause) 6306M->1808M(8192M) 155.842ms
[7740.211s][info][gc,cpu         ] GC(1491) User=1.23s Sys=0.00s Real=0.15s
...[7742.880s][info][gc,start       ] GC(1492) Pause Young (Normal) (G1 Evacuation Pause)
[7742.880s][info][gc,task        ] GC(1492) Using 8 workers of 8 for evacuation
[7743.032s][info][gc,phases      ] GC(1492)   Pre Evacuate Collection Set: 0.20ms
[7743.032s][info][gc,phases      ] GC(1492)   Merge Heap Roots: 0.56ms
[7743.032s][info][gc,phases      ] GC(1492)   Evacuate Collection Set: 150.68ms
[7743.032s][info][gc,phases      ] GC(1492)   Post Evacuate Collection Set: 0.99ms
[7743.032s][info][gc,phases      ] GC(1492)   Other: 0.06ms
[7743.032s][info][gc,heap        ] GC(1492) Eden regions: 570->0(571)
[7743.032s][info][gc,heap        ] GC(1492) Survivor regions: 44->43(77)
[7743.032s][info][gc,heap        ] GC(1492) Old regions: 151->158
[7743.032s][info][gc,heap        ] GC(1492) Humongous regions: 33->33
[7743.032s][info][gc,metaspace   ] GC(1492) Metaspace: 30024K(30528K)->30024K(30528K) NonClass: 24611K(24896K)->24611K(24896K) Class: 5412K(5632K)->5412K(5632K)
[7743.032s][info][gc             ] GC(1492) Pause Young (Normal) (G1 Evacuation Pause) 6368M->1855M(8192M) 152.618ms
[7743.032s][info][gc,cpu         ] GC(1492) User=1.21s Sys=0.00s Real=0.15s
...[7745.780s][info][gc,start       ] GC(1493) Pause Young (Normal) (G1 Evacuation Pause)
[7745.780s][info][gc,task        ] GC(1493) Using 8 workers of 8 for evacuation
[7745.939s][info][gc,phases      ] GC(1493)   Pre Evacuate Collection Set: 0.22ms
[7745.939s][info][gc,phases      ] GC(1493)   Merge Heap Roots: 0.52ms
[7745.939s][info][gc,phases      ] GC(1493)   Evacuate Collection Set: 157.35ms
[7745.939s][info][gc,phases      ] GC(1493)   Post Evacuate Collection Set: 0.98ms
[7745.939s][info][gc,phases      ] GC(1493)   Other: 0.08ms
[7745.939s][info][gc,heap        ] GC(1493) Eden regions: 571->0(569)
[7745.939s][info][gc,heap        ] GC(1493) Survivor regions: 43->45(77)
[7745.939s][info][gc,heap        ] GC(1493) Old regions: 158->165
[7745.939s][info][gc,heap        ] GC(1493) Humongous regions: 33->33
[7745.939s][info][gc,metaspace   ] GC(1493) Metaspace: 30024K(30528K)->30024K(30528K) NonClass: 24611K(24896K)->24611K(24896K) Class: 5412K(5632K)->5412K(5632K)
[7745.939s][info][gc             ] GC(1493) Pause Young (Normal) (G1 Evacuation Pause) 6423M->1927M(8192M) 159.292ms
[7745.939s][info][gc,cpu         ] GC(1493) User=1.26s Sys=0.00s Real=0.16s
...[7748.735s][info][gc,start       ] GC(1494) Pause Young (Normal) (G1 Evacuation Pause)
[7748.735s][info][gc,task        ] GC(1494) Using 8 workers of 8 for evacuation
[7748.891s][info][gc,phases      ] GC(1494)   Pre Evacuate Collection Set: 0.22ms
[7748.891s][info][gc,phases      ] GC(1494)   Merge Heap Roots: 0.51ms
[7748.891s][info][gc,phases      ] GC(1494)   Evacuate Collection Set: 153.67ms
[7748.891s][info][gc,phases      ] GC(1494)   Post Evacuate Collection Set: 1.03ms
[7748.891s][info][gc,phases      ] GC(1494)   Other: 0.06ms
[7748.891s][info][gc,heap        ] GC(1494) Eden regions: 569->0(571)
[7748.891s][info][gc,heap        ] GC(1494) Survivor regions: 45->43(77)
[7748.891s][info][gc,heap        ] GC(1494) Old regions: 165->172
[7748.891s][info][gc,heap        ] GC(1494) Humongous regions: 33->33
[7748.891s][info][gc,metaspace   ] GC(1494) Metaspace: 30024K(30528K)->30024K(30528K) NonClass: 24611K(24896K)->24611K(24896K) Class: 5412K(5632K)->5412K(5632K)
[7748.891s][info][gc             ] GC(1494) Pause Young (Normal) (G1 Evacuation Pause) 6479M->1970M(8192M) 155.630ms
[7748.891s][info][gc,cpu         ] GC(1494) User=1.23s Sys=0.00s Real=0.15s
..[7751.645s][info][gc,start       ] GC(1495) Pause Young (Normal) (G1 Evacuation Pause)
[7751.645s][info][gc,task        ] GC(1495) Using 8 workers of 8 for evacuation
[7751.802s][info][gc,phases      ] GC(1495)   Pre Evacuate Collection Set: 0.22ms
[7751.802s][info][gc,phases      ] GC(1495)   Merge Heap Roots: 0.51ms
[7751.802s][info][gc,phases      ] GC(1495)   Evacuate Collection Set: 154.89ms
[7751.802s][info][gc,phases      ] GC(1495)   Post Evacuate Collection Set: 0.99ms
[7751.802s][info][gc,phases      ] GC(1495)   Other: 0.06ms
[7751.802s][info][gc,heap        ] GC(1495) Eden regions: 571->0(569)
[7751.802s][info][gc,heap        ] GC(1495) Survivor regions: 43->45(77)
[7751.802s][info][gc,heap        ] GC(1495) Old regions: 172->179
[7751.802s][info][gc,heap        ] GC(1495) Humongous regions: 33->33
[7751.802s][info][gc,metaspace   ] GC(1495) Metaspace: 30024K(30528K)->30024K(30528K) NonClass: 24611K(24896K)->24611K(24896K) Class: 5412K(5632K)->5412K(5632K)
[7751.802s][info][gc             ] GC(1495) Pause Young (Normal) (G1 Evacuation Pause) 6538M->2038M(8192M) 156.801ms
[7751.802s][info][gc,cpu         ] GC(1495) User=1.24s Sys=0.00s Real=0.15s
...[7754.587s][info][gc,start       ] GC(1496) Pause Young (Normal) (G1 Evacuation Pause)
[7754.587s][info][gc,task        ] GC(1496) Using 8 workers of 8 for evacuation
[7754.751s][info][gc,phases      ] GC(1496)   Pre Evacuate Collection Set: 0.21ms
[7754.752s][info][gc,phases      ] GC(1496)   Merge Heap Roots: 0.50ms
[7754.752s][info][gc,phases      ] GC(1496)   Evacuate Collection Set: 163.11ms
[7754.752s][info][gc,phases      ] GC(1496)   Post Evacuate Collection Set: 1.01ms
[7754.752s][info][gc,phases      ] GC(1496)   Other: 0.06ms
[7754.752s][info][gc,heap        ] GC(1496) Eden regions: 569->0(567)
[7754.752s][info][gc,heap        ] GC(1496) Survivor regions: 45->47(77)
[7754.752s][info][gc,heap        ] GC(1496) Old regions: 179->186
[7754.752s][info][gc,heap        ] GC(1496) Humongous regions: 33->33
[7754.752s][info][gc,metaspace   ] GC(1496) Metaspace: 30024K(30528K)->30024K(30528K) NonClass: 24611K(24896K)->24611K(24896K) Class: 5412K(5632K)->5412K(5632K)
[7754.752s][info][gc             ] GC(1496) Pause Young (Normal) (G1 Evacuation Pause) 6590M->2114M(8192M) 165.025ms
[7754.752s][info][gc,cpu         ] GC(1496) User=1.31s Sys=0.00s Real=0.16s
...[7757.518s][info][gc,start       ] GC(1497) Pause Young (Normal) (G1 Evacuation Pause)
[7757.518s][info][gc,task        ] GC(1497) Using 8 workers of 8 for evacuation
[7757.674s][info][gc,phases      ] GC(1497)   Pre Evacuate Collection Set: 0.23ms
[7757.674s][info][gc,phases      ] GC(1497)   Merge Heap Roots: 0.51ms
[7757.674s][info][gc,phases      ] GC(1497)   Evacuate Collection Set: 153.95ms
[7757.674s][info][gc,phases      ] GC(1497)   Post Evacuate Collection Set: 1.00ms
[7757.674s][info][gc,phases      ] GC(1497)   Other: 0.08ms
[7757.674s][info][gc,heap        ] GC(1497) Eden regions: 567->0(570)
[7757.674s][info][gc,heap        ] GC(1497) Survivor regions: 47->44(77)
[7757.674s][info][gc,heap        ] GC(1497) Old regions: 186->194
[7757.674s][info][gc,heap        ] GC(1497) Humongous regions: 33->33
[7757.674s][info][gc,metaspace   ] GC(1497) Metaspace: 30024K(30528K)->30024K(30528K) NonClass: 24611K(24896K)->24611K(24896K) Class: 5412K(5632K)->5412K(5632K)
[7757.674s][info][gc             ] GC(1497) Pause Young (Normal) (G1 Evacuation Pause) 6650M->2149M(8192M) 155.905ms
[7757.674s][info][gc,cpu         ] GC(1497) User=1.23s Sys=0.00s Real=0.16s
...[7760.491s][info][gc,start       ] GC(1498) Pause Young (Normal) (G1 Evacuation Pause)
[7760.491s][info][gc,task        ] GC(1498) Using 8 workers of 8 for evacuation
[7760.640s][info][gc,phases      ] GC(1498)   Pre Evacuate Collection Set: 0.21ms
[7760.640s][info][gc,phases      ] GC(1498)   Merge Heap Roots: 0.51ms
[7760.640s][info][gc,phases      ] GC(1498)   Evacuate Collection Set: 147.51ms
[7760.640s][info][gc,phases      ] GC(1498)   Post Evacuate Collection Set: 1.01ms
[7760.640s][info][gc,phases      ] GC(1498)   Other: 0.06ms
[7760.640s][info][gc,heap        ] GC(1498) Eden regions: 570->0(571)
[7760.640s][info][gc,heap        ] GC(1498) Survivor regions: 44->43(77)
[7760.640s][info][gc,heap        ] GC(1498) Old regions: 194->201
[7760.640s][info][gc,heap        ] GC(1498) Humongous regions: 33->33
[7760.640s][info][gc,metaspace   ] GC(1498) Metaspace: 30024K(30528K)->30024K(30528K) NonClass: 24611K(24896K)->24611K(24896K) Class: 5412K(5632K)->5412K(5632K)
[7760.640s][info][gc             ] GC(1498) Pause Young (Normal) (G1 Evacuation Pause) 6709M->2196M(8192M) 149.451ms
[7760.640s][info][gc,cpu         ] GC(1498) User=1.18s Sys=0.00s Real=0.15s
...[7763.499s][info][gc,start       ] GC(1499) Pause Young (Normal) (G1 Evacuation Pause)
[7763.499s][info][gc,task        ] GC(1499) Using 8 workers of 8 for evacuation
[7763.654s][info][gc,phases      ] GC(1499)   Pre Evacuate Collection Set: 0.21ms
[7763.654s][info][gc,phases      ] GC(1499)   Merge Heap Roots: 0.50ms
[7763.654s][info][gc,phases      ] GC(1499)   Evacuate Collection Set: 153.24ms
[7763.654s][info][gc,phases      ] GC(1499)   Post Evacuate Collection Set: 1.00ms
[7763.654s][info][gc,phases      ] GC(1499)   Other: 0.06ms
[7763.654s][info][gc,heap        ] GC(1499) Eden regions: 571->0(570)
[7763.654s][info][gc,heap        ] GC(1499) Survivor regions: 43->44(77)
[7763.654s][info][gc,heap        ] GC(1499) Old regions: 201->209
[7763.654s][info][gc,heap        ] GC(1499) Humongous regions: 33->33
[7763.654s][info][gc,metaspace   ] GC(1499) Metaspace: 30024K(30528K)->30024K(30528K) NonClass: 24611K(24896K)->24611K(24896K) Class: 5412K(5632K)->5412K(5632K)
[7763.654s][info][gc             ] GC(1499) Pause Young (Normal) (G1 Evacuation Pause) 6764M->2267M(8192M) 155.155ms
[7763.654s][info][gc,cpu         ] GC(1499) User=1.23s Sys=0.00s Real=0.16s
...[7766.412s][info][gc,start       ] GC(1500) Pause Young (Normal) (G1 Evacuation Pause)
[7766.413s][info][gc,task        ] GC(1500) Using 8 workers of 8 for evacuation
[7766.565s][info][gc,phases      ] GC(1500)   Pre Evacuate Collection Set: 0.21ms
[7766.565s][info][gc,phases      ] GC(1500)   Merge Heap Roots: 0.54ms
[7766.565s][info][gc,phases      ] GC(1500)   Evacuate Collection Set: 150.38ms
[7766.565s][info][gc,phases      ] GC(1500)   Post Evacuate Collection Set: 1.00ms
[7766.565s][info][gc,phases      ] GC(1500)   Other: 0.07ms
[7766.565s][info][gc,heap        ] GC(1500) Eden regions: 570->0(570)
[7766.565s][info][gc,heap        ] GC(1500) Survivor regions: 44->44(77)
[7766.565s][info][gc,heap        ] GC(1500) Old regions: 209->215
[7766.565s][info][gc,heap        ] GC(1500) Humongous regions: 33->33
[7766.565s][info][gc,metaspace   ] GC(1500) Metaspace: 30024K(30528K)->30024K(30528K) NonClass: 24611K(24896K)->24611K(24896K) Class: 5412K(5632K)->5412K(5632K)
[7766.565s][info][gc             ] GC(1500) Pause Young (Normal) (G1 Evacuation Pause) 6827M->2318M(8192M) 152.342ms
[7766.565s][info][gc,cpu         ] GC(1500) User=1.21s Sys=0.00s Real=0.16s
.. (rIR:aIR:PR = 13007:12911:12879) (tPR = 191388) [OK] 
  7767s: Performance info:
         Transaction,    Success,    Partial,     Failed,   Receipts, AvgBarcode, 
             Overall,    1123622,          0,          0,    1067406,      59.47, 
         Response times:
             Request,    Success,    Partial,     Failed,   SkipFail,     Probes,    Samples,      min,      p50,      p90,      p95,      p99,      max, 
       TotalPurchase,    1070093,          0,          0,          0,     262783,    1268209,      500,   465000,   860000,  1100000,  2000000, 43000000,
     InStorePurchase,     561209,          0,          0,          0,     132836,     665770,      500,   458000,   850000,  1200000,  2300000, 43000000,
      OnlinePurchase,     394486,          0,          0,          0,      98481,     469306,     1300,   467000,   850000,  1100000,  1700000, 43000000,
        InstPurchase,     114398,          0,          0,          0,      31466,     133133,     1700,   486000,   880000,  1300000,  2500000, 32000000,
          AssocOfCat,       1142,          0,          0,          0,        639,       2766,    61000,   511000,   880000,  1200000,  2633000,  8300000,
      AssocOfProduct,      11534,          0,          0,          0,       3344,      14494,     3400,   450000,   830000,  1100000,  1600000, 43000000,
      BusinessReport,       2830,          0,          0,          0,       1487,       6756,    67000,   525500,   910000,  1100000,  1900000, 14000000,
          CustBuyBeh,      11408,          0,          0,          0,       3485,      14444,      400,   439500,   830000,   980000,  2000000, 28000000,
       ProductReturn,      29420,          0,          0,          0,       8028,      34406,     3600,   460000,   850000,  1100000,  2300000, 33000000,

  7767s: (95%)   IR =  13145 .[7769.313s][info][gc,start       ] GC(1501) Pause Young (Normal) (G1 Evacuation Pause)
[7769.313s][info][gc,task        ] GC(1501) Using 8 workers of 8 for evacuation
[7769.476s][info][gc,phases      ] GC(1501)   Pre Evacuate Collection Set: 0.20ms
[7769.476s][info][gc,phases      ] GC(1501)   Merge Heap Roots: 0.56ms
[7769.476s][info][gc,phases      ] GC(1501)   Evacuate Collection Set: 161.66ms
[7769.476s][info][gc,phases      ] GC(1501)   Post Evacuate Collection Set: 1.07ms
[7769.476s][info][gc,phases      ] GC(1501)   Other: 0.07ms
[7769.476s][info][gc,heap        ] GC(1501) Eden regions: 570->0(568)
[7769.476s][info][gc,heap        ] GC(1501) Survivor regions: 44->46(77)
[7769.476s][info][gc,heap        ] GC(1501) Old regions: 215->222
[7769.476s][info][gc,heap        ] GC(1501) Humongous regions: 33->33
[7769.476s][info][gc,metaspace   ] GC(1501) Metaspace: 30024K(30528K)->30024K(30528K) NonClass: 24611K(24896K)->24611K(24896K) Class: 5412K(5632K)->5412K(5632K)
[7769.476s][info][gc             ] GC(1501) Pause Young (Normal) (G1 Evacuation Pause) 6878M->2390M(8192M) 163.688ms
[7769.477s][info][gc,cpu         ] GC(1501) User=1.30s Sys=0.00s Real=0.17s
...[7772.293s][info][gc,start       ] GC(1502) Pause Young (Normal) (G1 Evacuation Pause)
[7772.293s][info][gc,task        ] GC(1502) Using 8 workers of 8 for evacuation
[7772.454s][info][gc,phases      ] GC(1502)   Pre Evacuate Collection Set: 0.21ms
[7772.454s][info][gc,phases      ] GC(1502)   Merge Heap Roots: 0.53ms
[7772.454s][info][gc,phases      ] GC(1502)   Evacuate Collection Set: 159.51ms
[7772.454s][info][gc,phases      ] GC(1502)   Post Evacuate Collection Set: 1.05ms
[7772.454s][info][gc,phases      ] GC(1502)   Other: 0.06ms
[7772.454s][info][gc,heap        ] GC(1502) Eden regions: 568->0(568)
[7772.454s][info][gc,heap        ] GC(1502) Survivor regions: 46->46(77)
[7772.454s][info][gc,heap        ] GC(1502) Old regions: 222->230
[7772.454s][info][gc,heap        ] GC(1502) Humongous regions: 33->33
[7772.454s][info][gc,metaspace   ] GC(1502) Metaspace: 30024K(30528K)->30024K(30528K) NonClass: 24611K(24896K)->24611K(24896K) Class: 5412K(5632K)->5412K(5632K)
[7772.454s][info][gc             ] GC(1502) Pause Young (Normal) (G1 Evacuation Pause) 6934M->2453M(8192M) 161.483ms
[7772.454s][info][gc,cpu         ] GC(1502) User=1.28s Sys=0.00s Real=0.17s
...[7775.267s][info][gc,start       ] GC(1503) Pause Young (Normal) (G1 Evacuation Pause)
[7775.267s][info][gc,task        ] GC(1503) Using 8 workers of 8 for evacuation
[7775.429s][info][gc,phases      ] GC(1503)   Pre Evacuate Collection Set: 0.22ms
[7775.429s][info][gc,phases      ] GC(1503)   Merge Heap Roots: 0.51ms
[7775.429s][info][gc,phases      ] GC(1503)   Evacuate Collection Set: 160.39ms
[7775.429s][info][gc,phases      ] GC(1503)   Post Evacuate Collection Set: 1.00ms
[7775.429s][info][gc,phases      ] GC(1503)   Other: 0.06ms
[7775.429s][info][gc,heap        ] GC(1503) Eden regions: 568->0(568)
[7775.429s][info][gc,heap        ] GC(1503) Survivor regions: 46->46(77)
[7775.429s][info][gc,heap        ] GC(1503) Old regions: 230->238
[7775.429s][info][gc,heap        ] GC(1503) Humongous regions: 33->33
[7775.429s][info][gc,metaspace   ] GC(1503) Metaspace: 30024K(30528K)->30024K(30528K) NonClass: 24611K(24896K)->24611K(24896K) Class: 5412K(5632K)->5412K(5632K)
[7775.429s][info][gc             ] GC(1503) Pause Young (Normal) (G1 Evacuation Pause) 6997M->2518M(8192M) 162.303ms
[7775.429s][info][gc,cpu         ] GC(1503) User=1.29s Sys=0.00s Real=0.16s
...[7778.192s][info][gc,start       ] GC(1504) Pause Young (Normal) (G1 Evacuation Pause)
[7778.192s][info][gc,task        ] GC(1504) Using 8 workers of 8 for evacuation
[7778.347s][info][gc,phases      ] GC(1504)   Pre Evacuate Collection Set: 0.24ms
[7778.347s][info][gc,phases      ] GC(1504)   Merge Heap Roots: 0.50ms
[7778.347s][info][gc,phases      ] GC(1504)   Evacuate Collection Set: 152.69ms
[7778.347s][info][gc,phases      ] GC(1504)   Post Evacuate Collection Set: 1.00ms
[7778.347s][info][gc,phases      ] GC(1504)   Other: 0.06ms
[7778.347s][info][gc,heap        ] GC(1504) Eden regions: 568->0(570)
[7778.347s][info][gc,heap        ] GC(1504) Survivor regions: 46->44(77)
[7778.347s][info][gc,heap        ] GC(1504) Old regions: 238->245
[7778.347s][info][gc,heap        ] GC(1504) Humongous regions: 33->33
[7778.347s][info][gc,metaspace   ] GC(1504) Metaspace: 30024K(30528K)->30024K(30528K) NonClass: 24611K(24896K)->24611K(24896K) Class: 5412K(5632K)->5412K(5632K)
[7778.347s][info][gc             ] GC(1504) Pause Young (Normal) (G1 Evacuation Pause) 7062M->2556M(8192M) 154.636ms
[7778.347s][info][gc,cpu         ] GC(1504) User=1.23s Sys=0.00s Real=0.16s
..[7781.065s][info][gc,start       ] GC(1505) Pause Young (Normal) (G1 Evacuation Pause)
[7781.065s][info][gc,task        ] GC(1505) Using 8 workers of 8 for evacuation
[7781.226s][info][gc,phases      ] GC(1505)   Pre Evacuate Collection Set: 0.21ms
[7781.226s][info][gc,phases      ] GC(1505)   Merge Heap Roots: 0.50ms
[7781.226s][info][gc,phases      ] GC(1505)   Evacuate Collection Set: 159.67ms
[7781.227s][info][gc,phases      ] GC(1505)   Post Evacuate Collection Set: 0.99ms
[7781.227s][info][gc,phases      ] GC(1505)   Other: 0.06ms
[7781.227s][info][gc,heap        ] GC(1505) Eden regions: 570->0(568)
[7781.227s][info][gc,heap        ] GC(1505) Survivor regions: 44->46(77)
[7781.227s][info][gc,heap        ] GC(1505) Old regions: 245->252
[7781.227s][info][gc,heap        ] GC(1505) Humongous regions: 33->33
[7781.227s][info][gc,metaspace   ] GC(1505) Metaspace: 30024K(30528K)->30024K(30528K) NonClass: 24611K(24896K)->24611K(24896K) Class: 5412K(5632K)->5412K(5632K)
[7781.227s][info][gc             ] GC(1505) Pause Young (Normal) (G1 Evacuation Pause) 7116M->2628M(8192M) 161.568ms
[7781.227s][info][gc,cpu         ] GC(1505) User=1.28s Sys=0.00s Real=0.16s
...[7784.024s][info][gc,start       ] GC(1506) Pause Young (Normal) (G1 Evacuation Pause)
[7784.024s][info][gc,task        ] GC(1506) Using 8 workers of 8 for evacuation
[7784.175s][info][gc,phases      ] GC(1506)   Pre Evacuate Collection Set: 0.21ms
[7784.175s][info][gc,phases      ] GC(1506)   Merge Heap Roots: 0.50ms
[7784.175s][info][gc,phases      ] GC(1506)   Evacuate Collection Set: 148.95ms
[7784.175s][info][gc,phases      ] GC(1506)   Post Evacuate Collection Set: 1.04ms
[7784.175s][info][gc,phases      ] GC(1506)   Other: 0.06ms
[7784.175s][info][gc,heap        ] GC(1506) Eden regions: 568->0(570)
[7784.175s][info][gc,heap        ] GC(1506) Survivor regions: 46->44(77)
[7784.175s][info][gc,heap        ] GC(1506) Old regions: 252->260
[7784.175s][info][gc,heap        ] GC(1506) Humongous regions: 33->33
[7784.175s][info][gc,metaspace   ] GC(1506) Metaspace: 30024K(30528K)->30024K(30528K) NonClass: 24611K(24896K)->24611K(24896K) Class: 5412K(5632K)->5412K(5632K)
[7784.175s][info][gc             ] GC(1506) Pause Young (Normal) (G1 Evacuation Pause) 7172M->2672M(8192M) 150.899ms
[7784.175s][info][gc,cpu         ] GC(1506) User=1.20s Sys=0.00s Real=0.15s
...[7786.922s][info][gc,start       ] GC(1507) Pause Young (Normal) (G1 Evacuation Pause)
[7786.922s][info][gc,task        ] GC(1507) Using 8 workers of 8 for evacuation
[7787.080s][info][gc,phases      ] GC(1507)   Pre Evacuate Collection Set: 0.22ms
[7787.080s][info][gc,phases      ] GC(1507)   Merge Heap Roots: 0.53ms
[7787.080s][info][gc,phases      ] GC(1507)   Evacuate Collection Set: 155.86ms
[7787.080s][info][gc,phases      ] GC(1507)   Post Evacuate Collection Set: 1.04ms
[7787.080s][info][gc,phases      ] GC(1507)   Other: 0.07ms
[7787.080s][info][gc,heap        ] GC(1507) Eden regions: 570->0(569)
[7787.080s][info][gc,heap        ] GC(1507) Survivor regions: 44->45(77)
[7787.080s][info][gc,heap        ] GC(1507) Old regions: 260->267
[7787.080s][info][gc,heap        ] GC(1507) Humongous regions: 33->33
[7787.080s][info][gc,metaspace   ] GC(1507) Metaspace: 30024K(30528K)->30024K(30528K) NonClass: 24611K(24896K)->24611K(24896K) Class: 5412K(5632K)->5412K(5632K)
[7787.080s][info][gc             ] GC(1507) Pause Young (Normal) (G1 Evacuation Pause) 7232M->2743M(8192M) 157.856ms
[7787.080s][info][gc,cpu         ] GC(1507) User=1.25s Sys=0.00s Real=0.16s
...[7789.868s][info][gc,start       ] GC(1508) Pause Young (Normal) (G1 Evacuation Pause)
[7789.868s][info][gc,task        ] GC(1508) Using 8 workers of 8 for evacuation
[7790.022s][info][gc,phases      ] GC(1508)   Pre Evacuate Collection Set: 0.22ms
[7790.022s][info][gc,phases      ] GC(1508)   Merge Heap Roots: 0.59ms
[7790.022s][info][gc,phases      ] GC(1508)   Evacuate Collection Set: 152.40ms
[7790.022s][info][gc,phases      ] GC(1508)   Post Evacuate Collection Set: 0.99ms
[7790.022s][info][gc,phases      ] GC(1508)   Other: 0.06ms
[7790.022s][info][gc,heap        ] GC(1508) Eden regions: 569->0(571)
[7790.022s][info][gc,heap        ] GC(1508) Survivor regions: 45->43(77)
[7790.022s][info][gc,heap        ] GC(1508) Old regions: 267->274
[7790.022s][info][gc,heap        ] GC(1508) Humongous regions: 33->33
[7790.022s][info][gc,metaspace   ] GC(1508) Metaspace: 30024K(30528K)->30024K(30528K) NonClass: 24611K(24896K)->24611K(24896K) Class: 5412K(5632K)->5412K(5632K)
[7790.022s][info][gc             ] GC(1508) Pause Young (Normal) (G1 Evacuation Pause) 7295M->2782M(8192M) 154.397ms
[7790.022s][info][gc,cpu         ] GC(1508) User=1.23s Sys=0.00s Real=0.15s
...[7792.810s][info][gc,start       ] GC(1509) Pause Young (Normal) (G1 Evacuation Pause)
[7792.810s][info][gc,task        ] GC(1509) Using 8 workers of 8 for evacuation
[7792.976s][info][gc,phases      ] GC(1509)   Pre Evacuate Collection Set: 0.22ms
[7792.976s][info][gc,phases      ] GC(1509)   Merge Heap Roots: 0.53ms
[7792.976s][info][gc,phases      ] GC(1509)   Evacuate Collection Set: 164.52ms
[7792.976s][info][gc,phases      ] GC(1509)   Post Evacuate Collection Set: 1.00ms
[7792.976s][info][gc,phases      ] GC(1509)   Other: 0.06ms
[7792.976s][info][gc,heap        ] GC(1509) Eden regions: 571->0(563)
[7792.976s][info][gc,heap        ] GC(1509) Survivor regions: 43->47(77)
[7792.976s][info][gc,heap        ] GC(1509) Old regions: 274->282
[7792.976s][info][gc,heap        ] GC(1509) Humongous regions: 33->33
[7792.976s][info][gc,metaspace   ] GC(1509) Metaspace: 30024K(30528K)->30024K(30528K) NonClass: 24611K(24896K)->24611K(24896K) Class: 5412K(5632K)->5412K(5632K)
[7792.976s][info][gc             ] GC(1509) Pause Young (Normal) (G1 Evacuation Pause) 7350M->2875M(8192M) 166.472ms
[7792.976s][info][gc,cpu         ] GC(1509) User=1.32s Sys=0.00s Real=0.17s
...[7795.683s][info][gc,start       ] GC(1510) Pause Young (Normal) (G1 Evacuation Pause)
[7795.683s][info][gc,task        ] GC(1510) Using 8 workers of 8 for evacuation
[7795.837s][info][gc,phases      ] GC(1510)   Pre Evacuate Collection Set: 0.21ms
[7795.838s][info][gc,phases      ] GC(1510)   Merge Heap Roots: 0.53ms
[7795.838s][info][gc,phases      ] GC(1510)   Evacuate Collection Set: 152.59ms
[7795.838s][info][gc,phases      ] GC(1510)   Post Evacuate Collection Set: 0.99ms
[7795.838s][info][gc,phases      ] GC(1510)   Other: 0.06ms
[7795.838s][info][gc,heap        ] GC(1510) Eden regions: 563->0(562)
[7795.838s][info][gc,heap        ] GC(1510) Survivor regions: 47->44(77)
[7795.838s][info][gc,heap        ] GC(1510) Old regions: 282->289
[7795.838s][info][gc,heap        ] GC(1510) Humongous regions: 33->33
[7795.838s][info][gc,metaspace   ] GC(1510) Metaspace: 30024K(30528K)->30024K(30528K) NonClass: 24611K(24896K)->24611K(24896K) Class: 5412K(5632K)->5412K(5632K)
[7795.838s][info][gc             ] GC(1510) Pause Young (Normal) (G1 Evacuation Pause) 7379M->2904M(8192M) 154.502ms
[7795.838s][info][gc,cpu         ] GC(1510) User=1.23s Sys=0.00s Real=0.16s
...|[7798.558s][info][gc,start       ] GC(1511) Pause Young (Normal) (G1 Evacuation Pause)
[7798.558s][info][gc,task        ] GC(1511) Using 8 workers of 8 for evacuation
[7798.709s][info][gc,phases      ] GC(1511)   Pre Evacuate Collection Set: 0.20ms
[7798.709s][info][gc,phases      ] GC(1511)   Merge Heap Roots: 0.53ms
[7798.709s][info][gc,phases      ] GC(1511)   Evacuate Collection Set: 149.55ms
[7798.709s][info][gc,phases      ] GC(1511)   Post Evacuate Collection Set: 0.98ms
[7798.709s][info][gc,phases      ] GC(1511)   Other: 0.07ms
[7798.709s][info][gc,heap        ] GC(1511) Eden regions: 562->0(557)
[7798.709s][info][gc,heap        ] GC(1511) Survivor regions: 44->43(76)
[7798.709s][info][gc,heap        ] GC(1511) Old regions: 289->296
[7798.709s][info][gc,heap        ] GC(1511) Humongous regions: 33->33
[7798.709s][info][gc,metaspace   ] GC(1511) Metaspace: 30024K(30528K)->30024K(30528K) NonClass: 24611K(24896K)->24611K(24896K) Class: 5412K(5632K)->5412K(5632K)
[7798.709s][info][gc             ] GC(1511) Pause Young (Normal) (G1 Evacuation Pause) 7400M->2956M(8192M) 151.465ms
[7798.709s][info][gc,cpu         ] GC(1511) User=1.20s Sys=0.01s Real=0.15s
...[7801.437s][info][gc,start       ] GC(1512) Pause Young (Normal) (G1 Evacuation Pause)
[7801.437s][info][gc,task        ] GC(1512) Using 8 workers of 8 for evacuation
[7801.591s][info][gc,phases      ] GC(1512)   Pre Evacuate Collection Set: 0.22ms
[7801.591s][info][gc,phases      ] GC(1512)   Merge Heap Roots: 0.53ms
[7801.591s][info][gc,phases      ] GC(1512)   Evacuate Collection Set: 152.67ms
[7801.591s][info][gc,phases      ] GC(1512)   Post Evacuate Collection Set: 0.97ms
[7801.591s][info][gc,phases      ] GC(1512)   Other: 0.06ms
[7801.591s][info][gc,heap        ] GC(1512) Eden regions: 557->0(548)
[7801.591s][info][gc,heap        ] GC(1512) Survivor regions: 43->44(75)
[7801.591s][info][gc,heap        ] GC(1512) Old regions: 296->303
[7801.591s][info][gc,heap        ] GC(1512) Humongous regions: 33->33
[7801.591s][info][gc,metaspace   ] GC(1512) Metaspace: 30024K(30528K)->30024K(30528K) NonClass: 24611K(24896K)->24611K(24896K) Class: 5412K(5632K)->5412K(5632K)
[7801.591s][info][gc             ] GC(1512) Pause Young (Normal) (G1 Evacuation Pause) 7412M->3025M(8192M) 154.585ms
[7801.591s][info][gc,cpu         ] GC(1512) User=1.22s Sys=0.01s Real=0.15s
...[7804.297s][info][gc,start       ] GC(1513) Pause Young (Concurrent Start) (G1 Evacuation Pause)
[7804.297s][info][gc,task        ] GC(1513) Using 8 workers of 8 for evacuation
[7804.458s][info][gc,phases      ] GC(1513)   Pre Evacuate Collection Set: 0.25ms
[7804.458s][info][gc,phases      ] GC(1513)   Merge Heap Roots: 0.49ms
[7804.458s][info][gc,phases      ] GC(1513)   Evacuate Collection Set: 158.96ms
[7804.458s][info][gc,phases      ] GC(1513)   Post Evacuate Collection Set: 0.95ms
[7804.458s][info][gc,phases      ] GC(1513)   Other: 0.09ms
[7804.458s][info][gc,heap        ] GC(1513) Eden regions: 548->0(536)
[7804.458s][info][gc,heap        ] GC(1513) Survivor regions: 44->46(74)
[7804.458s][info][gc,heap        ] GC(1513) Old regions: 303->311
[7804.458s][info][gc,heap        ] GC(1513) Humongous regions: 33->33
[7804.458s][info][gc,metaspace   ] GC(1513) Metaspace: 30024K(30528K)->30024K(30528K) NonClass: 24611K(24896K)->24611K(24896K) Class: 5412K(5632K)->5412K(5632K)
[7804.458s][info][gc             ] GC(1513) Pause Young (Concurrent Start) (G1 Evacuation Pause) 7409M->3098M(8192M) 160.858ms
[7804.458s][info][gc             ] GC(1514) Concurrent Mark Cycle
[7804.458s][info][gc,marking     ] GC(1514) Concurrent Scan Root Regions
[7804.458s][info][gc,cpu         ] GC(1513) User=1.27s Sys=0.00s Real=0.16s
[7804.914s][info][gc,marking     ] GC(1514) Concurrent Scan Root Regions 455.777ms
[7804.914s][info][gc,marking     ] GC(1514) Concurrent Mark
[7804.914s][info][gc,marking     ] GC(1514) Concurrent Mark From Roots
[7804.914s][info][gc,task        ] GC(1514) Using 2 workers of 2 for marking
..[7806.314s][info][gc,marking     ] GC(1514) Concurrent Mark From Roots 1400.047ms
[7806.314s][info][gc,marking     ] GC(1514) Concurrent Preclean
[7806.314s][info][gc,marking     ] GC(1514) Concurrent Preclean 0.092ms
[7806.314s][info][gc,start       ] GC(1514) Pause Remark
[7806.317s][info][gc             ] GC(1514) Pause Remark 5330M->4746M(8192M) 2.766ms
[7806.317s][info][gc,cpu         ] GC(1514) User=0.02s Sys=0.00s Real=0.00s
[7806.317s][info][gc,marking     ] GC(1514) Concurrent Mark 1403.245ms
[7806.317s][info][gc,marking     ] GC(1514) Concurrent Rebuild Remembered Sets and Scrub Regions
[7807.055s][info][gc,marking     ] GC(1514) Concurrent Rebuild Remembered Sets and Scrub Regions 738.140ms
[7807.055s][info][gc,start       ] GC(1514) Pause Cleanup
[7807.056s][info][gc             ] GC(1514) Pause Cleanup 5750M->5750M(8192M) 0.269ms
[7807.056s][info][gc,cpu         ] GC(1514) User=0.00s Sys=0.00s Real=0.00s
[7807.056s][info][gc,marking     ] GC(1514) Concurrent Clear Claimed Marks
[7807.056s][info][gc,marking     ] GC(1514) Concurrent Clear Claimed Marks 0.044ms
[7807.056s][info][gc,marking     ] GC(1514) Concurrent Cleanup for Next Mark
[7807.066s][info][gc,marking     ] GC(1514) Concurrent Cleanup for Next Mark 10.341ms
[7807.066s][info][gc             ] GC(1514) Concurrent Mark Cycle 2608.288ms
.[7807.750s][info][gc,start       ] GC(1515) Pause Young (Prepare Mixed) (G1 Evacuation Pause)
[7807.750s][info][gc,task        ] GC(1515) Using 8 workers of 8 for evacuation
[7807.900s][info][gc,phases      ] GC(1515)   Pre Evacuate Collection Set: 0.24ms
[7807.900s][info][gc,phases      ] GC(1515)   Merge Heap Roots: 0.72ms
[7807.900s][info][gc,phases      ] GC(1515)   Evacuate Collection Set: 147.77ms
[7807.900s][info][gc,phases      ] GC(1515)   Post Evacuate Collection Set: 1.06ms
[7807.900s][info][gc,phases      ] GC(1515)   Other: 0.07ms
[7807.900s][info][gc,heap        ] GC(1515) Eden regions: 536->0(572)
[7807.900s][info][gc,heap        ] GC(1515) Survivor regions: 46->42(73)
[7807.900s][info][gc,heap        ] GC(1515) Old regions: 238->246
[7807.900s][info][gc,heap        ] GC(1515) Humongous regions: 33->33
[7807.900s][info][gc,metaspace   ] GC(1515) Metaspace: 30024K(30528K)->30024K(30528K) NonClass: 24611K(24896K)->24611K(24896K) Class: 5412K(5632K)->5412K(5632K)
[7807.900s][info][gc             ] GC(1515) Pause Young (Prepare Mixed) (G1 Evacuation Pause) 6802M->2547M(8192M) 149.987ms
[7807.900s][info][gc,cpu         ] GC(1515) User=1.18s Sys=0.00s Real=0.15s
...[7810.798s][info][gc,start       ] GC(1516) Pause Young (Mixed) (G1 Evacuation Pause)
[7810.798s][info][gc,task        ] GC(1516) Using 8 workers of 8 for evacuation
[7810.956s][info][gc,phases      ] GC(1516)   Pre Evacuate Collection Set: 0.26ms
[7810.956s][info][gc,phases      ] GC(1516)   Merge Heap Roots: 0.79ms
[7810.956s][info][gc,phases      ] GC(1516)   Evacuate Collection Set: 155.93ms
[7810.956s][info][gc,phases      ] GC(1516)   Post Evacuate Collection Set: 1.21ms
[7810.956s][info][gc,phases      ] GC(1516)   Other: 0.08ms
[7810.956s][info][gc,heap        ] GC(1516) Eden regions: 572->0(572)
[7810.956s][info][gc,heap        ] GC(1516) Survivor regions: 42->42(77)
[7810.956s][info][gc,heap        ] GC(1516) Old regions: 246->151
[7810.956s][info][gc,heap        ] GC(1516) Humongous regions: 33->33
[7810.956s][info][gc,metaspace   ] GC(1516) Metaspace: 30024K(30528K)->30024K(30528K) NonClass: 24611K(24896K)->24611K(24896K) Class: 5412K(5632K)->5412K(5632K)
