Done; will start GCs... 
[68.926s][info][gc,metaspace] GC(14) Metaspace: 62636K(69952K)->62636K(69952K) NonClass: 46467K(49536K)->46467K(49536K) Class: 16169K(20416K)->16169K(20416K)
[68.926s][info][gc          ] GC(14) Pause Full (System.gc()) 803M->789M(6144M) 694.626ms
[69.571s][info][gc,metaspace] GC(15) Metaspace: 62636K(69952K)->62636K(69952K) NonClass: 46467K(49536K)->46467K(49536K) Class: 16169K(20416K)->16169K(20416K)
[69.571s][info][gc          ] GC(15) Pause Full (System.gc()) 789M->789M(6144M) 645.190ms
[70.220s][info][gc,metaspace] GC(16) Metaspace: 62636K(69952K)->62636K(69952K) NonClass: 46467K(49536K)->46467K(49536K) Class: 16169K(20416K)->16169K(20416K)
[70.221s][info][gc          ] GC(16) Pause Full (System.gc()) 789M->789M(6144M) 649.323ms
[70.879s][info][gc,metaspace] GC(17) Metaspace: 62636K(69952K)->62636K(69952K) NonClass: 46467K(49536K)->46467K(49536K) Class: 16169K(20416K)->16169K(20416K)
[70.879s][info][gc          ] GC(17) Pause Full (System.gc()) 789M->789M(6144M) 657.976ms
[71.486s][info][gc,metaspace] GC(18) Metaspace: 62636K(69952K)->62636K(69952K) NonClass: 46467K(49536K)->46467K(49536K) Class: 16169K(20416K)->16169K(20416K)
[71.486s][info][gc          ] GC(18) Pause Full (System.gc()) 789M->789M(6144M) 607.248ms
[72.104s][info][gc,metaspace] GC(19) Metaspace: 62636K(69952K)->62636K(69952K) NonClass: 46467K(49536K)->46467K(49536K) Class: 16169K(20416K)->16169K(20416K)
[72.104s][info][gc          ] GC(19) Pause Full (System.gc()) 789M->789M(6144M) 618.030ms
[72.752s][info][gc,metaspace] GC(20) Metaspace: 62636K(69952K)->62636K(69952K) NonClass: 46467K(49536K)->46467K(49536K) Class: 16169K(20416K)->16169K(20416K)
[72.752s][info][gc          ] GC(20) Pause Full (System.gc()) 789M->789M(6144M) 648.126ms
[73.384s][info][gc,metaspace] GC(21) Metaspace: 62636K(69952K)->62636K(69952K) NonClass: 46467K(49536K)->46467K(49536K) Class: 16169K(20416K)->16169K(20416K)
[73.384s][info][gc          ] GC(21) Pause Full (System.gc()) 789M->789M(6144M) 631.682ms
[74.051s][info][gc,metaspace] GC(22) Metaspace: 62636K(69952K)->62636K(69952K) NonClass: 46467K(49536K)->46467K(49536K) Class: 16169K(20416K)->16169K(20416K)
[74.051s][info][gc          ] GC(22) Pause Full (System.gc()) 789M->789M(6144M) 667.217ms
[74.653s][info][gc,metaspace] GC(23) Metaspace: 62636K(69952K)->62636K(69952K) NonClass: 46467K(49536K)->46467K(49536K) Class: 16169K(20416K)->16169K(20416K)
[74.653s][info][gc          ] GC(23) Pause Full (System.gc()) 789M->789M(6144M) 601.418ms
[75.275s][info][gc,metaspace] GC(24) Metaspace: 62636K(69952K)->62636K(69952K) NonClass: 46467K(49536K)->46467K(49536K) Class: 16169K(20416K)->16169K(20416K)
[75.275s][info][gc          ] GC(24) Pause Full (System.gc()) 789M->789M(6144M) 621.844ms
[75.905s][info][gc,metaspace] GC(25) Metaspace: 62636K(69952K)->62636K(69952K) NonClass: 46467K(49536K)->46467K(49536K) Class: 16169K(20416K)->16169K(20416K)
[75.905s][info][gc          ] GC(25) Pause Full (System.gc()) 789M->789M(6144M) 630.316ms
[76.512s][info][gc,metaspace] GC(26) Metaspace: 62636K(69952K)->62636K(69952K) NonClass: 46467K(49536K)->46467K(49536K) Class: 16169K(20416K)->16169K(20416K)
[76.512s][info][gc          ] GC(26) Pause Full (System.gc()) 789M->789M(6144M) 606.496ms
[77.130s][info][gc,metaspace] GC(27) Metaspace: 62636K(69952K)->62636K(69952K) NonClass: 46467K(49536K)->46467K(49536K) Class: 16169K(20416K)->16169K(20416K)
[77.130s][info][gc          ] GC(27) Pause Full (System.gc()) 789M->789M(6144M) 618.114ms
[77.750s][info][gc,metaspace] GC(28) Metaspace: 62636K(69952K)->62636K(69952K) NonClass: 46467K(49536K)->46467K(49536K) Class: 16169K(20416K)->16169K(20416K)
[77.750s][info][gc          ] GC(28) Pause Full (System.gc()) 789M->789M(6144M) 619.425ms
[78.391s][info][gc,metaspace] GC(29) Metaspace: 62636K(69952K)->62636K(69952K) NonClass: 46467K(49536K)->46467K(49536K) Class: 16169K(20416K)->16169K(20416K)
[78.391s][info][gc          ] GC(29) Pause Full (System.gc()) 789M->789M(6144M) 641.123ms
[79.020s][info][gc,metaspace] GC(30) Metaspace: 62636K(69952K)->62636K(69952K) NonClass: 46467K(49536K)->46467K(49536K) Class: 16169K(20416K)->16169K(20416K)
[79.020s][info][gc          ] GC(30) Pause Full (System.gc()) 789M->789M(6144M) 625.211ms
[79.642s][info][gc,metaspace] GC(31) Metaspace: 62636K(69952K)->62636K(69952K) NonClass: 46467K(49536K)->46467K(49536K) Class: 16169K(20416K)->16169K(20416K)
[79.642s][info][gc          ] GC(31) Pause Full (System.gc()) 789M->789M(6144M) 621.953ms
[80.267s][info][gc,metaspace] GC(32) Metaspace: 62636K(69952K)->62636K(69952K) NonClass: 46467K(49536K)->46467K(49536K) Class: 16169K(20416K)->16169K(20416K)
[80.267s][info][gc          ] GC(32) Pause Full (System.gc()) 789M->789M(6144M) 624.921ms
[80.909s][info][gc,metaspace] GC(33) Metaspace: 62636K(69952K)->62636K(69952K) NonClass: 46467K(49536K)->46467K(49536K) Class: 16169K(20416K)->16169K(20416K)
[80.909s][info][gc          ] GC(33) Pause Full (System.gc()) 789M->789M(6144M) 641.441ms
[81.552s][info][gc,metaspace] GC(34) Metaspace: 62636K(69952K)->62636K(69952K) NonClass: 46467K(49536K)->46467K(49536K) Class: 16169K(20416K)->16169K(20416K)
[81.552s][info][gc          ] GC(34) Pause Full (System.gc()) 789M->789M(6144M) 643.203ms
[82.172s][info][gc,metaspace] GC(35) Metaspace: 62636K(69952K)->62636K(69952K) NonClass: 46467K(49536K)->46467K(49536K) Class: 16169K(20416K)->16169K(20416K)
[82.172s][info][gc          ] GC(35) Pause Full (System.gc()) 789M->789M(6144M) 619.615ms
[82.804s][info][gc,metaspace] GC(36) Metaspace: 62636K(69952K)->62636K(69952K) NonClass: 46467K(49536K)->46467K(49536K) Class: 16169K(20416K)->16169K(20416K)
[82.804s][info][gc          ] GC(36) Pause Full (System.gc()) 789M->789M(6144M) 631.948ms
[83.489s][info][gc,metaspace] GC(37) Metaspace: 62636K(69952K)->62636K(69952K) NonClass: 46467K(49536K)->46467K(49536K) Class: 16169K(20416K)->16169K(20416K)
[83.489s][info][gc          ] GC(37) Pause Full (System.gc()) 789M->789M(6144M) 685.395ms
[84.117s][info][gc,metaspace] GC(38) Metaspace: 62636K(69952K)->62636K(69952K) NonClass: 46467K(49536K)->46467K(49536K) Class: 16169K(20416K)->16169K(20416K)
[84.117s][info][gc          ] GC(38) Pause Full (System.gc()) 789M->789M(6144M) 623.224ms
[84.779s][info][gc,metaspace] GC(39) Metaspace: 62636K(69952K)->62636K(69952K) NonClass: 46467K(49536K)->46467K(49536K) Class: 16169K(20416K)->16169K(20416K)
[84.779s][info][gc          ] GC(39) Pause Full (System.gc()) 789M->789M(6144M) 661.819ms
[85.402s][info][gc,metaspace] GC(40) Metaspace: 62636K(69952K)->62636K(69952K) NonClass: 46467K(49536K)->46467K(49536K) Class: 16169K(20416K)->16169K(20416K)
[85.402s][info][gc          ] GC(40) Pause Full (System.gc()) 789M->789M(6144M) 622.845ms
[86.088s][info][gc,metaspace] GC(41) Metaspace: 62636K(69952K)->62636K(69952K) NonClass: 46467K(49536K)->46467K(49536K) Class: 16169K(20416K)->16169K(20416K)
[86.088s][info][gc          ] GC(41) Pause Full (System.gc()) 789M->789M(6144M) 686.209ms
[86.709s][info][gc,metaspace] GC(42) Metaspace: 62636K(69952K)->62636K(69952K) NonClass: 46467K(49536K)->46467K(49536K) Class: 16169K(20416K)->16169K(20416K)
[86.709s][info][gc          ] GC(42) Pause Full (System.gc()) 789M->789M(6144M) 620.294ms
[87.350s][info][gc,metaspace] GC(43) Metaspace: 62636K(69952K)->62636K(69952K) NonClass: 46467K(49536K)->46467K(49536K) Class: 16169K(20416K)->16169K(20416K)
[87.350s][info][gc          ] GC(43) Pause Full (System.gc()) 789M->789M(6144M) 641.515ms
[88.013s][info][gc,metaspace] GC(44) Metaspace: 62636K(69952K)->62636K(69952K) NonClass: 46467K(49536K)->46467K(49536K) Class: 16169K(20416K)->16169K(20416K)
[88.013s][info][gc          ] GC(44) Pause Full (System.gc()) 789M->789M(6144M) 662.856ms
[88.655s][info][gc,metaspace] GC(45) Metaspace: 62636K(69952K)->62636K(69952K) NonClass: 46467K(49536K)->46467K(49536K) Class: 16169K(20416K)->16169K(20416K)
[88.655s][info][gc          ] GC(45) Pause Full (System.gc()) 789M->789M(6144M) 641.424ms
[89.281s][info][gc,metaspace] GC(46) Metaspace: 62636K(69952K)->62636K(69952K) NonClass: 46467K(49536K)->46467K(49536K) Class: 16169K(20416K)->16169K(20416K)
[89.282s][info][gc          ] GC(46) Pause Full (System.gc()) 789M->789M(6144M) 622.457ms
[89.933s][info][gc,metaspace] GC(47) Metaspace: 62636K(69952K)->62636K(69952K) NonClass: 46467K(49536K)->46467K(49536K) Class: 16169K(20416K)->16169K(20416K)
[89.933s][info][gc          ] GC(47) Pause Full (System.gc()) 789M->789M(6144M) 651.816ms
[90.536s][info][gc,metaspace] GC(48) Metaspace: 62636K(69952K)->62636K(69952K) NonClass: 46467K(49536K)->46467K(49536K) Class: 16169K(20416K)->16169K(20416K)
[90.536s][info][gc          ] GC(48) Pause Full (System.gc()) 789M->789M(6144M) 602.112ms
[91.176s][info][gc,metaspace] GC(49) Metaspace: 62636K(69952K)->62636K(69952K) NonClass: 46467K(49536K)->46467K(49536K) Class: 16169K(20416K)->16169K(20416K)
[91.176s][info][gc          ] GC(49) Pause Full (System.gc()) 789M->789M(6144M) 640.460ms
[91.777s][info][gc,metaspace] GC(50) Metaspace: 62636K(69952K)->62636K(69952K) NonClass: 46467K(49536K)->46467K(49536K) Class: 16169K(20416K)->16169K(20416K)
[91.777s][info][gc          ] GC(50) Pause Full (System.gc()) 789M->789M(6144M) 600.326ms
[92.419s][info][gc,metaspace] GC(51) Metaspace: 62636K(69952K)->62636K(69952K) NonClass: 46467K(49536K)->46467K(49536K) Class: 16169K(20416K)->16169K(20416K)
[92.419s][info][gc          ] GC(51) Pause Full (System.gc()) 789M->789M(6144M) 642.027ms
[93.068s][info][gc,metaspace] GC(52) Metaspace: 62636K(69952K)->62636K(69952K) NonClass: 46467K(49536K)->46467K(49536K) Class: 16169K(20416K)->16169K(20416K)
[93.068s][info][gc          ] GC(52) Pause Full (System.gc()) 789M->789M(6144M) 649.432ms
[93.695s][info][gc,metaspace] GC(53) Metaspace: 62636K(69952K)->62636K(69952K) NonClass: 46467K(49536K)->46467K(49536K) Class: 16169K(20416K)->16169K(20416K)
[93.695s][info][gc          ] GC(53) Pause Full (System.gc()) 789M->789M(6144M) 626.789ms
[94.319s][info][gc,metaspace] GC(54) Metaspace: 62636K(69952K)->62636K(69952K) NonClass: 46467K(49536K)->46467K(49536K) Class: 16169K(20416K)->16169K(20416K)
[94.319s][info][gc          ] GC(54) Pause Full (System.gc()) 789M->789M(6144M) 619.543ms
[94.956s][info][gc,metaspace] GC(55) Metaspace: 62636K(69952K)->62636K(69952K) NonClass: 46467K(49536K)->46467K(49536K) Class: 16169K(20416K)->16169K(20416K)
[94.956s][info][gc          ] GC(55) Pause Full (System.gc()) 789M->789M(6144M) 637.156ms
[95.567s][info][gc,metaspace] GC(56) Metaspace: 62636K(69952K)->62636K(69952K) NonClass: 46467K(49536K)->46467K(49536K) Class: 16169K(20416K)->16169K(20416K)
[95.568s][info][gc          ] GC(56) Pause Full (System.gc()) 789M->789M(6144M) 611.252ms
[96.176s][info][gc,metaspace] GC(57) Metaspace: 62636K(69952K)->62636K(69952K) NonClass: 46467K(49536K)->46467K(49536K) Class: 16169K(20416K)->16169K(20416K)
[96.176s][info][gc          ] GC(57) Pause Full (System.gc()) 789M->789M(6144M) 608.335ms
[96.812s][info][gc,metaspace] GC(58) Metaspace: 62636K(69952K)->62636K(69952K) NonClass: 46467K(49536K)->46467K(49536K) Class: 16169K(20416K)->16169K(20416K)
[96.812s][info][gc          ] GC(58) Pause Full (System.gc()) 789M->789M(6144M) 636.424ms
[97.451s][info][gc,metaspace] GC(59) Metaspace: 62636K(69952K)->62636K(69952K) NonClass: 46467K(49536K)->46467K(49536K) Class: 16169K(20416K)->16169K(20416K)
[97.451s][info][gc          ] GC(59) Pause Full (System.gc()) 789M->789M(6144M) 638.930ms
[98.085s][info][gc,metaspace] GC(60) Metaspace: 62636K(69952K)->62636K(69952K) NonClass: 46467K(49536K)->46467K(49536K) Class: 16169K(20416K)->16169K(20416K)
[98.085s][info][gc          ] GC(60) Pause Full (System.gc()) 789M->789M(6144M) 633.476ms
[98.729s][info][gc,metaspace] GC(61) Metaspace: 62636K(69952K)->62636K(69952K) NonClass: 46467K(49536K)->46467K(49536K) Class: 16169K(20416K)->16169K(20416K)
[98.729s][info][gc          ] GC(61) Pause Full (System.gc()) 789M->789M(6144M) 644.362ms
[99.332s][info][gc,metaspace] GC(62) Metaspace: 62636K(69952K)->62636K(69952K) NonClass: 46467K(49536K)->46467K(49536K) Class: 16169K(20416K)->16169K(20416K)
[99.333s][info][gc          ] GC(62) Pause Full (System.gc()) 789M->789M(6144M) 602.942ms
[99.961s][info][gc,metaspace] GC(63) Metaspace: 62636K(69952K)->62636K(69952K) NonClass: 46467K(49536K)->46467K(49536K) Class: 16169K(20416K)->16169K(20416K)
[99.961s][info][gc          ] GC(63) Pause Full (System.gc()) 789M->789M(6144M) 628.274ms
[100.620s][info][gc,metaspace] GC(64) Metaspace: 62636K(69952K)->62636K(69952K) NonClass: 46467K(49536K)->46467K(49536K) Class: 16169K(20416K)->16169K(20416K)
[100.620s][info][gc          ] GC(64) Pause Full (System.gc()) 789M->789M(6144M) 658.795ms
[101.301s][info][gc,metaspace] GC(65) Metaspace: 62636K(69952K)->62636K(69952K) NonClass: 46467K(49536K)->46467K(49536K) Class: 16169K(20416K)->16169K(20416K)
[101.301s][info][gc          ] GC(65) Pause Full (System.gc()) 789M->789M(6144M) 681.455ms
[101.932s][info][gc,metaspace] GC(66) Metaspace: 62636K(69952K)->62636K(69952K) NonClass: 46467K(49536K)->46467K(49536K) Class: 16169K(20416K)->16169K(20416K)
[101.932s][info][gc          ] GC(66) Pause Full (System.gc()) 789M->789M(6144M) 630.863ms
[102.560s][info][gc,metaspace] GC(67) Metaspace: 62636K(69952K)->62636K(69952K) NonClass: 46467K(49536K)->46467K(49536K) Class: 16169K(20416K)->16169K(20416K)
[102.560s][info][gc          ] GC(67) Pause Full (System.gc()) 789M->789M(6144M) 627.154ms
[103.171s][info][gc,metaspace] GC(68) Metaspace: 62636K(69952K)->62636K(69952K) NonClass: 46467K(49536K)->46467K(49536K) Class: 16169K(20416K)->16169K(20416K)
[103.171s][info][gc          ] GC(68) Pause Full (System.gc()) 789M->789M(6144M) 611.275ms
[103.804s][info][gc,metaspace] GC(69) Metaspace: 62636K(69952K)->62636K(69952K) NonClass: 46467K(49536K)->46467K(49536K) Class: 16169K(20416K)->16169K(20416K)
[103.804s][info][gc          ] GC(69) Pause Full (System.gc()) 789M->789M(6144M) 632.811ms
[104.495s][info][gc,metaspace] GC(70) Metaspace: 62636K(69952K)->62636K(69952K) NonClass: 46467K(49536K)->46467K(49536K) Class: 16169K(20416K)->16169K(20416K)
[104.495s][info][gc          ] GC(70) Pause Full (System.gc()) 789M->789M(6144M) 690.963ms
[105.110s][info][gc,metaspace] GC(71) Metaspace: 62636K(69952K)->62636K(69952K) NonClass: 46467K(49536K)->46467K(49536K) Class: 16169K(20416K)->16169K(20416K)
[105.110s][info][gc          ] GC(71) Pause Full (System.gc()) 789M->789M(6144M) 615.060ms
[105.741s][info][gc,metaspace] GC(72) Metaspace: 62636K(69952K)->62636K(69952K) NonClass: 46467K(49536K)->46467K(49536K) Class: 16169K(20416K)->16169K(20416K)
[105.741s][info][gc          ] GC(72) Pause Full (System.gc()) 789M->789M(6144M) 631.249ms
[106.379s][info][gc,metaspace] GC(73) Metaspace: 62636K(69952K)->62636K(69952K) NonClass: 46467K(49536K)->46467K(49536K) Class: 16169K(20416K)->16169K(20416K)
[106.379s][info][gc          ] GC(73) Pause Full (System.gc()) 789M->789M(6144M) 637.876ms
[107.100s][info][gc,metaspace] GC(74) Metaspace: 62636K(69952K)->62636K(69952K) NonClass: 46467K(49536K)->46467K(49536K) Class: 16169K(20416K)->16169K(20416K)
[107.100s][info][gc          ] GC(74) Pause Full (System.gc()) 789M->789M(6144M) 720.989ms
[107.735s][info][gc,metaspace] GC(75) Metaspace: 62636K(69952K)->62636K(69952K) NonClass: 46467K(49536K)->46467K(49536K) Class: 16169K(20416K)->16169K(20416K)
[107.736s][info][gc          ] GC(75) Pause Full (System.gc()) 789M->789M(6144M) 634.944ms
[108.355s][info][gc,metaspace] GC(76) Metaspace: 62636K(69952K)->62636K(69952K) NonClass: 46467K(49536K)->46467K(49536K) Class: 16169K(20416K)->16169K(20416K)
[108.355s][info][gc          ] GC(76) Pause Full (System.gc()) 789M->789M(6144M) 619.484ms
[108.986s][info][gc,metaspace] GC(77) Metaspace: 62636K(69952K)->62636K(69952K) NonClass: 46467K(49536K)->46467K(49536K) Class: 16169K(20416K)->16169K(20416K)
[108.986s][info][gc          ] GC(77) Pause Full (System.gc()) 789M->789M(6144M) 631.124ms
[109.606s][info][gc,metaspace] GC(78) Metaspace: 62636K(69952K)->62636K(69952K) NonClass: 46467K(49536K)->46467K(49536K) Class: 16169K(20416K)->16169K(20416K)
[109.606s][info][gc          ] GC(78) Pause Full (System.gc()) 789M->789M(6144M) 615.028ms
[110.208s][info][gc,metaspace] GC(79) Metaspace: 62636K(69952K)->62636K(69952K) NonClass: 46467K(49536K)->46467K(49536K) Class: 16169K(20416K)->16169K(20416K)
[110.208s][info][gc          ] GC(79) Pause Full (System.gc()) 789M->789M(6144M) 602.617ms
[110.819s][info][gc,metaspace] GC(80) Metaspace: 62636K(69952K)->62636K(69952K) NonClass: 46467K(49536K)->46467K(49536K) Class: 16169K(20416K)->16169K(20416K)
[110.819s][info][gc          ] GC(80) Pause Full (System.gc()) 789M->789M(6144M) 610.783ms
[111.430s][info][gc,metaspace] GC(81) Metaspace: 62636K(69952K)->62636K(69952K) NonClass: 46467K(49536K)->46467K(49536K) Class: 16169K(20416K)->16169K(20416K)
[111.430s][info][gc          ] GC(81) Pause Full (System.gc()) 789M->789M(6144M) 610.836ms
[112.056s][info][gc,metaspace] GC(82) Metaspace: 62636K(69952K)->62636K(69952K) NonClass: 46467K(49536K)->46467K(49536K) Class: 16169K(20416K)->16169K(20416K)
[112.057s][info][gc          ] GC(82) Pause Full (System.gc()) 789M->789M(6144M) 626.236ms
[112.676s][info][gc,metaspace] GC(83) Metaspace: 62636K(69952K)->62636K(69952K) NonClass: 46467K(49536K)->46467K(49536K) Class: 16169K(20416K)->16169K(20416K)
[112.676s][info][gc          ] GC(83) Pause Full (System.gc()) 789M->789M(6144M) 618.955ms
[113.282s][info][gc,metaspace] GC(84) Metaspace: 62636K(69952K)->62636K(69952K) NonClass: 46467K(49536K)->46467K(49536K) Class: 16169K(20416K)->16169K(20416K)
[113.282s][info][gc          ] GC(84) Pause Full (System.gc()) 789M->789M(6144M) 606.634ms
[113.966s][info][gc,metaspace] GC(85) Metaspace: 62636K(69952K)->62636K(69952K) NonClass: 46467K(49536K)->46467K(49536K) Class: 16169K(20416K)->16169K(20416K)
[113.966s][info][gc          ] GC(85) Pause Full (System.gc()) 789M->789M(6144M) 683.869ms
[114.557s][info][gc,metaspace] GC(86) Metaspace: 62636K(69952K)->62636K(69952K) NonClass: 46467K(49536K)->46467K(49536K) Class: 16169K(20416K)->16169K(20416K)
[114.557s][info][gc          ] GC(86) Pause Full (System.gc()) 789M->789M(6144M) 590.389ms
[115.159s][info][gc,metaspace] GC(87) Metaspace: 62636K(69952K)->62636K(69952K) NonClass: 46467K(49536K)->46467K(49536K) Class: 16169K(20416K)->16169K(20416K)
[115.159s][info][gc          ] GC(87) Pause Full (System.gc()) 789M->789M(6144M) 601.989ms
[115.792s][info][gc,metaspace] GC(88) Metaspace: 62636K(69952K)->62636K(69952K) NonClass: 46467K(49536K)->46467K(49536K) Class: 16169K(20416K)->16169K(20416K)
[115.792s][info][gc          ] GC(88) Pause Full (System.gc()) 789M->789M(6144M) 633.361ms
[116.405s][info][gc,metaspace] GC(89) Metaspace: 62636K(69952K)->62636K(69952K) NonClass: 46467K(49536K)->46467K(49536K) Class: 16169K(20416K)->16169K(20416K)
[116.405s][info][gc          ] GC(89) Pause Full (System.gc()) 789M->789M(6144M) 612.380ms
[117.044s][info][gc,metaspace] GC(90) Metaspace: 62636K(69952K)->62636K(69952K) NonClass: 46467K(49536K)->46467K(49536K) Class: 16169K(20416K)->16169K(20416K)
[117.044s][info][gc          ] GC(90) Pause Full (System.gc()) 789M->789M(6144M) 638.967ms
[117.684s][info][gc,metaspace] GC(91) Metaspace: 62636K(69952K)->62636K(69952K) NonClass: 46467K(49536K)->46467K(49536K) Class: 16169K(20416K)->16169K(20416K)
[117.684s][info][gc          ] GC(91) Pause Full (System.gc()) 789M->789M(6144M) 640.207ms
[118.366s][info][gc,metaspace] GC(92) Metaspace: 62636K(69952K)->62636K(69952K) NonClass: 46467K(49536K)->46467K(49536K) Class: 16169K(20416K)->16169K(20416K)
[118.366s][info][gc          ] GC(92) Pause Full (System.gc()) 789M->789M(6144M) 682.188ms
[118.983s][info][gc,metaspace] GC(93) Metaspace: 62636K(69952K)->62636K(69952K) NonClass: 46467K(49536K)->46467K(49536K) Class: 16169K(20416K)->16169K(20416K)
[118.983s][info][gc          ] GC(93) Pause Full (System.gc()) 789M->789M(6144M) 616.709ms
[119.582s][info][gc,metaspace] GC(94) Metaspace: 62636K(69952K)->62636K(69952K) NonClass: 46467K(49536K)->46467K(49536K) Class: 16169K(20416K)->16169K(20416K)
[119.587s][info][gc          ] GC(94) Pause Full (System.gc()) 789M->789M(6144M) 603.268ms
[120.227s][info][gc,metaspace] GC(95) Metaspace: 62636K(69952K)->62636K(69952K) NonClass: 46467K(49536K)->46467K(49536K) Class: 16169K(20416K)->16169K(20416K)
[120.227s][info][gc          ] GC(95) Pause Full (System.gc()) 789M->789M(6144M) 640.375ms
[120.870s][info][gc,metaspace] GC(96) Metaspace: 62636K(69952K)->62636K(69952K) NonClass: 46467K(49536K)->46467K(49536K) Class: 16169K(20416K)->16169K(20416K)
[120.871s][info][gc          ] GC(96) Pause Full (System.gc()) 789M->789M(6144M) 643.399ms
[121.509s][info][gc,metaspace] GC(97) Metaspace: 62636K(69952K)->62636K(69952K) NonClass: 46467K(49536K)->46467K(49536K) Class: 16169K(20416K)->16169K(20416K)
[121.509s][info][gc          ] GC(97) Pause Full (System.gc()) 789M->789M(6144M) 638.520ms
[122.111s][info][gc,metaspace] GC(98) Metaspace: 62636K(69952K)->62636K(69952K) NonClass: 46467K(49536K)->46467K(49536K) Class: 16169K(20416K)->16169K(20416K)
[122.111s][info][gc          ] GC(98) Pause Full (System.gc()) 789M->789M(6144M) 602.179ms
[122.741s][info][gc,metaspace] GC(99) Metaspace: 62636K(69952K)->62636K(69952K) NonClass: 46467K(49536K)->46467K(49536K) Class: 16169K(20416K)->16169K(20416K)
[122.741s][info][gc          ] GC(99) Pause Full (System.gc()) 790M->789M(6144M) 629.934ms
[123.360s][info][gc,metaspace] GC(100) Metaspace: 62636K(69952K)->62636K(69952K) NonClass: 46467K(49536K)->46467K(49536K) Class: 16169K(20416K)->16169K(20416K)
[123.360s][info][gc          ] GC(100) Pause Full (System.gc()) 789M->789M(6144M) 618.041ms
[123.974s][info][gc,metaspace] GC(101) Metaspace: 62636K(69952K)->62636K(69952K) NonClass: 46467K(49536K)->46467K(49536K) Class: 16169K(20416K)->16169K(20416K)
[123.974s][info][gc          ] GC(101) Pause Full (System.gc()) 789M->789M(6144M) 614.521ms
[124.589s][info][gc,metaspace] GC(102) Metaspace: 62636K(69952K)->62636K(69952K) NonClass: 46467K(49536K)->46467K(49536K) Class: 16169K(20416K)->16169K(20416K)
[124.589s][info][gc          ] GC(102) Pause Full (System.gc()) 789M->789M(6144M) 614.269ms
[125.198s][info][gc,metaspace] GC(103) Metaspace: 62636K(69952K)->62636K(69952K) NonClass: 46467K(49536K)->46467K(49536K) Class: 16169K(20416K)->16169K(20416K)
[125.198s][info][gc          ] GC(103) Pause Full (System.gc()) 789M->789M(6144M) 605.341ms
[125.864s][info][gc,metaspace] GC(104) Metaspace: 62636K(69952K)->62636K(69952K) NonClass: 46467K(49536K)->46467K(49536K) Class: 16169K(20416K)->16169K(20416K)
[125.864s][info][gc          ] GC(104) Pause Full (System.gc()) 789M->789M(6144M) 665.920ms
[126.513s][info][gc,metaspace] GC(105) Metaspace: 62636K(69952K)->62636K(69952K) NonClass: 46467K(49536K)->46467K(49536K) Class: 16169K(20416K)->16169K(20416K)
[126.513s][info][gc          ] GC(105) Pause Full (System.gc()) 789M->789M(6144M) 648.294ms
[127.130s][info][gc,metaspace] GC(106) Metaspace: 62636K(69952K)->62636K(69952K) NonClass: 46467K(49536K)->46467K(49536K) Class: 16169K(20416K)->16169K(20416K)
[127.130s][info][gc          ] GC(106) Pause Full (System.gc()) 789M->789M(6144M) 617.004ms
[127.768s][info][gc,metaspace] GC(107) Metaspace: 62636K(69952K)->62636K(69952K) NonClass: 46467K(49536K)->46467K(49536K) Class: 16169K(20416K)->16169K(20416K)
[127.768s][info][gc          ] GC(107) Pause Full (System.gc()) 789M->789M(6144M) 638.085ms
[128.358s][info][gc,metaspace] GC(108) Metaspace: 62636K(69952K)->62636K(69952K) NonClass: 46467K(49536K)->46467K(49536K) Class: 16169K(20416K)->16169K(20416K)
[128.359s][info][gc          ] GC(108) Pause Full (System.gc()) 789M->789M(6144M) 590.501ms
[128.972s][info][gc,metaspace] GC(109) Metaspace: 62636K(69952K)->62636K(69952K) NonClass: 46467K(49536K)->46467K(49536K) Class: 16169K(20416K)->16169K(20416K)
[128.972s][info][gc          ] GC(109) Pause Full (System.gc()) 789M->789M(6144M) 613.848ms
[129.599s][info][gc,metaspace] GC(110) Metaspace: 62636K(69952K)->62636K(69952K) NonClass: 46467K(49536K)->46467K(49536K) Class: 16169K(20416K)->16169K(20416K)
[129.599s][info][gc          ] GC(110) Pause Full (System.gc()) 789M->789M(6144M) 626.635ms
[130.188s][info][gc,metaspace] GC(111) Metaspace: 62636K(69952K)->62636K(69952K) NonClass: 46467K(49536K)->46467K(49536K) Class: 16169K(20416K)->16169K(20416K)
[130.188s][info][gc          ] GC(111) Pause Full (System.gc()) 789M->789M(6144M) 588.615ms
[130.803s][info][gc,metaspace] GC(112) Metaspace: 62636K(69952K)->62636K(69952K) NonClass: 46467K(49536K)->46467K(49536K) Class: 16169K(20416K)->16169K(20416K)
[130.803s][info][gc          ] GC(112) Pause Full (System.gc()) 789M->789M(6144M) 615.170ms
[131.431s][info][gc,metaspace] GC(113) Metaspace: 62636K(69952K)->62636K(69952K) NonClass: 46467K(49536K)->46467K(49536K) Class: 16169K(20416K)->16169K(20416K)
[131.431s][info][gc          ] GC(113) Pause Full (System.gc()) 789M->789M(6144M) 627.428ms
After GCs... 
